18-09-2026 00:29:33 [38;5;117m[DEBUG]: [0mThis is a debug message from thread 118-09-2026 00:29:33 [38;5;117m[DEBUG]: [0mThis is a debug message from thread 018-09-2026 00:29:33 [38;5;117m[DEBUG]: [0mThis is a debug message from thread 618-09-2026 00:29:33 [38;5;015m[INFO]: [0mThis is a info message from thread 018-09-2026 00:29:33 [38;5;117m[DEBUG]: [0mThis is a debug message from thread 818-09-2026 00:29:33 [38;5;117m[DEBUG]: [0mThis is a debug message from thread 1018-09-2026 00:29:33 [38;5;117m[DEBUG]: [0mThis is a debug message from thread 1118-09-2026 00:29:33 [38;5;117m[DEBUG]: [0mThis is a debug message from thread 1218-09-2026 00:29:33 [38;5;015m[INFO]: [0mThis is a info message from thread 1018-09-2026 00:29:33 [38;5;015m[INFO]: [0mThis is a info message from thread 1118-09-2026 00:29:33 [38;5;009m[ERROR]: [0mThis is a error message from thread 1018-09-2026 00:29:33 [38;5;015m[INFO]: [0mThis is a info message from thread 1218-09-2026 00:29:33 [38;5;117m[DEBUG]: [0mThis is a debug message from thread 1018-09-2026 00:29:33 [38;5;117m[DEBUG]: [0mThis is a debug message from thread 1418-09-2026 00:29:33 [38;5;015m[INFO]: [0mThis is a info message from thread 1018-09-2026 00:29:33 [38;5;117m[DEBUG]: [0mThis is a debug message from thread 1618-09-2026 00:29:33 [38;5;009m[ERROR]: [0mThis is a error message from thread 1018-09-2026 00:29:33 [38;5;117m[DEBUG]: [0mThis is a debug message from thread 1818-09-2026 00:29:33 [38;5;117m[DEBUG]: [0mThis is a debug message from thread 1018-09-2026 00:29:33 [38;5;117m[DEBUG]: [0mThis is a debug message from thread 2018-09-2026 00:29:33 [38;5;015m[INFO]: [0mThis is a info message from thread 1818-09-2026 00:29:33 [38;5;117m[DEBUG]: [0mThis is a debug message from thread 2118-09-2026 00:29:33 [38;5;009m[ERROR]: [0mThis is a error message from thread 1818-09-2026 00:29:33 [38;5;117m[DEBUG]: [0mThis is a debug message from thread 2218-09-2026 00:29:33 [38;5;015m[INFO]: [0mThis is a info message from thread 2118-09-2026 00:29:33 [38;5;117m[DEBUG]: [0mThis is a debug message from thread 2418-09-2026 00:29:33 [38;5;009m[ERROR]: [0mThis is a error message from thread 2118-09-2026 00:29:33 [38;5;015m[INFO]: [0mThis is a info message from thread 2418-09-2026 00:29:33 [38;5;117m[DEBUG]: [0mThis is a debug message from thread 2118-09-2026 00:29:33 [38;5;117m[DEBUG]: [0mThis is a debug message from thread 2818-09-2026 00:29:33 [38;5;015m[INFO]: [0mThis is a info message from thread 2118-09-2026 00:29:33 [38;5;117m[DEBUG]: [0mThis is a debug message from thread 2918-09-2026 00:29:33 [38;5;117m[DEBUG]: [0mThis is a debug message from thread 218-09-2026 00:29:33 [38;5;009m[ERROR]: [0mThis is a error message from thread 2118-09-2026 00:29:33 [38;5;015m[INFO]: [0mThis is a info message from thread 2918-09-2026 00:29:33 [38;5;015m[INFO]: [0mThis is a info message from thread 218-09-2026 00:29:33 [38;5;117m[DEBUG]: [0mThis is a debug message from thread 2118-09-2026 00:29:33 [38;5;009m[ERROR]: [0mThis is a error message from thread 218-09-2026 00:29:33 [38;5;015m[INFO]: [0mThis is a info message from thread 2118-09-2026 00:29:33 [38;5;117m[DEBUG]: [0mThis is a debug message from thread 418-09-2026 00:29:33 [38;5;117m[DEBUG]: [0mThis is a debug message from thread 218-09-2026 00:29:33 [38;5;015m[INFO]: [0mThis is a info message from thread 418-09-2026 00:29:33 [38;5;117m[DEBUG]: [0mThis is a debug message from thread 518-09-2026 00:29:33 [38;5;117m[DEBUG]: [0mThis is a debug message from thread 718-09-2026 00:29:33 [38;5;015m[INFO]: [0mThis is a info message from thread 618-09-2026 00:29:33 [38;5;015m[INFO]: [0mThis is a info message from thread 718-09-2026 00:29:33 [38;5;009m[ERROR]: [0mThis is a error message from thread 618-09-2026 00:29:33 [38;5;117m[DEBUG]: [0mThis is a debug message from thread 918-09-2026 00:29:33 [38;5;009m[ERROR]: [0mThis is a error message from thread 718-09-2026 00:29:33 [38;5;117m[DEBUG]: [0mThis is a debug message from thread 618-09-2026 00:29:33 [38;5;015m[INFO]: [0mThis is a info message from thread 918-09-2026 00:29:33 [38;5;117m[DEBUG]: [0mThis is a debug message from thread 2518-09-2026 00:29:33 [38;5;117m[DEBUG]: [0mThis is a debug message from thread 2718-09-2026 00:29:33 [38;5;015m[INFO]: [0mThis is a info message from thread 2518-09-2026 00:29:33 [38;5;015m[INFO]: [0mThis is a info message from thread 2718-09-2026 00:29:33 [38;5;009m[ERROR]: [0mThis is a error message from thread 918-09-2026 00:29:33 [38;5;009m[ERROR]: [0mThis is a error message from thread 2518-09-2026 00:29:33 [38;5;009m[ERROR]: [0mThis is a error message from thread 2718-09-2026 00:29:33 [38;5;117m[DEBUG]: [0mThis is a debug message from thread 918-09-2026 00:29:33 [38;5;117m[DEBUG]: [0mThis is a debug message from thread 2518-09-2026 00:29:33 [38;5;117m[DEBUG]: [0mThis is a debug message from thread 2718-09-2026 00:29:33 [38;5;015m[INFO]: [0mThis is a info message from thread 918-09-2026 00:29:33 [38;5;015m[INFO]: [0mThis is a info message from thread 2718-09-2026 00:29:33 [38;5;015m[INFO]: [0mThis is a info message from thread 2818-09-2026 00:29:33 [38;5;009m[ERROR]: [0mThis is a error message from thread 2718-09-2026 00:29:33 [38;5;009m[ERROR]: [0mThis is a error message from thread 2818-09-2026 00:29:33 [38;5;117m[DEBUG]: [0mThis is a debug message from thread 2718-09-2026 00:29:33 [38;5;117m[DEBUG]: [0mThis is a debug message from thread 2818-09-2026 00:29:33 [38;5;009m[ERROR]: [0mThis is a error message from thread 2118-09-2026 00:29:33 [38;5;015m[INFO]: [0mThis is a info message from thread 2818-09-2026 00:29:33 [38;5;117m[DEBUG]: [0mThis is a debug message from thread 2118-09-2026 00:29:33 [38;5;009m[ERROR]: [0mThis is a error message from thread 2818-09-2026 00:29:33 [38;5;015m[INFO]: [0mThis is a info message from thread 2118-09-2026 00:29:33 [38;5;117m[DEBUG]: [0mThis is a debug message from thread 2818-09-2026 00:29:33 [38;5;009m[ERROR]: [0mThis is a error message from thread 2118-09-2026 00:29:33 [38;5;015m[INFO]: [0mThis is a info message from thread 2818-09-2026 00:29:33 [38;5;117m[DEBUG]: [0mThis is a debug message from thread 2118-09-2026 00:29:33 [38;5;009m[ERROR]: [0mThis is a error message from thread 2818-09-2026 00:29:33 [38;5;015m[INFO]: [0mThis is a info message from thread 2118-09-2026 00:29:33 [38;5;015m[INFO]: [0mThis is a info message from thread 2718-09-2026 00:29:33 [38;5;009m[ERROR]: [0mThis is a error message from thread 418-09-2026 00:29:33 [38;5;009m[ERROR]: [0mThis is a error message from thread 2718-09-2026 00:29:33 [38;5;015m[INFO]: [0mThis is a info message from thread 518-09-2026 00:29:33 [38;5;117m[DEBUG]: [0mThis is a debug message from thread 2718-09-2026 00:29:33 [38;5;117m[DEBUG]: [0mThis is a debug message from thread 718-09-2026 00:29:33 [38;5;015m[INFO]: [0mThis is a info message from thread 618-09-2026 00:29:33 [38;5;015m[INFO]: [0mThis is a info message from thread 2718-09-2026 00:29:33 [38;5;015m[INFO]: [0mThis is a info message from thread 818-09-2026 00:29:33 [38;5;009m[ERROR]: [0mThis is a error message from thread 618-09-2026 00:29:33 [38;5;117m[DEBUG]: [0mThis is a debug message from thread 1318-09-2026 00:29:33 [38;5;009m[ERROR]: [0mThis is a error message from thread 818-09-2026 00:29:33 [38;5;117m[DEBUG]: [0mThis is a debug message from thread 618-09-2026 00:29:33 [38;5;009m[ERROR]: [0mThis is a error message from thread 1118-09-2026 00:29:33 [38;5;117m[DEBUG]: [0mThis is a debug message from thread 818-09-2026 00:29:33 [38;5;009m[ERROR]: [0mThis is a error message from thread 1218-09-2026 00:29:33 [38;5;015m[INFO]: [0mThis is a info message from thread 618-09-2026 00:29:33 [38;5;015m[INFO]: [0mThis is a info message from thread 818-09-2026 00:29:33 [38;5;117m[DEBUG]: [0mThis is a debug message from thread 1518-09-2026 00:29:33 [38;5;009m[ERROR]: [0mThis is a error message from thread 618-09-2026 00:29:33 [38;5;009m[ERROR]: [0mThis is a error message from thread 818-09-2026 00:29:33 [38;5;015m[INFO]: [0mThis is a info message from thread 1518-09-2026 00:29:33 [38;5;117m[DEBUG]: [0mThis is a debug message from thread 818-09-2026 00:29:33 [38;5;009m[ERROR]: [0mThis is a error message from thread 918-09-2026 00:29:33 [38;5;117m[DEBUG]: [0mThis is a debug message from thread 2618-09-2026 00:29:33 [38;5;015m[INFO]: [0mThis is a info message from thread 818-09-2026 00:29:33 [38;5;117m[DEBUG]: [0mThis is a debug message from thread 918-09-2026 00:29:33 [38;5;009m[ERROR]: [0mThis is a error message from thread 818-09-2026 00:29:33 [38;5;117m[DEBUG]: [0mThis is a debug message from thread 2818-09-2026 00:29:33 [38;5;015m[INFO]: [0mThis is a info message from thread 918-09-2026 00:29:33 [38;5;117m[DEBUG]: [0mThis is a debug message from thread 818-09-2026 00:29:33 [38;5;015m[INFO]: [0mThis is a info message from thread 2818-09-2026 00:29:33 [38;5;015m[INFO]: [0mThis is a info message from thread 1418-09-2026 00:29:33 [38;5;117m[DEBUG]: [0mThis is a debug message from thread 1718-09-2026 00:29:33 [38;5;009m[ERROR]: [0mThis is a error message from thread 1518-09-2026 00:29:33 [38;5;015m[INFO]: [0mThis is a info message from thread 1618-09-2026 00:29:33 [38;5;117m[DEBUG]: [0mThis is a debug message from thread 1918-09-2026 00:29:33 [38;5;015m[INFO]: [0mThis is a info message from thread 2018-09-2026 00:29:33 [38;5;117m[DEBUG]: [0mThis is a debug message from thread 2318-09-2026 00:29:33 [38;5;015m[INFO]: [0mThis is a info message from thread 2518-09-2026 00:29:33 [38;5;117m[DEBUG]: [0mThis is a debug message from thread 1818-09-2026 00:29:33 [38;5;009m[ERROR]: [0mThis is a error message from thread 2418-09-2026 00:29:33 [38;5;009m[ERROR]: [0mThis is a error message from thread 918-09-2026 00:29:33 [38;5;117m[DEBUG]: [0mThis is a debug message from thread 2418-09-2026 00:29:33 [38;5;009m[ERROR]: [0mThis is a error message from thread 2818-09-2026 00:29:33 [38;5;015m[INFO]: [0mThis is a info message from thread 2218-09-2026 00:29:33 [38;5;015m[INFO]: [0mThis is a info message from thread 2418-09-2026 00:29:33 [38;5;117m[DEBUG]: [0mThis is a debug message from thread 2818-09-2026 00:29:33 [38;5;009m[ERROR]: [0mThis is a error message from thread 2218-09-2026 00:29:33 [38;5;015m[INFO]: [0mThis is a info message from thread 2818-09-2026 00:29:33 [38;5;117m[DEBUG]: [0mThis is a debug message from thread 2218-09-2026 00:29:33 [38;5;009m[ERROR]: [0mThis is a error message from thread 2818-09-2026 00:29:33 [38;5;015m[INFO]: [0mThis is a info message from thread 2218-09-2026 00:29:33 [38;5;117m[DEBUG]: [0mThis is a debug message from thread 2818-09-2026 00:29:33 [38;5;009m[ERROR]: [0mThis is a error message from thread 2218-09-2026 00:29:33 [38;5;015m[INFO]: [0mThis is a info message from thread 2818-09-2026 00:29:33 [38;5;117m[DEBUG]: [0mThis is a debug message from thread 2218-09-2026 00:29:33 [38;5;015m[INFO]: [0mThis is a info message from thread 218-09-2026 00:29:33 [38;5;009m[ERROR]: [0mThis is a error message from thread 2818-09-2026 00:29:33 [38;5;015m[INFO]: [0mThis is a info message from thread 2218-09-2026 00:29:33 [38;5;015m[INFO]: [0mThis is a info message from thread 118-09-2026 00:29:33 [38;5;117m[DEBUG]: [0mThis is a debug message from thread 418-09-2026 00:29:33 [38;5;009m[ERROR]: [0mThis is a error message from thread 518-09-2026 00:29:33 [38;5;009m[ERROR]: [0mThis is a error message from thread 118-09-2026 00:29:33 [38;5;117m[DEBUG]: [0mThis is a debug message from thread 518-09-2026 00:29:33 [38;5;015m[INFO]: [0mThis is a info message from thread 418-09-2026 00:29:33 [38;5;009m[ERROR]: [0mThis is a error message from thread 018-09-2026 00:29:33 [38;5;009m[ERROR]: [0mThis is a error message from thread 418-09-2026 00:29:33 [38;5;015m[INFO]: [0mThis is a info message from thread 718-09-2026 00:29:33 [38;5;009m[ERROR]: [0mThis is a error message from thread 2718-09-2026 00:29:33 [38;5;117m[DEBUG]: [0mThis is a debug message from thread 418-09-2026 00:29:33 [38;5;117m[DEBUG]: [0mThis is a debug message from thread 2718-09-2026 00:29:33 [38;5;015m[INFO]: [0mThis is a info message from thread 418-09-2026 00:29:33 [38;5;009m[ERROR]: [0mThis is a error message from thread 2918-09-2026 00:29:33 [38;5;015m[INFO]: [0mThis is a info message from thread 1718-09-2026 00:29:33 [38;5;009m[ERROR]: [0mThis is a error message from thread 418-09-2026 00:29:33 [38;5;009m[ERROR]: [0mThis is a error message from thread 1718-09-2026 00:29:33 [38;5;009m[ERROR]: [0mThis is a error message from thread 1418-09-2026 00:29:33 [38;5;117m[DEBUG]: [0mThis is a debug message from thread 1718-09-2026 00:29:33 [38;5;117m[DEBUG]: [0mThis is a debug message from thread 418-09-2026 00:29:33 [38;5;117m[DEBUG]: [0mThis is a debug message from thread 1418-09-2026 00:29:33 [38;5;117m[DEBUG]: [0mThis is a debug message from thread 2818-09-2026 00:29:33 [38;5;015m[INFO]: [0mThis is a info message from thread 1718-09-2026 00:29:33 [38;5;015m[INFO]: [0mThis is a info message from thread 1418-09-2026 00:29:33 [38;5;015m[INFO]: [0mThis is a info message from thread 2818-09-2026 00:29:33 [38;5;009m[ERROR]: [0mThis is a error message from thread 1718-09-2026 00:29:33 [38;5;009m[ERROR]: [0mThis is a error message from thread 1418-09-2026 00:29:33 [38;5;117m[DEBUG]: [0mThis is a debug message from thread 318-09-2026 00:29:33 [38;5;117m[DEBUG]: [0mThis is a debug message from thread 1718-09-2026 00:29:33 [38;5;009m[ERROR]: [0mThis is a error message from thread 1618-09-2026 00:29:33 [38;5;015m[INFO]: [0mThis is a info message from thread 318-09-2026 00:29:33 [38;5;015m[INFO]: [0mThis is a info message from thread 2318-09-2026 00:29:33 [38;5;015m[INFO]: [0mThis is a info message from thread 1718-09-2026 00:29:33 [38;5;009m[ERROR]: [0mThis is a error message from thread 318-09-2026 00:29:33 [38;5;009m[ERROR]: [0mThis is a error message from thread 1718-09-2026 00:29:33 [38;5;009m[ERROR]: [0mThis is a error message from thread 2018-09-2026 00:29:33 [38;5;117m[DEBUG]: [0mThis is a debug message from thread 318-09-2026 00:29:33 [38;5;015m[INFO]: [0mThis is a info message from thread 1918-09-2026 00:29:33 [38;5;015m[INFO]: [0mThis is a info message from thread 1818-09-2026 00:29:33 [38;5;009m[ERROR]: [0mThis is a error message from thread 1918-09-2026 00:29:33 [38;5;009m[ERROR]: [0mThis is a error message from thread 1818-09-2026 00:29:33 [38;5;117m[DEBUG]: [0mThis is a debug message from thread 1918-09-2026 00:29:33 [38;5;009m[ERROR]: [0mThis is a error message from thread 218-09-2026 00:29:33 [38;5;009m[ERROR]: [0mThis is a error message from thread 2218-09-2026 00:29:33 [38;5;015m[INFO]: [0mThis is a info message from thread 1918-09-2026 00:29:33 [38;5;015m[INFO]: [0mThis is a info message from thread 518-09-2026 00:29:33 [38;5;117m[DEBUG]: [0mThis is a debug message from thread 218-09-2026 00:29:33 [38;5;009m[ERROR]: [0mThis is a error message from thread 1918-09-2026 00:29:33 [38;5;015m[INFO]: [0mThis is a info message from thread 1318-09-2026 00:29:33 [38;5;015m[INFO]: [0mThis is a info message from thread 218-09-2026 00:29:33 [38;5;015m[INFO]: [0mThis is a info message from thread 1018-09-2026 00:29:33 [38;5;117m[DEBUG]: [0mThis is a debug message from thread 1918-09-2026 00:29:33 [38;5;009m[ERROR]: [0mThis is a error message from thread 1318-09-2026 00:29:33 [38;5;009m[ERROR]: [0mThis is a error message from thread 1018-09-2026 00:29:33 [38;5;009m[ERROR]: [0mThis is a error message from thread 218-09-2026 00:29:33 [38;5;015m[INFO]: [0mThis is a info message from thread 1918-09-2026 00:29:33 [38;5;117m[DEBUG]: [0mThis is a debug message from thread 1318-09-2026 00:29:33 [38;5;015m[INFO]: [0mThis is a info message from thread 1318-09-2026 00:29:33 [38;5;009m[ERROR]: [0mThis is a error message from thread 1918-09-2026 00:29:33 [38;5;117m[DEBUG]: [0mThis is a debug message from thread 1018-09-2026 00:29:33 [38;5;117m[DEBUG]: [0mThis is a debug message from thread 1218-09-2026 00:29:33 [38;5;009m[ERROR]: [0mThis is a error message from thread 1318-09-2026 00:29:33 [38;5;117m[DEBUG]: [0mThis is a debug message from thread 1918-09-2026 00:29:33 [38;5;015m[INFO]: [0mThis is a info message from thread 1218-09-2026 00:29:33 [38;5;117m[DEBUG]: [0mThis is a debug message from thread 1518-09-2026 00:29:33 [38;5;015m[INFO]: [0mThis is a info message from thread 2618-09-2026 00:29:33 [38;5;009m[ERROR]: [0mThis is a error message from thread 1218-09-2026 00:29:33 [38;5;015m[INFO]: [0mThis is a info message from thread 1518-09-2026 00:29:33 [38;5;009m[ERROR]: [0mThis is a error message from thread 2818-09-2026 00:29:33 [38;5;117m[DEBUG]: [0mThis is a debug message from thread 1218-09-2026 00:29:33 [38;5;009m[ERROR]: [0mThis is a error message from thread 1518-09-2026 00:29:33 [38;5;117m[DEBUG]: [0mThis is a debug message from thread 2818-09-2026 00:29:33 [38;5;117m[DEBUG]: [0mThis is a debug message from thread 1518-09-2026 00:29:33 [38;5;117m[DEBUG]: [0mThis is a debug message from thread 1418-09-2026 00:29:33 [38;5;015m[INFO]: [0mThis is a info message from thread 2818-09-2026 00:29:33 [38;5;015m[INFO]: [0mThis is a info message from thread 1518-09-2026 00:29:33 [38;5;009m[ERROR]: [0mThis is a error message from thread 2818-09-2026 00:29:33 [38;5;117m[DEBUG]: [0mThis is a debug message from thread 1618-09-2026 00:29:33 [38;5;117m[DEBUG]: [0mThis is a debug message from thread 2818-09-2026 00:29:33 [38;5;009m[ERROR]: [0mThis is a error message from thread 2318-09-2026 00:29:33 [38;5;015m[INFO]: [0mThis is a info message from thread 1618-09-2026 00:29:33 [38;5;015m[INFO]: [0mThis is a info message from thread 2818-09-2026 00:29:33 [38;5;117m[DEBUG]: [0mThis is a debug message from thread 2318-09-2026 00:29:33 [38;5;009m[ERROR]: [0mThis is a error message from thread 1618-09-2026 00:29:33 [38;5;009m[ERROR]: [0mThis is a error message from thread 2818-09-2026 00:29:33 [38;5;015m[INFO]: [0mThis is a info message from thread 2318-09-2026 00:29:33 [38;5;117m[DEBUG]: [0mThis is a debug message from thread 1618-09-2026 00:29:33 [38;5;117m[DEBUG]: [0mThis is a debug message from thread 2818-09-2026 00:29:33 [38;5;009m[ERROR]: [0mThis is a error message from thread 2318-09-2026 00:29:33 [38;5;015m[INFO]: [0mThis is a info message from thread 1618-09-2026 00:29:33 [38;5;117m[DEBUG]: [0mThis is a debug message from thread 2318-09-2026 00:29:33 [38;5;009m[ERROR]: [0mThis is a error message from thread 1618-09-2026 00:29:33 [38;5;117m[DEBUG]: [0mThis is a debug message from thread 1718-09-2026 00:29:33 [38;5;015m[INFO]: [0mThis is a info message from thread 2318-09-2026 00:29:33 [38;5;015m[INFO]: [0mThis is a info message from thread 1718-09-2026 00:29:33 [38;5;009m[ERROR]: [0mThis is a error message from thread 2318-09-2026 00:29:33 [38;5;009m[ERROR]: [0mThis is a error message from thread 1718-09-2026 00:29:33 [38;5;117m[DEBUG]: [0mThis is a debug message from thread 2318-09-2026 00:29:33 [38;5;117m[DEBUG]: [0mThis is a debug message from thread 1618-09-2026 00:29:33 [38;5;015m[INFO]: [0mThis is a info message from thread 2318-09-2026 00:29:33 [38;5;117m[DEBUG]: [0mThis is a debug message from thread 2018-09-2026 00:29:33 [38;5;015m[INFO]: [0mThis is a info message from thread 2018-09-2026 00:29:33 [38;5;009m[ERROR]: [0mThis is a error message from thread 2318-09-2026 00:29:33 [38;5;015m[INFO]: [0mThis is a info message from thread 318-09-2026 00:29:33 [38;5;009m[ERROR]: [0mThis is a error message from thread 2018-09-2026 00:29:33 [38;5;009m[ERROR]: [0mThis is a error message from thread 318-09-2026 00:29:33 [38;5;117m[DEBUG]: [0mThis is a debug message from thread 918-09-2026 00:29:33 [38;5;117m[DEBUG]: [0mThis is a debug message from thread 2018-09-2026 00:29:33 [38;5;015m[INFO]: [0mThis is a info message from thread 918-09-2026 00:29:33 [38;5;009m[ERROR]: [0mThis is a error message from thread 2418-09-2026 00:29:33 [38;5;009m[ERROR]: [0mThis is a error message from thread 918-09-2026 00:29:33 [38;5;117m[DEBUG]: [0mThis is a debug message from thread 2418-09-2026 00:29:33 [38;5;009m[ERROR]: [0mThis is a error message from thread 2118-09-2026 00:29:33 [38;5;117m[DEBUG]: [0mThis is a debug message from thread 918-09-2026 00:29:33 [38;5;117m[DEBUG]: [0mThis is a debug message from thread 018-09-2026 00:29:33 [38;5;117m[DEBUG]: [0mThis is a debug message from thread 1118-09-2026 00:29:33 [38;5;015m[INFO]: [0mThis is a info message from thread 1118-09-2026 00:29:33 [38;5;117m[DEBUG]: [0mThis is a debug message from thread 618-09-2026 00:29:33 [38;5;009m[ERROR]: [0mThis is a error message from thread 2618-09-2026 00:29:33 [38;5;009m[ERROR]: [0mThis is a error message from thread 1118-09-2026 00:29:33 [38;5;015m[INFO]: [0mThis is a info message from thread 618-09-2026 00:29:33 [38;5;117m[DEBUG]: [0mThis is a debug message from thread 2618-09-2026 00:29:33 [38;5;117m[DEBUG]: [0mThis is a debug message from thread 1118-09-2026 00:29:33 [38;5;009m[ERROR]: [0mThis is a error message from thread 718-09-2026 00:29:33 [38;5;015m[INFO]: [0mThis is a info message from thread 1118-09-2026 00:29:33 [38;5;117m[DEBUG]: [0mThis is a debug message from thread 2918-09-2026 00:29:33 [38;5;117m[DEBUG]: [0mThis is a debug message from thread 718-09-2026 00:29:33 [38;5;009m[ERROR]: [0mThis is a error message from thread 1118-09-2026 00:29:33 [38;5;015m[INFO]: [0mThis is a info message from thread 418-09-2026 00:29:33 [38;5;015m[INFO]: [0mThis is a info message from thread 2918-09-2026 00:29:33 [38;5;015m[INFO]: [0mThis is a info message from thread 1418-09-2026 00:29:33 [38;5;009m[ERROR]: [0mThis is a error message from thread 2918-09-2026 00:29:33 [38;5;009m[ERROR]: [0mThis is a error message from thread 1518-09-2026 00:29:33 [38;5;009m[ERROR]: [0mThis is a error message from thread 1418-09-2026 00:29:33 [38;5;117m[DEBUG]: [0mThis is a debug message from thread 1518-09-2026 00:29:33 [38;5;117m[DEBUG]: [0mThis is a debug message from thread 1418-09-2026 00:29:33 [38;5;015m[INFO]: [0mThis is a info message from thread 1518-09-2026 00:29:33 [38;5;015m[INFO]: [0mThis is a info message from thread 1418-09-2026 00:29:33 [38;5;009m[ERROR]: [0mThis is a error message from thread 1518-09-2026 00:29:33 [38;5;009m[ERROR]: [0mThis is a error message from thread 1418-09-2026 00:29:33 [38;5;117m[DEBUG]: [0mThis is a debug message from thread 1518-09-2026 00:29:33 [38;5;117m[DEBUG]: [0mThis is a debug message from thread 1418-09-2026 00:29:33 [38;5;015m[INFO]: [0mThis is a info message from thread 2418-09-2026 00:29:33 [38;5;015m[INFO]: [0mThis is a info message from thread 1418-09-2026 00:29:33 [38;5;015m[INFO]: [0mThis is a info message from thread 1518-09-2026 00:29:33 [38;5;009m[ERROR]: [0mThis is a error message from thread 1418-09-2026 00:29:33 [38;5;009m[ERROR]: [0mThis is a error message from thread 1518-09-2026 00:29:33 [38;5;117m[DEBUG]: [0mThis is a debug message from thread 1418-09-2026 00:29:33 [38;5;117m[DEBUG]: [0mThis is a debug message from thread 1518-09-2026 00:29:33 [38;5;015m[INFO]: [0mThis is a info message from thread 1418-09-2026 00:29:33 [38;5;015m[INFO]: [0mThis is a info message from thread 1518-09-2026 00:29:33 [38;5;009m[ERROR]: [0mThis is a error message from thread 1518-09-2026 00:29:33 [38;5;009m[ERROR]: [0mThis is a error message from thread 2418-09-2026 00:29:33 [38;5;117m[DEBUG]: [0mThis is a debug message from thread 2118-09-2026 00:29:33 [38;5;009m[ERROR]: [0mThis is a error message from thread 1418-09-2026 00:29:33 [38;5;015m[INFO]: [0mThis is a info message from thread 818-09-2026 00:29:33 [38;5;117m[DEBUG]: [0mThis is a debug message from thread 1418-09-2026 00:29:33 [38;5;009m[ERROR]: [0mThis is a error message from thread 818-09-2026 00:29:33 [38;5;117m[DEBUG]: [0mThis is a debug message from thread 1818-09-2026 00:29:33 [38;5;117m[DEBUG]: [0mThis is a debug message from thread 818-09-2026 00:29:33 [38;5;015m[INFO]: [0mThis is a info message from thread 818-09-2026 00:29:33 [38;5;009m[ERROR]: [0mThis is a error message from thread 818-09-2026 00:29:33 [38;5;117m[DEBUG]: [0mThis is a debug message from thread 118-09-2026 00:29:33 [38;5;117m[DEBUG]: [0mThis is a debug message from thread 818-09-2026 00:29:33 [38;5;015m[INFO]: [0mThis is a info message from thread 118-09-2026 00:29:33 [38;5;009m[ERROR]: [0mThis is a error message from thread 118-09-2026 00:29:33 [38;5;117m[DEBUG]: [0mThis is a debug message from thread 2218-09-2026 00:29:33 [38;5;009m[ERROR]: [0mThis is a error message from thread 518-09-2026 00:29:33 [38;5;117m[DEBUG]: [0mThis is a debug message from thread 218-09-2026 00:29:33 [38;5;015m[INFO]: [0mThis is a info message from thread 1018-09-2026 00:29:33 [38;5;015m[INFO]: [0mThis is a info message from thread 1918-09-2026 00:29:33 [38;5;015m[INFO]: [0mThis is a info message from thread 2718-09-2026 00:29:33 [38;5;117m[DEBUG]: [0mThis is a debug message from thread 1318-09-2026 00:29:33 [38;5;015m[INFO]: [0mThis is a info message from thread 818-09-2026 00:29:33 [38;5;117m[DEBUG]: [0mThis is a debug message from thread 118-09-2026 00:29:33 [38;5;009m[ERROR]: [0mThis is a error message from thread 818-09-2026 00:29:33 [38;5;015m[INFO]: [0mThis is a info message from thread 918-09-2026 00:29:33 [38;5;117m[DEBUG]: [0mThis is a debug message from thread 818-09-2026 00:29:33 [38;5;015m[INFO]: [0mThis is a info message from thread 2218-09-2026 00:29:33 [38;5;015m[INFO]: [0mThis is a info message from thread 818-09-2026 00:29:33 [38;5;009m[ERROR]: [0mThis is a error message from thread 2218-09-2026 00:29:33 [38;5;009m[ERROR]: [0mThis is a error message from thread 1018-09-2026 00:29:33 [38;5;117m[DEBUG]: [0mThis is a debug message from thread 2218-09-2026 00:29:33 [38;5;009m[ERROR]: [0mThis is a error message from thread 1918-09-2026 00:29:33 [38;5;117m[DEBUG]: [0mThis is a debug message from thread 1018-09-2026 00:29:33 [38;5;009m[ERROR]: [0mThis is a error message from thread 618-09-2026 00:29:33 [38;5;015m[INFO]: [0mThis is a info message from thread 1218-09-2026 00:29:33 [38;5;117m[DEBUG]: [0mThis is a debug message from thread 2918-09-2026 00:29:33 [38;5;015m[INFO]: [0mThis is a info message from thread 2918-09-2026 00:29:33 [38;5;015m[INFO]: [0mThis is a info message from thread 718-09-2026 00:29:33 [38;5;015m[INFO]: [0mThis is a info message from thread 2818-09-2026 00:29:33 [38;5;009m[ERROR]: [0mThis is a error message from thread 2818-09-2026 00:29:33 [38;5;117m[DEBUG]: [0mThis is a debug message from thread 1718-09-2026 00:29:33 [38;5;015m[INFO]: [0mThis is a info message from thread 1718-09-2026 00:29:33 [38;5;009m[ERROR]: [0mThis is a error message from thread 1718-09-2026 00:29:33 [38;5;117m[DEBUG]: [0mThis is a debug message from thread 1718-09-2026 00:29:33 [38;5;015m[INFO]: [0mThis is a info message from thread 2018-09-2026 00:29:33 [38;5;009m[ERROR]: [0mThis is a error message from thread 2018-09-2026 00:29:33 [38;5;117m[DEBUG]: [0mThis is a debug message from thread 2018-09-2026 00:29:33 [38;5;015m[INFO]: [0mThis is a info message from thread 2018-09-2026 00:29:33 [38;5;009m[ERROR]: [0mThis is a error message from thread 2018-09-2026 00:29:33 [38;5;117m[DEBUG]: [0mThis is a debug message from thread 2018-09-2026 00:29:33 [38;5;117m[DEBUG]: [0mThis is a debug message from thread 1118-09-2026 00:29:33 [38;5;015m[INFO]: [0mThis is a info message from thread 118-09-2026 00:29:33 [38;5;015m[INFO]: [0mThis is a info message from thread 018-09-2026 00:29:33 [38;5;009m[ERROR]: [0mThis is a error message from thread 018-09-2026 00:29:33 [38;5;117m[DEBUG]: [0mThis is a debug message from thread 518-09-2026 00:29:33 [38;5;015m[INFO]: [0mThis is a info message from thread 218-09-2026 00:29:33 [38;5;009m[ERROR]: [0mThis is a error message from thread 218-09-2026 00:29:33 [38;5;015m[INFO]: [0mThis is a info message from thread 2218-09-2026 00:29:33 [38;5;009m[ERROR]: [0mThis is a error message from thread 2218-09-2026 00:29:33 [38;5;117m[DEBUG]: [0mThis is a debug message from thread 2218-09-2026 00:29:33 [38;5;015m[INFO]: [0mThis is a info message from thread 2218-09-2026 00:29:33 [38;5;009m[ERROR]: [0mThis is a error message from thread 2218-09-2026 00:29:33 [38;5;015m[INFO]: [0mThis is a info message from thread 1018-09-2026 00:29:33 [38;5;009m[ERROR]: [0mThis is a error message from thread 418-09-2026 00:29:33 [38;5;117m[DEBUG]: [0mThis is a debug message from thread 618-09-2026 00:29:33 [38;5;009m[ERROR]: [0mThis is a error message from thread 1018-09-2026 00:29:33 [38;5;015m[INFO]: [0mThis is a info message from thread 618-09-2026 00:29:33 [38;5;009m[ERROR]: [0mThis is a error message from thread 2918-09-2026 00:29:33 [38;5;009m[ERROR]: [0mThis is a error message from thread 618-09-2026 00:29:33 [38;5;009m[ERROR]: [0mThis is a error message from thread 1218-09-2026 00:29:33 [38;5;117m[DEBUG]: [0mThis is a debug message from thread 2918-09-2026 00:29:33 [38;5;117m[DEBUG]: [0mThis is a debug message from thread 618-09-2026 00:29:33 [38;5;015m[INFO]: [0mThis is a info message from thread 2918-09-2026 00:29:33 [38;5;009m[ERROR]: [0mThis is a error message from thread 2518-09-2026 00:29:33 [38;5;015m[INFO]: [0mThis is a info message from thread 618-09-2026 00:29:33 [38;5;015m[INFO]: [0mThis is a info message from thread 1618-09-2026 00:29:33 [38;5;117m[DEBUG]: [0mThis is a debug message from thread 2518-09-2026 00:29:33 [38;5;009m[ERROR]: [0mThis is a error message from thread 618-09-2026 00:29:33 [38;5;009m[ERROR]: [0mThis is a error message from thread 1618-09-2026 00:29:33 [38;5;015m[INFO]: [0mThis is a info message from thread 2518-09-2026 00:29:33 [38;5;015m[INFO]: [0mThis is a info message from thread 1718-09-2026 00:29:33 [38;5;009m[ERROR]: [0mThis is a error message from thread 2518-09-2026 00:29:33 [38;5;009m[ERROR]: [0mThis is a error message from thread 1718-09-2026 00:29:33 [38;5;015m[INFO]: [0mThis is a info message from thread 1418-09-2026 00:29:33 [38;5;117m[DEBUG]: [0mThis is a debug message from thread 2518-09-2026 00:29:33 [38;5;117m[DEBUG]: [0mThis is a debug message from thread 1718-09-2026 00:29:33 [38;5;009m[ERROR]: [0mThis is a error message from thread 1418-09-2026 00:29:33 [38;5;015m[INFO]: [0mThis is a info message from thread 2518-09-2026 00:29:33 [38;5;015m[INFO]: [0mThis is a info message from thread 1718-09-2026 00:29:33 [38;5;117m[DEBUG]: [0mThis is a debug message from thread 1418-09-2026 00:29:33 [38;5;009m[ERROR]: [0mThis is a error message from thread 2518-09-2026 00:29:33 [38;5;015m[INFO]: [0mThis is a info message from thread 1418-09-2026 00:29:33 [38;5;117m[DEBUG]: [0mThis is a debug message from thread 2518-09-2026 00:29:33 [38;5;015m[INFO]: [0mThis is a info message from thread 2018-09-2026 00:29:33 [38;5;015m[INFO]: [0mThis is a info message from thread 2518-09-2026 00:29:33 [38;5;117m[DEBUG]: [0mThis is a debug message from thread 618-09-2026 00:29:33 [38;5;009m[ERROR]: [0mThis is a error message from thread 2018-09-2026 00:29:33 [38;5;009m[ERROR]: [0mThis is a error message from thread 2518-09-2026 00:29:33 [38;5;015m[INFO]: [0mThis is a info message from thread 618-09-2026 00:29:33 [38;5;117m[DEBUG]: [0mThis is a debug message from thread 2018-09-2026 00:29:33 [38;5;117m[DEBUG]: [0mThis is a debug message from thread 2518-09-2026 00:29:33 [38;5;009m[ERROR]: [0mThis is a error message from thread 618-09-2026 00:29:33 [38;5;015m[INFO]: [0mThis is a info message from thread 2018-09-2026 00:29:33 [38;5;015m[INFO]: [0mThis is a info message from thread 2518-09-2026 00:29:33 [38;5;117m[DEBUG]: [0mThis is a debug message from thread 618-09-2026 00:29:33 [38;5;009m[ERROR]: [0mThis is a error message from thread 2018-09-2026 00:29:33 [38;5;009m[ERROR]: [0mThis is a error message from thread 2518-09-2026 00:29:33 [38;5;015m[INFO]: [0mThis is a info message from thread 618-09-2026 00:29:33 [38;5;117m[DEBUG]: [0mThis is a debug message from thread 2018-09-2026 00:29:33 [38;5;117m[DEBUG]: [0mThis is a debug message from thread 2518-09-2026 00:29:33 [38;5;009m[ERROR]: [0mThis is a error message from thread 618-09-2026 00:29:33 [38;5;015m[INFO]: [0mThis is a info message from thread 2018-09-2026 00:29:33 [38;5;015m[INFO]: [0mThis is a info message from thread 2518-09-2026 00:29:33 [38;5;009m[ERROR]: [0mThis is a error message from thread 2018-09-2026 00:29:33 [38;5;015m[INFO]: [0mThis is a info message from thread 2618-09-2026 00:29:33 [38;5;015m[INFO]: [0mThis is a info message from thread 1318-09-2026 00:29:33 [38;5;117m[DEBUG]: [0mThis is a debug message from thread 1918-09-2026 00:29:33 [38;5;117m[DEBUG]: [0mThis is a debug message from thread 2018-09-2026 00:29:33 [38;5;015m[INFO]: [0mThis is a info message from thread 1918-09-2026 00:29:33 [38;5;015m[INFO]: [0mThis is a info message from thread 2018-09-2026 00:29:33 [38;5;009m[ERROR]: [0mThis is a error message from thread 1318-09-2026 00:29:33 [38;5;117m[DEBUG]: [0mThis is a debug message from thread 418-09-2026 00:29:33 [38;5;009m[ERROR]: [0mThis is a error message from thread 2018-09-2026 00:29:33 [38;5;117m[DEBUG]: [0mThis is a debug message from thread 1018-09-2026 00:29:33 [38;5;117m[DEBUG]: [0mThis is a debug message from thread 1318-09-2026 00:29:33 [38;5;117m[DEBUG]: [0mThis is a debug message from thread 2018-09-2026 00:29:33 [38;5;117m[DEBUG]: [0mThis is a debug message from thread 1218-09-2026 00:29:33 [38;5;015m[INFO]: [0mThis is a info message from thread 1018-09-2026 00:29:33 [38;5;015m[INFO]: [0mThis is a info message from thread 2018-09-2026 00:29:33 [38;5;015m[INFO]: [0mThis is a info message from thread 1318-09-2026 00:29:33 [38;5;009m[ERROR]: [0mThis is a error message from thread 2018-09-2026 00:29:33 [38;5;015m[INFO]: [0mThis is a info message from thread 1218-09-2026 00:29:33 [38;5;009m[ERROR]: [0mThis is a error message from thread 1318-09-2026 00:29:33 [38;5;009m[ERROR]: [0mThis is a error message from thread 718-09-2026 00:29:33 [38;5;117m[DEBUG]: [0mThis is a debug message from thread 2018-09-2026 00:29:33 [38;5;117m[DEBUG]: [0mThis is a debug message from thread 1318-09-2026 00:29:33 [38;5;009m[ERROR]: [0mThis is a error message from thread 1218-09-2026 00:29:33 [38;5;117m[DEBUG]: [0mThis is a debug message from thread 718-09-2026 00:29:33 [38;5;015m[INFO]: [0mThis is a info message from thread 1318-09-2026 00:29:33 [38;5;117m[DEBUG]: [0mThis is a debug message from thread 1218-09-2026 00:29:33 [38;5;009m[ERROR]: [0mThis is a error message from thread 1318-09-2026 00:29:33 [38;5;009m[ERROR]: [0mThis is a error message from thread 2918-09-2026 00:29:33 [38;5;015m[INFO]: [0mThis is a info message from thread 1218-09-2026 00:29:33 [38;5;117m[DEBUG]: [0mThis is a debug message from thread 2318-09-2026 00:29:33 [38;5;117m[DEBUG]: [0mThis is a debug message from thread 1318-09-2026 00:29:33 [38;5;015m[INFO]: [0mThis is a info message from thread 2318-09-2026 00:29:33 [38;5;117m[DEBUG]: [0mThis is a debug message from thread 2918-09-2026 00:29:33 [38;5;015m[INFO]: [0mThis is a info message from thread 1318-09-2026 00:29:33 [38;5;117m[DEBUG]: [0mThis is a debug message from thread 1618-09-2026 00:29:33 [38;5;117m[DEBUG]: [0mThis is a debug message from thread 1518-09-2026 00:29:33 [38;5;015m[INFO]: [0mThis is a info message from thread 2918-09-2026 00:29:33 [38;5;015m[INFO]: [0mThis is a info message from thread 1518-09-2026 00:29:33 [38;5;117m[DEBUG]: [0mThis is a debug message from thread 2418-09-2026 00:29:33 [38;5;009m[ERROR]: [0mThis is a error message from thread 1518-09-2026 00:29:33 [38;5;009m[ERROR]: [0mThis is a error message from thread 1718-09-2026 00:29:33 [38;5;015m[INFO]: [0mThis is a info message from thread 2418-09-2026 00:29:33 [38;5;015m[INFO]: [0mThis is a info message from thread 1818-09-2026 00:29:33 [38;5;117m[DEBUG]: [0mThis is a debug message from thread 1518-09-2026 00:29:33 [38;5;009m[ERROR]: [0mThis is a error message from thread 2418-09-2026 00:29:33 [38;5;015m[INFO]: [0mThis is a info message from thread 2118-09-2026 00:29:33 [38;5;015m[INFO]: [0mThis is a info message from thread 1518-09-2026 00:29:33 [38;5;117m[DEBUG]: [0mThis is a debug message from thread 618-09-2026 00:29:33 [38;5;117m[DEBUG]: [0mThis is a debug message from thread 2418-09-2026 00:29:33 [38;5;009m[ERROR]: [0mThis is a error message from thread 1518-09-2026 00:29:33 [38;5;015m[INFO]: [0mThis is a info message from thread 618-09-2026 00:29:33 [38;5;117m[DEBUG]: [0mThis is a debug message from thread 1518-09-2026 00:29:33 [38;5;009m[ERROR]: [0mThis is a error message from thread 2518-09-2026 00:29:33 [38;5;015m[INFO]: [0mThis is a info message from thread 1518-09-2026 00:29:33 [38;5;117m[DEBUG]: [0mThis is a debug message from thread 018-09-2026 00:29:33 [38;5;009m[ERROR]: [0mThis is a error message from thread 1518-09-2026 00:29:33 [38;5;009m[ERROR]: [0mThis is a error message from thread 918-09-2026 00:29:33 [38;5;015m[INFO]: [0mThis is a info message from thread 018-09-2026 00:29:33 [38;5;117m[DEBUG]: [0mThis is a debug message from thread 1518-09-2026 00:29:33 [38;5;117m[DEBUG]: [0mThis is a debug message from thread 918-09-2026 00:29:33 [38;5;009m[ERROR]: [0mThis is a error message from thread 018-09-2026 00:29:33 [38;5;015m[INFO]: [0mThis is a info message from thread 1518-09-2026 00:29:33 [38;5;015m[INFO]: [0mThis is a info message from thread 918-09-2026 00:29:33 [38;5;117m[DEBUG]: [0mThis is a debug message from thread 018-09-2026 00:29:33 [38;5;009m[ERROR]: [0mThis is a error message from thread 1518-09-2026 00:29:33 [38;5;015m[INFO]: [0mThis is a info message from thread 018-09-2026 00:29:33 [38;5;009m[ERROR]: [0mThis is a error message from thread 118-09-2026 00:29:33 [38;5;009m[ERROR]: [0mThis is a error message from thread 818-09-2026 00:29:33 [38;5;117m[DEBUG]: [0mThis is a debug message from thread 118-09-2026 00:29:33 [38;5;117m[DEBUG]: [0mThis is a debug message from thread 818-09-2026 00:29:33 [38;5;015m[INFO]: [0mThis is a info message from thread 118-09-2026 00:29:33 [38;5;015m[INFO]: [0mThis is a info message from thread 518-09-2026 00:29:33 [38;5;015m[INFO]: [0mThis is a info message from thread 818-09-2026 00:29:33 [38;5;009m[ERROR]: [0mThis is a error message from thread 118-09-2026 00:29:33 [38;5;117m[DEBUG]: [0mThis is a debug message from thread 218-09-2026 00:29:33 [38;5;117m[DEBUG]: [0mThis is a debug message from thread 118-09-2026 00:29:33 [38;5;015m[INFO]: [0mThis is a info message from thread 218-09-2026 00:29:33 [38;5;009m[ERROR]: [0mThis is a error message from thread 2618-09-2026 00:29:33 [38;5;009m[ERROR]: [0mThis is a error message from thread 218-09-2026 00:29:33 [38;5;015m[INFO]: [0mThis is a info message from thread 118-09-2026 00:29:33 [38;5;117m[DEBUG]: [0mThis is a debug message from thread 2618-09-2026 00:29:33 [38;5;117m[DEBUG]: [0mThis is a debug message from thread 218-09-2026 00:29:33 [38;5;009m[ERROR]: [0mThis is a error message from thread 118-09-2026 00:29:33 [38;5;015m[INFO]: [0mThis is a info message from thread 2618-09-2026 00:29:33 [38;5;015m[INFO]: [0mThis is a info message from thread 218-09-2026 00:29:33 [38;5;117m[DEBUG]: [0mThis is a debug message from thread 118-09-2026 00:29:33 [38;5;009m[ERROR]: [0mThis is a error message from thread 2618-09-2026 00:29:33 [38;5;015m[INFO]: [0mThis is a info message from thread 118-09-2026 00:29:33 [38;5;117m[DEBUG]: [0mThis is a debug message from thread 2218-09-2026 00:29:33 [38;5;015m[INFO]: [0mThis is a info message from thread 2218-09-2026 00:29:33 [38;5;009m[ERROR]: [0mThis is a error message from thread 118-09-2026 00:29:33 [38;5;009m[ERROR]: [0mThis is a error message from thread 1918-09-2026 00:29:33 [38;5;117m[DEBUG]: [0mThis is a debug message from thread 1918-09-2026 00:29:33 [38;5;009m[ERROR]: [0mThis is a error message from thread 2218-09-2026 00:29:33 [38;5;015m[INFO]: [0mThis is a info message from thread 418-09-2026 00:29:33 [38;5;015m[INFO]: [0mThis is a info message from thread 1918-09-2026 00:29:33 [38;5;117m[DEBUG]: [0mThis is a debug message from thread 2218-09-2026 00:29:33 [38;5;009m[ERROR]: [0mThis is a error message from thread 418-09-2026 00:29:33 [38;5;009m[ERROR]: [0mThis is a error message from thread 1918-09-2026 00:29:33 [38;5;117m[DEBUG]: [0mThis is a debug message from thread 418-09-2026 00:29:33 [38;5;009m[ERROR]: [0mThis is a error message from thread 1018-09-2026 00:29:33 [38;5;009m[ERROR]: [0mThis is a error message from thread 1218-09-2026 00:29:33 [38;5;117m[DEBUG]: [0mThis is a debug message from thread 318-09-2026 00:29:33 [38;5;117m[DEBUG]: [0mThis is a debug message from thread 1018-09-2026 00:29:33 [38;5;117m[DEBUG]: [0mThis is a debug message from thread 1218-09-2026 00:29:33 [38;5;015m[INFO]: [0mThis is a info message from thread 1018-09-2026 00:29:33 [38;5;009m[ERROR]: [0mThis is a error message from thread 2318-09-2026 00:29:33 [38;5;015m[INFO]: [0mThis is a info message from thread 1218-09-2026 00:29:33 [38;5;117m[DEBUG]: [0mThis is a debug message from thread 2318-09-2026 00:29:33 [38;5;015m[INFO]: [0mThis is a info message from thread 1618-09-2026 00:29:33 [38;5;009m[ERROR]: [0mThis is a error message from thread 1218-09-2026 00:29:33 [38;5;015m[INFO]: [0mThis is a info message from thread 2318-09-2026 00:29:33 [38;5;009m[ERROR]: [0mThis is a error message from thread 1618-09-2026 00:29:33 [38;5;117m[DEBUG]: [0mThis is a debug message from thread 1218-09-2026 00:29:33 [38;5;009m[ERROR]: [0mThis is a error message from thread 2318-09-2026 00:29:33 [38;5;117m[DEBUG]: [0mThis is a debug message from thread 1618-09-2026 00:29:33 [38;5;015m[INFO]: [0mThis is a info message from thread 1218-09-2026 00:29:33 [38;5;015m[INFO]: [0mThis is a info message from thread 1618-09-2026 00:29:33 [38;5;009m[ERROR]: [0mThis is a error message from thread 1218-09-2026 00:29:33 [38;5;009m[ERROR]: [0mThis is a error message from thread 2918-09-2026 00:29:33 [38;5;009m[ERROR]: [0mThis is a error message from thread 1618-09-2026 00:29:33 [38;5;117m[DEBUG]: [0mThis is a debug message from thread 1218-09-2026 00:29:33 [38;5;117m[DEBUG]: [0mThis is a debug message from thread 1618-09-2026 00:29:33 [38;5;117m[DEBUG]: [0mThis is a debug message from thread 1718-09-2026 00:29:33 [38;5;015m[INFO]: [0mThis is a info message from thread 1218-09-2026 00:29:33 [38;5;015m[INFO]: [0mThis is a info message from thread 1718-09-2026 00:29:33 [38;5;009m[ERROR]: [0mThis is a error message from thread 1818-09-2026 00:29:33 [38;5;009m[ERROR]: [0mThis is a error message from thread 2118-09-2026 00:29:33 [38;5;117m[DEBUG]: [0mThis is a debug message from thread 1818-09-2026 00:29:33 [38;5;015m[INFO]: [0mThis is a info message from thread 1818-09-2026 00:29:33 [38;5;009m[ERROR]: [0mThis is a error message from thread 1318-09-2026 00:29:33 [38;5;009m[ERROR]: [0mThis is a error message from thread 1818-09-2026 00:29:33 [38;5;015m[INFO]: [0mThis is a info message from thread 1118-09-2026 00:29:33 [38;5;117m[DEBUG]: [0mThis is a debug message from thread 1818-09-2026 00:29:33 [38;5;009m[ERROR]: [0mThis is a error message from thread 1118-09-2026 00:29:33 [38;5;015m[INFO]: [0mThis is a info message from thread 1818-09-2026 00:29:33 [38;5;009m[ERROR]: [0mThis is a error message from thread 618-09-2026 00:29:33 [38;5;009m[ERROR]: [0mThis is a error message from thread 1818-09-2026 00:29:33 [38;5;117m[DEBUG]: [0mThis is a debug message from thread 2518-09-2026 00:29:33 [38;5;117m[DEBUG]: [0mThis is a debug message from thread 1818-09-2026 00:29:33 [38;5;117m[DEBUG]: [0mThis is a debug message from thread 618-09-2026 00:29:33 [38;5;015m[INFO]: [0mThis is a info message from thread 1818-09-2026 00:29:33 [38;5;015m[INFO]: [0mThis is a info message from thread 618-09-2026 00:29:33 [38;5;009m[ERROR]: [0mThis is a error message from thread 1818-09-2026 00:29:33 [38;5;009m[ERROR]: [0mThis is a error message from thread 618-09-2026 00:29:33 [38;5;117m[DEBUG]: [0mThis is a debug message from thread 1818-09-2026 00:29:33 [38;5;117m[DEBUG]: [0mThis is a debug message from thread 618-09-2026 00:29:33 [38;5;009m[ERROR]: [0mThis is a error message from thread 518-09-2026 00:29:33 [38;5;015m[INFO]: [0mThis is a info message from thread 618-09-2026 00:29:33 [38;5;009m[ERROR]: [0mThis is a error message from thread 818-09-2026 00:29:33 [38;5;117m[DEBUG]: [0mThis is a debug message from thread 518-09-2026 00:29:33 [38;5;117m[DEBUG]: [0mThis is a debug message from thread 1918-09-2026 00:29:33 [38;5;015m[INFO]: [0mThis is a info message from thread 418-09-2026 00:29:33 [38;5;015m[INFO]: [0mThis is a info message from thread 2018-09-2026 00:29:33 [38;5;015m[INFO]: [0mThis is a info message from thread 518-09-2026 00:29:33 [38;5;009m[ERROR]: [0mThis is a error message from thread 418-09-2026 00:29:33 [38;5;009m[ERROR]: [0mThis is a error message from thread 518-09-2026 00:29:33 [38;5;009m[ERROR]: [0mThis is a error message from thread 2018-09-2026 00:29:33 [38;5;117m[DEBUG]: [0mThis is a debug message from thread 418-09-2026 00:29:33 [38;5;117m[DEBUG]: [0mThis is a debug message from thread 2018-09-2026 00:29:33 [38;5;117m[DEBUG]: [0mThis is a debug message from thread 2818-09-2026 00:29:33 [38;5;015m[INFO]: [0mThis is a info message from thread 2818-09-2026 00:29:33 [38;5;015m[INFO]: [0mThis is a info message from thread 418-09-2026 00:29:33 [38;5;015m[INFO]: [0mThis is a info message from thread 318-09-2026 00:29:33 [38;5;015m[INFO]: [0mThis is a info message from thread 718-09-2026 00:29:33 [38;5;009m[ERROR]: [0mThis is a error message from thread 2818-09-2026 00:29:33 [38;5;009m[ERROR]: [0mThis is a error message from thread 318-09-2026 00:29:33 [38;5;009m[ERROR]: [0mThis is a error message from thread 718-09-2026 00:29:33 [38;5;117m[DEBUG]: [0mThis is a debug message from thread 2818-09-2026 00:29:33 [38;5;117m[DEBUG]: [0mThis is a debug message from thread 318-09-2026 00:29:33 [38;5;117m[DEBUG]: [0mThis is a debug message from thread 718-09-2026 00:29:33 [38;5;015m[INFO]: [0mThis is a info message from thread 2818-09-2026 00:29:33 [38;5;009m[ERROR]: [0mThis is a error message from thread 618-09-2026 00:29:33 [38;5;117m[DEBUG]: [0mThis is a debug message from thread 818-09-2026 00:29:33 [38;5;009m[ERROR]: [0mThis is a error message from thread 218-09-2026 00:29:33 [38;5;117m[DEBUG]: [0mThis is a debug message from thread 118-09-2026 00:29:33 [38;5;015m[INFO]: [0mThis is a info message from thread 318-09-2026 00:29:33 [38;5;015m[INFO]: [0mThis is a info message from thread 118-09-2026 00:29:33 [38;5;015m[INFO]: [0mThis is a info message from thread 718-09-2026 00:29:33 [38;5;009m[ERROR]: [0mThis is a error message from thread 318-09-2026 00:29:33 [38;5;009m[ERROR]: [0mThis is a error message from thread 718-09-2026 00:29:33 [38;5;009m[ERROR]: [0mThis is a error message from thread 2818-09-2026 00:29:33 [38;5;117m[DEBUG]: [0mThis is a debug message from thread 718-09-2026 00:29:33 [38;5;117m[DEBUG]: [0mThis is a debug message from thread 2818-09-2026 00:29:33 [38;5;009m[ERROR]: [0mThis is a error message from thread 1018-09-2026 00:29:33 [38;5;015m[INFO]: [0mThis is a info message from thread 718-09-2026 00:29:33 [38;5;009m[ERROR]: [0mThis is a error message from thread 718-09-2026 00:29:33 [38;5;117m[DEBUG]: [0mThis is a debug message from thread 2918-09-2026 00:29:33 [38;5;117m[DEBUG]: [0mThis is a debug message from thread 718-09-2026 00:29:33 [38;5;009m[ERROR]: [0mThis is a error message from thread 1218-09-2026 00:29:33 [38;5;015m[INFO]: [0mThis is a info message from thread 718-09-2026 00:29:33 [38;5;009m[ERROR]: [0mThis is a error message from thread 1718-09-2026 00:29:33 [38;5;117m[DEBUG]: [0mThis is a debug message from thread 1218-09-2026 00:29:33 [38;5;009m[ERROR]: [0mThis is a error message from thread 718-09-2026 00:29:33 [38;5;117m[DEBUG]: [0mThis is a debug message from thread 1718-09-2026 00:29:33 [38;5;015m[INFO]: [0mThis is a info message from thread 1218-09-2026 00:29:33 [38;5;117m[DEBUG]: [0mThis is a debug message from thread 718-09-2026 00:29:33 [38;5;009m[ERROR]: [0mThis is a error message from thread 1418-09-2026 00:29:33 [38;5;117m[DEBUG]: [0mThis is a debug message from thread 1318-09-2026 00:29:33 [38;5;117m[DEBUG]: [0mThis is a debug message from thread 1418-09-2026 00:29:33 [38;5;015m[INFO]: [0mThis is a info message from thread 2518-09-2026 00:29:33 [38;5;015m[INFO]: [0mThis is a info message from thread 1318-09-2026 00:29:33 [38;5;015m[INFO]: [0mThis is a info message from thread 1818-09-2026 00:29:33 [38;5;117m[DEBUG]: [0mThis is a debug message from thread 2618-09-2026 00:29:33 [38;5;015m[INFO]: [0mThis is a info message from thread 1718-09-2026 00:29:33 [38;5;009m[ERROR]: [0mThis is a error message from thread 1818-09-2026 00:29:33 [38;5;015m[INFO]: [0mThis is a info message from thread 818-09-2026 00:29:33 [38;5;009m[ERROR]: [0mThis is a error message from thread 1718-09-2026 00:29:33 [38;5;117m[DEBUG]: [0mThis is a debug message from thread 1818-09-2026 00:29:33 [38;5;009m[ERROR]: [0mThis is a error message from thread 818-09-2026 00:29:33 [38;5;117m[DEBUG]: [0mThis is a debug message from thread 1718-09-2026 00:29:33 [38;5;015m[INFO]: [0mThis is a info message from thread 1818-09-2026 00:29:33 [38;5;117m[DEBUG]: [0mThis is a debug message from thread 818-09-2026 00:29:33 [38;5;015m[INFO]: [0mThis is a info message from thread 1718-09-2026 00:29:33 [38;5;009m[ERROR]: [0mThis is a error message from thread 1818-09-2026 00:29:33 [38;5;015m[INFO]: [0mThis is a info message from thread 818-09-2026 00:29:33 [38;5;015m[INFO]: [0mThis is a info message from thread 1418-09-2026 00:29:33 [38;5;009m[ERROR]: [0mThis is a error message from thread 2518-09-2026 00:29:33 [38;5;117m[DEBUG]: [0mThis is a debug message from thread 1518-09-2026 00:29:33 [38;5;009m[ERROR]: [0mThis is a error message from thread 018-09-2026 00:29:33 [38;5;009m[ERROR]: [0mThis is a error message from thread 1718-09-2026 00:29:33 [38;5;117m[DEBUG]: [0mThis is a debug message from thread 618-09-2026 00:29:33 [38;5;015m[INFO]: [0mThis is a info message from thread 618-09-2026 00:29:33 [38;5;009m[ERROR]: [0mThis is a error message from thread 618-09-2026 00:29:33 [38;5;117m[DEBUG]: [0mThis is a debug message from thread 1818-09-2026 00:29:33 [38;5;117m[DEBUG]: [0mThis is a debug message from thread 518-09-2026 00:29:33 [38;5;015m[INFO]: [0mThis is a info message from thread 518-09-2026 00:29:33 [38;5;009m[ERROR]: [0mThis is a error message from thread 518-09-2026 00:29:33 [38;5;009m[ERROR]: [0mThis is a error message from thread 418-09-2026 00:29:33 [38;5;117m[DEBUG]: [0mThis is a debug message from thread 418-09-2026 00:29:33 [38;5;015m[INFO]: [0mThis is a info message from thread 418-09-2026 00:29:33 [38;5;009m[ERROR]: [0mThis is a error message from thread 418-09-2026 00:29:33 [38;5;117m[DEBUG]: [0mThis is a debug message from thread 1018-09-2026 00:29:33 [38;5;009m[ERROR]: [0mThis is a error message from thread 1418-09-2026 00:29:33 [38;5;117m[DEBUG]: [0mThis is a debug message from thread 2518-09-2026 00:29:33 [38;5;015m[INFO]: [0mThis is a info message from thread 2518-09-2026 00:29:33 [38;5;009m[ERROR]: [0mThis is a error message from thread 2518-09-2026 00:29:33 [38;5;015m[INFO]: [0mThis is a info message from thread 1618-09-2026 00:29:33 [38;5;015m[INFO]: [0mThis is a info message from thread 2918-09-2026 00:29:33 [38;5;009m[ERROR]: [0mThis is a error message from thread 2918-09-2026 00:29:33 [38;5;117m[DEBUG]: [0mThis is a debug message from thread 2918-09-2026 00:29:33 [38;5;117m[DEBUG]: [0mThis is a debug message from thread 2118-09-2026 00:29:33 [38;5;015m[INFO]: [0mThis is a info message from thread 2818-09-2026 00:29:33 [38;5;117m[DEBUG]: [0mThis is a debug message from thread 1118-09-2026 00:29:33 [38;5;015m[INFO]: [0mThis is a info message from thread 1118-09-2026 00:29:33 [38;5;009m[ERROR]: [0mThis is a error message from thread 918-09-2026 00:29:33 [38;5;117m[DEBUG]: [0mThis is a debug message from thread 918-09-2026 00:29:33 [38;5;015m[INFO]: [0mThis is a info message from thread 918-09-2026 00:29:33 [38;5;009m[ERROR]: [0mThis is a error message from thread 918-09-2026 00:29:33 [38;5;117m[DEBUG]: [0mThis is a debug message from thread 918-09-2026 00:29:33 [38;5;015m[INFO]: [0mThis is a info message from thread 918-09-2026 00:29:33 [38;5;117m[DEBUG]: [0mThis is a debug message from thread 1718-09-2026 00:29:33 [38;5;009m[ERROR]: [0mThis is a error message from thread 818-09-2026 00:29:33 [38;5;015m[INFO]: [0mThis is a info message from thread 1918-09-2026 00:29:33 [38;5;117m[DEBUG]: [0mThis is a debug message from thread 518-09-2026 00:29:33 [38;5;009m[ERROR]: [0mThis is a error message from thread 1918-09-2026 00:29:33 [38;5;117m[DEBUG]: [0mThis is a debug message from thread 818-09-2026 00:29:33 [38;5;117m[DEBUG]: [0mThis is a debug message from thread 1918-09-2026 00:29:33 [38;5;009m[ERROR]: [0mThis is a error message from thread 118-09-2026 00:29:33 [38;5;009m[ERROR]: [0mThis is a error message from thread 918-09-2026 00:29:33 [38;5;015m[INFO]: [0mThis is a info message from thread 1918-09-2026 00:29:33 [38;5;117m[DEBUG]: [0mThis is a debug message from thread 118-09-2026 00:29:33 [38;5;009m[ERROR]: [0mThis is a error message from thread 1918-09-2026 00:29:33 [38;5;015m[INFO]: [0mThis is a info message from thread 1718-09-2026 00:29:33 [38;5;015m[INFO]: [0mThis is a info message from thread 118-09-2026 00:29:33 [38;5;117m[DEBUG]: [0mThis is a debug message from thread 1918-09-2026 00:29:33 [38;5;117m[DEBUG]: [0mThis is a debug message from thread 318-09-2026 00:29:33 [38;5;117m[DEBUG]: [0mThis is a debug message from thread 218-09-2026 00:29:33 [38;5;015m[INFO]: [0mThis is a info message from thread 1918-09-2026 00:29:33 [38;5;015m[INFO]: [0mThis is a info message from thread 318-09-2026 00:29:33 [38;5;015m[INFO]: [0mThis is a info message from thread 1818-09-2026 00:29:33 [38;5;015m[INFO]: [0mThis is a info message from thread 218-09-2026 00:29:33 [38;5;117m[DEBUG]: [0mThis is a debug message from thread 418-09-2026 00:29:33 [38;5;009m[ERROR]: [0mThis is a error message from thread 1818-09-2026 00:29:33 [38;5;009m[ERROR]: [0mThis is a error message from thread 218-09-2026 00:29:33 [38;5;015m[INFO]: [0mThis is a info message from thread 418-09-2026 00:29:33 [38;5;009m[ERROR]: [0mThis is a error message from thread 1318-09-2026 00:29:33 [38;5;009m[ERROR]: [0mThis is a error message from thread 418-09-2026 00:29:33 [38;5;117m[DEBUG]: [0mThis is a debug message from thread 2518-09-2026 00:29:33 [38;5;015m[INFO]: [0mThis is a info message from thread 718-09-2026 00:29:33 [38;5;009m[ERROR]: [0mThis is a error message from thread 1218-09-2026 00:29:33 [38;5;009m[ERROR]: [0mThis is a error message from thread 718-09-2026 00:29:33 [38;5;117m[DEBUG]: [0mThis is a debug message from thread 1218-09-2026 00:29:33 [38;5;117m[DEBUG]: [0mThis is a debug message from thread 718-09-2026 00:29:33 [38;5;009m[ERROR]: [0mThis is a error message from thread 1118-09-2026 00:29:33 [38;5;015m[INFO]: [0mThis is a info message from thread 718-09-2026 00:29:33 [38;5;015m[INFO]: [0mThis is a info message from thread 2418-09-2026 00:29:33 [38;5;117m[DEBUG]: [0mThis is a debug message from thread 1118-09-2026 00:29:33 [38;5;009m[ERROR]: [0mThis is a error message from thread 718-09-2026 00:29:33 [38;5;015m[INFO]: [0mThis is a info message from thread 1118-09-2026 00:29:33 [38;5;015m[INFO]: [0mThis is a info message from thread 2218-09-2026 00:29:33 [38;5;009m[ERROR]: [0mThis is a error message from thread 1118-09-2026 00:29:33 [38;5;009m[ERROR]: [0mThis is a error message from thread 2218-09-2026 00:29:33 [38;5;117m[DEBUG]: [0mThis is a debug message from thread 1118-09-2026 00:29:33 [38;5;015m[INFO]: [0mThis is a info message from thread 518-09-2026 00:29:33 [38;5;015m[INFO]: [0mThis is a info message from thread 1118-09-2026 00:29:33 [38;5;015m[INFO]: [0mThis is a info message from thread 818-09-2026 00:29:33 [38;5;009m[ERROR]: [0mThis is a error message from thread 518-09-2026 00:29:33 [38;5;009m[ERROR]: [0mThis is a error message from thread 1118-09-2026 00:29:33 [38;5;009m[ERROR]: [0mThis is a error message from thread 818-09-2026 00:29:33 [38;5;117m[DEBUG]: [0mThis is a debug message from thread 518-09-2026 00:29:33 [38;5;117m[DEBUG]: [0mThis is a debug message from thread 818-09-2026 00:29:33 [38;5;015m[INFO]: [0mThis is a info message from thread 518-09-2026 00:29:33 [38;5;009m[ERROR]: [0mThis is a error message from thread 318-09-2026 00:29:33 [38;5;015m[INFO]: [0mThis is a info message from thread 1018-09-2026 00:29:33 [38;5;009m[ERROR]: [0mThis is a error message from thread 518-09-2026 00:29:33 [38;5;009m[ERROR]: [0mThis is a error message from thread 1018-09-2026 00:29:33 [38;5;117m[DEBUG]: [0mThis is a debug message from thread 1418-09-2026 00:29:33 [38;5;117m[DEBUG]: [0mThis is a debug message from thread 518-09-2026 00:29:33 [38;5;117m[DEBUG]: [0mThis is a debug message from thread 1018-09-2026 00:29:33 [38;5;015m[INFO]: [0mThis is a info message from thread 1418-09-2026 00:29:33 [38;5;015m[INFO]: [0mThis is a info message from thread 518-09-2026 00:29:33 [38;5;015m[INFO]: [0mThis is a info message from thread 1018-09-2026 00:29:33 [38;5;009m[ERROR]: [0mThis is a error message from thread 518-09-2026 00:29:33 [38;5;009m[ERROR]: [0mThis is a error message from thread 1018-09-2026 00:29:33 [38;5;117m[DEBUG]: [0mThis is a debug message from thread 1818-09-2026 00:29:33 [38;5;117m[DEBUG]: [0mThis is a debug message from thread 518-09-2026 00:29:33 [38;5;117m[DEBUG]: [0mThis is a debug message from thread 1018-09-2026 00:29:33 [38;5;015m[INFO]: [0mThis is a info message from thread 1818-09-2026 00:29:33 [38;5;015m[INFO]: [0mThis is a info message from thread 518-09-2026 00:29:33 [38;5;015m[INFO]: [0mThis is a info message from thread 1018-09-2026 00:29:33 [38;5;009m[ERROR]: [0mThis is a error message from thread 1818-09-2026 00:29:33 [38;5;009m[ERROR]: [0mThis is a error message from thread 1018-09-2026 00:29:33 [38;5;117m[DEBUG]: [0mThis is a debug message from thread 218-09-2026 00:29:33 [38;5;117m[DEBUG]: [0mThis is a debug message from thread 1018-09-2026 00:29:33 [38;5;015m[INFO]: [0mThis is a info message from thread 1518-09-2026 00:29:33 [38;5;015m[INFO]: [0mThis is a info message from thread 1018-09-2026 00:29:33 [38;5;117m[DEBUG]: [0mThis is a debug message from thread 1318-09-2026 00:29:33 [38;5;009m[ERROR]: [0mThis is a error message from thread 1518-09-2026 00:29:33 [38;5;009m[ERROR]: [0mThis is a error message from thread 1018-09-2026 00:29:33 [38;5;015m[INFO]: [0mThis is a info message from thread 1318-09-2026 00:29:33 [38;5;117m[DEBUG]: [0mThis is a debug message from thread 1518-09-2026 00:29:33 [38;5;117m[DEBUG]: [0mThis is a debug message from thread 1018-09-2026 00:29:33 [38;5;009m[ERROR]: [0mThis is a error message from thread 1318-09-2026 00:29:33 [38;5;015m[INFO]: [0mThis is a info message from thread 1018-09-2026 00:29:33 [38;5;117m[DEBUG]: [0mThis is a debug message from thread 418-09-2026 00:29:33 [38;5;117m[DEBUG]: [0mThis is a debug message from thread 1318-09-2026 00:29:33 [38;5;009m[ERROR]: [0mThis is a error message from thread 1018-09-2026 00:29:33 [38;5;015m[INFO]: [0mThis is a info message from thread 418-09-2026 00:29:33 [38;5;015m[INFO]: [0mThis is a info message from thread 1318-09-2026 00:29:33 [38;5;009m[ERROR]: [0mThis is a error message from thread 1318-09-2026 00:29:33 [38;5;117m[DEBUG]: [0mThis is a debug message from thread 1018-09-2026 00:29:33 [38;5;015m[INFO]: [0mThis is a info message from thread 2518-09-2026 00:29:33 [38;5;117m[DEBUG]: [0mThis is a debug message from thread 1318-09-2026 00:29:33 [38;5;015m[INFO]: [0mThis is a info message from thread 2918-09-2026 00:29:33 [38;5;009m[ERROR]: [0mThis is a error message from thread 2518-09-2026 00:29:33 [38;5;009m[ERROR]: [0mThis is a error message from thread 2918-09-2026 00:29:33 [38;5;117m[DEBUG]: [0mThis is a debug message from thread 2518-09-2026 00:29:33 [38;5;009m[ERROR]: [0mThis is a error message from thread 2818-09-2026 00:29:33 [38;5;117m[DEBUG]: [0mThis is a debug message from thread 2918-09-2026 00:29:33 [38;5;117m[DEBUG]: [0mThis is a debug message from thread 2818-09-2026 00:29:33 [38;5;015m[INFO]: [0mThis is a info message from thread 2518-09-2026 00:29:33 [38;5;015m[INFO]: [0mThis is a info message from thread 2918-09-2026 00:29:33 [38;5;015m[INFO]: [0mThis is a info message from thread 2818-09-2026 00:29:33 [38;5;015m[INFO]: [0mThis is a info message from thread 2618-09-2026 00:29:33 [38;5;009m[ERROR]: [0mThis is a error message from thread 1718-09-2026 00:29:33 [38;5;009m[ERROR]: [0mThis is a error message from thread 2818-09-2026 00:29:33 [38;5;009m[ERROR]: [0mThis is a error message from thread 118-09-2026 00:29:33 [38;5;009m[ERROR]: [0mThis is a error message from thread 1918-09-2026 00:29:33 [38;5;015m[INFO]: [0mThis is a info message from thread 2018-09-2026 00:29:33 [38;5;117m[DEBUG]: [0mThis is a debug message from thread 2818-09-2026 00:29:33 [38;5;009m[ERROR]: [0mThis is a error message from thread 2018-09-2026 00:29:33 [38;5;117m[DEBUG]: [0mThis is a debug message from thread 918-09-2026 00:29:33 [38;5;117m[DEBUG]: [0mThis is a debug message from thread 2318-09-2026 00:29:33 [38;5;117m[DEBUG]: [0mThis is a debug message from thread 318-09-2026 00:29:33 [38;5;009m[ERROR]: [0mThis is a error message from thread 1418-09-2026 00:29:33 [38;5;117m[DEBUG]: [0mThis is a debug message from thread 1818-09-2026 00:29:33 [38;5;117m[DEBUG]: [0mThis is a debug message from thread 1418-09-2026 00:29:33 [38;5;015m[INFO]: [0mThis is a info message from thread 1518-09-2026 00:29:33 [38;5;009m[ERROR]: [0mThis is a error message from thread 418-09-2026 00:29:33 [38;5;015m[INFO]: [0mThis is a info message from thread 1418-09-2026 00:29:33 [38;5;015m[INFO]: [0mThis is a info message from thread 1018-09-2026 00:29:33 [38;5;009m[ERROR]: [0mThis is a error message from thread 1518-09-2026 00:29:33 [38;5;009m[ERROR]: [0mThis is a error message from thread 1418-09-2026 00:29:33 [38;5;009m[ERROR]: [0mThis is a error message from thread 1018-09-2026 00:29:33 [38;5;117m[DEBUG]: [0mThis is a debug message from thread 1518-09-2026 00:29:33 [38;5;015m[INFO]: [0mThis is a info message from thread 2118-09-2026 00:29:33 [38;5;117m[DEBUG]: [0mThis is a debug message from thread 1018-09-2026 00:29:33 [38;5;009m[ERROR]: [0mThis is a error message from thread 2518-09-2026 00:29:33 [38;5;015m[INFO]: [0mThis is a info message from thread 1518-09-2026 00:29:33 [38;5;009m[ERROR]: [0mThis is a error message from thread 2918-09-2026 00:29:33 [38;5;015m[INFO]: [0mThis is a info message from thread 1018-09-2026 00:29:33 [38;5;117m[DEBUG]: [0mThis is a debug message from thread 018-09-2026 00:29:33 [38;5;009m[ERROR]: [0mThis is a error message from thread 1018-09-2026 00:29:33 [38;5;117m[DEBUG]: [0mThis is a debug message from thread 2918-09-2026 00:29:33 [38;5;009m[ERROR]: [0mThis is a error message from thread 2418-09-2026 00:29:33 [38;5;117m[DEBUG]: [0mThis is a debug message from thread 1018-09-2026 00:29:33 [38;5;015m[INFO]: [0mThis is a info message from thread 2918-09-2026 00:29:33 [38;5;117m[DEBUG]: [0mThis is a debug message from thread 2418-09-2026 00:29:33 [38;5;015m[INFO]: [0mThis is a info message from thread 1018-09-2026 00:29:33 [38;5;015m[INFO]: [0mThis is a info message from thread 2418-09-2026 00:29:33 [38;5;117m[DEBUG]: [0mThis is a debug message from thread 1718-09-2026 00:29:33 [38;5;009m[ERROR]: [0mThis is a error message from thread 1018-09-2026 00:29:33 [38;5;009m[ERROR]: [0mThis is a error message from thread 2418-09-2026 00:29:33 [38;5;015m[INFO]: [0mThis is a info message from thread 1718-09-2026 00:29:33 [38;5;117m[DEBUG]: [0mThis is a debug message from thread 1018-09-2026 00:29:33 [38;5;117m[DEBUG]: [0mThis is a debug message from thread 2418-09-2026 00:29:33 [38;5;009m[ERROR]: [0mThis is a error message from thread 1718-09-2026 00:29:33 [38;5;015m[INFO]: [0mThis is a info message from thread 2418-09-2026 00:29:33 [38;5;009m[ERROR]: [0mThis is a error message from thread 2718-09-2026 00:29:33 [38;5;117m[DEBUG]: [0mThis is a debug message from thread 1718-09-2026 00:29:33 [38;5;117m[DEBUG]: [0mThis is a debug message from thread 2718-09-2026 00:29:33 [38;5;015m[INFO]: [0mThis is a info message from thread 1718-09-2026 00:29:33 [38;5;015m[INFO]: [0mThis is a info message from thread 2718-09-2026 00:29:33 [38;5;117m[DEBUG]: [0mThis is a debug message from thread 718-09-2026 00:29:33 [38;5;015m[INFO]: [0mThis is a info message from thread 718-09-2026 00:29:33 [38;5;009m[ERROR]: [0mThis is a error message from thread 2718-09-2026 00:29:33 [38;5;117m[DEBUG]: [0mThis is a debug message from thread 1918-09-2026 00:29:33 [38;5;117m[DEBUG]: [0mThis is a debug message from thread 2718-09-2026 00:29:33 [38;5;009m[ERROR]: [0mThis is a error message from thread 718-09-2026 00:29:33 [38;5;015m[INFO]: [0mThis is a info message from thread 1918-09-2026 00:29:33 [38;5;015m[INFO]: [0mThis is a info message from thread 2718-09-2026 00:29:33 [38;5;117m[DEBUG]: [0mThis is a debug message from thread 718-09-2026 00:29:33 [38;5;009m[ERROR]: [0mThis is a error message from thread 1918-09-2026 00:29:33 [38;5;009m[ERROR]: [0mThis is a error message from thread 2718-09-2026 00:29:33 [38;5;117m[DEBUG]: [0mThis is a debug message from thread 1918-09-2026 00:29:33 [38;5;015m[INFO]: [0mThis is a info message from thread 2818-09-2026 00:29:33 [38;5;015m[INFO]: [0mThis is a info message from thread 1918-09-2026 00:29:33 [38;5;009m[ERROR]: [0mThis is a error message from thread 2818-09-2026 00:29:33 [38;5;117m[DEBUG]: [0mThis is a debug message from thread 2218-09-2026 00:29:33 [38;5;009m[ERROR]: [0mThis is a error message from thread 1918-09-2026 00:29:33 [38;5;117m[DEBUG]: [0mThis is a debug message from thread 2818-09-2026 00:29:33 [38;5;117m[DEBUG]: [0mThis is a debug message from thread 118-09-2026 00:29:33 [38;5;015m[INFO]: [0mThis is a info message from thread 2818-09-2026 00:29:33 [38;5;117m[DEBUG]: [0mThis is a debug message from thread 1118-09-2026 00:29:33 [38;5;015m[INFO]: [0mThis is a info message from thread 118-09-2026 00:29:33 [38;5;015m[INFO]: [0mThis is a info message from thread 1118-09-2026 00:29:33 [38;5;015m[INFO]: [0mThis is a info message from thread 818-09-2026 00:29:33 [38;5;009m[ERROR]: [0mThis is a error message from thread 118-09-2026 00:29:33 [38;5;009m[ERROR]: [0mThis is a error message from thread 1118-09-2026 00:29:33 [38;5;009m[ERROR]: [0mThis is a error message from thread 818-09-2026 00:29:33 [38;5;117m[DEBUG]: [0mThis is a debug message from thread 118-09-2026 00:29:33 [38;5;117m[DEBUG]: [0mThis is a debug message from thread 1118-09-2026 00:29:33 [38;5;117m[DEBUG]: [0mThis is a debug message from thread 818-09-2026 00:29:33 [38;5;015m[INFO]: [0mThis is a info message from thread 818-09-2026 00:29:33 [38;5;015m[INFO]: [0mThis is a info message from thread 118-09-2026 00:29:33 [38;5;117m[DEBUG]: [0mThis is a debug message from thread 2018-09-2026 00:29:33 [38;5;009m[ERROR]: [0mThis is a error message from thread 118-09-2026 00:29:33 [38;5;015m[INFO]: [0mThis is a info message from thread 2018-09-2026 00:29:33 [38;5;015m[INFO]: [0mThis is a info message from thread 918-09-2026 00:29:33 [38;5;117m[DEBUG]: [0mThis is a debug message from thread 118-09-2026 00:29:33 [38;5;009m[ERROR]: [0mThis is a error message from thread 2018-09-2026 00:29:33 [38;5;009m[ERROR]: [0mThis is a error message from thread 918-09-2026 00:29:33 [38;5;015m[INFO]: [0mThis is a info message from thread 118-09-2026 00:29:33 [38;5;117m[DEBUG]: [0mThis is a debug message from thread 2018-09-2026 00:29:33 [38;5;117m[DEBUG]: [0mThis is a debug message from thread 918-09-2026 00:29:33 [38;5;009m[ERROR]: [0mThis is a error message from thread 118-09-2026 00:29:33 [38;5;015m[INFO]: [0mThis is a info message from thread 2018-09-2026 00:29:33 [38;5;015m[INFO]: [0mThis is a info message from thread 918-09-2026 00:29:33 [38;5;117m[DEBUG]: [0mThis is a debug message from thread 118-09-2026 00:29:33 [38;5;009m[ERROR]: [0mThis is a error message from thread 2018-09-2026 00:29:33 [38;5;009m[ERROR]: [0mThis is a error message from thread 918-09-2026 00:29:33 [38;5;015m[INFO]: [0mThis is a info message from thread 118-09-2026 00:29:33 [38;5;009m[ERROR]: [0mThis is a error message from thread 1718-09-2026 00:29:33 [38;5;009m[ERROR]: [0mThis is a error message from thread 2418-09-2026 00:29:33 [38;5;117m[DEBUG]: [0mThis is a debug message from thread 2018-09-2026 00:29:33 [38;5;117m[DEBUG]: [0mThis is a debug message from thread 918-09-2026 00:29:33 [38;5;009m[ERROR]: [0mThis is a error message from thread 2618-09-2026 00:29:33 [38;5;117m[DEBUG]: [0mThis is a debug message from thread 2418-09-2026 00:29:33 [38;5;117m[DEBUG]: [0mThis is a debug message from thread 2618-09-2026 00:29:33 [38;5;009m[ERROR]: [0mThis is a error message from thread 518-09-2026 00:29:33 [38;5;015m[INFO]: [0mThis is a info message from thread 2618-09-2026 00:29:33 [38;5;015m[INFO]: [0mThis is a info message from thread 218-09-2026 00:29:33 [38;5;015m[INFO]: [0mThis is a info message from thread 318-09-2026 00:29:33 [38;5;009m[ERROR]: [0mThis is a error message from thread 1618-09-2026 00:29:33 [38;5;009m[ERROR]: [0mThis is a error message from thread 318-09-2026 00:29:33 [38;5;117m[DEBUG]: [0mThis is a debug message from thread 418-09-2026 00:29:33 [38;5;117m[DEBUG]: [0mThis is a debug message from thread 318-09-2026 00:29:33 [38;5;117m[DEBUG]: [0mThis is a debug message from thread 1418-09-2026 00:29:33 [38;5;015m[INFO]: [0mThis is a info message from thread 318-09-2026 00:29:33 [38;5;015m[INFO]: [0mThis is a info message from thread 1418-09-2026 00:29:33 [38;5;009m[ERROR]: [0mThis is a error message from thread 318-09-2026 00:29:33 [38;5;009m[ERROR]: [0mThis is a error message from thread 1418-09-2026 00:29:33 [38;5;117m[DEBUG]: [0mThis is a debug message from thread 318-09-2026 00:29:33 [38;5;015m[INFO]: [0mThis is a info message from thread 1218-09-2026 00:29:33 [38;5;117m[DEBUG]: [0mThis is a debug message from thread 1418-09-2026 00:29:33 [38;5;009m[ERROR]: [0mThis is a error message from thread 2118-09-2026 00:29:33 [38;5;015m[INFO]: [0mThis is a info message from thread 1418-09-2026 00:29:33 [38;5;009m[ERROR]: [0mThis is a error message from thread 1518-09-2026 00:29:33 [38;5;117m[DEBUG]: [0mThis is a debug message from thread 2118-09-2026 00:29:33 [38;5;009m[ERROR]: [0mThis is a error message from thread 1418-09-2026 00:29:33 [38;5;117m[DEBUG]: [0mThis is a debug message from thread 1518-09-2026 00:29:33 [38;5;015m[INFO]: [0mThis is a info message from thread 2118-09-2026 00:29:33 [38;5;117m[DEBUG]: [0mThis is a debug message from thread 618-09-2026 00:29:33 [38;5;117m[DEBUG]: [0mThis is a debug message from thread 1718-09-2026 00:29:33 [38;5;009m[ERROR]: [0mThis is a error message from thread 2118-09-2026 00:29:33 [38;5;015m[INFO]: [0mThis is a info message from thread 618-09-2026 00:29:33 [38;5;015m[INFO]: [0mThis is a info message from thread 718-09-2026 00:29:33 [38;5;009m[ERROR]: [0mThis is a error message from thread 618-09-2026 00:29:33 [38;5;117m[DEBUG]: [0mThis is a debug message from thread 2718-09-2026 00:29:33 [38;5;117m[DEBUG]: [0mThis is a debug message from thread 618-09-2026 00:29:33 [38;5;015m[INFO]: [0mThis is a info message from thread 2218-09-2026 00:29:33 [38;5;015m[INFO]: [0mThis is a info message from thread 618-09-2026 00:29:33 [38;5;117m[DEBUG]: [0mThis is a debug message from thread 1918-09-2026 00:29:33 [38;5;009m[ERROR]: [0mThis is a error message from thread 618-09-2026 00:29:33 [38;5;015m[INFO]: [0mThis is a info message from thread 1918-09-2026 00:29:33 [38;5;117m[DEBUG]: [0mThis is a debug message from thread 618-09-2026 00:29:33 [38;5;009m[ERROR]: [0mThis is a error message from thread 1918-09-2026 00:29:33 [38;5;015m[INFO]: [0mThis is a info message from thread 618-09-2026 00:29:33 [38;5;117m[DEBUG]: [0mThis is a debug message from thread 1918-09-2026 00:29:33 [38;5;015m[INFO]: [0mThis is a info message from thread 1518-09-2026 00:29:33 [38;5;009m[ERROR]: [0mThis is a error message from thread 618-09-2026 00:29:33 [38;5;015m[INFO]: [0mThis is a info message from thread 1918-09-2026 00:29:33 [38;5;009m[ERROR]: [0mThis is a error message from thread 1518-09-2026 00:29:33 [38;5;117m[DEBUG]: [0mThis is a debug message from thread 618-09-2026 00:29:33 [38;5;009m[ERROR]: [0mThis is a error message from thread 1918-09-2026 00:29:33 [38;5;015m[INFO]: [0mThis is a info message from thread 1718-09-2026 00:29:33 [38;5;117m[DEBUG]: [0mThis is a debug message from thread 518-09-2026 00:29:33 [38;5;009m[ERROR]: [0mThis is a error message from thread 1718-09-2026 00:29:33 [38;5;009m[ERROR]: [0mThis is a error message from thread 2618-09-2026 00:29:33 [38;5;015m[INFO]: [0mThis is a info message from thread 518-09-2026 00:29:33 [38;5;117m[DEBUG]: [0mThis is a debug message from thread 1718-09-2026 00:29:33 [38;5;117m[DEBUG]: [0mThis is a debug message from thread 2618-09-2026 00:29:33 [38;5;009m[ERROR]: [0mThis is a error message from thread 518-09-2026 00:29:33 [38;5;015m[INFO]: [0mThis is a info message from thread 1718-09-2026 00:29:33 [38;5;117m[DEBUG]: [0mThis is a debug message from thread 518-09-2026 00:29:33 [38;5;009m[ERROR]: [0mThis is a error message from thread 218-09-2026 00:29:33 [38;5;009m[ERROR]: [0mThis is a error message from thread 1718-09-2026 00:29:33 [38;5;015m[INFO]: [0mThis is a info message from thread 518-09-2026 00:29:33 [38;5;117m[DEBUG]: [0mThis is a debug message from thread 1718-09-2026 00:29:33 [38;5;015m[INFO]: [0mThis is a info message from thread 1818-09-2026 00:29:33 [38;5;009m[ERROR]: [0mThis is a error message from thread 518-09-2026 00:29:33 [38;5;015m[INFO]: [0mThis is a info message from thread 1718-09-2026 00:29:33 [38;5;009m[ERROR]: [0mThis is a error message from thread 1818-09-2026 00:29:33 [38;5;117m[DEBUG]: [0mThis is a debug message from thread 518-09-2026 00:29:33 [38;5;009m[ERROR]: [0mThis is a error message from thread 1718-09-2026 00:29:33 [38;5;015m[INFO]: [0mThis is a info message from thread 518-09-2026 00:29:33 [38;5;117m[DEBUG]: [0mThis is a debug message from thread 1618-09-2026 00:29:33 [38;5;117m[DEBUG]: [0mThis is a debug message from thread 1518-09-2026 00:29:33 [38;5;015m[INFO]: [0mThis is a info message from thread 618-09-2026 00:29:33 [38;5;015m[INFO]: [0mThis is a info message from thread 918-09-2026 00:29:33 [38;5;015m[INFO]: [0mThis is a info message from thread 2418-09-2026 00:29:33 [38;5;117m[DEBUG]: [0mThis is a debug message from thread 1718-09-2026 00:29:33 [38;5;009m[ERROR]: [0mThis is a error message from thread 518-09-2026 00:29:33 [38;5;015m[INFO]: [0mThis is a info message from thread 1618-09-2026 00:29:33 [38;5;015m[INFO]: [0mThis is a info message from thread 418-09-2026 00:29:33 [38;5;009m[ERROR]: [0mThis is a error message from thread 418-09-2026 00:29:33 [38;5;015m[INFO]: [0mThis is a info message from thread 318-09-2026 00:29:33 [38;5;009m[ERROR]: [0mThis is a error message from thread 1218-09-2026 00:29:33 [38;5;117m[DEBUG]: [0mThis is a debug message from thread 1218-09-2026 00:29:33 [38;5;015m[INFO]: [0mThis is a info message from thread 018-09-2026 00:29:33 [38;5;009m[ERROR]: [0mThis is a error message from thread 2918-09-2026 00:29:33 [38;5;117m[DEBUG]: [0mThis is a debug message from thread 2918-09-2026 00:29:33 [38;5;117m[DEBUG]: [0mThis is a debug message from thread 1418-09-2026 00:29:33 [38;5;117m[DEBUG]: [0mThis is a debug message from thread 2118-09-2026 00:29:33 [38;5;009m[ERROR]: [0mThis is a error message from thread 718-09-2026 00:29:33 [38;5;117m[DEBUG]: [0mThis is a debug message from thread 718-09-2026 00:29:33 [38;5;009m[ERROR]: [0mThis is a error message from thread 2218-09-2026 00:29:33 [38;5;117m[DEBUG]: [0mThis is a debug message from thread 2218-09-2026 00:29:33 [38;5;009m[ERROR]: [0mThis is a error message from thread 2818-09-2026 00:29:33 [38;5;015m[INFO]: [0mThis is a info message from thread 2218-09-2026 00:29:33 [38;5;117m[DEBUG]: [0mThis is a debug message from thread 2818-09-2026 00:29:33 [38;5;009m[ERROR]: [0mThis is a error message from thread 2218-09-2026 00:29:33 [38;5;015m[INFO]: [0mThis is a info message from thread 1118-09-2026 00:29:33 [38;5;015m[INFO]: [0mThis is a info message from thread 2818-09-2026 00:29:33 [38;5;117m[DEBUG]: [0mThis is a debug message from thread 2218-09-2026 00:29:33 [38;5;009m[ERROR]: [0mThis is a error message from thread 1118-09-2026 00:29:33 [38;5;009m[ERROR]: [0mThis is a error message from thread 118-09-2026 00:29:33 [38;5;015m[INFO]: [0mThis is a info message from thread 2218-09-2026 00:29:33 [38;5;117m[DEBUG]: [0mThis is a debug message from thread 118-09-2026 00:29:33 [38;5;009m[ERROR]: [0mThis is a error message from thread 2218-09-2026 00:29:33 [38;5;117m[DEBUG]: [0mThis is a debug message from thread 218-09-2026 00:29:33 [38;5;015m[INFO]: [0mThis is a info message from thread 118-09-2026 00:29:33 [38;5;117m[DEBUG]: [0mThis is a debug message from thread 2218-09-2026 00:29:33 [38;5;015m[INFO]: [0mThis is a info message from thread 218-09-2026 00:29:33 [38;5;015m[INFO]: [0mThis is a info message from thread 2218-09-2026 00:29:33 [38;5;015m[INFO]: [0mThis is a info message from thread 2018-09-2026 00:29:33 [38;5;009m[ERROR]: [0mThis is a error message from thread 218-09-2026 00:29:33 [38;5;117m[DEBUG]: [0mThis is a debug message from thread 1818-09-2026 00:29:33 [38;5;009m[ERROR]: [0mThis is a error message from thread 2018-09-2026 00:29:33 [38;5;009m[ERROR]: [0mThis is a error message from thread 2418-09-2026 00:29:33 [38;5;015m[INFO]: [0mThis is a info message from thread 1818-09-2026 00:29:33 [38;5;117m[DEBUG]: [0mThis is a debug message from thread 2018-09-2026 00:29:33 [38;5;117m[DEBUG]: [0mThis is a debug message from thread 518-09-2026 00:29:33 [38;5;117m[DEBUG]: [0mThis is a debug message from thread 2418-09-2026 00:29:33 [38;5;009m[ERROR]: [0mThis is a error message from thread 1818-09-2026 00:29:33 [38;5;015m[INFO]: [0mThis is a info message from thread 2018-09-2026 00:29:33 [38;5;015m[INFO]: [0mThis is a info message from thread 518-09-2026 00:29:33 [38;5;015m[INFO]: [0mThis is a info message from thread 2418-09-2026 00:29:33 [38;5;009m[ERROR]: [0mThis is a error message from thread 1618-09-2026 00:29:33 [38;5;009m[ERROR]: [0mThis is a error message from thread 2018-09-2026 00:29:33 [38;5;009m[ERROR]: [0mThis is a error message from thread 2418-09-2026 00:29:33 [38;5;117m[DEBUG]: [0mThis is a debug message from thread 1618-09-2026 00:29:33 [38;5;117m[DEBUG]: [0mThis is a debug message from thread 418-09-2026 00:29:33 [38;5;117m[DEBUG]: [0mThis is a debug message from thread 2418-09-2026 00:29:33 [38;5;015m[INFO]: [0mThis is a info message from thread 1618-09-2026 00:29:33 [38;5;009m[ERROR]: [0mThis is a error message from thread 318-09-2026 00:29:33 [38;5;117m[DEBUG]: [0mThis is a debug message from thread 2518-09-2026 00:29:33 [38;5;015m[INFO]: [0mThis is a info message from thread 2418-09-2026 00:29:33 [38;5;015m[INFO]: [0mThis is a info message from thread 2518-09-2026 00:29:33 [38;5;009m[ERROR]: [0mThis is a error message from thread 2418-09-2026 00:29:33 [38;5;009m[ERROR]: [0mThis is a error message from thread 018-09-2026 00:29:33 [38;5;117m[DEBUG]: [0mThis is a debug message from thread 2418-09-2026 00:29:33 [38;5;015m[INFO]: [0mThis is a info message from thread 1018-09-2026 00:29:33 [38;5;117m[DEBUG]: [0mThis is a debug message from thread 018-09-2026 00:29:33 [38;5;015m[INFO]: [0mThis is a info message from thread 2418-09-2026 00:29:33 [38;5;009m[ERROR]: [0mThis is a error message from thread 1018-09-2026 00:29:33 [38;5;015m[INFO]: [0mThis is a info message from thread 018-09-2026 00:29:33 [38;5;117m[DEBUG]: [0mThis is a debug message from thread 1018-09-2026 00:29:33 [38;5;015m[INFO]: [0mThis is a info message from thread 2918-09-2026 00:29:33 [38;5;015m[INFO]: [0mThis is a info message from thread 1018-09-2026 00:29:33 [38;5;009m[ERROR]: [0mThis is a error message from thread 018-09-2026 00:29:33 [38;5;009m[ERROR]: [0mThis is a error message from thread 2918-09-2026 00:29:33 [38;5;009m[ERROR]: [0mThis is a error message from thread 1018-09-2026 00:29:33 [38;5;117m[DEBUG]: [0mThis is a debug message from thread 018-09-2026 00:29:33 [38;5;117m[DEBUG]: [0mThis is a debug message from thread 2918-09-2026 00:29:33 [38;5;117m[DEBUG]: [0mThis is a debug message from thread 1018-09-2026 00:29:33 [38;5;009m[ERROR]: [0mThis is a error message from thread 2818-09-2026 00:29:33 [38;5;015m[INFO]: [0mThis is a info message from thread 2318-09-2026 00:29:33 [38;5;117m[DEBUG]: [0mThis is a debug message from thread 2818-09-2026 00:29:33 [38;5;015m[INFO]: [0mThis is a info message from thread 1018-09-2026 00:29:33 [38;5;015m[INFO]: [0mThis is a info message from thread 2818-09-2026 00:29:33 [38;5;009m[ERROR]: [0mThis is a error message from thread 1018-09-2026 00:29:33 [38;5;009m[ERROR]: [0mThis is a error message from thread 518-09-2026 00:29:33 [38;5;009m[ERROR]: [0mThis is a error message from thread 2818-09-2026 00:29:33 [38;5;117m[DEBUG]: [0mThis is a debug message from thread 1018-09-2026 00:29:33 [38;5;117m[DEBUG]: [0mThis is a debug message from thread 518-09-2026 00:29:33 [38;5;117m[DEBUG]: [0mThis is a debug message from thread 2818-09-2026 00:29:33 [38;5;015m[INFO]: [0mThis is a info message from thread 1018-09-2026 00:29:33 [38;5;015m[INFO]: [0mThis is a info message from thread 518-09-2026 00:29:33 [38;5;015m[INFO]: [0mThis is a info message from thread 2818-09-2026 00:29:33 [38;5;009m[ERROR]: [0mThis is a error message from thread 1018-09-2026 00:29:33 [38;5;009m[ERROR]: [0mThis is a error message from thread 518-09-2026 00:29:33 [38;5;117m[DEBUG]: [0mThis is a debug message from thread 1018-09-2026 00:29:33 [38;5;117m[DEBUG]: [0mThis is a debug message from thread 1918-09-2026 00:29:33 [38;5;015m[INFO]: [0mThis is a info message from thread 1018-09-2026 00:29:33 [38;5;009m[ERROR]: [0mThis is a error message from thread 618-09-2026 00:29:33 [38;5;009m[ERROR]: [0mThis is a error message from thread 1018-09-2026 00:29:33 [38;5;015m[INFO]: [0mThis is a info message from thread 2618-09-2026 00:29:33 [38;5;117m[DEBUG]: [0mThis is a debug message from thread 618-09-2026 00:29:33 [38;5;117m[DEBUG]: [0mThis is a debug message from thread 1018-09-2026 00:29:33 [38;5;015m[INFO]: [0mThis is a info message from thread 618-09-2026 00:29:33 [38;5;117m[DEBUG]: [0mThis is a debug message from thread 1118-09-2026 00:29:33 [38;5;015m[INFO]: [0mThis is a info message from thread 1018-09-2026 00:29:33 [38;5;009m[ERROR]: [0mThis is a error message from thread 618-09-2026 00:29:33 [38;5;015m[INFO]: [0mThis is a info message from thread 1118-09-2026 00:29:33 [38;5;009m[ERROR]: [0mThis is a error message from thread 1018-09-2026 00:29:33 [38;5;015m[INFO]: [0mThis is a info message from thread 2918-09-2026 00:29:33 [38;5;015m[INFO]: [0mThis is a info message from thread 1418-09-2026 00:29:33 [38;5;015m[INFO]: [0mThis is a info message from thread 2118-09-2026 00:29:33 [38;5;015m[INFO]: [0mThis is a info message from thread 2718-09-2026 00:29:33 [38;5;015m[INFO]: [0mThis is a info message from thread 718-09-2026 00:29:33 [38;5;009m[ERROR]: [0mThis is a error message from thread 818-09-2026 00:29:33 [38;5;117m[DEBUG]: [0mThis is a debug message from thread 618-09-2026 00:29:33 [38;5;117m[DEBUG]: [0mThis is a debug message from thread 318-09-2026 00:29:33 [38;5;015m[INFO]: [0mThis is a info message from thread 618-09-2026 00:29:33 [38;5;015m[INFO]: [0mThis is a info message from thread 318-09-2026 00:29:33 [38;5;009m[ERROR]: [0mThis is a error message from thread 618-09-2026 00:29:33 [38;5;009m[ERROR]: [0mThis is a error message from thread 318-09-2026 00:29:33 [38;5;009m[ERROR]: [0mThis is a error message from thread 118-09-2026 00:29:33 [38;5;117m[DEBUG]: [0mThis is a debug message from thread 618-09-2026 00:29:33 [38;5;117m[DEBUG]: [0mThis is a debug message from thread 318-09-2026 00:29:33 [38;5;009m[ERROR]: [0mThis is a error message from thread 2218-09-2026 00:29:33 [38;5;117m[DEBUG]: [0mThis is a debug message from thread 218-09-2026 00:29:33 [38;5;015m[INFO]: [0mThis is a info message from thread 1718-09-2026 00:29:33 [38;5;015m[INFO]: [0mThis is a info message from thread 318-09-2026 00:29:33 [38;5;117m[DEBUG]: [0mThis is a debug message from thread 2218-09-2026 00:29:33 [38;5;117m[DEBUG]: [0mThis is a debug message from thread 118-09-2026 00:29:33 [38;5;117m[DEBUG]: [0mThis is a debug message from thread 2018-09-2026 00:29:33 [38;5;015m[INFO]: [0mThis is a info message from thread 2218-09-2026 00:29:33 [38;5;015m[INFO]: [0mThis is a info message from thread 118-09-2026 00:29:33 [38;5;009m[ERROR]: [0mThis is a error message from thread 2218-09-2026 00:29:33 [38;5;009m[ERROR]: [0mThis is a error message from thread 118-09-2026 00:29:33 [38;5;009m[ERROR]: [0mThis is a error message from thread 2418-09-2026 00:29:33 [38;5;117m[DEBUG]: [0mThis is a debug message from thread 2218-09-2026 00:29:33 [38;5;117m[DEBUG]: [0mThis is a debug message from thread 118-09-2026 00:29:33 [38;5;117m[DEBUG]: [0mThis is a debug message from thread 2418-09-2026 00:29:33 [38;5;015m[INFO]: [0mThis is a info message from thread 118-09-2026 00:29:33 [38;5;015m[INFO]: [0mThis is a info message from thread 018-09-2026 00:29:33 [38;5;015m[INFO]: [0mThis is a info message from thread 2418-09-2026 00:29:33 [38;5;009m[ERROR]: [0mThis is a error message from thread 018-09-2026 00:29:33 [38;5;009m[ERROR]: [0mThis is a error message from thread 1718-09-2026 00:29:33 [38;5;117m[DEBUG]: [0mThis is a debug message from thread 018-09-2026 00:29:33 [38;5;009m[ERROR]: [0mThis is a error message from thread 2918-09-2026 00:29:33 [38;5;117m[DEBUG]: [0mThis is a debug message from thread 1718-09-2026 00:29:33 [38;5;015m[INFO]: [0mThis is a info message from thread 218-09-2026 00:29:33 [38;5;009m[ERROR]: [0mThis is a error message from thread 318-09-2026 00:29:33 [38;5;015m[INFO]: [0mThis is a info message from thread 418-09-2026 00:29:33 [38;5;015m[INFO]: [0mThis is a info message from thread 018-09-2026 00:29:33 [38;5;009m[ERROR]: [0mThis is a error message from thread 2518-09-2026 00:29:33 [38;5;015m[INFO]: [0mThis is a info message from thread 2218-09-2026 00:29:33 [38;5;009m[ERROR]: [0mThis is a error message from thread 118-09-2026 00:29:33 [38;5;009m[ERROR]: [0mThis is a error message from thread 2418-09-2026 00:29:33 [38;5;117m[DEBUG]: [0mThis is a debug message from thread 2918-09-2026 00:29:33 [38;5;015m[INFO]: [0mThis is a info message from thread 2918-09-2026 00:29:33 [38;5;009m[ERROR]: [0mThis is a error message from thread 1418-09-2026 00:29:33 [38;5;009m[ERROR]: [0mThis is a error message from thread 2118-09-2026 00:29:33 [38;5;009m[ERROR]: [0mThis is a error message from thread 2318-09-2026 00:29:33 [38;5;015m[INFO]: [0mThis is a info message from thread 1518-09-2026 00:29:33 [38;5;117m[DEBUG]: [0mThis is a debug message from thread 2318-09-2026 00:29:33 [38;5;009m[ERROR]: [0mThis is a error message from thread 1518-09-2026 00:29:33 [38;5;009m[ERROR]: [0mThis is a error message from thread 218-09-2026 00:29:33 [38;5;117m[DEBUG]: [0mThis is a debug message from thread 318-09-2026 00:29:33 [38;5;117m[DEBUG]: [0mThis is a debug message from thread 218-09-2026 00:29:33 [38;5;117m[DEBUG]: [0mThis is a debug message from thread 518-09-2026 00:29:33 [38;5;015m[INFO]: [0mThis is a info message from thread 318-09-2026 00:29:33 [38;5;015m[INFO]: [0mThis is a info message from thread 218-09-2026 00:29:33 [38;5;015m[INFO]: [0mThis is a info message from thread 518-09-2026 00:29:33 [38;5;009m[ERROR]: [0mThis is a error message from thread 318-09-2026 00:29:33 [38;5;009m[ERROR]: [0mThis is a error message from thread 2818-09-2026 00:29:33 [38;5;117m[DEBUG]: [0mThis is a debug message from thread 318-09-2026 00:29:33 [38;5;015m[INFO]: [0mThis is a info message from thread 1918-09-2026 00:29:33 [38;5;117m[DEBUG]: [0mThis is a debug message from thread 2818-09-2026 00:29:33 [38;5;015m[INFO]: [0mThis is a info message from thread 318-09-2026 00:29:33 [38;5;009m[ERROR]: [0mThis is a error message from thread 1918-09-2026 00:29:33 [38;5;015m[INFO]: [0mThis is a info message from thread 2818-09-2026 00:29:33 [38;5;009m[ERROR]: [0mThis is a error message from thread 318-09-2026 00:29:33 [38;5;009m[ERROR]: [0mThis is a error message from thread 1618-09-2026 00:29:33 [38;5;015m[INFO]: [0mThis is a info message from thread 1318-09-2026 00:29:33 [38;5;015m[INFO]: [0mThis is a info message from thread 2018-09-2026 00:29:33 [38;5;117m[DEBUG]: [0mThis is a debug message from thread 1618-09-2026 00:29:33 [38;5;009m[ERROR]: [0mThis is a error message from thread 2018-09-2026 00:29:33 [38;5;015m[INFO]: [0mThis is a info message from thread 1218-09-2026 00:29:33 [38;5;015m[INFO]: [0mThis is a info message from thread 1618-09-2026 00:29:33 [38;5;117m[DEBUG]: [0mThis is a debug message from thread 2018-09-2026 00:29:33 [38;5;009m[ERROR]: [0mThis is a error message from thread 1218-09-2026 00:29:33 [38;5;009m[ERROR]: [0mThis is a error message from thread 1618-09-2026 00:29:33 [38;5;015m[INFO]: [0mThis is a info message from thread 2018-09-2026 00:29:33 [38;5;117m[DEBUG]: [0mThis is a debug message from thread 1218-09-2026 00:29:33 [38;5;117m[DEBUG]: [0mThis is a debug message from thread 1618-09-2026 00:29:33 [38;5;009m[ERROR]: [0mThis is a error message from thread 2018-09-2026 00:29:33 [38;5;015m[INFO]: [0mThis is a info message from thread 1218-09-2026 00:29:33 [38;5;015m[INFO]: [0mThis is a info message from thread 1618-09-2026 00:29:33 [38;5;117m[DEBUG]: [0mThis is a debug message from thread 2018-09-2026 00:29:33 [38;5;009m[ERROR]: [0mThis is a error message from thread 1218-09-2026 00:29:33 [38;5;009m[ERROR]: [0mThis is a error message from thread 1618-09-2026 00:29:33 [38;5;117m[DEBUG]: [0mThis is a debug message from thread 1618-09-2026 00:29:33 [38;5;015m[INFO]: [0mThis is a info message from thread 2018-09-2026 00:29:33 [38;5;009m[ERROR]: [0mThis is a error message from thread 018-09-2026 00:29:33 [38;5;015m[INFO]: [0mThis is a info message from thread 1618-09-2026 00:29:33 [38;5;009m[ERROR]: [0mThis is a error message from thread 2018-09-2026 00:29:33 [38;5;117m[DEBUG]: [0mThis is a debug message from thread 018-09-2026 00:29:33 [38;5;009m[ERROR]: [0mThis is a error message from thread 1618-09-2026 00:29:33 [38;5;015m[INFO]: [0mThis is a info message from thread 018-09-2026 00:29:33 [38;5;117m[DEBUG]: [0mThis is a debug message from thread 2518-09-2026 00:29:33 [38;5;117m[DEBUG]: [0mThis is a debug message from thread 1618-09-2026 00:29:33 [38;5;009m[ERROR]: [0mThis is a error message from thread 018-09-2026 00:29:33 [38;5;015m[INFO]: [0mThis is a info message from thread 2518-09-2026 00:29:33 [38;5;015m[INFO]: [0mThis is a info message from thread 1618-09-2026 00:29:33 [38;5;117m[DEBUG]: [0mThis is a debug message from thread 018-09-2026 00:29:33 [38;5;009m[ERROR]: [0mThis is a error message from thread 2518-09-2026 00:29:33 [38;5;009m[ERROR]: [0mThis is a error message from thread 1618-09-2026 00:29:33 [38;5;015m[INFO]: [0mThis is a info message from thread 018-09-2026 00:29:33 [38;5;117m[DEBUG]: [0mThis is a debug message from thread 2518-09-2026 00:29:33 [38;5;117m[DEBUG]: [0mThis is a debug message from thread 1618-09-2026 00:29:33 [38;5;009m[ERROR]: [0mThis is a error message from thread 018-09-2026 00:29:33 [38;5;015m[INFO]: [0mThis is a info message from thread 2518-09-2026 00:29:33 [38;5;015m[INFO]: [0mThis is a info message from thread 1618-09-2026 00:29:33 [38;5;117m[DEBUG]: [0mThis is a debug message from thread 018-09-2026 00:29:33 [38;5;009m[ERROR]: [0mThis is a error message from thread 2518-09-2026 00:29:33 [38;5;009m[ERROR]: [0mThis is a error message from thread 1618-09-2026 00:29:33 [38;5;015m[INFO]: [0mThis is a info message from thread 018-09-2026 00:29:33 [38;5;117m[DEBUG]: [0mThis is a debug message from thread 2518-09-2026 00:29:33 [38;5;117m[DEBUG]: [0mThis is a debug message from thread 1618-09-2026 00:29:33 [38;5;009m[ERROR]: [0mThis is a error message from thread 018-09-2026 00:29:33 [38;5;015m[INFO]: [0mThis is a info message from thread 2518-09-2026 00:29:33 [38;5;015m[INFO]: [0mThis is a info message from thread 1618-09-2026 00:29:33 [38;5;117m[DEBUG]: [0mThis is a debug message from thread 018-09-2026 00:29:33 [38;5;009m[ERROR]: [0mThis is a error message from thread 2518-09-2026 00:29:33 [38;5;117m[DEBUG]: [0mThis is a debug message from thread 2418-09-2026 00:29:33 [38;5;117m[DEBUG]: [0mThis is a debug message from thread 318-09-2026 00:29:33 [38;5;015m[INFO]: [0mThis is a info message from thread 2418-09-2026 00:29:33 [38;5;117m[DEBUG]: [0mThis is a debug message from thread 2518-09-2026 00:29:33 [38;5;009m[ERROR]: [0mThis is a error message from thread 1118-09-2026 00:29:33 [38;5;117m[DEBUG]: [0mThis is a debug message from thread 1018-09-2026 00:29:33 [38;5;015m[INFO]: [0mThis is a info message from thread 618-09-2026 00:29:33 [38;5;117m[DEBUG]: [0mThis is a debug message from thread 1818-09-2026 00:29:33 [38;5;009m[ERROR]: [0mThis is a error message from thread 1618-09-2026 00:29:33 [38;5;015m[INFO]: [0mThis is a info message from thread 018-09-2026 00:29:33 [38;5;009m[ERROR]: [0mThis is a error message from thread 2218-09-2026 00:29:33 [38;5;015m[INFO]: [0mThis is a info message from thread 318-09-2026 00:29:33 [38;5;117m[DEBUG]: [0mThis is a debug message from thread 1618-09-2026 00:29:33 [38;5;009m[ERROR]: [0mThis is a error message from thread 018-09-2026 00:29:33 [38;5;009m[ERROR]: [0mThis is a error message from thread 318-09-2026 00:29:33 [38;5;117m[DEBUG]: [0mThis is a debug message from thread 018-09-2026 00:29:33 [38;5;117m[DEBUG]: [0mThis is a debug message from thread 318-09-2026 00:29:33 [38;5;015m[INFO]: [0mThis is a info message from thread 2518-09-2026 00:29:33 [38;5;015m[INFO]: [0mThis is a info message from thread 018-09-2026 00:29:33 [38;5;015m[INFO]: [0mThis is a info message from thread 318-09-2026 00:29:33 [38;5;117m[DEBUG]: [0mThis is a debug message from thread 2218-09-2026 00:29:33 [38;5;009m[ERROR]: [0mThis is a error message from thread 2518-09-2026 00:29:33 [38;5;009m[ERROR]: [0mThis is a error message from thread 318-09-2026 00:29:33 [38;5;015m[INFO]: [0mThis is a info message from thread 2218-09-2026 00:29:33 [38;5;117m[DEBUG]: [0mThis is a debug message from thread 1418-09-2026 00:29:33 [38;5;117m[DEBUG]: [0mThis is a debug message from thread 2118-09-2026 00:29:33 [38;5;009m[ERROR]: [0mThis is a error message from thread 2218-09-2026 00:29:33 [38;5;117m[DEBUG]: [0mThis is a debug message from thread 1118-09-2026 00:29:33 [38;5;015m[INFO]: [0mThis is a info message from thread 2118-09-2026 00:29:33 [38;5;117m[DEBUG]: [0mThis is a debug message from thread 2218-09-2026 00:29:33 [38;5;015m[INFO]: [0mThis is a info message from thread 1118-09-2026 00:29:33 [38;5;009m[ERROR]: [0mThis is a error message from thread 2118-09-2026 00:29:33 [38;5;015m[INFO]: [0mThis is a info message from thread 2218-09-2026 00:29:33 [38;5;117m[DEBUG]: [0mThis is a debug message from thread 2118-09-2026 00:29:33 [38;5;009m[ERROR]: [0mThis is a error message from thread 2718-09-2026 00:29:33 [38;5;009m[ERROR]: [0mThis is a error message from thread 2218-09-2026 00:29:33 [38;5;015m[INFO]: [0mThis is a info message from thread 2118-09-2026 00:29:33 [38;5;117m[DEBUG]: [0mThis is a debug message from thread 2718-09-2026 00:29:33 [38;5;117m[DEBUG]: [0mThis is a debug message from thread 2218-09-2026 00:29:33 [38;5;117m[DEBUG]: [0mThis is a debug message from thread 1518-09-2026 00:29:33 [38;5;015m[INFO]: [0mThis is a info message from thread 2218-09-2026 00:29:33 [38;5;015m[INFO]: [0mThis is a info message from thread 1518-09-2026 00:29:33 [38;5;009m[ERROR]: [0mThis is a error message from thread 718-09-2026 00:29:33 [38;5;009m[ERROR]: [0mThis is a error message from thread 1518-09-2026 00:29:33 [38;5;117m[DEBUG]: [0mThis is a debug message from thread 718-09-2026 00:29:33 [38;5;117m[DEBUG]: [0mThis is a debug message from thread 1518-09-2026 00:29:33 [38;5;015m[INFO]: [0mThis is a info message from thread 718-09-2026 00:29:33 [38;5;015m[INFO]: [0mThis is a info message from thread 1518-09-2026 00:29:33 [38;5;009m[ERROR]: [0mThis is a error message from thread 518-09-2026 00:29:33 [38;5;009m[ERROR]: [0mThis is a error message from thread 1518-09-2026 00:29:33 [38;5;117m[DEBUG]: [0mThis is a debug message from thread 1918-09-2026 00:29:33 [38;5;009m[ERROR]: [0mThis is a error message from thread 2818-09-2026 00:29:33 [38;5;117m[DEBUG]: [0mThis is a debug message from thread 1518-09-2026 00:29:33 [38;5;015m[INFO]: [0mThis is a info message from thread 1918-09-2026 00:29:33 [38;5;117m[DEBUG]: [0mThis is a debug message from thread 2818-09-2026 00:29:33 [38;5;015m[INFO]: [0mThis is a info message from thread 1518-09-2026 00:29:33 [38;5;015m[INFO]: [0mThis is a info message from thread 2818-09-2026 00:29:33 [38;5;009m[ERROR]: [0mThis is a error message from thread 1918-09-2026 00:29:33 [38;5;009m[ERROR]: [0mThis is a error message from thread 1318-09-2026 00:29:33 [38;5;009m[ERROR]: [0mThis is a error message from thread 2818-09-2026 00:29:33 [38;5;117m[DEBUG]: [0mThis is a debug message from thread 1918-09-2026 00:29:33 [38;5;117m[DEBUG]: [0mThis is a debug message from thread 1318-09-2026 00:29:33 [38;5;015m[INFO]: [0mThis is a info message from thread 1318-09-2026 00:29:33 [38;5;015m[INFO]: [0mThis is a info message from thread 1918-09-2026 00:29:33 [38;5;117m[DEBUG]: [0mThis is a debug message from thread 1218-09-2026 00:29:33 [38;5;009m[ERROR]: [0mThis is a error message from thread 1318-09-2026 00:29:33 [38;5;009m[ERROR]: [0mThis is a error message from thread 1918-09-2026 00:29:33 [38;5;015m[INFO]: [0mThis is a info message from thread 1218-09-2026 00:29:33 [38;5;117m[DEBUG]: [0mThis is a debug message from thread 1318-09-2026 00:29:33 [38;5;117m[DEBUG]: [0mThis is a debug message from thread 1918-09-2026 00:29:33 [38;5;009m[ERROR]: [0mThis is a error message from thread 1218-09-2026 00:29:33 [38;5;015m[INFO]: [0mThis is a info message from thread 1918-09-2026 00:29:33 [38;5;117m[DEBUG]: [0mThis is a debug message from thread 2018-09-2026 00:29:33 [38;5;117m[DEBUG]: [0mThis is a debug message from thread 1218-09-2026 00:29:33 [38;5;009m[ERROR]: [0mThis is a error message from thread 1918-09-2026 00:29:33 [38;5;015m[INFO]: [0mThis is a info message from thread 2018-09-2026 00:29:33 [38;5;015m[INFO]: [0mThis is a info message from thread 1218-09-2026 00:29:33 [38;5;117m[DEBUG]: [0mThis is a debug message from thread 1918-09-2026 00:29:33 [38;5;009m[ERROR]: [0mThis is a error message from thread 2018-09-2026 00:29:33 [38;5;009m[ERROR]: [0mThis is a error message from thread 1218-09-2026 00:29:33 [38;5;015m[INFO]: [0mThis is a info message from thread 1918-09-2026 00:29:33 [38;5;117m[DEBUG]: [0mThis is a debug message from thread 518-09-2026 00:29:33 [38;5;009m[ERROR]: [0mThis is a error message from thread 918-09-2026 00:29:33 [38;5;009m[ERROR]: [0mThis is a error message from thread 2618-09-2026 00:29:33 [38;5;117m[DEBUG]: [0mThis is a debug message from thread 2018-09-2026 00:29:33 [38;5;117m[DEBUG]: [0mThis is a debug message from thread 1218-09-2026 00:29:33 [38;5;009m[ERROR]: [0mThis is a error message from thread 1918-09-2026 00:29:33 [38;5;117m[DEBUG]: [0mThis is a debug message from thread 118-09-2026 00:29:33 [38;5;015m[INFO]: [0mThis is a info message from thread 118-09-2026 00:29:33 [38;5;009m[ERROR]: [0mThis is a error message from thread 118-09-2026 00:29:33 [38;5;117m[DEBUG]: [0mThis is a debug message from thread 118-09-2026 00:29:33 [38;5;009m[ERROR]: [0mThis is a error message from thread 018-09-2026 00:29:33 [38;5;009m[ERROR]: [0mThis is a error message from thread 2918-09-2026 00:29:33 [38;5;117m[DEBUG]: [0mThis is a debug message from thread 2518-09-2026 00:29:33 [38;5;009m[ERROR]: [0mThis is a error message from thread 2118-09-2026 00:29:33 [38;5;015m[INFO]: [0mThis is a info message from thread 2718-09-2026 00:29:33 [38;5;009m[ERROR]: [0mThis is a error message from thread 2718-09-2026 00:29:33 [38;5;117m[DEBUG]: [0mThis is a debug message from thread 2718-09-2026 00:29:33 [38;5;015m[INFO]: [0mThis is a info message from thread 2718-09-2026 00:29:33 [38;5;009m[ERROR]: [0mThis is a error message from thread 2718-09-2026 00:29:33 [38;5;009m[ERROR]: [0mThis is a error message from thread 1118-09-2026 00:29:33 [38;5;009m[ERROR]: [0mThis is a error message from thread 618-09-2026 00:29:33 [38;5;117m[DEBUG]: [0mThis is a debug message from thread 1118-09-2026 00:29:33 [38;5;009m[ERROR]: [0mThis is a error message from thread 218-09-2026 00:29:33 [38;5;117m[DEBUG]: [0mThis is a debug message from thread 618-09-2026 00:29:33 [38;5;015m[INFO]: [0mThis is a info message from thread 1818-09-2026 00:29:33 [38;5;009m[ERROR]: [0mThis is a error message from thread 2218-09-2026 00:29:33 [38;5;015m[INFO]: [0mThis is a info message from thread 1118-09-2026 00:29:33 [38;5;009m[ERROR]: [0mThis is a error message from thread 1518-09-2026 00:29:33 [38;5;117m[DEBUG]: [0mThis is a debug message from thread 2818-09-2026 00:29:33 [38;5;015m[INFO]: [0mThis is a info message from thread 2818-09-2026 00:29:33 [38;5;009m[ERROR]: [0mThis is a error message from thread 2818-09-2026 00:29:33 [38;5;117m[DEBUG]: [0mThis is a debug message from thread 2818-09-2026 00:29:33 [38;5;015m[INFO]: [0mThis is a info message from thread 2818-09-2026 00:29:33 [38;5;117m[DEBUG]: [0mThis is a debug message from thread 918-09-2026 00:29:33 [38;5;009m[ERROR]: [0mThis is a error message from thread 2818-09-2026 00:29:33 [38;5;015m[INFO]: [0mThis is a info message from thread 918-09-2026 00:29:33 [38;5;117m[DEBUG]: [0mThis is a debug message from thread 2818-09-2026 00:29:33 [38;5;009m[ERROR]: [0mThis is a error message from thread 918-09-2026 00:29:33 [38;5;015m[INFO]: [0mThis is a info message from thread 2818-09-2026 00:29:33 [38;5;015m[INFO]: [0mThis is a info message from thread 1718-09-2026 00:29:33 [38;5;015m[INFO]: [0mThis is a info message from thread 1618-09-2026 00:29:33 [38;5;009m[ERROR]: [0mThis is a error message from thread 2818-09-2026 00:29:33 [38;5;009m[ERROR]: [0mThis is a error message from thread 1718-09-2026 00:29:33 [38;5;009m[ERROR]: [0mThis is a error message from thread 1618-09-2026 00:29:33 [38;5;117m[DEBUG]: [0mThis is a debug message from thread 1718-09-2026 00:29:33 [38;5;009m[ERROR]: [0mThis is a error message from thread 2418-09-2026 00:29:33 [38;5;117m[DEBUG]: [0mThis is a debug message from thread 1618-09-2026 00:29:33 [38;5;015m[INFO]: [0mThis is a info message from thread 1718-09-2026 00:29:33 [38;5;117m[DEBUG]: [0mThis is a debug message from thread 2418-09-2026 00:29:33 [38;5;009m[ERROR]: [0mThis is a error message from thread 1718-09-2026 00:29:33 [38;5;015m[INFO]: [0mThis is a info message from thread 2418-09-2026 00:29:33 [38;5;117m[DEBUG]: [0mThis is a debug message from thread 1718-09-2026 00:29:33 [38;5;117m[DEBUG]: [0mThis is a debug message from thread 2918-09-2026 00:29:33 [38;5;009m[ERROR]: [0mThis is a error message from thread 2418-09-2026 00:29:33 [38;5;015m[INFO]: [0mThis is a info message from thread 1718-09-2026 00:29:33 [38;5;015m[INFO]: [0mThis is a info message from thread 2918-09-2026 00:29:33 [38;5;009m[ERROR]: [0mThis is a error message from thread 1718-09-2026 00:29:33 [38;5;009m[ERROR]: [0mThis is a error message from thread 2918-09-2026 00:29:33 [38;5;117m[DEBUG]: [0mThis is a debug message from thread 318-09-2026 00:29:33 [38;5;117m[DEBUG]: [0mThis is a debug message from thread 2918-09-2026 00:29:33 [38;5;015m[INFO]: [0mThis is a info message from thread 1018-09-2026 00:29:33 [38;5;015m[INFO]: [0mThis is a info message from thread 2918-09-2026 00:29:33 [38;5;015m[INFO]: [0mThis is a info message from thread 2318-09-2026 00:29:33 [38;5;009m[ERROR]: [0mThis is a error message from thread 1018-09-2026 00:29:33 [38;5;009m[ERROR]: [0mThis is a error message from thread 2318-09-2026 00:29:33 [38;5;117m[DEBUG]: [0mThis is a debug message from thread 218-09-2026 00:29:33 [38;5;117m[DEBUG]: [0mThis is a debug message from thread 2318-09-2026 00:29:33 [38;5;009m[ERROR]: [0mThis is a error message from thread 1818-09-2026 00:29:33 [38;5;015m[INFO]: [0mThis is a info message from thread 2318-09-2026 00:29:33 [38;5;117m[DEBUG]: [0mThis is a debug message from thread 1518-09-2026 00:29:33 [38;5;015m[INFO]: [0mThis is a info message from thread 1218-09-2026 00:29:33 [38;5;117m[DEBUG]: [0mThis is a debug message from thread 918-09-2026 00:29:33 [38;5;015m[INFO]: [0mThis is a info message from thread 1518-09-2026 00:29:33 [38;5;015m[INFO]: [0mThis is a info message from thread 918-09-2026 00:29:33 [38;5;015m[INFO]: [0mThis is a info message from thread 118-09-2026 00:29:33 [38;5;009m[ERROR]: [0mThis is a error message from thread 1518-09-2026 00:29:33 [38;5;009m[ERROR]: [0mThis is a error message from thread 118-09-2026 00:29:33 [38;5;117m[DEBUG]: [0mThis is a debug message from thread 1518-09-2026 00:29:33 [38;5;117m[DEBUG]: [0mThis is a debug message from thread 2418-09-2026 00:29:33 [38;5;015m[INFO]: [0mThis is a info message from thread 1518-09-2026 00:29:33 [38;5;015m[INFO]: [0mThis is a info message from thread 2518-09-2026 00:29:33 [38;5;015m[INFO]: [0mThis is a info message from thread 2418-09-2026 00:29:33 [38;5;009m[ERROR]: [0mThis is a error message from thread 1518-09-2026 00:29:33 [38;5;009m[ERROR]: [0mThis is a error message from thread 2418-09-2026 00:29:33 [38;5;117m[DEBUG]: [0mThis is a debug message from thread 1518-09-2026 00:29:33 [38;5;117m[DEBUG]: [0mThis is a debug message from thread 1718-09-2026 00:29:33 [38;5;015m[INFO]: [0mThis is a info message from thread 1418-09-2026 00:29:33 [38;5;015m[INFO]: [0mThis is a info message from thread 1718-09-2026 00:29:33 [38;5;015m[INFO]: [0mThis is a info message from thread 318-09-2026 00:29:33 [38;5;009m[ERROR]: [0mThis is a error message from thread 1418-09-2026 00:29:33 [38;5;009m[ERROR]: [0mThis is a error message from thread 1718-09-2026 00:29:33 [38;5;009m[ERROR]: [0mThis is a error message from thread 318-09-2026 00:29:33 [38;5;117m[DEBUG]: [0mThis is a debug message from thread 1718-09-2026 00:29:33 [38;5;009m[ERROR]: [0mThis is a error message from thread 2918-09-2026 00:29:33 [38;5;117m[DEBUG]: [0mThis is a debug message from thread 318-09-2026 00:29:33 [38;5;015m[INFO]: [0mThis is a info message from thread 1718-09-2026 00:29:33 [38;5;117m[DEBUG]: [0mThis is a debug message from thread 2918-09-2026 00:29:33 [38;5;015m[INFO]: [0mThis is a info message from thread 318-09-2026 00:29:33 [38;5;015m[INFO]: [0mThis is a info message from thread 2918-09-2026 00:29:33 [38;5;015m[INFO]: [0mThis is a info message from thread 1318-09-2026 00:29:33 [38;5;009m[ERROR]: [0mThis is a error message from thread 318-09-2026 00:29:33 [38;5;009m[ERROR]: [0mThis is a error message from thread 1318-09-2026 00:29:33 [38;5;009m[ERROR]: [0mThis is a error message from thread 2318-09-2026 00:29:33 [38;5;117m[DEBUG]: [0mThis is a debug message from thread 318-09-2026 00:29:33 [38;5;117m[DEBUG]: [0mThis is a debug message from thread 1318-09-2026 00:29:33 [38;5;015m[INFO]: [0mThis is a info message from thread 318-09-2026 00:29:33 [38;5;015m[INFO]: [0mThis is a info message from thread 1318-09-2026 00:29:33 [38;5;015m[INFO]: [0mThis is a info message from thread 518-09-2026 00:29:33 [38;5;009m[ERROR]: [0mThis is a error message from thread 318-09-2026 00:29:33 [38;5;117m[DEBUG]: [0mThis is a debug message from thread 1018-09-2026 00:29:33 [38;5;009m[ERROR]: [0mThis is a error message from thread 1318-09-2026 00:29:33 [38;5;009m[ERROR]: [0mThis is a error message from thread 518-09-2026 00:29:33 [38;5;117m[DEBUG]: [0mThis is a debug message from thread 318-09-2026 00:29:33 [38;5;117m[DEBUG]: [0mThis is a debug message from thread 518-09-2026 00:29:33 [38;5;117m[DEBUG]: [0mThis is a debug message from thread 1318-09-2026 00:29:33 [38;5;117m[DEBUG]: [0mThis is a debug message from thread 2618-09-2026 00:29:33 [38;5;015m[INFO]: [0mThis is a info message from thread 318-09-2026 00:29:33 [38;5;015m[INFO]: [0mThis is a info message from thread 1318-09-2026 00:29:33 [38;5;015m[INFO]: [0mThis is a info message from thread 518-09-2026 00:29:33 [38;5;015m[INFO]: [0mThis is a info message from thread 2618-09-2026 00:29:33 [38;5;009m[ERROR]: [0mThis is a error message from thread 1318-09-2026 00:29:33 [38;5;117m[DEBUG]: [0mThis is a debug message from thread 1818-09-2026 00:29:33 [38;5;015m[INFO]: [0mThis is a info message from thread 2018-09-2026 00:29:33 [38;5;117m[DEBUG]: [0mThis is a debug message from thread 2818-09-2026 00:29:33 [38;5;117m[DEBUG]: [0mThis is a debug message from thread 1318-09-2026 00:29:33 [38;5;009m[ERROR]: [0mThis is a error message from thread 2018-09-2026 00:29:33 [38;5;009m[ERROR]: [0mThis is a error message from thread 1218-09-2026 00:29:33 [38;5;015m[INFO]: [0mThis is a info message from thread 1318-09-2026 00:29:33 [38;5;015m[INFO]: [0mThis is a info message from thread 1618-09-2026 00:29:33 [38;5;117m[DEBUG]: [0mThis is a debug message from thread 2018-09-2026 00:29:33 [38;5;009m[ERROR]: [0mThis is a error message from thread 1318-09-2026 00:29:33 [38;5;009m[ERROR]: [0mThis is a error message from thread 1618-09-2026 00:29:33 [38;5;117m[DEBUG]: [0mThis is a debug message from thread 018-09-2026 00:29:33 [38;5;117m[DEBUG]: [0mThis is a debug message from thread 1318-09-2026 00:29:33 [38;5;015m[INFO]: [0mThis is a info message from thread 018-09-2026 00:29:33 [38;5;117m[DEBUG]: [0mThis is a debug message from thread 118-09-2026 00:29:33 [38;5;009m[ERROR]: [0mThis is a error message from thread 2518-09-2026 00:29:33 [38;5;015m[INFO]: [0mThis is a info message from thread 1318-09-2026 00:29:33 [38;5;117m[DEBUG]: [0mThis is a debug message from thread 2118-09-2026 00:29:33 [38;5;015m[INFO]: [0mThis is a info message from thread 2118-09-2026 00:29:33 [38;5;009m[ERROR]: [0mThis is a error message from thread 1318-09-2026 00:29:33 [38;5;015m[INFO]: [0mThis is a info message from thread 1518-09-2026 00:29:33 [38;5;117m[DEBUG]: [0mThis is a debug message from thread 1418-09-2026 00:29:33 [38;5;117m[DEBUG]: [0mThis is a debug message from thread 1318-09-2026 00:29:33 [38;5;009m[ERROR]: [0mThis is a error message from thread 1518-09-2026 00:29:33 [38;5;015m[INFO]: [0mThis is a info message from thread 1318-09-2026 00:29:33 [38;5;015m[INFO]: [0mThis is a info message from thread 1418-09-2026 00:29:33 [38;5;117m[DEBUG]: [0mThis is a debug message from thread 2318-09-2026 00:29:33 [38;5;117m[DEBUG]: [0mThis is a debug message from thread 1518-09-2026 00:29:33 [38;5;009m[ERROR]: [0mThis is a error message from thread 1418-09-2026 00:29:33 [38;5;015m[INFO]: [0mThis is a info message from thread 2318-09-2026 00:29:33 [38;5;117m[DEBUG]: [0mThis is a debug message from thread 2718-09-2026 00:29:33 [38;5;015m[INFO]: [0mThis is a info message from thread 1018-09-2026 00:29:33 [38;5;015m[INFO]: [0mThis is a info message from thread 2718-09-2026 00:29:33 [38;5;015m[INFO]: [0mThis is a info message from thread 618-09-2026 00:29:33 [38;5;009m[ERROR]: [0mThis is a error message from thread 518-09-2026 00:29:33 [38;5;015m[INFO]: [0mThis is a info message from thread 218-09-2026 00:29:33 [38;5;009m[ERROR]: [0mThis is a error message from thread 2618-09-2026 00:29:33 [38;5;009m[ERROR]: [0mThis is a error message from thread 618-09-2026 00:29:33 [38;5;009m[ERROR]: [0mThis is a error message from thread 218-09-2026 00:29:33 [38;5;117m[DEBUG]: [0mThis is a debug message from thread 1918-09-2026 00:29:33 [38;5;009m[ERROR]: [0mThis is a error message from thread 718-09-2026 00:29:33 [38;5;117m[DEBUG]: [0mThis is a debug message from thread 218-09-2026 00:29:33 [38;5;117m[DEBUG]: [0mThis is a debug message from thread 2618-09-2026 00:29:33 [38;5;015m[INFO]: [0mThis is a info message from thread 2618-09-2026 00:29:33 [38;5;015m[INFO]: [0mThis is a info message from thread 218-09-2026 00:29:33 [38;5;117m[DEBUG]: [0mThis is a debug message from thread 818-09-2026 00:29:33 [38;5;015m[INFO]: [0mThis is a info message from thread 1918-09-2026 00:29:33 [38;5;117m[DEBUG]: [0mThis is a debug message from thread 2218-09-2026 00:29:33 [38;5;015m[INFO]: [0mThis is a info message from thread 818-09-2026 00:29:33 [38;5;009m[ERROR]: [0mThis is a error message from thread 1118-09-2026 00:29:33 [38;5;117m[DEBUG]: [0mThis is a debug message from thread 1618-09-2026 00:29:33 [38;5;117m[DEBUG]: [0mThis is a debug message from thread 2518-09-2026 00:29:33 [38;5;117m[DEBUG]: [0mThis is a debug message from thread 2418-09-2026 00:29:33 [38;5;117m[DEBUG]: [0mThis is a debug message from thread 1118-09-2026 00:29:33 [38;5;015m[INFO]: [0mThis is a info message from thread 1618-09-2026 00:29:33 [38;5;015m[INFO]: [0mThis is a info message from thread 2518-09-2026 00:29:33 [38;5;015m[INFO]: [0mThis is a info message from thread 1118-09-2026 00:29:33 [38;5;009m[ERROR]: [0mThis is a error message from thread 2518-09-2026 00:29:33 [38;5;009m[ERROR]: [0mThis is a error message from thread 1718-09-2026 00:29:33 [38;5;009m[ERROR]: [0mThis is a error message from thread 1118-09-2026 00:29:33 [38;5;009m[ERROR]: [0mThis is a error message from thread 2918-09-2026 00:29:33 [38;5;009m[ERROR]: [0mThis is a error message from thread 1318-09-2026 00:29:33 [38;5;117m[DEBUG]: [0mThis is a debug message from thread 1718-09-2026 00:29:33 [38;5;117m[DEBUG]: [0mThis is a debug message from thread 1118-09-2026 00:29:33 [38;5;117m[DEBUG]: [0mThis is a debug message from thread 2918-09-2026 00:29:33 [38;5;117m[DEBUG]: [0mThis is a debug message from thread 1318-09-2026 00:29:33 [38;5;015m[INFO]: [0mThis is a info message from thread 1718-09-2026 00:29:33 [38;5;015m[INFO]: [0mThis is a info message from thread 2918-09-2026 00:29:33 [38;5;009m[ERROR]: [0mThis is a error message from thread 1718-09-2026 00:29:33 [38;5;009m[ERROR]: [0mThis is a error message from thread 2918-09-2026 00:29:33 [38;5;117m[DEBUG]: [0mThis is a debug message from thread 1418-09-2026 00:29:33 [38;5;117m[DEBUG]: [0mThis is a debug message from thread 2918-09-2026 00:29:33 [38;5;015m[INFO]: [0mThis is a info message from thread 1418-09-2026 00:29:33 [38;5;015m[INFO]: [0mThis is a info message from thread 1518-09-2026 00:29:33 [38;5;015m[INFO]: [0mThis is a info message from thread 2918-09-2026 00:29:33 [38;5;009m[ERROR]: [0mThis is a error message from thread 1418-09-2026 00:29:33 [38;5;009m[ERROR]: [0mThis is a error message from thread 2918-09-2026 00:29:33 [38;5;009m[ERROR]: [0mThis is a error message from thread 2318-09-2026 00:29:33 [38;5;117m[DEBUG]: [0mThis is a debug message from thread 1418-09-2026 00:29:33 [38;5;117m[DEBUG]: [0mThis is a debug message from thread 2918-09-2026 00:29:33 [38;5;117m[DEBUG]: [0mThis is a debug message from thread 2318-09-2026 00:29:33 [38;5;015m[INFO]: [0mThis is a info message from thread 1418-09-2026 00:29:33 [38;5;015m[INFO]: [0mThis is a info message from thread 2918-09-2026 00:29:33 [38;5;015m[INFO]: [0mThis is a info message from thread 2318-09-2026 00:29:33 [38;5;009m[ERROR]: [0mThis is a error message from thread 2918-09-2026 00:29:33 [38;5;009m[ERROR]: [0mThis is a error message from thread 318-09-2026 00:29:33 [38;5;009m[ERROR]: [0mThis is a error message from thread 2318-09-2026 00:29:33 [38;5;117m[DEBUG]: [0mThis is a debug message from thread 318-09-2026 00:29:33 [38;5;009m[ERROR]: [0mThis is a error message from thread 418-09-2026 00:29:33 [38;5;117m[DEBUG]: [0mThis is a debug message from thread 2318-09-2026 00:29:33 [38;5;117m[DEBUG]: [0mThis is a debug message from thread 418-09-2026 00:29:33 [38;5;009m[ERROR]: [0mThis is a error message from thread 1018-09-2026 00:29:33 [38;5;015m[INFO]: [0mThis is a info message from thread 2318-09-2026 00:29:33 [38;5;015m[INFO]: [0mThis is a info message from thread 418-09-2026 00:29:33 [38;5;009m[ERROR]: [0mThis is a error message from thread 2318-09-2026 00:29:33 [38;5;009m[ERROR]: [0mThis is a error message from thread 418-09-2026 00:29:33 [38;5;117m[DEBUG]: [0mThis is a debug message from thread 2318-09-2026 00:29:33 [38;5;117m[DEBUG]: [0mThis is a debug message from thread 418-09-2026 00:29:33 [38;5;009m[ERROR]: [0mThis is a error message from thread 218-09-2026 00:29:33 [38;5;015m[INFO]: [0mThis is a info message from thread 418-09-2026 00:29:33 [38;5;015m[INFO]: [0mThis is a info message from thread 1818-09-2026 00:29:33 [38;5;015m[INFO]: [0mThis is a info message from thread 2818-09-2026 00:29:33 [38;5;009m[ERROR]: [0mThis is a error message from thread 918-09-2026 00:29:33 [38;5;009m[ERROR]: [0mThis is a error message from thread 1818-09-2026 00:29:33 [38;5;009m[ERROR]: [0mThis is a error message from thread 2818-09-2026 00:29:33 [38;5;117m[DEBUG]: [0mThis is a debug message from thread 918-09-2026 00:29:33 [38;5;117m[DEBUG]: [0mThis is a debug message from thread 1818-09-2026 00:29:33 [38;5;117m[DEBUG]: [0mThis is a debug message from thread 2818-09-2026 00:29:33 [38;5;015m[INFO]: [0mThis is a info message from thread 918-09-2026 00:29:33 [38;5;015m[INFO]: [0mThis is a info message from thread 1818-09-2026 00:29:33 [38;5;015m[INFO]: [0mThis is a info message from thread 2818-09-2026 00:29:33 [38;5;009m[ERROR]: [0mThis is a error message from thread 918-09-2026 00:29:33 [38;5;117m[DEBUG]: [0mThis is a debug message from thread 918-09-2026 00:29:33 [38;5;009m[ERROR]: [0mThis is a error message from thread 1818-09-2026 00:29:33 [38;5;015m[INFO]: [0mThis is a info message from thread 2018-09-2026 00:29:33 [38;5;015m[INFO]: [0mThis is a info message from thread 918-09-2026 00:29:33 [38;5;009m[ERROR]: [0mThis is a error message from thread 2018-09-2026 00:29:33 [38;5;015m[INFO]: [0mThis is a info message from thread 2418-09-2026 00:29:33 [38;5;009m[ERROR]: [0mThis is a error message from thread 2118-09-2026 00:29:33 [38;5;009m[ERROR]: [0mThis is a error message from thread 918-09-2026 00:29:33 [38;5;117m[DEBUG]: [0mThis is a debug message from thread 2118-09-2026 00:29:33 [38;5;009m[ERROR]: [0mThis is a error message from thread 1618-09-2026 00:29:33 [38;5;015m[INFO]: [0mThis is a info message from thread 2118-09-2026 00:29:33 [38;5;117m[DEBUG]: [0mThis is a debug message from thread 2518-09-2026 00:29:33 [38;5;117m[DEBUG]: [0mThis is a debug message from thread 1618-09-2026 00:29:33 [38;5;009m[ERROR]: [0mThis is a error message from thread 2118-09-2026 00:29:33 [38;5;015m[INFO]: [0mThis is a info message from thread 2518-09-2026 00:29:33 [38;5;117m[DEBUG]: [0mThis is a debug message from thread 2118-09-2026 00:29:33 [38;5;015m[INFO]: [0mThis is a info message from thread 1118-09-2026 00:29:33 [38;5;009m[ERROR]: [0mThis is a error message from thread 2518-09-2026 00:29:33 [38;5;009m[ERROR]: [0mThis is a error message from thread 1118-09-2026 00:29:33 [38;5;015m[INFO]: [0mThis is a info message from thread 1318-09-2026 00:29:33 [38;5;117m[DEBUG]: [0mThis is a debug message from thread 1118-09-2026 00:29:33 [38;5;009m[ERROR]: [0mThis is a error message from thread 1318-09-2026 00:29:33 [38;5;117m[DEBUG]: [0mThis is a debug message from thread 1718-09-2026 00:29:33 [38;5;015m[INFO]: [0mThis is a info message from thread 1118-09-2026 00:29:33 [38;5;015m[INFO]: [0mThis is a info message from thread 1718-09-2026 00:29:33 [38;5;117m[DEBUG]: [0mThis is a debug message from thread 218-09-2026 00:29:33 [38;5;009m[ERROR]: [0mThis is a error message from thread 1918-09-2026 00:29:33 [38;5;117m[DEBUG]: [0mThis is a debug message from thread 1218-09-2026 00:29:33 [38;5;015m[INFO]: [0mThis is a info message from thread 2218-09-2026 00:29:33 [38;5;009m[ERROR]: [0mThis is a error message from thread 018-09-2026 00:29:33 [38;5;009m[ERROR]: [0mThis is a error message from thread 818-09-2026 00:29:33 [38;5;015m[INFO]: [0mThis is a info message from thread 118-09-2026 00:29:33 [38;5;009m[ERROR]: [0mThis is a error message from thread 1518-09-2026 00:29:33 [38;5;009m[ERROR]: [0mThis is a error message from thread 1418-09-2026 00:29:33 [38;5;009m[ERROR]: [0mThis is a error message from thread 1118-09-2026 00:29:33 [38;5;117m[DEBUG]: [0mThis is a debug message from thread 1118-09-2026 00:29:33 [38;5;015m[INFO]: [0mThis is a info message from thread 1118-09-2026 00:29:33 [38;5;015m[INFO]: [0mThis is a info message from thread 318-09-2026 00:29:33 [38;5;117m[DEBUG]: [0mThis is a debug message from thread 1018-09-2026 00:29:33 [38;5;117m[DEBUG]: [0mThis is a debug message from thread 618-09-2026 00:29:33 [38;5;015m[INFO]: [0mThis is a info message from thread 1018-09-2026 00:29:33 [38;5;015m[INFO]: [0mThis is a info message from thread 618-09-2026 00:29:33 [38;5;009m[ERROR]: [0mThis is a error message from thread 1018-09-2026 00:29:33 [38;5;009m[ERROR]: [0mThis is a error message from thread 618-09-2026 00:29:33 [38;5;009m[ERROR]: [0mThis is a error message from thread 2718-09-2026 00:29:33 [38;5;117m[DEBUG]: [0mThis is a debug message from thread 1018-09-2026 00:29:33 [38;5;117m[DEBUG]: [0mThis is a debug message from thread 2718-09-2026 00:29:33 [38;5;015m[INFO]: [0mThis is a info message from thread 1018-09-2026 00:29:33 [38;5;015m[INFO]: [0mThis is a info message from thread 2718-09-2026 00:29:33 [38;5;009m[ERROR]: [0mThis is a error message from thread 1018-09-2026 00:29:33 [38;5;117m[DEBUG]: [0mThis is a debug message from thread 618-09-2026 00:29:33 [38;5;117m[DEBUG]: [0mThis is a debug message from thread 718-09-2026 00:29:33 [38;5;117m[DEBUG]: [0mThis is a debug message from thread 518-09-2026 00:29:33 [38;5;015m[INFO]: [0mThis is a info message from thread 618-09-2026 00:29:33 [38;5;015m[INFO]: [0mThis is a info message from thread 718-09-2026 00:29:33 [38;5;015m[INFO]: [0mThis is a info message from thread 2318-09-2026 00:29:33 [38;5;009m[ERROR]: [0mThis is a error message from thread 718-09-2026 00:29:33 [38;5;009m[ERROR]: [0mThis is a error message from thread 2318-09-2026 00:29:33 [38;5;117m[DEBUG]: [0mThis is a debug message from thread 718-09-2026 00:29:33 [38;5;117m[DEBUG]: [0mThis is a debug message from thread 2318-09-2026 00:29:33 [38;5;015m[INFO]: [0mThis is a info message from thread 718-09-2026 00:29:33 [38;5;015m[INFO]: [0mThis is a info message from thread 2318-09-2026 00:29:33 [38;5;009m[ERROR]: [0mThis is a error message from thread 718-09-2026 00:29:33 [38;5;009m[ERROR]: [0mThis is a error message from thread 2318-09-2026 00:29:33 [38;5;117m[DEBUG]: [0mThis is a debug message from thread 718-09-2026 00:29:33 [38;5;117m[DEBUG]: [0mThis is a debug message from thread 2318-09-2026 00:29:33 [38;5;015m[INFO]: [0mThis is a info message from thread 718-09-2026 00:29:33 [38;5;015m[INFO]: [0mThis is a info message from thread 2318-09-2026 00:29:33 [38;5;009m[ERROR]: [0mThis is a error message from thread 718-09-2026 00:29:33 [38;5;009m[ERROR]: [0mThis is a error message from thread 2318-09-2026 00:29:33 [38;5;117m[DEBUG]: [0mThis is a debug message from thread 718-09-2026 00:29:33 [38;5;117m[DEBUG]: [0mThis is a debug message from thread 2318-09-2026 00:29:33 [38;5;015m[INFO]: [0mThis is a info message from thread 718-09-2026 00:29:33 [38;5;015m[INFO]: [0mThis is a info message from thread 2318-09-2026 00:29:33 [38;5;009m[ERROR]: [0mThis is a error message from thread 718-09-2026 00:29:33 [38;5;009m[ERROR]: [0mThis is a error message from thread 2318-09-2026 00:29:33 [38;5;117m[DEBUG]: [0mThis is a debug message from thread 718-09-2026 00:29:33 [38;5;117m[DEBUG]: [0mThis is a debug message from thread 2318-09-2026 00:29:33 [38;5;015m[INFO]: [0mThis is a info message from thread 718-09-2026 00:29:33 [38;5;015m[INFO]: [0mThis is a info message from thread 2318-09-2026 00:29:33 [38;5;009m[ERROR]: [0mThis is a error message from thread 718-09-2026 00:29:33 [38;5;009m[ERROR]: [0mThis is a error message from thread 2318-09-2026 00:29:33 [38;5;117m[DEBUG]: [0mThis is a debug message from thread 718-09-2026 00:29:33 [38;5;117m[DEBUG]: [0mThis is a debug message from thread 2318-09-2026 00:29:33 [38;5;015m[INFO]: [0mThis is a info message from thread 718-09-2026 00:29:33 [38;5;015m[INFO]: [0mThis is a info message from thread 2318-09-2026 00:29:33 [38;5;009m[ERROR]: [0mThis is a error message from thread 718-09-2026 00:29:33 [38;5;009m[ERROR]: [0mThis is a error message from thread 2318-09-2026 00:29:33 [38;5;117m[DEBUG]: [0mThis is a debug message from thread 718-09-2026 00:29:33 [38;5;117m[DEBUG]: [0mThis is a debug message from thread 2318-09-2026 00:29:33 [38;5;117m[DEBUG]: [0mThis is a debug message from thread 1918-09-2026 00:29:33 [38;5;015m[INFO]: [0mThis is a info message from thread 2318-09-2026 00:29:33 [38;5;015m[INFO]: [0mThis is a info message from thread 1918-09-2026 00:29:33 [38;5;009m[ERROR]: [0mThis is a error message from thread 1918-09-2026 00:29:33 [38;5;015m[INFO]: [0mThis is a info message from thread 1218-09-2026 00:29:33 [38;5;117m[DEBUG]: [0mThis is a debug message from thread 1918-09-2026 00:29:33 [38;5;009m[ERROR]: [0mThis is a error message from thread 1218-09-2026 00:29:33 [38;5;015m[INFO]: [0mThis is a info message from thread 1918-09-2026 00:29:33 [38;5;117m[DEBUG]: [0mThis is a debug message from thread 1218-09-2026 00:29:33 [38;5;015m[INFO]: [0mThis is a info message from thread 1218-09-2026 00:29:33 [38;5;009m[ERROR]: [0mThis is a error message from thread 1218-09-2026 00:29:33 [38;5;117m[DEBUG]: [0mThis is a debug message from thread 1218-09-2026 00:29:33 [38;5;015m[INFO]: [0mThis is a info message from thread 1218-09-2026 00:29:33 [38;5;009m[ERROR]: [0mThis is a error message from thread 1218-09-2026 00:29:33 [38;5;117m[DEBUG]: [0mThis is a debug message from thread 1218-09-2026 00:29:33 [38;5;015m[INFO]: [0mThis is a info message from thread 1218-09-2026 00:29:33 [38;5;009m[ERROR]: [0mThis is a error message from thread 1218-09-2026 00:29:33 [38;5;117m[DEBUG]: [0mThis is a debug message from thread 1218-09-2026 00:29:33 [38;5;015m[INFO]: [0mThis is a info message from thread 1218-09-2026 00:29:33 [38;5;009m[ERROR]: [0mThis is a error message from thread 1218-09-2026 00:29:33 [38;5;009m[ERROR]: [0mThis is a error message from thread 1918-09-2026 00:29:33 [38;5;117m[DEBUG]: [0mThis is a debug message from thread 1218-09-2026 00:29:33 [38;5;117m[DEBUG]: [0mThis is a debug message from thread 1918-09-2026 00:29:33 [38;5;009m[ERROR]: [0mThis is a error message from thread 2218-09-2026 00:29:33 [38;5;015m[INFO]: [0mThis is a info message from thread 1918-09-2026 00:29:33 [38;5;117m[DEBUG]: [0mThis is a debug message from thread 2218-09-2026 00:29:33 [38;5;009m[ERROR]: [0mThis is a error message from thread 1918-09-2026 00:29:33 [38;5;117m[DEBUG]: [0mThis is a debug message from thread 018-09-2026 00:29:33 [38;5;117m[DEBUG]: [0mThis is a debug message from thread 1918-09-2026 00:29:33 [38;5;117m[DEBUG]: [0mThis is a debug message from thread 818-09-2026 00:29:33 [38;5;009m[ERROR]: [0mThis is a error message from thread 2818-09-2026 00:29:33 [38;5;015m[INFO]: [0mThis is a info message from thread 818-09-2026 00:29:33 [38;5;117m[DEBUG]: [0mThis is a debug message from thread 2818-09-2026 00:29:33 [38;5;009m[ERROR]: [0mThis is a error message from thread 118-09-2026 00:29:33 [38;5;009m[ERROR]: [0mThis is a error message from thread 818-09-2026 00:29:33 [38;5;015m[INFO]: [0mThis is a info message from thread 2818-09-2026 00:29:33 [38;5;117m[DEBUG]: [0mThis is a debug message from thread 118-09-2026 00:29:33 [38;5;117m[DEBUG]: [0mThis is a debug message from thread 818-09-2026 00:29:33 [38;5;009m[ERROR]: [0mThis is a error message from thread 2818-09-2026 00:29:33 [38;5;015m[INFO]: [0mThis is a info message from thread 118-09-2026 00:29:33 [38;5;015m[INFO]: [0mThis is a info message from thread 818-09-2026 00:29:33 [38;5;009m[ERROR]: [0mThis is a error message from thread 118-09-2026 00:29:33 [38;5;117m[DEBUG]: [0mThis is a debug message from thread 1818-09-2026 00:29:33 [38;5;009m[ERROR]: [0mThis is a error message from thread 818-09-2026 00:29:33 [38;5;117m[DEBUG]: [0mThis is a debug message from thread 118-09-2026 00:29:33 [38;5;117m[DEBUG]: [0mThis is a debug message from thread 818-09-2026 00:29:33 [38;5;009m[ERROR]: [0mThis is a error message from thread 2418-09-2026 00:29:33 [38;5;015m[INFO]: [0mThis is a info message from thread 118-09-2026 00:29:33 [38;5;015m[INFO]: [0mThis is a info message from thread 818-09-2026 00:29:33 [38;5;117m[DEBUG]: [0mThis is a debug message from thread 2418-09-2026 00:29:33 [38;5;015m[INFO]: [0mThis is a info message from thread 718-09-2026 00:29:33 [38;5;009m[ERROR]: [0mThis is a error message from thread 418-09-2026 00:29:33 [38;5;009m[ERROR]: [0mThis is a error message from thread 118-09-2026 00:29:33 [38;5;117m[DEBUG]: [0mThis is a debug message from thread 918-09-2026 00:29:33 [38;5;117m[DEBUG]: [0mThis is a debug message from thread 2518-09-2026 00:29:33 [38;5;117m[DEBUG]: [0mThis is a debug message from thread 2018-09-2026 00:29:33 [38;5;117m[DEBUG]: [0mThis is a debug message from thread 118-09-2026 00:29:33 [38;5;015m[INFO]: [0mThis is a info message from thread 918-09-2026 00:29:33 [38;5;015m[INFO]: [0mThis is a info message from thread 118-09-2026 00:29:33 [38;5;015m[INFO]: [0mThis is a info message from thread 2518-09-2026 00:29:33 [38;5;009m[ERROR]: [0mThis is a error message from thread 918-09-2026 00:29:33 [38;5;009m[ERROR]: [0mThis is a error message from thread 118-09-2026 00:29:33 [38;5;009m[ERROR]: [0mThis is a error message from thread 2518-09-2026 00:29:33 [38;5;117m[DEBUG]: [0mThis is a debug message from thread 918-09-2026 00:29:33 [38;5;117m[DEBUG]: [0mThis is a debug message from thread 118-09-2026 00:29:33 [38;5;015m[INFO]: [0mThis is a info message from thread 1618-09-2026 00:29:33 [38;5;117m[DEBUG]: [0mThis is a debug message from thread 2518-09-2026 00:29:33 [38;5;015m[INFO]: [0mThis is a info message from thread 918-09-2026 00:29:33 [38;5;015m[INFO]: [0mThis is a info message from thread 118-09-2026 00:29:33 [38;5;015m[INFO]: [0mThis is a info message from thread 2518-09-2026 00:29:33 [38;5;009m[ERROR]: [0mThis is a error message from thread 918-09-2026 00:29:33 [38;5;015m[INFO]: [0mThis is a info message from thread 2118-09-2026 00:29:33 [38;5;117m[DEBUG]: [0mThis is a debug message from thread 918-09-2026 00:29:33 [38;5;009m[ERROR]: [0mThis is a error message from thread 2518-09-2026 00:29:33 [38;5;009m[ERROR]: [0mThis is a error message from thread 2118-09-2026 00:29:33 [38;5;015m[INFO]: [0mThis is a info message from thread 918-09-2026 00:29:33 [38;5;117m[DEBUG]: [0mThis is a debug message from thread 2518-09-2026 00:29:33 [38;5;117m[DEBUG]: [0mThis is a debug message from thread 2118-09-2026 00:29:33 [38;5;015m[INFO]: [0mThis is a info message from thread 2518-09-2026 00:29:33 [38;5;009m[ERROR]: [0mThis is a error message from thread 918-09-2026 00:29:33 [38;5;015m[INFO]: [0mThis is a info message from thread 2118-09-2026 00:29:33 [38;5;117m[DEBUG]: [0mThis is a debug message from thread 918-09-2026 00:29:33 [38;5;009m[ERROR]: [0mThis is a error message from thread 2518-09-2026 00:29:33 [38;5;117m[DEBUG]: [0mThis is a debug message from thread 1318-09-2026 00:29:33 [38;5;015m[INFO]: [0mThis is a info message from thread 218-09-2026 00:29:33 [38;5;117m[DEBUG]: [0mThis is a debug message from thread 1518-09-2026 00:29:33 [38;5;015m[INFO]: [0mThis is a info message from thread 1318-09-2026 00:29:33 [38;5;009m[ERROR]: [0mThis is a error message from thread 218-09-2026 00:29:33 [38;5;015m[INFO]: [0mThis is a info message from thread 1518-09-2026 00:29:33 [38;5;117m[DEBUG]: [0mThis is a debug message from thread 218-09-2026 00:29:33 [38;5;009m[ERROR]: [0mThis is a error message from thread 1518-09-2026 00:29:33 [38;5;015m[INFO]: [0mThis is a info message from thread 218-09-2026 00:29:33 [38;5;117m[DEBUG]: [0mThis is a debug message from thread 1518-09-2026 00:29:33 [38;5;009m[ERROR]: [0mThis is a error message from thread 218-09-2026 00:29:33 [38;5;015m[INFO]: [0mThis is a info message from thread 1518-09-2026 00:29:33 [38;5;009m[ERROR]: [0mThis is a error message from thread 318-09-2026 00:29:33 [38;5;117m[DEBUG]: [0mThis is a debug message from thread 218-09-2026 00:29:33 [38;5;117m[DEBUG]: [0mThis is a debug message from thread 318-09-2026 00:29:33 [38;5;009m[ERROR]: [0mThis is a error message from thread 2718-09-2026 00:29:33 [38;5;015m[INFO]: [0mThis is a info message from thread 318-09-2026 00:29:33 [38;5;117m[DEBUG]: [0mThis is a debug message from thread 1018-09-2026 00:29:33 [38;5;009m[ERROR]: [0mThis is a error message from thread 2318-09-2026 00:29:33 [38;5;015m[INFO]: [0mThis is a info message from thread 1218-09-2026 00:29:33 [38;5;009m[ERROR]: [0mThis is a error message from thread 1218-09-2026 00:29:33 [38;5;009m[ERROR]: [0mThis is a error message from thread 118-09-2026 00:29:33 [38;5;117m[DEBUG]: [0mThis is a debug message from thread 1218-09-2026 00:29:33 [38;5;117m[DEBUG]: [0mThis is a debug message from thread 118-09-2026 00:29:33 [38;5;015m[INFO]: [0mThis is a info message from thread 1218-09-2026 00:29:33 [38;5;015m[INFO]: [0mThis is a info message from thread 118-09-2026 00:29:33 [38;5;015m[INFO]: [0mThis is a info message from thread 1918-09-2026 00:29:33 [38;5;009m[ERROR]: [0mThis is a error message from thread 118-09-2026 00:29:33 [38;5;117m[DEBUG]: [0mThis is a debug message from thread 2818-09-2026 00:29:33 [38;5;009m[ERROR]: [0mThis is a error message from thread 1918-09-2026 00:29:33 [38;5;117m[DEBUG]: [0mThis is a debug message from thread 118-09-2026 00:29:33 [38;5;117m[DEBUG]: [0mThis is a debug message from thread 1918-09-2026 00:29:33 [38;5;015m[INFO]: [0mThis is a info message from thread 118-09-2026 00:29:33 [38;5;015m[INFO]: [0mThis is a info message from thread 1918-09-2026 00:29:33 [38;5;009m[ERROR]: [0mThis is a error message from thread 118-09-2026 00:29:33 [38;5;009m[ERROR]: [0mThis is a error message from thread 1918-09-2026 00:29:33 [38;5;117m[DEBUG]: [0mThis is a debug message from thread 118-09-2026 00:29:33 [38;5;117m[DEBUG]: [0mThis is a debug message from thread 1918-09-2026 00:29:33 [38;5;009m[ERROR]: [0mThis is a error message from thread 2118-09-2026 00:29:33 [38;5;015m[INFO]: [0mThis is a info message from thread 1918-09-2026 00:29:33 [38;5;015m[INFO]: [0mThis is a info message from thread 118-09-2026 00:29:33 [38;5;117m[DEBUG]: [0mThis is a debug message from thread 2518-09-2026 00:29:33 [38;5;009m[ERROR]: [0mThis is a error message from thread 118-09-2026 00:29:33 [38;5;009m[ERROR]: [0mThis is a error message from thread 1318-09-2026 00:29:33 [38;5;015m[INFO]: [0mThis is a info message from thread 2518-09-2026 00:29:33 [38;5;117m[DEBUG]: [0mThis is a debug message from thread 118-09-2026 00:29:33 [38;5;117m[DEBUG]: [0mThis is a debug message from thread 1318-09-2026 00:29:33 [38;5;009m[ERROR]: [0mThis is a error message from thread 2518-09-2026 00:29:33 [38;5;015m[INFO]: [0mThis is a info message from thread 118-09-2026 00:29:33 [38;5;117m[DEBUG]: [0mThis is a debug message from thread 2518-09-2026 00:29:33 [38;5;117m[DEBUG]: [0mThis is a debug message from thread 1418-09-2026 00:29:33 [38;5;009m[ERROR]: [0mThis is a error message from thread 118-09-2026 00:29:33 [38;5;015m[INFO]: [0mThis is a info message from thread 2518-09-2026 00:29:33 [38;5;015m[INFO]: [0mThis is a info message from thread 1418-09-2026 00:29:33 [38;5;009m[ERROR]: [0mThis is a error message from thread 2518-09-2026 00:29:33 [38;5;009m[ERROR]: [0mThis is a error message from thread 1418-09-2026 00:29:33 [38;5;015m[INFO]: [0mThis is a info message from thread 2418-09-2026 00:29:33 [38;5;117m[DEBUG]: [0mThis is a debug message from thread 1418-09-2026 00:29:33 [38;5;117m[DEBUG]: [0mThis is a debug message from thread 2518-09-2026 00:29:33 [38;5;015m[INFO]: [0mThis is a info message from thread 1418-09-2026 00:29:33 [38;5;009m[ERROR]: [0mThis is a error message from thread 318-09-2026 00:29:33 [38;5;015m[INFO]: [0mThis is a info message from thread 518-09-2026 00:29:33 [38;5;009m[ERROR]: [0mThis is a error message from thread 2618-09-2026 00:29:33 [38;5;015m[INFO]: [0mThis is a info message from thread 2518-09-2026 00:29:33 [38;5;009m[ERROR]: [0mThis is a error message from thread 2518-09-2026 00:29:33 [38;5;117m[DEBUG]: [0mThis is a debug message from thread 2918-09-2026 00:29:33 [38;5;117m[DEBUG]: [0mThis is a debug message from thread 2518-09-2026 00:29:33 [38;5;009m[ERROR]: [0mThis is a error message from thread 1518-09-2026 00:29:33 [38;5;117m[DEBUG]: [0mThis is a debug message from thread 1518-09-2026 00:29:33 [38;5;009m[ERROR]: [0mThis is a error message from thread 618-09-2026 00:29:33 [38;5;015m[INFO]: [0mThis is a info message from thread 1518-09-2026 00:29:33 [38;5;117m[DEBUG]: [0mThis is a debug message from thread 318-09-2026 00:29:33 [38;5;015m[INFO]: [0mThis is a info message from thread 2518-09-2026 00:29:33 [38;5;117m[DEBUG]: [0mThis is a debug message from thread 618-09-2026 00:29:33 [38;5;009m[ERROR]: [0mThis is a error message from thread 1518-09-2026 00:29:33 [38;5;015m[INFO]: [0mThis is a info message from thread 318-09-2026 00:29:33 [38;5;117m[DEBUG]: [0mThis is a debug message from thread 1518-09-2026 00:29:33 [38;5;009m[ERROR]: [0mThis is a error message from thread 718-09-2026 00:29:33 [38;5;009m[ERROR]: [0mThis is a error message from thread 318-09-2026 00:29:33 [38;5;015m[INFO]: [0mThis is a info message from thread 1518-09-2026 00:29:33 [38;5;117m[DEBUG]: [0mThis is a debug message from thread 718-09-2026 00:29:33 [38;5;015m[INFO]: [0mThis is a info message from thread 218-09-2026 00:29:33 [38;5;009m[ERROR]: [0mThis is a error message from thread 1518-09-2026 00:29:33 [38;5;015m[INFO]: [0mThis is a info message from thread 718-09-2026 00:29:33 [38;5;009m[ERROR]: [0mThis is a error message from thread 218-09-2026 00:29:33 [38;5;117m[DEBUG]: [0mThis is a debug message from thread 2718-09-2026 00:29:33 [38;5;015m[INFO]: [0mThis is a info message from thread 2218-09-2026 00:29:33 [38;5;117m[DEBUG]: [0mThis is a debug message from thread 2318-09-2026 00:29:33 [38;5;117m[DEBUG]: [0mThis is a debug message from thread 418-09-2026 00:29:33 [38;5;015m[INFO]: [0mThis is a info message from thread 2318-09-2026 00:29:33 [38;5;009m[ERROR]: [0mThis is a error message from thread 1218-09-2026 00:29:33 [38;5;009m[ERROR]: [0mThis is a error message from thread 2318-09-2026 00:29:33 [38;5;117m[DEBUG]: [0mThis is a debug message from thread 1218-09-2026 00:29:33 [38;5;009m[ERROR]: [0mThis is a error message from thread 818-09-2026 00:29:33 [38;5;009m[ERROR]: [0mThis is a error message from thread 1618-09-2026 00:29:33 [38;5;117m[DEBUG]: [0mThis is a debug message from thread 818-09-2026 00:29:33 [38;5;117m[DEBUG]: [0mThis is a debug message from thread 1518-09-2026 00:29:33 [38;5;117m[DEBUG]: [0mThis is a debug message from thread 2118-09-2026 00:29:33 [38;5;015m[INFO]: [0mThis is a info message from thread 818-09-2026 00:29:33 [38;5;117m[DEBUG]: [0mThis is a debug message from thread 218-09-2026 00:29:33 [38;5;009m[ERROR]: [0mThis is a error message from thread 818-09-2026 00:29:33 [38;5;015m[INFO]: [0mThis is a info message from thread 1318-09-2026 00:29:33 [38;5;117m[DEBUG]: [0mThis is a debug message from thread 818-09-2026 00:29:33 [38;5;009m[ERROR]: [0mThis is a error message from thread 1718-09-2026 00:29:33 [38;5;015m[INFO]: [0mThis is a info message from thread 818-09-2026 00:29:33 [38;5;009m[ERROR]: [0mThis is a error message from thread 1418-09-2026 00:29:33 [38;5;117m[DEBUG]: [0mThis is a debug message from thread 1718-09-2026 00:29:33 [38;5;009m[ERROR]: [0mThis is a error message from thread 818-09-2026 00:29:33 [38;5;117m[DEBUG]: [0mThis is a debug message from thread 1418-09-2026 00:29:33 [38;5;015m[INFO]: [0mThis is a info message from thread 1718-09-2026 00:29:33 [38;5;117m[DEBUG]: [0mThis is a debug message from thread 818-09-2026 00:29:33 [38;5;015m[INFO]: [0mThis is a info message from thread 1418-09-2026 00:29:33 [38;5;009m[ERROR]: [0mThis is a error message from thread 1718-09-2026 00:29:33 [38;5;015m[INFO]: [0mThis is a info message from thread 818-09-2026 00:29:33 [38;5;117m[DEBUG]: [0mThis is a debug message from thread 1718-09-2026 00:29:33 [38;5;009m[ERROR]: [0mThis is a error message from thread 818-09-2026 00:29:33 [38;5;015m[INFO]: [0mThis is a info message from thread 2918-09-2026 00:29:33 [38;5;015m[INFO]: [0mThis is a info message from thread 1718-09-2026 00:29:33 [38;5;117m[DEBUG]: [0mThis is a debug message from thread 818-09-2026 00:29:33 [38;5;009m[ERROR]: [0mThis is a error message from thread 718-09-2026 00:29:33 [38;5;015m[INFO]: [0mThis is a info message from thread 2718-09-2026 00:29:33 [38;5;015m[INFO]: [0mThis is a info message from thread 818-09-2026 00:29:33 [38;5;117m[DEBUG]: [0mThis is a debug message from thread 718-09-2026 00:29:33 [38;5;009m[ERROR]: [0mThis is a error message from thread 2718-09-2026 00:29:33 [38;5;009m[ERROR]: [0mThis is a error message from thread 818-09-2026 00:29:33 [38;5;015m[INFO]: [0mThis is a info message from thread 718-09-2026 00:29:33 [38;5;117m[DEBUG]: [0mThis is a debug message from thread 2718-09-2026 00:29:33 [38;5;117m[DEBUG]: [0mThis is a debug message from thread 818-09-2026 00:29:33 [38;5;015m[INFO]: [0mThis is a info message from thread 2718-09-2026 00:29:33 [38;5;015m[INFO]: [0mThis is a info message from thread 818-09-2026 00:29:33 [38;5;009m[ERROR]: [0mThis is a error message from thread 2218-09-2026 00:29:33 [38;5;009m[ERROR]: [0mThis is a error message from thread 2718-09-2026 00:29:33 [38;5;117m[DEBUG]: [0mThis is a debug message from thread 2718-09-2026 00:29:33 [38;5;117m[DEBUG]: [0mThis is a debug message from thread 2618-09-2026 00:29:33 [38;5;015m[INFO]: [0mThis is a info message from thread 2718-09-2026 00:29:33 [38;5;015m[INFO]: [0mThis is a info message from thread 2618-09-2026 00:29:33 [38;5;009m[ERROR]: [0mThis is a error message from thread 2718-09-2026 00:29:33 [38;5;009m[ERROR]: [0mThis is a error message from thread 2618-09-2026 00:29:33 [38;5;015m[INFO]: [0mThis is a info message from thread 018-09-2026 00:29:33 [38;5;117m[DEBUG]: [0mThis is a debug message from thread 2618-09-2026 00:29:33 [38;5;015m[INFO]: [0mThis is a info message from thread 418-09-2026 00:29:33 [38;5;015m[INFO]: [0mThis is a info message from thread 2618-09-2026 00:29:33 [38;5;015m[INFO]: [0mThis is a info message from thread 2818-09-2026 00:29:33 [38;5;009m[ERROR]: [0mThis is a error message from thread 2618-09-2026 00:29:33 [38;5;015m[INFO]: [0mThis is a info message from thread 2018-09-2026 00:29:33 [38;5;009m[ERROR]: [0mThis is a error message from thread 2818-09-2026 00:29:33 [38;5;117m[DEBUG]: [0mThis is a debug message from thread 2618-09-2026 00:29:33 [38;5;009m[ERROR]: [0mThis is a error message from thread 2018-09-2026 00:29:33 [38;5;117m[DEBUG]: [0mThis is a debug message from thread 2818-09-2026 00:29:33 [38;5;015m[INFO]: [0mThis is a info message from thread 2618-09-2026 00:29:33 [38;5;117m[DEBUG]: [0mThis is a debug message from thread 2018-09-2026 00:29:33 [38;5;015m[INFO]: [0mThis is a info message from thread 2818-09-2026 00:29:33 [38;5;009m[ERROR]: [0mThis is a error message from thread 2618-09-2026 00:29:33 [38;5;015m[INFO]: [0mThis is a info message from thread 2018-09-2026 00:29:33 [38;5;009m[ERROR]: [0mThis is a error message from thread 2818-09-2026 00:29:33 [38;5;117m[DEBUG]: [0mThis is a debug message from thread 2618-09-2026 00:29:33 [38;5;009m[ERROR]: [0mThis is a error message from thread 2018-09-2026 00:29:33 [38;5;117m[DEBUG]: [0mThis is a debug message from thread 2818-09-2026 00:29:33 [38;5;015m[INFO]: [0mThis is a info message from thread 2618-09-2026 00:29:33 [38;5;117m[DEBUG]: [0mThis is a debug message from thread 2018-09-2026 00:29:33 [38;5;015m[INFO]: [0mThis is a info message from thread 2818-09-2026 00:29:33 [38;5;009m[ERROR]: [0mThis is a error message from thread 2618-09-2026 00:29:33 [38;5;015m[INFO]: [0mThis is a info message from thread 2018-09-2026 00:29:33 [38;5;009m[ERROR]: [0mThis is a error message from thread 2818-09-2026 00:29:33 [38;5;117m[DEBUG]: [0mThis is a debug message from thread 2618-09-2026 00:29:33 [38;5;009m[ERROR]: [0mThis is a error message from thread 2018-09-2026 00:29:33 [38;5;117m[DEBUG]: [0mThis is a debug message from thread 2818-09-2026 00:29:33 [38;5;015m[INFO]: [0mThis is a info message from thread 2618-09-2026 00:29:33 [38;5;117m[DEBUG]: [0mThis is a debug message from thread 2018-09-2026 00:29:33 [38;5;015m[INFO]: [0mThis is a info message from thread 2818-09-2026 00:29:33 [38;5;117m[DEBUG]: [0mThis is a debug message from thread 1618-09-2026 00:29:33 [38;5;015m[INFO]: [0mThis is a info message from thread 1518-09-2026 00:29:33 [38;5;009m[ERROR]: [0mThis is a error message from thread 2818-09-2026 00:29:33 [38;5;015m[INFO]: [0mThis is a info message from thread 1618-09-2026 00:29:33 [38;5;009m[ERROR]: [0mThis is a error message from thread 1518-09-2026 00:29:33 [38;5;009m[ERROR]: [0mThis is a error message from thread 1618-09-2026 00:29:33 [38;5;015m[INFO]: [0mThis is a info message from thread 2118-09-2026 00:29:33 [38;5;117m[DEBUG]: [0mThis is a debug message from thread 1618-09-2026 00:29:33 [38;5;117m[DEBUG]: [0mThis is a debug message from thread 118-09-2026 00:29:33 [38;5;009m[ERROR]: [0mThis is a error message from thread 2118-09-2026 00:29:33 [38;5;015m[INFO]: [0mThis is a info message from thread 1618-09-2026 00:29:33 [38;5;015m[INFO]: [0mThis is a info message from thread 118-09-2026 00:29:33 [38;5;117m[DEBUG]: [0mThis is a debug message from thread 2118-09-2026 00:29:33 [38;5;009m[ERROR]: [0mThis is a error message from thread 1618-09-2026 00:29:33 [38;5;015m[INFO]: [0mThis is a info message from thread 2118-09-2026 00:29:33 [38;5;015m[INFO]: [0mThis is a info message from thread 218-09-2026 00:29:33 [38;5;009m[ERROR]: [0mThis is a error message from thread 2118-09-2026 00:29:33 [38;5;009m[ERROR]: [0mThis is a error message from thread 218-09-2026 00:29:33 [38;5;009m[ERROR]: [0mThis is a error message from thread 2418-09-2026 00:29:33 [38;5;117m[DEBUG]: [0mThis is a debug message from thread 2118-09-2026 00:29:33 [38;5;117m[DEBUG]: [0mThis is a debug message from thread 218-09-2026 00:29:33 [38;5;015m[INFO]: [0mThis is a info message from thread 2118-09-2026 00:29:33 [38;5;015m[INFO]: [0mThis is a info message from thread 218-09-2026 00:29:33 [38;5;009m[ERROR]: [0mThis is a error message from thread 1318-09-2026 00:29:33 [38;5;009m[ERROR]: [0mThis is a error message from thread 2118-09-2026 00:29:33 [38;5;117m[DEBUG]: [0mThis is a debug message from thread 1318-09-2026 00:29:33 [38;5;009m[ERROR]: [0mThis is a error message from thread 1418-09-2026 00:29:33 [38;5;117m[DEBUG]: [0mThis is a debug message from thread 2118-09-2026 00:29:33 [38;5;117m[DEBUG]: [0mThis is a debug message from thread 1418-09-2026 00:29:33 [38;5;009m[ERROR]: [0mThis is a error message from thread 2918-09-2026 00:29:33 [38;5;117m[DEBUG]: [0mThis is a debug message from thread 2918-09-2026 00:29:33 [38;5;015m[INFO]: [0mThis is a info message from thread 2118-09-2026 00:29:33 [38;5;009m[ERROR]: [0mThis is a error message from thread 1718-09-2026 00:29:33 [38;5;015m[INFO]: [0mThis is a info message from thread 2918-09-2026 00:29:33 [38;5;009m[ERROR]: [0mThis is a error message from thread 2118-09-2026 00:29:33 [38;5;117m[DEBUG]: [0mThis is a debug message from thread 1718-09-2026 00:29:33 [38;5;009m[ERROR]: [0mThis is a error message from thread 2918-09-2026 00:29:33 [38;5;117m[DEBUG]: [0mThis is a debug message from thread 2118-09-2026 00:29:33 [38;5;009m[ERROR]: [0mThis is a error message from thread 1118-09-2026 00:29:33 [38;5;117m[DEBUG]: [0mThis is a debug message from thread 2918-09-2026 00:29:33 [38;5;015m[INFO]: [0mThis is a info message from thread 2118-09-2026 00:29:33 [38;5;015m[INFO]: [0mThis is a info message from thread 2918-09-2026 00:29:33 [38;5;015m[INFO]: [0mThis is a info message from thread 1018-09-2026 00:29:33 [38;5;009m[ERROR]: [0mThis is a error message from thread 2118-09-2026 00:29:33 [38;5;009m[ERROR]: [0mThis is a error message from thread 2918-09-2026 00:29:33 [38;5;009m[ERROR]: [0mThis is a error message from thread 2518-09-2026 00:29:33 [38;5;117m[DEBUG]: [0mThis is a debug message from thread 2118-09-2026 00:29:33 [38;5;015m[INFO]: [0mThis is a info message from thread 618-09-2026 00:29:33 [38;5;117m[DEBUG]: [0mThis is a debug message from thread 2918-09-2026 00:29:33 [38;5;117m[DEBUG]: [0mThis is a debug message from thread 2518-09-2026 00:29:33 [38;5;117m[DEBUG]: [0mThis is a debug message from thread 2218-09-2026 00:29:33 [38;5;117m[DEBUG]: [0mThis is a debug message from thread 2718-09-2026 00:29:33 [38;5;009m[ERROR]: [0mThis is a error message from thread 418-09-2026 00:29:33 [38;5;009m[ERROR]: [0mThis is a error message from thread 018-09-2026 00:29:33 [38;5;015m[INFO]: [0mThis is a info message from thread 1818-09-2026 00:29:33 [38;5;009m[ERROR]: [0mThis is a error message from thread 2618-09-2026 00:29:33 [38;5;015m[INFO]: [0mThis is a info message from thread 2018-09-2026 00:29:33 [38;5;117m[DEBUG]: [0mThis is a debug message from thread 018-09-2026 00:29:33 [38;5;117m[DEBUG]: [0mThis is a debug message from thread 2618-09-2026 00:29:33 [38;5;009m[ERROR]: [0mThis is a error message from thread 1818-09-2026 00:29:33 [38;5;015m[INFO]: [0mThis is a info message from thread 018-09-2026 00:29:33 [38;5;117m[DEBUG]: [0mThis is a debug message from thread 2318-09-2026 00:29:33 [38;5;117m[DEBUG]: [0mThis is a debug message from thread 1818-09-2026 00:29:33 [38;5;009m[ERROR]: [0mThis is a error message from thread 018-09-2026 00:29:33 [38;5;015m[INFO]: [0mThis is a info message from thread 2618-09-2026 00:29:33 [38;5;015m[INFO]: [0mThis is a info message from thread 1218-09-2026 00:29:33 [38;5;015m[INFO]: [0mThis is a info message from thread 1818-09-2026 00:29:33 [38;5;009m[ERROR]: [0mThis is a error message from thread 1218-09-2026 00:29:33 [38;5;015m[INFO]: [0mThis is a info message from thread 918-09-2026 00:29:33 [38;5;117m[DEBUG]: [0mThis is a debug message from thread 1518-09-2026 00:29:33 [38;5;117m[DEBUG]: [0mThis is a debug message from thread 1218-09-2026 00:29:33 [38;5;009m[ERROR]: [0mThis is a error message from thread 918-09-2026 00:29:33 [38;5;015m[INFO]: [0mThis is a info message from thread 1518-09-2026 00:29:33 [38;5;117m[DEBUG]: [0mThis is a debug message from thread 1618-09-2026 00:29:33 [38;5;015m[INFO]: [0mThis is a info message from thread 1218-09-2026 00:29:33 [38;5;117m[DEBUG]: [0mThis is a debug message from thread 918-09-2026 00:29:33 [38;5;009m[ERROR]: [0mThis is a error message from thread 1518-09-2026 00:29:33 [38;5;009m[ERROR]: [0mThis is a error message from thread 1218-09-2026 00:29:33 [38;5;117m[DEBUG]: [0mThis is a debug message from thread 1518-09-2026 00:29:33 [38;5;117m[DEBUG]: [0mThis is a debug message from thread 2418-09-2026 00:29:33 [38;5;015m[INFO]: [0mThis is a info message from thread 1518-09-2026 00:29:33 [38;5;015m[INFO]: [0mThis is a info message from thread 2418-09-2026 00:29:33 [38;5;009m[ERROR]: [0mThis is a error message from thread 1518-09-2026 00:29:33 [38;5;009m[ERROR]: [0mThis is a error message from thread 1018-09-2026 00:29:33 [38;5;117m[DEBUG]: [0mThis is a debug message from thread 1518-09-2026 00:29:33 [38;5;009m[ERROR]: [0mThis is a error message from thread 618-09-2026 00:29:33 [38;5;015m[INFO]: [0mThis is a info message from thread 1518-09-2026 00:29:33 [38;5;009m[ERROR]: [0mThis is a error message from thread 818-09-2026 00:29:33 [38;5;117m[DEBUG]: [0mThis is a debug message from thread 618-09-2026 00:29:33 [38;5;009m[ERROR]: [0mThis is a error message from thread 1518-09-2026 00:29:33 [38;5;117m[DEBUG]: [0mThis is a debug message from thread 818-09-2026 00:29:33 [38;5;015m[INFO]: [0mThis is a info message from thread 618-09-2026 00:29:33 [38;5;117m[DEBUG]: [0mThis is a debug message from thread 1518-09-2026 00:29:33 [38;5;015m[INFO]: [0mThis is a info message from thread 1518-09-2026 00:29:33 [38;5;009m[ERROR]: [0mThis is a error message from thread 618-09-2026 00:29:33 [38;5;015m[INFO]: [0mThis is a info message from thread 2118-09-2026 00:29:33 [38;5;009m[ERROR]: [0mThis is a error message from thread 1518-09-2026 00:29:33 [38;5;015m[INFO]: [0mThis is a info message from thread 2918-09-2026 00:29:33 [38;5;117m[DEBUG]: [0mThis is a debug message from thread 318-09-2026 00:29:33 [38;5;117m[DEBUG]: [0mThis is a debug message from thread 1518-09-2026 00:29:33 [38;5;009m[ERROR]: [0mThis is a error message from thread 2918-09-2026 00:29:33 [38;5;015m[INFO]: [0mThis is a info message from thread 2718-09-2026 00:29:33 [38;5;117m[DEBUG]: [0mThis is a debug message from thread 418-09-2026 00:29:33 [38;5;117m[DEBUG]: [0mThis is a debug message from thread 2918-09-2026 00:29:33 [38;5;009m[ERROR]: [0mThis is a error message from thread 2718-09-2026 00:29:33 [38;5;009m[ERROR]: [0mThis is a error message from thread 2018-09-2026 00:29:33 [38;5;015m[INFO]: [0mThis is a info message from thread 2918-09-2026 00:29:33 [38;5;117m[DEBUG]: [0mThis is a debug message from thread 2718-09-2026 00:29:33 [38;5;117m[DEBUG]: [0mThis is a debug message from thread 2018-09-2026 00:29:33 [38;5;015m[INFO]: [0mThis is a info message from thread 2718-09-2026 00:29:33 [38;5;015m[INFO]: [0mThis is a info message from thread 2318-09-2026 00:29:33 [38;5;009m[ERROR]: [0mThis is a error message from thread 2618-09-2026 00:29:33 [38;5;009m[ERROR]: [0mThis is a error message from thread 2318-09-2026 00:29:33 [38;5;117m[DEBUG]: [0mThis is a debug message from thread 018-09-2026 00:29:33 [38;5;117m[DEBUG]: [0mThis is a debug message from thread 2318-09-2026 00:29:33 [38;5;009m[ERROR]: [0mThis is a error message from thread 1818-09-2026 00:29:33 [38;5;015m[INFO]: [0mThis is a info message from thread 018-09-2026 00:29:33 [38;5;015m[INFO]: [0mThis is a info message from thread 2318-09-2026 00:29:33 [38;5;117m[DEBUG]: [0mThis is a debug message from thread 1818-09-2026 00:29:33 [38;5;009m[ERROR]: [0mThis is a error message from thread 2318-09-2026 00:29:33 [38;5;015m[INFO]: [0mThis is a info message from thread 1818-09-2026 00:29:33 [38;5;117m[DEBUG]: [0mThis is a debug message from thread 2318-09-2026 00:29:33 [38;5;009m[ERROR]: [0mThis is a error message from thread 1818-09-2026 00:29:33 [38;5;015m[INFO]: [0mThis is a info message from thread 2318-09-2026 00:29:33 [38;5;117m[DEBUG]: [0mThis is a debug message from thread 1818-09-2026 00:29:33 [38;5;009m[ERROR]: [0mThis is a error message from thread 2318-09-2026 00:29:33 [38;5;015m[INFO]: [0mThis is a info message from thread 1818-09-2026 00:29:33 [38;5;117m[DEBUG]: [0mThis is a debug message from thread 2318-09-2026 00:29:33 [38;5;009m[ERROR]: [0mThis is a error message from thread 1818-09-2026 00:29:33 [38;5;015m[INFO]: [0mThis is a info message from thread 2318-09-2026 00:29:33 [38;5;117m[DEBUG]: [0mThis is a debug message from thread 1818-09-2026 00:29:33 [38;5;009m[ERROR]: [0mThis is a error message from thread 2318-09-2026 00:29:33 [38;5;015m[INFO]: [0mThis is a info message from thread 1818-09-2026 00:29:33 [38;5;117m[DEBUG]: [0mThis is a debug message from thread 2318-09-2026 00:29:33 [38;5;009m[ERROR]: [0mThis is a error message from thread 1818-09-2026 00:29:33 [38;5;015m[INFO]: [0mThis is a info message from thread 2318-09-2026 00:29:33 [38;5;117m[DEBUG]: [0mThis is a debug message from thread 1818-09-2026 00:29:33 [38;5;015m[INFO]: [0mThis is a info message from thread 1818-09-2026 00:29:33 [38;5;009m[ERROR]: [0mThis is a error message from thread 1818-09-2026 00:29:33 [38;5;009m[ERROR]: [0mThis is a error message from thread 2318-09-2026 00:29:33 [38;5;009m[ERROR]: [0mThis is a error message from thread 018-09-2026 00:29:33 [38;5;117m[DEBUG]: [0mThis is a debug message from thread 2818-09-2026 00:29:33 [38;5;117m[DEBUG]: [0mThis is a debug message from thread 018-09-2026 00:29:33 [38;5;015m[INFO]: [0mThis is a info message from thread 2818-09-2026 00:29:33 [38;5;015m[INFO]: [0mThis is a info message from thread 018-09-2026 00:29:33 [38;5;009m[ERROR]: [0mThis is a error message from thread 2818-09-2026 00:29:33 [38;5;009m[ERROR]: [0mThis is a error message from thread 018-09-2026 00:29:33 [38;5;117m[DEBUG]: [0mThis is a debug message from thread 2818-09-2026 00:29:33 [38;5;117m[DEBUG]: [0mThis is a debug message from thread 018-09-2026 00:29:33 [38;5;015m[INFO]: [0mThis is a info message from thread 2818-09-2026 00:29:33 [38;5;015m[INFO]: [0mThis is a info message from thread 018-09-2026 00:29:33 [38;5;015m[INFO]: [0mThis is a info message from thread 918-09-2026 00:29:33 [38;5;015m[INFO]: [0mThis is a info message from thread 1618-09-2026 00:29:33 [38;5;009m[ERROR]: [0mThis is a error message from thread 018-09-2026 00:29:33 [38;5;009m[ERROR]: [0mThis is a error message from thread 918-09-2026 00:29:33 [38;5;117m[DEBUG]: [0mThis is a debug message from thread 018-09-2026 00:29:33 [38;5;117m[DEBUG]: [0mThis is a debug message from thread 918-09-2026 00:29:33 [38;5;009m[ERROR]: [0mThis is a error message from thread 218-09-2026 00:29:33 [38;5;015m[INFO]: [0mThis is a info message from thread 918-09-2026 00:29:33 [38;5;015m[INFO]: [0mThis is a info message from thread 018-09-2026 00:29:33 [38;5;009m[ERROR]: [0mThis is a error message from thread 918-09-2026 00:29:33 [38;5;009m[ERROR]: [0mThis is a error message from thread 018-09-2026 00:29:33 [38;5;117m[DEBUG]: [0mThis is a debug message from thread 918-09-2026 00:29:33 [38;5;117m[DEBUG]: [0mThis is a debug message from thread 018-09-2026 00:29:33 [38;5;015m[INFO]: [0mThis is a info message from thread 918-09-2026 00:29:33 [38;5;015m[INFO]: [0mThis is a info message from thread 018-09-2026 00:29:33 [38;5;117m[DEBUG]: [0mThis is a debug message from thread 1018-09-2026 00:29:33 [38;5;009m[ERROR]: [0mThis is a error message from thread 018-09-2026 00:29:33 [38;5;015m[INFO]: [0mThis is a info message from thread 818-09-2026 00:29:33 [38;5;015m[INFO]: [0mThis is a info message from thread 1018-09-2026 00:29:33 [38;5;117m[DEBUG]: [0mThis is a debug message from thread 018-09-2026 00:29:33 [38;5;009m[ERROR]: [0mThis is a error message from thread 1018-09-2026 00:29:33 [38;5;015m[INFO]: [0mThis is a info message from thread 018-09-2026 00:29:33 [38;5;009m[ERROR]: [0mThis is a error message from thread 518-09-2026 00:29:33 [38;5;117m[DEBUG]: [0mThis is a debug message from thread 1018-09-2026 00:29:33 [38;5;009m[ERROR]: [0mThis is a error message from thread 018-09-2026 00:29:33 [38;5;117m[DEBUG]: [0mThis is a debug message from thread 018-09-2026 00:29:33 [38;5;015m[INFO]: [0mThis is a info message from thread 1018-09-2026 00:29:33 [38;5;015m[INFO]: [0mThis is a info message from thread 1518-09-2026 00:29:33 [38;5;015m[INFO]: [0mThis is a info message from thread 2518-09-2026 00:29:33 [38;5;009m[ERROR]: [0mThis is a error message from thread 1518-09-2026 00:29:33 [38;5;015m[INFO]: [0mThis is a info message from thread 018-09-2026 00:29:33 [38;5;015m[INFO]: [0mThis is a info message from thread 2218-09-2026 00:29:33 [38;5;117m[DEBUG]: [0mThis is a debug message from thread 1518-09-2026 00:29:33 [38;5;009m[ERROR]: [0mThis is a error message from thread 018-09-2026 00:29:33 [38;5;009m[ERROR]: [0mThis is a error message from thread 718-09-2026 00:29:33 [38;5;015m[INFO]: [0mThis is a info message from thread 1518-09-2026 00:29:33 [38;5;117m[DEBUG]: [0mThis is a debug message from thread 018-09-2026 00:29:33 [38;5;009m[ERROR]: [0mThis is a error message from thread 2918-09-2026 00:29:33 [38;5;117m[DEBUG]: [0mThis is a debug message from thread 718-09-2026 00:29:33 [38;5;009m[ERROR]: [0mThis is a error message from thread 1518-09-2026 00:29:33 [38;5;015m[INFO]: [0mThis is a info message from thread 018-09-2026 00:29:33 [38;5;015m[INFO]: [0mThis is a info message from thread 718-09-2026 00:29:33 [38;5;117m[DEBUG]: [0mThis is a debug message from thread 1518-09-2026 00:29:33 [38;5;009m[ERROR]: [0mThis is a error message from thread 018-09-2026 00:29:33 [38;5;009m[ERROR]: [0mThis is a error message from thread 2718-09-2026 00:29:33 [38;5;117m[DEBUG]: [0mThis is a debug message from thread 018-09-2026 00:29:33 [38;5;117m[DEBUG]: [0mThis is a debug message from thread 2618-09-2026 00:29:33 [38;5;015m[INFO]: [0mThis is a info message from thread 2018-09-2026 00:29:33 [38;5;015m[INFO]: [0mThis is a info message from thread 018-09-2026 00:29:33 [38;5;117m[DEBUG]: [0mThis is a debug message from thread 2318-09-2026 00:29:33 [38;5;009m[ERROR]: [0mThis is a error message from thread 2018-09-2026 00:29:33 [38;5;015m[INFO]: [0mThis is a info message from thread 1418-09-2026 00:29:33 [38;5;117m[DEBUG]: [0mThis is a debug message from thread 1118-09-2026 00:29:33 [38;5;009m[ERROR]: [0mThis is a error message from thread 2418-09-2026 00:29:33 [38;5;117m[DEBUG]: [0mThis is a debug message from thread 2018-09-2026 00:29:33 [38;5;009m[ERROR]: [0mThis is a error message from thread 1418-09-2026 00:29:33 [38;5;015m[INFO]: [0mThis is a info message from thread 1118-09-2026 00:29:33 [38;5;117m[DEBUG]: [0mThis is a debug message from thread 2418-09-2026 00:29:33 [38;5;015m[INFO]: [0mThis is a info message from thread 2018-09-2026 00:29:33 [38;5;117m[DEBUG]: [0mThis is a debug message from thread 1418-09-2026 00:29:33 [38;5;009m[ERROR]: [0mThis is a error message from thread 1118-09-2026 00:29:33 [38;5;015m[INFO]: [0mThis is a info message from thread 2418-09-2026 00:29:33 [38;5;015m[INFO]: [0mThis is a info message from thread 1418-09-2026 00:29:33 [38;5;009m[ERROR]: [0mThis is a error message from thread 2018-09-2026 00:29:33 [38;5;117m[DEBUG]: [0mThis is a debug message from thread 1118-09-2026 00:29:33 [38;5;009m[ERROR]: [0mThis is a error message from thread 1418-09-2026 00:29:33 [38;5;117m[DEBUG]: [0mThis is a debug message from thread 2018-09-2026 00:29:33 [38;5;015m[INFO]: [0mThis is a info message from thread 1118-09-2026 00:29:33 [38;5;117m[DEBUG]: [0mThis is a debug message from thread 618-09-2026 00:29:33 [38;5;009m[ERROR]: [0mThis is a error message from thread 2118-09-2026 00:29:33 [38;5;015m[INFO]: [0mThis is a info message from thread 2018-09-2026 00:29:33 [38;5;015m[INFO]: [0mThis is a info message from thread 618-09-2026 00:29:33 [38;5;117m[DEBUG]: [0mThis is a debug message from thread 2118-09-2026 00:29:33 [38;5;009m[ERROR]: [0mThis is a error message from thread 2018-09-2026 00:29:33 [38;5;009m[ERROR]: [0mThis is a error message from thread 618-09-2026 00:29:33 [38;5;117m[DEBUG]: [0mThis is a debug message from thread 618-09-2026 00:29:33 [38;5;015m[INFO]: [0mThis is a info message from thread 2118-09-2026 00:29:33 [38;5;009m[ERROR]: [0mThis is a error message from thread 1018-09-2026 00:29:33 [38;5;015m[INFO]: [0mThis is a info message from thread 618-09-2026 00:29:33 [38;5;117m[DEBUG]: [0mThis is a debug message from thread 1018-09-2026 00:29:33 [38;5;009m[ERROR]: [0mThis is a error message from thread 2218-09-2026 00:29:33 [38;5;009m[ERROR]: [0mThis is a error message from thread 618-09-2026 00:29:33 [38;5;015m[INFO]: [0mThis is a info message from thread 1018-09-2026 00:29:33 [38;5;009m[ERROR]: [0mThis is a error message from thread 1018-09-2026 00:29:33 [38;5;117m[DEBUG]: [0mThis is a debug message from thread 2218-09-2026 00:29:33 [38;5;009m[ERROR]: [0mThis is a error message from thread 2518-09-2026 00:29:33 [38;5;015m[INFO]: [0mThis is a info message from thread 2218-09-2026 00:29:33 [38;5;117m[DEBUG]: [0mThis is a debug message from thread 1018-09-2026 00:29:33 [38;5;009m[ERROR]: [0mThis is a error message from thread 2218-09-2026 00:29:33 [38;5;015m[INFO]: [0mThis is a info message from thread 418-09-2026 00:29:33 [38;5;015m[INFO]: [0mThis is a info message from thread 1018-09-2026 00:29:33 [38;5;117m[DEBUG]: [0mThis is a debug message from thread 2218-09-2026 00:29:33 [38;5;009m[ERROR]: [0mThis is a error message from thread 418-09-2026 00:29:33 [38;5;009m[ERROR]: [0mThis is a error message from thread 1018-09-2026 00:29:33 [38;5;015m[INFO]: [0mThis is a info message from thread 2218-09-2026 00:29:33 [38;5;117m[DEBUG]: [0mThis is a debug message from thread 418-09-2026 00:29:33 [38;5;117m[DEBUG]: [0mThis is a debug message from thread 1018-09-2026 00:29:33 [38;5;015m[INFO]: [0mThis is a info message from thread 418-09-2026 00:29:33 [38;5;015m[INFO]: [0mThis is a info message from thread 1018-09-2026 00:29:33 [38;5;117m[DEBUG]: [0mThis is a debug message from thread 2918-09-2026 00:29:33 [38;5;009m[ERROR]: [0mThis is a error message from thread 1018-09-2026 00:29:33 [38;5;015m[INFO]: [0mThis is a info message from thread 2318-09-2026 00:29:33 [38;5;015m[INFO]: [0mThis is a info message from thread 1718-09-2026 00:29:33 [38;5;117m[DEBUG]: [0mThis is a debug message from thread 1018-09-2026 00:29:33 [38;5;009m[ERROR]: [0mThis is a error message from thread 2318-09-2026 00:29:33 [38;5;009m[ERROR]: [0mThis is a error message from thread 2818-09-2026 00:29:33 [38;5;015m[INFO]: [0mThis is a info message from thread 1018-09-2026 00:29:33 [38;5;117m[DEBUG]: [0mThis is a debug message from thread 2818-09-2026 00:29:33 [38;5;009m[ERROR]: [0mThis is a error message from thread 1918-09-2026 00:29:33 [38;5;009m[ERROR]: [0mThis is a error message from thread 118-09-2026 00:29:33 [38;5;009m[ERROR]: [0mThis is a error message from thread 1618-09-2026 00:29:33 [38;5;117m[DEBUG]: [0mThis is a debug message from thread 218-09-2026 00:29:33 [38;5;015m[INFO]: [0mThis is a info message from thread 1318-09-2026 00:29:33 [38;5;015m[INFO]: [0mThis is a info message from thread 2918-09-2026 00:29:33 [38;5;009m[ERROR]: [0mThis is a error message from thread 718-09-2026 00:29:33 [38;5;015m[INFO]: [0mThis is a info message from thread 1518-09-2026 00:29:33 [38;5;117m[DEBUG]: [0mThis is a debug message from thread 2718-09-2026 00:29:33 [38;5;117m[DEBUG]: [0mThis is a debug message from thread 1818-09-2026 00:29:33 [38;5;015m[INFO]: [0mThis is a info message from thread 2618-09-2026 00:29:33 [38;5;117m[DEBUG]: [0mThis is a debug message from thread 1218-09-2026 00:29:33 [38;5;009m[ERROR]: [0mThis is a error message from thread 018-09-2026 00:29:33 [38;5;117m[DEBUG]: [0mThis is a debug message from thread 2318-09-2026 00:29:33 [38;5;117m[DEBUG]: [0mThis is a debug message from thread 018-09-2026 00:29:33 [38;5;015m[INFO]: [0mThis is a info message from thread 2818-09-2026 00:29:33 [38;5;015m[INFO]: [0mThis is a info message from thread 2318-09-2026 00:29:33 [38;5;009m[ERROR]: [0mThis is a error message from thread 1018-09-2026 00:29:33 [38;5;117m[DEBUG]: [0mThis is a debug message from thread 1018-09-2026 00:29:33 [38;5;015m[INFO]: [0mThis is a info message from thread 1018-09-2026 00:29:33 [38;5;117m[DEBUG]: [0mThis is a debug message from thread 118-09-2026 00:29:33 [38;5;009m[ERROR]: [0mThis is a error message from thread 1018-09-2026 00:29:33 [38;5;015m[INFO]: [0mThis is a info message from thread 118-09-2026 00:29:33 [38;5;117m[DEBUG]: [0mThis is a debug message from thread 1018-09-2026 00:29:33 [38;5;009m[ERROR]: [0mThis is a error message from thread 118-09-2026 00:29:33 [38;5;117m[DEBUG]: [0mThis is a debug message from thread 118-09-2026 00:29:33 [38;5;117m[DEBUG]: [0mThis is a debug message from thread 1618-09-2026 00:29:33 [38;5;015m[INFO]: [0mThis is a info message from thread 118-09-2026 00:29:33 [38;5;015m[INFO]: [0mThis is a info message from thread 1618-09-2026 00:29:33 [38;5;009m[ERROR]: [0mThis is a error message from thread 118-09-2026 00:29:33 [38;5;009m[ERROR]: [0mThis is a error message from thread 1618-09-2026 00:29:33 [38;5;117m[DEBUG]: [0mThis is a debug message from thread 118-09-2026 00:29:33 [38;5;117m[DEBUG]: [0mThis is a debug message from thread 1618-09-2026 00:29:33 [38;5;015m[INFO]: [0mThis is a info message from thread 118-09-2026 00:29:33 [38;5;015m[INFO]: [0mThis is a info message from thread 1618-09-2026 00:29:33 [38;5;009m[ERROR]: [0mThis is a error message from thread 118-09-2026 00:29:33 [38;5;009m[ERROR]: [0mThis is a error message from thread 1618-09-2026 00:29:33 [38;5;117m[DEBUG]: [0mThis is a debug message from thread 118-09-2026 00:29:33 [38;5;117m[DEBUG]: [0mThis is a debug message from thread 1618-09-2026 00:29:33 [38;5;015m[INFO]: [0mThis is a info message from thread 118-09-2026 00:29:33 [38;5;015m[INFO]: [0mThis is a info message from thread 1618-09-2026 00:29:33 [38;5;009m[ERROR]: [0mThis is a error message from thread 118-09-2026 00:29:33 [38;5;009m[ERROR]: [0mThis is a error message from thread 1618-09-2026 00:29:33 [38;5;117m[DEBUG]: [0mThis is a debug message from thread 118-09-2026 00:29:33 [38;5;015m[INFO]: [0mThis is a info message from thread 218-09-2026 00:29:33 [38;5;009m[ERROR]: [0mThis is a error message from thread 2418-09-2026 00:29:33 [38;5;009m[ERROR]: [0mThis is a error message from thread 218-09-2026 00:29:33 [38;5;009m[ERROR]: [0mThis is a error message from thread 1318-09-2026 00:29:33 [38;5;117m[DEBUG]: [0mThis is a debug message from thread 2418-09-2026 00:29:33 [38;5;117m[DEBUG]: [0mThis is a debug message from thread 1318-09-2026 00:29:33 [38;5;009m[ERROR]: [0mThis is a error message from thread 918-09-2026 00:29:33 [38;5;117m[DEBUG]: [0mThis is a debug message from thread 918-09-2026 00:29:33 [38;5;015m[INFO]: [0mThis is a info message from thread 1318-09-2026 00:29:33 [38;5;009m[ERROR]: [0mThis is a error message from thread 818-09-2026 00:29:33 [38;5;015m[INFO]: [0mThis is a info message from thread 918-09-2026 00:29:33 [38;5;009m[ERROR]: [0mThis is a error message from thread 1318-09-2026 00:29:33 [38;5;117m[DEBUG]: [0mThis is a debug message from thread 818-09-2026 00:29:33 [38;5;009m[ERROR]: [0mThis is a error message from thread 918-09-2026 00:29:33 [38;5;117m[DEBUG]: [0mThis is a debug message from thread 1318-09-2026 00:29:33 [38;5;015m[INFO]: [0mThis is a info message from thread 818-09-2026 00:29:33 [38;5;117m[DEBUG]: [0mThis is a debug message from thread 918-09-2026 00:29:33 [38;5;015m[INFO]: [0mThis is a info message from thread 1318-09-2026 00:29:33 [38;5;009m[ERROR]: [0mThis is a error message from thread 818-09-2026 00:29:33 [38;5;015m[INFO]: [0mThis is a info message from thread 918-09-2026 00:29:33 [38;5;009m[ERROR]: [0mThis is a error message from thread 1318-09-2026 00:29:33 [38;5;117m[DEBUG]: [0mThis is a debug message from thread 818-09-2026 00:29:33 [38;5;009m[ERROR]: [0mThis is a error message from thread 918-09-2026 00:29:33 [38;5;117m[DEBUG]: [0mThis is a debug message from thread 1318-09-2026 00:29:33 [38;5;015m[INFO]: [0mThis is a info message from thread 818-09-2026 00:29:33 [38;5;117m[DEBUG]: [0mThis is a debug message from thread 918-09-2026 00:29:33 [38;5;015m[INFO]: [0mThis is a info message from thread 1318-09-2026 00:29:33 [38;5;009m[ERROR]: [0mThis is a error message from thread 818-09-2026 00:29:33 [38;5;015m[INFO]: [0mThis is a info message from thread 918-09-2026 00:29:33 [38;5;009m[ERROR]: [0mThis is a error message from thread 1318-09-2026 00:29:33 [38;5;117m[DEBUG]: [0mThis is a debug message from thread 818-09-2026 00:29:33 [38;5;009m[ERROR]: [0mThis is a error message from thread 918-09-2026 00:29:33 [38;5;015m[INFO]: [0mThis is a info message from thread 818-09-2026 00:29:33 [38;5;009m[ERROR]: [0mThis is a error message from thread 1118-09-2026 00:29:33 [38;5;117m[DEBUG]: [0mThis is a debug message from thread 1418-09-2026 00:29:33 [38;5;117m[DEBUG]: [0mThis is a debug message from thread 918-09-2026 00:29:33 [38;5;117m[DEBUG]: [0mThis is a debug message from thread 1118-09-2026 00:29:33 [38;5;015m[INFO]: [0mThis is a info message from thread 918-09-2026 00:29:33 [38;5;015m[INFO]: [0mThis is a info message from thread 1118-09-2026 00:29:33 [38;5;015m[INFO]: [0mThis is a info message from thread 318-09-2026 00:29:33 [38;5;009m[ERROR]: [0mThis is a error message from thread 918-09-2026 00:29:33 [38;5;009m[ERROR]: [0mThis is a error message from thread 1118-09-2026 00:29:33 [38;5;009m[ERROR]: [0mThis is a error message from thread 318-09-2026 00:29:33 [38;5;117m[DEBUG]: [0mThis is a debug message from thread 918-09-2026 00:29:33 [38;5;117m[DEBUG]: [0mThis is a debug message from thread 1118-09-2026 00:29:33 [38;5;117m[DEBUG]: [0mThis is a debug message from thread 318-09-2026 00:29:33 [38;5;015m[INFO]: [0mThis is a info message from thread 1118-09-2026 00:29:33 [38;5;009m[ERROR]: [0mThis is a error message from thread 1118-09-2026 00:29:33 [38;5;015m[INFO]: [0mThis is a info message from thread 918-09-2026 00:29:33 [38;5;009m[ERROR]: [0mThis is a error message from thread 918-09-2026 00:29:33 [38;5;117m[DEBUG]: [0mThis is a debug message from thread 918-09-2026 00:29:33 [38;5;117m[DEBUG]: [0mThis is a debug message from thread 2518-09-2026 00:29:33 [38;5;009m[ERROR]: [0mThis is a error message from thread 2218-09-2026 00:29:33 [38;5;015m[INFO]: [0mThis is a info message from thread 918-09-2026 00:29:33 [38;5;015m[INFO]: [0mThis is a info message from thread 2518-09-2026 00:29:33 [38;5;117m[DEBUG]: [0mThis is a debug message from thread 2218-09-2026 00:29:33 [38;5;009m[ERROR]: [0mThis is a error message from thread 918-09-2026 00:29:33 [38;5;009m[ERROR]: [0mThis is a error message from thread 2518-09-2026 00:29:33 [38;5;015m[INFO]: [0mThis is a info message from thread 2218-09-2026 00:29:33 [38;5;117m[DEBUG]: [0mThis is a debug message from thread 918-09-2026 00:29:33 [38;5;117m[DEBUG]: [0mThis is a debug message from thread 2518-09-2026 00:29:33 [38;5;009m[ERROR]: [0mThis is a error message from thread 2218-09-2026 00:29:33 [38;5;015m[INFO]: [0mThis is a info message from thread 918-09-2026 00:29:33 [38;5;117m[DEBUG]: [0mThis is a debug message from thread 2218-09-2026 00:29:33 [38;5;009m[ERROR]: [0mThis is a error message from thread 418-09-2026 00:29:33 [38;5;009m[ERROR]: [0mThis is a error message from thread 918-09-2026 00:29:33 [38;5;117m[DEBUG]: [0mThis is a debug message from thread 418-09-2026 00:29:33 [38;5;015m[INFO]: [0mThis is a info message from thread 2218-09-2026 00:29:33 [38;5;015m[INFO]: [0mThis is a info message from thread 418-09-2026 00:29:33 [38;5;009m[ERROR]: [0mThis is a error message from thread 2218-09-2026 00:29:33 [38;5;117m[DEBUG]: [0mThis is a debug message from thread 918-09-2026 00:29:33 [38;5;009m[ERROR]: [0mThis is a error message from thread 2918-09-2026 00:29:33 [38;5;117m[DEBUG]: [0mThis is a debug message from thread 718-09-2026 00:29:33 [38;5;015m[INFO]: [0mThis is a info message from thread 918-09-2026 00:29:33 [38;5;117m[DEBUG]: [0mThis is a debug message from thread 2918-09-2026 00:29:33 [38;5;015m[INFO]: [0mThis is a info message from thread 718-09-2026 00:29:33 [38;5;015m[INFO]: [0mThis is a info message from thread 2918-09-2026 00:29:33 [38;5;009m[ERROR]: [0mThis is a error message from thread 1518-09-2026 00:29:33 [38;5;009m[ERROR]: [0mThis is a error message from thread 718-09-2026 00:29:33 [38;5;009m[ERROR]: [0mThis is a error message from thread 2918-09-2026 00:29:33 [38;5;117m[DEBUG]: [0mThis is a debug message from thread 1518-09-2026 00:29:33 [38;5;117m[DEBUG]: [0mThis is a debug message from thread 2918-09-2026 00:29:33 [38;5;015m[INFO]: [0mThis is a info message from thread 1518-09-2026 00:29:33 [38;5;015m[INFO]: [0mThis is a info message from thread 2918-09-2026 00:29:33 [38;5;009m[ERROR]: [0mThis is a error message from thread 1518-09-2026 00:29:33 [38;5;009m[ERROR]: [0mThis is a error message from thread 2918-09-2026 00:29:33 [38;5;117m[DEBUG]: [0mThis is a debug message from thread 1518-09-2026 00:29:33 [38;5;117m[DEBUG]: [0mThis is a debug message from thread 2918-09-2026 00:29:33 [38;5;015m[INFO]: [0mThis is a info message from thread 1518-09-2026 00:29:33 [38;5;117m[DEBUG]: [0mThis is a debug message from thread 718-09-2026 00:29:33 [38;5;015m[INFO]: [0mThis is a info message from thread 2918-09-2026 00:29:33 [38;5;009m[ERROR]: [0mThis is a error message from thread 1518-09-2026 00:29:33 [38;5;015m[INFO]: [0mThis is a info message from thread 718-09-2026 00:29:33 [38;5;117m[DEBUG]: [0mThis is a debug message from thread 1518-09-2026 00:29:33 [38;5;015m[INFO]: [0mThis is a info message from thread 1518-09-2026 00:29:33 [38;5;009m[ERROR]: [0mThis is a error message from thread 718-09-2026 00:29:33 [38;5;015m[INFO]: [0mThis is a info message from thread 2718-09-2026 00:29:33 [38;5;009m[ERROR]: [0mThis is a error message from thread 1518-09-2026 00:29:33 [38;5;117m[DEBUG]: [0mThis is a debug message from thread 718-09-2026 00:29:33 [38;5;009m[ERROR]: [0mThis is a error message from thread 2718-09-2026 00:29:33 [38;5;015m[INFO]: [0mThis is a info message from thread 718-09-2026 00:29:33 [38;5;009m[ERROR]: [0mThis is a error message from thread 718-09-2026 00:29:33 [38;5;117m[DEBUG]: [0mThis is a debug message from thread 718-09-2026 00:29:33 [38;5;015m[INFO]: [0mThis is a info message from thread 718-09-2026 00:29:33 [38;5;009m[ERROR]: [0mThis is a error message from thread 718-09-2026 00:29:33 [38;5;009m[ERROR]: [0mThis is a error message from thread 2618-09-2026 00:29:33 [38;5;117m[DEBUG]: [0mThis is a debug message from thread 718-09-2026 00:29:33 [38;5;117m[DEBUG]: [0mThis is a debug message from thread 2618-09-2026 00:29:33 [38;5;015m[INFO]: [0mThis is a info message from thread 718-09-2026 00:29:33 [38;5;015m[INFO]: [0mThis is a info message from thread 2618-09-2026 00:29:33 [38;5;009m[ERROR]: [0mThis is a error message from thread 718-09-2026 00:29:33 [38;5;009m[ERROR]: [0mThis is a error message from thread 2618-09-2026 00:29:33 [38;5;015m[INFO]: [0mThis is a info message from thread 1218-09-2026 00:29:33 [38;5;015m[INFO]: [0mThis is a info message from thread 018-09-2026 00:29:33 [38;5;009m[ERROR]: [0mThis is a error message from thread 2818-09-2026 00:29:33 [38;5;009m[ERROR]: [0mThis is a error message from thread 2318-09-2026 00:29:33 [38;5;117m[DEBUG]: [0mThis is a debug message from thread 2818-09-2026 00:29:33 [38;5;117m[DEBUG]: [0mThis is a debug message from thread 2318-09-2026 00:29:33 [38;5;117m[DEBUG]: [0mThis is a debug message from thread 2618-09-2026 00:29:33 [38;5;015m[INFO]: [0mThis is a info message from thread 2318-09-2026 00:29:33 [38;5;015m[INFO]: [0mThis is a info message from thread 2618-09-2026 00:29:33 [38;5;009m[ERROR]: [0mThis is a error message from thread 2318-09-2026 00:29:33 [38;5;009m[ERROR]: [0mThis is a error message from thread 2618-09-2026 00:29:33 [38;5;117m[DEBUG]: [0mThis is a debug message from thread 2318-09-2026 00:29:33 [38;5;117m[DEBUG]: [0mThis is a debug message from thread 2618-09-2026 00:29:33 [38;5;015m[INFO]: [0mThis is a info message from thread 2318-09-2026 00:29:33 [38;5;015m[INFO]: [0mThis is a info message from thread 2618-09-2026 00:29:33 [38;5;009m[ERROR]: [0mThis is a error message from thread 2318-09-2026 00:29:33 [38;5;117m[DEBUG]: [0mThis is a debug message from thread 1918-09-2026 00:29:33 [38;5;015m[INFO]: [0mThis is a info message from thread 1918-09-2026 00:29:33 [38;5;009m[ERROR]: [0mThis is a error message from thread 1918-09-2026 00:29:33 [38;5;117m[DEBUG]: [0mThis is a debug message from thread 1918-09-2026 00:29:33 [38;5;015m[INFO]: [0mThis is a info message from thread 1918-09-2026 00:29:33 [38;5;009m[ERROR]: [0mThis is a error message from thread 1918-09-2026 00:29:33 [38;5;117m[DEBUG]: [0mThis is a debug message from thread 1918-09-2026 00:29:33 [38;5;015m[INFO]: [0mThis is a info message from thread 1918-09-2026 00:29:33 [38;5;009m[ERROR]: [0mThis is a error message from thread 1918-09-2026 00:29:33 [38;5;117m[DEBUG]: [0mThis is a debug message from thread 1918-09-2026 00:29:33 [38;5;015m[INFO]: [0mThis is a info message from thread 1918-09-2026 00:29:33 [38;5;009m[ERROR]: [0mThis is a error message from thread 1918-09-2026 00:29:33 [38;5;117m[DEBUG]: [0mThis is a debug message from thread 1918-09-2026 00:29:33 [38;5;117m[DEBUG]: [0mThis is a debug message from thread 2318-09-2026 00:29:33 [38;5;015m[INFO]: [0mThis is a info message from thread 2318-09-2026 00:29:33 [38;5;009m[ERROR]: [0mThis is a error message from thread 2318-09-2026 00:29:33 [38;5;117m[DEBUG]: [0mThis is a debug message from thread 2318-09-2026 00:29:33 [38;5;015m[INFO]: [0mThis is a info message from thread 1018-09-2026 00:29:33 [38;5;117m[DEBUG]: [0mThis is a debug message from thread 1618-09-2026 00:29:33 [38;5;009m[ERROR]: [0mThis is a error message from thread 1018-09-2026 00:29:33 [38;5;015m[INFO]: [0mThis is a info message from thread 1618-09-2026 00:29:33 [38;5;117m[DEBUG]: [0mThis is a debug message from thread 1018-09-2026 00:29:33 [38;5;009m[ERROR]: [0mThis is a error message from thread 1618-09-2026 00:29:33 [38;5;015m[INFO]: [0mThis is a info message from thread 1018-09-2026 00:29:33 [38;5;009m[ERROR]: [0mThis is a error message from thread 1018-09-2026 00:29:33 [38;5;117m[DEBUG]: [0mThis is a debug message from thread 1018-09-2026 00:29:33 [38;5;015m[INFO]: [0mThis is a info message from thread 1018-09-2026 00:29:33 [38;5;117m[DEBUG]: [0mThis is a debug message from thread 1318-09-2026 00:29:33 [38;5;015m[INFO]: [0mThis is a info message from thread 1418-09-2026 00:29:33 [38;5;015m[INFO]: [0mThis is a info message from thread 1318-09-2026 00:29:33 [38;5;009m[ERROR]: [0mThis is a error message from thread 1418-09-2026 00:29:33 [38;5;117m[DEBUG]: [0mThis is a debug message from thread 1418-09-2026 00:29:33 [38;5;015m[INFO]: [0mThis is a info message from thread 1418-09-2026 00:29:33 [38;5;009m[ERROR]: [0mThis is a error message from thread 1418-09-2026 00:29:33 [38;5;117m[DEBUG]: [0mThis is a debug message from thread 1418-09-2026 00:29:33 [38;5;015m[INFO]: [0mThis is a info message from thread 1418-09-2026 00:29:33 [38;5;009m[ERROR]: [0mThis is a error message from thread 1418-09-2026 00:29:33 [38;5;117m[DEBUG]: [0mThis is a debug message from thread 1418-09-2026 00:29:33 [38;5;015m[INFO]: [0mThis is a info message from thread 1418-09-2026 00:29:33 [38;5;009m[ERROR]: [0mThis is a error message from thread 1418-09-2026 00:29:33 [38;5;117m[DEBUG]: [0mThis is a debug message from thread 1418-09-2026 00:29:33 [38;5;015m[INFO]: [0mThis is a info message from thread 1418-09-2026 00:29:33 [38;5;009m[ERROR]: [0mThis is a error message from thread 1418-09-2026 00:29:33 [38;5;015m[INFO]: [0mThis is a info message from thread 318-09-2026 00:29:33 [38;5;117m[DEBUG]: [0mThis is a debug message from thread 1118-09-2026 00:29:33 [38;5;009m[ERROR]: [0mThis is a error message from thread 318-09-2026 00:29:33 [38;5;015m[INFO]: [0mThis is a info message from thread 1118-09-2026 00:29:33 [38;5;117m[DEBUG]: [0mThis is a debug message from thread 318-09-2026 00:29:33 [38;5;009m[ERROR]: [0mThis is a error message from thread 1118-09-2026 00:29:33 [38;5;117m[DEBUG]: [0mThis is a debug message from thread 1118-09-2026 00:29:33 [38;5;015m[INFO]: [0mThis is a info message from thread 1118-09-2026 00:29:33 [38;5;009m[ERROR]: [0mThis is a error message from thread 1118-09-2026 00:29:33 [38;5;015m[INFO]: [0mThis is a info message from thread 318-09-2026 00:29:33 [38;5;117m[DEBUG]: [0mThis is a debug message from thread 1118-09-2026 00:29:33 [38;5;009m[ERROR]: [0mThis is a error message from thread 318-09-2026 00:29:33 [38;5;015m[INFO]: [0mThis is a info message from thread 1118-09-2026 00:29:33 [38;5;117m[DEBUG]: [0mThis is a debug message from thread 318-09-2026 00:29:33 [38;5;009m[ERROR]: [0mThis is a error message from thread 1118-09-2026 00:29:33 [38;5;015m[INFO]: [0mThis is a info message from thread 318-09-2026 00:29:33 [38;5;117m[DEBUG]: [0mThis is a debug message from thread 1118-09-2026 00:29:33 [38;5;009m[ERROR]: [0mThis is a error message from thread 318-09-2026 00:29:33 [38;5;015m[INFO]: [0mThis is a info message from thread 1118-09-2026 00:29:33 [38;5;117m[DEBUG]: [0mThis is a debug message from thread 318-09-2026 00:29:33 [38;5;009m[ERROR]: [0mThis is a error message from thread 1118-09-2026 00:29:33 [38;5;015m[INFO]: [0mThis is a info message from thread 318-09-2026 00:29:33 [38;5;117m[DEBUG]: [0mThis is a debug message from thread 1118-09-2026 00:29:33 [38;5;009m[ERROR]: [0mThis is a error message from thread 318-09-2026 00:29:33 [38;5;015m[INFO]: [0mThis is a info message from thread 1118-09-2026 00:29:33 [38;5;117m[DEBUG]: [0mThis is a debug message from thread 318-09-2026 00:29:33 [38;5;009m[ERROR]: [0mThis is a error message from thread 1118-09-2026 00:29:33 [38;5;015m[INFO]: [0mThis is a info message from thread 318-09-2026 00:29:33 [38;5;117m[DEBUG]: [0mThis is a debug message from thread 1118-09-2026 00:29:33 [38;5;009m[ERROR]: [0mThis is a error message from thread 318-09-2026 00:29:33 [38;5;015m[INFO]: [0mThis is a info message from thread 1118-09-2026 00:29:33 [38;5;009m[ERROR]: [0mThis is a error message from thread 1118-09-2026 00:29:33 [38;5;117m[DEBUG]: [0mThis is a debug message from thread 1118-09-2026 00:29:33 [38;5;015m[INFO]: [0mThis is a info message from thread 1118-09-2026 00:29:33 [38;5;117m[DEBUG]: [0mThis is a debug message from thread 2018-09-2026 00:29:33 [38;5;009m[ERROR]: [0mThis is a error message from thread 1118-09-2026 00:29:33 [38;5;015m[INFO]: [0mThis is a info message from thread 2018-09-2026 00:29:33 [38;5;117m[DEBUG]: [0mThis is a debug message from thread 1118-09-2026 00:29:33 [38;5;009m[ERROR]: [0mThis is a error message from thread 2018-09-2026 00:29:33 [38;5;117m[DEBUG]: [0mThis is a debug message from thread 518-09-2026 00:29:33 [38;5;117m[DEBUG]: [0mThis is a debug message from thread 2018-09-2026 00:29:33 [38;5;015m[INFO]: [0mThis is a info message from thread 518-09-2026 00:29:33 [38;5;015m[INFO]: [0mThis is a info message from thread 2018-09-2026 00:29:33 [38;5;009m[ERROR]: [0mThis is a error message from thread 518-09-2026 00:29:33 [38;5;009m[ERROR]: [0mThis is a error message from thread 2018-09-2026 00:29:33 [38;5;009m[ERROR]: [0mThis is a error message from thread 2118-09-2026 00:29:33 [38;5;117m[DEBUG]: [0mThis is a debug message from thread 518-09-2026 00:29:33 [38;5;117m[DEBUG]: [0mThis is a debug message from thread 2018-09-2026 00:29:33 [38;5;117m[DEBUG]: [0mThis is a debug message from thread 2118-09-2026 00:29:33 [38;5;015m[INFO]: [0mThis is a info message from thread 2018-09-2026 00:29:33 [38;5;117m[DEBUG]: [0mThis is a debug message from thread 618-09-2026 00:29:33 [38;5;015m[INFO]: [0mThis is a info message from thread 2118-09-2026 00:29:33 [38;5;009m[ERROR]: [0mThis is a error message from thread 2018-09-2026 00:29:33 [38;5;009m[ERROR]: [0mThis is a error message from thread 2118-09-2026 00:29:33 [38;5;117m[DEBUG]: [0mThis is a debug message from thread 2018-09-2026 00:29:33 [38;5;015m[INFO]: [0mThis is a info message from thread 2518-09-2026 00:29:33 [38;5;117m[DEBUG]: [0mThis is a debug message from thread 2118-09-2026 00:29:33 [38;5;015m[INFO]: [0mThis is a info message from thread 2018-09-2026 00:29:33 [38;5;009m[ERROR]: [0mThis is a error message from thread 2518-09-2026 00:29:33 [38;5;009m[ERROR]: [0mThis is a error message from thread 2018-09-2026 00:29:33 [38;5;009m[ERROR]: [0mThis is a error message from thread 418-09-2026 00:29:33 [38;5;117m[DEBUG]: [0mThis is a debug message from thread 2518-09-2026 00:29:33 [38;5;117m[DEBUG]: [0mThis is a debug message from thread 2018-09-2026 00:29:33 [38;5;117m[DEBUG]: [0mThis is a debug message from thread 418-09-2026 00:29:33 [38;5;015m[INFO]: [0mThis is a info message from thread 2018-09-2026 00:29:33 [38;5;117m[DEBUG]: [0mThis is a debug message from thread 2218-09-2026 00:29:33 [38;5;015m[INFO]: [0mThis is a info message from thread 418-09-2026 00:29:33 [38;5;009m[ERROR]: [0mThis is a error message from thread 2018-09-2026 00:29:33 [38;5;015m[INFO]: [0mThis is a info message from thread 2218-09-2026 00:29:33 [38;5;009m[ERROR]: [0mThis is a error message from thread 418-09-2026 00:29:33 [38;5;117m[DEBUG]: [0mThis is a debug message from thread 2018-09-2026 00:29:33 [38;5;009m[ERROR]: [0mThis is a error message from thread 2218-09-2026 00:29:33 [38;5;117m[DEBUG]: [0mThis is a debug message from thread 418-09-2026 00:29:33 [38;5;015m[INFO]: [0mThis is a info message from thread 2018-09-2026 00:29:33 [38;5;117m[DEBUG]: [0mThis is a debug message from thread 2218-09-2026 00:29:33 [38;5;009m[ERROR]: [0mThis is a error message from thread 2018-09-2026 00:29:33 [38;5;009m[ERROR]: [0mThis is a error message from thread 918-09-2026 00:29:33 [38;5;117m[DEBUG]: [0mThis is a debug message from thread 2018-09-2026 00:29:33 [38;5;117m[DEBUG]: [0mThis is a debug message from thread 918-09-2026 00:29:33 [38;5;117m[DEBUG]: [0mThis is a debug message from thread 2718-09-2026 00:29:33 [38;5;015m[INFO]: [0mThis is a info message from thread 2018-09-2026 00:29:33 [38;5;015m[INFO]: [0mThis is a info message from thread 918-09-2026 00:29:33 [38;5;009m[ERROR]: [0mThis is a error message from thread 1218-09-2026 00:29:33 [38;5;009m[ERROR]: [0mThis is a error message from thread 918-09-2026 00:29:33 [38;5;015m[INFO]: [0mThis is a info message from thread 1918-09-2026 00:29:33 [38;5;015m[INFO]: [0mThis is a info message from thread 2318-09-2026 00:29:33 [38;5;009m[ERROR]: [0mThis is a error message from thread 1918-09-2026 00:29:33 [38;5;117m[DEBUG]: [0mThis is a debug message from thread 1618-09-2026 00:29:33 [38;5;009m[ERROR]: [0mThis is a error message from thread 2318-09-2026 00:29:33 [38;5;117m[DEBUG]: [0mThis is a debug message from thread 1918-09-2026 00:29:33 [38;5;015m[INFO]: [0mThis is a info message from thread 1618-09-2026 00:29:33 [38;5;117m[DEBUG]: [0mThis is a debug message from thread 2318-09-2026 00:29:33 [38;5;015m[INFO]: [0mThis is a info message from thread 1918-09-2026 00:29:33 [38;5;009m[ERROR]: [0mThis is a error message from thread 1618-09-2026 00:29:33 [38;5;015m[INFO]: [0mThis is a info message from thread 2318-09-2026 00:29:33 [38;5;009m[ERROR]: [0mThis is a error message from thread 1918-09-2026 00:29:33 [38;5;009m[ERROR]: [0mThis is a error message from thread 2318-09-2026 00:29:33 [38;5;117m[DEBUG]: [0mThis is a debug message from thread 1918-09-2026 00:29:33 [38;5;015m[INFO]: [0mThis is a info message from thread 118-09-2026 00:29:33 [38;5;117m[DEBUG]: [0mThis is a debug message from thread 218-09-2026 00:29:33 [38;5;117m[DEBUG]: [0mThis is a debug message from thread 2318-09-2026 00:29:33 [38;5;009m[ERROR]: [0mThis is a error message from thread 118-09-2026 00:29:33 [38;5;015m[INFO]: [0mThis is a info message from thread 218-09-2026 00:29:33 [38;5;015m[INFO]: [0mThis is a info message from thread 2318-09-2026 00:29:33 [38;5;117m[DEBUG]: [0mThis is a debug message from thread 118-09-2026 00:29:33 [38;5;009m[ERROR]: [0mThis is a error message from thread 2318-09-2026 00:29:33 [38;5;015m[INFO]: [0mThis is a info message from thread 2418-09-2026 00:29:33 [38;5;015m[INFO]: [0mThis is a info message from thread 118-09-2026 00:29:33 [38;5;117m[DEBUG]: [0mThis is a debug message from thread 2318-09-2026 00:29:33 [38;5;009m[ERROR]: [0mThis is a error message from thread 2418-09-2026 00:29:33 [38;5;009m[ERROR]: [0mThis is a error message from thread 118-09-2026 00:29:33 [38;5;015m[INFO]: [0mThis is a info message from thread 2318-09-2026 00:29:33 [38;5;117m[DEBUG]: [0mThis is a debug message from thread 2418-09-2026 00:29:33 [38;5;117m[DEBUG]: [0mThis is a debug message from thread 118-09-2026 00:29:33 [38;5;015m[INFO]: [0mThis is a info message from thread 118-09-2026 00:29:33 [38;5;009m[ERROR]: [0mThis is a error message from thread 118-09-2026 00:29:33 [38;5;009m[ERROR]: [0mThis is a error message from thread 1018-09-2026 00:29:33 [38;5;117m[DEBUG]: [0mThis is a debug message from thread 118-09-2026 00:29:33 [38;5;117m[DEBUG]: [0mThis is a debug message from thread 1018-09-2026 00:29:33 [38;5;015m[INFO]: [0mThis is a info message from thread 118-09-2026 00:29:33 [38;5;015m[INFO]: [0mThis is a info message from thread 1018-09-2026 00:29:33 [38;5;009m[ERROR]: [0mThis is a error message from thread 118-09-2026 00:29:33 [38;5;009m[ERROR]: [0mThis is a error message from thread 2618-09-2026 00:29:33 [38;5;009m[ERROR]: [0mThis is a error message from thread 1018-09-2026 00:29:33 [38;5;117m[DEBUG]: [0mThis is a debug message from thread 2618-09-2026 00:29:33 [38;5;009m[ERROR]: [0mThis is a error message from thread 1318-09-2026 00:29:33 [38;5;015m[INFO]: [0mThis is a info message from thread 2618-09-2026 00:29:33 [38;5;117m[DEBUG]: [0mThis is a debug message from thread 1418-09-2026 00:29:33 [38;5;117m[DEBUG]: [0mThis is a debug message from thread 1318-09-2026 00:29:33 [38;5;009m[ERROR]: [0mThis is a error message from thread 2618-09-2026 00:29:33 [38;5;015m[INFO]: [0mThis is a info message from thread 1418-09-2026 00:29:33 [38;5;015m[INFO]: [0mThis is a info message from thread 1318-09-2026 00:29:33 [38;5;015m[INFO]: [0mThis is a info message from thread 618-09-2026 00:29:33 [38;5;015m[INFO]: [0mThis is a info message from thread 2118-09-2026 00:29:33 [38;5;009m[ERROR]: [0mThis is a error message from thread 618-09-2026 00:29:33 [38;5;009m[ERROR]: [0mThis is a error message from thread 1318-09-2026 00:29:33 [38;5;117m[DEBUG]: [0mThis is a debug message from thread 618-09-2026 00:29:33 [38;5;015m[INFO]: [0mThis is a info message from thread 2518-09-2026 00:29:33 [38;5;117m[DEBUG]: [0mThis is a debug message from thread 1318-09-2026 00:29:33 [38;5;009m[ERROR]: [0mThis is a error message from thread 2518-09-2026 00:29:33 [38;5;015m[INFO]: [0mThis is a info message from thread 1318-09-2026 00:29:33 [38;5;015m[INFO]: [0mThis is a info message from thread 418-09-2026 00:29:33 [38;5;015m[INFO]: [0mThis is a info message from thread 2218-09-2026 00:29:33 [38;5;117m[DEBUG]: [0mThis is a debug message from thread 2518-09-2026 00:29:33 [38;5;009m[ERROR]: [0mThis is a error message from thread 2218-09-2026 00:29:33 [38;5;015m[INFO]: [0mThis is a info message from thread 2518-09-2026 00:29:33 [38;5;009m[ERROR]: [0mThis is a error message from thread 1718-09-2026 00:29:33 [38;5;117m[DEBUG]: [0mThis is a debug message from thread 2218-09-2026 00:29:33 [38;5;117m[DEBUG]: [0mThis is a debug message from thread 1718-09-2026 00:29:33 [38;5;009m[ERROR]: [0mThis is a error message from thread 2518-09-2026 00:29:33 [38;5;015m[INFO]: [0mThis is a info message from thread 2218-09-2026 00:29:33 [38;5;009m[ERROR]: [0mThis is a error message from thread 2218-09-2026 00:29:33 [38;5;117m[DEBUG]: [0mThis is a debug message from thread 2518-09-2026 00:29:33 [38;5;009m[ERROR]: [0mThis is a error message from thread 2018-09-2026 00:29:33 [38;5;117m[DEBUG]: [0mThis is a debug message from thread 2218-09-2026 00:29:33 [38;5;015m[INFO]: [0mThis is a info message from thread 2518-09-2026 00:29:33 [38;5;117m[DEBUG]: [0mThis is a debug message from thread 2018-09-2026 00:29:33 [38;5;015m[INFO]: [0mThis is a info message from thread 2218-09-2026 00:29:33 [38;5;015m[INFO]: [0mThis is a info message from thread 2718-09-2026 00:29:33 [38;5;015m[INFO]: [0mThis is a info message from thread 1818-09-2026 00:29:33 [38;5;009m[ERROR]: [0mThis is a error message from thread 2218-09-2026 00:29:33 [38;5;009m[ERROR]: [0mThis is a error message from thread 2718-09-2026 00:29:33 [38;5;117m[DEBUG]: [0mThis is a debug message from thread 2218-09-2026 00:29:33 [38;5;009m[ERROR]: [0mThis is a error message from thread 018-09-2026 00:29:33 [38;5;117m[DEBUG]: [0mThis is a debug message from thread 2718-09-2026 00:29:33 [38;5;015m[INFO]: [0mThis is a info message from thread 2218-09-2026 00:29:33 [38;5;117m[DEBUG]: [0mThis is a debug message from thread 018-09-2026 00:29:33 [38;5;015m[INFO]: [0mThis is a info message from thread 2718-09-2026 00:29:33 [38;5;009m[ERROR]: [0mThis is a error message from thread 2218-09-2026 00:29:33 [38;5;015m[INFO]: [0mThis is a info message from thread 018-09-2026 00:29:33 [38;5;009m[ERROR]: [0mThis is a error message from thread 2718-09-2026 00:29:33 [38;5;117m[DEBUG]: [0mThis is a debug message from thread 2218-09-2026 00:29:33 [38;5;009m[ERROR]: [0mThis is a error message from thread 018-09-2026 00:29:33 [38;5;117m[DEBUG]: [0mThis is a debug message from thread 2718-09-2026 00:29:33 [38;5;015m[INFO]: [0mThis is a info message from thread 2218-09-2026 00:29:33 [38;5;117m[DEBUG]: [0mThis is a debug message from thread 018-09-2026 00:29:33 [38;5;015m[INFO]: [0mThis is a info message from thread 2718-09-2026 00:29:33 [38;5;009m[ERROR]: [0mThis is a error message from thread 2218-09-2026 00:29:33 [38;5;015m[INFO]: [0mThis is a info message from thread 018-09-2026 00:29:33 [38;5;117m[DEBUG]: [0mThis is a debug message from thread 2218-09-2026 00:29:33 [38;5;117m[DEBUG]: [0mThis is a debug message from thread 1518-09-2026 00:29:33 [38;5;009m[ERROR]: [0mThis is a error message from thread 018-09-2026 00:29:33 [38;5;117m[DEBUG]: [0mThis is a debug message from thread 718-09-2026 00:29:33 [38;5;009m[ERROR]: [0mThis is a error message from thread 2318-09-2026 00:29:33 [38;5;015m[INFO]: [0mThis is a info message from thread 2418-09-2026 00:29:33 [38;5;009m[ERROR]: [0mThis is a error message from thread 2418-09-2026 00:29:33 [38;5;009m[ERROR]: [0mThis is a error message from thread 1418-09-2026 00:29:33 [38;5;117m[DEBUG]: [0mThis is a debug message from thread 2418-09-2026 00:29:33 [38;5;117m[DEBUG]: [0mThis is a debug message from thread 2618-09-2026 00:29:33 [38;5;117m[DEBUG]: [0mThis is a debug message from thread 1418-09-2026 00:29:33 [38;5;015m[INFO]: [0mThis is a info message from thread 2418-09-2026 00:29:33 [38;5;015m[INFO]: [0mThis is a info message from thread 2618-09-2026 00:29:33 [38;5;015m[INFO]: [0mThis is a info message from thread 1418-09-2026 00:29:33 [38;5;009m[ERROR]: [0mThis is a error message from thread 2418-09-2026 00:29:33 [38;5;009m[ERROR]: [0mThis is a error message from thread 2618-09-2026 00:29:33 [38;5;009m[ERROR]: [0mThis is a error message from thread 1418-09-2026 00:29:33 [38;5;117m[DEBUG]: [0mThis is a debug message from thread 2418-09-2026 00:29:33 [38;5;117m[DEBUG]: [0mThis is a debug message from thread 2618-09-2026 00:29:33 [38;5;117m[DEBUG]: [0mThis is a debug message from thread 1418-09-2026 00:29:33 [38;5;015m[INFO]: [0mThis is a info message from thread 2418-09-2026 00:29:33 [38;5;015m[INFO]: [0mThis is a info message from thread 2618-09-2026 00:29:33 [38;5;015m[INFO]: [0mThis is a info message from thread 1418-09-2026 00:29:33 [38;5;009m[ERROR]: [0mThis is a error message from thread 2618-09-2026 00:29:33 [38;5;117m[DEBUG]: [0mThis is a debug message from thread 318-09-2026 00:29:33 [38;5;117m[DEBUG]: [0mThis is a debug message from thread 2618-09-2026 00:29:33 [38;5;009m[ERROR]: [0mThis is a error message from thread 1418-09-2026 00:29:33 [38;5;015m[INFO]: [0mThis is a info message from thread 1118-09-2026 00:29:33 [38;5;015m[INFO]: [0mThis is a info message from thread 2618-09-2026 00:29:33 [38;5;117m[DEBUG]: [0mThis is a debug message from thread 1418-09-2026 00:29:33 [38;5;009m[ERROR]: [0mThis is a error message from thread 2618-09-2026 00:29:33 [38;5;009m[ERROR]: [0mThis is a error message from thread 1118-09-2026 00:29:33 [38;5;117m[DEBUG]: [0mThis is a debug message from thread 2618-09-2026 00:29:33 [38;5;117m[DEBUG]: [0mThis is a debug message from thread 1118-09-2026 00:29:33 [38;5;015m[INFO]: [0mThis is a info message from thread 618-09-2026 00:29:33 [38;5;015m[INFO]: [0mThis is a info message from thread 2618-09-2026 00:29:33 [38;5;015m[INFO]: [0mThis is a info message from thread 1118-09-2026 00:29:33 [38;5;009m[ERROR]: [0mThis is a error message from thread 618-09-2026 00:29:33 [38;5;117m[DEBUG]: [0mThis is a debug message from thread 618-09-2026 00:29:33 [38;5;009m[ERROR]: [0mThis is a error message from thread 2618-09-2026 00:29:33 [38;5;015m[INFO]: [0mThis is a info message from thread 1918-09-2026 00:29:33 [38;5;009m[ERROR]: [0mThis is a error message from thread 418-09-2026 00:29:33 [38;5;009m[ERROR]: [0mThis is a error message from thread 1918-09-2026 00:29:33 [38;5;015m[INFO]: [0mThis is a info message from thread 1718-09-2026 00:29:33 [38;5;117m[DEBUG]: [0mThis is a debug message from thread 418-09-2026 00:29:33 [38;5;117m[DEBUG]: [0mThis is a debug message from thread 1918-09-2026 00:29:33 [38;5;009m[ERROR]: [0mThis is a error message from thread 1718-09-2026 00:29:33 [38;5;015m[INFO]: [0mThis is a info message from thread 418-09-2026 00:29:33 [38;5;015m[INFO]: [0mThis is a info message from thread 1918-09-2026 00:29:33 [38;5;117m[DEBUG]: [0mThis is a debug message from thread 1718-09-2026 00:29:33 [38;5;009m[ERROR]: [0mThis is a error message from thread 418-09-2026 00:29:33 [38;5;009m[ERROR]: [0mThis is a error message from thread 1918-09-2026 00:29:33 [38;5;015m[INFO]: [0mThis is a info message from thread 1718-09-2026 00:29:33 [38;5;117m[DEBUG]: [0mThis is a debug message from thread 418-09-2026 00:29:33 [38;5;009m[ERROR]: [0mThis is a error message from thread 2718-09-2026 00:29:33 [38;5;015m[INFO]: [0mThis is a info message from thread 1518-09-2026 00:29:33 [38;5;015m[INFO]: [0mThis is a info message from thread 418-09-2026 00:29:33 [38;5;117m[DEBUG]: [0mThis is a debug message from thread 2718-09-2026 00:29:33 [38;5;015m[INFO]: [0mThis is a info message from thread 2218-09-2026 00:29:33 [38;5;009m[ERROR]: [0mThis is a error message from thread 418-09-2026 00:29:33 [38;5;015m[INFO]: [0mThis is a info message from thread 2718-09-2026 00:29:33 [38;5;009m[ERROR]: [0mThis is a error message from thread 2218-09-2026 00:29:33 [38;5;015m[INFO]: [0mThis is a info message from thread 2818-09-2026 00:29:33 [38;5;009m[ERROR]: [0mThis is a error message from thread 2718-09-2026 00:29:33 [38;5;009m[ERROR]: [0mThis is a error message from thread 2818-09-2026 00:29:33 [38;5;117m[DEBUG]: [0mThis is a debug message from thread 2718-09-2026 00:29:33 [38;5;117m[DEBUG]: [0mThis is a debug message from thread 2818-09-2026 00:29:33 [38;5;015m[INFO]: [0mThis is a info message from thread 2718-09-2026 00:29:33 [38;5;015m[INFO]: [0mThis is a info message from thread 2818-09-2026 00:29:33 [38;5;117m[DEBUG]: [0mThis is a debug message from thread 2218-09-2026 00:29:33 [38;5;009m[ERROR]: [0mThis is a error message from thread 2818-09-2026 00:29:33 [38;5;117m[DEBUG]: [0mThis is a debug message from thread 018-09-2026 00:29:33 [38;5;117m[DEBUG]: [0mThis is a debug message from thread 2818-09-2026 00:29:33 [38;5;117m[DEBUG]: [0mThis is a debug message from thread 918-09-2026 00:29:33 [38;5;015m[INFO]: [0mThis is a info message from thread 2818-09-2026 00:29:33 [38;5;015m[INFO]: [0mThis is a info message from thread 918-09-2026 00:29:33 [38;5;009m[ERROR]: [0mThis is a error message from thread 2818-09-2026 00:29:33 [38;5;015m[INFO]: [0mThis is a info message from thread 2218-09-2026 00:29:33 [38;5;009m[ERROR]: [0mThis is a error message from thread 918-09-2026 00:29:33 [38;5;117m[DEBUG]: [0mThis is a debug message from thread 2818-09-2026 00:29:33 [38;5;009m[ERROR]: [0mThis is a error message from thread 2218-09-2026 00:29:33 [38;5;117m[DEBUG]: [0mThis is a debug message from thread 918-09-2026 00:29:33 [38;5;015m[INFO]: [0mThis is a info message from thread 2818-09-2026 00:29:33 [38;5;015m[INFO]: [0mThis is a info message from thread 918-09-2026 00:29:33 [38;5;009m[ERROR]: [0mThis is a error message from thread 2818-09-2026 00:29:33 [38;5;009m[ERROR]: [0mThis is a error message from thread 1318-09-2026 00:29:33 [38;5;009m[ERROR]: [0mThis is a error message from thread 918-09-2026 00:29:33 [38;5;117m[DEBUG]: [0mThis is a debug message from thread 2818-09-2026 00:29:33 [38;5;117m[DEBUG]: [0mThis is a debug message from thread 1318-09-2026 00:29:33 [38;5;117m[DEBUG]: [0mThis is a debug message from thread 918-09-2026 00:29:33 [38;5;015m[INFO]: [0mThis is a info message from thread 2818-09-2026 00:29:33 [38;5;015m[INFO]: [0mThis is a info message from thread 1318-09-2026 00:29:33 [38;5;015m[INFO]: [0mThis is a info message from thread 918-09-2026 00:29:33 [38;5;117m[DEBUG]: [0mThis is a debug message from thread 1218-09-2026 00:29:33 [38;5;009m[ERROR]: [0mThis is a error message from thread 1318-09-2026 00:29:33 [38;5;009m[ERROR]: [0mThis is a error message from thread 918-09-2026 00:29:33 [38;5;015m[INFO]: [0mThis is a info message from thread 1218-09-2026 00:29:33 [38;5;117m[DEBUG]: [0mThis is a debug message from thread 918-09-2026 00:29:33 [38;5;009m[ERROR]: [0mThis is a error message from thread 1218-09-2026 00:29:33 [38;5;117m[DEBUG]: [0mThis is a debug message from thread 1618-09-2026 00:29:33 [38;5;015m[INFO]: [0mThis is a info message from thread 918-09-2026 00:29:33 [38;5;117m[DEBUG]: [0mThis is a debug message from thread 1218-09-2026 00:29:33 [38;5;009m[ERROR]: [0mThis is a error message from thread 918-09-2026 00:29:33 [38;5;117m[DEBUG]: [0mThis is a debug message from thread 1018-09-2026 00:29:33 [38;5;015m[INFO]: [0mThis is a info message from thread 1218-09-2026 00:29:33 [38;5;015m[INFO]: [0mThis is a info message from thread 318-09-2026 00:29:33 [38;5;015m[INFO]: [0mThis is a info message from thread 1418-09-2026 00:29:33 [38;5;009m[ERROR]: [0mThis is a error message from thread 318-09-2026 00:29:33 [38;5;009m[ERROR]: [0mThis is a error message from thread 1218-09-2026 00:29:33 [38;5;009m[ERROR]: [0mThis is a error message from thread 1418-09-2026 00:29:33 [38;5;117m[DEBUG]: [0mThis is a debug message from thread 318-09-2026 00:29:33 [38;5;015m[INFO]: [0mThis is a info message from thread 318-09-2026 00:29:33 [38;5;117m[DEBUG]: [0mThis is a debug message from thread 1418-09-2026 00:29:33 [38;5;009m[ERROR]: [0mThis is a error message from thread 2118-09-2026 00:29:33 [38;5;009m[ERROR]: [0mThis is a error message from thread 318-09-2026 00:29:33 [38;5;015m[INFO]: [0mThis is a info message from thread 1418-09-2026 00:29:33 [38;5;117m[DEBUG]: [0mThis is a debug message from thread 2118-09-2026 00:29:33 [38;5;117m[DEBUG]: [0mThis is a debug message from thread 318-09-2026 00:29:33 [38;5;015m[INFO]: [0mThis is a info message from thread 2118-09-2026 00:29:33 [38;5;009m[ERROR]: [0mThis is a error message from thread 1118-09-2026 00:29:33 [38;5;009m[ERROR]: [0mThis is a error message from thread 2118-09-2026 00:29:33 [38;5;117m[DEBUG]: [0mThis is a debug message from thread 2618-09-2026 00:29:33 [38;5;117m[DEBUG]: [0mThis is a debug message from thread 1118-09-2026 00:29:33 [38;5;117m[DEBUG]: [0mThis is a debug message from thread 2118-09-2026 00:29:33 [38;5;015m[INFO]: [0mThis is a info message from thread 2618-09-2026 00:29:33 [38;5;015m[INFO]: [0mThis is a info message from thread 2118-09-2026 00:29:33 [38;5;015m[INFO]: [0mThis is a info message from thread 618-09-2026 00:29:33 [38;5;009m[ERROR]: [0mThis is a error message from thread 2918-09-2026 00:29:33 [38;5;009m[ERROR]: [0mThis is a error message from thread 618-09-2026 00:29:33 [38;5;117m[DEBUG]: [0mThis is a debug message from thread 2918-09-2026 00:29:33 [38;5;117m[DEBUG]: [0mThis is a debug message from thread 1918-09-2026 00:29:33 [38;5;117m[DEBUG]: [0mThis is a debug message from thread 618-09-2026 00:29:33 [38;5;015m[INFO]: [0mThis is a info message from thread 2918-09-2026 00:29:33 [38;5;009m[ERROR]: [0mThis is a error message from thread 2518-09-2026 00:29:33 [38;5;015m[INFO]: [0mThis is a info message from thread 2018-09-2026 00:29:33 [38;5;009m[ERROR]: [0mThis is a error message from thread 2918-09-2026 00:29:33 [38;5;117m[DEBUG]: [0mThis is a debug message from thread 2518-09-2026 00:29:33 [38;5;117m[DEBUG]: [0mThis is a debug message from thread 2918-09-2026 00:29:33 [38;5;009m[ERROR]: [0mThis is a error message from thread 1818-09-2026 00:29:33 [38;5;009m[ERROR]: [0mThis is a error message from thread 1518-09-2026 00:29:33 [38;5;015m[INFO]: [0mThis is a info message from thread 2518-09-2026 00:29:33 [38;5;009m[ERROR]: [0mThis is a error message from thread 2718-09-2026 00:29:33 [38;5;009m[ERROR]: [0mThis is a error message from thread 2518-09-2026 00:29:33 [38;5;117m[DEBUG]: [0mThis is a debug message from thread 2218-09-2026 00:29:33 [38;5;015m[INFO]: [0mThis is a info message from thread 718-09-2026 00:29:33 [38;5;117m[DEBUG]: [0mThis is a debug message from thread 2718-09-2026 00:29:33 [38;5;117m[DEBUG]: [0mThis is a debug message from thread 2518-09-2026 00:29:33 [38;5;015m[INFO]: [0mThis is a info message from thread 2218-09-2026 00:29:33 [38;5;009m[ERROR]: [0mThis is a error message from thread 718-09-2026 00:29:33 [38;5;015m[INFO]: [0mThis is a info message from thread 2718-09-2026 00:29:33 [38;5;015m[INFO]: [0mThis is a info message from thread 2518-09-2026 00:29:33 [38;5;117m[DEBUG]: [0mThis is a debug message from thread 718-09-2026 00:29:33 [38;5;009m[ERROR]: [0mThis is a error message from thread 2818-09-2026 00:29:33 [38;5;009m[ERROR]: [0mThis is a error message from thread 2518-09-2026 00:29:33 [38;5;015m[INFO]: [0mThis is a info message from thread 718-09-2026 00:29:33 [38;5;009m[ERROR]: [0mThis is a error message from thread 2418-09-2026 00:29:33 [38;5;117m[DEBUG]: [0mThis is a debug message from thread 1218-09-2026 00:29:33 [38;5;009m[ERROR]: [0mThis is a error message from thread 1418-09-2026 00:29:33 [38;5;009m[ERROR]: [0mThis is a error message from thread 718-09-2026 00:29:33 [38;5;117m[DEBUG]: [0mThis is a debug message from thread 1418-09-2026 00:29:33 [38;5;015m[INFO]: [0mThis is a info message from thread 1218-09-2026 00:29:33 [38;5;015m[INFO]: [0mThis is a info message from thread 318-09-2026 00:29:33 [38;5;015m[INFO]: [0mThis is a info message from thread 1118-09-2026 00:29:33 [38;5;009m[ERROR]: [0mThis is a error message from thread 318-09-2026 00:29:33 [38;5;009m[ERROR]: [0mThis is a error message from thread 1118-09-2026 00:29:33 [38;5;117m[DEBUG]: [0mThis is a debug message from thread 318-09-2026 00:29:33 [38;5;015m[INFO]: [0mThis is a info message from thread 1918-09-2026 00:29:33 [38;5;117m[DEBUG]: [0mThis is a debug message from thread 1118-09-2026 00:29:33 [38;5;015m[INFO]: [0mThis is a info message from thread 318-09-2026 00:29:33 [38;5;015m[INFO]: [0mThis is a info message from thread 1118-09-2026 00:29:33 [38;5;009m[ERROR]: [0mThis is a error message from thread 318-09-2026 00:29:33 [38;5;009m[ERROR]: [0mThis is a error message from thread 2018-09-2026 00:29:33 [38;5;009m[ERROR]: [0mThis is a error message from thread 1118-09-2026 00:29:33 [38;5;117m[DEBUG]: [0mThis is a debug message from thread 2018-09-2026 00:29:33 [38;5;015m[INFO]: [0mThis is a info message from thread 2918-09-2026 00:29:33 [38;5;117m[DEBUG]: [0mThis is a debug message from thread 1818-09-2026 00:29:33 [38;5;117m[DEBUG]: [0mThis is a debug message from thread 1118-09-2026 00:29:33 [38;5;009m[ERROR]: [0mThis is a error message from thread 2918-09-2026 00:29:33 [38;5;015m[INFO]: [0mThis is a info message from thread 1818-09-2026 00:29:33 [38;5;015m[INFO]: [0mThis is a info message from thread 1118-09-2026 00:29:33 [38;5;117m[DEBUG]: [0mThis is a debug message from thread 2918-09-2026 00:29:33 [38;5;009m[ERROR]: [0mThis is a error message from thread 1118-09-2026 00:29:33 [38;5;015m[INFO]: [0mThis is a info message from thread 2918-09-2026 00:29:33 [38;5;117m[DEBUG]: [0mThis is a debug message from thread 418-09-2026 00:29:33 [38;5;117m[DEBUG]: [0mThis is a debug message from thread 1118-09-2026 00:29:33 [38;5;009m[ERROR]: [0mThis is a error message from thread 2918-09-2026 00:29:33 [38;5;015m[INFO]: [0mThis is a info message from thread 418-09-2026 00:29:33 [38;5;117m[DEBUG]: [0mThis is a debug message from thread 2918-09-2026 00:29:33 [38;5;009m[ERROR]: [0mThis is a error message from thread 418-09-2026 00:29:33 [38;5;015m[INFO]: [0mThis is a info message from thread 1118-09-2026 00:29:33 [38;5;117m[DEBUG]: [0mThis is a debug message from thread 418-09-2026 00:29:33 [38;5;015m[INFO]: [0mThis is a info message from thread 018-09-2026 00:29:33 [38;5;009m[ERROR]: [0mThis is a error message from thread 1118-09-2026 00:29:33 [38;5;015m[INFO]: [0mThis is a info message from thread 418-09-2026 00:29:33 [38;5;117m[DEBUG]: [0mThis is a debug message from thread 1118-09-2026 00:29:33 [38;5;009m[ERROR]: [0mThis is a error message from thread 2218-09-2026 00:29:33 [38;5;117m[DEBUG]: [0mThis is a debug message from thread 1318-09-2026 00:29:33 [38;5;117m[DEBUG]: [0mThis is a debug message from thread 2218-09-2026 00:29:33 [38;5;015m[INFO]: [0mThis is a info message from thread 1318-09-2026 00:29:33 [38;5;015m[INFO]: [0mThis is a info message from thread 2218-09-2026 00:29:33 [38;5;009m[ERROR]: [0mThis is a error message from thread 1318-09-2026 00:29:33 [38;5;009m[ERROR]: [0mThis is a error message from thread 2218-09-2026 00:29:33 [38;5;117m[DEBUG]: [0mThis is a debug message from thread 1318-09-2026 00:29:33 [38;5;117m[DEBUG]: [0mThis is a debug message from thread 118-09-2026 00:29:33 [38;5;117m[DEBUG]: [0mThis is a debug message from thread 2518-09-2026 00:29:33 [38;5;117m[DEBUG]: [0mThis is a debug message from thread 2818-09-2026 00:29:33 [38;5;117m[DEBUG]: [0mThis is a debug message from thread 2418-09-2026 00:29:33 [38;5;009m[ERROR]: [0mThis is a error message from thread 818-09-2026 00:29:33 [38;5;015m[INFO]: [0mThis is a info message from thread 2818-09-2026 00:29:33 [38;5;015m[INFO]: [0mThis is a info message from thread 2418-09-2026 00:29:33 [38;5;015m[INFO]: [0mThis is a info message from thread 518-09-2026 00:29:33 [38;5;009m[ERROR]: [0mThis is a error message from thread 2818-09-2026 00:29:33 [38;5;009m[ERROR]: [0mThis is a error message from thread 2418-09-2026 00:29:33 [38;5;009m[ERROR]: [0mThis is a error message from thread 518-09-2026 00:29:33 [38;5;117m[DEBUG]: [0mThis is a debug message from thread 718-09-2026 00:29:33 [38;5;117m[DEBUG]: [0mThis is a debug message from thread 518-09-2026 00:29:33 [38;5;015m[INFO]: [0mThis is a info message from thread 1418-09-2026 00:29:33 [38;5;015m[INFO]: [0mThis is a info message from thread 518-09-2026 00:29:33 [38;5;009m[ERROR]: [0mThis is a error message from thread 2118-09-2026 00:29:33 [38;5;009m[ERROR]: [0mThis is a error message from thread 1418-09-2026 00:29:33 [38;5;009m[ERROR]: [0mThis is a error message from thread 518-09-2026 00:29:33 [38;5;117m[DEBUG]: [0mThis is a debug message from thread 2118-09-2026 00:29:33 [38;5;117m[DEBUG]: [0mThis is a debug message from thread 1418-09-2026 00:29:33 [38;5;015m[INFO]: [0mThis is a info message from thread 2118-09-2026 00:29:33 [38;5;009m[ERROR]: [0mThis is a error message from thread 1718-09-2026 00:29:33 [38;5;009m[ERROR]: [0mThis is a error message from thread 2118-09-2026 00:29:33 [38;5;015m[INFO]: [0mThis is a info message from thread 618-09-2026 00:29:33 [38;5;009m[ERROR]: [0mThis is a error message from thread 618-09-2026 00:29:33 [38;5;117m[DEBUG]: [0mThis is a debug message from thread 2118-09-2026 00:29:33 [38;5;009m[ERROR]: [0mThis is a error message from thread 1918-09-2026 00:29:33 [38;5;117m[DEBUG]: [0mThis is a debug message from thread 618-09-2026 00:29:33 [38;5;015m[INFO]: [0mThis is a info message from thread 2118-09-2026 00:29:33 [38;5;117m[DEBUG]: [0mThis is a debug message from thread 1918-09-2026 00:29:33 [38;5;015m[INFO]: [0mThis is a info message from thread 618-09-2026 00:29:33 [38;5;009m[ERROR]: [0mThis is a error message from thread 2118-09-2026 00:29:33 [38;5;009m[ERROR]: [0mThis is a error message from thread 618-09-2026 00:29:33 [38;5;117m[DEBUG]: [0mThis is a debug message from thread 318-09-2026 00:29:33 [38;5;117m[DEBUG]: [0mThis is a debug message from thread 2118-09-2026 00:29:33 [38;5;117m[DEBUG]: [0mThis is a debug message from thread 618-09-2026 00:29:33 [38;5;015m[INFO]: [0mThis is a info message from thread 2118-09-2026 00:29:33 [38;5;015m[INFO]: [0mThis is a info message from thread 618-09-2026 00:29:33 [38;5;009m[ERROR]: [0mThis is a error message from thread 1818-09-2026 00:29:33 [38;5;015m[INFO]: [0mThis is a info message from thread 2018-09-2026 00:29:33 [38;5;009m[ERROR]: [0mThis is a error message from thread 618-09-2026 00:29:33 [38;5;009m[ERROR]: [0mThis is a error message from thread 2018-09-2026 00:29:33 [38;5;117m[DEBUG]: [0mThis is a debug message from thread 618-09-2026 00:29:33 [38;5;015m[INFO]: [0mThis is a info message from thread 2918-09-2026 00:29:33 [38;5;117m[DEBUG]: [0mThis is a debug message from thread 2018-09-2026 00:29:33 [38;5;015m[INFO]: [0mThis is a info message from thread 618-09-2026 00:29:33 [38;5;009m[ERROR]: [0mThis is a error message from thread 2918-09-2026 00:29:33 [38;5;015m[INFO]: [0mThis is a info message from thread 2018-09-2026 00:29:33 [38;5;009m[ERROR]: [0mThis is a error message from thread 618-09-2026 00:29:33 [38;5;117m[DEBUG]: [0mThis is a debug message from thread 2918-09-2026 00:29:33 [38;5;009m[ERROR]: [0mThis is a error message from thread 2018-09-2026 00:29:33 [38;5;117m[DEBUG]: [0mThis is a debug message from thread 618-09-2026 00:29:33 [38;5;015m[INFO]: [0mThis is a info message from thread 2918-09-2026 00:29:33 [38;5;015m[INFO]: [0mThis is a info message from thread 118-09-2026 00:29:33 [38;5;015m[INFO]: [0mThis is a info message from thread 2518-09-2026 00:29:33 [38;5;015m[INFO]: [0mThis is a info message from thread 1618-09-2026 00:29:33 [38;5;117m[DEBUG]: [0mThis is a debug message from thread 918-09-2026 00:29:33 [38;5;015m[INFO]: [0mThis is a info message from thread 1018-09-2026 00:29:33 [38;5;009m[ERROR]: [0mThis is a error message from thread 218-09-2026 00:29:33 [38;5;015m[INFO]: [0mThis is a info message from thread 618-09-2026 00:29:33 [38;5;009m[ERROR]: [0mThis is a error message from thread 018-09-2026 00:29:33 [38;5;015m[INFO]: [0mThis is a info message from thread 1118-09-2026 00:29:33 [38;5;009m[ERROR]: [0mThis is a error message from thread 618-09-2026 00:29:33 [38;5;009m[ERROR]: [0mThis is a error message from thread 418-09-2026 00:29:33 [38;5;117m[DEBUG]: [0mThis is a debug message from thread 618-09-2026 00:29:33 [38;5;117m[DEBUG]: [0mThis is a debug message from thread 2218-09-2026 00:29:33 [38;5;117m[DEBUG]: [0mThis is a debug message from thread 2318-09-2026 00:29:33 [38;5;015m[INFO]: [0mThis is a info message from thread 2218-09-2026 00:29:33 [38;5;015m[INFO]: [0mThis is a info message from thread 1318-09-2026 00:29:33 [38;5;015m[INFO]: [0mThis is a info message from thread 2318-09-2026 00:29:33 [38;5;009m[ERROR]: [0mThis is a error message from thread 2218-09-2026 00:29:33 [38;5;009m[ERROR]: [0mThis is a error message from thread 1318-09-2026 00:29:33 [38;5;009m[ERROR]: [0mThis is a error message from thread 2318-09-2026 00:29:33 [38;5;117m[DEBUG]: [0mThis is a debug message from thread 1318-09-2026 00:29:33 [38;5;117m[DEBUG]: [0mThis is a debug message from thread 2318-09-2026 00:29:33 [38;5;015m[INFO]: [0mThis is a info message from thread 1318-09-2026 00:29:33 [38;5;009m[ERROR]: [0mThis is a error message from thread 1618-09-2026 00:29:33 [38;5;009m[ERROR]: [0mThis is a error message from thread 118-09-2026 00:29:33 [38;5;117m[DEBUG]: [0mThis is a debug message from thread 1618-09-2026 00:29:33 [38;5;117m[DEBUG]: [0mThis is a debug message from thread 118-09-2026 00:29:33 [38;5;015m[INFO]: [0mThis is a info message from thread 1618-09-2026 00:29:33 [38;5;015m[INFO]: [0mThis is a info message from thread 118-09-2026 00:29:33 [38;5;009m[ERROR]: [0mThis is a error message from thread 1618-09-2026 00:29:33 [38;5;009m[ERROR]: [0mThis is a error message from thread 118-09-2026 00:29:33 [38;5;009m[ERROR]: [0mThis is a error message from thread 2518-09-2026 00:29:33 [38;5;117m[DEBUG]: [0mThis is a debug message from thread 118-09-2026 00:29:33 [38;5;117m[DEBUG]: [0mThis is a debug message from thread 2518-09-2026 00:29:33 [38;5;015m[INFO]: [0mThis is a info message from thread 118-09-2026 00:29:33 [38;5;015m[INFO]: [0mThis is a info message from thread 2518-09-2026 00:29:33 [38;5;009m[ERROR]: [0mThis is a error message from thread 118-09-2026 00:29:33 [38;5;009m[ERROR]: [0mThis is a error message from thread 2518-09-2026 00:29:33 [38;5;117m[DEBUG]: [0mThis is a debug message from thread 118-09-2026 00:29:33 [38;5;117m[DEBUG]: [0mThis is a debug message from thread 2518-09-2026 00:29:33 [38;5;015m[INFO]: [0mThis is a info message from thread 118-09-2026 00:29:33 [38;5;015m[INFO]: [0mThis is a info message from thread 2518-09-2026 00:29:33 [38;5;009m[ERROR]: [0mThis is a error message from thread 118-09-2026 00:29:33 [38;5;009m[ERROR]: [0mThis is a error message from thread 2518-09-2026 00:29:33 [38;5;117m[DEBUG]: [0mThis is a debug message from thread 118-09-2026 00:29:33 [38;5;117m[DEBUG]: [0mThis is a debug message from thread 2518-09-2026 00:29:33 [38;5;015m[INFO]: [0mThis is a info message from thread 118-09-2026 00:29:33 [38;5;117m[DEBUG]: [0mThis is a debug message from thread 818-09-2026 00:29:33 [38;5;015m[INFO]: [0mThis is a info message from thread 2518-09-2026 00:29:33 [38;5;009m[ERROR]: [0mThis is a error message from thread 2518-09-2026 00:29:33 [38;5;009m[ERROR]: [0mThis is a error message from thread 118-09-2026 00:29:33 [38;5;117m[DEBUG]: [0mThis is a debug message from thread 518-09-2026 00:29:33 [38;5;015m[INFO]: [0mThis is a info message from thread 1418-09-2026 00:29:33 [38;5;117m[DEBUG]: [0mThis is a debug message from thread 118-09-2026 00:29:33 [38;5;009m[ERROR]: [0mThis is a error message from thread 1418-09-2026 00:29:33 [38;5;117m[DEBUG]: [0mThis is a debug message from thread 1718-09-2026 00:29:33 [38;5;015m[INFO]: [0mThis is a info message from thread 118-09-2026 00:29:33 [38;5;117m[DEBUG]: [0mThis is a debug message from thread 1418-09-2026 00:29:33 [38;5;015m[INFO]: [0mThis is a info message from thread 1718-09-2026 00:29:33 [38;5;009m[ERROR]: [0mThis is a error message from thread 118-09-2026 00:29:33 [38;5;015m[INFO]: [0mThis is a info message from thread 1418-09-2026 00:29:33 [38;5;009m[ERROR]: [0mThis is a error message from thread 1718-09-2026 00:29:33 [38;5;009m[ERROR]: [0mThis is a error message from thread 1418-09-2026 00:29:33 [38;5;015m[INFO]: [0mThis is a info message from thread 1918-09-2026 00:29:33 [38;5;009m[ERROR]: [0mThis is a error message from thread 1918-09-2026 00:29:33 [38;5;117m[DEBUG]: [0mThis is a debug message from thread 1718-09-2026 00:29:33 [38;5;117m[DEBUG]: [0mThis is a debug message from thread 1918-09-2026 00:29:33 [38;5;015m[INFO]: [0mThis is a info message from thread 1718-09-2026 00:29:33 [38;5;015m[INFO]: [0mThis is a info message from thread 1918-09-2026 00:29:33 [38;5;009m[ERROR]: [0mThis is a error message from thread 1718-09-2026 00:29:33 [38;5;117m[DEBUG]: [0mThis is a debug message from thread 1718-09-2026 00:29:33 [38;5;015m[INFO]: [0mThis is a info message from thread 318-09-2026 00:29:33 [38;5;117m[DEBUG]: [0mThis is a debug message from thread 1818-09-2026 00:29:33 [38;5;009m[ERROR]: [0mThis is a error message from thread 318-09-2026 00:29:33 [38;5;117m[DEBUG]: [0mThis is a debug message from thread 1518-09-2026 00:29:33 [38;5;015m[INFO]: [0mThis is a info message from thread 1818-09-2026 00:29:33 [38;5;117m[DEBUG]: [0mThis is a debug message from thread 318-09-2026 00:29:33 [38;5;015m[INFO]: [0mThis is a info message from thread 1518-09-2026 00:29:33 [38;5;009m[ERROR]: [0mThis is a error message from thread 1818-09-2026 00:29:33 [38;5;015m[INFO]: [0mThis is a info message from thread 318-09-2026 00:29:33 [38;5;009m[ERROR]: [0mThis is a error message from thread 1518-09-2026 00:29:33 [38;5;117m[DEBUG]: [0mThis is a debug message from thread 1818-09-2026 00:29:33 [38;5;009m[ERROR]: [0mThis is a error message from thread 318-09-2026 00:29:33 [38;5;117m[DEBUG]: [0mThis is a debug message from thread 1518-09-2026 00:29:33 [38;5;015m[INFO]: [0mThis is a info message from thread 1818-09-2026 00:29:33 [38;5;117m[DEBUG]: [0mThis is a debug message from thread 318-09-2026 00:29:33 [38;5;015m[INFO]: [0mThis is a info message from thread 1518-09-2026 00:29:33 [38;5;009m[ERROR]: [0mThis is a error message from thread 1818-09-2026 00:29:33 [38;5;009m[ERROR]: [0mThis is a error message from thread 1518-09-2026 00:29:33 [38;5;117m[DEBUG]: [0mThis is a debug message from thread 1818-09-2026 00:29:33 [38;5;117m[DEBUG]: [0mThis is a debug message from thread 2018-09-2026 00:29:33 [38;5;117m[DEBUG]: [0mThis is a debug message from thread 1518-09-2026 00:29:33 [38;5;015m[INFO]: [0mThis is a info message from thread 2018-09-2026 00:29:33 [38;5;009m[ERROR]: [0mThis is a error message from thread 2718-09-2026 00:29:33 [38;5;015m[INFO]: [0mThis is a info message from thread 1518-09-2026 00:29:33 [38;5;009m[ERROR]: [0mThis is a error message from thread 2018-09-2026 00:29:33 [38;5;117m[DEBUG]: [0mThis is a debug message from thread 2718-09-2026 00:29:33 [38;5;009m[ERROR]: [0mThis is a error message from thread 1518-09-2026 00:29:33 [38;5;117m[DEBUG]: [0mThis is a debug message from thread 2018-09-2026 00:29:33 [38;5;015m[INFO]: [0mThis is a info message from thread 2718-09-2026 00:29:33 [38;5;117m[DEBUG]: [0mThis is a debug message from thread 1518-09-2026 00:29:33 [38;5;009m[ERROR]: [0mThis is a error message from thread 2718-09-2026 00:29:33 [38;5;015m[INFO]: [0mThis is a info message from thread 618-09-2026 00:29:33 [38;5;009m[ERROR]: [0mThis is a error message from thread 2918-09-2026 00:29:33 [38;5;117m[DEBUG]: [0mThis is a debug message from thread 2718-09-2026 00:29:33 [38;5;009m[ERROR]: [0mThis is a error message from thread 618-09-2026 00:29:33 [38;5;015m[INFO]: [0mThis is a info message from thread 2718-09-2026 00:29:33 [38;5;015m[INFO]: [0mThis is a info message from thread 2318-09-2026 00:29:33 [38;5;117m[DEBUG]: [0mThis is a debug message from thread 618-09-2026 00:29:33 [38;5;009m[ERROR]: [0mThis is a error message from thread 2718-09-2026 00:29:33 [38;5;009m[ERROR]: [0mThis is a error message from thread 2318-09-2026 00:29:33 [38;5;015m[INFO]: [0mThis is a info message from thread 618-09-2026 00:29:33 [38;5;117m[DEBUG]: [0mThis is a debug message from thread 2318-09-2026 00:29:33 [38;5;009m[ERROR]: [0mThis is a error message from thread 1318-09-2026 00:29:33 [38;5;117m[DEBUG]: [0mThis is a debug message from thread 1618-09-2026 00:29:33 [38;5;015m[INFO]: [0mThis is a info message from thread 2318-09-2026 00:29:33 [38;5;117m[DEBUG]: [0mThis is a debug message from thread 1318-09-2026 00:29:33 [38;5;015m[INFO]: [0mThis is a info message from thread 1618-09-2026 00:29:33 [38;5;015m[INFO]: [0mThis is a info message from thread 1318-09-2026 00:29:33 [38;5;009m[ERROR]: [0mThis is a error message from thread 2318-09-2026 00:29:33 [38;5;009m[ERROR]: [0mThis is a error message from thread 1618-09-2026 00:29:33 [38;5;117m[DEBUG]: [0mThis is a debug message from thread 2318-09-2026 00:29:33 [38;5;117m[DEBUG]: [0mThis is a debug message from thread 1618-09-2026 00:29:33 [38;5;015m[INFO]: [0mThis is a info message from thread 2318-09-2026 00:29:33 [38;5;015m[INFO]: [0mThis is a info message from thread 1618-09-2026 00:29:33 [38;5;009m[ERROR]: [0mThis is a error message from thread 2318-09-2026 00:29:33 [38;5;009m[ERROR]: [0mThis is a error message from thread 1618-09-2026 00:29:33 [38;5;117m[DEBUG]: [0mThis is a debug message from thread 2318-09-2026 00:29:33 [38;5;117m[DEBUG]: [0mThis is a debug message from thread 1618-09-2026 00:29:33 [38;5;015m[INFO]: [0mThis is a info message from thread 2318-09-2026 00:29:33 [38;5;015m[INFO]: [0mThis is a info message from thread 1618-09-2026 00:29:33 [38;5;009m[ERROR]: [0mThis is a error message from thread 2318-09-2026 00:29:33 [38;5;009m[ERROR]: [0mThis is a error message from thread 1618-09-2026 00:29:33 [38;5;117m[DEBUG]: [0mThis is a debug message from thread 2318-09-2026 00:29:33 [38;5;117m[DEBUG]: [0mThis is a debug message from thread 1618-09-2026 00:29:33 [38;5;015m[INFO]: [0mThis is a info message from thread 2318-09-2026 00:29:33 [38;5;015m[INFO]: [0mThis is a info message from thread 1618-09-2026 00:29:33 [38;5;009m[ERROR]: [0mThis is a error message from thread 2318-09-2026 00:29:33 [38;5;009m[ERROR]: [0mThis is a error message from thread 1618-09-2026 00:29:33 [38;5;117m[DEBUG]: [0mThis is a debug message from thread 2318-09-2026 00:29:33 [38;5;117m[DEBUG]: [0mThis is a debug message from thread 1618-09-2026 00:29:33 [38;5;015m[INFO]: [0mThis is a info message from thread 2318-09-2026 00:29:33 [38;5;015m[INFO]: [0mThis is a info message from thread 1618-09-2026 00:29:33 [38;5;009m[ERROR]: [0mThis is a error message from thread 2318-09-2026 00:29:33 [38;5;009m[ERROR]: [0mThis is a error message from thread 1618-09-2026 00:29:33 [38;5;117m[DEBUG]: [0mThis is a debug message from thread 2318-09-2026 00:29:33 [38;5;117m[DEBUG]: [0mThis is a debug message from thread 1618-09-2026 00:29:33 [38;5;015m[INFO]: [0mThis is a info message from thread 2318-09-2026 00:29:33 [38;5;015m[INFO]: [0mThis is a info message from thread 1618-09-2026 00:29:33 [38;5;009m[ERROR]: [0mThis is a error message from thread 2318-09-2026 00:29:33 [38;5;009m[ERROR]: [0mThis is a error message from thread 1618-09-2026 00:29:33 [38;5;117m[DEBUG]: [0mThis is a debug message from thread 2318-09-2026 00:29:33 [38;5;015m[INFO]: [0mThis is a info message from thread 518-09-2026 00:29:33 [38;5;015m[INFO]: [0mThis is a info message from thread 2318-09-2026 00:29:33 [38;5;009m[ERROR]: [0mThis is a error message from thread 518-09-2026 00:29:33 [38;5;009m[ERROR]: [0mThis is a error message from thread 2318-09-2026 00:29:33 [38;5;117m[DEBUG]: [0mThis is a debug message from thread 518-09-2026 00:29:33 [38;5;117m[DEBUG]: [0mThis is a debug message from thread 2318-09-2026 00:29:33 [38;5;015m[INFO]: [0mThis is a info message from thread 518-09-2026 00:29:33 [38;5;015m[INFO]: [0mThis is a info message from thread 2318-09-2026 00:29:33 [38;5;009m[ERROR]: [0mThis is a error message from thread 518-09-2026 00:29:33 [38;5;009m[ERROR]: [0mThis is a error message from thread 2318-09-2026 00:29:33 [38;5;117m[DEBUG]: [0mThis is a debug message from thread 518-09-2026 00:29:33 [38;5;117m[DEBUG]: [0mThis is a debug message from thread 2318-09-2026 00:29:33 [38;5;015m[INFO]: [0mThis is a info message from thread 518-09-2026 00:29:33 [38;5;015m[INFO]: [0mThis is a info message from thread 2318-09-2026 00:29:33 [38;5;009m[ERROR]: [0mThis is a error message from thread 518-09-2026 00:29:33 [38;5;009m[ERROR]: [0mThis is a error message from thread 2318-09-2026 00:29:33 [38;5;117m[DEBUG]: [0mThis is a debug message from thread 518-09-2026 00:29:33 [38;5;117m[DEBUG]: [0mThis is a debug message from thread 2318-09-2026 00:29:33 [38;5;015m[INFO]: [0mThis is a info message from thread 518-09-2026 00:29:33 [38;5;015m[INFO]: [0mThis is a info message from thread 2318-09-2026 00:29:33 [38;5;009m[ERROR]: [0mThis is a error message from thread 518-09-2026 00:29:33 [38;5;009m[ERROR]: [0mThis is a error message from thread 2318-09-2026 00:29:33 [38;5;117m[DEBUG]: [0mThis is a debug message from thread 518-09-2026 00:29:33 [38;5;117m[DEBUG]: [0mThis is a debug message from thread 2318-09-2026 00:29:33 [38;5;015m[INFO]: [0mThis is a info message from thread 518-09-2026 00:29:33 [38;5;015m[INFO]: [0mThis is a info message from thread 2318-09-2026 00:29:33 [38;5;009m[ERROR]: [0mThis is a error message from thread 518-09-2026 00:29:33 [38;5;009m[ERROR]: [0mThis is a error message from thread 2318-09-2026 00:29:33 [38;5;117m[DEBUG]: [0mThis is a debug message from thread 518-09-2026 00:29:33 [38;5;117m[DEBUG]: [0mThis is a debug message from thread 2318-09-2026 00:29:33 [38;5;015m[INFO]: [0mThis is a info message from thread 518-09-2026 00:29:33 [38;5;015m[INFO]: [0mThis is a info message from thread 2318-09-2026 00:29:33 [38;5;009m[ERROR]: [0mThis is a error message from thread 518-09-2026 00:29:33 [38;5;117m[DEBUG]: [0mThis is a debug message from thread 518-09-2026 00:29:33 [38;5;015m[INFO]: [0mThis is a info message from thread 518-09-2026 00:29:33 [38;5;009m[ERROR]: [0mThis is a error message from thread 518-09-2026 00:29:33 [38;5;117m[DEBUG]: [0mThis is a debug message from thread 518-09-2026 00:29:33 [38;5;015m[INFO]: [0mThis is a info message from thread 518-09-2026 00:29:33 [38;5;009m[ERROR]: [0mThis is a error message from thread 518-09-2026 00:29:33 [38;5;117m[DEBUG]: [0mThis is a debug message from thread 518-09-2026 00:29:33 [38;5;015m[INFO]: [0mThis is a info message from thread 518-09-2026 00:29:33 [38;5;009m[ERROR]: [0mThis is a error message from thread 518-09-2026 00:29:33 [38;5;117m[DEBUG]: [0mThis is a debug message from thread 518-09-2026 00:29:33 [38;5;015m[INFO]: [0mThis is a info message from thread 518-09-2026 00:29:33 [38;5;009m[ERROR]: [0mThis is a error message from thread 518-09-2026 00:29:33 [38;5;117m[DEBUG]: [0mThis is a debug message from thread 518-09-2026 00:29:33 [38;5;015m[INFO]: [0mThis is a info message from thread 518-09-2026 00:29:33 [38;5;009m[ERROR]: [0mThis is a error message from thread 518-09-2026 00:29:33 [38;5;117m[DEBUG]: [0mThis is a debug message from thread 518-09-2026 00:29:33 [38;5;015m[INFO]: [0mThis is a info message from thread 518-09-2026 00:29:33 [38;5;009m[ERROR]: [0mThis is a error message from thread 518-09-2026 00:29:33 [38;5;117m[DEBUG]: [0mThis is a debug message from thread 518-09-2026 00:29:33 [38;5;015m[INFO]: [0mThis is a info message from thread 518-09-2026 00:29:33 [38;5;009m[ERROR]: [0mThis is a error message from thread 518-09-2026 00:29:33 [38;5;117m[DEBUG]: [0mThis is a debug message from thread 518-09-2026 00:29:33 [38;5;015m[INFO]: [0mThis is a info message from thread 518-09-2026 00:29:33 [38;5;009m[ERROR]: [0mThis is a error message from thread 2318-09-2026 00:29:33 [38;5;009m[ERROR]: [0mThis is a error message from thread 2618-09-2026 00:29:33 [38;5;117m[DEBUG]: [0mThis is a debug message from thread 2318-09-2026 00:29:33 [38;5;117m[DEBUG]: [0mThis is a debug message from thread 2618-09-2026 00:29:33 [38;5;015m[INFO]: [0mThis is a info message from thread 2318-09-2026 00:29:33 [38;5;015m[INFO]: [0mThis is a info message from thread 2618-09-2026 00:29:33 [38;5;009m[ERROR]: [0mThis is a error message from thread 2318-09-2026 00:29:33 [38;5;009m[ERROR]: [0mThis is a error message from thread 2618-09-2026 00:29:33 [38;5;009m[ERROR]: [0mThis is a error message from thread 1018-09-2026 00:29:33 [38;5;117m[DEBUG]: [0mThis is a debug message from thread 2618-09-2026 00:29:33 [38;5;117m[DEBUG]: [0mThis is a debug message from thread 1018-09-2026 00:29:33 [38;5;015m[INFO]: [0mThis is a info message from thread 2618-09-2026 00:29:33 [38;5;015m[INFO]: [0mThis is a info message from thread 1018-09-2026 00:29:33 [38;5;117m[DEBUG]: [0mThis is a debug message from thread 218-09-2026 00:29:33 [38;5;009m[ERROR]: [0mThis is a error message from thread 1018-09-2026 00:29:33 [38;5;015m[INFO]: [0mThis is a info message from thread 218-09-2026 00:29:33 [38;5;117m[DEBUG]: [0mThis is a debug message from thread 1018-09-2026 00:29:33 [38;5;009m[ERROR]: [0mThis is a error message from thread 218-09-2026 00:29:33 [38;5;015m[INFO]: [0mThis is a info message from thread 1018-09-2026 00:29:33 [38;5;117m[DEBUG]: [0mThis is a debug message from thread 218-09-2026 00:29:33 [38;5;015m[INFO]: [0mThis is a info message from thread 718-09-2026 00:29:33 [38;5;015m[INFO]: [0mThis is a info message from thread 218-09-2026 00:29:33 [38;5;009m[ERROR]: [0mThis is a error message from thread 718-09-2026 00:29:33 [38;5;117m[DEBUG]: [0mThis is a debug message from thread 2418-09-2026 00:29:33 [38;5;117m[DEBUG]: [0mThis is a debug message from thread 718-09-2026 00:29:33 [38;5;015m[INFO]: [0mThis is a info message from thread 2418-09-2026 00:29:33 [38;5;015m[INFO]: [0mThis is a info message from thread 718-09-2026 00:29:33 [38;5;009m[ERROR]: [0mThis is a error message from thread 2418-09-2026 00:29:33 [38;5;009m[ERROR]: [0mThis is a error message from thread 718-09-2026 00:29:33 [38;5;117m[DEBUG]: [0mThis is a debug message from thread 2418-09-2026 00:29:33 [38;5;117m[DEBUG]: [0mThis is a debug message from thread 718-09-2026 00:29:33 [38;5;015m[INFO]: [0mThis is a info message from thread 2418-09-2026 00:29:33 [38;5;015m[INFO]: [0mThis is a info message from thread 718-09-2026 00:29:33 [38;5;009m[ERROR]: [0mThis is a error message from thread 2418-09-2026 00:29:33 [38;5;009m[ERROR]: [0mThis is a error message from thread 718-09-2026 00:29:33 [38;5;117m[DEBUG]: [0mThis is a debug message from thread 2418-09-2026 00:29:33 [38;5;117m[DEBUG]: [0mThis is a debug message from thread 718-09-2026 00:29:33 [38;5;015m[INFO]: [0mThis is a info message from thread 2418-09-2026 00:29:33 [38;5;015m[INFO]: [0mThis is a info message from thread 718-09-2026 00:29:33 [38;5;009m[ERROR]: [0mThis is a error message from thread 2418-09-2026 00:29:33 [38;5;009m[ERROR]: [0mThis is a error message from thread 1218-09-2026 00:29:33 [38;5;117m[DEBUG]: [0mThis is a debug message from thread 2418-09-2026 00:29:33 [38;5;117m[DEBUG]: [0mThis is a debug message from thread 1218-09-2026 00:29:33 [38;5;015m[INFO]: [0mThis is a info message from thread 2418-09-2026 00:29:33 [38;5;015m[INFO]: [0mThis is a info message from thread 1218-09-2026 00:29:33 [38;5;009m[ERROR]: [0mThis is a error message from thread 1918-09-2026 00:29:33 [38;5;009m[ERROR]: [0mThis is a error message from thread 1218-09-2026 00:29:33 [38;5;015m[INFO]: [0mThis is a info message from thread 1718-09-2026 00:29:33 [38;5;117m[DEBUG]: [0mThis is a debug message from thread 1218-09-2026 00:29:33 [38;5;015m[INFO]: [0mThis is a info message from thread 318-09-2026 00:29:33 [38;5;015m[INFO]: [0mThis is a info message from thread 1218-09-2026 00:29:33 [38;5;009m[ERROR]: [0mThis is a error message from thread 318-09-2026 00:29:33 [38;5;009m[ERROR]: [0mThis is a error message from thread 1218-09-2026 00:29:33 [38;5;117m[DEBUG]: [0mThis is a debug message from thread 318-09-2026 00:29:33 [38;5;117m[DEBUG]: [0mThis is a debug message from thread 1218-09-2026 00:29:33 [38;5;015m[INFO]: [0mThis is a info message from thread 318-09-2026 00:29:33 [38;5;015m[INFO]: [0mThis is a info message from thread 1218-09-2026 00:29:33 [38;5;009m[ERROR]: [0mThis is a error message from thread 318-09-2026 00:29:33 [38;5;009m[ERROR]: [0mThis is a error message from thread 2118-09-2026 00:29:33 [38;5;117m[DEBUG]: [0mThis is a debug message from thread 318-09-2026 00:29:33 [38;5;117m[DEBUG]: [0mThis is a debug message from thread 2118-09-2026 00:29:33 [38;5;015m[INFO]: [0mThis is a info message from thread 318-09-2026 00:29:33 [38;5;015m[INFO]: [0mThis is a info message from thread 2118-09-2026 00:29:33 [38;5;009m[ERROR]: [0mThis is a error message from thread 318-09-2026 00:29:33 [38;5;009m[ERROR]: [0mThis is a error message from thread 2118-09-2026 00:29:33 [38;5;015m[INFO]: [0mThis is a info message from thread 1818-09-2026 00:29:33 [38;5;117m[DEBUG]: [0mThis is a debug message from thread 2118-09-2026 00:29:33 [38;5;009m[ERROR]: [0mThis is a error message from thread 1818-09-2026 00:29:33 [38;5;015m[INFO]: [0mThis is a info message from thread 2118-09-2026 00:29:33 [38;5;117m[DEBUG]: [0mThis is a debug message from thread 1818-09-2026 00:29:33 [38;5;009m[ERROR]: [0mThis is a error message from thread 2118-09-2026 00:29:33 [38;5;015m[INFO]: [0mThis is a info message from thread 1818-09-2026 00:29:33 [38;5;117m[DEBUG]: [0mThis is a debug message from thread 2118-09-2026 00:29:33 [38;5;009m[ERROR]: [0mThis is a error message from thread 1818-09-2026 00:29:33 [38;5;015m[INFO]: [0mThis is a info message from thread 2118-09-2026 00:29:33 [38;5;117m[DEBUG]: [0mThis is a debug message from thread 1818-09-2026 00:29:33 [38;5;009m[ERROR]: [0mThis is a error message from thread 2118-09-2026 00:29:33 [38;5;015m[INFO]: [0mThis is a info message from thread 1818-09-2026 00:29:33 [38;5;117m[DEBUG]: [0mThis is a debug message from thread 2118-09-2026 00:29:33 [38;5;009m[ERROR]: [0mThis is a error message from thread 1818-09-2026 00:29:33 [38;5;015m[INFO]: [0mThis is a info message from thread 2018-09-2026 00:29:33 [38;5;117m[DEBUG]: [0mThis is a debug message from thread 1818-09-2026 00:29:33 [38;5;009m[ERROR]: [0mThis is a error message from thread 2018-09-2026 00:29:33 [38;5;015m[INFO]: [0mThis is a info message from thread 1818-09-2026 00:29:33 [38;5;117m[DEBUG]: [0mThis is a debug message from thread 2018-09-2026 00:29:33 [38;5;009m[ERROR]: [0mThis is a error message from thread 1818-09-2026 00:29:33 [38;5;015m[INFO]: [0mThis is a info message from thread 2018-09-2026 00:29:33 [38;5;117m[DEBUG]: [0mThis is a debug message from thread 1818-09-2026 00:29:33 [38;5;009m[ERROR]: [0mThis is a error message from thread 2018-09-2026 00:29:33 [38;5;015m[INFO]: [0mThis is a info message from thread 1818-09-2026 00:29:33 [38;5;117m[DEBUG]: [0mThis is a debug message from thread 2018-09-2026 00:29:33 [38;5;009m[ERROR]: [0mThis is a error message from thread 1818-09-2026 00:29:33 [38;5;015m[INFO]: [0mThis is a info message from thread 2018-09-2026 00:29:33 [38;5;117m[DEBUG]: [0mThis is a debug message from thread 1818-09-2026 00:29:33 [38;5;009m[ERROR]: [0mThis is a error message from thread 2018-09-2026 00:29:33 [38;5;015m[INFO]: [0mThis is a info message from thread 1818-09-2026 00:29:33 [38;5;117m[DEBUG]: [0mThis is a debug message from thread 2918-09-2026 00:29:33 [38;5;009m[ERROR]: [0mThis is a error message from thread 1818-09-2026 00:29:33 [38;5;015m[INFO]: [0mThis is a info message from thread 2918-09-2026 00:29:33 [38;5;117m[DEBUG]: [0mThis is a debug message from thread 1818-09-2026 00:29:33 [38;5;009m[ERROR]: [0mThis is a error message from thread 2918-09-2026 00:29:33 [38;5;015m[INFO]: [0mThis is a info message from thread 1818-09-2026 00:29:33 [38;5;117m[DEBUG]: [0mThis is a debug message from thread 2918-09-2026 00:29:33 [38;5;009m[ERROR]: [0mThis is a error message from thread 1818-09-2026 00:29:33 [38;5;015m[INFO]: [0mThis is a info message from thread 2918-09-2026 00:29:33 [38;5;117m[DEBUG]: [0mThis is a debug message from thread 1818-09-2026 00:29:33 [38;5;009m[ERROR]: [0mThis is a error message from thread 2918-09-2026 00:29:33 [38;5;015m[INFO]: [0mThis is a info message from thread 1818-09-2026 00:29:33 [38;5;117m[DEBUG]: [0mThis is a debug message from thread 2918-09-2026 00:29:33 [38;5;009m[ERROR]: [0mThis is a error message from thread 1818-09-2026 00:29:33 [38;5;015m[INFO]: [0mThis is a info message from thread 2918-09-2026 00:29:33 [38;5;117m[DEBUG]: [0mThis is a debug message from thread 1818-09-2026 00:29:33 [38;5;009m[ERROR]: [0mThis is a error message from thread 2918-09-2026 00:29:33 [38;5;015m[INFO]: [0mThis is a info message from thread 1818-09-2026 00:29:33 [38;5;117m[DEBUG]: [0mThis is a debug message from thread 2918-09-2026 00:29:33 [38;5;009m[ERROR]: [0mThis is a error message from thread 1818-09-2026 00:29:33 [38;5;015m[INFO]: [0mThis is a info message from thread 2918-09-2026 00:29:33 [38;5;117m[DEBUG]: [0mThis is a debug message from thread 1818-09-2026 00:29:33 [38;5;009m[ERROR]: [0mThis is a error message from thread 2918-09-2026 00:29:33 [38;5;015m[INFO]: [0mThis is a info message from thread 1818-09-2026 00:29:33 [38;5;117m[DEBUG]: [0mThis is a debug message from thread 2918-09-2026 00:29:33 [38;5;009m[ERROR]: [0mThis is a error message from thread 1818-09-2026 00:29:33 [38;5;015m[INFO]: [0mThis is a info message from thread 2918-09-2026 00:29:33 [38;5;117m[DEBUG]: [0mThis is a debug message from thread 1818-09-2026 00:29:33 [38;5;009m[ERROR]: [0mThis is a error message from thread 2918-09-2026 00:29:33 [38;5;015m[INFO]: [0mThis is a info message from thread 1818-09-2026 00:29:33 [38;5;117m[DEBUG]: [0mThis is a debug message from thread 2918-09-2026 00:29:33 [38;5;009m[ERROR]: [0mThis is a error message from thread 1818-09-2026 00:29:33 [38;5;015m[INFO]: [0mThis is a info message from thread 2918-09-2026 00:29:33 [38;5;117m[DEBUG]: [0mThis is a debug message from thread 1818-09-2026 00:29:33 [38;5;009m[ERROR]: [0mThis is a error message from thread 2918-09-2026 00:29:33 [38;5;015m[INFO]: [0mThis is a info message from thread 1818-09-2026 00:29:33 [38;5;117m[DEBUG]: [0mThis is a debug message from thread 2918-09-2026 00:29:33 [38;5;009m[ERROR]: [0mThis is a error message from thread 1818-09-2026 00:29:33 [38;5;015m[INFO]: [0mThis is a info message from thread 2918-09-2026 00:29:33 [38;5;117m[DEBUG]: [0mThis is a debug message from thread 1818-09-2026 00:29:33 [38;5;009m[ERROR]: [0mThis is a error message from thread 2918-09-2026 00:29:33 [38;5;015m[INFO]: [0mThis is a info message from thread 1818-09-2026 00:29:33 [38;5;117m[DEBUG]: [0mThis is a debug message from thread 2918-09-2026 00:29:33 [38;5;009m[ERROR]: [0mThis is a error message from thread 1818-09-2026 00:29:33 [38;5;117m[DEBUG]: [0mThis is a debug message from thread 418-09-2026 00:29:33 [38;5;117m[DEBUG]: [0mThis is a debug message from thread 1818-09-2026 00:29:33 [38;5;015m[INFO]: [0mThis is a info message from thread 418-09-2026 00:29:33 [38;5;015m[INFO]: [0mThis is a info message from thread 1818-09-2026 00:29:33 [38;5;009m[ERROR]: [0mThis is a error message from thread 418-09-2026 00:29:33 [38;5;009m[ERROR]: [0mThis is a error message from thread 1818-09-2026 00:29:33 [38;5;009m[ERROR]: [0mThis is a error message from thread 618-09-2026 00:29:33 [38;5;117m[DEBUG]: [0mThis is a debug message from thread 1818-09-2026 00:29:33 [38;5;009m[ERROR]: [0mThis is a error message from thread 1318-09-2026 00:29:33 [38;5;015m[INFO]: [0mThis is a info message from thread 1818-09-2026 00:29:33 [38;5;117m[DEBUG]: [0mThis is a debug message from thread 1318-09-2026 00:29:33 [38;5;009m[ERROR]: [0mThis is a error message from thread 1818-09-2026 00:29:33 [38;5;015m[INFO]: [0mThis is a info message from thread 1318-09-2026 00:29:33 [38;5;117m[DEBUG]: [0mThis is a debug message from thread 1818-09-2026 00:29:33 [38;5;009m[ERROR]: [0mThis is a error message from thread 1318-09-2026 00:29:33 [38;5;015m[INFO]: [0mThis is a info message from thread 1818-09-2026 00:29:33 [38;5;117m[DEBUG]: [0mThis is a debug message from thread 1318-09-2026 00:29:33 [38;5;009m[ERROR]: [0mThis is a error message from thread 1818-09-2026 00:29:33 [38;5;015m[INFO]: [0mThis is a info message from thread 1318-09-2026 00:29:33 [38;5;117m[DEBUG]: [0mThis is a debug message from thread 1818-09-2026 00:29:33 [38;5;009m[ERROR]: [0mThis is a error message from thread 1318-09-2026 00:29:33 [38;5;015m[INFO]: [0mThis is a info message from thread 1818-09-2026 00:29:33 [38;5;117m[DEBUG]: [0mThis is a debug message from thread 1318-09-2026 00:29:33 [38;5;009m[ERROR]: [0mThis is a error message from thread 1818-09-2026 00:29:33 [38;5;015m[INFO]: [0mThis is a info message from thread 1318-09-2026 00:29:33 [38;5;117m[DEBUG]: [0mThis is a debug message from thread 1818-09-2026 00:29:33 [38;5;009m[ERROR]: [0mThis is a error message from thread 1318-09-2026 00:29:33 [38;5;015m[INFO]: [0mThis is a info message from thread 1818-09-2026 00:29:33 [38;5;117m[DEBUG]: [0mThis is a debug message from thread 1318-09-2026 00:29:33 [38;5;009m[ERROR]: [0mThis is a error message from thread 1818-09-2026 00:29:33 [38;5;117m[DEBUG]: [0mThis is a debug message from thread 1618-09-2026 00:29:33 [38;5;015m[INFO]: [0mThis is a info message from thread 818-09-2026 00:29:33 [38;5;015m[INFO]: [0mThis is a info message from thread 918-09-2026 00:29:33 [38;5;117m[DEBUG]: [0mThis is a debug message from thread 2518-09-2026 00:29:33 [38;5;117m[DEBUG]: [0mThis is a debug message from thread 2818-09-2026 00:29:33 [38;5;009m[ERROR]: [0mThis is a error message from thread 2418-09-2026 00:29:33 [38;5;117m[DEBUG]: [0mThis is a debug message from thread 118-09-2026 00:29:33 [38;5;117m[DEBUG]: [0mThis is a debug message from thread 1418-09-2026 00:29:33 [38;5;117m[DEBUG]: [0mThis is a debug message from thread 2018-09-2026 00:29:33 [38;5;015m[INFO]: [0mThis is a info message from thread 1518-09-2026 00:29:33 [38;5;117m[DEBUG]: [0mThis is a debug message from thread 018-09-2026 00:29:33 [38;5;009m[ERROR]: [0mThis is a error message from thread 1118-09-2026 00:29:33 [38;5;117m[DEBUG]: [0mThis is a debug message from thread 418-09-2026 00:29:33 [38;5;117m[DEBUG]: [0mThis is a debug message from thread 2218-09-2026 00:29:33 [38;5;117m[DEBUG]: [0mThis is a debug message from thread 2718-09-2026 00:29:33 [38;5;015m[INFO]: [0mThis is a info message from thread 1318-09-2026 00:29:33 [38;5;015m[INFO]: [0mThis is a info message from thread 2718-09-2026 00:29:33 [38;5;009m[ERROR]: [0mThis is a error message from thread 1318-09-2026 00:29:33 [38;5;009m[ERROR]: [0mThis is a error message from thread 2718-09-2026 00:29:33 [38;5;117m[DEBUG]: [0mThis is a debug message from thread 1318-09-2026 00:29:33 [38;5;117m[DEBUG]: [0mThis is a debug message from thread 2718-09-2026 00:29:33 [38;5;015m[INFO]: [0mThis is a info message from thread 1318-09-2026 00:29:33 [38;5;015m[INFO]: [0mThis is a info message from thread 2718-09-2026 00:29:33 [38;5;009m[ERROR]: [0mThis is a error message from thread 1318-09-2026 00:29:33 [38;5;117m[DEBUG]: [0mThis is a debug message from thread 1818-09-2026 00:29:33 [38;5;117m[DEBUG]: [0mThis is a debug message from thread 1318-09-2026 00:29:33 [38;5;009m[ERROR]: [0mThis is a error message from thread 818-09-2026 00:29:33 [38;5;009m[ERROR]: [0mThis is a error message from thread 2618-09-2026 00:29:33 [38;5;117m[DEBUG]: [0mThis is a debug message from thread 818-09-2026 00:29:33 [38;5;117m[DEBUG]: [0mThis is a debug message from thread 2618-09-2026 00:29:33 [38;5;015m[INFO]: [0mThis is a info message from thread 818-09-2026 00:29:33 [38;5;117m[DEBUG]: [0mThis is a debug message from thread 2318-09-2026 00:29:33 [38;5;009m[ERROR]: [0mThis is a error message from thread 818-09-2026 00:29:33 [38;5;015m[INFO]: [0mThis is a info message from thread 2318-09-2026 00:29:33 [38;5;117m[DEBUG]: [0mThis is a debug message from thread 818-09-2026 00:29:33 [38;5;009m[ERROR]: [0mThis is a error message from thread 2318-09-2026 00:29:33 [38;5;015m[INFO]: [0mThis is a info message from thread 818-09-2026 00:29:33 [38;5;117m[DEBUG]: [0mThis is a debug message from thread 2318-09-2026 00:29:33 [38;5;009m[ERROR]: [0mThis is a error message from thread 818-09-2026 00:29:33 [38;5;015m[INFO]: [0mThis is a info message from thread 2318-09-2026 00:29:33 [38;5;117m[DEBUG]: [0mThis is a debug message from thread 818-09-2026 00:29:33 [38;5;009m[ERROR]: [0mThis is a error message from thread 2318-09-2026 00:29:33 [38;5;015m[INFO]: [0mThis is a info message from thread 818-09-2026 00:29:33 [38;5;117m[DEBUG]: [0mThis is a debug message from thread 2318-09-2026 00:29:33 [38;5;009m[ERROR]: [0mThis is a error message from thread 818-09-2026 00:29:33 [38;5;015m[INFO]: [0mThis is a info message from thread 2318-09-2026 00:29:33 [38;5;117m[DEBUG]: [0mThis is a debug message from thread 818-09-2026 00:29:33 [38;5;009m[ERROR]: [0mThis is a error message from thread 2318-09-2026 00:29:33 [38;5;015m[INFO]: [0mThis is a info message from thread 818-09-2026 00:29:33 [38;5;117m[DEBUG]: [0mThis is a debug message from thread 2318-09-2026 00:29:33 [38;5;009m[ERROR]: [0mThis is a error message from thread 818-09-2026 00:29:33 [38;5;009m[ERROR]: [0mThis is a error message from thread 218-09-2026 00:29:33 [38;5;015m[INFO]: [0mThis is a info message from thread 2318-09-2026 00:29:33 [38;5;117m[DEBUG]: [0mThis is a debug message from thread 218-09-2026 00:29:33 [38;5;009m[ERROR]: [0mThis is a error message from thread 2318-09-2026 00:29:33 [38;5;117m[DEBUG]: [0mThis is a debug message from thread 1918-09-2026 00:29:33 [38;5;015m[INFO]: [0mThis is a info message from thread 218-09-2026 00:29:33 [38;5;015m[INFO]: [0mThis is a info message from thread 1918-09-2026 00:29:33 [38;5;117m[DEBUG]: [0mThis is a debug message from thread 2418-09-2026 00:29:33 [38;5;009m[ERROR]: [0mThis is a error message from thread 1918-09-2026 00:29:33 [38;5;009m[ERROR]: [0mThis is a error message from thread 218-09-2026 00:29:33 [38;5;015m[INFO]: [0mThis is a info message from thread 2418-09-2026 00:29:33 [38;5;117m[DEBUG]: [0mThis is a debug message from thread 1918-09-2026 00:29:33 [38;5;117m[DEBUG]: [0mThis is a debug message from thread 218-09-2026 00:29:33 [38;5;009m[ERROR]: [0mThis is a error message from thread 2418-09-2026 00:29:33 [38;5;015m[INFO]: [0mThis is a info message from thread 1918-09-2026 00:29:33 [38;5;117m[DEBUG]: [0mThis is a debug message from thread 2418-09-2026 00:29:33 [38;5;015m[INFO]: [0mThis is a info message from thread 118-09-2026 00:29:33 [38;5;009m[ERROR]: [0mThis is a error message from thread 1718-09-2026 00:29:33 [38;5;009m[ERROR]: [0mThis is a error message from thread 1918-09-2026 00:29:33 [38;5;015m[INFO]: [0mThis is a info message from thread 1318-09-2026 00:29:33 [38;5;009m[ERROR]: [0mThis is a error message from thread 1218-09-2026 00:29:33 [38;5;009m[ERROR]: [0mThis is a error message from thread 918-09-2026 00:29:33 [38;5;117m[DEBUG]: [0mThis is a debug message from thread 318-09-2026 00:29:33 [38;5;117m[DEBUG]: [0mThis is a debug message from thread 1218-09-2026 00:29:33 [38;5;117m[DEBUG]: [0mThis is a debug message from thread 918-09-2026 00:29:33 [38;5;015m[INFO]: [0mThis is a info message from thread 318-09-2026 00:29:33 [38;5;015m[INFO]: [0mThis is a info message from thread 2018-09-2026 00:29:33 [38;5;009m[ERROR]: [0mThis is a error message from thread 518-09-2026 00:29:33 [38;5;009m[ERROR]: [0mThis is a error message from thread 2018-09-2026 00:29:33 [38;5;009m[ERROR]: [0mThis is a error message from thread 1518-09-2026 00:29:33 [38;5;015m[INFO]: [0mThis is a info message from thread 2918-09-2026 00:29:33 [38;5;117m[DEBUG]: [0mThis is a debug message from thread 1518-09-2026 00:29:33 [38;5;009m[ERROR]: [0mThis is a error message from thread 2918-09-2026 00:29:33 [38;5;015m[INFO]: [0mThis is a info message from thread 1518-09-2026 00:29:33 [38;5;015m[INFO]: [0mThis is a info message from thread 2218-09-2026 00:29:33 [38;5;009m[ERROR]: [0mThis is a error message from thread 1518-09-2026 00:29:33 [38;5;009m[ERROR]: [0mThis is a error message from thread 2218-09-2026 00:29:33 [38;5;015m[INFO]: [0mThis is a info message from thread 1818-09-2026 00:29:33 [38;5;117m[DEBUG]: [0mThis is a debug message from thread 2218-09-2026 00:29:33 [38;5;015m[INFO]: [0mThis is a info message from thread 2618-09-2026 00:29:33 [38;5;009m[ERROR]: [0mThis is a error message from thread 1818-09-2026 00:29:33 [38;5;015m[INFO]: [0mThis is a info message from thread 2218-09-2026 00:29:33 [38;5;009m[ERROR]: [0mThis is a error message from thread 1018-09-2026 00:29:33 [38;5;009m[ERROR]: [0mThis is a error message from thread 2218-09-2026 00:29:33 [38;5;117m[DEBUG]: [0mThis is a debug message from thread 1018-09-2026 00:29:33 [38;5;117m[DEBUG]: [0mThis is a debug message from thread 818-09-2026 00:29:33 [38;5;015m[INFO]: [0mThis is a info message from thread 1018-09-2026 00:29:33 [38;5;015m[INFO]: [0mThis is a info message from thread 818-09-2026 00:29:33 [38;5;009m[ERROR]: [0mThis is a error message from thread 718-09-2026 00:29:33 [38;5;009m[ERROR]: [0mThis is a error message from thread 818-09-2026 00:29:33 [38;5;117m[DEBUG]: [0mThis is a debug message from thread 718-09-2026 00:29:33 [38;5;117m[DEBUG]: [0mThis is a debug message from thread 818-09-2026 00:29:33 [38;5;015m[INFO]: [0mThis is a info message from thread 718-09-2026 00:29:33 [38;5;015m[INFO]: [0mThis is a info message from thread 818-09-2026 00:29:33 [38;5;009m[ERROR]: [0mThis is a error message from thread 718-09-2026 00:29:33 [38;5;009m[ERROR]: [0mThis is a error message from thread 818-09-2026 00:29:33 [38;5;117m[DEBUG]: [0mThis is a debug message from thread 718-09-2026 00:29:33 [38;5;117m[DEBUG]: [0mThis is a debug message from thread 818-09-2026 00:29:33 [38;5;015m[INFO]: [0mThis is a info message from thread 718-09-2026 00:29:33 [38;5;015m[INFO]: [0mThis is a info message from thread 818-09-2026 00:29:33 [38;5;009m[ERROR]: [0mThis is a error message from thread 718-09-2026 00:29:33 [38;5;009m[ERROR]: [0mThis is a error message from thread 818-09-2026 00:29:33 [38;5;117m[DEBUG]: [0mThis is a debug message from thread 718-09-2026 00:29:33 [38;5;117m[DEBUG]: [0mThis is a debug message from thread 818-09-2026 00:29:33 [38;5;015m[INFO]: [0mThis is a info message from thread 718-09-2026 00:29:33 [38;5;117m[DEBUG]: [0mThis is a debug message from thread 2318-09-2026 00:29:33 [38;5;009m[ERROR]: [0mThis is a error message from thread 718-09-2026 00:29:33 [38;5;015m[INFO]: [0mThis is a info message from thread 2318-09-2026 00:29:33 [38;5;117m[DEBUG]: [0mThis is a debug message from thread 718-09-2026 00:29:33 [38;5;009m[ERROR]: [0mThis is a error message from thread 2318-09-2026 00:29:33 [38;5;015m[INFO]: [0mThis is a info message from thread 718-09-2026 00:29:33 [38;5;117m[DEBUG]: [0mThis is a debug message from thread 2318-09-2026 00:29:33 [38;5;009m[ERROR]: [0mThis is a error message from thread 718-09-2026 00:29:33 [38;5;015m[INFO]: [0mThis is a info message from thread 2318-09-2026 00:29:33 [38;5;117m[DEBUG]: [0mThis is a debug message from thread 718-09-2026 00:29:33 [38;5;009m[ERROR]: [0mThis is a error message from thread 2318-09-2026 00:29:33 [38;5;015m[INFO]: [0mThis is a info message from thread 718-09-2026 00:29:33 [38;5;015m[INFO]: [0mThis is a info message from thread 1418-09-2026 00:29:33 [38;5;009m[ERROR]: [0mThis is a error message from thread 718-09-2026 00:29:33 [38;5;117m[DEBUG]: [0mThis is a debug message from thread 718-09-2026 00:29:33 [38;5;015m[INFO]: [0mThis is a info message from thread 2418-09-2026 00:29:33 [38;5;015m[INFO]: [0mThis is a info message from thread 718-09-2026 00:29:33 [38;5;009m[ERROR]: [0mThis is a error message from thread 2418-09-2026 00:29:33 [38;5;009m[ERROR]: [0mThis is a error message from thread 718-09-2026 00:29:33 [38;5;117m[DEBUG]: [0mThis is a debug message from thread 1718-09-2026 00:29:33 [38;5;117m[DEBUG]: [0mThis is a debug message from thread 718-09-2026 00:29:33 [38;5;015m[INFO]: [0mThis is a info message from thread 1718-09-2026 00:29:33 [38;5;015m[INFO]: [0mThis is a info message from thread 718-09-2026 00:29:33 [38;5;009m[ERROR]: [0mThis is a error message from thread 1718-09-2026 00:29:33 [38;5;009m[ERROR]: [0mThis is a error message from thread 718-09-2026 00:29:33 [38;5;117m[DEBUG]: [0mThis is a debug message from thread 1718-09-2026 00:29:33 [38;5;117m[DEBUG]: [0mThis is a debug message from thread 718-09-2026 00:29:33 [38;5;015m[INFO]: [0mThis is a info message from thread 1718-09-2026 00:29:33 [38;5;015m[INFO]: [0mThis is a info message from thread 718-09-2026 00:29:33 [38;5;009m[ERROR]: [0mThis is a error message from thread 1718-09-2026 00:29:33 [38;5;009m[ERROR]: [0mThis is a error message from thread 718-09-2026 00:29:33 [38;5;117m[DEBUG]: [0mThis is a debug message from thread 1718-09-2026 00:29:33 [38;5;117m[DEBUG]: [0mThis is a debug message from thread 718-09-2026 00:29:33 [38;5;015m[INFO]: [0mThis is a info message from thread 1718-09-2026 00:29:33 [38;5;015m[INFO]: [0mThis is a info message from thread 718-09-2026 00:29:33 [38;5;009m[ERROR]: [0mThis is a error message from thread 1718-09-2026 00:29:33 [38;5;117m[DEBUG]: [0mThis is a debug message from thread 1918-09-2026 00:29:33 [38;5;117m[DEBUG]: [0mThis is a debug message from thread 1718-09-2026 00:29:33 [38;5;015m[INFO]: [0mThis is a info message from thread 1918-09-2026 00:29:33 [38;5;015m[INFO]: [0mThis is a info message from thread 1718-09-2026 00:29:33 [38;5;009m[ERROR]: [0mThis is a error message from thread 1918-09-2026 00:29:33 [38;5;009m[ERROR]: [0mThis is a error message from thread 1718-09-2026 00:29:33 [38;5;117m[DEBUG]: [0mThis is a debug message from thread 1918-09-2026 00:29:33 [38;5;117m[DEBUG]: [0mThis is a debug message from thread 1718-09-2026 00:29:33 [38;5;015m[INFO]: [0mThis is a info message from thread 1918-09-2026 00:29:33 [38;5;015m[INFO]: [0mThis is a info message from thread 1718-09-2026 00:29:33 [38;5;009m[ERROR]: [0mThis is a error message from thread 1918-09-2026 00:29:33 [38;5;009m[ERROR]: [0mThis is a error message from thread 1718-09-2026 00:29:33 [38;5;117m[DEBUG]: [0mThis is a debug message from thread 1918-09-2026 00:29:33 [38;5;117m[DEBUG]: [0mThis is a debug message from thread 1718-09-2026 00:29:33 [38;5;015m[INFO]: [0mThis is a info message from thread 1218-09-2026 00:29:33 [38;5;015m[INFO]: [0mThis is a info message from thread 2118-09-2026 00:29:33 [38;5;015m[INFO]: [0mThis is a info message from thread 2518-09-2026 00:29:33 [38;5;015m[INFO]: [0mThis is a info message from thread 2818-09-2026 00:29:33 [38;5;117m[DEBUG]: [0mThis is a debug message from thread 2318-09-2026 00:29:33 [38;5;015m[INFO]: [0mThis is a info message from thread 218-09-2026 00:29:33 [38;5;015m[INFO]: [0mThis is a info message from thread 1918-09-2026 00:29:33 [38;5;009m[ERROR]: [0mThis is a error message from thread 1918-09-2026 00:29:33 [38;5;117m[DEBUG]: [0mThis is a debug message from thread 1918-09-2026 00:29:33 [38;5;009m[ERROR]: [0mThis is a error message from thread 1318-09-2026 00:29:33 [38;5;015m[INFO]: [0mThis is a info message from thread 1918-09-2026 00:29:33 [38;5;117m[DEBUG]: [0mThis is a debug message from thread 1318-09-2026 00:29:33 [38;5;009m[ERROR]: [0mThis is a error message from thread 1918-09-2026 00:29:33 [38;5;009m[ERROR]: [0mThis is a error message from thread 318-09-2026 00:29:33 [38;5;009m[ERROR]: [0mThis is a error message from thread 2518-09-2026 00:29:33 [38;5;117m[DEBUG]: [0mThis is a debug message from thread 1918-09-2026 00:29:33 [38;5;117m[DEBUG]: [0mThis is a debug message from thread 318-09-2026 00:29:33 [38;5;117m[DEBUG]: [0mThis is a debug message from thread 2518-09-2026 00:29:33 [38;5;015m[INFO]: [0mThis is a info message from thread 318-09-2026 00:29:33 [38;5;117m[DEBUG]: [0mThis is a debug message from thread 518-09-2026 00:29:33 [38;5;009m[ERROR]: [0mThis is a error message from thread 318-09-2026 00:29:33 [38;5;009m[ERROR]: [0mThis is a error message from thread 2818-09-2026 00:29:33 [38;5;015m[INFO]: [0mThis is a info message from thread 518-09-2026 00:29:33 [38;5;117m[DEBUG]: [0mThis is a debug message from thread 318-09-2026 00:29:33 [38;5;117m[DEBUG]: [0mThis is a debug message from thread 2818-09-2026 00:29:33 [38;5;015m[INFO]: [0mThis is a info message from thread 318-09-2026 00:29:33 [38;5;015m[INFO]: [0mThis is a info message from thread 2818-09-2026 00:29:33 [38;5;015m[INFO]: [0mThis is a info message from thread 1318-09-2026 00:29:33 [38;5;009m[ERROR]: [0mThis is a error message from thread 318-09-2026 00:29:33 [38;5;009m[ERROR]: [0mThis is a error message from thread 1318-09-2026 00:29:33 [38;5;117m[DEBUG]: [0mThis is a debug message from thread 2018-09-2026 00:29:33 [38;5;117m[DEBUG]: [0mThis is a debug message from thread 1318-09-2026 00:29:33 [38;5;015m[INFO]: [0mThis is a info message from thread 2018-09-2026 00:29:33 [38;5;015m[INFO]: [0mThis is a info message from thread 1318-09-2026 00:29:33 [38;5;009m[ERROR]: [0mThis is a error message from thread 2018-09-2026 00:29:33 [38;5;009m[ERROR]: [0mThis is a error message from thread 1318-09-2026 00:29:33 [38;5;117m[DEBUG]: [0mThis is a debug message from thread 2018-09-2026 00:29:33 [38;5;117m[DEBUG]: [0mThis is a debug message from thread 1318-09-2026 00:29:33 [38;5;015m[INFO]: [0mThis is a info message from thread 2018-09-2026 00:29:33 [38;5;015m[INFO]: [0mThis is a info message from thread 1318-09-2026 00:29:33 [38;5;009m[ERROR]: [0mThis is a error message from thread 2018-09-2026 00:29:33 [38;5;009m[ERROR]: [0mThis is a error message from thread 1318-09-2026 00:29:33 [38;5;117m[DEBUG]: [0mThis is a debug message from thread 2018-09-2026 00:29:33 [38;5;009m[ERROR]: [0mThis is a error message from thread 1218-09-2026 00:29:33 [38;5;015m[INFO]: [0mThis is a info message from thread 2018-09-2026 00:29:33 [38;5;117m[DEBUG]: [0mThis is a debug message from thread 1218-09-2026 00:29:33 [38;5;009m[ERROR]: [0mThis is a error message from thread 2018-09-2026 00:29:33 [38;5;015m[INFO]: [0mThis is a info message from thread 1218-09-2026 00:29:33 [38;5;117m[DEBUG]: [0mThis is a debug message from thread 2018-09-2026 00:29:33 [38;5;009m[ERROR]: [0mThis is a error message from thread 1218-09-2026 00:29:33 [38;5;015m[INFO]: [0mThis is a info message from thread 2018-09-2026 00:29:33 [38;5;117m[DEBUG]: [0mThis is a debug message from thread 1218-09-2026 00:29:33 [38;5;009m[ERROR]: [0mThis is a error message from thread 2018-09-2026 00:29:33 [38;5;015m[INFO]: [0mThis is a info message from thread 1218-09-2026 00:29:33 [38;5;117m[DEBUG]: [0mThis is a debug message from thread 2018-09-2026 00:29:33 [38;5;009m[ERROR]: [0mThis is a error message from thread 1218-09-2026 00:29:33 [38;5;015m[INFO]: [0mThis is a info message from thread 2018-09-2026 00:29:33 [38;5;117m[DEBUG]: [0mThis is a debug message from thread 1218-09-2026 00:29:33 [38;5;009m[ERROR]: [0mThis is a error message from thread 2018-09-2026 00:29:33 [38;5;015m[INFO]: [0mThis is a info message from thread 1218-09-2026 00:29:33 [38;5;117m[DEBUG]: [0mThis is a debug message from thread 2018-09-2026 00:29:33 [38;5;009m[ERROR]: [0mThis is a error message from thread 1218-09-2026 00:29:33 [38;5;117m[DEBUG]: [0mThis is a debug message from thread 1218-09-2026 00:29:33 [38;5;015m[INFO]: [0mThis is a info message from thread 2018-09-2026 00:29:33 [38;5;015m[INFO]: [0mThis is a info message from thread 1218-09-2026 00:29:33 [38;5;009m[ERROR]: [0mThis is a error message from thread 2018-09-2026 00:29:33 [38;5;009m[ERROR]: [0mThis is a error message from thread 1218-09-2026 00:29:33 [38;5;117m[DEBUG]: [0mThis is a debug message from thread 2018-09-2026 00:29:33 [38;5;117m[DEBUG]: [0mThis is a debug message from thread 1218-09-2026 00:29:33 [38;5;015m[INFO]: [0mThis is a info message from thread 2018-09-2026 00:29:33 [38;5;015m[INFO]: [0mThis is a info message from thread 1218-09-2026 00:29:33 [38;5;009m[ERROR]: [0mThis is a error message from thread 2018-09-2026 00:29:33 [38;5;009m[ERROR]: [0mThis is a error message from thread 1218-09-2026 00:29:33 [38;5;009m[ERROR]: [0mThis is a error message from thread 2118-09-2026 00:29:33 [38;5;117m[DEBUG]: [0mThis is a debug message from thread 2018-09-2026 00:29:33 [38;5;117m[DEBUG]: [0mThis is a debug message from thread 1218-09-2026 00:29:33 [38;5;015m[INFO]: [0mThis is a info message from thread 1218-09-2026 00:29:33 [38;5;009m[ERROR]: [0mThis is a error message from thread 1218-09-2026 00:29:33 [38;5;015m[INFO]: [0mThis is a info message from thread 418-09-2026 00:29:33 [38;5;117m[DEBUG]: [0mThis is a debug message from thread 618-09-2026 00:29:33 [38;5;009m[ERROR]: [0mThis is a error message from thread 418-09-2026 00:29:33 [38;5;015m[INFO]: [0mThis is a info message from thread 618-09-2026 00:29:33 [38;5;117m[DEBUG]: [0mThis is a debug message from thread 418-09-2026 00:29:33 [38;5;009m[ERROR]: [0mThis is a error message from thread 618-09-2026 00:29:33 [38;5;015m[INFO]: [0mThis is a info message from thread 418-09-2026 00:29:33 [38;5;117m[DEBUG]: [0mThis is a debug message from thread 2118-09-2026 00:29:33 [38;5;117m[DEBUG]: [0mThis is a debug message from thread 618-09-2026 00:29:33 [38;5;009m[ERROR]: [0mThis is a error message from thread 418-09-2026 00:29:33 [38;5;015m[INFO]: [0mThis is a info message from thread 2118-09-2026 00:29:33 [38;5;117m[DEBUG]: [0mThis is a debug message from thread 418-09-2026 00:29:33 [38;5;009m[ERROR]: [0mThis is a error message from thread 2118-09-2026 00:29:33 [38;5;009m[ERROR]: [0mThis is a error message from thread 2718-09-2026 00:29:33 [38;5;117m[DEBUG]: [0mThis is a debug message from thread 2118-09-2026 00:29:33 [38;5;117m[DEBUG]: [0mThis is a debug message from thread 2718-09-2026 00:29:33 [38;5;015m[INFO]: [0mThis is a info message from thread 2118-09-2026 00:29:33 [38;5;015m[INFO]: [0mThis is a info message from thread 2718-09-2026 00:29:33 [38;5;009m[ERROR]: [0mThis is a error message from thread 2118-09-2026 00:29:33 [38;5;009m[ERROR]: [0mThis is a error message from thread 2718-09-2026 00:29:33 [38;5;117m[DEBUG]: [0mThis is a debug message from thread 2118-09-2026 00:29:33 [38;5;117m[DEBUG]: [0mThis is a debug message from thread 2718-09-2026 00:29:33 [38;5;015m[INFO]: [0mThis is a info message from thread 2118-09-2026 00:29:33 [38;5;015m[INFO]: [0mThis is a info message from thread 2718-09-2026 00:29:33 [38;5;009m[ERROR]: [0mThis is a error message from thread 2118-09-2026 00:29:33 [38;5;009m[ERROR]: [0mThis is a error message from thread 2718-09-2026 00:29:33 [38;5;117m[DEBUG]: [0mThis is a debug message from thread 2118-09-2026 00:29:33 [38;5;117m[DEBUG]: [0mThis is a debug message from thread 2718-09-2026 00:29:33 [38;5;015m[INFO]: [0mThis is a info message from thread 2118-09-2026 00:29:33 [38;5;015m[INFO]: [0mThis is a info message from thread 2718-09-2026 00:29:33 [38;5;009m[ERROR]: [0mThis is a error message from thread 2118-09-2026 00:29:33 [38;5;009m[ERROR]: [0mThis is a error message from thread 2718-09-2026 00:29:33 [38;5;117m[DEBUG]: [0mThis is a debug message from thread 2118-09-2026 00:29:33 [38;5;117m[DEBUG]: [0mThis is a debug message from thread 2718-09-2026 00:29:33 [38;5;015m[INFO]: [0mThis is a info message from thread 2118-09-2026 00:29:33 [38;5;009m[ERROR]: [0mThis is a error message from thread 1018-09-2026 00:29:33 [38;5;009m[ERROR]: [0mThis is a error message from thread 2118-09-2026 00:29:33 [38;5;117m[DEBUG]: [0mThis is a debug message from thread 1018-09-2026 00:29:33 [38;5;117m[DEBUG]: [0mThis is a debug message from thread 2118-09-2026 00:29:33 [38;5;015m[INFO]: [0mThis is a info message from thread 818-09-2026 00:29:33 [38;5;015m[INFO]: [0mThis is a info message from thread 2118-09-2026 00:29:33 [38;5;009m[ERROR]: [0mThis is a error message from thread 818-09-2026 00:29:33 [38;5;009m[ERROR]: [0mThis is a error message from thread 2118-09-2026 00:29:33 [38;5;117m[DEBUG]: [0mThis is a debug message from thread 818-09-2026 00:29:33 [38;5;117m[DEBUG]: [0mThis is a debug message from thread 2118-09-2026 00:29:33 [38;5;015m[INFO]: [0mThis is a info message from thread 818-09-2026 00:29:33 [38;5;015m[INFO]: [0mThis is a info message from thread 2118-09-2026 00:29:33 [38;5;009m[ERROR]: [0mThis is a error message from thread 818-09-2026 00:29:33 [38;5;009m[ERROR]: [0mThis is a error message from thread 2118-09-2026 00:29:33 [38;5;117m[DEBUG]: [0mThis is a debug message from thread 818-09-2026 00:29:33 [38;5;117m[DEBUG]: [0mThis is a debug message from thread 2118-09-2026 00:29:33 [38;5;015m[INFO]: [0mThis is a info message from thread 818-09-2026 00:29:33 [38;5;015m[INFO]: [0mThis is a info message from thread 2118-09-2026 00:29:33 [38;5;009m[ERROR]: [0mThis is a error message from thread 818-09-2026 00:29:33 [38;5;009m[ERROR]: [0mThis is a error message from thread 2118-09-2026 00:29:33 [38;5;117m[DEBUG]: [0mThis is a debug message from thread 818-09-2026 00:29:33 [38;5;117m[DEBUG]: [0mThis is a debug message from thread 2118-09-2026 00:29:33 [38;5;015m[INFO]: [0mThis is a info message from thread 818-09-2026 00:29:33 [38;5;015m[INFO]: [0mThis is a info message from thread 2118-09-2026 00:29:33 [38;5;009m[ERROR]: [0mThis is a error message from thread 818-09-2026 00:29:33 [38;5;009m[ERROR]: [0mThis is a error message from thread 2118-09-2026 00:29:33 [38;5;117m[DEBUG]: [0mThis is a debug message from thread 818-09-2026 00:29:33 [38;5;009m[ERROR]: [0mThis is a error message from thread 1418-09-2026 00:29:33 [38;5;015m[INFO]: [0mThis is a info message from thread 818-09-2026 00:29:33 [38;5;009m[ERROR]: [0mThis is a error message from thread 218-09-2026 00:29:33 [38;5;009m[ERROR]: [0mThis is a error message from thread 818-09-2026 00:29:33 [38;5;117m[DEBUG]: [0mThis is a debug message from thread 2418-09-2026 00:29:33 [38;5;117m[DEBUG]: [0mThis is a debug message from thread 818-09-2026 00:29:33 [38;5;009m[ERROR]: [0mThis is a error message from thread 718-09-2026 00:29:33 [38;5;015m[INFO]: [0mThis is a info message from thread 2418-09-2026 00:29:33 [38;5;015m[INFO]: [0mThis is a info message from thread 918-09-2026 00:29:33 [38;5;009m[ERROR]: [0mThis is a error message from thread 2418-09-2026 00:29:33 [38;5;015m[INFO]: [0mThis is a info message from thread 1918-09-2026 00:29:33 [38;5;009m[ERROR]: [0mThis is a error message from thread 918-09-2026 00:29:33 [38;5;117m[DEBUG]: [0mThis is a debug message from thread 2418-09-2026 00:29:33 [38;5;009m[ERROR]: [0mThis is a error message from thread 1918-09-2026 00:29:33 [38;5;117m[DEBUG]: [0mThis is a debug message from thread 918-09-2026 00:29:33 [38;5;015m[INFO]: [0mThis is a info message from thread 2418-09-2026 00:29:33 [38;5;117m[DEBUG]: [0mThis is a debug message from thread 1918-09-2026 00:29:33 [38;5;015m[INFO]: [0mThis is a info message from thread 918-09-2026 00:29:33 [38;5;009m[ERROR]: [0mThis is a error message from thread 2418-09-2026 00:29:33 [38;5;015m[INFO]: [0mThis is a info message from thread 1918-09-2026 00:29:33 [38;5;009m[ERROR]: [0mThis is a error message from thread 918-09-2026 00:29:33 [38;5;117m[DEBUG]: [0mThis is a debug message from thread 2418-09-2026 00:29:33 [38;5;009m[ERROR]: [0mThis is a error message from thread 1918-09-2026 00:29:33 [38;5;015m[INFO]: [0mThis is a info message from thread 2418-09-2026 00:29:33 [38;5;117m[DEBUG]: [0mThis is a debug message from thread 318-09-2026 00:29:33 [38;5;117m[DEBUG]: [0mThis is a debug message from thread 1318-09-2026 00:29:33 [38;5;009m[ERROR]: [0mThis is a error message from thread 2418-09-2026 00:29:33 [38;5;015m[INFO]: [0mThis is a info message from thread 318-09-2026 00:29:33 [38;5;117m[DEBUG]: [0mThis is a debug message from thread 2418-09-2026 00:29:33 [38;5;015m[INFO]: [0mThis is a info message from thread 2018-09-2026 00:29:33 [38;5;015m[INFO]: [0mThis is a info message from thread 2418-09-2026 00:29:33 [38;5;009m[ERROR]: [0mThis is a error message from thread 2018-09-2026 00:29:33 [38;5;009m[ERROR]: [0mThis is a error message from thread 2418-09-2026 00:29:33 [38;5;117m[DEBUG]: [0mThis is a debug message from thread 2018-09-2026 00:29:33 [38;5;117m[DEBUG]: [0mThis is a debug message from thread 1218-09-2026 00:29:33 [38;5;117m[DEBUG]: [0mThis is a debug message from thread 2418-09-2026 00:29:33 [38;5;015m[INFO]: [0mThis is a info message from thread 1218-09-2026 00:29:33 [38;5;015m[INFO]: [0mThis is a info message from thread 618-09-2026 00:29:33 [38;5;015m[INFO]: [0mThis is a info message from thread 2418-09-2026 00:29:33 [38;5;009m[ERROR]: [0mThis is a error message from thread 1218-09-2026 00:29:33 [38;5;009m[ERROR]: [0mThis is a error message from thread 2418-09-2026 00:29:33 [38;5;117m[DEBUG]: [0mThis is a debug message from thread 1218-09-2026 00:29:33 [38;5;117m[DEBUG]: [0mThis is a debug message from thread 2918-09-2026 00:29:33 [38;5;015m[INFO]: [0mThis is a info message from thread 2918-09-2026 00:29:33 [38;5;015m[INFO]: [0mThis is a info message from thread 1218-09-2026 00:29:33 [38;5;015m[INFO]: [0mThis is a info message from thread 418-09-2026 00:29:33 [38;5;009m[ERROR]: [0mThis is a error message from thread 2918-09-2026 00:29:33 [38;5;009m[ERROR]: [0mThis is a error message from thread 418-09-2026 00:29:33 [38;5;117m[DEBUG]: [0mThis is a debug message from thread 2918-09-2026 00:29:33 [38;5;117m[DEBUG]: [0mThis is a debug message from thread 1518-09-2026 00:29:33 [38;5;117m[DEBUG]: [0mThis is a debug message from thread 418-09-2026 00:29:33 [38;5;015m[INFO]: [0mThis is a info message from thread 418-09-2026 00:29:33 [38;5;015m[INFO]: [0mThis is a info message from thread 2918-09-2026 00:29:33 [38;5;117m[DEBUG]: [0mThis is a debug message from thread 1818-09-2026 00:29:33 [38;5;009m[ERROR]: [0mThis is a error message from thread 418-09-2026 00:29:33 [38;5;009m[ERROR]: [0mThis is a error message from thread 2918-09-2026 00:29:33 [38;5;015m[INFO]: [0mThis is a info message from thread 1818-09-2026 00:29:33 [38;5;009m[ERROR]: [0mThis is a error message from thread 1818-09-2026 00:29:33 [38;5;117m[DEBUG]: [0mThis is a debug message from thread 2918-09-2026 00:29:33 [38;5;015m[INFO]: [0mThis is a info message from thread 2718-09-2026 00:29:33 [38;5;117m[DEBUG]: [0mThis is a debug message from thread 1818-09-2026 00:29:33 [38;5;015m[INFO]: [0mThis is a info message from thread 2918-09-2026 00:29:33 [38;5;009m[ERROR]: [0mThis is a error message from thread 2718-09-2026 00:29:33 [38;5;009m[ERROR]: [0mThis is a error message from thread 2918-09-2026 00:29:33 [38;5;009m[ERROR]: [0mThis is a error message from thread 2618-09-2026 00:29:33 [38;5;117m[DEBUG]: [0mThis is a debug message from thread 2918-09-2026 00:29:33 [38;5;117m[DEBUG]: [0mThis is a debug message from thread 2718-09-2026 00:29:33 [38;5;117m[DEBUG]: [0mThis is a debug message from thread 2218-09-2026 00:29:33 [38;5;015m[INFO]: [0mThis is a info message from thread 2918-09-2026 00:29:33 [38;5;015m[INFO]: [0mThis is a info message from thread 2718-09-2026 00:29:33 [38;5;015m[INFO]: [0mThis is a info message from thread 2218-09-2026 00:29:33 [38;5;009m[ERROR]: [0mThis is a error message from thread 2918-09-2026 00:29:33 [38;5;009m[ERROR]: [0mThis is a error message from thread 2218-09-2026 00:29:33 [38;5;015m[INFO]: [0mThis is a info message from thread 1018-09-2026 00:29:33 [38;5;117m[DEBUG]: [0mThis is a debug message from thread 2918-09-2026 00:29:33 [38;5;117m[DEBUG]: [0mThis is a debug message from thread 218-09-2026 00:29:33 [38;5;015m[INFO]: [0mThis is a info message from thread 2918-09-2026 00:29:33 [38;5;015m[INFO]: [0mThis is a info message from thread 218-09-2026 00:29:33 [38;5;009m[ERROR]: [0mThis is a error message from thread 2918-09-2026 00:29:33 [38;5;009m[ERROR]: [0mThis is a error message from thread 218-09-2026 00:29:33 [38;5;117m[DEBUG]: [0mThis is a debug message from thread 218-09-2026 00:29:33 [38;5;009m[ERROR]: [0mThis is a error message from thread 118-09-2026 00:29:33 [38;5;015m[INFO]: [0mThis is a info message from thread 218-09-2026 00:29:33 [38;5;117m[DEBUG]: [0mThis is a debug message from thread 118-09-2026 00:29:33 [38;5;009m[ERROR]: [0mThis is a error message from thread 218-09-2026 00:29:33 [38;5;015m[INFO]: [0mThis is a info message from thread 118-09-2026 00:29:33 [38;5;117m[DEBUG]: [0mThis is a debug message from thread 218-09-2026 00:29:33 [38;5;009m[ERROR]: [0mThis is a error message from thread 118-09-2026 00:29:33 [38;5;015m[INFO]: [0mThis is a info message from thread 218-09-2026 00:29:33 [38;5;117m[DEBUG]: [0mThis is a debug message from thread 118-09-2026 00:29:33 [38;5;009m[ERROR]: [0mThis is a error message from thread 218-09-2026 00:29:33 [38;5;015m[INFO]: [0mThis is a info message from thread 118-09-2026 00:29:33 [38;5;117m[DEBUG]: [0mThis is a debug message from thread 218-09-2026 00:29:33 [38;5;009m[ERROR]: [0mThis is a error message from thread 118-09-2026 00:29:33 [38;5;015m[INFO]: [0mThis is a info message from thread 218-09-2026 00:29:33 [38;5;117m[DEBUG]: [0mThis is a debug message from thread 118-09-2026 00:29:33 [38;5;015m[INFO]: [0mThis is a info message from thread 818-09-2026 00:29:33 [38;5;015m[INFO]: [0mThis is a info message from thread 118-09-2026 00:29:33 [38;5;009m[ERROR]: [0mThis is a error message from thread 818-09-2026 00:29:33 [38;5;117m[DEBUG]: [0mThis is a debug message from thread 718-09-2026 00:29:33 [38;5;117m[DEBUG]: [0mThis is a debug message from thread 818-09-2026 00:29:33 [38;5;015m[INFO]: [0mThis is a info message from thread 718-09-2026 00:29:33 [38;5;015m[INFO]: [0mThis is a info message from thread 818-09-2026 00:29:33 [38;5;009m[ERROR]: [0mThis is a error message from thread 718-09-2026 00:29:33 [38;5;009m[ERROR]: [0mThis is a error message from thread 818-09-2026 00:29:33 [38;5;117m[DEBUG]: [0mThis is a debug message from thread 718-09-2026 00:29:33 [38;5;117m[DEBUG]: [0mThis is a debug message from thread 818-09-2026 00:29:33 [38;5;015m[INFO]: [0mThis is a info message from thread 718-09-2026 00:29:33 [38;5;015m[INFO]: [0mThis is a info message from thread 818-09-2026 00:29:33 [38;5;009m[ERROR]: [0mThis is a error message from thread 718-09-2026 00:29:33 [38;5;009m[ERROR]: [0mThis is a error message from thread 818-09-2026 00:29:33 [38;5;117m[DEBUG]: [0mThis is a debug message from thread 718-09-2026 00:29:33 [38;5;117m[DEBUG]: [0mThis is a debug message from thread 818-09-2026 00:29:33 [38;5;015m[INFO]: [0mThis is a info message from thread 718-09-2026 00:29:33 [38;5;015m[INFO]: [0mThis is a info message from thread 818-09-2026 00:29:33 [38;5;009m[ERROR]: [0mThis is a error message from thread 718-09-2026 00:29:33 [38;5;009m[ERROR]: [0mThis is a error message from thread 818-09-2026 00:29:33 [38;5;117m[DEBUG]: [0mThis is a debug message from thread 718-09-2026 00:29:33 [38;5;117m[DEBUG]: [0mThis is a debug message from thread 818-09-2026 00:29:33 [38;5;015m[INFO]: [0mThis is a info message from thread 718-09-2026 00:29:33 [38;5;015m[INFO]: [0mThis is a info message from thread 818-09-2026 00:29:33 [38;5;009m[ERROR]: [0mThis is a error message from thread 718-09-2026 00:29:33 [38;5;009m[ERROR]: [0mThis is a error message from thread 818-09-2026 00:29:33 [38;5;117m[DEBUG]: [0mThis is a debug message from thread 718-09-2026 00:29:33 [38;5;117m[DEBUG]: [0mThis is a debug message from thread 818-09-2026 00:29:33 [38;5;015m[INFO]: [0mThis is a info message from thread 718-09-2026 00:29:33 [38;5;009m[ERROR]: [0mThis is a error message from thread 2818-09-2026 00:29:33 [38;5;009m[ERROR]: [0mThis is a error message from thread 718-09-2026 00:29:33 [38;5;117m[DEBUG]: [0mThis is a debug message from thread 2218-09-2026 00:29:33 [38;5;009m[ERROR]: [0mThis is a error message from thread 1018-09-2026 00:29:33 [38;5;117m[DEBUG]: [0mThis is a debug message from thread 2118-09-2026 00:29:33 [38;5;015m[INFO]: [0mThis is a info message from thread 2318-09-2026 00:29:33 [38;5;117m[DEBUG]: [0mThis is a debug message from thread 1418-09-2026 00:29:33 [38;5;015m[INFO]: [0mThis is a info message from thread 818-09-2026 00:29:33 [38;5;015m[INFO]: [0mThis is a info message from thread 1718-09-2026 00:29:33 [38;5;117m[DEBUG]: [0mThis is a debug message from thread 918-09-2026 00:29:33 [38;5;117m[DEBUG]: [0mThis is a debug message from thread 2818-09-2026 00:29:33 [38;5;015m[INFO]: [0mThis is a info message from thread 918-09-2026 00:29:33 [38;5;015m[INFO]: [0mThis is a info message from thread 2818-09-2026 00:29:33 [38;5;009m[ERROR]: [0mThis is a error message from thread 918-09-2026 00:29:33 [38;5;009m[ERROR]: [0mThis is a error message from thread 2818-09-2026 00:29:33 [38;5;117m[DEBUG]: [0mThis is a debug message from thread 918-09-2026 00:29:33 [38;5;117m[DEBUG]: [0mThis is a debug message from thread 2818-09-2026 00:29:33 [38;5;015m[INFO]: [0mThis is a info message from thread 918-09-2026 00:29:33 [38;5;015m[INFO]: [0mThis is a info message from thread 2818-09-2026 00:29:33 [38;5;009m[ERROR]: [0mThis is a error message from thread 918-09-2026 00:29:33 [38;5;009m[ERROR]: [0mThis is a error message from thread 2818-09-2026 00:29:33 [38;5;117m[DEBUG]: [0mThis is a debug message from thread 918-09-2026 00:29:33 [38;5;117m[DEBUG]: [0mThis is a debug message from thread 2818-09-2026 00:29:33 [38;5;015m[INFO]: [0mThis is a info message from thread 918-09-2026 00:29:33 [38;5;015m[INFO]: [0mThis is a info message from thread 2818-09-2026 00:29:33 [38;5;009m[ERROR]: [0mThis is a error message from thread 918-09-2026 00:29:33 [38;5;009m[ERROR]: [0mThis is a error message from thread 2818-09-2026 00:29:33 [38;5;117m[DEBUG]: [0mThis is a debug message from thread 918-09-2026 00:29:33 [38;5;117m[DEBUG]: [0mThis is a debug message from thread 2818-09-2026 00:29:33 [38;5;015m[INFO]: [0mThis is a info message from thread 918-09-2026 00:29:33 [38;5;015m[INFO]: [0mThis is a info message from thread 2818-09-2026 00:29:33 [38;5;009m[ERROR]: [0mThis is a error message from thread 918-09-2026 00:29:33 [38;5;009m[ERROR]: [0mThis is a error message from thread 2818-09-2026 00:29:33 [38;5;117m[DEBUG]: [0mThis is a debug message from thread 918-09-2026 00:29:33 [38;5;117m[DEBUG]: [0mThis is a debug message from thread 2818-09-2026 00:29:33 [38;5;015m[INFO]: [0mThis is a info message from thread 918-09-2026 00:29:33 [38;5;015m[INFO]: [0mThis is a info message from thread 2818-09-2026 00:29:33 [38;5;009m[ERROR]: [0mThis is a error message from thread 918-09-2026 00:29:33 [38;5;009m[ERROR]: [0mThis is a error message from thread 2818-09-2026 00:29:33 [38;5;117m[DEBUG]: [0mThis is a debug message from thread 918-09-2026 00:29:33 [38;5;117m[DEBUG]: [0mThis is a debug message from thread 2818-09-2026 00:29:33 [38;5;015m[INFO]: [0mThis is a info message from thread 918-09-2026 00:29:33 [38;5;015m[INFO]: [0mThis is a info message from thread 2818-09-2026 00:29:33 [38;5;009m[ERROR]: [0mThis is a error message from thread 918-09-2026 00:29:33 [38;5;009m[ERROR]: [0mThis is a error message from thread 2818-09-2026 00:29:33 [38;5;117m[DEBUG]: [0mThis is a debug message from thread 918-09-2026 00:29:33 [38;5;117m[DEBUG]: [0mThis is a debug message from thread 2818-09-2026 00:29:33 [38;5;015m[INFO]: [0mThis is a info message from thread 918-09-2026 00:29:33 [38;5;015m[INFO]: [0mThis is a info message from thread 2818-09-2026 00:29:33 [38;5;009m[ERROR]: [0mThis is a error message from thread 918-09-2026 00:29:33 [38;5;015m[INFO]: [0mThis is a info message from thread 1318-09-2026 00:29:33 [38;5;117m[DEBUG]: [0mThis is a debug message from thread 918-09-2026 00:29:33 [38;5;009m[ERROR]: [0mThis is a error message from thread 1318-09-2026 00:29:33 [38;5;015m[INFO]: [0mThis is a info message from thread 918-09-2026 00:29:33 [38;5;117m[DEBUG]: [0mThis is a debug message from thread 1318-09-2026 00:29:33 [38;5;015m[INFO]: [0mThis is a info message from thread 1318-09-2026 00:29:33 [38;5;009m[ERROR]: [0mThis is a error message from thread 918-09-2026 00:29:33 [38;5;009m[ERROR]: [0mThis is a error message from thread 1318-09-2026 00:29:33 [38;5;117m[DEBUG]: [0mThis is a debug message from thread 918-09-2026 00:29:33 [38;5;117m[DEBUG]: [0mThis is a debug message from thread 1318-09-2026 00:29:33 [38;5;015m[INFO]: [0mThis is a info message from thread 918-09-2026 00:29:33 [38;5;015m[INFO]: [0mThis is a info message from thread 1318-09-2026 00:29:33 [38;5;009m[ERROR]: [0mThis is a error message from thread 918-09-2026 00:29:33 [38;5;009m[ERROR]: [0mThis is a error message from thread 1318-09-2026 00:29:33 [38;5;117m[DEBUG]: [0mThis is a debug message from thread 918-09-2026 00:29:33 [38;5;117m[DEBUG]: [0mThis is a debug message from thread 1318-09-2026 00:29:33 [38;5;015m[INFO]: [0mThis is a info message from thread 918-09-2026 00:29:33 [38;5;009m[ERROR]: [0mThis is a error message from thread 2818-09-2026 00:29:33 [38;5;015m[INFO]: [0mThis is a info message from thread 2518-09-2026 00:29:33 [38;5;117m[DEBUG]: [0mThis is a debug message from thread 1918-09-2026 00:29:33 [38;5;009m[ERROR]: [0mThis is a error message from thread 518-09-2026 00:29:33 [38;5;015m[INFO]: [0mThis is a info message from thread 018-09-2026 00:29:33 [38;5;015m[INFO]: [0mThis is a info message from thread 1318-09-2026 00:29:33 [38;5;009m[ERROR]: [0mThis is a error message from thread 018-09-2026 00:29:33 [38;5;009m[ERROR]: [0mThis is a error message from thread 1318-09-2026 00:29:33 [38;5;117m[DEBUG]: [0mThis is a debug message from thread 018-09-2026 00:29:33 [38;5;117m[DEBUG]: [0mThis is a debug message from thread 1318-09-2026 00:29:33 [38;5;015m[INFO]: [0mThis is a info message from thread 018-09-2026 00:29:33 [38;5;015m[INFO]: [0mThis is a info message from thread 1318-09-2026 00:29:33 [38;5;009m[ERROR]: [0mThis is a error message from thread 018-09-2026 00:29:33 [38;5;009m[ERROR]: [0mThis is a error message from thread 1318-09-2026 00:29:33 [38;5;117m[DEBUG]: [0mThis is a debug message from thread 018-09-2026 00:29:33 [38;5;009m[ERROR]: [0mThis is a error message from thread 918-09-2026 00:29:33 [38;5;117m[DEBUG]: [0mThis is a debug message from thread 1318-09-2026 00:29:33 [38;5;015m[INFO]: [0mThis is a info message from thread 018-09-2026 00:29:33 [38;5;117m[DEBUG]: [0mThis is a debug message from thread 918-09-2026 00:29:33 [38;5;015m[INFO]: [0mThis is a info message from thread 1318-09-2026 00:29:33 [38;5;009m[ERROR]: [0mThis is a error message from thread 018-09-2026 00:29:33 [38;5;015m[INFO]: [0mThis is a info message from thread 918-09-2026 00:29:33 [38;5;009m[ERROR]: [0mThis is a error message from thread 1318-09-2026 00:29:33 [38;5;009m[ERROR]: [0mThis is a error message from thread 918-09-2026 00:29:33 [38;5;117m[DEBUG]: [0mThis is a debug message from thread 718-09-2026 00:29:33 [38;5;117m[DEBUG]: [0mThis is a debug message from thread 1318-09-2026 00:29:33 [38;5;015m[INFO]: [0mThis is a info message from thread 718-09-2026 00:29:33 [38;5;015m[INFO]: [0mThis is a info message from thread 1318-09-2026 00:29:33 [38;5;117m[DEBUG]: [0mThis is a debug message from thread 1118-09-2026 00:29:33 [38;5;009m[ERROR]: [0mThis is a error message from thread 1318-09-2026 00:29:33 [38;5;015m[INFO]: [0mThis is a info message from thread 2018-09-2026 00:29:33 [38;5;117m[DEBUG]: [0mThis is a debug message from thread 1318-09-2026 00:29:33 [38;5;009m[ERROR]: [0mThis is a error message from thread 2018-09-2026 00:29:33 [38;5;009m[ERROR]: [0mThis is a error message from thread 1218-09-2026 00:29:33 [38;5;117m[DEBUG]: [0mThis is a debug message from thread 2018-09-2026 00:29:33 [38;5;015m[INFO]: [0mThis is a info message from thread 1518-09-2026 00:29:33 [38;5;015m[INFO]: [0mThis is a info message from thread 2018-09-2026 00:29:33 [38;5;015m[INFO]: [0mThis is a info message from thread 1618-09-2026 00:29:33 [38;5;009m[ERROR]: [0mThis is a error message from thread 2018-09-2026 00:29:33 [38;5;009m[ERROR]: [0mThis is a error message from thread 1618-09-2026 00:29:33 [38;5;117m[DEBUG]: [0mThis is a debug message from thread 2018-09-2026 00:29:33 [38;5;117m[DEBUG]: [0mThis is a debug message from thread 1618-09-2026 00:29:33 [38;5;015m[INFO]: [0mThis is a info message from thread 2018-09-2026 00:29:33 [38;5;015m[INFO]: [0mThis is a info message from thread 1618-09-2026 00:29:33 [38;5;009m[ERROR]: [0mThis is a error message from thread 2018-09-2026 00:29:33 [38;5;009m[ERROR]: [0mThis is a error message from thread 1618-09-2026 00:29:33 [38;5;015m[INFO]: [0mThis is a info message from thread 1118-09-2026 00:29:33 [38;5;117m[DEBUG]: [0mThis is a debug message from thread 1618-09-2026 00:29:33 [38;5;009m[ERROR]: [0mThis is a error message from thread 1118-09-2026 00:29:33 [38;5;117m[DEBUG]: [0mThis is a debug message from thread 2418-09-2026 00:29:33 [38;5;015m[INFO]: [0mThis is a info message from thread 1318-09-2026 00:29:33 [38;5;117m[DEBUG]: [0mThis is a debug message from thread 1118-09-2026 00:29:33 [38;5;015m[INFO]: [0mThis is a info message from thread 2418-09-2026 00:29:33 [38;5;015m[INFO]: [0mThis is a info message from thread 1118-09-2026 00:29:33 [38;5;117m[DEBUG]: [0mThis is a debug message from thread 418-09-2026 00:29:33 [38;5;009m[ERROR]: [0mThis is a error message from thread 2418-09-2026 00:29:33 [38;5;015m[INFO]: [0mThis is a info message from thread 418-09-2026 00:29:33 [38;5;015m[INFO]: [0mThis is a info message from thread 1818-09-2026 00:29:33 [38;5;009m[ERROR]: [0mThis is a error message from thread 418-09-2026 00:29:33 [38;5;009m[ERROR]: [0mThis is a error message from thread 1818-09-2026 00:29:33 [38;5;117m[DEBUG]: [0mThis is a debug message from thread 418-09-2026 00:29:33 [38;5;117m[DEBUG]: [0mThis is a debug message from thread 1818-09-2026 00:29:33 [38;5;117m[DEBUG]: [0mThis is a debug message from thread 2018-09-2026 00:29:33 [38;5;015m[INFO]: [0mThis is a info message from thread 1818-09-2026 00:29:33 [38;5;015m[INFO]: [0mThis is a info message from thread 2018-09-2026 00:29:33 [38;5;009m[ERROR]: [0mThis is a error message from thread 1818-09-2026 00:29:33 [38;5;009m[ERROR]: [0mThis is a error message from thread 2018-09-2026 00:29:33 [38;5;117m[DEBUG]: [0mThis is a debug message from thread 1818-09-2026 00:29:33 [38;5;117m[DEBUG]: [0mThis is a debug message from thread 2018-09-2026 00:29:33 [38;5;015m[INFO]: [0mThis is a info message from thread 1818-09-2026 00:29:33 [38;5;015m[INFO]: [0mThis is a info message from thread 2018-09-2026 00:29:33 [38;5;009m[ERROR]: [0mThis is a error message from thread 1818-09-2026 00:29:33 [38;5;009m[ERROR]: [0mThis is a error message from thread 2018-09-2026 00:29:33 [38;5;015m[INFO]: [0mThis is a info message from thread 2218-09-2026 00:29:33 [38;5;117m[DEBUG]: [0mThis is a debug message from thread 1018-09-2026 00:29:33 [38;5;009m[ERROR]: [0mThis is a error message from thread 2218-09-2026 00:29:33 [38;5;015m[INFO]: [0mThis is a info message from thread 1018-09-2026 00:29:33 [38;5;117m[DEBUG]: [0mThis is a debug message from thread 1218-09-2026 00:29:33 [38;5;009m[ERROR]: [0mThis is a error message from thread 1018-09-2026 00:29:33 [38;5;015m[INFO]: [0mThis is a info message from thread 1218-09-2026 00:29:33 [38;5;117m[DEBUG]: [0mThis is a debug message from thread 1018-09-2026 00:29:33 [38;5;009m[ERROR]: [0mThis is a error message from thread 1218-09-2026 00:29:33 [38;5;015m[INFO]: [0mThis is a info message from thread 1018-09-2026 00:29:33 [38;5;117m[DEBUG]: [0mThis is a debug message from thread 1218-09-2026 00:29:33 [38;5;015m[INFO]: [0mThis is a info message from thread 1418-09-2026 00:29:33 [38;5;015m[INFO]: [0mThis is a info message from thread 1218-09-2026 00:29:33 [38;5;009m[ERROR]: [0mThis is a error message from thread 218-09-2026 00:29:33 [38;5;009m[ERROR]: [0mThis is a error message from thread 1218-09-2026 00:29:33 [38;5;117m[DEBUG]: [0mThis is a debug message from thread 218-09-2026 00:29:33 [38;5;009m[ERROR]: [0mThis is a error message from thread 118-09-2026 00:29:33 [38;5;015m[INFO]: [0mThis is a info message from thread 218-09-2026 00:29:33 [38;5;117m[DEBUG]: [0mThis is a debug message from thread 118-09-2026 00:29:33 [38;5;009m[ERROR]: [0mThis is a error message from thread 218-09-2026 00:29:33 [38;5;015m[INFO]: [0mThis is a info message from thread 118-09-2026 00:29:33 [38;5;117m[DEBUG]: [0mThis is a debug message from thread 218-09-2026 00:29:33 [38;5;009m[ERROR]: [0mThis is a error message from thread 118-09-2026 00:29:33 [38;5;015m[INFO]: [0mThis is a info message from thread 218-09-2026 00:29:33 [38;5;117m[DEBUG]: [0mThis is a debug message from thread 918-09-2026 00:29:33 [38;5;117m[DEBUG]: [0mThis is a debug message from thread 118-09-2026 00:29:33 [38;5;009m[ERROR]: [0mThis is a error message from thread 318-09-2026 00:29:33 [38;5;015m[INFO]: [0mThis is a info message from thread 918-09-2026 00:29:33 [38;5;015m[INFO]: [0mThis is a info message from thread 118-09-2026 00:29:33 [38;5;117m[DEBUG]: [0mThis is a debug message from thread 318-09-2026 00:29:33 [38;5;009m[ERROR]: [0mThis is a error message from thread 918-09-2026 00:29:33 [38;5;117m[DEBUG]: [0mThis is a debug message from thread 918-09-2026 00:29:33 [38;5;009m[ERROR]: [0mThis is a error message from thread 118-09-2026 00:29:33 [38;5;009m[ERROR]: [0mThis is a error message from thread 1518-09-2026 00:29:33 [38;5;015m[INFO]: [0mThis is a info message from thread 918-09-2026 00:29:33 [38;5;117m[DEBUG]: [0mThis is a debug message from thread 118-09-2026 00:29:33 [38;5;117m[DEBUG]: [0mThis is a debug message from thread 1518-09-2026 00:29:33 [38;5;009m[ERROR]: [0mThis is a error message from thread 918-09-2026 00:29:33 [38;5;009m[ERROR]: [0mThis is a error message from thread 618-09-2026 00:29:33 [38;5;015m[INFO]: [0mThis is a info message from thread 1618-09-2026 00:29:33 [38;5;117m[DEBUG]: [0mThis is a debug message from thread 918-09-2026 00:29:33 [38;5;117m[DEBUG]: [0mThis is a debug message from thread 618-09-2026 00:29:33 [38;5;009m[ERROR]: [0mThis is a error message from thread 1618-09-2026 00:29:33 [38;5;015m[INFO]: [0mThis is a info message from thread 918-09-2026 00:29:33 [38;5;117m[DEBUG]: [0mThis is a debug message from thread 1618-09-2026 00:29:33 [38;5;009m[ERROR]: [0mThis is a error message from thread 918-09-2026 00:29:33 [38;5;015m[INFO]: [0mThis is a info message from thread 1618-09-2026 00:29:33 [38;5;117m[DEBUG]: [0mThis is a debug message from thread 918-09-2026 00:29:33 [38;5;009m[ERROR]: [0mThis is a error message from thread 1618-09-2026 00:29:33 [38;5;015m[INFO]: [0mThis is a info message from thread 918-09-2026 00:29:33 [38;5;117m[DEBUG]: [0mThis is a debug message from thread 1618-09-2026 00:29:33 [38;5;009m[ERROR]: [0mThis is a error message from thread 918-09-2026 00:29:33 [38;5;015m[INFO]: [0mThis is a info message from thread 1618-09-2026 00:29:33 [38;5;009m[ERROR]: [0mThis is a error message from thread 1018-09-2026 00:29:33 [38;5;117m[DEBUG]: [0mThis is a debug message from thread 918-09-2026 00:29:33 [38;5;009m[ERROR]: [0mThis is a error message from thread 1618-09-2026 00:29:33 [38;5;015m[INFO]: [0mThis is a info message from thread 918-09-2026 00:29:33 [38;5;117m[DEBUG]: [0mThis is a debug message from thread 1018-09-2026 00:29:33 [38;5;117m[DEBUG]: [0mThis is a debug message from thread 1618-09-2026 00:29:33 [38;5;009m[ERROR]: [0mThis is a error message from thread 918-09-2026 00:29:33 [38;5;015m[INFO]: [0mThis is a info message from thread 1618-09-2026 00:29:33 [38;5;117m[DEBUG]: [0mThis is a debug message from thread 918-09-2026 00:29:33 [38;5;009m[ERROR]: [0mThis is a error message from thread 1418-09-2026 00:29:33 [38;5;117m[DEBUG]: [0mThis is a debug message from thread 1218-09-2026 00:29:33 [38;5;015m[INFO]: [0mThis is a info message from thread 918-09-2026 00:29:33 [38;5;015m[INFO]: [0mThis is a info message from thread 1218-09-2026 00:29:33 [38;5;009m[ERROR]: [0mThis is a error message from thread 918-09-2026 00:29:33 [38;5;009m[ERROR]: [0mThis is a error message from thread 1218-09-2026 00:29:33 [38;5;009m[ERROR]: [0mThis is a error message from thread 818-09-2026 00:29:33 [38;5;117m[DEBUG]: [0mThis is a debug message from thread 1218-09-2026 00:29:33 [38;5;117m[DEBUG]: [0mThis is a debug message from thread 818-09-2026 00:29:33 [38;5;015m[INFO]: [0mThis is a info message from thread 1218-09-2026 00:29:33 [38;5;015m[INFO]: [0mThis is a info message from thread 818-09-2026 00:29:33 [38;5;009m[ERROR]: [0mThis is a error message from thread 1718-09-2026 00:29:33 [38;5;009m[ERROR]: [0mThis is a error message from thread 818-09-2026 00:29:33 [38;5;117m[DEBUG]: [0mThis is a debug message from thread 1718-09-2026 00:29:33 [38;5;117m[DEBUG]: [0mThis is a debug message from thread 818-09-2026 00:29:33 [38;5;015m[INFO]: [0mThis is a info message from thread 1718-09-2026 00:29:33 [38;5;015m[INFO]: [0mThis is a info message from thread 818-09-2026 00:29:33 [38;5;009m[ERROR]: [0mThis is a error message from thread 1718-09-2026 00:29:33 [38;5;117m[DEBUG]: [0mThis is a debug message from thread 2818-09-2026 00:29:33 [38;5;117m[DEBUG]: [0mThis is a debug message from thread 1718-09-2026 00:29:33 [38;5;015m[INFO]: [0mThis is a info message from thread 2818-09-2026 00:29:33 [38;5;015m[INFO]: [0mThis is a info message from thread 1718-09-2026 00:29:33 [38;5;009m[ERROR]: [0mThis is a error message from thread 2818-09-2026 00:29:33 [38;5;009m[ERROR]: [0mThis is a error message from thread 1718-09-2026 00:29:33 [38;5;117m[DEBUG]: [0mThis is a debug message from thread 2818-09-2026 00:29:33 [38;5;117m[DEBUG]: [0mThis is a debug message from thread 1718-09-2026 00:29:33 [38;5;015m[INFO]: [0mThis is a info message from thread 2818-09-2026 00:29:33 [38;5;015m[INFO]: [0mThis is a info message from thread 1718-09-2026 00:29:33 [38;5;009m[ERROR]: [0mThis is a error message from thread 2818-09-2026 00:29:33 [38;5;009m[ERROR]: [0mThis is a error message from thread 2518-09-2026 00:29:33 [38;5;117m[DEBUG]: [0mThis is a debug message from thread 2818-09-2026 00:29:33 [38;5;117m[DEBUG]: [0mThis is a debug message from thread 2518-09-2026 00:29:33 [38;5;015m[INFO]: [0mThis is a info message from thread 2818-09-2026 00:29:33 [38;5;015m[INFO]: [0mThis is a info message from thread 2518-09-2026 00:29:33 [38;5;009m[ERROR]: [0mThis is a error message from thread 2818-09-2026 00:29:33 [38;5;009m[ERROR]: [0mThis is a error message from thread 2518-09-2026 00:29:33 [38;5;117m[DEBUG]: [0mThis is a debug message from thread 2818-09-2026 00:29:33 [38;5;117m[DEBUG]: [0mThis is a debug message from thread 2518-09-2026 00:29:33 [38;5;015m[INFO]: [0mThis is a info message from thread 2818-09-2026 00:29:33 [38;5;015m[INFO]: [0mThis is a info message from thread 2518-09-2026 00:29:33 [38;5;009m[ERROR]: [0mThis is a error message from thread 2818-09-2026 00:29:33 [38;5;009m[ERROR]: [0mThis is a error message from thread 2518-09-2026 00:29:33 [38;5;117m[DEBUG]: [0mThis is a debug message from thread 2818-09-2026 00:29:33 [38;5;117m[DEBUG]: [0mThis is a debug message from thread 2518-09-2026 00:29:33 [38;5;015m[INFO]: [0mThis is a info message from thread 2818-09-2026 00:29:33 [38;5;015m[INFO]: [0mThis is a info message from thread 2518-09-2026 00:29:33 [38;5;009m[ERROR]: [0mThis is a error message from thread 2818-09-2026 00:29:33 [38;5;009m[ERROR]: [0mThis is a error message from thread 2518-09-2026 00:29:33 [38;5;117m[DEBUG]: [0mThis is a debug message from thread 2818-09-2026 00:29:33 [38;5;117m[DEBUG]: [0mThis is a debug message from thread 2518-09-2026 00:29:33 [38;5;009m[ERROR]: [0mThis is a error message from thread 218-09-2026 00:29:33 [38;5;015m[INFO]: [0mThis is a info message from thread 2518-09-2026 00:29:33 [38;5;117m[DEBUG]: [0mThis is a debug message from thread 218-09-2026 00:29:33 [38;5;009m[ERROR]: [0mThis is a error message from thread 2518-09-2026 00:29:33 [38;5;015m[INFO]: [0mThis is a info message from thread 218-09-2026 00:29:33 [38;5;117m[DEBUG]: [0mThis is a debug message from thread 2518-09-2026 00:29:33 [38;5;009m[ERROR]: [0mThis is a error message from thread 218-09-2026 00:29:33 [38;5;015m[INFO]: [0mThis is a info message from thread 2518-09-2026 00:29:33 [38;5;117m[DEBUG]: [0mThis is a debug message from thread 218-09-2026 00:29:33 [38;5;009m[ERROR]: [0mThis is a error message from thread 2518-09-2026 00:29:33 [38;5;015m[INFO]: [0mThis is a info message from thread 218-09-2026 00:29:33 [38;5;117m[DEBUG]: [0mThis is a debug message from thread 2518-09-2026 00:29:33 [38;5;009m[ERROR]: [0mThis is a error message from thread 218-09-2026 00:29:33 [38;5;015m[INFO]: [0mThis is a info message from thread 2518-09-2026 00:29:33 [38;5;117m[DEBUG]: [0mThis is a debug message from thread 218-09-2026 00:29:33 [38;5;009m[ERROR]: [0mThis is a error message from thread 2518-09-2026 00:29:33 [38;5;015m[INFO]: [0mThis is a info message from thread 218-09-2026 00:29:33 [38;5;117m[DEBUG]: [0mThis is a debug message from thread 2518-09-2026 00:29:33 [38;5;009m[ERROR]: [0mThis is a error message from thread 218-09-2026 00:29:33 [38;5;015m[INFO]: [0mThis is a info message from thread 2518-09-2026 00:29:33 [38;5;117m[DEBUG]: [0mThis is a debug message from thread 218-09-2026 00:29:33 [38;5;009m[ERROR]: [0mThis is a error message from thread 2518-09-2026 00:29:33 [38;5;015m[INFO]: [0mThis is a info message from thread 218-09-2026 00:29:33 [38;5;117m[DEBUG]: [0mThis is a debug message from thread 2518-09-2026 00:29:33 [38;5;009m[ERROR]: [0mThis is a error message from thread 218-09-2026 00:29:33 [38;5;015m[INFO]: [0mThis is a info message from thread 2518-09-2026 00:29:33 [38;5;117m[DEBUG]: [0mThis is a debug message from thread 218-09-2026 00:29:33 [38;5;015m[INFO]: [0mThis is a info message from thread 218-09-2026 00:29:33 [38;5;009m[ERROR]: [0mThis is a error message from thread 218-09-2026 00:29:33 [38;5;015m[INFO]: [0mThis is a info message from thread 118-09-2026 00:29:33 [38;5;117m[DEBUG]: [0mThis is a debug message from thread 218-09-2026 00:29:33 [38;5;009m[ERROR]: [0mThis is a error message from thread 118-09-2026 00:29:33 [38;5;015m[INFO]: [0mThis is a info message from thread 1518-09-2026 00:29:33 [38;5;117m[DEBUG]: [0mThis is a debug message from thread 118-09-2026 00:29:33 [38;5;009m[ERROR]: [0mThis is a error message from thread 1518-09-2026 00:29:33 [38;5;015m[INFO]: [0mThis is a info message from thread 118-09-2026 00:29:33 [38;5;117m[DEBUG]: [0mThis is a debug message from thread 1518-09-2026 00:29:33 [38;5;009m[ERROR]: [0mThis is a error message from thread 118-09-2026 00:29:33 [38;5;015m[INFO]: [0mThis is a info message from thread 1518-09-2026 00:29:33 [38;5;117m[DEBUG]: [0mThis is a debug message from thread 118-09-2026 00:29:33 [38;5;009m[ERROR]: [0mThis is a error message from thread 1518-09-2026 00:29:33 [38;5;015m[INFO]: [0mThis is a info message from thread 118-09-2026 00:29:33 [38;5;117m[DEBUG]: [0mThis is a debug message from thread 1518-09-2026 00:29:33 [38;5;009m[ERROR]: [0mThis is a error message from thread 118-09-2026 00:29:33 [38;5;015m[INFO]: [0mThis is a info message from thread 1518-09-2026 00:29:33 [38;5;117m[DEBUG]: [0mThis is a debug message from thread 118-09-2026 00:29:33 [38;5;009m[ERROR]: [0mThis is a error message from thread 1518-09-2026 00:29:33 [38;5;015m[INFO]: [0mThis is a info message from thread 118-09-2026 00:29:33 [38;5;117m[DEBUG]: [0mThis is a debug message from thread 1518-09-2026 00:29:33 [38;5;009m[ERROR]: [0mThis is a error message from thread 1618-09-2026 00:29:33 [38;5;015m[INFO]: [0mThis is a info message from thread 1018-09-2026 00:29:33 [38;5;015m[INFO]: [0mThis is a info message from thread 2818-09-2026 00:29:33 [38;5;015m[INFO]: [0mThis is a info message from thread 1918-09-2026 00:29:33 [38;5;117m[DEBUG]: [0mThis is a debug message from thread 518-09-2026 00:29:33 [38;5;117m[DEBUG]: [0mThis is a debug message from thread 018-09-2026 00:29:33 [38;5;015m[INFO]: [0mThis is a info message from thread 2118-09-2026 00:29:33 [38;5;009m[ERROR]: [0mThis is a error message from thread 2318-09-2026 00:29:33 [38;5;009m[ERROR]: [0mThis is a error message from thread 118-09-2026 00:29:33 [38;5;009m[ERROR]: [0mThis is a error message from thread 2118-09-2026 00:29:33 [38;5;117m[DEBUG]: [0mThis is a debug message from thread 2318-09-2026 00:29:33 [38;5;117m[DEBUG]: [0mThis is a debug message from thread 2918-09-2026 00:29:33 [38;5;117m[DEBUG]: [0mThis is a debug message from thread 2118-09-2026 00:29:33 [38;5;015m[INFO]: [0mThis is a info message from thread 2318-09-2026 00:29:33 [38;5;015m[INFO]: [0mThis is a info message from thread 2918-09-2026 00:29:33 [38;5;009m[ERROR]: [0mThis is a error message from thread 2318-09-2026 00:29:33 [38;5;009m[ERROR]: [0mThis is a error message from thread 2918-09-2026 00:29:33 [38;5;117m[DEBUG]: [0mThis is a debug message from thread 2318-09-2026 00:29:33 [38;5;117m[DEBUG]: [0mThis is a debug message from thread 2918-09-2026 00:29:33 [38;5;015m[INFO]: [0mThis is a info message from thread 2318-09-2026 00:29:33 [38;5;117m[DEBUG]: [0mThis is a debug message from thread 2018-09-2026 00:29:33 [38;5;015m[INFO]: [0mThis is a info message from thread 2018-09-2026 00:29:33 [38;5;009m[ERROR]: [0mThis is a error message from thread 2018-09-2026 00:29:33 [38;5;117m[DEBUG]: [0mThis is a debug message from thread 2018-09-2026 00:29:33 [38;5;015m[INFO]: [0mThis is a info message from thread 2018-09-2026 00:29:33 [38;5;009m[ERROR]: [0mThis is a error message from thread 2018-09-2026 00:29:33 [38;5;117m[DEBUG]: [0mThis is a debug message from thread 2018-09-2026 00:29:33 [38;5;015m[INFO]: [0mThis is a info message from thread 2018-09-2026 00:29:33 [38;5;009m[ERROR]: [0mThis is a error message from thread 1718-09-2026 00:29:33 [38;5;009m[ERROR]: [0mThis is a error message from thread 2018-09-2026 00:29:33 [38;5;117m[DEBUG]: [0mThis is a debug message from thread 1718-09-2026 00:29:33 [38;5;117m[DEBUG]: [0mThis is a debug message from thread 2018-09-2026 00:29:33 [38;5;015m[INFO]: [0mThis is a info message from thread 1718-09-2026 00:29:33 [38;5;015m[INFO]: [0mThis is a info message from thread 2018-09-2026 00:29:33 [38;5;009m[ERROR]: [0mThis is a error message from thread 1018-09-2026 00:29:33 [38;5;009m[ERROR]: [0mThis is a error message from thread 1718-09-2026 00:29:33 [38;5;009m[ERROR]: [0mThis is a error message from thread 2018-09-2026 00:29:33 [38;5;117m[DEBUG]: [0mThis is a debug message from thread 1018-09-2026 00:29:33 [38;5;117m[DEBUG]: [0mThis is a debug message from thread 1718-09-2026 00:29:33 [38;5;015m[INFO]: [0mThis is a info message from thread 1018-09-2026 00:29:33 [38;5;009m[ERROR]: [0mThis is a error message from thread 2818-09-2026 00:29:33 [38;5;009m[ERROR]: [0mThis is a error message from thread 1918-09-2026 00:29:33 [38;5;117m[DEBUG]: [0mThis is a debug message from thread 2818-09-2026 00:29:33 [38;5;015m[INFO]: [0mThis is a info message from thread 518-09-2026 00:29:33 [38;5;117m[DEBUG]: [0mThis is a debug message from thread 1918-09-2026 00:29:33 [38;5;015m[INFO]: [0mThis is a info message from thread 2818-09-2026 00:29:33 [38;5;009m[ERROR]: [0mThis is a error message from thread 518-09-2026 00:29:33 [38;5;015m[INFO]: [0mThis is a info message from thread 1918-09-2026 00:29:33 [38;5;009m[ERROR]: [0mThis is a error message from thread 2818-09-2026 00:29:33 [38;5;117m[DEBUG]: [0mThis is a debug message from thread 518-09-2026 00:29:33 [38;5;009m[ERROR]: [0mThis is a error message from thread 1918-09-2026 00:29:33 [38;5;117m[DEBUG]: [0mThis is a debug message from thread 2818-09-2026 00:29:33 [38;5;015m[INFO]: [0mThis is a info message from thread 518-09-2026 00:29:33 [38;5;015m[INFO]: [0mThis is a info message from thread 018-09-2026 00:29:33 [38;5;009m[ERROR]: [0mThis is a error message from thread 518-09-2026 00:29:33 [38;5;015m[INFO]: [0mThis is a info message from thread 218-09-2026 00:29:33 [38;5;117m[DEBUG]: [0mThis is a debug message from thread 518-09-2026 00:29:33 [38;5;009m[ERROR]: [0mThis is a error message from thread 218-09-2026 00:29:33 [38;5;015m[INFO]: [0mThis is a info message from thread 518-09-2026 00:29:33 [38;5;117m[DEBUG]: [0mThis is a debug message from thread 118-09-2026 00:29:33 [38;5;009m[ERROR]: [0mThis is a error message from thread 518-09-2026 00:29:33 [38;5;015m[INFO]: [0mThis is a info message from thread 118-09-2026 00:29:33 [38;5;117m[DEBUG]: [0mThis is a debug message from thread 518-09-2026 00:29:33 [38;5;009m[ERROR]: [0mThis is a error message from thread 118-09-2026 00:29:33 [38;5;015m[INFO]: [0mThis is a info message from thread 518-09-2026 00:29:33 [38;5;117m[DEBUG]: [0mThis is a debug message from thread 118-09-2026 00:29:33 [38;5;009m[ERROR]: [0mThis is a error message from thread 518-09-2026 00:29:33 [38;5;015m[INFO]: [0mThis is a info message from thread 118-09-2026 00:29:33 [38;5;117m[DEBUG]: [0mThis is a debug message from thread 518-09-2026 00:29:33 [38;5;009m[ERROR]: [0mThis is a error message from thread 118-09-2026 00:29:33 [38;5;015m[INFO]: [0mThis is a info message from thread 518-09-2026 00:29:33 [38;5;117m[DEBUG]: [0mThis is a debug message from thread 118-09-2026 00:29:33 [38;5;009m[ERROR]: [0mThis is a error message from thread 518-09-2026 00:29:33 [38;5;015m[INFO]: [0mThis is a info message from thread 118-09-2026 00:29:33 [38;5;117m[DEBUG]: [0mThis is a debug message from thread 518-09-2026 00:29:33 [38;5;009m[ERROR]: [0mThis is a error message from thread 118-09-2026 00:29:33 [38;5;015m[INFO]: [0mThis is a info message from thread 518-09-2026 00:29:33 [38;5;117m[DEBUG]: [0mThis is a debug message from thread 118-09-2026 00:29:33 [38;5;009m[ERROR]: [0mThis is a error message from thread 518-09-2026 00:29:33 [38;5;015m[INFO]: [0mThis is a info message from thread 118-09-2026 00:29:33 [38;5;117m[DEBUG]: [0mThis is a debug message from thread 518-09-2026 00:29:33 [38;5;009m[ERROR]: [0mThis is a error message from thread 118-09-2026 00:29:33 [38;5;015m[INFO]: [0mThis is a info message from thread 518-09-2026 00:29:33 [38;5;117m[DEBUG]: [0mThis is a debug message from thread 118-09-2026 00:29:33 [38;5;009m[ERROR]: [0mThis is a error message from thread 518-09-2026 00:29:33 [38;5;015m[INFO]: [0mThis is a info message from thread 118-09-2026 00:29:33 [38;5;117m[DEBUG]: [0mThis is a debug message from thread 518-09-2026 00:29:33 [38;5;009m[ERROR]: [0mThis is a error message from thread 118-09-2026 00:29:33 [38;5;015m[INFO]: [0mThis is a info message from thread 518-09-2026 00:29:33 [38;5;117m[DEBUG]: [0mThis is a debug message from thread 118-09-2026 00:29:33 [38;5;009m[ERROR]: [0mThis is a error message from thread 518-09-2026 00:29:33 [38;5;015m[INFO]: [0mThis is a info message from thread 118-09-2026 00:29:33 [38;5;117m[DEBUG]: [0mThis is a debug message from thread 518-09-2026 00:29:33 [38;5;009m[ERROR]: [0mThis is a error message from thread 118-09-2026 00:29:33 [38;5;015m[INFO]: [0mThis is a info message from thread 518-09-2026 00:29:33 [38;5;117m[DEBUG]: [0mThis is a debug message from thread 118-09-2026 00:29:33 [38;5;009m[ERROR]: [0mThis is a error message from thread 518-09-2026 00:29:33 [38;5;015m[INFO]: [0mThis is a info message from thread 118-09-2026 00:29:33 [38;5;117m[DEBUG]: [0mThis is a debug message from thread 518-09-2026 00:29:33 [38;5;009m[ERROR]: [0mThis is a error message from thread 118-09-2026 00:29:33 [38;5;015m[INFO]: [0mThis is a info message from thread 518-09-2026 00:29:33 [38;5;117m[DEBUG]: [0mThis is a debug message from thread 118-09-2026 00:29:33 [38;5;009m[ERROR]: [0mThis is a error message from thread 518-09-2026 00:29:33 [38;5;015m[INFO]: [0mThis is a info message from thread 118-09-2026 00:29:33 [38;5;009m[ERROR]: [0mThis is a error message from thread 718-09-2026 00:29:33 [38;5;009m[ERROR]: [0mThis is a error message from thread 118-09-2026 00:29:33 [38;5;015m[INFO]: [0mThis is a info message from thread 618-09-2026 00:29:33 [38;5;117m[DEBUG]: [0mThis is a debug message from thread 118-09-2026 00:29:33 [38;5;009m[ERROR]: [0mThis is a error message from thread 618-09-2026 00:29:33 [38;5;015m[INFO]: [0mThis is a info message from thread 118-09-2026 00:29:33 [38;5;117m[DEBUG]: [0mThis is a debug message from thread 618-09-2026 00:29:33 [38;5;009m[ERROR]: [0mThis is a error message from thread 118-09-2026 00:29:33 [38;5;117m[DEBUG]: [0mThis is a debug message from thread 1918-09-2026 00:29:33 [38;5;009m[ERROR]: [0mThis is a error message from thread 2518-09-2026 00:29:33 [38;5;015m[INFO]: [0mThis is a info message from thread 318-09-2026 00:29:33 [38;5;117m[DEBUG]: [0mThis is a debug message from thread 518-09-2026 00:29:33 [38;5;015m[INFO]: [0mThis is a info message from thread 2118-09-2026 00:29:33 [38;5;015m[INFO]: [0mThis is a info message from thread 2918-09-2026 00:29:33 [38;5;015m[INFO]: [0mThis is a info message from thread 1518-09-2026 00:29:33 [38;5;015m[INFO]: [0mThis is a info message from thread 618-09-2026 00:29:33 [38;5;117m[DEBUG]: [0mThis is a debug message from thread 118-09-2026 00:29:33 [38;5;015m[INFO]: [0mThis is a info message from thread 118-09-2026 00:29:33 [38;5;009m[ERROR]: [0mThis is a error message from thread 118-09-2026 00:29:33 [38;5;117m[DEBUG]: [0mThis is a debug message from thread 118-09-2026 00:29:33 [38;5;117m[DEBUG]: [0mThis is a debug message from thread 2418-09-2026 00:29:33 [38;5;015m[INFO]: [0mThis is a info message from thread 118-09-2026 00:29:33 [38;5;015m[INFO]: [0mThis is a info message from thread 2418-09-2026 00:29:33 [38;5;009m[ERROR]: [0mThis is a error message from thread 118-09-2026 00:29:33 [38;5;009m[ERROR]: [0mThis is a error message from thread 2418-09-2026 00:29:33 [38;5;117m[DEBUG]: [0mThis is a debug message from thread 2618-09-2026 00:29:33 [38;5;117m[DEBUG]: [0mThis is a debug message from thread 2418-09-2026 00:29:33 [38;5;015m[INFO]: [0mThis is a info message from thread 418-09-2026 00:29:33 [38;5;015m[INFO]: [0mThis is a info message from thread 2418-09-2026 00:29:33 [38;5;117m[DEBUG]: [0mThis is a debug message from thread 1818-09-2026 00:29:33 [38;5;009m[ERROR]: [0mThis is a error message from thread 418-09-2026 00:29:33 [38;5;015m[INFO]: [0mThis is a info message from thread 1818-09-2026 00:29:33 [38;5;117m[DEBUG]: [0mThis is a debug message from thread 418-09-2026 00:29:33 [38;5;009m[ERROR]: [0mThis is a error message from thread 1818-09-2026 00:29:33 [38;5;009m[ERROR]: [0mThis is a error message from thread 2318-09-2026 00:29:33 [38;5;015m[INFO]: [0mThis is a info message from thread 418-09-2026 00:29:33 [38;5;117m[DEBUG]: [0mThis is a debug message from thread 1818-09-2026 00:29:33 [38;5;009m[ERROR]: [0mThis is a error message from thread 418-09-2026 00:29:33 [38;5;015m[INFO]: [0mThis is a info message from thread 1818-09-2026 00:29:33 [38;5;117m[DEBUG]: [0mThis is a debug message from thread 418-09-2026 00:29:33 [38;5;009m[ERROR]: [0mThis is a error message from thread 1818-09-2026 00:29:33 [38;5;015m[INFO]: [0mThis is a info message from thread 418-09-2026 00:29:33 [38;5;117m[DEBUG]: [0mThis is a debug message from thread 1818-09-2026 00:29:33 [38;5;009m[ERROR]: [0mThis is a error message from thread 418-09-2026 00:29:33 [38;5;015m[INFO]: [0mThis is a info message from thread 1818-09-2026 00:29:33 [38;5;117m[DEBUG]: [0mThis is a debug message from thread 418-09-2026 00:29:33 [38;5;009m[ERROR]: [0mThis is a error message from thread 1818-09-2026 00:29:33 [38;5;015m[INFO]: [0mThis is a info message from thread 418-09-2026 00:29:33 [38;5;117m[DEBUG]: [0mThis is a debug message from thread 1818-09-2026 00:29:33 [38;5;009m[ERROR]: [0mThis is a error message from thread 418-09-2026 00:29:33 [38;5;117m[DEBUG]: [0mThis is a debug message from thread 1618-09-2026 00:29:33 [38;5;015m[INFO]: [0mThis is a info message from thread 1618-09-2026 00:29:33 [38;5;117m[DEBUG]: [0mThis is a debug message from thread 418-09-2026 00:29:33 [38;5;009m[ERROR]: [0mThis is a error message from thread 1618-09-2026 00:29:33 [38;5;015m[INFO]: [0mThis is a info message from thread 418-09-2026 00:29:33 [38;5;117m[DEBUG]: [0mThis is a debug message from thread 1618-09-2026 00:29:33 [38;5;009m[ERROR]: [0mThis is a error message from thread 418-09-2026 00:29:33 [38;5;015m[INFO]: [0mThis is a info message from thread 1618-09-2026 00:29:33 [38;5;117m[DEBUG]: [0mThis is a debug message from thread 418-09-2026 00:29:33 [38;5;009m[ERROR]: [0mThis is a error message from thread 1618-09-2026 00:29:33 [38;5;015m[INFO]: [0mThis is a info message from thread 418-09-2026 00:29:33 [38;5;117m[DEBUG]: [0mThis is a debug message from thread 1618-09-2026 00:29:33 [38;5;009m[ERROR]: [0mThis is a error message from thread 418-09-2026 00:29:33 [38;5;015m[INFO]: [0mThis is a info message from thread 1618-09-2026 00:29:33 [38;5;117m[DEBUG]: [0mThis is a debug message from thread 418-09-2026 00:29:33 [38;5;009m[ERROR]: [0mThis is a error message from thread 1618-09-2026 00:29:33 [38;5;015m[INFO]: [0mThis is a info message from thread 418-09-2026 00:29:33 [38;5;117m[DEBUG]: [0mThis is a debug message from thread 1618-09-2026 00:29:33 [38;5;009m[ERROR]: [0mThis is a error message from thread 418-09-2026 00:29:33 [38;5;015m[INFO]: [0mThis is a info message from thread 1618-09-2026 00:29:33 [38;5;117m[DEBUG]: [0mThis is a debug message from thread 418-09-2026 00:29:33 [38;5;009m[ERROR]: [0mThis is a error message from thread 1618-09-2026 00:29:33 [38;5;015m[INFO]: [0mThis is a info message from thread 418-09-2026 00:29:33 [38;5;117m[DEBUG]: [0mThis is a debug message from thread 1618-09-2026 00:29:33 [38;5;009m[ERROR]: [0mThis is a error message from thread 418-09-2026 00:29:33 [38;5;015m[INFO]: [0mThis is a info message from thread 1618-09-2026 00:29:33 [38;5;117m[DEBUG]: [0mThis is a debug message from thread 418-09-2026 00:29:33 [38;5;009m[ERROR]: [0mThis is a error message from thread 1618-09-2026 00:29:33 [38;5;015m[INFO]: [0mThis is a info message from thread 418-09-2026 00:29:33 [38;5;117m[DEBUG]: [0mThis is a debug message from thread 1618-09-2026 00:29:33 [38;5;009m[ERROR]: [0mThis is a error message from thread 418-09-2026 00:29:33 [38;5;015m[INFO]: [0mThis is a info message from thread 1618-09-2026 00:29:33 [38;5;117m[DEBUG]: [0mThis is a debug message from thread 418-09-2026 00:29:33 [38;5;009m[ERROR]: [0mThis is a error message from thread 1618-09-2026 00:29:33 [38;5;015m[INFO]: [0mThis is a info message from thread 418-09-2026 00:29:33 [38;5;117m[DEBUG]: [0mThis is a debug message from thread 1618-09-2026 00:29:33 [38;5;009m[ERROR]: [0mThis is a error message from thread 418-09-2026 00:29:33 [38;5;015m[INFO]: [0mThis is a info message from thread 1618-09-2026 00:29:33 [38;5;117m[DEBUG]: [0mThis is a debug message from thread 418-09-2026 00:29:33 [38;5;009m[ERROR]: [0mThis is a error message from thread 1618-09-2026 00:29:33 [38;5;015m[INFO]: [0mThis is a info message from thread 418-09-2026 00:29:33 [38;5;117m[DEBUG]: [0mThis is a debug message from thread 1618-09-2026 00:29:33 [38;5;009m[ERROR]: [0mThis is a error message from thread 418-09-2026 00:29:33 [38;5;015m[INFO]: [0mThis is a info message from thread 1618-09-2026 00:29:33 [38;5;117m[DEBUG]: [0mThis is a debug message from thread 418-09-2026 00:29:33 [38;5;009m[ERROR]: [0mThis is a error message from thread 1618-09-2026 00:29:33 [38;5;015m[INFO]: [0mThis is a info message from thread 418-09-2026 00:29:33 [38;5;117m[DEBUG]: [0mThis is a debug message from thread 1618-09-2026 00:29:33 [38;5;009m[ERROR]: [0mThis is a error message from thread 418-09-2026 00:29:33 [38;5;015m[INFO]: [0mThis is a info message from thread 1618-09-2026 00:29:33 [38;5;117m[DEBUG]: [0mThis is a debug message from thread 418-09-2026 00:29:33 [38;5;117m[DEBUG]: [0mThis is a debug message from thread 918-09-2026 00:29:33 [38;5;015m[INFO]: [0mThis is a info message from thread 418-09-2026 00:29:33 [38;5;117m[DEBUG]: [0mThis is a debug message from thread 2018-09-2026 00:29:33 [38;5;009m[ERROR]: [0mThis is a error message from thread 418-09-2026 00:29:33 [38;5;009m[ERROR]: [0mThis is a error message from thread 1018-09-2026 00:29:33 [38;5;015m[INFO]: [0mThis is a info message from thread 2018-09-2026 00:29:33 [38;5;117m[DEBUG]: [0mThis is a debug message from thread 418-09-2026 00:29:33 [38;5;117m[DEBUG]: [0mThis is a debug message from thread 1018-09-2026 00:29:33 [38;5;015m[INFO]: [0mThis is a info message from thread 1918-09-2026 00:29:33 [38;5;015m[INFO]: [0mThis is a info message from thread 1018-09-2026 00:29:33 [38;5;015m[INFO]: [0mThis is a info message from thread 2818-09-2026 00:29:33 [38;5;009m[ERROR]: [0mThis is a error message from thread 1918-09-2026 00:29:33 [38;5;009m[ERROR]: [0mThis is a error message from thread 1018-09-2026 00:29:33 [38;5;009m[ERROR]: [0mThis is a error message from thread 2818-09-2026 00:29:33 [38;5;117m[DEBUG]: [0mThis is a debug message from thread 1918-09-2026 00:29:33 [38;5;117m[DEBUG]: [0mThis is a debug message from thread 1018-09-2026 00:29:33 [38;5;117m[DEBUG]: [0mThis is a debug message from thread 2818-09-2026 00:29:33 [38;5;015m[INFO]: [0mThis is a info message from thread 1018-09-2026 00:29:33 [38;5;009m[ERROR]: [0mThis is a error message from thread 318-09-2026 00:29:33 [38;5;015m[INFO]: [0mThis is a info message from thread 2818-09-2026 00:29:33 [38;5;009m[ERROR]: [0mThis is a error message from thread 1018-09-2026 00:29:33 [38;5;009m[ERROR]: [0mThis is a error message from thread 2818-09-2026 00:29:33 [38;5;009m[ERROR]: [0mThis is a error message from thread 018-09-2026 00:29:33 [38;5;117m[DEBUG]: [0mThis is a debug message from thread 1018-09-2026 00:29:33 [38;5;117m[DEBUG]: [0mThis is a debug message from thread 2818-09-2026 00:29:33 [38;5;015m[INFO]: [0mThis is a info message from thread 1018-09-2026 00:29:33 [38;5;015m[INFO]: [0mThis is a info message from thread 2818-09-2026 00:29:33 [38;5;009m[ERROR]: [0mThis is a error message from thread 1018-09-2026 00:29:33 [38;5;015m[INFO]: [0mThis is a info message from thread 518-09-2026 00:29:33 [38;5;009m[ERROR]: [0mThis is a error message from thread 2818-09-2026 00:29:33 [38;5;117m[DEBUG]: [0mThis is a debug message from thread 1018-09-2026 00:29:33 [38;5;009m[ERROR]: [0mThis is a error message from thread 518-09-2026 00:29:33 [38;5;117m[DEBUG]: [0mThis is a debug message from thread 2818-09-2026 00:29:33 [38;5;015m[INFO]: [0mThis is a info message from thread 1018-09-2026 00:29:33 [38;5;117m[DEBUG]: [0mThis is a debug message from thread 518-09-2026 00:29:33 [38;5;009m[ERROR]: [0mThis is a error message from thread 1018-09-2026 00:29:33 [38;5;009m[ERROR]: [0mThis is a error message from thread 2118-09-2026 00:29:33 [38;5;015m[INFO]: [0mThis is a info message from thread 518-09-2026 00:29:33 [38;5;117m[DEBUG]: [0mThis is a debug message from thread 1018-09-2026 00:29:33 [38;5;117m[DEBUG]: [0mThis is a debug message from thread 2118-09-2026 00:29:33 [38;5;009m[ERROR]: [0mThis is a error message from thread 518-09-2026 00:29:33 [38;5;015m[INFO]: [0mThis is a info message from thread 2118-09-2026 00:29:33 [38;5;009m[ERROR]: [0mThis is a error message from thread 2918-09-2026 00:29:33 [38;5;117m[DEBUG]: [0mThis is a debug message from thread 518-09-2026 00:29:33 [38;5;009m[ERROR]: [0mThis is a error message from thread 618-09-2026 00:29:33 [38;5;015m[INFO]: [0mThis is a info message from thread 518-09-2026 00:29:33 [38;5;009m[ERROR]: [0mThis is a error message from thread 1318-09-2026 00:29:33 [38;5;117m[DEBUG]: [0mThis is a debug message from thread 618-09-2026 00:29:33 [38;5;009m[ERROR]: [0mThis is a error message from thread 518-09-2026 00:29:33 [38;5;015m[INFO]: [0mThis is a info message from thread 618-09-2026 00:29:33 [38;5;009m[ERROR]: [0mThis is a error message from thread 1118-09-2026 00:29:33 [38;5;117m[DEBUG]: [0mThis is a debug message from thread 2318-09-2026 00:29:33 [38;5;015m[INFO]: [0mThis is a info message from thread 1818-09-2026 00:29:33 [38;5;117m[DEBUG]: [0mThis is a debug message from thread 1118-09-2026 00:29:33 [38;5;015m[INFO]: [0mThis is a info message from thread 2318-09-2026 00:29:33 [38;5;009m[ERROR]: [0mThis is a error message from thread 1818-09-2026 00:29:33 [38;5;015m[INFO]: [0mThis is a info message from thread 1118-09-2026 00:29:33 [38;5;117m[DEBUG]: [0mThis is a debug message from thread 1818-09-2026 00:29:33 [38;5;009m[ERROR]: [0mThis is a error message from thread 2318-09-2026 00:29:33 [38;5;009m[ERROR]: [0mThis is a error message from thread 1118-09-2026 00:29:33 [38;5;015m[INFO]: [0mThis is a info message from thread 1818-09-2026 00:29:33 [38;5;117m[DEBUG]: [0mThis is a debug message from thread 2318-09-2026 00:29:33 [38;5;117m[DEBUG]: [0mThis is a debug message from thread 1118-09-2026 00:29:33 [38;5;009m[ERROR]: [0mThis is a error message from thread 1818-09-2026 00:29:33 [38;5;015m[INFO]: [0mThis is a info message from thread 1118-09-2026 00:29:33 [38;5;009m[ERROR]: [0mThis is a error message from thread 1618-09-2026 00:29:33 [38;5;117m[DEBUG]: [0mThis is a debug message from thread 1818-09-2026 00:29:33 [38;5;009m[ERROR]: [0mThis is a error message from thread 1118-09-2026 00:29:33 [38;5;117m[DEBUG]: [0mThis is a debug message from thread 1618-09-2026 00:29:33 [38;5;117m[DEBUG]: [0mThis is a debug message from thread 1418-09-2026 00:29:33 [38;5;117m[DEBUG]: [0mThis is a debug message from thread 1118-09-2026 00:29:33 [38;5;015m[INFO]: [0mThis is a info message from thread 1618-09-2026 00:29:33 [38;5;015m[INFO]: [0mThis is a info message from thread 1418-09-2026 00:29:33 [38;5;009m[ERROR]: [0mThis is a error message from thread 1618-09-2026 00:29:33 [38;5;009m[ERROR]: [0mThis is a error message from thread 1418-09-2026 00:29:33 [38;5;015m[INFO]: [0mThis is a info message from thread 918-09-2026 00:29:33 [38;5;117m[DEBUG]: [0mThis is a debug message from thread 1418-09-2026 00:29:33 [38;5;009m[ERROR]: [0mThis is a error message from thread 918-09-2026 00:29:33 [38;5;015m[INFO]: [0mThis is a info message from thread 1418-09-2026 00:29:33 [38;5;117m[DEBUG]: [0mThis is a debug message from thread 918-09-2026 00:29:33 [38;5;009m[ERROR]: [0mThis is a error message from thread 1418-09-2026 00:29:33 [38;5;015m[INFO]: [0mThis is a info message from thread 918-09-2026 00:29:33 [38;5;117m[DEBUG]: [0mThis is a debug message from thread 1418-09-2026 00:29:33 [38;5;009m[ERROR]: [0mThis is a error message from thread 918-09-2026 00:29:33 [38;5;015m[INFO]: [0mThis is a info message from thread 1418-09-2026 00:29:33 [38;5;117m[DEBUG]: [0mThis is a debug message from thread 918-09-2026 00:29:33 [38;5;009m[ERROR]: [0mThis is a error message from thread 1418-09-2026 00:29:33 [38;5;015m[INFO]: [0mThis is a info message from thread 918-09-2026 00:29:33 [38;5;117m[DEBUG]: [0mThis is a debug message from thread 1418-09-2026 00:29:33 [38;5;009m[ERROR]: [0mThis is a error message from thread 918-09-2026 00:29:33 [38;5;015m[INFO]: [0mThis is a info message from thread 1418-09-2026 00:29:33 [38;5;117m[DEBUG]: [0mThis is a debug message from thread 918-09-2026 00:29:33 [38;5;009m[ERROR]: [0mThis is a error message from thread 1218-09-2026 00:29:33 [38;5;015m[INFO]: [0mThis is a info message from thread 918-09-2026 00:29:33 [38;5;117m[DEBUG]: [0mThis is a debug message from thread 1218-09-2026 00:29:33 [38;5;009m[ERROR]: [0mThis is a error message from thread 918-09-2026 00:29:33 [38;5;015m[INFO]: [0mThis is a info message from thread 1218-09-2026 00:29:33 [38;5;117m[DEBUG]: [0mThis is a debug message from thread 918-09-2026 00:29:33 [38;5;009m[ERROR]: [0mThis is a error message from thread 1218-09-2026 00:29:33 [38;5;015m[INFO]: [0mThis is a info message from thread 918-09-2026 00:29:33 [38;5;117m[DEBUG]: [0mThis is a debug message from thread 1218-09-2026 00:29:33 [38;5;009m[ERROR]: [0mThis is a error message from thread 2018-09-2026 00:29:33 [38;5;015m[INFO]: [0mThis is a info message from thread 1218-09-2026 00:29:33 [38;5;015m[INFO]: [0mThis is a info message from thread 418-09-2026 00:29:33 [38;5;009m[ERROR]: [0mThis is a error message from thread 1218-09-2026 00:29:33 [38;5;009m[ERROR]: [0mThis is a error message from thread 418-09-2026 00:29:33 [38;5;117m[DEBUG]: [0mThis is a debug message from thread 1218-09-2026 00:29:33 [38;5;117m[DEBUG]: [0mThis is a debug message from thread 418-09-2026 00:29:33 [38;5;015m[INFO]: [0mThis is a info message from thread 1218-09-2026 00:29:33 [38;5;015m[INFO]: [0mThis is a info message from thread 418-09-2026 00:29:33 [38;5;009m[ERROR]: [0mThis is a error message from thread 1218-09-2026 00:29:33 [38;5;009m[ERROR]: [0mThis is a error message from thread 418-09-2026 00:29:33 [38;5;117m[DEBUG]: [0mThis is a debug message from thread 1218-09-2026 00:29:33 [38;5;117m[DEBUG]: [0mThis is a debug message from thread 418-09-2026 00:29:33 [38;5;015m[INFO]: [0mThis is a info message from thread 1218-09-2026 00:29:33 [38;5;015m[INFO]: [0mThis is a info message from thread 418-09-2026 00:29:33 [38;5;009m[ERROR]: [0mThis is a error message from thread 1218-09-2026 00:29:33 [38;5;009m[ERROR]: [0mThis is a error message from thread 418-09-2026 00:29:33 [38;5;117m[DEBUG]: [0mThis is a debug message from thread 1218-09-2026 00:29:33 [38;5;117m[DEBUG]: [0mThis is a debug message from thread 418-09-2026 00:29:33 [38;5;015m[INFO]: [0mThis is a info message from thread 1218-09-2026 00:29:33 [38;5;015m[INFO]: [0mThis is a info message from thread 418-09-2026 00:29:33 [38;5;009m[ERROR]: [0mThis is a error message from thread 1218-09-2026 00:29:33 [38;5;009m[ERROR]: [0mThis is a error message from thread 418-09-2026 00:29:33 [38;5;117m[DEBUG]: [0mThis is a debug message from thread 1218-09-2026 00:29:33 [38;5;117m[DEBUG]: [0mThis is a debug message from thread 418-09-2026 00:29:33 [38;5;015m[INFO]: [0mThis is a info message from thread 1218-09-2026 00:29:33 [38;5;015m[INFO]: [0mThis is a info message from thread 418-09-2026 00:29:33 [38;5;009m[ERROR]: [0mThis is a error message from thread 1218-09-2026 00:29:33 [38;5;009m[ERROR]: [0mThis is a error message from thread 418-09-2026 00:29:33 [38;5;117m[DEBUG]: [0mThis is a debug message from thread 1218-09-2026 00:29:33 [38;5;117m[DEBUG]: [0mThis is a debug message from thread 418-09-2026 00:29:33 [38;5;015m[INFO]: [0mThis is a info message from thread 1218-09-2026 00:29:33 [38;5;015m[INFO]: [0mThis is a info message from thread 418-09-2026 00:29:33 [38;5;009m[ERROR]: [0mThis is a error message from thread 1218-09-2026 00:29:33 [38;5;009m[ERROR]: [0mThis is a error message from thread 418-09-2026 00:29:33 [38;5;117m[DEBUG]: [0mThis is a debug message from thread 1218-09-2026 00:29:33 [38;5;117m[DEBUG]: [0mThis is a debug message from thread 418-09-2026 00:29:33 [38;5;117m[DEBUG]: [0mThis is a debug message from thread 2518-09-2026 00:29:33 [38;5;015m[INFO]: [0mThis is a info message from thread 418-09-2026 00:29:33 [38;5;015m[INFO]: [0mThis is a info message from thread 2518-09-2026 00:29:33 [38;5;009m[ERROR]: [0mThis is a error message from thread 418-09-2026 00:29:33 [38;5;009m[ERROR]: [0mThis is a error message from thread 2518-09-2026 00:29:33 [38;5;117m[DEBUG]: [0mThis is a debug message from thread 418-09-2026 00:29:33 [38;5;117m[DEBUG]: [0mThis is a debug message from thread 2518-09-2026 00:29:33 [38;5;015m[INFO]: [0mThis is a info message from thread 418-09-2026 00:29:33 [38;5;015m[INFO]: [0mThis is a info message from thread 2518-09-2026 00:29:33 [38;5;009m[ERROR]: [0mThis is a error message from thread 418-09-2026 00:29:33 [38;5;009m[ERROR]: [0mThis is a error message from thread 2518-09-2026 00:29:33 [38;5;117m[DEBUG]: [0mThis is a debug message from thread 418-09-2026 00:29:33 [38;5;117m[DEBUG]: [0mThis is a debug message from thread 2518-09-2026 00:29:33 [38;5;015m[INFO]: [0mThis is a info message from thread 418-09-2026 00:29:33 [38;5;117m[DEBUG]: [0mThis is a debug message from thread 218-09-2026 00:29:33 [38;5;015m[INFO]: [0mThis is a info message from thread 1918-09-2026 00:29:33 [38;5;009m[ERROR]: [0mThis is a error message from thread 418-09-2026 00:29:33 [38;5;015m[INFO]: [0mThis is a info message from thread 2518-09-2026 00:29:33 [38;5;117m[DEBUG]: [0mThis is a debug message from thread 718-09-2026 00:29:33 [38;5;117m[DEBUG]: [0mThis is a debug message from thread 318-09-2026 00:29:33 [38;5;117m[DEBUG]: [0mThis is a debug message from thread 018-09-2026 00:29:33 [38;5;015m[INFO]: [0mThis is a info message from thread 218-09-2026 00:29:33 [38;5;015m[INFO]: [0mThis is a info message from thread 718-09-2026 00:29:33 [38;5;117m[DEBUG]: [0mThis is a debug message from thread 418-09-2026 00:29:33 [38;5;009m[ERROR]: [0mThis is a error message from thread 2518-09-2026 00:29:33 [38;5;009m[ERROR]: [0mThis is a error message from thread 1918-09-2026 00:29:33 [38;5;015m[INFO]: [0mThis is a info message from thread 318-09-2026 00:29:33 [38;5;015m[INFO]: [0mThis is a info message from thread 018-09-2026 00:29:33 [38;5;117m[DEBUG]: [0mThis is a debug message from thread 2518-09-2026 00:29:33 [38;5;015m[INFO]: [0mThis is a info message from thread 2818-09-2026 00:29:33 [38;5;009m[ERROR]: [0mThis is a error message from thread 2818-09-2026 00:29:33 [38;5;117m[DEBUG]: [0mThis is a debug message from thread 2818-09-2026 00:29:33 [38;5;015m[INFO]: [0mThis is a info message from thread 2518-09-2026 00:29:33 [38;5;009m[ERROR]: [0mThis is a error message from thread 2118-09-2026 00:29:33 [38;5;009m[ERROR]: [0mThis is a error message from thread 718-09-2026 00:29:33 [38;5;009m[ERROR]: [0mThis is a error message from thread 2518-09-2026 00:29:33 [38;5;009m[ERROR]: [0mThis is a error message from thread 618-09-2026 00:29:33 [38;5;009m[ERROR]: [0mThis is a error message from thread 2718-09-2026 00:29:33 [38;5;117m[DEBUG]: [0mThis is a debug message from thread 118-09-2026 00:29:33 [38;5;117m[DEBUG]: [0mThis is a debug message from thread 2518-09-2026 00:29:33 [38;5;015m[INFO]: [0mThis is a info message from thread 418-09-2026 00:29:33 [38;5;009m[ERROR]: [0mThis is a error message from thread 2418-09-2026 00:29:33 [38;5;015m[INFO]: [0mThis is a info message from thread 2618-09-2026 00:29:33 [38;5;117m[DEBUG]: [0mThis is a debug message from thread 618-09-2026 00:29:33 [38;5;015m[INFO]: [0mThis is a info message from thread 2518-09-2026 00:29:33 [38;5;009m[ERROR]: [0mThis is a error message from thread 1518-09-2026 00:29:33 [38;5;015m[INFO]: [0mThis is a info message from thread 2318-09-2026 00:29:33 [38;5;117m[DEBUG]: [0mThis is a debug message from thread 2218-09-2026 00:29:33 [38;5;117m[DEBUG]: [0mThis is a debug message from thread 1318-09-2026 00:29:33 [38;5;009m[ERROR]: [0mThis is a error message from thread 018-09-2026 00:29:33 [38;5;117m[DEBUG]: [0mThis is a debug message from thread 1518-09-2026 00:29:33 [38;5;009m[ERROR]: [0mThis is a error message from thread 2518-09-2026 00:29:33 [38;5;009m[ERROR]: [0mThis is a error message from thread 2618-09-2026 00:29:33 [38;5;015m[INFO]: [0mThis is a info message from thread 618-09-2026 00:29:33 [38;5;015m[INFO]: [0mThis is a info message from thread 1318-09-2026 00:29:33 [38;5;117m[DEBUG]: [0mThis is a debug message from thread 2718-09-2026 00:29:33 [38;5;015m[INFO]: [0mThis is a info message from thread 118-09-2026 00:29:33 [38;5;015m[INFO]: [0mThis is a info message from thread 2818-09-2026 00:29:33 [38;5;117m[DEBUG]: [0mThis is a debug message from thread 2618-09-2026 00:29:33 [38;5;015m[INFO]: [0mThis is a info message from thread 2718-09-2026 00:29:33 [38;5;009m[ERROR]: [0mThis is a error message from thread 118-09-2026 00:29:33 [38;5;015m[INFO]: [0mThis is a info message from thread 2618-09-2026 00:29:33 [38;5;009m[ERROR]: [0mThis is a error message from thread 2718-09-2026 00:29:33 [38;5;009m[ERROR]: [0mThis is a error message from thread 418-09-2026 00:29:33 [38;5;015m[INFO]: [0mThis is a info message from thread 1818-09-2026 00:29:33 [38;5;015m[INFO]: [0mThis is a info message from thread 1118-09-2026 00:29:33 [38;5;117m[DEBUG]: [0mThis is a debug message from thread 418-09-2026 00:29:33 [38;5;117m[DEBUG]: [0mThis is a debug message from thread 2418-09-2026 00:29:33 [38;5;009m[ERROR]: [0mThis is a error message from thread 1818-09-2026 00:29:33 [38;5;009m[ERROR]: [0mThis is a error message from thread 1418-09-2026 00:29:33 [38;5;009m[ERROR]: [0mThis is a error message from thread 618-09-2026 00:29:33 [38;5;009m[ERROR]: [0mThis is a error message from thread 1318-09-2026 00:29:33 [38;5;009m[ERROR]: [0mThis is a error message from thread 2318-09-2026 00:29:33 [38;5;117m[DEBUG]: [0mThis is a debug message from thread 2518-09-2026 00:29:33 [38;5;009m[ERROR]: [0mThis is a error message from thread 1118-09-2026 00:29:33 [38;5;009m[ERROR]: [0mThis is a error message from thread 2618-09-2026 00:29:33 [38;5;117m[DEBUG]: [0mThis is a debug message from thread 2318-09-2026 00:29:33 [38;5;015m[INFO]: [0mThis is a info message from thread 2218-09-2026 00:29:33 [38;5;117m[DEBUG]: [0mThis is a debug message from thread 2718-09-2026 00:29:33 [38;5;009m[ERROR]: [0mThis is a error message from thread 918-09-2026 00:29:33 [38;5;009m[ERROR]: [0mThis is a error message from thread 818-09-2026 00:29:33 [38;5;015m[INFO]: [0mThis is a info message from thread 1718-09-2026 00:29:33 [38;5;117m[DEBUG]: [0mThis is a debug message from thread 2118-09-2026 00:29:33 [38;5;117m[DEBUG]: [0mThis is a debug message from thread 818-09-2026 00:29:33 [38;5;009m[ERROR]: [0mThis is a error message from thread 218-09-2026 00:29:33 [38;5;117m[DEBUG]: [0mThis is a debug message from thread 1318-09-2026 00:29:33 [38;5;117m[DEBUG]: [0mThis is a debug message from thread 1818-09-2026 00:29:33 [38;5;117m[DEBUG]: [0mThis is a debug message from thread 618-09-2026 00:29:33 [38;5;015m[INFO]: [0mThis is a info message from thread 2518-09-2026 00:29:33 [38;5;117m[DEBUG]: [0mThis is a debug message from thread 1418-09-2026 00:29:33 [38;5;009m[ERROR]: [0mThis is a error message from thread 2218-09-2026 00:29:33 [38;5;009m[ERROR]: [0mThis is a error message from thread 1718-09-2026 00:29:33 [38;5;015m[INFO]: [0mThis is a info message from thread 618-09-2026 00:29:33 [38;5;015m[INFO]: [0mThis is a info message from thread 2318-09-2026 00:29:33 [38;5;117m[DEBUG]: [0mThis is a debug message from thread 1618-09-2026 00:29:33 [38;5;117m[DEBUG]: [0mThis is a debug message from thread 718-09-2026 00:29:33 [38;5;009m[ERROR]: [0mThis is a error message from thread 618-09-2026 00:29:33 [38;5;117m[DEBUG]: [0mThis is a debug message from thread 518-09-2026 00:29:33 [38;5;015m[INFO]: [0mThis is a info message from thread 1518-09-2026 00:29:33 [38;5;117m[DEBUG]: [0mThis is a debug message from thread 618-09-2026 00:29:33 [38;5;015m[INFO]: [0mThis is a info message from thread 718-09-2026 00:29:33 [38;5;009m[ERROR]: [0mThis is a error message from thread 2318-09-2026 00:29:33 [38;5;015m[INFO]: [0mThis is a info message from thread 1418-09-2026 00:29:33 [38;5;015m[INFO]: [0mThis is a info message from thread 618-09-2026 00:29:33 [38;5;009m[ERROR]: [0mThis is a error message from thread 1518-09-2026 00:29:33 [38;5;015m[INFO]: [0mThis is a info message from thread 418-09-2026 00:29:33 [38;5;009m[ERROR]: [0mThis is a error message from thread 618-09-2026 00:29:33 [38;5;009m[ERROR]: [0mThis is a error message from thread 1418-09-2026 00:29:33 [38;5;015m[INFO]: [0mThis is a info message from thread 2718-09-2026 00:29:33 [38;5;117m[DEBUG]: [0mThis is a debug message from thread 1518-09-2026 00:29:33 [38;5;117m[DEBUG]: [0mThis is a debug message from thread 1418-09-2026 00:29:33 [38;5;015m[INFO]: [0mThis is a info message from thread 1518-09-2026 00:29:33 [38;5;015m[INFO]: [0mThis is a info message from thread 1418-09-2026 00:29:33 [38;5;015m[INFO]: [0mThis is a info message from thread 2118-09-2026 00:29:33 [38;5;009m[ERROR]: [0mThis is a error message from thread 2118-09-2026 00:29:33 [38;5;117m[DEBUG]: [0mThis is a debug message from thread 018-09-2026 00:29:33 [38;5;117m[DEBUG]: [0mThis is a debug message from thread 2618-09-2026 00:29:33 [38;5;117m[DEBUG]: [0mThis is a debug message from thread 2218-09-2026 00:29:33 [38;5;009m[ERROR]: [0mThis is a error message from thread 1518-09-2026 00:29:33 [38;5;015m[INFO]: [0mThis is a info message from thread 2218-09-2026 00:29:33 [38;5;117m[DEBUG]: [0mThis is a debug message from thread 1518-09-2026 00:29:33 [38;5;015m[INFO]: [0mThis is a info message from thread 1618-09-2026 00:29:33 [38;5;015m[INFO]: [0mThis is a info message from thread 1518-09-2026 00:29:33 [38;5;015m[INFO]: [0mThis is a info message from thread 518-09-2026 00:29:33 [38;5;009m[ERROR]: [0mThis is a error message from thread 518-09-2026 00:29:33 [38;5;117m[DEBUG]: [0mThis is a debug message from thread 1118-09-2026 00:29:33 [38;5;015m[INFO]: [0mThis is a info message from thread 1118-09-2026 00:29:33 [38;5;015m[INFO]: [0mThis is a info message from thread 2418-09-2026 00:29:33 [38;5;009m[ERROR]: [0mThis is a error message from thread 1118-09-2026 00:29:33 [38;5;009m[ERROR]: [0mThis is a error message from thread 2418-09-2026 00:29:33 [38;5;117m[DEBUG]: [0mThis is a debug message from thread 1118-09-2026 00:29:33 [38;5;009m[ERROR]: [0mThis is a error message from thread 418-09-2026 00:29:33 [38;5;117m[DEBUG]: [0mThis is a debug message from thread 2418-09-2026 00:29:33 [38;5;117m[DEBUG]: [0mThis is a debug message from thread 418-09-2026 00:29:33 [38;5;015m[INFO]: [0mThis is a info message from thread 1118-09-2026 00:29:33 [38;5;009m[ERROR]: [0mThis is a error message from thread 2718-09-2026 00:29:33 [38;5;015m[INFO]: [0mThis is a info message from thread 2418-09-2026 00:29:33 [38;5;015m[INFO]: [0mThis is a info message from thread 418-09-2026 00:29:33 [38;5;009m[ERROR]: [0mThis is a error message from thread 1118-09-2026 00:29:33 [38;5;009m[ERROR]: [0mThis is a error message from thread 2418-09-2026 00:29:33 [38;5;117m[DEBUG]: [0mThis is a debug message from thread 2718-09-2026 00:29:33 [38;5;117m[DEBUG]: [0mThis is a debug message from thread 618-09-2026 00:29:33 [38;5;117m[DEBUG]: [0mThis is a debug message from thread 2418-09-2026 00:29:33 [38;5;117m[DEBUG]: [0mThis is a debug message from thread 918-09-2026 00:29:33 [38;5;015m[INFO]: [0mThis is a info message from thread 1018-09-2026 00:29:33 [38;5;015m[INFO]: [0mThis is a info message from thread 1318-09-2026 00:29:33 [38;5;015m[INFO]: [0mThis is a info message from thread 918-09-2026 00:29:33 [38;5;117m[DEBUG]: [0mThis is a debug message from thread 2918-09-2026 00:29:33 [38;5;009m[ERROR]: [0mThis is a error message from thread 918-09-2026 00:29:33 [38;5;015m[INFO]: [0mThis is a info message from thread 2918-09-2026 00:29:33 [38;5;117m[DEBUG]: [0mThis is a debug message from thread 1718-09-2026 00:29:33 [38;5;117m[DEBUG]: [0mThis is a debug message from thread 918-09-2026 00:29:33 [38;5;015m[INFO]: [0mThis is a info message from thread 1718-09-2026 00:29:33 [38;5;009m[ERROR]: [0mThis is a error message from thread 2918-09-2026 00:29:33 [38;5;015m[INFO]: [0mThis is a info message from thread 918-09-2026 00:29:33 [38;5;009m[ERROR]: [0mThis is a error message from thread 1318-09-2026 00:29:33 [38;5;117m[DEBUG]: [0mThis is a debug message from thread 2918-09-2026 00:29:33 [38;5;009m[ERROR]: [0mThis is a error message from thread 1718-09-2026 00:29:33 [38;5;117m[DEBUG]: [0mThis is a debug message from thread 1318-09-2026 00:29:33 [38;5;015m[INFO]: [0mThis is a info message from thread 2918-09-2026 00:29:33 [38;5;117m[DEBUG]: [0mThis is a debug message from thread 118-09-2026 00:29:33 [38;5;117m[DEBUG]: [0mThis is a debug message from thread 1718-09-2026 00:29:33 [38;5;009m[ERROR]: [0mThis is a error message from thread 2918-09-2026 00:29:33 [38;5;015m[INFO]: [0mThis is a info message from thread 1318-09-2026 00:29:33 [38;5;117m[DEBUG]: [0mThis is a debug message from thread 1918-09-2026 00:29:33 [38;5;009m[ERROR]: [0mThis is a error message from thread 418-09-2026 00:29:33 [38;5;117m[DEBUG]: [0mThis is a debug message from thread 2118-09-2026 00:29:33 [38;5;009m[ERROR]: [0mThis is a error message from thread 1418-09-2026 00:29:33 [38;5;015m[INFO]: [0mThis is a info message from thread 1918-09-2026 00:29:33 [38;5;015m[INFO]: [0mThis is a info message from thread 1718-09-2026 00:29:33 [38;5;015m[INFO]: [0mThis is a info message from thread 2418-09-2026 00:29:33 [38;5;015m[INFO]: [0mThis is a info message from thread 2718-09-2026 00:29:33 [38;5;015m[INFO]: [0mThis is a info message from thread 118-09-2026 00:29:33 [38;5;015m[INFO]: [0mThis is a info message from thread 2118-09-2026 00:29:33 [38;5;009m[ERROR]: [0mThis is a error message from thread 2518-09-2026 00:29:33 [38;5;015m[INFO]: [0mThis is a info message from thread 018-09-2026 00:29:33 [38;5;117m[DEBUG]: [0mThis is a debug message from thread 2318-09-2026 00:29:33 [38;5;117m[DEBUG]: [0mThis is a debug message from thread 2518-09-2026 00:29:33 [38;5;117m[DEBUG]: [0mThis is a debug message from thread 218-09-2026 00:29:33 [38;5;009m[ERROR]: [0mThis is a error message from thread 1618-09-2026 00:29:33 [38;5;009m[ERROR]: [0mThis is a error message from thread 2218-09-2026 00:29:33 [38;5;009m[ERROR]: [0mThis is a error message from thread 918-09-2026 00:29:33 [38;5;009m[ERROR]: [0mThis is a error message from thread 018-09-2026 00:29:33 [38;5;009m[ERROR]: [0mThis is a error message from thread 2118-09-2026 00:29:33 [38;5;117m[DEBUG]: [0mThis is a debug message from thread 2218-09-2026 00:29:33 [38;5;009m[ERROR]: [0mThis is a error message from thread 1718-09-2026 00:29:33 [38;5;015m[INFO]: [0mThis is a info message from thread 218-09-2026 00:29:33 [38;5;117m[DEBUG]: [0mThis is a debug message from thread 518-09-2026 00:29:33 [38;5;117m[DEBUG]: [0mThis is a debug message from thread 1118-09-2026 00:29:33 [38;5;009m[ERROR]: [0mThis is a error message from thread 2818-09-2026 00:29:33 [38;5;015m[INFO]: [0mThis is a info message from thread 818-09-2026 00:29:33 [38;5;009m[ERROR]: [0mThis is a error message from thread 218-09-2026 00:29:33 [38;5;117m[DEBUG]: [0mThis is a debug message from thread 2118-09-2026 00:29:33 [38;5;015m[INFO]: [0mThis is a info message from thread 518-09-2026 00:29:33 [38;5;009m[ERROR]: [0mThis is a error message from thread 1318-09-2026 00:29:33 [38;5;117m[DEBUG]: [0mThis is a debug message from thread 2918-09-2026 00:29:33 [38;5;009m[ERROR]: [0mThis is a error message from thread 1518-09-2026 00:29:33 [38;5;009m[ERROR]: [0mThis is a error message from thread 518-09-2026 00:29:33 [38;5;015m[INFO]: [0mThis is a info message from thread 2918-09-2026 00:29:33 [38;5;015m[INFO]: [0mThis is a info message from thread 1218-09-2026 00:29:33 [38;5;117m[DEBUG]: [0mThis is a debug message from thread 1718-09-2026 00:29:33 [38;5;015m[INFO]: [0mThis is a info message from thread 2118-09-2026 00:29:33 [38;5;009m[ERROR]: [0mThis is a error message from thread 318-09-2026 00:29:33 [38;5;117m[DEBUG]: [0mThis is a debug message from thread 418-09-2026 00:29:33 [38;5;117m[DEBUG]: [0mThis is a debug message from thread 1518-09-2026 00:29:33 [38;5;117m[DEBUG]: [0mThis is a debug message from thread 1618-09-2026 00:29:33 [38;5;009m[ERROR]: [0mThis is a error message from thread 1018-09-2026 00:29:33 [38;5;015m[INFO]: [0mThis is a info message from thread 2618-09-2026 00:29:33 [38;5;009m[ERROR]: [0mThis is a error message from thread 1218-09-2026 00:29:33 [38;5;009m[ERROR]: [0mThis is a error message from thread 2118-09-2026 00:29:33 [38;5;009m[ERROR]: [0mThis is a error message from thread 2418-09-2026 00:29:33 [38;5;117m[DEBUG]: [0mThis is a debug message from thread 2818-09-2026 00:29:33 [38;5;009m[ERROR]: [0mThis is a error message from thread 2618-09-2026 00:29:33 [38;5;009m[ERROR]: [0mThis is a error message from thread 118-09-2026 00:29:33 [38;5;015m[INFO]: [0mThis is a info message from thread 1618-09-2026 00:29:33 [38;5;117m[DEBUG]: [0mThis is a debug message from thread 1218-09-2026 00:29:33 [38;5;009m[ERROR]: [0mThis is a error message from thread 1918-09-2026 00:29:33 [38;5;015m[INFO]: [0mThis is a info message from thread 2218-09-2026 00:29:33 [38;5;015m[INFO]: [0mThis is a info message from thread 1218-09-2026 00:29:33 [38;5;015m[INFO]: [0mThis is a info message from thread 1518-09-2026 00:29:33 [38;5;117m[DEBUG]: [0mThis is a debug message from thread 2018-09-2026 00:29:33 [38;5;117m[DEBUG]: [0mThis is a debug message from thread 318-09-2026 00:29:33 [38;5;009m[ERROR]: [0mThis is a error message from thread 1218-09-2026 00:29:33 [38;5;117m[DEBUG]: [0mThis is a debug message from thread 218-09-2026 00:29:33 [38;5;009m[ERROR]: [0mThis is a error message from thread 718-09-2026 00:29:33 [38;5;015m[INFO]: [0mThis is a info message from thread 2018-09-2026 00:29:33 [38;5;117m[DEBUG]: [0mThis is a debug message from thread 518-09-2026 00:29:33 [38;5;117m[DEBUG]: [0mThis is a debug message from thread 1218-09-2026 00:29:33 [38;5;009m[ERROR]: [0mThis is a error message from thread 1518-09-2026 00:29:33 [38;5;009m[ERROR]: [0mThis is a error message from thread 2018-09-2026 00:29:33 [38;5;015m[INFO]: [0mThis is a info message from thread 518-09-2026 00:29:33 [38;5;015m[INFO]: [0mThis is a info message from thread 418-09-2026 00:29:33 [38;5;015m[INFO]: [0mThis is a info message from thread 318-09-2026 00:29:33 [38;5;117m[DEBUG]: [0mThis is a debug message from thread 718-09-2026 00:29:33 [38;5;015m[INFO]: [0mThis is a info message from thread 1718-09-2026 00:29:33 [38;5;117m[DEBUG]: [0mThis is a debug message from thread 118-09-2026 00:29:33 [38;5;015m[INFO]: [0mThis is a info message from thread 2818-09-2026 00:29:33 [38;5;009m[ERROR]: [0mThis is a error message from thread 1718-09-2026 00:29:33 [38;5;009m[ERROR]: [0mThis is a error message from thread 418-09-2026 00:29:33 [38;5;117m[DEBUG]: [0mThis is a debug message from thread 2018-09-2026 00:29:33 [38;5;015m[INFO]: [0mThis is a info message from thread 2318-09-2026 00:29:33 [38;5;117m[DEBUG]: [0mThis is a debug message from thread 2118-09-2026 00:29:33 [38;5;015m[INFO]: [0mThis is a info message from thread 218-09-2026 00:29:33 [38;5;015m[INFO]: [0mThis is a info message from thread 2118-09-2026 00:29:33 [38;5;117m[DEBUG]: [0mThis is a debug message from thread 2618-09-2026 00:29:33 [38;5;009m[ERROR]: [0mThis is a error message from thread 1618-09-2026 00:29:33 [38;5;015m[INFO]: [0mThis is a info message from thread 718-09-2026 00:29:33 [38;5;009m[ERROR]: [0mThis is a error message from thread 2318-09-2026 00:29:33 [38;5;117m[DEBUG]: [0mThis is a debug message from thread 1518-09-2026 00:29:33 [38;5;015m[INFO]: [0mThis is a info message from thread 2018-09-2026 00:29:33 [38;5;117m[DEBUG]: [0mThis is a debug message from thread 1618-09-2026 00:29:33 [38;5;117m[DEBUG]: [0mThis is a debug message from thread 2318-09-2026 00:29:33 [38;5;015m[INFO]: [0mThis is a info message from thread 118-09-2026 00:29:33 [38;5;015m[INFO]: [0mThis is a info message from thread 2618-09-2026 00:29:33 [38;5;117m[DEBUG]: [0mThis is a debug message from thread 018-09-2026 00:29:33 [38;5;015m[INFO]: [0mThis is a info message from thread 1618-09-2026 00:29:33 [38;5;015m[INFO]: [0mThis is a info message from thread 018-09-2026 00:29:33 [38;5;015m[INFO]: [0mThis is a info message from thread 2318-09-2026 00:29:33 [38;5;009m[ERROR]: [0mThis is a error message from thread 1618-09-2026 00:29:33 [38;5;015m[INFO]: [0mThis is a info message from thread 1118-09-2026 00:29:33 [38;5;009m[ERROR]: [0mThis is a error message from thread 2618-09-2026 00:29:33 [38;5;009m[ERROR]: [0mThis is a error message from thread 2018-09-2026 00:29:33 [38;5;009m[ERROR]: [0mThis is a error message from thread 718-09-2026 00:29:33 [38;5;009m[ERROR]: [0mThis is a error message from thread 018-09-2026 00:29:33 [38;5;117m[DEBUG]: [0mThis is a debug message from thread 2618-09-2026 00:29:33 [38;5;009m[ERROR]: [0mThis is a error message from thread 218-09-2026 00:29:33 [38;5;117m[DEBUG]: [0mThis is a debug message from thread 2418-09-2026 00:29:33 [38;5;009m[ERROR]: [0mThis is a error message from thread 118-09-2026 00:29:33 [38;5;117m[DEBUG]: [0mThis is a debug message from thread 018-09-2026 00:29:33 [38;5;117m[DEBUG]: [0mThis is a debug message from thread 218-09-2026 00:29:33 [38;5;009m[ERROR]: [0mThis is a error message from thread 1118-09-2026 00:29:33 [38;5;015m[INFO]: [0mThis is a info message from thread 2418-09-2026 00:29:33 [38;5;015m[INFO]: [0mThis is a info message from thread 2618-09-2026 00:29:33 [38;5;117m[DEBUG]: [0mThis is a debug message from thread 118-09-2026 00:29:33 [38;5;117m[DEBUG]: [0mThis is a debug message from thread 918-09-2026 00:29:33 [38;5;009m[ERROR]: [0mThis is a error message from thread 2918-09-2026 00:29:33 [38;5;009m[ERROR]: [0mThis is a error message from thread 2418-09-2026 00:29:33 [38;5;009m[ERROR]: [0mThis is a error message from thread 518-09-2026 00:29:33 [38;5;015m[INFO]: [0mThis is a info message from thread 218-09-2026 00:29:33 [38;5;117m[DEBUG]: [0mThis is a debug message from thread 1118-09-2026 00:29:33 [38;5;015m[INFO]: [0mThis is a info message from thread 918-09-2026 00:29:33 [38;5;117m[DEBUG]: [0mThis is a debug message from thread 1418-09-2026 00:29:33 [38;5;015m[INFO]: [0mThis is a info message from thread 1118-09-2026 00:29:33 [38;5;117m[DEBUG]: [0mThis is a debug message from thread 518-09-2026 00:29:33 [38;5;117m[DEBUG]: [0mThis is a debug message from thread 2418-09-2026 00:29:33 [38;5;015m[INFO]: [0mThis is a info message from thread 118-09-2026 00:29:33 [38;5;009m[ERROR]: [0mThis is a error message from thread 2618-09-2026 00:29:33 [38;5;009m[ERROR]: [0mThis is a error message from thread 218-09-2026 00:29:33 [38;5;009m[ERROR]: [0mThis is a error message from thread 918-09-2026 00:29:33 [38;5;009m[ERROR]: [0mThis is a error message from thread 1118-09-2026 00:29:33 [38;5;009m[ERROR]: [0mThis is a error message from thread 2818-09-2026 00:29:33 [38;5;009m[ERROR]: [0mThis is a error message from thread 118-09-2026 00:29:33 [38;5;015m[INFO]: [0mThis is a info message from thread 518-09-2026 00:29:33 [38;5;117m[DEBUG]: [0mThis is a debug message from thread 218-09-2026 00:29:33 [38;5;117m[DEBUG]: [0mThis is a debug message from thread 2618-09-2026 00:29:33 [38;5;015m[INFO]: [0mThis is a info message from thread 2418-09-2026 00:29:33 [38;5;117m[DEBUG]: [0mThis is a debug message from thread 1118-09-2026 00:29:33 [38;5;117m[DEBUG]: [0mThis is a debug message from thread 2818-09-2026 00:29:33 [38;5;015m[INFO]: [0mThis is a info message from thread 218-09-2026 00:29:33 [38;5;015m[INFO]: [0mThis is a info message from thread 2618-09-2026 00:29:33 [38;5;009m[ERROR]: [0mThis is a error message from thread 318-09-2026 00:29:33 [38;5;117m[DEBUG]: [0mThis is a debug message from thread 118-09-2026 00:29:33 [38;5;009m[ERROR]: [0mThis is a error message from thread 2418-09-2026 00:29:33 [38;5;015m[INFO]: [0mThis is a info message from thread 1118-09-2026 00:29:33 [38;5;117m[DEBUG]: [0mThis is a debug message from thread 418-09-2026 00:29:33 [38;5;009m[ERROR]: [0mThis is a error message from thread 218-09-2026 00:29:33 [38;5;009m[ERROR]: [0mThis is a error message from thread 2318-09-2026 00:29:33 [38;5;015m[INFO]: [0mThis is a info message from thread 418-09-2026 00:29:33 [38;5;009m[ERROR]: [0mThis is a error message from thread 2618-09-2026 00:29:33 [38;5;009m[ERROR]: [0mThis is a error message from thread 1118-09-2026 00:29:33 [38;5;015m[INFO]: [0mThis is a info message from thread 1518-09-2026 00:29:33 [38;5;117m[DEBUG]: [0mThis is a debug message from thread 218-09-2026 00:29:33 [38;5;015m[INFO]: [0mThis is a info message from thread 118-09-2026 00:29:33 [38;5;117m[DEBUG]: [0mThis is a debug message from thread 1918-09-2026 00:29:33 [38;5;117m[DEBUG]: [0mThis is a debug message from thread 1118-09-2026 00:29:33 [38;5;117m[DEBUG]: [0mThis is a debug message from thread 318-09-2026 00:29:33 [38;5;117m[DEBUG]: [0mThis is a debug message from thread 2318-09-2026 00:29:33 [38;5;015m[INFO]: [0mThis is a info message from thread 218-09-2026 00:29:33 [38;5;015m[INFO]: [0mThis is a info message from thread 1218-09-2026 00:29:33 [38;5;117m[DEBUG]: [0mThis is a debug message from thread 718-09-2026 00:29:33 [38;5;009m[ERROR]: [0mThis is a error message from thread 118-09-2026 00:29:33 [38;5;009m[ERROR]: [0mThis is a error message from thread 418-09-2026 00:29:33 [38;5;009m[ERROR]: [0mThis is a error message from thread 1518-09-2026 00:29:33 [38;5;015m[INFO]: [0mThis is a info message from thread 318-09-2026 00:29:33 [38;5;015m[INFO]: [0mThis is a info message from thread 2518-09-2026 00:29:33 [38;5;015m[INFO]: [0mThis is a info message from thread 018-09-2026 00:29:33 [38;5;015m[INFO]: [0mThis is a info message from thread 718-09-2026 00:29:33 [38;5;009m[ERROR]: [0mThis is a error message from thread 218-09-2026 00:29:33 [38;5;117m[DEBUG]: [0mThis is a debug message from thread 118-09-2026 00:29:33 [38;5;009m[ERROR]: [0mThis is a error message from thread 318-09-2026 00:29:33 [38;5;117m[DEBUG]: [0mThis is a debug message from thread 418-09-2026 00:29:33 [38;5;009m[ERROR]: [0mThis is a error message from thread 2718-09-2026 00:29:33 [38;5;009m[ERROR]: [0mThis is a error message from thread 1218-09-2026 00:29:33 [38;5;009m[ERROR]: [0mThis is a error message from thread 2518-09-2026 00:29:33 [38;5;015m[INFO]: [0mThis is a info message from thread 118-09-2026 00:29:33 [38;5;117m[DEBUG]: [0mThis is a debug message from thread 318-09-2026 00:29:33 [38;5;015m[INFO]: [0mThis is a info message from thread 618-09-2026 00:29:33 [38;5;015m[INFO]: [0mThis is a info message from thread 418-09-2026 00:29:33 [38;5;117m[DEBUG]: [0mThis is a debug message from thread 218-09-2026 00:29:33 [38;5;009m[ERROR]: [0mThis is a error message from thread 718-09-2026 00:29:33 [38;5;117m[DEBUG]: [0mThis is a debug message from thread 2718-09-2026 00:29:33 [38;5;009m[ERROR]: [0mThis is a error message from thread 118-09-2026 00:29:33 [38;5;009m[ERROR]: [0mThis is a error message from thread 618-09-2026 00:29:33 [38;5;015m[INFO]: [0mThis is a info message from thread 218-09-2026 00:29:33 [38;5;117m[DEBUG]: [0mThis is a debug message from thread 1218-09-2026 00:29:33 [38;5;117m[DEBUG]: [0mThis is a debug message from thread 1018-09-2026 00:29:33 [38;5;015m[INFO]: [0mThis is a info message from thread 2718-09-2026 00:29:33 [38;5;117m[DEBUG]: [0mThis is a debug message from thread 718-09-2026 00:29:33 [38;5;009m[ERROR]: [0mThis is a error message from thread 418-09-2026 00:29:33 [38;5;117m[DEBUG]: [0mThis is a debug message from thread 618-09-2026 00:29:33 [38;5;117m[DEBUG]: [0mThis is a debug message from thread 118-09-2026 00:29:33 [38;5;015m[INFO]: [0mThis is a info message from thread 1018-09-2026 00:29:33 [38;5;009m[ERROR]: [0mThis is a error message from thread 218-09-2026 00:29:33 [38;5;015m[INFO]: [0mThis is a info message from thread 718-09-2026 00:29:33 [38;5;117m[DEBUG]: [0mThis is a debug message from thread 418-09-2026 00:29:33 [38;5;015m[INFO]: [0mThis is a info message from thread 118-09-2026 00:29:33 [38;5;015m[INFO]: [0mThis is a info message from thread 1218-09-2026 00:29:33 [38;5;117m[DEBUG]: [0mThis is a debug message from thread 218-09-2026 00:29:33 [38;5;009m[ERROR]: [0mThis is a error message from thread 2718-09-2026 00:29:33 [38;5;015m[INFO]: [0mThis is a info message from thread 618-09-2026 00:29:33 [38;5;009m[ERROR]: [0mThis is a error message from thread 1018-09-2026 00:29:33 [38;5;009m[ERROR]: [0mThis is a error message from thread 718-09-2026 00:29:33 [38;5;009m[ERROR]: [0mThis is a error message from thread 1218-09-2026 00:29:33 [38;5;015m[INFO]: [0mThis is a info message from thread 418-09-2026 00:29:33 [38;5;009m[ERROR]: [0mThis is a error message from thread 118-09-2026 00:29:33 [38;5;117m[DEBUG]: [0mThis is a debug message from thread 2718-09-2026 00:29:33 [38;5;015m[INFO]: [0mThis is a info message from thread 218-09-2026 00:29:33 [38;5;117m[DEBUG]: [0mThis is a debug message from thread 2918-09-2026 00:29:33 [38;5;117m[DEBUG]: [0mThis is a debug message from thread 1218-09-2026 00:29:33 [38;5;117m[DEBUG]: [0mThis is a debug message from thread 1018-09-2026 00:29:33 [38;5;117m[DEBUG]: [0mThis is a debug message from thread 118-09-2026 00:29:33 [38;5;117m[DEBUG]: [0mThis is a debug message from thread 1718-09-2026 00:29:33 [38;5;009m[ERROR]: [0mThis is a error message from thread 218-09-2026 00:29:33 [38;5;117m[DEBUG]: [0mThis is a debug message from thread 918-09-2026 00:29:33 [38;5;009m[ERROR]: [0mThis is a error message from thread 2118-09-2026 00:29:33 [38;5;015m[INFO]: [0mThis is a info message from thread 1218-09-2026 00:29:33 [38;5;015m[INFO]: [0mThis is a info message from thread 918-09-2026 00:29:33 [38;5;015m[INFO]: [0mThis is a info message from thread 1018-09-2026 00:29:33 [38;5;015m[INFO]: [0mThis is a info message from thread 2918-09-2026 00:29:33 [38;5;117m[DEBUG]: [0mThis is a debug message from thread 2618-09-2026 00:29:33 [38;5;117m[DEBUG]: [0mThis is a debug message from thread 2018-09-2026 00:29:33 [38;5;015m[INFO]: [0mThis is a info message from thread 2818-09-2026 00:29:33 [38;5;009m[ERROR]: [0mThis is a error message from thread 1018-09-2026 00:29:33 [38;5;009m[ERROR]: [0mThis is a error message from thread 2918-09-2026 00:29:33 [38;5;009m[ERROR]: [0mThis is a error message from thread 1218-09-2026 00:29:33 [38;5;117m[DEBUG]: [0mThis is a debug message from thread 2418-09-2026 00:29:33 [38;5;117m[DEBUG]: [0mThis is a debug message from thread 1318-09-2026 00:29:33 [38;5;009m[ERROR]: [0mThis is a error message from thread 2818-09-2026 00:29:33 [38;5;117m[DEBUG]: [0mThis is a debug message from thread 218-09-2026 00:29:33 [38;5;015m[INFO]: [0mThis is a info message from thread 118-09-2026 00:29:33 [38;5;015m[INFO]: [0mThis is a info message from thread 2718-09-2026 00:29:33 [38;5;009m[ERROR]: [0mThis is a error message from thread 418-09-2026 00:29:33 [38;5;015m[INFO]: [0mThis is a info message from thread 2418-09-2026 00:29:33 [38;5;117m[DEBUG]: [0mThis is a debug message from thread 2118-09-2026 00:29:33 [38;5;015m[INFO]: [0mThis is a info message from thread 2318-09-2026 00:29:33 [38;5;117m[DEBUG]: [0mThis is a debug message from thread 1018-09-2026 00:29:33 [38;5;015m[INFO]: [0mThis is a info message from thread 1818-09-2026 00:29:33 [38;5;117m[DEBUG]: [0mThis is a debug message from thread 1518-09-2026 00:29:33 [38;5;009m[ERROR]: [0mThis is a error message from thread 118-09-2026 00:29:33 [38;5;015m[INFO]: [0mThis is a info message from thread 2618-09-2026 00:29:33 [38;5;009m[ERROR]: [0mThis is a error message from thread 2318-09-2026 00:29:33 [38;5;009m[ERROR]: [0mThis is a error message from thread 918-09-2026 00:29:33 [38;5;009m[ERROR]: [0mThis is a error message from thread 818-09-2026 00:29:33 [38;5;117m[DEBUG]: [0mThis is a debug message from thread 2318-09-2026 00:29:33 [38;5;009m[ERROR]: [0mThis is a error message from thread 618-09-2026 00:29:33 [38;5;009m[ERROR]: [0mThis is a error message from thread 2218-09-2026 00:29:33 [38;5;015m[INFO]: [0mThis is a info message from thread 2118-09-2026 00:29:33 [38;5;117m[DEBUG]: [0mThis is a debug message from thread 1218-09-2026 00:29:33 [38;5;117m[DEBUG]: [0mThis is a debug message from thread 818-09-2026 00:29:33 [38;5;009m[ERROR]: [0mThis is a error message from thread 2718-09-2026 00:29:33 [38;5;009m[ERROR]: [0mThis is a error message from thread 2418-09-2026 00:29:33 [38;5;015m[INFO]: [0mThis is a info message from thread 2318-09-2026 00:29:33 [38;5;117m[DEBUG]: [0mThis is a debug message from thread 2818-09-2026 00:29:33 [38;5;117m[DEBUG]: [0mThis is a debug message from thread 2218-09-2026 00:29:33 [38;5;015m[INFO]: [0mThis is a info message from thread 818-09-2026 00:29:33 [38;5;009m[ERROR]: [0mThis is a error message from thread 2318-09-2026 00:29:33 [38;5;015m[INFO]: [0mThis is a info message from thread 1218-09-2026 00:29:33 [38;5;117m[DEBUG]: [0mThis is a debug message from thread 2718-09-2026 00:29:33 [38;5;117m[DEBUG]: [0mThis is a debug message from thread 2418-09-2026 00:29:33 [38;5;015m[INFO]: [0mThis is a info message from thread 2018-09-2026 00:29:33 [38;5;015m[INFO]: [0mThis is a info message from thread 1118-09-2026 00:29:33 [38;5;009m[ERROR]: [0mThis is a error message from thread 018-09-2026 00:29:33 [38;5;009m[ERROR]: [0mThis is a error message from thread 1218-09-2026 00:29:33 [38;5;009m[ERROR]: [0mThis is a error message from thread 1818-09-2026 00:29:33 [38;5;117m[DEBUG]: [0mThis is a debug message from thread 618-09-2026 00:29:33 [38;5;009m[ERROR]: [0mThis is a error message from thread 518-09-2026 00:29:33 [38;5;015m[INFO]: [0mThis is a info message from thread 1418-09-2026 00:29:33 [38;5;015m[INFO]: [0mThis is a info message from thread 1318-09-2026 00:29:33 [38;5;117m[DEBUG]: [0mThis is a debug message from thread 118-09-2026 00:29:33 [38;5;117m[DEBUG]: [0mThis is a debug message from thread 2518-09-2026 00:29:33 [38;5;009m[ERROR]: [0mThis is a error message from thread 2618-09-2026 00:29:33 [38;5;009m[ERROR]: [0mThis is a error message from thread 2018-09-2026 00:29:33 [38;5;009m[ERROR]: [0mThis is a error message from thread 1318-09-2026 00:29:33 [38;5;117m[DEBUG]: [0mThis is a debug message from thread 1818-09-2026 00:29:33 [38;5;015m[INFO]: [0mThis is a info message from thread 2718-09-2026 00:29:33 [38;5;117m[DEBUG]: [0mThis is a debug message from thread 418-09-2026 00:29:33 [38;5;117m[DEBUG]: [0mThis is a debug message from thread 918-09-2026 00:29:33 [38;5;117m[DEBUG]: [0mThis is a debug message from thread 518-09-2026 00:29:33 [38;5;117m[DEBUG]: [0mThis is a debug message from thread 1218-09-2026 00:29:33 [38;5;015m[INFO]: [0mThis is a info message from thread 518-09-2026 00:29:33 [38;5;117m[DEBUG]: [0mThis is a debug message from thread 1318-09-2026 00:29:33 [38;5;015m[INFO]: [0mThis is a info message from thread 1318-09-2026 00:29:33 [38;5;015m[INFO]: [0mThis is a info message from thread 418-09-2026 00:29:33 [38;5;009m[ERROR]: [0mThis is a error message from thread 518-09-2026 00:29:33 [38;5;009m[ERROR]: [0mThis is a error message from thread 418-09-2026 00:29:33 [38;5;009m[ERROR]: [0mThis is a error message from thread 1318-09-2026 00:29:33 [38;5;117m[DEBUG]: [0mThis is a debug message from thread 518-09-2026 00:29:33 [38;5;117m[DEBUG]: [0mThis is a debug message from thread 418-09-2026 00:29:33 [38;5;015m[INFO]: [0mThis is a info message from thread 518-09-2026 00:29:33 [38;5;015m[INFO]: [0mThis is a info message from thread 918-09-2026 00:29:33 [38;5;009m[ERROR]: [0mThis is a error message from thread 518-09-2026 00:29:33 [38;5;009m[ERROR]: [0mThis is a error message from thread 918-09-2026 00:29:33 [38;5;009m[ERROR]: [0mThis is a error message from thread 1418-09-2026 00:29:33 [38;5;117m[DEBUG]: [0mThis is a debug message from thread 1318-09-2026 00:29:33 [38;5;015m[INFO]: [0mThis is a info message from thread 2818-09-2026 00:29:33 [38;5;117m[DEBUG]: [0mThis is a debug message from thread 918-09-2026 00:29:33 [38;5;015m[INFO]: [0mThis is a info message from thread 418-09-2026 00:29:33 [38;5;015m[INFO]: [0mThis is a info message from thread 1318-09-2026 00:29:33 [38;5;009m[ERROR]: [0mThis is a error message from thread 1318-09-2026 00:29:33 [38;5;117m[DEBUG]: [0mThis is a debug message from thread 1318-09-2026 00:29:33 [38;5;009m[ERROR]: [0mThis is a error message from thread 418-09-2026 00:29:33 [38;5;009m[ERROR]: [0mThis is a error message from thread 2818-09-2026 00:29:33 [38;5;117m[DEBUG]: [0mThis is a debug message from thread 1418-09-2026 00:29:33 [38;5;117m[DEBUG]: [0mThis is a debug message from thread 418-09-2026 00:29:33 [38;5;015m[INFO]: [0mThis is a info message from thread 918-09-2026 00:29:33 [38;5;015m[INFO]: [0mThis is a info message from thread 1718-09-2026 00:29:33 [38;5;015m[INFO]: [0mThis is a info message from thread 418-09-2026 00:29:33 [38;5;117m[DEBUG]: [0mThis is a debug message from thread 518-09-2026 00:29:33 [38;5;117m[DEBUG]: [0mThis is a debug message from thread 2818-09-2026 00:29:33 [38;5;015m[INFO]: [0mThis is a info message from thread 2218-09-2026 00:29:33 [38;5;117m[DEBUG]: [0mThis is a debug message from thread 718-09-2026 00:29:33 [38;5;015m[INFO]: [0mThis is a info message from thread 1918-09-2026 00:29:33 [38;5;015m[INFO]: [0mThis is a info message from thread 118-09-2026 00:29:33 [38;5;015m[INFO]: [0mThis is a info message from thread 1318-09-2026 00:29:33 [38;5;009m[ERROR]: [0mThis is a error message from thread 918-09-2026 00:29:33 [38;5;015m[INFO]: [0mThis is a info message from thread 318-09-2026 00:29:33 [38;5;015m[INFO]: [0mThis is a info message from thread 718-09-2026 00:29:33 [38;5;009m[ERROR]: [0mThis is a error message from thread 1918-09-2026 00:29:33 [38;5;009m[ERROR]: [0mThis is a error message from thread 818-09-2026 00:29:33 [38;5;117m[DEBUG]: [0mThis is a debug message from thread 018-09-2026 00:29:33 [38;5;009m[ERROR]: [0mThis is a error message from thread 318-09-2026 00:29:33 [38;5;015m[INFO]: [0mThis is a info message from thread 1818-09-2026 00:29:33 [38;5;009m[ERROR]: [0mThis is a error message from thread 2218-09-2026 00:29:33 [38;5;009m[ERROR]: [0mThis is a error message from thread 118-09-2026 00:29:33 [38;5;117m[DEBUG]: [0mThis is a debug message from thread 318-09-2026 00:29:33 [38;5;015m[INFO]: [0mThis is a info message from thread 2418-09-2026 00:29:33 [38;5;117m[DEBUG]: [0mThis is a debug message from thread 2918-09-2026 00:29:33 [38;5;009m[ERROR]: [0mThis is a error message from thread 1118-09-2026 00:29:33 [38;5;117m[DEBUG]: [0mThis is a debug message from thread 1618-09-2026 00:29:33 [38;5;015m[INFO]: [0mThis is a info message from thread 518-09-2026 00:29:33 [38;5;015m[INFO]: [0mThis is a info message from thread 1218-09-2026 00:29:33 [38;5;117m[DEBUG]: [0mThis is a debug message from thread 918-09-2026 00:29:33 [38;5;009m[ERROR]: [0mThis is a error message from thread 2118-09-2026 00:29:33 [38;5;117m[DEBUG]: [0mThis is a debug message from thread 1118-09-2026 00:29:33 [38;5;117m[DEBUG]: [0mThis is a debug message from thread 2618-09-2026 00:29:33 [38;5;015m[INFO]: [0mThis is a info message from thread 1618-09-2026 00:29:33 [38;5;117m[DEBUG]: [0mThis is a debug message from thread 2318-09-2026 00:29:33 [38;5;009m[ERROR]: [0mThis is a error message from thread 1818-09-2026 00:29:33 [38;5;015m[INFO]: [0mThis is a info message from thread 018-09-2026 00:29:33 [38;5;015m[INFO]: [0mThis is a info message from thread 618-09-2026 00:29:33 [38;5;015m[INFO]: [0mThis is a info message from thread 2618-09-2026 00:29:33 [38;5;009m[ERROR]: [0mThis is a error message from thread 018-09-2026 00:29:33 [38;5;009m[ERROR]: [0mThis is a error message from thread 2418-09-2026 00:29:33 [38;5;015m[INFO]: [0mThis is a info message from thread 2918-09-2026 00:29:33 [38;5;015m[INFO]: [0mThis is a info message from thread 2518-09-2026 00:29:33 [38;5;117m[DEBUG]: [0mThis is a debug message from thread 018-09-2026 00:29:33 [38;5;009m[ERROR]: [0mThis is a error message from thread 1618-09-2026 00:29:33 [38;5;117m[DEBUG]: [0mThis is a debug message from thread 2018-09-2026 00:29:33 [38;5;117m[DEBUG]: [0mThis is a debug message from thread 2218-09-2026 00:29:33 [38;5;015m[INFO]: [0mThis is a info message from thread 2318-09-2026 00:29:33 [38;5;009m[ERROR]: [0mThis is a error message from thread 1718-09-2026 00:29:33 [38;5;009m[ERROR]: [0mThis is a error message from thread 418-09-2026 00:29:33 [38;5;009m[ERROR]: [0mThis is a error message from thread 718-09-2026 00:29:33 [38;5;009m[ERROR]: [0mThis is a error message from thread 2518-09-2026 00:29:33 [38;5;015m[INFO]: [0mThis is a info message from thread 2018-09-2026 00:29:33 [38;5;009m[ERROR]: [0mThis is a error message from thread 2718-09-2026 00:29:33 [38;5;117m[DEBUG]: [0mThis is a debug message from thread 1718-09-2026 00:29:33 [38;5;117m[DEBUG]: [0mThis is a debug message from thread 1818-09-2026 00:29:33 [38;5;015m[INFO]: [0mThis is a info message from thread 2818-09-2026 00:29:33 [38;5;117m[DEBUG]: [0mThis is a debug message from thread 718-09-2026 00:29:33 [38;5;117m[DEBUG]: [0mThis is a debug message from thread 2518-09-2026 00:29:33 [38;5;117m[DEBUG]: [0mThis is a debug message from thread 418-09-2026 00:29:33 [38;5;009m[ERROR]: [0mThis is a error message from thread 2318-09-2026 00:29:33 [38;5;009m[ERROR]: [0mThis is a error message from thread 2818-09-2026 00:29:33 [38;5;015m[INFO]: [0mThis is a info message from thread 2518-09-2026 00:29:33 [38;5;117m[DEBUG]: [0mThis is a debug message from thread 2718-09-2026 00:29:33 [38;5;117m[DEBUG]: [0mThis is a debug message from thread 1918-09-2026 00:29:33 [38;5;015m[INFO]: [0mThis is a info message from thread 1518-09-2026 00:29:33 [38;5;015m[INFO]: [0mThis is a info message from thread 1418-09-2026 00:29:33 [38;5;009m[ERROR]: [0mThis is a error message from thread 1318-09-2026 00:29:33 [38;5;015m[INFO]: [0mThis is a info message from thread 1018-09-2026 00:29:33 [38;5;009m[ERROR]: [0mThis is a error message from thread 518-09-2026 00:29:33 [38;5;015m[INFO]: [0mThis is a info message from thread 718-09-2026 00:29:33 [38;5;015m[INFO]: [0mThis is a info message from thread 1818-09-2026 00:29:33 [38;5;009m[ERROR]: [0mThis is a error message from thread 2618-09-2026 00:29:33 [38;5;015m[INFO]: [0mThis is a info message from thread 418-09-2026 00:29:33 [38;5;009m[ERROR]: [0mThis is a error message from thread 718-09-2026 00:29:33 [38;5;117m[DEBUG]: [0mThis is a debug message from thread 2618-09-2026 00:29:33 [38;5;117m[DEBUG]: [0mThis is a debug message from thread 2418-09-2026 00:29:33 [38;5;009m[ERROR]: [0mThis is a error message from thread 1418-09-2026 00:29:33 [38;5;015m[INFO]: [0mThis is a info message from thread 2618-09-2026 00:29:33 [38;5;117m[DEBUG]: [0mThis is a debug message from thread 2118-09-2026 00:29:33 [38;5;009m[ERROR]: [0mThis is a error message from thread 2618-09-2026 00:29:33 [38;5;009m[ERROR]: [0mThis is a error message from thread 1518-09-2026 00:29:33 [38;5;009m[ERROR]: [0mThis is a error message from thread 1818-09-2026 00:29:33 [38;5;009m[ERROR]: [0mThis is a error message from thread 418-09-2026 00:29:33 [38;5;009m[ERROR]: [0mThis is a error message from thread 1018-09-2026 00:29:33 [38;5;015m[INFO]: [0mThis is a info message from thread 2718-09-2026 00:29:33 [38;5;015m[INFO]: [0mThis is a info message from thread 018-09-2026 00:29:33 [38;5;009m[ERROR]: [0mThis is a error message from thread 1218-09-2026 00:29:33 [38;5;117m[DEBUG]: [0mThis is a debug message from thread 1618-09-2026 00:29:33 [38;5;117m[DEBUG]: [0mThis is a debug message from thread 718-09-2026 00:29:33 [38;5;117m[DEBUG]: [0mThis is a debug message from thread 1218-09-2026 00:29:33 [38;5;015m[INFO]: [0mThis is a info message from thread 718-09-2026 00:29:33 [38;5;015m[INFO]: [0mThis is a info message from thread 1618-09-2026 00:29:33 [38;5;117m[DEBUG]: [0mThis is a debug message from thread 1418-09-2026 00:29:33 [38;5;009m[ERROR]: [0mThis is a error message from thread 1618-09-2026 00:29:33 [38;5;117m[DEBUG]: [0mThis is a debug message from thread 1618-09-2026 00:29:33 [38;5;015m[INFO]: [0mThis is a info message from thread 1218-09-2026 00:29:33 [38;5;015m[INFO]: [0mThis is a info message from thread 1618-09-2026 00:29:33 [38;5;009m[ERROR]: [0mThis is a error message from thread 718-09-2026 00:29:33 [38;5;015m[INFO]: [0mThis is a info message from thread 1418-09-2026 00:29:33 [38;5;009m[ERROR]: [0mThis is a error message from thread 1618-09-2026 00:29:33 [38;5;117m[DEBUG]: [0mThis is a debug message from thread 1518-09-2026 00:29:33 [38;5;009m[ERROR]: [0mThis is a error message from thread 018-09-2026 00:29:33 [38;5;009m[ERROR]: [0mThis is a error message from thread 1218-09-2026 00:29:33 [38;5;117m[DEBUG]: [0mThis is a debug message from thread 718-09-2026 00:29:33 [38;5;015m[INFO]: [0mThis is a info message from thread 718-09-2026 00:29:33 [38;5;117m[DEBUG]: [0mThis is a debug message from thread 1218-09-2026 00:29:33 [38;5;009m[ERROR]: [0mThis is a error message from thread 718-09-2026 00:29:33 [38;5;015m[INFO]: [0mThis is a info message from thread 1718-09-2026 00:29:33 [38;5;117m[DEBUG]: [0mThis is a debug message from thread 118-09-2026 00:29:33 [38;5;117m[DEBUG]: [0mThis is a debug message from thread 418-09-2026 00:29:33 [38;5;117m[DEBUG]: [0mThis is a debug message from thread 1618-09-2026 00:29:33 [38;5;015m[INFO]: [0mThis is a info message from thread 1218-09-2026 00:29:33 [38;5;117m[DEBUG]: [0mThis is a debug message from thread 818-09-2026 00:29:33 [38;5;015m[INFO]: [0mThis is a info message from thread 918-09-2026 00:29:33 [38;5;015m[INFO]: [0mThis is a info message from thread 1618-09-2026 00:29:33 [38;5;009m[ERROR]: [0mThis is a error message from thread 1718-09-2026 00:29:33 [38;5;015m[INFO]: [0mThis is a info message from thread 118-09-2026 00:29:33 [38;5;015m[INFO]: [0mThis is a info message from thread 1518-09-2026 00:29:33 [38;5;009m[ERROR]: [0mThis is a error message from thread 1418-09-2026 00:29:33 [38;5;015m[INFO]: [0mThis is a info message from thread 1118-09-2026 00:29:33 [38;5;117m[DEBUG]: [0mThis is a debug message from thread 1018-09-2026 00:29:33 [38;5;015m[INFO]: [0mThis is a info message from thread 218-09-2026 00:29:33 [38;5;015m[INFO]: [0mThis is a info message from thread 1018-09-2026 00:29:33 [38;5;009m[ERROR]: [0mThis is a error message from thread 2918-09-2026 00:29:33 [38;5;009m[ERROR]: [0mThis is a error message from thread 1118-09-2026 00:29:33 [38;5;009m[ERROR]: [0mThis is a error message from thread 1018-09-2026 00:29:33 [38;5;009m[ERROR]: [0mThis is a error message from thread 2718-09-2026 00:29:33 [38;5;117m[DEBUG]: [0mThis is a debug message from thread 1418-09-2026 00:29:33 [38;5;015m[INFO]: [0mThis is a info message from thread 2418-09-2026 00:29:33 [38;5;117m[DEBUG]: [0mThis is a debug message from thread 1818-09-2026 00:29:33 [38;5;009m[ERROR]: [0mThis is a error message from thread 618-09-2026 00:29:33 [38;5;015m[INFO]: [0mThis is a info message from thread 2218-09-2026 00:29:33 [38;5;015m[INFO]: [0mThis is a info message from thread 418-09-2026 00:29:33 [38;5;117m[DEBUG]: [0mThis is a debug message from thread 018-09-2026 00:29:33 [38;5;009m[ERROR]: [0mThis is a error message from thread 1518-09-2026 00:29:33 [38;5;117m[DEBUG]: [0mThis is a debug message from thread 618-09-2026 00:29:33 [38;5;117m[DEBUG]: [0mThis is a debug message from thread 1018-09-2026 00:29:33 [38;5;009m[ERROR]: [0mThis is a error message from thread 2218-09-2026 00:29:33 [38;5;009m[ERROR]: [0mThis is a error message from thread 418-09-2026 00:29:33 [38;5;015m[INFO]: [0mThis is a info message from thread 1818-09-2026 00:29:33 [38;5;117m[DEBUG]: [0mThis is a debug message from thread 2218-09-2026 00:29:33 [38;5;015m[INFO]: [0mThis is a info message from thread 018-09-2026 00:29:33 [38;5;015m[INFO]: [0mThis is a info message from thread 2218-09-2026 00:29:33 [38;5;117m[DEBUG]: [0mThis is a debug message from thread 1318-09-2026 00:29:33 [38;5;015m[INFO]: [0mThis is a info message from thread 618-09-2026 00:29:33 [38;5;009m[ERROR]: [0mThis is a error message from thread 618-09-2026 00:29:33 [38;5;009m[ERROR]: [0mThis is a error message from thread 2218-09-2026 00:29:33 [38;5;117m[DEBUG]: [0mThis is a debug message from thread 618-09-2026 00:29:33 [38;5;015m[INFO]: [0mThis is a info message from thread 618-09-2026 00:29:33 [38;5;117m[DEBUG]: [0mThis is a debug message from thread 418-09-2026 00:29:33 [38;5;117m[DEBUG]: [0mThis is a debug message from thread 2218-09-2026 00:29:33 [38;5;015m[INFO]: [0mThis is a info message from thread 1318-09-2026 00:29:33 [38;5;009m[ERROR]: [0mThis is a error message from thread 618-09-2026 00:29:33 [38;5;117m[DEBUG]: [0mThis is a debug message from thread 2818-09-2026 00:29:33 [38;5;117m[DEBUG]: [0mThis is a debug message from thread 518-09-2026 00:29:33 [38;5;009m[ERROR]: [0mThis is a error message from thread 218-09-2026 00:29:33 [38;5;009m[ERROR]: [0mThis is a error message from thread 1318-09-2026 00:29:33 [38;5;015m[INFO]: [0mThis is a info message from thread 2818-09-2026 00:29:33 [38;5;009m[ERROR]: [0mThis is a error message from thread 1218-09-2026 00:29:33 [38;5;009m[ERROR]: [0mThis is a error message from thread 1618-09-2026 00:29:33 [38;5;009m[ERROR]: [0mThis is a error message from thread 918-09-2026 00:29:33 [38;5;015m[INFO]: [0mThis is a info message from thread 2218-09-2026 00:29:33 [38;5;009m[ERROR]: [0mThis is a error message from thread 118-09-2026 00:29:33 [38;5;117m[DEBUG]: [0mThis is a debug message from thread 1718-09-2026 00:29:33 [38;5;117m[DEBUG]: [0mThis is a debug message from thread 618-09-2026 00:29:33 [38;5;117m[DEBUG]: [0mThis is a debug message from thread 1118-09-2026 00:29:33 [38;5;015m[INFO]: [0mThis is a info message from thread 1918-09-2026 00:29:33 [38;5;015m[INFO]: [0mThis is a info message from thread 1418-09-2026 00:29:33 [38;5;009m[ERROR]: [0mThis is a error message from thread 1418-09-2026 00:29:33 [38;5;015m[INFO]: [0mThis is a info message from thread 1718-09-2026 00:29:33 [38;5;015m[INFO]: [0mThis is a info message from thread 1118-09-2026 00:29:33 [38;5;117m[DEBUG]: [0mThis is a debug message from thread 1418-09-2026 00:29:33 [38;5;015m[INFO]: [0mThis is a info message from thread 1418-09-2026 00:29:33 [38;5;009m[ERROR]: [0mThis is a error message from thread 2218-09-2026 00:29:33 [38;5;015m[INFO]: [0mThis is a info message from thread 618-09-2026 00:29:33 [38;5;009m[ERROR]: [0mThis is a error message from thread 2818-09-2026 00:29:33 [38;5;009m[ERROR]: [0mThis is a error message from thread 1718-09-2026 00:29:33 [38;5;117m[DEBUG]: [0mThis is a debug message from thread 2218-09-2026 00:29:33 [38;5;117m[DEBUG]: [0mThis is a debug message from thread 718-09-2026 00:29:33 [38;5;009m[ERROR]: [0mThis is a error message from thread 1418-09-2026 00:29:33 [38;5;015m[INFO]: [0mThis is a info message from thread 718-09-2026 00:29:33 [38;5;009m[ERROR]: [0mThis is a error message from thread 718-09-2026 00:29:33 [38;5;117m[DEBUG]: [0mThis is a debug message from thread 2818-09-2026 00:29:33 [38;5;117m[DEBUG]: [0mThis is a debug message from thread 1418-09-2026 00:29:33 [38;5;117m[DEBUG]: [0mThis is a debug message from thread 1518-09-2026 00:29:33 [38;5;117m[DEBUG]: [0mThis is a debug message from thread 1718-09-2026 00:29:33 [38;5;117m[DEBUG]: [0mThis is a debug message from thread 2718-09-2026 00:29:33 [38;5;015m[INFO]: [0mThis is a info message from thread 418-09-2026 00:29:33 [38;5;015m[INFO]: [0mThis is a info message from thread 1718-09-2026 00:29:33 [38;5;009m[ERROR]: [0mThis is a error message from thread 418-09-2026 00:29:33 [38;5;117m[DEBUG]: [0mThis is a debug message from thread 218-09-2026 00:29:33 [38;5;117m[DEBUG]: [0mThis is a debug message from thread 418-09-2026 00:29:33 [38;5;015m[INFO]: [0mThis is a info message from thread 2818-09-2026 00:29:33 [38;5;015m[INFO]: [0mThis is a info message from thread 418-09-2026 00:29:33 [38;5;009m[ERROR]: [0mThis is a error message from thread 418-09-2026 00:29:33 [38;5;015m[INFO]: [0mThis is a info message from thread 218-09-2026 00:29:33 [38;5;015m[INFO]: [0mThis is a info message from thread 1418-09-2026 00:29:33 [38;5;015m[INFO]: [0mThis is a info message from thread 2218-09-2026 00:29:33 [38;5;009m[ERROR]: [0mThis is a error message from thread 2218-09-2026 00:29:33 [38;5;009m[ERROR]: [0mThis is a error message from thread 218-09-2026 00:29:33 [38;5;117m[DEBUG]: [0mThis is a debug message from thread 2218-09-2026 00:29:33 [38;5;117m[DEBUG]: [0mThis is a debug message from thread 118-09-2026 00:29:33 [38;5;117m[DEBUG]: [0mThis is a debug message from thread 218-09-2026 00:29:33 [38;5;009m[ERROR]: [0mThis is a error message from thread 1818-09-2026 00:29:33 [38;5;117m[DEBUG]: [0mThis is a debug message from thread 418-09-2026 00:29:33 [38;5;009m[ERROR]: [0mThis is a error message from thread 2818-09-2026 00:29:33 [38;5;117m[DEBUG]: [0mThis is a debug message from thread 1318-09-2026 00:29:33 [38;5;009m[ERROR]: [0mThis is a error message from thread 1918-09-2026 00:29:33 [38;5;009m[ERROR]: [0mThis is a error message from thread 1118-09-2026 00:29:33 [38;5;009m[ERROR]: [0mThis is a error message from thread 618-09-2026 00:29:33 [38;5;015m[INFO]: [0mThis is a info message from thread 2718-09-2026 00:29:33 [38;5;117m[DEBUG]: [0mThis is a debug message from thread 1218-09-2026 00:29:33 [38;5;015m[INFO]: [0mThis is a info message from thread 418-09-2026 00:29:33 [38;5;009m[ERROR]: [0mThis is a error message from thread 1418-09-2026 00:29:33 [38;5;117m[DEBUG]: [0mThis is a debug message from thread 618-09-2026 00:29:33 [38;5;117m[DEBUG]: [0mThis is a debug message from thread 718-09-2026 00:29:33 [38;5;015m[INFO]: [0mThis is a info message from thread 518-09-2026 00:29:33 [38;5;009m[ERROR]: [0mThis is a error message from thread 2518-09-2026 00:29:33 [38;5;015m[INFO]: [0mThis is a info message from thread 618-09-2026 00:29:33 [38;5;117m[DEBUG]: [0mThis is a debug message from thread 1618-09-2026 00:29:33 [38;5;015m[INFO]: [0mThis is a info message from thread 1318-09-2026 00:29:33 [38;5;117m[DEBUG]: [0mThis is a debug message from thread 2818-09-2026 00:29:33 [38;5;009m[ERROR]: [0mThis is a error message from thread 418-09-2026 00:29:33 [38;5;117m[DEBUG]: [0mThis is a debug message from thread 1118-09-2026 00:29:33 [38;5;015m[INFO]: [0mThis is a info message from thread 2218-09-2026 00:29:33 [38;5;117m[DEBUG]: [0mThis is a debug message from thread 1818-09-2026 00:29:33 [38;5;015m[INFO]: [0mThis is a info message from thread 2818-09-2026 00:29:33 [38;5;009m[ERROR]: [0mThis is a error message from thread 2218-09-2026 00:29:33 [38;5;015m[INFO]: [0mThis is a info message from thread 1618-09-2026 00:29:33 [38;5;015m[INFO]: [0mThis is a info message from thread 218-09-2026 00:29:33 [38;5;117m[DEBUG]: [0mThis is a debug message from thread 918-09-2026 00:29:33 [38;5;015m[INFO]: [0mThis is a info message from thread 918-09-2026 00:29:33 [38;5;117m[DEBUG]: [0mThis is a debug message from thread 2318-09-2026 00:29:33 [38;5;117m[DEBUG]: [0mThis is a debug message from thread 2918-09-2026 00:29:33 [38;5;015m[INFO]: [0mThis is a info message from thread 1018-09-2026 00:29:33 [38;5;009m[ERROR]: [0mThis is a error message from thread 218-09-2026 00:29:33 [38;5;009m[ERROR]: [0mThis is a error message from thread 1018-09-2026 00:29:33 [38;5;117m[DEBUG]: [0mThis is a debug message from thread 218-09-2026 00:29:33 [38;5;009m[ERROR]: [0mThis is a error message from thread 1618-09-2026 00:29:33 [38;5;015m[INFO]: [0mThis is a info message from thread 1218-09-2026 00:29:33 [38;5;015m[INFO]: [0mThis is a info message from thread 218-09-2026 00:29:33 [38;5;009m[ERROR]: [0mThis is a error message from thread 218-09-2026 00:29:33 [38;5;009m[ERROR]: [0mThis is a error message from thread 918-09-2026 00:29:33 [38;5;117m[DEBUG]: [0mThis is a debug message from thread 1018-09-2026 00:29:33 [38;5;015m[INFO]: [0mThis is a info message from thread 1018-09-2026 00:29:33 [38;5;015m[INFO]: [0mThis is a info message from thread 2918-09-2026 00:29:33 [38;5;009m[ERROR]: [0mThis is a error message from thread 1018-09-2026 00:29:33 [38;5;117m[DEBUG]: [0mThis is a debug message from thread 218-09-2026 00:29:33 [38;5;009m[ERROR]: [0mThis is a error message from thread 2818-09-2026 00:29:33 [38;5;009m[ERROR]: [0mThis is a error message from thread 2918-09-2026 00:29:33 [38;5;117m[DEBUG]: [0mThis is a debug message from thread 918-09-2026 00:29:33 [38;5;117m[DEBUG]: [0mThis is a debug message from thread 1018-09-2026 00:29:33 [38;5;117m[DEBUG]: [0mThis is a debug message from thread 2818-09-2026 00:29:33 [38;5;015m[INFO]: [0mThis is a info message from thread 118-09-2026 00:29:33 [38;5;015m[INFO]: [0mThis is a info message from thread 1818-09-2026 00:29:33 [38;5;117m[DEBUG]: [0mThis is a debug message from thread 2918-09-2026 00:29:33 [38;5;009m[ERROR]: [0mThis is a error message from thread 118-09-2026 00:29:33 [38;5;015m[INFO]: [0mThis is a info message from thread 1018-09-2026 00:29:33 [38;5;009m[ERROR]: [0mThis is a error message from thread 018-09-2026 00:29:33 [38;5;009m[ERROR]: [0mThis is a error message from thread 2718-09-2026 00:29:33 [38;5;015m[INFO]: [0mThis is a info message from thread 918-09-2026 00:29:33 [38;5;009m[ERROR]: [0mThis is a error message from thread 1818-09-2026 00:29:33 [38;5;009m[ERROR]: [0mThis is a error message from thread 2018-09-2026 00:29:33 [38;5;015m[INFO]: [0mThis is a info message from thread 1118-09-2026 00:29:33 [38;5;117m[DEBUG]: [0mThis is a debug message from thread 2718-09-2026 00:29:33 [38;5;009m[ERROR]: [0mThis is a error message from thread 1218-09-2026 00:29:33 [38;5;015m[INFO]: [0mThis is a info message from thread 318-09-2026 00:29:33 [38;5;117m[DEBUG]: [0mThis is a debug message from thread 2518-09-2026 00:29:33 [38;5;015m[INFO]: [0mThis is a info message from thread 1518-09-2026 00:29:33 [38;5;117m[DEBUG]: [0mThis is a debug message from thread 418-09-2026 00:29:33 [38;5;009m[ERROR]: [0mThis is a error message from thread 1018-09-2026 00:29:33 [38;5;009m[ERROR]: [0mThis is a error message from thread 318-09-2026 00:29:33 [38;5;117m[DEBUG]: [0mThis is a debug message from thread 1818-09-2026 00:29:33 [38;5;009m[ERROR]: [0mThis is a error message from thread 918-09-2026 00:29:33 [38;5;117m[DEBUG]: [0mThis is a debug message from thread 1218-09-2026 00:29:33 [38;5;117m[DEBUG]: [0mThis is a debug message from thread 1418-09-2026 00:29:33 [38;5;009m[ERROR]: [0mThis is a error message from thread 1518-09-2026 00:29:33 [38;5;009m[ERROR]: [0mThis is a error message from thread 518-09-2026 00:29:33 [38;5;117m[DEBUG]: [0mThis is a debug message from thread 318-09-2026 00:29:33 [38;5;117m[DEBUG]: [0mThis is a debug message from thread 2018-09-2026 00:29:33 [38;5;009m[ERROR]: [0mThis is a error message from thread 1118-09-2026 00:29:33 [38;5;117m[DEBUG]: [0mThis is a debug message from thread 1018-09-2026 00:29:33 [38;5;009m[ERROR]: [0mThis is a error message from thread 1318-09-2026 00:29:33 [38;5;117m[DEBUG]: [0mThis is a debug message from thread 2218-09-2026 00:29:33 [38;5;015m[INFO]: [0mThis is a info message from thread 218-09-2026 00:29:33 [38;5;015m[INFO]: [0mThis is a info message from thread 418-09-2026 00:29:33 [38;5;117m[DEBUG]: [0mThis is a debug message from thread 1518-09-2026 00:29:33 [38;5;015m[INFO]: [0mThis is a info message from thread 2518-09-2026 00:29:33 [38;5;015m[INFO]: [0mThis is a info message from thread 318-09-2026 00:29:33 [38;5;117m[DEBUG]: [0mThis is a debug message from thread 518-09-2026 00:29:33 [38;5;117m[DEBUG]: [0mThis is a debug message from thread 1118-09-2026 00:29:33 [38;5;015m[INFO]: [0mThis is a info message from thread 2018-09-2026 00:29:33 [38;5;015m[INFO]: [0mThis is a info message from thread 1218-09-2026 00:29:33 [38;5;015m[INFO]: [0mThis is a info message from thread 1418-09-2026 00:29:33 [38;5;009m[ERROR]: [0mThis is a error message from thread 318-09-2026 00:29:33 [38;5;009m[ERROR]: [0mThis is a error message from thread 418-09-2026 00:29:33 [38;5;015m[INFO]: [0mThis is a info message from thread 1118-09-2026 00:29:33 [38;5;015m[INFO]: [0mThis is a info message from thread 2218-09-2026 00:29:33 [38;5;117m[DEBUG]: [0mThis is a debug message from thread 918-09-2026 00:29:33 [38;5;009m[ERROR]: [0mThis is a error message from thread 2518-09-2026 00:29:33 [38;5;009m[ERROR]: [0mThis is a error message from thread 1118-09-2026 00:29:33 [38;5;117m[DEBUG]: [0mThis is a debug message from thread 418-09-2026 00:29:33 [38;5;117m[DEBUG]: [0mThis is a debug message from thread 318-09-2026 00:29:33 [38;5;009m[ERROR]: [0mThis is a error message from thread 1218-09-2026 00:29:33 [38;5;015m[INFO]: [0mThis is a info message from thread 518-09-2026 00:29:33 [38;5;117m[DEBUG]: [0mThis is a debug message from thread 1218-09-2026 00:29:33 [38;5;117m[DEBUG]: [0mThis is a debug message from thread 1118-09-2026 00:29:33 [38;5;015m[INFO]: [0mThis is a info message from thread 318-09-2026 00:29:33 [38;5;015m[INFO]: [0mThis is a info message from thread 2818-09-2026 00:29:33 [38;5;015m[INFO]: [0mThis is a info message from thread 1118-09-2026 00:29:33 [38;5;015m[INFO]: [0mThis is a info message from thread 1518-09-2026 00:29:33 [38;5;015m[INFO]: [0mThis is a info message from thread 918-09-2026 00:29:33 [38;5;015m[INFO]: [0mThis is a info message from thread 418-09-2026 00:29:33 [38;5;009m[ERROR]: [0mThis is a error message from thread 2818-09-2026 00:29:33 [38;5;015m[INFO]: [0mThis is a info message from thread 2118-09-2026 00:29:33 [38;5;009m[ERROR]: [0mThis is a error message from thread 2218-09-2026 00:29:33 [38;5;015m[INFO]: [0mThis is a info message from thread 2318-09-2026 00:29:33 [38;5;009m[ERROR]: [0mThis is a error message from thread 318-09-2026 00:29:33 [38;5;117m[DEBUG]: [0mThis is a debug message from thread 1918-09-2026 00:29:33 [38;5;117m[DEBUG]: [0mThis is a debug message from thread 1618-09-2026 00:29:33 [38;5;117m[DEBUG]: [0mThis is a debug message from thread 2618-09-2026 00:29:33 [38;5;009m[ERROR]: [0mThis is a error message from thread 618-09-2026 00:29:33 [38;5;009m[ERROR]: [0mThis is a error message from thread 1718-09-2026 00:29:33 [38;5;117m[DEBUG]: [0mThis is a debug message from thread 2218-09-2026 00:29:33 [38;5;015m[INFO]: [0mThis is a info message from thread 1818-09-2026 00:29:33 [38;5;117m[DEBUG]: [0mThis is a debug message from thread 318-09-2026 00:29:33 [38;5;009m[ERROR]: [0mThis is a error message from thread 418-09-2026 00:29:33 [38;5;117m[DEBUG]: [0mThis is a debug message from thread 018-09-2026 00:29:33 [38;5;009m[ERROR]: [0mThis is a error message from thread 1118-09-2026 00:29:33 [38;5;009m[ERROR]: [0mThis is a error message from thread 2318-09-2026 00:29:33 [38;5;015m[INFO]: [0mThis is a info message from thread 2618-09-2026 00:29:33 [38;5;015m[INFO]: [0mThis is a info message from thread 1618-09-2026 00:29:33 [38;5;117m[DEBUG]: [0mThis is a debug message from thread 2318-09-2026 00:29:33 [38;5;117m[DEBUG]: [0mThis is a debug message from thread 1118-09-2026 00:29:33 [38;5;009m[ERROR]: [0mThis is a error message from thread 1618-09-2026 00:29:33 [38;5;015m[INFO]: [0mThis is a info message from thread 2318-09-2026 00:29:33 [38;5;009m[ERROR]: [0mThis is a error message from thread 2318-09-2026 00:29:33 [38;5;117m[DEBUG]: [0mThis is a debug message from thread 1718-09-2026 00:29:33 [38;5;015m[INFO]: [0mThis is a info message from thread 1918-09-2026 00:29:33 [38;5;117m[DEBUG]: [0mThis is a debug message from thread 618-09-2026 00:29:33 [38;5;117m[DEBUG]: [0mThis is a debug message from thread 2318-09-2026 00:29:33 [38;5;015m[INFO]: [0mThis is a info message from thread 318-09-2026 00:29:33 [38;5;015m[INFO]: [0mThis is a info message from thread 2218-09-2026 00:29:33 [38;5;117m[DEBUG]: [0mThis is a debug message from thread 2518-09-2026 00:29:33 [38;5;009m[ERROR]: [0mThis is a error message from thread 2118-09-2026 00:29:33 [38;5;015m[INFO]: [0mThis is a info message from thread 1718-09-2026 00:29:33 [38;5;117m[DEBUG]: [0mThis is a debug message from thread 1618-09-2026 00:29:33 [38;5;015m[INFO]: [0mThis is a info message from thread 2318-09-2026 00:29:33 [38;5;015m[INFO]: [0mThis is a info message from thread 1618-09-2026 00:29:33 [38;5;009m[ERROR]: [0mThis is a error message from thread 318-09-2026 00:29:33 [38;5;117m[DEBUG]: [0mThis is a debug message from thread 418-09-2026 00:29:33 [38;5;009m[ERROR]: [0mThis is a error message from thread 2318-09-2026 00:29:33 [38;5;015m[INFO]: [0mThis is a info message from thread 2518-09-2026 00:29:33 [38;5;015m[INFO]: [0mThis is a info message from thread 1218-09-2026 00:29:33 [38;5;009m[ERROR]: [0mThis is a error message from thread 218-09-2026 00:29:33 [38;5;015m[INFO]: [0mThis is a info message from thread 018-09-2026 00:29:33 [38;5;009m[ERROR]: [0mThis is a error message from thread 2218-09-2026 00:29:33 [38;5;117m[DEBUG]: [0mThis is a debug message from thread 1318-09-2026 00:29:33 [38;5;009m[ERROR]: [0mThis is a error message from thread 2618-09-2026 00:29:33 [38;5;117m[DEBUG]: [0mThis is a debug message from thread 2318-09-2026 00:29:33 [38;5;009m[ERROR]: [0mThis is a error message from thread 1718-09-2026 00:29:33 [38;5;009m[ERROR]: [0mThis is a error message from thread 1518-09-2026 00:29:33 [38;5;117m[DEBUG]: [0mThis is a debug message from thread 2618-09-2026 00:29:33 [38;5;117m[DEBUG]: [0mThis is a debug message from thread 218-09-2026 00:29:33 [38;5;009m[ERROR]: [0mThis is a error message from thread 2518-09-2026 00:29:33 [38;5;117m[DEBUG]: [0mThis is a debug message from thread 2218-09-2026 00:29:33 [38;5;015m[INFO]: [0mThis is a info message from thread 1318-09-2026 00:29:33 [38;5;015m[INFO]: [0mThis is a info message from thread 2918-09-2026 00:29:33 [38;5;015m[INFO]: [0mThis is a info message from thread 218-09-2026 00:29:33 [38;5;009m[ERROR]: [0mThis is a error message from thread 1418-09-2026 00:29:33 [38;5;117m[DEBUG]: [0mThis is a debug message from thread 1518-09-2026 00:29:33 [38;5;009m[ERROR]: [0mThis is a error message from thread 1318-09-2026 00:29:33 [38;5;117m[DEBUG]: [0mThis is a debug message from thread 2518-09-2026 00:29:33 [38;5;117m[DEBUG]: [0mThis is a debug message from thread 118-09-2026 00:29:33 [38;5;009m[ERROR]: [0mThis is a error message from thread 518-09-2026 00:29:33 [38;5;015m[INFO]: [0mThis is a info message from thread 418-09-2026 00:29:33 [38;5;117m[DEBUG]: [0mThis is a debug message from thread 1718-09-2026 00:29:33 [38;5;015m[INFO]: [0mThis is a info message from thread 1518-09-2026 00:29:33 [38;5;015m[INFO]: [0mThis is a info message from thread 118-09-2026 00:29:33 [38;5;009m[ERROR]: [0mThis is a error message from thread 1218-09-2026 00:29:33 [38;5;117m[DEBUG]: [0mThis is a debug message from thread 1318-09-2026 00:29:33 [38;5;009m[ERROR]: [0mThis is a error message from thread 1918-09-2026 00:29:33 [38;5;009m[ERROR]: [0mThis is a error message from thread 2018-09-2026 00:29:33 [38;5;015m[INFO]: [0mThis is a info message from thread 618-09-2026 00:29:33 [38;5;009m[ERROR]: [0mThis is a error message from thread 2418-09-2026 00:29:33 [38;5;009m[ERROR]: [0mThis is a error message from thread 918-09-2026 00:29:33 [38;5;015m[INFO]: [0mThis is a info message from thread 1318-09-2026 00:29:33 [38;5;009m[ERROR]: [0mThis is a error message from thread 1518-09-2026 00:29:33 [38;5;117m[DEBUG]: [0mThis is a debug message from thread 1918-09-2026 00:29:33 [38;5;015m[INFO]: [0mThis is a info message from thread 2718-09-2026 00:29:33 [38;5;117m[DEBUG]: [0mThis is a debug message from thread 1518-09-2026 00:29:33 [38;5;009m[ERROR]: [0mThis is a error message from thread 118-09-2026 00:29:33 [38;5;117m[DEBUG]: [0mThis is a debug message from thread 2018-09-2026 00:29:33 [38;5;009m[ERROR]: [0mThis is a error message from thread 1818-09-2026 00:29:33 [38;5;015m[INFO]: [0mThis is a info message from thread 1518-09-2026 00:29:33 [38;5;015m[INFO]: [0mThis is a info message from thread 2018-09-2026 00:29:33 [38;5;009m[ERROR]: [0mThis is a error message from thread 1318-09-2026 00:29:33 [38;5;009m[ERROR]: [0mThis is a error message from thread 2018-09-2026 00:29:33 [38;5;117m[DEBUG]: [0mThis is a debug message from thread 1318-09-2026 00:29:33 [38;5;009m[ERROR]: [0mThis is a error message from thread 1518-09-2026 00:29:33 [38;5;015m[INFO]: [0mThis is a info message from thread 1318-09-2026 00:29:33 [38;5;117m[DEBUG]: [0mThis is a debug message from thread 1518-09-2026 00:29:33 [38;5;117m[DEBUG]: [0mThis is a debug message from thread 118-09-2026 00:29:33 [38;5;117m[DEBUG]: [0mThis is a debug message from thread 2018-09-2026 00:29:33 [38;5;117m[DEBUG]: [0mThis is a debug message from thread 518-09-2026 00:29:33 [38;5;117m[DEBUG]: [0mThis is a debug message from thread 1418-09-2026 00:29:33 [38;5;015m[INFO]: [0mThis is a info message from thread 1918-09-2026 00:29:33 [38;5;117m[DEBUG]: [0mThis is a debug message from thread 2418-09-2026 00:29:33 [38;5;015m[INFO]: [0mThis is a info message from thread 1418-09-2026 00:29:33 [38;5;015m[INFO]: [0mThis is a info message from thread 1518-09-2026 00:29:33 [38;5;015m[INFO]: [0mThis is a info message from thread 2018-09-2026 00:29:33 [38;5;009m[ERROR]: [0mThis is a error message from thread 1618-09-2026 00:29:33 [38;5;117m[DEBUG]: [0mThis is a debug message from thread 318-09-2026 00:29:33 [38;5;015m[INFO]: [0mThis is a info message from thread 118-09-2026 00:29:33 [38;5;015m[INFO]: [0mThis is a info message from thread 1018-09-2026 00:29:33 [38;5;117m[DEBUG]: [0mThis is a debug message from thread 2818-09-2026 00:29:33 [38;5;009m[ERROR]: [0mThis is a error message from thread 2718-09-2026 00:29:33 [38;5;015m[INFO]: [0mThis is a info message from thread 1118-09-2026 00:29:33 [38;5;015m[INFO]: [0mThis is a info message from thread 2318-09-2026 00:29:33 [38;5;117m[DEBUG]: [0mThis is a debug message from thread 1218-09-2026 00:29:33 [38;5;009m[ERROR]: [0mThis is a error message from thread 1018-09-2026 00:29:33 [38;5;009m[ERROR]: [0mThis is a error message from thread 1418-09-2026 00:29:33 [38;5;117m[DEBUG]: [0mThis is a debug message from thread 1018-09-2026 00:29:33 [38;5;009m[ERROR]: [0mThis is a error message from thread 218-09-2026 00:29:33 [38;5;015m[INFO]: [0mThis is a info message from thread 518-09-2026 00:29:33 [38;5;009m[ERROR]: [0mThis is a error message from thread 118-09-2026 00:29:33 [38;5;009m[ERROR]: [0mThis is a error message from thread 018-09-2026 00:29:33 [38;5;117m[DEBUG]: [0mThis is a debug message from thread 2718-09-2026 00:29:33 [38;5;015m[INFO]: [0mThis is a info message from thread 1018-09-2026 00:29:33 [38;5;009m[ERROR]: [0mThis is a error message from thread 418-09-2026 00:29:33 [38;5;009m[ERROR]: [0mThis is a error message from thread 1318-09-2026 00:29:33 [38;5;015m[INFO]: [0mThis is a info message from thread 2418-09-2026 00:29:33 [38;5;117m[DEBUG]: [0mThis is a debug message from thread 418-09-2026 00:29:33 [38;5;015m[INFO]: [0mThis is a info message from thread 418-09-2026 00:29:33 [38;5;015m[INFO]: [0mThis is a info message from thread 2718-09-2026 00:29:33 [38;5;117m[DEBUG]: [0mThis is a debug message from thread 1418-09-2026 00:29:33 [38;5;009m[ERROR]: [0mThis is a error message from thread 1118-09-2026 00:29:33 [38;5;009m[ERROR]: [0mThis is a error message from thread 2418-09-2026 00:29:33 [38;5;117m[DEBUG]: [0mThis is a debug message from thread 1618-09-2026 00:29:33 [38;5;117m[DEBUG]: [0mThis is a debug message from thread 018-09-2026 00:29:33 [38;5;015m[INFO]: [0mThis is a info message from thread 1618-09-2026 00:29:33 [38;5;015m[INFO]: [0mThis is a info message from thread 018-09-2026 00:29:33 [38;5;009m[ERROR]: [0mThis is a error message from thread 2018-09-2026 00:29:33 [38;5;009m[ERROR]: [0mThis is a error message from thread 418-09-2026 00:29:33 [38;5;117m[DEBUG]: [0mThis is a debug message from thread 918-09-2026 00:29:33 [38;5;009m[ERROR]: [0mThis is a error message from thread 1918-09-2026 00:29:33 [38;5;009m[ERROR]: [0mThis is a error message from thread 2718-09-2026 00:29:33 [38;5;015m[INFO]: [0mThis is a info message from thread 2818-09-2026 00:29:33 [38;5;117m[DEBUG]: [0mThis is a debug message from thread 118-09-2026 00:29:33 [38;5;009m[ERROR]: [0mThis is a error message from thread 518-09-2026 00:29:33 [38;5;009m[ERROR]: [0mThis is a error message from thread 2818-09-2026 00:29:33 [38;5;015m[INFO]: [0mThis is a info message from thread 1418-09-2026 00:29:33 [38;5;117m[DEBUG]: [0mThis is a debug message from thread 418-09-2026 00:29:33 [38;5;015m[INFO]: [0mThis is a info message from thread 2518-09-2026 00:29:33 [38;5;009m[ERROR]: [0mThis is a error message from thread 018-09-2026 00:29:33 [38;5;015m[INFO]: [0mThis is a info message from thread 1218-09-2026 00:29:33 [38;5;015m[INFO]: [0mThis is a info message from thread 318-09-2026 00:29:33 [38;5;117m[DEBUG]: [0mThis is a debug message from thread 1818-09-2026 00:29:33 [38;5;015m[INFO]: [0mThis is a info message from thread 418-09-2026 00:29:33 [38;5;117m[DEBUG]: [0mThis is a debug message from thread 218-09-2026 00:29:33 [38;5;015m[INFO]: [0mThis is a info message from thread 1818-09-2026 00:29:33 [38;5;117m[DEBUG]: [0mThis is a debug message from thread 2818-09-2026 00:29:33 [38;5;117m[DEBUG]: [0mThis is a debug message from thread 2418-09-2026 00:29:33 [38;5;009m[ERROR]: [0mThis is a error message from thread 1218-09-2026 00:29:33 [38;5;117m[DEBUG]: [0mThis is a debug message from thread 018-09-2026 00:29:33 [38;5;009m[ERROR]: [0mThis is a error message from thread 2518-09-2026 00:29:33 [38;5;015m[INFO]: [0mThis is a info message from thread 2418-09-2026 00:29:33 [38;5;009m[ERROR]: [0mThis is a error message from thread 1618-09-2026 00:29:33 [38;5;009m[ERROR]: [0mThis is a error message from thread 1818-09-2026 00:29:33 [38;5;117m[DEBUG]: [0mThis is a debug message from thread 1218-09-2026 00:29:33 [38;5;009m[ERROR]: [0mThis is a error message from thread 2418-09-2026 00:29:33 [38;5;009m[ERROR]: [0mThis is a error message from thread 2318-09-2026 00:29:33 [38;5;117m[DEBUG]: [0mThis is a debug message from thread 2418-09-2026 00:29:33 [38;5;015m[INFO]: [0mThis is a info message from thread 018-09-2026 00:29:33 [38;5;117m[DEBUG]: [0mThis is a debug message from thread 2518-09-2026 00:29:33 [38;5;117m[DEBUG]: [0mThis is a debug message from thread 2718-09-2026 00:29:33 [38;5;009m[ERROR]: [0mThis is a error message from thread 018-09-2026 00:29:33 [38;5;117m[DEBUG]: [0mThis is a debug message from thread 018-09-2026 00:29:33 [38;5;015m[INFO]: [0mThis is a info message from thread 118-09-2026 00:29:33 [38;5;015m[INFO]: [0mThis is a info message from thread 2418-09-2026 00:29:33 [38;5;015m[INFO]: [0mThis is a info message from thread 2518-09-2026 00:29:33 [38;5;117m[DEBUG]: [0mThis is a debug message from thread 1318-09-2026 00:29:33 [38;5;009m[ERROR]: [0mThis is a error message from thread 1018-09-2026 00:29:33 [38;5;009m[ERROR]: [0mThis is a error message from thread 1418-09-2026 00:29:33 [38;5;009m[ERROR]: [0mThis is a error message from thread 2418-09-2026 00:29:33 [38;5;117m[DEBUG]: [0mThis is a debug message from thread 2018-09-2026 00:29:33 [38;5;117m[DEBUG]: [0mThis is a debug message from thread 1618-09-2026 00:29:33 [38;5;009m[ERROR]: [0mThis is a error message from thread 618-09-2026 00:29:33 [38;5;015m[INFO]: [0mThis is a info message from thread 2618-09-2026 00:29:33 [38;5;009m[ERROR]: [0mThis is a error message from thread 1518-09-2026 00:29:33 [38;5;117m[DEBUG]: [0mThis is a debug message from thread 2418-09-2026 00:29:33 [38;5;015m[INFO]: [0mThis is a info message from thread 2018-09-2026 00:29:33 [38;5;009m[ERROR]: [0mThis is a error message from thread 2518-09-2026 00:29:33 [38;5;015m[INFO]: [0mThis is a info message from thread 2418-09-2026 00:29:33 [38;5;117m[DEBUG]: [0mThis is a debug message from thread 1018-09-2026 00:29:33 [38;5;009m[ERROR]: [0mThis is a error message from thread 2418-09-2026 00:29:33 [38;5;117m[DEBUG]: [0mThis is a debug message from thread 2318-09-2026 00:29:33 [38;5;117m[DEBUG]: [0mThis is a debug message from thread 1418-09-2026 00:29:33 [38;5;015m[INFO]: [0mThis is a info message from thread 1618-09-2026 00:29:33 [38;5;009m[ERROR]: [0mThis is a error message from thread 118-09-2026 00:29:33 [38;5;015m[INFO]: [0mThis is a info message from thread 2718-09-2026 00:29:33 [38;5;117m[DEBUG]: [0mThis is a debug message from thread 1518-09-2026 00:29:33 [38;5;117m[DEBUG]: [0mThis is a debug message from thread 2418-09-2026 00:29:33 [38;5;015m[INFO]: [0mThis is a info message from thread 2818-09-2026 00:29:33 [38;5;009m[ERROR]: [0mThis is a error message from thread 418-09-2026 00:29:33 [38;5;015m[INFO]: [0mThis is a info message from thread 2418-09-2026 00:29:33 [38;5;015m[INFO]: [0mThis is a info message from thread 2218-09-2026 00:29:33 [38;5;009m[ERROR]: [0mThis is a error message from thread 2618-09-2026 00:29:33 [38;5;009m[ERROR]: [0mThis is a error message from thread 2418-09-2026 00:29:33 [38;5;117m[DEBUG]: [0mThis is a debug message from thread 118-09-2026 00:29:33 [38;5;117m[DEBUG]: [0mThis is a debug message from thread 2418-09-2026 00:29:33 [38;5;009m[ERROR]: [0mThis is a error message from thread 2018-09-2026 00:29:33 [38;5;117m[DEBUG]: [0mThis is a debug message from thread 2118-09-2026 00:29:33 [38;5;009m[ERROR]: [0mThis is a error message from thread 2818-09-2026 00:29:33 [38;5;117m[DEBUG]: [0mThis is a debug message from thread 1918-09-2026 00:29:33 [38;5;009m[ERROR]: [0mThis is a error message from thread 2718-09-2026 00:29:33 [38;5;117m[DEBUG]: [0mThis is a debug message from thread 2618-09-2026 00:29:33 [38;5;117m[DEBUG]: [0mThis is a debug message from thread 2018-09-2026 00:29:33 [38;5;015m[INFO]: [0mThis is a info message from thread 2118-09-2026 00:29:33 [38;5;015m[INFO]: [0mThis is a info message from thread 1718-09-2026 00:29:33 [38;5;009m[ERROR]: [0mThis is a error message from thread 318-09-2026 00:29:33 [38;5;117m[DEBUG]: [0mThis is a debug message from thread 518-09-2026 00:29:33 [38;5;015m[INFO]: [0mThis is a info message from thread 818-09-2026 00:29:33 [38;5;117m[DEBUG]: [0mThis is a debug message from thread 618-09-2026 00:29:33 [38;5;009m[ERROR]: [0mThis is a error message from thread 1718-09-2026 00:29:33 [38;5;009m[ERROR]: [0mThis is a error message from thread 1618-09-2026 00:29:33 [38;5;015m[INFO]: [0mThis is a info message from thread 918-09-2026 00:29:33 [38;5;015m[INFO]: [0mThis is a info message from thread 1218-09-2026 00:29:33 [38;5;015m[INFO]: [0mThis is a info message from thread 018-09-2026 00:29:33 [38;5;117m[DEBUG]: [0mThis is a debug message from thread 1818-09-2026 00:29:33 [38;5;015m[INFO]: [0mThis is a info message from thread 618-09-2026 00:29:33 [38;5;015m[INFO]: [0mThis is a info message from thread 2318-09-2026 00:29:33 [38;5;015m[INFO]: [0mThis is a info message from thread 1318-09-2026 00:29:33 [38;5;015m[INFO]: [0mThis is a info message from thread 2618-09-2026 00:29:33 [38;5;015m[INFO]: [0mThis is a info message from thread 1818-09-2026 00:29:33 [38;5;009m[ERROR]: [0mThis is a error message from thread 018-09-2026 00:29:33 [38;5;015m[INFO]: [0mThis is a info message from thread 1018-09-2026 00:29:33 [38;5;009m[ERROR]: [0mThis is a error message from thread 1818-09-2026 00:29:33 [38;5;117m[DEBUG]: [0mThis is a debug message from thread 018-09-2026 00:29:33 [38;5;009m[ERROR]: [0mThis is a error message from thread 1318-09-2026 00:29:33 [38;5;117m[DEBUG]: [0mThis is a debug message from thread 1818-09-2026 00:29:33 [38;5;015m[INFO]: [0mThis is a info message from thread 018-09-2026 00:29:33 [38;5;009m[ERROR]: [0mThis is a error message from thread 1018-09-2026 00:29:33 [38;5;117m[DEBUG]: [0mThis is a debug message from thread 2518-09-2026 00:29:33 [38;5;117m[DEBUG]: [0mThis is a debug message from thread 2818-09-2026 00:29:33 [38;5;009m[ERROR]: [0mThis is a error message from thread 2618-09-2026 00:29:33 [38;5;009m[ERROR]: [0mThis is a error message from thread 018-09-2026 00:29:33 [38;5;117m[DEBUG]: [0mThis is a debug message from thread 018-09-2026 00:29:33 [38;5;117m[DEBUG]: [0mThis is a debug message from thread 1018-09-2026 00:29:33 [38;5;015m[INFO]: [0mThis is a info message from thread 018-09-2026 00:29:33 [38;5;015m[INFO]: [0mThis is a info message from thread 1818-09-2026 00:29:33 [38;5;015m[INFO]: [0mThis is a info message from thread 2518-09-2026 00:29:33 [38;5;009m[ERROR]: [0mThis is a error message from thread 2518-09-2026 00:29:33 [38;5;009m[ERROR]: [0mThis is a error message from thread 018-09-2026 00:29:33 [38;5;015m[INFO]: [0mThis is a info message from thread 2418-09-2026 00:29:33 [38;5;117m[DEBUG]: [0mThis is a debug message from thread 2618-09-2026 00:29:33 [38;5;009m[ERROR]: [0mThis is a error message from thread 2218-09-2026 00:29:33 [38;5;117m[DEBUG]: [0mThis is a debug message from thread 018-09-2026 00:29:33 [38;5;009m[ERROR]: [0mThis is a error message from thread 1818-09-2026 00:29:33 [38;5;009m[ERROR]: [0mThis is a error message from thread 2418-09-2026 00:29:33 [38;5;015m[INFO]: [0mThis is a info message from thread 018-09-2026 00:29:33 [38;5;015m[INFO]: [0mThis is a info message from thread 718-09-2026 00:29:33 [38;5;015m[INFO]: [0mThis is a info message from thread 2818-09-2026 00:29:33 [38;5;009m[ERROR]: [0mThis is a error message from thread 018-09-2026 00:29:33 [38;5;009m[ERROR]: [0mThis is a error message from thread 718-09-2026 00:29:33 [38;5;117m[DEBUG]: [0mThis is a debug message from thread 018-09-2026 00:29:33 [38;5;009m[ERROR]: [0mThis is a error message from thread 1218-09-2026 00:29:33 [38;5;009m[ERROR]: [0mThis is a error message from thread 918-09-2026 00:29:33 [38;5;009m[ERROR]: [0mThis is a error message from thread 618-09-2026 00:29:33 [38;5;015m[INFO]: [0mThis is a info message from thread 118-09-2026 00:29:33 [38;5;015m[INFO]: [0mThis is a info message from thread 018-09-2026 00:29:33 [38;5;009m[ERROR]: [0mThis is a error message from thread 818-09-2026 00:29:33 [38;5;015m[INFO]: [0mThis is a info message from thread 518-09-2026 00:29:33 [38;5;117m[DEBUG]: [0mThis is a debug message from thread 1218-09-2026 00:29:33 [38;5;009m[ERROR]: [0mThis is a error message from thread 018-09-2026 00:29:33 [38;5;117m[DEBUG]: [0mThis is a debug message from thread 318-09-2026 00:29:33 [38;5;015m[INFO]: [0mThis is a info message from thread 218-09-2026 00:29:33 [38;5;117m[DEBUG]: [0mThis is a debug message from thread 618-09-2026 00:29:33 [38;5;009m[ERROR]: [0mThis is a error message from thread 2318-09-2026 00:29:33 [38;5;117m[DEBUG]: [0mThis is a debug message from thread 018-09-2026 00:29:33 [38;5;015m[INFO]: [0mThis is a info message from thread 318-09-2026 00:29:33 [38;5;117m[DEBUG]: [0mThis is a debug message from thread 2218-09-2026 00:29:33 [38;5;117m[DEBUG]: [0mThis is a debug message from thread 918-09-2026 00:29:33 [38;5;117m[DEBUG]: [0mThis is a debug message from thread 418-09-2026 00:29:33 [38;5;015m[INFO]: [0mThis is a info message from thread 018-09-2026 00:29:33 [38;5;015m[INFO]: [0mThis is a info message from thread 2218-09-2026 00:29:33 [38;5;009m[ERROR]: [0mThis is a error message from thread 318-09-2026 00:29:33 [38;5;117m[DEBUG]: [0mThis is a debug message from thread 1318-09-2026 00:29:33 [38;5;015m[INFO]: [0mThis is a info message from thread 1518-09-2026 00:29:33 [38;5;009m[ERROR]: [0mThis is a error message from thread 018-09-2026 00:29:33 [38;5;009m[ERROR]: [0mThis is a error message from thread 2218-09-2026 00:29:33 [38;5;117m[DEBUG]: [0mThis is a debug message from thread 2518-09-2026 00:29:33 [38;5;117m[DEBUG]: [0mThis is a debug message from thread 2218-09-2026 00:29:33 [38;5;009m[ERROR]: [0mThis is a error message from thread 2118-09-2026 00:29:33 [38;5;015m[INFO]: [0mThis is a info message from thread 1318-09-2026 00:29:33 [38;5;009m[ERROR]: [0mThis is a error message from thread 1518-09-2026 00:29:33 [38;5;009m[ERROR]: [0mThis is a error message from thread 2818-09-2026 00:29:33 [38;5;009m[ERROR]: [0mThis is a error message from thread 1318-09-2026 00:29:33 [38;5;117m[DEBUG]: [0mThis is a debug message from thread 1518-09-2026 00:29:33 [38;5;117m[DEBUG]: [0mThis is a debug message from thread 2818-09-2026 00:29:33 [38;5;117m[DEBUG]: [0mThis is a debug message from thread 1318-09-2026 00:29:33 [38;5;015m[INFO]: [0mThis is a info message from thread 2218-09-2026 00:29:33 [38;5;015m[INFO]: [0mThis is a info message from thread 1918-09-2026 00:29:33 [38;5;009m[ERROR]: [0mThis is a error message from thread 2218-09-2026 00:29:33 [38;5;009m[ERROR]: [0mThis is a error message from thread 118-09-2026 00:29:33 [38;5;009m[ERROR]: [0mThis is a error message from thread 1918-09-2026 00:29:33 [38;5;117m[DEBUG]: [0mThis is a debug message from thread 2418-09-2026 00:29:33 [38;5;117m[DEBUG]: [0mThis is a debug message from thread 1918-09-2026 00:29:33 [38;5;117m[DEBUG]: [0mThis is a debug message from thread 1118-09-2026 00:29:33 [38;5;015m[INFO]: [0mThis is a info message from thread 1918-09-2026 00:29:33 [38;5;015m[INFO]: [0mThis is a info message from thread 2418-09-2026 00:29:33 [38;5;009m[ERROR]: [0mThis is a error message from thread 2418-09-2026 00:29:33 [38;5;015m[INFO]: [0mThis is a info message from thread 1318-09-2026 00:29:33 [38;5;015m[INFO]: [0mThis is a info message from thread 1018-09-2026 00:29:33 [38;5;009m[ERROR]: [0mThis is a error message from thread 1018-09-2026 00:29:33 [38;5;117m[DEBUG]: [0mThis is a debug message from thread 718-09-2026 00:29:33 [38;5;009m[ERROR]: [0mThis is a error message from thread 1318-09-2026 00:29:33 [38;5;117m[DEBUG]: [0mThis is a debug message from thread 1018-09-2026 00:29:33 [38;5;015m[INFO]: [0mThis is a info message from thread 2818-09-2026 00:29:33 [38;5;009m[ERROR]: [0mThis is a error message from thread 1918-09-2026 00:29:33 [38;5;009m[ERROR]: [0mThis is a error message from thread 218-09-2026 00:29:33 [38;5;117m[DEBUG]: [0mThis is a debug message from thread 2418-09-2026 00:29:33 [38;5;117m[DEBUG]: [0mThis is a debug message from thread 1618-09-2026 00:29:33 [38;5;117m[DEBUG]: [0mThis is a debug message from thread 1718-09-2026 00:29:33 [38;5;015m[INFO]: [0mThis is a info message from thread 618-09-2026 00:29:33 [38;5;117m[DEBUG]: [0mThis is a debug message from thread 1318-09-2026 00:29:33 [38;5;117m[DEBUG]: [0mThis is a debug message from thread 1818-09-2026 00:29:33 [38;5;015m[INFO]: [0mThis is a info message from thread 1018-09-2026 00:29:33 [38;5;015m[INFO]: [0mThis is a info message from thread 918-09-2026 00:29:33 [38;5;117m[DEBUG]: [0mThis is a debug message from thread 2218-09-2026 00:29:33 [38;5;015m[INFO]: [0mThis is a info message from thread 1618-09-2026 00:29:33 [38;5;009m[ERROR]: [0mThis is a error message from thread 618-09-2026 00:29:33 [38;5;117m[DEBUG]: [0mThis is a debug message from thread 1918-09-2026 00:29:33 [38;5;015m[INFO]: [0mThis is a info message from thread 418-09-2026 00:29:33 [38;5;117m[DEBUG]: [0mThis is a debug message from thread 118-09-2026 00:29:33 [38;5;117m[DEBUG]: [0mThis is a debug message from thread 318-09-2026 00:29:33 [38;5;015m[INFO]: [0mThis is a info message from thread 1718-09-2026 00:29:33 [38;5;015m[INFO]: [0mThis is a info message from thread 1118-09-2026 00:29:33 [38;5;015m[INFO]: [0mThis is a info message from thread 2518-09-2026 00:29:33 [38;5;015m[INFO]: [0mThis is a info message from thread 1918-09-2026 00:29:33 [38;5;015m[INFO]: [0mThis is a info message from thread 2018-09-2026 00:29:33 [38;5;015m[INFO]: [0mThis is a info message from thread 2218-09-2026 00:29:33 [38;5;015m[INFO]: [0mThis is a info message from thread 1818-09-2026 00:29:33 [38;5;009m[ERROR]: [0mThis is a error message from thread 1118-09-2026 00:29:33 [38;5;117m[DEBUG]: [0mThis is a debug message from thread 018-09-2026 00:29:33 [38;5;015m[INFO]: [0mThis is a info message from thread 2618-09-2026 00:29:33 [38;5;009m[ERROR]: [0mThis is a error message from thread 1618-09-2026 00:29:33 [38;5;015m[INFO]: [0mThis is a info message from thread 118-09-2026 00:29:33 [38;5;009m[ERROR]: [0mThis is a error message from thread 2018-09-2026 00:29:33 [38;5;009m[ERROR]: [0mThis is a error message from thread 2218-09-2026 00:29:33 [38;5;009m[ERROR]: [0mThis is a error message from thread 918-09-2026 00:29:33 [38;5;009m[ERROR]: [0mThis is a error message from thread 1918-09-2026 00:29:33 [38;5;117m[DEBUG]: [0mThis is a debug message from thread 1618-09-2026 00:29:33 [38;5;117m[DEBUG]: [0mThis is a debug message from thread 1118-09-2026 00:29:33 [38;5;015m[INFO]: [0mThis is a info message from thread 1218-09-2026 00:29:33 [38;5;117m[DEBUG]: [0mThis is a debug message from thread 2218-09-2026 00:29:33 [38;5;117m[DEBUG]: [0mThis is a debug message from thread 918-09-2026 00:29:33 [38;5;015m[INFO]: [0mThis is a info message from thread 2218-09-2026 00:29:33 [38;5;015m[INFO]: [0mThis is a info message from thread 918-09-2026 00:29:33 [38;5;009m[ERROR]: [0mThis is a error message from thread 2818-09-2026 00:29:33 [38;5;009m[ERROR]: [0mThis is a error message from thread 2618-09-2026 00:29:33 [38;5;009m[ERROR]: [0mThis is a error message from thread 1718-09-2026 00:29:33 [38;5;009m[ERROR]: [0mThis is a error message from thread 2218-09-2026 00:29:33 [38;5;009m[ERROR]: [0mThis is a error message from thread 118-09-2026 00:29:33 [38;5;015m[INFO]: [0mThis is a info message from thread 718-09-2026 00:29:33 [38;5;009m[ERROR]: [0mThis is a error message from thread 518-09-2026 00:29:33 [38;5;015m[INFO]: [0mThis is a info message from thread 318-09-2026 00:29:33 [38;5;015m[INFO]: [0mThis is a info message from thread 1518-09-2026 00:29:33 [38;5;015m[INFO]: [0mThis is a info message from thread 1318-09-2026 00:29:33 [38;5;117m[DEBUG]: [0mThis is a debug message from thread 2118-09-2026 00:29:33 [38;5;009m[ERROR]: [0mThis is a error message from thread 1318-09-2026 00:29:33 [38;5;015m[INFO]: [0mThis is a info message from thread 1418-09-2026 00:29:33 [38;5;117m[DEBUG]: [0mThis is a debug message from thread 1918-09-2026 00:29:33 [38;5;009m[ERROR]: [0mThis is a error message from thread 1518-09-2026 00:29:33 [38;5;117m[DEBUG]: [0mThis is a debug message from thread 618-09-2026 00:29:33 [38;5;117m[DEBUG]: [0mThis is a debug message from thread 118-09-2026 00:29:33 [38;5;009m[ERROR]: [0mThis is a error message from thread 1418-09-2026 00:29:33 [38;5;009m[ERROR]: [0mThis is a error message from thread 718-09-2026 00:29:33 [38;5;009m[ERROR]: [0mThis is a error message from thread 418-09-2026 00:29:33 [38;5;015m[INFO]: [0mThis is a info message from thread 2118-09-2026 00:29:33 [38;5;117m[DEBUG]: [0mThis is a debug message from thread 1418-09-2026 00:29:33 [38;5;009m[ERROR]: [0mThis is a error message from thread 918-09-2026 00:29:33 [38;5;117m[DEBUG]: [0mThis is a debug message from thread 2218-09-2026 00:29:33 [38;5;117m[DEBUG]: [0mThis is a debug message from thread 818-09-2026 00:29:33 [38;5;117m[DEBUG]: [0mThis is a debug message from thread 718-09-2026 00:29:33 [38;5;015m[INFO]: [0mThis is a info message from thread 718-09-2026 00:29:33 [38;5;015m[INFO]: [0mThis is a info message from thread 2418-09-2026 00:29:33 [38;5;015m[INFO]: [0mThis is a info message from thread 818-09-2026 00:29:33 [38;5;015m[INFO]: [0mThis is a info message from thread 1618-09-2026 00:29:33 [38;5;015m[INFO]: [0mThis is a info message from thread 1918-09-2026 00:29:33 [38;5;009m[ERROR]: [0mThis is a error message from thread 818-09-2026 00:29:33 [38;5;009m[ERROR]: [0mThis is a error message from thread 1918-09-2026 00:29:33 [38;5;015m[INFO]: [0mThis is a info message from thread 1418-09-2026 00:29:33 [38;5;117m[DEBUG]: [0mThis is a debug message from thread 2318-09-2026 00:29:33 [38;5;117m[DEBUG]: [0mThis is a debug message from thread 1718-09-2026 00:29:33 [38;5;117m[DEBUG]: [0mThis is a debug message from thread 2618-09-2026 00:29:33 [38;5;117m[DEBUG]: [0mThis is a debug message from thread 818-09-2026 00:29:33 [38;5;009m[ERROR]: [0mThis is a error message from thread 1218-09-2026 00:29:33 [38;5;117m[DEBUG]: [0mThis is a debug message from thread 1918-09-2026 00:29:33 [38;5;015m[INFO]: [0mThis is a info message from thread 018-09-2026 00:29:33 [38;5;117m[DEBUG]: [0mThis is a debug message from thread 1318-09-2026 00:29:33 [38;5;117m[DEBUG]: [0mThis is a debug message from thread 218-09-2026 00:29:33 [38;5;117m[DEBUG]: [0mThis is a debug message from thread 418-09-2026 00:29:33 [38;5;015m[INFO]: [0mThis is a info message from thread 2318-09-2026 00:29:33 [38;5;009m[ERROR]: [0mThis is a error message from thread 1018-09-2026 00:29:33 [38;5;015m[INFO]: [0mThis is a info message from thread 1918-09-2026 00:29:33 [38;5;015m[INFO]: [0mThis is a info message from thread 118-09-2026 00:29:33 [38;5;015m[INFO]: [0mThis is a info message from thread 418-09-2026 00:29:33 [38;5;009m[ERROR]: [0mThis is a error message from thread 1818-09-2026 00:29:33 [38;5;009m[ERROR]: [0mThis is a error message from thread 1918-09-2026 00:29:33 [38;5;009m[ERROR]: [0mThis is a error message from thread 2918-09-2026 00:29:33 [38;5;009m[ERROR]: [0mThis is a error message from thread 018-09-2026 00:29:33 [38;5;117m[DEBUG]: [0mThis is a debug message from thread 2918-09-2026 00:29:33 [38;5;009m[ERROR]: [0mThis is a error message from thread 1618-09-2026 00:29:33 [38;5;009m[ERROR]: [0mThis is a error message from thread 2418-09-2026 00:29:33 [38;5;015m[INFO]: [0mThis is a info message from thread 1318-09-2026 00:29:33 [38;5;117m[DEBUG]: [0mThis is a debug message from thread 1518-09-2026 00:29:33 [38;5;015m[INFO]: [0mThis is a info message from thread 618-09-2026 00:29:33 [38;5;009m[ERROR]: [0mThis is a error message from thread 2118-09-2026 00:29:33 [38;5;117m[DEBUG]: [0mThis is a debug message from thread 1218-09-2026 00:29:33 [38;5;009m[ERROR]: [0mThis is a error message from thread 1318-09-2026 00:29:33 [38;5;009m[ERROR]: [0mThis is a error message from thread 718-09-2026 00:29:33 [38;5;117m[DEBUG]: [0mThis is a debug message from thread 018-09-2026 00:29:33 [38;5;009m[ERROR]: [0mThis is a error message from thread 618-09-2026 00:29:33 [38;5;015m[INFO]: [0mThis is a info message from thread 1218-09-2026 00:29:33 [38;5;117m[DEBUG]: [0mThis is a debug message from thread 1018-09-2026 00:29:33 [38;5;009m[ERROR]: [0mThis is a error message from thread 118-09-2026 00:29:33 [38;5;009m[ERROR]: [0mThis is a error message from thread 418-09-2026 00:29:33 [38;5;009m[ERROR]: [0mThis is a error message from thread 1218-09-2026 00:29:33 [38;5;117m[DEBUG]: [0mThis is a debug message from thread 1318-09-2026 00:29:33 [38;5;015m[INFO]: [0mThis is a info message from thread 1718-09-2026 00:29:33 [38;5;009m[ERROR]: [0mThis is a error message from thread 318-09-2026 00:29:33 [38;5;117m[DEBUG]: [0mThis is a debug message from thread 1218-09-2026 00:29:33 [38;5;117m[DEBUG]: [0mThis is a debug message from thread 2818-09-2026 00:29:33 [38;5;015m[INFO]: [0mThis is a info message from thread 818-09-2026 00:29:33 [38;5;015m[INFO]: [0mThis is a info message from thread 1218-09-2026 00:29:33 [38;5;015m[INFO]: [0mThis is a info message from thread 1118-09-2026 00:29:33 [38;5;117m[DEBUG]: [0mThis is a debug message from thread 2418-09-2026 00:29:33 [38;5;117m[DEBUG]: [0mThis is a debug message from thread 718-09-2026 00:29:33 [38;5;117m[DEBUG]: [0mThis is a debug message from thread 2118-09-2026 00:29:33 [38;5;009m[ERROR]: [0mThis is a error message from thread 1118-09-2026 00:29:33 [38;5;015m[INFO]: [0mThis is a info message from thread 2418-09-2026 00:29:33 [38;5;009m[ERROR]: [0mThis is a error message from thread 1218-09-2026 00:29:33 [38;5;117m[DEBUG]: [0mThis is a debug message from thread 2018-09-2026 00:29:33 [38;5;117m[DEBUG]: [0mThis is a debug message from thread 1118-09-2026 00:29:33 [38;5;009m[ERROR]: [0mThis is a error message from thread 2418-09-2026 00:29:33 [38;5;117m[DEBUG]: [0mThis is a debug message from thread 1218-09-2026 00:29:33 [38;5;015m[INFO]: [0mThis is a info message from thread 1018-09-2026 00:29:33 [38;5;015m[INFO]: [0mThis is a info message from thread 2818-09-2026 00:29:33 [38;5;117m[DEBUG]: [0mThis is a debug message from thread 2718-09-2026 00:29:33 [38;5;015m[INFO]: [0mThis is a info message from thread 1118-09-2026 00:29:33 [38;5;117m[DEBUG]: [0mThis is a debug message from thread 2418-09-2026 00:29:33 [38;5;117m[DEBUG]: [0mThis is a debug message from thread 1818-09-2026 00:29:33 [38;5;015m[INFO]: [0mThis is a info message from thread 2418-09-2026 00:29:33 [38;5;015m[INFO]: [0mThis is a info message from thread 1218-09-2026 00:29:33 [38;5;009m[ERROR]: [0mThis is a error message from thread 818-09-2026 00:29:33 [38;5;009m[ERROR]: [0mThis is a error message from thread 1118-09-2026 00:29:33 [38;5;009m[ERROR]: [0mThis is a error message from thread 2818-09-2026 00:29:33 [38;5;009m[ERROR]: [0mThis is a error message from thread 2418-09-2026 00:29:33 [38;5;117m[DEBUG]: [0mThis is a debug message from thread 2418-09-2026 00:29:33 [38;5;015m[INFO]: [0mThis is a info message from thread 1318-09-2026 00:29:33 [38;5;009m[ERROR]: [0mThis is a error message from thread 1318-09-2026 00:29:33 [38;5;117m[DEBUG]: [0mThis is a debug message from thread 318-09-2026 00:29:33 [38;5;009m[ERROR]: [0mThis is a error message from thread 1218-09-2026 00:29:33 [38;5;015m[INFO]: [0mThis is a info message from thread 2418-09-2026 00:29:33 [38;5;117m[DEBUG]: [0mThis is a debug message from thread 918-09-2026 00:29:33 [38;5;117m[DEBUG]: [0mThis is a debug message from thread 1118-09-2026 00:29:33 [38;5;015m[INFO]: [0mThis is a info message from thread 2018-09-2026 00:29:33 [38;5;015m[INFO]: [0mThis is a info message from thread 2118-09-2026 00:29:33 [38;5;117m[DEBUG]: [0mThis is a debug message from thread 2818-09-2026 00:29:33 [38;5;015m[INFO]: [0mThis is a info message from thread 918-09-2026 00:29:33 [38;5;015m[INFO]: [0mThis is a info message from thread 218-09-2026 00:29:33 [38;5;009m[ERROR]: [0mThis is a error message from thread 2518-09-2026 00:29:33 [38;5;009m[ERROR]: [0mThis is a error message from thread 2418-09-2026 00:29:33 [38;5;117m[DEBUG]: [0mThis is a debug message from thread 1918-09-2026 00:29:33 [38;5;117m[DEBUG]: [0mThis is a debug message from thread 518-09-2026 00:29:33 [38;5;009m[ERROR]: [0mThis is a error message from thread 918-09-2026 00:29:33 [38;5;015m[INFO]: [0mThis is a info message from thread 2918-09-2026 00:29:33 [38;5;009m[ERROR]: [0mThis is a error message from thread 2918-09-2026 00:29:33 [38;5;009m[ERROR]: [0mThis is a error message from thread 218-09-2026 00:29:33 [38;5;015m[INFO]: [0mThis is a info message from thread 518-09-2026 00:29:33 [38;5;009m[ERROR]: [0mThis is a error message from thread 2118-09-2026 00:29:33 [38;5;117m[DEBUG]: [0mThis is a debug message from thread 2418-09-2026 00:29:33 [38;5;117m[DEBUG]: [0mThis is a debug message from thread 218-09-2026 00:29:33 [38;5;015m[INFO]: [0mThis is a info message from thread 1818-09-2026 00:29:33 [38;5;117m[DEBUG]: [0mThis is a debug message from thread 2918-09-2026 00:29:33 [38;5;015m[INFO]: [0mThis is a info message from thread 218-09-2026 00:29:33 [38;5;009m[ERROR]: [0mThis is a error message from thread 1018-09-2026 00:29:33 [38;5;009m[ERROR]: [0mThis is a error message from thread 1418-09-2026 00:29:33 [38;5;117m[DEBUG]: [0mThis is a debug message from thread 118-09-2026 00:29:33 [38;5;015m[INFO]: [0mThis is a info message from thread 2818-09-2026 00:29:33 [38;5;009m[ERROR]: [0mThis is a error message from thread 218-09-2026 00:29:33 [38;5;009m[ERROR]: [0mThis is a error message from thread 518-09-2026 00:29:33 [38;5;117m[DEBUG]: [0mThis is a debug message from thread 1418-09-2026 00:29:33 [38;5;015m[INFO]: [0mThis is a info message from thread 118-09-2026 00:29:33 [38;5;117m[DEBUG]: [0mThis is a debug message from thread 918-09-2026 00:29:33 [38;5;117m[DEBUG]: [0mThis is a debug message from thread 1218-09-2026 00:29:33 [38;5;015m[INFO]: [0mThis is a info message from thread 1918-09-2026 00:29:33 [38;5;117m[DEBUG]: [0mThis is a debug message from thread 2118-09-2026 00:29:33 [38;5;009m[ERROR]: [0mThis is a error message from thread 118-09-2026 00:29:33 [38;5;009m[ERROR]: [0mThis is a error message from thread 2018-09-2026 00:29:33 [38;5;015m[INFO]: [0mThis is a info message from thread 1218-09-2026 00:29:33 [38;5;015m[INFO]: [0mThis is a info message from thread 2218-09-2026 00:29:33 [38;5;009m[ERROR]: [0mThis is a error message from thread 1718-09-2026 00:29:33 [38;5;015m[INFO]: [0mThis is a info message from thread 018-09-2026 00:29:33 [38;5;117m[DEBUG]: [0mThis is a debug message from thread 118-09-2026 00:29:33 [38;5;009m[ERROR]: [0mThis is a error message from thread 1218-09-2026 00:29:33 [38;5;009m[ERROR]: [0mThis is a error message from thread 2218-09-2026 00:29:33 [38;5;015m[INFO]: [0mThis is a info message from thread 2618-09-2026 00:29:33 [38;5;015m[INFO]: [0mThis is a info message from thread 918-09-2026 00:29:33 [38;5;117m[DEBUG]: [0mThis is a debug message from thread 1218-09-2026 00:29:33 [38;5;117m[DEBUG]: [0mThis is a debug message from thread 1618-09-2026 00:29:33 [38;5;117m[DEBUG]: [0mThis is a debug message from thread 2018-09-2026 00:29:33 [38;5;009m[ERROR]: [0mThis is a error message from thread 1918-09-2026 00:29:33 [38;5;009m[ERROR]: [0mThis is a error message from thread 018-09-2026 00:29:33 [38;5;015m[INFO]: [0mThis is a info message from thread 118-09-2026 00:29:33 [38;5;015m[INFO]: [0mThis is a info message from thread 2118-09-2026 00:29:33 [38;5;009m[ERROR]: [0mThis is a error message from thread 118-09-2026 00:29:33 [38;5;009m[ERROR]: [0mThis is a error message from thread 2818-09-2026 00:29:33 [38;5;015m[INFO]: [0mThis is a info message from thread 1218-09-2026 00:29:33 [38;5;117m[DEBUG]: [0mThis is a debug message from thread 2218-09-2026 00:29:33 [38;5;117m[DEBUG]: [0mThis is a debug message from thread 1918-09-2026 00:29:33 [38;5;117m[DEBUG]: [0mThis is a debug message from thread 1718-09-2026 00:29:33 [38;5;117m[DEBUG]: [0mThis is a debug message from thread 818-09-2026 00:29:33 [38;5;015m[INFO]: [0mThis is a info message from thread 1518-09-2026 00:29:33 [38;5;015m[INFO]: [0mThis is a info message from thread 818-09-2026 00:29:33 [38;5;117m[DEBUG]: [0mThis is a debug message from thread 418-09-2026 00:29:33 [38;5;009m[ERROR]: [0mThis is a error message from thread 2318-09-2026 00:29:33 [38;5;015m[INFO]: [0mThis is a info message from thread 2018-09-2026 00:29:33 [38;5;009m[ERROR]: [0mThis is a error message from thread 918-09-2026 00:29:33 [38;5;015m[INFO]: [0mThis is a info message from thread 418-09-2026 00:29:33 [38;5;015m[INFO]: [0mThis is a info message from thread 1718-09-2026 00:29:33 [38;5;117m[DEBUG]: [0mThis is a debug message from thread 018-09-2026 00:29:33 [38;5;009m[ERROR]: [0mThis is a error message from thread 2118-09-2026 00:29:33 [38;5;015m[INFO]: [0mThis is a info message from thread 2418-09-2026 00:29:33 [38;5;009m[ERROR]: [0mThis is a error message from thread 818-09-2026 00:29:33 [38;5;117m[DEBUG]: [0mThis is a debug message from thread 918-09-2026 00:29:33 [38;5;009m[ERROR]: [0mThis is a error message from thread 1718-09-2026 00:29:33 [38;5;117m[DEBUG]: [0mThis is a debug message from thread 518-09-2026 00:29:33 [38;5;015m[INFO]: [0mThis is a info message from thread 2218-09-2026 00:29:33 [38;5;009m[ERROR]: [0mThis is a error message from thread 2418-09-2026 00:29:33 [38;5;015m[INFO]: [0mThis is a info message from thread 2718-09-2026 00:29:33 [38;5;015m[INFO]: [0mThis is a info message from thread 918-09-2026 00:29:33 [38;5;117m[DEBUG]: [0mThis is a debug message from thread 2118-09-2026 00:29:33 [38;5;117m[DEBUG]: [0mThis is a debug message from thread 618-09-2026 00:29:33 [38;5;015m[INFO]: [0mThis is a info message from thread 518-09-2026 00:29:33 [38;5;009m[ERROR]: [0mThis is a error message from thread 418-09-2026 00:29:33 [38;5;117m[DEBUG]: [0mThis is a debug message from thread 818-09-2026 00:29:33 [38;5;117m[DEBUG]: [0mThis is a debug message from thread 1718-09-2026 00:29:33 [38;5;117m[DEBUG]: [0mThis is a debug message from thread 2318-09-2026 00:29:33 [38;5;015m[INFO]: [0mThis is a info message from thread 1918-09-2026 00:29:33 [38;5;015m[INFO]: [0mThis is a info message from thread 018-09-2026 00:29:33 [38;5;015m[INFO]: [0mThis is a info message from thread 618-09-2026 00:29:33 [38;5;009m[ERROR]: [0mThis is a error message from thread 2718-09-2026 00:29:33 [38;5;009m[ERROR]: [0mThis is a error message from thread 918-09-2026 00:29:33 [38;5;117m[DEBUG]: [0mThis is a debug message from thread 418-09-2026 00:29:33 [38;5;117m[DEBUG]: [0mThis is a debug message from thread 218-09-2026 00:29:33 [38;5;117m[DEBUG]: [0mThis is a debug message from thread 2518-09-2026 00:29:33 [38;5;015m[INFO]: [0mThis is a info message from thread 2118-09-2026 00:29:33 [38;5;009m[ERROR]: [0mThis is a error message from thread 2618-09-2026 00:29:33 [38;5;015m[INFO]: [0mThis is a info message from thread 1118-09-2026 00:29:33 [38;5;015m[INFO]: [0mThis is a info message from thread 2518-09-2026 00:29:33 [38;5;015m[INFO]: [0mThis is a info message from thread 418-09-2026 00:29:33 [38;5;009m[ERROR]: [0mThis is a error message from thread 1818-09-2026 00:29:33 [38;5;009m[ERROR]: [0mThis is a error message from thread 518-09-2026 00:29:33 [38;5;009m[ERROR]: [0mThis is a error message from thread 1918-09-2026 00:29:33 [38;5;117m[DEBUG]: [0mThis is a debug message from thread 2618-09-2026 00:29:33 [38;5;009m[ERROR]: [0mThis is a error message from thread 418-09-2026 00:29:33 [38;5;009m[ERROR]: [0mThis is a error message from thread 618-09-2026 00:29:33 [38;5;009m[ERROR]: [0mThis is a error message from thread 018-09-2026 00:29:33 [38;5;009m[ERROR]: [0mThis is a error message from thread 2018-09-2026 00:29:33 [38;5;009m[ERROR]: [0mThis is a error message from thread 2118-09-2026 00:29:33 [38;5;117m[DEBUG]: [0mThis is a debug message from thread 1818-09-2026 00:29:33 [38;5;117m[DEBUG]: [0mThis is a debug message from thread 1318-09-2026 00:29:33 [38;5;117m[DEBUG]: [0mThis is a debug message from thread 1918-09-2026 00:29:33 [38;5;117m[DEBUG]: [0mThis is a debug message from thread 618-09-2026 00:29:33 [38;5;117m[DEBUG]: [0mThis is a debug message from thread 418-09-2026 00:29:33 [38;5;009m[ERROR]: [0mThis is a error message from thread 2218-09-2026 00:29:33 [38;5;015m[INFO]: [0mThis is a info message from thread 2918-09-2026 00:29:33 [38;5;117m[DEBUG]: [0mThis is a debug message from thread 2818-09-2026 00:29:33 [38;5;015m[INFO]: [0mThis is a info message from thread 718-09-2026 00:29:33 [38;5;015m[INFO]: [0mThis is a info message from thread 818-09-2026 00:29:33 [38;5;009m[ERROR]: [0mThis is a error message from thread 718-09-2026 00:29:33 [38;5;117m[DEBUG]: [0mThis is a debug message from thread 2118-09-2026 00:29:33 [38;5;117m[DEBUG]: [0mThis is a debug message from thread 718-09-2026 00:29:33 [38;5;015m[INFO]: [0mThis is a info message from thread 2118-09-2026 00:29:33 [38;5;015m[INFO]: [0mThis is a info message from thread 1418-09-2026 00:29:33 [38;5;009m[ERROR]: [0mThis is a error message from thread 1118-09-2026 00:29:33 [38;5;015m[INFO]: [0mThis is a info message from thread 218-09-2026 00:29:33 [38;5;009m[ERROR]: [0mThis is a error message from thread 1418-09-2026 00:29:33 [38;5;117m[DEBUG]: [0mThis is a debug message from thread 1118-09-2026 00:29:33 [38;5;117m[DEBUG]: [0mThis is a debug message from thread 918-09-2026 00:29:33 [38;5;117m[DEBUG]: [0mThis is a debug message from thread 1418-09-2026 00:29:33 [38;5;015m[INFO]: [0mThis is a info message from thread 1118-09-2026 00:29:33 [38;5;117m[DEBUG]: [0mThis is a debug message from thread 2018-09-2026 00:29:33 [38;5;015m[INFO]: [0mThis is a info message from thread 1418-09-2026 00:29:33 [38;5;117m[DEBUG]: [0mThis is a debug message from thread 1018-09-2026 00:29:33 [38;5;009m[ERROR]: [0mThis is a error message from thread 1518-09-2026 00:29:33 [38;5;117m[DEBUG]: [0mThis is a debug message from thread 118-09-2026 00:29:33 [38;5;117m[DEBUG]: [0mThis is a debug message from thread 1518-09-2026 00:29:33 [38;5;009m[ERROR]: [0mThis is a error message from thread 2518-09-2026 00:29:33 [38;5;015m[INFO]: [0mThis is a info message from thread 118-09-2026 00:29:33 [38;5;015m[INFO]: [0mThis is a info message from thread 1518-09-2026 00:29:33 [38;5;015m[INFO]: [0mThis is a info message from thread 2618-09-2026 00:29:33 [38;5;009m[ERROR]: [0mThis is a error message from thread 118-09-2026 00:29:33 [38;5;015m[INFO]: [0mThis is a info message from thread 618-09-2026 00:29:33 [38;5;015m[INFO]: [0mThis is a info message from thread 418-09-2026 00:29:33 [38;5;009m[ERROR]: [0mThis is a error message from thread 618-09-2026 00:29:33 [38;5;015m[INFO]: [0mThis is a info message from thread 1618-09-2026 00:29:33 [38;5;117m[DEBUG]: [0mThis is a debug message from thread 618-09-2026 00:29:33 [38;5;015m[INFO]: [0mThis is a info message from thread 1718-09-2026 00:29:33 [38;5;009m[ERROR]: [0mThis is a error message from thread 418-09-2026 00:29:33 [38;5;015m[INFO]: [0mThis is a info message from thread 318-09-2026 00:29:33 [38;5;015m[INFO]: [0mThis is a info message from thread 618-09-2026 00:29:33 [38;5;009m[ERROR]: [0mThis is a error message from thread 1718-09-2026 00:29:33 [38;5;015m[INFO]: [0mThis is a info message from thread 718-09-2026 00:29:33 [38;5;117m[DEBUG]: [0mThis is a debug message from thread 018-09-2026 00:29:33 [38;5;117m[DEBUG]: [0mThis is a debug message from thread 2718-09-2026 00:29:33 [38;5;009m[ERROR]: [0mThis is a error message from thread 1118-09-2026 00:29:33 [38;5;009m[ERROR]: [0mThis is a error message from thread 718-09-2026 00:29:33 [38;5;117m[DEBUG]: [0mThis is a debug message from thread 518-09-2026 00:29:33 [38;5;015m[INFO]: [0mThis is a info message from thread 2018-09-2026 00:29:33 [38;5;015m[INFO]: [0mThis is a info message from thread 918-09-2026 00:29:33 [38;5;015m[INFO]: [0mThis is a info message from thread 1818-09-2026 00:29:33 [38;5;117m[DEBUG]: [0mThis is a debug message from thread 2418-09-2026 00:29:33 [38;5;117m[DEBUG]: [0mThis is a debug message from thread 718-09-2026 00:29:33 [38;5;015m[INFO]: [0mThis is a info message from thread 018-09-2026 00:29:33 [38;5;009m[ERROR]: [0mThis is a error message from thread 2018-09-2026 00:29:33 [38;5;015m[INFO]: [0mThis is a info message from thread 518-09-2026 00:29:33 [38;5;009m[ERROR]: [0mThis is a error message from thread 2918-09-2026 00:29:33 [38;5;009m[ERROR]: [0mThis is a error message from thread 918-09-2026 00:29:33 [38;5;009m[ERROR]: [0mThis is a error message from thread 1818-09-2026 00:29:33 [38;5;117m[DEBUG]: [0mThis is a debug message from thread 2218-09-2026 00:29:33 [38;5;015m[INFO]: [0mThis is a info message from thread 1318-09-2026 00:29:33 [38;5;015m[INFO]: [0mThis is a info message from thread 718-09-2026 00:29:33 [38;5;117m[DEBUG]: [0mThis is a debug message from thread 118-09-2026 00:29:33 [38;5;009m[ERROR]: [0mThis is a error message from thread 518-09-2026 00:29:33 [38;5;117m[DEBUG]: [0mThis is a debug message from thread 2018-09-2026 00:29:33 [38;5;015m[INFO]: [0mThis is a info message from thread 2318-09-2026 00:29:33 [38;5;009m[ERROR]: [0mThis is a error message from thread 818-09-2026 00:29:33 [38;5;015m[INFO]: [0mThis is a info message from thread 118-09-2026 00:29:33 [38;5;009m[ERROR]: [0mThis is a error message from thread 718-09-2026 00:29:33 [38;5;117m[DEBUG]: [0mThis is a debug message from thread 818-09-2026 00:29:33 [38;5;009m[ERROR]: [0mThis is a error message from thread 1618-09-2026 00:29:33 [38;5;009m[ERROR]: [0mThis is a error message from thread 2118-09-2026 00:29:33 [38;5;117m[DEBUG]: [0mThis is a debug message from thread 418-09-2026 00:29:33 [38;5;117m[DEBUG]: [0mThis is a debug message from thread 2118-09-2026 00:29:33 [38;5;015m[INFO]: [0mThis is a info message from thread 418-09-2026 00:29:33 [38;5;015m[INFO]: [0mThis is a info message from thread 2118-09-2026 00:29:33 [38;5;117m[DEBUG]: [0mThis is a debug message from thread 518-09-2026 00:29:33 [38;5;117m[DEBUG]: [0mThis is a debug message from thread 718-09-2026 00:29:33 [38;5;015m[INFO]: [0mThis is a info message from thread 818-09-2026 00:29:33 [38;5;009m[ERROR]: [0mThis is a error message from thread 618-09-2026 00:29:33 [38;5;117m[DEBUG]: [0mThis is a debug message from thread 1118-09-2026 00:29:33 [38;5;117m[DEBUG]: [0mThis is a debug message from thread 2518-09-2026 00:29:33 [38;5;015m[INFO]: [0mThis is a info message from thread 1118-09-2026 00:29:33 [38;5;009m[ERROR]: [0mThis is a error message from thread 818-09-2026 00:29:33 [38;5;117m[DEBUG]: [0mThis is a debug message from thread 618-09-2026 00:29:33 [38;5;015m[INFO]: [0mThis is a info message from thread 718-09-2026 00:29:33 [38;5;009m[ERROR]: [0mThis is a error message from thread 2118-09-2026 00:29:33 [38;5;009m[ERROR]: [0mThis is a error message from thread 018-09-2026 00:29:33 [38;5;009m[ERROR]: [0mThis is a error message from thread 1118-09-2026 00:29:33 [38;5;117m[DEBUG]: [0mThis is a debug message from thread 2118-09-2026 00:29:33 [38;5;117m[DEBUG]: [0mThis is a debug message from thread 018-09-2026 00:29:33 [38;5;009m[ERROR]: [0mThis is a error message from thread 2618-09-2026 00:29:33 [38;5;015m[INFO]: [0mThis is a info message from thread 018-09-2026 00:29:33 [38;5;015m[INFO]: [0mThis is a info message from thread 2118-09-2026 00:29:33 [38;5;117m[DEBUG]: [0mThis is a debug message from thread 2618-09-2026 00:29:33 [38;5;117m[DEBUG]: [0mThis is a debug message from thread 2918-09-2026 00:29:33 [38;5;009m[ERROR]: [0mThis is a error message from thread 018-09-2026 00:29:33 [38;5;009m[ERROR]: [0mThis is a error message from thread 318-09-2026 00:29:33 [38;5;015m[INFO]: [0mThis is a info message from thread 2418-09-2026 00:29:33 [38;5;117m[DEBUG]: [0mThis is a debug message from thread 318-09-2026 00:29:33 [38;5;015m[INFO]: [0mThis is a info message from thread 318-09-2026 00:29:33 [38;5;015m[INFO]: [0mThis is a info message from thread 2218-09-2026 00:29:33 [38;5;117m[DEBUG]: [0mThis is a debug message from thread 1718-09-2026 00:29:33 [38;5;015m[INFO]: [0mThis is a info message from thread 2518-09-2026 00:29:33 [38;5;009m[ERROR]: [0mThis is a error message from thread 1518-09-2026 00:29:33 [38;5;009m[ERROR]: [0mThis is a error message from thread 1218-09-2026 00:29:33 [38;5;015m[INFO]: [0mThis is a info message from thread 1018-09-2026 00:29:33 [38;5;015m[INFO]: [0mThis is a info message from thread 618-09-2026 00:29:33 [38;5;117m[DEBUG]: [0mThis is a debug message from thread 018-09-2026 00:29:33 [38;5;117m[DEBUG]: [0mThis is a debug message from thread 818-09-2026 00:29:33 [38;5;009m[ERROR]: [0mThis is a error message from thread 418-09-2026 00:29:33 [38;5;117m[DEBUG]: [0mThis is a debug message from thread 1118-09-2026 00:29:33 [38;5;015m[INFO]: [0mThis is a info message from thread 518-09-2026 00:29:33 [38;5;015m[INFO]: [0mThis is a info message from thread 1918-09-2026 00:29:33 [38;5;009m[ERROR]: [0mThis is a error message from thread 1018-09-2026 00:29:33 [38;5;009m[ERROR]: [0mThis is a error message from thread 118-09-2026 00:29:33 [38;5;015m[INFO]: [0mThis is a info message from thread 2718-09-2026 00:29:33 [38;5;015m[INFO]: [0mThis is a info message from thread 1718-09-2026 00:29:33 [38;5;117m[DEBUG]: [0mThis is a debug message from thread 1018-09-2026 00:29:33 [38;5;009m[ERROR]: [0mThis is a error message from thread 1918-09-2026 00:29:33 [38;5;009m[ERROR]: [0mThis is a error message from thread 2318-09-2026 00:29:33 [38;5;009m[ERROR]: [0mThis is a error message from thread 518-09-2026 00:29:33 [38;5;015m[INFO]: [0mThis is a info message from thread 018-09-2026 00:29:33 [38;5;117m[DEBUG]: [0mThis is a debug message from thread 518-09-2026 00:29:33 [38;5;117m[DEBUG]: [0mThis is a debug message from thread 918-09-2026 00:29:33 [38;5;009m[ERROR]: [0mThis is a error message from thread 2718-09-2026 00:29:33 [38;5;117m[DEBUG]: [0mThis is a debug message from thread 2318-09-2026 00:29:33 [38;5;009m[ERROR]: [0mThis is a error message from thread 2118-09-2026 00:29:33 [38;5;117m[DEBUG]: [0mThis is a debug message from thread 418-09-2026 00:29:33 [38;5;009m[ERROR]: [0mThis is a error message from thread 018-09-2026 00:29:33 [38;5;015m[INFO]: [0mThis is a info message from thread 1118-09-2026 00:29:33 [38;5;009m[ERROR]: [0mThis is a error message from thread 1718-09-2026 00:29:33 [38;5;117m[DEBUG]: [0mThis is a debug message from thread 1218-09-2026 00:29:33 [38;5;015m[INFO]: [0mThis is a info message from thread 2818-09-2026 00:29:33 [38;5;015m[INFO]: [0mThis is a info message from thread 2318-09-2026 00:29:33 [38;5;015m[INFO]: [0mThis is a info message from thread 2018-09-2026 00:29:33 [38;5;015m[INFO]: [0mThis is a info message from thread 518-09-2026 00:29:33 [38;5;117m[DEBUG]: [0mThis is a debug message from thread 2718-09-2026 00:29:33 [38;5;117m[DEBUG]: [0mThis is a debug message from thread 1518-09-2026 00:29:33 [38;5;009m[ERROR]: [0mThis is a error message from thread 2818-09-2026 00:29:33 [38;5;117m[DEBUG]: [0mThis is a debug message from thread 018-09-2026 00:29:33 [38;5;015m[INFO]: [0mThis is a info message from thread 918-09-2026 00:29:33 [38;5;009m[ERROR]: [0mThis is a error message from thread 1118-09-2026 00:29:33 [38;5;009m[ERROR]: [0mThis is a error message from thread 2318-09-2026 00:29:33 [38;5;117m[DEBUG]: [0mThis is a debug message from thread 2818-09-2026 00:29:33 [38;5;015m[INFO]: [0mThis is a info message from thread 018-09-2026 00:29:33 [38;5;015m[INFO]: [0mThis is a info message from thread 2618-09-2026 00:29:33 [38;5;009m[ERROR]: [0mThis is a error message from thread 718-09-2026 00:29:33 [38;5;009m[ERROR]: [0mThis is a error message from thread 318-09-2026 00:29:33 [38;5;009m[ERROR]: [0mThis is a error message from thread 618-09-2026 00:29:33 [38;5;009m[ERROR]: [0mThis is a error message from thread 2418-09-2026 00:29:33 [38;5;117m[DEBUG]: [0mThis is a debug message from thread 718-09-2026 00:29:33 [38;5;117m[DEBUG]: [0mThis is a debug message from thread 618-09-2026 00:29:33 [38;5;117m[DEBUG]: [0mThis is a debug message from thread 318-09-2026 00:29:33 [38;5;015m[INFO]: [0mThis is a info message from thread 1518-09-2026 00:29:33 [38;5;009m[ERROR]: [0mThis is a error message from thread 2018-09-2026 00:29:33 [38;5;117m[DEBUG]: [0mThis is a debug message from thread 2418-09-2026 00:29:33 [38;5;015m[INFO]: [0mThis is a info message from thread 2918-09-2026 00:29:33 [38;5;009m[ERROR]: [0mThis is a error message from thread 218-09-2026 00:29:33 [38;5;117m[DEBUG]: [0mThis is a debug message from thread 1918-09-2026 00:29:33 [38;5;015m[INFO]: [0mThis is a info message from thread 1018-09-2026 00:29:33 [38;5;117m[DEBUG]: [0mThis is a debug message from thread 2018-09-2026 00:29:33 [38;5;117m[DEBUG]: [0mThis is a debug message from thread 1718-09-2026 00:29:33 [38;5;015m[INFO]: [0mThis is a info message from thread 2818-09-2026 00:29:33 [38;5;117m[DEBUG]: [0mThis is a debug message from thread 218-09-2026 00:29:33 [38;5;015m[INFO]: [0mThis is a info message from thread 318-09-2026 00:29:33 [38;5;009m[ERROR]: [0mThis is a error message from thread 2918-09-2026 00:29:33 [38;5;015m[INFO]: [0mThis is a info message from thread 2018-09-2026 00:29:33 [38;5;015m[INFO]: [0mThis is a info message from thread 2718-09-2026 00:29:33 [38;5;117m[DEBUG]: [0mThis is a debug message from thread 2918-09-2026 00:29:33 [38;5;015m[INFO]: [0mThis is a info message from thread 618-09-2026 00:29:33 [38;5;117m[DEBUG]: [0mThis is a debug message from thread 118-09-2026 00:29:33 [38;5;015m[INFO]: [0mThis is a info message from thread 718-09-2026 00:29:33 [38;5;117m[DEBUG]: [0mThis is a debug message from thread 2318-09-2026 00:29:33 [38;5;009m[ERROR]: [0mThis is a error message from thread 518-09-2026 00:29:33 [38;5;009m[ERROR]: [0mThis is a error message from thread 1418-09-2026 00:29:33 [38;5;009m[ERROR]: [0mThis is a error message from thread 918-09-2026 00:29:33 [38;5;117m[DEBUG]: [0mThis is a debug message from thread 1118-09-2026 00:29:33 [38;5;117m[DEBUG]: [0mThis is a debug message from thread 2118-09-2026 00:29:33 [38;5;009m[ERROR]: [0mThis is a error message from thread 2718-09-2026 00:29:33 [38;5;015m[INFO]: [0mThis is a info message from thread 2118-09-2026 00:29:33 [38;5;015m[INFO]: [0mThis is a info message from thread 218-09-2026 00:29:33 [38;5;009m[ERROR]: [0mThis is a error message from thread 318-09-2026 00:29:33 [38;5;009m[ERROR]: [0mThis is a error message from thread 2618-09-2026 00:29:33 [38;5;015m[INFO]: [0mThis is a info message from thread 1118-09-2026 00:29:33 [38;5;009m[ERROR]: [0mThis is a error message from thread 618-09-2026 00:29:33 [38;5;015m[INFO]: [0mThis is a info message from thread 2918-09-2026 00:29:33 [38;5;009m[ERROR]: [0mThis is a error message from thread 018-09-2026 00:29:33 [38;5;009m[ERROR]: [0mThis is a error message from thread 2918-09-2026 00:29:33 [38;5;117m[DEBUG]: [0mThis is a debug message from thread 518-09-2026 00:29:33 [38;5;015m[INFO]: [0mThis is a info message from thread 1218-09-2026 00:29:33 [38;5;117m[DEBUG]: [0mThis is a debug message from thread 018-09-2026 00:29:33 [38;5;009m[ERROR]: [0mThis is a error message from thread 1118-09-2026 00:29:33 [38;5;117m[DEBUG]: [0mThis is a debug message from thread 2918-09-2026 00:29:33 [38;5;015m[INFO]: [0mThis is a info message from thread 2318-09-2026 00:29:33 [38;5;117m[DEBUG]: [0mThis is a debug message from thread 1618-09-2026 00:29:33 [38;5;009m[ERROR]: [0mThis is a error message from thread 2218-09-2026 00:29:33 [38;5;015m[INFO]: [0mThis is a info message from thread 2418-09-2026 00:29:33 [38;5;015m[INFO]: [0mThis is a info message from thread 418-09-2026 00:29:33 [38;5;009m[ERROR]: [0mThis is a error message from thread 1518-09-2026 00:29:33 [38;5;117m[DEBUG]: [0mThis is a debug message from thread 1118-09-2026 00:29:33 [38;5;015m[INFO]: [0mThis is a info message from thread 2918-09-2026 00:29:33 [38;5;117m[DEBUG]: [0mThis is a debug message from thread 918-09-2026 00:29:33 [38;5;009m[ERROR]: [0mThis is a error message from thread 718-09-2026 00:29:33 [38;5;015m[INFO]: [0mThis is a info message from thread 1618-09-2026 00:29:33 [38;5;009m[ERROR]: [0mThis is a error message from thread 1218-09-2026 00:29:33 [38;5;009m[ERROR]: [0mThis is a error message from thread 2118-09-2026 00:29:33 [38;5;015m[INFO]: [0mThis is a info message from thread 818-09-2026 00:29:33 [38;5;117m[DEBUG]: [0mThis is a debug message from thread 1518-09-2026 00:29:33 [38;5;009m[ERROR]: [0mThis is a error message from thread 1018-09-2026 00:29:33 [38;5;015m[INFO]: [0mThis is a info message from thread 918-09-2026 00:29:33 [38;5;117m[DEBUG]: [0mThis is a debug message from thread 2718-09-2026 00:29:33 [38;5;009m[ERROR]: [0mThis is a error message from thread 2018-09-2026 00:29:33 [38;5;117m[DEBUG]: [0mThis is a debug message from thread 1218-09-2026 00:29:33 [38;5;117m[DEBUG]: [0mThis is a debug message from thread 2018-09-2026 00:29:33 [38;5;117m[DEBUG]: [0mThis is a debug message from thread 318-09-2026 00:29:33 [38;5;009m[ERROR]: [0mThis is a error message from thread 2518-09-2026 00:29:33 [38;5;009m[ERROR]: [0mThis is a error message from thread 2818-09-2026 00:29:33 [38;5;015m[INFO]: [0mThis is a info message from thread 318-09-2026 00:29:33 [38;5;015m[INFO]: [0mThis is a info message from thread 1918-09-2026 00:29:33 [38;5;117m[DEBUG]: [0mThis is a debug message from thread 2818-09-2026 00:29:33 [38;5;009m[ERROR]: [0mThis is a error message from thread 1318-09-2026 00:29:33 [38;5;015m[INFO]: [0mThis is a info message from thread 2818-09-2026 00:29:33 [38;5;117m[DEBUG]: [0mThis is a debug message from thread 1818-09-2026 00:29:33 [38;5;009m[ERROR]: [0mThis is a error message from thread 2818-09-2026 00:29:33 [38;5;009m[ERROR]: [0mThis is a error message from thread 1918-09-2026 00:29:33 [38;5;015m[INFO]: [0mThis is a info message from thread 1118-09-2026 00:29:33 [38;5;009m[ERROR]: [0mThis is a error message from thread 2318-09-2026 00:29:33 [38;5;117m[DEBUG]: [0mThis is a debug message from thread 2818-09-2026 00:29:33 [38;5;009m[ERROR]: [0mThis is a error message from thread 1118-09-2026 00:29:33 [38;5;117m[DEBUG]: [0mThis is a debug message from thread 2318-09-2026 00:29:33 [38;5;015m[INFO]: [0mThis is a info message from thread 2818-09-2026 00:29:33 [38;5;015m[INFO]: [0mThis is a info message from thread 018-09-2026 00:29:33 [38;5;015m[INFO]: [0mThis is a info message from thread 1718-09-2026 00:29:33 [38;5;117m[DEBUG]: [0mThis is a debug message from thread 2618-09-2026 00:29:33 [38;5;009m[ERROR]: [0mThis is a error message from thread 1718-09-2026 00:29:33 [38;5;015m[INFO]: [0mThis is a info message from thread 2618-09-2026 00:29:33 [38;5;009m[ERROR]: [0mThis is a error message from thread 018-09-2026 00:29:33 [38;5;009m[ERROR]: [0mThis is a error message from thread 2918-09-2026 00:29:33 [38;5;015m[INFO]: [0mThis is a info message from thread 118-09-2026 00:29:33 [38;5;009m[ERROR]: [0mThis is a error message from thread 2418-09-2026 00:29:33 [38;5;117m[DEBUG]: [0mThis is a debug message from thread 1018-09-2026 00:29:33 [38;5;009m[ERROR]: [0mThis is a error message from thread 1618-09-2026 00:29:33 [38;5;117m[DEBUG]: [0mThis is a debug message from thread 1718-09-2026 00:29:33 [38;5;009m[ERROR]: [0mThis is a error message from thread 818-09-2026 00:29:33 [38;5;015m[INFO]: [0mThis is a info message from thread 1718-09-2026 00:29:33 [38;5;015m[INFO]: [0mThis is a info message from thread 2018-09-2026 00:29:33 [38;5;015m[INFO]: [0mThis is a info message from thread 1018-09-2026 00:29:33 [38;5;015m[INFO]: [0mThis is a info message from thread 1218-09-2026 00:29:33 [38;5;009m[ERROR]: [0mThis is a error message from thread 1018-09-2026 00:29:33 [38;5;117m[DEBUG]: [0mThis is a debug message from thread 818-09-2026 00:29:33 [38;5;117m[DEBUG]: [0mThis is a debug message from thread 2118-09-2026 00:29:33 [38;5;015m[INFO]: [0mThis is a info message from thread 2718-09-2026 00:29:33 [38;5;117m[DEBUG]: [0mThis is a debug message from thread 1318-09-2026 00:29:33 [38;5;009m[ERROR]: [0mThis is a error message from thread 1718-09-2026 00:29:33 [38;5;117m[DEBUG]: [0mThis is a debug message from thread 1018-09-2026 00:29:33 [38;5;117m[DEBUG]: [0mThis is a debug message from thread 718-09-2026 00:29:33 [38;5;117m[DEBUG]: [0mThis is a debug message from thread 1118-09-2026 00:29:33 [38;5;117m[DEBUG]: [0mThis is a debug message from thread 2218-09-2026 00:29:33 [38;5;015m[INFO]: [0mThis is a info message from thread 1118-09-2026 00:29:33 [38;5;117m[DEBUG]: [0mThis is a debug message from thread 1418-09-2026 00:29:33 [38;5;015m[INFO]: [0mThis is a info message from thread 518-09-2026 00:29:33 [38;5;009m[ERROR]: [0mThis is a error message from thread 2718-09-2026 00:29:33 [38;5;015m[INFO]: [0mThis is a info message from thread 1318-09-2026 00:29:33 [38;5;015m[INFO]: [0mThis is a info message from thread 1518-09-2026 00:29:33 [38;5;117m[DEBUG]: [0mThis is a debug message from thread 1718-09-2026 00:29:33 [38;5;009m[ERROR]: [0mThis is a error message from thread 2818-09-2026 00:29:33 [38;5;009m[ERROR]: [0mThis is a error message from thread 1118-09-2026 00:29:33 [38;5;015m[INFO]: [0mThis is a info message from thread 718-09-2026 00:29:33 [38;5;009m[ERROR]: [0mThis is a error message from thread 1318-09-2026 00:29:33 [38;5;009m[ERROR]: [0mThis is a error message from thread 718-09-2026 00:29:33 [38;5;015m[INFO]: [0mThis is a info message from thread 1818-09-2026 00:29:33 [38;5;117m[DEBUG]: [0mThis is a debug message from thread 718-09-2026 00:29:33 [38;5;009m[ERROR]: [0mThis is a error message from thread 118-09-2026 00:29:33 [38;5;015m[INFO]: [0mThis is a info message from thread 1718-09-2026 00:29:33 [38;5;009m[ERROR]: [0mThis is a error message from thread 518-09-2026 00:29:33 [38;5;015m[INFO]: [0mThis is a info message from thread 2318-09-2026 00:29:33 [38;5;117m[DEBUG]: [0mThis is a debug message from thread 1118-09-2026 00:29:33 [38;5;117m[DEBUG]: [0mThis is a debug message from thread 2518-09-2026 00:29:33 [38;5;015m[INFO]: [0mThis is a info message from thread 718-09-2026 00:29:33 [38;5;009m[ERROR]: [0mThis is a error message from thread 2618-09-2026 00:29:33 [38;5;015m[INFO]: [0mThis is a info message from thread 1118-09-2026 00:29:33 [38;5;117m[DEBUG]: [0mThis is a debug message from thread 2618-09-2026 00:29:33 [38;5;015m[INFO]: [0mThis is a info message from thread 2118-09-2026 00:29:33 [38;5;015m[INFO]: [0mThis is a info message from thread 2518-09-2026 00:29:33 [38;5;009m[ERROR]: [0mThis is a error message from thread 1118-09-2026 00:29:33 [38;5;009m[ERROR]: [0mThis is a error message from thread 718-09-2026 00:29:33 [38;5;015m[INFO]: [0mThis is a info message from thread 2618-09-2026 00:29:33 [38;5;009m[ERROR]: [0mThis is a error message from thread 2318-09-2026 00:29:33 [38;5;009m[ERROR]: [0mThis is a error message from thread 1718-09-2026 00:29:33 [38;5;009m[ERROR]: [0mThis is a error message from thread 1218-09-2026 00:29:33 [38;5;117m[DEBUG]: [0mThis is a debug message from thread 1218-09-2026 00:29:33 [38;5;117m[DEBUG]: [0mThis is a debug message from thread 018-09-2026 00:29:33 [38;5;015m[INFO]: [0mThis is a info message from thread 818-09-2026 00:29:33 [38;5;117m[DEBUG]: [0mThis is a debug message from thread 118-09-2026 00:29:33 [38;5;117m[DEBUG]: [0mThis is a debug message from thread 1718-09-2026 00:29:33 [38;5;117m[DEBUG]: [0mThis is a debug message from thread 2318-09-2026 00:29:33 [38;5;009m[ERROR]: [0mThis is a error message from thread 818-09-2026 00:29:33 [38;5;009m[ERROR]: [0mThis is a error message from thread 2618-09-2026 00:29:33 [38;5;015m[INFO]: [0mThis is a info message from thread 118-09-2026 00:29:33 [38;5;117m[DEBUG]: [0mThis is a debug message from thread 1118-09-2026 00:29:33 [38;5;117m[DEBUG]: [0mThis is a debug message from thread 718-09-2026 00:29:33 [38;5;009m[ERROR]: [0mThis is a error message from thread 318-09-2026 00:29:33 [38;5;117m[DEBUG]: [0mThis is a debug message from thread 818-09-2026 00:29:33 [38;5;117m[DEBUG]: [0mThis is a debug message from thread 1918-09-2026 00:29:33 [38;5;015m[INFO]: [0mThis is a info message from thread 818-09-2026 00:29:33 [38;5;015m[INFO]: [0mThis is a info message from thread 1918-09-2026 00:29:33 [38;5;009m[ERROR]: [0mThis is a error message from thread 818-09-2026 00:29:33 [38;5;009m[ERROR]: [0mThis is a error message from thread 1918-09-2026 00:29:33 [38;5;117m[DEBUG]: [0mThis is a debug message from thread 2718-09-2026 00:29:33 [38;5;015m[INFO]: [0mThis is a info message from thread 718-09-2026 00:29:33 [38;5;117m[DEBUG]: [0mThis is a debug message from thread 318-09-2026 00:29:33 [38;5;009m[ERROR]: [0mThis is a error message from thread 718-09-2026 00:29:33 [38;5;015m[INFO]: [0mThis is a info message from thread 2718-09-2026 00:29:33 [38;5;015m[INFO]: [0mThis is a info message from thread 318-09-2026 00:29:33 [38;5;015m[INFO]: [0mThis is a info message from thread 1118-09-2026 00:29:33 [38;5;117m[DEBUG]: [0mThis is a debug message from thread 818-09-2026 00:29:33 [38;5;117m[DEBUG]: [0mThis is a debug message from thread 1918-09-2026 00:29:33 [38;5;009m[ERROR]: [0mThis is a error message from thread 2018-09-2026 00:29:33 [38;5;015m[INFO]: [0mThis is a info message from thread 818-09-2026 00:29:33 [38;5;117m[DEBUG]: [0mThis is a debug message from thread 2018-09-2026 00:29:33 [38;5;009m[ERROR]: [0mThis is a error message from thread 1118-09-2026 00:29:33 [38;5;117m[DEBUG]: [0mThis is a debug message from thread 1118-09-2026 00:29:33 [38;5;015m[INFO]: [0mThis is a info message from thread 1118-09-2026 00:29:33 [38;5;009m[ERROR]: [0mThis is a error message from thread 2718-09-2026 00:29:33 [38;5;009m[ERROR]: [0mThis is a error message from thread 1118-09-2026 00:29:33 [38;5;015m[INFO]: [0mThis is a info message from thread 1718-09-2026 00:29:33 [38;5;117m[DEBUG]: [0mThis is a debug message from thread 2718-09-2026 00:29:33 [38;5;015m[INFO]: [0mThis is a info message from thread 1918-09-2026 00:29:33 [38;5;015m[INFO]: [0mThis is a info message from thread 2018-09-2026 00:29:33 [38;5;009m[ERROR]: [0mThis is a error message from thread 1718-09-2026 00:29:33 [38;5;117m[DEBUG]: [0mThis is a debug message from thread 2418-09-2026 00:29:33 [38;5;015m[INFO]: [0mThis is a info message from thread 2718-09-2026 00:29:33 [38;5;015m[INFO]: [0mThis is a info message from thread 2418-09-2026 00:29:33 [38;5;009m[ERROR]: [0mThis is a error message from thread 2418-09-2026 00:29:33 [38;5;009m[ERROR]: [0mThis is a error message from thread 418-09-2026 00:29:33 [38;5;117m[DEBUG]: [0mThis is a debug message from thread 2418-09-2026 00:29:33 [38;5;117m[DEBUG]: [0mThis is a debug message from thread 518-09-2026 00:29:33 [38;5;117m[DEBUG]: [0mThis is a debug message from thread 418-09-2026 00:29:33 [38;5;015m[INFO]: [0mThis is a info message from thread 2418-09-2026 00:29:33 [38;5;117m[DEBUG]: [0mThis is a debug message from thread 1618-09-2026 00:29:33 [38;5;015m[INFO]: [0mThis is a info message from thread 1218-09-2026 00:29:33 [38;5;009m[ERROR]: [0mThis is a error message from thread 2418-09-2026 00:29:33 [38;5;117m[DEBUG]: [0mThis is a debug message from thread 1718-09-2026 00:29:33 [38;5;015m[INFO]: [0mThis is a info message from thread 1018-09-2026 00:29:33 [38;5;117m[DEBUG]: [0mThis is a debug message from thread 2418-09-2026 00:29:33 [38;5;009m[ERROR]: [0mThis is a error message from thread 1218-09-2026 00:29:33 [38;5;015m[INFO]: [0mThis is a info message from thread 1418-09-2026 00:29:33 [38;5;015m[INFO]: [0mThis is a info message from thread 2218-09-2026 00:29:33 [38;5;117m[DEBUG]: [0mThis is a debug message from thread 1218-09-2026 00:29:33 [38;5;009m[ERROR]: [0mThis is a error message from thread 918-09-2026 00:29:33 [38;5;117m[DEBUG]: [0mThis is a debug message from thread 2618-09-2026 00:29:33 [38;5;009m[ERROR]: [0mThis is a error message from thread 818-09-2026 00:29:33 [38;5;117m[DEBUG]: [0mThis is a debug message from thread 2818-09-2026 00:29:33 [38;5;009m[ERROR]: [0mThis is a error message from thread 118-09-2026 00:29:33 [38;5;009m[ERROR]: [0mThis is a error message from thread 1918-09-2026 00:29:33 [38;5;015m[INFO]: [0mThis is a info message from thread 2818-09-2026 00:29:33 [38;5;117m[DEBUG]: [0mThis is a debug message from thread 118-09-2026 00:29:33 [38;5;117m[DEBUG]: [0mThis is a debug message from thread 818-09-2026 00:29:33 [38;5;015m[INFO]: [0mThis is a info message from thread 2618-09-2026 00:29:33 [38;5;117m[DEBUG]: [0mThis is a debug message from thread 918-09-2026 00:29:33 [38;5;015m[INFO]: [0mThis is a info message from thread 1718-09-2026 00:29:33 [38;5;009m[ERROR]: [0mThis is a error message from thread 2018-09-2026 00:29:33 [38;5;009m[ERROR]: [0mThis is a error message from thread 1418-09-2026 00:29:33 [38;5;015m[INFO]: [0mThis is a info message from thread 918-09-2026 00:29:33 [38;5;015m[INFO]: [0mThis is a info message from thread 2418-09-2026 00:29:33 [38;5;117m[DEBUG]: [0mThis is a debug message from thread 1918-09-2026 00:29:33 [38;5;009m[ERROR]: [0mThis is a error message from thread 2418-09-2026 00:29:33 [38;5;015m[INFO]: [0mThis is a info message from thread 118-09-2026 00:29:33 [38;5;009m[ERROR]: [0mThis is a error message from thread 1718-09-2026 00:29:33 [38;5;117m[DEBUG]: [0mThis is a debug message from thread 618-09-2026 00:29:33 [38;5;117m[DEBUG]: [0mThis is a debug message from thread 2018-09-2026 00:29:33 [38;5;009m[ERROR]: [0mThis is a error message from thread 2218-09-2026 00:29:33 [38;5;009m[ERROR]: [0mThis is a error message from thread 1818-09-2026 00:29:33 [38;5;009m[ERROR]: [0mThis is a error message from thread 918-09-2026 00:29:33 [38;5;015m[INFO]: [0mThis is a info message from thread 818-09-2026 00:29:33 [38;5;117m[DEBUG]: [0mThis is a debug message from thread 1318-09-2026 00:29:33 [38;5;117m[DEBUG]: [0mThis is a debug message from thread 1718-09-2026 00:29:33 [38;5;015m[INFO]: [0mThis is a info message from thread 518-09-2026 00:29:33 [38;5;009m[ERROR]: [0mThis is a error message from thread 2718-09-2026 00:29:33 [38;5;117m[DEBUG]: [0mThis is a debug message from thread 1418-09-2026 00:29:33 [38;5;117m[DEBUG]: [0mThis is a debug message from thread 2418-09-2026 00:29:33 [38;5;015m[INFO]: [0mThis is a info message from thread 2318-09-2026 00:29:33 [38;5;009m[ERROR]: [0mThis is a error message from thread 2118-09-2026 00:29:33 [38;5;009m[ERROR]: [0mThis is a error message from thread 818-09-2026 00:29:33 [38;5;015m[INFO]: [0mThis is a info message from thread 618-09-2026 00:29:33 [38;5;015m[INFO]: [0mThis is a info message from thread 2018-09-2026 00:29:33 [38;5;009m[ERROR]: [0mThis is a error message from thread 2018-09-2026 00:29:33 [38;5;117m[DEBUG]: [0mThis is a debug message from thread 2018-09-2026 00:29:33 [38;5;015m[INFO]: [0mThis is a info message from thread 1318-09-2026 00:29:33 [38;5;015m[INFO]: [0mThis is a info message from thread 2018-09-2026 00:29:33 [38;5;117m[DEBUG]: [0mThis is a debug message from thread 818-09-2026 00:29:33 [38;5;009m[ERROR]: [0mThis is a error message from thread 518-09-2026 00:29:33 [38;5;009m[ERROR]: [0mThis is a error message from thread 118-09-2026 00:29:33 [38;5;117m[DEBUG]: [0mThis is a debug message from thread 1818-09-2026 00:29:33 [38;5;117m[DEBUG]: [0mThis is a debug message from thread 518-09-2026 00:29:33 [38;5;009m[ERROR]: [0mThis is a error message from thread 218-09-2026 00:29:33 [38;5;009m[ERROR]: [0mThis is a error message from thread 618-09-2026 00:29:33 [38;5;009m[ERROR]: [0mThis is a error message from thread 1018-09-2026 00:29:33 [38;5;015m[INFO]: [0mThis is a info message from thread 1618-09-2026 00:29:33 [38;5;009m[ERROR]: [0mThis is a error message from thread 1518-09-2026 00:29:33 [38;5;015m[INFO]: [0mThis is a info message from thread 1718-09-2026 00:29:33 [38;5;009m[ERROR]: [0mThis is a error message from thread 2818-09-2026 00:29:33 [38;5;117m[DEBUG]: [0mThis is a debug message from thread 2818-09-2026 00:29:33 [38;5;015m[INFO]: [0mThis is a info message from thread 1818-09-2026 00:29:33 [38;5;015m[INFO]: [0mThis is a info message from thread 2418-09-2026 00:29:33 [38;5;117m[DEBUG]: [0mThis is a debug message from thread 2218-09-2026 00:29:33 [38;5;015m[INFO]: [0mThis is a info message from thread 1418-09-2026 00:29:33 [38;5;015m[INFO]: [0mThis is a info message from thread 2218-09-2026 00:29:33 [38;5;117m[DEBUG]: [0mThis is a debug message from thread 618-09-2026 00:29:33 [38;5;009m[ERROR]: [0mThis is a error message from thread 1618-09-2026 00:29:33 [38;5;009m[ERROR]: [0mThis is a error message from thread 2418-09-2026 00:29:33 [38;5;009m[ERROR]: [0mThis is a error message from thread 1418-09-2026 00:29:33 [38;5;009m[ERROR]: [0mThis is a error message from thread 2218-09-2026 00:29:33 [38;5;117m[DEBUG]: [0mThis is a debug message from thread 1418-09-2026 00:29:33 [38;5;117m[DEBUG]: [0mThis is a debug message from thread 2418-09-2026 00:29:33 [38;5;117m[DEBUG]: [0mThis is a debug message from thread 2218-09-2026 00:29:33 [38;5;117m[DEBUG]: [0mThis is a debug message from thread 218-09-2026 00:29:33 [38;5;015m[INFO]: [0mThis is a info message from thread 2818-09-2026 00:29:33 [38;5;015m[INFO]: [0mThis is a info message from thread 518-09-2026 00:29:33 [38;5;015m[INFO]: [0mThis is a info message from thread 2418-09-2026 00:29:33 [38;5;009m[ERROR]: [0mThis is a error message from thread 2318-09-2026 00:29:33 [38;5;117m[DEBUG]: [0mThis is a debug message from thread 918-09-2026 00:29:33 [38;5;117m[DEBUG]: [0mThis is a debug message from thread 1018-09-2026 00:29:33 [38;5;015m[INFO]: [0mThis is a info message from thread 218-09-2026 00:29:33 [38;5;117m[DEBUG]: [0mThis is a debug message from thread 1518-09-2026 00:29:33 [38;5;015m[INFO]: [0mThis is a info message from thread 1418-09-2026 00:29:33 [38;5;117m[DEBUG]: [0mThis is a debug message from thread 1618-09-2026 00:29:33 [38;5;117m[DEBUG]: [0mThis is a debug message from thread 1118-09-2026 00:29:33 [38;5;015m[INFO]: [0mThis is a info message from thread 618-09-2026 00:29:33 [38;5;009m[ERROR]: [0mThis is a error message from thread 2618-09-2026 00:29:33 [38;5;009m[ERROR]: [0mThis is a error message from thread 2418-09-2026 00:29:33 [38;5;015m[INFO]: [0mThis is a info message from thread 418-09-2026 00:29:33 [38;5;015m[INFO]: [0mThis is a info message from thread 018-09-2026 00:29:33 [38;5;117m[DEBUG]: [0mThis is a debug message from thread 2318-09-2026 00:29:33 [38;5;117m[DEBUG]: [0mThis is a debug message from thread 2118-09-2026 00:29:33 [38;5;015m[INFO]: [0mThis is a info message from thread 1018-09-2026 00:29:33 [38;5;117m[DEBUG]: [0mThis is a debug message from thread 2918-09-2026 00:29:33 [38;5;015m[INFO]: [0mThis is a info message from thread 918-09-2026 00:29:33 [38;5;015m[INFO]: [0mThis is a info message from thread 1518-09-2026 00:29:33 [38;5;015m[INFO]: [0mThis is a info message from thread 818-09-2026 00:29:33 [38;5;009m[ERROR]: [0mThis is a error message from thread 1418-09-2026 00:29:33 [38;5;009m[ERROR]: [0mThis is a error message from thread 218-09-2026 00:29:33 [38;5;009m[ERROR]: [0mThis is a error message from thread 1518-09-2026 00:29:33 [38;5;015m[INFO]: [0mThis is a info message from thread 1118-09-2026 00:29:33 [38;5;009m[ERROR]: [0mThis is a error message from thread 618-09-2026 00:29:33 [38;5;009m[ERROR]: [0mThis is a error message from thread 018-09-2026 00:29:33 [38;5;117m[DEBUG]: [0mThis is a debug message from thread 1418-09-2026 00:29:33 [38;5;117m[DEBUG]: [0mThis is a debug message from thread 2418-09-2026 00:29:33 [38;5;009m[ERROR]: [0mThis is a error message from thread 2018-09-2026 00:29:33 [38;5;015m[INFO]: [0mThis is a info message from thread 2918-09-2026 00:29:33 [38;5;117m[DEBUG]: [0mThis is a debug message from thread 218-09-2026 00:29:33 [38;5;009m[ERROR]: [0mThis is a error message from thread 1118-09-2026 00:29:33 [38;5;117m[DEBUG]: [0mThis is a debug message from thread 618-09-2026 00:29:33 [38;5;117m[DEBUG]: [0mThis is a debug message from thread 018-09-2026 00:29:33 [38;5;009m[ERROR]: [0mThis is a error message from thread 2518-09-2026 00:29:33 [38;5;009m[ERROR]: [0mThis is a error message from thread 318-09-2026 00:29:33 [38;5;009m[ERROR]: [0mThis is a error message from thread 1318-09-2026 00:29:33 [38;5;117m[DEBUG]: [0mThis is a debug message from thread 2018-09-2026 00:29:33 [38;5;015m[INFO]: [0mThis is a info message from thread 2418-09-2026 00:29:33 [38;5;117m[DEBUG]: [0mThis is a debug message from thread 2718-09-2026 00:29:33 [38;5;015m[INFO]: [0mThis is a info message from thread 1918-09-2026 00:29:33 [38;5;117m[DEBUG]: [0mThis is a debug message from thread 2518-09-2026 00:29:33 [38;5;015m[INFO]: [0mThis is a info message from thread 2218-09-2026 00:29:33 [38;5;009m[ERROR]: [0mThis is a error message from thread 2918-09-2026 00:29:33 [38;5;009m[ERROR]: [0mThis is a error message from thread 1718-09-2026 00:29:33 [38;5;117m[DEBUG]: [0mThis is a debug message from thread 318-09-2026 00:29:33 [38;5;009m[ERROR]: [0mThis is a error message from thread 2418-09-2026 00:29:33 [38;5;015m[INFO]: [0mThis is a info message from thread 018-09-2026 00:29:33 [38;5;009m[ERROR]: [0mThis is a error message from thread 1018-09-2026 00:29:33 [38;5;009m[ERROR]: [0mThis is a error message from thread 2218-09-2026 00:29:33 [38;5;117m[DEBUG]: [0mThis is a debug message from thread 1118-09-2026 00:29:33 [38;5;015m[INFO]: [0mThis is a info message from thread 1218-09-2026 00:29:33 [38;5;015m[INFO]: [0mThis is a info message from thread 1418-09-2026 00:29:33 [38;5;117m[DEBUG]: [0mThis is a debug message from thread 2618-09-2026 00:29:33 [38;5;117m[DEBUG]: [0mThis is a debug message from thread 1718-09-2026 00:29:33 [38;5;015m[INFO]: [0mThis is a info message from thread 1118-09-2026 00:29:33 [38;5;015m[INFO]: [0mThis is a info message from thread 618-09-2026 00:29:33 [38;5;117m[DEBUG]: [0mThis is a debug message from thread 2918-09-2026 00:29:33 [38;5;117m[DEBUG]: [0mThis is a debug message from thread 1318-09-2026 00:29:33 [38;5;009m[ERROR]: [0mThis is a error message from thread 1118-09-2026 00:29:33 [38;5;117m[DEBUG]: [0mThis is a debug message from thread 2418-09-2026 00:29:33 [38;5;015m[INFO]: [0mThis is a info message from thread 1718-09-2026 00:29:33 [38;5;015m[INFO]: [0mThis is a info message from thread 318-09-2026 00:29:33 [38;5;009m[ERROR]: [0mThis is a error message from thread 618-09-2026 00:29:33 [38;5;015m[INFO]: [0mThis is a info message from thread 2418-09-2026 00:29:33 [38;5;009m[ERROR]: [0mThis is a error message from thread 2418-09-2026 00:29:33 [38;5;009m[ERROR]: [0mThis is a error message from thread 1718-09-2026 00:29:33 [38;5;015m[INFO]: [0mThis is a info message from thread 2718-09-2026 00:29:33 [38;5;117m[DEBUG]: [0mThis is a debug message from thread 118-09-2026 00:29:33 [38;5;117m[DEBUG]: [0mThis is a debug message from thread 618-09-2026 00:29:33 [38;5;117m[DEBUG]: [0mThis is a debug message from thread 2418-09-2026 00:29:33 [38;5;015m[INFO]: [0mThis is a info message from thread 2418-09-2026 00:29:33 [38;5;117m[DEBUG]: [0mThis is a debug message from thread 1718-09-2026 00:29:33 [38;5;015m[INFO]: [0mThis is a info message from thread 618-09-2026 00:29:33 [38;5;117m[DEBUG]: [0mThis is a debug message from thread 1118-09-2026 00:29:33 [38;5;009m[ERROR]: [0mThis is a error message from thread 018-09-2026 00:29:33 [38;5;015m[INFO]: [0mThis is a info message from thread 1718-09-2026 00:29:33 [38;5;015m[INFO]: [0mThis is a info message from thread 1118-09-2026 00:29:33 [38;5;117m[DEBUG]: [0mThis is a debug message from thread 1018-09-2026 00:29:33 [38;5;009m[ERROR]: [0mThis is a error message from thread 518-09-2026 00:29:33 [38;5;009m[ERROR]: [0mThis is a error message from thread 1218-09-2026 00:29:33 [38;5;015m[INFO]: [0mThis is a info message from thread 2318-09-2026 00:29:33 [38;5;009m[ERROR]: [0mThis is a error message from thread 618-09-2026 00:29:33 [38;5;015m[INFO]: [0mThis is a info message from thread 2118-09-2026 00:29:33 [38;5;117m[DEBUG]: [0mThis is a debug message from thread 018-09-2026 00:29:33 [38;5;015m[INFO]: [0mThis is a info message from thread 1618-09-2026 00:29:33 [38;5;015m[INFO]: [0mThis is a info message from thread 2518-09-2026 00:29:33 [38;5;009m[ERROR]: [0mThis is a error message from thread 1418-09-2026 00:29:33 [38;5;015m[INFO]: [0mThis is a info message from thread 2018-09-2026 00:29:33 [38;5;117m[DEBUG]: [0mThis is a debug message from thread 1418-09-2026 00:29:33 [38;5;009m[ERROR]: [0mThis is a error message from thread 2118-09-2026 00:29:33 [38;5;009m[ERROR]: [0mThis is a error message from thread 2018-09-2026 00:29:33 [38;5;117m[DEBUG]: [0mThis is a debug message from thread 618-09-2026 00:29:33 [38;5;015m[INFO]: [0mThis is a info message from thread 2918-09-2026 00:29:33 [38;5;117m[DEBUG]: [0mThis is a debug message from thread 1218-09-2026 00:29:33 [38;5;015m[INFO]: [0mThis is a info message from thread 2618-09-2026 00:29:33 [38;5;009m[ERROR]: [0mThis is a error message from thread 2318-09-2026 00:29:33 [38;5;117m[DEBUG]: [0mThis is a debug message from thread 2118-09-2026 00:29:33 [38;5;015m[INFO]: [0mThis is a info message from thread 2118-09-2026 00:29:33 [38;5;015m[INFO]: [0mThis is a info message from thread 618-09-2026 00:29:33 [38;5;009m[ERROR]: [0mThis is a error message from thread 418-09-2026 00:29:33 [38;5;009m[ERROR]: [0mThis is a error message from thread 618-09-2026 00:29:33 [38;5;009m[ERROR]: [0mThis is a error message from thread 2518-09-2026 00:29:33 [38;5;117m[DEBUG]: [0mThis is a debug message from thread 518-09-2026 00:29:33 [38;5;015m[INFO]: [0mThis is a info message from thread 1318-09-2026 00:29:33 [38;5;117m[DEBUG]: [0mThis is a debug message from thread 718-09-2026 00:29:33 [38;5;009m[ERROR]: [0mThis is a error message from thread 2918-09-2026 00:29:33 [38;5;009m[ERROR]: [0mThis is a error message from thread 2118-09-2026 00:29:33 [38;5;117m[DEBUG]: [0mThis is a debug message from thread 2318-09-2026 00:29:33 [38;5;117m[DEBUG]: [0mThis is a debug message from thread 2918-09-2026 00:29:33 [38;5;015m[INFO]: [0mThis is a info message from thread 518-09-2026 00:29:33 [38;5;009m[ERROR]: [0mThis is a error message from thread 918-09-2026 00:29:33 [38;5;015m[INFO]: [0mThis is a info message from thread 218-09-2026 00:29:33 [38;5;015m[INFO]: [0mThis is a info message from thread 2918-09-2026 00:29:33 [38;5;009m[ERROR]: [0mThis is a error message from thread 1918-09-2026 00:29:33 [38;5;117m[DEBUG]: [0mThis is a debug message from thread 2518-09-2026 00:29:33 [38;5;009m[ERROR]: [0mThis is a error message from thread 1818-09-2026 00:29:33 [38;5;015m[INFO]: [0mThis is a info message from thread 2518-09-2026 00:29:33 [38;5;117m[DEBUG]: [0mThis is a debug message from thread 918-09-2026 00:29:33 [38;5;117m[DEBUG]: [0mThis is a debug message from thread 618-09-2026 00:29:33 [38;5;009m[ERROR]: [0mThis is a error message from thread 1318-09-2026 00:29:33 [38;5;117m[DEBUG]: [0mThis is a debug message from thread 2118-09-2026 00:29:33 [38;5;009m[ERROR]: [0mThis is a error message from thread 2918-09-2026 00:29:33 [38;5;009m[ERROR]: [0mThis is a error message from thread 2518-09-2026 00:29:33 [38;5;015m[INFO]: [0mThis is a info message from thread 118-09-2026 00:29:33 [38;5;015m[INFO]: [0mThis is a info message from thread 718-09-2026 00:29:33 [38;5;015m[INFO]: [0mThis is a info message from thread 1218-09-2026 00:29:33 [38;5;117m[DEBUG]: [0mThis is a debug message from thread 2218-09-2026 00:29:33 [38;5;009m[ERROR]: [0mThis is a error message from thread 2618-09-2026 00:29:33 [38;5;117m[DEBUG]: [0mThis is a debug message from thread 1318-09-2026 00:29:33 [38;5;009m[ERROR]: [0mThis is a error message from thread 818-09-2026 00:29:33 [38;5;009m[ERROR]: [0mThis is a error message from thread 1118-09-2026 00:29:33 [38;5;009m[ERROR]: [0mThis is a error message from thread 718-09-2026 00:29:33 [38;5;009m[ERROR]: [0mThis is a error message from thread 518-09-2026 00:29:33 [38;5;009m[ERROR]: [0mThis is a error message from thread 1218-09-2026 00:29:33 [38;5;009m[ERROR]: [0mThis is a error message from thread 118-09-2026 00:29:33 [38;5;117m[DEBUG]: [0mThis is a debug message from thread 2518-09-2026 00:29:33 [38;5;015m[INFO]: [0mThis is a info message from thread 2118-09-2026 00:29:33 [38;5;015m[INFO]: [0mThis is a info message from thread 1318-09-2026 00:29:33 [38;5;015m[INFO]: [0mThis is a info message from thread 1018-09-2026 00:29:33 [38;5;009m[ERROR]: [0mThis is a error message from thread 1618-09-2026 00:29:33 [38;5;117m[DEBUG]: [0mThis is a debug message from thread 2618-09-2026 00:29:33 [38;5;009m[ERROR]: [0mThis is a error message from thread 2718-09-2026 00:29:33 [38;5;117m[DEBUG]: [0mThis is a debug message from thread 1218-09-2026 00:29:33 [38;5;015m[INFO]: [0mThis is a info message from thread 1418-09-2026 00:29:33 [38;5;009m[ERROR]: [0mThis is a error message from thread 1318-09-2026 00:29:33 [38;5;015m[INFO]: [0mThis is a info message from thread 1218-09-2026 00:29:33 [38;5;015m[INFO]: [0mThis is a info message from thread 2618-09-2026 00:29:33 [38;5;117m[DEBUG]: [0mThis is a debug message from thread 518-09-2026 00:29:33 [38;5;009m[ERROR]: [0mThis is a error message from thread 1218-09-2026 00:29:33 [38;5;117m[DEBUG]: [0mThis is a debug message from thread 2918-09-2026 00:29:33 [38;5;117m[DEBUG]: [0mThis is a debug message from thread 2018-09-2026 00:29:33 [38;5;015m[INFO]: [0mThis is a info message from thread 2918-09-2026 00:29:33 [38;5;009m[ERROR]: [0mThis is a error message from thread 2118-09-2026 00:29:33 [38;5;117m[DEBUG]: [0mThis is a debug message from thread 1618-09-2026 00:29:33 [38;5;117m[DEBUG]: [0mThis is a debug message from thread 2118-09-2026 00:29:33 [38;5;117m[DEBUG]: [0mThis is a debug message from thread 1118-09-2026 00:29:33 [38;5;009m[ERROR]: [0mThis is a error message from thread 1018-09-2026 00:29:33 [38;5;117m[DEBUG]: [0mThis is a debug message from thread 1318-09-2026 00:29:33 [38;5;117m[DEBUG]: [0mThis is a debug message from thread 418-09-2026 00:29:33 [38;5;009m[ERROR]: [0mThis is a error message from thread 2418-09-2026 00:29:33 [38;5;015m[INFO]: [0mThis is a info message from thread 2318-09-2026 00:29:33 [38;5;117m[DEBUG]: [0mThis is a debug message from thread 118-09-2026 00:29:33 [38;5;015m[INFO]: [0mThis is a info message from thread 418-09-2026 00:29:33 [38;5;015m[INFO]: [0mThis is a info message from thread 1318-09-2026 00:29:33 [38;5;015m[INFO]: [0mThis is a info message from thread 2018-09-2026 00:29:33 [38;5;015m[INFO]: [0mThis is a info message from thread 1118-09-2026 00:29:33 [38;5;015m[INFO]: [0mThis is a info message from thread 618-09-2026 00:29:33 [38;5;009m[ERROR]: [0mThis is a error message from thread 2618-09-2026 00:29:33 [38;5;117m[DEBUG]: [0mThis is a debug message from thread 1818-09-2026 00:29:33 [38;5;015m[INFO]: [0mThis is a info message from thread 2218-09-2026 00:29:33 [38;5;117m[DEBUG]: [0mThis is a debug message from thread 1518-09-2026 00:29:33 [38;5;117m[DEBUG]: [0mThis is a debug message from thread 2418-09-2026 00:29:33 [38;5;015m[INFO]: [0mThis is a info message from thread 918-09-2026 00:29:33 [38;5;015m[INFO]: [0mThis is a info message from thread 2518-09-2026 00:29:33 [38;5;009m[ERROR]: [0mThis is a error message from thread 918-09-2026 00:29:33 [38;5;009m[ERROR]: [0mThis is a error message from thread 2018-09-2026 00:29:33 [38;5;117m[DEBUG]: [0mThis is a debug message from thread 2618-09-2026 00:29:33 [38;5;009m[ERROR]: [0mThis is a error message from thread 1718-09-2026 00:29:33 [38;5;009m[ERROR]: [0mThis is a error message from thread 1418-09-2026 00:29:33 [38;5;009m[ERROR]: [0mThis is a error message from thread 618-09-2026 00:29:33 [38;5;009m[ERROR]: [0mThis is a error message from thread 2918-09-2026 00:29:33 [38;5;009m[ERROR]: [0mThis is a error message from thread 418-09-2026 00:29:33 [38;5;015m[INFO]: [0mThis is a info message from thread 2118-09-2026 00:29:33 [38;5;009m[ERROR]: [0mThis is a error message from thread 2218-09-2026 00:29:33 [38;5;015m[INFO]: [0mThis is a info message from thread 118-09-2026 00:29:33 [38;5;015m[INFO]: [0mThis is a info message from thread 1518-09-2026 00:29:33 [38;5;117m[DEBUG]: [0mThis is a debug message from thread 1018-09-2026 00:29:33 [38;5;009m[ERROR]: [0mThis is a error message from thread 2518-09-2026 00:29:33 [38;5;009m[ERROR]: [0mThis is a error message from thread 318-09-2026 00:29:33 [38;5;117m[DEBUG]: [0mThis is a debug message from thread 1718-09-2026 00:29:33 [38;5;015m[INFO]: [0mThis is a info message from thread 1818-09-2026 00:29:33 [38;5;009m[ERROR]: [0mThis is a error message from thread 2818-09-2026 00:29:33 [38;5;009m[ERROR]: [0mThis is a error message from thread 2118-09-2026 00:29:33 [38;5;117m[DEBUG]: [0mThis is a debug message from thread 618-09-2026 00:29:33 [38;5;009m[ERROR]: [0mThis is a error message from thread 2318-09-2026 00:29:33 [38;5;117m[DEBUG]: [0mThis is a debug message from thread 918-09-2026 00:29:33 [38;5;015m[INFO]: [0mThis is a info message from thread 618-09-2026 00:29:33 [38;5;009m[ERROR]: [0mThis is a error message from thread 218-09-2026 00:29:33 [38;5;117m[DEBUG]: [0mThis is a debug message from thread 2918-09-2026 00:29:33 [38;5;009m[ERROR]: [0mThis is a error message from thread 118-09-2026 00:29:33 [38;5;009m[ERROR]: [0mThis is a error message from thread 618-09-2026 00:29:33 [38;5;117m[DEBUG]: [0mThis is a debug message from thread 1218-09-2026 00:29:33 [38;5;015m[INFO]: [0mThis is a info message from thread 2418-09-2026 00:29:33 [38;5;015m[INFO]: [0mThis is a info message from thread 1718-09-2026 00:29:33 [38;5;117m[DEBUG]: [0mThis is a debug message from thread 618-09-2026 00:29:33 [38;5;117m[DEBUG]: [0mThis is a debug message from thread 2018-09-2026 00:29:33 [38;5;117m[DEBUG]: [0mThis is a debug message from thread 1418-09-2026 00:29:33 [38;5;015m[INFO]: [0mThis is a info message from thread 2018-09-2026 00:29:33 [38;5;117m[DEBUG]: [0mThis is a debug message from thread 118-09-2026 00:29:33 [38;5;117m[DEBUG]: [0mThis is a debug message from thread 818-09-2026 00:29:33 [38;5;117m[DEBUG]: [0mThis is a debug message from thread 218-09-2026 00:29:33 [38;5;015m[INFO]: [0mThis is a info message from thread 018-09-2026 00:29:33 [38;5;015m[INFO]: [0mThis is a info message from thread 918-09-2026 00:29:33 [38;5;009m[ERROR]: [0mThis is a error message from thread 018-09-2026 00:29:33 [38;5;015m[INFO]: [0mThis is a info message from thread 218-09-2026 00:29:33 [38;5;009m[ERROR]: [0mThis is a error message from thread 918-09-2026 00:29:33 [38;5;009m[ERROR]: [0mThis is a error message from thread 1118-09-2026 00:29:33 [38;5;009m[ERROR]: [0mThis is a error message from thread 218-09-2026 00:29:33 [38;5;117m[DEBUG]: [0mThis is a debug message from thread 418-09-2026 00:29:33 [38;5;015m[INFO]: [0mThis is a info message from thread 1218-09-2026 00:29:33 [38;5;117m[DEBUG]: [0mThis is a debug message from thread 2218-09-2026 00:29:33 [38;5;015m[INFO]: [0mThis is a info message from thread 2618-09-2026 00:29:33 [38;5;009m[ERROR]: [0mThis is a error message from thread 1818-09-2026 00:29:33 [38;5;117m[DEBUG]: [0mThis is a debug message from thread 2518-09-2026 00:29:33 [38;5;015m[INFO]: [0mThis is a info message from thread 418-09-2026 00:29:33 [38;5;117m[DEBUG]: [0mThis is a debug message from thread 2118-09-2026 00:29:33 [38;5;015m[INFO]: [0mThis is a info message from thread 818-09-2026 00:29:33 [38;5;009m[ERROR]: [0mThis is a error message from thread 2018-09-2026 00:29:33 [38;5;117m[DEBUG]: [0mThis is a debug message from thread 718-09-2026 00:29:33 [38;5;015m[INFO]: [0mThis is a info message from thread 2918-09-2026 00:29:33 [38;5;009m[ERROR]: [0mThis is a error message from thread 1218-09-2026 00:29:33 [38;5;009m[ERROR]: [0mThis is a error message from thread 2618-09-2026 00:29:33 [38;5;009m[ERROR]: [0mThis is a error message from thread 1318-09-2026 00:29:33 [38;5;015m[INFO]: [0mThis is a info message from thread 1018-09-2026 00:29:33 [38;5;015m[INFO]: [0mThis is a info message from thread 2118-09-2026 00:29:33 [38;5;015m[INFO]: [0mThis is a info message from thread 2218-09-2026 00:29:33 [38;5;009m[ERROR]: [0mThis is a error message from thread 2918-09-2026 00:29:33 [38;5;117m[DEBUG]: [0mThis is a debug message from thread 2618-09-2026 00:29:33 [38;5;015m[INFO]: [0mThis is a info message from thread 618-09-2026 00:29:33 [38;5;117m[DEBUG]: [0mThis is a debug message from thread 2718-09-2026 00:29:33 [38;5;117m[DEBUG]: [0mThis is a debug message from thread 1118-09-2026 00:29:33 [38;5;009m[ERROR]: [0mThis is a error message from thread 2418-09-2026 00:29:33 [38;5;009m[ERROR]: [0mThis is a error message from thread 1518-09-2026 00:29:33 [38;5;117m[DEBUG]: [0mThis is a debug message from thread 2018-09-2026 00:29:33 [38;5;009m[ERROR]: [0mThis is a error message from thread 1718-09-2026 00:29:33 [38;5;117m[DEBUG]: [0mThis is a debug message from thread 918-09-2026 00:29:33 [38;5;015m[INFO]: [0mThis is a info message from thread 2018-09-2026 00:29:33 [38;5;117m[DEBUG]: [0mThis is a debug message from thread 2918-09-2026 00:29:33 [38;5;009m[ERROR]: [0mThis is a error message from thread 2018-09-2026 00:29:33 [38;5;015m[INFO]: [0mThis is a info message from thread 2618-09-2026 00:29:33 [38;5;117m[DEBUG]: [0mThis is a debug message from thread 1518-09-2026 00:29:33 [38;5;117m[DEBUG]: [0mThis is a debug message from thread 2318-09-2026 00:29:33 [38;5;015m[INFO]: [0mThis is a info message from thread 118-09-2026 00:29:33 [38;5;015m[INFO]: [0mThis is a info message from thread 1518-09-2026 00:29:33 [38;5;117m[DEBUG]: [0mThis is a debug message from thread 2418-09-2026 00:29:33 [38;5;117m[DEBUG]: [0mThis is a debug message from thread 318-09-2026 00:29:33 [38;5;015m[INFO]: [0mThis is a info message from thread 2418-09-2026 00:29:33 [38;5;015m[INFO]: [0mThis is a info message from thread 318-09-2026 00:29:33 [38;5;015m[INFO]: [0mThis is a info message from thread 1118-09-2026 00:29:33 [38;5;009m[ERROR]: [0mThis is a error message from thread 1518-09-2026 00:29:33 [38;5;117m[DEBUG]: [0mThis is a debug message from thread 018-09-2026 00:29:33 [38;5;015m[INFO]: [0mThis is a info message from thread 018-09-2026 00:29:33 [38;5;117m[DEBUG]: [0mThis is a debug message from thread 2018-09-2026 00:29:33 [38;5;009m[ERROR]: [0mThis is a error message from thread 318-09-2026 00:29:33 [38;5;009m[ERROR]: [0mThis is a error message from thread 018-09-2026 00:29:33 [38;5;117m[DEBUG]: [0mThis is a debug message from thread 218-09-2026 00:29:33 [38;5;117m[DEBUG]: [0mThis is a debug message from thread 318-09-2026 00:29:33 [38;5;015m[INFO]: [0mThis is a info message from thread 2018-09-2026 00:29:33 [38;5;117m[DEBUG]: [0mThis is a debug message from thread 1918-09-2026 00:29:33 [38;5;009m[ERROR]: [0mThis is a error message from thread 2218-09-2026 00:29:33 [38;5;009m[ERROR]: [0mThis is a error message from thread 2118-09-2026 00:29:33 [38;5;015m[INFO]: [0mThis is a info message from thread 918-09-2026 00:29:33 [38;5;015m[INFO]: [0mThis is a info message from thread 2318-09-2026 00:29:33 [38;5;009m[ERROR]: [0mThis is a error message from thread 2618-09-2026 00:29:33 [38;5;015m[INFO]: [0mThis is a info message from thread 1418-09-2026 00:29:33 [38;5;015m[INFO]: [0mThis is a info message from thread 518-09-2026 00:29:33 [38;5;009m[ERROR]: [0mThis is a error message from thread 518-09-2026 00:29:33 [38;5;009m[ERROR]: [0mThis is a error message from thread 1118-09-2026 00:29:33 [38;5;009m[ERROR]: [0mThis is a error message from thread 2318-09-2026 00:29:33 [38;5;009m[ERROR]: [0mThis is a error message from thread 1018-09-2026 00:29:33 [38;5;117m[DEBUG]: [0mThis is a debug message from thread 518-09-2026 00:29:33 [38;5;117m[DEBUG]: [0mThis is a debug message from thread 1218-09-2026 00:29:33 [38;5;009m[ERROR]: [0mThis is a error message from thread 1418-09-2026 00:29:33 [38;5;117m[DEBUG]: [0mThis is a debug message from thread 1018-09-2026 00:29:33 [38;5;015m[INFO]: [0mThis is a info message from thread 1018-09-2026 00:29:33 [38;5;009m[ERROR]: [0mThis is a error message from thread 1018-09-2026 00:29:33 [38;5;015m[INFO]: [0mThis is a info message from thread 1218-09-2026 00:29:33 [38;5;117m[DEBUG]: [0mThis is a debug message from thread 1418-09-2026 00:29:33 [38;5;009m[ERROR]: [0mThis is a error message from thread 1218-09-2026 00:29:33 [38;5;117m[DEBUG]: [0mThis is a debug message from thread 1218-09-2026 00:29:33 [38;5;117m[DEBUG]: [0mThis is a debug message from thread 1818-09-2026 00:29:33 [38;5;015m[INFO]: [0mThis is a info message from thread 1218-09-2026 00:29:33 [38;5;015m[INFO]: [0mThis is a info message from thread 1418-09-2026 00:29:33 [38;5;117m[DEBUG]: [0mThis is a debug message from thread 2818-09-2026 00:29:33 [38;5;009m[ERROR]: [0mThis is a error message from thread 1418-09-2026 00:29:33 [38;5;009m[ERROR]: [0mThis is a error message from thread 418-09-2026 00:29:33 [38;5;117m[DEBUG]: [0mThis is a debug message from thread 1418-09-2026 00:29:33 [38;5;009m[ERROR]: [0mThis is a error message from thread 1218-09-2026 00:29:33 [38;5;015m[INFO]: [0mThis is a info message from thread 1418-09-2026 00:29:33 [38;5;009m[ERROR]: [0mThis is a error message from thread 918-09-2026 00:29:33 [38;5;015m[INFO]: [0mThis is a info message from thread 2818-09-2026 00:29:33 [38;5;009m[ERROR]: [0mThis is a error message from thread 1418-09-2026 00:29:33 [38;5;117m[DEBUG]: [0mThis is a debug message from thread 1218-09-2026 00:29:33 [38;5;117m[DEBUG]: [0mThis is a debug message from thread 1418-09-2026 00:29:33 [38;5;117m[DEBUG]: [0mThis is a debug message from thread 418-09-2026 00:29:33 [38;5;117m[DEBUG]: [0mThis is a debug message from thread 2618-09-2026 00:29:33 [38;5;009m[ERROR]: [0mThis is a error message from thread 2818-09-2026 00:29:33 [38;5;009m[ERROR]: [0mThis is a error message from thread 818-09-2026 00:29:33 [38;5;117m[DEBUG]: [0mThis is a debug message from thread 1518-09-2026 00:29:33 [38;5;117m[DEBUG]: [0mThis is a debug message from thread 818-09-2026 00:29:33 [38;5;015m[INFO]: [0mThis is a info message from thread 1518-09-2026 00:29:33 [38;5;117m[DEBUG]: [0mThis is a debug message from thread 2218-09-2026 00:29:33 [38;5;015m[INFO]: [0mThis is a info message from thread 1218-09-2026 00:29:33 [38;5;015m[INFO]: [0mThis is a info message from thread 2518-09-2026 00:29:33 [38;5;015m[INFO]: [0mThis is a info message from thread 318-09-2026 00:29:33 [38;5;009m[ERROR]: [0mThis is a error message from thread 1518-09-2026 00:29:33 [38;5;009m[ERROR]: [0mThis is a error message from thread 318-09-2026 00:29:33 [38;5;009m[ERROR]: [0mThis is a error message from thread 2518-09-2026 00:29:33 [38;5;009m[ERROR]: [0mThis is a error message from thread 1218-09-2026 00:29:33 [38;5;117m[DEBUG]: [0mThis is a debug message from thread 2518-09-2026 00:29:33 [38;5;015m[INFO]: [0mThis is a info message from thread 418-09-2026 00:29:33 [38;5;009m[ERROR]: [0mThis is a error message from thread 418-09-2026 00:29:33 [38;5;117m[DEBUG]: [0mThis is a debug message from thread 2818-09-2026 00:29:33 [38;5;015m[INFO]: [0mThis is a info message from thread 2818-09-2026 00:29:33 [38;5;117m[DEBUG]: [0mThis is a debug message from thread 1518-09-2026 00:29:33 [38;5;117m[DEBUG]: [0mThis is a debug message from thread 1218-09-2026 00:29:33 [38;5;015m[INFO]: [0mThis is a info message from thread 1218-09-2026 00:29:33 [38;5;117m[DEBUG]: [0mThis is a debug message from thread 318-09-2026 00:29:33 [38;5;009m[ERROR]: [0mThis is a error message from thread 1218-09-2026 00:29:33 [38;5;015m[INFO]: [0mThis is a info message from thread 1918-09-2026 00:29:33 [38;5;015m[INFO]: [0mThis is a info message from thread 1618-09-2026 00:29:33 [38;5;009m[ERROR]: [0mThis is a error message from thread 618-09-2026 00:29:33 [38;5;015m[INFO]: [0mThis is a info message from thread 518-09-2026 00:29:33 [38;5;117m[DEBUG]: [0mThis is a debug message from thread 618-09-2026 00:29:33 [38;5;117m[DEBUG]: [0mThis is a debug message from thread 1218-09-2026 00:29:33 [38;5;015m[INFO]: [0mThis is a info message from thread 1218-09-2026 00:29:33 [38;5;009m[ERROR]: [0mThis is a error message from thread 1918-09-2026 00:29:33 [38;5;117m[DEBUG]: [0mThis is a debug message from thread 1718-09-2026 00:29:33 [38;5;009m[ERROR]: [0mThis is a error message from thread 1218-09-2026 00:29:33 [38;5;117m[DEBUG]: [0mThis is a debug message from thread 1918-09-2026 00:29:33 [38;5;009m[ERROR]: [0mThis is a error message from thread 1618-09-2026 00:29:33 [38;5;015m[INFO]: [0mThis is a info message from thread 818-09-2026 00:29:33 [38;5;117m[DEBUG]: [0mThis is a debug message from thread 918-09-2026 00:29:33 [38;5;117m[DEBUG]: [0mThis is a debug message from thread 2318-09-2026 00:29:33 [38;5;015m[INFO]: [0mThis is a info message from thread 618-09-2026 00:29:33 [38;5;117m[DEBUG]: [0mThis is a debug message from thread 1118-09-2026 00:29:33 [38;5;015m[INFO]: [0mThis is a info message from thread 218-09-2026 00:29:33 [38;5;009m[ERROR]: [0mThis is a error message from thread 618-09-2026 00:29:33 [38;5;117m[DEBUG]: [0mThis is a debug message from thread 1618-09-2026 00:29:33 [38;5;117m[DEBUG]: [0mThis is a debug message from thread 1018-09-2026 00:29:33 [38;5;015m[INFO]: [0mThis is a info message from thread 2618-09-2026 00:29:33 [38;5;015m[INFO]: [0mThis is a info message from thread 1518-09-2026 00:29:33 [38;5;015m[INFO]: [0mThis is a info message from thread 2518-09-2026 00:29:33 [38;5;015m[INFO]: [0mThis is a info message from thread 318-09-2026 00:29:33 [38;5;009m[ERROR]: [0mThis is a error message from thread 2818-09-2026 00:29:33 [38;5;015m[INFO]: [0mThis is a info message from thread 1618-09-2026 00:29:33 [38;5;015m[INFO]: [0mThis is a info message from thread 918-09-2026 00:29:33 [38;5;015m[INFO]: [0mThis is a info message from thread 2718-09-2026 00:29:33 [38;5;009m[ERROR]: [0mThis is a error message from thread 2518-09-2026 00:29:33 [38;5;009m[ERROR]: [0mThis is a error message from thread 2018-09-2026 00:29:33 [38;5;117m[DEBUG]: [0mThis is a debug message from thread 2818-09-2026 00:29:33 [38;5;009m[ERROR]: [0mThis is a error message from thread 518-09-2026 00:29:33 [38;5;117m[DEBUG]: [0mThis is a debug message from thread 518-09-2026 00:29:33 [38;5;117m[DEBUG]: [0mThis is a debug message from thread 2018-09-2026 00:29:33 [38;5;009m[ERROR]: [0mThis is a error message from thread 818-09-2026 00:29:33 [38;5;015m[INFO]: [0mThis is a info message from thread 2318-09-2026 00:29:33 [38;5;009m[ERROR]: [0mThis is a error message from thread 118-09-2026 00:29:33 [38;5;117m[DEBUG]: [0mThis is a debug message from thread 1318-09-2026 00:29:33 [38;5;009m[ERROR]: [0mThis is a error message from thread 2618-09-2026 00:29:33 [38;5;009m[ERROR]: [0mThis is a error message from thread 1518-09-2026 00:29:33 [38;5;009m[ERROR]: [0mThis is a error message from thread 218-09-2026 00:29:33 [38;5;009m[ERROR]: [0mThis is a error message from thread 2318-09-2026 00:29:33 [38;5;015m[INFO]: [0mThis is a info message from thread 1018-09-2026 00:29:33 [38;5;015m[INFO]: [0mThis is a info message from thread 518-09-2026 00:29:33 [38;5;117m[DEBUG]: [0mThis is a debug message from thread 1518-09-2026 00:29:33 [38;5;117m[DEBUG]: [0mThis is a debug message from thread 2618-09-2026 00:29:33 [38;5;015m[INFO]: [0mThis is a info message from thread 718-09-2026 00:29:33 [38;5;117m[DEBUG]: [0mThis is a debug message from thread 1218-09-2026 00:29:33 [38;5;117m[DEBUG]: [0mThis is a debug message from thread 418-09-2026 00:29:33 [38;5;117m[DEBUG]: [0mThis is a debug message from thread 118-09-2026 00:29:33 [38;5;015m[INFO]: [0mThis is a info message from thread 1818-09-2026 00:29:33 [38;5;015m[INFO]: [0mThis is a info message from thread 2018-09-2026 00:29:33 [38;5;009m[ERROR]: [0mThis is a error message from thread 318-09-2026 00:29:33 [38;5;015m[INFO]: [0mThis is a info message from thread 118-09-2026 00:29:33 [38;5;015m[INFO]: [0mThis is a info message from thread 2618-09-2026 00:29:33 [38;5;117m[DEBUG]: [0mThis is a debug message from thread 618-09-2026 00:29:33 [38;5;117m[DEBUG]: [0mThis is a debug message from thread 2118-09-2026 00:29:33 [38;5;015m[INFO]: [0mThis is a info message from thread 1418-09-2026 00:29:33 [38;5;015m[INFO]: [0mThis is a info message from thread 2818-09-2026 00:29:33 [38;5;015m[INFO]: [0mThis is a info message from thread 418-09-2026 00:29:33 [38;5;009m[ERROR]: [0mThis is a error message from thread 918-09-2026 00:29:33 [38;5;009m[ERROR]: [0mThis is a error message from thread 1818-09-2026 00:29:33 [38;5;009m[ERROR]: [0mThis is a error message from thread 418-09-2026 00:29:33 [38;5;009m[ERROR]: [0mThis is a error message from thread 1418-09-2026 00:29:33 [38;5;015m[INFO]: [0mThis is a info message from thread 1118-09-2026 00:29:33 [38;5;009m[ERROR]: [0mThis is a error message from thread 518-09-2026 00:29:33 [38;5;117m[DEBUG]: [0mThis is a debug message from thread 318-09-2026 00:29:33 [38;5;015m[INFO]: [0mThis is a info message from thread 1218-09-2026 00:29:33 [38;5;009m[ERROR]: [0mThis is a error message from thread 2618-09-2026 00:29:33 [38;5;117m[DEBUG]: [0mThis is a debug message from thread 518-09-2026 00:29:33 [38;5;009m[ERROR]: [0mThis is a error message from thread 1618-09-2026 00:29:33 [38;5;009m[ERROR]: [0mThis is a error message from thread 1018-09-2026 00:29:33 [38;5;117m[DEBUG]: [0mThis is a debug message from thread 2318-09-2026 00:29:33 [38;5;117m[DEBUG]: [0mThis is a debug message from thread 818-09-2026 00:29:33 [38;5;009m[ERROR]: [0mThis is a error message from thread 2718-09-2026 00:29:33 [38;5;009m[ERROR]: [0mThis is a error message from thread 2018-09-2026 00:29:33 [38;5;117m[DEBUG]: [0mThis is a debug message from thread 2518-09-2026 00:29:33 [38;5;015m[INFO]: [0mThis is a info message from thread 1518-09-2026 00:29:33 [38;5;009m[ERROR]: [0mThis is a error message from thread 718-09-2026 00:29:33 [38;5;015m[INFO]: [0mThis is a info message from thread 318-09-2026 00:29:33 [38;5;015m[INFO]: [0mThis is a info message from thread 2918-09-2026 00:29:33 [38;5;009m[ERROR]: [0mThis is a error message from thread 2818-09-2026 00:29:33 [38;5;015m[INFO]: [0mThis is a info message from thread 2218-09-2026 00:29:33 [38;5;117m[DEBUG]: [0mThis is a debug message from thread 718-09-2026 00:29:33 [38;5;009m[ERROR]: [0mThis is a error message from thread 318-09-2026 00:29:33 [38;5;009m[ERROR]: [0mThis is a error message from thread 2918-09-2026 00:29:33 [38;5;009m[ERROR]: [0mThis is a error message from thread 1518-09-2026 00:29:33 [38;5;117m[DEBUG]: [0mThis is a debug message from thread 218-09-2026 00:29:33 [38;5;015m[INFO]: [0mThis is a info message from thread 1318-09-2026 00:29:33 [38;5;117m[DEBUG]: [0mThis is a debug message from thread 2918-09-2026 00:29:33 [38;5;009m[ERROR]: [0mThis is a error message from thread 2218-09-2026 00:29:33 [38;5;117m[DEBUG]: [0mThis is a debug message from thread 1418-09-2026 00:29:33 [38;5;015m[INFO]: [0mThis is a info message from thread 618-09-2026 00:29:33 [38;5;009m[ERROR]: [0mThis is a error message from thread 118-09-2026 00:29:33 [38;5;117m[DEBUG]: [0mThis is a debug message from thread 2218-09-2026 00:29:33 [38;5;009m[ERROR]: [0mThis is a error message from thread 1218-09-2026 00:29:33 [38;5;009m[ERROR]: [0mThis is a error message from thread 1118-09-2026 00:29:33 [38;5;117m[DEBUG]: [0mThis is a debug message from thread 918-09-2026 00:29:33 [38;5;015m[INFO]: [0mThis is a info message from thread 1918-09-2026 00:29:33 [38;5;117m[DEBUG]: [0mThis is a debug message from thread 1518-09-2026 00:29:33 [38;5;117m[DEBUG]: [0mThis is a debug message from thread 318-09-2026 00:29:33 [38;5;117m[DEBUG]: [0mThis is a debug message from thread 1618-09-2026 00:29:33 [38;5;009m[ERROR]: [0mThis is a error message from thread 618-09-2026 00:29:33 [38;5;009m[ERROR]: [0mThis is a error message from thread 1918-09-2026 00:29:33 [38;5;015m[INFO]: [0mThis is a info message from thread 2118-09-2026 00:29:33 [38;5;015m[INFO]: [0mThis is a info message from thread 1718-09-2026 00:29:33 [38;5;015m[INFO]: [0mThis is a info message from thread 2918-09-2026 00:29:33 [38;5;015m[INFO]: [0mThis is a info message from thread 718-09-2026 00:29:33 [38;5;015m[INFO]: [0mThis is a info message from thread 2218-09-2026 00:29:33 [38;5;009m[ERROR]: [0mThis is a error message from thread 1718-09-2026 00:29:33 [38;5;015m[INFO]: [0mThis is a info message from thread 2318-09-2026 00:29:33 [38;5;009m[ERROR]: [0mThis is a error message from thread 718-09-2026 00:29:33 [38;5;009m[ERROR]: [0mThis is a error message from thread 2118-09-2026 00:29:33 [38;5;015m[INFO]: [0mThis is a info message from thread 918-09-2026 00:29:33 [38;5;015m[INFO]: [0mThis is a info message from thread 1618-09-2026 00:29:33 [38;5;015m[INFO]: [0mThis is a info message from thread 518-09-2026 00:29:33 [38;5;117m[DEBUG]: [0mThis is a debug message from thread 1018-09-2026 00:29:33 [38;5;015m[INFO]: [0mThis is a info message from thread 218-09-2026 00:29:33 [38;5;117m[DEBUG]: [0mThis is a debug message from thread 1818-09-2026 00:29:33 [38;5;117m[DEBUG]: [0mThis is a debug message from thread 1918-09-2026 00:29:33 [38;5;117m[DEBUG]: [0mThis is a debug message from thread 2118-09-2026 00:29:33 [38;5;117m[DEBUG]: [0mThis is a debug message from thread 2618-09-2026 00:29:33 [38;5;009m[ERROR]: [0mThis is a error message from thread 2418-09-2026 00:29:33 [38;5;015m[INFO]: [0mThis is a info message from thread 818-09-2026 00:29:33 [38;5;015m[INFO]: [0mThis is a info message from thread 2118-09-2026 00:29:33 [38;5;015m[INFO]: [0mThis is a info message from thread 1818-09-2026 00:29:33 [38;5;117m[DEBUG]: [0mThis is a debug message from thread 018-09-2026 00:29:33 [38;5;117m[DEBUG]: [0mThis is a debug message from thread 2018-09-2026 00:29:33 [38;5;117m[DEBUG]: [0mThis is a debug message from thread 718-09-2026 00:29:33 [38;5;015m[INFO]: [0mThis is a info message from thread 718-09-2026 00:29:33 [38;5;009m[ERROR]: [0mThis is a error message from thread 718-09-2026 00:29:33 [38;5;009m[ERROR]: [0mThis is a error message from thread 1818-09-2026 00:29:33 [38;5;117m[DEBUG]: [0mThis is a debug message from thread 718-09-2026 00:29:33 [38;5;009m[ERROR]: [0mThis is a error message from thread 2218-09-2026 00:29:33 [38;5;117m[DEBUG]: [0mThis is a debug message from thread 2818-09-2026 00:29:33 [38;5;117m[DEBUG]: [0mThis is a debug message from thread 1118-09-2026 00:29:33 [38;5;117m[DEBUG]: [0mThis is a debug message from thread 2418-09-2026 00:29:33 [38;5;015m[INFO]: [0mThis is a info message from thread 1118-09-2026 00:29:33 [38;5;015m[INFO]: [0mThis is a info message from thread 1418-09-2026 00:29:33 [38;5;015m[INFO]: [0mThis is a info message from thread 1518-09-2026 00:29:33 [38;5;117m[DEBUG]: [0mThis is a debug message from thread 1818-09-2026 00:29:33 [38;5;009m[ERROR]: [0mThis is a error message from thread 218-09-2026 00:29:33 [38;5;015m[INFO]: [0mThis is a info message from thread 1818-09-2026 00:29:33 [38;5;009m[ERROR]: [0mThis is a error message from thread 1518-09-2026 00:29:33 [38;5;117m[DEBUG]: [0mThis is a debug message from thread 1218-09-2026 00:29:33 [38;5;117m[DEBUG]: [0mThis is a debug message from thread 118-09-2026 00:29:33 [38;5;117m[DEBUG]: [0mThis is a debug message from thread 2218-09-2026 00:29:33 [38;5;009m[ERROR]: [0mThis is a error message from thread 1418-09-2026 00:29:33 [38;5;009m[ERROR]: [0mThis is a error message from thread 918-09-2026 00:29:33 [38;5;117m[DEBUG]: [0mThis is a debug message from thread 1518-09-2026 00:29:33 [38;5;015m[INFO]: [0mThis is a info message from thread 2618-09-2026 00:29:33 [38;5;009m[ERROR]: [0mThis is a error message from thread 2318-09-2026 00:29:33 [38;5;015m[INFO]: [0mThis is a info message from thread 1918-09-2026 00:29:33 [38;5;015m[INFO]: [0mThis is a info message from thread 718-09-2026 00:29:33 [38;5;009m[ERROR]: [0mThis is a error message from thread 2918-09-2026 00:29:33 [38;5;009m[ERROR]: [0mThis is a error message from thread 2118-09-2026 00:29:33 [38;5;015m[INFO]: [0mThis is a info message from thread 1518-09-2026 00:29:33 [38;5;015m[INFO]: [0mThis is a info message from thread 1018-09-2026 00:29:33 [38;5;009m[ERROR]: [0mThis is a error message from thread 1818-09-2026 00:29:33 [38;5;009m[ERROR]: [0mThis is a error message from thread 518-09-2026 00:29:33 [38;5;117m[DEBUG]: [0mThis is a debug message from thread 618-09-2026 00:29:33 [38;5;009m[ERROR]: [0mThis is a error message from thread 718-09-2026 00:29:33 [38;5;117m[DEBUG]: [0mThis is a debug message from thread 2318-09-2026 00:29:33 [38;5;009m[ERROR]: [0mThis is a error message from thread 818-09-2026 00:29:33 [38;5;117m[DEBUG]: [0mThis is a debug message from thread 918-09-2026 00:29:33 [38;5;117m[DEBUG]: [0mThis is a debug message from thread 1718-09-2026 00:29:33 [38;5;117m[DEBUG]: [0mThis is a debug message from thread 718-09-2026 00:29:33 [38;5;009m[ERROR]: [0mThis is a error message from thread 1318-09-2026 00:29:33 [38;5;015m[INFO]: [0mThis is a info message from thread 118-09-2026 00:29:33 [38;5;117m[DEBUG]: [0mThis is a debug message from thread 418-09-2026 00:29:33 [38;5;117m[DEBUG]: [0mThis is a debug message from thread 218-09-2026 00:29:33 [38;5;015m[INFO]: [0mThis is a info message from thread 2018-09-2026 00:29:33 [38;5;015m[INFO]: [0mThis is a info message from thread 2518-09-2026 00:29:33 [38;5;015m[INFO]: [0mThis is a info message from thread 918-09-2026 00:29:33 [38;5;009m[ERROR]: [0mThis is a error message from thread 2018-09-2026 00:29:33 [38;5;015m[INFO]: [0mThis is a info message from thread 1718-09-2026 00:29:33 [38;5;009m[ERROR]: [0mThis is a error message from thread 1618-09-2026 00:29:33 [38;5;009m[ERROR]: [0mThis is a error message from thread 1118-09-2026 00:29:33 [38;5;015m[INFO]: [0mThis is a info message from thread 1218-09-2026 00:29:33 [38;5;015m[INFO]: [0mThis is a info message from thread 318-09-2026 00:29:33 [38;5;009m[ERROR]: [0mThis is a error message from thread 1718-09-2026 00:29:33 [38;5;009m[ERROR]: [0mThis is a error message from thread 118-09-2026 00:29:33 [38;5;015m[INFO]: [0mThis is a info message from thread 2318-09-2026 00:29:33 [38;5;117m[DEBUG]: [0mThis is a debug message from thread 1318-09-2026 00:29:33 [38;5;009m[ERROR]: [0mThis is a error message from thread 2318-09-2026 00:29:33 [38;5;117m[DEBUG]: [0mThis is a debug message from thread 1718-09-2026 00:29:33 [38;5;117m[DEBUG]: [0mThis is a debug message from thread 2318-09-2026 00:29:33 [38;5;117m[DEBUG]: [0mThis is a debug message from thread 1118-09-2026 00:29:33 [38;5;117m[DEBUG]: [0mThis is a debug message from thread 118-09-2026 00:29:33 [38;5;015m[INFO]: [0mThis is a info message from thread 118-09-2026 00:29:33 [38;5;009m[ERROR]: [0mThis is a error message from thread 1218-09-2026 00:29:33 [38;5;009m[ERROR]: [0mThis is a error message from thread 1518-09-2026 00:29:33 [38;5;009m[ERROR]: [0mThis is a error message from thread 918-09-2026 00:29:33 [38;5;117m[DEBUG]: [0mThis is a debug message from thread 818-09-2026 00:29:33 [38;5;117m[DEBUG]: [0mThis is a debug message from thread 2918-09-2026 00:29:33 [38;5;015m[INFO]: [0mThis is a info message from thread 1318-09-2026 00:29:33 [38;5;015m[INFO]: [0mThis is a info message from thread 1718-09-2026 00:29:33 [38;5;117m[DEBUG]: [0mThis is a debug message from thread 1518-09-2026 00:29:33 [38;5;015m[INFO]: [0mThis is a info message from thread 818-09-2026 00:29:33 [38;5;015m[INFO]: [0mThis is a info message from thread 2318-09-2026 00:29:33 [38;5;009m[ERROR]: [0mThis is a error message from thread 2518-09-2026 00:29:33 [38;5;117m[DEBUG]: [0mThis is a debug message from thread 1818-09-2026 00:29:33 [38;5;015m[INFO]: [0mThis is a info message from thread 718-09-2026 00:29:33 [38;5;015m[INFO]: [0mThis is a info message from thread 1518-09-2026 00:29:33 [38;5;015m[INFO]: [0mThis is a info message from thread 418-09-2026 00:29:33 [38;5;117m[DEBUG]: [0mThis is a debug message from thread 518-09-2026 00:29:33 [38;5;009m[ERROR]: [0mThis is a error message from thread 818-09-2026 00:29:33 [38;5;015m[INFO]: [0mThis is a info message from thread 618-09-2026 00:29:33 [38;5;117m[DEBUG]: [0mThis is a debug message from thread 2518-09-2026 00:29:33 [38;5;117m[DEBUG]: [0mThis is a debug message from thread 2018-09-2026 00:29:33 [38;5;117m[DEBUG]: [0mThis is a debug message from thread 2118-09-2026 00:29:33 [38;5;009m[ERROR]: [0mThis is a error message from thread 1918-09-2026 00:29:33 [38;5;117m[DEBUG]: [0mThis is a debug message from thread 918-09-2026 00:29:33 [38;5;009m[ERROR]: [0mThis is a error message from thread 2318-09-2026 00:29:33 [38;5;117m[DEBUG]: [0mThis is a debug message from thread 1218-09-2026 00:29:33 [38;5;009m[ERROR]: [0mThis is a error message from thread 118-09-2026 00:29:33 [38;5;009m[ERROR]: [0mThis is a error message from thread 618-09-2026 00:29:33 [38;5;009m[ERROR]: [0mThis is a error message from thread 1518-09-2026 00:29:33 [38;5;117m[DEBUG]: [0mThis is a debug message from thread 1618-09-2026 00:29:33 [38;5;015m[INFO]: [0mThis is a info message from thread 2418-09-2026 00:29:33 [38;5;015m[INFO]: [0mThis is a info message from thread 518-09-2026 00:29:33 [38;5;009m[ERROR]: [0mThis is a error message from thread 418-09-2026 00:29:33 [38;5;015m[INFO]: [0mThis is a info message from thread 2518-09-2026 00:29:33 [38;5;117m[DEBUG]: [0mThis is a debug message from thread 1518-09-2026 00:29:33 [38;5;117m[DEBUG]: [0mThis is a debug message from thread 2318-09-2026 00:29:33 [38;5;015m[INFO]: [0mThis is a info message from thread 1118-09-2026 00:29:33 [38;5;015m[INFO]: [0mThis is a info message from thread 1218-09-2026 00:29:33 [38;5;009m[ERROR]: [0mThis is a error message from thread 518-09-2026 00:29:33 [38;5;015m[INFO]: [0mThis is a info message from thread 918-09-2026 00:29:33 [38;5;015m[INFO]: [0mThis is a info message from thread 2318-09-2026 00:29:33 [38;5;117m[DEBUG]: [0mThis is a debug message from thread 418-09-2026 00:29:33 [38;5;009m[ERROR]: [0mThis is a error message from thread 2418-09-2026 00:29:33 [38;5;015m[INFO]: [0mThis is a info message from thread 1518-09-2026 00:29:33 [38;5;117m[DEBUG]: [0mThis is a debug message from thread 618-09-2026 00:29:33 [38;5;015m[INFO]: [0mThis is a info message from thread 1818-09-2026 00:29:33 [38;5;015m[INFO]: [0mThis is a info message from thread 2118-09-2026 00:29:33 [38;5;009m[ERROR]: [0mThis is a error message from thread 1218-09-2026 00:29:33 [38;5;117m[DEBUG]: [0mThis is a debug message from thread 518-09-2026 00:29:33 [38;5;009m[ERROR]: [0mThis is a error message from thread 2318-09-2026 00:29:33 [38;5;009m[ERROR]: [0mThis is a error message from thread 1018-09-2026 00:29:33 [38;5;117m[DEBUG]: [0mThis is a debug message from thread 2418-09-2026 00:29:33 [38;5;117m[DEBUG]: [0mThis is a debug message from thread 1918-09-2026 00:29:33 [38;5;009m[ERROR]: [0mThis is a error message from thread 1718-09-2026 00:29:33 [38;5;117m[DEBUG]: [0mThis is a debug message from thread 2718-09-2026 00:29:33 [38;5;009m[ERROR]: [0mThis is a error message from thread 1118-09-2026 00:29:33 [38;5;009m[ERROR]: [0mThis is a error message from thread 918-09-2026 00:29:33 [38;5;015m[INFO]: [0mThis is a info message from thread 418-09-2026 00:29:33 [38;5;117m[DEBUG]: [0mThis is a debug message from thread 2318-09-2026 00:29:33 [38;5;015m[INFO]: [0mThis is a info message from thread 2418-09-2026 00:29:33 [38;5;009m[ERROR]: [0mThis is a error message from thread 2518-09-2026 00:29:33 [38;5;015m[INFO]: [0mThis is a info message from thread 518-09-2026 00:29:33 [38;5;117m[DEBUG]: [0mThis is a debug message from thread 1118-09-2026 00:29:33 [38;5;015m[INFO]: [0mThis is a info message from thread 2318-09-2026 00:29:33 [38;5;009m[ERROR]: [0mThis is a error message from thread 318-09-2026 00:29:33 [38;5;015m[INFO]: [0mThis is a info message from thread 1918-09-2026 00:29:33 [38;5;117m[DEBUG]: [0mThis is a debug message from thread 918-09-2026 00:29:33 [38;5;009m[ERROR]: [0mThis is a error message from thread 518-09-2026 00:29:33 [38;5;009m[ERROR]: [0mThis is a error message from thread 2118-09-2026 00:29:33 [38;5;009m[ERROR]: [0mThis is a error message from thread 1818-09-2026 00:29:33 [38;5;015m[INFO]: [0mThis is a info message from thread 1618-09-2026 00:29:33 [38;5;015m[INFO]: [0mThis is a info message from thread 2918-09-2026 00:29:33 [38;5;009m[ERROR]: [0mThis is a error message from thread 1918-09-2026 00:29:33 [38;5;009m[ERROR]: [0mThis is a error message from thread 2318-09-2026 00:29:33 [38;5;009m[ERROR]: [0mThis is a error message from thread 1618-09-2026 00:29:33 [38;5;117m[DEBUG]: [0mThis is a debug message from thread 518-09-2026 00:29:33 [38;5;117m[DEBUG]: [0mThis is a debug message from thread 1918-09-2026 00:29:33 [38;5;117m[DEBUG]: [0mThis is a debug message from thread 2518-09-2026 00:29:33 [38;5;015m[INFO]: [0mThis is a info message from thread 1118-09-2026 00:29:33 [38;5;015m[INFO]: [0mThis is a info message from thread 518-09-2026 00:29:33 [38;5;117m[DEBUG]: [0mThis is a debug message from thread 1618-09-2026 00:29:33 [38;5;117m[DEBUG]: [0mThis is a debug message from thread 1018-09-2026 00:29:33 [38;5;015m[INFO]: [0mThis is a info message from thread 2718-09-2026 00:29:33 [38;5;117m[DEBUG]: [0mThis is a debug message from thread 2118-09-2026 00:29:33 [38;5;117m[DEBUG]: [0mThis is a debug message from thread 2318-09-2026 00:29:33 [38;5;015m[INFO]: [0mThis is a info message from thread 1918-09-2026 00:29:33 [38;5;015m[INFO]: [0mThis is a info message from thread 2218-09-2026 00:29:33 [38;5;015m[INFO]: [0mThis is a info message from thread 2318-09-2026 00:29:33 [38;5;009m[ERROR]: [0mThis is a error message from thread 518-09-2026 00:29:33 [38;5;015m[INFO]: [0mThis is a info message from thread 1618-09-2026 00:29:33 [38;5;009m[ERROR]: [0mThis is a error message from thread 2318-09-2026 00:29:33 [38;5;015m[INFO]: [0mThis is a info message from thread 2518-09-2026 00:29:33 [38;5;009m[ERROR]: [0mThis is a error message from thread 1918-09-2026 00:29:33 [38;5;117m[DEBUG]: [0mThis is a debug message from thread 518-09-2026 00:29:33 [38;5;015m[INFO]: [0mThis is a info message from thread 518-09-2026 00:29:33 [38;5;117m[DEBUG]: [0mThis is a debug message from thread 318-09-2026 00:29:33 [38;5;117m[DEBUG]: [0mThis is a debug message from thread 2318-09-2026 00:29:33 [38;5;009m[ERROR]: [0mThis is a error message from thread 1618-09-2026 00:29:33 [38;5;117m[DEBUG]: [0mThis is a debug message from thread 1918-09-2026 00:29:33 [38;5;009m[ERROR]: [0mThis is a error message from thread 418-09-2026 00:29:33 [38;5;117m[DEBUG]: [0mThis is a debug message from thread 1618-09-2026 00:29:33 [38;5;117m[DEBUG]: [0mThis is a debug message from thread 1718-09-2026 00:29:33 [38;5;009m[ERROR]: [0mThis is a error message from thread 1118-09-2026 00:29:33 [38;5;009m[ERROR]: [0mThis is a error message from thread 518-09-2026 00:29:33 [38;5;015m[INFO]: [0mThis is a info message from thread 1018-09-2026 00:29:33 [38;5;009m[ERROR]: [0mThis is a error message from thread 2918-09-2026 00:29:33 [38;5;015m[INFO]: [0mThis is a info message from thread 918-09-2026 00:29:33 [38;5;009m[ERROR]: [0mThis is a error message from thread 2718-09-2026 00:29:33 [38;5;015m[INFO]: [0mThis is a info message from thread 2318-09-2026 00:29:33 [38;5;015m[INFO]: [0mThis is a info message from thread 1618-09-2026 00:29:33 [38;5;117m[DEBUG]: [0mThis is a debug message from thread 518-09-2026 00:29:33 [38;5;015m[INFO]: [0mThis is a info message from thread 1918-09-2026 00:29:33 [38;5;117m[DEBUG]: [0mThis is a debug message from thread 1818-09-2026 00:29:33 [38;5;009m[ERROR]: [0mThis is a error message from thread 2318-09-2026 00:29:33 [38;5;009m[ERROR]: [0mThis is a error message from thread 1618-09-2026 00:29:33 [38;5;009m[ERROR]: [0mThis is a error message from thread 918-09-2026 00:29:33 [38;5;015m[INFO]: [0mThis is a info message from thread 518-09-2026 00:29:33 [38;5;117m[DEBUG]: [0mThis is a debug message from thread 2918-09-2026 00:29:33 [38;5;015m[INFO]: [0mThis is a info message from thread 1718-09-2026 00:29:33 [38;5;009m[ERROR]: [0mThis is a error message from thread 1918-09-2026 00:29:33 [38;5;009m[ERROR]: [0mThis is a error message from thread 2618-09-2026 00:29:33 [38;5;009m[ERROR]: [0mThis is a error message from thread 518-09-2026 00:29:33 [38;5;009m[ERROR]: [0mThis is a error message from thread 2518-09-2026 00:29:33 [38;5;117m[DEBUG]: [0mThis is a debug message from thread 418-09-2026 00:29:33 [38;5;015m[INFO]: [0mThis is a info message from thread 318-09-2026 00:29:33 [38;5;117m[DEBUG]: [0mThis is a debug message from thread 1118-09-2026 00:29:33 [38;5;117m[DEBUG]: [0mThis is a debug message from thread 1918-09-2026 00:29:33 [38;5;117m[DEBUG]: [0mThis is a debug message from thread 518-09-2026 00:29:33 [38;5;117m[DEBUG]: [0mThis is a debug message from thread 918-09-2026 00:29:33 [38;5;117m[DEBUG]: [0mThis is a debug message from thread 2518-09-2026 00:29:33 [38;5;117m[DEBUG]: [0mThis is a debug message from thread 2718-09-2026 00:29:33 [38;5;015m[INFO]: [0mThis is a info message from thread 518-09-2026 00:29:33 [38;5;015m[INFO]: [0mThis is a info message from thread 2818-09-2026 00:29:33 [38;5;015m[INFO]: [0mThis is a info message from thread 2518-09-2026 00:29:33 [38;5;009m[ERROR]: [0mThis is a error message from thread 1018-09-2026 00:29:33 [38;5;117m[DEBUG]: [0mThis is a debug message from thread 1418-09-2026 00:29:33 [38;5;015m[INFO]: [0mThis is a info message from thread 1918-09-2026 00:29:33 [38;5;009m[ERROR]: [0mThis is a error message from thread 718-09-2026 00:29:33 [38;5;009m[ERROR]: [0mThis is a error message from thread 1718-09-2026 00:29:33 [38;5;015m[INFO]: [0mThis is a info message from thread 2918-09-2026 00:29:33 [38;5;009m[ERROR]: [0mThis is a error message from thread 318-09-2026 00:29:33 [38;5;015m[INFO]: [0mThis is a info message from thread 1118-09-2026 00:29:33 [38;5;009m[ERROR]: [0mThis is a error message from thread 2818-09-2026 00:29:33 [38;5;009m[ERROR]: [0mThis is a error message from thread 2518-09-2026 00:29:33 [38;5;015m[INFO]: [0mThis is a info message from thread 2718-09-2026 00:29:33 [38;5;015m[INFO]: [0mThis is a info message from thread 218-09-2026 00:29:33 [38;5;009m[ERROR]: [0mThis is a error message from thread 1918-09-2026 00:29:33 [38;5;015m[INFO]: [0mThis is a info message from thread 1418-09-2026 00:29:33 [38;5;009m[ERROR]: [0mThis is a error message from thread 518-09-2026 00:29:33 [38;5;117m[DEBUG]: [0mThis is a debug message from thread 718-09-2026 00:29:33 [38;5;117m[DEBUG]: [0mThis is a debug message from thread 2518-09-2026 00:29:33 [38;5;117m[DEBUG]: [0mThis is a debug message from thread 1718-09-2026 00:29:33 [38;5;015m[INFO]: [0mThis is a info message from thread 418-09-2026 00:29:33 [38;5;117m[DEBUG]: [0mThis is a debug message from thread 2818-09-2026 00:29:33 [38;5;009m[ERROR]: [0mThis is a error message from thread 218-09-2026 00:29:33 [38;5;117m[DEBUG]: [0mThis is a debug message from thread 518-09-2026 00:29:33 [38;5;117m[DEBUG]: [0mThis is a debug message from thread 318-09-2026 00:29:33 [38;5;117m[DEBUG]: [0mThis is a debug message from thread 1918-09-2026 00:29:33 [38;5;015m[INFO]: [0mThis is a info message from thread 2518-09-2026 00:29:33 [38;5;117m[DEBUG]: [0mThis is a debug message from thread 1018-09-2026 00:29:33 [38;5;009m[ERROR]: [0mThis is a error message from thread 1118-09-2026 00:29:33 [38;5;015m[INFO]: [0mThis is a info message from thread 1918-09-2026 00:29:33 [38;5;015m[INFO]: [0mThis is a info message from thread 018-09-2026 00:29:33 [38;5;117m[DEBUG]: [0mThis is a debug message from thread 218-09-2026 00:29:33 [38;5;009m[ERROR]: [0mThis is a error message from thread 2418-09-2026 00:29:33 [38;5;015m[INFO]: [0mThis is a info message from thread 318-09-2026 00:29:33 [38;5;009m[ERROR]: [0mThis is a error message from thread 1518-09-2026 00:29:33 [38;5;015m[INFO]: [0mThis is a info message from thread 618-09-2026 00:29:33 [38;5;009m[ERROR]: [0mThis is a error message from thread 2918-09-2026 00:29:33 [38;5;009m[ERROR]: [0mThis is a error message from thread 1418-09-2026 00:29:33 [38;5;009m[ERROR]: [0mThis is a error message from thread 1918-09-2026 00:29:33 [38;5;117m[DEBUG]: [0mThis is a debug message from thread 1218-09-2026 00:29:33 [38;5;117m[DEBUG]: [0mThis is a debug message from thread 118-09-2026 00:29:33 [38;5;117m[DEBUG]: [0mThis is a debug message from thread 1618-09-2026 00:29:33 [38;5;117m[DEBUG]: [0mThis is a debug message from thread 2318-09-2026 00:29:33 [38;5;117m[DEBUG]: [0mThis is a debug message from thread 2418-09-2026 00:29:33 [38;5;117m[DEBUG]: [0mThis is a debug message from thread 1918-09-2026 00:29:33 [38;5;015m[INFO]: [0mThis is a info message from thread 2118-09-2026 00:29:33 [38;5;015m[INFO]: [0mThis is a info message from thread 218-09-2026 00:29:33 [38;5;015m[INFO]: [0mThis is a info message from thread 118-09-2026 00:29:33 [38;5;015m[INFO]: [0mThis is a info message from thread 1918-09-2026 00:29:33 [38;5;117m[DEBUG]: [0mThis is a debug message from thread 2618-09-2026 00:29:33 [38;5;009m[ERROR]: [0mThis is a error message from thread 118-09-2026 00:29:33 [38;5;117m[DEBUG]: [0mThis is a debug message from thread 2918-09-2026 00:29:33 [38;5;009m[ERROR]: [0mThis is a error message from thread 1918-09-2026 00:29:33 [38;5;015m[INFO]: [0mThis is a info message from thread 2418-09-2026 00:29:33 [38;5;015m[INFO]: [0mThis is a info message from thread 2618-09-2026 00:29:33 [38;5;015m[INFO]: [0mThis is a info message from thread 2918-09-2026 00:29:33 [38;5;117m[DEBUG]: [0mThis is a debug message from thread 118-09-2026 00:29:33 [38;5;015m[INFO]: [0mThis is a info message from thread 2318-09-2026 00:29:33 [38;5;015m[INFO]: [0mThis is a info message from thread 118-09-2026 00:29:33 [38;5;009m[ERROR]: [0mThis is a error message from thread 018-09-2026 00:29:33 [38;5;009m[ERROR]: [0mThis is a error message from thread 2918-09-2026 00:29:33 [38;5;117m[DEBUG]: [0mThis is a debug message from thread 2918-09-2026 00:29:33 [38;5;009m[ERROR]: [0mThis is a error message from thread 2118-09-2026 00:29:33 [38;5;015m[INFO]: [0mThis is a info message from thread 918-09-2026 00:29:33 [38;5;009m[ERROR]: [0mThis is a error message from thread 118-09-2026 00:29:33 [38;5;117m[DEBUG]: [0mThis is a debug message from thread 1918-09-2026 00:29:33 [38;5;015m[INFO]: [0mThis is a info message from thread 2918-09-2026 00:29:33 [38;5;009m[ERROR]: [0mThis is a error message from thread 2318-09-2026 00:29:33 [38;5;015m[INFO]: [0mThis is a info message from thread 1618-09-2026 00:29:33 [38;5;009m[ERROR]: [0mThis is a error message from thread 318-09-2026 00:29:33 [38;5;009m[ERROR]: [0mThis is a error message from thread 2618-09-2026 00:29:33 [38;5;009m[ERROR]: [0mThis is a error message from thread 618-09-2026 00:29:33 [38;5;117m[DEBUG]: [0mThis is a debug message from thread 118-09-2026 00:29:33 [38;5;117m[DEBUG]: [0mThis is a debug message from thread 2118-09-2026 00:29:33 [38;5;117m[DEBUG]: [0mThis is a debug message from thread 018-09-2026 00:29:33 [38;5;117m[DEBUG]: [0mThis is a debug message from thread 2618-09-2026 00:29:33 [38;5;009m[ERROR]: [0mThis is a error message from thread 2918-09-2026 00:29:33 [38;5;015m[INFO]: [0mThis is a info message from thread 1818-09-2026 00:29:33 [38;5;117m[DEBUG]: [0mThis is a debug message from thread 1418-09-2026 00:29:33 [38;5;009m[ERROR]: [0mThis is a error message from thread 1618-09-2026 00:29:33 [38;5;009m[ERROR]: [0mThis is a error message from thread 918-09-2026 00:29:33 [38;5;015m[INFO]: [0mThis is a info message from thread 118-09-2026 00:29:33 [38;5;117m[DEBUG]: [0mThis is a debug message from thread 318-09-2026 00:29:33 [38;5;015m[INFO]: [0mThis is a info message from thread 2118-09-2026 00:29:33 [38;5;117m[DEBUG]: [0mThis is a debug message from thread 818-09-2026 00:29:33 [38;5;009m[ERROR]: [0mThis is a error message from thread 2518-09-2026 00:29:33 [38;5;015m[INFO]: [0mThis is a info message from thread 1918-09-2026 00:29:33 [38;5;009m[ERROR]: [0mThis is a error message from thread 2418-09-2026 00:29:33 [38;5;009m[ERROR]: [0mThis is a error message from thread 118-09-2026 00:29:33 [38;5;009m[ERROR]: [0mThis is a error message from thread 1918-09-2026 00:29:33 [38;5;009m[ERROR]: [0mThis is a error message from thread 1818-09-2026 00:29:33 [38;5;015m[INFO]: [0mThis is a info message from thread 2618-09-2026 00:29:33 [38;5;009m[ERROR]: [0mThis is a error message from thread 2118-09-2026 00:29:33 [38;5;117m[DEBUG]: [0mThis is a debug message from thread 1918-09-2026 00:29:33 [38;5;117m[DEBUG]: [0mThis is a debug message from thread 118-09-2026 00:29:33 [38;5;117m[DEBUG]: [0mThis is a debug message from thread 2318-09-2026 00:29:33 [38;5;117m[DEBUG]: [0mThis is a debug message from thread 918-09-2026 00:29:33 [38;5;015m[INFO]: [0mThis is a info message from thread 1918-09-2026 00:29:33 [38;5;117m[DEBUG]: [0mThis is a debug message from thread 2518-09-2026 00:29:33 [38;5;015m[INFO]: [0mThis is a info message from thread 1418-09-2026 00:29:33 [38;5;015m[INFO]: [0mThis is a info message from thread 118-09-2026 00:29:33 [38;5;009m[ERROR]: [0mThis is a error message from thread 1918-09-2026 00:29:33 [38;5;117m[DEBUG]: [0mThis is a debug message from thread 1118-09-2026 00:29:33 [38;5;117m[DEBUG]: [0mThis is a debug message from thread 2418-09-2026 00:29:33 [38;5;009m[ERROR]: [0mThis is a error message from thread 2618-09-2026 00:29:33 [38;5;015m[INFO]: [0mThis is a info message from thread 2818-09-2026 00:29:33 [38;5;015m[INFO]: [0mThis is a info message from thread 1018-09-2026 00:29:33 [38;5;117m[DEBUG]: [0mThis is a debug message from thread 618-09-2026 00:29:33 [38;5;009m[ERROR]: [0mThis is a error message from thread 118-09-2026 00:29:33 [38;5;015m[INFO]: [0mThis is a info message from thread 818-09-2026 00:29:33 [38;5;015m[INFO]: [0mThis is a info message from thread 1118-09-2026 00:29:33 [38;5;117m[DEBUG]: [0mThis is a debug message from thread 1918-09-2026 00:29:33 [38;5;117m[DEBUG]: [0mThis is a debug message from thread 1818-09-2026 00:29:33 [38;5;117m[DEBUG]: [0mThis is a debug message from thread 2118-09-2026 00:29:33 [38;5;009m[ERROR]: [0mThis is a error message from thread 1018-09-2026 00:29:33 [38;5;117m[DEBUG]: [0mThis is a debug message from thread 118-09-2026 00:29:33 [38;5;015m[INFO]: [0mThis is a info message from thread 1918-09-2026 00:29:33 [38;5;015m[INFO]: [0mThis is a info message from thread 618-09-2026 00:29:33 [38;5;009m[ERROR]: [0mThis is a error message from thread 2218-09-2026 00:29:33 [38;5;015m[INFO]: [0mThis is a info message from thread 118-09-2026 00:29:33 [38;5;015m[INFO]: [0mThis is a info message from thread 2418-09-2026 00:29:33 [38;5;015m[INFO]: [0mThis is a info message from thread 918-09-2026 00:29:33 [38;5;015m[INFO]: [0mThis is a info message from thread 318-09-2026 00:29:33 [38;5;009m[ERROR]: [0mThis is a error message from thread 1918-09-2026 00:29:33 [38;5;009m[ERROR]: [0mThis is a error message from thread 818-09-2026 00:29:33 [38;5;009m[ERROR]: [0mThis is a error message from thread 118-09-2026 00:29:33 [38;5;009m[ERROR]: [0mThis is a error message from thread 1118-09-2026 00:29:33 [38;5;117m[DEBUG]: [0mThis is a debug message from thread 1518-09-2026 00:29:33 [38;5;009m[ERROR]: [0mThis is a error message from thread 218-09-2026 00:29:33 [38;5;117m[DEBUG]: [0mThis is a debug message from thread 2218-09-2026 00:29:33 [38;5;009m[ERROR]: [0mThis is a error message from thread 618-09-2026 00:29:33 [38;5;009m[ERROR]: [0mThis is a error message from thread 2418-09-2026 00:29:33 [38;5;015m[INFO]: [0mThis is a info message from thread 2118-09-2026 00:29:33 [38;5;015m[INFO]: [0mThis is a info message from thread 2218-09-2026 00:29:33 [38;5;015m[INFO]: [0mThis is a info message from thread 518-09-2026 00:29:33 [38;5;117m[DEBUG]: [0mThis is a debug message from thread 1018-09-2026 00:29:33 [38;5;015m[INFO]: [0mThis is a info message from thread 1518-09-2026 00:29:33 [38;5;009m[ERROR]: [0mThis is a error message from thread 918-09-2026 00:29:33 [38;5;117m[DEBUG]: [0mThis is a debug message from thread 1918-09-2026 00:29:33 [38;5;015m[INFO]: [0mThis is a info message from thread 1818-09-2026 00:29:33 [38;5;015m[INFO]: [0mThis is a info message from thread 018-09-2026 00:29:33 [38;5;117m[DEBUG]: [0mThis is a debug message from thread 218-09-2026 00:29:33 [38;5;117m[DEBUG]: [0mThis is a debug message from thread 818-09-2026 00:29:33 [38;5;117m[DEBUG]: [0mThis is a debug message from thread 2918-09-2026 00:29:33 [38;5;015m[INFO]: [0mThis is a info message from thread 1918-09-2026 00:29:33 [38;5;015m[INFO]: [0mThis is a info message from thread 2518-09-2026 00:29:33 [38;5;015m[INFO]: [0mThis is a info message from thread 2318-09-2026 00:29:33 [38;5;015m[INFO]: [0mThis is a info message from thread 1018-09-2026 00:29:33 [38;5;015m[INFO]: [0mThis is a info message from thread 818-09-2026 00:29:33 [38;5;015m[INFO]: [0mThis is a info message from thread 218-09-2026 00:29:33 [38;5;009m[ERROR]: [0mThis is a error message from thread 818-09-2026 00:29:33 [38;5;015m[INFO]: [0mThis is a info message from thread 2918-09-2026 00:29:33 [38;5;009m[ERROR]: [0mThis is a error message from thread 218-09-2026 00:29:33 [38;5;117m[DEBUG]: [0mThis is a debug message from thread 818-09-2026 00:29:33 [38;5;015m[INFO]: [0mThis is a info message from thread 818-09-2026 00:29:33 [38;5;009m[ERROR]: [0mThis is a error message from thread 2918-09-2026 00:29:33 [38;5;009m[ERROR]: [0mThis is a error message from thread 2518-09-2026 00:29:33 [38;5;009m[ERROR]: [0mThis is a error message from thread 1918-09-2026 00:29:33 [38;5;117m[DEBUG]: [0mThis is a debug message from thread 218-09-2026 00:29:33 [38;5;015m[INFO]: [0mThis is a info message from thread 2018-09-2026 00:29:33 [38;5;009m[ERROR]: [0mThis is a error message from thread 1018-09-2026 00:29:33 [38;5;009m[ERROR]: [0mThis is a error message from thread 1518-09-2026 00:29:33 [38;5;117m[DEBUG]: [0mThis is a debug message from thread 1918-09-2026 00:29:33 [38;5;009m[ERROR]: [0mThis is a error message from thread 818-09-2026 00:29:33 [38;5;117m[DEBUG]: [0mThis is a debug message from thread 2918-09-2026 00:29:33 [38;5;117m[DEBUG]: [0mThis is a debug message from thread 2418-09-2026 00:29:33 [38;5;015m[INFO]: [0mThis is a info message from thread 2918-09-2026 00:29:33 [38;5;009m[ERROR]: [0mThis is a error message from thread 2818-09-2026 00:29:33 [38;5;015m[INFO]: [0mThis is a info message from thread 218-09-2026 00:29:33 [38;5;117m[DEBUG]: [0mThis is a debug message from thread 918-09-2026 00:29:33 [38;5;009m[ERROR]: [0mThis is a error message from thread 1418-09-2026 00:29:33 [38;5;009m[ERROR]: [0mThis is a error message from thread 2918-09-2026 00:29:33 [38;5;117m[DEBUG]: [0mThis is a debug message from thread 2818-09-2026 00:29:33 [38;5;117m[DEBUG]: [0mThis is a debug message from thread 1618-09-2026 00:29:33 [38;5;117m[DEBUG]: [0mThis is a debug message from thread 818-09-2026 00:29:33 [38;5;117m[DEBUG]: [0mThis is a debug message from thread 118-09-2026 00:29:33 [38;5;015m[INFO]: [0mThis is a info message from thread 2418-09-2026 00:29:33 [38;5;015m[INFO]: [0mThis is a info message from thread 1218-09-2026 00:29:33 [38;5;015m[INFO]: [0mThis is a info message from thread 2818-09-2026 00:29:33 [38;5;015m[INFO]: [0mThis is a info message from thread 1618-09-2026 00:29:33 [38;5;117m[DEBUG]: [0mThis is a debug message from thread 1418-09-2026 00:29:33 [38;5;009m[ERROR]: [0mThis is a error message from thread 2418-09-2026 00:29:33 [38;5;015m[INFO]: [0mThis is a info message from thread 818-09-2026 00:29:33 [38;5;009m[ERROR]: [0mThis is a error message from thread 318-09-2026 00:29:33 [38;5;117m[DEBUG]: [0mThis is a debug message from thread 2918-09-2026 00:29:33 [38;5;009m[ERROR]: [0mThis is a error message from thread 2018-09-2026 00:29:33 [38;5;009m[ERROR]: [0mThis is a error message from thread 1218-09-2026 00:29:33 [38;5;117m[DEBUG]: [0mThis is a debug message from thread 318-09-2026 00:29:33 [38;5;015m[INFO]: [0mThis is a info message from thread 118-09-2026 00:29:33 [38;5;015m[INFO]: [0mThis is a info message from thread 318-09-2026 00:29:33 [38;5;009m[ERROR]: [0mThis is a error message from thread 818-09-2026 00:29:33 [38;5;009m[ERROR]: [0mThis is a error message from thread 118-09-2026 00:29:33 [38;5;117m[DEBUG]: [0mThis is a debug message from thread 1018-09-2026 00:29:33 [38;5;009m[ERROR]: [0mThis is a error message from thread 318-09-2026 00:29:33 [38;5;117m[DEBUG]: [0mThis is a debug message from thread 618-09-2026 00:29:33 [38;5;009m[ERROR]: [0mThis is a error message from thread 2218-09-2026 00:29:33 [38;5;009m[ERROR]: [0mThis is a error message from thread 418-09-2026 00:29:33 [38;5;015m[INFO]: [0mThis is a info message from thread 2918-09-2026 00:29:33 [38;5;015m[INFO]: [0mThis is a info message from thread 1018-09-2026 00:29:33 [38;5;117m[DEBUG]: [0mThis is a debug message from thread 118-09-2026 00:29:33 [38;5;117m[DEBUG]: [0mThis is a debug message from thread 818-09-2026 00:29:33 [38;5;117m[DEBUG]: [0mThis is a debug message from thread 2018-09-2026 00:29:33 [38;5;009m[ERROR]: [0mThis is a error message from thread 2318-09-2026 00:29:33 [38;5;117m[DEBUG]: [0mThis is a debug message from thread 1218-09-2026 00:29:33 [38;5;009m[ERROR]: [0mThis is a error message from thread 018-09-2026 00:29:33 [38;5;015m[INFO]: [0mThis is a info message from thread 718-09-2026 00:29:33 [38;5;117m[DEBUG]: [0mThis is a debug message from thread 1518-09-2026 00:29:33 [38;5;009m[ERROR]: [0mThis is a error message from thread 2118-09-2026 00:29:33 [38;5;015m[INFO]: [0mThis is a info message from thread 818-09-2026 00:29:33 [38;5;009m[ERROR]: [0mThis is a error message from thread 1018-09-2026 00:29:33 [38;5;117m[DEBUG]: [0mThis is a debug message from thread 018-09-2026 00:29:33 [38;5;117m[DEBUG]: [0mThis is a debug message from thread 2118-09-2026 00:29:33 [38;5;117m[DEBUG]: [0mThis is a debug message from thread 318-09-2026 00:29:33 [38;5;015m[INFO]: [0mThis is a info message from thread 618-09-2026 00:29:33 [38;5;117m[DEBUG]: [0mThis is a debug message from thread 2618-09-2026 00:29:33 [38;5;009m[ERROR]: [0mThis is a error message from thread 818-09-2026 00:29:33 [38;5;009m[ERROR]: [0mThis is a error message from thread 718-09-2026 00:29:33 [38;5;117m[DEBUG]: [0mThis is a debug message from thread 1018-09-2026 00:29:33 [38;5;015m[INFO]: [0mThis is a info message from thread 018-09-2026 00:29:33 [38;5;015m[INFO]: [0mThis is a info message from thread 2618-09-2026 00:29:33 [38;5;015m[INFO]: [0mThis is a info message from thread 1518-09-2026 00:29:33 [38;5;009m[ERROR]: [0mThis is a error message from thread 018-09-2026 00:29:33 [38;5;015m[INFO]: [0mThis is a info message from thread 1018-09-2026 00:29:33 [38;5;015m[INFO]: [0mThis is a info message from thread 318-09-2026 00:29:33 [38;5;015m[INFO]: [0mThis is a info message from thread 2118-09-2026 00:29:33 [38;5;117m[DEBUG]: [0mThis is a debug message from thread 418-09-2026 00:29:33 [38;5;015m[INFO]: [0mThis is a info message from thread 918-09-2026 00:29:33 [38;5;117m[DEBUG]: [0mThis is a debug message from thread 818-09-2026 00:29:33 [38;5;117m[DEBUG]: [0mThis is a debug message from thread 2518-09-2026 00:29:33 [38;5;009m[ERROR]: [0mThis is a error message from thread 1018-09-2026 00:29:33 [38;5;009m[ERROR]: [0mThis is a error message from thread 318-09-2026 00:29:33 [38;5;009m[ERROR]: [0mThis is a error message from thread 1518-09-2026 00:29:33 [38;5;009m[ERROR]: [0mThis is a error message from thread 618-09-2026 00:29:33 [38;5;015m[INFO]: [0mThis is a info message from thread 418-09-2026 00:29:33 [38;5;015m[INFO]: [0mThis is a info message from thread 818-09-2026 00:29:33 [38;5;009m[ERROR]: [0mThis is a error message from thread 2818-09-2026 00:29:33 [38;5;015m[INFO]: [0mThis is a info message from thread 1418-09-2026 00:29:33 [38;5;009m[ERROR]: [0mThis is a error message from thread 418-09-2026 00:29:33 [38;5;117m[DEBUG]: [0mThis is a debug message from thread 618-09-2026 00:29:33 [38;5;009m[ERROR]: [0mThis is a error message from thread 2618-09-2026 00:29:33 [38;5;015m[INFO]: [0mThis is a info message from thread 2518-09-2026 00:29:33 [38;5;117m[DEBUG]: [0mThis is a debug message from thread 018-09-2026 00:29:33 [38;5;009m[ERROR]: [0mThis is a error message from thread 518-09-2026 00:29:33 [38;5;009m[ERROR]: [0mThis is a error message from thread 2118-09-2026 00:29:33 [38;5;009m[ERROR]: [0mThis is a error message from thread 1818-09-2026 00:29:33 [38;5;015m[INFO]: [0mThis is a info message from thread 118-09-2026 00:29:33 [38;5;117m[DEBUG]: [0mThis is a debug message from thread 2818-09-2026 00:29:33 [38;5;117m[DEBUG]: [0mThis is a debug message from thread 1518-09-2026 00:29:33 [38;5;015m[INFO]: [0mThis is a info message from thread 618-09-2026 00:29:33 [38;5;117m[DEBUG]: [0mThis is a debug message from thread 2418-09-2026 00:29:33 [38;5;009m[ERROR]: [0mThis is a error message from thread 1318-09-2026 00:29:33 [38;5;009m[ERROR]: [0mThis is a error message from thread 218-09-2026 00:29:33 [38;5;117m[DEBUG]: [0mThis is a debug message from thread 418-09-2026 00:29:33 [38;5;015m[INFO]: [0mThis is a info message from thread 2418-09-2026 00:29:33 [38;5;117m[DEBUG]: [0mThis is a debug message from thread 2118-09-2026 00:29:33 [38;5;015m[INFO]: [0mThis is a info message from thread 018-09-2026 00:29:33 [38;5;117m[DEBUG]: [0mThis is a debug message from thread 1318-09-2026 00:29:33 [38;5;015m[INFO]: [0mThis is a info message from thread 1318-09-2026 00:29:33 [38;5;015m[INFO]: [0mThis is a info message from thread 418-09-2026 00:29:33 [38;5;009m[ERROR]: [0mThis is a error message from thread 018-09-2026 00:29:33 [38;5;009m[ERROR]: [0mThis is a error message from thread 2518-09-2026 00:29:33 [38;5;117m[DEBUG]: [0mThis is a debug message from thread 018-09-2026 00:29:33 [38;5;009m[ERROR]: [0mThis is a error message from thread 2418-09-2026 00:29:33 [38;5;009m[ERROR]: [0mThis is a error message from thread 418-09-2026 00:29:33 [38;5;117m[DEBUG]: [0mThis is a debug message from thread 2418-09-2026 00:29:33 [38;5;015m[INFO]: [0mThis is a info message from thread 018-09-2026 00:29:33 [38;5;015m[INFO]: [0mThis is a info message from thread 1518-09-2026 00:29:33 [38;5;015m[INFO]: [0mThis is a info message from thread 2818-09-2026 00:29:33 [38;5;009m[ERROR]: [0mThis is a error message from thread 1418-09-2026 00:29:33 [38;5;009m[ERROR]: [0mThis is a error message from thread 1318-09-2026 00:29:33 [38;5;117m[DEBUG]: [0mThis is a debug message from thread 518-09-2026 00:29:33 [38;5;117m[DEBUG]: [0mThis is a debug message from thread 2318-09-2026 00:29:33 [38;5;117m[DEBUG]: [0mThis is a debug message from thread 418-09-2026 00:29:33 [38;5;009m[ERROR]: [0mThis is a error message from thread 018-09-2026 00:29:33 [38;5;015m[INFO]: [0mThis is a info message from thread 2418-09-2026 00:29:33 [38;5;117m[DEBUG]: [0mThis is a debug message from thread 2218-09-2026 00:29:33 [38;5;117m[DEBUG]: [0mThis is a debug message from thread 2618-09-2026 00:29:33 [38;5;009m[ERROR]: [0mThis is a error message from thread 118-09-2026 00:29:33 [38;5;117m[DEBUG]: [0mThis is a debug message from thread 2518-09-2026 00:29:33 [38;5;117m[DEBUG]: [0mThis is a debug message from thread 018-09-2026 00:29:33 [38;5;015m[INFO]: [0mThis is a info message from thread 418-09-2026 00:29:33 [38;5;009m[ERROR]: [0mThis is a error message from thread 418-09-2026 00:29:33 [38;5;009m[ERROR]: [0mThis is a error message from thread 2418-09-2026 00:29:33 [38;5;117m[DEBUG]: [0mThis is a debug message from thread 1318-09-2026 00:29:33 [38;5;117m[DEBUG]: [0mThis is a debug message from thread 1818-09-2026 00:29:33 [38;5;015m[INFO]: [0mThis is a info message from thread 1318-09-2026 00:29:33 [38;5;117m[DEBUG]: [0mThis is a debug message from thread 718-09-2026 00:29:33 [38;5;117m[DEBUG]: [0mThis is a debug message from thread 2418-09-2026 00:29:33 [38;5;009m[ERROR]: [0mThis is a error message from thread 1518-09-2026 00:29:33 [38;5;009m[ERROR]: [0mThis is a error message from thread 2818-09-2026 00:29:33 [38;5;009m[ERROR]: [0mThis is a error message from thread 1318-09-2026 00:29:33 [38;5;117m[DEBUG]: [0mThis is a debug message from thread 218-09-2026 00:29:33 [38;5;117m[DEBUG]: [0mThis is a debug message from thread 418-09-2026 00:29:33 [38;5;015m[INFO]: [0mThis is a info message from thread 418-09-2026 00:29:33 [38;5;117m[DEBUG]: [0mThis is a debug message from thread 1518-09-2026 00:29:33 [38;5;009m[ERROR]: [0mThis is a error message from thread 418-09-2026 00:29:33 [38;5;015m[INFO]: [0mThis is a info message from thread 518-09-2026 00:29:33 [38;5;009m[ERROR]: [0mThis is a error message from thread 2718-09-2026 00:29:33 [38;5;015m[INFO]: [0mThis is a info message from thread 2418-09-2026 00:29:33 [38;5;117m[DEBUG]: [0mThis is a debug message from thread 318-09-2026 00:29:33 [38;5;117m[DEBUG]: [0mThis is a debug message from thread 1318-09-2026 00:29:33 [38;5;015m[INFO]: [0mThis is a info message from thread 2218-09-2026 00:29:33 [38;5;015m[INFO]: [0mThis is a info message from thread 1518-09-2026 00:29:33 [38;5;009m[ERROR]: [0mThis is a error message from thread 2418-09-2026 00:29:33 [38;5;015m[INFO]: [0mThis is a info message from thread 2618-09-2026 00:29:33 [38;5;015m[INFO]: [0mThis is a info message from thread 218-09-2026 00:29:33 [38;5;009m[ERROR]: [0mThis is a error message from thread 1518-09-2026 00:29:33 [38;5;015m[INFO]: [0mThis is a info message from thread 1218-09-2026 00:29:33 [38;5;117m[DEBUG]: [0mThis is a debug message from thread 2418-09-2026 00:29:33 [38;5;015m[INFO]: [0mThis is a info message from thread 1318-09-2026 00:29:33 [38;5;117m[DEBUG]: [0mThis is a debug message from thread 2718-09-2026 00:29:33 [38;5;015m[INFO]: [0mThis is a info message from thread 2318-09-2026 00:29:33 [38;5;015m[INFO]: [0mThis is a info message from thread 2518-09-2026 00:29:33 [38;5;117m[DEBUG]: [0mThis is a debug message from thread 1518-09-2026 00:29:33 [38;5;009m[ERROR]: [0mThis is a error message from thread 2218-09-2026 00:29:33 [38;5;117m[DEBUG]: [0mThis is a debug message from thread 118-09-2026 00:29:33 [38;5;009m[ERROR]: [0mThis is a error message from thread 2618-09-2026 00:29:33 [38;5;015m[INFO]: [0mThis is a info message from thread 2418-09-2026 00:29:33 [38;5;009m[ERROR]: [0mThis is a error message from thread 2318-09-2026 00:29:33 [38;5;015m[INFO]: [0mThis is a info message from thread 318-09-2026 00:29:33 [38;5;117m[DEBUG]: [0mThis is a debug message from thread 1118-09-2026 00:29:33 [38;5;009m[ERROR]: [0mThis is a error message from thread 1218-09-2026 00:29:33 [38;5;015m[INFO]: [0mThis is a info message from thread 2718-09-2026 00:29:33 [38;5;009m[ERROR]: [0mThis is a error message from thread 1318-09-2026 00:29:33 [38;5;015m[INFO]: [0mThis is a info message from thread 1518-09-2026 00:29:33 [38;5;117m[DEBUG]: [0mThis is a debug message from thread 1018-09-2026 00:29:33 [38;5;009m[ERROR]: [0mThis is a error message from thread 2418-09-2026 00:29:33 [38;5;009m[ERROR]: [0mThis is a error message from thread 2518-09-2026 00:29:33 [38;5;009m[ERROR]: [0mThis is a error message from thread 218-09-2026 00:29:33 [38;5;009m[ERROR]: [0mThis is a error message from thread 318-09-2026 00:29:33 [38;5;117m[DEBUG]: [0mThis is a debug message from thread 2418-09-2026 00:29:33 [38;5;009m[ERROR]: [0mThis is a error message from thread 2918-09-2026 00:29:33 [38;5;117m[DEBUG]: [0mThis is a debug message from thread 2518-09-2026 00:29:33 [38;5;117m[DEBUG]: [0mThis is a debug message from thread 1218-09-2026 00:29:33 [38;5;117m[DEBUG]: [0mThis is a debug message from thread 1318-09-2026 00:29:33 [38;5;009m[ERROR]: [0mThis is a error message from thread 1518-09-2026 00:29:33 [38;5;015m[INFO]: [0mThis is a info message from thread 1718-09-2026 00:29:33 [38;5;117m[DEBUG]: [0mThis is a debug message from thread 2318-09-2026 00:29:33 [38;5;117m[DEBUG]: [0mThis is a debug message from thread 318-09-2026 00:29:33 [38;5;009m[ERROR]: [0mThis is a error message from thread 2718-09-2026 00:29:33 [38;5;117m[DEBUG]: [0mThis is a debug message from thread 218-09-2026 00:29:33 [38;5;009m[ERROR]: [0mThis is a error message from thread 818-09-2026 00:29:33 [38;5;015m[INFO]: [0mThis is a info message from thread 1018-09-2026 00:29:33 [38;5;009m[ERROR]: [0mThis is a error message from thread 1618-09-2026 00:29:33 [38;5;015m[INFO]: [0mThis is a info message from thread 1318-09-2026 00:29:33 [38;5;015m[INFO]: [0mThis is a info message from thread 2518-09-2026 00:29:33 [38;5;117m[DEBUG]: [0mThis is a debug message from thread 2918-09-2026 00:29:33 [38;5;117m[DEBUG]: [0mThis is a debug message from thread 2818-09-2026 00:29:33 [38;5;015m[INFO]: [0mThis is a info message from thread 018-09-2026 00:29:33 [38;5;117m[DEBUG]: [0mThis is a debug message from thread 1418-09-2026 00:29:33 [38;5;015m[INFO]: [0mThis is a info message from thread 1818-09-2026 00:29:33 [38;5;117m[DEBUG]: [0mThis is a debug message from thread 2218-09-2026 00:29:33 [38;5;015m[INFO]: [0mThis is a info message from thread 1418-09-2026 00:29:33 [38;5;009m[ERROR]: [0mThis is a error message from thread 2518-09-2026 00:29:33 [38;5;015m[INFO]: [0mThis is a info message from thread 2318-09-2026 00:29:33 [38;5;015m[INFO]: [0mThis is a info message from thread 2418-09-2026 00:29:33 [38;5;015m[INFO]: [0mThis is a info message from thread 2818-09-2026 00:29:33 [38;5;015m[INFO]: [0mThis is a info message from thread 718-09-2026 00:29:33 [38;5;015m[INFO]: [0mThis is a info message from thread 1218-09-2026 00:29:33 [38;5;117m[DEBUG]: [0mThis is a debug message from thread 2518-09-2026 00:29:33 [38;5;009m[ERROR]: [0mThis is a error message from thread 2418-09-2026 00:29:33 [38;5;009m[ERROR]: [0mThis is a error message from thread 2818-09-2026 00:29:33 [38;5;009m[ERROR]: [0mThis is a error message from thread 1218-09-2026 00:29:33 [38;5;015m[INFO]: [0mThis is a info message from thread 2518-09-2026 00:29:33 [38;5;009m[ERROR]: [0mThis is a error message from thread 018-09-2026 00:29:33 [38;5;009m[ERROR]: [0mThis is a error message from thread 1018-09-2026 00:29:33 [38;5;117m[DEBUG]: [0mThis is a debug message from thread 818-09-2026 00:29:33 [38;5;015m[INFO]: [0mThis is a info message from thread 218-09-2026 00:29:33 [38;5;009m[ERROR]: [0mThis is a error message from thread 2518-09-2026 00:29:33 [38;5;117m[DEBUG]: [0mThis is a debug message from thread 1218-09-2026 00:29:33 [38;5;009m[ERROR]: [0mThis is a error message from thread 2318-09-2026 00:29:33 [38;5;015m[INFO]: [0mThis is a info message from thread 2918-09-2026 00:29:33 [38;5;117m[DEBUG]: [0mThis is a debug message from thread 2818-09-2026 00:29:33 [38;5;117m[DEBUG]: [0mThis is a debug message from thread 2418-09-2026 00:29:33 [38;5;015m[INFO]: [0mThis is a info message from thread 1118-09-2026 00:29:33 [38;5;117m[DEBUG]: [0mThis is a debug message from thread 2318-09-2026 00:29:33 [38;5;015m[INFO]: [0mThis is a info message from thread 1218-09-2026 00:29:33 [38;5;009m[ERROR]: [0mThis is a error message from thread 1818-09-2026 00:29:33 [38;5;117m[DEBUG]: [0mThis is a debug message from thread 2718-09-2026 00:29:33 [38;5;009m[ERROR]: [0mThis is a error message from thread 1218-09-2026 00:29:33 [38;5;015m[INFO]: [0mThis is a info message from thread 2818-09-2026 00:29:33 [38;5;015m[INFO]: [0mThis is a info message from thread 2418-09-2026 00:29:33 [38;5;009m[ERROR]: [0mThis is a error message from thread 2818-09-2026 00:29:33 [38;5;015m[INFO]: [0mThis is a info message from thread 1918-09-2026 00:29:33 [38;5;117m[DEBUG]: [0mThis is a debug message from thread 1018-09-2026 00:29:33 [38;5;117m[DEBUG]: [0mThis is a debug message from thread 1818-09-2026 00:29:33 [38;5;009m[ERROR]: [0mThis is a error message from thread 1418-09-2026 00:29:33 [38;5;009m[ERROR]: [0mThis is a error message from thread 718-09-2026 00:29:33 [38;5;015m[INFO]: [0mThis is a info message from thread 818-09-2026 00:29:33 [38;5;117m[DEBUG]: [0mThis is a debug message from thread 1618-09-2026 00:29:33 [38;5;117m[DEBUG]: [0mThis is a debug message from thread 2818-09-2026 00:29:33 [38;5;009m[ERROR]: [0mThis is a error message from thread 2418-09-2026 00:29:33 [38;5;117m[DEBUG]: [0mThis is a debug message from thread 018-09-2026 00:29:33 [38;5;117m[DEBUG]: [0mThis is a debug message from thread 2518-09-2026 00:29:33 [38;5;009m[ERROR]: [0mThis is a error message from thread 1918-09-2026 00:29:33 [38;5;009m[ERROR]: [0mThis is a error message from thread 618-09-2026 00:29:33 [38;5;009m[ERROR]: [0mThis is a error message from thread 1118-09-2026 00:29:33 [38;5;015m[INFO]: [0mThis is a info message from thread 2818-09-2026 00:29:33 [38;5;009m[ERROR]: [0mThis is a error message from thread 218-09-2026 00:29:33 [38;5;015m[INFO]: [0mThis is a info message from thread 2718-09-2026 00:29:33 [38;5;015m[INFO]: [0mThis is a info message from thread 1618-09-2026 00:29:33 [38;5;117m[DEBUG]: [0mThis is a debug message from thread 2418-09-2026 00:29:33 [38;5;117m[DEBUG]: [0mThis is a debug message from thread 1518-09-2026 00:29:33 [38;5;117m[DEBUG]: [0mThis is a debug message from thread 1918-09-2026 00:29:33 [38;5;009m[ERROR]: [0mThis is a error message from thread 2818-09-2026 00:29:33 [38;5;015m[INFO]: [0mThis is a info message from thread 2218-09-2026 00:29:33 [38;5;117m[DEBUG]: [0mThis is a debug message from thread 718-09-2026 00:29:33 [38;5;015m[INFO]: [0mThis is a info message from thread 018-09-2026 00:29:33 [38;5;117m[DEBUG]: [0mThis is a debug message from thread 218-09-2026 00:29:33 [38;5;117m[DEBUG]: [0mThis is a debug message from thread 2818-09-2026 00:29:33 [38;5;009m[ERROR]: [0mThis is a error message from thread 818-09-2026 00:29:33 [38;5;009m[ERROR]: [0mThis is a error message from thread 2218-09-2026 00:29:33 [38;5;015m[INFO]: [0mThis is a info message from thread 1818-09-2026 00:29:33 [38;5;009m[ERROR]: [0mThis is a error message from thread 2918-09-2026 00:29:33 [38;5;009m[ERROR]: [0mThis is a error message from thread 1718-09-2026 00:29:33 [38;5;015m[INFO]: [0mThis is a info message from thread 1018-09-2026 00:29:33 [38;5;009m[ERROR]: [0mThis is a error message from thread 2718-09-2026 00:29:33 [38;5;117m[DEBUG]: [0mThis is a debug message from thread 818-09-2026 00:29:33 [38;5;117m[DEBUG]: [0mThis is a debug message from thread 2918-09-2026 00:29:33 [38;5;015m[INFO]: [0mThis is a info message from thread 2818-09-2026 00:29:33 [38;5;015m[INFO]: [0mThis is a info message from thread 2518-09-2026 00:29:33 [38;5;009m[ERROR]: [0mThis is a error message from thread 018-09-2026 00:29:33 [38;5;015m[INFO]: [0mThis is a info message from thread 1518-09-2026 00:29:33 [38;5;015m[INFO]: [0mThis is a info message from thread 2318-09-2026 00:29:33 [38;5;009m[ERROR]: [0mThis is a error message from thread 1018-09-2026 00:29:33 [38;5;015m[INFO]: [0mThis is a info message from thread 1918-09-2026 00:29:33 [38;5;015m[INFO]: [0mThis is a info message from thread 218-09-2026 00:29:33 [38;5;117m[DEBUG]: [0mThis is a debug message from thread 2718-09-2026 00:29:33 [38;5;015m[INFO]: [0mThis is a info message from thread 118-09-2026 00:29:33 [38;5;117m[DEBUG]: [0mThis is a debug message from thread 1218-09-2026 00:29:33 [38;5;009m[ERROR]: [0mThis is a error message from thread 1518-09-2026 00:29:33 [38;5;015m[INFO]: [0mThis is a info message from thread 2018-09-2026 00:29:33 [38;5;117m[DEBUG]: [0mThis is a debug message from thread 1718-09-2026 00:29:33 [38;5;009m[ERROR]: [0mThis is a error message from thread 1818-09-2026 00:29:33 [38;5;117m[DEBUG]: [0mThis is a debug message from thread 1418-09-2026 00:29:33 [38;5;015m[INFO]: [0mThis is a info message from thread 318-09-2026 00:29:33 [38;5;009m[ERROR]: [0mThis is a error message from thread 2518-09-2026 00:29:33 [38;5;015m[INFO]: [0mThis is a info message from thread 1718-09-2026 00:29:33 [38;5;117m[DEBUG]: [0mThis is a debug message from thread 1518-09-2026 00:29:33 [38;5;015m[INFO]: [0mThis is a info message from thread 2718-09-2026 00:29:33 [38;5;009m[ERROR]: [0mThis is a error message from thread 2018-09-2026 00:29:33 [38;5;009m[ERROR]: [0mThis is a error message from thread 1618-09-2026 00:29:33 [38;5;009m[ERROR]: [0mThis is a error message from thread 118-09-2026 00:29:33 [38;5;009m[ERROR]: [0mThis is a error message from thread 1318-09-2026 00:29:33 [38;5;117m[DEBUG]: [0mThis is a debug message from thread 418-09-2026 00:29:33 [38;5;015m[INFO]: [0mThis is a info message from thread 2118-09-2026 00:29:33 [38;5;117m[DEBUG]: [0mThis is a debug message from thread 118-09-2026 00:29:33 [38;5;015m[INFO]: [0mThis is a info message from thread 418-09-2026 00:29:33 [38;5;015m[INFO]: [0mThis is a info message from thread 2918-09-2026 00:29:33 [38;5;009m[ERROR]: [0mThis is a error message from thread 1918-09-2026 00:29:33 [38;5;009m[ERROR]: [0mThis is a error message from thread 2118-09-2026 00:29:33 [38;5;009m[ERROR]: [0mThis is a error message from thread 418-09-2026 00:29:33 [38;5;009m[ERROR]: [0mThis is a error message from thread 2918-09-2026 00:29:33 [38;5;009m[ERROR]: [0mThis is a error message from thread 318-09-2026 00:29:33 [38;5;117m[DEBUG]: [0mThis is a debug message from thread 1918-09-2026 00:29:33 [38;5;117m[DEBUG]: [0mThis is a debug message from thread 418-09-2026 00:29:33 [38;5;015m[INFO]: [0mThis is a info message from thread 818-09-2026 00:29:33 [38;5;015m[INFO]: [0mThis is a info message from thread 1918-09-2026 00:29:33 [38;5;015m[INFO]: [0mThis is a info message from thread 2418-09-2026 00:29:33 [38;5;015m[INFO]: [0mThis is a info message from thread 118-09-2026 00:29:33 [38;5;009m[ERROR]: [0mThis is a error message from thread 2318-09-2026 00:29:33 [38;5;009m[ERROR]: [0mThis is a error message from thread 218-09-2026 00:29:33 [38;5;009m[ERROR]: [0mThis is a error message from thread 2418-09-2026 00:29:33 [38;5;117m[DEBUG]: [0mThis is a debug message from thread 1018-09-2026 00:29:33 [38;5;015m[INFO]: [0mThis is a info message from thread 1518-09-2026 00:29:33 [38;5;009m[ERROR]: [0mThis is a error message from thread 1918-09-2026 00:29:33 [38;5;009m[ERROR]: [0mThis is a error message from thread 118-09-2026 00:29:33 [38;5;117m[DEBUG]: [0mThis is a debug message from thread 2418-09-2026 00:29:33 [38;5;015m[INFO]: [0mThis is a info message from thread 2418-09-2026 00:29:33 [38;5;015m[INFO]: [0mThis is a info message from thread 1218-09-2026 00:29:33 [38;5;117m[DEBUG]: [0mThis is a debug message from thread 2318-09-2026 00:29:33 [38;5;117m[DEBUG]: [0mThis is a debug message from thread 018-09-2026 00:29:33 [38;5;117m[DEBUG]: [0mThis is a debug message from thread 1118-09-2026 00:29:33 [38;5;117m[DEBUG]: [0mThis is a debug message from thread 1318-09-2026 00:29:33 [38;5;009m[ERROR]: [0mThis is a error message from thread 1718-09-2026 00:29:33 [38;5;117m[DEBUG]: [0mThis is a debug message from thread 218-09-2026 00:29:33 [38;5;015m[INFO]: [0mThis is a info message from thread 018-09-2026 00:29:33 [38;5;117m[DEBUG]: [0mThis is a debug message from thread 2918-09-2026 00:29:33 [38;5;015m[INFO]: [0mThis is a info message from thread 1118-09-2026 00:29:33 [38;5;117m[DEBUG]: [0mThis is a debug message from thread 1918-09-2026 00:29:33 [38;5;015m[INFO]: [0mThis is a info message from thread 1418-09-2026 00:29:33 [38;5;015m[INFO]: [0mThis is a info message from thread 1918-09-2026 00:29:33 [38;5;009m[ERROR]: [0mThis is a error message from thread 1518-09-2026 00:29:33 [38;5;009m[ERROR]: [0mThis is a error message from thread 1918-09-2026 00:29:33 [38;5;009m[ERROR]: [0mThis is a error message from thread 818-09-2026 00:29:33 [38;5;015m[INFO]: [0mThis is a info message from thread 218-09-2026 00:29:33 [38;5;009m[ERROR]: [0mThis is a error message from thread 1118-09-2026 00:29:33 [38;5;117m[DEBUG]: [0mThis is a debug message from thread 1518-09-2026 00:29:33 [38;5;015m[INFO]: [0mThis is a info message from thread 2918-09-2026 00:29:33 [38;5;117m[DEBUG]: [0mThis is a debug message from thread 2218-09-2026 00:29:33 [38;5;117m[DEBUG]: [0mThis is a debug message from thread 818-09-2026 00:29:33 [38;5;015m[INFO]: [0mThis is a info message from thread 2218-09-2026 00:29:33 [38;5;117m[DEBUG]: [0mThis is a debug message from thread 1918-09-2026 00:29:33 [38;5;009m[ERROR]: [0mThis is a error message from thread 218-09-2026 00:29:33 [38;5;015m[INFO]: [0mThis is a info message from thread 1518-09-2026 00:29:33 [38;5;117m[DEBUG]: [0mThis is a debug message from thread 1718-09-2026 00:29:33 [38;5;015m[INFO]: [0mThis is a info message from thread 718-09-2026 00:29:33 [38;5;117m[DEBUG]: [0mThis is a debug message from thread 2518-09-2026 00:29:33 [38;5;009m[ERROR]: [0mThis is a error message from thread 2818-09-2026 00:29:33 [38;5;009m[ERROR]: [0mThis is a error message from thread 1518-09-2026 00:29:33 [38;5;009m[ERROR]: [0mThis is a error message from thread 1418-09-2026 00:29:33 [38;5;117m[DEBUG]: [0mThis is a debug message from thread 1418-09-2026 00:29:33 [38;5;117m[DEBUG]: [0mThis is a debug message from thread 2818-09-2026 00:29:33 [38;5;009m[ERROR]: [0mThis is a error message from thread 018-09-2026 00:29:33 [38;5;117m[DEBUG]: [0mThis is a debug message from thread 1818-09-2026 00:29:33 [38;5;015m[INFO]: [0mThis is a info message from thread 2818-09-2026 00:29:33 [38;5;117m[DEBUG]: [0mThis is a debug message from thread 218-09-2026 00:29:33 [38;5;009m[ERROR]: [0mThis is a error message from thread 918-09-2026 00:29:33 [38;5;015m[INFO]: [0mThis is a info message from thread 818-09-2026 00:29:33 [38;5;117m[DEBUG]: [0mThis is a debug message from thread 2018-09-2026 00:29:33 [38;5;117m[DEBUG]: [0mThis is a debug message from thread 2618-09-2026 00:29:33 [38;5;009m[ERROR]: [0mThis is a error message from thread 2818-09-2026 00:29:33 [38;5;009m[ERROR]: [0mThis is a error message from thread 2218-09-2026 00:29:33 [38;5;015m[INFO]: [0mThis is a info message from thread 1918-09-2026 00:29:33 [38;5;117m[DEBUG]: [0mThis is a debug message from thread 018-09-2026 00:29:33 [38;5;117m[DEBUG]: [0mThis is a debug message from thread 2218-09-2026 00:29:33 [38;5;009m[ERROR]: [0mThis is a error message from thread 818-09-2026 00:29:33 [38;5;117m[DEBUG]: [0mThis is a debug message from thread 818-09-2026 00:29:33 [38;5;015m[INFO]: [0mThis is a info message from thread 2018-09-2026 00:29:33 [38;5;015m[INFO]: [0mThis is a info message from thread 1718-09-2026 00:29:33 [38;5;117m[DEBUG]: [0mThis is a debug message from thread 2818-09-2026 00:29:33 [38;5;009m[ERROR]: [0mThis is a error message from thread 1918-09-2026 00:29:33 [38;5;009m[ERROR]: [0mThis is a error message from thread 518-09-2026 00:29:33 [38;5;015m[INFO]: [0mThis is a info message from thread 2618-09-2026 00:29:33 [38;5;117m[DEBUG]: [0mThis is a debug message from thread 1918-09-2026 00:29:33 [38;5;015m[INFO]: [0mThis is a info message from thread 018-09-2026 00:29:33 [38;5;117m[DEBUG]: [0mThis is a debug message from thread 618-09-2026 00:29:33 [38;5;015m[INFO]: [0mThis is a info message from thread 2818-09-2026 00:29:33 [38;5;009m[ERROR]: [0mThis is a error message from thread 2018-09-2026 00:29:33 [38;5;009m[ERROR]: [0mThis is a error message from thread 2818-09-2026 00:29:33 [38;5;015m[INFO]: [0mThis is a info message from thread 2518-09-2026 00:29:33 [38;5;015m[INFO]: [0mThis is a info message from thread 2318-09-2026 00:29:33 [38;5;117m[DEBUG]: [0mThis is a debug message from thread 918-09-2026 00:29:33 [38;5;117m[DEBUG]: [0mThis is a debug message from thread 1118-09-2026 00:29:33 [38;5;117m[DEBUG]: [0mThis is a debug message from thread 518-09-2026 00:29:33 [38;5;117m[DEBUG]: [0mThis is a debug message from thread 1518-09-2026 00:29:33 [38;5;009m[ERROR]: [0mThis is a error message from thread 1218-09-2026 00:29:33 [38;5;015m[INFO]: [0mThis is a info message from thread 218-09-2026 00:29:33 [38;5;015m[INFO]: [0mThis is a info message from thread 1918-09-2026 00:29:33 [38;5;117m[DEBUG]: [0mThis is a debug message from thread 318-09-2026 00:29:33 [38;5;009m[ERROR]: [0mThis is a error message from thread 2618-09-2026 00:29:33 [38;5;009m[ERROR]: [0mThis is a error message from thread 718-09-2026 00:29:33 [38;5;009m[ERROR]: [0mThis is a error message from thread 1918-09-2026 00:29:33 [38;5;009m[ERROR]: [0mThis is a error message from thread 018-09-2026 00:29:33 [38;5;015m[INFO]: [0mThis is a info message from thread 1118-09-2026 00:29:33 [38;5;009m[ERROR]: [0mThis is a error message from thread 218-09-2026 00:29:33 [38;5;009m[ERROR]: [0mThis is a error message from thread 2318-09-2026 00:29:33 [38;5;015m[INFO]: [0mThis is a info message from thread 2218-09-2026 00:29:33 [38;5;117m[DEBUG]: [0mThis is a debug message from thread 218-09-2026 00:29:33 [38;5;009m[ERROR]: [0mThis is a error message from thread 1118-09-2026 00:29:33 [38;5;117m[DEBUG]: [0mThis is a debug message from thread 1218-09-2026 00:29:33 [38;5;015m[INFO]: [0mThis is a info message from thread 218-09-2026 00:29:33 [38;5;117m[DEBUG]: [0mThis is a debug message from thread 1918-09-2026 00:29:33 [38;5;117m[DEBUG]: [0mThis is a debug message from thread 1118-09-2026 00:29:33 [38;5;009m[ERROR]: [0mThis is a error message from thread 2518-09-2026 00:29:33 [38;5;117m[DEBUG]: [0mThis is a debug message from thread 2318-09-2026 00:29:33 [38;5;117m[DEBUG]: [0mThis is a debug message from thread 2618-09-2026 00:29:33 [38;5;015m[INFO]: [0mThis is a info message from thread 518-09-2026 00:29:33 [38;5;015m[INFO]: [0mThis is a info message from thread 1018-09-2026 00:29:33 [38;5;015m[INFO]: [0mThis is a info message from thread 1118-09-2026 00:29:33 [38;5;015m[INFO]: [0mThis is a info message from thread 918-09-2026 00:29:33 [38;5;015m[INFO]: [0mThis is a info message from thread 1418-09-2026 00:29:33 [38;5;117m[DEBUG]: [0mThis is a debug message from thread 2818-09-2026 00:29:33 [38;5;009m[ERROR]: [0mThis is a error message from thread 1118-09-2026 00:29:33 [38;5;117m[DEBUG]: [0mThis is a debug message from thread 718-09-2026 00:29:33 [38;5;117m[DEBUG]: [0mThis is a debug message from thread 018-09-2026 00:29:33 [38;5;015m[INFO]: [0mThis is a info message from thread 418-09-2026 00:29:33 [38;5;009m[ERROR]: [0mThis is a error message from thread 2218-09-2026 00:29:33 [38;5;009m[ERROR]: [0mThis is a error message from thread 218-09-2026 00:29:33 [38;5;009m[ERROR]: [0mThis is a error message from thread 2918-09-2026 00:29:33 [38;5;009m[ERROR]: [0mThis is a error message from thread 418-09-2026 00:29:33 [38;5;015m[INFO]: [0mThis is a info message from thread 1318-09-2026 00:29:33 [38;5;015m[INFO]: [0mThis is a info message from thread 618-09-2026 00:29:33 [38;5;117m[DEBUG]: [0mThis is a debug message from thread 2518-09-2026 00:29:33 [38;5;117m[DEBUG]: [0mThis is a debug message from thread 1618-09-2026 00:29:33 [38;5;009m[ERROR]: [0mThis is a error message from thread 2718-09-2026 00:29:33 [38;5;015m[INFO]: [0mThis is a info message from thread 318-09-2026 00:29:33 [38;5;015m[INFO]: [0mThis is a info message from thread 1818-09-2026 00:29:33 [38;5;015m[INFO]: [0mThis is a info message from thread 2618-09-2026 00:29:33 [38;5;117m[DEBUG]: [0mThis is a debug message from thread 2718-09-2026 00:29:33 [38;5;015m[INFO]: [0mThis is a info message from thread 1618-09-2026 00:29:33 [38;5;015m[INFO]: [0mThis is a info message from thread 1918-09-2026 00:29:33 [38;5;009m[ERROR]: [0mThis is a error message from thread 2418-09-2026 00:29:33 [38;5;015m[INFO]: [0mThis is a info message from thread 2818-09-2026 00:29:33 [38;5;117m[DEBUG]: [0mThis is a debug message from thread 2118-09-2026 00:29:33 [38;5;015m[INFO]: [0mThis is a info message from thread 1218-09-2026 00:29:33 [38;5;009m[ERROR]: [0mThis is a error message from thread 2618-09-2026 00:29:33 [38;5;009m[ERROR]: [0mThis is a error message from thread 1918-09-2026 00:29:33 [38;5;117m[DEBUG]: [0mThis is a debug message from thread 2418-09-2026 00:29:33 [38;5;015m[INFO]: [0mThis is a info message from thread 2318-09-2026 00:29:33 [38;5;015m[INFO]: [0mThis is a info message from thread 1518-09-2026 00:29:33 [38;5;009m[ERROR]: [0mThis is a error message from thread 318-09-2026 00:29:33 [38;5;117m[DEBUG]: [0mThis is a debug message from thread 1118-09-2026 00:29:33 [38;5;009m[ERROR]: [0mThis is a error message from thread 1318-09-2026 00:29:33 [38;5;009m[ERROR]: [0mThis is a error message from thread 1518-09-2026 00:29:33 [38;5;009m[ERROR]: [0mThis is a error message from thread 1818-09-2026 00:29:33 [38;5;015m[INFO]: [0mThis is a info message from thread 2718-09-2026 00:29:33 [38;5;117m[DEBUG]: [0mThis is a debug message from thread 318-09-2026 00:29:33 [38;5;009m[ERROR]: [0mThis is a error message from thread 1018-09-2026 00:29:33 [38;5;009m[ERROR]: [0mThis is a error message from thread 518-09-2026 00:29:33 [38;5;117m[DEBUG]: [0mThis is a debug message from thread 1918-09-2026 00:29:33 [38;5;009m[ERROR]: [0mThis is a error message from thread 2318-09-2026 00:29:33 [38;5;015m[INFO]: [0mThis is a info message from thread 1918-09-2026 00:29:33 [38;5;117m[DEBUG]: [0mThis is a debug message from thread 1518-09-2026 00:29:33 [38;5;009m[ERROR]: [0mThis is a error message from thread 1618-09-2026 00:29:33 [38;5;015m[INFO]: [0mThis is a info message from thread 1518-09-2026 00:29:33 [38;5;117m[DEBUG]: [0mThis is a debug message from thread 1018-09-2026 00:29:33 [38;5;009m[ERROR]: [0mThis is a error message from thread 2718-09-2026 00:29:33 [38;5;015m[INFO]: [0mThis is a info message from thread 2118-09-2026 00:29:33 [38;5;117m[DEBUG]: [0mThis is a debug message from thread 2718-09-2026 00:29:33 [38;5;117m[DEBUG]: [0mThis is a debug message from thread 2218-09-2026 00:29:33 [38;5;117m[DEBUG]: [0mThis is a debug message from thread 118-09-2026 00:29:33 [38;5;117m[DEBUG]: [0mThis is a debug message from thread 1618-09-2026 00:29:33 [38;5;015m[INFO]: [0mThis is a info message from thread 118-09-2026 00:29:33 [38;5;015m[INFO]: [0mThis is a info message from thread 018-09-2026 00:29:33 [38;5;009m[ERROR]: [0mThis is a error message from thread 1918-09-2026 00:29:33 [38;5;009m[ERROR]: [0mThis is a error message from thread 618-09-2026 00:29:33 [38;5;015m[INFO]: [0mThis is a info message from thread 2718-09-2026 00:29:33 [38;5;009m[ERROR]: [0mThis is a error message from thread 118-09-2026 00:29:33 [38;5;015m[INFO]: [0mThis is a info message from thread 1118-09-2026 00:29:33 [38;5;015m[INFO]: [0mThis is a info message from thread 2218-09-2026 00:29:33 [38;5;009m[ERROR]: [0mThis is a error message from thread 2718-09-2026 00:29:33 [38;5;015m[INFO]: [0mThis is a info message from thread 1618-09-2026 00:29:33 [38;5;009m[ERROR]: [0mThis is a error message from thread 018-09-2026 00:29:33 [38;5;117m[DEBUG]: [0mThis is a debug message from thread 018-09-2026 00:29:33 [38;5;009m[ERROR]: [0mThis is a error message from thread 918-09-2026 00:29:33 [38;5;117m[DEBUG]: [0mThis is a debug message from thread 118-09-2026 00:29:33 [38;5;117m[DEBUG]: [0mThis is a debug message from thread 2718-09-2026 00:29:33 [38;5;015m[INFO]: [0mThis is a info message from thread 018-09-2026 00:29:33 [38;5;117m[DEBUG]: [0mThis is a debug message from thread 1918-09-2026 00:29:33 [38;5;015m[INFO]: [0mThis is a info message from thread 118-09-2026 00:29:33 [38;5;015m[INFO]: [0mThis is a info message from thread 818-09-2026 00:29:33 [38;5;117m[DEBUG]: [0mThis is a debug message from thread 1818-09-2026 00:29:33 [38;5;015m[INFO]: [0mThis is a info message from thread 1918-09-2026 00:29:33 [38;5;009m[ERROR]: [0mThis is a error message from thread 818-09-2026 00:29:33 [38;5;117m[DEBUG]: [0mThis is a debug message from thread 618-09-2026 00:29:33 [38;5;009m[ERROR]: [0mThis is a error message from thread 1618-09-2026 00:29:33 [38;5;009m[ERROR]: [0mThis is a error message from thread 118-09-2026 00:29:33 [38;5;117m[DEBUG]: [0mThis is a debug message from thread 818-09-2026 00:29:33 [38;5;117m[DEBUG]: [0mThis is a debug message from thread 2018-09-2026 00:29:33 [38;5;009m[ERROR]: [0mThis is a error message from thread 1418-09-2026 00:29:33 [38;5;117m[DEBUG]: [0mThis is a debug message from thread 1618-09-2026 00:29:33 [38;5;009m[ERROR]: [0mThis is a error message from thread 1718-09-2026 00:29:33 [38;5;009m[ERROR]: [0mThis is a error message from thread 2218-09-2026 00:29:33 [38;5;117m[DEBUG]: [0mThis is a debug message from thread 918-09-2026 00:29:33 [38;5;117m[DEBUG]: [0mThis is a debug message from thread 518-09-2026 00:29:33 [38;5;009m[ERROR]: [0mThis is a error message from thread 1218-09-2026 00:29:33 [38;5;015m[INFO]: [0mThis is a info message from thread 318-09-2026 00:29:33 [38;5;015m[INFO]: [0mThis is a info message from thread 2518-09-2026 00:29:33 [38;5;009m[ERROR]: [0mThis is a error message from thread 018-09-2026 00:29:33 [38;5;015m[INFO]: [0mThis is a info message from thread 1618-09-2026 00:29:33 [38;5;015m[INFO]: [0mThis is a info message from thread 1018-09-2026 00:29:33 [38;5;015m[INFO]: [0mThis is a info message from thread 718-09-2026 00:29:33 [38;5;117m[DEBUG]: [0mThis is a debug message from thread 018-09-2026 00:29:33 [38;5;117m[DEBUG]: [0mThis is a debug message from thread 2218-09-2026 00:29:33 [38;5;015m[INFO]: [0mThis is a info message from thread 818-09-2026 00:29:33 [38;5;009m[ERROR]: [0mThis is a error message from thread 2818-09-2026 00:29:33 [38;5;009m[ERROR]: [0mThis is a error message from thread 2518-09-2026 00:29:33 [38;5;117m[DEBUG]: [0mThis is a debug message from thread 1218-09-2026 00:29:33 [38;5;015m[INFO]: [0mThis is a info message from thread 018-09-2026 00:29:33 [38;5;009m[ERROR]: [0mThis is a error message from thread 1618-09-2026 00:29:33 [38;5;015m[INFO]: [0mThis is a info message from thread 1818-09-2026 00:29:33 [38;5;117m[DEBUG]: [0mThis is a debug message from thread 2518-09-2026 00:29:33 [38;5;117m[DEBUG]: [0mThis is a debug message from thread 1618-09-2026 00:29:33 [38;5;015m[INFO]: [0mThis is a info message from thread 918-09-2026 00:29:33 [38;5;009m[ERROR]: [0mThis is a error message from thread 718-09-2026 00:29:33 [38;5;015m[INFO]: [0mThis is a info message from thread 2218-09-2026 00:29:33 [38;5;009m[ERROR]: [0mThis is a error message from thread 2118-09-2026 00:29:33 [38;5;117m[DEBUG]: [0mThis is a debug message from thread 118-09-2026 00:29:33 [38;5;015m[INFO]: [0mThis is a info message from thread 2518-09-2026 00:29:33 [38;5;015m[INFO]: [0mThis is a info message from thread 1618-09-2026 00:29:33 [38;5;009m[ERROR]: [0mThis is a error message from thread 2518-09-2026 00:29:33 [38;5;117m[DEBUG]: [0mThis is a debug message from thread 2918-09-2026 00:29:33 [38;5;117m[DEBUG]: [0mThis is a debug message from thread 2118-09-2026 00:29:33 [38;5;009m[ERROR]: [0mThis is a error message from thread 1818-09-2026 00:29:33 [38;5;009m[ERROR]: [0mThis is a error message from thread 2218-09-2026 00:29:33 [38;5;117m[DEBUG]: [0mThis is a debug message from thread 2818-09-2026 00:29:33 [38;5;117m[DEBUG]: [0mThis is a debug message from thread 2518-09-2026 00:29:33 [38;5;009m[ERROR]: [0mThis is a error message from thread 1618-09-2026 00:29:33 [38;5;015m[INFO]: [0mThis is a info message from thread 2118-09-2026 00:29:33 [38;5;009m[ERROR]: [0mThis is a error message from thread 818-09-2026 00:29:33 [38;5;117m[DEBUG]: [0mThis is a debug message from thread 1718-09-2026 00:29:33 [38;5;117m[DEBUG]: [0mThis is a debug message from thread 1618-09-2026 00:29:33 [38;5;015m[INFO]: [0mThis is a info message from thread 2418-09-2026 00:29:33 [38;5;117m[DEBUG]: [0mThis is a debug message from thread 2218-09-2026 00:29:33 [38;5;117m[DEBUG]: [0mThis is a debug message from thread 818-09-2026 00:29:33 [38;5;015m[INFO]: [0mThis is a info message from thread 2718-09-2026 00:29:33 [38;5;009m[ERROR]: [0mThis is a error message from thread 318-09-2026 00:29:33 [38;5;009m[ERROR]: [0mThis is a error message from thread 1918-09-2026 00:29:33 [38;5;117m[DEBUG]: [0mThis is a debug message from thread 1318-09-2026 00:29:33 [38;5;015m[INFO]: [0mThis is a info message from thread 818-09-2026 00:29:33 [38;5;009m[ERROR]: [0mThis is a error message from thread 818-09-2026 00:29:33 [38;5;015m[INFO]: [0mThis is a info message from thread 118-09-2026 00:29:33 [38;5;015m[INFO]: [0mThis is a info message from thread 518-09-2026 00:29:33 [38;5;015m[INFO]: [0mThis is a info message from thread 2918-09-2026 00:29:33 [38;5;009m[ERROR]: [0mThis is a error message from thread 118-09-2026 00:29:33 [38;5;009m[ERROR]: [0mThis is a error message from thread 1118-09-2026 00:29:33 [38;5;009m[ERROR]: [0mThis is a error message from thread 1018-09-2026 00:29:33 [38;5;117m[DEBUG]: [0mThis is a debug message from thread 818-09-2026 00:29:33 [38;5;009m[ERROR]: [0mThis is a error message from thread 2118-09-2026 00:29:33 [38;5;009m[ERROR]: [0mThis is a error message from thread 2918-09-2026 00:29:33 [38;5;009m[ERROR]: [0mThis is a error message from thread 2418-09-2026 00:29:33 [38;5;117m[DEBUG]: [0mThis is a debug message from thread 118-09-2026 00:29:33 [38;5;117m[DEBUG]: [0mThis is a debug message from thread 2118-09-2026 00:29:33 [38;5;117m[DEBUG]: [0mThis is a debug message from thread 218-09-2026 00:29:33 [38;5;015m[INFO]: [0mThis is a info message from thread 818-09-2026 00:29:33 [38;5;015m[INFO]: [0mThis is a info message from thread 2518-09-2026 00:29:33 [38;5;009m[ERROR]: [0mThis is a error message from thread 2718-09-2026 00:29:33 [38;5;117m[DEBUG]: [0mThis is a debug message from thread 2718-09-2026 00:29:33 [38;5;009m[ERROR]: [0mThis is a error message from thread 918-09-2026 00:29:33 [38;5;015m[INFO]: [0mThis is a info message from thread 2718-09-2026 00:29:33 [38;5;117m[DEBUG]: [0mThis is a debug message from thread 718-09-2026 00:29:33 [38;5;117m[DEBUG]: [0mThis is a debug message from thread 1118-09-2026 00:29:33 [38;5;117m[DEBUG]: [0mThis is a debug message from thread 1818-09-2026 00:29:33 [38;5;015m[INFO]: [0mThis is a info message from thread 718-09-2026 00:29:33 [38;5;015m[INFO]: [0mThis is a info message from thread 1318-09-2026 00:29:33 [38;5;117m[DEBUG]: [0mThis is a debug message from thread 1918-09-2026 00:29:33 [38;5;015m[INFO]: [0mThis is a info message from thread 2818-09-2026 00:29:33 [38;5;009m[ERROR]: [0mThis is a error message from thread 818-09-2026 00:29:33 [38;5;117m[DEBUG]: [0mThis is a debug message from thread 2618-09-2026 00:29:33 [38;5;117m[DEBUG]: [0mThis is a debug message from thread 1018-09-2026 00:29:33 [38;5;117m[DEBUG]: [0mThis is a debug message from thread 2418-09-2026 00:29:33 [38;5;117m[DEBUG]: [0mThis is a debug message from thread 318-09-2026 00:29:33 [38;5;009m[ERROR]: [0mThis is a error message from thread 1318-09-2026 00:29:33 [38;5;117m[DEBUG]: [0mThis is a debug message from thread 2918-09-2026 00:29:33 [38;5;117m[DEBUG]: [0mThis is a debug message from thread 1318-09-2026 00:29:33 [38;5;015m[INFO]: [0mThis is a info message from thread 318-09-2026 00:29:33 [38;5;117m[DEBUG]: [0mThis is a debug message from thread 818-09-2026 00:29:33 [38;5;015m[INFO]: [0mThis is a info message from thread 1718-09-2026 00:29:33 [38;5;015m[INFO]: [0mThis is a info message from thread 1318-09-2026 00:29:33 [38;5;015m[INFO]: [0mThis is a info message from thread 2118-09-2026 00:29:33 [38;5;009m[ERROR]: [0mThis is a error message from thread 1318-09-2026 00:29:33 [38;5;117m[DEBUG]: [0mThis is a debug message from thread 1318-09-2026 00:29:33 [38;5;015m[INFO]: [0mThis is a info message from thread 2918-09-2026 00:29:33 [38;5;009m[ERROR]: [0mThis is a error message from thread 2918-09-2026 00:29:33 [38;5;009m[ERROR]: [0mThis is a error message from thread 318-09-2026 00:29:33 [38;5;009m[ERROR]: [0mThis is a error message from thread 2818-09-2026 00:29:33 [38;5;015m[INFO]: [0mThis is a info message from thread 818-09-2026 00:29:33 [38;5;015m[INFO]: [0mThis is a info message from thread 218-09-2026 00:29:33 [38;5;117m[DEBUG]: [0mThis is a debug message from thread 2918-09-2026 00:29:33 [38;5;117m[DEBUG]: [0mThis is a debug message from thread 918-09-2026 00:29:33 [38;5;009m[ERROR]: [0mThis is a error message from thread 718-09-2026 00:29:33 [38;5;009m[ERROR]: [0mThis is a error message from thread 2118-09-2026 00:29:33 [38;5;015m[INFO]: [0mThis is a info message from thread 1818-09-2026 00:29:33 [38;5;015m[INFO]: [0mThis is a info message from thread 1118-09-2026 00:29:33 [38;5;009m[ERROR]: [0mThis is a error message from thread 518-09-2026 00:29:33 [38;5;009m[ERROR]: [0mThis is a error message from thread 2518-09-2026 00:29:33 [38;5;117m[DEBUG]: [0mThis is a debug message from thread 518-09-2026 00:29:33 [38;5;117m[DEBUG]: [0mThis is a debug message from thread 2318-09-2026 00:29:33 [38;5;009m[ERROR]: [0mThis is a error message from thread 818-09-2026 00:29:33 [38;5;015m[INFO]: [0mThis is a info message from thread 1318-09-2026 00:29:33 [38;5;015m[INFO]: [0mThis is a info message from thread 2418-09-2026 00:29:33 [38;5;117m[DEBUG]: [0mThis is a debug message from thread 2518-09-2026 00:29:33 [38;5;009m[ERROR]: [0mThis is a error message from thread 1318-09-2026 00:29:33 [38;5;015m[INFO]: [0mThis is a info message from thread 1918-09-2026 00:29:33 [38;5;117m[DEBUG]: [0mThis is a debug message from thread 1318-09-2026 00:29:33 [38;5;117m[DEBUG]: [0mThis is a debug message from thread 2118-09-2026 00:29:33 [38;5;015m[INFO]: [0mThis is a info message from thread 1318-09-2026 00:29:33 [38;5;117m[DEBUG]: [0mThis is a debug message from thread 818-09-2026 00:29:33 [38;5;009m[ERROR]: [0mThis is a error message from thread 1318-09-2026 00:29:33 [38;5;117m[DEBUG]: [0mThis is a debug message from thread 718-09-2026 00:29:33 [38;5;015m[INFO]: [0mThis is a info message from thread 818-09-2026 00:29:33 [38;5;117m[DEBUG]: [0mThis is a debug message from thread 1318-09-2026 00:29:33 [38;5;015m[INFO]: [0mThis is a info message from thread 1318-09-2026 00:29:33 [38;5;015m[INFO]: [0mThis is a info message from thread 2518-09-2026 00:29:33 [38;5;009m[ERROR]: [0mThis is a error message from thread 818-09-2026 00:29:33 [38;5;009m[ERROR]: [0mThis is a error message from thread 2718-09-2026 00:29:33 [38;5;015m[INFO]: [0mThis is a info message from thread 1218-09-2026 00:29:33 [38;5;117m[DEBUG]: [0mThis is a debug message from thread 2818-09-2026 00:29:33 [38;5;015m[INFO]: [0mThis is a info message from thread 118-09-2026 00:29:33 [38;5;117m[DEBUG]: [0mThis is a debug message from thread 818-09-2026 00:29:33 [38;5;015m[INFO]: [0mThis is a info message from thread 2618-09-2026 00:29:33 [38;5;015m[INFO]: [0mThis is a info message from thread 718-09-2026 00:29:33 [38;5;015m[INFO]: [0mThis is a info message from thread 1618-09-2026 00:29:33 [38;5;117m[DEBUG]: [0mThis is a debug message from thread 418-09-2026 00:29:33 [38;5;015m[INFO]: [0mThis is a info message from thread 818-09-2026 00:29:33 [38;5;117m[DEBUG]: [0mThis is a debug message from thread 1418-09-2026 00:29:33 [38;5;009m[ERROR]: [0mThis is a error message from thread 818-09-2026 00:29:33 [38;5;015m[INFO]: [0mThis is a info message from thread 918-09-2026 00:29:33 [38;5;015m[INFO]: [0mThis is a info message from thread 2218-09-2026 00:29:33 [38;5;015m[INFO]: [0mThis is a info message from thread 2118-09-2026 00:29:33 [38;5;015m[INFO]: [0mThis is a info message from thread 1018-09-2026 00:29:33 [38;5;009m[ERROR]: [0mThis is a error message from thread 1718-09-2026 00:29:33 [38;5;117m[DEBUG]: [0mThis is a debug message from thread 1718-09-2026 00:29:33 [38;5;009m[ERROR]: [0mThis is a error message from thread 2418-09-2026 00:29:33 [38;5;009m[ERROR]: [0mThis is a error message from thread 1818-09-2026 00:29:33 [38;5;009m[ERROR]: [0mThis is a error message from thread 2518-09-2026 00:29:33 [38;5;015m[INFO]: [0mThis is a info message from thread 1718-09-2026 00:29:33 [38;5;117m[DEBUG]: [0mThis is a debug message from thread 2718-09-2026 00:29:33 [38;5;009m[ERROR]: [0mThis is a error message from thread 1718-09-2026 00:29:33 [38;5;009m[ERROR]: [0mThis is a error message from thread 1918-09-2026 00:29:33 [38;5;009m[ERROR]: [0mThis is a error message from thread 1218-09-2026 00:29:33 [38;5;009m[ERROR]: [0mThis is a error message from thread 218-09-2026 00:29:33 [38;5;009m[ERROR]: [0mThis is a error message from thread 2118-09-2026 00:29:33 [38;5;015m[INFO]: [0mThis is a info message from thread 2018-09-2026 00:29:33 [38;5;117m[DEBUG]: [0mThis is a debug message from thread 1818-09-2026 00:29:33 [38;5;015m[INFO]: [0mThis is a info message from thread 1418-09-2026 00:29:33 [38;5;009m[ERROR]: [0mThis is a error message from thread 1518-09-2026 00:29:33 [38;5;117m[DEBUG]: [0mThis is a debug message from thread 2518-09-2026 00:29:33 [38;5;015m[INFO]: [0mThis is a info message from thread 2318-09-2026 00:29:33 [38;5;015m[INFO]: [0mThis is a info message from thread 2718-09-2026 00:29:33 [38;5;009m[ERROR]: [0mThis is a error message from thread 718-09-2026 00:29:33 [38;5;015m[INFO]: [0mThis is a info message from thread 618-09-2026 00:29:33 [38;5;117m[DEBUG]: [0mThis is a debug message from thread 1518-09-2026 00:29:33 [38;5;009m[ERROR]: [0mThis is a error message from thread 2218-09-2026 00:29:33 [38;5;117m[DEBUG]: [0mThis is a debug message from thread 1918-09-2026 00:29:33 [38;5;009m[ERROR]: [0mThis is a error message from thread 1618-09-2026 00:29:33 [38;5;009m[ERROR]: [0mThis is a error message from thread 2018-09-2026 00:29:33 [38;5;015m[INFO]: [0mThis is a info message from thread 518-09-2026 00:29:33 [38;5;009m[ERROR]: [0mThis is a error message from thread 618-09-2026 00:29:33 [38;5;009m[ERROR]: [0mThis is a error message from thread 1018-09-2026 00:29:33 [38;5;117m[DEBUG]: [0mThis is a debug message from thread 618-09-2026 00:29:33 [38;5;117m[DEBUG]: [0mThis is a debug message from thread 218-09-2026 00:29:33 [38;5;117m[DEBUG]: [0mThis is a debug message from thread 1218-09-2026 00:29:33 [38;5;009m[ERROR]: [0mThis is a error message from thread 1118-09-2026 00:29:33 [38;5;117m[DEBUG]: [0mThis is a debug message from thread 2118-09-2026 00:29:33 [38;5;015m[INFO]: [0mThis is a info message from thread 2918-09-2026 00:29:33 [38;5;117m[DEBUG]: [0mThis is a debug message from thread 818-09-2026 00:29:33 [38;5;117m[DEBUG]: [0mThis is a debug message from thread 1018-09-2026 00:29:33 [38;5;009m[ERROR]: [0mThis is a error message from thread 518-09-2026 00:29:33 [38;5;015m[INFO]: [0mThis is a info message from thread 618-09-2026 00:29:33 [38;5;117m[DEBUG]: [0mThis is a debug message from thread 1618-09-2026 00:29:33 [38;5;015m[INFO]: [0mThis is a info message from thread 418-09-2026 00:29:33 [38;5;009m[ERROR]: [0mThis is a error message from thread 2618-09-2026 00:29:33 [38;5;117m[DEBUG]: [0mThis is a debug message from thread 2218-09-2026 00:29:33 [38;5;009m[ERROR]: [0mThis is a error message from thread 1418-09-2026 00:29:33 [38;5;015m[INFO]: [0mThis is a info message from thread 1818-09-2026 00:29:33 [38;5;015m[INFO]: [0mThis is a info message from thread 818-09-2026 00:29:33 [38;5;009m[ERROR]: [0mThis is a error message from thread 418-09-2026 00:29:33 [38;5;117m[DEBUG]: [0mThis is a debug message from thread 518-09-2026 00:29:33 [38;5;015m[INFO]: [0mThis is a info message from thread 2518-09-2026 00:29:33 [38;5;009m[ERROR]: [0mThis is a error message from thread 1318-09-2026 00:29:33 [38;5;009m[ERROR]: [0mThis is a error message from thread 818-09-2026 00:29:33 [38;5;009m[ERROR]: [0mThis is a error message from thread 1818-09-2026 00:29:33 [38;5;015m[INFO]: [0mThis is a info message from thread 1018-09-2026 00:29:33 [38;5;009m[ERROR]: [0mThis is a error message from thread 618-09-2026 00:29:33 [38;5;015m[INFO]: [0mThis is a info message from thread 1518-09-2026 00:29:33 [38;5;015m[INFO]: [0mThis is a info message from thread 2118-09-2026 00:29:33 [38;5;009m[ERROR]: [0mThis is a error message from thread 1518-09-2026 00:29:33 [38;5;015m[INFO]: [0mThis is a info message from thread 518-09-2026 00:29:33 [38;5;117m[DEBUG]: [0mThis is a debug message from thread 618-09-2026 00:29:33 [38;5;015m[INFO]: [0mThis is a info message from thread 1918-09-2026 00:29:33 [38;5;015m[INFO]: [0mThis is a info message from thread 1218-09-2026 00:29:33 [38;5;009m[ERROR]: [0mThis is a error message from thread 2518-09-2026 00:29:33 [38;5;117m[DEBUG]: [0mThis is a debug message from thread 1518-09-2026 00:29:33 [38;5;117m[DEBUG]: [0mThis is a debug message from thread 2618-09-2026 00:29:33 [38;5;015m[INFO]: [0mThis is a info message from thread 618-09-2026 00:29:33 [38;5;009m[ERROR]: [0mThis is a error message from thread 1918-09-2026 00:29:33 [38;5;009m[ERROR]: [0mThis is a error message from thread 018-09-2026 00:29:33 [38;5;009m[ERROR]: [0mThis is a error message from thread 2718-09-2026 00:29:33 [38;5;015m[INFO]: [0mThis is a info message from thread 2618-09-2026 00:29:33 [38;5;117m[DEBUG]: [0mThis is a debug message from thread 2518-09-2026 00:29:33 [38;5;009m[ERROR]: [0mThis is a error message from thread 618-09-2026 00:29:33 [38;5;009m[ERROR]: [0mThis is a error message from thread 918-09-2026 00:29:33 [38;5;009m[ERROR]: [0mThis is a error message from thread 2918-09-2026 00:29:33 [38;5;009m[ERROR]: [0mThis is a error message from thread 1218-09-2026 00:29:33 [38;5;009m[ERROR]: [0mThis is a error message from thread 2118-09-2026 00:29:33 [38;5;009m[ERROR]: [0mThis is a error message from thread 2618-09-2026 00:29:33 [38;5;015m[INFO]: [0mThis is a info message from thread 2518-09-2026 00:29:33 [38;5;009m[ERROR]: [0mThis is a error message from thread 1018-09-2026 00:29:33 [38;5;117m[DEBUG]: [0mThis is a debug message from thread 1918-09-2026 00:29:33 [38;5;117m[DEBUG]: [0mThis is a debug message from thread 2718-09-2026 00:29:33 [38;5;117m[DEBUG]: [0mThis is a debug message from thread 618-09-2026 00:29:33 [38;5;117m[DEBUG]: [0mThis is a debug message from thread 2918-09-2026 00:29:33 [38;5;009m[ERROR]: [0mThis is a error message from thread 518-09-2026 00:29:33 [38;5;117m[DEBUG]: [0mThis is a debug message from thread 1118-09-2026 00:29:33 [38;5;117m[DEBUG]: [0mThis is a debug message from thread 318-09-2026 00:29:33 [38;5;117m[DEBUG]: [0mThis is a debug message from thread 1318-09-2026 00:29:33 [38;5;015m[INFO]: [0mThis is a info message from thread 1918-09-2026 00:29:33 [38;5;015m[INFO]: [0mThis is a info message from thread 2818-09-2026 00:29:33 [38;5;015m[INFO]: [0mThis is a info message from thread 618-09-2026 00:29:33 [38;5;117m[DEBUG]: [0mThis is a debug message from thread 1218-09-2026 00:29:33 [38;5;117m[DEBUG]: [0mThis is a debug message from thread 2618-09-2026 00:29:33 [38;5;117m[DEBUG]: [0mThis is a debug message from thread 1018-09-2026 00:29:33 [38;5;009m[ERROR]: [0mThis is a error message from thread 1918-09-2026 00:29:33 [38;5;009m[ERROR]: [0mThis is a error message from thread 2518-09-2026 00:29:33 [38;5;117m[DEBUG]: [0mThis is a debug message from thread 918-09-2026 00:29:33 [38;5;015m[INFO]: [0mThis is a info message from thread 2618-09-2026 00:29:33 [38;5;015m[INFO]: [0mThis is a info message from thread 1318-09-2026 00:29:33 [38;5;117m[DEBUG]: [0mThis is a debug message from thread 1918-09-2026 00:29:33 [38;5;009m[ERROR]: [0mThis is a error message from thread 2818-09-2026 00:29:33 [38;5;117m[DEBUG]: [0mThis is a debug message from thread 1718-09-2026 00:29:33 [38;5;117m[DEBUG]: [0mThis is a debug message from thread 1818-09-2026 00:29:33 [38;5;015m[INFO]: [0mThis is a info message from thread 1218-09-2026 00:29:33 [38;5;015m[INFO]: [0mThis is a info message from thread 318-09-2026 00:29:33 [38;5;015m[INFO]: [0mThis is a info message from thread 1018-09-2026 00:29:33 [38;5;015m[INFO]: [0mThis is a info message from thread 2918-09-2026 00:29:33 [38;5;015m[INFO]: [0mThis is a info message from thread 1918-09-2026 00:29:33 [38;5;009m[ERROR]: [0mThis is a error message from thread 2618-09-2026 00:29:33 [38;5;015m[INFO]: [0mThis is a info message from thread 1518-09-2026 00:29:33 [38;5;009m[ERROR]: [0mThis is a error message from thread 1218-09-2026 00:29:33 [38;5;009m[ERROR]: [0mThis is a error message from thread 1018-09-2026 00:29:33 [38;5;015m[INFO]: [0mThis is a info message from thread 2218-09-2026 00:29:33 [38;5;117m[DEBUG]: [0mThis is a debug message from thread 2018-09-2026 00:29:33 [38;5;009m[ERROR]: [0mThis is a error message from thread 1918-09-2026 00:29:33 [38;5;117m[DEBUG]: [0mThis is a debug message from thread 2518-09-2026 00:29:33 [38;5;117m[DEBUG]: [0mThis is a debug message from thread 1018-09-2026 00:29:33 [38;5;117m[DEBUG]: [0mThis is a debug message from thread 1218-09-2026 00:29:33 [38;5;015m[INFO]: [0mThis is a info message from thread 918-09-2026 00:29:33 [38;5;009m[ERROR]: [0mThis is a error message from thread 118-09-2026 00:29:33 [38;5;015m[INFO]: [0mThis is a info message from thread 218-09-2026 00:29:33 [38;5;117m[DEBUG]: [0mThis is a debug message from thread 418-09-2026 00:29:33 [38;5;117m[DEBUG]: [0mThis is a debug message from thread 1918-09-2026 00:29:33 [38;5;015m[INFO]: [0mThis is a info message from thread 1218-09-2026 00:29:33 [38;5;015m[INFO]: [0mThis is a info message from thread 2518-09-2026 00:29:33 [38;5;117m[DEBUG]: [0mThis is a debug message from thread 2618-09-2026 00:29:33 [38;5;015m[INFO]: [0mThis is a info message from thread 1018-09-2026 00:29:33 [38;5;009m[ERROR]: [0mThis is a error message from thread 918-09-2026 00:29:33 [38;5;015m[INFO]: [0mThis is a info message from thread 1818-09-2026 00:29:33 [38;5;009m[ERROR]: [0mThis is a error message from thread 1518-09-2026 00:29:33 [38;5;009m[ERROR]: [0mThis is a error message from thread 2218-09-2026 00:29:33 [38;5;009m[ERROR]: [0mThis is a error message from thread 2918-09-2026 00:29:33 [38;5;015m[INFO]: [0mThis is a info message from thread 418-09-2026 00:29:33 [38;5;117m[DEBUG]: [0mThis is a debug message from thread 118-09-2026 00:29:33 [38;5;015m[INFO]: [0mThis is a info message from thread 118-09-2026 00:29:33 [38;5;009m[ERROR]: [0mThis is a error message from thread 2518-09-2026 00:29:33 [38;5;117m[DEBUG]: [0mThis is a debug message from thread 918-09-2026 00:29:33 [38;5;015m[INFO]: [0mThis is a info message from thread 2618-09-2026 00:29:33 [38;5;015m[INFO]: [0mThis is a info message from thread 918-09-2026 00:29:33 [38;5;117m[DEBUG]: [0mThis is a debug message from thread 2218-09-2026 00:29:33 [38;5;015m[INFO]: [0mThis is a info message from thread 1918-09-2026 00:29:33 [38;5;009m[ERROR]: [0mThis is a error message from thread 1218-09-2026 00:29:33 [38;5;009m[ERROR]: [0mThis is a error message from thread 2618-09-2026 00:29:33 [38;5;117m[DEBUG]: [0mThis is a debug message from thread 2518-09-2026 00:29:33 [38;5;117m[DEBUG]: [0mThis is a debug message from thread 1518-09-2026 00:29:33 [38;5;015m[INFO]: [0mThis is a info message from thread 2018-09-2026 00:29:33 [38;5;009m[ERROR]: [0mThis is a error message from thread 1818-09-2026 00:29:33 [38;5;009m[ERROR]: [0mThis is a error message from thread 1918-09-2026 00:29:33 [38;5;117m[DEBUG]: [0mThis is a debug message from thread 1218-09-2026 00:29:33 [38;5;015m[INFO]: [0mThis is a info message from thread 2518-09-2026 00:29:33 [38;5;117m[DEBUG]: [0mThis is a debug message from thread 2618-09-2026 00:29:33 [38;5;009m[ERROR]: [0mThis is a error message from thread 2518-09-2026 00:29:33 [38;5;117m[DEBUG]: [0mThis is a debug message from thread 1918-09-2026 00:29:33 [38;5;009m[ERROR]: [0mThis is a error message from thread 918-09-2026 00:29:33 [38;5;015m[INFO]: [0mThis is a info message from thread 1918-09-2026 00:29:33 [38;5;015m[INFO]: [0mThis is a info message from thread 1218-09-2026 00:29:33 [38;5;009m[ERROR]: [0mThis is a error message from thread 1018-09-2026 00:29:33 [38;5;117m[DEBUG]: [0mThis is a debug message from thread 2518-09-2026 00:29:33 [38;5;009m[ERROR]: [0mThis is a error message from thread 418-09-2026 00:29:33 [38;5;117m[DEBUG]: [0mThis is a debug message from thread 518-09-2026 00:29:33 [38;5;009m[ERROR]: [0mThis is a error message from thread 118-09-2026 00:29:33 [38;5;117m[DEBUG]: [0mThis is a debug message from thread 1418-09-2026 00:29:33 [38;5;015m[INFO]: [0mThis is a info message from thread 2718-09-2026 00:29:33 [38;5;117m[DEBUG]: [0mThis is a debug message from thread 918-09-2026 00:29:33 [38;5;117m[DEBUG]: [0mThis is a debug message from thread 2118-09-2026 00:29:33 [38;5;117m[DEBUG]: [0mThis is a debug message from thread 1018-09-2026 00:29:33 [38;5;117m[DEBUG]: [0mThis is a debug message from thread 2818-09-2026 00:29:33 [38;5;015m[INFO]: [0mThis is a info message from thread 2218-09-2026 00:29:33 [38;5;117m[DEBUG]: [0mThis is a debug message from thread 718-09-2026 00:29:33 [38;5;117m[DEBUG]: [0mThis is a debug message from thread 418-09-2026 00:29:33 [38;5;015m[INFO]: [0mThis is a info message from thread 918-09-2026 00:29:33 [38;5;117m[DEBUG]: [0mThis is a debug message from thread 2918-09-2026 00:29:33 [38;5;009m[ERROR]: [0mThis is a error message from thread 2318-09-2026 00:29:33 [38;5;015m[INFO]: [0mThis is a info message from thread 2818-09-2026 00:29:33 [38;5;117m[DEBUG]: [0mThis is a debug message from thread 818-09-2026 00:29:33 [38;5;015m[INFO]: [0mThis is a info message from thread 1018-09-2026 00:29:33 [38;5;117m[DEBUG]: [0mThis is a debug message from thread 2418-09-2026 00:29:33 [38;5;015m[INFO]: [0mThis is a info message from thread 2918-09-2026 00:29:33 [38;5;015m[INFO]: [0mThis is a info message from thread 718-09-2026 00:29:33 [38;5;009m[ERROR]: [0mThis is a error message from thread 218-09-2026 00:29:33 [38;5;009m[ERROR]: [0mThis is a error message from thread 618-09-2026 00:29:33 [38;5;117m[DEBUG]: [0mThis is a debug message from thread 1818-09-2026 00:29:33 [38;5;009m[ERROR]: [0mThis is a error message from thread 2818-09-2026 00:29:33 [38;5;009m[ERROR]: [0mThis is a error message from thread 2218-09-2026 00:29:33 [38;5;015m[INFO]: [0mThis is a info message from thread 418-09-2026 00:29:33 [38;5;117m[DEBUG]: [0mThis is a debug message from thread 018-09-2026 00:29:33 [38;5;009m[ERROR]: [0mThis is a error message from thread 1018-09-2026 00:29:33 [38;5;009m[ERROR]: [0mThis is a error message from thread 718-09-2026 00:29:33 [38;5;009m[ERROR]: [0mThis is a error message from thread 1918-09-2026 00:29:33 [38;5;009m[ERROR]: [0mThis is a error message from thread 2918-09-2026 00:29:33 [38;5;015m[INFO]: [0mThis is a info message from thread 1418-09-2026 00:29:33 [38;5;015m[INFO]: [0mThis is a info message from thread 1618-09-2026 00:29:33 [38;5;117m[DEBUG]: [0mThis is a debug message from thread 2918-09-2026 00:29:33 [38;5;009m[ERROR]: [0mThis is a error message from thread 418-09-2026 00:29:33 [38;5;015m[INFO]: [0mThis is a info message from thread 818-09-2026 00:29:33 [38;5;117m[DEBUG]: [0mThis is a debug message from thread 718-09-2026 00:29:33 [38;5;117m[DEBUG]: [0mThis is a debug message from thread 218-09-2026 00:29:33 [38;5;117m[DEBUG]: [0mThis is a debug message from thread 618-09-2026 00:29:33 [38;5;015m[INFO]: [0mThis is a info message from thread 2418-09-2026 00:29:33 [38;5;117m[DEBUG]: [0mThis is a debug message from thread 1018-09-2026 00:29:33 [38;5;009m[ERROR]: [0mThis is a error message from thread 318-09-2026 00:29:33 [38;5;117m[DEBUG]: [0mThis is a debug message from thread 418-09-2026 00:29:33 [38;5;015m[INFO]: [0mThis is a info message from thread 718-09-2026 00:29:33 [38;5;015m[INFO]: [0mThis is a info message from thread 2918-09-2026 00:29:33 [38;5;009m[ERROR]: [0mThis is a error message from thread 918-09-2026 00:29:33 [38;5;015m[INFO]: [0mThis is a info message from thread 2518-09-2026 00:29:33 [38;5;009m[ERROR]: [0mThis is a error message from thread 2718-09-2026 00:29:33 [38;5;015m[INFO]: [0mThis is a info message from thread 2118-09-2026 00:29:33 [38;5;117m[DEBUG]: [0mThis is a debug message from thread 2818-09-2026 00:29:33 [38;5;015m[INFO]: [0mThis is a info message from thread 1718-09-2026 00:29:33 [38;5;015m[INFO]: [0mThis is a info message from thread 1118-09-2026 00:29:33 [38;5;015m[INFO]: [0mThis is a info message from thread 418-09-2026 00:29:33 [38;5;009m[ERROR]: [0mThis is a error message from thread 1118-09-2026 00:29:33 [38;5;015m[INFO]: [0mThis is a info message from thread 518-09-2026 00:29:33 [38;5;009m[ERROR]: [0mThis is a error message from thread 418-09-2026 00:29:33 [38;5;009m[ERROR]: [0mThis is a error message from thread 718-09-2026 00:29:33 [38;5;015m[INFO]: [0mThis is a info message from thread 1018-09-2026 00:29:33 [38;5;009m[ERROR]: [0mThis is a error message from thread 2418-09-2026 00:29:33 [38;5;117m[DEBUG]: [0mThis is a debug message from thread 2318-09-2026 00:29:33 [38;5;009m[ERROR]: [0mThis is a error message from thread 518-09-2026 00:29:33 [38;5;117m[DEBUG]: [0mThis is a debug message from thread 418-09-2026 00:29:33 [38;5;117m[DEBUG]: [0mThis is a debug message from thread 718-09-2026 00:29:33 [38;5;009m[ERROR]: [0mThis is a error message from thread 2118-09-2026 00:29:33 [38;5;009m[ERROR]: [0mThis is a error message from thread 1018-09-2026 00:29:33 [38;5;117m[DEBUG]: [0mThis is a debug message from thread 2718-09-2026 00:29:33 [38;5;117m[DEBUG]: [0mThis is a debug message from thread 1918-09-2026 00:29:33 [38;5;009m[ERROR]: [0mThis is a error message from thread 1218-09-2026 00:29:33 [38;5;117m[DEBUG]: [0mThis is a debug message from thread 1018-09-2026 00:29:33 [38;5;117m[DEBUG]: [0mThis is a debug message from thread 1218-09-2026 00:29:33 [38;5;015m[INFO]: [0mThis is a info message from thread 418-09-2026 00:29:33 [38;5;117m[DEBUG]: [0mThis is a debug message from thread 918-09-2026 00:29:33 [38;5;015m[INFO]: [0mThis is a info message from thread 718-09-2026 00:29:33 [38;5;009m[ERROR]: [0mThis is a error message from thread 1618-09-2026 00:29:33 [38;5;117m[DEBUG]: [0mThis is a debug message from thread 518-09-2026 00:29:33 [38;5;015m[INFO]: [0mThis is a info message from thread 1018-09-2026 00:29:33 [38;5;009m[ERROR]: [0mThis is a error message from thread 2018-09-2026 00:29:33 [38;5;009m[ERROR]: [0mThis is a error message from thread 718-09-2026 00:29:33 [38;5;015m[INFO]: [0mThis is a info message from thread 018-09-2026 00:29:33 [38;5;015m[INFO]: [0mThis is a info message from thread 2318-09-2026 00:29:33 [38;5;009m[ERROR]: [0mThis is a error message from thread 818-09-2026 00:29:33 [38;5;009m[ERROR]: [0mThis is a error message from thread 1018-09-2026 00:29:33 [38;5;117m[DEBUG]: [0mThis is a debug message from thread 818-09-2026 00:29:33 [38;5;009m[ERROR]: [0mThis is a error message from thread 418-09-2026 00:29:33 [38;5;117m[DEBUG]: [0mThis is a debug message from thread 718-09-2026 00:29:33 [38;5;117m[DEBUG]: [0mThis is a debug message from thread 1018-09-2026 00:29:33 [38;5;015m[INFO]: [0mThis is a info message from thread 818-09-2026 00:29:33 [38;5;015m[INFO]: [0mThis is a info message from thread 1018-09-2026 00:29:33 [38;5;009m[ERROR]: [0mThis is a error message from thread 818-09-2026 00:29:33 [38;5;117m[DEBUG]: [0mThis is a debug message from thread 418-09-2026 00:29:33 [38;5;117m[DEBUG]: [0mThis is a debug message from thread 1618-09-2026 00:29:33 [38;5;015m[INFO]: [0mThis is a info message from thread 918-09-2026 00:29:33 [38;5;015m[INFO]: [0mThis is a info message from thread 618-09-2026 00:29:33 [38;5;015m[INFO]: [0mThis is a info message from thread 718-09-2026 00:29:33 [38;5;117m[DEBUG]: [0mThis is a debug message from thread 2418-09-2026 00:29:33 [38;5;117m[DEBUG]: [0mThis is a debug message from thread 818-09-2026 00:29:33 [38;5;015m[INFO]: [0mThis is a info message from thread 418-09-2026 00:29:33 [38;5;015m[INFO]: [0mThis is a info message from thread 818-09-2026 00:29:33 [38;5;009m[ERROR]: [0mThis is a error message from thread 1018-09-2026 00:29:33 [38;5;009m[ERROR]: [0mThis is a error message from thread 418-09-2026 00:29:33 [38;5;009m[ERROR]: [0mThis is a error message from thread 818-09-2026 00:29:33 [38;5;117m[DEBUG]: [0mThis is a debug message from thread 418-09-2026 00:29:33 [38;5;117m[DEBUG]: [0mThis is a debug message from thread 1018-09-2026 00:29:33 [38;5;015m[INFO]: [0mThis is a info message from thread 418-09-2026 00:29:33 [38;5;009m[ERROR]: [0mThis is a error message from thread 2318-09-2026 00:29:33 [38;5;015m[INFO]: [0mThis is a info message from thread 1218-09-2026 00:29:33 [38;5;009m[ERROR]: [0mThis is a error message from thread 418-09-2026 00:29:33 [38;5;009m[ERROR]: [0mThis is a error message from thread 1318-09-2026 00:29:33 [38;5;015m[INFO]: [0mThis is a info message from thread 1018-09-2026 00:29:33 [38;5;015m[INFO]: [0mThis is a info message from thread 1818-09-2026 00:29:33 [38;5;117m[DEBUG]: [0mThis is a debug message from thread 2218-09-2026 00:29:33 [38;5;117m[DEBUG]: [0mThis is a debug message from thread 818-09-2026 00:29:33 [38;5;015m[INFO]: [0mThis is a info message from thread 2418-09-2026 00:29:33 [38;5;117m[DEBUG]: [0mThis is a debug message from thread 118-09-2026 00:29:33 [38;5;009m[ERROR]: [0mThis is a error message from thread 1218-09-2026 00:29:33 [38;5;009m[ERROR]: [0mThis is a error message from thread 2518-09-2026 00:29:33 [38;5;117m[DEBUG]: [0mThis is a debug message from thread 418-09-2026 00:29:33 [38;5;009m[ERROR]: [0mThis is a error message from thread 1818-09-2026 00:29:33 [38;5;009m[ERROR]: [0mThis is a error message from thread 2918-09-2026 00:29:33 [38;5;015m[INFO]: [0mThis is a info message from thread 818-09-2026 00:29:33 [38;5;009m[ERROR]: [0mThis is a error message from thread 1018-09-2026 00:29:33 [38;5;015m[INFO]: [0mThis is a info message from thread 518-09-2026 00:29:33 [38;5;015m[INFO]: [0mThis is a info message from thread 1518-09-2026 00:29:33 [38;5;015m[INFO]: [0mThis is a info message from thread 1618-09-2026 00:29:33 [38;5;009m[ERROR]: [0mThis is a error message from thread 018-09-2026 00:29:33 [38;5;009m[ERROR]: [0mThis is a error message from thread 2418-09-2026 00:29:33 [38;5;117m[DEBUG]: [0mThis is a debug message from thread 1218-09-2026 00:29:33 [38;5;015m[INFO]: [0mThis is a info message from thread 2218-09-2026 00:29:33 [38;5;009m[ERROR]: [0mThis is a error message from thread 1418-09-2026 00:29:33 [38;5;009m[ERROR]: [0mThis is a error message from thread 818-09-2026 00:29:33 [38;5;117m[DEBUG]: [0mThis is a debug message from thread 018-09-2026 00:29:33 [38;5;117m[DEBUG]: [0mThis is a debug message from thread 2518-09-2026 00:29:33 [38;5;009m[ERROR]: [0mThis is a error message from thread 2218-09-2026 00:29:33 [38;5;015m[INFO]: [0mThis is a info message from thread 2818-09-2026 00:29:33 [38;5;117m[DEBUG]: [0mThis is a debug message from thread 2418-09-2026 00:29:33 [38;5;009m[ERROR]: [0mThis is a error message from thread 518-09-2026 00:29:33 [38;5;009m[ERROR]: [0mThis is a error message from thread 618-09-2026 00:29:33 [38;5;015m[INFO]: [0mThis is a info message from thread 2718-09-2026 00:29:33 [38;5;117m[DEBUG]: [0mThis is a debug message from thread 2118-09-2026 00:29:33 [38;5;015m[INFO]: [0mThis is a info message from thread 118-09-2026 00:29:33 [38;5;009m[ERROR]: [0mThis is a error message from thread 918-09-2026 00:29:33 [38;5;015m[INFO]: [0mThis is a info message from thread 418-09-2026 00:29:33 [38;5;117m[DEBUG]: [0mThis is a debug message from thread 1018-09-2026 00:29:33 [38;5;117m[DEBUG]: [0mThis is a debug message from thread 2318-09-2026 00:29:33 [38;5;015m[INFO]: [0mThis is a info message from thread 2618-09-2026 00:29:33 [38;5;009m[ERROR]: [0mThis is a error message from thread 118-09-2026 00:29:33 [38;5;015m[INFO]: [0mThis is a info message from thread 1218-09-2026 00:29:33 [38;5;117m[DEBUG]: [0mThis is a debug message from thread 118-09-2026 00:29:33 [38;5;015m[INFO]: [0mThis is a info message from thread 2518-09-2026 00:29:33 [38;5;009m[ERROR]: [0mThis is a error message from thread 418-09-2026 00:29:33 [38;5;009m[ERROR]: [0mThis is a error message from thread 1518-09-2026 00:29:33 [38;5;009m[ERROR]: [0mThis is a error message from thread 1218-09-2026 00:29:33 [38;5;009m[ERROR]: [0mThis is a error message from thread 2718-09-2026 00:29:33 [38;5;009m[ERROR]: [0mThis is a error message from thread 2618-09-2026 00:29:33 [38;5;117m[DEBUG]: [0mThis is a debug message from thread 2018-09-2026 00:29:33 [38;5;015m[INFO]: [0mThis is a info message from thread 018-09-2026 00:29:33 [38;5;009m[ERROR]: [0mThis is a error message from thread 2818-09-2026 00:29:33 [38;5;117m[DEBUG]: [0mThis is a debug message from thread 618-09-2026 00:29:33 [38;5;009m[ERROR]: [0mThis is a error message from thread 1718-09-2026 00:29:33 [38;5;015m[INFO]: [0mThis is a info message from thread 118-09-2026 00:29:33 [38;5;117m[DEBUG]: [0mThis is a debug message from thread 1218-09-2026 00:29:33 [38;5;015m[INFO]: [0mThis is a info message from thread 2418-09-2026 00:29:33 [38;5;015m[INFO]: [0mThis is a info message from thread 2118-09-2026 00:29:33 [38;5;015m[INFO]: [0mThis is a info message from thread 2318-09-2026 00:29:33 [38;5;117m[DEBUG]: [0mThis is a debug message from thread 418-09-2026 00:29:33 [38;5;009m[ERROR]: [0mThis is a error message from thread 2318-09-2026 00:29:33 [38;5;009m[ERROR]: [0mThis is a error message from thread 118-09-2026 00:29:33 [38;5;015m[INFO]: [0mThis is a info message from thread 1218-09-2026 00:29:33 [38;5;117m[DEBUG]: [0mThis is a debug message from thread 2718-09-2026 00:29:33 [38;5;117m[DEBUG]: [0mThis is a debug message from thread 2618-09-2026 00:29:33 [38;5;009m[ERROR]: [0mThis is a error message from thread 2518-09-2026 00:29:33 [38;5;117m[DEBUG]: [0mThis is a debug message from thread 1518-09-2026 00:29:33 [38;5;015m[INFO]: [0mThis is a info message from thread 418-09-2026 00:29:33 [38;5;117m[DEBUG]: [0mThis is a debug message from thread 118-09-2026 00:29:33 [38;5;009m[ERROR]: [0mThis is a error message from thread 418-09-2026 00:29:33 [38;5;117m[DEBUG]: [0mThis is a debug message from thread 2318-09-2026 00:29:33 [38;5;009m[ERROR]: [0mThis is a error message from thread 1218-09-2026 00:29:33 [38;5;117m[DEBUG]: [0mThis is a debug message from thread 2818-09-2026 00:29:33 [38;5;009m[ERROR]: [0mThis is a error message from thread 2118-09-2026 00:29:33 [38;5;015m[INFO]: [0mThis is a info message from thread 118-09-2026 00:29:33 [38;5;015m[INFO]: [0mThis is a info message from thread 2318-09-2026 00:29:33 [38;5;117m[DEBUG]: [0mThis is a debug message from thread 1118-09-2026 00:29:33 [38;5;117m[DEBUG]: [0mThis is a debug message from thread 418-09-2026 00:29:33 [38;5;117m[DEBUG]: [0mThis is a debug message from thread 1718-09-2026 00:29:33 [38;5;015m[INFO]: [0mThis is a info message from thread 1918-09-2026 00:29:33 [38;5;117m[DEBUG]: [0mThis is a debug message from thread 1218-09-2026 00:29:33 [38;5;009m[ERROR]: [0mThis is a error message from thread 018-09-2026 00:29:33 [38;5;015m[INFO]: [0mThis is a info message from thread 418-09-2026 00:29:33 [38;5;015m[INFO]: [0mThis is a info message from thread 2618-09-2026 00:29:33 [38;5;009m[ERROR]: [0mThis is a error message from thread 2418-09-2026 00:29:33 [38;5;117m[DEBUG]: [0mThis is a debug message from thread 2518-09-2026 00:29:33 [38;5;009m[ERROR]: [0mThis is a error message from thread 2318-09-2026 00:29:33 [38;5;009m[ERROR]: [0mThis is a error message from thread 2618-09-2026 00:29:33 [38;5;117m[DEBUG]: [0mThis is a debug message from thread 2618-09-2026 00:29:33 [38;5;015m[INFO]: [0mThis is a info message from thread 1218-09-2026 00:29:33 [38;5;015m[INFO]: [0mThis is a info message from thread 618-09-2026 00:29:33 [38;5;117m[DEBUG]: [0mThis is a debug message from thread 1318-09-2026 00:29:33 [38;5;117m[DEBUG]: [0mThis is a debug message from thread 1818-09-2026 00:29:33 [38;5;117m[DEBUG]: [0mThis is a debug message from thread 2418-09-2026 00:29:33 [38;5;117m[DEBUG]: [0mThis is a debug message from thread 1418-09-2026 00:29:33 [38;5;117m[DEBUG]: [0mThis is a debug message from thread 2118-09-2026 00:29:33 [38;5;015m[INFO]: [0mThis is a info message from thread 218-09-2026 00:29:33 [38;5;117m[DEBUG]: [0mThis is a debug message from thread 818-09-2026 00:29:33 [38;5;117m[DEBUG]: [0mThis is a debug message from thread 2218-09-2026 00:29:33 [38;5;009m[ERROR]: [0mThis is a error message from thread 1918-09-2026 00:29:33 [38;5;015m[INFO]: [0mThis is a info message from thread 1418-09-2026 00:29:33 [38;5;015m[INFO]: [0mThis is a info message from thread 1018-09-2026 00:29:33 [38;5;009m[ERROR]: [0mThis is a error message from thread 218-09-2026 00:29:33 [38;5;015m[INFO]: [0mThis is a info message from thread 818-09-2026 00:29:33 [38;5;015m[INFO]: [0mThis is a info message from thread 1518-09-2026 00:29:33 [38;5;009m[ERROR]: [0mThis is a error message from thread 1618-09-2026 00:29:33 [38;5;015m[INFO]: [0mThis is a info message from thread 2418-09-2026 00:29:33 [38;5;015m[INFO]: [0mThis is a info message from thread 1318-09-2026 00:29:33 [38;5;015m[INFO]: [0mThis is a info message from thread 2718-09-2026 00:29:33 [38;5;117m[DEBUG]: [0mThis is a debug message from thread 318-09-2026 00:29:33 [38;5;015m[INFO]: [0mThis is a info message from thread 2218-09-2026 00:29:33 [38;5;015m[INFO]: [0mThis is a info message from thread 1118-09-2026 00:29:33 [38;5;009m[ERROR]: [0mThis is a error message from thread 418-09-2026 00:29:33 [38;5;117m[DEBUG]: [0mThis is a debug message from thread 1618-09-2026 00:29:33 [38;5;009m[ERROR]: [0mThis is a error message from thread 2418-09-2026 00:29:33 [38;5;015m[INFO]: [0mThis is a info message from thread 2818-09-2026 00:29:33 [38;5;117m[DEBUG]: [0mThis is a debug message from thread 018-09-2026 00:29:33 [38;5;009m[ERROR]: [0mThis is a error message from thread 1318-09-2026 00:29:33 [38;5;009m[ERROR]: [0mThis is a error message from thread 1518-09-2026 00:29:33 [38;5;117m[DEBUG]: [0mThis is a debug message from thread 2318-09-2026 00:29:33 [38;5;117m[DEBUG]: [0mThis is a debug message from thread 2418-09-2026 00:29:33 [38;5;015m[INFO]: [0mThis is a info message from thread 1618-09-2026 00:29:33 [38;5;009m[ERROR]: [0mThis is a error message from thread 1618-09-2026 00:29:33 [38;5;009m[ERROR]: [0mThis is a error message from thread 2818-09-2026 00:29:33 [38;5;015m[INFO]: [0mThis is a info message from thread 2418-09-2026 00:29:33 [38;5;117m[DEBUG]: [0mThis is a debug message from thread 2818-09-2026 00:29:33 [38;5;015m[INFO]: [0mThis is a info message from thread 2318-09-2026 00:29:33 [38;5;009m[ERROR]: [0mThis is a error message from thread 1418-09-2026 00:29:33 [38;5;009m[ERROR]: [0mThis is a error message from thread 2218-09-2026 00:29:33 [38;5;117m[DEBUG]: [0mThis is a debug message from thread 1618-09-2026 00:29:33 [38;5;117m[DEBUG]: [0mThis is a debug message from thread 1518-09-2026 00:29:33 [38;5;015m[INFO]: [0mThis is a info message from thread 2818-09-2026 00:29:33 [38;5;117m[DEBUG]: [0mThis is a debug message from thread 1418-09-2026 00:29:33 [38;5;015m[INFO]: [0mThis is a info message from thread 018-09-2026 00:29:33 [38;5;009m[ERROR]: [0mThis is a error message from thread 2818-09-2026 00:29:33 [38;5;015m[INFO]: [0mThis is a info message from thread 2518-09-2026 00:29:33 [38;5;009m[ERROR]: [0mThis is a error message from thread 818-09-2026 00:29:33 [38;5;015m[INFO]: [0mThis is a info message from thread 1418-09-2026 00:29:33 [38;5;009m[ERROR]: [0mThis is a error message from thread 2318-09-2026 00:29:33 [38;5;117m[DEBUG]: [0mThis is a debug message from thread 1318-09-2026 00:29:33 [38;5;117m[DEBUG]: [0mThis is a debug message from thread 2918-09-2026 00:29:33 [38;5;009m[ERROR]: [0mThis is a error message from thread 2718-09-2026 00:29:33 [38;5;015m[INFO]: [0mThis is a info message from thread 318-09-2026 00:29:33 [38;5;009m[ERROR]: [0mThis is a error message from thread 018-09-2026 00:29:33 [38;5;009m[ERROR]: [0mThis is a error message from thread 1218-09-2026 00:29:33 [38;5;009m[ERROR]: [0mThis is a error message from thread 1118-09-2026 00:29:33 [38;5;015m[INFO]: [0mThis is a info message from thread 2618-09-2026 00:29:33 [38;5;117m[DEBUG]: [0mThis is a debug message from thread 2718-09-2026 00:29:33 [38;5;117m[DEBUG]: [0mThis is a debug message from thread 018-09-2026 00:29:33 [38;5;117m[DEBUG]: [0mThis is a debug message from thread 2318-09-2026 00:29:33 [38;5;015m[INFO]: [0mThis is a info message from thread 2018-09-2026 00:29:33 [38;5;117m[DEBUG]: [0mThis is a debug message from thread 518-09-2026 00:29:33 [38;5;117m[DEBUG]: [0mThis is a debug message from thread 218-09-2026 00:29:33 [38;5;009m[ERROR]: [0mThis is a error message from thread 2618-09-2026 00:29:33 [38;5;015m[INFO]: [0mThis is a info message from thread 2318-09-2026 00:29:33 [38;5;015m[INFO]: [0mThis is a info message from thread 2918-09-2026 00:29:33 [38;5;009m[ERROR]: [0mThis is a error message from thread 318-09-2026 00:29:33 [38;5;015m[INFO]: [0mThis is a info message from thread 1518-09-2026 00:29:33 [38;5;015m[INFO]: [0mThis is a info message from thread 018-09-2026 00:29:33 [38;5;009m[ERROR]: [0mThis is a error message from thread 618-09-2026 00:29:33 [38;5;009m[ERROR]: [0mThis is a error message from thread 1418-09-2026 00:29:33 [38;5;117m[DEBUG]: [0mThis is a debug message from thread 1118-09-2026 00:29:33 [38;5;009m[ERROR]: [0mThis is a error message from thread 2018-09-2026 00:29:33 [38;5;009m[ERROR]: [0mThis is a error message from thread 2918-09-2026 00:29:33 [38;5;009m[ERROR]: [0mThis is a error message from thread 2518-09-2026 00:29:33 [38;5;117m[DEBUG]: [0mThis is a debug message from thread 2018-09-2026 00:29:33 [38;5;009m[ERROR]: [0mThis is a error message from thread 1518-09-2026 00:29:33 [38;5;009m[ERROR]: [0mThis is a error message from thread 2318-09-2026 00:29:33 [38;5;015m[INFO]: [0mThis is a info message from thread 2018-09-2026 00:29:33 [38;5;009m[ERROR]: [0mThis is a error message from thread 2418-09-2026 00:29:33 [38;5;117m[DEBUG]: [0mThis is a debug message from thread 1518-09-2026 00:29:33 [38;5;015m[INFO]: [0mThis is a info message from thread 1518-09-2026 00:29:33 [38;5;015m[INFO]: [0mThis is a info message from thread 218-09-2026 00:29:33 [38;5;117m[DEBUG]: [0mThis is a debug message from thread 2418-09-2026 00:29:33 [38;5;117m[DEBUG]: [0mThis is a debug message from thread 2518-09-2026 00:29:33 [38;5;015m[INFO]: [0mThis is a info message from thread 2418-09-2026 00:29:33 [38;5;015m[INFO]: [0mThis is a info message from thread 2718-09-2026 00:29:33 [38;5;015m[INFO]: [0mThis is a info message from thread 518-09-2026 00:29:33 [38;5;009m[ERROR]: [0mThis is a error message from thread 1518-09-2026 00:29:33 [38;5;009m[ERROR]: [0mThis is a error message from thread 2018-09-2026 00:29:33 [38;5;009m[ERROR]: [0mThis is a error message from thread 2418-09-2026 00:29:33 [38;5;117m[DEBUG]: [0mThis is a debug message from thread 1918-09-2026 00:29:33 [38;5;117m[DEBUG]: [0mThis is a debug message from thread 1218-09-2026 00:29:33 [38;5;015m[INFO]: [0mThis is a info message from thread 1118-09-2026 00:29:33 [38;5;117m[DEBUG]: [0mThis is a debug message from thread 2418-09-2026 00:29:33 [38;5;117m[DEBUG]: [0mThis is a debug message from thread 2018-09-2026 00:29:33 [38;5;117m[DEBUG]: [0mThis is a debug message from thread 1518-09-2026 00:29:33 [38;5;117m[DEBUG]: [0mThis is a debug message from thread 2918-09-2026 00:29:33 [38;5;009m[ERROR]: [0mThis is a error message from thread 018-09-2026 00:29:33 [38;5;015m[INFO]: [0mThis is a info message from thread 1518-09-2026 00:29:33 [38;5;009m[ERROR]: [0mThis is a error message from thread 1518-09-2026 00:29:33 [38;5;015m[INFO]: [0mThis is a info message from thread 1218-09-2026 00:29:33 [38;5;015m[INFO]: [0mThis is a info message from thread 2418-09-2026 00:29:33 [38;5;117m[DEBUG]: [0mThis is a debug message from thread 418-09-2026 00:29:33 [38;5;117m[DEBUG]: [0mThis is a debug message from thread 318-09-2026 00:29:33 [38;5;009m[ERROR]: [0mThis is a error message from thread 1218-09-2026 00:29:33 [38;5;015m[INFO]: [0mThis is a info message from thread 2518-09-2026 00:29:33 [38;5;117m[DEBUG]: [0mThis is a debug message from thread 818-09-2026 00:29:33 [38;5;009m[ERROR]: [0mThis is a error message from thread 218-09-2026 00:29:33 [38;5;117m[DEBUG]: [0mThis is a debug message from thread 618-09-2026 00:29:33 [38;5;009m[ERROR]: [0mThis is a error message from thread 2418-09-2026 00:29:33 [38;5;117m[DEBUG]: [0mThis is a debug message from thread 918-09-2026 00:29:33 [38;5;117m[DEBUG]: [0mThis is a debug message from thread 1518-09-2026 00:29:33 [38;5;117m[DEBUG]: [0mThis is a debug message from thread 2418-09-2026 00:29:33 [38;5;117m[DEBUG]: [0mThis is a debug message from thread 218-09-2026 00:29:33 [38;5;015m[INFO]: [0mThis is a info message from thread 418-09-2026 00:29:33 [38;5;015m[INFO]: [0mThis is a info message from thread 1718-09-2026 00:29:33 [38;5;015m[INFO]: [0mThis is a info message from thread 1618-09-2026 00:29:33 [38;5;015m[INFO]: [0mThis is a info message from thread 1518-09-2026 00:29:33 [38;5;015m[INFO]: [0mThis is a info message from thread 918-09-2026 00:29:33 [38;5;015m[INFO]: [0mThis is a info message from thread 618-09-2026 00:29:33 [38;5;015m[INFO]: [0mThis is a info message from thread 1918-09-2026 00:29:33 [38;5;117m[DEBUG]: [0mThis is a debug message from thread 2818-09-2026 00:29:33 [38;5;117m[DEBUG]: [0mThis is a debug message from thread 1218-09-2026 00:29:33 [38;5;015m[INFO]: [0mThis is a info message from thread 218-09-2026 00:29:33 [38;5;009m[ERROR]: [0mThis is a error message from thread 1718-09-2026 00:29:33 [38;5;009m[ERROR]: [0mThis is a error message from thread 1518-09-2026 00:29:33 [38;5;015m[INFO]: [0mThis is a info message from thread 2418-09-2026 00:29:33 [38;5;015m[INFO]: [0mThis is a info message from thread 318-09-2026 00:29:33 [38;5;015m[INFO]: [0mThis is a info message from thread 2018-09-2026 00:29:33 [38;5;117m[DEBUG]: [0mThis is a debug message from thread 018-09-2026 00:29:33 [38;5;015m[INFO]: [0mThis is a info message from thread 1818-09-2026 00:29:33 [38;5;117m[DEBUG]: [0mThis is a debug message from thread 1718-09-2026 00:29:33 [38;5;117m[DEBUG]: [0mThis is a debug message from thread 1518-09-2026 00:29:33 [38;5;009m[ERROR]: [0mThis is a error message from thread 318-09-2026 00:29:33 [38;5;117m[DEBUG]: [0mThis is a debug message from thread 2318-09-2026 00:29:33 [38;5;015m[INFO]: [0mThis is a info message from thread 2318-09-2026 00:29:33 [38;5;015m[INFO]: [0mThis is a info message from thread 1518-09-2026 00:29:33 [38;5;015m[INFO]: [0mThis is a info message from thread 1718-09-2026 00:29:33 [38;5;009m[ERROR]: [0mThis is a error message from thread 918-09-2026 00:29:33 [38;5;009m[ERROR]: [0mThis is a error message from thread 1618-09-2026 00:29:33 [38;5;117m[DEBUG]: [0mThis is a debug message from thread 318-09-2026 00:29:33 [38;5;009m[ERROR]: [0mThis is a error message from thread 1718-09-2026 00:29:33 [38;5;009m[ERROR]: [0mThis is a error message from thread 1918-09-2026 00:29:33 [38;5;009m[ERROR]: [0mThis is a error message from thread 2318-09-2026 00:29:33 [38;5;009m[ERROR]: [0mThis is a error message from thread 618-09-2026 00:29:33 [38;5;015m[INFO]: [0mThis is a info message from thread 318-09-2026 00:29:33 [38;5;009m[ERROR]: [0mThis is a error message from thread 1518-09-2026 00:29:33 [38;5;009m[ERROR]: [0mThis is a error message from thread 518-09-2026 00:29:33 [38;5;009m[ERROR]: [0mThis is a error message from thread 1818-09-2026 00:29:33 [38;5;117m[DEBUG]: [0mThis is a debug message from thread 1618-09-2026 00:29:33 [38;5;015m[INFO]: [0mThis is a info message from thread 1318-09-2026 00:29:33 [38;5;009m[ERROR]: [0mThis is a error message from thread 318-09-2026 00:29:33 [38;5;117m[DEBUG]: [0mThis is a debug message from thread 1718-09-2026 00:29:33 [38;5;009m[ERROR]: [0mThis is a error message from thread 2718-09-2026 00:29:33 [38;5;117m[DEBUG]: [0mThis is a debug message from thread 1518-09-2026 00:29:33 [38;5;009m[ERROR]: [0mThis is a error message from thread 2018-09-2026 00:29:33 [38;5;009m[ERROR]: [0mThis is a error message from thread 718-09-2026 00:29:33 [38;5;117m[DEBUG]: [0mThis is a debug message from thread 318-09-2026 00:29:33 [38;5;117m[DEBUG]: [0mThis is a debug message from thread 2318-09-2026 00:29:33 [38;5;009m[ERROR]: [0mThis is a error message from thread 2518-09-2026 00:29:33 [38;5;015m[INFO]: [0mThis is a info message from thread 1718-09-2026 00:29:33 [38;5;015m[INFO]: [0mThis is a info message from thread 1618-09-2026 00:29:33 [38;5;015m[INFO]: [0mThis is a info message from thread 2118-09-2026 00:29:33 [38;5;117m[DEBUG]: [0mThis is a debug message from thread 1818-09-2026 00:29:33 [38;5;015m[INFO]: [0mThis is a info message from thread 1518-09-2026 00:29:33 [38;5;117m[DEBUG]: [0mThis is a debug message from thread 518-09-2026 00:29:33 [38;5;015m[INFO]: [0mThis is a info message from thread 318-09-2026 00:29:33 [38;5;015m[INFO]: [0mThis is a info message from thread 018-09-2026 00:29:33 [38;5;009m[ERROR]: [0mThis is a error message from thread 418-09-2026 00:29:33 [38;5;015m[INFO]: [0mThis is a info message from thread 2818-09-2026 00:29:33 [38;5;117m[DEBUG]: [0mThis is a debug message from thread 418-09-2026 00:29:33 [38;5;009m[ERROR]: [0mThis is a error message from thread 118-09-2026 00:29:33 [38;5;009m[ERROR]: [0mThis is a error message from thread 1718-09-2026 00:29:33 [38;5;009m[ERROR]: [0mThis is a error message from thread 1018-09-2026 00:29:33 [38;5;117m[DEBUG]: [0mThis is a debug message from thread 2518-09-2026 00:29:33 [38;5;009m[ERROR]: [0mThis is a error message from thread 318-09-2026 00:29:33 [38;5;117m[DEBUG]: [0mThis is a debug message from thread 1718-09-2026 00:29:33 [38;5;009m[ERROR]: [0mThis is a error message from thread 1518-09-2026 00:29:33 [38;5;015m[INFO]: [0mThis is a info message from thread 2918-09-2026 00:29:33 [38;5;015m[INFO]: [0mThis is a info message from thread 1718-09-2026 00:29:33 [38;5;117m[DEBUG]: [0mThis is a debug message from thread 2618-09-2026 00:29:33 [38;5;009m[ERROR]: [0mThis is a error message from thread 1118-09-2026 00:29:33 [38;5;117m[DEBUG]: [0mThis is a debug message from thread 2718-09-2026 00:29:33 [38;5;117m[DEBUG]: [0mThis is a debug message from thread 118-09-2026 00:29:33 [38;5;009m[ERROR]: [0mThis is a error message from thread 1718-09-2026 00:29:33 [38;5;117m[DEBUG]: [0mThis is a debug message from thread 1518-09-2026 00:29:33 [38;5;117m[DEBUG]: [0mThis is a debug message from thread 318-09-2026 00:29:33 [38;5;015m[INFO]: [0mThis is a info message from thread 518-09-2026 00:29:33 [38;5;117m[DEBUG]: [0mThis is a debug message from thread 1418-09-2026 00:29:33 [38;5;015m[INFO]: [0mThis is a info message from thread 118-09-2026 00:29:33 [38;5;117m[DEBUG]: [0mThis is a debug message from thread 1118-09-2026 00:29:33 [38;5;009m[ERROR]: [0mThis is a error message from thread 218-09-2026 00:29:33 [38;5;015m[INFO]: [0mThis is a info message from thread 818-09-2026 00:29:33 [38;5;117m[DEBUG]: [0mThis is a debug message from thread 1718-09-2026 00:29:33 [38;5;015m[INFO]: [0mThis is a info message from thread 1118-09-2026 00:29:33 [38;5;009m[ERROR]: [0mThis is a error message from thread 818-09-2026 00:29:33 [38;5;015m[INFO]: [0mThis is a info message from thread 318-09-2026 00:29:33 [38;5;117m[DEBUG]: [0mThis is a debug message from thread 818-09-2026 00:29:33 [38;5;015m[INFO]: [0mThis is a info message from thread 1718-09-2026 00:29:33 [38;5;015m[INFO]: [0mThis is a info message from thread 818-09-2026 00:29:33 [38;5;009m[ERROR]: [0mThis is a error message from thread 1118-09-2026 00:29:33 [38;5;009m[ERROR]: [0mThis is a error message from thread 318-09-2026 00:29:33 [38;5;009m[ERROR]: [0mThis is a error message from thread 818-09-2026 00:29:33 [38;5;009m[ERROR]: [0mThis is a error message from thread 1718-09-2026 00:29:33 [38;5;117m[DEBUG]: [0mThis is a debug message from thread 1118-09-2026 00:29:33 [38;5;117m[DEBUG]: [0mThis is a debug message from thread 318-09-2026 00:29:33 [38;5;117m[DEBUG]: [0mThis is a debug message from thread 1718-09-2026 00:29:33 [38;5;117m[DEBUG]: [0mThis is a debug message from thread 818-09-2026 00:29:33 [38;5;015m[INFO]: [0mThis is a info message from thread 1118-09-2026 00:29:33 [38;5;117m[DEBUG]: [0mThis is a debug message from thread 218-09-2026 00:29:33 [38;5;015m[INFO]: [0mThis is a info message from thread 1718-09-2026 00:29:33 [38;5;009m[ERROR]: [0mThis is a error message from thread 2118-09-2026 00:29:33 [38;5;009m[ERROR]: [0mThis is a error message from thread 518-09-2026 00:29:33 [38;5;015m[INFO]: [0mThis is a info message from thread 1418-09-2026 00:29:33 [38;5;009m[ERROR]: [0mThis is a error message from thread 118-09-2026 00:29:33 [38;5;009m[ERROR]: [0mThis is a error message from thread 2918-09-2026 00:29:33 [38;5;015m[INFO]: [0mThis is a info message from thread 818-09-2026 00:29:33 [38;5;117m[DEBUG]: [0mThis is a debug message from thread 1018-09-2026 00:29:33 [38;5;015m[INFO]: [0mThis is a info message from thread 2318-09-2026 00:29:33 [38;5;009m[ERROR]: [0mThis is a error message from thread 1118-09-2026 00:29:33 [38;5;009m[ERROR]: [0mThis is a error message from thread 2818-09-2026 00:29:33 [38;5;015m[INFO]: [0mThis is a info message from thread 218-09-2026 00:29:33 [38;5;015m[INFO]: [0mThis is a info message from thread 1218-09-2026 00:29:33 [38;5;009m[ERROR]: [0mThis is a error message from thread 2418-09-2026 00:29:33 [38;5;009m[ERROR]: [0mThis is a error message from thread 018-09-2026 00:29:33 [38;5;015m[INFO]: [0mThis is a info message from thread 418-09-2026 00:29:33 [38;5;009m[ERROR]: [0mThis is a error message from thread 1318-09-2026 00:29:33 [38;5;009m[ERROR]: [0mThis is a error message from thread 1718-09-2026 00:29:33 [38;5;117m[DEBUG]: [0mThis is a debug message from thread 118-09-2026 00:29:33 [38;5;015m[INFO]: [0mThis is a info message from thread 318-09-2026 00:29:33 [38;5;117m[DEBUG]: [0mThis is a debug message from thread 518-09-2026 00:29:33 [38;5;009m[ERROR]: [0mThis is a error message from thread 218-09-2026 00:29:33 [38;5;117m[DEBUG]: [0mThis is a debug message from thread 1318-09-2026 00:29:33 [38;5;117m[DEBUG]: [0mThis is a debug message from thread 2218-09-2026 00:29:33 [38;5;117m[DEBUG]: [0mThis is a debug message from thread 1118-09-2026 00:29:33 [38;5;117m[DEBUG]: [0mThis is a debug message from thread 218-09-2026 00:29:33 [38;5;009m[ERROR]: [0mThis is a error message from thread 318-09-2026 00:29:33 [38;5;015m[INFO]: [0mThis is a info message from thread 118-09-2026 00:29:33 [38;5;015m[INFO]: [0mThis is a info message from thread 1818-09-2026 00:29:33 [38;5;015m[INFO]: [0mThis is a info message from thread 2718-09-2026 00:29:33 [38;5;015m[INFO]: [0mThis is a info message from thread 218-09-2026 00:29:33 [38;5;015m[INFO]: [0mThis is a info message from thread 2218-09-2026 00:29:33 [38;5;117m[DEBUG]: [0mThis is a debug message from thread 2118-09-2026 00:29:33 [38;5;117m[DEBUG]: [0mThis is a debug message from thread 2418-09-2026 00:29:33 [38;5;009m[ERROR]: [0mThis is a error message from thread 1818-09-2026 00:29:33 [38;5;009m[ERROR]: [0mThis is a error message from thread 1418-09-2026 00:29:33 [38;5;015m[INFO]: [0mThis is a info message from thread 1318-09-2026 00:29:33 [38;5;117m[DEBUG]: [0mThis is a debug message from thread 1818-09-2026 00:29:33 [38;5;009m[ERROR]: [0mThis is a error message from thread 118-09-2026 00:29:33 [38;5;015m[INFO]: [0mThis is a info message from thread 2118-09-2026 00:29:33 [38;5;009m[ERROR]: [0mThis is a error message from thread 218-09-2026 00:29:33 [38;5;009m[ERROR]: [0mThis is a error message from thread 2718-09-2026 00:29:33 [38;5;009m[ERROR]: [0mThis is a error message from thread 2218-09-2026 00:29:33 [38;5;117m[DEBUG]: [0mThis is a debug message from thread 1418-09-2026 00:29:33 [38;5;117m[DEBUG]: [0mThis is a debug message from thread 2718-09-2026 00:29:33 [38;5;015m[INFO]: [0mThis is a info message from thread 1818-09-2026 00:29:33 [38;5;117m[DEBUG]: [0mThis is a debug message from thread 218-09-2026 00:29:33 [38;5;117m[DEBUG]: [0mThis is a debug message from thread 2218-09-2026 00:29:33 [38;5;009m[ERROR]: [0mThis is a error message from thread 1818-09-2026 00:29:33 [38;5;015m[INFO]: [0mThis is a info message from thread 2218-09-2026 00:29:33 [38;5;015m[INFO]: [0mThis is a info message from thread 218-09-2026 00:29:33 [38;5;117m[DEBUG]: [0mThis is a debug message from thread 1718-09-2026 00:29:33 [38;5;015m[INFO]: [0mThis is a info message from thread 2718-09-2026 00:29:33 [38;5;009m[ERROR]: [0mThis is a error message from thread 218-09-2026 00:29:33 [38;5;117m[DEBUG]: [0mThis is a debug message from thread 318-09-2026 00:29:33 [38;5;009m[ERROR]: [0mThis is a error message from thread 2118-09-2026 00:29:33 [38;5;117m[DEBUG]: [0mThis is a debug message from thread 1818-09-2026 00:29:33 [38;5;015m[INFO]: [0mThis is a info message from thread 1718-09-2026 00:29:33 [38;5;009m[ERROR]: [0mThis is a error message from thread 1318-09-2026 00:29:33 [38;5;015m[INFO]: [0mThis is a info message from thread 2418-09-2026 00:29:33 [38;5;015m[INFO]: [0mThis is a info message from thread 1118-09-2026 00:29:33 [38;5;015m[INFO]: [0mThis is a info message from thread 1418-09-2026 00:29:33 [38;5;015m[INFO]: [0mThis is a info message from thread 1518-09-2026 00:29:33 [38;5;117m[DEBUG]: [0mThis is a debug message from thread 118-09-2026 00:29:33 [38;5;117m[DEBUG]: [0mThis is a debug message from thread 718-09-2026 00:29:33 [38;5;009m[ERROR]: [0mThis is a error message from thread 1518-09-2026 00:29:33 [38;5;009m[ERROR]: [0mThis is a error message from thread 2718-09-2026 00:29:33 [38;5;009m[ERROR]: [0mThis is a error message from thread 818-09-2026 00:29:33 [38;5;117m[DEBUG]: [0mThis is a debug message from thread 618-09-2026 00:29:33 [38;5;117m[DEBUG]: [0mThis is a debug message from thread 218-09-2026 00:29:33 [38;5;117m[DEBUG]: [0mThis is a debug message from thread 2718-09-2026 00:29:33 [38;5;015m[INFO]: [0mThis is a info message from thread 618-09-2026 00:29:33 [38;5;009m[ERROR]: [0mThis is a error message from thread 1418-09-2026 00:29:33 [38;5;009m[ERROR]: [0mThis is a error message from thread 618-09-2026 00:29:33 [38;5;015m[INFO]: [0mThis is a info message from thread 218-09-2026 00:29:33 [38;5;117m[DEBUG]: [0mThis is a debug message from thread 1318-09-2026 00:29:33 [38;5;009m[ERROR]: [0mThis is a error message from thread 1718-09-2026 00:29:33 [38;5;015m[INFO]: [0mThis is a info message from thread 1818-09-2026 00:29:33 [38;5;117m[DEBUG]: [0mThis is a debug message from thread 1418-09-2026 00:29:33 [38;5;015m[INFO]: [0mThis is a info message from thread 2718-09-2026 00:29:33 [38;5;117m[DEBUG]: [0mThis is a debug message from thread 618-09-2026 00:29:33 [38;5;009m[ERROR]: [0mThis is a error message from thread 218-09-2026 00:29:33 [38;5;015m[INFO]: [0mThis is a info message from thread 1418-09-2026 00:29:33 [38;5;015m[INFO]: [0mThis is a info message from thread 618-09-2026 00:29:33 [38;5;015m[INFO]: [0mThis is a info message from thread 718-09-2026 00:29:33 [38;5;015m[INFO]: [0mThis is a info message from thread 1318-09-2026 00:29:33 [38;5;117m[DEBUG]: [0mThis is a debug message from thread 018-09-2026 00:29:33 [38;5;009m[ERROR]: [0mThis is a error message from thread 2718-09-2026 00:29:33 [38;5;117m[DEBUG]: [0mThis is a debug message from thread 218-09-2026 00:29:33 [38;5;117m[DEBUG]: [0mThis is a debug message from thread 1518-09-2026 00:29:33 [38;5;009m[ERROR]: [0mThis is a error message from thread 1418-09-2026 00:29:33 [38;5;015m[INFO]: [0mThis is a info message from thread 218-09-2026 00:29:33 [38;5;117m[DEBUG]: [0mThis is a debug message from thread 2718-09-2026 00:29:33 [38;5;009m[ERROR]: [0mThis is a error message from thread 618-09-2026 00:29:33 [38;5;015m[INFO]: [0mThis is a info message from thread 318-09-2026 00:29:33 [38;5;009m[ERROR]: [0mThis is a error message from thread 218-09-2026 00:29:33 [38;5;117m[DEBUG]: [0mThis is a debug message from thread 1418-09-2026 00:29:33 [38;5;117m[DEBUG]: [0mThis is a debug message from thread 818-09-2026 00:29:33 [38;5;009m[ERROR]: [0mThis is a error message from thread 1118-09-2026 00:29:33 [38;5;009m[ERROR]: [0mThis is a error message from thread 2418-09-2026 00:29:33 [38;5;009m[ERROR]: [0mThis is a error message from thread 318-09-2026 00:29:33 [38;5;015m[INFO]: [0mThis is a info message from thread 2718-09-2026 00:29:33 [38;5;117m[DEBUG]: [0mThis is a debug message from thread 218-09-2026 00:29:33 [38;5;015m[INFO]: [0mThis is a info message from thread 818-09-2026 00:29:33 [38;5;009m[ERROR]: [0mThis is a error message from thread 2718-09-2026 00:29:33 [38;5;117m[DEBUG]: [0mThis is a debug message from thread 618-09-2026 00:29:33 [38;5;117m[DEBUG]: [0mThis is a debug message from thread 318-09-2026 00:29:33 [38;5;015m[INFO]: [0mThis is a info message from thread 1418-09-2026 00:29:33 [38;5;117m[DEBUG]: [0mThis is a debug message from thread 2018-09-2026 00:29:33 [38;5;009m[ERROR]: [0mThis is a error message from thread 418-09-2026 00:29:33 [38;5;015m[INFO]: [0mThis is a info message from thread 2518-09-2026 00:29:33 [38;5;009m[ERROR]: [0mThis is a error message from thread 1318-09-2026 00:29:33 [38;5;015m[INFO]: [0mThis is a info message from thread 2618-09-2026 00:29:33 [38;5;015m[INFO]: [0mThis is a info message from thread 618-09-2026 00:29:33 [38;5;117m[DEBUG]: [0mThis is a debug message from thread 418-09-2026 00:29:33 [38;5;009m[ERROR]: [0mThis is a error message from thread 718-09-2026 00:29:33 [38;5;117m[DEBUG]: [0mThis is a debug message from thread 2718-09-2026 00:29:33 [38;5;015m[INFO]: [0mThis is a info message from thread 1018-09-2026 00:29:33 [38;5;015m[INFO]: [0mThis is a info message from thread 218-09-2026 00:29:33 [38;5;009m[ERROR]: [0mThis is a error message from thread 1418-09-2026 00:29:33 [38;5;009m[ERROR]: [0mThis is a error message from thread 818-09-2026 00:29:33 [38;5;117m[DEBUG]: [0mThis is a debug message from thread 1418-09-2026 00:29:33 [38;5;009m[ERROR]: [0mThis is a error message from thread 218-09-2026 00:29:33 [38;5;009m[ERROR]: [0mThis is a error message from thread 2218-09-2026 00:29:33 [38;5;015m[INFO]: [0mThis is a info message from thread 2718-09-2026 00:29:33 [38;5;009m[ERROR]: [0mThis is a error message from thread 618-09-2026 00:29:33 [38;5;009m[ERROR]: [0mThis is a error message from thread 1018-09-2026 00:29:33 [38;5;117m[DEBUG]: [0mThis is a debug message from thread 1318-09-2026 00:29:33 [38;5;117m[DEBUG]: [0mThis is a debug message from thread 1918-09-2026 00:29:33 [38;5;009m[ERROR]: [0mThis is a error message from thread 2618-09-2026 00:29:33 [38;5;009m[ERROR]: [0mThis is a error message from thread 2318-09-2026 00:29:33 [38;5;117m[DEBUG]: [0mThis is a debug message from thread 718-09-2026 00:29:33 [38;5;117m[DEBUG]: [0mThis is a debug message from thread 2918-09-2026 00:29:33 [38;5;015m[INFO]: [0mThis is a info message from thread 518-09-2026 00:29:33 [38;5;015m[INFO]: [0mThis is a info message from thread 2018-09-2026 00:29:33 [38;5;015m[INFO]: [0mThis is a info message from thread 1918-09-2026 00:29:33 [38;5;117m[DEBUG]: [0mThis is a debug message from thread 2118-09-2026 00:29:33 [38;5;117m[DEBUG]: [0mThis is a debug message from thread 1018-09-2026 00:29:33 [38;5;117m[DEBUG]: [0mThis is a debug message from thread 818-09-2026 00:29:33 [38;5;015m[INFO]: [0mThis is a info message from thread 1318-09-2026 00:29:33 [38;5;015m[INFO]: [0mThis is a info message from thread 2118-09-2026 00:29:33 [38;5;117m[DEBUG]: [0mThis is a debug message from thread 1118-09-2026 00:29:33 [38;5;015m[INFO]: [0mThis is a info message from thread 1018-09-2026 00:29:33 [38;5;009m[ERROR]: [0mThis is a error message from thread 1218-09-2026 00:29:33 [38;5;009m[ERROR]: [0mThis is a error message from thread 2018-09-2026 00:29:33 [38;5;009m[ERROR]: [0mThis is a error message from thread 518-09-2026 00:29:33 [38;5;117m[DEBUG]: [0mThis is a debug message from thread 2418-09-2026 00:29:33 [38;5;117m[DEBUG]: [0mThis is a debug message from thread 2318-09-2026 00:29:33 [38;5;117m[DEBUG]: [0mThis is a debug message from thread 918-09-2026 00:29:33 [38;5;009m[ERROR]: [0mThis is a error message from thread 2118-09-2026 00:29:33 [38;5;015m[INFO]: [0mThis is a info message from thread 1118-09-2026 00:29:33 [38;5;117m[DEBUG]: [0mThis is a debug message from thread 1718-09-2026 00:29:33 [38;5;009m[ERROR]: [0mThis is a error message from thread 1318-09-2026 00:29:33 [38;5;117m[DEBUG]: [0mThis is a debug message from thread 1318-09-2026 00:29:33 [38;5;117m[DEBUG]: [0mThis is a debug message from thread 1218-09-2026 00:29:33 [38;5;015m[INFO]: [0mThis is a info message from thread 2318-09-2026 00:29:33 [38;5;009m[ERROR]: [0mThis is a error message from thread 2718-09-2026 00:29:33 [38;5;015m[INFO]: [0mThis is a info message from thread 418-09-2026 00:29:33 [38;5;015m[INFO]: [0mThis is a info message from thread 1318-09-2026 00:29:33 [38;5;015m[INFO]: [0mThis is a info message from thread 718-09-2026 00:29:33 [38;5;015m[INFO]: [0mThis is a info message from thread 1718-09-2026 00:29:33 [38;5;117m[DEBUG]: [0mThis is a debug message from thread 618-09-2026 00:29:33 [38;5;009m[ERROR]: [0mThis is a error message from thread 1618-09-2026 00:29:33 [38;5;015m[INFO]: [0mThis is a info message from thread 318-09-2026 00:29:33 [38;5;015m[INFO]: [0mThis is a info message from thread 1218-09-2026 00:29:33 [38;5;009m[ERROR]: [0mThis is a error message from thread 1318-09-2026 00:29:33 [38;5;015m[INFO]: [0mThis is a info message from thread 1418-09-2026 00:29:33 [38;5;117m[DEBUG]: [0mThis is a debug message from thread 2118-09-2026 00:29:33 [38;5;009m[ERROR]: [0mThis is a error message from thread 418-09-2026 00:29:33 [38;5;009m[ERROR]: [0mThis is a error message from thread 2318-09-2026 00:29:33 [38;5;117m[DEBUG]: [0mThis is a debug message from thread 2718-09-2026 00:29:33 [38;5;117m[DEBUG]: [0mThis is a debug message from thread 2818-09-2026 00:29:33 [38;5;009m[ERROR]: [0mThis is a error message from thread 1818-09-2026 00:29:33 [38;5;117m[DEBUG]: [0mThis is a debug message from thread 418-09-2026 00:29:33 [38;5;009m[ERROR]: [0mThis is a error message from thread 1118-09-2026 00:29:33 [38;5;117m[DEBUG]: [0mThis is a debug message from thread 1618-09-2026 00:29:33 [38;5;117m[DEBUG]: [0mThis is a debug message from thread 218-09-2026 00:29:33 [38;5;117m[DEBUG]: [0mThis is a debug message from thread 2218-09-2026 00:29:33 [38;5;117m[DEBUG]: [0mThis is a debug message from thread 1118-09-2026 00:29:33 [38;5;015m[INFO]: [0mThis is a info message from thread 418-09-2026 00:29:33 [38;5;015m[INFO]: [0mThis is a info message from thread 2118-09-2026 00:29:33 [38;5;015m[INFO]: [0mThis is a info message from thread 2718-09-2026 00:29:33 [38;5;117m[DEBUG]: [0mThis is a debug message from thread 2018-09-2026 00:29:33 [38;5;015m[INFO]: [0mThis is a info message from thread 2218-09-2026 00:29:33 [38;5;009m[ERROR]: [0mThis is a error message from thread 1918-09-2026 00:29:33 [38;5;015m[INFO]: [0mThis is a info message from thread 1118-09-2026 00:29:33 [38;5;015m[INFO]: [0mThis is a info message from thread 118-09-2026 00:29:33 [38;5;015m[INFO]: [0mThis is a info message from thread 618-09-2026 00:29:33 [38;5;015m[INFO]: [0mThis is a info message from thread 1518-09-2026 00:29:33 [38;5;009m[ERROR]: [0mThis is a error message from thread 418-09-2026 00:29:33 [38;5;009m[ERROR]: [0mThis is a error message from thread 318-09-2026 00:29:33 [38;5;009m[ERROR]: [0mThis is a error message from thread 618-09-2026 00:29:33 [38;5;009m[ERROR]: [0mThis is a error message from thread 1218-09-2026 00:29:33 [38;5;015m[INFO]: [0mThis is a info message from thread 218-09-2026 00:29:33 [38;5;009m[ERROR]: [0mThis is a error message from thread 2518-09-2026 00:29:33 [38;5;117m[DEBUG]: [0mThis is a debug message from thread 2318-09-2026 00:29:33 [38;5;117m[DEBUG]: [0mThis is a debug message from thread 518-09-2026 00:29:33 [38;5;015m[INFO]: [0mThis is a info message from thread 2918-09-2026 00:29:33 [38;5;117m[DEBUG]: [0mThis is a debug message from thread 2518-09-2026 00:29:33 [38;5;117m[DEBUG]: [0mThis is a debug message from thread 2618-09-2026 00:29:33 [38;5;117m[DEBUG]: [0mThis is a debug message from thread 1918-09-2026 00:29:33 [38;5;009m[ERROR]: [0mThis is a error message from thread 118-09-2026 00:29:33 [38;5;009m[ERROR]: [0mThis is a error message from thread 2218-09-2026 00:29:33 [38;5;015m[INFO]: [0mThis is a info message from thread 018-09-2026 00:29:33 [38;5;015m[INFO]: [0mThis is a info message from thread 2618-09-2026 00:29:33 [38;5;009m[ERROR]: [0mThis is a error message from thread 1518-09-2026 00:29:33 [38;5;117m[DEBUG]: [0mThis is a debug message from thread 118-09-2026 00:29:33 [38;5;015m[INFO]: [0mThis is a info message from thread 818-09-2026 00:29:33 [38;5;015m[INFO]: [0mThis is a info message from thread 2518-09-2026 00:29:33 [38;5;009m[ERROR]: [0mThis is a error message from thread 018-09-2026 00:29:33 [38;5;015m[INFO]: [0mThis is a info message from thread 2818-09-2026 00:29:33 [38;5;009m[ERROR]: [0mThis is a error message from thread 2718-09-2026 00:29:33 [38;5;015m[INFO]: [0mThis is a info message from thread 2318-09-2026 00:29:33 [38;5;009m[ERROR]: [0mThis is a error message from thread 2918-09-2026 00:29:33 [38;5;015m[INFO]: [0mThis is a info message from thread 118-09-2026 00:29:33 [38;5;009m[ERROR]: [0mThis is a error message from thread 2618-09-2026 00:29:33 [38;5;009m[ERROR]: [0mThis is a error message from thread 2518-09-2026 00:29:33 [38;5;009m[ERROR]: [0mThis is a error message from thread 1418-09-2026 00:29:33 [38;5;117m[DEBUG]: [0mThis is a debug message from thread 2618-09-2026 00:29:33 [38;5;015m[INFO]: [0mThis is a info message from thread 1618-09-2026 00:29:33 [38;5;009m[ERROR]: [0mThis is a error message from thread 818-09-2026 00:29:33 [38;5;117m[DEBUG]: [0mThis is a debug message from thread 1818-09-2026 00:29:33 [38;5;015m[INFO]: [0mThis is a info message from thread 2618-09-2026 00:29:33 [38;5;009m[ERROR]: [0mThis is a error message from thread 1118-09-2026 00:29:33 [38;5;117m[DEBUG]: [0mThis is a debug message from thread 2918-09-2026 00:29:33 [38;5;117m[DEBUG]: [0mThis is a debug message from thread 018-09-2026 00:29:33 [38;5;015m[INFO]: [0mThis is a info message from thread 2018-09-2026 00:29:33 [38;5;117m[DEBUG]: [0mThis is a debug message from thread 1418-09-2026 00:29:33 [38;5;117m[DEBUG]: [0mThis is a debug message from thread 618-09-2026 00:29:33 [38;5;015m[INFO]: [0mThis is a info message from thread 1418-09-2026 00:29:33 [38;5;015m[INFO]: [0mThis is a info message from thread 1818-09-2026 00:29:33 [38;5;015m[INFO]: [0mThis is a info message from thread 618-09-2026 00:29:33 [38;5;009m[ERROR]: [0mThis is a error message from thread 118-09-2026 00:29:33 [38;5;009m[ERROR]: [0mThis is a error message from thread 218-09-2026 00:29:33 [38;5;117m[DEBUG]: [0mThis is a debug message from thread 218-09-2026 00:29:33 [38;5;009m[ERROR]: [0mThis is a error message from thread 2618-09-2026 00:29:33 [38;5;009m[ERROR]: [0mThis is a error message from thread 618-09-2026 00:29:33 [38;5;015m[INFO]: [0mThis is a info message from thread 018-09-2026 00:29:33 [38;5;009m[ERROR]: [0mThis is a error message from thread 1418-09-2026 00:29:33 [38;5;009m[ERROR]: [0mThis is a error message from thread 018-09-2026 00:29:33 [38;5;117m[DEBUG]: [0mThis is a debug message from thread 618-09-2026 00:29:33 [38;5;009m[ERROR]: [0mThis is a error message from thread 1018-09-2026 00:29:33 [38;5;117m[DEBUG]: [0mThis is a debug message from thread 1018-09-2026 00:29:33 [38;5;015m[INFO]: [0mThis is a info message from thread 618-09-2026 00:29:33 [38;5;009m[ERROR]: [0mThis is a error message from thread 1818-09-2026 00:29:33 [38;5;015m[INFO]: [0mThis is a info message from thread 918-09-2026 00:29:33 [38;5;009m[ERROR]: [0mThis is a error message from thread 618-09-2026 00:29:33 [38;5;117m[DEBUG]: [0mThis is a debug message from thread 2618-09-2026 00:29:33 [38;5;009m[ERROR]: [0mThis is a error message from thread 2118-09-2026 00:29:33 [38;5;009m[ERROR]: [0mThis is a error message from thread 1618-09-2026 00:29:33 [38;5;009m[ERROR]: [0mThis is a error message from thread 718-09-2026 00:29:33 [38;5;117m[DEBUG]: [0mThis is a debug message from thread 618-09-2026 00:29:33 [38;5;117m[DEBUG]: [0mThis is a debug message from thread 1618-09-2026 00:29:33 [38;5;117m[DEBUG]: [0mThis is a debug message from thread 1118-09-2026 00:29:33 [38;5;015m[INFO]: [0mThis is a info message from thread 2618-09-2026 00:29:33 [38;5;009m[ERROR]: [0mThis is a error message from thread 918-09-2026 00:29:33 [38;5;015m[INFO]: [0mThis is a info message from thread 2418-09-2026 00:29:33 [38;5;117m[DEBUG]: [0mThis is a debug message from thread 2118-09-2026 00:29:33 [38;5;009m[ERROR]: [0mThis is a error message from thread 2418-09-2026 00:29:33 [38;5;117m[DEBUG]: [0mThis is a debug message from thread 1218-09-2026 00:29:33 [38;5;015m[INFO]: [0mThis is a info message from thread 618-09-2026 00:29:33 [38;5;117m[DEBUG]: [0mThis is a debug message from thread 1318-09-2026 00:29:33 [38;5;015m[INFO]: [0mThis is a info message from thread 518-09-2026 00:29:33 [38;5;015m[INFO]: [0mThis is a info message from thread 2118-09-2026 00:29:33 [38;5;009m[ERROR]: [0mThis is a error message from thread 2618-09-2026 00:29:33 [38;5;117m[DEBUG]: [0mThis is a debug message from thread 418-09-2026 00:29:33 [38;5;117m[DEBUG]: [0mThis is a debug message from thread 718-09-2026 00:29:33 [38;5;009m[ERROR]: [0mThis is a error message from thread 2118-09-2026 00:29:33 [38;5;015m[INFO]: [0mThis is a info message from thread 418-09-2026 00:29:33 [38;5;015m[INFO]: [0mThis is a info message from thread 1018-09-2026 00:29:33 [38;5;015m[INFO]: [0mThis is a info message from thread 1218-09-2026 00:29:33 [38;5;117m[DEBUG]: [0mThis is a debug message from thread 2118-09-2026 00:29:33 [38;5;009m[ERROR]: [0mThis is a error message from thread 1018-09-2026 00:29:33 [38;5;009m[ERROR]: [0mThis is a error message from thread 418-09-2026 00:29:33 [38;5;117m[DEBUG]: [0mThis is a debug message from thread 2618-09-2026 00:29:33 [38;5;015m[INFO]: [0mThis is a info message from thread 1918-09-2026 00:29:33 [38;5;015m[INFO]: [0mThis is a info message from thread 2618-09-2026 00:29:33 [38;5;015m[INFO]: [0mThis is a info message from thread 1318-09-2026 00:29:33 [38;5;009m[ERROR]: [0mThis is a error message from thread 1918-09-2026 00:29:33 [38;5;009m[ERROR]: [0mThis is a error message from thread 1318-09-2026 00:29:33 [38;5;009m[ERROR]: [0mThis is a error message from thread 2618-09-2026 00:29:33 [38;5;117m[DEBUG]: [0mThis is a debug message from thread 818-09-2026 00:29:33 [38;5;117m[DEBUG]: [0mThis is a debug message from thread 2718-09-2026 00:29:33 [38;5;117m[DEBUG]: [0mThis is a debug message from thread 318-09-2026 00:29:33 [38;5;117m[DEBUG]: [0mThis is a debug message from thread 2518-09-2026 00:29:33 [38;5;015m[INFO]: [0mThis is a info message from thread 818-09-2026 00:29:33 [38;5;009m[ERROR]: [0mThis is a error message from thread 2018-09-2026 00:29:33 [38;5;009m[ERROR]: [0mThis is a error message from thread 518-09-2026 00:29:33 [38;5;117m[DEBUG]: [0mThis is a debug message from thread 118-09-2026 00:29:33 [38;5;117m[DEBUG]: [0mThis is a debug message from thread 1418-09-2026 00:29:33 [38;5;117m[DEBUG]: [0mThis is a debug message from thread 2018-09-2026 00:29:33 [38;5;009m[ERROR]: [0mThis is a error message from thread 1718-09-2026 00:29:33 [38;5;117m[DEBUG]: [0mThis is a debug message from thread 1818-09-2026 00:29:33 [38;5;015m[INFO]: [0mThis is a info message from thread 1118-09-2026 00:29:33 [38;5;015m[INFO]: [0mThis is a info message from thread 1418-09-2026 00:29:33 [38;5;015m[INFO]: [0mThis is a info message from thread 218-09-2026 00:29:33 [38;5;009m[ERROR]: [0mThis is a error message from thread 2818-09-2026 00:29:33 [38;5;117m[DEBUG]: [0mThis is a debug message from thread 018-09-2026 00:29:33 [38;5;117m[DEBUG]: [0mThis is a debug message from thread 2618-09-2026 00:29:33 [38;5;015m[INFO]: [0mThis is a info message from thread 318-09-2026 00:29:33 [38;5;015m[INFO]: [0mThis is a info message from thread 2018-09-2026 00:29:33 [38;5;015m[INFO]: [0mThis is a info message from thread 118-09-2026 00:29:33 [38;5;009m[ERROR]: [0mThis is a error message from thread 218-09-2026 00:29:33 [38;5;009m[ERROR]: [0mThis is a error message from thread 1418-09-2026 00:29:33 [38;5;015m[INFO]: [0mThis is a info message from thread 2718-09-2026 00:29:33 [38;5;015m[INFO]: [0mThis is a info message from thread 1818-09-2026 00:29:33 [38;5;015m[INFO]: [0mThis is a info message from thread 718-09-2026 00:29:33 [38;5;117m[DEBUG]: [0mThis is a debug message from thread 2818-09-2026 00:29:33 [38;5;117m[DEBUG]: [0mThis is a debug message from thread 218-09-2026 00:29:33 [38;5;009m[ERROR]: [0mThis is a error message from thread 1218-09-2026 00:29:33 [38;5;117m[DEBUG]: [0mThis is a debug message from thread 418-09-2026 00:29:33 [38;5;015m[INFO]: [0mThis is a info message from thread 2518-09-2026 00:29:33 [38;5;117m[DEBUG]: [0mThis is a debug message from thread 1318-09-2026 00:29:33 [38;5;009m[ERROR]: [0mThis is a error message from thread 1118-09-2026 00:29:33 [38;5;117m[DEBUG]: [0mThis is a debug message from thread 518-09-2026 00:29:33 [38;5;015m[INFO]: [0mThis is a info message from thread 1618-09-2026 00:29:33 [38;5;009m[ERROR]: [0mThis is a error message from thread 2718-09-2026 00:29:33 [38;5;009m[ERROR]: [0mThis is a error message from thread 1818-09-2026 00:29:33 [38;5;009m[ERROR]: [0mThis is a error message from thread 118-09-2026 00:29:33 [38;5;015m[INFO]: [0mThis is a info message from thread 2618-09-2026 00:29:33 [38;5;015m[INFO]: [0mThis is a info message from thread 218-09-2026 00:29:33 [38;5;117m[DEBUG]: [0mThis is a debug message from thread 118-09-2026 00:29:33 [38;5;117m[DEBUG]: [0mThis is a debug message from thread 2418-09-2026 00:29:33 [38;5;009m[ERROR]: [0mThis is a error message from thread 1618-09-2026 00:29:33 [38;5;117m[DEBUG]: [0mThis is a debug message from thread 1818-09-2026 00:29:33 [38;5;117m[DEBUG]: [0mThis is a debug message from thread 1418-09-2026 00:29:33 [38;5;009m[ERROR]: [0mThis is a error message from thread 2018-09-2026 00:29:33 [38;5;117m[DEBUG]: [0mThis is a debug message from thread 2218-09-2026 00:29:33 [38;5;009m[ERROR]: [0mThis is a error message from thread 318-09-2026 00:29:33 [38;5;009m[ERROR]: [0mThis is a error message from thread 218-09-2026 00:29:33 [38;5;117m[DEBUG]: [0mThis is a debug message from thread 1918-09-2026 00:29:33 [38;5;117m[DEBUG]: [0mThis is a debug message from thread 1518-09-2026 00:29:33 [38;5;015m[INFO]: [0mThis is a info message from thread 2918-09-2026 00:29:33 [38;5;015m[INFO]: [0mThis is a info message from thread 1418-09-2026 00:29:33 [38;5;117m[DEBUG]: [0mThis is a debug message from thread 1618-09-2026 00:29:33 [38;5;009m[ERROR]: [0mThis is a error message from thread 818-09-2026 00:29:33 [38;5;015m[INFO]: [0mThis is a info message from thread 1918-09-2026 00:29:33 [38;5;015m[INFO]: [0mThis is a info message from thread 018-09-2026 00:29:33 [38;5;015m[INFO]: [0mThis is a info message from thread 1618-09-2026 00:29:33 [38;5;117m[DEBUG]: [0mThis is a debug message from thread 1218-09-2026 00:29:33 [38;5;117m[DEBUG]: [0mThis is a debug message from thread 218-09-2026 00:29:33 [38;5;009m[ERROR]: [0mThis is a error message from thread 1418-09-2026 00:29:33 [38;5;117m[DEBUG]: [0mThis is a debug message from thread 918-09-2026 00:29:33 [38;5;009m[ERROR]: [0mThis is a error message from thread 2918-09-2026 00:29:33 [38;5;117m[DEBUG]: [0mThis is a debug message from thread 818-09-2026 00:29:33 [38;5;015m[INFO]: [0mThis is a info message from thread 1818-09-2026 00:29:33 [38;5;015m[INFO]: [0mThis is a info message from thread 818-09-2026 00:29:33 [38;5;015m[INFO]: [0mThis is a info message from thread 2818-09-2026 00:29:33 [38;5;117m[DEBUG]: [0mThis is a debug message from thread 1718-09-2026 00:29:33 [38;5;009m[ERROR]: [0mThis is a error message from thread 2318-09-2026 00:29:33 [38;5;117m[DEBUG]: [0mThis is a debug message from thread 2918-09-2026 00:29:33 [38;5;117m[DEBUG]: [0mThis is a debug message from thread 2318-09-2026 00:29:33 [38;5;009m[ERROR]: [0mThis is a error message from thread 2818-09-2026 00:29:33 [38;5;117m[DEBUG]: [0mThis is a debug message from thread 1418-09-2026 00:29:33 [38;5;015m[INFO]: [0mThis is a info message from thread 1318-09-2026 00:29:33 [38;5;117m[DEBUG]: [0mThis is a debug message from thread 2818-09-2026 00:29:33 [38;5;015m[INFO]: [0mThis is a info message from thread 918-09-2026 00:29:33 [38;5;117m[DEBUG]: [0mThis is a debug message from thread 318-09-2026 00:29:33 [38;5;117m[DEBUG]: [0mThis is a debug message from thread 2718-09-2026 00:29:33 [38;5;117m[DEBUG]: [0mThis is a debug message from thread 1018-09-2026 00:29:33 [38;5;015m[INFO]: [0mThis is a info message from thread 2118-09-2026 00:29:33 [38;5;015m[INFO]: [0mThis is a info message from thread 218-09-2026 00:29:33 [38;5;015m[INFO]: [0mThis is a info message from thread 2918-09-2026 00:29:33 [38;5;015m[INFO]: [0mThis is a info message from thread 2818-09-2026 00:29:33 [38;5;015m[INFO]: [0mThis is a info message from thread 1218-09-2026 00:29:33 [38;5;009m[ERROR]: [0mThis is a error message from thread 1818-09-2026 00:29:33 [38;5;009m[ERROR]: [0mThis is a error message from thread 2518-09-2026 00:29:33 [38;5;009m[ERROR]: [0mThis is a error message from thread 718-09-2026 00:29:33 [38;5;117m[DEBUG]: [0mThis is a debug message from thread 718-09-2026 00:29:33 [38;5;117m[DEBUG]: [0mThis is a debug message from thread 2018-09-2026 00:29:33 [38;5;015m[INFO]: [0mThis is a info message from thread 1418-09-2026 00:29:33 [38;5;009m[ERROR]: [0mThis is a error message from thread 018-09-2026 00:29:33 [38;5;009m[ERROR]: [0mThis is a error message from thread 918-09-2026 00:29:33 [38;5;015m[INFO]: [0mThis is a info message from thread 2418-09-2026 00:29:33 [38;5;117m[DEBUG]: [0mThis is a debug message from thread 1118-09-2026 00:29:33 [38;5;117m[DEBUG]: [0mThis is a debug message from thread 918-09-2026 00:29:33 [38;5;009m[ERROR]: [0mThis is a error message from thread 1318-09-2026 00:29:33 [38;5;009m[ERROR]: [0mThis is a error message from thread 2818-09-2026 00:29:33 [38;5;015m[INFO]: [0mThis is a info message from thread 718-09-2026 00:29:33 [38;5;117m[DEBUG]: [0mThis is a debug message from thread 1818-09-2026 00:29:33 [38;5;015m[INFO]: [0mThis is a info message from thread 1118-09-2026 00:29:33 [38;5;015m[INFO]: [0mThis is a info message from thread 1818-09-2026 00:29:33 [38;5;117m[DEBUG]: [0mThis is a debug message from thread 2818-09-2026 00:29:33 [38;5;015m[INFO]: [0mThis is a info message from thread 318-09-2026 00:29:33 [38;5;009m[ERROR]: [0mThis is a error message from thread 1418-09-2026 00:29:33 [38;5;117m[DEBUG]: [0mThis is a debug message from thread 2518-09-2026 00:29:33 [38;5;015m[INFO]: [0mThis is a info message from thread 2018-09-2026 00:29:33 [38;5;009m[ERROR]: [0mThis is a error message from thread 1818-09-2026 00:29:33 [38;5;117m[DEBUG]: [0mThis is a debug message from thread 1818-09-2026 00:29:33 [38;5;009m[ERROR]: [0mThis is a error message from thread 2418-09-2026 00:29:33 [38;5;015m[INFO]: [0mThis is a info message from thread 2518-09-2026 00:29:33 [38;5;009m[ERROR]: [0mThis is a error message from thread 2918-09-2026 00:29:33 [38;5;117m[DEBUG]: [0mThis is a debug message from thread 2918-09-2026 00:29:33 [38;5;009m[ERROR]: [0mThis is a error message from thread 218-09-2026 00:29:33 [38;5;015m[INFO]: [0mThis is a info message from thread 118-09-2026 00:29:33 [38;5;015m[INFO]: [0mThis is a info message from thread 418-09-2026 00:29:33 [38;5;015m[INFO]: [0mThis is a info message from thread 918-09-2026 00:29:33 [38;5;009m[ERROR]: [0mThis is a error message from thread 1618-09-2026 00:29:33 [38;5;009m[ERROR]: [0mThis is a error message from thread 918-09-2026 00:29:33 [38;5;009m[ERROR]: [0mThis is a error message from thread 418-09-2026 00:29:33 [38;5;117m[DEBUG]: [0mThis is a debug message from thread 1418-09-2026 00:29:33 [38;5;009m[ERROR]: [0mThis is a error message from thread 1918-09-2026 00:29:33 [38;5;015m[INFO]: [0mThis is a info message from thread 1418-09-2026 00:29:33 [38;5;015m[INFO]: [0mThis is a info message from thread 2218-09-2026 00:29:33 [38;5;117m[DEBUG]: [0mThis is a debug message from thread 1618-09-2026 00:29:33 [38;5;009m[ERROR]: [0mThis is a error message from thread 2518-09-2026 00:29:33 [38;5;117m[DEBUG]: [0mThis is a debug message from thread 2418-09-2026 00:29:33 [38;5;015m[INFO]: [0mThis is a info message from thread 1518-09-2026 00:29:33 [38;5;015m[INFO]: [0mThis is a info message from thread 1718-09-2026 00:29:33 [38;5;009m[ERROR]: [0mThis is a error message from thread 318-09-2026 00:29:33 [38;5;009m[ERROR]: [0mThis is a error message from thread 1218-09-2026 00:29:33 [38;5;015m[INFO]: [0mThis is a info message from thread 1818-09-2026 00:29:33 [38;5;015m[INFO]: [0mThis is a info message from thread 2918-09-2026 00:29:33 [38;5;117m[DEBUG]: [0mThis is a debug message from thread 418-09-2026 00:29:33 [38;5;009m[ERROR]: [0mThis is a error message from thread 1718-09-2026 00:29:33 [38;5;009m[ERROR]: [0mThis is a error message from thread 718-09-2026 00:29:33 [38;5;009m[ERROR]: [0mThis is a error message from thread 1818-09-2026 00:29:33 [38;5;117m[DEBUG]: [0mThis is a debug message from thread 2518-09-2026 00:29:33 [38;5;015m[INFO]: [0mThis is a info message from thread 2818-09-2026 00:29:33 [38;5;009m[ERROR]: [0mThis is a error message from thread 818-09-2026 00:29:33 [38;5;009m[ERROR]: [0mThis is a error message from thread 2918-09-2026 00:29:33 [38;5;009m[ERROR]: [0mThis is a error message from thread 2018-09-2026 00:29:33 [38;5;015m[INFO]: [0mThis is a info message from thread 418-09-2026 00:29:33 [38;5;009m[ERROR]: [0mThis is a error message from thread 118-09-2026 00:29:33 [38;5;117m[DEBUG]: [0mThis is a debug message from thread 1918-09-2026 00:29:33 [38;5;015m[INFO]: [0mThis is a info message from thread 518-09-2026 00:29:33 [38;5;117m[DEBUG]: [0mThis is a debug message from thread 1818-09-2026 00:29:33 [38;5;117m[DEBUG]: [0mThis is a debug message from thread 818-09-2026 00:29:33 [38;5;009m[ERROR]: [0mThis is a error message from thread 2118-09-2026 00:29:33 [38;5;015m[INFO]: [0mThis is a info message from thread 1018-09-2026 00:29:33 [38;5;009m[ERROR]: [0mThis is a error message from thread 618-09-2026 00:29:33 [38;5;117m[DEBUG]: [0mThis is a debug message from thread 218-09-2026 00:29:33 [38;5;015m[INFO]: [0mThis is a info message from thread 2718-09-2026 00:29:33 [38;5;117m[DEBUG]: [0mThis is a debug message from thread 018-09-2026 00:29:33 [38;5;015m[INFO]: [0mThis is a info message from thread 1818-09-2026 00:29:33 [38;5;009m[ERROR]: [0mThis is a error message from thread 2718-09-2026 00:29:33 [38;5;117m[DEBUG]: [0mThis is a debug message from thread 918-09-2026 00:29:33 [38;5;117m[DEBUG]: [0mThis is a debug message from thread 1318-09-2026 00:29:33 [38;5;117m[DEBUG]: [0mThis is a debug message from thread 718-09-2026 00:29:33 [38;5;117m[DEBUG]: [0mThis is a debug message from thread 618-09-2026 00:29:33 [38;5;117m[DEBUG]: [0mThis is a debug message from thread 2118-09-2026 00:29:33 [38;5;015m[INFO]: [0mThis is a info message from thread 2318-09-2026 00:29:33 [38;5;009m[ERROR]: [0mThis is a error message from thread 518-09-2026 00:29:33 [38;5;009m[ERROR]: [0mThis is a error message from thread 1818-09-2026 00:29:33 [38;5;117m[DEBUG]: [0mThis is a debug message from thread 1718-09-2026 00:29:33 [38;5;015m[INFO]: [0mThis is a info message from thread 1918-09-2026 00:29:33 [38;5;009m[ERROR]: [0mThis is a error message from thread 2818-09-2026 00:29:33 [38;5;009m[ERROR]: [0mThis is a error message from thread 1518-09-2026 00:29:33 [38;5;015m[INFO]: [0mThis is a info message from thread 918-09-2026 00:29:33 [38;5;015m[INFO]: [0mThis is a info message from thread 1318-09-2026 00:29:33 [38;5;009m[ERROR]: [0mThis is a error message from thread 1418-09-2026 00:29:33 [38;5;009m[ERROR]: [0mThis is a error message from thread 2318-09-2026 00:29:33 [38;5;009m[ERROR]: [0mThis is a error message from thread 1318-09-2026 00:29:33 [38;5;015m[INFO]: [0mThis is a info message from thread 1618-09-2026 00:29:33 [38;5;009m[ERROR]: [0mThis is a error message from thread 1118-09-2026 00:29:33 [38;5;015m[INFO]: [0mThis is a info message from thread 618-09-2026 00:29:33 [38;5;117m[DEBUG]: [0mThis is a debug message from thread 2818-09-2026 00:29:33 [38;5;009m[ERROR]: [0mThis is a error message from thread 1618-09-2026 00:29:33 [38;5;117m[DEBUG]: [0mThis is a debug message from thread 1818-09-2026 00:29:33 [38;5;009m[ERROR]: [0mThis is a error message from thread 1018-09-2026 00:29:33 [38;5;009m[ERROR]: [0mThis is a error message from thread 2618-09-2026 00:29:33 [38;5;117m[DEBUG]: [0mThis is a debug message from thread 1118-09-2026 00:29:33 [38;5;015m[INFO]: [0mThis is a info message from thread 818-09-2026 00:29:33 [38;5;117m[DEBUG]: [0mThis is a debug message from thread 1618-09-2026 00:29:33 [38;5;117m[DEBUG]: [0mThis is a debug message from thread 318-09-2026 00:29:33 [38;5;117m[DEBUG]: [0mThis is a debug message from thread 2618-09-2026 00:29:33 [38;5;009m[ERROR]: [0mThis is a error message from thread 618-09-2026 00:29:33 [38;5;015m[INFO]: [0mThis is a info message from thread 2118-09-2026 00:29:33 [38;5;015m[INFO]: [0mThis is a info message from thread 2618-09-2026 00:29:33 [38;5;117m[DEBUG]: [0mThis is a debug message from thread 518-09-2026 00:29:33 [38;5;015m[INFO]: [0mThis is a info message from thread 718-09-2026 00:29:33 [38;5;015m[INFO]: [0mThis is a info message from thread 018-09-2026 00:29:33 [38;5;009m[ERROR]: [0mThis is a error message from thread 2118-09-2026 00:29:33 [38;5;117m[DEBUG]: [0mThis is a debug message from thread 1318-09-2026 00:29:33 [38;5;009m[ERROR]: [0mThis is a error message from thread 818-09-2026 00:29:33 [38;5;015m[INFO]: [0mThis is a info message from thread 218-09-2026 00:29:33 [38;5;009m[ERROR]: [0mThis is a error message from thread 918-09-2026 00:29:33 [38;5;117m[DEBUG]: [0mThis is a debug message from thread 2118-09-2026 00:29:33 [38;5;009m[ERROR]: [0mThis is a error message from thread 218-09-2026 00:29:33 [38;5;015m[INFO]: [0mThis is a info message from thread 2118-09-2026 00:29:33 [38;5;015m[INFO]: [0mThis is a info message from thread 318-09-2026 00:29:33 [38;5;117m[DEBUG]: [0mThis is a debug message from thread 918-09-2026 00:29:33 [38;5;117m[DEBUG]: [0mThis is a debug message from thread 2018-09-2026 00:29:33 [38;5;117m[DEBUG]: [0mThis is a debug message from thread 2718-09-2026 00:29:33 [38;5;009m[ERROR]: [0mThis is a error message from thread 2618-09-2026 00:29:33 [38;5;117m[DEBUG]: [0mThis is a debug message from thread 1518-09-2026 00:29:33 [38;5;117m[DEBUG]: [0mThis is a debug message from thread 2918-09-2026 00:29:33 [38;5;015m[INFO]: [0mThis is a info message from thread 1318-09-2026 00:29:33 [38;5;015m[INFO]: [0mThis is a info message from thread 918-09-2026 00:29:33 [38;5;015m[INFO]: [0mThis is a info message from thread 2418-09-2026 00:29:33 [38;5;117m[DEBUG]: [0mThis is a debug message from thread 2318-09-2026 00:29:33 [38;5;015m[INFO]: [0mThis is a info message from thread 2718-09-2026 00:29:33 [38;5;009m[ERROR]: [0mThis is a error message from thread 2218-09-2026 00:29:33 [38;5;117m[DEBUG]: [0mThis is a debug message from thread 1218-09-2026 00:29:33 [38;5;009m[ERROR]: [0mThis is a error message from thread 2418-09-2026 00:29:33 [38;5;015m[INFO]: [0mThis is a info message from thread 2818-09-2026 00:29:33 [38;5;015m[INFO]: [0mThis is a info message from thread 2918-09-2026 00:29:33 [38;5;009m[ERROR]: [0mThis is a error message from thread 918-09-2026 00:29:33 [38;5;117m[DEBUG]: [0mThis is a debug message from thread 818-09-2026 00:29:33 [38;5;015m[INFO]: [0mThis is a info message from thread 818-09-2026 00:29:33 [38;5;117m[DEBUG]: [0mThis is a debug message from thread 918-09-2026 00:29:33 [38;5;117m[DEBUG]: [0mThis is a debug message from thread 2218-09-2026 00:29:33 [38;5;009m[ERROR]: [0mThis is a error message from thread 418-09-2026 00:29:33 [38;5;015m[INFO]: [0mThis is a info message from thread 1718-09-2026 00:29:33 [38;5;009m[ERROR]: [0mThis is a error message from thread 1718-09-2026 00:29:33 [38;5;117m[DEBUG]: [0mThis is a debug message from thread 1718-09-2026 00:29:33 [38;5;009m[ERROR]: [0mThis is a error message from thread 2918-09-2026 00:29:33 [38;5;015m[INFO]: [0mThis is a info message from thread 1618-09-2026 00:29:33 [38;5;117m[DEBUG]: [0mThis is a debug message from thread 2918-09-2026 00:29:33 [38;5;015m[INFO]: [0mThis is a info message from thread 1718-09-2026 00:29:33 [38;5;015m[INFO]: [0mThis is a info message from thread 2218-09-2026 00:29:33 [38;5;117m[DEBUG]: [0mThis is a debug message from thread 618-09-2026 00:29:33 [38;5;015m[INFO]: [0mThis is a info message from thread 618-09-2026 00:29:33 [38;5;009m[ERROR]: [0mThis is a error message from thread 1718-09-2026 00:29:33 [38;5;009m[ERROR]: [0mThis is a error message from thread 2818-09-2026 00:29:33 [38;5;009m[ERROR]: [0mThis is a error message from thread 1918-09-2026 00:29:33 [38;5;117m[DEBUG]: [0mThis is a debug message from thread 2418-09-2026 00:29:33 [38;5;009m[ERROR]: [0mThis is a error message from thread 2118-09-2026 00:29:33 [38;5;009m[ERROR]: [0mThis is a error message from thread 2218-09-2026 00:29:33 [38;5;117m[DEBUG]: [0mThis is a debug message from thread 218-09-2026 00:29:33 [38;5;117m[DEBUG]: [0mThis is a debug message from thread 418-09-2026 00:29:33 [38;5;015m[INFO]: [0mThis is a info message from thread 2318-09-2026 00:29:33 [38;5;015m[INFO]: [0mThis is a info message from thread 1518-09-2026 00:29:33 [38;5;009m[ERROR]: [0mThis is a error message from thread 018-09-2026 00:29:33 [38;5;015m[INFO]: [0mThis is a info message from thread 2518-09-2026 00:29:33 [38;5;009m[ERROR]: [0mThis is a error message from thread 2718-09-2026 00:29:33 [38;5;015m[INFO]: [0mThis is a info message from thread 1118-09-2026 00:29:33 [38;5;117m[DEBUG]: [0mThis is a debug message from thread 1918-09-2026 00:29:33 [38;5;015m[INFO]: [0mThis is a info message from thread 518-09-2026 00:29:33 [38;5;015m[INFO]: [0mThis is a info message from thread 218-09-2026 00:29:33 [38;5;015m[INFO]: [0mThis is a info message from thread 2418-09-2026 00:29:33 [38;5;117m[DEBUG]: [0mThis is a debug message from thread 2718-09-2026 00:29:33 [38;5;117m[DEBUG]: [0mThis is a debug message from thread 2218-09-2026 00:29:33 [38;5;009m[ERROR]: [0mThis is a error message from thread 318-09-2026 00:29:33 [38;5;015m[INFO]: [0mThis is a info message from thread 2018-09-2026 00:29:33 [38;5;009m[ERROR]: [0mThis is a error message from thread 218-09-2026 00:29:33 [38;5;117m[DEBUG]: [0mThis is a debug message from thread 1418-09-2026 00:29:33 [38;5;009m[ERROR]: [0mThis is a error message from thread 1318-09-2026 00:29:33 [38;5;015m[INFO]: [0mThis is a info message from thread 918-09-2026 00:29:33 [38;5;009m[ERROR]: [0mThis is a error message from thread 518-09-2026 00:29:33 [38;5;015m[INFO]: [0mThis is a info message from thread 2918-09-2026 00:29:33 [38;5;117m[DEBUG]: [0mThis is a debug message from thread 318-09-2026 00:29:33 [38;5;009m[ERROR]: [0mThis is a error message from thread 1118-09-2026 00:29:33 [38;5;015m[INFO]: [0mThis is a info message from thread 2218-09-2026 00:29:33 [38;5;015m[INFO]: [0mThis is a info message from thread 1418-09-2026 00:29:33 [38;5;009m[ERROR]: [0mThis is a error message from thread 2418-09-2026 00:29:33 [38;5;009m[ERROR]: [0mThis is a error message from thread 2318-09-2026 00:29:33 [38;5;117m[DEBUG]: [0mThis is a debug message from thread 118-09-2026 00:29:33 [38;5;009m[ERROR]: [0mThis is a error message from thread 718-09-2026 00:29:33 [38;5;015m[INFO]: [0mThis is a info message from thread 318-09-2026 00:29:33 [38;5;117m[DEBUG]: [0mThis is a debug message from thread 2318-09-2026 00:29:33 [38;5;009m[ERROR]: [0mThis is a error message from thread 2218-09-2026 00:29:33 [38;5;117m[DEBUG]: [0mThis is a debug message from thread 2418-09-2026 00:29:33 [38;5;117m[DEBUG]: [0mThis is a debug message from thread 718-09-2026 00:29:33 [38;5;015m[INFO]: [0mThis is a info message from thread 118-09-2026 00:29:33 [38;5;015m[INFO]: [0mThis is a info message from thread 1918-09-2026 00:29:33 [38;5;117m[DEBUG]: [0mThis is a debug message from thread 1118-09-2026 00:29:33 [38;5;009m[ERROR]: [0mThis is a error message from thread 118-09-2026 00:29:33 [38;5;009m[ERROR]: [0mThis is a error message from thread 918-09-2026 00:29:33 [38;5;015m[INFO]: [0mThis is a info message from thread 418-09-2026 00:29:33 [38;5;015m[INFO]: [0mThis is a info message from thread 2318-09-2026 00:29:33 [38;5;009m[ERROR]: [0mThis is a error message from thread 618-09-2026 00:29:33 [38;5;009m[ERROR]: [0mThis is a error message from thread 2318-09-2026 00:29:33 [38;5;009m[ERROR]: [0mThis is a error message from thread 818-09-2026 00:29:33 [38;5;015m[INFO]: [0mThis is a info message from thread 1118-09-2026 00:29:33 [38;5;117m[DEBUG]: [0mThis is a debug message from thread 818-09-2026 00:29:33 [38;5;015m[INFO]: [0mThis is a info message from thread 718-09-2026 00:29:33 [38;5;117m[DEBUG]: [0mThis is a debug message from thread 2318-09-2026 00:29:33 [38;5;117m[DEBUG]: [0mThis is a debug message from thread 2218-09-2026 00:29:33 [38;5;015m[INFO]: [0mThis is a info message from thread 2318-09-2026 00:29:33 [38;5;009m[ERROR]: [0mThis is a error message from thread 1118-09-2026 00:29:33 [38;5;015m[INFO]: [0mThis is a info message from thread 2418-09-2026 00:29:33 [38;5;117m[DEBUG]: [0mThis is a debug message from thread 1318-09-2026 00:29:33 [38;5;117m[DEBUG]: [0mThis is a debug message from thread 1018-09-2026 00:29:33 [38;5;009m[ERROR]: [0mThis is a error message from thread 2518-09-2026 00:29:33 [38;5;117m[DEBUG]: [0mThis is a debug message from thread 918-09-2026 00:29:33 [38;5;009m[ERROR]: [0mThis is a error message from thread 1418-09-2026 00:29:33 [38;5;117m[DEBUG]: [0mThis is a debug message from thread 518-09-2026 00:29:33 [38;5;009m[ERROR]: [0mThis is a error message from thread 2318-09-2026 00:29:33 [38;5;015m[INFO]: [0mThis is a info message from thread 1018-09-2026 00:29:33 [38;5;015m[INFO]: [0mThis is a info message from thread 518-09-2026 00:29:33 [38;5;009m[ERROR]: [0mThis is a error message from thread 2918-09-2026 00:29:33 [38;5;015m[INFO]: [0mThis is a info message from thread 1318-09-2026 00:29:33 [38;5;009m[ERROR]: [0mThis is a error message from thread 1618-09-2026 00:29:33 [38;5;009m[ERROR]: [0mThis is a error message from thread 1018-09-2026 00:29:33 [38;5;117m[DEBUG]: [0mThis is a debug message from thread 2318-09-2026 00:29:33 [38;5;009m[ERROR]: [0mThis is a error message from thread 2418-09-2026 00:29:33 [38;5;117m[DEBUG]: [0mThis is a debug message from thread 1418-09-2026 00:29:33 [38;5;009m[ERROR]: [0mThis is a error message from thread 318-09-2026 00:29:33 [38;5;009m[ERROR]: [0mThis is a error message from thread 1518-09-2026 00:29:33 [38;5;117m[DEBUG]: [0mThis is a debug message from thread 1018-09-2026 00:29:33 [38;5;117m[DEBUG]: [0mThis is a debug message from thread 2518-09-2026 00:29:33 [38;5;015m[INFO]: [0mThis is a info message from thread 2318-09-2026 00:29:33 [38;5;015m[INFO]: [0mThis is a info message from thread 918-09-2026 00:29:33 [38;5;015m[INFO]: [0mThis is a info message from thread 818-09-2026 00:29:33 [38;5;117m[DEBUG]: [0mThis is a debug message from thread 318-09-2026 00:29:33 [38;5;009m[ERROR]: [0mThis is a error message from thread 1318-09-2026 00:29:33 [38;5;009m[ERROR]: [0mThis is a error message from thread 418-09-2026 00:29:33 [38;5;117m[DEBUG]: [0mThis is a debug message from thread 018-09-2026 00:29:33 [38;5;015m[INFO]: [0mThis is a info message from thread 2518-09-2026 00:29:33 [38;5;117m[DEBUG]: [0mThis is a debug message from thread 2418-09-2026 00:29:33 [38;5;117m[DEBUG]: [0mThis is a debug message from thread 418-09-2026 00:29:33 [38;5;117m[DEBUG]: [0mThis is a debug message from thread 2918-09-2026 00:29:33 [38;5;015m[INFO]: [0mThis is a info message from thread 1418-09-2026 00:29:33 [38;5;015m[INFO]: [0mThis is a info message from thread 1018-09-2026 00:29:33 [38;5;009m[ERROR]: [0mThis is a error message from thread 2318-09-2026 00:29:33 [38;5;015m[INFO]: [0mThis is a info message from thread 418-09-2026 00:29:33 [38;5;015m[INFO]: [0mThis is a info message from thread 2418-09-2026 00:29:33 [38;5;117m[DEBUG]: [0mThis is a debug message from thread 1318-09-2026 00:29:33 [38;5;117m[DEBUG]: [0mThis is a debug message from thread 2318-09-2026 00:29:33 [38;5;009m[ERROR]: [0mThis is a error message from thread 818-09-2026 00:29:33 [38;5;117m[DEBUG]: [0mThis is a debug message from thread 2818-09-2026 00:29:33 [38;5;009m[ERROR]: [0mThis is a error message from thread 2418-09-2026 00:29:33 [38;5;015m[INFO]: [0mThis is a info message from thread 2218-09-2026 00:29:33 [38;5;009m[ERROR]: [0mThis is a error message from thread 418-09-2026 00:29:33 [38;5;015m[INFO]: [0mThis is a info message from thread 018-09-2026 00:29:33 [38;5;009m[ERROR]: [0mThis is a error message from thread 2518-09-2026 00:29:33 [38;5;015m[INFO]: [0mThis is a info message from thread 1218-09-2026 00:29:33 [38;5;015m[INFO]: [0mThis is a info message from thread 318-09-2026 00:29:33 [38;5;117m[DEBUG]: [0mThis is a debug message from thread 1718-09-2026 00:29:33 [38;5;015m[INFO]: [0mThis is a info message from thread 2718-09-2026 00:29:33 [38;5;015m[INFO]: [0mThis is a info message from thread 2318-09-2026 00:29:33 [38;5;015m[INFO]: [0mThis is a info message from thread 2818-09-2026 00:29:33 [38;5;117m[DEBUG]: [0mThis is a debug message from thread 418-09-2026 00:29:33 [38;5;015m[INFO]: [0mThis is a info message from thread 418-09-2026 00:29:33 [38;5;009m[ERROR]: [0mThis is a error message from thread 018-09-2026 00:29:33 [38;5;117m[DEBUG]: [0mThis is a debug message from thread 2118-09-2026 00:29:33 [38;5;015m[INFO]: [0mThis is a info message from thread 2118-09-2026 00:29:33 [38;5;117m[DEBUG]: [0mThis is a debug message from thread 2418-09-2026 00:29:33 [38;5;015m[INFO]: [0mThis is a info message from thread 1318-09-2026 00:29:33 [38;5;009m[ERROR]: [0mThis is a error message from thread 2218-09-2026 00:29:33 [38;5;015m[INFO]: [0mThis is a info message from thread 2418-09-2026 00:29:33 [38;5;117m[DEBUG]: [0mThis is a debug message from thread 018-09-2026 00:29:33 [38;5;009m[ERROR]: [0mThis is a error message from thread 1218-09-2026 00:29:33 [38;5;117m[DEBUG]: [0mThis is a debug message from thread 2518-09-2026 00:29:33 [38;5;009m[ERROR]: [0mThis is a error message from thread 2418-09-2026 00:29:33 [38;5;009m[ERROR]: [0mThis is a error message from thread 2118-09-2026 00:29:33 [38;5;009m[ERROR]: [0mThis is a error message from thread 2718-09-2026 00:29:33 [38;5;009m[ERROR]: [0mThis is a error message from thread 1318-09-2026 00:29:33 [38;5;117m[DEBUG]: [0mThis is a debug message from thread 2418-09-2026 00:29:33 [38;5;015m[INFO]: [0mThis is a info message from thread 018-09-2026 00:29:33 [38;5;117m[DEBUG]: [0mThis is a debug message from thread 1218-09-2026 00:29:33 [38;5;015m[INFO]: [0mThis is a info message from thread 2418-09-2026 00:29:33 [38;5;009m[ERROR]: [0mThis is a error message from thread 2318-09-2026 00:29:33 [38;5;009m[ERROR]: [0mThis is a error message from thread 2418-09-2026 00:29:33 [38;5;009m[ERROR]: [0mThis is a error message from thread 418-09-2026 00:29:33 [38;5;117m[DEBUG]: [0mThis is a debug message from thread 2118-09-2026 00:29:33 [38;5;117m[DEBUG]: [0mThis is a debug message from thread 218-09-2026 00:29:33 [38;5;117m[DEBUG]: [0mThis is a debug message from thread 2418-09-2026 00:29:33 [38;5;009m[ERROR]: [0mThis is a error message from thread 2818-09-2026 00:29:33 [38;5;117m[DEBUG]: [0mThis is a debug message from thread 2718-09-2026 00:29:33 [38;5;117m[DEBUG]: [0mThis is a debug message from thread 1318-09-2026 00:29:33 [38;5;117m[DEBUG]: [0mThis is a debug message from thread 618-09-2026 00:29:33 [38;5;015m[INFO]: [0mThis is a info message from thread 2418-09-2026 00:29:33 [38;5;009m[ERROR]: [0mThis is a error message from thread 018-09-2026 00:29:33 [38;5;117m[DEBUG]: [0mThis is a debug message from thread 018-09-2026 00:29:33 [38;5;015m[INFO]: [0mThis is a info message from thread 018-09-2026 00:29:33 [38;5;015m[INFO]: [0mThis is a info message from thread 1318-09-2026 00:29:33 [38;5;009m[ERROR]: [0mThis is a error message from thread 018-09-2026 00:29:33 [38;5;117m[DEBUG]: [0mThis is a debug message from thread 2318-09-2026 00:29:33 [38;5;009m[ERROR]: [0mThis is a error message from thread 318-09-2026 00:29:33 [38;5;117m[DEBUG]: [0mThis is a debug message from thread 118-09-2026 00:29:33 [38;5;117m[DEBUG]: [0mThis is a debug message from thread 018-09-2026 00:29:33 [38;5;117m[DEBUG]: [0mThis is a debug message from thread 2218-09-2026 00:29:33 [38;5;009m[ERROR]: [0mThis is a error message from thread 2418-09-2026 00:29:33 [38;5;117m[DEBUG]: [0mThis is a debug message from thread 2818-09-2026 00:29:33 [38;5;015m[INFO]: [0mThis is a info message from thread 1718-09-2026 00:29:33 [38;5;015m[INFO]: [0mThis is a info message from thread 218-09-2026 00:29:33 [38;5;015m[INFO]: [0mThis is a info message from thread 2918-09-2026 00:29:33 [38;5;009m[ERROR]: [0mThis is a error message from thread 918-09-2026 00:29:33 [38;5;009m[ERROR]: [0mThis is a error message from thread 518-09-2026 00:29:33 [38;5;117m[DEBUG]: [0mThis is a debug message from thread 418-09-2026 00:29:33 [38;5;117m[DEBUG]: [0mThis is a debug message from thread 1118-09-2026 00:29:33 [38;5;009m[ERROR]: [0mThis is a error message from thread 1418-09-2026 00:29:33 [38;5;015m[INFO]: [0mThis is a info message from thread 2718-09-2026 00:29:33 [38;5;015m[INFO]: [0mThis is a info message from thread 2818-09-2026 00:29:33 [38;5;015m[INFO]: [0mThis is a info message from thread 018-09-2026 00:29:33 [38;5;015m[INFO]: [0mThis is a info message from thread 618-09-2026 00:29:33 [38;5;009m[ERROR]: [0mThis is a error message from thread 018-09-2026 00:29:33 [38;5;009m[ERROR]: [0mThis is a error message from thread 718-09-2026 00:29:33 [38;5;015m[INFO]: [0mThis is a info message from thread 1118-09-2026 00:29:33 [38;5;117m[DEBUG]: [0mThis is a debug message from thread 718-09-2026 00:29:33 [38;5;015m[INFO]: [0mThis is a info message from thread 718-09-2026 00:29:33 [38;5;009m[ERROR]: [0mThis is a error message from thread 218-09-2026 00:29:33 [38;5;009m[ERROR]: [0mThis is a error message from thread 1118-09-2026 00:29:33 [38;5;009m[ERROR]: [0mThis is a error message from thread 1718-09-2026 00:29:33 [38;5;117m[DEBUG]: [0mThis is a debug message from thread 018-09-2026 00:29:33 [38;5;009m[ERROR]: [0mThis is a error message from thread 718-09-2026 00:29:33 [38;5;009m[ERROR]: [0mThis is a error message from thread 2818-09-2026 00:29:33 [38;5;015m[INFO]: [0mThis is a info message from thread 418-09-2026 00:29:33 [38;5;117m[DEBUG]: [0mThis is a debug message from thread 1118-09-2026 00:29:33 [38;5;009m[ERROR]: [0mThis is a error message from thread 2718-09-2026 00:29:33 [38;5;117m[DEBUG]: [0mThis is a debug message from thread 518-09-2026 00:29:33 [38;5;117m[DEBUG]: [0mThis is a debug message from thread 218-09-2026 00:29:33 [38;5;015m[INFO]: [0mThis is a info message from thread 1118-09-2026 00:29:33 [38;5;117m[DEBUG]: [0mThis is a debug message from thread 918-09-2026 00:29:33 [38;5;117m[DEBUG]: [0mThis is a debug message from thread 2818-09-2026 00:29:33 [38;5;015m[INFO]: [0mThis is a info message from thread 2218-09-2026 00:29:33 [38;5;117m[DEBUG]: [0mThis is a debug message from thread 718-09-2026 00:29:33 [38;5;117m[DEBUG]: [0mThis is a debug message from thread 1418-09-2026 00:29:33 [38;5;009m[ERROR]: [0mThis is a error message from thread 1118-09-2026 00:29:33 [38;5;015m[INFO]: [0mThis is a info message from thread 918-09-2026 00:29:33 [38;5;117m[DEBUG]: [0mThis is a debug message from thread 2718-09-2026 00:29:33 [38;5;015m[INFO]: [0mThis is a info message from thread 718-09-2026 00:29:33 [38;5;117m[DEBUG]: [0mThis is a debug message from thread 2618-09-2026 00:29:33 [38;5;015m[INFO]: [0mThis is a info message from thread 018-09-2026 00:29:33 [38;5;009m[ERROR]: [0mThis is a error message from thread 418-09-2026 00:29:33 [38;5;009m[ERROR]: [0mThis is a error message from thread 2218-09-2026 00:29:33 [38;5;117m[DEBUG]: [0mThis is a debug message from thread 1118-09-2026 00:29:33 [38;5;009m[ERROR]: [0mThis is a error message from thread 918-09-2026 00:29:33 [38;5;015m[INFO]: [0mThis is a info message from thread 218-09-2026 00:29:33 [38;5;117m[DEBUG]: [0mThis is a debug message from thread 1518-09-2026 00:29:33 [38;5;015m[INFO]: [0mThis is a info message from thread 1418-09-2026 00:29:33 [38;5;117m[DEBUG]: [0mThis is a debug message from thread 1718-09-2026 00:29:33 [38;5;009m[ERROR]: [0mThis is a error message from thread 718-09-2026 00:29:33 [38;5;117m[DEBUG]: [0mThis is a debug message from thread 1618-09-2026 00:29:33 [38;5;009m[ERROR]: [0mThis is a error message from thread 1918-09-2026 00:29:33 [38;5;015m[INFO]: [0mThis is a info message from thread 2118-09-2026 00:29:33 [38;5;015m[INFO]: [0mThis is a info message from thread 1118-09-2026 00:29:33 [38;5;117m[DEBUG]: [0mThis is a debug message from thread 418-09-2026 00:29:33 [38;5;117m[DEBUG]: [0mThis is a debug message from thread 2218-09-2026 00:29:33 [38;5;009m[ERROR]: [0mThis is a error message from thread 618-09-2026 00:29:33 [38;5;015m[INFO]: [0mThis is a info message from thread 2218-09-2026 00:29:33 [38;5;117m[DEBUG]: [0mThis is a debug message from thread 2418-09-2026 00:29:33 [38;5;117m[DEBUG]: [0mThis is a debug message from thread 318-09-2026 00:29:33 [38;5;015m[INFO]: [0mThis is a info message from thread 1218-09-2026 00:29:33 [38;5;015m[INFO]: [0mThis is a info message from thread 418-09-2026 00:29:33 [38;5;117m[DEBUG]: [0mThis is a debug message from thread 918-09-2026 00:29:33 [38;5;015m[INFO]: [0mThis is a info message from thread 1518-09-2026 00:29:33 [38;5;009m[ERROR]: [0mThis is a error message from thread 2218-09-2026 00:29:33 [38;5;009m[ERROR]: [0mThis is a error message from thread 1118-09-2026 00:29:33 [38;5;009m[ERROR]: [0mThis is a error message from thread 1218-09-2026 00:29:33 [38;5;015m[INFO]: [0mThis is a info message from thread 118-09-2026 00:29:33 [38;5;009m[ERROR]: [0mThis is a error message from thread 018-09-2026 00:29:33 [38;5;015m[INFO]: [0mThis is a info message from thread 318-09-2026 00:29:33 [38;5;015m[INFO]: [0mThis is a info message from thread 918-09-2026 00:29:33 [38;5;009m[ERROR]: [0mThis is a error message from thread 418-09-2026 00:29:33 [38;5;015m[INFO]: [0mThis is a info message from thread 518-09-2026 00:29:33 [38;5;009m[ERROR]: [0mThis is a error message from thread 1018-09-2026 00:29:33 [38;5;117m[DEBUG]: [0mThis is a debug message from thread 018-09-2026 00:29:33 [38;5;117m[DEBUG]: [0mThis is a debug message from thread 1018-09-2026 00:29:33 [38;5;009m[ERROR]: [0mThis is a error message from thread 2118-09-2026 00:29:33 [38;5;117m[DEBUG]: [0mThis is a debug message from thread 1118-09-2026 00:29:33 [38;5;009m[ERROR]: [0mThis is a error message from thread 518-09-2026 00:29:33 [38;5;015m[INFO]: [0mThis is a info message from thread 1018-09-2026 00:29:33 [38;5;015m[INFO]: [0mThis is a info message from thread 018-09-2026 00:29:33 [38;5;117m[DEBUG]: [0mThis is a debug message from thread 2118-09-2026 00:29:33 [38;5;009m[ERROR]: [0mThis is a error message from thread 1418-09-2026 00:29:33 [38;5;009m[ERROR]: [0mThis is a error message from thread 218-09-2026 00:29:33 [38;5;117m[DEBUG]: [0mThis is a debug message from thread 2218-09-2026 00:29:33 [38;5;117m[DEBUG]: [0mThis is a debug message from thread 518-09-2026 00:29:33 [38;5;015m[INFO]: [0mThis is a info message from thread 1618-09-2026 00:29:33 [38;5;015m[INFO]: [0mThis is a info message from thread 2718-09-2026 00:29:33 [38;5;009m[ERROR]: [0mThis is a error message from thread 318-09-2026 00:29:33 [38;5;117m[DEBUG]: [0mThis is a debug message from thread 1918-09-2026 00:29:33 [38;5;009m[ERROR]: [0mThis is a error message from thread 1518-09-2026 00:29:33 [38;5;009m[ERROR]: [0mThis is a error message from thread 2718-09-2026 00:29:33 [38;5;117m[DEBUG]: [0mThis is a debug message from thread 718-09-2026 00:29:33 [38;5;015m[INFO]: [0mThis is a info message from thread 2618-09-2026 00:29:33 [38;5;015m[INFO]: [0mThis is a info message from thread 2218-09-2026 00:29:33 [38;5;009m[ERROR]: [0mThis is a error message from thread 1018-09-2026 00:29:33 [38;5;117m[DEBUG]: [0mThis is a debug message from thread 218-09-2026 00:29:33 [38;5;117m[DEBUG]: [0mThis is a debug message from thread 818-09-2026 00:29:33 [38;5;117m[DEBUG]: [0mThis is a debug message from thread 1518-09-2026 00:29:33 [38;5;117m[DEBUG]: [0mThis is a debug message from thread 318-09-2026 00:29:33 [38;5;117m[DEBUG]: [0mThis is a debug message from thread 618-09-2026 00:29:33 [38;5;117m[DEBUG]: [0mThis is a debug message from thread 1018-09-2026 00:29:33 [38;5;117m[DEBUG]: [0mThis is a debug message from thread 2718-09-2026 00:29:33 [38;5;009m[ERROR]: [0mThis is a error message from thread 1318-09-2026 00:29:33 [38;5;015m[INFO]: [0mThis is a info message from thread 2718-09-2026 00:29:33 [38;5;009m[ERROR]: [0mThis is a error message from thread 118-09-2026 00:29:33 [38;5;015m[INFO]: [0mThis is a info message from thread 218-09-2026 00:29:33 [38;5;117m[DEBUG]: [0mThis is a debug message from thread 118-09-2026 00:29:33 [38;5;009m[ERROR]: [0mThis is a error message from thread 2018-09-2026 00:29:33 [38;5;015m[INFO]: [0mThis is a info message from thread 2418-09-2026 00:29:33 [38;5;009m[ERROR]: [0mThis is a error message from thread 218-09-2026 00:29:33 [38;5;009m[ERROR]: [0mThis is a error message from thread 918-09-2026 00:29:33 [38;5;117m[DEBUG]: [0mThis is a debug message from thread 1418-09-2026 00:29:33 [38;5;009m[ERROR]: [0mThis is a error message from thread 2618-09-2026 00:29:33 [38;5;117m[DEBUG]: [0mThis is a debug message from thread 218-09-2026 00:29:33 [38;5;015m[INFO]: [0mThis is a info message from thread 1718-09-2026 00:29:33 [38;5;015m[INFO]: [0mThis is a info message from thread 518-09-2026 00:29:33 [38;5;015m[INFO]: [0mThis is a info message from thread 1918-09-2026 00:29:33 [38;5;009m[ERROR]: [0mThis is a error message from thread 1618-09-2026 00:29:33 [38;5;015m[INFO]: [0mThis is a info message from thread 2318-09-2026 00:29:33 [38;5;009m[ERROR]: [0mThis is a error message from thread 1918-09-2026 00:29:33 [38;5;015m[INFO]: [0mThis is a info message from thread 218-09-2026 00:29:33 [38;5;015m[INFO]: [0mThis is a info message from thread 1018-09-2026 00:29:33 [38;5;015m[INFO]: [0mThis is a info message from thread 718-09-2026 00:29:33 [38;5;015m[INFO]: [0mThis is a info message from thread 618-09-2026 00:29:33 [38;5;009m[ERROR]: [0mThis is a error message from thread 2218-09-2026 00:29:33 [38;5;009m[ERROR]: [0mThis is a error message from thread 718-09-2026 00:29:33 [38;5;117m[DEBUG]: [0mThis is a debug message from thread 1218-09-2026 00:29:33 [38;5;015m[INFO]: [0mThis is a info message from thread 1118-09-2026 00:29:33 [38;5;015m[INFO]: [0mThis is a info message from thread 1518-09-2026 00:29:33 [38;5;117m[DEBUG]: [0mThis is a debug message from thread 2618-09-2026 00:29:33 [38;5;015m[INFO]: [0mThis is a info message from thread 1218-09-2026 00:29:33 [38;5;117m[DEBUG]: [0mThis is a debug message from thread 1618-09-2026 00:29:33 [38;5;009m[ERROR]: [0mThis is a error message from thread 1718-09-2026 00:29:33 [38;5;009m[ERROR]: [0mThis is a error message from thread 2318-09-2026 00:29:33 [38;5;117m[DEBUG]: [0mThis is a debug message from thread 2218-09-2026 00:29:33 [38;5;015m[INFO]: [0mThis is a info message from thread 2518-09-2026 00:29:33 [38;5;009m[ERROR]: [0mThis is a error message from thread 2918-09-2026 00:29:33 [38;5;117m[DEBUG]: [0mThis is a debug message from thread 918-09-2026 00:29:33 [38;5;009m[ERROR]: [0mThis is a error message from thread 2418-09-2026 00:29:33 [38;5;015m[INFO]: [0mThis is a info message from thread 1418-09-2026 00:29:33 [38;5;009m[ERROR]: [0mThis is a error message from thread 518-09-2026 00:29:33 [38;5;009m[ERROR]: [0mThis is a error message from thread 1018-09-2026 00:29:33 [38;5;117m[DEBUG]: [0mThis is a debug message from thread 2018-09-2026 00:29:33 [38;5;015m[INFO]: [0mThis is a info message from thread 2218-09-2026 00:29:33 [38;5;015m[INFO]: [0mThis is a info message from thread 918-09-2026 00:29:33 [38;5;015m[INFO]: [0mThis is a info message from thread 2618-09-2026 00:29:33 [38;5;015m[INFO]: [0mThis is a info message from thread 2018-09-2026 00:29:33 [38;5;117m[DEBUG]: [0mThis is a debug message from thread 1018-09-2026 00:29:33 [38;5;009m[ERROR]: [0mThis is a error message from thread 1218-09-2026 00:29:33 [38;5;009m[ERROR]: [0mThis is a error message from thread 2518-09-2026 00:29:33 [38;5;117m[DEBUG]: [0mThis is a debug message from thread 2418-09-2026 00:29:33 [38;5;015m[INFO]: [0mThis is a info message from thread 118-09-2026 00:29:33 [38;5;009m[ERROR]: [0mThis is a error message from thread 018-09-2026 00:29:33 [38;5;009m[ERROR]: [0mThis is a error message from thread 2218-09-2026 00:29:33 [38;5;015m[INFO]: [0mThis is a info message from thread 1018-09-2026 00:29:33 [38;5;009m[ERROR]: [0mThis is a error message from thread 918-09-2026 00:29:33 [38;5;117m[DEBUG]: [0mThis is a debug message from thread 2518-09-2026 00:29:33 [38;5;009m[ERROR]: [0mThis is a error message from thread 1118-09-2026 00:29:33 [38;5;117m[DEBUG]: [0mThis is a debug message from thread 918-09-2026 00:29:33 [38;5;009m[ERROR]: [0mThis is a error message from thread 1018-09-2026 00:29:33 [38;5;117m[DEBUG]: [0mThis is a debug message from thread 018-09-2026 00:29:33 [38;5;117m[DEBUG]: [0mThis is a debug message from thread 1718-09-2026 00:29:33 [38;5;015m[INFO]: [0mThis is a info message from thread 1718-09-2026 00:29:33 [38;5;009m[ERROR]: [0mThis is a error message from thread 1718-09-2026 00:29:33 [38;5;117m[DEBUG]: [0mThis is a debug message from thread 1718-09-2026 00:29:33 [38;5;015m[INFO]: [0mThis is a info message from thread 1718-09-2026 00:29:33 [38;5;009m[ERROR]: [0mThis is a error message from thread 1718-09-2026 00:29:33 [38;5;015m[INFO]: [0mThis is a info message from thread 1618-09-2026 00:29:33 [38;5;009m[ERROR]: [0mThis is a error message from thread 1618-09-2026 00:29:33 [38;5;117m[DEBUG]: [0mThis is a debug message from thread 1918-09-2026 00:29:33 [38;5;009m[ERROR]: [0mThis is a error message from thread 218-09-2026 00:29:33 [38;5;015m[INFO]: [0mThis is a info message from thread 1918-09-2026 00:29:33 [38;5;117m[DEBUG]: [0mThis is a debug message from thread 218-09-2026 00:29:33 [38;5;117m[DEBUG]: [0mThis is a debug message from thread 1318-09-2026 00:29:33 [38;5;015m[INFO]: [0mThis is a info message from thread 218-09-2026 00:29:33 [38;5;015m[INFO]: [0mThis is a info message from thread 1318-09-2026 00:29:33 [38;5;009m[ERROR]: [0mThis is a error message from thread 218-09-2026 00:29:33 [38;5;009m[ERROR]: [0mThis is a error message from thread 1318-09-2026 00:29:33 [38;5;117m[DEBUG]: [0mThis is a debug message from thread 518-09-2026 00:29:33 [38;5;117m[DEBUG]: [0mThis is a debug message from thread 1318-09-2026 00:29:33 [38;5;117m[DEBUG]: [0mThis is a debug message from thread 718-09-2026 00:29:33 [38;5;015m[INFO]: [0mThis is a info message from thread 1318-09-2026 00:29:33 [38;5;015m[INFO]: [0mThis is a info message from thread 718-09-2026 00:29:33 [38;5;009m[ERROR]: [0mThis is a error message from thread 1318-09-2026 00:29:33 [38;5;009m[ERROR]: [0mThis is a error message from thread 2018-09-2026 00:29:33 [38;5;117m[DEBUG]: [0mThis is a debug message from thread 2018-09-2026 00:29:33 [38;5;015m[INFO]: [0mThis is a info message from thread 2018-09-2026 00:29:33 [38;5;009m[ERROR]: [0mThis is a error message from thread 2018-09-2026 00:29:33 [38;5;009m[ERROR]: [0mThis is a error message from thread 2618-09-2026 00:29:33 [38;5;015m[INFO]: [0mThis is a info message from thread 018-09-2026 00:29:33 [38;5;117m[DEBUG]: [0mThis is a debug message from thread 2618-09-2026 00:29:33 [38;5;009m[ERROR]: [0mThis is a error message from thread 018-09-2026 00:29:33 [38;5;015m[INFO]: [0mThis is a info message from thread 2618-09-2026 00:29:33 [38;5;117m[DEBUG]: [0mThis is a debug message from thread 1018-09-2026 00:29:33 [38;5;117m[DEBUG]: [0mThis is a debug message from thread 018-09-2026 00:29:33 [38;5;009m[ERROR]: [0mThis is a error message from thread 2618-09-2026 00:29:33 [38;5;117m[DEBUG]: [0mThis is a debug message from thread 2918-09-2026 00:29:33 [38;5;117m[DEBUG]: [0mThis is a debug message from thread 1718-09-2026 00:29:33 [38;5;015m[INFO]: [0mThis is a info message from thread 018-09-2026 00:29:33 [38;5;117m[DEBUG]: [0mThis is a debug message from thread 2618-09-2026 00:29:33 [38;5;015m[INFO]: [0mThis is a info message from thread 2918-09-2026 00:29:33 [38;5;009m[ERROR]: [0mThis is a error message from thread 1918-09-2026 00:29:33 [38;5;015m[INFO]: [0mThis is a info message from thread 2618-09-2026 00:29:33 [38;5;117m[DEBUG]: [0mThis is a debug message from thread 1918-09-2026 00:29:33 [38;5;117m[DEBUG]: [0mThis is a debug message from thread 218-09-2026 00:29:33 [38;5;117m[DEBUG]: [0mThis is a debug message from thread 1218-09-2026 00:29:33 [38;5;117m[DEBUG]: [0mThis is a debug message from thread 2218-09-2026 00:29:33 [38;5;015m[INFO]: [0mThis is a info message from thread 518-09-2026 00:29:33 [38;5;015m[INFO]: [0mThis is a info message from thread 1218-09-2026 00:29:33 [38;5;015m[INFO]: [0mThis is a info message from thread 2218-09-2026 00:29:33 [38;5;009m[ERROR]: [0mThis is a error message from thread 2918-09-2026 00:29:33 [38;5;009m[ERROR]: [0mThis is a error message from thread 518-09-2026 00:29:33 [38;5;009m[ERROR]: [0mThis is a error message from thread 1218-09-2026 00:29:33 [38;5;009m[ERROR]: [0mThis is a error message from thread 2218-09-2026 00:29:33 [38;5;015m[INFO]: [0mThis is a info message from thread 1818-09-2026 00:29:33 [38;5;009m[ERROR]: [0mThis is a error message from thread 2718-09-2026 00:29:33 [38;5;117m[DEBUG]: [0mThis is a debug message from thread 2918-09-2026 00:29:33 [38;5;009m[ERROR]: [0mThis is a error message from thread 118-09-2026 00:29:33 [38;5;015m[INFO]: [0mThis is a info message from thread 2518-09-2026 00:29:33 [38;5;009m[ERROR]: [0mThis is a error message from thread 618-09-2026 00:29:33 [38;5;015m[INFO]: [0mThis is a info message from thread 2118-09-2026 00:29:33 [38;5;015m[INFO]: [0mThis is a info message from thread 1018-09-2026 00:29:33 [38;5;015m[INFO]: [0mThis is a info message from thread 318-09-2026 00:29:33 [38;5;009m[ERROR]: [0mThis is a error message from thread 1818-09-2026 00:29:33 [38;5;117m[DEBUG]: [0mThis is a debug message from thread 2018-09-2026 00:29:33 [38;5;117m[DEBUG]: [0mThis is a debug message from thread 1118-09-2026 00:29:33 [38;5;117m[DEBUG]: [0mThis is a debug message from thread 118-09-2026 00:29:33 [38;5;117m[DEBUG]: [0mThis is a debug message from thread 618-09-2026 00:29:33 [38;5;015m[INFO]: [0mThis is a info message from thread 118-09-2026 00:29:33 [38;5;015m[INFO]: [0mThis is a info message from thread 2918-09-2026 00:29:33 [38;5;015m[INFO]: [0mThis is a info message from thread 1118-09-2026 00:29:33 [38;5;117m[DEBUG]: [0mThis is a debug message from thread 1818-09-2026 00:29:33 [38;5;009m[ERROR]: [0mThis is a error message from thread 118-09-2026 00:29:33 [38;5;009m[ERROR]: [0mThis is a error message from thread 1118-09-2026 00:29:33 [38;5;117m[DEBUG]: [0mThis is a debug message from thread 1618-09-2026 00:29:33 [38;5;015m[INFO]: [0mThis is a info message from thread 818-09-2026 00:29:33 [38;5;015m[INFO]: [0mThis is a info message from thread 618-09-2026 00:29:33 [38;5;117m[DEBUG]: [0mThis is a debug message from thread 1118-09-2026 00:29:33 [38;5;015m[INFO]: [0mThis is a info message from thread 1818-09-2026 00:29:33 [38;5;015m[INFO]: [0mThis is a info message from thread 1618-09-2026 00:29:33 [38;5;117m[DEBUG]: [0mThis is a debug message from thread 418-09-2026 00:29:33 [38;5;015m[INFO]: [0mThis is a info message from thread 1718-09-2026 00:29:33 [38;5;009m[ERROR]: [0mThis is a error message from thread 2518-09-2026 00:29:33 [38;5;009m[ERROR]: [0mThis is a error message from thread 1618-09-2026 00:29:33 [38;5;015m[INFO]: [0mThis is a info message from thread 1918-09-2026 00:29:33 [38;5;015m[INFO]: [0mThis is a info message from thread 1118-09-2026 00:29:33 [38;5;117m[DEBUG]: [0mThis is a debug message from thread 2518-09-2026 00:29:33 [38;5;009m[ERROR]: [0mThis is a error message from thread 1418-09-2026 00:29:33 [38;5;117m[DEBUG]: [0mThis is a debug message from thread 518-09-2026 00:29:33 [38;5;009m[ERROR]: [0mThis is a error message from thread 618-09-2026 00:29:33 [38;5;117m[DEBUG]: [0mThis is a debug message from thread 1618-09-2026 00:29:33 [38;5;015m[INFO]: [0mThis is a info message from thread 2818-09-2026 00:29:33 [38;5;009m[ERROR]: [0mThis is a error message from thread 1118-09-2026 00:29:33 [38;5;009m[ERROR]: [0mThis is a error message from thread 1718-09-2026 00:29:33 [38;5;009m[ERROR]: [0mThis is a error message from thread 2118-09-2026 00:29:33 [38;5;117m[DEBUG]: [0mThis is a debug message from thread 2318-09-2026 00:29:33 [38;5;009m[ERROR]: [0mThis is a error message from thread 818-09-2026 00:29:33 [38;5;117m[DEBUG]: [0mThis is a debug message from thread 2118-09-2026 00:29:33 [38;5;117m[DEBUG]: [0mThis is a debug message from thread 818-09-2026 00:29:33 [38;5;015m[INFO]: [0mThis is a info message from thread 2118-09-2026 00:29:33 [38;5;015m[INFO]: [0mThis is a info message from thread 818-09-2026 00:29:33 [38;5;117m[DEBUG]: [0mThis is a debug message from thread 1718-09-2026 00:29:33 [38;5;015m[INFO]: [0mThis is a info message from thread 2418-09-2026 00:29:33 [38;5;009m[ERROR]: [0mThis is a error message from thread 2118-09-2026 00:29:33 [38;5;009m[ERROR]: [0mThis is a error message from thread 018-09-2026 00:29:33 [38;5;015m[INFO]: [0mThis is a info message from thread 518-09-2026 00:29:33 [38;5;009m[ERROR]: [0mThis is a error message from thread 2418-09-2026 00:29:33 [38;5;117m[DEBUG]: [0mThis is a debug message from thread 2118-09-2026 00:29:33 [38;5;009m[ERROR]: [0mThis is a error message from thread 1018-09-2026 00:29:33 [38;5;015m[INFO]: [0mThis is a info message from thread 218-09-2026 00:29:33 [38;5;117m[DEBUG]: [0mThis is a debug message from thread 2218-09-2026 00:29:33 [38;5;117m[DEBUG]: [0mThis is a debug message from thread 2718-09-2026 00:29:33 [38;5;009m[ERROR]: [0mThis is a error message from thread 518-09-2026 00:29:33 [38;5;117m[DEBUG]: [0mThis is a debug message from thread 018-09-2026 00:29:33 [38;5;009m[ERROR]: [0mThis is a error message from thread 218-09-2026 00:29:33 [38;5;117m[DEBUG]: [0mThis is a debug message from thread 1018-09-2026 00:29:33 [38;5;015m[INFO]: [0mThis is a info message from thread 918-09-2026 00:29:33 [38;5;015m[INFO]: [0mThis is a info message from thread 1018-09-2026 00:29:33 [38;5;117m[DEBUG]: [0mThis is a debug message from thread 218-09-2026 00:29:33 [38;5;009m[ERROR]: [0mThis is a error message from thread 918-09-2026 00:29:33 [38;5;009m[ERROR]: [0mThis is a error message from thread 1018-09-2026 00:29:33 [38;5;117m[DEBUG]: [0mThis is a debug message from thread 918-09-2026 00:29:33 [38;5;117m[DEBUG]: [0mThis is a debug message from thread 1018-09-2026 00:29:33 [38;5;015m[INFO]: [0mThis is a info message from thread 218-09-2026 00:29:33 [38;5;015m[INFO]: [0mThis is a info message from thread 1018-09-2026 00:29:33 [38;5;009m[ERROR]: [0mThis is a error message from thread 218-09-2026 00:29:33 [38;5;015m[INFO]: [0mThis is a info message from thread 418-09-2026 00:29:33 [38;5;009m[ERROR]: [0mThis is a error message from thread 1918-09-2026 00:29:33 [38;5;117m[DEBUG]: [0mThis is a debug message from thread 218-09-2026 00:29:33 [38;5;009m[ERROR]: [0mThis is a error message from thread 418-09-2026 00:29:33 [38;5;117m[DEBUG]: [0mThis is a debug message from thread 1918-09-2026 00:29:33 [38;5;117m[DEBUG]: [0mThis is a debug message from thread 518-09-2026 00:29:33 [38;5;015m[INFO]: [0mThis is a info message from thread 018-09-2026 00:29:33 [38;5;015m[INFO]: [0mThis is a info message from thread 2218-09-2026 00:29:33 [38;5;117m[DEBUG]: [0mThis is a debug message from thread 418-09-2026 00:29:33 [38;5;009m[ERROR]: [0mThis is a error message from thread 1018-09-2026 00:29:33 [38;5;015m[INFO]: [0mThis is a info message from thread 418-09-2026 00:29:33 [38;5;015m[INFO]: [0mThis is a info message from thread 2518-09-2026 00:29:33 [38;5;015m[INFO]: [0mThis is a info message from thread 918-09-2026 00:29:33 [38;5;015m[INFO]: [0mThis is a info message from thread 218-09-2026 00:29:33 [38;5;015m[INFO]: [0mThis is a info message from thread 1918-09-2026 00:29:33 [38;5;117m[DEBUG]: [0mThis is a debug message from thread 618-09-2026 00:29:33 [38;5;009m[ERROR]: [0mThis is a error message from thread 2918-09-2026 00:29:33 [38;5;117m[DEBUG]: [0mThis is a debug message from thread 118-09-2026 00:29:33 [38;5;117m[DEBUG]: [0mThis is a debug message from thread 1018-09-2026 00:29:33 [38;5;009m[ERROR]: [0mThis is a error message from thread 418-09-2026 00:29:33 [38;5;009m[ERROR]: [0mThis is a error message from thread 1518-09-2026 00:29:33 [38;5;117m[DEBUG]: [0mThis is a debug message from thread 1318-09-2026 00:29:33 [38;5;009m[ERROR]: [0mThis is a error message from thread 218-09-2026 00:29:33 [38;5;015m[INFO]: [0mThis is a info message from thread 1618-09-2026 00:29:33 [38;5;015m[INFO]: [0mThis is a info message from thread 2318-09-2026 00:29:33 [38;5;117m[DEBUG]: [0mThis is a debug message from thread 218-09-2026 00:29:33 [38;5;015m[INFO]: [0mThis is a info message from thread 2118-09-2026 00:29:33 [38;5;009m[ERROR]: [0mThis is a error message from thread 2518-09-2026 00:29:33 [38;5;015m[INFO]: [0mThis is a info message from thread 1718-09-2026 00:29:33 [38;5;009m[ERROR]: [0mThis is a error message from thread 2218-09-2026 00:29:33 [38;5;015m[INFO]: [0mThis is a info message from thread 618-09-2026 00:29:33 [38;5;009m[ERROR]: [0mThis is a error message from thread 018-09-2026 00:29:33 [38;5;009m[ERROR]: [0mThis is a error message from thread 1918-09-2026 00:29:33 [38;5;009m[ERROR]: [0mThis is a error message from thread 1718-09-2026 00:29:33 [38;5;009m[ERROR]: [0mThis is a error message from thread 1618-09-2026 00:29:33 [38;5;117m[DEBUG]: [0mThis is a debug message from thread 1618-09-2026 00:29:33 [38;5;117m[DEBUG]: [0mThis is a debug message from thread 2918-09-2026 00:29:33 [38;5;009m[ERROR]: [0mThis is a error message from thread 2318-09-2026 00:29:33 [38;5;015m[INFO]: [0mThis is a info message from thread 118-09-2026 00:29:33 [38;5;009m[ERROR]: [0mThis is a error message from thread 118-09-2026 00:29:33 [38;5;009m[ERROR]: [0mThis is a error message from thread 918-09-2026 00:29:33 [38;5;117m[DEBUG]: [0mThis is a debug message from thread 1718-09-2026 00:29:33 [38;5;117m[DEBUG]: [0mThis is a debug message from thread 2318-09-2026 00:29:33 [38;5;015m[INFO]: [0mThis is a info message from thread 218-09-2026 00:29:33 [38;5;117m[DEBUG]: [0mThis is a debug message from thread 018-09-2026 00:29:33 [38;5;117m[DEBUG]: [0mThis is a debug message from thread 118-09-2026 00:29:33 [38;5;015m[INFO]: [0mThis is a info message from thread 2918-09-2026 00:29:33 [38;5;015m[INFO]: [0mThis is a info message from thread 2318-09-2026 00:29:33 [38;5;117m[DEBUG]: [0mThis is a debug message from thread 418-09-2026 00:29:33 [38;5;117m[DEBUG]: [0mThis is a debug message from thread 1218-09-2026 00:29:33 [38;5;015m[INFO]: [0mThis is a info message from thread 518-09-2026 00:29:33 [38;5;009m[ERROR]: [0mThis is a error message from thread 2318-09-2026 00:29:33 [38;5;009m[ERROR]: [0mThis is a error message from thread 518-09-2026 00:29:33 [38;5;015m[INFO]: [0mThis is a info message from thread 1218-09-2026 00:29:33 [38;5;117m[DEBUG]: [0mThis is a debug message from thread 2418-09-2026 00:29:33 [38;5;009m[ERROR]: [0mThis is a error message from thread 718-09-2026 00:29:33 [38;5;009m[ERROR]: [0mThis is a error message from thread 218-09-2026 00:29:33 [38;5;117m[DEBUG]: [0mThis is a debug message from thread 2218-09-2026 00:29:33 [38;5;117m[DEBUG]: [0mThis is a debug message from thread 218-09-2026 00:29:33 [38;5;015m[INFO]: [0mThis is a info message from thread 1718-09-2026 00:29:33 [38;5;015m[INFO]: [0mThis is a info message from thread 418-09-2026 00:29:33 [38;5;015m[INFO]: [0mThis is a info message from thread 2218-09-2026 00:29:33 [38;5;015m[INFO]: [0mThis is a info message from thread 2718-09-2026 00:29:33 [38;5;009m[ERROR]: [0mThis is a error message from thread 2618-09-2026 00:29:33 [38;5;009m[ERROR]: [0mThis is a error message from thread 418-09-2026 00:29:33 [38;5;009m[ERROR]: [0mThis is a error message from thread 2718-09-2026 00:29:33 [38;5;009m[ERROR]: [0mThis is a error message from thread 2118-09-2026 00:29:33 [38;5;117m[DEBUG]: [0mThis is a debug message from thread 2518-09-2026 00:29:33 [38;5;009m[ERROR]: [0mThis is a error message from thread 1218-09-2026 00:29:33 [38;5;117m[DEBUG]: [0mThis is a debug message from thread 418-09-2026 00:29:33 [38;5;117m[DEBUG]: [0mThis is a debug message from thread 2718-09-2026 00:29:33 [38;5;117m[DEBUG]: [0mThis is a debug message from thread 1218-09-2026 00:29:33 [38;5;009m[ERROR]: [0mThis is a error message from thread 2218-09-2026 00:29:33 [38;5;117m[DEBUG]: [0mThis is a debug message from thread 2118-09-2026 00:29:33 [38;5;015m[INFO]: [0mThis is a info message from thread 2118-09-2026 00:29:33 [38;5;015m[INFO]: [0mThis is a info message from thread 1218-09-2026 00:29:33 [38;5;015m[INFO]: [0mThis is a info message from thread 1618-09-2026 00:29:33 [38;5;009m[ERROR]: [0mThis is a error message from thread 818-09-2026 00:29:33 [38;5;009m[ERROR]: [0mThis is a error message from thread 1618-09-2026 00:29:33 [38;5;009m[ERROR]: [0mThis is a error message from thread 2118-09-2026 00:29:33 [38;5;009m[ERROR]: [0mThis is a error message from thread 2918-09-2026 00:29:33 [38;5;117m[DEBUG]: [0mThis is a debug message from thread 818-09-2026 00:29:33 [38;5;117m[DEBUG]: [0mThis is a debug message from thread 1518-09-2026 00:29:33 [38;5;117m[DEBUG]: [0mThis is a debug message from thread 718-09-2026 00:29:33 [38;5;117m[DEBUG]: [0mThis is a debug message from thread 2118-09-2026 00:29:33 [38;5;015m[INFO]: [0mThis is a info message from thread 2418-09-2026 00:29:33 [38;5;117m[DEBUG]: [0mThis is a debug message from thread 2918-09-2026 00:29:33 [38;5;009m[ERROR]: [0mThis is a error message from thread 2418-09-2026 00:29:33 [38;5;015m[INFO]: [0mThis is a info message from thread 1518-09-2026 00:29:33 [38;5;015m[INFO]: [0mThis is a info message from thread 818-09-2026 00:29:33 [38;5;117m[DEBUG]: [0mThis is a debug message from thread 2318-09-2026 00:29:33 [38;5;015m[INFO]: [0mThis is a info message from thread 2518-09-2026 00:29:33 [38;5;117m[DEBUG]: [0mThis is a debug message from thread 1418-09-2026 00:29:33 [38;5;015m[INFO]: [0mThis is a info message from thread 2318-09-2026 00:29:33 [38;5;015m[INFO]: [0mThis is a info message from thread 2918-09-2026 00:29:33 [38;5;015m[INFO]: [0mThis is a info message from thread 1318-09-2026 00:29:33 [38;5;117m[DEBUG]: [0mThis is a debug message from thread 2418-09-2026 00:29:33 [38;5;009m[ERROR]: [0mThis is a error message from thread 1318-09-2026 00:29:33 [38;5;009m[ERROR]: [0mThis is a error message from thread 1518-09-2026 00:29:33 [38;5;015m[INFO]: [0mThis is a info message from thread 2418-09-2026 00:29:33 [38;5;009m[ERROR]: [0mThis is a error message from thread 318-09-2026 00:29:33 [38;5;117m[DEBUG]: [0mThis is a debug message from thread 518-09-2026 00:29:33 [38;5;009m[ERROR]: [0mThis is a error message from thread 618-09-2026 00:29:33 [38;5;009m[ERROR]: [0mThis is a error message from thread 2318-09-2026 00:29:33 [38;5;117m[DEBUG]: [0mThis is a debug message from thread 1618-09-2026 00:29:33 [38;5;117m[DEBUG]: [0mThis is a debug message from thread 1318-09-2026 00:29:33 [38;5;015m[INFO]: [0mThis is a info message from thread 1418-09-2026 00:29:33 [38;5;117m[DEBUG]: [0mThis is a debug message from thread 618-09-2026 00:29:33 [38;5;009m[ERROR]: [0mThis is a error message from thread 2418-09-2026 00:29:33 [38;5;117m[DEBUG]: [0mThis is a debug message from thread 318-09-2026 00:29:33 [38;5;009m[ERROR]: [0mThis is a error message from thread 2918-09-2026 00:29:33 [38;5;015m[INFO]: [0mThis is a info message from thread 1018-09-2026 00:29:33 [38;5;009m[ERROR]: [0mThis is a error message from thread 2518-09-2026 00:29:33 [38;5;009m[ERROR]: [0mThis is a error message from thread 1818-09-2026 00:29:33 [38;5;015m[INFO]: [0mThis is a info message from thread 118-09-2026 00:29:33 [38;5;117m[DEBUG]: [0mThis is a debug message from thread 2418-09-2026 00:29:33 [38;5;009m[ERROR]: [0mThis is a error message from thread 2818-09-2026 00:29:33 [38;5;015m[INFO]: [0mThis is a info message from thread 2718-09-2026 00:29:33 [38;5;117m[DEBUG]: [0mThis is a debug message from thread 2618-09-2026 00:29:33 [38;5;117m[DEBUG]: [0mThis is a debug message from thread 2918-09-2026 00:29:33 [38;5;117m[DEBUG]: [0mThis is a debug message from thread 2218-09-2026 00:29:33 [38;5;009m[ERROR]: [0mThis is a error message from thread 1418-09-2026 00:29:33 [38;5;015m[INFO]: [0mThis is a info message from thread 718-09-2026 00:29:33 [38;5;015m[INFO]: [0mThis is a info message from thread 2218-09-2026 00:29:33 [38;5;009m[ERROR]: [0mThis is a error message from thread 118-09-2026 00:29:33 [38;5;015m[INFO]: [0mThis is a info message from thread 2418-09-2026 00:29:33 [38;5;117m[DEBUG]: [0mThis is a debug message from thread 1918-09-2026 00:29:33 [38;5;015m[INFO]: [0mThis is a info message from thread 2918-09-2026 00:29:33 [38;5;117m[DEBUG]: [0mThis is a debug message from thread 2318-09-2026 00:29:33 [38;5;009m[ERROR]: [0mThis is a error message from thread 2218-09-2026 00:29:33 [38;5;117m[DEBUG]: [0mThis is a debug message from thread 1818-09-2026 00:29:33 [38;5;117m[DEBUG]: [0mThis is a debug message from thread 918-09-2026 00:29:33 [38;5;015m[INFO]: [0mThis is a info message from thread 1918-09-2026 00:29:33 [38;5;117m[DEBUG]: [0mThis is a debug message from thread 1118-09-2026 00:29:33 [38;5;015m[INFO]: [0mThis is a info message from thread 2118-09-2026 00:29:33 [38;5;015m[INFO]: [0mThis is a info message from thread 418-09-2026 00:29:33 [38;5;009m[ERROR]: [0mThis is a error message from thread 1718-09-2026 00:29:33 [38;5;009m[ERROR]: [0mThis is a error message from thread 1218-09-2026 00:29:33 [38;5;009m[ERROR]: [0mThis is a error message from thread 2418-09-2026 00:29:33 [38;5;015m[INFO]: [0mThis is a info message from thread 518-09-2026 00:29:33 [38;5;117m[DEBUG]: [0mThis is a debug message from thread 2218-09-2026 00:29:33 [38;5;117m[DEBUG]: [0mThis is a debug message from thread 2818-09-2026 00:29:33 [38;5;009m[ERROR]: [0mThis is a error message from thread 1918-09-2026 00:29:33 [38;5;009m[ERROR]: [0mThis is a error message from thread 2118-09-2026 00:29:33 [38;5;015m[INFO]: [0mThis is a info message from thread 918-09-2026 00:29:33 [38;5;117m[DEBUG]: [0mThis is a debug message from thread 1918-09-2026 00:29:33 [38;5;009m[ERROR]: [0mThis is a error message from thread 518-09-2026 00:29:33 [38;5;117m[DEBUG]: [0mThis is a debug message from thread 1218-09-2026 00:29:33 [38;5;015m[INFO]: [0mThis is a info message from thread 2218-09-2026 00:29:33 [38;5;009m[ERROR]: [0mThis is a error message from thread 918-09-2026 00:29:33 [38;5;117m[DEBUG]: [0mThis is a debug message from thread 2418-09-2026 00:29:33 [38;5;015m[INFO]: [0mThis is a info message from thread 1118-09-2026 00:29:33 [38;5;015m[INFO]: [0mThis is a info message from thread 2018-09-2026 00:29:33 [38;5;009m[ERROR]: [0mThis is a error message from thread 2018-09-2026 00:29:33 [38;5;117m[DEBUG]: [0mThis is a debug message from thread 2118-09-2026 00:29:33 [38;5;117m[DEBUG]: [0mThis is a debug message from thread 1518-09-2026 00:29:33 [38;5;015m[INFO]: [0mThis is a info message from thread 2118-09-2026 00:29:33 [38;5;015m[INFO]: [0mThis is a info message from thread 1818-09-2026 00:29:33 [38;5;015m[INFO]: [0mThis is a info message from thread 1318-09-2026 00:29:33 [38;5;117m[DEBUG]: [0mThis is a debug message from thread 2518-09-2026 00:29:33 [38;5;009m[ERROR]: [0mThis is a error message from thread 2918-09-2026 00:29:33 [38;5;015m[INFO]: [0mThis is a info message from thread 218-09-2026 00:29:33 [38;5;009m[ERROR]: [0mThis is a error message from thread 1018-09-2026 00:29:33 [38;5;009m[ERROR]: [0mThis is a error message from thread 218-09-2026 00:29:33 [38;5;015m[INFO]: [0mThis is a info message from thread 018-09-2026 00:29:33 [38;5;117m[DEBUG]: [0mThis is a debug message from thread 2018-09-2026 00:29:33 [38;5;015m[INFO]: [0mThis is a info message from thread 318-09-2026 00:29:33 [38;5;015m[INFO]: [0mThis is a info message from thread 1918-09-2026 00:29:33 [38;5;015m[INFO]: [0mThis is a info message from thread 2818-09-2026 00:29:33 [38;5;015m[INFO]: [0mThis is a info message from thread 2618-09-2026 00:29:33 [38;5;015m[INFO]: [0mThis is a info message from thread 1618-09-2026 00:29:33 [38;5;009m[ERROR]: [0mThis is a error message from thread 018-09-2026 00:29:33 [38;5;009m[ERROR]: [0mThis is a error message from thread 2218-09-2026 00:29:33 [38;5;009m[ERROR]: [0mThis is a error message from thread 1318-09-2026 00:29:33 [38;5;009m[ERROR]: [0mThis is a error message from thread 1118-09-2026 00:29:33 [38;5;117m[DEBUG]: [0mThis is a debug message from thread 518-09-2026 00:29:33 [38;5;015m[INFO]: [0mThis is a info message from thread 618-09-2026 00:29:33 [38;5;117m[DEBUG]: [0mThis is a debug message from thread 018-09-2026 00:29:33 [38;5;009m[ERROR]: [0mThis is a error message from thread 2118-09-2026 00:29:33 [38;5;117m[DEBUG]: [0mThis is a debug message from thread 918-09-2026 00:29:33 [38;5;009m[ERROR]: [0mThis is a error message from thread 718-09-2026 00:29:33 [38;5;015m[INFO]: [0mThis is a info message from thread 2318-09-2026 00:29:33 [38;5;015m[INFO]: [0mThis is a info message from thread 518-09-2026 00:29:33 [38;5;009m[ERROR]: [0mThis is a error message from thread 618-09-2026 00:29:33 [38;5;117m[DEBUG]: [0mThis is a debug message from thread 718-09-2026 00:29:33 [38;5;009m[ERROR]: [0mThis is a error message from thread 2318-09-2026 00:29:33 [38;5;117m[DEBUG]: [0mThis is a debug message from thread 2118-09-2026 00:29:33 [38;5;015m[INFO]: [0mThis is a info message from thread 918-09-2026 00:29:33 [38;5;117m[DEBUG]: [0mThis is a debug message from thread 2218-09-2026 00:29:33 [38;5;117m[DEBUG]: [0mThis is a debug message from thread 118-09-2026 00:29:33 [38;5;015m[INFO]: [0mThis is a info message from thread 018-09-2026 00:29:33 [38;5;009m[ERROR]: [0mThis is a error message from thread 518-09-2026 00:29:33 [38;5;117m[DEBUG]: [0mThis is a debug message from thread 1018-09-2026 00:29:33 [38;5;009m[ERROR]: [0mThis is a error message from thread 1818-09-2026 00:29:33 [38;5;009m[ERROR]: [0mThis is a error message from thread 018-09-2026 00:29:33 [38;5;015m[INFO]: [0mThis is a info message from thread 1518-09-2026 00:29:33 [38;5;015m[INFO]: [0mThis is a info message from thread 718-09-2026 00:29:33 [38;5;015m[INFO]: [0mThis is a info message from thread 2518-09-2026 00:29:33 [38;5;117m[DEBUG]: [0mThis is a debug message from thread 518-09-2026 00:29:33 [38;5;009m[ERROR]: [0mThis is a error message from thread 2718-09-2026 00:29:33 [38;5;009m[ERROR]: [0mThis is a error message from thread 1518-09-2026 00:29:33 [38;5;117m[DEBUG]: [0mThis is a debug message from thread 1518-09-2026 00:29:33 [38;5;015m[INFO]: [0mThis is a info message from thread 1518-09-2026 00:29:33 [38;5;009m[ERROR]: [0mThis is a error message from thread 2518-09-2026 00:29:33 [38;5;015m[INFO]: [0mThis is a info message from thread 1218-09-2026 00:29:33 [38;5;117m[DEBUG]: [0mThis is a debug message from thread 2518-09-2026 00:29:33 [38;5;009m[ERROR]: [0mThis is a error message from thread 718-09-2026 00:29:33 [38;5;117m[DEBUG]: [0mThis is a debug message from thread 718-09-2026 00:29:33 [38;5;117m[DEBUG]: [0mThis is a debug message from thread 1118-09-2026 00:29:33 [38;5;015m[INFO]: [0mThis is a info message from thread 718-09-2026 00:29:33 [38;5;009m[ERROR]: [0mThis is a error message from thread 1218-09-2026 00:29:33 [38;5;009m[ERROR]: [0mThis is a error message from thread 2818-09-2026 00:29:33 [38;5;117m[DEBUG]: [0mThis is a debug message from thread 018-09-2026 00:29:33 [38;5;015m[INFO]: [0mThis is a info message from thread 1118-09-2026 00:29:33 [38;5;015m[INFO]: [0mThis is a info message from thread 2018-09-2026 00:29:33 [38;5;117m[DEBUG]: [0mThis is a debug message from thread 2718-09-2026 00:29:33 [38;5;009m[ERROR]: [0mThis is a error message from thread 1518-09-2026 00:29:33 [38;5;009m[ERROR]: [0mThis is a error message from thread 2618-09-2026 00:29:33 [38;5;117m[DEBUG]: [0mThis is a debug message from thread 1418-09-2026 00:29:33 [38;5;117m[DEBUG]: [0mThis is a debug message from thread 218-09-2026 00:29:33 [38;5;015m[INFO]: [0mThis is a info message from thread 018-09-2026 00:29:33 [38;5;009m[ERROR]: [0mThis is a error message from thread 1118-09-2026 00:29:33 [38;5;117m[DEBUG]: [0mThis is a debug message from thread 1518-09-2026 00:29:33 [38;5;117m[DEBUG]: [0mThis is a debug message from thread 2618-09-2026 00:29:33 [38;5;015m[INFO]: [0mThis is a info message from thread 2418-09-2026 00:29:33 [38;5;117m[DEBUG]: [0mThis is a debug message from thread 2318-09-2026 00:29:33 [38;5;015m[INFO]: [0mThis is a info message from thread 118-09-2026 00:29:33 [38;5;009m[ERROR]: [0mThis is a error message from thread 318-09-2026 00:29:33 [38;5;117m[DEBUG]: [0mThis is a debug message from thread 2818-09-2026 00:29:33 [38;5;009m[ERROR]: [0mThis is a error message from thread 018-09-2026 00:29:33 [38;5;015m[INFO]: [0mThis is a info message from thread 1518-09-2026 00:29:33 [38;5;117m[DEBUG]: [0mThis is a debug message from thread 618-09-2026 00:29:33 [38;5;015m[INFO]: [0mThis is a info message from thread 1418-09-2026 00:29:33 [38;5;009m[ERROR]: [0mThis is a error message from thread 718-09-2026 00:29:33 [38;5;015m[INFO]: [0mThis is a info message from thread 2318-09-2026 00:29:33 [38;5;009m[ERROR]: [0mThis is a error message from thread 1418-09-2026 00:29:33 [38;5;117m[DEBUG]: [0mThis is a debug message from thread 718-09-2026 00:29:33 [38;5;015m[INFO]: [0mThis is a info message from thread 218-09-2026 00:29:33 [38;5;117m[DEBUG]: [0mThis is a debug message from thread 318-09-2026 00:29:33 [38;5;009m[ERROR]: [0mThis is a error message from thread 2018-09-2026 00:29:33 [38;5;117m[DEBUG]: [0mThis is a debug message from thread 1818-09-2026 00:29:33 [38;5;117m[DEBUG]: [0mThis is a debug message from thread 018-09-2026 00:29:33 [38;5;015m[INFO]: [0mThis is a info message from thread 618-09-2026 00:29:33 [38;5;015m[INFO]: [0mThis is a info message from thread 2218-09-2026 00:29:33 [38;5;015m[INFO]: [0mThis is a info message from thread 1018-09-2026 00:29:33 [38;5;015m[INFO]: [0mThis is a info message from thread 718-09-2026 00:29:33 [38;5;015m[INFO]: [0mThis is a info message from thread 018-09-2026 00:29:33 [38;5;009m[ERROR]: [0mThis is a error message from thread 218-09-2026 00:29:33 [38;5;009m[ERROR]: [0mThis is a error message from thread 1618-09-2026 00:29:33 [38;5;009m[ERROR]: [0mThis is a error message from thread 1918-09-2026 00:29:33 [38;5;015m[INFO]: [0mThis is a info message from thread 2818-09-2026 00:29:33 [38;5;015m[INFO]: [0mThis is a info message from thread 2718-09-2026 00:29:33 [38;5;009m[ERROR]: [0mThis is a error message from thread 818-09-2026 00:29:33 [38;5;117m[DEBUG]: [0mThis is a debug message from thread 1118-09-2026 00:29:33 [38;5;009m[ERROR]: [0mThis is a error message from thread 018-09-2026 00:29:33 [38;5;015m[INFO]: [0mThis is a info message from thread 2518-09-2026 00:29:33 [38;5;009m[ERROR]: [0mThis is a error message from thread 418-09-2026 00:29:33 [38;5;117m[DEBUG]: [0mThis is a debug message from thread 1618-09-2026 00:29:33 [38;5;117m[DEBUG]: [0mThis is a debug message from thread 218-09-2026 00:29:33 [38;5;015m[INFO]: [0mThis is a info message from thread 1618-09-2026 00:29:33 [38;5;015m[INFO]: [0mThis is a info message from thread 318-09-2026 00:29:33 [38;5;015m[INFO]: [0mThis is a info message from thread 518-09-2026 00:29:33 [38;5;009m[ERROR]: [0mThis is a error message from thread 2518-09-2026 00:29:33 [38;5;009m[ERROR]: [0mThis is a error message from thread 718-09-2026 00:29:33 [38;5;009m[ERROR]: [0mThis is a error message from thread 318-09-2026 00:29:33 [38;5;009m[ERROR]: [0mThis is a error message from thread 2718-09-2026 00:29:33 [38;5;009m[ERROR]: [0mThis is a error message from thread 2218-09-2026 00:29:33 [38;5;117m[DEBUG]: [0mThis is a debug message from thread 418-09-2026 00:29:33 [38;5;009m[ERROR]: [0mThis is a error message from thread 618-09-2026 00:29:33 [38;5;117m[DEBUG]: [0mThis is a debug message from thread 1318-09-2026 00:29:33 [38;5;015m[INFO]: [0mThis is a info message from thread 1118-09-2026 00:29:33 [38;5;117m[DEBUG]: [0mThis is a debug message from thread 318-09-2026 00:29:33 [38;5;009m[ERROR]: [0mThis is a error message from thread 518-09-2026 00:29:33 [38;5;009m[ERROR]: [0mThis is a error message from thread 2318-09-2026 00:29:33 [38;5;117m[DEBUG]: [0mThis is a debug message from thread 618-09-2026 00:29:33 [38;5;117m[DEBUG]: [0mThis is a debug message from thread 2718-09-2026 00:29:33 [38;5;009m[ERROR]: [0mThis is a error message from thread 1618-09-2026 00:29:33 [38;5;015m[INFO]: [0mThis is a info message from thread 218-09-2026 00:29:33 [38;5;117m[DEBUG]: [0mThis is a debug message from thread 2218-09-2026 00:29:33 [38;5;117m[DEBUG]: [0mThis is a debug message from thread 2518-09-2026 00:29:33 [38;5;117m[DEBUG]: [0mThis is a debug message from thread 818-09-2026 00:29:33 [38;5;117m[DEBUG]: [0mThis is a debug message from thread 1718-09-2026 00:29:33 [38;5;117m[DEBUG]: [0mThis is a debug message from thread 1418-09-2026 00:29:33 [38;5;015m[INFO]: [0mThis is a info message from thread 2118-09-2026 00:29:33 [38;5;015m[INFO]: [0mThis is a info message from thread 1318-09-2026 00:29:33 [38;5;009m[ERROR]: [0mThis is a error message from thread 1118-09-2026 00:29:33 [38;5;015m[INFO]: [0mThis is a info message from thread 1718-09-2026 00:29:33 [38;5;009m[ERROR]: [0mThis is a error message from thread 218-09-2026 00:29:33 [38;5;015m[INFO]: [0mThis is a info message from thread 2718-09-2026 00:29:33 [38;5;015m[INFO]: [0mThis is a info message from thread 2218-09-2026 00:29:33 [38;5;009m[ERROR]: [0mThis is a error message from thread 918-09-2026 00:29:33 [38;5;117m[DEBUG]: [0mThis is a debug message from thread 2018-09-2026 00:29:33 [38;5;117m[DEBUG]: [0mThis is a debug message from thread 1618-09-2026 00:29:33 [38;5;117m[DEBUG]: [0mThis is a debug message from thread 1218-09-2026 00:29:33 [38;5;117m[DEBUG]: [0mThis is a debug message from thread 1118-09-2026 00:29:33 [38;5;009m[ERROR]: [0mThis is a error message from thread 2118-09-2026 00:29:33 [38;5;117m[DEBUG]: [0mThis is a debug message from thread 718-09-2026 00:29:33 [38;5;009m[ERROR]: [0mThis is a error message from thread 2418-09-2026 00:29:33 [38;5;117m[DEBUG]: [0mThis is a debug message from thread 2318-09-2026 00:29:33 [38;5;015m[INFO]: [0mThis is a info message from thread 618-09-2026 00:29:33 [38;5;015m[INFO]: [0mThis is a info message from thread 818-09-2026 00:29:33 [38;5;015m[INFO]: [0mThis is a info message from thread 1218-09-2026 00:29:33 [38;5;009m[ERROR]: [0mThis is a error message from thread 2818-09-2026 00:29:33 [38;5;009m[ERROR]: [0mThis is a error message from thread 1318-09-2026 00:29:33 [38;5;015m[INFO]: [0mThis is a info message from thread 1418-09-2026 00:29:33 [38;5;117m[DEBUG]: [0mThis is a debug message from thread 218-09-2026 00:29:33 [38;5;117m[DEBUG]: [0mThis is a debug message from thread 2918-09-2026 00:29:33 [38;5;009m[ERROR]: [0mThis is a error message from thread 1018-09-2026 00:29:33 [38;5;015m[INFO]: [0mThis is a info message from thread 2018-09-2026 00:29:33 [38;5;009m[ERROR]: [0mThis is a error message from thread 818-09-2026 00:29:33 [38;5;015m[INFO]: [0mThis is a info message from thread 2518-09-2026 00:29:33 [38;5;009m[ERROR]: [0mThis is a error message from thread 2218-09-2026 00:29:33 [38;5;009m[ERROR]: [0mThis is a error message from thread 618-09-2026 00:29:33 [38;5;117m[DEBUG]: [0mThis is a debug message from thread 1018-09-2026 00:29:33 [38;5;117m[DEBUG]: [0mThis is a debug message from thread 2218-09-2026 00:29:33 [38;5;015m[INFO]: [0mThis is a info message from thread 218-09-2026 00:29:33 [38;5;015m[INFO]: [0mThis is a info message from thread 2618-09-2026 00:29:33 [38;5;117m[DEBUG]: [0mThis is a debug message from thread 618-09-2026 00:29:33 [38;5;015m[INFO]: [0mThis is a info message from thread 418-09-2026 00:29:33 [38;5;015m[INFO]: [0mThis is a info message from thread 2218-09-2026 00:29:33 [38;5;015m[INFO]: [0mThis is a info message from thread 1018-09-2026 00:29:33 [38;5;009m[ERROR]: [0mThis is a error message from thread 2518-09-2026 00:29:33 [38;5;009m[ERROR]: [0mThis is a error message from thread 218-09-2026 00:29:33 [38;5;015m[INFO]: [0mThis is a info message from thread 618-09-2026 00:29:33 [38;5;009m[ERROR]: [0mThis is a error message from thread 2218-09-2026 00:29:33 [38;5;117m[DEBUG]: [0mThis is a debug message from thread 218-09-2026 00:29:33 [38;5;117m[DEBUG]: [0mThis is a debug message from thread 2818-09-2026 00:29:33 [38;5;009m[ERROR]: [0mThis is a error message from thread 618-09-2026 00:29:33 [38;5;117m[DEBUG]: [0mThis is a debug message from thread 918-09-2026 00:29:33 [38;5;117m[DEBUG]: [0mThis is a debug message from thread 2218-09-2026 00:29:33 [38;5;009m[ERROR]: [0mThis is a error message from thread 1418-09-2026 00:29:33 [38;5;015m[INFO]: [0mThis is a info message from thread 918-09-2026 00:29:33 [38;5;117m[DEBUG]: [0mThis is a debug message from thread 2418-09-2026 00:29:33 [38;5;117m[DEBUG]: [0mThis is a debug message from thread 018-09-2026 00:29:33 [38;5;015m[INFO]: [0mThis is a info message from thread 718-09-2026 00:29:33 [38;5;015m[INFO]: [0mThis is a info message from thread 2218-09-2026 00:29:33 [38;5;117m[DEBUG]: [0mThis is a debug message from thread 1418-09-2026 00:29:33 [38;5;117m[DEBUG]: [0mThis is a debug message from thread 1918-09-2026 00:29:33 [38;5;015m[INFO]: [0mThis is a info message from thread 218-09-2026 00:29:33 [38;5;015m[INFO]: [0mThis is a info message from thread 2818-09-2026 00:29:33 [38;5;117m[DEBUG]: [0mThis is a debug message from thread 618-09-2026 00:29:33 [38;5;015m[INFO]: [0mThis is a info message from thread 018-09-2026 00:29:33 [38;5;015m[INFO]: [0mThis is a info message from thread 1118-09-2026 00:29:33 [38;5;015m[INFO]: [0mThis is a info message from thread 1918-09-2026 00:29:33 [38;5;015m[INFO]: [0mThis is a info message from thread 618-09-2026 00:29:33 [38;5;009m[ERROR]: [0mThis is a error message from thread 218-09-2026 00:29:33 [38;5;009m[ERROR]: [0mThis is a error message from thread 118-09-2026 00:29:33 [38;5;009m[ERROR]: [0mThis is a error message from thread 618-09-2026 00:29:33 [38;5;117m[DEBUG]: [0mThis is a debug message from thread 218-09-2026 00:29:33 [38;5;009m[ERROR]: [0mThis is a error message from thread 1018-09-2026 00:29:33 [38;5;117m[DEBUG]: [0mThis is a debug message from thread 2518-09-2026 00:29:33 [38;5;015m[INFO]: [0mThis is a info message from thread 2918-09-2026 00:29:33 [38;5;117m[DEBUG]: [0mThis is a debug message from thread 1018-09-2026 00:29:33 [38;5;117m[DEBUG]: [0mThis is a debug message from thread 518-09-2026 00:29:33 [38;5;015m[INFO]: [0mThis is a info message from thread 2518-09-2026 00:29:33 [38;5;009m[ERROR]: [0mThis is a error message from thread 2918-09-2026 00:29:33 [38;5;009m[ERROR]: [0mThis is a error message from thread 2518-09-2026 00:29:33 [38;5;015m[INFO]: [0mThis is a info message from thread 518-09-2026 00:29:33 [38;5;015m[INFO]: [0mThis is a info message from thread 1018-09-2026 00:29:33 [38;5;009m[ERROR]: [0mThis is a error message from thread 1018-09-2026 00:29:33 [38;5;117m[DEBUG]: [0mThis is a debug message from thread 618-09-2026 00:29:33 [38;5;015m[INFO]: [0mThis is a info message from thread 218-09-2026 00:29:33 [38;5;009m[ERROR]: [0mThis is a error message from thread 218-09-2026 00:29:33 [38;5;117m[DEBUG]: [0mThis is a debug message from thread 218-09-2026 00:29:33 [38;5;117m[DEBUG]: [0mThis is a debug message from thread 118-09-2026 00:29:33 [38;5;009m[ERROR]: [0mThis is a error message from thread 1718-09-2026 00:29:33 [38;5;009m[ERROR]: [0mThis is a error message from thread 1218-09-2026 00:29:33 [38;5;015m[INFO]: [0mThis is a info message from thread 218-09-2026 00:29:33 [38;5;117m[DEBUG]: [0mThis is a debug message from thread 2118-09-2026 00:29:33 [38;5;015m[INFO]: [0mThis is a info message from thread 1818-09-2026 00:29:33 [38;5;009m[ERROR]: [0mThis is a error message from thread 2018-09-2026 00:29:33 [38;5;009m[ERROR]: [0mThis is a error message from thread 1118-09-2026 00:29:33 [38;5;009m[ERROR]: [0mThis is a error message from thread 018-09-2026 00:29:33 [38;5;117m[DEBUG]: [0mThis is a debug message from thread 2518-09-2026 00:29:33 [38;5;015m[INFO]: [0mThis is a info message from thread 118-09-2026 00:29:33 [38;5;117m[DEBUG]: [0mThis is a debug message from thread 2918-09-2026 00:29:33 [38;5;009m[ERROR]: [0mThis is a error message from thread 718-09-2026 00:29:33 [38;5;009m[ERROR]: [0mThis is a error message from thread 1818-09-2026 00:29:33 [38;5;015m[INFO]: [0mThis is a info message from thread 1618-09-2026 00:29:33 [38;5;009m[ERROR]: [0mThis is a error message from thread 1918-09-2026 00:29:33 [38;5;009m[ERROR]: [0mThis is a error message from thread 2818-09-2026 00:29:33 [38;5;117m[DEBUG]: [0mThis is a debug message from thread 018-09-2026 00:29:33 [38;5;015m[INFO]: [0mThis is a info message from thread 1418-09-2026 00:29:33 [38;5;015m[INFO]: [0mThis is a info message from thread 618-09-2026 00:29:33 [38;5;117m[DEBUG]: [0mThis is a debug message from thread 818-09-2026 00:29:33 [38;5;015m[INFO]: [0mThis is a info message from thread 2518-09-2026 00:29:33 [38;5;117m[DEBUG]: [0mThis is a debug message from thread 718-09-2026 00:29:33 [38;5;117m[DEBUG]: [0mThis is a debug message from thread 1118-09-2026 00:29:33 [38;5;117m[DEBUG]: [0mThis is a debug message from thread 1318-09-2026 00:29:33 [38;5;117m[DEBUG]: [0mThis is a debug message from thread 1818-09-2026 00:29:33 [38;5;009m[ERROR]: [0mThis is a error message from thread 1518-09-2026 00:29:33 [38;5;015m[INFO]: [0mThis is a info message from thread 2118-09-2026 00:29:33 [38;5;009m[ERROR]: [0mThis is a error message from thread 1618-09-2026 00:29:33 [38;5;015m[INFO]: [0mThis is a info message from thread 1118-09-2026 00:29:33 [38;5;117m[DEBUG]: [0mThis is a debug message from thread 1518-09-2026 00:29:33 [38;5;015m[INFO]: [0mThis is a info message from thread 718-09-2026 00:29:33 [38;5;117m[DEBUG]: [0mThis is a debug message from thread 1718-09-2026 00:29:33 [38;5;117m[DEBUG]: [0mThis is a debug message from thread 1618-09-2026 00:29:33 [38;5;015m[INFO]: [0mThis is a info message from thread 1718-09-2026 00:29:33 [38;5;009m[ERROR]: [0mThis is a error message from thread 418-09-2026 00:29:33 [38;5;009m[ERROR]: [0mThis is a error message from thread 1718-09-2026 00:29:33 [38;5;015m[INFO]: [0mThis is a info message from thread 1618-09-2026 00:29:33 [38;5;009m[ERROR]: [0mThis is a error message from thread 2718-09-2026 00:29:33 [38;5;009m[ERROR]: [0mThis is a error message from thread 2118-09-2026 00:29:33 [38;5;009m[ERROR]: [0mThis is a error message from thread 2518-09-2026 00:29:33 [38;5;015m[INFO]: [0mThis is a info message from thread 018-09-2026 00:29:33 [38;5;009m[ERROR]: [0mThis is a error message from thread 718-09-2026 00:29:33 [38;5;015m[INFO]: [0mThis is a info message from thread 1818-09-2026 00:29:33 [38;5;009m[ERROR]: [0mThis is a error message from thread 2618-09-2026 00:29:33 [38;5;009m[ERROR]: [0mThis is a error message from thread 018-09-2026 00:29:33 [38;5;117m[DEBUG]: [0mThis is a debug message from thread 1718-09-2026 00:29:33 [38;5;117m[DEBUG]: [0mThis is a debug message from thread 2618-09-2026 00:29:33 [38;5;015m[INFO]: [0mThis is a info message from thread 2318-09-2026 00:29:33 [38;5;009m[ERROR]: [0mThis is a error message from thread 1118-09-2026 00:29:33 [38;5;117m[DEBUG]: [0mThis is a debug message from thread 1118-09-2026 00:29:33 [38;5;117m[DEBUG]: [0mThis is a debug message from thread 2518-09-2026 00:29:33 [38;5;117m[DEBUG]: [0mThis is a debug message from thread 2718-09-2026 00:29:33 [38;5;009m[ERROR]: [0mThis is a error message from thread 2318-09-2026 00:29:33 [38;5;009m[ERROR]: [0mThis is a error message from thread 618-09-2026 00:29:33 [38;5;009m[ERROR]: [0mThis is a error message from thread 518-09-2026 00:29:33 [38;5;117m[DEBUG]: [0mThis is a debug message from thread 1218-09-2026 00:29:33 [38;5;117m[DEBUG]: [0mThis is a debug message from thread 1918-09-2026 00:29:33 [38;5;015m[INFO]: [0mThis is a info message from thread 2618-09-2026 00:29:33 [38;5;009m[ERROR]: [0mThis is a error message from thread 1818-09-2026 00:29:33 [38;5;015m[INFO]: [0mThis is a info message from thread 1918-09-2026 00:29:33 [38;5;117m[DEBUG]: [0mThis is a debug message from thread 618-09-2026 00:29:33 [38;5;009m[ERROR]: [0mThis is a error message from thread 2618-09-2026 00:29:33 [38;5;117m[DEBUG]: [0mThis is a debug message from thread 2318-09-2026 00:29:33 [38;5;015m[INFO]: [0mThis is a info message from thread 2718-09-2026 00:29:33 [38;5;009m[ERROR]: [0mThis is a error message from thread 1418-09-2026 00:29:33 [38;5;009m[ERROR]: [0mThis is a error message from thread 1918-09-2026 00:29:33 [38;5;117m[DEBUG]: [0mThis is a debug message from thread 518-09-2026 00:29:33 [38;5;117m[DEBUG]: [0mThis is a debug message from thread 1918-09-2026 00:29:33 [38;5;015m[INFO]: [0mThis is a info message from thread 618-09-2026 00:29:33 [38;5;117m[DEBUG]: [0mThis is a debug message from thread 1818-09-2026 00:29:33 [38;5;117m[DEBUG]: [0mThis is a debug message from thread 2618-09-2026 00:29:33 [38;5;117m[DEBUG]: [0mThis is a debug message from thread 718-09-2026 00:29:33 [38;5;117m[DEBUG]: [0mThis is a debug message from thread 2818-09-2026 00:29:33 [38;5;009m[ERROR]: [0mThis is a error message from thread 2718-09-2026 00:29:33 [38;5;015m[INFO]: [0mThis is a info message from thread 518-09-2026 00:29:33 [38;5;015m[INFO]: [0mThis is a info message from thread 818-09-2026 00:29:33 [38;5;015m[INFO]: [0mThis is a info message from thread 2818-09-2026 00:29:33 [38;5;015m[INFO]: [0mThis is a info message from thread 2518-09-2026 00:29:33 [38;5;009m[ERROR]: [0mThis is a error message from thread 818-09-2026 00:29:33 [38;5;009m[ERROR]: [0mThis is a error message from thread 618-09-2026 00:29:33 [38;5;015m[INFO]: [0mThis is a info message from thread 718-09-2026 00:29:33 [38;5;009m[ERROR]: [0mThis is a error message from thread 2818-09-2026 00:29:33 [38;5;009m[ERROR]: [0mThis is a error message from thread 718-09-2026 00:29:33 [38;5;015m[INFO]: [0mThis is a info message from thread 2618-09-2026 00:29:33 [38;5;015m[INFO]: [0mThis is a info message from thread 318-09-2026 00:29:33 [38;5;117m[DEBUG]: [0mThis is a debug message from thread 818-09-2026 00:29:33 [38;5;117m[DEBUG]: [0mThis is a debug message from thread 2718-09-2026 00:29:33 [38;5;009m[ERROR]: [0mThis is a error message from thread 2518-09-2026 00:29:33 [38;5;009m[ERROR]: [0mThis is a error message from thread 318-09-2026 00:29:33 [38;5;015m[INFO]: [0mThis is a info message from thread 818-09-2026 00:29:33 [38;5;015m[INFO]: [0mThis is a info message from thread 2718-09-2026 00:29:33 [38;5;015m[INFO]: [0mThis is a info message from thread 2918-09-2026 00:29:33 [38;5;015m[INFO]: [0mThis is a info message from thread 1518-09-2026 00:29:33 [38;5;009m[ERROR]: [0mThis is a error message from thread 818-09-2026 00:29:33 [38;5;009m[ERROR]: [0mThis is a error message from thread 2218-09-2026 00:29:33 [38;5;117m[DEBUG]: [0mThis is a debug message from thread 818-09-2026 00:29:33 [38;5;015m[INFO]: [0mThis is a info message from thread 818-09-2026 00:29:33 [38;5;009m[ERROR]: [0mThis is a error message from thread 2718-09-2026 00:29:33 [38;5;009m[ERROR]: [0mThis is a error message from thread 818-09-2026 00:29:33 [38;5;009m[ERROR]: [0mThis is a error message from thread 2618-09-2026 00:29:33 [38;5;009m[ERROR]: [0mThis is a error message from thread 2918-09-2026 00:29:33 [38;5;015m[INFO]: [0mThis is a info message from thread 1118-09-2026 00:29:33 [38;5;009m[ERROR]: [0mThis is a error message from thread 218-09-2026 00:29:33 [38;5;009m[ERROR]: [0mThis is a error message from thread 1518-09-2026 00:29:33 [38;5;117m[DEBUG]: [0mThis is a debug message from thread 1018-09-2026 00:29:33 [38;5;009m[ERROR]: [0mThis is a error message from thread 918-09-2026 00:29:33 [38;5;015m[INFO]: [0mThis is a info message from thread 1818-09-2026 00:29:33 [38;5;015m[INFO]: [0mThis is a info message from thread 2418-09-2026 00:29:33 [38;5;015m[INFO]: [0mThis is a info message from thread 1718-09-2026 00:29:33 [38;5;117m[DEBUG]: [0mThis is a debug message from thread 2018-09-2026 00:29:33 [38;5;015m[INFO]: [0mThis is a info message from thread 1318-09-2026 00:29:33 [38;5;009m[ERROR]: [0mThis is a error message from thread 1818-09-2026 00:29:33 [38;5;009m[ERROR]: [0mThis is a error message from thread 1118-09-2026 00:29:33 [38;5;117m[DEBUG]: [0mThis is a debug message from thread 1418-09-2026 00:29:33 [38;5;117m[DEBUG]: [0mThis is a debug message from thread 1518-09-2026 00:29:33 [38;5;009m[ERROR]: [0mThis is a error message from thread 118-09-2026 00:29:33 [38;5;015m[INFO]: [0mThis is a info message from thread 1918-09-2026 00:29:33 [38;5;015m[INFO]: [0mThis is a info message from thread 1418-09-2026 00:29:33 [38;5;117m[DEBUG]: [0mThis is a debug message from thread 918-09-2026 00:29:33 [38;5;117m[DEBUG]: [0mThis is a debug message from thread 2918-09-2026 00:29:33 [38;5;015m[INFO]: [0mThis is a info message from thread 2018-09-2026 00:29:33 [38;5;015m[INFO]: [0mThis is a info message from thread 1518-09-2026 00:29:33 [38;5;117m[DEBUG]: [0mThis is a debug message from thread 1118-09-2026 00:29:33 [38;5;009m[ERROR]: [0mThis is a error message from thread 1918-09-2026 00:29:33 [38;5;009m[ERROR]: [0mThis is a error message from thread 1518-09-2026 00:29:33 [38;5;009m[ERROR]: [0mThis is a error message from thread 1318-09-2026 00:29:33 [38;5;009m[ERROR]: [0mThis is a error message from thread 1718-09-2026 00:29:33 [38;5;117m[DEBUG]: [0mThis is a debug message from thread 1818-09-2026 00:29:33 [38;5;009m[ERROR]: [0mThis is a error message from thread 2018-09-2026 00:29:33 [38;5;117m[DEBUG]: [0mThis is a debug message from thread 1718-09-2026 00:29:33 [38;5;117m[DEBUG]: [0mThis is a debug message from thread 318-09-2026 00:29:33 [38;5;117m[DEBUG]: [0mThis is a debug message from thread 018-09-2026 00:29:33 [38;5;117m[DEBUG]: [0mThis is a debug message from thread 2618-09-2026 00:29:33 [38;5;015m[INFO]: [0mThis is a info message from thread 018-09-2026 00:29:33 [38;5;117m[DEBUG]: [0mThis is a debug message from thread 2118-09-2026 00:29:33 [38;5;117m[DEBUG]: [0mThis is a debug message from thread 2518-09-2026 00:29:33 [38;5;015m[INFO]: [0mThis is a info message from thread 1018-09-2026 00:29:33 [38;5;117m[DEBUG]: [0mThis is a debug message from thread 2018-09-2026 00:29:33 [38;5;009m[ERROR]: [0mThis is a error message from thread 1018-09-2026 00:29:33 [38;5;015m[INFO]: [0mThis is a info message from thread 918-09-2026 00:29:33 [38;5;117m[DEBUG]: [0mThis is a debug message from thread 1918-09-2026 00:29:33 [38;5;015m[INFO]: [0mThis is a info message from thread 2018-09-2026 00:29:33 [38;5;117m[DEBUG]: [0mThis is a debug message from thread 418-09-2026 00:29:33 [38;5;009m[ERROR]: [0mThis is a error message from thread 2418-09-2026 00:29:33 [38;5;117m[DEBUG]: [0mThis is a debug message from thread 718-09-2026 00:29:33 [38;5;015m[INFO]: [0mThis is a info message from thread 1718-09-2026 00:29:33 [38;5;009m[ERROR]: [0mThis is a error message from thread 018-09-2026 00:29:33 [38;5;015m[INFO]: [0mThis is a info message from thread 2118-09-2026 00:29:33 [38;5;015m[INFO]: [0mThis is a info message from thread 318-09-2026 00:29:33 [38;5;009m[ERROR]: [0mThis is a error message from thread 2018-09-2026 00:29:33 [38;5;009m[ERROR]: [0mThis is a error message from thread 1618-09-2026 00:29:33 [38;5;117m[DEBUG]: [0mThis is a debug message from thread 1018-09-2026 00:29:33 [38;5;015m[INFO]: [0mThis is a info message from thread 2318-09-2026 00:29:33 [38;5;117m[DEBUG]: [0mThis is a debug message from thread 2418-09-2026 00:29:33 [38;5;009m[ERROR]: [0mThis is a error message from thread 1418-09-2026 00:29:33 [38;5;117m[DEBUG]: [0mThis is a debug message from thread 118-09-2026 00:29:33 [38;5;117m[DEBUG]: [0mThis is a debug message from thread 018-09-2026 00:29:33 [38;5;015m[INFO]: [0mThis is a info message from thread 1018-09-2026 00:29:33 [38;5;009m[ERROR]: [0mThis is a error message from thread 2118-09-2026 00:29:33 [38;5;117m[DEBUG]: [0mThis is a debug message from thread 1618-09-2026 00:29:33 [38;5;117m[DEBUG]: [0mThis is a debug message from thread 2018-09-2026 00:29:33 [38;5;015m[INFO]: [0mThis is a info message from thread 1118-09-2026 00:29:33 [38;5;009m[ERROR]: [0mThis is a error message from thread 2318-09-2026 00:29:33 [38;5;009m[ERROR]: [0mThis is a error message from thread 918-09-2026 00:29:33 [38;5;015m[INFO]: [0mThis is a info message from thread 2418-09-2026 00:29:33 [38;5;117m[DEBUG]: [0mThis is a debug message from thread 2818-09-2026 00:29:33 [38;5;117m[DEBUG]: [0mThis is a debug message from thread 1518-09-2026 00:29:33 [38;5;015m[INFO]: [0mThis is a info message from thread 718-09-2026 00:29:33 [38;5;009m[ERROR]: [0mThis is a error message from thread 1718-09-2026 00:29:33 [38;5;009m[ERROR]: [0mThis is a error message from thread 318-09-2026 00:29:33 [38;5;117m[DEBUG]: [0mThis is a debug message from thread 218-09-2026 00:29:33 [38;5;117m[DEBUG]: [0mThis is a debug message from thread 618-09-2026 00:29:33 [38;5;117m[DEBUG]: [0mThis is a debug message from thread 1718-09-2026 00:29:33 [38;5;117m[DEBUG]: [0mThis is a debug message from thread 2718-09-2026 00:29:33 [38;5;015m[INFO]: [0mThis is a info message from thread 2018-09-2026 00:29:33 [38;5;015m[INFO]: [0mThis is a info message from thread 1618-09-2026 00:29:33 [38;5;117m[DEBUG]: [0mThis is a debug message from thread 2218-09-2026 00:29:33 [38;5;015m[INFO]: [0mThis is a info message from thread 2218-09-2026 00:29:33 [38;5;009m[ERROR]: [0mThis is a error message from thread 718-09-2026 00:29:33 [38;5;117m[DEBUG]: [0mThis is a debug message from thread 2118-09-2026 00:29:33 [38;5;009m[ERROR]: [0mThis is a error message from thread 2018-09-2026 00:29:33 [38;5;009m[ERROR]: [0mThis is a error message from thread 2218-09-2026 00:29:33 [38;5;117m[DEBUG]: [0mThis is a debug message from thread 718-09-2026 00:29:33 [38;5;015m[INFO]: [0mThis is a info message from thread 618-09-2026 00:29:33 [38;5;117m[DEBUG]: [0mThis is a debug message from thread 2318-09-2026 00:29:33 [38;5;015m[INFO]: [0mThis is a info message from thread 2818-09-2026 00:29:33 [38;5;015m[INFO]: [0mThis is a info message from thread 1718-09-2026 00:29:33 [38;5;015m[INFO]: [0mThis is a info message from thread 2718-09-2026 00:29:33 [38;5;015m[INFO]: [0mThis is a info message from thread 718-09-2026 00:29:33 [38;5;117m[DEBUG]: [0mThis is a debug message from thread 918-09-2026 00:29:33 [38;5;009m[ERROR]: [0mThis is a error message from thread 2418-09-2026 00:29:33 [38;5;117m[DEBUG]: [0mThis is a debug message from thread 2018-09-2026 00:29:33 [38;5;015m[INFO]: [0mThis is a info message from thread 2018-09-2026 00:29:33 [38;5;015m[INFO]: [0mThis is a info message from thread 2518-09-2026 00:29:33 [38;5;009m[ERROR]: [0mThis is a error message from thread 2018-09-2026 00:29:33 [38;5;015m[INFO]: [0mThis is a info message from thread 2918-09-2026 00:29:33 [38;5;117m[DEBUG]: [0mThis is a debug message from thread 2418-09-2026 00:29:33 [38;5;009m[ERROR]: [0mThis is a error message from thread 2918-09-2026 00:29:33 [38;5;117m[DEBUG]: [0mThis is a debug message from thread 2018-09-2026 00:29:33 [38;5;117m[DEBUG]: [0mThis is a debug message from thread 2918-09-2026 00:29:33 [38;5;009m[ERROR]: [0mThis is a error message from thread 1618-09-2026 00:29:33 [38;5;009m[ERROR]: [0mThis is a error message from thread 2818-09-2026 00:29:33 [38;5;015m[INFO]: [0mThis is a info message from thread 2918-09-2026 00:29:33 [38;5;009m[ERROR]: [0mThis is a error message from thread 618-09-2026 00:29:33 [38;5;117m[DEBUG]: [0mThis is a debug message from thread 618-09-2026 00:29:33 [38;5;009m[ERROR]: [0mThis is a error message from thread 1018-09-2026 00:29:33 [38;5;009m[ERROR]: [0mThis is a error message from thread 2918-09-2026 00:29:33 [38;5;015m[INFO]: [0mThis is a info message from thread 1818-09-2026 00:29:33 [38;5;015m[INFO]: [0mThis is a info message from thread 218-09-2026 00:29:33 [38;5;015m[INFO]: [0mThis is a info message from thread 2618-09-2026 00:29:33 [38;5;015m[INFO]: [0mThis is a info message from thread 018-09-2026 00:29:33 [38;5;117m[DEBUG]: [0mThis is a debug message from thread 1618-09-2026 00:29:33 [38;5;117m[DEBUG]: [0mThis is a debug message from thread 2918-09-2026 00:29:33 [38;5;015m[INFO]: [0mThis is a info message from thread 918-09-2026 00:29:33 [38;5;015m[INFO]: [0mThis is a info message from thread 1518-09-2026 00:29:33 [38;5;015m[INFO]: [0mThis is a info message from thread 118-09-2026 00:29:33 [38;5;015m[INFO]: [0mThis is a info message from thread 2918-09-2026 00:29:33 [38;5;015m[INFO]: [0mThis is a info message from thread 1218-09-2026 00:29:33 [38;5;015m[INFO]: [0mThis is a info message from thread 2018-09-2026 00:29:33 [38;5;117m[DEBUG]: [0mThis is a debug message from thread 818-09-2026 00:29:33 [38;5;117m[DEBUG]: [0mThis is a debug message from thread 1018-09-2026 00:29:33 [38;5;015m[INFO]: [0mThis is a info message from thread 2418-09-2026 00:29:33 [38;5;015m[INFO]: [0mThis is a info message from thread 1018-09-2026 00:29:33 [38;5;015m[INFO]: [0mThis is a info message from thread 2118-09-2026 00:29:33 [38;5;009m[ERROR]: [0mThis is a error message from thread 918-09-2026 00:29:33 [38;5;117m[DEBUG]: [0mThis is a debug message from thread 1318-09-2026 00:29:33 [38;5;009m[ERROR]: [0mThis is a error message from thread 218-09-2026 00:29:33 [38;5;015m[INFO]: [0mThis is a info message from thread 418-09-2026 00:29:33 [38;5;009m[ERROR]: [0mThis is a error message from thread 1118-09-2026 00:29:33 [38;5;015m[INFO]: [0mThis is a info message from thread 818-09-2026 00:29:33 [38;5;009m[ERROR]: [0mThis is a error message from thread 2618-09-2026 00:29:33 [38;5;009m[ERROR]: [0mThis is a error message from thread 518-09-2026 00:29:33 [38;5;015m[INFO]: [0mThis is a info message from thread 1618-09-2026 00:29:33 [38;5;009m[ERROR]: [0mThis is a error message from thread 818-09-2026 00:29:33 [38;5;009m[ERROR]: [0mThis is a error message from thread 2018-09-2026 00:29:33 [38;5;009m[ERROR]: [0mThis is a error message from thread 2118-09-2026 00:29:33 [38;5;117m[DEBUG]: [0mThis is a debug message from thread 1418-09-2026 00:29:33 [38;5;009m[ERROR]: [0mThis is a error message from thread 2918-09-2026 00:29:33 [38;5;009m[ERROR]: [0mThis is a error message from thread 1518-09-2026 00:29:33 [38;5;009m[ERROR]: [0mThis is a error message from thread 1718-09-2026 00:29:33 [38;5;117m[DEBUG]: [0mThis is a debug message from thread 318-09-2026 00:29:33 [38;5;009m[ERROR]: [0mThis is a error message from thread 2718-09-2026 00:29:33 [38;5;015m[INFO]: [0mThis is a info message from thread 1418-09-2026 00:29:33 [38;5;117m[DEBUG]: [0mThis is a debug message from thread 518-09-2026 00:29:33 [38;5;009m[ERROR]: [0mThis is a error message from thread 418-09-2026 00:29:33 [38;5;117m[DEBUG]: [0mThis is a debug message from thread 2918-09-2026 00:29:33 [38;5;009m[ERROR]: [0mThis is a error message from thread 1618-09-2026 00:29:33 [38;5;117m[DEBUG]: [0mThis is a debug message from thread 1118-09-2026 00:29:33 [38;5;117m[DEBUG]: [0mThis is a debug message from thread 1518-09-2026 00:29:33 [38;5;117m[DEBUG]: [0mThis is a debug message from thread 818-09-2026 00:29:33 [38;5;015m[INFO]: [0mThis is a info message from thread 1918-09-2026 00:29:33 [38;5;117m[DEBUG]: [0mThis is a debug message from thread 218-09-2026 00:29:33 [38;5;117m[DEBUG]: [0mThis is a debug message from thread 2718-09-2026 00:29:33 [38;5;117m[DEBUG]: [0mThis is a debug message from thread 2218-09-2026 00:29:33 [38;5;117m[DEBUG]: [0mThis is a debug message from thread 2818-09-2026 00:29:33 [38;5;009m[ERROR]: [0mThis is a error message from thread 2518-09-2026 00:29:33 [38;5;009m[ERROR]: [0mThis is a error message from thread 2418-09-2026 00:29:33 [38;5;009m[ERROR]: [0mThis is a error message from thread 118-09-2026 00:29:33 [38;5;015m[INFO]: [0mThis is a info message from thread 2818-09-2026 00:29:33 [38;5;117m[DEBUG]: [0mThis is a debug message from thread 2118-09-2026 00:29:33 [38;5;015m[INFO]: [0mThis is a info message from thread 2718-09-2026 00:29:33 [38;5;015m[INFO]: [0mThis is a info message from thread 518-09-2026 00:29:33 [38;5;009m[ERROR]: [0mThis is a error message from thread 1018-09-2026 00:29:33 [38;5;015m[INFO]: [0mThis is a info message from thread 618-09-2026 00:29:33 [38;5;015m[INFO]: [0mThis is a info message from thread 818-09-2026 00:29:33 [38;5;015m[INFO]: [0mThis is a info message from thread 2918-09-2026 00:29:33 [38;5;009m[ERROR]: [0mThis is a error message from thread 1218-09-2026 00:29:33 [38;5;015m[INFO]: [0mThis is a info message from thread 2118-09-2026 00:29:33 [38;5;117m[DEBUG]: [0mThis is a debug message from thread 2018-09-2026 00:29:33 [38;5;015m[INFO]: [0mThis is a info message from thread 1318-09-2026 00:29:33 [38;5;009m[ERROR]: [0mThis is a error message from thread 2818-09-2026 00:29:33 [38;5;015m[INFO]: [0mThis is a info message from thread 1118-09-2026 00:29:33 [38;5;015m[INFO]: [0mThis is a info message from thread 218-09-2026 00:29:33 [38;5;009m[ERROR]: [0mThis is a error message from thread 1818-09-2026 00:29:33 [38;5;117m[DEBUG]: [0mThis is a debug message from thread 418-09-2026 00:29:33 [38;5;117m[DEBUG]: [0mThis is a debug message from thread 2618-09-2026 00:29:33 [38;5;117m[DEBUG]: [0mThis is a debug message from thread 1618-09-2026 00:29:33 [38;5;117m[DEBUG]: [0mThis is a debug message from thread 1218-09-2026 00:29:33 [38;5;117m[DEBUG]: [0mThis is a debug message from thread 2818-09-2026 00:29:33 [38;5;117m[DEBUG]: [0mThis is a debug message from thread 1818-09-2026 00:29:33 [38;5;015m[INFO]: [0mThis is a info message from thread 1518-09-2026 00:29:33 [38;5;117m[DEBUG]: [0mThis is a debug message from thread 918-09-2026 00:29:33 [38;5;015m[INFO]: [0mThis is a info message from thread 318-09-2026 00:29:33 [38;5;009m[ERROR]: [0mThis is a error message from thread 718-09-2026 00:29:33 [38;5;015m[INFO]: [0mThis is a info message from thread 1218-09-2026 00:29:33 [38;5;015m[INFO]: [0mThis is a info message from thread 2818-09-2026 00:29:33 [38;5;009m[ERROR]: [0mThis is a error message from thread 2818-09-2026 00:29:33 [38;5;009m[ERROR]: [0mThis is a error message from thread 1118-09-2026 00:29:33 [38;5;009m[ERROR]: [0mThis is a error message from thread 818-09-2026 00:29:33 [38;5;009m[ERROR]: [0mThis is a error message from thread 1518-09-2026 00:29:33 [38;5;015m[INFO]: [0mThis is a info message from thread 418-09-2026 00:29:33 [38;5;015m[INFO]: [0mThis is a info message from thread 2318-09-2026 00:29:33 [38;5;009m[ERROR]: [0mThis is a error message from thread 018-09-2026 00:29:33 [38;5;117m[DEBUG]: [0mThis is a debug message from thread 2818-09-2026 00:29:33 [38;5;117m[DEBUG]: [0mThis is a debug message from thread 1118-09-2026 00:29:33 [38;5;015m[INFO]: [0mThis is a info message from thread 2818-09-2026 00:29:33 [38;5;009m[ERROR]: [0mThis is a error message from thread 1918-09-2026 00:29:33 [38;5;117m[DEBUG]: [0mThis is a debug message from thread 018-09-2026 00:29:33 [38;5;015m[INFO]: [0mThis is a info message from thread 2018-09-2026 00:29:33 [38;5;117m[DEBUG]: [0mThis is a debug message from thread 1518-09-2026 00:29:33 [38;5;015m[INFO]: [0mThis is a info message from thread 918-09-2026 00:29:33 [38;5;015m[INFO]: [0mThis is a info message from thread 1518-09-2026 00:29:33 [38;5;015m[INFO]: [0mThis is a info message from thread 1618-09-2026 00:29:33 [38;5;009m[ERROR]: [0mThis is a error message from thread 2818-09-2026 00:29:33 [38;5;009m[ERROR]: [0mThis is a error message from thread 618-09-2026 00:29:33 [38;5;009m[ERROR]: [0mThis is a error message from thread 918-09-2026 00:29:33 [38;5;117m[DEBUG]: [0mThis is a debug message from thread 818-09-2026 00:29:33 [38;5;015m[INFO]: [0mThis is a info message from thread 2618-09-2026 00:29:33 [38;5;117m[DEBUG]: [0mThis is a debug message from thread 1918-09-2026 00:29:33 [38;5;009m[ERROR]: [0mThis is a error message from thread 1318-09-2026 00:29:33 [38;5;009m[ERROR]: [0mThis is a error message from thread 1618-09-2026 00:29:33 [38;5;009m[ERROR]: [0mThis is a error message from thread 2318-09-2026 00:29:33 [38;5;009m[ERROR]: [0mThis is a error message from thread 2918-09-2026 00:29:33 [38;5;009m[ERROR]: [0mThis is a error message from thread 1218-09-2026 00:29:33 [38;5;117m[DEBUG]: [0mThis is a debug message from thread 1318-09-2026 00:29:33 [38;5;009m[ERROR]: [0mThis is a error message from thread 218-09-2026 00:29:33 [38;5;009m[ERROR]: [0mThis is a error message from thread 1518-09-2026 00:29:33 [38;5;117m[DEBUG]: [0mThis is a debug message from thread 2318-09-2026 00:29:33 [38;5;117m[DEBUG]: [0mThis is a debug message from thread 1618-09-2026 00:29:33 [38;5;009m[ERROR]: [0mThis is a error message from thread 518-09-2026 00:29:33 [38;5;117m[DEBUG]: [0mThis is a debug message from thread 918-09-2026 00:29:33 [38;5;117m[DEBUG]: [0mThis is a debug message from thread 2518-09-2026 00:29:33 [38;5;117m[DEBUG]: [0mThis is a debug message from thread 218-09-2026 00:29:33 [38;5;009m[ERROR]: [0mThis is a error message from thread 2618-09-2026 00:29:33 [38;5;117m[DEBUG]: [0mThis is a debug message from thread 2418-09-2026 00:29:33 [38;5;015m[INFO]: [0mThis is a info message from thread 1918-09-2026 00:29:33 [38;5;015m[INFO]: [0mThis is a info message from thread 1318-09-2026 00:29:33 [38;5;009m[ERROR]: [0mThis is a error message from thread 1418-09-2026 00:29:33 [38;5;117m[DEBUG]: [0mThis is a debug message from thread 518-09-2026 00:29:33 [38;5;015m[INFO]: [0mThis is a info message from thread 1618-09-2026 00:29:33 [38;5;015m[INFO]: [0mThis is a info message from thread 2418-09-2026 00:29:33 [38;5;015m[INFO]: [0mThis is a info message from thread 1818-09-2026 00:29:33 [38;5;117m[DEBUG]: [0mThis is a debug message from thread 2818-09-2026 00:29:33 [38;5;009m[ERROR]: [0mThis is a error message from thread 1318-09-2026 00:29:33 [38;5;117m[DEBUG]: [0mThis is a debug message from thread 718-09-2026 00:29:33 [38;5;117m[DEBUG]: [0mThis is a debug message from thread 1318-09-2026 00:29:33 [38;5;015m[INFO]: [0mThis is a info message from thread 918-09-2026 00:29:33 [38;5;117m[DEBUG]: [0mThis is a debug message from thread 1218-09-2026 00:29:33 [38;5;117m[DEBUG]: [0mThis is a debug message from thread 1518-09-2026 00:29:33 [38;5;015m[INFO]: [0mThis is a info message from thread 1218-09-2026 00:29:33 [38;5;015m[INFO]: [0mThis is a info message from thread 1518-09-2026 00:29:33 [38;5;009m[ERROR]: [0mThis is a error message from thread 918-09-2026 00:29:33 [38;5;009m[ERROR]: [0mThis is a error message from thread 1518-09-2026 00:29:33 [38;5;117m[DEBUG]: [0mThis is a debug message from thread 118-09-2026 00:29:33 [38;5;015m[INFO]: [0mThis is a info message from thread 518-09-2026 00:29:33 [38;5;009m[ERROR]: [0mThis is a error message from thread 1918-09-2026 00:29:33 [38;5;015m[INFO]: [0mThis is a info message from thread 118-09-2026 00:29:33 [38;5;015m[INFO]: [0mThis is a info message from thread 1318-09-2026 00:29:33 [38;5;009m[ERROR]: [0mThis is a error message from thread 518-09-2026 00:29:33 [38;5;117m[DEBUG]: [0mThis is a debug message from thread 518-09-2026 00:29:33 [38;5;117m[DEBUG]: [0mThis is a debug message from thread 918-09-2026 00:29:33 [38;5;009m[ERROR]: [0mThis is a error message from thread 2718-09-2026 00:29:33 [38;5;117m[DEBUG]: [0mThis is a debug message from thread 1418-09-2026 00:29:33 [38;5;015m[INFO]: [0mThis is a info message from thread 818-09-2026 00:29:33 [38;5;009m[ERROR]: [0mThis is a error message from thread 1818-09-2026 00:29:33 [38;5;117m[DEBUG]: [0mThis is a debug message from thread 2718-09-2026 00:29:33 [38;5;009m[ERROR]: [0mThis is a error message from thread 418-09-2026 00:29:33 [38;5;117m[DEBUG]: [0mThis is a debug message from thread 1718-09-2026 00:29:33 [38;5;009m[ERROR]: [0mThis is a error message from thread 318-09-2026 00:29:33 [38;5;009m[ERROR]: [0mThis is a error message from thread 818-09-2026 00:29:33 [38;5;117m[DEBUG]: [0mThis is a debug message from thread 418-09-2026 00:29:33 [38;5;009m[ERROR]: [0mThis is a error message from thread 1318-09-2026 00:29:33 [38;5;015m[INFO]: [0mThis is a info message from thread 2318-09-2026 00:29:33 [38;5;015m[INFO]: [0mThis is a info message from thread 2218-09-2026 00:29:33 [38;5;009m[ERROR]: [0mThis is a error message from thread 1618-09-2026 00:29:33 [38;5;117m[DEBUG]: [0mThis is a debug message from thread 1018-09-2026 00:29:33 [38;5;015m[INFO]: [0mThis is a info message from thread 1418-09-2026 00:29:33 [38;5;117m[DEBUG]: [0mThis is a debug message from thread 1318-09-2026 00:29:33 [38;5;015m[INFO]: [0mThis is a info message from thread 418-09-2026 00:29:33 [38;5;015m[INFO]: [0mThis is a info message from thread 1718-09-2026 00:29:33 [38;5;015m[INFO]: [0mThis is a info message from thread 2818-09-2026 00:29:33 [38;5;117m[DEBUG]: [0mThis is a debug message from thread 1818-09-2026 00:29:33 [38;5;009m[ERROR]: [0mThis is a error message from thread 2418-09-2026 00:29:33 [38;5;009m[ERROR]: [0mThis is a error message from thread 118-09-2026 00:29:33 [38;5;117m[DEBUG]: [0mThis is a debug message from thread 2918-09-2026 00:29:33 [38;5;009m[ERROR]: [0mThis is a error message from thread 2018-09-2026 00:29:33 [38;5;015m[INFO]: [0mThis is a info message from thread 718-09-2026 00:29:33 [38;5;117m[DEBUG]: [0mThis is a debug message from thread 818-09-2026 00:29:33 [38;5;009m[ERROR]: [0mThis is a error message from thread 418-09-2026 00:29:33 [38;5;117m[DEBUG]: [0mThis is a debug message from thread 118-09-2026 00:29:33 [38;5;009m[ERROR]: [0mThis is a error message from thread 2818-09-2026 00:29:33 [38;5;117m[DEBUG]: [0mThis is a debug message from thread 2418-09-2026 00:29:33 [38;5;009m[ERROR]: [0mThis is a error message from thread 2218-09-2026 00:29:33 [38;5;117m[DEBUG]: [0mThis is a debug message from thread 418-09-2026 00:29:33 [38;5;015m[INFO]: [0mThis is a info message from thread 2918-09-2026 00:29:33 [38;5;015m[INFO]: [0mThis is a info message from thread 418-09-2026 00:29:33 [38;5;009m[ERROR]: [0mThis is a error message from thread 1718-09-2026 00:29:33 [38;5;015m[INFO]: [0mThis is a info message from thread 118-09-2026 00:29:33 [38;5;015m[INFO]: [0mThis is a info message from thread 1118-09-2026 00:29:33 [38;5;015m[INFO]: [0mThis is a info message from thread 818-09-2026 00:29:33 [38;5;015m[INFO]: [0mThis is a info message from thread 2418-09-2026 00:29:33 [38;5;015m[INFO]: [0mThis is a info message from thread 1018-09-2026 00:29:33 [38;5;117m[DEBUG]: [0mThis is a debug message from thread 2818-09-2026 00:29:33 [38;5;009m[ERROR]: [0mThis is a error message from thread 418-09-2026 00:29:33 [38;5;117m[DEBUG]: [0mThis is a debug message from thread 2218-09-2026 00:29:33 [38;5;117m[DEBUG]: [0mThis is a debug message from thread 2018-09-2026 00:29:33 [38;5;015m[INFO]: [0mThis is a info message from thread 918-09-2026 00:29:33 [38;5;015m[INFO]: [0mThis is a info message from thread 1318-09-2026 00:29:33 [38;5;009m[ERROR]: [0mThis is a error message from thread 118-09-2026 00:29:33 [38;5;015m[INFO]: [0mThis is a info message from thread 2818-09-2026 00:29:33 [38;5;117m[DEBUG]: [0mThis is a debug message from thread 318-09-2026 00:29:33 [38;5;009m[ERROR]: [0mThis is a error message from thread 918-09-2026 00:29:33 [38;5;009m[ERROR]: [0mThis is a error message from thread 2918-09-2026 00:29:33 [38;5;009m[ERROR]: [0mThis is a error message from thread 2818-09-2026 00:29:33 [38;5;009m[ERROR]: [0mThis is a error message from thread 2418-09-2026 00:29:33 [38;5;015m[INFO]: [0mThis is a info message from thread 2518-09-2026 00:29:33 [38;5;117m[DEBUG]: [0mThis is a debug message from thread 618-09-2026 00:29:33 [38;5;009m[ERROR]: [0mThis is a error message from thread 2518-09-2026 00:29:33 [38;5;009m[ERROR]: [0mThis is a error message from thread 1018-09-2026 00:29:33 [38;5;009m[ERROR]: [0mThis is a error message from thread 1118-09-2026 00:29:33 [38;5;117m[DEBUG]: [0mThis is a debug message from thread 2418-09-2026 00:29:33 [38;5;117m[DEBUG]: [0mThis is a debug message from thread 1718-09-2026 00:29:33 [38;5;117m[DEBUG]: [0mThis is a debug message from thread 2518-09-2026 00:29:33 [38;5;009m[ERROR]: [0mThis is a error message from thread 2118-09-2026 00:29:33 [38;5;117m[DEBUG]: [0mThis is a debug message from thread 2918-09-2026 00:29:33 [38;5;117m[DEBUG]: [0mThis is a debug message from thread 1618-09-2026 00:29:33 [38;5;015m[INFO]: [0mThis is a info message from thread 2218-09-2026 00:29:33 [38;5;117m[DEBUG]: [0mThis is a debug message from thread 2118-09-2026 00:29:33 [38;5;009m[ERROR]: [0mThis is a error message from thread 1318-09-2026 00:29:33 [38;5;117m[DEBUG]: [0mThis is a debug message from thread 418-09-2026 00:29:33 [38;5;015m[INFO]: [0mThis is a info message from thread 2418-09-2026 00:29:33 [38;5;015m[INFO]: [0mThis is a info message from thread 418-09-2026 00:29:33 [38;5;117m[DEBUG]: [0mThis is a debug message from thread 1118-09-2026 00:29:33 [38;5;009m[ERROR]: [0mThis is a error message from thread 2318-09-2026 00:29:33 [38;5;009m[ERROR]: [0mThis is a error message from thread 2218-09-2026 00:29:33 [38;5;015m[INFO]: [0mThis is a info message from thread 618-09-2026 00:29:33 [38;5;009m[ERROR]: [0mThis is a error message from thread 618-09-2026 00:29:33 [38;5;015m[INFO]: [0mThis is a info message from thread 1718-09-2026 00:29:33 [38;5;009m[ERROR]: [0mThis is a error message from thread 2418-09-2026 00:29:33 [38;5;015m[INFO]: [0mThis is a info message from thread 2918-09-2026 00:29:33 [38;5;117m[DEBUG]: [0mThis is a debug message from thread 1018-09-2026 00:29:33 [38;5;009m[ERROR]: [0mThis is a error message from thread 2918-09-2026 00:29:33 [38;5;015m[INFO]: [0mThis is a info message from thread 2718-09-2026 00:29:33 [38;5;009m[ERROR]: [0mThis is a error message from thread 2718-09-2026 00:29:33 [38;5;015m[INFO]: [0mThis is a info message from thread 2118-09-2026 00:29:33 [38;5;117m[DEBUG]: [0mThis is a debug message from thread 2718-09-2026 00:29:33 [38;5;117m[DEBUG]: [0mThis is a debug message from thread 2418-09-2026 00:29:33 [38;5;015m[INFO]: [0mThis is a info message from thread 2718-09-2026 00:29:33 [38;5;009m[ERROR]: [0mThis is a error message from thread 2118-09-2026 00:29:33 [38;5;117m[DEBUG]: [0mThis is a debug message from thread 2118-09-2026 00:29:33 [38;5;009m[ERROR]: [0mThis is a error message from thread 1718-09-2026 00:29:33 [38;5;117m[DEBUG]: [0mThis is a debug message from thread 2918-09-2026 00:29:33 [38;5;117m[DEBUG]: [0mThis is a debug message from thread 618-09-2026 00:29:33 [38;5;009m[ERROR]: [0mThis is a error message from thread 418-09-2026 00:29:33 [38;5;015m[INFO]: [0mThis is a info message from thread 1118-09-2026 00:29:33 [38;5;009m[ERROR]: [0mThis is a error message from thread 1118-09-2026 00:29:33 [38;5;009m[ERROR]: [0mThis is a error message from thread 2718-09-2026 00:29:33 [38;5;015m[INFO]: [0mThis is a info message from thread 618-09-2026 00:29:33 [38;5;117m[DEBUG]: [0mThis is a debug message from thread 2218-09-2026 00:29:33 [38;5;015m[INFO]: [0mThis is a info message from thread 2418-09-2026 00:29:33 [38;5;015m[INFO]: [0mThis is a info message from thread 318-09-2026 00:29:33 [38;5;117m[DEBUG]: [0mThis is a debug message from thread 418-09-2026 00:29:33 [38;5;117m[DEBUG]: [0mThis is a debug message from thread 2718-09-2026 00:29:33 [38;5;015m[INFO]: [0mThis is a info message from thread 2918-09-2026 00:29:33 [38;5;117m[DEBUG]: [0mThis is a debug message from thread 1518-09-2026 00:29:33 [38;5;117m[DEBUG]: [0mThis is a debug message from thread 1318-09-2026 00:29:33 [38;5;015m[INFO]: [0mThis is a info message from thread 2118-09-2026 00:29:33 [38;5;015m[INFO]: [0mThis is a info message from thread 418-09-2026 00:29:33 [38;5;015m[INFO]: [0mThis is a info message from thread 2018-09-2026 00:29:33 [38;5;009m[ERROR]: [0mThis is a error message from thread 618-09-2026 00:29:33 [38;5;117m[DEBUG]: [0mThis is a debug message from thread 2618-09-2026 00:29:33 [38;5;009m[ERROR]: [0mThis is a error message from thread 2018-09-2026 00:29:33 [38;5;015m[INFO]: [0mThis is a info message from thread 2618-09-2026 00:29:33 [38;5;117m[DEBUG]: [0mThis is a debug message from thread 2018-09-2026 00:29:33 [38;5;015m[INFO]: [0mThis is a info message from thread 1318-09-2026 00:29:33 [38;5;009m[ERROR]: [0mThis is a error message from thread 2618-09-2026 00:29:33 [38;5;015m[INFO]: [0mThis is a info message from thread 2718-09-2026 00:29:33 [38;5;015m[INFO]: [0mThis is a info message from thread 2018-09-2026 00:29:33 [38;5;117m[DEBUG]: [0mThis is a debug message from thread 618-09-2026 00:29:33 [38;5;117m[DEBUG]: [0mThis is a debug message from thread 2618-09-2026 00:29:33 [38;5;015m[INFO]: [0mThis is a info message from thread 1518-09-2026 00:29:33 [38;5;117m[DEBUG]: [0mThis is a debug message from thread 118-09-2026 00:29:33 [38;5;015m[INFO]: [0mThis is a info message from thread 1018-09-2026 00:29:33 [38;5;117m[DEBUG]: [0mThis is a debug message from thread 918-09-2026 00:29:33 [38;5;117m[DEBUG]: [0mThis is a debug message from thread 1918-09-2026 00:29:33 [38;5;117m[DEBUG]: [0mThis is a debug message from thread 2818-09-2026 00:29:33 [38;5;015m[INFO]: [0mThis is a info message from thread 118-09-2026 00:29:33 [38;5;015m[INFO]: [0mThis is a info message from thread 1918-09-2026 00:29:33 [38;5;015m[INFO]: [0mThis is a info message from thread 2818-09-2026 00:29:33 [38;5;009m[ERROR]: [0mThis is a error message from thread 2818-09-2026 00:29:33 [38;5;009m[ERROR]: [0mThis is a error message from thread 1518-09-2026 00:29:33 [38;5;009m[ERROR]: [0mThis is a error message from thread 2018-09-2026 00:29:33 [38;5;015m[INFO]: [0mThis is a info message from thread 2618-09-2026 00:29:33 [38;5;015m[INFO]: [0mThis is a info message from thread 918-09-2026 00:29:33 [38;5;117m[DEBUG]: [0mThis is a debug message from thread 2818-09-2026 00:29:33 [38;5;015m[INFO]: [0mThis is a info message from thread 018-09-2026 00:29:33 [38;5;117m[DEBUG]: [0mThis is a debug message from thread 1518-09-2026 00:29:33 [38;5;009m[ERROR]: [0mThis is a error message from thread 1418-09-2026 00:29:33 [38;5;015m[INFO]: [0mThis is a info message from thread 1518-09-2026 00:29:33 [38;5;009m[ERROR]: [0mThis is a error message from thread 2618-09-2026 00:29:33 [38;5;015m[INFO]: [0mThis is a info message from thread 518-09-2026 00:29:33 [38;5;117m[DEBUG]: [0mThis is a debug message from thread 2018-09-2026 00:29:33 [38;5;009m[ERROR]: [0mThis is a error message from thread 1518-09-2026 00:29:33 [38;5;009m[ERROR]: [0mThis is a error message from thread 418-09-2026 00:29:33 [38;5;117m[DEBUG]: [0mThis is a debug message from thread 418-09-2026 00:29:33 [38;5;015m[INFO]: [0mThis is a info message from thread 418-09-2026 00:29:33 [38;5;009m[ERROR]: [0mThis is a error message from thread 418-09-2026 00:29:33 [38;5;015m[INFO]: [0mThis is a info message from thread 2018-09-2026 00:29:33 [38;5;009m[ERROR]: [0mThis is a error message from thread 2018-09-2026 00:29:33 [38;5;117m[DEBUG]: [0mThis is a debug message from thread 2618-09-2026 00:29:33 [38;5;015m[INFO]: [0mThis is a info message from thread 618-09-2026 00:29:33 [38;5;009m[ERROR]: [0mThis is a error message from thread 518-09-2026 00:29:33 [38;5;117m[DEBUG]: [0mThis is a debug message from thread 418-09-2026 00:29:33 [38;5;117m[DEBUG]: [0mThis is a debug message from thread 1518-09-2026 00:29:33 [38;5;015m[INFO]: [0mThis is a info message from thread 2618-09-2026 00:29:33 [38;5;117m[DEBUG]: [0mThis is a debug message from thread 2018-09-2026 00:29:33 [38;5;015m[INFO]: [0mThis is a info message from thread 1618-09-2026 00:29:33 [38;5;009m[ERROR]: [0mThis is a error message from thread 2618-09-2026 00:29:33 [38;5;015m[INFO]: [0mThis is a info message from thread 1818-09-2026 00:29:33 [38;5;009m[ERROR]: [0mThis is a error message from thread 1318-09-2026 00:29:33 [38;5;009m[ERROR]: [0mThis is a error message from thread 918-09-2026 00:29:33 [38;5;009m[ERROR]: [0mThis is a error message from thread 018-09-2026 00:29:33 [38;5;009m[ERROR]: [0mThis is a error message from thread 818-09-2026 00:29:33 [38;5;009m[ERROR]: [0mThis is a error message from thread 718-09-2026 00:29:33 [38;5;015m[INFO]: [0mThis is a info message from thread 218-09-2026 00:29:33 [38;5;117m[DEBUG]: [0mThis is a debug message from thread 2618-09-2026 00:29:33 [38;5;117m[DEBUG]: [0mThis is a debug message from thread 2318-09-2026 00:29:33 [38;5;009m[ERROR]: [0mThis is a error message from thread 618-09-2026 00:29:33 [38;5;117m[DEBUG]: [0mThis is a debug message from thread 818-09-2026 00:29:33 [38;5;009m[ERROR]: [0mThis is a error message from thread 1618-09-2026 00:29:33 [38;5;009m[ERROR]: [0mThis is a error message from thread 2418-09-2026 00:29:33 [38;5;015m[INFO]: [0mThis is a info message from thread 2218-09-2026 00:29:33 [38;5;117m[DEBUG]: [0mThis is a debug message from thread 2418-09-2026 00:29:33 [38;5;117m[DEBUG]: [0mThis is a debug message from thread 1618-09-2026 00:29:33 [38;5;015m[INFO]: [0mThis is a info message from thread 2518-09-2026 00:29:33 [38;5;009m[ERROR]: [0mThis is a error message from thread 218-09-2026 00:29:33 [38;5;117m[DEBUG]: [0mThis is a debug message from thread 518-09-2026 00:29:33 [38;5;015m[INFO]: [0mThis is a info message from thread 2618-09-2026 00:29:33 [38;5;117m[DEBUG]: [0mThis is a debug message from thread 1718-09-2026 00:29:33 [38;5;015m[INFO]: [0mThis is a info message from thread 1618-09-2026 00:29:33 [38;5;015m[INFO]: [0mThis is a info message from thread 2418-09-2026 00:29:33 [38;5;009m[ERROR]: [0mThis is a error message from thread 2218-09-2026 00:29:33 [38;5;015m[INFO]: [0mThis is a info message from thread 818-09-2026 00:29:33 [38;5;015m[INFO]: [0mThis is a info message from thread 1718-09-2026 00:29:33 [38;5;009m[ERROR]: [0mThis is a error message from thread 2418-09-2026 00:29:33 [38;5;117m[DEBUG]: [0mThis is a debug message from thread 2218-09-2026 00:29:33 [38;5;015m[INFO]: [0mThis is a info message from thread 1518-09-2026 00:29:33 [38;5;117m[DEBUG]: [0mThis is a debug message from thread 218-09-2026 00:29:33 [38;5;009m[ERROR]: [0mThis is a error message from thread 2718-09-2026 00:29:33 [38;5;117m[DEBUG]: [0mThis is a debug message from thread 1418-09-2026 00:29:33 [38;5;117m[DEBUG]: [0mThis is a debug message from thread 1118-09-2026 00:29:33 [38;5;009m[ERROR]: [0mThis is a error message from thread 1218-09-2026 00:29:33 [38;5;009m[ERROR]: [0mThis is a error message from thread 1818-09-2026 00:29:33 [38;5;009m[ERROR]: [0mThis is a error message from thread 118-09-2026 00:29:33 [38;5;117m[DEBUG]: [0mThis is a debug message from thread 1218-09-2026 00:29:33 [38;5;009m[ERROR]: [0mThis is a error message from thread 1518-09-2026 00:29:33 [38;5;009m[ERROR]: [0mThis is a error message from thread 2118-09-2026 00:29:33 [38;5;015m[INFO]: [0mThis is a info message from thread 1218-09-2026 00:29:33 [38;5;009m[ERROR]: [0mThis is a error message from thread 2918-09-2026 00:29:33 [38;5;117m[DEBUG]: [0mThis is a debug message from thread 618-09-2026 00:29:33 [38;5;009m[ERROR]: [0mThis is a error message from thread 1618-09-2026 00:29:33 [38;5;009m[ERROR]: [0mThis is a error message from thread 1918-09-2026 00:29:33 [38;5;117m[DEBUG]: [0mThis is a debug message from thread 1618-09-2026 00:29:33 [38;5;117m[DEBUG]: [0mThis is a debug message from thread 1518-09-2026 00:29:33 [38;5;015m[INFO]: [0mThis is a info message from thread 1618-09-2026 00:29:33 [38;5;117m[DEBUG]: [0mThis is a debug message from thread 2718-09-2026 00:29:33 [38;5;015m[INFO]: [0mThis is a info message from thread 418-09-2026 00:29:33 [38;5;015m[INFO]: [0mThis is a info message from thread 2818-09-2026 00:29:33 [38;5;117m[DEBUG]: [0mThis is a debug message from thread 018-09-2026 00:29:33 [38;5;117m[DEBUG]: [0mThis is a debug message from thread 1918-09-2026 00:29:33 [38;5;015m[INFO]: [0mThis is a info message from thread 2218-09-2026 00:29:33 [38;5;117m[DEBUG]: [0mThis is a debug message from thread 2118-09-2026 00:29:33 [38;5;009m[ERROR]: [0mThis is a error message from thread 1718-09-2026 00:29:33 [38;5;009m[ERROR]: [0mThis is a error message from thread 2818-09-2026 00:29:33 [38;5;015m[INFO]: [0mThis is a info message from thread 1918-09-2026 00:29:33 [38;5;015m[INFO]: [0mThis is a info message from thread 518-09-2026 00:29:33 [38;5;015m[INFO]: [0mThis is a info message from thread 2018-09-2026 00:29:33 [38;5;117m[DEBUG]: [0mThis is a debug message from thread 1818-09-2026 00:29:33 [38;5;117m[DEBUG]: [0mThis is a debug message from thread 118-09-2026 00:29:33 [38;5;009m[ERROR]: [0mThis is a error message from thread 2218-09-2026 00:29:33 [38;5;009m[ERROR]: [0mThis is a error message from thread 418-09-2026 00:29:33 [38;5;015m[INFO]: [0mThis is a info message from thread 2318-09-2026 00:29:33 [38;5;117m[DEBUG]: [0mThis is a debug message from thread 418-09-2026 00:29:33 [38;5;015m[INFO]: [0mThis is a info message from thread 218-09-2026 00:29:33 [38;5;009m[ERROR]: [0mThis is a error message from thread 2318-09-2026 00:29:33 [38;5;009m[ERROR]: [0mThis is a error message from thread 818-09-2026 00:29:33 [38;5;009m[ERROR]: [0mThis is a error message from thread 318-09-2026 00:29:33 [38;5;015m[INFO]: [0mThis is a info message from thread 418-09-2026 00:29:33 [38;5;117m[DEBUG]: [0mThis is a debug message from thread 318-09-2026 00:29:33 [38;5;015m[INFO]: [0mThis is a info message from thread 2118-09-2026 00:29:33 [38;5;117m[DEBUG]: [0mThis is a debug message from thread 2318-09-2026 00:29:33 [38;5;015m[INFO]: [0mThis is a info message from thread 318-09-2026 00:29:33 [38;5;009m[ERROR]: [0mThis is a error message from thread 418-09-2026 00:29:33 [38;5;015m[INFO]: [0mThis is a info message from thread 2318-09-2026 00:29:33 [38;5;117m[DEBUG]: [0mThis is a debug message from thread 2218-09-2026 00:29:33 [38;5;117m[DEBUG]: [0mThis is a debug message from thread 1718-09-2026 00:29:33 [38;5;015m[INFO]: [0mThis is a info message from thread 018-09-2026 00:29:33 [38;5;015m[INFO]: [0mThis is a info message from thread 2218-09-2026 00:29:33 [38;5;009m[ERROR]: [0mThis is a error message from thread 2318-09-2026 00:29:33 [38;5;117m[DEBUG]: [0mThis is a debug message from thread 2318-09-2026 00:29:33 [38;5;117m[DEBUG]: [0mThis is a debug message from thread 418-09-2026 00:29:33 [38;5;015m[INFO]: [0mThis is a info message from thread 2318-09-2026 00:29:33 [38;5;009m[ERROR]: [0mThis is a error message from thread 2118-09-2026 00:29:33 [38;5;009m[ERROR]: [0mThis is a error message from thread 1018-09-2026 00:29:33 [38;5;015m[INFO]: [0mThis is a info message from thread 418-09-2026 00:29:33 [38;5;117m[DEBUG]: [0mThis is a debug message from thread 2818-09-2026 00:29:33 [38;5;009m[ERROR]: [0mThis is a error message from thread 1618-09-2026 00:29:33 [38;5;009m[ERROR]: [0mThis is a error message from thread 318-09-2026 00:29:33 [38;5;015m[INFO]: [0mThis is a info message from thread 1718-09-2026 00:29:33 [38;5;009m[ERROR]: [0mThis is a error message from thread 2018-09-2026 00:29:33 [38;5;015m[INFO]: [0mThis is a info message from thread 618-09-2026 00:29:33 [38;5;009m[ERROR]: [0mThis is a error message from thread 018-09-2026 00:29:33 [38;5;117m[DEBUG]: [0mThis is a debug message from thread 2018-09-2026 00:29:33 [38;5;009m[ERROR]: [0mThis is a error message from thread 1718-09-2026 00:29:33 [38;5;009m[ERROR]: [0mThis is a error message from thread 618-09-2026 00:29:33 [38;5;009m[ERROR]: [0mThis is a error message from thread 2318-09-2026 00:29:33 [38;5;009m[ERROR]: [0mThis is a error message from thread 2218-09-2026 00:29:33 [38;5;117m[DEBUG]: [0mThis is a debug message from thread 718-09-2026 00:29:33 [38;5;009m[ERROR]: [0mThis is a error message from thread 418-09-2026 00:29:33 [38;5;117m[DEBUG]: [0mThis is a debug message from thread 2318-09-2026 00:29:33 [38;5;009m[ERROR]: [0mThis is a error message from thread 1918-09-2026 00:29:33 [38;5;117m[DEBUG]: [0mThis is a debug message from thread 2418-09-2026 00:29:33 [38;5;009m[ERROR]: [0mThis is a error message from thread 218-09-2026 00:29:33 [38;5;009m[ERROR]: [0mThis is a error message from thread 518-09-2026 00:29:33 [38;5;117m[DEBUG]: [0mThis is a debug message from thread 2118-09-2026 00:29:33 [38;5;117m[DEBUG]: [0mThis is a debug message from thread 018-09-2026 00:29:33 [38;5;117m[DEBUG]: [0mThis is a debug message from thread 2218-09-2026 00:29:33 [38;5;015m[INFO]: [0mThis is a info message from thread 118-09-2026 00:29:33 [38;5;117m[DEBUG]: [0mThis is a debug message from thread 818-09-2026 00:29:33 [38;5;015m[INFO]: [0mThis is a info message from thread 1818-09-2026 00:29:33 [38;5;117m[DEBUG]: [0mThis is a debug message from thread 918-09-2026 00:29:33 [38;5;015m[INFO]: [0mThis is a info message from thread 2318-09-2026 00:29:33 [38;5;117m[DEBUG]: [0mThis is a debug message from thread 1618-09-2026 00:29:33 [38;5;015m[INFO]: [0mThis is a info message from thread 018-09-2026 00:29:33 [38;5;117m[DEBUG]: [0mThis is a debug message from thread 618-09-2026 00:29:33 [38;5;015m[INFO]: [0mThis is a info message from thread 1518-09-2026 00:29:33 [38;5;117m[DEBUG]: [0mThis is a debug message from thread 418-09-2026 00:29:33 [38;5;015m[INFO]: [0mThis is a info message from thread 1618-09-2026 00:29:33 [38;5;009m[ERROR]: [0mThis is a error message from thread 1218-09-2026 00:29:33 [38;5;015m[INFO]: [0mThis is a info message from thread 2418-09-2026 00:29:33 [38;5;015m[INFO]: [0mThis is a info message from thread 2218-09-2026 00:29:33 [38;5;009m[ERROR]: [0mThis is a error message from thread 2318-09-2026 00:29:33 [38;5;117m[DEBUG]: [0mThis is a debug message from thread 2318-09-2026 00:29:33 [38;5;015m[INFO]: [0mThis is a info message from thread 2318-09-2026 00:29:33 [38;5;009m[ERROR]: [0mThis is a error message from thread 2218-09-2026 00:29:33 [38;5;015m[INFO]: [0mThis is a info message from thread 618-09-2026 00:29:33 [38;5;015m[INFO]: [0mThis is a info message from thread 1418-09-2026 00:29:33 [38;5;117m[DEBUG]: [0mThis is a debug message from thread 1218-09-2026 00:29:33 [38;5;117m[DEBUG]: [0mThis is a debug message from thread 2218-09-2026 00:29:33 [38;5;009m[ERROR]: [0mThis is a error message from thread 1618-09-2026 00:29:33 [38;5;015m[INFO]: [0mThis is a info message from thread 2718-09-2026 00:29:33 [38;5;009m[ERROR]: [0mThis is a error message from thread 1418-09-2026 00:29:33 [38;5;009m[ERROR]: [0mThis is a error message from thread 118-09-2026 00:29:33 [38;5;015m[INFO]: [0mThis is a info message from thread 2218-09-2026 00:29:33 [38;5;117m[DEBUG]: [0mThis is a debug message from thread 1418-09-2026 00:29:33 [38;5;009m[ERROR]: [0mThis is a error message from thread 618-09-2026 00:29:33 [38;5;009m[ERROR]: [0mThis is a error message from thread 2318-09-2026 00:29:33 [38;5;009m[ERROR]: [0mThis is a error message from thread 2618-09-2026 00:29:33 [38;5;117m[DEBUG]: [0mThis is a debug message from thread 2318-09-2026 00:29:33 [38;5;117m[DEBUG]: [0mThis is a debug message from thread 2618-09-2026 00:29:33 [38;5;009m[ERROR]: [0mThis is a error message from thread 018-09-2026 00:29:33 [38;5;009m[ERROR]: [0mThis is a error message from thread 2518-09-2026 00:29:33 [38;5;015m[INFO]: [0mThis is a info message from thread 2618-09-2026 00:29:33 [38;5;117m[DEBUG]: [0mThis is a debug message from thread 1918-09-2026 00:29:33 [38;5;009m[ERROR]: [0mThis is a error message from thread 2718-09-2026 00:29:33 [38;5;015m[INFO]: [0mThis is a info message from thread 1418-09-2026 00:29:33 [38;5;015m[INFO]: [0mThis is a info message from thread 1918-09-2026 00:29:33 [38;5;117m[DEBUG]: [0mThis is a debug message from thread 2718-09-2026 00:29:33 [38;5;009m[ERROR]: [0mThis is a error message from thread 1418-09-2026 00:29:33 [38;5;009m[ERROR]: [0mThis is a error message from thread 2618-09-2026 00:29:33 [38;5;015m[INFO]: [0mThis is a info message from thread 2718-09-2026 00:29:33 [38;5;015m[INFO]: [0mThis is a info message from thread 1218-09-2026 00:29:33 [38;5;117m[DEBUG]: [0mThis is a debug message from thread 1418-09-2026 00:29:33 [38;5;117m[DEBUG]: [0mThis is a debug message from thread 1618-09-2026 00:29:33 [38;5;009m[ERROR]: [0mThis is a error message from thread 2718-09-2026 00:29:33 [38;5;015m[INFO]: [0mThis is a info message from thread 1418-09-2026 00:29:33 [38;5;009m[ERROR]: [0mThis is a error message from thread 1418-09-2026 00:29:33 [38;5;015m[INFO]: [0mThis is a info message from thread 2118-09-2026 00:29:33 [38;5;117m[DEBUG]: [0mThis is a debug message from thread 1418-09-2026 00:29:33 [38;5;015m[INFO]: [0mThis is a info message from thread 818-09-2026 00:29:33 [38;5;015m[INFO]: [0mThis is a info message from thread 1118-09-2026 00:29:33 [38;5;015m[INFO]: [0mThis is a info message from thread 1418-09-2026 00:29:33 [38;5;009m[ERROR]: [0mThis is a error message from thread 2218-09-2026 00:29:33 [38;5;117m[DEBUG]: [0mThis is a debug message from thread 1718-09-2026 00:29:33 [38;5;117m[DEBUG]: [0mThis is a debug message from thread 2218-09-2026 00:29:33 [38;5;117m[DEBUG]: [0mThis is a debug message from thread 118-09-2026 00:29:33 [38;5;009m[ERROR]: [0mThis is a error message from thread 1218-09-2026 00:29:33 [38;5;009m[ERROR]: [0mThis is a error message from thread 1118-09-2026 00:29:33 [38;5;009m[ERROR]: [0mThis is a error message from thread 818-09-2026 00:29:33 [38;5;117m[DEBUG]: [0mThis is a debug message from thread 318-09-2026 00:29:33 [38;5;015m[INFO]: [0mThis is a info message from thread 918-09-2026 00:29:33 [38;5;015m[INFO]: [0mThis is a info message from thread 2218-09-2026 00:29:33 [38;5;015m[INFO]: [0mThis is a info message from thread 718-09-2026 00:29:33 [38;5;009m[ERROR]: [0mThis is a error message from thread 918-09-2026 00:29:33 [38;5;015m[INFO]: [0mThis is a info message from thread 2018-09-2026 00:29:33 [38;5;009m[ERROR]: [0mThis is a error message from thread 2418-09-2026 00:29:33 [38;5;009m[ERROR]: [0mThis is a error message from thread 1918-09-2026 00:29:33 [38;5;015m[INFO]: [0mThis is a info message from thread 318-09-2026 00:29:33 [38;5;117m[DEBUG]: [0mThis is a debug message from thread 1318-09-2026 00:29:33 [38;5;117m[DEBUG]: [0mThis is a debug message from thread 918-09-2026 00:29:33 [38;5;009m[ERROR]: [0mThis is a error message from thread 1518-09-2026 00:29:33 [38;5;117m[DEBUG]: [0mThis is a debug message from thread 1918-09-2026 00:29:33 [38;5;015m[INFO]: [0mThis is a info message from thread 1618-09-2026 00:29:33 [38;5;015m[INFO]: [0mThis is a info message from thread 118-09-2026 00:29:33 [38;5;117m[DEBUG]: [0mThis is a debug message from thread 018-09-2026 00:29:33 [38;5;009m[ERROR]: [0mThis is a error message from thread 318-09-2026 00:29:33 [38;5;117m[DEBUG]: [0mThis is a debug message from thread 2918-09-2026 00:29:33 [38;5;015m[INFO]: [0mThis is a info message from thread 918-09-2026 00:29:33 [38;5;015m[INFO]: [0mThis is a info message from thread 1918-09-2026 00:29:33 [38;5;117m[DEBUG]: [0mThis is a debug message from thread 518-09-2026 00:29:33 [38;5;117m[DEBUG]: [0mThis is a debug message from thread 2718-09-2026 00:29:33 [38;5;015m[INFO]: [0mThis is a info message from thread 1318-09-2026 00:29:33 [38;5;015m[INFO]: [0mThis is a info message from thread 2818-09-2026 00:29:33 [38;5;117m[DEBUG]: [0mThis is a debug message from thread 318-09-2026 00:29:33 [38;5;009m[ERROR]: [0mThis is a error message from thread 1918-09-2026 00:29:33 [38;5;015m[INFO]: [0mThis is a info message from thread 2318-09-2026 00:29:33 [38;5;009m[ERROR]: [0mThis is a error message from thread 918-09-2026 00:29:33 [38;5;015m[INFO]: [0mThis is a info message from thread 2918-09-2026 00:29:33 [38;5;009m[ERROR]: [0mThis is a error message from thread 1418-09-2026 00:29:33 [38;5;015m[INFO]: [0mThis is a info message from thread 1718-09-2026 00:29:33 [38;5;009m[ERROR]: [0mThis is a error message from thread 1818-09-2026 00:29:33 [38;5;117m[DEBUG]: [0mThis is a debug message from thread 1118-09-2026 00:29:33 [38;5;009m[ERROR]: [0mThis is a error message from thread 2218-09-2026 00:29:33 [38;5;117m[DEBUG]: [0mThis is a debug message from thread 618-09-2026 00:29:33 [38;5;117m[DEBUG]: [0mThis is a debug message from thread 1218-09-2026 00:29:33 [38;5;009m[ERROR]: [0mThis is a error message from thread 118-09-2026 00:29:33 [38;5;009m[ERROR]: [0mThis is a error message from thread 718-09-2026 00:29:33 [38;5;117m[DEBUG]: [0mThis is a debug message from thread 1518-09-2026 00:29:33 [38;5;117m[DEBUG]: [0mThis is a debug message from thread 218-09-2026 00:29:33 [38;5;009m[ERROR]: [0mThis is a error message from thread 2318-09-2026 00:29:33 [38;5;015m[INFO]: [0mThis is a info message from thread 1118-09-2026 00:29:33 [38;5;117m[DEBUG]: [0mThis is a debug message from thread 1818-09-2026 00:29:33 [38;5;117m[DEBUG]: [0mThis is a debug message from thread 2218-09-2026 00:29:33 [38;5;009m[ERROR]: [0mThis is a error message from thread 2818-09-2026 00:29:33 [38;5;009m[ERROR]: [0mThis is a error message from thread 1318-09-2026 00:29:33 [38;5;015m[INFO]: [0mThis is a info message from thread 018-09-2026 00:29:33 [38;5;015m[INFO]: [0mThis is a info message from thread 218-09-2026 00:29:33 [38;5;015m[INFO]: [0mThis is a info message from thread 1818-09-2026 00:29:33 [38;5;117m[DEBUG]: [0mThis is a debug message from thread 2818-09-2026 00:29:33 [38;5;009m[ERROR]: [0mThis is a error message from thread 218-09-2026 00:29:33 [38;5;015m[INFO]: [0mThis is a info message from thread 1518-09-2026 00:29:33 [38;5;015m[INFO]: [0mThis is a info message from thread 2818-09-2026 00:29:33 [38;5;117m[DEBUG]: [0mThis is a debug message from thread 1318-09-2026 00:29:33 [38;5;009m[ERROR]: [0mThis is a error message from thread 018-09-2026 00:29:33 [38;5;117m[DEBUG]: [0mThis is a debug message from thread 1418-09-2026 00:29:33 [38;5;015m[INFO]: [0mThis is a info message from thread 518-09-2026 00:29:33 [38;5;015m[INFO]: [0mThis is a info message from thread 2718-09-2026 00:29:33 [38;5;015m[INFO]: [0mThis is a info message from thread 1318-09-2026 00:29:33 [38;5;009m[ERROR]: [0mThis is a error message from thread 2818-09-2026 00:29:33 [38;5;117m[DEBUG]: [0mThis is a debug message from thread 018-09-2026 00:29:33 [38;5;117m[DEBUG]: [0mThis is a debug message from thread 2818-09-2026 00:29:33 [38;5;009m[ERROR]: [0mThis is a error message from thread 1318-09-2026 00:29:33 [38;5;015m[INFO]: [0mThis is a info message from thread 018-09-2026 00:29:33 [38;5;009m[ERROR]: [0mThis is a error message from thread 018-09-2026 00:29:33 [38;5;009m[ERROR]: [0mThis is a error message from thread 2118-09-2026 00:29:33 [38;5;009m[ERROR]: [0mThis is a error message from thread 518-09-2026 00:29:33 [38;5;015m[INFO]: [0mThis is a info message from thread 2218-09-2026 00:29:33 [38;5;009m[ERROR]: [0mThis is a error message from thread 1818-09-2026 00:29:33 [38;5;117m[DEBUG]: [0mThis is a debug message from thread 2118-09-2026 00:29:33 [38;5;117m[DEBUG]: [0mThis is a debug message from thread 1918-09-2026 00:29:33 [38;5;009m[ERROR]: [0mThis is a error message from thread 1518-09-2026 00:29:33 [38;5;117m[DEBUG]: [0mThis is a debug message from thread 518-09-2026 00:29:33 [38;5;117m[DEBUG]: [0mThis is a debug message from thread 1818-09-2026 00:29:33 [38;5;015m[INFO]: [0mThis is a info message from thread 418-09-2026 00:29:33 [38;5;117m[DEBUG]: [0mThis is a debug message from thread 018-09-2026 00:29:33 [38;5;117m[DEBUG]: [0mThis is a debug message from thread 818-09-2026 00:29:33 [38;5;015m[INFO]: [0mThis is a info message from thread 318-09-2026 00:29:33 [38;5;009m[ERROR]: [0mThis is a error message from thread 2718-09-2026 00:29:33 [38;5;015m[INFO]: [0mThis is a info message from thread 1818-09-2026 00:29:33 [38;5;117m[DEBUG]: [0mThis is a debug message from thread 2418-09-2026 00:29:33 [38;5;009m[ERROR]: [0mThis is a error message from thread 2918-09-2026 00:29:33 [38;5;015m[INFO]: [0mThis is a info message from thread 518-09-2026 00:29:33 [38;5;009m[ERROR]: [0mThis is a error message from thread 418-09-2026 00:29:33 [38;5;117m[DEBUG]: [0mThis is a debug message from thread 918-09-2026 00:29:33 [38;5;015m[INFO]: [0mThis is a info message from thread 2118-09-2026 00:29:33 [38;5;015m[INFO]: [0mThis is a info message from thread 2418-09-2026 00:29:33 [38;5;009m[ERROR]: [0mThis is a error message from thread 2118-09-2026 00:29:33 [38;5;009m[ERROR]: [0mThis is a error message from thread 1118-09-2026 00:29:33 [38;5;015m[INFO]: [0mThis is a info message from thread 618-09-2026 00:29:33 [38;5;015m[INFO]: [0mThis is a info message from thread 1218-09-2026 00:29:33 [38;5;009m[ERROR]: [0mThis is a error message from thread 2418-09-2026 00:29:33 [38;5;117m[DEBUG]: [0mThis is a debug message from thread 1118-09-2026 00:29:33 [38;5;009m[ERROR]: [0mThis is a error message from thread 1818-09-2026 00:29:33 [38;5;015m[INFO]: [0mThis is a info message from thread 918-09-2026 00:29:33 [38;5;009m[ERROR]: [0mThis is a error message from thread 518-09-2026 00:29:33 [38;5;009m[ERROR]: [0mThis is a error message from thread 918-09-2026 00:29:33 [38;5;009m[ERROR]: [0mThis is a error message from thread 318-09-2026 00:29:33 [38;5;015m[INFO]: [0mThis is a info message from thread 2818-09-2026 00:29:33 [38;5;117m[DEBUG]: [0mThis is a debug message from thread 318-09-2026 00:29:33 [38;5;009m[ERROR]: [0mThis is a error message from thread 618-09-2026 00:29:33 [38;5;015m[INFO]: [0mThis is a info message from thread 1118-09-2026 00:29:33 [38;5;117m[DEBUG]: [0mThis is a debug message from thread 718-09-2026 00:29:33 [38;5;117m[DEBUG]: [0mThis is a debug message from thread 918-09-2026 00:29:33 [38;5;009m[ERROR]: [0mThis is a error message from thread 2818-09-2026 00:29:33 [38;5;117m[DEBUG]: [0mThis is a debug message from thread 1818-09-2026 00:29:33 [38;5;009m[ERROR]: [0mThis is a error message from thread 1118-09-2026 00:29:33 [38;5;015m[INFO]: [0mThis is a info message from thread 818-09-2026 00:29:33 [38;5;015m[INFO]: [0mThis is a info message from thread 318-09-2026 00:29:33 [38;5;015m[INFO]: [0mThis is a info message from thread 718-09-2026 00:29:33 [38;5;009m[ERROR]: [0mThis is a error message from thread 818-09-2026 00:29:33 [38;5;015m[INFO]: [0mThis is a info message from thread 1918-09-2026 00:29:33 [38;5;117m[DEBUG]: [0mThis is a debug message from thread 118-09-2026 00:29:33 [38;5;117m[DEBUG]: [0mThis is a debug message from thread 2818-09-2026 00:29:33 [38;5;117m[DEBUG]: [0mThis is a debug message from thread 1018-09-2026 00:29:33 [38;5;117m[DEBUG]: [0mThis is a debug message from thread 518-09-2026 00:29:33 [38;5;009m[ERROR]: [0mThis is a error message from thread 318-09-2026 00:29:33 [38;5;015m[INFO]: [0mThis is a info message from thread 1018-09-2026 00:29:33 [38;5;117m[DEBUG]: [0mThis is a debug message from thread 618-09-2026 00:29:33 [38;5;015m[INFO]: [0mThis is a info message from thread 2818-09-2026 00:29:33 [38;5;009m[ERROR]: [0mThis is a error message from thread 718-09-2026 00:29:33 [38;5;117m[DEBUG]: [0mThis is a debug message from thread 2518-09-2026 00:29:33 [38;5;009m[ERROR]: [0mThis is a error message from thread 1618-09-2026 00:29:33 [38;5;117m[DEBUG]: [0mThis is a debug message from thread 2718-09-2026 00:29:33 [38;5;015m[INFO]: [0mThis is a info message from thread 1418-09-2026 00:29:33 [38;5;015m[INFO]: [0mThis is a info message from thread 2718-09-2026 00:29:33 [38;5;117m[DEBUG]: [0mThis is a debug message from thread 318-09-2026 00:29:33 [38;5;009m[ERROR]: [0mThis is a error message from thread 2718-09-2026 00:29:33 [38;5;117m[DEBUG]: [0mThis is a debug message from thread 1618-09-2026 00:29:33 [38;5;015m[INFO]: [0mThis is a info message from thread 518-09-2026 00:29:33 [38;5;117m[DEBUG]: [0mThis is a debug message from thread 218-09-2026 00:29:33 [38;5;015m[INFO]: [0mThis is a info message from thread 918-09-2026 00:29:33 [38;5;117m[DEBUG]: [0mThis is a debug message from thread 2318-09-2026 00:29:33 [38;5;009m[ERROR]: [0mThis is a error message from thread 2218-09-2026 00:29:33 [38;5;009m[ERROR]: [0mThis is a error message from thread 2018-09-2026 00:29:33 [38;5;009m[ERROR]: [0mThis is a error message from thread 1218-09-2026 00:29:33 [38;5;009m[ERROR]: [0mThis is a error message from thread 1918-09-2026 00:29:33 [38;5;009m[ERROR]: [0mThis is a error message from thread 2818-09-2026 00:29:33 [38;5;117m[DEBUG]: [0mThis is a debug message from thread 818-09-2026 00:29:33 [38;5;117m[DEBUG]: [0mThis is a debug message from thread 1118-09-2026 00:29:33 [38;5;117m[DEBUG]: [0mThis is a debug message from thread 2118-09-2026 00:29:33 [38;5;117m[DEBUG]: [0mThis is a debug message from thread 1918-09-2026 00:29:33 [38;5;015m[INFO]: [0mThis is a info message from thread 818-09-2026 00:29:33 [38;5;015m[INFO]: [0mThis is a info message from thread 2518-09-2026 00:29:33 [38;5;015m[INFO]: [0mThis is a info message from thread 218-09-2026 00:29:33 [38;5;117m[DEBUG]: [0mThis is a debug message from thread 2918-09-2026 00:29:33 [38;5;015m[INFO]: [0mThis is a info message from thread 118-09-2026 00:29:33 [38;5;117m[DEBUG]: [0mThis is a debug message from thread 2618-09-2026 00:29:33 [38;5;117m[DEBUG]: [0mThis is a debug message from thread 2018-09-2026 00:29:33 [38;5;117m[DEBUG]: [0mThis is a debug message from thread 2818-09-2026 00:29:33 [38;5;015m[INFO]: [0mThis is a info message from thread 018-09-2026 00:29:33 [38;5;009m[ERROR]: [0mThis is a error message from thread 918-09-2026 00:29:33 [38;5;117m[DEBUG]: [0mThis is a debug message from thread 418-09-2026 00:29:33 [38;5;117m[DEBUG]: [0mThis is a debug message from thread 918-09-2026 00:29:33 [38;5;009m[ERROR]: [0mThis is a error message from thread 218-09-2026 00:29:33 [38;5;117m[DEBUG]: [0mThis is a debug message from thread 218-09-2026 00:29:33 [38;5;015m[INFO]: [0mThis is a info message from thread 2818-09-2026 00:29:33 [38;5;009m[ERROR]: [0mThis is a error message from thread 018-09-2026 00:29:33 [38;5;015m[INFO]: [0mThis is a info message from thread 1118-09-2026 00:29:33 [38;5;015m[INFO]: [0mThis is a info message from thread 218-09-2026 00:29:33 [38;5;009m[ERROR]: [0mThis is a error message from thread 1718-09-2026 00:29:33 [38;5;009m[ERROR]: [0mThis is a error message from thread 2518-09-2026 00:29:33 [38;5;117m[DEBUG]: [0mThis is a debug message from thread 2418-09-2026 00:29:33 [38;5;009m[ERROR]: [0mThis is a error message from thread 2818-09-2026 00:29:33 [38;5;117m[DEBUG]: [0mThis is a debug message from thread 018-09-2026 00:29:33 [38;5;015m[INFO]: [0mThis is a info message from thread 1918-09-2026 00:29:33 [38;5;015m[INFO]: [0mThis is a info message from thread 2418-09-2026 00:29:33 [38;5;009m[ERROR]: [0mThis is a error message from thread 818-09-2026 00:29:33 [38;5;117m[DEBUG]: [0mThis is a debug message from thread 2818-09-2026 00:29:33 [38;5;117m[DEBUG]: [0mThis is a debug message from thread 1718-09-2026 00:29:33 [38;5;117m[DEBUG]: [0mThis is a debug message from thread 1518-09-2026 00:29:33 [38;5;009m[ERROR]: [0mThis is a error message from thread 1918-09-2026 00:29:33 [38;5;117m[DEBUG]: [0mThis is a debug message from thread 818-09-2026 00:29:33 [38;5;015m[INFO]: [0mThis is a info message from thread 2018-09-2026 00:29:33 [38;5;015m[INFO]: [0mThis is a info message from thread 1518-09-2026 00:29:33 [38;5;117m[DEBUG]: [0mThis is a debug message from thread 1918-09-2026 00:29:33 [38;5;015m[INFO]: [0mThis is a info message from thread 918-09-2026 00:29:33 [38;5;015m[INFO]: [0mThis is a info message from thread 1818-09-2026 00:29:33 [38;5;015m[INFO]: [0mThis is a info message from thread 2118-09-2026 00:29:33 [38;5;117m[DEBUG]: [0mThis is a debug message from thread 2218-09-2026 00:29:33 [38;5;009m[ERROR]: [0mThis is a error message from thread 1518-09-2026 00:29:33 [38;5;117m[DEBUG]: [0mThis is a debug message from thread 718-09-2026 00:29:33 [38;5;009m[ERROR]: [0mThis is a error message from thread 1118-09-2026 00:29:33 [38;5;015m[INFO]: [0mThis is a info message from thread 418-09-2026 00:29:33 [38;5;015m[INFO]: [0mThis is a info message from thread 2318-09-2026 00:29:33 [38;5;015m[INFO]: [0mThis is a info message from thread 2218-09-2026 00:29:33 [38;5;117m[DEBUG]: [0mThis is a debug message from thread 1318-09-2026 00:29:33 [38;5;015m[INFO]: [0mThis is a info message from thread 718-09-2026 00:29:33 [38;5;009m[ERROR]: [0mThis is a error message from thread 718-09-2026 00:29:33 [38;5;117m[DEBUG]: [0mThis is a debug message from thread 1518-09-2026 00:29:33 [38;5;117m[DEBUG]: [0mThis is a debug message from thread 1118-09-2026 00:29:33 [38;5;015m[INFO]: [0mThis is a info message from thread 1318-09-2026 00:29:33 [38;5;015m[INFO]: [0mThis is a info message from thread 1518-09-2026 00:29:33 [38;5;015m[INFO]: [0mThis is a info message from thread 1118-09-2026 00:29:33 [38;5;009m[ERROR]: [0mThis is a error message from thread 1518-09-2026 00:29:33 [38;5;117m[DEBUG]: [0mThis is a debug message from thread 718-09-2026 00:29:33 [38;5;009m[ERROR]: [0mThis is a error message from thread 1318-09-2026 00:29:33 [38;5;015m[INFO]: [0mThis is a info message from thread 018-09-2026 00:29:33 [38;5;009m[ERROR]: [0mThis is a error message from thread 2218-09-2026 00:29:33 [38;5;117m[DEBUG]: [0mThis is a debug message from thread 1218-09-2026 00:29:33 [38;5;117m[DEBUG]: [0mThis is a debug message from thread 2518-09-2026 00:29:33 [38;5;009m[ERROR]: [0mThis is a error message from thread 1418-09-2026 00:29:33 [38;5;009m[ERROR]: [0mThis is a error message from thread 1018-09-2026 00:29:33 [38;5;015m[INFO]: [0mThis is a info message from thread 318-09-2026 00:29:33 [38;5;015m[INFO]: [0mThis is a info message from thread 2518-09-2026 00:29:33 [38;5;015m[INFO]: [0mThis is a info message from thread 1218-09-2026 00:29:33 [38;5;015m[INFO]: [0mThis is a info message from thread 718-09-2026 00:29:33 [38;5;015m[INFO]: [0mThis is a info message from thread 818-09-2026 00:29:33 [38;5;009m[ERROR]: [0mThis is a error message from thread 318-09-2026 00:29:33 [38;5;009m[ERROR]: [0mThis is a error message from thread 1218-09-2026 00:29:33 [38;5;009m[ERROR]: [0mThis is a error message from thread 2518-09-2026 00:29:33 [38;5;015m[INFO]: [0mThis is a info message from thread 1618-09-2026 00:29:33 [38;5;117m[DEBUG]: [0mThis is a debug message from thread 1018-09-2026 00:29:33 [38;5;009m[ERROR]: [0mThis is a error message from thread 2418-09-2026 00:29:33 [38;5;009m[ERROR]: [0mThis is a error message from thread 718-09-2026 00:29:33 [38;5;117m[DEBUG]: [0mThis is a debug message from thread 318-09-2026 00:29:33 [38;5;015m[INFO]: [0mThis is a info message from thread 1018-09-2026 00:29:33 [38;5;117m[DEBUG]: [0mThis is a debug message from thread 2418-09-2026 00:29:33 [38;5;015m[INFO]: [0mThis is a info message from thread 318-09-2026 00:29:33 [38;5;009m[ERROR]: [0mThis is a error message from thread 118-09-2026 00:29:33 [38;5;117m[DEBUG]: [0mThis is a debug message from thread 118-09-2026 00:29:33 [38;5;015m[INFO]: [0mThis is a info message from thread 2618-09-2026 00:29:33 [38;5;015m[INFO]: [0mThis is a info message from thread 118-09-2026 00:29:33 [38;5;009m[ERROR]: [0mThis is a error message from thread 2618-09-2026 00:29:33 [38;5;015m[INFO]: [0mThis is a info message from thread 2918-09-2026 00:29:33 [38;5;009m[ERROR]: [0mThis is a error message from thread 118-09-2026 00:29:33 [38;5;009m[ERROR]: [0mThis is a error message from thread 2118-09-2026 00:29:33 [38;5;117m[DEBUG]: [0mThis is a debug message from thread 718-09-2026 00:29:33 [38;5;009m[ERROR]: [0mThis is a error message from thread 318-09-2026 00:29:33 [38;5;015m[INFO]: [0mThis is a info message from thread 2418-09-2026 00:29:33 [38;5;009m[ERROR]: [0mThis is a error message from thread 218-09-2026 00:29:33 [38;5;009m[ERROR]: [0mThis is a error message from thread 1618-09-2026 00:29:33 [38;5;009m[ERROR]: [0mThis is a error message from thread 2918-09-2026 00:29:33 [38;5;117m[DEBUG]: [0mThis is a debug message from thread 2118-09-2026 00:29:33 [38;5;009m[ERROR]: [0mThis is a error message from thread 2418-09-2026 00:29:33 [38;5;015m[INFO]: [0mThis is a info message from thread 2118-09-2026 00:29:33 [38;5;117m[DEBUG]: [0mThis is a debug message from thread 2918-09-2026 00:29:33 [38;5;117m[DEBUG]: [0mThis is a debug message from thread 218-09-2026 00:29:33 [38;5;117m[DEBUG]: [0mThis is a debug message from thread 1518-09-2026 00:29:33 [38;5;009m[ERROR]: [0mThis is a error message from thread 2118-09-2026 00:29:33 [38;5;009m[ERROR]: [0mThis is a error message from thread 918-09-2026 00:29:33 [38;5;015m[INFO]: [0mThis is a info message from thread 2918-09-2026 00:29:33 [38;5;009m[ERROR]: [0mThis is a error message from thread 1118-09-2026 00:29:33 [38;5;015m[INFO]: [0mThis is a info message from thread 218-09-2026 00:29:33 [38;5;015m[INFO]: [0mThis is a info message from thread 2818-09-2026 00:29:33 [38;5;117m[DEBUG]: [0mThis is a debug message from thread 2518-09-2026 00:29:33 [38;5;009m[ERROR]: [0mThis is a error message from thread 1018-09-2026 00:29:33 [38;5;009m[ERROR]: [0mThis is a error message from thread 218-09-2026 00:29:33 [38;5;117m[DEBUG]: [0mThis is a debug message from thread 1018-09-2026 00:29:33 [38;5;117m[DEBUG]: [0mThis is a debug message from thread 2218-09-2026 00:29:33 [38;5;009m[ERROR]: [0mThis is a error message from thread 2018-09-2026 00:29:33 [38;5;009m[ERROR]: [0mThis is a error message from thread 518-09-2026 00:29:33 [38;5;009m[ERROR]: [0mThis is a error message from thread 418-09-2026 00:29:33 [38;5;015m[INFO]: [0mThis is a info message from thread 2218-09-2026 00:29:33 [38;5;117m[DEBUG]: [0mThis is a debug message from thread 1118-09-2026 00:29:33 [38;5;015m[INFO]: [0mThis is a info message from thread 2518-09-2026 00:29:33 [38;5;015m[INFO]: [0mThis is a info message from thread 718-09-2026 00:29:33 [38;5;015m[INFO]: [0mThis is a info message from thread 1018-09-2026 00:29:33 [38;5;117m[DEBUG]: [0mThis is a debug message from thread 2018-09-2026 00:29:33 [38;5;117m[DEBUG]: [0mThis is a debug message from thread 318-09-2026 00:29:33 [38;5;009m[ERROR]: [0mThis is a error message from thread 2918-09-2026 00:29:33 [38;5;009m[ERROR]: [0mThis is a error message from thread 2818-09-2026 00:29:33 [38;5;015m[INFO]: [0mThis is a info message from thread 1918-09-2026 00:29:33 [38;5;015m[INFO]: [0mThis is a info message from thread 618-09-2026 00:29:33 [38;5;117m[DEBUG]: [0mThis is a debug message from thread 2118-09-2026 00:29:33 [38;5;117m[DEBUG]: [0mThis is a debug message from thread 418-09-2026 00:29:33 [38;5;117m[DEBUG]: [0mThis is a debug message from thread 518-09-2026 00:29:33 [38;5;117m[DEBUG]: [0mThis is a debug message from thread 2618-09-2026 00:29:33 [38;5;117m[DEBUG]: [0mThis is a debug message from thread 118-09-2026 00:29:33 [38;5;009m[ERROR]: [0mThis is a error message from thread 018-09-2026 00:29:33 [38;5;117m[DEBUG]: [0mThis is a debug message from thread 218-09-2026 00:29:33 [38;5;009m[ERROR]: [0mThis is a error message from thread 1018-09-2026 00:29:33 [38;5;015m[INFO]: [0mThis is a info message from thread 2018-09-2026 00:29:33 [38;5;117m[DEBUG]: [0mThis is a debug message from thread 1618-09-2026 00:29:33 [38;5;117m[DEBUG]: [0mThis is a debug message from thread 018-09-2026 00:29:33 [38;5;009m[ERROR]: [0mThis is a error message from thread 2018-09-2026 00:29:33 [38;5;015m[INFO]: [0mThis is a info message from thread 418-09-2026 00:29:33 [38;5;015m[INFO]: [0mThis is a info message from thread 118-09-2026 00:29:33 [38;5;015m[INFO]: [0mThis is a info message from thread 1118-09-2026 00:29:33 [38;5;117m[DEBUG]: [0mThis is a debug message from thread 1218-09-2026 00:29:33 [38;5;117m[DEBUG]: [0mThis is a debug message from thread 1418-09-2026 00:29:33 [38;5;015m[INFO]: [0mThis is a info message from thread 1518-09-2026 00:29:33 [38;5;015m[INFO]: [0mThis is a info message from thread 1418-09-2026 00:29:33 [38;5;009m[ERROR]: [0mThis is a error message from thread 718-09-2026 00:29:33 [38;5;015m[INFO]: [0mThis is a info message from thread 1618-09-2026 00:29:33 [38;5;009m[ERROR]: [0mThis is a error message from thread 1818-09-2026 00:29:33 [38;5;009m[ERROR]: [0mThis is a error message from thread 1418-09-2026 00:29:33 [38;5;117m[DEBUG]: [0mThis is a debug message from thread 2018-09-2026 00:29:33 [38;5;009m[ERROR]: [0mThis is a error message from thread 118-09-2026 00:29:33 [38;5;015m[INFO]: [0mThis is a info message from thread 218-09-2026 00:29:33 [38;5;117m[DEBUG]: [0mThis is a debug message from thread 2418-09-2026 00:29:33 [38;5;117m[DEBUG]: [0mThis is a debug message from thread 718-09-2026 00:29:33 [38;5;009m[ERROR]: [0mThis is a error message from thread 2218-09-2026 00:29:33 [38;5;117m[DEBUG]: [0mThis is a debug message from thread 118-09-2026 00:29:33 [38;5;009m[ERROR]: [0mThis is a error message from thread 1918-09-2026 00:29:33 [38;5;015m[INFO]: [0mThis is a info message from thread 2618-09-2026 00:29:33 [38;5;117m[DEBUG]: [0mThis is a debug message from thread 2818-09-2026 00:29:33 [38;5;009m[ERROR]: [0mThis is a error message from thread 2618-09-2026 00:29:33 [38;5;015m[INFO]: [0mThis is a info message from thread 2018-09-2026 00:29:33 [38;5;117m[DEBUG]: [0mThis is a debug message from thread 1418-09-2026 00:29:33 [38;5;117m[DEBUG]: [0mThis is a debug message from thread 2618-09-2026 00:29:33 [38;5;015m[INFO]: [0mThis is a info message from thread 518-09-2026 00:29:33 [38;5;117m[DEBUG]: [0mThis is a debug message from thread 1918-09-2026 00:29:33 [38;5;015m[INFO]: [0mThis is a info message from thread 118-09-2026 00:29:33 [38;5;015m[INFO]: [0mThis is a info message from thread 1918-09-2026 00:29:33 [38;5;009m[ERROR]: [0mThis is a error message from thread 118-09-2026 00:29:33 [38;5;015m[INFO]: [0mThis is a info message from thread 1418-09-2026 00:29:33 [38;5;015m[INFO]: [0mThis is a info message from thread 2818-09-2026 00:29:33 [38;5;009m[ERROR]: [0mThis is a error message from thread 1518-09-2026 00:29:33 [38;5;117m[DEBUG]: [0mThis is a debug message from thread 118-09-2026 00:29:33 [38;5;015m[INFO]: [0mThis is a info message from thread 2618-09-2026 00:29:33 [38;5;009m[ERROR]: [0mThis is a error message from thread 518-09-2026 00:29:33 [38;5;009m[ERROR]: [0mThis is a error message from thread 418-09-2026 00:29:33 [38;5;015m[INFO]: [0mThis is a info message from thread 718-09-2026 00:29:33 [38;5;009m[ERROR]: [0mThis is a error message from thread 2518-09-2026 00:29:33 [38;5;117m[DEBUG]: [0mThis is a debug message from thread 1318-09-2026 00:29:33 [38;5;117m[DEBUG]: [0mThis is a debug message from thread 418-09-2026 00:29:33 [38;5;015m[INFO]: [0mThis is a info message from thread 1318-09-2026 00:29:33 [38;5;015m[INFO]: [0mThis is a info message from thread 418-09-2026 00:29:33 [38;5;009m[ERROR]: [0mThis is a error message from thread 1918-09-2026 00:29:33 [38;5;009m[ERROR]: [0mThis is a error message from thread 418-09-2026 00:29:33 [38;5;009m[ERROR]: [0mThis is a error message from thread 1618-09-2026 00:29:33 [38;5;117m[DEBUG]: [0mThis is a debug message from thread 418-09-2026 00:29:33 [38;5;015m[INFO]: [0mThis is a info message from thread 418-09-2026 00:29:33 [38;5;117m[DEBUG]: [0mThis is a debug message from thread 1918-09-2026 00:29:33 [38;5;117m[DEBUG]: [0mThis is a debug message from thread 1518-09-2026 00:29:33 [38;5;009m[ERROR]: [0mThis is a error message from thread 418-09-2026 00:29:33 [38;5;009m[ERROR]: [0mThis is a error message from thread 2818-09-2026 00:29:33 [38;5;117m[DEBUG]: [0mThis is a debug message from thread 418-09-2026 00:29:33 [38;5;117m[DEBUG]: [0mThis is a debug message from thread 2918-09-2026 00:29:33 [38;5;009m[ERROR]: [0mThis is a error message from thread 1118-09-2026 00:29:33 [38;5;117m[DEBUG]: [0mThis is a debug message from thread 518-09-2026 00:29:33 [38;5;009m[ERROR]: [0mThis is a error message from thread 2618-09-2026 00:29:33 [38;5;015m[INFO]: [0mThis is a info message from thread 1218-09-2026 00:29:33 [38;5;009m[ERROR]: [0mThis is a error message from thread 818-09-2026 00:29:33 [38;5;009m[ERROR]: [0mThis is a error message from thread 618-09-2026 00:29:33 [38;5;015m[INFO]: [0mThis is a info message from thread 1718-09-2026 00:29:33 [38;5;117m[DEBUG]: [0mThis is a debug message from thread 1118-09-2026 00:29:33 [38;5;117m[DEBUG]: [0mThis is a debug message from thread 818-09-2026 00:29:33 [38;5;117m[DEBUG]: [0mThis is a debug message from thread 618-09-2026 00:29:33 [38;5;117m[DEBUG]: [0mThis is a debug message from thread 2818-09-2026 00:29:33 [38;5;117m[DEBUG]: [0mThis is a debug message from thread 1618-09-2026 00:29:33 [38;5;117m[DEBUG]: [0mThis is a debug message from thread 1818-09-2026 00:29:33 [38;5;117m[DEBUG]: [0mThis is a debug message from thread 918-09-2026 00:29:33 [38;5;015m[INFO]: [0mThis is a info message from thread 1118-09-2026 00:29:33 [38;5;117m[DEBUG]: [0mThis is a debug message from thread 1018-09-2026 00:29:33 [38;5;009m[ERROR]: [0mThis is a error message from thread 2018-09-2026 00:29:33 [38;5;009m[ERROR]: [0mThis is a error message from thread 1118-09-2026 00:29:33 [38;5;009m[ERROR]: [0mThis is a error message from thread 1418-09-2026 00:29:33 [38;5;117m[DEBUG]: [0mThis is a debug message from thread 2218-09-2026 00:29:33 [38;5;015m[INFO]: [0mThis is a info message from thread 1618-09-2026 00:29:33 [38;5;117m[DEBUG]: [0mThis is a debug message from thread 2018-09-2026 00:29:33 [38;5;015m[INFO]: [0mThis is a info message from thread 1818-09-2026 00:29:33 [38;5;117m[DEBUG]: [0mThis is a debug message from thread 1118-09-2026 00:29:33 [38;5;117m[DEBUG]: [0mThis is a debug message from thread 1418-09-2026 00:29:33 [38;5;015m[INFO]: [0mThis is a info message from thread 918-09-2026 00:29:33 [38;5;015m[INFO]: [0mThis is a info message from thread 1118-09-2026 00:29:33 [38;5;015m[INFO]: [0mThis is a info message from thread 2218-09-2026 00:29:33 [38;5;015m[INFO]: [0mThis is a info message from thread 1418-09-2026 00:29:33 [38;5;009m[ERROR]: [0mThis is a error message from thread 2218-09-2026 00:29:33 [38;5;009m[ERROR]: [0mThis is a error message from thread 1118-09-2026 00:29:33 [38;5;009m[ERROR]: [0mThis is a error message from thread 918-09-2026 00:29:33 [38;5;015m[INFO]: [0mThis is a info message from thread 2818-09-2026 00:29:33 [38;5;015m[INFO]: [0mThis is a info message from thread 1918-09-2026 00:29:33 [38;5;009m[ERROR]: [0mThis is a error message from thread 1618-09-2026 00:29:33 [38;5;015m[INFO]: [0mThis is a info message from thread 1018-09-2026 00:29:33 [38;5;117m[DEBUG]: [0mThis is a debug message from thread 2518-09-2026 00:29:33 [38;5;009m[ERROR]: [0mThis is a error message from thread 718-09-2026 00:29:33 [38;5;117m[DEBUG]: [0mThis is a debug message from thread 2218-09-2026 00:29:33 [38;5;015m[INFO]: [0mThis is a info message from thread 018-09-2026 00:29:33 [38;5;117m[DEBUG]: [0mThis is a debug message from thread 718-09-2026 00:29:33 [38;5;009m[ERROR]: [0mThis is a error message from thread 1818-09-2026 00:29:33 [38;5;015m[INFO]: [0mThis is a info message from thread 2218-09-2026 00:29:33 [38;5;117m[DEBUG]: [0mThis is a debug message from thread 918-09-2026 00:29:33 [38;5;009m[ERROR]: [0mThis is a error message from thread 1018-09-2026 00:29:33 [38;5;015m[INFO]: [0mThis is a info message from thread 418-09-2026 00:29:33 [38;5;009m[ERROR]: [0mThis is a error message from thread 418-09-2026 00:29:33 [38;5;009m[ERROR]: [0mThis is a error message from thread 2218-09-2026 00:29:33 [38;5;015m[INFO]: [0mThis is a info message from thread 918-09-2026 00:29:33 [38;5;117m[DEBUG]: [0mThis is a debug message from thread 418-09-2026 00:29:33 [38;5;117m[DEBUG]: [0mThis is a debug message from thread 1818-09-2026 00:29:33 [38;5;015m[INFO]: [0mThis is a info message from thread 418-09-2026 00:29:33 [38;5;117m[DEBUG]: [0mThis is a debug message from thread 2218-09-2026 00:29:33 [38;5;009m[ERROR]: [0mThis is a error message from thread 1918-09-2026 00:29:33 [38;5;117m[DEBUG]: [0mThis is a debug message from thread 2718-09-2026 00:29:33 [38;5;015m[INFO]: [0mThis is a info message from thread 2718-09-2026 00:29:33 [38;5;009m[ERROR]: [0mThis is a error message from thread 918-09-2026 00:29:33 [38;5;015m[INFO]: [0mThis is a info message from thread 518-09-2026 00:29:33 [38;5;117m[DEBUG]: [0mThis is a debug message from thread 1618-09-2026 00:29:33 [38;5;009m[ERROR]: [0mThis is a error message from thread 1318-09-2026 00:29:33 [38;5;015m[INFO]: [0mThis is a info message from thread 2118-09-2026 00:29:33 [38;5;009m[ERROR]: [0mThis is a error message from thread 1718-09-2026 00:29:33 [38;5;015m[INFO]: [0mThis is a info message from thread 2918-09-2026 00:29:33 [38;5;015m[INFO]: [0mThis is a info message from thread 318-09-2026 00:29:33 [38;5;015m[INFO]: [0mThis is a info message from thread 1818-09-2026 00:29:33 [38;5;009m[ERROR]: [0mThis is a error message from thread 1418-09-2026 00:29:33 [38;5;015m[INFO]: [0mThis is a info message from thread 718-09-2026 00:29:33 [38;5;117m[DEBUG]: [0mThis is a debug message from thread 1918-09-2026 00:29:33 [38;5;117m[DEBUG]: [0mThis is a debug message from thread 1418-09-2026 00:29:33 [38;5;117m[DEBUG]: [0mThis is a debug message from thread 2618-09-2026 00:29:33 [38;5;015m[INFO]: [0mThis is a info message from thread 2418-09-2026 00:29:33 [38;5;015m[INFO]: [0mThis is a info message from thread 2218-09-2026 00:29:33 [38;5;009m[ERROR]: [0mThis is a error message from thread 518-09-2026 00:29:33 [38;5;015m[INFO]: [0mThis is a info message from thread 818-09-2026 00:29:33 [38;5;015m[INFO]: [0mThis is a info message from thread 2518-09-2026 00:29:33 [38;5;009m[ERROR]: [0mThis is a error message from thread 2918-09-2026 00:29:33 [38;5;015m[INFO]: [0mThis is a info message from thread 618-09-2026 00:29:33 [38;5;117m[DEBUG]: [0mThis is a debug message from thread 518-09-2026 00:29:33 [38;5;015m[INFO]: [0mThis is a info message from thread 1918-09-2026 00:29:33 [38;5;117m[DEBUG]: [0mThis is a debug message from thread 2918-09-2026 00:29:33 [38;5;009m[ERROR]: [0mThis is a error message from thread 418-09-2026 00:29:33 [38;5;009m[ERROR]: [0mThis is a error message from thread 618-09-2026 00:29:33 [38;5;015m[INFO]: [0mThis is a info message from thread 2918-09-2026 00:29:33 [38;5;117m[DEBUG]: [0mThis is a debug message from thread 618-09-2026 00:29:33 [38;5;015m[INFO]: [0mThis is a info message from thread 2618-09-2026 00:29:33 [38;5;015m[INFO]: [0mThis is a info message from thread 518-09-2026 00:29:33 [38;5;009m[ERROR]: [0mThis is a error message from thread 2318-09-2026 00:29:33 [38;5;015m[INFO]: [0mThis is a info message from thread 1518-09-2026 00:29:33 [38;5;009m[ERROR]: [0mThis is a error message from thread 1918-09-2026 00:29:33 [38;5;015m[INFO]: [0mThis is a info message from thread 2018-09-2026 00:29:33 [38;5;117m[DEBUG]: [0mThis is a debug message from thread 1718-09-2026 00:29:33 [38;5;009m[ERROR]: [0mThis is a error message from thread 1218-09-2026 00:29:33 [38;5;117m[DEBUG]: [0mThis is a debug message from thread 918-09-2026 00:29:33 [38;5;009m[ERROR]: [0mThis is a error message from thread 1818-09-2026 00:29:33 [38;5;009m[ERROR]: [0mThis is a error message from thread 718-09-2026 00:29:33 [38;5;117m[DEBUG]: [0mThis is a debug message from thread 1818-09-2026 00:29:33 [38;5;009m[ERROR]: [0mThis is a error message from thread 518-09-2026 00:29:33 [38;5;009m[ERROR]: [0mThis is a error message from thread 2018-09-2026 00:29:33 [38;5;009m[ERROR]: [0mThis is a error message from thread 2518-09-2026 00:29:33 [38;5;009m[ERROR]: [0mThis is a error message from thread 2418-09-2026 00:29:33 [38;5;009m[ERROR]: [0mThis is a error message from thread 018-09-2026 00:29:33 [38;5;117m[DEBUG]: [0mThis is a debug message from thread 1018-09-2026 00:29:33 [38;5;015m[INFO]: [0mThis is a info message from thread 1418-09-2026 00:29:33 [38;5;117m[DEBUG]: [0mThis is a debug message from thread 1218-09-2026 00:29:33 [38;5;009m[ERROR]: [0mThis is a error message from thread 2818-09-2026 00:29:33 [38;5;015m[INFO]: [0mThis is a info message from thread 1018-09-2026 00:29:33 [38;5;117m[DEBUG]: [0mThis is a debug message from thread 2418-09-2026 00:29:33 [38;5;009m[ERROR]: [0mThis is a error message from thread 2718-09-2026 00:29:33 [38;5;015m[INFO]: [0mThis is a info message from thread 918-09-2026 00:29:33 [38;5;117m[DEBUG]: [0mThis is a debug message from thread 2818-09-2026 00:29:33 [38;5;009m[ERROR]: [0mThis is a error message from thread 318-09-2026 00:29:33 [38;5;015m[INFO]: [0mThis is a info message from thread 1218-09-2026 00:29:33 [38;5;009m[ERROR]: [0mThis is a error message from thread 1518-09-2026 00:29:33 [38;5;009m[ERROR]: [0mThis is a error message from thread 1018-09-2026 00:29:33 [38;5;009m[ERROR]: [0mThis is a error message from thread 2118-09-2026 00:29:33 [38;5;015m[INFO]: [0mThis is a info message from thread 618-09-2026 00:29:33 [38;5;117m[DEBUG]: [0mThis is a debug message from thread 1018-09-2026 00:29:33 [38;5;009m[ERROR]: [0mThis is a error message from thread 1218-09-2026 00:29:33 [38;5;117m[DEBUG]: [0mThis is a debug message from thread 718-09-2026 00:29:33 [38;5;117m[DEBUG]: [0mThis is a debug message from thread 418-09-2026 00:29:33 [38;5;117m[DEBUG]: [0mThis is a debug message from thread 318-09-2026 00:29:33 [38;5;009m[ERROR]: [0mThis is a error message from thread 918-09-2026 00:29:33 [38;5;015m[INFO]: [0mThis is a info message from thread 418-09-2026 00:29:33 [38;5;015m[INFO]: [0mThis is a info message from thread 1018-09-2026 00:29:33 [38;5;117m[DEBUG]: [0mThis is a debug message from thread 2718-09-2026 00:29:33 [38;5;015m[INFO]: [0mThis is a info message from thread 318-09-2026 00:29:33 [38;5;009m[ERROR]: [0mThis is a error message from thread 2218-09-2026 00:29:33 [38;5;009m[ERROR]: [0mThis is a error message from thread 618-09-2026 00:29:33 [38;5;009m[ERROR]: [0mThis is a error message from thread 418-09-2026 00:29:33 [38;5;117m[DEBUG]: [0mThis is a debug message from thread 918-09-2026 00:29:33 [38;5;009m[ERROR]: [0mThis is a error message from thread 2618-09-2026 00:29:33 [38;5;015m[INFO]: [0mThis is a info message from thread 2718-09-2026 00:29:33 [38;5;117m[DEBUG]: [0mThis is a debug message from thread 418-09-2026 00:29:33 [38;5;009m[ERROR]: [0mThis is a error message from thread 2718-09-2026 00:29:33 [38;5;015m[INFO]: [0mThis is a info message from thread 418-09-2026 00:29:33 [38;5;117m[DEBUG]: [0mThis is a debug message from thread 2718-09-2026 00:29:33 [38;5;015m[INFO]: [0mThis is a info message from thread 1718-09-2026 00:29:33 [38;5;015m[INFO]: [0mThis is a info message from thread 2718-09-2026 00:29:33 [38;5;117m[DEBUG]: [0mThis is a debug message from thread 618-09-2026 00:29:33 [38;5;015m[INFO]: [0mThis is a info message from thread 2418-09-2026 00:29:33 [38;5;015m[INFO]: [0mThis is a info message from thread 618-09-2026 00:29:33 [38;5;117m[DEBUG]: [0mThis is a debug message from thread 2618-09-2026 00:29:33 [38;5;117m[DEBUG]: [0mThis is a debug message from thread 2118-09-2026 00:29:33 [38;5;009m[ERROR]: [0mThis is a error message from thread 618-09-2026 00:29:33 [38;5;117m[DEBUG]: [0mThis is a debug message from thread 018-09-2026 00:29:33 [38;5;015m[INFO]: [0mThis is a info message from thread 1818-09-2026 00:29:33 [38;5;117m[DEBUG]: [0mThis is a debug message from thread 1918-09-2026 00:29:33 [38;5;015m[INFO]: [0mThis is a info message from thread 2118-09-2026 00:29:33 [38;5;009m[ERROR]: [0mThis is a error message from thread 1818-09-2026 00:29:33 [38;5;117m[DEBUG]: [0mThis is a debug message from thread 1118-09-2026 00:29:33 [38;5;015m[INFO]: [0mThis is a info message from thread 718-09-2026 00:29:33 [38;5;015m[INFO]: [0mThis is a info message from thread 1118-09-2026 00:29:33 [38;5;117m[DEBUG]: [0mThis is a debug message from thread 1318-09-2026 00:29:33 [38;5;009m[ERROR]: [0mThis is a error message from thread 2418-09-2026 00:29:33 [38;5;117m[DEBUG]: [0mThis is a debug message from thread 1218-09-2026 00:29:33 [38;5;117m[DEBUG]: [0mThis is a debug message from thread 2318-09-2026 00:29:33 [38;5;009m[ERROR]: [0mThis is a error message from thread 418-09-2026 00:29:33 [38;5;015m[INFO]: [0mThis is a info message from thread 918-09-2026 00:29:33 [38;5;009m[ERROR]: [0mThis is a error message from thread 1718-09-2026 00:29:33 [38;5;117m[DEBUG]: [0mThis is a debug message from thread 2218-09-2026 00:29:33 [38;5;009m[ERROR]: [0mThis is a error message from thread 318-09-2026 00:29:33 [38;5;009m[ERROR]: [0mThis is a error message from thread 2918-09-2026 00:29:33 [38;5;009m[ERROR]: [0mThis is a error message from thread 1118-09-2026 00:29:33 [38;5;015m[INFO]: [0mThis is a info message from thread 118-09-2026 00:29:33 [38;5;117m[DEBUG]: [0mThis is a debug message from thread 418-09-2026 00:29:33 [38;5;015m[INFO]: [0mThis is a info message from thread 2318-09-2026 00:29:33 [38;5;117m[DEBUG]: [0mThis is a debug message from thread 2418-09-2026 00:29:33 [38;5;015m[INFO]: [0mThis is a info message from thread 1618-09-2026 00:29:33 [38;5;009m[ERROR]: [0mThis is a error message from thread 2718-09-2026 00:29:33 [38;5;015m[INFO]: [0mThis is a info message from thread 1918-09-2026 00:29:33 [38;5;117m[DEBUG]: [0mThis is a debug message from thread 2018-09-2026 00:29:33 [38;5;015m[INFO]: [0mThis is a info message from thread 018-09-2026 00:29:33 [38;5;117m[DEBUG]: [0mThis is a debug message from thread 1518-09-2026 00:29:33 [38;5;015m[INFO]: [0mThis is a info message from thread 1318-09-2026 00:29:33 [38;5;009m[ERROR]: [0mThis is a error message from thread 1018-09-2026 00:29:33 [38;5;117m[DEBUG]: [0mThis is a debug message from thread 2918-09-2026 00:29:33 [38;5;117m[DEBUG]: [0mThis is a debug message from thread 1718-09-2026 00:29:33 [38;5;117m[DEBUG]: [0mThis is a debug message from thread 318-09-2026 00:29:33 [38;5;015m[INFO]: [0mThis is a info message from thread 418-09-2026 00:29:33 [38;5;015m[INFO]: [0mThis is a info message from thread 1718-09-2026 00:29:33 [38;5;015m[INFO]: [0mThis is a info message from thread 2218-09-2026 00:29:33 [38;5;015m[INFO]: [0mThis is a info message from thread 2918-09-2026 00:29:33 [38;5;009m[ERROR]: [0mThis is a error message from thread 2318-09-2026 00:29:33 [38;5;015m[INFO]: [0mThis is a info message from thread 318-09-2026 00:29:33 [38;5;009m[ERROR]: [0mThis is a error message from thread 018-09-2026 00:29:33 [38;5;009m[ERROR]: [0mThis is a error message from thread 2218-09-2026 00:29:33 [38;5;009m[ERROR]: [0mThis is a error message from thread 718-09-2026 00:29:33 [38;5;009m[ERROR]: [0mThis is a error message from thread 1718-09-2026 00:29:33 [38;5;117m[DEBUG]: [0mThis is a debug message from thread 1718-09-2026 00:29:33 [38;5;009m[ERROR]: [0mThis is a error message from thread 1618-09-2026 00:29:33 [38;5;117m[DEBUG]: [0mThis is a debug message from thread 2318-09-2026 00:29:33 [38;5;009m[ERROR]: [0mThis is a error message from thread 2918-09-2026 00:29:33 [38;5;117m[DEBUG]: [0mThis is a debug message from thread 018-09-2026 00:29:33 [38;5;015m[INFO]: [0mThis is a info message from thread 2318-09-2026 00:29:33 [38;5;015m[INFO]: [0mThis is a info message from thread 2618-09-2026 00:29:33 [38;5;117m[DEBUG]: [0mThis is a debug message from thread 2218-09-2026 00:29:33 [38;5;009m[ERROR]: [0mThis is a error message from thread 1418-09-2026 00:29:33 [38;5;009m[ERROR]: [0mThis is a error message from thread 318-09-2026 00:29:33 [38;5;117m[DEBUG]: [0mThis is a debug message from thread 718-09-2026 00:29:33 [38;5;117m[DEBUG]: [0mThis is a debug message from thread 1618-09-2026 00:29:33 [38;5;117m[DEBUG]: [0mThis is a debug message from thread 2718-09-2026 00:29:33 [38;5;015m[INFO]: [0mThis is a info message from thread 1718-09-2026 00:29:33 [38;5;117m[DEBUG]: [0mThis is a debug message from thread 1418-09-2026 00:29:33 [38;5;117m[DEBUG]: [0mThis is a debug message from thread 318-09-2026 00:29:33 [38;5;015m[INFO]: [0mThis is a info message from thread 2218-09-2026 00:29:33 [38;5;117m[DEBUG]: [0mThis is a debug message from thread 1818-09-2026 00:29:33 [38;5;015m[INFO]: [0mThis is a info message from thread 718-09-2026 00:29:33 [38;5;015m[INFO]: [0mThis is a info message from thread 318-09-2026 00:29:33 [38;5;009m[ERROR]: [0mThis is a error message from thread 2318-09-2026 00:29:33 [38;5;009m[ERROR]: [0mThis is a error message from thread 418-09-2026 00:29:33 [38;5;009m[ERROR]: [0mThis is a error message from thread 218-09-2026 00:29:33 [38;5;009m[ERROR]: [0mThis is a error message from thread 718-09-2026 00:29:33 [38;5;009m[ERROR]: [0mThis is a error message from thread 1718-09-2026 00:29:33 [38;5;009m[ERROR]: [0mThis is a error message from thread 118-09-2026 00:29:33 [38;5;009m[ERROR]: [0mThis is a error message from thread 2218-09-2026 00:29:33 [38;5;117m[DEBUG]: [0mThis is a debug message from thread 2918-09-2026 00:29:33 [38;5;015m[INFO]: [0mThis is a info message from thread 2918-09-2026 00:29:33 [38;5;117m[DEBUG]: [0mThis is a debug message from thread 118-09-2026 00:29:33 [38;5;117m[DEBUG]: [0mThis is a debug message from thread 618-09-2026 00:29:33 [38;5;009m[ERROR]: [0mThis is a error message from thread 318-09-2026 00:29:33 [38;5;117m[DEBUG]: [0mThis is a debug message from thread 218-09-2026 00:29:33 [38;5;117m[DEBUG]: [0mThis is a debug message from thread 718-09-2026 00:29:33 [38;5;015m[INFO]: [0mThis is a info message from thread 1418-09-2026 00:29:33 [38;5;117m[DEBUG]: [0mThis is a debug message from thread 318-09-2026 00:29:33 [38;5;015m[INFO]: [0mThis is a info message from thread 018-09-2026 00:29:33 [38;5;015m[INFO]: [0mThis is a info message from thread 718-09-2026 00:29:33 [38;5;117m[DEBUG]: [0mThis is a debug message from thread 2218-09-2026 00:29:33 [38;5;015m[INFO]: [0mThis is a info message from thread 218-09-2026 00:29:33 [38;5;015m[INFO]: [0mThis is a info message from thread 1618-09-2026 00:29:33 [38;5;009m[ERROR]: [0mThis is a error message from thread 918-09-2026 00:29:33 [38;5;009m[ERROR]: [0mThis is a error message from thread 018-09-2026 00:29:33 [38;5;009m[ERROR]: [0mThis is a error message from thread 1318-09-2026 00:29:33 [38;5;009m[ERROR]: [0mThis is a error message from thread 2618-09-2026 00:29:33 [38;5;015m[INFO]: [0mThis is a info message from thread 2418-09-2026 00:29:33 [38;5;009m[ERROR]: [0mThis is a error message from thread 818-09-2026 00:29:33 [38;5;015m[INFO]: [0mThis is a info message from thread 618-09-2026 00:29:33 [38;5;009m[ERROR]: [0mThis is a error message from thread 218-09-2026 00:29:33 [38;5;015m[INFO]: [0mThis is a info message from thread 2218-09-2026 00:29:33 [38;5;117m[DEBUG]: [0mThis is a debug message from thread 018-09-2026 00:29:33 [38;5;015m[INFO]: [0mThis is a info message from thread 118-09-2026 00:29:33 [38;5;117m[DEBUG]: [0mThis is a debug message from thread 218-09-2026 00:29:33 [38;5;117m[DEBUG]: [0mThis is a debug message from thread 518-09-2026 00:29:33 [38;5;009m[ERROR]: [0mThis is a error message from thread 618-09-2026 00:29:33 [38;5;015m[INFO]: [0mThis is a info message from thread 518-09-2026 00:29:33 [38;5;117m[DEBUG]: [0mThis is a debug message from thread 618-09-2026 00:29:33 [38;5;015m[INFO]: [0mThis is a info message from thread 218-09-2026 00:29:33 [38;5;009m[ERROR]: [0mThis is a error message from thread 2218-09-2026 00:29:33 [38;5;009m[ERROR]: [0mThis is a error message from thread 218-09-2026 00:29:33 [38;5;117m[DEBUG]: [0mThis is a debug message from thread 2218-09-2026 00:29:33 [38;5;117m[DEBUG]: [0mThis is a debug message from thread 218-09-2026 00:29:33 [38;5;015m[INFO]: [0mThis is a info message from thread 618-09-2026 00:29:33 [38;5;015m[INFO]: [0mThis is a info message from thread 218-09-2026 00:29:33 [38;5;009m[ERROR]: [0mThis is a error message from thread 118-09-2026 00:29:33 [38;5;117m[DEBUG]: [0mThis is a debug message from thread 1318-09-2026 00:29:33 [38;5;009m[ERROR]: [0mThis is a error message from thread 618-09-2026 00:29:33 [38;5;117m[DEBUG]: [0mThis is a debug message from thread 2618-09-2026 00:29:33 [38;5;015m[INFO]: [0mThis is a info message from thread 1318-09-2026 00:29:33 [38;5;117m[DEBUG]: [0mThis is a debug message from thread 418-09-2026 00:29:33 [38;5;117m[DEBUG]: [0mThis is a debug message from thread 2518-09-2026 00:29:33 [38;5;117m[DEBUG]: [0mThis is a debug message from thread 2318-09-2026 00:29:33 [38;5;009m[ERROR]: [0mThis is a error message from thread 2118-09-2026 00:29:33 [38;5;015m[INFO]: [0mThis is a info message from thread 2018-09-2026 00:29:33 [38;5;015m[INFO]: [0mThis is a info message from thread 018-09-2026 00:29:33 [38;5;015m[INFO]: [0mThis is a info message from thread 2718-09-2026 00:29:33 [38;5;117m[DEBUG]: [0mThis is a debug message from thread 618-09-2026 00:29:33 [38;5;015m[INFO]: [0mThis is a info message from thread 2318-09-2026 00:29:33 [38;5;009m[ERROR]: [0mThis is a error message from thread 2018-09-2026 00:29:33 [38;5;117m[DEBUG]: [0mThis is a debug message from thread 818-09-2026 00:29:33 [38;5;117m[DEBUG]: [0mThis is a debug message from thread 918-09-2026 00:29:33 [38;5;117m[DEBUG]: [0mThis is a debug message from thread 1018-09-2026 00:29:33 [38;5;009m[ERROR]: [0mThis is a error message from thread 718-09-2026 00:29:33 [38;5;015m[INFO]: [0mThis is a info message from thread 918-09-2026 00:29:33 [38;5;009m[ERROR]: [0mThis is a error message from thread 2918-09-2026 00:29:33 [38;5;015m[INFO]: [0mThis is a info message from thread 418-09-2026 00:29:33 [38;5;117m[DEBUG]: [0mThis is a debug message from thread 2118-09-2026 00:29:33 [38;5;015m[INFO]: [0mThis is a info message from thread 2618-09-2026 00:29:33 [38;5;015m[INFO]: [0mThis is a info message from thread 2518-09-2026 00:29:33 [38;5;009m[ERROR]: [0mThis is a error message from thread 1618-09-2026 00:29:33 [38;5;009m[ERROR]: [0mThis is a error message from thread 018-09-2026 00:29:33 [38;5;009m[ERROR]: [0mThis is a error message from thread 518-09-2026 00:29:33 [38;5;009m[ERROR]: [0mThis is a error message from thread 2518-09-2026 00:29:33 [38;5;009m[ERROR]: [0mThis is a error message from thread 2718-09-2026 00:29:33 [38;5;117m[DEBUG]: [0mThis is a debug message from thread 718-09-2026 00:29:33 [38;5;117m[DEBUG]: [0mThis is a debug message from thread 018-09-2026 00:29:33 [38;5;009m[ERROR]: [0mThis is a error message from thread 2618-09-2026 00:29:33 [38;5;015m[INFO]: [0mThis is a info message from thread 018-09-2026 00:29:33 [38;5;015m[INFO]: [0mThis is a info message from thread 818-09-2026 00:29:33 [38;5;009m[ERROR]: [0mThis is a error message from thread 418-09-2026 00:29:33 [38;5;117m[DEBUG]: [0mThis is a debug message from thread 2918-09-2026 00:29:33 [38;5;117m[DEBUG]: [0mThis is a debug message from thread 518-09-2026 00:29:33 [38;5;009m[ERROR]: [0mThis is a error message from thread 018-09-2026 00:29:33 [38;5;009m[ERROR]: [0mThis is a error message from thread 218-09-2026 00:29:33 [38;5;117m[DEBUG]: [0mThis is a debug message from thread 2618-09-2026 00:29:33 [38;5;009m[ERROR]: [0mThis is a error message from thread 918-09-2026 00:29:33 [38;5;009m[ERROR]: [0mThis is a error message from thread 1918-09-2026 00:29:33 [38;5;015m[INFO]: [0mThis is a info message from thread 618-09-2026 00:29:33 [38;5;015m[INFO]: [0mThis is a info message from thread 518-09-2026 00:29:33 [38;5;117m[DEBUG]: [0mThis is a debug message from thread 218-09-2026 00:29:33 [38;5;009m[ERROR]: [0mThis is a error message from thread 818-09-2026 00:29:33 [38;5;015m[INFO]: [0mThis is a info message from thread 2118-09-2026 00:29:33 [38;5;015m[INFO]: [0mThis is a info message from thread 1218-09-2026 00:29:33 [38;5;009m[ERROR]: [0mThis is a error message from thread 518-09-2026 00:29:33 [38;5;015m[INFO]: [0mThis is a info message from thread 2818-09-2026 00:29:33 [38;5;117m[DEBUG]: [0mThis is a debug message from thread 018-09-2026 00:29:33 [38;5;009m[ERROR]: [0mThis is a error message from thread 2118-09-2026 00:29:33 [38;5;015m[INFO]: [0mThis is a info message from thread 2918-09-2026 00:29:33 [38;5;015m[INFO]: [0mThis is a info message from thread 018-09-2026 00:29:33 [38;5;009m[ERROR]: [0mThis is a error message from thread 1418-09-2026 00:29:33 [38;5;117m[DEBUG]: [0mThis is a debug message from thread 818-09-2026 00:29:33 [38;5;117m[DEBUG]: [0mThis is a debug message from thread 2018-09-2026 00:29:33 [38;5;117m[DEBUG]: [0mThis is a debug message from thread 1718-09-2026 00:29:33 [38;5;015m[INFO]: [0mThis is a info message from thread 718-09-2026 00:29:33 [38;5;015m[INFO]: [0mThis is a info message from thread 1718-09-2026 00:29:33 [38;5;009m[ERROR]: [0mThis is a error message from thread 018-09-2026 00:29:33 [38;5;009m[ERROR]: [0mThis is a error message from thread 1718-09-2026 00:29:33 [38;5;015m[INFO]: [0mThis is a info message from thread 2218-09-2026 00:29:33 [38;5;117m[DEBUG]: [0mThis is a debug message from thread 1918-09-2026 00:29:33 [38;5;009m[ERROR]: [0mThis is a error message from thread 2918-09-2026 00:29:33 [38;5;015m[INFO]: [0mThis is a info message from thread 1818-09-2026 00:29:33 [38;5;015m[INFO]: [0mThis is a info message from thread 318-09-2026 00:29:33 [38;5;015m[INFO]: [0mThis is a info message from thread 818-09-2026 00:29:33 [38;5;009m[ERROR]: [0mThis is a error message from thread 818-09-2026 00:29:33 [38;5;009m[ERROR]: [0mThis is a error message from thread 1818-09-2026 00:29:33 [38;5;015m[INFO]: [0mThis is a info message from thread 2618-09-2026 00:29:33 [38;5;117m[DEBUG]: [0mThis is a debug message from thread 018-09-2026 00:29:33 [38;5;009m[ERROR]: [0mThis is a error message from thread 2818-09-2026 00:29:33 [38;5;117m[DEBUG]: [0mThis is a debug message from thread 1818-09-2026 00:29:33 [38;5;009m[ERROR]: [0mThis is a error message from thread 2618-09-2026 00:29:33 [38;5;009m[ERROR]: [0mThis is a error message from thread 1318-09-2026 00:29:33 [38;5;015m[INFO]: [0mThis is a info message from thread 1818-09-2026 00:29:33 [38;5;009m[ERROR]: [0mThis is a error message from thread 2218-09-2026 00:29:33 [38;5;009m[ERROR]: [0mThis is a error message from thread 318-09-2026 00:29:33 [38;5;015m[INFO]: [0mThis is a info message from thread 1918-09-2026 00:29:33 [38;5;015m[INFO]: [0mThis is a info message from thread 018-09-2026 00:29:33 [38;5;117m[DEBUG]: [0mThis is a debug message from thread 818-09-2026 00:29:33 [38;5;117m[DEBUG]: [0mThis is a debug message from thread 1718-09-2026 00:29:33 [38;5;117m[DEBUG]: [0mThis is a debug message from thread 2218-09-2026 00:29:33 [38;5;009m[ERROR]: [0mThis is a error message from thread 718-09-2026 00:29:33 [38;5;009m[ERROR]: [0mThis is a error message from thread 1818-09-2026 00:29:33 [38;5;009m[ERROR]: [0mThis is a error message from thread 2318-09-2026 00:29:33 [38;5;009m[ERROR]: [0mThis is a error message from thread 018-09-2026 00:29:33 [38;5;117m[DEBUG]: [0mThis is a debug message from thread 718-09-2026 00:29:33 [38;5;117m[DEBUG]: [0mThis is a debug message from thread 1418-09-2026 00:29:33 [38;5;015m[INFO]: [0mThis is a info message from thread 2218-09-2026 00:29:33 [38;5;117m[DEBUG]: [0mThis is a debug message from thread 2518-09-2026 00:29:33 [38;5;015m[INFO]: [0mThis is a info message from thread 1718-09-2026 00:29:33 [38;5;009m[ERROR]: [0mThis is a error message from thread 1718-09-2026 00:29:33 [38;5;117m[DEBUG]: [0mThis is a debug message from thread 018-09-2026 00:29:33 [38;5;117m[DEBUG]: [0mThis is a debug message from thread 2818-09-2026 00:29:33 [38;5;117m[DEBUG]: [0mThis is a debug message from thread 1718-09-2026 00:29:33 [38;5;117m[DEBUG]: [0mThis is a debug message from thread 2318-09-2026 00:29:33 [38;5;015m[INFO]: [0mThis is a info message from thread 1718-09-2026 00:29:33 [38;5;015m[INFO]: [0mThis is a info message from thread 018-09-2026 00:29:33 [38;5;009m[ERROR]: [0mThis is a error message from thread 1718-09-2026 00:29:33 [38;5;009m[ERROR]: [0mThis is a error message from thread 1918-09-2026 00:29:33 [38;5;009m[ERROR]: [0mThis is a error message from thread 2218-09-2026 00:29:33 [38;5;015m[INFO]: [0mThis is a info message from thread 718-09-2026 00:29:33 [38;5;015m[INFO]: [0mThis is a info message from thread 818-09-2026 00:29:33 [38;5;117m[DEBUG]: [0mThis is a debug message from thread 1718-09-2026 00:29:33 [38;5;015m[INFO]: [0mThis is a info message from thread 1418-09-2026 00:29:33 [38;5;015m[INFO]: [0mThis is a info message from thread 1718-09-2026 00:29:33 [38;5;009m[ERROR]: [0mThis is a error message from thread 1418-09-2026 00:29:33 [38;5;009m[ERROR]: [0mThis is a error message from thread 018-09-2026 00:29:33 [38;5;117m[DEBUG]: [0mThis is a debug message from thread 1818-09-2026 00:29:33 [38;5;117m[DEBUG]: [0mThis is a debug message from thread 1318-09-2026 00:29:33 [38;5;117m[DEBUG]: [0mThis is a debug message from thread 018-09-2026 00:29:33 [38;5;015m[INFO]: [0mThis is a info message from thread 018-09-2026 00:29:33 [38;5;009m[ERROR]: [0mThis is a error message from thread 018-09-2026 00:29:33 [38;5;117m[DEBUG]: [0mThis is a debug message from thread 018-09-2026 00:29:33 [38;5;015m[INFO]: [0mThis is a info message from thread 1818-09-2026 00:29:33 [38;5;009m[ERROR]: [0mThis is a error message from thread 718-09-2026 00:29:33 [38;5;117m[DEBUG]: [0mThis is a debug message from thread 2718-09-2026 00:29:33 [38;5;009m[ERROR]: [0mThis is a error message from thread 1718-09-2026 00:29:33 [38;5;015m[INFO]: [0mThis is a info message from thread 018-09-2026 00:29:33 [38;5;009m[ERROR]: [0mThis is a error message from thread 818-09-2026 00:29:33 [38;5;009m[ERROR]: [0mThis is a error message from thread 1818-09-2026 00:29:33 [38;5;117m[DEBUG]: [0mThis is a debug message from thread 1918-09-2026 00:29:33 [38;5;015m[INFO]: [0mThis is a info message from thread 2718-09-2026 00:29:33 [38;5;015m[INFO]: [0mThis is a info message from thread 2818-09-2026 00:29:33 [38;5;009m[ERROR]: [0mThis is a error message from thread 2718-09-2026 00:29:33 [38;5;117m[DEBUG]: [0mThis is a debug message from thread 1718-09-2026 00:29:33 [38;5;117m[DEBUG]: [0mThis is a debug message from thread 1418-09-2026 00:29:33 [38;5;009m[ERROR]: [0mThis is a error message from thread 018-09-2026 00:29:33 [38;5;015m[INFO]: [0mThis is a info message from thread 1418-09-2026 00:29:33 [38;5;015m[INFO]: [0mThis is a info message from thread 1718-09-2026 00:29:33 [38;5;009m[ERROR]: [0mThis is a error message from thread 2818-09-2026 00:29:33 [38;5;009m[ERROR]: [0mThis is a error message from thread 1718-09-2026 00:29:33 [38;5;117m[DEBUG]: [0mThis is a debug message from thread 1818-09-2026 00:29:33 [38;5;117m[DEBUG]: [0mThis is a debug message from thread 818-09-2026 00:29:33 [38;5;015m[INFO]: [0mThis is a info message from thread 1918-09-2026 00:29:33 [38;5;009m[ERROR]: [0mThis is a error message from thread 1218-09-2026 00:29:33 [38;5;015m[INFO]: [0mThis is a info message from thread 218-09-2026 00:29:33 [38;5;009m[ERROR]: [0mThis is a error message from thread 1418-09-2026 00:29:33 [38;5;117m[DEBUG]: [0mThis is a debug message from thread 018-09-2026 00:29:33 [38;5;009m[ERROR]: [0mThis is a error message from thread 218-09-2026 00:29:33 [38;5;117m[DEBUG]: [0mThis is a debug message from thread 1218-09-2026 00:29:33 [38;5;117m[DEBUG]: [0mThis is a debug message from thread 718-09-2026 00:29:33 [38;5;015m[INFO]: [0mThis is a info message from thread 2518-09-2026 00:29:33 [38;5;015m[INFO]: [0mThis is a info message from thread 818-09-2026 00:29:33 [38;5;009m[ERROR]: [0mThis is a error message from thread 2518-09-2026 00:29:33 [38;5;117m[DEBUG]: [0mThis is a debug message from thread 1718-09-2026 00:29:33 [38;5;117m[DEBUG]: [0mThis is a debug message from thread 1418-09-2026 00:29:33 [38;5;015m[INFO]: [0mThis is a info message from thread 1718-09-2026 00:29:33 [38;5;015m[INFO]: [0mThis is a info message from thread 718-09-2026 00:29:33 [38;5;117m[DEBUG]: [0mThis is a debug message from thread 2818-09-2026 00:29:33 [38;5;009m[ERROR]: [0mThis is a error message from thread 718-09-2026 00:29:33 [38;5;015m[INFO]: [0mThis is a info message from thread 018-09-2026 00:29:33 [38;5;117m[DEBUG]: [0mThis is a debug message from thread 218-09-2026 00:29:33 [38;5;009m[ERROR]: [0mThis is a error message from thread 018-09-2026 00:29:33 [38;5;015m[INFO]: [0mThis is a info message from thread 1818-09-2026 00:29:33 [38;5;009m[ERROR]: [0mThis is a error message from thread 1718-09-2026 00:29:33 [38;5;015m[INFO]: [0mThis is a info message from thread 1218-09-2026 00:29:33 [38;5;009m[ERROR]: [0mThis is a error message from thread 1918-09-2026 00:29:33 [38;5;015m[INFO]: [0mThis is a info message from thread 218-09-2026 00:29:33 [38;5;117m[DEBUG]: [0mThis is a debug message from thread 1118-09-2026 00:29:33 [38;5;117m[DEBUG]: [0mThis is a debug message from thread 1718-09-2026 00:29:33 [38;5;117m[DEBUG]: [0mThis is a debug message from thread 018-09-2026 00:29:33 [38;5;015m[INFO]: [0mThis is a info message from thread 018-09-2026 00:29:33 [38;5;009m[ERROR]: [0mThis is a error message from thread 1818-09-2026 00:29:33 [38;5;015m[INFO]: [0mThis is a info message from thread 1418-09-2026 00:29:33 [38;5;117m[DEBUG]: [0mThis is a debug message from thread 718-09-2026 00:29:33 [38;5;009m[ERROR]: [0mThis is a error message from thread 018-09-2026 00:29:33 [38;5;015m[INFO]: [0mThis is a info message from thread 1718-09-2026 00:29:33 [38;5;015m[INFO]: [0mThis is a info message from thread 2818-09-2026 00:29:33 [38;5;009m[ERROR]: [0mThis is a error message from thread 2818-09-2026 00:29:33 [38;5;009m[ERROR]: [0mThis is a error message from thread 1718-09-2026 00:29:33 [38;5;117m[DEBUG]: [0mThis is a debug message from thread 018-09-2026 00:29:33 [38;5;015m[INFO]: [0mThis is a info message from thread 718-09-2026 00:29:33 [38;5;009m[ERROR]: [0mThis is a error message from thread 1418-09-2026 00:29:33 [38;5;117m[DEBUG]: [0mThis is a debug message from thread 1818-09-2026 00:29:33 [38;5;009m[ERROR]: [0mThis is a error message from thread 818-09-2026 00:29:33 [38;5;117m[DEBUG]: [0mThis is a debug message from thread 1418-09-2026 00:29:33 [38;5;015m[INFO]: [0mThis is a info message from thread 1118-09-2026 00:29:33 [38;5;009m[ERROR]: [0mThis is a error message from thread 218-09-2026 00:29:33 [38;5;009m[ERROR]: [0mThis is a error message from thread 1218-09-2026 00:29:33 [38;5;117m[DEBUG]: [0mThis is a debug message from thread 1718-09-2026 00:29:33 [38;5;117m[DEBUG]: [0mThis is a debug message from thread 2818-09-2026 00:29:33 [38;5;117m[DEBUG]: [0mThis is a debug message from thread 1218-09-2026 00:29:33 [38;5;015m[INFO]: [0mThis is a info message from thread 2818-09-2026 00:29:33 [38;5;015m[INFO]: [0mThis is a info message from thread 1718-09-2026 00:29:33 [38;5;015m[INFO]: [0mThis is a info message from thread 1518-09-2026 00:29:33 [38;5;015m[INFO]: [0mThis is a info message from thread 018-09-2026 00:29:33 [38;5;015m[INFO]: [0mThis is a info message from thread 1418-09-2026 00:29:33 [38;5;009m[ERROR]: [0mThis is a error message from thread 1718-09-2026 00:29:33 [38;5;117m[DEBUG]: [0mThis is a debug message from thread 1718-09-2026 00:29:33 [38;5;009m[ERROR]: [0mThis is a error message from thread 018-09-2026 00:29:33 [38;5;009m[ERROR]: [0mThis is a error message from thread 1118-09-2026 00:29:33 [38;5;015m[INFO]: [0mThis is a info message from thread 1818-09-2026 00:29:33 [38;5;015m[INFO]: [0mThis is a info message from thread 1018-09-2026 00:29:33 [38;5;117m[DEBUG]: [0mThis is a debug message from thread 018-09-2026 00:29:33 [38;5;009m[ERROR]: [0mThis is a error message from thread 2418-09-2026 00:29:33 [38;5;117m[DEBUG]: [0mThis is a debug message from thread 118-09-2026 00:29:33 [38;5;009m[ERROR]: [0mThis is a error message from thread 1818-09-2026 00:29:33 [38;5;015m[INFO]: [0mThis is a info message from thread 1218-09-2026 00:29:33 [38;5;117m[DEBUG]: [0mThis is a debug message from thread 2218-09-2026 00:29:33 [38;5;015m[INFO]: [0mThis is a info message from thread 018-09-2026 00:29:33 [38;5;117m[DEBUG]: [0mThis is a debug message from thread 1118-09-2026 00:29:33 [38;5;015m[INFO]: [0mThis is a info message from thread 2318-09-2026 00:29:33 [38;5;015m[INFO]: [0mThis is a info message from thread 2018-09-2026 00:29:33 [38;5;117m[DEBUG]: [0mThis is a debug message from thread 2718-09-2026 00:29:33 [38;5;009m[ERROR]: [0mThis is a error message from thread 2818-09-2026 00:29:33 [38;5;117m[DEBUG]: [0mThis is a debug message from thread 2118-09-2026 00:29:33 [38;5;117m[DEBUG]: [0mThis is a debug message from thread 1618-09-2026 00:29:33 [38;5;117m[DEBUG]: [0mThis is a debug message from thread 1918-09-2026 00:29:33 [38;5;009m[ERROR]: [0mThis is a error message from thread 1518-09-2026 00:29:33 [38;5;015m[INFO]: [0mThis is a info message from thread 2118-09-2026 00:29:33 [38;5;117m[DEBUG]: [0mThis is a debug message from thread 1518-09-2026 00:29:33 [38;5;117m[DEBUG]: [0mThis is a debug message from thread 2618-09-2026 00:29:33 [38;5;117m[DEBUG]: [0mThis is a debug message from thread 918-09-2026 00:29:33 [38;5;015m[INFO]: [0mThis is a info message from thread 918-09-2026 00:29:33 [38;5;015m[INFO]: [0mThis is a info message from thread 1518-09-2026 00:29:33 [38;5;015m[INFO]: [0mThis is a info message from thread 2618-09-2026 00:29:33 [38;5;009m[ERROR]: [0mThis is a error message from thread 1518-09-2026 00:29:33 [38;5;117m[DEBUG]: [0mThis is a debug message from thread 2818-09-2026 00:29:33 [38;5;015m[INFO]: [0mThis is a info message from thread 1918-09-2026 00:29:33 [38;5;009m[ERROR]: [0mThis is a error message from thread 2118-09-2026 00:29:33 [38;5;009m[ERROR]: [0mThis is a error message from thread 1918-09-2026 00:29:33 [38;5;117m[DEBUG]: [0mThis is a debug message from thread 2418-09-2026 00:29:33 [38;5;117m[DEBUG]: [0mThis is a debug message from thread 2118-09-2026 00:29:33 [38;5;117m[DEBUG]: [0mThis is a debug message from thread 1518-09-2026 00:29:33 [38;5;009m[ERROR]: [0mThis is a error message from thread 2618-09-2026 00:29:33 [38;5;015m[INFO]: [0mThis is a info message from thread 2818-09-2026 00:29:33 [38;5;117m[DEBUG]: [0mThis is a debug message from thread 1918-09-2026 00:29:33 [38;5;009m[ERROR]: [0mThis is a error message from thread 2018-09-2026 00:29:33 [38;5;015m[INFO]: [0mThis is a info message from thread 2218-09-2026 00:29:33 [38;5;117m[DEBUG]: [0mThis is a debug message from thread 2918-09-2026 00:29:33 [38;5;015m[INFO]: [0mThis is a info message from thread 118-09-2026 00:29:33 [38;5;015m[INFO]: [0mThis is a info message from thread 1718-09-2026 00:29:33 [38;5;009m[ERROR]: [0mThis is a error message from thread 618-09-2026 00:29:33 [38;5;015m[INFO]: [0mThis is a info message from thread 1118-09-2026 00:29:33 [38;5;009m[ERROR]: [0mThis is a error message from thread 118-09-2026 00:29:33 [38;5;009m[ERROR]: [0mThis is a error message from thread 1018-09-2026 00:29:33 [38;5;015m[INFO]: [0mThis is a info message from thread 1918-09-2026 00:29:33 [38;5;015m[INFO]: [0mThis is a info message from thread 2918-09-2026 00:29:33 [38;5;009m[ERROR]: [0mThis is a error message from thread 718-09-2026 00:29:33 [38;5;117m[DEBUG]: [0mThis is a debug message from thread 1818-09-2026 00:29:33 [38;5;015m[INFO]: [0mThis is a info message from thread 1518-09-2026 00:29:33 [38;5;117m[DEBUG]: [0mThis is a debug message from thread 2518-09-2026 00:29:33 [38;5;009m[ERROR]: [0mThis is a error message from thread 918-09-2026 00:29:33 [38;5;009m[ERROR]: [0mThis is a error message from thread 1518-09-2026 00:29:33 [38;5;015m[INFO]: [0mThis is a info message from thread 1818-09-2026 00:29:33 [38;5;015m[INFO]: [0mThis is a info message from thread 1318-09-2026 00:29:33 [38;5;009m[ERROR]: [0mThis is a error message from thread 1918-09-2026 00:29:33 [38;5;117m[DEBUG]: [0mThis is a debug message from thread 718-09-2026 00:29:33 [38;5;117m[DEBUG]: [0mThis is a debug message from thread 418-09-2026 00:29:33 [38;5;009m[ERROR]: [0mThis is a error message from thread 2918-09-2026 00:29:33 [38;5;009m[ERROR]: [0mThis is a error message from thread 1118-09-2026 00:29:33 [38;5;117m[DEBUG]: [0mThis is a debug message from thread 1018-09-2026 00:29:33 [38;5;117m[DEBUG]: [0mThis is a debug message from thread 1518-09-2026 00:29:33 [38;5;015m[INFO]: [0mThis is a info message from thread 718-09-2026 00:29:33 [38;5;117m[DEBUG]: [0mThis is a debug message from thread 2018-09-2026 00:29:33 [38;5;117m[DEBUG]: [0mThis is a debug message from thread 518-09-2026 00:29:33 [38;5;009m[ERROR]: [0mThis is a error message from thread 2318-09-2026 00:29:33 [38;5;015m[INFO]: [0mThis is a info message from thread 2018-09-2026 00:29:33 [38;5;117m[DEBUG]: [0mThis is a debug message from thread 118-09-2026 00:29:33 [38;5;015m[INFO]: [0mThis is a info message from thread 518-09-2026 00:29:33 [38;5;015m[INFO]: [0mThis is a info message from thread 418-09-2026 00:29:33 [38;5;009m[ERROR]: [0mThis is a error message from thread 718-09-2026 00:29:33 [38;5;015m[INFO]: [0mThis is a info message from thread 1018-09-2026 00:29:33 [38;5;117m[DEBUG]: [0mThis is a debug message from thread 818-09-2026 00:29:33 [38;5;015m[INFO]: [0mThis is a info message from thread 1618-09-2026 00:29:33 [38;5;117m[DEBUG]: [0mThis is a debug message from thread 2618-09-2026 00:29:33 [38;5;009m[ERROR]: [0mThis is a error message from thread 2218-09-2026 00:29:33 [38;5;117m[DEBUG]: [0mThis is a debug message from thread 318-09-2026 00:29:33 [38;5;117m[DEBUG]: [0mThis is a debug message from thread 1918-09-2026 00:29:33 [38;5;015m[INFO]: [0mThis is a info message from thread 118-09-2026 00:29:33 [38;5;015m[INFO]: [0mThis is a info message from thread 1518-09-2026 00:29:33 [38;5;009m[ERROR]: [0mThis is a error message from thread 2018-09-2026 00:29:33 [38;5;009m[ERROR]: [0mThis is a error message from thread 1618-09-2026 00:29:33 [38;5;117m[DEBUG]: [0mThis is a debug message from thread 218-09-2026 00:29:33 [38;5;015m[INFO]: [0mThis is a info message from thread 2118-09-2026 00:29:33 [38;5;009m[ERROR]: [0mThis is a error message from thread 1418-09-2026 00:29:33 [38;5;015m[INFO]: [0mThis is a info message from thread 2618-09-2026 00:29:33 [38;5;117m[DEBUG]: [0mThis is a debug message from thread 2318-09-2026 00:29:33 [38;5;009m[ERROR]: [0mThis is a error message from thread 518-09-2026 00:29:33 [38;5;117m[DEBUG]: [0mThis is a debug message from thread 1618-09-2026 00:29:33 [38;5;117m[DEBUG]: [0mThis is a debug message from thread 2018-09-2026 00:29:33 [38;5;009m[ERROR]: [0mThis is a error message from thread 1518-09-2026 00:29:33 [38;5;009m[ERROR]: [0mThis is a error message from thread 2618-09-2026 00:29:33 [38;5;015m[INFO]: [0mThis is a info message from thread 818-09-2026 00:29:33 [38;5;009m[ERROR]: [0mThis is a error message from thread 118-09-2026 00:29:33 [38;5;117m[DEBUG]: [0mThis is a debug message from thread 2618-09-2026 00:29:33 [38;5;015m[INFO]: [0mThis is a info message from thread 2018-09-2026 00:29:33 [38;5;117m[DEBUG]: [0mThis is a debug message from thread 518-09-2026 00:29:33 [38;5;015m[INFO]: [0mThis is a info message from thread 318-09-2026 00:29:33 [38;5;009m[ERROR]: [0mThis is a error message from thread 2118-09-2026 00:29:33 [38;5;009m[ERROR]: [0mThis is a error message from thread 2818-09-2026 00:29:33 [38;5;015m[INFO]: [0mThis is a info message from thread 218-09-2026 00:29:33 [38;5;117m[DEBUG]: [0mThis is a debug message from thread 618-09-2026 00:29:33 [38;5;009m[ERROR]: [0mThis is a error message from thread 418-09-2026 00:29:33 [38;5;009m[ERROR]: [0mThis is a error message from thread 1218-09-2026 00:29:33 [38;5;015m[INFO]: [0mThis is a info message from thread 2618-09-2026 00:29:33 [38;5;117m[DEBUG]: [0mThis is a debug message from thread 1418-09-2026 00:29:33 [38;5;117m[DEBUG]: [0mThis is a debug message from thread 1518-09-2026 00:29:33 [38;5;015m[INFO]: [0mThis is a info message from thread 2718-09-2026 00:29:33 [38;5;117m[DEBUG]: [0mThis is a debug message from thread 118-09-2026 00:29:33 [38;5;015m[INFO]: [0mThis is a info message from thread 618-09-2026 00:29:33 [38;5;009m[ERROR]: [0mThis is a error message from thread 218-09-2026 00:29:33 [38;5;009m[ERROR]: [0mThis is a error message from thread 2618-09-2026 00:29:33 [38;5;117m[DEBUG]: [0mThis is a debug message from thread 918-09-2026 00:29:33 [38;5;117m[DEBUG]: [0mThis is a debug message from thread 1218-09-2026 00:29:33 [38;5;009m[ERROR]: [0mThis is a error message from thread 1718-09-2026 00:29:33 [38;5;015m[INFO]: [0mThis is a info message from thread 518-09-2026 00:29:33 [38;5;015m[INFO]: [0mThis is a info message from thread 2318-09-2026 00:29:33 [38;5;009m[ERROR]: [0mThis is a error message from thread 018-09-2026 00:29:33 [38;5;015m[INFO]: [0mThis is a info message from thread 1218-09-2026 00:29:33 [38;5;009m[ERROR]: [0mThis is a error message from thread 1818-09-2026 00:29:33 [38;5;015m[INFO]: [0mThis is a info message from thread 118-09-2026 00:29:33 [38;5;009m[ERROR]: [0mThis is a error message from thread 1218-09-2026 00:29:33 [38;5;015m[INFO]: [0mThis is a info message from thread 918-09-2026 00:29:33 [38;5;117m[DEBUG]: [0mThis is a debug message from thread 2618-09-2026 00:29:33 [38;5;009m[ERROR]: [0mThis is a error message from thread 618-09-2026 00:29:33 [38;5;015m[INFO]: [0mThis is a info message from thread 2618-09-2026 00:29:33 [38;5;015m[INFO]: [0mThis is a info message from thread 1418-09-2026 00:29:33 [38;5;009m[ERROR]: [0mThis is a error message from thread 118-09-2026 00:29:33 [38;5;117m[DEBUG]: [0mThis is a debug message from thread 1718-09-2026 00:29:33 [38;5;009m[ERROR]: [0mThis is a error message from thread 1318-09-2026 00:29:33 [38;5;117m[DEBUG]: [0mThis is a debug message from thread 1218-09-2026 00:29:33 [38;5;117m[DEBUG]: [0mThis is a debug message from thread 218-09-2026 00:29:33 [38;5;009m[ERROR]: [0mThis is a error message from thread 318-09-2026 00:29:33 [38;5;015m[INFO]: [0mThis is a info message from thread 1718-09-2026 00:29:33 [38;5;015m[INFO]: [0mThis is a info message from thread 1218-09-2026 00:29:33 [38;5;117m[DEBUG]: [0mThis is a debug message from thread 018-09-2026 00:29:33 [38;5;009m[ERROR]: [0mThis is a error message from thread 2618-09-2026 00:29:33 [38;5;015m[INFO]: [0mThis is a info message from thread 218-09-2026 00:29:33 [38;5;009m[ERROR]: [0mThis is a error message from thread 1718-09-2026 00:29:33 [38;5;117m[DEBUG]: [0mThis is a debug message from thread 2618-09-2026 00:29:33 [38;5;117m[DEBUG]: [0mThis is a debug message from thread 318-09-2026 00:29:33 [38;5;117m[DEBUG]: [0mThis is a debug message from thread 618-09-2026 00:29:33 [38;5;009m[ERROR]: [0mThis is a error message from thread 518-09-2026 00:29:33 [38;5;015m[INFO]: [0mThis is a info message from thread 2618-09-2026 00:29:33 [38;5;117m[DEBUG]: [0mThis is a debug message from thread 1118-09-2026 00:29:33 [38;5;009m[ERROR]: [0mThis is a error message from thread 918-09-2026 00:29:33 [38;5;009m[ERROR]: [0mThis is a error message from thread 2618-09-2026 00:29:33 [38;5;117m[DEBUG]: [0mThis is a debug message from thread 118-09-2026 00:29:33 [38;5;117m[DEBUG]: [0mThis is a debug message from thread 2618-09-2026 00:29:33 [38;5;117m[DEBUG]: [0mThis is a debug message from thread 1718-09-2026 00:29:33 [38;5;009m[ERROR]: [0mThis is a error message from thread 218-09-2026 00:29:33 [38;5;015m[INFO]: [0mThis is a info message from thread 2618-09-2026 00:29:33 [38;5;015m[INFO]: [0mThis is a info message from thread 2418-09-2026 00:29:33 [38;5;117m[DEBUG]: [0mThis is a debug message from thread 718-09-2026 00:29:33 [38;5;015m[INFO]: [0mThis is a info message from thread 1918-09-2026 00:29:33 [38;5;015m[INFO]: [0mThis is a info message from thread 1118-09-2026 00:29:33 [38;5;009m[ERROR]: [0mThis is a error message from thread 1418-09-2026 00:29:33 [38;5;009m[ERROR]: [0mThis is a error message from thread 2618-09-2026 00:29:33 [38;5;009m[ERROR]: [0mThis is a error message from thread 2418-09-2026 00:29:33 [38;5;009m[ERROR]: [0mThis is a error message from thread 1118-09-2026 00:29:33 [38;5;015m[INFO]: [0mThis is a info message from thread 1718-09-2026 00:29:33 [38;5;117m[DEBUG]: [0mThis is a debug message from thread 1118-09-2026 00:29:33 [38;5;117m[DEBUG]: [0mThis is a debug message from thread 918-09-2026 00:29:33 [38;5;009m[ERROR]: [0mThis is a error message from thread 2718-09-2026 00:29:33 [38;5;117m[DEBUG]: [0mThis is a debug message from thread 2818-09-2026 00:29:33 [38;5;015m[INFO]: [0mThis is a info message from thread 1118-09-2026 00:29:33 [38;5;117m[DEBUG]: [0mThis is a debug message from thread 2418-09-2026 00:29:33 [38;5;117m[DEBUG]: [0mThis is a debug message from thread 518-09-2026 00:29:33 [38;5;015m[INFO]: [0mThis is a info message from thread 1518-09-2026 00:29:33 [38;5;009m[ERROR]: [0mThis is a error message from thread 1018-09-2026 00:29:33 [38;5;117m[DEBUG]: [0mThis is a debug message from thread 2618-09-2026 00:29:33 [38;5;015m[INFO]: [0mThis is a info message from thread 018-09-2026 00:29:33 [38;5;117m[DEBUG]: [0mThis is a debug message from thread 2918-09-2026 00:29:33 [38;5;015m[INFO]: [0mThis is a info message from thread 1618-09-2026 00:29:33 [38;5;117m[DEBUG]: [0mThis is a debug message from thread 418-09-2026 00:29:33 [38;5;117m[DEBUG]: [0mThis is a debug message from thread 1818-09-2026 00:29:33 [38;5;015m[INFO]: [0mThis is a info message from thread 2418-09-2026 00:29:33 [38;5;009m[ERROR]: [0mThis is a error message from thread 1118-09-2026 00:29:33 [38;5;009m[ERROR]: [0mThis is a error message from thread 1218-09-2026 00:29:33 [38;5;117m[DEBUG]: [0mThis is a debug message from thread 1418-09-2026 00:29:33 [38;5;117m[DEBUG]: [0mThis is a debug message from thread 1018-09-2026 00:29:33 [38;5;117m[DEBUG]: [0mThis is a debug message from thread 2718-09-2026 00:29:33 [38;5;009m[ERROR]: [0mThis is a error message from thread 2318-09-2026 00:29:33 [38;5;009m[ERROR]: [0mThis is a error message from thread 1918-09-2026 00:29:33 [38;5;117m[DEBUG]: [0mThis is a debug message from thread 1218-09-2026 00:29:33 [38;5;117m[DEBUG]: [0mThis is a debug message from thread 2218-09-2026 00:29:33 [38;5;015m[INFO]: [0mThis is a info message from thread 118-09-2026 00:29:33 [38;5;015m[INFO]: [0mThis is a info message from thread 318-09-2026 00:29:33 [38;5;009m[ERROR]: [0mThis is a error message from thread 018-09-2026 00:29:33 [38;5;015m[INFO]: [0mThis is a info message from thread 2618-09-2026 00:29:33 [38;5;009m[ERROR]: [0mThis is a error message from thread 318-09-2026 00:29:33 [38;5;015m[INFO]: [0mThis is a info message from thread 1018-09-2026 00:29:33 [38;5;117m[DEBUG]: [0mThis is a debug message from thread 2318-09-2026 00:29:33 [38;5;009m[ERROR]: [0mThis is a error message from thread 818-09-2026 00:29:33 [38;5;009m[ERROR]: [0mThis is a error message from thread 2418-09-2026 00:29:33 [38;5;009m[ERROR]: [0mThis is a error message from thread 2018-09-2026 00:29:33 [38;5;015m[INFO]: [0mThis is a info message from thread 2718-09-2026 00:29:33 [38;5;117m[DEBUG]: [0mThis is a debug message from thread 018-09-2026 00:29:33 [38;5;015m[INFO]: [0mThis is a info message from thread 018-09-2026 00:29:33 [38;5;117m[DEBUG]: [0mThis is a debug message from thread 2418-09-2026 00:29:33 [38;5;015m[INFO]: [0mThis is a info message from thread 618-09-2026 00:29:33 [38;5;009m[ERROR]: [0mThis is a error message from thread 2718-09-2026 00:29:33 [38;5;009m[ERROR]: [0mThis is a error message from thread 1018-09-2026 00:29:33 [38;5;015m[INFO]: [0mThis is a info message from thread 2318-09-2026 00:29:33 [38;5;117m[DEBUG]: [0mThis is a debug message from thread 2118-09-2026 00:29:33 [38;5;015m[INFO]: [0mThis is a info message from thread 2418-09-2026 00:29:33 [38;5;009m[ERROR]: [0mThis is a error message from thread 2318-09-2026 00:29:33 [38;5;009m[ERROR]: [0mThis is a error message from thread 2618-09-2026 00:29:33 [38;5;117m[DEBUG]: [0mThis is a debug message from thread 2018-09-2026 00:29:33 [38;5;117m[DEBUG]: [0mThis is a debug message from thread 2318-09-2026 00:29:33 [38;5;117m[DEBUG]: [0mThis is a debug message from thread 818-09-2026 00:29:33 [38;5;117m[DEBUG]: [0mThis is a debug message from thread 1018-09-2026 00:29:33 [38;5;015m[INFO]: [0mThis is a info message from thread 2118-09-2026 00:29:33 [38;5;015m[INFO]: [0mThis is a info message from thread 2518-09-2026 00:29:33 [38;5;015m[INFO]: [0mThis is a info message from thread 1218-09-2026 00:29:33 [38;5;015m[INFO]: [0mThis is a info message from thread 818-09-2026 00:29:33 [38;5;009m[ERROR]: [0mThis is a error message from thread 018-09-2026 00:29:33 [38;5;015m[INFO]: [0mThis is a info message from thread 718-09-2026 00:29:33 [38;5;117m[DEBUG]: [0mThis is a debug message from thread 2718-09-2026 00:29:33 [38;5;015m[INFO]: [0mThis is a info message from thread 1018-09-2026 00:29:33 [38;5;015m[INFO]: [0mThis is a info message from thread 2718-09-2026 00:29:33 [38;5;009m[ERROR]: [0mThis is a error message from thread 2718-09-2026 00:29:33 [38;5;117m[DEBUG]: [0mThis is a debug message from thread 2718-09-2026 00:29:33 [38;5;015m[INFO]: [0mThis is a info message from thread 2718-09-2026 00:29:33 [38;5;015m[INFO]: [0mThis is a info message from thread 2318-09-2026 00:29:33 [38;5;009m[ERROR]: [0mThis is a error message from thread 1018-09-2026 00:29:33 [38;5;009m[ERROR]: [0mThis is a error message from thread 2418-09-2026 00:29:33 [38;5;117m[DEBUG]: [0mThis is a debug message from thread 2418-09-2026 00:29:33 [38;5;009m[ERROR]: [0mThis is a error message from thread 718-09-2026 00:29:33 [38;5;009m[ERROR]: [0mThis is a error message from thread 818-09-2026 00:29:33 [38;5;009m[ERROR]: [0mThis is a error message from thread 2718-09-2026 00:29:33 [38;5;015m[INFO]: [0mThis is a info message from thread 2418-09-2026 00:29:33 [38;5;117m[DEBUG]: [0mThis is a debug message from thread 2618-09-2026 00:29:33 [38;5;117m[DEBUG]: [0mThis is a debug message from thread 818-09-2026 00:29:33 [38;5;117m[DEBUG]: [0mThis is a debug message from thread 1918-09-2026 00:29:33 [38;5;009m[ERROR]: [0mThis is a error message from thread 2118-09-2026 00:29:33 [38;5;117m[DEBUG]: [0mThis is a debug message from thread 1018-09-2026 00:29:33 [38;5;009m[ERROR]: [0mThis is a error message from thread 618-09-2026 00:29:33 [38;5;015m[INFO]: [0mThis is a info message from thread 2618-09-2026 00:29:33 [38;5;117m[DEBUG]: [0mThis is a debug message from thread 618-09-2026 00:29:33 [38;5;015m[INFO]: [0mThis is a info message from thread 1418-09-2026 00:29:33 [38;5;009m[ERROR]: [0mThis is a error message from thread 2318-09-2026 00:29:33 [38;5;015m[INFO]: [0mThis is a info message from thread 2018-09-2026 00:29:33 [38;5;009m[ERROR]: [0mThis is a error message from thread 1718-09-2026 00:29:33 [38;5;117m[DEBUG]: [0mThis is a debug message from thread 318-09-2026 00:29:33 [38;5;117m[DEBUG]: [0mThis is a debug message from thread 1118-09-2026 00:29:33 [38;5;009m[ERROR]: [0mThis is a error message from thread 1518-09-2026 00:29:33 [38;5;009m[ERROR]: [0mThis is a error message from thread 118-09-2026 00:29:33 [38;5;117m[DEBUG]: [0mThis is a debug message from thread 018-09-2026 00:29:33 [38;5;117m[DEBUG]: [0mThis is a debug message from thread 1318-09-2026 00:29:33 [38;5;015m[INFO]: [0mThis is a info message from thread 1018-09-2026 00:29:33 [38;5;009m[ERROR]: [0mThis is a error message from thread 2418-09-2026 00:29:33 [38;5;117m[DEBUG]: [0mThis is a debug message from thread 1718-09-2026 00:29:33 [38;5;009m[ERROR]: [0mThis is a error message from thread 1218-09-2026 00:29:33 [38;5;009m[ERROR]: [0mThis is a error message from thread 1018-09-2026 00:29:33 [38;5;015m[INFO]: [0mThis is a info message from thread 518-09-2026 00:29:33 [38;5;117m[DEBUG]: [0mThis is a debug message from thread 2718-09-2026 00:29:33 [38;5;009m[ERROR]: [0mThis is a error message from thread 1418-09-2026 00:29:33 [38;5;015m[INFO]: [0mThis is a info message from thread 1818-09-2026 00:29:33 [38;5;015m[INFO]: [0mThis is a info message from thread 1118-09-2026 00:29:33 [38;5;015m[INFO]: [0mThis is a info message from thread 1718-09-2026 00:29:33 [38;5;117m[DEBUG]: [0mThis is a debug message from thread 718-09-2026 00:29:33 [38;5;015m[INFO]: [0mThis is a info message from thread 618-09-2026 00:29:33 [38;5;015m[INFO]: [0mThis is a info message from thread 2818-09-2026 00:29:33 [38;5;015m[INFO]: [0mThis is a info message from thread 418-09-2026 00:29:33 [38;5;117m[DEBUG]: [0mThis is a debug message from thread 218-09-2026 00:29:33 [38;5;009m[ERROR]: [0mThis is a error message from thread 1718-09-2026 00:29:33 [38;5;117m[DEBUG]: [0mThis is a debug message from thread 2418-09-2026 00:29:33 [38;5;117m[DEBUG]: [0mThis is a debug message from thread 1218-09-2026 00:29:33 [38;5;117m[DEBUG]: [0mThis is a debug message from thread 1518-09-2026 00:29:33 [38;5;117m[DEBUG]: [0mThis is a debug message from thread 1018-09-2026 00:29:33 [38;5;009m[ERROR]: [0mThis is a error message from thread 1118-09-2026 00:29:33 [38;5;009m[ERROR]: [0mThis is a error message from thread 2618-09-2026 00:29:33 [38;5;117m[DEBUG]: [0mThis is a debug message from thread 1418-09-2026 00:29:33 [38;5;015m[INFO]: [0mThis is a info message from thread 718-09-2026 00:29:33 [38;5;117m[DEBUG]: [0mThis is a debug message from thread 2318-09-2026 00:29:33 [38;5;009m[ERROR]: [0mThis is a error message from thread 418-09-2026 00:29:33 [38;5;015m[INFO]: [0mThis is a info message from thread 2718-09-2026 00:29:33 [38;5;015m[INFO]: [0mThis is a info message from thread 1018-09-2026 00:29:33 [38;5;009m[ERROR]: [0mThis is a error message from thread 518-09-2026 00:29:33 [38;5;117m[DEBUG]: [0mThis is a debug message from thread 2618-09-2026 00:29:33 [38;5;009m[ERROR]: [0mThis is a error message from thread 2518-09-2026 00:29:33 [38;5;117m[DEBUG]: [0mThis is a debug message from thread 518-09-2026 00:29:33 [38;5;009m[ERROR]: [0mThis is a error message from thread 2818-09-2026 00:29:33 [38;5;117m[DEBUG]: [0mThis is a debug message from thread 2518-09-2026 00:29:33 [38;5;009m[ERROR]: [0mThis is a error message from thread 1618-09-2026 00:29:33 [38;5;009m[ERROR]: [0mThis is a error message from thread 2718-09-2026 00:29:33 [38;5;009m[ERROR]: [0mThis is a error message from thread 618-09-2026 00:29:33 [38;5;015m[INFO]: [0mThis is a info message from thread 1518-09-2026 00:29:33 [38;5;117m[DEBUG]: [0mThis is a debug message from thread 418-09-2026 00:29:33 [38;5;117m[DEBUG]: [0mThis is a debug message from thread 1718-09-2026 00:29:33 [38;5;015m[INFO]: [0mThis is a info message from thread 2518-09-2026 00:29:33 [38;5;015m[INFO]: [0mThis is a info message from thread 418-09-2026 00:29:33 [38;5;009m[ERROR]: [0mThis is a error message from thread 2518-09-2026 00:29:33 [38;5;117m[DEBUG]: [0mThis is a debug message from thread 2718-09-2026 00:29:33 [38;5;009m[ERROR]: [0mThis is a error message from thread 1018-09-2026 00:29:33 [38;5;015m[INFO]: [0mThis is a info message from thread 518-09-2026 00:29:33 [38;5;015m[INFO]: [0mThis is a info message from thread 1718-09-2026 00:29:33 [38;5;117m[DEBUG]: [0mThis is a debug message from thread 618-09-2026 00:29:33 [38;5;009m[ERROR]: [0mThis is a error message from thread 418-09-2026 00:29:33 [38;5;117m[DEBUG]: [0mThis is a debug message from thread 2118-09-2026 00:29:33 [38;5;015m[INFO]: [0mThis is a info message from thread 2418-09-2026 00:29:33 [38;5;117m[DEBUG]: [0mThis is a debug message from thread 2818-09-2026 00:29:33 [38;5;015m[INFO]: [0mThis is a info message from thread 2118-09-2026 00:29:33 [38;5;009m[ERROR]: [0mThis is a error message from thread 1518-09-2026 00:29:33 [38;5;009m[ERROR]: [0mThis is a error message from thread 2118-09-2026 00:29:33 [38;5;015m[INFO]: [0mThis is a info message from thread 1918-09-2026 00:29:33 [38;5;015m[INFO]: [0mThis is a info message from thread 1418-09-2026 00:29:33 [38;5;117m[DEBUG]: [0mThis is a debug message from thread 1018-09-2026 00:29:33 [38;5;117m[DEBUG]: [0mThis is a debug message from thread 1118-09-2026 00:29:33 [38;5;117m[DEBUG]: [0mThis is a debug message from thread 2118-09-2026 00:29:33 [38;5;015m[INFO]: [0mThis is a info message from thread 618-09-2026 00:29:33 [38;5;015m[INFO]: [0mThis is a info message from thread 1218-09-2026 00:29:33 [38;5;009m[ERROR]: [0mThis is a error message from thread 2418-09-2026 00:29:33 [38;5;009m[ERROR]: [0mThis is a error message from thread 718-09-2026 00:29:33 [38;5;009m[ERROR]: [0mThis is a error message from thread 618-09-2026 00:29:33 [38;5;015m[INFO]: [0mThis is a info message from thread 218-09-2026 00:29:33 [38;5;117m[DEBUG]: [0mThis is a debug message from thread 118-09-2026 00:29:33 [38;5;015m[INFO]: [0mThis is a info message from thread 018-09-2026 00:29:33 [38;5;015m[INFO]: [0mThis is a info message from thread 2718-09-2026 00:29:33 [38;5;015m[INFO]: [0mThis is a info message from thread 2118-09-2026 00:29:33 [38;5;015m[INFO]: [0mThis is a info message from thread 2318-09-2026 00:29:33 [38;5;009m[ERROR]: [0mThis is a error message from thread 1718-09-2026 00:29:33 [38;5;009m[ERROR]: [0mThis is a error message from thread 518-09-2026 00:29:33 [38;5;117m[DEBUG]: [0mThis is a debug message from thread 1518-09-2026 00:29:33 [38;5;117m[DEBUG]: [0mThis is a debug message from thread 2518-09-2026 00:29:33 [38;5;117m[DEBUG]: [0mThis is a debug message from thread 718-09-2026 00:29:33 [38;5;009m[ERROR]: [0mThis is a error message from thread 1218-09-2026 00:29:33 [38;5;015m[INFO]: [0mThis is a info message from thread 2218-09-2026 00:29:33 [38;5;015m[INFO]: [0mThis is a info message from thread 1318-09-2026 00:29:33 [38;5;117m[DEBUG]: [0mThis is a debug message from thread 1718-09-2026 00:29:33 [38;5;009m[ERROR]: [0mThis is a error message from thread 2218-09-2026 00:29:33 [38;5;015m[INFO]: [0mThis is a info message from thread 118-09-2026 00:29:33 [38;5;009m[ERROR]: [0mThis is a error message from thread 2718-09-2026 00:29:33 [38;5;117m[DEBUG]: [0mThis is a debug message from thread 518-09-2026 00:29:33 [38;5;117m[DEBUG]: [0mThis is a debug message from thread 2218-09-2026 00:29:33 [38;5;009m[ERROR]: [0mThis is a error message from thread 2318-09-2026 00:29:33 [38;5;009m[ERROR]: [0mThis is a error message from thread 218-09-2026 00:29:33 [38;5;009m[ERROR]: [0mThis is a error message from thread 1918-09-2026 00:29:33 [38;5;009m[ERROR]: [0mThis is a error message from thread 118-09-2026 00:29:33 [38;5;015m[INFO]: [0mThis is a info message from thread 2218-09-2026 00:29:33 [38;5;009m[ERROR]: [0mThis is a error message from thread 1318-09-2026 00:29:33 [38;5;015m[INFO]: [0mThis is a info message from thread 818-09-2026 00:29:33 [38;5;117m[DEBUG]: [0mThis is a debug message from thread 1918-09-2026 00:29:33 [38;5;117m[DEBUG]: [0mThis is a debug message from thread 418-09-2026 00:29:33 [38;5;015m[INFO]: [0mThis is a info message from thread 1918-09-2026 00:29:33 [38;5;015m[INFO]: [0mThis is a info message from thread 418-09-2026 00:29:33 [38;5;117m[DEBUG]: [0mThis is a debug message from thread 2718-09-2026 00:29:33 [38;5;009m[ERROR]: [0mThis is a error message from thread 418-09-2026 00:29:33 [38;5;015m[INFO]: [0mThis is a info message from thread 2618-09-2026 00:29:33 [38;5;015m[INFO]: [0mThis is a info message from thread 518-09-2026 00:29:33 [38;5;117m[DEBUG]: [0mThis is a debug message from thread 2418-09-2026 00:29:33 [38;5;015m[INFO]: [0mThis is a info message from thread 2718-09-2026 00:29:33 [38;5;015m[INFO]: [0mThis is a info message from thread 918-09-2026 00:29:33 [38;5;015m[INFO]: [0mThis is a info message from thread 2918-09-2026 00:29:33 [38;5;009m[ERROR]: [0mThis is a error message from thread 818-09-2026 00:29:33 [38;5;015m[INFO]: [0mThis is a info message from thread 1718-09-2026 00:29:33 [38;5;015m[INFO]: [0mThis is a info message from thread 1018-09-2026 00:29:33 [38;5;009m[ERROR]: [0mThis is a error message from thread 2618-09-2026 00:29:33 [38;5;009m[ERROR]: [0mThis is a error message from thread 2918-09-2026 00:29:33 [38;5;009m[ERROR]: [0mThis is a error message from thread 2018-09-2026 00:29:33 [38;5;117m[DEBUG]: [0mThis is a debug message from thread 1618-09-2026 00:29:33 [38;5;117m[DEBUG]: [0mThis is a debug message from thread 2318-09-2026 00:29:33 [38;5;009m[ERROR]: [0mThis is a error message from thread 1718-09-2026 00:29:33 [38;5;009m[ERROR]: [0mThis is a error message from thread 1418-09-2026 00:29:33 [38;5;117m[DEBUG]: [0mThis is a debug message from thread 618-09-2026 00:29:33 [38;5;009m[ERROR]: [0mThis is a error message from thread 1818-09-2026 00:29:33 [38;5;117m[DEBUG]: [0mThis is a debug message from thread 1218-09-2026 00:29:33 [38;5;009m[ERROR]: [0mThis is a error message from thread 2218-09-2026 00:29:33 [38;5;117m[DEBUG]: [0mThis is a debug message from thread 818-09-2026 00:29:33 [38;5;009m[ERROR]: [0mThis is a error message from thread 918-09-2026 00:29:33 [38;5;009m[ERROR]: [0mThis is a error message from thread 018-09-2026 00:29:33 [38;5;117m[DEBUG]: [0mThis is a debug message from thread 118-09-2026 00:29:33 [38;5;117m[DEBUG]: [0mThis is a debug message from thread 2018-09-2026 00:29:33 [38;5;117m[DEBUG]: [0mThis is a debug message from thread 1418-09-2026 00:29:33 [38;5;015m[INFO]: [0mThis is a info message from thread 118-09-2026 00:29:33 [38;5;117m[DEBUG]: [0mThis is a debug message from thread 2618-09-2026 00:29:33 [38;5;015m[INFO]: [0mThis is a info message from thread 818-09-2026 00:29:33 [38;5;015m[INFO]: [0mThis is a info message from thread 1618-09-2026 00:29:33 [38;5;009m[ERROR]: [0mThis is a error message from thread 2718-09-2026 00:29:33 [38;5;015m[INFO]: [0mThis is a info message from thread 2618-09-2026 00:29:33 [38;5;009m[ERROR]: [0mThis is a error message from thread 118-09-2026 00:29:33 [38;5;009m[ERROR]: [0mThis is a error message from thread 1618-09-2026 00:29:33 [38;5;015m[INFO]: [0mThis is a info message from thread 2318-09-2026 00:29:33 [38;5;117m[DEBUG]: [0mThis is a debug message from thread 1618-09-2026 00:29:33 [38;5;117m[DEBUG]: [0mThis is a debug message from thread 218-09-2026 00:29:33 [38;5;015m[INFO]: [0mThis is a info message from thread 1618-09-2026 00:29:33 [38;5;117m[DEBUG]: [0mThis is a debug message from thread 118-09-2026 00:29:33 [38;5;009m[ERROR]: [0mThis is a error message from thread 2318-09-2026 00:29:33 [38;5;015m[INFO]: [0mThis is a info message from thread 2018-09-2026 00:29:33 [38;5;117m[DEBUG]: [0mThis is a debug message from thread 018-09-2026 00:29:33 [38;5;009m[ERROR]: [0mThis is a error message from thread 2018-09-2026 00:29:33 [38;5;117m[DEBUG]: [0mThis is a debug message from thread 2218-09-2026 00:29:33 [38;5;015m[INFO]: [0mThis is a info message from thread 2218-09-2026 00:29:33 [38;5;015m[INFO]: [0mThis is a info message from thread 2818-09-2026 00:29:33 [38;5;009m[ERROR]: [0mThis is a error message from thread 2218-09-2026 00:29:33 [38;5;015m[INFO]: [0mThis is a info message from thread 618-09-2026 00:29:33 [38;5;015m[INFO]: [0mThis is a info message from thread 1418-09-2026 00:29:33 [38;5;009m[ERROR]: [0mThis is a error message from thread 618-09-2026 00:29:33 [38;5;117m[DEBUG]: [0mThis is a debug message from thread 2218-09-2026 00:29:33 [38;5;117m[DEBUG]: [0mThis is a debug message from thread 2318-09-2026 00:29:33 [38;5;117m[DEBUG]: [0mThis is a debug message from thread 2918-09-2026 00:29:33 [38;5;009m[ERROR]: [0mThis is a error message from thread 2818-09-2026 00:29:33 [38;5;015m[INFO]: [0mThis is a info message from thread 018-09-2026 00:29:33 [38;5;015m[INFO]: [0mThis is a info message from thread 2218-09-2026 00:29:33 [38;5;009m[ERROR]: [0mThis is a error message from thread 018-09-2026 00:29:33 [38;5;117m[DEBUG]: [0mThis is a debug message from thread 1318-09-2026 00:29:33 [38;5;015m[INFO]: [0mThis is a info message from thread 318-09-2026 00:29:33 [38;5;009m[ERROR]: [0mThis is a error message from thread 318-09-2026 00:29:33 [38;5;015m[INFO]: [0mThis is a info message from thread 1218-09-2026 00:29:33 [38;5;117m[DEBUG]: [0mThis is a debug message from thread 918-09-2026 00:29:33 [38;5;117m[DEBUG]: [0mThis is a debug message from thread 2818-09-2026 00:29:33 [38;5;117m[DEBUG]: [0mThis is a debug message from thread 318-09-2026 00:29:33 [38;5;009m[ERROR]: [0mThis is a error message from thread 518-09-2026 00:29:33 [38;5;015m[INFO]: [0mThis is a info message from thread 1118-09-2026 00:29:33 [38;5;117m[DEBUG]: [0mThis is a debug message from thread 1718-09-2026 00:29:33 [38;5;009m[ERROR]: [0mThis is a error message from thread 1418-09-2026 00:29:33 [38;5;009m[ERROR]: [0mThis is a error message from thread 2218-09-2026 00:29:33 [38;5;009m[ERROR]: [0mThis is a error message from thread 2118-09-2026 00:29:33 [38;5;015m[INFO]: [0mThis is a info message from thread 2818-09-2026 00:29:33 [38;5;015m[INFO]: [0mThis is a info message from thread 918-09-2026 00:29:33 [38;5;117m[DEBUG]: [0mThis is a debug message from thread 418-09-2026 00:29:33 [38;5;117m[DEBUG]: [0mThis is a debug message from thread 018-09-2026 00:29:33 [38;5;009m[ERROR]: [0mThis is a error message from thread 1018-09-2026 00:29:33 [38;5;015m[INFO]: [0mThis is a info message from thread 318-09-2026 00:29:33 [38;5;015m[INFO]: [0mThis is a info message from thread 2518-09-2026 00:29:33 [38;5;009m[ERROR]: [0mThis is a error message from thread 2818-09-2026 00:29:33 [38;5;009m[ERROR]: [0mThis is a error message from thread 318-09-2026 00:29:33 [38;5;117m[DEBUG]: [0mThis is a debug message from thread 1018-09-2026 00:29:33 [38;5;015m[INFO]: [0mThis is a info message from thread 2318-09-2026 00:29:33 [38;5;015m[INFO]: [0mThis is a info message from thread 1518-09-2026 00:29:33 [38;5;117m[DEBUG]: [0mThis is a debug message from thread 618-09-2026 00:29:33 [38;5;117m[DEBUG]: [0mThis is a debug message from thread 518-09-2026 00:29:33 [38;5;015m[INFO]: [0mThis is a info message from thread 1318-09-2026 00:29:33 [38;5;009m[ERROR]: [0mThis is a error message from thread 918-09-2026 00:29:33 [38;5;015m[INFO]: [0mThis is a info message from thread 2418-09-2026 00:29:33 [38;5;117m[DEBUG]: [0mThis is a debug message from thread 2718-09-2026 00:29:33 [38;5;015m[INFO]: [0mThis is a info message from thread 1718-09-2026 00:29:33 [38;5;015m[INFO]: [0mThis is a info message from thread 518-09-2026 00:29:33 [38;5;117m[DEBUG]: [0mThis is a debug message from thread 1418-09-2026 00:29:33 [38;5;117m[DEBUG]: [0mThis is a debug message from thread 318-09-2026 00:29:33 [38;5;117m[DEBUG]: [0mThis is a debug message from thread 1818-09-2026 00:29:33 [38;5;015m[INFO]: [0mThis is a info message from thread 1418-09-2026 00:29:33 [38;5;117m[DEBUG]: [0mThis is a debug message from thread 2218-09-2026 00:29:33 [38;5;009m[ERROR]: [0mThis is a error message from thread 1318-09-2026 00:29:33 [38;5;015m[INFO]: [0mThis is a info message from thread 418-09-2026 00:29:33 [38;5;117m[DEBUG]: [0mThis is a debug message from thread 2818-09-2026 00:29:33 [38;5;015m[INFO]: [0mThis is a info message from thread 2718-09-2026 00:29:33 [38;5;015m[INFO]: [0mThis is a info message from thread 718-09-2026 00:29:33 [38;5;015m[INFO]: [0mThis is a info message from thread 1818-09-2026 00:29:33 [38;5;015m[INFO]: [0mThis is a info message from thread 118-09-2026 00:29:33 [38;5;015m[INFO]: [0mThis is a info message from thread 2218-09-2026 00:29:33 [38;5;009m[ERROR]: [0mThis is a error message from thread 1818-09-2026 00:29:33 [38;5;009m[ERROR]: [0mThis is a error message from thread 2718-09-2026 00:29:33 [38;5;009m[ERROR]: [0mThis is a error message from thread 1718-09-2026 00:29:33 [38;5;117m[DEBUG]: [0mThis is a debug message from thread 2018-09-2026 00:29:33 [38;5;015m[INFO]: [0mThis is a info message from thread 2818-09-2026 00:29:33 [38;5;009m[ERROR]: [0mThis is a error message from thread 118-09-2026 00:29:33 [38;5;009m[ERROR]: [0mThis is a error message from thread 1418-09-2026 00:29:33 [38;5;009m[ERROR]: [0mThis is a error message from thread 2518-09-2026 00:29:33 [38;5;015m[INFO]: [0mThis is a info message from thread 1018-09-2026 00:29:33 [38;5;009m[ERROR]: [0mThis is a error message from thread 1218-09-2026 00:29:33 [38;5;009m[ERROR]: [0mThis is a error message from thread 818-09-2026 00:29:33 [38;5;009m[ERROR]: [0mThis is a error message from thread 2418-09-2026 00:29:33 [38;5;009m[ERROR]: [0mThis is a error message from thread 2618-09-2026 00:29:33 [38;5;117m[DEBUG]: [0mThis is a debug message from thread 118-09-2026 00:29:33 [38;5;117m[DEBUG]: [0mThis is a debug message from thread 1318-09-2026 00:29:33 [38;5;117m[DEBUG]: [0mThis is a debug message from thread 1418-09-2026 00:29:33 [38;5;015m[INFO]: [0mThis is a info message from thread 018-09-2026 00:29:33 [38;5;015m[INFO]: [0mThis is a info message from thread 2018-09-2026 00:29:33 [38;5;117m[DEBUG]: [0mThis is a debug message from thread 1218-09-2026 00:29:33 [38;5;117m[DEBUG]: [0mThis is a debug message from thread 2418-09-2026 00:29:33 [38;5;009m[ERROR]: [0mThis is a error message from thread 018-09-2026 00:29:33 [38;5;009m[ERROR]: [0mThis is a error message from thread 2018-09-2026 00:29:33 [38;5;015m[INFO]: [0mThis is a info message from thread 1218-09-2026 00:29:33 [38;5;015m[INFO]: [0mThis is a info message from thread 2418-09-2026 00:29:33 [38;5;117m[DEBUG]: [0mThis is a debug message from thread 018-09-2026 00:29:33 [38;5;117m[DEBUG]: [0mThis is a debug message from thread 2018-09-2026 00:29:33 [38;5;015m[INFO]: [0mThis is a info message from thread 018-09-2026 00:29:33 [38;5;009m[ERROR]: [0mThis is a error message from thread 1218-09-2026 00:29:33 [38;5;009m[ERROR]: [0mThis is a error message from thread 2418-09-2026 00:29:33 [38;5;009m[ERROR]: [0mThis is a error message from thread 518-09-2026 00:29:33 [38;5;117m[DEBUG]: [0mThis is a debug message from thread 2118-09-2026 00:29:33 [38;5;015m[INFO]: [0mThis is a info message from thread 1318-09-2026 00:29:33 [38;5;009m[ERROR]: [0mThis is a error message from thread 1018-09-2026 00:29:33 [38;5;117m[DEBUG]: [0mThis is a debug message from thread 2618-09-2026 00:29:33 [38;5;015m[INFO]: [0mThis is a info message from thread 118-09-2026 00:29:33 [38;5;015m[INFO]: [0mThis is a info message from thread 218-09-2026 00:29:33 [38;5;015m[INFO]: [0mThis is a info message from thread 618-09-2026 00:29:33 [38;5;009m[ERROR]: [0mThis is a error message from thread 218-09-2026 00:29:33 [38;5;117m[DEBUG]: [0mThis is a debug message from thread 218-09-2026 00:29:33 [38;5;015m[INFO]: [0mThis is a info message from thread 1418-09-2026 00:29:33 [38;5;015m[INFO]: [0mThis is a info message from thread 218-09-2026 00:29:33 [38;5;009m[ERROR]: [0mThis is a error message from thread 1318-09-2026 00:29:33 [38;5;117m[DEBUG]: [0mThis is a debug message from thread 1018-09-2026 00:29:33 [38;5;009m[ERROR]: [0mThis is a error message from thread 1418-09-2026 00:29:33 [38;5;015m[INFO]: [0mThis is a info message from thread 1018-09-2026 00:29:33 [38;5;009m[ERROR]: [0mThis is a error message from thread 718-09-2026 00:29:33 [38;5;117m[DEBUG]: [0mThis is a debug message from thread 918-09-2026 00:29:33 [38;5;117m[DEBUG]: [0mThis is a debug message from thread 1218-09-2026 00:29:33 [38;5;015m[INFO]: [0mThis is a info message from thread 2018-09-2026 00:29:33 [38;5;117m[DEBUG]: [0mThis is a debug message from thread 1318-09-2026 00:29:33 [38;5;009m[ERROR]: [0mThis is a error message from thread 218-09-2026 00:29:33 [38;5;009m[ERROR]: [0mThis is a error message from thread 1118-09-2026 00:29:33 [38;5;009m[ERROR]: [0mThis is a error message from thread 2318-09-2026 00:29:33 [38;5;015m[INFO]: [0mThis is a info message from thread 918-09-2026 00:29:33 [38;5;117m[DEBUG]: [0mThis is a debug message from thread 2718-09-2026 00:29:33 [38;5;015m[INFO]: [0mThis is a info message from thread 1318-09-2026 00:29:33 [38;5;015m[INFO]: [0mThis is a info message from thread 318-09-2026 00:29:33 [38;5;009m[ERROR]: [0mThis is a error message from thread 1018-09-2026 00:29:33 [38;5;117m[DEBUG]: [0mThis is a debug message from thread 2518-09-2026 00:29:33 [38;5;117m[DEBUG]: [0mThis is a debug message from thread 2418-09-2026 00:29:33 [38;5;015m[INFO]: [0mThis is a info message from thread 2918-09-2026 00:29:33 [38;5;117m[DEBUG]: [0mThis is a debug message from thread 2318-09-2026 00:29:33 [38;5;009m[ERROR]: [0mThis is a error message from thread 1918-09-2026 00:29:33 [38;5;117m[DEBUG]: [0mThis is a debug message from thread 1418-09-2026 00:29:33 [38;5;009m[ERROR]: [0mThis is a error message from thread 018-09-2026 00:29:33 [38;5;009m[ERROR]: [0mThis is a error message from thread 1618-09-2026 00:29:33 [38;5;009m[ERROR]: [0mThis is a error message from thread 118-09-2026 00:29:33 [38;5;009m[ERROR]: [0mThis is a error message from thread 618-09-2026 00:29:33 [38;5;117m[DEBUG]: [0mThis is a debug message from thread 518-09-2026 00:29:33 [38;5;117m[DEBUG]: [0mThis is a debug message from thread 1918-09-2026 00:29:33 [38;5;015m[INFO]: [0mThis is a info message from thread 1418-09-2026 00:29:33 [38;5;015m[INFO]: [0mThis is a info message from thread 2318-09-2026 00:29:33 [38;5;117m[DEBUG]: [0mThis is a debug message from thread 1718-09-2026 00:29:33 [38;5;009m[ERROR]: [0mThis is a error message from thread 2818-09-2026 00:29:33 [38;5;117m[DEBUG]: [0mThis is a debug message from thread 018-09-2026 00:29:33 [38;5;117m[DEBUG]: [0mThis is a debug message from thread 718-09-2026 00:29:33 [38;5;117m[DEBUG]: [0mThis is a debug message from thread 1118-09-2026 00:29:33 [38;5;117m[DEBUG]: [0mThis is a debug message from thread 618-09-2026 00:29:33 [38;5;015m[INFO]: [0mThis is a info message from thread 518-09-2026 00:29:33 [38;5;009m[ERROR]: [0mThis is a error message from thread 418-09-2026 00:29:33 [38;5;009m[ERROR]: [0mThis is a error message from thread 918-09-2026 00:29:33 [38;5;009m[ERROR]: [0mThis is a error message from thread 2318-09-2026 00:29:33 [38;5;117m[DEBUG]: [0mThis is a debug message from thread 118-09-2026 00:29:33 [38;5;009m[ERROR]: [0mThis is a error message from thread 318-09-2026 00:29:33 [38;5;117m[DEBUG]: [0mThis is a debug message from thread 1018-09-2026 00:29:33 [38;5;117m[DEBUG]: [0mThis is a debug message from thread 1818-09-2026 00:29:33 [38;5;009m[ERROR]: [0mThis is a error message from thread 2018-09-2026 00:29:33 [38;5;015m[INFO]: [0mThis is a info message from thread 1918-09-2026 00:29:33 [38;5;015m[INFO]: [0mThis is a info message from thread 1118-09-2026 00:29:33 [38;5;015m[INFO]: [0mThis is a info message from thread 1018-09-2026 00:29:33 [38;5;015m[INFO]: [0mThis is a info message from thread 2718-09-2026 00:29:33 [38;5;009m[ERROR]: [0mThis is a error message from thread 2718-09-2026 00:29:33 [38;5;009m[ERROR]: [0mThis is a error message from thread 1918-09-2026 00:29:33 [38;5;009m[ERROR]: [0mThis is a error message from thread 518-09-2026 00:29:33 [38;5;015m[INFO]: [0mThis is a info message from thread 2618-09-2026 00:29:33 [38;5;117m[DEBUG]: [0mThis is a debug message from thread 418-09-2026 00:29:33 [38;5;117m[DEBUG]: [0mThis is a debug message from thread 918-09-2026 00:29:33 [38;5;015m[INFO]: [0mThis is a info message from thread 2118-09-2026 00:29:33 [38;5;015m[INFO]: [0mThis is a info message from thread 2418-09-2026 00:29:33 [38;5;009m[ERROR]: [0mThis is a error message from thread 2118-09-2026 00:29:33 [38;5;117m[DEBUG]: [0mThis is a debug message from thread 1918-09-2026 00:29:33 [38;5;015m[INFO]: [0mThis is a info message from thread 718-09-2026 00:29:33 [38;5;117m[DEBUG]: [0mThis is a debug message from thread 2318-09-2026 00:29:33 [38;5;009m[ERROR]: [0mThis is a error message from thread 1118-09-2026 00:29:33 [38;5;009m[ERROR]: [0mThis is a error message from thread 1318-09-2026 00:29:33 [38;5;015m[INFO]: [0mThis is a info message from thread 018-09-2026 00:29:33 [38;5;015m[INFO]: [0mThis is a info message from thread 2318-09-2026 00:29:33 [38;5;009m[ERROR]: [0mThis is a error message from thread 1418-09-2026 00:29:33 [38;5;117m[DEBUG]: [0mThis is a debug message from thread 1318-09-2026 00:29:33 [38;5;117m[DEBUG]: [0mThis is a debug message from thread 1418-09-2026 00:29:33 [38;5;117m[DEBUG]: [0mThis is a debug message from thread 318-09-2026 00:29:33 [38;5;117m[DEBUG]: [0mThis is a debug message from thread 518-09-2026 00:29:33 [38;5;015m[INFO]: [0mThis is a info message from thread 618-09-2026 00:29:33 [38;5;015m[INFO]: [0mThis is a info message from thread 1918-09-2026 00:29:33 [38;5;117m[DEBUG]: [0mThis is a debug message from thread 1618-09-2026 00:29:33 [38;5;015m[INFO]: [0mThis is a info message from thread 518-09-2026 00:29:33 [38;5;009m[ERROR]: [0mThis is a error message from thread 2918-09-2026 00:29:33 [38;5;015m[INFO]: [0mThis is a info message from thread 318-09-2026 00:29:33 [38;5;117m[DEBUG]: [0mThis is a debug message from thread 818-09-2026 00:29:33 [38;5;009m[ERROR]: [0mThis is a error message from thread 718-09-2026 00:29:33 [38;5;009m[ERROR]: [0mThis is a error message from thread 2418-09-2026 00:29:33 [38;5;009m[ERROR]: [0mThis is a error message from thread 318-09-2026 00:29:33 [38;5;009m[ERROR]: [0mThis is a error message from thread 1518-09-2026 00:29:33 [38;5;015m[INFO]: [0mThis is a info message from thread 418-09-2026 00:29:33 [38;5;015m[INFO]: [0mThis is a info message from thread 1218-09-2026 00:29:33 [38;5;015m[INFO]: [0mThis is a info message from thread 818-09-2026 00:29:33 [38;5;117m[DEBUG]: [0mThis is a debug message from thread 1118-09-2026 00:29:33 [38;5;015m[INFO]: [0mThis is a info message from thread 1618-09-2026 00:29:33 [38;5;009m[ERROR]: [0mThis is a error message from thread 2218-09-2026 00:29:33 [38;5;009m[ERROR]: [0mThis is a error message from thread 2318-09-2026 00:29:33 [38;5;117m[DEBUG]: [0mThis is a debug message from thread 2118-09-2026 00:29:33 [38;5;117m[DEBUG]: [0mThis is a debug message from thread 2418-09-2026 00:29:33 [38;5;015m[INFO]: [0mThis is a info message from thread 1718-09-2026 00:29:33 [38;5;009m[ERROR]: [0mThis is a error message from thread 818-09-2026 00:29:33 [38;5;117m[DEBUG]: [0mThis is a debug message from thread 218-09-2026 00:29:33 [38;5;015m[INFO]: [0mThis is a info message from thread 2518-09-2026 00:29:33 [38;5;009m[ERROR]: [0mThis is a error message from thread 1218-09-2026 00:29:33 [38;5;117m[DEBUG]: [0mThis is a debug message from thread 2218-09-2026 00:29:33 [38;5;117m[DEBUG]: [0mThis is a debug message from thread 718-09-2026 00:29:33 [38;5;117m[DEBUG]: [0mThis is a debug message from thread 2318-09-2026 00:29:33 [38;5;015m[INFO]: [0mThis is a info message from thread 2218-09-2026 00:29:33 [38;5;117m[DEBUG]: [0mThis is a debug message from thread 818-09-2026 00:29:33 [38;5;015m[INFO]: [0mThis is a info message from thread 1318-09-2026 00:29:33 [38;5;009m[ERROR]: [0mThis is a error message from thread 1018-09-2026 00:29:33 [38;5;009m[ERROR]: [0mThis is a error message from thread 018-09-2026 00:29:33 [38;5;117m[DEBUG]: [0mThis is a debug message from thread 2918-09-2026 00:29:33 [38;5;015m[INFO]: [0mThis is a info message from thread 818-09-2026 00:29:33 [38;5;009m[ERROR]: [0mThis is a error message from thread 2518-09-2026 00:29:33 [38;5;009m[ERROR]: [0mThis is a error message from thread 2218-09-2026 00:29:33 [38;5;009m[ERROR]: [0mThis is a error message from thread 418-09-2026 00:29:33 [38;5;015m[INFO]: [0mThis is a info message from thread 118-09-2026 00:29:33 [38;5;009m[ERROR]: [0mThis is a error message from thread 818-09-2026 00:29:33 [38;5;117m[DEBUG]: [0mThis is a debug message from thread 1518-09-2026 00:29:33 [38;5;117m[DEBUG]: [0mThis is a debug message from thread 818-09-2026 00:29:33 [38;5;015m[INFO]: [0mThis is a info message from thread 2918-09-2026 00:29:33 [38;5;015m[INFO]: [0mThis is a info message from thread 1118-09-2026 00:29:33 [38;5;009m[ERROR]: [0mThis is a error message from thread 1118-09-2026 00:29:33 [38;5;117m[DEBUG]: [0mThis is a debug message from thread 2518-09-2026 00:29:33 [38;5;117m[DEBUG]: [0mThis is a debug message from thread 1118-09-2026 00:29:33 [38;5;117m[DEBUG]: [0mThis is a debug message from thread 1018-09-2026 00:29:33 [38;5;117m[DEBUG]: [0mThis is a debug message from thread 018-09-2026 00:29:33 [38;5;015m[INFO]: [0mThis is a info message from thread 1018-09-2026 00:29:33 [38;5;015m[INFO]: [0mThis is a info message from thread 1818-09-2026 00:29:33 [38;5;117m[DEBUG]: [0mThis is a debug message from thread 1218-09-2026 00:29:33 [38;5;117m[DEBUG]: [0mThis is a debug message from thread 2818-09-2026 00:29:33 [38;5;009m[ERROR]: [0mThis is a error message from thread 1618-09-2026 00:29:33 [38;5;015m[INFO]: [0mThis is a info message from thread 1418-09-2026 00:29:33 [38;5;117m[DEBUG]: [0mThis is a debug message from thread 418-09-2026 00:29:33 [38;5;009m[ERROR]: [0mThis is a error message from thread 2918-09-2026 00:29:33 [38;5;015m[INFO]: [0mThis is a info message from thread 1518-09-2026 00:29:33 [38;5;015m[INFO]: [0mThis is a info message from thread 018-09-2026 00:29:33 [38;5;015m[INFO]: [0mThis is a info message from thread 418-09-2026 00:29:33 [38;5;009m[ERROR]: [0mThis is a error message from thread 1918-09-2026 00:29:33 [38;5;009m[ERROR]: [0mThis is a error message from thread 1018-09-2026 00:29:33 [38;5;009m[ERROR]: [0mThis is a error message from thread 1818-09-2026 00:29:33 [38;5;009m[ERROR]: [0mThis is a error message from thread 018-09-2026 00:29:33 [38;5;117m[DEBUG]: [0mThis is a debug message from thread 1818-09-2026 00:29:33 [38;5;009m[ERROR]: [0mThis is a error message from thread 418-09-2026 00:29:33 [38;5;009m[ERROR]: [0mThis is a error message from thread 1518-09-2026 00:29:33 [38;5;015m[INFO]: [0mThis is a info message from thread 718-09-2026 00:29:33 [38;5;117m[DEBUG]: [0mThis is a debug message from thread 018-09-2026 00:29:33 [38;5;015m[INFO]: [0mThis is a info message from thread 1818-09-2026 00:29:33 [38;5;015m[INFO]: [0mThis is a info message from thread 018-09-2026 00:29:33 [38;5;009m[ERROR]: [0mThis is a error message from thread 718-09-2026 00:29:33 [38;5;015m[INFO]: [0mThis is a info message from thread 1218-09-2026 00:29:33 [38;5;117m[DEBUG]: [0mThis is a debug message from thread 1518-09-2026 00:29:33 [38;5;117m[DEBUG]: [0mThis is a debug message from thread 418-09-2026 00:29:33 [38;5;009m[ERROR]: [0mThis is a error message from thread 518-09-2026 00:29:33 [38;5;015m[INFO]: [0mThis is a info message from thread 1518-09-2026 00:29:33 [38;5;015m[INFO]: [0mThis is a info message from thread 418-09-2026 00:29:33 [38;5;117m[DEBUG]: [0mThis is a debug message from thread 518-09-2026 00:29:33 [38;5;015m[INFO]: [0mThis is a info message from thread 1118-09-2026 00:29:33 [38;5;015m[INFO]: [0mThis is a info message from thread 2818-09-2026 00:29:33 [38;5;009m[ERROR]: [0mThis is a error message from thread 1118-09-2026 00:29:33 [38;5;009m[ERROR]: [0mThis is a error message from thread 1518-09-2026 00:29:33 [38;5;117m[DEBUG]: [0mThis is a debug message from thread 1118-09-2026 00:29:33 [38;5;117m[DEBUG]: [0mThis is a debug message from thread 1518-09-2026 00:29:33 [38;5;009m[ERROR]: [0mThis is a error message from thread 2818-09-2026 00:29:33 [38;5;015m[INFO]: [0mThis is a info message from thread 518-09-2026 00:29:33 [38;5;015m[INFO]: [0mThis is a info message from thread 1518-09-2026 00:29:33 [38;5;117m[DEBUG]: [0mThis is a debug message from thread 2818-09-2026 00:29:33 [38;5;015m[INFO]: [0mThis is a info message from thread 1118-09-2026 00:29:33 [38;5;009m[ERROR]: [0mThis is a error message from thread 1518-09-2026 00:29:33 [38;5;117m[DEBUG]: [0mThis is a debug message from thread 2918-09-2026 00:29:33 [38;5;009m[ERROR]: [0mThis is a error message from thread 1118-09-2026 00:29:33 [38;5;117m[DEBUG]: [0mThis is a debug message from thread 1118-09-2026 00:29:33 [38;5;015m[INFO]: [0mThis is a info message from thread 2918-09-2026 00:29:33 [38;5;117m[DEBUG]: [0mThis is a debug message from thread 1518-09-2026 00:29:33 [38;5;015m[INFO]: [0mThis is a info message from thread 1518-09-2026 00:29:33 [38;5;015m[INFO]: [0mThis is a info message from thread 1118-09-2026 00:29:33 [38;5;015m[INFO]: [0mThis is a info message from thread 2818-09-2026 00:29:33 [38;5;009m[ERROR]: [0mThis is a error message from thread 1518-09-2026 00:29:33 [38;5;009m[ERROR]: [0mThis is a error message from thread 1118-09-2026 00:29:33 [38;5;009m[ERROR]: [0mThis is a error message from thread 518-09-2026 00:29:33 [38;5;009m[ERROR]: [0mThis is a error message from thread 2818-09-2026 00:29:33 [38;5;117m[DEBUG]: [0mThis is a debug message from thread 1118-09-2026 00:29:33 [38;5;117m[DEBUG]: [0mThis is a debug message from thread 518-09-2026 00:29:33 [38;5;117m[DEBUG]: [0mThis is a debug message from thread 318-09-2026 00:29:33 [38;5;015m[INFO]: [0mThis is a info message from thread 918-09-2026 00:29:33 [38;5;015m[INFO]: [0mThis is a info message from thread 1118-09-2026 00:29:33 [38;5;117m[DEBUG]: [0mThis is a debug message from thread 1618-09-2026 00:29:33 [38;5;009m[ERROR]: [0mThis is a error message from thread 918-09-2026 00:29:33 [38;5;117m[DEBUG]: [0mThis is a debug message from thread 2218-09-2026 00:29:33 [38;5;117m[DEBUG]: [0mThis is a debug message from thread 918-09-2026 00:29:33 [38;5;015m[INFO]: [0mThis is a info message from thread 318-09-2026 00:29:33 [38;5;015m[INFO]: [0mThis is a info message from thread 2218-09-2026 00:29:33 [38;5;009m[ERROR]: [0mThis is a error message from thread 018-09-2026 00:29:33 [38;5;015m[INFO]: [0mThis is a info message from thread 218-09-2026 00:29:33 [38;5;009m[ERROR]: [0mThis is a error message from thread 1718-09-2026 00:29:33 [38;5;015m[INFO]: [0mThis is a info message from thread 2518-09-2026 00:29:33 [38;5;009m[ERROR]: [0mThis is a error message from thread 318-09-2026 00:29:33 [38;5;009m[ERROR]: [0mThis is a error message from thread 2218-09-2026 00:29:33 [38;5;117m[DEBUG]: [0mThis is a debug message from thread 1918-09-2026 00:29:33 [38;5;117m[DEBUG]: [0mThis is a debug message from thread 2218-09-2026 00:29:33 [38;5;117m[DEBUG]: [0mThis is a debug message from thread 718-09-2026 00:29:33 [38;5;015m[INFO]: [0mThis is a info message from thread 1918-09-2026 00:29:33 [38;5;117m[DEBUG]: [0mThis is a debug message from thread 1718-09-2026 00:29:33 [38;5;015m[INFO]: [0mThis is a info message from thread 2218-09-2026 00:29:33 [38;5;117m[DEBUG]: [0mThis is a debug message from thread 318-09-2026 00:29:33 [38;5;009m[ERROR]: [0mThis is a error message from thread 2518-09-2026 00:29:33 [38;5;009m[ERROR]: [0mThis is a error message from thread 1418-09-2026 00:29:33 [38;5;117m[DEBUG]: [0mThis is a debug message from thread 2018-09-2026 00:29:33 [38;5;009m[ERROR]: [0mThis is a error message from thread 2618-09-2026 00:29:33 [38;5;009m[ERROR]: [0mThis is a error message from thread 218-09-2026 00:29:33 [38;5;015m[INFO]: [0mThis is a info message from thread 918-09-2026 00:29:33 [38;5;015m[INFO]: [0mThis is a info message from thread 718-09-2026 00:29:33 [38;5;009m[ERROR]: [0mThis is a error message from thread 618-09-2026 00:29:33 [38;5;015m[INFO]: [0mThis is a info message from thread 1718-09-2026 00:29:33 [38;5;009m[ERROR]: [0mThis is a error message from thread 1818-09-2026 00:29:33 [38;5;009m[ERROR]: [0mThis is a error message from thread 1318-09-2026 00:29:33 [38;5;009m[ERROR]: [0mThis is a error message from thread 118-09-2026 00:29:33 [38;5;015m[INFO]: [0mThis is a info message from thread 2318-09-2026 00:29:33 [38;5;009m[ERROR]: [0mThis is a error message from thread 1218-09-2026 00:29:33 [38;5;009m[ERROR]: [0mThis is a error message from thread 2918-09-2026 00:29:33 [38;5;009m[ERROR]: [0mThis is a error message from thread 718-09-2026 00:29:33 [38;5;117m[DEBUG]: [0mThis is a debug message from thread 2818-09-2026 00:29:33 [38;5;009m[ERROR]: [0mThis is a error message from thread 2318-09-2026 00:29:33 [38;5;009m[ERROR]: [0mThis is a error message from thread 1718-09-2026 00:29:33 [38;5;117m[DEBUG]: [0mThis is a debug message from thread 1318-09-2026 00:29:33 [38;5;015m[INFO]: [0mThis is a info message from thread 2418-09-2026 00:29:33 [38;5;117m[DEBUG]: [0mThis is a debug message from thread 2718-09-2026 00:29:33 [38;5;117m[DEBUG]: [0mThis is a debug message from thread 618-09-2026 00:29:33 [38;5;117m[DEBUG]: [0mThis is a debug message from thread 1218-09-2026 00:29:33 [38;5;117m[DEBUG]: [0mThis is a debug message from thread 2318-09-2026 00:29:33 [38;5;117m[DEBUG]: [0mThis is a debug message from thread 718-09-2026 00:29:33 [38;5;015m[INFO]: [0mThis is a info message from thread 1318-09-2026 00:29:33 [38;5;015m[INFO]: [0mThis is a info message from thread 1218-09-2026 00:29:33 [38;5;117m[DEBUG]: [0mThis is a debug message from thread 1818-09-2026 00:29:33 [38;5;117m[DEBUG]: [0mThis is a debug message from thread 2518-09-2026 00:29:33 [38;5;117m[DEBUG]: [0mThis is a debug message from thread 2918-09-2026 00:29:33 [38;5;117m[DEBUG]: [0mThis is a debug message from thread 2618-09-2026 00:29:33 [38;5;015m[INFO]: [0mThis is a info message from thread 2318-09-2026 00:29:33 [38;5;015m[INFO]: [0mThis is a info message from thread 2118-09-2026 00:29:33 [38;5;117m[DEBUG]: [0mThis is a debug message from thread 1418-09-2026 00:29:33 [38;5;009m[ERROR]: [0mThis is a error message from thread 418-09-2026 00:29:33 [38;5;117m[DEBUG]: [0mThis is a debug message from thread 1518-09-2026 00:29:33 [38;5;015m[INFO]: [0mThis is a info message from thread 2818-09-2026 00:29:33 [38;5;015m[INFO]: [0mThis is a info message from thread 1518-09-2026 00:29:33 [38;5;015m[INFO]: [0mThis is a info message from thread 718-09-2026 00:29:33 [38;5;009m[ERROR]: [0mThis is a error message from thread 918-09-2026 00:29:33 [38;5;015m[INFO]: [0mThis is a info message from thread 2518-09-2026 00:29:33 [38;5;015m[INFO]: [0mThis is a info message from thread 518-09-2026 00:29:33 [38;5;009m[ERROR]: [0mThis is a error message from thread 2118-09-2026 00:29:33 [38;5;117m[DEBUG]: [0mThis is a debug message from thread 218-09-2026 00:29:33 [38;5;015m[INFO]: [0mThis is a info message from thread 1818-09-2026 00:29:33 [38;5;009m[ERROR]: [0mThis is a error message from thread 718-09-2026 00:29:33 [38;5;009m[ERROR]: [0mThis is a error message from thread 2418-09-2026 00:29:33 [38;5;117m[DEBUG]: [0mThis is a debug message from thread 1018-09-2026 00:29:33 [38;5;015m[INFO]: [0mThis is a info message from thread 2618-09-2026 00:29:33 [38;5;117m[DEBUG]: [0mThis is a debug message from thread 718-09-2026 00:29:33 [38;5;117m[DEBUG]: [0mThis is a debug message from thread 1718-09-2026 00:29:33 [38;5;117m[DEBUG]: [0mThis is a debug message from thread 018-09-2026 00:29:33 [38;5;009m[ERROR]: [0mThis is a error message from thread 1818-09-2026 00:29:33 [38;5;015m[INFO]: [0mThis is a info message from thread 718-09-2026 00:29:33 [38;5;015m[INFO]: [0mThis is a info message from thread 218-09-2026 00:29:33 [38;5;117m[DEBUG]: [0mThis is a debug message from thread 118-09-2026 00:29:33 [38;5;009m[ERROR]: [0mThis is a error message from thread 1918-09-2026 00:29:33 [38;5;117m[DEBUG]: [0mThis is a debug message from thread 1818-09-2026 00:29:33 [38;5;009m[ERROR]: [0mThis is a error message from thread 718-09-2026 00:29:33 [38;5;015m[INFO]: [0mThis is a info message from thread 1018-09-2026 00:29:33 [38;5;015m[INFO]: [0mThis is a info message from thread 2918-09-2026 00:29:33 [38;5;009m[ERROR]: [0mThis is a error message from thread 218-09-2026 00:29:33 [38;5;009m[ERROR]: [0mThis is a error message from thread 2818-09-2026 00:29:33 [38;5;015m[INFO]: [0mThis is a info message from thread 2018-09-2026 00:29:33 [38;5;015m[INFO]: [0mThis is a info message from thread 2718-09-2026 00:29:33 [38;5;009m[ERROR]: [0mThis is a error message from thread 1018-09-2026 00:29:33 [38;5;009m[ERROR]: [0mThis is a error message from thread 2018-09-2026 00:29:33 [38;5;117m[DEBUG]: [0mThis is a debug message from thread 218-09-2026 00:29:33 [38;5;117m[DEBUG]: [0mThis is a debug message from thread 1918-09-2026 00:29:33 [38;5;117m[DEBUG]: [0mThis is a debug message from thread 718-09-2026 00:29:33 [38;5;117m[DEBUG]: [0mThis is a debug message from thread 2018-09-2026 00:29:33 [38;5;009m[ERROR]: [0mThis is a error message from thread 2918-09-2026 00:29:33 [38;5;015m[INFO]: [0mThis is a info message from thread 1418-09-2026 00:29:33 [38;5;117m[DEBUG]: [0mThis is a debug message from thread 2118-09-2026 00:29:33 [38;5;009m[ERROR]: [0mThis is a error message from thread 1418-09-2026 00:29:33 [38;5;015m[INFO]: [0mThis is a info message from thread 118-09-2026 00:29:33 [38;5;015m[INFO]: [0mThis is a info message from thread 1918-09-2026 00:29:33 [38;5;117m[DEBUG]: [0mThis is a debug message from thread 1418-09-2026 00:29:33 [38;5;015m[INFO]: [0mThis is a info message from thread 1618-09-2026 00:29:33 [38;5;015m[INFO]: [0mThis is a info message from thread 218-09-2026 00:29:33 [38;5;009m[ERROR]: [0mThis is a error message from thread 218-09-2026 00:29:33 [38;5;117m[DEBUG]: [0mThis is a debug message from thread 218-09-2026 00:29:33 [38;5;009m[ERROR]: [0mThis is a error message from thread 1918-09-2026 00:29:33 [38;5;015m[INFO]: [0mThis is a info message from thread 718-09-2026 00:29:33 [38;5;009m[ERROR]: [0mThis is a error message from thread 1618-09-2026 00:29:33 [38;5;015m[INFO]: [0mThis is a info message from thread 2118-09-2026 00:29:33 [38;5;117m[DEBUG]: [0mThis is a debug message from thread 2418-09-2026 00:29:33 [38;5;117m[DEBUG]: [0mThis is a debug message from thread 2818-09-2026 00:29:33 [38;5;015m[INFO]: [0mThis is a info message from thread 618-09-2026 00:29:33 [38;5;117m[DEBUG]: [0mThis is a debug message from thread 1618-09-2026 00:29:33 [38;5;015m[INFO]: [0mThis is a info message from thread 1718-09-2026 00:29:33 [38;5;009m[ERROR]: [0mThis is a error message from thread 1218-09-2026 00:29:33 [38;5;009m[ERROR]: [0mThis is a error message from thread 1118-09-2026 00:29:33 [38;5;015m[INFO]: [0mThis is a info message from thread 1418-09-2026 00:29:33 [38;5;009m[ERROR]: [0mThis is a error message from thread 118-09-2026 00:29:33 [38;5;117m[DEBUG]: [0mThis is a debug message from thread 118-09-2026 00:29:33 [38;5;015m[INFO]: [0mThis is a info message from thread 1618-09-2026 00:29:33 [38;5;009m[ERROR]: [0mThis is a error message from thread 1618-09-2026 00:29:33 [38;5;117m[DEBUG]: [0mThis is a debug message from thread 1918-09-2026 00:29:33 [38;5;009m[ERROR]: [0mThis is a error message from thread 718-09-2026 00:29:33 [38;5;009m[ERROR]: [0mThis is a error message from thread 2118-09-2026 00:29:33 [38;5;015m[INFO]: [0mThis is a info message from thread 1918-09-2026 00:29:33 [38;5;015m[INFO]: [0mThis is a info message from thread 2818-09-2026 00:29:33 [38;5;015m[INFO]: [0mThis is a info message from thread 2418-09-2026 00:29:33 [38;5;117m[DEBUG]: [0mThis is a debug message from thread 1618-09-2026 00:29:33 [38;5;117m[DEBUG]: [0mThis is a debug message from thread 1218-09-2026 00:29:33 [38;5;015m[INFO]: [0mThis is a info message from thread 1618-09-2026 00:29:33 [38;5;015m[INFO]: [0mThis is a info message from thread 118-09-2026 00:29:33 [38;5;117m[DEBUG]: [0mThis is a debug message from thread 718-09-2026 00:29:33 [38;5;009m[ERROR]: [0mThis is a error message from thread 118-09-2026 00:29:33 [38;5;117m[DEBUG]: [0mThis is a debug message from thread 2118-09-2026 00:29:33 [38;5;015m[INFO]: [0mThis is a info message from thread 1818-09-2026 00:29:33 [38;5;015m[INFO]: [0mThis is a info message from thread 318-09-2026 00:29:33 [38;5;015m[INFO]: [0mThis is a info message from thread 2118-09-2026 00:29:33 [38;5;117m[DEBUG]: [0mThis is a debug message from thread 118-09-2026 00:29:33 [38;5;015m[INFO]: [0mThis is a info message from thread 118-09-2026 00:29:33 [38;5;009m[ERROR]: [0mThis is a error message from thread 1818-09-2026 00:29:33 [38;5;015m[INFO]: [0mThis is a info message from thread 718-09-2026 00:29:33 [38;5;117m[DEBUG]: [0mThis is a debug message from thread 1818-09-2026 00:29:33 [38;5;015m[INFO]: [0mThis is a info message from thread 1218-09-2026 00:29:33 [38;5;117m[DEBUG]: [0mThis is a debug message from thread 1118-09-2026 00:29:33 [38;5;015m[INFO]: [0mThis is a info message from thread 1118-09-2026 00:29:33 [38;5;015m[INFO]: [0mThis is a info message from thread 1818-09-2026 00:29:33 [38;5;009m[ERROR]: [0mThis is a error message from thread 1518-09-2026 00:29:33 [38;5;009m[ERROR]: [0mThis is a error message from thread 2118-09-2026 00:29:33 [38;5;009m[ERROR]: [0mThis is a error message from thread 2818-09-2026 00:29:33 [38;5;009m[ERROR]: [0mThis is a error message from thread 1218-09-2026 00:29:33 [38;5;009m[ERROR]: [0mThis is a error message from thread 1618-09-2026 00:29:33 [38;5;117m[DEBUG]: [0mThis is a debug message from thread 1218-09-2026 00:29:33 [38;5;117m[DEBUG]: [0mThis is a debug message from thread 1518-09-2026 00:29:33 [38;5;009m[ERROR]: [0mThis is a error message from thread 1818-09-2026 00:29:33 [38;5;009m[ERROR]: [0mThis is a error message from thread 118-09-2026 00:29:33 [38;5;009m[ERROR]: [0mThis is a error message from thread 718-09-2026 00:29:33 [38;5;015m[INFO]: [0mThis is a info message from thread 018-09-2026 00:29:33 [38;5;015m[INFO]: [0mThis is a info message from thread 2018-09-2026 00:29:33 [38;5;117m[DEBUG]: [0mThis is a debug message from thread 2918-09-2026 00:29:33 [38;5;009m[ERROR]: [0mThis is a error message from thread 1418-09-2026 00:29:33 [38;5;009m[ERROR]: [0mThis is a error message from thread 2718-09-2026 00:29:33 [38;5;009m[ERROR]: [0mThis is a error message from thread 1118-09-2026 00:29:33 [38;5;015m[INFO]: [0mThis is a info message from thread 1518-09-2026 00:29:33 [38;5;117m[DEBUG]: [0mThis is a debug message from thread 718-09-2026 00:29:33 [38;5;117m[DEBUG]: [0mThis is a debug message from thread 1618-09-2026 00:29:33 [38;5;015m[INFO]: [0mThis is a info message from thread 1218-09-2026 00:29:33 [38;5;117m[DEBUG]: [0mThis is a debug message from thread 2718-09-2026 00:29:33 [38;5;009m[ERROR]: [0mThis is a error message from thread 2018-09-2026 00:29:33 [38;5;009m[ERROR]: [0mThis is a error message from thread 2418-09-2026 00:29:33 [38;5;117m[DEBUG]: [0mThis is a debug message from thread 2418-09-2026 00:29:33 [38;5;015m[INFO]: [0mThis is a info message from thread 2418-09-2026 00:29:33 [38;5;117m[DEBUG]: [0mThis is a debug message from thread 118-09-2026 00:29:33 [38;5;009m[ERROR]: [0mThis is a error message from thread 2418-09-2026 00:29:33 [38;5;009m[ERROR]: [0mThis is a error message from thread 1718-09-2026 00:29:33 [38;5;015m[INFO]: [0mThis is a info message from thread 718-09-2026 00:29:33 [38;5;009m[ERROR]: [0mThis is a error message from thread 2518-09-2026 00:29:33 [38;5;117m[DEBUG]: [0mThis is a debug message from thread 1718-09-2026 00:29:33 [38;5;015m[INFO]: [0mThis is a info message from thread 818-09-2026 00:29:33 [38;5;015m[INFO]: [0mThis is a info message from thread 118-09-2026 00:29:33 [38;5;117m[DEBUG]: [0mThis is a debug message from thread 2118-09-2026 00:29:33 [38;5;015m[INFO]: [0mThis is a info message from thread 2718-09-2026 00:29:33 [38;5;009m[ERROR]: [0mThis is a error message from thread 1518-09-2026 00:29:33 [38;5;015m[INFO]: [0mThis is a info message from thread 2918-09-2026 00:29:33 [38;5;009m[ERROR]: [0mThis is a error message from thread 718-09-2026 00:29:33 [38;5;117m[DEBUG]: [0mThis is a debug message from thread 718-09-2026 00:29:33 [38;5;015m[INFO]: [0mThis is a info message from thread 2118-09-2026 00:29:33 [38;5;117m[DEBUG]: [0mThis is a debug message from thread 1118-09-2026 00:29:33 [38;5;009m[ERROR]: [0mThis is a error message from thread 818-09-2026 00:29:33 [38;5;015m[INFO]: [0mThis is a info message from thread 1718-09-2026 00:29:33 [38;5;117m[DEBUG]: [0mThis is a debug message from thread 2518-09-2026 00:29:33 [38;5;009m[ERROR]: [0mThis is a error message from thread 118-09-2026 00:29:33 [38;5;009m[ERROR]: [0mThis is a error message from thread 2118-09-2026 00:29:33 [38;5;009m[ERROR]: [0mThis is a error message from thread 2718-09-2026 00:29:33 [38;5;117m[DEBUG]: [0mThis is a debug message from thread 1818-09-2026 00:29:33 [38;5;015m[INFO]: [0mThis is a info message from thread 2518-09-2026 00:29:33 [38;5;015m[INFO]: [0mThis is a info message from thread 718-09-2026 00:29:33 [38;5;015m[INFO]: [0mThis is a info message from thread 1618-09-2026 00:29:33 [38;5;117m[DEBUG]: [0mThis is a debug message from thread 418-09-2026 00:29:33 [38;5;117m[DEBUG]: [0mThis is a debug message from thread 1518-09-2026 00:29:33 [38;5;009m[ERROR]: [0mThis is a error message from thread 1218-09-2026 00:29:33 [38;5;015m[INFO]: [0mThis is a info message from thread 418-09-2026 00:29:33 [38;5;009m[ERROR]: [0mThis is a error message from thread 418-09-2026 00:29:33 [38;5;015m[INFO]: [0mThis is a info message from thread 218-09-2026 00:29:33 [38;5;117m[DEBUG]: [0mThis is a debug message from thread 2718-09-2026 00:29:33 [38;5;117m[DEBUG]: [0mThis is a debug message from thread 1418-09-2026 00:29:33 [38;5;009m[ERROR]: [0mThis is a error message from thread 1318-09-2026 00:29:33 [38;5;015m[INFO]: [0mThis is a info message from thread 1118-09-2026 00:29:33 [38;5;117m[DEBUG]: [0mThis is a debug message from thread 2018-09-2026 00:29:33 [38;5;117m[DEBUG]: [0mThis is a debug message from thread 818-09-2026 00:29:33 [38;5;117m[DEBUG]: [0mThis is a debug message from thread 918-09-2026 00:29:33 [38;5;015m[INFO]: [0mThis is a info message from thread 1518-09-2026 00:29:33 [38;5;009m[ERROR]: [0mThis is a error message from thread 518-09-2026 00:29:33 [38;5;117m[DEBUG]: [0mThis is a debug message from thread 1318-09-2026 00:29:33 [38;5;009m[ERROR]: [0mThis is a error message from thread 1618-09-2026 00:29:33 [38;5;009m[ERROR]: [0mThis is a error message from thread 2518-09-2026 00:29:33 [38;5;009m[ERROR]: [0mThis is a error message from thread 618-09-2026 00:29:33 [38;5;009m[ERROR]: [0mThis is a error message from thread 018-09-2026 00:29:33 [38;5;015m[INFO]: [0mThis is a info message from thread 1818-09-2026 00:29:33 [38;5;117m[DEBUG]: [0mThis is a debug message from thread 118-09-2026 00:29:33 [38;5;015m[INFO]: [0mThis is a info message from thread 1318-09-2026 00:29:33 [38;5;117m[DEBUG]: [0mThis is a debug message from thread 2118-09-2026 00:29:33 [38;5;117m[DEBUG]: [0mThis is a debug message from thread 1618-09-2026 00:29:33 [38;5;117m[DEBUG]: [0mThis is a debug message from thread 418-09-2026 00:29:33 [38;5;009m[ERROR]: [0mThis is a error message from thread 1318-09-2026 00:29:33 [38;5;117m[DEBUG]: [0mThis is a debug message from thread 2818-09-2026 00:29:33 [38;5;009m[ERROR]: [0mThis is a error message from thread 1118-09-2026 00:29:33 [38;5;009m[ERROR]: [0mThis is a error message from thread 1518-09-2026 00:29:33 [38;5;009m[ERROR]: [0mThis is a error message from thread 1718-09-2026 00:29:33 [38;5;117m[DEBUG]: [0mThis is a debug message from thread 1518-09-2026 00:29:33 [38;5;117m[DEBUG]: [0mThis is a debug message from thread 2518-09-2026 00:29:33 [38;5;015m[INFO]: [0mThis is a info message from thread 2018-09-2026 00:29:33 [38;5;015m[INFO]: [0mThis is a info message from thread 818-09-2026 00:29:33 [38;5;015m[INFO]: [0mThis is a info message from thread 2118-09-2026 00:29:33 [38;5;015m[INFO]: [0mThis is a info message from thread 1618-09-2026 00:29:33 [38;5;009m[ERROR]: [0mThis is a error message from thread 2918-09-2026 00:29:33 [38;5;009m[ERROR]: [0mThis is a error message from thread 2018-09-2026 00:29:33 [38;5;117m[DEBUG]: [0mThis is a debug message from thread 1318-09-2026 00:29:33 [38;5;015m[INFO]: [0mThis is a info message from thread 2718-09-2026 00:29:33 [38;5;009m[ERROR]: [0mThis is a error message from thread 2118-09-2026 00:29:33 [38;5;117m[DEBUG]: [0mThis is a debug message from thread 1218-09-2026 00:29:33 [38;5;015m[INFO]: [0mThis is a info message from thread 2518-09-2026 00:29:33 [38;5;009m[ERROR]: [0mThis is a error message from thread 218-09-2026 00:29:33 [38;5;015m[INFO]: [0mThis is a info message from thread 1518-09-2026 00:29:33 [38;5;009m[ERROR]: [0mThis is a error message from thread 1518-09-2026 00:29:33 [38;5;117m[DEBUG]: [0mThis is a debug message from thread 2018-09-2026 00:29:33 [38;5;117m[DEBUG]: [0mThis is a debug message from thread 218-09-2026 00:29:33 [38;5;117m[DEBUG]: [0mThis is a debug message from thread 1118-09-2026 00:29:33 [38;5;009m[ERROR]: [0mThis is a error message from thread 2318-09-2026 00:29:33 [38;5;015m[INFO]: [0mThis is a info message from thread 2818-09-2026 00:29:33 [38;5;009m[ERROR]: [0mThis is a error message from thread 2618-09-2026 00:29:33 [38;5;015m[INFO]: [0mThis is a info message from thread 1118-09-2026 00:29:33 [38;5;015m[INFO]: [0mThis is a info message from thread 2018-09-2026 00:29:33 [38;5;015m[INFO]: [0mThis is a info message from thread 1218-09-2026 00:29:33 [38;5;117m[DEBUG]: [0mThis is a debug message from thread 1518-09-2026 00:29:33 [38;5;117m[DEBUG]: [0mThis is a debug message from thread 2418-09-2026 00:29:33 [38;5;009m[ERROR]: [0mThis is a error message from thread 1118-09-2026 00:29:33 [38;5;117m[DEBUG]: [0mThis is a debug message from thread 2118-09-2026 00:29:33 [38;5;009m[ERROR]: [0mThis is a error message from thread 2018-09-2026 00:29:33 [38;5;009m[ERROR]: [0mThis is a error message from thread 2818-09-2026 00:29:33 [38;5;009m[ERROR]: [0mThis is a error message from thread 1218-09-2026 00:29:33 [38;5;117m[DEBUG]: [0mThis is a debug message from thread 2918-09-2026 00:29:33 [38;5;015m[INFO]: [0mThis is a info message from thread 918-09-2026 00:29:33 [38;5;009m[ERROR]: [0mThis is a error message from thread 318-09-2026 00:29:33 [38;5;015m[INFO]: [0mThis is a info message from thread 2418-09-2026 00:29:33 [38;5;009m[ERROR]: [0mThis is a error message from thread 2218-09-2026 00:29:33 [38;5;009m[ERROR]: [0mThis is a error message from thread 1618-09-2026 00:29:33 [38;5;009m[ERROR]: [0mThis is a error message from thread 718-09-2026 00:29:33 [38;5;009m[ERROR]: [0mThis is a error message from thread 1818-09-2026 00:29:33 [38;5;009m[ERROR]: [0mThis is a error message from thread 918-09-2026 00:29:33 [38;5;009m[ERROR]: [0mThis is a error message from thread 818-09-2026 00:29:33 [38;5;009m[ERROR]: [0mThis is a error message from thread 2518-09-2026 00:29:33 [38;5;117m[DEBUG]: [0mThis is a debug message from thread 718-09-2026 00:29:33 [38;5;117m[DEBUG]: [0mThis is a debug message from thread 2518-09-2026 00:29:33 [38;5;117m[DEBUG]: [0mThis is a debug message from thread 1018-09-2026 00:29:33 [38;5;117m[DEBUG]: [0mThis is a debug message from thread 618-09-2026 00:29:33 [38;5;009m[ERROR]: [0mThis is a error message from thread 1918-09-2026 00:29:33 [38;5;117m[DEBUG]: [0mThis is a debug message from thread 2218-09-2026 00:29:33 [38;5;015m[INFO]: [0mThis is a info message from thread 618-09-2026 00:29:33 [38;5;117m[DEBUG]: [0mThis is a debug message from thread 1918-09-2026 00:29:33 [38;5;117m[DEBUG]: [0mThis is a debug message from thread 018-09-2026 00:29:33 [38;5;015m[INFO]: [0mThis is a info message from thread 2918-09-2026 00:29:33 [38;5;015m[INFO]: [0mThis is a info message from thread 1918-09-2026 00:29:33 [38;5;015m[INFO]: [0mThis is a info message from thread 018-09-2026 00:29:33 [38;5;117m[DEBUG]: [0mThis is a debug message from thread 1718-09-2026 00:29:33 [38;5;009m[ERROR]: [0mThis is a error message from thread 1918-09-2026 00:29:33 [38;5;117m[DEBUG]: [0mThis is a debug message from thread 1618-09-2026 00:29:33 [38;5;015m[INFO]: [0mThis is a info message from thread 1718-09-2026 00:29:33 [38;5;117m[DEBUG]: [0mThis is a debug message from thread 318-09-2026 00:29:33 [38;5;009m[ERROR]: [0mThis is a error message from thread 1718-09-2026 00:29:33 [38;5;015m[INFO]: [0mThis is a info message from thread 318-09-2026 00:29:33 [38;5;009m[ERROR]: [0mThis is a error message from thread 2918-09-2026 00:29:33 [38;5;117m[DEBUG]: [0mThis is a debug message from thread 1718-09-2026 00:29:33 [38;5;009m[ERROR]: [0mThis is a error message from thread 318-09-2026 00:29:33 [38;5;117m[DEBUG]: [0mThis is a debug message from thread 518-09-2026 00:29:33 [38;5;009m[ERROR]: [0mThis is a error message from thread 2718-09-2026 00:29:33 [38;5;015m[INFO]: [0mThis is a info message from thread 1318-09-2026 00:29:33 [38;5;015m[INFO]: [0mThis is a info message from thread 518-09-2026 00:29:33 [38;5;009m[ERROR]: [0mThis is a error message from thread 1318-09-2026 00:29:33 [38;5;009m[ERROR]: [0mThis is a error message from thread 518-09-2026 00:29:33 [38;5;117m[DEBUG]: [0mThis is a debug message from thread 2718-09-2026 00:29:33 [38;5;015m[INFO]: [0mThis is a info message from thread 418-09-2026 00:29:33 [38;5;117m[DEBUG]: [0mThis is a debug message from thread 518-09-2026 00:29:33 [38;5;117m[DEBUG]: [0mThis is a debug message from thread 2618-09-2026 00:29:33 [38;5;015m[INFO]: [0mThis is a info message from thread 1718-09-2026 00:29:33 [38;5;117m[DEBUG]: [0mThis is a debug message from thread 2318-09-2026 00:29:33 [38;5;015m[INFO]: [0mThis is a info message from thread 718-09-2026 00:29:33 [38;5;015m[INFO]: [0mThis is a info message from thread 2618-09-2026 00:29:33 [38;5;117m[DEBUG]: [0mThis is a debug message from thread 1218-09-2026 00:29:33 [38;5;117m[DEBUG]: [0mThis is a debug message from thread 918-09-2026 00:29:33 [38;5;009m[ERROR]: [0mThis is a error message from thread 2618-09-2026 00:29:33 [38;5;015m[INFO]: [0mThis is a info message from thread 1218-09-2026 00:29:33 [38;5;015m[INFO]: [0mThis is a info message from thread 2218-09-2026 00:29:33 [38;5;117m[DEBUG]: [0mThis is a debug message from thread 1318-09-2026 00:29:33 [38;5;015m[INFO]: [0mThis is a info message from thread 1018-09-2026 00:29:33 [38;5;117m[DEBUG]: [0mThis is a debug message from thread 2918-09-2026 00:29:33 [38;5;117m[DEBUG]: [0mThis is a debug message from thread 1118-09-2026 00:29:33 [38;5;015m[INFO]: [0mThis is a info message from thread 2318-09-2026 00:29:33 [38;5;015m[INFO]: [0mThis is a info message from thread 1518-09-2026 00:29:33 [38;5;015m[INFO]: [0mThis is a info message from thread 1418-09-2026 00:29:33 [38;5;015m[INFO]: [0mThis is a info message from thread 2118-09-2026 00:29:33 [38;5;015m[INFO]: [0mThis is a info message from thread 918-09-2026 00:29:33 [38;5;009m[ERROR]: [0mThis is a error message from thread 718-09-2026 00:29:33 [38;5;015m[INFO]: [0mThis is a info message from thread 118-09-2026 00:29:33 [38;5;117m[DEBUG]: [0mThis is a debug message from thread 318-09-2026 00:29:33 [38;5;015m[INFO]: [0mThis is a info message from thread 218-09-2026 00:29:33 [38;5;009m[ERROR]: [0mThis is a error message from thread 218-09-2026 00:29:33 [38;5;009m[ERROR]: [0mThis is a error message from thread 118-09-2026 00:29:33 [38;5;117m[DEBUG]: [0mThis is a debug message from thread 718-09-2026 00:29:33 [38;5;009m[ERROR]: [0mThis is a error message from thread 1218-09-2026 00:29:33 [38;5;015m[INFO]: [0mThis is a info message from thread 2718-09-2026 00:29:33 [38;5;117m[DEBUG]: [0mThis is a debug message from thread 118-09-2026 00:29:33 [38;5;009m[ERROR]: [0mThis is a error message from thread 2318-09-2026 00:29:33 [38;5;009m[ERROR]: [0mThis is a error message from thread 1518-09-2026 00:29:33 [38;5;015m[INFO]: [0mThis is a info message from thread 2918-09-2026 00:29:33 [38;5;015m[INFO]: [0mThis is a info message from thread 118-09-2026 00:29:33 [38;5;015m[INFO]: [0mThis is a info message from thread 518-09-2026 00:29:33 [38;5;009m[ERROR]: [0mThis is a error message from thread 2118-09-2026 00:29:33 [38;5;117m[DEBUG]: [0mThis is a debug message from thread 1518-09-2026 00:29:33 [38;5;009m[ERROR]: [0mThis is a error message from thread 118-09-2026 00:29:33 [38;5;117m[DEBUG]: [0mThis is a debug message from thread 1918-09-2026 00:29:33 [38;5;009m[ERROR]: [0mThis is a error message from thread 1418-09-2026 00:29:33 [38;5;009m[ERROR]: [0mThis is a error message from thread 418-09-2026 00:29:33 [38;5;015m[INFO]: [0mThis is a info message from thread 1918-09-2026 00:29:33 [38;5;117m[DEBUG]: [0mThis is a debug message from thread 1418-09-2026 00:29:33 [38;5;117m[DEBUG]: [0mThis is a debug message from thread 2618-09-2026 00:29:33 [38;5;009m[ERROR]: [0mThis is a error message from thread 1918-09-2026 00:29:33 [38;5;015m[INFO]: [0mThis is a info message from thread 318-09-2026 00:29:33 [38;5;009m[ERROR]: [0mThis is a error message from thread 2218-09-2026 00:29:33 [38;5;117m[DEBUG]: [0mThis is a debug message from thread 418-09-2026 00:29:33 [38;5;009m[ERROR]: [0mThis is a error message from thread 2918-09-2026 00:29:33 [38;5;117m[DEBUG]: [0mThis is a debug message from thread 2218-09-2026 00:29:33 [38;5;009m[ERROR]: [0mThis is a error message from thread 318-09-2026 00:29:33 [38;5;015m[INFO]: [0mThis is a info message from thread 418-09-2026 00:29:33 [38;5;009m[ERROR]: [0mThis is a error message from thread 018-09-2026 00:29:33 [38;5;117m[DEBUG]: [0mThis is a debug message from thread 2918-09-2026 00:29:33 [38;5;015m[INFO]: [0mThis is a info message from thread 2218-09-2026 00:29:33 [38;5;015m[INFO]: [0mThis is a info message from thread 2518-09-2026 00:29:33 [38;5;117m[DEBUG]: [0mThis is a debug message from thread 318-09-2026 00:29:33 [38;5;009m[ERROR]: [0mThis is a error message from thread 1718-09-2026 00:29:33 [38;5;117m[DEBUG]: [0mThis is a debug message from thread 118-09-2026 00:29:33 [38;5;117m[DEBUG]: [0mThis is a debug message from thread 218-09-2026 00:29:33 [38;5;015m[INFO]: [0mThis is a info message from thread 118-09-2026 00:29:33 [38;5;015m[INFO]: [0mThis is a info message from thread 218-09-2026 00:29:33 [38;5;009m[ERROR]: [0mThis is a error message from thread 118-09-2026 00:29:33 [38;5;117m[DEBUG]: [0mThis is a debug message from thread 2118-09-2026 00:29:33 [38;5;009m[ERROR]: [0mThis is a error message from thread 218-09-2026 00:29:33 [38;5;117m[DEBUG]: [0mThis is a debug message from thread 118-09-2026 00:29:33 [38;5;015m[INFO]: [0mThis is a info message from thread 2118-09-2026 00:29:33 [38;5;015m[INFO]: [0mThis is a info message from thread 1518-09-2026 00:29:33 [38;5;117m[DEBUG]: [0mThis is a debug message from thread 2318-09-2026 00:29:33 [38;5;015m[INFO]: [0mThis is a info message from thread 118-09-2026 00:29:33 [38;5;009m[ERROR]: [0mThis is a error message from thread 2118-09-2026 00:29:33 [38;5;009m[ERROR]: [0mThis is a error message from thread 918-09-2026 00:29:33 [38;5;117m[DEBUG]: [0mThis is a debug message from thread 2118-09-2026 00:29:33 [38;5;117m[DEBUG]: [0mThis is a debug message from thread 918-09-2026 00:29:33 [38;5;015m[INFO]: [0mThis is a info message from thread 1318-09-2026 00:29:33 [38;5;015m[INFO]: [0mThis is a info message from thread 918-09-2026 00:29:33 [38;5;009m[ERROR]: [0mThis is a error message from thread 1318-09-2026 00:29:33 [38;5;009m[ERROR]: [0mThis is a error message from thread 2418-09-2026 00:29:33 [38;5;009m[ERROR]: [0mThis is a error message from thread 918-09-2026 00:29:33 [38;5;117m[DEBUG]: [0mThis is a debug message from thread 1318-09-2026 00:29:33 [38;5;009m[ERROR]: [0mThis is a error message from thread 418-09-2026 00:29:33 [38;5;015m[INFO]: [0mThis is a info message from thread 1318-09-2026 00:29:33 [38;5;009m[ERROR]: [0mThis is a error message from thread 618-09-2026 00:29:33 [38;5;117m[DEBUG]: [0mThis is a debug message from thread 418-09-2026 00:29:33 [38;5;117m[DEBUG]: [0mThis is a debug message from thread 2018-09-2026 00:29:33 [38;5;009m[ERROR]: [0mThis is a error message from thread 1018-09-2026 00:29:33 [38;5;009m[ERROR]: [0mThis is a error message from thread 1318-09-2026 00:29:33 [38;5;009m[ERROR]: [0mThis is a error message from thread 2218-09-2026 00:29:33 [38;5;009m[ERROR]: [0mThis is a error message from thread 2518-09-2026 00:29:33 [38;5;117m[DEBUG]: [0mThis is a debug message from thread 1318-09-2026 00:29:33 [38;5;117m[DEBUG]: [0mThis is a debug message from thread 2218-09-2026 00:29:33 [38;5;117m[DEBUG]: [0mThis is a debug message from thread 1018-09-2026 00:29:33 [38;5;117m[DEBUG]: [0mThis is a debug message from thread 2518-09-2026 00:29:33 [38;5;015m[INFO]: [0mThis is a info message from thread 1018-09-2026 00:29:33 [38;5;015m[INFO]: [0mThis is a info message from thread 2218-09-2026 00:29:33 [38;5;015m[INFO]: [0mThis is a info message from thread 2518-09-2026 00:29:33 [38;5;009m[ERROR]: [0mThis is a error message from thread 2218-09-2026 00:29:33 [38;5;015m[INFO]: [0mThis is a info message from thread 718-09-2026 00:29:33 [38;5;009m[ERROR]: [0mThis is a error message from thread 2518-09-2026 00:29:33 [38;5;117m[DEBUG]: [0mThis is a debug message from thread 2218-09-2026 00:29:33 [38;5;117m[DEBUG]: [0mThis is a debug message from thread 2518-09-2026 00:29:33 [38;5;015m[INFO]: [0mThis is a info message from thread 2018-09-2026 00:29:33 [38;5;117m[DEBUG]: [0mThis is a debug message from thread 2818-09-2026 00:29:33 [38;5;009m[ERROR]: [0mThis is a error message from thread 718-09-2026 00:29:33 [38;5;015m[INFO]: [0mThis is a info message from thread 2318-09-2026 00:29:33 [38;5;015m[INFO]: [0mThis is a info message from thread 2218-09-2026 00:29:33 [38;5;117m[DEBUG]: [0mThis is a debug message from thread 818-09-2026 00:29:33 [38;5;009m[ERROR]: [0mThis is a error message from thread 2018-09-2026 00:29:33 [38;5;117m[DEBUG]: [0mThis is a debug message from thread 2418-09-2026 00:29:33 [38;5;015m[INFO]: [0mThis is a info message from thread 2118-09-2026 00:29:33 [38;5;117m[DEBUG]: [0mThis is a debug message from thread 718-09-2026 00:29:33 [38;5;117m[DEBUG]: [0mThis is a debug message from thread 918-09-2026 00:29:33 [38;5;015m[INFO]: [0mThis is a info message from thread 2818-09-2026 00:29:33 [38;5;117m[DEBUG]: [0mThis is a debug message from thread 218-09-2026 00:29:33 [38;5;015m[INFO]: [0mThis is a info message from thread 918-09-2026 00:29:33 [38;5;009m[ERROR]: [0mThis is a error message from thread 2118-09-2026 00:29:33 [38;5;117m[DEBUG]: [0mThis is a debug message from thread 2018-09-2026 00:29:33 [38;5;009m[ERROR]: [0mThis is a error message from thread 2818-09-2026 00:29:33 [38;5;009m[ERROR]: [0mThis is a error message from thread 118-09-2026 00:29:33 [38;5;015m[INFO]: [0mThis is a info message from thread 218-09-2026 00:29:33 [38;5;117m[DEBUG]: [0mThis is a debug message from thread 2818-09-2026 00:29:33 [38;5;009m[ERROR]: [0mThis is a error message from thread 518-09-2026 00:29:33 [38;5;117m[DEBUG]: [0mThis is a debug message from thread 118-09-2026 00:29:33 [38;5;117m[DEBUG]: [0mThis is a debug message from thread 618-09-2026 00:29:33 [38;5;009m[ERROR]: [0mThis is a error message from thread 218-09-2026 00:29:33 [38;5;015m[INFO]: [0mThis is a info message from thread 1318-09-2026 00:29:33 [38;5;117m[DEBUG]: [0mThis is a debug message from thread 218-09-2026 00:29:33 [38;5;015m[INFO]: [0mThis is a info message from thread 418-09-2026 00:29:33 [38;5;117m[DEBUG]: [0mThis is a debug message from thread 2118-09-2026 00:29:33 [38;5;009m[ERROR]: [0mThis is a error message from thread 918-09-2026 00:29:33 [38;5;015m[INFO]: [0mThis is a info message from thread 718-09-2026 00:29:33 [38;5;015m[INFO]: [0mThis is a info message from thread 118-09-2026 00:29:33 [38;5;009m[ERROR]: [0mThis is a error message from thread 1318-09-2026 00:29:33 [38;5;015m[INFO]: [0mThis is a info message from thread 618-09-2026 00:29:33 [38;5;015m[INFO]: [0mThis is a info message from thread 1618-09-2026 00:29:33 [38;5;117m[DEBUG]: [0mThis is a debug message from thread 018-09-2026 00:29:33 [38;5;117m[DEBUG]: [0mThis is a debug message from thread 1218-09-2026 00:29:33 [38;5;009m[ERROR]: [0mThis is a error message from thread 2718-09-2026 00:29:33 [38;5;009m[ERROR]: [0mThis is a error message from thread 118-09-2026 00:29:33 [38;5;117m[DEBUG]: [0mThis is a debug message from thread 1718-09-2026 00:29:33 [38;5;117m[DEBUG]: [0mThis is a debug message from thread 518-09-2026 00:29:33 [38;5;015m[INFO]: [0mThis is a info message from thread 2118-09-2026 00:29:33 [38;5;009m[ERROR]: [0mThis is a error message from thread 1018-09-2026 00:29:33 [38;5;015m[INFO]: [0mThis is a info message from thread 018-09-2026 00:29:33 [38;5;015m[INFO]: [0mThis is a info message from thread 318-09-2026 00:29:33 [38;5;009m[ERROR]: [0mThis is a error message from thread 418-09-2026 00:29:33 [38;5;009m[ERROR]: [0mThis is a error message from thread 2118-09-2026 00:29:33 [38;5;009m[ERROR]: [0mThis is a error message from thread 718-09-2026 00:29:33 [38;5;015m[INFO]: [0mThis is a info message from thread 218-09-2026 00:29:33 [38;5;015m[INFO]: [0mThis is a info message from thread 1218-09-2026 00:29:33 [38;5;117m[DEBUG]: [0mThis is a debug message from thread 1318-09-2026 00:29:33 [38;5;009m[ERROR]: [0mThis is a error message from thread 1218-09-2026 00:29:33 [38;5;117m[DEBUG]: [0mThis is a debug message from thread 418-09-2026 00:29:33 [38;5;009m[ERROR]: [0mThis is a error message from thread 1618-09-2026 00:29:33 [38;5;015m[INFO]: [0mThis is a info message from thread 2618-09-2026 00:29:33 [38;5;117m[DEBUG]: [0mThis is a debug message from thread 1918-09-2026 00:29:33 [38;5;009m[ERROR]: [0mThis is a error message from thread 2318-09-2026 00:29:33 [38;5;015m[INFO]: [0mThis is a info message from thread 2418-09-2026 00:29:33 [38;5;009m[ERROR]: [0mThis is a error message from thread 618-09-2026 00:29:33 [38;5;117m[DEBUG]: [0mThis is a debug message from thread 1218-09-2026 00:29:33 [38;5;117m[DEBUG]: [0mThis is a debug message from thread 1618-09-2026 00:29:33 [38;5;117m[DEBUG]: [0mThis is a debug message from thread 618-09-2026 00:29:33 [38;5;009m[ERROR]: [0mThis is a error message from thread 2418-09-2026 00:29:33 [38;5;117m[DEBUG]: [0mThis is a debug message from thread 2718-09-2026 00:29:33 [38;5;015m[INFO]: [0mThis is a info message from thread 1618-09-2026 00:29:33 [38;5;015m[INFO]: [0mThis is a info message from thread 818-09-2026 00:29:33 [38;5;009m[ERROR]: [0mThis is a error message from thread 2618-09-2026 00:29:33 [38;5;117m[DEBUG]: [0mThis is a debug message from thread 118-09-2026 00:29:33 [38;5;015m[INFO]: [0mThis is a info message from thread 2018-09-2026 00:29:33 [38;5;015m[INFO]: [0mThis is a info message from thread 1118-09-2026 00:29:33 [38;5;009m[ERROR]: [0mThis is a error message from thread 1618-09-2026 00:29:33 [38;5;009m[ERROR]: [0mThis is a error message from thread 1118-09-2026 00:29:33 [38;5;015m[INFO]: [0mThis is a info message from thread 118-09-2026 00:29:33 [38;5;117m[DEBUG]: [0mThis is a debug message from thread 1618-09-2026 00:29:33 [38;5;015m[INFO]: [0mThis is a info message from thread 418-09-2026 00:29:33 [38;5;117m[DEBUG]: [0mThis is a debug message from thread 718-09-2026 00:29:33 [38;5;117m[DEBUG]: [0mThis is a debug message from thread 1118-09-2026 00:29:33 [38;5;015m[INFO]: [0mThis is a info message from thread 618-09-2026 00:29:33 [38;5;009m[ERROR]: [0mThis is a error message from thread 1518-09-2026 00:29:33 [38;5;009m[ERROR]: [0mThis is a error message from thread 018-09-2026 00:29:33 [38;5;009m[ERROR]: [0mThis is a error message from thread 118-09-2026 00:29:33 [38;5;117m[DEBUG]: [0mThis is a debug message from thread 1518-09-2026 00:29:33 [38;5;015m[INFO]: [0mThis is a info message from thread 1118-09-2026 00:29:33 [38;5;015m[INFO]: [0mThis is a info message from thread 2918-09-2026 00:29:33 [38;5;015m[INFO]: [0mThis is a info message from thread 2518-09-2026 00:29:33 [38;5;015m[INFO]: [0mThis is a info message from thread 1918-09-2026 00:29:33 [38;5;117m[DEBUG]: [0mThis is a debug message from thread 018-09-2026 00:29:33 [38;5;009m[ERROR]: [0mThis is a error message from thread 818-09-2026 00:29:33 [38;5;015m[INFO]: [0mThis is a info message from thread 1518-09-2026 00:29:33 [38;5;117m[DEBUG]: [0mThis is a debug message from thread 2618-09-2026 00:29:33 [38;5;015m[INFO]: [0mThis is a info message from thread 018-09-2026 00:29:33 [38;5;009m[ERROR]: [0mThis is a error message from thread 1918-09-2026 00:29:33 [38;5;117m[DEBUG]: [0mThis is a debug message from thread 818-09-2026 00:29:33 [38;5;009m[ERROR]: [0mThis is a error message from thread 2518-09-2026 00:29:33 [38;5;009m[ERROR]: [0mThis is a error message from thread 2218-09-2026 00:29:33 [38;5;015m[INFO]: [0mThis is a info message from thread 1718-09-2026 00:29:33 [38;5;015m[INFO]: [0mThis is a info message from thread 1318-09-2026 00:29:33 [38;5;117m[DEBUG]: [0mThis is a debug message from thread 1918-09-2026 00:29:33 [38;5;015m[INFO]: [0mThis is a info message from thread 518-09-2026 00:29:33 [38;5;117m[DEBUG]: [0mThis is a debug message from thread 2218-09-2026 00:29:33 [38;5;117m[DEBUG]: [0mThis is a debug message from thread 918-09-2026 00:29:33 [38;5;015m[INFO]: [0mThis is a info message from thread 2618-09-2026 00:29:33 [38;5;117m[DEBUG]: [0mThis is a debug message from thread 2518-09-2026 00:29:33 [38;5;015m[INFO]: [0mThis is a info message from thread 918-09-2026 00:29:33 [38;5;117m[DEBUG]: [0mThis is a debug message from thread 2318-09-2026 00:29:33 [38;5;009m[ERROR]: [0mThis is a error message from thread 418-09-2026 00:29:33 [38;5;015m[INFO]: [0mThis is a info message from thread 1918-09-2026 00:29:33 [38;5;015m[INFO]: [0mThis is a info message from thread 818-09-2026 00:29:33 [38;5;015m[INFO]: [0mThis is a info message from thread 2718-09-2026 00:29:33 [38;5;009m[ERROR]: [0mThis is a error message from thread 618-09-2026 00:29:33 [38;5;009m[ERROR]: [0mThis is a error message from thread 318-09-2026 00:29:33 [38;5;117m[DEBUG]: [0mThis is a debug message from thread 2118-09-2026 00:29:33 [38;5;015m[INFO]: [0mThis is a info message from thread 718-09-2026 00:29:33 [38;5;117m[DEBUG]: [0mThis is a debug message from thread 418-09-2026 00:29:33 [38;5;009m[ERROR]: [0mThis is a error message from thread 2618-09-2026 00:29:33 [38;5;117m[DEBUG]: [0mThis is a debug message from thread 318-09-2026 00:29:33 [38;5;117m[DEBUG]: [0mThis is a debug message from thread 1018-09-2026 00:29:33 [38;5;117m[DEBUG]: [0mThis is a debug message from thread 1818-09-2026 00:29:33 [38;5;117m[DEBUG]: [0mThis is a debug message from thread 2618-09-2026 00:29:33 [38;5;117m[DEBUG]: [0mThis is a debug message from thread 618-09-2026 00:29:33 [38;5;009m[ERROR]: [0mThis is a error message from thread 218-09-2026 00:29:33 [38;5;009m[ERROR]: [0mThis is a error message from thread 718-09-2026 00:29:33 [38;5;015m[INFO]: [0mThis is a info message from thread 1218-09-2026 00:29:33 [38;5;015m[INFO]: [0mThis is a info message from thread 1818-09-2026 00:29:33 [38;5;015m[INFO]: [0mThis is a info message from thread 1018-09-2026 00:29:33 [38;5;117m[DEBUG]: [0mThis is a debug message from thread 2418-09-2026 00:29:33 [38;5;009m[ERROR]: [0mThis is a error message from thread 518-09-2026 00:29:33 [38;5;015m[INFO]: [0mThis is a info message from thread 2518-09-2026 00:29:33 [38;5;009m[ERROR]: [0mThis is a error message from thread 1718-09-2026 00:29:33 [38;5;009m[ERROR]: [0mThis is a error message from thread 2718-09-2026 00:29:33 [38;5;009m[ERROR]: [0mThis is a error message from thread 1518-09-2026 00:29:33 [38;5;009m[ERROR]: [0mThis is a error message from thread 918-09-2026 00:29:33 [38;5;015m[INFO]: [0mThis is a info message from thread 2418-09-2026 00:29:33 [38;5;117m[DEBUG]: [0mThis is a debug message from thread 218-09-2026 00:29:33 [38;5;009m[ERROR]: [0mThis is a error message from thread 2918-09-2026 00:29:33 [38;5;015m[INFO]: [0mThis is a info message from thread 318-09-2026 00:29:33 [38;5;015m[INFO]: [0mThis is a info message from thread 1418-09-2026 00:29:33 [38;5;015m[INFO]: [0mThis is a info message from thread 2818-09-2026 00:29:33 [38;5;009m[ERROR]: [0mThis is a error message from thread 1818-09-2026 00:29:33 [38;5;009m[ERROR]: [0mThis is a error message from thread 2018-09-2026 00:29:33 [38;5;009m[ERROR]: [0mThis is a error message from thread 2518-09-2026 00:29:33 [38;5;117m[DEBUG]: [0mThis is a debug message from thread 2718-09-2026 00:29:33 [38;5;009m[ERROR]: [0mThis is a error message from thread 2818-09-2026 00:29:33 [38;5;009m[ERROR]: [0mThis is a error message from thread 1918-09-2026 00:29:33 [38;5;015m[INFO]: [0mThis is a info message from thread 2718-09-2026 00:29:33 [38;5;117m[DEBUG]: [0mThis is a debug message from thread 1818-09-2026 00:29:33 [38;5;009m[ERROR]: [0mThis is a error message from thread 1418-09-2026 00:29:33 [38;5;009m[ERROR]: [0mThis is a error message from thread 2718-09-2026 00:29:33 [38;5;015m[INFO]: [0mThis is a info message from thread 218-09-2026 00:29:33 [38;5;009m[ERROR]: [0mThis is a error message from thread 1318-09-2026 00:29:33 [38;5;117m[DEBUG]: [0mThis is a debug message from thread 2818-09-2026 00:29:33 [38;5;015m[INFO]: [0mThis is a info message from thread 1818-09-2026 00:29:33 [38;5;015m[INFO]: [0mThis is a info message from thread 1618-09-2026 00:29:33 [38;5;015m[INFO]: [0mThis is a info message from thread 2218-09-2026 00:29:33 [38;5;015m[INFO]: [0mThis is a info message from thread 418-09-2026 00:29:33 [38;5;117m[DEBUG]: [0mThis is a debug message from thread 2018-09-2026 00:29:33 [38;5;117m[DEBUG]: [0mThis is a debug message from thread 2518-09-2026 00:29:33 [38;5;117m[DEBUG]: [0mThis is a debug message from thread 918-09-2026 00:29:33 [38;5;117m[DEBUG]: [0mThis is a debug message from thread 718-09-2026 00:29:33 [38;5;117m[DEBUG]: [0mThis is a debug message from thread 1718-09-2026 00:29:33 [38;5;009m[ERROR]: [0mThis is a error message from thread 018-09-2026 00:29:33 [38;5;117m[DEBUG]: [0mThis is a debug message from thread 1518-09-2026 00:29:33 [38;5;015m[INFO]: [0mThis is a info message from thread 2018-09-2026 00:29:33 [38;5;117m[DEBUG]: [0mThis is a debug message from thread 2718-09-2026 00:29:33 [38;5;117m[DEBUG]: [0mThis is a debug message from thread 2918-09-2026 00:29:33 [38;5;015m[INFO]: [0mThis is a info message from thread 918-09-2026 00:29:33 [38;5;117m[DEBUG]: [0mThis is a debug message from thread 018-09-2026 00:29:33 [38;5;117m[DEBUG]: [0mThis is a debug message from thread 1318-09-2026 00:29:33 [38;5;117m[DEBUG]: [0mThis is a debug message from thread 1418-09-2026 00:29:33 [38;5;015m[INFO]: [0mThis is a info message from thread 1518-09-2026 00:29:33 [38;5;015m[INFO]: [0mThis is a info message from thread 2618-09-2026 00:29:33 [38;5;009m[ERROR]: [0mThis is a error message from thread 1618-09-2026 00:29:33 [38;5;015m[INFO]: [0mThis is a info message from thread 2718-09-2026 00:29:33 [38;5;015m[INFO]: [0mThis is a info message from thread 2118-09-2026 00:29:33 [38;5;009m[ERROR]: [0mThis is a error message from thread 2218-09-2026 00:29:33 [38;5;015m[INFO]: [0mThis is a info message from thread 018-09-2026 00:29:33 [38;5;009m[ERROR]: [0mThis is a error message from thread 1218-09-2026 00:29:33 [38;5;015m[INFO]: [0mThis is a info message from thread 1318-09-2026 00:29:33 [38;5;009m[ERROR]: [0mThis is a error message from thread 1118-09-2026 00:29:33 [38;5;015m[INFO]: [0mThis is a info message from thread 1418-09-2026 00:29:33 [38;5;009m[ERROR]: [0mThis is a error message from thread 018-09-2026 00:29:33 [38;5;009m[ERROR]: [0mThis is a error message from thread 2018-09-2026 00:29:33 [38;5;009m[ERROR]: [0mThis is a error message from thread 2618-09-2026 00:29:33 [38;5;117m[DEBUG]: [0mThis is a debug message from thread 518-09-2026 00:29:33 [38;5;009m[ERROR]: [0mThis is a error message from thread 1018-09-2026 00:29:33 [38;5;009m[ERROR]: [0mThis is a error message from thread 218-09-2026 00:29:33 [38;5;015m[INFO]: [0mThis is a info message from thread 2918-09-2026 00:29:33 [38;5;117m[DEBUG]: [0mThis is a debug message from thread 1118-09-2026 00:29:33 [38;5;117m[DEBUG]: [0mThis is a debug message from thread 1918-09-2026 00:29:33 [38;5;009m[ERROR]: [0mThis is a error message from thread 918-09-2026 00:29:33 [38;5;015m[INFO]: [0mThis is a info message from thread 1718-09-2026 00:29:33 [38;5;015m[INFO]: [0mThis is a info message from thread 2518-09-2026 00:29:33 [38;5;009m[ERROR]: [0mThis is a error message from thread 2718-09-2026 00:29:33 [38;5;117m[DEBUG]: [0mThis is a debug message from thread 218-09-2026 00:29:33 [38;5;117m[DEBUG]: [0mThis is a debug message from thread 2018-09-2026 00:29:33 [38;5;009m[ERROR]: [0mThis is a error message from thread 2418-09-2026 00:29:33 [38;5;117m[DEBUG]: [0mThis is a debug message from thread 1618-09-2026 00:29:33 [38;5;117m[DEBUG]: [0mThis is a debug message from thread 118-09-2026 00:29:33 [38;5;015m[INFO]: [0mThis is a info message from thread 718-09-2026 00:29:33 [38;5;009m[ERROR]: [0mThis is a error message from thread 318-09-2026 00:29:33 [38;5;117m[DEBUG]: [0mThis is a debug message from thread 1218-09-2026 00:29:33 [38;5;117m[DEBUG]: [0mThis is a debug message from thread 2618-09-2026 00:29:33 [38;5;015m[INFO]: [0mThis is a info message from thread 618-09-2026 00:29:33 [38;5;015m[INFO]: [0mThis is a info message from thread 1218-09-2026 00:29:33 [38;5;009m[ERROR]: [0mThis is a error message from thread 2518-09-2026 00:29:33 [38;5;009m[ERROR]: [0mThis is a error message from thread 2918-09-2026 00:29:33 [38;5;015m[INFO]: [0mThis is a info message from thread 118-09-2026 00:29:33 [38;5;015m[INFO]: [0mThis is a info message from thread 1118-09-2026 00:29:33 [38;5;009m[ERROR]: [0mThis is a error message from thread 718-09-2026 00:29:33 [38;5;009m[ERROR]: [0mThis is a error message from thread 1818-09-2026 00:29:33 [38;5;009m[ERROR]: [0mThis is a error message from thread 1518-09-2026 00:29:33 [38;5;015m[INFO]: [0mThis is a info message from thread 218-09-2026 00:29:33 [38;5;117m[DEBUG]: [0mThis is a debug message from thread 718-09-2026 00:29:33 [38;5;009m[ERROR]: [0mThis is a error message from thread 618-09-2026 00:29:33 [38;5;117m[DEBUG]: [0mThis is a debug message from thread 2218-09-2026 00:29:33 [38;5;117m[DEBUG]: [0mThis is a debug message from thread 2518-09-2026 00:29:33 [38;5;009m[ERROR]: [0mThis is a error message from thread 818-09-2026 00:29:33 [38;5;009m[ERROR]: [0mThis is a error message from thread 2118-09-2026 00:29:33 [38;5;009m[ERROR]: [0mThis is a error message from thread 1718-09-2026 00:29:33 [38;5;015m[INFO]: [0mThis is a info message from thread 2218-09-2026 00:29:33 [38;5;117m[DEBUG]: [0mThis is a debug message from thread 2918-09-2026 00:29:33 [38;5;015m[INFO]: [0mThis is a info message from thread 1618-09-2026 00:29:33 [38;5;117m[DEBUG]: [0mThis is a debug message from thread 1018-09-2026 00:29:33 [38;5;015m[INFO]: [0mThis is a info message from thread 718-09-2026 00:29:33 [38;5;009m[ERROR]: [0mThis is a error message from thread 1118-09-2026 00:29:33 [38;5;009m[ERROR]: [0mThis is a error message from thread 1618-09-2026 00:29:33 [38;5;015m[INFO]: [0mThis is a info message from thread 2018-09-2026 00:29:33 [38;5;015m[INFO]: [0mThis is a info message from thread 1018-09-2026 00:29:33 [38;5;117m[DEBUG]: [0mThis is a debug message from thread 618-09-2026 00:29:33 [38;5;117m[DEBUG]: [0mThis is a debug message from thread 2118-09-2026 00:29:33 [38;5;009m[ERROR]: [0mThis is a error message from thread 718-09-2026 00:29:33 [38;5;117m[DEBUG]: [0mThis is a debug message from thread 818-09-2026 00:29:33 [38;5;009m[ERROR]: [0mThis is a error message from thread 2018-09-2026 00:29:33 [38;5;117m[DEBUG]: [0mThis is a debug message from thread 718-09-2026 00:29:33 [38;5;117m[DEBUG]: [0mThis is a debug message from thread 2018-09-2026 00:29:33 [38;5;009m[ERROR]: [0mThis is a error message from thread 1018-09-2026 00:29:33 [38;5;009m[ERROR]: [0mThis is a error message from thread 2218-09-2026 00:29:33 [38;5;015m[INFO]: [0mThis is a info message from thread 2118-09-2026 00:29:33 [38;5;117m[DEBUG]: [0mThis is a debug message from thread 1118-09-2026 00:29:33 [38;5;009m[ERROR]: [0mThis is a error message from thread 118-09-2026 00:29:33 [38;5;015m[INFO]: [0mThis is a info message from thread 2018-09-2026 00:29:33 [38;5;015m[INFO]: [0mThis is a info message from thread 718-09-2026 00:29:33 [38;5;117m[DEBUG]: [0mThis is a debug message from thread 1718-09-2026 00:29:33 [38;5;117m[DEBUG]: [0mThis is a debug message from thread 1018-09-2026 00:29:33 [38;5;015m[INFO]: [0mThis is a info message from thread 1718-09-2026 00:29:33 [38;5;015m[INFO]: [0mThis is a info message from thread 818-09-2026 00:29:33 [38;5;117m[DEBUG]: [0mThis is a debug message from thread 2218-09-2026 00:29:33 [38;5;009m[ERROR]: [0mThis is a error message from thread 2018-09-2026 00:29:33 [38;5;015m[INFO]: [0mThis is a info message from thread 1018-09-2026 00:29:33 [38;5;117m[DEBUG]: [0mThis is a debug message from thread 2018-09-2026 00:29:33 [38;5;009m[ERROR]: [0mThis is a error message from thread 1018-09-2026 00:29:33 [38;5;015m[INFO]: [0mThis is a info message from thread 2018-09-2026 00:29:33 [38;5;015m[INFO]: [0mThis is a info message from thread 1118-09-2026 00:29:33 [38;5;009m[ERROR]: [0mThis is a error message from thread 718-09-2026 00:29:33 [38;5;009m[ERROR]: [0mThis is a error message from thread 1218-09-2026 00:29:33 [38;5;117m[DEBUG]: [0mThis is a debug message from thread 1018-09-2026 00:29:33 [38;5;117m[DEBUG]: [0mThis is a debug message from thread 918-09-2026 00:29:33 [38;5;015m[INFO]: [0mThis is a info message from thread 2818-09-2026 00:29:33 [38;5;117m[DEBUG]: [0mThis is a debug message from thread 118-09-2026 00:29:33 [38;5;117m[DEBUG]: [0mThis is a debug message from thread 2418-09-2026 00:29:33 [38;5;009m[ERROR]: [0mThis is a error message from thread 1718-09-2026 00:29:33 [38;5;117m[DEBUG]: [0mThis is a debug message from thread 2718-09-2026 00:29:33 [38;5;117m[DEBUG]: [0mThis is a debug message from thread 318-09-2026 00:29:33 [38;5;009m[ERROR]: [0mThis is a error message from thread 1318-09-2026 00:29:33 [38;5;117m[DEBUG]: [0mThis is a debug message from thread 1518-09-2026 00:29:33 [38;5;009m[ERROR]: [0mThis is a error message from thread 218-09-2026 00:29:33 [38;5;015m[INFO]: [0mThis is a info message from thread 518-09-2026 00:29:33 [38;5;015m[INFO]: [0mThis is a info message from thread 2618-09-2026 00:29:33 [38;5;009m[ERROR]: [0mThis is a error message from thread 1118-09-2026 00:29:33 [38;5;117m[DEBUG]: [0mThis is a debug message from thread 1818-09-2026 00:29:33 [38;5;015m[INFO]: [0mThis is a info message from thread 2718-09-2026 00:29:33 [38;5;009m[ERROR]: [0mThis is a error message from thread 418-09-2026 00:29:33 [38;5;015m[INFO]: [0mThis is a info message from thread 118-09-2026 00:29:33 [38;5;015m[INFO]: [0mThis is a info message from thread 2418-09-2026 00:29:33 [38;5;015m[INFO]: [0mThis is a info message from thread 1818-09-2026 00:29:33 [38;5;015m[INFO]: [0mThis is a info message from thread 618-09-2026 00:29:33 [38;5;117m[DEBUG]: [0mThis is a debug message from thread 718-09-2026 00:29:33 [38;5;015m[INFO]: [0mThis is a info message from thread 2218-09-2026 00:29:33 [38;5;009m[ERROR]: [0mThis is a error message from thread 2018-09-2026 00:29:33 [38;5;009m[ERROR]: [0mThis is a error message from thread 518-09-2026 00:29:33 [38;5;009m[ERROR]: [0mThis is a error message from thread 2418-09-2026 00:29:33 [38;5;009m[ERROR]: [0mThis is a error message from thread 1818-09-2026 00:29:33 [38;5;009m[ERROR]: [0mThis is a error message from thread 2618-09-2026 00:29:33 [38;5;117m[DEBUG]: [0mThis is a debug message from thread 1818-09-2026 00:29:33 [38;5;009m[ERROR]: [0mThis is a error message from thread 2718-09-2026 00:29:33 [38;5;009m[ERROR]: [0mThis is a error message from thread 118-09-2026 00:29:33 [38;5;015m[INFO]: [0mThis is a info message from thread 1818-09-2026 00:29:33 [38;5;009m[ERROR]: [0mThis is a error message from thread 618-09-2026 00:29:33 [38;5;117m[DEBUG]: [0mThis is a debug message from thread 1318-09-2026 00:29:33 [38;5;117m[DEBUG]: [0mThis is a debug message from thread 1218-09-2026 00:29:33 [38;5;117m[DEBUG]: [0mThis is a debug message from thread 1618-09-2026 00:29:33 [38;5;117m[DEBUG]: [0mThis is a debug message from thread 518-09-2026 00:29:33 [38;5;009m[ERROR]: [0mThis is a error message from thread 2218-09-2026 00:29:33 [38;5;117m[DEBUG]: [0mThis is a debug message from thread 618-09-2026 00:29:33 [38;5;009m[ERROR]: [0mThis is a error message from thread 1818-09-2026 00:29:33 [38;5;015m[INFO]: [0mThis is a info message from thread 518-09-2026 00:29:33 [38;5;117m[DEBUG]: [0mThis is a debug message from thread 2718-09-2026 00:29:33 [38;5;015m[INFO]: [0mThis is a info message from thread 618-09-2026 00:29:33 [38;5;015m[INFO]: [0mThis is a info message from thread 2318-09-2026 00:29:33 [38;5;015m[INFO]: [0mThis is a info message from thread 1618-09-2026 00:29:33 [38;5;015m[INFO]: [0mThis is a info message from thread 1318-09-2026 00:29:33 [38;5;015m[INFO]: [0mThis is a info message from thread 1918-09-2026 00:29:33 [38;5;117m[DEBUG]: [0mThis is a debug message from thread 1818-09-2026 00:29:33 [38;5;009m[ERROR]: [0mThis is a error message from thread 2318-09-2026 00:29:33 [38;5;015m[INFO]: [0mThis is a info message from thread 2918-09-2026 00:29:33 [38;5;015m[INFO]: [0mThis is a info message from thread 918-09-2026 00:29:33 [38;5;015m[INFO]: [0mThis is a info message from thread 2518-09-2026 00:29:33 [38;5;117m[DEBUG]: [0mThis is a debug message from thread 1718-09-2026 00:29:33 [38;5;117m[DEBUG]: [0mThis is a debug message from thread 1118-09-2026 00:29:33 [38;5;015m[INFO]: [0mThis is a info message from thread 318-09-2026 00:29:33 [38;5;117m[DEBUG]: [0mThis is a debug message from thread 118-09-2026 00:29:33 [38;5;015m[INFO]: [0mThis is a info message from thread 1718-09-2026 00:29:33 [38;5;117m[DEBUG]: [0mThis is a debug message from thread 2018-09-2026 00:29:33 [38;5;009m[ERROR]: [0mThis is a error message from thread 1318-09-2026 00:29:33 [38;5;009m[ERROR]: [0mThis is a error message from thread 918-09-2026 00:29:33 [38;5;015m[INFO]: [0mThis is a info message from thread 718-09-2026 00:29:33 [38;5;117m[DEBUG]: [0mThis is a debug message from thread 1318-09-2026 00:29:33 [38;5;015m[INFO]: [0mThis is a info message from thread 1518-09-2026 00:29:33 [38;5;009m[ERROR]: [0mThis is a error message from thread 2518-09-2026 00:29:33 [38;5;009m[ERROR]: [0mThis is a error message from thread 1418-09-2026 00:29:33 [38;5;009m[ERROR]: [0mThis is a error message from thread 2818-09-2026 00:29:33 [38;5;015m[INFO]: [0mThis is a info message from thread 1818-09-2026 00:29:33 [38;5;117m[DEBUG]: [0mThis is a debug message from thread 2218-09-2026 00:29:33 [38;5;015m[INFO]: [0mThis is a info message from thread 2018-09-2026 00:29:33 [38;5;009m[ERROR]: [0mThis is a error message from thread 1918-09-2026 00:29:33 [38;5;009m[ERROR]: [0mThis is a error message from thread 618-09-2026 00:29:33 [38;5;009m[ERROR]: [0mThis is a error message from thread 718-09-2026 00:29:33 [38;5;015m[INFO]: [0mThis is a info message from thread 2218-09-2026 00:29:33 [38;5;015m[INFO]: [0mThis is a info message from thread 1318-09-2026 00:29:33 [38;5;117m[DEBUG]: [0mThis is a debug message from thread 2318-09-2026 00:29:33 [38;5;117m[DEBUG]: [0mThis is a debug message from thread 2818-09-2026 00:29:33 [38;5;009m[ERROR]: [0mThis is a error message from thread 2918-09-2026 00:29:33 [38;5;009m[ERROR]: [0mThis is a error message from thread 318-09-2026 00:29:33 [38;5;117m[DEBUG]: [0mThis is a debug message from thread 418-09-2026 00:29:33 [38;5;117m[DEBUG]: [0mThis is a debug message from thread 2618-09-2026 00:29:33 [38;5;117m[DEBUG]: [0mThis is a debug message from thread 618-09-2026 00:29:33 [38;5;015m[INFO]: [0mThis is a info message from thread 2318-09-2026 00:29:33 [38;5;009m[ERROR]: [0mThis is a error message from thread 2118-09-2026 00:29:33 [38;5;015m[INFO]: [0mThis is a info message from thread 418-09-2026 00:29:33 [38;5;009m[ERROR]: [0mThis is a error message from thread 818-09-2026 00:29:33 [38;5;009m[ERROR]: [0mThis is a error message from thread 418-09-2026 00:29:33 [38;5;117m[DEBUG]: [0mThis is a debug message from thread 818-09-2026 00:29:33 [38;5;009m[ERROR]: [0mThis is a error message from thread 2318-09-2026 00:29:33 [38;5;015m[INFO]: [0mThis is a info message from thread 2818-09-2026 00:29:33 [38;5;009m[ERROR]: [0mThis is a error message from thread 2018-09-2026 00:29:33 [38;5;015m[INFO]: [0mThis is a info message from thread 1218-09-2026 00:29:33 [38;5;015m[INFO]: [0mThis is a info message from thread 2718-09-2026 00:29:33 [38;5;117m[DEBUG]: [0mThis is a debug message from thread 218-09-2026 00:29:33 [38;5;009m[ERROR]: [0mThis is a error message from thread 2718-09-2026 00:29:33 [38;5;117m[DEBUG]: [0mThis is a debug message from thread 2718-09-2026 00:29:33 [38;5;015m[INFO]: [0mThis is a info message from thread 2718-09-2026 00:29:33 [38;5;117m[DEBUG]: [0mThis is a debug message from thread 318-09-2026 00:29:33 [38;5;117m[DEBUG]: [0mThis is a debug message from thread 418-09-2026 00:29:33 [38;5;117m[DEBUG]: [0mThis is a debug message from thread 018-09-2026 00:29:33 [38;5;009m[ERROR]: [0mThis is a error message from thread 1318-09-2026 00:29:33 [38;5;009m[ERROR]: [0mThis is a error message from thread 2818-09-2026 00:29:33 [38;5;117m[DEBUG]: [0mThis is a debug message from thread 2918-09-2026 00:29:33 [38;5;015m[INFO]: [0mThis is a info message from thread 318-09-2026 00:29:33 [38;5;009m[ERROR]: [0mThis is a error message from thread 2218-09-2026 00:29:33 [38;5;009m[ERROR]: [0mThis is a error message from thread 1518-09-2026 00:29:33 [38;5;117m[DEBUG]: [0mThis is a debug message from thread 2318-09-2026 00:29:33 [38;5;015m[INFO]: [0mThis is a info message from thread 2918-09-2026 00:29:33 [38;5;009m[ERROR]: [0mThis is a error message from thread 318-09-2026 00:29:33 [38;5;015m[INFO]: [0mThis is a info message from thread 818-09-2026 00:29:33 [38;5;015m[INFO]: [0mThis is a info message from thread 018-09-2026 00:29:33 [38;5;117m[DEBUG]: [0mThis is a debug message from thread 1518-09-2026 00:29:33 [38;5;009m[ERROR]: [0mThis is a error message from thread 1718-09-2026 00:29:33 [38;5;009m[ERROR]: [0mThis is a error message from thread 2718-09-2026 00:29:33 [38;5;117m[DEBUG]: [0mThis is a debug message from thread 318-09-2026 00:29:33 [38;5;117m[DEBUG]: [0mThis is a debug message from thread 718-09-2026 00:29:33 [38;5;015m[INFO]: [0mThis is a info message from thread 718-09-2026 00:29:33 [38;5;015m[INFO]: [0mThis is a info message from thread 318-09-2026 00:29:33 [38;5;015m[INFO]: [0mThis is a info message from thread 1118-09-2026 00:29:33 [38;5;009m[ERROR]: [0mThis is a error message from thread 018-09-2026 00:29:33 [38;5;009m[ERROR]: [0mThis is a error message from thread 318-09-2026 00:29:33 [38;5;117m[DEBUG]: [0mThis is a debug message from thread 2118-09-2026 00:29:33 [38;5;117m[DEBUG]: [0mThis is a debug message from thread 918-09-2026 00:29:33 [38;5;009m[ERROR]: [0mThis is a error message from thread 718-09-2026 00:29:33 [38;5;009m[ERROR]: [0mThis is a error message from thread 518-09-2026 00:29:33 [38;5;117m[DEBUG]: [0mThis is a debug message from thread 318-09-2026 00:29:33 [38;5;009m[ERROR]: [0mThis is a error message from thread 1818-09-2026 00:29:33 [38;5;015m[INFO]: [0mThis is a info message from thread 618-09-2026 00:29:33 [38;5;117m[DEBUG]: [0mThis is a debug message from thread 2018-09-2026 00:29:33 [38;5;015m[INFO]: [0mThis is a info message from thread 418-09-2026 00:29:33 [38;5;009m[ERROR]: [0mThis is a error message from thread 2918-09-2026 00:29:33 [38;5;015m[INFO]: [0mThis is a info message from thread 218-09-2026 00:29:33 [38;5;009m[ERROR]: [0mThis is a error message from thread 618-09-2026 00:29:33 [38;5;015m[INFO]: [0mThis is a info message from thread 2018-09-2026 00:29:33 [38;5;117m[DEBUG]: [0mThis is a debug message from thread 2918-09-2026 00:29:33 [38;5;009m[ERROR]: [0mThis is a error message from thread 218-09-2026 00:29:33 [38;5;009m[ERROR]: [0mThis is a error message from thread 2018-09-2026 00:29:33 [38;5;117m[DEBUG]: [0mThis is a debug message from thread 618-09-2026 00:29:33 [38;5;015m[INFO]: [0mThis is a info message from thread 1518-09-2026 00:29:33 [38;5;117m[DEBUG]: [0mThis is a debug message from thread 1418-09-2026 00:29:33 [38;5;117m[DEBUG]: [0mThis is a debug message from thread 2018-09-2026 00:29:33 [38;5;015m[INFO]: [0mThis is a info message from thread 1418-09-2026 00:29:33 [38;5;117m[DEBUG]: [0mThis is a debug message from thread 2518-09-2026 00:29:33 [38;5;117m[DEBUG]: [0mThis is a debug message from thread 2818-09-2026 00:29:33 [38;5;009m[ERROR]: [0mThis is a error message from thread 1418-09-2026 00:29:33 [38;5;009m[ERROR]: [0mThis is a error message from thread 1118-09-2026 00:29:33 [38;5;015m[INFO]: [0mThis is a info message from thread 2518-09-2026 00:29:33 [38;5;117m[DEBUG]: [0mThis is a debug message from thread 1418-09-2026 00:29:33 [38;5;117m[DEBUG]: [0mThis is a debug message from thread 1118-09-2026 00:29:33 [38;5;015m[INFO]: [0mThis is a info message from thread 2818-09-2026 00:29:33 [38;5;009m[ERROR]: [0mThis is a error message from thread 2518-09-2026 00:29:33 [38;5;015m[INFO]: [0mThis is a info message from thread 1118-09-2026 00:29:33 [38;5;015m[INFO]: [0mThis is a info message from thread 1418-09-2026 00:29:33 [38;5;015m[INFO]: [0mThis is a info message from thread 2918-09-2026 00:29:33 [38;5;117m[DEBUG]: [0mThis is a debug message from thread 018-09-2026 00:29:33 [38;5;015m[INFO]: [0mThis is a info message from thread 318-09-2026 00:29:33 [38;5;009m[ERROR]: [0mThis is a error message from thread 1418-09-2026 00:29:33 [38;5;009m[ERROR]: [0mThis is a error message from thread 1518-09-2026 00:29:33 [38;5;117m[DEBUG]: [0mThis is a debug message from thread 1718-09-2026 00:29:33 [38;5;015m[INFO]: [0mThis is a info message from thread 1018-09-2026 00:29:33 [38;5;009m[ERROR]: [0mThis is a error message from thread 318-09-2026 00:29:33 [38;5;015m[INFO]: [0mThis is a info message from thread 018-09-2026 00:29:33 [38;5;117m[DEBUG]: [0mThis is a debug message from thread 318-09-2026 00:29:33 [38;5;117m[DEBUG]: [0mThis is a debug message from thread 1518-09-2026 00:29:33 [38;5;009m[ERROR]: [0mThis is a error message from thread 1018-09-2026 00:29:33 [38;5;015m[INFO]: [0mThis is a info message from thread 1518-09-2026 00:29:33 [38;5;009m[ERROR]: [0mThis is a error message from thread 1618-09-2026 00:29:33 [38;5;015m[INFO]: [0mThis is a info message from thread 2618-09-2026 00:29:33 [38;5;009m[ERROR]: [0mThis is a error message from thread 018-09-2026 00:29:33 [38;5;009m[ERROR]: [0mThis is a error message from thread 2818-09-2026 00:29:33 [38;5;117m[DEBUG]: [0mThis is a debug message from thread 1618-09-2026 00:29:33 [38;5;015m[INFO]: [0mThis is a info message from thread 318-09-2026 00:29:33 [38;5;117m[DEBUG]: [0mThis is a debug message from thread 1018-09-2026 00:29:33 [38;5;117m[DEBUG]: [0mThis is a debug message from thread 1318-09-2026 00:29:33 [38;5;009m[ERROR]: [0mThis is a error message from thread 1518-09-2026 00:29:33 [38;5;009m[ERROR]: [0mThis is a error message from thread 418-09-2026 00:29:33 [38;5;015m[INFO]: [0mThis is a info message from thread 1018-09-2026 00:29:33 [38;5;117m[DEBUG]: [0mThis is a debug message from thread 1518-09-2026 00:29:33 [38;5;117m[DEBUG]: [0mThis is a debug message from thread 418-09-2026 00:29:33 [38;5;009m[ERROR]: [0mThis is a error message from thread 1018-09-2026 00:29:33 [38;5;015m[INFO]: [0mThis is a info message from thread 1518-09-2026 00:29:33 [38;5;015m[INFO]: [0mThis is a info message from thread 418-09-2026 00:29:33 [38;5;117m[DEBUG]: [0mThis is a debug message from thread 1018-09-2026 00:29:33 [38;5;009m[ERROR]: [0mThis is a error message from thread 1518-09-2026 00:29:33 [38;5;009m[ERROR]: [0mThis is a error message from thread 418-09-2026 00:29:33 [38;5;117m[DEBUG]: [0mThis is a debug message from thread 718-09-2026 00:29:33 [38;5;117m[DEBUG]: [0mThis is a debug message from thread 1518-09-2026 00:29:33 [38;5;015m[INFO]: [0mThis is a info message from thread 1018-09-2026 00:29:33 [38;5;015m[INFO]: [0mThis is a info message from thread 1518-09-2026 00:29:33 [38;5;117m[DEBUG]: [0mThis is a debug message from thread 418-09-2026 00:29:33 [38;5;015m[INFO]: [0mThis is a info message from thread 1318-09-2026 00:29:33 [38;5;009m[ERROR]: [0mThis is a error message from thread 1018-09-2026 00:29:33 [38;5;117m[DEBUG]: [0mThis is a debug message from thread 2418-09-2026 00:29:33 [38;5;015m[INFO]: [0mThis is a info message from thread 2118-09-2026 00:29:33 [38;5;009m[ERROR]: [0mThis is a error message from thread 818-09-2026 00:29:33 [38;5;015m[INFO]: [0mThis is a info message from thread 1618-09-2026 00:29:33 [38;5;117m[DEBUG]: [0mThis is a debug message from thread 2518-09-2026 00:29:33 [38;5;009m[ERROR]: [0mThis is a error message from thread 1118-09-2026 00:29:33 [38;5;009m[ERROR]: [0mThis is a error message from thread 1518-09-2026 00:29:33 [38;5;015m[INFO]: [0mThis is a info message from thread 718-09-2026 00:29:33 [38;5;117m[DEBUG]: [0mThis is a debug message from thread 818-09-2026 00:29:33 [38;5;009m[ERROR]: [0mThis is a error message from thread 2918-09-2026 00:29:33 [38;5;015m[INFO]: [0mThis is a info message from thread 618-09-2026 00:29:33 [38;5;009m[ERROR]: [0mThis is a error message from thread 1618-09-2026 00:29:33 [38;5;117m[DEBUG]: [0mThis is a debug message from thread 1918-09-2026 00:29:33 [38;5;015m[INFO]: [0mThis is a info message from thread 2518-09-2026 00:29:33 [38;5;009m[ERROR]: [0mThis is a error message from thread 1218-09-2026 00:29:33 [38;5;015m[INFO]: [0mThis is a info message from thread 818-09-2026 00:29:33 [38;5;117m[DEBUG]: [0mThis is a debug message from thread 2918-09-2026 00:29:33 [38;5;015m[INFO]: [0mThis is a info message from thread 1718-09-2026 00:29:33 [38;5;015m[INFO]: [0mThis is a info message from thread 1918-09-2026 00:29:33 [38;5;117m[DEBUG]: [0mThis is a debug message from thread 1818-09-2026 00:29:33 [38;5;009m[ERROR]: [0mThis is a error message from thread 1718-09-2026 00:29:33 [38;5;009m[ERROR]: [0mThis is a error message from thread 1918-09-2026 00:29:33 [38;5;015m[INFO]: [0mThis is a info message from thread 2918-09-2026 00:29:33 [38;5;117m[DEBUG]: [0mThis is a debug message from thread 1618-09-2026 00:29:33 [38;5;117m[DEBUG]: [0mThis is a debug message from thread 1718-09-2026 00:29:33 [38;5;015m[INFO]: [0mThis is a info message from thread 118-09-2026 00:29:33 [38;5;117m[DEBUG]: [0mThis is a debug message from thread 2718-09-2026 00:29:33 [38;5;009m[ERROR]: [0mThis is a error message from thread 2918-09-2026 00:29:33 [38;5;015m[INFO]: [0mThis is a info message from thread 418-09-2026 00:29:33 [38;5;009m[ERROR]: [0mThis is a error message from thread 1318-09-2026 00:29:33 [38;5;009m[ERROR]: [0mThis is a error message from thread 718-09-2026 00:29:33 [38;5;015m[INFO]: [0mThis is a info message from thread 918-09-2026 00:29:33 [38;5;015m[INFO]: [0mThis is a info message from thread 1818-09-2026 00:29:33 [38;5;117m[DEBUG]: [0mThis is a debug message from thread 1318-09-2026 00:29:33 [38;5;117m[DEBUG]: [0mThis is a debug message from thread 2218-09-2026 00:29:33 [38;5;009m[ERROR]: [0mThis is a error message from thread 918-09-2026 00:29:33 [38;5;015m[INFO]: [0mThis is a info message from thread 1318-09-2026 00:29:33 [38;5;015m[INFO]: [0mThis is a info message from thread 2218-09-2026 00:29:33 [38;5;009m[ERROR]: [0mThis is a error message from thread 2218-09-2026 00:29:33 [38;5;117m[DEBUG]: [0mThis is a debug message from thread 718-09-2026 00:29:33 [38;5;117m[DEBUG]: [0mThis is a debug message from thread 918-09-2026 00:29:33 [38;5;015m[INFO]: [0mThis is a info message from thread 918-09-2026 00:29:33 [38;5;009m[ERROR]: [0mThis is a error message from thread 1318-09-2026 00:29:33 [38;5;009m[ERROR]: [0mThis is a error message from thread 918-09-2026 00:29:33 [38;5;117m[DEBUG]: [0mThis is a debug message from thread 2918-09-2026 00:29:33 [38;5;117m[DEBUG]: [0mThis is a debug message from thread 018-09-2026 00:29:33 [38;5;015m[INFO]: [0mThis is a info message from thread 2718-09-2026 00:29:33 [38;5;117m[DEBUG]: [0mThis is a debug message from thread 918-09-2026 00:29:33 [38;5;117m[DEBUG]: [0mThis is a debug message from thread 1318-09-2026 00:29:33 [38;5;015m[INFO]: [0mThis is a info message from thread 718-09-2026 00:29:33 [38;5;009m[ERROR]: [0mThis is a error message from thread 1818-09-2026 00:29:33 [38;5;117m[DEBUG]: [0mThis is a debug message from thread 2218-09-2026 00:29:33 [38;5;009m[ERROR]: [0mThis is a error message from thread 618-09-2026 00:29:33 [38;5;009m[ERROR]: [0mThis is a error message from thread 418-09-2026 00:29:33 [38;5;009m[ERROR]: [0mThis is a error message from thread 818-09-2026 00:29:33 [38;5;117m[DEBUG]: [0mThis is a debug message from thread 518-09-2026 00:29:33 [38;5;015m[INFO]: [0mThis is a info message from thread 2318-09-2026 00:29:33 [38;5;117m[DEBUG]: [0mThis is a debug message from thread 1018-09-2026 00:29:33 [38;5;015m[INFO]: [0mThis is a info message from thread 2018-09-2026 00:29:33 [38;5;015m[INFO]: [0mThis is a info message from thread 2218-09-2026 00:29:33 [38;5;117m[DEBUG]: [0mThis is a debug message from thread 218-09-2026 00:29:33 [38;5;117m[DEBUG]: [0mThis is a debug message from thread 818-09-2026 00:29:33 [38;5;009m[ERROR]: [0mThis is a error message from thread 118-09-2026 00:29:33 [38;5;015m[INFO]: [0mThis is a info message from thread 2918-09-2026 00:29:33 [38;5;117m[DEBUG]: [0mThis is a debug message from thread 1518-09-2026 00:29:33 [38;5;009m[ERROR]: [0mThis is a error message from thread 2218-09-2026 00:29:33 [38;5;117m[DEBUG]: [0mThis is a debug message from thread 1118-09-2026 00:29:33 [38;5;009m[ERROR]: [0mThis is a error message from thread 2018-09-2026 00:29:33 [38;5;009m[ERROR]: [0mThis is a error message from thread 2718-09-2026 00:29:33 [38;5;015m[INFO]: [0mThis is a info message from thread 1518-09-2026 00:29:33 [38;5;117m[DEBUG]: [0mThis is a debug message from thread 2218-09-2026 00:29:33 [38;5;117m[DEBUG]: [0mThis is a debug message from thread 1218-09-2026 00:29:33 [38;5;117m[DEBUG]: [0mThis is a debug message from thread 1818-09-2026 00:29:33 [38;5;015m[INFO]: [0mThis is a info message from thread 2218-09-2026 00:29:33 [38;5;015m[INFO]: [0mThis is a info message from thread 1218-09-2026 00:29:33 [38;5;009m[ERROR]: [0mThis is a error message from thread 2518-09-2026 00:29:33 [38;5;015m[INFO]: [0mThis is a info message from thread 018-09-2026 00:29:33 [38;5;009m[ERROR]: [0mThis is a error message from thread 018-09-2026 00:29:33 [38;5;009m[ERROR]: [0mThis is a error message from thread 1218-09-2026 00:29:33 [38;5;009m[ERROR]: [0mThis is a error message from thread 1518-09-2026 00:29:33 [38;5;015m[INFO]: [0mThis is a info message from thread 2418-09-2026 00:29:33 [38;5;117m[DEBUG]: [0mThis is a debug message from thread 118-09-2026 00:29:33 [38;5;015m[INFO]: [0mThis is a info message from thread 1118-09-2026 00:29:33 [38;5;015m[INFO]: [0mThis is a info message from thread 1718-09-2026 00:29:33 [38;5;009m[ERROR]: [0mThis is a error message from thread 718-09-2026 00:29:33 [38;5;009m[ERROR]: [0mThis is a error message from thread 2118-09-2026 00:29:33 [38;5;117m[DEBUG]: [0mThis is a debug message from thread 618-09-2026 00:29:33 [38;5;009m[ERROR]: [0mThis is a error message from thread 318-09-2026 00:29:33 [38;5;015m[INFO]: [0mThis is a info message from thread 1618-09-2026 00:29:33 [38;5;117m[DEBUG]: [0mThis is a debug message from thread 718-09-2026 00:29:33 [38;5;117m[DEBUG]: [0mThis is a debug message from thread 1218-09-2026 00:29:33 [38;5;015m[INFO]: [0mThis is a info message from thread 1318-09-2026 00:29:33 [38;5;009m[ERROR]: [0mThis is a error message from thread 1618-09-2026 00:29:33 [38;5;117m[DEBUG]: [0mThis is a debug message from thread 318-09-2026 00:29:33 [38;5;015m[INFO]: [0mThis is a info message from thread 318-09-2026 00:29:33 [38;5;015m[INFO]: [0mThis is a info message from thread 1218-09-2026 00:29:33 [38;5;117m[DEBUG]: [0mThis is a debug message from thread 1618-09-2026 00:29:33 [38;5;117m[DEBUG]: [0mThis is a debug message from thread 018-09-2026 00:29:33 [38;5;009m[ERROR]: [0mThis is a error message from thread 2218-09-2026 00:29:33 [38;5;009m[ERROR]: [0mThis is a error message from thread 2418-09-2026 00:29:33 [38;5;117m[DEBUG]: [0mThis is a debug message from thread 418-09-2026 00:29:33 [38;5;009m[ERROR]: [0mThis is a error message from thread 1718-09-2026 00:29:33 [38;5;015m[INFO]: [0mThis is a info message from thread 918-09-2026 00:29:33 [38;5;117m[DEBUG]: [0mThis is a debug message from thread 1918-09-2026 00:29:33 [38;5;015m[INFO]: [0mThis is a info message from thread 818-09-2026 00:29:33 [38;5;117m[DEBUG]: [0mThis is a debug message from thread 1418-09-2026 00:29:33 [38;5;117m[DEBUG]: [0mThis is a debug message from thread 2118-09-2026 00:29:33 [38;5;009m[ERROR]: [0mThis is a error message from thread 918-09-2026 00:29:33 [38;5;015m[INFO]: [0mThis is a info message from thread 1918-09-2026 00:29:33 [38;5;015m[INFO]: [0mThis is a info message from thread 1418-09-2026 00:29:33 [38;5;015m[INFO]: [0mThis is a info message from thread 018-09-2026 00:29:33 [38;5;009m[ERROR]: [0mThis is a error message from thread 1918-09-2026 00:29:33 [38;5;117m[DEBUG]: [0mThis is a debug message from thread 2818-09-2026 00:29:33 [38;5;009m[ERROR]: [0mThis is a error message from thread 1118-09-2026 00:29:33 [38;5;015m[INFO]: [0mThis is a info message from thread 2118-09-2026 00:29:33 [38;5;117m[DEBUG]: [0mThis is a debug message from thread 1718-09-2026 00:29:33 [38;5;009m[ERROR]: [0mThis is a error message from thread 2618-09-2026 00:29:33 [38;5;009m[ERROR]: [0mThis is a error message from thread 818-09-2026 00:29:33 [38;5;009m[ERROR]: [0mThis is a error message from thread 1418-09-2026 00:29:33 [38;5;015m[INFO]: [0mThis is a info message from thread 418-09-2026 00:29:33 [38;5;015m[INFO]: [0mThis is a info message from thread 1718-09-2026 00:29:33 [38;5;009m[ERROR]: [0mThis is a error message from thread 1218-09-2026 00:29:33 [38;5;117m[DEBUG]: [0mThis is a debug message from thread 1418-09-2026 00:29:33 [38;5;015m[INFO]: [0mThis is a info message from thread 2818-09-2026 00:29:33 [38;5;009m[ERROR]: [0mThis is a error message from thread 2318-09-2026 00:29:33 [38;5;009m[ERROR]: [0mThis is a error message from thread 1718-09-2026 00:29:33 [38;5;009m[ERROR]: [0mThis is a error message from thread 318-09-2026 00:29:33 [38;5;009m[ERROR]: [0mThis is a error message from thread 418-09-2026 00:29:33 [38;5;015m[INFO]: [0mThis is a info message from thread 718-09-2026 00:29:33 [38;5;015m[INFO]: [0mThis is a info message from thread 1418-09-2026 00:29:33 [38;5;117m[DEBUG]: [0mThis is a debug message from thread 1518-09-2026 00:29:33 [38;5;009m[ERROR]: [0mThis is a error message from thread 2818-09-2026 00:29:33 [38;5;117m[DEBUG]: [0mThis is a debug message from thread 318-09-2026 00:29:33 [38;5;009m[ERROR]: [0mThis is a error message from thread 2918-09-2026 00:29:33 [38;5;015m[INFO]: [0mThis is a info message from thread 1018-09-2026 00:29:33 [38;5;117m[DEBUG]: [0mThis is a debug message from thread 918-09-2026 00:29:33 [38;5;015m[INFO]: [0mThis is a info message from thread 118-09-2026 00:29:33 [38;5;015m[INFO]: [0mThis is a info message from thread 618-09-2026 00:29:33 [38;5;117m[DEBUG]: [0mThis is a debug message from thread 2218-09-2026 00:29:33 [38;5;015m[INFO]: [0mThis is a info message from thread 318-09-2026 00:29:33 [38;5;009m[ERROR]: [0mThis is a error message from thread 718-09-2026 00:29:33 [38;5;117m[DEBUG]: [0mThis is a debug message from thread 2818-09-2026 00:29:33 [38;5;117m[DEBUG]: [0mThis is a debug message from thread 2918-09-2026 00:29:33 [38;5;117m[DEBUG]: [0mThis is a debug message from thread 2418-09-2026 00:29:33 [38;5;009m[ERROR]: [0mThis is a error message from thread 1418-09-2026 00:29:33 [38;5;117m[DEBUG]: [0mThis is a debug message from thread 1918-09-2026 00:29:33 [38;5;117m[DEBUG]: [0mThis is a debug message from thread 818-09-2026 00:29:33 [38;5;015m[INFO]: [0mThis is a info message from thread 2918-09-2026 00:29:33 [38;5;009m[ERROR]: [0mThis is a error message from thread 1018-09-2026 00:29:33 [38;5;117m[DEBUG]: [0mThis is a debug message from thread 418-09-2026 00:29:33 [38;5;015m[INFO]: [0mThis is a info message from thread 518-09-2026 00:29:33 [38;5;009m[ERROR]: [0mThis is a error message from thread 2118-09-2026 00:29:33 [38;5;015m[INFO]: [0mThis is a info message from thread 918-09-2026 00:29:33 [38;5;117m[DEBUG]: [0mThis is a debug message from thread 2118-09-2026 00:29:33 [38;5;117m[DEBUG]: [0mThis is a debug message from thread 2018-09-2026 00:29:33 [38;5;009m[ERROR]: [0mThis is a error message from thread 118-09-2026 00:29:33 [38;5;117m[DEBUG]: [0mThis is a debug message from thread 2718-09-2026 00:29:33 [38;5;009m[ERROR]: [0mThis is a error message from thread 1318-09-2026 00:29:33 [38;5;009m[ERROR]: [0mThis is a error message from thread 018-09-2026 00:29:33 [38;5;117m[DEBUG]: [0mThis is a debug message from thread 2518-09-2026 00:29:33 [38;5;015m[INFO]: [0mThis is a info message from thread 2218-09-2026 00:29:33 [38;5;117m[DEBUG]: [0mThis is a debug message from thread 718-09-2026 00:29:33 [38;5;117m[DEBUG]: [0mThis is a debug message from thread 2618-09-2026 00:29:33 [38;5;117m[DEBUG]: [0mThis is a debug message from thread 1118-09-2026 00:29:33 [38;5;015m[INFO]: [0mThis is a info message from thread 2618-09-2026 00:29:33 [38;5;117m[DEBUG]: [0mThis is a debug message from thread 2318-09-2026 00:29:33 [38;5;009m[ERROR]: [0mThis is a error message from thread 2618-09-2026 00:29:33 [38;5;117m[DEBUG]: [0mThis is a debug message from thread 1018-09-2026 00:29:33 [38;5;117m[DEBUG]: [0mThis is a debug message from thread 1218-09-2026 00:29:33 [38;5;015m[INFO]: [0mThis is a info message from thread 2718-09-2026 00:29:33 [38;5;009m[ERROR]: [0mThis is a error message from thread 2918-09-2026 00:29:33 [38;5;015m[INFO]: [0mThis is a info message from thread 1818-09-2026 00:29:33 [38;5;117m[DEBUG]: [0mThis is a debug message from thread 2918-09-2026 00:29:33 [38;5;117m[DEBUG]: [0mThis is a debug message from thread 118-09-2026 00:29:33 [38;5;009m[ERROR]: [0mThis is a error message from thread 1818-09-2026 00:29:33 [38;5;015m[INFO]: [0mThis is a info message from thread 2918-09-2026 00:29:33 [38;5;015m[INFO]: [0mThis is a info message from thread 118-09-2026 00:29:33 [38;5;009m[ERROR]: [0mThis is a error message from thread 2218-09-2026 00:29:33 [38;5;015m[INFO]: [0mThis is a info message from thread 1118-09-2026 00:29:33 [38;5;117m[DEBUG]: [0mThis is a debug message from thread 1818-09-2026 00:29:33 [38;5;009m[ERROR]: [0mThis is a error message from thread 118-09-2026 00:29:33 [38;5;009m[ERROR]: [0mThis is a error message from thread 2918-09-2026 00:29:33 [38;5;117m[DEBUG]: [0mThis is a debug message from thread 018-09-2026 00:29:33 [38;5;015m[INFO]: [0mThis is a info message from thread 718-09-2026 00:29:33 [38;5;009m[ERROR]: [0mThis is a error message from thread 918-09-2026 00:29:33 [38;5;117m[DEBUG]: [0mThis is a debug message from thread 1318-09-2026 00:29:33 [38;5;009m[ERROR]: [0mThis is a error message from thread 318-09-2026 00:29:33 [38;5;015m[INFO]: [0mThis is a info message from thread 018-09-2026 00:29:33 [38;5;117m[DEBUG]: [0mThis is a debug message from thread 1418-09-2026 00:29:33 [38;5;009m[ERROR]: [0mThis is a error message from thread 1118-09-2026 00:29:33 [38;5;117m[DEBUG]: [0mThis is a debug message from thread 318-09-2026 00:29:33 [38;5;015m[INFO]: [0mThis is a info message from thread 2518-09-2026 00:29:33 [38;5;015m[INFO]: [0mThis is a info message from thread 1818-09-2026 00:29:33 [38;5;009m[ERROR]: [0mThis is a error message from thread 2718-09-2026 00:29:33 [38;5;009m[ERROR]: [0mThis is a error message from thread 2518-09-2026 00:29:33 [38;5;117m[DEBUG]: [0mThis is a debug message from thread 918-09-2026 00:29:33 [38;5;015m[INFO]: [0mThis is a info message from thread 2018-09-2026 00:29:33 [38;5;015m[INFO]: [0mThis is a info message from thread 2818-09-2026 00:29:33 [38;5;117m[DEBUG]: [0mThis is a debug message from thread 2218-09-2026 00:29:33 [38;5;009m[ERROR]: [0mThis is a error message from thread 1818-09-2026 00:29:33 [38;5;015m[INFO]: [0mThis is a info message from thread 218-09-2026 00:29:33 [38;5;009m[ERROR]: [0mThis is a error message from thread 618-09-2026 00:29:33 [38;5;015m[INFO]: [0mThis is a info message from thread 1218-09-2026 00:29:33 [38;5;009m[ERROR]: [0mThis is a error message from thread 518-09-2026 00:29:33 [38;5;117m[DEBUG]: [0mThis is a debug message from thread 2518-09-2026 00:29:33 [38;5;015m[INFO]: [0mThis is a info message from thread 818-09-2026 00:29:33 [38;5;009m[ERROR]: [0mThis is a error message from thread 2818-09-2026 00:29:33 [38;5;015m[INFO]: [0mThis is a info message from thread 1918-09-2026 00:29:33 [38;5;015m[INFO]: [0mThis is a info message from thread 1018-09-2026 00:29:33 [38;5;117m[DEBUG]: [0mThis is a debug message from thread 2918-09-2026 00:29:33 [38;5;015m[INFO]: [0mThis is a info message from thread 1418-09-2026 00:29:33 [38;5;015m[INFO]: [0mThis is a info message from thread 2218-09-2026 00:29:33 [38;5;117m[DEBUG]: [0mThis is a debug message from thread 2818-09-2026 00:29:33 [38;5;117m[DEBUG]: [0mThis is a debug message from thread 2618-09-2026 00:29:33 [38;5;015m[INFO]: [0mThis is a info message from thread 1518-09-2026 00:29:33 [38;5;117m[DEBUG]: [0mThis is a debug message from thread 1718-09-2026 00:29:33 [38;5;009m[ERROR]: [0mThis is a error message from thread 2218-09-2026 00:29:33 [38;5;015m[INFO]: [0mThis is a info message from thread 2318-09-2026 00:29:33 [38;5;015m[INFO]: [0mThis is a info message from thread 2518-09-2026 00:29:33 [38;5;009m[ERROR]: [0mThis is a error message from thread 818-09-2026 00:29:33 [38;5;117m[DEBUG]: [0mThis is a debug message from thread 2218-09-2026 00:29:33 [38;5;117m[DEBUG]: [0mThis is a debug message from thread 2718-09-2026 00:29:33 [38;5;009m[ERROR]: [0mThis is a error message from thread 2018-09-2026 00:29:33 [38;5;009m[ERROR]: [0mThis is a error message from thread 2318-09-2026 00:29:33 [38;5;015m[INFO]: [0mThis is a info message from thread 918-09-2026 00:29:33 [38;5;015m[INFO]: [0mThis is a info message from thread 2718-09-2026 00:29:33 [38;5;015m[INFO]: [0mThis is a info message from thread 2118-09-2026 00:29:33 [38;5;009m[ERROR]: [0mThis is a error message from thread 018-09-2026 00:29:33 [38;5;009m[ERROR]: [0mThis is a error message from thread 2118-09-2026 00:29:33 [38;5;117m[DEBUG]: [0mThis is a debug message from thread 1818-09-2026 00:29:33 [38;5;117m[DEBUG]: [0mThis is a debug message from thread 2118-09-2026 00:29:33 [38;5;009m[ERROR]: [0mThis is a error message from thread 918-09-2026 00:29:33 [38;5;009m[ERROR]: [0mThis is a error message from thread 1518-09-2026 00:29:33 [38;5;015m[INFO]: [0mThis is a info message from thread 2618-09-2026 00:29:33 [38;5;117m[DEBUG]: [0mThis is a debug message from thread 1518-09-2026 00:29:33 [38;5;015m[INFO]: [0mThis is a info message from thread 2218-09-2026 00:29:33 [38;5;015m[INFO]: [0mThis is a info message from thread 1618-09-2026 00:29:33 [38;5;117m[DEBUG]: [0mThis is a debug message from thread 918-09-2026 00:29:33 [38;5;009m[ERROR]: [0mThis is a error message from thread 2718-09-2026 00:29:33 [38;5;117m[DEBUG]: [0mThis is a debug message from thread 118-09-2026 00:29:33 [38;5;117m[DEBUG]: [0mThis is a debug message from thread 2318-09-2026 00:29:33 [38;5;015m[INFO]: [0mThis is a info message from thread 418-09-2026 00:29:33 [38;5;117m[DEBUG]: [0mThis is a debug message from thread 1118-09-2026 00:29:33 [38;5;009m[ERROR]: [0mThis is a error message from thread 2218-09-2026 00:29:33 [38;5;009m[ERROR]: [0mThis is a error message from thread 1218-09-2026 00:29:33 [38;5;117m[DEBUG]: [0mThis is a debug message from thread 2218-09-2026 00:29:33 [38;5;009m[ERROR]: [0mThis is a error message from thread 418-09-2026 00:29:33 [38;5;117m[DEBUG]: [0mThis is a debug message from thread 018-09-2026 00:29:33 [38;5;117m[DEBUG]: [0mThis is a debug message from thread 2718-09-2026 00:29:33 [38;5;015m[INFO]: [0mThis is a info message from thread 1518-09-2026 00:29:33 [38;5;015m[INFO]: [0mThis is a info message from thread 018-09-2026 00:29:33 [38;5;015m[INFO]: [0mThis is a info message from thread 2918-09-2026 00:29:33 [38;5;015m[INFO]: [0mThis is a info message from thread 1118-09-2026 00:29:33 [38;5;009m[ERROR]: [0mThis is a error message from thread 1518-09-2026 00:29:33 [38;5;117m[DEBUG]: [0mThis is a debug message from thread 618-09-2026 00:29:33 [38;5;009m[ERROR]: [0mThis is a error message from thread 718-09-2026 00:29:33 [38;5;009m[ERROR]: [0mThis is a error message from thread 1018-09-2026 00:29:33 [38;5;015m[INFO]: [0mThis is a info message from thread 2818-09-2026 00:29:33 [38;5;015m[INFO]: [0mThis is a info message from thread 1718-09-2026 00:29:33 [38;5;009m[ERROR]: [0mThis is a error message from thread 2618-09-2026 00:29:33 [38;5;009m[ERROR]: [0mThis is a error message from thread 1918-09-2026 00:29:33 [38;5;117m[DEBUG]: [0mThis is a debug message from thread 718-09-2026 00:29:33 [38;5;009m[ERROR]: [0mThis is a error message from thread 2918-09-2026 00:29:33 [38;5;015m[INFO]: [0mThis is a info message from thread 2118-09-2026 00:29:33 [38;5;117m[DEBUG]: [0mThis is a debug message from thread 418-09-2026 00:29:33 [38;5;015m[INFO]: [0mThis is a info message from thread 118-09-2026 00:29:33 [38;5;009m[ERROR]: [0mThis is a error message from thread 1118-09-2026 00:29:33 [38;5;015m[INFO]: [0mThis is a info message from thread 2718-09-2026 00:29:33 [38;5;009m[ERROR]: [0mThis is a error message from thread 218-09-2026 00:29:33 [38;5;117m[DEBUG]: [0mThis is a debug message from thread 818-09-2026 00:29:33 [38;5;009m[ERROR]: [0mThis is a error message from thread 118-09-2026 00:29:33 [38;5;015m[INFO]: [0mThis is a info message from thread 1818-09-2026 00:29:33 [38;5;009m[ERROR]: [0mThis is a error message from thread 2718-09-2026 00:29:33 [38;5;117m[DEBUG]: [0mThis is a debug message from thread 2918-09-2026 00:29:33 [38;5;015m[INFO]: [0mThis is a info message from thread 918-09-2026 00:29:33 [38;5;009m[ERROR]: [0mThis is a error message from thread 2118-09-2026 00:29:33 [38;5;009m[ERROR]: [0mThis is a error message from thread 2818-09-2026 00:29:33 [38;5;117m[DEBUG]: [0mThis is a debug message from thread 1518-09-2026 00:29:33 [38;5;015m[INFO]: [0mThis is a info message from thread 618-09-2026 00:29:33 [38;5;117m[DEBUG]: [0mThis is a debug message from thread 218-09-2026 00:29:33 [38;5;015m[INFO]: [0mThis is a info message from thread 1318-09-2026 00:29:33 [38;5;117m[DEBUG]: [0mThis is a debug message from thread 1118-09-2026 00:29:33 [38;5;009m[ERROR]: [0mThis is a error message from thread 918-09-2026 00:29:33 [38;5;009m[ERROR]: [0mThis is a error message from thread 1818-09-2026 00:29:33 [38;5;015m[INFO]: [0mThis is a info message from thread 418-09-2026 00:29:33 [38;5;009m[ERROR]: [0mThis is a error message from thread 1318-09-2026 00:29:33 [38;5;117m[DEBUG]: [0mThis is a debug message from thread 2618-09-2026 00:29:33 [38;5;117m[DEBUG]: [0mThis is a debug message from thread 2818-09-2026 00:29:33 [38;5;015m[INFO]: [0mThis is a info message from thread 218-09-2026 00:29:33 [38;5;015m[INFO]: [0mThis is a info message from thread 318-09-2026 00:29:33 [38;5;015m[INFO]: [0mThis is a info message from thread 1518-09-2026 00:29:33 [38;5;117m[DEBUG]: [0mThis is a debug message from thread 918-09-2026 00:29:33 [38;5;009m[ERROR]: [0mThis is a error message from thread 1418-09-2026 00:29:33 [38;5;009m[ERROR]: [0mThis is a error message from thread 1518-09-2026 00:29:33 [38;5;015m[INFO]: [0mThis is a info message from thread 2318-09-2026 00:29:33 [38;5;117m[DEBUG]: [0mThis is a debug message from thread 1318-09-2026 00:29:33 [38;5;117m[DEBUG]: [0mThis is a debug message from thread 1218-09-2026 00:29:33 [38;5;117m[DEBUG]: [0mThis is a debug message from thread 1518-09-2026 00:29:33 [38;5;015m[INFO]: [0mThis is a info message from thread 2218-09-2026 00:29:33 [38;5;015m[INFO]: [0mThis is a info message from thread 1518-09-2026 00:29:33 [38;5;015m[INFO]: [0mThis is a info message from thread 918-09-2026 00:29:33 [38;5;009m[ERROR]: [0mThis is a error message from thread 1718-09-2026 00:29:33 [38;5;015m[INFO]: [0mThis is a info message from thread 1118-09-2026 00:29:33 [38;5;117m[DEBUG]: [0mThis is a debug message from thread 1918-09-2026 00:29:33 [38;5;009m[ERROR]: [0mThis is a error message from thread 018-09-2026 00:29:33 [38;5;015m[INFO]: [0mThis is a info message from thread 1318-09-2026 00:29:33 [38;5;009m[ERROR]: [0mThis is a error message from thread 918-09-2026 00:29:33 [38;5;015m[INFO]: [0mThis is a info message from thread 1218-09-2026 00:29:33 [38;5;117m[DEBUG]: [0mThis is a debug message from thread 1718-09-2026 00:29:33 [38;5;009m[ERROR]: [0mThis is a error message from thread 418-09-2026 00:29:33 [38;5;015m[INFO]: [0mThis is a info message from thread 718-09-2026 00:29:33 [38;5;117m[DEBUG]: [0mThis is a debug message from thread 2018-09-2026 00:29:33 [38;5;015m[INFO]: [0mThis is a info message from thread 2418-09-2026 00:29:33 [38;5;009m[ERROR]: [0mThis is a error message from thread 718-09-2026 00:29:33 [38;5;009m[ERROR]: [0mThis is a error message from thread 1118-09-2026 00:29:33 [38;5;009m[ERROR]: [0mThis is a error message from thread 2218-09-2026 00:29:33 [38;5;009m[ERROR]: [0mThis is a error message from thread 1318-09-2026 00:29:33 [38;5;009m[ERROR]: [0mThis is a error message from thread 2518-09-2026 00:29:33 [38;5;009m[ERROR]: [0mThis is a error message from thread 2318-09-2026 00:29:33 [38;5;009m[ERROR]: [0mThis is a error message from thread 218-09-2026 00:29:33 [38;5;015m[INFO]: [0mThis is a info message from thread 2918-09-2026 00:29:33 [38;5;117m[DEBUG]: [0mThis is a debug message from thread 518-09-2026 00:29:33 [38;5;009m[ERROR]: [0mThis is a error message from thread 618-09-2026 00:29:33 [38;5;015m[INFO]: [0mThis is a info message from thread 1718-09-2026 00:29:33 [38;5;009m[ERROR]: [0mThis is a error message from thread 1218-09-2026 00:29:33 [38;5;117m[DEBUG]: [0mThis is a debug message from thread 018-09-2026 00:29:33 [38;5;117m[DEBUG]: [0mThis is a debug message from thread 2518-09-2026 00:29:33 [38;5;015m[INFO]: [0mThis is a info message from thread 018-09-2026 00:29:33 [38;5;015m[INFO]: [0mThis is a info message from thread 2018-09-2026 00:29:33 [38;5;015m[INFO]: [0mThis is a info message from thread 2818-09-2026 00:29:33 [38;5;117m[DEBUG]: [0mThis is a debug message from thread 1018-09-2026 00:29:33 [38;5;117m[DEBUG]: [0mThis is a debug message from thread 2718-09-2026 00:29:33 [38;5;009m[ERROR]: [0mThis is a error message from thread 1518-09-2026 00:29:33 [38;5;015m[INFO]: [0mThis is a info message from thread 2718-09-2026 00:29:33 [38;5;009m[ERROR]: [0mThis is a error message from thread 2718-09-2026 00:29:33 [38;5;117m[DEBUG]: [0mThis is a debug message from thread 1418-09-2026 00:29:33 [38;5;117m[DEBUG]: [0mThis is a debug message from thread 1518-09-2026 00:29:33 [38;5;009m[ERROR]: [0mThis is a error message from thread 318-09-2026 00:29:33 [38;5;015m[INFO]: [0mThis is a info message from thread 818-09-2026 00:29:33 [38;5;009m[ERROR]: [0mThis is a error message from thread 018-09-2026 00:29:33 [38;5;117m[DEBUG]: [0mThis is a debug message from thread 718-09-2026 00:29:33 [38;5;015m[INFO]: [0mThis is a info message from thread 2618-09-2026 00:29:33 [38;5;117m[DEBUG]: [0mThis is a debug message from thread 418-09-2026 00:29:33 [38;5;015m[INFO]: [0mThis is a info message from thread 1418-09-2026 00:29:33 [38;5;117m[DEBUG]: [0mThis is a debug message from thread 918-09-2026 00:29:33 [38;5;015m[INFO]: [0mThis is a info message from thread 718-09-2026 00:29:33 [38;5;117m[DEBUG]: [0mThis is a debug message from thread 2318-09-2026 00:29:33 [38;5;117m[DEBUG]: [0mThis is a debug message from thread 2118-09-2026 00:29:33 [38;5;009m[ERROR]: [0mThis is a error message from thread 1618-09-2026 00:29:33 [38;5;117m[DEBUG]: [0mThis is a debug message from thread 2218-09-2026 00:29:33 [38;5;009m[ERROR]: [0mThis is a error message from thread 1718-09-2026 00:29:33 [38;5;009m[ERROR]: [0mThis is a error message from thread 2618-09-2026 00:29:33 [38;5;117m[DEBUG]: [0mThis is a debug message from thread 1618-09-2026 00:29:33 [38;5;015m[INFO]: [0mThis is a info message from thread 1918-09-2026 00:29:33 [38;5;117m[DEBUG]: [0mThis is a debug message from thread 218-09-2026 00:29:33 [38;5;009m[ERROR]: [0mThis is a error message from thread 1918-09-2026 00:29:33 [38;5;009m[ERROR]: [0mThis is a error message from thread 1418-09-2026 00:29:33 [38;5;117m[DEBUG]: [0mThis is a debug message from thread 1418-09-2026 00:29:33 [38;5;117m[DEBUG]: [0mThis is a debug message from thread 1918-09-2026 00:29:33 [38;5;015m[INFO]: [0mThis is a info message from thread 2318-09-2026 00:29:33 [38;5;009m[ERROR]: [0mThis is a error message from thread 718-09-2026 00:29:33 [38;5;015m[INFO]: [0mThis is a info message from thread 1918-09-2026 00:29:33 [38;5;015m[INFO]: [0mThis is a info message from thread 1418-09-2026 00:29:33 [38;5;117m[DEBUG]: [0mThis is a debug message from thread 1218-09-2026 00:29:33 [38;5;117m[DEBUG]: [0mThis is a debug message from thread 718-09-2026 00:29:33 [38;5;009m[ERROR]: [0mThis is a error message from thread 1918-09-2026 00:29:33 [38;5;117m[DEBUG]: [0mThis is a debug message from thread 1318-09-2026 00:29:33 [38;5;117m[DEBUG]: [0mThis is a debug message from thread 1818-09-2026 00:29:33 [38;5;009m[ERROR]: [0mThis is a error message from thread 2918-09-2026 00:29:33 [38;5;015m[INFO]: [0mThis is a info message from thread 1518-09-2026 00:29:33 [38;5;015m[INFO]: [0mThis is a info message from thread 718-09-2026 00:29:33 [38;5;117m[DEBUG]: [0mThis is a debug message from thread 318-09-2026 00:29:33 [38;5;015m[INFO]: [0mThis is a info message from thread 918-09-2026 00:29:33 [38;5;015m[INFO]: [0mThis is a info message from thread 2118-09-2026 00:29:33 [38;5;015m[INFO]: [0mThis is a info message from thread 1018-09-2026 00:29:33 [38;5;117m[DEBUG]: [0mThis is a debug message from thread 1718-09-2026 00:29:33 [38;5;009m[ERROR]: [0mThis is a error message from thread 2118-09-2026 00:29:33 [38;5;117m[DEBUG]: [0mThis is a debug message from thread 118-09-2026 00:29:33 [38;5;009m[ERROR]: [0mThis is a error message from thread 1018-09-2026 00:29:33 [38;5;117m[DEBUG]: [0mThis is a debug message from thread 618-09-2026 00:29:33 [38;5;117m[DEBUG]: [0mThis is a debug message from thread 2118-09-2026 00:29:33 [38;5;015m[INFO]: [0mThis is a info message from thread 118-09-2026 00:29:33 [38;5;015m[INFO]: [0mThis is a info message from thread 2518-09-2026 00:29:33 [38;5;015m[INFO]: [0mThis is a info message from thread 2118-09-2026 00:29:33 [38;5;009m[ERROR]: [0mThis is a error message from thread 718-09-2026 00:29:33 [38;5;009m[ERROR]: [0mThis is a error message from thread 2518-09-2026 00:29:33 [38;5;009m[ERROR]: [0mThis is a error message from thread 2118-09-2026 00:29:33 [38;5;009m[ERROR]: [0mThis is a error message from thread 118-09-2026 00:29:33 [38;5;117m[DEBUG]: [0mThis is a debug message from thread 2518-09-2026 00:29:33 [38;5;117m[DEBUG]: [0mThis is a debug message from thread 2118-09-2026 00:29:33 [38;5;117m[DEBUG]: [0mThis is a debug message from thread 718-09-2026 00:29:33 [38;5;015m[INFO]: [0mThis is a info message from thread 2518-09-2026 00:29:33 [38;5;015m[INFO]: [0mThis is a info message from thread 718-09-2026 00:29:33 [38;5;117m[DEBUG]: [0mThis is a debug message from thread 118-09-2026 00:29:33 [38;5;015m[INFO]: [0mThis is a info message from thread 2118-09-2026 00:29:33 [38;5;117m[DEBUG]: [0mThis is a debug message from thread 2618-09-2026 00:29:33 [38;5;015m[INFO]: [0mThis is a info message from thread 618-09-2026 00:29:33 [38;5;009m[ERROR]: [0mThis is a error message from thread 2518-09-2026 00:29:33 [38;5;009m[ERROR]: [0mThis is a error message from thread 2318-09-2026 00:29:33 [38;5;117m[DEBUG]: [0mThis is a debug message from thread 1018-09-2026 00:29:33 [38;5;015m[INFO]: [0mThis is a info message from thread 1718-09-2026 00:29:33 [38;5;009m[ERROR]: [0mThis is a error message from thread 2818-09-2026 00:29:33 [38;5;015m[INFO]: [0mThis is a info message from thread 118-09-2026 00:29:33 [38;5;015m[INFO]: [0mThis is a info message from thread 1318-09-2026 00:29:33 [38;5;009m[ERROR]: [0mThis is a error message from thread 118-09-2026 00:29:33 [38;5;009m[ERROR]: [0mThis is a error message from thread 918-09-2026 00:29:33 [38;5;117m[DEBUG]: [0mThis is a debug message from thread 118-09-2026 00:29:33 [38;5;117m[DEBUG]: [0mThis is a debug message from thread 2918-09-2026 00:29:33 [38;5;117m[DEBUG]: [0mThis is a debug message from thread 918-09-2026 00:29:33 [38;5;015m[INFO]: [0mThis is a info message from thread 2918-09-2026 00:29:33 [38;5;015m[INFO]: [0mThis is a info message from thread 218-09-2026 00:29:33 [38;5;015m[INFO]: [0mThis is a info message from thread 2218-09-2026 00:29:33 [38;5;015m[INFO]: [0mThis is a info message from thread 118-09-2026 00:29:33 [38;5;009m[ERROR]: [0mThis is a error message from thread 2218-09-2026 00:29:33 [38;5;015m[INFO]: [0mThis is a info message from thread 1618-09-2026 00:29:33 [38;5;009m[ERROR]: [0mThis is a error message from thread 718-09-2026 00:29:33 [38;5;117m[DEBUG]: [0mThis is a debug message from thread 2718-09-2026 00:29:33 [38;5;015m[INFO]: [0mThis is a info message from thread 318-09-2026 00:29:33 [38;5;009m[ERROR]: [0mThis is a error message from thread 1618-09-2026 00:29:33 [38;5;009m[ERROR]: [0mThis is a error message from thread 2018-09-2026 00:29:33 [38;5;015m[INFO]: [0mThis is a info message from thread 1818-09-2026 00:29:33 [38;5;117m[DEBUG]: [0mThis is a debug message from thread 018-09-2026 00:29:33 [38;5;009m[ERROR]: [0mThis is a error message from thread 318-09-2026 00:29:33 [38;5;009m[ERROR]: [0mThis is a error message from thread 2118-09-2026 00:29:33 [38;5;009m[ERROR]: [0mThis is a error message from thread 2918-09-2026 00:29:33 [38;5;015m[INFO]: [0mThis is a info message from thread 2718-09-2026 00:29:33 [38;5;009m[ERROR]: [0mThis is a error message from thread 1818-09-2026 00:29:33 [38;5;009m[ERROR]: [0mThis is a error message from thread 1418-09-2026 00:29:33 [38;5;117m[DEBUG]: [0mThis is a debug message from thread 2218-09-2026 00:29:33 [38;5;117m[DEBUG]: [0mThis is a debug message from thread 1618-09-2026 00:29:33 [38;5;009m[ERROR]: [0mThis is a error message from thread 1518-09-2026 00:29:33 [38;5;117m[DEBUG]: [0mThis is a debug message from thread 2818-09-2026 00:29:33 [38;5;015m[INFO]: [0mThis is a info message from thread 518-09-2026 00:29:33 [38;5;009m[ERROR]: [0mThis is a error message from thread 118-09-2026 00:29:33 [38;5;009m[ERROR]: [0mThis is a error message from thread 618-09-2026 00:29:33 [38;5;117m[DEBUG]: [0mThis is a debug message from thread 2018-09-2026 00:29:33 [38;5;015m[INFO]: [0mThis is a info message from thread 418-09-2026 00:29:33 [38;5;117m[DEBUG]: [0mThis is a debug message from thread 2518-09-2026 00:29:33 [38;5;117m[DEBUG]: [0mThis is a debug message from thread 118-09-2026 00:29:33 [38;5;117m[DEBUG]: [0mThis is a debug message from thread 1918-09-2026 00:29:33 [38;5;015m[INFO]: [0mThis is a info message from thread 2618-09-2026 00:29:33 [38;5;015m[INFO]: [0mThis is a info message from thread 118-09-2026 00:29:33 [38;5;015m[INFO]: [0mThis is a info message from thread 1918-09-2026 00:29:33 [38;5;009m[ERROR]: [0mThis is a error message from thread 1718-09-2026 00:29:33 [38;5;117m[DEBUG]: [0mThis is a debug message from thread 2918-09-2026 00:29:33 [38;5;015m[INFO]: [0mThis is a info message from thread 1618-09-2026 00:29:33 [38;5;015m[INFO]: [0mThis is a info message from thread 2918-09-2026 00:29:33 [38;5;117m[DEBUG]: [0mThis is a debug message from thread 318-09-2026 00:29:33 [38;5;015m[INFO]: [0mThis is a info message from thread 1218-09-2026 00:29:33 [38;5;015m[INFO]: [0mThis is a info message from thread 918-09-2026 00:29:33 [38;5;009m[ERROR]: [0mThis is a error message from thread 418-09-2026 00:29:33 [38;5;009m[ERROR]: [0mThis is a error message from thread 2918-09-2026 00:29:33 [38;5;117m[DEBUG]: [0mThis is a debug message from thread 1418-09-2026 00:29:33 [38;5;009m[ERROR]: [0mThis is a error message from thread 2418-09-2026 00:29:33 [38;5;015m[INFO]: [0mThis is a info message from thread 2818-09-2026 00:29:33 [38;5;009m[ERROR]: [0mThis is a error message from thread 1918-09-2026 00:29:33 [38;5;015m[INFO]: [0mThis is a info message from thread 1418-09-2026 00:29:33 [38;5;009m[ERROR]: [0mThis is a error message from thread 1218-09-2026 00:29:33 [38;5;015m[INFO]: [0mThis is a info message from thread 318-09-2026 00:29:33 [38;5;117m[DEBUG]: [0mThis is a debug message from thread 1918-09-2026 00:29:33 [38;5;117m[DEBUG]: [0mThis is a debug message from thread 2418-09-2026 00:29:33 [38;5;117m[DEBUG]: [0mThis is a debug message from thread 2918-09-2026 00:29:33 [38;5;117m[DEBUG]: [0mThis is a debug message from thread 1118-09-2026 00:29:33 [38;5;015m[INFO]: [0mThis is a info message from thread 1118-09-2026 00:29:33 [38;5;015m[INFO]: [0mThis is a info message from thread 2918-09-2026 00:29:33 [38;5;009m[ERROR]: [0mThis is a error message from thread 2818-09-2026 00:29:33 [38;5;009m[ERROR]: [0mThis is a error message from thread 318-09-2026 00:29:33 [38;5;117m[DEBUG]: [0mThis is a debug message from thread 2318-09-2026 00:29:33 [38;5;009m[ERROR]: [0mThis is a error message from thread 818-09-2026 00:29:33 [38;5;015m[INFO]: [0mThis is a info message from thread 2218-09-2026 00:29:33 [38;5;015m[INFO]: [0mThis is a info message from thread 2018-09-2026 00:29:33 [38;5;015m[INFO]: [0mThis is a info message from thread 018-09-2026 00:29:33 [38;5;009m[ERROR]: [0mThis is a error message from thread 2618-09-2026 00:29:33 [38;5;015m[INFO]: [0mThis is a info message from thread 2318-09-2026 00:29:33 [38;5;117m[DEBUG]: [0mThis is a debug message from thread 618-09-2026 00:29:33 [38;5;117m[DEBUG]: [0mThis is a debug message from thread 1818-09-2026 00:29:33 [38;5;117m[DEBUG]: [0mThis is a debug message from thread 418-09-2026 00:29:33 [38;5;009m[ERROR]: [0mThis is a error message from thread 1118-09-2026 00:29:33 [38;5;117m[DEBUG]: [0mThis is a debug message from thread 2818-09-2026 00:29:33 [38;5;117m[DEBUG]: [0mThis is a debug message from thread 1718-09-2026 00:29:33 [38;5;009m[ERROR]: [0mThis is a error message from thread 1618-09-2026 00:29:33 [38;5;015m[INFO]: [0mThis is a info message from thread 1918-09-2026 00:29:33 [38;5;009m[ERROR]: [0mThis is a error message from thread 2718-09-2026 00:29:33 [38;5;009m[ERROR]: [0mThis is a error message from thread 2318-09-2026 00:29:33 [38;5;117m[DEBUG]: [0mThis is a debug message from thread 818-09-2026 00:29:33 [38;5;015m[INFO]: [0mThis is a info message from thread 1018-09-2026 00:29:33 [38;5;009m[ERROR]: [0mThis is a error message from thread 518-09-2026 00:29:33 [38;5;015m[INFO]: [0mThis is a info message from thread 418-09-2026 00:29:33 [38;5;117m[DEBUG]: [0mThis is a debug message from thread 2318-09-2026 00:29:33 [38;5;015m[INFO]: [0mThis is a info message from thread 818-09-2026 00:29:33 [38;5;117m[DEBUG]: [0mThis is a debug message from thread 1118-09-2026 00:29:33 [38;5;117m[DEBUG]: [0mThis is a debug message from thread 718-09-2026 00:29:33 [38;5;009m[ERROR]: [0mThis is a error message from thread 1918-09-2026 00:29:33 [38;5;015m[INFO]: [0mThis is a info message from thread 1718-09-2026 00:29:33 [38;5;009m[ERROR]: [0mThis is a error message from thread 118-09-2026 00:29:33 [38;5;009m[ERROR]: [0mThis is a error message from thread 418-09-2026 00:29:33 [38;5;009m[ERROR]: [0mThis is a error message from thread 218-09-2026 00:29:33 [38;5;009m[ERROR]: [0mThis is a error message from thread 1318-09-2026 00:29:33 [38;5;009m[ERROR]: [0mThis is a error message from thread 818-09-2026 00:29:33 [38;5;117m[DEBUG]: [0mThis is a debug message from thread 218-09-2026 00:29:33 [38;5;015m[INFO]: [0mThis is a info message from thread 1118-09-2026 00:29:33 [38;5;117m[DEBUG]: [0mThis is a debug message from thread 418-09-2026 00:29:33 [38;5;009m[ERROR]: [0mThis is a error message from thread 1118-09-2026 00:29:33 [38;5;015m[INFO]: [0mThis is a info message from thread 418-09-2026 00:29:33 [38;5;117m[DEBUG]: [0mThis is a debug message from thread 118-09-2026 00:29:33 [38;5;117m[DEBUG]: [0mThis is a debug message from thread 1918-09-2026 00:29:33 [38;5;009m[ERROR]: [0mThis is a error message from thread 018-09-2026 00:29:33 [38;5;015m[INFO]: [0mThis is a info message from thread 2318-09-2026 00:29:33 [38;5;015m[INFO]: [0mThis is a info message from thread 1918-09-2026 00:29:33 [38;5;117m[DEBUG]: [0mThis is a debug message from thread 1518-09-2026 00:29:33 [38;5;117m[DEBUG]: [0mThis is a debug message from thread 018-09-2026 00:29:33 [38;5;009m[ERROR]: [0mThis is a error message from thread 2018-09-2026 00:29:33 [38;5;117m[DEBUG]: [0mThis is a debug message from thread 2118-09-2026 00:29:33 [38;5;015m[INFO]: [0mThis is a info message from thread 118-09-2026 00:29:33 [38;5;009m[ERROR]: [0mThis is a error message from thread 1918-09-2026 00:29:33 [38;5;009m[ERROR]: [0mThis is a error message from thread 918-09-2026 00:29:33 [38;5;015m[INFO]: [0mThis is a info message from thread 018-09-2026 00:29:33 [38;5;117m[DEBUG]: [0mThis is a debug message from thread 2018-09-2026 00:29:33 [38;5;009m[ERROR]: [0mThis is a error message from thread 2318-09-2026 00:29:33 [38;5;117m[DEBUG]: [0mThis is a debug message from thread 1318-09-2026 00:29:33 [38;5;009m[ERROR]: [0mThis is a error message from thread 018-09-2026 00:29:33 [38;5;009m[ERROR]: [0mThis is a error message from thread 1718-09-2026 00:29:33 [38;5;015m[INFO]: [0mThis is a info message from thread 2518-09-2026 00:29:33 [38;5;117m[DEBUG]: [0mThis is a debug message from thread 2618-09-2026 00:29:33 [38;5;009m[ERROR]: [0mThis is a error message from thread 1418-09-2026 00:29:33 [38;5;015m[INFO]: [0mThis is a info message from thread 2018-09-2026 00:29:33 [38;5;117m[DEBUG]: [0mThis is a debug message from thread 1418-09-2026 00:29:33 [38;5;015m[INFO]: [0mThis is a info message from thread 218-09-2026 00:29:33 [38;5;015m[INFO]: [0mThis is a info message from thread 1518-09-2026 00:29:33 [38;5;015m[INFO]: [0mThis is a info message from thread 2618-09-2026 00:29:33 [38;5;117m[DEBUG]: [0mThis is a debug message from thread 918-09-2026 00:29:33 [38;5;117m[DEBUG]: [0mThis is a debug message from thread 818-09-2026 00:29:33 [38;5;009m[ERROR]: [0mThis is a error message from thread 1518-09-2026 00:29:33 [38;5;009m[ERROR]: [0mThis is a error message from thread 2618-09-2026 00:29:33 [38;5;015m[INFO]: [0mThis is a info message from thread 918-09-2026 00:29:33 [38;5;015m[INFO]: [0mThis is a info message from thread 818-09-2026 00:29:33 [38;5;117m[DEBUG]: [0mThis is a debug message from thread 1518-09-2026 00:29:33 [38;5;009m[ERROR]: [0mThis is a error message from thread 918-09-2026 00:29:33 [38;5;117m[DEBUG]: [0mThis is a debug message from thread 2618-09-2026 00:29:33 [38;5;009m[ERROR]: [0mThis is a error message from thread 2918-09-2026 00:29:33 [38;5;009m[ERROR]: [0mThis is a error message from thread 2018-09-2026 00:29:33 [38;5;009m[ERROR]: [0mThis is a error message from thread 818-09-2026 00:29:33 [38;5;009m[ERROR]: [0mThis is a error message from thread 1018-09-2026 00:29:33 [38;5;015m[INFO]: [0mThis is a info message from thread 2118-09-2026 00:29:33 [38;5;117m[DEBUG]: [0mThis is a debug message from thread 2718-09-2026 00:29:33 [38;5;015m[INFO]: [0mThis is a info message from thread 618-09-2026 00:29:33 [38;5;015m[INFO]: [0mThis is a info message from thread 1818-09-2026 00:29:33 [38;5;015m[INFO]: [0mThis is a info message from thread 1418-09-2026 00:29:33 [38;5;117m[DEBUG]: [0mThis is a debug message from thread 2918-09-2026 00:29:33 [38;5;015m[INFO]: [0mThis is a info message from thread 2818-09-2026 00:29:33 [38;5;117m[DEBUG]: [0mThis is a debug message from thread 918-09-2026 00:29:33 [38;5;009m[ERROR]: [0mThis is a error message from thread 218-09-2026 00:29:33 [38;5;117m[DEBUG]: [0mThis is a debug message from thread 1718-09-2026 00:29:33 [38;5;015m[INFO]: [0mThis is a info message from thread 1518-09-2026 00:29:33 [38;5;009m[ERROR]: [0mThis is a error message from thread 418-09-2026 00:29:33 [38;5;117m[DEBUG]: [0mThis is a debug message from thread 1618-09-2026 00:29:33 [38;5;117m[DEBUG]: [0mThis is a debug message from thread 1118-09-2026 00:29:33 [38;5;117m[DEBUG]: [0mThis is a debug message from thread 1918-09-2026 00:29:33 [38;5;015m[INFO]: [0mThis is a info message from thread 718-09-2026 00:29:33 [38;5;015m[INFO]: [0mThis is a info message from thread 1318-09-2026 00:29:33 [38;5;117m[DEBUG]: [0mThis is a debug message from thread 418-09-2026 00:29:33 [38;5;009m[ERROR]: [0mThis is a error message from thread 718-09-2026 00:29:33 [38;5;015m[INFO]: [0mThis is a info message from thread 1918-09-2026 00:29:33 [38;5;009m[ERROR]: [0mThis is a error message from thread 2518-09-2026 00:29:33 [38;5;009m[ERROR]: [0mThis is a error message from thread 2818-09-2026 00:29:33 [38;5;117m[DEBUG]: [0mThis is a debug message from thread 2318-09-2026 00:29:33 [38;5;015m[INFO]: [0mThis is a info message from thread 418-09-2026 00:29:33 [38;5;009m[ERROR]: [0mThis is a error message from thread 118-09-2026 00:29:33 [38;5;117m[DEBUG]: [0mThis is a debug message from thread 718-09-2026 00:29:33 [38;5;117m[DEBUG]: [0mThis is a debug message from thread 518-09-2026 00:29:33 [38;5;009m[ERROR]: [0mThis is a error message from thread 1818-09-2026 00:29:33 [38;5;015m[INFO]: [0mThis is a info message from thread 1118-09-2026 00:29:33 [38;5;117m[DEBUG]: [0mThis is a debug message from thread 2518-09-2026 00:29:33 [38;5;015m[INFO]: [0mThis is a info message from thread 2418-09-2026 00:29:33 [38;5;015m[INFO]: [0mThis is a info message from thread 2918-09-2026 00:29:33 [38;5;015m[INFO]: [0mThis is a info message from thread 518-09-2026 00:29:33 [38;5;015m[INFO]: [0mThis is a info message from thread 718-09-2026 00:29:33 [38;5;009m[ERROR]: [0mThis is a error message from thread 1418-09-2026 00:29:33 [38;5;015m[INFO]: [0mThis is a info message from thread 918-09-2026 00:29:33 [38;5;009m[ERROR]: [0mThis is a error message from thread 2218-09-2026 00:29:33 [38;5;009m[ERROR]: [0mThis is a error message from thread 1518-09-2026 00:29:33 [38;5;009m[ERROR]: [0mThis is a error message from thread 718-09-2026 00:29:33 [38;5;015m[INFO]: [0mThis is a info message from thread 2618-09-2026 00:29:33 [38;5;117m[DEBUG]: [0mThis is a debug message from thread 1218-09-2026 00:29:33 [38;5;009m[ERROR]: [0mThis is a error message from thread 1318-09-2026 00:29:33 [38;5;009m[ERROR]: [0mThis is a error message from thread 2918-09-2026 00:29:33 [38;5;117m[DEBUG]: [0mThis is a debug message from thread 1518-09-2026 00:29:33 [38;5;015m[INFO]: [0mThis is a info message from thread 2518-09-2026 00:29:33 [38;5;117m[DEBUG]: [0mThis is a debug message from thread 2018-09-2026 00:29:33 [38;5;117m[DEBUG]: [0mThis is a debug message from thread 2818-09-2026 00:29:33 [38;5;009m[ERROR]: [0mThis is a error message from thread 2618-09-2026 00:29:33 [38;5;009m[ERROR]: [0mThis is a error message from thread 918-09-2026 00:29:33 [38;5;015m[INFO]: [0mThis is a info message from thread 2018-09-2026 00:29:33 [38;5;015m[INFO]: [0mThis is a info message from thread 1718-09-2026 00:29:33 [38;5;009m[ERROR]: [0mThis is a error message from thread 618-09-2026 00:29:33 [38;5;009m[ERROR]: [0mThis is a error message from thread 2118-09-2026 00:29:33 [38;5;015m[INFO]: [0mThis is a info message from thread 2818-09-2026 00:29:33 [38;5;117m[DEBUG]: [0mThis is a debug message from thread 218-09-2026 00:29:33 [38;5;009m[ERROR]: [0mThis is a error message from thread 518-09-2026 00:29:33 [38;5;117m[DEBUG]: [0mThis is a debug message from thread 318-09-2026 00:29:33 [38;5;015m[INFO]: [0mThis is a info message from thread 1218-09-2026 00:29:33 [38;5;117m[DEBUG]: [0mThis is a debug message from thread 1318-09-2026 00:29:33 [38;5;117m[DEBUG]: [0mThis is a debug message from thread 518-09-2026 00:29:33 [38;5;117m[DEBUG]: [0mThis is a debug message from thread 2218-09-2026 00:29:33 [38;5;015m[INFO]: [0mThis is a info message from thread 2318-09-2026 00:29:33 [38;5;117m[DEBUG]: [0mThis is a debug message from thread 2118-09-2026 00:29:33 [38;5;015m[INFO]: [0mThis is a info message from thread 1318-09-2026 00:29:33 [38;5;015m[INFO]: [0mThis is a info message from thread 218-09-2026 00:29:33 [38;5;015m[INFO]: [0mThis is a info message from thread 318-09-2026 00:29:33 [38;5;015m[INFO]: [0mThis is a info message from thread 2218-09-2026 00:29:33 [38;5;015m[INFO]: [0mThis is a info message from thread 518-09-2026 00:29:33 [38;5;009m[ERROR]: [0mThis is a error message from thread 2518-09-2026 00:29:33 [38;5;009m[ERROR]: [0mThis is a error message from thread 518-09-2026 00:29:33 [38;5;009m[ERROR]: [0mThis is a error message from thread 418-09-2026 00:29:33 [38;5;009m[ERROR]: [0mThis is a error message from thread 2818-09-2026 00:29:33 [38;5;117m[DEBUG]: [0mThis is a debug message from thread 018-09-2026 00:29:33 [38;5;009m[ERROR]: [0mThis is a error message from thread 1318-09-2026 00:29:33 [38;5;117m[DEBUG]: [0mThis is a debug message from thread 2818-09-2026 00:29:33 [38;5;117m[DEBUG]: [0mThis is a debug message from thread 518-09-2026 00:29:33 [38;5;117m[DEBUG]: [0mThis is a debug message from thread 1318-09-2026 00:29:33 [38;5;117m[DEBUG]: [0mThis is a debug message from thread 1418-09-2026 00:29:33 [38;5;015m[INFO]: [0mThis is a info message from thread 2718-09-2026 00:29:33 [38;5;015m[INFO]: [0mThis is a info message from thread 1618-09-2026 00:29:33 [38;5;009m[ERROR]: [0mThis is a error message from thread 318-09-2026 00:29:33 [38;5;015m[INFO]: [0mThis is a info message from thread 2118-09-2026 00:29:33 [38;5;117m[DEBUG]: [0mThis is a debug message from thread 1018-09-2026 00:29:33 [38;5;015m[INFO]: [0mThis is a info message from thread 518-09-2026 00:29:33 [38;5;009m[ERROR]: [0mThis is a error message from thread 2418-09-2026 00:29:33 [38;5;009m[ERROR]: [0mThis is a error message from thread 218-09-2026 00:29:33 [38;5;117m[DEBUG]: [0mThis is a debug message from thread 2918-09-2026 00:29:33 [38;5;009m[ERROR]: [0mThis is a error message from thread 2318-09-2026 00:29:33 [38;5;015m[INFO]: [0mThis is a info message from thread 2918-09-2026 00:29:33 [38;5;009m[ERROR]: [0mThis is a error message from thread 1618-09-2026 00:29:33 [38;5;117m[DEBUG]: [0mThis is a debug message from thread 2318-09-2026 00:29:33 [38;5;009m[ERROR]: [0mThis is a error message from thread 2118-09-2026 00:29:33 [38;5;117m[DEBUG]: [0mThis is a debug message from thread 218-09-2026 00:29:33 [38;5;009m[ERROR]: [0mThis is a error message from thread 518-09-2026 00:29:33 [38;5;117m[DEBUG]: [0mThis is a debug message from thread 1618-09-2026 00:29:33 [38;5;117m[DEBUG]: [0mThis is a debug message from thread 2518-09-2026 00:29:33 [38;5;015m[INFO]: [0mThis is a info message from thread 2318-09-2026 00:29:33 [38;5;015m[INFO]: [0mThis is a info message from thread 1318-09-2026 00:29:33 [38;5;009m[ERROR]: [0mThis is a error message from thread 2318-09-2026 00:29:33 [38;5;009m[ERROR]: [0mThis is a error message from thread 2918-09-2026 00:29:33 [38;5;117m[DEBUG]: [0mThis is a debug message from thread 418-09-2026 00:29:33 [38;5;117m[DEBUG]: [0mThis is a debug message from thread 2118-09-2026 00:29:33 [38;5;015m[INFO]: [0mThis is a info message from thread 418-09-2026 00:29:33 [38;5;117m[DEBUG]: [0mThis is a debug message from thread 2318-09-2026 00:29:33 [38;5;117m[DEBUG]: [0mThis is a debug message from thread 2918-09-2026 00:29:33 [38;5;117m[DEBUG]: [0mThis is a debug message from thread 518-09-2026 00:29:33 [38;5;117m[DEBUG]: [0mThis is a debug message from thread 718-09-2026 00:29:33 [38;5;117m[DEBUG]: [0mThis is a debug message from thread 2418-09-2026 00:29:33 [38;5;015m[INFO]: [0mThis is a info message from thread 2318-09-2026 00:29:33 [38;5;015m[INFO]: [0mThis is a info message from thread 218-09-2026 00:29:33 [38;5;009m[ERROR]: [0mThis is a error message from thread 418-09-2026 00:29:33 [38;5;009m[ERROR]: [0mThis is a error message from thread 218-09-2026 00:29:33 [38;5;009m[ERROR]: [0mThis is a error message from thread 1318-09-2026 00:29:33 [38;5;015m[INFO]: [0mThis is a info message from thread 718-09-2026 00:29:33 [38;5;009m[ERROR]: [0mThis is a error message from thread 2318-09-2026 00:29:33 [38;5;117m[DEBUG]: [0mThis is a debug message from thread 418-09-2026 00:29:33 [38;5;015m[INFO]: [0mThis is a info message from thread 418-09-2026 00:29:33 [38;5;015m[INFO]: [0mThis is a info message from thread 518-09-2026 00:29:33 [38;5;009m[ERROR]: [0mThis is a error message from thread 1718-09-2026 00:29:33 [38;5;009m[ERROR]: [0mThis is a error message from thread 2718-09-2026 00:29:33 [38;5;009m[ERROR]: [0mThis is a error message from thread 418-09-2026 00:29:33 [38;5;117m[DEBUG]: [0mThis is a debug message from thread 318-09-2026 00:29:33 [38;5;117m[DEBUG]: [0mThis is a debug message from thread 418-09-2026 00:29:33 [38;5;117m[DEBUG]: [0mThis is a debug message from thread 818-09-2026 00:29:33 [38;5;015m[INFO]: [0mThis is a info message from thread 018-09-2026 00:29:33 [38;5;117m[DEBUG]: [0mThis is a debug message from thread 1818-09-2026 00:29:33 [38;5;117m[DEBUG]: [0mThis is a debug message from thread 1718-09-2026 00:29:33 [38;5;015m[INFO]: [0mThis is a info message from thread 1418-09-2026 00:29:33 [38;5;117m[DEBUG]: [0mThis is a debug message from thread 918-09-2026 00:29:33 [38;5;015m[INFO]: [0mThis is a info message from thread 2118-09-2026 00:29:33 [38;5;015m[INFO]: [0mThis is a info message from thread 1718-09-2026 00:29:33 [38;5;009m[ERROR]: [0mThis is a error message from thread 2018-09-2026 00:29:33 [38;5;117m[DEBUG]: [0mThis is a debug message from thread 1318-09-2026 00:29:33 [38;5;117m[DEBUG]: [0mThis is a debug message from thread 2618-09-2026 00:29:33 [38;5;009m[ERROR]: [0mThis is a error message from thread 2118-09-2026 00:29:33 [38;5;015m[INFO]: [0mThis is a info message from thread 1618-09-2026 00:29:33 [38;5;015m[INFO]: [0mThis is a info message from thread 1318-09-2026 00:29:33 [38;5;015m[INFO]: [0mThis is a info message from thread 1818-09-2026 00:29:33 [38;5;117m[DEBUG]: [0mThis is a debug message from thread 2118-09-2026 00:29:33 [38;5;009m[ERROR]: [0mThis is a error message from thread 1718-09-2026 00:29:33 [38;5;009m[ERROR]: [0mThis is a error message from thread 1118-09-2026 00:29:33 [38;5;015m[INFO]: [0mThis is a info message from thread 2118-09-2026 00:29:33 [38;5;015m[INFO]: [0mThis is a info message from thread 2818-09-2026 00:29:33 [38;5;117m[DEBUG]: [0mThis is a debug message from thread 2018-09-2026 00:29:33 [38;5;009m[ERROR]: [0mThis is a error message from thread 2218-09-2026 00:29:33 [38;5;009m[ERROR]: [0mThis is a error message from thread 1818-09-2026 00:29:33 [38;5;117m[DEBUG]: [0mThis is a debug message from thread 1118-09-2026 00:29:33 [38;5;117m[DEBUG]: [0mThis is a debug message from thread 1718-09-2026 00:29:33 [38;5;009m[ERROR]: [0mThis is a error message from thread 018-09-2026 00:29:33 [38;5;009m[ERROR]: [0mThis is a error message from thread 2818-09-2026 00:29:33 [38;5;015m[INFO]: [0mThis is a info message from thread 2018-09-2026 00:29:33 [38;5;009m[ERROR]: [0mThis is a error message from thread 1618-09-2026 00:29:33 [38;5;117m[DEBUG]: [0mThis is a debug message from thread 2218-09-2026 00:29:33 [38;5;015m[INFO]: [0mThis is a info message from thread 918-09-2026 00:29:33 [38;5;009m[ERROR]: [0mThis is a error message from thread 2118-09-2026 00:29:33 [38;5;015m[INFO]: [0mThis is a info message from thread 2618-09-2026 00:29:33 [38;5;015m[INFO]: [0mThis is a info message from thread 818-09-2026 00:29:33 [38;5;009m[ERROR]: [0mThis is a error message from thread 718-09-2026 00:29:33 [38;5;009m[ERROR]: [0mThis is a error message from thread 1218-09-2026 00:29:33 [38;5;015m[INFO]: [0mThis is a info message from thread 418-09-2026 00:29:33 [38;5;117m[DEBUG]: [0mThis is a debug message from thread 2818-09-2026 00:29:33 [38;5;117m[DEBUG]: [0mThis is a debug message from thread 2118-09-2026 00:29:33 [38;5;117m[DEBUG]: [0mThis is a debug message from thread 018-09-2026 00:29:33 [38;5;015m[INFO]: [0mThis is a info message from thread 1118-09-2026 00:29:33 [38;5;015m[INFO]: [0mThis is a info message from thread 1718-09-2026 00:29:33 [38;5;015m[INFO]: [0mThis is a info message from thread 1018-09-2026 00:29:33 [38;5;015m[INFO]: [0mThis is a info message from thread 2818-09-2026 00:29:33 [38;5;117m[DEBUG]: [0mThis is a debug message from thread 1618-09-2026 00:29:33 [38;5;009m[ERROR]: [0mThis is a error message from thread 418-09-2026 00:29:33 [38;5;117m[DEBUG]: [0mThis is a debug message from thread 1218-09-2026 00:29:33 [38;5;117m[DEBUG]: [0mThis is a debug message from thread 1818-09-2026 00:29:33 [38;5;009m[ERROR]: [0mThis is a error message from thread 2018-09-2026 00:29:33 [38;5;009m[ERROR]: [0mThis is a error message from thread 1918-09-2026 00:29:33 [38;5;009m[ERROR]: [0mThis is a error message from thread 818-09-2026 00:29:33 [38;5;009m[ERROR]: [0mThis is a error message from thread 2618-09-2026 00:29:33 [38;5;117m[DEBUG]: [0mThis is a debug message from thread 418-09-2026 00:29:33 [38;5;117m[DEBUG]: [0mThis is a debug message from thread 2718-09-2026 00:29:33 [38;5;009m[ERROR]: [0mThis is a error message from thread 518-09-2026 00:29:33 [38;5;015m[INFO]: [0mThis is a info message from thread 2518-09-2026 00:29:33 [38;5;009m[ERROR]: [0mThis is a error message from thread 1318-09-2026 00:29:33 [38;5;009m[ERROR]: [0mThis is a error message from thread 1118-09-2026 00:29:33 [38;5;015m[INFO]: [0mThis is a info message from thread 418-09-2026 00:29:33 [38;5;117m[DEBUG]: [0mThis is a debug message from thread 818-09-2026 00:29:33 [38;5;117m[DEBUG]: [0mThis is a debug message from thread 1318-09-2026 00:29:33 [38;5;117m[DEBUG]: [0mThis is a debug message from thread 518-09-2026 00:29:33 [38;5;009m[ERROR]: [0mThis is a error message from thread 1418-09-2026 00:29:33 [38;5;015m[INFO]: [0mThis is a info message from thread 1218-09-2026 00:29:33 [38;5;117m[DEBUG]: [0mThis is a debug message from thread 218-09-2026 00:29:33 [38;5;015m[INFO]: [0mThis is a info message from thread 018-09-2026 00:29:33 [38;5;015m[INFO]: [0mThis is a info message from thread 1318-09-2026 00:29:33 [38;5;117m[DEBUG]: [0mThis is a debug message from thread 2318-09-2026 00:29:33 [38;5;117m[DEBUG]: [0mThis is a debug message from thread 2618-09-2026 00:29:33 [38;5;117m[DEBUG]: [0mThis is a debug message from thread 618-09-2026 00:29:33 [38;5;015m[INFO]: [0mThis is a info message from thread 2218-09-2026 00:29:33 [38;5;015m[INFO]: [0mThis is a info message from thread 818-09-2026 00:29:33 [38;5;009m[ERROR]: [0mThis is a error message from thread 018-09-2026 00:29:33 [38;5;015m[INFO]: [0mThis is a info message from thread 1818-09-2026 00:29:33 [38;5;015m[INFO]: [0mThis is a info message from thread 318-09-2026 00:29:33 [38;5;009m[ERROR]: [0mThis is a error message from thread 918-09-2026 00:29:33 [38;5;117m[DEBUG]: [0mThis is a debug message from thread 1118-09-2026 00:29:33 [38;5;015m[INFO]: [0mThis is a info message from thread 2318-09-2026 00:29:33 [38;5;015m[INFO]: [0mThis is a info message from thread 1118-09-2026 00:29:33 [38;5;117m[DEBUG]: [0mThis is a debug message from thread 2018-09-2026 00:29:33 [38;5;015m[INFO]: [0mThis is a info message from thread 218-09-2026 00:29:33 [38;5;015m[INFO]: [0mThis is a info message from thread 2718-09-2026 00:29:33 [38;5;015m[INFO]: [0mThis is a info message from thread 2118-09-2026 00:29:33 [38;5;015m[INFO]: [0mThis is a info message from thread 2618-09-2026 00:29:33 [38;5;009m[ERROR]: [0mThis is a error message from thread 1818-09-2026 00:29:33 [38;5;009m[ERROR]: [0mThis is a error message from thread 2318-09-2026 00:29:33 [38;5;117m[DEBUG]: [0mThis is a debug message from thread 1918-09-2026 00:29:33 [38;5;015m[INFO]: [0mThis is a info message from thread 1518-09-2026 00:29:33 [38;5;009m[ERROR]: [0mThis is a error message from thread 318-09-2026 00:29:33 [38;5;009m[ERROR]: [0mThis is a error message from thread 2618-09-2026 00:29:33 [38;5;009m[ERROR]: [0mThis is a error message from thread 218-09-2026 00:29:33 [38;5;009m[ERROR]: [0mThis is a error message from thread 2118-09-2026 00:29:33 [38;5;009m[ERROR]: [0mThis is a error message from thread 818-09-2026 00:29:33 [38;5;117m[DEBUG]: [0mThis is a debug message from thread 2618-09-2026 00:29:33 [38;5;117m[DEBUG]: [0mThis is a debug message from thread 318-09-2026 00:29:33 [38;5;015m[INFO]: [0mThis is a info message from thread 518-09-2026 00:29:33 [38;5;117m[DEBUG]: [0mThis is a debug message from thread 218-09-2026 00:29:33 [38;5;009m[ERROR]: [0mThis is a error message from thread 1518-09-2026 00:29:33 [38;5;009m[ERROR]: [0mThis is a error message from thread 2718-09-2026 00:29:33 [38;5;117m[DEBUG]: [0mThis is a debug message from thread 118-09-2026 00:29:33 [38;5;117m[DEBUG]: [0mThis is a debug message from thread 2118-09-2026 00:29:33 [38;5;117m[DEBUG]: [0mThis is a debug message from thread 1518-09-2026 00:29:33 [38;5;015m[INFO]: [0mThis is a info message from thread 318-09-2026 00:29:33 [38;5;009m[ERROR]: [0mThis is a error message from thread 518-09-2026 00:29:33 [38;5;015m[INFO]: [0mThis is a info message from thread 2118-09-2026 00:29:33 [38;5;117m[DEBUG]: [0mThis is a debug message from thread 818-09-2026 00:29:33 [38;5;015m[INFO]: [0mThis is a info message from thread 218-09-2026 00:29:33 [38;5;009m[ERROR]: [0mThis is a error message from thread 2518-09-2026 00:29:33 [38;5;009m[ERROR]: [0mThis is a error message from thread 1218-09-2026 00:29:33 [38;5;009m[ERROR]: [0mThis is a error message from thread 1318-09-2026 00:29:33 [38;5;009m[ERROR]: [0mThis is a error message from thread 1118-09-2026 00:29:33 [38;5;009m[ERROR]: [0mThis is a error message from thread 2818-09-2026 00:29:33 [38;5;009m[ERROR]: [0mThis is a error message from thread 218-09-2026 00:29:33 [38;5;009m[ERROR]: [0mThis is a error message from thread 1018-09-2026 00:29:33 [38;5;117m[DEBUG]: [0mThis is a debug message from thread 1118-09-2026 00:29:33 [38;5;009m[ERROR]: [0mThis is a error message from thread 2118-09-2026 00:29:33 [38;5;009m[ERROR]: [0mThis is a error message from thread 418-09-2026 00:29:33 [38;5;117m[DEBUG]: [0mThis is a debug message from thread 218-09-2026 00:29:33 [38;5;009m[ERROR]: [0mThis is a error message from thread 318-09-2026 00:29:33 [38;5;117m[DEBUG]: [0mThis is a debug message from thread 2818-09-2026 00:29:33 [38;5;015m[INFO]: [0mThis is a info message from thread 2618-09-2026 00:29:33 [38;5;015m[INFO]: [0mThis is a info message from thread 1518-09-2026 00:29:33 [38;5;117m[DEBUG]: [0mThis is a debug message from thread 718-09-2026 00:29:33 [38;5;015m[INFO]: [0mThis is a info message from thread 1618-09-2026 00:29:33 [38;5;009m[ERROR]: [0mThis is a error message from thread 1518-09-2026 00:29:33 [38;5;117m[DEBUG]: [0mThis is a debug message from thread 918-09-2026 00:29:33 [38;5;117m[DEBUG]: [0mThis is a debug message from thread 2518-09-2026 00:29:33 [38;5;015m[INFO]: [0mThis is a info message from thread 818-09-2026 00:29:33 [38;5;015m[INFO]: [0mThis is a info message from thread 1118-09-2026 00:29:33 [38;5;009m[ERROR]: [0mThis is a error message from thread 2618-09-2026 00:29:33 [38;5;009m[ERROR]: [0mThis is a error message from thread 1618-09-2026 00:29:33 [38;5;117m[DEBUG]: [0mThis is a debug message from thread 2618-09-2026 00:29:33 [38;5;117m[DEBUG]: [0mThis is a debug message from thread 2118-09-2026 00:29:33 [38;5;015m[INFO]: [0mThis is a info message from thread 2618-09-2026 00:29:33 [38;5;009m[ERROR]: [0mThis is a error message from thread 2218-09-2026 00:29:33 [38;5;015m[INFO]: [0mThis is a info message from thread 2818-09-2026 00:29:33 [38;5;117m[DEBUG]: [0mThis is a debug message from thread 318-09-2026 00:29:33 [38;5;015m[INFO]: [0mThis is a info message from thread 218-09-2026 00:29:33 [38;5;117m[DEBUG]: [0mThis is a debug message from thread 2318-09-2026 00:29:33 [38;5;009m[ERROR]: [0mThis is a error message from thread 1718-09-2026 00:29:33 [38;5;015m[INFO]: [0mThis is a info message from thread 2918-09-2026 00:29:33 [38;5;117m[DEBUG]: [0mThis is a debug message from thread 1418-09-2026 00:29:33 [38;5;117m[DEBUG]: [0mThis is a debug message from thread 018-09-2026 00:29:33 [38;5;117m[DEBUG]: [0mThis is a debug message from thread 2218-09-2026 00:29:33 [38;5;015m[INFO]: [0mThis is a info message from thread 918-09-2026 00:29:33 [38;5;015m[INFO]: [0mThis is a info message from thread 2518-09-2026 00:29:33 [38;5;009m[ERROR]: [0mThis is a error message from thread 2818-09-2026 00:29:33 [38;5;015m[INFO]: [0mThis is a info message from thread 018-09-2026 00:29:33 [38;5;015m[INFO]: [0mThis is a info message from thread 318-09-2026 00:29:33 [38;5;117m[DEBUG]: [0mThis is a debug message from thread 1718-09-2026 00:29:33 [38;5;009m[ERROR]: [0mThis is a error message from thread 1118-09-2026 00:29:33 [38;5;117m[DEBUG]: [0mThis is a debug message from thread 1818-09-2026 00:29:33 [38;5;015m[INFO]: [0mThis is a info message from thread 2118-09-2026 00:29:33 [38;5;015m[INFO]: [0mThis is a info message from thread 1818-09-2026 00:29:33 [38;5;015m[INFO]: [0mThis is a info message from thread 2218-09-2026 00:29:33 [38;5;117m[DEBUG]: [0mThis is a debug message from thread 418-09-2026 00:29:33 [38;5;009m[ERROR]: [0mThis is a error message from thread 218-09-2026 00:29:33 [38;5;009m[ERROR]: [0mThis is a error message from thread 1818-09-2026 00:29:33 [38;5;015m[INFO]: [0mThis is a info message from thread 2318-09-2026 00:29:33 [38;5;015m[INFO]: [0mThis is a info message from thread 418-09-2026 00:29:33 [38;5;117m[DEBUG]: [0mThis is a debug message from thread 218-09-2026 00:29:33 [38;5;015m[INFO]: [0mThis is a info message from thread 218-09-2026 00:29:33 [38;5;015m[INFO]: [0mThis is a info message from thread 718-09-2026 00:29:33 [38;5;009m[ERROR]: [0mThis is a error message from thread 218-09-2026 00:29:33 [38;5;009m[ERROR]: [0mThis is a error message from thread 718-09-2026 00:29:33 [38;5;117m[DEBUG]: [0mThis is a debug message from thread 218-09-2026 00:29:33 [38;5;117m[DEBUG]: [0mThis is a debug message from thread 1218-09-2026 00:29:33 [38;5;015m[INFO]: [0mThis is a info message from thread 218-09-2026 00:29:33 [38;5;015m[INFO]: [0mThis is a info message from thread 1218-09-2026 00:29:33 [38;5;015m[INFO]: [0mThis is a info message from thread 1718-09-2026 00:29:33 [38;5;009m[ERROR]: [0mThis is a error message from thread 1218-09-2026 00:29:33 [38;5;117m[DEBUG]: [0mThis is a debug message from thread 1218-09-2026 00:29:33 [38;5;117m[DEBUG]: [0mThis is a debug message from thread 2718-09-2026 00:29:33 [38;5;009m[ERROR]: [0mThis is a error message from thread 1718-09-2026 00:29:33 [38;5;015m[INFO]: [0mThis is a info message from thread 1218-09-2026 00:29:33 [38;5;015m[INFO]: [0mThis is a info message from thread 2718-09-2026 00:29:33 [38;5;117m[DEBUG]: [0mThis is a debug message from thread 1118-09-2026 00:29:33 [38;5;009m[ERROR]: [0mThis is a error message from thread 1218-09-2026 00:29:33 [38;5;009m[ERROR]: [0mThis is a error message from thread 2718-09-2026 00:29:33 [38;5;009m[ERROR]: [0mThis is a error message from thread 2518-09-2026 00:29:33 [38;5;015m[INFO]: [0mThis is a info message from thread 1118-09-2026 00:29:33 [38;5;117m[DEBUG]: [0mThis is a debug message from thread 2518-09-2026 00:29:33 [38;5;009m[ERROR]: [0mThis is a error message from thread 2118-09-2026 00:29:33 [38;5;015m[INFO]: [0mThis is a info message from thread 2518-09-2026 00:29:33 [38;5;117m[DEBUG]: [0mThis is a debug message from thread 2718-09-2026 00:29:33 [38;5;117m[DEBUG]: [0mThis is a debug message from thread 518-09-2026 00:29:33 [38;5;117m[DEBUG]: [0mThis is a debug message from thread 1618-09-2026 00:29:33 [38;5;117m[DEBUG]: [0mThis is a debug message from thread 2118-09-2026 00:29:33 [38;5;015m[INFO]: [0mThis is a info message from thread 518-09-2026 00:29:33 [38;5;015m[INFO]: [0mThis is a info message from thread 2718-09-2026 00:29:33 [38;5;009m[ERROR]: [0mThis is a error message from thread 2218-09-2026 00:29:33 [38;5;015m[INFO]: [0mThis is a info message from thread 1618-09-2026 00:29:33 [38;5;015m[INFO]: [0mThis is a info message from thread 2118-09-2026 00:29:33 [38;5;009m[ERROR]: [0mThis is a error message from thread 2118-09-2026 00:29:33 [38;5;117m[DEBUG]: [0mThis is a debug message from thread 2218-09-2026 00:29:33 [38;5;009m[ERROR]: [0mThis is a error message from thread 418-09-2026 00:29:33 [38;5;117m[DEBUG]: [0mThis is a debug message from thread 1518-09-2026 00:29:33 [38;5;117m[DEBUG]: [0mThis is a debug message from thread 418-09-2026 00:29:33 [38;5;009m[ERROR]: [0mThis is a error message from thread 2618-09-2026 00:29:33 [38;5;015m[INFO]: [0mThis is a info message from thread 418-09-2026 00:29:33 [38;5;015m[INFO]: [0mThis is a info message from thread 2018-09-2026 00:29:33 [38;5;117m[DEBUG]: [0mThis is a debug message from thread 2618-09-2026 00:29:33 [38;5;117m[DEBUG]: [0mThis is a debug message from thread 2118-09-2026 00:29:33 [38;5;009m[ERROR]: [0mThis is a error message from thread 2718-09-2026 00:29:33 [38;5;009m[ERROR]: [0mThis is a error message from thread 2018-09-2026 00:29:33 [38;5;015m[INFO]: [0mThis is a info message from thread 618-09-2026 00:29:33 [38;5;015m[INFO]: [0mThis is a info message from thread 1418-09-2026 00:29:33 [38;5;117m[DEBUG]: [0mThis is a debug message from thread 1318-09-2026 00:29:33 [38;5;117m[DEBUG]: [0mThis is a debug message from thread 2018-09-2026 00:29:33 [38;5;009m[ERROR]: [0mThis is a error message from thread 2918-09-2026 00:29:33 [38;5;015m[INFO]: [0mThis is a info message from thread 1918-09-2026 00:29:33 [38;5;015m[INFO]: [0mThis is a info message from thread 1318-09-2026 00:29:33 [38;5;117m[DEBUG]: [0mThis is a debug message from thread 1718-09-2026 00:29:33 [38;5;015m[INFO]: [0mThis is a info message from thread 2618-09-2026 00:29:33 [38;5;015m[INFO]: [0mThis is a info message from thread 2118-09-2026 00:29:33 [38;5;009m[ERROR]: [0mThis is a error message from thread 1318-09-2026 00:29:33 [38;5;015m[INFO]: [0mThis is a info message from thread 1718-09-2026 00:29:33 [38;5;009m[ERROR]: [0mThis is a error message from thread 2618-09-2026 00:29:33 [38;5;009m[ERROR]: [0mThis is a error message from thread 1918-09-2026 00:29:33 [38;5;117m[DEBUG]: [0mThis is a debug message from thread 1218-09-2026 00:29:33 [38;5;009m[ERROR]: [0mThis is a error message from thread 2118-09-2026 00:29:33 [38;5;117m[DEBUG]: [0mThis is a debug message from thread 1918-09-2026 00:29:33 [38;5;009m[ERROR]: [0mThis is a error message from thread 818-09-2026 00:29:33 [38;5;117m[DEBUG]: [0mThis is a debug message from thread 2118-09-2026 00:29:33 [38;5;117m[DEBUG]: [0mThis is a debug message from thread 1318-09-2026 00:29:33 [38;5;009m[ERROR]: [0mThis is a error message from thread 1718-09-2026 00:29:33 [38;5;015m[INFO]: [0mThis is a info message from thread 2118-09-2026 00:29:33 [38;5;009m[ERROR]: [0mThis is a error message from thread 2118-09-2026 00:29:33 [38;5;117m[DEBUG]: [0mThis is a debug message from thread 1718-09-2026 00:29:33 [38;5;015m[INFO]: [0mThis is a info message from thread 1318-09-2026 00:29:33 [38;5;015m[INFO]: [0mThis is a info message from thread 1918-09-2026 00:29:33 [38;5;015m[INFO]: [0mThis is a info message from thread 1718-09-2026 00:29:33 [38;5;015m[INFO]: [0mThis is a info message from thread 118-09-2026 00:29:33 [38;5;117m[DEBUG]: [0mThis is a debug message from thread 2118-09-2026 00:29:33 [38;5;009m[ERROR]: [0mThis is a error message from thread 1618-09-2026 00:29:33 [38;5;015m[INFO]: [0mThis is a info message from thread 2018-09-2026 00:29:33 [38;5;009m[ERROR]: [0mThis is a error message from thread 1418-09-2026 00:29:33 [38;5;009m[ERROR]: [0mThis is a error message from thread 218-09-2026 00:29:33 [38;5;009m[ERROR]: [0mThis is a error message from thread 1918-09-2026 00:29:33 [38;5;117m[DEBUG]: [0mThis is a debug message from thread 818-09-2026 00:29:33 [38;5;009m[ERROR]: [0mThis is a error message from thread 018-09-2026 00:29:33 [38;5;009m[ERROR]: [0mThis is a error message from thread 918-09-2026 00:29:33 [38;5;015m[INFO]: [0mThis is a info message from thread 2118-09-2026 00:29:33 [38;5;015m[INFO]: [0mThis is a info message from thread 2218-09-2026 00:29:33 [38;5;009m[ERROR]: [0mThis is a error message from thread 418-09-2026 00:29:33 [38;5;117m[DEBUG]: [0mThis is a debug message from thread 1018-09-2026 00:29:33 [38;5;009m[ERROR]: [0mThis is a error message from thread 1118-09-2026 00:29:33 [38;5;015m[INFO]: [0mThis is a info message from thread 1218-09-2026 00:29:33 [38;5;015m[INFO]: [0mThis is a info message from thread 1518-09-2026 00:29:33 [38;5;009m[ERROR]: [0mThis is a error message from thread 2518-09-2026 00:29:33 [38;5;009m[ERROR]: [0mThis is a error message from thread 1518-09-2026 00:29:33 [38;5;009m[ERROR]: [0mThis is a error message from thread 2318-09-2026 00:29:33 [38;5;009m[ERROR]: [0mThis is a error message from thread 2218-09-2026 00:29:33 [38;5;117m[DEBUG]: [0mThis is a debug message from thread 2318-09-2026 00:29:33 [38;5;117m[DEBUG]: [0mThis is a debug message from thread 1118-09-2026 00:29:33 [38;5;009m[ERROR]: [0mThis is a error message from thread 618-09-2026 00:29:33 [38;5;015m[INFO]: [0mThis is a info message from thread 2318-09-2026 00:29:33 [38;5;117m[DEBUG]: [0mThis is a debug message from thread 018-09-2026 00:29:33 [38;5;009m[ERROR]: [0mThis is a error message from thread 2018-09-2026 00:29:33 [38;5;117m[DEBUG]: [0mThis is a debug message from thread 2918-09-2026 00:29:33 [38;5;117m[DEBUG]: [0mThis is a debug message from thread 2718-09-2026 00:29:33 [38;5;009m[ERROR]: [0mThis is a error message from thread 1318-09-2026 00:29:33 [38;5;117m[DEBUG]: [0mThis is a debug message from thread 2818-09-2026 00:29:33 [38;5;117m[DEBUG]: [0mThis is a debug message from thread 718-09-2026 00:29:33 [38;5;117m[DEBUG]: [0mThis is a debug message from thread 1418-09-2026 00:29:33 [38;5;117m[DEBUG]: [0mThis is a debug message from thread 2618-09-2026 00:29:33 [38;5;117m[DEBUG]: [0mThis is a debug message from thread 2518-09-2026 00:29:33 [38;5;015m[INFO]: [0mThis is a info message from thread 818-09-2026 00:29:33 [38;5;117m[DEBUG]: [0mThis is a debug message from thread 1818-09-2026 00:29:33 [38;5;009m[ERROR]: [0mThis is a error message from thread 518-09-2026 00:29:33 [38;5;015m[INFO]: [0mThis is a info message from thread 1818-09-2026 00:29:33 [38;5;015m[INFO]: [0mThis is a info message from thread 2718-09-2026 00:29:33 [38;5;015m[INFO]: [0mThis is a info message from thread 718-09-2026 00:29:33 [38;5;117m[DEBUG]: [0mThis is a debug message from thread 218-09-2026 00:29:33 [38;5;117m[DEBUG]: [0mThis is a debug message from thread 1918-09-2026 00:29:33 [38;5;117m[DEBUG]: [0mThis is a debug message from thread 1318-09-2026 00:29:33 [38;5;015m[INFO]: [0mThis is a info message from thread 218-09-2026 00:29:33 [38;5;015m[INFO]: [0mThis is a info message from thread 2818-09-2026 00:29:33 [38;5;009m[ERROR]: [0mThis is a error message from thread 718-09-2026 00:29:33 [38;5;117m[DEBUG]: [0mThis is a debug message from thread 1618-09-2026 00:29:33 [38;5;117m[DEBUG]: [0mThis is a debug message from thread 418-09-2026 00:29:33 [38;5;009m[ERROR]: [0mThis is a error message from thread 1818-09-2026 00:29:33 [38;5;015m[INFO]: [0mThis is a info message from thread 1318-09-2026 00:29:33 [38;5;015m[INFO]: [0mThis is a info message from thread 1018-09-2026 00:29:33 [38;5;117m[DEBUG]: [0mThis is a debug message from thread 2218-09-2026 00:29:33 [38;5;009m[ERROR]: [0mThis is a error message from thread 118-09-2026 00:29:33 [38;5;015m[INFO]: [0mThis is a info message from thread 2518-09-2026 00:29:33 [38;5;117m[DEBUG]: [0mThis is a debug message from thread 1818-09-2026 00:29:33 [38;5;015m[INFO]: [0mThis is a info message from thread 1618-09-2026 00:29:33 [38;5;009m[ERROR]: [0mThis is a error message from thread 1318-09-2026 00:29:33 [38;5;009m[ERROR]: [0mThis is a error message from thread 1018-09-2026 00:29:33 [38;5;009m[ERROR]: [0mThis is a error message from thread 2518-09-2026 00:29:33 [38;5;015m[INFO]: [0mThis is a info message from thread 2218-09-2026 00:29:33 [38;5;117m[DEBUG]: [0mThis is a debug message from thread 718-09-2026 00:29:33 [38;5;009m[ERROR]: [0mThis is a error message from thread 2218-09-2026 00:29:33 [38;5;009m[ERROR]: [0mThis is a error message from thread 318-09-2026 00:29:33 [38;5;015m[INFO]: [0mThis is a info message from thread 1418-09-2026 00:29:33 [38;5;117m[DEBUG]: [0mThis is a debug message from thread 1518-09-2026 00:29:33 [38;5;117m[DEBUG]: [0mThis is a debug message from thread 1018-09-2026 00:29:33 [38;5;117m[DEBUG]: [0mThis is a debug message from thread 918-09-2026 00:29:33 [38;5;015m[INFO]: [0mThis is a info message from thread 1118-09-2026 00:29:33 [38;5;117m[DEBUG]: [0mThis is a debug message from thread 618-09-2026 00:29:33 [38;5;009m[ERROR]: [0mThis is a error message from thread 2818-09-2026 00:29:33 [38;5;015m[INFO]: [0mThis is a info message from thread 2918-09-2026 00:29:33 [38;5;015m[INFO]: [0mThis is a info message from thread 918-09-2026 00:29:33 [38;5;015m[INFO]: [0mThis is a info message from thread 2618-09-2026 00:29:33 [38;5;117m[DEBUG]: [0mThis is a debug message from thread 118-09-2026 00:29:33 [38;5;015m[INFO]: [0mThis is a info message from thread 718-09-2026 00:29:33 [38;5;009m[ERROR]: [0mThis is a error message from thread 818-09-2026 00:29:33 [38;5;009m[ERROR]: [0mThis is a error message from thread 2618-09-2026 00:29:33 [38;5;015m[INFO]: [0mThis is a info message from thread 018-09-2026 00:29:33 [38;5;009m[ERROR]: [0mThis is a error message from thread 2118-09-2026 00:29:33 [38;5;015m[INFO]: [0mThis is a info message from thread 418-09-2026 00:29:33 [38;5;117m[DEBUG]: [0mThis is a debug message from thread 2618-09-2026 00:29:33 [38;5;009m[ERROR]: [0mThis is a error message from thread 1118-09-2026 00:29:33 [38;5;015m[INFO]: [0mThis is a info message from thread 618-09-2026 00:29:33 [38;5;015m[INFO]: [0mThis is a info message from thread 2618-09-2026 00:29:33 [38;5;117m[DEBUG]: [0mThis is a debug message from thread 2818-09-2026 00:29:33 [38;5;015m[INFO]: [0mThis is a info message from thread 1518-09-2026 00:29:33 [38;5;117m[DEBUG]: [0mThis is a debug message from thread 818-09-2026 00:29:33 [38;5;009m[ERROR]: [0mThis is a error message from thread 1518-09-2026 00:29:33 [38;5;015m[INFO]: [0mThis is a info message from thread 2818-09-2026 00:29:33 [38;5;117m[DEBUG]: [0mThis is a debug message from thread 1518-09-2026 00:29:33 [38;5;015m[INFO]: [0mThis is a info message from thread 1518-09-2026 00:29:33 [38;5;009m[ERROR]: [0mThis is a error message from thread 2618-09-2026 00:29:33 [38;5;117m[DEBUG]: [0mThis is a debug message from thread 1118-09-2026 00:29:33 [38;5;009m[ERROR]: [0mThis is a error message from thread 2818-09-2026 00:29:33 [38;5;117m[DEBUG]: [0mThis is a debug message from thread 2118-09-2026 00:29:33 [38;5;009m[ERROR]: [0mThis is a error message from thread 418-09-2026 00:29:33 [38;5;117m[DEBUG]: [0mThis is a debug message from thread 418-09-2026 00:29:33 [38;5;009m[ERROR]: [0mThis is a error message from thread 618-09-2026 00:29:33 [38;5;015m[INFO]: [0mThis is a info message from thread 818-09-2026 00:29:33 [38;5;009m[ERROR]: [0mThis is a error message from thread 2718-09-2026 00:29:33 [38;5;009m[ERROR]: [0mThis is a error message from thread 218-09-2026 00:29:33 [38;5;015m[INFO]: [0mThis is a info message from thread 118-09-2026 00:29:33 [38;5;117m[DEBUG]: [0mThis is a debug message from thread 218-09-2026 00:29:33 [38;5;117m[DEBUG]: [0mThis is a debug message from thread 2618-09-2026 00:29:33 [38;5;009m[ERROR]: [0mThis is a error message from thread 1518-09-2026 00:29:33 [38;5;117m[DEBUG]: [0mThis is a debug message from thread 1318-09-2026 00:29:33 [38;5;009m[ERROR]: [0mThis is a error message from thread 118-09-2026 00:29:33 [38;5;009m[ERROR]: [0mThis is a error message from thread 1718-09-2026 00:29:33 [38;5;117m[DEBUG]: [0mThis is a debug message from thread 1518-09-2026 00:29:33 [38;5;117m[DEBUG]: [0mThis is a debug message from thread 2818-09-2026 00:29:33 [38;5;117m[DEBUG]: [0mThis is a debug message from thread 618-09-2026 00:29:33 [38;5;015m[INFO]: [0mThis is a info message from thread 2818-09-2026 00:29:33 [38;5;009m[ERROR]: [0mThis is a error message from thread 818-09-2026 00:29:33 [38;5;009m[ERROR]: [0mThis is a error message from thread 1218-09-2026 00:29:33 [38;5;117m[DEBUG]: [0mThis is a debug message from thread 118-09-2026 00:29:33 [38;5;117m[DEBUG]: [0mThis is a debug message from thread 2018-09-2026 00:29:33 [38;5;015m[INFO]: [0mThis is a info message from thread 418-09-2026 00:29:33 [38;5;015m[INFO]: [0mThis is a info message from thread 2418-09-2026 00:29:33 [38;5;009m[ERROR]: [0mThis is a error message from thread 2918-09-2026 00:29:33 [38;5;015m[INFO]: [0mThis is a info message from thread 1518-09-2026 00:29:33 [38;5;009m[ERROR]: [0mThis is a error message from thread 418-09-2026 00:29:33 [38;5;015m[INFO]: [0mThis is a info message from thread 218-09-2026 00:29:33 [38;5;009m[ERROR]: [0mThis is a error message from thread 018-09-2026 00:29:33 [38;5;117m[DEBUG]: [0mThis is a debug message from thread 2518-09-2026 00:29:33 [38;5;117m[DEBUG]: [0mThis is a debug message from thread 2718-09-2026 00:29:33 [38;5;015m[INFO]: [0mThis is a info message from thread 1118-09-2026 00:29:33 [38;5;117m[DEBUG]: [0mThis is a debug message from thread 2218-09-2026 00:29:33 [38;5;117m[DEBUG]: [0mThis is a debug message from thread 1718-09-2026 00:29:33 [38;5;009m[ERROR]: [0mThis is a error message from thread 718-09-2026 00:29:33 [38;5;015m[INFO]: [0mThis is a info message from thread 618-09-2026 00:29:33 [38;5;009m[ERROR]: [0mThis is a error message from thread 1518-09-2026 00:29:33 [38;5;009m[ERROR]: [0mThis is a error message from thread 2418-09-2026 00:29:33 [38;5;015m[INFO]: [0mThis is a info message from thread 2018-09-2026 00:29:33 [38;5;009m[ERROR]: [0mThis is a error message from thread 1418-09-2026 00:29:33 [38;5;015m[INFO]: [0mThis is a info message from thread 2518-09-2026 00:29:33 [38;5;015m[INFO]: [0mThis is a info message from thread 2218-09-2026 00:29:33 [38;5;009m[ERROR]: [0mThis is a error message from thread 218-09-2026 00:29:33 [38;5;009m[ERROR]: [0mThis is a error message from thread 918-09-2026 00:29:33 [38;5;117m[DEBUG]: [0mThis is a debug message from thread 1518-09-2026 00:29:33 [38;5;009m[ERROR]: [0mThis is a error message from thread 2518-09-2026 00:29:33 [38;5;117m[DEBUG]: [0mThis is a debug message from thread 018-09-2026 00:29:33 [38;5;015m[INFO]: [0mThis is a info message from thread 1918-09-2026 00:29:33 [38;5;117m[DEBUG]: [0mThis is a debug message from thread 218-09-2026 00:29:33 [38;5;015m[INFO]: [0mThis is a info message from thread 018-09-2026 00:29:33 [38;5;009m[ERROR]: [0mThis is a error message from thread 2218-09-2026 00:29:33 [38;5;009m[ERROR]: [0mThis is a error message from thread 1918-09-2026 00:29:33 [38;5;117m[DEBUG]: [0mThis is a debug message from thread 2218-09-2026 00:29:33 [38;5;015m[INFO]: [0mThis is a info message from thread 2218-09-2026 00:29:33 [38;5;015m[INFO]: [0mThis is a info message from thread 1518-09-2026 00:29:33 [38;5;009m[ERROR]: [0mThis is a error message from thread 018-09-2026 00:29:33 [38;5;015m[INFO]: [0mThis is a info message from thread 1718-09-2026 00:29:33 [38;5;009m[ERROR]: [0mThis is a error message from thread 2218-09-2026 00:29:33 [38;5;009m[ERROR]: [0mThis is a error message from thread 1118-09-2026 00:29:33 [38;5;009m[ERROR]: [0mThis is a error message from thread 1718-09-2026 00:29:33 [38;5;117m[DEBUG]: [0mThis is a debug message from thread 2418-09-2026 00:29:33 [38;5;117m[DEBUG]: [0mThis is a debug message from thread 1918-09-2026 00:29:33 [38;5;009m[ERROR]: [0mThis is a error message from thread 2818-09-2026 00:29:33 [38;5;009m[ERROR]: [0mThis is a error message from thread 1618-09-2026 00:29:33 [38;5;015m[INFO]: [0mThis is a info message from thread 218-09-2026 00:29:33 [38;5;117m[DEBUG]: [0mThis is a debug message from thread 718-09-2026 00:29:33 [38;5;117m[DEBUG]: [0mThis is a debug message from thread 1118-09-2026 00:29:33 [38;5;117m[DEBUG]: [0mThis is a debug message from thread 2818-09-2026 00:29:33 [38;5;117m[DEBUG]: [0mThis is a debug message from thread 1618-09-2026 00:29:33 [38;5;015m[INFO]: [0mThis is a info message from thread 1018-09-2026 00:29:33 [38;5;117m[DEBUG]: [0mThis is a debug message from thread 2518-09-2026 00:29:33 [38;5;015m[INFO]: [0mThis is a info message from thread 2418-09-2026 00:29:33 [38;5;015m[INFO]: [0mThis is a info message from thread 718-09-2026 00:29:33 [38;5;015m[INFO]: [0mThis is a info message from thread 1918-09-2026 00:29:33 [38;5;117m[DEBUG]: [0mThis is a debug message from thread 1218-09-2026 00:29:33 [38;5;009m[ERROR]: [0mThis is a error message from thread 218-09-2026 00:29:33 [38;5;117m[DEBUG]: [0mThis is a debug message from thread 1718-09-2026 00:29:33 [38;5;015m[INFO]: [0mThis is a info message from thread 1218-09-2026 00:29:33 [38;5;015m[INFO]: [0mThis is a info message from thread 1618-09-2026 00:29:33 [38;5;009m[ERROR]: [0mThis is a error message from thread 1218-09-2026 00:29:33 [38;5;009m[ERROR]: [0mThis is a error message from thread 1918-09-2026 00:29:33 [38;5;015m[INFO]: [0mThis is a info message from thread 1818-09-2026 00:29:33 [38;5;117m[DEBUG]: [0mThis is a debug message from thread 2918-09-2026 00:29:33 [38;5;117m[DEBUG]: [0mThis is a debug message from thread 1218-09-2026 00:29:33 [38;5;009m[ERROR]: [0mThis is a error message from thread 1618-09-2026 00:29:33 [38;5;009m[ERROR]: [0mThis is a error message from thread 2318-09-2026 00:29:33 [38;5;015m[INFO]: [0mThis is a info message from thread 1718-09-2026 00:29:33 [38;5;015m[INFO]: [0mThis is a info message from thread 1318-09-2026 00:29:33 [38;5;009m[ERROR]: [0mThis is a error message from thread 718-09-2026 00:29:33 [38;5;015m[INFO]: [0mThis is a info message from thread 2118-09-2026 00:29:33 [38;5;015m[INFO]: [0mThis is a info message from thread 2618-09-2026 00:29:33 [38;5;117m[DEBUG]: [0mThis is a debug message from thread 718-09-2026 00:29:33 [38;5;009m[ERROR]: [0mThis is a error message from thread 1518-09-2026 00:29:33 [38;5;117m[DEBUG]: [0mThis is a debug message from thread 1918-09-2026 00:29:33 [38;5;015m[INFO]: [0mThis is a info message from thread 1218-09-2026 00:29:33 [38;5;117m[DEBUG]: [0mThis is a debug message from thread 1518-09-2026 00:29:33 [38;5;117m[DEBUG]: [0mThis is a debug message from thread 1618-09-2026 00:29:33 [38;5;015m[INFO]: [0mThis is a info message from thread 1918-09-2026 00:29:33 [38;5;117m[DEBUG]: [0mThis is a debug message from thread 818-09-2026 00:29:33 [38;5;009m[ERROR]: [0mThis is a error message from thread 1218-09-2026 00:29:33 [38;5;117m[DEBUG]: [0mThis is a debug message from thread 2218-09-2026 00:29:33 [38;5;015m[INFO]: [0mThis is a info message from thread 1618-09-2026 00:29:33 [38;5;009m[ERROR]: [0mThis is a error message from thread 1818-09-2026 00:29:33 [38;5;015m[INFO]: [0mThis is a info message from thread 1518-09-2026 00:29:33 [38;5;117m[DEBUG]: [0mThis is a debug message from thread 018-09-2026 00:29:33 [38;5;117m[DEBUG]: [0mThis is a debug message from thread 218-09-2026 00:29:33 [38;5;009m[ERROR]: [0mThis is a error message from thread 1318-09-2026 00:29:33 [38;5;117m[DEBUG]: [0mThis is a debug message from thread 1218-09-2026 00:29:33 [38;5;117m[DEBUG]: [0mThis is a debug message from thread 518-09-2026 00:29:33 [38;5;009m[ERROR]: [0mThis is a error message from thread 1718-09-2026 00:29:33 [38;5;117m[DEBUG]: [0mThis is a debug message from thread 1718-09-2026 00:29:33 [38;5;015m[INFO]: [0mThis is a info message from thread 1218-09-2026 00:29:33 [38;5;015m[INFO]: [0mThis is a info message from thread 818-09-2026 00:29:33 [38;5;009m[ERROR]: [0mThis is a error message from thread 1918-09-2026 00:29:33 [38;5;009m[ERROR]: [0mThis is a error message from thread 1518-09-2026 00:29:33 [38;5;009m[ERROR]: [0mThis is a error message from thread 1618-09-2026 00:29:33 [38;5;015m[INFO]: [0mThis is a info message from thread 1718-09-2026 00:29:33 [38;5;117m[DEBUG]: [0mThis is a debug message from thread 1818-09-2026 00:29:33 [38;5;015m[INFO]: [0mThis is a info message from thread 1818-09-2026 00:29:33 [38;5;009m[ERROR]: [0mThis is a error message from thread 1818-09-2026 00:29:33 [38;5;015m[INFO]: [0mThis is a info message from thread 218-09-2026 00:29:33 [38;5;015m[INFO]: [0mThis is a info message from thread 1118-09-2026 00:29:33 [38;5;009m[ERROR]: [0mThis is a error message from thread 218-09-2026 00:29:33 [38;5;117m[DEBUG]: [0mThis is a debug message from thread 1518-09-2026 00:29:33 [38;5;117m[DEBUG]: [0mThis is a debug message from thread 218-09-2026 00:29:33 [38;5;015m[INFO]: [0mThis is a info message from thread 218-09-2026 00:29:33 [38;5;009m[ERROR]: [0mThis is a error message from thread 218-09-2026 00:29:33 [38;5;117m[DEBUG]: [0mThis is a debug message from thread 218-09-2026 00:29:33 [38;5;117m[DEBUG]: [0mThis is a debug message from thread 1918-09-2026 00:29:33 [38;5;009m[ERROR]: [0mThis is a error message from thread 1718-09-2026 00:29:33 [38;5;117m[DEBUG]: [0mThis is a debug message from thread 1318-09-2026 00:29:33 [38;5;117m[DEBUG]: [0mThis is a debug message from thread 918-09-2026 00:29:33 [38;5;009m[ERROR]: [0mThis is a error message from thread 818-09-2026 00:29:33 [38;5;117m[DEBUG]: [0mThis is a debug message from thread 1718-09-2026 00:29:33 [38;5;015m[INFO]: [0mThis is a info message from thread 2218-09-2026 00:29:33 [38;5;117m[DEBUG]: [0mThis is a debug message from thread 2318-09-2026 00:29:33 [38;5;015m[INFO]: [0mThis is a info message from thread 218-09-2026 00:29:33 [38;5;015m[INFO]: [0mThis is a info message from thread 2318-09-2026 00:29:33 [38;5;009m[ERROR]: [0mThis is a error message from thread 2118-09-2026 00:29:33 [38;5;015m[INFO]: [0mThis is a info message from thread 918-09-2026 00:29:33 [38;5;117m[DEBUG]: [0mThis is a debug message from thread 1418-09-2026 00:29:33 [38;5;015m[INFO]: [0mThis is a info message from thread 1318-09-2026 00:29:33 [38;5;009m[ERROR]: [0mThis is a error message from thread 218-09-2026 00:29:33 [38;5;009m[ERROR]: [0mThis is a error message from thread 1318-09-2026 00:29:33 [38;5;117m[DEBUG]: [0mThis is a debug message from thread 1818-09-2026 00:29:33 [38;5;015m[INFO]: [0mThis is a info message from thread 2818-09-2026 00:29:33 [38;5;009m[ERROR]: [0mThis is a error message from thread 918-09-2026 00:29:33 [38;5;015m[INFO]: [0mThis is a info message from thread 1518-09-2026 00:29:33 [38;5;009m[ERROR]: [0mThis is a error message from thread 618-09-2026 00:29:33 [38;5;009m[ERROR]: [0mThis is a error message from thread 1518-09-2026 00:29:33 [38;5;015m[INFO]: [0mThis is a info message from thread 1718-09-2026 00:29:33 [38;5;009m[ERROR]: [0mThis is a error message from thread 2018-09-2026 00:29:33 [38;5;015m[INFO]: [0mThis is a info message from thread 2518-09-2026 00:29:33 [38;5;117m[DEBUG]: [0mThis is a debug message from thread 218-09-2026 00:29:33 [38;5;009m[ERROR]: [0mThis is a error message from thread 2318-09-2026 00:29:33 [38;5;015m[INFO]: [0mThis is a info message from thread 518-09-2026 00:29:33 [38;5;117m[DEBUG]: [0mThis is a debug message from thread 1318-09-2026 00:29:33 [38;5;117m[DEBUG]: [0mThis is a debug message from thread 1618-09-2026 00:29:33 [38;5;009m[ERROR]: [0mThis is a error message from thread 1118-09-2026 00:29:33 [38;5;009m[ERROR]: [0mThis is a error message from thread 2218-09-2026 00:29:33 [38;5;009m[ERROR]: [0mThis is a error message from thread 2518-09-2026 00:29:33 [38;5;117m[DEBUG]: [0mThis is a debug message from thread 2118-09-2026 00:29:33 [38;5;117m[DEBUG]: [0mThis is a debug message from thread 1518-09-2026 00:29:33 [38;5;015m[INFO]: [0mThis is a info message from thread 1618-09-2026 00:29:33 [38;5;117m[DEBUG]: [0mThis is a debug message from thread 318-09-2026 00:29:33 [38;5;015m[INFO]: [0mThis is a info message from thread 2718-09-2026 00:29:33 [38;5;015m[INFO]: [0mThis is a info message from thread 318-09-2026 00:29:33 [38;5;015m[INFO]: [0mThis is a info message from thread 1818-09-2026 00:29:33 [38;5;117m[DEBUG]: [0mThis is a debug message from thread 2318-09-2026 00:29:33 [38;5;015m[INFO]: [0mThis is a info message from thread 1318-09-2026 00:29:33 [38;5;009m[ERROR]: [0mThis is a error message from thread 1318-09-2026 00:29:33 [38;5;015m[INFO]: [0mThis is a info message from thread 218-09-2026 00:29:33 [38;5;009m[ERROR]: [0mThis is a error message from thread 1818-09-2026 00:29:33 [38;5;015m[INFO]: [0mThis is a info message from thread 1518-09-2026 00:29:33 [38;5;009m[ERROR]: [0mThis is a error message from thread 2718-09-2026 00:29:33 [38;5;009m[ERROR]: [0mThis is a error message from thread 518-09-2026 00:29:33 [38;5;009m[ERROR]: [0mThis is a error message from thread 1718-09-2026 00:29:33 [38;5;015m[INFO]: [0mThis is a info message from thread 2118-09-2026 00:29:33 [38;5;117m[DEBUG]: [0mThis is a debug message from thread 1718-09-2026 00:29:33 [38;5;117m[DEBUG]: [0mThis is a debug message from thread 2718-09-2026 00:29:33 [38;5;117m[DEBUG]: [0mThis is a debug message from thread 518-09-2026 00:29:33 [38;5;015m[INFO]: [0mThis is a info message from thread 118-09-2026 00:29:33 [38;5;117m[DEBUG]: [0mThis is a debug message from thread 818-09-2026 00:29:33 [38;5;015m[INFO]: [0mThis is a info message from thread 018-09-2026 00:29:33 [38;5;117m[DEBUG]: [0mThis is a debug message from thread 618-09-2026 00:29:33 [38;5;015m[INFO]: [0mThis is a info message from thread 2918-09-2026 00:29:33 [38;5;009m[ERROR]: [0mThis is a error message from thread 2618-09-2026 00:29:33 [38;5;009m[ERROR]: [0mThis is a error message from thread 2818-09-2026 00:29:33 [38;5;009m[ERROR]: [0mThis is a error message from thread 2418-09-2026 00:29:33 [38;5;015m[INFO]: [0mThis is a info message from thread 2318-09-2026 00:29:33 [38;5;009m[ERROR]: [0mThis is a error message from thread 2118-09-2026 00:29:33 [38;5;117m[DEBUG]: [0mThis is a debug message from thread 918-09-2026 00:29:33 [38;5;117m[DEBUG]: [0mThis is a debug message from thread 2118-09-2026 00:29:33 [38;5;117m[DEBUG]: [0mThis is a debug message from thread 418-09-2026 00:29:33 [38;5;015m[INFO]: [0mThis is a info message from thread 918-09-2026 00:29:33 [38;5;015m[INFO]: [0mThis is a info message from thread 1418-09-2026 00:29:33 [38;5;117m[DEBUG]: [0mThis is a debug message from thread 1818-09-2026 00:29:33 [38;5;117m[DEBUG]: [0mThis is a debug message from thread 2418-09-2026 00:29:33 [38;5;015m[INFO]: [0mThis is a info message from thread 618-09-2026 00:29:33 [38;5;015m[INFO]: [0mThis is a info message from thread 418-09-2026 00:29:33 [38;5;015m[INFO]: [0mThis is a info message from thread 1718-09-2026 00:29:33 [38;5;117m[DEBUG]: [0mThis is a debug message from thread 2218-09-2026 00:29:33 [38;5;009m[ERROR]: [0mThis is a error message from thread 1418-09-2026 00:29:33 [38;5;015m[INFO]: [0mThis is a info message from thread 2418-09-2026 00:29:33 [38;5;009m[ERROR]: [0mThis is a error message from thread 318-09-2026 00:29:33 [38;5;015m[INFO]: [0mThis is a info message from thread 2718-09-2026 00:29:33 [38;5;117m[DEBUG]: [0mThis is a debug message from thread 2018-09-2026 00:29:33 [38;5;009m[ERROR]: [0mThis is a error message from thread 1618-09-2026 00:29:33 [38;5;009m[ERROR]: [0mThis is a error message from thread 618-09-2026 00:29:33 [38;5;009m[ERROR]: [0mThis is a error message from thread 1518-09-2026 00:29:33 [38;5;009m[ERROR]: [0mThis is a error message from thread 2718-09-2026 00:29:33 [38;5;009m[ERROR]: [0mThis is a error message from thread 418-09-2026 00:29:33 [38;5;117m[DEBUG]: [0mThis is a debug message from thread 2818-09-2026 00:29:33 [38;5;009m[ERROR]: [0mThis is a error message from thread 2418-09-2026 00:29:33 [38;5;117m[DEBUG]: [0mThis is a debug message from thread 1318-09-2026 00:29:33 [38;5;009m[ERROR]: [0mThis is a error message from thread 218-09-2026 00:29:33 [38;5;015m[INFO]: [0mThis is a info message from thread 2018-09-2026 00:29:33 [38;5;015m[INFO]: [0mThis is a info message from thread 2818-09-2026 00:29:33 [38;5;015m[INFO]: [0mThis is a info message from thread 1818-09-2026 00:29:33 [38;5;009m[ERROR]: [0mThis is a error message from thread 1718-09-2026 00:29:33 [38;5;117m[DEBUG]: [0mThis is a debug message from thread 218-09-2026 00:29:33 [38;5;015m[INFO]: [0mThis is a info message from thread 718-09-2026 00:29:33 [38;5;117m[DEBUG]: [0mThis is a debug message from thread 318-09-2026 00:29:33 [38;5;117m[DEBUG]: [0mThis is a debug message from thread 1618-09-2026 00:29:33 [38;5;009m[ERROR]: [0mThis is a error message from thread 2818-09-2026 00:29:33 [38;5;117m[DEBUG]: [0mThis is a debug message from thread 618-09-2026 00:29:33 [38;5;009m[ERROR]: [0mThis is a error message from thread 118-09-2026 00:29:33 [38;5;009m[ERROR]: [0mThis is a error message from thread 2018-09-2026 00:29:33 [38;5;009m[ERROR]: [0mThis is a error message from thread 1818-09-2026 00:29:33 [38;5;117m[DEBUG]: [0mThis is a debug message from thread 1718-09-2026 00:29:33 [38;5;117m[DEBUG]: [0mThis is a debug message from thread 1818-09-2026 00:29:33 [38;5;117m[DEBUG]: [0mThis is a debug message from thread 418-09-2026 00:29:33 [38;5;117m[DEBUG]: [0mThis is a debug message from thread 2418-09-2026 00:29:33 [38;5;117m[DEBUG]: [0mThis is a debug message from thread 2018-09-2026 00:29:33 [38;5;015m[INFO]: [0mThis is a info message from thread 218-09-2026 00:29:33 [38;5;015m[INFO]: [0mThis is a info message from thread 418-09-2026 00:29:33 [38;5;117m[DEBUG]: [0mThis is a debug message from thread 2518-09-2026 00:29:33 [38;5;015m[INFO]: [0mThis is a info message from thread 1618-09-2026 00:29:33 [38;5;015m[INFO]: [0mThis is a info message from thread 318-09-2026 00:29:33 [38;5;015m[INFO]: [0mThis is a info message from thread 2118-09-2026 00:29:33 [38;5;117m[DEBUG]: [0mThis is a debug message from thread 1418-09-2026 00:29:33 [38;5;117m[DEBUG]: [0mThis is a debug message from thread 1118-09-2026 00:29:33 [38;5;117m[DEBUG]: [0mThis is a debug message from thread 2718-09-2026 00:29:33 [38;5;015m[INFO]: [0mThis is a info message from thread 1318-09-2026 00:29:33 [38;5;015m[INFO]: [0mThis is a info message from thread 2718-09-2026 00:29:33 [38;5;009m[ERROR]: [0mThis is a error message from thread 018-09-2026 00:29:33 [38;5;117m[DEBUG]: [0mThis is a debug message from thread 118-09-2026 00:29:33 [38;5;009m[ERROR]: [0mThis is a error message from thread 918-09-2026 00:29:33 [38;5;015m[INFO]: [0mThis is a info message from thread 2518-09-2026 00:29:33 [38;5;117m[DEBUG]: [0mThis is a debug message from thread 018-09-2026 00:29:33 [38;5;015m[INFO]: [0mThis is a info message from thread 2018-09-2026 00:29:33 [38;5;009m[ERROR]: [0mThis is a error message from thread 218-09-2026 00:29:33 [38;5;009m[ERROR]: [0mThis is a error message from thread 2718-09-2026 00:29:33 [38;5;009m[ERROR]: [0mThis is a error message from thread 2918-09-2026 00:29:33 [38;5;117m[DEBUG]: [0mThis is a debug message from thread 2618-09-2026 00:29:33 [38;5;015m[INFO]: [0mThis is a info message from thread 1118-09-2026 00:29:33 [38;5;117m[DEBUG]: [0mThis is a debug message from thread 2918-09-2026 00:29:33 [38;5;009m[ERROR]: [0mThis is a error message from thread 2518-09-2026 00:29:33 [38;5;015m[INFO]: [0mThis is a info message from thread 518-09-2026 00:29:33 [38;5;117m[DEBUG]: [0mThis is a debug message from thread 2518-09-2026 00:29:33 [38;5;009m[ERROR]: [0mThis is a error message from thread 1318-09-2026 00:29:33 [38;5;015m[INFO]: [0mThis is a info message from thread 118-09-2026 00:29:33 [38;5;009m[ERROR]: [0mThis is a error message from thread 1218-09-2026 00:29:33 [38;5;117m[DEBUG]: [0mThis is a debug message from thread 2718-09-2026 00:29:33 [38;5;117m[DEBUG]: [0mThis is a debug message from thread 218-09-2026 00:29:33 [38;5;015m[INFO]: [0mThis is a info message from thread 618-09-2026 00:29:33 [38;5;117m[DEBUG]: [0mThis is a debug message from thread 918-09-2026 00:29:33 [38;5;009m[ERROR]: [0mThis is a error message from thread 118-09-2026 00:29:33 [38;5;015m[INFO]: [0mThis is a info message from thread 018-09-2026 00:29:33 [38;5;015m[INFO]: [0mThis is a info message from thread 1718-09-2026 00:29:33 [38;5;117m[DEBUG]: [0mThis is a debug message from thread 1218-09-2026 00:29:33 [38;5;015m[INFO]: [0mThis is a info message from thread 2518-09-2026 00:29:33 [38;5;015m[INFO]: [0mThis is a info message from thread 818-09-2026 00:29:33 [38;5;015m[INFO]: [0mThis is a info message from thread 218-09-2026 00:29:33 [38;5;015m[INFO]: [0mThis is a info message from thread 2218-09-2026 00:29:33 [38;5;117m[DEBUG]: [0mThis is a debug message from thread 118-09-2026 00:29:33 [38;5;015m[INFO]: [0mThis is a info message from thread 1418-09-2026 00:29:33 [38;5;015m[INFO]: [0mThis is a info message from thread 1218-09-2026 00:29:33 [38;5;117m[DEBUG]: [0mThis is a debug message from thread 2818-09-2026 00:29:33 [38;5;009m[ERROR]: [0mThis is a error message from thread 218-09-2026 00:29:33 [38;5;009m[ERROR]: [0mThis is a error message from thread 2218-09-2026 00:29:33 [38;5;009m[ERROR]: [0mThis is a error message from thread 2518-09-2026 00:29:33 [38;5;015m[INFO]: [0mThis is a info message from thread 118-09-2026 00:29:33 [38;5;009m[ERROR]: [0mThis is a error message from thread 2018-09-2026 00:29:33 [38;5;009m[ERROR]: [0mThis is a error message from thread 518-09-2026 00:29:33 [38;5;009m[ERROR]: [0mThis is a error message from thread 1118-09-2026 00:29:33 [38;5;117m[DEBUG]: [0mThis is a debug message from thread 2518-09-2026 00:29:33 [38;5;117m[DEBUG]: [0mThis is a debug message from thread 2018-09-2026 00:29:33 [38;5;009m[ERROR]: [0mThis is a error message from thread 818-09-2026 00:29:33 [38;5;015m[INFO]: [0mThis is a info message from thread 2818-09-2026 00:29:33 [38;5;015m[INFO]: [0mThis is a info message from thread 1918-09-2026 00:29:33 [38;5;009m[ERROR]: [0mThis is a error message from thread 2818-09-2026 00:29:33 [38;5;117m[DEBUG]: [0mThis is a debug message from thread 218-09-2026 00:29:33 [38;5;117m[DEBUG]: [0mThis is a debug message from thread 2818-09-2026 00:29:33 [38;5;015m[INFO]: [0mThis is a info message from thread 1818-09-2026 00:29:33 [38;5;009m[ERROR]: [0mThis is a error message from thread 018-09-2026 00:29:33 [38;5;015m[INFO]: [0mThis is a info message from thread 2818-09-2026 00:29:33 [38;5;009m[ERROR]: [0mThis is a error message from thread 1918-09-2026 00:29:33 [38;5;117m[DEBUG]: [0mThis is a debug message from thread 018-09-2026 00:29:33 [38;5;117m[DEBUG]: [0mThis is a debug message from thread 818-09-2026 00:29:33 [38;5;015m[INFO]: [0mThis is a info message from thread 2718-09-2026 00:29:33 [38;5;015m[INFO]: [0mThis is a info message from thread 218-09-2026 00:29:33 [38;5;015m[INFO]: [0mThis is a info message from thread 2018-09-2026 00:29:33 [38;5;009m[ERROR]: [0mThis is a error message from thread 418-09-2026 00:29:33 [38;5;009m[ERROR]: [0mThis is a error message from thread 1618-09-2026 00:29:33 [38;5;009m[ERROR]: [0mThis is a error message from thread 2718-09-2026 00:29:33 [38;5;117m[DEBUG]: [0mThis is a debug message from thread 1918-09-2026 00:29:33 [38;5;015m[INFO]: [0mThis is a info message from thread 818-09-2026 00:29:33 [38;5;009m[ERROR]: [0mThis is a error message from thread 618-09-2026 00:29:33 [38;5;009m[ERROR]: [0mThis is a error message from thread 1018-09-2026 00:29:33 [38;5;117m[DEBUG]: [0mThis is a debug message from thread 2718-09-2026 00:29:33 [38;5;009m[ERROR]: [0mThis is a error message from thread 1718-09-2026 00:29:33 [38;5;009m[ERROR]: [0mThis is a error message from thread 2118-09-2026 00:29:33 [38;5;117m[DEBUG]: [0mThis is a debug message from thread 618-09-2026 00:29:33 [38;5;117m[DEBUG]: [0mThis is a debug message from thread 1318-09-2026 00:29:33 [38;5;009m[ERROR]: [0mThis is a error message from thread 2018-09-2026 00:29:33 [38;5;015m[INFO]: [0mThis is a info message from thread 2418-09-2026 00:29:33 [38;5;009m[ERROR]: [0mThis is a error message from thread 1218-09-2026 00:29:33 [38;5;015m[INFO]: [0mThis is a info message from thread 2718-09-2026 00:29:33 [38;5;015m[INFO]: [0mThis is a info message from thread 618-09-2026 00:29:33 [38;5;015m[INFO]: [0mThis is a info message from thread 1918-09-2026 00:29:33 [38;5;117m[DEBUG]: [0mThis is a debug message from thread 1618-09-2026 00:29:33 [38;5;015m[INFO]: [0mThis is a info message from thread 1318-09-2026 00:29:33 [38;5;117m[DEBUG]: [0mThis is a debug message from thread 1718-09-2026 00:29:33 [38;5;117m[DEBUG]: [0mThis is a debug message from thread 1518-09-2026 00:29:33 [38;5;117m[DEBUG]: [0mThis is a debug message from thread 2118-09-2026 00:29:33 [38;5;009m[ERROR]: [0mThis is a error message from thread 818-09-2026 00:29:33 [38;5;009m[ERROR]: [0mThis is a error message from thread 1418-09-2026 00:29:33 [38;5;015m[INFO]: [0mThis is a info message from thread 918-09-2026 00:29:33 [38;5;009m[ERROR]: [0mThis is a error message from thread 118-09-2026 00:29:33 [38;5;015m[INFO]: [0mThis is a info message from thread 2618-09-2026 00:29:33 [38;5;117m[DEBUG]: [0mThis is a debug message from thread 2018-09-2026 00:29:33 [38;5;009m[ERROR]: [0mThis is a error message from thread 918-09-2026 00:29:33 [38;5;009m[ERROR]: [0mThis is a error message from thread 2418-09-2026 00:29:33 [38;5;009m[ERROR]: [0mThis is a error message from thread 1918-09-2026 00:29:33 [38;5;015m[INFO]: [0mThis is a info message from thread 1718-09-2026 00:29:33 [38;5;009m[ERROR]: [0mThis is a error message from thread 2318-09-2026 00:29:33 [38;5;015m[INFO]: [0mThis is a info message from thread 1618-09-2026 00:29:33 [38;5;009m[ERROR]: [0mThis is a error message from thread 1318-09-2026 00:29:33 [38;5;015m[INFO]: [0mThis is a info message from thread 2118-09-2026 00:29:33 [38;5;015m[INFO]: [0mThis is a info message from thread 018-09-2026 00:29:33 [38;5;117m[DEBUG]: [0mThis is a debug message from thread 1918-09-2026 00:29:33 [38;5;117m[DEBUG]: [0mThis is a debug message from thread 1118-09-2026 00:29:33 [38;5;009m[ERROR]: [0mThis is a error message from thread 718-09-2026 00:29:33 [38;5;009m[ERROR]: [0mThis is a error message from thread 1618-09-2026 00:29:33 [38;5;009m[ERROR]: [0mThis is a error message from thread 2718-09-2026 00:29:33 [38;5;009m[ERROR]: [0mThis is a error message from thread 1718-09-2026 00:29:33 [38;5;015m[INFO]: [0mThis is a info message from thread 1118-09-2026 00:29:33 [38;5;117m[DEBUG]: [0mThis is a debug message from thread 2718-09-2026 00:29:33 [38;5;117m[DEBUG]: [0mThis is a debug message from thread 1618-09-2026 00:29:33 [38;5;117m[DEBUG]: [0mThis is a debug message from thread 718-09-2026 00:29:33 [38;5;015m[INFO]: [0mThis is a info message from thread 1918-09-2026 00:29:33 [38;5;117m[DEBUG]: [0mThis is a debug message from thread 1718-09-2026 00:29:33 [38;5;117m[DEBUG]: [0mThis is a debug message from thread 2218-09-2026 00:29:33 [38;5;117m[DEBUG]: [0mThis is a debug message from thread 2318-09-2026 00:29:33 [38;5;015m[INFO]: [0mThis is a info message from thread 1618-09-2026 00:29:33 [38;5;015m[INFO]: [0mThis is a info message from thread 2218-09-2026 00:29:33 [38;5;009m[ERROR]: [0mThis is a error message from thread 1618-09-2026 00:29:33 [38;5;009m[ERROR]: [0mThis is a error message from thread 618-09-2026 00:29:33 [38;5;015m[INFO]: [0mThis is a info message from thread 2318-09-2026 00:29:33 [38;5;009m[ERROR]: [0mThis is a error message from thread 1118-09-2026 00:29:33 [38;5;015m[INFO]: [0mThis is a info message from thread 1718-09-2026 00:29:33 [38;5;009m[ERROR]: [0mThis is a error message from thread 2218-09-2026 00:29:33 [38;5;117m[DEBUG]: [0mThis is a debug message from thread 1118-09-2026 00:29:33 [38;5;009m[ERROR]: [0mThis is a error message from thread 2618-09-2026 00:29:33 [38;5;117m[DEBUG]: [0mThis is a debug message from thread 618-09-2026 00:29:33 [38;5;117m[DEBUG]: [0mThis is a debug message from thread 2218-09-2026 00:29:33 [38;5;015m[INFO]: [0mThis is a info message from thread 618-09-2026 00:29:33 [38;5;009m[ERROR]: [0mThis is a error message from thread 1718-09-2026 00:29:33 [38;5;009m[ERROR]: [0mThis is a error message from thread 618-09-2026 00:29:33 [38;5;117m[DEBUG]: [0mThis is a debug message from thread 1318-09-2026 00:29:33 [38;5;117m[DEBUG]: [0mThis is a debug message from thread 2618-09-2026 00:29:33 [38;5;009m[ERROR]: [0mThis is a error message from thread 018-09-2026 00:29:33 [38;5;117m[DEBUG]: [0mThis is a debug message from thread 518-09-2026 00:29:33 [38;5;117m[DEBUG]: [0mThis is a debug message from thread 1718-09-2026 00:29:33 [38;5;009m[ERROR]: [0mThis is a error message from thread 2318-09-2026 00:29:33 [38;5;117m[DEBUG]: [0mThis is a debug message from thread 2318-09-2026 00:29:33 [38;5;009m[ERROR]: [0mThis is a error message from thread 1918-09-2026 00:29:33 [38;5;117m[DEBUG]: [0mThis is a debug message from thread 618-09-2026 00:29:33 [38;5;015m[INFO]: [0mThis is a info message from thread 2218-09-2026 00:29:33 [38;5;009m[ERROR]: [0mThis is a error message from thread 218-09-2026 00:29:33 [38;5;015m[INFO]: [0mThis is a info message from thread 618-09-2026 00:29:33 [38;5;117m[DEBUG]: [0mThis is a debug message from thread 218-09-2026 00:29:33 [38;5;009m[ERROR]: [0mThis is a error message from thread 2218-09-2026 00:29:33 [38;5;117m[DEBUG]: [0mThis is a debug message from thread 1618-09-2026 00:29:33 [38;5;009m[ERROR]: [0mThis is a error message from thread 2818-09-2026 00:29:33 [38;5;015m[INFO]: [0mThis is a info message from thread 218-09-2026 00:29:33 [38;5;015m[INFO]: [0mThis is a info message from thread 2018-09-2026 00:29:33 [38;5;015m[INFO]: [0mThis is a info message from thread 1618-09-2026 00:29:33 [38;5;009m[ERROR]: [0mThis is a error message from thread 618-09-2026 00:29:33 [38;5;015m[INFO]: [0mThis is a info message from thread 2718-09-2026 00:29:33 [38;5;117m[DEBUG]: [0mThis is a debug message from thread 918-09-2026 00:29:33 [38;5;015m[INFO]: [0mThis is a info message from thread 2918-09-2026 00:29:33 [38;5;009m[ERROR]: [0mThis is a error message from thread 2118-09-2026 00:29:33 [38;5;117m[DEBUG]: [0mThis is a debug message from thread 818-09-2026 00:29:33 [38;5;117m[DEBUG]: [0mThis is a debug message from thread 1918-09-2026 00:29:33 [38;5;117m[DEBUG]: [0mThis is a debug message from thread 618-09-2026 00:29:33 [38;5;009m[ERROR]: [0mThis is a error message from thread 1618-09-2026 00:29:33 [38;5;015m[INFO]: [0mThis is a info message from thread 718-09-2026 00:29:33 [38;5;117m[DEBUG]: [0mThis is a debug message from thread 018-09-2026 00:29:33 [38;5;015m[INFO]: [0mThis is a info message from thread 2518-09-2026 00:29:33 [38;5;009m[ERROR]: [0mThis is a error message from thread 2718-09-2026 00:29:33 [38;5;015m[INFO]: [0mThis is a info message from thread 1118-09-2026 00:29:33 [38;5;015m[INFO]: [0mThis is a info message from thread 1318-09-2026 00:29:33 [38;5;009m[ERROR]: [0mThis is a error message from thread 1818-09-2026 00:29:33 [38;5;015m[INFO]: [0mThis is a info message from thread 818-09-2026 00:29:33 [38;5;117m[DEBUG]: [0mThis is a debug message from thread 2118-09-2026 00:29:33 [38;5;117m[DEBUG]: [0mThis is a debug message from thread 1618-09-2026 00:29:33 [38;5;009m[ERROR]: [0mThis is a error message from thread 718-09-2026 00:29:33 [38;5;015m[INFO]: [0mThis is a info message from thread 018-09-2026 00:29:33 [38;5;117m[DEBUG]: [0mThis is a debug message from thread 118-09-2026 00:29:33 [38;5;015m[INFO]: [0mThis is a info message from thread 1918-09-2026 00:29:33 [38;5;009m[ERROR]: [0mThis is a error message from thread 1118-09-2026 00:29:33 [38;5;015m[INFO]: [0mThis is a info message from thread 2318-09-2026 00:29:33 [38;5;009m[ERROR]: [0mThis is a error message from thread 218-09-2026 00:29:33 [38;5;009m[ERROR]: [0mThis is a error message from thread 2018-09-2026 00:29:33 [38;5;009m[ERROR]: [0mThis is a error message from thread 2518-09-2026 00:29:33 [38;5;117m[DEBUG]: [0mThis is a debug message from thread 2718-09-2026 00:29:33 [38;5;015m[INFO]: [0mThis is a info message from thread 1618-09-2026 00:29:33 [38;5;117m[DEBUG]: [0mThis is a debug message from thread 2018-09-2026 00:29:33 [38;5;117m[DEBUG]: [0mThis is a debug message from thread 2818-09-2026 00:29:33 [38;5;117m[DEBUG]: [0mThis is a debug message from thread 218-09-2026 00:29:33 [38;5;117m[DEBUG]: [0mThis is a debug message from thread 718-09-2026 00:29:33 [38;5;117m[DEBUG]: [0mThis is a debug message from thread 1418-09-2026 00:29:33 [38;5;015m[INFO]: [0mThis is a info message from thread 2818-09-2026 00:29:33 [38;5;015m[INFO]: [0mThis is a info message from thread 718-09-2026 00:29:33 [38;5;117m[DEBUG]: [0mThis is a debug message from thread 2518-09-2026 00:29:33 [38;5;117m[DEBUG]: [0mThis is a debug message from thread 418-09-2026 00:29:33 [38;5;009m[ERROR]: [0mThis is a error message from thread 2318-09-2026 00:29:33 [38;5;015m[INFO]: [0mThis is a info message from thread 2618-09-2026 00:29:33 [38;5;015m[INFO]: [0mThis is a info message from thread 2118-09-2026 00:29:33 [38;5;009m[ERROR]: [0mThis is a error message from thread 818-09-2026 00:29:33 [38;5;117m[DEBUG]: [0mThis is a debug message from thread 2318-09-2026 00:29:33 [38;5;015m[INFO]: [0mThis is a info message from thread 218-09-2026 00:29:33 [38;5;117m[DEBUG]: [0mThis is a debug message from thread 2218-09-2026 00:29:33 [38;5;009m[ERROR]: [0mThis is a error message from thread 1918-09-2026 00:29:33 [38;5;009m[ERROR]: [0mThis is a error message from thread 2618-09-2026 00:29:33 [38;5;015m[INFO]: [0mThis is a info message from thread 918-09-2026 00:29:33 [38;5;009m[ERROR]: [0mThis is a error message from thread 718-09-2026 00:29:33 [38;5;015m[INFO]: [0mThis is a info message from thread 518-09-2026 00:29:33 [38;5;015m[INFO]: [0mThis is a info message from thread 2718-09-2026 00:29:33 [38;5;009m[ERROR]: [0mThis is a error message from thread 2818-09-2026 00:29:33 [38;5;015m[INFO]: [0mThis is a info message from thread 2318-09-2026 00:29:33 [38;5;117m[DEBUG]: [0mThis is a debug message from thread 818-09-2026 00:29:33 [38;5;015m[INFO]: [0mThis is a info message from thread 2518-09-2026 00:29:33 [38;5;117m[DEBUG]: [0mThis is a debug message from thread 1218-09-2026 00:29:33 [38;5;015m[INFO]: [0mThis is a info message from thread 2018-09-2026 00:29:33 [38;5;117m[DEBUG]: [0mThis is a debug message from thread 1118-09-2026 00:29:33 [38;5;009m[ERROR]: [0mThis is a error message from thread 918-09-2026 00:29:33 [38;5;117m[DEBUG]: [0mThis is a debug message from thread 2818-09-2026 00:29:33 [38;5;009m[ERROR]: [0mThis is a error message from thread 518-09-2026 00:29:33 [38;5;015m[INFO]: [0mThis is a info message from thread 2818-09-2026 00:29:33 [38;5;009m[ERROR]: [0mThis is a error message from thread 2518-09-2026 00:29:33 [38;5;117m[DEBUG]: [0mThis is a debug message from thread 718-09-2026 00:29:33 [38;5;009m[ERROR]: [0mThis is a error message from thread 2818-09-2026 00:29:33 [38;5;009m[ERROR]: [0mThis is a error message from thread 2918-09-2026 00:29:33 [38;5;015m[INFO]: [0mThis is a info message from thread 818-09-2026 00:29:33 [38;5;117m[DEBUG]: [0mThis is a debug message from thread 918-09-2026 00:29:33 [38;5;117m[DEBUG]: [0mThis is a debug message from thread 2518-09-2026 00:29:33 [38;5;009m[ERROR]: [0mThis is a error message from thread 2118-09-2026 00:29:33 [38;5;015m[INFO]: [0mThis is a info message from thread 718-09-2026 00:29:33 [38;5;117m[DEBUG]: [0mThis is a debug message from thread 1818-09-2026 00:29:33 [38;5;009m[ERROR]: [0mThis is a error message from thread 1618-09-2026 00:29:33 [38;5;009m[ERROR]: [0mThis is a error message from thread 2018-09-2026 00:29:33 [38;5;009m[ERROR]: [0mThis is a error message from thread 018-09-2026 00:29:33 [38;5;009m[ERROR]: [0mThis is a error message from thread 318-09-2026 00:29:33 [38;5;015m[INFO]: [0mThis is a info message from thread 1118-09-2026 00:29:33 [38;5;009m[ERROR]: [0mThis is a error message from thread 1318-09-2026 00:29:33 [38;5;117m[DEBUG]: [0mThis is a debug message from thread 1918-09-2026 00:29:33 [38;5;117m[DEBUG]: [0mThis is a debug message from thread 518-09-2026 00:29:33 [38;5;015m[INFO]: [0mThis is a info message from thread 618-09-2026 00:29:33 [38;5;015m[INFO]: [0mThis is a info message from thread 2518-09-2026 00:29:33 [38;5;009m[ERROR]: [0mThis is a error message from thread 718-09-2026 00:29:33 [38;5;009m[ERROR]: [0mThis is a error message from thread 1118-09-2026 00:29:33 [38;5;117m[DEBUG]: [0mThis is a debug message from thread 2018-09-2026 00:29:33 [38;5;117m[DEBUG]: [0mThis is a debug message from thread 1618-09-2026 00:29:33 [38;5;009m[ERROR]: [0mThis is a error message from thread 2318-09-2026 00:29:33 [38;5;015m[INFO]: [0mThis is a info message from thread 1418-09-2026 00:29:33 [38;5;009m[ERROR]: [0mThis is a error message from thread 2518-09-2026 00:29:33 [38;5;015m[INFO]: [0mThis is a info message from thread 1918-09-2026 00:29:33 [38;5;117m[DEBUG]: [0mThis is a debug message from thread 318-09-2026 00:29:33 [38;5;015m[INFO]: [0mThis is a info message from thread 1818-09-2026 00:29:33 [38;5;015m[INFO]: [0mThis is a info message from thread 118-09-2026 00:29:33 [38;5;015m[INFO]: [0mThis is a info message from thread 518-09-2026 00:29:33 [38;5;117m[DEBUG]: [0mThis is a debug message from thread 2618-09-2026 00:29:33 [38;5;117m[DEBUG]: [0mThis is a debug message from thread 718-09-2026 00:29:33 [38;5;015m[INFO]: [0mThis is a info message from thread 1518-09-2026 00:29:33 [38;5;117m[DEBUG]: [0mThis is a debug message from thread 2318-09-2026 00:29:33 [38;5;015m[INFO]: [0mThis is a info message from thread 1618-09-2026 00:29:33 [38;5;117m[DEBUG]: [0mThis is a debug message from thread 2418-09-2026 00:29:33 [38;5;015m[INFO]: [0mThis is a info message from thread 418-09-2026 00:29:33 [38;5;117m[DEBUG]: [0mThis is a debug message from thread 018-09-2026 00:29:33 [38;5;117m[DEBUG]: [0mThis is a debug message from thread 1018-09-2026 00:29:33 [38;5;009m[ERROR]: [0mThis is a error message from thread 1918-09-2026 00:29:33 [38;5;009m[ERROR]: [0mThis is a error message from thread 1418-09-2026 00:29:33 [38;5;117m[DEBUG]: [0mThis is a debug message from thread 2818-09-2026 00:29:33 [38;5;009m[ERROR]: [0mThis is a error message from thread 818-09-2026 00:29:33 [38;5;009m[ERROR]: [0mThis is a error message from thread 518-09-2026 00:29:33 [38;5;015m[INFO]: [0mThis is a info message from thread 718-09-2026 00:29:33 [38;5;015m[INFO]: [0mThis is a info message from thread 2418-09-2026 00:29:33 [38;5;009m[ERROR]: [0mThis is a error message from thread 2418-09-2026 00:29:33 [38;5;009m[ERROR]: [0mThis is a error message from thread 1618-09-2026 00:29:33 [38;5;015m[INFO]: [0mThis is a info message from thread 1018-09-2026 00:29:33 [38;5;009m[ERROR]: [0mThis is a error message from thread 1018-09-2026 00:29:33 [38;5;117m[DEBUG]: [0mThis is a debug message from thread 2418-09-2026 00:29:33 [38;5;015m[INFO]: [0mThis is a info message from thread 918-09-2026 00:29:33 [38;5;117m[DEBUG]: [0mThis is a debug message from thread 1018-09-2026 00:29:33 [38;5;117m[DEBUG]: [0mThis is a debug message from thread 1618-09-2026 00:29:33 [38;5;015m[INFO]: [0mThis is a info message from thread 2418-09-2026 00:29:33 [38;5;117m[DEBUG]: [0mThis is a debug message from thread 1418-09-2026 00:29:33 [38;5;009m[ERROR]: [0mThis is a error message from thread 2718-09-2026 00:29:33 [38;5;117m[DEBUG]: [0mThis is a debug message from thread 518-09-2026 00:29:33 [38;5;015m[INFO]: [0mThis is a info message from thread 1618-09-2026 00:29:33 [38;5;015m[INFO]: [0mThis is a info message from thread 518-09-2026 00:29:33 [38;5;117m[DEBUG]: [0mThis is a debug message from thread 1918-09-2026 00:29:33 [38;5;009m[ERROR]: [0mThis is a error message from thread 518-09-2026 00:29:33 [38;5;009m[ERROR]: [0mThis is a error message from thread 1618-09-2026 00:29:33 [38;5;015m[INFO]: [0mThis is a info message from thread 1418-09-2026 00:29:33 [38;5;117m[DEBUG]: [0mThis is a debug message from thread 1618-09-2026 00:29:33 [38;5;015m[INFO]: [0mThis is a info message from thread 1618-09-2026 00:29:33 [38;5;009m[ERROR]: [0mThis is a error message from thread 718-09-2026 00:29:33 [38;5;117m[DEBUG]: [0mThis is a debug message from thread 718-09-2026 00:29:33 [38;5;015m[INFO]: [0mThis is a info message from thread 1918-09-2026 00:29:33 [38;5;117m[DEBUG]: [0mThis is a debug message from thread 818-09-2026 00:29:33 [38;5;015m[INFO]: [0mThis is a info message from thread 1018-09-2026 00:29:33 [38;5;015m[INFO]: [0mThis is a info message from thread 818-09-2026 00:29:33 [38;5;117m[DEBUG]: [0mThis is a debug message from thread 1318-09-2026 00:29:33 [38;5;009m[ERROR]: [0mThis is a error message from thread 618-09-2026 00:29:33 [38;5;015m[INFO]: [0mThis is a info message from thread 2818-09-2026 00:29:33 [38;5;117m[DEBUG]: [0mThis is a debug message from thread 2518-09-2026 00:29:33 [38;5;015m[INFO]: [0mThis is a info message from thread 1318-09-2026 00:29:33 [38;5;015m[INFO]: [0mThis is a info message from thread 318-09-2026 00:29:33 [38;5;009m[ERROR]: [0mThis is a error message from thread 2818-09-2026 00:29:33 [38;5;117m[DEBUG]: [0mThis is a debug message from thread 618-09-2026 00:29:33 [38;5;009m[ERROR]: [0mThis is a error message from thread 1618-09-2026 00:29:33 [38;5;009m[ERROR]: [0mThis is a error message from thread 1318-09-2026 00:29:33 [38;5;117m[DEBUG]: [0mThis is a debug message from thread 2118-09-2026 00:29:33 [38;5;117m[DEBUG]: [0mThis is a debug message from thread 518-09-2026 00:29:33 [38;5;117m[DEBUG]: [0mThis is a debug message from thread 2718-09-2026 00:29:33 [38;5;015m[INFO]: [0mThis is a info message from thread 2318-09-2026 00:29:33 [38;5;117m[DEBUG]: [0mThis is a debug message from thread 2818-09-2026 00:29:33 [38;5;009m[ERROR]: [0mThis is a error message from thread 818-09-2026 00:29:33 [38;5;009m[ERROR]: [0mThis is a error message from thread 118-09-2026 00:29:33 [38;5;117m[DEBUG]: [0mThis is a debug message from thread 1118-09-2026 00:29:33 [38;5;009m[ERROR]: [0mThis is a error message from thread 1818-09-2026 00:29:33 [38;5;117m[DEBUG]: [0mThis is a debug message from thread 1618-09-2026 00:29:33 [38;5;015m[INFO]: [0mThis is a info message from thread 2518-09-2026 00:29:33 [38;5;117m[DEBUG]: [0mThis is a debug message from thread 1318-09-2026 00:29:33 [38;5;015m[INFO]: [0mThis is a info message from thread 2218-09-2026 00:29:33 [38;5;009m[ERROR]: [0mThis is a error message from thread 2318-09-2026 00:29:33 [38;5;117m[DEBUG]: [0mThis is a debug message from thread 1818-09-2026 00:29:33 [38;5;117m[DEBUG]: [0mThis is a debug message from thread 118-09-2026 00:29:33 [38;5;009m[ERROR]: [0mThis is a error message from thread 218-09-2026 00:29:33 [38;5;009m[ERROR]: [0mThis is a error message from thread 418-09-2026 00:29:33 [38;5;015m[INFO]: [0mThis is a info message from thread 1318-09-2026 00:29:33 [38;5;117m[DEBUG]: [0mThis is a debug message from thread 418-09-2026 00:29:33 [38;5;009m[ERROR]: [0mThis is a error message from thread 1018-09-2026 00:29:33 [38;5;015m[INFO]: [0mThis is a info message from thread 2018-09-2026 00:29:33 [38;5;015m[INFO]: [0mThis is a info message from thread 718-09-2026 00:29:33 [38;5;117m[DEBUG]: [0mThis is a debug message from thread 818-09-2026 00:29:33 [38;5;015m[INFO]: [0mThis is a info message from thread 2718-09-2026 00:29:33 [38;5;015m[INFO]: [0mThis is a info message from thread 518-09-2026 00:29:33 [38;5;009m[ERROR]: [0mThis is a error message from thread 2218-09-2026 00:29:33 [38;5;015m[INFO]: [0mThis is a info message from thread 1118-09-2026 00:29:33 [38;5;117m[DEBUG]: [0mThis is a debug message from thread 2318-09-2026 00:29:33 [38;5;015m[INFO]: [0mThis is a info message from thread 2118-09-2026 00:29:33 [38;5;009m[ERROR]: [0mThis is a error message from thread 1918-09-2026 00:29:33 [38;5;009m[ERROR]: [0mThis is a error message from thread 1418-09-2026 00:29:33 [38;5;117m[DEBUG]: [0mThis is a debug message from thread 2218-09-2026 00:29:33 [38;5;009m[ERROR]: [0mThis is a error message from thread 1318-09-2026 00:29:33 [38;5;015m[INFO]: [0mThis is a info message from thread 418-09-2026 00:29:33 [38;5;015m[INFO]: [0mThis is a info message from thread 118-09-2026 00:29:33 [38;5;009m[ERROR]: [0mThis is a error message from thread 718-09-2026 00:29:33 [38;5;117m[DEBUG]: [0mThis is a debug message from thread 718-09-2026 00:29:33 [38;5;117m[DEBUG]: [0mThis is a debug message from thread 1918-09-2026 00:29:33 [38;5;015m[INFO]: [0mThis is a info message from thread 1918-09-2026 00:29:33 [38;5;009m[ERROR]: [0mThis is a error message from thread 118-09-2026 00:29:33 [38;5;009m[ERROR]: [0mThis is a error message from thread 2018-09-2026 00:29:33 [38;5;009m[ERROR]: [0mThis is a error message from thread 1118-09-2026 00:29:33 [38;5;117m[DEBUG]: [0mThis is a debug message from thread 1418-09-2026 00:29:33 [38;5;117m[DEBUG]: [0mThis is a debug message from thread 118-09-2026 00:29:33 [38;5;117m[DEBUG]: [0mThis is a debug message from thread 1118-09-2026 00:29:33 [38;5;117m[DEBUG]: [0mThis is a debug message from thread 2018-09-2026 00:29:33 [38;5;117m[DEBUG]: [0mThis is a debug message from thread 1018-09-2026 00:29:33 [38;5;015m[INFO]: [0mThis is a info message from thread 118-09-2026 00:29:33 [38;5;009m[ERROR]: [0mThis is a error message from thread 518-09-2026 00:29:33 [38;5;009m[ERROR]: [0mThis is a error message from thread 418-09-2026 00:29:33 [38;5;015m[INFO]: [0mThis is a info message from thread 1818-09-2026 00:29:33 [38;5;015m[INFO]: [0mThis is a info message from thread 1218-09-2026 00:29:33 [38;5;015m[INFO]: [0mThis is a info message from thread 1718-09-2026 00:29:33 [38;5;015m[INFO]: [0mThis is a info message from thread 2818-09-2026 00:29:33 [38;5;117m[DEBUG]: [0mThis is a debug message from thread 218-09-2026 00:29:33 [38;5;015m[INFO]: [0mThis is a info message from thread 1018-09-2026 00:29:33 [38;5;009m[ERROR]: [0mThis is a error message from thread 2118-09-2026 00:29:33 [38;5;015m[INFO]: [0mThis is a info message from thread 018-09-2026 00:29:33 [38;5;009m[ERROR]: [0mThis is a error message from thread 1718-09-2026 00:29:33 [38;5;009m[ERROR]: [0mThis is a error message from thread 1918-09-2026 00:29:33 [38;5;015m[INFO]: [0mThis is a info message from thread 618-09-2026 00:29:33 [38;5;117m[DEBUG]: [0mThis is a debug message from thread 1318-09-2026 00:29:33 [38;5;117m[DEBUG]: [0mThis is a debug message from thread 518-09-2026 00:29:33 [38;5;009m[ERROR]: [0mThis is a error message from thread 1218-09-2026 00:29:33 [38;5;009m[ERROR]: [0mThis is a error message from thread 2718-09-2026 00:29:33 [38;5;015m[INFO]: [0mThis is a info message from thread 2018-09-2026 00:29:33 [38;5;015m[INFO]: [0mThis is a info message from thread 2318-09-2026 00:29:33 [38;5;015m[INFO]: [0mThis is a info message from thread 2218-09-2026 00:29:33 [38;5;117m[DEBUG]: [0mThis is a debug message from thread 1218-09-2026 00:29:33 [38;5;009m[ERROR]: [0mThis is a error message from thread 018-09-2026 00:29:33 [38;5;015m[INFO]: [0mThis is a info message from thread 2618-09-2026 00:29:33 [38;5;009m[ERROR]: [0mThis is a error message from thread 1518-09-2026 00:29:33 [38;5;015m[INFO]: [0mThis is a info message from thread 718-09-2026 00:29:33 [38;5;009m[ERROR]: [0mThis is a error message from thread 2218-09-2026 00:29:33 [38;5;009m[ERROR]: [0mThis is a error message from thread 618-09-2026 00:29:33 [38;5;015m[INFO]: [0mThis is a info message from thread 1218-09-2026 00:29:33 [38;5;117m[DEBUG]: [0mThis is a debug message from thread 1918-09-2026 00:29:33 [38;5;117m[DEBUG]: [0mThis is a debug message from thread 2218-09-2026 00:29:33 [38;5;009m[ERROR]: [0mThis is a error message from thread 718-09-2026 00:29:33 [38;5;117m[DEBUG]: [0mThis is a debug message from thread 2718-09-2026 00:29:33 [38;5;117m[DEBUG]: [0mThis is a debug message from thread 2918-09-2026 00:29:33 [38;5;117m[DEBUG]: [0mThis is a debug message from thread 018-09-2026 00:29:33 [38;5;015m[INFO]: [0mThis is a info message from thread 1918-09-2026 00:29:33 [38;5;015m[INFO]: [0mThis is a info message from thread 2918-09-2026 00:29:33 [38;5;117m[DEBUG]: [0mThis is a debug message from thread 718-09-2026 00:29:33 [38;5;117m[DEBUG]: [0mThis is a debug message from thread 1518-09-2026 00:29:33 [38;5;117m[DEBUG]: [0mThis is a debug message from thread 618-09-2026 00:29:33 [38;5;015m[INFO]: [0mThis is a info message from thread 1418-09-2026 00:29:33 [38;5;009m[ERROR]: [0mThis is a error message from thread 2018-09-2026 00:29:33 [38;5;009m[ERROR]: [0mThis is a error message from thread 1918-09-2026 00:29:33 [38;5;009m[ERROR]: [0mThis is a error message from thread 2918-09-2026 00:29:33 [38;5;015m[INFO]: [0mThis is a info message from thread 2218-09-2026 00:29:33 [38;5;117m[DEBUG]: [0mThis is a debug message from thread 2918-09-2026 00:29:33 [38;5;117m[DEBUG]: [0mThis is a debug message from thread 1918-09-2026 00:29:33 [38;5;015m[INFO]: [0mThis is a info message from thread 018-09-2026 00:29:33 [38;5;015m[INFO]: [0mThis is a info message from thread 718-09-2026 00:29:33 [38;5;015m[INFO]: [0mThis is a info message from thread 1918-09-2026 00:29:33 [38;5;015m[INFO]: [0mThis is a info message from thread 2918-09-2026 00:29:33 [38;5;015m[INFO]: [0mThis is a info message from thread 618-09-2026 00:29:33 [38;5;015m[INFO]: [0mThis is a info message from thread 1618-09-2026 00:29:33 [38;5;015m[INFO]: [0mThis is a info message from thread 818-09-2026 00:29:33 [38;5;009m[ERROR]: [0mThis is a error message from thread 918-09-2026 00:29:33 [38;5;009m[ERROR]: [0mThis is a error message from thread 2418-09-2026 00:29:33 [38;5;009m[ERROR]: [0mThis is a error message from thread 718-09-2026 00:29:33 [38;5;009m[ERROR]: [0mThis is a error message from thread 2518-09-2026 00:29:33 [38;5;009m[ERROR]: [0mThis is a error message from thread 2618-09-2026 00:29:33 [38;5;009m[ERROR]: [0mThis is a error message from thread 2918-09-2026 00:29:33 [38;5;009m[ERROR]: [0mThis is a error message from thread 1918-09-2026 00:29:33 [38;5;009m[ERROR]: [0mThis is a error message from thread 818-09-2026 00:29:33 [38;5;009m[ERROR]: [0mThis is a error message from thread 618-09-2026 00:29:33 [38;5;009m[ERROR]: [0mThis is a error message from thread 1018-09-2026 00:29:33 [38;5;117m[DEBUG]: [0mThis is a debug message from thread 2418-09-2026 00:29:33 [38;5;117m[DEBUG]: [0mThis is a debug message from thread 618-09-2026 00:29:33 [38;5;117m[DEBUG]: [0mThis is a debug message from thread 2918-09-2026 00:29:33 [38;5;015m[INFO]: [0mThis is a info message from thread 1318-09-2026 00:29:33 [38;5;117m[DEBUG]: [0mThis is a debug message from thread 1018-09-2026 00:29:33 [38;5;117m[DEBUG]: [0mThis is a debug message from thread 1918-09-2026 00:29:33 [38;5;015m[INFO]: [0mThis is a info message from thread 1918-09-2026 00:29:33 [38;5;117m[DEBUG]: [0mThis is a debug message from thread 2518-09-2026 00:29:33 [38;5;117m[DEBUG]: [0mThis is a debug message from thread 918-09-2026 00:29:33 [38;5;015m[INFO]: [0mThis is a info message from thread 2918-09-2026 00:29:33 [38;5;015m[INFO]: [0mThis is a info message from thread 2718-09-2026 00:29:33 [38;5;117m[DEBUG]: [0mThis is a debug message from thread 718-09-2026 00:29:33 [38;5;009m[ERROR]: [0mThis is a error message from thread 1218-09-2026 00:29:33 [38;5;015m[INFO]: [0mThis is a info message from thread 2418-09-2026 00:29:33 [38;5;015m[INFO]: [0mThis is a info message from thread 2518-09-2026 00:29:33 [38;5;015m[INFO]: [0mThis is a info message from thread 1018-09-2026 00:29:33 [38;5;009m[ERROR]: [0mThis is a error message from thread 018-09-2026 00:29:33 [38;5;009m[ERROR]: [0mThis is a error message from thread 1018-09-2026 00:29:33 [38;5;009m[ERROR]: [0mThis is a error message from thread 1418-09-2026 00:29:33 [38;5;009m[ERROR]: [0mThis is a error message from thread 2518-09-2026 00:29:33 [38;5;117m[DEBUG]: [0mThis is a debug message from thread 2518-09-2026 00:29:33 [38;5;117m[DEBUG]: [0mThis is a debug message from thread 1218-09-2026 00:29:33 [38;5;009m[ERROR]: [0mThis is a error message from thread 2918-09-2026 00:29:33 [38;5;117m[DEBUG]: [0mThis is a debug message from thread 1018-09-2026 00:29:33 [38;5;117m[DEBUG]: [0mThis is a debug message from thread 1418-09-2026 00:29:33 [38;5;009m[ERROR]: [0mThis is a error message from thread 2218-09-2026 00:29:33 [38;5;117m[DEBUG]: [0mThis is a debug message from thread 818-09-2026 00:29:33 [38;5;117m[DEBUG]: [0mThis is a debug message from thread 2918-09-2026 00:29:33 [38;5;009m[ERROR]: [0mThis is a error message from thread 318-09-2026 00:29:33 [38;5;015m[INFO]: [0mThis is a info message from thread 1218-09-2026 00:29:33 [38;5;015m[INFO]: [0mThis is a info message from thread 1118-09-2026 00:29:33 [38;5;117m[DEBUG]: [0mThis is a debug message from thread 318-09-2026 00:29:33 [38;5;117m[DEBUG]: [0mThis is a debug message from thread 2018-09-2026 00:29:33 [38;5;009m[ERROR]: [0mThis is a error message from thread 118-09-2026 00:29:33 [38;5;117m[DEBUG]: [0mThis is a debug message from thread 2118-09-2026 00:29:33 [38;5;009m[ERROR]: [0mThis is a error message from thread 1818-09-2026 00:29:33 [38;5;015m[INFO]: [0mThis is a info message from thread 2018-09-2026 00:29:33 [38;5;015m[INFO]: [0mThis is a info message from thread 2518-09-2026 00:29:33 [38;5;015m[INFO]: [0mThis is a info message from thread 318-09-2026 00:29:33 [38;5;015m[INFO]: [0mThis is a info message from thread 518-09-2026 00:29:33 [38;5;009m[ERROR]: [0mThis is a error message from thread 1618-09-2026 00:29:33 [38;5;015m[INFO]: [0mThis is a info message from thread 718-09-2026 00:29:33 [38;5;009m[ERROR]: [0mThis is a error message from thread 2518-09-2026 00:29:33 [38;5;015m[INFO]: [0mThis is a info message from thread 618-09-2026 00:29:33 [38;5;009m[ERROR]: [0mThis is a error message from thread 318-09-2026 00:29:33 [38;5;015m[INFO]: [0mThis is a info message from thread 218-09-2026 00:29:33 [38;5;009m[ERROR]: [0mThis is a error message from thread 1218-09-2026 00:29:33 [38;5;015m[INFO]: [0mThis is a info message from thread 1518-09-2026 00:29:33 [38;5;009m[ERROR]: [0mThis is a error message from thread 1518-09-2026 00:29:33 [38;5;015m[INFO]: [0mThis is a info message from thread 918-09-2026 00:29:33 [38;5;009m[ERROR]: [0mThis is a error message from thread 2318-09-2026 00:29:33 [38;5;117m[DEBUG]: [0mThis is a debug message from thread 1618-09-2026 00:29:33 [38;5;009m[ERROR]: [0mThis is a error message from thread 2718-09-2026 00:29:33 [38;5;009m[ERROR]: [0mThis is a error message from thread 918-09-2026 00:29:33 [38;5;117m[DEBUG]: [0mThis is a debug message from thread 418-09-2026 00:29:33 [38;5;009m[ERROR]: [0mThis is a error message from thread 218-09-2026 00:29:33 [38;5;009m[ERROR]: [0mThis is a error message from thread 1318-09-2026 00:29:33 [38;5;009m[ERROR]: [0mThis is a error message from thread 2418-09-2026 00:29:33 [38;5;117m[DEBUG]: [0mThis is a debug message from thread 918-09-2026 00:29:33 [38;5;015m[INFO]: [0mThis is a info message from thread 418-09-2026 00:29:33 [38;5;009m[ERROR]: [0mThis is a error message from thread 518-09-2026 00:29:33 [38;5;015m[INFO]: [0mThis is a info message from thread 1418-09-2026 00:29:33 [38;5;015m[INFO]: [0mThis is a info message from thread 2918-09-2026 00:29:33 [38;5;009m[ERROR]: [0mThis is a error message from thread 2818-09-2026 00:29:33 [38;5;117m[DEBUG]: [0mThis is a debug message from thread 2218-09-2026 00:29:33 [38;5;015m[INFO]: [0mThis is a info message from thread 1018-09-2026 00:29:33 [38;5;015m[INFO]: [0mThis is a info message from thread 2118-09-2026 00:29:33 [38;5;009m[ERROR]: [0mThis is a error message from thread 1418-09-2026 00:29:33 [38;5;015m[INFO]: [0mThis is a info message from thread 818-09-2026 00:29:33 [38;5;117m[DEBUG]: [0mThis is a debug message from thread 2818-09-2026 00:29:33 [38;5;117m[DEBUG]: [0mThis is a debug message from thread 1318-09-2026 00:29:33 [38;5;009m[ERROR]: [0mThis is a error message from thread 418-09-2026 00:29:33 [38;5;117m[DEBUG]: [0mThis is a debug message from thread 118-09-2026 00:29:33 [38;5;015m[INFO]: [0mThis is a info message from thread 2818-09-2026 00:29:33 [38;5;117m[DEBUG]: [0mThis is a debug message from thread 1418-09-2026 00:29:33 [38;5;015m[INFO]: [0mThis is a info message from thread 1618-09-2026 00:29:33 [38;5;009m[ERROR]: [0mThis is a error message from thread 1018-09-2026 00:29:33 [38;5;117m[DEBUG]: [0mThis is a debug message from thread 018-09-2026 00:29:33 [38;5;009m[ERROR]: [0mThis is a error message from thread 1118-09-2026 00:29:33 [38;5;009m[ERROR]: [0mThis is a error message from thread 718-09-2026 00:29:33 [38;5;117m[DEBUG]: [0mThis is a debug message from thread 1118-09-2026 00:29:33 [38;5;015m[INFO]: [0mThis is a info message from thread 1318-09-2026 00:29:33 [38;5;117m[DEBUG]: [0mThis is a debug message from thread 418-09-2026 00:29:33 [38;5;009m[ERROR]: [0mThis is a error message from thread 818-09-2026 00:29:33 [38;5;015m[INFO]: [0mThis is a info message from thread 418-09-2026 00:29:33 [38;5;117m[DEBUG]: [0mThis is a debug message from thread 318-09-2026 00:29:33 [38;5;009m[ERROR]: [0mThis is a error message from thread 1918-09-2026 00:29:33 [38;5;009m[ERROR]: [0mThis is a error message from thread 2018-09-2026 00:29:33 [38;5;117m[DEBUG]: [0mThis is a debug message from thread 2318-09-2026 00:29:33 [38;5;009m[ERROR]: [0mThis is a error message from thread 2118-09-2026 00:29:33 [38;5;117m[DEBUG]: [0mThis is a debug message from thread 2518-09-2026 00:29:33 [38;5;117m[DEBUG]: [0mThis is a debug message from thread 2718-09-2026 00:29:33 [38;5;117m[DEBUG]: [0mThis is a debug message from thread 1918-09-2026 00:29:33 [38;5;009m[ERROR]: [0mThis is a error message from thread 1618-09-2026 00:29:33 [38;5;117m[DEBUG]: [0mThis is a debug message from thread 1718-09-2026 00:29:33 [38;5;009m[ERROR]: [0mThis is a error message from thread 418-09-2026 00:29:33 [38;5;117m[DEBUG]: [0mThis is a debug message from thread 1818-09-2026 00:29:33 [38;5;117m[DEBUG]: [0mThis is a debug message from thread 1218-09-2026 00:29:33 [38;5;015m[INFO]: [0mThis is a info message from thread 1418-09-2026 00:29:33 [38;5;015m[INFO]: [0mThis is a info message from thread 318-09-2026 00:29:33 [38;5;117m[DEBUG]: [0mThis is a debug message from thread 718-09-2026 00:29:33 [38;5;009m[ERROR]: [0mThis is a error message from thread 618-09-2026 00:29:33 [38;5;015m[INFO]: [0mThis is a info message from thread 118-09-2026 00:29:33 [38;5;015m[INFO]: [0mThis is a info message from thread 2718-09-2026 00:29:33 [38;5;015m[INFO]: [0mThis is a info message from thread 2518-09-2026 00:29:33 [38;5;015m[INFO]: [0mThis is a info message from thread 1218-09-2026 00:29:33 [38;5;117m[DEBUG]: [0mThis is a debug message from thread 418-09-2026 00:29:33 [38;5;015m[INFO]: [0mThis is a info message from thread 1818-09-2026 00:29:33 [38;5;117m[DEBUG]: [0mThis is a debug message from thread 2418-09-2026 00:29:33 [38;5;009m[ERROR]: [0mThis is a error message from thread 1318-09-2026 00:29:33 [38;5;117m[DEBUG]: [0mThis is a debug message from thread 2618-09-2026 00:29:33 [38;5;009m[ERROR]: [0mThis is a error message from thread 2718-09-2026 00:29:33 [38;5;117m[DEBUG]: [0mThis is a debug message from thread 618-09-2026 00:29:33 [38;5;009m[ERROR]: [0mThis is a error message from thread 1818-09-2026 00:29:33 [38;5;009m[ERROR]: [0mThis is a error message from thread 1418-09-2026 00:29:33 [38;5;015m[INFO]: [0mThis is a info message from thread 2618-09-2026 00:29:33 [38;5;015m[INFO]: [0mThis is a info message from thread 2318-09-2026 00:29:33 [38;5;009m[ERROR]: [0mThis is a error message from thread 2618-09-2026 00:29:33 [38;5;117m[DEBUG]: [0mThis is a debug message from thread 1418-09-2026 00:29:33 [38;5;015m[INFO]: [0mThis is a info message from thread 018-09-2026 00:29:33 [38;5;015m[INFO]: [0mThis is a info message from thread 1118-09-2026 00:29:33 [38;5;015m[INFO]: [0mThis is a info message from thread 418-09-2026 00:29:33 [38;5;117m[DEBUG]: [0mThis is a debug message from thread 1818-09-2026 00:29:33 [38;5;009m[ERROR]: [0mThis is a error message from thread 1218-09-2026 00:29:33 [38;5;117m[DEBUG]: [0mThis is a debug message from thread 2718-09-2026 00:29:33 [38;5;009m[ERROR]: [0mThis is a error message from thread 418-09-2026 00:29:33 [38;5;015m[INFO]: [0mThis is a info message from thread 1418-09-2026 00:29:33 [38;5;117m[DEBUG]: [0mThis is a debug message from thread 418-09-2026 00:29:33 [38;5;117m[DEBUG]: [0mThis is a debug message from thread 1318-09-2026 00:29:33 [38;5;009m[ERROR]: [0mThis is a error message from thread 2518-09-2026 00:29:33 [38;5;015m[INFO]: [0mThis is a info message from thread 418-09-2026 00:29:33 [38;5;009m[ERROR]: [0mThis is a error message from thread 1118-09-2026 00:29:33 [38;5;009m[ERROR]: [0mThis is a error message from thread 418-09-2026 00:29:33 [38;5;117m[DEBUG]: [0mThis is a debug message from thread 418-09-2026 00:29:33 [38;5;015m[INFO]: [0mThis is a info message from thread 1318-09-2026 00:29:33 [38;5;117m[DEBUG]: [0mThis is a debug message from thread 2618-09-2026 00:29:33 [38;5;117m[DEBUG]: [0mThis is a debug message from thread 1218-09-2026 00:29:33 [38;5;117m[DEBUG]: [0mThis is a debug message from thread 1118-09-2026 00:29:33 [38;5;117m[DEBUG]: [0mThis is a debug message from thread 2518-09-2026 00:29:33 [38;5;015m[INFO]: [0mThis is a info message from thread 2718-09-2026 00:29:33 [38;5;015m[INFO]: [0mThis is a info message from thread 718-09-2026 00:29:33 [38;5;117m[DEBUG]: [0mThis is a debug message from thread 1018-09-2026 00:29:33 [38;5;117m[DEBUG]: [0mThis is a debug message from thread 818-09-2026 00:29:33 [38;5;015m[INFO]: [0mThis is a info message from thread 2618-09-2026 00:29:33 [38;5;117m[DEBUG]: [0mThis is a debug message from thread 518-09-2026 00:29:33 [38;5;015m[INFO]: [0mThis is a info message from thread 918-09-2026 00:29:33 [38;5;117m[DEBUG]: [0mThis is a debug message from thread 2118-09-2026 00:29:33 [38;5;015m[INFO]: [0mThis is a info message from thread 1218-09-2026 00:29:33 [38;5;009m[ERROR]: [0mThis is a error message from thread 1318-09-2026 00:29:33 [38;5;015m[INFO]: [0mThis is a info message from thread 2218-09-2026 00:29:33 [38;5;009m[ERROR]: [0mThis is a error message from thread 318-09-2026 00:29:33 [38;5;015m[INFO]: [0mThis is a info message from thread 1018-09-2026 00:29:33 [38;5;009m[ERROR]: [0mThis is a error message from thread 018-09-2026 00:29:33 [38;5;009m[ERROR]: [0mThis is a error message from thread 1218-09-2026 00:29:33 [38;5;015m[INFO]: [0mThis is a info message from thread 2418-09-2026 00:29:33 [38;5;117m[DEBUG]: [0mThis is a debug message from thread 1518-09-2026 00:29:33 [38;5;009m[ERROR]: [0mThis is a error message from thread 718-09-2026 00:29:33 [38;5;009m[ERROR]: [0mThis is a error message from thread 2618-09-2026 00:29:33 [38;5;009m[ERROR]: [0mThis is a error message from thread 1418-09-2026 00:29:33 [38;5;009m[ERROR]: [0mThis is a error message from thread 1018-09-2026 00:29:33 [38;5;009m[ERROR]: [0mThis is a error message from thread 2718-09-2026 00:29:33 [38;5;117m[DEBUG]: [0mThis is a debug message from thread 2618-09-2026 00:29:33 [38;5;117m[DEBUG]: [0mThis is a debug message from thread 1418-09-2026 00:29:33 [38;5;117m[DEBUG]: [0mThis is a debug message from thread 018-09-2026 00:29:33 [38;5;015m[INFO]: [0mThis is a info message from thread 418-09-2026 00:29:33 [38;5;117m[DEBUG]: [0mThis is a debug message from thread 218-09-2026 00:29:33 [38;5;009m[ERROR]: [0mThis is a error message from thread 2318-09-2026 00:29:33 [38;5;015m[INFO]: [0mThis is a info message from thread 018-09-2026 00:29:33 [38;5;015m[INFO]: [0mThis is a info message from thread 2618-09-2026 00:29:33 [38;5;117m[DEBUG]: [0mThis is a debug message from thread 2718-09-2026 00:29:33 [38;5;015m[INFO]: [0mThis is a info message from thread 2118-09-2026 00:29:33 [38;5;015m[INFO]: [0mThis is a info message from thread 1518-09-2026 00:29:33 [38;5;015m[INFO]: [0mThis is a info message from thread 218-09-2026 00:29:33 [38;5;117m[DEBUG]: [0mThis is a debug message from thread 1218-09-2026 00:29:33 [38;5;009m[ERROR]: [0mThis is a error message from thread 218-09-2026 00:29:33 [38;5;015m[INFO]: [0mThis is a info message from thread 1418-09-2026 00:29:33 [38;5;009m[ERROR]: [0mThis is a error message from thread 2618-09-2026 00:29:33 [38;5;015m[INFO]: [0mThis is a info message from thread 1118-09-2026 00:29:33 [38;5;015m[INFO]: [0mThis is a info message from thread 1818-09-2026 00:29:33 [38;5;009m[ERROR]: [0mThis is a error message from thread 018-09-2026 00:29:33 [38;5;117m[DEBUG]: [0mThis is a debug message from thread 2618-09-2026 00:29:33 [38;5;015m[INFO]: [0mThis is a info message from thread 1718-09-2026 00:29:33 [38;5;009m[ERROR]: [0mThis is a error message from thread 2818-09-2026 00:29:33 [38;5;117m[DEBUG]: [0mThis is a debug message from thread 218-09-2026 00:29:33 [38;5;015m[INFO]: [0mThis is a info message from thread 2718-09-2026 00:29:33 [38;5;009m[ERROR]: [0mThis is a error message from thread 1418-09-2026 00:29:33 [38;5;015m[INFO]: [0mThis is a info message from thread 818-09-2026 00:29:33 [38;5;117m[DEBUG]: [0mThis is a debug message from thread 2318-09-2026 00:29:33 [38;5;117m[DEBUG]: [0mThis is a debug message from thread 1418-09-2026 00:29:33 [38;5;015m[INFO]: [0mThis is a info message from thread 618-09-2026 00:29:33 [38;5;015m[INFO]: [0mThis is a info message from thread 218-09-2026 00:29:33 [38;5;117m[DEBUG]: [0mThis is a debug message from thread 2018-09-2026 00:29:33 [38;5;117m[DEBUG]: [0mThis is a debug message from thread 1318-09-2026 00:29:33 [38;5;117m[DEBUG]: [0mThis is a debug message from thread 2818-09-2026 00:29:33 [38;5;015m[INFO]: [0mThis is a info message from thread 2618-09-2026 00:29:33 [38;5;009m[ERROR]: [0mThis is a error message from thread 2118-09-2026 00:29:33 [38;5;009m[ERROR]: [0mThis is a error message from thread 2718-09-2026 00:29:33 [38;5;009m[ERROR]: [0mThis is a error message from thread 2918-09-2026 00:29:33 [38;5;117m[DEBUG]: [0mThis is a debug message from thread 018-09-2026 00:29:33 [38;5;117m[DEBUG]: [0mThis is a debug message from thread 2918-09-2026 00:29:33 [38;5;015m[INFO]: [0mThis is a info message from thread 2918-09-2026 00:29:33 [38;5;015m[INFO]: [0mThis is a info message from thread 1318-09-2026 00:29:33 [38;5;015m[INFO]: [0mThis is a info message from thread 1218-09-2026 00:29:33 [38;5;009m[ERROR]: [0mThis is a error message from thread 1318-09-2026 00:29:33 [38;5;015m[INFO]: [0mThis is a info message from thread 2018-09-2026 00:29:33 [38;5;009m[ERROR]: [0mThis is a error message from thread 2918-09-2026 00:29:33 [38;5;009m[ERROR]: [0mThis is a error message from thread 2618-09-2026 00:29:33 [38;5;009m[ERROR]: [0mThis is a error message from thread 418-09-2026 00:29:33 [38;5;009m[ERROR]: [0mThis is a error message from thread 1218-09-2026 00:29:33 [38;5;015m[INFO]: [0mThis is a info message from thread 018-09-2026 00:29:33 [38;5;009m[ERROR]: [0mThis is a error message from thread 1818-09-2026 00:29:33 [38;5;015m[INFO]: [0mThis is a info message from thread 518-09-2026 00:29:33 [38;5;009m[ERROR]: [0mThis is a error message from thread 218-09-2026 00:29:33 [38;5;117m[DEBUG]: [0mThis is a debug message from thread 2718-09-2026 00:29:33 [38;5;117m[DEBUG]: [0mThis is a debug message from thread 2618-09-2026 00:29:33 [38;5;117m[DEBUG]: [0mThis is a debug message from thread 1318-09-2026 00:29:33 [38;5;117m[DEBUG]: [0mThis is a debug message from thread 718-09-2026 00:29:33 [38;5;009m[ERROR]: [0mThis is a error message from thread 1518-09-2026 00:29:33 [38;5;009m[ERROR]: [0mThis is a error message from thread 1118-09-2026 00:29:33 [38;5;117m[DEBUG]: [0mThis is a debug message from thread 1618-09-2026 00:29:33 [38;5;009m[ERROR]: [0mThis is a error message from thread 2218-09-2026 00:29:33 [38;5;117m[DEBUG]: [0mThis is a debug message from thread 2118-09-2026 00:29:33 [38;5;009m[ERROR]: [0mThis is a error message from thread 018-09-2026 00:29:33 [38;5;009m[ERROR]: [0mThis is a error message from thread 618-09-2026 00:29:33 [38;5;117m[DEBUG]: [0mThis is a debug message from thread 1518-09-2026 00:29:33 [38;5;015m[INFO]: [0mThis is a info message from thread 2718-09-2026 00:29:33 [38;5;015m[INFO]: [0mThis is a info message from thread 1518-09-2026 00:29:33 [38;5;015m[INFO]: [0mThis is a info message from thread 1318-09-2026 00:29:33 [38;5;117m[DEBUG]: [0mThis is a debug message from thread 618-09-2026 00:29:33 [38;5;015m[INFO]: [0mThis is a info message from thread 2618-09-2026 00:29:33 [38;5;117m[DEBUG]: [0mThis is a debug message from thread 218-09-2026 00:29:33 [38;5;009m[ERROR]: [0mThis is a error message from thread 2618-09-2026 00:29:33 [38;5;009m[ERROR]: [0mThis is a error message from thread 2718-09-2026 00:29:33 [38;5;009m[ERROR]: [0mThis is a error message from thread 1318-09-2026 00:29:33 [38;5;009m[ERROR]: [0mThis is a error message from thread 518-09-2026 00:29:33 [38;5;117m[DEBUG]: [0mThis is a debug message from thread 018-09-2026 00:29:33 [38;5;117m[DEBUG]: [0mThis is a debug message from thread 518-09-2026 00:29:33 [38;5;117m[DEBUG]: [0mThis is a debug message from thread 1318-09-2026 00:29:33 [38;5;015m[INFO]: [0mThis is a info message from thread 518-09-2026 00:29:33 [38;5;117m[DEBUG]: [0mThis is a debug message from thread 1118-09-2026 00:29:33 [38;5;015m[INFO]: [0mThis is a info message from thread 718-09-2026 00:29:33 [38;5;015m[INFO]: [0mThis is a info message from thread 618-09-2026 00:29:33 [38;5;117m[DEBUG]: [0mThis is a debug message from thread 2718-09-2026 00:29:33 [38;5;117m[DEBUG]: [0mThis is a debug message from thread 1218-09-2026 00:29:33 [38;5;009m[ERROR]: [0mThis is a error message from thread 918-09-2026 00:29:33 [38;5;015m[INFO]: [0mThis is a info message from thread 1418-09-2026 00:29:33 [38;5;015m[INFO]: [0mThis is a info message from thread 1318-09-2026 00:29:33 [38;5;009m[ERROR]: [0mThis is a error message from thread 118-09-2026 00:29:33 [38;5;009m[ERROR]: [0mThis is a error message from thread 618-09-2026 00:29:33 [38;5;015m[INFO]: [0mThis is a info message from thread 2818-09-2026 00:29:33 [38;5;117m[DEBUG]: [0mThis is a debug message from thread 2918-09-2026 00:29:33 [38;5;009m[ERROR]: [0mThis is a error message from thread 818-09-2026 00:29:33 [38;5;015m[INFO]: [0mThis is a info message from thread 2718-09-2026 00:29:33 [38;5;015m[INFO]: [0mThis is a info message from thread 2518-09-2026 00:29:33 [38;5;009m[ERROR]: [0mThis is a error message from thread 718-09-2026 00:29:33 [38;5;015m[INFO]: [0mThis is a info message from thread 1918-09-2026 00:29:33 [38;5;117m[DEBUG]: [0mThis is a debug message from thread 918-09-2026 00:29:33 [38;5;117m[DEBUG]: [0mThis is a debug message from thread 618-09-2026 00:29:33 [38;5;009m[ERROR]: [0mThis is a error message from thread 2718-09-2026 00:29:33 [38;5;009m[ERROR]: [0mThis is a error message from thread 2518-09-2026 00:29:33 [38;5;015m[INFO]: [0mThis is a info message from thread 1618-09-2026 00:29:33 [38;5;009m[ERROR]: [0mThis is a error message from thread 2418-09-2026 00:29:33 [38;5;009m[ERROR]: [0mThis is a error message from thread 2018-09-2026 00:29:33 [38;5;009m[ERROR]: [0mThis is a error message from thread 1918-09-2026 00:29:33 [38;5;117m[DEBUG]: [0mThis is a debug message from thread 2418-09-2026 00:29:33 [38;5;015m[INFO]: [0mThis is a info message from thread 1118-09-2026 00:29:33 [38;5;015m[INFO]: [0mThis is a info message from thread 2918-09-2026 00:29:33 [38;5;117m[DEBUG]: [0mThis is a debug message from thread 2518-09-2026 00:29:33 [38;5;009m[ERROR]: [0mThis is a error message from thread 1618-09-2026 00:29:33 [38;5;015m[INFO]: [0mThis is a info message from thread 2418-09-2026 00:29:33 [38;5;117m[DEBUG]: [0mThis is a debug message from thread 318-09-2026 00:29:33 [38;5;117m[DEBUG]: [0mThis is a debug message from thread 2618-09-2026 00:29:33 [38;5;117m[DEBUG]: [0mThis is a debug message from thread 2718-09-2026 00:29:33 [38;5;015m[INFO]: [0mThis is a info message from thread 318-09-2026 00:29:33 [38;5;117m[DEBUG]: [0mThis is a debug message from thread 718-09-2026 00:29:33 [38;5;015m[INFO]: [0mThis is a info message from thread 2518-09-2026 00:29:33 [38;5;015m[INFO]: [0mThis is a info message from thread 018-09-2026 00:29:33 [38;5;009m[ERROR]: [0mThis is a error message from thread 2518-09-2026 00:29:33 [38;5;117m[DEBUG]: [0mThis is a debug message from thread 818-09-2026 00:29:33 [38;5;009m[ERROR]: [0mThis is a error message from thread 1118-09-2026 00:29:33 [38;5;009m[ERROR]: [0mThis is a error message from thread 018-09-2026 00:29:33 [38;5;009m[ERROR]: [0mThis is a error message from thread 1318-09-2026 00:29:33 [38;5;009m[ERROR]: [0mThis is a error message from thread 2918-09-2026 00:29:33 [38;5;015m[INFO]: [0mThis is a info message from thread 2618-09-2026 00:29:33 [38;5;117m[DEBUG]: [0mThis is a debug message from thread 2518-09-2026 00:29:33 [38;5;009m[ERROR]: [0mThis is a error message from thread 2618-09-2026 00:29:33 [38;5;117m[DEBUG]: [0mThis is a debug message from thread 1918-09-2026 00:29:33 [38;5;117m[DEBUG]: [0mThis is a debug message from thread 2618-09-2026 00:29:33 [38;5;015m[INFO]: [0mThis is a info message from thread 2118-09-2026 00:29:33 [38;5;117m[DEBUG]: [0mThis is a debug message from thread 1318-09-2026 00:29:33 [38;5;009m[ERROR]: [0mThis is a error message from thread 2418-09-2026 00:29:33 [38;5;117m[DEBUG]: [0mThis is a debug message from thread 2918-09-2026 00:29:33 [38;5;015m[INFO]: [0mThis is a info message from thread 818-09-2026 00:29:33 [38;5;015m[INFO]: [0mThis is a info message from thread 1318-09-2026 00:29:33 [38;5;015m[INFO]: [0mThis is a info message from thread 2618-09-2026 00:29:33 [38;5;015m[INFO]: [0mThis is a info message from thread 718-09-2026 00:29:33 [38;5;015m[INFO]: [0mThis is a info message from thread 618-09-2026 00:29:33 [38;5;117m[DEBUG]: [0mThis is a debug message from thread 118-09-2026 00:29:33 [38;5;117m[DEBUG]: [0mThis is a debug message from thread 1118-09-2026 00:29:33 [38;5;117m[DEBUG]: [0mThis is a debug message from thread 418-09-2026 00:29:33 [38;5;009m[ERROR]: [0mThis is a error message from thread 2118-09-2026 00:29:33 [38;5;117m[DEBUG]: [0mThis is a debug message from thread 2418-09-2026 00:29:33 [38;5;009m[ERROR]: [0mThis is a error message from thread 618-09-2026 00:29:33 [38;5;015m[INFO]: [0mThis is a info message from thread 2418-09-2026 00:29:33 [38;5;009m[ERROR]: [0mThis is a error message from thread 718-09-2026 00:29:33 [38;5;009m[ERROR]: [0mThis is a error message from thread 2418-09-2026 00:29:33 [38;5;117m[DEBUG]: [0mThis is a debug message from thread 2218-09-2026 00:29:33 [38;5;015m[INFO]: [0mThis is a info message from thread 218-09-2026 00:29:33 [38;5;015m[INFO]: [0mThis is a info message from thread 2918-09-2026 00:29:33 [38;5;009m[ERROR]: [0mThis is a error message from thread 1318-09-2026 00:29:33 [38;5;009m[ERROR]: [0mThis is a error message from thread 2618-09-2026 00:29:33 [38;5;009m[ERROR]: [0mThis is a error message from thread 818-09-2026 00:29:33 [38;5;015m[INFO]: [0mThis is a info message from thread 1218-09-2026 00:29:33 [38;5;015m[INFO]: [0mThis is a info message from thread 2718-09-2026 00:29:33 [38;5;117m[DEBUG]: [0mThis is a debug message from thread 1018-09-2026 00:29:33 [38;5;009m[ERROR]: [0mThis is a error message from thread 318-09-2026 00:29:33 [38;5;009m[ERROR]: [0mThis is a error message from thread 2918-09-2026 00:29:33 [38;5;015m[INFO]: [0mThis is a info message from thread 1918-09-2026 00:29:33 [38;5;015m[INFO]: [0mThis is a info message from thread 1018-09-2026 00:29:33 [38;5;015m[INFO]: [0mThis is a info message from thread 918-09-2026 00:29:33 [38;5;015m[INFO]: [0mThis is a info message from thread 418-09-2026 00:29:33 [38;5;015m[INFO]: [0mThis is a info message from thread 2218-09-2026 00:29:33 [38;5;015m[INFO]: [0mThis is a info message from thread 2318-09-2026 00:29:33 [38;5;009m[ERROR]: [0mThis is a error message from thread 1418-09-2026 00:29:33 [38;5;009m[ERROR]: [0mThis is a error message from thread 1918-09-2026 00:29:33 [38;5;009m[ERROR]: [0mThis is a error message from thread 2718-09-2026 00:29:33 [38;5;117m[DEBUG]: [0mThis is a debug message from thread 318-09-2026 00:29:33 [38;5;117m[DEBUG]: [0mThis is a debug message from thread 2718-09-2026 00:29:33 [38;5;009m[ERROR]: [0mThis is a error message from thread 2318-09-2026 00:29:33 [38;5;015m[INFO]: [0mThis is a info message from thread 2518-09-2026 00:29:33 [38;5;117m[DEBUG]: [0mThis is a debug message from thread 818-09-2026 00:29:33 [38;5;009m[ERROR]: [0mThis is a error message from thread 2218-09-2026 00:29:33 [38;5;009m[ERROR]: [0mThis is a error message from thread 1018-09-2026 00:29:33 [38;5;117m[DEBUG]: [0mThis is a debug message from thread 1918-09-2026 00:29:33 [38;5;117m[DEBUG]: [0mThis is a debug message from thread 1418-09-2026 00:29:33 [38;5;117m[DEBUG]: [0mThis is a debug message from thread 1018-09-2026 00:29:33 [38;5;009m[ERROR]: [0mThis is a error message from thread 2518-09-2026 00:29:33 [38;5;117m[DEBUG]: [0mThis is a debug message from thread 2118-09-2026 00:29:33 [38;5;117m[DEBUG]: [0mThis is a debug message from thread 2318-09-2026 00:29:33 [38;5;009m[ERROR]: [0mThis is a error message from thread 2818-09-2026 00:29:33 [38;5;015m[INFO]: [0mThis is a info message from thread 818-09-2026 00:29:33 [38;5;015m[INFO]: [0mThis is a info message from thread 1018-09-2026 00:29:33 [38;5;015m[INFO]: [0mThis is a info message from thread 1918-09-2026 00:29:33 [38;5;015m[INFO]: [0mThis is a info message from thread 2118-09-2026 00:29:33 [38;5;117m[DEBUG]: [0mThis is a debug message from thread 2418-09-2026 00:29:33 [38;5;117m[DEBUG]: [0mThis is a debug message from thread 2818-09-2026 00:29:33 [38;5;009m[ERROR]: [0mThis is a error message from thread 1918-09-2026 00:29:33 [38;5;117m[DEBUG]: [0mThis is a debug message from thread 1918-09-2026 00:29:33 [38;5;015m[INFO]: [0mThis is a info message from thread 2818-09-2026 00:29:33 [38;5;117m[DEBUG]: [0mThis is a debug message from thread 018-09-2026 00:29:33 [38;5;015m[INFO]: [0mThis is a info message from thread 1918-09-2026 00:29:33 [38;5;015m[INFO]: [0mThis is a info message from thread 2418-09-2026 00:29:33 [38;5;015m[INFO]: [0mThis is a info message from thread 318-09-2026 00:29:33 [38;5;117m[DEBUG]: [0mThis is a debug message from thread 1318-09-2026 00:29:33 [38;5;015m[INFO]: [0mThis is a info message from thread 2718-09-2026 00:29:33 [38;5;015m[INFO]: [0mThis is a info message from thread 018-09-2026 00:29:33 [38;5;015m[INFO]: [0mThis is a info message from thread 1118-09-2026 00:29:33 [38;5;117m[DEBUG]: [0mThis is a debug message from thread 618-09-2026 00:29:33 [38;5;117m[DEBUG]: [0mThis is a debug message from thread 1618-09-2026 00:29:33 [38;5;009m[ERROR]: [0mThis is a error message from thread 1118-09-2026 00:29:33 [38;5;009m[ERROR]: [0mThis is a error message from thread 1918-09-2026 00:29:33 [38;5;015m[INFO]: [0mThis is a info message from thread 618-09-2026 00:29:33 [38;5;117m[DEBUG]: [0mThis is a debug message from thread 1818-09-2026 00:29:33 [38;5;009m[ERROR]: [0mThis is a error message from thread 618-09-2026 00:29:33 [38;5;117m[DEBUG]: [0mThis is a debug message from thread 718-09-2026 00:29:33 [38;5;015m[INFO]: [0mThis is a info message from thread 118-09-2026 00:29:33 [38;5;117m[DEBUG]: [0mThis is a debug message from thread 618-09-2026 00:29:33 [38;5;117m[DEBUG]: [0mThis is a debug message from thread 2918-09-2026 00:29:33 [38;5;117m[DEBUG]: [0mThis is a debug message from thread 2518-09-2026 00:29:33 [38;5;015m[INFO]: [0mThis is a info message from thread 2918-09-2026 00:29:33 [38;5;015m[INFO]: [0mThis is a info message from thread 1318-09-2026 00:29:33 [38;5;009m[ERROR]: [0mThis is a error message from thread 2718-09-2026 00:29:33 [38;5;009m[ERROR]: [0mThis is a error message from thread 318-09-2026 00:29:33 [38;5;009m[ERROR]: [0mThis is a error message from thread 218-09-2026 00:29:33 [38;5;015m[INFO]: [0mThis is a info message from thread 1618-09-2026 00:29:33 [38;5;117m[DEBUG]: [0mThis is a debug message from thread 1118-09-2026 00:29:33 [38;5;015m[INFO]: [0mThis is a info message from thread 1118-09-2026 00:29:33 [38;5;009m[ERROR]: [0mThis is a error message from thread 1118-09-2026 00:29:33 [38;5;009m[ERROR]: [0mThis is a error message from thread 1618-09-2026 00:29:33 [38;5;015m[INFO]: [0mThis is a info message from thread 718-09-2026 00:29:33 [38;5;015m[INFO]: [0mThis is a info message from thread 2318-09-2026 00:29:33 [38;5;015m[INFO]: [0mThis is a info message from thread 618-09-2026 00:29:33 [38;5;009m[ERROR]: [0mThis is a error message from thread 718-09-2026 00:29:33 [38;5;009m[ERROR]: [0mThis is a error message from thread 418-09-2026 00:29:33 [38;5;009m[ERROR]: [0mThis is a error message from thread 2318-09-2026 00:29:33 [38;5;009m[ERROR]: [0mThis is a error message from thread 118-09-2026 00:29:33 [38;5;117m[DEBUG]: [0mThis is a debug message from thread 1618-09-2026 00:29:33 [38;5;117m[DEBUG]: [0mThis is a debug message from thread 218-09-2026 00:29:33 [38;5;117m[DEBUG]: [0mThis is a debug message from thread 118-09-2026 00:29:33 [38;5;117m[DEBUG]: [0mThis is a debug message from thread 2318-09-2026 00:29:33 [38;5;015m[INFO]: [0mThis is a info message from thread 218-09-2026 00:29:33 [38;5;015m[INFO]: [0mThis is a info message from thread 1618-09-2026 00:29:33 [38;5;009m[ERROR]: [0mThis is a error message from thread 2118-09-2026 00:29:33 [38;5;009m[ERROR]: [0mThis is a error message from thread 1218-09-2026 00:29:33 [38;5;009m[ERROR]: [0mThis is a error message from thread 018-09-2026 00:29:33 [38;5;009m[ERROR]: [0mThis is a error message from thread 1018-09-2026 00:29:33 [38;5;015m[INFO]: [0mThis is a info message from thread 2318-09-2026 00:29:33 [38;5;015m[INFO]: [0mThis is a info message from thread 1418-09-2026 00:29:33 [38;5;009m[ERROR]: [0mThis is a error message from thread 1318-09-2026 00:29:33 [38;5;009m[ERROR]: [0mThis is a error message from thread 2818-09-2026 00:29:33 [38;5;009m[ERROR]: [0mThis is a error message from thread 1718-09-2026 00:29:33 [38;5;117m[DEBUG]: [0mThis is a debug message from thread 2118-09-2026 00:29:33 [38;5;009m[ERROR]: [0mThis is a error message from thread 1518-09-2026 00:29:33 [38;5;009m[ERROR]: [0mThis is a error message from thread 1418-09-2026 00:29:33 [38;5;009m[ERROR]: [0mThis is a error message from thread 818-09-2026 00:29:33 [38;5;117m[DEBUG]: [0mThis is a debug message from thread 318-09-2026 00:29:33 [38;5;009m[ERROR]: [0mThis is a error message from thread 2418-09-2026 00:29:33 [38;5;117m[DEBUG]: [0mThis is a debug message from thread 2618-09-2026 00:29:33 [38;5;117m[DEBUG]: [0mThis is a debug message from thread 1418-09-2026 00:29:33 [38;5;015m[INFO]: [0mThis is a info message from thread 118-09-2026 00:29:33 [38;5;117m[DEBUG]: [0mThis is a debug message from thread 1018-09-2026 00:29:33 [38;5;015m[INFO]: [0mThis is a info message from thread 2618-09-2026 00:29:33 [38;5;117m[DEBUG]: [0mThis is a debug message from thread 2218-09-2026 00:29:33 [38;5;117m[DEBUG]: [0mThis is a debug message from thread 818-09-2026 00:29:33 [38;5;009m[ERROR]: [0mThis is a error message from thread 918-09-2026 00:29:33 [38;5;009m[ERROR]: [0mThis is a error message from thread 1618-09-2026 00:29:33 [38;5;009m[ERROR]: [0mThis is a error message from thread 2918-09-2026 00:29:33 [38;5;117m[DEBUG]: [0mThis is a debug message from thread 1118-09-2026 00:29:33 [38;5;117m[DEBUG]: [0mThis is a debug message from thread 1518-09-2026 00:29:33 [38;5;009m[ERROR]: [0mThis is a error message from thread 218-09-2026 00:29:33 [38;5;117m[DEBUG]: [0mThis is a debug message from thread 718-09-2026 00:29:33 [38;5;117m[DEBUG]: [0mThis is a debug message from thread 2418-09-2026 00:29:33 [38;5;117m[DEBUG]: [0mThis is a debug message from thread 418-09-2026 00:29:33 [38;5;117m[DEBUG]: [0mThis is a debug message from thread 2718-09-2026 00:29:33 [38;5;015m[INFO]: [0mThis is a info message from thread 2418-09-2026 00:29:33 [38;5;015m[INFO]: [0mThis is a info message from thread 718-09-2026 00:29:33 [38;5;015m[INFO]: [0mThis is a info message from thread 1118-09-2026 00:29:33 [38;5;009m[ERROR]: [0mThis is a error message from thread 2618-09-2026 00:29:33 [38;5;015m[INFO]: [0mThis is a info message from thread 1018-09-2026 00:29:33 [38;5;009m[ERROR]: [0mThis is a error message from thread 718-09-2026 00:29:33 [38;5;117m[DEBUG]: [0mThis is a debug message from thread 2618-09-2026 00:29:33 [38;5;117m[DEBUG]: [0mThis is a debug message from thread 2018-09-2026 00:29:33 [38;5;009m[ERROR]: [0mThis is a error message from thread 1018-09-2026 00:29:33 [38;5;009m[ERROR]: [0mThis is a error message from thread 2418-09-2026 00:29:33 [38;5;009m[ERROR]: [0mThis is a error message from thread 1118-09-2026 00:29:33 [38;5;117m[DEBUG]: [0mThis is a debug message from thread 718-09-2026 00:29:33 [38;5;015m[INFO]: [0mThis is a info message from thread 2618-09-2026 00:29:33 [38;5;015m[INFO]: [0mThis is a info message from thread 2018-09-2026 00:29:33 [38;5;117m[DEBUG]: [0mThis is a debug message from thread 918-09-2026 00:29:33 [38;5;117m[DEBUG]: [0mThis is a debug message from thread 218-09-2026 00:29:33 [38;5;015m[INFO]: [0mThis is a info message from thread 918-09-2026 00:29:33 [38;5;117m[DEBUG]: [0mThis is a debug message from thread 2418-09-2026 00:29:33 [38;5;015m[INFO]: [0mThis is a info message from thread 218-09-2026 00:29:33 [38;5;009m[ERROR]: [0mThis is a error message from thread 518-09-2026 00:29:33 [38;5;117m[DEBUG]: [0mThis is a debug message from thread 1018-09-2026 00:29:33 [38;5;009m[ERROR]: [0mThis is a error message from thread 2618-09-2026 00:29:33 [38;5;015m[INFO]: [0mThis is a info message from thread 718-09-2026 00:29:33 [38;5;009m[ERROR]: [0mThis is a error message from thread 918-09-2026 00:29:33 [38;5;009m[ERROR]: [0mThis is a error message from thread 718-09-2026 00:29:33 [38;5;015m[INFO]: [0mThis is a info message from thread 2418-09-2026 00:29:33 [38;5;009m[ERROR]: [0mThis is a error message from thread 2018-09-2026 00:29:33 [38;5;117m[DEBUG]: [0mThis is a debug message from thread 1118-09-2026 00:29:33 [38;5;117m[DEBUG]: [0mThis is a debug message from thread 918-09-2026 00:29:33 [38;5;117m[DEBUG]: [0mThis is a debug message from thread 718-09-2026 00:29:33 [38;5;015m[INFO]: [0mThis is a info message from thread 1018-09-2026 00:29:33 [38;5;015m[INFO]: [0mThis is a info message from thread 718-09-2026 00:29:33 [38;5;009m[ERROR]: [0mThis is a error message from thread 2418-09-2026 00:29:33 [38;5;117m[DEBUG]: [0mThis is a debug message from thread 2618-09-2026 00:29:33 [38;5;015m[INFO]: [0mThis is a info message from thread 818-09-2026 00:29:33 [38;5;009m[ERROR]: [0mThis is a error message from thread 718-09-2026 00:29:33 [38;5;015m[INFO]: [0mThis is a info message from thread 918-09-2026 00:29:33 [38;5;117m[DEBUG]: [0mThis is a debug message from thread 518-09-2026 00:29:33 [38;5;015m[INFO]: [0mThis is a info message from thread 2118-09-2026 00:29:33 [38;5;117m[DEBUG]: [0mThis is a debug message from thread 2018-09-2026 00:29:33 [38;5;117m[DEBUG]: [0mThis is a debug message from thread 718-09-2026 00:29:33 [38;5;117m[DEBUG]: [0mThis is a debug message from thread 2418-09-2026 00:29:33 [38;5;015m[INFO]: [0mThis is a info message from thread 1818-09-2026 00:29:33 [38;5;015m[INFO]: [0mThis is a info message from thread 318-09-2026 00:29:33 [38;5;015m[INFO]: [0mThis is a info message from thread 2618-09-2026 00:29:33 [38;5;009m[ERROR]: [0mThis is a error message from thread 1018-09-2026 00:29:33 [38;5;009m[ERROR]: [0mThis is a error message from thread 918-09-2026 00:29:33 [38;5;009m[ERROR]: [0mThis is a error message from thread 818-09-2026 00:29:33 [38;5;117m[DEBUG]: [0mThis is a debug message from thread 2918-09-2026 00:29:33 [38;5;009m[ERROR]: [0mThis is a error message from thread 1818-09-2026 00:29:33 [38;5;015m[INFO]: [0mThis is a info message from thread 718-09-2026 00:29:33 [38;5;015m[INFO]: [0mThis is a info message from thread 2918-09-2026 00:29:33 [38;5;009m[ERROR]: [0mThis is a error message from thread 2918-09-2026 00:29:33 [38;5;117m[DEBUG]: [0mThis is a debug message from thread 1818-09-2026 00:29:33 [38;5;117m[DEBUG]: [0mThis is a debug message from thread 818-09-2026 00:29:33 [38;5;117m[DEBUG]: [0mThis is a debug message from thread 918-09-2026 00:29:33 [38;5;015m[INFO]: [0mThis is a info message from thread 2418-09-2026 00:29:33 [38;5;015m[INFO]: [0mThis is a info message from thread 1418-09-2026 00:29:33 [38;5;009m[ERROR]: [0mThis is a error message from thread 118-09-2026 00:29:33 [38;5;015m[INFO]: [0mThis is a info message from thread 818-09-2026 00:29:33 [38;5;009m[ERROR]: [0mThis is a error message from thread 718-09-2026 00:29:33 [38;5;117m[DEBUG]: [0mThis is a debug message from thread 1318-09-2026 00:29:33 [38;5;009m[ERROR]: [0mThis is a error message from thread 218-09-2026 00:29:33 [38;5;015m[INFO]: [0mThis is a info message from thread 1118-09-2026 00:29:33 [38;5;009m[ERROR]: [0mThis is a error message from thread 2118-09-2026 00:29:33 [38;5;009m[ERROR]: [0mThis is a error message from thread 1418-09-2026 00:29:33 [38;5;015m[INFO]: [0mThis is a info message from thread 518-09-2026 00:29:33 [38;5;009m[ERROR]: [0mThis is a error message from thread 818-09-2026 00:29:33 [38;5;117m[DEBUG]: [0mThis is a debug message from thread 718-09-2026 00:29:33 [38;5;009m[ERROR]: [0mThis is a error message from thread 2418-09-2026 00:29:33 [38;5;117m[DEBUG]: [0mThis is a debug message from thread 1218-09-2026 00:29:33 [38;5;117m[DEBUG]: [0mThis is a debug message from thread 1418-09-2026 00:29:33 [38;5;015m[INFO]: [0mThis is a info message from thread 718-09-2026 00:29:33 [38;5;117m[DEBUG]: [0mThis is a debug message from thread 2918-09-2026 00:29:33 [38;5;015m[INFO]: [0mThis is a info message from thread 1518-09-2026 00:29:33 [38;5;015m[INFO]: [0mThis is a info message from thread 1218-09-2026 00:29:33 [38;5;117m[DEBUG]: [0mThis is a debug message from thread 818-09-2026 00:29:33 [38;5;117m[DEBUG]: [0mThis is a debug message from thread 1018-09-2026 00:29:33 [38;5;015m[INFO]: [0mThis is a info message from thread 918-09-2026 00:29:33 [38;5;009m[ERROR]: [0mThis is a error message from thread 318-09-2026 00:29:33 [38;5;009m[ERROR]: [0mThis is a error message from thread 718-09-2026 00:29:33 [38;5;117m[DEBUG]: [0mThis is a debug message from thread 2818-09-2026 00:29:33 [38;5;117m[DEBUG]: [0mThis is a debug message from thread 1918-09-2026 00:29:33 [38;5;009m[ERROR]: [0mThis is a error message from thread 1118-09-2026 00:29:33 [38;5;009m[ERROR]: [0mThis is a error message from thread 2618-09-2026 00:29:33 [38;5;009m[ERROR]: [0mThis is a error message from thread 2318-09-2026 00:29:33 [38;5;015m[INFO]: [0mThis is a info message from thread 1418-09-2026 00:29:33 [38;5;117m[DEBUG]: [0mThis is a debug message from thread 2618-09-2026 00:29:33 [38;5;015m[INFO]: [0mThis is a info message from thread 1018-09-2026 00:29:33 [38;5;009m[ERROR]: [0mThis is a error message from thread 1218-09-2026 00:29:33 [38;5;015m[INFO]: [0mThis is a info message from thread 2918-09-2026 00:29:33 [38;5;117m[DEBUG]: [0mThis is a debug message from thread 1118-09-2026 00:29:33 [38;5;009m[ERROR]: [0mThis is a error message from thread 1418-09-2026 00:29:33 [38;5;117m[DEBUG]: [0mThis is a debug message from thread 718-09-2026 00:29:33 [38;5;015m[INFO]: [0mThis is a info message from thread 2618-09-2026 00:29:33 [38;5;117m[DEBUG]: [0mThis is a debug message from thread 2318-09-2026 00:29:33 [38;5;117m[DEBUG]: [0mThis is a debug message from thread 1418-09-2026 00:29:33 [38;5;009m[ERROR]: [0mThis is a error message from thread 1018-09-2026 00:29:33 [38;5;009m[ERROR]: [0mThis is a error message from thread 2918-09-2026 00:29:33 [38;5;117m[DEBUG]: [0mThis is a debug message from thread 118-09-2026 00:29:33 [38;5;015m[INFO]: [0mThis is a info message from thread 1418-09-2026 00:29:33 [38;5;117m[DEBUG]: [0mThis is a debug message from thread 1018-09-2026 00:29:33 [38;5;015m[INFO]: [0mThis is a info message from thread 2318-09-2026 00:29:33 [38;5;015m[INFO]: [0mThis is a info message from thread 1918-09-2026 00:29:33 [38;5;009m[ERROR]: [0mThis is a error message from thread 2618-09-2026 00:29:33 [38;5;009m[ERROR]: [0mThis is a error message from thread 1418-09-2026 00:29:33 [38;5;015m[INFO]: [0mThis is a info message from thread 1818-09-2026 00:29:33 [38;5;015m[INFO]: [0mThis is a info message from thread 1118-09-2026 00:29:33 [38;5;117m[DEBUG]: [0mThis is a debug message from thread 2618-09-2026 00:29:33 [38;5;009m[ERROR]: [0mThis is a error message from thread 1818-09-2026 00:29:33 [38;5;009m[ERROR]: [0mThis is a error message from thread 2318-09-2026 00:29:33 [38;5;117m[DEBUG]: [0mThis is a debug message from thread 2418-09-2026 00:29:33 [38;5;009m[ERROR]: [0mThis is a error message from thread 518-09-2026 00:29:33 [38;5;117m[DEBUG]: [0mThis is a debug message from thread 1618-09-2026 00:29:33 [38;5;015m[INFO]: [0mThis is a info message from thread 2418-09-2026 00:29:33 [38;5;117m[DEBUG]: [0mThis is a debug message from thread 218-09-2026 00:29:33 [38;5;015m[INFO]: [0mThis is a info message from thread 2718-09-2026 00:29:33 [38;5;117m[DEBUG]: [0mThis is a debug message from thread 2918-09-2026 00:29:33 [38;5;117m[DEBUG]: [0mThis is a debug message from thread 518-09-2026 00:29:33 [38;5;015m[INFO]: [0mThis is a info message from thread 1318-09-2026 00:29:33 [38;5;015m[INFO]: [0mThis is a info message from thread 518-09-2026 00:29:33 [38;5;015m[INFO]: [0mThis is a info message from thread 2918-09-2026 00:29:33 [38;5;117m[DEBUG]: [0mThis is a debug message from thread 018-09-2026 00:29:33 [38;5;009m[ERROR]: [0mThis is a error message from thread 1118-09-2026 00:29:33 [38;5;015m[INFO]: [0mThis is a info message from thread 118-09-2026 00:29:33 [38;5;015m[INFO]: [0mThis is a info message from thread 2218-09-2026 00:29:33 [38;5;009m[ERROR]: [0mThis is a error message from thread 518-09-2026 00:29:33 [38;5;009m[ERROR]: [0mThis is a error message from thread 2918-09-2026 00:29:33 [38;5;009m[ERROR]: [0mThis is a error message from thread 918-09-2026 00:29:33 [38;5;117m[DEBUG]: [0mThis is a debug message from thread 1818-09-2026 00:29:33 [38;5;015m[INFO]: [0mThis is a info message from thread 218-09-2026 00:29:33 [38;5;015m[INFO]: [0mThis is a info message from thread 018-09-2026 00:29:33 [38;5;015m[INFO]: [0mThis is a info message from thread 2818-09-2026 00:29:33 [38;5;117m[DEBUG]: [0mThis is a debug message from thread 1118-09-2026 00:29:33 [38;5;015m[INFO]: [0mThis is a info message from thread 2618-09-2026 00:29:33 [38;5;117m[DEBUG]: [0mThis is a debug message from thread 2118-09-2026 00:29:33 [38;5;015m[INFO]: [0mThis is a info message from thread 2018-09-2026 00:29:33 [38;5;015m[INFO]: [0mThis is a info message from thread 818-09-2026 00:29:33 [38;5;009m[ERROR]: [0mThis is a error message from thread 2418-09-2026 00:29:33 [38;5;117m[DEBUG]: [0mThis is a debug message from thread 2318-09-2026 00:29:33 [38;5;015m[INFO]: [0mThis is a info message from thread 2518-09-2026 00:29:33 [38;5;117m[DEBUG]: [0mThis is a debug message from thread 1718-09-2026 00:29:33 [38;5;015m[INFO]: [0mThis is a info message from thread 1718-09-2026 00:29:33 [38;5;015m[INFO]: [0mThis is a info message from thread 1118-09-2026 00:29:33 [38;5;009m[ERROR]: [0mThis is a error message from thread 2518-09-2026 00:29:33 [38;5;009m[ERROR]: [0mThis is a error message from thread 2818-09-2026 00:29:33 [38;5;009m[ERROR]: [0mThis is a error message from thread 2718-09-2026 00:29:33 [38;5;015m[INFO]: [0mThis is a info message from thread 1818-09-2026 00:29:33 [38;5;009m[ERROR]: [0mThis is a error message from thread 1918-09-2026 00:29:33 [38;5;117m[DEBUG]: [0mThis is a debug message from thread 2718-09-2026 00:29:33 [38;5;015m[INFO]: [0mThis is a info message from thread 1618-09-2026 00:29:33 [38;5;117m[DEBUG]: [0mThis is a debug message from thread 318-09-2026 00:29:33 [38;5;015m[INFO]: [0mThis is a info message from thread 718-09-2026 00:29:33 [38;5;015m[INFO]: [0mThis is a info message from thread 318-09-2026 00:29:33 [38;5;117m[DEBUG]: [0mThis is a debug message from thread 2518-09-2026 00:29:33 [38;5;015m[INFO]: [0mThis is a info message from thread 2318-09-2026 00:29:33 [38;5;009m[ERROR]: [0mThis is a error message from thread 1118-09-2026 00:29:33 [38;5;009m[ERROR]: [0mThis is a error message from thread 2318-09-2026 00:29:33 [38;5;009m[ERROR]: [0mThis is a error message from thread 718-09-2026 00:29:33 [38;5;117m[DEBUG]: [0mThis is a debug message from thread 1218-09-2026 00:29:33 [38;5;015m[INFO]: [0mThis is a info message from thread 1218-09-2026 00:29:33 [38;5;009m[ERROR]: [0mThis is a error message from thread 1618-09-2026 00:29:33 [38;5;009m[ERROR]: [0mThis is a error message from thread 1518-09-2026 00:29:33 [38;5;117m[DEBUG]: [0mThis is a debug message from thread 2318-09-2026 00:29:33 [38;5;117m[DEBUG]: [0mThis is a debug message from thread 1618-09-2026 00:29:33 [38;5;117m[DEBUG]: [0mThis is a debug message from thread 918-09-2026 00:29:33 [38;5;009m[ERROR]: [0mThis is a error message from thread 1318-09-2026 00:29:33 [38;5;009m[ERROR]: [0mThis is a error message from thread 218-09-2026 00:29:33 [38;5;015m[INFO]: [0mThis is a info message from thread 918-09-2026 00:29:33 [38;5;117m[DEBUG]: [0mThis is a debug message from thread 718-09-2026 00:29:33 [38;5;009m[ERROR]: [0mThis is a error message from thread 1818-09-2026 00:29:33 [38;5;117m[DEBUG]: [0mThis is a debug message from thread 1318-09-2026 00:29:33 [38;5;015m[INFO]: [0mThis is a info message from thread 1618-09-2026 00:29:33 [38;5;009m[ERROR]: [0mThis is a error message from thread 618-09-2026 00:29:33 [38;5;009m[ERROR]: [0mThis is a error message from thread 118-09-2026 00:29:33 [38;5;117m[DEBUG]: [0mThis is a debug message from thread 2418-09-2026 00:29:33 [38;5;015m[INFO]: [0mThis is a info message from thread 2118-09-2026 00:29:33 [38;5;009m[ERROR]: [0mThis is a error message from thread 1618-09-2026 00:29:33 [38;5;009m[ERROR]: [0mThis is a error message from thread 918-09-2026 00:29:33 [38;5;009m[ERROR]: [0mThis is a error message from thread 2018-09-2026 00:29:33 [38;5;015m[INFO]: [0mThis is a info message from thread 2318-09-2026 00:29:33 [38;5;117m[DEBUG]: [0mThis is a debug message from thread 618-09-2026 00:29:33 [38;5;009m[ERROR]: [0mThis is a error message from thread 2118-09-2026 00:29:33 [38;5;009m[ERROR]: [0mThis is a error message from thread 018-09-2026 00:29:33 [38;5;015m[INFO]: [0mThis is a info message from thread 418-09-2026 00:29:33 [38;5;009m[ERROR]: [0mThis is a error message from thread 1718-09-2026 00:29:33 [38;5;117m[DEBUG]: [0mThis is a debug message from thread 2118-09-2026 00:29:33 [38;5;117m[DEBUG]: [0mThis is a debug message from thread 1618-09-2026 00:29:33 [38;5;015m[INFO]: [0mThis is a info message from thread 1018-09-2026 00:29:33 [38;5;009m[ERROR]: [0mThis is a error message from thread 418-09-2026 00:29:33 [38;5;015m[INFO]: [0mThis is a info message from thread 2718-09-2026 00:29:33 [38;5;015m[INFO]: [0mThis is a info message from thread 1318-09-2026 00:29:33 [38;5;117m[DEBUG]: [0mThis is a debug message from thread 018-09-2026 00:29:33 [38;5;009m[ERROR]: [0mThis is a error message from thread 2718-09-2026 00:29:33 [38;5;015m[INFO]: [0mThis is a info message from thread 1618-09-2026 00:29:33 [38;5;117m[DEBUG]: [0mThis is a debug message from thread 2018-09-2026 00:29:33 [38;5;009m[ERROR]: [0mThis is a error message from thread 1618-09-2026 00:29:33 [38;5;009m[ERROR]: [0mThis is a error message from thread 1018-09-2026 00:29:33 [38;5;117m[DEBUG]: [0mThis is a debug message from thread 2718-09-2026 00:29:33 [38;5;117m[DEBUG]: [0mThis is a debug message from thread 418-09-2026 00:29:33 [38;5;015m[INFO]: [0mThis is a info message from thread 618-09-2026 00:29:33 [38;5;015m[INFO]: [0mThis is a info message from thread 2718-09-2026 00:29:33 [38;5;015m[INFO]: [0mThis is a info message from thread 018-09-2026 00:29:33 [38;5;009m[ERROR]: [0mThis is a error message from thread 2718-09-2026 00:29:33 [38;5;117m[DEBUG]: [0mThis is a debug message from thread 1618-09-2026 00:29:33 [38;5;009m[ERROR]: [0mThis is a error message from thread 018-09-2026 00:29:33 [38;5;015m[INFO]: [0mThis is a info message from thread 418-09-2026 00:29:33 [38;5;117m[DEBUG]: [0mThis is a debug message from thread 2718-09-2026 00:29:33 [38;5;009m[ERROR]: [0mThis is a error message from thread 418-09-2026 00:29:33 [38;5;015m[INFO]: [0mThis is a info message from thread 2118-09-2026 00:29:33 [38;5;015m[INFO]: [0mThis is a info message from thread 1618-09-2026 00:29:33 [38;5;117m[DEBUG]: [0mThis is a debug message from thread 1018-09-2026 00:29:33 [38;5;117m[DEBUG]: [0mThis is a debug message from thread 418-09-2026 00:29:33 [38;5;117m[DEBUG]: [0mThis is a debug message from thread 1518-09-2026 00:29:33 [38;5;117m[DEBUG]: [0mThis is a debug message from thread 018-09-2026 00:29:33 [38;5;117m[DEBUG]: [0mThis is a debug message from thread 1718-09-2026 00:29:33 [38;5;009m[ERROR]: [0mThis is a error message from thread 318-09-2026 00:29:33 [38;5;009m[ERROR]: [0mThis is a error message from thread 1618-09-2026 00:29:33 [38;5;015m[INFO]: [0mThis is a info message from thread 2718-09-2026 00:29:33 [38;5;015m[INFO]: [0mThis is a info message from thread 1718-09-2026 00:29:33 [38;5;117m[DEBUG]: [0mThis is a debug message from thread 1818-09-2026 00:29:33 [38;5;015m[INFO]: [0mThis is a info message from thread 2518-09-2026 00:29:33 [38;5;009m[ERROR]: [0mThis is a error message from thread 2718-09-2026 00:29:33 [38;5;015m[INFO]: [0mThis is a info message from thread 718-09-2026 00:29:33 [38;5;009m[ERROR]: [0mThis is a error message from thread 1218-09-2026 00:29:33 [38;5;015m[INFO]: [0mThis is a info message from thread 1018-09-2026 00:29:33 [38;5;015m[INFO]: [0mThis is a info message from thread 1518-09-2026 00:29:33 [38;5;015m[INFO]: [0mThis is a info message from thread 2018-09-2026 00:29:33 [38;5;117m[DEBUG]: [0mThis is a debug message from thread 518-09-2026 00:29:33 [38;5;117m[DEBUG]: [0mThis is a debug message from thread 218-09-2026 00:29:33 [38;5;015m[INFO]: [0mThis is a info message from thread 218-09-2026 00:29:33 [38;5;009m[ERROR]: [0mThis is a error message from thread 2518-09-2026 00:29:33 [38;5;117m[DEBUG]: [0mThis is a debug message from thread 118-09-2026 00:29:33 [38;5;117m[DEBUG]: [0mThis is a debug message from thread 318-09-2026 00:29:33 [38;5;117m[DEBUG]: [0mThis is a debug message from thread 2718-09-2026 00:29:33 [38;5;117m[DEBUG]: [0mThis is a debug message from thread 1618-09-2026 00:29:33 [38;5;117m[DEBUG]: [0mThis is a debug message from thread 1118-09-2026 00:29:33 [38;5;009m[ERROR]: [0mThis is a error message from thread 1518-09-2026 00:29:33 [38;5;009m[ERROR]: [0mThis is a error message from thread 2018-09-2026 00:29:33 [38;5;117m[DEBUG]: [0mThis is a debug message from thread 1918-09-2026 00:29:33 [38;5;015m[INFO]: [0mThis is a info message from thread 2418-09-2026 00:29:33 [38;5;117m[DEBUG]: [0mThis is a debug message from thread 1418-09-2026 00:29:33 [38;5;015m[INFO]: [0mThis is a info message from thread 2718-09-2026 00:29:33 [38;5;009m[ERROR]: [0mThis is a error message from thread 2318-09-2026 00:29:33 [38;5;015m[INFO]: [0mThis is a info message from thread 318-09-2026 00:29:33 [38;5;015m[INFO]: [0mThis is a info message from thread 1918-09-2026 00:29:33 [38;5;015m[INFO]: [0mThis is a info message from thread 1418-09-2026 00:29:33 [38;5;009m[ERROR]: [0mThis is a error message from thread 218-09-2026 00:29:33 [38;5;015m[INFO]: [0mThis is a info message from thread 1818-09-2026 00:29:33 [38;5;117m[DEBUG]: [0mThis is a debug message from thread 2318-09-2026 00:29:33 [38;5;009m[ERROR]: [0mThis is a error message from thread 1918-09-2026 00:29:33 [38;5;009m[ERROR]: [0mThis is a error message from thread 1418-09-2026 00:29:33 [38;5;015m[INFO]: [0mThis is a info message from thread 018-09-2026 00:29:33 [38;5;009m[ERROR]: [0mThis is a error message from thread 2718-09-2026 00:29:33 [38;5;009m[ERROR]: [0mThis is a error message from thread 2618-09-2026 00:29:33 [38;5;009m[ERROR]: [0mThis is a error message from thread 018-09-2026 00:29:33 [38;5;117m[DEBUG]: [0mThis is a debug message from thread 2518-09-2026 00:29:33 [38;5;009m[ERROR]: [0mThis is a error message from thread 718-09-2026 00:29:33 [38;5;117m[DEBUG]: [0mThis is a debug message from thread 1918-09-2026 00:29:33 [38;5;117m[DEBUG]: [0mThis is a debug message from thread 1418-09-2026 00:29:33 [38;5;009m[ERROR]: [0mThis is a error message from thread 618-09-2026 00:29:33 [38;5;117m[DEBUG]: [0mThis is a debug message from thread 018-09-2026 00:29:33 [38;5;117m[DEBUG]: [0mThis is a debug message from thread 1518-09-2026 00:29:33 [38;5;009m[ERROR]: [0mThis is a error message from thread 1718-09-2026 00:29:33 [38;5;117m[DEBUG]: [0mThis is a debug message from thread 2618-09-2026 00:29:33 [38;5;009m[ERROR]: [0mThis is a error message from thread 818-09-2026 00:29:33 [38;5;117m[DEBUG]: [0mThis is a debug message from thread 1718-09-2026 00:29:33 [38;5;015m[INFO]: [0mThis is a info message from thread 2618-09-2026 00:29:33 [38;5;015m[INFO]: [0mThis is a info message from thread 1718-09-2026 00:29:33 [38;5;015m[INFO]: [0mThis is a info message from thread 2318-09-2026 00:29:33 [38;5;009m[ERROR]: [0mThis is a error message from thread 2318-09-2026 00:29:33 [38;5;009m[ERROR]: [0mThis is a error message from thread 1318-09-2026 00:29:33 [38;5;117m[DEBUG]: [0mThis is a debug message from thread 618-09-2026 00:29:33 [38;5;009m[ERROR]: [0mThis is a error message from thread 1018-09-2026 00:29:33 [38;5;117m[DEBUG]: [0mThis is a debug message from thread 918-09-2026 00:29:33 [38;5;015m[INFO]: [0mThis is a info message from thread 1618-09-2026 00:29:33 [38;5;117m[DEBUG]: [0mThis is a debug message from thread 2318-09-2026 00:29:33 [38;5;015m[INFO]: [0mThis is a info message from thread 118-09-2026 00:29:33 [38;5;015m[INFO]: [0mThis is a info message from thread 2318-09-2026 00:29:33 [38;5;117m[DEBUG]: [0mThis is a debug message from thread 1218-09-2026 00:29:33 [38;5;117m[DEBUG]: [0mThis is a debug message from thread 218-09-2026 00:29:33 [38;5;009m[ERROR]: [0mThis is a error message from thread 2118-09-2026 00:29:33 [38;5;117m[DEBUG]: [0mThis is a debug message from thread 2718-09-2026 00:29:33 [38;5;009m[ERROR]: [0mThis is a error message from thread 2218-09-2026 00:29:33 [38;5;009m[ERROR]: [0mThis is a error message from thread 318-09-2026 00:29:33 [38;5;015m[INFO]: [0mThis is a info message from thread 1518-09-2026 00:29:33 [38;5;117m[DEBUG]: [0mThis is a debug message from thread 1318-09-2026 00:29:33 [38;5;015m[INFO]: [0mThis is a info message from thread 418-09-2026 00:29:33 [38;5;117m[DEBUG]: [0mThis is a debug message from thread 1018-09-2026 00:29:33 [38;5;015m[INFO]: [0mThis is a info message from thread 1118-09-2026 00:29:33 [38;5;117m[DEBUG]: [0mThis is a debug message from thread 818-09-2026 00:29:33 [38;5;015m[INFO]: [0mThis is a info message from thread 218-09-2026 00:29:33 [38;5;015m[INFO]: [0mThis is a info message from thread 2718-09-2026 00:29:33 [38;5;015m[INFO]: [0mThis is a info message from thread 1318-09-2026 00:29:33 [38;5;009m[ERROR]: [0mThis is a error message from thread 2718-09-2026 00:29:33 [38;5;009m[ERROR]: [0mThis is a error message from thread 1618-09-2026 00:29:33 [38;5;015m[INFO]: [0mThis is a info message from thread 018-09-2026 00:29:33 [38;5;117m[DEBUG]: [0mThis is a debug message from thread 2718-09-2026 00:29:33 [38;5;009m[ERROR]: [0mThis is a error message from thread 1518-09-2026 00:29:33 [38;5;015m[INFO]: [0mThis is a info message from thread 818-09-2026 00:29:33 [38;5;009m[ERROR]: [0mThis is a error message from thread 118-09-2026 00:29:33 [38;5;009m[ERROR]: [0mThis is a error message from thread 1318-09-2026 00:29:33 [38;5;009m[ERROR]: [0mThis is a error message from thread 418-09-2026 00:29:33 [38;5;117m[DEBUG]: [0mThis is a debug message from thread 318-09-2026 00:29:33 [38;5;009m[ERROR]: [0mThis is a error message from thread 018-09-2026 00:29:33 [38;5;009m[ERROR]: [0mThis is a error message from thread 818-09-2026 00:29:33 [38;5;117m[DEBUG]: [0mThis is a debug message from thread 1518-09-2026 00:29:33 [38;5;117m[DEBUG]: [0mThis is a debug message from thread 818-09-2026 00:29:33 [38;5;117m[DEBUG]: [0mThis is a debug message from thread 1318-09-2026 00:29:33 [38;5;009m[ERROR]: [0mThis is a error message from thread 1718-09-2026 00:29:33 [38;5;015m[INFO]: [0mThis is a info message from thread 318-09-2026 00:29:33 [38;5;117m[DEBUG]: [0mThis is a debug message from thread 418-09-2026 00:29:33 [38;5;009m[ERROR]: [0mThis is a error message from thread 2318-09-2026 00:29:33 [38;5;117m[DEBUG]: [0mThis is a debug message from thread 2918-09-2026 00:29:33 [38;5;117m[DEBUG]: [0mThis is a debug message from thread 2818-09-2026 00:29:33 [38;5;117m[DEBUG]: [0mThis is a debug message from thread 1718-09-2026 00:29:33 [38;5;117m[DEBUG]: [0mThis is a debug message from thread 018-09-2026 00:29:33 [38;5;117m[DEBUG]: [0mThis is a debug message from thread 2218-09-2026 00:29:33 [38;5;009m[ERROR]: [0mThis is a error message from thread 318-09-2026 00:29:33 [38;5;015m[INFO]: [0mThis is a info message from thread 1318-09-2026 00:29:33 [38;5;015m[INFO]: [0mThis is a info message from thread 418-09-2026 00:29:33 [38;5;015m[INFO]: [0mThis is a info message from thread 2918-09-2026 00:29:33 [38;5;015m[INFO]: [0mThis is a info message from thread 2718-09-2026 00:29:33 [38;5;015m[INFO]: [0mThis is a info message from thread 1518-09-2026 00:29:33 [38;5;015m[INFO]: [0mThis is a info message from thread 2518-09-2026 00:29:33 [38;5;015m[INFO]: [0mThis is a info message from thread 1018-09-2026 00:29:33 [38;5;009m[ERROR]: [0mThis is a error message from thread 2718-09-2026 00:29:33 [38;5;009m[ERROR]: [0mThis is a error message from thread 1118-09-2026 00:29:33 [38;5;009m[ERROR]: [0mThis is a error message from thread 2518-09-2026 00:29:33 [38;5;117m[DEBUG]: [0mThis is a debug message from thread 718-09-2026 00:29:33 [38;5;015m[INFO]: [0mThis is a info message from thread 2218-09-2026 00:29:33 [38;5;117m[DEBUG]: [0mThis is a debug message from thread 2718-09-2026 00:29:33 [38;5;117m[DEBUG]: [0mThis is a debug message from thread 1118-09-2026 00:29:33 [38;5;009m[ERROR]: [0mThis is a error message from thread 2918-09-2026 00:29:33 [38;5;009m[ERROR]: [0mThis is a error message from thread 1318-09-2026 00:29:33 [38;5;117m[DEBUG]: [0mThis is a debug message from thread 2018-09-2026 00:29:33 [38;5;009m[ERROR]: [0mThis is a error message from thread 1018-09-2026 00:29:33 [38;5;015m[INFO]: [0mThis is a info message from thread 2818-09-2026 00:29:33 [38;5;009m[ERROR]: [0mThis is a error message from thread 1518-09-2026 00:29:33 [38;5;009m[ERROR]: [0mThis is a error message from thread 418-09-2026 00:29:33 [38;5;015m[INFO]: [0mThis is a info message from thread 718-09-2026 00:29:33 [38;5;015m[INFO]: [0mThis is a info message from thread 1718-09-2026 00:29:33 [38;5;009m[ERROR]: [0mThis is a error message from thread 2218-09-2026 00:29:33 [38;5;015m[INFO]: [0mThis is a info message from thread 618-09-2026 00:29:33 [38;5;117m[DEBUG]: [0mThis is a debug message from thread 2318-09-2026 00:29:33 [38;5;009m[ERROR]: [0mThis is a error message from thread 1818-09-2026 00:29:33 [38;5;009m[ERROR]: [0mThis is a error message from thread 2618-09-2026 00:29:33 [38;5;117m[DEBUG]: [0mThis is a debug message from thread 1518-09-2026 00:29:33 [38;5;009m[ERROR]: [0mThis is a error message from thread 1718-09-2026 00:29:33 [38;5;015m[INFO]: [0mThis is a info message from thread 2018-09-2026 00:29:33 [38;5;015m[INFO]: [0mThis is a info message from thread 1518-09-2026 00:29:33 [38;5;117m[DEBUG]: [0mThis is a debug message from thread 1718-09-2026 00:29:33 [38;5;117m[DEBUG]: [0mThis is a debug message from thread 1018-09-2026 00:29:33 [38;5;015m[INFO]: [0mThis is a info message from thread 2318-09-2026 00:29:33 [38;5;117m[DEBUG]: [0mThis is a debug message from thread 1818-09-2026 00:29:33 [38;5;117m[DEBUG]: [0mThis is a debug message from thread 2618-09-2026 00:29:33 [38;5;009m[ERROR]: [0mThis is a error message from thread 2318-09-2026 00:29:33 [38;5;117m[DEBUG]: [0mThis is a debug message from thread 2918-09-2026 00:29:33 [38;5;015m[INFO]: [0mThis is a info message from thread 1018-09-2026 00:29:33 [38;5;117m[DEBUG]: [0mThis is a debug message from thread 1318-09-2026 00:29:33 [38;5;015m[INFO]: [0mThis is a info message from thread 1218-09-2026 00:29:33 [38;5;117m[DEBUG]: [0mThis is a debug message from thread 318-09-2026 00:29:33 [38;5;117m[DEBUG]: [0mThis is a debug message from thread 418-09-2026 00:29:33 [38;5;015m[INFO]: [0mThis is a info message from thread 1818-09-2026 00:29:33 [38;5;015m[INFO]: [0mThis is a info message from thread 2618-09-2026 00:29:33 [38;5;015m[INFO]: [0mThis is a info message from thread 1318-09-2026 00:29:33 [38;5;015m[INFO]: [0mThis is a info message from thread 1718-09-2026 00:29:33 [38;5;009m[ERROR]: [0mThis is a error message from thread 1318-09-2026 00:29:33 [38;5;015m[INFO]: [0mThis is a info message from thread 1918-09-2026 00:29:33 [38;5;009m[ERROR]: [0mThis is a error message from thread 1818-09-2026 00:29:33 [38;5;015m[INFO]: [0mThis is a info message from thread 418-09-2026 00:29:33 [38;5;009m[ERROR]: [0mThis is a error message from thread 218-09-2026 00:29:33 [38;5;117m[DEBUG]: [0mThis is a debug message from thread 2318-09-2026 00:29:33 [38;5;015m[INFO]: [0mThis is a info message from thread 318-09-2026 00:29:33 [38;5;117m[DEBUG]: [0mThis is a debug message from thread 118-09-2026 00:29:33 [38;5;015m[INFO]: [0mThis is a info message from thread 2318-09-2026 00:29:33 [38;5;009m[ERROR]: [0mThis is a error message from thread 2418-09-2026 00:29:33 [38;5;015m[INFO]: [0mThis is a info message from thread 818-09-2026 00:29:33 [38;5;015m[INFO]: [0mThis is a info message from thread 918-09-2026 00:29:33 [38;5;117m[DEBUG]: [0mThis is a debug message from thread 1318-09-2026 00:29:33 [38;5;015m[INFO]: [0mThis is a info message from thread 518-09-2026 00:29:33 [38;5;015m[INFO]: [0mThis is a info message from thread 2918-09-2026 00:29:33 [38;5;015m[INFO]: [0mThis is a info message from thread 118-09-2026 00:29:33 [38;5;009m[ERROR]: [0mThis is a error message from thread 918-09-2026 00:29:33 [38;5;009m[ERROR]: [0mThis is a error message from thread 2918-09-2026 00:29:33 [38;5;117m[DEBUG]: [0mThis is a debug message from thread 2918-09-2026 00:29:33 [38;5;015m[INFO]: [0mThis is a info message from thread 2918-09-2026 00:29:33 [38;5;009m[ERROR]: [0mThis is a error message from thread 318-09-2026 00:29:33 [38;5;117m[DEBUG]: [0mThis is a debug message from thread 918-09-2026 00:29:33 [38;5;009m[ERROR]: [0mThis is a error message from thread 118-09-2026 00:29:33 [38;5;009m[ERROR]: [0mThis is a error message from thread 818-09-2026 00:29:33 [38;5;009m[ERROR]: [0mThis is a error message from thread 2018-09-2026 00:29:33 [38;5;009m[ERROR]: [0mThis is a error message from thread 2318-09-2026 00:29:33 [38;5;009m[ERROR]: [0mThis is a error message from thread 518-09-2026 00:29:33 [38;5;117m[DEBUG]: [0mThis is a debug message from thread 118-09-2026 00:29:33 [38;5;009m[ERROR]: [0mThis is a error message from thread 1518-09-2026 00:29:33 [38;5;009m[ERROR]: [0mThis is a error message from thread 618-09-2026 00:29:33 [38;5;015m[INFO]: [0mThis is a info message from thread 018-09-2026 00:29:33 [38;5;009m[ERROR]: [0mThis is a error message from thread 1718-09-2026 00:29:33 [38;5;117m[DEBUG]: [0mThis is a debug message from thread 2318-09-2026 00:29:33 [38;5;009m[ERROR]: [0mThis is a error message from thread 2818-09-2026 00:29:33 [38;5;009m[ERROR]: [0mThis is a error message from thread 1918-09-2026 00:29:33 [38;5;117m[DEBUG]: [0mThis is a debug message from thread 618-09-2026 00:29:33 [38;5;015m[INFO]: [0mThis is a info message from thread 118-09-2026 00:29:33 [38;5;117m[DEBUG]: [0mThis is a debug message from thread 1618-09-2026 00:29:33 [38;5;009m[ERROR]: [0mThis is a error message from thread 018-09-2026 00:29:33 [38;5;015m[INFO]: [0mThis is a info message from thread 918-09-2026 00:29:33 [38;5;117m[DEBUG]: [0mThis is a debug message from thread 2118-09-2026 00:29:33 [38;5;009m[ERROR]: [0mThis is a error message from thread 1018-09-2026 00:29:33 [38;5;117m[DEBUG]: [0mThis is a debug message from thread 1718-09-2026 00:29:33 [38;5;015m[INFO]: [0mThis is a info message from thread 1618-09-2026 00:29:33 [38;5;009m[ERROR]: [0mThis is a error message from thread 918-09-2026 00:29:33 [38;5;117m[DEBUG]: [0mThis is a debug message from thread 218-09-2026 00:29:33 [38;5;117m[DEBUG]: [0mThis is a debug message from thread 018-09-2026 00:29:33 [38;5;117m[DEBUG]: [0mThis is a debug message from thread 2518-09-2026 00:29:33 [38;5;117m[DEBUG]: [0mThis is a debug message from thread 2818-09-2026 00:29:33 [38;5;015m[INFO]: [0mThis is a info message from thread 1718-09-2026 00:29:33 [38;5;117m[DEBUG]: [0mThis is a debug message from thread 1018-09-2026 00:29:33 [38;5;009m[ERROR]: [0mThis is a error message from thread 118-09-2026 00:29:33 [38;5;015m[INFO]: [0mThis is a info message from thread 018-09-2026 00:29:33 [38;5;117m[DEBUG]: [0mThis is a debug message from thread 918-09-2026 00:29:33 [38;5;015m[INFO]: [0mThis is a info message from thread 2718-09-2026 00:29:33 [38;5;009m[ERROR]: [0mThis is a error message from thread 2918-09-2026 00:29:33 [38;5;009m[ERROR]: [0mThis is a error message from thread 1618-09-2026 00:29:33 [38;5;015m[INFO]: [0mThis is a info message from thread 618-09-2026 00:29:33 [38;5;015m[INFO]: [0mThis is a info message from thread 2518-09-2026 00:29:33 [38;5;009m[ERROR]: [0mThis is a error message from thread 1718-09-2026 00:29:33 [38;5;015m[INFO]: [0mThis is a info message from thread 1418-09-2026 00:29:33 [38;5;117m[DEBUG]: [0mThis is a debug message from thread 2218-09-2026 00:29:33 [38;5;015m[INFO]: [0mThis is a info message from thread 218-09-2026 00:29:33 [38;5;009m[ERROR]: [0mThis is a error message from thread 718-09-2026 00:29:33 [38;5;009m[ERROR]: [0mThis is a error message from thread 2518-09-2026 00:29:33 [38;5;009m[ERROR]: [0mThis is a error message from thread 1418-09-2026 00:29:33 [38;5;015m[INFO]: [0mThis is a info message from thread 2818-09-2026 00:29:33 [38;5;009m[ERROR]: [0mThis is a error message from thread 2718-09-2026 00:29:33 [38;5;015m[INFO]: [0mThis is a info message from thread 1118-09-2026 00:29:33 [38;5;117m[DEBUG]: [0mThis is a debug message from thread 1918-09-2026 00:29:33 [38;5;015m[INFO]: [0mThis is a info message from thread 2218-09-2026 00:29:33 [38;5;009m[ERROR]: [0mThis is a error message from thread 2618-09-2026 00:29:33 [38;5;015m[INFO]: [0mThis is a info message from thread 1318-09-2026 00:29:33 [38;5;117m[DEBUG]: [0mThis is a debug message from thread 318-09-2026 00:29:33 [38;5;117m[DEBUG]: [0mThis is a debug message from thread 2718-09-2026 00:29:33 [38;5;009m[ERROR]: [0mThis is a error message from thread 1118-09-2026 00:29:33 [38;5;117m[DEBUG]: [0mThis is a debug message from thread 718-09-2026 00:29:33 [38;5;117m[DEBUG]: [0mThis is a debug message from thread 1118-09-2026 00:29:33 [38;5;009m[ERROR]: [0mThis is a error message from thread 418-09-2026 00:29:33 [38;5;015m[INFO]: [0mThis is a info message from thread 1118-09-2026 00:29:33 [38;5;117m[DEBUG]: [0mThis is a debug message from thread 1418-09-2026 00:29:33 [38;5;009m[ERROR]: [0mThis is a error message from thread 2818-09-2026 00:29:33 [38;5;117m[DEBUG]: [0mThis is a debug message from thread 418-09-2026 00:29:33 [38;5;009m[ERROR]: [0mThis is a error message from thread 1118-09-2026 00:29:33 [38;5;015m[INFO]: [0mThis is a info message from thread 318-09-2026 00:29:33 [38;5;015m[INFO]: [0mThis is a info message from thread 718-09-2026 00:29:33 [38;5;009m[ERROR]: [0mThis is a error message from thread 1318-09-2026 00:29:33 [38;5;015m[INFO]: [0mThis is a info message from thread 918-09-2026 00:29:33 [38;5;015m[INFO]: [0mThis is a info message from thread 1018-09-2026 00:29:33 [38;5;015m[INFO]: [0mThis is a info message from thread 2118-09-2026 00:29:33 [38;5;015m[INFO]: [0mThis is a info message from thread 1918-09-2026 00:29:33 [38;5;117m[DEBUG]: [0mThis is a debug message from thread 2018-09-2026 00:29:33 [38;5;009m[ERROR]: [0mThis is a error message from thread 718-09-2026 00:29:33 [38;5;117m[DEBUG]: [0mThis is a debug message from thread 2618-09-2026 00:29:33 [38;5;009m[ERROR]: [0mThis is a error message from thread 1018-09-2026 00:29:33 [38;5;117m[DEBUG]: [0mThis is a debug message from thread 518-09-2026 00:29:33 [38;5;009m[ERROR]: [0mThis is a error message from thread 018-09-2026 00:29:33 [38;5;117m[DEBUG]: [0mThis is a debug message from thread 2418-09-2026 00:29:33 [38;5;009m[ERROR]: [0mThis is a error message from thread 1218-09-2026 00:29:33 [38;5;009m[ERROR]: [0mThis is a error message from thread 918-09-2026 00:29:33 [38;5;117m[DEBUG]: [0mThis is a debug message from thread 1818-09-2026 00:29:33 [38;5;117m[DEBUG]: [0mThis is a debug message from thread 2818-09-2026 00:29:33 [38;5;117m[DEBUG]: [0mThis is a debug message from thread 1218-09-2026 00:29:33 [38;5;117m[DEBUG]: [0mThis is a debug message from thread 018-09-2026 00:29:33 [38;5;117m[DEBUG]: [0mThis is a debug message from thread 2918-09-2026 00:29:33 [38;5;015m[INFO]: [0mThis is a info message from thread 2818-09-2026 00:29:33 [38;5;015m[INFO]: [0mThis is a info message from thread 2918-09-2026 00:29:33 [38;5;015m[INFO]: [0mThis is a info message from thread 1218-09-2026 00:29:33 [38;5;015m[INFO]: [0mThis is a info message from thread 2318-09-2026 00:29:33 [38;5;015m[INFO]: [0mThis is a info message from thread 2718-09-2026 00:29:33 [38;5;009m[ERROR]: [0mThis is a error message from thread 2818-09-2026 00:29:33 [38;5;009m[ERROR]: [0mThis is a error message from thread 2918-09-2026 00:29:33 [38;5;009m[ERROR]: [0mThis is a error message from thread 1218-09-2026 00:29:33 [38;5;117m[DEBUG]: [0mThis is a debug message from thread 918-09-2026 00:29:33 [38;5;009m[ERROR]: [0mThis is a error message from thread 2718-09-2026 00:29:33 [38;5;009m[ERROR]: [0mThis is a error message from thread 618-09-2026 00:29:33 [38;5;117m[DEBUG]: [0mThis is a debug message from thread 818-09-2026 00:29:33 [38;5;015m[INFO]: [0mThis is a info message from thread 2418-09-2026 00:29:33 [38;5;117m[DEBUG]: [0mThis is a debug message from thread 1218-09-2026 00:29:33 [38;5;117m[DEBUG]: [0mThis is a debug message from thread 1118-09-2026 00:29:33 [38;5;015m[INFO]: [0mThis is a info message from thread 818-09-2026 00:29:33 [38;5;009m[ERROR]: [0mThis is a error message from thread 2418-09-2026 00:29:33 [38;5;015m[INFO]: [0mThis is a info message from thread 418-09-2026 00:29:33 [38;5;015m[INFO]: [0mThis is a info message from thread 1418-09-2026 00:29:33 [38;5;009m[ERROR]: [0mThis is a error message from thread 818-09-2026 00:29:33 [38;5;117m[DEBUG]: [0mThis is a debug message from thread 2818-09-2026 00:29:33 [38;5;117m[DEBUG]: [0mThis is a debug message from thread 718-09-2026 00:29:33 [38;5;117m[DEBUG]: [0mThis is a debug message from thread 2418-09-2026 00:29:33 [38;5;117m[DEBUG]: [0mThis is a debug message from thread 1618-09-2026 00:29:33 [38;5;009m[ERROR]: [0mThis is a error message from thread 1418-09-2026 00:29:33 [38;5;015m[INFO]: [0mThis is a info message from thread 2418-09-2026 00:29:33 [38;5;015m[INFO]: [0mThis is a info message from thread 1618-09-2026 00:29:33 [38;5;009m[ERROR]: [0mThis is a error message from thread 2118-09-2026 00:29:33 [38;5;009m[ERROR]: [0mThis is a error message from thread 2418-09-2026 00:29:33 [38;5;015m[INFO]: [0mThis is a info message from thread 018-09-2026 00:29:33 [38;5;009m[ERROR]: [0mThis is a error message from thread 1618-09-2026 00:29:33 [38;5;117m[DEBUG]: [0mThis is a debug message from thread 818-09-2026 00:29:33 [38;5;015m[INFO]: [0mThis is a info message from thread 2818-09-2026 00:29:33 [38;5;015m[INFO]: [0mThis is a info message from thread 818-09-2026 00:29:33 [38;5;117m[DEBUG]: [0mThis is a debug message from thread 2118-09-2026 00:29:33 [38;5;015m[INFO]: [0mThis is a info message from thread 518-09-2026 00:29:33 [38;5;009m[ERROR]: [0mThis is a error message from thread 818-09-2026 00:29:33 [38;5;009m[ERROR]: [0mThis is a error message from thread 2218-09-2026 00:29:33 [38;5;009m[ERROR]: [0mThis is a error message from thread 1918-09-2026 00:29:33 [38;5;117m[DEBUG]: [0mThis is a debug message from thread 818-09-2026 00:29:33 [38;5;117m[DEBUG]: [0mThis is a debug message from thread 2418-09-2026 00:29:33 [38;5;009m[ERROR]: [0mThis is a error message from thread 518-09-2026 00:29:33 [38;5;009m[ERROR]: [0mThis is a error message from thread 2318-09-2026 00:29:33 [38;5;009m[ERROR]: [0mThis is a error message from thread 218-09-2026 00:29:33 [38;5;117m[DEBUG]: [0mThis is a debug message from thread 518-09-2026 00:29:33 [38;5;117m[DEBUG]: [0mThis is a debug message from thread 2318-09-2026 00:29:33 [38;5;015m[INFO]: [0mThis is a info message from thread 1218-09-2026 00:29:33 [38;5;117m[DEBUG]: [0mThis is a debug message from thread 2518-09-2026 00:29:33 [38;5;117m[DEBUG]: [0mThis is a debug message from thread 1018-09-2026 00:29:33 [38;5;015m[INFO]: [0mThis is a info message from thread 918-09-2026 00:29:33 [38;5;015m[INFO]: [0mThis is a info message from thread 2418-09-2026 00:29:33 [38;5;015m[INFO]: [0mThis is a info message from thread 2518-09-2026 00:29:33 [38;5;015m[INFO]: [0mThis is a info message from thread 518-09-2026 00:29:33 [38;5;015m[INFO]: [0mThis is a info message from thread 2618-09-2026 00:29:33 [38;5;117m[DEBUG]: [0mThis is a debug message from thread 1918-09-2026 00:29:33 [38;5;009m[ERROR]: [0mThis is a error message from thread 1218-09-2026 00:29:33 [38;5;015m[INFO]: [0mThis is a info message from thread 1018-09-2026 00:29:33 [38;5;015m[INFO]: [0mThis is a info message from thread 718-09-2026 00:29:33 [38;5;015m[INFO]: [0mThis is a info message from thread 818-09-2026 00:29:33 [38;5;009m[ERROR]: [0mThis is a error message from thread 2618-09-2026 00:29:33 [38;5;015m[INFO]: [0mThis is a info message from thread 2018-09-2026 00:29:33 [38;5;015m[INFO]: [0mThis is a info message from thread 1118-09-2026 00:29:33 [38;5;009m[ERROR]: [0mThis is a error message from thread 2818-09-2026 00:29:33 [38;5;009m[ERROR]: [0mThis is a error message from thread 2418-09-2026 00:29:33 [38;5;117m[DEBUG]: [0mThis is a debug message from thread 1218-09-2026 00:29:33 [38;5;117m[DEBUG]: [0mThis is a debug message from thread 1518-09-2026 00:29:33 [38;5;009m[ERROR]: [0mThis is a error message from thread 418-09-2026 00:29:33 [38;5;009m[ERROR]: [0mThis is a error message from thread 1118-09-2026 00:29:33 [38;5;015m[INFO]: [0mThis is a info message from thread 2118-09-2026 00:29:33 [38;5;117m[DEBUG]: [0mThis is a debug message from thread 2418-09-2026 00:29:33 [38;5;117m[DEBUG]: [0mThis is a debug message from thread 2218-09-2026 00:29:33 [38;5;117m[DEBUG]: [0mThis is a debug message from thread 218-09-2026 00:29:33 [38;5;009m[ERROR]: [0mThis is a error message from thread 718-09-2026 00:29:33 [38;5;117m[DEBUG]: [0mThis is a debug message from thread 1418-09-2026 00:29:33 [38;5;009m[ERROR]: [0mThis is a error message from thread 518-09-2026 00:29:33 [38;5;117m[DEBUG]: [0mThis is a debug message from thread 418-09-2026 00:29:33 [38;5;117m[DEBUG]: [0mThis is a debug message from thread 518-09-2026 00:29:33 [38;5;015m[INFO]: [0mThis is a info message from thread 218-09-2026 00:29:33 [38;5;117m[DEBUG]: [0mThis is a debug message from thread 2918-09-2026 00:29:33 [38;5;015m[INFO]: [0mThis is a info message from thread 2418-09-2026 00:29:33 [38;5;015m[INFO]: [0mThis is a info message from thread 418-09-2026 00:29:33 [38;5;117m[DEBUG]: [0mThis is a debug message from thread 718-09-2026 00:29:33 [38;5;015m[INFO]: [0mThis is a info message from thread 2918-09-2026 00:29:33 [38;5;015m[INFO]: [0mThis is a info message from thread 518-09-2026 00:29:33 [38;5;009m[ERROR]: [0mThis is a error message from thread 2118-09-2026 00:29:33 [38;5;015m[INFO]: [0mThis is a info message from thread 718-09-2026 00:29:33 [38;5;009m[ERROR]: [0mThis is a error message from thread 918-09-2026 00:29:33 [38;5;117m[DEBUG]: [0mThis is a debug message from thread 1618-09-2026 00:29:33 [38;5;009m[ERROR]: [0mThis is a error message from thread 018-09-2026 00:29:33 [38;5;009m[ERROR]: [0mThis is a error message from thread 2418-09-2026 00:29:33 [38;5;015m[INFO]: [0mThis is a info message from thread 1918-09-2026 00:29:33 [38;5;009m[ERROR]: [0mThis is a error message from thread 518-09-2026 00:29:33 [38;5;117m[DEBUG]: [0mThis is a debug message from thread 918-09-2026 00:29:33 [38;5;117m[DEBUG]: [0mThis is a debug message from thread 118-09-2026 00:29:33 [38;5;015m[INFO]: [0mThis is a info message from thread 2218-09-2026 00:29:33 [38;5;117m[DEBUG]: [0mThis is a debug message from thread 2418-09-2026 00:29:33 [38;5;015m[INFO]: [0mThis is a info message from thread 2318-09-2026 00:29:33 [38;5;015m[INFO]: [0mThis is a info message from thread 2418-09-2026 00:29:33 [38;5;015m[INFO]: [0mThis is a info message from thread 1518-09-2026 00:29:33 [38;5;117m[DEBUG]: [0mThis is a debug message from thread 2818-09-2026 00:29:33 [38;5;015m[INFO]: [0mThis is a info message from thread 1418-09-2026 00:29:33 [38;5;015m[INFO]: [0mThis is a info message from thread 2818-09-2026 00:29:33 [38;5;009m[ERROR]: [0mThis is a error message from thread 2418-09-2026 00:29:33 [38;5;015m[INFO]: [0mThis is a info message from thread 918-09-2026 00:29:33 [38;5;117m[DEBUG]: [0mThis is a debug message from thread 518-09-2026 00:29:33 [38;5;009m[ERROR]: [0mThis is a error message from thread 2518-09-2026 00:29:33 [38;5;009m[ERROR]: [0mThis is a error message from thread 2318-09-2026 00:29:33 [38;5;117m[DEBUG]: [0mThis is a debug message from thread 2518-09-2026 00:29:33 [38;5;009m[ERROR]: [0mThis is a error message from thread 218-09-2026 00:29:33 [38;5;009m[ERROR]: [0mThis is a error message from thread 818-09-2026 00:29:33 [38;5;117m[DEBUG]: [0mThis is a debug message from thread 218-09-2026 00:29:33 [38;5;009m[ERROR]: [0mThis is a error message from thread 418-09-2026 00:29:33 [38;5;015m[INFO]: [0mThis is a info message from thread 1618-09-2026 00:29:33 [38;5;117m[DEBUG]: [0mThis is a debug message from thread 1718-09-2026 00:29:33 [38;5;117m[DEBUG]: [0mThis is a debug message from thread 618-09-2026 00:29:33 [38;5;009m[ERROR]: [0mThis is a error message from thread 2218-09-2026 00:29:33 [38;5;015m[INFO]: [0mThis is a info message from thread 618-09-2026 00:29:33 [38;5;009m[ERROR]: [0mThis is a error message from thread 918-09-2026 00:29:33 [38;5;009m[ERROR]: [0mThis is a error message from thread 2018-09-2026 00:29:33 [38;5;015m[INFO]: [0mThis is a info message from thread 1718-09-2026 00:29:33 [38;5;009m[ERROR]: [0mThis is a error message from thread 618-09-2026 00:29:33 [38;5;117m[DEBUG]: [0mThis is a debug message from thread 918-09-2026 00:29:33 [38;5;117m[DEBUG]: [0mThis is a debug message from thread 018-09-2026 00:29:33 [38;5;015m[INFO]: [0mThis is a info message from thread 018-09-2026 00:29:33 [38;5;015m[INFO]: [0mThis is a info message from thread 918-09-2026 00:29:33 [38;5;117m[DEBUG]: [0mThis is a debug message from thread 2418-09-2026 00:29:33 [38;5;117m[DEBUG]: [0mThis is a debug message from thread 2118-09-2026 00:29:33 [38;5;009m[ERROR]: [0mThis is a error message from thread 1918-09-2026 00:29:33 [38;5;009m[ERROR]: [0mThis is a error message from thread 2918-09-2026 00:29:33 [38;5;117m[DEBUG]: [0mThis is a debug message from thread 2318-09-2026 00:29:33 [38;5;117m[DEBUG]: [0mThis is a debug message from thread 2918-09-2026 00:29:33 [38;5;015m[INFO]: [0mThis is a info message from thread 218-09-2026 00:29:33 [38;5;009m[ERROR]: [0mThis is a error message from thread 2818-09-2026 00:29:33 [38;5;009m[ERROR]: [0mThis is a error message from thread 1718-09-2026 00:29:33 [38;5;117m[DEBUG]: [0mThis is a debug message from thread 2618-09-2026 00:29:33 [38;5;009m[ERROR]: [0mThis is a error message from thread 318-09-2026 00:29:33 [38;5;015m[INFO]: [0mThis is a info message from thread 2518-09-2026 00:29:33 [38;5;015m[INFO]: [0mThis is a info message from thread 2318-09-2026 00:29:33 [38;5;015m[INFO]: [0mThis is a info message from thread 1818-09-2026 00:29:33 [38;5;117m[DEBUG]: [0mThis is a debug message from thread 1918-09-2026 00:29:33 [38;5;015m[INFO]: [0mThis is a info message from thread 518-09-2026 00:29:33 [38;5;009m[ERROR]: [0mThis is a error message from thread 518-09-2026 00:29:33 [38;5;009m[ERROR]: [0mThis is a error message from thread 1818-09-2026 00:29:33 [38;5;015m[INFO]: [0mThis is a info message from thread 1918-09-2026 00:29:33 [38;5;009m[ERROR]: [0mThis is a error message from thread 218-09-2026 00:29:33 [38;5;015m[INFO]: [0mThis is a info message from thread 2618-09-2026 00:29:33 [38;5;117m[DEBUG]: [0mThis is a debug message from thread 418-09-2026 00:29:33 [38;5;009m[ERROR]: [0mThis is a error message from thread 1918-09-2026 00:29:33 [38;5;009m[ERROR]: [0mThis is a error message from thread 2518-09-2026 00:29:33 [38;5;117m[DEBUG]: [0mThis is a debug message from thread 1918-09-2026 00:29:33 [38;5;015m[INFO]: [0mThis is a info message from thread 2418-09-2026 00:29:33 [38;5;015m[INFO]: [0mThis is a info message from thread 1918-09-2026 00:29:33 [38;5;117m[DEBUG]: [0mThis is a debug message from thread 1818-09-2026 00:29:33 [38;5;117m[DEBUG]: [0mThis is a debug message from thread 518-09-2026 00:29:33 [38;5;009m[ERROR]: [0mThis is a error message from thread 918-09-2026 00:29:33 [38;5;009m[ERROR]: [0mThis is a error message from thread 1918-09-2026 00:29:33 [38;5;117m[DEBUG]: [0mThis is a debug message from thread 1118-09-2026 00:29:33 [38;5;117m[DEBUG]: [0mThis is a debug message from thread 218-09-2026 00:29:33 [38;5;117m[DEBUG]: [0mThis is a debug message from thread 1318-09-2026 00:29:33 [38;5;117m[DEBUG]: [0mThis is a debug message from thread 818-09-2026 00:29:33 [38;5;015m[INFO]: [0mThis is a info message from thread 2918-09-2026 00:29:33 [38;5;015m[INFO]: [0mThis is a info message from thread 818-09-2026 00:29:33 [38;5;015m[INFO]: [0mThis is a info message from thread 118-09-2026 00:29:33 [38;5;117m[DEBUG]: [0mThis is a debug message from thread 918-09-2026 00:29:33 [38;5;117m[DEBUG]: [0mThis is a debug message from thread 1718-09-2026 00:29:33 [38;5;015m[INFO]: [0mThis is a info message from thread 918-09-2026 00:29:33 [38;5;015m[INFO]: [0mThis is a info message from thread 218-09-2026 00:29:33 [38;5;015m[INFO]: [0mThis is a info message from thread 1718-09-2026 00:29:33 [38;5;009m[ERROR]: [0mThis is a error message from thread 818-09-2026 00:29:33 [38;5;009m[ERROR]: [0mThis is a error message from thread 1018-09-2026 00:29:33 [38;5;117m[DEBUG]: [0mThis is a debug message from thread 318-09-2026 00:29:33 [38;5;009m[ERROR]: [0mThis is a error message from thread 2318-09-2026 00:29:33 [38;5;009m[ERROR]: [0mThis is a error message from thread 1618-09-2026 00:29:33 [38;5;015m[INFO]: [0mThis is a info message from thread 1318-09-2026 00:29:33 [38;5;117m[DEBUG]: [0mThis is a debug message from thread 818-09-2026 00:29:33 [38;5;015m[INFO]: [0mThis is a info message from thread 318-09-2026 00:29:33 [38;5;015m[INFO]: [0mThis is a info message from thread 418-09-2026 00:29:33 [38;5;117m[DEBUG]: [0mThis is a debug message from thread 2018-09-2026 00:29:33 [38;5;009m[ERROR]: [0mThis is a error message from thread 1418-09-2026 00:29:33 [38;5;009m[ERROR]: [0mThis is a error message from thread 218-09-2026 00:29:33 [38;5;117m[DEBUG]: [0mThis is a debug message from thread 2518-09-2026 00:29:33 [38;5;015m[INFO]: [0mThis is a info message from thread 2118-09-2026 00:29:33 [38;5;117m[DEBUG]: [0mThis is a debug message from thread 1618-09-2026 00:29:33 [38;5;009m[ERROR]: [0mThis is a error message from thread 318-09-2026 00:29:33 [38;5;009m[ERROR]: [0mThis is a error message from thread 1318-09-2026 00:29:33 [38;5;015m[INFO]: [0mThis is a info message from thread 2518-09-2026 00:29:33 [38;5;117m[DEBUG]: [0mThis is a debug message from thread 2318-09-2026 00:29:33 [38;5;009m[ERROR]: [0mThis is a error message from thread 2518-09-2026 00:29:33 [38;5;117m[DEBUG]: [0mThis is a debug message from thread 2518-09-2026 00:29:33 [38;5;009m[ERROR]: [0mThis is a error message from thread 1718-09-2026 00:29:33 [38;5;117m[DEBUG]: [0mThis is a debug message from thread 218-09-2026 00:29:33 [38;5;117m[DEBUG]: [0mThis is a debug message from thread 1718-09-2026 00:29:33 [38;5;117m[DEBUG]: [0mThis is a debug message from thread 318-09-2026 00:29:33 [38;5;117m[DEBUG]: [0mThis is a debug message from thread 1418-09-2026 00:29:33 [38;5;015m[INFO]: [0mThis is a info message from thread 2518-09-2026 00:29:33 [38;5;117m[DEBUG]: [0mThis is a debug message from thread 1318-09-2026 00:29:33 [38;5;015m[INFO]: [0mThis is a info message from thread 1618-09-2026 00:29:33 [38;5;015m[INFO]: [0mThis is a info message from thread 2318-09-2026 00:29:33 [38;5;015m[INFO]: [0mThis is a info message from thread 318-09-2026 00:29:33 [38;5;009m[ERROR]: [0mThis is a error message from thread 2318-09-2026 00:29:33 [38;5;009m[ERROR]: [0mThis is a error message from thread 918-09-2026 00:29:33 [38;5;117m[DEBUG]: [0mThis is a debug message from thread 918-09-2026 00:29:33 [38;5;009m[ERROR]: [0mThis is a error message from thread 2518-09-2026 00:29:33 [38;5;015m[INFO]: [0mThis is a info message from thread 1318-09-2026 00:29:33 [38;5;015m[INFO]: [0mThis is a info message from thread 518-09-2026 00:29:33 [38;5;009m[ERROR]: [0mThis is a error message from thread 518-09-2026 00:29:33 [38;5;015m[INFO]: [0mThis is a info message from thread 218-09-2026 00:29:33 [38;5;015m[INFO]: [0mThis is a info message from thread 1118-09-2026 00:29:33 [38;5;117m[DEBUG]: [0mThis is a debug message from thread 2518-09-2026 00:29:33 [38;5;015m[INFO]: [0mThis is a info message from thread 1418-09-2026 00:29:33 [38;5;015m[INFO]: [0mThis is a info message from thread 2018-09-2026 00:29:33 [38;5;015m[INFO]: [0mThis is a info message from thread 1718-09-2026 00:29:33 [38;5;117m[DEBUG]: [0mThis is a debug message from thread 2218-09-2026 00:29:33 [38;5;009m[ERROR]: [0mThis is a error message from thread 718-09-2026 00:29:33 [38;5;015m[INFO]: [0mThis is a info message from thread 2518-09-2026 00:29:33 [38;5;117m[DEBUG]: [0mThis is a debug message from thread 718-09-2026 00:29:33 [38;5;009m[ERROR]: [0mThis is a error message from thread 1318-09-2026 00:29:33 [38;5;009m[ERROR]: [0mThis is a error message from thread 2018-09-2026 00:29:33 [38;5;009m[ERROR]: [0mThis is a error message from thread 2118-09-2026 00:29:33 [38;5;009m[ERROR]: [0mThis is a error message from thread 1718-09-2026 00:29:33 [38;5;009m[ERROR]: [0mThis is a error message from thread 1118-09-2026 00:29:33 [38;5;009m[ERROR]: [0mThis is a error message from thread 2918-09-2026 00:29:33 [38;5;009m[ERROR]: [0mThis is a error message from thread 018-09-2026 00:29:33 [38;5;117m[DEBUG]: [0mThis is a debug message from thread 618-09-2026 00:29:33 [38;5;117m[DEBUG]: [0mThis is a debug message from thread 2918-09-2026 00:29:33 [38;5;015m[INFO]: [0mThis is a info message from thread 718-09-2026 00:29:33 [38;5;015m[INFO]: [0mThis is a info message from thread 618-09-2026 00:29:33 [38;5;009m[ERROR]: [0mThis is a error message from thread 2418-09-2026 00:29:33 [38;5;009m[ERROR]: [0mThis is a error message from thread 1418-09-2026 00:29:33 [38;5;009m[ERROR]: [0mThis is a error message from thread 318-09-2026 00:29:33 [38;5;117m[DEBUG]: [0mThis is a debug message from thread 1318-09-2026 00:29:33 [38;5;117m[DEBUG]: [0mThis is a debug message from thread 1918-09-2026 00:29:33 [38;5;009m[ERROR]: [0mThis is a error message from thread 218-09-2026 00:29:33 [38;5;117m[DEBUG]: [0mThis is a debug message from thread 2018-09-2026 00:29:33 [38;5;015m[INFO]: [0mThis is a info message from thread 2018-09-2026 00:29:33 [38;5;009m[ERROR]: [0mThis is a error message from thread 2018-09-2026 00:29:33 [38;5;117m[DEBUG]: [0mThis is a debug message from thread 1718-09-2026 00:29:33 [38;5;117m[DEBUG]: [0mThis is a debug message from thread 2018-09-2026 00:29:33 [38;5;117m[DEBUG]: [0mThis is a debug message from thread 1418-09-2026 00:29:33 [38;5;015m[INFO]: [0mThis is a info message from thread 1318-09-2026 00:29:33 [38;5;015m[INFO]: [0mThis is a info message from thread 1418-09-2026 00:29:33 [38;5;117m[DEBUG]: [0mThis is a debug message from thread 218-09-2026 00:29:33 [38;5;117m[DEBUG]: [0mThis is a debug message from thread 518-09-2026 00:29:33 [38;5;015m[INFO]: [0mThis is a info message from thread 2218-09-2026 00:29:33 [38;5;015m[INFO]: [0mThis is a info message from thread 1218-09-2026 00:29:33 [38;5;015m[INFO]: [0mThis is a info message from thread 1718-09-2026 00:29:33 [38;5;015m[INFO]: [0mThis is a info message from thread 1918-09-2026 00:29:33 [38;5;009m[ERROR]: [0mThis is a error message from thread 2218-09-2026 00:29:33 [38;5;117m[DEBUG]: [0mThis is a debug message from thread 2218-09-2026 00:29:33 [38;5;009m[ERROR]: [0mThis is a error message from thread 1918-09-2026 00:29:33 [38;5;009m[ERROR]: [0mThis is a error message from thread 1618-09-2026 00:29:33 [38;5;117m[DEBUG]: [0mThis is a debug message from thread 018-09-2026 00:29:33 [38;5;009m[ERROR]: [0mThis is a error message from thread 1418-09-2026 00:29:33 [38;5;009m[ERROR]: [0mThis is a error message from thread 2518-09-2026 00:29:33 [38;5;117m[DEBUG]: [0mThis is a debug message from thread 1418-09-2026 00:29:33 [38;5;117m[DEBUG]: [0mThis is a debug message from thread 2818-09-2026 00:29:33 [38;5;009m[ERROR]: [0mThis is a error message from thread 718-09-2026 00:29:33 [38;5;015m[INFO]: [0mThis is a info message from thread 2218-09-2026 00:29:33 [38;5;117m[DEBUG]: [0mThis is a debug message from thread 1618-09-2026 00:29:33 [38;5;009m[ERROR]: [0mThis is a error message from thread 1718-09-2026 00:29:33 [38;5;015m[INFO]: [0mThis is a info message from thread 818-09-2026 00:29:33 [38;5;009m[ERROR]: [0mThis is a error message from thread 418-09-2026 00:29:33 [38;5;015m[INFO]: [0mThis is a info message from thread 2918-09-2026 00:29:33 [38;5;015m[INFO]: [0mThis is a info message from thread 518-09-2026 00:29:33 [38;5;117m[DEBUG]: [0mThis is a debug message from thread 2118-09-2026 00:29:33 [38;5;117m[DEBUG]: [0mThis is a debug message from thread 318-09-2026 00:29:33 [38;5;015m[INFO]: [0mThis is a info message from thread 1818-09-2026 00:29:33 [38;5;009m[ERROR]: [0mThis is a error message from thread 1818-09-2026 00:29:33 [38;5;117m[DEBUG]: [0mThis is a debug message from thread 2718-09-2026 00:29:33 [38;5;117m[DEBUG]: [0mThis is a debug message from thread 1818-09-2026 00:29:33 [38;5;015m[INFO]: [0mThis is a info message from thread 2718-09-2026 00:29:33 [38;5;009m[ERROR]: [0mThis is a error message from thread 2218-09-2026 00:29:33 [38;5;015m[INFO]: [0mThis is a info message from thread 2818-09-2026 00:29:33 [38;5;015m[INFO]: [0mThis is a info message from thread 2018-09-2026 00:29:33 [38;5;009m[ERROR]: [0mThis is a error message from thread 1318-09-2026 00:29:33 [38;5;117m[DEBUG]: [0mThis is a debug message from thread 418-09-2026 00:29:33 [38;5;009m[ERROR]: [0mThis is a error message from thread 818-09-2026 00:29:33 [38;5;117m[DEBUG]: [0mThis is a debug message from thread 1318-09-2026 00:29:33 [38;5;015m[INFO]: [0mThis is a info message from thread 418-09-2026 00:29:33 [38;5;009m[ERROR]: [0mThis is a error message from thread 2818-09-2026 00:29:33 [38;5;009m[ERROR]: [0mThis is a error message from thread 2018-09-2026 00:29:33 [38;5;009m[ERROR]: [0mThis is a error message from thread 418-09-2026 00:29:33 [38;5;117m[DEBUG]: [0mThis is a debug message from thread 2218-09-2026 00:29:33 [38;5;009m[ERROR]: [0mThis is a error message from thread 1218-09-2026 00:29:33 [38;5;015m[INFO]: [0mThis is a info message from thread 2218-09-2026 00:29:33 [38;5;117m[DEBUG]: [0mThis is a debug message from thread 2818-09-2026 00:29:33 [38;5;009m[ERROR]: [0mThis is a error message from thread 118-09-2026 00:29:33 [38;5;015m[INFO]: [0mThis is a info message from thread 1618-09-2026 00:29:33 [38;5;009m[ERROR]: [0mThis is a error message from thread 2718-09-2026 00:29:33 [38;5;015m[INFO]: [0mThis is a info message from thread 1818-09-2026 00:29:33 [38;5;015m[INFO]: [0mThis is a info message from thread 218-09-2026 00:29:33 [38;5;117m[DEBUG]: [0mThis is a debug message from thread 1018-09-2026 00:29:33 [38;5;117m[DEBUG]: [0mThis is a debug message from thread 1118-09-2026 00:29:33 [38;5;117m[DEBUG]: [0mThis is a debug message from thread 118-09-2026 00:29:33 [38;5;009m[ERROR]: [0mThis is a error message from thread 518-09-2026 00:29:33 [38;5;117m[DEBUG]: [0mThis is a debug message from thread 2718-09-2026 00:29:33 [38;5;009m[ERROR]: [0mThis is a error message from thread 618-09-2026 00:29:33 [38;5;015m[INFO]: [0mThis is a info message from thread 018-09-2026 00:29:33 [38;5;009m[ERROR]: [0mThis is a error message from thread 1518-09-2026 00:29:33 [38;5;117m[DEBUG]: [0mThis is a debug message from thread 1718-09-2026 00:29:33 [38;5;117m[DEBUG]: [0mThis is a debug message from thread 1518-09-2026 00:29:33 [38;5;015m[INFO]: [0mThis is a info message from thread 2718-09-2026 00:29:33 [38;5;117m[DEBUG]: [0mThis is a debug message from thread 718-09-2026 00:29:33 [38;5;015m[INFO]: [0mThis is a info message from thread 1018-09-2026 00:29:33 [38;5;117m[DEBUG]: [0mThis is a debug message from thread 418-09-2026 00:29:33 [38;5;015m[INFO]: [0mThis is a info message from thread 1718-09-2026 00:29:33 [38;5;117m[DEBUG]: [0mThis is a debug message from thread 518-09-2026 00:29:33 [38;5;009m[ERROR]: [0mThis is a error message from thread 1818-09-2026 00:29:33 [38;5;015m[INFO]: [0mThis is a info message from thread 718-09-2026 00:29:33 [38;5;009m[ERROR]: [0mThis is a error message from thread 1018-09-2026 00:29:33 [38;5;009m[ERROR]: [0mThis is a error message from thread 2918-09-2026 00:29:33 [38;5;015m[INFO]: [0mThis is a info message from thread 418-09-2026 00:29:33 [38;5;015m[INFO]: [0mThis is a info message from thread 1518-09-2026 00:29:33 [38;5;009m[ERROR]: [0mThis is a error message from thread 1618-09-2026 00:29:33 [38;5;117m[DEBUG]: [0mThis is a debug message from thread 2318-09-2026 00:29:33 [38;5;009m[ERROR]: [0mThis is a error message from thread 018-09-2026 00:29:33 [38;5;117m[DEBUG]: [0mThis is a debug message from thread 1818-09-2026 00:29:33 [38;5;009m[ERROR]: [0mThis is a error message from thread 418-09-2026 00:29:33 [38;5;015m[INFO]: [0mThis is a info message from thread 318-09-2026 00:29:33 [38;5;009m[ERROR]: [0mThis is a error message from thread 718-09-2026 00:29:33 [38;5;117m[DEBUG]: [0mThis is a debug message from thread 618-09-2026 00:29:33 [38;5;015m[INFO]: [0mThis is a info message from thread 518-09-2026 00:29:33 [38;5;015m[INFO]: [0mThis is a info message from thread 918-09-2026 00:29:33 [38;5;117m[DEBUG]: [0mThis is a debug message from thread 1018-09-2026 00:29:33 [38;5;117m[DEBUG]: [0mThis is a debug message from thread 818-09-2026 00:29:33 [38;5;117m[DEBUG]: [0mThis is a debug message from thread 2918-09-2026 00:29:33 [38;5;009m[ERROR]: [0mThis is a error message from thread 918-09-2026 00:29:33 [38;5;015m[INFO]: [0mThis is a info message from thread 2918-09-2026 00:29:33 [38;5;015m[INFO]: [0mThis is a info message from thread 1818-09-2026 00:29:33 [38;5;117m[DEBUG]: [0mThis is a debug message from thread 718-09-2026 00:29:33 [38;5;015m[INFO]: [0mThis is a info message from thread 818-09-2026 00:29:33 [38;5;117m[DEBUG]: [0mThis is a debug message from thread 2018-09-2026 00:29:33 [38;5;015m[INFO]: [0mThis is a info message from thread 2018-09-2026 00:29:33 [38;5;015m[INFO]: [0mThis is a info message from thread 1018-09-2026 00:29:33 [38;5;009m[ERROR]: [0mThis is a error message from thread 1018-09-2026 00:29:33 [38;5;117m[DEBUG]: [0mThis is a debug message from thread 918-09-2026 00:29:33 [38;5;117m[DEBUG]: [0mThis is a debug message from thread 018-09-2026 00:29:33 [38;5;015m[INFO]: [0mThis is a info message from thread 918-09-2026 00:29:33 [38;5;015m[INFO]: [0mThis is a info message from thread 618-09-2026 00:29:33 [38;5;015m[INFO]: [0mThis is a info message from thread 018-09-2026 00:29:33 [38;5;009m[ERROR]: [0mThis is a error message from thread 918-09-2026 00:29:33 [38;5;117m[DEBUG]: [0mThis is a debug message from thread 1018-09-2026 00:29:33 [38;5;117m[DEBUG]: [0mThis is a debug message from thread 918-09-2026 00:29:33 [38;5;009m[ERROR]: [0mThis is a error message from thread 2018-09-2026 00:29:33 [38;5;009m[ERROR]: [0mThis is a error message from thread 1818-09-2026 00:29:33 [38;5;009m[ERROR]: [0mThis is a error message from thread 2218-09-2026 00:29:33 [38;5;117m[DEBUG]: [0mThis is a debug message from thread 2018-09-2026 00:29:33 [38;5;015m[INFO]: [0mThis is a info message from thread 2018-09-2026 00:29:33 [38;5;009m[ERROR]: [0mThis is a error message from thread 2018-09-2026 00:29:33 [38;5;117m[DEBUG]: [0mThis is a debug message from thread 2418-09-2026 00:29:33 [38;5;015m[INFO]: [0mThis is a info message from thread 918-09-2026 00:29:33 [38;5;117m[DEBUG]: [0mThis is a debug message from thread 1218-09-2026 00:29:33 [38;5;015m[INFO]: [0mThis is a info message from thread 2818-09-2026 00:29:33 [38;5;015m[INFO]: [0mThis is a info message from thread 1418-09-2026 00:29:33 [38;5;009m[ERROR]: [0mThis is a error message from thread 818-09-2026 00:29:33 [38;5;009m[ERROR]: [0mThis is a error message from thread 2818-09-2026 00:29:33 [38;5;009m[ERROR]: [0mThis is a error message from thread 218-09-2026 00:29:33 [38;5;117m[DEBUG]: [0mThis is a debug message from thread 2818-09-2026 00:29:33 [38;5;009m[ERROR]: [0mThis is a error message from thread 1718-09-2026 00:29:33 [38;5;117m[DEBUG]: [0mThis is a debug message from thread 1818-09-2026 00:29:33 [38;5;009m[ERROR]: [0mThis is a error message from thread 318-09-2026 00:29:33 [38;5;117m[DEBUG]: [0mThis is a debug message from thread 2218-09-2026 00:29:33 [38;5;015m[INFO]: [0mThis is a info message from thread 2118-09-2026 00:29:33 [38;5;117m[DEBUG]: [0mThis is a debug message from thread 818-09-2026 00:29:33 [38;5;117m[DEBUG]: [0mThis is a debug message from thread 218-09-2026 00:29:33 [38;5;009m[ERROR]: [0mThis is a error message from thread 1418-09-2026 00:29:33 [38;5;015m[INFO]: [0mThis is a info message from thread 2418-09-2026 00:29:33 [38;5;015m[INFO]: [0mThis is a info message from thread 1218-09-2026 00:29:33 [38;5;015m[INFO]: [0mThis is a info message from thread 1118-09-2026 00:29:33 [38;5;015m[INFO]: [0mThis is a info message from thread 1818-09-2026 00:29:33 [38;5;117m[DEBUG]: [0mThis is a debug message from thread 1418-09-2026 00:29:33 [38;5;117m[DEBUG]: [0mThis is a debug message from thread 318-09-2026 00:29:33 [38;5;117m[DEBUG]: [0mThis is a debug message from thread 418-09-2026 00:29:33 [38;5;117m[DEBUG]: [0mThis is a debug message from thread 1918-09-2026 00:29:33 [38;5;009m[ERROR]: [0mThis is a error message from thread 018-09-2026 00:29:33 [38;5;015m[INFO]: [0mThis is a info message from thread 818-09-2026 00:29:33 [38;5;015m[INFO]: [0mThis is a info message from thread 1418-09-2026 00:29:33 [38;5;009m[ERROR]: [0mThis is a error message from thread 1518-09-2026 00:29:33 [38;5;015m[INFO]: [0mThis is a info message from thread 118-09-2026 00:29:33 [38;5;015m[INFO]: [0mThis is a info message from thread 2818-09-2026 00:29:33 [38;5;117m[DEBUG]: [0mThis is a debug message from thread 018-09-2026 00:29:33 [38;5;009m[ERROR]: [0mThis is a error message from thread 2818-09-2026 00:29:33 [38;5;015m[INFO]: [0mThis is a info message from thread 1318-09-2026 00:29:33 [38;5;009m[ERROR]: [0mThis is a error message from thread 1218-09-2026 00:29:33 [38;5;009m[ERROR]: [0mThis is a error message from thread 1118-09-2026 00:29:33 [38;5;009m[ERROR]: [0mThis is a error message from thread 1318-09-2026 00:29:33 [38;5;009m[ERROR]: [0mThis is a error message from thread 1418-09-2026 00:29:33 [38;5;015m[INFO]: [0mThis is a info message from thread 1918-09-2026 00:29:33 [38;5;117m[DEBUG]: [0mThis is a debug message from thread 1118-09-2026 00:29:33 [38;5;117m[DEBUG]: [0mThis is a debug message from thread 1218-09-2026 00:29:33 [38;5;015m[INFO]: [0mThis is a info message from thread 1118-09-2026 00:29:33 [38;5;117m[DEBUG]: [0mThis is a debug message from thread 1318-09-2026 00:29:33 [38;5;117m[DEBUG]: [0mThis is a debug message from thread 1418-09-2026 00:29:33 [38;5;015m[INFO]: [0mThis is a info message from thread 1418-09-2026 00:29:33 [38;5;117m[DEBUG]: [0mThis is a debug message from thread 1518-09-2026 00:29:33 [38;5;009m[ERROR]: [0mThis is a error message from thread 1918-09-2026 00:29:33 [38;5;117m[DEBUG]: [0mThis is a debug message from thread 1718-09-2026 00:29:33 [38;5;117m[DEBUG]: [0mThis is a debug message from thread 1918-09-2026 00:29:33 [38;5;015m[INFO]: [0mThis is a info message from thread 1518-09-2026 00:29:33 [38;5;009m[ERROR]: [0mThis is a error message from thread 1518-09-2026 00:29:33 [38;5;015m[INFO]: [0mThis is a info message from thread 1918-09-2026 00:29:33 [38;5;015m[INFO]: [0mThis is a info message from thread 018-09-2026 00:29:33 [38;5;009m[ERROR]: [0mThis is a error message from thread 1118-09-2026 00:29:33 [38;5;117m[DEBUG]: [0mThis is a debug message from thread 1118-09-2026 00:29:33 [38;5;015m[INFO]: [0mThis is a info message from thread 1118-09-2026 00:29:33 [38;5;009m[ERROR]: [0mThis is a error message from thread 1418-09-2026 00:29:33 [38;5;117m[DEBUG]: [0mThis is a debug message from thread 2818-09-2026 00:29:33 [38;5;015m[INFO]: [0mThis is a info message from thread 418-09-2026 00:29:33 [38;5;009m[ERROR]: [0mThis is a error message from thread 618-09-2026 00:29:33 [38;5;009m[ERROR]: [0mThis is a error message from thread 2718-09-2026 00:29:33 [38;5;015m[INFO]: [0mThis is a info message from thread 1218-09-2026 00:29:33 [38;5;009m[ERROR]: [0mThis is a error message from thread 1118-09-2026 00:29:33 [38;5;015m[INFO]: [0mThis is a info message from thread 1718-09-2026 00:29:33 [38;5;117m[DEBUG]: [0mThis is a debug message from thread 2718-09-2026 00:29:33 [38;5;015m[INFO]: [0mThis is a info message from thread 218-09-2026 00:29:33 [38;5;015m[INFO]: [0mThis is a info message from thread 2818-09-2026 00:29:33 [38;5;015m[INFO]: [0mThis is a info message from thread 2718-09-2026 00:29:33 [38;5;009m[ERROR]: [0mThis is a error message from thread 1818-09-2026 00:29:33 [38;5;009m[ERROR]: [0mThis is a error message from thread 1218-09-2026 00:29:33 [38;5;009m[ERROR]: [0mThis is a error message from thread 018-09-2026 00:29:33 [38;5;117m[DEBUG]: [0mThis is a debug message from thread 1118-09-2026 00:29:33 [38;5;009m[ERROR]: [0mThis is a error message from thread 418-09-2026 00:29:33 [38;5;015m[INFO]: [0mThis is a info message from thread 2318-09-2026 00:29:33 [38;5;015m[INFO]: [0mThis is a info message from thread 1118-09-2026 00:29:33 [38;5;009m[ERROR]: [0mThis is a error message from thread 2318-09-2026 00:29:33 [38;5;015m[INFO]: [0mThis is a info message from thread 718-09-2026 00:29:33 [38;5;009m[ERROR]: [0mThis is a error message from thread 2818-09-2026 00:29:33 [38;5;009m[ERROR]: [0mThis is a error message from thread 2718-09-2026 00:29:33 [38;5;117m[DEBUG]: [0mThis is a debug message from thread 1818-09-2026 00:29:33 [38;5;117m[DEBUG]: [0mThis is a debug message from thread 2818-09-2026 00:29:33 [38;5;117m[DEBUG]: [0mThis is a debug message from thread 018-09-2026 00:29:33 [38;5;009m[ERROR]: [0mThis is a error message from thread 718-09-2026 00:29:33 [38;5;117m[DEBUG]: [0mThis is a debug message from thread 2018-09-2026 00:29:33 [38;5;117m[DEBUG]: [0mThis is a debug message from thread 618-09-2026 00:29:33 [38;5;117m[DEBUG]: [0mThis is a debug message from thread 718-09-2026 00:29:33 [38;5;015m[INFO]: [0mThis is a info message from thread 1818-09-2026 00:29:33 [38;5;015m[INFO]: [0mThis is a info message from thread 318-09-2026 00:29:33 [38;5;015m[INFO]: [0mThis is a info message from thread 2018-09-2026 00:29:33 [38;5;009m[ERROR]: [0mThis is a error message from thread 1818-09-2026 00:29:33 [38;5;009m[ERROR]: [0mThis is a error message from thread 1718-09-2026 00:29:33 [38;5;117m[DEBUG]: [0mThis is a debug message from thread 1718-09-2026 00:29:33 [38;5;015m[INFO]: [0mThis is a info message from thread 2818-09-2026 00:29:33 [38;5;117m[DEBUG]: [0mThis is a debug message from thread 1818-09-2026 00:29:33 [38;5;009m[ERROR]: [0mThis is a error message from thread 2018-09-2026 00:29:33 [38;5;015m[INFO]: [0mThis is a info message from thread 718-09-2026 00:29:33 [38;5;009m[ERROR]: [0mThis is a error message from thread 1118-09-2026 00:29:33 [38;5;015m[INFO]: [0mThis is a info message from thread 618-09-2026 00:29:33 [38;5;009m[ERROR]: [0mThis is a error message from thread 2618-09-2026 00:29:33 [38;5;009m[ERROR]: [0mThis is a error message from thread 318-09-2026 00:29:33 [38;5;015m[INFO]: [0mThis is a info message from thread 2218-09-2026 00:29:33 [38;5;009m[ERROR]: [0mThis is a error message from thread 2818-09-2026 00:29:33 [38;5;117m[DEBUG]: [0mThis is a debug message from thread 418-09-2026 00:29:33 [38;5;009m[ERROR]: [0mThis is a error message from thread 2218-09-2026 00:29:33 [38;5;117m[DEBUG]: [0mThis is a debug message from thread 1118-09-2026 00:29:33 [38;5;117m[DEBUG]: [0mThis is a debug message from thread 318-09-2026 00:29:33 [38;5;015m[INFO]: [0mThis is a info message from thread 1818-09-2026 00:29:33 [38;5;117m[DEBUG]: [0mThis is a debug message from thread 2018-09-2026 00:29:33 [38;5;015m[INFO]: [0mThis is a info message from thread 318-09-2026 00:29:33 [38;5;015m[INFO]: [0mThis is a info message from thread 1118-09-2026 00:29:33 [38;5;015m[INFO]: [0mThis is a info message from thread 1018-09-2026 00:29:33 [38;5;009m[ERROR]: [0mThis is a error message from thread 318-09-2026 00:29:33 [38;5;117m[DEBUG]: [0mThis is a debug message from thread 2518-09-2026 00:29:33 [38;5;117m[DEBUG]: [0mThis is a debug message from thread 1418-09-2026 00:29:33 [38;5;009m[ERROR]: [0mThis is a error message from thread 1118-09-2026 00:29:33 [38;5;015m[INFO]: [0mThis is a info message from thread 1418-09-2026 00:29:33 [38;5;015m[INFO]: [0mThis is a info message from thread 1318-09-2026 00:29:33 [38;5;117m[DEBUG]: [0mThis is a debug message from thread 2818-09-2026 00:29:33 [38;5;015m[INFO]: [0mThis is a info message from thread 418-09-2026 00:29:33 [38;5;015m[INFO]: [0mThis is a info message from thread 1718-09-2026 00:29:33 [38;5;117m[DEBUG]: [0mThis is a debug message from thread 318-09-2026 00:29:33 [38;5;117m[DEBUG]: [0mThis is a debug message from thread 1218-09-2026 00:29:33 [38;5;009m[ERROR]: [0mThis is a error message from thread 518-09-2026 00:29:33 [38;5;015m[INFO]: [0mThis is a info message from thread 2818-09-2026 00:29:33 [38;5;015m[INFO]: [0mThis is a info message from thread 1218-09-2026 00:29:33 [38;5;015m[INFO]: [0mThis is a info message from thread 318-09-2026 00:29:33 [38;5;117m[DEBUG]: [0mThis is a debug message from thread 1118-09-2026 00:29:33 [38;5;009m[ERROR]: [0mThis is a error message from thread 1718-09-2026 00:29:33 [38;5;009m[ERROR]: [0mThis is a error message from thread 318-09-2026 00:29:33 [38;5;009m[ERROR]: [0mThis is a error message from thread 2918-09-2026 00:29:33 [38;5;117m[DEBUG]: [0mThis is a debug message from thread 1718-09-2026 00:29:33 [38;5;009m[ERROR]: [0mThis is a error message from thread 1218-09-2026 00:29:33 [38;5;009m[ERROR]: [0mThis is a error message from thread 1418-09-2026 00:29:33 [38;5;009m[ERROR]: [0mThis is a error message from thread 1318-09-2026 00:29:33 [38;5;117m[DEBUG]: [0mThis is a debug message from thread 318-09-2026 00:29:33 [38;5;117m[DEBUG]: [0mThis is a debug message from thread 1218-09-2026 00:29:33 [38;5;009m[ERROR]: [0mThis is a error message from thread 1018-09-2026 00:29:33 [38;5;015m[INFO]: [0mThis is a info message from thread 1118-09-2026 00:29:33 [38;5;009m[ERROR]: [0mThis is a error message from thread 818-09-2026 00:29:33 [38;5;009m[ERROR]: [0mThis is a error message from thread 1118-09-2026 00:29:33 [38;5;015m[INFO]: [0mThis is a info message from thread 1218-09-2026 00:29:33 [38;5;015m[INFO]: [0mThis is a info message from thread 318-09-2026 00:29:33 [38;5;117m[DEBUG]: [0mThis is a debug message from thread 1418-09-2026 00:29:33 [38;5;015m[INFO]: [0mThis is a info message from thread 1718-09-2026 00:29:33 [38;5;117m[DEBUG]: [0mThis is a debug message from thread 518-09-2026 00:29:33 [38;5;117m[DEBUG]: [0mThis is a debug message from thread 2618-09-2026 00:29:33 [38;5;117m[DEBUG]: [0mThis is a debug message from thread 1618-09-2026 00:29:33 [38;5;015m[INFO]: [0mThis is a info message from thread 018-09-2026 00:29:33 [38;5;015m[INFO]: [0mThis is a info message from thread 2518-09-2026 00:29:33 [38;5;009m[ERROR]: [0mThis is a error message from thread 2118-09-2026 00:29:33 [38;5;009m[ERROR]: [0mThis is a error message from thread 2418-09-2026 00:29:33 [38;5;009m[ERROR]: [0mThis is a error message from thread 118-09-2026 00:29:33 [38;5;015m[INFO]: [0mThis is a info message from thread 518-09-2026 00:29:33 [38;5;009m[ERROR]: [0mThis is a error message from thread 018-09-2026 00:29:33 [38;5;009m[ERROR]: [0mThis is a error message from thread 1218-09-2026 00:29:33 [38;5;117m[DEBUG]: [0mThis is a debug message from thread 2118-09-2026 00:29:33 [38;5;117m[DEBUG]: [0mThis is a debug message from thread 1318-09-2026 00:29:33 [38;5;015m[INFO]: [0mThis is a info message from thread 1618-09-2026 00:29:33 [38;5;009m[ERROR]: [0mThis is a error message from thread 1718-09-2026 00:29:33 [38;5;015m[INFO]: [0mThis is a info message from thread 2618-09-2026 00:29:33 [38;5;015m[INFO]: [0mThis is a info message from thread 1318-09-2026 00:29:33 [38;5;009m[ERROR]: [0mThis is a error message from thread 918-09-2026 00:29:33 [38;5;009m[ERROR]: [0mThis is a error message from thread 718-09-2026 00:29:33 [38;5;117m[DEBUG]: [0mThis is a debug message from thread 818-09-2026 00:29:33 [38;5;009m[ERROR]: [0mThis is a error message from thread 518-09-2026 00:29:33 [38;5;117m[DEBUG]: [0mThis is a debug message from thread 918-09-2026 00:29:33 [38;5;009m[ERROR]: [0mThis is a error message from thread 318-09-2026 00:29:33 [38;5;009m[ERROR]: [0mThis is a error message from thread 1318-09-2026 00:29:33 [38;5;009m[ERROR]: [0mThis is a error message from thread 2618-09-2026 00:29:33 [38;5;009m[ERROR]: [0mThis is a error message from thread 1618-09-2026 00:29:33 [38;5;009m[ERROR]: [0mThis is a error message from thread 1918-09-2026 00:29:33 [38;5;015m[INFO]: [0mThis is a info message from thread 818-09-2026 00:29:33 [38;5;117m[DEBUG]: [0mThis is a debug message from thread 718-09-2026 00:29:33 [38;5;117m[DEBUG]: [0mThis is a debug message from thread 2418-09-2026 00:29:33 [38;5;015m[INFO]: [0mThis is a info message from thread 2018-09-2026 00:29:33 [38;5;117m[DEBUG]: [0mThis is a debug message from thread 518-09-2026 00:29:33 [38;5;117m[DEBUG]: [0mThis is a debug message from thread 018-09-2026 00:29:33 [38;5;117m[DEBUG]: [0mThis is a debug message from thread 318-09-2026 00:29:33 [38;5;117m[DEBUG]: [0mThis is a debug message from thread 2318-09-2026 00:29:33 [38;5;117m[DEBUG]: [0mThis is a debug message from thread 1218-09-2026 00:29:33 [38;5;015m[INFO]: [0mThis is a info message from thread 2418-09-2026 00:29:33 [38;5;117m[DEBUG]: [0mThis is a debug message from thread 1118-09-2026 00:29:33 [38;5;009m[ERROR]: [0mThis is a error message from thread 1818-09-2026 00:29:33 [38;5;015m[INFO]: [0mThis is a info message from thread 1118-09-2026 00:29:33 [38;5;117m[DEBUG]: [0mThis is a debug message from thread 1718-09-2026 00:29:33 [38;5;117m[DEBUG]: [0mThis is a debug message from thread 1918-09-2026 00:29:33 [38;5;117m[DEBUG]: [0mThis is a debug message from thread 118-09-2026 00:29:33 [38;5;009m[ERROR]: [0mThis is a error message from thread 2518-09-2026 00:29:33 [38;5;009m[ERROR]: [0mThis is a error message from thread 2418-09-2026 00:29:33 [38;5;009m[ERROR]: [0mThis is a error message from thread 218-09-2026 00:29:33 [38;5;009m[ERROR]: [0mThis is a error message from thread 818-09-2026 00:29:33 [38;5;117m[DEBUG]: [0mThis is a debug message from thread 2418-09-2026 00:29:33 [38;5;015m[INFO]: [0mThis is a info message from thread 1918-09-2026 00:29:33 [38;5;015m[INFO]: [0mThis is a info message from thread 718-09-2026 00:29:33 [38;5;015m[INFO]: [0mThis is a info message from thread 2318-09-2026 00:29:33 [38;5;117m[DEBUG]: [0mThis is a debug message from thread 2518-09-2026 00:29:33 [38;5;015m[INFO]: [0mThis is a info message from thread 1718-09-2026 00:29:33 [38;5;015m[INFO]: [0mThis is a info message from thread 918-09-2026 00:29:33 [38;5;015m[INFO]: [0mThis is a info message from thread 1218-09-2026 00:29:33 [38;5;009m[ERROR]: [0mThis is a error message from thread 2318-09-2026 00:29:33 [38;5;009m[ERROR]: [0mThis is a error message from thread 918-09-2026 00:29:33 [38;5;015m[INFO]: [0mThis is a info message from thread 2518-09-2026 00:29:33 [38;5;117m[DEBUG]: [0mThis is a debug message from thread 2318-09-2026 00:29:33 [38;5;117m[DEBUG]: [0mThis is a debug message from thread 918-09-2026 00:29:33 [38;5;009m[ERROR]: [0mThis is a error message from thread 1218-09-2026 00:29:33 [38;5;117m[DEBUG]: [0mThis is a debug message from thread 2918-09-2026 00:29:33 [38;5;117m[DEBUG]: [0mThis is a debug message from thread 1618-09-2026 00:29:33 [38;5;009m[ERROR]: [0mThis is a error message from thread 2518-09-2026 00:29:33 [38;5;117m[DEBUG]: [0mThis is a debug message from thread 2618-09-2026 00:29:33 [38;5;009m[ERROR]: [0mThis is a error message from thread 2018-09-2026 00:29:33 [38;5;117m[DEBUG]: [0mThis is a debug message from thread 1518-09-2026 00:29:33 [38;5;009m[ERROR]: [0mThis is a error message from thread 2818-09-2026 00:29:33 [38;5;015m[INFO]: [0mThis is a info message from thread 2118-09-2026 00:29:33 [38;5;009m[ERROR]: [0mThis is a error message from thread 1718-09-2026 00:29:33 [38;5;117m[DEBUG]: [0mThis is a debug message from thread 218-09-2026 00:29:33 [38;5;117m[DEBUG]: [0mThis is a debug message from thread 2518-09-2026 00:29:33 [38;5;015m[INFO]: [0mThis is a info message from thread 2618-09-2026 00:29:33 [38;5;015m[INFO]: [0mThis is a info message from thread 318-09-2026 00:29:33 [38;5;117m[DEBUG]: [0mThis is a debug message from thread 2218-09-2026 00:29:33 [38;5;015m[INFO]: [0mThis is a info message from thread 1518-09-2026 00:29:33 [38;5;009m[ERROR]: [0mThis is a error message from thread 618-09-2026 00:29:33 [38;5;015m[INFO]: [0mThis is a info message from thread 1618-09-2026 00:29:33 [38;5;117m[DEBUG]: [0mThis is a debug message from thread 1718-09-2026 00:29:33 [38;5;015m[INFO]: [0mThis is a info message from thread 2418-09-2026 00:29:33 [38;5;117m[DEBUG]: [0mThis is a debug message from thread 1818-09-2026 00:29:33 [38;5;009m[ERROR]: [0mThis is a error message from thread 1118-09-2026 00:29:33 [38;5;117m[DEBUG]: [0mThis is a debug message from thread 818-09-2026 00:29:33 [38;5;015m[INFO]: [0mThis is a info message from thread 2318-09-2026 00:29:33 [38;5;117m[DEBUG]: [0mThis is a debug message from thread 2818-09-2026 00:29:33 [38;5;015m[INFO]: [0mThis is a info message from thread 918-09-2026 00:29:33 [38;5;009m[ERROR]: [0mThis is a error message from thread 2318-09-2026 00:29:33 [38;5;015m[INFO]: [0mThis is a info message from thread 1718-09-2026 00:29:33 [38;5;117m[DEBUG]: [0mThis is a debug message from thread 1218-09-2026 00:29:33 [38;5;015m[INFO]: [0mThis is a info message from thread 2818-09-2026 00:29:33 [38;5;015m[INFO]: [0mThis is a info message from thread 018-09-2026 00:29:33 [38;5;015m[INFO]: [0mThis is a info message from thread 818-09-2026 00:29:33 [38;5;015m[INFO]: [0mThis is a info message from thread 2218-09-2026 00:29:33 [38;5;117m[DEBUG]: [0mThis is a debug message from thread 1118-09-2026 00:29:33 [38;5;015m[INFO]: [0mThis is a info message from thread 118-09-2026 00:29:33 [38;5;015m[INFO]: [0mThis is a info message from thread 1418-09-2026 00:29:33 [38;5;015m[INFO]: [0mThis is a info message from thread 1818-09-2026 00:29:33 [38;5;009m[ERROR]: [0mThis is a error message from thread 818-09-2026 00:29:33 [38;5;009m[ERROR]: [0mThis is a error message from thread 2418-09-2026 00:29:33 [38;5;009m[ERROR]: [0mThis is a error message from thread 1918-09-2026 00:29:33 [38;5;009m[ERROR]: [0mThis is a error message from thread 1818-09-2026 00:29:33 [38;5;015m[INFO]: [0mThis is a info message from thread 1118-09-2026 00:29:33 [38;5;009m[ERROR]: [0mThis is a error message from thread 718-09-2026 00:29:33 [38;5;015m[INFO]: [0mThis is a info message from thread 1218-09-2026 00:29:33 [38;5;117m[DEBUG]: [0mThis is a debug message from thread 1818-09-2026 00:29:33 [38;5;117m[DEBUG]: [0mThis is a debug message from thread 1018-09-2026 00:29:33 [38;5;009m[ERROR]: [0mThis is a error message from thread 1418-09-2026 00:29:33 [38;5;009m[ERROR]: [0mThis is a error message from thread 1118-09-2026 00:29:33 [38;5;117m[DEBUG]: [0mThis is a debug message from thread 2318-09-2026 00:29:33 [38;5;117m[DEBUG]: [0mThis is a debug message from thread 1118-09-2026 00:29:33 [38;5;117m[DEBUG]: [0mThis is a debug message from thread 1418-09-2026 00:29:33 [38;5;015m[INFO]: [0mThis is a info message from thread 1118-09-2026 00:29:33 [38;5;117m[DEBUG]: [0mThis is a debug message from thread 2018-09-2026 00:29:33 [38;5;015m[INFO]: [0mThis is a info message from thread 1418-09-2026 00:29:33 [38;5;009m[ERROR]: [0mThis is a error message from thread 1418-09-2026 00:29:33 [38;5;015m[INFO]: [0mThis is a info message from thread 1818-09-2026 00:29:33 [38;5;117m[DEBUG]: [0mThis is a debug message from thread 718-09-2026 00:29:33 [38;5;009m[ERROR]: [0mThis is a error message from thread 418-09-2026 00:29:33 [38;5;117m[DEBUG]: [0mThis is a debug message from thread 2718-09-2026 00:29:33 [38;5;015m[INFO]: [0mThis is a info message from thread 2518-09-2026 00:29:33 [38;5;117m[DEBUG]: [0mThis is a debug message from thread 1918-09-2026 00:29:33 [38;5;117m[DEBUG]: [0mThis is a debug message from thread 1318-09-2026 00:29:33 [38;5;015m[INFO]: [0mThis is a info message from thread 518-09-2026 00:29:33 [38;5;009m[ERROR]: [0mThis is a error message from thread 2218-09-2026 00:29:33 [38;5;009m[ERROR]: [0mThis is a error message from thread 2118-09-2026 00:29:33 [38;5;009m[ERROR]: [0mThis is a error message from thread 318-09-2026 00:29:33 [38;5;015m[INFO]: [0mThis is a info message from thread 2718-09-2026 00:29:33 [38;5;009m[ERROR]: [0mThis is a error message from thread 1718-09-2026 00:29:33 [38;5;009m[ERROR]: [0mThis is a error message from thread 018-09-2026 00:29:33 [38;5;015m[INFO]: [0mThis is a info message from thread 1918-09-2026 00:29:33 [38;5;117m[DEBUG]: [0mThis is a debug message from thread 1418-09-2026 00:29:33 [38;5;009m[ERROR]: [0mThis is a error message from thread 1918-09-2026 00:29:33 [38;5;117m[DEBUG]: [0mThis is a debug message from thread 418-09-2026 00:29:33 [38;5;015m[INFO]: [0mThis is a info message from thread 418-09-2026 00:29:33 [38;5;009m[ERROR]: [0mThis is a error message from thread 2718-09-2026 00:29:33 [38;5;117m[DEBUG]: [0mThis is a debug message from thread 1718-09-2026 00:29:33 [38;5;015m[INFO]: [0mThis is a info message from thread 1318-09-2026 00:29:33 [38;5;009m[ERROR]: [0mThis is a error message from thread 2818-09-2026 00:29:33 [38;5;117m[DEBUG]: [0mThis is a debug message from thread 2718-09-2026 00:29:33 [38;5;009m[ERROR]: [0mThis is a error message from thread 418-09-2026 00:29:33 [38;5;117m[DEBUG]: [0mThis is a debug message from thread 1918-09-2026 00:29:33 [38;5;015m[INFO]: [0mThis is a info message from thread 1918-09-2026 00:29:33 [38;5;117m[DEBUG]: [0mThis is a debug message from thread 2818-09-2026 00:29:33 [38;5;117m[DEBUG]: [0mThis is a debug message from thread 2418-09-2026 00:29:33 [38;5;117m[DEBUG]: [0mThis is a debug message from thread 2218-09-2026 00:29:33 [38;5;015m[INFO]: [0mThis is a info message from thread 718-09-2026 00:29:33 [38;5;015m[INFO]: [0mThis is a info message from thread 2718-09-2026 00:29:33 [38;5;009m[ERROR]: [0mThis is a error message from thread 718-09-2026 00:29:33 [38;5;117m[DEBUG]: [0mThis is a debug message from thread 618-09-2026 00:29:33 [38;5;009m[ERROR]: [0mThis is a error message from thread 1818-09-2026 00:29:33 [38;5;015m[INFO]: [0mThis is a info message from thread 218-09-2026 00:29:33 [38;5;009m[ERROR]: [0mThis is a error message from thread 1218-09-2026 00:29:33 [38;5;117m[DEBUG]: [0mThis is a debug message from thread 818-09-2026 00:29:33 [38;5;015m[INFO]: [0mThis is a info message from thread 1418-09-2026 00:29:33 [38;5;009m[ERROR]: [0mThis is a error message from thread 1518-09-2026 00:29:33 [38;5;015m[INFO]: [0mThis is a info message from thread 1018-09-2026 00:29:33 [38;5;009m[ERROR]: [0mThis is a error message from thread 1418-09-2026 00:29:33 [38;5;009m[ERROR]: [0mThis is a error message from thread 2718-09-2026 00:29:33 [38;5;009m[ERROR]: [0mThis is a error message from thread 1118-09-2026 00:29:33 [38;5;117m[DEBUG]: [0mThis is a debug message from thread 1118-09-2026 00:29:33 [38;5;117m[DEBUG]: [0mThis is a debug message from thread 718-09-2026 00:29:33 [38;5;117m[DEBUG]: [0mThis is a debug message from thread 2718-09-2026 00:29:33 [38;5;015m[INFO]: [0mThis is a info message from thread 2018-09-2026 00:29:33 [38;5;117m[DEBUG]: [0mThis is a debug message from thread 1418-09-2026 00:29:33 [38;5;015m[INFO]: [0mThis is a info message from thread 1418-09-2026 00:29:33 [38;5;015m[INFO]: [0mThis is a info message from thread 718-09-2026 00:29:33 [38;5;009m[ERROR]: [0mThis is a error message from thread 1018-09-2026 00:29:33 [38;5;009m[ERROR]: [0mThis is a error message from thread 2018-09-2026 00:29:33 [38;5;015m[INFO]: [0mThis is a info message from thread 2718-09-2026 00:29:33 [38;5;009m[ERROR]: [0mThis is a error message from thread 2618-09-2026 00:29:33 [38;5;015m[INFO]: [0mThis is a info message from thread 1718-09-2026 00:29:33 [38;5;015m[INFO]: [0mThis is a info message from thread 818-09-2026 00:29:33 [38;5;009m[ERROR]: [0mThis is a error message from thread 118-09-2026 00:29:33 [38;5;117m[DEBUG]: [0mThis is a debug message from thread 2118-09-2026 00:29:33 [38;5;117m[DEBUG]: [0mThis is a debug message from thread 018-09-2026 00:29:33 [38;5;009m[ERROR]: [0mThis is a error message from thread 718-09-2026 00:29:33 [38;5;015m[INFO]: [0mThis is a info message from thread 2418-09-2026 00:29:33 [38;5;015m[INFO]: [0mThis is a info message from thread 1118-09-2026 00:29:33 [38;5;117m[DEBUG]: [0mThis is a debug message from thread 1818-09-2026 00:29:33 [38;5;009m[ERROR]: [0mThis is a error message from thread 218-09-2026 00:29:33 [38;5;117m[DEBUG]: [0mThis is a debug message from thread 1018-09-2026 00:29:33 [38;5;009m[ERROR]: [0mThis is a error message from thread 1618-09-2026 00:29:33 [38;5;009m[ERROR]: [0mThis is a error message from thread 1118-09-2026 00:29:33 [38;5;015m[INFO]: [0mThis is a info message from thread 2818-09-2026 00:29:33 [38;5;009m[ERROR]: [0mThis is a error message from thread 518-09-2026 00:29:33 [38;5;015m[INFO]: [0mThis is a info message from thread 2318-09-2026 00:29:33 [38;5;117m[DEBUG]: [0mThis is a debug message from thread 718-09-2026 00:29:33 [38;5;009m[ERROR]: [0mThis is a error message from thread 1718-09-2026 00:29:33 [38;5;015m[INFO]: [0mThis is a info message from thread 018-09-2026 00:29:33 [38;5;015m[INFO]: [0mThis is a info message from thread 2218-09-2026 00:29:33 [38;5;009m[ERROR]: [0mThis is a error message from thread 2518-09-2026 00:29:33 [38;5;117m[DEBUG]: [0mThis is a debug message from thread 218-09-2026 00:29:33 [38;5;009m[ERROR]: [0mThis is a error message from thread 2718-09-2026 00:29:33 [38;5;015m[INFO]: [0mThis is a info message from thread 718-09-2026 00:29:33 [38;5;117m[DEBUG]: [0mThis is a debug message from thread 318-09-2026 00:29:33 [38;5;009m[ERROR]: [0mThis is a error message from thread 2318-09-2026 00:29:33 [38;5;117m[DEBUG]: [0mThis is a debug message from thread 518-09-2026 00:29:33 [38;5;009m[ERROR]: [0mThis is a error message from thread 918-09-2026 00:29:33 [38;5;117m[DEBUG]: [0mThis is a debug message from thread 1118-09-2026 00:29:33 [38;5;009m[ERROR]: [0mThis is a error message from thread 1918-09-2026 00:29:33 [38;5;117m[DEBUG]: [0mThis is a debug message from thread 1718-09-2026 00:29:33 [38;5;009m[ERROR]: [0mThis is a error message from thread 018-09-2026 00:29:33 [38;5;015m[INFO]: [0mThis is a info message from thread 518-09-2026 00:29:33 [38;5;117m[DEBUG]: [0mThis is a debug message from thread 1518-09-2026 00:29:33 [38;5;009m[ERROR]: [0mThis is a error message from thread 2818-09-2026 00:29:33 [38;5;009m[ERROR]: [0mThis is a error message from thread 518-09-2026 00:29:33 [38;5;015m[INFO]: [0mThis is a info message from thread 1118-09-2026 00:29:33 [38;5;009m[ERROR]: [0mThis is a error message from thread 2218-09-2026 00:29:33 [38;5;117m[DEBUG]: [0mThis is a debug message from thread 2518-09-2026 00:29:33 [38;5;117m[DEBUG]: [0mThis is a debug message from thread 018-09-2026 00:29:33 [38;5;117m[DEBUG]: [0mThis is a debug message from thread 2218-09-2026 00:29:33 [38;5;015m[INFO]: [0mThis is a info message from thread 1718-09-2026 00:29:33 [38;5;117m[DEBUG]: [0mThis is a debug message from thread 918-09-2026 00:29:33 [38;5;117m[DEBUG]: [0mThis is a debug message from thread 2318-09-2026 00:29:33 [38;5;015m[INFO]: [0mThis is a info message from thread 2518-09-2026 00:29:33 [38;5;009m[ERROR]: [0mThis is a error message from thread 1318-09-2026 00:29:33 [38;5;117m[DEBUG]: [0mThis is a debug message from thread 1618-09-2026 00:29:33 [38;5;015m[INFO]: [0mThis is a info message from thread 1818-09-2026 00:29:33 [38;5;009m[ERROR]: [0mThis is a error message from thread 1718-09-2026 00:29:33 [38;5;009m[ERROR]: [0mThis is a error message from thread 2518-09-2026 00:29:33 [38;5;117m[DEBUG]: [0mThis is a debug message from thread 518-09-2026 00:29:33 [38;5;015m[INFO]: [0mThis is a info message from thread 1518-09-2026 00:29:33 [38;5;117m[DEBUG]: [0mThis is a debug message from thread 1218-09-2026 00:29:33 [38;5;117m[DEBUG]: [0mThis is a debug message from thread 1318-09-2026 00:29:33 [38;5;015m[INFO]: [0mThis is a info message from thread 618-09-2026 00:29:33 [38;5;117m[DEBUG]: [0mThis is a debug message from thread 418-09-2026 00:29:33 [38;5;015m[INFO]: [0mThis is a info message from thread 318-09-2026 00:29:33 [38;5;009m[ERROR]: [0mThis is a error message from thread 818-09-2026 00:29:33 [38;5;015m[INFO]: [0mThis is a info message from thread 2118-09-2026 00:29:33 [38;5;015m[INFO]: [0mThis is a info message from thread 918-09-2026 00:29:33 [38;5;015m[INFO]: [0mThis is a info message from thread 1218-09-2026 00:29:33 [38;5;015m[INFO]: [0mThis is a info message from thread 018-09-2026 00:29:33 [38;5;015m[INFO]: [0mThis is a info message from thread 518-09-2026 00:29:33 [38;5;009m[ERROR]: [0mThis is a error message from thread 1818-09-2026 00:29:33 [38;5;015m[INFO]: [0mThis is a info message from thread 2318-09-2026 00:29:33 [38;5;009m[ERROR]: [0mThis is a error message from thread 1418-09-2026 00:29:33 [38;5;117m[DEBUG]: [0mThis is a debug message from thread 1818-09-2026 00:29:33 [38;5;117m[DEBUG]: [0mThis is a debug message from thread 818-09-2026 00:29:33 [38;5;009m[ERROR]: [0mThis is a error message from thread 1218-09-2026 00:29:33 [38;5;009m[ERROR]: [0mThis is a error message from thread 2318-09-2026 00:29:33 [38;5;009m[ERROR]: [0mThis is a error message from thread 018-09-2026 00:29:33 [38;5;015m[INFO]: [0mThis is a info message from thread 1818-09-2026 00:29:33 [38;5;009m[ERROR]: [0mThis is a error message from thread 918-09-2026 00:29:33 [38;5;117m[DEBUG]: [0mThis is a debug message from thread 2318-09-2026 00:29:33 [38;5;117m[DEBUG]: [0mThis is a debug message from thread 918-09-2026 00:29:33 [38;5;015m[INFO]: [0mThis is a info message from thread 2318-09-2026 00:29:33 [38;5;015m[INFO]: [0mThis is a info message from thread 818-09-2026 00:29:33 [38;5;015m[INFO]: [0mThis is a info message from thread 1318-09-2026 00:29:33 [38;5;009m[ERROR]: [0mThis is a error message from thread 818-09-2026 00:29:33 [38;5;009m[ERROR]: [0mThis is a error message from thread 1318-09-2026 00:29:33 [38;5;009m[ERROR]: [0mThis is a error message from thread 518-09-2026 00:29:33 [38;5;009m[ERROR]: [0mThis is a error message from thread 2418-09-2026 00:29:33 [38;5;009m[ERROR]: [0mThis is a error message from thread 1118-09-2026 00:29:33 [38;5;117m[DEBUG]: [0mThis is a debug message from thread 2018-09-2026 00:29:33 [38;5;009m[ERROR]: [0mThis is a error message from thread 718-09-2026 00:29:33 [38;5;117m[DEBUG]: [0mThis is a debug message from thread 518-09-2026 00:29:33 [38;5;015m[INFO]: [0mThis is a info message from thread 1018-09-2026 00:29:33 [38;5;117m[DEBUG]: [0mThis is a debug message from thread 2418-09-2026 00:29:33 [38;5;117m[DEBUG]: [0mThis is a debug message from thread 1118-09-2026 00:29:33 [38;5;009m[ERROR]: [0mThis is a error message from thread 1018-09-2026 00:29:33 [38;5;015m[INFO]: [0mThis is a info message from thread 2918-09-2026 00:29:33 [38;5;117m[DEBUG]: [0mThis is a debug message from thread 1718-09-2026 00:29:33 [38;5;117m[DEBUG]: [0mThis is a debug message from thread 818-09-2026 00:29:33 [38;5;117m[DEBUG]: [0mThis is a debug message from thread 118-09-2026 00:29:33 [38;5;117m[DEBUG]: [0mThis is a debug message from thread 1218-09-2026 00:29:33 [38;5;117m[DEBUG]: [0mThis is a debug message from thread 718-09-2026 00:29:33 [38;5;015m[INFO]: [0mThis is a info message from thread 1718-09-2026 00:29:33 [38;5;117m[DEBUG]: [0mThis is a debug message from thread 2518-09-2026 00:29:33 [38;5;117m[DEBUG]: [0mThis is a debug message from thread 1418-09-2026 00:29:33 [38;5;015m[INFO]: [0mThis is a info message from thread 1618-09-2026 00:29:33 [38;5;117m[DEBUG]: [0mThis is a debug message from thread 2718-09-2026 00:29:33 [38;5;015m[INFO]: [0mThis is a info message from thread 518-09-2026 00:29:33 [38;5;015m[INFO]: [0mThis is a info message from thread 2418-09-2026 00:29:33 [38;5;015m[INFO]: [0mThis is a info message from thread 118-09-2026 00:29:33 [38;5;015m[INFO]: [0mThis is a info message from thread 2718-09-2026 00:29:33 [38;5;015m[INFO]: [0mThis is a info message from thread 2518-09-2026 00:29:33 [38;5;009m[ERROR]: [0mThis is a error message from thread 118-09-2026 00:29:33 [38;5;009m[ERROR]: [0mThis is a error message from thread 2518-09-2026 00:29:33 [38;5;009m[ERROR]: [0mThis is a error message from thread 2918-09-2026 00:29:33 [38;5;009m[ERROR]: [0mThis is a error message from thread 2718-09-2026 00:29:33 [38;5;117m[DEBUG]: [0mThis is a debug message from thread 2518-09-2026 00:29:33 [38;5;009m[ERROR]: [0mThis is a error message from thread 2418-09-2026 00:29:33 [38;5;015m[INFO]: [0mThis is a info message from thread 2218-09-2026 00:29:33 [38;5;009m[ERROR]: [0mThis is a error message from thread 2118-09-2026 00:29:33 [38;5;009m[ERROR]: [0mThis is a error message from thread 1518-09-2026 00:29:33 [38;5;009m[ERROR]: [0mThis is a error message from thread 1818-09-2026 00:29:33 [38;5;015m[INFO]: [0mThis is a info message from thread 1218-09-2026 00:29:33 [38;5;015m[INFO]: [0mThis is a info message from thread 2018-09-2026 00:29:33 [38;5;117m[DEBUG]: [0mThis is a debug message from thread 018-09-2026 00:29:33 [38;5;117m[DEBUG]: [0mThis is a debug message from thread 2918-09-2026 00:29:33 [38;5;117m[DEBUG]: [0mThis is a debug message from thread 2818-09-2026 00:29:33 [38;5;015m[INFO]: [0mThis is a info message from thread 818-09-2026 00:29:33 [38;5;015m[INFO]: [0mThis is a info message from thread 2518-09-2026 00:29:33 [38;5;009m[ERROR]: [0mThis is a error message from thread 2318-09-2026 00:29:33 [38;5;009m[ERROR]: [0mThis is a error message from thread 2218-09-2026 00:29:33 [38;5;009m[ERROR]: [0mThis is a error message from thread 2018-09-2026 00:29:33 [38;5;009m[ERROR]: [0mThis is a error message from thread 818-09-2026 00:29:33 [38;5;015m[INFO]: [0mThis is a info message from thread 018-09-2026 00:29:33 [38;5;009m[ERROR]: [0mThis is a error message from thread 2518-09-2026 00:29:33 [38;5;009m[ERROR]: [0mThis is a error message from thread 018-09-2026 00:29:33 [38;5;117m[DEBUG]: [0mThis is a debug message from thread 818-09-2026 00:29:33 [38;5;117m[DEBUG]: [0mThis is a debug message from thread 2118-09-2026 00:29:33 [38;5;117m[DEBUG]: [0mThis is a debug message from thread 2318-09-2026 00:29:33 [38;5;009m[ERROR]: [0mThis is a error message from thread 1218-09-2026 00:29:33 [38;5;117m[DEBUG]: [0mThis is a debug message from thread 2218-09-2026 00:29:33 [38;5;117m[DEBUG]: [0mThis is a debug message from thread 1818-09-2026 00:29:33 [38;5;117m[DEBUG]: [0mThis is a debug message from thread 1918-09-2026 00:29:33 [38;5;015m[INFO]: [0mThis is a info message from thread 2218-09-2026 00:29:33 [38;5;009m[ERROR]: [0mThis is a error message from thread 518-09-2026 00:29:33 [38;5;015m[INFO]: [0mThis is a info message from thread 2318-09-2026 00:29:33 [38;5;117m[DEBUG]: [0mThis is a debug message from thread 2618-09-2026 00:29:33 [38;5;015m[INFO]: [0mThis is a info message from thread 2618-09-2026 00:29:33 [38;5;015m[INFO]: [0mThis is a info message from thread 2818-09-2026 00:29:33 [38;5;015m[INFO]: [0mThis is a info message from thread 818-09-2026 00:29:33 [38;5;009m[ERROR]: [0mThis is a error message from thread 2218-09-2026 00:29:33 [38;5;117m[DEBUG]: [0mThis is a debug message from thread 2518-09-2026 00:29:33 [38;5;015m[INFO]: [0mThis is a info message from thread 218-09-2026 00:29:33 [38;5;117m[DEBUG]: [0mThis is a debug message from thread 518-09-2026 00:29:33 [38;5;009m[ERROR]: [0mThis is a error message from thread 218-09-2026 00:29:33 [38;5;117m[DEBUG]: [0mThis is a debug message from thread 2218-09-2026 00:29:33 [38;5;009m[ERROR]: [0mThis is a error message from thread 2818-09-2026 00:29:33 [38;5;009m[ERROR]: [0mThis is a error message from thread 2318-09-2026 00:29:33 [38;5;117m[DEBUG]: [0mThis is a debug message from thread 2818-09-2026 00:29:33 [38;5;015m[INFO]: [0mThis is a info message from thread 518-09-2026 00:29:33 [38;5;117m[DEBUG]: [0mThis is a debug message from thread 018-09-2026 00:29:33 [38;5;009m[ERROR]: [0mThis is a error message from thread 818-09-2026 00:29:33 [38;5;117m[DEBUG]: [0mThis is a debug message from thread 1218-09-2026 00:29:33 [38;5;015m[INFO]: [0mThis is a info message from thread 2518-09-2026 00:29:33 [38;5;009m[ERROR]: [0mThis is a error message from thread 2618-09-2026 00:29:33 [38;5;009m[ERROR]: [0mThis is a error message from thread 2518-09-2026 00:29:33 [38;5;015m[INFO]: [0mThis is a info message from thread 1418-09-2026 00:29:33 [38;5;117m[DEBUG]: [0mThis is a debug message from thread 818-09-2026 00:29:33 [38;5;015m[INFO]: [0mThis is a info message from thread 418-09-2026 00:29:33 [38;5;117m[DEBUG]: [0mThis is a debug message from thread 2318-09-2026 00:29:33 [38;5;015m[INFO]: [0mThis is a info message from thread 2818-09-2026 00:29:33 [38;5;015m[INFO]: [0mThis is a info message from thread 818-09-2026 00:29:33 [38;5;117m[DEBUG]: [0mThis is a debug message from thread 2418-09-2026 00:29:33 [38;5;015m[INFO]: [0mThis is a info message from thread 2218-09-2026 00:29:33 [38;5;015m[INFO]: [0mThis is a info message from thread 2318-09-2026 00:29:33 [38;5;009m[ERROR]: [0mThis is a error message from thread 2218-09-2026 00:29:33 [38;5;009m[ERROR]: [0mThis is a error message from thread 2318-09-2026 00:29:33 [38;5;015m[INFO]: [0mThis is a info message from thread 2918-09-2026 00:29:33 [38;5;009m[ERROR]: [0mThis is a error message from thread 818-09-2026 00:29:33 [38;5;009m[ERROR]: [0mThis is a error message from thread 418-09-2026 00:29:33 [38;5;117m[DEBUG]: [0mThis is a debug message from thread 2618-09-2026 00:29:33 [38;5;117m[DEBUG]: [0mThis is a debug message from thread 818-09-2026 00:29:33 [38;5;009m[ERROR]: [0mThis is a error message from thread 2818-09-2026 00:29:33 [38;5;009m[ERROR]: [0mThis is a error message from thread 2918-09-2026 00:29:33 [38;5;117m[DEBUG]: [0mThis is a debug message from thread 418-09-2026 00:29:33 [38;5;117m[DEBUG]: [0mThis is a debug message from thread 2518-09-2026 00:29:33 [38;5;117m[DEBUG]: [0mThis is a debug message from thread 2218-09-2026 00:29:33 [38;5;015m[INFO]: [0mThis is a info message from thread 2218-09-2026 00:29:33 [38;5;015m[INFO]: [0mThis is a info message from thread 1218-09-2026 00:29:33 [38;5;117m[DEBUG]: [0mThis is a debug message from thread 2318-09-2026 00:29:33 [38;5;009m[ERROR]: [0mThis is a error message from thread 1218-09-2026 00:29:33 [38;5;015m[INFO]: [0mThis is a info message from thread 2318-09-2026 00:29:33 [38;5;015m[INFO]: [0mThis is a info message from thread 418-09-2026 00:29:33 [38;5;117m[DEBUG]: [0mThis is a debug message from thread 1218-09-2026 00:29:33 [38;5;117m[DEBUG]: [0mThis is a debug message from thread 2818-09-2026 00:29:33 [38;5;117m[DEBUG]: [0mThis is a debug message from thread 2918-09-2026 00:29:33 [38;5;015m[INFO]: [0mThis is a info message from thread 018-09-2026 00:29:33 [38;5;015m[INFO]: [0mThis is a info message from thread 818-09-2026 00:29:33 [38;5;015m[INFO]: [0mThis is a info message from thread 2818-09-2026 00:29:33 [38;5;009m[ERROR]: [0mThis is a error message from thread 418-09-2026 00:29:33 [38;5;009m[ERROR]: [0mThis is a error message from thread 018-09-2026 00:29:33 [38;5;117m[DEBUG]: [0mThis is a debug message from thread 1318-09-2026 00:29:33 [38;5;015m[INFO]: [0mThis is a info message from thread 2418-09-2026 00:29:33 [38;5;009m[ERROR]: [0mThis is a error message from thread 2318-09-2026 00:29:33 [38;5;015m[INFO]: [0mThis is a info message from thread 718-09-2026 00:29:33 [38;5;009m[ERROR]: [0mThis is a error message from thread 618-09-2026 00:29:33 [38;5;015m[INFO]: [0mThis is a info message from thread 1118-09-2026 00:29:33 [38;5;009m[ERROR]: [0mThis is a error message from thread 2418-09-2026 00:29:33 [38;5;009m[ERROR]: [0mThis is a error message from thread 318-09-2026 00:29:33 [38;5;117m[DEBUG]: [0mThis is a debug message from thread 2718-09-2026 00:29:33 [38;5;009m[ERROR]: [0mThis is a error message from thread 1718-09-2026 00:29:33 [38;5;015m[INFO]: [0mThis is a info message from thread 2118-09-2026 00:29:33 [38;5;117m[DEBUG]: [0mThis is a debug message from thread 1518-09-2026 00:29:33 [38;5;015m[INFO]: [0mThis is a info message from thread 1218-09-2026 00:29:33 [38;5;009m[ERROR]: [0mThis is a error message from thread 518-09-2026 00:29:33 [38;5;117m[DEBUG]: [0mThis is a debug message from thread 1718-09-2026 00:29:33 [38;5;015m[INFO]: [0mThis is a info message from thread 918-09-2026 00:29:33 [38;5;117m[DEBUG]: [0mThis is a debug message from thread 518-09-2026 00:29:33 [38;5;015m[INFO]: [0mThis is a info message from thread 1818-09-2026 00:29:33 [38;5;117m[DEBUG]: [0mThis is a debug message from thread 2418-09-2026 00:29:33 [38;5;009m[ERROR]: [0mThis is a error message from thread 2118-09-2026 00:29:33 [38;5;009m[ERROR]: [0mThis is a error message from thread 818-09-2026 00:29:33 [38;5;009m[ERROR]: [0mThis is a error message from thread 718-09-2026 00:29:33 [38;5;009m[ERROR]: [0mThis is a error message from thread 1618-09-2026 00:29:33 [38;5;009m[ERROR]: [0mThis is a error message from thread 1118-09-2026 00:29:33 [38;5;009m[ERROR]: [0mThis is a error message from thread 1218-09-2026 00:29:33 [38;5;117m[DEBUG]: [0mThis is a debug message from thread 718-09-2026 00:29:33 [38;5;117m[DEBUG]: [0mThis is a debug message from thread 118-09-2026 00:29:33 [38;5;117m[DEBUG]: [0mThis is a debug message from thread 1618-09-2026 00:29:33 [38;5;117m[DEBUG]: [0mThis is a debug message from thread 318-09-2026 00:29:33 [38;5;117m[DEBUG]: [0mThis is a debug message from thread 1218-09-2026 00:29:33 [38;5;117m[DEBUG]: [0mThis is a debug message from thread 818-09-2026 00:29:33 [38;5;015m[INFO]: [0mThis is a info message from thread 2418-09-2026 00:29:33 [38;5;015m[INFO]: [0mThis is a info message from thread 1318-09-2026 00:29:33 [38;5;015m[INFO]: [0mThis is a info message from thread 518-09-2026 00:29:33 [38;5;015m[INFO]: [0mThis is a info message from thread 1518-09-2026 00:29:33 [38;5;015m[INFO]: [0mThis is a info message from thread 2918-09-2026 00:29:33 [38;5;117m[DEBUG]: [0mThis is a debug message from thread 2318-09-2026 00:29:33 [38;5;117m[DEBUG]: [0mThis is a debug message from thread 1018-09-2026 00:29:33 [38;5;009m[ERROR]: [0mThis is a error message from thread 2918-09-2026 00:29:33 [38;5;009m[ERROR]: [0mThis is a error message from thread 2218-09-2026 00:29:33 [38;5;117m[DEBUG]: [0mThis is a debug message from thread 2118-09-2026 00:29:33 [38;5;117m[DEBUG]: [0mThis is a debug message from thread 618-09-2026 00:29:33 [38;5;015m[INFO]: [0mThis is a info message from thread 118-09-2026 00:29:33 [38;5;009m[ERROR]: [0mThis is a error message from thread 1518-09-2026 00:29:33 [38;5;117m[DEBUG]: [0mThis is a debug message from thread 218-09-2026 00:29:33 [38;5;015m[INFO]: [0mThis is a info message from thread 2718-09-2026 00:29:33 [38;5;015m[INFO]: [0mThis is a info message from thread 1218-09-2026 00:29:33 [38;5;009m[ERROR]: [0mThis is a error message from thread 2818-09-2026 00:29:33 [38;5;015m[INFO]: [0mThis is a info message from thread 618-09-2026 00:29:33 [38;5;015m[INFO]: [0mThis is a info message from thread 2118-09-2026 00:29:33 [38;5;009m[ERROR]: [0mThis is a error message from thread 1418-09-2026 00:29:33 [38;5;117m[DEBUG]: [0mThis is a debug message from thread 1418-09-2026 00:29:33 [38;5;009m[ERROR]: [0mThis is a error message from thread 618-09-2026 00:29:33 [38;5;117m[DEBUG]: [0mThis is a debug message from thread 618-09-2026 00:29:33 [38;5;009m[ERROR]: [0mThis is a error message from thread 2118-09-2026 00:29:33 [38;5;009m[ERROR]: [0mThis is a error message from thread 2718-09-2026 00:29:33 [38;5;015m[INFO]: [0mThis is a info message from thread 318-09-2026 00:29:33 [38;5;117m[DEBUG]: [0mThis is a debug message from thread 1518-09-2026 00:29:33 [38;5;009m[ERROR]: [0mThis is a error message from thread 918-09-2026 00:29:33 [38;5;117m[DEBUG]: [0mThis is a debug message from thread 1118-09-2026 00:29:33 [38;5;117m[DEBUG]: [0mThis is a debug message from thread 2118-09-2026 00:29:33 [38;5;015m[INFO]: [0mThis is a info message from thread 2318-09-2026 00:29:33 [38;5;015m[INFO]: [0mThis is a info message from thread 1618-09-2026 00:29:33 [38;5;117m[DEBUG]: [0mThis is a debug message from thread 018-09-2026 00:29:33 [38;5;015m[INFO]: [0mThis is a info message from thread 2618-09-2026 00:29:33 [38;5;117m[DEBUG]: [0mThis is a debug message from thread 2218-09-2026 00:29:33 [38;5;015m[INFO]: [0mThis is a info message from thread 1418-09-2026 00:29:33 [38;5;015m[INFO]: [0mThis is a info message from thread 018-09-2026 00:29:33 [38;5;009m[ERROR]: [0mThis is a error message from thread 1818-09-2026 00:29:33 [38;5;009m[ERROR]: [0mThis is a error message from thread 318-09-2026 00:29:33 [38;5;009m[ERROR]: [0mThis is a error message from thread 018-09-2026 00:29:33 [38;5;015m[INFO]: [0mThis is a info message from thread 2118-09-2026 00:29:33 [38;5;009m[ERROR]: [0mThis is a error message from thread 2418-09-2026 00:29:33 [38;5;117m[DEBUG]: [0mThis is a debug message from thread 018-09-2026 00:29:33 [38;5;009m[ERROR]: [0mThis is a error message from thread 1618-09-2026 00:29:33 [38;5;015m[INFO]: [0mThis is a info message from thread 818-09-2026 00:29:33 [38;5;015m[INFO]: [0mThis is a info message from thread 1018-09-2026 00:29:33 [38;5;009m[ERROR]: [0mThis is a error message from thread 2118-09-2026 00:29:33 [38;5;117m[DEBUG]: [0mThis is a debug message from thread 918-09-2026 00:29:33 [38;5;015m[INFO]: [0mThis is a info message from thread 2218-09-2026 00:29:33 [38;5;117m[DEBUG]: [0mThis is a debug message from thread 2918-09-2026 00:29:33 [38;5;009m[ERROR]: [0mThis is a error message from thread 118-09-2026 00:29:33 [38;5;009m[ERROR]: [0mThis is a error message from thread 1318-09-2026 00:29:33 [38;5;009m[ERROR]: [0mThis is a error message from thread 1218-09-2026 00:29:33 [38;5;117m[DEBUG]: [0mThis is a debug message from thread 418-09-2026 00:29:33 [38;5;009m[ERROR]: [0mThis is a error message from thread 1418-09-2026 00:29:33 [38;5;117m[DEBUG]: [0mThis is a debug message from thread 2718-09-2026 00:29:33 [38;5;117m[DEBUG]: [0mThis is a debug message from thread 2418-09-2026 00:29:33 [38;5;015m[INFO]: [0mThis is a info message from thread 918-09-2026 00:29:33 [38;5;009m[ERROR]: [0mThis is a error message from thread 2218-09-2026 00:29:33 [38;5;117m[DEBUG]: [0mThis is a debug message from thread 1218-09-2026 00:29:33 [38;5;015m[INFO]: [0mThis is a info message from thread 2718-09-2026 00:29:33 [38;5;117m[DEBUG]: [0mThis is a debug message from thread 2818-09-2026 00:29:33 [38;5;117m[DEBUG]: [0mThis is a debug message from thread 118-09-2026 00:29:33 [38;5;117m[DEBUG]: [0mThis is a debug message from thread 2018-09-2026 00:29:33 [38;5;015m[INFO]: [0mThis is a info message from thread 2418-09-2026 00:29:33 [38;5;009m[ERROR]: [0mThis is a error message from thread 2718-09-2026 00:29:33 [38;5;015m[INFO]: [0mThis is a info message from thread 2818-09-2026 00:29:33 [38;5;015m[INFO]: [0mThis is a info message from thread 1218-09-2026 00:29:33 [38;5;009m[ERROR]: [0mThis is a error message from thread 818-09-2026 00:29:33 [38;5;117m[DEBUG]: [0mThis is a debug message from thread 2718-09-2026 00:29:33 [38;5;015m[INFO]: [0mThis is a info message from thread 118-09-2026 00:29:33 [38;5;015m[INFO]: [0mThis is a info message from thread 1918-09-2026 00:29:33 [38;5;015m[INFO]: [0mThis is a info message from thread 2018-09-2026 00:29:33 [38;5;009m[ERROR]: [0mThis is a error message from thread 2318-09-2026 00:29:33 [38;5;009m[ERROR]: [0mThis is a error message from thread 2018-09-2026 00:29:33 [38;5;009m[ERROR]: [0mThis is a error message from thread 518-09-2026 00:29:33 [38;5;009m[ERROR]: [0mThis is a error message from thread 2418-09-2026 00:29:33 [38;5;009m[ERROR]: [0mThis is a error message from thread 2618-09-2026 00:29:33 [38;5;009m[ERROR]: [0mThis is a error message from thread 118-09-2026 00:29:33 [38;5;015m[INFO]: [0mThis is a info message from thread 218-09-2026 00:29:33 [38;5;117m[DEBUG]: [0mThis is a debug message from thread 1318-09-2026 00:29:33 [38;5;117m[DEBUG]: [0mThis is a debug message from thread 2018-09-2026 00:29:33 [38;5;117m[DEBUG]: [0mThis is a debug message from thread 2318-09-2026 00:29:33 [38;5;117m[DEBUG]: [0mThis is a debug message from thread 2418-09-2026 00:29:33 [38;5;015m[INFO]: [0mThis is a info message from thread 2318-09-2026 00:29:33 [38;5;015m[INFO]: [0mThis is a info message from thread 2018-09-2026 00:29:33 [38;5;117m[DEBUG]: [0mThis is a debug message from thread 518-09-2026 00:29:33 [38;5;009m[ERROR]: [0mThis is a error message from thread 1918-09-2026 00:29:33 [38;5;015m[INFO]: [0mThis is a info message from thread 2418-09-2026 00:29:33 [38;5;009m[ERROR]: [0mThis is a error message from thread 2018-09-2026 00:29:33 [38;5;009m[ERROR]: [0mThis is a error message from thread 218-09-2026 00:29:33 [38;5;117m[DEBUG]: [0mThis is a debug message from thread 2618-09-2026 00:29:33 [38;5;009m[ERROR]: [0mThis is a error message from thread 2418-09-2026 00:29:33 [38;5;015m[INFO]: [0mThis is a info message from thread 018-09-2026 00:29:33 [38;5;117m[DEBUG]: [0mThis is a debug message from thread 1618-09-2026 00:29:33 [38;5;117m[DEBUG]: [0mThis is a debug message from thread 818-09-2026 00:29:33 [38;5;117m[DEBUG]: [0mThis is a debug message from thread 1418-09-2026 00:29:33 [38;5;009m[ERROR]: [0mThis is a error message from thread 1218-09-2026 00:29:33 [38;5;009m[ERROR]: [0mThis is a error message from thread 1018-09-2026 00:29:33 [38;5;015m[INFO]: [0mThis is a info message from thread 1718-09-2026 00:29:33 [38;5;009m[ERROR]: [0mThis is a error message from thread 018-09-2026 00:29:33 [38;5;015m[INFO]: [0mThis is a info message from thread 618-09-2026 00:29:33 [38;5;009m[ERROR]: [0mThis is a error message from thread 2818-09-2026 00:29:33 [38;5;117m[DEBUG]: [0mThis is a debug message from thread 1218-09-2026 00:29:33 [38;5;015m[INFO]: [0mThis is a info message from thread 1518-09-2026 00:29:33 [38;5;009m[ERROR]: [0mThis is a error message from thread 1718-09-2026 00:29:33 [38;5;117m[DEBUG]: [0mThis is a debug message from thread 218-09-2026 00:29:33 [38;5;117m[DEBUG]: [0mThis is a debug message from thread 2818-09-2026 00:29:33 [38;5;015m[INFO]: [0mThis is a info message from thread 2918-09-2026 00:29:33 [38;5;117m[DEBUG]: [0mThis is a debug message from thread 018-09-2026 00:29:33 [38;5;117m[DEBUG]: [0mThis is a debug message from thread 2018-09-2026 00:29:33 [38;5;117m[DEBUG]: [0mThis is a debug message from thread 118-09-2026 00:29:33 [38;5;117m[DEBUG]: [0mThis is a debug message from thread 1718-09-2026 00:29:33 [38;5;117m[DEBUG]: [0mThis is a debug message from thread 1818-09-2026 00:29:33 [38;5;015m[INFO]: [0mThis is a info message from thread 1118-09-2026 00:29:33 [38;5;117m[DEBUG]: [0mThis is a debug message from thread 1018-09-2026 00:29:33 [38;5;009m[ERROR]: [0mThis is a error message from thread 618-09-2026 00:29:33 [38;5;015m[INFO]: [0mThis is a info message from thread 518-09-2026 00:29:33 [38;5;009m[ERROR]: [0mThis is a error message from thread 2318-09-2026 00:29:33 [38;5;015m[INFO]: [0mThis is a info message from thread 1718-09-2026 00:29:33 [38;5;117m[DEBUG]: [0mThis is a debug message from thread 1918-09-2026 00:29:33 [38;5;117m[DEBUG]: [0mThis is a debug message from thread 2418-09-2026 00:29:33 [38;5;117m[DEBUG]: [0mThis is a debug message from thread 318-09-2026 00:29:33 [38;5;015m[INFO]: [0mThis is a info message from thread 2818-09-2026 00:29:33 [38;5;015m[INFO]: [0mThis is a info message from thread 118-09-2026 00:29:33 [38;5;117m[DEBUG]: [0mThis is a debug message from thread 618-09-2026 00:29:33 [38;5;009m[ERROR]: [0mThis is a error message from thread 1118-09-2026 00:29:33 [38;5;015m[INFO]: [0mThis is a info message from thread 1918-09-2026 00:29:33 [38;5;015m[INFO]: [0mThis is a info message from thread 1318-09-2026 00:29:33 [38;5;015m[INFO]: [0mThis is a info message from thread 2018-09-2026 00:29:33 [38;5;009m[ERROR]: [0mThis is a error message from thread 2818-09-2026 00:29:33 [38;5;015m[INFO]: [0mThis is a info message from thread 418-09-2026 00:29:33 [38;5;009m[ERROR]: [0mThis is a error message from thread 518-09-2026 00:29:33 [38;5;009m[ERROR]: [0mThis is a error message from thread 118-09-2026 00:29:33 [38;5;015m[INFO]: [0mThis is a info message from thread 1818-09-2026 00:29:33 [38;5;009m[ERROR]: [0mThis is a error message from thread 2918-09-2026 00:29:33 [38;5;015m[INFO]: [0mThis is a info message from thread 718-09-2026 00:29:33 [38;5;009m[ERROR]: [0mThis is a error message from thread 1318-09-2026 00:29:33 [38;5;015m[INFO]: [0mThis is a info message from thread 2618-09-2026 00:29:33 [38;5;015m[INFO]: [0mThis is a info message from thread 1418-09-2026 00:29:33 [38;5;009m[ERROR]: [0mThis is a error message from thread 418-09-2026 00:29:33 [38;5;015m[INFO]: [0mThis is a info message from thread 1218-09-2026 00:29:33 [38;5;009m[ERROR]: [0mThis is a error message from thread 718-09-2026 00:29:33 [38;5;015m[INFO]: [0mThis is a info message from thread 218-09-2026 00:29:33 [38;5;117m[DEBUG]: [0mThis is a debug message from thread 518-09-2026 00:29:33 [38;5;015m[INFO]: [0mThis is a info message from thread 018-09-2026 00:29:33 [38;5;117m[DEBUG]: [0mThis is a debug message from thread 2918-09-2026 00:29:33 [38;5;009m[ERROR]: [0mThis is a error message from thread 1518-09-2026 00:29:33 [38;5;009m[ERROR]: [0mThis is a error message from thread 918-09-2026 00:29:33 [38;5;117m[DEBUG]: [0mThis is a debug message from thread 1518-09-2026 00:29:33 [38;5;117m[DEBUG]: [0mThis is a debug message from thread 2118-09-2026 00:29:33 [38;5;117m[DEBUG]: [0mThis is a debug message from thread 718-09-2026 00:29:33 [38;5;009m[ERROR]: [0mThis is a error message from thread 2618-09-2026 00:29:33 [38;5;015m[INFO]: [0mThis is a info message from thread 2718-09-2026 00:29:33 [38;5;009m[ERROR]: [0mThis is a error message from thread 1218-09-2026 00:29:33 [38;5;015m[INFO]: [0mThis is a info message from thread 2918-09-2026 00:29:33 [38;5;009m[ERROR]: [0mThis is a error message from thread 218-09-2026 00:29:33 [38;5;117m[DEBUG]: [0mThis is a debug message from thread 918-09-2026 00:29:33 [38;5;009m[ERROR]: [0mThis is a error message from thread 1418-09-2026 00:29:33 [38;5;117m[DEBUG]: [0mThis is a debug message from thread 2218-09-2026 00:29:33 [38;5;015m[INFO]: [0mThis is a info message from thread 618-09-2026 00:29:33 [38;5;009m[ERROR]: [0mThis is a error message from thread 1918-09-2026 00:29:33 [38;5;015m[INFO]: [0mThis is a info message from thread 518-09-2026 00:29:33 [38;5;117m[DEBUG]: [0mThis is a debug message from thread 1218-09-2026 00:29:33 [38;5;015m[INFO]: [0mThis is a info message from thread 1518-09-2026 00:29:33 [38;5;117m[DEBUG]: [0mThis is a debug message from thread 218-09-2026 00:29:33 [38;5;015m[INFO]: [0mThis is a info message from thread 2418-09-2026 00:29:33 [38;5;117m[DEBUG]: [0mThis is a debug message from thread 1918-09-2026 00:29:33 [38;5;015m[INFO]: [0mThis is a info message from thread 1218-09-2026 00:29:33 [38;5;015m[INFO]: [0mThis is a info message from thread 1018-09-2026 00:29:33 [38;5;117m[DEBUG]: [0mThis is a debug message from thread 2318-09-2026 00:29:33 [38;5;009m[ERROR]: [0mThis is a error message from thread 1518-09-2026 00:29:33 [38;5;015m[INFO]: [0mThis is a info message from thread 1918-09-2026 00:29:33 [38;5;117m[DEBUG]: [0mThis is a debug message from thread 1418-09-2026 00:29:33 [38;5;009m[ERROR]: [0mThis is a error message from thread 2918-09-2026 00:29:33 [38;5;009m[ERROR]: [0mThis is a error message from thread 2418-09-2026 00:29:33 [38;5;009m[ERROR]: [0mThis is a error message from thread 518-09-2026 00:29:33 [38;5;117m[DEBUG]: [0mThis is a debug message from thread 118-09-2026 00:29:33 [38;5;117m[DEBUG]: [0mThis is a debug message from thread 2818-09-2026 00:29:33 [38;5;117m[DEBUG]: [0mThis is a debug message from thread 2418-09-2026 00:29:33 [38;5;015m[INFO]: [0mThis is a info message from thread 718-09-2026 00:29:33 [38;5;009m[ERROR]: [0mThis is a error message from thread 1718-09-2026 00:29:33 [38;5;009m[ERROR]: [0mThis is a error message from thread 618-09-2026 00:29:33 [38;5;009m[ERROR]: [0mThis is a error message from thread 018-09-2026 00:29:33 [38;5;015m[INFO]: [0mThis is a info message from thread 2318-09-2026 00:29:33 [38;5;117m[DEBUG]: [0mThis is a debug message from thread 1518-09-2026 00:29:33 [38;5;015m[INFO]: [0mThis is a info message from thread 218-09-2026 00:29:33 [38;5;117m[DEBUG]: [0mThis is a debug message from thread 2618-09-2026 00:29:33 [38;5;117m[DEBUG]: [0mThis is a debug message from thread 1718-09-2026 00:29:33 [38;5;015m[INFO]: [0mThis is a info message from thread 2618-09-2026 00:29:33 [38;5;015m[INFO]: [0mThis is a info message from thread 118-09-2026 00:29:33 [38;5;117m[DEBUG]: [0mThis is a debug message from thread 518-09-2026 00:29:33 [38;5;015m[INFO]: [0mThis is a info message from thread 2118-09-2026 00:29:33 [38;5;117m[DEBUG]: [0mThis is a debug message from thread 018-09-2026 00:29:33 [38;5;015m[INFO]: [0mThis is a info message from thread 2518-09-2026 00:29:33 [38;5;015m[INFO]: [0mThis is a info message from thread 318-09-2026 00:29:33 [38;5;015m[INFO]: [0mThis is a info message from thread 1718-09-2026 00:29:33 [38;5;009m[ERROR]: [0mThis is a error message from thread 2618-09-2026 00:29:33 [38;5;015m[INFO]: [0mThis is a info message from thread 1618-09-2026 00:29:33 [38;5;009m[ERROR]: [0mThis is a error message from thread 2318-09-2026 00:29:33 [38;5;009m[ERROR]: [0mThis is a error message from thread 1218-09-2026 00:29:33 [38;5;009m[ERROR]: [0mThis is a error message from thread 2118-09-2026 00:29:33 [38;5;117m[DEBUG]: [0mThis is a debug message from thread 2918-09-2026 00:29:33 [38;5;117m[DEBUG]: [0mThis is a debug message from thread 1318-09-2026 00:29:33 [38;5;117m[DEBUG]: [0mThis is a debug message from thread 1218-09-2026 00:29:33 [38;5;009m[ERROR]: [0mThis is a error message from thread 718-09-2026 00:29:33 [38;5;015m[INFO]: [0mThis is a info message from thread 1218-09-2026 00:29:33 [38;5;117m[DEBUG]: [0mThis is a debug message from thread 2118-09-2026 00:29:33 [38;5;009m[ERROR]: [0mThis is a error message from thread 1618-09-2026 00:29:33 [38;5;117m[DEBUG]: [0mThis is a debug message from thread 718-09-2026 00:29:33 [38;5;117m[DEBUG]: [0mThis is a debug message from thread 1618-09-2026 00:29:33 [38;5;015m[INFO]: [0mThis is a info message from thread 1418-09-2026 00:29:33 [38;5;009m[ERROR]: [0mThis is a error message from thread 218-09-2026 00:29:33 [38;5;015m[INFO]: [0mThis is a info message from thread 2918-09-2026 00:29:33 [38;5;117m[DEBUG]: [0mThis is a debug message from thread 2618-09-2026 00:29:33 [38;5;009m[ERROR]: [0mThis is a error message from thread 1718-09-2026 00:29:33 [38;5;015m[INFO]: [0mThis is a info message from thread 2218-09-2026 00:29:33 [38;5;009m[ERROR]: [0mThis is a error message from thread 2218-09-2026 00:29:33 [38;5;117m[DEBUG]: [0mThis is a debug message from thread 1718-09-2026 00:29:33 [38;5;015m[INFO]: [0mThis is a info message from thread 2618-09-2026 00:29:33 [38;5;015m[INFO]: [0mThis is a info message from thread 1618-09-2026 00:29:33 [38;5;009m[ERROR]: [0mThis is a error message from thread 2618-09-2026 00:29:33 [38;5;009m[ERROR]: [0mThis is a error message from thread 2518-09-2026 00:29:33 [38;5;117m[DEBUG]: [0mThis is a debug message from thread 2518-09-2026 00:29:33 [38;5;015m[INFO]: [0mThis is a info message from thread 2518-09-2026 00:29:33 [38;5;009m[ERROR]: [0mThis is a error message from thread 1418-09-2026 00:29:33 [38;5;117m[DEBUG]: [0mThis is a debug message from thread 2218-09-2026 00:29:33 [38;5;117m[DEBUG]: [0mThis is a debug message from thread 418-09-2026 00:29:33 [38;5;117m[DEBUG]: [0mThis is a debug message from thread 2618-09-2026 00:29:33 [38;5;015m[INFO]: [0mThis is a info message from thread 1718-09-2026 00:29:33 [38;5;009m[ERROR]: [0mThis is a error message from thread 1218-09-2026 00:29:33 [38;5;009m[ERROR]: [0mThis is a error message from thread 1618-09-2026 00:29:33 [38;5;117m[DEBUG]: [0mThis is a debug message from thread 1218-09-2026 00:29:33 [38;5;015m[INFO]: [0mThis is a info message from thread 1218-09-2026 00:29:33 [38;5;015m[INFO]: [0mThis is a info message from thread 2618-09-2026 00:29:33 [38;5;009m[ERROR]: [0mThis is a error message from thread 1218-09-2026 00:29:33 [38;5;009m[ERROR]: [0mThis is a error message from thread 2618-09-2026 00:29:33 [38;5;117m[DEBUG]: [0mThis is a debug message from thread 2618-09-2026 00:29:33 [38;5;015m[INFO]: [0mThis is a info message from thread 2618-09-2026 00:29:33 [38;5;009m[ERROR]: [0mThis is a error message from thread 2518-09-2026 00:29:33 [38;5;117m[DEBUG]: [0mThis is a debug message from thread 2518-09-2026 00:29:33 [38;5;015m[INFO]: [0mThis is a info message from thread 418-09-2026 00:29:33 [38;5;009m[ERROR]: [0mThis is a error message from thread 1718-09-2026 00:29:33 [38;5;015m[INFO]: [0mThis is a info message from thread 2518-09-2026 00:29:33 [38;5;009m[ERROR]: [0mThis is a error message from thread 2918-09-2026 00:29:33 [38;5;009m[ERROR]: [0mThis is a error message from thread 2618-09-2026 00:29:33 [38;5;117m[DEBUG]: [0mThis is a debug message from thread 1618-09-2026 00:29:33 [38;5;009m[ERROR]: [0mThis is a error message from thread 418-09-2026 00:29:33 [38;5;009m[ERROR]: [0mThis is a error message from thread 1918-09-2026 00:29:33 [38;5;117m[DEBUG]: [0mThis is a debug message from thread 1918-09-2026 00:29:33 [38;5;009m[ERROR]: [0mThis is a error message from thread 2518-09-2026 00:29:33 [38;5;117m[DEBUG]: [0mThis is a debug message from thread 2318-09-2026 00:29:33 [38;5;117m[DEBUG]: [0mThis is a debug message from thread 2618-09-2026 00:29:33 [38;5;015m[INFO]: [0mThis is a info message from thread 1618-09-2026 00:29:33 [38;5;117m[DEBUG]: [0mThis is a debug message from thread 1218-09-2026 00:29:33 [38;5;117m[DEBUG]: [0mThis is a debug message from thread 2918-09-2026 00:29:33 [38;5;015m[INFO]: [0mThis is a info message from thread 718-09-2026 00:29:33 [38;5;009m[ERROR]: [0mThis is a error message from thread 1618-09-2026 00:29:33 [38;5;009m[ERROR]: [0mThis is a error message from thread 718-09-2026 00:29:33 [38;5;015m[INFO]: [0mThis is a info message from thread 2218-09-2026 00:29:33 [38;5;117m[DEBUG]: [0mThis is a debug message from thread 1418-09-2026 00:29:33 [38;5;015m[INFO]: [0mThis is a info message from thread 2618-09-2026 00:29:33 [38;5;117m[DEBUG]: [0mThis is a debug message from thread 2518-09-2026 00:29:33 [38;5;009m[ERROR]: [0mThis is a error message from thread 1818-09-2026 00:29:33 [38;5;117m[DEBUG]: [0mThis is a debug message from thread 718-09-2026 00:29:33 [38;5;117m[DEBUG]: [0mThis is a debug message from thread 1618-09-2026 00:29:33 [38;5;015m[INFO]: [0mThis is a info message from thread 1418-09-2026 00:29:33 [38;5;015m[INFO]: [0mThis is a info message from thread 1618-09-2026 00:29:33 [38;5;015m[INFO]: [0mThis is a info message from thread 2118-09-2026 00:29:33 [38;5;015m[INFO]: [0mThis is a info message from thread 2518-09-2026 00:29:33 [38;5;015m[INFO]: [0mThis is a info message from thread 1218-09-2026 00:29:33 [38;5;009m[ERROR]: [0mThis is a error message from thread 2618-09-2026 00:29:33 [38;5;009m[ERROR]: [0mThis is a error message from thread 2118-09-2026 00:29:33 [38;5;117m[DEBUG]: [0mThis is a debug message from thread 418-09-2026 00:29:33 [38;5;117m[DEBUG]: [0mThis is a debug message from thread 1818-09-2026 00:29:33 [38;5;009m[ERROR]: [0mThis is a error message from thread 2018-09-2026 00:29:33 [38;5;015m[INFO]: [0mThis is a info message from thread 918-09-2026 00:29:33 [38;5;009m[ERROR]: [0mThis is a error message from thread 1618-09-2026 00:29:33 [38;5;015m[INFO]: [0mThis is a info message from thread 1818-09-2026 00:29:33 [38;5;009m[ERROR]: [0mThis is a error message from thread 2518-09-2026 00:29:33 [38;5;009m[ERROR]: [0mThis is a error message from thread 1818-09-2026 00:29:33 [38;5;009m[ERROR]: [0mThis is a error message from thread 1418-09-2026 00:29:33 [38;5;117m[DEBUG]: [0mThis is a debug message from thread 2618-09-2026 00:29:33 [38;5;015m[INFO]: [0mThis is a info message from thread 2618-09-2026 00:29:33 [38;5;009m[ERROR]: [0mThis is a error message from thread 918-09-2026 00:29:33 [38;5;015m[INFO]: [0mThis is a info message from thread 418-09-2026 00:29:33 [38;5;009m[ERROR]: [0mThis is a error message from thread 2218-09-2026 00:29:33 [38;5;015m[INFO]: [0mThis is a info message from thread 718-09-2026 00:29:33 [38;5;015m[INFO]: [0mThis is a info message from thread 1518-09-2026 00:29:33 [38;5;009m[ERROR]: [0mThis is a error message from thread 718-09-2026 00:29:33 [38;5;117m[DEBUG]: [0mThis is a debug message from thread 2118-09-2026 00:29:33 [38;5;117m[DEBUG]: [0mThis is a debug message from thread 1418-09-2026 00:29:33 [38;5;015m[INFO]: [0mThis is a info message from thread 2418-09-2026 00:29:33 [38;5;015m[INFO]: [0mThis is a info message from thread 2918-09-2026 00:29:33 [38;5;117m[DEBUG]: [0mThis is a debug message from thread 718-09-2026 00:29:33 [38;5;117m[DEBUG]: [0mThis is a debug message from thread 2218-09-2026 00:29:33 [38;5;009m[ERROR]: [0mThis is a error message from thread 1518-09-2026 00:29:33 [38;5;015m[INFO]: [0mThis is a info message from thread 518-09-2026 00:29:33 [38;5;015m[INFO]: [0mThis is a info message from thread 1418-09-2026 00:29:33 [38;5;009m[ERROR]: [0mThis is a error message from thread 2918-09-2026 00:29:33 [38;5;117m[DEBUG]: [0mThis is a debug message from thread 1518-09-2026 00:29:33 [38;5;015m[INFO]: [0mThis is a info message from thread 2218-09-2026 00:29:33 [38;5;117m[DEBUG]: [0mThis is a debug message from thread 1618-09-2026 00:29:33 [38;5;009m[ERROR]: [0mThis is a error message from thread 1418-09-2026 00:29:33 [38;5;015m[INFO]: [0mThis is a info message from thread 2118-09-2026 00:29:33 [38;5;015m[INFO]: [0mThis is a info message from thread 1518-09-2026 00:29:33 [38;5;117m[DEBUG]: [0mThis is a debug message from thread 618-09-2026 00:29:33 [38;5;009m[ERROR]: [0mThis is a error message from thread 1218-09-2026 00:29:33 [38;5;117m[DEBUG]: [0mThis is a debug message from thread 2918-09-2026 00:29:33 [38;5;009m[ERROR]: [0mThis is a error message from thread 318-09-2026 00:29:33 [38;5;009m[ERROR]: [0mThis is a error message from thread 2618-09-2026 00:29:33 [38;5;015m[INFO]: [0mThis is a info message from thread 2918-09-2026 00:29:33 [38;5;117m[DEBUG]: [0mThis is a debug message from thread 1218-09-2026 00:29:33 [38;5;015m[INFO]: [0mThis is a info message from thread 818-09-2026 00:29:33 [38;5;009m[ERROR]: [0mThis is a error message from thread 2918-09-2026 00:29:33 [38;5;015m[INFO]: [0mThis is a info message from thread 1618-09-2026 00:29:33 [38;5;117m[DEBUG]: [0mThis is a debug message from thread 2618-09-2026 00:29:33 [38;5;117m[DEBUG]: [0mThis is a debug message from thread 2918-09-2026 00:29:33 [38;5;009m[ERROR]: [0mThis is a error message from thread 2718-09-2026 00:29:33 [38;5;009m[ERROR]: [0mThis is a error message from thread 1618-09-2026 00:29:33 [38;5;009m[ERROR]: [0mThis is a error message from thread 2418-09-2026 00:29:33 [38;5;009m[ERROR]: [0mThis is a error message from thread 1518-09-2026 00:29:33 [38;5;015m[INFO]: [0mThis is a info message from thread 2618-09-2026 00:29:33 [38;5;117m[DEBUG]: [0mThis is a debug message from thread 1618-09-2026 00:29:33 [38;5;015m[INFO]: [0mThis is a info message from thread 1218-09-2026 00:29:33 [38;5;009m[ERROR]: [0mThis is a error message from thread 818-09-2026 00:29:33 [38;5;117m[DEBUG]: [0mThis is a debug message from thread 1518-09-2026 00:29:33 [38;5;015m[INFO]: [0mThis is a info message from thread 1518-09-2026 00:29:33 [38;5;117m[DEBUG]: [0mThis is a debug message from thread 2718-09-2026 00:29:33 [38;5;009m[ERROR]: [0mThis is a error message from thread 2218-09-2026 00:29:33 [38;5;117m[DEBUG]: [0mThis is a debug message from thread 918-09-2026 00:29:33 [38;5;009m[ERROR]: [0mThis is a error message from thread 1518-09-2026 00:29:33 [38;5;015m[INFO]: [0mThis is a info message from thread 2718-09-2026 00:29:33 [38;5;009m[ERROR]: [0mThis is a error message from thread 2718-09-2026 00:29:33 [38;5;015m[INFO]: [0mThis is a info message from thread 918-09-2026 00:29:33 [38;5;117m[DEBUG]: [0mThis is a debug message from thread 2418-09-2026 00:29:33 [38;5;117m[DEBUG]: [0mThis is a debug message from thread 818-09-2026 00:29:33 [38;5;015m[INFO]: [0mThis is a info message from thread 1618-09-2026 00:29:33 [38;5;009m[ERROR]: [0mThis is a error message from thread 2618-09-2026 00:29:33 [38;5;009m[ERROR]: [0mThis is a error message from thread 1218-09-2026 00:29:33 [38;5;015m[INFO]: [0mThis is a info message from thread 2918-09-2026 00:29:33 [38;5;009m[ERROR]: [0mThis is a error message from thread 2118-09-2026 00:29:33 [38;5;117m[DEBUG]: [0mThis is a debug message from thread 1218-09-2026 00:29:33 [38;5;015m[INFO]: [0mThis is a info message from thread 818-09-2026 00:29:33 [38;5;117m[DEBUG]: [0mThis is a debug message from thread 2618-09-2026 00:29:33 [38;5;009m[ERROR]: [0mThis is a error message from thread 818-09-2026 00:29:33 [38;5;015m[INFO]: [0mThis is a info message from thread 1218-09-2026 00:29:33 [38;5;009m[ERROR]: [0mThis is a error message from thread 918-09-2026 00:29:33 [38;5;009m[ERROR]: [0mThis is a error message from thread 1018-09-2026 00:29:33 [38;5;015m[INFO]: [0mThis is a info message from thread 1918-09-2026 00:29:33 [38;5;117m[DEBUG]: [0mThis is a debug message from thread 2518-09-2026 00:29:33 [38;5;117m[DEBUG]: [0mThis is a debug message from thread 2018-09-2026 00:29:33 [38;5;117m[DEBUG]: [0mThis is a debug message from thread 1018-09-2026 00:29:33 [38;5;117m[DEBUG]: [0mThis is a debug message from thread 818-09-2026 00:29:33 [38;5;117m[DEBUG]: [0mThis is a debug message from thread 2718-09-2026 00:29:33 [38;5;117m[DEBUG]: [0mThis is a debug message from thread 1118-09-2026 00:29:33 [38;5;015m[INFO]: [0mThis is a info message from thread 2618-09-2026 00:29:33 [38;5;015m[INFO]: [0mThis is a info message from thread 2518-09-2026 00:29:33 [38;5;009m[ERROR]: [0mThis is a error message from thread 1918-09-2026 00:29:33 [38;5;009m[ERROR]: [0mThis is a error message from thread 2618-09-2026 00:29:33 [38;5;009m[ERROR]: [0mThis is a error message from thread 1618-09-2026 00:29:33 [38;5;009m[ERROR]: [0mThis is a error message from thread 1218-09-2026 00:29:33 [38;5;015m[INFO]: [0mThis is a info message from thread 818-09-2026 00:29:33 [38;5;117m[DEBUG]: [0mThis is a debug message from thread 1618-09-2026 00:29:33 [38;5;117m[DEBUG]: [0mThis is a debug message from thread 1218-09-2026 00:29:33 [38;5;117m[DEBUG]: [0mThis is a debug message from thread 2618-09-2026 00:29:33 [38;5;015m[INFO]: [0mThis is a info message from thread 1218-09-2026 00:29:33 [38;5;015m[INFO]: [0mThis is a info message from thread 2718-09-2026 00:29:33 [38;5;117m[DEBUG]: [0mThis is a debug message from thread 1918-09-2026 00:29:33 [38;5;015m[INFO]: [0mThis is a info message from thread 1018-09-2026 00:29:33 [38;5;009m[ERROR]: [0mThis is a error message from thread 1018-09-2026 00:29:33 [38;5;015m[INFO]: [0mThis is a info message from thread 1118-09-2026 00:29:33 [38;5;015m[INFO]: [0mThis is a info message from thread 1918-09-2026 00:29:33 [38;5;015m[INFO]: [0mThis is a info message from thread 2618-09-2026 00:29:33 [38;5;009m[ERROR]: [0mThis is a error message from thread 418-09-2026 00:29:33 [38;5;009m[ERROR]: [0mThis is a error message from thread 2518-09-2026 00:29:33 [38;5;009m[ERROR]: [0mThis is a error message from thread 2918-09-2026 00:29:33 [38;5;117m[DEBUG]: [0mThis is a debug message from thread 918-09-2026 00:29:33 [38;5;015m[INFO]: [0mThis is a info message from thread 2018-09-2026 00:29:33 [38;5;015m[INFO]: [0mThis is a info message from thread 2318-09-2026 00:29:33 [38;5;117m[DEBUG]: [0mThis is a debug message from thread 1018-09-2026 00:29:33 [38;5;009m[ERROR]: [0mThis is a error message from thread 1218-09-2026 00:29:33 [38;5;015m[INFO]: [0mThis is a info message from thread 918-09-2026 00:29:33 [38;5;117m[DEBUG]: [0mThis is a debug message from thread 2918-09-2026 00:29:33 [38;5;009m[ERROR]: [0mThis is a error message from thread 918-09-2026 00:29:33 [38;5;009m[ERROR]: [0mThis is a error message from thread 2318-09-2026 00:29:33 [38;5;015m[INFO]: [0mThis is a info message from thread 1018-09-2026 00:29:33 [38;5;009m[ERROR]: [0mThis is a error message from thread 1918-09-2026 00:29:33 [38;5;009m[ERROR]: [0mThis is a error message from thread 2718-09-2026 00:29:33 [38;5;009m[ERROR]: [0mThis is a error message from thread 2018-09-2026 00:29:33 [38;5;015m[INFO]: [0mThis is a info message from thread 1318-09-2026 00:29:33 [38;5;009m[ERROR]: [0mThis is a error message from thread 518-09-2026 00:29:33 [38;5;117m[DEBUG]: [0mThis is a debug message from thread 1918-09-2026 00:29:33 [38;5;117m[DEBUG]: [0mThis is a debug message from thread 418-09-2026 00:29:33 [38;5;015m[INFO]: [0mThis is a info message from thread 2418-09-2026 00:29:33 [38;5;117m[DEBUG]: [0mThis is a debug message from thread 918-09-2026 00:29:33 [38;5;117m[DEBUG]: [0mThis is a debug message from thread 1518-09-2026 00:29:33 [38;5;117m[DEBUG]: [0mThis is a debug message from thread 518-09-2026 00:29:33 [38;5;015m[INFO]: [0mThis is a info message from thread 1918-09-2026 00:29:33 [38;5;117m[DEBUG]: [0mThis is a debug message from thread 1418-09-2026 00:29:33 [38;5;117m[DEBUG]: [0mThis is a debug message from thread 2518-09-2026 00:29:33 [38;5;009m[ERROR]: [0mThis is a error message from thread 1018-09-2026 00:29:33 [38;5;015m[INFO]: [0mThis is a info message from thread 718-09-2026 00:29:33 [38;5;015m[INFO]: [0mThis is a info message from thread 418-09-2026 00:29:33 [38;5;117m[DEBUG]: [0mThis is a debug message from thread 218-09-2026 00:29:33 [38;5;015m[INFO]: [0mThis is a info message from thread 018-09-2026 00:29:33 [38;5;117m[DEBUG]: [0mThis is a debug message from thread 2318-09-2026 00:29:33 [38;5;015m[INFO]: [0mThis is a info message from thread 618-09-2026 00:29:33 [38;5;009m[ERROR]: [0mThis is a error message from thread 2618-09-2026 00:29:33 [38;5;015m[INFO]: [0mThis is a info message from thread 918-09-2026 00:29:33 [38;5;015m[INFO]: [0mThis is a info message from thread 1618-09-2026 00:29:33 [38;5;117m[DEBUG]: [0mThis is a debug message from thread 2618-09-2026 00:29:33 [38;5;015m[INFO]: [0mThis is a info message from thread 218-09-2026 00:29:33 [38;5;009m[ERROR]: [0mThis is a error message from thread 218-09-2026 00:29:33 [38;5;009m[ERROR]: [0mThis is a error message from thread 618-09-2026 00:29:33 [38;5;015m[INFO]: [0mThis is a info message from thread 518-09-2026 00:29:33 [38;5;009m[ERROR]: [0mThis is a error message from thread 418-09-2026 00:29:33 [38;5;117m[DEBUG]: [0mThis is a debug message from thread 218-09-2026 00:29:33 [38;5;117m[DEBUG]: [0mThis is a debug message from thread 1718-09-2026 00:29:33 [38;5;009m[ERROR]: [0mThis is a error message from thread 1618-09-2026 00:29:33 [38;5;009m[ERROR]: [0mThis is a error message from thread 2418-09-2026 00:29:33 [38;5;117m[DEBUG]: [0mThis is a debug message from thread 618-09-2026 00:29:33 [38;5;117m[DEBUG]: [0mThis is a debug message from thread 2118-09-2026 00:29:33 [38;5;009m[ERROR]: [0mThis is a error message from thread 918-09-2026 00:29:33 [38;5;117m[DEBUG]: [0mThis is a debug message from thread 418-09-2026 00:29:33 [38;5;009m[ERROR]: [0mThis is a error message from thread 118-09-2026 00:29:33 [38;5;009m[ERROR]: [0mThis is a error message from thread 818-09-2026 00:29:33 [38;5;117m[DEBUG]: [0mThis is a debug message from thread 918-09-2026 00:29:33 [38;5;117m[DEBUG]: [0mThis is a debug message from thread 1618-09-2026 00:29:33 [38;5;015m[INFO]: [0mThis is a info message from thread 418-09-2026 00:29:33 [38;5;015m[INFO]: [0mThis is a info message from thread 1518-09-2026 00:29:33 [38;5;015m[INFO]: [0mThis is a info message from thread 2118-09-2026 00:29:33 [38;5;117m[DEBUG]: [0mThis is a debug message from thread 2718-09-2026 00:29:33 [38;5;015m[INFO]: [0mThis is a info message from thread 2618-09-2026 00:29:33 [38;5;015m[INFO]: [0mThis is a info message from thread 2818-09-2026 00:29:33 [38;5;015m[INFO]: [0mThis is a info message from thread 2518-09-2026 00:29:33 [38;5;015m[INFO]: [0mThis is a info message from thread 2718-09-2026 00:29:33 [38;5;009m[ERROR]: [0mThis is a error message from thread 518-09-2026 00:29:33 [38;5;009m[ERROR]: [0mThis is a error message from thread 2518-09-2026 00:29:33 [38;5;009m[ERROR]: [0mThis is a error message from thread 1918-09-2026 00:29:33 [38;5;009m[ERROR]: [0mThis is a error message from thread 2718-09-2026 00:29:33 [38;5;015m[INFO]: [0mThis is a info message from thread 2918-09-2026 00:29:33 [38;5;117m[DEBUG]: [0mThis is a debug message from thread 518-09-2026 00:29:33 [38;5;117m[DEBUG]: [0mThis is a debug message from thread 318-09-2026 00:29:33 [38;5;009m[ERROR]: [0mThis is a error message from thread 718-09-2026 00:29:33 [38;5;117m[DEBUG]: [0mThis is a debug message from thread 2518-09-2026 00:29:33 [38;5;009m[ERROR]: [0mThis is a error message from thread 1518-09-2026 00:29:33 [38;5;117m[DEBUG]: [0mThis is a debug message from thread 1818-09-2026 00:29:33 [38;5;117m[DEBUG]: [0mThis is a debug message from thread 1218-09-2026 00:29:33 [38;5;117m[DEBUG]: [0mThis is a debug message from thread 2018-09-2026 00:29:33 [38;5;117m[DEBUG]: [0mThis is a debug message from thread 1918-09-2026 00:29:33 [38;5;117m[DEBUG]: [0mThis is a debug message from thread 118-09-2026 00:29:33 [38;5;015m[INFO]: [0mThis is a info message from thread 618-09-2026 00:29:33 [38;5;015m[INFO]: [0mThis is a info message from thread 1918-09-2026 00:29:33 [38;5;015m[INFO]: [0mThis is a info message from thread 1218-09-2026 00:29:33 [38;5;009m[ERROR]: [0mThis is a error message from thread 1218-09-2026 00:29:33 [38;5;009m[ERROR]: [0mThis is a error message from thread 1918-09-2026 00:29:33 [38;5;009m[ERROR]: [0mThis is a error message from thread 2618-09-2026 00:29:33 [38;5;015m[INFO]: [0mThis is a info message from thread 2518-09-2026 00:29:33 [38;5;009m[ERROR]: [0mThis is a error message from thread 2118-09-2026 00:29:33 [38;5;015m[INFO]: [0mThis is a info message from thread 1418-09-2026 00:29:33 [38;5;117m[DEBUG]: [0mThis is a debug message from thread 2418-09-2026 00:29:33 [38;5;015m[INFO]: [0mThis is a info message from thread 2018-09-2026 00:29:33 [38;5;015m[INFO]: [0mThis is a info message from thread 2418-09-2026 00:29:33 [38;5;117m[DEBUG]: [0mThis is a debug message from thread 2118-09-2026 00:29:33 [38;5;009m[ERROR]: [0mThis is a error message from thread 1318-09-2026 00:29:33 [38;5;117m[DEBUG]: [0mThis is a debug message from thread 1518-09-2026 00:29:33 [38;5;009m[ERROR]: [0mThis is a error message from thread 1418-09-2026 00:29:33 [38;5;009m[ERROR]: [0mThis is a error message from thread 418-09-2026 00:29:33 [38;5;117m[DEBUG]: [0mThis is a debug message from thread 1018-09-2026 00:29:33 [38;5;009m[ERROR]: [0mThis is a error message from thread 2818-09-2026 00:29:33 [38;5;015m[INFO]: [0mThis is a info message from thread 1718-09-2026 00:29:33 [38;5;117m[DEBUG]: [0mThis is a debug message from thread 2618-09-2026 00:29:33 [38;5;015m[INFO]: [0mThis is a info message from thread 2118-09-2026 00:29:33 [38;5;117m[DEBUG]: [0mThis is a debug message from thread 1418-09-2026 00:29:33 [38;5;117m[DEBUG]: [0mThis is a debug message from thread 2718-09-2026 00:29:33 [38;5;117m[DEBUG]: [0mThis is a debug message from thread 418-09-2026 00:29:33 [38;5;015m[INFO]: [0mThis is a info message from thread 518-09-2026 00:29:33 [38;5;015m[INFO]: [0mThis is a info message from thread 1818-09-2026 00:29:33 [38;5;009m[ERROR]: [0mThis is a error message from thread 2918-09-2026 00:29:33 [38;5;015m[INFO]: [0mThis is a info message from thread 2718-09-2026 00:29:33 [38;5;117m[DEBUG]: [0mThis is a debug message from thread 2818-09-2026 00:29:33 [38;5;009m[ERROR]: [0mThis is a error message from thread 2118-09-2026 00:29:33 [38;5;117m[DEBUG]: [0mThis is a debug message from thread 1218-09-2026 00:29:33 [38;5;015m[INFO]: [0mThis is a info message from thread 918-09-2026 00:29:33 [38;5;015m[INFO]: [0mThis is a info message from thread 2318-09-2026 00:29:33 [38;5;015m[INFO]: [0mThis is a info message from thread 1018-09-2026 00:29:33 [38;5;015m[INFO]: [0mThis is a info message from thread 1518-09-2026 00:29:33 [38;5;009m[ERROR]: [0mThis is a error message from thread 2518-09-2026 00:29:33 [38;5;117m[DEBUG]: [0mThis is a debug message from thread 718-09-2026 00:29:33 [38;5;117m[DEBUG]: [0mThis is a debug message from thread 2118-09-2026 00:29:33 [38;5;015m[INFO]: [0mThis is a info message from thread 1218-09-2026 00:29:33 [38;5;009m[ERROR]: [0mThis is a error message from thread 518-09-2026 00:29:33 [38;5;117m[DEBUG]: [0mThis is a debug message from thread 2518-09-2026 00:29:33 [38;5;015m[INFO]: [0mThis is a info message from thread 218-09-2026 00:29:33 [38;5;015m[INFO]: [0mThis is a info message from thread 418-09-2026 00:29:33 [38;5;015m[INFO]: [0mThis is a info message from thread 2118-09-2026 00:29:33 [38;5;009m[ERROR]: [0mThis is a error message from thread 2118-09-2026 00:29:33 [38;5;009m[ERROR]: [0mThis is a error message from thread 418-09-2026 00:29:33 [38;5;009m[ERROR]: [0mThis is a error message from thread 1218-09-2026 00:29:33 [38;5;117m[DEBUG]: [0mThis is a debug message from thread 2118-09-2026 00:29:33 [38;5;015m[INFO]: [0mThis is a info message from thread 1618-09-2026 00:29:33 [38;5;015m[INFO]: [0mThis is a info message from thread 2118-09-2026 00:29:33 [38;5;009m[ERROR]: [0mThis is a error message from thread 918-09-2026 00:29:33 [38;5;117m[DEBUG]: [0mThis is a debug message from thread 1218-09-2026 00:29:33 [38;5;117m[DEBUG]: [0mThis is a debug message from thread 1918-09-2026 00:29:33 [38;5;015m[INFO]: [0mThis is a info message from thread 1218-09-2026 00:29:33 [38;5;009m[ERROR]: [0mThis is a error message from thread 2118-09-2026 00:29:33 [38;5;009m[ERROR]: [0mThis is a error message from thread 1818-09-2026 00:29:33 [38;5;117m[DEBUG]: [0mThis is a debug message from thread 2118-09-2026 00:29:33 [38;5;015m[INFO]: [0mThis is a info message from thread 318-09-2026 00:29:33 [38;5;009m[ERROR]: [0mThis is a error message from thread 1218-09-2026 00:29:33 [38;5;015m[INFO]: [0mThis is a info message from thread 1418-09-2026 00:29:33 [38;5;015m[INFO]: [0mThis is a info message from thread 2618-09-2026 00:29:33 [38;5;009m[ERROR]: [0mThis is a error message from thread 2418-09-2026 00:29:33 [38;5;009m[ERROR]: [0mThis is a error message from thread 318-09-2026 00:29:33 [38;5;015m[INFO]: [0mThis is a info message from thread 2818-09-2026 00:29:33 [38;5;015m[INFO]: [0mThis is a info message from thread 2118-09-2026 00:29:33 [38;5;117m[DEBUG]: [0mThis is a debug message from thread 1218-09-2026 00:29:33 [38;5;009m[ERROR]: [0mThis is a error message from thread 1518-09-2026 00:29:33 [38;5;009m[ERROR]: [0mThis is a error message from thread 2818-09-2026 00:29:33 [38;5;117m[DEBUG]: [0mThis is a debug message from thread 2218-09-2026 00:29:33 [38;5;015m[INFO]: [0mThis is a info message from thread 2218-09-2026 00:29:33 [38;5;009m[ERROR]: [0mThis is a error message from thread 2218-09-2026 00:29:33 [38;5;117m[DEBUG]: [0mThis is a debug message from thread 1818-09-2026 00:29:33 [38;5;009m[ERROR]: [0mThis is a error message from thread 2018-09-2026 00:29:33 [38;5;117m[DEBUG]: [0mThis is a debug message from thread 2418-09-2026 00:29:33 [38;5;015m[INFO]: [0mThis is a info message from thread 1218-09-2026 00:29:33 [38;5;009m[ERROR]: [0mThis is a error message from thread 2618-09-2026 00:29:33 [38;5;009m[ERROR]: [0mThis is a error message from thread 1118-09-2026 00:29:33 [38;5;015m[INFO]: [0mThis is a info message from thread 2418-09-2026 00:29:33 [38;5;009m[ERROR]: [0mThis is a error message from thread 2418-09-2026 00:29:33 [38;5;015m[INFO]: [0mThis is a info message from thread 1818-09-2026 00:29:33 [38;5;117m[DEBUG]: [0mThis is a debug message from thread 518-09-2026 00:29:33 [38;5;015m[INFO]: [0mThis is a info message from thread 518-09-2026 00:29:33 [38;5;117m[DEBUG]: [0mThis is a debug message from thread 2618-09-2026 00:29:33 [38;5;117m[DEBUG]: [0mThis is a debug message from thread 2018-09-2026 00:29:33 [38;5;009m[ERROR]: [0mThis is a error message from thread 1818-09-2026 00:29:33 [38;5;009m[ERROR]: [0mThis is a error message from thread 018-09-2026 00:29:33 [38;5;009m[ERROR]: [0mThis is a error message from thread 1218-09-2026 00:29:33 [38;5;117m[DEBUG]: [0mThis is a debug message from thread 2218-09-2026 00:29:33 [38;5;009m[ERROR]: [0mThis is a error message from thread 2318-09-2026 00:29:33 [38;5;009m[ERROR]: [0mThis is a error message from thread 1418-09-2026 00:29:33 [38;5;117m[DEBUG]: [0mThis is a debug message from thread 1818-09-2026 00:29:33 [38;5;117m[DEBUG]: [0mThis is a debug message from thread 2818-09-2026 00:29:33 [38;5;009m[ERROR]: [0mThis is a error message from thread 618-09-2026 00:29:33 [38;5;117m[DEBUG]: [0mThis is a debug message from thread 1318-09-2026 00:29:33 [38;5;117m[DEBUG]: [0mThis is a debug message from thread 2318-09-2026 00:29:33 [38;5;117m[DEBUG]: [0mThis is a debug message from thread 618-09-2026 00:29:33 [38;5;015m[INFO]: [0mThis is a info message from thread 2818-09-2026 00:29:33 [38;5;015m[INFO]: [0mThis is a info message from thread 2618-09-2026 00:29:33 [38;5;117m[DEBUG]: [0mThis is a debug message from thread 018-09-2026 00:29:33 [38;5;117m[DEBUG]: [0mThis is a debug message from thread 2918-09-2026 00:29:33 [38;5;009m[ERROR]: [0mThis is a error message from thread 2618-09-2026 00:29:33 [38;5;117m[DEBUG]: [0mThis is a debug message from thread 1118-09-2026 00:29:33 [38;5;015m[INFO]: [0mThis is a info message from thread 2018-09-2026 00:29:33 [38;5;117m[DEBUG]: [0mThis is a debug message from thread 918-09-2026 00:29:33 [38;5;015m[INFO]: [0mThis is a info message from thread 718-09-2026 00:29:33 [38;5;015m[INFO]: [0mThis is a info message from thread 618-09-2026 00:29:33 [38;5;015m[INFO]: [0mThis is a info message from thread 1318-09-2026 00:29:33 [38;5;015m[INFO]: [0mThis is a info message from thread 1118-09-2026 00:29:33 [38;5;009m[ERROR]: [0mThis is a error message from thread 1718-09-2026 00:29:33 [38;5;117m[DEBUG]: [0mThis is a debug message from thread 2618-09-2026 00:29:33 [38;5;009m[ERROR]: [0mThis is a error message from thread 518-09-2026 00:29:33 [38;5;117m[DEBUG]: [0mThis is a debug message from thread 1518-09-2026 00:29:33 [38;5;117m[DEBUG]: [0mThis is a debug message from thread 1718-09-2026 00:29:33 [38;5;015m[INFO]: [0mThis is a info message from thread 2218-09-2026 00:29:33 [38;5;015m[INFO]: [0mThis is a info message from thread 2318-09-2026 00:29:33 [38;5;015m[INFO]: [0mThis is a info message from thread 2518-09-2026 00:29:33 [38;5;009m[ERROR]: [0mThis is a error message from thread 618-09-2026 00:29:33 [38;5;117m[DEBUG]: [0mThis is a debug message from thread 418-09-2026 00:29:33 [38;5;009m[ERROR]: [0mThis is a error message from thread 2718-09-2026 00:29:33 [38;5;009m[ERROR]: [0mThis is a error message from thread 1318-09-2026 00:29:33 [38;5;009m[ERROR]: [0mThis is a error message from thread 2818-09-2026 00:29:33 [38;5;015m[INFO]: [0mThis is a info message from thread 418-09-2026 00:29:33 [38;5;009m[ERROR]: [0mThis is a error message from thread 2218-09-2026 00:29:33 [38;5;015m[INFO]: [0mThis is a info message from thread 2618-09-2026 00:29:33 [38;5;009m[ERROR]: [0mThis is a error message from thread 218-09-2026 00:29:33 [38;5;015m[INFO]: [0mThis is a info message from thread 1918-09-2026 00:29:33 [38;5;117m[DEBUG]: [0mThis is a debug message from thread 318-09-2026 00:29:33 [38;5;117m[DEBUG]: [0mThis is a debug message from thread 2818-09-2026 00:29:33 [38;5;015m[INFO]: [0mThis is a info message from thread 118-09-2026 00:29:33 [38;5;009m[ERROR]: [0mThis is a error message from thread 2518-09-2026 00:29:33 [38;5;015m[INFO]: [0mThis is a info message from thread 1718-09-2026 00:29:33 [38;5;117m[DEBUG]: [0mThis is a debug message from thread 1218-09-2026 00:29:33 [38;5;117m[DEBUG]: [0mThis is a debug message from thread 618-09-2026 00:29:33 [38;5;009m[ERROR]: [0mThis is a error message from thread 1118-09-2026 00:29:33 [38;5;009m[ERROR]: [0mThis is a error message from thread 1618-09-2026 00:29:33 [38;5;009m[ERROR]: [0mThis is a error message from thread 1718-09-2026 00:29:33 [38;5;015m[INFO]: [0mThis is a info message from thread 1518-09-2026 00:29:33 [38;5;117m[DEBUG]: [0mThis is a debug message from thread 2218-09-2026 00:29:33 [38;5;009m[ERROR]: [0mThis is a error message from thread 2318-09-2026 00:29:33 [38;5;009m[ERROR]: [0mThis is a error message from thread 118-09-2026 00:29:33 [38;5;117m[DEBUG]: [0mThis is a debug message from thread 818-09-2026 00:29:33 [38;5;015m[INFO]: [0mThis is a info message from thread 018-09-2026 00:29:33 [38;5;117m[DEBUG]: [0mThis is a debug message from thread 218-09-2026 00:29:33 [38;5;117m[DEBUG]: [0mThis is a debug message from thread 2518-09-2026 00:29:33 [38;5;117m[DEBUG]: [0mThis is a debug message from thread 1118-09-2026 00:29:33 [38;5;009m[ERROR]: [0mThis is a error message from thread 2118-09-2026 00:29:33 [38;5;117m[DEBUG]: [0mThis is a debug message from thread 1618-09-2026 00:29:33 [38;5;015m[INFO]: [0mThis is a info message from thread 818-09-2026 00:29:33 [38;5;009m[ERROR]: [0mThis is a error message from thread 1518-09-2026 00:29:33 [38;5;015m[INFO]: [0mThis is a info message from thread 2518-09-2026 00:29:33 [38;5;117m[DEBUG]: [0mThis is a debug message from thread 1718-09-2026 00:29:33 [38;5;117m[DEBUG]: [0mThis is a debug message from thread 1418-09-2026 00:29:33 [38;5;015m[INFO]: [0mThis is a info message from thread 1118-09-2026 00:29:33 [38;5;009m[ERROR]: [0mThis is a error message from thread 418-09-2026 00:29:33 [38;5;117m[DEBUG]: [0mThis is a debug message from thread 2118-09-2026 00:29:33 [38;5;009m[ERROR]: [0mThis is a error message from thread 2518-09-2026 00:29:33 [38;5;009m[ERROR]: [0mThis is a error message from thread 1118-09-2026 00:29:33 [38;5;009m[ERROR]: [0mThis is a error message from thread 018-09-2026 00:29:33 [38;5;015m[INFO]: [0mThis is a info message from thread 1418-09-2026 00:29:33 [38;5;015m[INFO]: [0mThis is a info message from thread 2218-09-2026 00:29:33 [38;5;117m[DEBUG]: [0mThis is a debug message from thread 018-09-2026 00:29:33 [38;5;009m[ERROR]: [0mThis is a error message from thread 1418-09-2026 00:29:33 [38;5;009m[ERROR]: [0mThis is a error message from thread 2218-09-2026 00:29:33 [38;5;009m[ERROR]: [0mThis is a error message from thread 2618-09-2026 00:29:33 [38;5;117m[DEBUG]: [0mThis is a debug message from thread 2218-09-2026 00:29:33 [38;5;117m[DEBUG]: [0mThis is a debug message from thread 2618-09-2026 00:29:33 [38;5;117m[DEBUG]: [0mThis is a debug message from thread 1418-09-2026 00:29:33 [38;5;009m[ERROR]: [0mThis is a error message from thread 1918-09-2026 00:29:33 [38;5;015m[INFO]: [0mThis is a info message from thread 918-09-2026 00:29:33 [38;5;015m[INFO]: [0mThis is a info message from thread 1418-09-2026 00:29:33 [38;5;117m[DEBUG]: [0mThis is a debug message from thread 1918-09-2026 00:29:33 [38;5;015m[INFO]: [0mThis is a info message from thread 2218-09-2026 00:29:33 [38;5;009m[ERROR]: [0mThis is a error message from thread 1418-09-2026 00:29:33 [38;5;015m[INFO]: [0mThis is a info message from thread 1918-09-2026 00:29:33 [38;5;117m[DEBUG]: [0mThis is a debug message from thread 1118-09-2026 00:29:33 [38;5;117m[DEBUG]: [0mThis is a debug message from thread 1518-09-2026 00:29:33 [38;5;009m[ERROR]: [0mThis is a error message from thread 2218-09-2026 00:29:33 [38;5;009m[ERROR]: [0mThis is a error message from thread 1918-09-2026 00:29:33 [38;5;015m[INFO]: [0mThis is a info message from thread 218-09-2026 00:29:33 [38;5;015m[INFO]: [0mThis is a info message from thread 1518-09-2026 00:29:33 [38;5;117m[DEBUG]: [0mThis is a debug message from thread 2418-09-2026 00:29:33 [38;5;117m[DEBUG]: [0mThis is a debug message from thread 2718-09-2026 00:29:33 [38;5;009m[ERROR]: [0mThis is a error message from thread 818-09-2026 00:29:33 [38;5;015m[INFO]: [0mThis is a info message from thread 2418-09-2026 00:29:33 [38;5;015m[INFO]: [0mThis is a info message from thread 1818-09-2026 00:29:33 [38;5;015m[INFO]: [0mThis is a info message from thread 1118-09-2026 00:29:33 [38;5;015m[INFO]: [0mThis is a info message from thread 018-09-2026 00:29:33 [38;5;009m[ERROR]: [0mThis is a error message from thread 718-09-2026 00:29:33 [38;5;009m[ERROR]: [0mThis is a error message from thread 1518-09-2026 00:29:33 [38;5;009m[ERROR]: [0mThis is a error message from thread 1118-09-2026 00:29:33 [38;5;117m[DEBUG]: [0mThis is a debug message from thread 818-09-2026 00:29:33 [38;5;015m[INFO]: [0mThis is a info message from thread 2818-09-2026 00:29:33 [38;5;117m[DEBUG]: [0mThis is a debug message from thread 118-09-2026 00:29:33 [38;5;015m[INFO]: [0mThis is a info message from thread 318-09-2026 00:29:33 [38;5;117m[DEBUG]: [0mThis is a debug message from thread 1518-09-2026 00:29:33 [38;5;009m[ERROR]: [0mThis is a error message from thread 1818-09-2026 00:29:33 [38;5;009m[ERROR]: [0mThis is a error message from thread 018-09-2026 00:29:33 [38;5;015m[INFO]: [0mThis is a info message from thread 2918-09-2026 00:29:33 [38;5;009m[ERROR]: [0mThis is a error message from thread 2418-09-2026 00:29:33 [38;5;117m[DEBUG]: [0mThis is a debug message from thread 1118-09-2026 00:29:33 [38;5;117m[DEBUG]: [0mThis is a debug message from thread 2518-09-2026 00:29:33 [38;5;015m[INFO]: [0mThis is a info message from thread 2118-09-2026 00:29:33 [38;5;117m[DEBUG]: [0mThis is a debug message from thread 1418-09-2026 00:29:33 [38;5;117m[DEBUG]: [0mThis is a debug message from thread 018-09-2026 00:29:33 [38;5;009m[ERROR]: [0mThis is a error message from thread 918-09-2026 00:29:33 [38;5;015m[INFO]: [0mThis is a info message from thread 1518-09-2026 00:29:33 [38;5;117m[DEBUG]: [0mThis is a debug message from thread 2218-09-2026 00:29:33 [38;5;117m[DEBUG]: [0mThis is a debug message from thread 1918-09-2026 00:29:33 [38;5;015m[INFO]: [0mThis is a info message from thread 118-09-2026 00:29:33 [38;5;015m[INFO]: [0mThis is a info message from thread 1918-09-2026 00:29:33 [38;5;015m[INFO]: [0mThis is a info message from thread 1718-09-2026 00:29:33 [38;5;015m[INFO]: [0mThis is a info message from thread 1418-09-2026 00:29:33 [38;5;009m[ERROR]: [0mThis is a error message from thread 2918-09-2026 00:29:33 [38;5;015m[INFO]: [0mThis is a info message from thread 2218-09-2026 00:29:33 [38;5;009m[ERROR]: [0mThis is a error message from thread 1418-09-2026 00:29:33 [38;5;015m[INFO]: [0mThis is a info message from thread 2618-09-2026 00:29:33 [38;5;015m[INFO]: [0mThis is a info message from thread 2718-09-2026 00:29:33 [38;5;117m[DEBUG]: [0mThis is a debug message from thread 1418-09-2026 00:29:33 [38;5;009m[ERROR]: [0mThis is a error message from thread 118-09-2026 00:29:33 [38;5;009m[ERROR]: [0mThis is a error message from thread 218-09-2026 00:29:33 [38;5;009m[ERROR]: [0mThis is a error message from thread 2218-09-2026 00:29:33 [38;5;117m[DEBUG]: [0mThis is a debug message from thread 118-09-2026 00:29:33 [38;5;117m[DEBUG]: [0mThis is a debug message from thread 218-09-2026 00:29:33 [38;5;009m[ERROR]: [0mThis is a error message from thread 2718-09-2026 00:29:33 [38;5;117m[DEBUG]: [0mThis is a debug message from thread 2918-09-2026 00:29:33 [38;5;117m[DEBUG]: [0mThis is a debug message from thread 718-09-2026 00:29:33 [38;5;015m[INFO]: [0mThis is a info message from thread 718-09-2026 00:29:33 [38;5;015m[INFO]: [0mThis is a info message from thread 1618-09-2026 00:29:33 [38;5;117m[DEBUG]: [0mThis is a debug message from thread 2218-09-2026 00:29:33 [38;5;009m[ERROR]: [0mThis is a error message from thread 2118-09-2026 00:29:33 [38;5;015m[INFO]: [0mThis is a info message from thread 118-09-2026 00:29:33 [38;5;117m[DEBUG]: [0mThis is a debug message from thread 1818-09-2026 00:29:33 [38;5;015m[INFO]: [0mThis is a info message from thread 818-09-2026 00:29:33 [38;5;009m[ERROR]: [0mThis is a error message from thread 2618-09-2026 00:29:33 [38;5;015m[INFO]: [0mThis is a info message from thread 2218-09-2026 00:29:33 [38;5;009m[ERROR]: [0mThis is a error message from thread 1618-09-2026 00:29:33 [38;5;015m[INFO]: [0mThis is a info message from thread 2518-09-2026 00:29:33 [38;5;009m[ERROR]: [0mThis is a error message from thread 1918-09-2026 00:29:33 [38;5;015m[INFO]: [0mThis is a info message from thread 218-09-2026 00:29:33 [38;5;117m[DEBUG]: [0mThis is a debug message from thread 2718-09-2026 00:29:33 [38;5;117m[DEBUG]: [0mThis is a debug message from thread 1618-09-2026 00:29:33 [38;5;117m[DEBUG]: [0mThis is a debug message from thread 1918-09-2026 00:29:33 [38;5;009m[ERROR]: [0mThis is a error message from thread 118-09-2026 00:29:33 [38;5;015m[INFO]: [0mThis is a info message from thread 618-09-2026 00:29:33 [38;5;009m[ERROR]: [0mThis is a error message from thread 2818-09-2026 00:29:33 [38;5;009m[ERROR]: [0mThis is a error message from thread 218-09-2026 00:29:33 [38;5;009m[ERROR]: [0mThis is a error message from thread 318-09-2026 00:29:33 [38;5;009m[ERROR]: [0mThis is a error message from thread 1518-09-2026 00:29:33 [38;5;117m[DEBUG]: [0mThis is a debug message from thread 118-09-2026 00:29:33 [38;5;015m[INFO]: [0mThis is a info message from thread 2918-09-2026 00:29:33 [38;5;117m[DEBUG]: [0mThis is a debug message from thread 518-09-2026 00:29:33 [38;5;117m[DEBUG]: [0mThis is a debug message from thread 418-09-2026 00:29:33 [38;5;117m[DEBUG]: [0mThis is a debug message from thread 218-09-2026 00:29:33 [38;5;009m[ERROR]: [0mThis is a error message from thread 1718-09-2026 00:29:33 [38;5;117m[DEBUG]: [0mThis is a debug message from thread 318-09-2026 00:29:33 [38;5;015m[INFO]: [0mThis is a info message from thread 018-09-2026 00:29:33 [38;5;117m[DEBUG]: [0mThis is a debug message from thread 2618-09-2026 00:29:33 [38;5;009m[ERROR]: [0mThis is a error message from thread 818-09-2026 00:29:33 [38;5;117m[DEBUG]: [0mThis is a debug message from thread 2418-09-2026 00:29:33 [38;5;015m[INFO]: [0mThis is a info message from thread 1118-09-2026 00:29:33 [38;5;015m[INFO]: [0mThis is a info message from thread 1418-09-2026 00:29:33 [38;5;015m[INFO]: [0mThis is a info message from thread 518-09-2026 00:29:33 [38;5;009m[ERROR]: [0mThis is a error message from thread 718-09-2026 00:29:33 [38;5;117m[DEBUG]: [0mThis is a debug message from thread 2118-09-2026 00:29:33 [38;5;009m[ERROR]: [0mThis is a error message from thread 2918-09-2026 00:29:33 [38;5;009m[ERROR]: [0mThis is a error message from thread 518-09-2026 00:29:33 [38;5;015m[INFO]: [0mThis is a info message from thread 2118-09-2026 00:29:33 [38;5;015m[INFO]: [0mThis is a info message from thread 318-09-2026 00:29:33 [38;5;009m[ERROR]: [0mThis is a error message from thread 018-09-2026 00:29:33 [38;5;117m[DEBUG]: [0mThis is a debug message from thread 1718-09-2026 00:29:33 [38;5;009m[ERROR]: [0mThis is a error message from thread 2118-09-2026 00:29:33 [38;5;015m[INFO]: [0mThis is a info message from thread 1718-09-2026 00:29:33 [38;5;009m[ERROR]: [0mThis is a error message from thread 1018-09-2026 00:29:33 [38;5;117m[DEBUG]: [0mThis is a debug message from thread 2918-09-2026 00:29:33 [38;5;117m[DEBUG]: [0mThis is a debug message from thread 718-09-2026 00:29:33 [38;5;015m[INFO]: [0mThis is a info message from thread 118-09-2026 00:29:33 [38;5;117m[DEBUG]: [0mThis is a debug message from thread 018-09-2026 00:29:33 [38;5;117m[DEBUG]: [0mThis is a debug message from thread 1018-09-2026 00:29:33 [38;5;009m[ERROR]: [0mThis is a error message from thread 1718-09-2026 00:29:33 [38;5;015m[INFO]: [0mThis is a info message from thread 1918-09-2026 00:29:33 [38;5;117m[DEBUG]: [0mThis is a debug message from thread 1718-09-2026 00:29:33 [38;5;015m[INFO]: [0mThis is a info message from thread 2418-09-2026 00:29:33 [38;5;117m[DEBUG]: [0mThis is a debug message from thread 1318-09-2026 00:29:33 [38;5;015m[INFO]: [0mThis is a info message from thread 018-09-2026 00:29:33 [38;5;117m[DEBUG]: [0mThis is a debug message from thread 818-09-2026 00:29:33 [38;5;015m[INFO]: [0mThis is a info message from thread 1018-09-2026 00:29:33 [38;5;015m[INFO]: [0mThis is a info message from thread 218-09-2026 00:29:33 [38;5;009m[ERROR]: [0mThis is a error message from thread 318-09-2026 00:29:33 [38;5;015m[INFO]: [0mThis is a info message from thread 1718-09-2026 00:29:33 [38;5;009m[ERROR]: [0mThis is a error message from thread 1018-09-2026 00:29:33 [38;5;009m[ERROR]: [0mThis is a error message from thread 1918-09-2026 00:29:33 [38;5;009m[ERROR]: [0mThis is a error message from thread 218-09-2026 00:29:33 [38;5;117m[DEBUG]: [0mThis is a debug message from thread 1918-09-2026 00:29:33 [38;5;009m[ERROR]: [0mThis is a error message from thread 118-09-2026 00:29:33 [38;5;009m[ERROR]: [0mThis is a error message from thread 2018-09-2026 00:29:33 [38;5;117m[DEBUG]: [0mThis is a debug message from thread 218-09-2026 00:29:33 [38;5;009m[ERROR]: [0mThis is a error message from thread 1718-09-2026 00:29:33 [38;5;015m[INFO]: [0mThis is a info message from thread 218-09-2026 00:29:33 [38;5;117m[DEBUG]: [0mThis is a debug message from thread 2018-09-2026 00:29:33 [38;5;015m[INFO]: [0mThis is a info message from thread 2918-09-2026 00:29:33 [38;5;117m[DEBUG]: [0mThis is a debug message from thread 1018-09-2026 00:29:33 [38;5;015m[INFO]: [0mThis is a info message from thread 1618-09-2026 00:29:33 [38;5;117m[DEBUG]: [0mThis is a debug message from thread 2318-09-2026 00:29:33 [38;5;009m[ERROR]: [0mThis is a error message from thread 2918-09-2026 00:29:33 [38;5;015m[INFO]: [0mThis is a info message from thread 2718-09-2026 00:29:33 [38;5;015m[INFO]: [0mThis is a info message from thread 1018-09-2026 00:29:33 [38;5;117m[DEBUG]: [0mThis is a debug message from thread 2918-09-2026 00:29:33 [38;5;009m[ERROR]: [0mThis is a error message from thread 1118-09-2026 00:29:33 [38;5;015m[INFO]: [0mThis is a info message from thread 418-09-2026 00:29:33 [38;5;015m[INFO]: [0mThis is a info message from thread 2618-09-2026 00:29:33 [38;5;117m[DEBUG]: [0mThis is a debug message from thread 518-09-2026 00:29:33 [38;5;117m[DEBUG]: [0mThis is a debug message from thread 2118-09-2026 00:29:33 [38;5;009m[ERROR]: [0mThis is a error message from thread 418-09-2026 00:29:33 [38;5;009m[ERROR]: [0mThis is a error message from thread 2618-09-2026 00:29:33 [38;5;117m[DEBUG]: [0mThis is a debug message from thread 418-09-2026 00:29:33 [38;5;015m[INFO]: [0mThis is a info message from thread 2918-09-2026 00:29:33 [38;5;009m[ERROR]: [0mThis is a error message from thread 218-09-2026 00:29:33 [38;5;009m[ERROR]: [0mThis is a error message from thread 1018-09-2026 00:29:33 [38;5;117m[DEBUG]: [0mThis is a debug message from thread 2818-09-2026 00:29:33 [38;5;117m[DEBUG]: [0mThis is a debug message from thread 2618-09-2026 00:29:33 [38;5;009m[ERROR]: [0mThis is a error message from thread 1418-09-2026 00:29:33 [38;5;015m[INFO]: [0mThis is a info message from thread 518-09-2026 00:29:33 [38;5;015m[INFO]: [0mThis is a info message from thread 418-09-2026 00:29:33 [38;5;117m[DEBUG]: [0mThis is a debug message from thread 118-09-2026 00:29:33 [38;5;015m[INFO]: [0mThis is a info message from thread 2318-09-2026 00:29:33 [38;5;009m[ERROR]: [0mThis is a error message from thread 418-09-2026 00:29:33 [38;5;015m[INFO]: [0mThis is a info message from thread 118-09-2026 00:29:33 [38;5;009m[ERROR]: [0mThis is a error message from thread 2318-09-2026 00:29:33 [38;5;117m[DEBUG]: [0mThis is a debug message from thread 418-09-2026 00:29:33 [38;5;009m[ERROR]: [0mThis is a error message from thread 118-09-2026 00:29:33 [38;5;015m[INFO]: [0mThis is a info message from thread 2818-09-2026 00:29:33 [38;5;117m[DEBUG]: [0mThis is a debug message from thread 1118-09-2026 00:29:33 [38;5;117m[DEBUG]: [0mThis is a debug message from thread 318-09-2026 00:29:33 [38;5;009m[ERROR]: [0mThis is a error message from thread 2918-09-2026 00:29:33 [38;5;015m[INFO]: [0mThis is a info message from thread 1118-09-2026 00:29:33 [38;5;117m[DEBUG]: [0mThis is a debug message from thread 1718-09-2026 00:29:33 [38;5;015m[INFO]: [0mThis is a info message from thread 318-09-2026 00:29:33 [38;5;009m[ERROR]: [0mThis is a error message from thread 1118-09-2026 00:29:33 [38;5;009m[ERROR]: [0mThis is a error message from thread 318-09-2026 00:29:33 [38;5;009m[ERROR]: [0mThis is a error message from thread 618-09-2026 00:29:33 [38;5;009m[ERROR]: [0mThis is a error message from thread 1618-09-2026 00:29:33 [38;5;117m[DEBUG]: [0mThis is a debug message from thread 318-09-2026 00:29:33 [38;5;117m[DEBUG]: [0mThis is a debug message from thread 1618-09-2026 00:29:33 [38;5;015m[INFO]: [0mThis is a info message from thread 718-09-2026 00:29:33 [38;5;015m[INFO]: [0mThis is a info message from thread 1918-09-2026 00:29:33 [38;5;015m[INFO]: [0mThis is a info message from thread 1618-09-2026 00:29:33 [38;5;009m[ERROR]: [0mThis is a error message from thread 2518-09-2026 00:29:33 [38;5;009m[ERROR]: [0mThis is a error message from thread 1918-09-2026 00:29:33 [38;5;009m[ERROR]: [0mThis is a error message from thread 1618-09-2026 00:29:33 [38;5;117m[DEBUG]: [0mThis is a debug message from thread 1918-09-2026 00:29:33 [38;5;117m[DEBUG]: [0mThis is a debug message from thread 2518-09-2026 00:29:33 [38;5;015m[INFO]: [0mThis is a info message from thread 818-09-2026 00:29:33 [38;5;117m[DEBUG]: [0mThis is a debug message from thread 2318-09-2026 00:29:33 [38;5;117m[DEBUG]: [0mThis is a debug message from thread 1618-09-2026 00:29:33 [38;5;009m[ERROR]: [0mThis is a error message from thread 018-09-2026 00:29:33 [38;5;015m[INFO]: [0mThis is a info message from thread 2518-09-2026 00:29:33 [38;5;015m[INFO]: [0mThis is a info message from thread 1918-09-2026 00:29:33 [38;5;117m[DEBUG]: [0mThis is a debug message from thread 018-09-2026 00:29:33 [38;5;015m[INFO]: [0mThis is a info message from thread 1618-09-2026 00:29:33 [38;5;015m[INFO]: [0mThis is a info message from thread 2118-09-2026 00:29:33 [38;5;009m[ERROR]: [0mThis is a error message from thread 2518-09-2026 00:29:33 [38;5;015m[INFO]: [0mThis is a info message from thread 018-09-2026 00:29:33 [38;5;117m[DEBUG]: [0mThis is a debug message from thread 2518-09-2026 00:29:33 [38;5;009m[ERROR]: [0mThis is a error message from thread 018-09-2026 00:29:33 [38;5;009m[ERROR]: [0mThis is a error message from thread 2118-09-2026 00:29:33 [38;5;015m[INFO]: [0mThis is a info message from thread 418-09-2026 00:29:33 [38;5;117m[DEBUG]: [0mThis is a debug message from thread 118-09-2026 00:29:33 [38;5;117m[DEBUG]: [0mThis is a debug message from thread 618-09-2026 00:29:33 [38;5;117m[DEBUG]: [0mThis is a debug message from thread 2918-09-2026 00:29:33 [38;5;009m[ERROR]: [0mThis is a error message from thread 1618-09-2026 00:29:33 [38;5;015m[INFO]: [0mThis is a info message from thread 1218-09-2026 00:29:33 [38;5;009m[ERROR]: [0mThis is a error message from thread 1918-09-2026 00:29:33 [38;5;015m[INFO]: [0mThis is a info message from thread 2518-09-2026 00:29:33 [38;5;117m[DEBUG]: [0mThis is a debug message from thread 1618-09-2026 00:29:33 [38;5;009m[ERROR]: [0mThis is a error message from thread 2218-09-2026 00:29:33 [38;5;117m[DEBUG]: [0mThis is a debug message from thread 1918-09-2026 00:29:33 [38;5;015m[INFO]: [0mThis is a info message from thread 1918-09-2026 00:29:33 [38;5;015m[INFO]: [0mThis is a info message from thread 1618-09-2026 00:29:33 [38;5;009m[ERROR]: [0mThis is a error message from thread 2518-09-2026 00:29:33 [38;5;015m[INFO]: [0mThis is a info message from thread 2918-09-2026 00:29:33 [38;5;009m[ERROR]: [0mThis is a error message from thread 718-09-2026 00:29:33 [38;5;015m[INFO]: [0mThis is a info message from thread 318-09-2026 00:29:33 [38;5;009m[ERROR]: [0mThis is a error message from thread 1918-09-2026 00:29:33 [38;5;015m[INFO]: [0mThis is a info message from thread 2018-09-2026 00:29:33 [38;5;117m[DEBUG]: [0mThis is a debug message from thread 2218-09-2026 00:29:33 [38;5;009m[ERROR]: [0mThis is a error message from thread 1218-09-2026 00:29:33 [38;5;009m[ERROR]: [0mThis is a error message from thread 518-09-2026 00:29:33 [38;5;117m[DEBUG]: [0mThis is a debug message from thread 2518-09-2026 00:29:33 [38;5;009m[ERROR]: [0mThis is a error message from thread 2918-09-2026 00:29:33 [38;5;117m[DEBUG]: [0mThis is a debug message from thread 1118-09-2026 00:29:33 [38;5;015m[INFO]: [0mThis is a info message from thread 2318-09-2026 00:29:33 [38;5;015m[INFO]: [0mThis is a info message from thread 1818-09-2026 00:29:33 [38;5;117m[DEBUG]: [0mThis is a debug message from thread 1918-09-2026 00:29:33 [38;5;015m[INFO]: [0mThis is a info message from thread 1918-09-2026 00:29:33 [38;5;015m[INFO]: [0mThis is a info message from thread 2518-09-2026 00:29:33 [38;5;015m[INFO]: [0mThis is a info message from thread 2618-09-2026 00:29:33 [38;5;117m[DEBUG]: [0mThis is a debug message from thread 218-09-2026 00:29:33 [38;5;015m[INFO]: [0mThis is a info message from thread 2218-09-2026 00:29:33 [38;5;117m[DEBUG]: [0mThis is a debug message from thread 1018-09-2026 00:29:33 [38;5;009m[ERROR]: [0mThis is a error message from thread 2318-09-2026 00:29:33 [38;5;117m[DEBUG]: [0mThis is a debug message from thread 018-09-2026 00:29:33 [38;5;009m[ERROR]: [0mThis is a error message from thread 2718-09-2026 00:29:33 [38;5;009m[ERROR]: [0mThis is a error message from thread 1818-09-2026 00:29:33 [38;5;015m[INFO]: [0mThis is a info message from thread 1018-09-2026 00:29:33 [38;5;015m[INFO]: [0mThis is a info message from thread 1718-09-2026 00:29:33 [38;5;009m[ERROR]: [0mThis is a error message from thread 2418-09-2026 00:29:33 [38;5;015m[INFO]: [0mThis is a info message from thread 618-09-2026 00:29:33 [38;5;009m[ERROR]: [0mThis is a error message from thread 1918-09-2026 00:29:33 [38;5;009m[ERROR]: [0mThis is a error message from thread 2618-09-2026 00:29:33 [38;5;009m[ERROR]: [0mThis is a error message from thread 2818-09-2026 00:29:33 [38;5;117m[DEBUG]: [0mThis is a debug message from thread 2618-09-2026 00:29:33 [38;5;009m[ERROR]: [0mThis is a error message from thread 818-09-2026 00:29:33 [38;5;009m[ERROR]: [0mThis is a error message from thread 1718-09-2026 00:29:33 [38;5;009m[ERROR]: [0mThis is a error message from thread 418-09-2026 00:29:33 [38;5;015m[INFO]: [0mThis is a info message from thread 1118-09-2026 00:29:33 [38;5;117m[DEBUG]: [0mThis is a debug message from thread 2318-09-2026 00:29:33 [38;5;117m[DEBUG]: [0mThis is a debug message from thread 1818-09-2026 00:29:33 [38;5;009m[ERROR]: [0mThis is a error message from thread 618-09-2026 00:29:33 [38;5;117m[DEBUG]: [0mThis is a debug message from thread 1718-09-2026 00:29:33 [38;5;015m[INFO]: [0mThis is a info message from thread 2618-09-2026 00:29:33 [38;5;117m[DEBUG]: [0mThis is a debug message from thread 2418-09-2026 00:29:33 [38;5;015m[INFO]: [0mThis is a info message from thread 118-09-2026 00:29:33 [38;5;117m[DEBUG]: [0mThis is a debug message from thread 818-09-2026 00:29:33 [38;5;015m[INFO]: [0mThis is a info message from thread 1318-09-2026 00:29:33 [38;5;009m[ERROR]: [0mThis is a error message from thread 1118-09-2026 00:29:33 [38;5;015m[INFO]: [0mThis is a info message from thread 1718-09-2026 00:29:33 [38;5;117m[DEBUG]: [0mThis is a debug message from thread 1118-09-2026 00:29:33 [38;5;009m[ERROR]: [0mThis is a error message from thread 1718-09-2026 00:29:33 [38;5;117m[DEBUG]: [0mThis is a debug message from thread 2818-09-2026 00:29:33 [38;5;015m[INFO]: [0mThis is a info message from thread 2418-09-2026 00:29:33 [38;5;117m[DEBUG]: [0mThis is a debug message from thread 1918-09-2026 00:29:33 [38;5;117m[DEBUG]: [0mThis is a debug message from thread 918-09-2026 00:29:33 [38;5;009m[ERROR]: [0mThis is a error message from thread 318-09-2026 00:29:33 [38;5;117m[DEBUG]: [0mThis is a debug message from thread 1218-09-2026 00:29:33 [38;5;015m[INFO]: [0mThis is a info message from thread 2818-09-2026 00:29:33 [38;5;015m[INFO]: [0mThis is a info message from thread 018-09-2026 00:29:33 [38;5;117m[DEBUG]: [0mThis is a debug message from thread 2118-09-2026 00:29:33 [38;5;015m[INFO]: [0mThis is a info message from thread 918-09-2026 00:29:33 [38;5;009m[ERROR]: [0mThis is a error message from thread 118-09-2026 00:29:33 [38;5;117m[DEBUG]: [0mThis is a debug message from thread 1718-09-2026 00:29:33 [38;5;015m[INFO]: [0mThis is a info message from thread 1818-09-2026 00:29:33 [38;5;117m[DEBUG]: [0mThis is a debug message from thread 318-09-2026 00:29:33 [38;5;009m[ERROR]: [0mThis is a error message from thread 2418-09-2026 00:29:33 [38;5;009m[ERROR]: [0mThis is a error message from thread 2618-09-2026 00:29:33 [38;5;117m[DEBUG]: [0mThis is a debug message from thread 1518-09-2026 00:29:33 [38;5;015m[INFO]: [0mThis is a info message from thread 1718-09-2026 00:29:33 [38;5;015m[INFO]: [0mThis is a info message from thread 1218-09-2026 00:29:33 [38;5;015m[INFO]: [0mThis is a info message from thread 1118-09-2026 00:29:33 [38;5;009m[ERROR]: [0mThis is a error message from thread 2018-09-2026 00:29:33 [38;5;117m[DEBUG]: [0mThis is a debug message from thread 1418-09-2026 00:29:33 [38;5;117m[DEBUG]: [0mThis is a debug message from thread 2618-09-2026 00:29:33 [38;5;009m[ERROR]: [0mThis is a error message from thread 2518-09-2026 00:29:33 [38;5;117m[DEBUG]: [0mThis is a debug message from thread 718-09-2026 00:29:33 [38;5;117m[DEBUG]: [0mThis is a debug message from thread 2018-09-2026 00:29:33 [38;5;009m[ERROR]: [0mThis is a error message from thread 1018-09-2026 00:29:33 [38;5;009m[ERROR]: [0mThis is a error message from thread 1318-09-2026 00:29:33 [38;5;015m[INFO]: [0mThis is a info message from thread 2618-09-2026 00:29:33 [38;5;015m[INFO]: [0mThis is a info message from thread 2318-09-2026 00:29:33 [38;5;117m[DEBUG]: [0mThis is a debug message from thread 1018-09-2026 00:29:33 [38;5;009m[ERROR]: [0mThis is a error message from thread 1218-09-2026 00:29:33 [38;5;117m[DEBUG]: [0mThis is a debug message from thread 518-09-2026 00:29:33 [38;5;015m[INFO]: [0mThis is a info message from thread 1418-09-2026 00:29:33 [38;5;009m[ERROR]: [0mThis is a error message from thread 018-09-2026 00:29:33 [38;5;117m[DEBUG]: [0mThis is a debug message from thread 118-09-2026 00:29:33 [38;5;015m[INFO]: [0mThis is a info message from thread 218-09-2026 00:29:33 [38;5;015m[INFO]: [0mThis is a info message from thread 1918-09-2026 00:29:33 [38;5;015m[INFO]: [0mThis is a info message from thread 1018-09-2026 00:29:33 [38;5;009m[ERROR]: [0mThis is a error message from thread 1918-09-2026 00:29:33 [38;5;009m[ERROR]: [0mThis is a error message from thread 1018-09-2026 00:29:33 [38;5;117m[DEBUG]: [0mThis is a debug message from thread 1918-09-2026 00:29:33 [38;5;117m[DEBUG]: [0mThis is a debug message from thread 1018-09-2026 00:29:33 [38;5;117m[DEBUG]: [0mThis is a debug message from thread 2918-09-2026 00:29:33 [38;5;117m[DEBUG]: [0mThis is a debug message from thread 2518-09-2026 00:29:33 [38;5;015m[INFO]: [0mThis is a info message from thread 1018-09-2026 00:29:33 [38;5;015m[INFO]: [0mThis is a info message from thread 2918-09-2026 00:29:33 [38;5;015m[INFO]: [0mThis is a info message from thread 718-09-2026 00:29:33 [38;5;009m[ERROR]: [0mThis is a error message from thread 1018-09-2026 00:29:33 [38;5;009m[ERROR]: [0mThis is a error message from thread 2218-09-2026 00:29:33 [38;5;015m[INFO]: [0mThis is a info message from thread 318-09-2026 00:29:33 [38;5;117m[DEBUG]: [0mThis is a debug message from thread 018-09-2026 00:29:33 [38;5;009m[ERROR]: [0mThis is a error message from thread 318-09-2026 00:29:33 [38;5;117m[DEBUG]: [0mThis is a debug message from thread 1218-09-2026 00:29:33 [38;5;015m[INFO]: [0mThis is a info message from thread 518-09-2026 00:29:33 [38;5;009m[ERROR]: [0mThis is a error message from thread 2318-09-2026 00:29:33 [38;5;009m[ERROR]: [0mThis is a error message from thread 1718-09-2026 00:29:33 [38;5;117m[DEBUG]: [0mThis is a debug message from thread 318-09-2026 00:29:33 [38;5;009m[ERROR]: [0mThis is a error message from thread 518-09-2026 00:29:33 [38;5;117m[DEBUG]: [0mThis is a debug message from thread 2318-09-2026 00:29:33 [38;5;117m[DEBUG]: [0mThis is a debug message from thread 418-09-2026 00:29:33 [38;5;015m[INFO]: [0mThis is a info message from thread 818-09-2026 00:29:33 [38;5;015m[INFO]: [0mThis is a info message from thread 418-09-2026 00:29:33 [38;5;015m[INFO]: [0mThis is a info message from thread 118-09-2026 00:29:33 [38;5;117m[DEBUG]: [0mThis is a debug message from thread 518-09-2026 00:29:33 [38;5;117m[DEBUG]: [0mThis is a debug message from thread 1718-09-2026 00:29:33 [38;5;009m[ERROR]: [0mThis is a error message from thread 118-09-2026 00:29:33 [38;5;015m[INFO]: [0mThis is a info message from thread 1718-09-2026 00:29:33 [38;5;009m[ERROR]: [0mThis is a error message from thread 1418-09-2026 00:29:33 [38;5;117m[DEBUG]: [0mThis is a debug message from thread 118-09-2026 00:29:33 [38;5;009m[ERROR]: [0mThis is a error message from thread 1718-09-2026 00:29:33 [38;5;015m[INFO]: [0mThis is a info message from thread 1918-09-2026 00:29:33 [38;5;015m[INFO]: [0mThis is a info message from thread 118-09-2026 00:29:33 [38;5;117m[DEBUG]: [0mThis is a debug message from thread 2418-09-2026 00:29:33 [38;5;009m[ERROR]: [0mThis is a error message from thread 1918-09-2026 00:29:33 [38;5;015m[INFO]: [0mThis is a info message from thread 2418-09-2026 00:29:33 [38;5;009m[ERROR]: [0mThis is a error message from thread 118-09-2026 00:29:33 [38;5;015m[INFO]: [0mThis is a info message from thread 2518-09-2026 00:29:33 [38;5;009m[ERROR]: [0mThis is a error message from thread 918-09-2026 00:29:33 [38;5;015m[INFO]: [0mThis is a info message from thread 1518-09-2026 00:29:33 [38;5;117m[DEBUG]: [0mThis is a debug message from thread 918-09-2026 00:29:33 [38;5;009m[ERROR]: [0mThis is a error message from thread 1518-09-2026 00:29:33 [38;5;015m[INFO]: [0mThis is a info message from thread 918-09-2026 00:29:33 [38;5;117m[DEBUG]: [0mThis is a debug message from thread 1318-09-2026 00:29:33 [38;5;009m[ERROR]: [0mThis is a error message from thread 1818-09-2026 00:29:33 [38;5;117m[DEBUG]: [0mThis is a debug message from thread 118-09-2026 00:29:33 [38;5;015m[INFO]: [0mThis is a info message from thread 2018-09-2026 00:29:33 [38;5;117m[DEBUG]: [0mThis is a debug message from thread 1918-09-2026 00:29:33 [38;5;015m[INFO]: [0mThis is a info message from thread 118-09-2026 00:29:33 [38;5;015m[INFO]: [0mThis is a info message from thread 1918-09-2026 00:29:33 [38;5;009m[ERROR]: [0mThis is a error message from thread 2018-09-2026 00:29:33 [38;5;009m[ERROR]: [0mThis is a error message from thread 1918-09-2026 00:29:33 [38;5;009m[ERROR]: [0mThis is a error message from thread 118-09-2026 00:29:33 [38;5;009m[ERROR]: [0mThis is a error message from thread 2618-09-2026 00:29:33 [38;5;117m[DEBUG]: [0mThis is a debug message from thread 1918-09-2026 00:29:33 [38;5;015m[INFO]: [0mThis is a info message from thread 518-09-2026 00:29:33 [38;5;117m[DEBUG]: [0mThis is a debug message from thread 2718-09-2026 00:29:33 [38;5;117m[DEBUG]: [0mThis is a debug message from thread 2618-09-2026 00:29:33 [38;5;015m[INFO]: [0mThis is a info message from thread 1218-09-2026 00:29:33 [38;5;009m[ERROR]: [0mThis is a error message from thread 418-09-2026 00:29:33 [38;5;117m[DEBUG]: [0mThis is a debug message from thread 1818-09-2026 00:29:33 [38;5;009m[ERROR]: [0mThis is a error message from thread 518-09-2026 00:29:33 [38;5;015m[INFO]: [0mThis is a info message from thread 2618-09-2026 00:29:33 [38;5;009m[ERROR]: [0mThis is a error message from thread 818-09-2026 00:29:33 [38;5;009m[ERROR]: [0mThis is a error message from thread 2418-09-2026 00:29:33 [38;5;015m[INFO]: [0mThis is a info message from thread 1918-09-2026 00:29:33 [38;5;117m[DEBUG]: [0mThis is a debug message from thread 818-09-2026 00:29:33 [38;5;009m[ERROR]: [0mThis is a error message from thread 2618-09-2026 00:29:33 [38;5;015m[INFO]: [0mThis is a info message from thread 1318-09-2026 00:29:33 [38;5;015m[INFO]: [0mThis is a info message from thread 318-09-2026 00:29:33 [38;5;015m[INFO]: [0mThis is a info message from thread 1818-09-2026 00:29:33 [38;5;117m[DEBUG]: [0mThis is a debug message from thread 2418-09-2026 00:29:33 [38;5;009m[ERROR]: [0mThis is a error message from thread 718-09-2026 00:29:33 [38;5;117m[DEBUG]: [0mThis is a debug message from thread 2618-09-2026 00:29:33 [38;5;117m[DEBUG]: [0mThis is a debug message from thread 2218-09-2026 00:29:33 [38;5;015m[INFO]: [0mThis is a info message from thread 2318-09-2026 00:29:33 [38;5;117m[DEBUG]: [0mThis is a debug message from thread 1718-09-2026 00:29:33 [38;5;117m[DEBUG]: [0mThis is a debug message from thread 718-09-2026 00:29:33 [38;5;015m[INFO]: [0mThis is a info message from thread 1718-09-2026 00:29:33 [38;5;009m[ERROR]: [0mThis is a error message from thread 1618-09-2026 00:29:33 [38;5;117m[DEBUG]: [0mThis is a debug message from thread 1618-09-2026 00:29:33 [38;5;009m[ERROR]: [0mThis is a error message from thread 1218-09-2026 00:29:33 [38;5;015m[INFO]: [0mThis is a info message from thread 2218-09-2026 00:29:33 [38;5;015m[INFO]: [0mThis is a info message from thread 2618-09-2026 00:29:33 [38;5;015m[INFO]: [0mThis is a info message from thread 1618-09-2026 00:29:33 [38;5;009m[ERROR]: [0mThis is a error message from thread 1318-09-2026 00:29:33 [38;5;009m[ERROR]: [0mThis is a error message from thread 2618-09-2026 00:29:33 [38;5;009m[ERROR]: [0mThis is a error message from thread 2318-09-2026 00:29:33 [38;5;117m[DEBUG]: [0mThis is a debug message from thread 1418-09-2026 00:29:33 [38;5;015m[INFO]: [0mThis is a info message from thread 718-09-2026 00:29:33 [38;5;009m[ERROR]: [0mThis is a error message from thread 1718-09-2026 00:29:33 [38;5;117m[DEBUG]: [0mThis is a debug message from thread 618-09-2026 00:29:33 [38;5;015m[INFO]: [0mThis is a info message from thread 818-09-2026 00:29:33 [38;5;009m[ERROR]: [0mThis is a error message from thread 1818-09-2026 00:29:33 [38;5;009m[ERROR]: [0mThis is a error message from thread 318-09-2026 00:29:33 [38;5;009m[ERROR]: [0mThis is a error message from thread 1118-09-2026 00:29:33 [38;5;117m[DEBUG]: [0mThis is a debug message from thread 1718-09-2026 00:29:33 [38;5;117m[DEBUG]: [0mThis is a debug message from thread 418-09-2026 00:29:33 [38;5;009m[ERROR]: [0mThis is a error message from thread 918-09-2026 00:29:33 [38;5;009m[ERROR]: [0mThis is a error message from thread 818-09-2026 00:29:33 [38;5;015m[INFO]: [0mThis is a info message from thread 418-09-2026 00:29:33 [38;5;009m[ERROR]: [0mThis is a error message from thread 418-09-2026 00:29:33 [38;5;015m[INFO]: [0mThis is a info message from thread 618-09-2026 00:29:33 [38;5;117m[DEBUG]: [0mThis is a debug message from thread 2318-09-2026 00:29:33 [38;5;117m[DEBUG]: [0mThis is a debug message from thread 1218-09-2026 00:29:33 [38;5;009m[ERROR]: [0mThis is a error message from thread 2218-09-2026 00:29:33 [38;5;117m[DEBUG]: [0mThis is a debug message from thread 118-09-2026 00:29:33 [38;5;009m[ERROR]: [0mThis is a error message from thread 718-09-2026 00:29:33 [38;5;015m[INFO]: [0mThis is a info message from thread 2718-09-2026 00:29:33 [38;5;015m[INFO]: [0mThis is a info message from thread 1418-09-2026 00:29:33 [38;5;117m[DEBUG]: [0mThis is a debug message from thread 718-09-2026 00:29:33 [38;5;117m[DEBUG]: [0mThis is a debug message from thread 518-09-2026 00:29:33 [38;5;009m[ERROR]: [0mThis is a error message from thread 1418-09-2026 00:29:33 [38;5;117m[DEBUG]: [0mThis is a debug message from thread 918-09-2026 00:29:33 [38;5;009m[ERROR]: [0mThis is a error message from thread 2518-09-2026 00:29:33 [38;5;009m[ERROR]: [0mThis is a error message from thread 2718-09-2026 00:29:33 [38;5;117m[DEBUG]: [0mThis is a debug message from thread 818-09-2026 00:29:33 [38;5;117m[DEBUG]: [0mThis is a debug message from thread 1318-09-2026 00:29:33 [38;5;015m[INFO]: [0mThis is a info message from thread 1218-09-2026 00:29:33 [38;5;015m[INFO]: [0mThis is a info message from thread 718-09-2026 00:29:33 [38;5;009m[ERROR]: [0mThis is a error message from thread 618-09-2026 00:29:33 [38;5;015m[INFO]: [0mThis is a info message from thread 2118-09-2026 00:29:33 [38;5;009m[ERROR]: [0mThis is a error message from thread 1918-09-2026 00:29:33 [38;5;117m[DEBUG]: [0mThis is a debug message from thread 1018-09-2026 00:29:33 [38;5;117m[DEBUG]: [0mThis is a debug message from thread 2218-09-2026 00:29:33 [38;5;117m[DEBUG]: [0mThis is a debug message from thread 2718-09-2026 00:29:33 [38;5;015m[INFO]: [0mThis is a info message from thread 918-09-2026 00:29:33 [38;5;009m[ERROR]: [0mThis is a error message from thread 2118-09-2026 00:29:33 [38;5;117m[DEBUG]: [0mThis is a debug message from thread 318-09-2026 00:29:33 [38;5;117m[DEBUG]: [0mThis is a debug message from thread 1918-09-2026 00:29:33 [38;5;117m[DEBUG]: [0mThis is a debug message from thread 1518-09-2026 00:29:33 [38;5;015m[INFO]: [0mThis is a info message from thread 1018-09-2026 00:29:33 [38;5;009m[ERROR]: [0mThis is a error message from thread 2818-09-2026 00:29:33 [38;5;015m[INFO]: [0mThis is a info message from thread 1918-09-2026 00:29:33 [38;5;015m[INFO]: [0mThis is a info message from thread 2218-09-2026 00:29:33 [38;5;009m[ERROR]: [0mThis is a error message from thread 2218-09-2026 00:29:33 [38;5;009m[ERROR]: [0mThis is a error message from thread 918-09-2026 00:29:33 [38;5;015m[INFO]: [0mThis is a info message from thread 1318-09-2026 00:29:33 [38;5;015m[INFO]: [0mThis is a info message from thread 818-09-2026 00:29:33 [38;5;009m[ERROR]: [0mThis is a error message from thread 718-09-2026 00:29:33 [38;5;117m[DEBUG]: [0mThis is a debug message from thread 2118-09-2026 00:29:33 [38;5;015m[INFO]: [0mThis is a info message from thread 2318-09-2026 00:29:33 [38;5;117m[DEBUG]: [0mThis is a debug message from thread 918-09-2026 00:29:33 [38;5;117m[DEBUG]: [0mThis is a debug message from thread 2518-09-2026 00:29:33 [38;5;009m[ERROR]: [0mThis is a error message from thread 1018-09-2026 00:29:33 [38;5;015m[INFO]: [0mThis is a info message from thread 118-09-2026 00:29:33 [38;5;015m[INFO]: [0mThis is a info message from thread 1518-09-2026 00:29:33 [38;5;117m[DEBUG]: [0mThis is a debug message from thread 1818-09-2026 00:29:33 [38;5;117m[DEBUG]: [0mThis is a debug message from thread 2218-09-2026 00:29:33 [38;5;009m[ERROR]: [0mThis is a error message from thread 118-09-2026 00:29:33 [38;5;015m[INFO]: [0mThis is a info message from thread 1718-09-2026 00:29:33 [38;5;015m[INFO]: [0mThis is a info message from thread 518-09-2026 00:29:33 [38;5;117m[DEBUG]: [0mThis is a debug message from thread 1118-09-2026 00:29:33 [38;5;117m[DEBUG]: [0mThis is a debug message from thread 1418-09-2026 00:29:33 [38;5;117m[DEBUG]: [0mThis is a debug message from thread 118-09-2026 00:29:33 [38;5;117m[DEBUG]: [0mThis is a debug message from thread 2818-09-2026 00:29:33 [38;5;009m[ERROR]: [0mThis is a error message from thread 1618-09-2026 00:29:33 [38;5;015m[INFO]: [0mThis is a info message from thread 2118-09-2026 00:29:33 [38;5;009m[ERROR]: [0mThis is a error message from thread 518-09-2026 00:29:33 [38;5;117m[DEBUG]: [0mThis is a debug message from thread 1018-09-2026 00:29:33 [38;5;009m[ERROR]: [0mThis is a error message from thread 1218-09-2026 00:29:33 [38;5;015m[INFO]: [0mThis is a info message from thread 2718-09-2026 00:29:33 [38;5;015m[INFO]: [0mThis is a info message from thread 2818-09-2026 00:29:33 [38;5;117m[DEBUG]: [0mThis is a debug message from thread 518-09-2026 00:29:33 [38;5;015m[INFO]: [0mThis is a info message from thread 1118-09-2026 00:29:33 [38;5;009m[ERROR]: [0mThis is a error message from thread 218-09-2026 00:29:33 [38;5;015m[INFO]: [0mThis is a info message from thread 918-09-2026 00:29:33 [38;5;117m[DEBUG]: [0mThis is a debug message from thread 618-09-2026 00:29:33 [38;5;009m[ERROR]: [0mThis is a error message from thread 818-09-2026 00:29:33 [38;5;015m[INFO]: [0mThis is a info message from thread 1818-09-2026 00:29:33 [38;5;117m[DEBUG]: [0mThis is a debug message from thread 418-09-2026 00:29:33 [38;5;009m[ERROR]: [0mThis is a error message from thread 1118-09-2026 00:29:33 [38;5;015m[INFO]: [0mThis is a info message from thread 518-09-2026 00:29:33 [38;5;117m[DEBUG]: [0mThis is a debug message from thread 1118-09-2026 00:29:33 [38;5;015m[INFO]: [0mThis is a info message from thread 2418-09-2026 00:29:33 [38;5;015m[INFO]: [0mThis is a info message from thread 618-09-2026 00:29:33 [38;5;117m[DEBUG]: [0mThis is a debug message from thread 2018-09-2026 00:29:33 [38;5;117m[DEBUG]: [0mThis is a debug message from thread 218-09-2026 00:29:33 [38;5;015m[INFO]: [0mThis is a info message from thread 1018-09-2026 00:29:33 [38;5;009m[ERROR]: [0mThis is a error message from thread 518-09-2026 00:29:33 [38;5;015m[INFO]: [0mThis is a info message from thread 1118-09-2026 00:29:33 [38;5;009m[ERROR]: [0mThis is a error message from thread 918-09-2026 00:29:33 [38;5;015m[INFO]: [0mThis is a info message from thread 2218-09-2026 00:29:33 [38;5;009m[ERROR]: [0mThis is a error message from thread 1018-09-2026 00:29:33 [38;5;009m[ERROR]: [0mThis is a error message from thread 1118-09-2026 00:29:33 [38;5;015m[INFO]: [0mThis is a info message from thread 118-09-2026 00:29:33 [38;5;009m[ERROR]: [0mThis is a error message from thread 2718-09-2026 00:29:33 [38;5;009m[ERROR]: [0mThis is a error message from thread 2818-09-2026 00:29:33 [38;5;009m[ERROR]: [0mThis is a error message from thread 2218-09-2026 00:29:33 [38;5;009m[ERROR]: [0mThis is a error message from thread 2118-09-2026 00:29:33 [38;5;009m[ERROR]: [0mThis is a error message from thread 2918-09-2026 00:29:33 [38;5;117m[DEBUG]: [0mThis is a debug message from thread 918-09-2026 00:29:33 [38;5;117m[DEBUG]: [0mThis is a debug message from thread 818-09-2026 00:29:33 [38;5;117m[DEBUG]: [0mThis is a debug message from thread 1118-09-2026 00:29:33 [38;5;117m[DEBUG]: [0mThis is a debug message from thread 2218-09-2026 00:29:33 [38;5;117m[DEBUG]: [0mThis is a debug message from thread 718-09-2026 00:29:33 [38;5;009m[ERROR]: [0mThis is a error message from thread 1918-09-2026 00:29:33 [38;5;117m[DEBUG]: [0mThis is a debug message from thread 1218-09-2026 00:29:33 [38;5;117m[DEBUG]: [0mThis is a debug message from thread 2118-09-2026 00:29:33 [38;5;015m[INFO]: [0mThis is a info message from thread 918-09-2026 00:29:33 [38;5;015m[INFO]: [0mThis is a info message from thread 218-09-2026 00:29:33 [38;5;117m[DEBUG]: [0mThis is a debug message from thread 2818-09-2026 00:29:33 [38;5;009m[ERROR]: [0mThis is a error message from thread 1818-09-2026 00:29:33 [38;5;117m[DEBUG]: [0mThis is a debug message from thread 1918-09-2026 00:29:33 [38;5;015m[INFO]: [0mThis is a info message from thread 1218-09-2026 00:29:33 [38;5;117m[DEBUG]: [0mThis is a debug message from thread 2918-09-2026 00:29:33 [38;5;009m[ERROR]: [0mThis is a error message from thread 2418-09-2026 00:29:33 [38;5;015m[INFO]: [0mThis is a info message from thread 2018-09-2026 00:29:33 [38;5;015m[INFO]: [0mThis is a info message from thread 718-09-2026 00:29:33 [38;5;015m[INFO]: [0mThis is a info message from thread 318-09-2026 00:29:33 [38;5;015m[INFO]: [0mThis is a info message from thread 2518-09-2026 00:29:33 [38;5;117m[DEBUG]: [0mThis is a debug message from thread 1818-09-2026 00:29:33 [38;5;015m[INFO]: [0mThis is a info message from thread 1418-09-2026 00:29:33 [38;5;117m[DEBUG]: [0mThis is a debug message from thread 518-09-2026 00:29:33 [38;5;117m[DEBUG]: [0mThis is a debug message from thread 2718-09-2026 00:29:33 [38;5;009m[ERROR]: [0mThis is a error message from thread 1418-09-2026 00:29:33 [38;5;015m[INFO]: [0mThis is a info message from thread 818-09-2026 00:29:33 [38;5;009m[ERROR]: [0mThis is a error message from thread 918-09-2026 00:29:33 [38;5;117m[DEBUG]: [0mThis is a debug message from thread 1018-09-2026 00:29:33 [38;5;009m[ERROR]: [0mThis is a error message from thread 1518-09-2026 00:29:33 [38;5;009m[ERROR]: [0mThis is a error message from thread 818-09-2026 00:29:33 [38;5;117m[DEBUG]: [0mThis is a debug message from thread 1418-09-2026 00:29:33 [38;5;015m[INFO]: [0mThis is a info message from thread 2918-09-2026 00:29:33 [38;5;009m[ERROR]: [0mThis is a error message from thread 718-09-2026 00:29:33 [38;5;015m[INFO]: [0mThis is a info message from thread 1118-09-2026 00:29:33 [38;5;015m[INFO]: [0mThis is a info message from thread 1018-09-2026 00:29:33 [38;5;117m[DEBUG]: [0mThis is a debug message from thread 918-09-2026 00:29:33 [38;5;117m[DEBUG]: [0mThis is a debug message from thread 2418-09-2026 00:29:33 [38;5;015m[INFO]: [0mThis is a info message from thread 1418-09-2026 00:29:33 [38;5;015m[INFO]: [0mThis is a info message from thread 1818-09-2026 00:29:33 [38;5;015m[INFO]: [0mThis is a info message from thread 518-09-2026 00:29:33 [38;5;009m[ERROR]: [0mThis is a error message from thread 218-09-2026 00:29:33 [38;5;015m[INFO]: [0mThis is a info message from thread 2718-09-2026 00:29:33 [38;5;009m[ERROR]: [0mThis is a error message from thread 618-09-2026 00:29:33 [38;5;117m[DEBUG]: [0mThis is a debug message from thread 718-09-2026 00:29:33 [38;5;009m[ERROR]: [0mThis is a error message from thread 318-09-2026 00:29:33 [38;5;009m[ERROR]: [0mThis is a error message from thread 2518-09-2026 00:29:33 [38;5;009m[ERROR]: [0mThis is a error message from thread 1018-09-2026 00:29:33 [38;5;117m[DEBUG]: [0mThis is a debug message from thread 2618-09-2026 00:29:33 [38;5;009m[ERROR]: [0mThis is a error message from thread 1118-09-2026 00:29:33 [38;5;009m[ERROR]: [0mThis is a error message from thread 1218-09-2026 00:29:33 [38;5;009m[ERROR]: [0mThis is a error message from thread 118-09-2026 00:29:33 [38;5;009m[ERROR]: [0mThis is a error message from thread 1818-09-2026 00:29:33 [38;5;117m[DEBUG]: [0mThis is a debug message from thread 1818-09-2026 00:29:33 [38;5;009m[ERROR]: [0mThis is a error message from thread 1718-09-2026 00:29:33 [38;5;009m[ERROR]: [0mThis is a error message from thread 2318-09-2026 00:29:33 [38;5;117m[DEBUG]: [0mThis is a debug message from thread 2518-09-2026 00:29:33 [38;5;009m[ERROR]: [0mThis is a error message from thread 2018-09-2026 00:29:33 [38;5;015m[INFO]: [0mThis is a info message from thread 2218-09-2026 00:29:33 [38;5;015m[INFO]: [0mThis is a info message from thread 2818-09-2026 00:29:33 [38;5;117m[DEBUG]: [0mThis is a debug message from thread 2018-09-2026 00:29:33 [38;5;117m[DEBUG]: [0mThis is a debug message from thread 218-09-2026 00:29:33 [38;5;009m[ERROR]: [0mThis is a error message from thread 2218-09-2026 00:29:33 [38;5;015m[INFO]: [0mThis is a info message from thread 018-09-2026 00:29:33 [38;5;015m[INFO]: [0mThis is a info message from thread 718-09-2026 00:29:33 [38;5;009m[ERROR]: [0mThis is a error message from thread 1318-09-2026 00:29:33 [38;5;015m[INFO]: [0mThis is a info message from thread 2518-09-2026 00:29:33 [38;5;009m[ERROR]: [0mThis is a error message from thread 2518-09-2026 00:29:33 [38;5;117m[DEBUG]: [0mThis is a debug message from thread 1318-09-2026 00:29:33 [38;5;009m[ERROR]: [0mThis is a error message from thread 518-09-2026 00:29:33 [38;5;015m[INFO]: [0mThis is a info message from thread 2018-09-2026 00:29:33 [38;5;117m[DEBUG]: [0mThis is a debug message from thread 1518-09-2026 00:29:33 [38;5;015m[INFO]: [0mThis is a info message from thread 2418-09-2026 00:29:33 [38;5;009m[ERROR]: [0mThis is a error message from thread 1418-09-2026 00:29:33 [38;5;117m[DEBUG]: [0mThis is a debug message from thread 2518-09-2026 00:29:33 [38;5;117m[DEBUG]: [0mThis is a debug message from thread 1118-09-2026 00:29:33 [38;5;117m[DEBUG]: [0mThis is a debug message from thread 2318-09-2026 00:29:33 [38;5;009m[ERROR]: [0mThis is a error message from thread 718-09-2026 00:29:33 [38;5;117m[DEBUG]: [0mThis is a debug message from thread 618-09-2026 00:29:33 [38;5;015m[INFO]: [0mThis is a info message from thread 2518-09-2026 00:29:33 [38;5;015m[INFO]: [0mThis is a info message from thread 218-09-2026 00:29:33 [38;5;009m[ERROR]: [0mThis is a error message from thread 2718-09-2026 00:29:33 [38;5;015m[INFO]: [0mThis is a info message from thread 618-09-2026 00:29:33 [38;5;009m[ERROR]: [0mThis is a error message from thread 218-09-2026 00:29:33 [38;5;117m[DEBUG]: [0mThis is a debug message from thread 2718-09-2026 00:29:33 [38;5;009m[ERROR]: [0mThis is a error message from thread 618-09-2026 00:29:33 [38;5;015m[INFO]: [0mThis is a info message from thread 1818-09-2026 00:29:33 [38;5;117m[DEBUG]: [0mThis is a debug message from thread 218-09-2026 00:29:33 [38;5;015m[INFO]: [0mThis is a info message from thread 2718-09-2026 00:29:33 [38;5;015m[INFO]: [0mThis is a info message from thread 218-09-2026 00:29:33 [38;5;117m[DEBUG]: [0mThis is a debug message from thread 518-09-2026 00:29:33 [38;5;117m[DEBUG]: [0mThis is a debug message from thread 2218-09-2026 00:29:33 [38;5;009m[ERROR]: [0mThis is a error message from thread 2418-09-2026 00:29:33 [38;5;015m[INFO]: [0mThis is a info message from thread 518-09-2026 00:29:33 [38;5;015m[INFO]: [0mThis is a info message from thread 2218-09-2026 00:29:33 [38;5;009m[ERROR]: [0mThis is a error message from thread 518-09-2026 00:29:33 [38;5;117m[DEBUG]: [0mThis is a debug message from thread 2418-09-2026 00:29:33 [38;5;009m[ERROR]: [0mThis is a error message from thread 2218-09-2026 00:29:33 [38;5;009m[ERROR]: [0mThis is a error message from thread 218-09-2026 00:29:33 [38;5;117m[DEBUG]: [0mThis is a debug message from thread 818-09-2026 00:29:33 [38;5;117m[DEBUG]: [0mThis is a debug message from thread 518-09-2026 00:29:33 [38;5;015m[INFO]: [0mThis is a info message from thread 2418-09-2026 00:29:33 [38;5;009m[ERROR]: [0mThis is a error message from thread 2418-09-2026 00:29:33 [38;5;117m[DEBUG]: [0mThis is a debug message from thread 318-09-2026 00:29:33 [38;5;117m[DEBUG]: [0mThis is a debug message from thread 2218-09-2026 00:29:33 [38;5;015m[INFO]: [0mThis is a info message from thread 518-09-2026 00:29:33 [38;5;015m[INFO]: [0mThis is a info message from thread 818-09-2026 00:29:33 [38;5;015m[INFO]: [0mThis is a info message from thread 418-09-2026 00:29:33 [38;5;009m[ERROR]: [0mThis is a error message from thread 2718-09-2026 00:29:33 [38;5;117m[DEBUG]: [0mThis is a debug message from thread 618-09-2026 00:29:33 [38;5;015m[INFO]: [0mThis is a info message from thread 1318-09-2026 00:29:33 [38;5;009m[ERROR]: [0mThis is a error message from thread 2818-09-2026 00:29:33 [38;5;009m[ERROR]: [0mThis is a error message from thread 1818-09-2026 00:29:33 [38;5;015m[INFO]: [0mThis is a info message from thread 2118-09-2026 00:29:33 [38;5;009m[ERROR]: [0mThis is a error message from thread 2918-09-2026 00:29:33 [38;5;009m[ERROR]: [0mThis is a error message from thread 018-09-2026 00:29:33 [38;5;117m[DEBUG]: [0mThis is a debug message from thread 218-09-2026 00:29:33 [38;5;117m[DEBUG]: [0mThis is a debug message from thread 1018-09-2026 00:29:33 [38;5;015m[INFO]: [0mThis is a info message from thread 318-09-2026 00:29:33 [38;5;009m[ERROR]: [0mThis is a error message from thread 518-09-2026 00:29:33 [38;5;015m[INFO]: [0mThis is a info message from thread 2618-09-2026 00:29:33 [38;5;009m[ERROR]: [0mThis is a error message from thread 818-09-2026 00:29:33 [38;5;117m[DEBUG]: [0mThis is a debug message from thread 018-09-2026 00:29:33 [38;5;117m[DEBUG]: [0mThis is a debug message from thread 818-09-2026 00:29:33 [38;5;117m[DEBUG]: [0mThis is a debug message from thread 2818-09-2026 00:29:33 [38;5;015m[INFO]: [0mThis is a info message from thread 1018-09-2026 00:29:33 [38;5;015m[INFO]: [0mThis is a info message from thread 018-09-2026 00:29:33 [38;5;009m[ERROR]: [0mThis is a error message from thread 318-09-2026 00:29:33 [38;5;117m[DEBUG]: [0mThis is a debug message from thread 1218-09-2026 00:29:33 [38;5;117m[DEBUG]: [0mThis is a debug message from thread 718-09-2026 00:29:33 [38;5;117m[DEBUG]: [0mThis is a debug message from thread 1418-09-2026 00:29:33 [38;5;015m[INFO]: [0mThis is a info message from thread 1518-09-2026 00:29:33 [38;5;009m[ERROR]: [0mThis is a error message from thread 018-09-2026 00:29:33 [38;5;009m[ERROR]: [0mThis is a error message from thread 1018-09-2026 00:29:33 [38;5;117m[DEBUG]: [0mThis is a debug message from thread 1718-09-2026 00:29:33 [38;5;117m[DEBUG]: [0mThis is a debug message from thread 2918-09-2026 00:29:33 [38;5;015m[INFO]: [0mThis is a info message from thread 718-09-2026 00:29:33 [38;5;117m[DEBUG]: [0mThis is a debug message from thread 318-09-2026 00:29:33 [38;5;009m[ERROR]: [0mThis is a error message from thread 1518-09-2026 00:29:33 [38;5;015m[INFO]: [0mThis is a info message from thread 2318-09-2026 00:29:33 [38;5;015m[INFO]: [0mThis is a info message from thread 1418-09-2026 00:29:33 [38;5;117m[DEBUG]: [0mThis is a debug message from thread 518-09-2026 00:29:33 [38;5;117m[DEBUG]: [0mThis is a debug message from thread 1618-09-2026 00:29:33 [38;5;117m[DEBUG]: [0mThis is a debug message from thread 1018-09-2026 00:29:33 [38;5;015m[INFO]: [0mThis is a info message from thread 2918-09-2026 00:29:33 [38;5;009m[ERROR]: [0mThis is a error message from thread 2518-09-2026 00:29:33 [38;5;015m[INFO]: [0mThis is a info message from thread 2818-09-2026 00:29:33 [38;5;009m[ERROR]: [0mThis is a error message from thread 2318-09-2026 00:29:33 [38;5;117m[DEBUG]: [0mThis is a debug message from thread 118-09-2026 00:29:33 [38;5;009m[ERROR]: [0mThis is a error message from thread 1418-09-2026 00:29:33 [38;5;015m[INFO]: [0mThis is a info message from thread 1718-09-2026 00:29:33 [38;5;015m[INFO]: [0mThis is a info message from thread 1018-09-2026 00:29:33 [38;5;117m[DEBUG]: [0mThis is a debug message from thread 2718-09-2026 00:29:33 [38;5;015m[INFO]: [0mThis is a info message from thread 1918-09-2026 00:29:33 [38;5;015m[INFO]: [0mThis is a info message from thread 118-09-2026 00:29:33 [38;5;117m[DEBUG]: [0mThis is a debug message from thread 2318-09-2026 00:29:33 [38;5;009m[ERROR]: [0mThis is a error message from thread 118-09-2026 00:29:33 [38;5;009m[ERROR]: [0mThis is a error message from thread 2018-09-2026 00:29:33 [38;5;117m[DEBUG]: [0mThis is a debug message from thread 2018-09-2026 00:29:33 [38;5;117m[DEBUG]: [0mThis is a debug message from thread 2418-09-2026 00:29:33 [38;5;009m[ERROR]: [0mThis is a error message from thread 1318-09-2026 00:29:33 [38;5;117m[DEBUG]: [0mThis is a debug message from thread 118-09-2026 00:29:33 [38;5;117m[DEBUG]: [0mThis is a debug message from thread 1318-09-2026 00:29:33 [38;5;015m[INFO]: [0mThis is a info message from thread 2318-09-2026 00:29:33 [38;5;015m[INFO]: [0mThis is a info message from thread 2018-09-2026 00:29:33 [38;5;009m[ERROR]: [0mThis is a error message from thread 1018-09-2026 00:29:33 [38;5;015m[INFO]: [0mThis is a info message from thread 218-09-2026 00:29:33 [38;5;009m[ERROR]: [0mThis is a error message from thread 2918-09-2026 00:29:33 [38;5;015m[INFO]: [0mThis is a info message from thread 818-09-2026 00:29:33 [38;5;117m[DEBUG]: [0mThis is a debug message from thread 1018-09-2026 00:29:33 [38;5;015m[INFO]: [0mThis is a info message from thread 1318-09-2026 00:29:33 [38;5;009m[ERROR]: [0mThis is a error message from thread 418-09-2026 00:29:33 [38;5;009m[ERROR]: [0mThis is a error message from thread 1918-09-2026 00:29:33 [38;5;015m[INFO]: [0mThis is a info message from thread 618-09-2026 00:29:33 [38;5;009m[ERROR]: [0mThis is a error message from thread 2318-09-2026 00:29:33 [38;5;009m[ERROR]: [0mThis is a error message from thread 2018-09-2026 00:29:33 [38;5;015m[INFO]: [0mThis is a info message from thread 518-09-2026 00:29:33 [38;5;015m[INFO]: [0mThis is a info message from thread 1118-09-2026 00:29:33 [38;5;117m[DEBUG]: [0mThis is a debug message from thread 2318-09-2026 00:29:33 [38;5;015m[INFO]: [0mThis is a info message from thread 118-09-2026 00:29:33 [38;5;117m[DEBUG]: [0mThis is a debug message from thread 1918-09-2026 00:29:33 [38;5;009m[ERROR]: [0mThis is a error message from thread 118-09-2026 00:29:33 [38;5;015m[INFO]: [0mThis is a info message from thread 2718-09-2026 00:29:33 [38;5;009m[ERROR]: [0mThis is a error message from thread 2718-09-2026 00:29:33 [38;5;015m[INFO]: [0mThis is a info message from thread 2318-09-2026 00:29:33 [38;5;015m[INFO]: [0mThis is a info message from thread 1218-09-2026 00:29:33 [38;5;015m[INFO]: [0mThis is a info message from thread 2418-09-2026 00:29:33 [38;5;117m[DEBUG]: [0mThis is a debug message from thread 018-09-2026 00:29:33 [38;5;117m[DEBUG]: [0mThis is a debug message from thread 1518-09-2026 00:29:33 [38;5;015m[INFO]: [0mThis is a info message from thread 018-09-2026 00:29:33 [38;5;009m[ERROR]: [0mThis is a error message from thread 1318-09-2026 00:29:33 [38;5;009m[ERROR]: [0mThis is a error message from thread 2318-09-2026 00:29:33 [38;5;009m[ERROR]: [0mThis is a error message from thread 1218-09-2026 00:29:33 [38;5;009m[ERROR]: [0mThis is a error message from thread 818-09-2026 00:29:33 [38;5;117m[DEBUG]: [0mThis is a debug message from thread 118-09-2026 00:29:33 [38;5;015m[INFO]: [0mThis is a info message from thread 1918-09-2026 00:29:33 [38;5;015m[INFO]: [0mThis is a info message from thread 118-09-2026 00:29:33 [38;5;117m[DEBUG]: [0mThis is a debug message from thread 2318-09-2026 00:29:33 [38;5;015m[INFO]: [0mThis is a info message from thread 1518-09-2026 00:29:33 [38;5;009m[ERROR]: [0mThis is a error message from thread 1518-09-2026 00:29:33 [38;5;117m[DEBUG]: [0mThis is a debug message from thread 1218-09-2026 00:29:33 [38;5;015m[INFO]: [0mThis is a info message from thread 2318-09-2026 00:29:33 [38;5;015m[INFO]: [0mThis is a info message from thread 1218-09-2026 00:29:33 [38;5;009m[ERROR]: [0mThis is a error message from thread 2618-09-2026 00:29:33 [38;5;009m[ERROR]: [0mThis is a error message from thread 718-09-2026 00:29:33 [38;5;009m[ERROR]: [0mThis is a error message from thread 018-09-2026 00:29:33 [38;5;117m[DEBUG]: [0mThis is a debug message from thread 718-09-2026 00:29:33 [38;5;117m[DEBUG]: [0mThis is a debug message from thread 1318-09-2026 00:29:33 [38;5;117m[DEBUG]: [0mThis is a debug message from thread 1518-09-2026 00:29:33 [38;5;117m[DEBUG]: [0mThis is a debug message from thread 818-09-2026 00:29:33 [38;5;009m[ERROR]: [0mThis is a error message from thread 2318-09-2026 00:29:33 [38;5;015m[INFO]: [0mThis is a info message from thread 1518-09-2026 00:29:33 [38;5;009m[ERROR]: [0mThis is a error message from thread 1218-09-2026 00:29:33 [38;5;015m[INFO]: [0mThis is a info message from thread 318-09-2026 00:29:33 [38;5;009m[ERROR]: [0mThis is a error message from thread 318-09-2026 00:29:33 [38;5;117m[DEBUG]: [0mThis is a debug message from thread 2518-09-2026 00:29:33 [38;5;117m[DEBUG]: [0mThis is a debug message from thread 2618-09-2026 00:29:33 [38;5;117m[DEBUG]: [0mThis is a debug message from thread 2018-09-2026 00:29:33 [38;5;009m[ERROR]: [0mThis is a error message from thread 2818-09-2026 00:29:33 [38;5;009m[ERROR]: [0mThis is a error message from thread 1118-09-2026 00:29:33 [38;5;015m[INFO]: [0mThis is a info message from thread 718-09-2026 00:29:33 [38;5;117m[DEBUG]: [0mThis is a debug message from thread 318-09-2026 00:29:33 [38;5;117m[DEBUG]: [0mThis is a debug message from thread 1218-09-2026 00:29:33 [38;5;117m[DEBUG]: [0mThis is a debug message from thread 2318-09-2026 00:29:33 [38;5;015m[INFO]: [0mThis is a info message from thread 1018-09-2026 00:29:33 [38;5;117m[DEBUG]: [0mThis is a debug message from thread 418-09-2026 00:29:33 [38;5;015m[INFO]: [0mThis is a info message from thread 1618-09-2026 00:29:33 [38;5;009m[ERROR]: [0mThis is a error message from thread 2118-09-2026 00:29:33 [38;5;009m[ERROR]: [0mThis is a error message from thread 718-09-2026 00:29:33 [38;5;009m[ERROR]: [0mThis is a error message from thread 118-09-2026 00:29:33 [38;5;015m[INFO]: [0mThis is a info message from thread 918-09-2026 00:29:33 [38;5;009m[ERROR]: [0mThis is a error message from thread 2418-09-2026 00:29:33 [38;5;015m[INFO]: [0mThis is a info message from thread 2218-09-2026 00:29:33 [38;5;009m[ERROR]: [0mThis is a error message from thread 1618-09-2026 00:29:33 [38;5;009m[ERROR]: [0mThis is a error message from thread 918-09-2026 00:29:33 [38;5;117m[DEBUG]: [0mThis is a debug message from thread 718-09-2026 00:29:33 [38;5;009m[ERROR]: [0mThis is a error message from thread 1018-09-2026 00:29:33 [38;5;117m[DEBUG]: [0mThis is a debug message from thread 1618-09-2026 00:29:33 [38;5;015m[INFO]: [0mThis is a info message from thread 418-09-2026 00:29:33 [38;5;117m[DEBUG]: [0mThis is a debug message from thread 2118-09-2026 00:29:33 [38;5;117m[DEBUG]: [0mThis is a debug message from thread 1418-09-2026 00:29:33 [38;5;009m[ERROR]: [0mThis is a error message from thread 2218-09-2026 00:29:33 [38;5;015m[INFO]: [0mThis is a info message from thread 1418-09-2026 00:29:33 [38;5;009m[ERROR]: [0mThis is a error message from thread 1718-09-2026 00:29:33 [38;5;009m[ERROR]: [0mThis is a error message from thread 218-09-2026 00:29:33 [38;5;117m[DEBUG]: [0mThis is a debug message from thread 2818-09-2026 00:29:33 [38;5;117m[DEBUG]: [0mThis is a debug message from thread 2418-09-2026 00:29:33 [38;5;117m[DEBUG]: [0mThis is a debug message from thread 1818-09-2026 00:29:33 [38;5;015m[INFO]: [0mThis is a info message from thread 2618-09-2026 00:29:33 [38;5;009m[ERROR]: [0mThis is a error message from thread 1418-09-2026 00:29:33 [38;5;015m[INFO]: [0mThis is a info message from thread 2518-09-2026 00:29:33 [38;5;015m[INFO]: [0mThis is a info message from thread 1618-09-2026 00:29:33 [38;5;015m[INFO]: [0mThis is a info message from thread 2118-09-2026 00:29:33 [38;5;117m[DEBUG]: [0mThis is a debug message from thread 1018-09-2026 00:29:33 [38;5;009m[ERROR]: [0mThis is a error message from thread 418-09-2026 00:29:33 [38;5;015m[INFO]: [0mThis is a info message from thread 718-09-2026 00:29:33 [38;5;117m[DEBUG]: [0mThis is a debug message from thread 2918-09-2026 00:29:33 [38;5;009m[ERROR]: [0mThis is a error message from thread 2518-09-2026 00:29:33 [38;5;009m[ERROR]: [0mThis is a error message from thread 718-09-2026 00:29:33 [38;5;015m[INFO]: [0mThis is a info message from thread 1218-09-2026 00:29:33 [38;5;117m[DEBUG]: [0mThis is a debug message from thread 1118-09-2026 00:29:33 [38;5;015m[INFO]: [0mThis is a info message from thread 818-09-2026 00:29:33 [38;5;009m[ERROR]: [0mThis is a error message from thread 618-09-2026 00:29:33 [38;5;117m[DEBUG]: [0mThis is a debug message from thread 1418-09-2026 00:29:33 [38;5;015m[INFO]: [0mThis is a info message from thread 2318-09-2026 00:29:33 [38;5;015m[INFO]: [0mThis is a info message from thread 318-09-2026 00:29:33 [38;5;117m[DEBUG]: [0mThis is a debug message from thread 718-09-2026 00:29:33 [38;5;015m[INFO]: [0mThis is a info message from thread 2918-09-2026 00:29:33 [38;5;009m[ERROR]: [0mThis is a error message from thread 1218-09-2026 00:29:33 [38;5;009m[ERROR]: [0mThis is a error message from thread 818-09-2026 00:29:33 [38;5;009m[ERROR]: [0mThis is a error message from thread 1918-09-2026 00:29:33 [38;5;117m[DEBUG]: [0mThis is a debug message from thread 1918-09-2026 00:29:33 [38;5;015m[INFO]: [0mThis is a info message from thread 718-09-2026 00:29:33 [38;5;117m[DEBUG]: [0mThis is a debug message from thread 2518-09-2026 00:29:33 [38;5;015m[INFO]: [0mThis is a info message from thread 1418-09-2026 00:29:33 [38;5;015m[INFO]: [0mThis is a info message from thread 1118-09-2026 00:29:33 [38;5;117m[DEBUG]: [0mThis is a debug message from thread 2718-09-2026 00:29:33 [38;5;009m[ERROR]: [0mThis is a error message from thread 318-09-2026 00:29:33 [38;5;117m[DEBUG]: [0mThis is a debug message from thread 018-09-2026 00:29:33 [38;5;009m[ERROR]: [0mThis is a error message from thread 2618-09-2026 00:29:33 [38;5;009m[ERROR]: [0mThis is a error message from thread 2318-09-2026 00:29:33 [38;5;117m[DEBUG]: [0mThis is a debug message from thread 918-09-2026 00:29:33 [38;5;117m[DEBUG]: [0mThis is a debug message from thread 2218-09-2026 00:29:33 [38;5;009m[ERROR]: [0mThis is a error message from thread 1418-09-2026 00:29:33 [38;5;117m[DEBUG]: [0mThis is a debug message from thread 1718-09-2026 00:29:33 [38;5;015m[INFO]: [0mThis is a info message from thread 1818-09-2026 00:29:33 [38;5;015m[INFO]: [0mThis is a info message from thread 2418-09-2026 00:29:33 [38;5;009m[ERROR]: [0mThis is a error message from thread 518-09-2026 00:29:33 [38;5;117m[DEBUG]: [0mThis is a debug message from thread 218-09-2026 00:29:33 [38;5;015m[INFO]: [0mThis is a info message from thread 018-09-2026 00:29:33 [38;5;009m[ERROR]: [0mThis is a error message from thread 1618-09-2026 00:29:33 [38;5;117m[DEBUG]: [0mThis is a debug message from thread 2318-09-2026 00:29:33 [38;5;117m[DEBUG]: [0mThis is a debug message from thread 2618-09-2026 00:29:33 [38;5;015m[INFO]: [0mThis is a info message from thread 2218-09-2026 00:29:33 [38;5;015m[INFO]: [0mThis is a info message from thread 2018-09-2026 00:29:33 [38;5;117m[DEBUG]: [0mThis is a debug message from thread 618-09-2026 00:29:33 [38;5;009m[ERROR]: [0mThis is a error message from thread 1518-09-2026 00:29:33 [38;5;015m[INFO]: [0mThis is a info message from thread 1318-09-2026 00:29:33 [38;5;015m[INFO]: [0mThis is a info message from thread 2318-09-2026 00:29:33 [38;5;009m[ERROR]: [0mThis is a error message from thread 2318-09-2026 00:29:33 [38;5;009m[ERROR]: [0mThis is a error message from thread 2418-09-2026 00:29:33 [38;5;009m[ERROR]: [0mThis is a error message from thread 018-09-2026 00:29:33 [38;5;015m[INFO]: [0mThis is a info message from thread 1918-09-2026 00:29:33 [38;5;009m[ERROR]: [0mThis is a error message from thread 1318-09-2026 00:29:33 [38;5;015m[INFO]: [0mThis is a info message from thread 2518-09-2026 00:29:33 [38;5;117m[DEBUG]: [0mThis is a debug message from thread 1618-09-2026 00:29:33 [38;5;015m[INFO]: [0mThis is a info message from thread 2818-09-2026 00:29:33 [38;5;117m[DEBUG]: [0mThis is a debug message from thread 818-09-2026 00:29:33 [38;5;015m[INFO]: [0mThis is a info message from thread 2618-09-2026 00:29:33 [38;5;009m[ERROR]: [0mThis is a error message from thread 1118-09-2026 00:29:33 [38;5;117m[DEBUG]: [0mThis is a debug message from thread 1318-09-2026 00:29:33 [38;5;009m[ERROR]: [0mThis is a error message from thread 2018-09-2026 00:29:33 [38;5;117m[DEBUG]: [0mThis is a debug message from thread 2018-09-2026 00:29:33 [38;5;015m[INFO]: [0mThis is a info message from thread 1618-09-2026 00:29:33 [38;5;009m[ERROR]: [0mThis is a error message from thread 2818-09-2026 00:29:33 [38;5;117m[DEBUG]: [0mThis is a debug message from thread 318-09-2026 00:29:33 [38;5;117m[DEBUG]: [0mThis is a debug message from thread 418-09-2026 00:29:33 [38;5;015m[INFO]: [0mThis is a info message from thread 1018-09-2026 00:29:33 [38;5;015m[INFO]: [0mThis is a info message from thread 318-09-2026 00:29:33 [38;5;117m[DEBUG]: [0mThis is a debug message from thread 518-09-2026 00:29:33 [38;5;015m[INFO]: [0mThis is a info message from thread 518-09-2026 00:29:33 [38;5;009m[ERROR]: [0mThis is a error message from thread 518-09-2026 00:29:33 [38;5;117m[DEBUG]: [0mThis is a debug message from thread 518-09-2026 00:29:33 [38;5;117m[DEBUG]: [0mThis is a debug message from thread 2318-09-2026 00:29:33 [38;5;009m[ERROR]: [0mThis is a error message from thread 1618-09-2026 00:29:33 [38;5;015m[INFO]: [0mThis is a info message from thread 2318-09-2026 00:29:33 [38;5;117m[DEBUG]: [0mThis is a debug message from thread 1618-09-2026 00:29:33 [38;5;015m[INFO]: [0mThis is a info message from thread 1618-09-2026 00:29:33 [38;5;009m[ERROR]: [0mThis is a error message from thread 2318-09-2026 00:29:33 [38;5;009m[ERROR]: [0mThis is a error message from thread 718-09-2026 00:29:33 [38;5;117m[DEBUG]: [0mThis is a debug message from thread 118-09-2026 00:29:33 [38;5;015m[INFO]: [0mThis is a info message from thread 1318-09-2026 00:29:33 [38;5;015m[INFO]: [0mThis is a info message from thread 2718-09-2026 00:29:33 [38;5;117m[DEBUG]: [0mThis is a debug message from thread 018-09-2026 00:29:33 [38;5;009m[ERROR]: [0mThis is a error message from thread 1818-09-2026 00:29:33 [38;5;009m[ERROR]: [0mThis is a error message from thread 2518-09-2026 00:29:33 [38;5;015m[INFO]: [0mThis is a info message from thread 418-09-2026 00:29:33 [38;5;117m[DEBUG]: [0mThis is a debug message from thread 718-09-2026 00:29:33 [38;5;117m[DEBUG]: [0mThis is a debug message from thread 2418-09-2026 00:29:33 [38;5;009m[ERROR]: [0mThis is a error message from thread 318-09-2026 00:29:33 [38;5;117m[DEBUG]: [0mThis is a debug message from thread 1218-09-2026 00:29:33 [38;5;009m[ERROR]: [0mThis is a error message from thread 1318-09-2026 00:29:33 [38;5;015m[INFO]: [0mThis is a info message from thread 918-09-2026 00:29:33 [38;5;009m[ERROR]: [0mThis is a error message from thread 2718-09-2026 00:29:33 [38;5;117m[DEBUG]: [0mThis is a debug message from thread 1518-09-2026 00:29:33 [38;5;009m[ERROR]: [0mThis is a error message from thread 1018-09-2026 00:29:33 [38;5;015m[INFO]: [0mThis is a info message from thread 518-09-2026 00:29:33 [38;5;117m[DEBUG]: [0mThis is a debug message from thread 2818-09-2026 00:29:33 [38;5;015m[INFO]: [0mThis is a info message from thread 118-09-2026 00:29:33 [38;5;015m[INFO]: [0mThis is a info message from thread 218-09-2026 00:29:33 [38;5;117m[DEBUG]: [0mThis is a debug message from thread 2718-09-2026 00:29:33 [38;5;015m[INFO]: [0mThis is a info message from thread 2418-09-2026 00:29:33 [38;5;117m[DEBUG]: [0mThis is a debug message from thread 1418-09-2026 00:29:33 [38;5;117m[DEBUG]: [0mThis is a debug message from thread 1318-09-2026 00:29:33 [38;5;015m[INFO]: [0mThis is a info message from thread 1218-09-2026 00:29:33 [38;5;009m[ERROR]: [0mThis is a error message from thread 418-09-2026 00:29:33 [38;5;009m[ERROR]: [0mThis is a error message from thread 2118-09-2026 00:29:33 [38;5;015m[INFO]: [0mThis is a info message from thread 2718-09-2026 00:29:33 [38;5;009m[ERROR]: [0mThis is a error message from thread 1218-09-2026 00:29:33 [38;5;117m[DEBUG]: [0mThis is a debug message from thread 1118-09-2026 00:29:33 [38;5;015m[INFO]: [0mThis is a info message from thread 2018-09-2026 00:29:33 [38;5;015m[INFO]: [0mThis is a info message from thread 018-09-2026 00:29:33 [38;5;009m[ERROR]: [0mThis is a error message from thread 518-09-2026 00:29:33 [38;5;009m[ERROR]: [0mThis is a error message from thread 018-09-2026 00:29:33 [38;5;117m[DEBUG]: [0mThis is a debug message from thread 1218-09-2026 00:29:33 [38;5;117m[DEBUG]: [0mThis is a debug message from thread 018-09-2026 00:29:33 [38;5;015m[INFO]: [0mThis is a info message from thread 1218-09-2026 00:29:33 [38;5;015m[INFO]: [0mThis is a info message from thread 1118-09-2026 00:29:33 [38;5;009m[ERROR]: [0mThis is a error message from thread 1218-09-2026 00:29:33 [38;5;009m[ERROR]: [0mThis is a error message from thread 2218-09-2026 00:29:33 [38;5;117m[DEBUG]: [0mThis is a debug message from thread 1018-09-2026 00:29:33 [38;5;009m[ERROR]: [0mThis is a error message from thread 1118-09-2026 00:29:33 [38;5;009m[ERROR]: [0mThis is a error message from thread 218-09-2026 00:29:33 [38;5;015m[INFO]: [0mThis is a info message from thread 1318-09-2026 00:29:33 [38;5;015m[INFO]: [0mThis is a info message from thread 618-09-2026 00:29:33 [38;5;009m[ERROR]: [0mThis is a error message from thread 2618-09-2026 00:29:33 [38;5;015m[INFO]: [0mThis is a info message from thread 1518-09-2026 00:29:33 [38;5;117m[DEBUG]: [0mThis is a debug message from thread 2118-09-2026 00:29:33 [38;5;117m[DEBUG]: [0mThis is a debug message from thread 518-09-2026 00:29:33 [38;5;009m[ERROR]: [0mThis is a error message from thread 2918-09-2026 00:29:33 [38;5;117m[DEBUG]: [0mThis is a debug message from thread 2618-09-2026 00:29:33 [38;5;117m[DEBUG]: [0mThis is a debug message from thread 1818-09-2026 00:29:33 [38;5;117m[DEBUG]: [0mThis is a debug message from thread 418-09-2026 00:29:33 [38;5;015m[INFO]: [0mThis is a info message from thread 018-09-2026 00:29:33 [38;5;015m[INFO]: [0mThis is a info message from thread 2818-09-2026 00:29:33 [38;5;009m[ERROR]: [0mThis is a error message from thread 1618-09-2026 00:29:33 [38;5;117m[DEBUG]: [0mThis is a debug message from thread 2518-09-2026 00:29:33 [38;5;009m[ERROR]: [0mThis is a error message from thread 2418-09-2026 00:29:33 [38;5;117m[DEBUG]: [0mThis is a debug message from thread 2218-09-2026 00:29:33 [38;5;015m[INFO]: [0mThis is a info message from thread 1018-09-2026 00:29:33 [38;5;015m[INFO]: [0mThis is a info message from thread 518-09-2026 00:29:33 [38;5;117m[DEBUG]: [0mThis is a debug message from thread 1218-09-2026 00:29:33 [38;5;015m[INFO]: [0mThis is a info message from thread 2518-09-2026 00:29:33 [38;5;009m[ERROR]: [0mThis is a error message from thread 1518-09-2026 00:29:33 [38;5;015m[INFO]: [0mThis is a info message from thread 818-09-2026 00:29:33 [38;5;117m[DEBUG]: [0mThis is a debug message from thread 2418-09-2026 00:29:33 [38;5;015m[INFO]: [0mThis is a info message from thread 1418-09-2026 00:29:33 [38;5;009m[ERROR]: [0mThis is a error message from thread 2018-09-2026 00:29:33 [38;5;117m[DEBUG]: [0mThis is a debug message from thread 1618-09-2026 00:29:33 [38;5;009m[ERROR]: [0mThis is a error message from thread 518-09-2026 00:29:33 [38;5;015m[INFO]: [0mThis is a info message from thread 718-09-2026 00:29:33 [38;5;009m[ERROR]: [0mThis is a error message from thread 818-09-2026 00:29:33 [38;5;009m[ERROR]: [0mThis is a error message from thread 718-09-2026 00:29:33 [38;5;009m[ERROR]: [0mThis is a error message from thread 1018-09-2026 00:29:33 [38;5;009m[ERROR]: [0mThis is a error message from thread 1918-09-2026 00:29:33 [38;5;117m[DEBUG]: [0mThis is a debug message from thread 818-09-2026 00:29:33 [38;5;117m[DEBUG]: [0mThis is a debug message from thread 718-09-2026 00:29:33 [38;5;117m[DEBUG]: [0mThis is a debug message from thread 518-09-2026 00:29:33 [38;5;015m[INFO]: [0mThis is a info message from thread 2418-09-2026 00:29:33 [38;5;117m[DEBUG]: [0mThis is a debug message from thread 1918-09-2026 00:29:33 [38;5;009m[ERROR]: [0mThis is a error message from thread 618-09-2026 00:29:33 [38;5;117m[DEBUG]: [0mThis is a debug message from thread 218-09-2026 00:29:33 [38;5;009m[ERROR]: [0mThis is a error message from thread 1318-09-2026 00:29:33 [38;5;117m[DEBUG]: [0mThis is a debug message from thread 2318-09-2026 00:29:33 [38;5;015m[INFO]: [0mThis is a info message from thread 2218-09-2026 00:29:33 [38;5;009m[ERROR]: [0mThis is a error message from thread 2818-09-2026 00:29:33 [38;5;117m[DEBUG]: [0mThis is a debug message from thread 1018-09-2026 00:29:33 [38;5;117m[DEBUG]: [0mThis is a debug message from thread 2918-09-2026 00:29:33 [38;5;015m[INFO]: [0mThis is a info message from thread 2618-09-2026 00:29:33 [38;5;015m[INFO]: [0mThis is a info message from thread 1218-09-2026 00:29:33 [38;5;015m[INFO]: [0mThis is a info message from thread 818-09-2026 00:29:33 [38;5;117m[DEBUG]: [0mThis is a debug message from thread 1318-09-2026 00:29:33 [38;5;009m[ERROR]: [0mThis is a error message from thread 2518-09-2026 00:29:33 [38;5;009m[ERROR]: [0mThis is a error message from thread 2618-09-2026 00:29:33 [38;5;009m[ERROR]: [0mThis is a error message from thread 2718-09-2026 00:29:33 [38;5;015m[INFO]: [0mThis is a info message from thread 218-09-2026 00:29:33 [38;5;009m[ERROR]: [0mThis is a error message from thread 818-09-2026 00:29:33 [38;5;117m[DEBUG]: [0mThis is a debug message from thread 318-09-2026 00:29:33 [38;5;015m[INFO]: [0mThis is a info message from thread 718-09-2026 00:29:33 [38;5;117m[DEBUG]: [0mThis is a debug message from thread 618-09-2026 00:29:33 [38;5;117m[DEBUG]: [0mThis is a debug message from thread 2818-09-2026 00:29:33 [38;5;117m[DEBUG]: [0mThis is a debug message from thread 2718-09-2026 00:29:33 [38;5;117m[DEBUG]: [0mThis is a debug message from thread 818-09-2026 00:29:33 [38;5;009m[ERROR]: [0mThis is a error message from thread 118-09-2026 00:29:33 [38;5;009m[ERROR]: [0mThis is a error message from thread 718-09-2026 00:29:33 [38;5;009m[ERROR]: [0mThis is a error message from thread 918-09-2026 00:29:33 [38;5;015m[INFO]: [0mThis is a info message from thread 618-09-2026 00:29:33 [38;5;015m[INFO]: [0mThis is a info message from thread 2118-09-2026 00:29:33 [38;5;009m[ERROR]: [0mThis is a error message from thread 1418-09-2026 00:29:33 [38;5;015m[INFO]: [0mThis is a info message from thread 318-09-2026 00:29:33 [38;5;009m[ERROR]: [0mThis is a error message from thread 1218-09-2026 00:29:33 [38;5;009m[ERROR]: [0mThis is a error message from thread 318-09-2026 00:29:33 [38;5;117m[DEBUG]: [0mThis is a debug message from thread 1218-09-2026 00:29:33 [38;5;015m[INFO]: [0mThis is a info message from thread 2718-09-2026 00:29:33 [38;5;117m[DEBUG]: [0mThis is a debug message from thread 918-09-2026 00:29:33 [38;5;117m[DEBUG]: [0mThis is a debug message from thread 318-09-2026 00:29:33 [38;5;015m[INFO]: [0mThis is a info message from thread 1918-09-2026 00:29:33 [38;5;009m[ERROR]: [0mThis is a error message from thread 2118-09-2026 00:29:33 [38;5;009m[ERROR]: [0mThis is a error message from thread 2218-09-2026 00:29:33 [38;5;117m[DEBUG]: [0mThis is a debug message from thread 2118-09-2026 00:29:33 [38;5;009m[ERROR]: [0mThis is a error message from thread 2718-09-2026 00:29:33 [38;5;015m[INFO]: [0mThis is a info message from thread 1618-09-2026 00:29:33 [38;5;117m[DEBUG]: [0mThis is a debug message from thread 2618-09-2026 00:29:33 [38;5;015m[INFO]: [0mThis is a info message from thread 2918-09-2026 00:29:33 [38;5;117m[DEBUG]: [0mThis is a debug message from thread 2018-09-2026 00:29:33 [38;5;009m[ERROR]: [0mThis is a error message from thread 1918-09-2026 00:29:33 [38;5;015m[INFO]: [0mThis is a info message from thread 1218-09-2026 00:29:33 [38;5;009m[ERROR]: [0mThis is a error message from thread 2918-09-2026 00:29:33 [38;5;117m[DEBUG]: [0mThis is a debug message from thread 2718-09-2026 00:29:33 [38;5;015m[INFO]: [0mThis is a info message from thread 2618-09-2026 00:29:33 [38;5;015m[INFO]: [0mThis is a info message from thread 818-09-2026 00:29:33 [38;5;015m[INFO]: [0mThis is a info message from thread 418-09-2026 00:29:33 [38;5;015m[INFO]: [0mThis is a info message from thread 2018-09-2026 00:29:33 [38;5;009m[ERROR]: [0mThis is a error message from thread 818-09-2026 00:29:33 [38;5;015m[INFO]: [0mThis is a info message from thread 1818-09-2026 00:29:33 [38;5;015m[INFO]: [0mThis is a info message from thread 318-09-2026 00:29:33 [38;5;015m[INFO]: [0mThis is a info message from thread 518-09-2026 00:29:33 [38;5;009m[ERROR]: [0mThis is a error message from thread 1218-09-2026 00:29:33 [38;5;009m[ERROR]: [0mThis is a error message from thread 518-09-2026 00:29:33 [38;5;015m[INFO]: [0mThis is a info message from thread 1718-09-2026 00:29:33 [38;5;009m[ERROR]: [0mThis is a error message from thread 2618-09-2026 00:29:33 [38;5;009m[ERROR]: [0mThis is a error message from thread 2018-09-2026 00:29:33 [38;5;009m[ERROR]: [0mThis is a error message from thread 618-09-2026 00:29:33 [38;5;117m[DEBUG]: [0mThis is a debug message from thread 118-09-2026 00:29:33 [38;5;117m[DEBUG]: [0mThis is a debug message from thread 718-09-2026 00:29:33 [38;5;117m[DEBUG]: [0mThis is a debug message from thread 518-09-2026 00:29:33 [38;5;015m[INFO]: [0mThis is a info message from thread 118-09-2026 00:29:33 [38;5;009m[ERROR]: [0mThis is a error message from thread 318-09-2026 00:29:33 [38;5;009m[ERROR]: [0mThis is a error message from thread 118-09-2026 00:29:33 [38;5;015m[INFO]: [0mThis is a info message from thread 2818-09-2026 00:29:33 [38;5;009m[ERROR]: [0mThis is a error message from thread 1618-09-2026 00:29:33 [38;5;117m[DEBUG]: [0mThis is a debug message from thread 1418-09-2026 00:29:33 [38;5;015m[INFO]: [0mThis is a info message from thread 1318-09-2026 00:29:33 [38;5;117m[DEBUG]: [0mThis is a debug message from thread 818-09-2026 00:29:33 [38;5;117m[DEBUG]: [0mThis is a debug message from thread 1118-09-2026 00:29:33 [38;5;117m[DEBUG]: [0mThis is a debug message from thread 2918-09-2026 00:29:33 [38;5;009m[ERROR]: [0mThis is a error message from thread 1318-09-2026 00:29:33 [38;5;117m[DEBUG]: [0mThis is a debug message from thread 2518-09-2026 00:29:33 [38;5;009m[ERROR]: [0mThis is a error message from thread 218-09-2026 00:29:33 [38;5;117m[DEBUG]: [0mThis is a debug message from thread 1218-09-2026 00:29:33 [38;5;009m[ERROR]: [0mThis is a error message from thread 018-09-2026 00:29:33 [38;5;117m[DEBUG]: [0mThis is a debug message from thread 2018-09-2026 00:29:33 [38;5;015m[INFO]: [0mThis is a info message from thread 718-09-2026 00:29:33 [38;5;117m[DEBUG]: [0mThis is a debug message from thread 1618-09-2026 00:29:33 [38;5;015m[INFO]: [0mThis is a info message from thread 1418-09-2026 00:29:33 [38;5;009m[ERROR]: [0mThis is a error message from thread 2818-09-2026 00:29:33 [38;5;015m[INFO]: [0mThis is a info message from thread 918-09-2026 00:29:33 [38;5;117m[DEBUG]: [0mThis is a debug message from thread 1518-09-2026 00:29:33 [38;5;117m[DEBUG]: [0mThis is a debug message from thread 1918-09-2026 00:29:33 [38;5;117m[DEBUG]: [0mThis is a debug message from thread 218-09-2026 00:29:33 [38;5;015m[INFO]: [0mThis is a info message from thread 1218-09-2026 00:29:33 [38;5;117m[DEBUG]: [0mThis is a debug message from thread 2818-09-2026 00:29:33 [38;5;009m[ERROR]: [0mThis is a error message from thread 918-09-2026 00:29:33 [38;5;015m[INFO]: [0mThis is a info message from thread 1618-09-2026 00:29:33 [38;5;015m[INFO]: [0mThis is a info message from thread 1918-09-2026 00:29:33 [38;5;117m[DEBUG]: [0mThis is a debug message from thread 918-09-2026 00:29:33 [38;5;117m[DEBUG]: [0mThis is a debug message from thread 018-09-2026 00:29:33 [38;5;015m[INFO]: [0mThis is a info message from thread 018-09-2026 00:29:33 [38;5;009m[ERROR]: [0mThis is a error message from thread 1618-09-2026 00:29:33 [38;5;015m[INFO]: [0mThis is a info message from thread 2918-09-2026 00:29:33 [38;5;009m[ERROR]: [0mThis is a error message from thread 018-09-2026 00:29:33 [38;5;009m[ERROR]: [0mThis is a error message from thread 2918-09-2026 00:29:33 [38;5;117m[DEBUG]: [0mThis is a debug message from thread 1618-09-2026 00:29:33 [38;5;015m[INFO]: [0mThis is a info message from thread 518-09-2026 00:29:33 [38;5;009m[ERROR]: [0mThis is a error message from thread 718-09-2026 00:29:33 [38;5;117m[DEBUG]: [0mThis is a debug message from thread 1318-09-2026 00:29:33 [38;5;117m[DEBUG]: [0mThis is a debug message from thread 718-09-2026 00:29:33 [38;5;117m[DEBUG]: [0mThis is a debug message from thread 618-09-2026 00:29:33 [38;5;015m[INFO]: [0mThis is a info message from thread 1318-09-2026 00:29:33 [38;5;117m[DEBUG]: [0mThis is a debug message from thread 318-09-2026 00:29:33 [38;5;015m[INFO]: [0mThis is a info message from thread 2518-09-2026 00:29:33 [38;5;009m[ERROR]: [0mThis is a error message from thread 1318-09-2026 00:29:33 [38;5;015m[INFO]: [0mThis is a info message from thread 318-09-2026 00:29:33 [38;5;009m[ERROR]: [0mThis is a error message from thread 2518-09-2026 00:29:33 [38;5;117m[DEBUG]: [0mThis is a debug message from thread 1318-09-2026 00:29:33 [38;5;009m[ERROR]: [0mThis is a error message from thread 318-09-2026 00:29:33 [38;5;015m[INFO]: [0mThis is a info message from thread 1318-09-2026 00:29:33 [38;5;009m[ERROR]: [0mThis is a error message from thread 1218-09-2026 00:29:33 [38;5;117m[DEBUG]: [0mThis is a debug message from thread 2518-09-2026 00:29:33 [38;5;117m[DEBUG]: [0mThis is a debug message from thread 118-09-2026 00:29:33 [38;5;015m[INFO]: [0mThis is a info message from thread 718-09-2026 00:29:33 [38;5;015m[INFO]: [0mThis is a info message from thread 118-09-2026 00:29:33 [38;5;015m[INFO]: [0mThis is a info message from thread 918-09-2026 00:29:33 [38;5;117m[DEBUG]: [0mThis is a debug message from thread 1218-09-2026 00:29:33 [38;5;009m[ERROR]: [0mThis is a error message from thread 1818-09-2026 00:29:33 [38;5;009m[ERROR]: [0mThis is a error message from thread 918-09-2026 00:29:33 [38;5;015m[INFO]: [0mThis is a info message from thread 818-09-2026 00:29:33 [38;5;009m[ERROR]: [0mThis is a error message from thread 718-09-2026 00:29:33 [38;5;117m[DEBUG]: [0mThis is a debug message from thread 918-09-2026 00:29:33 [38;5;117m[DEBUG]: [0mThis is a debug message from thread 1818-09-2026 00:29:33 [38;5;015m[INFO]: [0mThis is a info message from thread 1218-09-2026 00:29:33 [38;5;009m[ERROR]: [0mThis is a error message from thread 1418-09-2026 00:29:33 [38;5;117m[DEBUG]: [0mThis is a debug message from thread 2618-09-2026 00:29:33 [38;5;015m[INFO]: [0mThis is a info message from thread 1818-09-2026 00:29:33 [38;5;117m[DEBUG]: [0mThis is a debug message from thread 1418-09-2026 00:29:33 [38;5;015m[INFO]: [0mThis is a info message from thread 1418-09-2026 00:29:33 [38;5;009m[ERROR]: [0mThis is a error message from thread 1818-09-2026 00:29:33 [38;5;009m[ERROR]: [0mThis is a error message from thread 1418-09-2026 00:29:33 [38;5;117m[DEBUG]: [0mThis is a debug message from thread 018-09-2026 00:29:33 [38;5;015m[INFO]: [0mThis is a info message from thread 2718-09-2026 00:29:33 [38;5;117m[DEBUG]: [0mThis is a debug message from thread 2918-09-2026 00:29:33 [38;5;117m[DEBUG]: [0mThis is a debug message from thread 1818-09-2026 00:29:33 [38;5;009m[ERROR]: [0mThis is a error message from thread 2718-09-2026 00:29:33 [38;5;117m[DEBUG]: [0mThis is a debug message from thread 718-09-2026 00:29:33 [38;5;015m[INFO]: [0mThis is a info message from thread 2618-09-2026 00:29:33 [38;5;015m[INFO]: [0mThis is a info message from thread 018-09-2026 00:29:33 [38;5;015m[INFO]: [0mThis is a info message from thread 2918-09-2026 00:29:33 [38;5;015m[INFO]: [0mThis is a info message from thread 2018-09-2026 00:29:33 [38;5;015m[INFO]: [0mThis is a info message from thread 1118-09-2026 00:29:33 [38;5;015m[INFO]: [0mThis is a info message from thread 2818-09-2026 00:29:33 [38;5;015m[INFO]: [0mThis is a info message from thread 718-09-2026 00:29:33 [38;5;009m[ERROR]: [0mThis is a error message from thread 2618-09-2026 00:29:33 [38;5;009m[ERROR]: [0mThis is a error message from thread 1718-09-2026 00:29:33 [38;5;009m[ERROR]: [0mThis is a error message from thread 018-09-2026 00:29:33 [38;5;015m[INFO]: [0mThis is a info message from thread 1018-09-2026 00:29:33 [38;5;015m[INFO]: [0mThis is a info message from thread 1518-09-2026 00:29:33 [38;5;015m[INFO]: [0mThis is a info message from thread 618-09-2026 00:29:33 [38;5;015m[INFO]: [0mThis is a info message from thread 1618-09-2026 00:29:33 [38;5;015m[INFO]: [0mThis is a info message from thread 2318-09-2026 00:29:33 [38;5;015m[INFO]: [0mThis is a info message from thread 2518-09-2026 00:29:33 [38;5;117m[DEBUG]: [0mThis is a debug message from thread 018-09-2026 00:29:33 [38;5;117m[DEBUG]: [0mThis is a debug message from thread 1718-09-2026 00:29:33 [38;5;009m[ERROR]: [0mThis is a error message from thread 118-09-2026 00:29:33 [38;5;009m[ERROR]: [0mThis is a error message from thread 618-09-2026 00:29:33 [38;5;009m[ERROR]: [0mThis is a error message from thread 2518-09-2026 00:29:33 [38;5;009m[ERROR]: [0mThis is a error message from thread 1218-09-2026 00:29:33 [38;5;009m[ERROR]: [0mThis is a error message from thread 1018-09-2026 00:29:33 [38;5;015m[INFO]: [0mThis is a info message from thread 918-09-2026 00:29:33 [38;5;117m[DEBUG]: [0mThis is a debug message from thread 1218-09-2026 00:29:33 [38;5;117m[DEBUG]: [0mThis is a debug message from thread 2218-09-2026 00:29:33 [38;5;117m[DEBUG]: [0mThis is a debug message from thread 2518-09-2026 00:29:33 [38;5;009m[ERROR]: [0mThis is a error message from thread 2918-09-2026 00:29:33 [38;5;015m[INFO]: [0mThis is a info message from thread 1218-09-2026 00:29:33 [38;5;015m[INFO]: [0mThis is a info message from thread 018-09-2026 00:29:33 [38;5;117m[DEBUG]: [0mThis is a debug message from thread 118-09-2026 00:29:33 [38;5;009m[ERROR]: [0mThis is a error message from thread 518-09-2026 00:29:33 [38;5;009m[ERROR]: [0mThis is a error message from thread 2418-09-2026 00:29:33 [38;5;009m[ERROR]: [0mThis is a error message from thread 2818-09-2026 00:29:33 [38;5;117m[DEBUG]: [0mThis is a debug message from thread 1418-09-2026 00:29:33 [38;5;009m[ERROR]: [0mThis is a error message from thread 1318-09-2026 00:29:33 [38;5;117m[DEBUG]: [0mThis is a debug message from thread 318-09-2026 00:29:33 [38;5;009m[ERROR]: [0mThis is a error message from thread 1218-09-2026 00:29:33 [38;5;117m[DEBUG]: [0mThis is a debug message from thread 2618-09-2026 00:29:33 [38;5;015m[INFO]: [0mThis is a info message from thread 218-09-2026 00:29:33 [38;5;009m[ERROR]: [0mThis is a error message from thread 1618-09-2026 00:29:33 [38;5;009m[ERROR]: [0mThis is a error message from thread 218-09-2026 00:29:33 [38;5;009m[ERROR]: [0mThis is a error message from thread 918-09-2026 00:29:33 [38;5;117m[DEBUG]: [0mThis is a debug message from thread 1218-09-2026 00:29:33 [38;5;117m[DEBUG]: [0mThis is a debug message from thread 618-09-2026 00:29:33 [38;5;117m[DEBUG]: [0mThis is a debug message from thread 2918-09-2026 00:29:33 [38;5;117m[DEBUG]: [0mThis is a debug message from thread 518-09-2026 00:29:33 [38;5;015m[INFO]: [0mThis is a info message from thread 2618-09-2026 00:29:33 [38;5;015m[INFO]: [0mThis is a info message from thread 318-09-2026 00:29:33 [38;5;117m[DEBUG]: [0mThis is a debug message from thread 218-09-2026 00:29:33 [38;5;015m[INFO]: [0mThis is a info message from thread 518-09-2026 00:29:33 [38;5;009m[ERROR]: [0mThis is a error message from thread 418-09-2026 00:29:33 [38;5;009m[ERROR]: [0mThis is a error message from thread 2618-09-2026 00:29:33 [38;5;009m[ERROR]: [0mThis is a error message from thread 018-09-2026 00:29:33 [38;5;117m[DEBUG]: [0mThis is a debug message from thread 1018-09-2026 00:29:33 [38;5;009m[ERROR]: [0mThis is a error message from thread 1118-09-2026 00:29:33 [38;5;009m[ERROR]: [0mThis is a error message from thread 318-09-2026 00:29:33 [38;5;009m[ERROR]: [0mThis is a error message from thread 518-09-2026 00:29:33 [38;5;117m[DEBUG]: [0mThis is a debug message from thread 018-09-2026 00:29:33 [38;5;015m[INFO]: [0mThis is a info message from thread 2918-09-2026 00:29:33 [38;5;015m[INFO]: [0mThis is a info message from thread 018-09-2026 00:29:33 [38;5;009m[ERROR]: [0mThis is a error message from thread 1918-09-2026 00:29:33 [38;5;009m[ERROR]: [0mThis is a error message from thread 718-09-2026 00:29:33 [38;5;015m[INFO]: [0mThis is a info message from thread 1718-09-2026 00:29:33 [38;5;117m[DEBUG]: [0mThis is a debug message from thread 518-09-2026 00:29:33 [38;5;009m[ERROR]: [0mThis is a error message from thread 2318-09-2026 00:29:33 [38;5;117m[DEBUG]: [0mThis is a debug message from thread 318-09-2026 00:29:33 [38;5;015m[INFO]: [0mThis is a info message from thread 1018-09-2026 00:29:33 [38;5;015m[INFO]: [0mThis is a info message from thread 218-09-2026 00:29:33 [38;5;009m[ERROR]: [0mThis is a error message from thread 1518-09-2026 00:29:33 [38;5;009m[ERROR]: [0mThis is a error message from thread 2018-09-2026 00:29:33 [38;5;009m[ERROR]: [0mThis is a error message from thread 818-09-2026 00:29:33 [38;5;117m[DEBUG]: [0mThis is a debug message from thread 1618-09-2026 00:29:33 [38;5;009m[ERROR]: [0mThis is a error message from thread 1018-09-2026 00:29:33 [38;5;015m[INFO]: [0mThis is a info message from thread 618-09-2026 00:29:33 [38;5;009m[ERROR]: [0mThis is a error message from thread 018-09-2026 00:29:33 [38;5;117m[DEBUG]: [0mThis is a debug message from thread 2718-09-2026 00:29:33 [38;5;117m[DEBUG]: [0mThis is a debug message from thread 1318-09-2026 00:29:33 [38;5;117m[DEBUG]: [0mThis is a debug message from thread 2018-09-2026 00:29:33 [38;5;117m[DEBUG]: [0mThis is a debug message from thread 818-09-2026 00:29:33 [38;5;015m[INFO]: [0mThis is a info message from thread 1418-09-2026 00:29:33 [38;5;015m[INFO]: [0mThis is a info message from thread 1818-09-2026 00:29:33 [38;5;117m[DEBUG]: [0mThis is a debug message from thread 418-09-2026 00:29:33 [38;5;117m[DEBUG]: [0mThis is a debug message from thread 1118-09-2026 00:29:33 [38;5;015m[INFO]: [0mThis is a info message from thread 2718-09-2026 00:29:33 [38;5;015m[INFO]: [0mThis is a info message from thread 1218-09-2026 00:29:33 [38;5;015m[INFO]: [0mThis is a info message from thread 2018-09-2026 00:29:33 [38;5;009m[ERROR]: [0mThis is a error message from thread 1718-09-2026 00:29:33 [38;5;015m[INFO]: [0mThis is a info message from thread 518-09-2026 00:29:33 [38;5;117m[DEBUG]: [0mThis is a debug message from thread 2418-09-2026 00:29:33 [38;5;015m[INFO]: [0mThis is a info message from thread 2518-09-2026 00:29:33 [38;5;009m[ERROR]: [0mThis is a error message from thread 1818-09-2026 00:29:33 [38;5;117m[DEBUG]: [0mThis is a debug message from thread 2318-09-2026 00:29:33 [38;5;009m[ERROR]: [0mThis is a error message from thread 2018-09-2026 00:29:33 [38;5;015m[INFO]: [0mThis is a info message from thread 1118-09-2026 00:29:33 [38;5;015m[INFO]: [0mThis is a info message from thread 318-09-2026 00:29:33 [38;5;009m[ERROR]: [0mThis is a error message from thread 2718-09-2026 00:29:33 [38;5;117m[DEBUG]: [0mThis is a debug message from thread 2618-09-2026 00:29:33 [38;5;117m[DEBUG]: [0mThis is a debug message from thread 2018-09-2026 00:29:33 [38;5;015m[INFO]: [0mThis is a info message from thread 2618-09-2026 00:29:33 [38;5;015m[INFO]: [0mThis is a info message from thread 418-09-2026 00:29:33 [38;5;015m[INFO]: [0mThis is a info message from thread 2418-09-2026 00:29:33 [38;5;015m[INFO]: [0mThis is a info message from thread 2318-09-2026 00:29:33 [38;5;009m[ERROR]: [0mThis is a error message from thread 418-09-2026 00:29:33 [38;5;009m[ERROR]: [0mThis is a error message from thread 2418-09-2026 00:29:33 [38;5;015m[INFO]: [0mThis is a info message from thread 2218-09-2026 00:29:33 [38;5;117m[DEBUG]: [0mThis is a debug message from thread 1718-09-2026 00:29:33 [38;5;117m[DEBUG]: [0mThis is a debug message from thread 418-09-2026 00:29:33 [38;5;015m[INFO]: [0mThis is a info message from thread 818-09-2026 00:29:33 [38;5;117m[DEBUG]: [0mThis is a debug message from thread 2818-09-2026 00:29:33 [38;5;117m[DEBUG]: [0mThis is a debug message from thread 1818-09-2026 00:29:33 [38;5;009m[ERROR]: [0mThis is a error message from thread 818-09-2026 00:29:33 [38;5;009m[ERROR]: [0mThis is a error message from thread 2518-09-2026 00:29:33 [38;5;009m[ERROR]: [0mThis is a error message from thread 618-09-2026 00:29:33 [38;5;015m[INFO]: [0mThis is a info message from thread 1618-09-2026 00:29:33 [38;5;015m[INFO]: [0mThis is a info message from thread 1818-09-2026 00:29:33 [38;5;009m[ERROR]: [0mThis is a error message from thread 1218-09-2026 00:29:33 [38;5;009m[ERROR]: [0mThis is a error message from thread 2918-09-2026 00:29:33 [38;5;009m[ERROR]: [0mThis is a error message from thread 1418-09-2026 00:29:33 [38;5;009m[ERROR]: [0mThis is a error message from thread 1818-09-2026 00:29:33 [38;5;117m[DEBUG]: [0mThis is a debug message from thread 718-09-2026 00:29:33 [38;5;009m[ERROR]: [0mThis is a error message from thread 1618-09-2026 00:29:33 [38;5;117m[DEBUG]: [0mThis is a debug message from thread 818-09-2026 00:29:33 [38;5;015m[INFO]: [0mThis is a info message from thread 2018-09-2026 00:29:33 [38;5;117m[DEBUG]: [0mThis is a debug message from thread 2918-09-2026 00:29:33 [38;5;117m[DEBUG]: [0mThis is a debug message from thread 1018-09-2026 00:29:33 [38;5;009m[ERROR]: [0mThis is a error message from thread 218-09-2026 00:29:33 [38;5;015m[INFO]: [0mThis is a info message from thread 718-09-2026 00:29:33 [38;5;117m[DEBUG]: [0mThis is a debug message from thread 2718-09-2026 00:29:33 [38;5;015m[INFO]: [0mThis is a info message from thread 1018-09-2026 00:29:33 [38;5;117m[DEBUG]: [0mThis is a debug message from thread 918-09-2026 00:29:33 [38;5;117m[DEBUG]: [0mThis is a debug message from thread 1418-09-2026 00:29:33 [38;5;009m[ERROR]: [0mThis is a error message from thread 718-09-2026 00:29:33 [38;5;015m[INFO]: [0mThis is a info message from thread 418-09-2026 00:29:33 [38;5;009m[ERROR]: [0mThis is a error message from thread 2218-09-2026 00:29:33 [38;5;009m[ERROR]: [0mThis is a error message from thread 2018-09-2026 00:29:33 [38;5;117m[DEBUG]: [0mThis is a debug message from thread 718-09-2026 00:29:33 [38;5;015m[INFO]: [0mThis is a info message from thread 918-09-2026 00:29:33 [38;5;117m[DEBUG]: [0mThis is a debug message from thread 018-09-2026 00:29:33 [38;5;117m[DEBUG]: [0mThis is a debug message from thread 2218-09-2026 00:29:33 [38;5;117m[DEBUG]: [0mThis is a debug message from thread 2018-09-2026 00:29:33 [38;5;015m[INFO]: [0mThis is a info message from thread 1318-09-2026 00:29:33 [38;5;009m[ERROR]: [0mThis is a error message from thread 2618-09-2026 00:29:33 [38;5;009m[ERROR]: [0mThis is a error message from thread 1018-09-2026 00:29:33 [38;5;117m[DEBUG]: [0mThis is a debug message from thread 618-09-2026 00:29:33 [38;5;009m[ERROR]: [0mThis is a error message from thread 518-09-2026 00:29:33 [38;5;015m[INFO]: [0mThis is a info message from thread 2118-09-2026 00:29:33 [38;5;117m[DEBUG]: [0mThis is a debug message from thread 1818-09-2026 00:29:33 [38;5;117m[DEBUG]: [0mThis is a debug message from thread 2618-09-2026 00:29:33 [38;5;117m[DEBUG]: [0mThis is a debug message from thread 1018-09-2026 00:29:33 [38;5;015m[INFO]: [0mThis is a info message from thread 1718-09-2026 00:29:33 [38;5;015m[INFO]: [0mThis is a info message from thread 2618-09-2026 00:29:33 [38;5;117m[DEBUG]: [0mThis is a debug message from thread 218-09-2026 00:29:33 [38;5;015m[INFO]: [0mThis is a info message from thread 018-09-2026 00:29:33 [38;5;009m[ERROR]: [0mThis is a error message from thread 1318-09-2026 00:29:33 [38;5;015m[INFO]: [0mThis is a info message from thread 1818-09-2026 00:29:33 [38;5;009m[ERROR]: [0mThis is a error message from thread 1718-09-2026 00:29:33 [38;5;009m[ERROR]: [0mThis is a error message from thread 2618-09-2026 00:29:33 [38;5;015m[INFO]: [0mThis is a info message from thread 218-09-2026 00:29:33 [38;5;015m[INFO]: [0mThis is a info message from thread 1018-09-2026 00:29:33 [38;5;117m[DEBUG]: [0mThis is a debug message from thread 1718-09-2026 00:29:33 [38;5;015m[INFO]: [0mThis is a info message from thread 2718-09-2026 00:29:33 [38;5;009m[ERROR]: [0mThis is a error message from thread 018-09-2026 00:29:33 [38;5;009m[ERROR]: [0mThis is a error message from thread 1818-09-2026 00:29:33 [38;5;009m[ERROR]: [0mThis is a error message from thread 1018-09-2026 00:29:33 [38;5;015m[INFO]: [0mThis is a info message from thread 118-09-2026 00:29:33 [38;5;015m[INFO]: [0mThis is a info message from thread 1418-09-2026 00:29:33 [38;5;117m[DEBUG]: [0mThis is a debug message from thread 1018-09-2026 00:29:33 [38;5;015m[INFO]: [0mThis is a info message from thread 718-09-2026 00:29:33 [38;5;009m[ERROR]: [0mThis is a error message from thread 1418-09-2026 00:29:33 [38;5;015m[INFO]: [0mThis is a info message from thread 1718-09-2026 00:29:33 [38;5;117m[DEBUG]: [0mThis is a debug message from thread 2618-09-2026 00:29:33 [38;5;117m[DEBUG]: [0mThis is a debug message from thread 018-09-2026 00:29:33 [38;5;117m[DEBUG]: [0mThis is a debug message from thread 1418-09-2026 00:29:33 [38;5;117m[DEBUG]: [0mThis is a debug message from thread 1518-09-2026 00:29:33 [38;5;015m[INFO]: [0mThis is a info message from thread 2618-09-2026 00:29:33 [38;5;015m[INFO]: [0mThis is a info message from thread 2218-09-2026 00:29:33 [38;5;009m[ERROR]: [0mThis is a error message from thread 2618-09-2026 00:29:33 [38;5;015m[INFO]: [0mThis is a info message from thread 818-09-2026 00:29:33 [38;5;009m[ERROR]: [0mThis is a error message from thread 118-09-2026 00:29:33 [38;5;009m[ERROR]: [0mThis is a error message from thread 2118-09-2026 00:29:33 [38;5;117m[DEBUG]: [0mThis is a debug message from thread 118-09-2026 00:29:33 [38;5;009m[ERROR]: [0mThis is a error message from thread 818-09-2026 00:29:33 [38;5;117m[DEBUG]: [0mThis is a debug message from thread 1618-09-2026 00:29:33 [38;5;015m[INFO]: [0mThis is a info message from thread 1418-09-2026 00:29:33 [38;5;117m[DEBUG]: [0mThis is a debug message from thread 2118-09-2026 00:29:33 [38;5;015m[INFO]: [0mThis is a info message from thread 118-09-2026 00:29:33 [38;5;117m[DEBUG]: [0mThis is a debug message from thread 1818-09-2026 00:29:33 [38;5;117m[DEBUG]: [0mThis is a debug message from thread 2618-09-2026 00:29:33 [38;5;015m[INFO]: [0mThis is a info message from thread 1518-09-2026 00:29:33 [38;5;117m[DEBUG]: [0mThis is a debug message from thread 2418-09-2026 00:29:33 [38;5;015m[INFO]: [0mThis is a info message from thread 618-09-2026 00:29:33 [38;5;015m[INFO]: [0mThis is a info message from thread 2018-09-2026 00:29:33 [38;5;009m[ERROR]: [0mThis is a error message from thread 1718-09-2026 00:29:33 [38;5;015m[INFO]: [0mThis is a info message from thread 1818-09-2026 00:29:33 [38;5;117m[DEBUG]: [0mThis is a debug message from thread 818-09-2026 00:29:33 [38;5;015m[INFO]: [0mThis is a info message from thread 2918-09-2026 00:29:33 [38;5;015m[INFO]: [0mThis is a info message from thread 2418-09-2026 00:29:33 [38;5;015m[INFO]: [0mThis is a info message from thread 2118-09-2026 00:29:33 [38;5;117m[DEBUG]: [0mThis is a debug message from thread 518-09-2026 00:29:33 [38;5;015m[INFO]: [0mThis is a info message from thread 1618-09-2026 00:29:33 [38;5;015m[INFO]: [0mThis is a info message from thread 2618-09-2026 00:29:33 [38;5;009m[ERROR]: [0mThis is a error message from thread 918-09-2026 00:29:33 [38;5;117m[DEBUG]: [0mThis is a debug message from thread 2518-09-2026 00:29:33 [38;5;009m[ERROR]: [0mThis is a error message from thread 2318-09-2026 00:29:33 [38;5;117m[DEBUG]: [0mThis is a debug message from thread 1918-09-2026 00:29:33 [38;5;015m[INFO]: [0mThis is a info message from thread 2818-09-2026 00:29:33 [38;5;009m[ERROR]: [0mThis is a error message from thread 1418-09-2026 00:29:33 [38;5;015m[INFO]: [0mThis is a info message from thread 2518-09-2026 00:29:33 [38;5;009m[ERROR]: [0mThis is a error message from thread 2018-09-2026 00:29:33 [38;5;009m[ERROR]: [0mThis is a error message from thread 1618-09-2026 00:29:33 [38;5;009m[ERROR]: [0mThis is a error message from thread 1818-09-2026 00:29:33 [38;5;009m[ERROR]: [0mThis is a error message from thread 2218-09-2026 00:29:33 [38;5;117m[DEBUG]: [0mThis is a debug message from thread 1618-09-2026 00:29:33 [38;5;009m[ERROR]: [0mThis is a error message from thread 2518-09-2026 00:29:33 [38;5;009m[ERROR]: [0mThis is a error message from thread 618-09-2026 00:29:33 [38;5;015m[INFO]: [0mThis is a info message from thread 1618-09-2026 00:29:33 [38;5;009m[ERROR]: [0mThis is a error message from thread 2918-09-2026 00:29:33 [38;5;117m[DEBUG]: [0mThis is a debug message from thread 1218-09-2026 00:29:33 [38;5;117m[DEBUG]: [0mThis is a debug message from thread 1818-09-2026 00:29:33 [38;5;009m[ERROR]: [0mThis is a error message from thread 1118-09-2026 00:29:33 [38;5;009m[ERROR]: [0mThis is a error message from thread 2718-09-2026 00:29:33 [38;5;117m[DEBUG]: [0mThis is a debug message from thread 2918-09-2026 00:29:33 [38;5;009m[ERROR]: [0mThis is a error message from thread 2418-09-2026 00:29:33 [38;5;009m[ERROR]: [0mThis is a error message from thread 718-09-2026 00:29:33 [38;5;009m[ERROR]: [0mThis is a error message from thread 218-09-2026 00:29:33 [38;5;015m[INFO]: [0mThis is a info message from thread 2918-09-2026 00:29:33 [38;5;117m[DEBUG]: [0mThis is a debug message from thread 2718-09-2026 00:29:33 [38;5;117m[DEBUG]: [0mThis is a debug message from thread 718-09-2026 00:29:33 [38;5;015m[INFO]: [0mThis is a info message from thread 718-09-2026 00:29:33 [38;5;117m[DEBUG]: [0mThis is a debug message from thread 918-09-2026 00:29:33 [38;5;117m[DEBUG]: [0mThis is a debug message from thread 2518-09-2026 00:29:33 [38;5;015m[INFO]: [0mThis is a info message from thread 1218-09-2026 00:29:33 [38;5;015m[INFO]: [0mThis is a info message from thread 818-09-2026 00:29:33 [38;5;009m[ERROR]: [0mThis is a error message from thread 1618-09-2026 00:29:33 [38;5;009m[ERROR]: [0mThis is a error message from thread 2818-09-2026 00:29:33 [38;5;117m[DEBUG]: [0mThis is a debug message from thread 2318-09-2026 00:29:33 [38;5;009m[ERROR]: [0mThis is a error message from thread 1218-09-2026 00:29:33 [38;5;117m[DEBUG]: [0mThis is a debug message from thread 1618-09-2026 00:29:33 [38;5;117m[DEBUG]: [0mThis is a debug message from thread 2418-09-2026 00:29:33 [38;5;009m[ERROR]: [0mThis is a error message from thread 2618-09-2026 00:29:33 [38;5;117m[DEBUG]: [0mThis is a debug message from thread 218-09-2026 00:29:33 [38;5;015m[INFO]: [0mThis is a info message from thread 1018-09-2026 00:29:33 [38;5;015m[INFO]: [0mThis is a info message from thread 018-09-2026 00:29:33 [38;5;117m[DEBUG]: [0mThis is a debug message from thread 2818-09-2026 00:29:33 [38;5;117m[DEBUG]: [0mThis is a debug message from thread 2218-09-2026 00:29:33 [38;5;117m[DEBUG]: [0mThis is a debug message from thread 1118-09-2026 00:29:33 [38;5;015m[INFO]: [0mThis is a info message from thread 1818-09-2026 00:29:33 [38;5;117m[DEBUG]: [0mThis is a debug message from thread 1318-09-2026 00:29:33 [38;5;117m[DEBUG]: [0mThis is a debug message from thread 1218-09-2026 00:29:33 [38;5;009m[ERROR]: [0mThis is a error message from thread 2918-09-2026 00:29:33 [38;5;117m[DEBUG]: [0mThis is a debug message from thread 2018-09-2026 00:29:33 [38;5;117m[DEBUG]: [0mThis is a debug message from thread 1418-09-2026 00:29:33 [38;5;015m[INFO]: [0mThis is a info message from thread 2418-09-2026 00:29:33 [38;5;015m[INFO]: [0mThis is a info message from thread 2318-09-2026 00:29:33 [38;5;015m[INFO]: [0mThis is a info message from thread 2218-09-2026 00:29:33 [38;5;015m[INFO]: [0mThis is a info message from thread 218-09-2026 00:29:33 [38;5;009m[ERROR]: [0mThis is a error message from thread 1818-09-2026 00:29:33 [38;5;015m[INFO]: [0mThis is a info message from thread 1118-09-2026 00:29:33 [38;5;117m[DEBUG]: [0mThis is a debug message from thread 2618-09-2026 00:29:33 [38;5;009m[ERROR]: [0mThis is a error message from thread 1118-09-2026 00:29:33 [38;5;009m[ERROR]: [0mThis is a error message from thread 1018-09-2026 00:29:33 [38;5;009m[ERROR]: [0mThis is a error message from thread 1518-09-2026 00:29:33 [38;5;009m[ERROR]: [0mThis is a error message from thread 118-09-2026 00:29:33 [38;5;015m[INFO]: [0mThis is a info message from thread 2618-09-2026 00:29:33 [38;5;015m[INFO]: [0mThis is a info message from thread 1318-09-2026 00:29:33 [38;5;117m[DEBUG]: [0mThis is a debug message from thread 1118-09-2026 00:29:33 [38;5;117m[DEBUG]: [0mThis is a debug message from thread 1018-09-2026 00:29:33 [38;5;015m[INFO]: [0mThis is a info message from thread 2718-09-2026 00:29:33 [38;5;015m[INFO]: [0mThis is a info message from thread 1118-09-2026 00:29:33 [38;5;117m[DEBUG]: [0mThis is a debug message from thread 118-09-2026 00:29:33 [38;5;117m[DEBUG]: [0mThis is a debug message from thread 1518-09-2026 00:29:33 [38;5;009m[ERROR]: [0mThis is a error message from thread 1118-09-2026 00:29:33 [38;5;009m[ERROR]: [0mThis is a error message from thread 2618-09-2026 00:29:33 [38;5;009m[ERROR]: [0mThis is a error message from thread 218-09-2026 00:29:33 [38;5;015m[INFO]: [0mThis is a info message from thread 118-09-2026 00:29:33 [38;5;117m[DEBUG]: [0mThis is a debug message from thread 1118-09-2026 00:29:33 [38;5;009m[ERROR]: [0mThis is a error message from thread 2718-09-2026 00:29:33 [38;5;015m[INFO]: [0mThis is a info message from thread 1518-09-2026 00:29:33 [38;5;009m[ERROR]: [0mThis is a error message from thread 1318-09-2026 00:29:33 [38;5;117m[DEBUG]: [0mThis is a debug message from thread 2618-09-2026 00:29:33 [38;5;015m[INFO]: [0mThis is a info message from thread 2818-09-2026 00:29:33 [38;5;015m[INFO]: [0mThis is a info message from thread 1118-09-2026 00:29:33 [38;5;009m[ERROR]: [0mThis is a error message from thread 1518-09-2026 00:29:33 [38;5;015m[INFO]: [0mThis is a info message from thread 1918-09-2026 00:29:33 [38;5;009m[ERROR]: [0mThis is a error message from thread 818-09-2026 00:29:33 [38;5;015m[INFO]: [0mThis is a info message from thread 1018-09-2026 00:29:33 [38;5;015m[INFO]: [0mThis is a info message from thread 2518-09-2026 00:29:33 [38;5;009m[ERROR]: [0mThis is a error message from thread 2218-09-2026 00:29:33 [38;5;009m[ERROR]: [0mThis is a error message from thread 2318-09-2026 00:29:33 [38;5;117m[DEBUG]: [0mThis is a debug message from thread 2218-09-2026 00:29:33 [38;5;015m[INFO]: [0mThis is a info message from thread 2618-09-2026 00:29:33 [38;5;117m[DEBUG]: [0mThis is a debug message from thread 2718-09-2026 00:29:33 [38;5;015m[INFO]: [0mThis is a info message from thread 1618-09-2026 00:29:33 [38;5;117m[DEBUG]: [0mThis is a debug message from thread 1518-09-2026 00:29:33 [38;5;009m[ERROR]: [0mThis is a error message from thread 2518-09-2026 00:29:33 [38;5;009m[ERROR]: [0mThis is a error message from thread 418-09-2026 00:29:33 [38;5;009m[ERROR]: [0mThis is a error message from thread 1118-09-2026 00:29:33 [38;5;015m[INFO]: [0mThis is a info message from thread 2718-09-2026 00:29:33 [38;5;009m[ERROR]: [0mThis is a error message from thread 1918-09-2026 00:29:33 [38;5;117m[DEBUG]: [0mThis is a debug message from thread 2518-09-2026 00:29:33 [38;5;009m[ERROR]: [0mThis is a error message from thread 2718-09-2026 00:29:33 [38;5;015m[INFO]: [0mThis is a info message from thread 2518-09-2026 00:29:33 [38;5;009m[ERROR]: [0mThis is a error message from thread 2618-09-2026 00:29:33 [38;5;117m[DEBUG]: [0mThis is a debug message from thread 1918-09-2026 00:29:33 [38;5;117m[DEBUG]: [0mThis is a debug message from thread 2918-09-2026 00:29:33 [38;5;009m[ERROR]: [0mThis is a error message from thread 2818-09-2026 00:29:33 [38;5;117m[DEBUG]: [0mThis is a debug message from thread 818-09-2026 00:29:33 [38;5;117m[DEBUG]: [0mThis is a debug message from thread 1818-09-2026 00:29:33 [38;5;009m[ERROR]: [0mThis is a error message from thread 2418-09-2026 00:29:33 [38;5;117m[DEBUG]: [0mThis is a debug message from thread 218-09-2026 00:29:33 [38;5;009m[ERROR]: [0mThis is a error message from thread 018-09-2026 00:29:33 [38;5;015m[INFO]: [0mThis is a info message from thread 2218-09-2026 00:29:33 [38;5;009m[ERROR]: [0mThis is a error message from thread 2518-09-2026 00:29:33 [38;5;015m[INFO]: [0mThis is a info message from thread 218-09-2026 00:29:33 [38;5;117m[DEBUG]: [0mThis is a debug message from thread 2718-09-2026 00:29:33 [38;5;117m[DEBUG]: [0mThis is a debug message from thread 2618-09-2026 00:29:33 [38;5;015m[INFO]: [0mThis is a info message from thread 1918-09-2026 00:29:33 [38;5;015m[INFO]: [0mThis is a info message from thread 2918-09-2026 00:29:33 [38;5;117m[DEBUG]: [0mThis is a debug message from thread 1318-09-2026 00:29:33 [38;5;015m[INFO]: [0mThis is a info message from thread 2618-09-2026 00:29:33 [38;5;117m[DEBUG]: [0mThis is a debug message from thread 018-09-2026 00:29:33 [38;5;009m[ERROR]: [0mThis is a error message from thread 2918-09-2026 00:29:33 [38;5;015m[INFO]: [0mThis is a info message from thread 018-09-2026 00:29:33 [38;5;117m[DEBUG]: [0mThis is a debug message from thread 2918-09-2026 00:29:33 [38;5;015m[INFO]: [0mThis is a info message from thread 2718-09-2026 00:29:33 [38;5;009m[ERROR]: [0mThis is a error message from thread 2618-09-2026 00:29:33 [38;5;009m[ERROR]: [0mThis is a error message from thread 018-09-2026 00:29:33 [38;5;117m[DEBUG]: [0mThis is a debug message from thread 2618-09-2026 00:29:33 [38;5;009m[ERROR]: [0mThis is a error message from thread 218-09-2026 00:29:33 [38;5;015m[INFO]: [0mThis is a info message from thread 1318-09-2026 00:29:33 [38;5;015m[INFO]: [0mThis is a info message from thread 2618-09-2026 00:29:33 [38;5;015m[INFO]: [0mThis is a info message from thread 518-09-2026 00:29:33 [38;5;117m[DEBUG]: [0mThis is a debug message from thread 1718-09-2026 00:29:33 [38;5;117m[DEBUG]: [0mThis is a debug message from thread 218-09-2026 00:29:33 [38;5;015m[INFO]: [0mThis is a info message from thread 2018-09-2026 00:29:33 [38;5;009m[ERROR]: [0mThis is a error message from thread 2718-09-2026 00:29:33 [38;5;009m[ERROR]: [0mThis is a error message from thread 2618-09-2026 00:29:33 [38;5;117m[DEBUG]: [0mThis is a debug message from thread 2818-09-2026 00:29:33 [38;5;015m[INFO]: [0mThis is a info message from thread 1718-09-2026 00:29:33 [38;5;015m[INFO]: [0mThis is a info message from thread 918-09-2026 00:29:33 [38;5;117m[DEBUG]: [0mThis is a debug message from thread 2718-09-2026 00:29:33 [38;5;015m[INFO]: [0mThis is a info message from thread 818-09-2026 00:29:33 [38;5;015m[INFO]: [0mThis is a info message from thread 218-09-2026 00:29:33 [38;5;015m[INFO]: [0mThis is a info message from thread 1818-09-2026 00:29:33 [38;5;117m[DEBUG]: [0mThis is a debug message from thread 2518-09-2026 00:29:33 [38;5;009m[ERROR]: [0mThis is a error message from thread 1818-09-2026 00:29:33 [38;5;009m[ERROR]: [0mThis is a error message from thread 218-09-2026 00:29:33 [38;5;009m[ERROR]: [0mThis is a error message from thread 1918-09-2026 00:29:33 [38;5;009m[ERROR]: [0mThis is a error message from thread 2218-09-2026 00:29:33 [38;5;009m[ERROR]: [0mThis is a error message from thread 1318-09-2026 00:29:33 [38;5;117m[DEBUG]: [0mThis is a debug message from thread 1818-09-2026 00:29:33 [38;5;117m[DEBUG]: [0mThis is a debug message from thread 1918-09-2026 00:29:33 [38;5;117m[DEBUG]: [0mThis is a debug message from thread 218-09-2026 00:29:33 [38;5;015m[INFO]: [0mThis is a info message from thread 2718-09-2026 00:29:33 [38;5;117m[DEBUG]: [0mThis is a debug message from thread 1318-09-2026 00:29:33 [38;5;009m[ERROR]: [0mThis is a error message from thread 2718-09-2026 00:29:33 [38;5;117m[DEBUG]: [0mThis is a debug message from thread 2618-09-2026 00:29:33 [38;5;009m[ERROR]: [0mThis is a error message from thread 918-09-2026 00:29:33 [38;5;117m[DEBUG]: [0mThis is a debug message from thread 918-09-2026 00:29:33 [38;5;009m[ERROR]: [0mThis is a error message from thread 718-09-2026 00:29:33 [38;5;117m[DEBUG]: [0mThis is a debug message from thread 2218-09-2026 00:29:33 [38;5;015m[INFO]: [0mThis is a info message from thread 1818-09-2026 00:29:33 [38;5;015m[INFO]: [0mThis is a info message from thread 2218-09-2026 00:29:33 [38;5;009m[ERROR]: [0mThis is a error message from thread 818-09-2026 00:29:33 [38;5;117m[DEBUG]: [0mThis is a debug message from thread 718-09-2026 00:29:33 [38;5;015m[INFO]: [0mThis is a info message from thread 918-09-2026 00:29:33 [38;5;015m[INFO]: [0mThis is a info message from thread 218-09-2026 00:29:33 [38;5;009m[ERROR]: [0mThis is a error message from thread 1618-09-2026 00:29:33 [38;5;015m[INFO]: [0mThis is a info message from thread 1418-09-2026 00:29:33 [38;5;015m[INFO]: [0mThis is a info message from thread 1918-09-2026 00:29:33 [38;5;117m[DEBUG]: [0mThis is a debug message from thread 418-09-2026 00:29:33 [38;5;009m[ERROR]: [0mThis is a error message from thread 318-09-2026 00:29:33 [38;5;009m[ERROR]: [0mThis is a error message from thread 1718-09-2026 00:29:33 [38;5;009m[ERROR]: [0mThis is a error message from thread 1818-09-2026 00:29:33 [38;5;009m[ERROR]: [0mThis is a error message from thread 218-09-2026 00:29:33 [38;5;015m[INFO]: [0mThis is a info message from thread 2518-09-2026 00:29:33 [38;5;009m[ERROR]: [0mThis is a error message from thread 518-09-2026 00:29:33 [38;5;117m[DEBUG]: [0mThis is a debug message from thread 1618-09-2026 00:29:33 [38;5;015m[INFO]: [0mThis is a info message from thread 418-09-2026 00:29:33 [38;5;009m[ERROR]: [0mThis is a error message from thread 1418-09-2026 00:29:33 [38;5;015m[INFO]: [0mThis is a info message from thread 1318-09-2026 00:29:33 [38;5;117m[DEBUG]: [0mThis is a debug message from thread 618-09-2026 00:29:33 [38;5;117m[DEBUG]: [0mThis is a debug message from thread 2718-09-2026 00:29:33 [38;5;117m[DEBUG]: [0mThis is a debug message from thread 818-09-2026 00:29:33 [38;5;015m[INFO]: [0mThis is a info message from thread 2818-09-2026 00:29:33 [38;5;015m[INFO]: [0mThis is a info message from thread 718-09-2026 00:29:33 [38;5;009m[ERROR]: [0mThis is a error message from thread 2018-09-2026 00:29:33 [38;5;117m[DEBUG]: [0mThis is a debug message from thread 318-09-2026 00:29:33 [38;5;009m[ERROR]: [0mThis is a error message from thread 2218-09-2026 00:29:33 [38;5;015m[INFO]: [0mThis is a info message from thread 1618-09-2026 00:29:33 [38;5;009m[ERROR]: [0mThis is a error message from thread 1918-09-2026 00:29:33 [38;5;117m[DEBUG]: [0mThis is a debug message from thread 2318-09-2026 00:29:33 [38;5;117m[DEBUG]: [0mThis is a debug message from thread 018-09-2026 00:29:33 [38;5;009m[ERROR]: [0mThis is a error message from thread 1318-09-2026 00:29:33 [38;5;009m[ERROR]: [0mThis is a error message from thread 2118-09-2026 00:29:33 [38;5;009m[ERROR]: [0mThis is a error message from thread 1018-09-2026 00:29:33 [38;5;009m[ERROR]: [0mThis is a error message from thread 2818-09-2026 00:29:33 [38;5;015m[INFO]: [0mThis is a info message from thread 318-09-2026 00:29:33 [38;5;009m[ERROR]: [0mThis is a error message from thread 918-09-2026 00:29:33 [38;5;009m[ERROR]: [0mThis is a error message from thread 718-09-2026 00:29:33 [38;5;015m[INFO]: [0mThis is a info message from thread 818-09-2026 00:29:33 [38;5;117m[DEBUG]: [0mThis is a debug message from thread 1818-09-2026 00:29:33 [38;5;009m[ERROR]: [0mThis is a error message from thread 318-09-2026 00:29:33 [38;5;117m[DEBUG]: [0mThis is a debug message from thread 2118-09-2026 00:29:33 [38;5;117m[DEBUG]: [0mThis is a debug message from thread 718-09-2026 00:29:33 [38;5;015m[INFO]: [0mThis is a info message from thread 2318-09-2026 00:29:33 [38;5;117m[DEBUG]: [0mThis is a debug message from thread 918-09-2026 00:29:33 [38;5;015m[INFO]: [0mThis is a info message from thread 718-09-2026 00:29:33 [38;5;117m[DEBUG]: [0mThis is a debug message from thread 318-09-2026 00:29:33 [38;5;009m[ERROR]: [0mThis is a error message from thread 2318-09-2026 00:29:33 [38;5;117m[DEBUG]: [0mThis is a debug message from thread 2318-09-2026 00:29:33 [38;5;117m[DEBUG]: [0mThis is a debug message from thread 1018-09-2026 00:29:33 [38;5;015m[INFO]: [0mThis is a info message from thread 318-09-2026 00:29:33 [38;5;015m[INFO]: [0mThis is a info message from thread 918-09-2026 00:29:33 [38;5;117m[DEBUG]: [0mThis is a debug message from thread 1318-09-2026 00:29:33 [38;5;009m[ERROR]: [0mThis is a error message from thread 918-09-2026 00:29:33 [38;5;009m[ERROR]: [0mThis is a error message from thread 718-09-2026 00:29:33 [38;5;117m[DEBUG]: [0mThis is a debug message from thread 1118-09-2026 00:29:33 [38;5;117m[DEBUG]: [0mThis is a debug message from thread 1918-09-2026 00:29:33 [38;5;009m[ERROR]: [0mThis is a error message from thread 2518-09-2026 00:29:33 [38;5;117m[DEBUG]: [0mThis is a debug message from thread 918-09-2026 00:29:33 [38;5;015m[INFO]: [0mThis is a info message from thread 1118-09-2026 00:29:33 [38;5;015m[INFO]: [0mThis is a info message from thread 1818-09-2026 00:29:33 [38;5;015m[INFO]: [0mThis is a info message from thread 2318-09-2026 00:29:33 [38;5;015m[INFO]: [0mThis is a info message from thread 918-09-2026 00:29:33 [38;5;015m[INFO]: [0mThis is a info message from thread 1018-09-2026 00:29:33 [38;5;015m[INFO]: [0mThis is a info message from thread 1318-09-2026 00:29:33 [38;5;009m[ERROR]: [0mThis is a error message from thread 918-09-2026 00:29:33 [38;5;009m[ERROR]: [0mThis is a error message from thread 1618-09-2026 00:29:33 [38;5;009m[ERROR]: [0mThis is a error message from thread 2318-09-2026 00:29:33 [38;5;009m[ERROR]: [0mThis is a error message from thread 1118-09-2026 00:29:33 [38;5;015m[INFO]: [0mThis is a info message from thread 1518-09-2026 00:29:33 [38;5;117m[DEBUG]: [0mThis is a debug message from thread 518-09-2026 00:29:33 [38;5;117m[DEBUG]: [0mThis is a debug message from thread 1118-09-2026 00:29:33 [38;5;015m[INFO]: [0mThis is a info message from thread 618-09-2026 00:29:33 [38;5;117m[DEBUG]: [0mThis is a debug message from thread 2518-09-2026 00:29:33 [38;5;117m[DEBUG]: [0mThis is a debug message from thread 2818-09-2026 00:29:33 [38;5;015m[INFO]: [0mThis is a info message from thread 1918-09-2026 00:29:33 [38;5;015m[INFO]: [0mThis is a info message from thread 1218-09-2026 00:29:33 [38;5;009m[ERROR]: [0mThis is a error message from thread 1818-09-2026 00:29:33 [38;5;015m[INFO]: [0mThis is a info message from thread 2518-09-2026 00:29:33 [38;5;117m[DEBUG]: [0mThis is a debug message from thread 2318-09-2026 00:29:33 [38;5;009m[ERROR]: [0mThis is a error message from thread 1918-09-2026 00:29:33 [38;5;117m[DEBUG]: [0mThis is a debug message from thread 718-09-2026 00:29:33 [38;5;015m[INFO]: [0mThis is a info message from thread 718-09-2026 00:29:33 [38;5;009m[ERROR]: [0mThis is a error message from thread 2518-09-2026 00:29:33 [38;5;009m[ERROR]: [0mThis is a error message from thread 1218-09-2026 00:29:33 [38;5;015m[INFO]: [0mThis is a info message from thread 2318-09-2026 00:29:33 [38;5;009m[ERROR]: [0mThis is a error message from thread 1518-09-2026 00:29:33 [38;5;117m[DEBUG]: [0mThis is a debug message from thread 1218-09-2026 00:29:33 [38;5;015m[INFO]: [0mThis is a info message from thread 2818-09-2026 00:29:33 [38;5;009m[ERROR]: [0mThis is a error message from thread 2318-09-2026 00:29:33 [38;5;117m[DEBUG]: [0mThis is a debug message from thread 918-09-2026 00:29:33 [38;5;009m[ERROR]: [0mThis is a error message from thread 718-09-2026 00:29:33 [38;5;117m[DEBUG]: [0mThis is a debug message from thread 2318-09-2026 00:29:33 [38;5;117m[DEBUG]: [0mThis is a debug message from thread 1818-09-2026 00:29:33 [38;5;117m[DEBUG]: [0mThis is a debug message from thread 2518-09-2026 00:29:33 [38;5;015m[INFO]: [0mThis is a info message from thread 918-09-2026 00:29:33 [38;5;009m[ERROR]: [0mThis is a error message from thread 918-09-2026 00:29:33 [38;5;117m[DEBUG]: [0mThis is a debug message from thread 1618-09-2026 00:29:33 [38;5;015m[INFO]: [0mThis is a info message from thread 2518-09-2026 00:29:33 [38;5;009m[ERROR]: [0mThis is a error message from thread 2818-09-2026 00:29:33 [38;5;009m[ERROR]: [0mThis is a error message from thread 418-09-2026 00:29:33 [38;5;015m[INFO]: [0mThis is a info message from thread 018-09-2026 00:29:33 [38;5;117m[DEBUG]: [0mThis is a debug message from thread 2018-09-2026 00:29:33 [38;5;015m[INFO]: [0mThis is a info message from thread 1618-09-2026 00:29:33 [38;5;009m[ERROR]: [0mThis is a error message from thread 018-09-2026 00:29:33 [38;5;117m[DEBUG]: [0mThis is a debug message from thread 1718-09-2026 00:29:33 [38;5;009m[ERROR]: [0mThis is a error message from thread 1018-09-2026 00:29:33 [38;5;015m[INFO]: [0mThis is a info message from thread 518-09-2026 00:29:33 [38;5;117m[DEBUG]: [0mThis is a debug message from thread 2418-09-2026 00:29:33 [38;5;009m[ERROR]: [0mThis is a error message from thread 1318-09-2026 00:29:33 [38;5;015m[INFO]: [0mThis is a info message from thread 2918-09-2026 00:29:33 [38;5;117m[DEBUG]: [0mThis is a debug message from thread 2218-09-2026 00:29:33 [38;5;009m[ERROR]: [0mThis is a error message from thread 2918-09-2026 00:29:33 [38;5;117m[DEBUG]: [0mThis is a debug message from thread 1918-09-2026 00:29:33 [38;5;117m[DEBUG]: [0mThis is a debug message from thread 218-09-2026 00:29:33 [38;5;015m[INFO]: [0mThis is a info message from thread 2618-09-2026 00:29:33 [38;5;015m[INFO]: [0mThis is a info message from thread 1918-09-2026 00:29:33 [38;5;009m[ERROR]: [0mThis is a error message from thread 2618-09-2026 00:29:33 [38;5;009m[ERROR]: [0mThis is a error message from thread 318-09-2026 00:29:33 [38;5;015m[INFO]: [0mThis is a info message from thread 1818-09-2026 00:29:33 [38;5;015m[INFO]: [0mThis is a info message from thread 1218-09-2026 00:29:33 [38;5;117m[DEBUG]: [0mThis is a debug message from thread 2918-09-2026 00:29:33 [38;5;117m[DEBUG]: [0mThis is a debug message from thread 318-09-2026 00:29:33 [38;5;117m[DEBUG]: [0mThis is a debug message from thread 1518-09-2026 00:29:33 [38;5;015m[INFO]: [0mThis is a info message from thread 2218-09-2026 00:29:33 [38;5;117m[DEBUG]: [0mThis is a debug message from thread 2618-09-2026 00:29:33 [38;5;009m[ERROR]: [0mThis is a error message from thread 2518-09-2026 00:29:33 [38;5;015m[INFO]: [0mThis is a info message from thread 2618-09-2026 00:29:33 [38;5;009m[ERROR]: [0mThis is a error message from thread 118-09-2026 00:29:33 [38;5;015m[INFO]: [0mThis is a info message from thread 2918-09-2026 00:29:33 [38;5;015m[INFO]: [0mThis is a info message from thread 318-09-2026 00:29:33 [38;5;015m[INFO]: [0mThis is a info message from thread 2118-09-2026 00:29:33 [38;5;009m[ERROR]: [0mThis is a error message from thread 618-09-2026 00:29:33 [38;5;015m[INFO]: [0mThis is a info message from thread 1518-09-2026 00:29:33 [38;5;117m[DEBUG]: [0mThis is a debug message from thread 418-09-2026 00:29:33 [38;5;009m[ERROR]: [0mThis is a error message from thread 1218-09-2026 00:29:33 [38;5;015m[INFO]: [0mThis is a info message from thread 2018-09-2026 00:29:33 [38;5;009m[ERROR]: [0mThis is a error message from thread 2918-09-2026 00:29:33 [38;5;015m[INFO]: [0mThis is a info message from thread 1718-09-2026 00:29:33 [38;5;009m[ERROR]: [0mThis is a error message from thread 2218-09-2026 00:29:33 [38;5;117m[DEBUG]: [0mThis is a debug message from thread 2218-09-2026 00:29:33 [38;5;009m[ERROR]: [0mThis is a error message from thread 318-09-2026 00:29:33 [38;5;015m[INFO]: [0mThis is a info message from thread 218-09-2026 00:29:33 [38;5;009m[ERROR]: [0mThis is a error message from thread 218-09-2026 00:29:33 [38;5;009m[ERROR]: [0mThis is a error message from thread 1718-09-2026 00:29:33 [38;5;015m[INFO]: [0mThis is a info message from thread 2218-09-2026 00:29:33 [38;5;117m[DEBUG]: [0mThis is a debug message from thread 2518-09-2026 00:29:33 [38;5;009m[ERROR]: [0mThis is a error message from thread 1618-09-2026 00:29:33 [38;5;117m[DEBUG]: [0mThis is a debug message from thread 2918-09-2026 00:29:33 [38;5;009m[ERROR]: [0mThis is a error message from thread 1818-09-2026 00:29:33 [38;5;117m[DEBUG]: [0mThis is a debug message from thread 718-09-2026 00:29:33 [38;5;015m[INFO]: [0mThis is a info message from thread 418-09-2026 00:29:33 [38;5;015m[INFO]: [0mThis is a info message from thread 1118-09-2026 00:29:33 [38;5;117m[DEBUG]: [0mThis is a debug message from thread 618-09-2026 00:29:33 [38;5;009m[ERROR]: [0mThis is a error message from thread 2618-09-2026 00:29:33 [38;5;117m[DEBUG]: [0mThis is a debug message from thread 1718-09-2026 00:29:33 [38;5;015m[INFO]: [0mThis is a info message from thread 618-09-2026 00:29:33 [38;5;117m[DEBUG]: [0mThis is a debug message from thread 1618-09-2026 00:29:33 [38;5;009m[ERROR]: [0mThis is a error message from thread 1118-09-2026 00:29:33 [38;5;009m[ERROR]: [0mThis is a error message from thread 2218-09-2026 00:29:33 [38;5;117m[DEBUG]: [0mThis is a debug message from thread 1318-09-2026 00:29:33 [38;5;117m[DEBUG]: [0mThis is a debug message from thread 318-09-2026 00:29:33 [38;5;009m[ERROR]: [0mThis is a error message from thread 2018-09-2026 00:29:33 [38;5;015m[INFO]: [0mThis is a info message from thread 318-09-2026 00:29:33 [38;5;009m[ERROR]: [0mThis is a error message from thread 1518-09-2026 00:29:33 [38;5;009m[ERROR]: [0mThis is a error message from thread 2118-09-2026 00:29:33 [38;5;015m[INFO]: [0mThis is a info message from thread 1718-09-2026 00:29:33 [38;5;117m[DEBUG]: [0mThis is a debug message from thread 1018-09-2026 00:29:33 [38;5;015m[INFO]: [0mThis is a info message from thread 1018-09-2026 00:29:33 [38;5;117m[DEBUG]: [0mThis is a debug message from thread 1118-09-2026 00:29:33 [38;5;009m[ERROR]: [0mThis is a error message from thread 1918-09-2026 00:29:33 [38;5;117m[DEBUG]: [0mThis is a debug message from thread 1218-09-2026 00:29:33 [38;5;009m[ERROR]: [0mThis is a error message from thread 318-09-2026 00:29:33 [38;5;009m[ERROR]: [0mThis is a error message from thread 1718-09-2026 00:29:33 [38;5;117m[DEBUG]: [0mThis is a debug message from thread 1818-09-2026 00:29:33 [38;5;117m[DEBUG]: [0mThis is a debug message from thread 318-09-2026 00:29:33 [38;5;117m[DEBUG]: [0mThis is a debug message from thread 1518-09-2026 00:29:33 [38;5;117m[DEBUG]: [0mThis is a debug message from thread 218-09-2026 00:29:33 [38;5;015m[INFO]: [0mThis is a info message from thread 218-09-2026 00:29:33 [38;5;015m[INFO]: [0mThis is a info message from thread 1118-09-2026 00:29:33 [38;5;117m[DEBUG]: [0mThis is a debug message from thread 1718-09-2026 00:29:33 [38;5;009m[ERROR]: [0mThis is a error message from thread 218-09-2026 00:29:33 [38;5;015m[INFO]: [0mThis is a info message from thread 318-09-2026 00:29:33 [38;5;117m[DEBUG]: [0mThis is a debug message from thread 218-09-2026 00:29:33 [38;5;015m[INFO]: [0mThis is a info message from thread 1518-09-2026 00:29:33 [38;5;117m[DEBUG]: [0mThis is a debug message from thread 2618-09-2026 00:29:33 [38;5;117m[DEBUG]: [0mThis is a debug message from thread 918-09-2026 00:29:33 [38;5;015m[INFO]: [0mThis is a info message from thread 218-09-2026 00:29:33 [38;5;015m[INFO]: [0mThis is a info message from thread 918-09-2026 00:29:33 [38;5;015m[INFO]: [0mThis is a info message from thread 2618-09-2026 00:29:33 [38;5;015m[INFO]: [0mThis is a info message from thread 1718-09-2026 00:29:33 [38;5;009m[ERROR]: [0mThis is a error message from thread 618-09-2026 00:29:33 [38;5;009m[ERROR]: [0mThis is a error message from thread 1718-09-2026 00:29:33 [38;5;015m[INFO]: [0mThis is a info message from thread 1618-09-2026 00:29:33 [38;5;009m[ERROR]: [0mThis is a error message from thread 218-09-2026 00:29:33 [38;5;015m[INFO]: [0mThis is a info message from thread 1818-09-2026 00:29:33 [38;5;117m[DEBUG]: [0mThis is a debug message from thread 618-09-2026 00:29:33 [38;5;117m[DEBUG]: [0mThis is a debug message from thread 1918-09-2026 00:29:33 [38;5;015m[INFO]: [0mThis is a info message from thread 718-09-2026 00:29:33 [38;5;015m[INFO]: [0mThis is a info message from thread 2518-09-2026 00:29:33 [38;5;009m[ERROR]: [0mThis is a error message from thread 1018-09-2026 00:29:33 [38;5;009m[ERROR]: [0mThis is a error message from thread 718-09-2026 00:29:33 [38;5;009m[ERROR]: [0mThis is a error message from thread 1818-09-2026 00:29:33 [38;5;009m[ERROR]: [0mThis is a error message from thread 918-09-2026 00:29:33 [38;5;117m[DEBUG]: [0mThis is a debug message from thread 2018-09-2026 00:29:33 [38;5;117m[DEBUG]: [0mThis is a debug message from thread 918-09-2026 00:29:33 [38;5;117m[DEBUG]: [0mThis is a debug message from thread 1418-09-2026 00:29:33 [38;5;015m[INFO]: [0mThis is a info message from thread 918-09-2026 00:29:33 [38;5;015m[INFO]: [0mThis is a info message from thread 1218-09-2026 00:29:33 [38;5;015m[INFO]: [0mThis is a info message from thread 1918-09-2026 00:29:33 [38;5;015m[INFO]: [0mThis is a info message from thread 2318-09-2026 00:29:33 [38;5;009m[ERROR]: [0mThis is a error message from thread 918-09-2026 00:29:33 [38;5;117m[DEBUG]: [0mThis is a debug message from thread 118-09-2026 00:29:33 [38;5;015m[INFO]: [0mThis is a info message from thread 1318-09-2026 00:29:33 [38;5;009m[ERROR]: [0mThis is a error message from thread 1118-09-2026 00:29:33 [38;5;015m[INFO]: [0mThis is a info message from thread 118-09-2026 00:29:33 [38;5;009m[ERROR]: [0mThis is a error message from thread 2318-09-2026 00:29:33 [38;5;117m[DEBUG]: [0mThis is a debug message from thread 718-09-2026 00:29:33 [38;5;015m[INFO]: [0mThis is a info message from thread 2018-09-2026 00:29:33 [38;5;015m[INFO]: [0mThis is a info message from thread 2918-09-2026 00:29:33 [38;5;009m[ERROR]: [0mThis is a error message from thread 818-09-2026 00:29:33 [38;5;009m[ERROR]: [0mThis is a error message from thread 1218-09-2026 00:29:33 [38;5;117m[DEBUG]: [0mThis is a debug message from thread 2118-09-2026 00:29:33 [38;5;009m[ERROR]: [0mThis is a error message from thread 1518-09-2026 00:29:33 [38;5;009m[ERROR]: [0mThis is a error message from thread 2918-09-2026 00:29:33 [38;5;009m[ERROR]: [0mThis is a error message from thread 1318-09-2026 00:29:33 [38;5;009m[ERROR]: [0mThis is a error message from thread 518-09-2026 00:29:33 [38;5;009m[ERROR]: [0mThis is a error message from thread 2518-09-2026 00:29:33 [38;5;117m[DEBUG]: [0mThis is a debug message from thread 2318-09-2026 00:29:33 [38;5;117m[DEBUG]: [0mThis is a debug message from thread 1718-09-2026 00:29:33 [38;5;009m[ERROR]: [0mThis is a error message from thread 418-09-2026 00:29:33 [38;5;009m[ERROR]: [0mThis is a error message from thread 318-09-2026 00:29:33 [38;5;117m[DEBUG]: [0mThis is a debug message from thread 1018-09-2026 00:29:33 [38;5;009m[ERROR]: [0mThis is a error message from thread 1918-09-2026 00:29:33 [38;5;015m[INFO]: [0mThis is a info message from thread 2318-09-2026 00:29:33 [38;5;117m[DEBUG]: [0mThis is a debug message from thread 1818-09-2026 00:29:33 [38;5;015m[INFO]: [0mThis is a info message from thread 1418-09-2026 00:29:33 [38;5;015m[INFO]: [0mThis is a info message from thread 1718-09-2026 00:29:33 [38;5;117m[DEBUG]: [0mThis is a debug message from thread 1918-09-2026 00:29:33 [38;5;015m[INFO]: [0mThis is a info message from thread 1018-09-2026 00:29:33 [38;5;117m[DEBUG]: [0mThis is a debug message from thread 318-09-2026 00:29:33 [38;5;015m[INFO]: [0mThis is a info message from thread 1818-09-2026 00:29:33 [38;5;015m[INFO]: [0mThis is a info message from thread 318-09-2026 00:29:33 [38;5;009m[ERROR]: [0mThis is a error message from thread 1618-09-2026 00:29:33 [38;5;117m[DEBUG]: [0mThis is a debug message from thread 518-09-2026 00:29:33 [38;5;009m[ERROR]: [0mThis is a error message from thread 1418-09-2026 00:29:33 [38;5;015m[INFO]: [0mThis is a info message from thread 1918-09-2026 00:29:33 [38;5;117m[DEBUG]: [0mThis is a debug message from thread 1318-09-2026 00:29:33 [38;5;009m[ERROR]: [0mThis is a error message from thread 1018-09-2026 00:29:33 [38;5;015m[INFO]: [0mThis is a info message from thread 618-09-2026 00:29:33 [38;5;009m[ERROR]: [0mThis is a error message from thread 2318-09-2026 00:29:33 [38;5;015m[INFO]: [0mThis is a info message from thread 718-09-2026 00:29:33 [38;5;009m[ERROR]: [0mThis is a error message from thread 2618-09-2026 00:29:33 [38;5;009m[ERROR]: [0mThis is a error message from thread 318-09-2026 00:29:33 [38;5;117m[DEBUG]: [0mThis is a debug message from thread 218-09-2026 00:29:33 [38;5;117m[DEBUG]: [0mThis is a debug message from thread 2618-09-2026 00:29:33 [38;5;117m[DEBUG]: [0mThis is a debug message from thread 2218-09-2026 00:29:33 [38;5;117m[DEBUG]: [0mThis is a debug message from thread 2318-09-2026 00:29:33 [38;5;009m[ERROR]: [0mThis is a error message from thread 2018-09-2026 00:29:33 [38;5;015m[INFO]: [0mThis is a info message from thread 2318-09-2026 00:29:33 [38;5;009m[ERROR]: [0mThis is a error message from thread 718-09-2026 00:29:33 [38;5;117m[DEBUG]: [0mThis is a debug message from thread 1218-09-2026 00:29:33 [38;5;009m[ERROR]: [0mThis is a error message from thread 118-09-2026 00:29:33 [38;5;117m[DEBUG]: [0mThis is a debug message from thread 1518-09-2026 00:29:33 [38;5;117m[DEBUG]: [0mThis is a debug message from thread 718-09-2026 00:29:33 [38;5;117m[DEBUG]: [0mThis is a debug message from thread 818-09-2026 00:29:33 [38;5;117m[DEBUG]: [0mThis is a debug message from thread 418-09-2026 00:29:33 [38;5;009m[ERROR]: [0mThis is a error message from thread 1818-09-2026 00:29:33 [38;5;117m[DEBUG]: [0mThis is a debug message from thread 2018-09-2026 00:29:33 [38;5;015m[INFO]: [0mThis is a info message from thread 1218-09-2026 00:29:33 [38;5;117m[DEBUG]: [0mThis is a debug message from thread 2818-09-2026 00:29:33 [38;5;015m[INFO]: [0mThis is a info message from thread 218-09-2026 00:29:33 [38;5;015m[INFO]: [0mThis is a info message from thread 1318-09-2026 00:29:33 [38;5;117m[DEBUG]: [0mThis is a debug message from thread 1418-09-2026 00:29:33 [38;5;009m[ERROR]: [0mThis is a error message from thread 1218-09-2026 00:29:33 [38;5;015m[INFO]: [0mThis is a info message from thread 1518-09-2026 00:29:33 [38;5;009m[ERROR]: [0mThis is a error message from thread 218-09-2026 00:29:33 [38;5;015m[INFO]: [0mThis is a info message from thread 418-09-2026 00:29:33 [38;5;015m[INFO]: [0mThis is a info message from thread 2818-09-2026 00:29:33 [38;5;117m[DEBUG]: [0mThis is a debug message from thread 018-09-2026 00:29:33 [38;5;015m[INFO]: [0mThis is a info message from thread 1418-09-2026 00:29:33 [38;5;117m[DEBUG]: [0mThis is a debug message from thread 1118-09-2026 00:29:33 [38;5;009m[ERROR]: [0mThis is a error message from thread 1318-09-2026 00:29:33 [38;5;015m[INFO]: [0mThis is a info message from thread 018-09-2026 00:29:33 [38;5;015m[INFO]: [0mThis is a info message from thread 2218-09-2026 00:29:33 [38;5;117m[DEBUG]: [0mThis is a debug message from thread 1218-09-2026 00:29:33 [38;5;117m[DEBUG]: [0mThis is a debug message from thread 1318-09-2026 00:29:33 [38;5;009m[ERROR]: [0mThis is a error message from thread 1918-09-2026 00:29:33 [38;5;009m[ERROR]: [0mThis is a error message from thread 1518-09-2026 00:29:33 [38;5;117m[DEBUG]: [0mThis is a debug message from thread 218-09-2026 00:29:33 [38;5;009m[ERROR]: [0mThis is a error message from thread 2218-09-2026 00:29:33 [38;5;009m[ERROR]: [0mThis is a error message from thread 1418-09-2026 00:29:33 [38;5;117m[DEBUG]: [0mThis is a debug message from thread 918-09-2026 00:29:33 [38;5;117m[DEBUG]: [0mThis is a debug message from thread 2918-09-2026 00:29:33 [38;5;009m[ERROR]: [0mThis is a error message from thread 018-09-2026 00:29:33 [38;5;015m[INFO]: [0mThis is a info message from thread 2418-09-2026 00:29:33 [38;5;015m[INFO]: [0mThis is a info message from thread 918-09-2026 00:29:33 [38;5;009m[ERROR]: [0mThis is a error message from thread 2818-09-2026 00:29:33 [38;5;117m[DEBUG]: [0mThis is a debug message from thread 1918-09-2026 00:29:33 [38;5;015m[INFO]: [0mThis is a info message from thread 2918-09-2026 00:29:33 [38;5;015m[INFO]: [0mThis is a info message from thread 2618-09-2026 00:29:33 [38;5;117m[DEBUG]: [0mThis is a debug message from thread 318-09-2026 00:29:33 [38;5;117m[DEBUG]: [0mThis is a debug message from thread 018-09-2026 00:29:33 [38;5;015m[INFO]: [0mThis is a info message from thread 1918-09-2026 00:29:33 [38;5;117m[DEBUG]: [0mThis is a debug message from thread 1618-09-2026 00:29:33 [38;5;117m[DEBUG]: [0mThis is a debug message from thread 2818-09-2026 00:29:33 [38;5;009m[ERROR]: [0mThis is a error message from thread 618-09-2026 00:29:33 [38;5;015m[INFO]: [0mThis is a info message from thread 2118-09-2026 00:29:33 [38;5;015m[INFO]: [0mThis is a info message from thread 218-09-2026 00:29:33 [38;5;015m[INFO]: [0mThis is a info message from thread 2718-09-2026 00:29:33 [38;5;009m[ERROR]: [0mThis is a error message from thread 2318-09-2026 00:29:33 [38;5;015m[INFO]: [0mThis is a info message from thread 018-09-2026 00:29:33 [38;5;015m[INFO]: [0mThis is a info message from thread 518-09-2026 00:29:33 [38;5;009m[ERROR]: [0mThis is a error message from thread 1918-09-2026 00:29:33 [38;5;009m[ERROR]: [0mThis is a error message from thread 218-09-2026 00:29:33 [38;5;009m[ERROR]: [0mThis is a error message from thread 2118-09-2026 00:29:33 [38;5;009m[ERROR]: [0mThis is a error message from thread 018-09-2026 00:29:33 [38;5;009m[ERROR]: [0mThis is a error message from thread 2618-09-2026 00:29:33 [38;5;117m[DEBUG]: [0mThis is a debug message from thread 1518-09-2026 00:29:33 [38;5;015m[INFO]: [0mThis is a info message from thread 718-09-2026 00:29:33 [38;5;009m[ERROR]: [0mThis is a error message from thread 2718-09-2026 00:29:33 [38;5;117m[DEBUG]: [0mThis is a debug message from thread 2118-09-2026 00:29:33 [38;5;117m[DEBUG]: [0mThis is a debug message from thread 1818-09-2026 00:29:33 [38;5;117m[DEBUG]: [0mThis is a debug message from thread 118-09-2026 00:29:33 [38;5;015m[INFO]: [0mThis is a info message from thread 2018-09-2026 00:29:33 [38;5;117m[DEBUG]: [0mThis is a debug message from thread 018-09-2026 00:29:33 [38;5;117m[DEBUG]: [0mThis is a debug message from thread 1018-09-2026 00:29:33 [38;5;117m[DEBUG]: [0mThis is a debug message from thread 2718-09-2026 00:29:33 [38;5;117m[DEBUG]: [0mThis is a debug message from thread 1418-09-2026 00:29:33 [38;5;015m[INFO]: [0mThis is a info message from thread 018-09-2026 00:29:33 [38;5;015m[INFO]: [0mThis is a info message from thread 1518-09-2026 00:29:33 [38;5;015m[INFO]: [0mThis is a info message from thread 2118-09-2026 00:29:33 [38;5;015m[INFO]: [0mThis is a info message from thread 1018-09-2026 00:29:33 [38;5;015m[INFO]: [0mThis is a info message from thread 818-09-2026 00:29:33 [38;5;009m[ERROR]: [0mThis is a error message from thread 2018-09-2026 00:29:33 [38;5;015m[INFO]: [0mThis is a info message from thread 2718-09-2026 00:29:33 [38;5;117m[DEBUG]: [0mThis is a debug message from thread 2018-09-2026 00:29:33 [38;5;015m[INFO]: [0mThis is a info message from thread 1818-09-2026 00:29:33 [38;5;015m[INFO]: [0mThis is a info message from thread 1618-09-2026 00:29:33 [38;5;117m[DEBUG]: [0mThis is a debug message from thread 2218-09-2026 00:29:33 [38;5;009m[ERROR]: [0mThis is a error message from thread 2718-09-2026 00:29:33 [38;5;009m[ERROR]: [0mThis is a error message from thread 1018-09-2026 00:29:33 [38;5;009m[ERROR]: [0mThis is a error message from thread 2918-09-2026 00:29:33 [38;5;015m[INFO]: [0mThis is a info message from thread 2818-09-2026 00:29:33 [38;5;009m[ERROR]: [0mThis is a error message from thread 818-09-2026 00:29:33 [38;5;015m[INFO]: [0mThis is a info message from thread 1218-09-2026 00:29:33 [38;5;009m[ERROR]: [0mThis is a error message from thread 1818-09-2026 00:29:33 [38;5;015m[INFO]: [0mThis is a info message from thread 2018-09-2026 00:29:33 [38;5;117m[DEBUG]: [0mThis is a debug message from thread 2318-09-2026 00:29:33 [38;5;117m[DEBUG]: [0mThis is a debug message from thread 618-09-2026 00:29:33 [38;5;009m[ERROR]: [0mThis is a error message from thread 1718-09-2026 00:29:33 [38;5;009m[ERROR]: [0mThis is a error message from thread 518-09-2026 00:29:33 [38;5;117m[DEBUG]: [0mThis is a debug message from thread 818-09-2026 00:29:33 [38;5;117m[DEBUG]: [0mThis is a debug message from thread 2618-09-2026 00:29:33 [38;5;117m[DEBUG]: [0mThis is a debug message from thread 1718-09-2026 00:29:33 [38;5;117m[DEBUG]: [0mThis is a debug message from thread 1018-09-2026 00:29:33 [38;5;117m[DEBUG]: [0mThis is a debug message from thread 1818-09-2026 00:29:33 [38;5;009m[ERROR]: [0mThis is a error message from thread 918-09-2026 00:29:33 [38;5;015m[INFO]: [0mThis is a info message from thread 118-09-2026 00:29:33 [38;5;015m[INFO]: [0mThis is a info message from thread 1318-09-2026 00:29:33 [38;5;015m[INFO]: [0mThis is a info message from thread 1418-09-2026 00:29:33 [38;5;117m[DEBUG]: [0mThis is a debug message from thread 518-09-2026 00:29:33 [38;5;009m[ERROR]: [0mThis is a error message from thread 1618-09-2026 00:29:33 [38;5;009m[ERROR]: [0mThis is a error message from thread 1418-09-2026 00:29:33 [38;5;015m[INFO]: [0mThis is a info message from thread 518-09-2026 00:29:33 [38;5;015m[INFO]: [0mThis is a info message from thread 2218-09-2026 00:29:33 [38;5;117m[DEBUG]: [0mThis is a debug message from thread 1418-09-2026 00:29:33 [38;5;009m[ERROR]: [0mThis is a error message from thread 2118-09-2026 00:29:33 [38;5;015m[INFO]: [0mThis is a info message from thread 1418-09-2026 00:29:33 [38;5;009m[ERROR]: [0mThis is a error message from thread 518-09-2026 00:29:33 [38;5;009m[ERROR]: [0mThis is a error message from thread 2818-09-2026 00:29:33 [38;5;117m[DEBUG]: [0mThis is a debug message from thread 2118-09-2026 00:29:33 [38;5;009m[ERROR]: [0mThis is a error message from thread 718-09-2026 00:29:33 [38;5;015m[INFO]: [0mThis is a info message from thread 1118-09-2026 00:29:33 [38;5;117m[DEBUG]: [0mThis is a debug message from thread 2518-09-2026 00:29:33 [38;5;009m[ERROR]: [0mThis is a error message from thread 1418-09-2026 00:29:33 [38;5;009m[ERROR]: [0mThis is a error message from thread 418-09-2026 00:29:33 [38;5;015m[INFO]: [0mThis is a info message from thread 2118-09-2026 00:29:33 [38;5;015m[INFO]: [0mThis is a info message from thread 1018-09-2026 00:29:33 [38;5;009m[ERROR]: [0mThis is a error message from thread 2418-09-2026 00:29:33 [38;5;009m[ERROR]: [0mThis is a error message from thread 118-09-2026 00:29:33 [38;5;015m[INFO]: [0mThis is a info message from thread 2318-09-2026 00:29:33 [38;5;009m[ERROR]: [0mThis is a error message from thread 1018-09-2026 00:29:33 [38;5;015m[INFO]: [0mThis is a info message from thread 318-09-2026 00:29:33 [38;5;117m[DEBUG]: [0mThis is a debug message from thread 118-09-2026 00:29:33 [38;5;009m[ERROR]: [0mThis is a error message from thread 2018-09-2026 00:29:33 [38;5;015m[INFO]: [0mThis is a info message from thread 1718-09-2026 00:29:33 [38;5;015m[INFO]: [0mThis is a info message from thread 1818-09-2026 00:29:33 [38;5;117m[DEBUG]: [0mThis is a debug message from thread 2018-09-2026 00:29:33 [38;5;009m[ERROR]: [0mThis is a error message from thread 1718-09-2026 00:29:33 [38;5;009m[ERROR]: [0mThis is a error message from thread 318-09-2026 00:29:33 [38;5;117m[DEBUG]: [0mThis is a debug message from thread 918-09-2026 00:29:33 [38;5;009m[ERROR]: [0mThis is a error message from thread 1218-09-2026 00:29:33 [38;5;117m[DEBUG]: [0mThis is a debug message from thread 1618-09-2026 00:29:33 [38;5;015m[INFO]: [0mThis is a info message from thread 918-09-2026 00:29:33 [38;5;117m[DEBUG]: [0mThis is a debug message from thread 318-09-2026 00:29:33 [38;5;015m[INFO]: [0mThis is a info message from thread 1618-09-2026 00:29:33 [38;5;009m[ERROR]: [0mThis is a error message from thread 918-09-2026 00:29:33 [38;5;117m[DEBUG]: [0mThis is a debug message from thread 1218-09-2026 00:29:33 [38;5;009m[ERROR]: [0mThis is a error message from thread 1618-09-2026 00:29:33 [38;5;117m[DEBUG]: [0mThis is a debug message from thread 918-09-2026 00:29:33 [38;5;015m[INFO]: [0mThis is a info message from thread 318-09-2026 00:29:33 [38;5;015m[INFO]: [0mThis is a info message from thread 1218-09-2026 00:29:33 [38;5;117m[DEBUG]: [0mThis is a debug message from thread 1618-09-2026 00:29:33 [38;5;009m[ERROR]: [0mThis is a error message from thread 018-09-2026 00:29:33 [38;5;009m[ERROR]: [0mThis is a error message from thread 318-09-2026 00:29:33 [38;5;015m[INFO]: [0mThis is a info message from thread 1618-09-2026 00:29:33 [38;5;009m[ERROR]: [0mThis is a error message from thread 1218-09-2026 00:29:33 [38;5;117m[DEBUG]: [0mThis is a debug message from thread 318-09-2026 00:29:33 [38;5;009m[ERROR]: [0mThis is a error message from thread 1618-09-2026 00:29:33 [38;5;117m[DEBUG]: [0mThis is a debug message from thread 1218-09-2026 00:29:33 [38;5;117m[DEBUG]: [0mThis is a debug message from thread 1918-09-2026 00:29:33 [38;5;117m[DEBUG]: [0mThis is a debug message from thread 1618-09-2026 00:29:33 [38;5;117m[DEBUG]: [0mThis is a debug message from thread 018-09-2026 00:29:33 [38;5;015m[INFO]: [0mThis is a info message from thread 1618-09-2026 00:29:33 [38;5;015m[INFO]: [0mThis is a info message from thread 1918-09-2026 00:29:33 [38;5;015m[INFO]: [0mThis is a info message from thread 018-09-2026 00:29:33 [38;5;015m[INFO]: [0mThis is a info message from thread 318-09-2026 00:29:33 [38;5;009m[ERROR]: [0mThis is a error message from thread 1618-09-2026 00:29:33 [38;5;117m[DEBUG]: [0mThis is a debug message from thread 718-09-2026 00:29:33 [38;5;009m[ERROR]: [0mThis is a error message from thread 318-09-2026 00:29:33 [38;5;015m[INFO]: [0mThis is a info message from thread 718-09-2026 00:29:33 [38;5;009m[ERROR]: [0mThis is a error message from thread 1918-09-2026 00:29:33 [38;5;117m[DEBUG]: [0mThis is a debug message from thread 2718-09-2026 00:29:33 [38;5;117m[DEBUG]: [0mThis is a debug message from thread 318-09-2026 00:29:33 [38;5;009m[ERROR]: [0mThis is a error message from thread 018-09-2026 00:29:33 [38;5;117m[DEBUG]: [0mThis is a debug message from thread 1618-09-2026 00:29:33 [38;5;117m[DEBUG]: [0mThis is a debug message from thread 518-09-2026 00:29:33 [38;5;009m[ERROR]: [0mThis is a error message from thread 718-09-2026 00:29:33 [38;5;015m[INFO]: [0mThis is a info message from thread 2518-09-2026 00:29:33 [38;5;009m[ERROR]: [0mThis is a error message from thread 2218-09-2026 00:29:33 [38;5;009m[ERROR]: [0mThis is a error message from thread 1318-09-2026 00:29:33 [38;5;117m[DEBUG]: [0mThis is a debug message from thread 218-09-2026 00:29:33 [38;5;015m[INFO]: [0mThis is a info message from thread 2618-09-2026 00:29:33 [38;5;117m[DEBUG]: [0mThis is a debug message from thread 1918-09-2026 00:29:33 [38;5;117m[DEBUG]: [0mThis is a debug message from thread 018-09-2026 00:29:33 [38;5;015m[INFO]: [0mThis is a info message from thread 918-09-2026 00:29:33 [38;5;117m[DEBUG]: [0mThis is a debug message from thread 2818-09-2026 00:29:33 [38;5;009m[ERROR]: [0mThis is a error message from thread 2518-09-2026 00:29:33 [38;5;009m[ERROR]: [0mThis is a error message from thread 1118-09-2026 00:29:33 [38;5;015m[INFO]: [0mThis is a info message from thread 1918-09-2026 00:29:33 [38;5;117m[DEBUG]: [0mThis is a debug message from thread 1018-09-2026 00:29:33 [38;5;117m[DEBUG]: [0mThis is a debug message from thread 2218-09-2026 00:29:33 [38;5;009m[ERROR]: [0mThis is a error message from thread 1518-09-2026 00:29:33 [38;5;015m[INFO]: [0mThis is a info message from thread 2818-09-2026 00:29:33 [38;5;015m[INFO]: [0mThis is a info message from thread 218-09-2026 00:29:33 [38;5;117m[DEBUG]: [0mThis is a debug message from thread 2418-09-2026 00:29:33 [38;5;009m[ERROR]: [0mThis is a error message from thread 1918-09-2026 00:29:33 [38;5;009m[ERROR]: [0mThis is a error message from thread 1818-09-2026 00:29:33 [38;5;015m[INFO]: [0mThis is a info message from thread 818-09-2026 00:29:33 [38;5;015m[INFO]: [0mThis is a info message from thread 2018-09-2026 00:29:33 [38;5;015m[INFO]: [0mThis is a info message from thread 118-09-2026 00:29:33 [38;5;117m[DEBUG]: [0mThis is a debug message from thread 1918-09-2026 00:29:33 [38;5;015m[INFO]: [0mThis is a info message from thread 1018-09-2026 00:29:33 [38;5;117m[DEBUG]: [0mThis is a debug message from thread 2918-09-2026 00:29:33 [38;5;015m[INFO]: [0mThis is a info message from thread 2918-09-2026 00:29:33 [38;5;117m[DEBUG]: [0mThis is a debug message from thread 1718-09-2026 00:29:33 [38;5;009m[ERROR]: [0mThis is a error message from thread 218-09-2026 00:29:33 [38;5;009m[ERROR]: [0mThis is a error message from thread 1018-09-2026 00:29:33 [38;5;117m[DEBUG]: [0mThis is a debug message from thread 1018-09-2026 00:29:33 [38;5;015m[INFO]: [0mThis is a info message from thread 1918-09-2026 00:29:33 [38;5;015m[INFO]: [0mThis is a info message from thread 2418-09-2026 00:29:33 [38;5;015m[INFO]: [0mThis is a info message from thread 2218-09-2026 00:29:33 [38;5;015m[INFO]: [0mThis is a info message from thread 2718-09-2026 00:29:33 [38;5;015m[INFO]: [0mThis is a info message from thread 1018-09-2026 00:29:33 [38;5;009m[ERROR]: [0mThis is a error message from thread 2418-09-2026 00:29:33 [38;5;009m[ERROR]: [0mThis is a error message from thread 2818-09-2026 00:29:33 [38;5;015m[INFO]: [0mThis is a info message from thread 318-09-2026 00:29:33 [38;5;117m[DEBUG]: [0mThis is a debug message from thread 1818-09-2026 00:29:33 [38;5;117m[DEBUG]: [0mThis is a debug message from thread 718-09-2026 00:29:33 [38;5;117m[DEBUG]: [0mThis is a debug message from thread 1318-09-2026 00:29:33 [38;5;009m[ERROR]: [0mThis is a error message from thread 118-09-2026 00:29:33 [38;5;117m[DEBUG]: [0mThis is a debug message from thread 1118-09-2026 00:29:33 [38;5;015m[INFO]: [0mThis is a info message from thread 718-09-2026 00:29:33 [38;5;117m[DEBUG]: [0mThis is a debug message from thread 118-09-2026 00:29:33 [38;5;009m[ERROR]: [0mThis is a error message from thread 318-09-2026 00:29:33 [38;5;117m[DEBUG]: [0mThis is a debug message from thread 418-09-2026 00:29:33 [38;5;009m[ERROR]: [0mThis is a error message from thread 1918-09-2026 00:29:33 [38;5;009m[ERROR]: [0mThis is a error message from thread 1018-09-2026 00:29:33 [38;5;015m[INFO]: [0mThis is a info message from thread 618-09-2026 00:29:33 [38;5;009m[ERROR]: [0mThis is a error message from thread 2318-09-2026 00:29:33 [38;5;009m[ERROR]: [0mThis is a error message from thread 718-09-2026 00:29:33 [38;5;117m[DEBUG]: [0mThis is a debug message from thread 1918-09-2026 00:29:33 [38;5;015m[INFO]: [0mThis is a info message from thread 1818-09-2026 00:29:33 [38;5;117m[DEBUG]: [0mThis is a debug message from thread 2518-09-2026 00:29:33 [38;5;015m[INFO]: [0mThis is a info message from thread 418-09-2026 00:29:33 [38;5;009m[ERROR]: [0mThis is a error message from thread 2218-09-2026 00:29:33 [38;5;117m[DEBUG]: [0mThis is a debug message from thread 1018-09-2026 00:29:33 [38;5;015m[INFO]: [0mThis is a info message from thread 118-09-2026 00:29:33 [38;5;117m[DEBUG]: [0mThis is a debug message from thread 218-09-2026 00:29:33 [38;5;117m[DEBUG]: [0mThis is a debug message from thread 2318-09-2026 00:29:33 [38;5;015m[INFO]: [0mThis is a info message from thread 1018-09-2026 00:29:33 [38;5;009m[ERROR]: [0mThis is a error message from thread 418-09-2026 00:29:33 [38;5;117m[DEBUG]: [0mThis is a debug message from thread 1418-09-2026 00:29:33 [38;5;009m[ERROR]: [0mThis is a error message from thread 2718-09-2026 00:29:33 [38;5;009m[ERROR]: [0mThis is a error message from thread 2118-09-2026 00:29:33 [38;5;009m[ERROR]: [0mThis is a error message from thread 618-09-2026 00:29:33 [38;5;009m[ERROR]: [0mThis is a error message from thread 918-09-2026 00:29:33 [38;5;009m[ERROR]: [0mThis is a error message from thread 1018-09-2026 00:29:33 [38;5;015m[INFO]: [0mThis is a info message from thread 2318-09-2026 00:29:33 [38;5;117m[DEBUG]: [0mThis is a debug message from thread 1018-09-2026 00:29:33 [38;5;009m[ERROR]: [0mThis is a error message from thread 2318-09-2026 00:29:33 [38;5;117m[DEBUG]: [0mThis is a debug message from thread 2218-09-2026 00:29:33 [38;5;015m[INFO]: [0mThis is a info message from thread 1618-09-2026 00:29:33 [38;5;117m[DEBUG]: [0mThis is a debug message from thread 2718-09-2026 00:29:33 [38;5;117m[DEBUG]: [0mThis is a debug message from thread 2318-09-2026 00:29:33 [38;5;117m[DEBUG]: [0mThis is a debug message from thread 2118-09-2026 00:29:33 [38;5;009m[ERROR]: [0mThis is a error message from thread 2618-09-2026 00:29:33 [38;5;009m[ERROR]: [0mThis is a error message from thread 1618-09-2026 00:29:33 [38;5;117m[DEBUG]: [0mThis is a debug message from thread 418-09-2026 00:29:33 [38;5;015m[INFO]: [0mThis is a info message from thread 218-09-2026 00:29:33 [38;5;117m[DEBUG]: [0mThis is a debug message from thread 2618-09-2026 00:29:33 [38;5;015m[INFO]: [0mThis is a info message from thread 2318-09-2026 00:29:33 [38;5;015m[INFO]: [0mThis is a info message from thread 2118-09-2026 00:29:33 [38;5;117m[DEBUG]: [0mThis is a debug message from thread 618-09-2026 00:29:33 [38;5;015m[INFO]: [0mThis is a info message from thread 2218-09-2026 00:29:33 [38;5;009m[ERROR]: [0mThis is a error message from thread 2218-09-2026 00:29:33 [38;5;009m[ERROR]: [0mThis is a error message from thread 2318-09-2026 00:29:33 [38;5;015m[INFO]: [0mThis is a info message from thread 2618-09-2026 00:29:33 [38;5;117m[DEBUG]: [0mThis is a debug message from thread 318-09-2026 00:29:33 [38;5;015m[INFO]: [0mThis is a info message from thread 018-09-2026 00:29:33 [38;5;117m[DEBUG]: [0mThis is a debug message from thread 2418-09-2026 00:29:33 [38;5;015m[INFO]: [0mThis is a info message from thread 1418-09-2026 00:29:33 [38;5;009m[ERROR]: [0mThis is a error message from thread 018-09-2026 00:29:33 [38;5;009m[ERROR]: [0mThis is a error message from thread 818-09-2026 00:29:33 [38;5;015m[INFO]: [0mThis is a info message from thread 1918-09-2026 00:29:33 [38;5;009m[ERROR]: [0mThis is a error message from thread 1418-09-2026 00:29:33 [38;5;015m[INFO]: [0mThis is a info message from thread 2418-09-2026 00:29:33 [38;5;117m[DEBUG]: [0mThis is a debug message from thread 2818-09-2026 00:29:33 [38;5;015m[INFO]: [0mThis is a info message from thread 1018-09-2026 00:29:33 [38;5;015m[INFO]: [0mThis is a info message from thread 518-09-2026 00:29:33 [38;5;009m[ERROR]: [0mThis is a error message from thread 118-09-2026 00:29:33 [38;5;015m[INFO]: [0mThis is a info message from thread 618-09-2026 00:29:33 [38;5;117m[DEBUG]: [0mThis is a debug message from thread 2318-09-2026 00:29:33 [38;5;009m[ERROR]: [0mThis is a error message from thread 1818-09-2026 00:29:33 [38;5;117m[DEBUG]: [0mThis is a debug message from thread 2218-09-2026 00:29:33 [38;5;009m[ERROR]: [0mThis is a error message from thread 2418-09-2026 00:29:33 [38;5;015m[INFO]: [0mThis is a info message from thread 2318-09-2026 00:29:33 [38;5;009m[ERROR]: [0mThis is a error message from thread 2618-09-2026 00:29:33 [38;5;117m[DEBUG]: [0mThis is a debug message from thread 918-09-2026 00:29:33 [38;5;009m[ERROR]: [0mThis is a error message from thread 618-09-2026 00:29:33 [38;5;009m[ERROR]: [0mThis is a error message from thread 2118-09-2026 00:29:33 [38;5;117m[DEBUG]: [0mThis is a debug message from thread 718-09-2026 00:29:33 [38;5;015m[INFO]: [0mThis is a info message from thread 2718-09-2026 00:29:33 [38;5;009m[ERROR]: [0mThis is a error message from thread 2318-09-2026 00:29:33 [38;5;015m[INFO]: [0mThis is a info message from thread 1718-09-2026 00:29:33 [38;5;015m[INFO]: [0mThis is a info message from thread 318-09-2026 00:29:33 [38;5;117m[DEBUG]: [0mThis is a debug message from thread 2618-09-2026 00:29:33 [38;5;117m[DEBUG]: [0mThis is a debug message from thread 818-09-2026 00:29:33 [38;5;117m[DEBUG]: [0mThis is a debug message from thread 2118-09-2026 00:29:33 [38;5;015m[INFO]: [0mThis is a info message from thread 2218-09-2026 00:29:33 [38;5;009m[ERROR]: [0mThis is a error message from thread 1718-09-2026 00:29:33 [38;5;117m[DEBUG]: [0mThis is a debug message from thread 1818-09-2026 00:29:33 [38;5;009m[ERROR]: [0mThis is a error message from thread 318-09-2026 00:29:33 [38;5;117m[DEBUG]: [0mThis is a debug message from thread 1718-09-2026 00:29:33 [38;5;015m[INFO]: [0mThis is a info message from thread 918-09-2026 00:29:33 [38;5;015m[INFO]: [0mThis is a info message from thread 1118-09-2026 00:29:33 [38;5;117m[DEBUG]: [0mThis is a debug message from thread 1518-09-2026 00:29:33 [38;5;117m[DEBUG]: [0mThis is a debug message from thread 618-09-2026 00:29:33 [38;5;015m[INFO]: [0mThis is a info message from thread 2118-09-2026 00:29:33 [38;5;117m[DEBUG]: [0mThis is a debug message from thread 2318-09-2026 00:29:33 [38;5;015m[INFO]: [0mThis is a info message from thread 2618-09-2026 00:29:33 [38;5;009m[ERROR]: [0mThis is a error message from thread 1118-09-2026 00:29:33 [38;5;009m[ERROR]: [0mThis is a error message from thread 2118-09-2026 00:29:33 [38;5;015m[INFO]: [0mThis is a info message from thread 618-09-2026 00:29:33 [38;5;117m[DEBUG]: [0mThis is a debug message from thread 1418-09-2026 00:29:33 [38;5;015m[INFO]: [0mThis is a info message from thread 1818-09-2026 00:29:33 [38;5;015m[INFO]: [0mThis is a info message from thread 1318-09-2026 00:29:33 [38;5;117m[DEBUG]: [0mThis is a debug message from thread 2118-09-2026 00:29:33 [38;5;015m[INFO]: [0mThis is a info message from thread 418-09-2026 00:29:33 [38;5;009m[ERROR]: [0mThis is a error message from thread 2618-09-2026 00:29:33 [38;5;009m[ERROR]: [0mThis is a error message from thread 618-09-2026 00:29:33 [38;5;117m[DEBUG]: [0mThis is a debug message from thread 2618-09-2026 00:29:33 [38;5;015m[INFO]: [0mThis is a info message from thread 2118-09-2026 00:29:33 [38;5;015m[INFO]: [0mThis is a info message from thread 2618-09-2026 00:29:33 [38;5;117m[DEBUG]: [0mThis is a debug message from thread 1618-09-2026 00:29:33 [38;5;015m[INFO]: [0mThis is a info message from thread 1518-09-2026 00:29:33 [38;5;009m[ERROR]: [0mThis is a error message from thread 2118-09-2026 00:29:33 [38;5;009m[ERROR]: [0mThis is a error message from thread 418-09-2026 00:29:33 [38;5;009m[ERROR]: [0mThis is a error message from thread 1318-09-2026 00:29:33 [38;5;117m[DEBUG]: [0mThis is a debug message from thread 2118-09-2026 00:29:33 [38;5;117m[DEBUG]: [0mThis is a debug message from thread 418-09-2026 00:29:33 [38;5;009m[ERROR]: [0mThis is a error message from thread 1918-09-2026 00:29:33 [38;5;117m[DEBUG]: [0mThis is a debug message from thread 1918-09-2026 00:29:33 [38;5;117m[DEBUG]: [0mThis is a debug message from thread 318-09-2026 00:29:33 [38;5;009m[ERROR]: [0mThis is a error message from thread 2618-09-2026 00:29:33 [38;5;009m[ERROR]: [0mThis is a error message from thread 1518-09-2026 00:29:33 [38;5;009m[ERROR]: [0mThis is a error message from thread 2718-09-2026 00:29:33 [38;5;117m[DEBUG]: [0mThis is a debug message from thread 118-09-2026 00:29:33 [38;5;117m[DEBUG]: [0mThis is a debug message from thread 2618-09-2026 00:29:33 [38;5;015m[INFO]: [0mThis is a info message from thread 1618-09-2026 00:29:33 [38;5;009m[ERROR]: [0mThis is a error message from thread 2018-09-2026 00:29:33 [38;5;117m[DEBUG]: [0mThis is a debug message from thread 018-09-2026 00:29:33 [38;5;015m[INFO]: [0mThis is a info message from thread 718-09-2026 00:29:33 [38;5;009m[ERROR]: [0mThis is a error message from thread 2218-09-2026 00:29:33 [38;5;009m[ERROR]: [0mThis is a error message from thread 718-09-2026 00:29:33 [38;5;117m[DEBUG]: [0mThis is a debug message from thread 2218-09-2026 00:29:33 [38;5;117m[DEBUG]: [0mThis is a debug message from thread 1518-09-2026 00:29:33 [38;5;117m[DEBUG]: [0mThis is a debug message from thread 2018-09-2026 00:29:33 [38;5;015m[INFO]: [0mThis is a info message from thread 2218-09-2026 00:29:33 [38;5;117m[DEBUG]: [0mThis is a debug message from thread 718-09-2026 00:29:33 [38;5;117m[DEBUG]: [0mThis is a debug message from thread 2418-09-2026 00:29:33 [38;5;009m[ERROR]: [0mThis is a error message from thread 1818-09-2026 00:29:33 [38;5;015m[INFO]: [0mThis is a info message from thread 1518-09-2026 00:29:33 [38;5;009m[ERROR]: [0mThis is a error message from thread 1618-09-2026 00:29:33 [38;5;015m[INFO]: [0mThis is a info message from thread 818-09-2026 00:29:33 [38;5;015m[INFO]: [0mThis is a info message from thread 2318-09-2026 00:29:33 [38;5;009m[ERROR]: [0mThis is a error message from thread 1518-09-2026 00:29:33 [38;5;009m[ERROR]: [0mThis is a error message from thread 2318-09-2026 00:29:33 [38;5;117m[DEBUG]: [0mThis is a debug message from thread 1618-09-2026 00:29:33 [38;5;009m[ERROR]: [0mThis is a error message from thread 818-09-2026 00:29:33 [38;5;015m[INFO]: [0mThis is a info message from thread 018-09-2026 00:29:33 [38;5;117m[DEBUG]: [0mThis is a debug message from thread 2318-09-2026 00:29:33 [38;5;117m[DEBUG]: [0mThis is a debug message from thread 1118-09-2026 00:29:33 [38;5;117m[DEBUG]: [0mThis is a debug message from thread 818-09-2026 00:29:33 [38;5;117m[DEBUG]: [0mThis is a debug message from thread 1318-09-2026 00:29:33 [38;5;009m[ERROR]: [0mThis is a error message from thread 2218-09-2026 00:29:33 [38;5;015m[INFO]: [0mThis is a info message from thread 718-09-2026 00:29:33 [38;5;015m[INFO]: [0mThis is a info message from thread 1318-09-2026 00:29:33 [38;5;015m[INFO]: [0mThis is a info message from thread 2018-09-2026 00:29:33 [38;5;015m[INFO]: [0mThis is a info message from thread 2118-09-2026 00:29:33 [38;5;117m[DEBUG]: [0mThis is a debug message from thread 1818-09-2026 00:29:33 [38;5;015m[INFO]: [0mThis is a info message from thread 1118-09-2026 00:29:33 [38;5;009m[ERROR]: [0mThis is a error message from thread 1318-09-2026 00:29:33 [38;5;015m[INFO]: [0mThis is a info message from thread 418-09-2026 00:29:33 [38;5;009m[ERROR]: [0mThis is a error message from thread 1018-09-2026 00:29:33 [38;5;015m[INFO]: [0mThis is a info message from thread 1418-09-2026 00:29:33 [38;5;009m[ERROR]: [0mThis is a error message from thread 218-09-2026 00:29:33 [38;5;117m[DEBUG]: [0mThis is a debug message from thread 2718-09-2026 00:29:33 [38;5;015m[INFO]: [0mThis is a info message from thread 2418-09-2026 00:29:33 [38;5;009m[ERROR]: [0mThis is a error message from thread 518-09-2026 00:29:33 [38;5;009m[ERROR]: [0mThis is a error message from thread 2918-09-2026 00:29:33 [38;5;015m[INFO]: [0mThis is a info message from thread 1818-09-2026 00:29:33 [38;5;015m[INFO]: [0mThis is a info message from thread 118-09-2026 00:29:33 [38;5;015m[INFO]: [0mThis is a info message from thread 2818-09-2026 00:29:33 [38;5;015m[INFO]: [0mThis is a info message from thread 2518-09-2026 00:29:33 [38;5;009m[ERROR]: [0mThis is a error message from thread 2418-09-2026 00:29:33 [38;5;015m[INFO]: [0mThis is a info message from thread 818-09-2026 00:29:33 [38;5;009m[ERROR]: [0mThis is a error message from thread 718-09-2026 00:29:33 [38;5;015m[INFO]: [0mThis is a info message from thread 2618-09-2026 00:29:33 [38;5;009m[ERROR]: [0mThis is a error message from thread 2118-09-2026 00:29:33 [38;5;117m[DEBUG]: [0mThis is a debug message from thread 618-09-2026 00:29:33 [38;5;117m[DEBUG]: [0mThis is a debug message from thread 2218-09-2026 00:29:33 [38;5;009m[ERROR]: [0mThis is a error message from thread 818-09-2026 00:29:33 [38;5;117m[DEBUG]: [0mThis is a debug message from thread 2418-09-2026 00:29:33 [38;5;117m[DEBUG]: [0mThis is a debug message from thread 218-09-2026 00:29:33 [38;5;009m[ERROR]: [0mThis is a error message from thread 2818-09-2026 00:29:33 [38;5;009m[ERROR]: [0mThis is a error message from thread 2018-09-2026 00:29:33 [38;5;117m[DEBUG]: [0mThis is a debug message from thread 1018-09-2026 00:29:33 [38;5;117m[DEBUG]: [0mThis is a debug message from thread 2118-09-2026 00:29:33 [38;5;015m[INFO]: [0mThis is a info message from thread 2218-09-2026 00:29:33 [38;5;009m[ERROR]: [0mThis is a error message from thread 1118-09-2026 00:29:33 [38;5;009m[ERROR]: [0mThis is a error message from thread 018-09-2026 00:29:33 [38;5;015m[INFO]: [0mThis is a info message from thread 1218-09-2026 00:29:33 [38;5;117m[DEBUG]: [0mThis is a debug message from thread 2018-09-2026 00:29:33 [38;5;009m[ERROR]: [0mThis is a error message from thread 2218-09-2026 00:29:33 [38;5;015m[INFO]: [0mThis is a info message from thread 218-09-2026 00:29:33 [38;5;117m[DEBUG]: [0mThis is a debug message from thread 2818-09-2026 00:29:33 [38;5;117m[DEBUG]: [0mThis is a debug message from thread 018-09-2026 00:29:33 [38;5;117m[DEBUG]: [0mThis is a debug message from thread 2218-09-2026 00:29:33 [38;5;015m[INFO]: [0mThis is a info message from thread 2818-09-2026 00:29:33 [38;5;009m[ERROR]: [0mThis is a error message from thread 2618-09-2026 00:29:33 [38;5;009m[ERROR]: [0mThis is a error message from thread 2818-09-2026 00:29:33 [38;5;117m[DEBUG]: [0mThis is a debug message from thread 1118-09-2026 00:29:33 [38;5;015m[INFO]: [0mThis is a info message from thread 2318-09-2026 00:29:33 [38;5;015m[INFO]: [0mThis is a info message from thread 1118-09-2026 00:29:33 [38;5;015m[INFO]: [0mThis is a info message from thread 318-09-2026 00:29:33 [38;5;117m[DEBUG]: [0mThis is a debug message from thread 2618-09-2026 00:29:33 [38;5;015m[INFO]: [0mThis is a info message from thread 2418-09-2026 00:29:33 [38;5;117m[DEBUG]: [0mThis is a debug message from thread 1518-09-2026 00:29:33 [38;5;015m[INFO]: [0mThis is a info message from thread 1618-09-2026 00:29:33 [38;5;009m[ERROR]: [0mThis is a error message from thread 2518-09-2026 00:29:33 [38;5;015m[INFO]: [0mThis is a info message from thread 2018-09-2026 00:29:33 [38;5;015m[INFO]: [0mThis is a info message from thread 1518-09-2026 00:29:33 [38;5;009m[ERROR]: [0mThis is a error message from thread 1418-09-2026 00:29:33 [38;5;015m[INFO]: [0mThis is a info message from thread 2118-09-2026 00:29:33 [38;5;009m[ERROR]: [0mThis is a error message from thread 2018-09-2026 00:29:33 [38;5;117m[DEBUG]: [0mThis is a debug message from thread 818-09-2026 00:29:33 [38;5;117m[DEBUG]: [0mThis is a debug message from thread 2518-09-2026 00:29:33 [38;5;009m[ERROR]: [0mThis is a error message from thread 1818-09-2026 00:29:33 [38;5;009m[ERROR]: [0mThis is a error message from thread 2418-09-2026 00:29:33 [38;5;015m[INFO]: [0mThis is a info message from thread 818-09-2026 00:29:33 [38;5;009m[ERROR]: [0mThis is a error message from thread 1218-09-2026 00:29:33 [38;5;009m[ERROR]: [0mThis is a error message from thread 1618-09-2026 00:29:33 [38;5;015m[INFO]: [0mThis is a info message from thread 2218-09-2026 00:29:33 [38;5;117m[DEBUG]: [0mThis is a debug message from thread 2018-09-2026 00:29:33 [38;5;015m[INFO]: [0mThis is a info message from thread 1718-09-2026 00:29:33 [38;5;009m[ERROR]: [0mThis is a error message from thread 118-09-2026 00:29:33 [38;5;009m[ERROR]: [0mThis is a error message from thread 918-09-2026 00:29:33 [38;5;015m[INFO]: [0mThis is a info message from thread 1018-09-2026 00:29:33 [38;5;009m[ERROR]: [0mThis is a error message from thread 1118-09-2026 00:29:33 [38;5;117m[DEBUG]: [0mThis is a debug message from thread 918-09-2026 00:29:33 [38;5;117m[DEBUG]: [0mThis is a debug message from thread 2918-09-2026 00:29:33 [38;5;009m[ERROR]: [0mThis is a error message from thread 318-09-2026 00:29:33 [38;5;015m[INFO]: [0mThis is a info message from thread 2718-09-2026 00:29:33 [38;5;015m[INFO]: [0mThis is a info message from thread 018-09-2026 00:29:33 [38;5;117m[DEBUG]: [0mThis is a debug message from thread 1418-09-2026 00:29:33 [38;5;009m[ERROR]: [0mThis is a error message from thread 1518-09-2026 00:29:33 [38;5;009m[ERROR]: [0mThis is a error message from thread 218-09-2026 00:29:33 [38;5;015m[INFO]: [0mThis is a info message from thread 2018-09-2026 00:29:33 [38;5;117m[DEBUG]: [0mThis is a debug message from thread 1518-09-2026 00:29:33 [38;5;117m[DEBUG]: [0mThis is a debug message from thread 1318-09-2026 00:29:33 [38;5;015m[INFO]: [0mThis is a info message from thread 1418-09-2026 00:29:33 [38;5;009m[ERROR]: [0mThis is a error message from thread 2218-09-2026 00:29:33 [38;5;117m[DEBUG]: [0mThis is a debug message from thread 118-09-2026 00:29:33 [38;5;009m[ERROR]: [0mThis is a error message from thread 2018-09-2026 00:29:33 [38;5;117m[DEBUG]: [0mThis is a debug message from thread 318-09-2026 00:29:33 [38;5;117m[DEBUG]: [0mThis is a debug message from thread 2018-09-2026 00:29:33 [38;5;015m[INFO]: [0mThis is a info message from thread 318-09-2026 00:29:33 [38;5;117m[DEBUG]: [0mThis is a debug message from thread 1618-09-2026 00:29:33 [38;5;015m[INFO]: [0mThis is a info message from thread 2018-09-2026 00:29:33 [38;5;009m[ERROR]: [0mThis is a error message from thread 418-09-2026 00:29:33 [38;5;015m[INFO]: [0mThis is a info message from thread 918-09-2026 00:29:33 [38;5;015m[INFO]: [0mThis is a info message from thread 1618-09-2026 00:29:33 [38;5;009m[ERROR]: [0mThis is a error message from thread 2018-09-2026 00:29:33 [38;5;009m[ERROR]: [0mThis is a error message from thread 918-09-2026 00:29:33 [38;5;015m[INFO]: [0mThis is a info message from thread 1518-09-2026 00:29:33 [38;5;117m[DEBUG]: [0mThis is a debug message from thread 218-09-2026 00:29:33 [38;5;117m[DEBUG]: [0mThis is a debug message from thread 718-09-2026 00:29:33 [38;5;015m[INFO]: [0mThis is a info message from thread 118-09-2026 00:29:33 [38;5;015m[INFO]: [0mThis is a info message from thread 718-09-2026 00:29:33 [38;5;015m[INFO]: [0mThis is a info message from thread 618-09-2026 00:29:33 [38;5;117m[DEBUG]: [0mThis is a debug message from thread 418-09-2026 00:29:33 [38;5;117m[DEBUG]: [0mThis is a debug message from thread 918-09-2026 00:29:33 [38;5;009m[ERROR]: [0mThis is a error message from thread 1618-09-2026 00:29:33 [38;5;015m[INFO]: [0mThis is a info message from thread 1918-09-2026 00:29:33 [38;5;009m[ERROR]: [0mThis is a error message from thread 118-09-2026 00:29:33 [38;5;009m[ERROR]: [0mThis is a error message from thread 2718-09-2026 00:29:33 [38;5;117m[DEBUG]: [0mThis is a debug message from thread 2818-09-2026 00:29:33 [38;5;117m[DEBUG]: [0mThis is a debug message from thread 1818-09-2026 00:29:33 [38;5;009m[ERROR]: [0mThis is a error message from thread 618-09-2026 00:29:33 [38;5;015m[INFO]: [0mThis is a info message from thread 418-09-2026 00:29:33 [38;5;015m[INFO]: [0mThis is a info message from thread 2618-09-2026 00:29:33 [38;5;009m[ERROR]: [0mThis is a error message from thread 718-09-2026 00:29:33 [38;5;015m[INFO]: [0mThis is a info message from thread 1318-09-2026 00:29:33 [38;5;009m[ERROR]: [0mThis is a error message from thread 318-09-2026 00:29:33 [38;5;015m[INFO]: [0mThis is a info message from thread 2918-09-2026 00:29:33 [38;5;117m[DEBUG]: [0mThis is a debug message from thread 2418-09-2026 00:29:33 [38;5;015m[INFO]: [0mThis is a info message from thread 2818-09-2026 00:29:33 [38;5;009m[ERROR]: [0mThis is a error message from thread 2318-09-2026 00:29:33 [38;5;117m[DEBUG]: [0mThis is a debug message from thread 618-09-2026 00:29:33 [38;5;015m[INFO]: [0mThis is a info message from thread 1818-09-2026 00:29:33 [38;5;009m[ERROR]: [0mThis is a error message from thread 1918-09-2026 00:29:33 [38;5;117m[DEBUG]: [0mThis is a debug message from thread 2718-09-2026 00:29:33 [38;5;117m[DEBUG]: [0mThis is a debug message from thread 318-09-2026 00:29:33 [38;5;009m[ERROR]: [0mThis is a error message from thread 2118-09-2026 00:29:33 [38;5;015m[INFO]: [0mThis is a info message from thread 2418-09-2026 00:29:33 [38;5;117m[DEBUG]: [0mThis is a debug message from thread 1918-09-2026 00:29:33 [38;5;117m[DEBUG]: [0mThis is a debug message from thread 2018-09-2026 00:29:33 [38;5;009m[ERROR]: [0mThis is a error message from thread 2918-09-2026 00:29:33 [38;5;009m[ERROR]: [0mThis is a error message from thread 2818-09-2026 00:29:33 [38;5;015m[INFO]: [0mThis is a info message from thread 918-09-2026 00:29:33 [38;5;009m[ERROR]: [0mThis is a error message from thread 818-09-2026 00:29:33 [38;5;117m[DEBUG]: [0mThis is a debug message from thread 718-09-2026 00:29:33 [38;5;015m[INFO]: [0mThis is a info message from thread 2718-09-2026 00:29:33 [38;5;015m[INFO]: [0mThis is a info message from thread 618-09-2026 00:29:33 [38;5;117m[DEBUG]: [0mThis is a debug message from thread 818-09-2026 00:29:33 [38;5;009m[ERROR]: [0mThis is a error message from thread 1018-09-2026 00:29:33 [38;5;117m[DEBUG]: [0mThis is a debug message from thread 2818-09-2026 00:29:33 [38;5;009m[ERROR]: [0mThis is a error message from thread 1818-09-2026 00:29:33 [38;5;009m[ERROR]: [0mThis is a error message from thread 918-09-2026 00:29:33 [38;5;015m[INFO]: [0mThis is a info message from thread 718-09-2026 00:29:33 [38;5;117m[DEBUG]: [0mThis is a debug message from thread 2918-09-2026 00:29:33 [38;5;009m[ERROR]: [0mThis is a error message from thread 1418-09-2026 00:29:33 [38;5;009m[ERROR]: [0mThis is a error message from thread 2618-09-2026 00:29:33 [38;5;015m[INFO]: [0mThis is a info message from thread 818-09-2026 00:29:33 [38;5;117m[DEBUG]: [0mThis is a debug message from thread 1018-09-2026 00:29:33 [38;5;009m[ERROR]: [0mThis is a error message from thread 2718-09-2026 00:29:33 [38;5;015m[INFO]: [0mThis is a info message from thread 2018-09-2026 00:29:33 [38;5;117m[DEBUG]: [0mThis is a debug message from thread 918-09-2026 00:29:33 [38;5;009m[ERROR]: [0mThis is a error message from thread 418-09-2026 00:29:33 [38;5;009m[ERROR]: [0mThis is a error message from thread 718-09-2026 00:29:33 [38;5;117m[DEBUG]: [0mThis is a debug message from thread 518-09-2026 00:29:33 [38;5;009m[ERROR]: [0mThis is a error message from thread 818-09-2026 00:29:33 [38;5;117m[DEBUG]: [0mThis is a debug message from thread 1218-09-2026 00:29:33 [38;5;117m[DEBUG]: [0mThis is a debug message from thread 1618-09-2026 00:29:33 [38;5;117m[DEBUG]: [0mThis is a debug message from thread 1418-09-2026 00:29:33 [38;5;009m[ERROR]: [0mThis is a error message from thread 2018-09-2026 00:29:33 [38;5;015m[INFO]: [0mThis is a info message from thread 318-09-2026 00:29:33 [38;5;015m[INFO]: [0mThis is a info message from thread 2918-09-2026 00:29:33 [38;5;117m[DEBUG]: [0mThis is a debug message from thread 818-09-2026 00:29:33 [38;5;009m[ERROR]: [0mThis is a error message from thread 2418-09-2026 00:29:33 [38;5;015m[INFO]: [0mThis is a info message from thread 1418-09-2026 00:29:33 [38;5;015m[INFO]: [0mThis is a info message from thread 1018-09-2026 00:29:33 [38;5;117m[DEBUG]: [0mThis is a debug message from thread 2618-09-2026 00:29:33 [38;5;009m[ERROR]: [0mThis is a error message from thread 018-09-2026 00:29:33 [38;5;117m[DEBUG]: [0mThis is a debug message from thread 2018-09-2026 00:29:33 [38;5;009m[ERROR]: [0mThis is a error message from thread 318-09-2026 00:29:33 [38;5;117m[DEBUG]: [0mThis is a debug message from thread 118-09-2026 00:29:33 [38;5;009m[ERROR]: [0mThis is a error message from thread 1018-09-2026 00:29:33 [38;5;015m[INFO]: [0mThis is a info message from thread 518-09-2026 00:29:33 [38;5;015m[INFO]: [0mThis is a info message from thread 2518-09-2026 00:29:33 [38;5;117m[DEBUG]: [0mThis is a debug message from thread 1118-09-2026 00:29:33 [38;5;117m[DEBUG]: [0mThis is a debug message from thread 1018-09-2026 00:29:33 [38;5;015m[INFO]: [0mThis is a info message from thread 2818-09-2026 00:29:33 [38;5;117m[DEBUG]: [0mThis is a debug message from thread 2418-09-2026 00:29:33 [38;5;015m[INFO]: [0mThis is a info message from thread 118-09-2026 00:29:33 [38;5;015m[INFO]: [0mThis is a info message from thread 2018-09-2026 00:29:33 [38;5;009m[ERROR]: [0mThis is a error message from thread 2818-09-2026 00:29:33 [38;5;117m[DEBUG]: [0mThis is a debug message from thread 2718-09-2026 00:29:33 [38;5;015m[INFO]: [0mThis is a info message from thread 2618-09-2026 00:29:33 [38;5;015m[INFO]: [0mThis is a info message from thread 2718-09-2026 00:29:33 [38;5;015m[INFO]: [0mThis is a info message from thread 1118-09-2026 00:29:33 [38;5;117m[DEBUG]: [0mThis is a debug message from thread 1818-09-2026 00:29:33 [38;5;009m[ERROR]: [0mThis is a error message from thread 1518-09-2026 00:29:33 [38;5;117m[DEBUG]: [0mThis is a debug message from thread 318-09-2026 00:29:33 [38;5;009m[ERROR]: [0mThis is a error message from thread 2718-09-2026 00:29:33 [38;5;009m[ERROR]: [0mThis is a error message from thread 1118-09-2026 00:29:33 [38;5;009m[ERROR]: [0mThis is a error message from thread 1718-09-2026 00:29:33 [38;5;009m[ERROR]: [0mThis is a error message from thread 118-09-2026 00:29:33 [38;5;015m[INFO]: [0mThis is a info message from thread 1618-09-2026 00:29:33 [38;5;015m[INFO]: [0mThis is a info message from thread 318-09-2026 00:29:33 [38;5;009m[ERROR]: [0mThis is a error message from thread 2618-09-2026 00:29:33 [38;5;117m[DEBUG]: [0mThis is a debug message from thread 2118-09-2026 00:29:33 [38;5;117m[DEBUG]: [0mThis is a debug message from thread 418-09-2026 00:29:33 [38;5;117m[DEBUG]: [0mThis is a debug message from thread 2218-09-2026 00:29:33 [38;5;009m[ERROR]: [0mThis is a error message from thread 518-09-2026 00:29:33 [38;5;009m[ERROR]: [0mThis is a error message from thread 318-09-2026 00:29:33 [38;5;009m[ERROR]: [0mThis is a error message from thread 2918-09-2026 00:29:33 [38;5;117m[DEBUG]: [0mThis is a debug message from thread 1118-09-2026 00:29:33 [38;5;015m[INFO]: [0mThis is a info message from thread 218-09-2026 00:29:33 [38;5;015m[INFO]: [0mThis is a info message from thread 1218-09-2026 00:29:33 [38;5;015m[INFO]: [0mThis is a info message from thread 2118-09-2026 00:29:33 [38;5;117m[DEBUG]: [0mThis is a debug message from thread 1718-09-2026 00:29:33 [38;5;009m[ERROR]: [0mThis is a error message from thread 1318-09-2026 00:29:33 [38;5;117m[DEBUG]: [0mThis is a debug message from thread 2718-09-2026 00:29:33 [38;5;117m[DEBUG]: [0mThis is a debug message from thread 2918-09-2026 00:29:33 [38;5;015m[INFO]: [0mThis is a info message from thread 918-09-2026 00:29:33 [38;5;117m[DEBUG]: [0mThis is a debug message from thread 518-09-2026 00:29:33 [38;5;009m[ERROR]: [0mThis is a error message from thread 1218-09-2026 00:29:33 [38;5;117m[DEBUG]: [0mThis is a debug message from thread 1318-09-2026 00:29:33 [38;5;015m[INFO]: [0mThis is a info message from thread 2718-09-2026 00:29:33 [38;5;117m[DEBUG]: [0mThis is a debug message from thread 1518-09-2026 00:29:33 [38;5;117m[DEBUG]: [0mThis is a debug message from thread 2618-09-2026 00:29:33 [38;5;117m[DEBUG]: [0mThis is a debug message from thread 2318-09-2026 00:29:33 [38;5;015m[INFO]: [0mThis is a info message from thread 1518-09-2026 00:29:33 [38;5;117m[DEBUG]: [0mThis is a debug message from thread 2818-09-2026 00:29:33 [38;5;015m[INFO]: [0mThis is a info message from thread 1118-09-2026 00:29:33 [38;5;015m[INFO]: [0mThis is a info message from thread 2318-09-2026 00:29:33 [38;5;009m[ERROR]: [0mThis is a error message from thread 1118-09-2026 00:29:33 [38;5;015m[INFO]: [0mThis is a info message from thread 2818-09-2026 00:29:33 [38;5;009m[ERROR]: [0mThis is a error message from thread 2318-09-2026 00:29:33 [38;5;117m[DEBUG]: [0mThis is a debug message from thread 1118-09-2026 00:29:33 [38;5;015m[INFO]: [0mThis is a info message from thread 1918-09-2026 00:29:33 [38;5;117m[DEBUG]: [0mThis is a debug message from thread 2318-09-2026 00:29:33 [38;5;009m[ERROR]: [0mThis is a error message from thread 2118-09-2026 00:29:33 [38;5;009m[ERROR]: [0mThis is a error message from thread 1918-09-2026 00:29:33 [38;5;015m[INFO]: [0mThis is a info message from thread 2918-09-2026 00:29:33 [38;5;015m[INFO]: [0mThis is a info message from thread 518-09-2026 00:29:33 [38;5;015m[INFO]: [0mThis is a info message from thread 2318-09-2026 00:29:33 [38;5;117m[DEBUG]: [0mThis is a debug message from thread 318-09-2026 00:29:33 [38;5;117m[DEBUG]: [0mThis is a debug message from thread 018-09-2026 00:29:33 [38;5;117m[DEBUG]: [0mThis is a debug message from thread 2118-09-2026 00:29:33 [38;5;015m[INFO]: [0mThis is a info message from thread 1318-09-2026 00:29:33 [38;5;117m[DEBUG]: [0mThis is a debug message from thread 718-09-2026 00:29:33 [38;5;009m[ERROR]: [0mThis is a error message from thread 218-09-2026 00:29:33 [38;5;015m[INFO]: [0mThis is a info message from thread 318-09-2026 00:29:33 [38;5;009m[ERROR]: [0mThis is a error message from thread 518-09-2026 00:29:33 [38;5;009m[ERROR]: [0mThis is a error message from thread 318-09-2026 00:29:33 [38;5;117m[DEBUG]: [0mThis is a debug message from thread 218-09-2026 00:29:33 [38;5;015m[INFO]: [0mThis is a info message from thread 718-09-2026 00:29:33 [38;5;117m[DEBUG]: [0mThis is a debug message from thread 518-09-2026 00:29:33 [38;5;117m[DEBUG]: [0mThis is a debug message from thread 318-09-2026 00:29:33 [38;5;015m[INFO]: [0mThis is a info message from thread 218-09-2026 00:29:33 [38;5;009m[ERROR]: [0mThis is a error message from thread 718-09-2026 00:29:33 [38;5;015m[INFO]: [0mThis is a info message from thread 518-09-2026 00:29:33 [38;5;117m[DEBUG]: [0mThis is a debug message from thread 718-09-2026 00:29:33 [38;5;009m[ERROR]: [0mThis is a error message from thread 218-09-2026 00:29:33 [38;5;015m[INFO]: [0mThis is a info message from thread 318-09-2026 00:29:33 [38;5;015m[INFO]: [0mThis is a info message from thread 718-09-2026 00:29:33 [38;5;009m[ERROR]: [0mThis is a error message from thread 718-09-2026 00:29:33 [38;5;009m[ERROR]: [0mThis is a error message from thread 318-09-2026 00:29:33 [38;5;117m[DEBUG]: [0mThis is a debug message from thread 718-09-2026 00:29:33 [38;5;117m[DEBUG]: [0mThis is a debug message from thread 218-09-2026 00:29:33 [38;5;009m[ERROR]: [0mThis is a error message from thread 518-09-2026 00:29:33 [38;5;117m[DEBUG]: [0mThis is a debug message from thread 318-09-2026 00:29:33 [38;5;015m[INFO]: [0mThis is a info message from thread 718-09-2026 00:29:33 [38;5;117m[DEBUG]: [0mThis is a debug message from thread 518-09-2026 00:29:33 [38;5;009m[ERROR]: [0mThis is a error message from thread 1518-09-2026 00:29:33 [38;5;015m[INFO]: [0mThis is a info message from thread 2618-09-2026 00:29:33 [38;5;009m[ERROR]: [0mThis is a error message from thread 718-09-2026 00:29:33 [38;5;015m[INFO]: [0mThis is a info message from thread 818-09-2026 00:29:33 [38;5;009m[ERROR]: [0mThis is a error message from thread 2518-09-2026 00:29:33 [38;5;015m[INFO]: [0mThis is a info message from thread 018-09-2026 00:29:33 [38;5;015m[INFO]: [0mThis is a info message from thread 2218-09-2026 00:29:33 [38;5;015m[INFO]: [0mThis is a info message from thread 1818-09-2026 00:29:33 [38;5;009m[ERROR]: [0mThis is a error message from thread 2718-09-2026 00:29:33 [38;5;015m[INFO]: [0mThis is a info message from thread 518-09-2026 00:29:33 [38;5;117m[DEBUG]: [0mThis is a debug message from thread 2518-09-2026 00:29:33 [38;5;009m[ERROR]: [0mThis is a error message from thread 518-09-2026 00:29:33 [38;5;117m[DEBUG]: [0mThis is a debug message from thread 1218-09-2026 00:29:33 [38;5;009m[ERROR]: [0mThis is a error message from thread 1818-09-2026 00:29:33 [38;5;015m[INFO]: [0mThis is a info message from thread 418-09-2026 00:29:33 [38;5;117m[DEBUG]: [0mThis is a debug message from thread 1918-09-2026 00:29:33 [38;5;117m[DEBUG]: [0mThis is a debug message from thread 2718-09-2026 00:29:33 [38;5;015m[INFO]: [0mThis is a info message from thread 1718-09-2026 00:29:33 [38;5;009m[ERROR]: [0mThis is a error message from thread 2818-09-2026 00:29:33 [38;5;015m[INFO]: [0mThis is a info message from thread 2718-09-2026 00:29:33 [38;5;009m[ERROR]: [0mThis is a error message from thread 1618-09-2026 00:29:33 [38;5;117m[DEBUG]: [0mThis is a debug message from thread 2818-09-2026 00:29:33 [38;5;009m[ERROR]: [0mThis is a error message from thread 2918-09-2026 00:29:33 [38;5;009m[ERROR]: [0mThis is a error message from thread 2718-09-2026 00:29:33 [38;5;117m[DEBUG]: [0mThis is a debug message from thread 1618-09-2026 00:29:33 [38;5;015m[INFO]: [0mThis is a info message from thread 2818-09-2026 00:29:33 [38;5;015m[INFO]: [0mThis is a info message from thread 318-09-2026 00:29:33 [38;5;009m[ERROR]: [0mThis is a error message from thread 318-09-2026 00:29:33 [38;5;015m[INFO]: [0mThis is a info message from thread 218-09-2026 00:29:33 [38;5;117m[DEBUG]: [0mThis is a debug message from thread 318-09-2026 00:29:33 [38;5;009m[ERROR]: [0mThis is a error message from thread 2618-09-2026 00:29:33 [38;5;015m[INFO]: [0mThis is a info message from thread 318-09-2026 00:29:33 [38;5;009m[ERROR]: [0mThis is a error message from thread 618-09-2026 00:29:33 [38;5;117m[DEBUG]: [0mThis is a debug message from thread 1518-09-2026 00:29:33 [38;5;117m[DEBUG]: [0mThis is a debug message from thread 518-09-2026 00:29:33 [38;5;117m[DEBUG]: [0mThis is a debug message from thread 2718-09-2026 00:29:33 [38;5;015m[INFO]: [0mThis is a info message from thread 1918-09-2026 00:29:33 [38;5;009m[ERROR]: [0mThis is a error message from thread 2818-09-2026 00:29:33 [38;5;009m[ERROR]: [0mThis is a error message from thread 018-09-2026 00:29:33 [38;5;117m[DEBUG]: [0mThis is a debug message from thread 718-09-2026 00:29:33 [38;5;009m[ERROR]: [0mThis is a error message from thread 2218-09-2026 00:29:33 [38;5;009m[ERROR]: [0mThis is a error message from thread 918-09-2026 00:29:33 [38;5;009m[ERROR]: [0mThis is a error message from thread 418-09-2026 00:29:33 [38;5;009m[ERROR]: [0mThis is a error message from thread 1418-09-2026 00:29:33 [38;5;015m[INFO]: [0mThis is a info message from thread 2718-09-2026 00:29:33 [38;5;117m[DEBUG]: [0mThis is a debug message from thread 2918-09-2026 00:29:33 [38;5;117m[DEBUG]: [0mThis is a debug message from thread 2818-09-2026 00:29:33 [38;5;009m[ERROR]: [0mThis is a error message from thread 2318-09-2026 00:29:33 [38;5;009m[ERROR]: [0mThis is a error message from thread 218-09-2026 00:29:33 [38;5;015m[INFO]: [0mThis is a info message from thread 718-09-2026 00:29:33 [38;5;015m[INFO]: [0mThis is a info message from thread 1518-09-2026 00:29:33 [38;5;117m[DEBUG]: [0mThis is a debug message from thread 1818-09-2026 00:29:33 [38;5;009m[ERROR]: [0mThis is a error message from thread 2018-09-2026 00:29:33 [38;5;117m[DEBUG]: [0mThis is a debug message from thread 2218-09-2026 00:29:33 [38;5;015m[INFO]: [0mThis is a info message from thread 1218-09-2026 00:29:33 [38;5;009m[ERROR]: [0mThis is a error message from thread 1318-09-2026 00:29:33 [38;5;015m[INFO]: [0mThis is a info message from thread 1818-09-2026 00:29:33 [38;5;117m[DEBUG]: [0mThis is a debug message from thread 418-09-2026 00:29:33 [38;5;009m[ERROR]: [0mThis is a error message from thread 1718-09-2026 00:29:33 [38;5;117m[DEBUG]: [0mThis is a debug message from thread 2018-09-2026 00:29:33 [38;5;009m[ERROR]: [0mThis is a error message from thread 318-09-2026 00:29:33 [38;5;117m[DEBUG]: [0mThis is a debug message from thread 2618-09-2026 00:29:33 [38;5;117m[DEBUG]: [0mThis is a debug message from thread 2318-09-2026 00:29:33 [38;5;117m[DEBUG]: [0mThis is a debug message from thread 218-09-2026 00:29:33 [38;5;015m[INFO]: [0mThis is a info message from thread 2218-09-2026 00:29:33 [38;5;015m[INFO]: [0mThis is a info message from thread 2518-09-2026 00:29:33 [38;5;009m[ERROR]: [0mThis is a error message from thread 1918-09-2026 00:29:33 [38;5;117m[DEBUG]: [0mThis is a debug message from thread 318-09-2026 00:29:33 [38;5;015m[INFO]: [0mThis is a info message from thread 1018-09-2026 00:29:33 [38;5;117m[DEBUG]: [0mThis is a debug message from thread 918-09-2026 00:29:33 [38;5;015m[INFO]: [0mThis is a info message from thread 318-09-2026 00:29:33 [38;5;009m[ERROR]: [0mThis is a error message from thread 818-09-2026 00:29:33 [38;5;015m[INFO]: [0mThis is a info message from thread 1618-09-2026 00:29:33 [38;5;015m[INFO]: [0mThis is a info message from thread 2418-09-2026 00:29:33 [38;5;117m[DEBUG]: [0mThis is a debug message from thread 1318-09-2026 00:29:33 [38;5;015m[INFO]: [0mThis is a info message from thread 2118-09-2026 00:29:33 [38;5;009m[ERROR]: [0mThis is a error message from thread 1018-09-2026 00:29:33 [38;5;015m[INFO]: [0mThis is a info message from thread 2318-09-2026 00:29:33 [38;5;015m[INFO]: [0mThis is a info message from thread 218-09-2026 00:29:33 [38;5;009m[ERROR]: [0mThis is a error message from thread 718-09-2026 00:29:33 [38;5;117m[DEBUG]: [0mThis is a debug message from thread 118-09-2026 00:29:33 [38;5;009m[ERROR]: [0mThis is a error message from thread 318-09-2026 00:29:33 [38;5;009m[ERROR]: [0mThis is a error message from thread 2418-09-2026 00:29:33 [38;5;015m[INFO]: [0mThis is a info message from thread 1318-09-2026 00:29:33 [38;5;009m[ERROR]: [0mThis is a error message from thread 2118-09-2026 00:29:33 [38;5;117m[DEBUG]: [0mThis is a debug message from thread 1418-09-2026 00:29:33 [38;5;009m[ERROR]: [0mThis is a error message from thread 1218-09-2026 00:29:33 [38;5;117m[DEBUG]: [0mThis is a debug message from thread 718-09-2026 00:29:33 [38;5;009m[ERROR]: [0mThis is a error message from thread 218-09-2026 00:29:33 [38;5;015m[INFO]: [0mThis is a info message from thread 2918-09-2026 00:29:33 [38;5;117m[DEBUG]: [0mThis is a debug message from thread 2118-09-2026 00:29:33 [38;5;117m[DEBUG]: [0mThis is a debug message from thread 218-09-2026 00:29:33 [38;5;015m[INFO]: [0mThis is a info message from thread 1418-09-2026 00:29:33 [38;5;015m[INFO]: [0mThis is a info message from thread 518-09-2026 00:29:33 [38;5;117m[DEBUG]: [0mThis is a debug message from thread 618-09-2026 00:29:33 [38;5;009m[ERROR]: [0mThis is a error message from thread 1518-09-2026 00:29:33 [38;5;015m[INFO]: [0mThis is a info message from thread 218-09-2026 00:29:33 [38;5;117m[DEBUG]: [0mThis is a debug message from thread 818-09-2026 00:29:33 [38;5;009m[ERROR]: [0mThis is a error message from thread 518-09-2026 00:29:33 [38;5;015m[INFO]: [0mThis is a info message from thread 2118-09-2026 00:29:33 [38;5;015m[INFO]: [0mThis is a info message from thread 118-09-2026 00:29:33 [38;5;015m[INFO]: [0mThis is a info message from thread 818-09-2026 00:29:33 [38;5;015m[INFO]: [0mThis is a info message from thread 718-09-2026 00:29:33 [38;5;117m[DEBUG]: [0mThis is a debug message from thread 318-09-2026 00:29:33 [38;5;117m[DEBUG]: [0mThis is a debug message from thread 2418-09-2026 00:29:33 [38;5;015m[INFO]: [0mThis is a info message from thread 918-09-2026 00:29:33 [38;5;015m[INFO]: [0mThis is a info message from thread 2018-09-2026 00:29:33 [38;5;009m[ERROR]: [0mThis is a error message from thread 1618-09-2026 00:29:33 [38;5;117m[DEBUG]: [0mThis is a debug message from thread 1018-09-2026 00:29:33 [38;5;015m[INFO]: [0mThis is a info message from thread 2618-09-2026 00:29:33 [38;5;117m[DEBUG]: [0mThis is a debug message from thread 518-09-2026 00:29:33 [38;5;117m[DEBUG]: [0mThis is a debug message from thread 1718-09-2026 00:29:33 [38;5;117m[DEBUG]: [0mThis is a debug message from thread 1218-09-2026 00:29:33 [38;5;015m[INFO]: [0mThis is a info message from thread 318-09-2026 00:29:33 [38;5;015m[INFO]: [0mThis is a info message from thread 418-09-2026 00:29:33 [38;5;015m[INFO]: [0mThis is a info message from thread 518-09-2026 00:29:33 [38;5;009m[ERROR]: [0mThis is a error message from thread 218-09-2026 00:29:33 [38;5;009m[ERROR]: [0mThis is a error message from thread 818-09-2026 00:29:33 [38;5;117m[DEBUG]: [0mThis is a debug message from thread 018-09-2026 00:29:33 [38;5;009m[ERROR]: [0mThis is a error message from thread 318-09-2026 00:29:33 [38;5;009m[ERROR]: [0mThis is a error message from thread 2618-09-2026 00:29:33 [38;5;009m[ERROR]: [0mThis is a error message from thread 2518-09-2026 00:29:33 [38;5;015m[INFO]: [0mThis is a info message from thread 2818-09-2026 00:29:33 [38;5;009m[ERROR]: [0mThis is a error message from thread 2218-09-2026 00:29:33 [38;5;009m[ERROR]: [0mThis is a error message from thread 418-09-2026 00:29:33 [38;5;117m[DEBUG]: [0mThis is a debug message from thread 318-09-2026 00:29:33 [38;5;009m[ERROR]: [0mThis is a error message from thread 2818-09-2026 00:29:33 [38;5;015m[INFO]: [0mThis is a info message from thread 1018-09-2026 00:29:33 [38;5;009m[ERROR]: [0mThis is a error message from thread 518-09-2026 00:29:33 [38;5;117m[DEBUG]: [0mThis is a debug message from thread 218-09-2026 00:29:33 [38;5;009m[ERROR]: [0mThis is a error message from thread 2318-09-2026 00:29:33 [38;5;117m[DEBUG]: [0mThis is a debug message from thread 2818-09-2026 00:29:33 [38;5;009m[ERROR]: [0mThis is a error message from thread 1818-09-2026 00:29:33 [38;5;015m[INFO]: [0mThis is a info message from thread 318-09-2026 00:29:33 [38;5;117m[DEBUG]: [0mThis is a debug message from thread 2618-09-2026 00:29:33 [38;5;009m[ERROR]: [0mThis is a error message from thread 2918-09-2026 00:29:33 [38;5;117m[DEBUG]: [0mThis is a debug message from thread 2518-09-2026 00:29:33 [38;5;117m[DEBUG]: [0mThis is a debug message from thread 518-09-2026 00:29:33 [38;5;117m[DEBUG]: [0mThis is a debug message from thread 418-09-2026 00:29:33 [38;5;117m[DEBUG]: [0mThis is a debug message from thread 1818-09-2026 00:29:33 [38;5;009m[ERROR]: [0mThis is a error message from thread 2718-09-2026 00:29:33 [38;5;009m[ERROR]: [0mThis is a error message from thread 318-09-2026 00:29:33 [38;5;015m[INFO]: [0mThis is a info message from thread 418-09-2026 00:29:33 [38;5;117m[DEBUG]: [0mThis is a debug message from thread 2718-09-2026 00:29:33 [38;5;015m[INFO]: [0mThis is a info message from thread 518-09-2026 00:29:33 [38;5;117m[DEBUG]: [0mThis is a debug message from thread 2318-09-2026 00:29:33 [38;5;015m[INFO]: [0mThis is a info message from thread 2418-09-2026 00:29:33 [38;5;015m[INFO]: [0mThis is a info message from thread 618-09-2026 00:29:33 [38;5;015m[INFO]: [0mThis is a info message from thread 018-09-2026 00:29:33 [38;5;117m[DEBUG]: [0mThis is a debug message from thread 1518-09-2026 00:29:33 [38;5;015m[INFO]: [0mThis is a info message from thread 1818-09-2026 00:29:33 [38;5;117m[DEBUG]: [0mThis is a debug message from thread 2918-09-2026 00:29:33 [38;5;009m[ERROR]: [0mThis is a error message from thread 1318-09-2026 00:29:33 [38;5;009m[ERROR]: [0mThis is a error message from thread 118-09-2026 00:29:33 [38;5;009m[ERROR]: [0mThis is a error message from thread 518-09-2026 00:29:33 [38;5;015m[INFO]: [0mThis is a info message from thread 1518-09-2026 00:29:33 [38;5;117m[DEBUG]: [0mThis is a debug message from thread 1318-09-2026 00:29:33 [38;5;015m[INFO]: [0mThis is a info message from thread 2618-09-2026 00:29:33 [38;5;009m[ERROR]: [0mThis is a error message from thread 418-09-2026 00:29:33 [38;5;117m[DEBUG]: [0mThis is a debug message from thread 2218-09-2026 00:29:33 [38;5;009m[ERROR]: [0mThis is a error message from thread 1818-09-2026 00:29:33 [38;5;015m[INFO]: [0mThis is a info message from thread 2918-09-2026 00:29:33 [38;5;015m[INFO]: [0mThis is a info message from thread 1718-09-2026 00:29:33 [38;5;009m[ERROR]: [0mThis is a error message from thread 918-09-2026 00:29:33 [38;5;117m[DEBUG]: [0mThis is a debug message from thread 1918-09-2026 00:29:33 [38;5;117m[DEBUG]: [0mThis is a debug message from thread 1618-09-2026 00:29:33 [38;5;009m[ERROR]: [0mThis is a error message from thread 1418-09-2026 00:29:33 [38;5;009m[ERROR]: [0mThis is a error message from thread 1018-09-2026 00:29:33 [38;5;015m[INFO]: [0mThis is a info message from thread 1218-09-2026 00:29:33 [38;5;009m[ERROR]: [0mThis is a error message from thread 2018-09-2026 00:29:33 [38;5;015m[INFO]: [0mThis is a info message from thread 2318-09-2026 00:29:33 [38;5;117m[DEBUG]: [0mThis is a debug message from thread 418-09-2026 00:29:33 [38;5;015m[INFO]: [0mThis is a info message from thread 418-09-2026 00:29:33 [38;5;117m[DEBUG]: [0mThis is a debug message from thread 1018-09-2026 00:29:33 [38;5;009m[ERROR]: [0mThis is a error message from thread 2318-09-2026 00:29:33 [38;5;009m[ERROR]: [0mThis is a error message from thread 618-09-2026 00:29:33 [38;5;015m[INFO]: [0mThis is a info message from thread 2818-09-2026 00:29:33 [38;5;015m[INFO]: [0mThis is a info message from thread 1918-09-2026 00:29:33 [38;5;009m[ERROR]: [0mThis is a error message from thread 1718-09-2026 00:29:33 [38;5;009m[ERROR]: [0mThis is a error message from thread 2118-09-2026 00:29:33 [38;5;009m[ERROR]: [0mThis is a error message from thread 2618-09-2026 00:29:33 [38;5;117m[DEBUG]: [0mThis is a debug message from thread 118-09-2026 00:29:33 [38;5;009m[ERROR]: [0mThis is a error message from thread 418-09-2026 00:29:33 [38;5;117m[DEBUG]: [0mThis is a debug message from thread 1718-09-2026 00:29:33 [38;5;015m[INFO]: [0mThis is a info message from thread 1018-09-2026 00:29:33 [38;5;009m[ERROR]: [0mThis is a error message from thread 2818-09-2026 00:29:33 [38;5;009m[ERROR]: [0mThis is a error message from thread 1018-09-2026 00:29:33 [38;5;117m[DEBUG]: [0mThis is a debug message from thread 618-09-2026 00:29:33 [38;5;117m[DEBUG]: [0mThis is a debug message from thread 2318-09-2026 00:29:33 [38;5;117m[DEBUG]: [0mThis is a debug message from thread 1018-09-2026 00:29:33 [38;5;015m[INFO]: [0mThis is a info message from thread 118-09-2026 00:29:33 [38;5;009m[ERROR]: [0mThis is a error message from thread 018-09-2026 00:29:33 [38;5;117m[DEBUG]: [0mThis is a debug message from thread 2618-09-2026 00:29:33 [38;5;117m[DEBUG]: [0mThis is a debug message from thread 818-09-2026 00:29:33 [38;5;009m[ERROR]: [0mThis is a error message from thread 1218-09-2026 00:29:33 [38;5;015m[INFO]: [0mThis is a info message from thread 618-09-2026 00:29:33 [38;5;117m[DEBUG]: [0mThis is a debug message from thread 2118-09-2026 00:29:33 [38;5;015m[INFO]: [0mThis is a info message from thread 1118-09-2026 00:29:33 [38;5;015m[INFO]: [0mThis is a info message from thread 2118-09-2026 00:29:33 [38;5;009m[ERROR]: [0mThis is a error message from thread 618-09-2026 00:29:33 [38;5;009m[ERROR]: [0mThis is a error message from thread 1918-09-2026 00:29:33 [38;5;015m[INFO]: [0mThis is a info message from thread 2618-09-2026 00:29:33 [38;5;009m[ERROR]: [0mThis is a error message from thread 718-09-2026 00:29:33 [38;5;015m[INFO]: [0mThis is a info message from thread 2318-09-2026 00:29:33 [38;5;117m[DEBUG]: [0mThis is a debug message from thread 1818-09-2026 00:29:33 [38;5;117m[DEBUG]: [0mThis is a debug message from thread 618-09-2026 00:29:33 [38;5;117m[DEBUG]: [0mThis is a debug message from thread 518-09-2026 00:29:33 [38;5;117m[DEBUG]: [0mThis is a debug message from thread 2818-09-2026 00:29:33 [38;5;009m[ERROR]: [0mThis is a error message from thread 118-09-2026 00:29:33 [38;5;117m[DEBUG]: [0mThis is a debug message from thread 418-09-2026 00:29:33 [38;5;015m[INFO]: [0mThis is a info message from thread 1818-09-2026 00:29:33 [38;5;117m[DEBUG]: [0mThis is a debug message from thread 718-09-2026 00:29:33 [38;5;117m[DEBUG]: [0mThis is a debug message from thread 018-09-2026 00:29:33 [38;5;015m[INFO]: [0mThis is a info message from thread 1018-09-2026 00:29:33 [38;5;015m[INFO]: [0mThis is a info message from thread 718-09-2026 00:29:33 [38;5;015m[INFO]: [0mThis is a info message from thread 2818-09-2026 00:29:33 [38;5;117m[DEBUG]: [0mThis is a debug message from thread 1218-09-2026 00:29:33 [38;5;009m[ERROR]: [0mThis is a error message from thread 1018-09-2026 00:29:33 [38;5;117m[DEBUG]: [0mThis is a debug message from thread 118-09-2026 00:29:33 [38;5;117m[DEBUG]: [0mThis is a debug message from thread 318-09-2026 00:29:33 [38;5;009m[ERROR]: [0mThis is a error message from thread 1518-09-2026 00:29:33 [38;5;117m[DEBUG]: [0mThis is a debug message from thread 1418-09-2026 00:29:33 [38;5;009m[ERROR]: [0mThis is a error message from thread 718-09-2026 00:29:33 [38;5;015m[INFO]: [0mThis is a info message from thread 418-09-2026 00:29:33 [38;5;009m[ERROR]: [0mThis is a error message from thread 1818-09-2026 00:29:33 [38;5;015m[INFO]: [0mThis is a info message from thread 1318-09-2026 00:29:33 [38;5;015m[INFO]: [0mThis is a info message from thread 2718-09-2026 00:29:33 [38;5;117m[DEBUG]: [0mThis is a debug message from thread 918-09-2026 00:29:33 [38;5;009m[ERROR]: [0mThis is a error message from thread 2618-09-2026 00:29:33 [38;5;015m[INFO]: [0mThis is a info message from thread 1718-09-2026 00:29:33 [38;5;015m[INFO]: [0mThis is a info message from thread 1218-09-2026 00:29:33 [38;5;117m[DEBUG]: [0mThis is a debug message from thread 718-09-2026 00:29:33 [38;5;015m[INFO]: [0mThis is a info message from thread 018-09-2026 00:29:33 [38;5;009m[ERROR]: [0mThis is a error message from thread 2718-09-2026 00:29:33 [38;5;009m[ERROR]: [0mThis is a error message from thread 1218-09-2026 00:29:33 [38;5;117m[DEBUG]: [0mThis is a debug message from thread 2018-09-2026 00:29:33 [38;5;015m[INFO]: [0mThis is a info message from thread 1618-09-2026 00:29:33 [38;5;009m[ERROR]: [0mThis is a error message from thread 2918-09-2026 00:29:33 [38;5;117m[DEBUG]: [0mThis is a debug message from thread 2618-09-2026 00:29:33 [38;5;009m[ERROR]: [0mThis is a error message from thread 1618-09-2026 00:29:33 [38;5;015m[INFO]: [0mThis is a info message from thread 2518-09-2026 00:29:33 [38;5;009m[ERROR]: [0mThis is a error message from thread 418-09-2026 00:29:33 [38;5;009m[ERROR]: [0mThis is a error message from thread 018-09-2026 00:29:33 [38;5;117m[DEBUG]: [0mThis is a debug message from thread 1218-09-2026 00:29:33 [38;5;009m[ERROR]: [0mThis is a error message from thread 1118-09-2026 00:29:33 [38;5;117m[DEBUG]: [0mThis is a debug message from thread 1618-09-2026 00:29:33 [38;5;117m[DEBUG]: [0mThis is a debug message from thread 2918-09-2026 00:29:33 [38;5;009m[ERROR]: [0mThis is a error message from thread 2118-09-2026 00:29:33 [38;5;015m[INFO]: [0mThis is a info message from thread 2218-09-2026 00:29:33 [38;5;117m[DEBUG]: [0mThis is a debug message from thread 1918-09-2026 00:29:33 [38;5;015m[INFO]: [0mThis is a info message from thread 818-09-2026 00:29:33 [38;5;015m[INFO]: [0mThis is a info message from thread 618-09-2026 00:29:33 [38;5;117m[DEBUG]: [0mThis is a debug message from thread 418-09-2026 00:29:33 [38;5;015m[INFO]: [0mThis is a info message from thread 718-09-2026 00:29:33 [38;5;015m[INFO]: [0mThis is a info message from thread 318-09-2026 00:29:33 [38;5;117m[DEBUG]: [0mThis is a debug message from thread 1818-09-2026 00:29:33 [38;5;015m[INFO]: [0mThis is a info message from thread 2018-09-2026 00:29:33 [38;5;015m[INFO]: [0mThis is a info message from thread 518-09-2026 00:29:33 [38;5;015m[INFO]: [0mThis is a info message from thread 2618-09-2026 00:29:33 [38;5;009m[ERROR]: [0mThis is a error message from thread 518-09-2026 00:29:33 [38;5;009m[ERROR]: [0mThis is a error message from thread 2418-09-2026 00:29:33 [38;5;117m[DEBUG]: [0mThis is a debug message from thread 018-09-2026 00:29:33 [38;5;117m[DEBUG]: [0mThis is a debug message from thread 1118-09-2026 00:29:33 [38;5;009m[ERROR]: [0mThis is a error message from thread 1718-09-2026 00:29:33 [38;5;015m[INFO]: [0mThis is a info message from thread 218-09-2026 00:29:33 [38;5;015m[INFO]: [0mThis is a info message from thread 418-09-2026 00:29:33 [38;5;009m[ERROR]: [0mThis is a error message from thread 218-09-2026 00:29:33 [38;5;015m[INFO]: [0mThis is a info message from thread 1618-09-2026 00:29:33 [38;5;015m[INFO]: [0mThis is a info message from thread 1818-09-2026 00:29:33 [38;5;117m[DEBUG]: [0mThis is a debug message from thread 2718-09-2026 00:29:33 [38;5;009m[ERROR]: [0mThis is a error message from thread 318-09-2026 00:29:33 [38;5;015m[INFO]: [0mThis is a info message from thread 018-09-2026 00:29:33 [38;5;015m[INFO]: [0mThis is a info message from thread 2718-09-2026 00:29:33 [38;5;009m[ERROR]: [0mThis is a error message from thread 1618-09-2026 00:29:33 [38;5;117m[DEBUG]: [0mThis is a debug message from thread 218-09-2026 00:29:33 [38;5;009m[ERROR]: [0mThis is a error message from thread 418-09-2026 00:29:33 [38;5;009m[ERROR]: [0mThis is a error message from thread 2718-09-2026 00:29:33 [38;5;015m[INFO]: [0mThis is a info message from thread 218-09-2026 00:29:33 [38;5;117m[DEBUG]: [0mThis is a debug message from thread 1718-09-2026 00:29:33 [38;5;117m[DEBUG]: [0mThis is a debug message from thread 418-09-2026 00:29:33 [38;5;009m[ERROR]: [0mThis is a error message from thread 1818-09-2026 00:29:33 [38;5;117m[DEBUG]: [0mThis is a debug message from thread 2718-09-2026 00:29:33 [38;5;015m[INFO]: [0mThis is a info message from thread 2718-09-2026 00:29:33 [38;5;015m[INFO]: [0mThis is a info message from thread 1118-09-2026 00:29:33 [38;5;015m[INFO]: [0mThis is a info message from thread 1718-09-2026 00:29:33 [38;5;009m[ERROR]: [0mThis is a error message from thread 2318-09-2026 00:29:33 [38;5;009m[ERROR]: [0mThis is a error message from thread 2818-09-2026 00:29:33 [38;5;117m[DEBUG]: [0mThis is a debug message from thread 1618-09-2026 00:29:33 [38;5;009m[ERROR]: [0mThis is a error message from thread 2718-09-2026 00:29:33 [38;5;117m[DEBUG]: [0mThis is a debug message from thread 2818-09-2026 00:29:33 [38;5;117m[DEBUG]: [0mThis is a debug message from thread 2318-09-2026 00:29:33 [38;5;117m[DEBUG]: [0mThis is a debug message from thread 2718-09-2026 00:29:33 [38;5;009m[ERROR]: [0mThis is a error message from thread 1718-09-2026 00:29:33 [38;5;117m[DEBUG]: [0mThis is a debug message from thread 1818-09-2026 00:29:33 [38;5;117m[DEBUG]: [0mThis is a debug message from thread 1518-09-2026 00:29:33 [38;5;117m[DEBUG]: [0mThis is a debug message from thread 518-09-2026 00:29:33 [38;5;009m[ERROR]: [0mThis is a error message from thread 818-09-2026 00:29:33 [38;5;015m[INFO]: [0mThis is a info message from thread 2918-09-2026 00:29:33 [38;5;117m[DEBUG]: [0mThis is a debug message from thread 1718-09-2026 00:29:33 [38;5;015m[INFO]: [0mThis is a info message from thread 1918-09-2026 00:29:33 [38;5;009m[ERROR]: [0mThis is a error message from thread 718-09-2026 00:29:33 [38;5;015m[INFO]: [0mThis is a info message from thread 1518-09-2026 00:29:33 [38;5;117m[DEBUG]: [0mThis is a debug message from thread 2418-09-2026 00:29:33 [38;5;117m[DEBUG]: [0mThis is a debug message from thread 318-09-2026 00:29:33 [38;5;009m[ERROR]: [0mThis is a error message from thread 2618-09-2026 00:29:33 [38;5;015m[INFO]: [0mThis is a info message from thread 2418-09-2026 00:29:33 [38;5;015m[INFO]: [0mThis is a info message from thread 1618-09-2026 00:29:33 [38;5;009m[ERROR]: [0mThis is a error message from thread 018-09-2026 00:29:33 [38;5;015m[INFO]: [0mThis is a info message from thread 2818-09-2026 00:29:33 [38;5;015m[INFO]: [0mThis is a info message from thread 1418-09-2026 00:29:33 [38;5;117m[DEBUG]: [0mThis is a debug message from thread 2118-09-2026 00:29:33 [38;5;009m[ERROR]: [0mThis is a error message from thread 2418-09-2026 00:29:33 [38;5;009m[ERROR]: [0mThis is a error message from thread 1518-09-2026 00:29:33 [38;5;009m[ERROR]: [0mThis is a error message from thread 218-09-2026 00:29:33 [38;5;015m[INFO]: [0mThis is a info message from thread 918-09-2026 00:29:33 [38;5;117m[DEBUG]: [0mThis is a debug message from thread 2418-09-2026 00:29:33 [38;5;117m[DEBUG]: [0mThis is a debug message from thread 018-09-2026 00:29:33 [38;5;015m[INFO]: [0mThis is a info message from thread 1818-09-2026 00:29:33 [38;5;015m[INFO]: [0mThis is a info message from thread 2718-09-2026 00:29:33 [38;5;015m[INFO]: [0mThis is a info message from thread 1218-09-2026 00:29:33 [38;5;015m[INFO]: [0mThis is a info message from thread 018-09-2026 00:29:33 [38;5;117m[DEBUG]: [0mThis is a debug message from thread 818-09-2026 00:29:33 [38;5;117m[DEBUG]: [0mThis is a debug message from thread 218-09-2026 00:29:33 [38;5;009m[ERROR]: [0mThis is a error message from thread 1218-09-2026 00:29:33 [38;5;009m[ERROR]: [0mThis is a error message from thread 1818-09-2026 00:29:33 [38;5;009m[ERROR]: [0mThis is a error message from thread 2718-09-2026 00:29:33 [38;5;015m[INFO]: [0mThis is a info message from thread 1718-09-2026 00:29:33 [38;5;009m[ERROR]: [0mThis is a error message from thread 2918-09-2026 00:29:33 [38;5;009m[ERROR]: [0mThis is a error message from thread 1718-09-2026 00:29:33 [38;5;009m[ERROR]: [0mThis is a error message from thread 618-09-2026 00:29:33 [38;5;015m[INFO]: [0mThis is a info message from thread 418-09-2026 00:29:33 [38;5;117m[DEBUG]: [0mThis is a debug message from thread 2718-09-2026 00:29:33 [38;5;009m[ERROR]: [0mThis is a error message from thread 018-09-2026 00:29:33 [38;5;117m[DEBUG]: [0mThis is a debug message from thread 018-09-2026 00:29:33 [38;5;015m[INFO]: [0mThis is a info message from thread 2718-09-2026 00:29:33 [38;5;015m[INFO]: [0mThis is a info message from thread 218-09-2026 00:29:33 [38;5;009m[ERROR]: [0mThis is a error message from thread 2718-09-2026 00:29:33 [38;5;117m[DEBUG]: [0mThis is a debug message from thread 2718-09-2026 00:29:33 [38;5;015m[INFO]: [0mThis is a info message from thread 2718-09-2026 00:29:33 [38;5;117m[DEBUG]: [0mThis is a debug message from thread 718-09-2026 00:29:33 [38;5;015m[INFO]: [0mThis is a info message from thread 018-09-2026 00:29:33 [38;5;117m[DEBUG]: [0mThis is a debug message from thread 2918-09-2026 00:29:33 [38;5;009m[ERROR]: [0mThis is a error message from thread 1618-09-2026 00:29:33 [38;5;015m[INFO]: [0mThis is a info message from thread 2318-09-2026 00:29:33 [38;5;117m[DEBUG]: [0mThis is a debug message from thread 618-09-2026 00:29:33 [38;5;015m[INFO]: [0mThis is a info message from thread 118-09-2026 00:29:33 [38;5;009m[ERROR]: [0mThis is a error message from thread 418-09-2026 00:29:33 [38;5;015m[INFO]: [0mThis is a info message from thread 318-09-2026 00:29:33 [38;5;009m[ERROR]: [0mThis is a error message from thread 1918-09-2026 00:29:33 [38;5;015m[INFO]: [0mThis is a info message from thread 2918-09-2026 00:29:33 [38;5;009m[ERROR]: [0mThis is a error message from thread 2718-09-2026 00:29:33 [38;5;009m[ERROR]: [0mThis is a error message from thread 2518-09-2026 00:29:33 [38;5;009m[ERROR]: [0mThis is a error message from thread 118-09-2026 00:29:33 [38;5;009m[ERROR]: [0mThis is a error message from thread 018-09-2026 00:29:33 [38;5;009m[ERROR]: [0mThis is a error message from thread 2318-09-2026 00:29:33 [38;5;015m[INFO]: [0mThis is a info message from thread 718-09-2026 00:29:33 [38;5;117m[DEBUG]: [0mThis is a debug message from thread 018-09-2026 00:29:33 [38;5;117m[DEBUG]: [0mThis is a debug message from thread 1918-09-2026 00:29:33 [38;5;009m[ERROR]: [0mThis is a error message from thread 1418-09-2026 00:29:33 [38;5;009m[ERROR]: [0mThis is a error message from thread 318-09-2026 00:29:33 [38;5;015m[INFO]: [0mThis is a info message from thread 518-09-2026 00:29:33 [38;5;009m[ERROR]: [0mThis is a error message from thread 1318-09-2026 00:29:33 [38;5;009m[ERROR]: [0mThis is a error message from thread 2218-09-2026 00:29:33 [38;5;117m[DEBUG]: [0mThis is a debug message from thread 118-09-2026 00:29:33 [38;5;009m[ERROR]: [0mThis is a error message from thread 218-09-2026 00:29:33 [38;5;117m[DEBUG]: [0mThis is a debug message from thread 1718-09-2026 00:29:33 [38;5;015m[INFO]: [0mThis is a info message from thread 018-09-2026 00:29:33 [38;5;009m[ERROR]: [0mThis is a error message from thread 1118-09-2026 00:29:33 [38;5;009m[ERROR]: [0mThis is a error message from thread 718-09-2026 00:29:33 [38;5;015m[INFO]: [0mThis is a info message from thread 1718-09-2026 00:29:33 [38;5;015m[INFO]: [0mThis is a info message from thread 1918-09-2026 00:29:33 [38;5;117m[DEBUG]: [0mThis is a debug message from thread 2318-09-2026 00:29:33 [38;5;015m[INFO]: [0mThis is a info message from thread 118-09-2026 00:29:33 [38;5;117m[DEBUG]: [0mThis is a debug message from thread 2518-09-2026 00:29:33 [38;5;015m[INFO]: [0mThis is a info message from thread 818-09-2026 00:29:33 [38;5;009m[ERROR]: [0mThis is a error message from thread 018-09-2026 00:29:33 [38;5;117m[DEBUG]: [0mThis is a debug message from thread 218-09-2026 00:29:33 [38;5;009m[ERROR]: [0mThis is a error message from thread 818-09-2026 00:29:33 [38;5;009m[ERROR]: [0mThis is a error message from thread 2918-09-2026 00:29:33 [38;5;117m[DEBUG]: [0mThis is a debug message from thread 718-09-2026 00:29:33 [38;5;009m[ERROR]: [0mThis is a error message from thread 1918-09-2026 00:29:33 [38;5;117m[DEBUG]: [0mThis is a debug message from thread 2918-09-2026 00:29:33 [38;5;117m[DEBUG]: [0mThis is a debug message from thread 018-09-2026 00:29:33 [38;5;015m[INFO]: [0mThis is a info message from thread 2918-09-2026 00:29:33 [38;5;015m[INFO]: [0mThis is a info message from thread 018-09-2026 00:29:33 [38;5;015m[INFO]: [0mThis is a info message from thread 718-09-2026 00:29:33 [38;5;009m[ERROR]: [0mThis is a error message from thread 518-09-2026 00:29:33 [38;5;009m[ERROR]: [0mThis is a error message from thread 2818-09-2026 00:29:33 [38;5;117m[DEBUG]: [0mThis is a debug message from thread 1018-09-2026 00:29:33 [38;5;117m[DEBUG]: [0mThis is a debug message from thread 1218-09-2026 00:29:33 [38;5;117m[DEBUG]: [0mThis is a debug message from thread 1918-09-2026 00:29:33 [38;5;117m[DEBUG]: [0mThis is a debug message from thread 418-09-2026 00:29:33 [38;5;015m[INFO]: [0mThis is a info message from thread 1018-09-2026 00:29:33 [38;5;015m[INFO]: [0mThis is a info message from thread 418-09-2026 00:29:33 [38;5;117m[DEBUG]: [0mThis is a debug message from thread 2818-09-2026 00:29:33 [38;5;117m[DEBUG]: [0mThis is a debug message from thread 1518-09-2026 00:29:33 [38;5;009m[ERROR]: [0mThis is a error message from thread 718-09-2026 00:29:33 [38;5;015m[INFO]: [0mThis is a info message from thread 2818-09-2026 00:29:33 [38;5;009m[ERROR]: [0mThis is a error message from thread 118-09-2026 00:29:33 [38;5;015m[INFO]: [0mThis is a info message from thread 2418-09-2026 00:29:33 [38;5;117m[DEBUG]: [0mThis is a debug message from thread 1418-09-2026 00:29:33 [38;5;117m[DEBUG]: [0mThis is a debug message from thread 1618-09-2026 00:29:33 [38;5;009m[ERROR]: [0mThis is a error message from thread 018-09-2026 00:29:33 [38;5;009m[ERROR]: [0mThis is a error message from thread 2818-09-2026 00:29:33 [38;5;015m[INFO]: [0mThis is a info message from thread 1618-09-2026 00:29:33 [38;5;117m[DEBUG]: [0mThis is a debug message from thread 2218-09-2026 00:29:33 [38;5;117m[DEBUG]: [0mThis is a debug message from thread 118-09-2026 00:29:33 [38;5;009m[ERROR]: [0mThis is a error message from thread 418-09-2026 00:29:33 [38;5;117m[DEBUG]: [0mThis is a debug message from thread 418-09-2026 00:29:33 [38;5;117m[DEBUG]: [0mThis is a debug message from thread 1118-09-2026 00:29:33 [38;5;015m[INFO]: [0mThis is a info message from thread 1918-09-2026 00:29:33 [38;5;117m[DEBUG]: [0mThis is a debug message from thread 018-09-2026 00:29:33 [38;5;015m[INFO]: [0mThis is a info message from thread 1118-09-2026 00:29:33 [38;5;015m[INFO]: [0mThis is a info message from thread 2118-09-2026 00:29:33 [38;5;117m[DEBUG]: [0mThis is a debug message from thread 1318-09-2026 00:29:33 [38;5;015m[INFO]: [0mThis is a info message from thread 2518-09-2026 00:29:33 [38;5;015m[INFO]: [0mThis is a info message from thread 1418-09-2026 00:29:33 [38;5;009m[ERROR]: [0mThis is a error message from thread 2118-09-2026 00:29:33 [38;5;009m[ERROR]: [0mThis is a error message from thread 2518-09-2026 00:29:33 [38;5;009m[ERROR]: [0mThis is a error message from thread 1918-09-2026 00:29:33 [38;5;117m[DEBUG]: [0mThis is a debug message from thread 1818-09-2026 00:29:33 [38;5;009m[ERROR]: [0mThis is a error message from thread 2018-09-2026 00:29:33 [38;5;117m[DEBUG]: [0mThis is a debug message from thread 2518-09-2026 00:29:33 [38;5;117m[DEBUG]: [0mThis is a debug message from thread 2018-09-2026 00:29:33 [38;5;009m[ERROR]: [0mThis is a error message from thread 1418-09-2026 00:29:33 [38;5;015m[INFO]: [0mThis is a info message from thread 2018-09-2026 00:29:33 [38;5;117m[DEBUG]: [0mThis is a debug message from thread 2118-09-2026 00:29:33 [38;5;009m[ERROR]: [0mThis is a error message from thread 2918-09-2026 00:29:33 [38;5;009m[ERROR]: [0mThis is a error message from thread 1618-09-2026 00:29:33 [38;5;015m[INFO]: [0mThis is a info message from thread 2518-09-2026 00:29:33 [38;5;015m[INFO]: [0mThis is a info message from thread 2118-09-2026 00:29:33 [38;5;009m[ERROR]: [0mThis is a error message from thread 2518-09-2026 00:29:33 [38;5;117m[DEBUG]: [0mThis is a debug message from thread 1418-09-2026 00:29:33 [38;5;015m[INFO]: [0mThis is a info message from thread 2218-09-2026 00:29:33 [38;5;015m[INFO]: [0mThis is a info message from thread 1518-09-2026 00:29:33 [38;5;117m[DEBUG]: [0mThis is a debug message from thread 1618-09-2026 00:29:33 [38;5;117m[DEBUG]: [0mThis is a debug message from thread 2918-09-2026 00:29:33 [38;5;009m[ERROR]: [0mThis is a error message from thread 2118-09-2026 00:29:33 [38;5;015m[INFO]: [0mThis is a info message from thread 2918-09-2026 00:29:33 [38;5;015m[INFO]: [0mThis is a info message from thread 1318-09-2026 00:29:33 [38;5;015m[INFO]: [0mThis is a info message from thread 2318-09-2026 00:29:33 [38;5;117m[DEBUG]: [0mThis is a debug message from thread 2118-09-2026 00:29:33 [38;5;015m[INFO]: [0mThis is a info message from thread 2118-09-2026 00:29:33 [38;5;015m[INFO]: [0mThis is a info message from thread 1218-09-2026 00:29:33 [38;5;117m[DEBUG]: [0mThis is a debug message from thread 2518-09-2026 00:29:33 [38;5;009m[ERROR]: [0mThis is a error message from thread 1218-09-2026 00:29:33 [38;5;009m[ERROR]: [0mThis is a error message from thread 2318-09-2026 00:29:33 [38;5;117m[DEBUG]: [0mThis is a debug message from thread 1218-09-2026 00:29:33 [38;5;015m[INFO]: [0mThis is a info message from thread 1618-09-2026 00:29:33 [38;5;117m[DEBUG]: [0mThis is a debug message from thread 718-09-2026 00:29:33 [38;5;015m[INFO]: [0mThis is a info message from thread 1218-09-2026 00:29:33 [38;5;009m[ERROR]: [0mThis is a error message from thread 2118-09-2026 00:29:33 [38;5;009m[ERROR]: [0mThis is a error message from thread 1018-09-2026 00:29:33 [38;5;015m[INFO]: [0mThis is a info message from thread 1418-09-2026 00:29:33 [38;5;009m[ERROR]: [0mThis is a error message from thread 2218-09-2026 00:29:33 [38;5;015m[INFO]: [0mThis is a info message from thread 2518-09-2026 00:29:33 [38;5;117m[DEBUG]: [0mThis is a debug message from thread 2218-09-2026 00:29:33 [38;5;009m[ERROR]: [0mThis is a error message from thread 1618-09-2026 00:29:33 [38;5;009m[ERROR]: [0mThis is a error message from thread 1418-09-2026 00:29:33 [38;5;015m[INFO]: [0mThis is a info message from thread 018-09-2026 00:29:33 [38;5;009m[ERROR]: [0mThis is a error message from thread 918-09-2026 00:29:33 [38;5;015m[INFO]: [0mThis is a info message from thread 118-09-2026 00:29:33 [38;5;117m[DEBUG]: [0mThis is a debug message from thread 318-09-2026 00:29:33 [38;5;117m[DEBUG]: [0mThis is a debug message from thread 518-09-2026 00:29:33 [38;5;117m[DEBUG]: [0mThis is a debug message from thread 818-09-2026 00:29:33 [38;5;117m[DEBUG]: [0mThis is a debug message from thread 1618-09-2026 00:29:33 [38;5;015m[INFO]: [0mThis is a info message from thread 718-09-2026 00:29:33 [38;5;009m[ERROR]: [0mThis is a error message from thread 1318-09-2026 00:29:33 [38;5;015m[INFO]: [0mThis is a info message from thread 1818-09-2026 00:29:33 [38;5;009m[ERROR]: [0mThis is a error message from thread 2418-09-2026 00:29:33 [38;5;009m[ERROR]: [0mThis is a error message from thread 1718-09-2026 00:29:33 [38;5;015m[INFO]: [0mThis is a info message from thread 1618-09-2026 00:29:33 [38;5;009m[ERROR]: [0mThis is a error message from thread 2018-09-2026 00:29:33 [38;5;117m[DEBUG]: [0mThis is a debug message from thread 1418-09-2026 00:29:33 [38;5;015m[INFO]: [0mThis is a info message from thread 2218-09-2026 00:29:33 [38;5;009m[ERROR]: [0mThis is a error message from thread 018-09-2026 00:29:33 [38;5;009m[ERROR]: [0mThis is a error message from thread 2918-09-2026 00:29:33 [38;5;117m[DEBUG]: [0mThis is a debug message from thread 2318-09-2026 00:29:33 [38;5;117m[DEBUG]: [0mThis is a debug message from thread 2118-09-2026 00:29:33 [38;5;015m[INFO]: [0mThis is a info message from thread 218-09-2026 00:29:33 [38;5;117m[DEBUG]: [0mThis is a debug message from thread 2018-09-2026 00:29:33 [38;5;015m[INFO]: [0mThis is a info message from thread 818-09-2026 00:29:33 [38;5;015m[INFO]: [0mThis is a info message from thread 2018-09-2026 00:29:33 [38;5;015m[INFO]: [0mThis is a info message from thread 2118-09-2026 00:29:33 [38;5;117m[DEBUG]: [0mThis is a debug message from thread 1018-09-2026 00:29:33 [38;5;015m[INFO]: [0mThis is a info message from thread 1418-09-2026 00:29:33 [38;5;117m[DEBUG]: [0mThis is a debug message from thread 1918-09-2026 00:29:33 [38;5;117m[DEBUG]: [0mThis is a debug message from thread 1718-09-2026 00:29:33 [38;5;009m[ERROR]: [0mThis is a error message from thread 2118-09-2026 00:29:33 [38;5;015m[INFO]: [0mThis is a info message from thread 1918-09-2026 00:29:33 [38;5;009m[ERROR]: [0mThis is a error message from thread 1418-09-2026 00:29:33 [38;5;015m[INFO]: [0mThis is a info message from thread 1018-09-2026 00:29:33 [38;5;009m[ERROR]: [0mThis is a error message from thread 818-09-2026 00:29:33 [38;5;015m[INFO]: [0mThis is a info message from thread 318-09-2026 00:29:33 [38;5;117m[DEBUG]: [0mThis is a debug message from thread 2918-09-2026 00:29:33 [38;5;117m[DEBUG]: [0mThis is a debug message from thread 2118-09-2026 00:29:33 [38;5;009m[ERROR]: [0mThis is a error message from thread 1218-09-2026 00:29:33 [38;5;015m[INFO]: [0mThis is a info message from thread 2918-09-2026 00:29:33 [38;5;117m[DEBUG]: [0mThis is a debug message from thread 1418-09-2026 00:29:33 [38;5;009m[ERROR]: [0mThis is a error message from thread 1918-09-2026 00:29:33 [38;5;009m[ERROR]: [0mThis is a error message from thread 1618-09-2026 00:29:33 [38;5;117m[DEBUG]: [0mThis is a debug message from thread 2618-09-2026 00:29:33 [38;5;009m[ERROR]: [0mThis is a error message from thread 318-09-2026 00:29:33 [38;5;117m[DEBUG]: [0mThis is a debug message from thread 1918-09-2026 00:29:33 [38;5;117m[DEBUG]: [0mThis is a debug message from thread 818-09-2026 00:29:33 [38;5;015m[INFO]: [0mThis is a info message from thread 2618-09-2026 00:29:33 [38;5;009m[ERROR]: [0mThis is a error message from thread 1018-09-2026 00:29:33 [38;5;015m[INFO]: [0mThis is a info message from thread 1918-09-2026 00:29:33 [38;5;009m[ERROR]: [0mThis is a error message from thread 1818-09-2026 00:29:33 [38;5;015m[INFO]: [0mThis is a info message from thread 2118-09-2026 00:29:33 [38;5;015m[INFO]: [0mThis is a info message from thread 618-09-2026 00:29:33 [38;5;117m[DEBUG]: [0mThis is a debug message from thread 2818-09-2026 00:29:33 [38;5;009m[ERROR]: [0mThis is a error message from thread 118-09-2026 00:29:33 [38;5;009m[ERROR]: [0mThis is a error message from thread 218-09-2026 00:29:33 [38;5;117m[DEBUG]: [0mThis is a debug message from thread 918-09-2026 00:29:33 [38;5;117m[DEBUG]: [0mThis is a debug message from thread 018-09-2026 00:29:33 [38;5;015m[INFO]: [0mThis is a info message from thread 1418-09-2026 00:29:33 [38;5;015m[INFO]: [0mThis is a info message from thread 2818-09-2026 00:29:33 [38;5;015m[INFO]: [0mThis is a info message from thread 418-09-2026 00:29:33 [38;5;009m[ERROR]: [0mThis is a error message from thread 1918-09-2026 00:29:33 [38;5;009m[ERROR]: [0mThis is a error message from thread 618-09-2026 00:29:33 [38;5;009m[ERROR]: [0mThis is a error message from thread 1418-09-2026 00:29:33 [38;5;117m[DEBUG]: [0mThis is a debug message from thread 1818-09-2026 00:29:33 [38;5;117m[DEBUG]: [0mThis is a debug message from thread 1018-09-2026 00:29:33 [38;5;009m[ERROR]: [0mThis is a error message from thread 2518-09-2026 00:29:33 [38;5;117m[DEBUG]: [0mThis is a debug message from thread 1918-09-2026 00:29:33 [38;5;015m[INFO]: [0mThis is a info message from thread 018-09-2026 00:29:33 [38;5;117m[DEBUG]: [0mThis is a debug message from thread 618-09-2026 00:29:33 [38;5;009m[ERROR]: [0mThis is a error message from thread 718-09-2026 00:29:33 [38;5;015m[INFO]: [0mThis is a info message from thread 1718-09-2026 00:29:33 [38;5;117m[DEBUG]: [0mThis is a debug message from thread 1618-09-2026 00:29:33 [38;5;015m[INFO]: [0mThis is a info message from thread 618-09-2026 00:29:33 [38;5;015m[INFO]: [0mThis is a info message from thread 818-09-2026 00:29:33 [38;5;009m[ERROR]: [0mThis is a error message from thread 1118-09-2026 00:29:33 [38;5;117m[DEBUG]: [0mThis is a debug message from thread 718-09-2026 00:29:33 [38;5;009m[ERROR]: [0mThis is a error message from thread 618-09-2026 00:29:33 [38;5;117m[DEBUG]: [0mThis is a debug message from thread 2518-09-2026 00:29:33 [38;5;015m[INFO]: [0mThis is a info message from thread 718-09-2026 00:29:33 [38;5;117m[DEBUG]: [0mThis is a debug message from thread 1118-09-2026 00:29:33 [38;5;117m[DEBUG]: [0mThis is a debug message from thread 2718-09-2026 00:29:33 [38;5;015m[INFO]: [0mThis is a info message from thread 918-09-2026 00:29:33 [38;5;009m[ERROR]: [0mThis is a error message from thread 718-09-2026 00:29:33 [38;5;009m[ERROR]: [0mThis is a error message from thread 818-09-2026 00:29:33 [38;5;009m[ERROR]: [0mThis is a error message from thread 2218-09-2026 00:29:33 [38;5;009m[ERROR]: [0mThis is a error message from thread 2018-09-2026 00:29:33 [38;5;117m[DEBUG]: [0mThis is a debug message from thread 718-09-2026 00:29:33 [38;5;117m[DEBUG]: [0mThis is a debug message from thread 618-09-2026 00:29:33 [38;5;015m[INFO]: [0mThis is a info message from thread 2718-09-2026 00:29:33 [38;5;117m[DEBUG]: [0mThis is a debug message from thread 1318-09-2026 00:29:33 [38;5;117m[DEBUG]: [0mThis is a debug message from thread 2218-09-2026 00:29:33 [38;5;015m[INFO]: [0mThis is a info message from thread 1318-09-2026 00:29:33 [38;5;009m[ERROR]: [0mThis is a error message from thread 2818-09-2026 00:29:33 [38;5;009m[ERROR]: [0mThis is a error message from thread 2718-09-2026 00:29:33 [38;5;117m[DEBUG]: [0mThis is a debug message from thread 2818-09-2026 00:29:33 [38;5;015m[INFO]: [0mThis is a info message from thread 618-09-2026 00:29:33 [38;5;015m[INFO]: [0mThis is a info message from thread 718-09-2026 00:29:33 [38;5;009m[ERROR]: [0mThis is a error message from thread 618-09-2026 00:29:33 [38;5;117m[DEBUG]: [0mThis is a debug message from thread 2018-09-2026 00:29:33 [38;5;117m[DEBUG]: [0mThis is a debug message from thread 318-09-2026 00:29:33 [38;5;117m[DEBUG]: [0mThis is a debug message from thread 1218-09-2026 00:29:33 [38;5;009m[ERROR]: [0mThis is a error message from thread 1518-09-2026 00:29:33 [38;5;117m[DEBUG]: [0mThis is a debug message from thread 2418-09-2026 00:29:33 [38;5;117m[DEBUG]: [0mThis is a debug message from thread 2718-09-2026 00:29:33 [38;5;015m[INFO]: [0mThis is a info message from thread 1118-09-2026 00:29:33 [38;5;117m[DEBUG]: [0mThis is a debug message from thread 618-09-2026 00:29:33 [38;5;015m[INFO]: [0mThis is a info message from thread 2018-09-2026 00:29:33 [38;5;009m[ERROR]: [0mThis is a error message from thread 1118-09-2026 00:29:33 [38;5;015m[INFO]: [0mThis is a info message from thread 318-09-2026 00:29:33 [38;5;015m[INFO]: [0mThis is a info message from thread 2418-09-2026 00:29:33 [38;5;015m[INFO]: [0mThis is a info message from thread 2718-09-2026 00:29:33 [38;5;009m[ERROR]: [0mThis is a error message from thread 2418-09-2026 00:29:33 [38;5;015m[INFO]: [0mThis is a info message from thread 2818-09-2026 00:29:33 [38;5;015m[INFO]: [0mThis is a info message from thread 618-09-2026 00:29:33 [38;5;117m[DEBUG]: [0mThis is a debug message from thread 1518-09-2026 00:29:33 [38;5;015m[INFO]: [0mThis is a info message from thread 1618-09-2026 00:29:33 [38;5;009m[ERROR]: [0mThis is a error message from thread 718-09-2026 00:29:33 [38;5;009m[ERROR]: [0mThis is a error message from thread 318-09-2026 00:29:33 [38;5;009m[ERROR]: [0mThis is a error message from thread 618-09-2026 00:29:33 [38;5;117m[DEBUG]: [0mThis is a debug message from thread 318-09-2026 00:29:33 [38;5;009m[ERROR]: [0mThis is a error message from thread 2718-09-2026 00:29:33 [38;5;009m[ERROR]: [0mThis is a error message from thread 2818-09-2026 00:29:33 [38;5;117m[DEBUG]: [0mThis is a debug message from thread 2818-09-2026 00:29:33 [38;5;117m[DEBUG]: [0mThis is a debug message from thread 718-09-2026 00:29:33 [38;5;117m[DEBUG]: [0mThis is a debug message from thread 618-09-2026 00:29:33 [38;5;015m[INFO]: [0mThis is a info message from thread 1518-09-2026 00:29:33 [38;5;015m[INFO]: [0mThis is a info message from thread 318-09-2026 00:29:33 [38;5;117m[DEBUG]: [0mThis is a debug message from thread 2718-09-2026 00:29:33 [38;5;009m[ERROR]: [0mThis is a error message from thread 318-09-2026 00:29:33 [38;5;117m[DEBUG]: [0mThis is a debug message from thread 2418-09-2026 00:29:33 [38;5;009m[ERROR]: [0mThis is a error message from thread 1518-09-2026 00:29:33 [38;5;117m[DEBUG]: [0mThis is a debug message from thread 118-09-2026 00:29:33 [38;5;009m[ERROR]: [0mThis is a error message from thread 018-09-2026 00:29:33 [38;5;015m[INFO]: [0mThis is a info message from thread 1918-09-2026 00:29:33 [38;5;015m[INFO]: [0mThis is a info message from thread 118-09-2026 00:29:33 [38;5;015m[INFO]: [0mThis is a info message from thread 1018-09-2026 00:29:33 [38;5;015m[INFO]: [0mThis is a info message from thread 2818-09-2026 00:29:33 [38;5;015m[INFO]: [0mThis is a info message from thread 518-09-2026 00:29:33 [38;5;009m[ERROR]: [0mThis is a error message from thread 1018-09-2026 00:29:33 [38;5;015m[INFO]: [0mThis is a info message from thread 718-09-2026 00:29:33 [38;5;009m[ERROR]: [0mThis is a error message from thread 2118-09-2026 00:29:33 [38;5;009m[ERROR]: [0mThis is a error message from thread 2918-09-2026 00:29:33 [38;5;015m[INFO]: [0mThis is a info message from thread 2718-09-2026 00:29:33 [38;5;015m[INFO]: [0mThis is a info message from thread 1818-09-2026 00:29:33 [38;5;009m[ERROR]: [0mThis is a error message from thread 918-09-2026 00:29:33 [38;5;009m[ERROR]: [0mThis is a error message from thread 1318-09-2026 00:29:33 [38;5;015m[INFO]: [0mThis is a info message from thread 2518-09-2026 00:29:33 [38;5;117m[DEBUG]: [0mThis is a debug message from thread 318-09-2026 00:29:33 [38;5;015m[INFO]: [0mThis is a info message from thread 2218-09-2026 00:29:33 [38;5;117m[DEBUG]: [0mThis is a debug message from thread 1018-09-2026 00:29:33 [38;5;117m[DEBUG]: [0mThis is a debug message from thread 2918-09-2026 00:29:33 [38;5;015m[INFO]: [0mThis is a info message from thread 2418-09-2026 00:29:33 [38;5;117m[DEBUG]: [0mThis is a debug message from thread 1118-09-2026 00:29:33 [38;5;009m[ERROR]: [0mThis is a error message from thread 1618-09-2026 00:29:33 [38;5;009m[ERROR]: [0mThis is a error message from thread 2218-09-2026 00:29:33 [38;5;117m[DEBUG]: [0mThis is a debug message from thread 2118-09-2026 00:29:33 [38;5;009m[ERROR]: [0mThis is a error message from thread 1918-09-2026 00:29:33 [38;5;009m[ERROR]: [0mThis is a error message from thread 2818-09-2026 00:29:33 [38;5;009m[ERROR]: [0mThis is a error message from thread 1718-09-2026 00:29:33 [38;5;117m[DEBUG]: [0mThis is a debug message from thread 1518-09-2026 00:29:33 [38;5;009m[ERROR]: [0mThis is a error message from thread 2018-09-2026 00:29:33 [38;5;117m[DEBUG]: [0mThis is a debug message from thread 2218-09-2026 00:29:33 [38;5;117m[DEBUG]: [0mThis is a debug message from thread 018-09-2026 00:29:33 [38;5;009m[ERROR]: [0mThis is a error message from thread 2618-09-2026 00:29:33 [38;5;009m[ERROR]: [0mThis is a error message from thread 1818-09-2026 00:29:33 [38;5;117m[DEBUG]: [0mThis is a debug message from thread 1918-09-2026 00:29:33 [38;5;015m[INFO]: [0mThis is a info message from thread 2318-09-2026 00:29:33 [38;5;117m[DEBUG]: [0mThis is a debug message from thread 1418-09-2026 00:29:33 [38;5;117m[DEBUG]: [0mThis is a debug message from thread 1818-09-2026 00:29:33 [38;5;015m[INFO]: [0mThis is a info message from thread 1518-09-2026 00:29:33 [38;5;015m[INFO]: [0mThis is a info message from thread 1018-09-2026 00:29:33 [38;5;009m[ERROR]: [0mThis is a error message from thread 2518-09-2026 00:29:33 [38;5;015m[INFO]: [0mThis is a info message from thread 1918-09-2026 00:29:33 [38;5;015m[INFO]: [0mThis is a info message from thread 1218-09-2026 00:29:33 [38;5;015m[INFO]: [0mThis is a info message from thread 1818-09-2026 00:29:33 [38;5;117m[DEBUG]: [0mThis is a debug message from thread 918-09-2026 00:29:33 [38;5;009m[ERROR]: [0mThis is a error message from thread 2718-09-2026 00:29:33 [38;5;117m[DEBUG]: [0mThis is a debug message from thread 2618-09-2026 00:29:33 [38;5;117m[DEBUG]: [0mThis is a debug message from thread 2718-09-2026 00:29:33 [38;5;015m[INFO]: [0mThis is a info message from thread 1118-09-2026 00:29:33 [38;5;009m[ERROR]: [0mThis is a error message from thread 1218-09-2026 00:29:33 [38;5;117m[DEBUG]: [0mThis is a debug message from thread 218-09-2026 00:29:33 [38;5;015m[INFO]: [0mThis is a info message from thread 1418-09-2026 00:29:33 [38;5;117m[DEBUG]: [0mThis is a debug message from thread 1318-09-2026 00:29:33 [38;5;015m[INFO]: [0mThis is a info message from thread 218-09-2026 00:29:33 [38;5;009m[ERROR]: [0mThis is a error message from thread 2318-09-2026 00:29:33 [38;5;009m[ERROR]: [0mThis is a error message from thread 1018-09-2026 00:29:33 [38;5;117m[DEBUG]: [0mThis is a debug message from thread 1218-09-2026 00:29:33 [38;5;009m[ERROR]: [0mThis is a error message from thread 118-09-2026 00:29:33 [38;5;009m[ERROR]: [0mThis is a error message from thread 1518-09-2026 00:29:33 [38;5;015m[INFO]: [0mThis is a info message from thread 1318-09-2026 00:29:33 [38;5;009m[ERROR]: [0mThis is a error message from thread 1818-09-2026 00:29:33 [38;5;009m[ERROR]: [0mThis is a error message from thread 418-09-2026 00:29:33 [38;5;009m[ERROR]: [0mThis is a error message from thread 718-09-2026 00:29:33 [38;5;117m[DEBUG]: [0mThis is a debug message from thread 1518-09-2026 00:29:33 [38;5;015m[INFO]: [0mThis is a info message from thread 2618-09-2026 00:29:33 [38;5;117m[DEBUG]: [0mThis is a debug message from thread 1018-09-2026 00:29:33 [38;5;117m[DEBUG]: [0mThis is a debug message from thread 2018-09-2026 00:29:33 [38;5;015m[INFO]: [0mThis is a info message from thread 1218-09-2026 00:29:33 [38;5;009m[ERROR]: [0mThis is a error message from thread 218-09-2026 00:29:33 [38;5;009m[ERROR]: [0mThis is a error message from thread 1918-09-2026 00:29:33 [38;5;117m[DEBUG]: [0mThis is a debug message from thread 718-09-2026 00:29:33 [38;5;015m[INFO]: [0mThis is a info message from thread 018-09-2026 00:29:33 [38;5;117m[DEBUG]: [0mThis is a debug message from thread 1718-09-2026 00:29:33 [38;5;015m[INFO]: [0mThis is a info message from thread 1018-09-2026 00:29:33 [38;5;009m[ERROR]: [0mThis is a error message from thread 1418-09-2026 00:29:33 [38;5;009m[ERROR]: [0mThis is a error message from thread 2618-09-2026 00:29:33 [38;5;015m[INFO]: [0mThis is a info message from thread 618-09-2026 00:29:33 [38;5;015m[INFO]: [0mThis is a info message from thread 1718-09-2026 00:29:33 [38;5;015m[INFO]: [0mThis is a info message from thread 2218-09-2026 00:29:33 [38;5;015m[INFO]: [0mThis is a info message from thread 718-09-2026 00:29:33 [38;5;009m[ERROR]: [0mThis is a error message from thread 718-09-2026 00:29:33 [38;5;015m[INFO]: [0mThis is a info message from thread 2918-09-2026 00:29:33 [38;5;009m[ERROR]: [0mThis is a error message from thread 1718-09-2026 00:29:33 [38;5;015m[INFO]: [0mThis is a info message from thread 318-09-2026 00:29:33 [38;5;015m[INFO]: [0mThis is a info message from thread 1518-09-2026 00:29:33 [38;5;117m[DEBUG]: [0mThis is a debug message from thread 1418-09-2026 00:29:33 [38;5;117m[DEBUG]: [0mThis is a debug message from thread 118-09-2026 00:29:33 [38;5;009m[ERROR]: [0mThis is a error message from thread 1018-09-2026 00:29:33 [38;5;117m[DEBUG]: [0mThis is a debug message from thread 2618-09-2026 00:29:33 [38;5;117m[DEBUG]: [0mThis is a debug message from thread 1618-09-2026 00:29:33 [38;5;117m[DEBUG]: [0mThis is a debug message from thread 818-09-2026 00:29:33 [38;5;009m[ERROR]: [0mThis is a error message from thread 618-09-2026 00:29:33 [38;5;117m[DEBUG]: [0mThis is a debug message from thread 718-09-2026 00:29:33 [38;5;009m[ERROR]: [0mThis is a error message from thread 1518-09-2026 00:29:33 [38;5;015m[INFO]: [0mThis is a info message from thread 2718-09-2026 00:29:33 [38;5;015m[INFO]: [0mThis is a info message from thread 2018-09-2026 00:29:33 [38;5;015m[INFO]: [0mThis is a info message from thread 118-09-2026 00:29:33 [38;5;015m[INFO]: [0mThis is a info message from thread 918-09-2026 00:29:33 [38;5;009m[ERROR]: [0mThis is a error message from thread 2918-09-2026 00:29:33 [38;5;117m[DEBUG]: [0mThis is a debug message from thread 418-09-2026 00:29:33 [38;5;015m[INFO]: [0mThis is a info message from thread 1418-09-2026 00:29:33 [38;5;117m[DEBUG]: [0mThis is a debug message from thread 1518-09-2026 00:29:33 [38;5;117m[DEBUG]: [0mThis is a debug message from thread 1918-09-2026 00:29:33 [38;5;015m[INFO]: [0mThis is a info message from thread 1618-09-2026 00:29:33 [38;5;117m[DEBUG]: [0mThis is a debug message from thread 618-09-2026 00:29:33 [38;5;009m[ERROR]: [0mThis is a error message from thread 1218-09-2026 00:29:33 [38;5;009m[ERROR]: [0mThis is a error message from thread 918-09-2026 00:29:33 [38;5;117m[DEBUG]: [0mThis is a debug message from thread 1218-09-2026 00:29:33 [38;5;015m[INFO]: [0mThis is a info message from thread 2118-09-2026 00:29:33 [38;5;015m[INFO]: [0mThis is a info message from thread 1218-09-2026 00:29:33 [38;5;009m[ERROR]: [0mThis is a error message from thread 1618-09-2026 00:29:33 [38;5;117m[DEBUG]: [0mThis is a debug message from thread 918-09-2026 00:29:33 [38;5;015m[INFO]: [0mThis is a info message from thread 418-09-2026 00:29:33 [38;5;015m[INFO]: [0mThis is a info message from thread 818-09-2026 00:29:33 [38;5;009m[ERROR]: [0mThis is a error message from thread 2118-09-2026 00:29:33 [38;5;015m[INFO]: [0mThis is a info message from thread 618-09-2026 00:29:33 [38;5;117m[DEBUG]: [0mThis is a debug message from thread 2918-09-2026 00:29:33 [38;5;009m[ERROR]: [0mThis is a error message from thread 418-09-2026 00:29:33 [38;5;117m[DEBUG]: [0mThis is a debug message from thread 2518-09-2026 00:29:33 [38;5;009m[ERROR]: [0mThis is a error message from thread 618-09-2026 00:29:33 [38;5;009m[ERROR]: [0mThis is a error message from thread 2418-09-2026 00:29:33 [38;5;009m[ERROR]: [0mThis is a error message from thread 2218-09-2026 00:29:33 [38;5;009m[ERROR]: [0mThis is a error message from thread 518-09-2026 00:29:33 [38;5;015m[INFO]: [0mThis is a info message from thread 2918-09-2026 00:29:33 [38;5;009m[ERROR]: [0mThis is a error message from thread 818-09-2026 00:29:33 [38;5;117m[DEBUG]: [0mThis is a debug message from thread 218-09-2026 00:29:33 [38;5;009m[ERROR]: [0mThis is a error message from thread 2718-09-2026 00:29:33 [38;5;117m[DEBUG]: [0mThis is a debug message from thread 1618-09-2026 00:29:33 [38;5;009m[ERROR]: [0mThis is a error message from thread 1318-09-2026 00:29:33 [38;5;117m[DEBUG]: [0mThis is a debug message from thread 818-09-2026 00:29:33 [38;5;009m[ERROR]: [0mThis is a error message from thread 1118-09-2026 00:29:33 [38;5;009m[ERROR]: [0mThis is a error message from thread 1418-09-2026 00:29:33 [38;5;117m[DEBUG]: [0mThis is a debug message from thread 2318-09-2026 00:29:33 [38;5;009m[ERROR]: [0mThis is a error message from thread 1218-09-2026 00:29:33 [38;5;117m[DEBUG]: [0mThis is a debug message from thread 2718-09-2026 00:29:33 [38;5;117m[DEBUG]: [0mThis is a debug message from thread 418-09-2026 00:29:33 [38;5;015m[INFO]: [0mThis is a info message from thread 1618-09-2026 00:29:33 [38;5;009m[ERROR]: [0mThis is a error message from thread 2018-09-2026 00:29:33 [38;5;117m[DEBUG]: [0mThis is a debug message from thread 1118-09-2026 00:29:33 [38;5;117m[DEBUG]: [0mThis is a debug message from thread 1718-09-2026 00:29:33 [38;5;015m[INFO]: [0mThis is a info message from thread 2718-09-2026 00:29:33 [38;5;009m[ERROR]: [0mThis is a error message from thread 318-09-2026 00:29:33 [38;5;117m[DEBUG]: [0mThis is a debug message from thread 1818-09-2026 00:29:33 [38;5;015m[INFO]: [0mThis is a info message from thread 1518-09-2026 00:29:33 [38;5;117m[DEBUG]: [0mThis is a debug message from thread 618-09-2026 00:29:33 [38;5;015m[INFO]: [0mThis is a info message from thread 418-09-2026 00:29:33 [38;5;009m[ERROR]: [0mThis is a error message from thread 1618-09-2026 00:29:33 [38;5;015m[INFO]: [0mThis is a info message from thread 1718-09-2026 00:29:33 [38;5;117m[DEBUG]: [0mThis is a debug message from thread 1018-09-2026 00:29:33 [38;5;009m[ERROR]: [0mThis is a error message from thread 2718-09-2026 00:29:33 [38;5;117m[DEBUG]: [0mThis is a debug message from thread 2018-09-2026 00:29:33 [38;5;117m[DEBUG]: [0mThis is a debug message from thread 2818-09-2026 00:29:33 [38;5;015m[INFO]: [0mThis is a info message from thread 1118-09-2026 00:29:33 [38;5;015m[INFO]: [0mThis is a info message from thread 2618-09-2026 00:29:33 [38;5;009m[ERROR]: [0mThis is a error message from thread 418-09-2026 00:29:33 [38;5;117m[DEBUG]: [0mThis is a debug message from thread 2718-09-2026 00:29:33 [38;5;117m[DEBUG]: [0mThis is a debug message from thread 418-09-2026 00:29:33 [38;5;009m[ERROR]: [0mThis is a error message from thread 118-09-2026 00:29:33 [38;5;015m[INFO]: [0mThis is a info message from thread 2518-09-2026 00:29:33 [38;5;009m[ERROR]: [0mThis is a error message from thread 018-09-2026 00:29:33 [38;5;015m[INFO]: [0mThis is a info message from thread 618-09-2026 00:29:33 [38;5;009m[ERROR]: [0mThis is a error message from thread 1118-09-2026 00:29:33 [38;5;015m[INFO]: [0mThis is a info message from thread 2018-09-2026 00:29:33 [38;5;015m[INFO]: [0mThis is a info message from thread 2718-09-2026 00:29:33 [38;5;117m[DEBUG]: [0mThis is a debug message from thread 2218-09-2026 00:29:33 [38;5;117m[DEBUG]: [0mThis is a debug message from thread 018-09-2026 00:29:33 [38;5;009m[ERROR]: [0mThis is a error message from thread 2718-09-2026 00:29:33 [38;5;015m[INFO]: [0mThis is a info message from thread 2318-09-2026 00:29:33 [38;5;015m[INFO]: [0mThis is a info message from thread 418-09-2026 00:29:33 [38;5;117m[DEBUG]: [0mThis is a debug message from thread 2418-09-2026 00:29:33 [38;5;009m[ERROR]: [0mThis is a error message from thread 2018-09-2026 00:29:33 [38;5;015m[INFO]: [0mThis is a info message from thread 218-09-2026 00:29:33 [38;5;015m[INFO]: [0mThis is a info message from thread 2818-09-2026 00:29:33 [38;5;117m[DEBUG]: [0mThis is a debug message from thread 518-09-2026 00:29:33 [38;5;009m[ERROR]: [0mThis is a error message from thread 618-09-2026 00:29:33 [38;5;009m[ERROR]: [0mThis is a error message from thread 2618-09-2026 00:29:33 [38;5;117m[DEBUG]: [0mThis is a debug message from thread 2018-09-2026 00:29:33 [38;5;117m[DEBUG]: [0mThis is a debug message from thread 1118-09-2026 00:29:33 [38;5;009m[ERROR]: [0mThis is a error message from thread 2818-09-2026 00:29:33 [38;5;015m[INFO]: [0mThis is a info message from thread 518-09-2026 00:29:33 [38;5;009m[ERROR]: [0mThis is a error message from thread 418-09-2026 00:29:33 [38;5;117m[DEBUG]: [0mThis is a debug message from thread 2818-09-2026 00:29:33 [38;5;009m[ERROR]: [0mThis is a error message from thread 2518-09-2026 00:29:33 [38;5;009m[ERROR]: [0mThis is a error message from thread 218-09-2026 00:29:33 [38;5;117m[DEBUG]: [0mThis is a debug message from thread 618-09-2026 00:29:33 [38;5;015m[INFO]: [0mThis is a info message from thread 2818-09-2026 00:29:33 [38;5;117m[DEBUG]: [0mThis is a debug message from thread 218-09-2026 00:29:33 [38;5;009m[ERROR]: [0mThis is a error message from thread 518-09-2026 00:29:33 [38;5;015m[INFO]: [0mThis is a info message from thread 218-09-2026 00:29:33 [38;5;117m[DEBUG]: [0mThis is a debug message from thread 2518-09-2026 00:29:33 [38;5;015m[INFO]: [0mThis is a info message from thread 2018-09-2026 00:29:33 [38;5;117m[DEBUG]: [0mThis is a debug message from thread 2118-09-2026 00:29:33 [38;5;015m[INFO]: [0mThis is a info message from thread 2518-09-2026 00:29:33 [38;5;009m[ERROR]: [0mThis is a error message from thread 1718-09-2026 00:29:33 [38;5;015m[INFO]: [0mThis is a info message from thread 1018-09-2026 00:29:33 [38;5;015m[INFO]: [0mThis is a info message from thread 618-09-2026 00:29:33 [38;5;117m[DEBUG]: [0mThis is a debug message from thread 1218-09-2026 00:29:33 [38;5;117m[DEBUG]: [0mThis is a debug message from thread 2618-09-2026 00:29:33 [38;5;015m[INFO]: [0mThis is a info message from thread 2118-09-2026 00:29:33 [38;5;015m[INFO]: [0mThis is a info message from thread 1218-09-2026 00:29:33 [38;5;015m[INFO]: [0mThis is a info message from thread 2618-09-2026 00:29:33 [38;5;117m[DEBUG]: [0mThis is a debug message from thread 1618-09-2026 00:29:33 [38;5;117m[DEBUG]: [0mThis is a debug message from thread 418-09-2026 00:29:33 [38;5;015m[INFO]: [0mThis is a info message from thread 1918-09-2026 00:29:33 [38;5;009m[ERROR]: [0mThis is a error message from thread 2518-09-2026 00:29:33 [38;5;009m[ERROR]: [0mThis is a error message from thread 218-09-2026 00:29:33 [38;5;117m[DEBUG]: [0mThis is a debug message from thread 1718-09-2026 00:29:33 [38;5;015m[INFO]: [0mThis is a info message from thread 018-09-2026 00:29:33 [38;5;009m[ERROR]: [0mThis is a error message from thread 2018-09-2026 00:29:33 [38;5;117m[DEBUG]: [0mThis is a debug message from thread 218-09-2026 00:29:33 [38;5;009m[ERROR]: [0mThis is a error message from thread 2618-09-2026 00:29:33 [38;5;009m[ERROR]: [0mThis is a error message from thread 1918-09-2026 00:29:33 [38;5;015m[INFO]: [0mThis is a info message from thread 218-09-2026 00:29:33 [38;5;015m[INFO]: [0mThis is a info message from thread 418-09-2026 00:29:33 [38;5;009m[ERROR]: [0mThis is a error message from thread 218-09-2026 00:29:33 [38;5;117m[DEBUG]: [0mThis is a debug message from thread 218-09-2026 00:29:33 [38;5;117m[DEBUG]: [0mThis is a debug message from thread 1918-09-2026 00:29:33 [38;5;015m[INFO]: [0mThis is a info message from thread 218-09-2026 00:29:33 [38;5;009m[ERROR]: [0mThis is a error message from thread 018-09-2026 00:29:33 [38;5;009m[ERROR]: [0mThis is a error message from thread 418-09-2026 00:29:33 [38;5;117m[DEBUG]: [0mThis is a debug message from thread 1418-09-2026 00:29:33 [38;5;117m[DEBUG]: [0mThis is a debug message from thread 2718-09-2026 00:29:33 [38;5;117m[DEBUG]: [0mThis is a debug message from thread 118-09-2026 00:29:33 [38;5;009m[ERROR]: [0mThis is a error message from thread 1218-09-2026 00:29:33 [38;5;009m[ERROR]: [0mThis is a error message from thread 2118-09-2026 00:29:33 [38;5;117m[DEBUG]: [0mThis is a debug message from thread 2518-09-2026 00:29:33 [38;5;015m[INFO]: [0mThis is a info message from thread 718-09-2026 00:29:33 [38;5;015m[INFO]: [0mThis is a info message from thread 2418-09-2026 00:29:33 [38;5;009m[ERROR]: [0mThis is a error message from thread 1518-09-2026 00:29:33 [38;5;117m[DEBUG]: [0mThis is a debug message from thread 1318-09-2026 00:29:33 [38;5;015m[INFO]: [0mThis is a info message from thread 1118-09-2026 00:29:33 [38;5;009m[ERROR]: [0mThis is a error message from thread 218-09-2026 00:29:33 [38;5;117m[DEBUG]: [0mThis is a debug message from thread 1518-09-2026 00:29:33 [38;5;117m[DEBUG]: [0mThis is a debug message from thread 018-09-2026 00:29:33 [38;5;015m[INFO]: [0mThis is a info message from thread 2718-09-2026 00:29:33 [38;5;015m[INFO]: [0mThis is a info message from thread 2518-09-2026 00:29:33 [38;5;009m[ERROR]: [0mThis is a error message from thread 2818-09-2026 00:29:33 [38;5;009m[ERROR]: [0mThis is a error message from thread 718-09-2026 00:29:33 [38;5;117m[DEBUG]: [0mThis is a debug message from thread 2618-09-2026 00:29:33 [38;5;015m[INFO]: [0mThis is a info message from thread 1518-09-2026 00:29:33 [38;5;117m[DEBUG]: [0mThis is a debug message from thread 2018-09-2026 00:29:33 [38;5;009m[ERROR]: [0mThis is a error message from thread 2718-09-2026 00:29:33 [38;5;117m[DEBUG]: [0mThis is a debug message from thread 2818-09-2026 00:29:33 [38;5;015m[INFO]: [0mThis is a info message from thread 2018-09-2026 00:29:33 [38;5;009m[ERROR]: [0mThis is a error message from thread 2518-09-2026 00:29:33 [38;5;009m[ERROR]: [0mThis is a error message from thread 1518-09-2026 00:29:33 [38;5;015m[INFO]: [0mThis is a info message from thread 018-09-2026 00:29:33 [38;5;009m[ERROR]: [0mThis is a error message from thread 2018-09-2026 00:29:33 [38;5;015m[INFO]: [0mThis is a info message from thread 2818-09-2026 00:29:33 [38;5;117m[DEBUG]: [0mThis is a debug message from thread 1218-09-2026 00:29:33 [38;5;117m[DEBUG]: [0mThis is a debug message from thread 718-09-2026 00:29:33 [38;5;117m[DEBUG]: [0mThis is a debug message from thread 1518-09-2026 00:29:33 [38;5;009m[ERROR]: [0mThis is a error message from thread 2418-09-2026 00:29:33 [38;5;009m[ERROR]: [0mThis is a error message from thread 018-09-2026 00:29:33 [38;5;117m[DEBUG]: [0mThis is a debug message from thread 2418-09-2026 00:29:33 [38;5;015m[INFO]: [0mThis is a info message from thread 1618-09-2026 00:29:33 [38;5;117m[DEBUG]: [0mThis is a debug message from thread 2518-09-2026 00:29:33 [38;5;015m[INFO]: [0mThis is a info message from thread 118-09-2026 00:29:33 [38;5;009m[ERROR]: [0mThis is a error message from thread 1118-09-2026 00:29:33 [38;5;015m[INFO]: [0mThis is a info message from thread 718-09-2026 00:29:33 [38;5;015m[INFO]: [0mThis is a info message from thread 2218-09-2026 00:29:33 [38;5;015m[INFO]: [0mThis is a info message from thread 918-09-2026 00:29:33 [38;5;009m[ERROR]: [0mThis is a error message from thread 718-09-2026 00:29:33 [38;5;009m[ERROR]: [0mThis is a error message from thread 918-09-2026 00:29:33 [38;5;117m[DEBUG]: [0mThis is a debug message from thread 418-09-2026 00:29:33 [38;5;015m[INFO]: [0mThis is a info message from thread 818-09-2026 00:29:33 [38;5;009m[ERROR]: [0mThis is a error message from thread 1018-09-2026 00:29:33 [38;5;015m[INFO]: [0mThis is a info message from thread 1718-09-2026 00:29:33 [38;5;015m[INFO]: [0mThis is a info message from thread 1818-09-2026 00:29:33 [38;5;009m[ERROR]: [0mThis is a error message from thread 2818-09-2026 00:29:33 [38;5;015m[INFO]: [0mThis is a info message from thread 1918-09-2026 00:29:33 [38;5;117m[DEBUG]: [0mThis is a debug message from thread 2118-09-2026 00:29:33 [38;5;009m[ERROR]: [0mThis is a error message from thread 118-09-2026 00:29:33 [38;5;015m[INFO]: [0mThis is a info message from thread 418-09-2026 00:29:33 [38;5;117m[DEBUG]: [0mThis is a debug message from thread 918-09-2026 00:29:33 [38;5;117m[DEBUG]: [0mThis is a debug message from thread 1018-09-2026 00:29:33 [38;5;009m[ERROR]: [0mThis is a error message from thread 2918-09-2026 00:29:33 [38;5;015m[INFO]: [0mThis is a info message from thread 1418-09-2026 00:29:33 [38;5;009m[ERROR]: [0mThis is a error message from thread 1818-09-2026 00:29:33 [38;5;009m[ERROR]: [0mThis is a error message from thread 1718-09-2026 00:29:33 [38;5;117m[DEBUG]: [0mThis is a debug message from thread 1118-09-2026 00:29:33 [38;5;117m[DEBUG]: [0mThis is a debug message from thread 2018-09-2026 00:29:33 [38;5;009m[ERROR]: [0mThis is a error message from thread 418-09-2026 00:29:33 [38;5;015m[INFO]: [0mThis is a info message from thread 2418-09-2026 00:29:33 [38;5;117m[DEBUG]: [0mThis is a debug message from thread 718-09-2026 00:29:33 [38;5;117m[DEBUG]: [0mThis is a debug message from thread 2718-09-2026 00:29:33 [38;5;117m[DEBUG]: [0mThis is a debug message from thread 2918-09-2026 00:29:33 [38;5;009m[ERROR]: [0mThis is a error message from thread 2318-09-2026 00:29:33 [38;5;009m[ERROR]: [0mThis is a error message from thread 1618-09-2026 00:29:33 [38;5;117m[DEBUG]: [0mThis is a debug message from thread 318-09-2026 00:29:33 [38;5;015m[INFO]: [0mThis is a info message from thread 1118-09-2026 00:29:33 [38;5;015m[INFO]: [0mThis is a info message from thread 1318-09-2026 00:29:33 [38;5;015m[INFO]: [0mThis is a info message from thread 318-09-2026 00:29:33 [38;5;117m[DEBUG]: [0mThis is a debug message from thread 1718-09-2026 00:29:33 [38;5;015m[INFO]: [0mThis is a info message from thread 1518-09-2026 00:29:33 [38;5;117m[DEBUG]: [0mThis is a debug message from thread 418-09-2026 00:29:33 [38;5;009m[ERROR]: [0mThis is a error message from thread 318-09-2026 00:29:33 [38;5;015m[INFO]: [0mThis is a info message from thread 1718-09-2026 00:29:33 [38;5;117m[DEBUG]: [0mThis is a debug message from thread 1818-09-2026 00:29:33 [38;5;015m[INFO]: [0mThis is a info message from thread 718-09-2026 00:29:33 [38;5;117m[DEBUG]: [0mThis is a debug message from thread 218-09-2026 00:29:33 [38;5;009m[ERROR]: [0mThis is a error message from thread 818-09-2026 00:29:33 [38;5;015m[INFO]: [0mThis is a info message from thread 418-09-2026 00:29:33 [38;5;015m[INFO]: [0mThis is a info message from thread 2618-09-2026 00:29:33 [38;5;009m[ERROR]: [0mThis is a error message from thread 618-09-2026 00:29:33 [38;5;015m[INFO]: [0mThis is a info message from thread 2118-09-2026 00:29:33 [38;5;009m[ERROR]: [0mThis is a error message from thread 1718-09-2026 00:29:33 [38;5;015m[INFO]: [0mThis is a info message from thread 2918-09-2026 00:29:33 [38;5;015m[INFO]: [0mThis is a info message from thread 218-09-2026 00:29:33 [38;5;009m[ERROR]: [0mThis is a error message from thread 418-09-2026 00:29:33 [38;5;009m[ERROR]: [0mThis is a error message from thread 1118-09-2026 00:29:33 [38;5;009m[ERROR]: [0mThis is a error message from thread 1318-09-2026 00:29:33 [38;5;009m[ERROR]: [0mThis is a error message from thread 2218-09-2026 00:29:33 [38;5;009m[ERROR]: [0mThis is a error message from thread 2918-09-2026 00:29:33 [38;5;117m[DEBUG]: [0mThis is a debug message from thread 1618-09-2026 00:29:33 [38;5;015m[INFO]: [0mThis is a info message from thread 2018-09-2026 00:29:33 [38;5;015m[INFO]: [0mThis is a info message from thread 918-09-2026 00:29:33 [38;5;009m[ERROR]: [0mThis is a error message from thread 2618-09-2026 00:29:33 [38;5;015m[INFO]: [0mThis is a info message from thread 2718-09-2026 00:29:33 [38;5;117m[DEBUG]: [0mThis is a debug message from thread 518-09-2026 00:29:33 [38;5;015m[INFO]: [0mThis is a info message from thread 1018-09-2026 00:29:33 [38;5;009m[ERROR]: [0mThis is a error message from thread 1518-09-2026 00:29:33 [38;5;009m[ERROR]: [0mThis is a error message from thread 2718-09-2026 00:29:33 [38;5;015m[INFO]: [0mThis is a info message from thread 1618-09-2026 00:29:33 [38;5;117m[DEBUG]: [0mThis is a debug message from thread 018-09-2026 00:29:33 [38;5;015m[INFO]: [0mThis is a info message from thread 1218-09-2026 00:29:33 [38;5;009m[ERROR]: [0mThis is a error message from thread 918-09-2026 00:29:33 [38;5;117m[DEBUG]: [0mThis is a debug message from thread 2618-09-2026 00:29:33 [38;5;009m[ERROR]: [0mThis is a error message from thread 1618-09-2026 00:29:33 [38;5;015m[INFO]: [0mThis is a info message from thread 1818-09-2026 00:29:33 [38;5;117m[DEBUG]: [0mThis is a debug message from thread 818-09-2026 00:29:33 [38;5;117m[DEBUG]: [0mThis is a debug message from thread 2918-09-2026 00:29:33 [38;5;009m[ERROR]: [0mThis is a error message from thread 2018-09-2026 00:29:33 [38;5;117m[DEBUG]: [0mThis is a debug message from thread 1118-09-2026 00:29:33 [38;5;009m[ERROR]: [0mThis is a error message from thread 2118-09-2026 00:29:33 [38;5;117m[DEBUG]: [0mThis is a debug message from thread 1318-09-2026 00:29:33 [38;5;117m[DEBUG]: [0mThis is a debug message from thread 618-09-2026 00:29:33 [38;5;009m[ERROR]: [0mThis is a error message from thread 218-09-2026 00:29:33 [38;5;009m[ERROR]: [0mThis is a error message from thread 1018-09-2026 00:29:33 [38;5;117m[DEBUG]: [0mThis is a debug message from thread 2018-09-2026 00:29:33 [38;5;015m[INFO]: [0mThis is a info message from thread 2018-09-2026 00:29:33 [38;5;117m[DEBUG]: [0mThis is a debug message from thread 2118-09-2026 00:29:33 [38;5;009m[ERROR]: [0mThis is a error message from thread 1818-09-2026 00:29:33 [38;5;117m[DEBUG]: [0mThis is a debug message from thread 218-09-2026 00:29:33 [38;5;015m[INFO]: [0mThis is a info message from thread 2918-09-2026 00:29:33 [38;5;009m[ERROR]: [0mThis is a error message from thread 1918-09-2026 00:29:33 [38;5;117m[DEBUG]: [0mThis is a debug message from thread 918-09-2026 00:29:33 [38;5;009m[ERROR]: [0mThis is a error message from thread 1418-09-2026 00:29:33 [38;5;117m[DEBUG]: [0mThis is a debug message from thread 1818-09-2026 00:29:33 [38;5;009m[ERROR]: [0mThis is a error message from thread 718-09-2026 00:29:33 [38;5;117m[DEBUG]: [0mThis is a debug message from thread 418-09-2026 00:29:33 [38;5;117m[DEBUG]: [0mThis is a debug message from thread 318-09-2026 00:29:33 [38;5;015m[INFO]: [0mThis is a info message from thread 218-09-2026 00:29:33 [38;5;015m[INFO]: [0mThis is a info message from thread 518-09-2026 00:29:33 [38;5;015m[INFO]: [0mThis is a info message from thread 2618-09-2026 00:29:33 [38;5;117m[DEBUG]: [0mThis is a debug message from thread 1918-09-2026 00:29:33 [38;5;117m[DEBUG]: [0mThis is a debug message from thread 2718-09-2026 00:29:33 [38;5;009m[ERROR]: [0mThis is a error message from thread 2618-09-2026 00:29:33 [38;5;117m[DEBUG]: [0mThis is a debug message from thread 1618-09-2026 00:29:33 [38;5;015m[INFO]: [0mThis is a info message from thread 318-09-2026 00:29:33 [38;5;015m[INFO]: [0mThis is a info message from thread 2518-09-2026 00:29:33 [38;5;117m[DEBUG]: [0mThis is a debug message from thread 2618-09-2026 00:29:33 [38;5;015m[INFO]: [0mThis is a info message from thread 1318-09-2026 00:29:33 [38;5;015m[INFO]: [0mThis is a info message from thread 018-09-2026 00:29:33 [38;5;015m[INFO]: [0mThis is a info message from thread 1618-09-2026 00:29:33 [38;5;015m[INFO]: [0mThis is a info message from thread 2618-09-2026 00:29:33 [38;5;009m[ERROR]: [0mThis is a error message from thread 1618-09-2026 00:29:33 [38;5;009m[ERROR]: [0mThis is a error message from thread 2918-09-2026 00:29:33 [38;5;009m[ERROR]: [0mThis is a error message from thread 2518-09-2026 00:29:33 [38;5;009m[ERROR]: [0mThis is a error message from thread 218-09-2026 00:29:33 [38;5;117m[DEBUG]: [0mThis is a debug message from thread 1718-09-2026 00:29:33 [38;5;009m[ERROR]: [0mThis is a error message from thread 318-09-2026 00:29:33 [38;5;015m[INFO]: [0mThis is a info message from thread 1918-09-2026 00:29:33 [38;5;117m[DEBUG]: [0mThis is a debug message from thread 2918-09-2026 00:29:33 [38;5;117m[DEBUG]: [0mThis is a debug message from thread 1618-09-2026 00:29:33 [38;5;117m[DEBUG]: [0mThis is a debug message from thread 2818-09-2026 00:29:33 [38;5;009m[ERROR]: [0mThis is a error message from thread 2018-09-2026 00:29:33 [38;5;117m[DEBUG]: [0mThis is a debug message from thread 318-09-2026 00:29:33 [38;5;015m[INFO]: [0mThis is a info message from thread 2118-09-2026 00:29:33 [38;5;015m[INFO]: [0mThis is a info message from thread 1718-09-2026 00:29:33 [38;5;009m[ERROR]: [0mThis is a error message from thread 1218-09-2026 00:29:33 [38;5;009m[ERROR]: [0mThis is a error message from thread 2118-09-2026 00:29:33 [38;5;015m[INFO]: [0mThis is a info message from thread 1818-09-2026 00:29:33 [38;5;015m[INFO]: [0mThis is a info message from thread 2818-09-2026 00:29:33 [38;5;117m[DEBUG]: [0mThis is a debug message from thread 1518-09-2026 00:29:33 [38;5;009m[ERROR]: [0mThis is a error message from thread 2418-09-2026 00:29:33 [38;5;117m[DEBUG]: [0mThis is a debug message from thread 2018-09-2026 00:29:33 [38;5;009m[ERROR]: [0mThis is a error message from thread 1818-09-2026 00:29:33 [38;5;015m[INFO]: [0mThis is a info message from thread 2018-09-2026 00:29:33 [38;5;009m[ERROR]: [0mThis is a error message from thread 518-09-2026 00:29:33 [38;5;015m[INFO]: [0mThis is a info message from thread 2718-09-2026 00:29:33 [38;5;009m[ERROR]: [0mThis is a error message from thread 018-09-2026 00:29:33 [38;5;117m[DEBUG]: [0mThis is a debug message from thread 2518-09-2026 00:29:33 [38;5;015m[INFO]: [0mThis is a info message from thread 618-09-2026 00:29:33 [38;5;117m[DEBUG]: [0mThis is a debug message from thread 2418-09-2026 00:29:33 [38;5;009m[ERROR]: [0mThis is a error message from thread 2618-09-2026 00:29:33 [38;5;117m[DEBUG]: [0mThis is a debug message from thread 118-09-2026 00:29:33 [38;5;117m[DEBUG]: [0mThis is a debug message from thread 518-09-2026 00:29:33 [38;5;015m[INFO]: [0mThis is a info message from thread 118-09-2026 00:29:33 [38;5;009m[ERROR]: [0mThis is a error message from thread 2018-09-2026 00:29:33 [38;5;009m[ERROR]: [0mThis is a error message from thread 618-09-2026 00:29:33 [38;5;009m[ERROR]: [0mThis is a error message from thread 1318-09-2026 00:29:33 [38;5;015m[INFO]: [0mThis is a info message from thread 418-09-2026 00:29:33 [38;5;117m[DEBUG]: [0mThis is a debug message from thread 2218-09-2026 00:29:33 [38;5;117m[DEBUG]: [0mThis is a debug message from thread 2618-09-2026 00:29:33 [38;5;117m[DEBUG]: [0mThis is a debug message from thread 618-09-2026 00:29:33 [38;5;117m[DEBUG]: [0mThis is a debug message from thread 2118-09-2026 00:29:33 [38;5;117m[DEBUG]: [0mThis is a debug message from thread 1018-09-2026 00:29:33 [38;5;117m[DEBUG]: [0mThis is a debug message from thread 2318-09-2026 00:29:33 [38;5;015m[INFO]: [0mThis is a info message from thread 818-09-2026 00:29:33 [38;5;015m[INFO]: [0mThis is a info message from thread 2918-09-2026 00:29:33 [38;5;117m[DEBUG]: [0mThis is a debug message from thread 718-09-2026 00:29:33 [38;5;015m[INFO]: [0mThis is a info message from thread 2418-09-2026 00:29:33 [38;5;117m[DEBUG]: [0mThis is a debug message from thread 1218-09-2026 00:29:33 [38;5;009m[ERROR]: [0mThis is a error message from thread 418-09-2026 00:29:33 [38;5;009m[ERROR]: [0mThis is a error message from thread 1918-09-2026 00:29:33 [38;5;117m[DEBUG]: [0mThis is a debug message from thread 1318-09-2026 00:29:33 [38;5;009m[ERROR]: [0mThis is a error message from thread 2818-09-2026 00:29:33 [38;5;015m[INFO]: [0mThis is a info message from thread 1518-09-2026 00:29:33 [38;5;009m[ERROR]: [0mThis is a error message from thread 1718-09-2026 00:29:33 [38;5;015m[INFO]: [0mThis is a info message from thread 618-09-2026 00:29:33 [38;5;015m[INFO]: [0mThis is a info message from thread 1118-09-2026 00:29:33 [38;5;117m[DEBUG]: [0mThis is a debug message from thread 418-09-2026 00:29:33 [38;5;117m[DEBUG]: [0mThis is a debug message from thread 1418-09-2026 00:29:33 [38;5;009m[ERROR]: [0mThis is a error message from thread 1518-09-2026 00:29:33 [38;5;009m[ERROR]: [0mThis is a error message from thread 818-09-2026 00:29:33 [38;5;015m[INFO]: [0mThis is a info message from thread 918-09-2026 00:29:33 [38;5;015m[INFO]: [0mThis is a info message from thread 318-09-2026 00:29:33 [38;5;117m[DEBUG]: [0mThis is a debug message from thread 1818-09-2026 00:29:33 [38;5;009m[ERROR]: [0mThis is a error message from thread 1118-09-2026 00:29:33 [38;5;015m[INFO]: [0mThis is a info message from thread 518-09-2026 00:29:33 [38;5;117m[DEBUG]: [0mThis is a debug message from thread 1518-09-2026 00:29:33 [38;5;009m[ERROR]: [0mThis is a error message from thread 2718-09-2026 00:29:33 [38;5;117m[DEBUG]: [0mThis is a debug message from thread 2018-09-2026 00:29:33 [38;5;117m[DEBUG]: [0mThis is a debug message from thread 1718-09-2026 00:29:33 [38;5;009m[ERROR]: [0mThis is a error message from thread 618-09-2026 00:29:33 [38;5;015m[INFO]: [0mThis is a info message from thread 1318-09-2026 00:29:33 [38;5;015m[INFO]: [0mThis is a info message from thread 1818-09-2026 00:29:33 [38;5;015m[INFO]: [0mThis is a info message from thread 2618-09-2026 00:29:33 [38;5;117m[DEBUG]: [0mThis is a debug message from thread 1118-09-2026 00:29:33 [38;5;009m[ERROR]: [0mThis is a error message from thread 118-09-2026 00:29:33 [38;5;009m[ERROR]: [0mThis is a error message from thread 318-09-2026 00:29:33 [38;5;009m[ERROR]: [0mThis is a error message from thread 518-09-2026 00:29:33 [38;5;015m[INFO]: [0mThis is a info message from thread 1018-09-2026 00:29:33 [38;5;015m[INFO]: [0mThis is a info message from thread 1118-09-2026 00:29:33 [38;5;117m[DEBUG]: [0mThis is a debug message from thread 518-09-2026 00:29:33 [38;5;117m[DEBUG]: [0mThis is a debug message from thread 618-09-2026 00:29:33 [38;5;117m[DEBUG]: [0mThis is a debug message from thread 318-09-2026 00:29:33 [38;5;009m[ERROR]: [0mThis is a error message from thread 1118-09-2026 00:29:33 [38;5;015m[INFO]: [0mThis is a info message from thread 618-09-2026 00:29:33 [38;5;009m[ERROR]: [0mThis is a error message from thread 1318-09-2026 00:29:33 [38;5;015m[INFO]: [0mThis is a info message from thread 2318-09-2026 00:29:33 [38;5;015m[INFO]: [0mThis is a info message from thread 2218-09-2026 00:29:33 [38;5;015m[INFO]: [0mThis is a info message from thread 318-09-2026 00:29:33 [38;5;015m[INFO]: [0mThis is a info message from thread 518-09-2026 00:29:33 [38;5;009m[ERROR]: [0mThis is a error message from thread 1018-09-2026 00:29:33 [38;5;015m[INFO]: [0mThis is a info message from thread 418-09-2026 00:29:33 [38;5;009m[ERROR]: [0mThis is a error message from thread 1818-09-2026 00:29:33 [38;5;117m[DEBUG]: [0mThis is a debug message from thread 1018-09-2026 00:29:33 [38;5;117m[DEBUG]: [0mThis is a debug message from thread 2818-09-2026 00:29:33 [38;5;009m[ERROR]: [0mThis is a error message from thread 2418-09-2026 00:29:33 [38;5;015m[INFO]: [0mThis is a info message from thread 1718-09-2026 00:29:33 [38;5;117m[DEBUG]: [0mThis is a debug message from thread 018-09-2026 00:29:33 [38;5;015m[INFO]: [0mThis is a info message from thread 1518-09-2026 00:29:33 [38;5;117m[DEBUG]: [0mThis is a debug message from thread 1118-09-2026 00:29:33 [38;5;015m[INFO]: [0mThis is a info message from thread 1418-09-2026 00:29:33 [38;5;009m[ERROR]: [0mThis is a error message from thread 618-09-2026 00:29:33 [38;5;117m[DEBUG]: [0mThis is a debug message from thread 618-09-2026 00:29:33 [38;5;015m[INFO]: [0mThis is a info message from thread 618-09-2026 00:29:33 [38;5;009m[ERROR]: [0mThis is a error message from thread 1718-09-2026 00:29:33 [38;5;015m[INFO]: [0mThis is a info message from thread 2818-09-2026 00:29:33 [38;5;015m[INFO]: [0mThis is a info message from thread 1118-09-2026 00:29:33 [38;5;009m[ERROR]: [0mThis is a error message from thread 918-09-2026 00:29:33 [38;5;015m[INFO]: [0mThis is a info message from thread 2118-09-2026 00:29:33 [38;5;117m[DEBUG]: [0mThis is a debug message from thread 1818-09-2026 00:29:33 [38;5;015m[INFO]: [0mThis is a info message from thread 1618-09-2026 00:29:33 [38;5;009m[ERROR]: [0mThis is a error message from thread 318-09-2026 00:29:33 [38;5;009m[ERROR]: [0mThis is a error message from thread 2218-09-2026 00:29:33 [38;5;009m[ERROR]: [0mThis is a error message from thread 2118-09-2026 00:29:33 [38;5;117m[DEBUG]: [0mThis is a debug message from thread 2718-09-2026 00:29:33 [38;5;117m[DEBUG]: [0mThis is a debug message from thread 118-09-2026 00:29:33 [38;5;015m[INFO]: [0mThis is a info message from thread 1018-09-2026 00:29:33 [38;5;009m[ERROR]: [0mThis is a error message from thread 618-09-2026 00:29:33 [38;5;117m[DEBUG]: [0mThis is a debug message from thread 2118-09-2026 00:29:33 [38;5;009m[ERROR]: [0mThis is a error message from thread 1018-09-2026 00:29:33 [38;5;117m[DEBUG]: [0mThis is a debug message from thread 1718-09-2026 00:29:33 [38;5;117m[DEBUG]: [0mThis is a debug message from thread 2418-09-2026 00:29:33 [38;5;117m[DEBUG]: [0mThis is a debug message from thread 618-09-2026 00:29:33 [38;5;117m[DEBUG]: [0mThis is a debug message from thread 818-09-2026 00:29:33 [38;5;009m[ERROR]: [0mThis is a error message from thread 1418-09-2026 00:29:33 [38;5;009m[ERROR]: [0mThis is a error message from thread 518-09-2026 00:29:33 [38;5;015m[INFO]: [0mThis is a info message from thread 1818-09-2026 00:29:33 [38;5;015m[INFO]: [0mThis is a info message from thread 1718-09-2026 00:29:33 [38;5;015m[INFO]: [0mThis is a info message from thread 2018-09-2026 00:29:33 [38;5;117m[DEBUG]: [0mThis is a debug message from thread 218-09-2026 00:29:33 [38;5;015m[INFO]: [0mThis is a info message from thread 618-09-2026 00:29:33 [38;5;009m[ERROR]: [0mThis is a error message from thread 2018-09-2026 00:29:33 [38;5;009m[ERROR]: [0mThis is a error message from thread 418-09-2026 00:29:33 [38;5;015m[INFO]: [0mThis is a info message from thread 1218-09-2026 00:29:33 [38;5;117m[DEBUG]: [0mThis is a debug message from thread 518-09-2026 00:29:33 [38;5;015m[INFO]: [0mThis is a info message from thread 218-09-2026 00:29:33 [38;5;015m[INFO]: [0mThis is a info message from thread 518-09-2026 00:29:33 [38;5;117m[DEBUG]: [0mThis is a debug message from thread 1418-09-2026 00:29:33 [38;5;009m[ERROR]: [0mThis is a error message from thread 618-09-2026 00:29:33 [38;5;117m[DEBUG]: [0mThis is a debug message from thread 618-09-2026 00:29:33 [38;5;009m[ERROR]: [0mThis is a error message from thread 218-09-2026 00:29:33 [38;5;117m[DEBUG]: [0mThis is a debug message from thread 418-09-2026 00:29:33 [38;5;117m[DEBUG]: [0mThis is a debug message from thread 2018-09-2026 00:29:33 [38;5;015m[INFO]: [0mThis is a info message from thread 1418-09-2026 00:29:33 [38;5;117m[DEBUG]: [0mThis is a debug message from thread 1318-09-2026 00:29:33 [38;5;009m[ERROR]: [0mThis is a error message from thread 1518-09-2026 00:29:33 [38;5;015m[INFO]: [0mThis is a info message from thread 1318-09-2026 00:29:33 [38;5;117m[DEBUG]: [0mThis is a debug message from thread 918-09-2026 00:29:33 [38;5;009m[ERROR]: [0mThis is a error message from thread 2318-09-2026 00:29:33 [38;5;117m[DEBUG]: [0mThis is a debug message from thread 1918-09-2026 00:29:33 [38;5;015m[INFO]: [0mThis is a info message from thread 2718-09-2026 00:29:33 [38;5;015m[INFO]: [0mThis is a info message from thread 1918-09-2026 00:29:33 [38;5;117m[DEBUG]: [0mThis is a debug message from thread 2318-09-2026 00:29:33 [38;5;117m[DEBUG]: [0mThis is a debug message from thread 218-09-2026 00:29:33 [38;5;015m[INFO]: [0mThis is a info message from thread 2018-09-2026 00:29:33 [38;5;009m[ERROR]: [0mThis is a error message from thread 1418-09-2026 00:29:33 [38;5;117m[DEBUG]: [0mThis is a debug message from thread 2218-09-2026 00:29:33 [38;5;015m[INFO]: [0mThis is a info message from thread 918-09-2026 00:29:33 [38;5;009m[ERROR]: [0mThis is a error message from thread 1318-09-2026 00:29:33 [38;5;015m[INFO]: [0mThis is a info message from thread 218-09-2026 00:29:33 [38;5;117m[DEBUG]: [0mThis is a debug message from thread 1418-09-2026 00:29:33 [38;5;015m[INFO]: [0mThis is a info message from thread 2418-09-2026 00:29:33 [38;5;015m[INFO]: [0mThis is a info message from thread 2518-09-2026 00:29:33 [38;5;117m[DEBUG]: [0mThis is a debug message from thread 318-09-2026 00:29:33 [38;5;009m[ERROR]: [0mThis is a error message from thread 2018-09-2026 00:29:33 [38;5;015m[INFO]: [0mThis is a info message from thread 2118-09-2026 00:29:33 [38;5;009m[ERROR]: [0mThis is a error message from thread 918-09-2026 00:29:33 [38;5;117m[DEBUG]: [0mThis is a debug message from thread 1018-09-2026 00:29:33 [38;5;009m[ERROR]: [0mThis is a error message from thread 1618-09-2026 00:29:33 [38;5;009m[ERROR]: [0mThis is a error message from thread 1218-09-2026 00:29:33 [38;5;015m[INFO]: [0mThis is a info message from thread 718-09-2026 00:29:33 [38;5;117m[DEBUG]: [0mThis is a debug message from thread 1518-09-2026 00:29:33 [38;5;117m[DEBUG]: [0mThis is a debug message from thread 1218-09-2026 00:29:33 [38;5;009m[ERROR]: [0mThis is a error message from thread 518-09-2026 00:29:33 [38;5;009m[ERROR]: [0mThis is a error message from thread 1718-09-2026 00:29:33 [38;5;009m[ERROR]: [0mThis is a error message from thread 1918-09-2026 00:29:33 [38;5;015m[INFO]: [0mThis is a info message from thread 018-09-2026 00:29:33 [38;5;117m[DEBUG]: [0mThis is a debug message from thread 518-09-2026 00:29:33 [38;5;015m[INFO]: [0mThis is a info message from thread 1218-09-2026 00:29:33 [38;5;015m[INFO]: [0mThis is a info message from thread 1518-09-2026 00:29:33 [38;5;009m[ERROR]: [0mThis is a error message from thread 2418-09-2026 00:29:33 [38;5;009m[ERROR]: [0mThis is a error message from thread 1518-09-2026 00:29:33 [38;5;117m[DEBUG]: [0mThis is a debug message from thread 1618-09-2026 00:29:33 [38;5;117m[DEBUG]: [0mThis is a debug message from thread 1518-09-2026 00:29:33 [38;5;009m[ERROR]: [0mThis is a error message from thread 2518-09-2026 00:29:33 [38;5;015m[INFO]: [0mThis is a info message from thread 2218-09-2026 00:29:33 [38;5;117m[DEBUG]: [0mThis is a debug message from thread 2518-09-2026 00:29:33 [38;5;009m[ERROR]: [0mThis is a error message from thread 2218-09-2026 00:29:33 [38;5;009m[ERROR]: [0mThis is a error message from thread 2118-09-2026 00:29:33 [38;5;015m[INFO]: [0mThis is a info message from thread 1618-09-2026 00:29:33 [38;5;117m[DEBUG]: [0mThis is a debug message from thread 1918-09-2026 00:29:33 [38;5;117m[DEBUG]: [0mThis is a debug message from thread 918-09-2026 00:29:33 [38;5;117m[DEBUG]: [0mThis is a debug message from thread 1318-09-2026 00:29:33 [38;5;009m[ERROR]: [0mThis is a error message from thread 2818-09-2026 00:29:33 [38;5;009m[ERROR]: [0mThis is a error message from thread 1118-09-2026 00:29:33 [38;5;009m[ERROR]: [0mThis is a error message from thread 018-09-2026 00:29:33 [38;5;117m[DEBUG]: [0mThis is a debug message from thread 2818-09-2026 00:29:33 [38;5;015m[INFO]: [0mThis is a info message from thread 418-09-2026 00:29:33 [38;5;015m[INFO]: [0mThis is a info message from thread 518-09-2026 00:29:33 [38;5;015m[INFO]: [0mThis is a info message from thread 2318-09-2026 00:29:33 [38;5;015m[INFO]: [0mThis is a info message from thread 918-09-2026 00:29:33 [38;5;117m[DEBUG]: [0mThis is a debug message from thread 2018-09-2026 00:29:33 [38;5;009m[ERROR]: [0mThis is a error message from thread 2318-09-2026 00:29:33 [38;5;015m[INFO]: [0mThis is a info message from thread 2518-09-2026 00:29:33 [38;5;015m[INFO]: [0mThis is a info message from thread 1318-09-2026 00:29:33 [38;5;015m[INFO]: [0mThis is a info message from thread 2018-09-2026 00:29:33 [38;5;009m[ERROR]: [0mThis is a error message from thread 718-09-2026 00:29:33 [38;5;009m[ERROR]: [0mThis is a error message from thread 418-09-2026 00:29:33 [38;5;117m[DEBUG]: [0mThis is a debug message from thread 718-09-2026 00:29:33 [38;5;117m[DEBUG]: [0mThis is a debug message from thread 418-09-2026 00:29:33 [38;5;009m[ERROR]: [0mThis is a error message from thread 2618-09-2026 00:29:33 [38;5;015m[INFO]: [0mThis is a info message from thread 818-09-2026 00:29:33 [38;5;015m[INFO]: [0mThis is a info message from thread 1518-09-2026 00:29:33 [38;5;009m[ERROR]: [0mThis is a error message from thread 218-09-2026 00:29:33 [38;5;009m[ERROR]: [0mThis is a error message from thread 518-09-2026 00:29:33 [38;5;009m[ERROR]: [0mThis is a error message from thread 1818-09-2026 00:29:33 [38;5;015m[INFO]: [0mThis is a info message from thread 318-09-2026 00:29:33 [38;5;015m[INFO]: [0mThis is a info message from thread 718-09-2026 00:29:33 [38;5;015m[INFO]: [0mThis is a info message from thread 1918-09-2026 00:29:33 [38;5;117m[DEBUG]: [0mThis is a debug message from thread 2318-09-2026 00:29:33 [38;5;117m[DEBUG]: [0mThis is a debug message from thread 218-09-2026 00:29:33 [38;5;015m[INFO]: [0mThis is a info message from thread 418-09-2026 00:29:33 [38;5;015m[INFO]: [0mThis is a info message from thread 1018-09-2026 00:29:33 [38;5;117m[DEBUG]: [0mThis is a debug message from thread 518-09-2026 00:29:33 [38;5;015m[INFO]: [0mThis is a info message from thread 518-09-2026 00:29:33 [38;5;009m[ERROR]: [0mThis is a error message from thread 1018-09-2026 00:29:33 [38;5;009m[ERROR]: [0mThis is a error message from thread 318-09-2026 00:29:33 [38;5;117m[DEBUG]: [0mThis is a debug message from thread 1018-09-2026 00:29:33 [38;5;015m[INFO]: [0mThis is a info message from thread 1418-09-2026 00:29:33 [38;5;009m[ERROR]: [0mThis is a error message from thread 418-09-2026 00:29:33 [38;5;009m[ERROR]: [0mThis is a error message from thread 1918-09-2026 00:29:33 [38;5;009m[ERROR]: [0mThis is a error message from thread 1218-09-2026 00:29:33 [38;5;009m[ERROR]: [0mThis is a error message from thread 2718-09-2026 00:29:33 [38;5;117m[DEBUG]: [0mThis is a debug message from thread 2418-09-2026 00:29:33 [38;5;015m[INFO]: [0mThis is a info message from thread 2318-09-2026 00:29:33 [38;5;015m[INFO]: [0mThis is a info message from thread 118-09-2026 00:29:33 [38;5;009m[ERROR]: [0mThis is a error message from thread 1418-09-2026 00:29:33 [38;5;117m[DEBUG]: [0mThis is a debug message from thread 418-09-2026 00:29:33 [38;5;117m[DEBUG]: [0mThis is a debug message from thread 1118-09-2026 00:29:33 [38;5;009m[ERROR]: [0mThis is a error message from thread 918-09-2026 00:29:33 [38;5;117m[DEBUG]: [0mThis is a debug message from thread 2118-09-2026 00:29:33 [38;5;015m[INFO]: [0mThis is a info message from thread 1118-09-2026 00:29:33 [38;5;015m[INFO]: [0mThis is a info message from thread 2118-09-2026 00:29:33 [38;5;015m[INFO]: [0mThis is a info message from thread 418-09-2026 00:29:33 [38;5;009m[ERROR]: [0mThis is a error message from thread 2518-09-2026 00:29:33 [38;5;009m[ERROR]: [0mThis is a error message from thread 2318-09-2026 00:29:33 [38;5;117m[DEBUG]: [0mThis is a debug message from thread 1418-09-2026 00:29:33 [38;5;117m[DEBUG]: [0mThis is a debug message from thread 1718-09-2026 00:29:33 [38;5;009m[ERROR]: [0mThis is a error message from thread 2018-09-2026 00:29:33 [38;5;009m[ERROR]: [0mThis is a error message from thread 1618-09-2026 00:29:33 [38;5;117m[DEBUG]: [0mThis is a debug message from thread 018-09-2026 00:29:33 [38;5;009m[ERROR]: [0mThis is a error message from thread 2918-09-2026 00:29:33 [38;5;015m[INFO]: [0mThis is a info message from thread 618-09-2026 00:29:33 [38;5;015m[INFO]: [0mThis is a info message from thread 1418-09-2026 00:29:33 [38;5;015m[INFO]: [0mThis is a info message from thread 1018-09-2026 00:29:33 [38;5;117m[DEBUG]: [0mThis is a debug message from thread 1918-09-2026 00:29:33 [38;5;015m[INFO]: [0mThis is a info message from thread 2818-09-2026 00:29:33 [38;5;117m[DEBUG]: [0mThis is a debug message from thread 1818-09-2026 00:29:33 [38;5;117m[DEBUG]: [0mThis is a debug message from thread 2018-09-2026 00:29:33 [38;5;117m[DEBUG]: [0mThis is a debug message from thread 1218-09-2026 00:29:33 [38;5;009m[ERROR]: [0mThis is a error message from thread 1318-09-2026 00:29:33 [38;5;117m[DEBUG]: [0mThis is a debug message from thread 2218-09-2026 00:29:33 [38;5;009m[ERROR]: [0mThis is a error message from thread 1118-09-2026 00:29:33 [38;5;117m[DEBUG]: [0mThis is a debug message from thread 2518-09-2026 00:29:33 [38;5;009m[ERROR]: [0mThis is a error message from thread 618-09-2026 00:29:33 [38;5;117m[DEBUG]: [0mThis is a debug message from thread 2918-09-2026 00:29:33 [38;5;117m[DEBUG]: [0mThis is a debug message from thread 318-09-2026 00:29:33 [38;5;117m[DEBUG]: [0mThis is a debug message from thread 1318-09-2026 00:29:33 [38;5;117m[DEBUG]: [0mThis is a debug message from thread 618-09-2026 00:29:33 [38;5;015m[INFO]: [0mThis is a info message from thread 1218-09-2026 00:29:33 [38;5;117m[DEBUG]: [0mThis is a debug message from thread 918-09-2026 00:29:33 [38;5;015m[INFO]: [0mThis is a info message from thread 2218-09-2026 00:29:33 [38;5;117m[DEBUG]: [0mThis is a debug message from thread 2318-09-2026 00:29:33 [38;5;009m[ERROR]: [0mThis is a error message from thread 818-09-2026 00:29:33 [38;5;015m[INFO]: [0mThis is a info message from thread 1918-09-2026 00:29:33 [38;5;015m[INFO]: [0mThis is a info message from thread 618-09-2026 00:29:33 [38;5;015m[INFO]: [0mThis is a info message from thread 2918-09-2026 00:29:33 [38;5;009m[ERROR]: [0mThis is a error message from thread 1418-09-2026 00:29:33 [38;5;015m[INFO]: [0mThis is a info message from thread 1818-09-2026 00:29:33 [38;5;015m[INFO]: [0mThis is a info message from thread 2018-09-2026 00:29:33 [38;5;009m[ERROR]: [0mThis is a error message from thread 1518-09-2026 00:29:33 [38;5;009m[ERROR]: [0mThis is a error message from thread 1918-09-2026 00:29:33 [38;5;015m[INFO]: [0mThis is a info message from thread 2318-09-2026 00:29:33 [38;5;117m[DEBUG]: [0mThis is a debug message from thread 1518-09-2026 00:29:33 [38;5;009m[ERROR]: [0mThis is a error message from thread 2018-09-2026 00:29:33 [38;5;117m[DEBUG]: [0mThis is a debug message from thread 1418-09-2026 00:29:33 [38;5;015m[INFO]: [0mThis is a info message from thread 2418-09-2026 00:29:33 [38;5;015m[INFO]: [0mThis is a info message from thread 1518-09-2026 00:29:33 [38;5;015m[INFO]: [0mThis is a info message from thread 918-09-2026 00:29:33 [38;5;009m[ERROR]: [0mThis is a error message from thread 1818-09-2026 00:29:33 [38;5;009m[ERROR]: [0mThis is a error message from thread 618-09-2026 00:29:33 [38;5;009m[ERROR]: [0mThis is a error message from thread 1218-09-2026 00:29:33 [38;5;009m[ERROR]: [0mThis is a error message from thread 1518-09-2026 00:29:33 [38;5;117m[DEBUG]: [0mThis is a debug message from thread 2018-09-2026 00:29:33 [38;5;009m[ERROR]: [0mThis is a error message from thread 918-09-2026 00:29:33 [38;5;015m[INFO]: [0mThis is a info message from thread 1418-09-2026 00:29:33 [38;5;009m[ERROR]: [0mThis is a error message from thread 2918-09-2026 00:29:33 [38;5;117m[DEBUG]: [0mThis is a debug message from thread 1118-09-2026 00:29:33 [38;5;015m[INFO]: [0mThis is a info message from thread 1718-09-2026 00:29:33 [38;5;117m[DEBUG]: [0mThis is a debug message from thread 2918-09-2026 00:29:33 [38;5;117m[DEBUG]: [0mThis is a debug message from thread 1918-09-2026 00:29:33 [38;5;117m[DEBUG]: [0mThis is a debug message from thread 1618-09-2026 00:29:33 [38;5;117m[DEBUG]: [0mThis is a debug message from thread 818-09-2026 00:29:33 [38;5;015m[INFO]: [0mThis is a info message from thread 2918-09-2026 00:29:33 [38;5;015m[INFO]: [0mThis is a info message from thread 1318-09-2026 00:29:33 [38;5;015m[INFO]: [0mThis is a info message from thread 218-09-2026 00:29:33 [38;5;015m[INFO]: [0mThis is a info message from thread 1618-09-2026 00:29:33 [38;5;117m[DEBUG]: [0mThis is a debug message from thread 1218-09-2026 00:29:33 [38;5;015m[INFO]: [0mThis is a info message from thread 2518-09-2026 00:29:33 [38;5;009m[ERROR]: [0mThis is a error message from thread 1318-09-2026 00:29:33 [38;5;015m[INFO]: [0mThis is a info message from thread 318-09-2026 00:29:33 [38;5;015m[INFO]: [0mThis is a info message from thread 818-09-2026 00:29:33 [38;5;009m[ERROR]: [0mThis is a error message from thread 2918-09-2026 00:29:33 [38;5;117m[DEBUG]: [0mThis is a debug message from thread 2718-09-2026 00:29:33 [38;5;015m[INFO]: [0mThis is a info message from thread 1218-09-2026 00:29:33 [38;5;117m[DEBUG]: [0mThis is a debug message from thread 1518-09-2026 00:29:33 [38;5;009m[ERROR]: [0mThis is a error message from thread 1618-09-2026 00:29:33 [38;5;117m[DEBUG]: [0mThis is a debug message from thread 1318-09-2026 00:29:33 [38;5;009m[ERROR]: [0mThis is a error message from thread 2218-09-2026 00:29:33 [38;5;009m[ERROR]: [0mThis is a error message from thread 2318-09-2026 00:29:33 [38;5;009m[ERROR]: [0mThis is a error message from thread 118-09-2026 00:29:33 [38;5;009m[ERROR]: [0mThis is a error message from thread 718-09-2026 00:29:33 [38;5;009m[ERROR]: [0mThis is a error message from thread 1718-09-2026 00:29:33 [38;5;015m[INFO]: [0mThis is a info message from thread 1318-09-2026 00:29:33 [38;5;009m[ERROR]: [0mThis is a error message from thread 418-09-2026 00:29:33 [38;5;117m[DEBUG]: [0mThis is a debug message from thread 2218-09-2026 00:29:33 [38;5;009m[ERROR]: [0mThis is a error message from thread 518-09-2026 00:29:33 [38;5;009m[ERROR]: [0mThis is a error message from thread 2118-09-2026 00:29:33 [38;5;117m[DEBUG]: [0mThis is a debug message from thread 2618-09-2026 00:29:33 [38;5;009m[ERROR]: [0mThis is a error message from thread 2818-09-2026 00:29:33 [38;5;117m[DEBUG]: [0mThis is a debug message from thread 2118-09-2026 00:29:33 [38;5;117m[DEBUG]: [0mThis is a debug message from thread 618-09-2026 00:29:33 [38;5;015m[INFO]: [0mThis is a info message from thread 2618-09-2026 00:29:33 [38;5;009m[ERROR]: [0mThis is a error message from thread 218-09-2026 00:29:33 [38;5;009m[ERROR]: [0mThis is a error message from thread 2518-09-2026 00:29:33 [38;5;015m[INFO]: [0mThis is a info message from thread 1918-09-2026 00:29:33 [38;5;015m[INFO]: [0mThis is a info message from thread 2718-09-2026 00:29:33 [38;5;015m[INFO]: [0mThis is a info message from thread 618-09-2026 00:29:33 [38;5;117m[DEBUG]: [0mThis is a debug message from thread 2918-09-2026 00:29:33 [38;5;117m[DEBUG]: [0mThis is a debug message from thread 2318-09-2026 00:29:33 [38;5;117m[DEBUG]: [0mThis is a debug message from thread 2818-09-2026 00:29:33 [38;5;117m[DEBUG]: [0mThis is a debug message from thread 218-09-2026 00:29:33 [38;5;009m[ERROR]: [0mThis is a error message from thread 2618-09-2026 00:29:33 [38;5;117m[DEBUG]: [0mThis is a debug message from thread 718-09-2026 00:29:33 [38;5;009m[ERROR]: [0mThis is a error message from thread 1418-09-2026 00:29:33 [38;5;015m[INFO]: [0mThis is a info message from thread 1518-09-2026 00:29:33 [38;5;117m[DEBUG]: [0mThis is a debug message from thread 2618-09-2026 00:29:33 [38;5;009m[ERROR]: [0mThis is a error message from thread 1018-09-2026 00:29:33 [38;5;015m[INFO]: [0mThis is a info message from thread 218-09-2026 00:29:33 [38;5;009m[ERROR]: [0mThis is a error message from thread 1518-09-2026 00:29:33 [38;5;117m[DEBUG]: [0mThis is a debug message from thread 118-09-2026 00:29:33 [38;5;009m[ERROR]: [0mThis is a error message from thread 618-09-2026 00:29:33 [38;5;015m[INFO]: [0mThis is a info message from thread 2118-09-2026 00:29:33 [38;5;117m[DEBUG]: [0mThis is a debug message from thread 1418-09-2026 00:29:33 [38;5;015m[INFO]: [0mThis is a info message from thread 018-09-2026 00:29:33 [38;5;009m[ERROR]: [0mThis is a error message from thread 2718-09-2026 00:29:33 [38;5;015m[INFO]: [0mThis is a info message from thread 2918-09-2026 00:29:33 [38;5;015m[INFO]: [0mThis is a info message from thread 118-09-2026 00:29:33 [38;5;015m[INFO]: [0mThis is a info message from thread 1418-09-2026 00:29:33 [38;5;009m[ERROR]: [0mThis is a error message from thread 318-09-2026 00:29:33 [38;5;015m[INFO]: [0mThis is a info message from thread 2218-09-2026 00:29:33 [38;5;117m[DEBUG]: [0mThis is a debug message from thread 618-09-2026 00:29:33 [38;5;015m[INFO]: [0mThis is a info message from thread 2618-09-2026 00:29:33 [38;5;117m[DEBUG]: [0mThis is a debug message from thread 318-09-2026 00:29:33 [38;5;015m[INFO]: [0mThis is a info message from thread 2818-09-2026 00:29:33 [38;5;009m[ERROR]: [0mThis is a error message from thread 2218-09-2026 00:29:33 [38;5;009m[ERROR]: [0mThis is a error message from thread 2618-09-2026 00:29:33 [38;5;009m[ERROR]: [0mThis is a error message from thread 1418-09-2026 00:29:33 [38;5;117m[DEBUG]: [0mThis is a debug message from thread 418-09-2026 00:29:33 [38;5;015m[INFO]: [0mThis is a info message from thread 318-09-2026 00:29:33 [38;5;117m[DEBUG]: [0mThis is a debug message from thread 1718-09-2026 00:29:33 [38;5;015m[INFO]: [0mThis is a info message from thread 2018-09-2026 00:29:33 [38;5;015m[INFO]: [0mThis is a info message from thread 618-09-2026 00:29:33 [38;5;117m[DEBUG]: [0mThis is a debug message from thread 1018-09-2026 00:29:33 [38;5;009m[ERROR]: [0mThis is a error message from thread 2818-09-2026 00:29:33 [38;5;117m[DEBUG]: [0mThis is a debug message from thread 1418-09-2026 00:29:33 [38;5;009m[ERROR]: [0mThis is a error message from thread 318-09-2026 00:29:33 [38;5;009m[ERROR]: [0mThis is a error message from thread 2418-09-2026 00:29:33 [38;5;009m[ERROR]: [0mThis is a error message from thread 618-09-2026 00:29:33 [38;5;015m[INFO]: [0mThis is a info message from thread 1418-09-2026 00:29:33 [38;5;015m[INFO]: [0mThis is a info message from thread 1018-09-2026 00:29:33 [38;5;117m[DEBUG]: [0mThis is a debug message from thread 318-09-2026 00:29:33 [38;5;117m[DEBUG]: [0mThis is a debug message from thread 2418-09-2026 00:29:33 [38;5;009m[ERROR]: [0mThis is a error message from thread 2018-09-2026 00:29:33 [38;5;009m[ERROR]: [0mThis is a error message from thread 1918-09-2026 00:29:33 [38;5;117m[DEBUG]: [0mThis is a debug message from thread 2718-09-2026 00:29:33 [38;5;009m[ERROR]: [0mThis is a error message from thread 2918-09-2026 00:29:33 [38;5;009m[ERROR]: [0mThis is a error message from thread 018-09-2026 00:29:33 [38;5;009m[ERROR]: [0mThis is a error message from thread 1018-09-2026 00:29:33 [38;5;015m[INFO]: [0mThis is a info message from thread 2318-09-2026 00:29:33 [38;5;117m[DEBUG]: [0mThis is a debug message from thread 2918-09-2026 00:29:33 [38;5;015m[INFO]: [0mThis is a info message from thread 318-09-2026 00:29:33 [38;5;117m[DEBUG]: [0mThis is a debug message from thread 2018-09-2026 00:29:33 [38;5;015m[INFO]: [0mThis is a info message from thread 2918-09-2026 00:29:33 [38;5;009m[ERROR]: [0mThis is a error message from thread 2318-09-2026 00:29:33 [38;5;117m[DEBUG]: [0mThis is a debug message from thread 1018-09-2026 00:29:33 [38;5;009m[ERROR]: [0mThis is a error message from thread 1318-09-2026 00:29:33 [38;5;009m[ERROR]: [0mThis is a error message from thread 2918-09-2026 00:29:33 [38;5;117m[DEBUG]: [0mThis is a debug message from thread 518-09-2026 00:29:33 [38;5;015m[INFO]: [0mThis is a info message from thread 718-09-2026 00:29:33 [38;5;117m[DEBUG]: [0mThis is a debug message from thread 2318-09-2026 00:29:33 [38;5;117m[DEBUG]: [0mThis is a debug message from thread 2918-09-2026 00:29:33 [38;5;117m[DEBUG]: [0mThis is a debug message from thread 1318-09-2026 00:29:33 [38;5;009m[ERROR]: [0mThis is a error message from thread 718-09-2026 00:29:33 [38;5;015m[INFO]: [0mThis is a info message from thread 518-09-2026 00:29:33 [38;5;117m[DEBUG]: [0mThis is a debug message from thread 018-09-2026 00:29:33 [38;5;015m[INFO]: [0mThis is a info message from thread 018-09-2026 00:29:33 [38;5;009m[ERROR]: [0mThis is a error message from thread 518-09-2026 00:29:33 [38;5;009m[ERROR]: [0mThis is a error message from thread 018-09-2026 00:29:33 [38;5;117m[DEBUG]: [0mThis is a debug message from thread 518-09-2026 00:29:33 [38;5;117m[DEBUG]: [0mThis is a debug message from thread 018-09-2026 00:29:33 [38;5;009m[ERROR]: [0mThis is a error message from thread 2118-09-2026 00:29:33 [38;5;117m[DEBUG]: [0mThis is a debug message from thread 1818-09-2026 00:29:33 [38;5;117m[DEBUG]: [0mThis is a debug message from thread 918-09-2026 00:29:33 [38;5;015m[INFO]: [0mThis is a info message from thread 1318-09-2026 00:29:33 [38;5;009m[ERROR]: [0mThis is a error message from thread 118-09-2026 00:29:33 [38;5;117m[DEBUG]: [0mThis is a debug message from thread 2118-09-2026 00:29:33 [38;5;009m[ERROR]: [0mThis is a error message from thread 218-09-2026 00:29:33 [38;5;009m[ERROR]: [0mThis is a error message from thread 1318-09-2026 00:29:33 [38;5;009m[ERROR]: [0mThis is a error message from thread 1218-09-2026 00:29:33 [38;5;015m[INFO]: [0mThis is a info message from thread 2918-09-2026 00:29:33 [38;5;117m[DEBUG]: [0mThis is a debug message from thread 2818-09-2026 00:29:33 [38;5;015m[INFO]: [0mThis is a info message from thread 018-09-2026 00:29:33 [38;5;009m[ERROR]: [0mThis is a error message from thread 818-09-2026 00:29:33 [38;5;117m[DEBUG]: [0mThis is a debug message from thread 618-09-2026 00:29:33 [38;5;117m[DEBUG]: [0mThis is a debug message from thread 218-09-2026 00:29:33 [38;5;117m[DEBUG]: [0mThis is a debug message from thread 1318-09-2026 00:29:33 [38;5;015m[INFO]: [0mThis is a info message from thread 218-09-2026 00:29:33 [38;5;117m[DEBUG]: [0mThis is a debug message from thread 1918-09-2026 00:29:33 [38;5;015m[INFO]: [0mThis is a info message from thread 1918-09-2026 00:29:33 [38;5;015m[INFO]: [0mThis is a info message from thread 618-09-2026 00:29:33 [38;5;117m[DEBUG]: [0mThis is a debug message from thread 718-09-2026 00:29:33 [38;5;015m[INFO]: [0mThis is a info message from thread 1318-09-2026 00:29:33 [38;5;009m[ERROR]: [0mThis is a error message from thread 2918-09-2026 00:29:33 [38;5;117m[DEBUG]: [0mThis is a debug message from thread 818-09-2026 00:29:33 [38;5;015m[INFO]: [0mThis is a info message from thread 2718-09-2026 00:29:33 [38;5;117m[DEBUG]: [0mThis is a debug message from thread 1618-09-2026 00:29:33 [38;5;015m[INFO]: [0mThis is a info message from thread 718-09-2026 00:29:33 [38;5;009m[ERROR]: [0mThis is a error message from thread 1918-09-2026 00:29:33 [38;5;009m[ERROR]: [0mThis is a error message from thread 1318-09-2026 00:29:33 [38;5;009m[ERROR]: [0mThis is a error message from thread 218-09-2026 00:29:33 [38;5;009m[ERROR]: [0mThis is a error message from thread 618-09-2026 00:29:33 [38;5;015m[INFO]: [0mThis is a info message from thread 1018-09-2026 00:29:33 [38;5;015m[INFO]: [0mThis is a info message from thread 2118-09-2026 00:29:33 [38;5;009m[ERROR]: [0mThis is a error message from thread 318-09-2026 00:29:33 [38;5;117m[DEBUG]: [0mThis is a debug message from thread 118-09-2026 00:29:33 [38;5;015m[INFO]: [0mThis is a info message from thread 518-09-2026 00:29:33 [38;5;015m[INFO]: [0mThis is a info message from thread 2318-09-2026 00:29:33 [38;5;117m[DEBUG]: [0mThis is a debug message from thread 2618-09-2026 00:29:33 [38;5;117m[DEBUG]: [0mThis is a debug message from thread 2918-09-2026 00:29:33 [38;5;015m[INFO]: [0mThis is a info message from thread 2918-09-2026 00:29:33 [38;5;009m[ERROR]: [0mThis is a error message from thread 2918-09-2026 00:29:33 [38;5;117m[DEBUG]: [0mThis is a debug message from thread 218-09-2026 00:29:33 [38;5;009m[ERROR]: [0mThis is a error message from thread 1018-09-2026 00:29:33 [38;5;015m[INFO]: [0mThis is a info message from thread 2018-09-2026 00:29:33 [38;5;015m[INFO]: [0mThis is a info message from thread 218-09-2026 00:29:33 [38;5;117m[DEBUG]: [0mThis is a debug message from thread 1318-09-2026 00:29:33 [38;5;015m[INFO]: [0mThis is a info message from thread 418-09-2026 00:29:33 [38;5;015m[INFO]: [0mThis is a info message from thread 1318-09-2026 00:29:33 [38;5;015m[INFO]: [0mThis is a info message from thread 1718-09-2026 00:29:33 [38;5;117m[DEBUG]: [0mThis is a debug message from thread 1018-09-2026 00:29:33 [38;5;015m[INFO]: [0mThis is a info message from thread 2418-09-2026 00:29:33 [38;5;015m[INFO]: [0mThis is a info message from thread 2618-09-2026 00:29:33 [38;5;009m[ERROR]: [0mThis is a error message from thread 718-09-2026 00:29:33 [38;5;009m[ERROR]: [0mThis is a error message from thread 518-09-2026 00:29:33 [38;5;117m[DEBUG]: [0mThis is a debug message from thread 1218-09-2026 00:29:33 [38;5;015m[INFO]: [0mThis is a info message from thread 118-09-2026 00:29:33 [38;5;009m[ERROR]: [0mThis is a error message from thread 1418-09-2026 00:29:33 [38;5;015m[INFO]: [0mThis is a info message from thread 1018-09-2026 00:29:33 [38;5;009m[ERROR]: [0mThis is a error message from thread 2618-09-2026 00:29:33 [38;5;009m[ERROR]: [0mThis is a error message from thread 1718-09-2026 00:29:33 [38;5;009m[ERROR]: [0mThis is a error message from thread 2118-09-2026 00:29:33 [38;5;015m[INFO]: [0mThis is a info message from thread 1218-09-2026 00:29:33 [38;5;009m[ERROR]: [0mThis is a error message from thread 2418-09-2026 00:29:33 [38;5;009m[ERROR]: [0mThis is a error message from thread 018-09-2026 00:29:33 [38;5;015m[INFO]: [0mThis is a info message from thread 818-09-2026 00:29:33 [38;5;009m[ERROR]: [0mThis is a error message from thread 1318-09-2026 00:29:33 [38;5;009m[ERROR]: [0mThis is a error message from thread 2018-09-2026 00:29:33 [38;5;117m[DEBUG]: [0mThis is a debug message from thread 1718-09-2026 00:29:33 [38;5;117m[DEBUG]: [0mThis is a debug message from thread 018-09-2026 00:29:33 [38;5;015m[INFO]: [0mThis is a info message from thread 1618-09-2026 00:29:33 [38;5;009m[ERROR]: [0mThis is a error message from thread 1018-09-2026 00:29:33 [38;5;117m[DEBUG]: [0mThis is a debug message from thread 2918-09-2026 00:29:33 [38;5;117m[DEBUG]: [0mThis is a debug message from thread 1418-09-2026 00:29:33 [38;5;009m[ERROR]: [0mThis is a error message from thread 1218-09-2026 00:29:33 [38;5;117m[DEBUG]: [0mThis is a debug message from thread 2418-09-2026 00:29:33 [38;5;117m[DEBUG]: [0mThis is a debug message from thread 1018-09-2026 00:29:33 [38;5;015m[INFO]: [0mThis is a info message from thread 1718-09-2026 00:29:33 [38;5;117m[DEBUG]: [0mThis is a debug message from thread 2018-09-2026 00:29:33 [38;5;015m[INFO]: [0mThis is a info message from thread 1418-09-2026 00:29:33 [38;5;117m[DEBUG]: [0mThis is a debug message from thread 1318-09-2026 00:29:33 [38;5;015m[INFO]: [0mThis is a info message from thread 1118-09-2026 00:29:33 [38;5;009m[ERROR]: [0mThis is a error message from thread 118-09-2026 00:29:33 [38;5;009m[ERROR]: [0mThis is a error message from thread 1718-09-2026 00:29:33 [38;5;009m[ERROR]: [0mThis is a error message from thread 218-09-2026 00:29:33 [38;5;117m[DEBUG]: [0mThis is a debug message from thread 618-09-2026 00:29:33 [38;5;117m[DEBUG]: [0mThis is a debug message from thread 2518-09-2026 00:29:33 [38;5;009m[ERROR]: [0mThis is a error message from thread 1618-09-2026 00:29:33 [38;5;117m[DEBUG]: [0mThis is a debug message from thread 1518-09-2026 00:29:33 [38;5;117m[DEBUG]: [0mThis is a debug message from thread 2218-09-2026 00:29:33 [38;5;117m[DEBUG]: [0mThis is a debug message from thread 2618-09-2026 00:29:33 [38;5;015m[INFO]: [0mThis is a info message from thread 018-09-2026 00:29:33 [38;5;009m[ERROR]: [0mThis is a error message from thread 418-09-2026 00:29:33 [38;5;117m[DEBUG]: [0mThis is a debug message from thread 718-09-2026 00:29:33 [38;5;015m[INFO]: [0mThis is a info message from thread 2218-09-2026 00:29:33 [38;5;015m[INFO]: [0mThis is a info message from thread 2518-09-2026 00:29:33 [38;5;015m[INFO]: [0mThis is a info message from thread 1518-09-2026 00:29:33 [38;5;009m[ERROR]: [0mThis is a error message from thread 018-09-2026 00:29:33 [38;5;015m[INFO]: [0mThis is a info message from thread 718-09-2026 00:29:33 [38;5;015m[INFO]: [0mThis is a info message from thread 1318-09-2026 00:29:33 [38;5;117m[DEBUG]: [0mThis is a debug message from thread 418-09-2026 00:29:33 [38;5;015m[INFO]: [0mThis is a info message from thread 2618-09-2026 00:29:33 [38;5;015m[INFO]: [0mThis is a info message from thread 2818-09-2026 00:29:33 [38;5;117m[DEBUG]: [0mThis is a debug message from thread 1918-09-2026 00:29:33 [38;5;015m[INFO]: [0mThis is a info message from thread 1018-09-2026 00:29:33 [38;5;009m[ERROR]: [0mThis is a error message from thread 2318-09-2026 00:29:33 [38;5;009m[ERROR]: [0mThis is a error message from thread 818-09-2026 00:29:33 [38;5;015m[INFO]: [0mThis is a info message from thread 418-09-2026 00:29:33 [38;5;015m[INFO]: [0mThis is a info message from thread 2418-09-2026 00:29:33 [38;5;009m[ERROR]: [0mThis is a error message from thread 718-09-2026 00:29:33 [38;5;015m[INFO]: [0mThis is a info message from thread 2018-09-2026 00:29:33 [38;5;009m[ERROR]: [0mThis is a error message from thread 2818-09-2026 00:29:33 [38;5;009m[ERROR]: [0mThis is a error message from thread 1018-09-2026 00:29:33 [38;5;117m[DEBUG]: [0mThis is a debug message from thread 318-09-2026 00:29:33 [38;5;117m[DEBUG]: [0mThis is a debug message from thread 2118-09-2026 00:29:33 [38;5;117m[DEBUG]: [0mThis is a debug message from thread 1018-09-2026 00:29:33 [38;5;009m[ERROR]: [0mThis is a error message from thread 2018-09-2026 00:29:33 [38;5;009m[ERROR]: [0mThis is a error message from thread 2618-09-2026 00:29:33 [38;5;117m[DEBUG]: [0mThis is a debug message from thread 2318-09-2026 00:29:33 [38;5;009m[ERROR]: [0mThis is a error message from thread 418-09-2026 00:29:33 [38;5;009m[ERROR]: [0mThis is a error message from thread 1418-09-2026 00:29:33 [38;5;117m[DEBUG]: [0mThis is a debug message from thread 2818-09-2026 00:29:33 [38;5;015m[INFO]: [0mThis is a info message from thread 918-09-2026 00:29:33 [38;5;117m[DEBUG]: [0mThis is a debug message from thread 2018-09-2026 00:29:33 [38;5;117m[DEBUG]: [0mThis is a debug message from thread 218-09-2026 00:29:33 [38;5;117m[DEBUG]: [0mThis is a debug message from thread 418-09-2026 00:29:33 [38;5;015m[INFO]: [0mThis is a info message from thread 2018-09-2026 00:29:33 [38;5;009m[ERROR]: [0mThis is a error message from thread 918-09-2026 00:29:33 [38;5;009m[ERROR]: [0mThis is a error message from thread 2018-09-2026 00:29:33 [38;5;015m[INFO]: [0mThis is a info message from thread 218-09-2026 00:29:33 [38;5;009m[ERROR]: [0mThis is a error message from thread 1318-09-2026 00:29:33 [38;5;015m[INFO]: [0mThis is a info message from thread 318-09-2026 00:29:33 [38;5;117m[DEBUG]: [0mThis is a debug message from thread 2018-09-2026 00:29:33 [38;5;015m[INFO]: [0mThis is a info message from thread 2818-09-2026 00:29:33 [38;5;015m[INFO]: [0mThis is a info message from thread 1018-09-2026 00:29:33 [38;5;117m[DEBUG]: [0mThis is a debug message from thread 1218-09-2026 00:29:33 [38;5;015m[INFO]: [0mThis is a info message from thread 2018-09-2026 00:29:33 [38;5;117m[DEBUG]: [0mThis is a debug message from thread 918-09-2026 00:29:33 [38;5;015m[INFO]: [0mThis is a info message from thread 2318-09-2026 00:29:33 [38;5;009m[ERROR]: [0mThis is a error message from thread 1118-09-2026 00:29:33 [38;5;009m[ERROR]: [0mThis is a error message from thread 2318-09-2026 00:29:33 [38;5;117m[DEBUG]: [0mThis is a debug message from thread 2618-09-2026 00:29:33 [38;5;009m[ERROR]: [0mThis is a error message from thread 1018-09-2026 00:29:33 [38;5;015m[INFO]: [0mThis is a info message from thread 1218-09-2026 00:29:33 [38;5;009m[ERROR]: [0mThis is a error message from thread 1218-09-2026 00:29:33 [38;5;009m[ERROR]: [0mThis is a error message from thread 218-09-2026 00:29:33 [38;5;117m[DEBUG]: [0mThis is a debug message from thread 1118-09-2026 00:29:33 [38;5;015m[INFO]: [0mThis is a info message from thread 918-09-2026 00:29:33 [38;5;117m[DEBUG]: [0mThis is a debug message from thread 1218-09-2026 00:29:33 [38;5;009m[ERROR]: [0mThis is a error message from thread 318-09-2026 00:29:33 [38;5;009m[ERROR]: [0mThis is a error message from thread 2018-09-2026 00:29:33 [38;5;009m[ERROR]: [0mThis is a error message from thread 918-09-2026 00:29:33 [38;5;117m[DEBUG]: [0mThis is a debug message from thread 2018-09-2026 00:29:33 [38;5;009m[ERROR]: [0mThis is a error message from thread 1518-09-2026 00:29:33 [38;5;015m[INFO]: [0mThis is a info message from thread 2618-09-2026 00:29:33 [38;5;009m[ERROR]: [0mThis is a error message from thread 2518-09-2026 00:29:33 [38;5;117m[DEBUG]: [0mThis is a debug message from thread 2318-09-2026 00:29:33 [38;5;009m[ERROR]: [0mThis is a error message from thread 2718-09-2026 00:29:33 [38;5;015m[INFO]: [0mThis is a info message from thread 1818-09-2026 00:29:33 [38;5;015m[INFO]: [0mThis is a info message from thread 2918-09-2026 00:29:33 [38;5;117m[DEBUG]: [0mThis is a debug message from thread 1718-09-2026 00:29:33 [38;5;117m[DEBUG]: [0mThis is a debug message from thread 2718-09-2026 00:29:33 [38;5;117m[DEBUG]: [0mThis is a debug message from thread 1518-09-2026 00:29:33 [38;5;015m[INFO]: [0mThis is a info message from thread 2718-09-2026 00:29:33 [38;5;009m[ERROR]: [0mThis is a error message from thread 2718-09-2026 00:29:33 [38;5;117m[DEBUG]: [0mThis is a debug message from thread 2518-09-2026 00:29:33 [38;5;009m[ERROR]: [0mThis is a error message from thread 2618-09-2026 00:29:33 [38;5;015m[INFO]: [0mThis is a info message from thread 2318-09-2026 00:29:33 [38;5;009m[ERROR]: [0mThis is a error message from thread 2418-09-2026 00:29:33 [38;5;015m[INFO]: [0mThis is a info message from thread 2018-09-2026 00:29:33 [38;5;015m[INFO]: [0mThis is a info message from thread 418-09-2026 00:29:33 [38;5;117m[DEBUG]: [0mThis is a debug message from thread 1318-09-2026 00:29:33 [38;5;015m[INFO]: [0mThis is a info message from thread 1518-09-2026 00:29:33 [38;5;117m[DEBUG]: [0mThis is a debug message from thread 2618-09-2026 00:29:33 [38;5;009m[ERROR]: [0mThis is a error message from thread 1818-09-2026 00:29:33 [38;5;009m[ERROR]: [0mThis is a error message from thread 2018-09-2026 00:29:33 [38;5;009m[ERROR]: [0mThis is a error message from thread 1518-09-2026 00:29:33 [38;5;009m[ERROR]: [0mThis is a error message from thread 418-09-2026 00:29:33 [38;5;117m[DEBUG]: [0mThis is a debug message from thread 2718-09-2026 00:29:33 [38;5;117m[DEBUG]: [0mThis is a debug message from thread 1018-09-2026 00:29:33 [38;5;117m[DEBUG]: [0mThis is a debug message from thread 2418-09-2026 00:29:33 [38;5;117m[DEBUG]: [0mThis is a debug message from thread 2018-09-2026 00:29:33 [38;5;117m[DEBUG]: [0mThis is a debug message from thread 418-09-2026 00:29:33 [38;5;015m[INFO]: [0mThis is a info message from thread 2018-09-2026 00:29:33 [38;5;009m[ERROR]: [0mThis is a error message from thread 2318-09-2026 00:29:33 [38;5;009m[ERROR]: [0mThis is a error message from thread 2018-09-2026 00:29:33 [38;5;015m[INFO]: [0mThis is a info message from thread 2718-09-2026 00:29:33 [38;5;117m[DEBUG]: [0mThis is a debug message from thread 1818-09-2026 00:29:33 [38;5;009m[ERROR]: [0mThis is a error message from thread 2818-09-2026 00:29:33 [38;5;015m[INFO]: [0mThis is a info message from thread 1018-09-2026 00:29:33 [38;5;117m[DEBUG]: [0mThis is a debug message from thread 2018-09-2026 00:29:33 [38;5;117m[DEBUG]: [0mThis is a debug message from thread 118-09-2026 00:29:33 [38;5;015m[INFO]: [0mThis is a info message from thread 1818-09-2026 00:29:33 [38;5;015m[INFO]: [0mThis is a info message from thread 418-09-2026 00:29:33 [38;5;117m[DEBUG]: [0mThis is a debug message from thread 2818-09-2026 00:29:33 [38;5;015m[INFO]: [0mThis is a info message from thread 618-09-2026 00:29:33 [38;5;015m[INFO]: [0mThis is a info message from thread 2818-09-2026 00:29:33 [38;5;009m[ERROR]: [0mThis is a error message from thread 618-09-2026 00:29:33 [38;5;009m[ERROR]: [0mThis is a error message from thread 2818-09-2026 00:29:33 [38;5;015m[INFO]: [0mThis is a info message from thread 2618-09-2026 00:29:33 [38;5;009m[ERROR]: [0mThis is a error message from thread 2618-09-2026 00:29:33 [38;5;015m[INFO]: [0mThis is a info message from thread 2018-09-2026 00:29:33 [38;5;117m[DEBUG]: [0mThis is a debug message from thread 2318-09-2026 00:29:33 [38;5;015m[INFO]: [0mThis is a info message from thread 1318-09-2026 00:29:33 [38;5;117m[DEBUG]: [0mThis is a debug message from thread 018-09-2026 00:29:33 [38;5;117m[DEBUG]: [0mThis is a debug message from thread 918-09-2026 00:29:33 [38;5;009m[ERROR]: [0mThis is a error message from thread 2218-09-2026 00:29:33 [38;5;009m[ERROR]: [0mThis is a error message from thread 1018-09-2026 00:29:33 [38;5;009m[ERROR]: [0mThis is a error message from thread 1818-09-2026 00:29:33 [38;5;117m[DEBUG]: [0mThis is a debug message from thread 818-09-2026 00:29:33 [38;5;015m[INFO]: [0mThis is a info message from thread 1118-09-2026 00:29:33 [38;5;015m[INFO]: [0mThis is a info message from thread 1918-09-2026 00:29:33 [38;5;117m[DEBUG]: [0mThis is a debug message from thread 1818-09-2026 00:29:33 [38;5;015m[INFO]: [0mThis is a info message from thread 1818-09-2026 00:29:33 [38;5;015m[INFO]: [0mThis is a info message from thread 018-09-2026 00:29:33 [38;5;009m[ERROR]: [0mThis is a error message from thread 1918-09-2026 00:29:33 [38;5;015m[INFO]: [0mThis is a info message from thread 2118-09-2026 00:29:33 [38;5;117m[DEBUG]: [0mThis is a debug message from thread 1918-09-2026 00:29:33 [38;5;015m[INFO]: [0mThis is a info message from thread 2318-09-2026 00:29:33 [38;5;015m[INFO]: [0mThis is a info message from thread 918-09-2026 00:29:33 [38;5;015m[INFO]: [0mThis is a info message from thread 1718-09-2026 00:29:33 [38;5;015m[INFO]: [0mThis is a info message from thread 818-09-2026 00:29:33 [38;5;009m[ERROR]: [0mThis is a error message from thread 1818-09-2026 00:29:33 [38;5;009m[ERROR]: [0mThis is a error message from thread 2718-09-2026 00:29:33 [38;5;015m[INFO]: [0mThis is a info message from thread 1218-09-2026 00:29:33 [38;5;015m[INFO]: [0mThis is a info message from thread 2418-09-2026 00:29:33 [38;5;117m[DEBUG]: [0mThis is a debug message from thread 318-09-2026 00:29:33 [38;5;009m[ERROR]: [0mThis is a error message from thread 2018-09-2026 00:29:33 [38;5;009m[ERROR]: [0mThis is a error message from thread 2918-09-2026 00:29:33 [38;5;009m[ERROR]: [0mThis is a error message from thread 2418-09-2026 00:29:33 [38;5;009m[ERROR]: [0mThis is a error message from thread 418-09-2026 00:29:33 [38;5;117m[DEBUG]: [0mThis is a debug message from thread 1018-09-2026 00:29:33 [38;5;015m[INFO]: [0mThis is a info message from thread 318-09-2026 00:29:33 [38;5;009m[ERROR]: [0mThis is a error message from thread 2318-09-2026 00:29:33 [38;5;009m[ERROR]: [0mThis is a error message from thread 918-09-2026 00:29:33 [38;5;009m[ERROR]: [0mThis is a error message from thread 1318-09-2026 00:29:33 [38;5;117m[DEBUG]: [0mThis is a debug message from thread 1618-09-2026 00:29:33 [38;5;117m[DEBUG]: [0mThis is a debug message from thread 2718-09-2026 00:29:33 [38;5;117m[DEBUG]: [0mThis is a debug message from thread 1818-09-2026 00:29:33 [38;5;009m[ERROR]: [0mThis is a error message from thread 1218-09-2026 00:29:33 [38;5;117m[DEBUG]: [0mThis is a debug message from thread 2818-09-2026 00:29:33 [38;5;015m[INFO]: [0mThis is a info message from thread 2718-09-2026 00:29:33 [38;5;015m[INFO]: [0mThis is a info message from thread 1618-09-2026 00:29:33 [38;5;009m[ERROR]: [0mThis is a error message from thread 2718-09-2026 00:29:33 [38;5;117m[DEBUG]: [0mThis is a debug message from thread 418-09-2026 00:29:33 [38;5;117m[DEBUG]: [0mThis is a debug message from thread 2618-09-2026 00:29:33 [38;5;117m[DEBUG]: [0mThis is a debug message from thread 918-09-2026 00:29:33 [38;5;117m[DEBUG]: [0mThis is a debug message from thread 2018-09-2026 00:29:33 [38;5;117m[DEBUG]: [0mThis is a debug message from thread 718-09-2026 00:29:33 [38;5;117m[DEBUG]: [0mThis is a debug message from thread 1418-09-2026 00:29:33 [38;5;015m[INFO]: [0mThis is a info message from thread 2618-09-2026 00:29:33 [38;5;117m[DEBUG]: [0mThis is a debug message from thread 1218-09-2026 00:29:33 [38;5;015m[INFO]: [0mThis is a info message from thread 1818-09-2026 00:29:33 [38;5;117m[DEBUG]: [0mThis is a debug message from thread 2718-09-2026 00:29:33 [38;5;009m[ERROR]: [0mThis is a error message from thread 018-09-2026 00:29:33 [38;5;015m[INFO]: [0mThis is a info message from thread 1418-09-2026 00:29:33 [38;5;015m[INFO]: [0mThis is a info message from thread 2518-09-2026 00:29:33 [38;5;009m[ERROR]: [0mThis is a error message from thread 1718-09-2026 00:29:33 [38;5;015m[INFO]: [0mThis is a info message from thread 918-09-2026 00:29:33 [38;5;015m[INFO]: [0mThis is a info message from thread 418-09-2026 00:29:33 [38;5;009m[ERROR]: [0mThis is a error message from thread 918-09-2026 00:29:33 [38;5;009m[ERROR]: [0mThis is a error message from thread 418-09-2026 00:29:33 [38;5;117m[DEBUG]: [0mThis is a debug message from thread 918-09-2026 00:29:33 [38;5;117m[DEBUG]: [0mThis is a debug message from thread 218-09-2026 00:29:33 [38;5;015m[INFO]: [0mThis is a info message from thread 918-09-2026 00:29:33 [38;5;117m[DEBUG]: [0mThis is a debug message from thread 2318-09-2026 00:29:33 [38;5;009m[ERROR]: [0mThis is a error message from thread 918-09-2026 00:29:33 [38;5;117m[DEBUG]: [0mThis is a debug message from thread 018-09-2026 00:29:33 [38;5;015m[INFO]: [0mThis is a info message from thread 718-09-2026 00:29:33 [38;5;009m[ERROR]: [0mThis is a error message from thread 1618-09-2026 00:29:33 [38;5;015m[INFO]: [0mThis is a info message from thread 2818-09-2026 00:29:33 [38;5;117m[DEBUG]: [0mThis is a debug message from thread 418-09-2026 00:29:33 [38;5;015m[INFO]: [0mThis is a info message from thread 1018-09-2026 00:29:33 [38;5;117m[DEBUG]: [0mThis is a debug message from thread 518-09-2026 00:29:33 [38;5;117m[DEBUG]: [0mThis is a debug message from thread 618-09-2026 00:29:33 [38;5;015m[INFO]: [0mThis is a info message from thread 518-09-2026 00:29:33 [38;5;015m[INFO]: [0mThis is a info message from thread 418-09-2026 00:29:33 [38;5;009m[ERROR]: [0mThis is a error message from thread 2118-09-2026 00:29:33 [38;5;015m[INFO]: [0mThis is a info message from thread 118-09-2026 00:29:33 [38;5;117m[DEBUG]: [0mThis is a debug message from thread 2418-09-2026 00:29:33 [38;5;015m[INFO]: [0mThis is a info message from thread 018-09-2026 00:29:33 [38;5;117m[DEBUG]: [0mThis is a debug message from thread 1518-09-2026 00:29:33 [38;5;009m[ERROR]: [0mThis is a error message from thread 418-09-2026 00:29:33 [38;5;117m[DEBUG]: [0mThis is a debug message from thread 1718-09-2026 00:29:33 [38;5;009m[ERROR]: [0mThis is a error message from thread 318-09-2026 00:29:33 [38;5;009m[ERROR]: [0mThis is a error message from thread 2518-09-2026 00:29:33 [38;5;015m[INFO]: [0mThis is a info message from thread 2018-09-2026 00:29:33 [38;5;117m[DEBUG]: [0mThis is a debug message from thread 918-09-2026 00:29:33 [38;5;117m[DEBUG]: [0mThis is a debug message from thread 1618-09-2026 00:29:33 [38;5;015m[INFO]: [0mThis is a info message from thread 1518-09-2026 00:29:33 [38;5;015m[INFO]: [0mThis is a info message from thread 1218-09-2026 00:29:33 [38;5;117m[DEBUG]: [0mThis is a debug message from thread 2118-09-2026 00:29:33 [38;5;009m[ERROR]: [0mThis is a error message from thread 1818-09-2026 00:29:33 [38;5;009m[ERROR]: [0mThis is a error message from thread 818-09-2026 00:29:33 [38;5;009m[ERROR]: [0mThis is a error message from thread 2818-09-2026 00:29:33 [38;5;009m[ERROR]: [0mThis is a error message from thread 1518-09-2026 00:29:33 [38;5;015m[INFO]: [0mThis is a info message from thread 618-09-2026 00:29:33 [38;5;117m[DEBUG]: [0mThis is a debug message from thread 1318-09-2026 00:29:33 [38;5;009m[ERROR]: [0mThis is a error message from thread 718-09-2026 00:29:33 [38;5;117m[DEBUG]: [0mThis is a debug message from thread 2218-09-2026 00:29:33 [38;5;117m[DEBUG]: [0mThis is a debug message from thread 2818-09-2026 00:29:33 [38;5;117m[DEBUG]: [0mThis is a debug message from thread 318-09-2026 00:29:33 [38;5;015m[INFO]: [0mThis is a info message from thread 2118-09-2026 00:29:33 [38;5;015m[INFO]: [0mThis is a info message from thread 218-09-2026 00:29:33 [38;5;117m[DEBUG]: [0mThis is a debug message from thread 718-09-2026 00:29:33 [38;5;009m[ERROR]: [0mThis is a error message from thread 1418-09-2026 00:29:33 [38;5;009m[ERROR]: [0mThis is a error message from thread 1218-09-2026 00:29:33 [38;5;015m[INFO]: [0mThis is a info message from thread 2818-09-2026 00:29:33 [38;5;117m[DEBUG]: [0mThis is a debug message from thread 2918-09-2026 00:29:33 [38;5;009m[ERROR]: [0mThis is a error message from thread 2118-09-2026 00:29:33 [38;5;117m[DEBUG]: [0mThis is a debug message from thread 1818-09-2026 00:29:33 [38;5;015m[INFO]: [0mThis is a info message from thread 2418-09-2026 00:29:33 [38;5;009m[ERROR]: [0mThis is a error message from thread 018-09-2026 00:29:33 [38;5;015m[INFO]: [0mThis is a info message from thread 318-09-2026 00:29:33 [38;5;117m[DEBUG]: [0mThis is a debug message from thread 2518-09-2026 00:29:33 [38;5;015m[INFO]: [0mThis is a info message from thread 918-09-2026 00:29:33 [38;5;015m[INFO]: [0mThis is a info message from thread 1718-09-2026 00:29:33 [38;5;117m[DEBUG]: [0mThis is a debug message from thread 1218-09-2026 00:29:33 [38;5;015m[INFO]: [0mThis is a info message from thread 2318-09-2026 00:29:33 [38;5;009m[ERROR]: [0mThis is a error message from thread 618-09-2026 00:29:33 [38;5;009m[ERROR]: [0mThis is a error message from thread 2318-09-2026 00:29:33 [38;5;009m[ERROR]: [0mThis is a error message from thread 2818-09-2026 00:29:33 [38;5;009m[ERROR]: [0mThis is a error message from thread 1118-09-2026 00:29:33 [38;5;015m[INFO]: [0mThis is a info message from thread 1318-09-2026 00:29:33 [38;5;015m[INFO]: [0mThis is a info message from thread 2218-09-2026 00:29:33 [38;5;009m[ERROR]: [0mThis is a error message from thread 1318-09-2026 00:29:33 [38;5;009m[ERROR]: [0mThis is a error message from thread 318-09-2026 00:29:33 [38;5;009m[ERROR]: [0mThis is a error message from thread 2618-09-2026 00:29:33 [38;5;117m[DEBUG]: [0mThis is a debug message from thread 318-09-2026 00:29:33 [38;5;015m[INFO]: [0mThis is a info message from thread 1218-09-2026 00:29:33 [38;5;117m[DEBUG]: [0mThis is a debug message from thread 2618-09-2026 00:29:33 [38;5;009m[ERROR]: [0mThis is a error message from thread 1018-09-2026 00:29:33 [38;5;015m[INFO]: [0mThis is a info message from thread 1618-09-2026 00:29:33 [38;5;117m[DEBUG]: [0mThis is a debug message from thread 1118-09-2026 00:29:33 [38;5;015m[INFO]: [0mThis is a info message from thread 1818-09-2026 00:29:33 [38;5;015m[INFO]: [0mThis is a info message from thread 1118-09-2026 00:29:33 [38;5;015m[INFO]: [0mThis is a info message from thread 2718-09-2026 00:29:33 [38;5;015m[INFO]: [0mThis is a info message from thread 318-09-2026 00:29:33 [38;5;009m[ERROR]: [0mThis is a error message from thread 1218-09-2026 00:29:33 [38;5;117m[DEBUG]: [0mThis is a debug message from thread 418-09-2026 00:29:33 [38;5;117m[DEBUG]: [0mThis is a debug message from thread 2118-09-2026 00:29:33 [38;5;015m[INFO]: [0mThis is a info message from thread 1918-09-2026 00:29:33 [38;5;009m[ERROR]: [0mThis is a error message from thread 1718-09-2026 00:29:33 [38;5;009m[ERROR]: [0mThis is a error message from thread 1118-09-2026 00:29:33 [38;5;009m[ERROR]: [0mThis is a error message from thread 1918-09-2026 00:29:33 [38;5;117m[DEBUG]: [0mThis is a debug message from thread 818-09-2026 00:29:33 [38;5;009m[ERROR]: [0mThis is a error message from thread 118-09-2026 00:29:33 [38;5;015m[INFO]: [0mThis is a info message from thread 818-09-2026 00:29:33 [38;5;117m[DEBUG]: [0mThis is a debug message from thread 1418-09-2026 00:29:33 [38;5;009m[ERROR]: [0mThis is a error message from thread 218-09-2026 00:29:33 [38;5;117m[DEBUG]: [0mThis is a debug message from thread 1518-09-2026 00:29:33 [38;5;015m[INFO]: [0mThis is a info message from thread 718-09-2026 00:29:33 [38;5;015m[INFO]: [0mThis is a info message from thread 418-09-2026 00:29:33 [38;5;117m[DEBUG]: [0mThis is a debug message from thread 2818-09-2026 00:29:33 [38;5;009m[ERROR]: [0mThis is a error message from thread 318-09-2026 00:29:33 [38;5;117m[DEBUG]: [0mThis is a debug message from thread 2318-09-2026 00:29:33 [38;5;117m[DEBUG]: [0mThis is a debug message from thread 1018-09-2026 00:29:33 [38;5;009m[ERROR]: [0mThis is a error message from thread 718-09-2026 00:29:33 [38;5;117m[DEBUG]: [0mThis is a debug message from thread 1218-09-2026 00:29:33 [38;5;015m[INFO]: [0mThis is a info message from thread 2618-09-2026 00:29:33 [38;5;117m[DEBUG]: [0mThis is a debug message from thread 1918-09-2026 00:29:33 [38;5;117m[DEBUG]: [0mThis is a debug message from thread 318-09-2026 00:29:33 [38;5;015m[INFO]: [0mThis is a info message from thread 2318-09-2026 00:29:33 [38;5;015m[INFO]: [0mThis is a info message from thread 2918-09-2026 00:29:33 [38;5;015m[INFO]: [0mThis is a info message from thread 1518-09-2026 00:29:33 [38;5;009m[ERROR]: [0mThis is a error message from thread 518-09-2026 00:29:33 [38;5;117m[DEBUG]: [0mThis is a debug message from thread 1718-09-2026 00:29:33 [38;5;009m[ERROR]: [0mThis is a error message from thread 2718-09-2026 00:29:33 [38;5;015m[INFO]: [0mThis is a info message from thread 1718-09-2026 00:29:33 [38;5;009m[ERROR]: [0mThis is a error message from thread 1518-09-2026 00:29:33 [38;5;117m[DEBUG]: [0mThis is a debug message from thread 2718-09-2026 00:29:33 [38;5;015m[INFO]: [0mThis is a info message from thread 2718-09-2026 00:29:33 [38;5;009m[ERROR]: [0mThis is a error message from thread 2718-09-2026 00:29:33 [38;5;009m[ERROR]: [0mThis is a error message from thread 2318-09-2026 00:29:33 [38;5;009m[ERROR]: [0mThis is a error message from thread 2618-09-2026 00:29:33 [38;5;015m[INFO]: [0mThis is a info message from thread 2818-09-2026 00:29:33 [38;5;015m[INFO]: [0mThis is a info message from thread 1418-09-2026 00:29:33 [38;5;117m[DEBUG]: [0mThis is a debug message from thread 2718-09-2026 00:29:33 [38;5;015m[INFO]: [0mThis is a info message from thread 1218-09-2026 00:29:33 [38;5;009m[ERROR]: [0mThis is a error message from thread 1718-09-2026 00:29:33 [38;5;117m[DEBUG]: [0mThis is a debug message from thread 1718-09-2026 00:29:33 [38;5;015m[INFO]: [0mThis is a info message from thread 2718-09-2026 00:29:33 [38;5;015m[INFO]: [0mThis is a info message from thread 2118-09-2026 00:29:33 [38;5;015m[INFO]: [0mThis is a info message from thread 318-09-2026 00:29:33 [38;5;009m[ERROR]: [0mThis is a error message from thread 2818-09-2026 00:29:33 [38;5;009m[ERROR]: [0mThis is a error message from thread 1818-09-2026 00:29:33 [38;5;009m[ERROR]: [0mThis is a error message from thread 2718-09-2026 00:29:33 [38;5;009m[ERROR]: [0mThis is a error message from thread 2118-09-2026 00:29:33 [38;5;009m[ERROR]: [0mThis is a error message from thread 318-09-2026 00:29:33 [38;5;117m[DEBUG]: [0mThis is a debug message from thread 1518-09-2026 00:29:33 [38;5;117m[DEBUG]: [0mThis is a debug message from thread 2318-09-2026 00:29:33 [38;5;117m[DEBUG]: [0mThis is a debug message from thread 118-09-2026 00:29:33 [38;5;009m[ERROR]: [0mThis is a error message from thread 2418-09-2026 00:29:33 [38;5;117m[DEBUG]: [0mThis is a debug message from thread 2418-09-2026 00:29:33 [38;5;117m[DEBUG]: [0mThis is a debug message from thread 2818-09-2026 00:29:33 [38;5;015m[INFO]: [0mThis is a info message from thread 2318-09-2026 00:29:33 [38;5;015m[INFO]: [0mThis is a info message from thread 1518-09-2026 00:29:33 [38;5;015m[INFO]: [0mThis is a info message from thread 2518-09-2026 00:29:33 [38;5;009m[ERROR]: [0mThis is a error message from thread 1218-09-2026 00:29:33 [38;5;009m[ERROR]: [0mThis is a error message from thread 2518-09-2026 00:29:33 [38;5;117m[DEBUG]: [0mThis is a debug message from thread 2118-09-2026 00:29:33 [38;5;009m[ERROR]: [0mThis is a error message from thread 2318-09-2026 00:29:33 [38;5;117m[DEBUG]: [0mThis is a debug message from thread 1818-09-2026 00:29:33 [38;5;015m[INFO]: [0mThis is a info message from thread 2118-09-2026 00:29:33 [38;5;015m[INFO]: [0mThis is a info message from thread 1718-09-2026 00:29:33 [38;5;117m[DEBUG]: [0mThis is a debug message from thread 2518-09-2026 00:29:33 [38;5;009m[ERROR]: [0mThis is a error message from thread 1518-09-2026 00:29:33 [38;5;009m[ERROR]: [0mThis is a error message from thread 2118-09-2026 00:29:33 [38;5;009m[ERROR]: [0mThis is a error message from thread 1618-09-2026 00:29:33 [38;5;117m[DEBUG]: [0mThis is a debug message from thread 018-09-2026 00:29:33 [38;5;009m[ERROR]: [0mThis is a error message from thread 2918-09-2026 00:29:33 [38;5;117m[DEBUG]: [0mThis is a debug message from thread 718-09-2026 00:29:33 [38;5;015m[INFO]: [0mThis is a info message from thread 118-09-2026 00:29:33 [38;5;117m[DEBUG]: [0mThis is a debug message from thread 2118-09-2026 00:29:33 [38;5;009m[ERROR]: [0mThis is a error message from thread 2018-09-2026 00:29:33 [38;5;015m[INFO]: [0mThis is a info message from thread 1018-09-2026 00:29:33 [38;5;015m[INFO]: [0mThis is a info message from thread 718-09-2026 00:29:33 [38;5;117m[DEBUG]: [0mThis is a debug message from thread 1218-09-2026 00:29:33 [38;5;117m[DEBUG]: [0mThis is a debug message from thread 2718-09-2026 00:29:33 [38;5;015m[INFO]: [0mThis is a info message from thread 2418-09-2026 00:29:33 [38;5;009m[ERROR]: [0mThis is a error message from thread 418-09-2026 00:29:33 [38;5;117m[DEBUG]: [0mThis is a debug message from thread 2018-09-2026 00:29:33 [38;5;015m[INFO]: [0mThis is a info message from thread 2118-09-2026 00:29:33 [38;5;117m[DEBUG]: [0mThis is a debug message from thread 2318-09-2026 00:29:33 [38;5;009m[ERROR]: [0mThis is a error message from thread 1418-09-2026 00:29:33 [38;5;009m[ERROR]: [0mThis is a error message from thread 2418-09-2026 00:29:33 [38;5;015m[INFO]: [0mThis is a info message from thread 018-09-2026 00:29:33 [38;5;009m[ERROR]: [0mThis is a error message from thread 818-09-2026 00:29:33 [38;5;015m[INFO]: [0mThis is a info message from thread 2818-09-2026 00:29:33 [38;5;015m[INFO]: [0mThis is a info message from thread 1818-09-2026 00:29:33 [38;5;015m[INFO]: [0mThis is a info message from thread 2318-09-2026 00:29:33 [38;5;117m[DEBUG]: [0mThis is a debug message from thread 1318-09-2026 00:29:33 [38;5;009m[ERROR]: [0mThis is a error message from thread 1718-09-2026 00:29:33 [38;5;015m[INFO]: [0mThis is a info message from thread 1318-09-2026 00:29:33 [38;5;009m[ERROR]: [0mThis is a error message from thread 2218-09-2026 00:29:33 [38;5;015m[INFO]: [0mThis is a info message from thread 2518-09-2026 00:29:33 [38;5;009m[ERROR]: [0mThis is a error message from thread 1318-09-2026 00:29:33 [38;5;117m[DEBUG]: [0mThis is a debug message from thread 818-09-2026 00:29:33 [38;5;015m[INFO]: [0mThis is a info message from thread 818-09-2026 00:29:33 [38;5;117m[DEBUG]: [0mThis is a debug message from thread 2218-09-2026 00:29:33 [38;5;015m[INFO]: [0mThis is a info message from thread 2718-09-2026 00:29:33 [38;5;009m[ERROR]: [0mThis is a error message from thread 718-09-2026 00:29:33 [38;5;009m[ERROR]: [0mThis is a error message from thread 1818-09-2026 00:29:33 [38;5;117m[DEBUG]: [0mThis is a debug message from thread 1318-09-2026 00:29:33 [38;5;015m[INFO]: [0mThis is a info message from thread 2218-09-2026 00:29:33 [38;5;117m[DEBUG]: [0mThis is a debug message from thread 1118-09-2026 00:29:33 [38;5;015m[INFO]: [0mThis is a info message from thread 1218-09-2026 00:29:33 [38;5;009m[ERROR]: [0mThis is a error message from thread 2318-09-2026 00:29:33 [38;5;009m[ERROR]: [0mThis is a error message from thread 1218-09-2026 00:29:33 [38;5;015m[INFO]: [0mThis is a info message from thread 1918-09-2026 00:29:33 [38;5;015m[INFO]: [0mThis is a info message from thread 1118-09-2026 00:29:33 [38;5;117m[DEBUG]: [0mThis is a debug message from thread 2318-09-2026 00:29:33 [38;5;117m[DEBUG]: [0mThis is a debug message from thread 2918-09-2026 00:29:33 [38;5;117m[DEBUG]: [0mThis is a debug message from thread 1218-09-2026 00:29:33 [38;5;009m[ERROR]: [0mThis is a error message from thread 2518-09-2026 00:29:33 [38;5;009m[ERROR]: [0mThis is a error message from thread 2818-09-2026 00:29:33 [38;5;009m[ERROR]: [0mThis is a error message from thread 1918-09-2026 00:29:33 [38;5;009m[ERROR]: [0mThis is a error message from thread 2718-09-2026 00:29:33 [38;5;015m[INFO]: [0mThis is a info message from thread 2918-09-2026 00:29:33 [38;5;117m[DEBUG]: [0mThis is a debug message from thread 2818-09-2026 00:29:33 [38;5;009m[ERROR]: [0mThis is a error message from thread 118-09-2026 00:29:33 [38;5;117m[DEBUG]: [0mThis is a debug message from thread 218-09-2026 00:29:33 [38;5;117m[DEBUG]: [0mThis is a debug message from thread 318-09-2026 00:29:33 [38;5;015m[INFO]: [0mThis is a info message from thread 2818-09-2026 00:29:33 [38;5;015m[INFO]: [0mThis is a info message from thread 218-09-2026 00:29:33 [38;5;009m[ERROR]: [0mThis is a error message from thread 2818-09-2026 00:29:33 [38;5;015m[INFO]: [0mThis is a info message from thread 318-09-2026 00:29:33 [38;5;009m[ERROR]: [0mThis is a error message from thread 218-09-2026 00:29:33 [38;5;117m[DEBUG]: [0mThis is a debug message from thread 2818-09-2026 00:29:33 [38;5;117m[DEBUG]: [0mThis is a debug message from thread 118-09-2026 00:29:33 [38;5;015m[INFO]: [0mThis is a info message from thread 2818-09-2026 00:29:33 [38;5;117m[DEBUG]: [0mThis is a debug message from thread 1418-09-2026 00:29:33 [38;5;009m[ERROR]: [0mThis is a error message from thread 318-09-2026 00:29:33 [38;5;009m[ERROR]: [0mThis is a error message from thread 2818-09-2026 00:29:33 [38;5;117m[DEBUG]: [0mThis is a debug message from thread 218-09-2026 00:29:33 [38;5;009m[ERROR]: [0mThis is a error message from thread 918-09-2026 00:29:33 [38;5;117m[DEBUG]: [0mThis is a debug message from thread 2818-09-2026 00:29:33 [38;5;015m[INFO]: [0mThis is a info message from thread 218-09-2026 00:29:33 [38;5;117m[DEBUG]: [0mThis is a debug message from thread 918-09-2026 00:29:33 [38;5;015m[INFO]: [0mThis is a info message from thread 2818-09-2026 00:29:33 [38;5;009m[ERROR]: [0mThis is a error message from thread 218-09-2026 00:29:33 [38;5;015m[INFO]: [0mThis is a info message from thread 918-09-2026 00:29:33 [38;5;015m[INFO]: [0mThis is a info message from thread 1218-09-2026 00:29:33 [38;5;009m[ERROR]: [0mThis is a error message from thread 2218-09-2026 00:29:33 [38;5;009m[ERROR]: [0mThis is a error message from thread 918-09-2026 00:29:33 [38;5;009m[ERROR]: [0mThis is a error message from thread 1218-09-2026 00:29:33 [38;5;009m[ERROR]: [0mThis is a error message from thread 818-09-2026 00:29:33 [38;5;117m[DEBUG]: [0mThis is a debug message from thread 2218-09-2026 00:29:33 [38;5;117m[DEBUG]: [0mThis is a debug message from thread 1218-09-2026 00:29:33 [38;5;009m[ERROR]: [0mThis is a error message from thread 2818-09-2026 00:29:33 [38;5;117m[DEBUG]: [0mThis is a debug message from thread 2818-09-2026 00:29:33 [38;5;015m[INFO]: [0mThis is a info message from thread 2018-09-2026 00:29:33 [38;5;015m[INFO]: [0mThis is a info message from thread 2818-09-2026 00:29:33 [38;5;015m[INFO]: [0mThis is a info message from thread 1218-09-2026 00:29:33 [38;5;009m[ERROR]: [0mThis is a error message from thread 018-09-2026 00:29:33 [38;5;009m[ERROR]: [0mThis is a error message from thread 1118-09-2026 00:29:33 [38;5;009m[ERROR]: [0mThis is a error message from thread 2018-09-2026 00:29:33 [38;5;009m[ERROR]: [0mThis is a error message from thread 2818-09-2026 00:29:33 [38;5;117m[DEBUG]: [0mThis is a debug message from thread 1718-09-2026 00:29:33 [38;5;117m[DEBUG]: [0mThis is a debug message from thread 818-09-2026 00:29:33 [38;5;117m[DEBUG]: [0mThis is a debug message from thread 418-09-2026 00:29:33 [38;5;009m[ERROR]: [0mThis is a error message from thread 1018-09-2026 00:29:33 [38;5;117m[DEBUG]: [0mThis is a debug message from thread 018-09-2026 00:29:33 [38;5;117m[DEBUG]: [0mThis is a debug message from thread 1818-09-2026 00:29:33 [38;5;015m[INFO]: [0mThis is a info message from thread 1318-09-2026 00:29:33 [38;5;117m[DEBUG]: [0mThis is a debug message from thread 918-09-2026 00:29:33 [38;5;009m[ERROR]: [0mThis is a error message from thread 2118-09-2026 00:29:33 [38;5;009m[ERROR]: [0mThis is a error message from thread 1218-09-2026 00:29:33 [38;5;117m[DEBUG]: [0mThis is a debug message from thread 618-09-2026 00:29:33 [38;5;117m[DEBUG]: [0mThis is a debug message from thread 2018-09-2026 00:29:33 [38;5;015m[INFO]: [0mThis is a info message from thread 2218-09-2026 00:29:33 [38;5;117m[DEBUG]: [0mThis is a debug message from thread 318-09-2026 00:29:33 [38;5;117m[DEBUG]: [0mThis is a debug message from thread 2518-09-2026 00:29:33 [38;5;117m[DEBUG]: [0mThis is a debug message from thread 1518-09-2026 00:29:33 [38;5;015m[INFO]: [0mThis is a info message from thread 418-09-2026 00:29:33 [38;5;117m[DEBUG]: [0mThis is a debug message from thread 2118-09-2026 00:29:33 [38;5;015m[INFO]: [0mThis is a info message from thread 2018-09-2026 00:29:33 [38;5;009m[ERROR]: [0mThis is a error message from thread 2018-09-2026 00:29:33 [38;5;015m[INFO]: [0mThis is a info message from thread 2518-09-2026 00:29:33 [38;5;015m[INFO]: [0mThis is a info message from thread 1518-09-2026 00:29:33 [38;5;009m[ERROR]: [0mThis is a error message from thread 418-09-2026 00:29:33 [38;5;009m[ERROR]: [0mThis is a error message from thread 2918-09-2026 00:29:33 [38;5;009m[ERROR]: [0mThis is a error message from thread 1518-09-2026 00:29:33 [38;5;015m[INFO]: [0mThis is a info message from thread 818-09-2026 00:29:33 [38;5;117m[DEBUG]: [0mThis is a debug message from thread 218-09-2026 00:29:33 [38;5;015m[INFO]: [0mThis is a info message from thread 318-09-2026 00:29:33 [38;5;117m[DEBUG]: [0mThis is a debug message from thread 2618-09-2026 00:29:33 [38;5;009m[ERROR]: [0mThis is a error message from thread 2518-09-2026 00:29:33 [38;5;117m[DEBUG]: [0mThis is a debug message from thread 718-09-2026 00:29:33 [38;5;015m[INFO]: [0mThis is a info message from thread 118-09-2026 00:29:33 [38;5;015m[INFO]: [0mThis is a info message from thread 218-09-2026 00:29:33 [38;5;117m[DEBUG]: [0mThis is a debug message from thread 2818-09-2026 00:29:33 [38;5;117m[DEBUG]: [0mThis is a debug message from thread 1018-09-2026 00:29:33 [38;5;117m[DEBUG]: [0mThis is a debug message from thread 1518-09-2026 00:29:33 [38;5;009m[ERROR]: [0mThis is a error message from thread 1318-09-2026 00:29:33 [38;5;009m[ERROR]: [0mThis is a error message from thread 818-09-2026 00:29:33 [38;5;009m[ERROR]: [0mThis is a error message from thread 2218-09-2026 00:29:33 [38;5;009m[ERROR]: [0mThis is a error message from thread 218-09-2026 00:29:33 [38;5;015m[INFO]: [0mThis is a info message from thread 1018-09-2026 00:29:33 [38;5;009m[ERROR]: [0mThis is a error message from thread 118-09-2026 00:29:33 [38;5;015m[INFO]: [0mThis is a info message from thread 2818-09-2026 00:29:33 [38;5;117m[DEBUG]: [0mThis is a debug message from thread 2518-09-2026 00:29:33 [38;5;015m[INFO]: [0mThis is a info message from thread 1518-09-2026 00:29:33 [38;5;015m[INFO]: [0mThis is a info message from thread 1718-09-2026 00:29:33 [38;5;015m[INFO]: [0mThis is a info message from thread 018-09-2026 00:29:33 [38;5;015m[INFO]: [0mThis is a info message from thread 1818-09-2026 00:29:33 [38;5;009m[ERROR]: [0mThis is a error message from thread 1018-09-2026 00:29:33 [38;5;015m[INFO]: [0mThis is a info message from thread 618-09-2026 00:29:33 [38;5;015m[INFO]: [0mThis is a info message from thread 2618-09-2026 00:29:33 [38;5;117m[DEBUG]: [0mThis is a debug message from thread 2718-09-2026 00:29:33 [38;5;009m[ERROR]: [0mThis is a error message from thread 618-09-2026 00:29:33 [38;5;117m[DEBUG]: [0mThis is a debug message from thread 1618-09-2026 00:29:33 [38;5;015m[INFO]: [0mThis is a info message from thread 2718-09-2026 00:29:33 [38;5;015m[INFO]: [0mThis is a info message from thread 1618-09-2026 00:29:33 [38;5;009m[ERROR]: [0mThis is a error message from thread 2718-09-2026 00:29:33 [38;5;117m[DEBUG]: [0mThis is a debug message from thread 2018-09-2026 00:29:33 [38;5;009m[ERROR]: [0mThis is a error message from thread 1618-09-2026 00:29:33 [38;5;117m[DEBUG]: [0mThis is a debug message from thread 2718-09-2026 00:29:33 [38;5;117m[DEBUG]: [0mThis is a debug message from thread 118-09-2026 00:29:33 [38;5;117m[DEBUG]: [0mThis is a debug message from thread 418-09-2026 00:29:33 [38;5;117m[DEBUG]: [0mThis is a debug message from thread 1618-09-2026 00:29:33 [38;5;015m[INFO]: [0mThis is a info message from thread 2018-09-2026 00:29:33 [38;5;015m[INFO]: [0mThis is a info message from thread 2718-09-2026 00:29:33 [38;5;009m[ERROR]: [0mThis is a error message from thread 018-09-2026 00:29:33 [38;5;015m[INFO]: [0mThis is a info message from thread 1618-09-2026 00:29:33 [38;5;015m[INFO]: [0mThis is a info message from thread 718-09-2026 00:29:33 [38;5;117m[DEBUG]: [0mThis is a debug message from thread 618-09-2026 00:29:33 [38;5;015m[INFO]: [0mThis is a info message from thread 2318-09-2026 00:29:33 [38;5;117m[DEBUG]: [0mThis is a debug message from thread 1318-09-2026 00:29:33 [38;5;117m[DEBUG]: [0mThis is a debug message from thread 018-09-2026 00:29:33 [38;5;015m[INFO]: [0mThis is a info message from thread 618-09-2026 00:29:33 [38;5;117m[DEBUG]: [0mThis is a debug message from thread 218-09-2026 00:29:33 [38;5;009m[ERROR]: [0mThis is a error message from thread 1718-09-2026 00:29:33 [38;5;117m[DEBUG]: [0mThis is a debug message from thread 1918-09-2026 00:29:33 [38;5;015m[INFO]: [0mThis is a info message from thread 218-09-2026 00:29:33 [38;5;009m[ERROR]: [0mThis is a error message from thread 1518-09-2026 00:29:33 [38;5;015m[INFO]: [0mThis is a info message from thread 118-09-2026 00:29:33 [38;5;015m[INFO]: [0mThis is a info message from thread 018-09-2026 00:29:33 [38;5;117m[DEBUG]: [0mThis is a debug message from thread 2418-09-2026 00:29:33 [38;5;009m[ERROR]: [0mThis is a error message from thread 218-09-2026 00:29:33 [38;5;009m[ERROR]: [0mThis is a error message from thread 018-09-2026 00:29:33 [38;5;015m[INFO]: [0mThis is a info message from thread 2418-09-2026 00:29:33 [38;5;117m[DEBUG]: [0mThis is a debug message from thread 818-09-2026 00:29:33 [38;5;009m[ERROR]: [0mThis is a error message from thread 2818-09-2026 00:29:33 [38;5;117m[DEBUG]: [0mThis is a debug message from thread 218-09-2026 00:29:33 [38;5;015m[INFO]: [0mThis is a info message from thread 818-09-2026 00:29:33 [38;5;009m[ERROR]: [0mThis is a error message from thread 2418-09-2026 00:29:33 [38;5;117m[DEBUG]: [0mThis is a debug message from thread 2418-09-2026 00:29:33 [38;5;117m[DEBUG]: [0mThis is a debug message from thread 2818-09-2026 00:29:33 [38;5;015m[INFO]: [0mThis is a info message from thread 2418-09-2026 00:29:33 [38;5;009m[ERROR]: [0mThis is a error message from thread 818-09-2026 00:29:33 [38;5;015m[INFO]: [0mThis is a info message from thread 2818-09-2026 00:29:33 [38;5;015m[INFO]: [0mThis is a info message from thread 218-09-2026 00:29:33 [38;5;117m[DEBUG]: [0mThis is a debug message from thread 1518-09-2026 00:29:33 [38;5;015m[INFO]: [0mThis is a info message from thread 2118-09-2026 00:29:33 [38;5;009m[ERROR]: [0mThis is a error message from thread 118-09-2026 00:29:33 [38;5;117m[DEBUG]: [0mThis is a debug message from thread 1718-09-2026 00:29:33 [38;5;015m[INFO]: [0mThis is a info message from thread 1418-09-2026 00:29:33 [38;5;117m[DEBUG]: [0mThis is a debug message from thread 1218-09-2026 00:29:33 [38;5;009m[ERROR]: [0mThis is a error message from thread 718-09-2026 00:29:33 [38;5;009m[ERROR]: [0mThis is a error message from thread 2618-09-2026 00:29:33 [38;5;009m[ERROR]: [0mThis is a error message from thread 2318-09-2026 00:29:33 [38;5;117m[DEBUG]: [0mThis is a debug message from thread 1018-09-2026 00:29:33 [38;5;009m[ERROR]: [0mThis is a error message from thread 2418-09-2026 00:29:33 [38;5;009m[ERROR]: [0mThis is a error message from thread 2118-09-2026 00:29:33 [38;5;015m[INFO]: [0mThis is a info message from thread 1718-09-2026 00:29:33 [38;5;015m[INFO]: [0mThis is a info message from thread 1318-09-2026 00:29:33 [38;5;117m[DEBUG]: [0mThis is a debug message from thread 818-09-2026 00:29:33 [38;5;009m[ERROR]: [0mThis is a error message from thread 618-09-2026 00:29:33 [38;5;009m[ERROR]: [0mThis is a error message from thread 2718-09-2026 00:29:33 [38;5;009m[ERROR]: [0mThis is a error message from thread 1818-09-2026 00:29:33 [38;5;009m[ERROR]: [0mThis is a error message from thread 218-09-2026 00:29:33 [38;5;117m[DEBUG]: [0mThis is a debug message from thread 2218-09-2026 00:29:33 [38;5;009m[ERROR]: [0mThis is a error message from thread 1318-09-2026 00:29:33 [38;5;009m[ERROR]: [0mThis is a error message from thread 1718-09-2026 00:29:33 [38;5;117m[DEBUG]: [0mThis is a debug message from thread 2118-09-2026 00:29:33 [38;5;117m[DEBUG]: [0mThis is a debug message from thread 2718-09-2026 00:29:33 [38;5;009m[ERROR]: [0mThis is a error message from thread 2818-09-2026 00:29:33 [38;5;117m[DEBUG]: [0mThis is a debug message from thread 2618-09-2026 00:29:33 [38;5;015m[INFO]: [0mThis is a info message from thread 2218-09-2026 00:29:33 [38;5;117m[DEBUG]: [0mThis is a debug message from thread 1818-09-2026 00:29:33 [38;5;015m[INFO]: [0mThis is a info message from thread 2118-09-2026 00:29:33 [38;5;117m[DEBUG]: [0mThis is a debug message from thread 1118-09-2026 00:29:33 [38;5;015m[INFO]: [0mThis is a info message from thread 1218-09-2026 00:29:33 [38;5;015m[INFO]: [0mThis is a info message from thread 418-09-2026 00:29:33 [38;5;117m[DEBUG]: [0mThis is a debug message from thread 2318-09-2026 00:29:33 [38;5;009m[ERROR]: [0mThis is a error message from thread 2118-09-2026 00:29:33 [38;5;015m[INFO]: [0mThis is a info message from thread 1818-09-2026 00:29:33 [38;5;009m[ERROR]: [0mThis is a error message from thread 2018-09-2026 00:29:33 [38;5;009m[ERROR]: [0mThis is a error message from thread 1218-09-2026 00:29:33 [38;5;015m[INFO]: [0mThis is a info message from thread 1118-09-2026 00:29:33 [38;5;009m[ERROR]: [0mThis is a error message from thread 1618-09-2026 00:29:33 [38;5;009m[ERROR]: [0mThis is a error message from thread 1418-09-2026 00:29:33 [38;5;117m[DEBUG]: [0mThis is a debug message from thread 2818-09-2026 00:29:33 [38;5;117m[DEBUG]: [0mThis is a debug message from thread 1218-09-2026 00:29:33 [38;5;117m[DEBUG]: [0mThis is a debug message from thread 2918-09-2026 00:29:33 [38;5;117m[DEBUG]: [0mThis is a debug message from thread 1618-09-2026 00:29:33 [38;5;015m[INFO]: [0mThis is a info message from thread 918-09-2026 00:29:33 [38;5;015m[INFO]: [0mThis is a info message from thread 1918-09-2026 00:29:33 [38;5;009m[ERROR]: [0mThis is a error message from thread 1118-09-2026 00:29:33 [38;5;117m[DEBUG]: [0mThis is a debug message from thread 2118-09-2026 00:29:33 [38;5;015m[INFO]: [0mThis is a info message from thread 1618-09-2026 00:29:33 [38;5;009m[ERROR]: [0mThis is a error message from thread 1618-09-2026 00:29:33 [38;5;009m[ERROR]: [0mThis is a error message from thread 1918-09-2026 00:29:33 [38;5;117m[DEBUG]: [0mThis is a debug message from thread 518-09-2026 00:29:33 [38;5;117m[DEBUG]: [0mThis is a debug message from thread 1618-09-2026 00:29:33 [38;5;015m[INFO]: [0mThis is a info message from thread 2118-09-2026 00:29:33 [38;5;015m[INFO]: [0mThis is a info message from thread 2718-09-2026 00:29:33 [38;5;009m[ERROR]: [0mThis is a error message from thread 918-09-2026 00:29:33 [38;5;117m[DEBUG]: [0mThis is a debug message from thread 1118-09-2026 00:29:33 [38;5;117m[DEBUG]: [0mThis is a debug message from thread 2418-09-2026 00:29:33 [38;5;009m[ERROR]: [0mThis is a error message from thread 2118-09-2026 00:29:33 [38;5;009m[ERROR]: [0mThis is a error message from thread 2718-09-2026 00:29:33 [38;5;117m[DEBUG]: [0mThis is a debug message from thread 1918-09-2026 00:29:33 [38;5;015m[INFO]: [0mThis is a info message from thread 2918-09-2026 00:29:33 [38;5;015m[INFO]: [0mThis is a info message from thread 2418-09-2026 00:29:33 [38;5;015m[INFO]: [0mThis is a info message from thread 1918-09-2026 00:29:33 [38;5;015m[INFO]: [0mThis is a info message from thread 1018-09-2026 00:29:33 [38;5;117m[DEBUG]: [0mThis is a debug message from thread 2118-09-2026 00:29:33 [38;5;009m[ERROR]: [0mThis is a error message from thread 418-09-2026 00:29:33 [38;5;009m[ERROR]: [0mThis is a error message from thread 318-09-2026 00:29:33 [38;5;117m[DEBUG]: [0mThis is a debug message from thread 718-09-2026 00:29:33 [38;5;117m[DEBUG]: [0mThis is a debug message from thread 118-09-2026 00:29:33 [38;5;009m[ERROR]: [0mThis is a error message from thread 1818-09-2026 00:29:33 [38;5;117m[DEBUG]: [0mThis is a debug message from thread 918-09-2026 00:29:33 [38;5;015m[INFO]: [0mThis is a info message from thread 518-09-2026 00:29:33 [38;5;117m[DEBUG]: [0mThis is a debug message from thread 318-09-2026 00:29:33 [38;5;015m[INFO]: [0mThis is a info message from thread 718-09-2026 00:29:33 [38;5;009m[ERROR]: [0mThis is a error message from thread 1018-09-2026 00:29:33 [38;5;117m[DEBUG]: [0mThis is a debug message from thread 618-09-2026 00:29:33 [38;5;009m[ERROR]: [0mThis is a error message from thread 2918-09-2026 00:29:33 [38;5;117m[DEBUG]: [0mThis is a debug message from thread 2718-09-2026 00:29:33 [38;5;015m[INFO]: [0mThis is a info message from thread 318-09-2026 00:29:33 [38;5;117m[DEBUG]: [0mThis is a debug message from thread 1418-09-2026 00:29:33 [38;5;009m[ERROR]: [0mThis is a error message from thread 2418-09-2026 00:29:33 [38;5;117m[DEBUG]: [0mThis is a debug message from thread 1718-09-2026 00:29:33 [38;5;015m[INFO]: [0mThis is a info message from thread 1518-09-2026 00:29:33 [38;5;009m[ERROR]: [0mThis is a error message from thread 318-09-2026 00:29:33 [38;5;117m[DEBUG]: [0mThis is a debug message from thread 1818-09-2026 00:29:33 [38;5;015m[INFO]: [0mThis is a info message from thread 1718-09-2026 00:29:33 [38;5;009m[ERROR]: [0mThis is a error message from thread 518-09-2026 00:29:33 [38;5;015m[INFO]: [0mThis is a info message from thread 1118-09-2026 00:29:33 [38;5;015m[INFO]: [0mThis is a info message from thread 2118-09-2026 00:29:33 [38;5;009m[ERROR]: [0mThis is a error message from thread 1118-09-2026 00:29:33 [38;5;117m[DEBUG]: [0mThis is a debug message from thread 1018-09-2026 00:29:33 [38;5;015m[INFO]: [0mThis is a info message from thread 118-09-2026 00:29:33 [38;5;009m[ERROR]: [0mThis is a error message from thread 718-09-2026 00:29:33 [38;5;015m[INFO]: [0mThis is a info message from thread 1218-09-2026 00:29:33 [38;5;117m[DEBUG]: [0mThis is a debug message from thread 418-09-2026 00:29:33 [38;5;117m[DEBUG]: [0mThis is a debug message from thread 2018-09-2026 00:29:33 [38;5;015m[INFO]: [0mThis is a info message from thread 1018-09-2026 00:29:33 [38;5;015m[INFO]: [0mThis is a info message from thread 2818-09-2026 00:29:33 [38;5;009m[ERROR]: [0mThis is a error message from thread 1218-09-2026 00:29:33 [38;5;015m[INFO]: [0mThis is a info message from thread 418-09-2026 00:29:33 [38;5;015m[INFO]: [0mThis is a info message from thread 1818-09-2026 00:29:33 [38;5;117m[DEBUG]: [0mThis is a debug message from thread 1218-09-2026 00:29:33 [38;5;009m[ERROR]: [0mThis is a error message from thread 2818-09-2026 00:29:33 [38;5;009m[ERROR]: [0mThis is a error message from thread 1018-09-2026 00:29:33 [38;5;015m[INFO]: [0mThis is a info message from thread 618-09-2026 00:29:33 [38;5;015m[INFO]: [0mThis is a info message from thread 1218-09-2026 00:29:33 [38;5;009m[ERROR]: [0mThis is a error message from thread 618-09-2026 00:29:33 [38;5;117m[DEBUG]: [0mThis is a debug message from thread 218-09-2026 00:29:33 [38;5;009m[ERROR]: [0mThis is a error message from thread 1818-09-2026 00:29:33 [38;5;117m[DEBUG]: [0mThis is a debug message from thread 1018-09-2026 00:29:33 [38;5;009m[ERROR]: [0mThis is a error message from thread 1918-09-2026 00:29:33 [38;5;117m[DEBUG]: [0mThis is a debug message from thread 1818-09-2026 00:29:33 [38;5;009m[ERROR]: [0mThis is a error message from thread 1518-09-2026 00:29:33 [38;5;009m[ERROR]: [0mThis is a error message from thread 1218-09-2026 00:29:33 [38;5;015m[INFO]: [0mThis is a info message from thread 1018-09-2026 00:29:33 [38;5;015m[INFO]: [0mThis is a info message from thread 218-09-2026 00:29:33 [38;5;117m[DEBUG]: [0mThis is a debug message from thread 1318-09-2026 00:29:33 [38;5;015m[INFO]: [0mThis is a info message from thread 818-09-2026 00:29:33 [38;5;015m[INFO]: [0mThis is a info message from thread 2718-09-2026 00:29:33 [38;5;117m[DEBUG]: [0mThis is a debug message from thread 318-09-2026 00:29:33 [38;5;015m[INFO]: [0mThis is a info message from thread 1818-09-2026 00:29:33 [38;5;015m[INFO]: [0mThis is a info message from thread 2618-09-2026 00:29:33 [38;5;015m[INFO]: [0mThis is a info message from thread 2518-09-2026 00:29:33 [38;5;009m[ERROR]: [0mThis is a error message from thread 118-09-2026 00:29:33 [38;5;117m[DEBUG]: [0mThis is a debug message from thread 1918-09-2026 00:29:33 [38;5;009m[ERROR]: [0mThis is a error message from thread 2118-09-2026 00:29:33 [38;5;009m[ERROR]: [0mThis is a error message from thread 818-09-2026 00:29:33 [38;5;009m[ERROR]: [0mThis is a error message from thread 2218-09-2026 00:29:33 [38;5;117m[DEBUG]: [0mThis is a debug message from thread 1518-09-2026 00:29:33 [38;5;009m[ERROR]: [0mThis is a error message from thread 1018-09-2026 00:29:33 [38;5;117m[DEBUG]: [0mThis is a debug message from thread 2218-09-2026 00:29:33 [38;5;117m[DEBUG]: [0mThis is a debug message from thread 618-09-2026 00:29:33 [38;5;117m[DEBUG]: [0mThis is a debug message from thread 2418-09-2026 00:29:33 [38;5;009m[ERROR]: [0mThis is a error message from thread 2518-09-2026 00:29:33 [38;5;015m[INFO]: [0mThis is a info message from thread 2018-09-2026 00:29:33 [38;5;015m[INFO]: [0mThis is a info message from thread 618-09-2026 00:29:33 [38;5;015m[INFO]: [0mThis is a info message from thread 1518-09-2026 00:29:33 [38;5;117m[DEBUG]: [0mThis is a debug message from thread 718-09-2026 00:29:33 [38;5;015m[INFO]: [0mThis is a info message from thread 1918-09-2026 00:29:33 [38;5;015m[INFO]: [0mThis is a info message from thread 2418-09-2026 00:29:33 [38;5;009m[ERROR]: [0mThis is a error message from thread 1918-09-2026 00:29:33 [38;5;009m[ERROR]: [0mThis is a error message from thread 2018-09-2026 00:29:33 [38;5;015m[INFO]: [0mThis is a info message from thread 318-09-2026 00:29:33 [38;5;009m[ERROR]: [0mThis is a error message from thread 218-09-2026 00:29:33 [38;5;009m[ERROR]: [0mThis is a error message from thread 418-09-2026 00:29:33 [38;5;009m[ERROR]: [0mThis is a error message from thread 2618-09-2026 00:29:33 [38;5;015m[INFO]: [0mThis is a info message from thread 2218-09-2026 00:29:33 [38;5;117m[DEBUG]: [0mThis is a debug message from thread 2018-09-2026 00:29:33 [38;5;015m[INFO]: [0mThis is a info message from thread 1618-09-2026 00:29:33 [38;5;117m[DEBUG]: [0mThis is a debug message from thread 218-09-2026 00:29:33 [38;5;009m[ERROR]: [0mThis is a error message from thread 2418-09-2026 00:29:33 [38;5;009m[ERROR]: [0mThis is a error message from thread 2718-09-2026 00:29:33 [38;5;117m[DEBUG]: [0mThis is a debug message from thread 2918-09-2026 00:29:33 [38;5;015m[INFO]: [0mThis is a info message from thread 918-09-2026 00:29:33 [38;5;117m[DEBUG]: [0mThis is a debug message from thread 018-09-2026 00:29:33 [38;5;009m[ERROR]: [0mThis is a error message from thread 1818-09-2026 00:29:33 [38;5;117m[DEBUG]: [0mThis is a debug message from thread 1018-09-2026 00:29:33 [38;5;015m[INFO]: [0mThis is a info message from thread 2918-09-2026 00:29:33 [38;5;117m[DEBUG]: [0mThis is a debug message from thread 1818-09-2026 00:29:33 [38;5;117m[DEBUG]: [0mThis is a debug message from thread 2418-09-2026 00:29:33 [38;5;015m[INFO]: [0mThis is a info message from thread 1018-09-2026 00:29:33 [38;5;015m[INFO]: [0mThis is a info message from thread 1818-09-2026 00:29:33 [38;5;015m[INFO]: [0mThis is a info message from thread 018-09-2026 00:29:33 [38;5;009m[ERROR]: [0mThis is a error message from thread 2918-09-2026 00:29:33 [38;5;117m[DEBUG]: [0mThis is a debug message from thread 2918-09-2026 00:29:33 [38;5;117m[DEBUG]: [0mThis is a debug message from thread 518-09-2026 00:29:33 [38;5;015m[INFO]: [0mThis is a info message from thread 2318-09-2026 00:29:33 [38;5;015m[INFO]: [0mThis is a info message from thread 518-09-2026 00:29:33 [38;5;015m[INFO]: [0mThis is a info message from thread 1318-09-2026 00:29:33 [38;5;117m[DEBUG]: [0mThis is a debug message from thread 2618-09-2026 00:29:33 [38;5;009m[ERROR]: [0mThis is a error message from thread 1618-09-2026 00:29:33 [38;5;117m[DEBUG]: [0mThis is a debug message from thread 818-09-2026 00:29:33 [38;5;009m[ERROR]: [0mThis is a error message from thread 518-09-2026 00:29:33 [38;5;117m[DEBUG]: [0mThis is a debug message from thread 1918-09-2026 00:29:33 [38;5;117m[DEBUG]: [0mThis is a debug message from thread 518-09-2026 00:29:33 [38;5;117m[DEBUG]: [0mThis is a debug message from thread 1618-09-2026 00:29:33 [38;5;015m[INFO]: [0mThis is a info message from thread 1918-09-2026 00:29:33 [38;5;009m[ERROR]: [0mThis is a error message from thread 1918-09-2026 00:29:33 [38;5;009m[ERROR]: [0mThis is a error message from thread 618-09-2026 00:29:33 [38;5;009m[ERROR]: [0mThis is a error message from thread 1018-09-2026 00:29:33 [38;5;009m[ERROR]: [0mThis is a error message from thread 1718-09-2026 00:29:33 [38;5;009m[ERROR]: [0mThis is a error message from thread 1318-09-2026 00:29:33 [38;5;117m[DEBUG]: [0mThis is a debug message from thread 1718-09-2026 00:29:33 [38;5;009m[ERROR]: [0mThis is a error message from thread 1518-09-2026 00:29:33 [38;5;117m[DEBUG]: [0mThis is a debug message from thread 1118-09-2026 00:29:33 [38;5;117m[DEBUG]: [0mThis is a debug message from thread 1318-09-2026 00:29:33 [38;5;015m[INFO]: [0mThis is a info message from thread 718-09-2026 00:29:33 [38;5;009m[ERROR]: [0mThis is a error message from thread 1818-09-2026 00:29:33 [38;5;015m[INFO]: [0mThis is a info message from thread 518-09-2026 00:29:33 [38;5;009m[ERROR]: [0mThis is a error message from thread 2218-09-2026 00:29:33 [38;5;015m[INFO]: [0mThis is a info message from thread 1718-09-2026 00:29:33 [38;5;009m[ERROR]: [0mThis is a error message from thread 018-09-2026 00:29:33 [38;5;015m[INFO]: [0mThis is a info message from thread 1118-09-2026 00:29:33 [38;5;015m[INFO]: [0mThis is a info message from thread 2018-09-2026 00:29:33 [38;5;009m[ERROR]: [0mThis is a error message from thread 918-09-2026 00:29:33 [38;5;117m[DEBUG]: [0mThis is a debug message from thread 618-09-2026 00:29:33 [38;5;009m[ERROR]: [0mThis is a error message from thread 518-09-2026 00:29:33 [38;5;009m[ERROR]: [0mThis is a error message from thread 2318-09-2026 00:29:33 [38;5;015m[INFO]: [0mThis is a info message from thread 2418-09-2026 00:29:33 [38;5;117m[DEBUG]: [0mThis is a debug message from thread 1518-09-2026 00:29:33 [38;5;117m[DEBUG]: [0mThis is a debug message from thread 2818-09-2026 00:29:33 [38;5;015m[INFO]: [0mThis is a info message from thread 2918-09-2026 00:29:33 [38;5;117m[DEBUG]: [0mThis is a debug message from thread 1218-09-2026 00:29:33 [38;5;009m[ERROR]: [0mThis is a error message from thread 318-09-2026 00:29:33 [38;5;015m[INFO]: [0mThis is a info message from thread 2818-09-2026 00:29:33 [38;5;009m[ERROR]: [0mThis is a error message from thread 1118-09-2026 00:29:33 [38;5;015m[INFO]: [0mThis is a info message from thread 1518-09-2026 00:29:33 [38;5;015m[INFO]: [0mThis is a info message from thread 1218-09-2026 00:29:33 [38;5;009m[ERROR]: [0mThis is a error message from thread 2918-09-2026 00:29:33 [38;5;117m[DEBUG]: [0mThis is a debug message from thread 2218-09-2026 00:29:33 [38;5;117m[DEBUG]: [0mThis is a debug message from thread 2918-09-2026 00:29:33 [38;5;015m[INFO]: [0mThis is a info message from thread 1418-09-2026 00:29:33 [38;5;009m[ERROR]: [0mThis is a error message from thread 1418-09-2026 00:29:33 [38;5;009m[ERROR]: [0mThis is a error message from thread 1218-09-2026 00:29:33 [38;5;015m[INFO]: [0mThis is a info message from thread 2918-09-2026 00:29:33 [38;5;009m[ERROR]: [0mThis is a error message from thread 2018-09-2026 00:29:33 [38;5;117m[DEBUG]: [0mThis is a debug message from thread 1418-09-2026 00:29:33 [38;5;117m[DEBUG]: [0mThis is a debug message from thread 918-09-2026 00:29:33 [38;5;015m[INFO]: [0mThis is a info message from thread 1618-09-2026 00:29:33 [38;5;015m[INFO]: [0mThis is a info message from thread 218-09-2026 00:29:33 [38;5;117m[DEBUG]: [0mThis is a debug message from thread 1918-09-2026 00:29:33 [38;5;015m[INFO]: [0mThis is a info message from thread 818-09-2026 00:29:33 [38;5;117m[DEBUG]: [0mThis is a debug message from thread 2018-09-2026 00:29:33 [38;5;009m[ERROR]: [0mThis is a error message from thread 818-09-2026 00:29:33 [38;5;015m[INFO]: [0mThis is a info message from thread 2018-09-2026 00:29:33 [38;5;009m[ERROR]: [0mThis is a error message from thread 2018-09-2026 00:29:33 [38;5;015m[INFO]: [0mThis is a info message from thread 1918-09-2026 00:29:33 [38;5;117m[DEBUG]: [0mThis is a debug message from thread 2018-09-2026 00:29:33 [38;5;117m[DEBUG]: [0mThis is a debug message from thread 1018-09-2026 00:29:33 [38;5;015m[INFO]: [0mThis is a info message from thread 618-09-2026 00:29:33 [38;5;117m[DEBUG]: [0mThis is a debug message from thread 2518-09-2026 00:29:33 [38;5;009m[ERROR]: [0mThis is a error message from thread 218-09-2026 00:29:33 [38;5;015m[INFO]: [0mThis is a info message from thread 2518-09-2026 00:29:33 [38;5;009m[ERROR]: [0mThis is a error message from thread 618-09-2026 00:29:33 [38;5;009m[ERROR]: [0mThis is a error message from thread 2518-09-2026 00:29:33 [38;5;117m[DEBUG]: [0mThis is a debug message from thread 218-09-2026 00:29:33 [38;5;015m[INFO]: [0mThis is a info message from thread 1418-09-2026 00:29:33 [38;5;009m[ERROR]: [0mThis is a error message from thread 718-09-2026 00:29:33 [38;5;009m[ERROR]: [0mThis is a error message from thread 1418-09-2026 00:29:33 [38;5;015m[INFO]: [0mThis is a info message from thread 2018-09-2026 00:29:33 [38;5;117m[DEBUG]: [0mThis is a debug message from thread 2518-09-2026 00:29:33 [38;5;015m[INFO]: [0mThis is a info message from thread 218-09-2026 00:29:33 [38;5;015m[INFO]: [0mThis is a info message from thread 918-09-2026 00:29:33 [38;5;015m[INFO]: [0mThis is a info message from thread 1018-09-2026 00:29:33 [38;5;009m[ERROR]: [0mThis is a error message from thread 2818-09-2026 00:29:33 [38;5;117m[DEBUG]: [0mThis is a debug message from thread 418-09-2026 00:29:33 [38;5;009m[ERROR]: [0mThis is a error message from thread 2018-09-2026 00:29:33 [38;5;117m[DEBUG]: [0mThis is a debug message from thread 2018-09-2026 00:29:33 [38;5;117m[DEBUG]: [0mThis is a debug message from thread 2818-09-2026 00:29:33 [38;5;117m[DEBUG]: [0mThis is a debug message from thread 118-09-2026 00:29:33 [38;5;009m[ERROR]: [0mThis is a error message from thread 2418-09-2026 00:29:33 [38;5;009m[ERROR]: [0mThis is a error message from thread 918-09-2026 00:29:33 [38;5;009m[ERROR]: [0mThis is a error message from thread 1018-09-2026 00:29:33 [38;5;009m[ERROR]: [0mThis is a error message from thread 2918-09-2026 00:29:33 [38;5;117m[DEBUG]: [0mThis is a debug message from thread 718-09-2026 00:29:33 [38;5;015m[INFO]: [0mThis is a info message from thread 2818-09-2026 00:29:33 [38;5;009m[ERROR]: [0mThis is a error message from thread 218-09-2026 00:29:33 [38;5;117m[DEBUG]: [0mThis is a debug message from thread 218-09-2026 00:29:33 [38;5;015m[INFO]: [0mThis is a info message from thread 718-09-2026 00:29:33 [38;5;015m[INFO]: [0mThis is a info message from thread 118-09-2026 00:29:33 [38;5;009m[ERROR]: [0mThis is a error message from thread 118-09-2026 00:29:33 [38;5;117m[DEBUG]: [0mThis is a debug message from thread 2418-09-2026 00:29:33 [38;5;015m[INFO]: [0mThis is a info message from thread 1318-09-2026 00:29:33 [38;5;015m[INFO]: [0mThis is a info message from thread 218-09-2026 00:29:33 [38;5;117m[DEBUG]: [0mThis is a debug message from thread 2118-09-2026 00:29:33 [38;5;117m[DEBUG]: [0mThis is a debug message from thread 2918-09-2026 00:29:33 [38;5;015m[INFO]: [0mThis is a info message from thread 2218-09-2026 00:29:33 [38;5;117m[DEBUG]: [0mThis is a debug message from thread 2318-09-2026 00:29:33 [38;5;015m[INFO]: [0mThis is a info message from thread 2418-09-2026 00:29:33 [38;5;117m[DEBUG]: [0mThis is a debug message from thread 1118-09-2026 00:29:33 [38;5;009m[ERROR]: [0mThis is a error message from thread 1618-09-2026 00:29:33 [38;5;117m[DEBUG]: [0mThis is a debug message from thread 818-09-2026 00:29:33 [38;5;117m[DEBUG]: [0mThis is a debug message from thread 518-09-2026 00:29:33 [38;5;009m[ERROR]: [0mThis is a error message from thread 1718-09-2026 00:29:33 [38;5;117m[DEBUG]: [0mThis is a debug message from thread 918-09-2026 00:29:33 [38;5;117m[DEBUG]: [0mThis is a debug message from thread 1418-09-2026 00:29:33 [38;5;015m[INFO]: [0mThis is a info message from thread 418-09-2026 00:29:33 [38;5;015m[INFO]: [0mThis is a info message from thread 1418-09-2026 00:29:33 [38;5;117m[DEBUG]: [0mThis is a debug message from thread 2718-09-2026 00:29:33 [38;5;015m[INFO]: [0mThis is a info message from thread 1118-09-2026 00:29:33 [38;5;117m[DEBUG]: [0mThis is a debug message from thread 1218-09-2026 00:29:33 [38;5;117m[DEBUG]: [0mThis is a debug message from thread 118-09-2026 00:29:33 [38;5;015m[INFO]: [0mThis is a info message from thread 518-09-2026 00:29:33 [38;5;015m[INFO]: [0mThis is a info message from thread 918-09-2026 00:29:33 [38;5;117m[DEBUG]: [0mThis is a debug message from thread 018-09-2026 00:29:33 [38;5;015m[INFO]: [0mThis is a info message from thread 2718-09-2026 00:29:33 [38;5;009m[ERROR]: [0mThis is a error message from thread 1118-09-2026 00:29:33 [38;5;009m[ERROR]: [0mThis is a error message from thread 2418-09-2026 00:29:33 [38;5;009m[ERROR]: [0mThis is a error message from thread 418-09-2026 00:29:33 [38;5;015m[INFO]: [0mThis is a info message from thread 1218-09-2026 00:29:33 [38;5;117m[DEBUG]: [0mThis is a debug message from thread 618-09-2026 00:29:33 [38;5;009m[ERROR]: [0mThis is a error message from thread 2718-09-2026 00:29:33 [38;5;117m[DEBUG]: [0mThis is a debug message from thread 2418-09-2026 00:29:33 [38;5;009m[ERROR]: [0mThis is a error message from thread 1418-09-2026 00:29:33 [38;5;015m[INFO]: [0mThis is a info message from thread 618-09-2026 00:29:33 [38;5;117m[DEBUG]: [0mThis is a debug message from thread 1018-09-2026 00:29:33 [38;5;015m[INFO]: [0mThis is a info message from thread 2518-09-2026 00:29:33 [38;5;015m[INFO]: [0mThis is a info message from thread 2318-09-2026 00:29:33 [38;5;117m[DEBUG]: [0mThis is a debug message from thread 318-09-2026 00:29:33 [38;5;009m[ERROR]: [0mThis is a error message from thread 2518-09-2026 00:29:33 [38;5;009m[ERROR]: [0mThis is a error message from thread 1218-09-2026 00:29:33 [38;5;015m[INFO]: [0mThis is a info message from thread 018-09-2026 00:29:33 [38;5;009m[ERROR]: [0mThis is a error message from thread 618-09-2026 00:29:33 [38;5;117m[DEBUG]: [0mThis is a debug message from thread 1718-09-2026 00:29:33 [38;5;009m[ERROR]: [0mThis is a error message from thread 2818-09-2026 00:29:33 [38;5;117m[DEBUG]: [0mThis is a debug message from thread 1218-09-2026 00:29:33 [38;5;015m[INFO]: [0mThis is a info message from thread 2018-09-2026 00:29:33 [38;5;117m[DEBUG]: [0mThis is a debug message from thread 2518-09-2026 00:29:33 [38;5;117m[DEBUG]: [0mThis is a debug message from thread 1418-09-2026 00:29:33 [38;5;009m[ERROR]: [0mThis is a error message from thread 718-09-2026 00:29:33 [38;5;117m[DEBUG]: [0mThis is a debug message from thread 2718-09-2026 00:29:33 [38;5;117m[DEBUG]: [0mThis is a debug message from thread 618-09-2026 00:29:33 [38;5;015m[INFO]: [0mThis is a info message from thread 2518-09-2026 00:29:33 [38;5;009m[ERROR]: [0mThis is a error message from thread 1318-09-2026 00:29:33 [38;5;117m[DEBUG]: [0mThis is a debug message from thread 418-09-2026 00:29:33 [38;5;015m[INFO]: [0mThis is a info message from thread 2118-09-2026 00:29:33 [38;5;009m[ERROR]: [0mThis is a error message from thread 518-09-2026 00:29:33 [38;5;117m[DEBUG]: [0mThis is a debug message from thread 1818-09-2026 00:29:33 [38;5;009m[ERROR]: [0mThis is a error message from thread 1518-09-2026 00:29:33 [38;5;015m[INFO]: [0mThis is a info message from thread 1718-09-2026 00:29:33 [38;5;015m[INFO]: [0mThis is a info message from thread 2718-09-2026 00:29:33 [38;5;009m[ERROR]: [0mThis is a error message from thread 2318-09-2026 00:29:33 [38;5;009m[ERROR]: [0mThis is a error message from thread 2218-09-2026 00:29:33 [38;5;009m[ERROR]: [0mThis is a error message from thread 2018-09-2026 00:29:33 [38;5;015m[INFO]: [0mThis is a info message from thread 818-09-2026 00:29:33 [38;5;015m[INFO]: [0mThis is a info message from thread 618-09-2026 00:29:33 [38;5;009m[ERROR]: [0mThis is a error message from thread 2518-09-2026 00:29:33 [38;5;015m[INFO]: [0mThis is a info message from thread 2618-09-2026 00:29:33 [38;5;009m[ERROR]: [0mThis is a error message from thread 2118-09-2026 00:29:33 [38;5;015m[INFO]: [0mThis is a info message from thread 1218-09-2026 00:29:33 [38;5;117m[DEBUG]: [0mThis is a debug message from thread 2018-09-2026 00:29:33 [38;5;117m[DEBUG]: [0mThis is a debug message from thread 2818-09-2026 00:29:33 [38;5;117m[DEBUG]: [0mThis is a debug message from thread 1518-09-2026 00:29:33 [38;5;009m[ERROR]: [0mThis is a error message from thread 618-09-2026 00:29:33 [38;5;015m[INFO]: [0mThis is a info message from thread 118-09-2026 00:29:33 [38;5;117m[DEBUG]: [0mThis is a debug message from thread 2118-09-2026 00:29:33 [38;5;015m[INFO]: [0mThis is a info message from thread 1518-09-2026 00:29:33 [38;5;015m[INFO]: [0mThis is a info message from thread 2018-09-2026 00:29:33 [38;5;117m[DEBUG]: [0mThis is a debug message from thread 718-09-2026 00:29:33 [38;5;009m[ERROR]: [0mThis is a error message from thread 2018-09-2026 00:29:33 [38;5;015m[INFO]: [0mThis is a info message from thread 2118-09-2026 00:29:33 [38;5;009m[ERROR]: [0mThis is a error message from thread 2618-09-2026 00:29:33 [38;5;015m[INFO]: [0mThis is a info message from thread 318-09-2026 00:29:33 [38;5;015m[INFO]: [0mThis is a info message from thread 1818-09-2026 00:29:33 [38;5;009m[ERROR]: [0mThis is a error message from thread 918-09-2026 00:29:33 [38;5;009m[ERROR]: [0mThis is a error message from thread 818-09-2026 00:29:33 [38;5;009m[ERROR]: [0mThis is a error message from thread 1218-09-2026 00:29:33 [38;5;117m[DEBUG]: [0mThis is a debug message from thread 1118-09-2026 00:29:33 [38;5;117m[DEBUG]: [0mThis is a debug message from thread 2318-09-2026 00:29:33 [38;5;015m[INFO]: [0mThis is a info message from thread 1118-09-2026 00:29:33 [38;5;015m[INFO]: [0mThis is a info message from thread 418-09-2026 00:29:33 [38;5;117m[DEBUG]: [0mThis is a debug message from thread 818-09-2026 00:29:33 [38;5;009m[ERROR]: [0mThis is a error message from thread 1118-09-2026 00:29:33 [38;5;009m[ERROR]: [0mThis is a error message from thread 418-09-2026 00:29:33 [38;5;117m[DEBUG]: [0mThis is a debug message from thread 1118-09-2026 00:29:33 [38;5;117m[DEBUG]: [0mThis is a debug message from thread 2218-09-2026 00:29:33 [38;5;009m[ERROR]: [0mThis is a error message from thread 118-09-2026 00:29:33 [38;5;117m[DEBUG]: [0mThis is a debug message from thread 1218-09-2026 00:29:33 [38;5;015m[INFO]: [0mThis is a info message from thread 2218-09-2026 00:29:33 [38;5;015m[INFO]: [0mThis is a info message from thread 818-09-2026 00:29:33 [38;5;009m[ERROR]: [0mThis is a error message from thread 2218-09-2026 00:29:33 [38;5;117m[DEBUG]: [0mThis is a debug message from thread 2018-09-2026 00:29:33 [38;5;015m[INFO]: [0mThis is a info message from thread 2018-09-2026 00:29:33 [38;5;009m[ERROR]: [0mThis is a error message from thread 318-09-2026 00:29:33 [38;5;009m[ERROR]: [0mThis is a error message from thread 2118-09-2026 00:29:33 [38;5;015m[INFO]: [0mThis is a info message from thread 1418-09-2026 00:29:33 [38;5;009m[ERROR]: [0mThis is a error message from thread 1718-09-2026 00:29:33 [38;5;117m[DEBUG]: [0mThis is a debug message from thread 2218-09-2026 00:29:33 [38;5;015m[INFO]: [0mThis is a info message from thread 2418-09-2026 00:29:33 [38;5;015m[INFO]: [0mThis is a info message from thread 2818-09-2026 00:29:33 [38;5;117m[DEBUG]: [0mThis is a debug message from thread 2518-09-2026 00:29:33 [38;5;009m[ERROR]: [0mThis is a error message from thread 2718-09-2026 00:29:33 [38;5;009m[ERROR]: [0mThis is a error message from thread 2818-09-2026 00:29:33 [38;5;015m[INFO]: [0mThis is a info message from thread 1018-09-2026 00:29:33 [38;5;009m[ERROR]: [0mThis is a error message from thread 1018-09-2026 00:29:33 [38;5;117m[DEBUG]: [0mThis is a debug message from thread 1018-09-2026 00:29:33 [38;5;117m[DEBUG]: [0mThis is a debug message from thread 1618-09-2026 00:29:33 [38;5;015m[INFO]: [0mThis is a info message from thread 1018-09-2026 00:29:33 [38;5;117m[DEBUG]: [0mThis is a debug message from thread 2118-09-2026 00:29:33 [38;5;117m[DEBUG]: [0mThis is a debug message from thread 2718-09-2026 00:29:33 [38;5;117m[DEBUG]: [0mThis is a debug message from thread 2818-09-2026 00:29:33 [38;5;117m[DEBUG]: [0mThis is a debug message from thread 418-09-2026 00:29:33 [38;5;015m[INFO]: [0mThis is a info message from thread 2218-09-2026 00:29:33 [38;5;009m[ERROR]: [0mThis is a error message from thread 1018-09-2026 00:29:33 [38;5;117m[DEBUG]: [0mThis is a debug message from thread 618-09-2026 00:29:33 [38;5;009m[ERROR]: [0mThis is a error message from thread 2418-09-2026 00:29:33 [38;5;117m[DEBUG]: [0mThis is a debug message from thread 2618-09-2026 00:29:33 [38;5;117m[DEBUG]: [0mThis is a debug message from thread 918-09-2026 00:29:33 [38;5;117m[DEBUG]: [0mThis is a debug message from thread 318-09-2026 00:29:33 [38;5;015m[INFO]: [0mThis is a info message from thread 2918-09-2026 00:29:33 [38;5;009m[ERROR]: [0mThis is a error message from thread 1418-09-2026 00:29:33 [38;5;117m[DEBUG]: [0mThis is a debug message from thread 118-09-2026 00:29:33 [38;5;009m[ERROR]: [0mThis is a error message from thread 1918-09-2026 00:29:33 [38;5;009m[ERROR]: [0mThis is a error message from thread 218-09-2026 00:29:33 [38;5;009m[ERROR]: [0mThis is a error message from thread 2018-09-2026 00:29:33 [38;5;015m[INFO]: [0mThis is a info message from thread 2118-09-2026 00:29:33 [38;5;015m[INFO]: [0mThis is a info message from thread 2818-09-2026 00:29:33 [38;5;117m[DEBUG]: [0mThis is a debug message from thread 1318-09-2026 00:29:33 [38;5;015m[INFO]: [0mThis is a info message from thread 318-09-2026 00:29:33 [38;5;009m[ERROR]: [0mThis is a error message from thread 018-09-2026 00:29:33 [38;5;009m[ERROR]: [0mThis is a error message from thread 2218-09-2026 00:29:33 [38;5;015m[INFO]: [0mThis is a info message from thread 718-09-2026 00:29:33 [38;5;015m[INFO]: [0mThis is a info message from thread 2318-09-2026 00:29:33 [38;5;015m[INFO]: [0mThis is a info message from thread 618-09-2026 00:29:33 [38;5;015m[INFO]: [0mThis is a info message from thread 2618-09-2026 00:29:33 [38;5;117m[DEBUG]: [0mThis is a debug message from thread 2418-09-2026 00:29:33 [38;5;009m[ERROR]: [0mThis is a error message from thread 2318-09-2026 00:29:33 [38;5;009m[ERROR]: [0mThis is a error message from thread 1818-09-2026 00:29:33 [38;5;117m[DEBUG]: [0mThis is a debug message from thread 1918-09-2026 00:29:33 [38;5;009m[ERROR]: [0mThis is a error message from thread 718-09-2026 00:29:33 [38;5;015m[INFO]: [0mThis is a info message from thread 2718-09-2026 00:29:33 [38;5;015m[INFO]: [0mThis is a info message from thread 1918-09-2026 00:29:33 [38;5;117m[DEBUG]: [0mThis is a debug message from thread 1818-09-2026 00:29:33 [38;5;009m[ERROR]: [0mThis is a error message from thread 1518-09-2026 00:29:33 [38;5;117m[DEBUG]: [0mThis is a debug message from thread 1018-09-2026 00:29:33 [38;5;015m[INFO]: [0mThis is a info message from thread 1818-09-2026 00:29:33 [38;5;009m[ERROR]: [0mThis is a error message from thread 2718-09-2026 00:29:33 [38;5;009m[ERROR]: [0mThis is a error message from thread 1918-09-2026 00:29:33 [38;5;015m[INFO]: [0mThis is a info message from thread 1018-09-2026 00:29:33 [38;5;117m[DEBUG]: [0mThis is a debug message from thread 218-09-2026 00:29:33 [38;5;117m[DEBUG]: [0mThis is a debug message from thread 2018-09-2026 00:29:33 [38;5;015m[INFO]: [0mThis is a info message from thread 1218-09-2026 00:29:33 [38;5;117m[DEBUG]: [0mThis is a debug message from thread 018-09-2026 00:29:33 [38;5;015m[INFO]: [0mThis is a info message from thread 2518-09-2026 00:29:33 [38;5;015m[INFO]: [0mThis is a info message from thread 018-09-2026 00:29:33 [38;5;015m[INFO]: [0mThis is a info message from thread 1318-09-2026 00:29:33 [38;5;009m[ERROR]: [0mThis is a error message from thread 318-09-2026 00:29:33 [38;5;015m[INFO]: [0mThis is a info message from thread 2018-09-2026 00:29:33 [38;5;009m[ERROR]: [0mThis is a error message from thread 1218-09-2026 00:29:33 [38;5;009m[ERROR]: [0mThis is a error message from thread 2918-09-2026 00:29:33 [38;5;117m[DEBUG]: [0mThis is a debug message from thread 2718-09-2026 00:29:33 [38;5;015m[INFO]: [0mThis is a info message from thread 1118-09-2026 00:29:33 [38;5;117m[DEBUG]: [0mThis is a debug message from thread 2918-09-2026 00:29:33 [38;5;009m[ERROR]: [0mThis is a error message from thread 2018-09-2026 00:29:33 [38;5;009m[ERROR]: [0mThis is a error message from thread 818-09-2026 00:29:33 [38;5;117m[DEBUG]: [0mThis is a debug message from thread 1918-09-2026 00:29:33 [38;5;009m[ERROR]: [0mThis is a error message from thread 2518-09-2026 00:29:33 [38;5;009m[ERROR]: [0mThis is a error message from thread 2118-09-2026 00:29:33 [38;5;117m[DEBUG]: [0mThis is a debug message from thread 1518-09-2026 00:29:33 [38;5;015m[INFO]: [0mThis is a info message from thread 118-09-2026 00:29:33 [38;5;117m[DEBUG]: [0mThis is a debug message from thread 318-09-2026 00:29:33 [38;5;009m[ERROR]: [0mThis is a error message from thread 1118-09-2026 00:29:33 [38;5;015m[INFO]: [0mThis is a info message from thread 2418-09-2026 00:29:33 [38;5;117m[DEBUG]: [0mThis is a debug message from thread 518-09-2026 00:29:33 [38;5;117m[DEBUG]: [0mThis is a debug message from thread 1418-09-2026 00:29:33 [38;5;117m[DEBUG]: [0mThis is a debug message from thread 2018-09-2026 00:29:33 [38;5;015m[INFO]: [0mThis is a info message from thread 2718-09-2026 00:29:33 [38;5;117m[DEBUG]: [0mThis is a debug message from thread 1218-09-2026 00:29:33 [38;5;015m[INFO]: [0mThis is a info message from thread 1218-09-2026 00:29:33 [38;5;009m[ERROR]: [0mThis is a error message from thread 618-09-2026 00:29:33 [38;5;117m[DEBUG]: [0mThis is a debug message from thread 2318-09-2026 00:29:33 [38;5;015m[INFO]: [0mThis is a info message from thread 418-09-2026 00:29:33 [38;5;009m[ERROR]: [0mThis is a error message from thread 2618-09-2026 00:29:33 [38;5;117m[DEBUG]: [0mThis is a debug message from thread 818-09-2026 00:29:33 [38;5;117m[DEBUG]: [0mThis is a debug message from thread 2518-09-2026 00:29:33 [38;5;117m[DEBUG]: [0mThis is a debug message from thread 1718-09-2026 00:29:33 [38;5;015m[INFO]: [0mThis is a info message from thread 1518-09-2026 00:29:33 [38;5;015m[INFO]: [0mThis is a info message from thread 2018-09-2026 00:29:33 [38;5;015m[INFO]: [0mThis is a info message from thread 2318-09-2026 00:29:33 [38;5;117m[DEBUG]: [0mThis is a debug message from thread 2218-09-2026 00:29:33 [38;5;015m[INFO]: [0mThis is a info message from thread 2218-09-2026 00:29:33 [38;5;009m[ERROR]: [0mThis is a error message from thread 2218-09-2026 00:29:33 [38;5;117m[DEBUG]: [0mThis is a debug message from thread 2618-09-2026 00:29:33 [38;5;015m[INFO]: [0mThis is a info message from thread 2518-09-2026 00:29:33 [38;5;117m[DEBUG]: [0mThis is a debug message from thread 2218-09-2026 00:29:33 [38;5;015m[INFO]: [0mThis is a info message from thread 2618-09-2026 00:29:33 [38;5;015m[INFO]: [0mThis is a info message from thread 518-09-2026 00:29:33 [38;5;015m[INFO]: [0mThis is a info message from thread 1418-09-2026 00:29:33 [38;5;009m[ERROR]: [0mThis is a error message from thread 2818-09-2026 00:29:33 [38;5;009m[ERROR]: [0mThis is a error message from thread 1318-09-2026 00:29:33 [38;5;015m[INFO]: [0mThis is a info message from thread 1918-09-2026 00:29:33 [38;5;015m[INFO]: [0mThis is a info message from thread 318-09-2026 00:29:33 [38;5;009m[ERROR]: [0mThis is a error message from thread 118-09-2026 00:29:33 [38;5;009m[ERROR]: [0mThis is a error message from thread 1518-09-2026 00:29:33 [38;5;009m[ERROR]: [0mThis is a error message from thread 2618-09-2026 00:29:33 [38;5;009m[ERROR]: [0mThis is a error message from thread 518-09-2026 00:29:33 [38;5;009m[ERROR]: [0mThis is a error message from thread 1418-09-2026 00:29:33 [38;5;009m[ERROR]: [0mThis is a error message from thread 2518-09-2026 00:29:33 [38;5;009m[ERROR]: [0mThis is a error message from thread 2718-09-2026 00:29:33 [38;5;009m[ERROR]: [0mThis is a error message from thread 318-09-2026 00:29:33 [38;5;117m[DEBUG]: [0mThis is a debug message from thread 2518-09-2026 00:29:33 [38;5;117m[DEBUG]: [0mThis is a debug message from thread 1518-09-2026 00:29:33 [38;5;009m[ERROR]: [0mThis is a error message from thread 2318-09-2026 00:29:33 [38;5;117m[DEBUG]: [0mThis is a debug message from thread 718-09-2026 00:29:33 [38;5;117m[DEBUG]: [0mThis is a debug message from thread 118-09-2026 00:29:33 [38;5;009m[ERROR]: [0mThis is a error message from thread 1918-09-2026 00:29:33 [38;5;117m[DEBUG]: [0mThis is a debug message from thread 2318-09-2026 00:29:33 [38;5;009m[ERROR]: [0mThis is a error message from thread 1218-09-2026 00:29:33 [38;5;015m[INFO]: [0mThis is a info message from thread 2218-09-2026 00:29:33 [38;5;009m[ERROR]: [0mThis is a error message from thread 1018-09-2026 00:29:33 [38;5;117m[DEBUG]: [0mThis is a debug message from thread 318-09-2026 00:29:33 [38;5;015m[INFO]: [0mThis is a info message from thread 818-09-2026 00:29:33 [38;5;117m[DEBUG]: [0mThis is a debug message from thread 1018-09-2026 00:29:33 [38;5;015m[INFO]: [0mThis is a info message from thread 118-09-2026 00:29:33 [38;5;015m[INFO]: [0mThis is a info message from thread 218-09-2026 00:29:33 [38;5;015m[INFO]: [0mThis is a info message from thread 1518-09-2026 00:29:33 [38;5;009m[ERROR]: [0mThis is a error message from thread 2218-09-2026 00:29:33 [38;5;117m[DEBUG]: [0mThis is a debug message from thread 1218-09-2026 00:29:33 [38;5;015m[INFO]: [0mThis is a info message from thread 2318-09-2026 00:29:33 [38;5;117m[DEBUG]: [0mThis is a debug message from thread 2818-09-2026 00:29:33 [38;5;009m[ERROR]: [0mThis is a error message from thread 218-09-2026 00:29:33 [38;5;117m[DEBUG]: [0mThis is a debug message from thread 2718-09-2026 00:29:33 [38;5;117m[DEBUG]: [0mThis is a debug message from thread 1418-09-2026 00:29:33 [38;5;009m[ERROR]: [0mThis is a error message from thread 1818-09-2026 00:29:33 [38;5;015m[INFO]: [0mThis is a info message from thread 1018-09-2026 00:29:33 [38;5;117m[DEBUG]: [0mThis is a debug message from thread 1818-09-2026 00:29:33 [38;5;117m[DEBUG]: [0mThis is a debug message from thread 218-09-2026 00:29:33 [38;5;015m[INFO]: [0mThis is a info message from thread 1218-09-2026 00:29:33 [38;5;009m[ERROR]: [0mThis is a error message from thread 1518-09-2026 00:29:33 [38;5;117m[DEBUG]: [0mThis is a debug message from thread 2218-09-2026 00:29:33 [38;5;009m[ERROR]: [0mThis is a error message from thread 2318-09-2026 00:29:33 [38;5;015m[INFO]: [0mThis is a info message from thread 918-09-2026 00:29:33 [38;5;015m[INFO]: [0mThis is a info message from thread 2918-09-2026 00:29:33 [38;5;009m[ERROR]: [0mThis is a error message from thread 1218-09-2026 00:29:33 [38;5;015m[INFO]: [0mThis is a info message from thread 2218-09-2026 00:29:33 [38;5;009m[ERROR]: [0mThis is a error message from thread 918-09-2026 00:29:33 [38;5;009m[ERROR]: [0mThis is a error message from thread 2218-09-2026 00:29:33 [38;5;117m[DEBUG]: [0mThis is a debug message from thread 2218-09-2026 00:29:33 [38;5;117m[DEBUG]: [0mThis is a debug message from thread 1218-09-2026 00:29:33 [38;5;117m[DEBUG]: [0mThis is a debug message from thread 2618-09-2026 00:29:33 [38;5;009m[ERROR]: [0mThis is a error message from thread 118-09-2026 00:29:33 [38;5;117m[DEBUG]: [0mThis is a debug message from thread 2318-09-2026 00:29:33 [38;5;015m[INFO]: [0mThis is a info message from thread 1618-09-2026 00:29:33 [38;5;009m[ERROR]: [0mThis is a error message from thread 2018-09-2026 00:29:33 [38;5;117m[DEBUG]: [0mThis is a debug message from thread 1918-09-2026 00:29:33 [38;5;117m[DEBUG]: [0mThis is a debug message from thread 2018-09-2026 00:29:33 [38;5;015m[INFO]: [0mThis is a info message from thread 718-09-2026 00:29:33 [38;5;015m[INFO]: [0mThis is a info message from thread 2618-09-2026 00:29:33 [38;5;117m[DEBUG]: [0mThis is a debug message from thread 118-09-2026 00:29:33 [38;5;009m[ERROR]: [0mThis is a error message from thread 2618-09-2026 00:29:33 [38;5;015m[INFO]: [0mThis is a info message from thread 2018-09-2026 00:29:33 [38;5;117m[DEBUG]: [0mThis is a debug message from thread 2618-09-2026 00:29:33 [38;5;015m[INFO]: [0mThis is a info message from thread 2618-09-2026 00:29:33 [38;5;009m[ERROR]: [0mThis is a error message from thread 718-09-2026 00:29:33 [38;5;009m[ERROR]: [0mThis is a error message from thread 1618-09-2026 00:29:33 [38;5;117m[DEBUG]: [0mThis is a debug message from thread 718-09-2026 00:29:33 [38;5;015m[INFO]: [0mThis is a info message from thread 2718-09-2026 00:29:33 [38;5;009m[ERROR]: [0mThis is a error message from thread 418-09-2026 00:29:33 [38;5;015m[INFO]: [0mThis is a info message from thread 1418-09-2026 00:29:33 [38;5;015m[INFO]: [0mThis is a info message from thread 218-09-2026 00:29:33 [38;5;117m[DEBUG]: [0mThis is a debug message from thread 618-09-2026 00:29:33 [38;5;009m[ERROR]: [0mThis is a error message from thread 2918-09-2026 00:29:33 [38;5;117m[DEBUG]: [0mThis is a debug message from thread 918-09-2026 00:29:33 [38;5;015m[INFO]: [0mThis is a info message from thread 1718-09-2026 00:29:33 [38;5;117m[DEBUG]: [0mThis is a debug message from thread 518-09-2026 00:29:33 [38;5;015m[INFO]: [0mThis is a info message from thread 718-09-2026 00:29:33 [38;5;015m[INFO]: [0mThis is a info message from thread 118-09-2026 00:29:33 [38;5;009m[ERROR]: [0mThis is a error message from thread 218-09-2026 00:29:33 [38;5;015m[INFO]: [0mThis is a info message from thread 2318-09-2026 00:29:33 [38;5;009m[ERROR]: [0mThis is a error message from thread 2418-09-2026 00:29:33 [38;5;015m[INFO]: [0mThis is a info message from thread 2518-09-2026 00:29:33 [38;5;009m[ERROR]: [0mThis is a error message from thread 018-09-2026 00:29:33 [38;5;015m[INFO]: [0mThis is a info message from thread 1218-09-2026 00:29:33 [38;5;117m[DEBUG]: [0mThis is a debug message from thread 1318-09-2026 00:29:33 [38;5;009m[ERROR]: [0mThis is a error message from thread 1718-09-2026 00:29:33 [38;5;015m[INFO]: [0mThis is a info message from thread 1918-09-2026 00:29:33 [38;5;117m[DEBUG]: [0mThis is a debug message from thread 1518-09-2026 00:29:33 [38;5;015m[INFO]: [0mThis is a info message from thread 318-09-2026 00:29:33 [38;5;009m[ERROR]: [0mThis is a error message from thread 2318-09-2026 00:29:33 [38;5;117m[DEBUG]: [0mThis is a debug message from thread 1618-09-2026 00:29:33 [38;5;009m[ERROR]: [0mThis is a error message from thread 1418-09-2026 00:29:33 [38;5;117m[DEBUG]: [0mThis is a debug message from thread 2918-09-2026 00:29:33 [38;5;117m[DEBUG]: [0mThis is a debug message from thread 1718-09-2026 00:29:33 [38;5;009m[ERROR]: [0mThis is a error message from thread 318-09-2026 00:29:33 [38;5;009m[ERROR]: [0mThis is a error message from thread 818-09-2026 00:29:33 [38;5;015m[INFO]: [0mThis is a info message from thread 1618-09-2026 00:29:33 [38;5;009m[ERROR]: [0mThis is a error message from thread 1918-09-2026 00:29:33 [38;5;117m[DEBUG]: [0mThis is a debug message from thread 2418-09-2026 00:29:33 [38;5;117m[DEBUG]: [0mThis is a debug message from thread 2318-09-2026 00:29:33 [38;5;117m[DEBUG]: [0mThis is a debug message from thread 818-09-2026 00:29:33 [38;5;015m[INFO]: [0mThis is a info message from thread 1518-09-2026 00:29:33 [38;5;117m[DEBUG]: [0mThis is a debug message from thread 318-09-2026 00:29:33 [38;5;015m[INFO]: [0mThis is a info message from thread 2418-09-2026 00:29:33 [38;5;015m[INFO]: [0mThis is a info message from thread 618-09-2026 00:29:33 [38;5;117m[DEBUG]: [0mThis is a debug message from thread 218-09-2026 00:29:33 [38;5;009m[ERROR]: [0mThis is a error message from thread 1518-09-2026 00:29:33 [38;5;117m[DEBUG]: [0mThis is a debug message from thread 1118-09-2026 00:29:33 [38;5;009m[ERROR]: [0mThis is a error message from thread 118-09-2026 00:29:33 [38;5;117m[DEBUG]: [0mThis is a debug message from thread 1918-09-2026 00:29:33 [38;5;015m[INFO]: [0mThis is a info message from thread 1818-09-2026 00:29:33 [38;5;009m[ERROR]: [0mThis is a error message from thread 718-09-2026 00:29:33 [38;5;015m[INFO]: [0mThis is a info message from thread 2318-09-2026 00:29:33 [38;5;009m[ERROR]: [0mThis is a error message from thread 1618-09-2026 00:29:33 [38;5;117m[DEBUG]: [0mThis is a debug message from thread 418-09-2026 00:29:33 [38;5;015m[INFO]: [0mThis is a info message from thread 2918-09-2026 00:29:33 [38;5;117m[DEBUG]: [0mThis is a debug message from thread 118-09-2026 00:29:33 [38;5;009m[ERROR]: [0mThis is a error message from thread 2318-09-2026 00:29:33 [38;5;015m[INFO]: [0mThis is a info message from thread 318-09-2026 00:29:33 [38;5;009m[ERROR]: [0mThis is a error message from thread 2018-09-2026 00:29:33 [38;5;117m[DEBUG]: [0mThis is a debug message from thread 1518-09-2026 00:29:33 [38;5;015m[INFO]: [0mThis is a info message from thread 418-09-2026 00:29:33 [38;5;117m[DEBUG]: [0mThis is a debug message from thread 2018-09-2026 00:29:33 [38;5;117m[DEBUG]: [0mThis is a debug message from thread 2318-09-2026 00:29:33 [38;5;015m[INFO]: [0mThis is a info message from thread 518-09-2026 00:29:33 [38;5;117m[DEBUG]: [0mThis is a debug message from thread 718-09-2026 00:29:33 [38;5;015m[INFO]: [0mThis is a info message from thread 2318-09-2026 00:29:33 [38;5;009m[ERROR]: [0mThis is a error message from thread 518-09-2026 00:29:33 [38;5;015m[INFO]: [0mThis is a info message from thread 718-09-2026 00:29:33 [38;5;117m[DEBUG]: [0mThis is a debug message from thread 518-09-2026 00:29:33 [38;5;015m[INFO]: [0mThis is a info message from thread 1118-09-2026 00:29:33 [38;5;009m[ERROR]: [0mThis is a error message from thread 718-09-2026 00:29:33 [38;5;009m[ERROR]: [0mThis is a error message from thread 2618-09-2026 00:29:33 [38;5;015m[INFO]: [0mThis is a info message from thread 518-09-2026 00:29:33 [38;5;117m[DEBUG]: [0mThis is a debug message from thread 2618-09-2026 00:29:33 [38;5;009m[ERROR]: [0mThis is a error message from thread 1018-09-2026 00:29:33 [38;5;009m[ERROR]: [0mThis is a error message from thread 2318-09-2026 00:29:33 [38;5;117m[DEBUG]: [0mThis is a debug message from thread 718-09-2026 00:29:33 [38;5;117m[DEBUG]: [0mThis is a debug message from thread 2318-09-2026 00:29:33 [38;5;117m[DEBUG]: [0mThis is a debug message from thread 1018-09-2026 00:29:33 [38;5;015m[INFO]: [0mThis is a info message from thread 2618-09-2026 00:29:33 [38;5;015m[INFO]: [0mThis is a info message from thread 718-09-2026 00:29:33 [38;5;009m[ERROR]: [0mThis is a error message from thread 718-09-2026 00:29:33 [38;5;009m[ERROR]: [0mThis is a error message from thread 2918-09-2026 00:29:33 [38;5;015m[INFO]: [0mThis is a info message from thread 2318-09-2026 00:29:33 [38;5;015m[INFO]: [0mThis is a info message from thread 1718-09-2026 00:29:33 [38;5;015m[INFO]: [0mThis is a info message from thread 1018-09-2026 00:29:33 [38;5;117m[DEBUG]: [0mThis is a debug message from thread 718-09-2026 00:29:33 [38;5;117m[DEBUG]: [0mThis is a debug message from thread 2918-09-2026 00:29:33 [38;5;015m[INFO]: [0mThis is a info message from thread 2918-09-2026 00:29:33 [38;5;009m[ERROR]: [0mThis is a error message from thread 2318-09-2026 00:29:33 [38;5;009m[ERROR]: [0mThis is a error message from thread 1718-09-2026 00:29:33 [38;5;015m[INFO]: [0mThis is a info message from thread 2818-09-2026 00:29:33 [38;5;009m[ERROR]: [0mThis is a error message from thread 2918-09-2026 00:29:33 [38;5;117m[DEBUG]: [0mThis is a debug message from thread 018-09-2026 00:29:33 [38;5;117m[DEBUG]: [0mThis is a debug message from thread 1418-09-2026 00:29:33 [38;5;117m[DEBUG]: [0mThis is a debug message from thread 1718-09-2026 00:29:33 [38;5;015m[INFO]: [0mThis is a info message from thread 218-09-2026 00:29:33 [38;5;009m[ERROR]: [0mThis is a error message from thread 1018-09-2026 00:29:33 [38;5;117m[DEBUG]: [0mThis is a debug message from thread 2318-09-2026 00:29:33 [38;5;009m[ERROR]: [0mThis is a error message from thread 418-09-2026 00:29:33 [38;5;015m[INFO]: [0mThis is a info message from thread 1418-09-2026 00:29:33 [38;5;015m[INFO]: [0mThis is a info message from thread 018-09-2026 00:29:33 [38;5;015m[INFO]: [0mThis is a info message from thread 1318-09-2026 00:29:33 [38;5;009m[ERROR]: [0mThis is a error message from thread 2518-09-2026 00:29:33 [38;5;117m[DEBUG]: [0mThis is a debug message from thread 1618-09-2026 00:29:33 [38;5;117m[DEBUG]: [0mThis is a debug message from thread 2118-09-2026 00:29:33 [38;5;009m[ERROR]: [0mThis is a error message from thread 218-09-2026 00:29:33 [38;5;117m[DEBUG]: [0mThis is a debug message from thread 2918-09-2026 00:29:33 [38;5;015m[INFO]: [0mThis is a info message from thread 1918-09-2026 00:29:33 [38;5;015m[INFO]: [0mThis is a info message from thread 1618-09-2026 00:29:33 [38;5;009m[ERROR]: [0mThis is a error message from thread 1818-09-2026 00:29:33 [38;5;117m[DEBUG]: [0mThis is a debug message from thread 218-09-2026 00:29:33 [38;5;015m[INFO]: [0mThis is a info message from thread 818-09-2026 00:29:33 [38;5;009m[ERROR]: [0mThis is a error message from thread 618-09-2026 00:29:33 [38;5;117m[DEBUG]: [0mThis is a debug message from thread 418-09-2026 00:29:33 [38;5;009m[ERROR]: [0mThis is a error message from thread 518-09-2026 00:29:33 [38;5;015m[INFO]: [0mThis is a info message from thread 918-09-2026 00:29:33 [38;5;015m[INFO]: [0mThis is a info message from thread 418-09-2026 00:29:33 [38;5;015m[INFO]: [0mThis is a info message from thread 118-09-2026 00:29:33 [38;5;015m[INFO]: [0mThis is a info message from thread 1518-09-2026 00:29:33 [38;5;009m[ERROR]: [0mThis is a error message from thread 1918-09-2026 00:29:33 [38;5;015m[INFO]: [0mThis is a info message from thread 2318-09-2026 00:29:33 [38;5;117m[DEBUG]: [0mThis is a debug message from thread 1818-09-2026 00:29:33 [38;5;015m[INFO]: [0mThis is a info message from thread 718-09-2026 00:29:33 [38;5;009m[ERROR]: [0mThis is a error message from thread 2618-09-2026 00:29:33 [38;5;015m[INFO]: [0mThis is a info message from thread 218-09-2026 00:29:33 [38;5;117m[DEBUG]: [0mThis is a debug message from thread 2518-09-2026 00:29:33 [38;5;015m[INFO]: [0mThis is a info message from thread 2218-09-2026 00:29:33 [38;5;117m[DEBUG]: [0mThis is a debug message from thread 1018-09-2026 00:29:33 [38;5;117m[DEBUG]: [0mThis is a debug message from thread 618-09-2026 00:29:33 [38;5;009m[ERROR]: [0mThis is a error message from thread 718-09-2026 00:29:33 [38;5;009m[ERROR]: [0mThis is a error message from thread 2818-09-2026 00:29:33 [38;5;015m[INFO]: [0mThis is a info message from thread 1818-09-2026 00:29:33 [38;5;009m[ERROR]: [0mThis is a error message from thread 2318-09-2026 00:29:33 [38;5;009m[ERROR]: [0mThis is a error message from thread 318-09-2026 00:29:33 [38;5;015m[INFO]: [0mThis is a info message from thread 2118-09-2026 00:29:33 [38;5;009m[ERROR]: [0mThis is a error message from thread 1118-09-2026 00:29:33 [38;5;009m[ERROR]: [0mThis is a error message from thread 1218-09-2026 00:29:33 [38;5;009m[ERROR]: [0mThis is a error message from thread 1418-09-2026 00:29:33 [38;5;009m[ERROR]: [0mThis is a error message from thread 1518-09-2026 00:29:33 [38;5;015m[INFO]: [0mThis is a info message from thread 2018-09-2026 00:29:33 [38;5;117m[DEBUG]: [0mThis is a debug message from thread 518-09-2026 00:29:33 [38;5;117m[DEBUG]: [0mThis is a debug message from thread 1918-09-2026 00:29:33 [38;5;009m[ERROR]: [0mThis is a error message from thread 818-09-2026 00:29:33 [38;5;009m[ERROR]: [0mThis is a error message from thread 218-09-2026 00:29:33 [38;5;015m[INFO]: [0mThis is a info message from thread 2518-09-2026 00:29:33 [38;5;117m[DEBUG]: [0mThis is a debug message from thread 718-09-2026 00:29:33 [38;5;117m[DEBUG]: [0mThis is a debug message from thread 2318-09-2026 00:29:33 [38;5;009m[ERROR]: [0mThis is a error message from thread 418-09-2026 00:29:33 [38;5;009m[ERROR]: [0mThis is a error message from thread 2118-09-2026 00:29:33 [38;5;009m[ERROR]: [0mThis is a error message from thread 2418-09-2026 00:29:33 [38;5;117m[DEBUG]: [0mThis is a debug message from thread 318-09-2026 00:29:33 [38;5;015m[INFO]: [0mThis is a info message from thread 1918-09-2026 00:29:33 [38;5;117m[DEBUG]: [0mThis is a debug message from thread 1118-09-2026 00:29:33 [38;5;117m[DEBUG]: [0mThis is a debug message from thread 1418-09-2026 00:29:33 [38;5;117m[DEBUG]: [0mThis is a debug message from thread 418-09-2026 00:29:33 [38;5;117m[DEBUG]: [0mThis is a debug message from thread 2418-09-2026 00:29:33 [38;5;009m[ERROR]: [0mThis is a error message from thread 1618-09-2026 00:29:33 [38;5;015m[INFO]: [0mThis is a info message from thread 1118-09-2026 00:29:33 [38;5;009m[ERROR]: [0mThis is a error message from thread 018-09-2026 00:29:33 [38;5;117m[DEBUG]: [0mThis is a debug message from thread 1218-09-2026 00:29:33 [38;5;015m[INFO]: [0mThis is a info message from thread 318-09-2026 00:29:33 [38;5;009m[ERROR]: [0mThis is a error message from thread 2718-09-2026 00:29:33 [38;5;009m[ERROR]: [0mThis is a error message from thread 2018-09-2026 00:29:33 [38;5;015m[INFO]: [0mThis is a info message from thread 1218-09-2026 00:29:33 [38;5;009m[ERROR]: [0mThis is a error message from thread 318-09-2026 00:29:33 [38;5;117m[DEBUG]: [0mThis is a debug message from thread 2618-09-2026 00:29:33 [38;5;117m[DEBUG]: [0mThis is a debug message from thread 318-09-2026 00:29:33 [38;5;015m[INFO]: [0mThis is a info message from thread 2418-09-2026 00:29:33 [38;5;117m[DEBUG]: [0mThis is a debug message from thread 1618-09-2026 00:29:33 [38;5;009m[ERROR]: [0mThis is a error message from thread 1318-09-2026 00:29:33 [38;5;117m[DEBUG]: [0mThis is a debug message from thread 2018-09-2026 00:29:33 [38;5;117m[DEBUG]: [0mThis is a debug message from thread 818-09-2026 00:29:33 [38;5;117m[DEBUG]: [0mThis is a debug message from thread 218-09-2026 00:29:33 [38;5;015m[INFO]: [0mThis is a info message from thread 2618-09-2026 00:29:33 [38;5;015m[INFO]: [0mThis is a info message from thread 1718-09-2026 00:29:33 [38;5;009m[ERROR]: [0mThis is a error message from thread 2218-09-2026 00:29:33 [38;5;015m[INFO]: [0mThis is a info message from thread 2018-09-2026 00:29:33 [38;5;015m[INFO]: [0mThis is a info message from thread 1418-09-2026 00:29:33 [38;5;009m[ERROR]: [0mThis is a error message from thread 2518-09-2026 00:29:33 [38;5;015m[INFO]: [0mThis is a info message from thread 1618-09-2026 00:29:33 [38;5;117m[DEBUG]: [0mThis is a debug message from thread 018-09-2026 00:29:33 [38;5;009m[ERROR]: [0mThis is a error message from thread 2018-09-2026 00:29:33 [38;5;117m[DEBUG]: [0mThis is a debug message from thread 2218-09-2026 00:29:33 [38;5;015m[INFO]: [0mThis is a info message from thread 518-09-2026 00:29:33 [38;5;015m[INFO]: [0mThis is a info message from thread 218-09-2026 00:29:33 [38;5;015m[INFO]: [0mThis is a info message from thread 2918-09-2026 00:29:33 [38;5;117m[DEBUG]: [0mThis is a debug message from thread 2518-09-2026 00:29:33 [38;5;009m[ERROR]: [0mThis is a error message from thread 1918-09-2026 00:29:33 [38;5;117m[DEBUG]: [0mThis is a debug message from thread 2118-09-2026 00:29:33 [38;5;015m[INFO]: [0mThis is a info message from thread 018-09-2026 00:29:33 [38;5;015m[INFO]: [0mThis is a info message from thread 1018-09-2026 00:29:33 [38;5;009m[ERROR]: [0mThis is a error message from thread 218-09-2026 00:29:33 [38;5;117m[DEBUG]: [0mThis is a debug message from thread 1918-09-2026 00:29:33 [38;5;015m[INFO]: [0mThis is a info message from thread 418-09-2026 00:29:33 [38;5;117m[DEBUG]: [0mThis is a debug message from thread 2718-09-2026 00:29:33 [38;5;015m[INFO]: [0mThis is a info message from thread 2518-09-2026 00:29:33 [38;5;015m[INFO]: [0mThis is a info message from thread 2218-09-2026 00:29:33 [38;5;009m[ERROR]: [0mThis is a error message from thread 1018-09-2026 00:29:33 [38;5;009m[ERROR]: [0mThis is a error message from thread 018-09-2026 00:29:33 [38;5;117m[DEBUG]: [0mThis is a debug message from thread 2018-09-2026 00:29:33 [38;5;015m[INFO]: [0mThis is a info message from thread 818-09-2026 00:29:33 [38;5;015m[INFO]: [0mThis is a info message from thread 318-09-2026 00:29:33 [38;5;117m[DEBUG]: [0mThis is a debug message from thread 1518-09-2026 00:29:33 [38;5;117m[DEBUG]: [0mThis is a debug message from thread 018-09-2026 00:29:33 [38;5;015m[INFO]: [0mThis is a info message from thread 2718-09-2026 00:29:33 [38;5;117m[DEBUG]: [0mThis is a debug message from thread 218-09-2026 00:29:33 [38;5;009m[ERROR]: [0mThis is a error message from thread 818-09-2026 00:29:33 [38;5;117m[DEBUG]: [0mThis is a debug message from thread 2818-09-2026 00:29:33 [38;5;009m[ERROR]: [0mThis is a error message from thread 1418-09-2026 00:29:33 [38;5;009m[ERROR]: [0mThis is a error message from thread 1118-09-2026 00:29:33 [38;5;009m[ERROR]: [0mThis is a error message from thread 518-09-2026 00:29:33 [38;5;015m[INFO]: [0mThis is a info message from thread 1518-09-2026 00:29:33 [38;5;117m[DEBUG]: [0mThis is a debug message from thread 518-09-2026 00:29:33 [38;5;117m[DEBUG]: [0mThis is a debug message from thread 1418-09-2026 00:29:33 [38;5;009m[ERROR]: [0mThis is a error message from thread 2518-09-2026 00:29:33 [38;5;009m[ERROR]: [0mThis is a error message from thread 2718-09-2026 00:29:33 [38;5;009m[ERROR]: [0mThis is a error message from thread 2418-09-2026 00:29:33 [38;5;009m[ERROR]: [0mThis is a error message from thread 1518-09-2026 00:29:33 [38;5;015m[INFO]: [0mThis is a info message from thread 218-09-2026 00:29:33 [38;5;117m[DEBUG]: [0mThis is a debug message from thread 1018-09-2026 00:29:33 [38;5;117m[DEBUG]: [0mThis is a debug message from thread 2418-09-2026 00:29:33 [38;5;015m[INFO]: [0mThis is a info message from thread 618-09-2026 00:29:33 [38;5;009m[ERROR]: [0mThis is a error message from thread 1618-09-2026 00:29:33 [38;5;015m[INFO]: [0mThis is a info message from thread 018-09-2026 00:29:33 [38;5;117m[DEBUG]: [0mThis is a debug message from thread 1118-09-2026 00:29:33 [38;5;009m[ERROR]: [0mThis is a error message from thread 2218-09-2026 00:29:33 [38;5;009m[ERROR]: [0mThis is a error message from thread 618-09-2026 00:29:33 [38;5;117m[DEBUG]: [0mThis is a debug message from thread 2518-09-2026 00:29:33 [38;5;015m[INFO]: [0mThis is a info message from thread 2118-09-2026 00:29:33 [38;5;009m[ERROR]: [0mThis is a error message from thread 018-09-2026 00:29:33 [38;5;015m[INFO]: [0mThis is a info message from thread 718-09-2026 00:29:33 [38;5;009m[ERROR]: [0mThis is a error message from thread 2118-09-2026 00:29:33 [38;5;117m[DEBUG]: [0mThis is a debug message from thread 618-09-2026 00:29:33 [38;5;117m[DEBUG]: [0mThis is a debug message from thread 818-09-2026 00:29:33 [38;5;117m[DEBUG]: [0mThis is a debug message from thread 2218-09-2026 00:29:33 [38;5;009m[ERROR]: [0mThis is a error message from thread 918-09-2026 00:29:33 [38;5;009m[ERROR]: [0mThis is a error message from thread 118-09-2026 00:29:33 [38;5;009m[ERROR]: [0mThis is a error message from thread 218-09-2026 00:29:33 [38;5;009m[ERROR]: [0mThis is a error message from thread 318-09-2026 00:29:33 [38;5;015m[INFO]: [0mThis is a info message from thread 518-09-2026 00:29:33 [38;5;009m[ERROR]: [0mThis is a error message from thread 2918-09-2026 00:29:33 [38;5;117m[DEBUG]: [0mThis is a debug message from thread 2118-09-2026 00:29:33 [38;5;117m[DEBUG]: [0mThis is a debug message from thread 1518-09-2026 00:29:33 [38;5;117m[DEBUG]: [0mThis is a debug message from thread 2718-09-2026 00:29:33 [38;5;117m[DEBUG]: [0mThis is a debug message from thread 218-09-2026 00:29:33 [38;5;015m[INFO]: [0mThis is a info message from thread 818-09-2026 00:29:33 [38;5;117m[DEBUG]: [0mThis is a debug message from thread 118-09-2026 00:29:33 [38;5;015m[INFO]: [0mThis is a info message from thread 2518-09-2026 00:29:33 [38;5;015m[INFO]: [0mThis is a info message from thread 1118-09-2026 00:29:33 [38;5;117m[DEBUG]: [0mThis is a debug message from thread 318-09-2026 00:29:33 [38;5;015m[INFO]: [0mThis is a info message from thread 2718-09-2026 00:29:33 [38;5;009m[ERROR]: [0mThis is a error message from thread 2618-09-2026 00:29:33 [38;5;009m[ERROR]: [0mThis is a error message from thread 418-09-2026 00:29:33 [38;5;015m[INFO]: [0mThis is a info message from thread 218-09-2026 00:29:33 [38;5;117m[DEBUG]: [0mThis is a debug message from thread 1318-09-2026 00:29:33 [38;5;015m[INFO]: [0mThis is a info message from thread 118-09-2026 00:29:33 [38;5;009m[ERROR]: [0mThis is a error message from thread 1118-09-2026 00:29:33 [38;5;009m[ERROR]: [0mThis is a error message from thread 718-09-2026 00:29:33 [38;5;015m[INFO]: [0mThis is a info message from thread 2318-09-2026 00:29:33 [38;5;117m[DEBUG]: [0mThis is a debug message from thread 718-09-2026 00:29:33 [38;5;117m[DEBUG]: [0mThis is a debug message from thread 1118-09-2026 00:29:33 [38;5;009m[ERROR]: [0mThis is a error message from thread 218-09-2026 00:29:33 [38;5;009m[ERROR]: [0mThis is a error message from thread 1718-09-2026 00:29:33 [38;5;015m[INFO]: [0mThis is a info message from thread 1418-09-2026 00:29:33 [38;5;015m[INFO]: [0mThis is a info message from thread 1118-09-2026 00:29:33 [38;5;015m[INFO]: [0mThis is a info message from thread 318-09-2026 00:29:33 [38;5;015m[INFO]: [0mThis is a info message from thread 2218-09-2026 00:29:33 [38;5;015m[INFO]: [0mThis is a info message from thread 1018-09-2026 00:29:33 [38;5;117m[DEBUG]: [0mThis is a debug message from thread 2918-09-2026 00:29:33 [38;5;009m[ERROR]: [0mThis is a error message from thread 2218-09-2026 00:29:33 [38;5;117m[DEBUG]: [0mThis is a debug message from thread 1718-09-2026 00:29:33 [38;5;015m[INFO]: [0mThis is a info message from thread 1518-09-2026 00:29:33 [38;5;015m[INFO]: [0mThis is a info message from thread 2418-09-2026 00:29:33 [38;5;117m[DEBUG]: [0mThis is a debug message from thread 218-09-2026 00:29:33 [38;5;009m[ERROR]: [0mThis is a error message from thread 1518-09-2026 00:29:33 [38;5;015m[INFO]: [0mThis is a info message from thread 218-09-2026 00:29:33 [38;5;009m[ERROR]: [0mThis is a error message from thread 2418-09-2026 00:29:33 [38;5;117m[DEBUG]: [0mThis is a debug message from thread 918-09-2026 00:29:33 [38;5;015m[INFO]: [0mThis is a info message from thread 2818-09-2026 00:29:33 [38;5;015m[INFO]: [0mThis is a info message from thread 2918-09-2026 00:29:33 [38;5;015m[INFO]: [0mThis is a info message from thread 918-09-2026 00:29:33 [38;5;009m[ERROR]: [0mThis is a error message from thread 218-09-2026 00:29:33 [38;5;117m[DEBUG]: [0mThis is a debug message from thread 2618-09-2026 00:29:33 [38;5;117m[DEBUG]: [0mThis is a debug message from thread 1518-09-2026 00:29:33 [38;5;117m[DEBUG]: [0mThis is a debug message from thread 218-09-2026 00:29:33 [38;5;015m[INFO]: [0mThis is a info message from thread 2618-09-2026 00:29:33 [38;5;015m[INFO]: [0mThis is a info message from thread 1518-09-2026 00:29:33 [38;5;015m[INFO]: [0mThis is a info message from thread 218-09-2026 00:29:33 [38;5;009m[ERROR]: [0mThis is a error message from thread 218-09-2026 00:29:33 [38;5;009m[ERROR]: [0mThis is a error message from thread 2618-09-2026 00:29:33 [38;5;009m[ERROR]: [0mThis is a error message from thread 2918-09-2026 00:29:33 [38;5;009m[ERROR]: [0mThis is a error message from thread 2518-09-2026 00:29:33 [38;5;015m[INFO]: [0mThis is a info message from thread 1318-09-2026 00:29:33 [38;5;117m[DEBUG]: [0mThis is a debug message from thread 2918-09-2026 00:29:33 [38;5;009m[ERROR]: [0mThis is a error message from thread 2318-09-2026 00:29:33 [38;5;009m[ERROR]: [0mThis is a error message from thread 2818-09-2026 00:29:33 [38;5;009m[ERROR]: [0mThis is a error message from thread 1518-09-2026 00:29:33 [38;5;009m[ERROR]: [0mThis is a error message from thread 1418-09-2026 00:29:33 [38;5;015m[INFO]: [0mThis is a info message from thread 2018-09-2026 00:29:33 [38;5;117m[DEBUG]: [0mThis is a debug message from thread 2618-09-2026 00:29:33 [38;5;117m[DEBUG]: [0mThis is a debug message from thread 218-09-2026 00:29:33 [38;5;015m[INFO]: [0mThis is a info message from thread 2118-09-2026 00:29:33 [38;5;015m[INFO]: [0mThis is a info message from thread 2918-09-2026 00:29:33 [38;5;009m[ERROR]: [0mThis is a error message from thread 1318-09-2026 00:29:33 [38;5;117m[DEBUG]: [0mThis is a debug message from thread 2318-09-2026 00:29:33 [38;5;009m[ERROR]: [0mThis is a error message from thread 518-09-2026 00:29:33 [38;5;009m[ERROR]: [0mThis is a error message from thread 318-09-2026 00:29:33 [38;5;117m[DEBUG]: [0mThis is a debug message from thread 1418-09-2026 00:29:33 [38;5;009m[ERROR]: [0mThis is a error message from thread 2018-09-2026 00:29:33 [38;5;009m[ERROR]: [0mThis is a error message from thread 2918-09-2026 00:29:33 [38;5;117m[DEBUG]: [0mThis is a debug message from thread 1518-09-2026 00:29:33 [38;5;015m[INFO]: [0mThis is a info message from thread 618-09-2026 00:29:33 [38;5;009m[ERROR]: [0mThis is a error message from thread 2118-09-2026 00:29:33 [38;5;117m[DEBUG]: [0mThis is a debug message from thread 2818-09-2026 00:29:33 [38;5;015m[INFO]: [0mThis is a info message from thread 1918-09-2026 00:29:33 [38;5;117m[DEBUG]: [0mThis is a debug message from thread 1618-09-2026 00:29:33 [38;5;117m[DEBUG]: [0mThis is a debug message from thread 418-09-2026 00:29:33 [38;5;009m[ERROR]: [0mThis is a error message from thread 2718-09-2026 00:29:33 [38;5;015m[INFO]: [0mThis is a info message from thread 1618-09-2026 00:29:33 [38;5;015m[INFO]: [0mThis is a info message from thread 1418-09-2026 00:29:33 [38;5;009m[ERROR]: [0mThis is a error message from thread 1118-09-2026 00:29:33 [38;5;009m[ERROR]: [0mThis is a error message from thread 1218-09-2026 00:29:33 [38;5;015m[INFO]: [0mThis is a info message from thread 1518-09-2026 00:29:33 [38;5;117m[DEBUG]: [0mThis is a debug message from thread 2918-09-2026 00:29:33 [38;5;015m[INFO]: [0mThis is a info message from thread 2618-09-2026 00:29:33 [38;5;009m[ERROR]: [0mThis is a error message from thread 1618-09-2026 00:29:33 [38;5;009m[ERROR]: [0mThis is a error message from thread 918-09-2026 00:29:33 [38;5;015m[INFO]: [0mThis is a info message from thread 1718-09-2026 00:29:33 [38;5;117m[DEBUG]: [0mThis is a debug message from thread 2518-09-2026 00:29:33 [38;5;009m[ERROR]: [0mThis is a error message from thread 1418-09-2026 00:29:33 [38;5;009m[ERROR]: [0mThis is a error message from thread 118-09-2026 00:29:33 [38;5;117m[DEBUG]: [0mThis is a debug message from thread 2118-09-2026 00:29:33 [38;5;009m[ERROR]: [0mThis is a error message from thread 618-09-2026 00:29:33 [38;5;117m[DEBUG]: [0mThis is a debug message from thread 1418-09-2026 00:29:33 [38;5;117m[DEBUG]: [0mThis is a debug message from thread 518-09-2026 00:29:33 [38;5;015m[INFO]: [0mThis is a info message from thread 418-09-2026 00:29:33 [38;5;117m[DEBUG]: [0mThis is a debug message from thread 2418-09-2026 00:29:33 [38;5;117m[DEBUG]: [0mThis is a debug message from thread 2718-09-2026 00:29:33 [38;5;117m[DEBUG]: [0mThis is a debug message from thread 618-09-2026 00:29:33 [38;5;015m[INFO]: [0mThis is a info message from thread 1418-09-2026 00:29:33 [38;5;117m[DEBUG]: [0mThis is a debug message from thread 318-09-2026 00:29:33 [38;5;009m[ERROR]: [0mThis is a error message from thread 1918-09-2026 00:29:33 [38;5;015m[INFO]: [0mThis is a info message from thread 2718-09-2026 00:29:33 [38;5;117m[DEBUG]: [0mThis is a debug message from thread 1218-09-2026 00:29:33 [38;5;117m[DEBUG]: [0mThis is a debug message from thread 1618-09-2026 00:29:33 [38;5;117m[DEBUG]: [0mThis is a debug message from thread 118-09-2026 00:29:33 [38;5;117m[DEBUG]: [0mThis is a debug message from thread 2218-09-2026 00:29:33 [38;5;009m[ERROR]: [0mThis is a error message from thread 1718-09-2026 00:29:33 [38;5;015m[INFO]: [0mThis is a info message from thread 718-09-2026 00:29:33 [38;5;009m[ERROR]: [0mThis is a error message from thread 2718-09-2026 00:29:33 [38;5;009m[ERROR]: [0mThis is a error message from thread 1818-09-2026 00:29:33 [38;5;015m[INFO]: [0mThis is a info message from thread 2918-09-2026 00:29:33 [38;5;117m[DEBUG]: [0mThis is a debug message from thread 1918-09-2026 00:29:33 [38;5;009m[ERROR]: [0mThis is a error message from thread 1018-09-2026 00:29:33 [38;5;117m[DEBUG]: [0mThis is a debug message from thread 918-09-2026 00:29:33 [38;5;015m[INFO]: [0mThis is a info message from thread 118-09-2026 00:29:33 [38;5;009m[ERROR]: [0mThis is a error message from thread 818-09-2026 00:29:33 [38;5;117m[DEBUG]: [0mThis is a debug message from thread 1718-09-2026 00:29:33 [38;5;015m[INFO]: [0mThis is a info message from thread 2418-09-2026 00:29:33 [38;5;009m[ERROR]: [0mThis is a error message from thread 718-09-2026 00:29:33 [38;5;117m[DEBUG]: [0mThis is a debug message from thread 1118-09-2026 00:29:33 [38;5;009m[ERROR]: [0mThis is a error message from thread 2618-09-2026 00:29:33 [38;5;117m[DEBUG]: [0mThis is a debug message from thread 2018-09-2026 00:29:33 [38;5;117m[DEBUG]: [0mThis is a debug message from thread 1018-09-2026 00:29:33 [38;5;117m[DEBUG]: [0mThis is a debug message from thread 1818-09-2026 00:29:33 [38;5;015m[INFO]: [0mThis is a info message from thread 518-09-2026 00:29:33 [38;5;015m[INFO]: [0mThis is a info message from thread 2818-09-2026 00:29:33 [38;5;009m[ERROR]: [0mThis is a error message from thread 518-09-2026 00:29:33 [38;5;009m[ERROR]: [0mThis is a error message from thread 2818-09-2026 00:29:33 [38;5;015m[INFO]: [0mThis is a info message from thread 618-09-2026 00:29:33 [38;5;117m[DEBUG]: [0mThis is a debug message from thread 518-09-2026 00:29:33 [38;5;117m[DEBUG]: [0mThis is a debug message from thread 2818-09-2026 00:29:33 [38;5;015m[INFO]: [0mThis is a info message from thread 1618-09-2026 00:29:33 [38;5;015m[INFO]: [0mThis is a info message from thread 2818-09-2026 00:29:33 [38;5;009m[ERROR]: [0mThis is a error message from thread 1618-09-2026 00:29:33 [38;5;009m[ERROR]: [0mThis is a error message from thread 2918-09-2026 00:29:33 [38;5;117m[DEBUG]: [0mThis is a debug message from thread 1618-09-2026 00:29:33 [38;5;009m[ERROR]: [0mThis is a error message from thread 1518-09-2026 00:29:33 [38;5;015m[INFO]: [0mThis is a info message from thread 1618-09-2026 00:29:33 [38;5;015m[INFO]: [0mThis is a info message from thread 2118-09-2026 00:29:33 [38;5;117m[DEBUG]: [0mThis is a debug message from thread 1518-09-2026 00:29:33 [38;5;009m[ERROR]: [0mThis is a error message from thread 2118-09-2026 00:29:33 [38;5;015m[INFO]: [0mThis is a info message from thread 1818-09-2026 00:29:33 [38;5;117m[DEBUG]: [0mThis is a debug message from thread 2118-09-2026 00:29:33 [38;5;009m[ERROR]: [0mThis is a error message from thread 1818-09-2026 00:29:33 [38;5;009m[ERROR]: [0mThis is a error message from thread 1618-09-2026 00:29:33 [38;5;015m[INFO]: [0mThis is a info message from thread 1518-09-2026 00:29:33 [38;5;117m[DEBUG]: [0mThis is a debug message from thread 1818-09-2026 00:29:33 [38;5;009m[ERROR]: [0mThis is a error message from thread 418-09-2026 00:29:33 [38;5;117m[DEBUG]: [0mThis is a debug message from thread 1618-09-2026 00:29:33 [38;5;015m[INFO]: [0mThis is a info message from thread 2118-09-2026 00:29:33 [38;5;015m[INFO]: [0mThis is a info message from thread 1618-09-2026 00:29:33 [38;5;117m[DEBUG]: [0mThis is a debug message from thread 1318-09-2026 00:29:33 [38;5;117m[DEBUG]: [0mThis is a debug message from thread 718-09-2026 00:29:33 [38;5;117m[DEBUG]: [0mThis is a debug message from thread 418-09-2026 00:29:33 [38;5;015m[INFO]: [0mThis is a info message from thread 1118-09-2026 00:29:33 [38;5;015m[INFO]: [0mThis is a info message from thread 1918-09-2026 00:29:33 [38;5;117m[DEBUG]: [0mThis is a debug message from thread 818-09-2026 00:29:33 [38;5;009m[ERROR]: [0mThis is a error message from thread 2118-09-2026 00:29:33 [38;5;015m[INFO]: [0mThis is a info message from thread 718-09-2026 00:29:33 [38;5;009m[ERROR]: [0mThis is a error message from thread 1418-09-2026 00:29:33 [38;5;117m[DEBUG]: [0mThis is a debug message from thread 2718-09-2026 00:29:33 [38;5;009m[ERROR]: [0mThis is a error message from thread 1118-09-2026 00:29:33 [38;5;009m[ERROR]: [0mThis is a error message from thread 1918-09-2026 00:29:33 [38;5;009m[ERROR]: [0mThis is a error message from thread 718-09-2026 00:29:33 [38;5;009m[ERROR]: [0mThis is a error message from thread 1518-09-2026 00:29:33 [38;5;015m[INFO]: [0mThis is a info message from thread 1218-09-2026 00:29:33 [38;5;015m[INFO]: [0mThis is a info message from thread 2018-09-2026 00:29:33 [38;5;009m[ERROR]: [0mThis is a error message from thread 618-09-2026 00:29:33 [38;5;015m[INFO]: [0mThis is a info message from thread 2218-09-2026 00:29:33 [38;5;015m[INFO]: [0mThis is a info message from thread 318-09-2026 00:29:33 [38;5;009m[ERROR]: [0mThis is a error message from thread 2018-09-2026 00:29:33 [38;5;117m[DEBUG]: [0mThis is a debug message from thread 618-09-2026 00:29:33 [38;5;117m[DEBUG]: [0mThis is a debug message from thread 718-09-2026 00:29:33 [38;5;015m[INFO]: [0mThis is a info message from thread 1318-09-2026 00:29:33 [38;5;009m[ERROR]: [0mThis is a error message from thread 318-09-2026 00:29:33 [38;5;009m[ERROR]: [0mThis is a error message from thread 1218-09-2026 00:29:33 [38;5;015m[INFO]: [0mThis is a info message from thread 1818-09-2026 00:29:33 [38;5;117m[DEBUG]: [0mThis is a debug message from thread 1518-09-2026 00:29:33 [38;5;117m[DEBUG]: [0mThis is a debug message from thread 018-09-2026 00:29:33 [38;5;117m[DEBUG]: [0mThis is a debug message from thread 2018-09-2026 00:29:33 [38;5;009m[ERROR]: [0mThis is a error message from thread 1318-09-2026 00:29:33 [38;5;117m[DEBUG]: [0mThis is a debug message from thread 1218-09-2026 00:29:33 [38;5;009m[ERROR]: [0mThis is a error message from thread 1818-09-2026 00:29:33 [38;5;117m[DEBUG]: [0mThis is a debug message from thread 2918-09-2026 00:29:33 [38;5;117m[DEBUG]: [0mThis is a debug message from thread 1418-09-2026 00:29:33 [38;5;015m[INFO]: [0mThis is a info message from thread 618-09-2026 00:29:33 [38;5;009m[ERROR]: [0mThis is a error message from thread 1618-09-2026 00:29:33 [38;5;117m[DEBUG]: [0mThis is a debug message from thread 2118-09-2026 00:29:33 [38;5;015m[INFO]: [0mThis is a info message from thread 2318-09-2026 00:29:33 [38;5;015m[INFO]: [0mThis is a info message from thread 918-09-2026 00:29:33 [38;5;117m[DEBUG]: [0mThis is a debug message from thread 1318-09-2026 00:29:33 [38;5;015m[INFO]: [0mThis is a info message from thread 2118-09-2026 00:29:33 [38;5;015m[INFO]: [0mThis is a info message from thread 1418-09-2026 00:29:33 [38;5;009m[ERROR]: [0mThis is a error message from thread 618-09-2026 00:29:33 [38;5;015m[INFO]: [0mThis is a info message from thread 2718-09-2026 00:29:33 [38;5;015m[INFO]: [0mThis is a info message from thread 718-09-2026 00:29:33 [38;5;117m[DEBUG]: [0mThis is a debug message from thread 1118-09-2026 00:29:33 [38;5;117m[DEBUG]: [0mThis is a debug message from thread 618-09-2026 00:29:33 [38;5;009m[ERROR]: [0mThis is a error message from thread 1418-09-2026 00:29:33 [38;5;009m[ERROR]: [0mThis is a error message from thread 718-09-2026 00:29:33 [38;5;015m[INFO]: [0mThis is a info message from thread 618-09-2026 00:29:33 [38;5;009m[ERROR]: [0mThis is a error message from thread 2718-09-2026 00:29:33 [38;5;015m[INFO]: [0mThis is a info message from thread 1118-09-2026 00:29:33 [38;5;117m[DEBUG]: [0mThis is a debug message from thread 718-09-2026 00:29:33 [38;5;117m[DEBUG]: [0mThis is a debug message from thread 2618-09-2026 00:29:33 [38;5;117m[DEBUG]: [0mThis is a debug message from thread 1418-09-2026 00:29:33 [38;5;015m[INFO]: [0mThis is a info message from thread 2918-09-2026 00:29:33 [38;5;009m[ERROR]: [0mThis is a error message from thread 618-09-2026 00:29:33 [38;5;009m[ERROR]: [0mThis is a error message from thread 2118-09-2026 00:29:33 [38;5;117m[DEBUG]: [0mThis is a debug message from thread 2718-09-2026 00:29:33 [38;5;009m[ERROR]: [0mThis is a error message from thread 118-09-2026 00:29:33 [38;5;009m[ERROR]: [0mThis is a error message from thread 2818-09-2026 00:29:33 [38;5;117m[DEBUG]: [0mThis is a debug message from thread 2118-09-2026 00:29:33 [38;5;015m[INFO]: [0mThis is a info message from thread 2618-09-2026 00:29:33 [38;5;015m[INFO]: [0mThis is a info message from thread 2718-09-2026 00:29:33 [38;5;117m[DEBUG]: [0mThis is a debug message from thread 2818-09-2026 00:29:33 [38;5;015m[INFO]: [0mThis is a info message from thread 2118-09-2026 00:29:33 [38;5;117m[DEBUG]: [0mThis is a debug message from thread 318-09-2026 00:29:33 [38;5;009m[ERROR]: [0mThis is a error message from thread 2618-09-2026 00:29:33 [38;5;015m[INFO]: [0mThis is a info message from thread 318-09-2026 00:29:33 [38;5;015m[INFO]: [0mThis is a info message from thread 1418-09-2026 00:29:33 [38;5;117m[DEBUG]: [0mThis is a debug message from thread 618-09-2026 00:29:33 [38;5;009m[ERROR]: [0mThis is a error message from thread 318-09-2026 00:29:33 [38;5;117m[DEBUG]: [0mThis is a debug message from thread 318-09-2026 00:29:33 [38;5;117m[DEBUG]: [0mThis is a debug message from thread 2618-09-2026 00:29:33 [38;5;117m[DEBUG]: [0mThis is a debug message from thread 1618-09-2026 00:29:33 [38;5;015m[INFO]: [0mThis is a info message from thread 618-09-2026 00:29:33 [38;5;009m[ERROR]: [0mThis is a error message from thread 618-09-2026 00:29:33 [38;5;117m[DEBUG]: [0mThis is a debug message from thread 618-09-2026 00:29:33 [38;5;015m[INFO]: [0mThis is a info message from thread 2018-09-2026 00:29:33 [38;5;015m[INFO]: [0mThis is a info message from thread 618-09-2026 00:29:33 [38;5;009m[ERROR]: [0mThis is a error message from thread 2018-09-2026 00:29:33 [38;5;009m[ERROR]: [0mThis is a error message from thread 1418-09-2026 00:29:33 [38;5;015m[INFO]: [0mThis is a info message from thread 1718-09-2026 00:29:33 [38;5;015m[INFO]: [0mThis is a info message from thread 2518-09-2026 00:29:33 [38;5;009m[ERROR]: [0mThis is a error message from thread 918-09-2026 00:29:33 [38;5;015m[INFO]: [0mThis is a info message from thread 218-09-2026 00:29:33 [38;5;009m[ERROR]: [0mThis is a error message from thread 618-09-2026 00:29:33 [38;5;015m[INFO]: [0mThis is a info message from thread 318-09-2026 00:29:33 [38;5;015m[INFO]: [0mThis is a info message from thread 018-09-2026 00:29:33 [38;5;009m[ERROR]: [0mThis is a error message from thread 1718-09-2026 00:29:33 [38;5;117m[DEBUG]: [0mThis is a debug message from thread 1818-09-2026 00:29:33 [38;5;009m[ERROR]: [0mThis is a error message from thread 2318-09-2026 00:29:33 [38;5;009m[ERROR]: [0mThis is a error message from thread 2418-09-2026 00:29:33 [38;5;009m[ERROR]: [0mThis is a error message from thread 318-09-2026 00:29:33 [38;5;117m[DEBUG]: [0mThis is a debug message from thread 918-09-2026 00:29:33 [38;5;009m[ERROR]: [0mThis is a error message from thread 2218-09-2026 00:29:33 [38;5;015m[INFO]: [0mThis is a info message from thread 1818-09-2026 00:29:33 [38;5;015m[INFO]: [0mThis is a info message from thread 418-09-2026 00:29:33 [38;5;009m[ERROR]: [0mThis is a error message from thread 2518-09-2026 00:29:33 [38;5;117m[DEBUG]: [0mThis is a debug message from thread 1918-09-2026 00:29:33 [38;5;117m[DEBUG]: [0mThis is a debug message from thread 2418-09-2026 00:29:33 [38;5;009m[ERROR]: [0mThis is a error message from thread 1118-09-2026 00:29:33 [38;5;009m[ERROR]: [0mThis is a error message from thread 018-09-2026 00:29:33 [38;5;015m[INFO]: [0mThis is a info message from thread 1618-09-2026 00:29:33 [38;5;009m[ERROR]: [0mThis is a error message from thread 2918-09-2026 00:29:33 [38;5;015m[INFO]: [0mThis is a info message from thread 518-09-2026 00:29:33 [38;5;117m[DEBUG]: [0mThis is a debug message from thread 2318-09-2026 00:29:33 [38;5;117m[DEBUG]: [0mThis is a debug message from thread 118-09-2026 00:29:33 [38;5;009m[ERROR]: [0mThis is a error message from thread 2718-09-2026 00:29:33 [38;5;117m[DEBUG]: [0mThis is a debug message from thread 2218-09-2026 00:29:33 [38;5;009m[ERROR]: [0mThis is a error message from thread 1618-09-2026 00:29:33 [38;5;015m[INFO]: [0mThis is a info message from thread 2818-09-2026 00:29:33 [38;5;015m[INFO]: [0mThis is a info message from thread 118-09-2026 00:29:33 [38;5;015m[INFO]: [0mThis is a info message from thread 2418-09-2026 00:29:33 [38;5;015m[INFO]: [0mThis is a info message from thread 1518-09-2026 00:29:33 [38;5;117m[DEBUG]: [0mThis is a debug message from thread 2918-09-2026 00:29:33 [38;5;117m[DEBUG]: [0mThis is a debug message from thread 2018-09-2026 00:29:33 [38;5;117m[DEBUG]: [0mThis is a debug message from thread 018-09-2026 00:29:33 [38;5;117m[DEBUG]: [0mThis is a debug message from thread 2718-09-2026 00:29:33 [38;5;009m[ERROR]: [0mThis is a error message from thread 518-09-2026 00:29:33 [38;5;009m[ERROR]: [0mThis is a error message from thread 1518-09-2026 00:29:33 [38;5;015m[INFO]: [0mThis is a info message from thread 2918-09-2026 00:29:33 [38;5;117m[DEBUG]: [0mThis is a debug message from thread 1118-09-2026 00:29:33 [38;5;009m[ERROR]: [0mThis is a error message from thread 2918-09-2026 00:29:33 [38;5;009m[ERROR]: [0mThis is a error message from thread 2418-09-2026 00:29:33 [38;5;117m[DEBUG]: [0mThis is a debug message from thread 2918-09-2026 00:29:33 [38;5;009m[ERROR]: [0mThis is a error message from thread 2818-09-2026 00:29:33 [38;5;015m[INFO]: [0mThis is a info message from thread 1918-09-2026 00:29:33 [38;5;015m[INFO]: [0mThis is a info message from thread 2918-09-2026 00:29:33 [38;5;009m[ERROR]: [0mThis is a error message from thread 118-09-2026 00:29:33 [38;5;117m[DEBUG]: [0mThis is a debug message from thread 2418-09-2026 00:29:33 [38;5;015m[INFO]: [0mThis is a info message from thread 2718-09-2026 00:29:33 [38;5;117m[DEBUG]: [0mThis is a debug message from thread 1518-09-2026 00:29:33 [38;5;117m[DEBUG]: [0mThis is a debug message from thread 1618-09-2026 00:29:33 [38;5;117m[DEBUG]: [0mThis is a debug message from thread 118-09-2026 00:29:33 [38;5;009m[ERROR]: [0mThis is a error message from thread 1918-09-2026 00:29:33 [38;5;015m[INFO]: [0mThis is a info message from thread 2018-09-2026 00:29:33 [38;5;117m[DEBUG]: [0mThis is a debug message from thread 1918-09-2026 00:29:33 [38;5;015m[INFO]: [0mThis is a info message from thread 1918-09-2026 00:29:33 [38;5;009m[ERROR]: [0mThis is a error message from thread 2918-09-2026 00:29:33 [38;5;117m[DEBUG]: [0mThis is a debug message from thread 2918-09-2026 00:29:33 [38;5;015m[INFO]: [0mThis is a info message from thread 018-09-2026 00:29:33 [38;5;015m[INFO]: [0mThis is a info message from thread 2418-09-2026 00:29:33 [38;5;117m[DEBUG]: [0mThis is a debug message from thread 518-09-2026 00:29:33 [38;5;009m[ERROR]: [0mThis is a error message from thread 2718-09-2026 00:29:33 [38;5;015m[INFO]: [0mThis is a info message from thread 518-09-2026 00:29:33 [38;5;117m[DEBUG]: [0mThis is a debug message from thread 2818-09-2026 00:29:33 [38;5;009m[ERROR]: [0mThis is a error message from thread 1918-09-2026 00:29:33 [38;5;009m[ERROR]: [0mThis is a error message from thread 2418-09-2026 00:29:33 [38;5;015m[INFO]: [0mThis is a info message from thread 1318-09-2026 00:29:33 [38;5;015m[INFO]: [0mThis is a info message from thread 2918-09-2026 00:29:33 [38;5;117m[DEBUG]: [0mThis is a debug message from thread 2418-09-2026 00:29:33 [38;5;117m[DEBUG]: [0mThis is a debug message from thread 1418-09-2026 00:29:33 [38;5;117m[DEBUG]: [0mThis is a debug message from thread 1718-09-2026 00:29:33 [38;5;015m[INFO]: [0mThis is a info message from thread 918-09-2026 00:29:33 [38;5;015m[INFO]: [0mThis is a info message from thread 2218-09-2026 00:29:33 [38;5;015m[INFO]: [0mThis is a info message from thread 2418-09-2026 00:29:33 [38;5;009m[ERROR]: [0mThis is a error message from thread 1318-09-2026 00:29:33 [38;5;015m[INFO]: [0mThis is a info message from thread 2318-09-2026 00:29:33 [38;5;009m[ERROR]: [0mThis is a error message from thread 2918-09-2026 00:29:33 [38;5;117m[DEBUG]: [0mThis is a debug message from thread 2518-09-2026 00:29:33 [38;5;009m[ERROR]: [0mThis is a error message from thread 518-09-2026 00:29:33 [38;5;015m[INFO]: [0mThis is a info message from thread 1418-09-2026 00:29:33 [38;5;009m[ERROR]: [0mThis is a error message from thread 018-09-2026 00:29:33 [38;5;009m[ERROR]: [0mThis is a error message from thread 1818-09-2026 00:29:33 [38;5;015m[INFO]: [0mThis is a info message from thread 1018-09-2026 00:29:33 [38;5;117m[DEBUG]: [0mThis is a debug message from thread 618-09-2026 00:29:33 [38;5;015m[INFO]: [0mThis is a info message from thread 1718-09-2026 00:29:33 [38;5;117m[DEBUG]: [0mThis is a debug message from thread 2918-09-2026 00:29:33 [38;5;009m[ERROR]: [0mThis is a error message from thread 2418-09-2026 00:29:33 [38;5;015m[INFO]: [0mThis is a info message from thread 2918-09-2026 00:29:33 [38;5;117m[DEBUG]: [0mThis is a debug message from thread 2418-09-2026 00:29:33 [38;5;015m[INFO]: [0mThis is a info message from thread 618-09-2026 00:29:33 [38;5;009m[ERROR]: [0mThis is a error message from thread 1418-09-2026 00:29:33 [38;5;009m[ERROR]: [0mThis is a error message from thread 218-09-2026 00:29:33 [38;5;015m[INFO]: [0mThis is a info message from thread 818-09-2026 00:29:33 [38;5;009m[ERROR]: [0mThis is a error message from thread 2118-09-2026 00:29:33 [38;5;117m[DEBUG]: [0mThis is a debug message from thread 518-09-2026 00:29:33 [38;5;117m[DEBUG]: [0mThis is a debug message from thread 1918-09-2026 00:29:33 [38;5;015m[INFO]: [0mThis is a info message from thread 2518-09-2026 00:29:33 [38;5;009m[ERROR]: [0mThis is a error message from thread 2518-09-2026 00:29:33 [38;5;009m[ERROR]: [0mThis is a error message from thread 618-09-2026 00:29:33 [38;5;117m[DEBUG]: [0mThis is a debug message from thread 218-09-2026 00:29:33 [38;5;015m[INFO]: [0mThis is a info message from thread 2418-09-2026 00:29:33 [38;5;009m[ERROR]: [0mThis is a error message from thread 2918-09-2026 00:29:33 [38;5;009m[ERROR]: [0mThis is a error message from thread 2418-09-2026 00:29:33 [38;5;117m[DEBUG]: [0mThis is a debug message from thread 2418-09-2026 00:29:33 [38;5;117m[DEBUG]: [0mThis is a debug message from thread 2518-09-2026 00:29:33 [38;5;117m[DEBUG]: [0mThis is a debug message from thread 2918-09-2026 00:29:33 [38;5;117m[DEBUG]: [0mThis is a debug message from thread 618-09-2026 00:29:33 [38;5;015m[INFO]: [0mThis is a info message from thread 218-09-2026 00:29:33 [38;5;117m[DEBUG]: [0mThis is a debug message from thread 318-09-2026 00:29:33 [38;5;015m[INFO]: [0mThis is a info message from thread 2418-09-2026 00:29:33 [38;5;015m[INFO]: [0mThis is a info message from thread 2518-09-2026 00:29:33 [38;5;009m[ERROR]: [0mThis is a error message from thread 2518-09-2026 00:29:33 [38;5;009m[ERROR]: [0mThis is a error message from thread 2318-09-2026 00:29:33 [38;5;015m[INFO]: [0mThis is a info message from thread 2918-09-2026 00:29:33 [38;5;015m[INFO]: [0mThis is a info message from thread 1918-09-2026 00:29:33 [38;5;015m[INFO]: [0mThis is a info message from thread 518-09-2026 00:29:33 [38;5;009m[ERROR]: [0mThis is a error message from thread 2418-09-2026 00:29:33 [38;5;117m[DEBUG]: [0mThis is a debug message from thread 2318-09-2026 00:29:33 [38;5;015m[INFO]: [0mThis is a info message from thread 618-09-2026 00:29:33 [38;5;009m[ERROR]: [0mThis is a error message from thread 818-09-2026 00:29:33 [38;5;009m[ERROR]: [0mThis is a error message from thread 1918-09-2026 00:29:33 [38;5;015m[INFO]: [0mThis is a info message from thread 1218-09-2026 00:29:33 [38;5;009m[ERROR]: [0mThis is a error message from thread 218-09-2026 00:29:33 [38;5;015m[INFO]: [0mThis is a info message from thread 1518-09-2026 00:29:33 [38;5;009m[ERROR]: [0mThis is a error message from thread 918-09-2026 00:29:33 [38;5;015m[INFO]: [0mThis is a info message from thread 2318-09-2026 00:29:33 [38;5;009m[ERROR]: [0mThis is a error message from thread 2018-09-2026 00:29:33 [38;5;117m[DEBUG]: [0mThis is a debug message from thread 2718-09-2026 00:29:33 [38;5;009m[ERROR]: [0mThis is a error message from thread 418-09-2026 00:29:33 [38;5;009m[ERROR]: [0mThis is a error message from thread 518-09-2026 00:29:33 [38;5;117m[DEBUG]: [0mThis is a debug message from thread 2518-09-2026 00:29:33 [38;5;009m[ERROR]: [0mThis is a error message from thread 2318-09-2026 00:29:33 [38;5;009m[ERROR]: [0mThis is a error message from thread 1218-09-2026 00:29:33 [38;5;117m[DEBUG]: [0mThis is a debug message from thread 418-09-2026 00:29:33 [38;5;009m[ERROR]: [0mThis is a error message from thread 1518-09-2026 00:29:33 [38;5;117m[DEBUG]: [0mThis is a debug message from thread 218-09-2026 00:29:33 [38;5;015m[INFO]: [0mThis is a info message from thread 2518-09-2026 00:29:33 [38;5;015m[INFO]: [0mThis is a info message from thread 418-09-2026 00:29:33 [38;5;117m[DEBUG]: [0mThis is a debug message from thread 518-09-2026 00:29:33 [38;5;015m[INFO]: [0mThis is a info message from thread 2718-09-2026 00:29:33 [38;5;117m[DEBUG]: [0mThis is a debug message from thread 2318-09-2026 00:29:33 [38;5;009m[ERROR]: [0mThis is a error message from thread 1718-09-2026 00:29:33 [38;5;117m[DEBUG]: [0mThis is a debug message from thread 2018-09-2026 00:29:33 [38;5;117m[DEBUG]: [0mThis is a debug message from thread 1218-09-2026 00:29:33 [38;5;117m[DEBUG]: [0mThis is a debug message from thread 1318-09-2026 00:29:33 [38;5;009m[ERROR]: [0mThis is a error message from thread 1018-09-2026 00:29:33 [38;5;015m[INFO]: [0mThis is a info message from thread 218-09-2026 00:29:33 [38;5;117m[DEBUG]: [0mThis is a debug message from thread 1018-09-2026 00:29:33 [38;5;009m[ERROR]: [0mThis is a error message from thread 2218-09-2026 00:29:33 [38;5;009m[ERROR]: [0mThis is a error message from thread 218-09-2026 00:29:33 [38;5;117m[DEBUG]: [0mThis is a debug message from thread 1918-09-2026 00:29:33 [38;5;009m[ERROR]: [0mThis is a error message from thread 2518-09-2026 00:29:33 [38;5;117m[DEBUG]: [0mThis is a debug message from thread 818-09-2026 00:29:33 [38;5;015m[INFO]: [0mThis is a info message from thread 1218-09-2026 00:29:33 [38;5;117m[DEBUG]: [0mThis is a debug message from thread 1818-09-2026 00:29:33 [38;5;015m[INFO]: [0mThis is a info message from thread 518-09-2026 00:29:33 [38;5;009m[ERROR]: [0mThis is a error message from thread 2718-09-2026 00:29:33 [38;5;015m[INFO]: [0mThis is a info message from thread 2018-09-2026 00:29:33 [38;5;015m[INFO]: [0mThis is a info message from thread 2318-09-2026 00:29:33 [38;5;117m[DEBUG]: [0mThis is a debug message from thread 1518-09-2026 00:29:33 [38;5;015m[INFO]: [0mThis is a info message from thread 1118-09-2026 00:29:33 [38;5;117m[DEBUG]: [0mThis is a debug message from thread 218-09-2026 00:29:33 [38;5;015m[INFO]: [0mThis is a info message from thread 1818-09-2026 00:29:33 [38;5;009m[ERROR]: [0mThis is a error message from thread 1118-09-2026 00:29:33 [38;5;015m[INFO]: [0mThis is a info message from thread 1018-09-2026 00:29:33 [38;5;117m[DEBUG]: [0mThis is a debug message from thread 1118-09-2026 00:29:33 [38;5;015m[INFO]: [0mThis is a info message from thread 1518-09-2026 00:29:33 [38;5;117m[DEBUG]: [0mThis is a debug message from thread 018-09-2026 00:29:33 [38;5;015m[INFO]: [0mThis is a info message from thread 818-09-2026 00:29:33 [38;5;015m[INFO]: [0mThis is a info message from thread 218-09-2026 00:29:33 [38;5;015m[INFO]: [0mThis is a info message from thread 318-09-2026 00:29:33 [38;5;015m[INFO]: [0mThis is a info message from thread 1618-09-2026 00:29:33 [38;5;117m[DEBUG]: [0mThis is a debug message from thread 1718-09-2026 00:29:33 [38;5;009m[ERROR]: [0mThis is a error message from thread 618-09-2026 00:29:33 [38;5;015m[INFO]: [0mThis is a info message from thread 118-09-2026 00:29:33 [38;5;015m[INFO]: [0mThis is a info message from thread 2818-09-2026 00:29:33 [38;5;015m[INFO]: [0mThis is a info message from thread 1118-09-2026 00:29:33 [38;5;009m[ERROR]: [0mThis is a error message from thread 2018-09-2026 00:29:33 [38;5;015m[INFO]: [0mThis is a info message from thread 2618-09-2026 00:29:33 [38;5;117m[DEBUG]: [0mThis is a debug message from thread 2118-09-2026 00:29:33 [38;5;015m[INFO]: [0mThis is a info message from thread 1918-09-2026 00:29:33 [38;5;009m[ERROR]: [0mThis is a error message from thread 1818-09-2026 00:29:33 [38;5;009m[ERROR]: [0mThis is a error message from thread 2318-09-2026 00:29:33 [38;5;009m[ERROR]: [0mThis is a error message from thread 1118-09-2026 00:29:33 [38;5;009m[ERROR]: [0mThis is a error message from thread 218-09-2026 00:29:33 [38;5;009m[ERROR]: [0mThis is a error message from thread 1018-09-2026 00:29:33 [38;5;009m[ERROR]: [0mThis is a error message from thread 2618-09-2026 00:29:33 [38;5;009m[ERROR]: [0mThis is a error message from thread 318-09-2026 00:29:33 [38;5;117m[DEBUG]: [0mThis is a debug message from thread 1018-09-2026 00:29:33 [38;5;009m[ERROR]: [0mThis is a error message from thread 1918-09-2026 00:29:33 [38;5;117m[DEBUG]: [0mThis is a debug message from thread 2718-09-2026 00:29:33 [38;5;009m[ERROR]: [0mThis is a error message from thread 518-09-2026 00:29:33 [38;5;015m[INFO]: [0mThis is a info message from thread 2118-09-2026 00:29:33 [38;5;009m[ERROR]: [0mThis is a error message from thread 118-09-2026 00:29:33 [38;5;117m[DEBUG]: [0mThis is a debug message from thread 1118-09-2026 00:29:33 [38;5;015m[INFO]: [0mThis is a info message from thread 1018-09-2026 00:29:33 [38;5;015m[INFO]: [0mThis is a info message from thread 718-09-2026 00:29:33 [38;5;009m[ERROR]: [0mThis is a error message from thread 1218-09-2026 00:29:33 [38;5;009m[ERROR]: [0mThis is a error message from thread 1518-09-2026 00:29:33 [38;5;117m[DEBUG]: [0mThis is a debug message from thread 518-09-2026 00:29:33 [38;5;117m[DEBUG]: [0mThis is a debug message from thread 118-09-2026 00:29:33 [38;5;015m[INFO]: [0mThis is a info message from thread 118-09-2026 00:29:33 [38;5;117m[DEBUG]: [0mThis is a debug message from thread 1418-09-2026 00:29:33 [38;5;117m[DEBUG]: [0mThis is a debug message from thread 1518-09-2026 00:29:33 [38;5;117m[DEBUG]: [0mThis is a debug message from thread 618-09-2026 00:29:33 [38;5;015m[INFO]: [0mThis is a info message from thread 1418-09-2026 00:29:33 [38;5;117m[DEBUG]: [0mThis is a debug message from thread 918-09-2026 00:29:33 [38;5;009m[ERROR]: [0mThis is a error message from thread 1018-09-2026 00:29:33 [38;5;117m[DEBUG]: [0mThis is a debug message from thread 1818-09-2026 00:29:33 [38;5;015m[INFO]: [0mThis is a info message from thread 1318-09-2026 00:29:33 [38;5;009m[ERROR]: [0mThis is a error message from thread 1618-09-2026 00:29:33 [38;5;015m[INFO]: [0mThis is a info message from thread 1518-09-2026 00:29:33 [38;5;009m[ERROR]: [0mThis is a error message from thread 1418-09-2026 00:29:33 [38;5;009m[ERROR]: [0mThis is a error message from thread 2118-09-2026 00:29:33 [38;5;015m[INFO]: [0mThis is a info message from thread 1718-09-2026 00:29:33 [38;5;009m[ERROR]: [0mThis is a error message from thread 2918-09-2026 00:29:33 [38;5;015m[INFO]: [0mThis is a info message from thread 918-09-2026 00:29:33 [38;5;015m[INFO]: [0mThis is a info message from thread 018-09-2026 00:29:33 [38;5;117m[DEBUG]: [0mThis is a debug message from thread 1418-09-2026 00:29:33 [38;5;015m[INFO]: [0mThis is a info message from thread 518-09-2026 00:29:33 [38;5;117m[DEBUG]: [0mThis is a debug message from thread 2918-09-2026 00:29:33 [38;5;015m[INFO]: [0mThis is a info message from thread 618-09-2026 00:29:33 [38;5;117m[DEBUG]: [0mThis is a debug message from thread 2018-09-2026 00:29:33 [38;5;015m[INFO]: [0mThis is a info message from thread 1818-09-2026 00:29:33 [38;5;009m[ERROR]: [0mThis is a error message from thread 1818-09-2026 00:29:33 [38;5;117m[DEBUG]: [0mThis is a debug message from thread 1918-09-2026 00:29:33 [38;5;015m[INFO]: [0mThis is a info message from thread 2918-09-2026 00:29:33 [38;5;117m[DEBUG]: [0mThis is a debug message from thread 2218-09-2026 00:29:33 [38;5;117m[DEBUG]: [0mThis is a debug message from thread 1618-09-2026 00:29:33 [38;5;015m[INFO]: [0mThis is a info message from thread 1618-09-2026 00:29:33 [38;5;117m[DEBUG]: [0mThis is a debug message from thread 1818-09-2026 00:29:33 [38;5;015m[INFO]: [0mThis is a info message from thread 2218-09-2026 00:29:33 [38;5;009m[ERROR]: [0mThis is a error message from thread 1618-09-2026 00:29:33 [38;5;009m[ERROR]: [0mThis is a error message from thread 518-09-2026 00:29:33 [38;5;015m[INFO]: [0mThis is a info message from thread 2718-09-2026 00:29:33 [38;5;117m[DEBUG]: [0mThis is a debug message from thread 1218-09-2026 00:29:33 [38;5;015m[INFO]: [0mThis is a info message from thread 1218-09-2026 00:29:33 [38;5;009m[ERROR]: [0mThis is a error message from thread 2218-09-2026 00:29:33 [38;5;015m[INFO]: [0mThis is a info message from thread 1818-09-2026 00:29:33 [38;5;117m[DEBUG]: [0mThis is a debug message from thread 2218-09-2026 00:29:33 [38;5;009m[ERROR]: [0mThis is a error message from thread 1218-09-2026 00:29:33 [38;5;117m[DEBUG]: [0mThis is a debug message from thread 1018-09-2026 00:29:33 [38;5;015m[INFO]: [0mThis is a info message from thread 1418-09-2026 00:29:33 [38;5;117m[DEBUG]: [0mThis is a debug message from thread 2318-09-2026 00:29:33 [38;5;009m[ERROR]: [0mThis is a error message from thread 718-09-2026 00:29:33 [38;5;009m[ERROR]: [0mThis is a error message from thread 018-09-2026 00:29:33 [38;5;117m[DEBUG]: [0mThis is a debug message from thread 1618-09-2026 00:29:33 [38;5;009m[ERROR]: [0mThis is a error message from thread 118-09-2026 00:29:33 [38;5;009m[ERROR]: [0mThis is a error message from thread 2918-09-2026 00:29:33 [38;5;009m[ERROR]: [0mThis is a error message from thread 2818-09-2026 00:29:33 [38;5;117m[DEBUG]: [0mThis is a debug message from thread 2418-09-2026 00:29:33 [38;5;117m[DEBUG]: [0mThis is a debug message from thread 518-09-2026 00:29:33 [38;5;009m[ERROR]: [0mThis is a error message from thread 418-09-2026 00:29:33 [38;5;117m[DEBUG]: [0mThis is a debug message from thread 2918-09-2026 00:29:33 [38;5;015m[INFO]: [0mThis is a info message from thread 2918-09-2026 00:29:33 [38;5;015m[INFO]: [0mThis is a info message from thread 1618-09-2026 00:29:33 [38;5;117m[DEBUG]: [0mThis is a debug message from thread 018-09-2026 00:29:33 [38;5;015m[INFO]: [0mThis is a info message from thread 2318-09-2026 00:29:33 [38;5;117m[DEBUG]: [0mThis is a debug message from thread 218-09-2026 00:29:33 [38;5;015m[INFO]: [0mThis is a info message from thread 1118-09-2026 00:29:33 [38;5;015m[INFO]: [0mThis is a info message from thread 018-09-2026 00:29:33 [38;5;117m[DEBUG]: [0mThis is a debug message from thread 418-09-2026 00:29:33 [38;5;009m[ERROR]: [0mThis is a error message from thread 1818-09-2026 00:29:33 [38;5;009m[ERROR]: [0mThis is a error message from thread 2918-09-2026 00:29:33 [38;5;009m[ERROR]: [0mThis is a error message from thread 1418-09-2026 00:29:33 [38;5;009m[ERROR]: [0mThis is a error message from thread 1118-09-2026 00:29:33 [38;5;117m[DEBUG]: [0mThis is a debug message from thread 318-09-2026 00:29:33 [38;5;117m[DEBUG]: [0mThis is a debug message from thread 2918-09-2026 00:29:33 [38;5;117m[DEBUG]: [0mThis is a debug message from thread 718-09-2026 00:29:33 [38;5;009m[ERROR]: [0mThis is a error message from thread 918-09-2026 00:29:33 [38;5;009m[ERROR]: [0mThis is a error message from thread 1318-09-2026 00:29:33 [38;5;015m[INFO]: [0mThis is a info message from thread 2918-09-2026 00:29:33 [38;5;015m[INFO]: [0mThis is a info message from thread 2418-09-2026 00:29:33 [38;5;015m[INFO]: [0mThis is a info message from thread 218-09-2026 00:29:33 [38;5;015m[INFO]: [0mThis is a info message from thread 2218-09-2026 00:29:33 [38;5;009m[ERROR]: [0mThis is a error message from thread 018-09-2026 00:29:33 [38;5;009m[ERROR]: [0mThis is a error message from thread 2418-09-2026 00:29:33 [38;5;117m[DEBUG]: [0mThis is a debug message from thread 2618-09-2026 00:29:33 [38;5;009m[ERROR]: [0mThis is a error message from thread 2918-09-2026 00:29:33 [38;5;117m[DEBUG]: [0mThis is a debug message from thread 2518-09-2026 00:29:33 [38;5;117m[DEBUG]: [0mThis is a debug message from thread 1218-09-2026 00:29:33 [38;5;015m[INFO]: [0mThis is a info message from thread 2518-09-2026 00:29:33 [38;5;009m[ERROR]: [0mThis is a error message from thread 2518-09-2026 00:29:33 [38;5;117m[DEBUG]: [0mThis is a debug message from thread 1418-09-2026 00:29:33 [38;5;009m[ERROR]: [0mThis is a error message from thread 1518-09-2026 00:29:33 [38;5;117m[DEBUG]: [0mThis is a debug message from thread 118-09-2026 00:29:33 [38;5;009m[ERROR]: [0mThis is a error message from thread 2718-09-2026 00:29:33 [38;5;015m[INFO]: [0mThis is a info message from thread 718-09-2026 00:29:33 [38;5;009m[ERROR]: [0mThis is a error message from thread 818-09-2026 00:29:33 [38;5;015m[INFO]: [0mThis is a info message from thread 1018-09-2026 00:29:33 [38;5;015m[INFO]: [0mThis is a info message from thread 118-09-2026 00:29:33 [38;5;015m[INFO]: [0mThis is a info message from thread 518-09-2026 00:29:33 [38;5;117m[DEBUG]: [0mThis is a debug message from thread 918-09-2026 00:29:33 [38;5;009m[ERROR]: [0mThis is a error message from thread 118-09-2026 00:29:33 [38;5;015m[INFO]: [0mThis is a info message from thread 2618-09-2026 00:29:33 [38;5;009m[ERROR]: [0mThis is a error message from thread 1718-09-2026 00:29:33 [38;5;009m[ERROR]: [0mThis is a error message from thread 518-09-2026 00:29:33 [38;5;009m[ERROR]: [0mThis is a error message from thread 218-09-2026 00:29:33 [38;5;117m[DEBUG]: [0mThis is a debug message from thread 2118-09-2026 00:29:33 [38;5;117m[DEBUG]: [0mThis is a debug message from thread 518-09-2026 00:29:33 [38;5;117m[DEBUG]: [0mThis is a debug message from thread 218-09-2026 00:29:33 [38;5;117m[DEBUG]: [0mThis is a debug message from thread 118-09-2026 00:29:33 [38;5;009m[ERROR]: [0mThis is a error message from thread 2218-09-2026 00:29:33 [38;5;117m[DEBUG]: [0mThis is a debug message from thread 1518-09-2026 00:29:33 [38;5;117m[DEBUG]: [0mThis is a debug message from thread 018-09-2026 00:29:33 [38;5;117m[DEBUG]: [0mThis is a debug message from thread 2218-09-2026 00:29:33 [38;5;015m[INFO]: [0mThis is a info message from thread 518-09-2026 00:29:33 [38;5;015m[INFO]: [0mThis is a info message from thread 2118-09-2026 00:29:33 [38;5;015m[INFO]: [0mThis is a info message from thread 1518-09-2026 00:29:33 [38;5;009m[ERROR]: [0mThis is a error message from thread 518-09-2026 00:29:33 [38;5;117m[DEBUG]: [0mThis is a debug message from thread 2418-09-2026 00:29:33 [38;5;117m[DEBUG]: [0mThis is a debug message from thread 1818-09-2026 00:29:33 [38;5;117m[DEBUG]: [0mThis is a debug message from thread 1718-09-2026 00:29:33 [38;5;009m[ERROR]: [0mThis is a error message from thread 1018-09-2026 00:29:33 [38;5;015m[INFO]: [0mThis is a info message from thread 118-09-2026 00:29:33 [38;5;117m[DEBUG]: [0mThis is a debug message from thread 2518-09-2026 00:29:33 [38;5;117m[DEBUG]: [0mThis is a debug message from thread 518-09-2026 00:29:33 [38;5;009m[ERROR]: [0mThis is a error message from thread 2118-09-2026 00:29:33 [38;5;117m[DEBUG]: [0mThis is a debug message from thread 1118-09-2026 00:29:33 [38;5;009m[ERROR]: [0mThis is a error message from thread 118-09-2026 00:29:33 [38;5;009m[ERROR]: [0mThis is a error message from thread 1518-09-2026 00:29:33 [38;5;015m[INFO]: [0mThis is a info message from thread 318-09-2026 00:29:33 [38;5;117m[DEBUG]: [0mThis is a debug message from thread 2718-09-2026 00:29:33 [38;5;015m[INFO]: [0mThis is a info message from thread 1418-09-2026 00:29:33 [38;5;015m[INFO]: [0mThis is a info message from thread 418-09-2026 00:29:33 [38;5;117m[DEBUG]: [0mThis is a debug message from thread 1518-09-2026 00:29:33 [38;5;117m[DEBUG]: [0mThis is a debug message from thread 2818-09-2026 00:29:33 [38;5;015m[INFO]: [0mThis is a info message from thread 1818-09-2026 00:29:33 [38;5;117m[DEBUG]: [0mThis is a debug message from thread 2118-09-2026 00:29:33 [38;5;015m[INFO]: [0mThis is a info message from thread 918-09-2026 00:29:33 [38;5;009m[ERROR]: [0mThis is a error message from thread 2618-09-2026 00:29:33 [38;5;009m[ERROR]: [0mThis is a error message from thread 1618-09-2026 00:29:33 [38;5;015m[INFO]: [0mThis is a info message from thread 2718-09-2026 00:29:33 [38;5;009m[ERROR]: [0mThis is a error message from thread 318-09-2026 00:29:33 [38;5;009m[ERROR]: [0mThis is a error message from thread 418-09-2026 00:29:33 [38;5;117m[DEBUG]: [0mThis is a debug message from thread 1618-09-2026 00:29:33 [38;5;015m[INFO]: [0mThis is a info message from thread 2118-09-2026 00:29:33 [38;5;015m[INFO]: [0mThis is a info message from thread 1518-09-2026 00:29:33 [38;5;009m[ERROR]: [0mThis is a error message from thread 1518-09-2026 00:29:33 [38;5;117m[DEBUG]: [0mThis is a debug message from thread 1518-09-2026 00:29:33 [38;5;015m[INFO]: [0mThis is a info message from thread 1618-09-2026 00:29:33 [38;5;009m[ERROR]: [0mThis is a error message from thread 1818-09-2026 00:29:33 [38;5;015m[INFO]: [0mThis is a info message from thread 2218-09-2026 00:29:33 [38;5;009m[ERROR]: [0mThis is a error message from thread 1618-09-2026 00:29:33 [38;5;009m[ERROR]: [0mThis is a error message from thread 2718-09-2026 00:29:33 [38;5;015m[INFO]: [0mThis is a info message from thread 1218-09-2026 00:29:33 [38;5;117m[DEBUG]: [0mThis is a debug message from thread 418-09-2026 00:29:33 [38;5;015m[INFO]: [0mThis is a info message from thread 018-09-2026 00:29:33 [38;5;015m[INFO]: [0mThis is a info message from thread 1118-09-2026 00:29:33 [38;5;009m[ERROR]: [0mThis is a error message from thread 2318-09-2026 00:29:33 [38;5;117m[DEBUG]: [0mThis is a debug message from thread 1618-09-2026 00:29:33 [38;5;009m[ERROR]: [0mThis is a error message from thread 918-09-2026 00:29:33 [38;5;015m[INFO]: [0mThis is a info message from thread 2018-09-2026 00:29:33 [38;5;117m[DEBUG]: [0mThis is a debug message from thread 318-09-2026 00:29:33 [38;5;117m[DEBUG]: [0mThis is a debug message from thread 2618-09-2026 00:29:33 [38;5;009m[ERROR]: [0mThis is a error message from thread 718-09-2026 00:29:33 [38;5;009m[ERROR]: [0mThis is a error message from thread 1218-09-2026 00:29:33 [38;5;009m[ERROR]: [0mThis is a error message from thread 2218-09-2026 00:29:33 [38;5;117m[DEBUG]: [0mThis is a debug message from thread 1318-09-2026 00:29:33 [38;5;015m[INFO]: [0mThis is a info message from thread 418-09-2026 00:29:33 [38;5;009m[ERROR]: [0mThis is a error message from thread 018-09-2026 00:29:33 [38;5;009m[ERROR]: [0mThis is a error message from thread 1118-09-2026 00:29:33 [38;5;015m[INFO]: [0mThis is a info message from thread 1618-09-2026 00:29:33 [38;5;009m[ERROR]: [0mThis is a error message from thread 418-09-2026 00:29:33 [38;5;117m[DEBUG]: [0mThis is a debug message from thread 918-09-2026 00:29:33 [38;5;117m[DEBUG]: [0mThis is a debug message from thread 1818-09-2026 00:29:33 [38;5;117m[DEBUG]: [0mThis is a debug message from thread 718-09-2026 00:29:33 [38;5;117m[DEBUG]: [0mThis is a debug message from thread 018-09-2026 00:29:33 [38;5;117m[DEBUG]: [0mThis is a debug message from thread 2218-09-2026 00:29:33 [38;5;117m[DEBUG]: [0mThis is a debug message from thread 418-09-2026 00:29:33 [38;5;009m[ERROR]: [0mThis is a error message from thread 1618-09-2026 00:29:33 [38;5;015m[INFO]: [0mThis is a info message from thread 1318-09-2026 00:29:33 [38;5;009m[ERROR]: [0mThis is a error message from thread 1318-09-2026 00:29:33 [38;5;015m[INFO]: [0mThis is a info message from thread 2218-09-2026 00:29:33 [38;5;015m[INFO]: [0mThis is a info message from thread 518-09-2026 00:29:33 [38;5;015m[INFO]: [0mThis is a info message from thread 2518-09-2026 00:29:33 [38;5;015m[INFO]: [0mThis is a info message from thread 218-09-2026 00:29:33 [38;5;015m[INFO]: [0mThis is a info message from thread 1518-09-2026 00:29:33 [38;5;009m[ERROR]: [0mThis is a error message from thread 2018-09-2026 00:29:33 [38;5;015m[INFO]: [0mThis is a info message from thread 2618-09-2026 00:29:33 [38;5;015m[INFO]: [0mThis is a info message from thread 1818-09-2026 00:29:33 [38;5;009m[ERROR]: [0mThis is a error message from thread 2118-09-2026 00:29:33 [38;5;117m[DEBUG]: [0mThis is a debug message from thread 2718-09-2026 00:29:33 [38;5;117m[DEBUG]: [0mThis is a debug message from thread 1618-09-2026 00:29:33 [38;5;015m[INFO]: [0mThis is a info message from thread 018-09-2026 00:29:33 [38;5;015m[INFO]: [0mThis is a info message from thread 1718-09-2026 00:29:33 [38;5;009m[ERROR]: [0mThis is a error message from thread 1818-09-2026 00:29:33 [38;5;015m[INFO]: [0mThis is a info message from thread 1618-09-2026 00:29:33 [38;5;015m[INFO]: [0mThis is a info message from thread 2418-09-2026 00:29:33 [38;5;117m[DEBUG]: [0mThis is a debug message from thread 2318-09-2026 00:29:33 [38;5;009m[ERROR]: [0mThis is a error message from thread 1418-09-2026 00:29:33 [38;5;009m[ERROR]: [0mThis is a error message from thread 1618-09-2026 00:29:33 [38;5;015m[INFO]: [0mThis is a info message from thread 918-09-2026 00:29:33 [38;5;117m[DEBUG]: [0mThis is a debug message from thread 1218-09-2026 00:29:33 [38;5;009m[ERROR]: [0mThis is a error message from thread 618-09-2026 00:29:33 [38;5;009m[ERROR]: [0mThis is a error message from thread 2518-09-2026 00:29:33 [38;5;117m[DEBUG]: [0mThis is a debug message from thread 118-09-2026 00:29:33 [38;5;117m[DEBUG]: [0mThis is a debug message from thread 1118-09-2026 00:29:33 [38;5;117m[DEBUG]: [0mThis is a debug message from thread 618-09-2026 00:29:33 [38;5;117m[DEBUG]: [0mThis is a debug message from thread 1618-09-2026 00:29:33 [38;5;009m[ERROR]: [0mThis is a error message from thread 1718-09-2026 00:29:33 [38;5;117m[DEBUG]: [0mThis is a debug message from thread 2918-09-2026 00:29:33 [38;5;015m[INFO]: [0mThis is a info message from thread 1918-09-2026 00:29:33 [38;5;009m[ERROR]: [0mThis is a error message from thread 2418-09-2026 00:29:33 [38;5;117m[DEBUG]: [0mThis is a debug message from thread 1018-09-2026 00:29:33 [38;5;015m[INFO]: [0mThis is a info message from thread 618-09-2026 00:29:33 [38;5;015m[INFO]: [0mThis is a info message from thread 318-09-2026 00:29:33 [38;5;117m[DEBUG]: [0mThis is a debug message from thread 1318-09-2026 00:29:33 [38;5;015m[INFO]: [0mThis is a info message from thread 1018-09-2026 00:29:33 [38;5;015m[INFO]: [0mThis is a info message from thread 718-09-2026 00:29:33 [38;5;009m[ERROR]: [0mThis is a error message from thread 1518-09-2026 00:29:33 [38;5;117m[DEBUG]: [0mThis is a debug message from thread 1418-09-2026 00:29:33 [38;5;009m[ERROR]: [0mThis is a error message from thread 1018-09-2026 00:29:33 [38;5;117m[DEBUG]: [0mThis is a debug message from thread 2018-09-2026 00:29:33 [38;5;117m[DEBUG]: [0mThis is a debug message from thread 1818-09-2026 00:29:33 [38;5;015m[INFO]: [0mThis is a info message from thread 2318-09-2026 00:29:33 [38;5;015m[INFO]: [0mThis is a info message from thread 1118-09-2026 00:29:33 [38;5;015m[INFO]: [0mThis is a info message from thread 1318-09-2026 00:29:33 [38;5;009m[ERROR]: [0mThis is a error message from thread 018-09-2026 00:29:33 [38;5;117m[DEBUG]: [0mThis is a debug message from thread 2118-09-2026 00:29:33 [38;5;117m[DEBUG]: [0mThis is a debug message from thread 2418-09-2026 00:29:33 [38;5;015m[INFO]: [0mThis is a info message from thread 1818-09-2026 00:29:33 [38;5;015m[INFO]: [0mThis is a info message from thread 2018-09-2026 00:29:33 [38;5;015m[INFO]: [0mThis is a info message from thread 118-09-2026 00:29:33 [38;5;009m[ERROR]: [0mThis is a error message from thread 1918-09-2026 00:29:33 [38;5;009m[ERROR]: [0mThis is a error message from thread 1318-09-2026 00:29:33 [38;5;009m[ERROR]: [0mThis is a error message from thread 2018-09-2026 00:29:33 [38;5;009m[ERROR]: [0mThis is a error message from thread 718-09-2026 00:29:33 [38;5;009m[ERROR]: [0mThis is a error message from thread 2318-09-2026 00:29:33 [38;5;015m[INFO]: [0mThis is a info message from thread 2118-09-2026 00:29:33 [38;5;009m[ERROR]: [0mThis is a error message from thread 918-09-2026 00:29:33 [38;5;117m[DEBUG]: [0mThis is a debug message from thread 2518-09-2026 00:29:33 [38;5;009m[ERROR]: [0mThis is a error message from thread 2218-09-2026 00:29:33 [38;5;117m[DEBUG]: [0mThis is a debug message from thread 2218-09-2026 00:29:33 [38;5;009m[ERROR]: [0mThis is a error message from thread 318-09-2026 00:29:33 [38;5;009m[ERROR]: [0mThis is a error message from thread 218-09-2026 00:29:33 [38;5;009m[ERROR]: [0mThis is a error message from thread 118-09-2026 00:29:33 [38;5;117m[DEBUG]: [0mThis is a debug message from thread 218-09-2026 00:29:33 [38;5;015m[INFO]: [0mThis is a info message from thread 1418-09-2026 00:29:33 [38;5;015m[INFO]: [0mThis is a info message from thread 2218-09-2026 00:29:33 [38;5;117m[DEBUG]: [0mThis is a debug message from thread 2018-09-2026 00:29:33 [38;5;015m[INFO]: [0mThis is a info message from thread 2818-09-2026 00:29:33 [38;5;117m[DEBUG]: [0mThis is a debug message from thread 1318-09-2026 00:29:33 [38;5;009m[ERROR]: [0mThis is a error message from thread 1418-09-2026 00:29:33 [38;5;009m[ERROR]: [0mThis is a error message from thread 1818-09-2026 00:29:33 [38;5;015m[INFO]: [0mThis is a info message from thread 418-09-2026 00:29:33 [38;5;009m[ERROR]: [0mThis is a error message from thread 2618-09-2026 00:29:33 [38;5;117m[DEBUG]: [0mThis is a debug message from thread 118-09-2026 00:29:33 [38;5;015m[INFO]: [0mThis is a info message from thread 2918-09-2026 00:29:33 [38;5;015m[INFO]: [0mThis is a info message from thread 1218-09-2026 00:29:33 [38;5;015m[INFO]: [0mThis is a info message from thread 2018-09-2026 00:29:33 [38;5;117m[DEBUG]: [0mThis is a debug message from thread 918-09-2026 00:29:33 [38;5;009m[ERROR]: [0mThis is a error message from thread 2918-09-2026 00:29:33 [38;5;117m[DEBUG]: [0mThis is a debug message from thread 1418-09-2026 00:29:33 [38;5;009m[ERROR]: [0mThis is a error message from thread 2018-09-2026 00:29:33 [38;5;117m[DEBUG]: [0mThis is a debug message from thread 018-09-2026 00:29:33 [38;5;015m[INFO]: [0mThis is a info message from thread 118-09-2026 00:29:33 [38;5;117m[DEBUG]: [0mThis is a debug message from thread 2918-09-2026 00:29:33 [38;5;009m[ERROR]: [0mThis is a error message from thread 418-09-2026 00:29:33 [38;5;117m[DEBUG]: [0mThis is a debug message from thread 2618-09-2026 00:29:33 [38;5;117m[DEBUG]: [0mThis is a debug message from thread 1018-09-2026 00:29:33 [38;5;015m[INFO]: [0mThis is a info message from thread 2418-09-2026 00:29:33 [38;5;015m[INFO]: [0mThis is a info message from thread 2518-09-2026 00:29:33 [38;5;117m[DEBUG]: [0mThis is a debug message from thread 2318-09-2026 00:29:33 [38;5;009m[ERROR]: [0mThis is a error message from thread 2418-09-2026 00:29:33 [38;5;009m[ERROR]: [0mThis is a error message from thread 2518-09-2026 00:29:33 [38;5;117m[DEBUG]: [0mThis is a debug message from thread 2418-09-2026 00:29:33 [38;5;117m[DEBUG]: [0mThis is a debug message from thread 1818-09-2026 00:29:33 [38;5;015m[INFO]: [0mThis is a info message from thread 2318-09-2026 00:29:33 [38;5;117m[DEBUG]: [0mThis is a debug message from thread 418-09-2026 00:29:33 [38;5;015m[INFO]: [0mThis is a info message from thread 2918-09-2026 00:29:33 [38;5;015m[INFO]: [0mThis is a info message from thread 2418-09-2026 00:29:33 [38;5;015m[INFO]: [0mThis is a info message from thread 1818-09-2026 00:29:33 [38;5;015m[INFO]: [0mThis is a info message from thread 018-09-2026 00:29:33 [38;5;009m[ERROR]: [0mThis is a error message from thread 518-09-2026 00:29:33 [38;5;009m[ERROR]: [0mThis is a error message from thread 2818-09-2026 00:29:33 [38;5;009m[ERROR]: [0mThis is a error message from thread 2218-09-2026 00:29:33 [38;5;009m[ERROR]: [0mThis is a error message from thread 1818-09-2026 00:29:33 [38;5;009m[ERROR]: [0mThis is a error message from thread 2318-09-2026 00:29:33 [38;5;009m[ERROR]: [0mThis is a error message from thread 018-09-2026 00:29:33 [38;5;117m[DEBUG]: [0mThis is a debug message from thread 1818-09-2026 00:29:33 [38;5;117m[DEBUG]: [0mThis is a debug message from thread 2818-09-2026 00:29:33 [38;5;117m[DEBUG]: [0mThis is a debug message from thread 1518-09-2026 00:29:33 [38;5;015m[INFO]: [0mThis is a info message from thread 1818-09-2026 00:29:33 [38;5;117m[DEBUG]: [0mThis is a debug message from thread 2018-09-2026 00:29:33 [38;5;009m[ERROR]: [0mThis is a error message from thread 618-09-2026 00:29:33 [38;5;015m[INFO]: [0mThis is a info message from thread 1518-09-2026 00:29:33 [38;5;009m[ERROR]: [0mThis is a error message from thread 1818-09-2026 00:29:33 [38;5;117m[DEBUG]: [0mThis is a debug message from thread 2218-09-2026 00:29:33 [38;5;015m[INFO]: [0mThis is a info message from thread 2618-09-2026 00:29:33 [38;5;009m[ERROR]: [0mThis is a error message from thread 118-09-2026 00:29:33 [38;5;117m[DEBUG]: [0mThis is a debug message from thread 118-09-2026 00:29:33 [38;5;117m[DEBUG]: [0mThis is a debug message from thread 1918-09-2026 00:29:33 [38;5;117m[DEBUG]: [0mThis is a debug message from thread 618-09-2026 00:29:33 [38;5;015m[INFO]: [0mThis is a info message from thread 918-09-2026 00:29:33 [38;5;117m[DEBUG]: [0mThis is a debug message from thread 2318-09-2026 00:29:33 [38;5;015m[INFO]: [0mThis is a info message from thread 2718-09-2026 00:29:33 [38;5;015m[INFO]: [0mThis is a info message from thread 1018-09-2026 00:29:33 [38;5;015m[INFO]: [0mThis is a info message from thread 1618-09-2026 00:29:33 [38;5;015m[INFO]: [0mThis is a info message from thread 1418-09-2026 00:29:33 [38;5;117m[DEBUG]: [0mThis is a debug message from thread 2518-09-2026 00:29:33 [38;5;009m[ERROR]: [0mThis is a error message from thread 1618-09-2026 00:29:33 [38;5;009m[ERROR]: [0mThis is a error message from thread 1418-09-2026 00:29:33 [38;5;015m[INFO]: [0mThis is a info message from thread 418-09-2026 00:29:33 [38;5;015m[INFO]: [0mThis is a info message from thread 2518-09-2026 00:29:33 [38;5;009m[ERROR]: [0mThis is a error message from thread 418-09-2026 00:29:33 [38;5;117m[DEBUG]: [0mThis is a debug message from thread 1418-09-2026 00:29:33 [38;5;009m[ERROR]: [0mThis is a error message from thread 2718-09-2026 00:29:33 [38;5;009m[ERROR]: [0mThis is a error message from thread 1018-09-2026 00:29:33 [38;5;009m[ERROR]: [0mThis is a error message from thread 2118-09-2026 00:29:33 [38;5;015m[INFO]: [0mThis is a info message from thread 1418-09-2026 00:29:33 [38;5;117m[DEBUG]: [0mThis is a debug message from thread 418-09-2026 00:29:33 [38;5;117m[DEBUG]: [0mThis is a debug message from thread 2718-09-2026 00:29:33 [38;5;117m[DEBUG]: [0mThis is a debug message from thread 018-09-2026 00:29:33 [38;5;117m[DEBUG]: [0mThis is a debug message from thread 2118-09-2026 00:29:33 [38;5;015m[INFO]: [0mThis is a info message from thread 2718-09-2026 00:29:33 [38;5;117m[DEBUG]: [0mThis is a debug message from thread 518-09-2026 00:29:33 [38;5;015m[INFO]: [0mThis is a info message from thread 418-09-2026 00:29:33 [38;5;117m[DEBUG]: [0mThis is a debug message from thread 818-09-2026 00:29:33 [38;5;117m[DEBUG]: [0mThis is a debug message from thread 1718-09-2026 00:29:33 [38;5;015m[INFO]: [0mThis is a info message from thread 2118-09-2026 00:29:33 [38;5;015m[INFO]: [0mThis is a info message from thread 818-09-2026 00:29:33 [38;5;015m[INFO]: [0mThis is a info message from thread 1718-09-2026 00:29:33 [38;5;117m[DEBUG]: [0mThis is a debug message from thread 1818-09-2026 00:29:33 [38;5;009m[ERROR]: [0mThis is a error message from thread 2918-09-2026 00:29:33 [38;5;009m[ERROR]: [0mThis is a error message from thread 1418-09-2026 00:29:33 [38;5;117m[DEBUG]: [0mThis is a debug message from thread 318-09-2026 00:29:33 [38;5;015m[INFO]: [0mThis is a info message from thread 2218-09-2026 00:29:33 [38;5;015m[INFO]: [0mThis is a info message from thread 2018-09-2026 00:29:33 [38;5;009m[ERROR]: [0mThis is a error message from thread 2418-09-2026 00:29:33 [38;5;117m[DEBUG]: [0mThis is a debug message from thread 2418-09-2026 00:29:33 [38;5;015m[INFO]: [0mThis is a info message from thread 318-09-2026 00:29:33 [38;5;009m[ERROR]: [0mThis is a error message from thread 1718-09-2026 00:29:33 [38;5;009m[ERROR]: [0mThis is a error message from thread 2618-09-2026 00:29:33 [38;5;009m[ERROR]: [0mThis is a error message from thread 2018-09-2026 00:29:33 [38;5;117m[DEBUG]: [0mThis is a debug message from thread 1718-09-2026 00:29:33 [38;5;015m[INFO]: [0mThis is a info message from thread 1318-09-2026 00:29:33 [38;5;015m[INFO]: [0mThis is a info message from thread 1818-09-2026 00:29:33 [38;5;015m[INFO]: [0mThis is a info message from thread 2418-09-2026 00:29:33 [38;5;117m[DEBUG]: [0mThis is a debug message from thread 2918-09-2026 00:29:33 [38;5;015m[INFO]: [0mThis is a info message from thread 118-09-2026 00:29:33 [38;5;117m[DEBUG]: [0mThis is a debug message from thread 2618-09-2026 00:29:33 [38;5;015m[INFO]: [0mThis is a info message from thread 218-09-2026 00:29:33 [38;5;015m[INFO]: [0mThis is a info message from thread 1918-09-2026 00:29:33 [38;5;009m[ERROR]: [0mThis is a error message from thread 1518-09-2026 00:29:33 [38;5;117m[DEBUG]: [0mThis is a debug message from thread 2018-09-2026 00:29:33 [38;5;009m[ERROR]: [0mThis is a error message from thread 1918-09-2026 00:29:33 [38;5;009m[ERROR]: [0mThis is a error message from thread 1818-09-2026 00:29:33 [38;5;015m[INFO]: [0mThis is a info message from thread 1718-09-2026 00:29:33 [38;5;009m[ERROR]: [0mThis is a error message from thread 2518-09-2026 00:29:33 [38;5;117m[DEBUG]: [0mThis is a debug message from thread 1018-09-2026 00:29:33 [38;5;009m[ERROR]: [0mThis is a error message from thread 2418-09-2026 00:29:33 [38;5;009m[ERROR]: [0mThis is a error message from thread 1318-09-2026 00:29:33 [38;5;015m[INFO]: [0mThis is a info message from thread 2918-09-2026 00:29:33 [38;5;117m[DEBUG]: [0mThis is a debug message from thread 1818-09-2026 00:29:33 [38;5;009m[ERROR]: [0mThis is a error message from thread 2718-09-2026 00:29:33 [38;5;117m[DEBUG]: [0mThis is a debug message from thread 1318-09-2026 00:29:33 [38;5;117m[DEBUG]: [0mThis is a debug message from thread 2518-09-2026 00:29:33 [38;5;015m[INFO]: [0mThis is a info message from thread 518-09-2026 00:29:33 [38;5;015m[INFO]: [0mThis is a info message from thread 2618-09-2026 00:29:33 [38;5;009m[ERROR]: [0mThis is a error message from thread 218-09-2026 00:29:33 [38;5;009m[ERROR]: [0mThis is a error message from thread 2918-09-2026 00:29:33 [38;5;015m[INFO]: [0mThis is a info message from thread 1018-09-2026 00:29:33 [38;5;015m[INFO]: [0mThis is a info message from thread 2518-09-2026 00:29:33 [38;5;009m[ERROR]: [0mThis is a error message from thread 1018-09-2026 00:29:33 [38;5;009m[ERROR]: [0mThis is a error message from thread 118-09-2026 00:29:33 [38;5;009m[ERROR]: [0mThis is a error message from thread 818-09-2026 00:29:33 [38;5;117m[DEBUG]: [0mThis is a debug message from thread 1918-09-2026 00:29:33 [38;5;117m[DEBUG]: [0mThis is a debug message from thread 118-09-2026 00:29:33 [38;5;009m[ERROR]: [0mThis is a error message from thread 318-09-2026 00:29:33 [38;5;117m[DEBUG]: [0mThis is a debug message from thread 2918-09-2026 00:29:33 [38;5;117m[DEBUG]: [0mThis is a debug message from thread 218-09-2026 00:29:33 [38;5;009m[ERROR]: [0mThis is a error message from thread 2618-09-2026 00:29:33 [38;5;117m[DEBUG]: [0mThis is a debug message from thread 1418-09-2026 00:29:33 [38;5;015m[INFO]: [0mThis is a info message from thread 618-09-2026 00:29:33 [38;5;117m[DEBUG]: [0mThis is a debug message from thread 1518-09-2026 00:29:33 [38;5;009m[ERROR]: [0mThis is a error message from thread 2218-09-2026 00:29:33 [38;5;015m[INFO]: [0mThis is a info message from thread 2918-09-2026 00:29:33 [38;5;015m[INFO]: [0mThis is a info message from thread 1418-09-2026 00:29:33 [38;5;009m[ERROR]: [0mThis is a error message from thread 618-09-2026 00:29:33 [38;5;117m[DEBUG]: [0mThis is a debug message from thread 818-09-2026 00:29:33 [38;5;015m[INFO]: [0mThis is a info message from thread 2818-09-2026 00:29:33 [38;5;015m[INFO]: [0mThis is a info message from thread 1518-09-2026 00:29:33 [38;5;009m[ERROR]: [0mThis is a error message from thread 418-09-2026 00:29:33 [38;5;117m[DEBUG]: [0mThis is a debug message from thread 2218-09-2026 00:29:33 [38;5;117m[DEBUG]: [0mThis is a debug message from thread 618-09-2026 00:29:33 [38;5;009m[ERROR]: [0mThis is a error message from thread 2918-09-2026 00:29:33 [38;5;117m[DEBUG]: [0mThis is a debug message from thread 2718-09-2026 00:29:33 [38;5;009m[ERROR]: [0mThis is a error message from thread 2818-09-2026 00:29:33 [38;5;015m[INFO]: [0mThis is a info message from thread 1818-09-2026 00:29:33 [38;5;009m[ERROR]: [0mThis is a error message from thread 1718-09-2026 00:29:33 [38;5;015m[INFO]: [0mThis is a info message from thread 1918-09-2026 00:29:33 [38;5;015m[INFO]: [0mThis is a info message from thread 2018-09-2026 00:29:33 [38;5;117m[DEBUG]: [0mThis is a debug message from thread 2418-09-2026 00:29:33 [38;5;009m[ERROR]: [0mThis is a error message from thread 2118-09-2026 00:29:33 [38;5;015m[INFO]: [0mThis is a info message from thread 1318-09-2026 00:29:33 [38;5;015m[INFO]: [0mThis is a info message from thread 2218-09-2026 00:29:33 [38;5;015m[INFO]: [0mThis is a info message from thread 818-09-2026 00:29:33 [38;5;015m[INFO]: [0mThis is a info message from thread 2418-09-2026 00:29:33 [38;5;015m[INFO]: [0mThis is a info message from thread 2718-09-2026 00:29:33 [38;5;009m[ERROR]: [0mThis is a error message from thread 2518-09-2026 00:29:33 [38;5;117m[DEBUG]: [0mThis is a debug message from thread 2918-09-2026 00:29:33 [38;5;117m[DEBUG]: [0mThis is a debug message from thread 1018-09-2026 00:29:33 [38;5;009m[ERROR]: [0mThis is a error message from thread 818-09-2026 00:29:33 [38;5;009m[ERROR]: [0mThis is a error message from thread 2718-09-2026 00:29:33 [38;5;117m[DEBUG]: [0mThis is a debug message from thread 818-09-2026 00:29:33 [38;5;015m[INFO]: [0mThis is a info message from thread 2318-09-2026 00:29:33 [38;5;009m[ERROR]: [0mThis is a error message from thread 2218-09-2026 00:29:33 [38;5;009m[ERROR]: [0mThis is a error message from thread 1318-09-2026 00:29:33 [38;5;009m[ERROR]: [0mThis is a error message from thread 1118-09-2026 00:29:33 [38;5;015m[INFO]: [0mThis is a info message from thread 1018-09-2026 00:29:33 [38;5;009m[ERROR]: [0mThis is a error message from thread 2418-09-2026 00:29:33 [38;5;015m[INFO]: [0mThis is a info message from thread 2918-09-2026 00:29:33 [38;5;117m[DEBUG]: [0mThis is a debug message from thread 2518-09-2026 00:29:33 [38;5;117m[DEBUG]: [0mThis is a debug message from thread 1118-09-2026 00:29:33 [38;5;117m[DEBUG]: [0mThis is a debug message from thread 1618-09-2026 00:29:33 [38;5;015m[INFO]: [0mThis is a info message from thread 1618-09-2026 00:29:33 [38;5;117m[DEBUG]: [0mThis is a debug message from thread 2218-09-2026 00:29:33 [38;5;117m[DEBUG]: [0mThis is a debug message from thread 2118-09-2026 00:29:33 [38;5;015m[INFO]: [0mThis is a info message from thread 818-09-2026 00:29:33 [38;5;117m[DEBUG]: [0mThis is a debug message from thread 718-09-2026 00:29:33 [38;5;015m[INFO]: [0mThis is a info message from thread 1118-09-2026 00:29:33 [38;5;009m[ERROR]: [0mThis is a error message from thread 1618-09-2026 00:29:33 [38;5;009m[ERROR]: [0mThis is a error message from thread 1118-09-2026 00:29:33 [38;5;015m[INFO]: [0mThis is a info message from thread 2218-09-2026 00:29:33 [38;5;015m[INFO]: [0mThis is a info message from thread 2518-09-2026 00:29:33 [38;5;117m[DEBUG]: [0mThis is a debug message from thread 1318-09-2026 00:29:33 [38;5;009m[ERROR]: [0mThis is a error message from thread 818-09-2026 00:29:33 [38;5;009m[ERROR]: [0mThis is a error message from thread 1418-09-2026 00:29:33 [38;5;117m[DEBUG]: [0mThis is a debug message from thread 2618-09-2026 00:29:33 [38;5;009m[ERROR]: [0mThis is a error message from thread 1218-09-2026 00:29:33 [38;5;117m[DEBUG]: [0mThis is a debug message from thread 1718-09-2026 00:29:33 [38;5;015m[INFO]: [0mThis is a info message from thread 2118-09-2026 00:29:33 [38;5;015m[INFO]: [0mThis is a info message from thread 618-09-2026 00:29:33 [38;5;009m[ERROR]: [0mThis is a error message from thread 2018-09-2026 00:29:33 [38;5;009m[ERROR]: [0mThis is a error message from thread 2318-09-2026 00:29:33 [38;5;117m[DEBUG]: [0mThis is a debug message from thread 1618-09-2026 00:29:33 [38;5;009m[ERROR]: [0mThis is a error message from thread 1018-09-2026 00:29:33 [38;5;009m[ERROR]: [0mThis is a error message from thread 1518-09-2026 00:29:33 [38;5;117m[DEBUG]: [0mThis is a debug message from thread 2018-09-2026 00:29:33 [38;5;117m[DEBUG]: [0mThis is a debug message from thread 2718-09-2026 00:29:33 [38;5;009m[ERROR]: [0mThis is a error message from thread 2118-09-2026 00:29:33 [38;5;015m[INFO]: [0mThis is a info message from thread 1718-09-2026 00:29:33 [38;5;009m[ERROR]: [0mThis is a error message from thread 1918-09-2026 00:29:33 [38;5;117m[DEBUG]: [0mThis is a debug message from thread 2818-09-2026 00:29:33 [38;5;009m[ERROR]: [0mThis is a error message from thread 918-09-2026 00:29:33 [38;5;117m[DEBUG]: [0mThis is a debug message from thread 418-09-2026 00:29:33 [38;5;015m[INFO]: [0mThis is a info message from thread 2718-09-2026 00:29:33 [38;5;117m[DEBUG]: [0mThis is a debug message from thread 2118-09-2026 00:29:33 [38;5;015m[INFO]: [0mThis is a info message from thread 418-09-2026 00:29:33 [38;5;015m[INFO]: [0mThis is a info message from thread 118-09-2026 00:29:33 [38;5;117m[DEBUG]: [0mThis is a debug message from thread 318-09-2026 00:29:33 [38;5;009m[ERROR]: [0mThis is a error message from thread 118-09-2026 00:29:33 [38;5;117m[DEBUG]: [0mThis is a debug message from thread 818-09-2026 00:29:33 [38;5;015m[INFO]: [0mThis is a info message from thread 318-09-2026 00:29:33 [38;5;117m[DEBUG]: [0mThis is a debug message from thread 1218-09-2026 00:29:33 [38;5;117m[DEBUG]: [0mThis is a debug message from thread 118-09-2026 00:29:33 [38;5;009m[ERROR]: [0mThis is a error message from thread 2918-09-2026 00:29:33 [38;5;015m[INFO]: [0mThis is a info message from thread 1218-09-2026 00:29:33 [38;5;009m[ERROR]: [0mThis is a error message from thread 2518-09-2026 00:29:33 [38;5;015m[INFO]: [0mThis is a info message from thread 2618-09-2026 00:29:33 [38;5;009m[ERROR]: [0mThis is a error message from thread 2218-09-2026 00:29:33 [38;5;117m[DEBUG]: [0mThis is a debug message from thread 2518-09-2026 00:29:33 [38;5;009m[ERROR]: [0mThis is a error message from thread 618-09-2026 00:29:33 [38;5;009m[ERROR]: [0mThis is a error message from thread 1718-09-2026 00:29:33 [38;5;117m[DEBUG]: [0mThis is a debug message from thread 618-09-2026 00:29:33 [38;5;117m[DEBUG]: [0mThis is a debug message from thread 1418-09-2026 00:29:33 [38;5;117m[DEBUG]: [0mThis is a debug message from thread 1718-09-2026 00:29:33 [38;5;015m[INFO]: [0mThis is a info message from thread 618-09-2026 00:29:33 [38;5;117m[DEBUG]: [0mThis is a debug message from thread 918-09-2026 00:29:33 [38;5;015m[INFO]: [0mThis is a info message from thread 1418-09-2026 00:29:33 [38;5;009m[ERROR]: [0mThis is a error message from thread 618-09-2026 00:29:33 [38;5;117m[DEBUG]: [0mThis is a debug message from thread 1118-09-2026 00:29:33 [38;5;117m[DEBUG]: [0mThis is a debug message from thread 618-09-2026 00:29:33 [38;5;015m[INFO]: [0mThis is a info message from thread 1118-09-2026 00:29:33 [38;5;015m[INFO]: [0mThis is a info message from thread 618-09-2026 00:29:33 [38;5;009m[ERROR]: [0mThis is a error message from thread 2718-09-2026 00:29:33 [38;5;009m[ERROR]: [0mThis is a error message from thread 418-09-2026 00:29:33 [38;5;117m[DEBUG]: [0mThis is a debug message from thread 2418-09-2026 00:29:33 [38;5;015m[INFO]: [0mThis is a info message from thread 2818-09-2026 00:29:33 [38;5;009m[ERROR]: [0mThis is a error message from thread 1118-09-2026 00:29:33 [38;5;117m[DEBUG]: [0mThis is a debug message from thread 418-09-2026 00:29:33 [38;5;015m[INFO]: [0mThis is a info message from thread 2418-09-2026 00:29:33 [38;5;009m[ERROR]: [0mThis is a error message from thread 318-09-2026 00:29:33 [38;5;015m[INFO]: [0mThis is a info message from thread 218-09-2026 00:29:33 [38;5;117m[DEBUG]: [0mThis is a debug message from thread 1118-09-2026 00:29:33 [38;5;117m[DEBUG]: [0mThis is a debug message from thread 2918-09-2026 00:29:33 [38;5;009m[ERROR]: [0mThis is a error message from thread 1218-09-2026 00:29:33 [38;5;117m[DEBUG]: [0mThis is a debug message from thread 2218-09-2026 00:29:33 [38;5;009m[ERROR]: [0mThis is a error message from thread 218-09-2026 00:29:33 [38;5;117m[DEBUG]: [0mThis is a debug message from thread 1218-09-2026 00:29:33 [38;5;117m[DEBUG]: [0mThis is a debug message from thread 2318-09-2026 00:29:33 [38;5;009m[ERROR]: [0mThis is a error message from thread 2818-09-2026 00:29:33 [38;5;117m[DEBUG]: [0mThis is a debug message from thread 218-09-2026 00:29:33 [38;5;117m[DEBUG]: [0mThis is a debug message from thread 1918-09-2026 00:29:33 [38;5;015m[INFO]: [0mThis is a info message from thread 2918-09-2026 00:29:33 [38;5;015m[INFO]: [0mThis is a info message from thread 1718-09-2026 00:29:33 [38;5;117m[DEBUG]: [0mThis is a debug message from thread 318-09-2026 00:29:33 [38;5;015m[INFO]: [0mThis is a info message from thread 918-09-2026 00:29:33 [38;5;009m[ERROR]: [0mThis is a error message from thread 918-09-2026 00:29:33 [38;5;009m[ERROR]: [0mThis is a error message from thread 1718-09-2026 00:29:33 [38;5;009m[ERROR]: [0mThis is a error message from thread 1818-09-2026 00:29:33 [38;5;015m[INFO]: [0mThis is a info message from thread 1218-09-2026 00:29:33 [38;5;117m[DEBUG]: [0mThis is a debug message from thread 918-09-2026 00:29:33 [38;5;117m[DEBUG]: [0mThis is a debug message from thread 1718-09-2026 00:29:33 [38;5;009m[ERROR]: [0mThis is a error message from thread 1218-09-2026 00:29:33 [38;5;117m[DEBUG]: [0mThis is a debug message from thread 1818-09-2026 00:29:33 [38;5;015m[INFO]: [0mThis is a info message from thread 918-09-2026 00:29:33 [38;5;117m[DEBUG]: [0mThis is a debug message from thread 1218-09-2026 00:29:33 [38;5;015m[INFO]: [0mThis is a info message from thread 1718-09-2026 00:29:33 [38;5;015m[INFO]: [0mThis is a info message from thread 1818-09-2026 00:29:33 [38;5;009m[ERROR]: [0mThis is a error message from thread 918-09-2026 00:29:33 [38;5;009m[ERROR]: [0mThis is a error message from thread 1818-09-2026 00:29:33 [38;5;015m[INFO]: [0mThis is a info message from thread 1218-09-2026 00:29:33 [38;5;009m[ERROR]: [0mThis is a error message from thread 1718-09-2026 00:29:33 [38;5;015m[INFO]: [0mThis is a info message from thread 2018-09-2026 00:29:33 [38;5;015m[INFO]: [0mThis is a info message from thread 1118-09-2026 00:29:33 [38;5;009m[ERROR]: [0mThis is a error message from thread 1218-09-2026 00:29:33 [38;5;117m[DEBUG]: [0mThis is a debug message from thread 918-09-2026 00:29:33 [38;5;117m[DEBUG]: [0mThis is a debug message from thread 1818-09-2026 00:29:33 [38;5;117m[DEBUG]: [0mThis is a debug message from thread 1718-09-2026 00:29:33 [38;5;015m[INFO]: [0mThis is a info message from thread 1818-09-2026 00:29:33 [38;5;117m[DEBUG]: [0mThis is a debug message from thread 1218-09-2026 00:29:33 [38;5;015m[INFO]: [0mThis is a info message from thread 1218-09-2026 00:29:33 [38;5;009m[ERROR]: [0mThis is a error message from thread 1818-09-2026 00:29:33 [38;5;009m[ERROR]: [0mThis is a error message from thread 1218-09-2026 00:29:33 [38;5;117m[DEBUG]: [0mThis is a debug message from thread 1818-09-2026 00:29:33 [38;5;015m[INFO]: [0mThis is a info message from thread 2218-09-2026 00:29:33 [38;5;015m[INFO]: [0mThis is a info message from thread 918-09-2026 00:29:33 [38;5;009m[ERROR]: [0mThis is a error message from thread 1118-09-2026 00:29:33 [38;5;015m[INFO]: [0mThis is a info message from thread 1718-09-2026 00:29:33 [38;5;117m[DEBUG]: [0mThis is a debug message from thread 2818-09-2026 00:29:33 [38;5;117m[DEBUG]: [0mThis is a debug message from thread 1018-09-2026 00:29:33 [38;5;009m[ERROR]: [0mThis is a error message from thread 918-09-2026 00:29:33 [38;5;117m[DEBUG]: [0mThis is a debug message from thread 918-09-2026 00:29:33 [38;5;015m[INFO]: [0mThis is a info message from thread 818-09-2026 00:29:33 [38;5;009m[ERROR]: [0mThis is a error message from thread 1718-09-2026 00:29:33 [38;5;009m[ERROR]: [0mThis is a error message from thread 2018-09-2026 00:29:33 [38;5;009m[ERROR]: [0mThis is a error message from thread 2218-09-2026 00:29:33 [38;5;117m[DEBUG]: [0mThis is a debug message from thread 1718-09-2026 00:29:33 [38;5;009m[ERROR]: [0mThis is a error message from thread 2418-09-2026 00:29:33 [38;5;009m[ERROR]: [0mThis is a error message from thread 2618-09-2026 00:29:33 [38;5;015m[INFO]: [0mThis is a info message from thread 2818-09-2026 00:29:33 [38;5;117m[DEBUG]: [0mThis is a debug message from thread 1218-09-2026 00:29:33 [38;5;015m[INFO]: [0mThis is a info message from thread 918-09-2026 00:29:33 [38;5;015m[INFO]: [0mThis is a info message from thread 1318-09-2026 00:29:33 [38;5;117m[DEBUG]: [0mThis is a debug message from thread 1518-09-2026 00:29:33 [38;5;009m[ERROR]: [0mThis is a error message from thread 618-09-2026 00:29:33 [38;5;015m[INFO]: [0mThis is a info message from thread 2118-09-2026 00:29:33 [38;5;117m[DEBUG]: [0mThis is a debug message from thread 2018-09-2026 00:29:33 [38;5;117m[DEBUG]: [0mThis is a debug message from thread 2418-09-2026 00:29:33 [38;5;009m[ERROR]: [0mThis is a error message from thread 2818-09-2026 00:29:33 [38;5;015m[INFO]: [0mThis is a info message from thread 2318-09-2026 00:29:33 [38;5;015m[INFO]: [0mThis is a info message from thread 1018-09-2026 00:29:33 [38;5;015m[INFO]: [0mThis is a info message from thread 018-09-2026 00:29:33 [38;5;015m[INFO]: [0mThis is a info message from thread 118-09-2026 00:29:33 [38;5;009m[ERROR]: [0mThis is a error message from thread 518-09-2026 00:29:33 [38;5;009m[ERROR]: [0mThis is a error message from thread 2118-09-2026 00:29:33 [38;5;015m[INFO]: [0mThis is a info message from thread 218-09-2026 00:29:33 [38;5;117m[DEBUG]: [0mThis is a debug message from thread 2118-09-2026 00:29:33 [38;5;015m[INFO]: [0mThis is a info message from thread 1718-09-2026 00:29:33 [38;5;009m[ERROR]: [0mThis is a error message from thread 018-09-2026 00:29:33 [38;5;117m[DEBUG]: [0mThis is a debug message from thread 2218-09-2026 00:29:33 [38;5;009m[ERROR]: [0mThis is a error message from thread 1018-09-2026 00:29:33 [38;5;015m[INFO]: [0mThis is a info message from thread 2018-09-2026 00:29:33 [38;5;015m[INFO]: [0mThis is a info message from thread 2218-09-2026 00:29:33 [38;5;015m[INFO]: [0mThis is a info message from thread 1618-09-2026 00:29:33 [38;5;015m[INFO]: [0mThis is a info message from thread 1918-09-2026 00:29:33 [38;5;117m[DEBUG]: [0mThis is a debug message from thread 1018-09-2026 00:29:33 [38;5;015m[INFO]: [0mThis is a info message from thread 2518-09-2026 00:29:33 [38;5;009m[ERROR]: [0mThis is a error message from thread 1718-09-2026 00:29:33 [38;5;009m[ERROR]: [0mThis is a error message from thread 1918-09-2026 00:29:33 [38;5;009m[ERROR]: [0mThis is a error message from thread 2218-09-2026 00:29:33 [38;5;117m[DEBUG]: [0mThis is a debug message from thread 518-09-2026 00:29:33 [38;5;009m[ERROR]: [0mThis is a error message from thread 2318-09-2026 00:29:33 [38;5;009m[ERROR]: [0mThis is a error message from thread 818-09-2026 00:29:33 [38;5;009m[ERROR]: [0mThis is a error message from thread 2018-09-2026 00:29:33 [38;5;117m[DEBUG]: [0mThis is a debug message from thread 2718-09-2026 00:29:33 [38;5;015m[INFO]: [0mThis is a info message from thread 318-09-2026 00:29:33 [38;5;009m[ERROR]: [0mThis is a error message from thread 918-09-2026 00:29:33 [38;5;009m[ERROR]: [0mThis is a error message from thread 2518-09-2026 00:29:33 [38;5;117m[DEBUG]: [0mThis is a debug message from thread 1718-09-2026 00:29:33 [38;5;009m[ERROR]: [0mThis is a error message from thread 218-09-2026 00:29:33 [38;5;117m[DEBUG]: [0mThis is a debug message from thread 2018-09-2026 00:29:33 [38;5;009m[ERROR]: [0mThis is a error message from thread 318-09-2026 00:29:33 [38;5;009m[ERROR]: [0mThis is a error message from thread 118-09-2026 00:29:33 [38;5;117m[DEBUG]: [0mThis is a debug message from thread 918-09-2026 00:29:33 [38;5;117m[DEBUG]: [0mThis is a debug message from thread 1918-09-2026 00:29:33 [38;5;015m[INFO]: [0mThis is a info message from thread 2418-09-2026 00:29:33 [38;5;015m[INFO]: [0mThis is a info message from thread 518-09-2026 00:29:33 [38;5;117m[DEBUG]: [0mThis is a debug message from thread 2318-09-2026 00:29:33 [38;5;117m[DEBUG]: [0mThis is a debug message from thread 618-09-2026 00:29:33 [38;5;015m[INFO]: [0mThis is a info message from thread 718-09-2026 00:29:33 [38;5;015m[INFO]: [0mThis is a info message from thread 1018-09-2026 00:29:33 [38;5;015m[INFO]: [0mThis is a info message from thread 1818-09-2026 00:29:33 [38;5;009m[ERROR]: [0mThis is a error message from thread 718-09-2026 00:29:33 [38;5;009m[ERROR]: [0mThis is a error message from thread 1018-09-2026 00:29:33 [38;5;117m[DEBUG]: [0mThis is a debug message from thread 218-09-2026 00:29:33 [38;5;009m[ERROR]: [0mThis is a error message from thread 1818-09-2026 00:29:33 [38;5;117m[DEBUG]: [0mThis is a debug message from thread 718-09-2026 00:29:33 [38;5;117m[DEBUG]: [0mThis is a debug message from thread 1818-09-2026 00:29:33 [38;5;117m[DEBUG]: [0mThis is a debug message from thread 2218-09-2026 00:29:33 [38;5;117m[DEBUG]: [0mThis is a debug message from thread 1018-09-2026 00:29:33 [38;5;015m[INFO]: [0mThis is a info message from thread 218-09-2026 00:29:33 [38;5;015m[INFO]: [0mThis is a info message from thread 1818-09-2026 00:29:33 [38;5;015m[INFO]: [0mThis is a info message from thread 2218-09-2026 00:29:33 [38;5;015m[INFO]: [0mThis is a info message from thread 1018-09-2026 00:29:33 [38;5;009m[ERROR]: [0mThis is a error message from thread 218-09-2026 00:29:33 [38;5;009m[ERROR]: [0mThis is a error message from thread 1318-09-2026 00:29:33 [38;5;117m[DEBUG]: [0mThis is a debug message from thread 218-09-2026 00:29:33 [38;5;117m[DEBUG]: [0mThis is a debug message from thread 1318-09-2026 00:29:33 [38;5;009m[ERROR]: [0mThis is a error message from thread 518-09-2026 00:29:33 [38;5;015m[INFO]: [0mThis is a info message from thread 218-09-2026 00:29:33 [38;5;009m[ERROR]: [0mThis is a error message from thread 2418-09-2026 00:29:33 [38;5;117m[DEBUG]: [0mThis is a debug message from thread 1118-09-2026 00:29:33 [38;5;015m[INFO]: [0mThis is a info message from thread 2018-09-2026 00:29:33 [38;5;117m[DEBUG]: [0mThis is a debug message from thread 2618-09-2026 00:29:33 [38;5;117m[DEBUG]: [0mThis is a debug message from thread 2418-09-2026 00:29:33 [38;5;015m[INFO]: [0mThis is a info message from thread 1118-09-2026 00:29:33 [38;5;015m[INFO]: [0mThis is a info message from thread 1518-09-2026 00:29:33 [38;5;015m[INFO]: [0mThis is a info message from thread 2418-09-2026 00:29:33 [38;5;009m[ERROR]: [0mThis is a error message from thread 1118-09-2026 00:29:33 [38;5;009m[ERROR]: [0mThis is a error message from thread 1518-09-2026 00:29:33 [38;5;009m[ERROR]: [0mThis is a error message from thread 2418-09-2026 00:29:33 [38;5;009m[ERROR]: [0mThis is a error message from thread 2018-09-2026 00:29:33 [38;5;117m[DEBUG]: [0mThis is a debug message from thread 318-09-2026 00:29:33 [38;5;117m[DEBUG]: [0mThis is a debug message from thread 1118-09-2026 00:29:33 [38;5;015m[INFO]: [0mThis is a info message from thread 318-09-2026 00:29:33 [38;5;117m[DEBUG]: [0mThis is a debug message from thread 2518-09-2026 00:29:33 [38;5;009m[ERROR]: [0mThis is a error message from thread 1018-09-2026 00:29:33 [38;5;015m[INFO]: [0mThis is a info message from thread 2618-09-2026 00:29:33 [38;5;015m[INFO]: [0mThis is a info message from thread 618-09-2026 00:29:33 [38;5;117m[DEBUG]: [0mThis is a debug message from thread 2018-09-2026 00:29:33 [38;5;009m[ERROR]: [0mThis is a error message from thread 318-09-2026 00:29:33 [38;5;015m[INFO]: [0mThis is a info message from thread 2518-09-2026 00:29:33 [38;5;009m[ERROR]: [0mThis is a error message from thread 2218-09-2026 00:29:33 [38;5;117m[DEBUG]: [0mThis is a debug message from thread 318-09-2026 00:29:33 [38;5;117m[DEBUG]: [0mThis is a debug message from thread 1518-09-2026 00:29:33 [38;5;009m[ERROR]: [0mThis is a error message from thread 2618-09-2026 00:29:33 [38;5;015m[INFO]: [0mThis is a info message from thread 1518-09-2026 00:29:33 [38;5;009m[ERROR]: [0mThis is a error message from thread 618-09-2026 00:29:33 [38;5;015m[INFO]: [0mThis is a info message from thread 2018-09-2026 00:29:33 [38;5;009m[ERROR]: [0mThis is a error message from thread 2518-09-2026 00:29:33 [38;5;015m[INFO]: [0mThis is a info message from thread 2118-09-2026 00:29:33 [38;5;117m[DEBUG]: [0mThis is a debug message from thread 118-09-2026 00:29:33 [38;5;117m[DEBUG]: [0mThis is a debug message from thread 618-09-2026 00:29:33 [38;5;015m[INFO]: [0mThis is a info message from thread 118-09-2026 00:29:33 [38;5;117m[DEBUG]: [0mThis is a debug message from thread 2518-09-2026 00:29:33 [38;5;117m[DEBUG]: [0mThis is a debug message from thread 2218-09-2026 00:29:33 [38;5;117m[DEBUG]: [0mThis is a debug message from thread 518-09-2026 00:29:33 [38;5;117m[DEBUG]: [0mThis is a debug message from thread 2618-09-2026 00:29:33 [38;5;015m[INFO]: [0mThis is a info message from thread 1718-09-2026 00:29:33 [38;5;015m[INFO]: [0mThis is a info message from thread 2518-09-2026 00:29:33 [38;5;117m[DEBUG]: [0mThis is a debug message from thread 018-09-2026 00:29:33 [38;5;015m[INFO]: [0mThis is a info message from thread 518-09-2026 00:29:33 [38;5;015m[INFO]: [0mThis is a info message from thread 2218-09-2026 00:29:33 [38;5;009m[ERROR]: [0mThis is a error message from thread 1718-09-2026 00:29:33 [38;5;009m[ERROR]: [0mThis is a error message from thread 2018-09-2026 00:29:33 [38;5;015m[INFO]: [0mThis is a info message from thread 2618-09-2026 00:29:33 [38;5;117m[DEBUG]: [0mThis is a debug message from thread 2018-09-2026 00:29:33 [38;5;015m[INFO]: [0mThis is a info message from thread 1318-09-2026 00:29:33 [38;5;015m[INFO]: [0mThis is a info message from thread 1918-09-2026 00:29:33 [38;5;009m[ERROR]: [0mThis is a error message from thread 118-09-2026 00:29:33 [38;5;009m[ERROR]: [0mThis is a error message from thread 2518-09-2026 00:29:33 [38;5;009m[ERROR]: [0mThis is a error message from thread 1918-09-2026 00:29:33 [38;5;009m[ERROR]: [0mThis is a error message from thread 2218-09-2026 00:29:33 [38;5;009m[ERROR]: [0mThis is a error message from thread 1518-09-2026 00:29:33 [38;5;009m[ERROR]: [0mThis is a error message from thread 1318-09-2026 00:29:33 [38;5;009m[ERROR]: [0mThis is a error message from thread 2618-09-2026 00:29:33 [38;5;117m[DEBUG]: [0mThis is a debug message from thread 118-09-2026 00:29:33 [38;5;015m[INFO]: [0mThis is a info message from thread 2318-09-2026 00:29:33 [38;5;117m[DEBUG]: [0mThis is a debug message from thread 1318-09-2026 00:29:33 [38;5;117m[DEBUG]: [0mThis is a debug message from thread 2418-09-2026 00:29:33 [38;5;015m[INFO]: [0mThis is a info message from thread 018-09-2026 00:29:33 [38;5;117m[DEBUG]: [0mThis is a debug message from thread 2518-09-2026 00:29:33 [38;5;015m[INFO]: [0mThis is a info message from thread 2718-09-2026 00:29:33 [38;5;117m[DEBUG]: [0mThis is a debug message from thread 2218-09-2026 00:29:33 [38;5;117m[DEBUG]: [0mThis is a debug message from thread 1018-09-2026 00:29:33 [38;5;009m[ERROR]: [0mThis is a error message from thread 018-09-2026 00:29:33 [38;5;117m[DEBUG]: [0mThis is a debug message from thread 2618-09-2026 00:29:33 [38;5;015m[INFO]: [0mThis is a info message from thread 2418-09-2026 00:29:33 [38;5;117m[DEBUG]: [0mThis is a debug message from thread 1518-09-2026 00:29:33 [38;5;015m[INFO]: [0mThis is a info message from thread 2518-09-2026 00:29:33 [38;5;117m[DEBUG]: [0mThis is a debug message from thread 818-09-2026 00:29:33 [38;5;015m[INFO]: [0mThis is a info message from thread 918-09-2026 00:29:33 [38;5;117m[DEBUG]: [0mThis is a debug message from thread 018-09-2026 00:29:33 [38;5;015m[INFO]: [0mThis is a info message from thread 2218-09-2026 00:29:33 [38;5;009m[ERROR]: [0mThis is a error message from thread 2418-09-2026 00:29:33 [38;5;015m[INFO]: [0mThis is a info message from thread 818-09-2026 00:29:33 [38;5;015m[INFO]: [0mThis is a info message from thread 1018-09-2026 00:29:33 [38;5;009m[ERROR]: [0mThis is a error message from thread 2518-09-2026 00:29:33 [38;5;015m[INFO]: [0mThis is a info message from thread 618-09-2026 00:29:33 [38;5;015m[INFO]: [0mThis is a info message from thread 2018-09-2026 00:29:33 [38;5;009m[ERROR]: [0mThis is a error message from thread 2918-09-2026 00:29:33 [38;5;009m[ERROR]: [0mThis is a error message from thread 2118-09-2026 00:29:33 [38;5;015m[INFO]: [0mThis is a info message from thread 1518-09-2026 00:29:33 [38;5;009m[ERROR]: [0mThis is a error message from thread 1018-09-2026 00:29:33 [38;5;015m[INFO]: [0mThis is a info message from thread 2618-09-2026 00:29:33 [38;5;015m[INFO]: [0mThis is a info message from thread 718-09-2026 00:29:33 [38;5;117m[DEBUG]: [0mThis is a debug message from thread 1018-09-2026 00:29:33 [38;5;009m[ERROR]: [0mThis is a error message from thread 2218-09-2026 00:29:33 [38;5;117m[DEBUG]: [0mThis is a debug message from thread 2418-09-2026 00:29:33 [38;5;015m[INFO]: [0mThis is a info message from thread 018-09-2026 00:29:33 [38;5;009m[ERROR]: [0mThis is a error message from thread 618-09-2026 00:29:33 [38;5;117m[DEBUG]: [0mThis is a debug message from thread 1918-09-2026 00:29:33 [38;5;015m[INFO]: [0mThis is a info message from thread 1118-09-2026 00:29:33 [38;5;117m[DEBUG]: [0mThis is a debug message from thread 2518-09-2026 00:29:33 [38;5;117m[DEBUG]: [0mThis is a debug message from thread 1718-09-2026 00:29:33 [38;5;009m[ERROR]: [0mThis is a error message from thread 1618-09-2026 00:29:33 [38;5;015m[INFO]: [0mThis is a info message from thread 2518-09-2026 00:29:33 [38;5;009m[ERROR]: [0mThis is a error message from thread 2618-09-2026 00:29:33 [38;5;117m[DEBUG]: [0mThis is a debug message from thread 2918-09-2026 00:29:33 [38;5;009m[ERROR]: [0mThis is a error message from thread 718-09-2026 00:29:33 [38;5;015m[INFO]: [0mThis is a info message from thread 2918-09-2026 00:29:33 [38;5;015m[INFO]: [0mThis is a info message from thread 1018-09-2026 00:29:33 [38;5;117m[DEBUG]: [0mThis is a debug message from thread 618-09-2026 00:29:33 [38;5;117m[DEBUG]: [0mThis is a debug message from thread 1618-09-2026 00:29:33 [38;5;015m[INFO]: [0mThis is a info message from thread 1918-09-2026 00:29:33 [38;5;117m[DEBUG]: [0mThis is a debug message from thread 2218-09-2026 00:29:33 [38;5;015m[INFO]: [0mThis is a info message from thread 1318-09-2026 00:29:33 [38;5;015m[INFO]: [0mThis is a info message from thread 618-09-2026 00:29:33 [38;5;009m[ERROR]: [0mThis is a error message from thread 018-09-2026 00:29:33 [38;5;009m[ERROR]: [0mThis is a error message from thread 2318-09-2026 00:29:33 [38;5;117m[DEBUG]: [0mThis is a debug message from thread 018-09-2026 00:29:33 [38;5;015m[INFO]: [0mThis is a info message from thread 318-09-2026 00:29:33 [38;5;009m[ERROR]: [0mThis is a error message from thread 2518-09-2026 00:29:33 [38;5;009m[ERROR]: [0mThis is a error message from thread 318-09-2026 00:29:33 [38;5;117m[DEBUG]: [0mThis is a debug message from thread 2818-09-2026 00:29:33 [38;5;009m[ERROR]: [0mThis is a error message from thread 1518-09-2026 00:29:33 [38;5;015m[INFO]: [0mThis is a info message from thread 1718-09-2026 00:29:33 [38;5;009m[ERROR]: [0mThis is a error message from thread 1418-09-2026 00:29:33 [38;5;117m[DEBUG]: [0mThis is a debug message from thread 318-09-2026 00:29:33 [38;5;009m[ERROR]: [0mThis is a error message from thread 518-09-2026 00:29:33 [38;5;015m[INFO]: [0mThis is a info message from thread 018-09-2026 00:29:33 [38;5;009m[ERROR]: [0mThis is a error message from thread 2918-09-2026 00:29:33 [38;5;009m[ERROR]: [0mThis is a error message from thread 1918-09-2026 00:29:33 [38;5;009m[ERROR]: [0mThis is a error message from thread 2018-09-2026 00:29:33 [38;5;117m[DEBUG]: [0mThis is a debug message from thread 2618-09-2026 00:29:33 [38;5;009m[ERROR]: [0mThis is a error message from thread 1718-09-2026 00:29:33 [38;5;015m[INFO]: [0mThis is a info message from thread 2218-09-2026 00:29:33 [38;5;117m[DEBUG]: [0mThis is a debug message from thread 2918-09-2026 00:29:33 [38;5;117m[DEBUG]: [0mThis is a debug message from thread 1918-09-2026 00:29:33 [38;5;009m[ERROR]: [0mThis is a error message from thread 2718-09-2026 00:29:33 [38;5;117m[DEBUG]: [0mThis is a debug message from thread 2018-09-2026 00:29:33 [38;5;009m[ERROR]: [0mThis is a error message from thread 818-09-2026 00:29:33 [38;5;009m[ERROR]: [0mThis is a error message from thread 218-09-2026 00:29:33 [38;5;117m[DEBUG]: [0mThis is a debug message from thread 218-09-2026 00:29:33 [38;5;015m[INFO]: [0mThis is a info message from thread 218-09-2026 00:29:33 [38;5;117m[DEBUG]: [0mThis is a debug message from thread 1518-09-2026 00:29:33 [38;5;117m[DEBUG]: [0mThis is a debug message from thread 2318-09-2026 00:29:33 [38;5;015m[INFO]: [0mThis is a info message from thread 1518-09-2026 00:29:33 [38;5;015m[INFO]: [0mThis is a info message from thread 2318-09-2026 00:29:33 [38;5;015m[INFO]: [0mThis is a info message from thread 2618-09-2026 00:29:33 [38;5;009m[ERROR]: [0mThis is a error message from thread 018-09-2026 00:29:33 [38;5;009m[ERROR]: [0mThis is a error message from thread 2318-09-2026 00:29:33 [38;5;009m[ERROR]: [0mThis is a error message from thread 1318-09-2026 00:29:33 [38;5;015m[INFO]: [0mThis is a info message from thread 318-09-2026 00:29:33 [38;5;117m[DEBUG]: [0mThis is a debug message from thread 1318-09-2026 00:29:33 [38;5;009m[ERROR]: [0mThis is a error message from thread 318-09-2026 00:29:33 [38;5;015m[INFO]: [0mThis is a info message from thread 1318-09-2026 00:29:33 [38;5;015m[INFO]: [0mThis is a info message from thread 2818-09-2026 00:29:33 [38;5;117m[DEBUG]: [0mThis is a debug message from thread 318-09-2026 00:29:33 [38;5;117m[DEBUG]: [0mThis is a debug message from thread 518-09-2026 00:29:33 [38;5;009m[ERROR]: [0mThis is a error message from thread 2818-09-2026 00:29:33 [38;5;015m[INFO]: [0mThis is a info message from thread 318-09-2026 00:29:33 [38;5;015m[INFO]: [0mThis is a info message from thread 518-09-2026 00:29:33 [38;5;009m[ERROR]: [0mThis is a error message from thread 918-09-2026 00:29:33 [38;5;117m[DEBUG]: [0mThis is a debug message from thread 1418-09-2026 00:29:33 [38;5;117m[DEBUG]: [0mThis is a debug message from thread 2818-09-2026 00:29:33 [38;5;117m[DEBUG]: [0mThis is a debug message from thread 2118-09-2026 00:29:33 [38;5;009m[ERROR]: [0mThis is a error message from thread 318-09-2026 00:29:33 [38;5;117m[DEBUG]: [0mThis is a debug message from thread 718-09-2026 00:29:33 [38;5;117m[DEBUG]: [0mThis is a debug message from thread 918-09-2026 00:29:33 [38;5;015m[INFO]: [0mThis is a info message from thread 2018-09-2026 00:29:33 [38;5;015m[INFO]: [0mThis is a info message from thread 718-09-2026 00:29:33 [38;5;015m[INFO]: [0mThis is a info message from thread 918-09-2026 00:29:33 [38;5;117m[DEBUG]: [0mThis is a debug message from thread 818-09-2026 00:29:33 [38;5;009m[ERROR]: [0mThis is a error message from thread 918-09-2026 00:29:33 [38;5;009m[ERROR]: [0mThis is a error message from thread 718-09-2026 00:29:33 [38;5;015m[INFO]: [0mThis is a info message from thread 418-09-2026 00:29:33 [38;5;009m[ERROR]: [0mThis is a error message from thread 2018-09-2026 00:29:33 [38;5;117m[DEBUG]: [0mThis is a debug message from thread 2518-09-2026 00:29:33 [38;5;009m[ERROR]: [0mThis is a error message from thread 2218-09-2026 00:29:33 [38;5;117m[DEBUG]: [0mThis is a debug message from thread 718-09-2026 00:29:33 [38;5;117m[DEBUG]: [0mThis is a debug message from thread 018-09-2026 00:29:33 [38;5;015m[INFO]: [0mThis is a info message from thread 1218-09-2026 00:29:33 [38;5;009m[ERROR]: [0mThis is a error message from thread 1518-09-2026 00:29:33 [38;5;117m[DEBUG]: [0mThis is a debug message from thread 2018-09-2026 00:29:33 [38;5;009m[ERROR]: [0mThis is a error message from thread 418-09-2026 00:29:33 [38;5;015m[INFO]: [0mThis is a info message from thread 2418-09-2026 00:29:33 [38;5;015m[INFO]: [0mThis is a info message from thread 118-09-2026 00:29:33 [38;5;009m[ERROR]: [0mThis is a error message from thread 218-09-2026 00:29:33 [38;5;015m[INFO]: [0mThis is a info message from thread 2018-09-2026 00:29:33 [38;5;009m[ERROR]: [0mThis is a error message from thread 1018-09-2026 00:29:33 [38;5;015m[INFO]: [0mThis is a info message from thread 1618-09-2026 00:29:33 [38;5;117m[DEBUG]: [0mThis is a debug message from thread 1518-09-2026 00:29:33 [38;5;015m[INFO]: [0mThis is a info message from thread 718-09-2026 00:29:33 [38;5;015m[INFO]: [0mThis is a info message from thread 1418-09-2026 00:29:33 [38;5;015m[INFO]: [0mThis is a info message from thread 2118-09-2026 00:29:33 [38;5;009m[ERROR]: [0mThis is a error message from thread 1618-09-2026 00:29:33 [38;5;015m[INFO]: [0mThis is a info message from thread 818-09-2026 00:29:33 [38;5;015m[INFO]: [0mThis is a info message from thread 1518-09-2026 00:29:33 [38;5;009m[ERROR]: [0mThis is a error message from thread 718-09-2026 00:29:33 [38;5;117m[DEBUG]: [0mThis is a debug message from thread 218-09-2026 00:29:33 [38;5;009m[ERROR]: [0mThis is a error message from thread 618-09-2026 00:29:33 [38;5;015m[INFO]: [0mThis is a info message from thread 1918-09-2026 00:29:33 [38;5;009m[ERROR]: [0mThis is a error message from thread 818-09-2026 00:29:33 [38;5;009m[ERROR]: [0mThis is a error message from thread 1418-09-2026 00:29:33 [38;5;009m[ERROR]: [0mThis is a error message from thread 1518-09-2026 00:29:33 [38;5;009m[ERROR]: [0mThis is a error message from thread 518-09-2026 00:29:33 [38;5;015m[INFO]: [0mThis is a info message from thread 2518-09-2026 00:29:33 [38;5;117m[DEBUG]: [0mThis is a debug message from thread 818-09-2026 00:29:33 [38;5;117m[DEBUG]: [0mThis is a debug message from thread 1518-09-2026 00:29:33 [38;5;117m[DEBUG]: [0mThis is a debug message from thread 518-09-2026 00:29:33 [38;5;015m[INFO]: [0mThis is a info message from thread 1518-09-2026 00:29:33 [38;5;009m[ERROR]: [0mThis is a error message from thread 2518-09-2026 00:29:33 [38;5;015m[INFO]: [0mThis is a info message from thread 018-09-2026 00:29:33 [38;5;015m[INFO]: [0mThis is a info message from thread 218-09-2026 00:29:33 [38;5;009m[ERROR]: [0mThis is a error message from thread 1518-09-2026 00:29:33 [38;5;009m[ERROR]: [0mThis is a error message from thread 118-09-2026 00:29:33 [38;5;015m[INFO]: [0mThis is a info message from thread 518-09-2026 00:29:33 [38;5;009m[ERROR]: [0mThis is a error message from thread 018-09-2026 00:29:33 [38;5;117m[DEBUG]: [0mThis is a debug message from thread 1418-09-2026 00:29:33 [38;5;117m[DEBUG]: [0mThis is a debug message from thread 1018-09-2026 00:29:33 [38;5;015m[INFO]: [0mThis is a info message from thread 2918-09-2026 00:29:33 [38;5;117m[DEBUG]: [0mThis is a debug message from thread 2518-09-2026 00:29:33 [38;5;009m[ERROR]: [0mThis is a error message from thread 518-09-2026 00:29:33 [38;5;117m[DEBUG]: [0mThis is a debug message from thread 1618-09-2026 00:29:33 [38;5;117m[DEBUG]: [0mThis is a debug message from thread 518-09-2026 00:29:33 [38;5;015m[INFO]: [0mThis is a info message from thread 1618-09-2026 00:29:33 [38;5;009m[ERROR]: [0mThis is a error message from thread 2418-09-2026 00:29:33 [38;5;117m[DEBUG]: [0mThis is a debug message from thread 618-09-2026 00:29:33 [38;5;015m[INFO]: [0mThis is a info message from thread 1418-09-2026 00:29:33 [38;5;009m[ERROR]: [0mThis is a error message from thread 1618-09-2026 00:29:33 [38;5;015m[INFO]: [0mThis is a info message from thread 618-09-2026 00:29:33 [38;5;117m[DEBUG]: [0mThis is a debug message from thread 2418-09-2026 00:29:33 [38;5;009m[ERROR]: [0mThis is a error message from thread 1918-09-2026 00:29:33 [38;5;009m[ERROR]: [0mThis is a error message from thread 1118-09-2026 00:29:33 [38;5;009m[ERROR]: [0mThis is a error message from thread 618-09-2026 00:29:33 [38;5;117m[DEBUG]: [0mThis is a debug message from thread 1618-09-2026 00:29:33 [38;5;015m[INFO]: [0mThis is a info message from thread 1618-09-2026 00:29:33 [38;5;015m[INFO]: [0mThis is a info message from thread 2418-09-2026 00:29:33 [38;5;009m[ERROR]: [0mThis is a error message from thread 1618-09-2026 00:29:33 [38;5;117m[DEBUG]: [0mThis is a debug message from thread 618-09-2026 00:29:33 [38;5;009m[ERROR]: [0mThis is a error message from thread 2418-09-2026 00:29:33 [38;5;117m[DEBUG]: [0mThis is a debug message from thread 1618-09-2026 00:29:33 [38;5;117m[DEBUG]: [0mThis is a debug message from thread 1118-09-2026 00:29:33 [38;5;117m[DEBUG]: [0mThis is a debug message from thread 1918-09-2026 00:29:33 [38;5;015m[INFO]: [0mThis is a info message from thread 618-09-2026 00:29:33 [38;5;009m[ERROR]: [0mThis is a error message from thread 2618-09-2026 00:29:33 [38;5;015m[INFO]: [0mThis is a info message from thread 818-09-2026 00:29:33 [38;5;117m[DEBUG]: [0mThis is a debug message from thread 2618-09-2026 00:29:33 [38;5;009m[ERROR]: [0mThis is a error message from thread 618-09-2026 00:29:33 [38;5;009m[ERROR]: [0mThis is a error message from thread 2918-09-2026 00:29:33 [38;5;015m[INFO]: [0mThis is a info message from thread 1618-09-2026 00:29:33 [38;5;009m[ERROR]: [0mThis is a error message from thread 818-09-2026 00:29:33 [38;5;015m[INFO]: [0mThis is a info message from thread 1118-09-2026 00:29:33 [38;5;009m[ERROR]: [0mThis is a error message from thread 1218-09-2026 00:29:33 [38;5;009m[ERROR]: [0mThis is a error message from thread 1418-09-2026 00:29:33 [38;5;015m[INFO]: [0mThis is a info message from thread 2818-09-2026 00:29:33 [38;5;009m[ERROR]: [0mThis is a error message from thread 2118-09-2026 00:29:33 [38;5;117m[DEBUG]: [0mThis is a debug message from thread 718-09-2026 00:29:33 [38;5;117m[DEBUG]: [0mThis is a debug message from thread 918-09-2026 00:29:33 [38;5;117m[DEBUG]: [0mThis is a debug message from thread 2918-09-2026 00:29:33 [38;5;117m[DEBUG]: [0mThis is a debug message from thread 2718-09-2026 00:29:33 [38;5;009m[ERROR]: [0mThis is a error message from thread 218-09-2026 00:29:33 [38;5;117m[DEBUG]: [0mThis is a debug message from thread 018-09-2026 00:29:33 [38;5;117m[DEBUG]: [0mThis is a debug message from thread 2418-09-2026 00:29:33 [38;5;117m[DEBUG]: [0mThis is a debug message from thread 1218-09-2026 00:29:33 [38;5;015m[INFO]: [0mThis is a info message from thread 718-09-2026 00:29:33 [38;5;009m[ERROR]: [0mThis is a error message from thread 1318-09-2026 00:29:33 [38;5;009m[ERROR]: [0mThis is a error message from thread 1818-09-2026 00:29:33 [38;5;015m[INFO]: [0mThis is a info message from thread 1918-09-2026 00:29:33 [38;5;009m[ERROR]: [0mThis is a error message from thread 1618-09-2026 00:29:33 [38;5;117m[DEBUG]: [0mThis is a debug message from thread 818-09-2026 00:29:33 [38;5;015m[INFO]: [0mThis is a info message from thread 2718-09-2026 00:29:33 [38;5;117m[DEBUG]: [0mThis is a debug message from thread 2318-09-2026 00:29:33 [38;5;117m[DEBUG]: [0mThis is a debug message from thread 1818-09-2026 00:29:33 [38;5;015m[INFO]: [0mThis is a info message from thread 818-09-2026 00:29:33 [38;5;015m[INFO]: [0mThis is a info message from thread 918-09-2026 00:29:33 [38;5;117m[DEBUG]: [0mThis is a debug message from thread 1418-09-2026 00:29:33 [38;5;117m[DEBUG]: [0mThis is a debug message from thread 1518-09-2026 00:29:33 [38;5;117m[DEBUG]: [0mThis is a debug message from thread 318-09-2026 00:29:33 [38;5;117m[DEBUG]: [0mThis is a debug message from thread 1318-09-2026 00:29:33 [38;5;015m[INFO]: [0mThis is a info message from thread 2518-09-2026 00:29:33 [38;5;009m[ERROR]: [0mThis is a error message from thread 718-09-2026 00:29:33 [38;5;015m[INFO]: [0mThis is a info message from thread 1518-09-2026 00:29:33 [38;5;009m[ERROR]: [0mThis is a error message from thread 2818-09-2026 00:29:33 [38;5;015m[INFO]: [0mThis is a info message from thread 1218-09-2026 00:29:33 [38;5;117m[DEBUG]: [0mThis is a debug message from thread 718-09-2026 00:29:33 [38;5;009m[ERROR]: [0mThis is a error message from thread 2018-09-2026 00:29:33 [38;5;117m[DEBUG]: [0mThis is a debug message from thread 1718-09-2026 00:29:33 [38;5;117m[DEBUG]: [0mThis is a debug message from thread 2118-09-2026 00:29:33 [38;5;015m[INFO]: [0mThis is a info message from thread 318-09-2026 00:29:33 [38;5;117m[DEBUG]: [0mThis is a debug message from thread 118-09-2026 00:29:33 [38;5;009m[ERROR]: [0mThis is a error message from thread 1918-09-2026 00:29:33 [38;5;015m[INFO]: [0mThis is a info message from thread 018-09-2026 00:29:33 [38;5;015m[INFO]: [0mThis is a info message from thread 1418-09-2026 00:29:33 [38;5;015m[INFO]: [0mThis is a info message from thread 1718-09-2026 00:29:33 [38;5;015m[INFO]: [0mThis is a info message from thread 1018-09-2026 00:29:33 [38;5;015m[INFO]: [0mThis is a info message from thread 118-09-2026 00:29:33 [38;5;015m[INFO]: [0mThis is a info message from thread 2118-09-2026 00:29:33 [38;5;009m[ERROR]: [0mThis is a error message from thread 318-09-2026 00:29:33 [38;5;117m[DEBUG]: [0mThis is a debug message from thread 2818-09-2026 00:29:33 [38;5;117m[DEBUG]: [0mThis is a debug message from thread 1918-09-2026 00:29:33 [38;5;009m[ERROR]: [0mThis is a error message from thread 2718-09-2026 00:29:33 [38;5;009m[ERROR]: [0mThis is a error message from thread 818-09-2026 00:29:33 [38;5;009m[ERROR]: [0mThis is a error message from thread 2118-09-2026 00:29:33 [38;5;009m[ERROR]: [0mThis is a error message from thread 118-09-2026 00:29:33 [38;5;117m[DEBUG]: [0mThis is a debug message from thread 418-09-2026 00:29:33 [38;5;009m[ERROR]: [0mThis is a error message from thread 1718-09-2026 00:29:33 [38;5;117m[DEBUG]: [0mThis is a debug message from thread 818-09-2026 00:29:33 [38;5;117m[DEBUG]: [0mThis is a debug message from thread 1718-09-2026 00:29:33 [38;5;015m[INFO]: [0mThis is a info message from thread 818-09-2026 00:29:33 [38;5;015m[INFO]: [0mThis is a info message from thread 1718-09-2026 00:29:33 [38;5;009m[ERROR]: [0mThis is a error message from thread 818-09-2026 00:29:33 [38;5;009m[ERROR]: [0mThis is a error message from thread 1718-09-2026 00:29:33 [38;5;117m[DEBUG]: [0mThis is a debug message from thread 818-09-2026 00:29:33 [38;5;009m[ERROR]: [0mThis is a error message from thread 1418-09-2026 00:29:33 [38;5;015m[INFO]: [0mThis is a info message from thread 1818-09-2026 00:29:33 [38;5;117m[DEBUG]: [0mThis is a debug message from thread 1418-09-2026 00:29:33 [38;5;009m[ERROR]: [0mThis is a error message from thread 1818-09-2026 00:29:33 [38;5;015m[INFO]: [0mThis is a info message from thread 1418-09-2026 00:29:33 [38;5;015m[INFO]: [0mThis is a info message from thread 718-09-2026 00:29:33 [38;5;117m[DEBUG]: [0mThis is a debug message from thread 1818-09-2026 00:29:33 [38;5;009m[ERROR]: [0mThis is a error message from thread 718-09-2026 00:29:33 [38;5;009m[ERROR]: [0mThis is a error message from thread 1518-09-2026 00:29:33 [38;5;015m[INFO]: [0mThis is a info message from thread 1818-09-2026 00:29:33 [38;5;117m[DEBUG]: [0mThis is a debug message from thread 718-09-2026 00:29:33 [38;5;009m[ERROR]: [0mThis is a error message from thread 1818-09-2026 00:29:33 [38;5;117m[DEBUG]: [0mThis is a debug message from thread 1518-09-2026 00:29:33 [38;5;009m[ERROR]: [0mThis is a error message from thread 2518-09-2026 00:29:33 [38;5;015m[INFO]: [0mThis is a info message from thread 718-09-2026 00:29:33 [38;5;009m[ERROR]: [0mThis is a error message from thread 1018-09-2026 00:29:33 [38;5;015m[INFO]: [0mThis is a info message from thread 1518-09-2026 00:29:33 [38;5;117m[DEBUG]: [0mThis is a debug message from thread 2018-09-2026 00:29:33 [38;5;117m[DEBUG]: [0mThis is a debug message from thread 1818-09-2026 00:29:33 [38;5;117m[DEBUG]: [0mThis is a debug message from thread 2218-09-2026 00:29:33 [38;5;009m[ERROR]: [0mThis is a error message from thread 1518-09-2026 00:29:33 [38;5;015m[INFO]: [0mThis is a info message from thread 2018-09-2026 00:29:33 [38;5;015m[INFO]: [0mThis is a info message from thread 1818-09-2026 00:29:33 [38;5;117m[DEBUG]: [0mThis is a debug message from thread 1018-09-2026 00:29:33 [38;5;015m[INFO]: [0mThis is a info message from thread 2218-09-2026 00:29:33 [38;5;117m[DEBUG]: [0mThis is a debug message from thread 1518-09-2026 00:29:33 [38;5;009m[ERROR]: [0mThis is a error message from thread 1818-09-2026 00:29:33 [38;5;009m[ERROR]: [0mThis is a error message from thread 2018-09-2026 00:29:33 [38;5;015m[INFO]: [0mThis is a info message from thread 2318-09-2026 00:29:33 [38;5;117m[DEBUG]: [0mThis is a debug message from thread 2118-09-2026 00:29:33 [38;5;015m[INFO]: [0mThis is a info message from thread 1018-09-2026 00:29:33 [38;5;117m[DEBUG]: [0mThis is a debug message from thread 118-09-2026 00:29:33 [38;5;015m[INFO]: [0mThis is a info message from thread 1518-09-2026 00:29:33 [38;5;117m[DEBUG]: [0mThis is a debug message from thread 1818-09-2026 00:29:33 [38;5;009m[ERROR]: [0mThis is a error message from thread 2218-09-2026 00:29:33 [38;5;015m[INFO]: [0mThis is a info message from thread 1318-09-2026 00:29:33 [38;5;015m[INFO]: [0mThis is a info message from thread 2618-09-2026 00:29:33 [38;5;015m[INFO]: [0mThis is a info message from thread 518-09-2026 00:29:33 [38;5;015m[INFO]: [0mThis is a info message from thread 118-09-2026 00:29:33 [38;5;117m[DEBUG]: [0mThis is a debug message from thread 1618-09-2026 00:29:33 [38;5;009m[ERROR]: [0mThis is a error message from thread 2618-09-2026 00:29:33 [38;5;117m[DEBUG]: [0mThis is a debug message from thread 2218-09-2026 00:29:33 [38;5;009m[ERROR]: [0mThis is a error message from thread 1218-09-2026 00:29:33 [38;5;009m[ERROR]: [0mThis is a error message from thread 2318-09-2026 00:29:33 [38;5;015m[INFO]: [0mThis is a info message from thread 2418-09-2026 00:29:33 [38;5;015m[INFO]: [0mThis is a info message from thread 1818-09-2026 00:29:33 [38;5;009m[ERROR]: [0mThis is a error message from thread 518-09-2026 00:29:33 [38;5;009m[ERROR]: [0mThis is a error message from thread 018-09-2026 00:29:33 [38;5;117m[DEBUG]: [0mThis is a debug message from thread 318-09-2026 00:29:33 [38;5;015m[INFO]: [0mThis is a info message from thread 418-09-2026 00:29:33 [38;5;009m[ERROR]: [0mThis is a error message from thread 718-09-2026 00:29:33 [38;5;117m[DEBUG]: [0mThis is a debug message from thread 618-09-2026 00:29:33 [38;5;009m[ERROR]: [0mThis is a error message from thread 1818-09-2026 00:29:33 [38;5;009m[ERROR]: [0mThis is a error message from thread 1018-09-2026 00:29:33 [38;5;015m[INFO]: [0mThis is a info message from thread 2818-09-2026 00:29:33 [38;5;009m[ERROR]: [0mThis is a error message from thread 1118-09-2026 00:29:33 [38;5;009m[ERROR]: [0mThis is a error message from thread 2418-09-2026 00:29:33 [38;5;117m[DEBUG]: [0mThis is a debug message from thread 2018-09-2026 00:29:33 [38;5;117m[DEBUG]: [0mThis is a debug message from thread 1218-09-2026 00:29:33 [38;5;015m[INFO]: [0mThis is a info message from thread 618-09-2026 00:29:33 [38;5;117m[DEBUG]: [0mThis is a debug message from thread 1818-09-2026 00:29:33 [38;5;009m[ERROR]: [0mThis is a error message from thread 418-09-2026 00:29:33 [38;5;015m[INFO]: [0mThis is a info message from thread 1818-09-2026 00:29:33 [38;5;117m[DEBUG]: [0mThis is a debug message from thread 1018-09-2026 00:29:33 [38;5;117m[DEBUG]: [0mThis is a debug message from thread 718-09-2026 00:29:33 [38;5;117m[DEBUG]: [0mThis is a debug message from thread 2418-09-2026 00:29:33 [38;5;009m[ERROR]: [0mThis is a error message from thread 2818-09-2026 00:29:33 [38;5;117m[DEBUG]: [0mThis is a debug message from thread 2518-09-2026 00:29:33 [38;5;015m[INFO]: [0mThis is a info message from thread 2018-09-2026 00:29:33 [38;5;015m[INFO]: [0mThis is a info message from thread 818-09-2026 00:29:33 [38;5;117m[DEBUG]: [0mThis is a debug message from thread 018-09-2026 00:29:33 [38;5;015m[INFO]: [0mThis is a info message from thread 1218-09-2026 00:29:33 [38;5;009m[ERROR]: [0mThis is a error message from thread 1818-09-2026 00:29:33 [38;5;117m[DEBUG]: [0mThis is a debug message from thread 2718-09-2026 00:29:33 [38;5;015m[INFO]: [0mThis is a info message from thread 2418-09-2026 00:29:33 [38;5;117m[DEBUG]: [0mThis is a debug message from thread 1718-09-2026 00:29:33 [38;5;009m[ERROR]: [0mThis is a error message from thread 1418-09-2026 00:29:33 [38;5;015m[INFO]: [0mThis is a info message from thread 2118-09-2026 00:29:33 [38;5;117m[DEBUG]: [0mThis is a debug message from thread 2818-09-2026 00:29:33 [38;5;015m[INFO]: [0mThis is a info message from thread 2218-09-2026 00:29:33 [38;5;015m[INFO]: [0mThis is a info message from thread 718-09-2026 00:29:33 [38;5;015m[INFO]: [0mThis is a info message from thread 2518-09-2026 00:29:33 [38;5;015m[INFO]: [0mThis is a info message from thread 2918-09-2026 00:29:33 [38;5;009m[ERROR]: [0mThis is a error message from thread 118-09-2026 00:29:33 [38;5;117m[DEBUG]: [0mThis is a debug message from thread 2618-09-2026 00:29:33 [38;5;009m[ERROR]: [0mThis is a error message from thread 2418-09-2026 00:29:33 [38;5;117m[DEBUG]: [0mThis is a debug message from thread 1818-09-2026 00:29:33 [38;5;117m[DEBUG]: [0mThis is a debug message from thread 1118-09-2026 00:29:33 [38;5;015m[INFO]: [0mThis is a info message from thread 2818-09-2026 00:29:33 [38;5;009m[ERROR]: [0mThis is a error message from thread 2918-09-2026 00:29:33 [38;5;117m[DEBUG]: [0mThis is a debug message from thread 1418-09-2026 00:29:33 [38;5;117m[DEBUG]: [0mThis is a debug message from thread 118-09-2026 00:29:33 [38;5;117m[DEBUG]: [0mThis is a debug message from thread 2918-09-2026 00:29:33 [38;5;117m[DEBUG]: [0mThis is a debug message from thread 2418-09-2026 00:29:33 [38;5;015m[INFO]: [0mThis is a info message from thread 1718-09-2026 00:29:33 [38;5;015m[INFO]: [0mThis is a info message from thread 2918-09-2026 00:29:33 [38;5;009m[ERROR]: [0mThis is a error message from thread 618-09-2026 00:29:33 [38;5;009m[ERROR]: [0mThis is a error message from thread 2818-09-2026 00:29:33 [38;5;117m[DEBUG]: [0mThis is a debug message from thread 618-09-2026 00:29:33 [38;5;009m[ERROR]: [0mThis is a error message from thread 1218-09-2026 00:29:33 [38;5;117m[DEBUG]: [0mThis is a debug message from thread 2318-09-2026 00:29:33 [38;5;117m[DEBUG]: [0mThis is a debug message from thread 418-09-2026 00:29:33 [38;5;015m[INFO]: [0mThis is a info message from thread 018-09-2026 00:29:33 [38;5;009m[ERROR]: [0mThis is a error message from thread 2518-09-2026 00:29:33 [38;5;117m[DEBUG]: [0mThis is a debug message from thread 518-09-2026 00:29:33 [38;5;117m[DEBUG]: [0mThis is a debug message from thread 218-09-2026 00:29:33 [38;5;009m[ERROR]: [0mThis is a error message from thread 1318-09-2026 00:29:33 [38;5;015m[INFO]: [0mThis is a info message from thread 618-09-2026 00:29:33 [38;5;015m[INFO]: [0mThis is a info message from thread 2418-09-2026 00:29:33 [38;5;117m[DEBUG]: [0mThis is a debug message from thread 2518-09-2026 00:29:33 [38;5;009m[ERROR]: [0mThis is a error message from thread 018-09-2026 00:29:33 [38;5;015m[INFO]: [0mThis is a info message from thread 2718-09-2026 00:29:33 [38;5;117m[DEBUG]: [0mThis is a debug message from thread 1318-09-2026 00:29:33 [38;5;117m[DEBUG]: [0mThis is a debug message from thread 018-09-2026 00:29:33 [38;5;009m[ERROR]: [0mThis is a error message from thread 2218-09-2026 00:29:33 [38;5;015m[INFO]: [0mThis is a info message from thread 118-09-2026 00:29:33 [38;5;009m[ERROR]: [0mThis is a error message from thread 718-09-2026 00:29:33 [38;5;117m[DEBUG]: [0mThis is a debug message from thread 2218-09-2026 00:29:33 [38;5;009m[ERROR]: [0mThis is a error message from thread 2018-09-2026 00:29:33 [38;5;015m[INFO]: [0mThis is a info message from thread 2318-09-2026 00:29:33 [38;5;015m[INFO]: [0mThis is a info message from thread 318-09-2026 00:29:33 [38;5;009m[ERROR]: [0mThis is a error message from thread 1718-09-2026 00:29:33 [38;5;015m[INFO]: [0mThis is a info message from thread 418-09-2026 00:29:33 [38;5;117m[DEBUG]: [0mThis is a debug message from thread 2018-09-2026 00:29:33 [38;5;009m[ERROR]: [0mThis is a error message from thread 2318-09-2026 00:29:33 [38;5;015m[INFO]: [0mThis is a info message from thread 1118-09-2026 00:29:33 [38;5;117m[DEBUG]: [0mThis is a debug message from thread 718-09-2026 00:29:33 [38;5;009m[ERROR]: [0mThis is a error message from thread 818-09-2026 00:29:33 [38;5;009m[ERROR]: [0mThis is a error message from thread 2918-09-2026 00:29:33 [38;5;015m[INFO]: [0mThis is a info message from thread 718-09-2026 00:29:33 [38;5;015m[INFO]: [0mThis is a info message from thread 1618-09-2026 00:29:33 [38;5;015m[INFO]: [0mThis is a info message from thread 518-09-2026 00:29:33 [38;5;117m[DEBUG]: [0mThis is a debug message from thread 1218-09-2026 00:29:33 [38;5;009m[ERROR]: [0mThis is a error message from thread 918-09-2026 00:29:33 [38;5;009m[ERROR]: [0mThis is a error message from thread 618-09-2026 00:29:33 [38;5;015m[INFO]: [0mThis is a info message from thread 1018-09-2026 00:29:33 [38;5;009m[ERROR]: [0mThis is a error message from thread 2118-09-2026 00:29:33 [38;5;009m[ERROR]: [0mThis is a error message from thread 118-09-2026 00:29:33 [38;5;009m[ERROR]: [0mThis is a error message from thread 1118-09-2026 00:29:33 [38;5;015m[INFO]: [0mThis is a info message from thread 2018-09-2026 00:29:33 [38;5;015m[INFO]: [0mThis is a info message from thread 2518-09-2026 00:29:33 [38;5;009m[ERROR]: [0mThis is a error message from thread 318-09-2026 00:29:33 [38;5;117m[DEBUG]: [0mThis is a debug message from thread 2318-09-2026 00:29:33 [38;5;009m[ERROR]: [0mThis is a error message from thread 1618-09-2026 00:29:33 [38;5;015m[INFO]: [0mThis is a info message from thread 2618-09-2026 00:29:33 [38;5;009m[ERROR]: [0mThis is a error message from thread 718-09-2026 00:29:33 [38;5;015m[INFO]: [0mThis is a info message from thread 2318-09-2026 00:29:33 [38;5;117m[DEBUG]: [0mThis is a debug message from thread 918-09-2026 00:29:33 [38;5;117m[DEBUG]: [0mThis is a debug message from thread 2818-09-2026 00:29:33 [38;5;117m[DEBUG]: [0mThis is a debug message from thread 318-09-2026 00:29:33 [38;5;117m[DEBUG]: [0mThis is a debug message from thread 618-09-2026 00:29:33 [38;5;117m[DEBUG]: [0mThis is a debug message from thread 1118-09-2026 00:29:33 [38;5;009m[ERROR]: [0mThis is a error message from thread 2018-09-2026 00:29:33 [38;5;015m[INFO]: [0mThis is a info message from thread 1818-09-2026 00:29:33 [38;5;117m[DEBUG]: [0mThis is a debug message from thread 118-09-2026 00:29:33 [38;5;117m[DEBUG]: [0mThis is a debug message from thread 1618-09-2026 00:29:33 [38;5;015m[INFO]: [0mThis is a info message from thread 918-09-2026 00:29:33 [38;5;015m[INFO]: [0mThis is a info message from thread 2818-09-2026 00:29:33 [38;5;015m[INFO]: [0mThis is a info message from thread 1618-09-2026 00:29:33 [38;5;015m[INFO]: [0mThis is a info message from thread 218-09-2026 00:29:33 [38;5;009m[ERROR]: [0mThis is a error message from thread 1818-09-2026 00:29:33 [38;5;015m[INFO]: [0mThis is a info message from thread 318-09-2026 00:29:33 [38;5;117m[DEBUG]: [0mThis is a debug message from thread 818-09-2026 00:29:33 [38;5;009m[ERROR]: [0mThis is a error message from thread 418-09-2026 00:29:33 [38;5;117m[DEBUG]: [0mThis is a debug message from thread 2018-09-2026 00:29:33 [38;5;117m[DEBUG]: [0mThis is a debug message from thread 1818-09-2026 00:29:33 [38;5;009m[ERROR]: [0mThis is a error message from thread 218-09-2026 00:29:33 [38;5;015m[INFO]: [0mThis is a info message from thread 1918-09-2026 00:29:33 [38;5;015m[INFO]: [0mThis is a info message from thread 1118-09-2026 00:29:33 [38;5;009m[ERROR]: [0mThis is a error message from thread 918-09-2026 00:29:33 [38;5;015m[INFO]: [0mThis is a info message from thread 118-09-2026 00:29:33 [38;5;009m[ERROR]: [0mThis is a error message from thread 2418-09-2026 00:29:33 [38;5;117m[DEBUG]: [0mThis is a debug message from thread 1718-09-2026 00:29:33 [38;5;009m[ERROR]: [0mThis is a error message from thread 318-09-2026 00:29:33 [38;5;009m[ERROR]: [0mThis is a error message from thread 518-09-2026 00:29:33 [38;5;015m[INFO]: [0mThis is a info message from thread 1318-09-2026 00:29:33 [38;5;015m[INFO]: [0mThis is a info message from thread 1818-09-2026 00:29:33 [38;5;117m[DEBUG]: [0mThis is a debug message from thread 2418-09-2026 00:29:33 [38;5;117m[DEBUG]: [0mThis is a debug message from thread 918-09-2026 00:29:33 [38;5;015m[INFO]: [0mThis is a info message from thread 2018-09-2026 00:29:33 [38;5;009m[ERROR]: [0mThis is a error message from thread 1818-09-2026 00:29:33 [38;5;009m[ERROR]: [0mThis is a error message from thread 1118-09-2026 00:29:33 [38;5;117m[DEBUG]: [0mThis is a debug message from thread 318-09-2026 00:29:33 [38;5;117m[DEBUG]: [0mThis is a debug message from thread 1818-09-2026 00:29:33 [38;5;015m[INFO]: [0mThis is a info message from thread 1718-09-2026 00:29:33 [38;5;015m[INFO]: [0mThis is a info message from thread 1818-09-2026 00:29:33 [38;5;009m[ERROR]: [0mThis is a error message from thread 2018-09-2026 00:29:33 [38;5;117m[DEBUG]: [0mThis is a debug message from thread 1118-09-2026 00:29:33 [38;5;015m[INFO]: [0mThis is a info message from thread 2418-09-2026 00:29:33 [38;5;117m[DEBUG]: [0mThis is a debug message from thread 2018-09-2026 00:29:33 [38;5;117m[DEBUG]: [0mThis is a debug message from thread 518-09-2026 00:29:33 [38;5;015m[INFO]: [0mThis is a info message from thread 918-09-2026 00:29:33 [38;5;009m[ERROR]: [0mThis is a error message from thread 2718-09-2026 00:29:33 [38;5;009m[ERROR]: [0mThis is a error message from thread 1018-09-2026 00:29:33 [38;5;009m[ERROR]: [0mThis is a error message from thread 1718-09-2026 00:29:33 [38;5;009m[ERROR]: [0mThis is a error message from thread 1818-09-2026 00:29:33 [38;5;009m[ERROR]: [0mThis is a error message from thread 2518-09-2026 00:29:33 [38;5;015m[INFO]: [0mThis is a info message from thread 1218-09-2026 00:29:33 [38;5;015m[INFO]: [0mThis is a info message from thread 618-09-2026 00:29:33 [38;5;117m[DEBUG]: [0mThis is a debug message from thread 2118-09-2026 00:29:33 [38;5;117m[DEBUG]: [0mThis is a debug message from thread 1818-09-2026 00:29:33 [38;5;015m[INFO]: [0mThis is a info message from thread 2018-09-2026 00:29:33 [38;5;015m[INFO]: [0mThis is a info message from thread 818-09-2026 00:29:33 [38;5;015m[INFO]: [0mThis is a info message from thread 1118-09-2026 00:29:33 [38;5;009m[ERROR]: [0mThis is a error message from thread 1518-09-2026 00:29:33 [38;5;009m[ERROR]: [0mThis is a error message from thread 2318-09-2026 00:29:33 [38;5;015m[INFO]: [0mThis is a info message from thread 018-09-2026 00:29:33 [38;5;117m[DEBUG]: [0mThis is a debug message from thread 1718-09-2026 00:29:33 [38;5;009m[ERROR]: [0mThis is a error message from thread 1218-09-2026 00:29:33 [38;5;015m[INFO]: [0mThis is a info message from thread 318-09-2026 00:29:33 [38;5;009m[ERROR]: [0mThis is a error message from thread 2418-09-2026 00:29:33 [38;5;015m[INFO]: [0mThis is a info message from thread 518-09-2026 00:29:33 [38;5;009m[ERROR]: [0mThis is a error message from thread 918-09-2026 00:29:33 [38;5;009m[ERROR]: [0mThis is a error message from thread 118-09-2026 00:29:33 [38;5;009m[ERROR]: [0mThis is a error message from thread 2818-09-2026 00:29:33 [38;5;015m[INFO]: [0mThis is a info message from thread 1718-09-2026 00:29:33 [38;5;015m[INFO]: [0mThis is a info message from thread 1418-09-2026 00:29:33 [38;5;117m[DEBUG]: [0mThis is a debug message from thread 2718-09-2026 00:29:33 [38;5;117m[DEBUG]: [0mThis is a debug message from thread 1018-09-2026 00:29:33 [38;5;009m[ERROR]: [0mThis is a error message from thread 1618-09-2026 00:29:33 [38;5;009m[ERROR]: [0mThis is a error message from thread 2618-09-2026 00:29:33 [38;5;009m[ERROR]: [0mThis is a error message from thread 1918-09-2026 00:29:33 [38;5;117m[DEBUG]: [0mThis is a debug message from thread 118-09-2026 00:29:33 [38;5;015m[INFO]: [0mThis is a info message from thread 2118-09-2026 00:29:33 [38;5;117m[DEBUG]: [0mThis is a debug message from thread 2818-09-2026 00:29:33 [38;5;009m[ERROR]: [0mThis is a error message from thread 1318-09-2026 00:29:33 [38;5;009m[ERROR]: [0mThis is a error message from thread 318-09-2026 00:29:33 [38;5;117m[DEBUG]: [0mThis is a debug message from thread 1518-09-2026 00:29:33 [38;5;117m[DEBUG]: [0mThis is a debug message from thread 218-09-2026 00:29:33 [38;5;015m[INFO]: [0mThis is a info message from thread 2718-09-2026 00:29:33 [38;5;015m[INFO]: [0mThis is a info message from thread 118-09-2026 00:29:33 [38;5;015m[INFO]: [0mThis is a info message from thread 1518-09-2026 00:29:33 [38;5;117m[DEBUG]: [0mThis is a debug message from thread 1318-09-2026 00:29:33 [38;5;009m[ERROR]: [0mThis is a error message from thread 1718-09-2026 00:29:33 [38;5;009m[ERROR]: [0mThis is a error message from thread 2018-09-2026 00:29:33 [38;5;117m[DEBUG]: [0mThis is a debug message from thread 1918-09-2026 00:29:33 [38;5;009m[ERROR]: [0mThis is a error message from thread 118-09-2026 00:29:33 [38;5;015m[INFO]: [0mThis is a info message from thread 218-09-2026 00:29:33 [38;5;015m[INFO]: [0mThis is a info message from thread 1318-09-2026 00:29:33 [38;5;009m[ERROR]: [0mThis is a error message from thread 1518-09-2026 00:29:33 [38;5;015m[INFO]: [0mThis is a info message from thread 2818-09-2026 00:29:33 [38;5;117m[DEBUG]: [0mThis is a debug message from thread 1718-09-2026 00:29:33 [38;5;009m[ERROR]: [0mThis is a error message from thread 1318-09-2026 00:29:33 [38;5;117m[DEBUG]: [0mThis is a debug message from thread 1518-09-2026 00:29:33 [38;5;009m[ERROR]: [0mThis is a error message from thread 518-09-2026 00:29:33 [38;5;015m[INFO]: [0mThis is a info message from thread 1918-09-2026 00:29:33 [38;5;117m[DEBUG]: [0mThis is a debug message from thread 2018-09-2026 00:29:33 [38;5;009m[ERROR]: [0mThis is a error message from thread 218-09-2026 00:29:33 [38;5;009m[ERROR]: [0mThis is a error message from thread 2818-09-2026 00:29:33 [38;5;117m[DEBUG]: [0mThis is a debug message from thread 518-09-2026 00:29:33 [38;5;015m[INFO]: [0mThis is a info message from thread 1518-09-2026 00:29:33 [38;5;117m[DEBUG]: [0mThis is a debug message from thread 1318-09-2026 00:29:33 [38;5;009m[ERROR]: [0mThis is a error message from thread 2718-09-2026 00:29:33 [38;5;117m[DEBUG]: [0mThis is a debug message from thread 2818-09-2026 00:29:33 [38;5;117m[DEBUG]: [0mThis is a debug message from thread 218-09-2026 00:29:33 [38;5;015m[INFO]: [0mThis is a info message from thread 1718-09-2026 00:29:33 [38;5;015m[INFO]: [0mThis is a info message from thread 1318-09-2026 00:29:33 [38;5;009m[ERROR]: [0mThis is a error message from thread 1318-09-2026 00:29:33 [38;5;009m[ERROR]: [0mThis is a error message from thread 1518-09-2026 00:29:33 [38;5;015m[INFO]: [0mThis is a info message from thread 218-09-2026 00:29:33 [38;5;009m[ERROR]: [0mThis is a error message from thread 1918-09-2026 00:29:33 [38;5;117m[DEBUG]: [0mThis is a debug message from thread 1618-09-2026 00:29:33 [38;5;015m[INFO]: [0mThis is a info message from thread 2818-09-2026 00:29:33 [38;5;009m[ERROR]: [0mThis is a error message from thread 018-09-2026 00:29:33 [38;5;009m[ERROR]: [0mThis is a error message from thread 1718-09-2026 00:29:33 [38;5;009m[ERROR]: [0mThis is a error message from thread 218-09-2026 00:29:33 [38;5;117m[DEBUG]: [0mThis is a debug message from thread 2918-09-2026 00:29:33 [38;5;117m[DEBUG]: [0mThis is a debug message from thread 2518-09-2026 00:29:33 [38;5;117m[DEBUG]: [0mThis is a debug message from thread 318-09-2026 00:29:33 [38;5;015m[INFO]: [0mThis is a info message from thread 2018-09-2026 00:29:33 [38;5;015m[INFO]: [0mThis is a info message from thread 2518-09-2026 00:29:33 [38;5;117m[DEBUG]: [0mThis is a debug message from thread 018-09-2026 00:29:33 [38;5;117m[DEBUG]: [0mThis is a debug message from thread 1218-09-2026 00:29:33 [38;5;009m[ERROR]: [0mThis is a error message from thread 2118-09-2026 00:29:33 [38;5;015m[INFO]: [0mThis is a info message from thread 1818-09-2026 00:29:33 [38;5;117m[DEBUG]: [0mThis is a debug message from thread 1918-09-2026 00:29:33 [38;5;009m[ERROR]: [0mThis is a error message from thread 2518-09-2026 00:29:33 [38;5;009m[ERROR]: [0mThis is a error message from thread 1118-09-2026 00:29:33 [38;5;015m[INFO]: [0mThis is a info message from thread 2918-09-2026 00:29:33 [38;5;117m[DEBUG]: [0mThis is a debug message from thread 2418-09-2026 00:29:33 [38;5;015m[INFO]: [0mThis is a info message from thread 1618-09-2026 00:29:33 [38;5;117m[DEBUG]: [0mThis is a debug message from thread 1518-09-2026 00:29:33 [38;5;117m[DEBUG]: [0mThis is a debug message from thread 2118-09-2026 00:29:33 [38;5;117m[DEBUG]: [0mThis is a debug message from thread 718-09-2026 00:29:33 [38;5;015m[INFO]: [0mThis is a info message from thread 2418-09-2026 00:29:33 [38;5;117m[DEBUG]: [0mThis is a debug message from thread 2318-09-2026 00:29:33 [38;5;015m[INFO]: [0mThis is a info message from thread 518-09-2026 00:29:33 [38;5;117m[DEBUG]: [0mThis is a debug message from thread 218-09-2026 00:29:33 [38;5;117m[DEBUG]: [0mThis is a debug message from thread 1118-09-2026 00:29:33 [38;5;117m[DEBUG]: [0mThis is a debug message from thread 2718-09-2026 00:29:33 [38;5;015m[INFO]: [0mThis is a info message from thread 2318-09-2026 00:29:33 [38;5;117m[DEBUG]: [0mThis is a debug message from thread 1718-09-2026 00:29:33 [38;5;015m[INFO]: [0mThis is a info message from thread 718-09-2026 00:29:33 [38;5;009m[ERROR]: [0mThis is a error message from thread 2418-09-2026 00:29:33 [38;5;117m[DEBUG]: [0mThis is a debug message from thread 418-09-2026 00:29:33 [38;5;009m[ERROR]: [0mThis is a error message from thread 2018-09-2026 00:29:33 [38;5;117m[DEBUG]: [0mThis is a debug message from thread 918-09-2026 00:29:33 [38;5;015m[INFO]: [0mThis is a info message from thread 1918-09-2026 00:29:33 [38;5;015m[INFO]: [0mThis is a info message from thread 1118-09-2026 00:29:33 [38;5;009m[ERROR]: [0mThis is a error message from thread 1118-09-2026 00:29:33 [38;5;009m[ERROR]: [0mThis is a error message from thread 1918-09-2026 00:29:33 [38;5;015m[INFO]: [0mThis is a info message from thread 418-09-2026 00:29:33 [38;5;117m[DEBUG]: [0mThis is a debug message from thread 1918-09-2026 00:29:33 [38;5;009m[ERROR]: [0mThis is a error message from thread 818-09-2026 00:29:33 [38;5;015m[INFO]: [0mThis is a info message from thread 2718-09-2026 00:29:33 [38;5;009m[ERROR]: [0mThis is a error message from thread 718-09-2026 00:29:33 [38;5;117m[DEBUG]: [0mThis is a debug message from thread 2418-09-2026 00:29:33 [38;5;117m[DEBUG]: [0mThis is a debug message from thread 1118-09-2026 00:29:33 [38;5;009m[ERROR]: [0mThis is a error message from thread 2718-09-2026 00:29:33 [38;5;015m[INFO]: [0mThis is a info message from thread 1918-09-2026 00:29:33 [38;5;015m[INFO]: [0mThis is a info message from thread 2418-09-2026 00:29:33 [38;5;117m[DEBUG]: [0mThis is a debug message from thread 2018-09-2026 00:29:33 [38;5;009m[ERROR]: [0mThis is a error message from thread 418-09-2026 00:29:33 [38;5;009m[ERROR]: [0mThis is a error message from thread 1618-09-2026 00:29:33 [38;5;015m[INFO]: [0mThis is a info message from thread 318-09-2026 00:29:33 [38;5;015m[INFO]: [0mThis is a info message from thread 1118-09-2026 00:29:33 [38;5;009m[ERROR]: [0mThis is a error message from thread 1918-09-2026 00:29:33 [38;5;117m[DEBUG]: [0mThis is a debug message from thread 2718-09-2026 00:29:33 [38;5;117m[DEBUG]: [0mThis is a debug message from thread 2518-09-2026 00:29:33 [38;5;009m[ERROR]: [0mThis is a error message from thread 2418-09-2026 00:29:33 [38;5;009m[ERROR]: [0mThis is a error message from thread 318-09-2026 00:29:33 [38;5;009m[ERROR]: [0mThis is a error message from thread 2818-09-2026 00:29:33 [38;5;117m[DEBUG]: [0mThis is a debug message from thread 1918-09-2026 00:29:33 [38;5;015m[INFO]: [0mThis is a info message from thread 2518-09-2026 00:29:33 [38;5;015m[INFO]: [0mThis is a info message from thread 1018-09-2026 00:29:33 [38;5;009m[ERROR]: [0mThis is a error message from thread 1818-09-2026 00:29:33 [38;5;015m[INFO]: [0mThis is a info message from thread 2718-09-2026 00:29:33 [38;5;009m[ERROR]: [0mThis is a error message from thread 1418-09-2026 00:29:33 [38;5;015m[INFO]: [0mThis is a info message from thread 1918-09-2026 00:29:33 [38;5;117m[DEBUG]: [0mThis is a debug message from thread 2618-09-2026 00:29:33 [38;5;015m[INFO]: [0mThis is a info message from thread 1718-09-2026 00:29:33 [38;5;117m[DEBUG]: [0mThis is a debug message from thread 1818-09-2026 00:29:33 [38;5;009m[ERROR]: [0mThis is a error message from thread 2518-09-2026 00:29:33 [38;5;015m[INFO]: [0mThis is a info message from thread 2618-09-2026 00:29:33 [38;5;117m[DEBUG]: [0mThis is a debug message from thread 318-09-2026 00:29:33 [38;5;015m[INFO]: [0mThis is a info message from thread 1518-09-2026 00:29:33 [38;5;009m[ERROR]: [0mThis is a error message from thread 2718-09-2026 00:29:33 [38;5;015m[INFO]: [0mThis is a info message from thread 1818-09-2026 00:29:33 [38;5;117m[DEBUG]: [0mThis is a debug message from thread 1318-09-2026 00:29:33 [38;5;009m[ERROR]: [0mThis is a error message from thread 618-09-2026 00:29:33 [38;5;117m[DEBUG]: [0mThis is a debug message from thread 2518-09-2026 00:29:33 [38;5;015m[INFO]: [0mThis is a info message from thread 318-09-2026 00:29:33 [38;5;009m[ERROR]: [0mThis is a error message from thread 2618-09-2026 00:29:33 [38;5;015m[INFO]: [0mThis is a info message from thread 2218-09-2026 00:29:33 [38;5;009m[ERROR]: [0mThis is a error message from thread 1918-09-2026 00:29:33 [38;5;117m[DEBUG]: [0mThis is a debug message from thread 418-09-2026 00:29:33 [38;5;015m[INFO]: [0mThis is a info message from thread 2518-09-2026 00:29:33 [38;5;117m[DEBUG]: [0mThis is a debug message from thread 2618-09-2026 00:29:33 [38;5;009m[ERROR]: [0mThis is a error message from thread 318-09-2026 00:29:33 [38;5;117m[DEBUG]: [0mThis is a debug message from thread 1918-09-2026 00:29:33 [38;5;009m[ERROR]: [0mThis is a error message from thread 2218-09-2026 00:29:33 [38;5;015m[INFO]: [0mThis is a info message from thread 1318-09-2026 00:29:33 [38;5;015m[INFO]: [0mThis is a info message from thread 418-09-2026 00:29:33 [38;5;009m[ERROR]: [0mThis is a error message from thread 1118-09-2026 00:29:33 [38;5;009m[ERROR]: [0mThis is a error message from thread 2918-09-2026 00:29:33 [38;5;009m[ERROR]: [0mThis is a error message from thread 1818-09-2026 00:29:33 [38;5;009m[ERROR]: [0mThis is a error message from thread 2518-09-2026 00:29:33 [38;5;117m[DEBUG]: [0mThis is a debug message from thread 2218-09-2026 00:29:33 [38;5;117m[DEBUG]: [0mThis is a debug message from thread 818-09-2026 00:29:33 [38;5;117m[DEBUG]: [0mThis is a debug message from thread 1818-09-2026 00:29:33 [38;5;009m[ERROR]: [0mThis is a error message from thread 2318-09-2026 00:29:33 [38;5;015m[INFO]: [0mThis is a info message from thread 2218-09-2026 00:29:33 [38;5;009m[ERROR]: [0mThis is a error message from thread 518-09-2026 00:29:33 [38;5;009m[ERROR]: [0mThis is a error message from thread 1718-09-2026 00:29:33 [38;5;117m[DEBUG]: [0mThis is a debug message from thread 2518-09-2026 00:29:33 [38;5;009m[ERROR]: [0mThis is a error message from thread 2218-09-2026 00:29:33 [38;5;015m[INFO]: [0mThis is a info message from thread 818-09-2026 00:29:33 [38;5;117m[DEBUG]: [0mThis is a debug message from thread 718-09-2026 00:29:33 [38;5;117m[DEBUG]: [0mThis is a debug message from thread 2218-09-2026 00:29:33 [38;5;009m[ERROR]: [0mThis is a error message from thread 418-09-2026 00:29:33 [38;5;009m[ERROR]: [0mThis is a error message from thread 1518-09-2026 00:29:33 [38;5;117m[DEBUG]: [0mThis is a debug message from thread 618-09-2026 00:29:33 [38;5;015m[INFO]: [0mThis is a info message from thread 618-09-2026 00:29:33 [38;5;117m[DEBUG]: [0mThis is a debug message from thread 418-09-2026 00:29:33 [38;5;015m[INFO]: [0mThis is a info message from thread 918-09-2026 00:29:33 [38;5;117m[DEBUG]: [0mThis is a debug message from thread 2818-09-2026 00:29:33 [38;5;117m[DEBUG]: [0mThis is a debug message from thread 2318-09-2026 00:29:33 [38;5;117m[DEBUG]: [0mThis is a debug message from thread 2718-09-2026 00:29:33 [38;5;015m[INFO]: [0mThis is a info message from thread 218-09-2026 00:29:33 [38;5;015m[INFO]: [0mThis is a info message from thread 2218-09-2026 00:29:33 [38;5;009m[ERROR]: [0mThis is a error message from thread 818-09-2026 00:29:33 [38;5;015m[INFO]: [0mThis is a info message from thread 018-09-2026 00:29:33 [38;5;117m[DEBUG]: [0mThis is a debug message from thread 1518-09-2026 00:29:33 [38;5;009m[ERROR]: [0mThis is a error message from thread 1018-09-2026 00:29:33 [38;5;117m[DEBUG]: [0mThis is a debug message from thread 318-09-2026 00:29:33 [38;5;117m[DEBUG]: [0mThis is a debug message from thread 1718-09-2026 00:29:33 [38;5;117m[DEBUG]: [0mThis is a debug message from thread 818-09-2026 00:29:33 [38;5;015m[INFO]: [0mThis is a info message from thread 2518-09-2026 00:29:33 [38;5;015m[INFO]: [0mThis is a info message from thread 2718-09-2026 00:29:33 [38;5;009m[ERROR]: [0mThis is a error message from thread 218-09-2026 00:29:33 [38;5;015m[INFO]: [0mThis is a info message from thread 318-09-2026 00:29:33 [38;5;015m[INFO]: [0mThis is a info message from thread 1218-09-2026 00:29:33 [38;5;015m[INFO]: [0mThis is a info message from thread 2018-09-2026 00:29:33 [38;5;117m[DEBUG]: [0mThis is a debug message from thread 1618-09-2026 00:29:33 [38;5;009m[ERROR]: [0mThis is a error message from thread 1218-09-2026 00:29:33 [38;5;015m[INFO]: [0mThis is a info message from thread 1918-09-2026 00:29:33 [38;5;117m[DEBUG]: [0mThis is a debug message from thread 1118-09-2026 00:29:33 [38;5;009m[ERROR]: [0mThis is a error message from thread 1918-09-2026 00:29:33 [38;5;015m[INFO]: [0mThis is a info message from thread 1818-09-2026 00:29:33 [38;5;117m[DEBUG]: [0mThis is a debug message from thread 118-09-2026 00:29:33 [38;5;117m[DEBUG]: [0mThis is a debug message from thread 1918-09-2026 00:29:33 [38;5;009m[ERROR]: [0mThis is a error message from thread 1818-09-2026 00:29:33 [38;5;117m[DEBUG]: [0mThis is a debug message from thread 518-09-2026 00:29:33 [38;5;015m[INFO]: [0mThis is a info message from thread 118-09-2026 00:29:33 [38;5;015m[INFO]: [0mThis is a info message from thread 518-09-2026 00:29:33 [38;5;117m[DEBUG]: [0mThis is a debug message from thread 1018-09-2026 00:29:33 [38;5;015m[INFO]: [0mThis is a info message from thread 1918-09-2026 00:29:33 [38;5;117m[DEBUG]: [0mThis is a debug message from thread 1818-09-2026 00:29:33 [38;5;015m[INFO]: [0mThis is a info message from thread 1818-09-2026 00:29:33 [38;5;009m[ERROR]: [0mThis is a error message from thread 1818-09-2026 00:29:33 [38;5;009m[ERROR]: [0mThis is a error message from thread 1918-09-2026 00:29:33 [38;5;009m[ERROR]: [0mThis is a error message from thread 2518-09-2026 00:29:33 [38;5;015m[INFO]: [0mThis is a info message from thread 1018-09-2026 00:29:33 [38;5;009m[ERROR]: [0mThis is a error message from thread 518-09-2026 00:29:33 [38;5;117m[DEBUG]: [0mThis is a debug message from thread 518-09-2026 00:29:33 [38;5;009m[ERROR]: [0mThis is a error message from thread 618-09-2026 00:29:33 [38;5;015m[INFO]: [0mThis is a info message from thread 518-09-2026 00:29:33 [38;5;015m[INFO]: [0mThis is a info message from thread 1518-09-2026 00:29:33 [38;5;009m[ERROR]: [0mThis is a error message from thread 518-09-2026 00:29:33 [38;5;117m[DEBUG]: [0mThis is a debug message from thread 2518-09-2026 00:29:33 [38;5;117m[DEBUG]: [0mThis is a debug message from thread 218-09-2026 00:29:33 [38;5;117m[DEBUG]: [0mThis is a debug message from thread 1818-09-2026 00:29:33 [38;5;015m[INFO]: [0mThis is a info message from thread 2118-09-2026 00:29:33 [38;5;009m[ERROR]: [0mThis is a error message from thread 918-09-2026 00:29:33 [38;5;009m[ERROR]: [0mThis is a error message from thread 018-09-2026 00:29:33 [38;5;015m[INFO]: [0mThis is a info message from thread 1718-09-2026 00:29:33 [38;5;015m[INFO]: [0mThis is a info message from thread 2518-09-2026 00:29:33 [38;5;009m[ERROR]: [0mThis is a error message from thread 1518-09-2026 00:29:33 [38;5;009m[ERROR]: [0mThis is a error message from thread 318-09-2026 00:29:33 [38;5;015m[INFO]: [0mThis is a info message from thread 1118-09-2026 00:29:33 [38;5;117m[DEBUG]: [0mThis is a debug message from thread 1218-09-2026 00:29:33 [38;5;009m[ERROR]: [0mThis is a error message from thread 2218-09-2026 00:29:33 [38;5;015m[INFO]: [0mThis is a info message from thread 818-09-2026 00:29:33 [38;5;117m[DEBUG]: [0mThis is a debug message from thread 318-09-2026 00:29:33 [38;5;015m[INFO]: [0mThis is a info message from thread 1818-09-2026 00:29:33 [38;5;015m[INFO]: [0mThis is a info message from thread 2818-09-2026 00:29:33 [38;5;009m[ERROR]: [0mThis is a error message from thread 2118-09-2026 00:29:33 [38;5;117m[DEBUG]: [0mThis is a debug message from thread 2918-09-2026 00:29:33 [38;5;117m[DEBUG]: [0mThis is a debug message from thread 1418-09-2026 00:29:33 [38;5;009m[ERROR]: [0mThis is a error message from thread 118-09-2026 00:29:33 [38;5;015m[INFO]: [0mThis is a info message from thread 718-09-2026 00:29:33 [38;5;117m[DEBUG]: [0mThis is a debug message from thread 2118-09-2026 00:29:33 [38;5;117m[DEBUG]: [0mThis is a debug message from thread 618-09-2026 00:29:33 [38;5;015m[INFO]: [0mThis is a info message from thread 2318-09-2026 00:29:33 [38;5;015m[INFO]: [0mThis is a info message from thread 2118-09-2026 00:29:33 [38;5;015m[INFO]: [0mThis is a info message from thread 1218-09-2026 00:29:33 [38;5;009m[ERROR]: [0mThis is a error message from thread 718-09-2026 00:29:33 [38;5;009m[ERROR]: [0mThis is a error message from thread 2718-09-2026 00:29:33 [38;5;117m[DEBUG]: [0mThis is a debug message from thread 018-09-2026 00:29:33 [38;5;015m[INFO]: [0mThis is a info message from thread 318-09-2026 00:29:33 [38;5;009m[ERROR]: [0mThis is a error message from thread 2118-09-2026 00:29:33 [38;5;015m[INFO]: [0mThis is a info message from thread 018-09-2026 00:29:33 [38;5;117m[DEBUG]: [0mThis is a debug message from thread 718-09-2026 00:29:33 [38;5;009m[ERROR]: [0mThis is a error message from thread 2818-09-2026 00:29:33 [38;5;117m[DEBUG]: [0mThis is a debug message from thread 2718-09-2026 00:29:33 [38;5;015m[INFO]: [0mThis is a info message from thread 1418-09-2026 00:29:33 [38;5;009m[ERROR]: [0mThis is a error message from thread 1318-09-2026 00:29:33 [38;5;009m[ERROR]: [0mThis is a error message from thread 1718-09-2026 00:29:33 [38;5;015m[INFO]: [0mThis is a info message from thread 618-09-2026 00:29:33 [38;5;015m[INFO]: [0mThis is a info message from thread 718-09-2026 00:29:33 [38;5;117m[DEBUG]: [0mThis is a debug message from thread 1318-09-2026 00:29:33 [38;5;015m[INFO]: [0mThis is a info message from thread 2718-09-2026 00:29:33 [38;5;009m[ERROR]: [0mThis is a error message from thread 1818-09-2026 00:29:33 [38;5;015m[INFO]: [0mThis is a info message from thread 1318-09-2026 00:29:33 [38;5;117m[DEBUG]: [0mThis is a debug message from thread 2118-09-2026 00:29:33 [38;5;009m[ERROR]: [0mThis is a error message from thread 1318-09-2026 00:29:33 [38;5;009m[ERROR]: [0mThis is a error message from thread 2718-09-2026 00:29:33 [38;5;009m[ERROR]: [0mThis is a error message from thread 618-09-2026 00:29:33 [38;5;117m[DEBUG]: [0mThis is a debug message from thread 2818-09-2026 00:29:33 [38;5;015m[INFO]: [0mThis is a info message from thread 2118-09-2026 00:29:33 [38;5;117m[DEBUG]: [0mThis is a debug message from thread 918-09-2026 00:29:33 [38;5;009m[ERROR]: [0mThis is a error message from thread 2018-09-2026 00:29:33 [38;5;117m[DEBUG]: [0mThis is a debug message from thread 1818-09-2026 00:29:33 [38;5;009m[ERROR]: [0mThis is a error message from thread 1018-09-2026 00:29:33 [38;5;009m[ERROR]: [0mThis is a error message from thread 1218-09-2026 00:29:33 [38;5;009m[ERROR]: [0mThis is a error message from thread 1118-09-2026 00:29:33 [38;5;009m[ERROR]: [0mThis is a error message from thread 718-09-2026 00:29:33 [38;5;015m[INFO]: [0mThis is a info message from thread 2618-09-2026 00:29:33 [38;5;117m[DEBUG]: [0mThis is a debug message from thread 518-09-2026 00:29:33 [38;5;009m[ERROR]: [0mThis is a error message from thread 2318-09-2026 00:29:33 [38;5;117m[DEBUG]: [0mThis is a debug message from thread 2218-09-2026 00:29:33 [38;5;117m[DEBUG]: [0mThis is a debug message from thread 618-09-2026 00:29:33 [38;5;117m[DEBUG]: [0mThis is a debug message from thread 1918-09-2026 00:29:33 [38;5;015m[INFO]: [0mThis is a info message from thread 418-09-2026 00:29:33 [38;5;117m[DEBUG]: [0mThis is a debug message from thread 2718-09-2026 00:29:33 [38;5;117m[DEBUG]: [0mThis is a debug message from thread 718-09-2026 00:29:33 [38;5;015m[INFO]: [0mThis is a info message from thread 1918-09-2026 00:29:33 [38;5;009m[ERROR]: [0mThis is a error message from thread 418-09-2026 00:29:33 [38;5;117m[DEBUG]: [0mThis is a debug message from thread 1018-09-2026 00:29:33 [38;5;117m[DEBUG]: [0mThis is a debug message from thread 418-09-2026 00:29:33 [38;5;117m[DEBUG]: [0mThis is a debug message from thread 1118-09-2026 00:29:33 [38;5;015m[INFO]: [0mThis is a info message from thread 1018-09-2026 00:29:33 [38;5;009m[ERROR]: [0mThis is a error message from thread 318-09-2026 00:29:33 [38;5;117m[DEBUG]: [0mThis is a debug message from thread 1718-09-2026 00:29:33 [38;5;117m[DEBUG]: [0mThis is a debug message from thread 2318-09-2026 00:29:33 [38;5;009m[ERROR]: [0mThis is a error message from thread 1018-09-2026 00:29:33 [38;5;015m[INFO]: [0mThis is a info message from thread 1718-09-2026 00:29:33 [38;5;117m[DEBUG]: [0mThis is a debug message from thread 318-09-2026 00:29:33 [38;5;015m[INFO]: [0mThis is a info message from thread 418-09-2026 00:29:33 [38;5;015m[INFO]: [0mThis is a info message from thread 2718-09-2026 00:29:33 [38;5;117m[DEBUG]: [0mThis is a debug message from thread 2418-09-2026 00:29:33 [38;5;015m[INFO]: [0mThis is a info message from thread 718-09-2026 00:29:33 [38;5;009m[ERROR]: [0mThis is a error message from thread 2718-09-2026 00:29:33 [38;5;015m[INFO]: [0mThis is a info message from thread 2418-09-2026 00:29:33 [38;5;009m[ERROR]: [0mThis is a error message from thread 2418-09-2026 00:29:33 [38;5;009m[ERROR]: [0mThis is a error message from thread 2518-09-2026 00:29:33 [38;5;015m[INFO]: [0mThis is a info message from thread 218-09-2026 00:29:33 [38;5;117m[DEBUG]: [0mThis is a debug message from thread 2518-09-2026 00:29:33 [38;5;009m[ERROR]: [0mThis is a error message from thread 218-09-2026 00:29:33 [38;5;015m[INFO]: [0mThis is a info message from thread 2518-09-2026 00:29:33 [38;5;015m[INFO]: [0mThis is a info message from thread 1818-09-2026 00:29:33 [38;5;009m[ERROR]: [0mThis is a error message from thread 2518-09-2026 00:29:33 [38;5;015m[INFO]: [0mThis is a info message from thread 918-09-2026 00:29:33 [38;5;015m[INFO]: [0mThis is a info message from thread 2218-09-2026 00:29:33 [38;5;117m[DEBUG]: [0mThis is a debug message from thread 2518-09-2026 00:29:33 [38;5;009m[ERROR]: [0mThis is a error message from thread 918-09-2026 00:29:33 [38;5;015m[INFO]: [0mThis is a info message from thread 2918-09-2026 00:29:33 [38;5;015m[INFO]: [0mThis is a info message from thread 2518-09-2026 00:29:33 [38;5;009m[ERROR]: [0mThis is a error message from thread 2218-09-2026 00:29:33 [38;5;015m[INFO]: [0mThis is a info message from thread 1118-09-2026 00:29:33 [38;5;009m[ERROR]: [0mThis is a error message from thread 2518-09-2026 00:29:33 [38;5;009m[ERROR]: [0mThis is a error message from thread 2918-09-2026 00:29:33 [38;5;117m[DEBUG]: [0mThis is a debug message from thread 1218-09-2026 00:29:33 [38;5;117m[DEBUG]: [0mThis is a debug message from thread 918-09-2026 00:29:33 [38;5;009m[ERROR]: [0mThis is a error message from thread 1118-09-2026 00:29:33 [38;5;015m[INFO]: [0mThis is a info message from thread 2318-09-2026 00:29:33 [38;5;009m[ERROR]: [0mThis is a error message from thread 1718-09-2026 00:29:33 [38;5;117m[DEBUG]: [0mThis is a debug message from thread 2518-09-2026 00:29:33 [38;5;117m[DEBUG]: [0mThis is a debug message from thread 2018-09-2026 00:29:33 [38;5;117m[DEBUG]: [0mThis is a debug message from thread 2218-09-2026 00:29:33 [38;5;117m[DEBUG]: [0mThis is a debug message from thread 1718-09-2026 00:29:33 [38;5;117m[DEBUG]: [0mThis is a debug message from thread 2918-09-2026 00:29:33 [38;5;015m[INFO]: [0mThis is a info message from thread 1718-09-2026 00:29:33 [38;5;015m[INFO]: [0mThis is a info message from thread 2218-09-2026 00:29:33 [38;5;015m[INFO]: [0mThis is a info message from thread 2918-09-2026 00:29:33 [38;5;009m[ERROR]: [0mThis is a error message from thread 2318-09-2026 00:29:33 [38;5;015m[INFO]: [0mThis is a info message from thread 618-09-2026 00:29:33 [38;5;009m[ERROR]: [0mThis is a error message from thread 2618-09-2026 00:29:33 [38;5;009m[ERROR]: [0mThis is a error message from thread 2918-09-2026 00:29:33 [38;5;117m[DEBUG]: [0mThis is a debug message from thread 218-09-2026 00:29:33 [38;5;117m[DEBUG]: [0mThis is a debug message from thread 2318-09-2026 00:29:33 [38;5;009m[ERROR]: [0mThis is a error message from thread 1718-09-2026 00:29:33 [38;5;117m[DEBUG]: [0mThis is a debug message from thread 2918-09-2026 00:29:33 [38;5;117m[DEBUG]: [0mThis is a debug message from thread 2718-09-2026 00:29:33 [38;5;015m[INFO]: [0mThis is a info message from thread 2918-09-2026 00:29:33 [38;5;117m[DEBUG]: [0mThis is a debug message from thread 1718-09-2026 00:29:33 [38;5;015m[INFO]: [0mThis is a info message from thread 2718-09-2026 00:29:33 [38;5;117m[DEBUG]: [0mThis is a debug message from thread 2618-09-2026 00:29:33 [38;5;117m[DEBUG]: [0mThis is a debug message from thread 1018-09-2026 00:29:33 [38;5;009m[ERROR]: [0mThis is a error message from thread 2718-09-2026 00:29:33 [38;5;009m[ERROR]: [0mThis is a error message from thread 2118-09-2026 00:29:33 [38;5;009m[ERROR]: [0mThis is a error message from thread 1818-09-2026 00:29:33 [38;5;117m[DEBUG]: [0mThis is a debug message from thread 2718-09-2026 00:29:33 [38;5;117m[DEBUG]: [0mThis is a debug message from thread 2118-09-2026 00:29:33 [38;5;117m[DEBUG]: [0mThis is a debug message from thread 1818-09-2026 00:29:33 [38;5;015m[INFO]: [0mThis is a info message from thread 518-09-2026 00:29:33 [38;5;117m[DEBUG]: [0mThis is a debug message from thread 118-09-2026 00:29:33 [38;5;009m[ERROR]: [0mThis is a error message from thread 518-09-2026 00:29:33 [38;5;117m[DEBUG]: [0mThis is a debug message from thread 1318-09-2026 00:29:33 [38;5;015m[INFO]: [0mThis is a info message from thread 1718-09-2026 00:29:33 [38;5;015m[INFO]: [0mThis is a info message from thread 1018-09-2026 00:29:33 [38;5;009m[ERROR]: [0mThis is a error message from thread 1718-09-2026 00:29:33 [38;5;009m[ERROR]: [0mThis is a error message from thread 1418-09-2026 00:29:33 [38;5;015m[INFO]: [0mThis is a info message from thread 1318-09-2026 00:29:33 [38;5;117m[DEBUG]: [0mThis is a debug message from thread 1718-09-2026 00:29:33 [38;5;009m[ERROR]: [0mThis is a error message from thread 1018-09-2026 00:29:33 [38;5;015m[INFO]: [0mThis is a info message from thread 2118-09-2026 00:29:33 [38;5;015m[INFO]: [0mThis is a info message from thread 1818-09-2026 00:29:33 [38;5;117m[DEBUG]: [0mThis is a debug message from thread 518-09-2026 00:29:33 [38;5;009m[ERROR]: [0mThis is a error message from thread 418-09-2026 00:29:33 [38;5;117m[DEBUG]: [0mThis is a debug message from thread 1418-09-2026 00:29:33 [38;5;015m[INFO]: [0mThis is a info message from thread 518-09-2026 00:29:33 [38;5;009m[ERROR]: [0mThis is a error message from thread 618-09-2026 00:29:33 [38;5;117m[DEBUG]: [0mThis is a debug message from thread 1018-09-2026 00:29:33 [38;5;015m[INFO]: [0mThis is a info message from thread 2518-09-2026 00:29:33 [38;5;015m[INFO]: [0mThis is a info message from thread 318-09-2026 00:29:33 [38;5;009m[ERROR]: [0mThis is a error message from thread 518-09-2026 00:29:33 [38;5;117m[DEBUG]: [0mThis is a debug message from thread 618-09-2026 00:29:33 [38;5;015m[INFO]: [0mThis is a info message from thread 918-09-2026 00:29:33 [38;5;015m[INFO]: [0mThis is a info message from thread 1018-09-2026 00:29:33 [38;5;015m[INFO]: [0mThis is a info message from thread 1618-09-2026 00:29:33 [38;5;015m[INFO]: [0mThis is a info message from thread 1218-09-2026 00:29:33 [38;5;117m[DEBUG]: [0mThis is a debug message from thread 2418-09-2026 00:29:33 [38;5;009m[ERROR]: [0mThis is a error message from thread 2118-09-2026 00:29:33 [38;5;009m[ERROR]: [0mThis is a error message from thread 1018-09-2026 00:29:33 [38;5;015m[INFO]: [0mThis is a info message from thread 618-09-2026 00:29:33 [38;5;009m[ERROR]: [0mThis is a error message from thread 1918-09-2026 00:29:33 [38;5;117m[DEBUG]: [0mThis is a debug message from thread 518-09-2026 00:29:33 [38;5;015m[INFO]: [0mThis is a info message from thread 118-09-2026 00:29:33 [38;5;015m[INFO]: [0mThis is a info message from thread 2718-09-2026 00:29:33 [38;5;009m[ERROR]: [0mThis is a error message from thread 2518-09-2026 00:29:33 [38;5;009m[ERROR]: [0mThis is a error message from thread 2218-09-2026 00:29:33 [38;5;009m[ERROR]: [0mThis is a error message from thread 1818-09-2026 00:29:33 [38;5;009m[ERROR]: [0mThis is a error message from thread 118-09-2026 00:29:33 [38;5;117m[DEBUG]: [0mThis is a debug message from thread 418-09-2026 00:29:33 [38;5;009m[ERROR]: [0mThis is a error message from thread 718-09-2026 00:29:33 [38;5;117m[DEBUG]: [0mThis is a debug message from thread 1018-09-2026 00:29:33 [38;5;117m[DEBUG]: [0mThis is a debug message from thread 1918-09-2026 00:29:33 [38;5;015m[INFO]: [0mThis is a info message from thread 1918-09-2026 00:29:33 [38;5;117m[DEBUG]: [0mThis is a debug message from thread 718-09-2026 00:29:33 [38;5;117m[DEBUG]: [0mThis is a debug message from thread 118-09-2026 00:29:33 [38;5;015m[INFO]: [0mThis is a info message from thread 2018-09-2026 00:29:33 [38;5;009m[ERROR]: [0mThis is a error message from thread 1218-09-2026 00:29:33 [38;5;015m[INFO]: [0mThis is a info message from thread 1718-09-2026 00:29:33 [38;5;015m[INFO]: [0mThis is a info message from thread 2418-09-2026 00:29:33 [38;5;009m[ERROR]: [0mThis is a error message from thread 2718-09-2026 00:29:33 [38;5;015m[INFO]: [0mThis is a info message from thread 118-09-2026 00:29:33 [38;5;117m[DEBUG]: [0mThis is a debug message from thread 2518-09-2026 00:29:33 [38;5;009m[ERROR]: [0mThis is a error message from thread 2018-09-2026 00:29:33 [38;5;009m[ERROR]: [0mThis is a error message from thread 1918-09-2026 00:29:33 [38;5;009m[ERROR]: [0mThis is a error message from thread 1318-09-2026 00:29:33 [38;5;015m[INFO]: [0mThis is a info message from thread 2818-09-2026 00:29:33 [38;5;009m[ERROR]: [0mThis is a error message from thread 2818-09-2026 00:29:33 [38;5;009m[ERROR]: [0mThis is a error message from thread 1618-09-2026 00:29:33 [38;5;117m[DEBUG]: [0mThis is a debug message from thread 1518-09-2026 00:29:33 [38;5;015m[INFO]: [0mThis is a info message from thread 718-09-2026 00:29:33 [38;5;009m[ERROR]: [0mThis is a error message from thread 018-09-2026 00:29:33 [38;5;117m[DEBUG]: [0mThis is a debug message from thread 2018-09-2026 00:29:33 [38;5;009m[ERROR]: [0mThis is a error message from thread 2418-09-2026 00:29:33 [38;5;009m[ERROR]: [0mThis is a error message from thread 818-09-2026 00:29:33 [38;5;009m[ERROR]: [0mThis is a error message from thread 2918-09-2026 00:29:33 [38;5;117m[DEBUG]: [0mThis is a debug message from thread 1318-09-2026 00:29:33 [38;5;015m[INFO]: [0mThis is a info message from thread 2318-09-2026 00:29:33 [38;5;009m[ERROR]: [0mThis is a error message from thread 318-09-2026 00:29:33 [38;5;117m[DEBUG]: [0mThis is a debug message from thread 2218-09-2026 00:29:33 [38;5;117m[DEBUG]: [0mThis is a debug message from thread 2118-09-2026 00:29:33 [38;5;117m[DEBUG]: [0mThis is a debug message from thread 1618-09-2026 00:29:33 [38;5;117m[DEBUG]: [0mThis is a debug message from thread 2418-09-2026 00:29:33 [38;5;015m[INFO]: [0mThis is a info message from thread 2618-09-2026 00:29:33 [38;5;117m[DEBUG]: [0mThis is a debug message from thread 2918-09-2026 00:29:33 [38;5;015m[INFO]: [0mThis is a info message from thread 2018-09-2026 00:29:33 [38;5;117m[DEBUG]: [0mThis is a debug message from thread 318-09-2026 00:29:33 [38;5;009m[ERROR]: [0mThis is a error message from thread 2318-09-2026 00:29:33 [38;5;015m[INFO]: [0mThis is a info message from thread 1018-09-2026 00:29:33 [38;5;015m[INFO]: [0mThis is a info message from thread 1318-09-2026 00:29:33 [38;5;009m[ERROR]: [0mThis is a error message from thread 1718-09-2026 00:29:33 [38;5;015m[INFO]: [0mThis is a info message from thread 518-09-2026 00:29:33 [38;5;009m[ERROR]: [0mThis is a error message from thread 1318-09-2026 00:29:33 [38;5;015m[INFO]: [0mThis is a info message from thread 2218-09-2026 00:29:33 [38;5;015m[INFO]: [0mThis is a info message from thread 2518-09-2026 00:29:33 [38;5;117m[DEBUG]: [0mThis is a debug message from thread 1218-09-2026 00:29:33 [38;5;009m[ERROR]: [0mThis is a error message from thread 118-09-2026 00:29:33 [38;5;015m[INFO]: [0mThis is a info message from thread 2418-09-2026 00:29:33 [38;5;015m[INFO]: [0mThis is a info message from thread 2918-09-2026 00:29:33 [38;5;009m[ERROR]: [0mThis is a error message from thread 2418-09-2026 00:29:33 [38;5;009m[ERROR]: [0mThis is a error message from thread 2918-09-2026 00:29:33 [38;5;009m[ERROR]: [0mThis is a error message from thread 2618-09-2026 00:29:33 [38;5;117m[DEBUG]: [0mThis is a debug message from thread 2418-09-2026 00:29:33 [38;5;117m[DEBUG]: [0mThis is a debug message from thread 818-09-2026 00:29:33 [38;5;015m[INFO]: [0mThis is a info message from thread 418-09-2026 00:29:33 [38;5;009m[ERROR]: [0mThis is a error message from thread 918-09-2026 00:29:33 [38;5;117m[DEBUG]: [0mThis is a debug message from thread 118-09-2026 00:29:33 [38;5;117m[DEBUG]: [0mThis is a debug message from thread 2618-09-2026 00:29:33 [38;5;009m[ERROR]: [0mThis is a error message from thread 718-09-2026 00:29:33 [38;5;117m[DEBUG]: [0mThis is a debug message from thread 2918-09-2026 00:29:33 [38;5;117m[DEBUG]: [0mThis is a debug message from thread 918-09-2026 00:29:33 [38;5;015m[INFO]: [0mThis is a info message from thread 2918-09-2026 00:29:33 [38;5;015m[INFO]: [0mThis is a info message from thread 918-09-2026 00:29:33 [38;5;015m[INFO]: [0mThis is a info message from thread 1518-09-2026 00:29:33 [38;5;015m[INFO]: [0mThis is a info message from thread 218-09-2026 00:29:33 [38;5;009m[ERROR]: [0mThis is a error message from thread 1018-09-2026 00:29:33 [38;5;117m[DEBUG]: [0mThis is a debug message from thread 1318-09-2026 00:29:33 [38;5;117m[DEBUG]: [0mThis is a debug message from thread 1018-09-2026 00:29:33 [38;5;009m[ERROR]: [0mThis is a error message from thread 2918-09-2026 00:29:33 [38;5;117m[DEBUG]: [0mThis is a debug message from thread 1818-09-2026 00:29:33 [38;5;117m[DEBUG]: [0mThis is a debug message from thread 2918-09-2026 00:29:33 [38;5;015m[INFO]: [0mThis is a info message from thread 1318-09-2026 00:29:33 [38;5;015m[INFO]: [0mThis is a info message from thread 1818-09-2026 00:29:33 [38;5;015m[INFO]: [0mThis is a info message from thread 318-09-2026 00:29:33 [38;5;015m[INFO]: [0mThis is a info message from thread 2118-09-2026 00:29:33 [38;5;117m[DEBUG]: [0mThis is a debug message from thread 2818-09-2026 00:29:33 [38;5;009m[ERROR]: [0mThis is a error message from thread 2018-09-2026 00:29:33 [38;5;015m[INFO]: [0mThis is a info message from thread 2418-09-2026 00:29:33 [38;5;015m[INFO]: [0mThis is a info message from thread 1018-09-2026 00:29:33 [38;5;117m[DEBUG]: [0mThis is a debug message from thread 1718-09-2026 00:29:33 [38;5;117m[DEBUG]: [0mThis is a debug message from thread 018-09-2026 00:29:33 [38;5;009m[ERROR]: [0mThis is a error message from thread 318-09-2026 00:29:33 [38;5;009m[ERROR]: [0mThis is a error message from thread 1818-09-2026 00:29:33 [38;5;015m[INFO]: [0mThis is a info message from thread 1418-09-2026 00:29:33 [38;5;117m[DEBUG]: [0mThis is a debug message from thread 2318-09-2026 00:29:33 [38;5;015m[INFO]: [0mThis is a info message from thread 018-09-2026 00:29:33 [38;5;009m[ERROR]: [0mThis is a error message from thread 1018-09-2026 00:29:33 [38;5;009m[ERROR]: [0mThis is a error message from thread 418-09-2026 00:29:33 [38;5;009m[ERROR]: [0mThis is a error message from thread 018-09-2026 00:29:33 [38;5;117m[DEBUG]: [0mThis is a debug message from thread 318-09-2026 00:29:33 [38;5;015m[INFO]: [0mThis is a info message from thread 2318-09-2026 00:29:33 [38;5;009m[ERROR]: [0mThis is a error message from thread 1518-09-2026 00:29:33 [38;5;009m[ERROR]: [0mThis is a error message from thread 2518-09-2026 00:29:33 [38;5;117m[DEBUG]: [0mThis is a debug message from thread 1518-09-2026 00:29:33 [38;5;117m[DEBUG]: [0mThis is a debug message from thread 2518-09-2026 00:29:33 [38;5;015m[INFO]: [0mThis is a info message from thread 118-09-2026 00:29:33 [38;5;009m[ERROR]: [0mThis is a error message from thread 518-09-2026 00:29:33 [38;5;009m[ERROR]: [0mThis is a error message from thread 2118-09-2026 00:29:33 [38;5;015m[INFO]: [0mThis is a info message from thread 2918-09-2026 00:29:33 [38;5;009m[ERROR]: [0mThis is a error message from thread 118-09-2026 00:29:33 [38;5;117m[DEBUG]: [0mThis is a debug message from thread 718-09-2026 00:29:33 [38;5;009m[ERROR]: [0mThis is a error message from thread 2918-09-2026 00:29:33 [38;5;015m[INFO]: [0mThis is a info message from thread 718-09-2026 00:29:33 [38;5;117m[DEBUG]: [0mThis is a debug message from thread 2118-09-2026 00:29:33 [38;5;015m[INFO]: [0mThis is a info message from thread 1618-09-2026 00:29:33 [38;5;009m[ERROR]: [0mThis is a error message from thread 2218-09-2026 00:29:33 [38;5;009m[ERROR]: [0mThis is a error message from thread 2418-09-2026 00:29:33 [38;5;117m[DEBUG]: [0mThis is a debug message from thread 518-09-2026 00:29:33 [38;5;117m[DEBUG]: [0mThis is a debug message from thread 418-09-2026 00:29:33 [38;5;009m[ERROR]: [0mThis is a error message from thread 1418-09-2026 00:29:33 [38;5;015m[INFO]: [0mThis is a info message from thread 1218-09-2026 00:29:33 [38;5;117m[DEBUG]: [0mThis is a debug message from thread 1418-09-2026 00:29:33 [38;5;015m[INFO]: [0mThis is a info message from thread 1718-09-2026 00:29:33 [38;5;015m[INFO]: [0mThis is a info message from thread 518-09-2026 00:29:33 [38;5;009m[ERROR]: [0mThis is a error message from thread 2318-09-2026 00:29:33 [38;5;009m[ERROR]: [0mThis is a error message from thread 918-09-2026 00:29:33 [38;5;117m[DEBUG]: [0mThis is a debug message from thread 1918-09-2026 00:29:33 [38;5;117m[DEBUG]: [0mThis is a debug message from thread 2318-09-2026 00:29:33 [38;5;009m[ERROR]: [0mThis is a error message from thread 1218-09-2026 00:29:33 [38;5;009m[ERROR]: [0mThis is a error message from thread 618-09-2026 00:29:33 [38;5;015m[INFO]: [0mThis is a info message from thread 1918-09-2026 00:29:33 [38;5;117m[DEBUG]: [0mThis is a debug message from thread 918-09-2026 00:29:33 [38;5;117m[DEBUG]: [0mThis is a debug message from thread 2418-09-2026 00:29:33 [38;5;015m[INFO]: [0mThis is a info message from thread 818-09-2026 00:29:33 [38;5;009m[ERROR]: [0mThis is a error message from thread 1318-09-2026 00:29:33 [38;5;009m[ERROR]: [0mThis is a error message from thread 818-09-2026 00:29:33 [38;5;015m[INFO]: [0mThis is a info message from thread 318-09-2026 00:29:33 [38;5;009m[ERROR]: [0mThis is a error message from thread 218-09-2026 00:29:33 [38;5;117m[DEBUG]: [0mThis is a debug message from thread 2718-09-2026 00:29:33 [38;5;009m[ERROR]: [0mThis is a error message from thread 1618-09-2026 00:29:33 [38;5;009m[ERROR]: [0mThis is a error message from thread 1918-09-2026 00:29:33 [38;5;117m[DEBUG]: [0mThis is a debug message from thread 618-09-2026 00:29:33 [38;5;117m[DEBUG]: [0mThis is a debug message from thread 118-09-2026 00:29:33 [38;5;117m[DEBUG]: [0mThis is a debug message from thread 018-09-2026 00:29:33 [38;5;015m[INFO]: [0mThis is a info message from thread 2318-09-2026 00:29:33 [38;5;117m[DEBUG]: [0mThis is a debug message from thread 218-09-2026 00:29:33 [38;5;015m[INFO]: [0mThis is a info message from thread 018-09-2026 00:29:33 [38;5;009m[ERROR]: [0mThis is a error message from thread 318-09-2026 00:29:33 [38;5;015m[INFO]: [0mThis is a info message from thread 118-09-2026 00:29:33 [38;5;009m[ERROR]: [0mThis is a error message from thread 2318-09-2026 00:29:33 [38;5;009m[ERROR]: [0mThis is a error message from thread 118-09-2026 00:29:33 [38;5;009m[ERROR]: [0mThis is a error message from thread 1718-09-2026 00:29:33 [38;5;009m[ERROR]: [0mThis is a error message from thread 018-09-2026 00:29:33 [38;5;117m[DEBUG]: [0mThis is a debug message from thread 118-09-2026 00:29:33 [38;5;117m[DEBUG]: [0mThis is a debug message from thread 1718-09-2026 00:29:33 [38;5;015m[INFO]: [0mThis is a info message from thread 118-09-2026 00:29:33 [38;5;015m[INFO]: [0mThis is a info message from thread 1718-09-2026 00:29:33 [38;5;015m[INFO]: [0mThis is a info message from thread 418-09-2026 00:29:33 [38;5;009m[ERROR]: [0mThis is a error message from thread 1718-09-2026 00:29:33 [38;5;015m[INFO]: [0mThis is a info message from thread 918-09-2026 00:29:33 [38;5;117m[DEBUG]: [0mThis is a debug message from thread 018-09-2026 00:29:33 [38;5;117m[DEBUG]: [0mThis is a debug message from thread 1318-09-2026 00:29:33 [38;5;015m[INFO]: [0mThis is a info message from thread 1518-09-2026 00:29:33 [38;5;009m[ERROR]: [0mThis is a error message from thread 418-09-2026 00:29:33 [38;5;117m[DEBUG]: [0mThis is a debug message from thread 1718-09-2026 00:29:33 [38;5;009m[ERROR]: [0mThis is a error message from thread 718-09-2026 00:29:33 [38;5;015m[INFO]: [0mThis is a info message from thread 1318-09-2026 00:29:33 [38;5;117m[DEBUG]: [0mThis is a debug message from thread 818-09-2026 00:29:33 [38;5;117m[DEBUG]: [0mThis is a debug message from thread 718-09-2026 00:29:33 [38;5;117m[DEBUG]: [0mThis is a debug message from thread 1618-09-2026 00:29:33 [38;5;009m[ERROR]: [0mThis is a error message from thread 1518-09-2026 00:29:33 [38;5;117m[DEBUG]: [0mThis is a debug message from thread 2018-09-2026 00:29:33 [38;5;015m[INFO]: [0mThis is a info message from thread 2818-09-2026 00:29:33 [38;5;117m[DEBUG]: [0mThis is a debug message from thread 2918-09-2026 00:29:33 [38;5;015m[INFO]: [0mThis is a info message from thread 1618-09-2026 00:29:33 [38;5;009m[ERROR]: [0mThis is a error message from thread 518-09-2026 00:29:33 [38;5;015m[INFO]: [0mThis is a info message from thread 2618-09-2026 00:29:33 [38;5;009m[ERROR]: [0mThis is a error message from thread 1618-09-2026 00:29:33 [38;5;117m[DEBUG]: [0mThis is a debug message from thread 518-09-2026 00:29:33 [38;5;009m[ERROR]: [0mThis is a error message from thread 2618-09-2026 00:29:33 [38;5;117m[DEBUG]: [0mThis is a debug message from thread 1618-09-2026 00:29:33 [38;5;015m[INFO]: [0mThis is a info message from thread 2918-09-2026 00:29:33 [38;5;009m[ERROR]: [0mThis is a error message from thread 2818-09-2026 00:29:33 [38;5;009m[ERROR]: [0mThis is a error message from thread 2918-09-2026 00:29:33 [38;5;015m[INFO]: [0mThis is a info message from thread 1418-09-2026 00:29:33 [38;5;015m[INFO]: [0mThis is a info message from thread 818-09-2026 00:29:33 [38;5;015m[INFO]: [0mThis is a info message from thread 518-09-2026 00:29:33 [38;5;117m[DEBUG]: [0mThis is a debug message from thread 2318-09-2026 00:29:33 [38;5;009m[ERROR]: [0mThis is a error message from thread 1418-09-2026 00:29:33 [38;5;117m[DEBUG]: [0mThis is a debug message from thread 1018-09-2026 00:29:33 [38;5;015m[INFO]: [0mThis is a info message from thread 1018-09-2026 00:29:33 [38;5;009m[ERROR]: [0mThis is a error message from thread 1018-09-2026 00:29:33 [38;5;015m[INFO]: [0mThis is a info message from thread 618-09-2026 00:29:33 [38;5;015m[INFO]: [0mThis is a info message from thread 2318-09-2026 00:29:33 [38;5;015m[INFO]: [0mThis is a info message from thread 2418-09-2026 00:29:33 [38;5;117m[DEBUG]: [0mThis is a debug message from thread 1018-09-2026 00:29:33 [38;5;117m[DEBUG]: [0mThis is a debug message from thread 1418-09-2026 00:29:33 [38;5;009m[ERROR]: [0mThis is a error message from thread 618-09-2026 00:29:33 [38;5;117m[DEBUG]: [0mThis is a debug message from thread 2918-09-2026 00:29:33 [38;5;009m[ERROR]: [0mThis is a error message from thread 518-09-2026 00:29:33 [38;5;117m[DEBUG]: [0mThis is a debug message from thread 618-09-2026 00:29:33 [38;5;015m[INFO]: [0mThis is a info message from thread 2918-09-2026 00:29:33 [38;5;117m[DEBUG]: [0mThis is a debug message from thread 2818-09-2026 00:29:33 [38;5;009m[ERROR]: [0mThis is a error message from thread 2918-09-2026 00:29:33 [38;5;015m[INFO]: [0mThis is a info message from thread 1718-09-2026 00:29:33 [38;5;117m[DEBUG]: [0mThis is a debug message from thread 2918-09-2026 00:29:33 [38;5;117m[DEBUG]: [0mThis is a debug message from thread 1118-09-2026 00:29:33 [38;5;015m[INFO]: [0mThis is a info message from thread 2918-09-2026 00:29:33 [38;5;117m[DEBUG]: [0mThis is a debug message from thread 1918-09-2026 00:29:33 [38;5;015m[INFO]: [0mThis is a info message from thread 1018-09-2026 00:29:33 [38;5;117m[DEBUG]: [0mThis is a debug message from thread 418-09-2026 00:29:33 [38;5;015m[INFO]: [0mThis is a info message from thread 2818-09-2026 00:29:33 [38;5;009m[ERROR]: [0mThis is a error message from thread 2918-09-2026 00:29:33 [38;5;015m[INFO]: [0mThis is a info message from thread 2718-09-2026 00:29:33 [38;5;009m[ERROR]: [0mThis is a error message from thread 1718-09-2026 00:29:33 [38;5;117m[DEBUG]: [0mThis is a debug message from thread 2618-09-2026 00:29:33 [38;5;009m[ERROR]: [0mThis is a error message from thread 118-09-2026 00:29:33 [38;5;015m[INFO]: [0mThis is a info message from thread 418-09-2026 00:29:33 [38;5;015m[INFO]: [0mThis is a info message from thread 618-09-2026 00:29:33 [38;5;015m[INFO]: [0mThis is a info message from thread 018-09-2026 00:29:33 [38;5;015m[INFO]: [0mThis is a info message from thread 718-09-2026 00:29:33 [38;5;015m[INFO]: [0mThis is a info message from thread 1418-09-2026 00:29:33 [38;5;117m[DEBUG]: [0mThis is a debug message from thread 2218-09-2026 00:29:33 [38;5;015m[INFO]: [0mThis is a info message from thread 218-09-2026 00:29:33 [38;5;009m[ERROR]: [0mThis is a error message from thread 2818-09-2026 00:29:33 [38;5;117m[DEBUG]: [0mThis is a debug message from thread 1718-09-2026 00:29:33 [38;5;117m[DEBUG]: [0mThis is a debug message from thread 2918-09-2026 00:29:33 [38;5;015m[INFO]: [0mThis is a info message from thread 2518-09-2026 00:29:33 [38;5;009m[ERROR]: [0mThis is a error message from thread 218-09-2026 00:29:33 [38;5;015m[INFO]: [0mThis is a info message from thread 1918-09-2026 00:29:33 [38;5;117m[DEBUG]: [0mThis is a debug message from thread 1518-09-2026 00:29:33 [38;5;009m[ERROR]: [0mThis is a error message from thread 1418-09-2026 00:29:33 [38;5;117m[DEBUG]: [0mThis is a debug message from thread 118-09-2026 00:29:33 [38;5;015m[INFO]: [0mThis is a info message from thread 2118-09-2026 00:29:33 [38;5;117m[DEBUG]: [0mThis is a debug message from thread 1418-09-2026 00:29:33 [38;5;015m[INFO]: [0mThis is a info message from thread 1618-09-2026 00:29:33 [38;5;015m[INFO]: [0mThis is a info message from thread 2618-09-2026 00:29:33 [38;5;117m[DEBUG]: [0mThis is a debug message from thread 318-09-2026 00:29:33 [38;5;009m[ERROR]: [0mThis is a error message from thread 2418-09-2026 00:29:33 [38;5;009m[ERROR]: [0mThis is a error message from thread 2518-09-2026 00:29:33 [38;5;009m[ERROR]: [0mThis is a error message from thread 1618-09-2026 00:29:33 [38;5;117m[DEBUG]: [0mThis is a debug message from thread 218-09-2026 00:29:33 [38;5;117m[DEBUG]: [0mThis is a debug message from thread 2518-09-2026 00:29:33 [38;5;009m[ERROR]: [0mThis is a error message from thread 918-09-2026 00:29:33 [38;5;015m[INFO]: [0mThis is a info message from thread 318-09-2026 00:29:33 [38;5;117m[DEBUG]: [0mThis is a debug message from thread 1618-09-2026 00:29:33 [38;5;117m[DEBUG]: [0mThis is a debug message from thread 2818-09-2026 00:29:33 [38;5;009m[ERROR]: [0mThis is a error message from thread 2718-09-2026 00:29:33 [38;5;015m[INFO]: [0mThis is a info message from thread 1718-09-2026 00:29:33 [38;5;009m[ERROR]: [0mThis is a error message from thread 318-09-2026 00:29:33 [38;5;015m[INFO]: [0mThis is a info message from thread 1118-09-2026 00:29:33 [38;5;015m[INFO]: [0mThis is a info message from thread 2818-09-2026 00:29:33 [38;5;015m[INFO]: [0mThis is a info message from thread 1618-09-2026 00:29:33 [38;5;015m[INFO]: [0mThis is a info message from thread 2218-09-2026 00:29:33 [38;5;009m[ERROR]: [0mThis is a error message from thread 2818-09-2026 00:29:33 [38;5;117m[DEBUG]: [0mThis is a debug message from thread 318-09-2026 00:29:33 [38;5;117m[DEBUG]: [0mThis is a debug message from thread 2818-09-2026 00:29:33 [38;5;015m[INFO]: [0mThis is a info message from thread 2018-09-2026 00:29:33 [38;5;009m[ERROR]: [0mThis is a error message from thread 2218-09-2026 00:29:33 [38;5;117m[DEBUG]: [0mThis is a debug message from thread 1218-09-2026 00:29:33 [38;5;009m[ERROR]: [0mThis is a error message from thread 1618-09-2026 00:29:33 [38;5;117m[DEBUG]: [0mThis is a debug message from thread 2218-09-2026 00:29:33 [38;5;009m[ERROR]: [0mThis is a error message from thread 2018-09-2026 00:29:33 [38;5;015m[INFO]: [0mThis is a info message from thread 1218-09-2026 00:29:33 [38;5;015m[INFO]: [0mThis is a info message from thread 2218-09-2026 00:29:33 [38;5;117m[DEBUG]: [0mThis is a debug message from thread 1618-09-2026 00:29:33 [38;5;009m[ERROR]: [0mThis is a error message from thread 1218-09-2026 00:29:33 [38;5;015m[INFO]: [0mThis is a info message from thread 318-09-2026 00:29:33 [38;5;009m[ERROR]: [0mThis is a error message from thread 1918-09-2026 00:29:33 [38;5;009m[ERROR]: [0mThis is a error message from thread 2218-09-2026 00:29:33 [38;5;015m[INFO]: [0mThis is a info message from thread 1618-09-2026 00:29:33 [38;5;117m[DEBUG]: [0mThis is a debug message from thread 2018-09-2026 00:29:33 [38;5;009m[ERROR]: [0mThis is a error message from thread 818-09-2026 00:29:33 [38;5;009m[ERROR]: [0mThis is a error message from thread 2318-09-2026 00:29:33 [38;5;009m[ERROR]: [0mThis is a error message from thread 2118-09-2026 00:29:33 [38;5;117m[DEBUG]: [0mThis is a debug message from thread 2318-09-2026 00:29:33 [38;5;015m[INFO]: [0mThis is a info message from thread 2318-09-2026 00:29:33 [38;5;009m[ERROR]: [0mThis is a error message from thread 1618-09-2026 00:29:33 [38;5;015m[INFO]: [0mThis is a info message from thread 2018-09-2026 00:29:33 [38;5;117m[DEBUG]: [0mThis is a debug message from thread 1918-09-2026 00:29:33 [38;5;117m[DEBUG]: [0mThis is a debug message from thread 2218-09-2026 00:29:33 [38;5;015m[INFO]: [0mThis is a info message from thread 118-09-2026 00:29:33 [38;5;117m[DEBUG]: [0mThis is a debug message from thread 2118-09-2026 00:29:33 [38;5;015m[INFO]: [0mThis is a info message from thread 1918-09-2026 00:29:33 [38;5;015m[INFO]: [0mThis is a info message from thread 2218-09-2026 00:29:33 [38;5;009m[ERROR]: [0mThis is a error message from thread 1318-09-2026 00:29:33 [38;5;015m[INFO]: [0mThis is a info message from thread 2818-09-2026 00:29:33 [38;5;117m[DEBUG]: [0mThis is a debug message from thread 1818-09-2026 00:29:33 [38;5;009m[ERROR]: [0mThis is a error message from thread 418-09-2026 00:29:33 [38;5;015m[INFO]: [0mThis is a info message from thread 218-09-2026 00:29:33 [38;5;009m[ERROR]: [0mThis is a error message from thread 718-09-2026 00:29:33 [38;5;009m[ERROR]: [0mThis is a error message from thread 2818-09-2026 00:29:33 [38;5;117m[DEBUG]: [0mThis is a debug message from thread 918-09-2026 00:29:33 [38;5;117m[DEBUG]: [0mThis is a debug message from thread 2718-09-2026 00:29:33 [38;5;009m[ERROR]: [0mThis is a error message from thread 218-09-2026 00:29:33 [38;5;117m[DEBUG]: [0mThis is a debug message from thread 718-09-2026 00:29:33 [38;5;015m[INFO]: [0mThis is a info message from thread 918-09-2026 00:29:33 [38;5;015m[INFO]: [0mThis is a info message from thread 718-09-2026 00:29:33 [38;5;009m[ERROR]: [0mThis is a error message from thread 718-09-2026 00:29:33 [38;5;009m[ERROR]: [0mThis is a error message from thread 318-09-2026 00:29:33 [38;5;117m[DEBUG]: [0mThis is a debug message from thread 418-09-2026 00:29:33 [38;5;117m[DEBUG]: [0mThis is a debug message from thread 1218-09-2026 00:29:33 [38;5;009m[ERROR]: [0mThis is a error message from thread 2318-09-2026 00:29:33 [38;5;117m[DEBUG]: [0mThis is a debug message from thread 818-09-2026 00:29:33 [38;5;015m[INFO]: [0mThis is a info message from thread 1218-09-2026 00:29:33 [38;5;015m[INFO]: [0mThis is a info message from thread 818-09-2026 00:29:33 [38;5;009m[ERROR]: [0mThis is a error message from thread 118-09-2026 00:29:33 [38;5;117m[DEBUG]: [0mThis is a debug message from thread 318-09-2026 00:29:33 [38;5;117m[DEBUG]: [0mThis is a debug message from thread 518-09-2026 00:29:33 [38;5;117m[DEBUG]: [0mThis is a debug message from thread 118-09-2026 00:29:33 [38;5;117m[DEBUG]: [0mThis is a debug message from thread 1618-09-2026 00:29:33 [38;5;117m[DEBUG]: [0mThis is a debug message from thread 2318-09-2026 00:29:33 [38;5;009m[ERROR]: [0mThis is a error message from thread 1218-09-2026 00:29:33 [38;5;015m[INFO]: [0mThis is a info message from thread 2118-09-2026 00:29:33 [38;5;009m[ERROR]: [0mThis is a error message from thread 1118-09-2026 00:29:33 [38;5;015m[INFO]: [0mThis is a info message from thread 1418-09-2026 00:29:33 [38;5;009m[ERROR]: [0mThis is a error message from thread 2018-09-2026 00:29:33 [38;5;009m[ERROR]: [0mThis is a error message from thread 2618-09-2026 00:29:33 [38;5;015m[INFO]: [0mThis is a info message from thread 1618-09-2026 00:29:33 [38;5;015m[INFO]: [0mThis is a info message from thread 318-09-2026 00:29:33 [38;5;015m[INFO]: [0mThis is a info message from thread 2918-09-2026 00:29:33 [38;5;009m[ERROR]: [0mThis is a error message from thread 2118-09-2026 00:29:33 [38;5;117m[DEBUG]: [0mThis is a debug message from thread 1318-09-2026 00:29:33 [38;5;015m[INFO]: [0mThis is a info message from thread 1818-09-2026 00:29:33 [38;5;117m[DEBUG]: [0mThis is a debug message from thread 2618-09-2026 00:29:33 [38;5;009m[ERROR]: [0mThis is a error message from thread 2218-09-2026 00:29:33 [38;5;015m[INFO]: [0mThis is a info message from thread 2318-09-2026 00:29:33 [38;5;009m[ERROR]: [0mThis is a error message from thread 618-09-2026 00:29:33 [38;5;117m[DEBUG]: [0mThis is a debug message from thread 2118-09-2026 00:29:33 [38;5;117m[DEBUG]: [0mThis is a debug message from thread 1118-09-2026 00:29:33 [38;5;009m[ERROR]: [0mThis is a error message from thread 2318-09-2026 00:29:33 [38;5;015m[INFO]: [0mThis is a info message from thread 2618-09-2026 00:29:33 [38;5;015m[INFO]: [0mThis is a info message from thread 2118-09-2026 00:29:33 [38;5;117m[DEBUG]: [0mThis is a debug message from thread 218-09-2026 00:29:33 [38;5;015m[INFO]: [0mThis is a info message from thread 2718-09-2026 00:29:33 [38;5;009m[ERROR]: [0mThis is a error message from thread 1718-09-2026 00:29:33 [38;5;009m[ERROR]: [0mThis is a error message from thread 018-09-2026 00:29:33 [38;5;117m[DEBUG]: [0mThis is a debug message from thread 2218-09-2026 00:29:33 [38;5;009m[ERROR]: [0mThis is a error message from thread 818-09-2026 00:29:33 [38;5;015m[INFO]: [0mThis is a info message from thread 518-09-2026 00:29:33 [38;5;009m[ERROR]: [0mThis is a error message from thread 2118-09-2026 00:29:33 [38;5;015m[INFO]: [0mThis is a info message from thread 418-09-2026 00:29:33 [38;5;117m[DEBUG]: [0mThis is a debug message from thread 1218-09-2026 00:29:33 [38;5;015m[INFO]: [0mThis is a info message from thread 1118-09-2026 00:29:33 [38;5;117m[DEBUG]: [0mThis is a debug message from thread 618-09-2026 00:29:33 [38;5;117m[DEBUG]: [0mThis is a debug message from thread 018-09-2026 00:29:33 [38;5;009m[ERROR]: [0mThis is a error message from thread 1618-09-2026 00:29:33 [38;5;117m[DEBUG]: [0mThis is a debug message from thread 2018-09-2026 00:29:33 [38;5;009m[ERROR]: [0mThis is a error message from thread 1418-09-2026 00:29:33 [38;5;117m[DEBUG]: [0mThis is a debug message from thread 2418-09-2026 00:29:33 [38;5;009m[ERROR]: [0mThis is a error message from thread 2618-09-2026 00:29:33 [38;5;117m[DEBUG]: [0mThis is a debug message from thread 2118-09-2026 00:29:33 [38;5;015m[INFO]: [0mThis is a info message from thread 2018-09-2026 00:29:33 [38;5;015m[INFO]: [0mThis is a info message from thread 018-09-2026 00:29:33 [38;5;117m[DEBUG]: [0mThis is a debug message from thread 1618-09-2026 00:29:33 [38;5;009m[ERROR]: [0mThis is a error message from thread 2018-09-2026 00:29:33 [38;5;015m[INFO]: [0mThis is a info message from thread 1618-09-2026 00:29:33 [38;5;015m[INFO]: [0mThis is a info message from thread 2118-09-2026 00:29:33 [38;5;009m[ERROR]: [0mThis is a error message from thread 518-09-2026 00:29:33 [38;5;015m[INFO]: [0mThis is a info message from thread 1218-09-2026 00:29:33 [38;5;009m[ERROR]: [0mThis is a error message from thread 1918-09-2026 00:29:33 [38;5;015m[INFO]: [0mThis is a info message from thread 2518-09-2026 00:29:33 [38;5;009m[ERROR]: [0mThis is a error message from thread 018-09-2026 00:29:33 [38;5;015m[INFO]: [0mThis is a info message from thread 2218-09-2026 00:29:33 [38;5;117m[DEBUG]: [0mThis is a debug message from thread 2018-09-2026 00:29:33 [38;5;009m[ERROR]: [0mThis is a error message from thread 2518-09-2026 00:29:33 [38;5;015m[INFO]: [0mThis is a info message from thread 2018-09-2026 00:29:33 [38;5;009m[ERROR]: [0mThis is a error message from thread 2118-09-2026 00:29:33 [38;5;117m[DEBUG]: [0mThis is a debug message from thread 018-09-2026 00:29:33 [38;5;009m[ERROR]: [0mThis is a error message from thread 1018-09-2026 00:29:33 [38;5;117m[DEBUG]: [0mThis is a debug message from thread 518-09-2026 00:29:33 [38;5;117m[DEBUG]: [0mThis is a debug message from thread 2518-09-2026 00:29:33 [38;5;009m[ERROR]: [0mThis is a error message from thread 2018-09-2026 00:29:33 [38;5;015m[INFO]: [0mThis is a info message from thread 2518-09-2026 00:29:33 [38;5;117m[DEBUG]: [0mThis is a debug message from thread 2018-09-2026 00:29:33 [38;5;009m[ERROR]: [0mThis is a error message from thread 1218-09-2026 00:29:33 [38;5;117m[DEBUG]: [0mThis is a debug message from thread 2118-09-2026 00:29:33 [38;5;009m[ERROR]: [0mThis is a error message from thread 2218-09-2026 00:29:33 [38;5;009m[ERROR]: [0mThis is a error message from thread 2518-09-2026 00:29:33 [38;5;117m[DEBUG]: [0mThis is a debug message from thread 1918-09-2026 00:29:33 [38;5;015m[INFO]: [0mThis is a info message from thread 2118-09-2026 00:29:33 [38;5;117m[DEBUG]: [0mThis is a debug message from thread 1018-09-2026 00:29:33 [38;5;117m[DEBUG]: [0mThis is a debug message from thread 2318-09-2026 00:29:33 [38;5;117m[DEBUG]: [0mThis is a debug message from thread 2218-09-2026 00:29:33 [38;5;009m[ERROR]: [0mThis is a error message from thread 318-09-2026 00:29:33 [38;5;009m[ERROR]: [0mThis is a error message from thread 918-09-2026 00:29:33 [38;5;009m[ERROR]: [0mThis is a error message from thread 1118-09-2026 00:29:33 [38;5;015m[INFO]: [0mThis is a info message from thread 1018-09-2026 00:29:33 [38;5;117m[DEBUG]: [0mThis is a debug message from thread 718-09-2026 00:29:33 [38;5;117m[DEBUG]: [0mThis is a debug message from thread 1418-09-2026 00:29:33 [38;5;015m[INFO]: [0mThis is a info message from thread 618-09-2026 00:29:33 [38;5;015m[INFO]: [0mThis is a info message from thread 1918-09-2026 00:29:33 [38;5;015m[INFO]: [0mThis is a info message from thread 2018-09-2026 00:29:33 [38;5;117m[DEBUG]: [0mThis is a debug message from thread 2518-09-2026 00:29:33 [38;5;117m[DEBUG]: [0mThis is a debug message from thread 1718-09-2026 00:29:33 [38;5;009m[ERROR]: [0mThis is a error message from thread 1918-09-2026 00:29:33 [38;5;015m[INFO]: [0mThis is a info message from thread 2318-09-2026 00:29:33 [38;5;009m[ERROR]: [0mThis is a error message from thread 2718-09-2026 00:29:33 [38;5;117m[DEBUG]: [0mThis is a debug message from thread 2818-09-2026 00:29:33 [38;5;009m[ERROR]: [0mThis is a error message from thread 1818-09-2026 00:29:33 [38;5;117m[DEBUG]: [0mThis is a debug message from thread 1118-09-2026 00:29:33 [38;5;009m[ERROR]: [0mThis is a error message from thread 1618-09-2026 00:29:33 [38;5;117m[DEBUG]: [0mThis is a debug message from thread 1218-09-2026 00:29:33 [38;5;015m[INFO]: [0mThis is a info message from thread 718-09-2026 00:29:33 [38;5;009m[ERROR]: [0mThis is a error message from thread 718-09-2026 00:29:33 [38;5;117m[DEBUG]: [0mThis is a debug message from thread 1618-09-2026 00:29:33 [38;5;009m[ERROR]: [0mThis is a error message from thread 2318-09-2026 00:29:33 [38;5;015m[INFO]: [0mThis is a info message from thread 1118-09-2026 00:29:33 [38;5;015m[INFO]: [0mThis is a info message from thread 2818-09-2026 00:29:33 [38;5;009m[ERROR]: [0mThis is a error message from thread 1018-09-2026 00:29:33 [38;5;117m[DEBUG]: [0mThis is a debug message from thread 1818-09-2026 00:29:33 [38;5;009m[ERROR]: [0mThis is a error message from thread 418-09-2026 00:29:33 [38;5;009m[ERROR]: [0mThis is a error message from thread 2018-09-2026 00:29:33 [38;5;117m[DEBUG]: [0mThis is a debug message from thread 818-09-2026 00:29:33 [38;5;015m[INFO]: [0mThis is a info message from thread 1618-09-2026 00:29:33 [38;5;015m[INFO]: [0mThis is a info message from thread 2218-09-2026 00:29:33 [38;5;117m[DEBUG]: [0mThis is a debug message from thread 418-09-2026 00:29:33 [38;5;009m[ERROR]: [0mThis is a error message from thread 1618-09-2026 00:29:33 [38;5;009m[ERROR]: [0mThis is a error message from thread 2818-09-2026 00:29:33 [38;5;015m[INFO]: [0mThis is a info message from thread 518-09-2026 00:29:33 [38;5;015m[INFO]: [0mThis is a info message from thread 1418-09-2026 00:29:33 [38;5;009m[ERROR]: [0mThis is a error message from thread 518-09-2026 00:29:33 [38;5;015m[INFO]: [0mThis is a info message from thread 418-09-2026 00:29:33 [38;5;015m[INFO]: [0mThis is a info message from thread 1818-09-2026 00:29:33 [38;5;117m[DEBUG]: [0mThis is a debug message from thread 918-09-2026 00:29:33 [38;5;117m[DEBUG]: [0mThis is a debug message from thread 2318-09-2026 00:29:33 [38;5;117m[DEBUG]: [0mThis is a debug message from thread 2818-09-2026 00:29:33 [38;5;015m[INFO]: [0mThis is a info message from thread 1218-09-2026 00:29:33 [38;5;009m[ERROR]: [0mThis is a error message from thread 2218-09-2026 00:29:33 [38;5;009m[ERROR]: [0mThis is a error message from thread 1818-09-2026 00:29:33 [38;5;015m[INFO]: [0mThis is a info message from thread 2418-09-2026 00:29:33 [38;5;015m[INFO]: [0mThis is a info message from thread 1518-09-2026 00:29:33 [38;5;015m[INFO]: [0mThis is a info message from thread 2518-09-2026 00:29:33 [38;5;117m[DEBUG]: [0mThis is a debug message from thread 318-09-2026 00:29:33 [38;5;009m[ERROR]: [0mThis is a error message from thread 2418-09-2026 00:29:33 [38;5;117m[DEBUG]: [0mThis is a debug message from thread 1918-09-2026 00:29:33 [38;5;009m[ERROR]: [0mThis is a error message from thread 2918-09-2026 00:29:33 [38;5;009m[ERROR]: [0mThis is a error message from thread 2118-09-2026 00:29:33 [38;5;117m[DEBUG]: [0mThis is a debug message from thread 2618-09-2026 00:29:33 [38;5;015m[INFO]: [0mThis is a info message from thread 218-09-2026 00:29:33 [38;5;015m[INFO]: [0mThis is a info message from thread 118-09-2026 00:29:33 [38;5;117m[DEBUG]: [0mThis is a debug message from thread 2218-09-2026 00:29:33 [38;5;117m[DEBUG]: [0mThis is a debug message from thread 2918-09-2026 00:29:33 [38;5;015m[INFO]: [0mThis is a info message from thread 318-09-2026 00:29:33 [38;5;117m[DEBUG]: [0mThis is a debug message from thread 2718-09-2026 00:29:33 [38;5;117m[DEBUG]: [0mThis is a debug message from thread 2118-09-2026 00:29:33 [38;5;009m[ERROR]: [0mThis is a error message from thread 1218-09-2026 00:29:33 [38;5;009m[ERROR]: [0mThis is a error message from thread 618-09-2026 00:29:33 [38;5;117m[DEBUG]: [0mThis is a debug message from thread 2418-09-2026 00:29:33 [38;5;009m[ERROR]: [0mThis is a error message from thread 1118-09-2026 00:29:33 [38;5;009m[ERROR]: [0mThis is a error message from thread 218-09-2026 00:29:33 [38;5;015m[INFO]: [0mThis is a info message from thread 818-09-2026 00:29:33 [38;5;015m[INFO]: [0mThis is a info message from thread 2218-09-2026 00:29:33 [38;5;015m[INFO]: [0mThis is a info message from thread 2618-09-2026 00:29:33 [38;5;117m[DEBUG]: [0mThis is a debug message from thread 1618-09-2026 00:29:33 [38;5;015m[INFO]: [0mThis is a info message from thread 2118-09-2026 00:29:33 [38;5;117m[DEBUG]: [0mThis is a debug message from thread 218-09-2026 00:29:33 [38;5;009m[ERROR]: [0mThis is a error message from thread 2518-09-2026 00:29:33 [38;5;117m[DEBUG]: [0mThis is a debug message from thread 1218-09-2026 00:29:33 [38;5;009m[ERROR]: [0mThis is a error message from thread 2218-09-2026 00:29:33 [38;5;117m[DEBUG]: [0mThis is a debug message from thread 1118-09-2026 00:29:33 [38;5;009m[ERROR]: [0mThis is a error message from thread 2118-09-2026 00:29:33 [38;5;117m[DEBUG]: [0mThis is a debug message from thread 1018-09-2026 00:29:33 [38;5;009m[ERROR]: [0mThis is a error message from thread 2618-09-2026 00:29:33 [38;5;015m[INFO]: [0mThis is a info message from thread 1618-09-2026 00:29:33 [38;5;117m[DEBUG]: [0mThis is a debug message from thread 2618-09-2026 00:29:33 [38;5;015m[INFO]: [0mThis is a info message from thread 018-09-2026 00:29:33 [38;5;009m[ERROR]: [0mThis is a error message from thread 318-09-2026 00:29:33 [38;5;015m[INFO]: [0mThis is a info message from thread 1118-09-2026 00:29:33 [38;5;117m[DEBUG]: [0mThis is a debug message from thread 518-09-2026 00:29:33 [38;5;015m[INFO]: [0mThis is a info message from thread 2318-09-2026 00:29:33 [38;5;009m[ERROR]: [0mThis is a error message from thread 818-09-2026 00:29:33 [38;5;009m[ERROR]: [0mThis is a error message from thread 1618-09-2026 00:29:33 [38;5;015m[INFO]: [0mThis is a info message from thread 2618-09-2026 00:29:33 [38;5;015m[INFO]: [0mThis is a info message from thread 218-09-2026 00:29:33 [38;5;009m[ERROR]: [0mThis is a error message from thread 218-09-2026 00:29:33 [38;5;117m[DEBUG]: [0mThis is a debug message from thread 2218-09-2026 00:29:33 [38;5;117m[DEBUG]: [0mThis is a debug message from thread 2118-09-2026 00:29:33 [38;5;117m[DEBUG]: [0mThis is a debug message from thread 218-09-2026 00:29:33 [38;5;015m[INFO]: [0mThis is a info message from thread 218-09-2026 00:29:33 [38;5;015m[INFO]: [0mThis is a info message from thread 2218-09-2026 00:29:33 [38;5;015m[INFO]: [0mThis is a info message from thread 2118-09-2026 00:29:33 [38;5;009m[ERROR]: [0mThis is a error message from thread 2218-09-2026 00:29:33 [38;5;009m[ERROR]: [0mThis is a error message from thread 2618-09-2026 00:29:33 [38;5;117m[DEBUG]: [0mThis is a debug message from thread 618-09-2026 00:29:33 [38;5;009m[ERROR]: [0mThis is a error message from thread 018-09-2026 00:29:33 [38;5;009m[ERROR]: [0mThis is a error message from thread 218-09-2026 00:29:33 [38;5;117m[DEBUG]: [0mThis is a debug message from thread 1618-09-2026 00:29:33 [38;5;117m[DEBUG]: [0mThis is a debug message from thread 2218-09-2026 00:29:33 [38;5;117m[DEBUG]: [0mThis is a debug message from thread 2518-09-2026 00:29:33 [38;5;009m[ERROR]: [0mThis is a error message from thread 418-09-2026 00:29:33 [38;5;117m[DEBUG]: [0mThis is a debug message from thread 2018-09-2026 00:29:33 [38;5;117m[DEBUG]: [0mThis is a debug message from thread 018-09-2026 00:29:33 [38;5;117m[DEBUG]: [0mThis is a debug message from thread 2618-09-2026 00:29:33 [38;5;009m[ERROR]: [0mThis is a error message from thread 2318-09-2026 00:29:33 [38;5;015m[INFO]: [0mThis is a info message from thread 2018-09-2026 00:29:33 [38;5;015m[INFO]: [0mThis is a info message from thread 1218-09-2026 00:29:33 [38;5;015m[INFO]: [0mThis is a info message from thread 2918-09-2026 00:29:33 [38;5;015m[INFO]: [0mThis is a info message from thread 018-09-2026 00:29:33 [38;5;009m[ERROR]: [0mThis is a error message from thread 2018-09-2026 00:29:33 [38;5;117m[DEBUG]: [0mThis is a debug message from thread 818-09-2026 00:29:33 [38;5;015m[INFO]: [0mThis is a info message from thread 2618-09-2026 00:29:33 [38;5;009m[ERROR]: [0mThis is a error message from thread 1418-09-2026 00:29:33 [38;5;015m[INFO]: [0mThis is a info message from thread 818-09-2026 00:29:33 [38;5;117m[DEBUG]: [0mThis is a debug message from thread 2318-09-2026 00:29:33 [38;5;117m[DEBUG]: [0mThis is a debug message from thread 1818-09-2026 00:29:33 [38;5;015m[INFO]: [0mThis is a info message from thread 2318-09-2026 00:29:33 [38;5;015m[INFO]: [0mThis is a info message from thread 1818-09-2026 00:29:33 [38;5;117m[DEBUG]: [0mThis is a debug message from thread 2018-09-2026 00:29:33 [38;5;009m[ERROR]: [0mThis is a error message from thread 1218-09-2026 00:29:33 [38;5;015m[INFO]: [0mThis is a info message from thread 1018-09-2026 00:29:33 [38;5;009m[ERROR]: [0mThis is a error message from thread 1118-09-2026 00:29:33 [38;5;009m[ERROR]: [0mThis is a error message from thread 818-09-2026 00:29:33 [38;5;015m[INFO]: [0mThis is a info message from thread 2018-09-2026 00:29:33 [38;5;015m[INFO]: [0mThis is a info message from thread 1318-09-2026 00:29:33 [38;5;015m[INFO]: [0mThis is a info message from thread 518-09-2026 00:29:33 [38;5;009m[ERROR]: [0mThis is a error message from thread 2118-09-2026 00:29:33 [38;5;015m[INFO]: [0mThis is a info message from thread 618-09-2026 00:29:33 [38;5;009m[ERROR]: [0mThis is a error message from thread 2318-09-2026 00:29:33 [38;5;009m[ERROR]: [0mThis is a error message from thread 1318-09-2026 00:29:33 [38;5;117m[DEBUG]: [0mThis is a debug message from thread 818-09-2026 00:29:33 [38;5;009m[ERROR]: [0mThis is a error message from thread 1018-09-2026 00:29:33 [38;5;117m[DEBUG]: [0mThis is a debug message from thread 218-09-2026 00:29:33 [38;5;015m[INFO]: [0mThis is a info message from thread 1618-09-2026 00:29:33 [38;5;009m[ERROR]: [0mThis is a error message from thread 618-09-2026 00:29:33 [38;5;009m[ERROR]: [0mThis is a error message from thread 2018-09-2026 00:29:33 [38;5;015m[INFO]: [0mThis is a info message from thread 1918-09-2026 00:29:33 [38;5;015m[INFO]: [0mThis is a info message from thread 2718-09-2026 00:29:33 [38;5;009m[ERROR]: [0mThis is a error message from thread 018-09-2026 00:29:33 [38;5;009m[ERROR]: [0mThis is a error message from thread 518-09-2026 00:29:33 [38;5;117m[DEBUG]: [0mThis is a debug message from thread 2018-09-2026 00:29:33 [38;5;117m[DEBUG]: [0mThis is a debug message from thread 2318-09-2026 00:29:33 [38;5;015m[INFO]: [0mThis is a info message from thread 918-09-2026 00:29:33 [38;5;015m[INFO]: [0mThis is a info message from thread 2818-09-2026 00:29:33 [38;5;009m[ERROR]: [0mThis is a error message from thread 2618-09-2026 00:29:33 [38;5;117m[DEBUG]: [0mThis is a debug message from thread 1218-09-2026 00:29:33 [38;5;009m[ERROR]: [0mThis is a error message from thread 2818-09-2026 00:29:33 [38;5;117m[DEBUG]: [0mThis is a debug message from thread 1418-09-2026 00:29:33 [38;5;015m[INFO]: [0mThis is a info message from thread 2018-09-2026 00:29:33 [38;5;117m[DEBUG]: [0mThis is a debug message from thread 718-09-2026 00:29:33 [38;5;015m[INFO]: [0mThis is a info message from thread 1218-09-2026 00:29:33 [38;5;117m[DEBUG]: [0mThis is a debug message from thread 2118-09-2026 00:29:33 [38;5;009m[ERROR]: [0mThis is a error message from thread 1818-09-2026 00:29:33 [38;5;009m[ERROR]: [0mThis is a error message from thread 118-09-2026 00:29:33 [38;5;117m[DEBUG]: [0mThis is a debug message from thread 618-09-2026 00:29:33 [38;5;015m[INFO]: [0mThis is a info message from thread 218-09-2026 00:29:33 [38;5;117m[DEBUG]: [0mThis is a debug message from thread 2818-09-2026 00:29:33 [38;5;015m[INFO]: [0mThis is a info message from thread 2518-09-2026 00:29:33 [38;5;117m[DEBUG]: [0mThis is a debug message from thread 318-09-2026 00:29:33 [38;5;117m[DEBUG]: [0mThis is a debug message from thread 1818-09-2026 00:29:33 [38;5;009m[ERROR]: [0mThis is a error message from thread 1518-09-2026 00:29:33 [38;5;009m[ERROR]: [0mThis is a error message from thread 2718-09-2026 00:29:33 [38;5;009m[ERROR]: [0mThis is a error message from thread 2018-09-2026 00:29:33 [38;5;009m[ERROR]: [0mThis is a error message from thread 1918-09-2026 00:29:33 [38;5;117m[DEBUG]: [0mThis is a debug message from thread 1318-09-2026 00:29:33 [38;5;117m[DEBUG]: [0mThis is a debug message from thread 018-09-2026 00:29:33 [38;5;015m[INFO]: [0mThis is a info message from thread 1718-09-2026 00:29:33 [38;5;009m[ERROR]: [0mThis is a error message from thread 218-09-2026 00:29:33 [38;5;015m[INFO]: [0mThis is a info message from thread 1318-09-2026 00:29:33 [38;5;015m[INFO]: [0mThis is a info message from thread 2218-09-2026 00:29:33 [38;5;117m[DEBUG]: [0mThis is a debug message from thread 1918-09-2026 00:29:33 [38;5;015m[INFO]: [0mThis is a info message from thread 1418-09-2026 00:29:33 [38;5;015m[INFO]: [0mThis is a info message from thread 2818-09-2026 00:29:33 [38;5;009m[ERROR]: [0mThis is a error message from thread 2218-09-2026 00:29:33 [38;5;117m[DEBUG]: [0mThis is a debug message from thread 518-09-2026 00:29:33 [38;5;117m[DEBUG]: [0mThis is a debug message from thread 1018-09-2026 00:29:33 [38;5;117m[DEBUG]: [0mThis is a debug message from thread 118-09-2026 00:29:33 [38;5;117m[DEBUG]: [0mThis is a debug message from thread 1518-09-2026 00:29:33 [38;5;015m[INFO]: [0mThis is a info message from thread 2418-09-2026 00:29:33 [38;5;117m[DEBUG]: [0mThis is a debug message from thread 2018-09-2026 00:29:33 [38;5;015m[INFO]: [0mThis is a info message from thread 618-09-2026 00:29:33 [38;5;117m[DEBUG]: [0mThis is a debug message from thread 218-09-2026 00:29:33 [38;5;009m[ERROR]: [0mThis is a error message from thread 1618-09-2026 00:29:33 [38;5;015m[INFO]: [0mThis is a info message from thread 318-09-2026 00:29:33 [38;5;015m[INFO]: [0mThis is a info message from thread 518-09-2026 00:29:33 [38;5;015m[INFO]: [0mThis is a info message from thread 1018-09-2026 00:29:33 [38;5;009m[ERROR]: [0mThis is a error message from thread 1218-09-2026 00:29:33 [38;5;015m[INFO]: [0mThis is a info message from thread 2018-09-2026 00:29:33 [38;5;117m[DEBUG]: [0mThis is a debug message from thread 1618-09-2026 00:29:33 [38;5;015m[INFO]: [0mThis is a info message from thread 018-09-2026 00:29:33 [38;5;015m[INFO]: [0mThis is a info message from thread 218-09-2026 00:29:33 [38;5;009m[ERROR]: [0mThis is a error message from thread 218-09-2026 00:29:33 [38;5;009m[ERROR]: [0mThis is a error message from thread 518-09-2026 00:29:33 [38;5;015m[INFO]: [0mThis is a info message from thread 718-09-2026 00:29:33 [38;5;015m[INFO]: [0mThis is a info message from thread 1518-09-2026 00:29:33 [38;5;009m[ERROR]: [0mThis is a error message from thread 1018-09-2026 00:29:33 [38;5;015m[INFO]: [0mThis is a info message from thread 2118-09-2026 00:29:33 [38;5;117m[DEBUG]: [0mThis is a debug message from thread 2618-09-2026 00:29:33 [38;5;009m[ERROR]: [0mThis is a error message from thread 1418-09-2026 00:29:33 [38;5;009m[ERROR]: [0mThis is a error message from thread 918-09-2026 00:29:33 [38;5;009m[ERROR]: [0mThis is a error message from thread 718-09-2026 00:29:33 [38;5;015m[INFO]: [0mThis is a info message from thread 1818-09-2026 00:29:33 [38;5;009m[ERROR]: [0mThis is a error message from thread 2818-09-2026 00:29:33 [38;5;009m[ERROR]: [0mThis is a error message from thread 1318-09-2026 00:29:33 [38;5;009m[ERROR]: [0mThis is a error message from thread 1818-09-2026 00:29:33 [38;5;117m[DEBUG]: [0mThis is a debug message from thread 2718-09-2026 00:29:33 [38;5;009m[ERROR]: [0mThis is a error message from thread 018-09-2026 00:29:33 [38;5;117m[DEBUG]: [0mThis is a debug message from thread 1018-09-2026 00:29:33 [38;5;009m[ERROR]: [0mThis is a error message from thread 318-09-2026 00:29:33 [38;5;117m[DEBUG]: [0mThis is a debug message from thread 1318-09-2026 00:29:33 [38;5;117m[DEBUG]: [0mThis is a debug message from thread 1218-09-2026 00:29:33 [38;5;117m[DEBUG]: [0mThis is a debug message from thread 518-09-2026 00:29:33 [38;5;015m[INFO]: [0mThis is a info message from thread 1918-09-2026 00:29:33 [38;5;117m[DEBUG]: [0mThis is a debug message from thread 1418-09-2026 00:29:33 [38;5;117m[DEBUG]: [0mThis is a debug message from thread 218-09-2026 00:29:33 [38;5;015m[INFO]: [0mThis is a info message from thread 1018-09-2026 00:29:33 [38;5;009m[ERROR]: [0mThis is a error message from thread 2918-09-2026 00:29:33 [38;5;117m[DEBUG]: [0mThis is a debug message from thread 018-09-2026 00:29:33 [38;5;009m[ERROR]: [0mThis is a error message from thread 618-09-2026 00:29:33 [38;5;015m[INFO]: [0mThis is a info message from thread 1318-09-2026 00:29:33 [38;5;015m[INFO]: [0mThis is a info message from thread 1218-09-2026 00:29:33 [38;5;117m[DEBUG]: [0mThis is a debug message from thread 318-09-2026 00:29:33 [38;5;009m[ERROR]: [0mThis is a error message from thread 2518-09-2026 00:29:33 [38;5;009m[ERROR]: [0mThis is a error message from thread 1318-09-2026 00:29:33 [38;5;009m[ERROR]: [0mThis is a error message from thread 1918-09-2026 00:29:33 [38;5;009m[ERROR]: [0mThis is a error message from thread 2018-09-2026 00:29:33 [38;5;015m[INFO]: [0mThis is a info message from thread 518-09-2026 00:29:33 [38;5;117m[DEBUG]: [0mThis is a debug message from thread 918-09-2026 00:29:33 [38;5;117m[DEBUG]: [0mThis is a debug message from thread 718-09-2026 00:29:33 [38;5;117m[DEBUG]: [0mThis is a debug message from thread 2218-09-2026 00:29:33 [38;5;117m[DEBUG]: [0mThis is a debug message from thread 2818-09-2026 00:29:33 [38;5;117m[DEBUG]: [0mThis is a debug message from thread 1118-09-2026 00:29:33 [38;5;117m[DEBUG]: [0mThis is a debug message from thread 1918-09-2026 00:29:33 [38;5;015m[INFO]: [0mThis is a info message from thread 818-09-2026 00:29:33 [38;5;009m[ERROR]: [0mThis is a error message from thread 518-09-2026 00:29:33 [38;5;009m[ERROR]: [0mThis is a error message from thread 2118-09-2026 00:29:33 [38;5;009m[ERROR]: [0mThis is a error message from thread 1018-09-2026 00:29:33 [38;5;015m[INFO]: [0mThis is a info message from thread 2218-09-2026 00:29:33 [38;5;117m[DEBUG]: [0mThis is a debug message from thread 1318-09-2026 00:29:33 [38;5;015m[INFO]: [0mThis is a info message from thread 318-09-2026 00:29:33 [38;5;015m[INFO]: [0mThis is a info message from thread 2718-09-2026 00:29:33 [38;5;117m[DEBUG]: [0mThis is a debug message from thread 518-09-2026 00:29:33 [38;5;015m[INFO]: [0mThis is a info message from thread 1118-09-2026 00:29:33 [38;5;015m[INFO]: [0mThis is a info message from thread 918-09-2026 00:29:33 [38;5;015m[INFO]: [0mThis is a info message from thread 1618-09-2026 00:29:33 [38;5;009m[ERROR]: [0mThis is a error message from thread 2718-09-2026 00:29:33 [38;5;117m[DEBUG]: [0mThis is a debug message from thread 618-09-2026 00:29:33 [38;5;009m[ERROR]: [0mThis is a error message from thread 1518-09-2026 00:29:33 [38;5;009m[ERROR]: [0mThis is a error message from thread 1218-09-2026 00:29:33 [38;5;015m[INFO]: [0mThis is a info message from thread 018-09-2026 00:29:33 [38;5;015m[INFO]: [0mThis is a info message from thread 2618-09-2026 00:29:33 [38;5;015m[INFO]: [0mThis is a info message from thread 1318-09-2026 00:29:33 [38;5;015m[INFO]: [0mThis is a info message from thread 718-09-2026 00:29:33 [38;5;117m[DEBUG]: [0mThis is a debug message from thread 2718-09-2026 00:29:33 [38;5;015m[INFO]: [0mThis is a info message from thread 1918-09-2026 00:29:33 [38;5;015m[INFO]: [0mThis is a info message from thread 618-09-2026 00:29:33 [38;5;117m[DEBUG]: [0mThis is a debug message from thread 2118-09-2026 00:29:33 [38;5;009m[ERROR]: [0mThis is a error message from thread 1618-09-2026 00:29:33 [38;5;009m[ERROR]: [0mThis is a error message from thread 718-09-2026 00:29:33 [38;5;009m[ERROR]: [0mThis is a error message from thread 1918-09-2026 00:29:33 [38;5;015m[INFO]: [0mThis is a info message from thread 2118-09-2026 00:29:33 [38;5;117m[DEBUG]: [0mThis is a debug message from thread 718-09-2026 00:29:33 [38;5;117m[DEBUG]: [0mThis is a debug message from thread 1618-09-2026 00:29:33 [38;5;015m[INFO]: [0mThis is a info message from thread 218-09-2026 00:29:33 [38;5;117m[DEBUG]: [0mThis is a debug message from thread 1918-09-2026 00:29:33 [38;5;015m[INFO]: [0mThis is a info message from thread 718-09-2026 00:29:33 [38;5;009m[ERROR]: [0mThis is a error message from thread 218-09-2026 00:29:33 [38;5;009m[ERROR]: [0mThis is a error message from thread 718-09-2026 00:29:33 [38;5;009m[ERROR]: [0mThis is a error message from thread 1718-09-2026 00:29:33 [38;5;117m[DEBUG]: [0mThis is a debug message from thread 1818-09-2026 00:29:33 [38;5;117m[DEBUG]: [0mThis is a debug message from thread 1518-09-2026 00:29:33 [38;5;117m[DEBUG]: [0mThis is a debug message from thread 1718-09-2026 00:29:33 [38;5;015m[INFO]: [0mThis is a info message from thread 1518-09-2026 00:29:33 [38;5;009m[ERROR]: [0mThis is a error message from thread 2218-09-2026 00:29:33 [38;5;015m[INFO]: [0mThis is a info message from thread 1818-09-2026 00:29:33 [38;5;117m[DEBUG]: [0mThis is a debug message from thread 1018-09-2026 00:29:33 [38;5;009m[ERROR]: [0mThis is a error message from thread 2418-09-2026 00:29:33 [38;5;009m[ERROR]: [0mThis is a error message from thread 1818-09-2026 00:29:33 [38;5;009m[ERROR]: [0mThis is a error message from thread 1518-09-2026 00:29:33 [38;5;015m[INFO]: [0mThis is a info message from thread 2318-09-2026 00:29:33 [38;5;117m[DEBUG]: [0mThis is a debug message from thread 1818-09-2026 00:29:33 [38;5;009m[ERROR]: [0mThis is a error message from thread 2318-09-2026 00:29:33 [38;5;117m[DEBUG]: [0mThis is a debug message from thread 2418-09-2026 00:29:33 [38;5;015m[INFO]: [0mThis is a info message from thread 518-09-2026 00:29:33 [38;5;015m[INFO]: [0mThis is a info message from thread 1718-09-2026 00:29:33 [38;5;015m[INFO]: [0mThis is a info message from thread 2818-09-2026 00:29:33 [38;5;009m[ERROR]: [0mThis is a error message from thread 2818-09-2026 00:29:33 [38;5;009m[ERROR]: [0mThis is a error message from thread 1718-09-2026 00:29:33 [38;5;015m[INFO]: [0mThis is a info message from thread 1818-09-2026 00:29:33 [38;5;015m[INFO]: [0mThis is a info message from thread 2718-09-2026 00:29:33 [38;5;009m[ERROR]: [0mThis is a error message from thread 2618-09-2026 00:29:33 [38;5;117m[DEBUG]: [0mThis is a debug message from thread 2618-09-2026 00:29:33 [38;5;117m[DEBUG]: [0mThis is a debug message from thread 1718-09-2026 00:29:33 [38;5;015m[INFO]: [0mThis is a info message from thread 1718-09-2026 00:29:33 [38;5;009m[ERROR]: [0mThis is a error message from thread 2718-09-2026 00:29:33 [38;5;009m[ERROR]: [0mThis is a error message from thread 1718-09-2026 00:29:33 [38;5;009m[ERROR]: [0mThis is a error message from thread 618-09-2026 00:29:33 [38;5;015m[INFO]: [0mThis is a info message from thread 1418-09-2026 00:29:33 [38;5;009m[ERROR]: [0mThis is a error message from thread 018-09-2026 00:29:33 [38;5;117m[DEBUG]: [0mThis is a debug message from thread 2518-09-2026 00:29:33 [38;5;117m[DEBUG]: [0mThis is a debug message from thread 2918-09-2026 00:29:33 [38;5;015m[INFO]: [0mThis is a info message from thread 1018-09-2026 00:29:33 [38;5;009m[ERROR]: [0mThis is a error message from thread 1318-09-2026 00:29:33 [38;5;117m[DEBUG]: [0mThis is a debug message from thread 1218-09-2026 00:29:33 [38;5;015m[INFO]: [0mThis is a info message from thread 2518-09-2026 00:29:33 [38;5;015m[INFO]: [0mThis is a info message from thread 118-09-2026 00:29:33 [38;5;117m[DEBUG]: [0mThis is a debug message from thread 2718-09-2026 00:29:33 [38;5;015m[INFO]: [0mThis is a info message from thread 2618-09-2026 00:29:33 [38;5;009m[ERROR]: [0mThis is a error message from thread 518-09-2026 00:29:33 [38;5;009m[ERROR]: [0mThis is a error message from thread 1118-09-2026 00:29:33 [38;5;015m[INFO]: [0mThis is a info message from thread 1218-09-2026 00:29:33 [38;5;117m[DEBUG]: [0mThis is a debug message from thread 1518-09-2026 00:29:33 [38;5;117m[DEBUG]: [0mThis is a debug message from thread 018-09-2026 00:29:33 [38;5;009m[ERROR]: [0mThis is a error message from thread 2618-09-2026 00:29:33 [38;5;009m[ERROR]: [0mThis is a error message from thread 318-09-2026 00:29:33 [38;5;015m[INFO]: [0mThis is a info message from thread 1918-09-2026 00:29:33 [38;5;009m[ERROR]: [0mThis is a error message from thread 2518-09-2026 00:29:33 [38;5;009m[ERROR]: [0mThis is a error message from thread 1018-09-2026 00:29:33 [38;5;009m[ERROR]: [0mThis is a error message from thread 118-09-2026 00:29:33 [38;5;015m[INFO]: [0mThis is a info message from thread 2718-09-2026 00:29:33 [38;5;015m[INFO]: [0mThis is a info message from thread 2418-09-2026 00:29:33 [38;5;009m[ERROR]: [0mThis is a error message from thread 2118-09-2026 00:29:33 [38;5;117m[DEBUG]: [0mThis is a debug message from thread 418-09-2026 00:29:33 [38;5;117m[DEBUG]: [0mThis is a debug message from thread 618-09-2026 00:29:33 [38;5;117m[DEBUG]: [0mThis is a debug message from thread 2318-09-2026 00:29:33 [38;5;009m[ERROR]: [0mThis is a error message from thread 1418-09-2026 00:29:33 [38;5;009m[ERROR]: [0mThis is a error message from thread 2418-09-2026 00:29:33 [38;5;117m[DEBUG]: [0mThis is a debug message from thread 1118-09-2026 00:29:33 [38;5;015m[INFO]: [0mThis is a info message from thread 018-09-2026 00:29:33 [38;5;009m[ERROR]: [0mThis is a error message from thread 2718-09-2026 00:29:33 [38;5;015m[INFO]: [0mThis is a info message from thread 618-09-2026 00:29:33 [38;5;117m[DEBUG]: [0mThis is a debug message from thread 2118-09-2026 00:29:33 [38;5;009m[ERROR]: [0mThis is a error message from thread 1818-09-2026 00:29:33 [38;5;015m[INFO]: [0mThis is a info message from thread 2118-09-2026 00:29:33 [38;5;117m[DEBUG]: [0mThis is a debug message from thread 2618-09-2026 00:29:33 [38;5;015m[INFO]: [0mThis is a info message from thread 2618-09-2026 00:29:33 [38;5;117m[DEBUG]: [0mThis is a debug message from thread 2718-09-2026 00:29:33 [38;5;117m[DEBUG]: [0mThis is a debug message from thread 1718-09-2026 00:29:33 [38;5;009m[ERROR]: [0mThis is a error message from thread 018-09-2026 00:29:33 [38;5;117m[DEBUG]: [0mThis is a debug message from thread 118-09-2026 00:29:33 [38;5;015m[INFO]: [0mThis is a info message from thread 118-09-2026 00:29:33 [38;5;009m[ERROR]: [0mThis is a error message from thread 118-09-2026 00:29:33 [38;5;009m[ERROR]: [0mThis is a error message from thread 2118-09-2026 00:29:33 [38;5;009m[ERROR]: [0mThis is a error message from thread 818-09-2026 00:29:33 [38;5;117m[DEBUG]: [0mThis is a debug message from thread 218-09-2026 00:29:33 [38;5;117m[DEBUG]: [0mThis is a debug message from thread 1418-09-2026 00:29:33 [38;5;117m[DEBUG]: [0mThis is a debug message from thread 2018-09-2026 00:29:33 [38;5;117m[DEBUG]: [0mThis is a debug message from thread 1318-09-2026 00:29:33 [38;5;009m[ERROR]: [0mThis is a error message from thread 618-09-2026 00:29:33 [38;5;117m[DEBUG]: [0mThis is a debug message from thread 018-09-2026 00:29:33 [38;5;015m[INFO]: [0mThis is a info message from thread 018-09-2026 00:29:33 [38;5;015m[INFO]: [0mThis is a info message from thread 1718-09-2026 00:29:33 [38;5;117m[DEBUG]: [0mThis is a debug message from thread 2818-09-2026 00:29:33 [38;5;117m[DEBUG]: [0mThis is a debug message from thread 1818-09-2026 00:29:33 [38;5;015m[INFO]: [0mThis is a info message from thread 1118-09-2026 00:29:33 [38;5;117m[DEBUG]: [0mThis is a debug message from thread 618-09-2026 00:29:33 [38;5;015m[INFO]: [0mThis is a info message from thread 2018-09-2026 00:29:33 [38;5;015m[INFO]: [0mThis is a info message from thread 1618-09-2026 00:29:33 [38;5;117m[DEBUG]: [0mThis is a debug message from thread 118-09-2026 00:29:33 [38;5;015m[INFO]: [0mThis is a info message from thread 1818-09-2026 00:29:33 [38;5;009m[ERROR]: [0mThis is a error message from thread 018-09-2026 00:29:33 [38;5;015m[INFO]: [0mThis is a info message from thread 1418-09-2026 00:29:33 [38;5;009m[ERROR]: [0mThis is a error message from thread 1718-09-2026 00:29:33 [38;5;117m[DEBUG]: [0mThis is a debug message from thread 318-09-2026 00:29:33 [38;5;009m[ERROR]: [0mThis is a error message from thread 1618-09-2026 00:29:33 [38;5;117m[DEBUG]: [0mThis is a debug message from thread 718-09-2026 00:29:33 [38;5;015m[INFO]: [0mThis is a info message from thread 618-09-2026 00:29:33 [38;5;009m[ERROR]: [0mThis is a error message from thread 1818-09-2026 00:29:33 [38;5;117m[DEBUG]: [0mThis is a debug message from thread 1718-09-2026 00:29:33 [38;5;015m[INFO]: [0mThis is a info message from thread 318-09-2026 00:29:33 [38;5;117m[DEBUG]: [0mThis is a debug message from thread 1618-09-2026 00:29:33 [38;5;117m[DEBUG]: [0mThis is a debug message from thread 2518-09-2026 00:29:33 [38;5;015m[INFO]: [0mThis is a info message from thread 1718-09-2026 00:29:33 [38;5;009m[ERROR]: [0mThis is a error message from thread 1918-09-2026 00:29:33 [38;5;015m[INFO]: [0mThis is a info message from thread 1318-09-2026 00:29:33 [38;5;009m[ERROR]: [0mThis is a error message from thread 318-09-2026 00:29:33 [38;5;015m[INFO]: [0mThis is a info message from thread 2518-09-2026 00:29:33 [38;5;117m[DEBUG]: [0mThis is a debug message from thread 1918-09-2026 00:29:33 [38;5;009m[ERROR]: [0mThis is a error message from thread 1318-09-2026 00:29:33 [38;5;117m[DEBUG]: [0mThis is a debug message from thread 2118-09-2026 00:29:33 [38;5;117m[DEBUG]: [0mThis is a debug message from thread 1318-09-2026 00:29:33 [38;5;015m[INFO]: [0mThis is a info message from thread 2118-09-2026 00:29:33 [38;5;015m[INFO]: [0mThis is a info message from thread 1318-09-2026 00:29:33 [38;5;015m[INFO]: [0mThis is a info message from thread 1518-09-2026 00:29:33 [38;5;009m[ERROR]: [0mThis is a error message from thread 1218-09-2026 00:29:33 [38;5;009m[ERROR]: [0mThis is a error message from thread 1318-09-2026 00:29:33 [38;5;009m[ERROR]: [0mThis is a error message from thread 2118-09-2026 00:29:33 [38;5;117m[DEBUG]: [0mThis is a debug message from thread 518-09-2026 00:29:33 [38;5;015m[INFO]: [0mThis is a info message from thread 2918-09-2026 00:29:33 [38;5;117m[DEBUG]: [0mThis is a debug message from thread 2118-09-2026 00:29:33 [38;5;009m[ERROR]: [0mThis is a error message from thread 2918-09-2026 00:29:33 [38;5;117m[DEBUG]: [0mThis is a debug message from thread 1218-09-2026 00:29:33 [38;5;015m[INFO]: [0mThis is a info message from thread 518-09-2026 00:29:33 [38;5;015m[INFO]: [0mThis is a info message from thread 418-09-2026 00:29:33 [38;5;009m[ERROR]: [0mThis is a error message from thread 2018-09-2026 00:29:33 [38;5;015m[INFO]: [0mThis is a info message from thread 2118-09-2026 00:29:33 [38;5;117m[DEBUG]: [0mThis is a debug message from thread 2918-09-2026 00:29:33 [38;5;009m[ERROR]: [0mThis is a error message from thread 418-09-2026 00:29:33 [38;5;015m[INFO]: [0mThis is a info message from thread 118-09-2026 00:29:33 [38;5;009m[ERROR]: [0mThis is a error message from thread 918-09-2026 00:29:33 [38;5;117m[DEBUG]: [0mThis is a debug message from thread 2218-09-2026 00:29:33 [38;5;009m[ERROR]: [0mThis is a error message from thread 2118-09-2026 00:29:33 [38;5;015m[INFO]: [0mThis is a info message from thread 218-09-2026 00:29:33 [38;5;009m[ERROR]: [0mThis is a error message from thread 2518-09-2026 00:29:33 [38;5;015m[INFO]: [0mThis is a info message from thread 2318-09-2026 00:29:33 [38;5;009m[ERROR]: [0mThis is a error message from thread 1518-09-2026 00:29:33 [38;5;015m[INFO]: [0mThis is a info message from thread 1918-09-2026 00:29:33 [38;5;015m[INFO]: [0mThis is a info message from thread 1618-09-2026 00:29:33 [38;5;009m[ERROR]: [0mThis is a error message from thread 2618-09-2026 00:29:33 [38;5;015m[INFO]: [0mThis is a info message from thread 2218-09-2026 00:29:33 [38;5;117m[DEBUG]: [0mThis is a debug message from thread 2418-09-2026 00:29:33 [38;5;117m[DEBUG]: [0mThis is a debug message from thread 1818-09-2026 00:29:33 [38;5;117m[DEBUG]: [0mThis is a debug message from thread 2518-09-2026 00:29:33 [38;5;117m[DEBUG]: [0mThis is a debug message from thread 818-09-2026 00:29:33 [38;5;015m[INFO]: [0mThis is a info message from thread 2718-09-2026 00:29:33 [38;5;009m[ERROR]: [0mThis is a error message from thread 518-09-2026 00:29:33 [38;5;009m[ERROR]: [0mThis is a error message from thread 1418-09-2026 00:29:33 [38;5;117m[DEBUG]: [0mThis is a debug message from thread 018-09-2026 00:29:33 [38;5;009m[ERROR]: [0mThis is a error message from thread 1918-09-2026 00:29:33 [38;5;117m[DEBUG]: [0mThis is a debug message from thread 2018-09-2026 00:29:33 [38;5;009m[ERROR]: [0mThis is a error message from thread 2318-09-2026 00:29:33 [38;5;117m[DEBUG]: [0mThis is a debug message from thread 318-09-2026 00:29:33 [38;5;117m[DEBUG]: [0mThis is a debug message from thread 2618-09-2026 00:29:33 [38;5;009m[ERROR]: [0mThis is a error message from thread 1618-09-2026 00:29:33 [38;5;117m[DEBUG]: [0mThis is a debug message from thread 418-09-2026 00:29:33 [38;5;015m[INFO]: [0mThis is a info message from thread 2518-09-2026 00:29:33 [38;5;117m[DEBUG]: [0mThis is a debug message from thread 1418-09-2026 00:29:33 [38;5;015m[INFO]: [0mThis is a info message from thread 2618-09-2026 00:29:33 [38;5;117m[DEBUG]: [0mThis is a debug message from thread 1618-09-2026 00:29:33 [38;5;009m[ERROR]: [0mThis is a error message from thread 2718-09-2026 00:29:33 [38;5;015m[INFO]: [0mThis is a info message from thread 1218-09-2026 00:29:33 [38;5;015m[INFO]: [0mThis is a info message from thread 418-09-2026 00:29:33 [38;5;117m[DEBUG]: [0mThis is a debug message from thread 2718-09-2026 00:29:33 [38;5;015m[INFO]: [0mThis is a info message from thread 018-09-2026 00:29:33 [38;5;009m[ERROR]: [0mThis is a error message from thread 018-09-2026 00:29:33 [38;5;009m[ERROR]: [0mThis is a error message from thread 2618-09-2026 00:29:33 [38;5;117m[DEBUG]: [0mThis is a debug message from thread 2118-09-2026 00:29:33 [38;5;015m[INFO]: [0mThis is a info message from thread 1618-09-2026 00:29:33 [38;5;009m[ERROR]: [0mThis is a error message from thread 618-09-2026 00:29:33 [38;5;009m[ERROR]: [0mThis is a error message from thread 418-09-2026 00:29:33 [38;5;009m[ERROR]: [0mThis is a error message from thread 1618-09-2026 00:29:33 [38;5;117m[DEBUG]: [0mThis is a debug message from thread 2318-09-2026 00:29:33 [38;5;015m[INFO]: [0mThis is a info message from thread 2718-09-2026 00:29:33 [38;5;117m[DEBUG]: [0mThis is a debug message from thread 1018-09-2026 00:29:33 [38;5;117m[DEBUG]: [0mThis is a debug message from thread 2618-09-2026 00:29:33 [38;5;117m[DEBUG]: [0mThis is a debug message from thread 1618-09-2026 00:29:33 [38;5;009m[ERROR]: [0mThis is a error message from thread 1218-09-2026 00:29:33 [38;5;009m[ERROR]: [0mThis is a error message from thread 118-09-2026 00:29:33 [38;5;117m[DEBUG]: [0mThis is a debug message from thread 1218-09-2026 00:29:33 [38;5;015m[INFO]: [0mThis is a info message from thread 1218-09-2026 00:29:33 [38;5;117m[DEBUG]: [0mThis is a debug message from thread 418-09-2026 00:29:33 [38;5;015m[INFO]: [0mThis is a info message from thread 2618-09-2026 00:29:33 [38;5;117m[DEBUG]: [0mThis is a debug message from thread 618-09-2026 00:29:33 [38;5;117m[DEBUG]: [0mThis is a debug message from thread 518-09-2026 00:29:33 [38;5;015m[INFO]: [0mThis is a info message from thread 1418-09-2026 00:29:33 [38;5;117m[DEBUG]: [0mThis is a debug message from thread 1518-09-2026 00:29:33 [38;5;009m[ERROR]: [0mThis is a error message from thread 2218-09-2026 00:29:33 [38;5;015m[INFO]: [0mThis is a info message from thread 2018-09-2026 00:29:33 [38;5;015m[INFO]: [0mThis is a info message from thread 2418-09-2026 00:29:33 [38;5;009m[ERROR]: [0mThis is a error message from thread 2018-09-2026 00:29:33 [38;5;015m[INFO]: [0mThis is a info message from thread 2918-09-2026 00:29:33 [38;5;117m[DEBUG]: [0mThis is a debug message from thread 118-09-2026 00:29:33 [38;5;009m[ERROR]: [0mThis is a error message from thread 1218-09-2026 00:29:33 [38;5;015m[INFO]: [0mThis is a info message from thread 418-09-2026 00:29:33 [38;5;009m[ERROR]: [0mThis is a error message from thread 2618-09-2026 00:29:33 [38;5;015m[INFO]: [0mThis is a info message from thread 618-09-2026 00:29:33 [38;5;009m[ERROR]: [0mThis is a error message from thread 2718-09-2026 00:29:33 [38;5;009m[ERROR]: [0mThis is a error message from thread 2918-09-2026 00:29:33 [38;5;015m[INFO]: [0mThis is a info message from thread 2118-09-2026 00:29:33 [38;5;117m[DEBUG]: [0mThis is a debug message from thread 2618-09-2026 00:29:33 [38;5;009m[ERROR]: [0mThis is a error message from thread 418-09-2026 00:29:33 [38;5;009m[ERROR]: [0mThis is a error message from thread 618-09-2026 00:29:33 [38;5;117m[DEBUG]: [0mThis is a debug message from thread 1918-09-2026 00:29:33 [38;5;009m[ERROR]: [0mThis is a error message from thread 2518-09-2026 00:29:33 [38;5;015m[INFO]: [0mThis is a info message from thread 118-09-2026 00:29:33 [38;5;117m[DEBUG]: [0mThis is a debug message from thread 1218-09-2026 00:29:33 [38;5;009m[ERROR]: [0mThis is a error message from thread 2118-09-2026 00:29:33 [38;5;015m[INFO]: [0mThis is a info message from thread 2618-09-2026 00:29:33 [38;5;009m[ERROR]: [0mThis is a error message from thread 1118-09-2026 00:29:33 [38;5;015m[INFO]: [0mThis is a info message from thread 718-09-2026 00:29:33 [38;5;117m[DEBUG]: [0mThis is a debug message from thread 1318-09-2026 00:29:33 [38;5;015m[INFO]: [0mThis is a info message from thread 1918-09-2026 00:29:33 [38;5;117m[DEBUG]: [0mThis is a debug message from thread 2518-09-2026 00:29:33 [38;5;117m[DEBUG]: [0mThis is a debug message from thread 418-09-2026 00:29:33 [38;5;009m[ERROR]: [0mThis is a error message from thread 218-09-2026 00:29:33 [38;5;009m[ERROR]: [0mThis is a error message from thread 1718-09-2026 00:29:33 [38;5;117m[DEBUG]: [0mThis is a debug message from thread 2718-09-2026 00:29:33 [38;5;117m[DEBUG]: [0mThis is a debug message from thread 1118-09-2026 00:29:33 [38;5;009m[ERROR]: [0mThis is a error message from thread 718-09-2026 00:29:33 [38;5;015m[INFO]: [0mThis is a info message from thread 1218-09-2026 00:29:33 [38;5;015m[INFO]: [0mThis is a info message from thread 1018-09-2026 00:29:33 [38;5;117m[DEBUG]: [0mThis is a debug message from thread 218-09-2026 00:29:33 [38;5;015m[INFO]: [0mThis is a info message from thread 1118-09-2026 00:29:33 [38;5;015m[INFO]: [0mThis is a info message from thread 2518-09-2026 00:29:33 [38;5;117m[DEBUG]: [0mThis is a debug message from thread 618-09-2026 00:29:33 [38;5;015m[INFO]: [0mThis is a info message from thread 2818-09-2026 00:29:33 [38;5;009m[ERROR]: [0mThis is a error message from thread 1418-09-2026 00:29:33 [38;5;015m[INFO]: [0mThis is a info message from thread 1818-09-2026 00:29:33 [38;5;015m[INFO]: [0mThis is a info message from thread 218-09-2026 00:29:33 [38;5;009m[ERROR]: [0mThis is a error message from thread 2518-09-2026 00:29:33 [38;5;015m[INFO]: [0mThis is a info message from thread 418-09-2026 00:29:33 [38;5;015m[INFO]: [0mThis is a info message from thread 518-09-2026 00:29:33 [38;5;009m[ERROR]: [0mThis is a error message from thread 1018-09-2026 00:29:33 [38;5;009m[ERROR]: [0mThis is a error message from thread 218-09-2026 00:29:33 [38;5;117m[DEBUG]: [0mThis is a debug message from thread 2018-09-2026 00:29:33 [38;5;117m[DEBUG]: [0mThis is a debug message from thread 018-09-2026 00:29:33 [38;5;117m[DEBUG]: [0mThis is a debug message from thread 2918-09-2026 00:29:33 [38;5;009m[ERROR]: [0mThis is a error message from thread 518-09-2026 00:29:33 [38;5;009m[ERROR]: [0mThis is a error message from thread 1118-09-2026 00:29:33 [38;5;015m[INFO]: [0mThis is a info message from thread 1618-09-2026 00:29:33 [38;5;117m[DEBUG]: [0mThis is a debug message from thread 518-09-2026 00:29:33 [38;5;009m[ERROR]: [0mThis is a error message from thread 1818-09-2026 00:29:33 [38;5;117m[DEBUG]: [0mThis is a debug message from thread 1018-09-2026 00:29:33 [38;5;015m[INFO]: [0mThis is a info message from thread 1318-09-2026 00:29:33 [38;5;009m[ERROR]: [0mThis is a error message from thread 2818-09-2026 00:29:33 [38;5;015m[INFO]: [0mThis is a info message from thread 2918-09-2026 00:29:33 [38;5;015m[INFO]: [0mThis is a info message from thread 1018-09-2026 00:29:33 [38;5;015m[INFO]: [0mThis is a info message from thread 2018-09-2026 00:29:33 [38;5;009m[ERROR]: [0mThis is a error message from thread 2618-09-2026 00:29:33 [38;5;015m[INFO]: [0mThis is a info message from thread 318-09-2026 00:29:33 [38;5;117m[DEBUG]: [0mThis is a debug message from thread 2118-09-2026 00:29:33 [38;5;117m[DEBUG]: [0mThis is a debug message from thread 1818-09-2026 00:29:33 [38;5;015m[INFO]: [0mThis is a info message from thread 518-09-2026 00:29:33 [38;5;015m[INFO]: [0mThis is a info message from thread 818-09-2026 00:29:33 [38;5;009m[ERROR]: [0mThis is a error message from thread 2018-09-2026 00:29:33 [38;5;009m[ERROR]: [0mThis is a error message from thread 1918-09-2026 00:29:33 [38;5;117m[DEBUG]: [0mThis is a debug message from thread 718-09-2026 00:29:33 [38;5;009m[ERROR]: [0mThis is a error message from thread 1218-09-2026 00:29:33 [38;5;009m[ERROR]: [0mThis is a error message from thread 2418-09-2026 00:29:33 [38;5;009m[ERROR]: [0mThis is a error message from thread 1018-09-2026 00:29:33 [38;5;009m[ERROR]: [0mThis is a error message from thread 2918-09-2026 00:29:33 [38;5;015m[INFO]: [0mThis is a info message from thread 2318-09-2026 00:29:33 [38;5;117m[DEBUG]: [0mThis is a debug message from thread 1018-09-2026 00:29:33 [38;5;117m[DEBUG]: [0mThis is a debug message from thread 2618-09-2026 00:29:33 [38;5;015m[INFO]: [0mThis is a info message from thread 1018-09-2026 00:29:33 [38;5;009m[ERROR]: [0mThis is a error message from thread 2318-09-2026 00:29:33 [38;5;015m[INFO]: [0mThis is a info message from thread 618-09-2026 00:29:33 [38;5;015m[INFO]: [0mThis is a info message from thread 718-09-2026 00:29:33 [38;5;117m[DEBUG]: [0mThis is a debug message from thread 2018-09-2026 00:29:33 [38;5;009m[ERROR]: [0mThis is a error message from thread 318-09-2026 00:29:33 [38;5;009m[ERROR]: [0mThis is a error message from thread 818-09-2026 00:29:33 [38;5;009m[ERROR]: [0mThis is a error message from thread 418-09-2026 00:29:33 [38;5;117m[DEBUG]: [0mThis is a debug message from thread 1418-09-2026 00:29:33 [38;5;117m[DEBUG]: [0mThis is a debug message from thread 1118-09-2026 00:29:33 [38;5;015m[INFO]: [0mThis is a info message from thread 2018-09-2026 00:29:33 [38;5;009m[ERROR]: [0mThis is a error message from thread 1018-09-2026 00:29:33 [38;5;009m[ERROR]: [0mThis is a error message from thread 618-09-2026 00:29:33 [38;5;015m[INFO]: [0mThis is a info message from thread 2618-09-2026 00:29:33 [38;5;117m[DEBUG]: [0mThis is a debug message from thread 418-09-2026 00:29:33 [38;5;015m[INFO]: [0mThis is a info message from thread 2718-09-2026 00:29:33 [38;5;009m[ERROR]: [0mThis is a error message from thread 718-09-2026 00:29:33 [38;5;009m[ERROR]: [0mThis is a error message from thread 2618-09-2026 00:29:33 [38;5;015m[INFO]: [0mThis is a info message from thread 018-09-2026 00:29:33 [38;5;009m[ERROR]: [0mThis is a error message from thread 1618-09-2026 00:29:33 [38;5;117m[DEBUG]: [0mThis is a debug message from thread 1718-09-2026 00:29:33 [38;5;117m[DEBUG]: [0mThis is a debug message from thread 2318-09-2026 00:29:33 [38;5;117m[DEBUG]: [0mThis is a debug message from thread 1618-09-2026 00:29:33 [38;5;015m[INFO]: [0mThis is a info message from thread 1818-09-2026 00:29:33 [38;5;117m[DEBUG]: [0mThis is a debug message from thread 818-09-2026 00:29:33 [38;5;117m[DEBUG]: [0mThis is a debug message from thread 2918-09-2026 00:29:33 [38;5;009m[ERROR]: [0mThis is a error message from thread 1818-09-2026 00:29:33 [38;5;117m[DEBUG]: [0mThis is a debug message from thread 1918-09-2026 00:29:33 [38;5;117m[DEBUG]: [0mThis is a debug message from thread 2518-09-2026 00:29:33 [38;5;015m[INFO]: [0mThis is a info message from thread 818-09-2026 00:29:33 [38;5;015m[INFO]: [0mThis is a info message from thread 1518-09-2026 00:29:33 [38;5;117m[DEBUG]: [0mThis is a debug message from thread 2218-09-2026 00:29:33 [38;5;009m[ERROR]: [0mThis is a error message from thread 1518-09-2026 00:29:33 [38;5;015m[INFO]: [0mThis is a info message from thread 1118-09-2026 00:29:33 [38;5;009m[ERROR]: [0mThis is a error message from thread 818-09-2026 00:29:33 [38;5;117m[DEBUG]: [0mThis is a debug message from thread 1518-09-2026 00:29:33 [38;5;117m[DEBUG]: [0mThis is a debug message from thread 818-09-2026 00:29:33 [38;5;015m[INFO]: [0mThis is a info message from thread 1518-09-2026 00:29:33 [38;5;015m[INFO]: [0mThis is a info message from thread 818-09-2026 00:29:33 [38;5;009m[ERROR]: [0mThis is a error message from thread 1518-09-2026 00:29:33 [38;5;117m[DEBUG]: [0mThis is a debug message from thread 2418-09-2026 00:29:33 [38;5;117m[DEBUG]: [0mThis is a debug message from thread 1018-09-2026 00:29:33 [38;5;117m[DEBUG]: [0mThis is a debug message from thread 718-09-2026 00:29:33 [38;5;117m[DEBUG]: [0mThis is a debug message from thread 618-09-2026 00:29:33 [38;5;015m[INFO]: [0mThis is a info message from thread 1018-09-2026 00:29:33 [38;5;015m[INFO]: [0mThis is a info message from thread 2418-09-2026 00:29:33 [38;5;015m[INFO]: [0mThis is a info message from thread 618-09-2026 00:29:33 [38;5;009m[ERROR]: [0mThis is a error message from thread 1018-09-2026 00:29:33 [38;5;009m[ERROR]: [0mThis is a error message from thread 2418-09-2026 00:29:33 [38;5;117m[DEBUG]: [0mThis is a debug message from thread 1018-09-2026 00:29:33 [38;5;117m[DEBUG]: [0mThis is a debug message from thread 2618-09-2026 00:29:33 [38;5;015m[INFO]: [0mThis is a info message from thread 1018-09-2026 00:29:33 [38;5;015m[INFO]: [0mThis is a info message from thread 718-09-2026 00:29:33 [38;5;015m[INFO]: [0mThis is a info message from thread 2618-09-2026 00:29:33 [38;5;117m[DEBUG]: [0mThis is a debug message from thread 2418-09-2026 00:29:33 [38;5;009m[ERROR]: [0mThis is a error message from thread 1018-09-2026 00:29:33 [38;5;117m[DEBUG]: [0mThis is a debug message from thread 918-09-2026 00:29:33 [38;5;015m[INFO]: [0mThis is a info message from thread 2118-09-2026 00:29:33 [38;5;015m[INFO]: [0mThis is a info message from thread 1718-09-2026 00:29:33 [38;5;015m[INFO]: [0mThis is a info message from thread 918-09-2026 00:29:33 [38;5;015m[INFO]: [0mThis is a info message from thread 1918-09-2026 00:29:33 [38;5;117m[DEBUG]: [0mThis is a debug message from thread 1818-09-2026 00:29:33 [38;5;009m[ERROR]: [0mThis is a error message from thread 2618-09-2026 00:29:33 [38;5;015m[INFO]: [0mThis is a info message from thread 1618-09-2026 00:29:33 [38;5;015m[INFO]: [0mThis is a info message from thread 2318-09-2026 00:29:33 [38;5;009m[ERROR]: [0mThis is a error message from thread 518-09-2026 00:29:33 [38;5;015m[INFO]: [0mThis is a info message from thread 2918-09-2026 00:29:33 [38;5;009m[ERROR]: [0mThis is a error message from thread 1918-09-2026 00:29:33 [38;5;009m[ERROR]: [0mThis is a error message from thread 1718-09-2026 00:29:33 [38;5;009m[ERROR]: [0mThis is a error message from thread 118-09-2026 00:29:33 [38;5;009m[ERROR]: [0mThis is a error message from thread 2918-09-2026 00:29:33 [38;5;015m[INFO]: [0mThis is a info message from thread 1418-09-2026 00:29:33 [38;5;117m[DEBUG]: [0mThis is a debug message from thread 218-09-2026 00:29:33 [38;5;015m[INFO]: [0mThis is a info message from thread 2518-09-2026 00:29:33 [38;5;117m[DEBUG]: [0mThis is a debug message from thread 318-09-2026 00:29:33 [38;5;009m[ERROR]: [0mThis is a error message from thread 2018-09-2026 00:29:33 [38;5;015m[INFO]: [0mThis is a info message from thread 418-09-2026 00:29:33 [38;5;117m[DEBUG]: [0mThis is a debug message from thread 2818-09-2026 00:29:33 [38;5;009m[ERROR]: [0mThis is a error message from thread 418-09-2026 00:29:33 [38;5;117m[DEBUG]: [0mThis is a debug message from thread 1218-09-2026 00:29:33 [38;5;009m[ERROR]: [0mThis is a error message from thread 2318-09-2026 00:29:33 [38;5;009m[ERROR]: [0mThis is a error message from thread 2518-09-2026 00:29:33 [38;5;015m[INFO]: [0mThis is a info message from thread 218-09-2026 00:29:33 [38;5;009m[ERROR]: [0mThis is a error message from thread 2718-09-2026 00:29:33 [38;5;009m[ERROR]: [0mThis is a error message from thread 718-09-2026 00:29:33 [38;5;009m[ERROR]: [0mThis is a error message from thread 218-09-2026 00:29:33 [38;5;009m[ERROR]: [0mThis is a error message from thread 1318-09-2026 00:29:33 [38;5;117m[DEBUG]: [0mThis is a debug message from thread 1518-09-2026 00:29:33 [38;5;117m[DEBUG]: [0mThis is a debug message from thread 2918-09-2026 00:29:33 [38;5;117m[DEBUG]: [0mThis is a debug message from thread 1318-09-2026 00:29:33 [38;5;009m[ERROR]: [0mThis is a error message from thread 918-09-2026 00:29:33 [38;5;117m[DEBUG]: [0mThis is a debug message from thread 718-09-2026 00:29:33 [38;5;117m[DEBUG]: [0mThis is a debug message from thread 1018-09-2026 00:29:33 [38;5;015m[INFO]: [0mThis is a info message from thread 1818-09-2026 00:29:33 [38;5;009m[ERROR]: [0mThis is a error message from thread 818-09-2026 00:29:33 [38;5;117m[DEBUG]: [0mThis is a debug message from thread 1918-09-2026 00:29:33 [38;5;015m[INFO]: [0mThis is a info message from thread 2818-09-2026 00:29:33 [38;5;015m[INFO]: [0mThis is a info message from thread 1518-09-2026 00:29:33 [38;5;015m[INFO]: [0mThis is a info message from thread 2918-09-2026 00:29:33 [38;5;117m[DEBUG]: [0mThis is a debug message from thread 418-09-2026 00:29:33 [38;5;009m[ERROR]: [0mThis is a error message from thread 2918-09-2026 00:29:33 [38;5;009m[ERROR]: [0mThis is a error message from thread 618-09-2026 00:29:33 [38;5;015m[INFO]: [0mThis is a info message from thread 2218-09-2026 00:29:33 [38;5;117m[DEBUG]: [0mThis is a debug message from thread 518-09-2026 00:29:33 [38;5;015m[INFO]: [0mThis is a info message from thread 1318-09-2026 00:29:33 [38;5;015m[INFO]: [0mThis is a info message from thread 318-09-2026 00:29:33 [38;5;009m[ERROR]: [0mThis is a error message from thread 2218-09-2026 00:29:33 [38;5;117m[DEBUG]: [0mThis is a debug message from thread 918-09-2026 00:29:33 [38;5;009m[ERROR]: [0mThis is a error message from thread 318-09-2026 00:29:33 [38;5;015m[INFO]: [0mThis is a info message from thread 918-09-2026 00:29:33 [38;5;009m[ERROR]: [0mThis is a error message from thread 1818-09-2026 00:29:33 [38;5;117m[DEBUG]: [0mThis is a debug message from thread 318-09-2026 00:29:33 [38;5;117m[DEBUG]: [0mThis is a debug message from thread 2018-09-2026 00:29:33 [38;5;009m[ERROR]: [0mThis is a error message from thread 1118-09-2026 00:29:33 [38;5;009m[ERROR]: [0mThis is a error message from thread 2118-09-2026 00:29:33 [38;5;009m[ERROR]: [0mThis is a error message from thread 1518-09-2026 00:29:33 [38;5;015m[INFO]: [0mThis is a info message from thread 2418-09-2026 00:29:33 [38;5;117m[DEBUG]: [0mThis is a debug message from thread 1718-09-2026 00:29:33 [38;5;117m[DEBUG]: [0mThis is a debug message from thread 2118-09-2026 00:29:33 [38;5;009m[ERROR]: [0mThis is a error message from thread 2418-09-2026 00:29:33 [38;5;015m[INFO]: [0mThis is a info message from thread 2118-09-2026 00:29:33 [38;5;117m[DEBUG]: [0mThis is a debug message from thread 2618-09-2026 00:29:33 [38;5;015m[INFO]: [0mThis is a info message from thread 2618-09-2026 00:29:33 [38;5;009m[ERROR]: [0mThis is a error message from thread 1618-09-2026 00:29:33 [38;5;117m[DEBUG]: [0mThis is a debug message from thread 218-09-2026 00:29:33 [38;5;009m[ERROR]: [0mThis is a error message from thread 2618-09-2026 00:29:33 [38;5;117m[DEBUG]: [0mThis is a debug message from thread 1618-09-2026 00:29:33 [38;5;015m[INFO]: [0mThis is a info message from thread 418-09-2026 00:29:33 [38;5;117m[DEBUG]: [0mThis is a debug message from thread 2418-09-2026 00:29:33 [38;5;009m[ERROR]: [0mThis is a error message from thread 2118-09-2026 00:29:33 [38;5;015m[INFO]: [0mThis is a info message from thread 1618-09-2026 00:29:33 [38;5;015m[INFO]: [0mThis is a info message from thread 218-09-2026 00:29:33 [38;5;015m[INFO]: [0mThis is a info message from thread 318-09-2026 00:29:33 [38;5;009m[ERROR]: [0mThis is a error message from thread 418-09-2026 00:29:33 [38;5;009m[ERROR]: [0mThis is a error message from thread 1318-09-2026 00:29:33 [38;5;015m[INFO]: [0mThis is a info message from thread 1718-09-2026 00:29:33 [38;5;117m[DEBUG]: [0mThis is a debug message from thread 118-09-2026 00:29:33 [38;5;117m[DEBUG]: [0mThis is a debug message from thread 2318-09-2026 00:29:33 [38;5;015m[INFO]: [0mThis is a info message from thread 1918-09-2026 00:29:33 [38;5;009m[ERROR]: [0mThis is a error message from thread 1718-09-2026 00:29:33 [38;5;117m[DEBUG]: [0mThis is a debug message from thread 2518-09-2026 00:29:33 [38;5;015m[INFO]: [0mThis is a info message from thread 2318-09-2026 00:29:33 [38;5;117m[DEBUG]: [0mThis is a debug message from thread 1718-09-2026 00:29:33 [38;5;015m[INFO]: [0mThis is a info message from thread 2518-09-2026 00:29:33 [38;5;009m[ERROR]: [0mThis is a error message from thread 2318-09-2026 00:29:33 [38;5;015m[INFO]: [0mThis is a info message from thread 1718-09-2026 00:29:33 [38;5;009m[ERROR]: [0mThis is a error message from thread 2518-09-2026 00:29:33 [38;5;117m[DEBUG]: [0mThis is a debug message from thread 2318-09-2026 00:29:33 [38;5;009m[ERROR]: [0mThis is a error message from thread 1718-09-2026 00:29:33 [38;5;015m[INFO]: [0mThis is a info message from thread 2318-09-2026 00:29:33 [38;5;117m[DEBUG]: [0mThis is a debug message from thread 2518-09-2026 00:29:33 [38;5;117m[DEBUG]: [0mThis is a debug message from thread 1718-09-2026 00:29:33 [38;5;009m[ERROR]: [0mThis is a error message from thread 2318-09-2026 00:29:33 [38;5;015m[INFO]: [0mThis is a info message from thread 2518-09-2026 00:29:33 [38;5;117m[DEBUG]: [0mThis is a debug message from thread 2318-09-2026 00:29:33 [38;5;117m[DEBUG]: [0mThis is a debug message from thread 818-09-2026 00:29:33 [38;5;015m[INFO]: [0mThis is a info message from thread 118-09-2026 00:29:33 [38;5;015m[INFO]: [0mThis is a info message from thread 2318-09-2026 00:29:33 [38;5;015m[INFO]: [0mThis is a info message from thread 1718-09-2026 00:29:33 [38;5;015m[INFO]: [0mThis is a info message from thread 818-09-2026 00:29:33 [38;5;009m[ERROR]: [0mThis is a error message from thread 118-09-2026 00:29:33 [38;5;117m[DEBUG]: [0mThis is a debug message from thread 2718-09-2026 00:29:33 [38;5;015m[INFO]: [0mThis is a info message from thread 2718-09-2026 00:29:33 [38;5;009m[ERROR]: [0mThis is a error message from thread 918-09-2026 00:29:33 [38;5;009m[ERROR]: [0mThis is a error message from thread 1718-09-2026 00:29:33 [38;5;009m[ERROR]: [0mThis is a error message from thread 2318-09-2026 00:29:33 [38;5;009m[ERROR]: [0mThis is a error message from thread 2718-09-2026 00:29:33 [38;5;015m[INFO]: [0mThis is a info message from thread 718-09-2026 00:29:33 [38;5;117m[DEBUG]: [0mThis is a debug message from thread 2318-09-2026 00:29:33 [38;5;117m[DEBUG]: [0mThis is a debug message from thread 918-09-2026 00:29:33 [38;5;117m[DEBUG]: [0mThis is a debug message from thread 1818-09-2026 00:29:33 [38;5;117m[DEBUG]: [0mThis is a debug message from thread 1718-09-2026 00:29:33 [38;5;009m[ERROR]: [0mThis is a error message from thread 1418-09-2026 00:29:33 [38;5;015m[INFO]: [0mThis is a info message from thread 518-09-2026 00:29:33 [38;5;015m[INFO]: [0mThis is a info message from thread 2418-09-2026 00:29:33 [38;5;015m[INFO]: [0mThis is a info message from thread 2018-09-2026 00:29:33 [38;5;015m[INFO]: [0mThis is a info message from thread 2318-09-2026 00:29:33 [38;5;015m[INFO]: [0mThis is a info message from thread 1718-09-2026 00:29:33 [38;5;009m[ERROR]: [0mThis is a error message from thread 2418-09-2026 00:29:33 [38;5;117m[DEBUG]: [0mThis is a debug message from thread 2118-09-2026 00:29:33 [38;5;117m[DEBUG]: [0mThis is a debug message from thread 2718-09-2026 00:29:33 [38;5;117m[DEBUG]: [0mThis is a debug message from thread 1518-09-2026 00:29:33 [38;5;015m[INFO]: [0mThis is a info message from thread 2718-09-2026 00:29:33 [38;5;009m[ERROR]: [0mThis is a error message from thread 2018-09-2026 00:29:33 [38;5;117m[DEBUG]: [0mThis is a debug message from thread 1318-09-2026 00:29:33 [38;5;117m[DEBUG]: [0mThis is a debug message from thread 2018-09-2026 00:29:33 [38;5;015m[INFO]: [0mThis is a info message from thread 1318-09-2026 00:29:33 [38;5;015m[INFO]: [0mThis is a info message from thread 1518-09-2026 00:29:33 [38;5;015m[INFO]: [0mThis is a info message from thread 1018-09-2026 00:29:33 [38;5;009m[ERROR]: [0mThis is a error message from thread 1318-09-2026 00:29:33 [38;5;009m[ERROR]: [0mThis is a error message from thread 318-09-2026 00:29:33 [38;5;009m[ERROR]: [0mThis is a error message from thread 1018-09-2026 00:29:33 [38;5;117m[DEBUG]: [0mThis is a debug message from thread 418-09-2026 00:29:33 [38;5;117m[DEBUG]: [0mThis is a debug message from thread 2918-09-2026 00:29:33 [38;5;117m[DEBUG]: [0mThis is a debug message from thread 1118-09-2026 00:29:33 [38;5;015m[INFO]: [0mThis is a info message from thread 2118-09-2026 00:29:33 [38;5;117m[DEBUG]: [0mThis is a debug message from thread 118-09-2026 00:29:33 [38;5;009m[ERROR]: [0mThis is a error message from thread 2118-09-2026 00:29:33 [38;5;015m[INFO]: [0mThis is a info message from thread 118-09-2026 00:29:33 [38;5;117m[DEBUG]: [0mThis is a debug message from thread 2118-09-2026 00:29:33 [38;5;117m[DEBUG]: [0mThis is a debug message from thread 1418-09-2026 00:29:33 [38;5;009m[ERROR]: [0mThis is a error message from thread 118-09-2026 00:29:33 [38;5;015m[INFO]: [0mThis is a info message from thread 2118-09-2026 00:29:33 [38;5;117m[DEBUG]: [0mThis is a debug message from thread 118-09-2026 00:29:33 [38;5;009m[ERROR]: [0mThis is a error message from thread 2118-09-2026 00:29:33 [38;5;015m[INFO]: [0mThis is a info message from thread 1418-09-2026 00:29:33 [38;5;009m[ERROR]: [0mThis is a error message from thread 1618-09-2026 00:29:33 [38;5;015m[INFO]: [0mThis is a info message from thread 118-09-2026 00:29:33 [38;5;009m[ERROR]: [0mThis is a error message from thread 2518-09-2026 00:29:33 [38;5;117m[DEBUG]: [0mThis is a debug message from thread 2618-09-2026 00:29:33 [38;5;009m[ERROR]: [0mThis is a error message from thread 1718-09-2026 00:29:33 [38;5;117m[DEBUG]: [0mThis is a debug message from thread 1618-09-2026 00:29:33 [38;5;117m[DEBUG]: [0mThis is a debug message from thread 1718-09-2026 00:29:33 [38;5;015m[INFO]: [0mThis is a info message from thread 1718-09-2026 00:29:33 [38;5;015m[INFO]: [0mThis is a info message from thread 2618-09-2026 00:29:33 [38;5;009m[ERROR]: [0mThis is a error message from thread 2618-09-2026 00:29:33 [38;5;009m[ERROR]: [0mThis is a error message from thread 718-09-2026 00:29:33 [38;5;015m[INFO]: [0mThis is a info message from thread 1818-09-2026 00:29:33 [38;5;015m[INFO]: [0mThis is a info message from thread 2918-09-2026 00:29:33 [38;5;117m[DEBUG]: [0mThis is a debug message from thread 2418-09-2026 00:29:33 [38;5;117m[DEBUG]: [0mThis is a debug message from thread 2218-09-2026 00:29:33 [38;5;117m[DEBUG]: [0mThis is a debug message from thread 1318-09-2026 00:29:33 [38;5;015m[INFO]: [0mThis is a info message from thread 1618-09-2026 00:29:33 [38;5;015m[INFO]: [0mThis is a info message from thread 2418-09-2026 00:29:33 [38;5;117m[DEBUG]: [0mThis is a debug message from thread 718-09-2026 00:29:33 [38;5;009m[ERROR]: [0mThis is a error message from thread 1518-09-2026 00:29:33 [38;5;009m[ERROR]: [0mThis is a error message from thread 1618-09-2026 00:29:33 [38;5;009m[ERROR]: [0mThis is a error message from thread 2418-09-2026 00:29:33 [38;5;009m[ERROR]: [0mThis is a error message from thread 1718-09-2026 00:29:33 [38;5;117m[DEBUG]: [0mThis is a debug message from thread 2618-09-2026 00:29:33 [38;5;009m[ERROR]: [0mThis is a error message from thread 2718-09-2026 00:29:33 [38;5;015m[INFO]: [0mThis is a info message from thread 718-09-2026 00:29:33 [38;5;117m[DEBUG]: [0mThis is a debug message from thread 618-09-2026 00:29:33 [38;5;009m[ERROR]: [0mThis is a error message from thread 2818-09-2026 00:29:33 [38;5;117m[DEBUG]: [0mThis is a debug message from thread 1618-09-2026 00:29:33 [38;5;117m[DEBUG]: [0mThis is a debug message from thread 1518-09-2026 00:29:33 [38;5;117m[DEBUG]: [0mThis is a debug message from thread 2418-09-2026 00:29:33 [38;5;015m[INFO]: [0mThis is a info message from thread 2018-09-2026 00:29:33 [38;5;009m[ERROR]: [0mThis is a error message from thread 218-09-2026 00:29:33 [38;5;009m[ERROR]: [0mThis is a error message from thread 818-09-2026 00:29:33 [38;5;009m[ERROR]: [0mThis is a error message from thread 1918-09-2026 00:29:33 [38;5;015m[INFO]: [0mThis is a info message from thread 1518-09-2026 00:29:33 [38;5;117m[DEBUG]: [0mThis is a debug message from thread 218-09-2026 00:29:33 [38;5;015m[INFO]: [0mThis is a info message from thread 2218-09-2026 00:29:33 [38;5;015m[INFO]: [0mThis is a info message from thread 1618-09-2026 00:29:33 [38;5;117m[DEBUG]: [0mThis is a debug message from thread 318-09-2026 00:29:33 [38;5;009m[ERROR]: [0mThis is a error message from thread 718-09-2026 00:29:33 [38;5;015m[INFO]: [0mThis is a info message from thread 918-09-2026 00:29:33 [38;5;009m[ERROR]: [0mThis is a error message from thread 2318-09-2026 00:29:33 [38;5;117m[DEBUG]: [0mThis is a debug message from thread 818-09-2026 00:29:33 [38;5;009m[ERROR]: [0mThis is a error message from thread 1418-09-2026 00:29:33 [38;5;015m[INFO]: [0mThis is a info message from thread 2618-09-2026 00:29:33 [38;5;009m[ERROR]: [0mThis is a error message from thread 2018-09-2026 00:29:33 [38;5;015m[INFO]: [0mThis is a info message from thread 1318-09-2026 00:29:33 [38;5;117m[DEBUG]: [0mThis is a debug message from thread 1418-09-2026 00:29:33 [38;5;009m[ERROR]: [0mThis is a error message from thread 018-09-2026 00:29:33 [38;5;015m[INFO]: [0mThis is a info message from thread 218-09-2026 00:29:33 [38;5;015m[INFO]: [0mThis is a info message from thread 1218-09-2026 00:29:33 [38;5;015m[INFO]: [0mThis is a info message from thread 1118-09-2026 00:29:33 [38;5;009m[ERROR]: [0mThis is a error message from thread 1818-09-2026 00:29:33 [38;5;009m[ERROR]: [0mThis is a error message from thread 1218-09-2026 00:29:33 [38;5;009m[ERROR]: [0mThis is a error message from thread 1118-09-2026 00:29:33 [38;5;015m[INFO]: [0mThis is a info message from thread 1418-09-2026 00:29:33 [38;5;117m[DEBUG]: [0mThis is a debug message from thread 1018-09-2026 00:29:33 [38;5;117m[DEBUG]: [0mThis is a debug message from thread 018-09-2026 00:29:33 [38;5;117m[DEBUG]: [0mThis is a debug message from thread 1818-09-2026 00:29:33 [38;5;117m[DEBUG]: [0mThis is a debug message from thread 2018-09-2026 00:29:33 [38;5;015m[INFO]: [0mThis is a info message from thread 818-09-2026 00:29:33 [38;5;009m[ERROR]: [0mThis is a error message from thread 218-09-2026 00:29:33 [38;5;009m[ERROR]: [0mThis is a error message from thread 818-09-2026 00:29:33 [38;5;015m[INFO]: [0mThis is a info message from thread 1018-09-2026 00:29:33 [38;5;117m[DEBUG]: [0mThis is a debug message from thread 1218-09-2026 00:29:33 [38;5;117m[DEBUG]: [0mThis is a debug message from thread 1718-09-2026 00:29:33 [38;5;009m[ERROR]: [0mThis is a error message from thread 2918-09-2026 00:29:33 [38;5;117m[DEBUG]: [0mThis is a debug message from thread 2318-09-2026 00:29:33 [38;5;015m[INFO]: [0mThis is a info message from thread 1818-09-2026 00:29:33 [38;5;009m[ERROR]: [0mThis is a error message from thread 1418-09-2026 00:29:33 [38;5;015m[INFO]: [0mThis is a info message from thread 1718-09-2026 00:29:33 [38;5;009m[ERROR]: [0mThis is a error message from thread 518-09-2026 00:29:33 [38;5;117m[DEBUG]: [0mThis is a debug message from thread 1118-09-2026 00:29:33 [38;5;117m[DEBUG]: [0mThis is a debug message from thread 2918-09-2026 00:29:33 [38;5;117m[DEBUG]: [0mThis is a debug message from thread 518-09-2026 00:29:33 [38;5;015m[INFO]: [0mThis is a info message from thread 2918-09-2026 00:29:33 [38;5;009m[ERROR]: [0mThis is a error message from thread 1018-09-2026 00:29:33 [38;5;015m[INFO]: [0mThis is a info message from thread 2018-09-2026 00:29:33 [38;5;015m[INFO]: [0mThis is a info message from thread 1118-09-2026 00:29:33 [38;5;009m[ERROR]: [0mThis is a error message from thread 1718-09-2026 00:29:33 [38;5;009m[ERROR]: [0mThis is a error message from thread 1518-09-2026 00:29:33 [38;5;009m[ERROR]: [0mThis is a error message from thread 1318-09-2026 00:29:33 [38;5;015m[INFO]: [0mThis is a info message from thread 2318-09-2026 00:29:33 [38;5;009m[ERROR]: [0mThis is a error message from thread 2918-09-2026 00:29:33 [38;5;009m[ERROR]: [0mThis is a error message from thread 2318-09-2026 00:29:33 [38;5;009m[ERROR]: [0mThis is a error message from thread 1118-09-2026 00:29:33 [38;5;117m[DEBUG]: [0mThis is a debug message from thread 1518-09-2026 00:29:33 [38;5;117m[DEBUG]: [0mThis is a debug message from thread 1118-09-2026 00:29:33 [38;5;015m[INFO]: [0mThis is a info message from thread 018-09-2026 00:29:33 [38;5;015m[INFO]: [0mThis is a info message from thread 2418-09-2026 00:29:33 [38;5;117m[DEBUG]: [0mThis is a debug message from thread 2718-09-2026 00:29:33 [38;5;009m[ERROR]: [0mThis is a error message from thread 2018-09-2026 00:29:33 [38;5;009m[ERROR]: [0mThis is a error message from thread 118-09-2026 00:29:33 [38;5;117m[DEBUG]: [0mThis is a debug message from thread 1918-09-2026 00:29:33 [38;5;009m[ERROR]: [0mThis is a error message from thread 2418-09-2026 00:29:33 [38;5;009m[ERROR]: [0mThis is a error message from thread 2218-09-2026 00:29:33 [38;5;015m[INFO]: [0mThis is a info message from thread 1918-09-2026 00:29:33 [38;5;015m[INFO]: [0mThis is a info message from thread 318-09-2026 00:29:33 [38;5;117m[DEBUG]: [0mThis is a debug message from thread 818-09-2026 00:29:33 [38;5;117m[DEBUG]: [0mThis is a debug message from thread 218-09-2026 00:29:33 [38;5;117m[DEBUG]: [0mThis is a debug message from thread 2018-09-2026 00:29:33 [38;5;117m[DEBUG]: [0mThis is a debug message from thread 2818-09-2026 00:29:33 [38;5;009m[ERROR]: [0mThis is a error message from thread 1918-09-2026 00:29:33 [38;5;009m[ERROR]: [0mThis is a error message from thread 918-09-2026 00:29:33 [38;5;015m[INFO]: [0mThis is a info message from thread 218-09-2026 00:29:33 [38;5;015m[INFO]: [0mThis is a info message from thread 518-09-2026 00:29:33 [38;5;015m[INFO]: [0mThis is a info message from thread 2018-09-2026 00:29:33 [38;5;009m[ERROR]: [0mThis is a error message from thread 218-09-2026 00:29:33 [38;5;117m[DEBUG]: [0mThis is a debug message from thread 1418-09-2026 00:29:33 [38;5;117m[DEBUG]: [0mThis is a debug message from thread 118-09-2026 00:29:33 [38;5;009m[ERROR]: [0mThis is a error message from thread 2618-09-2026 00:29:33 [38;5;009m[ERROR]: [0mThis is a error message from thread 318-09-2026 00:29:33 [38;5;117m[DEBUG]: [0mThis is a debug message from thread 1318-09-2026 00:29:33 [38;5;015m[INFO]: [0mThis is a info message from thread 2818-09-2026 00:29:33 [38;5;117m[DEBUG]: [0mThis is a debug message from thread 2118-09-2026 00:29:33 [38;5;117m[DEBUG]: [0mThis is a debug message from thread 318-09-2026 00:29:33 [38;5;009m[ERROR]: [0mThis is a error message from thread 1618-09-2026 00:29:33 [38;5;015m[INFO]: [0mThis is a info message from thread 318-09-2026 00:29:33 [38;5;015m[INFO]: [0mThis is a info message from thread 2718-09-2026 00:29:33 [38;5;117m[DEBUG]: [0mThis is a debug message from thread 2418-09-2026 00:29:33 [38;5;015m[INFO]: [0mThis is a info message from thread 1318-09-2026 00:29:33 [38;5;117m[DEBUG]: [0mThis is a debug message from thread 2618-09-2026 00:29:33 [38;5;009m[ERROR]: [0mThis is a error message from thread 318-09-2026 00:29:33 [38;5;009m[ERROR]: [0mThis is a error message from thread 2818-09-2026 00:29:33 [38;5;117m[DEBUG]: [0mThis is a debug message from thread 2218-09-2026 00:29:33 [38;5;009m[ERROR]: [0mThis is a error message from thread 2718-09-2026 00:29:33 [38;5;117m[DEBUG]: [0mThis is a debug message from thread 318-09-2026 00:29:33 [38;5;015m[INFO]: [0mThis is a info message from thread 2218-09-2026 00:29:33 [38;5;117m[DEBUG]: [0mThis is a debug message from thread 2318-09-2026 00:29:33 [38;5;117m[DEBUG]: [0mThis is a debug message from thread 1918-09-2026 00:29:33 [38;5;015m[INFO]: [0mThis is a info message from thread 318-09-2026 00:29:33 [38;5;015m[INFO]: [0mThis is a info message from thread 2118-09-2026 00:29:33 [38;5;117m[DEBUG]: [0mThis is a debug message from thread 918-09-2026 00:29:33 [38;5;009m[ERROR]: [0mThis is a error message from thread 1318-09-2026 00:29:33 [38;5;015m[INFO]: [0mThis is a info message from thread 1918-09-2026 00:29:33 [38;5;009m[ERROR]: [0mThis is a error message from thread 318-09-2026 00:29:33 [38;5;015m[INFO]: [0mThis is a info message from thread 1418-09-2026 00:29:33 [38;5;015m[INFO]: [0mThis is a info message from thread 618-09-2026 00:29:33 [38;5;015m[INFO]: [0mThis is a info message from thread 1118-09-2026 00:29:33 [38;5;015m[INFO]: [0mThis is a info message from thread 918-09-2026 00:29:33 [38;5;009m[ERROR]: [0mThis is a error message from thread 1918-09-2026 00:29:33 [38;5;015m[INFO]: [0mThis is a info message from thread 2318-09-2026 00:29:33 [38;5;117m[DEBUG]: [0mThis is a debug message from thread 2718-09-2026 00:29:33 [38;5;117m[DEBUG]: [0mThis is a debug message from thread 1718-09-2026 00:29:33 [38;5;015m[INFO]: [0mThis is a info message from thread 818-09-2026 00:29:33 [38;5;117m[DEBUG]: [0mThis is a debug message from thread 1318-09-2026 00:29:33 [38;5;009m[ERROR]: [0mThis is a error message from thread 1118-09-2026 00:29:33 [38;5;009m[ERROR]: [0mThis is a error message from thread 018-09-2026 00:29:33 [38;5;117m[DEBUG]: [0mThis is a debug message from thread 318-09-2026 00:29:33 [38;5;117m[DEBUG]: [0mThis is a debug message from thread 218-09-2026 00:29:33 [38;5;117m[DEBUG]: [0mThis is a debug message from thread 1918-09-2026 00:29:33 [38;5;117m[DEBUG]: [0mThis is a debug message from thread 1618-09-2026 00:29:33 [38;5;015m[INFO]: [0mThis is a info message from thread 2418-09-2026 00:29:33 [38;5;015m[INFO]: [0mThis is a info message from thread 418-09-2026 00:29:33 [38;5;117m[DEBUG]: [0mThis is a debug message from thread 2518-09-2026 00:29:33 [38;5;015m[INFO]: [0mThis is a info message from thread 118-09-2026 00:29:33 [38;5;015m[INFO]: [0mThis is a info message from thread 218-09-2026 00:29:33 [38;5;015m[INFO]: [0mThis is a info message from thread 2518-09-2026 00:29:33 [38;5;015m[INFO]: [0mThis is a info message from thread 2718-09-2026 00:29:33 [38;5;117m[DEBUG]: [0mThis is a debug message from thread 018-09-2026 00:29:33 [38;5;009m[ERROR]: [0mThis is a error message from thread 418-09-2026 00:29:33 [38;5;015m[INFO]: [0mThis is a info message from thread 018-09-2026 00:29:33 [38;5;015m[INFO]: [0mThis is a info message from thread 1918-09-2026 00:29:33 [38;5;117m[DEBUG]: [0mThis is a debug message from thread 418-09-2026 00:29:33 [38;5;009m[ERROR]: [0mThis is a error message from thread 2418-09-2026 00:29:33 [38;5;009m[ERROR]: [0mThis is a error message from thread 1918-09-2026 00:29:33 [38;5;009m[ERROR]: [0mThis is a error message from thread 1418-09-2026 00:29:33 [38;5;009m[ERROR]: [0mThis is a error message from thread 2718-09-2026 00:29:33 [38;5;015m[INFO]: [0mThis is a info message from thread 1318-09-2026 00:29:33 [38;5;009m[ERROR]: [0mThis is a error message from thread 118-09-2026 00:29:33 [38;5;009m[ERROR]: [0mThis is a error message from thread 2018-09-2026 00:29:33 [38;5;009m[ERROR]: [0mThis is a error message from thread 818-09-2026 00:29:33 [38;5;117m[DEBUG]: [0mThis is a debug message from thread 718-09-2026 00:29:33 [38;5;117m[DEBUG]: [0mThis is a debug message from thread 1418-09-2026 00:29:33 [38;5;015m[INFO]: [0mThis is a info message from thread 318-09-2026 00:29:33 [38;5;015m[INFO]: [0mThis is a info message from thread 1618-09-2026 00:29:33 [38;5;009m[ERROR]: [0mThis is a error message from thread 2218-09-2026 00:29:33 [38;5;009m[ERROR]: [0mThis is a error message from thread 618-09-2026 00:29:33 [38;5;009m[ERROR]: [0mThis is a error message from thread 1818-09-2026 00:29:33 [38;5;015m[INFO]: [0mThis is a info message from thread 1718-09-2026 00:29:33 [38;5;117m[DEBUG]: [0mThis is a debug message from thread 2018-09-2026 00:29:33 [38;5;009m[ERROR]: [0mThis is a error message from thread 2518-09-2026 00:29:33 [38;5;117m[DEBUG]: [0mThis is a debug message from thread 118-09-2026 00:29:33 [38;5;117m[DEBUG]: [0mThis is a debug message from thread 2718-09-2026 00:29:33 [38;5;117m[DEBUG]: [0mThis is a debug message from thread 2518-09-2026 00:29:33 [38;5;117m[DEBUG]: [0mThis is a debug message from thread 618-09-2026 00:29:33 [38;5;117m[DEBUG]: [0mThis is a debug message from thread 1918-09-2026 00:29:33 [38;5;015m[INFO]: [0mThis is a info message from thread 2518-09-2026 00:29:33 [38;5;117m[DEBUG]: [0mThis is a debug message from thread 2218-09-2026 00:29:33 [38;5;009m[ERROR]: [0mThis is a error message from thread 1618-09-2026 00:29:33 [38;5;009m[ERROR]: [0mThis is a error message from thread 218-09-2026 00:29:33 [38;5;015m[INFO]: [0mThis is a info message from thread 1918-09-2026 00:29:33 [38;5;117m[DEBUG]: [0mThis is a debug message from thread 2818-09-2026 00:29:33 [38;5;015m[INFO]: [0mThis is a info message from thread 2818-09-2026 00:29:33 [38;5;117m[DEBUG]: [0mThis is a debug message from thread 1818-09-2026 00:29:33 [38;5;015m[INFO]: [0mThis is a info message from thread 1818-09-2026 00:29:33 [38;5;015m[INFO]: [0mThis is a info message from thread 2718-09-2026 00:29:33 [38;5;015m[INFO]: [0mThis is a info message from thread 618-09-2026 00:29:33 [38;5;117m[DEBUG]: [0mThis is a debug message from thread 218-09-2026 00:29:33 [38;5;117m[DEBUG]: [0mThis is a debug message from thread 1618-09-2026 00:29:33 [38;5;009m[ERROR]: [0mThis is a error message from thread 1818-09-2026 00:29:33 [38;5;015m[INFO]: [0mThis is a info message from thread 1618-09-2026 00:29:33 [38;5;015m[INFO]: [0mThis is a info message from thread 218-09-2026 00:29:33 [38;5;009m[ERROR]: [0mThis is a error message from thread 2718-09-2026 00:29:33 [38;5;009m[ERROR]: [0mThis is a error message from thread 618-09-2026 00:29:33 [38;5;009m[ERROR]: [0mThis is a error message from thread 2318-09-2026 00:29:33 [38;5;015m[INFO]: [0mThis is a info message from thread 2218-09-2026 00:29:33 [38;5;009m[ERROR]: [0mThis is a error message from thread 2218-09-2026 00:29:33 [38;5;009m[ERROR]: [0mThis is a error message from thread 2818-09-2026 00:29:33 [38;5;117m[DEBUG]: [0mThis is a debug message from thread 1818-09-2026 00:29:33 [38;5;015m[INFO]: [0mThis is a info message from thread 1518-09-2026 00:29:33 [38;5;009m[ERROR]: [0mThis is a error message from thread 2518-09-2026 00:29:33 [38;5;009m[ERROR]: [0mThis is a error message from thread 1318-09-2026 00:29:33 [38;5;117m[DEBUG]: [0mThis is a debug message from thread 2218-09-2026 00:29:33 [38;5;015m[INFO]: [0mThis is a info message from thread 2018-09-2026 00:29:33 [38;5;117m[DEBUG]: [0mThis is a debug message from thread 2518-09-2026 00:29:33 [38;5;009m[ERROR]: [0mThis is a error message from thread 1518-09-2026 00:29:33 [38;5;117m[DEBUG]: [0mThis is a debug message from thread 818-09-2026 00:29:33 [38;5;009m[ERROR]: [0mThis is a error message from thread 1918-09-2026 00:29:33 [38;5;009m[ERROR]: [0mThis is a error message from thread 1718-09-2026 00:29:33 [38;5;009m[ERROR]: [0mThis is a error message from thread 2018-09-2026 00:29:33 [38;5;015m[INFO]: [0mThis is a info message from thread 118-09-2026 00:29:33 [38;5;009m[ERROR]: [0mThis is a error message from thread 218-09-2026 00:29:33 [38;5;015m[INFO]: [0mThis is a info message from thread 718-09-2026 00:29:33 [38;5;009m[ERROR]: [0mThis is a error message from thread 918-09-2026 00:29:33 [38;5;117m[DEBUG]: [0mThis is a debug message from thread 1918-09-2026 00:29:33 [38;5;117m[DEBUG]: [0mThis is a debug message from thread 2718-09-2026 00:29:33 [38;5;117m[DEBUG]: [0mThis is a debug message from thread 2318-09-2026 00:29:33 [38;5;117m[DEBUG]: [0mThis is a debug message from thread 918-09-2026 00:29:33 [38;5;015m[INFO]: [0mThis is a info message from thread 1918-09-2026 00:29:33 [38;5;015m[INFO]: [0mThis is a info message from thread 2218-09-2026 00:29:33 [38;5;117m[DEBUG]: [0mThis is a debug message from thread 2018-09-2026 00:29:33 [38;5;117m[DEBUG]: [0mThis is a debug message from thread 2418-09-2026 00:29:33 [38;5;117m[DEBUG]: [0mThis is a debug message from thread 1318-09-2026 00:29:33 [38;5;117m[DEBUG]: [0mThis is a debug message from thread 1718-09-2026 00:29:33 [38;5;009m[ERROR]: [0mThis is a error message from thread 1618-09-2026 00:29:33 [38;5;015m[INFO]: [0mThis is a info message from thread 418-09-2026 00:29:33 [38;5;117m[DEBUG]: [0mThis is a debug message from thread 618-09-2026 00:29:33 [38;5;015m[INFO]: [0mThis is a info message from thread 2018-09-2026 00:29:33 [38;5;015m[INFO]: [0mThis is a info message from thread 1718-09-2026 00:29:33 [38;5;009m[ERROR]: [0mThis is a error message from thread 518-09-2026 00:29:33 [38;5;015m[INFO]: [0mThis is a info message from thread 2518-09-2026 00:29:33 [38;5;015m[INFO]: [0mThis is a info message from thread 2418-09-2026 00:29:33 [38;5;015m[INFO]: [0mThis is a info message from thread 2618-09-2026 00:29:33 [38;5;015m[INFO]: [0mThis is a info message from thread 918-09-2026 00:29:33 [38;5;117m[DEBUG]: [0mThis is a debug message from thread 1118-09-2026 00:29:33 [38;5;015m[INFO]: [0mThis is a info message from thread 2718-09-2026 00:29:33 [38;5;015m[INFO]: [0mThis is a info message from thread 1818-09-2026 00:29:33 [38;5;015m[INFO]: [0mThis is a info message from thread 818-09-2026 00:29:33 [38;5;117m[DEBUG]: [0mThis is a debug message from thread 1018-09-2026 00:29:33 [38;5;009m[ERROR]: [0mThis is a error message from thread 318-09-2026 00:29:33 [38;5;009m[ERROR]: [0mThis is a error message from thread 2418-09-2026 00:29:33 [38;5;015m[INFO]: [0mThis is a info message from thread 2318-09-2026 00:29:33 [38;5;009m[ERROR]: [0mThis is a error message from thread 1818-09-2026 00:29:33 [38;5;009m[ERROR]: [0mThis is a error message from thread 1718-09-2026 00:29:33 [38;5;009m[ERROR]: [0mThis is a error message from thread 2618-09-2026 00:29:33 [38;5;015m[INFO]: [0mThis is a info message from thread 1118-09-2026 00:29:33 [38;5;015m[INFO]: [0mThis is a info message from thread 1018-09-2026 00:29:33 [38;5;015m[INFO]: [0mThis is a info message from thread 1318-09-2026 00:29:33 [38;5;117m[DEBUG]: [0mThis is a debug message from thread 318-09-2026 00:29:33 [38;5;009m[ERROR]: [0mThis is a error message from thread 2318-09-2026 00:29:33 [38;5;117m[DEBUG]: [0mThis is a debug message from thread 2818-09-2026 00:29:33 [38;5;117m[DEBUG]: [0mThis is a debug message from thread 2618-09-2026 00:29:33 [38;5;015m[INFO]: [0mThis is a info message from thread 318-09-2026 00:29:33 [38;5;117m[DEBUG]: [0mThis is a debug message from thread 518-09-2026 00:29:33 [38;5;117m[DEBUG]: [0mThis is a debug message from thread 1818-09-2026 00:29:33 [38;5;009m[ERROR]: [0mThis is a error message from thread 1918-09-2026 00:29:33 [38;5;117m[DEBUG]: [0mThis is a debug message from thread 218-09-2026 00:29:33 [38;5;009m[ERROR]: [0mThis is a error message from thread 1018-09-2026 00:29:33 [38;5;015m[INFO]: [0mThis is a info message from thread 2818-09-2026 00:29:33 [38;5;015m[INFO]: [0mThis is a info message from thread 2618-09-2026 00:29:33 [38;5;015m[INFO]: [0mThis is a info message from thread 1818-09-2026 00:29:33 [38;5;015m[INFO]: [0mThis is a info message from thread 218-09-2026 00:29:33 [38;5;015m[INFO]: [0mThis is a info message from thread 618-09-2026 00:29:33 [38;5;009m[ERROR]: [0mThis is a error message from thread 2618-09-2026 00:29:33 [38;5;009m[ERROR]: [0mThis is a error message from thread 818-09-2026 00:29:33 [38;5;009m[ERROR]: [0mThis is a error message from thread 318-09-2026 00:29:33 [38;5;117m[DEBUG]: [0mThis is a debug message from thread 2318-09-2026 00:29:33 [38;5;015m[INFO]: [0mThis is a info message from thread 1418-09-2026 00:29:33 [38;5;009m[ERROR]: [0mThis is a error message from thread 618-09-2026 00:29:33 [38;5;009m[ERROR]: [0mThis is a error message from thread 1818-09-2026 00:29:33 [38;5;009m[ERROR]: [0mThis is a error message from thread 218-09-2026 00:29:33 [38;5;117m[DEBUG]: [0mThis is a debug message from thread 1718-09-2026 00:29:33 [38;5;117m[DEBUG]: [0mThis is a debug message from thread 2618-09-2026 00:29:33 [38;5;015m[INFO]: [0mThis is a info message from thread 2318-09-2026 00:29:33 [38;5;117m[DEBUG]: [0mThis is a debug message from thread 1818-09-2026 00:29:33 [38;5;009m[ERROR]: [0mThis is a error message from thread 2718-09-2026 00:29:33 [38;5;117m[DEBUG]: [0mThis is a debug message from thread 218-09-2026 00:29:33 [38;5;015m[INFO]: [0mThis is a info message from thread 2618-09-2026 00:29:33 [38;5;015m[INFO]: [0mThis is a info message from thread 1718-09-2026 00:29:33 [38;5;117m[DEBUG]: [0mThis is a debug message from thread 2718-09-2026 00:29:33 [38;5;009m[ERROR]: [0mThis is a error message from thread 2318-09-2026 00:29:33 [38;5;009m[ERROR]: [0mThis is a error message from thread 718-09-2026 00:29:33 [38;5;009m[ERROR]: [0mThis is a error message from thread 2118-09-2026 00:29:33 [38;5;009m[ERROR]: [0mThis is a error message from thread 1718-09-2026 00:29:33 [38;5;009m[ERROR]: [0mThis is a error message from thread 418-09-2026 00:29:33 [38;5;117m[DEBUG]: [0mThis is a debug message from thread 2318-09-2026 00:29:33 [38;5;009m[ERROR]: [0mThis is a error message from thread 1118-09-2026 00:29:33 [38;5;015m[INFO]: [0mThis is a info message from thread 518-09-2026 00:29:33 [38;5;117m[DEBUG]: [0mThis is a debug message from thread 1718-09-2026 00:29:33 [38;5;009m[ERROR]: [0mThis is a error message from thread 918-09-2026 00:29:33 [38;5;117m[DEBUG]: [0mThis is a debug message from thread 318-09-2026 00:29:33 [38;5;009m[ERROR]: [0mThis is a error message from thread 2618-09-2026 00:29:33 [38;5;117m[DEBUG]: [0mThis is a debug message from thread 718-09-2026 00:29:33 [38;5;117m[DEBUG]: [0mThis is a debug message from thread 918-09-2026 00:29:33 [38;5;009m[ERROR]: [0mThis is a error message from thread 018-09-2026 00:29:33 [38;5;009m[ERROR]: [0mThis is a error message from thread 2218-09-2026 00:29:33 [38;5;117m[DEBUG]: [0mThis is a debug message from thread 418-09-2026 00:29:33 [38;5;015m[INFO]: [0mThis is a info message from thread 1718-09-2026 00:29:33 [38;5;117m[DEBUG]: [0mThis is a debug message from thread 018-09-2026 00:29:33 [38;5;015m[INFO]: [0mThis is a info message from thread 718-09-2026 00:29:33 [38;5;015m[INFO]: [0mThis is a info message from thread 018-09-2026 00:29:33 [38;5;117m[DEBUG]: [0mThis is a debug message from thread 1518-09-2026 00:29:33 [38;5;117m[DEBUG]: [0mThis is a debug message from thread 1018-09-2026 00:29:33 [38;5;117m[DEBUG]: [0mThis is a debug message from thread 2418-09-2026 00:29:33 [38;5;015m[INFO]: [0mThis is a info message from thread 318-09-2026 00:29:33 [38;5;009m[ERROR]: [0mThis is a error message from thread 718-09-2026 00:29:33 [38;5;117m[DEBUG]: [0mThis is a debug message from thread 618-09-2026 00:29:33 [38;5;015m[INFO]: [0mThis is a info message from thread 1018-09-2026 00:29:33 [38;5;009m[ERROR]: [0mThis is a error message from thread 1318-09-2026 00:29:33 [38;5;117m[DEBUG]: [0mThis is a debug message from thread 1918-09-2026 00:29:33 [38;5;117m[DEBUG]: [0mThis is a debug message from thread 1618-09-2026 00:29:33 [38;5;015m[INFO]: [0mThis is a info message from thread 918-09-2026 00:29:33 [38;5;117m[DEBUG]: [0mThis is a debug message from thread 1118-09-2026 00:29:33 [38;5;009m[ERROR]: [0mThis is a error message from thread 1018-09-2026 00:29:33 [38;5;009m[ERROR]: [0mThis is a error message from thread 2818-09-2026 00:29:33 [38;5;015m[INFO]: [0mThis is a info message from thread 2418-09-2026 00:29:33 [38;5;117m[DEBUG]: [0mThis is a debug message from thread 2818-09-2026 00:29:33 [38;5;117m[DEBUG]: [0mThis is a debug message from thread 2118-09-2026 00:29:33 [38;5;015m[INFO]: [0mThis is a info message from thread 618-09-2026 00:29:33 [38;5;009m[ERROR]: [0mThis is a error message from thread 018-09-2026 00:29:33 [38;5;015m[INFO]: [0mThis is a info message from thread 2118-09-2026 00:29:33 [38;5;009m[ERROR]: [0mThis is a error message from thread 2418-09-2026 00:29:33 [38;5;009m[ERROR]: [0mThis is a error message from thread 318-09-2026 00:29:33 [38;5;009m[ERROR]: [0mThis is a error message from thread 2518-09-2026 00:29:33 [38;5;117m[DEBUG]: [0mThis is a debug message from thread 018-09-2026 00:29:33 [38;5;117m[DEBUG]: [0mThis is a debug message from thread 2918-09-2026 00:29:33 [38;5;009m[ERROR]: [0mThis is a error message from thread 1418-09-2026 00:29:33 [38;5;117m[DEBUG]: [0mThis is a debug message from thread 2218-09-2026 00:29:33 [38;5;015m[INFO]: [0mThis is a info message from thread 1118-09-2026 00:29:33 [38;5;015m[INFO]: [0mThis is a info message from thread 018-09-2026 00:29:33 [38;5;117m[DEBUG]: [0mThis is a debug message from thread 2518-09-2026 00:29:33 [38;5;015m[INFO]: [0mThis is a info message from thread 2318-09-2026 00:29:33 [38;5;009m[ERROR]: [0mThis is a error message from thread 2118-09-2026 00:29:33 [38;5;117m[DEBUG]: [0mThis is a debug message from thread 1418-09-2026 00:29:33 [38;5;015m[INFO]: [0mThis is a info message from thread 2918-09-2026 00:29:33 [38;5;009m[ERROR]: [0mThis is a error message from thread 2018-09-2026 00:29:33 [38;5;015m[INFO]: [0mThis is a info message from thread 418-09-2026 00:29:33 [38;5;117m[DEBUG]: [0mThis is a debug message from thread 2118-09-2026 00:29:33 [38;5;015m[INFO]: [0mThis is a info message from thread 2718-09-2026 00:29:33 [38;5;015m[INFO]: [0mThis is a info message from thread 2118-09-2026 00:29:33 [38;5;009m[ERROR]: [0mThis is a error message from thread 2318-09-2026 00:29:33 [38;5;009m[ERROR]: [0mThis is a error message from thread 018-09-2026 00:29:33 [38;5;009m[ERROR]: [0mThis is a error message from thread 2718-09-2026 00:29:33 [38;5;009m[ERROR]: [0mThis is a error message from thread 518-09-2026 00:29:33 [38;5;009m[ERROR]: [0mThis is a error message from thread 418-09-2026 00:29:33 [38;5;015m[INFO]: [0mThis is a info message from thread 2218-09-2026 00:29:33 [38;5;117m[DEBUG]: [0mThis is a debug message from thread 2418-09-2026 00:29:33 [38;5;117m[DEBUG]: [0mThis is a debug message from thread 2718-09-2026 00:29:33 [38;5;117m[DEBUG]: [0mThis is a debug message from thread 1018-09-2026 00:29:33 [38;5;015m[INFO]: [0mThis is a info message from thread 2718-09-2026 00:29:33 [38;5;015m[INFO]: [0mThis is a info message from thread 2818-09-2026 00:29:33 [38;5;117m[DEBUG]: [0mThis is a debug message from thread 2018-09-2026 00:29:33 [38;5;009m[ERROR]: [0mThis is a error message from thread 118-09-2026 00:29:33 [38;5;015m[INFO]: [0mThis is a info message from thread 1018-09-2026 00:29:33 [38;5;015m[INFO]: [0mThis is a info message from thread 2018-09-2026 00:29:33 [38;5;117m[DEBUG]: [0mThis is a debug message from thread 518-09-2026 00:29:33 [38;5;117m[DEBUG]: [0mThis is a debug message from thread 118-09-2026 00:29:33 [38;5;009m[ERROR]: [0mThis is a error message from thread 2018-09-2026 00:29:33 [38;5;009m[ERROR]: [0mThis is a error message from thread 2918-09-2026 00:29:33 [38;5;015m[INFO]: [0mThis is a info message from thread 518-09-2026 00:29:33 [38;5;009m[ERROR]: [0mThis is a error message from thread 618-09-2026 00:29:33 [38;5;117m[DEBUG]: [0mThis is a debug message from thread 2318-09-2026 00:29:33 [38;5;015m[INFO]: [0mThis is a info message from thread 1818-09-2026 00:29:33 [38;5;009m[ERROR]: [0mThis is a error message from thread 1018-09-2026 00:29:33 [38;5;015m[INFO]: [0mThis is a info message from thread 218-09-2026 00:29:33 [38;5;117m[DEBUG]: [0mThis is a debug message from thread 1018-09-2026 00:29:33 [38;5;009m[ERROR]: [0mThis is a error message from thread 1818-09-2026 00:29:33 [38;5;117m[DEBUG]: [0mThis is a debug message from thread 2918-09-2026 00:29:33 [38;5;015m[INFO]: [0mThis is a info message from thread 1418-09-2026 00:29:33 [38;5;117m[DEBUG]: [0mThis is a debug message from thread 718-09-2026 00:29:33 [38;5;015m[INFO]: [0mThis is a info message from thread 1218-09-2026 00:29:33 [38;5;117m[DEBUG]: [0mThis is a debug message from thread 618-09-2026 00:29:33 [38;5;015m[INFO]: [0mThis is a info message from thread 718-09-2026 00:29:33 [38;5;009m[ERROR]: [0mThis is a error message from thread 1218-09-2026 00:29:33 [38;5;009m[ERROR]: [0mThis is a error message from thread 918-09-2026 00:29:33 [38;5;009m[ERROR]: [0mThis is a error message from thread 718-09-2026 00:29:33 [38;5;015m[INFO]: [0mThis is a info message from thread 2918-09-2026 00:29:33 [38;5;117m[DEBUG]: [0mThis is a debug message from thread 918-09-2026 00:29:33 [38;5;015m[INFO]: [0mThis is a info message from thread 918-09-2026 00:29:33 [38;5;117m[DEBUG]: [0mThis is a debug message from thread 1218-09-2026 00:29:33 [38;5;009m[ERROR]: [0mThis is a error message from thread 918-09-2026 00:29:33 [38;5;117m[DEBUG]: [0mThis is a debug message from thread 718-09-2026 00:29:33 [38;5;015m[INFO]: [0mThis is a info message from thread 1218-09-2026 00:29:33 [38;5;117m[DEBUG]: [0mThis is a debug message from thread 918-09-2026 00:29:33 [38;5;009m[ERROR]: [0mThis is a error message from thread 2918-09-2026 00:29:33 [38;5;009m[ERROR]: [0mThis is a error message from thread 1118-09-2026 00:29:33 [38;5;015m[INFO]: [0mThis is a info message from thread 618-09-2026 00:29:33 [38;5;117m[DEBUG]: [0mThis is a debug message from thread 1318-09-2026 00:29:33 [38;5;015m[INFO]: [0mThis is a info message from thread 1618-09-2026 00:29:33 [38;5;117m[DEBUG]: [0mThis is a debug message from thread 818-09-2026 00:29:33 [38;5;009m[ERROR]: [0mThis is a error message from thread 1618-09-2026 00:29:33 [38;5;009m[ERROR]: [0mThis is a error message from thread 218-09-2026 00:29:33 [38;5;009m[ERROR]: [0mThis is a error message from thread 1718-09-2026 00:29:33 [38;5;015m[INFO]: [0mThis is a info message from thread 818-09-2026 00:29:33 [38;5;015m[INFO]: [0mThis is a info message from thread 1318-09-2026 00:29:33 [38;5;015m[INFO]: [0mThis is a info message from thread 918-09-2026 00:29:33 [38;5;015m[INFO]: [0mThis is a info message from thread 2418-09-2026 00:29:33 [38;5;117m[DEBUG]: [0mThis is a debug message from thread 2618-09-2026 00:29:33 [38;5;009m[ERROR]: [0mThis is a error message from thread 1418-09-2026 00:29:33 [38;5;009m[ERROR]: [0mThis is a error message from thread 1218-09-2026 00:29:33 [38;5;009m[ERROR]: [0mThis is a error message from thread 618-09-2026 00:29:33 [38;5;009m[ERROR]: [0mThis is a error message from thread 2118-09-2026 00:29:33 [38;5;009m[ERROR]: [0mThis is a error message from thread 2818-09-2026 00:29:33 [38;5;015m[INFO]: [0mThis is a info message from thread 1518-09-2026 00:29:33 [38;5;009m[ERROR]: [0mThis is a error message from thread 918-09-2026 00:29:33 [38;5;009m[ERROR]: [0mThis is a error message from thread 818-09-2026 00:29:33 [38;5;009m[ERROR]: [0mThis is a error message from thread 518-09-2026 00:29:33 [38;5;015m[INFO]: [0mThis is a info message from thread 1018-09-2026 00:29:33 [38;5;015m[INFO]: [0mThis is a info message from thread 2318-09-2026 00:29:33 [38;5;015m[INFO]: [0mThis is a info message from thread 1918-09-2026 00:29:33 [38;5;117m[DEBUG]: [0mThis is a debug message from thread 1718-09-2026 00:29:33 [38;5;117m[DEBUG]: [0mThis is a debug message from thread 418-09-2026 00:29:33 [38;5;009m[ERROR]: [0mThis is a error message from thread 2218-09-2026 00:29:33 [38;5;117m[DEBUG]: [0mThis is a debug message from thread 918-09-2026 00:29:33 [38;5;009m[ERROR]: [0mThis is a error message from thread 1018-09-2026 00:29:33 [38;5;009m[ERROR]: [0mThis is a error message from thread 1918-09-2026 00:29:33 [38;5;117m[DEBUG]: [0mThis is a debug message from thread 818-09-2026 00:29:33 [38;5;117m[DEBUG]: [0mThis is a debug message from thread 1618-09-2026 00:29:33 [38;5;009m[ERROR]: [0mThis is a error message from thread 1318-09-2026 00:29:33 [38;5;009m[ERROR]: [0mThis is a error message from thread 1518-09-2026 00:29:33 [38;5;015m[INFO]: [0mThis is a info message from thread 1618-09-2026 00:29:33 [38;5;117m[DEBUG]: [0mThis is a debug message from thread 1318-09-2026 00:29:33 [38;5;117m[DEBUG]: [0mThis is a debug message from thread 518-09-2026 00:29:33 [38;5;009m[ERROR]: [0mThis is a error message from thread 1618-09-2026 00:29:33 [38;5;015m[INFO]: [0mThis is a info message from thread 818-09-2026 00:29:33 [38;5;117m[DEBUG]: [0mThis is a debug message from thread 1518-09-2026 00:29:33 [38;5;117m[DEBUG]: [0mThis is a debug message from thread 018-09-2026 00:29:33 [38;5;015m[INFO]: [0mThis is a info message from thread 1518-09-2026 00:29:33 [38;5;117m[DEBUG]: [0mThis is a debug message from thread 1618-09-2026 00:29:33 [38;5;117m[DEBUG]: [0mThis is a debug message from thread 2118-09-2026 00:29:33 [38;5;009m[ERROR]: [0mThis is a error message from thread 1518-09-2026 00:29:33 [38;5;015m[INFO]: [0mThis is a info message from thread 018-09-2026 00:29:33 [38;5;015m[INFO]: [0mThis is a info message from thread 1618-09-2026 00:29:33 [38;5;117m[DEBUG]: [0mThis is a debug message from thread 1818-09-2026 00:29:33 [38;5;015m[INFO]: [0mThis is a info message from thread 518-09-2026 00:29:33 [38;5;015m[INFO]: [0mThis is a info message from thread 1818-09-2026 00:29:33 [38;5;117m[DEBUG]: [0mThis is a debug message from thread 1418-09-2026 00:29:33 [38;5;009m[ERROR]: [0mThis is a error message from thread 018-09-2026 00:29:33 [38;5;117m[DEBUG]: [0mThis is a debug message from thread 1518-09-2026 00:29:33 [38;5;009m[ERROR]: [0mThis is a error message from thread 1818-09-2026 00:29:33 [38;5;117m[DEBUG]: [0mThis is a debug message from thread 1218-09-2026 00:29:33 [38;5;015m[INFO]: [0mThis is a info message from thread 2118-09-2026 00:29:33 [38;5;009m[ERROR]: [0mThis is a error message from thread 1618-09-2026 00:29:33 [38;5;015m[INFO]: [0mThis is a info message from thread 1518-09-2026 00:29:33 [38;5;117m[DEBUG]: [0mThis is a debug message from thread 318-09-2026 00:29:33 [38;5;117m[DEBUG]: [0mThis is a debug message from thread 1818-09-2026 00:29:33 [38;5;015m[INFO]: [0mThis is a info message from thread 718-09-2026 00:29:33 [38;5;015m[INFO]: [0mThis is a info message from thread 1218-09-2026 00:29:33 [38;5;015m[INFO]: [0mThis is a info message from thread 1818-09-2026 00:29:33 [38;5;009m[ERROR]: [0mThis is a error message from thread 718-09-2026 00:29:33 [38;5;009m[ERROR]: [0mThis is a error message from thread 2718-09-2026 00:29:33 [38;5;009m[ERROR]: [0mThis is a error message from thread 1218-09-2026 00:29:33 [38;5;117m[DEBUG]: [0mThis is a debug message from thread 718-09-2026 00:29:33 [38;5;117m[DEBUG]: [0mThis is a debug message from thread 1218-09-2026 00:29:33 [38;5;009m[ERROR]: [0mThis is a error message from thread 1818-09-2026 00:29:33 [38;5;117m[DEBUG]: [0mThis is a debug message from thread 2718-09-2026 00:29:33 [38;5;015m[INFO]: [0mThis is a info message from thread 718-09-2026 00:29:33 [38;5;015m[INFO]: [0mThis is a info message from thread 1718-09-2026 00:29:33 [38;5;009m[ERROR]: [0mThis is a error message from thread 1518-09-2026 00:29:33 [38;5;009m[ERROR]: [0mThis is a error message from thread 2118-09-2026 00:29:33 [38;5;015m[INFO]: [0mThis is a info message from thread 2718-09-2026 00:29:33 [38;5;009m[ERROR]: [0mThis is a error message from thread 1718-09-2026 00:29:33 [38;5;117m[DEBUG]: [0mThis is a debug message from thread 1518-09-2026 00:29:33 [38;5;015m[INFO]: [0mThis is a info message from thread 318-09-2026 00:29:33 [38;5;015m[INFO]: [0mThis is a info message from thread 2518-09-2026 00:29:33 [38;5;015m[INFO]: [0mThis is a info message from thread 118-09-2026 00:29:33 [38;5;009m[ERROR]: [0mThis is a error message from thread 2318-09-2026 00:29:33 [38;5;117m[DEBUG]: [0mThis is a debug message from thread 2918-09-2026 00:29:33 [38;5;117m[DEBUG]: [0mThis is a debug message from thread 2818-09-2026 00:29:33 [38;5;117m[DEBUG]: [0mThis is a debug message from thread 1018-09-2026 00:29:33 [38;5;015m[INFO]: [0mThis is a info message from thread 918-09-2026 00:29:33 [38;5;009m[ERROR]: [0mThis is a error message from thread 318-09-2026 00:29:33 [38;5;117m[DEBUG]: [0mThis is a debug message from thread 1918-09-2026 00:29:33 [38;5;117m[DEBUG]: [0mThis is a debug message from thread 218-09-2026 00:29:33 [38;5;117m[DEBUG]: [0mThis is a debug message from thread 1118-09-2026 00:29:33 [38;5;015m[INFO]: [0mThis is a info message from thread 1018-09-2026 00:29:33 [38;5;009m[ERROR]: [0mThis is a error message from thread 2718-09-2026 00:29:33 [38;5;015m[INFO]: [0mThis is a info message from thread 1918-09-2026 00:29:33 [38;5;117m[DEBUG]: [0mThis is a debug message from thread 618-09-2026 00:29:33 [38;5;117m[DEBUG]: [0mThis is a debug message from thread 2318-09-2026 00:29:33 [38;5;009m[ERROR]: [0mThis is a error message from thread 818-09-2026 00:29:33 [38;5;117m[DEBUG]: [0mThis is a debug message from thread 318-09-2026 00:29:33 [38;5;009m[ERROR]: [0mThis is a error message from thread 1018-09-2026 00:29:33 [38;5;015m[INFO]: [0mThis is a info message from thread 1118-09-2026 00:29:33 [38;5;117m[DEBUG]: [0mThis is a debug message from thread 818-09-2026 00:29:33 [38;5;015m[INFO]: [0mThis is a info message from thread 2918-09-2026 00:29:33 [38;5;117m[DEBUG]: [0mThis is a debug message from thread 2718-09-2026 00:29:33 [38;5;015m[INFO]: [0mThis is a info message from thread 418-09-2026 00:29:33 [38;5;117m[DEBUG]: [0mThis is a debug message from thread 2018-09-2026 00:29:33 [38;5;015m[INFO]: [0mThis is a info message from thread 218-09-2026 00:29:33 [38;5;117m[DEBUG]: [0mThis is a debug message from thread 2118-09-2026 00:29:33 [38;5;015m[INFO]: [0mThis is a info message from thread 2318-09-2026 00:29:33 [38;5;015m[INFO]: [0mThis is a info message from thread 2718-09-2026 00:29:33 [38;5;015m[INFO]: [0mThis is a info message from thread 318-09-2026 00:29:33 [38;5;009m[ERROR]: [0mThis is a error message from thread 1118-09-2026 00:29:33 [38;5;015m[INFO]: [0mThis is a info message from thread 1418-09-2026 00:29:33 [38;5;117m[DEBUG]: [0mThis is a debug message from thread 1618-09-2026 00:29:33 [38;5;009m[ERROR]: [0mThis is a error message from thread 418-09-2026 00:29:33 [38;5;009m[ERROR]: [0mThis is a error message from thread 2718-09-2026 00:29:33 [38;5;009m[ERROR]: [0mThis is a error message from thread 218-09-2026 00:29:33 [38;5;009m[ERROR]: [0mThis is a error message from thread 318-09-2026 00:29:33 [38;5;117m[DEBUG]: [0mThis is a debug message from thread 418-09-2026 00:29:33 [38;5;117m[DEBUG]: [0mThis is a debug message from thread 318-09-2026 00:29:33 [38;5;015m[INFO]: [0mThis is a info message from thread 2018-09-2026 00:29:33 [38;5;015m[INFO]: [0mThis is a info message from thread 318-09-2026 00:29:33 [38;5;015m[INFO]: [0mThis is a info message from thread 618-09-2026 00:29:33 [38;5;015m[INFO]: [0mThis is a info message from thread 1218-09-2026 00:29:33 [38;5;117m[DEBUG]: [0mThis is a debug message from thread 1818-09-2026 00:29:33 [38;5;015m[INFO]: [0mThis is a info message from thread 1618-09-2026 00:29:33 [38;5;015m[INFO]: [0mThis is a info message from thread 418-09-2026 00:29:33 [38;5;009m[ERROR]: [0mThis is a error message from thread 1618-09-2026 00:29:33 [38;5;015m[INFO]: [0mThis is a info message from thread 2818-09-2026 00:29:33 [38;5;015m[INFO]: [0mThis is a info message from thread 1518-09-2026 00:29:33 [38;5;117m[DEBUG]: [0mThis is a debug message from thread 1018-09-2026 00:29:33 [38;5;009m[ERROR]: [0mThis is a error message from thread 518-09-2026 00:29:33 [38;5;117m[DEBUG]: [0mThis is a debug message from thread 2718-09-2026 00:29:33 [38;5;009m[ERROR]: [0mThis is a error message from thread 2818-09-2026 00:29:33 [38;5;015m[INFO]: [0mThis is a info message from thread 1818-09-2026 00:29:33 [38;5;009m[ERROR]: [0mThis is a error message from thread 1918-09-2026 00:29:33 [38;5;009m[ERROR]: [0mThis is a error message from thread 318-09-2026 00:29:33 [38;5;117m[DEBUG]: [0mThis is a debug message from thread 218-09-2026 00:29:33 [38;5;009m[ERROR]: [0mThis is a error message from thread 418-09-2026 00:29:33 [38;5;009m[ERROR]: [0mThis is a error message from thread 2918-09-2026 00:29:33 [38;5;117m[DEBUG]: [0mThis is a debug message from thread 518-09-2026 00:29:33 [38;5;117m[DEBUG]: [0mThis is a debug message from thread 2218-09-2026 00:29:33 [38;5;009m[ERROR]: [0mThis is a error message from thread 1418-09-2026 00:29:33 [38;5;009m[ERROR]: [0mThis is a error message from thread 2318-09-2026 00:29:33 [38;5;009m[ERROR]: [0mThis is a error message from thread 718-09-2026 00:29:33 [38;5;015m[INFO]: [0mThis is a info message from thread 1018-09-2026 00:29:33 [38;5;117m[DEBUG]: [0mThis is a debug message from thread 2318-09-2026 00:29:33 [38;5;015m[INFO]: [0mThis is a info message from thread 2618-09-2026 00:29:33 [38;5;009m[ERROR]: [0mThis is a error message from thread 118-09-2026 00:29:33 [38;5;009m[ERROR]: [0mThis is a error message from thread 618-09-2026 00:29:33 [38;5;015m[INFO]: [0mThis is a info message from thread 218-09-2026 00:29:33 [38;5;015m[INFO]: [0mThis is a info message from thread 2318-09-2026 00:29:33 [38;5;009m[ERROR]: [0mThis is a error message from thread 2518-09-2026 00:29:33 [38;5;117m[DEBUG]: [0mThis is a debug message from thread 118-09-2026 00:29:33 [38;5;009m[ERROR]: [0mThis is a error message from thread 1518-09-2026 00:29:33 [38;5;015m[INFO]: [0mThis is a info message from thread 818-09-2026 00:29:33 [38;5;009m[ERROR]: [0mThis is a error message from thread 2318-09-2026 00:29:33 [38;5;117m[DEBUG]: [0mThis is a debug message from thread 1418-09-2026 00:29:33 [38;5;117m[DEBUG]: [0mThis is a debug message from thread 2818-09-2026 00:29:33 [38;5;117m[DEBUG]: [0mThis is a debug message from thread 1618-09-2026 00:29:33 [38;5;117m[DEBUG]: [0mThis is a debug message from thread 018-09-2026 00:29:33 [38;5;015m[INFO]: [0mThis is a info message from thread 2718-09-2026 00:29:33 [38;5;117m[DEBUG]: [0mThis is a debug message from thread 418-09-2026 00:29:33 [38;5;117m[DEBUG]: [0mThis is a debug message from thread 718-09-2026 00:29:33 [38;5;009m[ERROR]: [0mThis is a error message from thread 2418-09-2026 00:29:33 [38;5;117m[DEBUG]: [0mThis is a debug message from thread 1518-09-2026 00:29:33 [38;5;015m[INFO]: [0mThis is a info message from thread 018-09-2026 00:29:33 [38;5;009m[ERROR]: [0mThis is a error message from thread 2718-09-2026 00:29:33 [38;5;117m[DEBUG]: [0mThis is a debug message from thread 2318-09-2026 00:29:33 [38;5;015m[INFO]: [0mThis is a info message from thread 518-09-2026 00:29:33 [38;5;009m[ERROR]: [0mThis is a error message from thread 018-09-2026 00:29:33 [38;5;009m[ERROR]: [0mThis is a error message from thread 818-09-2026 00:29:33 [38;5;015m[INFO]: [0mThis is a info message from thread 1618-09-2026 00:29:33 [38;5;015m[INFO]: [0mThis is a info message from thread 118-09-2026 00:29:33 [38;5;117m[DEBUG]: [0mThis is a debug message from thread 018-09-2026 00:29:33 [38;5;009m[ERROR]: [0mThis is a error message from thread 1018-09-2026 00:29:33 [38;5;015m[INFO]: [0mThis is a info message from thread 1518-09-2026 00:29:33 [38;5;117m[DEBUG]: [0mThis is a debug message from thread 2518-09-2026 00:29:33 [38;5;009m[ERROR]: [0mThis is a error message from thread 2618-09-2026 00:29:33 [38;5;117m[DEBUG]: [0mThis is a debug message from thread 1118-09-2026 00:29:33 [38;5;117m[DEBUG]: [0mThis is a debug message from thread 2918-09-2026 00:29:33 [38;5;015m[INFO]: [0mThis is a info message from thread 2818-09-2026 00:29:33 [38;5;009m[ERROR]: [0mThis is a error message from thread 2018-09-2026 00:29:33 [38;5;015m[INFO]: [0mThis is a info message from thread 2518-09-2026 00:29:33 [38;5;015m[INFO]: [0mThis is a info message from thread 418-09-2026 00:29:33 [38;5;015m[INFO]: [0mThis is a info message from thread 1118-09-2026 00:29:33 [38;5;015m[INFO]: [0mThis is a info message from thread 018-09-2026 00:29:33 [38;5;015m[INFO]: [0mThis is a info message from thread 2918-09-2026 00:29:33 [38;5;009m[ERROR]: [0mThis is a error message from thread 518-09-2026 00:29:33 [38;5;015m[INFO]: [0mThis is a info message from thread 2318-09-2026 00:29:33 [38;5;015m[INFO]: [0mThis is a info message from thread 2118-09-2026 00:29:33 [38;5;117m[DEBUG]: [0mThis is a debug message from thread 818-09-2026 00:29:33 [38;5;117m[DEBUG]: [0mThis is a debug message from thread 2418-09-2026 00:29:33 [38;5;009m[ERROR]: [0mThis is a error message from thread 218-09-2026 00:29:33 [38;5;009m[ERROR]: [0mThis is a error message from thread 2318-09-2026 00:29:33 [38;5;009m[ERROR]: [0mThis is a error message from thread 2818-09-2026 00:29:33 [38;5;009m[ERROR]: [0mThis is a error message from thread 1518-09-2026 00:29:33 [38;5;009m[ERROR]: [0mThis is a error message from thread 2918-09-2026 00:29:33 [38;5;117m[DEBUG]: [0mThis is a debug message from thread 2718-09-2026 00:29:33 [38;5;117m[DEBUG]: [0mThis is a debug message from thread 1718-09-2026 00:29:33 [38;5;009m[ERROR]: [0mThis is a error message from thread 2118-09-2026 00:29:33 [38;5;015m[INFO]: [0mThis is a info message from thread 1318-09-2026 00:29:33 [38;5;117m[DEBUG]: [0mThis is a debug message from thread 2318-09-2026 00:29:33 [38;5;117m[DEBUG]: [0mThis is a debug message from thread 2118-09-2026 00:29:33 [38;5;009m[ERROR]: [0mThis is a error message from thread 918-09-2026 00:29:33 [38;5;117m[DEBUG]: [0mThis is a debug message from thread 1518-09-2026 00:29:33 [38;5;009m[ERROR]: [0mThis is a error message from thread 1318-09-2026 00:29:33 [38;5;015m[INFO]: [0mThis is a info message from thread 2718-09-2026 00:29:33 [38;5;009m[ERROR]: [0mThis is a error message from thread 1218-09-2026 00:29:33 [38;5;117m[DEBUG]: [0mThis is a debug message from thread 2918-09-2026 00:29:33 [38;5;009m[ERROR]: [0mThis is a error message from thread 1818-09-2026 00:29:33 [38;5;117m[DEBUG]: [0mThis is a debug message from thread 918-09-2026 00:29:33 [38;5;117m[DEBUG]: [0mThis is a debug message from thread 1218-09-2026 00:29:33 [38;5;015m[INFO]: [0mThis is a info message from thread 1718-09-2026 00:29:33 [38;5;015m[INFO]: [0mThis is a info message from thread 818-09-2026 00:29:33 [38;5;015m[INFO]: [0mThis is a info message from thread 2318-09-2026 00:29:33 [38;5;009m[ERROR]: [0mThis is a error message from thread 1618-09-2026 00:29:33 [38;5;015m[INFO]: [0mThis is a info message from thread 1218-09-2026 00:29:33 [38;5;009m[ERROR]: [0mThis is a error message from thread 2718-09-2026 00:29:33 [38;5;015m[INFO]: [0mThis is a info message from thread 1518-09-2026 00:29:33 [38;5;117m[DEBUG]: [0mThis is a debug message from thread 2018-09-2026 00:29:33 [38;5;009m[ERROR]: [0mThis is a error message from thread 1718-09-2026 00:29:33 [38;5;015m[INFO]: [0mThis is a info message from thread 2218-09-2026 00:29:33 [38;5;117m[DEBUG]: [0mThis is a debug message from thread 1318-09-2026 00:29:33 [38;5;117m[DEBUG]: [0mThis is a debug message from thread 1918-09-2026 00:29:33 [38;5;015m[INFO]: [0mThis is a info message from thread 718-09-2026 00:29:33 [38;5;009m[ERROR]: [0mThis is a error message from thread 1518-09-2026 00:29:33 [38;5;009m[ERROR]: [0mThis is a error message from thread 2318-09-2026 00:29:33 [38;5;117m[DEBUG]: [0mThis is a debug message from thread 218-09-2026 00:29:33 [38;5;117m[DEBUG]: [0mThis is a debug message from thread 1718-09-2026 00:29:33 [38;5;015m[INFO]: [0mThis is a info message from thread 2418-09-2026 00:29:33 [38;5;015m[INFO]: [0mThis is a info message from thread 2918-09-2026 00:29:33 [38;5;015m[INFO]: [0mThis is a info message from thread 1418-09-2026 00:29:33 [38;5;117m[DEBUG]: [0mThis is a debug message from thread 1518-09-2026 00:29:33 [38;5;009m[ERROR]: [0mThis is a error message from thread 418-09-2026 00:29:33 [38;5;117m[DEBUG]: [0mThis is a debug message from thread 618-09-2026 00:29:33 [38;5;015m[INFO]: [0mThis is a info message from thread 1918-09-2026 00:29:33 [38;5;117m[DEBUG]: [0mThis is a debug message from thread 318-09-2026 00:29:33 [38;5;015m[INFO]: [0mThis is a info message from thread 918-09-2026 00:29:33 [38;5;117m[DEBUG]: [0mThis is a debug message from thread 2618-09-2026 00:29:33 [38;5;009m[ERROR]: [0mThis is a error message from thread 1118-09-2026 00:29:33 [38;5;009m[ERROR]: [0mThis is a error message from thread 818-09-2026 00:29:33 [38;5;015m[INFO]: [0mThis is a info message from thread 1518-09-2026 00:29:33 [38;5;009m[ERROR]: [0mThis is a error message from thread 118-09-2026 00:29:33 [38;5;117m[DEBUG]: [0mThis is a debug message from thread 1118-09-2026 00:29:33 [38;5;015m[INFO]: [0mThis is a info message from thread 618-09-2026 00:29:33 [38;5;117m[DEBUG]: [0mThis is a debug message from thread 818-09-2026 00:29:33 [38;5;009m[ERROR]: [0mThis is a error message from thread 1418-09-2026 00:29:33 [38;5;117m[DEBUG]: [0mThis is a debug message from thread 2718-09-2026 00:29:33 [38;5;009m[ERROR]: [0mThis is a error message from thread 618-09-2026 00:29:33 [38;5;117m[DEBUG]: [0mThis is a debug message from thread 1818-09-2026 00:29:33 [38;5;015m[INFO]: [0mThis is a info message from thread 818-09-2026 00:29:33 [38;5;015m[INFO]: [0mThis is a info message from thread 218-09-2026 00:29:33 [38;5;009m[ERROR]: [0mThis is a error message from thread 2918-09-2026 00:29:33 [38;5;015m[INFO]: [0mThis is a info message from thread 2018-09-2026 00:29:33 [38;5;009m[ERROR]: [0mThis is a error message from thread 2418-09-2026 00:29:33 [38;5;117m[DEBUG]: [0mThis is a debug message from thread 518-09-2026 00:29:33 [38;5;117m[DEBUG]: [0mThis is a debug message from thread 1418-09-2026 00:29:33 [38;5;015m[INFO]: [0mThis is a info message from thread 2118-09-2026 00:29:33 [38;5;009m[ERROR]: [0mThis is a error message from thread 218-09-2026 00:29:33 [38;5;009m[ERROR]: [0mThis is a error message from thread 1518-09-2026 00:29:33 [38;5;009m[ERROR]: [0mThis is a error message from thread 018-09-2026 00:29:33 [38;5;015m[INFO]: [0mThis is a info message from thread 1418-09-2026 00:29:33 [38;5;009m[ERROR]: [0mThis is a error message from thread 2518-09-2026 00:29:33 [38;5;117m[DEBUG]: [0mThis is a debug message from thread 2918-09-2026 00:29:33 [38;5;009m[ERROR]: [0mThis is a error message from thread 2218-09-2026 00:29:33 [38;5;015m[INFO]: [0mThis is a info message from thread 2918-09-2026 00:29:33 [38;5;117m[DEBUG]: [0mThis is a debug message from thread 1618-09-2026 00:29:33 [38;5;015m[INFO]: [0mThis is a info message from thread 2618-09-2026 00:29:33 [38;5;117m[DEBUG]: [0mThis is a debug message from thread 2518-09-2026 00:29:33 [38;5;117m[DEBUG]: [0mThis is a debug message from thread 018-09-2026 00:29:33 [38;5;015m[INFO]: [0mThis is a info message from thread 518-09-2026 00:29:33 [38;5;015m[INFO]: [0mThis is a info message from thread 1118-09-2026 00:29:33 [38;5;009m[ERROR]: [0mThis is a error message from thread 2618-09-2026 00:29:33 [38;5;009m[ERROR]: [0mThis is a error message from thread 718-09-2026 00:29:33 [38;5;015m[INFO]: [0mThis is a info message from thread 1618-09-2026 00:29:33 [38;5;015m[INFO]: [0mThis is a info message from thread 1818-09-2026 00:29:33 [38;5;009m[ERROR]: [0mThis is a error message from thread 1118-09-2026 00:29:33 [38;5;009m[ERROR]: [0mThis is a error message from thread 818-09-2026 00:29:33 [38;5;009m[ERROR]: [0mThis is a error message from thread 2118-09-2026 00:29:33 [38;5;117m[DEBUG]: [0mThis is a debug message from thread 2418-09-2026 00:29:33 [38;5;117m[DEBUG]: [0mThis is a debug message from thread 2818-09-2026 00:29:33 [38;5;009m[ERROR]: [0mThis is a error message from thread 518-09-2026 00:29:33 [38;5;117m[DEBUG]: [0mThis is a debug message from thread 818-09-2026 00:29:33 [38;5;117m[DEBUG]: [0mThis is a debug message from thread 218-09-2026 00:29:33 [38;5;117m[DEBUG]: [0mThis is a debug message from thread 1018-09-2026 00:29:33 [38;5;009m[ERROR]: [0mThis is a error message from thread 1418-09-2026 00:29:33 [38;5;015m[INFO]: [0mThis is a info message from thread 2818-09-2026 00:29:33 [38;5;015m[INFO]: [0mThis is a info message from thread 218-09-2026 00:29:33 [38;5;117m[DEBUG]: [0mThis is a debug message from thread 2318-09-2026 00:29:33 [38;5;009m[ERROR]: [0mThis is a error message from thread 2918-09-2026 00:29:33 [38;5;117m[DEBUG]: [0mThis is a debug message from thread 1418-09-2026 00:29:33 [38;5;009m[ERROR]: [0mThis is a error message from thread 2818-09-2026 00:29:33 [38;5;117m[DEBUG]: [0mThis is a debug message from thread 2218-09-2026 00:29:33 [38;5;009m[ERROR]: [0mThis is a error message from thread 2018-09-2026 00:29:33 [38;5;009m[ERROR]: [0mThis is a error message from thread 218-09-2026 00:29:33 [38;5;015m[INFO]: [0mThis is a info message from thread 2318-09-2026 00:29:33 [38;5;117m[DEBUG]: [0mThis is a debug message from thread 2918-09-2026 00:29:33 [38;5;117m[DEBUG]: [0mThis is a debug message from thread 718-09-2026 00:29:33 [38;5;015m[INFO]: [0mThis is a info message from thread 2218-09-2026 00:29:33 [38;5;015m[INFO]: [0mThis is a info message from thread 018-09-2026 00:29:33 [38;5;009m[ERROR]: [0mThis is a error message from thread 2318-09-2026 00:29:33 [38;5;117m[DEBUG]: [0mThis is a debug message from thread 218-09-2026 00:29:33 [38;5;117m[DEBUG]: [0mThis is a debug message from thread 2018-09-2026 00:29:33 [38;5;117m[DEBUG]: [0mThis is a debug message from thread 2318-09-2026 00:29:33 [38;5;009m[ERROR]: [0mThis is a error message from thread 018-09-2026 00:29:33 [38;5;015m[INFO]: [0mThis is a info message from thread 2318-09-2026 00:29:33 [38;5;015m[INFO]: [0mThis is a info message from thread 2918-09-2026 00:29:33 [38;5;015m[INFO]: [0mThis is a info message from thread 718-09-2026 00:29:33 [38;5;015m[INFO]: [0mThis is a info message from thread 2018-09-2026 00:29:33 [38;5;009m[ERROR]: [0mThis is a error message from thread 1618-09-2026 00:29:33 [38;5;009m[ERROR]: [0mThis is a error message from thread 2918-09-2026 00:29:33 [38;5;009m[ERROR]: [0mThis is a error message from thread 2018-09-2026 00:29:33 [38;5;009m[ERROR]: [0mThis is a error message from thread 1818-09-2026 00:29:33 [38;5;117m[DEBUG]: [0mThis is a debug message from thread 1618-09-2026 00:29:33 [38;5;117m[DEBUG]: [0mThis is a debug message from thread 2918-09-2026 00:29:33 [38;5;117m[DEBUG]: [0mThis is a debug message from thread 2018-09-2026 00:29:33 [38;5;015m[INFO]: [0mThis is a info message from thread 1618-09-2026 00:29:33 [38;5;117m[DEBUG]: [0mThis is a debug message from thread 1118-09-2026 00:29:33 [38;5;009m[ERROR]: [0mThis is a error message from thread 1918-09-2026 00:29:33 [38;5;117m[DEBUG]: [0mThis is a debug message from thread 1818-09-2026 00:29:33 [38;5;015m[INFO]: [0mThis is a info message from thread 1018-09-2026 00:29:33 [38;5;015m[INFO]: [0mThis is a info message from thread 1818-09-2026 00:29:33 [38;5;117m[DEBUG]: [0mThis is a debug message from thread 618-09-2026 00:29:33 [38;5;015m[INFO]: [0mThis is a info message from thread 2018-09-2026 00:29:33 [38;5;009m[ERROR]: [0mThis is a error message from thread 1018-09-2026 00:29:33 [38;5;117m[DEBUG]: [0mThis is a debug message from thread 2618-09-2026 00:29:33 [38;5;015m[INFO]: [0mThis is a info message from thread 1418-09-2026 00:29:33 [38;5;009m[ERROR]: [0mThis is a error message from thread 1618-09-2026 00:29:33 [38;5;117m[DEBUG]: [0mThis is a debug message from thread 2118-09-2026 00:29:33 [38;5;015m[INFO]: [0mThis is a info message from thread 1118-09-2026 00:29:33 [38;5;117m[DEBUG]: [0mThis is a debug message from thread 518-09-2026 00:29:33 [38;5;015m[INFO]: [0mThis is a info message from thread 518-09-2026 00:29:33 [38;5;117m[DEBUG]: [0mThis is a debug message from thread 2818-09-2026 00:29:33 [38;5;009m[ERROR]: [0mThis is a error message from thread 1418-09-2026 00:29:33 [38;5;009m[ERROR]: [0mThis is a error message from thread 2218-09-2026 00:29:33 [38;5;117m[DEBUG]: [0mThis is a debug message from thread 1618-09-2026 00:29:33 [38;5;015m[INFO]: [0mThis is a info message from thread 2818-09-2026 00:29:33 [38;5;009m[ERROR]: [0mThis is a error message from thread 2318-09-2026 00:29:33 [38;5;117m[DEBUG]: [0mThis is a debug message from thread 2218-09-2026 00:29:33 [38;5;015m[INFO]: [0mThis is a info message from thread 2218-09-2026 00:29:33 [38;5;009m[ERROR]: [0mThis is a error message from thread 518-09-2026 00:29:33 [38;5;117m[DEBUG]: [0mThis is a debug message from thread 2318-09-2026 00:29:33 [38;5;117m[DEBUG]: [0mThis is a debug message from thread 518-09-2026 00:29:33 [38;5;015m[INFO]: [0mThis is a info message from thread 2718-09-2026 00:29:33 [38;5;117m[DEBUG]: [0mThis is a debug message from thread 118-09-2026 00:29:33 [38;5;015m[INFO]: [0mThis is a info message from thread 2418-09-2026 00:29:33 [38;5;009m[ERROR]: [0mThis is a error message from thread 2818-09-2026 00:29:33 [38;5;009m[ERROR]: [0mThis is a error message from thread 2718-09-2026 00:29:33 [38;5;117m[DEBUG]: [0mThis is a debug message from thread 1518-09-2026 00:29:33 [38;5;117m[DEBUG]: [0mThis is a debug message from thread 1018-09-2026 00:29:33 [38;5;009m[ERROR]: [0mThis is a error message from thread 2418-09-2026 00:29:33 [38;5;015m[INFO]: [0mThis is a info message from thread 518-09-2026 00:29:33 [38;5;015m[INFO]: [0mThis is a info message from thread 1018-09-2026 00:29:33 [38;5;009m[ERROR]: [0mThis is a error message from thread 518-09-2026 00:29:33 [38;5;015m[INFO]: [0mThis is a info message from thread 1318-09-2026 00:29:33 [38;5;009m[ERROR]: [0mThis is a error message from thread 1318-09-2026 00:29:33 [38;5;117m[DEBUG]: [0mThis is a debug message from thread 1318-09-2026 00:29:33 [38;5;117m[DEBUG]: [0mThis is a debug message from thread 518-09-2026 00:29:33 [38;5;015m[INFO]: [0mThis is a info message from thread 2118-09-2026 00:29:33 [38;5;015m[INFO]: [0mThis is a info message from thread 618-09-2026 00:29:33 [38;5;117m[DEBUG]: [0mThis is a debug message from thread 018-09-2026 00:29:33 [38;5;015m[INFO]: [0mThis is a info message from thread 2618-09-2026 00:29:33 [38;5;117m[DEBUG]: [0mThis is a debug message from thread 2718-09-2026 00:29:33 [38;5;015m[INFO]: [0mThis is a info message from thread 1518-09-2026 00:29:33 [38;5;009m[ERROR]: [0mThis is a error message from thread 618-09-2026 00:29:33 [38;5;009m[ERROR]: [0mThis is a error message from thread 2118-09-2026 00:29:33 [38;5;117m[DEBUG]: [0mThis is a debug message from thread 1918-09-2026 00:29:33 [38;5;015m[INFO]: [0mThis is a info message from thread 818-09-2026 00:29:33 [38;5;015m[INFO]: [0mThis is a info message from thread 1718-09-2026 00:29:33 [38;5;009m[ERROR]: [0mThis is a error message from thread 718-09-2026 00:29:33 [38;5;015m[INFO]: [0mThis is a info message from thread 1618-09-2026 00:29:33 [38;5;009m[ERROR]: [0mThis is a error message from thread 1518-09-2026 00:29:33 [38;5;117m[DEBUG]: [0mThis is a debug message from thread 1418-09-2026 00:29:33 [38;5;015m[INFO]: [0mThis is a info message from thread 1318-09-2026 00:29:33 [38;5;015m[INFO]: [0mThis is a info message from thread 218-09-2026 00:29:33 [38;5;015m[INFO]: [0mThis is a info message from thread 518-09-2026 00:29:33 [38;5;015m[INFO]: [0mThis is a info message from thread 2518-09-2026 00:29:33 [38;5;009m[ERROR]: [0mThis is a error message from thread 1018-09-2026 00:29:33 [38;5;015m[INFO]: [0mThis is a info message from thread 018-09-2026 00:29:33 [38;5;117m[DEBUG]: [0mThis is a debug message from thread 1518-09-2026 00:29:33 [38;5;009m[ERROR]: [0mThis is a error message from thread 1218-09-2026 00:29:33 [38;5;015m[INFO]: [0mThis is a info message from thread 2718-09-2026 00:29:33 [38;5;009m[ERROR]: [0mThis is a error message from thread 1118-09-2026 00:29:33 [38;5;009m[ERROR]: [0mThis is a error message from thread 1318-09-2026 00:29:33 [38;5;009m[ERROR]: [0mThis is a error message from thread 1818-09-2026 00:29:33 [38;5;015m[INFO]: [0mThis is a info message from thread 1418-09-2026 00:29:33 [38;5;015m[INFO]: [0mThis is a info message from thread 1518-09-2026 00:29:33 [38;5;015m[INFO]: [0mThis is a info message from thread 2318-09-2026 00:29:33 [38;5;117m[DEBUG]: [0mThis is a debug message from thread 1218-09-2026 00:29:33 [38;5;015m[INFO]: [0mThis is a info message from thread 1918-09-2026 00:29:33 [38;5;117m[DEBUG]: [0mThis is a debug message from thread 2118-09-2026 00:29:33 [38;5;009m[ERROR]: [0mThis is a error message from thread 2518-09-2026 00:29:33 [38;5;015m[INFO]: [0mThis is a info message from thread 118-09-2026 00:29:33 [38;5;117m[DEBUG]: [0mThis is a debug message from thread 1118-09-2026 00:29:33 [38;5;009m[ERROR]: [0mThis is a error message from thread 2318-09-2026 00:29:33 [38;5;009m[ERROR]: [0mThis is a error message from thread 1618-09-2026 00:29:33 [38;5;117m[DEBUG]: [0mThis is a debug message from thread 2518-09-2026 00:29:33 [38;5;009m[ERROR]: [0mThis is a error message from thread 2618-09-2026 00:29:33 [38;5;015m[INFO]: [0mThis is a info message from thread 2518-09-2026 00:29:33 [38;5;117m[DEBUG]: [0mThis is a debug message from thread 2618-09-2026 00:29:33 [38;5;009m[ERROR]: [0mThis is a error message from thread 818-09-2026 00:29:33 [38;5;009m[ERROR]: [0mThis is a error message from thread 2018-09-2026 00:29:33 [38;5;009m[ERROR]: [0mThis is a error message from thread 918-09-2026 00:29:33 [38;5;015m[INFO]: [0mThis is a info message from thread 2918-09-2026 00:29:33 [38;5;117m[DEBUG]: [0mThis is a debug message from thread 918-09-2026 00:29:33 [38;5;015m[INFO]: [0mThis is a info message from thread 1218-09-2026 00:29:33 [38;5;015m[INFO]: [0mThis is a info message from thread 318-09-2026 00:29:33 [38;5;117m[DEBUG]: [0mThis is a debug message from thread 2018-09-2026 00:29:33 [38;5;015m[INFO]: [0mThis is a info message from thread 1118-09-2026 00:29:33 [38;5;009m[ERROR]: [0mThis is a error message from thread 2918-09-2026 00:29:33 [38;5;117m[DEBUG]: [0mThis is a debug message from thread 2818-09-2026 00:29:33 [38;5;009m[ERROR]: [0mThis is a error message from thread 1718-09-2026 00:29:33 [38;5;009m[ERROR]: [0mThis is a error message from thread 1118-09-2026 00:29:33 [38;5;009m[ERROR]: [0mThis is a error message from thread 1518-09-2026 00:29:33 [38;5;015m[INFO]: [0mThis is a info message from thread 2818-09-2026 00:29:33 [38;5;117m[DEBUG]: [0mThis is a debug message from thread 2918-09-2026 00:29:33 [38;5;117m[DEBUG]: [0mThis is a debug message from thread 618-09-2026 00:29:33 [38;5;009m[ERROR]: [0mThis is a error message from thread 2818-09-2026 00:29:33 [38;5;009m[ERROR]: [0mThis is a error message from thread 018-09-2026 00:29:33 [38;5;117m[DEBUG]: [0mThis is a debug message from thread 1718-09-2026 00:29:33 [38;5;015m[INFO]: [0mThis is a info message from thread 2918-09-2026 00:29:33 [38;5;015m[INFO]: [0mThis is a info message from thread 2618-09-2026 00:29:33 [38;5;015m[INFO]: [0mThis is a info message from thread 618-09-2026 00:29:33 [38;5;009m[ERROR]: [0mThis is a error message from thread 2518-09-2026 00:29:33 [38;5;117m[DEBUG]: [0mThis is a debug message from thread 1518-09-2026 00:29:33 [38;5;009m[ERROR]: [0mThis is a error message from thread 618-09-2026 00:29:33 [38;5;009m[ERROR]: [0mThis is a error message from thread 518-09-2026 00:29:33 [38;5;117m[DEBUG]: [0mThis is a debug message from thread 618-09-2026 00:29:33 [38;5;117m[DEBUG]: [0mThis is a debug message from thread 818-09-2026 00:29:33 [38;5;015m[INFO]: [0mThis is a info message from thread 918-09-2026 00:29:33 [38;5;009m[ERROR]: [0mThis is a error message from thread 2618-09-2026 00:29:33 [38;5;015m[INFO]: [0mThis is a info message from thread 1518-09-2026 00:29:33 [38;5;009m[ERROR]: [0mThis is a error message from thread 1418-09-2026 00:29:33 [38;5;009m[ERROR]: [0mThis is a error message from thread 2718-09-2026 00:29:33 [38;5;015m[INFO]: [0mThis is a info message from thread 618-09-2026 00:29:33 [38;5;117m[DEBUG]: [0mThis is a debug message from thread 418-09-2026 00:29:33 [38;5;117m[DEBUG]: [0mThis is a debug message from thread 2718-09-2026 00:29:33 [38;5;009m[ERROR]: [0mThis is a error message from thread 1518-09-2026 00:29:33 [38;5;015m[INFO]: [0mThis is a info message from thread 418-09-2026 00:29:33 [38;5;009m[ERROR]: [0mThis is a error message from thread 618-09-2026 00:29:33 [38;5;009m[ERROR]: [0mThis is a error message from thread 318-09-2026 00:29:33 [38;5;117m[DEBUG]: [0mThis is a debug message from thread 1318-09-2026 00:29:33 [38;5;015m[INFO]: [0mThis is a info message from thread 2718-09-2026 00:29:33 [38;5;015m[INFO]: [0mThis is a info message from thread 1318-09-2026 00:29:33 [38;5;117m[DEBUG]: [0mThis is a debug message from thread 1518-09-2026 00:29:33 [38;5;009m[ERROR]: [0mThis is a error message from thread 2718-09-2026 00:29:33 [38;5;117m[DEBUG]: [0mThis is a debug message from thread 2618-09-2026 00:29:33 [38;5;009m[ERROR]: [0mThis is a error message from thread 1318-09-2026 00:29:33 [38;5;117m[DEBUG]: [0mThis is a debug message from thread 318-09-2026 00:29:33 [38;5;117m[DEBUG]: [0mThis is a debug message from thread 2718-09-2026 00:29:33 [38;5;009m[ERROR]: [0mThis is a error message from thread 418-09-2026 00:29:33 [38;5;015m[INFO]: [0mThis is a info message from thread 318-09-2026 00:29:33 [38;5;015m[INFO]: [0mThis is a info message from thread 2718-09-2026 00:29:33 [38;5;015m[INFO]: [0mThis is a info message from thread 1718-09-2026 00:29:33 [38;5;015m[INFO]: [0mThis is a info message from thread 1518-09-2026 00:29:33 [38;5;015m[INFO]: [0mThis is a info message from thread 2618-09-2026 00:29:33 [38;5;117m[DEBUG]: [0mThis is a debug message from thread 518-09-2026 00:29:33 [38;5;009m[ERROR]: [0mThis is a error message from thread 2718-09-2026 00:29:33 [38;5;009m[ERROR]: [0mThis is a error message from thread 1718-09-2026 00:29:33 [38;5;009m[ERROR]: [0mThis is a error message from thread 2618-09-2026 00:29:33 [38;5;117m[DEBUG]: [0mThis is a debug message from thread 1718-09-2026 00:29:33 [38;5;117m[DEBUG]: [0mThis is a debug message from thread 2618-09-2026 00:29:33 [38;5;015m[INFO]: [0mThis is a info message from thread 1718-09-2026 00:29:33 [38;5;015m[INFO]: [0mThis is a info message from thread 2618-09-2026 00:29:33 [38;5;117m[DEBUG]: [0mThis is a debug message from thread 1818-09-2026 00:29:33 [38;5;015m[INFO]: [0mThis is a info message from thread 818-09-2026 00:29:33 [38;5;009m[ERROR]: [0mThis is a error message from thread 2618-09-2026 00:29:33 [38;5;117m[DEBUG]: [0mThis is a debug message from thread 418-09-2026 00:29:33 [38;5;015m[INFO]: [0mThis is a info message from thread 518-09-2026 00:29:33 [38;5;009m[ERROR]: [0mThis is a error message from thread 2918-09-2026 00:29:33 [38;5;117m[DEBUG]: [0mThis is a debug message from thread 1618-09-2026 00:29:33 [38;5;009m[ERROR]: [0mThis is a error message from thread 818-09-2026 00:29:33 [38;5;009m[ERROR]: [0mThis is a error message from thread 218-09-2026 00:29:33 [38;5;117m[DEBUG]: [0mThis is a debug message from thread 2318-09-2026 00:29:33 [38;5;117m[DEBUG]: [0mThis is a debug message from thread 718-09-2026 00:29:33 [38;5;009m[ERROR]: [0mThis is a error message from thread 1218-09-2026 00:29:33 [38;5;117m[DEBUG]: [0mThis is a debug message from thread 1418-09-2026 00:29:33 [38;5;117m[DEBUG]: [0mThis is a debug message from thread 2518-09-2026 00:29:33 [38;5;009m[ERROR]: [0mThis is a error message from thread 518-09-2026 00:29:33 [38;5;009m[ERROR]: [0mThis is a error message from thread 918-09-2026 00:29:33 [38;5;117m[DEBUG]: [0mThis is a debug message from thread 618-09-2026 00:29:33 [38;5;117m[DEBUG]: [0mThis is a debug message from thread 1018-09-2026 00:29:33 [38;5;015m[INFO]: [0mThis is a info message from thread 718-09-2026 00:29:33 [38;5;117m[DEBUG]: [0mThis is a debug message from thread 518-09-2026 00:29:33 [38;5;009m[ERROR]: [0mThis is a error message from thread 318-09-2026 00:29:33 [38;5;117m[DEBUG]: [0mThis is a debug message from thread 018-09-2026 00:29:33 [38;5;009m[ERROR]: [0mThis is a error message from thread 118-09-2026 00:29:33 [38;5;117m[DEBUG]: [0mThis is a debug message from thread 2818-09-2026 00:29:33 [38;5;117m[DEBUG]: [0mThis is a debug message from thread 218-09-2026 00:29:33 [38;5;015m[INFO]: [0mThis is a info message from thread 018-09-2026 00:29:33 [38;5;015m[INFO]: [0mThis is a info message from thread 518-09-2026 00:29:33 [38;5;015m[INFO]: [0mThis is a info message from thread 418-09-2026 00:29:33 [38;5;015m[INFO]: [0mThis is a info message from thread 1018-09-2026 00:29:33 [38;5;015m[INFO]: [0mThis is a info message from thread 2518-09-2026 00:29:33 [38;5;009m[ERROR]: [0mThis is a error message from thread 1018-09-2026 00:29:33 [38;5;009m[ERROR]: [0mThis is a error message from thread 518-09-2026 00:29:33 [38;5;015m[INFO]: [0mThis is a info message from thread 1618-09-2026 00:29:33 [38;5;117m[DEBUG]: [0mThis is a debug message from thread 2418-09-2026 00:29:33 [38;5;009m[ERROR]: [0mThis is a error message from thread 1618-09-2026 00:29:33 [38;5;015m[INFO]: [0mThis is a info message from thread 1418-09-2026 00:29:33 [38;5;015m[INFO]: [0mThis is a info message from thread 1818-09-2026 00:29:33 [38;5;015m[INFO]: [0mThis is a info message from thread 2318-09-2026 00:29:33 [38;5;015m[INFO]: [0mThis is a info message from thread 2418-09-2026 00:29:33 [38;5;009m[ERROR]: [0mThis is a error message from thread 1718-09-2026 00:29:33 [38;5;117m[DEBUG]: [0mThis is a debug message from thread 818-09-2026 00:29:33 [38;5;117m[DEBUG]: [0mThis is a debug message from thread 2918-09-2026 00:29:33 [38;5;009m[ERROR]: [0mThis is a error message from thread 2518-09-2026 00:29:33 [38;5;009m[ERROR]: [0mThis is a error message from thread 1918-09-2026 00:29:33 [38;5;009m[ERROR]: [0mThis is a error message from thread 1818-09-2026 00:29:33 [38;5;015m[INFO]: [0mThis is a info message from thread 218-09-2026 00:29:33 [38;5;117m[DEBUG]: [0mThis is a debug message from thread 2518-09-2026 00:29:33 [38;5;015m[INFO]: [0mThis is a info message from thread 2918-09-2026 00:29:33 [38;5;015m[INFO]: [0mThis is a info message from thread 2118-09-2026 00:29:33 [38;5;117m[DEBUG]: [0mThis is a debug message from thread 1718-09-2026 00:29:33 [38;5;009m[ERROR]: [0mThis is a error message from thread 2918-09-2026 00:29:33 [38;5;009m[ERROR]: [0mThis is a error message from thread 2218-09-2026 00:29:33 [38;5;117m[DEBUG]: [0mThis is a debug message from thread 2218-09-2026 00:29:33 [38;5;009m[ERROR]: [0mThis is a error message from thread 018-09-2026 00:29:33 [38;5;015m[INFO]: [0mThis is a info message from thread 2518-09-2026 00:29:33 [38;5;009m[ERROR]: [0mThis is a error message from thread 218-09-2026 00:29:33 [38;5;117m[DEBUG]: [0mThis is a debug message from thread 1918-09-2026 00:29:33 [38;5;117m[DEBUG]: [0mThis is a debug message from thread 1818-09-2026 00:29:33 [38;5;015m[INFO]: [0mThis is a info message from thread 1818-09-2026 00:29:33 [38;5;117m[DEBUG]: [0mThis is a debug message from thread 218-09-2026 00:29:33 [38;5;015m[INFO]: [0mThis is a info message from thread 2218-09-2026 00:29:33 [38;5;009m[ERROR]: [0mThis is a error message from thread 2218-09-2026 00:29:33 [38;5;117m[DEBUG]: [0mThis is a debug message from thread 518-09-2026 00:29:33 [38;5;009m[ERROR]: [0mThis is a error message from thread 1518-09-2026 00:29:33 [38;5;117m[DEBUG]: [0mThis is a debug message from thread 1518-09-2026 00:29:33 [38;5;117m[DEBUG]: [0mThis is a debug message from thread 1318-09-2026 00:29:33 [38;5;015m[INFO]: [0mThis is a info message from thread 218-09-2026 00:29:33 [38;5;009m[ERROR]: [0mThis is a error message from thread 2518-09-2026 00:29:33 [38;5;009m[ERROR]: [0mThis is a error message from thread 1818-09-2026 00:29:33 [38;5;117m[DEBUG]: [0mThis is a debug message from thread 918-09-2026 00:29:33 [38;5;117m[DEBUG]: [0mThis is a debug message from thread 1018-09-2026 00:29:33 [38;5;009m[ERROR]: [0mThis is a error message from thread 218-09-2026 00:29:33 [38;5;117m[DEBUG]: [0mThis is a debug message from thread 2918-09-2026 00:29:33 [38;5;015m[INFO]: [0mThis is a info message from thread 2818-09-2026 00:29:33 [38;5;015m[INFO]: [0mThis is a info message from thread 1018-09-2026 00:29:33 [38;5;015m[INFO]: [0mThis is a info message from thread 918-09-2026 00:29:33 [38;5;117m[DEBUG]: [0mThis is a debug message from thread 2518-09-2026 00:29:33 [38;5;117m[DEBUG]: [0mThis is a debug message from thread 1218-09-2026 00:29:33 [38;5;009m[ERROR]: [0mThis is a error message from thread 918-09-2026 00:29:33 [38;5;009m[ERROR]: [0mThis is a error message from thread 1018-09-2026 00:29:33 [38;5;117m[DEBUG]: [0mThis is a debug message from thread 1618-09-2026 00:29:33 [38;5;015m[INFO]: [0mThis is a info message from thread 518-09-2026 00:29:33 [38;5;015m[INFO]: [0mThis is a info message from thread 1518-09-2026 00:29:33 [38;5;015m[INFO]: [0mThis is a info message from thread 1318-09-2026 00:29:33 [38;5;009m[ERROR]: [0mThis is a error message from thread 718-09-2026 00:29:33 [38;5;015m[INFO]: [0mThis is a info message from thread 2018-09-2026 00:29:33 [38;5;015m[INFO]: [0mThis is a info message from thread 2518-09-2026 00:29:33 [38;5;009m[ERROR]: [0mThis is a error message from thread 1418-09-2026 00:29:33 [38;5;015m[INFO]: [0mThis is a info message from thread 1618-09-2026 00:29:33 [38;5;117m[DEBUG]: [0mThis is a debug message from thread 918-09-2026 00:29:33 [38;5;117m[DEBUG]: [0mThis is a debug message from thread 1118-09-2026 00:29:33 [38;5;009m[ERROR]: [0mThis is a error message from thread 2318-09-2026 00:29:33 [38;5;015m[INFO]: [0mThis is a info message from thread 1118-09-2026 00:29:33 [38;5;009m[ERROR]: [0mThis is a error message from thread 1618-09-2026 00:29:33 [38;5;117m[DEBUG]: [0mThis is a debug message from thread 2618-09-2026 00:29:33 [38;5;009m[ERROR]: [0mThis is a error message from thread 2818-09-2026 00:29:33 [38;5;117m[DEBUG]: [0mThis is a debug message from thread 118-09-2026 00:29:33 [38;5;015m[INFO]: [0mThis is a info message from thread 2918-09-2026 00:29:33 [38;5;015m[INFO]: [0mThis is a info message from thread 618-09-2026 00:29:33 [38;5;015m[INFO]: [0mThis is a info message from thread 1218-09-2026 00:29:33 [38;5;117m[DEBUG]: [0mThis is a debug message from thread 2818-09-2026 00:29:33 [38;5;009m[ERROR]: [0mThis is a error message from thread 1118-09-2026 00:29:33 [38;5;117m[DEBUG]: [0mThis is a debug message from thread 2718-09-2026 00:29:33 [38;5;015m[INFO]: [0mThis is a info message from thread 1918-09-2026 00:29:33 [38;5;117m[DEBUG]: [0mThis is a debug message from thread 1418-09-2026 00:29:33 [38;5;117m[DEBUG]: [0mThis is a debug message from thread 2218-09-2026 00:29:33 [38;5;117m[DEBUG]: [0mThis is a debug message from thread 1618-09-2026 00:29:33 [38;5;009m[ERROR]: [0mThis is a error message from thread 418-09-2026 00:29:33 [38;5;009m[ERROR]: [0mThis is a error message from thread 2418-09-2026 00:29:33 [38;5;009m[ERROR]: [0mThis is a error message from thread 2518-09-2026 00:29:33 [38;5;117m[DEBUG]: [0mThis is a debug message from thread 318-09-2026 00:29:33 [38;5;015m[INFO]: [0mThis is a info message from thread 2218-09-2026 00:29:33 [38;5;009m[ERROR]: [0mThis is a error message from thread 2018-09-2026 00:29:33 [38;5;015m[INFO]: [0mThis is a info message from thread 2818-09-2026 00:29:33 [38;5;009m[ERROR]: [0mThis is a error message from thread 1918-09-2026 00:29:33 [38;5;117m[DEBUG]: [0mThis is a debug message from thread 218-09-2026 00:29:33 [38;5;009m[ERROR]: [0mThis is a error message from thread 1518-09-2026 00:29:33 [38;5;117m[DEBUG]: [0mThis is a debug message from thread 1818-09-2026 00:29:33 [38;5;117m[DEBUG]: [0mThis is a debug message from thread 418-09-2026 00:29:33 [38;5;117m[DEBUG]: [0mThis is a debug message from thread 2418-09-2026 00:29:33 [38;5;117m[DEBUG]: [0mThis is a debug message from thread 718-09-2026 00:29:33 [38;5;009m[ERROR]: [0mThis is a error message from thread 2118-09-2026 00:29:33 [38;5;117m[DEBUG]: [0mThis is a debug message from thread 1118-09-2026 00:29:33 [38;5;009m[ERROR]: [0mThis is a error message from thread 1318-09-2026 00:29:33 [38;5;117m[DEBUG]: [0mThis is a debug message from thread 2518-09-2026 00:29:33 [38;5;117m[DEBUG]: [0mThis is a debug message from thread 1518-09-2026 00:29:33 [38;5;009m[ERROR]: [0mThis is a error message from thread 518-09-2026 00:29:33 [38;5;015m[INFO]: [0mThis is a info message from thread 1818-09-2026 00:29:33 [38;5;015m[INFO]: [0mThis is a info message from thread 918-09-2026 00:29:33 [38;5;015m[INFO]: [0mThis is a info message from thread 818-09-2026 00:29:33 [38;5;015m[INFO]: [0mThis is a info message from thread 218-09-2026 00:29:33 [38;5;117m[DEBUG]: [0mThis is a debug message from thread 2318-09-2026 00:29:33 [38;5;015m[INFO]: [0mThis is a info message from thread 2418-09-2026 00:29:33 [38;5;015m[INFO]: [0mThis is a info message from thread 1518-09-2026 00:29:33 [38;5;015m[INFO]: [0mThis is a info message from thread 718-09-2026 00:29:33 [38;5;117m[DEBUG]: [0mThis is a debug message from thread 2018-09-2026 00:29:33 [38;5;015m[INFO]: [0mThis is a info message from thread 2618-09-2026 00:29:33 [38;5;015m[INFO]: [0mThis is a info message from thread 2318-09-2026 00:29:33 [38;5;117m[DEBUG]: [0mThis is a debug message from thread 518-09-2026 00:29:33 [38;5;117m[DEBUG]: [0mThis is a debug message from thread 018-09-2026 00:29:33 [38;5;009m[ERROR]: [0mThis is a error message from thread 618-09-2026 00:29:33 [38;5;015m[INFO]: [0mThis is a info message from thread 1118-09-2026 00:29:33 [38;5;009m[ERROR]: [0mThis is a error message from thread 718-09-2026 00:29:33 [38;5;009m[ERROR]: [0mThis is a error message from thread 818-09-2026 00:29:33 [38;5;015m[INFO]: [0mThis is a info message from thread 018-09-2026 00:29:33 [38;5;009m[ERROR]: [0mThis is a error message from thread 918-09-2026 00:29:33 [38;5;009m[ERROR]: [0mThis is a error message from thread 1818-09-2026 00:29:33 [38;5;009m[ERROR]: [0mThis is a error message from thread 1518-09-2026 00:29:33 [38;5;117m[DEBUG]: [0mThis is a debug message from thread 918-09-2026 00:29:33 [38;5;117m[DEBUG]: [0mThis is a debug message from thread 618-09-2026 00:29:33 [38;5;117m[DEBUG]: [0mThis is a debug message from thread 1518-09-2026 00:29:33 [38;5;015m[INFO]: [0mThis is a info message from thread 918-09-2026 00:29:33 [38;5;015m[INFO]: [0mThis is a info message from thread 618-09-2026 00:29:33 [38;5;015m[INFO]: [0mThis is a info message from thread 1518-09-2026 00:29:33 [38;5;009m[ERROR]: [0mThis is a error message from thread 2618-09-2026 00:29:33 [38;5;009m[ERROR]: [0mThis is a error message from thread 2318-09-2026 00:29:33 [38;5;117m[DEBUG]: [0mThis is a debug message from thread 818-09-2026 00:29:33 [38;5;009m[ERROR]: [0mThis is a error message from thread 018-09-2026 00:29:33 [38;5;009m[ERROR]: [0mThis is a error message from thread 918-09-2026 00:29:33 [38;5;117m[DEBUG]: [0mThis is a debug message from thread 1918-09-2026 00:29:33 [38;5;117m[DEBUG]: [0mThis is a debug message from thread 918-09-2026 00:29:33 [38;5;009m[ERROR]: [0mThis is a error message from thread 618-09-2026 00:29:33 [38;5;015m[INFO]: [0mThis is a info message from thread 1918-09-2026 00:29:33 [38;5;117m[DEBUG]: [0mThis is a debug message from thread 618-09-2026 00:29:33 [38;5;015m[INFO]: [0mThis is a info message from thread 518-09-2026 00:29:33 [38;5;015m[INFO]: [0mThis is a info message from thread 1418-09-2026 00:29:33 [38;5;009m[ERROR]: [0mThis is a error message from thread 1918-09-2026 00:29:33 [38;5;015m[INFO]: [0mThis is a info message from thread 1718-09-2026 00:29:33 [38;5;117m[DEBUG]: [0mThis is a debug message from thread 1318-09-2026 00:29:33 [38;5;015m[INFO]: [0mThis is a info message from thread 318-09-2026 00:29:33 [38;5;009m[ERROR]: [0mThis is a error message from thread 1718-09-2026 00:29:33 [38;5;015m[INFO]: [0mThis is a info message from thread 2518-09-2026 00:29:33 [38;5;117m[DEBUG]: [0mThis is a debug message from thread 1018-09-2026 00:29:33 [38;5;117m[DEBUG]: [0mThis is a debug message from thread 1918-09-2026 00:29:33 [38;5;009m[ERROR]: [0mThis is a error message from thread 2418-09-2026 00:29:33 [38;5;117m[DEBUG]: [0mThis is a debug message from thread 018-09-2026 00:29:33 [38;5;015m[INFO]: [0mThis is a info message from thread 1318-09-2026 00:29:33 [38;5;117m[DEBUG]: [0mThis is a debug message from thread 1718-09-2026 00:29:33 [38;5;009m[ERROR]: [0mThis is a error message from thread 518-09-2026 00:29:33 [38;5;015m[INFO]: [0mThis is a info message from thread 918-09-2026 00:29:33 [38;5;117m[DEBUG]: [0mThis is a debug message from thread 2118-09-2026 00:29:33 [38;5;015m[INFO]: [0mThis is a info message from thread 2018-09-2026 00:29:33 [38;5;015m[INFO]: [0mThis is a info message from thread 1718-09-2026 00:29:33 [38;5;117m[DEBUG]: [0mThis is a debug message from thread 2418-09-2026 00:29:33 [38;5;015m[INFO]: [0mThis is a info message from thread 618-09-2026 00:29:33 [38;5;015m[INFO]: [0mThis is a info message from thread 018-09-2026 00:29:33 [38;5;009m[ERROR]: [0mThis is a error message from thread 1418-09-2026 00:29:33 [38;5;009m[ERROR]: [0mThis is a error message from thread 1118-09-2026 00:29:33 [38;5;009m[ERROR]: [0mThis is a error message from thread 918-09-2026 00:29:33 [38;5;009m[ERROR]: [0mThis is a error message from thread 2818-09-2026 00:29:33 [38;5;015m[INFO]: [0mThis is a info message from thread 2718-09-2026 00:29:33 [38;5;009m[ERROR]: [0mThis is a error message from thread 618-09-2026 00:29:33 [38;5;117m[DEBUG]: [0mThis is a debug message from thread 718-09-2026 00:29:33 [38;5;009m[ERROR]: [0mThis is a error message from thread 2518-09-2026 00:29:33 [38;5;117m[DEBUG]: [0mThis is a debug message from thread 1818-09-2026 00:29:33 [38;5;009m[ERROR]: [0mThis is a error message from thread 2018-09-2026 00:29:33 [38;5;117m[DEBUG]: [0mThis is a debug message from thread 1118-09-2026 00:29:33 [38;5;015m[INFO]: [0mThis is a info message from thread 1618-09-2026 00:29:33 [38;5;015m[INFO]: [0mThis is a info message from thread 1818-09-2026 00:29:33 [38;5;009m[ERROR]: [0mThis is a error message from thread 1318-09-2026 00:29:33 [38;5;117m[DEBUG]: [0mThis is a debug message from thread 518-09-2026 00:29:33 [38;5;009m[ERROR]: [0mThis is a error message from thread 1518-09-2026 00:29:33 [38;5;117m[DEBUG]: [0mThis is a debug message from thread 2618-09-2026 00:29:33 [38;5;117m[DEBUG]: [0mThis is a debug message from thread 1518-09-2026 00:29:33 [38;5;015m[INFO]: [0mThis is a info message from thread 418-09-2026 00:29:33 [38;5;009m[ERROR]: [0mThis is a error message from thread 018-09-2026 00:29:33 [38;5;009m[ERROR]: [0mThis is a error message from thread 1818-09-2026 00:29:33 [38;5;117m[DEBUG]: [0mThis is a debug message from thread 618-09-2026 00:29:33 [38;5;009m[ERROR]: [0mThis is a error message from thread 218-09-2026 00:29:33 [38;5;117m[DEBUG]: [0mThis is a debug message from thread 2318-09-2026 00:29:33 [38;5;009m[ERROR]: [0mThis is a error message from thread 1618-09-2026 00:29:33 [38;5;015m[INFO]: [0mThis is a info message from thread 1518-09-2026 00:29:33 [38;5;117m[DEBUG]: [0mThis is a debug message from thread 2818-09-2026 00:29:33 [38;5;015m[INFO]: [0mThis is a info message from thread 118-09-2026 00:29:33 [38;5;015m[INFO]: [0mThis is a info message from thread 1918-09-2026 00:29:33 [38;5;015m[INFO]: [0mThis is a info message from thread 2618-09-2026 00:29:33 [38;5;009m[ERROR]: [0mThis is a error message from thread 118-09-2026 00:29:33 [38;5;015m[INFO]: [0mThis is a info message from thread 618-09-2026 00:29:33 [38;5;117m[DEBUG]: [0mThis is a debug message from thread 218-09-2026 00:29:33 [38;5;015m[INFO]: [0mThis is a info message from thread 2418-09-2026 00:29:33 [38;5;009m[ERROR]: [0mThis is a error message from thread 418-09-2026 00:29:33 [38;5;117m[DEBUG]: [0mThis is a debug message from thread 2018-09-2026 00:29:33 [38;5;009m[ERROR]: [0mThis is a error message from thread 1218-09-2026 00:29:33 [38;5;117m[DEBUG]: [0mThis is a debug message from thread 2518-09-2026 00:29:33 [38;5;015m[INFO]: [0mThis is a info message from thread 2318-09-2026 00:29:33 [38;5;117m[DEBUG]: [0mThis is a debug message from thread 1818-09-2026 00:29:33 [38;5;009m[ERROR]: [0mThis is a error message from thread 2718-09-2026 00:29:33 [38;5;015m[INFO]: [0mThis is a info message from thread 2818-09-2026 00:29:33 [38;5;117m[DEBUG]: [0mThis is a debug message from thread 1318-09-2026 00:29:33 [38;5;117m[DEBUG]: [0mThis is a debug message from thread 1218-09-2026 00:29:33 [38;5;009m[ERROR]: [0mThis is a error message from thread 2818-09-2026 00:29:33 [38;5;009m[ERROR]: [0mThis is a error message from thread 2618-09-2026 00:29:33 [38;5;117m[DEBUG]: [0mThis is a debug message from thread 1618-09-2026 00:29:33 [38;5;015m[INFO]: [0mThis is a info message from thread 718-09-2026 00:29:33 [38;5;009m[ERROR]: [0mThis is a error message from thread 2218-09-2026 00:29:33 [38;5;015m[INFO]: [0mThis is a info message from thread 1218-09-2026 00:29:33 [38;5;009m[ERROR]: [0mThis is a error message from thread 1518-09-2026 00:29:33 [38;5;015m[INFO]: [0mThis is a info message from thread 818-09-2026 00:29:33 [38;5;117m[DEBUG]: [0mThis is a debug message from thread 2818-09-2026 00:29:33 [38;5;117m[DEBUG]: [0mThis is a debug message from thread 918-09-2026 00:29:33 [38;5;117m[DEBUG]: [0mThis is a debug message from thread 1518-09-2026 00:29:33 [38;5;009m[ERROR]: [0mThis is a error message from thread 2418-09-2026 00:29:33 [38;5;117m[DEBUG]: [0mThis is a debug message from thread 018-09-2026 00:29:33 [38;5;015m[INFO]: [0mThis is a info message from thread 1518-09-2026 00:29:33 [38;5;009m[ERROR]: [0mThis is a error message from thread 1918-09-2026 00:29:33 [38;5;009m[ERROR]: [0mThis is a error message from thread 2918-09-2026 00:29:33 [38;5;009m[ERROR]: [0mThis is a error message from thread 1518-09-2026 00:29:33 [38;5;009m[ERROR]: [0mThis is a error message from thread 818-09-2026 00:29:33 [38;5;117m[DEBUG]: [0mThis is a debug message from thread 1418-09-2026 00:29:33 [38;5;117m[DEBUG]: [0mThis is a debug message from thread 818-09-2026 00:29:33 [38;5;009m[ERROR]: [0mThis is a error message from thread 2318-09-2026 00:29:33 [38;5;015m[INFO]: [0mThis is a info message from thread 518-09-2026 00:29:33 [38;5;015m[INFO]: [0mThis is a info message from thread 918-09-2026 00:29:33 [38;5;015m[INFO]: [0mThis is a info message from thread 1018-09-2026 00:29:33 [38;5;015m[INFO]: [0mThis is a info message from thread 2118-09-2026 00:29:33 [38;5;117m[DEBUG]: [0mThis is a debug message from thread 418-09-2026 00:29:33 [38;5;117m[DEBUG]: [0mThis is a debug message from thread 2918-09-2026 00:29:33 [38;5;015m[INFO]: [0mThis is a info message from thread 2518-09-2026 00:29:33 [38;5;009m[ERROR]: [0mThis is a error message from thread 1218-09-2026 00:29:33 [38;5;015m[INFO]: [0mThis is a info message from thread 018-09-2026 00:29:33 [38;5;009m[ERROR]: [0mThis is a error message from thread 2118-09-2026 00:29:33 [38;5;117m[DEBUG]: [0mThis is a debug message from thread 2318-09-2026 00:29:33 [38;5;009m[ERROR]: [0mThis is a error message from thread 518-09-2026 00:29:33 [38;5;117m[DEBUG]: [0mThis is a debug message from thread 2418-09-2026 00:29:33 [38;5;015m[INFO]: [0mThis is a info message from thread 1318-09-2026 00:29:33 [38;5;009m[ERROR]: [0mThis is a error message from thread 2518-09-2026 00:29:33 [38;5;117m[DEBUG]: [0mThis is a debug message from thread 1918-09-2026 00:29:33 [38;5;009m[ERROR]: [0mThis is a error message from thread 1018-09-2026 00:29:33 [38;5;117m[DEBUG]: [0mThis is a debug message from thread 518-09-2026 00:29:33 [38;5;015m[INFO]: [0mThis is a info message from thread 1118-09-2026 00:29:33 [38;5;009m[ERROR]: [0mThis is a error message from thread 1718-09-2026 00:29:33 [38;5;015m[INFO]: [0mThis is a info message from thread 2918-09-2026 00:29:33 [38;5;015m[INFO]: [0mThis is a info message from thread 518-09-2026 00:29:33 [38;5;009m[ERROR]: [0mThis is a error message from thread 2918-09-2026 00:29:33 [38;5;117m[DEBUG]: [0mThis is a debug message from thread 1218-09-2026 00:29:33 [38;5;015m[INFO]: [0mThis is a info message from thread 1918-09-2026 00:29:33 [38;5;117m[DEBUG]: [0mThis is a debug message from thread 1718-09-2026 00:29:33 [38;5;009m[ERROR]: [0mThis is a error message from thread 318-09-2026 00:29:33 [38;5;015m[INFO]: [0mThis is a info message from thread 1418-09-2026 00:29:33 [38;5;117m[DEBUG]: [0mThis is a debug message from thread 2518-09-2026 00:29:33 [38;5;009m[ERROR]: [0mThis is a error message from thread 1118-09-2026 00:29:33 [38;5;117m[DEBUG]: [0mThis is a debug message from thread 2218-09-2026 00:29:33 [38;5;015m[INFO]: [0mThis is a info message from thread 218-09-2026 00:29:33 [38;5;015m[INFO]: [0mThis is a info message from thread 2518-09-2026 00:29:33 [38;5;009m[ERROR]: [0mThis is a error message from thread 718-09-2026 00:29:33 [38;5;009m[ERROR]: [0mThis is a error message from thread 618-09-2026 00:29:33 [38;5;015m[INFO]: [0mThis is a info message from thread 1618-09-2026 00:29:33 [38;5;117m[DEBUG]: [0mThis is a debug message from thread 1518-09-2026 00:29:33 [38;5;015m[INFO]: [0mThis is a info message from thread 2818-09-2026 00:29:33 [38;5;009m[ERROR]: [0mThis is a error message from thread 1318-09-2026 00:29:33 [38;5;117m[DEBUG]: [0mThis is a debug message from thread 318-09-2026 00:29:33 [38;5;117m[DEBUG]: [0mThis is a debug message from thread 2618-09-2026 00:29:33 [38;5;015m[INFO]: [0mThis is a info message from thread 1718-09-2026 00:29:33 [38;5;009m[ERROR]: [0mThis is a error message from thread 218-09-2026 00:29:33 [38;5;117m[DEBUG]: [0mThis is a debug message from thread 1018-09-2026 00:29:33 [38;5;009m[ERROR]: [0mThis is a error message from thread 2818-09-2026 00:29:33 [38;5;015m[INFO]: [0mThis is a info message from thread 318-09-2026 00:29:33 [38;5;117m[DEBUG]: [0mThis is a debug message from thread 2818-09-2026 00:29:33 [38;5;015m[INFO]: [0mThis is a info message from thread 2318-09-2026 00:29:33 [38;5;015m[INFO]: [0mThis is a info message from thread 2818-09-2026 00:29:33 [38;5;015m[INFO]: [0mThis is a info message from thread 2618-09-2026 00:29:33 [38;5;015m[INFO]: [0mThis is a info message from thread 418-09-2026 00:29:33 [38;5;009m[ERROR]: [0mThis is a error message from thread 2818-09-2026 00:29:33 [38;5;015m[INFO]: [0mThis is a info message from thread 818-09-2026 00:29:33 [38;5;009m[ERROR]: [0mThis is a error message from thread 518-09-2026 00:29:33 [38;5;117m[DEBUG]: [0mThis is a debug message from thread 518-09-2026 00:29:33 [38;5;117m[DEBUG]: [0mThis is a debug message from thread 618-09-2026 00:29:33 [38;5;117m[DEBUG]: [0mThis is a debug message from thread 718-09-2026 00:29:33 [38;5;015m[INFO]: [0mThis is a info message from thread 1018-09-2026 00:29:33 [38;5;009m[ERROR]: [0mThis is a error message from thread 318-09-2026 00:29:33 [38;5;117m[DEBUG]: [0mThis is a debug message from thread 2818-09-2026 00:29:33 [38;5;117m[DEBUG]: [0mThis is a debug message from thread 218-09-2026 00:29:33 [38;5;009m[ERROR]: [0mThis is a error message from thread 1618-09-2026 00:29:33 [38;5;015m[INFO]: [0mThis is a info message from thread 1218-09-2026 00:29:33 [38;5;009m[ERROR]: [0mThis is a error message from thread 018-09-2026 00:29:33 [38;5;015m[INFO]: [0mThis is a info message from thread 518-09-2026 00:29:33 [38;5;117m[DEBUG]: [0mThis is a debug message from thread 118-09-2026 00:29:33 [38;5;015m[INFO]: [0mThis is a info message from thread 118-09-2026 00:29:33 [38;5;009m[ERROR]: [0mThis is a error message from thread 118-09-2026 00:29:33 [38;5;009m[ERROR]: [0mThis is a error message from thread 1718-09-2026 00:29:33 [38;5;015m[INFO]: [0mThis is a info message from thread 1518-09-2026 00:29:33 [38;5;117m[DEBUG]: [0mThis is a debug message from thread 2918-09-2026 00:29:33 [38;5;015m[INFO]: [0mThis is a info message from thread 718-09-2026 00:29:33 [38;5;009m[ERROR]: [0mThis is a error message from thread 518-09-2026 00:29:33 [38;5;009m[ERROR]: [0mThis is a error message from thread 818-09-2026 00:29:33 [38;5;117m[DEBUG]: [0mThis is a debug message from thread 2118-09-2026 00:29:33 [38;5;117m[DEBUG]: [0mThis is a debug message from thread 318-09-2026 00:29:33 [38;5;117m[DEBUG]: [0mThis is a debug message from thread 018-09-2026 00:29:33 [38;5;117m[DEBUG]: [0mThis is a debug message from thread 1318-09-2026 00:29:33 [38;5;015m[INFO]: [0mThis is a info message from thread 618-09-2026 00:29:33 [38;5;015m[INFO]: [0mThis is a info message from thread 2118-09-2026 00:29:33 [38;5;015m[INFO]: [0mThis is a info message from thread 218-09-2026 00:29:33 [38;5;015m[INFO]: [0mThis is a info message from thread 1818-09-2026 00:29:33 [38;5;117m[DEBUG]: [0mThis is a debug message from thread 2718-09-2026 00:29:33 [38;5;015m[INFO]: [0mThis is a info message from thread 2218-09-2026 00:29:33 [38;5;015m[INFO]: [0mThis is a info message from thread 318-09-2026 00:29:33 [38;5;015m[INFO]: [0mThis is a info message from thread 2018-09-2026 00:29:33 [38;5;009m[ERROR]: [0mThis is a error message from thread 1818-09-2026 00:29:33 [38;5;009m[ERROR]: [0mThis is a error message from thread 2118-09-2026 00:29:33 [38;5;009m[ERROR]: [0mThis is a error message from thread 2618-09-2026 00:29:33 [38;5;009m[ERROR]: [0mThis is a error message from thread 1018-09-2026 00:29:33 [38;5;015m[INFO]: [0mThis is a info message from thread 2818-09-2026 00:29:33 [38;5;009m[ERROR]: [0mThis is a error message from thread 318-09-2026 00:29:33 [38;5;117m[DEBUG]: [0mThis is a debug message from thread 818-09-2026 00:29:33 [38;5;009m[ERROR]: [0mThis is a error message from thread 2818-09-2026 00:29:33 [38;5;015m[INFO]: [0mThis is a info message from thread 2718-09-2026 00:29:33 [38;5;117m[DEBUG]: [0mThis is a debug message from thread 1618-09-2026 00:29:33 [38;5;015m[INFO]: [0mThis is a info message from thread 1318-09-2026 00:29:33 [38;5;009m[ERROR]: [0mThis is a error message from thread 2018-09-2026 00:29:33 [38;5;009m[ERROR]: [0mThis is a error message from thread 718-09-2026 00:29:33 [38;5;117m[DEBUG]: [0mThis is a debug message from thread 2818-09-2026 00:29:33 [38;5;009m[ERROR]: [0mThis is a error message from thread 918-09-2026 00:29:33 [38;5;015m[INFO]: [0mThis is a info message from thread 2418-09-2026 00:29:33 [38;5;009m[ERROR]: [0mThis is a error message from thread 1418-09-2026 00:29:33 [38;5;009m[ERROR]: [0mThis is a error message from thread 2718-09-2026 00:29:33 [38;5;117m[DEBUG]: [0mThis is a debug message from thread 118-09-2026 00:29:33 [38;5;117m[DEBUG]: [0mThis is a debug message from thread 1718-09-2026 00:29:33 [38;5;015m[INFO]: [0mThis is a info message from thread 2918-09-2026 00:29:33 [38;5;117m[DEBUG]: [0mThis is a debug message from thread 1818-09-2026 00:29:33 [38;5;009m[ERROR]: [0mThis is a error message from thread 218-09-2026 00:29:33 [38;5;117m[DEBUG]: [0mThis is a debug message from thread 918-09-2026 00:29:33 [38;5;015m[INFO]: [0mThis is a info message from thread 018-09-2026 00:29:33 [38;5;117m[DEBUG]: [0mThis is a debug message from thread 218-09-2026 00:29:33 [38;5;009m[ERROR]: [0mThis is a error message from thread 2318-09-2026 00:29:33 [38;5;009m[ERROR]: [0mThis is a error message from thread 618-09-2026 00:29:33 [38;5;015m[INFO]: [0mThis is a info message from thread 218-09-2026 00:29:33 [38;5;015m[INFO]: [0mThis is a info message from thread 2818-09-2026 00:29:33 [38;5;117m[DEBUG]: [0mThis is a debug message from thread 618-09-2026 00:29:33 [38;5;009m[ERROR]: [0mThis is a error message from thread 2818-09-2026 00:29:33 [38;5;015m[INFO]: [0mThis is a info message from thread 1818-09-2026 00:29:33 [38;5;009m[ERROR]: [0mThis is a error message from thread 1818-09-2026 00:29:33 [38;5;009m[ERROR]: [0mThis is a error message from thread 1918-09-2026 00:29:33 [38;5;117m[DEBUG]: [0mThis is a debug message from thread 718-09-2026 00:29:33 [38;5;009m[ERROR]: [0mThis is a error message from thread 018-09-2026 00:29:33 [38;5;015m[INFO]: [0mThis is a info message from thread 118-09-2026 00:29:33 [38;5;015m[INFO]: [0mThis is a info message from thread 818-09-2026 00:29:33 [38;5;117m[DEBUG]: [0mThis is a debug message from thread 1918-09-2026 00:29:33 [38;5;117m[DEBUG]: [0mThis is a debug message from thread 1818-09-2026 00:29:33 [38;5;117m[DEBUG]: [0mThis is a debug message from thread 1118-09-2026 00:29:33 [38;5;009m[ERROR]: [0mThis is a error message from thread 218-09-2026 00:29:33 [38;5;015m[INFO]: [0mThis is a info message from thread 1718-09-2026 00:29:33 [38;5;009m[ERROR]: [0mThis is a error message from thread 818-09-2026 00:29:33 [38;5;009m[ERROR]: [0mThis is a error message from thread 118-09-2026 00:29:33 [38;5;117m[DEBUG]: [0mThis is a debug message from thread 018-09-2026 00:29:33 [38;5;009m[ERROR]: [0mThis is a error message from thread 1718-09-2026 00:29:33 [38;5;015m[INFO]: [0mThis is a info message from thread 1818-09-2026 00:29:33 [38;5;015m[INFO]: [0mThis is a info message from thread 018-09-2026 00:29:33 [38;5;117m[DEBUG]: [0mThis is a debug message from thread 2618-09-2026 00:29:33 [38;5;009m[ERROR]: [0mThis is a error message from thread 1818-09-2026 00:29:33 [38;5;117m[DEBUG]: [0mThis is a debug message from thread 118-09-2026 00:29:33 [38;5;117m[DEBUG]: [0mThis is a debug message from thread 318-09-2026 00:29:33 [38;5;117m[DEBUG]: [0mThis is a debug message from thread 818-09-2026 00:29:33 [38;5;015m[INFO]: [0mThis is a info message from thread 1918-09-2026 00:29:33 [38;5;009m[ERROR]: [0mThis is a error message from thread 418-09-2026 00:29:33 [38;5;009m[ERROR]: [0mThis is a error message from thread 018-09-2026 00:29:33 [38;5;015m[INFO]: [0mThis is a info message from thread 2618-09-2026 00:29:33 [38;5;015m[INFO]: [0mThis is a info message from thread 718-09-2026 00:29:33 [38;5;009m[ERROR]: [0mThis is a error message from thread 2618-09-2026 00:29:33 [38;5;015m[INFO]: [0mThis is a info message from thread 118-09-2026 00:29:33 [38;5;117m[DEBUG]: [0mThis is a debug message from thread 2118-09-2026 00:29:33 [38;5;015m[INFO]: [0mThis is a info message from thread 818-09-2026 00:29:33 [38;5;117m[DEBUG]: [0mThis is a debug message from thread 218-09-2026 00:29:33 [38;5;117m[DEBUG]: [0mThis is a debug message from thread 018-09-2026 00:29:33 [38;5;009m[ERROR]: [0mThis is a error message from thread 1518-09-2026 00:29:33 [38;5;117m[DEBUG]: [0mThis is a debug message from thread 1818-09-2026 00:29:33 [38;5;117m[DEBUG]: [0mThis is a debug message from thread 2318-09-2026 00:29:33 [38;5;015m[INFO]: [0mThis is a info message from thread 2118-09-2026 00:29:33 [38;5;117m[DEBUG]: [0mThis is a debug message from thread 1518-09-2026 00:29:33 [38;5;015m[INFO]: [0mThis is a info message from thread 218-09-2026 00:29:33 [38;5;015m[INFO]: [0mThis is a info message from thread 1818-09-2026 00:29:33 [38;5;009m[ERROR]: [0mThis is a error message from thread 2418-09-2026 00:29:33 [38;5;009m[ERROR]: [0mThis is a error message from thread 718-09-2026 00:29:33 [38;5;009m[ERROR]: [0mThis is a error message from thread 2918-09-2026 00:29:33 [38;5;015m[INFO]: [0mThis is a info message from thread 1618-09-2026 00:29:33 [38;5;009m[ERROR]: [0mThis is a error message from thread 2118-09-2026 00:29:33 [38;5;117m[DEBUG]: [0mThis is a debug message from thread 1718-09-2026 00:29:33 [38;5;117m[DEBUG]: [0mThis is a debug message from thread 518-09-2026 00:29:33 [38;5;015m[INFO]: [0mThis is a info message from thread 1518-09-2026 00:29:33 [38;5;117m[DEBUG]: [0mThis is a debug message from thread 2818-09-2026 00:29:33 [38;5;009m[ERROR]: [0mThis is a error message from thread 218-09-2026 00:29:33 [38;5;009m[ERROR]: [0mThis is a error message from thread 118-09-2026 00:29:33 [38;5;015m[INFO]: [0mThis is a info message from thread 1118-09-2026 00:29:33 [38;5;015m[INFO]: [0mThis is a info message from thread 2318-09-2026 00:29:33 [38;5;117m[DEBUG]: [0mThis is a debug message from thread 2418-09-2026 00:29:33 [38;5;015m[INFO]: [0mThis is a info message from thread 2818-09-2026 00:29:33 [38;5;009m[ERROR]: [0mThis is a error message from thread 2518-09-2026 00:29:33 [38;5;117m[DEBUG]: [0mThis is a debug message from thread 418-09-2026 00:29:33 [38;5;117m[DEBUG]: [0mThis is a debug message from thread 2618-09-2026 00:29:33 [38;5;009m[ERROR]: [0mThis is a error message from thread 1118-09-2026 00:29:33 [38;5;015m[INFO]: [0mThis is a info message from thread 2418-09-2026 00:29:33 [38;5;009m[ERROR]: [0mThis is a error message from thread 1218-09-2026 00:29:33 [38;5;117m[DEBUG]: [0mThis is a debug message from thread 1118-09-2026 00:29:33 [38;5;009m[ERROR]: [0mThis is a error message from thread 2218-09-2026 00:29:33 [38;5;015m[INFO]: [0mThis is a info message from thread 1118-09-2026 00:29:33 [38;5;009m[ERROR]: [0mThis is a error message from thread 1618-09-2026 00:29:33 [38;5;009m[ERROR]: [0mThis is a error message from thread 2418-09-2026 00:29:33 [38;5;117m[DEBUG]: [0mThis is a debug message from thread 2218-09-2026 00:29:33 [38;5;117m[DEBUG]: [0mThis is a debug message from thread 1218-09-2026 00:29:33 [38;5;015m[INFO]: [0mThis is a info message from thread 2618-09-2026 00:29:33 [38;5;015m[INFO]: [0mThis is a info message from thread 1218-09-2026 00:29:33 [38;5;015m[INFO]: [0mThis is a info message from thread 2218-09-2026 00:29:33 [38;5;009m[ERROR]: [0mThis is a error message from thread 1818-09-2026 00:29:33 [38;5;009m[ERROR]: [0mThis is a error message from thread 2818-09-2026 00:29:33 [38;5;009m[ERROR]: [0mThis is a error message from thread 818-09-2026 00:29:33 [38;5;015m[INFO]: [0mThis is a info message from thread 018-09-2026 00:29:33 [38;5;009m[ERROR]: [0mThis is a error message from thread 1218-09-2026 00:29:33 [38;5;117m[DEBUG]: [0mThis is a debug message from thread 1418-09-2026 00:29:33 [38;5;117m[DEBUG]: [0mThis is a debug message from thread 718-09-2026 00:29:33 [38;5;009m[ERROR]: [0mThis is a error message from thread 1518-09-2026 00:29:33 [38;5;015m[INFO]: [0mThis is a info message from thread 418-09-2026 00:29:33 [38;5;117m[DEBUG]: [0mThis is a debug message from thread 1818-09-2026 00:29:33 [38;5;117m[DEBUG]: [0mThis is a debug message from thread 818-09-2026 00:29:33 [38;5;009m[ERROR]: [0mThis is a error message from thread 1918-09-2026 00:29:33 [38;5;117m[DEBUG]: [0mThis is a debug message from thread 2818-09-2026 00:29:33 [38;5;117m[DEBUG]: [0mThis is a debug message from thread 2118-09-2026 00:29:33 [38;5;015m[INFO]: [0mThis is a info message from thread 518-09-2026 00:29:33 [38;5;015m[INFO]: [0mThis is a info message from thread 818-09-2026 00:29:33 [38;5;009m[ERROR]: [0mThis is a error message from thread 2218-09-2026 00:29:33 [38;5;009m[ERROR]: [0mThis is a error message from thread 018-09-2026 00:29:33 [38;5;117m[DEBUG]: [0mThis is a debug message from thread 1218-09-2026 00:29:33 [38;5;015m[INFO]: [0mThis is a info message from thread 618-09-2026 00:29:33 [38;5;015m[INFO]: [0mThis is a info message from thread 318-09-2026 00:29:33 [38;5;015m[INFO]: [0mThis is a info message from thread 718-09-2026 00:29:33 [38;5;015m[INFO]: [0mThis is a info message from thread 1718-09-2026 00:29:33 [38;5;117m[DEBUG]: [0mThis is a debug message from thread 2718-09-2026 00:29:33 [38;5;117m[DEBUG]: [0mThis is a debug message from thread 2918-09-2026 00:29:33 [38;5;009m[ERROR]: [0mThis is a error message from thread 318-09-2026 00:29:33 [38;5;009m[ERROR]: [0mThis is a error message from thread 1118-09-2026 00:29:33 [38;5;015m[INFO]: [0mThis is a info message from thread 1818-09-2026 00:29:33 [38;5;117m[DEBUG]: [0mThis is a debug message from thread 218-09-2026 00:29:33 [38;5;117m[DEBUG]: [0mThis is a debug message from thread 1918-09-2026 00:29:33 [38;5;009m[ERROR]: [0mThis is a error message from thread 1718-09-2026 00:29:33 [38;5;015m[INFO]: [0mThis is a info message from thread 2118-09-2026 00:29:33 [38;5;015m[INFO]: [0mThis is a info message from thread 1418-09-2026 00:29:33 [38;5;117m[DEBUG]: [0mThis is a debug message from thread 118-09-2026 00:29:33 [38;5;117m[DEBUG]: [0mThis is a debug message from thread 1018-09-2026 00:29:33 [38;5;117m[DEBUG]: [0mThis is a debug message from thread 1618-09-2026 00:29:33 [38;5;015m[INFO]: [0mThis is a info message from thread 1918-09-2026 00:29:33 [38;5;015m[INFO]: [0mThis is a info message from thread 2918-09-2026 00:29:33 [38;5;015m[INFO]: [0mThis is a info message from thread 218-09-2026 00:29:33 [38;5;009m[ERROR]: [0mThis is a error message from thread 618-09-2026 00:29:33 [38;5;015m[INFO]: [0mThis is a info message from thread 1618-09-2026 00:29:33 [38;5;117m[DEBUG]: [0mThis is a debug message from thread 1118-09-2026 00:29:33 [38;5;009m[ERROR]: [0mThis is a error message from thread 2118-09-2026 00:29:33 [38;5;009m[ERROR]: [0mThis is a error message from thread 1618-09-2026 00:29:33 [38;5;009m[ERROR]: [0mThis is a error message from thread 1918-09-2026 00:29:33 [38;5;117m[DEBUG]: [0mThis is a debug message from thread 1718-09-2026 00:29:33 [38;5;009m[ERROR]: [0mThis is a error message from thread 218-09-2026 00:29:33 [38;5;009m[ERROR]: [0mThis is a error message from thread 2918-09-2026 00:29:33 [38;5;117m[DEBUG]: [0mThis is a debug message from thread 2418-09-2026 00:29:33 [38;5;009m[ERROR]: [0mThis is a error message from thread 2618-09-2026 00:29:33 [38;5;117m[DEBUG]: [0mThis is a debug message from thread 2618-09-2026 00:29:33 [38;5;015m[INFO]: [0mThis is a info message from thread 1718-09-2026 00:29:33 [38;5;015m[INFO]: [0mThis is a info message from thread 2418-09-2026 00:29:33 [38;5;117m[DEBUG]: [0mThis is a debug message from thread 218-09-2026 00:29:33 [38;5;117m[DEBUG]: [0mThis is a debug message from thread 1618-09-2026 00:29:33 [38;5;015m[INFO]: [0mThis is a info message from thread 1018-09-2026 00:29:33 [38;5;015m[INFO]: [0mThis is a info message from thread 218-09-2026 00:29:33 [38;5;117m[DEBUG]: [0mThis is a debug message from thread 1918-09-2026 00:29:33 [38;5;015m[INFO]: [0mThis is a info message from thread 1118-09-2026 00:29:33 [38;5;009m[ERROR]: [0mThis is a error message from thread 1718-09-2026 00:29:33 [38;5;015m[INFO]: [0mThis is a info message from thread 2618-09-2026 00:29:33 [38;5;117m[DEBUG]: [0mThis is a debug message from thread 2218-09-2026 00:29:33 [38;5;009m[ERROR]: [0mThis is a error message from thread 518-09-2026 00:29:33 [38;5;117m[DEBUG]: [0mThis is a debug message from thread 018-09-2026 00:29:33 [38;5;009m[ERROR]: [0mThis is a error message from thread 418-09-2026 00:29:33 [38;5;015m[INFO]: [0mThis is a info message from thread 018-09-2026 00:29:33 [38;5;117m[DEBUG]: [0mThis is a debug message from thread 418-09-2026 00:29:33 [38;5;117m[DEBUG]: [0mThis is a debug message from thread 618-09-2026 00:29:33 [38;5;015m[INFO]: [0mThis is a info message from thread 2718-09-2026 00:29:33 [38;5;015m[INFO]: [0mThis is a info message from thread 418-09-2026 00:29:33 [38;5;009m[ERROR]: [0mThis is a error message from thread 218-09-2026 00:29:33 [38;5;009m[ERROR]: [0mThis is a error message from thread 418-09-2026 00:29:33 [38;5;117m[DEBUG]: [0mThis is a debug message from thread 218-09-2026 00:29:33 [38;5;117m[DEBUG]: [0mThis is a debug message from thread 418-09-2026 00:29:33 [38;5;015m[INFO]: [0mThis is a info message from thread 218-09-2026 00:29:33 [38;5;015m[INFO]: [0mThis is a info message from thread 418-09-2026 00:29:33 [38;5;009m[ERROR]: [0mThis is a error message from thread 218-09-2026 00:29:33 [38;5;009m[ERROR]: [0mThis is a error message from thread 1418-09-2026 00:29:33 [38;5;015m[INFO]: [0mThis is a info message from thread 1218-09-2026 00:29:33 [38;5;015m[INFO]: [0mThis is a info message from thread 918-09-2026 00:29:33 [38;5;009m[ERROR]: [0mThis is a error message from thread 1218-09-2026 00:29:33 [38;5;009m[ERROR]: [0mThis is a error message from thread 1818-09-2026 00:29:33 [38;5;009m[ERROR]: [0mThis is a error message from thread 918-09-2026 00:29:33 [38;5;117m[DEBUG]: [0mThis is a debug message from thread 318-09-2026 00:29:33 [38;5;117m[DEBUG]: [0mThis is a debug message from thread 1218-09-2026 00:29:33 [38;5;117m[DEBUG]: [0mThis is a debug message from thread 918-09-2026 00:29:33 [38;5;015m[INFO]: [0mThis is a info message from thread 1218-09-2026 00:29:33 [38;5;117m[DEBUG]: [0mThis is a debug message from thread 2018-09-2026 00:29:33 [38;5;117m[DEBUG]: [0mThis is a debug message from thread 518-09-2026 00:29:33 [38;5;015m[INFO]: [0mThis is a info message from thread 2018-09-2026 00:29:33 [38;5;015m[INFO]: [0mThis is a info message from thread 1618-09-2026 00:29:33 [38;5;015m[INFO]: [0mThis is a info message from thread 618-09-2026 00:29:33 [38;5;015m[INFO]: [0mThis is a info message from thread 1918-09-2026 00:29:33 [38;5;009m[ERROR]: [0mThis is a error message from thread 2418-09-2026 00:29:33 [38;5;009m[ERROR]: [0mThis is a error message from thread 018-09-2026 00:29:33 [38;5;117m[DEBUG]: [0mThis is a debug message from thread 2418-09-2026 00:29:33 [38;5;015m[INFO]: [0mThis is a info message from thread 2218-09-2026 00:29:33 [38;5;117m[DEBUG]: [0mThis is a debug message from thread 1518-09-2026 00:29:33 [38;5;009m[ERROR]: [0mThis is a error message from thread 718-09-2026 00:29:33 [38;5;015m[INFO]: [0mThis is a info message from thread 1518-09-2026 00:29:33 [38;5;117m[DEBUG]: [0mThis is a debug message from thread 718-09-2026 00:29:33 [38;5;009m[ERROR]: [0mThis is a error message from thread 1118-09-2026 00:29:33 [38;5;117m[DEBUG]: [0mThis is a debug message from thread 2918-09-2026 00:29:33 [38;5;117m[DEBUG]: [0mThis is a debug message from thread 1118-09-2026 00:29:33 [38;5;009m[ERROR]: [0mThis is a error message from thread 1318-09-2026 00:29:33 [38;5;015m[INFO]: [0mThis is a info message from thread 2918-09-2026 00:29:33 [38;5;015m[INFO]: [0mThis is a info message from thread 1118-09-2026 00:29:33 [38;5;117m[DEBUG]: [0mThis is a debug message from thread 1318-09-2026 00:29:33 [38;5;117m[DEBUG]: [0mThis is a debug message from thread 218-09-2026 00:29:33 [38;5;009m[ERROR]: [0mThis is a error message from thread 2918-09-2026 00:29:33 [38;5;015m[INFO]: [0mThis is a info message from thread 218-09-2026 00:29:33 [38;5;117m[DEBUG]: [0mThis is a debug message from thread 2918-09-2026 00:29:33 [38;5;117m[DEBUG]: [0mThis is a debug message from thread 2518-09-2026 00:29:33 [38;5;009m[ERROR]: [0mThis is a error message from thread 818-09-2026 00:29:33 [38;5;015m[INFO]: [0mThis is a info message from thread 2918-09-2026 00:29:33 [38;5;009m[ERROR]: [0mThis is a error message from thread 2918-09-2026 00:29:33 [38;5;015m[INFO]: [0mThis is a info message from thread 918-09-2026 00:29:33 [38;5;117m[DEBUG]: [0mThis is a debug message from thread 2918-09-2026 00:29:33 [38;5;015m[INFO]: [0mThis is a info message from thread 118-09-2026 00:29:33 [38;5;015m[INFO]: [0mThis is a info message from thread 2918-09-2026 00:29:33 [38;5;009m[ERROR]: [0mThis is a error message from thread 2018-09-2026 00:29:33 [38;5;009m[ERROR]: [0mThis is a error message from thread 118-09-2026 00:29:33 [38;5;117m[DEBUG]: [0mThis is a debug message from thread 2018-09-2026 00:29:33 [38;5;009m[ERROR]: [0mThis is a error message from thread 618-09-2026 00:29:33 [38;5;117m[DEBUG]: [0mThis is a debug message from thread 118-09-2026 00:29:33 [38;5;015m[INFO]: [0mThis is a info message from thread 2018-09-2026 00:29:33 [38;5;015m[INFO]: [0mThis is a info message from thread 118-09-2026 00:29:33 [38;5;117m[DEBUG]: [0mThis is a debug message from thread 618-09-2026 00:29:33 [38;5;015m[INFO]: [0mThis is a info message from thread 2418-09-2026 00:29:33 [38;5;009m[ERROR]: [0mThis is a error message from thread 118-09-2026 00:29:33 [38;5;015m[INFO]: [0mThis is a info message from thread 618-09-2026 00:29:33 [38;5;117m[DEBUG]: [0mThis is a debug message from thread 118-09-2026 00:29:33 [38;5;009m[ERROR]: [0mThis is a error message from thread 2418-09-2026 00:29:33 [38;5;009m[ERROR]: [0mThis is a error message from thread 2718-09-2026 00:29:33 [38;5;015m[INFO]: [0mThis is a info message from thread 2818-09-2026 00:29:33 [38;5;015m[INFO]: [0mThis is a info message from thread 118-09-2026 00:29:33 [38;5;009m[ERROR]: [0mThis is a error message from thread 2018-09-2026 00:29:33 [38;5;009m[ERROR]: [0mThis is a error message from thread 2218-09-2026 00:29:33 [38;5;009m[ERROR]: [0mThis is a error message from thread 118-09-2026 00:29:33 [38;5;117m[DEBUG]: [0mThis is a debug message from thread 2018-09-2026 00:29:33 [38;5;009m[ERROR]: [0mThis is a error message from thread 1118-09-2026 00:29:33 [38;5;117m[DEBUG]: [0mThis is a debug message from thread 2218-09-2026 00:29:33 [38;5;009m[ERROR]: [0mThis is a error message from thread 1518-09-2026 00:29:33 [38;5;015m[INFO]: [0mThis is a info message from thread 2018-09-2026 00:29:33 [38;5;117m[DEBUG]: [0mThis is a debug message from thread 1118-09-2026 00:29:33 [38;5;009m[ERROR]: [0mThis is a error message from thread 2018-09-2026 00:29:33 [38;5;117m[DEBUG]: [0mThis is a debug message from thread 118-09-2026 00:29:33 [38;5;009m[ERROR]: [0mThis is a error message from thread 2918-09-2026 00:29:33 [38;5;009m[ERROR]: [0mThis is a error message from thread 1618-09-2026 00:29:33 [38;5;117m[DEBUG]: [0mThis is a debug message from thread 2918-09-2026 00:29:33 [38;5;117m[DEBUG]: [0mThis is a debug message from thread 1618-09-2026 00:29:33 [38;5;015m[INFO]: [0mThis is a info message from thread 2918-09-2026 00:29:33 [38;5;015m[INFO]: [0mThis is a info message from thread 1618-09-2026 00:29:33 [38;5;009m[ERROR]: [0mThis is a error message from thread 418-09-2026 00:29:33 [38;5;117m[DEBUG]: [0mThis is a debug message from thread 018-09-2026 00:29:33 [38;5;015m[INFO]: [0mThis is a info message from thread 1118-09-2026 00:29:33 [38;5;009m[ERROR]: [0mThis is a error message from thread 618-09-2026 00:29:33 [38;5;015m[INFO]: [0mThis is a info message from thread 018-09-2026 00:29:33 [38;5;117m[DEBUG]: [0mThis is a debug message from thread 2418-09-2026 00:29:33 [38;5;015m[INFO]: [0mThis is a info message from thread 518-09-2026 00:29:33 [38;5;015m[INFO]: [0mThis is a info message from thread 2418-09-2026 00:29:33 [38;5;117m[DEBUG]: [0mThis is a debug message from thread 1818-09-2026 00:29:33 [38;5;009m[ERROR]: [0mThis is a error message from thread 1118-09-2026 00:29:33 [38;5;009m[ERROR]: [0mThis is a error message from thread 1918-09-2026 00:29:33 [38;5;117m[DEBUG]: [0mThis is a debug message from thread 1418-09-2026 00:29:33 [38;5;117m[DEBUG]: [0mThis is a debug message from thread 1118-09-2026 00:29:33 [38;5;015m[INFO]: [0mThis is a info message from thread 1318-09-2026 00:29:33 [38;5;117m[DEBUG]: [0mThis is a debug message from thread 1918-09-2026 00:29:33 [38;5;015m[INFO]: [0mThis is a info message from thread 1118-09-2026 00:29:33 [38;5;009m[ERROR]: [0mThis is a error message from thread 1318-09-2026 00:29:33 [38;5;015m[INFO]: [0mThis is a info message from thread 2518-09-2026 00:29:33 [38;5;009m[ERROR]: [0mThis is a error message from thread 1118-09-2026 00:29:33 [38;5;015m[INFO]: [0mThis is a info message from thread 1418-09-2026 00:29:33 [38;5;009m[ERROR]: [0mThis is a error message from thread 2518-09-2026 00:29:33 [38;5;117m[DEBUG]: [0mThis is a debug message from thread 1318-09-2026 00:29:33 [38;5;117m[DEBUG]: [0mThis is a debug message from thread 1118-09-2026 00:29:33 [38;5;117m[DEBUG]: [0mThis is a debug message from thread 2518-09-2026 00:29:33 [38;5;015m[INFO]: [0mThis is a info message from thread 1318-09-2026 00:29:33 [38;5;009m[ERROR]: [0mThis is a error message from thread 2318-09-2026 00:29:33 [38;5;015m[INFO]: [0mThis is a info message from thread 318-09-2026 00:29:33 [38;5;015m[INFO]: [0mThis is a info message from thread 1118-09-2026 00:29:33 [38;5;009m[ERROR]: [0mThis is a error message from thread 1318-09-2026 00:29:33 [38;5;117m[DEBUG]: [0mThis is a debug message from thread 2018-09-2026 00:29:33 [38;5;009m[ERROR]: [0mThis is a error message from thread 218-09-2026 00:29:33 [38;5;117m[DEBUG]: [0mThis is a debug message from thread 2718-09-2026 00:29:33 [38;5;015m[INFO]: [0mThis is a info message from thread 1818-09-2026 00:29:33 [38;5;117m[DEBUG]: [0mThis is a debug message from thread 2318-09-2026 00:29:33 [38;5;117m[DEBUG]: [0mThis is a debug message from thread 418-09-2026 00:29:33 [38;5;015m[INFO]: [0mThis is a info message from thread 2018-09-2026 00:29:33 [38;5;009m[ERROR]: [0mThis is a error message from thread 518-09-2026 00:29:33 [38;5;117m[DEBUG]: [0mThis is a debug message from thread 1718-09-2026 00:29:33 [38;5;009m[ERROR]: [0mThis is a error message from thread 918-09-2026 00:29:33 [38;5;117m[DEBUG]: [0mThis is a debug message from thread 1318-09-2026 00:29:33 [38;5;117m[DEBUG]: [0mThis is a debug message from thread 818-09-2026 00:29:33 [38;5;117m[DEBUG]: [0mThis is a debug message from thread 218-09-2026 00:29:33 [38;5;015m[INFO]: [0mThis is a info message from thread 718-09-2026 00:29:33 [38;5;117m[DEBUG]: [0mThis is a debug message from thread 618-09-2026 00:29:33 [38;5;015m[INFO]: [0mThis is a info message from thread 618-09-2026 00:29:33 [38;5;009m[ERROR]: [0mThis is a error message from thread 1618-09-2026 00:29:33 [38;5;009m[ERROR]: [0mThis is a error message from thread 1818-09-2026 00:29:33 [38;5;009m[ERROR]: [0mThis is a error message from thread 618-09-2026 00:29:33 [38;5;009m[ERROR]: [0mThis is a error message from thread 018-09-2026 00:29:33 [38;5;009m[ERROR]: [0mThis is a error message from thread 2818-09-2026 00:29:33 [38;5;009m[ERROR]: [0mThis is a error message from thread 318-09-2026 00:29:33 [38;5;015m[INFO]: [0mThis is a info message from thread 1918-09-2026 00:29:33 [38;5;009m[ERROR]: [0mThis is a error message from thread 2018-09-2026 00:29:33 [38;5;009m[ERROR]: [0mThis is a error message from thread 1418-09-2026 00:29:33 [38;5;009m[ERROR]: [0mThis is a error message from thread 1918-09-2026 00:29:33 [38;5;015m[INFO]: [0mThis is a info message from thread 418-09-2026 00:29:33 [38;5;117m[DEBUG]: [0mThis is a debug message from thread 2818-09-2026 00:29:33 [38;5;117m[DEBUG]: [0mThis is a debug message from thread 2018-09-2026 00:29:33 [38;5;117m[DEBUG]: [0mThis is a debug message from thread 1918-09-2026 00:29:33 [38;5;009m[ERROR]: [0mThis is a error message from thread 1118-09-2026 00:29:33 [38;5;015m[INFO]: [0mThis is a info message from thread 118-09-2026 00:29:33 [38;5;117m[DEBUG]: [0mThis is a debug message from thread 018-09-2026 00:29:33 [38;5;117m[DEBUG]: [0mThis is a debug message from thread 1118-09-2026 00:29:33 [38;5;117m[DEBUG]: [0mThis is a debug message from thread 1818-09-2026 00:29:33 [38;5;117m[DEBUG]: [0mThis is a debug message from thread 1418-09-2026 00:29:33 [38;5;009m[ERROR]: [0mThis is a error message from thread 118-09-2026 00:29:33 [38;5;015m[INFO]: [0mThis is a info message from thread 2518-09-2026 00:29:33 [38;5;015m[INFO]: [0mThis is a info message from thread 1818-09-2026 00:29:33 [38;5;015m[INFO]: [0mThis is a info message from thread 1918-09-2026 00:29:33 [38;5;015m[INFO]: [0mThis is a info message from thread 2318-09-2026 00:29:33 [38;5;117m[DEBUG]: [0mThis is a debug message from thread 618-09-2026 00:29:33 [38;5;009m[ERROR]: [0mThis is a error message from thread 1818-09-2026 00:29:33 [38;5;009m[ERROR]: [0mThis is a error message from thread 2618-09-2026 00:29:33 [38;5;009m[ERROR]: [0mThis is a error message from thread 1218-09-2026 00:29:33 [38;5;117m[DEBUG]: [0mThis is a debug message from thread 2118-09-2026 00:29:33 [38;5;009m[ERROR]: [0mThis is a error message from thread 2918-09-2026 00:29:33 [38;5;015m[INFO]: [0mThis is a info message from thread 1718-09-2026 00:29:33 [38;5;009m[ERROR]: [0mThis is a error message from thread 1718-09-2026 00:29:33 [38;5;015m[INFO]: [0mThis is a info message from thread 2818-09-2026 00:29:33 [38;5;117m[DEBUG]: [0mThis is a debug message from thread 918-09-2026 00:29:33 [38;5;117m[DEBUG]: [0mThis is a debug message from thread 318-09-2026 00:29:33 [38;5;009m[ERROR]: [0mThis is a error message from thread 1018-09-2026 00:29:33 [38;5;015m[INFO]: [0mThis is a info message from thread 818-09-2026 00:29:33 [38;5;009m[ERROR]: [0mThis is a error message from thread 2418-09-2026 00:29:33 [38;5;009m[ERROR]: [0mThis is a error message from thread 2318-09-2026 00:29:33 [38;5;117m[DEBUG]: [0mThis is a debug message from thread 1718-09-2026 00:29:33 [38;5;015m[INFO]: [0mThis is a info message from thread 2118-09-2026 00:29:33 [38;5;117m[DEBUG]: [0mThis is a debug message from thread 2618-09-2026 00:29:33 [38;5;015m[INFO]: [0mThis is a info message from thread 318-09-2026 00:29:33 [38;5;015m[INFO]: [0mThis is a info message from thread 2618-09-2026 00:29:33 [38;5;015m[INFO]: [0mThis is a info message from thread 1418-09-2026 00:29:33 [38;5;009m[ERROR]: [0mThis is a error message from thread 1418-09-2026 00:29:33 [38;5;117m[DEBUG]: [0mThis is a debug message from thread 1418-09-2026 00:29:33 [38;5;117m[DEBUG]: [0mThis is a debug message from thread 1018-09-2026 00:29:33 [38;5;015m[INFO]: [0mThis is a info message from thread 1318-09-2026 00:29:33 [38;5;009m[ERROR]: [0mThis is a error message from thread 318-09-2026 00:29:33 [38;5;015m[INFO]: [0mThis is a info message from thread 1418-09-2026 00:29:33 [38;5;117m[DEBUG]: [0mThis is a debug message from thread 1218-09-2026 00:29:33 [38;5;117m[DEBUG]: [0mThis is a debug message from thread 1518-09-2026 00:29:33 [38;5;015m[INFO]: [0mThis is a info message from thread 1018-09-2026 00:29:33 [38;5;015m[INFO]: [0mThis is a info message from thread 1518-09-2026 00:29:33 [38;5;009m[ERROR]: [0mThis is a error message from thread 1318-09-2026 00:29:33 [38;5;015m[INFO]: [0mThis is a info message from thread 918-09-2026 00:29:33 [38;5;015m[INFO]: [0mThis is a info message from thread 2018-09-2026 00:29:33 [38;5;009m[ERROR]: [0mThis is a error message from thread 818-09-2026 00:29:33 [38;5;009m[ERROR]: [0mThis is a error message from thread 1918-09-2026 00:29:33 [38;5;015m[INFO]: [0mThis is a info message from thread 018-09-2026 00:29:33 [38;5;117m[DEBUG]: [0mThis is a debug message from thread 518-09-2026 00:29:33 [38;5;009m[ERROR]: [0mThis is a error message from thread 718-09-2026 00:29:33 [38;5;015m[INFO]: [0mThis is a info message from thread 618-09-2026 00:29:33 [38;5;015m[INFO]: [0mThis is a info message from thread 218-09-2026 00:29:33 [38;5;117m[DEBUG]: [0mThis is a debug message from thread 718-09-2026 00:29:33 [38;5;117m[DEBUG]: [0mThis is a debug message from thread 1918-09-2026 00:29:33 [38;5;117m[DEBUG]: [0mThis is a debug message from thread 818-09-2026 00:29:33 [38;5;117m[DEBUG]: [0mThis is a debug message from thread 2918-09-2026 00:29:33 [38;5;015m[INFO]: [0mThis is a info message from thread 2918-09-2026 00:29:33 [38;5;009m[ERROR]: [0mThis is a error message from thread 1018-09-2026 00:29:33 [38;5;009m[ERROR]: [0mThis is a error message from thread 2818-09-2026 00:29:33 [38;5;009m[ERROR]: [0mThis is a error message from thread 2018-09-2026 00:29:33 [38;5;117m[DEBUG]: [0mThis is a debug message from thread 1618-09-2026 00:29:33 [38;5;117m[DEBUG]: [0mThis is a debug message from thread 2018-09-2026 00:29:33 [38;5;015m[INFO]: [0mThis is a info message from thread 1718-09-2026 00:29:33 [38;5;015m[INFO]: [0mThis is a info message from thread 818-09-2026 00:29:33 [38;5;009m[ERROR]: [0mThis is a error message from thread 618-09-2026 00:29:33 [38;5;015m[INFO]: [0mThis is a info message from thread 1918-09-2026 00:29:33 [38;5;117m[DEBUG]: [0mThis is a debug message from thread 2818-09-2026 00:29:33 [38;5;015m[INFO]: [0mThis is a info message from thread 2818-09-2026 00:29:33 [38;5;117m[DEBUG]: [0mThis is a debug message from thread 118-09-2026 00:29:33 [38;5;015m[INFO]: [0mThis is a info message from thread 1218-09-2026 00:29:33 [38;5;009m[ERROR]: [0mThis is a error message from thread 918-09-2026 00:29:33 [38;5;009m[ERROR]: [0mThis is a error message from thread 2118-09-2026 00:29:33 [38;5;015m[INFO]: [0mThis is a info message from thread 518-09-2026 00:29:33 [38;5;009m[ERROR]: [0mThis is a error message from thread 2918-09-2026 00:29:33 [38;5;009m[ERROR]: [0mThis is a error message from thread 818-09-2026 00:29:33 [38;5;015m[INFO]: [0mThis is a info message from thread 1118-09-2026 00:29:33 [38;5;117m[DEBUG]: [0mThis is a debug message from thread 2318-09-2026 00:29:33 [38;5;009m[ERROR]: [0mThis is a error message from thread 1418-09-2026 00:29:33 [38;5;117m[DEBUG]: [0mThis is a debug message from thread 1318-09-2026 00:29:33 [38;5;117m[DEBUG]: [0mThis is a debug message from thread 2418-09-2026 00:29:33 [38;5;009m[ERROR]: [0mThis is a error message from thread 2618-09-2026 00:29:33 [38;5;015m[INFO]: [0mThis is a info message from thread 2218-09-2026 00:29:33 [38;5;015m[INFO]: [0mThis is a info message from thread 118-09-2026 00:29:33 [38;5;015m[INFO]: [0mThis is a info message from thread 1318-09-2026 00:29:33 [38;5;009m[ERROR]: [0mThis is a error message from thread 2818-09-2026 00:29:33 [38;5;015m[INFO]: [0mThis is a info message from thread 1618-09-2026 00:29:33 [38;5;009m[ERROR]: [0mThis is a error message from thread 1318-09-2026 00:29:33 [38;5;117m[DEBUG]: [0mThis is a debug message from thread 2618-09-2026 00:29:33 [38;5;117m[DEBUG]: [0mThis is a debug message from thread 1318-09-2026 00:29:33 [38;5;117m[DEBUG]: [0mThis is a debug message from thread 1418-09-2026 00:29:33 [38;5;015m[INFO]: [0mThis is a info message from thread 2618-09-2026 00:29:33 [38;5;009m[ERROR]: [0mThis is a error message from thread 1118-09-2026 00:29:33 [38;5;009m[ERROR]: [0mThis is a error message from thread 1618-09-2026 00:29:33 [38;5;015m[INFO]: [0mThis is a info message from thread 1318-09-2026 00:29:33 [38;5;117m[DEBUG]: [0mThis is a debug message from thread 2818-09-2026 00:29:33 [38;5;015m[INFO]: [0mThis is a info message from thread 1418-09-2026 00:29:33 [38;5;009m[ERROR]: [0mThis is a error message from thread 418-09-2026 00:29:33 [38;5;117m[DEBUG]: [0mThis is a debug message from thread 1618-09-2026 00:29:33 [38;5;117m[DEBUG]: [0mThis is a debug message from thread 418-09-2026 00:29:33 [38;5;117m[DEBUG]: [0mThis is a debug message from thread 318-09-2026 00:29:33 [38;5;015m[INFO]: [0mThis is a info message from thread 418-09-2026 00:29:33 [38;5;009m[ERROR]: [0mThis is a error message from thread 1218-09-2026 00:29:33 [38;5;015m[INFO]: [0mThis is a info message from thread 2818-09-2026 00:29:33 [38;5;117m[DEBUG]: [0mThis is a debug message from thread 1218-09-2026 00:29:33 [38;5;015m[INFO]: [0mThis is a info message from thread 1218-09-2026 00:29:33 [38;5;117m[DEBUG]: [0mThis is a debug message from thread 1118-09-2026 00:29:33 [38;5;009m[ERROR]: [0mThis is a error message from thread 1418-09-2026 00:29:33 [38;5;117m[DEBUG]: [0mThis is a debug message from thread 1418-09-2026 00:29:33 [38;5;009m[ERROR]: [0mThis is a error message from thread 418-09-2026 00:29:33 [38;5;015m[INFO]: [0mThis is a info message from thread 2418-09-2026 00:29:33 [38;5;117m[DEBUG]: [0mThis is a debug message from thread 618-09-2026 00:29:33 [38;5;009m[ERROR]: [0mThis is a error message from thread 518-09-2026 00:29:33 [38;5;015m[INFO]: [0mThis is a info message from thread 1618-09-2026 00:29:33 [38;5;009m[ERROR]: [0mThis is a error message from thread 1618-09-2026 00:29:33 [38;5;015m[INFO]: [0mThis is a info message from thread 1118-09-2026 00:29:33 [38;5;015m[INFO]: [0mThis is a info message from thread 2318-09-2026 00:29:33 [38;5;015m[INFO]: [0mThis is a info message from thread 318-09-2026 00:29:33 [38;5;009m[ERROR]: [0mThis is a error message from thread 2818-09-2026 00:29:33 [38;5;009m[ERROR]: [0mThis is a error message from thread 1218-09-2026 00:29:33 [38;5;117m[DEBUG]: [0mThis is a debug message from thread 2118-09-2026 00:29:33 [38;5;009m[ERROR]: [0mThis is a error message from thread 318-09-2026 00:29:33 [38;5;009m[ERROR]: [0mThis is a error message from thread 2518-09-2026 00:29:33 [38;5;015m[INFO]: [0mThis is a info message from thread 2018-09-2026 00:29:33 [38;5;117m[DEBUG]: [0mThis is a debug message from thread 818-09-2026 00:29:33 [38;5;015m[INFO]: [0mThis is a info message from thread 718-09-2026 00:29:33 [38;5;117m[DEBUG]: [0mThis is a debug message from thread 1218-09-2026 00:29:33 [38;5;009m[ERROR]: [0mThis is a error message from thread 2618-09-2026 00:29:33 [38;5;015m[INFO]: [0mThis is a info message from thread 1218-09-2026 00:29:33 [38;5;117m[DEBUG]: [0mThis is a debug message from thread 1018-09-2026 00:29:33 [38;5;009m[ERROR]: [0mThis is a error message from thread 2418-09-2026 00:29:33 [38;5;117m[DEBUG]: [0mThis is a debug message from thread 2818-09-2026 00:29:33 [38;5;009m[ERROR]: [0mThis is a error message from thread 118-09-2026 00:29:33 [38;5;117m[DEBUG]: [0mThis is a debug message from thread 418-09-2026 00:29:33 [38;5;009m[ERROR]: [0mThis is a error message from thread 2018-09-2026 00:29:33 [38;5;117m[DEBUG]: [0mThis is a debug message from thread 118-09-2026 00:29:33 [38;5;015m[INFO]: [0mThis is a info message from thread 118-09-2026 00:29:33 [38;5;009m[ERROR]: [0mThis is a error message from thread 1218-09-2026 00:29:33 [38;5;015m[INFO]: [0mThis is a info message from thread 2718-09-2026 00:29:33 [38;5;009m[ERROR]: [0mThis is a error message from thread 718-09-2026 00:29:33 [38;5;009m[ERROR]: [0mThis is a error message from thread 2318-09-2026 00:29:33 [38;5;117m[DEBUG]: [0mThis is a debug message from thread 2518-09-2026 00:29:33 [38;5;009m[ERROR]: [0mThis is a error message from thread 118-09-2026 00:29:33 [38;5;117m[DEBUG]: [0mThis is a debug message from thread 118-09-2026 00:29:33 [38;5;015m[INFO]: [0mThis is a info message from thread 818-09-2026 00:29:33 [38;5;015m[INFO]: [0mThis is a info message from thread 118-09-2026 00:29:33 [38;5;117m[DEBUG]: [0mThis is a debug message from thread 1818-09-2026 00:29:33 [38;5;009m[ERROR]: [0mThis is a error message from thread 1718-09-2026 00:29:33 [38;5;009m[ERROR]: [0mThis is a error message from thread 2218-09-2026 00:29:33 [38;5;009m[ERROR]: [0mThis is a error message from thread 2718-09-2026 00:29:33 [38;5;117m[DEBUG]: [0mThis is a debug message from thread 518-09-2026 00:29:33 [38;5;015m[INFO]: [0mThis is a info message from thread 1818-09-2026 00:29:33 [38;5;009m[ERROR]: [0mThis is a error message from thread 818-09-2026 00:29:33 [38;5;009m[ERROR]: [0mThis is a error message from thread 1818-09-2026 00:29:33 [38;5;117m[DEBUG]: [0mThis is a debug message from thread 2618-09-2026 00:29:33 [38;5;009m[ERROR]: [0mThis is a error message from thread 218-09-2026 00:29:33 [38;5;015m[INFO]: [0mThis is a info message from thread 618-09-2026 00:29:33 [38;5;015m[INFO]: [0mThis is a info message from thread 2118-09-2026 00:29:33 [38;5;117m[DEBUG]: [0mThis is a debug message from thread 818-09-2026 00:29:33 [38;5;015m[INFO]: [0mThis is a info message from thread 2618-09-2026 00:29:33 [38;5;117m[DEBUG]: [0mThis is a debug message from thread 2718-09-2026 00:29:33 [38;5;117m[DEBUG]: [0mThis is a debug message from thread 318-09-2026 00:29:33 [38;5;117m[DEBUG]: [0mThis is a debug message from thread 918-09-2026 00:29:33 [38;5;009m[ERROR]: [0mThis is a error message from thread 1518-09-2026 00:29:33 [38;5;015m[INFO]: [0mThis is a info message from thread 418-09-2026 00:29:33 [38;5;117m[DEBUG]: [0mThis is a debug message from thread 1518-09-2026 00:29:33 [38;5;015m[INFO]: [0mThis is a info message from thread 318-09-2026 00:29:33 [38;5;015m[INFO]: [0mThis is a info message from thread 2718-09-2026 00:29:33 [38;5;117m[DEBUG]: [0mThis is a debug message from thread 2318-09-2026 00:29:33 [38;5;117m[DEBUG]: [0mThis is a debug message from thread 1718-09-2026 00:29:33 [38;5;009m[ERROR]: [0mThis is a error message from thread 1318-09-2026 00:29:33 [38;5;009m[ERROR]: [0mThis is a error message from thread 1918-09-2026 00:29:33 [38;5;015m[INFO]: [0mThis is a info message from thread 2818-09-2026 00:29:33 [38;5;009m[ERROR]: [0mThis is a error message from thread 2118-09-2026 00:29:33 [38;5;009m[ERROR]: [0mThis is a error message from thread 618-09-2026 00:29:33 [38;5;117m[DEBUG]: [0mThis is a debug message from thread 2218-09-2026 00:29:33 [38;5;117m[DEBUG]: [0mThis is a debug message from thread 1918-09-2026 00:29:33 [38;5;015m[INFO]: [0mThis is a info message from thread 818-09-2026 00:29:33 [38;5;009m[ERROR]: [0mThis is a error message from thread 2818-09-2026 00:29:33 [38;5;117m[DEBUG]: [0mThis is a debug message from thread 2118-09-2026 00:29:33 [38;5;015m[INFO]: [0mThis is a info message from thread 1718-09-2026 00:29:33 [38;5;117m[DEBUG]: [0mThis is a debug message from thread 1218-09-2026 00:29:33 [38;5;117m[DEBUG]: [0mThis is a debug message from thread 718-09-2026 00:29:33 [38;5;009m[ERROR]: [0mThis is a error message from thread 2618-09-2026 00:29:33 [38;5;015m[INFO]: [0mThis is a info message from thread 2118-09-2026 00:29:33 [38;5;015m[INFO]: [0mThis is a info message from thread 718-09-2026 00:29:33 [38;5;117m[DEBUG]: [0mThis is a debug message from thread 2818-09-2026 00:29:33 [38;5;009m[ERROR]: [0mThis is a error message from thread 1718-09-2026 00:29:33 [38;5;117m[DEBUG]: [0mThis is a debug message from thread 2418-09-2026 00:29:33 [38;5;117m[DEBUG]: [0mThis is a debug message from thread 218-09-2026 00:29:33 [38;5;117m[DEBUG]: [0mThis is a debug message from thread 1818-09-2026 00:29:33 [38;5;015m[INFO]: [0mThis is a info message from thread 1918-09-2026 00:29:33 [38;5;117m[DEBUG]: [0mThis is a debug message from thread 618-09-2026 00:29:33 [38;5;009m[ERROR]: [0mThis is a error message from thread 818-09-2026 00:29:33 [38;5;009m[ERROR]: [0mThis is a error message from thread 1118-09-2026 00:29:33 [38;5;117m[DEBUG]: [0mThis is a debug message from thread 1618-09-2026 00:29:33 [38;5;015m[INFO]: [0mThis is a info message from thread 2518-09-2026 00:29:33 [38;5;015m[INFO]: [0mThis is a info message from thread 2318-09-2026 00:29:33 [38;5;117m[DEBUG]: [0mThis is a debug message from thread 1718-09-2026 00:29:33 [38;5;009m[ERROR]: [0mThis is a error message from thread 1918-09-2026 00:29:33 [38;5;117m[DEBUG]: [0mThis is a debug message from thread 1118-09-2026 00:29:33 [38;5;015m[INFO]: [0mThis is a info message from thread 218-09-2026 00:29:33 [38;5;117m[DEBUG]: [0mThis is a debug message from thread 1918-09-2026 00:29:33 [38;5;015m[INFO]: [0mThis is a info message from thread 1718-09-2026 00:29:33 [38;5;015m[INFO]: [0mThis is a info message from thread 1918-09-2026 00:29:33 [38;5;117m[DEBUG]: [0mThis is a debug message from thread 818-09-2026 00:29:33 [38;5;015m[INFO]: [0mThis is a info message from thread 618-09-2026 00:29:33 [38;5;009m[ERROR]: [0mThis is a error message from thread 718-09-2026 00:29:33 [38;5;009m[ERROR]: [0mThis is a error message from thread 018-09-2026 00:29:33 [38;5;015m[INFO]: [0mThis is a info message from thread 818-09-2026 00:29:33 [38;5;117m[DEBUG]: [0mThis is a debug message from thread 018-09-2026 00:29:33 [38;5;015m[INFO]: [0mThis is a info message from thread 1618-09-2026 00:29:33 [38;5;009m[ERROR]: [0mThis is a error message from thread 218-09-2026 00:29:33 [38;5;015m[INFO]: [0mThis is a info message from thread 1118-09-2026 00:29:33 [38;5;117m[DEBUG]: [0mThis is a debug message from thread 2918-09-2026 00:29:33 [38;5;009m[ERROR]: [0mThis is a error message from thread 1618-09-2026 00:29:33 [38;5;015m[INFO]: [0mThis is a info message from thread 018-09-2026 00:29:33 [38;5;009m[ERROR]: [0mThis is a error message from thread 018-09-2026 00:29:33 [38;5;009m[ERROR]: [0mThis is a error message from thread 2318-09-2026 00:29:33 [38;5;117m[DEBUG]: [0mThis is a debug message from thread 2318-09-2026 00:29:33 [38;5;117m[DEBUG]: [0mThis is a debug message from thread 1618-09-2026 00:29:33 [38;5;009m[ERROR]: [0mThis is a error message from thread 1918-09-2026 00:29:33 [38;5;117m[DEBUG]: [0mThis is a debug message from thread 018-09-2026 00:29:33 [38;5;015m[INFO]: [0mThis is a info message from thread 018-09-2026 00:29:33 [38;5;117m[DEBUG]: [0mThis is a debug message from thread 218-09-2026 00:29:33 [38;5;117m[DEBUG]: [0mThis is a debug message from thread 718-09-2026 00:29:33 [38;5;009m[ERROR]: [0mThis is a error message from thread 118-09-2026 00:29:33 [38;5;009m[ERROR]: [0mThis is a error message from thread 318-09-2026 00:29:33 [38;5;015m[INFO]: [0mThis is a info message from thread 918-09-2026 00:29:33 [38;5;015m[INFO]: [0mThis is a info message from thread 1218-09-2026 00:29:33 [38;5;015m[INFO]: [0mThis is a info message from thread 518-09-2026 00:29:33 [38;5;009m[ERROR]: [0mThis is a error message from thread 2718-09-2026 00:29:33 [38;5;009m[ERROR]: [0mThis is a error message from thread 018-09-2026 00:29:33 [38;5;015m[INFO]: [0mThis is a info message from thread 1618-09-2026 00:29:33 [38;5;117m[DEBUG]: [0mThis is a debug message from thread 118-09-2026 00:29:33 [38;5;015m[INFO]: [0mThis is a info message from thread 218-09-2026 00:29:33 [38;5;015m[INFO]: [0mThis is a info message from thread 118-09-2026 00:29:33 [38;5;117m[DEBUG]: [0mThis is a debug message from thread 318-09-2026 00:29:33 [38;5;009m[ERROR]: [0mThis is a error message from thread 518-09-2026 00:29:33 [38;5;009m[ERROR]: [0mThis is a error message from thread 218-09-2026 00:29:33 [38;5;015m[INFO]: [0mThis is a info message from thread 1818-09-2026 00:29:33 [38;5;009m[ERROR]: [0mThis is a error message from thread 418-09-2026 00:29:33 [38;5;117m[DEBUG]: [0mThis is a debug message from thread 1918-09-2026 00:29:33 [38;5;009m[ERROR]: [0mThis is a error message from thread 1618-09-2026 00:29:33 [38;5;117m[DEBUG]: [0mThis is a debug message from thread 018-09-2026 00:29:33 [38;5;117m[DEBUG]: [0mThis is a debug message from thread 2618-09-2026 00:29:33 [38;5;117m[DEBUG]: [0mThis is a debug message from thread 1318-09-2026 00:29:33 [38;5;015m[INFO]: [0mThis is a info message from thread 318-09-2026 00:29:33 [38;5;015m[INFO]: [0mThis is a info message from thread 1318-09-2026 00:29:33 [38;5;117m[DEBUG]: [0mThis is a debug message from thread 518-09-2026 00:29:33 [38;5;015m[INFO]: [0mThis is a info message from thread 1918-09-2026 00:29:33 [38;5;015m[INFO]: [0mThis is a info message from thread 718-09-2026 00:29:33 [38;5;015m[INFO]: [0mThis is a info message from thread 1018-09-2026 00:29:33 [38;5;015m[INFO]: [0mThis is a info message from thread 518-09-2026 00:29:33 [38;5;015m[INFO]: [0mThis is a info message from thread 2818-09-2026 00:29:33 [38;5;015m[INFO]: [0mThis is a info message from thread 018-09-2026 00:29:33 [38;5;015m[INFO]: [0mThis is a info message from thread 2918-09-2026 00:29:33 [38;5;009m[ERROR]: [0mThis is a error message from thread 618-09-2026 00:29:33 [38;5;009m[ERROR]: [0mThis is a error message from thread 518-09-2026 00:29:33 [38;5;009m[ERROR]: [0mThis is a error message from thread 1718-09-2026 00:29:33 [38;5;015m[INFO]: [0mThis is a info message from thread 2618-09-2026 00:29:33 [38;5;009m[ERROR]: [0mThis is a error message from thread 1818-09-2026 00:29:33 [38;5;117m[DEBUG]: [0mThis is a debug message from thread 518-09-2026 00:29:33 [38;5;117m[DEBUG]: [0mThis is a debug message from thread 1718-09-2026 00:29:33 [38;5;117m[DEBUG]: [0mThis is a debug message from thread 1618-09-2026 00:29:33 [38;5;015m[INFO]: [0mThis is a info message from thread 518-09-2026 00:29:33 [38;5;009m[ERROR]: [0mThis is a error message from thread 2918-09-2026 00:29:33 [38;5;009m[ERROR]: [0mThis is a error message from thread 1118-09-2026 00:29:33 [38;5;015m[INFO]: [0mThis is a info message from thread 1618-09-2026 00:29:33 [38;5;009m[ERROR]: [0mThis is a error message from thread 018-09-2026 00:29:33 [38;5;117m[DEBUG]: [0mThis is a debug message from thread 2918-09-2026 00:29:33 [38;5;009m[ERROR]: [0mThis is a error message from thread 518-09-2026 00:29:33 [38;5;015m[INFO]: [0mThis is a info message from thread 2918-09-2026 00:29:33 [38;5;117m[DEBUG]: [0mThis is a debug message from thread 2018-09-2026 00:29:33 [38;5;009m[ERROR]: [0mThis is a error message from thread 2518-09-2026 00:29:33 [38;5;117m[DEBUG]: [0mThis is a debug message from thread 518-09-2026 00:29:33 [38;5;015m[INFO]: [0mThis is a info message from thread 1718-09-2026 00:29:33 [38;5;117m[DEBUG]: [0mThis is a debug message from thread 018-09-2026 00:29:33 [38;5;117m[DEBUG]: [0mThis is a debug message from thread 218-09-2026 00:29:33 [38;5;117m[DEBUG]: [0mThis is a debug message from thread 2718-09-2026 00:29:33 [38;5;117m[DEBUG]: [0mThis is a debug message from thread 1818-09-2026 00:29:33 [38;5;009m[ERROR]: [0mThis is a error message from thread 2918-09-2026 00:29:33 [38;5;009m[ERROR]: [0mThis is a error message from thread 718-09-2026 00:29:33 [38;5;015m[INFO]: [0mThis is a info message from thread 1518-09-2026 00:29:33 [38;5;009m[ERROR]: [0mThis is a error message from thread 1718-09-2026 00:29:33 [38;5;009m[ERROR]: [0mThis is a error message from thread 2618-09-2026 00:29:33 [38;5;015m[INFO]: [0mThis is a info message from thread 018-09-2026 00:29:33 [38;5;009m[ERROR]: [0mThis is a error message from thread 918-09-2026 00:29:33 [38;5;117m[DEBUG]: [0mThis is a debug message from thread 1118-09-2026 00:29:33 [38;5;009m[ERROR]: [0mThis is a error message from thread 1518-09-2026 00:29:33 [38;5;015m[INFO]: [0mThis is a info message from thread 1818-09-2026 00:29:33 [38;5;015m[INFO]: [0mThis is a info message from thread 1418-09-2026 00:29:33 [38;5;117m[DEBUG]: [0mThis is a debug message from thread 2918-09-2026 00:29:33 [38;5;015m[INFO]: [0mThis is a info message from thread 2218-09-2026 00:29:33 [38;5;015m[INFO]: [0mThis is a info message from thread 1118-09-2026 00:29:33 [38;5;117m[DEBUG]: [0mThis is a debug message from thread 418-09-2026 00:29:33 [38;5;117m[DEBUG]: [0mThis is a debug message from thread 1718-09-2026 00:29:33 [38;5;015m[INFO]: [0mThis is a info message from thread 2718-09-2026 00:29:33 [38;5;009m[ERROR]: [0mThis is a error message from thread 1418-09-2026 00:29:33 [38;5;009m[ERROR]: [0mThis is a error message from thread 1218-09-2026 00:29:33 [38;5;009m[ERROR]: [0mThis is a error message from thread 318-09-2026 00:29:33 [38;5;117m[DEBUG]: [0mThis is a debug message from thread 2618-09-2026 00:29:33 [38;5;117m[DEBUG]: [0mThis is a debug message from thread 1218-09-2026 00:29:33 [38;5;117m[DEBUG]: [0mThis is a debug message from thread 1518-09-2026 00:29:33 [38;5;009m[ERROR]: [0mThis is a error message from thread 2218-09-2026 00:29:33 [38;5;009m[ERROR]: [0mThis is a error message from thread 1618-09-2026 00:29:33 [38;5;009m[ERROR]: [0mThis is a error message from thread 1118-09-2026 00:29:33 [38;5;015m[INFO]: [0mThis is a info message from thread 2918-09-2026 00:29:33 [38;5;015m[INFO]: [0mThis is a info message from thread 218-09-2026 00:29:33 [38;5;009m[ERROR]: [0mThis is a error message from thread 1918-09-2026 00:29:33 [38;5;015m[INFO]: [0mThis is a info message from thread 1218-09-2026 00:29:33 [38;5;117m[DEBUG]: [0mThis is a debug message from thread 1618-09-2026 00:29:33 [38;5;009m[ERROR]: [0mThis is a error message from thread 2718-09-2026 00:29:33 [38;5;117m[DEBUG]: [0mThis is a debug message from thread 718-09-2026 00:29:33 [38;5;117m[DEBUG]: [0mThis is a debug message from thread 1418-09-2026 00:29:33 [38;5;009m[ERROR]: [0mThis is a error message from thread 1218-09-2026 00:29:33 [38;5;117m[DEBUG]: [0mThis is a debug message from thread 2218-09-2026 00:29:33 [38;5;117m[DEBUG]: [0mThis is a debug message from thread 1918-09-2026 00:29:33 [38;5;015m[INFO]: [0mThis is a info message from thread 718-09-2026 00:29:33 [38;5;009m[ERROR]: [0mThis is a error message from thread 2818-09-2026 00:29:33 [38;5;009m[ERROR]: [0mThis is a error message from thread 218-09-2026 00:29:33 [38;5;009m[ERROR]: [0mThis is a error message from thread 718-09-2026 00:29:33 [38;5;015m[INFO]: [0mThis is a info message from thread 1418-09-2026 00:29:33 [38;5;009m[ERROR]: [0mThis is a error message from thread 018-09-2026 00:29:33 [38;5;117m[DEBUG]: [0mThis is a debug message from thread 918-09-2026 00:29:33 [38;5;117m[DEBUG]: [0mThis is a debug message from thread 218-09-2026 00:29:33 [38;5;117m[DEBUG]: [0mThis is a debug message from thread 618-09-2026 00:29:33 [38;5;117m[DEBUG]: [0mThis is a debug message from thread 2518-09-2026 00:29:33 [38;5;117m[DEBUG]: [0mThis is a debug message from thread 718-09-2026 00:29:33 [38;5;015m[INFO]: [0mThis is a info message from thread 1618-09-2026 00:29:33 [38;5;015m[INFO]: [0mThis is a info message from thread 918-09-2026 00:29:33 [38;5;015m[INFO]: [0mThis is a info message from thread 218-09-2026 00:29:33 [38;5;009m[ERROR]: [0mThis is a error message from thread 1418-09-2026 00:29:33 [38;5;117m[DEBUG]: [0mThis is a debug message from thread 1218-09-2026 00:29:33 [38;5;117m[DEBUG]: [0mThis is a debug message from thread 1118-09-2026 00:29:33 [38;5;015m[INFO]: [0mThis is a info message from thread 2518-09-2026 00:29:33 [38;5;015m[INFO]: [0mThis is a info message from thread 2418-09-2026 00:29:33 [38;5;009m[ERROR]: [0mThis is a error message from thread 218-09-2026 00:29:33 [38;5;015m[INFO]: [0mThis is a info message from thread 1518-09-2026 00:29:33 [38;5;009m[ERROR]: [0mThis is a error message from thread 2118-09-2026 00:29:33 [38;5;015m[INFO]: [0mThis is a info message from thread 618-09-2026 00:29:33 [38;5;015m[INFO]: [0mThis is a info message from thread 2318-09-2026 00:29:33 [38;5;015m[INFO]: [0mThis is a info message from thread 518-09-2026 00:29:33 [38;5;117m[DEBUG]: [0mThis is a debug message from thread 2818-09-2026 00:29:33 [38;5;117m[DEBUG]: [0mThis is a debug message from thread 018-09-2026 00:29:33 [38;5;009m[ERROR]: [0mThis is a error message from thread 1518-09-2026 00:29:33 [38;5;009m[ERROR]: [0mThis is a error message from thread 618-09-2026 00:29:33 [38;5;009m[ERROR]: [0mThis is a error message from thread 818-09-2026 00:29:33 [38;5;009m[ERROR]: [0mThis is a error message from thread 2318-09-2026 00:29:33 [38;5;009m[ERROR]: [0mThis is a error message from thread 118-09-2026 00:29:33 [38;5;015m[INFO]: [0mThis is a info message from thread 2218-09-2026 00:29:33 [38;5;009m[ERROR]: [0mThis is a error message from thread 518-09-2026 00:29:33 [38;5;117m[DEBUG]: [0mThis is a debug message from thread 618-09-2026 00:29:33 [38;5;009m[ERROR]: [0mThis is a error message from thread 2418-09-2026 00:29:33 [38;5;015m[INFO]: [0mThis is a info message from thread 1218-09-2026 00:29:33 [38;5;009m[ERROR]: [0mThis is a error message from thread 1318-09-2026 00:29:33 [38;5;117m[DEBUG]: [0mThis is a debug message from thread 2718-09-2026 00:29:33 [38;5;015m[INFO]: [0mThis is a info message from thread 2818-09-2026 00:29:33 [38;5;015m[INFO]: [0mThis is a info message from thread 618-09-2026 00:29:33 [38;5;009m[ERROR]: [0mThis is a error message from thread 2518-09-2026 00:29:33 [38;5;015m[INFO]: [0mThis is a info message from thread 718-09-2026 00:29:33 [38;5;117m[DEBUG]: [0mThis is a debug message from thread 318-09-2026 00:29:33 [38;5;009m[ERROR]: [0mThis is a error message from thread 1218-09-2026 00:29:33 [38;5;015m[INFO]: [0mThis is a info message from thread 1918-09-2026 00:29:33 [38;5;117m[DEBUG]: [0mThis is a debug message from thread 2518-09-2026 00:29:33 [38;5;015m[INFO]: [0mThis is a info message from thread 2018-09-2026 00:29:33 [38;5;015m[INFO]: [0mThis is a info message from thread 318-09-2026 00:29:33 [38;5;009m[ERROR]: [0mThis is a error message from thread 1818-09-2026 00:29:33 [38;5;117m[DEBUG]: [0mThis is a debug message from thread 218-09-2026 00:29:33 [38;5;015m[INFO]: [0mThis is a info message from thread 2518-09-2026 00:29:33 [38;5;117m[DEBUG]: [0mThis is a debug message from thread 518-09-2026 00:29:33 [38;5;009m[ERROR]: [0mThis is a error message from thread 1918-09-2026 00:29:33 [38;5;117m[DEBUG]: [0mThis is a debug message from thread 118-09-2026 00:29:33 [38;5;009m[ERROR]: [0mThis is a error message from thread 2518-09-2026 00:29:33 [38;5;009m[ERROR]: [0mThis is a error message from thread 318-09-2026 00:29:33 [38;5;015m[INFO]: [0mThis is a info message from thread 118-09-2026 00:29:33 [38;5;117m[DEBUG]: [0mThis is a debug message from thread 318-09-2026 00:29:33 [38;5;009m[ERROR]: [0mThis is a error message from thread 2818-09-2026 00:29:33 [38;5;015m[INFO]: [0mThis is a info message from thread 1718-09-2026 00:29:33 [38;5;117m[DEBUG]: [0mThis is a debug message from thread 2518-09-2026 00:29:33 [38;5;015m[INFO]: [0mThis is a info message from thread 318-09-2026 00:29:33 [38;5;117m[DEBUG]: [0mThis is a debug message from thread 1318-09-2026 00:29:33 [38;5;117m[DEBUG]: [0mThis is a debug message from thread 2318-09-2026 00:29:33 [38;5;009m[ERROR]: [0mThis is a error message from thread 118-09-2026 00:29:33 [38;5;117m[DEBUG]: [0mThis is a debug message from thread 2818-09-2026 00:29:33 [38;5;009m[ERROR]: [0mThis is a error message from thread 1018-09-2026 00:29:33 [38;5;009m[ERROR]: [0mThis is a error message from thread 1718-09-2026 00:29:33 [38;5;009m[ERROR]: [0mThis is a error message from thread 318-09-2026 00:29:33 [38;5;009m[ERROR]: [0mThis is a error message from thread 718-09-2026 00:29:33 [38;5;117m[DEBUG]: [0mThis is a debug message from thread 1218-09-2026 00:29:33 [38;5;117m[DEBUG]: [0mThis is a debug message from thread 2118-09-2026 00:29:33 [38;5;117m[DEBUG]: [0mThis is a debug message from thread 118-09-2026 00:29:33 [38;5;117m[DEBUG]: [0mThis is a debug message from thread 1518-09-2026 00:29:33 [38;5;009m[ERROR]: [0mThis is a error message from thread 1618-09-2026 00:29:33 [38;5;015m[INFO]: [0mThis is a info message from thread 2818-09-2026 00:29:33 [38;5;015m[INFO]: [0mThis is a info message from thread 018-09-2026 00:29:33 [38;5;117m[DEBUG]: [0mThis is a debug message from thread 1418-09-2026 00:29:33 [38;5;117m[DEBUG]: [0mThis is a debug message from thread 1818-09-2026 00:29:33 [38;5;009m[ERROR]: [0mThis is a error message from thread 018-09-2026 00:29:33 [38;5;015m[INFO]: [0mThis is a info message from thread 118-09-2026 00:29:33 [38;5;015m[INFO]: [0mThis is a info message from thread 218-09-2026 00:29:33 [38;5;015m[INFO]: [0mThis is a info message from thread 2118-09-2026 00:29:33 [38;5;015m[INFO]: [0mThis is a info message from thread 1218-09-2026 00:29:33 [38;5;117m[DEBUG]: [0mThis is a debug message from thread 318-09-2026 00:29:33 [38;5;015m[INFO]: [0mThis is a info message from thread 1418-09-2026 00:29:33 [38;5;117m[DEBUG]: [0mThis is a debug message from thread 018-09-2026 00:29:33 [38;5;009m[ERROR]: [0mThis is a error message from thread 2918-09-2026 00:29:33 [38;5;015m[INFO]: [0mThis is a info message from thread 1518-09-2026 00:29:33 [38;5;009m[ERROR]: [0mThis is a error message from thread 1218-09-2026 00:29:33 [38;5;015m[INFO]: [0mThis is a info message from thread 318-09-2026 00:29:33 [38;5;009m[ERROR]: [0mThis is a error message from thread 2118-09-2026 00:29:33 [38;5;009m[ERROR]: [0mThis is a error message from thread 118-09-2026 00:29:33 [38;5;009m[ERROR]: [0mThis is a error message from thread 1418-09-2026 00:29:33 [38;5;009m[ERROR]: [0mThis is a error message from thread 918-09-2026 00:29:33 [38;5;117m[DEBUG]: [0mThis is a debug message from thread 118-09-2026 00:29:33 [38;5;015m[INFO]: [0mThis is a info message from thread 2618-09-2026 00:29:33 [38;5;117m[DEBUG]: [0mThis is a debug message from thread 818-09-2026 00:29:33 [38;5;009m[ERROR]: [0mThis is a error message from thread 1518-09-2026 00:29:33 [38;5;117m[DEBUG]: [0mThis is a debug message from thread 718-09-2026 00:29:33 [38;5;117m[DEBUG]: [0mThis is a debug message from thread 1518-09-2026 00:29:33 [38;5;009m[ERROR]: [0mThis is a error message from thread 318-09-2026 00:29:33 [38;5;117m[DEBUG]: [0mThis is a debug message from thread 1218-09-2026 00:29:33 [38;5;117m[DEBUG]: [0mThis is a debug message from thread 2918-09-2026 00:29:33 [38;5;117m[DEBUG]: [0mThis is a debug message from thread 1018-09-2026 00:29:33 [38;5;015m[INFO]: [0mThis is a info message from thread 2518-09-2026 00:29:33 [38;5;117m[DEBUG]: [0mThis is a debug message from thread 2418-09-2026 00:29:33 [38;5;015m[INFO]: [0mThis is a info message from thread 1218-09-2026 00:29:33 [38;5;015m[INFO]: [0mThis is a info message from thread 1518-09-2026 00:29:33 [38;5;015m[INFO]: [0mThis is a info message from thread 2718-09-2026 00:29:33 [38;5;009m[ERROR]: [0mThis is a error message from thread 2618-09-2026 00:29:33 [38;5;015m[INFO]: [0mThis is a info message from thread 1118-09-2026 00:29:33 [38;5;117m[DEBUG]: [0mThis is a debug message from thread 1418-09-2026 00:29:33 [38;5;117m[DEBUG]: [0mThis is a debug message from thread 2118-09-2026 00:29:33 [38;5;117m[DEBUG]: [0mThis is a debug message from thread 1718-09-2026 00:29:33 [38;5;009m[ERROR]: [0mThis is a error message from thread 2818-09-2026 00:29:33 [38;5;015m[INFO]: [0mThis is a info message from thread 818-09-2026 00:29:33 [38;5;015m[INFO]: [0mThis is a info message from thread 1818-09-2026 00:29:33 [38;5;015m[INFO]: [0mThis is a info message from thread 1318-09-2026 00:29:33 [38;5;009m[ERROR]: [0mThis is a error message from thread 218-09-2026 00:29:33 [38;5;117m[DEBUG]: [0mThis is a debug message from thread 1918-09-2026 00:29:33 [38;5;015m[INFO]: [0mThis is a info message from thread 2918-09-2026 00:29:33 [38;5;117m[DEBUG]: [0mThis is a debug message from thread 1618-09-2026 00:29:33 [38;5;015m[INFO]: [0mThis is a info message from thread 118-09-2026 00:29:33 [38;5;117m[DEBUG]: [0mThis is a debug message from thread 318-09-2026 00:29:33 [38;5;015m[INFO]: [0mThis is a info message from thread 1718-09-2026 00:29:33 [38;5;009m[ERROR]: [0mThis is a error message from thread 2718-09-2026 00:29:33 [38;5;009m[ERROR]: [0mThis is a error message from thread 2918-09-2026 00:29:33 [38;5;009m[ERROR]: [0mThis is a error message from thread 1318-09-2026 00:29:33 [38;5;009m[ERROR]: [0mThis is a error message from thread 1518-09-2026 00:29:33 [38;5;015m[INFO]: [0mThis is a info message from thread 318-09-2026 00:29:33 [38;5;009m[ERROR]: [0mThis is a error message from thread 818-09-2026 00:29:33 [38;5;117m[DEBUG]: [0mThis is a debug message from thread 2618-09-2026 00:29:33 [38;5;015m[INFO]: [0mThis is a info message from thread 2118-09-2026 00:29:33 [38;5;117m[DEBUG]: [0mThis is a debug message from thread 2918-09-2026 00:29:33 [38;5;015m[INFO]: [0mThis is a info message from thread 418-09-2026 00:29:33 [38;5;015m[INFO]: [0mThis is a info message from thread 2918-09-2026 00:29:33 [38;5;117m[DEBUG]: [0mThis is a debug message from thread 2718-09-2026 00:29:33 [38;5;015m[INFO]: [0mThis is a info message from thread 2618-09-2026 00:29:33 [38;5;009m[ERROR]: [0mThis is a error message from thread 318-09-2026 00:29:33 [38;5;009m[ERROR]: [0mThis is a error message from thread 1118-09-2026 00:29:33 [38;5;015m[INFO]: [0mThis is a info message from thread 1018-09-2026 00:29:33 [38;5;117m[DEBUG]: [0mThis is a debug message from thread 918-09-2026 00:29:33 [38;5;009m[ERROR]: [0mThis is a error message from thread 2918-09-2026 00:29:33 [38;5;009m[ERROR]: [0mThis is a error message from thread 2218-09-2026 00:29:33 [38;5;015m[INFO]: [0mThis is a info message from thread 1418-09-2026 00:29:33 [38;5;117m[DEBUG]: [0mThis is a debug message from thread 1518-09-2026 00:29:33 [38;5;117m[DEBUG]: [0mThis is a debug message from thread 2918-09-2026 00:29:33 [38;5;015m[INFO]: [0mThis is a info message from thread 1918-09-2026 00:29:33 [38;5;117m[DEBUG]: [0mThis is a debug message from thread 1118-09-2026 00:29:33 [38;5;009m[ERROR]: [0mThis is a error message from thread 1718-09-2026 00:29:33 [38;5;117m[DEBUG]: [0mThis is a debug message from thread 218-09-2026 00:29:33 [38;5;117m[DEBUG]: [0mThis is a debug message from thread 2818-09-2026 00:29:33 [38;5;015m[INFO]: [0mThis is a info message from thread 2418-09-2026 00:29:33 [38;5;009m[ERROR]: [0mThis is a error message from thread 1418-09-2026 00:29:33 [38;5;015m[INFO]: [0mThis is a info message from thread 2318-09-2026 00:29:33 [38;5;015m[INFO]: [0mThis is a info message from thread 1118-09-2026 00:29:33 [38;5;015m[INFO]: [0mThis is a info message from thread 1518-09-2026 00:29:33 [38;5;009m[ERROR]: [0mThis is a error message from thread 2318-09-2026 00:29:33 [38;5;009m[ERROR]: [0mThis is a error message from thread 1218-09-2026 00:29:33 [38;5;009m[ERROR]: [0mThis is a error message from thread 1118-09-2026 00:29:33 [38;5;009m[ERROR]: [0mThis is a error message from thread 618-09-2026 00:29:33 [38;5;009m[ERROR]: [0mThis is a error message from thread 2518-09-2026 00:29:33 [38;5;117m[DEBUG]: [0mThis is a debug message from thread 1318-09-2026 00:29:33 [38;5;117m[DEBUG]: [0mThis is a debug message from thread 1218-09-2026 00:29:33 [38;5;117m[DEBUG]: [0mThis is a debug message from thread 2318-09-2026 00:29:33 [38;5;009m[ERROR]: [0mThis is a error message from thread 1518-09-2026 00:29:33 [38;5;117m[DEBUG]: [0mThis is a debug message from thread 2518-09-2026 00:29:33 [38;5;009m[ERROR]: [0mThis is a error message from thread 118-09-2026 00:29:33 [38;5;117m[DEBUG]: [0mThis is a debug message from thread 1518-09-2026 00:29:33 [38;5;117m[DEBUG]: [0mThis is a debug message from thread 318-09-2026 00:29:33 [38;5;117m[DEBUG]: [0mThis is a debug message from thread 2218-09-2026 00:29:33 [38;5;015m[INFO]: [0mThis is a info message from thread 718-09-2026 00:29:33 [38;5;117m[DEBUG]: [0mThis is a debug message from thread 1118-09-2026 00:29:33 [38;5;009m[ERROR]: [0mThis is a error message from thread 418-09-2026 00:29:33 [38;5;015m[INFO]: [0mThis is a info message from thread 2818-09-2026 00:29:33 [38;5;117m[DEBUG]: [0mThis is a debug message from thread 118-09-2026 00:29:33 [38;5;015m[INFO]: [0mThis is a info message from thread 1518-09-2026 00:29:33 [38;5;009m[ERROR]: [0mThis is a error message from thread 2418-09-2026 00:29:33 [38;5;015m[INFO]: [0mThis is a info message from thread 1318-09-2026 00:29:33 [38;5;015m[INFO]: [0mThis is a info message from thread 1618-09-2026 00:29:33 [38;5;015m[INFO]: [0mThis is a info message from thread 2318-09-2026 00:29:33 [38;5;009m[ERROR]: [0mThis is a error message from thread 718-09-2026 00:29:33 [38;5;015m[INFO]: [0mThis is a info message from thread 2518-09-2026 00:29:33 [38;5;015m[INFO]: [0mThis is a info message from thread 2918-09-2026 00:29:33 [38;5;009m[ERROR]: [0mThis is a error message from thread 1818-09-2026 00:29:33 [38;5;009m[ERROR]: [0mThis is a error message from thread 2618-09-2026 00:29:33 [38;5;117m[DEBUG]: [0mThis is a debug message from thread 1718-09-2026 00:29:33 [38;5;015m[INFO]: [0mThis is a info message from thread 918-09-2026 00:29:33 [38;5;009m[ERROR]: [0mThis is a error message from thread 1918-09-2026 00:29:33 [38;5;015m[INFO]: [0mThis is a info message from thread 018-09-2026 00:29:33 [38;5;015m[INFO]: [0mThis is a info message from thread 218-09-2026 00:29:33 [38;5;015m[INFO]: [0mThis is a info message from thread 1718-09-2026 00:29:33 [38;5;009m[ERROR]: [0mThis is a error message from thread 918-09-2026 00:29:33 [38;5;009m[ERROR]: [0mThis is a error message from thread 1718-09-2026 00:29:33 [38;5;117m[DEBUG]: [0mThis is a debug message from thread 918-09-2026 00:29:33 [38;5;117m[DEBUG]: [0mThis is a debug message from thread 2618-09-2026 00:29:33 [38;5;117m[DEBUG]: [0mThis is a debug message from thread 1718-09-2026 00:29:33 [38;5;009m[ERROR]: [0mThis is a error message from thread 018-09-2026 00:29:33 [38;5;009m[ERROR]: [0mThis is a error message from thread 2518-09-2026 00:29:33 [38;5;015m[INFO]: [0mThis is a info message from thread 1718-09-2026 00:29:33 [38;5;117m[DEBUG]: [0mThis is a debug message from thread 718-09-2026 00:29:33 [38;5;015m[INFO]: [0mThis is a info message from thread 2618-09-2026 00:29:33 [38;5;117m[DEBUG]: [0mThis is a debug message from thread 1418-09-2026 00:29:33 [38;5;009m[ERROR]: [0mThis is a error message from thread 2018-09-2026 00:29:33 [38;5;009m[ERROR]: [0mThis is a error message from thread 1718-09-2026 00:29:33 [38;5;117m[DEBUG]: [0mThis is a debug message from thread 818-09-2026 00:29:33 [38;5;117m[DEBUG]: [0mThis is a debug message from thread 1918-09-2026 00:29:33 [38;5;117m[DEBUG]: [0mThis is a debug message from thread 018-09-2026 00:29:33 [38;5;015m[INFO]: [0mThis is a info message from thread 818-09-2026 00:29:33 [38;5;117m[DEBUG]: [0mThis is a debug message from thread 418-09-2026 00:29:33 [38;5;015m[INFO]: [0mThis is a info message from thread 518-09-2026 00:29:33 [38;5;015m[INFO]: [0mThis is a info message from thread 1218-09-2026 00:29:33 [38;5;009m[ERROR]: [0mThis is a error message from thread 2918-09-2026 00:29:33 [38;5;009m[ERROR]: [0mThis is a error message from thread 2618-09-2026 00:29:33 [38;5;015m[INFO]: [0mThis is a info message from thread 318-09-2026 00:29:33 [38;5;117m[DEBUG]: [0mThis is a debug message from thread 2518-09-2026 00:29:33 [38;5;015m[INFO]: [0mThis is a info message from thread 1118-09-2026 00:29:33 [38;5;117m[DEBUG]: [0mThis is a debug message from thread 618-09-2026 00:29:33 [38;5;117m[DEBUG]: [0mThis is a debug message from thread 2618-09-2026 00:29:33 [38;5;117m[DEBUG]: [0mThis is a debug message from thread 2918-09-2026 00:29:33 [38;5;009m[ERROR]: [0mThis is a error message from thread 1218-09-2026 00:29:33 [38;5;009m[ERROR]: [0mThis is a error message from thread 2818-09-2026 00:29:33 [38;5;009m[ERROR]: [0mThis is a error message from thread 2318-09-2026 00:29:33 [38;5;015m[INFO]: [0mThis is a info message from thread 2918-09-2026 00:29:33 [38;5;015m[INFO]: [0mThis is a info message from thread 918-09-2026 00:29:33 [38;5;009m[ERROR]: [0mThis is a error message from thread 318-09-2026 00:29:33 [38;5;015m[INFO]: [0mThis is a info message from thread 2518-09-2026 00:29:33 [38;5;015m[INFO]: [0mThis is a info message from thread 118-09-2026 00:29:33 [38;5;117m[DEBUG]: [0mThis is a debug message from thread 2818-09-2026 00:29:33 [38;5;117m[DEBUG]: [0mThis is a debug message from thread 2318-09-2026 00:29:33 [38;5;015m[INFO]: [0mThis is a info message from thread 2718-09-2026 00:29:33 [38;5;015m[INFO]: [0mThis is a info message from thread 2618-09-2026 00:29:33 [38;5;015m[INFO]: [0mThis is a info message from thread 618-09-2026 00:29:33 [38;5;009m[ERROR]: [0mThis is a error message from thread 918-09-2026 00:29:33 [38;5;015m[INFO]: [0mThis is a info message from thread 2318-09-2026 00:29:33 [38;5;015m[INFO]: [0mThis is a info message from thread 018-09-2026 00:29:33 [38;5;117m[DEBUG]: [0mThis is a debug message from thread 918-09-2026 00:29:33 [38;5;009m[ERROR]: [0mThis is a error message from thread 2718-09-2026 00:29:33 [38;5;009m[ERROR]: [0mThis is a error message from thread 2918-09-2026 00:29:33 [38;5;117m[DEBUG]: [0mThis is a debug message from thread 2418-09-2026 00:29:33 [38;5;009m[ERROR]: [0mThis is a error message from thread 2318-09-2026 00:29:33 [38;5;015m[INFO]: [0mThis is a info message from thread 1418-09-2026 00:29:33 [38;5;015m[INFO]: [0mThis is a info message from thread 1918-09-2026 00:29:33 [38;5;009m[ERROR]: [0mThis is a error message from thread 1418-09-2026 00:29:33 [38;5;009m[ERROR]: [0mThis is a error message from thread 2518-09-2026 00:29:33 [38;5;015m[INFO]: [0mThis is a info message from thread 918-09-2026 00:29:33 [38;5;015m[INFO]: [0mThis is a info message from thread 2818-09-2026 00:29:33 [38;5;117m[DEBUG]: [0mThis is a debug message from thread 2518-09-2026 00:29:33 [38;5;117m[DEBUG]: [0mThis is a debug message from thread 2718-09-2026 00:29:33 [38;5;009m[ERROR]: [0mThis is a error message from thread 018-09-2026 00:29:33 [38;5;117m[DEBUG]: [0mThis is a debug message from thread 2018-09-2026 00:29:33 [38;5;015m[INFO]: [0mThis is a info message from thread 2418-09-2026 00:29:33 [38;5;009m[ERROR]: [0mThis is a error message from thread 1018-09-2026 00:29:33 [38;5;009m[ERROR]: [0mThis is a error message from thread 918-09-2026 00:29:33 [38;5;009m[ERROR]: [0mThis is a error message from thread 818-09-2026 00:29:33 [38;5;117m[DEBUG]: [0mThis is a debug message from thread 818-09-2026 00:29:33 [38;5;117m[DEBUG]: [0mThis is a debug message from thread 918-09-2026 00:29:33 [38;5;117m[DEBUG]: [0mThis is a debug message from thread 2318-09-2026 00:29:33 [38;5;009m[ERROR]: [0mThis is a error message from thread 1118-09-2026 00:29:33 [38;5;015m[INFO]: [0mThis is a info message from thread 718-09-2026 00:29:33 [38;5;117m[DEBUG]: [0mThis is a debug message from thread 1018-09-2026 00:29:33 [38;5;117m[DEBUG]: [0mThis is a debug message from thread 318-09-2026 00:29:33 [38;5;009m[ERROR]: [0mThis is a error message from thread 718-09-2026 00:29:33 [38;5;009m[ERROR]: [0mThis is a error message from thread 1618-09-2026 00:29:33 [38;5;117m[DEBUG]: [0mThis is a debug message from thread 718-09-2026 00:29:33 [38;5;009m[ERROR]: [0mThis is a error message from thread 518-09-2026 00:29:33 [38;5;009m[ERROR]: [0mThis is a error message from thread 118-09-2026 00:29:33 [38;5;009m[ERROR]: [0mThis is a error message from thread 1918-09-2026 00:29:33 [38;5;015m[INFO]: [0mThis is a info message from thread 718-09-2026 00:29:33 [38;5;015m[INFO]: [0mThis is a info message from thread 1018-09-2026 00:29:33 [38;5;009m[ERROR]: [0mThis is a error message from thread 718-09-2026 00:29:33 [38;5;117m[DEBUG]: [0mThis is a debug message from thread 118-09-2026 00:29:33 [38;5;015m[INFO]: [0mThis is a info message from thread 2018-09-2026 00:29:33 [38;5;015m[INFO]: [0mThis is a info message from thread 2518-09-2026 00:29:33 [38;5;009m[ERROR]: [0mThis is a error message from thread 2818-09-2026 00:29:33 [38;5;117m[DEBUG]: [0mThis is a debug message from thread 1618-09-2026 00:29:33 [38;5;117m[DEBUG]: [0mThis is a debug message from thread 2818-09-2026 00:29:33 [38;5;015m[INFO]: [0mThis is a info message from thread 1618-09-2026 00:29:33 [38;5;009m[ERROR]: [0mThis is a error message from thread 2418-09-2026 00:29:33 [38;5;009m[ERROR]: [0mThis is a error message from thread 1018-09-2026 00:29:33 [38;5;117m[DEBUG]: [0mThis is a debug message from thread 718-09-2026 00:29:33 [38;5;015m[INFO]: [0mThis is a info message from thread 318-09-2026 00:29:33 [38;5;009m[ERROR]: [0mThis is a error message from thread 2618-09-2026 00:29:33 [38;5;117m[DEBUG]: [0mThis is a debug message from thread 1118-09-2026 00:29:33 [38;5;009m[ERROR]: [0mThis is a error message from thread 618-09-2026 00:29:33 [38;5;117m[DEBUG]: [0mThis is a debug message from thread 1018-09-2026 00:29:33 [38;5;015m[INFO]: [0mThis is a info message from thread 718-09-2026 00:29:33 [38;5;015m[INFO]: [0mThis is a info message from thread 1018-09-2026 00:29:33 [38;5;009m[ERROR]: [0mThis is a error message from thread 2018-09-2026 00:29:33 [38;5;117m[DEBUG]: [0mThis is a debug message from thread 2618-09-2026 00:29:33 [38;5;009m[ERROR]: [0mThis is a error message from thread 1018-09-2026 00:29:33 [38;5;009m[ERROR]: [0mThis is a error message from thread 2518-09-2026 00:29:33 [38;5;117m[DEBUG]: [0mThis is a debug message from thread 1018-09-2026 00:29:33 [38;5;015m[INFO]: [0mThis is a info message from thread 1018-09-2026 00:29:33 [38;5;009m[ERROR]: [0mThis is a error message from thread 718-09-2026 00:29:33 [38;5;009m[ERROR]: [0mThis is a error message from thread 2118-09-2026 00:29:33 [38;5;117m[DEBUG]: [0mThis is a debug message from thread 718-09-2026 00:29:33 [38;5;009m[ERROR]: [0mThis is a error message from thread 218-09-2026 00:29:33 [38;5;117m[DEBUG]: [0mThis is a debug message from thread 2118-09-2026 00:29:33 [38;5;009m[ERROR]: [0mThis is a error message from thread 1018-09-2026 00:29:33 [38;5;015m[INFO]: [0mThis is a info message from thread 818-09-2026 00:29:33 [38;5;009m[ERROR]: [0mThis is a error message from thread 1318-09-2026 00:29:33 [38;5;117m[DEBUG]: [0mThis is a debug message from thread 1818-09-2026 00:29:33 [38;5;015m[INFO]: [0mThis is a info message from thread 918-09-2026 00:29:33 [38;5;117m[DEBUG]: [0mThis is a debug message from thread 018-09-2026 00:29:33 [38;5;117m[DEBUG]: [0mThis is a debug message from thread 218-09-2026 00:29:33 [38;5;117m[DEBUG]: [0mThis is a debug message from thread 2018-09-2026 00:29:33 [38;5;015m[INFO]: [0mThis is a info message from thread 418-09-2026 00:29:33 [38;5;015m[INFO]: [0mThis is a info message from thread 2118-09-2026 00:29:33 [38;5;015m[INFO]: [0mThis is a info message from thread 1118-09-2026 00:29:33 [38;5;117m[DEBUG]: [0mThis is a debug message from thread 2918-09-2026 00:29:33 [38;5;117m[DEBUG]: [0mThis is a debug message from thread 2418-09-2026 00:29:33 [38;5;117m[DEBUG]: [0mThis is a debug message from thread 1018-09-2026 00:29:33 [38;5;015m[INFO]: [0mThis is a info message from thread 2818-09-2026 00:29:33 [38;5;015m[INFO]: [0mThis is a info message from thread 2218-09-2026 00:29:33 [38;5;117m[DEBUG]: [0mThis is a debug message from thread 518-09-2026 00:29:33 [38;5;009m[ERROR]: [0mThis is a error message from thread 418-09-2026 00:29:33 [38;5;009m[ERROR]: [0mThis is a error message from thread 2118-09-2026 00:29:33 [38;5;015m[INFO]: [0mThis is a info message from thread 2718-09-2026 00:29:33 [38;5;009m[ERROR]: [0mThis is a error message from thread 2818-09-2026 00:29:33 [38;5;015m[INFO]: [0mThis is a info message from thread 2318-09-2026 00:29:33 [38;5;015m[INFO]: [0mThis is a info message from thread 2918-09-2026 00:29:33 [38;5;015m[INFO]: [0mThis is a info message from thread 2418-09-2026 00:29:33 [38;5;015m[INFO]: [0mThis is a info message from thread 018-09-2026 00:29:33 [38;5;009m[ERROR]: [0mThis is a error message from thread 1618-09-2026 00:29:33 [38;5;015m[INFO]: [0mThis is a info message from thread 118-09-2026 00:29:33 [38;5;015m[INFO]: [0mThis is a info message from thread 1818-09-2026 00:29:33 [38;5;015m[INFO]: [0mThis is a info message from thread 2618-09-2026 00:29:33 [38;5;117m[DEBUG]: [0mThis is a debug message from thread 2518-09-2026 00:29:33 [38;5;009m[ERROR]: [0mThis is a error message from thread 918-09-2026 00:29:33 [38;5;015m[INFO]: [0mThis is a info message from thread 718-09-2026 00:29:33 [38;5;009m[ERROR]: [0mThis is a error message from thread 2318-09-2026 00:29:33 [38;5;009m[ERROR]: [0mThis is a error message from thread 2718-09-2026 00:29:33 [38;5;015m[INFO]: [0mThis is a info message from thread 2518-09-2026 00:29:33 [38;5;117m[DEBUG]: [0mThis is a debug message from thread 1218-09-2026 00:29:33 [38;5;009m[ERROR]: [0mThis is a error message from thread 818-09-2026 00:29:33 [38;5;009m[ERROR]: [0mThis is a error message from thread 718-09-2026 00:29:33 [38;5;009m[ERROR]: [0mThis is a error message from thread 2518-09-2026 00:29:33 [38;5;117m[DEBUG]: [0mThis is a debug message from thread 1618-09-2026 00:29:33 [38;5;009m[ERROR]: [0mThis is a error message from thread 318-09-2026 00:29:33 [38;5;117m[DEBUG]: [0mThis is a debug message from thread 818-09-2026 00:29:33 [38;5;117m[DEBUG]: [0mThis is a debug message from thread 318-09-2026 00:29:33 [38;5;009m[ERROR]: [0mThis is a error message from thread 2618-09-2026 00:29:33 [38;5;117m[DEBUG]: [0mThis is a debug message from thread 1918-09-2026 00:29:33 [38;5;117m[DEBUG]: [0mThis is a debug message from thread 2518-09-2026 00:29:33 [38;5;009m[ERROR]: [0mThis is a error message from thread 1118-09-2026 00:29:33 [38;5;015m[INFO]: [0mThis is a info message from thread 1618-09-2026 00:29:33 [38;5;117m[DEBUG]: [0mThis is a debug message from thread 1318-09-2026 00:29:33 [38;5;015m[INFO]: [0mThis is a info message from thread 218-09-2026 00:29:33 [38;5;015m[INFO]: [0mThis is a info message from thread 318-09-2026 00:29:33 [38;5;117m[DEBUG]: [0mThis is a debug message from thread 2118-09-2026 00:29:33 [38;5;117m[DEBUG]: [0mThis is a debug message from thread 1418-09-2026 00:29:33 [38;5;009m[ERROR]: [0mThis is a error message from thread 1818-09-2026 00:29:33 [38;5;117m[DEBUG]: [0mThis is a debug message from thread 2818-09-2026 00:29:33 [38;5;009m[ERROR]: [0mThis is a error message from thread 218-09-2026 00:29:33 [38;5;009m[ERROR]: [0mThis is a error message from thread 018-09-2026 00:29:33 [38;5;117m[DEBUG]: [0mThis is a debug message from thread 2718-09-2026 00:29:33 [38;5;015m[INFO]: [0mThis is a info message from thread 1918-09-2026 00:29:33 [38;5;015m[INFO]: [0mThis is a info message from thread 2718-09-2026 00:29:33 [38;5;015m[INFO]: [0mThis is a info message from thread 2818-09-2026 00:29:33 [38;5;009m[ERROR]: [0mThis is a error message from thread 2418-09-2026 00:29:33 [38;5;117m[DEBUG]: [0mThis is a debug message from thread 1118-09-2026 00:29:33 [38;5;015m[INFO]: [0mThis is a info message from thread 1318-09-2026 00:29:33 [38;5;117m[DEBUG]: [0mThis is a debug message from thread 218-09-2026 00:29:33 [38;5;015m[INFO]: [0mThis is a info message from thread 818-09-2026 00:29:33 [38;5;117m[DEBUG]: [0mThis is a debug message from thread 1718-09-2026 00:29:33 [38;5;015m[INFO]: [0mThis is a info message from thread 1018-09-2026 00:29:33 [38;5;117m[DEBUG]: [0mThis is a debug message from thread 418-09-2026 00:29:33 [38;5;009m[ERROR]: [0mThis is a error message from thread 2718-09-2026 00:29:33 [38;5;117m[DEBUG]: [0mThis is a debug message from thread 2418-09-2026 00:29:33 [38;5;015m[INFO]: [0mThis is a info message from thread 1418-09-2026 00:29:33 [38;5;009m[ERROR]: [0mThis is a error message from thread 1318-09-2026 00:29:33 [38;5;117m[DEBUG]: [0mThis is a debug message from thread 018-09-2026 00:29:33 [38;5;117m[DEBUG]: [0mThis is a debug message from thread 2618-09-2026 00:29:33 [38;5;009m[ERROR]: [0mThis is a error message from thread 1918-09-2026 00:29:33 [38;5;117m[DEBUG]: [0mThis is a debug message from thread 1318-09-2026 00:29:33 [38;5;009m[ERROR]: [0mThis is a error message from thread 318-09-2026 00:29:33 [38;5;009m[ERROR]: [0mThis is a error message from thread 818-09-2026 00:29:33 [38;5;117m[DEBUG]: [0mThis is a debug message from thread 1918-09-2026 00:29:33 [38;5;117m[DEBUG]: [0mThis is a debug message from thread 918-09-2026 00:29:33 [38;5;117m[DEBUG]: [0mThis is a debug message from thread 718-09-2026 00:29:33 [38;5;015m[INFO]: [0mThis is a info message from thread 018-09-2026 00:29:33 [38;5;015m[INFO]: [0mThis is a info message from thread 918-09-2026 00:29:33 [38;5;015m[INFO]: [0mThis is a info message from thread 2618-09-2026 00:29:33 [38;5;015m[INFO]: [0mThis is a info message from thread 2418-09-2026 00:29:33 [38;5;009m[ERROR]: [0mThis is a error message from thread 018-09-2026 00:29:33 [38;5;009m[ERROR]: [0mThis is a error message from thread 1618-09-2026 00:29:33 [38;5;015m[INFO]: [0mThis is a info message from thread 2518-09-2026 00:29:33 [38;5;015m[INFO]: [0mThis is a info message from thread 2118-09-2026 00:29:33 [38;5;015m[INFO]: [0mThis is a info message from thread 1118-09-2026 00:29:33 [38;5;117m[DEBUG]: [0mThis is a debug message from thread 618-09-2026 00:29:33 [38;5;009m[ERROR]: [0mThis is a error message from thread 1418-09-2026 00:29:33 [38;5;009m[ERROR]: [0mThis is a error message from thread 118-09-2026 00:29:33 [38;5;009m[ERROR]: [0mThis is a error message from thread 1518-09-2026 00:29:33 [38;5;015m[INFO]: [0mThis is a info message from thread 618-09-2026 00:29:33 [38;5;015m[INFO]: [0mThis is a info message from thread 1218-09-2026 00:29:33 [38;5;015m[INFO]: [0mThis is a info message from thread 518-09-2026 00:29:33 [38;5;117m[DEBUG]: [0mThis is a debug message from thread 818-09-2026 00:29:33 [38;5;009m[ERROR]: [0mThis is a error message from thread 2518-09-2026 00:29:33 [38;5;009m[ERROR]: [0mThis is a error message from thread 618-09-2026 00:29:33 [38;5;015m[INFO]: [0mThis is a info message from thread 1318-09-2026 00:29:33 [38;5;117m[DEBUG]: [0mThis is a debug message from thread 018-09-2026 00:29:33 [38;5;009m[ERROR]: [0mThis is a error message from thread 1318-09-2026 00:29:33 [38;5;009m[ERROR]: [0mThis is a error message from thread 2918-09-2026 00:29:33 [38;5;117m[DEBUG]: [0mThis is a debug message from thread 2318-09-2026 00:29:33 [38;5;117m[DEBUG]: [0mThis is a debug message from thread 118-09-2026 00:29:33 [38;5;009m[ERROR]: [0mThis is a error message from thread 1118-09-2026 00:29:33 [38;5;015m[INFO]: [0mThis is a info message from thread 2018-09-2026 00:29:33 [38;5;015m[INFO]: [0mThis is a info message from thread 118-09-2026 00:29:33 [38;5;015m[INFO]: [0mThis is a info message from thread 218-09-2026 00:29:33 [38;5;009m[ERROR]: [0mThis is a error message from thread 2818-09-2026 00:29:33 [38;5;009m[ERROR]: [0mThis is a error message from thread 118-09-2026 00:29:33 [38;5;117m[DEBUG]: [0mThis is a debug message from thread 1318-09-2026 00:29:33 [38;5;009m[ERROR]: [0mThis is a error message from thread 2418-09-2026 00:29:33 [38;5;015m[INFO]: [0mThis is a info message from thread 1918-09-2026 00:29:33 [38;5;009m[ERROR]: [0mThis is a error message from thread 1918-09-2026 00:29:33 [38;5;009m[ERROR]: [0mThis is a error message from thread 2018-09-2026 00:29:33 [38;5;015m[INFO]: [0mThis is a info message from thread 2318-09-2026 00:29:33 [38;5;117m[DEBUG]: [0mThis is a debug message from thread 2018-09-2026 00:29:33 [38;5;117m[DEBUG]: [0mThis is a debug message from thread 1618-09-2026 00:29:33 [38;5;009m[ERROR]: [0mThis is a error message from thread 2118-09-2026 00:29:33 [38;5;015m[INFO]: [0mThis is a info message from thread 1618-09-2026 00:29:33 [38;5;009m[ERROR]: [0mThis is a error message from thread 1018-09-2026 00:29:33 [38;5;015m[INFO]: [0mThis is a info message from thread 018-09-2026 00:29:33 [38;5;015m[INFO]: [0mThis is a info message from thread 718-09-2026 00:29:33 [38;5;015m[INFO]: [0mThis is a info message from thread 2018-09-2026 00:29:33 [38;5;009m[ERROR]: [0mThis is a error message from thread 1618-09-2026 00:29:33 [38;5;117m[DEBUG]: [0mThis is a debug message from thread 1018-09-2026 00:29:33 [38;5;015m[INFO]: [0mThis is a info message from thread 1318-09-2026 00:29:33 [38;5;117m[DEBUG]: [0mThis is a debug message from thread 118-09-2026 00:29:33 [38;5;009m[ERROR]: [0mThis is a error message from thread 2018-09-2026 00:29:33 [38;5;009m[ERROR]: [0mThis is a error message from thread 218-09-2026 00:29:33 [38;5;117m[DEBUG]: [0mThis is a debug message from thread 1618-09-2026 00:29:33 [38;5;015m[INFO]: [0mThis is a info message from thread 118-09-2026 00:29:33 [38;5;117m[DEBUG]: [0mThis is a debug message from thread 2518-09-2026 00:29:33 [38;5;009m[ERROR]: [0mThis is a error message from thread 2218-09-2026 00:29:33 [38;5;015m[INFO]: [0mThis is a info message from thread 2518-09-2026 00:29:33 [38;5;117m[DEBUG]: [0mThis is a debug message from thread 1518-09-2026 00:29:33 [38;5;117m[DEBUG]: [0mThis is a debug message from thread 318-09-2026 00:29:33 [38;5;009m[ERROR]: [0mThis is a error message from thread 1218-09-2026 00:29:33 [38;5;009m[ERROR]: [0mThis is a error message from thread 2518-09-2026 00:29:33 [38;5;015m[INFO]: [0mThis is a info message from thread 1018-09-2026 00:29:33 [38;5;009m[ERROR]: [0mThis is a error message from thread 718-09-2026 00:29:33 [38;5;117m[DEBUG]: [0mThis is a debug message from thread 1418-09-2026 00:29:33 [38;5;009m[ERROR]: [0mThis is a error message from thread 018-09-2026 00:29:33 [38;5;015m[INFO]: [0mThis is a info message from thread 318-09-2026 00:29:33 [38;5;117m[DEBUG]: [0mThis is a debug message from thread 018-09-2026 00:29:33 [38;5;015m[INFO]: [0mThis is a info message from thread 418-09-2026 00:29:33 [38;5;117m[DEBUG]: [0mThis is a debug message from thread 2518-09-2026 00:29:33 [38;5;009m[ERROR]: [0mThis is a error message from thread 2618-09-2026 00:29:33 [38;5;117m[DEBUG]: [0mThis is a debug message from thread 618-09-2026 00:29:33 [38;5;009m[ERROR]: [0mThis is a error message from thread 318-09-2026 00:29:33 [38;5;015m[INFO]: [0mThis is a info message from thread 1418-09-2026 00:29:33 [38;5;009m[ERROR]: [0mThis is a error message from thread 1018-09-2026 00:29:33 [38;5;117m[DEBUG]: [0mThis is a debug message from thread 2418-09-2026 00:29:33 [38;5;009m[ERROR]: [0mThis is a error message from thread 2318-09-2026 00:29:33 [38;5;117m[DEBUG]: [0mThis is a debug message from thread 2218-09-2026 00:29:33 [38;5;117m[DEBUG]: [0mThis is a debug message from thread 2918-09-2026 00:29:33 [38;5;015m[INFO]: [0mThis is a info message from thread 1718-09-2026 00:29:33 [38;5;015m[INFO]: [0mThis is a info message from thread 018-09-2026 00:29:33 [38;5;117m[DEBUG]: [0mThis is a debug message from thread 2318-09-2026 00:29:33 [38;5;015m[INFO]: [0mThis is a info message from thread 1618-09-2026 00:29:33 [38;5;015m[INFO]: [0mThis is a info message from thread 2418-09-2026 00:29:33 [38;5;015m[INFO]: [0mThis is a info message from thread 818-09-2026 00:29:33 [38;5;015m[INFO]: [0mThis is a info message from thread 618-09-2026 00:29:33 [38;5;117m[DEBUG]: [0mThis is a debug message from thread 218-09-2026 00:29:33 [38;5;117m[DEBUG]: [0mThis is a debug message from thread 2118-09-2026 00:29:33 [38;5;117m[DEBUG]: [0mThis is a debug message from thread 1918-09-2026 00:29:33 [38;5;009m[ERROR]: [0mThis is a error message from thread 1718-09-2026 00:29:33 [38;5;117m[DEBUG]: [0mThis is a debug message from thread 318-09-2026 00:29:33 [38;5;009m[ERROR]: [0mThis is a error message from thread 1318-09-2026 00:29:33 [38;5;117m[DEBUG]: [0mThis is a debug message from thread 1018-09-2026 00:29:33 [38;5;009m[ERROR]: [0mThis is a error message from thread 1418-09-2026 00:29:33 [38;5;015m[INFO]: [0mThis is a info message from thread 2518-09-2026 00:29:33 [38;5;117m[DEBUG]: [0mThis is a debug message from thread 2018-09-2026 00:29:33 [38;5;009m[ERROR]: [0mThis is a error message from thread 518-09-2026 00:29:33 [38;5;117m[DEBUG]: [0mThis is a debug message from thread 1218-09-2026 00:29:33 [38;5;009m[ERROR]: [0mThis is a error message from thread 118-09-2026 00:29:33 [38;5;015m[INFO]: [0mThis is a info message from thread 2318-09-2026 00:29:33 [38;5;117m[DEBUG]: [0mThis is a debug message from thread 1318-09-2026 00:29:33 [38;5;015m[INFO]: [0mThis is a info message from thread 2118-09-2026 00:29:33 [38;5;015m[INFO]: [0mThis is a info message from thread 1018-09-2026 00:29:33 [38;5;015m[INFO]: [0mThis is a info message from thread 2018-09-2026 00:29:33 [38;5;009m[ERROR]: [0mThis is a error message from thread 018-09-2026 00:29:33 [38;5;009m[ERROR]: [0mThis is a error message from thread 2318-09-2026 00:29:33 [38;5;009m[ERROR]: [0mThis is a error message from thread 2018-09-2026 00:29:33 [38;5;117m[DEBUG]: [0mThis is a debug message from thread 118-09-2026 00:29:33 [38;5;117m[DEBUG]: [0mThis is a debug message from thread 2018-09-2026 00:29:33 [38;5;117m[DEBUG]: [0mThis is a debug message from thread 2318-09-2026 00:29:33 [38;5;009m[ERROR]: [0mThis is a error message from thread 2518-09-2026 00:29:33 [38;5;015m[INFO]: [0mThis is a info message from thread 2318-09-2026 00:29:33 [38;5;009m[ERROR]: [0mThis is a error message from thread 2318-09-2026 00:29:33 [38;5;009m[ERROR]: [0mThis is a error message from thread 2118-09-2026 00:29:33 [38;5;015m[INFO]: [0mThis is a info message from thread 118-09-2026 00:29:33 [38;5;117m[DEBUG]: [0mThis is a debug message from thread 2318-09-2026 00:29:33 [38;5;117m[DEBUG]: [0mThis is a debug message from thread 1418-09-2026 00:29:33 [38;5;009m[ERROR]: [0mThis is a error message from thread 118-09-2026 00:29:33 [38;5;117m[DEBUG]: [0mThis is a debug message from thread 118-09-2026 00:29:33 [38;5;015m[INFO]: [0mThis is a info message from thread 2018-09-2026 00:29:33 [38;5;117m[DEBUG]: [0mThis is a debug message from thread 018-09-2026 00:29:33 [38;5;015m[INFO]: [0mThis is a info message from thread 1318-09-2026 00:29:33 [38;5;015m[INFO]: [0mThis is a info message from thread 118-09-2026 00:29:33 [38;5;009m[ERROR]: [0mThis is a error message from thread 1018-09-2026 00:29:33 [38;5;015m[INFO]: [0mThis is a info message from thread 2218-09-2026 00:29:33 [38;5;009m[ERROR]: [0mThis is a error message from thread 1618-09-2026 00:29:33 [38;5;009m[ERROR]: [0mThis is a error message from thread 2018-09-2026 00:29:33 [38;5;117m[DEBUG]: [0mThis is a debug message from thread 1718-09-2026 00:29:33 [38;5;117m[DEBUG]: [0mThis is a debug message from thread 718-09-2026 00:29:33 [38;5;117m[DEBUG]: [0mThis is a debug message from thread 2018-09-2026 00:29:33 [38;5;009m[ERROR]: [0mThis is a error message from thread 1318-09-2026 00:29:33 [38;5;117m[DEBUG]: [0mThis is a debug message from thread 2518-09-2026 00:29:33 [38;5;015m[INFO]: [0mThis is a info message from thread 1518-09-2026 00:29:33 [38;5;117m[DEBUG]: [0mThis is a debug message from thread 2718-09-2026 00:29:33 [38;5;009m[ERROR]: [0mThis is a error message from thread 2418-09-2026 00:29:33 [38;5;117m[DEBUG]: [0mThis is a debug message from thread 2818-09-2026 00:29:33 [38;5;015m[INFO]: [0mThis is a info message from thread 2518-09-2026 00:29:33 [38;5;117m[DEBUG]: [0mThis is a debug message from thread 518-09-2026 00:29:33 [38;5;015m[INFO]: [0mThis is a info message from thread 1418-09-2026 00:29:33 [38;5;015m[INFO]: [0mThis is a info message from thread 018-09-2026 00:29:33 [38;5;009m[ERROR]: [0mThis is a error message from thread 418-09-2026 00:29:33 [38;5;117m[DEBUG]: [0mThis is a debug message from thread 1818-09-2026 00:29:33 [38;5;009m[ERROR]: [0mThis is a error message from thread 2218-09-2026 00:29:33 [38;5;015m[INFO]: [0mThis is a info message from thread 2018-09-2026 00:29:33 [38;5;117m[DEBUG]: [0mThis is a debug message from thread 1118-09-2026 00:29:33 [38;5;009m[ERROR]: [0mThis is a error message from thread 618-09-2026 00:29:33 [38;5;015m[INFO]: [0mThis is a info message from thread 1818-09-2026 00:29:33 [38;5;015m[INFO]: [0mThis is a info message from thread 1118-09-2026 00:29:33 [38;5;117m[DEBUG]: [0mThis is a debug message from thread 618-09-2026 00:29:33 [38;5;015m[INFO]: [0mThis is a info message from thread 1718-09-2026 00:29:33 [38;5;009m[ERROR]: [0mThis is a error message from thread 2018-09-2026 00:29:33 [38;5;117m[DEBUG]: [0mThis is a debug message from thread 2418-09-2026 00:29:33 [38;5;009m[ERROR]: [0mThis is a error message from thread 018-09-2026 00:29:33 [38;5;117m[DEBUG]: [0mThis is a debug message from thread 2618-09-2026 00:29:33 [38;5;117m[DEBUG]: [0mThis is a debug message from thread 2218-09-2026 00:29:33 [38;5;117m[DEBUG]: [0mThis is a debug message from thread 418-09-2026 00:29:33 [38;5;015m[INFO]: [0mThis is a info message from thread 2418-09-2026 00:29:33 [38;5;015m[INFO]: [0mThis is a info message from thread 618-09-2026 00:29:33 [38;5;015m[INFO]: [0mThis is a info message from thread 2618-09-2026 00:29:33 [38;5;015m[INFO]: [0mThis is a info message from thread 318-09-2026 00:29:33 [38;5;015m[INFO]: [0mThis is a info message from thread 718-09-2026 00:29:33 [38;5;015m[INFO]: [0mThis is a info message from thread 418-09-2026 00:29:33 [38;5;015m[INFO]: [0mThis is a info message from thread 1218-09-2026 00:29:33 [38;5;009m[ERROR]: [0mThis is a error message from thread 1418-09-2026 00:29:33 [38;5;009m[ERROR]: [0mThis is a error message from thread 818-09-2026 00:29:33 [38;5;117m[DEBUG]: [0mThis is a debug message from thread 1318-09-2026 00:29:33 [38;5;117m[DEBUG]: [0mThis is a debug message from thread 1418-09-2026 00:29:33 [38;5;009m[ERROR]: [0mThis is a error message from thread 1518-09-2026 00:29:33 [38;5;009m[ERROR]: [0mThis is a error message from thread 618-09-2026 00:29:33 [38;5;009m[ERROR]: [0mThis is a error message from thread 2618-09-2026 00:29:33 [38;5;015m[INFO]: [0mThis is a info message from thread 2818-09-2026 00:29:33 [38;5;009m[ERROR]: [0mThis is a error message from thread 1118-09-2026 00:29:33 [38;5;009m[ERROR]: [0mThis is a error message from thread 918-09-2026 00:29:33 [38;5;117m[DEBUG]: [0mThis is a debug message from thread 818-09-2026 00:29:33 [38;5;015m[INFO]: [0mThis is a info message from thread 2218-09-2026 00:29:33 [38;5;009m[ERROR]: [0mThis is a error message from thread 2818-09-2026 00:29:33 [38;5;009m[ERROR]: [0mThis is a error message from thread 1218-09-2026 00:29:33 [38;5;117m[DEBUG]: [0mThis is a debug message from thread 2618-09-2026 00:29:33 [38;5;015m[INFO]: [0mThis is a info message from thread 518-09-2026 00:29:33 [38;5;015m[INFO]: [0mThis is a info message from thread 1918-09-2026 00:29:33 [38;5;009m[ERROR]: [0mThis is a error message from thread 318-09-2026 00:29:33 [38;5;117m[DEBUG]: [0mThis is a debug message from thread 618-09-2026 00:29:33 [38;5;117m[DEBUG]: [0mThis is a debug message from thread 1118-09-2026 00:29:33 [38;5;117m[DEBUG]: [0mThis is a debug message from thread 2018-09-2026 00:29:33 [38;5;009m[ERROR]: [0mThis is a error message from thread 418-09-2026 00:29:33 [38;5;009m[ERROR]: [0mThis is a error message from thread 2518-09-2026 00:29:33 [38;5;117m[DEBUG]: [0mThis is a debug message from thread 1618-09-2026 00:29:33 [38;5;117m[DEBUG]: [0mThis is a debug message from thread 1018-09-2026 00:29:33 [38;5;015m[INFO]: [0mThis is a info message from thread 2318-09-2026 00:29:33 [38;5;015m[INFO]: [0mThis is a info message from thread 618-09-2026 00:29:33 [38;5;009m[ERROR]: [0mThis is a error message from thread 2218-09-2026 00:29:33 [38;5;015m[INFO]: [0mThis is a info message from thread 2918-09-2026 00:29:33 [38;5;117m[DEBUG]: [0mThis is a debug message from thread 2518-09-2026 00:29:33 [38;5;117m[DEBUG]: [0mThis is a debug message from thread 018-09-2026 00:29:33 [38;5;015m[INFO]: [0mThis is a info message from thread 2018-09-2026 00:29:33 [38;5;117m[DEBUG]: [0mThis is a debug message from thread 2218-09-2026 00:29:33 [38;5;009m[ERROR]: [0mThis is a error message from thread 118-09-2026 00:29:33 [38;5;015m[INFO]: [0mThis is a info message from thread 2218-09-2026 00:29:33 [38;5;009m[ERROR]: [0mThis is a error message from thread 2918-09-2026 00:29:33 [38;5;015m[INFO]: [0mThis is a info message from thread 1618-09-2026 00:29:33 [38;5;009m[ERROR]: [0mThis is a error message from thread 2318-09-2026 00:29:33 [38;5;015m[INFO]: [0mThis is a info message from thread 1318-09-2026 00:29:33 [38;5;009m[ERROR]: [0mThis is a error message from thread 718-09-2026 00:29:33 [38;5;117m[DEBUG]: [0mThis is a debug message from thread 1518-09-2026 00:29:33 [38;5;015m[INFO]: [0mThis is a info message from thread 1418-09-2026 00:29:33 [38;5;117m[DEBUG]: [0mThis is a debug message from thread 918-09-2026 00:29:33 [38;5;009m[ERROR]: [0mThis is a error message from thread 518-09-2026 00:29:33 [38;5;117m[DEBUG]: [0mThis is a debug message from thread 2918-09-2026 00:29:33 [38;5;009m[ERROR]: [0mThis is a error message from thread 1918-09-2026 00:29:33 [38;5;009m[ERROR]: [0mThis is a error message from thread 1818-09-2026 00:29:33 [38;5;009m[ERROR]: [0mThis is a error message from thread 2218-09-2026 00:29:33 [38;5;117m[DEBUG]: [0mThis is a debug message from thread 318-09-2026 00:29:33 [38;5;015m[INFO]: [0mThis is a info message from thread 1118-09-2026 00:29:33 [38;5;015m[INFO]: [0mThis is a info message from thread 918-09-2026 00:29:33 [38;5;015m[INFO]: [0mThis is a info message from thread 818-09-2026 00:29:33 [38;5;117m[DEBUG]: [0mThis is a debug message from thread 2318-09-2026 00:29:33 [38;5;015m[INFO]: [0mThis is a info message from thread 218-09-2026 00:29:33 [38;5;117m[DEBUG]: [0mThis is a debug message from thread 1918-09-2026 00:29:33 [38;5;015m[INFO]: [0mThis is a info message from thread 2718-09-2026 00:29:33 [38;5;117m[DEBUG]: [0mThis is a debug message from thread 1818-09-2026 00:29:33 [38;5;015m[INFO]: [0mThis is a info message from thread 2918-09-2026 00:29:33 [38;5;015m[INFO]: [0mThis is a info message from thread 318-09-2026 00:29:33 [38;5;009m[ERROR]: [0mThis is a error message from thread 618-09-2026 00:29:33 [38;5;009m[ERROR]: [0mThis is a error message from thread 2018-09-2026 00:29:33 [38;5;117m[DEBUG]: [0mThis is a debug message from thread 518-09-2026 00:29:33 [38;5;015m[INFO]: [0mThis is a info message from thread 1018-09-2026 00:29:33 [38;5;117m[DEBUG]: [0mThis is a debug message from thread 618-09-2026 00:29:33 [38;5;117m[DEBUG]: [0mThis is a debug message from thread 2018-09-2026 00:29:33 [38;5;015m[INFO]: [0mThis is a info message from thread 1918-09-2026 00:29:33 [38;5;009m[ERROR]: [0mThis is a error message from thread 218-09-2026 00:29:33 [38;5;009m[ERROR]: [0mThis is a error message from thread 1318-09-2026 00:29:33 [38;5;117m[DEBUG]: [0mThis is a debug message from thread 718-09-2026 00:29:33 [38;5;009m[ERROR]: [0mThis is a error message from thread 1918-09-2026 00:29:33 [38;5;117m[DEBUG]: [0mThis is a debug message from thread 218-09-2026 00:29:33 [38;5;009m[ERROR]: [0mThis is a error message from thread 918-09-2026 00:29:33 [38;5;009m[ERROR]: [0mThis is a error message from thread 1618-09-2026 00:29:33 [38;5;117m[DEBUG]: [0mThis is a debug message from thread 1618-09-2026 00:29:33 [38;5;117m[DEBUG]: [0mThis is a debug message from thread 1318-09-2026 00:29:33 [38;5;015m[INFO]: [0mThis is a info message from thread 1618-09-2026 00:29:33 [38;5;117m[DEBUG]: [0mThis is a debug message from thread 118-09-2026 00:29:33 [38;5;015m[INFO]: [0mThis is a info message from thread 1318-09-2026 00:29:33 [38;5;009m[ERROR]: [0mThis is a error message from thread 1618-09-2026 00:29:33 [38;5;009m[ERROR]: [0mThis is a error message from thread 1318-09-2026 00:29:33 [38;5;117m[DEBUG]: [0mThis is a debug message from thread 1918-09-2026 00:29:33 [38;5;117m[DEBUG]: [0mThis is a debug message from thread 1618-09-2026 00:29:33 [38;5;015m[INFO]: [0mThis is a info message from thread 118-09-2026 00:29:33 [38;5;015m[INFO]: [0mThis is a info message from thread 1918-09-2026 00:29:33 [38;5;009m[ERROR]: [0mThis is a error message from thread 118-09-2026 00:29:33 [38;5;015m[INFO]: [0mThis is a info message from thread 518-09-2026 00:29:33 [38;5;117m[DEBUG]: [0mThis is a debug message from thread 118-09-2026 00:29:33 [38;5;009m[ERROR]: [0mThis is a error message from thread 518-09-2026 00:29:33 [38;5;015m[INFO]: [0mThis is a info message from thread 2318-09-2026 00:29:33 [38;5;015m[INFO]: [0mThis is a info message from thread 018-09-2026 00:29:33 [38;5;009m[ERROR]: [0mThis is a error message from thread 2318-09-2026 00:29:33 [38;5;015m[INFO]: [0mThis is a info message from thread 218-09-2026 00:29:33 [38;5;009m[ERROR]: [0mThis is a error message from thread 818-09-2026 00:29:33 [38;5;117m[DEBUG]: [0mThis is a debug message from thread 2218-09-2026 00:29:33 [38;5;009m[ERROR]: [0mThis is a error message from thread 318-09-2026 00:29:33 [38;5;117m[DEBUG]: [0mThis is a debug message from thread 818-09-2026 00:29:33 [38;5;009m[ERROR]: [0mThis is a error message from thread 218-09-2026 00:29:33 [38;5;015m[INFO]: [0mThis is a info message from thread 2018-09-2026 00:29:33 [38;5;015m[INFO]: [0mThis is a info message from thread 118-09-2026 00:29:33 [38;5;117m[DEBUG]: [0mThis is a debug message from thread 218-09-2026 00:29:33 [38;5;015m[INFO]: [0mThis is a info message from thread 2218-09-2026 00:29:33 [38;5;015m[INFO]: [0mThis is a info message from thread 1518-09-2026 00:29:33 [38;5;117m[DEBUG]: [0mThis is a debug message from thread 318-09-2026 00:29:33 [38;5;009m[ERROR]: [0mThis is a error message from thread 2718-09-2026 00:29:33 [38;5;015m[INFO]: [0mThis is a info message from thread 318-09-2026 00:29:33 [38;5;117m[DEBUG]: [0mThis is a debug message from thread 2718-09-2026 00:29:33 [38;5;117m[DEBUG]: [0mThis is a debug message from thread 1318-09-2026 00:29:33 [38;5;015m[INFO]: [0mThis is a info message from thread 2718-09-2026 00:29:33 [38;5;015m[INFO]: [0mThis is a info message from thread 1318-09-2026 00:29:33 [38;5;009m[ERROR]: [0mThis is a error message from thread 1518-09-2026 00:29:33 [38;5;009m[ERROR]: [0mThis is a error message from thread 2218-09-2026 00:29:33 [38;5;015m[INFO]: [0mThis is a info message from thread 1618-09-2026 00:29:33 [38;5;009m[ERROR]: [0mThis is a error message from thread 1918-09-2026 00:29:33 [38;5;009m[ERROR]: [0mThis is a error message from thread 1618-09-2026 00:29:33 [38;5;117m[DEBUG]: [0mThis is a debug message from thread 1218-09-2026 00:29:33 [38;5;015m[INFO]: [0mThis is a info message from thread 1818-09-2026 00:29:33 [38;5;009m[ERROR]: [0mThis is a error message from thread 318-09-2026 00:29:33 [38;5;117m[DEBUG]: [0mThis is a debug message from thread 1618-09-2026 00:29:33 [38;5;015m[INFO]: [0mThis is a info message from thread 1218-09-2026 00:29:33 [38;5;009m[ERROR]: [0mThis is a error message from thread 1818-09-2026 00:29:33 [38;5;015m[INFO]: [0mThis is a info message from thread 1618-09-2026 00:29:33 [38;5;009m[ERROR]: [0mThis is a error message from thread 1318-09-2026 00:29:33 [38;5;015m[INFO]: [0mThis is a info message from thread 218-09-2026 00:29:33 [38;5;009m[ERROR]: [0mThis is a error message from thread 2718-09-2026 00:29:33 [38;5;009m[ERROR]: [0mThis is a error message from thread 1418-09-2026 00:29:33 [38;5;117m[DEBUG]: [0mThis is a debug message from thread 1318-09-2026 00:29:33 [38;5;117m[DEBUG]: [0mThis is a debug message from thread 2718-09-2026 00:29:33 [38;5;015m[INFO]: [0mThis is a info message from thread 718-09-2026 00:29:33 [38;5;015m[INFO]: [0mThis is a info message from thread 818-09-2026 00:29:33 [38;5;117m[DEBUG]: [0mThis is a debug message from thread 2818-09-2026 00:29:33 [38;5;015m[INFO]: [0mThis is a info message from thread 2518-09-2026 00:29:33 [38;5;015m[INFO]: [0mThis is a info message from thread 618-09-2026 00:29:33 [38;5;117m[DEBUG]: [0mThis is a debug message from thread 418-09-2026 00:29:33 [38;5;009m[ERROR]: [0mThis is a error message from thread 2918-09-2026 00:29:33 [38;5;009m[ERROR]: [0mThis is a error message from thread 818-09-2026 00:29:33 [38;5;009m[ERROR]: [0mThis is a error message from thread 118-09-2026 00:29:33 [38;5;009m[ERROR]: [0mThis is a error message from thread 1718-09-2026 00:29:33 [38;5;009m[ERROR]: [0mThis is a error message from thread 1218-09-2026 00:29:33 [38;5;117m[DEBUG]: [0mThis is a debug message from thread 118-09-2026 00:29:33 [38;5;009m[ERROR]: [0mThis is a error message from thread 2018-09-2026 00:29:33 [38;5;117m[DEBUG]: [0mThis is a debug message from thread 2918-09-2026 00:29:33 [38;5;117m[DEBUG]: [0mThis is a debug message from thread 2018-09-2026 00:29:33 [38;5;015m[INFO]: [0mThis is a info message from thread 2918-09-2026 00:29:33 [38;5;015m[INFO]: [0mThis is a info message from thread 418-09-2026 00:29:33 [38;5;015m[INFO]: [0mThis is a info message from thread 2018-09-2026 00:29:33 [38;5;117m[DEBUG]: [0mThis is a debug message from thread 2118-09-2026 00:29:33 [38;5;009m[ERROR]: [0mThis is a error message from thread 418-09-2026 00:29:33 [38;5;015m[INFO]: [0mThis is a info message from thread 118-09-2026 00:29:33 [38;5;117m[DEBUG]: [0mThis is a debug message from thread 918-09-2026 00:29:33 [38;5;117m[DEBUG]: [0mThis is a debug message from thread 418-09-2026 00:29:33 [38;5;009m[ERROR]: [0mThis is a error message from thread 118-09-2026 00:29:33 [38;5;117m[DEBUG]: [0mThis is a debug message from thread 2218-09-2026 00:29:33 [38;5;009m[ERROR]: [0mThis is a error message from thread 2018-09-2026 00:29:33 [38;5;015m[INFO]: [0mThis is a info message from thread 1318-09-2026 00:29:33 [38;5;009m[ERROR]: [0mThis is a error message from thread 1118-09-2026 00:29:33 [38;5;015m[INFO]: [0mThis is a info message from thread 2718-09-2026 00:29:33 [38;5;015m[INFO]: [0mThis is a info message from thread 418-09-2026 00:29:33 [38;5;117m[DEBUG]: [0mThis is a debug message from thread 1918-09-2026 00:29:33 [38;5;015m[INFO]: [0mThis is a info message from thread 2118-09-2026 00:29:33 [38;5;015m[INFO]: [0mThis is a info message from thread 2218-09-2026 00:29:33 [38;5;009m[ERROR]: [0mThis is a error message from thread 2418-09-2026 00:29:33 [38;5;015m[INFO]: [0mThis is a info message from thread 918-09-2026 00:29:33 [38;5;009m[ERROR]: [0mThis is a error message from thread 718-09-2026 00:29:33 [38;5;009m[ERROR]: [0mThis is a error message from thread 2518-09-2026 00:29:33 [38;5;117m[DEBUG]: [0mThis is a debug message from thread 518-09-2026 00:29:33 [38;5;015m[INFO]: [0mThis is a info message from thread 2818-09-2026 00:29:33 [38;5;117m[DEBUG]: [0mThis is a debug message from thread 1118-09-2026 00:29:33 [38;5;009m[ERROR]: [0mThis is a error message from thread 2918-09-2026 00:29:33 [38;5;117m[DEBUG]: [0mThis is a debug message from thread 2418-09-2026 00:29:33 [38;5;009m[ERROR]: [0mThis is a error message from thread 418-09-2026 00:29:33 [38;5;015m[INFO]: [0mThis is a info message from thread 2418-09-2026 00:29:33 [38;5;117m[DEBUG]: [0mThis is a debug message from thread 2918-09-2026 00:29:33 [38;5;009m[ERROR]: [0mThis is a error message from thread 1318-09-2026 00:29:33 [38;5;117m[DEBUG]: [0mThis is a debug message from thread 1818-09-2026 00:29:33 [38;5;009m[ERROR]: [0mThis is a error message from thread 2118-09-2026 00:29:33 [38;5;117m[DEBUG]: [0mThis is a debug message from thread 318-09-2026 00:29:33 [38;5;009m[ERROR]: [0mThis is a error message from thread 2418-09-2026 00:29:33 [38;5;009m[ERROR]: [0mThis is a error message from thread 2218-09-2026 00:29:33 [38;5;009m[ERROR]: [0mThis is a error message from thread 218-09-2026 00:29:33 [38;5;117m[DEBUG]: [0mThis is a debug message from thread 418-09-2026 00:29:33 [38;5;009m[ERROR]: [0mThis is a error message from thread 2718-09-2026 00:29:33 [38;5;117m[DEBUG]: [0mThis is a debug message from thread 2318-09-2026 00:29:33 [38;5;009m[ERROR]: [0mThis is a error message from thread 2818-09-2026 00:29:33 [38;5;117m[DEBUG]: [0mThis is a debug message from thread 2418-09-2026 00:29:33 [38;5;117m[DEBUG]: [0mThis is a debug message from thread 2218-09-2026 00:29:33 [38;5;015m[INFO]: [0mThis is a info message from thread 318-09-2026 00:29:33 [38;5;015m[INFO]: [0mThis is a info message from thread 418-09-2026 00:29:33 [38;5;009m[ERROR]: [0mThis is a error message from thread 1618-09-2026 00:29:33 [38;5;117m[DEBUG]: [0mThis is a debug message from thread 2018-09-2026 00:29:33 [38;5;117m[DEBUG]: [0mThis is a debug message from thread 2118-09-2026 00:29:33 [38;5;009m[ERROR]: [0mThis is a error message from thread 318-09-2026 00:29:33 [38;5;117m[DEBUG]: [0mThis is a debug message from thread 118-09-2026 00:29:33 [38;5;117m[DEBUG]: [0mThis is a debug message from thread 1318-09-2026 00:29:33 [38;5;009m[ERROR]: [0mThis is a error message from thread 618-09-2026 00:29:33 [38;5;117m[DEBUG]: [0mThis is a debug message from thread 1618-09-2026 00:29:33 [38;5;117m[DEBUG]: [0mThis is a debug message from thread 1718-09-2026 00:29:33 [38;5;015m[INFO]: [0mThis is a info message from thread 2918-09-2026 00:29:33 [38;5;015m[INFO]: [0mThis is a info message from thread 1618-09-2026 00:29:33 [38;5;117m[DEBUG]: [0mThis is a debug message from thread 318-09-2026 00:29:33 [38;5;117m[DEBUG]: [0mThis is a debug message from thread 2718-09-2026 00:29:33 [38;5;015m[INFO]: [0mThis is a info message from thread 2618-09-2026 00:29:33 [38;5;015m[INFO]: [0mThis is a info message from thread 2218-09-2026 00:29:33 [38;5;117m[DEBUG]: [0mThis is a debug message from thread 618-09-2026 00:29:33 [38;5;015m[INFO]: [0mThis is a info message from thread 1918-09-2026 00:29:33 [38;5;015m[INFO]: [0mThis is a info message from thread 2018-09-2026 00:29:33 [38;5;009m[ERROR]: [0mThis is a error message from thread 018-09-2026 00:29:33 [38;5;015m[INFO]: [0mThis is a info message from thread 2318-09-2026 00:29:33 [38;5;117m[DEBUG]: [0mThis is a debug message from thread 818-09-2026 00:29:33 [38;5;015m[INFO]: [0mThis is a info message from thread 1718-09-2026 00:29:33 [38;5;009m[ERROR]: [0mThis is a error message from thread 1018-09-2026 00:29:33 [38;5;015m[INFO]: [0mThis is a info message from thread 818-09-2026 00:29:33 [38;5;015m[INFO]: [0mThis is a info message from thread 1318-09-2026 00:29:33 [38;5;117m[DEBUG]: [0mThis is a debug message from thread 1518-09-2026 00:29:33 [38;5;117m[DEBUG]: [0mThis is a debug message from thread 218-09-2026 00:29:33 [38;5;015m[INFO]: [0mThis is a info message from thread 118-09-2026 00:29:33 [38;5;009m[ERROR]: [0mThis is a error message from thread 918-09-2026 00:29:33 [38;5;009m[ERROR]: [0mThis is a error message from thread 2618-09-2026 00:29:33 [38;5;009m[ERROR]: [0mThis is a error message from thread 2318-09-2026 00:29:33 [38;5;009m[ERROR]: [0mThis is a error message from thread 818-09-2026 00:29:33 [38;5;117m[DEBUG]: [0mThis is a debug message from thread 1418-09-2026 00:29:33 [38;5;009m[ERROR]: [0mThis is a error message from thread 2918-09-2026 00:29:33 [38;5;117m[DEBUG]: [0mThis is a debug message from thread 718-09-2026 00:29:33 [38;5;009m[ERROR]: [0mThis is a error message from thread 118-09-2026 00:29:33 [38;5;117m[DEBUG]: [0mThis is a debug message from thread 918-09-2026 00:29:33 [38;5;117m[DEBUG]: [0mThis is a debug message from thread 118-09-2026 00:29:33 [38;5;015m[INFO]: [0mThis is a info message from thread 1418-09-2026 00:29:33 [38;5;117m[DEBUG]: [0mThis is a debug message from thread 2618-09-2026 00:29:33 [38;5;015m[INFO]: [0mThis is a info message from thread 518-09-2026 00:29:33 [38;5;015m[INFO]: [0mThis is a info message from thread 718-09-2026 00:29:33 [38;5;015m[INFO]: [0mThis is a info message from thread 1518-09-2026 00:29:33 [38;5;015m[INFO]: [0mThis is a info message from thread 918-09-2026 00:29:33 [38;5;015m[INFO]: [0mThis is a info message from thread 1818-09-2026 00:29:33 [38;5;015m[INFO]: [0mThis is a info message from thread 2418-09-2026 00:29:33 [38;5;009m[ERROR]: [0mThis is a error message from thread 918-09-2026 00:29:33 [38;5;015m[INFO]: [0mThis is a info message from thread 218-09-2026 00:29:33 [38;5;009m[ERROR]: [0mThis is a error message from thread 1418-09-2026 00:29:33 [38;5;117m[DEBUG]: [0mThis is a debug message from thread 918-09-2026 00:29:33 [38;5;009m[ERROR]: [0mThis is a error message from thread 718-09-2026 00:29:33 [38;5;009m[ERROR]: [0mThis is a error message from thread 1818-09-2026 00:29:33 [38;5;015m[INFO]: [0mThis is a info message from thread 118-09-2026 00:29:33 [38;5;009m[ERROR]: [0mThis is a error message from thread 2418-09-2026 00:29:33 [38;5;009m[ERROR]: [0mThis is a error message from thread 1518-09-2026 00:29:33 [38;5;009m[ERROR]: [0mThis is a error message from thread 1618-09-2026 00:29:33 [38;5;117m[DEBUG]: [0mThis is a debug message from thread 1518-09-2026 00:29:33 [38;5;117m[DEBUG]: [0mThis is a debug message from thread 2318-09-2026 00:29:33 [38;5;117m[DEBUG]: [0mThis is a debug message from thread 1618-09-2026 00:29:33 [38;5;015m[INFO]: [0mThis is a info message from thread 1518-09-2026 00:29:33 [38;5;015m[INFO]: [0mThis is a info message from thread 1618-09-2026 00:29:33 [38;5;009m[ERROR]: [0mThis is a error message from thread 1518-09-2026 00:29:33 [38;5;009m[ERROR]: [0mThis is a error message from thread 1618-09-2026 00:29:33 [38;5;117m[DEBUG]: [0mThis is a debug message from thread 1518-09-2026 00:29:33 [38;5;009m[ERROR]: [0mThis is a error message from thread 2218-09-2026 00:29:33 [38;5;117m[DEBUG]: [0mThis is a debug message from thread 1618-09-2026 00:29:33 [38;5;117m[DEBUG]: [0mThis is a debug message from thread 2818-09-2026 00:29:33 [38;5;015m[INFO]: [0mThis is a info message from thread 1518-09-2026 00:29:33 [38;5;117m[DEBUG]: [0mThis is a debug message from thread 2218-09-2026 00:29:33 [38;5;117m[DEBUG]: [0mThis is a debug message from thread 018-09-2026 00:29:33 [38;5;015m[INFO]: [0mThis is a info message from thread 1618-09-2026 00:29:33 [38;5;015m[INFO]: [0mThis is a info message from thread 2218-09-2026 00:29:33 [38;5;015m[INFO]: [0mThis is a info message from thread 018-09-2026 00:29:33 [38;5;009m[ERROR]: [0mThis is a error message from thread 1618-09-2026 00:29:33 [38;5;009m[ERROR]: [0mThis is a error message from thread 1518-09-2026 00:29:33 [38;5;009m[ERROR]: [0mThis is a error message from thread 018-09-2026 00:29:33 [38;5;009m[ERROR]: [0mThis is a error message from thread 2218-09-2026 00:29:33 [38;5;117m[DEBUG]: [0mThis is a debug message from thread 018-09-2026 00:29:33 [38;5;117m[DEBUG]: [0mThis is a debug message from thread 2218-09-2026 00:29:33 [38;5;117m[DEBUG]: [0mThis is a debug message from thread 2918-09-2026 00:29:33 [38;5;015m[INFO]: [0mThis is a info message from thread 018-09-2026 00:29:33 [38;5;009m[ERROR]: [0mThis is a error message from thread 118-09-2026 00:29:33 [38;5;015m[INFO]: [0mThis is a info message from thread 2918-09-2026 00:29:33 [38;5;009m[ERROR]: [0mThis is a error message from thread 1318-09-2026 00:29:33 [38;5;117m[DEBUG]: [0mThis is a debug message from thread 818-09-2026 00:29:33 [38;5;009m[ERROR]: [0mThis is a error message from thread 018-09-2026 00:29:33 [38;5;117m[DEBUG]: [0mThis is a debug message from thread 1818-09-2026 00:29:33 [38;5;117m[DEBUG]: [0mThis is a debug message from thread 118-09-2026 00:29:33 [38;5;117m[DEBUG]: [0mThis is a debug message from thread 1618-09-2026 00:29:33 [38;5;009m[ERROR]: [0mThis is a error message from thread 518-09-2026 00:29:33 [38;5;117m[DEBUG]: [0mThis is a debug message from thread 018-09-2026 00:29:33 [38;5;009m[ERROR]: [0mThis is a error message from thread 2918-09-2026 00:29:33 [38;5;117m[DEBUG]: [0mThis is a debug message from thread 1418-09-2026 00:29:33 [38;5;015m[INFO]: [0mThis is a info message from thread 818-09-2026 00:29:33 [38;5;117m[DEBUG]: [0mThis is a debug message from thread 518-09-2026 00:29:33 [38;5;015m[INFO]: [0mThis is a info message from thread 2718-09-2026 00:29:33 [38;5;015m[INFO]: [0mThis is a info message from thread 018-09-2026 00:29:33 [38;5;009m[ERROR]: [0mThis is a error message from thread 2718-09-2026 00:29:33 [38;5;009m[ERROR]: [0mThis is a error message from thread 1718-09-2026 00:29:33 [38;5;015m[INFO]: [0mThis is a info message from thread 2618-09-2026 00:29:33 [38;5;015m[INFO]: [0mThis is a info message from thread 2318-09-2026 00:29:33 [38;5;015m[INFO]: [0mThis is a info message from thread 618-09-2026 00:29:33 [38;5;009m[ERROR]: [0mThis is a error message from thread 2318-09-2026 00:29:33 [38;5;117m[DEBUG]: [0mThis is a debug message from thread 2718-09-2026 00:29:33 [38;5;117m[DEBUG]: [0mThis is a debug message from thread 2418-09-2026 00:29:33 [38;5;117m[DEBUG]: [0mThis is a debug message from thread 1018-09-2026 00:29:33 [38;5;009m[ERROR]: [0mThis is a error message from thread 1918-09-2026 00:29:33 [38;5;015m[INFO]: [0mThis is a info message from thread 2418-09-2026 00:29:33 [38;5;015m[INFO]: [0mThis is a info message from thread 1618-09-2026 00:29:33 [38;5;015m[INFO]: [0mThis is a info message from thread 2818-09-2026 00:29:33 [38;5;117m[DEBUG]: [0mThis is a debug message from thread 718-09-2026 00:29:33 [38;5;117m[DEBUG]: [0mThis is a debug message from thread 1918-09-2026 00:29:33 [38;5;009m[ERROR]: [0mThis is a error message from thread 2418-09-2026 00:29:33 [38;5;009m[ERROR]: [0mThis is a error message from thread 2818-09-2026 00:29:33 [38;5;015m[INFO]: [0mThis is a info message from thread 1918-09-2026 00:29:33 [38;5;117m[DEBUG]: [0mThis is a debug message from thread 2318-09-2026 00:29:33 [38;5;015m[INFO]: [0mThis is a info message from thread 718-09-2026 00:29:33 [38;5;015m[INFO]: [0mThis is a info message from thread 2118-09-2026 00:29:33 [38;5;015m[INFO]: [0mThis is a info message from thread 2318-09-2026 00:29:33 [38;5;009m[ERROR]: [0mThis is a error message from thread 718-09-2026 00:29:33 [38;5;009m[ERROR]: [0mThis is a error message from thread 1918-09-2026 00:29:33 [38;5;117m[DEBUG]: [0mThis is a debug message from thread 718-09-2026 00:29:33 [38;5;009m[ERROR]: [0mThis is a error message from thread 2618-09-2026 00:29:33 [38;5;009m[ERROR]: [0mThis is a error message from thread 2118-09-2026 00:29:33 [38;5;117m[DEBUG]: [0mThis is a debug message from thread 1918-09-2026 00:29:33 [38;5;015m[INFO]: [0mThis is a info message from thread 718-09-2026 00:29:33 [38;5;117m[DEBUG]: [0mThis is a debug message from thread 2118-09-2026 00:29:33 [38;5;009m[ERROR]: [0mThis is a error message from thread 718-09-2026 00:29:33 [38;5;009m[ERROR]: [0mThis is a error message from thread 2318-09-2026 00:29:33 [38;5;015m[INFO]: [0mThis is a info message from thread 1918-09-2026 00:29:33 [38;5;015m[INFO]: [0mThis is a info message from thread 2118-09-2026 00:29:33 [38;5;117m[DEBUG]: [0mThis is a debug message from thread 2318-09-2026 00:29:33 [38;5;009m[ERROR]: [0mThis is a error message from thread 1918-09-2026 00:29:33 [38;5;015m[INFO]: [0mThis is a info message from thread 2318-09-2026 00:29:33 [38;5;009m[ERROR]: [0mThis is a error message from thread 2118-09-2026 00:29:33 [38;5;117m[DEBUG]: [0mThis is a debug message from thread 2618-09-2026 00:29:33 [38;5;117m[DEBUG]: [0mThis is a debug message from thread 2118-09-2026 00:29:33 [38;5;117m[DEBUG]: [0mThis is a debug message from thread 1918-09-2026 00:29:33 [38;5;015m[INFO]: [0mThis is a info message from thread 2218-09-2026 00:29:33 [38;5;009m[ERROR]: [0mThis is a error message from thread 2218-09-2026 00:29:33 [38;5;117m[DEBUG]: [0mThis is a debug message from thread 2818-09-2026 00:29:33 [38;5;015m[INFO]: [0mThis is a info message from thread 318-09-2026 00:29:33 [38;5;117m[DEBUG]: [0mThis is a debug message from thread 1518-09-2026 00:29:33 [38;5;015m[INFO]: [0mThis is a info message from thread 2118-09-2026 00:29:33 [38;5;015m[INFO]: [0mThis is a info message from thread 1918-09-2026 00:29:33 [38;5;009m[ERROR]: [0mThis is a error message from thread 2118-09-2026 00:29:33 [38;5;009m[ERROR]: [0mThis is a error message from thread 1918-09-2026 00:29:33 [38;5;117m[DEBUG]: [0mThis is a debug message from thread 2118-09-2026 00:29:33 [38;5;117m[DEBUG]: [0mThis is a debug message from thread 2218-09-2026 00:29:33 [38;5;015m[INFO]: [0mThis is a info message from thread 2818-09-2026 00:29:33 [38;5;015m[INFO]: [0mThis is a info message from thread 1118-09-2026 00:29:33 [38;5;117m[DEBUG]: [0mThis is a debug message from thread 2418-09-2026 00:29:33 [38;5;009m[ERROR]: [0mThis is a error message from thread 1118-09-2026 00:29:33 [38;5;015m[INFO]: [0mThis is a info message from thread 2218-09-2026 00:29:33 [38;5;117m[DEBUG]: [0mThis is a debug message from thread 1118-09-2026 00:29:33 [38;5;009m[ERROR]: [0mThis is a error message from thread 2818-09-2026 00:29:33 [38;5;015m[INFO]: [0mThis is a info message from thread 1118-09-2026 00:29:33 [38;5;117m[DEBUG]: [0mThis is a debug message from thread 1318-09-2026 00:29:33 [38;5;009m[ERROR]: [0mThis is a error message from thread 318-09-2026 00:29:33 [38;5;015m[INFO]: [0mThis is a info message from thread 2418-09-2026 00:29:33 [38;5;117m[DEBUG]: [0mThis is a debug message from thread 2818-09-2026 00:29:33 [38;5;015m[INFO]: [0mThis is a info message from thread 1318-09-2026 00:29:33 [38;5;015m[INFO]: [0mThis is a info message from thread 118-09-2026 00:29:33 [38;5;015m[INFO]: [0mThis is a info message from thread 2118-09-2026 00:29:33 [38;5;015m[INFO]: [0mThis is a info message from thread 2818-09-2026 00:29:33 [38;5;009m[ERROR]: [0mThis is a error message from thread 2418-09-2026 00:29:33 [38;5;009m[ERROR]: [0mThis is a error message from thread 1118-09-2026 00:29:33 [38;5;009m[ERROR]: [0mThis is a error message from thread 2218-09-2026 00:29:33 [38;5;117m[DEBUG]: [0mThis is a debug message from thread 1918-09-2026 00:29:33 [38;5;009m[ERROR]: [0mThis is a error message from thread 818-09-2026 00:29:33 [38;5;015m[INFO]: [0mThis is a info message from thread 1818-09-2026 00:29:33 [38;5;015m[INFO]: [0mThis is a info message from thread 918-09-2026 00:29:33 [38;5;117m[DEBUG]: [0mThis is a debug message from thread 318-09-2026 00:29:33 [38;5;015m[INFO]: [0mThis is a info message from thread 1418-09-2026 00:29:33 [38;5;009m[ERROR]: [0mThis is a error message from thread 2818-09-2026 00:29:33 [38;5;117m[DEBUG]: [0mThis is a debug message from thread 818-09-2026 00:29:33 [38;5;015m[INFO]: [0mThis is a info message from thread 2618-09-2026 00:29:33 [38;5;015m[INFO]: [0mThis is a info message from thread 1018-09-2026 00:29:33 [38;5;009m[ERROR]: [0mThis is a error message from thread 018-09-2026 00:29:33 [38;5;015m[INFO]: [0mThis is a info message from thread 518-09-2026 00:29:33 [38;5;117m[DEBUG]: [0mThis is a debug message from thread 2818-09-2026 00:29:33 [38;5;117m[DEBUG]: [0mThis is a debug message from thread 2918-09-2026 00:29:33 [38;5;009m[ERROR]: [0mThis is a error message from thread 918-09-2026 00:29:33 [38;5;015m[INFO]: [0mThis is a info message from thread 1918-09-2026 00:29:33 [38;5;015m[INFO]: [0mThis is a info message from thread 318-09-2026 00:29:33 [38;5;009m[ERROR]: [0mThis is a error message from thread 418-09-2026 00:29:33 [38;5;015m[INFO]: [0mThis is a info message from thread 2718-09-2026 00:29:33 [38;5;009m[ERROR]: [0mThis is a error message from thread 1318-09-2026 00:29:33 [38;5;117m[DEBUG]: [0mThis is a debug message from thread 718-09-2026 00:29:33 [38;5;117m[DEBUG]: [0mThis is a debug message from thread 2418-09-2026 00:29:33 [38;5;009m[ERROR]: [0mThis is a error message from thread 318-09-2026 00:29:33 [38;5;117m[DEBUG]: [0mThis is a debug message from thread 018-09-2026 00:29:33 [38;5;009m[ERROR]: [0mThis is a error message from thread 2318-09-2026 00:29:33 [38;5;009m[ERROR]: [0mThis is a error message from thread 2018-09-2026 00:29:33 [38;5;117m[DEBUG]: [0mThis is a debug message from thread 1218-09-2026 00:29:33 [38;5;117m[DEBUG]: [0mThis is a debug message from thread 1718-09-2026 00:29:33 [38;5;009m[ERROR]: [0mThis is a error message from thread 618-09-2026 00:29:33 [38;5;015m[INFO]: [0mThis is a info message from thread 718-09-2026 00:29:33 [38;5;009m[ERROR]: [0mThis is a error message from thread 2118-09-2026 00:29:33 [38;5;117m[DEBUG]: [0mThis is a debug message from thread 918-09-2026 00:29:33 [38;5;015m[INFO]: [0mThis is a info message from thread 1718-09-2026 00:29:33 [38;5;117m[DEBUG]: [0mThis is a debug message from thread 2518-09-2026 00:29:33 [38;5;009m[ERROR]: [0mThis is a error message from thread 2618-09-2026 00:29:33 [38;5;009m[ERROR]: [0mThis is a error message from thread 1018-09-2026 00:29:33 [38;5;009m[ERROR]: [0mThis is a error message from thread 2718-09-2026 00:29:33 [38;5;009m[ERROR]: [0mThis is a error message from thread 1818-09-2026 00:29:33 [38;5;015m[INFO]: [0mThis is a info message from thread 1218-09-2026 00:29:33 [38;5;009m[ERROR]: [0mThis is a error message from thread 518-09-2026 00:29:33 [38;5;117m[DEBUG]: [0mThis is a debug message from thread 2018-09-2026 00:29:33 [38;5;015m[INFO]: [0mThis is a info message from thread 818-09-2026 00:29:33 [38;5;117m[DEBUG]: [0mThis is a debug message from thread 2218-09-2026 00:29:33 [38;5;009m[ERROR]: [0mThis is a error message from thread 118-09-2026 00:29:33 [38;5;015m[INFO]: [0mThis is a info message from thread 2818-09-2026 00:29:33 [38;5;009m[ERROR]: [0mThis is a error message from thread 1718-09-2026 00:29:33 [38;5;117m[DEBUG]: [0mThis is a debug message from thread 518-09-2026 00:29:33 [38;5;117m[DEBUG]: [0mThis is a debug message from thread 1118-09-2026 00:29:33 [38;5;015m[INFO]: [0mThis is a info message from thread 518-09-2026 00:29:33 [38;5;009m[ERROR]: [0mThis is a error message from thread 1618-09-2026 00:29:33 [38;5;117m[DEBUG]: [0mThis is a debug message from thread 2618-09-2026 00:29:33 [38;5;015m[INFO]: [0mThis is a info message from thread 918-09-2026 00:29:33 [38;5;015m[INFO]: [0mThis is a info message from thread 2618-09-2026 00:29:33 [38;5;015m[INFO]: [0mThis is a info message from thread 2218-09-2026 00:29:33 [38;5;009m[ERROR]: [0mThis is a error message from thread 818-09-2026 00:29:33 [38;5;009m[ERROR]: [0mThis is a error message from thread 2218-09-2026 00:29:33 [38;5;117m[DEBUG]: [0mThis is a debug message from thread 1318-09-2026 00:29:33 [38;5;009m[ERROR]: [0mThis is a error message from thread 1218-09-2026 00:29:33 [38;5;117m[DEBUG]: [0mThis is a debug message from thread 1818-09-2026 00:29:33 [38;5;117m[DEBUG]: [0mThis is a debug message from thread 818-09-2026 00:29:33 [38;5;117m[DEBUG]: [0mThis is a debug message from thread 1618-09-2026 00:29:33 [38;5;117m[DEBUG]: [0mThis is a debug message from thread 2218-09-2026 00:29:33 [38;5;117m[DEBUG]: [0mThis is a debug message from thread 1218-09-2026 00:29:33 [38;5;009m[ERROR]: [0mThis is a error message from thread 1918-09-2026 00:29:33 [38;5;015m[INFO]: [0mThis is a info message from thread 018-09-2026 00:29:33 [38;5;015m[INFO]: [0mThis is a info message from thread 1218-09-2026 00:29:33 [38;5;117m[DEBUG]: [0mThis is a debug message from thread 2318-09-2026 00:29:33 [38;5;009m[ERROR]: [0mThis is a error message from thread 518-09-2026 00:29:33 [38;5;117m[DEBUG]: [0mThis is a debug message from thread 2118-09-2026 00:29:33 [38;5;015m[INFO]: [0mThis is a info message from thread 2218-09-2026 00:29:33 [38;5;117m[DEBUG]: [0mThis is a debug message from thread 1018-09-2026 00:29:33 [38;5;015m[INFO]: [0mThis is a info message from thread 2418-09-2026 00:29:33 [38;5;117m[DEBUG]: [0mThis is a debug message from thread 118-09-2026 00:29:33 [38;5;009m[ERROR]: [0mThis is a error message from thread 218-09-2026 00:29:33 [38;5;009m[ERROR]: [0mThis is a error message from thread 1418-09-2026 00:29:33 [38;5;015m[INFO]: [0mThis is a info message from thread 1318-09-2026 00:29:33 [38;5;015m[INFO]: [0mThis is a info message from thread 1118-09-2026 00:29:33 [38;5;117m[DEBUG]: [0mThis is a debug message from thread 1718-09-2026 00:29:33 [38;5;009m[ERROR]: [0mThis is a error message from thread 718-09-2026 00:29:33 [38;5;015m[INFO]: [0mThis is a info message from thread 1818-09-2026 00:29:33 [38;5;117m[DEBUG]: [0mThis is a debug message from thread 1418-09-2026 00:29:33 [38;5;117m[DEBUG]: [0mThis is a debug message from thread 2718-09-2026 00:29:33 [38;5;117m[DEBUG]: [0mThis is a debug message from thread 618-09-2026 00:29:33 [38;5;015m[INFO]: [0mThis is a info message from thread 2918-09-2026 00:29:33 [38;5;009m[ERROR]: [0mThis is a error message from thread 2918-09-2026 00:29:33 [38;5;015m[INFO]: [0mThis is a info message from thread 2718-09-2026 00:29:33 [38;5;117m[DEBUG]: [0mThis is a debug message from thread 2918-09-2026 00:29:33 [38;5;117m[DEBUG]: [0mThis is a debug message from thread 418-09-2026 00:29:33 [38;5;009m[ERROR]: [0mThis is a error message from thread 1118-09-2026 00:29:33 [38;5;015m[INFO]: [0mThis is a info message from thread 818-09-2026 00:29:33 [38;5;015m[INFO]: [0mThis is a info message from thread 2918-09-2026 00:29:33 [38;5;015m[INFO]: [0mThis is a info message from thread 418-09-2026 00:29:33 [38;5;009m[ERROR]: [0mThis is a error message from thread 2718-09-2026 00:29:33 [38;5;009m[ERROR]: [0mThis is a error message from thread 1818-09-2026 00:29:33 [38;5;117m[DEBUG]: [0mThis is a debug message from thread 1918-09-2026 00:29:33 [38;5;009m[ERROR]: [0mThis is a error message from thread 1218-09-2026 00:29:33 [38;5;015m[INFO]: [0mThis is a info message from thread 1518-09-2026 00:29:33 [38;5;009m[ERROR]: [0mThis is a error message from thread 2918-09-2026 00:29:33 [38;5;117m[DEBUG]: [0mThis is a debug message from thread 218-09-2026 00:29:33 [38;5;015m[INFO]: [0mThis is a info message from thread 1918-09-2026 00:29:33 [38;5;009m[ERROR]: [0mThis is a error message from thread 418-09-2026 00:29:33 [38;5;117m[DEBUG]: [0mThis is a debug message from thread 2918-09-2026 00:29:33 [38;5;015m[INFO]: [0mThis is a info message from thread 218-09-2026 00:29:33 [38;5;009m[ERROR]: [0mThis is a error message from thread 818-09-2026 00:29:33 [38;5;015m[INFO]: [0mThis is a info message from thread 118-09-2026 00:29:33 [38;5;009m[ERROR]: [0mThis is a error message from thread 018-09-2026 00:29:33 [38;5;117m[DEBUG]: [0mThis is a debug message from thread 318-09-2026 00:29:33 [38;5;009m[ERROR]: [0mThis is a error message from thread 2418-09-2026 00:29:33 [38;5;009m[ERROR]: [0mThis is a error message from thread 218-09-2026 00:29:33 [38;5;117m[DEBUG]: [0mThis is a debug message from thread 1118-09-2026 00:29:33 [38;5;015m[INFO]: [0mThis is a info message from thread 2018-09-2026 00:29:33 [38;5;015m[INFO]: [0mThis is a info message from thread 1618-09-2026 00:29:33 [38;5;009m[ERROR]: [0mThis is a error message from thread 918-09-2026 00:29:33 [38;5;117m[DEBUG]: [0mThis is a debug message from thread 2718-09-2026 00:29:33 [38;5;009m[ERROR]: [0mThis is a error message from thread 118-09-2026 00:29:33 [38;5;009m[ERROR]: [0mThis is a error message from thread 1518-09-2026 00:29:33 [38;5;015m[INFO]: [0mThis is a info message from thread 1018-09-2026 00:29:33 [38;5;117m[DEBUG]: [0mThis is a debug message from thread 218-09-2026 00:29:33 [38;5;015m[INFO]: [0mThis is a info message from thread 618-09-2026 00:29:33 [38;5;117m[DEBUG]: [0mThis is a debug message from thread 1218-09-2026 00:29:33 [38;5;009m[ERROR]: [0mThis is a error message from thread 2818-09-2026 00:29:33 [38;5;015m[INFO]: [0mThis is a info message from thread 1218-09-2026 00:29:33 [38;5;009m[ERROR]: [0mThis is a error message from thread 1618-09-2026 00:29:33 [38;5;015m[INFO]: [0mThis is a info message from thread 1118-09-2026 00:29:33 [38;5;015m[INFO]: [0mThis is a info message from thread 1718-09-2026 00:29:33 [38;5;015m[INFO]: [0mThis is a info message from thread 2718-09-2026 00:29:33 [38;5;009m[ERROR]: [0mThis is a error message from thread 1718-09-2026 00:29:33 [38;5;009m[ERROR]: [0mThis is a error message from thread 1118-09-2026 00:29:33 [38;5;009m[ERROR]: [0mThis is a error message from thread 2218-09-2026 00:29:33 [38;5;117m[DEBUG]: [0mThis is a debug message from thread 1518-09-2026 00:29:33 [38;5;009m[ERROR]: [0mThis is a error message from thread 1318-09-2026 00:29:33 [38;5;009m[ERROR]: [0mThis is a error message from thread 2618-09-2026 00:29:33 [38;5;015m[INFO]: [0mThis is a info message from thread 2918-09-2026 00:29:33 [38;5;015m[INFO]: [0mThis is a info message from thread 318-09-2026 00:29:33 [38;5;015m[INFO]: [0mThis is a info message from thread 218-09-2026 00:29:33 [38;5;117m[DEBUG]: [0mThis is a debug message from thread 1118-09-2026 00:29:33 [38;5;117m[DEBUG]: [0mThis is a debug message from thread 118-09-2026 00:29:33 [38;5;009m[ERROR]: [0mThis is a error message from thread 1918-09-2026 00:29:33 [38;5;015m[INFO]: [0mThis is a info message from thread 1118-09-2026 00:29:33 [38;5;009m[ERROR]: [0mThis is a error message from thread 2918-09-2026 00:29:33 [38;5;117m[DEBUG]: [0mThis is a debug message from thread 018-09-2026 00:29:33 [38;5;009m[ERROR]: [0mThis is a error message from thread 218-09-2026 00:29:33 [38;5;117m[DEBUG]: [0mThis is a debug message from thread 218-09-2026 00:29:33 [38;5;015m[INFO]: [0mThis is a info message from thread 218-09-2026 00:29:33 [38;5;009m[ERROR]: [0mThis is a error message from thread 218-09-2026 00:29:33 [38;5;117m[DEBUG]: [0mThis is a debug message from thread 1718-09-2026 00:29:33 [38;5;117m[DEBUG]: [0mThis is a debug message from thread 2918-09-2026 00:29:33 [38;5;009m[ERROR]: [0mThis is a error message from thread 318-09-2026 00:29:33 [38;5;117m[DEBUG]: [0mThis is a debug message from thread 1918-09-2026 00:29:33 [38;5;015m[INFO]: [0mThis is a info message from thread 2518-09-2026 00:29:33 [38;5;117m[DEBUG]: [0mThis is a debug message from thread 1818-09-2026 00:29:33 [38;5;015m[INFO]: [0mThis is a info message from thread 1418-09-2026 00:29:33 [38;5;117m[DEBUG]: [0mThis is a debug message from thread 1318-09-2026 00:29:33 [38;5;015m[INFO]: [0mThis is a info message from thread 118-09-2026 00:29:33 [38;5;117m[DEBUG]: [0mThis is a debug message from thread 218-09-2026 00:29:33 [38;5;015m[INFO]: [0mThis is a info message from thread 2318-09-2026 00:29:33 [38;5;009m[ERROR]: [0mThis is a error message from thread 2518-09-2026 00:29:33 [38;5;117m[DEBUG]: [0mThis is a debug message from thread 2218-09-2026 00:29:33 [38;5;117m[DEBUG]: [0mThis is a debug message from thread 518-09-2026 00:29:33 [38;5;015m[INFO]: [0mThis is a info message from thread 1318-09-2026 00:29:33 [38;5;009m[ERROR]: [0mThis is a error message from thread 1418-09-2026 00:29:33 [38;5;117m[DEBUG]: [0mThis is a debug message from thread 718-09-2026 00:29:33 [38;5;117m[DEBUG]: [0mThis is a debug message from thread 1618-09-2026 00:29:33 [38;5;015m[INFO]: [0mThis is a info message from thread 718-09-2026 00:29:33 [38;5;009m[ERROR]: [0mThis is a error message from thread 618-09-2026 00:29:33 [38;5;117m[DEBUG]: [0mThis is a debug message from thread 818-09-2026 00:29:33 [38;5;009m[ERROR]: [0mThis is a error message from thread 1018-09-2026 00:29:33 [38;5;015m[INFO]: [0mThis is a info message from thread 818-09-2026 00:29:33 [38;5;015m[INFO]: [0mThis is a info message from thread 2218-09-2026 00:29:33 [38;5;015m[INFO]: [0mThis is a info message from thread 1518-09-2026 00:29:33 [38;5;009m[ERROR]: [0mThis is a error message from thread 1118-09-2026 00:29:33 [38;5;009m[ERROR]: [0mThis is a error message from thread 2218-09-2026 00:29:33 [38;5;015m[INFO]: [0mThis is a info message from thread 218-09-2026 00:29:33 [38;5;015m[INFO]: [0mThis is a info message from thread 1818-09-2026 00:29:33 [38;5;117m[DEBUG]: [0mThis is a debug message from thread 318-09-2026 00:29:33 [38;5;117m[DEBUG]: [0mThis is a debug message from thread 618-09-2026 00:29:33 [38;5;009m[ERROR]: [0mThis is a error message from thread 2718-09-2026 00:29:33 [38;5;009m[ERROR]: [0mThis is a error message from thread 2318-09-2026 00:29:33 [38;5;015m[INFO]: [0mThis is a info message from thread 318-09-2026 00:29:33 [38;5;117m[DEBUG]: [0mThis is a debug message from thread 1118-09-2026 00:29:33 [38;5;015m[INFO]: [0mThis is a info message from thread 1618-09-2026 00:29:33 [38;5;015m[INFO]: [0mThis is a info message from thread 618-09-2026 00:29:33 [38;5;009m[ERROR]: [0mThis is a error message from thread 2018-09-2026 00:29:33 [38;5;009m[ERROR]: [0mThis is a error message from thread 118-09-2026 00:29:33 [38;5;009m[ERROR]: [0mThis is a error message from thread 1318-09-2026 00:29:33 [38;5;117m[DEBUG]: [0mThis is a debug message from thread 918-09-2026 00:29:33 [38;5;117m[DEBUG]: [0mThis is a debug message from thread 1018-09-2026 00:29:33 [38;5;015m[INFO]: [0mThis is a info message from thread 2918-09-2026 00:29:33 [38;5;117m[DEBUG]: [0mThis is a debug message from thread 2218-09-2026 00:29:33 [38;5;117m[DEBUG]: [0mThis is a debug message from thread 1418-09-2026 00:29:33 [38;5;009m[ERROR]: [0mThis is a error message from thread 218-09-2026 00:29:33 [38;5;015m[INFO]: [0mThis is a info message from thread 1918-09-2026 00:29:33 [38;5;117m[DEBUG]: [0mThis is a debug message from thread 2418-09-2026 00:29:33 [38;5;015m[INFO]: [0mThis is a info message from thread 1018-09-2026 00:29:33 [38;5;015m[INFO]: [0mThis is a info message from thread 1418-09-2026 00:29:33 [38;5;009m[ERROR]: [0mThis is a error message from thread 618-09-2026 00:29:33 [38;5;117m[DEBUG]: [0mThis is a debug message from thread 418-09-2026 00:29:33 [38;5;009m[ERROR]: [0mThis is a error message from thread 1218-09-2026 00:29:33 [38;5;117m[DEBUG]: [0mThis is a debug message from thread 118-09-2026 00:29:33 [38;5;117m[DEBUG]: [0mThis is a debug message from thread 2718-09-2026 00:29:33 [38;5;009m[ERROR]: [0mThis is a error message from thread 1818-09-2026 00:29:33 [38;5;009m[ERROR]: [0mThis is a error message from thread 1518-09-2026 00:29:33 [38;5;015m[INFO]: [0mThis is a info message from thread 2118-09-2026 00:29:33 [38;5;015m[INFO]: [0mThis is a info message from thread 2218-09-2026 00:29:33 [38;5;015m[INFO]: [0mThis is a info message from thread 118-09-2026 00:29:33 [38;5;117m[DEBUG]: [0mThis is a debug message from thread 2818-09-2026 00:29:33 [38;5;117m[DEBUG]: [0mThis is a debug message from thread 1218-09-2026 00:29:33 [38;5;009m[ERROR]: [0mThis is a error message from thread 1618-09-2026 00:29:33 [38;5;009m[ERROR]: [0mThis is a error message from thread 1918-09-2026 00:29:33 [38;5;009m[ERROR]: [0mThis is a error message from thread 2918-09-2026 00:29:33 [38;5;117m[DEBUG]: [0mThis is a debug message from thread 1318-09-2026 00:29:33 [38;5;009m[ERROR]: [0mThis is a error message from thread 2218-09-2026 00:29:33 [38;5;009m[ERROR]: [0mThis is a error message from thread 818-09-2026 00:29:33 [38;5;015m[INFO]: [0mThis is a info message from thread 1218-09-2026 00:29:33 [38;5;117m[DEBUG]: [0mThis is a debug message from thread 2318-09-2026 00:29:33 [38;5;015m[INFO]: [0mThis is a info message from thread 418-09-2026 00:29:33 [38;5;015m[INFO]: [0mThis is a info message from thread 918-09-2026 00:29:33 [38;5;117m[DEBUG]: [0mThis is a debug message from thread 818-09-2026 00:29:33 [38;5;117m[DEBUG]: [0mThis is a debug message from thread 2518-09-2026 00:29:33 [38;5;009m[ERROR]: [0mThis is a error message from thread 318-09-2026 00:29:33 [38;5;015m[INFO]: [0mThis is a info message from thread 518-09-2026 00:29:33 [38;5;009m[ERROR]: [0mThis is a error message from thread 1018-09-2026 00:29:33 [38;5;015m[INFO]: [0mThis is a info message from thread 2718-09-2026 00:29:33 [38;5;117m[DEBUG]: [0mThis is a debug message from thread 318-09-2026 00:29:33 [38;5;117m[DEBUG]: [0mThis is a debug message from thread 2618-09-2026 00:29:33 [38;5;015m[INFO]: [0mThis is a info message from thread 318-09-2026 00:29:33 [38;5;117m[DEBUG]: [0mThis is a debug message from thread 2918-09-2026 00:29:33 [38;5;117m[DEBUG]: [0mThis is a debug message from thread 1018-09-2026 00:29:33 [38;5;015m[INFO]: [0mThis is a info message from thread 1318-09-2026 00:29:33 [38;5;117m[DEBUG]: [0mThis is a debug message from thread 218-09-2026 00:29:33 [38;5;015m[INFO]: [0mThis is a info message from thread 2918-09-2026 00:29:33 [38;5;015m[INFO]: [0mThis is a info message from thread 1718-09-2026 00:29:33 [38;5;015m[INFO]: [0mThis is a info message from thread 1018-09-2026 00:29:33 [38;5;009m[ERROR]: [0mThis is a error message from thread 118-09-2026 00:29:33 [38;5;015m[INFO]: [0mThis is a info message from thread 218-09-2026 00:29:33 [38;5;009m[ERROR]: [0mThis is a error message from thread 1718-09-2026 00:29:33 [38;5;015m[INFO]: [0mThis is a info message from thread 2318-09-2026 00:29:33 [38;5;009m[ERROR]: [0mThis is a error message from thread 1018-09-2026 00:29:33 [38;5;009m[ERROR]: [0mThis is a error message from thread 218-09-2026 00:29:33 [38;5;009m[ERROR]: [0mThis is a error message from thread 2318-09-2026 00:29:33 [38;5;117m[DEBUG]: [0mThis is a debug message from thread 2318-09-2026 00:29:33 [38;5;117m[DEBUG]: [0mThis is a debug message from thread 118-09-2026 00:29:33 [38;5;015m[INFO]: [0mThis is a info message from thread 2618-09-2026 00:29:33 [38;5;015m[INFO]: [0mThis is a info message from thread 1118-09-2026 00:29:33 [38;5;117m[DEBUG]: [0mThis is a debug message from thread 1718-09-2026 00:29:33 [38;5;009m[ERROR]: [0mThis is a error message from thread 1118-09-2026 00:29:33 [38;5;117m[DEBUG]: [0mThis is a debug message from thread 1918-09-2026 00:29:33 [38;5;117m[DEBUG]: [0mThis is a debug message from thread 218-09-2026 00:29:33 [38;5;117m[DEBUG]: [0mThis is a debug message from thread 1818-09-2026 00:29:33 [38;5;009m[ERROR]: [0mThis is a error message from thread 2918-09-2026 00:29:33 [38;5;015m[INFO]: [0mThis is a info message from thread 218-09-2026 00:29:33 [38;5;117m[DEBUG]: [0mThis is a debug message from thread 2218-09-2026 00:29:33 [38;5;009m[ERROR]: [0mThis is a error message from thread 718-09-2026 00:29:33 [38;5;009m[ERROR]: [0mThis is a error message from thread 2118-09-2026 00:29:33 [38;5;117m[DEBUG]: [0mThis is a debug message from thread 1518-09-2026 00:29:33 [38;5;009m[ERROR]: [0mThis is a error message from thread 1418-09-2026 00:29:33 [38;5;009m[ERROR]: [0mThis is a error message from thread 218-09-2026 00:29:33 [38;5;015m[INFO]: [0mThis is a info message from thread 818-09-2026 00:29:33 [38;5;015m[INFO]: [0mThis is a info message from thread 2218-09-2026 00:29:33 [38;5;009m[ERROR]: [0mThis is a error message from thread 2718-09-2026 00:29:33 [38;5;015m[INFO]: [0mThis is a info message from thread 018-09-2026 00:29:33 [38;5;117m[DEBUG]: [0mThis is a debug message from thread 718-09-2026 00:29:33 [38;5;015m[INFO]: [0mThis is a info message from thread 2818-09-2026 00:29:33 [38;5;015m[INFO]: [0mThis is a info message from thread 2518-09-2026 00:29:33 [38;5;009m[ERROR]: [0mThis is a error message from thread 418-09-2026 00:29:33 [38;5;117m[DEBUG]: [0mThis is a debug message from thread 2118-09-2026 00:29:33 [38;5;015m[INFO]: [0mThis is a info message from thread 718-09-2026 00:29:33 [38;5;015m[INFO]: [0mThis is a info message from thread 1518-09-2026 00:29:33 [38;5;117m[DEBUG]: [0mThis is a debug message from thread 418-09-2026 00:29:33 [38;5;015m[INFO]: [0mThis is a info message from thread 2118-09-2026 00:29:33 [38;5;117m[DEBUG]: [0mThis is a debug message from thread 1418-09-2026 00:29:33 [38;5;009m[ERROR]: [0mThis is a error message from thread 1218-09-2026 00:29:33 [38;5;015m[INFO]: [0mThis is a info message from thread 2418-09-2026 00:29:33 [38;5;117m[DEBUG]: [0mThis is a debug message from thread 2018-09-2026 00:29:33 [38;5;009m[ERROR]: [0mThis is a error message from thread 318-09-2026 00:29:33 [38;5;015m[INFO]: [0mThis is a info message from thread 1718-09-2026 00:29:33 [38;5;117m[DEBUG]: [0mThis is a debug message from thread 318-09-2026 00:29:33 [38;5;015m[INFO]: [0mThis is a info message from thread 418-09-2026 00:29:33 [38;5;009m[ERROR]: [0mThis is a error message from thread 1718-09-2026 00:29:33 [38;5;015m[INFO]: [0mThis is a info message from thread 318-09-2026 00:29:33 [38;5;117m[DEBUG]: [0mThis is a debug message from thread 2918-09-2026 00:29:33 [38;5;009m[ERROR]: [0mThis is a error message from thread 2618-09-2026 00:29:33 [38;5;015m[INFO]: [0mThis is a info message from thread 2918-09-2026 00:29:33 [38;5;009m[ERROR]: [0mThis is a error message from thread 318-09-2026 00:29:33 [38;5;015m[INFO]: [0mThis is a info message from thread 1418-09-2026 00:29:33 [38;5;009m[ERROR]: [0mThis is a error message from thread 1418-09-2026 00:29:33 [38;5;009m[ERROR]: [0mThis is a error message from thread 2218-09-2026 00:29:33 [38;5;015m[INFO]: [0mThis is a info message from thread 1918-09-2026 00:29:33 [38;5;009m[ERROR]: [0mThis is a error message from thread 1918-09-2026 00:29:33 [38;5;009m[ERROR]: [0mThis is a error message from thread 518-09-2026 00:29:33 [38;5;117m[DEBUG]: [0mThis is a debug message from thread 2618-09-2026 00:29:33 [38;5;117m[DEBUG]: [0mThis is a debug message from thread 1918-09-2026 00:29:33 [38;5;117m[DEBUG]: [0mThis is a debug message from thread 2718-09-2026 00:29:33 [38;5;117m[DEBUG]: [0mThis is a debug message from thread 1718-09-2026 00:29:33 [38;5;117m[DEBUG]: [0mThis is a debug message from thread 1418-09-2026 00:29:33 [38;5;117m[DEBUG]: [0mThis is a debug message from thread 1218-09-2026 00:29:33 [38;5;117m[DEBUG]: [0mThis is a debug message from thread 1118-09-2026 00:29:33 [38;5;009m[ERROR]: [0mThis is a error message from thread 718-09-2026 00:29:33 [38;5;009m[ERROR]: [0mThis is a error message from thread 018-09-2026 00:29:33 [38;5;015m[INFO]: [0mThis is a info message from thread 1218-09-2026 00:29:33 [38;5;015m[INFO]: [0mThis is a info message from thread 1818-09-2026 00:29:33 [38;5;015m[INFO]: [0mThis is a info message from thread 1118-09-2026 00:29:33 [38;5;009m[ERROR]: [0mThis is a error message from thread 2518-09-2026 00:29:33 [38;5;009m[ERROR]: [0mThis is a error message from thread 818-09-2026 00:29:33 [38;5;117m[DEBUG]: [0mThis is a debug message from thread 218-09-2026 00:29:33 [38;5;009m[ERROR]: [0mThis is a error message from thread 1518-09-2026 00:29:33 [38;5;117m[DEBUG]: [0mThis is a debug message from thread 2518-09-2026 00:29:33 [38;5;009m[ERROR]: [0mThis is a error message from thread 1318-09-2026 00:29:33 [38;5;009m[ERROR]: [0mThis is a error message from thread 918-09-2026 00:29:33 [38;5;117m[DEBUG]: [0mThis is a debug message from thread 1318-09-2026 00:29:33 [38;5;015m[INFO]: [0mThis is a info message from thread 218-09-2026 00:29:33 [38;5;117m[DEBUG]: [0mThis is a debug message from thread 1518-09-2026 00:29:33 [38;5;015m[INFO]: [0mThis is a info message from thread 2518-09-2026 00:29:33 [38;5;009m[ERROR]: [0mThis is a error message from thread 418-09-2026 00:29:33 [38;5;117m[DEBUG]: [0mThis is a debug message from thread 618-09-2026 00:29:33 [38;5;015m[INFO]: [0mThis is a info message from thread 618-09-2026 00:29:33 [38;5;015m[INFO]: [0mThis is a info message from thread 2018-09-2026 00:29:33 [38;5;009m[ERROR]: [0mThis is a error message from thread 1118-09-2026 00:29:33 [38;5;009m[ERROR]: [0mThis is a error message from thread 2918-09-2026 00:29:33 [38;5;117m[DEBUG]: [0mThis is a debug message from thread 718-09-2026 00:29:33 [38;5;009m[ERROR]: [0mThis is a error message from thread 1218-09-2026 00:29:33 [38;5;009m[ERROR]: [0mThis is a error message from thread 2118-09-2026 00:29:33 [38;5;009m[ERROR]: [0mThis is a error message from thread 618-09-2026 00:29:33 [38;5;015m[INFO]: [0mThis is a info message from thread 1318-09-2026 00:29:33 [38;5;117m[DEBUG]: [0mThis is a debug message from thread 2118-09-2026 00:29:33 [38;5;015m[INFO]: [0mThis is a info message from thread 118-09-2026 00:29:33 [38;5;009m[ERROR]: [0mThis is a error message from thread 118-09-2026 00:29:33 [38;5;009m[ERROR]: [0mThis is a error message from thread 1318-09-2026 00:29:33 [38;5;015m[INFO]: [0mThis is a info message from thread 2118-09-2026 00:29:33 [38;5;117m[DEBUG]: [0mThis is a debug message from thread 118-09-2026 00:29:33 [38;5;015m[INFO]: [0mThis is a info message from thread 118-09-2026 00:29:33 [38;5;015m[INFO]: [0mThis is a info message from thread 2718-09-2026 00:29:33 [38;5;117m[DEBUG]: [0mThis is a debug message from thread 518-09-2026 00:29:33 [38;5;015m[INFO]: [0mThis is a info message from thread 518-09-2026 00:29:33 [38;5;009m[ERROR]: [0mThis is a error message from thread 518-09-2026 00:29:33 [38;5;117m[DEBUG]: [0mThis is a debug message from thread 2218-09-2026 00:29:33 [38;5;009m[ERROR]: [0mThis is a error message from thread 2818-09-2026 00:29:33 [38;5;015m[INFO]: [0mThis is a info message from thread 2218-09-2026 00:29:33 [38;5;015m[INFO]: [0mThis is a info message from thread 1918-09-2026 00:29:33 [38;5;009m[ERROR]: [0mThis is a error message from thread 2218-09-2026 00:29:33 [38;5;117m[DEBUG]: [0mThis is a debug message from thread 1318-09-2026 00:29:33 [38;5;117m[DEBUG]: [0mThis is a debug message from thread 818-09-2026 00:29:33 [38;5;015m[INFO]: [0mThis is a info message from thread 2618-09-2026 00:29:33 [38;5;015m[INFO]: [0mThis is a info message from thread 1318-09-2026 00:29:33 [38;5;015m[INFO]: [0mThis is a info message from thread 1418-09-2026 00:29:33 [38;5;009m[ERROR]: [0mThis is a error message from thread 1318-09-2026 00:29:33 [38;5;009m[ERROR]: [0mThis is a error message from thread 2618-09-2026 00:29:33 [38;5;117m[DEBUG]: [0mThis is a debug message from thread 318-09-2026 00:29:33 [38;5;117m[DEBUG]: [0mThis is a debug message from thread 2618-09-2026 00:29:33 [38;5;015m[INFO]: [0mThis is a info message from thread 818-09-2026 00:29:33 [38;5;009m[ERROR]: [0mThis is a error message from thread 2718-09-2026 00:29:33 [38;5;015m[INFO]: [0mThis is a info message from thread 318-09-2026 00:29:33 [38;5;009m[ERROR]: [0mThis is a error message from thread 1418-09-2026 00:29:33 [38;5;117m[DEBUG]: [0mThis is a debug message from thread 1318-09-2026 00:29:33 [38;5;117m[DEBUG]: [0mThis is a debug message from thread 1218-09-2026 00:29:33 [38;5;015m[INFO]: [0mThis is a info message from thread 718-09-2026 00:29:33 [38;5;015m[INFO]: [0mThis is a info message from thread 2618-09-2026 00:29:33 [38;5;117m[DEBUG]: [0mThis is a debug message from thread 2918-09-2026 00:29:33 [38;5;009m[ERROR]: [0mThis is a error message from thread 1918-09-2026 00:29:33 [38;5;117m[DEBUG]: [0mThis is a debug message from thread 018-09-2026 00:29:33 [38;5;117m[DEBUG]: [0mThis is a debug message from thread 2218-09-2026 00:29:33 [38;5;117m[DEBUG]: [0mThis is a debug message from thread 918-09-2026 00:29:33 [38;5;009m[ERROR]: [0mThis is a error message from thread 318-09-2026 00:29:33 [38;5;009m[ERROR]: [0mThis is a error message from thread 2018-09-2026 00:29:33 [38;5;015m[INFO]: [0mThis is a info message from thread 2318-09-2026 00:29:33 [38;5;015m[INFO]: [0mThis is a info message from thread 2218-09-2026 00:29:33 [38;5;009m[ERROR]: [0mThis is a error message from thread 818-09-2026 00:29:33 [38;5;117m[DEBUG]: [0mThis is a debug message from thread 2718-09-2026 00:29:33 [38;5;009m[ERROR]: [0mThis is a error message from thread 2318-09-2026 00:29:33 [38;5;015m[INFO]: [0mThis is a info message from thread 2718-09-2026 00:29:33 [38;5;117m[DEBUG]: [0mThis is a debug message from thread 1018-09-2026 00:29:33 [38;5;117m[DEBUG]: [0mThis is a debug message from thread 2018-09-2026 00:29:33 [38;5;009m[ERROR]: [0mThis is a error message from thread 118-09-2026 00:29:33 [38;5;015m[INFO]: [0mThis is a info message from thread 1518-09-2026 00:29:33 [38;5;009m[ERROR]: [0mThis is a error message from thread 218-09-2026 00:29:33 [38;5;117m[DEBUG]: [0mThis is a debug message from thread 2818-09-2026 00:29:33 [38;5;009m[ERROR]: [0mThis is a error message from thread 2518-09-2026 00:29:33 [38;5;009m[ERROR]: [0mThis is a error message from thread 718-09-2026 00:29:33 [38;5;009m[ERROR]: [0mThis is a error message from thread 2218-09-2026 00:29:33 [38;5;117m[DEBUG]: [0mThis is a debug message from thread 2218-09-2026 00:29:33 [38;5;009m[ERROR]: [0mThis is a error message from thread 1518-09-2026 00:29:33 [38;5;015m[INFO]: [0mThis is a info message from thread 918-09-2026 00:29:33 [38;5;117m[DEBUG]: [0mThis is a debug message from thread 1418-09-2026 00:29:33 [38;5;117m[DEBUG]: [0mThis is a debug message from thread 418-09-2026 00:29:33 [38;5;117m[DEBUG]: [0mThis is a debug message from thread 1618-09-2026 00:29:33 [38;5;015m[INFO]: [0mThis is a info message from thread 1418-09-2026 00:29:33 [38;5;015m[INFO]: [0mThis is a info message from thread 1618-09-2026 00:29:33 [38;5;117m[DEBUG]: [0mThis is a debug message from thread 818-09-2026 00:29:33 [38;5;009m[ERROR]: [0mThis is a error message from thread 1618-09-2026 00:29:33 [38;5;117m[DEBUG]: [0mThis is a debug message from thread 118-09-2026 00:29:33 [38;5;117m[DEBUG]: [0mThis is a debug message from thread 2518-09-2026 00:29:33 [38;5;015m[INFO]: [0mThis is a info message from thread 1018-09-2026 00:29:33 [38;5;015m[INFO]: [0mThis is a info message from thread 418-09-2026 00:29:33 [38;5;117m[DEBUG]: [0mThis is a debug message from thread 1918-09-2026 00:29:33 [38;5;009m[ERROR]: [0mThis is a error message from thread 1018-09-2026 00:29:33 [38;5;009m[ERROR]: [0mThis is a error message from thread 1418-09-2026 00:29:33 [38;5;009m[ERROR]: [0mThis is a error message from thread 418-09-2026 00:29:33 [38;5;117m[DEBUG]: [0mThis is a debug message from thread 1018-09-2026 00:29:33 [38;5;117m[DEBUG]: [0mThis is a debug message from thread 1618-09-2026 00:29:33 [38;5;009m[ERROR]: [0mThis is a error message from thread 2418-09-2026 00:29:33 [38;5;015m[INFO]: [0mThis is a info message from thread 2218-09-2026 00:29:33 [38;5;117m[DEBUG]: [0mThis is a debug message from thread 2318-09-2026 00:29:33 [38;5;117m[DEBUG]: [0mThis is a debug message from thread 318-09-2026 00:29:33 [38;5;015m[INFO]: [0mThis is a info message from thread 2318-09-2026 00:29:33 [38;5;009m[ERROR]: [0mThis is a error message from thread 2318-09-2026 00:29:33 [38;5;015m[INFO]: [0mThis is a info message from thread 818-09-2026 00:29:33 [38;5;015m[INFO]: [0mThis is a info message from thread 1018-09-2026 00:29:33 [38;5;009m[ERROR]: [0mThis is a error message from thread 818-09-2026 00:29:33 [38;5;117m[DEBUG]: [0mThis is a debug message from thread 1418-09-2026 00:29:33 [38;5;117m[DEBUG]: [0mThis is a debug message from thread 2318-09-2026 00:29:33 [38;5;009m[ERROR]: [0mThis is a error message from thread 2118-09-2026 00:29:33 [38;5;015m[INFO]: [0mThis is a info message from thread 1418-09-2026 00:29:33 [38;5;015m[INFO]: [0mThis is a info message from thread 2518-09-2026 00:29:33 [38;5;009m[ERROR]: [0mThis is a error message from thread 2718-09-2026 00:29:33 [38;5;009m[ERROR]: [0mThis is a error message from thread 2518-09-2026 00:29:33 [38;5;009m[ERROR]: [0mThis is a error message from thread 2218-09-2026 00:29:33 [38;5;015m[INFO]: [0mThis is a info message from thread 1918-09-2026 00:29:33 [38;5;009m[ERROR]: [0mThis is a error message from thread 1818-09-2026 00:29:33 [38;5;015m[INFO]: [0mThis is a info message from thread 1618-09-2026 00:29:33 [38;5;117m[DEBUG]: [0mThis is a debug message from thread 1818-09-2026 00:29:33 [38;5;117m[DEBUG]: [0mThis is a debug message from thread 2718-09-2026 00:29:33 [38;5;009m[ERROR]: [0mThis is a error message from thread 1418-09-2026 00:29:33 [38;5;015m[INFO]: [0mThis is a info message from thread 2718-09-2026 00:29:33 [38;5;015m[INFO]: [0mThis is a info message from thread 1718-09-2026 00:29:33 [38;5;009m[ERROR]: [0mThis is a error message from thread 1618-09-2026 00:29:33 [38;5;015m[INFO]: [0mThis is a info message from thread 2918-09-2026 00:29:33 [38;5;015m[INFO]: [0mThis is a info message from thread 1318-09-2026 00:29:33 [38;5;015m[INFO]: [0mThis is a info message from thread 2818-09-2026 00:29:33 [38;5;015m[INFO]: [0mThis is a info message from thread 118-09-2026 00:29:33 [38;5;009m[ERROR]: [0mThis is a error message from thread 2718-09-2026 00:29:33 [38;5;015m[INFO]: [0mThis is a info message from thread 2318-09-2026 00:29:33 [38;5;009m[ERROR]: [0mThis is a error message from thread 1318-09-2026 00:29:33 [38;5;009m[ERROR]: [0mThis is a error message from thread 2818-09-2026 00:29:33 [38;5;117m[DEBUG]: [0mThis is a debug message from thread 818-09-2026 00:29:33 [38;5;117m[DEBUG]: [0mThis is a debug message from thread 2718-09-2026 00:29:33 [38;5;009m[ERROR]: [0mThis is a error message from thread 2618-09-2026 00:29:33 [38;5;117m[DEBUG]: [0mThis is a debug message from thread 1618-09-2026 00:29:33 [38;5;117m[DEBUG]: [0mThis is a debug message from thread 2118-09-2026 00:29:33 [38;5;117m[DEBUG]: [0mThis is a debug message from thread 518-09-2026 00:29:33 [38;5;009m[ERROR]: [0mThis is a error message from thread 2918-09-2026 00:29:33 [38;5;117m[DEBUG]: [0mThis is a debug message from thread 2818-09-2026 00:29:33 [38;5;015m[INFO]: [0mThis is a info message from thread 2718-09-2026 00:29:33 [38;5;117m[DEBUG]: [0mThis is a debug message from thread 618-09-2026 00:29:33 [38;5;117m[DEBUG]: [0mThis is a debug message from thread 1418-09-2026 00:29:33 [38;5;009m[ERROR]: [0mThis is a error message from thread 118-09-2026 00:29:33 [38;5;015m[INFO]: [0mThis is a info message from thread 618-09-2026 00:29:33 [38;5;009m[ERROR]: [0mThis is a error message from thread 1718-09-2026 00:29:33 [38;5;015m[INFO]: [0mThis is a info message from thread 1218-09-2026 00:29:33 [38;5;015m[INFO]: [0mThis is a info message from thread 518-09-2026 00:29:33 [38;5;009m[ERROR]: [0mThis is a error message from thread 2318-09-2026 00:29:33 [38;5;117m[DEBUG]: [0mThis is a debug message from thread 118-09-2026 00:29:33 [38;5;117m[DEBUG]: [0mThis is a debug message from thread 1118-09-2026 00:29:33 [38;5;009m[ERROR]: [0mThis is a error message from thread 618-09-2026 00:29:33 [38;5;009m[ERROR]: [0mThis is a error message from thread 518-09-2026 00:29:33 [38;5;117m[DEBUG]: [0mThis is a debug message from thread 718-09-2026 00:29:33 [38;5;015m[INFO]: [0mThis is a info message from thread 1618-09-2026 00:29:33 [38;5;117m[DEBUG]: [0mThis is a debug message from thread 418-09-2026 00:29:33 [38;5;117m[DEBUG]: [0mThis is a debug message from thread 2518-09-2026 00:29:33 [38;5;009m[ERROR]: [0mThis is a error message from thread 918-09-2026 00:29:33 [38;5;015m[INFO]: [0mThis is a info message from thread 1118-09-2026 00:29:33 [38;5;009m[ERROR]: [0mThis is a error message from thread 1618-09-2026 00:29:33 [38;5;009m[ERROR]: [0mThis is a error message from thread 1018-09-2026 00:29:33 [38;5;117m[DEBUG]: [0mThis is a debug message from thread 918-09-2026 00:29:33 [38;5;117m[DEBUG]: [0mThis is a debug message from thread 618-09-2026 00:29:33 [38;5;015m[INFO]: [0mThis is a info message from thread 818-09-2026 00:29:33 [38;5;015m[INFO]: [0mThis is a info message from thread 118-09-2026 00:29:33 [38;5;117m[DEBUG]: [0mThis is a debug message from thread 1318-09-2026 00:29:33 [38;5;015m[INFO]: [0mThis is a info message from thread 318-09-2026 00:29:33 [38;5;009m[ERROR]: [0mThis is a error message from thread 118-09-2026 00:29:33 [38;5;117m[DEBUG]: [0mThis is a debug message from thread 2318-09-2026 00:29:33 [38;5;009m[ERROR]: [0mThis is a error message from thread 1118-09-2026 00:29:33 [38;5;117m[DEBUG]: [0mThis is a debug message from thread 1018-09-2026 00:29:33 [38;5;117m[DEBUG]: [0mThis is a debug message from thread 2418-09-2026 00:29:33 [38;5;015m[INFO]: [0mThis is a info message from thread 418-09-2026 00:29:33 [38;5;015m[INFO]: [0mThis is a info message from thread 2318-09-2026 00:29:33 [38;5;015m[INFO]: [0mThis is a info message from thread 2818-09-2026 00:29:33 [38;5;117m[DEBUG]: [0mThis is a debug message from thread 1518-09-2026 00:29:33 [38;5;015m[INFO]: [0mThis is a info message from thread 618-09-2026 00:29:33 [38;5;015m[INFO]: [0mThis is a info message from thread 1818-09-2026 00:29:33 [38;5;009m[ERROR]: [0mThis is a error message from thread 2318-09-2026 00:29:33 [38;5;015m[INFO]: [0mThis is a info message from thread 1018-09-2026 00:29:33 [38;5;015m[INFO]: [0mThis is a info message from thread 2018-09-2026 00:29:33 [38;5;009m[ERROR]: [0mThis is a error message from thread 1018-09-2026 00:29:33 [38;5;009m[ERROR]: [0mThis is a error message from thread 1818-09-2026 00:29:33 [38;5;117m[DEBUG]: [0mThis is a debug message from thread 1118-09-2026 00:29:33 [38;5;117m[DEBUG]: [0mThis is a debug message from thread 1818-09-2026 00:29:33 [38;5;117m[DEBUG]: [0mThis is a debug message from thread 2218-09-2026 00:29:33 [38;5;009m[ERROR]: [0mThis is a error message from thread 2818-09-2026 00:29:33 [38;5;009m[ERROR]: [0mThis is a error message from thread 1918-09-2026 00:29:33 [38;5;009m[ERROR]: [0mThis is a error message from thread 418-09-2026 00:29:33 [38;5;117m[DEBUG]: [0mThis is a debug message from thread 2318-09-2026 00:29:33 [38;5;009m[ERROR]: [0mThis is a error message from thread 2018-09-2026 00:29:33 [38;5;015m[INFO]: [0mThis is a info message from thread 1118-09-2026 00:29:33 [38;5;015m[INFO]: [0mThis is a info message from thread 018-09-2026 00:29:33 [38;5;117m[DEBUG]: [0mThis is a debug message from thread 1618-09-2026 00:29:33 [38;5;015m[INFO]: [0mThis is a info message from thread 2218-09-2026 00:29:33 [38;5;015m[INFO]: [0mThis is a info message from thread 1518-09-2026 00:29:33 [38;5;117m[DEBUG]: [0mThis is a debug message from thread 2018-09-2026 00:29:33 [38;5;015m[INFO]: [0mThis is a info message from thread 2518-09-2026 00:29:33 [38;5;015m[INFO]: [0mThis is a info message from thread 1318-09-2026 00:29:33 [38;5;117m[DEBUG]: [0mThis is a debug message from thread 1018-09-2026 00:29:33 [38;5;117m[DEBUG]: [0mThis is a debug message from thread 418-09-2026 00:29:33 [38;5;009m[ERROR]: [0mThis is a error message from thread 1518-09-2026 00:29:33 [38;5;117m[DEBUG]: [0mThis is a debug message from thread 218-09-2026 00:29:33 [38;5;117m[DEBUG]: [0mThis is a debug message from thread 2918-09-2026 00:29:33 [38;5;015m[INFO]: [0mThis is a info message from thread 1418-09-2026 00:29:33 [38;5;117m[DEBUG]: [0mThis is a debug message from thread 1918-09-2026 00:29:33 [38;5;015m[INFO]: [0mThis is a info message from thread 1618-09-2026 00:29:33 [38;5;009m[ERROR]: [0mThis is a error message from thread 1118-09-2026 00:29:33 [38;5;015m[INFO]: [0mThis is a info message from thread 218-09-2026 00:29:33 [38;5;117m[DEBUG]: [0mThis is a debug message from thread 118-09-2026 00:29:33 [38;5;117m[DEBUG]: [0mThis is a debug message from thread 1718-09-2026 00:29:33 [38;5;009m[ERROR]: [0mThis is a error message from thread 1618-09-2026 00:29:33 [38;5;015m[INFO]: [0mThis is a info message from thread 2018-09-2026 00:29:33 [38;5;117m[DEBUG]: [0mThis is a debug message from thread 2618-09-2026 00:29:33 [38;5;009m[ERROR]: [0mThis is a error message from thread 218-09-2026 00:29:33 [38;5;117m[DEBUG]: [0mThis is a debug message from thread 218-09-2026 00:29:33 [38;5;009m[ERROR]: [0mThis is a error message from thread 2518-09-2026 00:29:33 [38;5;015m[INFO]: [0mThis is a info message from thread 118-09-2026 00:29:33 [38;5;015m[INFO]: [0mThis is a info message from thread 1718-09-2026 00:29:33 [38;5;015m[INFO]: [0mThis is a info message from thread 218-09-2026 00:29:33 [38;5;009m[ERROR]: [0mThis is a error message from thread 118-09-2026 00:29:33 [38;5;117m[DEBUG]: [0mThis is a debug message from thread 2518-09-2026 00:29:33 [38;5;117m[DEBUG]: [0mThis is a debug message from thread 118-09-2026 00:29:33 [38;5;117m[DEBUG]: [0mThis is a debug message from thread 518-09-2026 00:29:33 [38;5;009m[ERROR]: [0mThis is a error message from thread 1218-09-2026 00:29:33 [38;5;009m[ERROR]: [0mThis is a error message from thread 2718-09-2026 00:29:33 [38;5;015m[INFO]: [0mThis is a info message from thread 2518-09-2026 00:29:33 [38;5;009m[ERROR]: [0mThis is a error message from thread 218-09-2026 00:29:33 [38;5;015m[INFO]: [0mThis is a info message from thread 918-09-2026 00:29:33 [38;5;015m[INFO]: [0mThis is a info message from thread 2318-09-2026 00:29:33 [38;5;015m[INFO]: [0mThis is a info message from thread 518-09-2026 00:29:33 [38;5;117m[DEBUG]: [0mThis is a debug message from thread 2818-09-2026 00:29:33 [38;5;015m[INFO]: [0mThis is a info message from thread 1918-09-2026 00:29:33 [38;5;015m[INFO]: [0mThis is a info message from thread 1018-09-2026 00:29:33 [38;5;009m[ERROR]: [0mThis is a error message from thread 2518-09-2026 00:29:33 [38;5;009m[ERROR]: [0mThis is a error message from thread 818-09-2026 00:29:33 [38;5;117m[DEBUG]: [0mThis is a debug message from thread 2518-09-2026 00:29:33 [38;5;009m[ERROR]: [0mThis is a error message from thread 1918-09-2026 00:29:33 [38;5;009m[ERROR]: [0mThis is a error message from thread 2318-09-2026 00:29:33 [38;5;009m[ERROR]: [0mThis is a error message from thread 318-09-2026 00:29:33 [38;5;009m[ERROR]: [0mThis is a error message from thread 2218-09-2026 00:29:33 [38;5;009m[ERROR]: [0mThis is a error message from thread 1318-09-2026 00:29:33 [38;5;117m[DEBUG]: [0mThis is a debug message from thread 1618-09-2026 00:29:33 [38;5;009m[ERROR]: [0mThis is a error message from thread 1018-09-2026 00:29:33 [38;5;015m[INFO]: [0mThis is a info message from thread 2118-09-2026 00:29:33 [38;5;009m[ERROR]: [0mThis is a error message from thread 2018-09-2026 00:29:33 [38;5;117m[DEBUG]: [0mThis is a debug message from thread 2218-09-2026 00:29:33 [38;5;009m[ERROR]: [0mThis is a error message from thread 518-09-2026 00:29:33 [38;5;015m[INFO]: [0mThis is a info message from thread 1818-09-2026 00:29:33 [38;5;117m[DEBUG]: [0mThis is a debug message from thread 518-09-2026 00:29:33 [38;5;117m[DEBUG]: [0mThis is a debug message from thread 1318-09-2026 00:29:33 [38;5;015m[INFO]: [0mThis is a info message from thread 2218-09-2026 00:29:33 [38;5;009m[ERROR]: [0mThis is a error message from thread 918-09-2026 00:29:33 [38;5;009m[ERROR]: [0mThis is a error message from thread 1818-09-2026 00:29:33 [38;5;009m[ERROR]: [0mThis is a error message from thread 1718-09-2026 00:29:33 [38;5;117m[DEBUG]: [0mThis is a debug message from thread 1018-09-2026 00:29:33 [38;5;015m[INFO]: [0mThis is a info message from thread 1318-09-2026 00:29:33 [38;5;015m[INFO]: [0mThis is a info message from thread 718-09-2026 00:29:33 [38;5;015m[INFO]: [0mThis is a info message from thread 2918-09-2026 00:29:33 [38;5;015m[INFO]: [0mThis is a info message from thread 1018-09-2026 00:29:33 [38;5;015m[INFO]: [0mThis is a info message from thread 118-09-2026 00:29:33 [38;5;015m[INFO]: [0mThis is a info message from thread 418-09-2026 00:29:33 [38;5;015m[INFO]: [0mThis is a info message from thread 2818-09-2026 00:29:33 [38;5;009m[ERROR]: [0mThis is a error message from thread 1318-09-2026 00:29:33 [38;5;009m[ERROR]: [0mThis is a error message from thread 1418-09-2026 00:29:33 [38;5;009m[ERROR]: [0mThis is a error message from thread 1018-09-2026 00:29:33 [38;5;117m[DEBUG]: [0mThis is a debug message from thread 918-09-2026 00:29:33 [38;5;117m[DEBUG]: [0mThis is a debug message from thread 2318-09-2026 00:29:33 [38;5;009m[ERROR]: [0mThis is a error message from thread 2918-09-2026 00:29:33 [38;5;009m[ERROR]: [0mThis is a error message from thread 418-09-2026 00:29:33 [38;5;009m[ERROR]: [0mThis is a error message from thread 118-09-2026 00:29:33 [38;5;117m[DEBUG]: [0mThis is a debug message from thread 1018-09-2026 00:29:33 [38;5;009m[ERROR]: [0mThis is a error message from thread 018-09-2026 00:29:33 [38;5;015m[INFO]: [0mThis is a info message from thread 2618-09-2026 00:29:33 [38;5;015m[INFO]: [0mThis is a info message from thread 1018-09-2026 00:29:33 [38;5;015m[INFO]: [0mThis is a info message from thread 2318-09-2026 00:29:33 [38;5;117m[DEBUG]: [0mThis is a debug message from thread 818-09-2026 00:29:33 [38;5;117m[DEBUG]: [0mThis is a debug message from thread 2018-09-2026 00:29:33 [38;5;009m[ERROR]: [0mThis is a error message from thread 718-09-2026 00:29:33 [38;5;015m[INFO]: [0mThis is a info message from thread 518-09-2026 00:29:33 [38;5;117m[DEBUG]: [0mThis is a debug message from thread 2918-09-2026 00:29:33 [38;5;117m[DEBUG]: [0mThis is a debug message from thread 1418-09-2026 00:29:33 [38;5;009m[ERROR]: [0mThis is a error message from thread 2618-09-2026 00:29:33 [38;5;117m[DEBUG]: [0mThis is a debug message from thread 1118-09-2026 00:29:33 [38;5;015m[INFO]: [0mThis is a info message from thread 2018-09-2026 00:29:33 [38;5;009m[ERROR]: [0mThis is a error message from thread 2318-09-2026 00:29:33 [38;5;009m[ERROR]: [0mThis is a error message from thread 2118-09-2026 00:29:33 [38;5;117m[DEBUG]: [0mThis is a debug message from thread 2318-09-2026 00:29:33 [38;5;117m[DEBUG]: [0mThis is a debug message from thread 1218-09-2026 00:29:33 [38;5;009m[ERROR]: [0mThis is a error message from thread 618-09-2026 00:29:33 [38;5;117m[DEBUG]: [0mThis is a debug message from thread 1818-09-2026 00:29:33 [38;5;015m[INFO]: [0mThis is a info message from thread 2518-09-2026 00:29:33 [38;5;009m[ERROR]: [0mThis is a error message from thread 2218-09-2026 00:29:33 [38;5;117m[DEBUG]: [0mThis is a debug message from thread 218-09-2026 00:29:33 [38;5;117m[DEBUG]: [0mThis is a debug message from thread 418-09-2026 00:29:33 [38;5;117m[DEBUG]: [0mThis is a debug message from thread 2718-09-2026 00:29:33 [38;5;009m[ERROR]: [0mThis is a error message from thread 2818-09-2026 00:29:33 [38;5;117m[DEBUG]: [0mThis is a debug message from thread 2118-09-2026 00:29:33 [38;5;015m[INFO]: [0mThis is a info message from thread 218-09-2026 00:29:33 [38;5;015m[INFO]: [0mThis is a info message from thread 2318-09-2026 00:29:33 [38;5;015m[INFO]: [0mThis is a info message from thread 2918-09-2026 00:29:33 [38;5;117m[DEBUG]: [0mThis is a debug message from thread 718-09-2026 00:29:33 [38;5;015m[INFO]: [0mThis is a info message from thread 2118-09-2026 00:29:33 [38;5;009m[ERROR]: [0mThis is a error message from thread 2318-09-2026 00:29:33 [38;5;009m[ERROR]: [0mThis is a error message from thread 518-09-2026 00:29:33 [38;5;117m[DEBUG]: [0mThis is a debug message from thread 2218-09-2026 00:29:33 [38;5;009m[ERROR]: [0mThis is a error message from thread 218-09-2026 00:29:33 [38;5;015m[INFO]: [0mThis is a info message from thread 718-09-2026 00:29:33 [38;5;117m[DEBUG]: [0mThis is a debug message from thread 318-09-2026 00:29:33 [38;5;015m[INFO]: [0mThis is a info message from thread 1818-09-2026 00:29:33 [38;5;009m[ERROR]: [0mThis is a error message from thread 2918-09-2026 00:29:33 [38;5;117m[DEBUG]: [0mThis is a debug message from thread 518-09-2026 00:29:33 [38;5;117m[DEBUG]: [0mThis is a debug message from thread 118-09-2026 00:29:33 [38;5;015m[INFO]: [0mThis is a info message from thread 2418-09-2026 00:29:33 [38;5;117m[DEBUG]: [0mThis is a debug message from thread 1518-09-2026 00:29:33 [38;5;009m[ERROR]: [0mThis is a error message from thread 2418-09-2026 00:29:33 [38;5;015m[INFO]: [0mThis is a info message from thread 1518-09-2026 00:29:33 [38;5;015m[INFO]: [0mThis is a info message from thread 2718-09-2026 00:29:33 [38;5;117m[DEBUG]: [0mThis is a debug message from thread 618-09-2026 00:29:33 [38;5;009m[ERROR]: [0mThis is a error message from thread 2718-09-2026 00:29:33 [38;5;117m[DEBUG]: [0mThis is a debug message from thread 2418-09-2026 00:29:33 [38;5;015m[INFO]: [0mThis is a info message from thread 918-09-2026 00:29:33 [38;5;117m[DEBUG]: [0mThis is a debug message from thread 2718-09-2026 00:29:33 [38;5;015m[INFO]: [0mThis is a info message from thread 418-09-2026 00:29:33 [38;5;015m[INFO]: [0mThis is a info message from thread 2718-09-2026 00:29:33 [38;5;009m[ERROR]: [0mThis is a error message from thread 918-09-2026 00:29:33 [38;5;015m[INFO]: [0mThis is a info message from thread 1618-09-2026 00:29:33 [38;5;009m[ERROR]: [0mThis is a error message from thread 2718-09-2026 00:29:33 [38;5;015m[INFO]: [0mThis is a info message from thread 2418-09-2026 00:29:33 [38;5;015m[INFO]: [0mThis is a info message from thread 318-09-2026 00:29:33 [38;5;009m[ERROR]: [0mThis is a error message from thread 1618-09-2026 00:29:33 [38;5;009m[ERROR]: [0mThis is a error message from thread 318-09-2026 00:29:33 [38;5;009m[ERROR]: [0mThis is a error message from thread 2118-09-2026 00:29:33 [38;5;117m[DEBUG]: [0mThis is a debug message from thread 1718-09-2026 00:29:33 [38;5;015m[INFO]: [0mThis is a info message from thread 1218-09-2026 00:29:33 [38;5;015m[INFO]: [0mThis is a info message from thread 1718-09-2026 00:29:33 [38;5;009m[ERROR]: [0mThis is a error message from thread 1218-09-2026 00:29:33 [38;5;009m[ERROR]: [0mThis is a error message from thread 718-09-2026 00:29:33 [38;5;015m[INFO]: [0mThis is a info message from thread 518-09-2026 00:29:33 [38;5;117m[DEBUG]: [0mThis is a debug message from thread 2118-09-2026 00:29:33 [38;5;009m[ERROR]: [0mThis is a error message from thread 1818-09-2026 00:29:33 [38;5;015m[INFO]: [0mThis is a info message from thread 2118-09-2026 00:29:33 [38;5;015m[INFO]: [0mThis is a info message from thread 1118-09-2026 00:29:33 [38;5;117m[DEBUG]: [0mThis is a debug message from thread 318-09-2026 00:29:33 [38;5;009m[ERROR]: [0mThis is a error message from thread 1018-09-2026 00:29:33 [38;5;009m[ERROR]: [0mThis is a error message from thread 2118-09-2026 00:29:33 [38;5;117m[DEBUG]: [0mThis is a debug message from thread 1818-09-2026 00:29:33 [38;5;015m[INFO]: [0mThis is a info message from thread 1418-09-2026 00:29:33 [38;5;009m[ERROR]: [0mThis is a error message from thread 1118-09-2026 00:29:33 [38;5;009m[ERROR]: [0mThis is a error message from thread 1518-09-2026 00:29:33 [38;5;009m[ERROR]: [0mThis is a error message from thread 2518-09-2026 00:29:33 [38;5;117m[DEBUG]: [0mThis is a debug message from thread 2118-09-2026 00:29:33 [38;5;117m[DEBUG]: [0mThis is a debug message from thread 2718-09-2026 00:29:33 [38;5;117m[DEBUG]: [0mThis is a debug message from thread 918-09-2026 00:29:33 [38;5;015m[INFO]: [0mThis is a info message from thread 2118-09-2026 00:29:33 [38;5;015m[INFO]: [0mThis is a info message from thread 2718-09-2026 00:29:33 [38;5;015m[INFO]: [0mThis is a info message from thread 318-09-2026 00:29:33 [38;5;009m[ERROR]: [0mThis is a error message from thread 2118-09-2026 00:29:33 [38;5;015m[INFO]: [0mThis is a info message from thread 918-09-2026 00:29:33 [38;5;009m[ERROR]: [0mThis is a error message from thread 2718-09-2026 00:29:33 [38;5;009m[ERROR]: [0mThis is a error message from thread 918-09-2026 00:29:33 [38;5;009m[ERROR]: [0mThis is a error message from thread 2418-09-2026 00:29:33 [38;5;117m[DEBUG]: [0mThis is a debug message from thread 918-09-2026 00:29:33 [38;5;117m[DEBUG]: [0mThis is a debug message from thread 2818-09-2026 00:29:33 [38;5;015m[INFO]: [0mThis is a info message from thread 918-09-2026 00:29:33 [38;5;117m[DEBUG]: [0mThis is a debug message from thread 1118-09-2026 00:29:33 [38;5;117m[DEBUG]: [0mThis is a debug message from thread 1618-09-2026 00:29:33 [38;5;009m[ERROR]: [0mThis is a error message from thread 1718-09-2026 00:29:33 [38;5;015m[INFO]: [0mThis is a info message from thread 118-09-2026 00:29:33 [38;5;009m[ERROR]: [0mThis is a error message from thread 918-09-2026 00:29:33 [38;5;117m[DEBUG]: [0mThis is a debug message from thread 218-09-2026 00:29:33 [38;5;009m[ERROR]: [0mThis is a error message from thread 318-09-2026 00:29:33 [38;5;117m[DEBUG]: [0mThis is a debug message from thread 2718-09-2026 00:29:33 [38;5;117m[DEBUG]: [0mThis is a debug message from thread 918-09-2026 00:29:33 [38;5;009m[ERROR]: [0mThis is a error message from thread 2018-09-2026 00:29:33 [38;5;015m[INFO]: [0mThis is a info message from thread 218-09-2026 00:29:33 [38;5;117m[DEBUG]: [0mThis is a debug message from thread 1218-09-2026 00:29:33 [38;5;015m[INFO]: [0mThis is a info message from thread 818-09-2026 00:29:33 [38;5;117m[DEBUG]: [0mThis is a debug message from thread 2918-09-2026 00:29:33 [38;5;117m[DEBUG]: [0mThis is a debug message from thread 1318-09-2026 00:29:33 [38;5;015m[INFO]: [0mThis is a info message from thread 2818-09-2026 00:29:33 [38;5;009m[ERROR]: [0mThis is a error message from thread 1418-09-2026 00:29:33 [38;5;009m[ERROR]: [0mThis is a error message from thread 218-09-2026 00:29:33 [38;5;009m[ERROR]: [0mThis is a error message from thread 818-09-2026 00:29:33 [38;5;117m[DEBUG]: [0mThis is a debug message from thread 1418-09-2026 00:29:33 [38;5;117m[DEBUG]: [0mThis is a debug message from thread 718-09-2026 00:29:33 [38;5;117m[DEBUG]: [0mThis is a debug message from thread 2118-09-2026 00:29:33 [38;5;117m[DEBUG]: [0mThis is a debug message from thread 2518-09-2026 00:29:33 [38;5;015m[INFO]: [0mThis is a info message from thread 1318-09-2026 00:29:33 [38;5;015m[INFO]: [0mThis is a info message from thread 718-09-2026 00:29:33 [38;5;015m[INFO]: [0mThis is a info message from thread 1418-09-2026 00:29:33 [38;5;117m[DEBUG]: [0mThis is a debug message from thread 218-09-2026 00:29:33 [38;5;015m[INFO]: [0mThis is a info message from thread 918-09-2026 00:29:33 [38;5;015m[INFO]: [0mThis is a info message from thread 2118-09-2026 00:29:33 [38;5;117m[DEBUG]: [0mThis is a debug message from thread 2618-09-2026 00:29:33 [38;5;009m[ERROR]: [0mThis is a error message from thread 1418-09-2026 00:29:33 [38;5;015m[INFO]: [0mThis is a info message from thread 1618-09-2026 00:29:33 [38;5;117m[DEBUG]: [0mThis is a debug message from thread 1518-09-2026 00:29:33 [38;5;009m[ERROR]: [0mThis is a error message from thread 2118-09-2026 00:29:33 [38;5;015m[INFO]: [0mThis is a info message from thread 2618-09-2026 00:29:33 [38;5;009m[ERROR]: [0mThis is a error message from thread 918-09-2026 00:29:33 [38;5;009m[ERROR]: [0mThis is a error message from thread 1618-09-2026 00:29:33 [38;5;117m[DEBUG]: [0mThis is a debug message from thread 018-09-2026 00:29:33 [38;5;015m[INFO]: [0mThis is a info message from thread 218-09-2026 00:29:33 [38;5;009m[ERROR]: [0mThis is a error message from thread 2818-09-2026 00:29:33 [38;5;015m[INFO]: [0mThis is a info message from thread 1118-09-2026 00:29:33 [38;5;015m[INFO]: [0mThis is a info message from thread 2218-09-2026 00:29:33 [38;5;117m[DEBUG]: [0mThis is a debug message from thread 1718-09-2026 00:29:33 [38;5;117m[DEBUG]: [0mThis is a debug message from thread 2318-09-2026 00:29:33 [38;5;117m[DEBUG]: [0mThis is a debug message from thread 2018-09-2026 00:29:33 [38;5;015m[INFO]: [0mThis is a info message from thread 018-09-2026 00:29:33 [38;5;009m[ERROR]: [0mThis is a error message from thread 1118-09-2026 00:29:33 [38;5;015m[INFO]: [0mThis is a info message from thread 1218-09-2026 00:29:33 [38;5;009m[ERROR]: [0mThis is a error message from thread 118-09-2026 00:29:33 [38;5;117m[DEBUG]: [0mThis is a debug message from thread 918-09-2026 00:29:33 [38;5;117m[DEBUG]: [0mThis is a debug message from thread 118-09-2026 00:29:33 [38;5;015m[INFO]: [0mThis is a info message from thread 2918-09-2026 00:29:33 [38;5;009m[ERROR]: [0mThis is a error message from thread 218-09-2026 00:29:33 [38;5;009m[ERROR]: [0mThis is a error message from thread 1218-09-2026 00:29:33 [38;5;009m[ERROR]: [0mThis is a error message from thread 2918-09-2026 00:29:33 [38;5;117m[DEBUG]: [0mThis is a debug message from thread 1618-09-2026 00:29:33 [38;5;117m[DEBUG]: [0mThis is a debug message from thread 2918-09-2026 00:29:33 [38;5;015m[INFO]: [0mThis is a info message from thread 618-09-2026 00:29:33 [38;5;117m[DEBUG]: [0mThis is a debug message from thread 818-09-2026 00:29:33 [38;5;009m[ERROR]: [0mThis is a error message from thread 418-09-2026 00:29:33 [38;5;117m[DEBUG]: [0mThis is a debug message from thread 1218-09-2026 00:29:33 [38;5;117m[DEBUG]: [0mThis is a debug message from thread 1118-09-2026 00:29:33 [38;5;117m[DEBUG]: [0mThis is a debug message from thread 1418-09-2026 00:29:33 [38;5;015m[INFO]: [0mThis is a info message from thread 1618-09-2026 00:29:33 [38;5;015m[INFO]: [0mThis is a info message from thread 2918-09-2026 00:29:33 [38;5;015m[INFO]: [0mThis is a info message from thread 2018-09-2026 00:29:33 [38;5;015m[INFO]: [0mThis is a info message from thread 818-09-2026 00:29:33 [38;5;117m[DEBUG]: [0mThis is a debug message from thread 1918-09-2026 00:29:33 [38;5;009m[ERROR]: [0mThis is a error message from thread 2918-09-2026 00:29:33 [38;5;009m[ERROR]: [0mThis is a error message from thread 018-09-2026 00:29:33 [38;5;117m[DEBUG]: [0mThis is a debug message from thread 318-09-2026 00:29:33 [38;5;015m[INFO]: [0mThis is a info message from thread 1918-09-2026 00:29:33 [38;5;117m[DEBUG]: [0mThis is a debug message from thread 418-09-2026 00:29:33 [38;5;009m[ERROR]: [0mThis is a error message from thread 618-09-2026 00:29:33 [38;5;117m[DEBUG]: [0mThis is a debug message from thread 2918-09-2026 00:29:33 [38;5;117m[DEBUG]: [0mThis is a debug message from thread 218-09-2026 00:29:33 [38;5;009m[ERROR]: [0mThis is a error message from thread 818-09-2026 00:29:33 [38;5;009m[ERROR]: [0mThis is a error message from thread 518-09-2026 00:29:33 [38;5;015m[INFO]: [0mThis is a info message from thread 1518-09-2026 00:29:33 [38;5;015m[INFO]: [0mThis is a info message from thread 2918-09-2026 00:29:33 [38;5;015m[INFO]: [0mThis is a info message from thread 2518-09-2026 00:29:33 [38;5;117m[DEBUG]: [0mThis is a debug message from thread 818-09-2026 00:29:33 [38;5;117m[DEBUG]: [0mThis is a debug message from thread 518-09-2026 00:29:33 [38;5;015m[INFO]: [0mThis is a info message from thread 2318-09-2026 00:29:33 [38;5;015m[INFO]: [0mThis is a info message from thread 1818-09-2026 00:29:33 [38;5;009m[ERROR]: [0mThis is a error message from thread 1818-09-2026 00:29:33 [38;5;009m[ERROR]: [0mThis is a error message from thread 2918-09-2026 00:29:33 [38;5;117m[DEBUG]: [0mThis is a debug message from thread 1818-09-2026 00:29:33 [38;5;015m[INFO]: [0mThis is a info message from thread 1818-09-2026 00:29:33 [38;5;015m[INFO]: [0mThis is a info message from thread 318-09-2026 00:29:33 [38;5;009m[ERROR]: [0mThis is a error message from thread 1918-09-2026 00:29:33 [38;5;117m[DEBUG]: [0mThis is a debug message from thread 2918-09-2026 00:29:33 [38;5;015m[INFO]: [0mThis is a info message from thread 818-09-2026 00:29:33 [38;5;009m[ERROR]: [0mThis is a error message from thread 2318-09-2026 00:29:33 [38;5;117m[DEBUG]: [0mThis is a debug message from thread 1918-09-2026 00:29:33 [38;5;117m[DEBUG]: [0mThis is a debug message from thread 018-09-2026 00:29:33 [38;5;015m[INFO]: [0mThis is a info message from thread 2718-09-2026 00:29:33 [38;5;015m[INFO]: [0mThis is a info message from thread 1918-09-2026 00:29:33 [38;5;009m[ERROR]: [0mThis is a error message from thread 2518-09-2026 00:29:33 [38;5;117m[DEBUG]: [0mThis is a debug message from thread 2518-09-2026 00:29:33 [38;5;009m[ERROR]: [0mThis is a error message from thread 318-09-2026 00:29:33 [38;5;009m[ERROR]: [0mThis is a error message from thread 818-09-2026 00:29:33 [38;5;015m[INFO]: [0mThis is a info message from thread 518-09-2026 00:29:33 [38;5;015m[INFO]: [0mThis is a info message from thread 2918-09-2026 00:29:33 [38;5;009m[ERROR]: [0mThis is a error message from thread 1818-09-2026 00:29:33 [38;5;117m[DEBUG]: [0mThis is a debug message from thread 1018-09-2026 00:29:33 [38;5;009m[ERROR]: [0mThis is a error message from thread 2618-09-2026 00:29:33 [38;5;015m[INFO]: [0mThis is a info message from thread 1018-09-2026 00:29:33 [38;5;117m[DEBUG]: [0mThis is a debug message from thread 818-09-2026 00:29:33 [38;5;009m[ERROR]: [0mThis is a error message from thread 1018-09-2026 00:29:33 [38;5;117m[DEBUG]: [0mThis is a debug message from thread 1818-09-2026 00:29:33 [38;5;015m[INFO]: [0mThis is a info message from thread 1218-09-2026 00:29:33 [38;5;009m[ERROR]: [0mThis is a error message from thread 718-09-2026 00:29:33 [38;5;117m[DEBUG]: [0mThis is a debug message from thread 2618-09-2026 00:29:33 [38;5;009m[ERROR]: [0mThis is a error message from thread 2018-09-2026 00:29:33 [38;5;117m[DEBUG]: [0mThis is a debug message from thread 618-09-2026 00:29:33 [38;5;015m[INFO]: [0mThis is a info message from thread 418-09-2026 00:29:33 [38;5;015m[INFO]: [0mThis is a info message from thread 1418-09-2026 00:29:33 [38;5;009m[ERROR]: [0mThis is a error message from thread 2918-09-2026 00:29:33 [38;5;009m[ERROR]: [0mThis is a error message from thread 2718-09-2026 00:29:33 [38;5;015m[INFO]: [0mThis is a info message from thread 2618-09-2026 00:29:33 [38;5;009m[ERROR]: [0mThis is a error message from thread 1918-09-2026 00:29:33 [38;5;117m[DEBUG]: [0mThis is a debug message from thread 2918-09-2026 00:29:33 [38;5;015m[INFO]: [0mThis is a info message from thread 2518-09-2026 00:29:33 [38;5;009m[ERROR]: [0mThis is a error message from thread 2618-09-2026 00:29:33 [38;5;015m[INFO]: [0mThis is a info message from thread 118-09-2026 00:29:33 [38;5;117m[DEBUG]: [0mThis is a debug message from thread 1918-09-2026 00:29:33 [38;5;015m[INFO]: [0mThis is a info message from thread 018-09-2026 00:29:33 [38;5;009m[ERROR]: [0mThis is a error message from thread 418-09-2026 00:29:33 [38;5;015m[INFO]: [0mThis is a info message from thread 1918-09-2026 00:29:33 [38;5;009m[ERROR]: [0mThis is a error message from thread 2218-09-2026 00:29:33 [38;5;117m[DEBUG]: [0mThis is a debug message from thread 1018-09-2026 00:29:33 [38;5;015m[INFO]: [0mThis is a info message from thread 1118-09-2026 00:29:33 [38;5;015m[INFO]: [0mThis is a info message from thread 818-09-2026 00:29:33 [38;5;009m[ERROR]: [0mThis is a error message from thread 018-09-2026 00:29:33 [38;5;117m[DEBUG]: [0mThis is a debug message from thread 418-09-2026 00:29:33 [38;5;009m[ERROR]: [0mThis is a error message from thread 1918-09-2026 00:29:33 [38;5;015m[INFO]: [0mThis is a info message from thread 918-09-2026 00:29:33 [38;5;117m[DEBUG]: [0mThis is a debug message from thread 2818-09-2026 00:29:33 [38;5;117m[DEBUG]: [0mThis is a debug message from thread 2218-09-2026 00:29:33 [38;5;117m[DEBUG]: [0mThis is a debug message from thread 018-09-2026 00:29:33 [38;5;015m[INFO]: [0mThis is a info message from thread 1718-09-2026 00:29:33 [38;5;015m[INFO]: [0mThis is a info message from thread 618-09-2026 00:29:33 [38;5;117m[DEBUG]: [0mThis is a debug message from thread 2018-09-2026 00:29:33 [38;5;009m[ERROR]: [0mThis is a error message from thread 1118-09-2026 00:29:33 [38;5;117m[DEBUG]: [0mThis is a debug message from thread 2318-09-2026 00:29:33 [38;5;015m[INFO]: [0mThis is a info message from thread 2218-09-2026 00:29:33 [38;5;117m[DEBUG]: [0mThis is a debug message from thread 2118-09-2026 00:29:33 [38;5;009m[ERROR]: [0mThis is a error message from thread 1718-09-2026 00:29:33 [38;5;009m[ERROR]: [0mThis is a error message from thread 618-09-2026 00:29:33 [38;5;015m[INFO]: [0mThis is a info message from thread 2318-09-2026 00:29:33 [38;5;117m[DEBUG]: [0mThis is a debug message from thread 718-09-2026 00:29:33 [38;5;117m[DEBUG]: [0mThis is a debug message from thread 1718-09-2026 00:29:33 [38;5;009m[ERROR]: [0mThis is a error message from thread 1618-09-2026 00:29:33 [38;5;009m[ERROR]: [0mThis is a error message from thread 2518-09-2026 00:29:33 [38;5;117m[DEBUG]: [0mThis is a debug message from thread 2718-09-2026 00:29:33 [38;5;015m[INFO]: [0mThis is a info message from thread 218-09-2026 00:29:33 [38;5;009m[ERROR]: [0mThis is a error message from thread 518-09-2026 00:29:33 [38;5;117m[DEBUG]: [0mThis is a debug message from thread 2518-09-2026 00:29:33 [38;5;117m[DEBUG]: [0mThis is a debug message from thread 1918-09-2026 00:29:33 [38;5;015m[INFO]: [0mThis is a info message from thread 2518-09-2026 00:29:33 [38;5;009m[ERROR]: [0mThis is a error message from thread 2318-09-2026 00:29:33 [38;5;009m[ERROR]: [0mThis is a error message from thread 918-09-2026 00:29:33 [38;5;009m[ERROR]: [0mThis is a error message from thread 818-09-2026 00:29:33 [38;5;009m[ERROR]: [0mThis is a error message from thread 1218-09-2026 00:29:33 [38;5;117m[DEBUG]: [0mThis is a debug message from thread 2418-09-2026 00:29:33 [38;5;117m[DEBUG]: [0mThis is a debug message from thread 1218-09-2026 00:29:33 [38;5;117m[DEBUG]: [0mThis is a debug message from thread 2318-09-2026 00:29:33 [38;5;117m[DEBUG]: [0mThis is a debug message from thread 518-09-2026 00:29:33 [38;5;009m[ERROR]: [0mThis is a error message from thread 2518-09-2026 00:29:33 [38;5;009m[ERROR]: [0mThis is a error message from thread 1518-09-2026 00:29:33 [38;5;015m[INFO]: [0mThis is a info message from thread 2018-09-2026 00:29:33 [38;5;015m[INFO]: [0mThis is a info message from thread 1018-09-2026 00:29:33 [38;5;015m[INFO]: [0mThis is a info message from thread 018-09-2026 00:29:33 [38;5;015m[INFO]: [0mThis is a info message from thread 518-09-2026 00:29:33 [38;5;009m[ERROR]: [0mThis is a error message from thread 118-09-2026 00:29:33 [38;5;015m[INFO]: [0mThis is a info message from thread 1718-09-2026 00:29:33 [38;5;015m[INFO]: [0mThis is a info message from thread 2318-09-2026 00:29:33 [38;5;015m[INFO]: [0mThis is a info message from thread 1918-09-2026 00:29:33 [38;5;117m[DEBUG]: [0mThis is a debug message from thread 1118-09-2026 00:29:33 [38;5;015m[INFO]: [0mThis is a info message from thread 2718-09-2026 00:29:33 [38;5;015m[INFO]: [0mThis is a info message from thread 418-09-2026 00:29:33 [38;5;117m[DEBUG]: [0mThis is a debug message from thread 318-09-2026 00:29:33 [38;5;015m[INFO]: [0mThis is a info message from thread 2418-09-2026 00:29:33 [38;5;009m[ERROR]: [0mThis is a error message from thread 2018-09-2026 00:29:33 [38;5;117m[DEBUG]: [0mThis is a debug message from thread 818-09-2026 00:29:33 [38;5;015m[INFO]: [0mThis is a info message from thread 718-09-2026 00:29:33 [38;5;009m[ERROR]: [0mThis is a error message from thread 1918-09-2026 00:29:33 [38;5;009m[ERROR]: [0mThis is a error message from thread 718-09-2026 00:29:33 [38;5;117m[DEBUG]: [0mThis is a debug message from thread 2018-09-2026 00:29:33 [38;5;009m[ERROR]: [0mThis is a error message from thread 2318-09-2026 00:29:33 [38;5;009m[ERROR]: [0mThis is a error message from thread 018-09-2026 00:29:33 [38;5;117m[DEBUG]: [0mThis is a debug message from thread 718-09-2026 00:29:33 [38;5;117m[DEBUG]: [0mThis is a debug message from thread 2318-09-2026 00:29:33 [38;5;015m[INFO]: [0mThis is a info message from thread 2018-09-2026 00:29:33 [38;5;009m[ERROR]: [0mThis is a error message from thread 2218-09-2026 00:29:33 [38;5;117m[DEBUG]: [0mThis is a debug message from thread 2218-09-2026 00:29:33 [38;5;015m[INFO]: [0mThis is a info message from thread 2318-09-2026 00:29:33 [38;5;117m[DEBUG]: [0mThis is a debug message from thread 2518-09-2026 00:29:33 [38;5;015m[INFO]: [0mThis is a info message from thread 318-09-2026 00:29:33 [38;5;009m[ERROR]: [0mThis is a error message from thread 2018-09-2026 00:29:33 [38;5;009m[ERROR]: [0mThis is a error message from thread 1718-09-2026 00:29:33 [38;5;015m[INFO]: [0mThis is a info message from thread 2918-09-2026 00:29:33 [38;5;117m[DEBUG]: [0mThis is a debug message from thread 918-09-2026 00:29:33 [38;5;117m[DEBUG]: [0mThis is a debug message from thread 2018-09-2026 00:29:33 [38;5;009m[ERROR]: [0mThis is a error message from thread 318-09-2026 00:29:33 [38;5;015m[INFO]: [0mThis is a info message from thread 918-09-2026 00:29:33 [38;5;015m[INFO]: [0mThis is a info message from thread 2818-09-2026 00:29:33 [38;5;015m[INFO]: [0mThis is a info message from thread 2018-09-2026 00:29:33 [38;5;009m[ERROR]: [0mThis is a error message from thread 918-09-2026 00:29:33 [38;5;117m[DEBUG]: [0mThis is a debug message from thread 318-09-2026 00:29:33 [38;5;015m[INFO]: [0mThis is a info message from thread 818-09-2026 00:29:33 [38;5;009m[ERROR]: [0mThis is a error message from thread 2818-09-2026 00:29:33 [38;5;015m[INFO]: [0mThis is a info message from thread 2218-09-2026 00:29:33 [38;5;015m[INFO]: [0mThis is a info message from thread 718-09-2026 00:29:33 [38;5;015m[INFO]: [0mThis is a info message from thread 318-09-2026 00:29:33 [38;5;009m[ERROR]: [0mThis is a error message from thread 2418-09-2026 00:29:33 [38;5;015m[INFO]: [0mThis is a info message from thread 2518-09-2026 00:29:33 [38;5;117m[DEBUG]: [0mThis is a debug message from thread 118-09-2026 00:29:33 [38;5;117m[DEBUG]: [0mThis is a debug message from thread 2818-09-2026 00:29:33 [38;5;117m[DEBUG]: [0mThis is a debug message from thread 1618-09-2026 00:29:33 [38;5;117m[DEBUG]: [0mThis is a debug message from thread 618-09-2026 00:29:33 [38;5;009m[ERROR]: [0mThis is a error message from thread 318-09-2026 00:29:33 [38;5;009m[ERROR]: [0mThis is a error message from thread 718-09-2026 00:29:33 [38;5;009m[ERROR]: [0mThis is a error message from thread 2518-09-2026 00:29:33 [38;5;015m[INFO]: [0mThis is a info message from thread 2818-09-2026 00:29:33 [38;5;009m[ERROR]: [0mThis is a error message from thread 418-09-2026 00:29:33 [38;5;015m[INFO]: [0mThis is a info message from thread 1618-09-2026 00:29:33 [38;5;117m[DEBUG]: [0mThis is a debug message from thread 2518-09-2026 00:29:33 [38;5;009m[ERROR]: [0mThis is a error message from thread 218-09-2026 00:29:33 [38;5;015m[INFO]: [0mThis is a info message from thread 618-09-2026 00:29:33 [38;5;117m[DEBUG]: [0mThis is a debug message from thread 1718-09-2026 00:29:33 [38;5;117m[DEBUG]: [0mThis is a debug message from thread 718-09-2026 00:29:33 [38;5;009m[ERROR]: [0mThis is a error message from thread 2318-09-2026 00:29:33 [38;5;117m[DEBUG]: [0mThis is a debug message from thread 2418-09-2026 00:29:33 [38;5;015m[INFO]: [0mThis is a info message from thread 118-09-2026 00:29:33 [38;5;009m[ERROR]: [0mThis is a error message from thread 1418-09-2026 00:29:33 [38;5;009m[ERROR]: [0mThis is a error message from thread 2018-09-2026 00:29:33 [38;5;117m[DEBUG]: [0mThis is a debug message from thread 2318-09-2026 00:29:33 [38;5;015m[INFO]: [0mThis is a info message from thread 718-09-2026 00:29:33 [38;5;117m[DEBUG]: [0mThis is a debug message from thread 218-09-2026 00:29:33 [38;5;009m[ERROR]: [0mThis is a error message from thread 618-09-2026 00:29:33 [38;5;117m[DEBUG]: [0mThis is a debug message from thread 018-09-2026 00:29:33 [38;5;015m[INFO]: [0mThis is a info message from thread 1118-09-2026 00:29:33 [38;5;009m[ERROR]: [0mThis is a error message from thread 118-09-2026 00:29:33 [38;5;009m[ERROR]: [0mThis is a error message from thread 1318-09-2026 00:29:33 [38;5;009m[ERROR]: [0mThis is a error message from thread 718-09-2026 00:29:33 [38;5;009m[ERROR]: [0mThis is a error message from thread 818-09-2026 00:29:33 [38;5;117m[DEBUG]: [0mThis is a debug message from thread 2018-09-2026 00:29:33 [38;5;015m[INFO]: [0mThis is a info message from thread 2318-09-2026 00:29:33 [38;5;009m[ERROR]: [0mThis is a error message from thread 1118-09-2026 00:29:33 [38;5;015m[INFO]: [0mThis is a info message from thread 2018-09-2026 00:29:33 [38;5;117m[DEBUG]: [0mThis is a debug message from thread 1118-09-2026 00:29:33 [38;5;009m[ERROR]: [0mThis is a error message from thread 2318-09-2026 00:29:33 [38;5;117m[DEBUG]: [0mThis is a debug message from thread 2318-09-2026 00:29:33 [38;5;015m[INFO]: [0mThis is a info message from thread 2318-09-2026 00:29:33 [38;5;117m[DEBUG]: [0mThis is a debug message from thread 718-09-2026 00:29:33 [38;5;015m[INFO]: [0mThis is a info message from thread 1118-09-2026 00:29:33 [38;5;009m[ERROR]: [0mThis is a error message from thread 2018-09-2026 00:29:33 [38;5;009m[ERROR]: [0mThis is a error message from thread 1018-09-2026 00:29:33 [38;5;117m[DEBUG]: [0mThis is a debug message from thread 818-09-2026 00:29:33 [38;5;009m[ERROR]: [0mThis is a error message from thread 1118-09-2026 00:29:33 [38;5;117m[DEBUG]: [0mThis is a debug message from thread 1018-09-2026 00:29:33 [38;5;117m[DEBUG]: [0mThis is a debug message from thread 118-09-2026 00:29:33 [38;5;117m[DEBUG]: [0mThis is a debug message from thread 1918-09-2026 00:29:33 [38;5;015m[INFO]: [0mThis is a info message from thread 2518-09-2026 00:29:33 [38;5;009m[ERROR]: [0mThis is a error message from thread 1618-09-2026 00:29:33 [38;5;015m[INFO]: [0mThis is a info message from thread 1918-09-2026 00:29:33 [38;5;009m[ERROR]: [0mThis is a error message from thread 2818-09-2026 00:29:33 [38;5;015m[INFO]: [0mThis is a info message from thread 218-09-2026 00:29:33 [38;5;117m[DEBUG]: [0mThis is a debug message from thread 418-09-2026 00:29:33 [38;5;117m[DEBUG]: [0mThis is a debug message from thread 2618-09-2026 00:29:33 [38;5;009m[ERROR]: [0mThis is a error message from thread 2318-09-2026 00:29:33 [38;5;117m[DEBUG]: [0mThis is a debug message from thread 918-09-2026 00:29:33 [38;5;015m[INFO]: [0mThis is a info message from thread 1218-09-2026 00:29:33 [38;5;009m[ERROR]: [0mThis is a error message from thread 2518-09-2026 00:29:33 [38;5;117m[DEBUG]: [0mThis is a debug message from thread 1418-09-2026 00:29:33 [38;5;117m[DEBUG]: [0mThis is a debug message from thread 2518-09-2026 00:29:33 [38;5;009m[ERROR]: [0mThis is a error message from thread 2718-09-2026 00:29:33 [38;5;009m[ERROR]: [0mThis is a error message from thread 218-09-2026 00:29:33 [38;5;015m[INFO]: [0mThis is a info message from thread 018-09-2026 00:29:33 [38;5;009m[ERROR]: [0mThis is a error message from thread 1218-09-2026 00:29:33 [38;5;117m[DEBUG]: [0mThis is a debug message from thread 618-09-2026 00:29:33 [38;5;015m[INFO]: [0mThis is a info message from thread 1818-09-2026 00:29:33 [38;5;117m[DEBUG]: [0mThis is a debug message from thread 1318-09-2026 00:29:33 [38;5;015m[INFO]: [0mThis is a info message from thread 618-09-2026 00:29:33 [38;5;015m[INFO]: [0mThis is a info message from thread 2518-09-2026 00:29:33 [38;5;015m[INFO]: [0mThis is a info message from thread 1318-09-2026 00:29:33 [38;5;117m[DEBUG]: [0mThis is a debug message from thread 218-09-2026 00:29:33 [38;5;117m[DEBUG]: [0mThis is a debug message from thread 1618-09-2026 00:29:33 [38;5;009m[ERROR]: [0mThis is a error message from thread 618-09-2026 00:29:33 [38;5;009m[ERROR]: [0mThis is a error message from thread 1318-09-2026 00:29:33 [38;5;009m[ERROR]: [0mThis is a error message from thread 018-09-2026 00:29:33 [38;5;117m[DEBUG]: [0mThis is a debug message from thread 1518-09-2026 00:29:33 [38;5;117m[DEBUG]: [0mThis is a debug message from thread 1318-09-2026 00:29:33 [38;5;117m[DEBUG]: [0mThis is a debug message from thread 1118-09-2026 00:29:33 [38;5;117m[DEBUG]: [0mThis is a debug message from thread 618-09-2026 00:29:33 [38;5;015m[INFO]: [0mThis is a info message from thread 818-09-2026 00:29:33 [38;5;015m[INFO]: [0mThis is a info message from thread 2118-09-2026 00:29:33 [38;5;015m[INFO]: [0mThis is a info message from thread 618-09-2026 00:29:33 [38;5;009m[ERROR]: [0mThis is a error message from thread 818-09-2026 00:29:33 [38;5;015m[INFO]: [0mThis is a info message from thread 1318-09-2026 00:29:33 [38;5;009m[ERROR]: [0mThis is a error message from thread 2518-09-2026 00:29:33 [38;5;117m[DEBUG]: [0mThis is a debug message from thread 2718-09-2026 00:29:33 [38;5;015m[INFO]: [0mThis is a info message from thread 718-09-2026 00:29:33 [38;5;015m[INFO]: [0mThis is a info message from thread 1118-09-2026 00:29:33 [38;5;009m[ERROR]: [0mThis is a error message from thread 618-09-2026 00:29:33 [38;5;009m[ERROR]: [0mThis is a error message from thread 1818-09-2026 00:29:33 [38;5;015m[INFO]: [0mThis is a info message from thread 2718-09-2026 00:29:33 [38;5;009m[ERROR]: [0mThis is a error message from thread 718-09-2026 00:29:33 [38;5;117m[DEBUG]: [0mThis is a debug message from thread 2318-09-2026 00:29:33 [38;5;015m[INFO]: [0mThis is a info message from thread 2618-09-2026 00:29:33 [38;5;015m[INFO]: [0mThis is a info message from thread 1618-09-2026 00:29:33 [38;5;015m[INFO]: [0mThis is a info message from thread 418-09-2026 00:29:33 [38;5;009m[ERROR]: [0mThis is a error message from thread 2918-09-2026 00:29:33 [38;5;015m[INFO]: [0mThis is a info message from thread 1718-09-2026 00:29:33 [38;5;015m[INFO]: [0mThis is a info message from thread 1518-09-2026 00:29:33 [38;5;015m[INFO]: [0mThis is a info message from thread 218-09-2026 00:29:33 [38;5;015m[INFO]: [0mThis is a info message from thread 2318-09-2026 00:29:33 [38;5;117m[DEBUG]: [0mThis is a debug message from thread 2818-09-2026 00:29:33 [38;5;117m[DEBUG]: [0mThis is a debug message from thread 1818-09-2026 00:29:33 [38;5;009m[ERROR]: [0mThis is a error message from thread 1618-09-2026 00:29:33 [38;5;015m[INFO]: [0mThis is a info message from thread 918-09-2026 00:29:33 [38;5;117m[DEBUG]: [0mThis is a debug message from thread 1218-09-2026 00:29:33 [38;5;009m[ERROR]: [0mThis is a error message from thread 218-09-2026 00:29:33 [38;5;009m[ERROR]: [0mThis is a error message from thread 2718-09-2026 00:29:33 [38;5;117m[DEBUG]: [0mThis is a debug message from thread 718-09-2026 00:29:33 [38;5;015m[INFO]: [0mThis is a info message from thread 1818-09-2026 00:29:33 [38;5;117m[DEBUG]: [0mThis is a debug message from thread 2518-09-2026 00:29:33 [38;5;015m[INFO]: [0mThis is a info message from thread 1218-09-2026 00:29:33 [38;5;117m[DEBUG]: [0mThis is a debug message from thread 218-09-2026 00:29:33 [38;5;009m[ERROR]: [0mThis is a error message from thread 418-09-2026 00:29:33 [38;5;015m[INFO]: [0mThis is a info message from thread 2818-09-2026 00:29:33 [38;5;117m[DEBUG]: [0mThis is a debug message from thread 2718-09-2026 00:29:33 [38;5;009m[ERROR]: [0mThis is a error message from thread 1318-09-2026 00:29:33 [38;5;009m[ERROR]: [0mThis is a error message from thread 1218-09-2026 00:29:33 [38;5;015m[INFO]: [0mThis is a info message from thread 1418-09-2026 00:29:33 [38;5;009m[ERROR]: [0mThis is a error message from thread 918-09-2026 00:29:33 [38;5;117m[DEBUG]: [0mThis is a debug message from thread 1618-09-2026 00:29:33 [38;5;117m[DEBUG]: [0mThis is a debug message from thread 2018-09-2026 00:29:33 [38;5;117m[DEBUG]: [0mThis is a debug message from thread 618-09-2026 00:29:33 [38;5;009m[ERROR]: [0mThis is a error message from thread 2218-09-2026 00:29:33 [38;5;009m[ERROR]: [0mThis is a error message from thread 2618-09-2026 00:29:33 [38;5;015m[INFO]: [0mThis is a info message from thread 2518-09-2026 00:29:33 [38;5;015m[INFO]: [0mThis is a info message from thread 218-09-2026 00:29:33 [38;5;117m[DEBUG]: [0mThis is a debug message from thread 918-09-2026 00:29:33 [38;5;009m[ERROR]: [0mThis is a error message from thread 1918-09-2026 00:29:33 [38;5;117m[DEBUG]: [0mThis is a debug message from thread 418-09-2026 00:29:33 [38;5;009m[ERROR]: [0mThis is a error message from thread 218-09-2026 00:29:33 [38;5;015m[INFO]: [0mThis is a info message from thread 2018-09-2026 00:29:33 [38;5;015m[INFO]: [0mThis is a info message from thread 918-09-2026 00:29:33 [38;5;009m[ERROR]: [0mThis is a error message from thread 2518-09-2026 00:29:33 [38;5;015m[INFO]: [0mThis is a info message from thread 2718-09-2026 00:29:33 [38;5;015m[INFO]: [0mThis is a info message from thread 418-09-2026 00:29:33 [38;5;009m[ERROR]: [0mThis is a error message from thread 2818-09-2026 00:29:33 [38;5;009m[ERROR]: [0mThis is a error message from thread 2118-09-2026 00:29:33 [38;5;117m[DEBUG]: [0mThis is a debug message from thread 2818-09-2026 00:29:33 [38;5;009m[ERROR]: [0mThis is a error message from thread 418-09-2026 00:29:33 [38;5;117m[DEBUG]: [0mThis is a debug message from thread 418-09-2026 00:29:33 [38;5;117m[DEBUG]: [0mThis is a debug message from thread 2118-09-2026 00:29:33 [38;5;009m[ERROR]: [0mThis is a error message from thread 918-09-2026 00:29:33 [38;5;009m[ERROR]: [0mThis is a error message from thread 2018-09-2026 00:29:33 [38;5;117m[DEBUG]: [0mThis is a debug message from thread 1218-09-2026 00:29:33 [38;5;117m[DEBUG]: [0mThis is a debug message from thread 018-09-2026 00:29:33 [38;5;009m[ERROR]: [0mThis is a error message from thread 1118-09-2026 00:29:33 [38;5;117m[DEBUG]: [0mThis is a debug message from thread 2518-09-2026 00:29:33 [38;5;015m[INFO]: [0mThis is a info message from thread 2118-09-2026 00:29:33 [38;5;015m[INFO]: [0mThis is a info message from thread 418-09-2026 00:29:33 [38;5;117m[DEBUG]: [0mThis is a debug message from thread 1918-09-2026 00:29:33 [38;5;117m[DEBUG]: [0mThis is a debug message from thread 918-09-2026 00:29:33 [38;5;117m[DEBUG]: [0mThis is a debug message from thread 2918-09-2026 00:29:33 [38;5;009m[ERROR]: [0mThis is a error message from thread 2118-09-2026 00:29:33 [38;5;009m[ERROR]: [0mThis is a error message from thread 1818-09-2026 00:29:33 [38;5;015m[INFO]: [0mThis is a info message from thread 1018-09-2026 00:29:33 [38;5;015m[INFO]: [0mThis is a info message from thread 2518-09-2026 00:29:33 [38;5;117m[DEBUG]: [0mThis is a debug message from thread 1118-09-2026 00:29:33 [38;5;015m[INFO]: [0mThis is a info message from thread 2918-09-2026 00:29:33 [38;5;009m[ERROR]: [0mThis is a error message from thread 1018-09-2026 00:29:33 [38;5;009m[ERROR]: [0mThis is a error message from thread 418-09-2026 00:29:33 [38;5;117m[DEBUG]: [0mThis is a debug message from thread 1018-09-2026 00:29:33 [38;5;117m[DEBUG]: [0mThis is a debug message from thread 2118-09-2026 00:29:33 [38;5;117m[DEBUG]: [0mThis is a debug message from thread 318-09-2026 00:29:33 [38;5;117m[DEBUG]: [0mThis is a debug message from thread 218-09-2026 00:29:33 [38;5;117m[DEBUG]: [0mThis is a debug message from thread 1818-09-2026 00:29:33 [38;5;015m[INFO]: [0mThis is a info message from thread 1118-09-2026 00:29:33 [38;5;015m[INFO]: [0mThis is a info message from thread 2818-09-2026 00:29:33 [38;5;009m[ERROR]: [0mThis is a error message from thread 2918-09-2026 00:29:33 [38;5;015m[INFO]: [0mThis is a info message from thread 1018-09-2026 00:29:33 [38;5;009m[ERROR]: [0mThis is a error message from thread 1018-09-2026 00:29:33 [38;5;009m[ERROR]: [0mThis is a error message from thread 1118-09-2026 00:29:33 [38;5;009m[ERROR]: [0mThis is a error message from thread 518-09-2026 00:29:33 [38;5;015m[INFO]: [0mThis is a info message from thread 1818-09-2026 00:29:33 [38;5;015m[INFO]: [0mThis is a info message from thread 018-09-2026 00:29:33 [38;5;117m[DEBUG]: [0mThis is a debug message from thread 2918-09-2026 00:29:33 [38;5;009m[ERROR]: [0mThis is a error message from thread 1818-09-2026 00:29:33 [38;5;015m[INFO]: [0mThis is a info message from thread 118-09-2026 00:29:33 [38;5;015m[INFO]: [0mThis is a info message from thread 318-09-2026 00:29:33 [38;5;009m[ERROR]: [0mThis is a error message from thread 2818-09-2026 00:29:33 [38;5;009m[ERROR]: [0mThis is a error message from thread 018-09-2026 00:29:33 [38;5;117m[DEBUG]: [0mThis is a debug message from thread 2018-09-2026 00:29:33 [38;5;015m[INFO]: [0mThis is a info message from thread 918-09-2026 00:29:33 [38;5;009m[ERROR]: [0mThis is a error message from thread 118-09-2026 00:29:33 [38;5;117m[DEBUG]: [0mThis is a debug message from thread 2818-09-2026 00:29:33 [38;5;117m[DEBUG]: [0mThis is a debug message from thread 2618-09-2026 00:29:33 [38;5;009m[ERROR]: [0mThis is a error message from thread 318-09-2026 00:29:33 [38;5;015m[INFO]: [0mThis is a info message from thread 2418-09-2026 00:29:33 [38;5;009m[ERROR]: [0mThis is a error message from thread 2718-09-2026 00:29:33 [38;5;117m[DEBUG]: [0mThis is a debug message from thread 318-09-2026 00:29:33 [38;5;117m[DEBUG]: [0mThis is a debug message from thread 1818-09-2026 00:29:33 [38;5;117m[DEBUG]: [0mThis is a debug message from thread 118-09-2026 00:29:33 [38;5;117m[DEBUG]: [0mThis is a debug message from thread 2218-09-2026 00:29:33 [38;5;015m[INFO]: [0mThis is a info message from thread 2618-09-2026 00:29:33 [38;5;117m[DEBUG]: [0mThis is a debug message from thread 1318-09-2026 00:29:33 [38;5;015m[INFO]: [0mThis is a info message from thread 2118-09-2026 00:29:33 [38;5;117m[DEBUG]: [0mThis is a debug message from thread 518-09-2026 00:29:33 [38;5;009m[ERROR]: [0mThis is a error message from thread 1718-09-2026 00:29:33 [38;5;117m[DEBUG]: [0mThis is a debug message from thread 818-09-2026 00:29:33 [38;5;009m[ERROR]: [0mThis is a error message from thread 1518-09-2026 00:29:33 [38;5;015m[INFO]: [0mThis is a info message from thread 1818-09-2026 00:29:33 [38;5;117m[DEBUG]: [0mThis is a debug message from thread 1718-09-2026 00:29:33 [38;5;015m[INFO]: [0mThis is a info message from thread 1218-09-2026 00:29:33 [38;5;015m[INFO]: [0mThis is a info message from thread 818-09-2026 00:29:33 [38;5;117m[DEBUG]: [0mThis is a debug message from thread 1018-09-2026 00:29:33 [38;5;015m[INFO]: [0mThis is a info message from thread 2818-09-2026 00:29:33 [38;5;009m[ERROR]: [0mThis is a error message from thread 1818-09-2026 00:29:33 [38;5;015m[INFO]: [0mThis is a info message from thread 2918-09-2026 00:29:33 [38;5;009m[ERROR]: [0mThis is a error message from thread 1218-09-2026 00:29:33 [38;5;009m[ERROR]: [0mThis is a error message from thread 2918-09-2026 00:29:33 [38;5;117m[DEBUG]: [0mThis is a debug message from thread 2718-09-2026 00:29:33 [38;5;117m[DEBUG]: [0mThis is a debug message from thread 1218-09-2026 00:29:33 [38;5;117m[DEBUG]: [0mThis is a debug message from thread 1818-09-2026 00:29:33 [38;5;015m[INFO]: [0mThis is a info message from thread 518-09-2026 00:29:33 [38;5;117m[DEBUG]: [0mThis is a debug message from thread 1518-09-2026 00:29:33 [38;5;009m[ERROR]: [0mThis is a error message from thread 2418-09-2026 00:29:33 [38;5;117m[DEBUG]: [0mThis is a debug message from thread 2918-09-2026 00:29:33 [38;5;015m[INFO]: [0mThis is a info message from thread 2918-09-2026 00:29:33 [38;5;009m[ERROR]: [0mThis is a error message from thread 2118-09-2026 00:29:33 [38;5;009m[ERROR]: [0mThis is a error message from thread 2918-09-2026 00:29:33 [38;5;117m[DEBUG]: [0mThis is a debug message from thread 2118-09-2026 00:29:33 [38;5;117m[DEBUG]: [0mThis is a debug message from thread 2918-09-2026 00:29:33 [38;5;015m[INFO]: [0mThis is a info message from thread 2118-09-2026 00:29:33 [38;5;009m[ERROR]: [0mThis is a error message from thread 2118-09-2026 00:29:33 [38;5;009m[ERROR]: [0mThis is a error message from thread 518-09-2026 00:29:33 [38;5;117m[DEBUG]: [0mThis is a debug message from thread 2118-09-2026 00:29:33 [38;5;015m[INFO]: [0mThis is a info message from thread 1018-09-2026 00:29:33 [38;5;015m[INFO]: [0mThis is a info message from thread 2718-09-2026 00:29:33 [38;5;015m[INFO]: [0mThis is a info message from thread 1218-09-2026 00:29:33 [38;5;009m[ERROR]: [0mThis is a error message from thread 2718-09-2026 00:29:33 [38;5;015m[INFO]: [0mThis is a info message from thread 118-09-2026 00:29:33 [38;5;009m[ERROR]: [0mThis is a error message from thread 1218-09-2026 00:29:33 [38;5;009m[ERROR]: [0mThis is a error message from thread 118-09-2026 00:29:33 [38;5;015m[INFO]: [0mThis is a info message from thread 2218-09-2026 00:29:33 [38;5;117m[DEBUG]: [0mThis is a debug message from thread 118-09-2026 00:29:33 [38;5;009m[ERROR]: [0mThis is a error message from thread 2818-09-2026 00:29:33 [38;5;015m[INFO]: [0mThis is a info message from thread 1818-09-2026 00:29:33 [38;5;015m[INFO]: [0mThis is a info message from thread 318-09-2026 00:29:33 [38;5;117m[DEBUG]: [0mThis is a debug message from thread 2818-09-2026 00:29:33 [38;5;015m[INFO]: [0mThis is a info message from thread 1518-09-2026 00:29:33 [38;5;009m[ERROR]: [0mThis is a error message from thread 318-09-2026 00:29:33 [38;5;015m[INFO]: [0mThis is a info message from thread 2818-09-2026 00:29:33 [38;5;009m[ERROR]: [0mThis is a error message from thread 1518-09-2026 00:29:33 [38;5;117m[DEBUG]: [0mThis is a debug message from thread 2418-09-2026 00:29:33 [38;5;117m[DEBUG]: [0mThis is a debug message from thread 1518-09-2026 00:29:33 [38;5;015m[INFO]: [0mThis is a info message from thread 2418-09-2026 00:29:33 [38;5;117m[DEBUG]: [0mThis is a debug message from thread 018-09-2026 00:29:33 [38;5;117m[DEBUG]: [0mThis is a debug message from thread 1118-09-2026 00:29:33 [38;5;009m[ERROR]: [0mThis is a error message from thread 2318-09-2026 00:29:33 [38;5;009m[ERROR]: [0mThis is a error message from thread 2518-09-2026 00:29:33 [38;5;015m[INFO]: [0mThis is a info message from thread 1118-09-2026 00:29:33 [38;5;015m[INFO]: [0mThis is a info message from thread 218-09-2026 00:29:33 [38;5;117m[DEBUG]: [0mThis is a debug message from thread 2318-09-2026 00:29:33 [38;5;117m[DEBUG]: [0mThis is a debug message from thread 2518-09-2026 00:29:33 [38;5;009m[ERROR]: [0mThis is a error message from thread 1118-09-2026 00:29:33 [38;5;117m[DEBUG]: [0mThis is a debug message from thread 518-09-2026 00:29:33 [38;5;015m[INFO]: [0mThis is a info message from thread 2518-09-2026 00:29:33 [38;5;015m[INFO]: [0mThis is a info message from thread 2118-09-2026 00:29:33 [38;5;117m[DEBUG]: [0mThis is a debug message from thread 1118-09-2026 00:29:33 [38;5;015m[INFO]: [0mThis is a info message from thread 018-09-2026 00:29:33 [38;5;015m[INFO]: [0mThis is a info message from thread 518-09-2026 00:29:33 [38;5;015m[INFO]: [0mThis is a info message from thread 1118-09-2026 00:29:33 [38;5;009m[ERROR]: [0mThis is a error message from thread 018-09-2026 00:29:33 [38;5;015m[INFO]: [0mThis is a info message from thread 2318-09-2026 00:29:33 [38;5;009m[ERROR]: [0mThis is a error message from thread 518-09-2026 00:29:33 [38;5;117m[DEBUG]: [0mThis is a debug message from thread 018-09-2026 00:29:33 [38;5;015m[INFO]: [0mThis is a info message from thread 018-09-2026 00:29:33 [38;5;009m[ERROR]: [0mThis is a error message from thread 2518-09-2026 00:29:33 [38;5;009m[ERROR]: [0mThis is a error message from thread 018-09-2026 00:29:33 [38;5;009m[ERROR]: [0mThis is a error message from thread 1118-09-2026 00:29:33 [38;5;117m[DEBUG]: [0mThis is a debug message from thread 2518-09-2026 00:29:33 [38;5;117m[DEBUG]: [0mThis is a debug message from thread 518-09-2026 00:29:33 [38;5;009m[ERROR]: [0mThis is a error message from thread 2118-09-2026 00:29:33 [38;5;009m[ERROR]: [0mThis is a error message from thread 2318-09-2026 00:29:33 [38;5;015m[INFO]: [0mThis is a info message from thread 518-09-2026 00:29:33 [38;5;009m[ERROR]: [0mThis is a error message from thread 218-09-2026 00:29:33 [38;5;015m[INFO]: [0mThis is a info message from thread 2918-09-2026 00:29:33 [38;5;117m[DEBUG]: [0mThis is a debug message from thread 2318-09-2026 00:29:33 [38;5;117m[DEBUG]: [0mThis is a debug message from thread 218-09-2026 00:29:33 [38;5;015m[INFO]: [0mThis is a info message from thread 1918-09-2026 00:29:33 [38;5;015m[INFO]: [0mThis is a info message from thread 218-09-2026 00:29:33 [38;5;015m[INFO]: [0mThis is a info message from thread 2318-09-2026 00:29:33 [38;5;009m[ERROR]: [0mThis is a error message from thread 2918-09-2026 00:29:33 [38;5;009m[ERROR]: [0mThis is a error message from thread 518-09-2026 00:29:33 [38;5;009m[ERROR]: [0mThis is a error message from thread 1018-09-2026 00:29:33 [38;5;009m[ERROR]: [0mThis is a error message from thread 1918-09-2026 00:29:33 [38;5;117m[DEBUG]: [0mThis is a debug message from thread 1918-09-2026 00:29:33 [38;5;117m[DEBUG]: [0mThis is a debug message from thread 2918-09-2026 00:29:33 [38;5;117m[DEBUG]: [0mThis is a debug message from thread 1018-09-2026 00:29:33 [38;5;015m[INFO]: [0mThis is a info message from thread 118-09-2026 00:29:33 [38;5;117m[DEBUG]: [0mThis is a debug message from thread 2718-09-2026 00:29:33 [38;5;015m[INFO]: [0mThis is a info message from thread 2918-09-2026 00:29:33 [38;5;117m[DEBUG]: [0mThis is a debug message from thread 018-09-2026 00:29:33 [38;5;009m[ERROR]: [0mThis is a error message from thread 1818-09-2026 00:29:33 [38;5;117m[DEBUG]: [0mThis is a debug message from thread 518-09-2026 00:29:33 [38;5;009m[ERROR]: [0mThis is a error message from thread 118-09-2026 00:29:33 [38;5;015m[INFO]: [0mThis is a info message from thread 018-09-2026 00:29:33 [38;5;015m[INFO]: [0mThis is a info message from thread 518-09-2026 00:29:33 [38;5;117m[DEBUG]: [0mThis is a debug message from thread 318-09-2026 00:29:33 [38;5;009m[ERROR]: [0mThis is a error message from thread 518-09-2026 00:29:33 [38;5;015m[INFO]: [0mThis is a info message from thread 2018-09-2026 00:29:33 [38;5;009m[ERROR]: [0mThis is a error message from thread 2418-09-2026 00:29:33 [38;5;009m[ERROR]: [0mThis is a error message from thread 018-09-2026 00:29:33 [38;5;117m[DEBUG]: [0mThis is a debug message from thread 518-09-2026 00:29:33 [38;5;009m[ERROR]: [0mThis is a error message from thread 1418-09-2026 00:29:33 [38;5;117m[DEBUG]: [0mThis is a debug message from thread 2418-09-2026 00:29:33 [38;5;009m[ERROR]: [0mThis is a error message from thread 2018-09-2026 00:29:33 [38;5;009m[ERROR]: [0mThis is a error message from thread 2818-09-2026 00:29:33 [38;5;015m[INFO]: [0mThis is a info message from thread 1518-09-2026 00:29:33 [38;5;117m[DEBUG]: [0mThis is a debug message from thread 1818-09-2026 00:29:33 [38;5;009m[ERROR]: [0mThis is a error message from thread 1518-09-2026 00:29:33 [38;5;015m[INFO]: [0mThis is a info message from thread 1818-09-2026 00:29:33 [38;5;015m[INFO]: [0mThis is a info message from thread 2418-09-2026 00:29:33 [38;5;015m[INFO]: [0mThis is a info message from thread 318-09-2026 00:29:33 [38;5;015m[INFO]: [0mThis is a info message from thread 2518-09-2026 00:29:33 [38;5;117m[DEBUG]: [0mThis is a debug message from thread 2118-09-2026 00:29:33 [38;5;009m[ERROR]: [0mThis is a error message from thread 2518-09-2026 00:29:33 [38;5;009m[ERROR]: [0mThis is a error message from thread 918-09-2026 00:29:33 [38;5;009m[ERROR]: [0mThis is a error message from thread 818-09-2026 00:29:33 [38;5;015m[INFO]: [0mThis is a info message from thread 2718-09-2026 00:29:33 [38;5;009m[ERROR]: [0mThis is a error message from thread 2618-09-2026 00:29:33 [38;5;117m[DEBUG]: [0mThis is a debug message from thread 918-09-2026 00:29:33 [38;5;015m[INFO]: [0mThis is a info message from thread 918-09-2026 00:29:33 [38;5;009m[ERROR]: [0mThis is a error message from thread 918-09-2026 00:29:33 [38;5;117m[DEBUG]: [0mThis is a debug message from thread 818-09-2026 00:29:33 [38;5;117m[DEBUG]: [0mThis is a debug message from thread 918-09-2026 00:29:33 [38;5;009m[ERROR]: [0mThis is a error message from thread 218-09-2026 00:29:33 [38;5;015m[INFO]: [0mThis is a info message from thread 818-09-2026 00:29:33 [38;5;009m[ERROR]: [0mThis is a error message from thread 2718-09-2026 00:29:33 [38;5;015m[INFO]: [0mThis is a info message from thread 918-09-2026 00:29:33 [38;5;015m[INFO]: [0mThis is a info message from thread 618-09-2026 00:29:33 [38;5;117m[DEBUG]: [0mThis is a debug message from thread 2618-09-2026 00:29:33 [38;5;015m[INFO]: [0mThis is a info message from thread 2118-09-2026 00:29:33 [38;5;015m[INFO]: [0mThis is a info message from thread 1618-09-2026 00:29:33 [38;5;117m[DEBUG]: [0mThis is a debug message from thread 1418-09-2026 00:29:33 [38;5;117m[DEBUG]: [0mThis is a debug message from thread 218-09-2026 00:29:33 [38;5;009m[ERROR]: [0mThis is a error message from thread 618-09-2026 00:29:33 [38;5;015m[INFO]: [0mThis is a info message from thread 1318-09-2026 00:29:33 [38;5;015m[INFO]: [0mThis is a info message from thread 1018-09-2026 00:29:33 [38;5;117m[DEBUG]: [0mThis is a debug message from thread 118-09-2026 00:29:33 [38;5;009m[ERROR]: [0mThis is a error message from thread 1018-09-2026 00:29:33 [38;5;015m[INFO]: [0mThis is a info message from thread 218-09-2026 00:29:33 [38;5;009m[ERROR]: [0mThis is a error message from thread 218-09-2026 00:29:33 [38;5;117m[DEBUG]: [0mThis is a debug message from thread 618-09-2026 00:29:33 [38;5;015m[INFO]: [0mThis is a info message from thread 1718-09-2026 00:29:33 [38;5;015m[INFO]: [0mThis is a info message from thread 618-09-2026 00:29:33 [38;5;117m[DEBUG]: [0mThis is a debug message from thread 2018-09-2026 00:29:33 [38;5;009m[ERROR]: [0mThis is a error message from thread 2318-09-2026 00:29:33 [38;5;015m[INFO]: [0mThis is a info message from thread 1918-09-2026 00:29:33 [38;5;009m[ERROR]: [0mThis is a error message from thread 618-09-2026 00:29:33 [38;5;015m[INFO]: [0mThis is a info message from thread 2618-09-2026 00:29:33 [38;5;117m[DEBUG]: [0mThis is a debug message from thread 2818-09-2026 00:29:33 [38;5;015m[INFO]: [0mThis is a info message from thread 518-09-2026 00:29:33 [38;5;117m[DEBUG]: [0mThis is a debug message from thread 2318-09-2026 00:29:33 [38;5;015m[INFO]: [0mThis is a info message from thread 2818-09-2026 00:29:33 [38;5;009m[ERROR]: [0mThis is a error message from thread 318-09-2026 00:29:33 [38;5;009m[ERROR]: [0mThis is a error message from thread 518-09-2026 00:29:33 [38;5;117m[DEBUG]: [0mThis is a debug message from thread 2718-09-2026 00:29:33 [38;5;117m[DEBUG]: [0mThis is a debug message from thread 418-09-2026 00:29:33 [38;5;015m[INFO]: [0mThis is a info message from thread 2318-09-2026 00:29:33 [38;5;009m[ERROR]: [0mThis is a error message from thread 1818-09-2026 00:29:33 [38;5;015m[INFO]: [0mThis is a info message from thread 418-09-2026 00:29:33 [38;5;009m[ERROR]: [0mThis is a error message from thread 2318-09-2026 00:29:33 [38;5;009m[ERROR]: [0mThis is a error message from thread 918-09-2026 00:29:33 [38;5;117m[DEBUG]: [0mThis is a debug message from thread 2318-09-2026 00:29:33 [38;5;009m[ERROR]: [0mThis is a error message from thread 418-09-2026 00:29:33 [38;5;117m[DEBUG]: [0mThis is a debug message from thread 918-09-2026 00:29:33 [38;5;015m[INFO]: [0mThis is a info message from thread 2718-09-2026 00:29:33 [38;5;009m[ERROR]: [0mThis is a error message from thread 818-09-2026 00:29:33 [38;5;009m[ERROR]: [0mThis is a error message from thread 2918-09-2026 00:29:33 [38;5;117m[DEBUG]: [0mThis is a debug message from thread 418-09-2026 00:29:33 [38;5;117m[DEBUG]: [0mThis is a debug message from thread 218-09-2026 00:29:33 [38;5;117m[DEBUG]: [0mThis is a debug message from thread 518-09-2026 00:29:33 [38;5;117m[DEBUG]: [0mThis is a debug message from thread 1218-09-2026 00:29:33 [38;5;015m[INFO]: [0mThis is a info message from thread 918-09-2026 00:29:33 [38;5;015m[INFO]: [0mThis is a info message from thread 2018-09-2026 00:29:33 [38;5;015m[INFO]: [0mThis is a info message from thread 218-09-2026 00:29:33 [38;5;015m[INFO]: [0mThis is a info message from thread 718-09-2026 00:29:33 [38;5;009m[ERROR]: [0mThis is a error message from thread 218-09-2026 00:29:33 [38;5;009m[ERROR]: [0mThis is a error message from thread 718-09-2026 00:29:33 [38;5;009m[ERROR]: [0mThis is a error message from thread 918-09-2026 00:29:33 [38;5;009m[ERROR]: [0mThis is a error message from thread 1618-09-2026 00:29:33 [38;5;117m[DEBUG]: [0mThis is a debug message from thread 218-09-2026 00:29:33 [38;5;117m[DEBUG]: [0mThis is a debug message from thread 1518-09-2026 00:29:33 [38;5;015m[INFO]: [0mThis is a info message from thread 218-09-2026 00:29:33 [38;5;015m[INFO]: [0mThis is a info message from thread 1518-09-2026 00:29:33 [38;5;009m[ERROR]: [0mThis is a error message from thread 1918-09-2026 00:29:33 [38;5;117m[DEBUG]: [0mThis is a debug message from thread 1918-09-2026 00:29:33 [38;5;009m[ERROR]: [0mThis is a error message from thread 1718-09-2026 00:29:33 [38;5;117m[DEBUG]: [0mThis is a debug message from thread 1118-09-2026 00:29:33 [38;5;117m[DEBUG]: [0mThis is a debug message from thread 1818-09-2026 00:29:33 [38;5;015m[INFO]: [0mThis is a info message from thread 1418-09-2026 00:29:33 [38;5;015m[INFO]: [0mThis is a info message from thread 1918-09-2026 00:29:33 [38;5;015m[INFO]: [0mThis is a info message from thread 1818-09-2026 00:29:33 [38;5;117m[DEBUG]: [0mThis is a debug message from thread 818-09-2026 00:29:33 [38;5;009m[ERROR]: [0mThis is a error message from thread 2718-09-2026 00:29:33 [38;5;009m[ERROR]: [0mThis is a error message from thread 218-09-2026 00:29:33 [38;5;009m[ERROR]: [0mThis is a error message from thread 2618-09-2026 00:29:33 [38;5;117m[DEBUG]: [0mThis is a debug message from thread 1018-09-2026 00:29:33 [38;5;015m[INFO]: [0mThis is a info message from thread 418-09-2026 00:29:33 [38;5;117m[DEBUG]: [0mThis is a debug message from thread 2918-09-2026 00:29:33 [38;5;015m[INFO]: [0mThis is a info message from thread 818-09-2026 00:29:33 [38;5;009m[ERROR]: [0mThis is a error message from thread 2218-09-2026 00:29:33 [38;5;009m[ERROR]: [0mThis is a error message from thread 2418-09-2026 00:29:33 [38;5;015m[INFO]: [0mThis is a info message from thread 1018-09-2026 00:29:33 [38;5;009m[ERROR]: [0mThis is a error message from thread 2818-09-2026 00:29:33 [38;5;117m[DEBUG]: [0mThis is a debug message from thread 2618-09-2026 00:29:33 [38;5;117m[DEBUG]: [0mThis is a debug message from thread 1618-09-2026 00:29:33 [38;5;015m[INFO]: [0mThis is a info message from thread 118-09-2026 00:29:33 [38;5;117m[DEBUG]: [0mThis is a debug message from thread 918-09-2026 00:29:33 [38;5;015m[INFO]: [0mThis is a info message from thread 1218-09-2026 00:29:33 [38;5;015m[INFO]: [0mThis is a info message from thread 2918-09-2026 00:29:33 [38;5;117m[DEBUG]: [0mThis is a debug message from thread 2818-09-2026 00:29:33 [38;5;015m[INFO]: [0mThis is a info message from thread 1618-09-2026 00:29:33 [38;5;009m[ERROR]: [0mThis is a error message from thread 118-09-2026 00:29:33 [38;5;009m[ERROR]: [0mThis is a error message from thread 1318-09-2026 00:29:33 [38;5;117m[DEBUG]: [0mThis is a debug message from thread 118-09-2026 00:29:33 [38;5;009m[ERROR]: [0mThis is a error message from thread 418-09-2026 00:29:33 [38;5;009m[ERROR]: [0mThis is a error message from thread 1618-09-2026 00:29:33 [38;5;009m[ERROR]: [0mThis is a error message from thread 1518-09-2026 00:29:33 [38;5;009m[ERROR]: [0mThis is a error message from thread 1018-09-2026 00:29:33 [38;5;009m[ERROR]: [0mThis is a error message from thread 2918-09-2026 00:29:33 [38;5;117m[DEBUG]: [0mThis is a debug message from thread 1518-09-2026 00:29:33 [38;5;117m[DEBUG]: [0mThis is a debug message from thread 1718-09-2026 00:29:33 [38;5;117m[DEBUG]: [0mThis is a debug message from thread 1318-09-2026 00:29:33 [38;5;117m[DEBUG]: [0mThis is a debug message from thread 2218-09-2026 00:29:33 [38;5;015m[INFO]: [0mThis is a info message from thread 2318-09-2026 00:29:33 [38;5;015m[INFO]: [0mThis is a info message from thread 2218-09-2026 00:29:33 [38;5;117m[DEBUG]: [0mThis is a debug message from thread 1018-09-2026 00:29:33 [38;5;015m[INFO]: [0mThis is a info message from thread 1318-09-2026 00:29:33 [38;5;117m[DEBUG]: [0mThis is a debug message from thread 318-09-2026 00:29:33 [38;5;117m[DEBUG]: [0mThis is a debug message from thread 718-09-2026 00:29:33 [38;5;015m[INFO]: [0mThis is a info message from thread 1518-09-2026 00:29:33 [38;5;009m[ERROR]: [0mThis is a error message from thread 1518-09-2026 00:29:33 [38;5;009m[ERROR]: [0mThis is a error message from thread 2318-09-2026 00:29:33 [38;5;009m[ERROR]: [0mThis is a error message from thread 1218-09-2026 00:29:33 [38;5;117m[DEBUG]: [0mThis is a debug message from thread 1518-09-2026 00:29:33 [38;5;117m[DEBUG]: [0mThis is a debug message from thread 1618-09-2026 00:29:33 [38;5;117m[DEBUG]: [0mThis is a debug message from thread 418-09-2026 00:29:33 [38;5;015m[INFO]: [0mThis is a info message from thread 1118-09-2026 00:29:33 [38;5;015m[INFO]: [0mThis is a info message from thread 1018-09-2026 00:29:33 [38;5;009m[ERROR]: [0mThis is a error message from thread 1118-09-2026 00:29:33 [38;5;015m[INFO]: [0mThis is a info message from thread 1618-09-2026 00:29:33 [38;5;117m[DEBUG]: [0mThis is a debug message from thread 018-09-2026 00:29:33 [38;5;015m[INFO]: [0mThis is a info message from thread 318-09-2026 00:29:33 [38;5;117m[DEBUG]: [0mThis is a debug message from thread 2518-09-2026 00:29:33 [38;5;009m[ERROR]: [0mThis is a error message from thread 1018-09-2026 00:29:33 [38;5;015m[INFO]: [0mThis is a info message from thread 1518-09-2026 00:29:33 [38;5;015m[INFO]: [0mThis is a info message from thread 018-09-2026 00:29:33 [38;5;009m[ERROR]: [0mThis is a error message from thread 2118-09-2026 00:29:33 [38;5;009m[ERROR]: [0mThis is a error message from thread 1618-09-2026 00:29:33 [38;5;009m[ERROR]: [0mThis is a error message from thread 1418-09-2026 00:29:33 [38;5;117m[DEBUG]: [0mThis is a debug message from thread 2718-09-2026 00:29:33 [38;5;117m[DEBUG]: [0mThis is a debug message from thread 1118-09-2026 00:29:33 [38;5;009m[ERROR]: [0mThis is a error message from thread 818-09-2026 00:29:33 [38;5;015m[INFO]: [0mThis is a info message from thread 718-09-2026 00:29:33 [38;5;009m[ERROR]: [0mThis is a error message from thread 018-09-2026 00:29:33 [38;5;117m[DEBUG]: [0mThis is a debug message from thread 218-09-2026 00:29:33 [38;5;117m[DEBUG]: [0mThis is a debug message from thread 618-09-2026 00:29:33 [38;5;015m[INFO]: [0mThis is a info message from thread 2818-09-2026 00:29:33 [38;5;117m[DEBUG]: [0mThis is a debug message from thread 1018-09-2026 00:29:33 [38;5;009m[ERROR]: [0mThis is a error message from thread 318-09-2026 00:29:33 [38;5;117m[DEBUG]: [0mThis is a debug message from thread 818-09-2026 00:29:33 [38;5;015m[INFO]: [0mThis is a info message from thread 118-09-2026 00:29:33 [38;5;015m[INFO]: [0mThis is a info message from thread 1018-09-2026 00:29:33 [38;5;117m[DEBUG]: [0mThis is a debug message from thread 1618-09-2026 00:29:33 [38;5;117m[DEBUG]: [0mThis is a debug message from thread 318-09-2026 00:29:33 [38;5;015m[INFO]: [0mThis is a info message from thread 1718-09-2026 00:29:33 [38;5;117m[DEBUG]: [0mThis is a debug message from thread 2118-09-2026 00:29:33 [38;5;009m[ERROR]: [0mThis is a error message from thread 118-09-2026 00:29:33 [38;5;117m[DEBUG]: [0mThis is a debug message from thread 1418-09-2026 00:29:33 [38;5;015m[INFO]: [0mThis is a info message from thread 918-09-2026 00:29:33 [38;5;015m[INFO]: [0mThis is a info message from thread 1418-09-2026 00:29:33 [38;5;009m[ERROR]: [0mThis is a error message from thread 1418-09-2026 00:29:33 [38;5;015m[INFO]: [0mThis is a info message from thread 1618-09-2026 00:29:33 [38;5;015m[INFO]: [0mThis is a info message from thread 618-09-2026 00:29:33 [38;5;009m[ERROR]: [0mThis is a error message from thread 1318-09-2026 00:29:33 [38;5;117m[DEBUG]: [0mThis is a debug message from thread 2918-09-2026 00:29:33 [38;5;009m[ERROR]: [0mThis is a error message from thread 2018-09-2026 00:29:33 [38;5;009m[ERROR]: [0mThis is a error message from thread 2818-09-2026 00:29:33 [38;5;015m[INFO]: [0mThis is a info message from thread 318-09-2026 00:29:33 [38;5;117m[DEBUG]: [0mThis is a debug message from thread 1318-09-2026 00:29:33 [38;5;009m[ERROR]: [0mThis is a error message from thread 1618-09-2026 00:29:33 [38;5;015m[INFO]: [0mThis is a info message from thread 1318-09-2026 00:29:33 [38;5;015m[INFO]: [0mThis is a info message from thread 518-09-2026 00:29:33 [38;5;009m[ERROR]: [0mThis is a error message from thread 318-09-2026 00:29:33 [38;5;117m[DEBUG]: [0mThis is a debug message from thread 2018-09-2026 00:29:33 [38;5;117m[DEBUG]: [0mThis is a debug message from thread 1218-09-2026 00:29:33 [38;5;015m[INFO]: [0mThis is a info message from thread 218-09-2026 00:29:33 [38;5;009m[ERROR]: [0mThis is a error message from thread 718-09-2026 00:29:33 [38;5;117m[DEBUG]: [0mThis is a debug message from thread 318-09-2026 00:29:33 [38;5;015m[INFO]: [0mThis is a info message from thread 2018-09-2026 00:29:33 [38;5;015m[INFO]: [0mThis is a info message from thread 2518-09-2026 00:29:33 [38;5;009m[ERROR]: [0mThis is a error message from thread 1518-09-2026 00:29:33 [38;5;117m[DEBUG]: [0mThis is a debug message from thread 2418-09-2026 00:29:33 [38;5;009m[ERROR]: [0mThis is a error message from thread 518-09-2026 00:29:33 [38;5;009m[ERROR]: [0mThis is a error message from thread 2518-09-2026 00:29:33 [38;5;015m[INFO]: [0mThis is a info message from thread 2618-09-2026 00:29:33 [38;5;117m[DEBUG]: [0mThis is a debug message from thread 718-09-2026 00:29:33 [38;5;117m[DEBUG]: [0mThis is a debug message from thread 118-09-2026 00:29:33 [38;5;015m[INFO]: [0mThis is a info message from thread 2718-09-2026 00:29:33 [38;5;015m[INFO]: [0mThis is a info message from thread 2118-09-2026 00:29:33 [38;5;117m[DEBUG]: [0mThis is a debug message from thread 1418-09-2026 00:29:33 [38;5;015m[INFO]: [0mThis is a info message from thread 418-09-2026 00:29:33 [38;5;009m[ERROR]: [0mThis is a error message from thread 2018-09-2026 00:29:33 [38;5;015m[INFO]: [0mThis is a info message from thread 2418-09-2026 00:29:33 [38;5;117m[DEBUG]: [0mThis is a debug message from thread 2518-09-2026 00:29:33 [38;5;015m[INFO]: [0mThis is a info message from thread 318-09-2026 00:29:33 [38;5;009m[ERROR]: [0mThis is a error message from thread 618-09-2026 00:29:33 [38;5;009m[ERROR]: [0mThis is a error message from thread 418-09-2026 00:29:33 [38;5;015m[INFO]: [0mThis is a info message from thread 718-09-2026 00:29:33 [38;5;009m[ERROR]: [0mThis is a error message from thread 2418-09-2026 00:29:33 [38;5;009m[ERROR]: [0mThis is a error message from thread 318-09-2026 00:29:33 [38;5;009m[ERROR]: [0mThis is a error message from thread 218-09-2026 00:29:33 [38;5;117m[DEBUG]: [0mThis is a debug message from thread 418-09-2026 00:29:33 [38;5;117m[DEBUG]: [0mThis is a debug message from thread 1518-09-2026 00:29:33 [38;5;009m[ERROR]: [0mThis is a error message from thread 1918-09-2026 00:29:33 [38;5;009m[ERROR]: [0mThis is a error message from thread 2218-09-2026 00:29:33 [38;5;009m[ERROR]: [0mThis is a error message from thread 2118-09-2026 00:29:33 [38;5;015m[INFO]: [0mThis is a info message from thread 418-09-2026 00:29:33 [38;5;117m[DEBUG]: [0mThis is a debug message from thread 2418-09-2026 00:29:33 [38;5;117m[DEBUG]: [0mThis is a debug message from thread 2018-09-2026 00:29:33 [38;5;015m[INFO]: [0mThis is a info message from thread 2518-09-2026 00:29:33 [38;5;015m[INFO]: [0mThis is a info message from thread 2918-09-2026 00:29:33 [38;5;009m[ERROR]: [0mThis is a error message from thread 418-09-2026 00:29:33 [38;5;015m[INFO]: [0mThis is a info message from thread 1118-09-2026 00:29:33 [38;5;117m[DEBUG]: [0mThis is a debug message from thread 218-09-2026 00:29:33 [38;5;009m[ERROR]: [0mThis is a error message from thread 1718-09-2026 00:29:33 [38;5;009m[ERROR]: [0mThis is a error message from thread 918-09-2026 00:29:33 [38;5;117m[DEBUG]: [0mThis is a debug message from thread 518-09-2026 00:29:33 [38;5;117m[DEBUG]: [0mThis is a debug message from thread 2218-09-2026 00:29:33 [38;5;117m[DEBUG]: [0mThis is a debug message from thread 618-09-2026 00:29:33 [38;5;009m[ERROR]: [0mThis is a error message from thread 2618-09-2026 00:29:33 [38;5;015m[INFO]: [0mThis is a info message from thread 1418-09-2026 00:29:33 [38;5;117m[DEBUG]: [0mThis is a debug message from thread 418-09-2026 00:29:33 [38;5;117m[DEBUG]: [0mThis is a debug message from thread 2618-09-2026 00:29:33 [38;5;015m[INFO]: [0mThis is a info message from thread 2618-09-2026 00:29:33 [38;5;015m[INFO]: [0mThis is a info message from thread 2418-09-2026 00:29:33 [38;5;117m[DEBUG]: [0mThis is a debug message from thread 1618-09-2026 00:29:33 [38;5;117m[DEBUG]: [0mThis is a debug message from thread 2818-09-2026 00:29:33 [38;5;117m[DEBUG]: [0mThis is a debug message from thread 918-09-2026 00:29:33 [38;5;015m[INFO]: [0mThis is a info message from thread 1218-09-2026 00:29:33 [38;5;117m[DEBUG]: [0mThis is a debug message from thread 318-09-2026 00:29:33 [38;5;009m[ERROR]: [0mThis is a error message from thread 1118-09-2026 00:29:33 [38;5;117m[DEBUG]: [0mThis is a debug message from thread 018-09-2026 00:29:33 [38;5;009m[ERROR]: [0mThis is a error message from thread 1418-09-2026 00:29:33 [38;5;117m[DEBUG]: [0mThis is a debug message from thread 2118-09-2026 00:29:33 [38;5;009m[ERROR]: [0mThis is a error message from thread 1018-09-2026 00:29:33 [38;5;009m[ERROR]: [0mThis is a error message from thread 1318-09-2026 00:29:33 [38;5;015m[INFO]: [0mThis is a info message from thread 1518-09-2026 00:29:33 [38;5;015m[INFO]: [0mThis is a info message from thread 818-09-2026 00:29:33 [38;5;009m[ERROR]: [0mThis is a error message from thread 818-09-2026 00:29:33 [38;5;009m[ERROR]: [0mThis is a error message from thread 1818-09-2026 00:29:33 [38;5;015m[INFO]: [0mThis is a info message from thread 618-09-2026 00:29:33 [38;5;015m[INFO]: [0mThis is a info message from thread 018-09-2026 00:29:33 [38;5;117m[DEBUG]: [0mThis is a debug message from thread 1318-09-2026 00:29:33 [38;5;117m[DEBUG]: [0mThis is a debug message from thread 1718-09-2026 00:29:33 [38;5;015m[INFO]: [0mThis is a info message from thread 2118-09-2026 00:29:33 [38;5;015m[INFO]: [0mThis is a info message from thread 218-09-2026 00:29:33 [38;5;015m[INFO]: [0mThis is a info message from thread 418-09-2026 00:29:33 [38;5;009m[ERROR]: [0mThis is a error message from thread 2718-09-2026 00:29:33 [38;5;009m[ERROR]: [0mThis is a error message from thread 1518-09-2026 00:29:33 [38;5;117m[DEBUG]: [0mThis is a debug message from thread 818-09-2026 00:29:33 [38;5;117m[DEBUG]: [0mThis is a debug message from thread 1418-09-2026 00:29:33 [38;5;117m[DEBUG]: [0mThis is a debug message from thread 2718-09-2026 00:29:33 [38;5;015m[INFO]: [0mThis is a info message from thread 318-09-2026 00:29:33 [38;5;009m[ERROR]: [0mThis is a error message from thread 618-09-2026 00:29:33 [38;5;009m[ERROR]: [0mThis is a error message from thread 418-09-2026 00:29:33 [38;5;117m[DEBUG]: [0mThis is a debug message from thread 618-09-2026 00:29:33 [38;5;009m[ERROR]: [0mThis is a error message from thread 218-09-2026 00:29:33 [38;5;015m[INFO]: [0mThis is a info message from thread 1418-09-2026 00:29:33 [38;5;009m[ERROR]: [0mThis is a error message from thread 1418-09-2026 00:29:33 [38;5;015m[INFO]: [0mThis is a info message from thread 2718-09-2026 00:29:33 [38;5;015m[INFO]: [0mThis is a info message from thread 118-09-2026 00:29:33 [38;5;009m[ERROR]: [0mThis is a error message from thread 318-09-2026 00:29:33 [38;5;117m[DEBUG]: [0mThis is a debug message from thread 418-09-2026 00:29:33 [38;5;015m[INFO]: [0mThis is a info message from thread 918-09-2026 00:29:33 [38;5;015m[INFO]: [0mThis is a info message from thread 818-09-2026 00:29:33 [38;5;117m[DEBUG]: [0mThis is a debug message from thread 1518-09-2026 00:29:33 [38;5;009m[ERROR]: [0mThis is a error message from thread 718-09-2026 00:29:33 [38;5;015m[INFO]: [0mThis is a info message from thread 418-09-2026 00:29:33 [38;5;015m[INFO]: [0mThis is a info message from thread 518-09-2026 00:29:33 [38;5;015m[INFO]: [0mThis is a info message from thread 1618-09-2026 00:29:33 [38;5;009m[ERROR]: [0mThis is a error message from thread 518-09-2026 00:29:33 [38;5;009m[ERROR]: [0mThis is a error message from thread 818-09-2026 00:29:33 [38;5;117m[DEBUG]: [0mThis is a debug message from thread 2318-09-2026 00:29:33 [38;5;117m[DEBUG]: [0mThis is a debug message from thread 318-09-2026 00:29:33 [38;5;117m[DEBUG]: [0mThis is a debug message from thread 218-09-2026 00:29:33 [38;5;009m[ERROR]: [0mThis is a error message from thread 2718-09-2026 00:29:33 [38;5;117m[DEBUG]: [0mThis is a debug message from thread 818-09-2026 00:29:33 [38;5;117m[DEBUG]: [0mThis is a debug message from thread 518-09-2026 00:29:33 [38;5;117m[DEBUG]: [0mThis is a debug message from thread 718-09-2026 00:29:33 [38;5;117m[DEBUG]: [0mThis is a debug message from thread 2718-09-2026 00:29:33 [38;5;009m[ERROR]: [0mThis is a error message from thread 418-09-2026 00:29:33 [38;5;015m[INFO]: [0mThis is a info message from thread 518-09-2026 00:29:33 [38;5;117m[DEBUG]: [0mThis is a debug message from thread 418-09-2026 00:29:33 [38;5;015m[INFO]: [0mThis is a info message from thread 2718-09-2026 00:29:33 [38;5;117m[DEBUG]: [0mThis is a debug message from thread 1018-09-2026 00:29:33 [38;5;009m[ERROR]: [0mThis is a error message from thread 2918-09-2026 00:29:33 [38;5;015m[INFO]: [0mThis is a info message from thread 2818-09-2026 00:29:33 [38;5;009m[ERROR]: [0mThis is a error message from thread 1218-09-2026 00:29:33 [38;5;015m[INFO]: [0mThis is a info message from thread 1718-09-2026 00:29:33 [38;5;009m[ERROR]: [0mThis is a error message from thread 918-09-2026 00:29:33 [38;5;015m[INFO]: [0mThis is a info message from thread 818-09-2026 00:29:33 [38;5;009m[ERROR]: [0mThis is a error message from thread 2518-09-2026 00:29:33 [38;5;117m[DEBUG]: [0mThis is a debug message from thread 2918-09-2026 00:29:33 [38;5;009m[ERROR]: [0mThis is a error message from thread 2818-09-2026 00:29:33 [38;5;117m[DEBUG]: [0mThis is a debug message from thread 1418-09-2026 00:29:33 [38;5;009m[ERROR]: [0mThis is a error message from thread 1618-09-2026 00:29:33 [38;5;009m[ERROR]: [0mThis is a error message from thread 2418-09-2026 00:29:33 [38;5;009m[ERROR]: [0mThis is a error message from thread 518-09-2026 00:29:33 [38;5;009m[ERROR]: [0mThis is a error message from thread 2118-09-2026 00:29:33 [38;5;009m[ERROR]: [0mThis is a error message from thread 118-09-2026 00:29:33 [38;5;009m[ERROR]: [0mThis is a error message from thread 818-09-2026 00:29:33 [38;5;015m[INFO]: [0mThis is a info message from thread 318-09-2026 00:29:33 [38;5;117m[DEBUG]: [0mThis is a debug message from thread 918-09-2026 00:29:33 [38;5;015m[INFO]: [0mThis is a info message from thread 1018-09-2026 00:29:33 [38;5;015m[INFO]: [0mThis is a info message from thread 1318-09-2026 00:29:33 [38;5;117m[DEBUG]: [0mThis is a debug message from thread 2818-09-2026 00:29:33 [38;5;117m[DEBUG]: [0mThis is a debug message from thread 818-09-2026 00:29:33 [38;5;009m[ERROR]: [0mThis is a error message from thread 318-09-2026 00:29:33 [38;5;117m[DEBUG]: [0mThis is a debug message from thread 1618-09-2026 00:29:33 [38;5;117m[DEBUG]: [0mThis is a debug message from thread 2118-09-2026 00:29:33 [38;5;015m[INFO]: [0mThis is a info message from thread 1418-09-2026 00:29:33 [38;5;009m[ERROR]: [0mThis is a error message from thread 2718-09-2026 00:29:33 [38;5;117m[DEBUG]: [0mThis is a debug message from thread 118-09-2026 00:29:33 [38;5;117m[DEBUG]: [0mThis is a debug message from thread 318-09-2026 00:29:33 [38;5;117m[DEBUG]: [0mThis is a debug message from thread 2418-09-2026 00:29:33 [38;5;015m[INFO]: [0mThis is a info message from thread 2818-09-2026 00:29:33 [38;5;117m[DEBUG]: [0mThis is a debug message from thread 1818-09-2026 00:29:33 [38;5;117m[DEBUG]: [0mThis is a debug message from thread 2718-09-2026 00:29:33 [38;5;009m[ERROR]: [0mThis is a error message from thread 1418-09-2026 00:29:33 [38;5;015m[INFO]: [0mThis is a info message from thread 118-09-2026 00:29:33 [38;5;015m[INFO]: [0mThis is a info message from thread 918-09-2026 00:29:33 [38;5;009m[ERROR]: [0mThis is a error message from thread 018-09-2026 00:29:33 [38;5;117m[DEBUG]: [0mThis is a debug message from thread 1918-09-2026 00:29:33 [38;5;015m[INFO]: [0mThis is a info message from thread 2718-09-2026 00:29:33 [38;5;117m[DEBUG]: [0mThis is a debug message from thread 018-09-2026 00:29:33 [38;5;015m[INFO]: [0mThis is a info message from thread 1918-09-2026 00:29:33 [38;5;009m[ERROR]: [0mThis is a error message from thread 1918-09-2026 00:29:33 [38;5;015m[INFO]: [0mThis is a info message from thread 818-09-2026 00:29:33 [38;5;015m[INFO]: [0mThis is a info message from thread 018-09-2026 00:29:33 [38;5;009m[ERROR]: [0mThis is a error message from thread 118-09-2026 00:29:33 [38;5;015m[INFO]: [0mThis is a info message from thread 1618-09-2026 00:29:33 [38;5;015m[INFO]: [0mThis is a info message from thread 2418-09-2026 00:29:33 [38;5;009m[ERROR]: [0mThis is a error message from thread 818-09-2026 00:29:33 [38;5;009m[ERROR]: [0mThis is a error message from thread 1318-09-2026 00:29:33 [38;5;117m[DEBUG]: [0mThis is a debug message from thread 1418-09-2026 00:29:33 [38;5;009m[ERROR]: [0mThis is a error message from thread 018-09-2026 00:29:33 [38;5;015m[INFO]: [0mThis is a info message from thread 2218-09-2026 00:29:33 [38;5;009m[ERROR]: [0mThis is a error message from thread 2418-09-2026 00:29:33 [38;5;117m[DEBUG]: [0mThis is a debug message from thread 118-09-2026 00:29:33 [38;5;117m[DEBUG]: [0mThis is a debug message from thread 818-09-2026 00:29:33 [38;5;015m[INFO]: [0mThis is a info message from thread 2018-09-2026 00:29:33 [38;5;015m[INFO]: [0mThis is a info message from thread 1518-09-2026 00:29:33 [38;5;117m[DEBUG]: [0mThis is a debug message from thread 1318-09-2026 00:29:33 [38;5;009m[ERROR]: [0mThis is a error message from thread 1618-09-2026 00:29:33 [38;5;009m[ERROR]: [0mThis is a error message from thread 2218-09-2026 00:29:33 [38;5;015m[INFO]: [0mThis is a info message from thread 2318-09-2026 00:29:33 [38;5;009m[ERROR]: [0mThis is a error message from thread 2618-09-2026 00:29:33 [38;5;117m[DEBUG]: [0mThis is a debug message from thread 1118-09-2026 00:29:33 [38;5;117m[DEBUG]: [0mThis is a debug message from thread 1218-09-2026 00:29:33 [38;5;117m[DEBUG]: [0mThis is a debug message from thread 1918-09-2026 00:29:33 [38;5;015m[INFO]: [0mThis is a info message from thread 618-09-2026 00:29:33 [38;5;009m[ERROR]: [0mThis is a error message from thread 1718-09-2026 00:29:33 [38;5;015m[INFO]: [0mThis is a info message from thread 118-09-2026 00:29:33 [38;5;015m[INFO]: [0mThis is a info message from thread 718-09-2026 00:29:33 [38;5;015m[INFO]: [0mThis is a info message from thread 1118-09-2026 00:29:33 [38;5;117m[DEBUG]: [0mThis is a debug message from thread 2218-09-2026 00:29:33 [38;5;117m[DEBUG]: [0mThis is a debug message from thread 2618-09-2026 00:29:33 [38;5;015m[INFO]: [0mThis is a info message from thread 2118-09-2026 00:29:33 [38;5;015m[INFO]: [0mThis is a info message from thread 2218-09-2026 00:29:33 [38;5;015m[INFO]: [0mThis is a info message from thread 818-09-2026 00:29:33 [38;5;009m[ERROR]: [0mThis is a error message from thread 918-09-2026 00:29:33 [38;5;117m[DEBUG]: [0mThis is a debug message from thread 1718-09-2026 00:29:33 [38;5;009m[ERROR]: [0mThis is a error message from thread 2218-09-2026 00:29:33 [38;5;009m[ERROR]: [0mThis is a error message from thread 618-09-2026 00:29:33 [38;5;015m[INFO]: [0mThis is a info message from thread 318-09-2026 00:29:33 [38;5;009m[ERROR]: [0mThis is a error message from thread 1118-09-2026 00:29:33 [38;5;117m[DEBUG]: [0mThis is a debug message from thread 2418-09-2026 00:29:33 [38;5;015m[INFO]: [0mThis is a info message from thread 2918-09-2026 00:29:33 [38;5;009m[ERROR]: [0mThis is a error message from thread 1018-09-2026 00:29:33 [38;5;117m[DEBUG]: [0mThis is a debug message from thread 2518-09-2026 00:29:33 [38;5;015m[INFO]: [0mThis is a info message from thread 1218-09-2026 00:29:33 [38;5;117m[DEBUG]: [0mThis is a debug message from thread 1618-09-2026 00:29:33 [38;5;015m[INFO]: [0mThis is a info message from thread 2418-09-2026 00:29:33 [38;5;117m[DEBUG]: [0mThis is a debug message from thread 2218-09-2026 00:29:33 [38;5;009m[ERROR]: [0mThis is a error message from thread 718-09-2026 00:29:33 [38;5;009m[ERROR]: [0mThis is a error message from thread 1218-09-2026 00:29:33 [38;5;009m[ERROR]: [0mThis is a error message from thread 2318-09-2026 00:29:33 [38;5;009m[ERROR]: [0mThis is a error message from thread 2418-09-2026 00:29:33 [38;5;009m[ERROR]: [0mThis is a error message from thread 2818-09-2026 00:29:33 [38;5;015m[INFO]: [0mThis is a info message from thread 1818-09-2026 00:29:33 [38;5;117m[DEBUG]: [0mThis is a debug message from thread 718-09-2026 00:29:33 [38;5;117m[DEBUG]: [0mThis is a debug message from thread 1218-09-2026 00:29:33 [38;5;015m[INFO]: [0mThis is a info message from thread 2518-09-2026 00:29:33 [38;5;015m[INFO]: [0mThis is a info message from thread 1618-09-2026 00:29:33 [38;5;117m[DEBUG]: [0mThis is a debug message from thread 2418-09-2026 00:29:33 [38;5;117m[DEBUG]: [0mThis is a debug message from thread 2318-09-2026 00:29:33 [38;5;117m[DEBUG]: [0mThis is a debug message from thread 018-09-2026 00:29:33 [38;5;015m[INFO]: [0mThis is a info message from thread 2218-09-2026 00:29:33 [38;5;015m[INFO]: [0mThis is a info message from thread 2318-09-2026 00:29:33 [38;5;009m[ERROR]: [0mThis is a error message from thread 1518-09-2026 00:29:33 [38;5;009m[ERROR]: [0mThis is a error message from thread 1618-09-2026 00:29:33 [38;5;009m[ERROR]: [0mThis is a error message from thread 2118-09-2026 00:29:33 [38;5;015m[INFO]: [0mThis is a info message from thread 1218-09-2026 00:29:33 [38;5;009m[ERROR]: [0mThis is a error message from thread 2018-09-2026 00:29:33 [38;5;009m[ERROR]: [0mThis is a error message from thread 1818-09-2026 00:29:33 [38;5;015m[INFO]: [0mThis is a info message from thread 2418-09-2026 00:29:33 [38;5;117m[DEBUG]: [0mThis is a debug message from thread 1518-09-2026 00:29:33 [38;5;117m[DEBUG]: [0mThis is a debug message from thread 1118-09-2026 00:29:33 [38;5;009m[ERROR]: [0mThis is a error message from thread 2918-09-2026 00:29:33 [38;5;015m[INFO]: [0mThis is a info message from thread 1318-09-2026 00:29:33 [38;5;117m[DEBUG]: [0mThis is a debug message from thread 1618-09-2026 00:29:33 [38;5;015m[INFO]: [0mThis is a info message from thread 1718-09-2026 00:29:33 [38;5;117m[DEBUG]: [0mThis is a debug message from thread 1818-09-2026 00:29:33 [38;5;117m[DEBUG]: [0mThis is a debug message from thread 2018-09-2026 00:29:33 [38;5;015m[INFO]: [0mThis is a info message from thread 1518-09-2026 00:29:33 [38;5;015m[INFO]: [0mThis is a info message from thread 418-09-2026 00:29:33 [38;5;117m[DEBUG]: [0mThis is a debug message from thread 618-09-2026 00:29:33 [38;5;015m[INFO]: [0mThis is a info message from thread 1118-09-2026 00:29:33 [38;5;009m[ERROR]: [0mThis is a error message from thread 118-09-2026 00:29:33 [38;5;117m[DEBUG]: [0mThis is a debug message from thread 918-09-2026 00:29:33 [38;5;015m[INFO]: [0mThis is a info message from thread 1618-09-2026 00:29:33 [38;5;009m[ERROR]: [0mThis is a error message from thread 2318-09-2026 00:29:33 [38;5;117m[DEBUG]: [0mThis is a debug message from thread 118-09-2026 00:29:33 [38;5;009m[ERROR]: [0mThis is a error message from thread 1618-09-2026 00:29:33 [38;5;015m[INFO]: [0mThis is a info message from thread 918-09-2026 00:29:33 [38;5;009m[ERROR]: [0mThis is a error message from thread 818-09-2026 00:29:33 [38;5;015m[INFO]: [0mThis is a info message from thread 1918-09-2026 00:29:33 [38;5;117m[DEBUG]: [0mThis is a debug message from thread 1018-09-2026 00:29:33 [38;5;009m[ERROR]: [0mThis is a error message from thread 1318-09-2026 00:29:33 [38;5;117m[DEBUG]: [0mThis is a debug message from thread 1618-09-2026 00:29:33 [38;5;015m[INFO]: [0mThis is a info message from thread 1018-09-2026 00:29:33 [38;5;015m[INFO]: [0mThis is a info message from thread 118-09-2026 00:29:33 [38;5;015m[INFO]: [0mThis is a info message from thread 2018-09-2026 00:29:33 [38;5;009m[ERROR]: [0mThis is a error message from thread 2418-09-2026 00:29:33 [38;5;009m[ERROR]: [0mThis is a error message from thread 1918-09-2026 00:29:33 [38;5;015m[INFO]: [0mThis is a info message from thread 1818-09-2026 00:29:33 [38;5;015m[INFO]: [0mThis is a info message from thread 718-09-2026 00:29:33 [38;5;117m[DEBUG]: [0mThis is a debug message from thread 1318-09-2026 00:29:33 [38;5;117m[DEBUG]: [0mThis is a debug message from thread 2818-09-2026 00:29:33 [38;5;117m[DEBUG]: [0mThis is a debug message from thread 2318-09-2026 00:29:33 [38;5;015m[INFO]: [0mThis is a info message from thread 1618-09-2026 00:29:33 [38;5;117m[DEBUG]: [0mThis is a debug message from thread 2118-09-2026 00:29:33 [38;5;009m[ERROR]: [0mThis is a error message from thread 318-09-2026 00:29:33 [38;5;015m[INFO]: [0mThis is a info message from thread 618-09-2026 00:29:33 [38;5;009m[ERROR]: [0mThis is a error message from thread 718-09-2026 00:29:33 [38;5;009m[ERROR]: [0mThis is a error message from thread 1718-09-2026 00:29:33 [38;5;117m[DEBUG]: [0mThis is a debug message from thread 318-09-2026 00:29:33 [38;5;117m[DEBUG]: [0mThis is a debug message from thread 818-09-2026 00:29:33 [38;5;117m[DEBUG]: [0mThis is a debug message from thread 2918-09-2026 00:29:33 [38;5;009m[ERROR]: [0mThis is a error message from thread 418-09-2026 00:29:33 [38;5;117m[DEBUG]: [0mThis is a debug message from thread 1918-09-2026 00:29:33 [38;5;015m[INFO]: [0mThis is a info message from thread 2118-09-2026 00:29:33 [38;5;009m[ERROR]: [0mThis is a error message from thread 2518-09-2026 00:29:33 [38;5;009m[ERROR]: [0mThis is a error message from thread 1518-09-2026 00:29:33 [38;5;009m[ERROR]: [0mThis is a error message from thread 1218-09-2026 00:29:33 [38;5;015m[INFO]: [0mThis is a info message from thread 2918-09-2026 00:29:33 [38;5;009m[ERROR]: [0mThis is a error message from thread 1818-09-2026 00:29:33 [38;5;009m[ERROR]: [0mThis is a error message from thread 1618-09-2026 00:29:33 [38;5;117m[DEBUG]: [0mThis is a debug message from thread 1218-09-2026 00:29:33 [38;5;117m[DEBUG]: [0mThis is a debug message from thread 1818-09-2026 00:29:33 [38;5;009m[ERROR]: [0mThis is a error message from thread 1018-09-2026 00:29:33 [38;5;117m[DEBUG]: [0mThis is a debug message from thread 2418-09-2026 00:29:33 [38;5;117m[DEBUG]: [0mThis is a debug message from thread 718-09-2026 00:29:33 [38;5;015m[INFO]: [0mThis is a info message from thread 2618-09-2026 00:29:33 [38;5;015m[INFO]: [0mThis is a info message from thread 1918-09-2026 00:29:33 [38;5;015m[INFO]: [0mThis is a info message from thread 818-09-2026 00:29:33 [38;5;009m[ERROR]: [0mThis is a error message from thread 1918-09-2026 00:29:33 [38;5;009m[ERROR]: [0mThis is a error message from thread 818-09-2026 00:29:33 [38;5;117m[DEBUG]: [0mThis is a debug message from thread 1518-09-2026 00:29:33 [38;5;009m[ERROR]: [0mThis is a error message from thread 618-09-2026 00:29:33 [38;5;015m[INFO]: [0mThis is a info message from thread 1518-09-2026 00:29:33 [38;5;015m[INFO]: [0mThis is a info message from thread 1418-09-2026 00:29:33 [38;5;117m[DEBUG]: [0mThis is a debug message from thread 618-09-2026 00:29:33 [38;5;009m[ERROR]: [0mThis is a error message from thread 1518-09-2026 00:29:33 [38;5;009m[ERROR]: [0mThis is a error message from thread 1418-09-2026 00:29:33 [38;5;015m[INFO]: [0mThis is a info message from thread 618-09-2026 00:29:33 [38;5;009m[ERROR]: [0mThis is a error message from thread 2018-09-2026 00:29:33 [38;5;009m[ERROR]: [0mThis is a error message from thread 2618-09-2026 00:29:33 [38;5;015m[INFO]: [0mThis is a info message from thread 2418-09-2026 00:29:33 [38;5;009m[ERROR]: [0mThis is a error message from thread 618-09-2026 00:29:33 [38;5;015m[INFO]: [0mThis is a info message from thread 218-09-2026 00:29:33 [38;5;009m[ERROR]: [0mThis is a error message from thread 918-09-2026 00:29:33 [38;5;117m[DEBUG]: [0mThis is a debug message from thread 1518-09-2026 00:29:33 [38;5;015m[INFO]: [0mThis is a info message from thread 2318-09-2026 00:29:33 [38;5;009m[ERROR]: [0mThis is a error message from thread 218-09-2026 00:29:33 [38;5;015m[INFO]: [0mThis is a info message from thread 1518-09-2026 00:29:33 [38;5;015m[INFO]: [0mThis is a info message from thread 1818-09-2026 00:29:33 [38;5;117m[DEBUG]: [0mThis is a debug message from thread 2018-09-2026 00:29:33 [38;5;009m[ERROR]: [0mThis is a error message from thread 2418-09-2026 00:29:33 [38;5;009m[ERROR]: [0mThis is a error message from thread 2318-09-2026 00:29:33 [38;5;009m[ERROR]: [0mThis is a error message from thread 1518-09-2026 00:29:33 [38;5;117m[DEBUG]: [0mThis is a debug message from thread 1718-09-2026 00:29:33 [38;5;009m[ERROR]: [0mThis is a error message from thread 1118-09-2026 00:29:33 [38;5;009m[ERROR]: [0mThis is a error message from thread 2118-09-2026 00:29:33 [38;5;117m[DEBUG]: [0mThis is a debug message from thread 2418-09-2026 00:29:33 [38;5;009m[ERROR]: [0mThis is a error message from thread 1818-09-2026 00:29:33 [38;5;117m[DEBUG]: [0mThis is a debug message from thread 418-09-2026 00:29:33 [38;5;015m[INFO]: [0mThis is a info message from thread 2018-09-2026 00:29:33 [38;5;117m[DEBUG]: [0mThis is a debug message from thread 518-09-2026 00:29:33 [38;5;015m[INFO]: [0mThis is a info message from thread 1318-09-2026 00:29:33 [38;5;117m[DEBUG]: [0mThis is a debug message from thread 1918-09-2026 00:29:33 [38;5;015m[INFO]: [0mThis is a info message from thread 018-09-2026 00:29:33 [38;5;015m[INFO]: [0mThis is a info message from thread 318-09-2026 00:29:33 [38;5;015m[INFO]: [0mThis is a info message from thread 2818-09-2026 00:29:33 [38;5;015m[INFO]: [0mThis is a info message from thread 1718-09-2026 00:29:33 [38;5;117m[DEBUG]: [0mThis is a debug message from thread 218-09-2026 00:29:33 [38;5;117m[DEBUG]: [0mThis is a debug message from thread 2318-09-2026 00:29:33 [38;5;117m[DEBUG]: [0mThis is a debug message from thread 918-09-2026 00:29:33 [38;5;009m[ERROR]: [0mThis is a error message from thread 2218-09-2026 00:29:33 [38;5;117m[DEBUG]: [0mThis is a debug message from thread 2618-09-2026 00:29:33 [38;5;009m[ERROR]: [0mThis is a error message from thread 118-09-2026 00:29:33 [38;5;117m[DEBUG]: [0mThis is a debug message from thread 2518-09-2026 00:29:33 [38;5;015m[INFO]: [0mThis is a info message from thread 2318-09-2026 00:29:33 [38;5;015m[INFO]: [0mThis is a info message from thread 1218-09-2026 00:29:33 [38;5;009m[ERROR]: [0mThis is a error message from thread 2918-09-2026 00:29:33 [38;5;015m[INFO]: [0mThis is a info message from thread 2418-09-2026 00:29:33 [38;5;009m[ERROR]: [0mThis is a error message from thread 2818-09-2026 00:29:33 [38;5;009m[ERROR]: [0mThis is a error message from thread 1718-09-2026 00:29:33 [38;5;015m[INFO]: [0mThis is a info message from thread 218-09-2026 00:29:33 [38;5;015m[INFO]: [0mThis is a info message from thread 2518-09-2026 00:29:33 [38;5;117m[DEBUG]: [0mThis is a debug message from thread 1118-09-2026 00:29:33 [38;5;015m[INFO]: [0mThis is a info message from thread 2618-09-2026 00:29:33 [38;5;009m[ERROR]: [0mThis is a error message from thread 018-09-2026 00:29:33 [38;5;015m[INFO]: [0mThis is a info message from thread 918-09-2026 00:29:33 [38;5;015m[INFO]: [0mThis is a info message from thread 1118-09-2026 00:29:33 [38;5;009m[ERROR]: [0mThis is a error message from thread 2318-09-2026 00:29:33 [38;5;009m[ERROR]: [0mThis is a error message from thread 2518-09-2026 00:29:33 [38;5;009m[ERROR]: [0mThis is a error message from thread 1118-09-2026 00:29:33 [38;5;009m[ERROR]: [0mThis is a error message from thread 218-09-2026 00:29:33 [38;5;009m[ERROR]: [0mThis is a error message from thread 1218-09-2026 00:29:33 [38;5;015m[INFO]: [0mThis is a info message from thread 418-09-2026 00:29:33 [38;5;009m[ERROR]: [0mThis is a error message from thread 918-09-2026 00:29:33 [38;5;117m[DEBUG]: [0mThis is a debug message from thread 2218-09-2026 00:29:33 [38;5;117m[DEBUG]: [0mThis is a debug message from thread 918-09-2026 00:29:33 [38;5;009m[ERROR]: [0mThis is a error message from thread 2418-09-2026 00:29:33 [38;5;117m[DEBUG]: [0mThis is a debug message from thread 1818-09-2026 00:29:33 [38;5;009m[ERROR]: [0mThis is a error message from thread 2718-09-2026 00:29:33 [38;5;117m[DEBUG]: [0mThis is a debug message from thread 1418-09-2026 00:29:33 [38;5;117m[DEBUG]: [0mThis is a debug message from thread 1118-09-2026 00:29:33 [38;5;117m[DEBUG]: [0mThis is a debug message from thread 1518-09-2026 00:29:33 [38;5;015m[INFO]: [0mThis is a info message from thread 918-09-2026 00:29:33 [38;5;015m[INFO]: [0mThis is a info message from thread 2218-09-2026 00:29:33 [38;5;015m[INFO]: [0mThis is a info message from thread 1918-09-2026 00:29:33 [38;5;015m[INFO]: [0mThis is a info message from thread 1118-09-2026 00:29:33 [38;5;117m[DEBUG]: [0mThis is a debug message from thread 018-09-2026 00:29:33 [38;5;015m[INFO]: [0mThis is a info message from thread 1518-09-2026 00:29:33 [38;5;015m[INFO]: [0mThis is a info message from thread 1418-09-2026 00:29:33 [38;5;009m[ERROR]: [0mThis is a error message from thread 2018-09-2026 00:29:33 [38;5;117m[DEBUG]: [0mThis is a debug message from thread 2418-09-2026 00:29:33 [38;5;015m[INFO]: [0mThis is a info message from thread 718-09-2026 00:29:33 [38;5;117m[DEBUG]: [0mThis is a debug message from thread 118-09-2026 00:29:33 [38;5;117m[DEBUG]: [0mThis is a debug message from thread 2918-09-2026 00:29:33 [38;5;015m[INFO]: [0mThis is a info message from thread 518-09-2026 00:29:33 [38;5;117m[DEBUG]: [0mThis is a debug message from thread 2118-09-2026 00:29:33 [38;5;009m[ERROR]: [0mThis is a error message from thread 1918-09-2026 00:29:33 [38;5;009m[ERROR]: [0mThis is a error message from thread 1418-09-2026 00:29:33 [38;5;009m[ERROR]: [0mThis is a error message from thread 2218-09-2026 00:29:33 [38;5;117m[DEBUG]: [0mThis is a debug message from thread 1218-09-2026 00:29:33 [38;5;117m[DEBUG]: [0mThis is a debug message from thread 2318-09-2026 00:29:33 [38;5;009m[ERROR]: [0mThis is a error message from thread 518-09-2026 00:29:33 [38;5;015m[INFO]: [0mThis is a info message from thread 118-09-2026 00:29:33 [38;5;015m[INFO]: [0mThis is a info message from thread 2918-09-2026 00:29:33 [38;5;117m[DEBUG]: [0mThis is a debug message from thread 218-09-2026 00:29:33 [38;5;015m[INFO]: [0mThis is a info message from thread 2118-09-2026 00:29:33 [38;5;009m[ERROR]: [0mThis is a error message from thread 718-09-2026 00:29:33 [38;5;009m[ERROR]: [0mThis is a error message from thread 418-09-2026 00:29:33 [38;5;117m[DEBUG]: [0mThis is a debug message from thread 1018-09-2026 00:29:33 [38;5;015m[INFO]: [0mThis is a info message from thread 2318-09-2026 00:29:33 [38;5;009m[ERROR]: [0mThis is a error message from thread 1318-09-2026 00:29:33 [38;5;009m[ERROR]: [0mThis is a error message from thread 2618-09-2026 00:29:33 [38;5;015m[INFO]: [0mThis is a info message from thread 1018-09-2026 00:29:33 [38;5;009m[ERROR]: [0mThis is a error message from thread 1518-09-2026 00:29:33 [38;5;015m[INFO]: [0mThis is a info message from thread 218-09-2026 00:29:33 [38;5;009m[ERROR]: [0mThis is a error message from thread 318-09-2026 00:29:33 [38;5;009m[ERROR]: [0mThis is a error message from thread 2118-09-2026 00:29:33 [38;5;117m[DEBUG]: [0mThis is a debug message from thread 1918-09-2026 00:29:33 [38;5;015m[INFO]: [0mThis is a info message from thread 2418-09-2026 00:29:33 [38;5;009m[ERROR]: [0mThis is a error message from thread 2918-09-2026 00:29:33 [38;5;015m[INFO]: [0mThis is a info message from thread 1818-09-2026 00:29:33 [38;5;009m[ERROR]: [0mThis is a error message from thread 218-09-2026 00:29:33 [38;5;009m[ERROR]: [0mThis is a error message from thread 918-09-2026 00:29:33 [38;5;009m[ERROR]: [0mThis is a error message from thread 1118-09-2026 00:29:33 [38;5;117m[DEBUG]: [0mThis is a debug message from thread 318-09-2026 00:29:33 [38;5;117m[DEBUG]: [0mThis is a debug message from thread 2718-09-2026 00:29:33 [38;5;009m[ERROR]: [0mThis is a error message from thread 1018-09-2026 00:29:33 [38;5;117m[DEBUG]: [0mThis is a debug message from thread 1418-09-2026 00:29:33 [38;5;117m[DEBUG]: [0mThis is a debug message from thread 818-09-2026 00:29:33 [38;5;117m[DEBUG]: [0mThis is a debug message from thread 2118-09-2026 00:29:33 [38;5;015m[INFO]: [0mThis is a info message from thread 1918-09-2026 00:29:33 [38;5;117m[DEBUG]: [0mThis is a debug message from thread 718-09-2026 00:29:33 [38;5;117m[DEBUG]: [0mThis is a debug message from thread 1018-09-2026 00:29:33 [38;5;117m[DEBUG]: [0mThis is a debug message from thread 2518-09-2026 00:29:33 [38;5;009m[ERROR]: [0mThis is a error message from thread 1818-09-2026 00:29:33 [38;5;117m[DEBUG]: [0mThis is a debug message from thread 2618-09-2026 00:29:33 [38;5;015m[INFO]: [0mThis is a info message from thread 2118-09-2026 00:29:33 [38;5;117m[DEBUG]: [0mThis is a debug message from thread 2918-09-2026 00:29:33 [38;5;117m[DEBUG]: [0mThis is a debug message from thread 918-09-2026 00:29:33 [38;5;117m[DEBUG]: [0mThis is a debug message from thread 418-09-2026 00:29:33 [38;5;015m[INFO]: [0mThis is a info message from thread 818-09-2026 00:29:33 [38;5;117m[DEBUG]: [0mThis is a debug message from thread 1818-09-2026 00:29:33 [38;5;015m[INFO]: [0mThis is a info message from thread 418-09-2026 00:29:33 [38;5;015m[INFO]: [0mThis is a info message from thread 2518-09-2026 00:29:33 [38;5;009m[ERROR]: [0mThis is a error message from thread 2418-09-2026 00:29:33 [38;5;117m[DEBUG]: [0mThis is a debug message from thread 518-09-2026 00:29:33 [38;5;009m[ERROR]: [0mThis is a error message from thread 1918-09-2026 00:29:33 [38;5;117m[DEBUG]: [0mThis is a debug message from thread 2018-09-2026 00:29:33 [38;5;015m[INFO]: [0mThis is a info message from thread 1418-09-2026 00:29:33 [38;5;015m[INFO]: [0mThis is a info message from thread 718-09-2026 00:29:33 [38;5;015m[INFO]: [0mThis is a info message from thread 918-09-2026 00:29:33 [38;5;117m[DEBUG]: [0mThis is a debug message from thread 1118-09-2026 00:29:33 [38;5;117m[DEBUG]: [0mThis is a debug message from thread 618-09-2026 00:29:33 [38;5;015m[INFO]: [0mThis is a info message from thread 518-09-2026 00:29:33 [38;5;015m[INFO]: [0mThis is a info message from thread 2718-09-2026 00:29:33 [38;5;015m[INFO]: [0mThis is a info message from thread 1818-09-2026 00:29:33 [38;5;015m[INFO]: [0mThis is a info message from thread 2618-09-2026 00:29:33 [38;5;015m[INFO]: [0mThis is a info message from thread 1018-09-2026 00:29:33 [38;5;117m[DEBUG]: [0mThis is a debug message from thread 1518-09-2026 00:29:33 [38;5;015m[INFO]: [0mThis is a info message from thread 018-09-2026 00:29:33 [38;5;009m[ERROR]: [0mThis is a error message from thread 518-09-2026 00:29:33 [38;5;117m[DEBUG]: [0mThis is a debug message from thread 1918-09-2026 00:29:33 [38;5;009m[ERROR]: [0mThis is a error message from thread 2718-09-2026 00:29:33 [38;5;009m[ERROR]: [0mThis is a error message from thread 1018-09-2026 00:29:33 [38;5;009m[ERROR]: [0mThis is a error message from thread 718-09-2026 00:29:33 [38;5;015m[INFO]: [0mThis is a info message from thread 1518-09-2026 00:29:33 [38;5;117m[DEBUG]: [0mThis is a debug message from thread 718-09-2026 00:29:33 [38;5;009m[ERROR]: [0mThis is a error message from thread 1818-09-2026 00:29:33 [38;5;117m[DEBUG]: [0mThis is a debug message from thread 1018-09-2026 00:29:33 [38;5;009m[ERROR]: [0mThis is a error message from thread 018-09-2026 00:29:33 [38;5;009m[ERROR]: [0mThis is a error message from thread 2618-09-2026 00:29:33 [38;5;009m[ERROR]: [0mThis is a error message from thread 118-09-2026 00:29:33 [38;5;117m[DEBUG]: [0mThis is a debug message from thread 1718-09-2026 00:29:33 [38;5;009m[ERROR]: [0mThis is a error message from thread 2118-09-2026 00:29:33 [38;5;009m[ERROR]: [0mThis is a error message from thread 818-09-2026 00:29:33 [38;5;015m[INFO]: [0mThis is a info message from thread 718-09-2026 00:29:33 [38;5;015m[INFO]: [0mThis is a info message from thread 318-09-2026 00:29:33 [38;5;015m[INFO]: [0mThis is a info message from thread 1018-09-2026 00:29:33 [38;5;015m[INFO]: [0mThis is a info message from thread 2918-09-2026 00:29:33 [38;5;009m[ERROR]: [0mThis is a error message from thread 1418-09-2026 00:29:33 [38;5;117m[DEBUG]: [0mThis is a debug message from thread 818-09-2026 00:29:33 [38;5;009m[ERROR]: [0mThis is a error message from thread 718-09-2026 00:29:33 [38;5;117m[DEBUG]: [0mThis is a debug message from thread 118-09-2026 00:29:33 [38;5;009m[ERROR]: [0mThis is a error message from thread 2318-09-2026 00:29:33 [38;5;009m[ERROR]: [0mThis is a error message from thread 1018-09-2026 00:29:33 [38;5;117m[DEBUG]: [0mThis is a debug message from thread 718-09-2026 00:29:33 [38;5;117m[DEBUG]: [0mThis is a debug message from thread 1618-09-2026 00:29:33 [38;5;117m[DEBUG]: [0mThis is a debug message from thread 2618-09-2026 00:29:33 [38;5;117m[DEBUG]: [0mThis is a debug message from thread 2318-09-2026 00:29:33 [38;5;015m[INFO]: [0mThis is a info message from thread 118-09-2026 00:29:33 [38;5;117m[DEBUG]: [0mThis is a debug message from thread 1318-09-2026 00:29:33 [38;5;117m[DEBUG]: [0mThis is a debug message from thread 2418-09-2026 00:29:33 [38;5;009m[ERROR]: [0mThis is a error message from thread 418-09-2026 00:29:33 [38;5;009m[ERROR]: [0mThis is a error message from thread 318-09-2026 00:29:33 [38;5;117m[DEBUG]: [0mThis is a debug message from thread 1818-09-2026 00:29:33 [38;5;117m[DEBUG]: [0mThis is a debug message from thread 018-09-2026 00:29:33 [38;5;015m[INFO]: [0mThis is a info message from thread 1218-09-2026 00:29:33 [38;5;009m[ERROR]: [0mThis is a error message from thread 918-09-2026 00:29:33 [38;5;117m[DEBUG]: [0mThis is a debug message from thread 218-09-2026 00:29:33 [38;5;015m[INFO]: [0mThis is a info message from thread 818-09-2026 00:29:33 [38;5;117m[DEBUG]: [0mThis is a debug message from thread 518-09-2026 00:29:33 [38;5;117m[DEBUG]: [0mThis is a debug message from thread 918-09-2026 00:29:33 [38;5;015m[INFO]: [0mThis is a info message from thread 018-09-2026 00:29:33 [38;5;117m[DEBUG]: [0mThis is a debug message from thread 418-09-2026 00:29:33 [38;5;015m[INFO]: [0mThis is a info message from thread 2418-09-2026 00:29:33 [38;5;015m[INFO]: [0mThis is a info message from thread 1318-09-2026 00:29:33 [38;5;015m[INFO]: [0mThis is a info message from thread 1818-09-2026 00:29:33 [38;5;009m[ERROR]: [0mThis is a error message from thread 1818-09-2026 00:29:33 [38;5;009m[ERROR]: [0mThis is a error message from thread 1318-09-2026 00:29:33 [38;5;015m[INFO]: [0mThis is a info message from thread 218-09-2026 00:29:33 [38;5;009m[ERROR]: [0mThis is a error message from thread 2418-09-2026 00:29:33 [38;5;117m[DEBUG]: [0mThis is a debug message from thread 2418-09-2026 00:29:33 [38;5;117m[DEBUG]: [0mThis is a debug message from thread 1318-09-2026 00:29:33 [38;5;009m[ERROR]: [0mThis is a error message from thread 818-09-2026 00:29:33 [38;5;015m[INFO]: [0mThis is a info message from thread 418-09-2026 00:29:33 [38;5;009m[ERROR]: [0mThis is a error message from thread 218-09-2026 00:29:33 [38;5;009m[ERROR]: [0mThis is a error message from thread 018-09-2026 00:29:33 [38;5;117m[DEBUG]: [0mThis is a debug message from thread 318-09-2026 00:29:33 [38;5;117m[DEBUG]: [0mThis is a debug message from thread 1018-09-2026 00:29:33 [38;5;015m[INFO]: [0mThis is a info message from thread 518-09-2026 00:29:33 [38;5;015m[INFO]: [0mThis is a info message from thread 1018-09-2026 00:29:33 [38;5;015m[INFO]: [0mThis is a info message from thread 318-09-2026 00:29:33 [38;5;015m[INFO]: [0mThis is a info message from thread 718-09-2026 00:29:33 [38;5;009m[ERROR]: [0mThis is a error message from thread 1218-09-2026 00:29:33 [38;5;009m[ERROR]: [0mThis is a error message from thread 1018-09-2026 00:29:33 [38;5;015m[INFO]: [0mThis is a info message from thread 2418-09-2026 00:29:33 [38;5;117m[DEBUG]: [0mThis is a debug message from thread 1018-09-2026 00:29:33 [38;5;117m[DEBUG]: [0mThis is a debug message from thread 018-09-2026 00:29:33 [38;5;117m[DEBUG]: [0mThis is a debug message from thread 818-09-2026 00:29:33 [38;5;009m[ERROR]: [0mThis is a error message from thread 1518-09-2026 00:29:33 [38;5;117m[DEBUG]: [0mThis is a debug message from thread 2218-09-2026 00:29:33 [38;5;009m[ERROR]: [0mThis is a error message from thread 518-09-2026 00:29:33 [38;5;015m[INFO]: [0mThis is a info message from thread 018-09-2026 00:29:33 [38;5;015m[INFO]: [0mThis is a info message from thread 1018-09-2026 00:29:33 [38;5;015m[INFO]: [0mThis is a info message from thread 1918-09-2026 00:29:33 [38;5;009m[ERROR]: [0mThis is a error message from thread 718-09-2026 00:29:33 [38;5;117m[DEBUG]: [0mThis is a debug message from thread 1218-09-2026 00:29:33 [38;5;015m[INFO]: [0mThis is a info message from thread 818-09-2026 00:29:33 [38;5;015m[INFO]: [0mThis is a info message from thread 2318-09-2026 00:29:33 [38;5;015m[INFO]: [0mThis is a info message from thread 918-09-2026 00:29:33 [38;5;009m[ERROR]: [0mThis is a error message from thread 018-09-2026 00:29:33 [38;5;009m[ERROR]: [0mThis is a error message from thread 1918-09-2026 00:29:33 [38;5;117m[DEBUG]: [0mThis is a debug message from thread 1518-09-2026 00:29:33 [38;5;015m[INFO]: [0mThis is a info message from thread 1518-09-2026 00:29:33 [38;5;117m[DEBUG]: [0mThis is a debug message from thread 018-09-2026 00:29:33 [38;5;009m[ERROR]: [0mThis is a error message from thread 2918-09-2026 00:29:33 [38;5;117m[DEBUG]: [0mThis is a debug message from thread 2718-09-2026 00:29:33 [38;5;009m[ERROR]: [0mThis is a error message from thread 118-09-2026 00:29:33 [38;5;009m[ERROR]: [0mThis is a error message from thread 1518-09-2026 00:29:33 [38;5;015m[INFO]: [0mThis is a info message from thread 2018-09-2026 00:29:33 [38;5;117m[DEBUG]: [0mThis is a debug message from thread 1418-09-2026 00:29:33 [38;5;009m[ERROR]: [0mThis is a error message from thread 2518-09-2026 00:29:33 [38;5;009m[ERROR]: [0mThis is a error message from thread 818-09-2026 00:29:33 [38;5;015m[INFO]: [0mThis is a info message from thread 1118-09-2026 00:29:33 [38;5;117m[DEBUG]: [0mThis is a debug message from thread 1918-09-2026 00:29:33 [38;5;117m[DEBUG]: [0mThis is a debug message from thread 2118-09-2026 00:29:33 [38;5;009m[ERROR]: [0mThis is a error message from thread 918-09-2026 00:29:33 [38;5;015m[INFO]: [0mThis is a info message from thread 018-09-2026 00:29:33 [38;5;009m[ERROR]: [0mThis is a error message from thread 318-09-2026 00:29:33 [38;5;009m[ERROR]: [0mThis is a error message from thread 1018-09-2026 00:29:33 [38;5;009m[ERROR]: [0mThis is a error message from thread 2418-09-2026 00:29:33 [38;5;015m[INFO]: [0mThis is a info message from thread 2118-09-2026 00:29:33 [38;5;015m[INFO]: [0mThis is a info message from thread 1718-09-2026 00:29:33 [38;5;117m[DEBUG]: [0mThis is a debug message from thread 2418-09-2026 00:29:33 [38;5;015m[INFO]: [0mThis is a info message from thread 618-09-2026 00:29:33 [38;5;117m[DEBUG]: [0mThis is a debug message from thread 818-09-2026 00:29:33 [38;5;015m[INFO]: [0mThis is a info message from thread 2418-09-2026 00:29:33 [38;5;117m[DEBUG]: [0mThis is a debug message from thread 2518-09-2026 00:29:33 [38;5;009m[ERROR]: [0mThis is a error message from thread 018-09-2026 00:29:33 [38;5;117m[DEBUG]: [0mThis is a debug message from thread 518-09-2026 00:29:33 [38;5;117m[DEBUG]: [0mThis is a debug message from thread 318-09-2026 00:29:33 [38;5;015m[INFO]: [0mThis is a info message from thread 818-09-2026 00:29:33 [38;5;009m[ERROR]: [0mThis is a error message from thread 618-09-2026 00:29:33 [38;5;117m[DEBUG]: [0mThis is a debug message from thread 718-09-2026 00:29:33 [38;5;117m[DEBUG]: [0mThis is a debug message from thread 018-09-2026 00:29:33 [38;5;009m[ERROR]: [0mThis is a error message from thread 418-09-2026 00:29:33 [38;5;015m[INFO]: [0mThis is a info message from thread 518-09-2026 00:29:33 [38;5;009m[ERROR]: [0mThis is a error message from thread 818-09-2026 00:29:33 [38;5;009m[ERROR]: [0mThis is a error message from thread 2118-09-2026 00:29:33 [38;5;117m[DEBUG]: [0mThis is a debug message from thread 918-09-2026 00:29:33 [38;5;117m[DEBUG]: [0mThis is a debug message from thread 218-09-2026 00:29:33 [38;5;015m[INFO]: [0mThis is a info message from thread 018-09-2026 00:29:33 [38;5;015m[INFO]: [0mThis is a info message from thread 318-09-2026 00:29:33 [38;5;117m[DEBUG]: [0mThis is a debug message from thread 2918-09-2026 00:29:33 [38;5;117m[DEBUG]: [0mThis is a debug message from thread 2118-09-2026 00:29:33 [38;5;015m[INFO]: [0mThis is a info message from thread 1918-09-2026 00:29:33 [38;5;015m[INFO]: [0mThis is a info message from thread 218-09-2026 00:29:33 [38;5;117m[DEBUG]: [0mThis is a debug message from thread 818-09-2026 00:29:33 [38;5;015m[INFO]: [0mThis is a info message from thread 2918-09-2026 00:29:33 [38;5;117m[DEBUG]: [0mThis is a debug message from thread 2818-09-2026 00:29:33 [38;5;009m[ERROR]: [0mThis is a error message from thread 018-09-2026 00:29:33 [38;5;015m[INFO]: [0mThis is a info message from thread 818-09-2026 00:29:33 [38;5;015m[INFO]: [0mThis is a info message from thread 1318-09-2026 00:29:33 [38;5;009m[ERROR]: [0mThis is a error message from thread 218-09-2026 00:29:33 [38;5;009m[ERROR]: [0mThis is a error message from thread 2918-09-2026 00:29:33 [38;5;015m[INFO]: [0mThis is a info message from thread 2818-09-2026 00:29:33 [38;5;117m[DEBUG]: [0mThis is a debug message from thread 118-09-2026 00:29:33 [38;5;015m[INFO]: [0mThis is a info message from thread 2118-09-2026 00:29:33 [38;5;015m[INFO]: [0mThis is a info message from thread 2618-09-2026 00:29:33 [38;5;015m[INFO]: [0mThis is a info message from thread 2218-09-2026 00:29:33 [38;5;015m[INFO]: [0mThis is a info message from thread 2518-09-2026 00:29:33 [38;5;015m[INFO]: [0mThis is a info message from thread 2718-09-2026 00:29:33 [38;5;009m[ERROR]: [0mThis is a error message from thread 818-09-2026 00:29:33 [38;5;117m[DEBUG]: [0mThis is a debug message from thread 1018-09-2026 00:29:33 [38;5;009m[ERROR]: [0mThis is a error message from thread 1118-09-2026 00:29:33 [38;5;117m[DEBUG]: [0mThis is a debug message from thread 818-09-2026 00:29:33 [38;5;009m[ERROR]: [0mThis is a error message from thread 2818-09-2026 00:29:33 [38;5;015m[INFO]: [0mThis is a info message from thread 1418-09-2026 00:29:33 [38;5;015m[INFO]: [0mThis is a info message from thread 1218-09-2026 00:29:33 [38;5;009m[ERROR]: [0mThis is a error message from thread 2618-09-2026 00:29:33 [38;5;117m[DEBUG]: [0mThis is a debug message from thread 1118-09-2026 00:29:33 [38;5;015m[INFO]: [0mThis is a info message from thread 818-09-2026 00:29:33 [38;5;117m[DEBUG]: [0mThis is a debug message from thread 2818-09-2026 00:29:33 [38;5;117m[DEBUG]: [0mThis is a debug message from thread 218-09-2026 00:29:33 [38;5;009m[ERROR]: [0mThis is a error message from thread 2018-09-2026 00:29:33 [38;5;009m[ERROR]: [0mThis is a error message from thread 318-09-2026 00:29:33 [38;5;117m[DEBUG]: [0mThis is a debug message from thread 418-09-2026 00:29:33 [38;5;117m[DEBUG]: [0mThis is a debug message from thread 2018-09-2026 00:29:33 [38;5;117m[DEBUG]: [0mThis is a debug message from thread 318-09-2026 00:29:33 [38;5;015m[INFO]: [0mThis is a info message from thread 318-09-2026 00:29:33 [38;5;117m[DEBUG]: [0mThis is a debug message from thread 1518-09-2026 00:29:33 [38;5;009m[ERROR]: [0mThis is a error message from thread 318-09-2026 00:29:33 [38;5;015m[INFO]: [0mThis is a info message from thread 1518-09-2026 00:29:33 [38;5;117m[DEBUG]: [0mThis is a debug message from thread 318-09-2026 00:29:33 [38;5;009m[ERROR]: [0mThis is a error message from thread 2418-09-2026 00:29:33 [38;5;015m[INFO]: [0mThis is a info message from thread 318-09-2026 00:29:33 [38;5;117m[DEBUG]: [0mThis is a debug message from thread 2418-09-2026 00:29:33 [38;5;009m[ERROR]: [0mThis is a error message from thread 318-09-2026 00:29:33 [38;5;015m[INFO]: [0mThis is a info message from thread 118-09-2026 00:29:33 [38;5;015m[INFO]: [0mThis is a info message from thread 2418-09-2026 00:29:33 [38;5;117m[DEBUG]: [0mThis is a debug message from thread 2918-09-2026 00:29:33 [38;5;117m[DEBUG]: [0mThis is a debug message from thread 318-09-2026 00:29:33 [38;5;009m[ERROR]: [0mThis is a error message from thread 118-09-2026 00:29:33 [38;5;015m[INFO]: [0mThis is a info message from thread 1618-09-2026 00:29:33 [38;5;015m[INFO]: [0mThis is a info message from thread 2918-09-2026 00:29:33 [38;5;009m[ERROR]: [0mThis is a error message from thread 2418-09-2026 00:29:33 [38;5;117m[DEBUG]: [0mThis is a debug message from thread 118-09-2026 00:29:33 [38;5;009m[ERROR]: [0mThis is a error message from thread 1618-09-2026 00:29:33 [38;5;009m[ERROR]: [0mThis is a error message from thread 2918-09-2026 00:29:33 [38;5;015m[INFO]: [0mThis is a info message from thread 118-09-2026 00:29:33 [38;5;117m[DEBUG]: [0mThis is a debug message from thread 1618-09-2026 00:29:33 [38;5;117m[DEBUG]: [0mThis is a debug message from thread 2418-09-2026 00:29:33 [38;5;009m[ERROR]: [0mThis is a error message from thread 1418-09-2026 00:29:33 [38;5;009m[ERROR]: [0mThis is a error message from thread 1218-09-2026 00:29:33 [38;5;009m[ERROR]: [0mThis is a error message from thread 518-09-2026 00:29:33 [38;5;009m[ERROR]: [0mThis is a error message from thread 2118-09-2026 00:29:33 [38;5;009m[ERROR]: [0mThis is a error message from thread 2318-09-2026 00:29:33 [38;5;015m[INFO]: [0mThis is a info message from thread 918-09-2026 00:29:33 [38;5;015m[INFO]: [0mThis is a info message from thread 418-09-2026 00:29:33 [38;5;117m[DEBUG]: [0mThis is a debug message from thread 2618-09-2026 00:29:33 [38;5;009m[ERROR]: [0mThis is a error message from thread 1918-09-2026 00:29:33 [38;5;117m[DEBUG]: [0mThis is a debug message from thread 1918-09-2026 00:29:33 [38;5;015m[INFO]: [0mThis is a info message from thread 1018-09-2026 00:29:33 [38;5;117m[DEBUG]: [0mThis is a debug message from thread 1818-09-2026 00:29:33 [38;5;009m[ERROR]: [0mThis is a error message from thread 1018-09-2026 00:29:33 [38;5;015m[INFO]: [0mThis is a info message from thread 1818-09-2026 00:29:33 [38;5;117m[DEBUG]: [0mThis is a debug message from thread 1018-09-2026 00:29:33 [38;5;009m[ERROR]: [0mThis is a error message from thread 1818-09-2026 00:29:33 [38;5;117m[DEBUG]: [0mThis is a debug message from thread 2918-09-2026 00:29:33 [38;5;015m[INFO]: [0mThis is a info message from thread 1018-09-2026 00:29:33 [38;5;117m[DEBUG]: [0mThis is a debug message from thread 1818-09-2026 00:29:33 [38;5;015m[INFO]: [0mThis is a info message from thread 2918-09-2026 00:29:33 [38;5;009m[ERROR]: [0mThis is a error message from thread 1018-09-2026 00:29:33 [38;5;015m[INFO]: [0mThis is a info message from thread 1818-09-2026 00:29:33 [38;5;117m[DEBUG]: [0mThis is a debug message from thread 1018-09-2026 00:29:33 [38;5;009m[ERROR]: [0mThis is a error message from thread 1818-09-2026 00:29:33 [38;5;015m[INFO]: [0mThis is a info message from thread 1018-09-2026 00:29:33 [38;5;009m[ERROR]: [0mThis is a error message from thread 118-09-2026 00:29:33 [38;5;009m[ERROR]: [0mThis is a error message from thread 2918-09-2026 00:29:33 [38;5;117m[DEBUG]: [0mThis is a debug message from thread 2918-09-2026 00:29:33 [38;5;009m[ERROR]: [0mThis is a error message from thread 1018-09-2026 00:29:33 [38;5;009m[ERROR]: [0mThis is a error message from thread 818-09-2026 00:29:33 [38;5;117m[DEBUG]: [0mThis is a debug message from thread 118-09-2026 00:29:33 [38;5;117m[DEBUG]: [0mThis is a debug message from thread 1018-09-2026 00:29:33 [38;5;015m[INFO]: [0mThis is a info message from thread 2018-09-2026 00:29:33 [38;5;117m[DEBUG]: [0mThis is a debug message from thread 818-09-2026 00:29:33 [38;5;015m[INFO]: [0mThis is a info message from thread 2918-09-2026 00:29:33 [38;5;015m[INFO]: [0mThis is a info message from thread 118-09-2026 00:29:33 [38;5;015m[INFO]: [0mThis is a info message from thread 218-09-2026 00:29:33 [38;5;009m[ERROR]: [0mThis is a error message from thread 2018-09-2026 00:29:33 [38;5;015m[INFO]: [0mThis is a info message from thread 818-09-2026 00:29:33 [38;5;117m[DEBUG]: [0mThis is a debug message from thread 2318-09-2026 00:29:33 [38;5;009m[ERROR]: [0mThis is a error message from thread 818-09-2026 00:29:33 [38;5;015m[INFO]: [0mThis is a info message from thread 718-09-2026 00:29:33 [38;5;015m[INFO]: [0mThis is a info message from thread 2318-09-2026 00:29:33 [38;5;015m[INFO]: [0mThis is a info message from thread 1918-09-2026 00:29:33 [38;5;015m[INFO]: [0mThis is a info message from thread 318-09-2026 00:29:33 [38;5;009m[ERROR]: [0mThis is a error message from thread 2318-09-2026 00:29:33 [38;5;009m[ERROR]: [0mThis is a error message from thread 2218-09-2026 00:29:33 [38;5;117m[DEBUG]: [0mThis is a debug message from thread 2318-09-2026 00:29:33 [38;5;117m[DEBUG]: [0mThis is a debug message from thread 2218-09-2026 00:29:33 [38;5;009m[ERROR]: [0mThis is a error message from thread 1318-09-2026 00:29:33 [38;5;009m[ERROR]: [0mThis is a error message from thread 118-09-2026 00:29:33 [38;5;015m[INFO]: [0mThis is a info message from thread 2218-09-2026 00:29:33 [38;5;117m[DEBUG]: [0mThis is a debug message from thread 1318-09-2026 00:29:33 [38;5;009m[ERROR]: [0mThis is a error message from thread 718-09-2026 00:29:33 [38;5;117m[DEBUG]: [0mThis is a debug message from thread 618-09-2026 00:29:33 [38;5;009m[ERROR]: [0mThis is a error message from thread 2718-09-2026 00:29:33 [38;5;117m[DEBUG]: [0mThis is a debug message from thread 818-09-2026 00:29:33 [38;5;009m[ERROR]: [0mThis is a error message from thread 218-09-2026 00:29:33 [38;5;009m[ERROR]: [0mThis is a error message from thread 1918-09-2026 00:29:33 [38;5;117m[DEBUG]: [0mThis is a debug message from thread 018-09-2026 00:29:33 [38;5;117m[DEBUG]: [0mThis is a debug message from thread 1818-09-2026 00:29:33 [38;5;117m[DEBUG]: [0mThis is a debug message from thread 2718-09-2026 00:29:33 [38;5;015m[INFO]: [0mThis is a info message from thread 818-09-2026 00:29:33 [38;5;117m[DEBUG]: [0mThis is a debug message from thread 718-09-2026 00:29:33 [38;5;117m[DEBUG]: [0mThis is a debug message from thread 118-09-2026 00:29:33 [38;5;117m[DEBUG]: [0mThis is a debug message from thread 218-09-2026 00:29:33 [38;5;009m[ERROR]: [0mThis is a error message from thread 1718-09-2026 00:29:33 [38;5;015m[INFO]: [0mThis is a info message from thread 018-09-2026 00:29:33 [38;5;015m[INFO]: [0mThis is a info message from thread 1818-09-2026 00:29:33 [38;5;117m[DEBUG]: [0mThis is a debug message from thread 1218-09-2026 00:29:33 [38;5;015m[INFO]: [0mThis is a info message from thread 2418-09-2026 00:29:33 [38;5;015m[INFO]: [0mThis is a info message from thread 1618-09-2026 00:29:33 [38;5;015m[INFO]: [0mThis is a info message from thread 1018-09-2026 00:29:33 [38;5;009m[ERROR]: [0mThis is a error message from thread 2918-09-2026 00:29:33 [38;5;015m[INFO]: [0mThis is a info message from thread 1218-09-2026 00:29:33 [38;5;015m[INFO]: [0mThis is a info message from thread 2718-09-2026 00:29:33 [38;5;015m[INFO]: [0mThis is a info message from thread 218-09-2026 00:29:33 [38;5;117m[DEBUG]: [0mThis is a debug message from thread 2118-09-2026 00:29:33 [38;5;009m[ERROR]: [0mThis is a error message from thread 2718-09-2026 00:29:33 [38;5;009m[ERROR]: [0mThis is a error message from thread 818-09-2026 00:29:33 [38;5;015m[INFO]: [0mThis is a info message from thread 2118-09-2026 00:29:33 [38;5;009m[ERROR]: [0mThis is a error message from thread 1818-09-2026 00:29:33 [38;5;009m[ERROR]: [0mThis is a error message from thread 2118-09-2026 00:29:33 [38;5;117m[DEBUG]: [0mThis is a debug message from thread 2718-09-2026 00:29:33 [38;5;117m[DEBUG]: [0mThis is a debug message from thread 1718-09-2026 00:29:33 [38;5;117m[DEBUG]: [0mThis is a debug message from thread 1918-09-2026 00:29:33 [38;5;117m[DEBUG]: [0mThis is a debug message from thread 2118-09-2026 00:29:33 [38;5;015m[INFO]: [0mThis is a info message from thread 2618-09-2026 00:29:33 [38;5;015m[INFO]: [0mThis is a info message from thread 2318-09-2026 00:29:33 [38;5;009m[ERROR]: [0mThis is a error message from thread 318-09-2026 00:29:33 [38;5;117m[DEBUG]: [0mThis is a debug message from thread 818-09-2026 00:29:33 [38;5;009m[ERROR]: [0mThis is a error message from thread 2318-09-2026 00:29:33 [38;5;015m[INFO]: [0mThis is a info message from thread 1718-09-2026 00:29:33 [38;5;117m[DEBUG]: [0mThis is a debug message from thread 318-09-2026 00:29:33 [38;5;015m[INFO]: [0mThis is a info message from thread 818-09-2026 00:29:33 [38;5;015m[INFO]: [0mThis is a info message from thread 2818-09-2026 00:29:33 [38;5;009m[ERROR]: [0mThis is a error message from thread 1218-09-2026 00:29:33 [38;5;009m[ERROR]: [0mThis is a error message from thread 2818-09-2026 00:29:33 [38;5;009m[ERROR]: [0mThis is a error message from thread 2418-09-2026 00:29:33 [38;5;117m[DEBUG]: [0mThis is a debug message from thread 2818-09-2026 00:29:33 [38;5;009m[ERROR]: [0mThis is a error message from thread 1618-09-2026 00:29:33 [38;5;117m[DEBUG]: [0mThis is a debug message from thread 2418-09-2026 00:29:33 [38;5;009m[ERROR]: [0mThis is a error message from thread 818-09-2026 00:29:33 [38;5;117m[DEBUG]: [0mThis is a debug message from thread 1618-09-2026 00:29:33 [38;5;015m[INFO]: [0mThis is a info message from thread 118-09-2026 00:29:33 [38;5;117m[DEBUG]: [0mThis is a debug message from thread 1218-09-2026 00:29:33 [38;5;015m[INFO]: [0mThis is a info message from thread 1918-09-2026 00:29:33 [38;5;015m[INFO]: [0mThis is a info message from thread 2118-09-2026 00:29:33 [38;5;015m[INFO]: [0mThis is a info message from thread 2418-09-2026 00:29:33 [38;5;009m[ERROR]: [0mThis is a error message from thread 918-09-2026 00:29:33 [38;5;009m[ERROR]: [0mThis is a error message from thread 1518-09-2026 00:29:33 [38;5;009m[ERROR]: [0mThis is a error message from thread 2518-09-2026 00:29:33 [38;5;015m[INFO]: [0mThis is a info message from thread 1218-09-2026 00:29:33 [38;5;009m[ERROR]: [0mThis is a error message from thread 418-09-2026 00:29:33 [38;5;015m[INFO]: [0mThis is a info message from thread 618-09-2026 00:29:33 [38;5;117m[DEBUG]: [0mThis is a debug message from thread 2018-09-2026 00:29:33 [38;5;117m[DEBUG]: [0mThis is a debug message from thread 2518-09-2026 00:29:33 [38;5;117m[DEBUG]: [0mThis is a debug message from thread 418-09-2026 00:29:33 [38;5;009m[ERROR]: [0mThis is a error message from thread 2418-09-2026 00:29:33 [38;5;009m[ERROR]: [0mThis is a error message from thread 1218-09-2026 00:29:33 [38;5;117m[DEBUG]: [0mThis is a debug message from thread 918-09-2026 00:29:33 [38;5;009m[ERROR]: [0mThis is a error message from thread 018-09-2026 00:29:33 [38;5;009m[ERROR]: [0mThis is a error message from thread 218-09-2026 00:29:33 [38;5;015m[INFO]: [0mThis is a info message from thread 2018-09-2026 00:29:33 [38;5;009m[ERROR]: [0mThis is a error message from thread 618-09-2026 00:29:33 [38;5;015m[INFO]: [0mThis is a info message from thread 718-09-2026 00:29:33 [38;5;117m[DEBUG]: [0mThis is a debug message from thread 218-09-2026 00:29:33 [38;5;009m[ERROR]: [0mThis is a error message from thread 2218-09-2026 00:29:33 [38;5;009m[ERROR]: [0mThis is a error message from thread 1718-09-2026 00:29:33 [38;5;009m[ERROR]: [0mThis is a error message from thread 718-09-2026 00:29:33 [38;5;117m[DEBUG]: [0mThis is a debug message from thread 818-09-2026 00:29:33 [38;5;009m[ERROR]: [0mThis is a error message from thread 2018-09-2026 00:29:33 [38;5;117m[DEBUG]: [0mThis is a debug message from thread 2318-09-2026 00:29:33 [38;5;015m[INFO]: [0mThis is a info message from thread 218-09-2026 00:29:33 [38;5;117m[DEBUG]: [0mThis is a debug message from thread 1718-09-2026 00:29:33 [38;5;117m[DEBUG]: [0mThis is a debug message from thread 518-09-2026 00:29:33 [38;5;117m[DEBUG]: [0mThis is a debug message from thread 718-09-2026 00:29:33 [38;5;015m[INFO]: [0mThis is a info message from thread 1318-09-2026 00:29:33 [38;5;015m[INFO]: [0mThis is a info message from thread 2318-09-2026 00:29:33 [38;5;117m[DEBUG]: [0mThis is a debug message from thread 018-09-2026 00:29:33 [38;5;009m[ERROR]: [0mThis is a error message from thread 2318-09-2026 00:29:33 [38;5;015m[INFO]: [0mThis is a info message from thread 818-09-2026 00:29:33 [38;5;009m[ERROR]: [0mThis is a error message from thread 2118-09-2026 00:29:33 [38;5;015m[INFO]: [0mThis is a info message from thread 518-09-2026 00:29:33 [38;5;117m[DEBUG]: [0mThis is a debug message from thread 2218-09-2026 00:29:33 [38;5;015m[INFO]: [0mThis is a info message from thread 318-09-2026 00:29:33 [38;5;009m[ERROR]: [0mThis is a error message from thread 218-09-2026 00:29:33 [38;5;015m[INFO]: [0mThis is a info message from thread 2818-09-2026 00:29:33 [38;5;015m[INFO]: [0mThis is a info message from thread 718-09-2026 00:29:33 [38;5;117m[DEBUG]: [0mThis is a debug message from thread 2418-09-2026 00:29:33 [38;5;117m[DEBUG]: [0mThis is a debug message from thread 618-09-2026 00:29:33 [38;5;117m[DEBUG]: [0mThis is a debug message from thread 2018-09-2026 00:29:33 [38;5;117m[DEBUG]: [0mThis is a debug message from thread 1218-09-2026 00:29:33 [38;5;117m[DEBUG]: [0mThis is a debug message from thread 2318-09-2026 00:29:33 [38;5;015m[INFO]: [0mThis is a info message from thread 2418-09-2026 00:29:33 [38;5;009m[ERROR]: [0mThis is a error message from thread 2818-09-2026 00:29:33 [38;5;117m[DEBUG]: [0mThis is a debug message from thread 1418-09-2026 00:29:33 [38;5;117m[DEBUG]: [0mThis is a debug message from thread 218-09-2026 00:29:33 [38;5;015m[INFO]: [0mThis is a info message from thread 2018-09-2026 00:29:33 [38;5;117m[DEBUG]: [0mThis is a debug message from thread 2918-09-2026 00:29:33 [38;5;009m[ERROR]: [0mThis is a error message from thread 2418-09-2026 00:29:33 [38;5;117m[DEBUG]: [0mThis is a debug message from thread 2118-09-2026 00:29:33 [38;5;015m[INFO]: [0mThis is a info message from thread 2318-09-2026 00:29:33 [38;5;015m[INFO]: [0mThis is a info message from thread 2918-09-2026 00:29:33 [38;5;009m[ERROR]: [0mThis is a error message from thread 1918-09-2026 00:29:33 [38;5;015m[INFO]: [0mThis is a info message from thread 1418-09-2026 00:29:33 [38;5;015m[INFO]: [0mThis is a info message from thread 218-09-2026 00:29:33 [38;5;009m[ERROR]: [0mThis is a error message from thread 318-09-2026 00:29:33 [38;5;015m[INFO]: [0mThis is a info message from thread 1118-09-2026 00:29:33 [38;5;117m[DEBUG]: [0mThis is a debug message from thread 1918-09-2026 00:29:33 [38;5;117m[DEBUG]: [0mThis is a debug message from thread 1518-09-2026 00:29:33 [38;5;009m[ERROR]: [0mThis is a error message from thread 2918-09-2026 00:29:33 [38;5;015m[INFO]: [0mThis is a info message from thread 1618-09-2026 00:29:33 [38;5;015m[INFO]: [0mThis is a info message from thread 2718-09-2026 00:29:33 [38;5;117m[DEBUG]: [0mThis is a debug message from thread 2918-09-2026 00:29:33 [38;5;015m[INFO]: [0mThis is a info message from thread 1718-09-2026 00:29:33 [38;5;117m[DEBUG]: [0mThis is a debug message from thread 1818-09-2026 00:29:33 [38;5;015m[INFO]: [0mThis is a info message from thread 1518-09-2026 00:29:33 [38;5;015m[INFO]: [0mThis is a info message from thread 2218-09-2026 00:29:33 [38;5;009m[ERROR]: [0mThis is a error message from thread 1318-09-2026 00:29:33 [38;5;009m[ERROR]: [0mThis is a error message from thread 2318-09-2026 00:29:33 [38;5;015m[INFO]: [0mThis is a info message from thread 918-09-2026 00:29:33 [38;5;009m[ERROR]: [0mThis is a error message from thread 2018-09-2026 00:29:33 [38;5;009m[ERROR]: [0mThis is a error message from thread 1518-09-2026 00:29:33 [38;5;009m[ERROR]: [0mThis is a error message from thread 118-09-2026 00:29:33 [38;5;009m[ERROR]: [0mThis is a error message from thread 918-09-2026 00:29:33 [38;5;015m[INFO]: [0mThis is a info message from thread 018-09-2026 00:29:33 [38;5;015m[INFO]: [0mThis is a info message from thread 1218-09-2026 00:29:33 [38;5;009m[ERROR]: [0mThis is a error message from thread 218-09-2026 00:29:33 [38;5;015m[INFO]: [0mThis is a info message from thread 2918-09-2026 00:29:33 [38;5;117m[DEBUG]: [0mThis is a debug message from thread 2318-09-2026 00:29:33 [38;5;015m[INFO]: [0mThis is a info message from thread 2318-09-2026 00:29:33 [38;5;117m[DEBUG]: [0mThis is a debug message from thread 1518-09-2026 00:29:33 [38;5;117m[DEBUG]: [0mThis is a debug message from thread 2018-09-2026 00:29:33 [38;5;015m[INFO]: [0mThis is a info message from thread 2018-09-2026 00:29:33 [38;5;009m[ERROR]: [0mThis is a error message from thread 2918-09-2026 00:29:33 [38;5;009m[ERROR]: [0mThis is a error message from thread 2018-09-2026 00:29:33 [38;5;009m[ERROR]: [0mThis is a error message from thread 2318-09-2026 00:29:33 [38;5;117m[DEBUG]: [0mThis is a debug message from thread 318-09-2026 00:29:33 [38;5;015m[INFO]: [0mThis is a info message from thread 318-09-2026 00:29:33 [38;5;015m[INFO]: [0mThis is a info message from thread 1518-09-2026 00:29:33 [38;5;015m[INFO]: [0mThis is a info message from thread 418-09-2026 00:29:33 [38;5;009m[ERROR]: [0mThis is a error message from thread 1518-09-2026 00:29:33 [38;5;009m[ERROR]: [0mThis is a error message from thread 1218-09-2026 00:29:33 [38;5;117m[DEBUG]: [0mThis is a debug message from thread 2418-09-2026 00:29:33 [38;5;117m[DEBUG]: [0mThis is a debug message from thread 2018-09-2026 00:29:33 [38;5;117m[DEBUG]: [0mThis is a debug message from thread 2818-09-2026 00:29:33 [38;5;117m[DEBUG]: [0mThis is a debug message from thread 2318-09-2026 00:29:33 [38;5;009m[ERROR]: [0mThis is a error message from thread 1618-09-2026 00:29:33 [38;5;009m[ERROR]: [0mThis is a error message from thread 2718-09-2026 00:29:33 [38;5;009m[ERROR]: [0mThis is a error message from thread 1418-09-2026 00:29:33 [38;5;015m[INFO]: [0mThis is a info message from thread 2018-09-2026 00:29:33 [38;5;117m[DEBUG]: [0mThis is a debug message from thread 118-09-2026 00:29:33 [38;5;015m[INFO]: [0mThis is a info message from thread 2318-09-2026 00:29:33 [38;5;009m[ERROR]: [0mThis is a error message from thread 2318-09-2026 00:29:33 [38;5;117m[DEBUG]: [0mThis is a debug message from thread 1618-09-2026 00:29:33 [38;5;015m[INFO]: [0mThis is a info message from thread 2418-09-2026 00:29:33 [38;5;117m[DEBUG]: [0mThis is a debug message from thread 1218-09-2026 00:29:33 [38;5;117m[DEBUG]: [0mThis is a debug message from thread 1518-09-2026 00:29:33 [38;5;015m[INFO]: [0mThis is a info message from thread 1618-09-2026 00:29:33 [38;5;117m[DEBUG]: [0mThis is a debug message from thread 2718-09-2026 00:29:33 [38;5;117m[DEBUG]: [0mThis is a debug message from thread 918-09-2026 00:29:33 [38;5;015m[INFO]: [0mThis is a info message from thread 1218-09-2026 00:29:33 [38;5;009m[ERROR]: [0mThis is a error message from thread 2018-09-2026 00:29:33 [38;5;015m[INFO]: [0mThis is a info message from thread 2718-09-2026 00:29:33 [38;5;009m[ERROR]: [0mThis is a error message from thread 1218-09-2026 00:29:33 [38;5;117m[DEBUG]: [0mThis is a debug message from thread 1418-09-2026 00:29:33 [38;5;015m[INFO]: [0mThis is a info message from thread 918-09-2026 00:29:33 [38;5;117m[DEBUG]: [0mThis is a debug message from thread 2318-09-2026 00:29:33 [38;5;015m[INFO]: [0mThis is a info message from thread 1418-09-2026 00:29:33 [38;5;015m[INFO]: [0mThis is a info message from thread 1518-09-2026 00:29:33 [38;5;009m[ERROR]: [0mThis is a error message from thread 418-09-2026 00:29:33 [38;5;009m[ERROR]: [0mThis is a error message from thread 2618-09-2026 00:29:33 [38;5;009m[ERROR]: [0mThis is a error message from thread 1018-09-2026 00:29:33 [38;5;117m[DEBUG]: [0mThis is a debug message from thread 1218-09-2026 00:29:33 [38;5;009m[ERROR]: [0mThis is a error message from thread 1518-09-2026 00:29:33 [38;5;117m[DEBUG]: [0mThis is a debug message from thread 1018-09-2026 00:29:33 [38;5;009m[ERROR]: [0mThis is a error message from thread 1618-09-2026 00:29:33 [38;5;117m[DEBUG]: [0mThis is a debug message from thread 2618-09-2026 00:29:33 [38;5;015m[INFO]: [0mThis is a info message from thread 2618-09-2026 00:29:33 [38;5;009m[ERROR]: [0mThis is a error message from thread 2618-09-2026 00:29:33 [38;5;015m[INFO]: [0mThis is a info message from thread 2318-09-2026 00:29:33 [38;5;117m[DEBUG]: [0mThis is a debug message from thread 2618-09-2026 00:29:33 [38;5;117m[DEBUG]: [0mThis is a debug message from thread 2018-09-2026 00:29:33 [38;5;009m[ERROR]: [0mThis is a error message from thread 2718-09-2026 00:29:33 [38;5;015m[INFO]: [0mThis is a info message from thread 1018-09-2026 00:29:33 [38;5;117m[DEBUG]: [0mThis is a debug message from thread 218-09-2026 00:29:33 [38;5;015m[INFO]: [0mThis is a info message from thread 2618-09-2026 00:29:33 [38;5;117m[DEBUG]: [0mThis is a debug message from thread 1518-09-2026 00:29:33 [38;5;009m[ERROR]: [0mThis is a error message from thread 1018-09-2026 00:29:33 [38;5;009m[ERROR]: [0mThis is a error message from thread 2618-09-2026 00:29:33 [38;5;117m[DEBUG]: [0mThis is a debug message from thread 1018-09-2026 00:29:33 [38;5;015m[INFO]: [0mThis is a info message from thread 2518-09-2026 00:29:33 [38;5;015m[INFO]: [0mThis is a info message from thread 1018-09-2026 00:29:33 [38;5;117m[DEBUG]: [0mThis is a debug message from thread 2618-09-2026 00:29:33 [38;5;009m[ERROR]: [0mThis is a error message from thread 2218-09-2026 00:29:33 [38;5;009m[ERROR]: [0mThis is a error message from thread 2518-09-2026 00:29:33 [38;5;117m[DEBUG]: [0mThis is a debug message from thread 2918-09-2026 00:29:33 [38;5;009m[ERROR]: [0mThis is a error message from thread 718-09-2026 00:29:33 [38;5;009m[ERROR]: [0mThis is a error message from thread 318-09-2026 00:29:33 [38;5;117m[DEBUG]: [0mThis is a debug message from thread 2718-09-2026 00:29:33 [38;5;015m[INFO]: [0mThis is a info message from thread 2018-09-2026 00:29:33 [38;5;009m[ERROR]: [0mThis is a error message from thread 1718-09-2026 00:29:33 [38;5;015m[INFO]: [0mThis is a info message from thread 1818-09-2026 00:29:33 [38;5;015m[INFO]: [0mThis is a info message from thread 2818-09-2026 00:29:33 [38;5;117m[DEBUG]: [0mThis is a debug message from thread 2218-09-2026 00:29:33 [38;5;009m[ERROR]: [0mThis is a error message from thread 2418-09-2026 00:29:33 [38;5;009m[ERROR]: [0mThis is a error message from thread 1418-09-2026 00:29:33 [38;5;015m[INFO]: [0mThis is a info message from thread 1218-09-2026 00:29:33 [38;5;015m[INFO]: [0mThis is a info message from thread 218-09-2026 00:29:33 [38;5;015m[INFO]: [0mThis is a info message from thread 2918-09-2026 00:29:33 [38;5;015m[INFO]: [0mThis is a info message from thread 2718-09-2026 00:29:33 [38;5;009m[ERROR]: [0mThis is a error message from thread 918-09-2026 00:29:33 [38;5;009m[ERROR]: [0mThis is a error message from thread 018-09-2026 00:29:33 [38;5;009m[ERROR]: [0mThis is a error message from thread 1218-09-2026 00:29:33 [38;5;009m[ERROR]: [0mThis is a error message from thread 2318-09-2026 00:29:33 [38;5;117m[DEBUG]: [0mThis is a debug message from thread 2518-09-2026 00:29:33 [38;5;117m[DEBUG]: [0mThis is a debug message from thread 718-09-2026 00:29:33 [38;5;015m[INFO]: [0mThis is a info message from thread 618-09-2026 00:29:33 [38;5;117m[DEBUG]: [0mThis is a debug message from thread 1618-09-2026 00:29:33 [38;5;015m[INFO]: [0mThis is a info message from thread 2218-09-2026 00:29:33 [38;5;117m[DEBUG]: [0mThis is a debug message from thread 2318-09-2026 00:29:33 [38;5;117m[DEBUG]: [0mThis is a debug message from thread 018-09-2026 00:29:33 [38;5;009m[ERROR]: [0mThis is a error message from thread 1018-09-2026 00:29:33 [38;5;117m[DEBUG]: [0mThis is a debug message from thread 2418-09-2026 00:29:33 [38;5;009m[ERROR]: [0mThis is a error message from thread 618-09-2026 00:29:33 [38;5;015m[INFO]: [0mThis is a info message from thread 2118-09-2026 00:29:33 [38;5;009m[ERROR]: [0mThis is a error message from thread 1118-09-2026 00:29:33 [38;5;015m[INFO]: [0mThis is a info message from thread 2418-09-2026 00:29:33 [38;5;009m[ERROR]: [0mThis is a error message from thread 518-09-2026 00:29:33 [38;5;015m[INFO]: [0mThis is a info message from thread 018-09-2026 00:29:33 [38;5;009m[ERROR]: [0mThis is a error message from thread 2418-09-2026 00:29:33 [38;5;009m[ERROR]: [0mThis is a error message from thread 018-09-2026 00:29:33 [38;5;117m[DEBUG]: [0mThis is a debug message from thread 618-09-2026 00:29:33 [38;5;117m[DEBUG]: [0mThis is a debug message from thread 1418-09-2026 00:29:33 [38;5;117m[DEBUG]: [0mThis is a debug message from thread 1118-09-2026 00:29:33 [38;5;015m[INFO]: [0mThis is a info message from thread 2318-09-2026 00:29:33 [38;5;009m[ERROR]: [0mThis is a error message from thread 2118-09-2026 00:29:33 [38;5;009m[ERROR]: [0mThis is a error message from thread 2318-09-2026 00:29:33 [38;5;015m[INFO]: [0mThis is a info message from thread 618-09-2026 00:29:33 [38;5;117m[DEBUG]: [0mThis is a debug message from thread 1218-09-2026 00:29:33 [38;5;117m[DEBUG]: [0mThis is a debug message from thread 518-09-2026 00:29:33 [38;5;117m[DEBUG]: [0mThis is a debug message from thread 2318-09-2026 00:29:33 [38;5;009m[ERROR]: [0mThis is a error message from thread 1818-09-2026 00:29:33 [38;5;015m[INFO]: [0mThis is a info message from thread 1118-09-2026 00:29:33 [38;5;009m[ERROR]: [0mThis is a error message from thread 2718-09-2026 00:29:33 [38;5;009m[ERROR]: [0mThis is a error message from thread 618-09-2026 00:29:33 [38;5;117m[DEBUG]: [0mThis is a debug message from thread 2418-09-2026 00:29:33 [38;5;117m[DEBUG]: [0mThis is a debug message from thread 918-09-2026 00:29:33 [38;5;015m[INFO]: [0mThis is a info message from thread 1518-09-2026 00:29:33 [38;5;117m[DEBUG]: [0mThis is a debug message from thread 1318-09-2026 00:29:33 [38;5;015m[INFO]: [0mThis is a info message from thread 718-09-2026 00:29:33 [38;5;117m[DEBUG]: [0mThis is a debug message from thread 418-09-2026 00:29:33 [38;5;117m[DEBUG]: [0mThis is a debug message from thread 1018-09-2026 00:29:33 [38;5;015m[INFO]: [0mThis is a info message from thread 1418-09-2026 00:29:33 [38;5;117m[DEBUG]: [0mThis is a debug message from thread 018-09-2026 00:29:33 [38;5;009m[ERROR]: [0mThis is a error message from thread 818-09-2026 00:29:33 [38;5;015m[INFO]: [0mThis is a info message from thread 2418-09-2026 00:29:33 [38;5;015m[INFO]: [0mThis is a info message from thread 918-09-2026 00:29:33 [38;5;015m[INFO]: [0mThis is a info message from thread 1618-09-2026 00:29:33 [38;5;015m[INFO]: [0mThis is a info message from thread 518-09-2026 00:29:33 [38;5;117m[DEBUG]: [0mThis is a debug message from thread 2718-09-2026 00:29:33 [38;5;117m[DEBUG]: [0mThis is a debug message from thread 1718-09-2026 00:29:33 [38;5;009m[ERROR]: [0mThis is a error message from thread 2418-09-2026 00:29:33 [38;5;015m[INFO]: [0mThis is a info message from thread 1218-09-2026 00:29:33 [38;5;009m[ERROR]: [0mThis is a error message from thread 918-09-2026 00:29:33 [38;5;009m[ERROR]: [0mThis is a error message from thread 2218-09-2026 00:29:33 [38;5;015m[INFO]: [0mThis is a info message from thread 2718-09-2026 00:29:33 [38;5;009m[ERROR]: [0mThis is a error message from thread 1518-09-2026 00:29:33 [38;5;009m[ERROR]: [0mThis is a error message from thread 2718-09-2026 00:29:33 [38;5;117m[DEBUG]: [0mThis is a debug message from thread 2718-09-2026 00:29:33 [38;5;015m[INFO]: [0mThis is a info message from thread 2718-09-2026 00:29:33 [38;5;009m[ERROR]: [0mThis is a error message from thread 1118-09-2026 00:29:33 [38;5;009m[ERROR]: [0mThis is a error message from thread 2718-09-2026 00:29:33 [38;5;117m[DEBUG]: [0mThis is a debug message from thread 818-09-2026 00:29:33 [38;5;117m[DEBUG]: [0mThis is a debug message from thread 1818-09-2026 00:29:33 [38;5;015m[INFO]: [0mThis is a info message from thread 118-09-2026 00:29:33 [38;5;117m[DEBUG]: [0mThis is a debug message from thread 2218-09-2026 00:29:33 [38;5;015m[INFO]: [0mThis is a info message from thread 1818-09-2026 00:29:33 [38;5;015m[INFO]: [0mThis is a info message from thread 018-09-2026 00:29:33 [38;5;009m[ERROR]: [0mThis is a error message from thread 1218-09-2026 00:29:33 [38;5;009m[ERROR]: [0mThis is a error message from thread 018-09-2026 00:29:33 [38;5;117m[DEBUG]: [0mThis is a debug message from thread 1218-09-2026 00:29:33 [38;5;009m[ERROR]: [0mThis is a error message from thread 118-09-2026 00:29:33 [38;5;117m[DEBUG]: [0mThis is a debug message from thread 2718-09-2026 00:29:33 [38;5;015m[INFO]: [0mThis is a info message from thread 818-09-2026 00:29:33 [38;5;009m[ERROR]: [0mThis is a error message from thread 818-09-2026 00:29:33 [38;5;015m[INFO]: [0mThis is a info message from thread 1218-09-2026 00:29:33 [38;5;015m[INFO]: [0mThis is a info message from thread 2218-09-2026 00:29:33 [38;5;117m[DEBUG]: [0mThis is a debug message from thread 2418-09-2026 00:29:33 [38;5;117m[DEBUG]: [0mThis is a debug message from thread 2118-09-2026 00:29:33 [38;5;009m[ERROR]: [0mThis is a error message from thread 218-09-2026 00:29:33 [38;5;009m[ERROR]: [0mThis is a error message from thread 1218-09-2026 00:29:33 [38;5;117m[DEBUG]: [0mThis is a debug message from thread 1118-09-2026 00:29:33 [38;5;009m[ERROR]: [0mThis is a error message from thread 2018-09-2026 00:29:33 [38;5;009m[ERROR]: [0mThis is a error message from thread 1418-09-2026 00:29:33 [38;5;009m[ERROR]: [0mThis is a error message from thread 2218-09-2026 00:29:33 [38;5;117m[DEBUG]: [0mThis is a debug message from thread 218-09-2026 00:29:33 [38;5;117m[DEBUG]: [0mThis is a debug message from thread 318-09-2026 00:29:33 [38;5;117m[DEBUG]: [0mThis is a debug message from thread 1218-09-2026 00:29:33 [38;5;009m[ERROR]: [0mThis is a error message from thread 718-09-2026 00:29:33 [38;5;009m[ERROR]: [0mThis is a error message from thread 518-09-2026 00:29:33 [38;5;015m[INFO]: [0mThis is a info message from thread 1018-09-2026 00:29:33 [38;5;009m[ERROR]: [0mThis is a error message from thread 2918-09-2026 00:29:33 [38;5;015m[INFO]: [0mThis is a info message from thread 218-09-2026 00:29:33 [38;5;117m[DEBUG]: [0mThis is a debug message from thread 018-09-2026 00:29:33 [38;5;015m[INFO]: [0mThis is a info message from thread 1218-09-2026 00:29:33 [38;5;015m[INFO]: [0mThis is a info message from thread 2118-09-2026 00:29:33 [38;5;117m[DEBUG]: [0mThis is a debug message from thread 2018-09-2026 00:29:33 [38;5;015m[INFO]: [0mThis is a info message from thread 318-09-2026 00:29:33 [38;5;015m[INFO]: [0mThis is a info message from thread 2418-09-2026 00:29:33 [38;5;117m[DEBUG]: [0mThis is a debug message from thread 818-09-2026 00:29:33 [38;5;009m[ERROR]: [0mThis is a error message from thread 1018-09-2026 00:29:33 [38;5;015m[INFO]: [0mThis is a info message from thread 2718-09-2026 00:29:33 [38;5;009m[ERROR]: [0mThis is a error message from thread 2818-09-2026 00:29:33 [38;5;015m[INFO]: [0mThis is a info message from thread 1318-09-2026 00:29:33 [38;5;009m[ERROR]: [0mThis is a error message from thread 1618-09-2026 00:29:33 [38;5;015m[INFO]: [0mThis is a info message from thread 2518-09-2026 00:29:33 [38;5;117m[DEBUG]: [0mThis is a debug message from thread 2218-09-2026 00:29:33 [38;5;015m[INFO]: [0mThis is a info message from thread 1718-09-2026 00:29:33 [38;5;009m[ERROR]: [0mThis is a error message from thread 2718-09-2026 00:29:33 [38;5;117m[DEBUG]: [0mThis is a debug message from thread 2918-09-2026 00:29:33 [38;5;009m[ERROR]: [0mThis is a error message from thread 1218-09-2026 00:29:33 [38;5;009m[ERROR]: [0mThis is a error message from thread 2518-09-2026 00:29:33 [38;5;015m[INFO]: [0mThis is a info message from thread 818-09-2026 00:29:33 [38;5;117m[DEBUG]: [0mThis is a debug message from thread 2818-09-2026 00:29:33 [38;5;015m[INFO]: [0mThis is a info message from thread 2218-09-2026 00:29:33 [38;5;117m[DEBUG]: [0mThis is a debug message from thread 618-09-2026 00:29:33 [38;5;117m[DEBUG]: [0mThis is a debug message from thread 1518-09-2026 00:29:33 [38;5;117m[DEBUG]: [0mThis is a debug message from thread 2718-09-2026 00:29:33 [38;5;015m[INFO]: [0mThis is a info message from thread 2018-09-2026 00:29:33 [38;5;009m[ERROR]: [0mThis is a error message from thread 2018-09-2026 00:29:33 [38;5;015m[INFO]: [0mThis is a info message from thread 2818-09-2026 00:29:33 [38;5;015m[INFO]: [0mThis is a info message from thread 1518-09-2026 00:29:33 [38;5;117m[DEBUG]: [0mThis is a debug message from thread 2518-09-2026 00:29:33 [38;5;009m[ERROR]: [0mThis is a error message from thread 2218-09-2026 00:29:33 [38;5;117m[DEBUG]: [0mThis is a debug message from thread 718-09-2026 00:29:33 [38;5;117m[DEBUG]: [0mThis is a debug message from thread 2218-09-2026 00:29:33 [38;5;015m[INFO]: [0mThis is a info message from thread 018-09-2026 00:29:33 [38;5;009m[ERROR]: [0mThis is a error message from thread 2118-09-2026 00:29:33 [38;5;015m[INFO]: [0mThis is a info message from thread 2318-09-2026 00:29:33 [38;5;117m[DEBUG]: [0mThis is a debug message from thread 1218-09-2026 00:29:33 [38;5;015m[INFO]: [0mThis is a info message from thread 2218-09-2026 00:29:33 [38;5;015m[INFO]: [0mThis is a info message from thread 2718-09-2026 00:29:33 [38;5;009m[ERROR]: [0mThis is a error message from thread 1818-09-2026 00:29:33 [38;5;009m[ERROR]: [0mThis is a error message from thread 818-09-2026 00:29:33 [38;5;117m[DEBUG]: [0mThis is a debug message from thread 918-09-2026 00:29:33 [38;5;009m[ERROR]: [0mThis is a error message from thread 2218-09-2026 00:29:33 [38;5;009m[ERROR]: [0mThis is a error message from thread 1318-09-2026 00:29:33 [38;5;117m[DEBUG]: [0mThis is a debug message from thread 1418-09-2026 00:29:33 [38;5;009m[ERROR]: [0mThis is a error message from thread 2318-09-2026 00:29:33 [38;5;009m[ERROR]: [0mThis is a error message from thread 1518-09-2026 00:29:33 [38;5;015m[INFO]: [0mThis is a info message from thread 2618-09-2026 00:29:33 [38;5;009m[ERROR]: [0mThis is a error message from thread 1718-09-2026 00:29:33 [38;5;117m[DEBUG]: [0mThis is a debug message from thread 1618-09-2026 00:29:33 [38;5;117m[DEBUG]: [0mThis is a debug message from thread 818-09-2026 00:29:33 [38;5;009m[ERROR]: [0mThis is a error message from thread 218-09-2026 00:29:33 [38;5;015m[INFO]: [0mThis is a info message from thread 1418-09-2026 00:29:33 [38;5;015m[INFO]: [0mThis is a info message from thread 618-09-2026 00:29:33 [38;5;015m[INFO]: [0mThis is a info message from thread 1618-09-2026 00:29:33 [38;5;015m[INFO]: [0mThis is a info message from thread 718-09-2026 00:29:33 [38;5;015m[INFO]: [0mThis is a info message from thread 418-09-2026 00:29:33 [38;5;015m[INFO]: [0mThis is a info message from thread 1918-09-2026 00:29:33 [38;5;015m[INFO]: [0mThis is a info message from thread 1118-09-2026 00:29:33 [38;5;009m[ERROR]: [0mThis is a error message from thread 618-09-2026 00:29:33 [38;5;015m[INFO]: [0mThis is a info message from thread 918-09-2026 00:29:33 [38;5;117m[DEBUG]: [0mThis is a debug message from thread 1718-09-2026 00:29:33 [38;5;009m[ERROR]: [0mThis is a error message from thread 018-09-2026 00:29:33 [38;5;009m[ERROR]: [0mThis is a error message from thread 918-09-2026 00:29:33 [38;5;117m[DEBUG]: [0mThis is a debug message from thread 618-09-2026 00:29:33 [38;5;009m[ERROR]: [0mThis is a error message from thread 1618-09-2026 00:29:33 [38;5;009m[ERROR]: [0mThis is a error message from thread 1118-09-2026 00:29:33 [38;5;009m[ERROR]: [0mThis is a error message from thread 718-09-2026 00:29:33 [38;5;015m[INFO]: [0mThis is a info message from thread 1218-09-2026 00:29:33 [38;5;117m[DEBUG]: [0mThis is a debug message from thread 018-09-2026 00:29:33 [38;5;009m[ERROR]: [0mThis is a error message from thread 418-09-2026 00:29:33 [38;5;015m[INFO]: [0mThis is a info message from thread 618-09-2026 00:29:33 [38;5;117m[DEBUG]: [0mThis is a debug message from thread 1118-09-2026 00:29:33 [38;5;009m[ERROR]: [0mThis is a error message from thread 2618-09-2026 00:29:33 [38;5;009m[ERROR]: [0mThis is a error message from thread 1218-09-2026 00:29:33 [38;5;117m[DEBUG]: [0mThis is a debug message from thread 2118-09-2026 00:29:33 [38;5;117m[DEBUG]: [0mThis is a debug message from thread 718-09-2026 00:29:33 [38;5;117m[DEBUG]: [0mThis is a debug message from thread 2618-09-2026 00:29:33 [38;5;117m[DEBUG]: [0mThis is a debug message from thread 918-09-2026 00:29:33 [38;5;117m[DEBUG]: [0mThis is a debug message from thread 1018-09-2026 00:29:33 [38;5;117m[DEBUG]: [0mThis is a debug message from thread 2218-09-2026 00:29:33 [38;5;015m[INFO]: [0mThis is a info message from thread 2118-09-2026 00:29:33 [38;5;015m[INFO]: [0mThis is a info message from thread 2618-09-2026 00:29:33 [38;5;015m[INFO]: [0mThis is a info message from thread 018-09-2026 00:29:33 [38;5;009m[ERROR]: [0mThis is a error message from thread 018-09-2026 00:29:33 [38;5;009m[ERROR]: [0mThis is a error message from thread 1418-09-2026 00:29:33 [38;5;117m[DEBUG]: [0mThis is a debug message from thread 1818-09-2026 00:29:33 [38;5;009m[ERROR]: [0mThis is a error message from thread 618-09-2026 00:29:33 [38;5;117m[DEBUG]: [0mThis is a debug message from thread 1218-09-2026 00:29:33 [38;5;117m[DEBUG]: [0mThis is a debug message from thread 118-09-2026 00:29:33 [38;5;009m[ERROR]: [0mThis is a error message from thread 2618-09-2026 00:29:33 [38;5;015m[INFO]: [0mThis is a info message from thread 918-09-2026 00:29:33 [38;5;009m[ERROR]: [0mThis is a error message from thread 2118-09-2026 00:29:33 [38;5;009m[ERROR]: [0mThis is a error message from thread 2418-09-2026 00:29:33 [38;5;015m[INFO]: [0mThis is a info message from thread 818-09-2026 00:29:33 [38;5;015m[INFO]: [0mThis is a info message from thread 2918-09-2026 00:29:33 [38;5;117m[DEBUG]: [0mThis is a debug message from thread 018-09-2026 00:29:33 [38;5;117m[DEBUG]: [0mThis is a debug message from thread 1518-09-2026 00:29:33 [38;5;117m[DEBUG]: [0mThis is a debug message from thread 2018-09-2026 00:29:33 [38;5;009m[ERROR]: [0mThis is a error message from thread 1918-09-2026 00:29:33 [38;5;015m[INFO]: [0mThis is a info message from thread 1218-09-2026 00:29:33 [38;5;117m[DEBUG]: [0mThis is a debug message from thread 518-09-2026 00:29:33 [38;5;117m[DEBUG]: [0mThis is a debug message from thread 2618-09-2026 00:29:33 [38;5;015m[INFO]: [0mThis is a info message from thread 2518-09-2026 00:29:33 [38;5;009m[ERROR]: [0mThis is a error message from thread 2818-09-2026 00:29:33 [38;5;117m[DEBUG]: [0mThis is a debug message from thread 1418-09-2026 00:29:33 [38;5;117m[DEBUG]: [0mThis is a debug message from thread 418-09-2026 00:29:33 [38;5;015m[INFO]: [0mThis is a info message from thread 1718-09-2026 00:29:33 [38;5;015m[INFO]: [0mThis is a info message from thread 718-09-2026 00:29:33 [38;5;015m[INFO]: [0mThis is a info message from thread 2618-09-2026 00:29:33 [38;5;009m[ERROR]: [0mThis is a error message from thread 2518-09-2026 00:29:33 [38;5;015m[INFO]: [0mThis is a info message from thread 1518-09-2026 00:29:33 [38;5;015m[INFO]: [0mThis is a info message from thread 418-09-2026 00:29:33 [38;5;117m[DEBUG]: [0mThis is a debug message from thread 1918-09-2026 00:29:33 [38;5;117m[DEBUG]: [0mThis is a debug message from thread 2418-09-2026 00:29:33 [38;5;015m[INFO]: [0mThis is a info message from thread 018-09-2026 00:29:33 [38;5;015m[INFO]: [0mThis is a info message from thread 1918-09-2026 00:29:33 [38;5;015m[INFO]: [0mThis is a info message from thread 2418-09-2026 00:29:33 [38;5;117m[DEBUG]: [0mThis is a debug message from thread 2818-09-2026 00:29:33 [38;5;117m[DEBUG]: [0mThis is a debug message from thread 2518-09-2026 00:29:33 [38;5;009m[ERROR]: [0mThis is a error message from thread 418-09-2026 00:29:33 [38;5;009m[ERROR]: [0mThis is a error message from thread 1918-09-2026 00:29:33 [38;5;009m[ERROR]: [0mThis is a error message from thread 2618-09-2026 00:29:33 [38;5;009m[ERROR]: [0mThis is a error message from thread 1518-09-2026 00:29:33 [38;5;117m[DEBUG]: [0mThis is a debug message from thread 1518-09-2026 00:29:33 [38;5;009m[ERROR]: [0mThis is a error message from thread 2418-09-2026 00:29:33 [38;5;009m[ERROR]: [0mThis is a error message from thread 018-09-2026 00:29:33 [38;5;117m[DEBUG]: [0mThis is a debug message from thread 2118-09-2026 00:29:33 [38;5;015m[INFO]: [0mThis is a info message from thread 1118-09-2026 00:29:33 [38;5;117m[DEBUG]: [0mThis is a debug message from thread 1918-09-2026 00:29:33 [38;5;117m[DEBUG]: [0mThis is a debug message from thread 2618-09-2026 00:29:33 [38;5;117m[DEBUG]: [0mThis is a debug message from thread 018-09-2026 00:29:33 [38;5;015m[INFO]: [0mThis is a info message from thread 2618-09-2026 00:29:33 [38;5;117m[DEBUG]: [0mThis is a debug message from thread 2418-09-2026 00:29:33 [38;5;015m[INFO]: [0mThis is a info message from thread 2118-09-2026 00:29:33 [38;5;117m[DEBUG]: [0mThis is a debug message from thread 1618-09-2026 00:29:33 [38;5;015m[INFO]: [0mThis is a info message from thread 1918-09-2026 00:29:33 [38;5;015m[INFO]: [0mThis is a info message from thread 1618-09-2026 00:29:33 [38;5;117m[DEBUG]: [0mThis is a debug message from thread 618-09-2026 00:29:33 [38;5;015m[INFO]: [0mThis is a info message from thread 2818-09-2026 00:29:33 [38;5;009m[ERROR]: [0mThis is a error message from thread 1118-09-2026 00:29:33 [38;5;015m[INFO]: [0mThis is a info message from thread 1018-09-2026 00:29:33 [38;5;009m[ERROR]: [0mThis is a error message from thread 2618-09-2026 00:29:33 [38;5;015m[INFO]: [0mThis is a info message from thread 2418-09-2026 00:29:33 [38;5;009m[ERROR]: [0mThis is a error message from thread 918-09-2026 00:29:33 [38;5;009m[ERROR]: [0mThis is a error message from thread 818-09-2026 00:29:33 [38;5;015m[INFO]: [0mThis is a info message from thread 118-09-2026 00:29:33 [38;5;009m[ERROR]: [0mThis is a error message from thread 2718-09-2026 00:29:33 [38;5;009m[ERROR]: [0mThis is a error message from thread 1218-09-2026 00:29:33 [38;5;117m[DEBUG]: [0mThis is a debug message from thread 418-09-2026 00:29:33 [38;5;009m[ERROR]: [0mThis is a error message from thread 2418-09-2026 00:29:33 [38;5;117m[DEBUG]: [0mThis is a debug message from thread 2318-09-2026 00:29:33 [38;5;009m[ERROR]: [0mThis is a error message from thread 1718-09-2026 00:29:33 [38;5;117m[DEBUG]: [0mThis is a debug message from thread 2718-09-2026 00:29:33 [38;5;009m[ERROR]: [0mThis is a error message from thread 1018-09-2026 00:29:33 [38;5;009m[ERROR]: [0mThis is a error message from thread 718-09-2026 00:29:33 [38;5;015m[INFO]: [0mThis is a info message from thread 2718-09-2026 00:29:33 [38;5;009m[ERROR]: [0mThis is a error message from thread 2918-09-2026 00:29:33 [38;5;009m[ERROR]: [0mThis is a error message from thread 2718-09-2026 00:29:33 [38;5;117m[DEBUG]: [0mThis is a debug message from thread 1018-09-2026 00:29:33 [38;5;117m[DEBUG]: [0mThis is a debug message from thread 918-09-2026 00:29:33 [38;5;117m[DEBUG]: [0mThis is a debug message from thread 1318-09-2026 00:29:33 [38;5;015m[INFO]: [0mThis is a info message from thread 1518-09-2026 00:29:33 [38;5;015m[INFO]: [0mThis is a info message from thread 2218-09-2026 00:29:33 [38;5;015m[INFO]: [0mThis is a info message from thread 418-09-2026 00:29:33 [38;5;015m[INFO]: [0mThis is a info message from thread 1318-09-2026 00:29:33 [38;5;009m[ERROR]: [0mThis is a error message from thread 2218-09-2026 00:29:33 [38;5;015m[INFO]: [0mThis is a info message from thread 2318-09-2026 00:29:33 [38;5;009m[ERROR]: [0mThis is a error message from thread 2118-09-2026 00:29:33 [38;5;117m[DEBUG]: [0mThis is a debug message from thread 818-09-2026 00:29:33 [38;5;009m[ERROR]: [0mThis is a error message from thread 1618-09-2026 00:29:33 [38;5;009m[ERROR]: [0mThis is a error message from thread 2818-09-2026 00:29:33 [38;5;009m[ERROR]: [0mThis is a error message from thread 1518-09-2026 00:29:33 [38;5;009m[ERROR]: [0mThis is a error message from thread 418-09-2026 00:29:33 [38;5;117m[DEBUG]: [0mThis is a debug message from thread 2618-09-2026 00:29:33 [38;5;009m[ERROR]: [0mThis is a error message from thread 1918-09-2026 00:29:33 [38;5;117m[DEBUG]: [0mThis is a debug message from thread 1918-09-2026 00:29:33 [38;5;015m[INFO]: [0mThis is a info message from thread 1818-09-2026 00:29:33 [38;5;117m[DEBUG]: [0mThis is a debug message from thread 2118-09-2026 00:29:33 [38;5;015m[INFO]: [0mThis is a info message from thread 1418-09-2026 00:29:33 [38;5;009m[ERROR]: [0mThis is a error message from thread 318-09-2026 00:29:33 [38;5;117m[DEBUG]: [0mThis is a debug message from thread 418-09-2026 00:29:33 [38;5;117m[DEBUG]: [0mThis is a debug message from thread 2818-09-2026 00:29:33 [38;5;015m[INFO]: [0mThis is a info message from thread 1918-09-2026 00:29:33 [38;5;117m[DEBUG]: [0mThis is a debug message from thread 318-09-2026 00:29:33 [38;5;117m[DEBUG]: [0mThis is a debug message from thread 1518-09-2026 00:29:33 [38;5;117m[DEBUG]: [0mThis is a debug message from thread 1718-09-2026 00:29:33 [38;5;015m[INFO]: [0mThis is a info message from thread 2518-09-2026 00:29:33 [38;5;015m[INFO]: [0mThis is a info message from thread 2618-09-2026 00:29:33 [38;5;015m[INFO]: [0mThis is a info message from thread 2118-09-2026 00:29:33 [38;5;009m[ERROR]: [0mThis is a error message from thread 1918-09-2026 00:29:33 [38;5;015m[INFO]: [0mThis is a info message from thread 1518-09-2026 00:29:33 [38;5;015m[INFO]: [0mThis is a info message from thread 2818-09-2026 00:29:33 [38;5;009m[ERROR]: [0mThis is a error message from thread 2118-09-2026 00:29:33 [38;5;015m[INFO]: [0mThis is a info message from thread 318-09-2026 00:29:33 [38;5;117m[DEBUG]: [0mThis is a debug message from thread 2218-09-2026 00:29:33 [38;5;117m[DEBUG]: [0mThis is a debug message from thread 1918-09-2026 00:29:33 [38;5;015m[INFO]: [0mThis is a info message from thread 1718-09-2026 00:29:33 [38;5;009m[ERROR]: [0mThis is a error message from thread 1318-09-2026 00:29:33 [38;5;117m[DEBUG]: [0mThis is a debug message from thread 2918-09-2026 00:29:33 [38;5;009m[ERROR]: [0mThis is a error message from thread 2318-09-2026 00:29:33 [38;5;015m[INFO]: [0mThis is a info message from thread 2218-09-2026 00:29:33 [38;5;117m[DEBUG]: [0mThis is a debug message from thread 1118-09-2026 00:29:33 [38;5;015m[INFO]: [0mThis is a info message from thread 1018-09-2026 00:29:33 [38;5;117m[DEBUG]: [0mThis is a debug message from thread 1618-09-2026 00:29:33 [38;5;117m[DEBUG]: [0mThis is a debug message from thread 718-09-2026 00:29:33 [38;5;009m[ERROR]: [0mThis is a error message from thread 1518-09-2026 00:29:33 [38;5;117m[DEBUG]: [0mThis is a debug message from thread 1318-09-2026 00:29:33 [38;5;009m[ERROR]: [0mThis is a error message from thread 118-09-2026 00:29:33 [38;5;015m[INFO]: [0mThis is a info message from thread 1918-09-2026 00:29:33 [38;5;009m[ERROR]: [0mThis is a error message from thread 2618-09-2026 00:29:33 [38;5;009m[ERROR]: [0mThis is a error message from thread 1818-09-2026 00:29:33 [38;5;009m[ERROR]: [0mThis is a error message from thread 2518-09-2026 00:29:33 [38;5;015m[INFO]: [0mThis is a info message from thread 818-09-2026 00:29:33 [38;5;009m[ERROR]: [0mThis is a error message from thread 1018-09-2026 00:29:33 [38;5;117m[DEBUG]: [0mThis is a debug message from thread 2618-09-2026 00:29:33 [38;5;015m[INFO]: [0mThis is a info message from thread 618-09-2026 00:29:33 [38;5;015m[INFO]: [0mThis is a info message from thread 1318-09-2026 00:29:33 [38;5;009m[ERROR]: [0mThis is a error message from thread 1318-09-2026 00:29:33 [38;5;009m[ERROR]: [0mThis is a error message from thread 1418-09-2026 00:29:33 [38;5;117m[DEBUG]: [0mThis is a debug message from thread 2118-09-2026 00:29:33 [38;5;015m[INFO]: [0mThis is a info message from thread 2018-09-2026 00:29:33 [38;5;009m[ERROR]: [0mThis is a error message from thread 1718-09-2026 00:29:33 [38;5;009m[ERROR]: [0mThis is a error message from thread 1918-09-2026 00:29:33 [38;5;117m[DEBUG]: [0mThis is a debug message from thread 1818-09-2026 00:29:33 [38;5;117m[DEBUG]: [0mThis is a debug message from thread 2518-09-2026 00:29:33 [38;5;015m[INFO]: [0mThis is a info message from thread 718-09-2026 00:29:33 [38;5;009m[ERROR]: [0mThis is a error message from thread 718-09-2026 00:29:33 [38;5;117m[DEBUG]: [0mThis is a debug message from thread 1518-09-2026 00:29:33 [38;5;117m[DEBUG]: [0mThis is a debug message from thread 718-09-2026 00:29:33 [38;5;009m[ERROR]: [0mThis is a error message from thread 818-09-2026 00:29:33 [38;5;009m[ERROR]: [0mThis is a error message from thread 2818-09-2026 00:29:33 [38;5;117m[DEBUG]: [0mThis is a debug message from thread 118-09-2026 00:29:33 [38;5;015m[INFO]: [0mThis is a info message from thread 118-09-2026 00:29:33 [38;5;015m[INFO]: [0mThis is a info message from thread 1518-09-2026 00:29:33 [38;5;117m[DEBUG]: [0mThis is a debug message from thread 1918-09-2026 00:29:33 [38;5;117m[DEBUG]: [0mThis is a debug message from thread 1318-09-2026 00:29:33 [38;5;015m[INFO]: [0mThis is a info message from thread 1318-09-2026 00:29:33 [38;5;009m[ERROR]: [0mThis is a error message from thread 1318-09-2026 00:29:33 [38;5;009m[ERROR]: [0mThis is a error message from thread 118-09-2026 00:29:33 [38;5;117m[DEBUG]: [0mThis is a debug message from thread 1318-09-2026 00:29:33 [38;5;015m[INFO]: [0mThis is a info message from thread 2618-09-2026 00:29:33 [38;5;009m[ERROR]: [0mThis is a error message from thread 618-09-2026 00:29:33 [38;5;015m[INFO]: [0mThis is a info message from thread 418-09-2026 00:29:33 [38;5;015m[INFO]: [0mThis is a info message from thread 1118-09-2026 00:29:33 [38;5;117m[DEBUG]: [0mThis is a debug message from thread 818-09-2026 00:29:33 [38;5;015m[INFO]: [0mThis is a info message from thread 018-09-2026 00:29:33 [38;5;117m[DEBUG]: [0mThis is a debug message from thread 1018-09-2026 00:29:33 [38;5;117m[DEBUG]: [0mThis is a debug message from thread 618-09-2026 00:29:33 [38;5;015m[INFO]: [0mThis is a info message from thread 1818-09-2026 00:29:33 [38;5;015m[INFO]: [0mThis is a info message from thread 818-09-2026 00:29:33 [38;5;015m[INFO]: [0mThis is a info message from thread 1018-09-2026 00:29:33 [38;5;015m[INFO]: [0mThis is a info message from thread 518-09-2026 00:29:33 [38;5;117m[DEBUG]: [0mThis is a debug message from thread 1218-09-2026 00:29:33 [38;5;009m[ERROR]: [0mThis is a error message from thread 1818-09-2026 00:29:33 [38;5;009m[ERROR]: [0mThis is a error message from thread 318-09-2026 00:29:33 [38;5;015m[INFO]: [0mThis is a info message from thread 2918-09-2026 00:29:33 [38;5;015m[INFO]: [0mThis is a info message from thread 1918-09-2026 00:29:33 [38;5;117m[DEBUG]: [0mThis is a debug message from thread 1718-09-2026 00:29:33 [38;5;015m[INFO]: [0mThis is a info message from thread 1318-09-2026 00:29:33 [38;5;009m[ERROR]: [0mThis is a error message from thread 2218-09-2026 00:29:33 [38;5;009m[ERROR]: [0mThis is a error message from thread 418-09-2026 00:29:33 [38;5;009m[ERROR]: [0mThis is a error message from thread 518-09-2026 00:29:33 [38;5;117m[DEBUG]: [0mThis is a debug message from thread 218-09-2026 00:29:33 [38;5;117m[DEBUG]: [0mThis is a debug message from thread 2418-09-2026 00:29:33 [38;5;015m[INFO]: [0mThis is a info message from thread 1718-09-2026 00:29:33 [38;5;009m[ERROR]: [0mThis is a error message from thread 2618-09-2026 00:29:33 [38;5;117m[DEBUG]: [0mThis is a debug message from thread 318-09-2026 00:29:33 [38;5;117m[DEBUG]: [0mThis is a debug message from thread 118-09-2026 00:29:33 [38;5;009m[ERROR]: [0mThis is a error message from thread 2918-09-2026 00:29:33 [38;5;009m[ERROR]: [0mThis is a error message from thread 1318-09-2026 00:29:33 [38;5;117m[DEBUG]: [0mThis is a debug message from thread 1818-09-2026 00:29:33 [38;5;117m[DEBUG]: [0mThis is a debug message from thread 2218-09-2026 00:29:33 [38;5;117m[DEBUG]: [0mThis is a debug message from thread 1318-09-2026 00:29:33 [38;5;117m[DEBUG]: [0mThis is a debug message from thread 1418-09-2026 00:29:33 [38;5;009m[ERROR]: [0mThis is a error message from thread 018-09-2026 00:29:33 [38;5;015m[INFO]: [0mThis is a info message from thread 1218-09-2026 00:29:33 [38;5;015m[INFO]: [0mThis is a info message from thread 2418-09-2026 00:29:33 [38;5;015m[INFO]: [0mThis is a info message from thread 1418-09-2026 00:29:33 [38;5;015m[INFO]: [0mThis is a info message from thread 2518-09-2026 00:29:33 [38;5;015m[INFO]: [0mThis is a info message from thread 318-09-2026 00:29:33 [38;5;015m[INFO]: [0mThis is a info message from thread 2218-09-2026 00:29:33 [38;5;015m[INFO]: [0mThis is a info message from thread 718-09-2026 00:29:33 [38;5;009m[ERROR]: [0mThis is a error message from thread 1518-09-2026 00:29:33 [38;5;009m[ERROR]: [0mThis is a error message from thread 2518-09-2026 00:29:33 [38;5;117m[DEBUG]: [0mThis is a debug message from thread 2618-09-2026 00:29:33 [38;5;009m[ERROR]: [0mThis is a error message from thread 2218-09-2026 00:29:33 [38;5;117m[DEBUG]: [0mThis is a debug message from thread 2318-09-2026 00:29:33 [38;5;009m[ERROR]: [0mThis is a error message from thread 718-09-2026 00:29:33 [38;5;009m[ERROR]: [0mThis is a error message from thread 1018-09-2026 00:29:33 [38;5;009m[ERROR]: [0mThis is a error message from thread 318-09-2026 00:29:33 [38;5;009m[ERROR]: [0mThis is a error message from thread 2018-09-2026 00:29:33 [38;5;015m[INFO]: [0mThis is a info message from thread 1818-09-2026 00:29:33 [38;5;015m[INFO]: [0mThis is a info message from thread 2318-09-2026 00:29:33 [38;5;117m[DEBUG]: [0mThis is a debug message from thread 2218-09-2026 00:29:33 [38;5;009m[ERROR]: [0mThis is a error message from thread 1918-09-2026 00:29:33 [38;5;117m[DEBUG]: [0mThis is a debug message from thread 1018-09-2026 00:29:33 [38;5;117m[DEBUG]: [0mThis is a debug message from thread 2518-09-2026 00:29:33 [38;5;015m[INFO]: [0mThis is a info message from thread 2218-09-2026 00:29:33 [38;5;117m[DEBUG]: [0mThis is a debug message from thread 318-09-2026 00:29:33 [38;5;117m[DEBUG]: [0mThis is a debug message from thread 1918-09-2026 00:29:33 [38;5;117m[DEBUG]: [0mThis is a debug message from thread 718-09-2026 00:29:33 [38;5;015m[INFO]: [0mThis is a info message from thread 2118-09-2026 00:29:33 [38;5;009m[ERROR]: [0mThis is a error message from thread 1118-09-2026 00:29:33 [38;5;117m[DEBUG]: [0mThis is a debug message from thread 2918-09-2026 00:29:33 [38;5;009m[ERROR]: [0mThis is a error message from thread 1718-09-2026 00:29:33 [38;5;009m[ERROR]: [0mThis is a error message from thread 2218-09-2026 00:29:33 [38;5;015m[INFO]: [0mThis is a info message from thread 618-09-2026 00:29:33 [38;5;009m[ERROR]: [0mThis is a error message from thread 1818-09-2026 00:29:33 [38;5;009m[ERROR]: [0mThis is a error message from thread 1218-09-2026 00:29:33 [38;5;015m[INFO]: [0mThis is a info message from thread 918-09-2026 00:29:33 [38;5;015m[INFO]: [0mThis is a info message from thread 1318-09-2026 00:29:33 [38;5;015m[INFO]: [0mThis is a info message from thread 2918-09-2026 00:29:33 [38;5;015m[INFO]: [0mThis is a info message from thread 2518-09-2026 00:29:33 [38;5;015m[INFO]: [0mThis is a info message from thread 1918-09-2026 00:29:33 [38;5;009m[ERROR]: [0mThis is a error message from thread 918-09-2026 00:29:33 [38;5;117m[DEBUG]: [0mThis is a debug message from thread 1718-09-2026 00:29:33 [38;5;009m[ERROR]: [0mThis is a error message from thread 1918-09-2026 00:29:33 [38;5;117m[DEBUG]: [0mThis is a debug message from thread 2818-09-2026 00:29:33 [38;5;009m[ERROR]: [0mThis is a error message from thread 2518-09-2026 00:29:33 [38;5;009m[ERROR]: [0mThis is a error message from thread 2918-09-2026 00:29:33 [38;5;009m[ERROR]: [0mThis is a error message from thread 1318-09-2026 00:29:33 [38;5;009m[ERROR]: [0mThis is a error message from thread 818-09-2026 00:29:33 [38;5;015m[INFO]: [0mThis is a info message from thread 1718-09-2026 00:29:33 [38;5;117m[DEBUG]: [0mThis is a debug message from thread 1118-09-2026 00:29:33 [38;5;117m[DEBUG]: [0mThis is a debug message from thread 2918-09-2026 00:29:33 [38;5;117m[DEBUG]: [0mThis is a debug message from thread 2218-09-2026 00:29:33 [38;5;117m[DEBUG]: [0mThis is a debug message from thread 2518-09-2026 00:29:33 [38;5;009m[ERROR]: [0mThis is a error message from thread 1418-09-2026 00:29:33 [38;5;117m[DEBUG]: [0mThis is a debug message from thread 518-09-2026 00:29:33 [38;5;117m[DEBUG]: [0mThis is a debug message from thread 818-09-2026 00:29:33 [38;5;015m[INFO]: [0mThis is a info message from thread 2518-09-2026 00:29:33 [38;5;117m[DEBUG]: [0mThis is a debug message from thread 1518-09-2026 00:29:33 [38;5;009m[ERROR]: [0mThis is a error message from thread 2418-09-2026 00:29:33 [38;5;015m[INFO]: [0mThis is a info message from thread 2818-09-2026 00:29:33 [38;5;009m[ERROR]: [0mThis is a error message from thread 1718-09-2026 00:29:33 [38;5;015m[INFO]: [0mThis is a info message from thread 1518-09-2026 00:29:33 [38;5;015m[INFO]: [0mThis is a info message from thread 2218-09-2026 00:29:33 [38;5;009m[ERROR]: [0mThis is a error message from thread 2818-09-2026 00:29:33 [38;5;117m[DEBUG]: [0mThis is a debug message from thread 1318-09-2026 00:29:33 [38;5;117m[DEBUG]: [0mThis is a debug message from thread 1918-09-2026 00:29:33 [38;5;117m[DEBUG]: [0mThis is a debug message from thread 2018-09-2026 00:29:33 [38;5;117m[DEBUG]: [0mThis is a debug message from thread 2818-09-2026 00:29:33 [38;5;009m[ERROR]: [0mThis is a error message from thread 2318-09-2026 00:29:33 [38;5;015m[INFO]: [0mThis is a info message from thread 1318-09-2026 00:29:33 [38;5;015m[INFO]: [0mThis is a info message from thread 2818-09-2026 00:29:33 [38;5;117m[DEBUG]: [0mThis is a debug message from thread 1718-09-2026 00:29:33 [38;5;117m[DEBUG]: [0mThis is a debug message from thread 2318-09-2026 00:29:33 [38;5;009m[ERROR]: [0mThis is a error message from thread 2218-09-2026 00:29:33 [38;5;015m[INFO]: [0mThis is a info message from thread 218-09-2026 00:29:33 [38;5;015m[INFO]: [0mThis is a info message from thread 1618-09-2026 00:29:33 [38;5;015m[INFO]: [0mThis is a info message from thread 1018-09-2026 00:29:33 [38;5;015m[INFO]: [0mThis is a info message from thread 1918-09-2026 00:29:33 [38;5;117m[DEBUG]: [0mThis is a debug message from thread 418-09-2026 00:29:33 [38;5;117m[DEBUG]: [0mThis is a debug message from thread 2218-09-2026 00:29:33 [38;5;015m[INFO]: [0mThis is a info message from thread 2918-09-2026 00:29:33 [38;5;015m[INFO]: [0mThis is a info message from thread 718-09-2026 00:29:33 [38;5;015m[INFO]: [0mThis is a info message from thread 2618-09-2026 00:29:33 [38;5;117m[DEBUG]: [0mThis is a debug message from thread 1418-09-2026 00:29:33 [38;5;009m[ERROR]: [0mThis is a error message from thread 1318-09-2026 00:29:33 [38;5;009m[ERROR]: [0mThis is a error message from thread 2518-09-2026 00:29:33 [38;5;015m[INFO]: [0mThis is a info message from thread 2318-09-2026 00:29:33 [38;5;015m[INFO]: [0mThis is a info message from thread 1118-09-2026 00:29:33 [38;5;117m[DEBUG]: [0mThis is a debug message from thread 2718-09-2026 00:29:33 [38;5;015m[INFO]: [0mThis is a info message from thread 2218-09-2026 00:29:33 [38;5;015m[INFO]: [0mThis is a info message from thread 318-09-2026 00:29:33 [38;5;009m[ERROR]: [0mThis is a error message from thread 618-09-2026 00:29:33 [38;5;015m[INFO]: [0mThis is a info message from thread 1718-09-2026 00:29:33 [38;5;117m[DEBUG]: [0mThis is a debug message from thread 2518-09-2026 00:29:33 [38;5;009m[ERROR]: [0mThis is a error message from thread 2318-09-2026 00:29:33 [38;5;009m[ERROR]: [0mThis is a error message from thread 1118-09-2026 00:29:33 [38;5;009m[ERROR]: [0mThis is a error message from thread 718-09-2026 00:29:33 [38;5;015m[INFO]: [0mThis is a info message from thread 1418-09-2026 00:29:33 [38;5;117m[DEBUG]: [0mThis is a debug message from thread 718-09-2026 00:29:33 [38;5;009m[ERROR]: [0mThis is a error message from thread 318-09-2026 00:29:33 [38;5;015m[INFO]: [0mThis is a info message from thread 718-09-2026 00:29:33 [38;5;009m[ERROR]: [0mThis is a error message from thread 1418-09-2026 00:29:33 [38;5;009m[ERROR]: [0mThis is a error message from thread 2118-09-2026 00:29:33 [38;5;015m[INFO]: [0mThis is a info message from thread 2718-09-2026 00:29:33 [38;5;117m[DEBUG]: [0mThis is a debug message from thread 2118-09-2026 00:29:33 [38;5;009m[ERROR]: [0mThis is a error message from thread 718-09-2026 00:29:33 [38;5;117m[DEBUG]: [0mThis is a debug message from thread 718-09-2026 00:29:33 [38;5;117m[DEBUG]: [0mThis is a debug message from thread 2318-09-2026 00:29:33 [38;5;015m[INFO]: [0mThis is a info message from thread 2518-09-2026 00:29:33 [38;5;015m[INFO]: [0mThis is a info message from thread 2018-09-2026 00:29:33 [38;5;009m[ERROR]: [0mThis is a error message from thread 2518-09-2026 00:29:33 [38;5;117m[DEBUG]: [0mThis is a debug message from thread 018-09-2026 00:29:33 [38;5;009m[ERROR]: [0mThis is a error message from thread 2018-09-2026 00:29:33 [38;5;117m[DEBUG]: [0mThis is a debug message from thread 1418-09-2026 00:29:33 [38;5;015m[INFO]: [0mThis is a info message from thread 2118-09-2026 00:29:33 [38;5;009m[ERROR]: [0mThis is a error message from thread 2218-09-2026 00:29:33 [38;5;117m[DEBUG]: [0mThis is a debug message from thread 2018-09-2026 00:29:33 [38;5;015m[INFO]: [0mThis is a info message from thread 018-09-2026 00:29:33 [38;5;009m[ERROR]: [0mThis is a error message from thread 218-09-2026 00:29:33 [38;5;117m[DEBUG]: [0mThis is a debug message from thread 1218-09-2026 00:29:33 [38;5;117m[DEBUG]: [0mThis is a debug message from thread 918-09-2026 00:29:33 [38;5;015m[INFO]: [0mThis is a info message from thread 118-09-2026 00:29:33 [38;5;015m[INFO]: [0mThis is a info message from thread 918-09-2026 00:29:33 [38;5;015m[INFO]: [0mThis is a info message from thread 718-09-2026 00:29:33 [38;5;009m[ERROR]: [0mThis is a error message from thread 1518-09-2026 00:29:33 [38;5;117m[DEBUG]: [0mThis is a debug message from thread 1318-09-2026 00:29:33 [38;5;015m[INFO]: [0mThis is a info message from thread 1218-09-2026 00:29:33 [38;5;009m[ERROR]: [0mThis is a error message from thread 2118-09-2026 00:29:33 [38;5;009m[ERROR]: [0mThis is a error message from thread 718-09-2026 00:29:33 [38;5;117m[DEBUG]: [0mThis is a debug message from thread 718-09-2026 00:29:33 [38;5;015m[INFO]: [0mThis is a info message from thread 2018-09-2026 00:29:33 [38;5;117m[DEBUG]: [0mThis is a debug message from thread 1118-09-2026 00:29:33 [38;5;117m[DEBUG]: [0mThis is a debug message from thread 2118-09-2026 00:29:33 [38;5;117m[DEBUG]: [0mThis is a debug message from thread 1518-09-2026 00:29:33 [38;5;015m[INFO]: [0mThis is a info message from thread 1318-09-2026 00:29:33 [38;5;015m[INFO]: [0mThis is a info message from thread 418-09-2026 00:29:33 [38;5;015m[INFO]: [0mThis is a info message from thread 2318-09-2026 00:29:33 [38;5;009m[ERROR]: [0mThis is a error message from thread 118-09-2026 00:29:33 [38;5;117m[DEBUG]: [0mThis is a debug message from thread 318-09-2026 00:29:33 [38;5;009m[ERROR]: [0mThis is a error message from thread 2918-09-2026 00:29:33 [38;5;009m[ERROR]: [0mThis is a error message from thread 2818-09-2026 00:29:33 [38;5;015m[INFO]: [0mThis is a info message from thread 1518-09-2026 00:29:33 [38;5;009m[ERROR]: [0mThis is a error message from thread 1318-09-2026 00:29:33 [38;5;117m[DEBUG]: [0mThis is a debug message from thread 2218-09-2026 00:29:33 [38;5;015m[INFO]: [0mThis is a info message from thread 518-09-2026 00:29:33 [38;5;009m[ERROR]: [0mThis is a error message from thread 2318-09-2026 00:29:33 [38;5;009m[ERROR]: [0mThis is a error message from thread 018-09-2026 00:29:33 [38;5;117m[DEBUG]: [0mThis is a debug message from thread 118-09-2026 00:29:33 [38;5;015m[INFO]: [0mThis is a info message from thread 1418-09-2026 00:29:33 [38;5;009m[ERROR]: [0mThis is a error message from thread 1518-09-2026 00:29:33 [38;5;117m[DEBUG]: [0mThis is a debug message from thread 218-09-2026 00:29:33 [38;5;117m[DEBUG]: [0mThis is a debug message from thread 018-09-2026 00:29:33 [38;5;117m[DEBUG]: [0mThis is a debug message from thread 2818-09-2026 00:29:33 [38;5;117m[DEBUG]: [0mThis is a debug message from thread 1318-09-2026 00:29:33 [38;5;015m[INFO]: [0mThis is a info message from thread 818-09-2026 00:29:33 [38;5;009m[ERROR]: [0mThis is a error message from thread 1018-09-2026 00:29:33 [38;5;009m[ERROR]: [0mThis is a error message from thread 1618-09-2026 00:29:33 [38;5;015m[INFO]: [0mThis is a info message from thread 218-09-2026 00:29:33 [38;5;009m[ERROR]: [0mThis is a error message from thread 1918-09-2026 00:29:33 [38;5;009m[ERROR]: [0mThis is a error message from thread 2618-09-2026 00:29:33 [38;5;009m[ERROR]: [0mThis is a error message from thread 1218-09-2026 00:29:33 [38;5;117m[DEBUG]: [0mThis is a debug message from thread 2318-09-2026 00:29:33 [38;5;015m[INFO]: [0mThis is a info message from thread 1118-09-2026 00:29:33 [38;5;117m[DEBUG]: [0mThis is a debug message from thread 1018-09-2026 00:29:33 [38;5;117m[DEBUG]: [0mThis is a debug message from thread 1618-09-2026 00:29:33 [38;5;009m[ERROR]: [0mThis is a error message from thread 1418-09-2026 00:29:33 [38;5;009m[ERROR]: [0mThis is a error message from thread 218-09-2026 00:29:33 [38;5;015m[INFO]: [0mThis is a info message from thread 2118-09-2026 00:29:33 [38;5;015m[INFO]: [0mThis is a info message from thread 2218-09-2026 00:29:33 [38;5;117m[DEBUG]: [0mThis is a debug message from thread 1218-09-2026 00:29:33 [38;5;117m[DEBUG]: [0mThis is a debug message from thread 1818-09-2026 00:29:33 [38;5;015m[INFO]: [0mThis is a info message from thread 2318-09-2026 00:29:33 [38;5;117m[DEBUG]: [0mThis is a debug message from thread 618-09-2026 00:29:33 [38;5;015m[INFO]: [0mThis is a info message from thread 2818-09-2026 00:29:33 [38;5;117m[DEBUG]: [0mThis is a debug message from thread 2918-09-2026 00:29:33 [38;5;015m[INFO]: [0mThis is a info message from thread 1818-09-2026 00:29:33 [38;5;009m[ERROR]: [0mThis is a error message from thread 2018-09-2026 00:29:33 [38;5;009m[ERROR]: [0mThis is a error message from thread 518-09-2026 00:29:33 [38;5;009m[ERROR]: [0mThis is a error message from thread 2218-09-2026 00:29:33 [38;5;015m[INFO]: [0mThis is a info message from thread 1618-09-2026 00:29:33 [38;5;009m[ERROR]: [0mThis is a error message from thread 1718-09-2026 00:29:33 [38;5;015m[INFO]: [0mThis is a info message from thread 618-09-2026 00:29:33 [38;5;009m[ERROR]: [0mThis is a error message from thread 1818-09-2026 00:29:33 [38;5;117m[DEBUG]: [0mThis is a debug message from thread 2018-09-2026 00:29:33 [38;5;117m[DEBUG]: [0mThis is a debug message from thread 1918-09-2026 00:29:33 [38;5;117m[DEBUG]: [0mThis is a debug message from thread 2518-09-2026 00:29:33 [38;5;117m[DEBUG]: [0mThis is a debug message from thread 518-09-2026 00:29:33 [38;5;015m[INFO]: [0mThis is a info message from thread 2518-09-2026 00:29:33 [38;5;009m[ERROR]: [0mThis is a error message from thread 2318-09-2026 00:29:33 [38;5;009m[ERROR]: [0mThis is a error message from thread 2518-09-2026 00:29:33 [38;5;015m[INFO]: [0mThis is a info message from thread 518-09-2026 00:29:33 [38;5;015m[INFO]: [0mThis is a info message from thread 2918-09-2026 00:29:33 [38;5;015m[INFO]: [0mThis is a info message from thread 1318-09-2026 00:29:33 [38;5;009m[ERROR]: [0mThis is a error message from thread 1618-09-2026 00:29:33 [38;5;117m[DEBUG]: [0mThis is a debug message from thread 1718-09-2026 00:29:33 [38;5;117m[DEBUG]: [0mThis is a debug message from thread 1818-09-2026 00:29:33 [38;5;015m[INFO]: [0mThis is a info message from thread 1918-09-2026 00:29:33 [38;5;015m[INFO]: [0mThis is a info message from thread 2018-09-2026 00:29:33 [38;5;009m[ERROR]: [0mThis is a error message from thread 1118-09-2026 00:29:33 [38;5;009m[ERROR]: [0mThis is a error message from thread 1918-09-2026 00:29:33 [38;5;015m[INFO]: [0mThis is a info message from thread 718-09-2026 00:29:33 [38;5;117m[DEBUG]: [0mThis is a debug message from thread 1118-09-2026 00:29:33 [38;5;015m[INFO]: [0mThis is a info message from thread 018-09-2026 00:29:33 [38;5;009m[ERROR]: [0mThis is a error message from thread 2018-09-2026 00:29:33 [38;5;009m[ERROR]: [0mThis is a error message from thread 2718-09-2026 00:29:33 [38;5;009m[ERROR]: [0mThis is a error message from thread 818-09-2026 00:29:33 [38;5;015m[INFO]: [0mThis is a info message from thread 1018-09-2026 00:29:33 [38;5;117m[DEBUG]: [0mThis is a debug message from thread 818-09-2026 00:29:33 [38;5;117m[DEBUG]: [0mThis is a debug message from thread 1618-09-2026 00:29:33 [38;5;009m[ERROR]: [0mThis is a error message from thread 918-09-2026 00:29:33 [38;5;117m[DEBUG]: [0mThis is a debug message from thread 2018-09-2026 00:29:33 [38;5;015m[INFO]: [0mThis is a info message from thread 118-09-2026 00:29:33 [38;5;117m[DEBUG]: [0mThis is a debug message from thread 218-09-2026 00:29:33 [38;5;117m[DEBUG]: [0mThis is a debug message from thread 1918-09-2026 00:29:33 [38;5;015m[INFO]: [0mThis is a info message from thread 818-09-2026 00:29:33 [38;5;117m[DEBUG]: [0mThis is a debug message from thread 918-09-2026 00:29:33 [38;5;009m[ERROR]: [0mThis is a error message from thread 418-09-2026 00:29:33 [38;5;015m[INFO]: [0mThis is a info message from thread 1118-09-2026 00:29:33 [38;5;117m[DEBUG]: [0mThis is a debug message from thread 2318-09-2026 00:29:33 [38;5;009m[ERROR]: [0mThis is a error message from thread 118-09-2026 00:29:33 [38;5;015m[INFO]: [0mThis is a info message from thread 318-09-2026 00:29:33 [38;5;117m[DEBUG]: [0mThis is a debug message from thread 2218-09-2026 00:29:33 [38;5;015m[INFO]: [0mThis is a info message from thread 918-09-2026 00:29:33 [38;5;117m[DEBUG]: [0mThis is a debug message from thread 1518-09-2026 00:29:33 [38;5;015m[INFO]: [0mThis is a info message from thread 218-09-2026 00:29:33 [38;5;015m[INFO]: [0mThis is a info message from thread 1918-09-2026 00:29:33 [38;5;009m[ERROR]: [0mThis is a error message from thread 818-09-2026 00:29:33 [38;5;009m[ERROR]: [0mThis is a error message from thread 718-09-2026 00:29:33 [38;5;117m[DEBUG]: [0mThis is a debug message from thread 118-09-2026 00:29:33 [38;5;015m[INFO]: [0mThis is a info message from thread 2318-09-2026 00:29:33 [38;5;009m[ERROR]: [0mThis is a error message from thread 018-09-2026 00:29:33 [38;5;009m[ERROR]: [0mThis is a error message from thread 2118-09-2026 00:29:33 [38;5;015m[INFO]: [0mThis is a info message from thread 2218-09-2026 00:29:33 [38;5;009m[ERROR]: [0mThis is a error message from thread 518-09-2026 00:29:33 [38;5;009m[ERROR]: [0mThis is a error message from thread 918-09-2026 00:29:33 [38;5;117m[DEBUG]: [0mThis is a debug message from thread 718-09-2026 00:29:33 [38;5;117m[DEBUG]: [0mThis is a debug message from thread 018-09-2026 00:29:33 [38;5;009m[ERROR]: [0mThis is a error message from thread 2918-09-2026 00:29:33 [38;5;015m[INFO]: [0mThis is a info message from thread 1618-09-2026 00:29:33 [38;5;015m[INFO]: [0mThis is a info message from thread 1818-09-2026 00:29:33 [38;5;015m[INFO]: [0mThis is a info message from thread 1518-09-2026 00:29:33 [38;5;009m[ERROR]: [0mThis is a error message from thread 2318-09-2026 00:29:33 [38;5;117m[DEBUG]: [0mThis is a debug message from thread 518-09-2026 00:29:33 [38;5;009m[ERROR]: [0mThis is a error message from thread 218-09-2026 00:29:33 [38;5;015m[INFO]: [0mThis is a info message from thread 118-09-2026 00:29:33 [38;5;117m[DEBUG]: [0mThis is a debug message from thread 218-09-2026 00:29:33 [38;5;015m[INFO]: [0mThis is a info message from thread 518-09-2026 00:29:33 [38;5;015m[INFO]: [0mThis is a info message from thread 018-09-2026 00:29:33 [38;5;009m[ERROR]: [0mThis is a error message from thread 2818-09-2026 00:29:33 [38;5;117m[DEBUG]: [0mThis is a debug message from thread 2918-09-2026 00:29:33 [38;5;015m[INFO]: [0mThis is a info message from thread 218-09-2026 00:29:33 [38;5;117m[DEBUG]: [0mThis is a debug message from thread 2318-09-2026 00:29:33 [38;5;117m[DEBUG]: [0mThis is a debug message from thread 2718-09-2026 00:29:33 [38;5;009m[ERROR]: [0mThis is a error message from thread 1618-09-2026 00:29:33 [38;5;009m[ERROR]: [0mThis is a error message from thread 518-09-2026 00:29:33 [38;5;117m[DEBUG]: [0mThis is a debug message from thread 518-09-2026 00:29:33 [38;5;015m[INFO]: [0mThis is a info message from thread 2918-09-2026 00:29:33 [38;5;117m[DEBUG]: [0mThis is a debug message from thread 2818-09-2026 00:29:33 [38;5;009m[ERROR]: [0mThis is a error message from thread 1818-09-2026 00:29:33 [38;5;015m[INFO]: [0mThis is a info message from thread 1718-09-2026 00:29:33 [38;5;117m[DEBUG]: [0mThis is a debug message from thread 2618-09-2026 00:29:33 [38;5;117m[DEBUG]: [0mThis is a debug message from thread 1618-09-2026 00:29:33 [38;5;009m[ERROR]: [0mThis is a error message from thread 2918-09-2026 00:29:33 [38;5;015m[INFO]: [0mThis is a info message from thread 1618-09-2026 00:29:33 [38;5;015m[INFO]: [0mThis is a info message from thread 518-09-2026 00:29:33 [38;5;009m[ERROR]: [0mThis is a error message from thread 1718-09-2026 00:29:33 [38;5;117m[DEBUG]: [0mThis is a debug message from thread 2418-09-2026 00:29:33 [38;5;009m[ERROR]: [0mThis is a error message from thread 1618-09-2026 00:29:33 [38;5;117m[DEBUG]: [0mThis is a debug message from thread 2918-09-2026 00:29:33 [38;5;009m[ERROR]: [0mThis is a error message from thread 118-09-2026 00:29:33 [38;5;117m[DEBUG]: [0mThis is a debug message from thread 1818-09-2026 00:29:33 [38;5;117m[DEBUG]: [0mThis is a debug message from thread 1718-09-2026 00:29:33 [38;5;117m[DEBUG]: [0mThis is a debug message from thread 1618-09-2026 00:29:33 [38;5;015m[INFO]: [0mThis is a info message from thread 2418-09-2026 00:29:33 [38;5;015m[INFO]: [0mThis is a info message from thread 2318-09-2026 00:29:33 [38;5;015m[INFO]: [0mThis is a info message from thread 1618-09-2026 00:29:33 [38;5;015m[INFO]: [0mThis is a info message from thread 1718-09-2026 00:29:33 [38;5;015m[INFO]: [0mThis is a info message from thread 2818-09-2026 00:29:33 [38;5;009m[ERROR]: [0mThis is a error message from thread 1918-09-2026 00:29:33 [38;5;009m[ERROR]: [0mThis is a error message from thread 2318-09-2026 00:29:33 [38;5;009m[ERROR]: [0mThis is a error message from thread 318-09-2026 00:29:33 [38;5;009m[ERROR]: [0mThis is a error message from thread 218-09-2026 00:29:33 [38;5;117m[DEBUG]: [0mThis is a debug message from thread 2518-09-2026 00:29:33 [38;5;009m[ERROR]: [0mThis is a error message from thread 1618-09-2026 00:29:33 [38;5;009m[ERROR]: [0mThis is a error message from thread 518-09-2026 00:29:33 [38;5;117m[DEBUG]: [0mThis is a debug message from thread 918-09-2026 00:29:33 [38;5;117m[DEBUG]: [0mThis is a debug message from thread 1918-09-2026 00:29:33 [38;5;009m[ERROR]: [0mThis is a error message from thread 018-09-2026 00:29:33 [38;5;117m[DEBUG]: [0mThis is a debug message from thread 318-09-2026 00:29:33 [38;5;015m[INFO]: [0mThis is a info message from thread 318-09-2026 00:29:33 [38;5;015m[INFO]: [0mThis is a info message from thread 1918-09-2026 00:29:33 [38;5;015m[INFO]: [0mThis is a info message from thread 2018-09-2026 00:29:33 [38;5;117m[DEBUG]: [0mThis is a debug message from thread 018-09-2026 00:29:33 [38;5;015m[INFO]: [0mThis is a info message from thread 2618-09-2026 00:29:33 [38;5;117m[DEBUG]: [0mThis is a debug message from thread 418-09-2026 00:29:33 [38;5;009m[ERROR]: [0mThis is a error message from thread 2618-09-2026 00:29:33 [38;5;015m[INFO]: [0mThis is a info message from thread 918-09-2026 00:29:33 [38;5;015m[INFO]: [0mThis is a info message from thread 1818-09-2026 00:29:33 [38;5;117m[DEBUG]: [0mThis is a debug message from thread 218-09-2026 00:29:33 [38;5;117m[DEBUG]: [0mThis is a debug message from thread 2618-09-2026 00:29:33 [38;5;117m[DEBUG]: [0mThis is a debug message from thread 2318-09-2026 00:29:33 [38;5;015m[INFO]: [0mThis is a info message from thread 418-09-2026 00:29:33 [38;5;009m[ERROR]: [0mThis is a error message from thread 918-09-2026 00:29:33 [38;5;009m[ERROR]: [0mThis is a error message from thread 318-09-2026 00:29:33 [38;5;009m[ERROR]: [0mThis is a error message from thread 1818-09-2026 00:29:33 [38;5;009m[ERROR]: [0mThis is a error message from thread 2018-09-2026 00:29:33 [38;5;015m[INFO]: [0mThis is a info message from thread 2518-09-2026 00:29:33 [38;5;009m[ERROR]: [0mThis is a error message from thread 1918-09-2026 00:29:33 [38;5;015m[INFO]: [0mThis is a info message from thread 2718-09-2026 00:29:33 [38;5;015m[INFO]: [0mThis is a info message from thread 2618-09-2026 00:29:33 [38;5;117m[DEBUG]: [0mThis is a debug message from thread 518-09-2026 00:29:33 [38;5;009m[ERROR]: [0mThis is a error message from thread 1118-09-2026 00:29:33 [38;5;015m[INFO]: [0mThis is a info message from thread 218-09-2026 00:29:33 [38;5;117m[DEBUG]: [0mThis is a debug message from thread 1418-09-2026 00:29:33 [38;5;117m[DEBUG]: [0mThis is a debug message from thread 818-09-2026 00:29:33 [38;5;117m[DEBUG]: [0mThis is a debug message from thread 318-09-2026 00:29:33 [38;5;117m[DEBUG]: [0mThis is a debug message from thread 1618-09-2026 00:29:33 [38;5;009m[ERROR]: [0mThis is a error message from thread 618-09-2026 00:29:33 [38;5;015m[INFO]: [0mThis is a info message from thread 318-09-2026 00:29:33 [38;5;009m[ERROR]: [0mThis is a error message from thread 418-09-2026 00:29:33 [38;5;009m[ERROR]: [0mThis is a error message from thread 2218-09-2026 00:29:33 [38;5;009m[ERROR]: [0mThis is a error message from thread 218-09-2026 00:29:33 [38;5;009m[ERROR]: [0mThis is a error message from thread 1018-09-2026 00:29:33 [38;5;009m[ERROR]: [0mThis is a error message from thread 2418-09-2026 00:29:33 [38;5;015m[INFO]: [0mThis is a info message from thread 2918-09-2026 00:29:33 [38;5;117m[DEBUG]: [0mThis is a debug message from thread 118-09-2026 00:29:33 [38;5;117m[DEBUG]: [0mThis is a debug message from thread 2418-09-2026 00:29:33 [38;5;015m[INFO]: [0mThis is a info message from thread 2418-09-2026 00:29:33 [38;5;009m[ERROR]: [0mThis is a error message from thread 1518-09-2026 00:29:33 [38;5;117m[DEBUG]: [0mThis is a debug message from thread 2218-09-2026 00:29:33 [38;5;009m[ERROR]: [0mThis is a error message from thread 318-09-2026 00:29:33 [38;5;015m[INFO]: [0mThis is a info message from thread 1218-09-2026 00:29:33 [38;5;117m[DEBUG]: [0mThis is a debug message from thread 1118-09-2026 00:29:33 [38;5;015m[INFO]: [0mThis is a info message from thread 2318-09-2026 00:29:33 [38;5;009m[ERROR]: [0mThis is a error message from thread 1218-09-2026 00:29:33 [38;5;117m[DEBUG]: [0mThis is a debug message from thread 1518-09-2026 00:29:33 [38;5;117m[DEBUG]: [0mThis is a debug message from thread 318-09-2026 00:29:33 [38;5;117m[DEBUG]: [0mThis is a debug message from thread 2018-09-2026 00:29:33 [38;5;117m[DEBUG]: [0mThis is a debug message from thread 918-09-2026 00:29:33 [38;5;015m[INFO]: [0mThis is a info message from thread 818-09-2026 00:29:33 [38;5;015m[INFO]: [0mThis is a info message from thread 1118-09-2026 00:29:33 [38;5;009m[ERROR]: [0mThis is a error message from thread 2418-09-2026 00:29:33 [38;5;117m[DEBUG]: [0mThis is a debug message from thread 2118-09-2026 00:29:33 [38;5;015m[INFO]: [0mThis is a info message from thread 2218-09-2026 00:29:33 [38;5;009m[ERROR]: [0mThis is a error message from thread 2718-09-2026 00:29:33 [38;5;015m[INFO]: [0mThis is a info message from thread 318-09-2026 00:29:33 [38;5;117m[DEBUG]: [0mThis is a debug message from thread 2418-09-2026 00:29:33 [38;5;009m[ERROR]: [0mThis is a error message from thread 2218-09-2026 00:29:33 [38;5;009m[ERROR]: [0mThis is a error message from thread 818-09-2026 00:29:33 [38;5;009m[ERROR]: [0mThis is a error message from thread 318-09-2026 00:29:33 [38;5;015m[INFO]: [0mThis is a info message from thread 2018-09-2026 00:29:33 [38;5;015m[INFO]: [0mThis is a info message from thread 1518-09-2026 00:29:33 [38;5;117m[DEBUG]: [0mThis is a debug message from thread 318-09-2026 00:29:33 [38;5;015m[INFO]: [0mThis is a info message from thread 918-09-2026 00:29:33 [38;5;009m[ERROR]: [0mThis is a error message from thread 2018-09-2026 00:29:33 [38;5;117m[DEBUG]: [0mThis is a debug message from thread 618-09-2026 00:29:33 [38;5;009m[ERROR]: [0mThis is a error message from thread 1518-09-2026 00:29:33 [38;5;117m[DEBUG]: [0mThis is a debug message from thread 1918-09-2026 00:29:33 [38;5;117m[DEBUG]: [0mThis is a debug message from thread 2218-09-2026 00:29:33 [38;5;015m[INFO]: [0mThis is a info message from thread 318-09-2026 00:29:33 [38;5;117m[DEBUG]: [0mThis is a debug message from thread 2018-09-2026 00:29:33 [38;5;015m[INFO]: [0mThis is a info message from thread 718-09-2026 00:29:33 [38;5;009m[ERROR]: [0mThis is a error message from thread 918-09-2026 00:29:33 [38;5;015m[INFO]: [0mThis is a info message from thread 2118-09-2026 00:29:33 [38;5;117m[DEBUG]: [0mThis is a debug message from thread 1018-09-2026 00:29:33 [38;5;015m[INFO]: [0mThis is a info message from thread 2018-09-2026 00:29:33 [38;5;009m[ERROR]: [0mThis is a error message from thread 2118-09-2026 00:29:33 [38;5;015m[INFO]: [0mThis is a info message from thread 2218-09-2026 00:29:33 [38;5;015m[INFO]: [0mThis is a info message from thread 1018-09-2026 00:29:33 [38;5;009m[ERROR]: [0mThis is a error message from thread 2018-09-2026 00:29:33 [38;5;117m[DEBUG]: [0mThis is a debug message from thread 918-09-2026 00:29:33 [38;5;117m[DEBUG]: [0mThis is a debug message from thread 2018-09-2026 00:29:33 [38;5;117m[DEBUG]: [0mThis is a debug message from thread 1518-09-2026 00:29:33 [38;5;117m[DEBUG]: [0mThis is a debug message from thread 2118-09-2026 00:29:33 [38;5;009m[ERROR]: [0mThis is a error message from thread 718-09-2026 00:29:33 [38;5;009m[ERROR]: [0mThis is a error message from thread 2218-09-2026 00:29:33 [38;5;117m[DEBUG]: [0mThis is a debug message from thread 2718-09-2026 00:29:33 [38;5;009m[ERROR]: [0mThis is a error message from thread 1318-09-2026 00:29:33 [38;5;015m[INFO]: [0mThis is a info message from thread 1918-09-2026 00:29:33 [38;5;015m[INFO]: [0mThis is a info message from thread 2018-09-2026 00:29:33 [38;5;009m[ERROR]: [0mThis is a error message from thread 2018-09-2026 00:29:33 [38;5;015m[INFO]: [0mThis is a info message from thread 1518-09-2026 00:29:33 [38;5;015m[INFO]: [0mThis is a info message from thread 918-09-2026 00:29:33 [38;5;009m[ERROR]: [0mThis is a error message from thread 1918-09-2026 00:29:33 [38;5;009m[ERROR]: [0mThis is a error message from thread 918-09-2026 00:29:33 [38;5;009m[ERROR]: [0mThis is a error message from thread 1518-09-2026 00:29:33 [38;5;009m[ERROR]: [0mThis is a error message from thread 2618-09-2026 00:29:33 [38;5;015m[INFO]: [0mThis is a info message from thread 1618-09-2026 00:29:33 [38;5;009m[ERROR]: [0mThis is a error message from thread 1718-09-2026 00:29:33 [38;5;117m[DEBUG]: [0mThis is a debug message from thread 918-09-2026 00:29:33 [38;5;015m[INFO]: [0mThis is a info message from thread 1418-09-2026 00:29:33 [38;5;015m[INFO]: [0mThis is a info message from thread 2718-09-2026 00:29:33 [38;5;009m[ERROR]: [0mThis is a error message from thread 2818-09-2026 00:29:33 [38;5;117m[DEBUG]: [0mThis is a debug message from thread 1318-09-2026 00:29:33 [38;5;117m[DEBUG]: [0mThis is a debug message from thread 1218-09-2026 00:29:33 [38;5;015m[INFO]: [0mThis is a info message from thread 918-09-2026 00:29:33 [38;5;009m[ERROR]: [0mThis is a error message from thread 1618-09-2026 00:29:33 [38;5;009m[ERROR]: [0mThis is a error message from thread 918-09-2026 00:29:33 [38;5;117m[DEBUG]: [0mThis is a debug message from thread 1518-09-2026 00:29:33 [38;5;009m[ERROR]: [0mThis is a error message from thread 2518-09-2026 00:29:33 [38;5;117m[DEBUG]: [0mThis is a debug message from thread 1818-09-2026 00:29:33 [38;5;117m[DEBUG]: [0mThis is a debug message from thread 2818-09-2026 00:29:33 [38;5;015m[INFO]: [0mThis is a info message from thread 1318-09-2026 00:29:33 [38;5;015m[INFO]: [0mThis is a info message from thread 618-09-2026 00:29:33 [38;5;015m[INFO]: [0mThis is a info message from thread 518-09-2026 00:29:33 [38;5;117m[DEBUG]: [0mThis is a debug message from thread 418-09-2026 00:29:33 [38;5;117m[DEBUG]: [0mThis is a debug message from thread 918-09-2026 00:29:33 [38;5;009m[ERROR]: [0mThis is a error message from thread 318-09-2026 00:29:33 [38;5;015m[INFO]: [0mThis is a info message from thread 2818-09-2026 00:29:33 [38;5;015m[INFO]: [0mThis is a info message from thread 2118-09-2026 00:29:33 [38;5;009m[ERROR]: [0mThis is a error message from thread 1018-09-2026 00:29:33 [38;5;117m[DEBUG]: [0mThis is a debug message from thread 318-09-2026 00:29:33 [38;5;015m[INFO]: [0mThis is a info message from thread 418-09-2026 00:29:33 [38;5;015m[INFO]: [0mThis is a info message from thread 318-09-2026 00:29:33 [38;5;009m[ERROR]: [0mThis is a error message from thread 2818-09-2026 00:29:33 [38;5;015m[INFO]: [0mThis is a info message from thread 918-09-2026 00:29:33 [38;5;117m[DEBUG]: [0mThis is a debug message from thread 2818-09-2026 00:29:33 [38;5;009m[ERROR]: [0mThis is a error message from thread 1318-09-2026 00:29:33 [38;5;117m[DEBUG]: [0mThis is a debug message from thread 818-09-2026 00:29:33 [38;5;009m[ERROR]: [0mThis is a error message from thread 2118-09-2026 00:29:33 [38;5;117m[DEBUG]: [0mThis is a debug message from thread 2018-09-2026 00:29:33 [38;5;009m[ERROR]: [0mThis is a error message from thread 2718-09-2026 00:29:33 [38;5;117m[DEBUG]: [0mThis is a debug message from thread 1618-09-2026 00:29:33 [38;5;015m[INFO]: [0mThis is a info message from thread 2018-09-2026 00:29:33 [38;5;117m[DEBUG]: [0mThis is a debug message from thread 2518-09-2026 00:29:33 [38;5;015m[INFO]: [0mThis is a info message from thread 2518-09-2026 00:29:33 [38;5;117m[DEBUG]: [0mThis is a debug message from thread 2218-09-2026 00:29:33 [38;5;117m[DEBUG]: [0mThis is a debug message from thread 1918-09-2026 00:29:33 [38;5;009m[ERROR]: [0mThis is a error message from thread 2518-09-2026 00:29:33 [38;5;009m[ERROR]: [0mThis is a error message from thread 518-09-2026 00:29:33 [38;5;009m[ERROR]: [0mThis is a error message from thread 1418-09-2026 00:29:33 [38;5;009m[ERROR]: [0mThis is a error message from thread 2918-09-2026 00:29:33 [38;5;009m[ERROR]: [0mThis is a error message from thread 318-09-2026 00:29:33 [38;5;009m[ERROR]: [0mThis is a error message from thread 918-09-2026 00:29:33 [38;5;009m[ERROR]: [0mThis is a error message from thread 2018-09-2026 00:29:33 [38;5;009m[ERROR]: [0mThis is a error message from thread 1118-09-2026 00:29:33 [38;5;117m[DEBUG]: [0mThis is a debug message from thread 718-09-2026 00:29:33 [38;5;015m[INFO]: [0mThis is a info message from thread 018-09-2026 00:29:33 [38;5;117m[DEBUG]: [0mThis is a debug message from thread 218-09-2026 00:29:33 [38;5;117m[DEBUG]: [0mThis is a debug message from thread 2518-09-2026 00:29:33 [38;5;117m[DEBUG]: [0mThis is a debug message from thread 318-09-2026 00:29:33 [38;5;117m[DEBUG]: [0mThis is a debug message from thread 1018-09-2026 00:29:33 [38;5;015m[INFO]: [0mThis is a info message from thread 318-09-2026 00:29:33 [38;5;117m[DEBUG]: [0mThis is a debug message from thread 2018-09-2026 00:29:33 [38;5;015m[INFO]: [0mThis is a info message from thread 1218-09-2026 00:29:33 [38;5;009m[ERROR]: [0mThis is a error message from thread 318-09-2026 00:29:33 [38;5;009m[ERROR]: [0mThis is a error message from thread 618-09-2026 00:29:33 [38;5;015m[INFO]: [0mThis is a info message from thread 2418-09-2026 00:29:33 [38;5;009m[ERROR]: [0mThis is a error message from thread 418-09-2026 00:29:33 [38;5;117m[DEBUG]: [0mThis is a debug message from thread 1418-09-2026 00:29:33 [38;5;117m[DEBUG]: [0mThis is a debug message from thread 318-09-2026 00:29:33 [38;5;015m[INFO]: [0mThis is a info message from thread 2818-09-2026 00:29:33 [38;5;015m[INFO]: [0mThis is a info message from thread 718-09-2026 00:29:33 [38;5;117m[DEBUG]: [0mThis is a debug message from thread 1118-09-2026 00:29:33 [38;5;009m[ERROR]: [0mThis is a error message from thread 718-09-2026 00:29:33 [38;5;117m[DEBUG]: [0mThis is a debug message from thread 918-09-2026 00:29:33 [38;5;015m[INFO]: [0mThis is a info message from thread 1918-09-2026 00:29:33 [38;5;117m[DEBUG]: [0mThis is a debug message from thread 518-09-2026 00:29:33 [38;5;015m[INFO]: [0mThis is a info message from thread 1018-09-2026 00:29:33 [38;5;009m[ERROR]: [0mThis is a error message from thread 2818-09-2026 00:29:33 [38;5;015m[INFO]: [0mThis is a info message from thread 2018-09-2026 00:29:33 [38;5;117m[DEBUG]: [0mThis is a debug message from thread 418-09-2026 00:29:33 [38;5;015m[INFO]: [0mThis is a info message from thread 2218-09-2026 00:29:33 [38;5;117m[DEBUG]: [0mThis is a debug message from thread 1718-09-2026 00:29:33 [38;5;015m[INFO]: [0mThis is a info message from thread 118-09-2026 00:29:33 [38;5;015m[INFO]: [0mThis is a info message from thread 1118-09-2026 00:29:33 [38;5;009m[ERROR]: [0mThis is a error message from thread 2218-09-2026 00:29:33 [38;5;015m[INFO]: [0mThis is a info message from thread 518-09-2026 00:29:33 [38;5;009m[ERROR]: [0mThis is a error message from thread 1918-09-2026 00:29:33 [38;5;015m[INFO]: [0mThis is a info message from thread 318-09-2026 00:29:33 [38;5;015m[INFO]: [0mThis is a info message from thread 2518-09-2026 00:29:33 [38;5;015m[INFO]: [0mThis is a info message from thread 418-09-2026 00:29:33 [38;5;009m[ERROR]: [0mThis is a error message from thread 2318-09-2026 00:29:33 [38;5;015m[INFO]: [0mThis is a info message from thread 1418-09-2026 00:29:33 [38;5;009m[ERROR]: [0mThis is a error message from thread 1018-09-2026 00:29:33 [38;5;009m[ERROR]: [0mThis is a error message from thread 2418-09-2026 00:29:33 [38;5;015m[INFO]: [0mThis is a info message from thread 818-09-2026 00:29:33 [38;5;117m[DEBUG]: [0mThis is a debug message from thread 2918-09-2026 00:29:33 [38;5;117m[DEBUG]: [0mThis is a debug message from thread 2318-09-2026 00:29:33 [38;5;009m[ERROR]: [0mThis is a error message from thread 1118-09-2026 00:29:33 [38;5;009m[ERROR]: [0mThis is a error message from thread 418-09-2026 00:29:33 [38;5;117m[DEBUG]: [0mThis is a debug message from thread 2818-09-2026 00:29:33 [38;5;015m[INFO]: [0mThis is a info message from thread 1618-09-2026 00:29:33 [38;5;009m[ERROR]: [0mThis is a error message from thread 1418-09-2026 00:29:33 [38;5;015m[INFO]: [0mThis is a info message from thread 2918-09-2026 00:29:33 [38;5;117m[DEBUG]: [0mThis is a debug message from thread 1318-09-2026 00:29:33 [38;5;015m[INFO]: [0mThis is a info message from thread 2318-09-2026 00:29:33 [38;5;117m[DEBUG]: [0mThis is a debug message from thread 2418-09-2026 00:29:33 [38;5;015m[INFO]: [0mThis is a info message from thread 218-09-2026 00:29:33 [38;5;117m[DEBUG]: [0mThis is a debug message from thread 2218-09-2026 00:29:33 [38;5;117m[DEBUG]: [0mThis is a debug message from thread 718-09-2026 00:29:33 [38;5;117m[DEBUG]: [0mThis is a debug message from thread 1118-09-2026 00:29:33 [38;5;009m[ERROR]: [0mThis is a error message from thread 2318-09-2026 00:29:33 [38;5;009m[ERROR]: [0mThis is a error message from thread 2518-09-2026 00:29:33 [38;5;015m[INFO]: [0mThis is a info message from thread 1518-09-2026 00:29:33 [38;5;015m[INFO]: [0mThis is a info message from thread 2818-09-2026 00:29:33 [38;5;009m[ERROR]: [0mThis is a error message from thread 2918-09-2026 00:29:33 [38;5;009m[ERROR]: [0mThis is a error message from thread 818-09-2026 00:29:33 [38;5;009m[ERROR]: [0mThis is a error message from thread 318-09-2026 00:29:33 [38;5;009m[ERROR]: [0mThis is a error message from thread 1518-09-2026 00:29:33 [38;5;117m[DEBUG]: [0mThis is a debug message from thread 2518-09-2026 00:29:33 [38;5;117m[DEBUG]: [0mThis is a debug message from thread 2118-09-2026 00:29:33 [38;5;015m[INFO]: [0mThis is a info message from thread 2218-09-2026 00:29:33 [38;5;117m[DEBUG]: [0mThis is a debug message from thread 2918-09-2026 00:29:33 [38;5;015m[INFO]: [0mThis is a info message from thread 1718-09-2026 00:29:33 [38;5;117m[DEBUG]: [0mThis is a debug message from thread 618-09-2026 00:29:33 [38;5;009m[ERROR]: [0mThis is a error message from thread 2218-09-2026 00:29:33 [38;5;009m[ERROR]: [0mThis is a error message from thread 118-09-2026 00:29:33 [38;5;009m[ERROR]: [0mThis is a error message from thread 1218-09-2026 00:29:33 [38;5;117m[DEBUG]: [0mThis is a debug message from thread 1418-09-2026 00:29:33 [38;5;117m[DEBUG]: [0mThis is a debug message from thread 2318-09-2026 00:29:33 [38;5;015m[INFO]: [0mThis is a info message from thread 718-09-2026 00:29:33 [38;5;015m[INFO]: [0mThis is a info message from thread 1818-09-2026 00:29:33 [38;5;009m[ERROR]: [0mThis is a error message from thread 2018-09-2026 00:29:33 [38;5;015m[INFO]: [0mThis is a info message from thread 2318-09-2026 00:29:33 [38;5;009m[ERROR]: [0mThis is a error message from thread 1618-09-2026 00:29:33 [38;5;117m[DEBUG]: [0mThis is a debug message from thread 1518-09-2026 00:29:33 [38;5;009m[ERROR]: [0mThis is a error message from thread 518-09-2026 00:29:33 [38;5;009m[ERROR]: [0mThis is a error message from thread 218-09-2026 00:29:33 [38;5;015m[INFO]: [0mThis is a info message from thread 918-09-2026 00:29:33 [38;5;015m[INFO]: [0mThis is a info message from thread 1518-09-2026 00:29:33 [38;5;009m[ERROR]: [0mThis is a error message from thread 1818-09-2026 00:29:33 [38;5;117m[DEBUG]: [0mThis is a debug message from thread 518-09-2026 00:29:33 [38;5;117m[DEBUG]: [0mThis is a debug message from thread 2618-09-2026 00:29:33 [38;5;015m[INFO]: [0mThis is a info message from thread 518-09-2026 00:29:33 [38;5;009m[ERROR]: [0mThis is a error message from thread 518-09-2026 00:29:33 [38;5;009m[ERROR]: [0mThis is a error message from thread 1518-09-2026 00:29:33 [38;5;015m[INFO]: [0mThis is a info message from thread 1118-09-2026 00:29:33 [38;5;015m[INFO]: [0mThis is a info message from thread 2518-09-2026 00:29:33 [38;5;117m[DEBUG]: [0mThis is a debug message from thread 818-09-2026 00:29:33 [38;5;117m[DEBUG]: [0mThis is a debug message from thread 1918-09-2026 00:29:33 [38;5;015m[INFO]: [0mThis is a info message from thread 818-09-2026 00:29:33 [38;5;009m[ERROR]: [0mThis is a error message from thread 918-09-2026 00:29:33 [38;5;009m[ERROR]: [0mThis is a error message from thread 1118-09-2026 00:29:33 [38;5;117m[DEBUG]: [0mThis is a debug message from thread 918-09-2026 00:29:33 [38;5;117m[DEBUG]: [0mThis is a debug message from thread 1518-09-2026 00:29:33 [38;5;117m[DEBUG]: [0mThis is a debug message from thread 2018-09-2026 00:29:33 [38;5;117m[DEBUG]: [0mThis is a debug message from thread 518-09-2026 00:29:33 [38;5;117m[DEBUG]: [0mThis is a debug message from thread 2218-09-2026 00:29:33 [38;5;015m[INFO]: [0mThis is a info message from thread 1418-09-2026 00:29:33 [38;5;015m[INFO]: [0mThis is a info message from thread 2918-09-2026 00:29:33 [38;5;015m[INFO]: [0mThis is a info message from thread 518-09-2026 00:29:33 [38;5;015m[INFO]: [0mThis is a info message from thread 918-09-2026 00:29:33 [38;5;009m[ERROR]: [0mThis is a error message from thread 718-09-2026 00:29:33 [38;5;015m[INFO]: [0mThis is a info message from thread 1918-09-2026 00:29:33 [38;5;015m[INFO]: [0mThis is a info message from thread 1518-09-2026 00:29:33 [38;5;117m[DEBUG]: [0mThis is a debug message from thread 1818-09-2026 00:29:33 [38;5;117m[DEBUG]: [0mThis is a debug message from thread 1118-09-2026 00:29:33 [38;5;117m[DEBUG]: [0mThis is a debug message from thread 1018-09-2026 00:29:33 [38;5;117m[DEBUG]: [0mThis is a debug message from thread 218-09-2026 00:29:33 [38;5;009m[ERROR]: [0mThis is a error message from thread 1518-09-2026 00:29:33 [38;5;117m[DEBUG]: [0mThis is a debug message from thread 2718-09-2026 00:29:33 [38;5;015m[INFO]: [0mThis is a info message from thread 2218-09-2026 00:29:33 [38;5;015m[INFO]: [0mThis is a info message from thread 1118-09-2026 00:29:33 [38;5;015m[INFO]: [0mThis is a info message from thread 2718-09-2026 00:29:33 [38;5;009m[ERROR]: [0mThis is a error message from thread 518-09-2026 00:29:33 [38;5;009m[ERROR]: [0mThis is a error message from thread 1718-09-2026 00:29:33 [38;5;009m[ERROR]: [0mThis is a error message from thread 1418-09-2026 00:29:33 [38;5;009m[ERROR]: [0mThis is a error message from thread 2218-09-2026 00:29:33 [38;5;117m[DEBUG]: [0mThis is a debug message from thread 1518-09-2026 00:29:33 [38;5;117m[DEBUG]: [0mThis is a debug message from thread 1718-09-2026 00:29:33 [38;5;117m[DEBUG]: [0mThis is a debug message from thread 118-09-2026 00:29:33 [38;5;015m[INFO]: [0mThis is a info message from thread 1318-09-2026 00:29:33 [38;5;015m[INFO]: [0mThis is a info message from thread 2618-09-2026 00:29:33 [38;5;117m[DEBUG]: [0mThis is a debug message from thread 518-09-2026 00:29:33 [38;5;117m[DEBUG]: [0mThis is a debug message from thread 1418-09-2026 00:29:33 [38;5;009m[ERROR]: [0mThis is a error message from thread 018-09-2026 00:29:33 [38;5;015m[INFO]: [0mThis is a info message from thread 1518-09-2026 00:29:33 [38;5;015m[INFO]: [0mThis is a info message from thread 2118-09-2026 00:29:33 [38;5;117m[DEBUG]: [0mThis is a debug message from thread 318-09-2026 00:29:33 [38;5;009m[ERROR]: [0mThis is a error message from thread 1518-09-2026 00:29:33 [38;5;015m[INFO]: [0mThis is a info message from thread 118-09-2026 00:29:33 [38;5;117m[DEBUG]: [0mThis is a debug message from thread 1518-09-2026 00:29:33 [38;5;015m[INFO]: [0mThis is a info message from thread 1518-09-2026 00:29:33 [38;5;009m[ERROR]: [0mThis is a error message from thread 2618-09-2026 00:29:33 [38;5;117m[DEBUG]: [0mThis is a debug message from thread 418-09-2026 00:29:33 [38;5;015m[INFO]: [0mThis is a info message from thread 418-09-2026 00:29:33 [38;5;117m[DEBUG]: [0mThis is a debug message from thread 1618-09-2026 00:29:33 [38;5;009m[ERROR]: [0mThis is a error message from thread 2318-09-2026 00:29:33 [38;5;015m[INFO]: [0mThis is a info message from thread 1418-09-2026 00:29:33 [38;5;009m[ERROR]: [0mThis is a error message from thread 2718-09-2026 00:29:33 [38;5;009m[ERROR]: [0mThis is a error message from thread 2918-09-2026 00:29:33 [38;5;009m[ERROR]: [0mThis is a error message from thread 1118-09-2026 00:29:33 [38;5;015m[INFO]: [0mThis is a info message from thread 1718-09-2026 00:29:33 [38;5;015m[INFO]: [0mThis is a info message from thread 1018-09-2026 00:29:33 [38;5;009m[ERROR]: [0mThis is a error message from thread 918-09-2026 00:29:33 [38;5;015m[INFO]: [0mThis is a info message from thread 1818-09-2026 00:29:33 [38;5;015m[INFO]: [0mThis is a info message from thread 1618-09-2026 00:29:33 [38;5;015m[INFO]: [0mThis is a info message from thread 318-09-2026 00:29:33 [38;5;117m[DEBUG]: [0mThis is a debug message from thread 1218-09-2026 00:29:33 [38;5;015m[INFO]: [0mThis is a info message from thread 518-09-2026 00:29:33 [38;5;117m[DEBUG]: [0mThis is a debug message from thread 2618-09-2026 00:29:33 [38;5;009m[ERROR]: [0mThis is a error message from thread 1318-09-2026 00:29:33 [38;5;009m[ERROR]: [0mThis is a error message from thread 2118-09-2026 00:29:33 [38;5;009m[ERROR]: [0mThis is a error message from thread 1818-09-2026 00:29:33 [38;5;009m[ERROR]: [0mThis is a error message from thread 2818-09-2026 00:29:33 [38;5;117m[DEBUG]: [0mThis is a debug message from thread 918-09-2026 00:29:33 [38;5;009m[ERROR]: [0mThis is a error message from thread 1918-09-2026 00:29:33 [38;5;009m[ERROR]: [0mThis is a error message from thread 418-09-2026 00:29:33 [38;5;009m[ERROR]: [0mThis is a error message from thread 318-09-2026 00:29:33 [38;5;117m[DEBUG]: [0mThis is a debug message from thread 418-09-2026 00:29:33 [38;5;117m[DEBUG]: [0mThis is a debug message from thread 1818-09-2026 00:29:33 [38;5;009m[ERROR]: [0mThis is a error message from thread 1518-09-2026 00:29:33 [38;5;009m[ERROR]: [0mThis is a error message from thread 518-09-2026 00:29:33 [38;5;117m[DEBUG]: [0mThis is a debug message from thread 718-09-2026 00:29:33 [38;5;117m[DEBUG]: [0mThis is a debug message from thread 318-09-2026 00:29:33 [38;5;009m[ERROR]: [0mThis is a error message from thread 818-09-2026 00:29:33 [38;5;015m[INFO]: [0mThis is a info message from thread 918-09-2026 00:29:33 [38;5;015m[INFO]: [0mThis is a info message from thread 1218-09-2026 00:29:33 [38;5;015m[INFO]: [0mThis is a info message from thread 718-09-2026 00:29:33 [38;5;117m[DEBUG]: [0mThis is a debug message from thread 1318-09-2026 00:29:33 [38;5;117m[DEBUG]: [0mThis is a debug message from thread 2918-09-2026 00:29:33 [38;5;117m[DEBUG]: [0mThis is a debug message from thread 818-09-2026 00:29:33 [38;5;015m[INFO]: [0mThis is a info message from thread 2418-09-2026 00:29:33 [38;5;117m[DEBUG]: [0mThis is a debug message from thread 518-09-2026 00:29:33 [38;5;015m[INFO]: [0mThis is a info message from thread 418-09-2026 00:29:33 [38;5;117m[DEBUG]: [0mThis is a debug message from thread 1118-09-2026 00:29:33 [38;5;117m[DEBUG]: [0mThis is a debug message from thread 018-09-2026 00:29:33 [38;5;009m[ERROR]: [0mThis is a error message from thread 118-09-2026 00:29:33 [38;5;015m[INFO]: [0mThis is a info message from thread 018-09-2026 00:29:33 [38;5;015m[INFO]: [0mThis is a info message from thread 2918-09-2026 00:29:33 [38;5;009m[ERROR]: [0mThis is a error message from thread 018-09-2026 00:29:33 [38;5;015m[INFO]: [0mThis is a info message from thread 1118-09-2026 00:29:33 [38;5;015m[INFO]: [0mThis is a info message from thread 2618-09-2026 00:29:33 [38;5;015m[INFO]: [0mThis is a info message from thread 1318-09-2026 00:29:33 [38;5;015m[INFO]: [0mThis is a info message from thread 318-09-2026 00:29:33 [38;5;009m[ERROR]: [0mThis is a error message from thread 1118-09-2026 00:29:33 [38;5;117m[DEBUG]: [0mThis is a debug message from thread 2218-09-2026 00:29:33 [38;5;015m[INFO]: [0mThis is a info message from thread 1818-09-2026 00:29:33 [38;5;117m[DEBUG]: [0mThis is a debug message from thread 2718-09-2026 00:29:33 [38;5;015m[INFO]: [0mThis is a info message from thread 2018-09-2026 00:29:33 [38;5;009m[ERROR]: [0mThis is a error message from thread 1318-09-2026 00:29:33 [38;5;009m[ERROR]: [0mThis is a error message from thread 418-09-2026 00:29:33 [38;5;015m[INFO]: [0mThis is a info message from thread 618-09-2026 00:29:33 [38;5;015m[INFO]: [0mThis is a info message from thread 818-09-2026 00:29:33 [38;5;009m[ERROR]: [0mThis is a error message from thread 1418-09-2026 00:29:33 [38;5;117m[DEBUG]: [0mThis is a debug message from thread 118-09-2026 00:29:33 [38;5;117m[DEBUG]: [0mThis is a debug message from thread 1518-09-2026 00:29:33 [38;5;009m[ERROR]: [0mThis is a error message from thread 1018-09-2026 00:29:33 [38;5;117m[DEBUG]: [0mThis is a debug message from thread 2818-09-2026 00:29:33 [38;5;009m[ERROR]: [0mThis is a error message from thread 2018-09-2026 00:29:33 [38;5;117m[DEBUG]: [0mThis is a debug message from thread 2118-09-2026 00:29:33 [38;5;117m[DEBUG]: [0mThis is a debug message from thread 2018-09-2026 00:29:33 [38;5;009m[ERROR]: [0mThis is a error message from thread 318-09-2026 00:29:33 [38;5;015m[INFO]: [0mThis is a info message from thread 2818-09-2026 00:29:33 [38;5;015m[INFO]: [0mThis is a info message from thread 118-09-2026 00:29:33 [38;5;015m[INFO]: [0mThis is a info message from thread 2118-09-2026 00:29:33 [38;5;015m[INFO]: [0mThis is a info message from thread 2018-09-2026 00:29:33 [38;5;009m[ERROR]: [0mThis is a error message from thread 1618-09-2026 00:29:33 [38;5;117m[DEBUG]: [0mThis is a debug message from thread 1418-09-2026 00:29:33 [38;5;015m[INFO]: [0mThis is a info message from thread 218-09-2026 00:29:33 [38;5;117m[DEBUG]: [0mThis is a debug message from thread 418-09-2026 00:29:33 [38;5;117m[DEBUG]: [0mThis is a debug message from thread 1318-09-2026 00:29:33 [38;5;009m[ERROR]: [0mThis is a error message from thread 218-09-2026 00:29:33 [38;5;117m[DEBUG]: [0mThis is a debug message from thread 318-09-2026 00:29:33 [38;5;117m[DEBUG]: [0mThis is a debug message from thread 1118-09-2026 00:29:33 [38;5;015m[INFO]: [0mThis is a info message from thread 1118-09-2026 00:29:33 [38;5;009m[ERROR]: [0mThis is a error message from thread 2618-09-2026 00:29:33 [38;5;117m[DEBUG]: [0mThis is a debug message from thread 1018-09-2026 00:29:33 [38;5;009m[ERROR]: [0mThis is a error message from thread 718-09-2026 00:29:33 [38;5;009m[ERROR]: [0mThis is a error message from thread 2418-09-2026 00:29:33 [38;5;009m[ERROR]: [0mThis is a error message from thread 2918-09-2026 00:29:33 [38;5;009m[ERROR]: [0mThis is a error message from thread 2818-09-2026 00:29:33 [38;5;009m[ERROR]: [0mThis is a error message from thread 2118-09-2026 00:29:33 [38;5;015m[INFO]: [0mThis is a info message from thread 1518-09-2026 00:29:33 [38;5;117m[DEBUG]: [0mThis is a debug message from thread 1618-09-2026 00:29:33 [38;5;015m[INFO]: [0mThis is a info message from thread 2718-09-2026 00:29:33 [38;5;015m[INFO]: [0mThis is a info message from thread 1318-09-2026 00:29:33 [38;5;015m[INFO]: [0mThis is a info message from thread 1018-09-2026 00:29:33 [38;5;009m[ERROR]: [0mThis is a error message from thread 918-09-2026 00:29:33 [38;5;117m[DEBUG]: [0mThis is a debug message from thread 1918-09-2026 00:29:33 [38;5;009m[ERROR]: [0mThis is a error message from thread 2018-09-2026 00:29:33 [38;5;009m[ERROR]: [0mThis is a error message from thread 2718-09-2026 00:29:33 [38;5;117m[DEBUG]: [0mThis is a debug message from thread 2618-09-2026 00:29:33 [38;5;015m[INFO]: [0mThis is a info message from thread 318-09-2026 00:29:33 [38;5;117m[DEBUG]: [0mThis is a debug message from thread 2418-09-2026 00:29:33 [38;5;015m[INFO]: [0mThis is a info message from thread 1418-09-2026 00:29:33 [38;5;117m[DEBUG]: [0mThis is a debug message from thread 2818-09-2026 00:29:33 [38;5;009m[ERROR]: [0mThis is a error message from thread 2518-09-2026 00:29:33 [38;5;009m[ERROR]: [0mThis is a error message from thread 118-09-2026 00:29:33 [38;5;117m[DEBUG]: [0mThis is a debug message from thread 2918-09-2026 00:29:33 [38;5;117m[DEBUG]: [0mThis is a debug message from thread 218-09-2026 00:29:33 [38;5;009m[ERROR]: [0mThis is a error message from thread 1518-09-2026 00:29:33 [38;5;015m[INFO]: [0mThis is a info message from thread 1618-09-2026 00:29:33 [38;5;117m[DEBUG]: [0mThis is a debug message from thread 2018-09-2026 00:29:33 [38;5;015m[INFO]: [0mThis is a info message from thread 218-09-2026 00:29:33 [38;5;117m[DEBUG]: [0mThis is a debug message from thread 118-09-2026 00:29:33 [38;5;117m[DEBUG]: [0mThis is a debug message from thread 2118-09-2026 00:29:33 [38;5;009m[ERROR]: [0mThis is a error message from thread 818-09-2026 00:29:33 [38;5;009m[ERROR]: [0mThis is a error message from thread 1218-09-2026 00:29:33 [38;5;009m[ERROR]: [0mThis is a error message from thread 1318-09-2026 00:29:33 [38;5;015m[INFO]: [0mThis is a info message from thread 2218-09-2026 00:29:33 [38;5;015m[INFO]: [0mThis is a info message from thread 2918-09-2026 00:29:33 [38;5;015m[INFO]: [0mThis is a info message from thread 118-09-2026 00:29:33 [38;5;117m[DEBUG]: [0mThis is a debug message from thread 818-09-2026 00:29:33 [38;5;015m[INFO]: [0mThis is a info message from thread 2418-09-2026 00:29:33 [38;5;015m[INFO]: [0mThis is a info message from thread 2618-09-2026 00:29:33 [38;5;009m[ERROR]: [0mThis is a error message from thread 1818-09-2026 00:29:33 [38;5;009m[ERROR]: [0mThis is a error message from thread 118-09-2026 00:29:33 [38;5;117m[DEBUG]: [0mThis is a debug message from thread 018-09-2026 00:29:33 [38;5;009m[ERROR]: [0mThis is a error message from thread 1118-09-2026 00:29:33 [38;5;009m[ERROR]: [0mThis is a error message from thread 1018-09-2026 00:29:33 [38;5;117m[DEBUG]: [0mThis is a debug message from thread 2318-09-2026 00:29:33 [38;5;015m[INFO]: [0mThis is a info message from thread 418-09-2026 00:29:33 [38;5;009m[ERROR]: [0mThis is a error message from thread 1718-09-2026 00:29:33 [38;5;015m[INFO]: [0mThis is a info message from thread 018-09-2026 00:29:33 [38;5;117m[DEBUG]: [0mThis is a debug message from thread 1018-09-2026 00:29:33 [38;5;117m[DEBUG]: [0mThis is a debug message from thread 1218-09-2026 00:29:33 [38;5;009m[ERROR]: [0mThis is a error message from thread 218-09-2026 00:29:33 [38;5;117m[DEBUG]: [0mThis is a debug message from thread 1518-09-2026 00:29:33 [38;5;009m[ERROR]: [0mThis is a error message from thread 2418-09-2026 00:29:33 [38;5;117m[DEBUG]: [0mThis is a debug message from thread 1718-09-2026 00:29:33 [38;5;015m[INFO]: [0mThis is a info message from thread 2318-09-2026 00:29:33 [38;5;015m[INFO]: [0mThis is a info message from thread 1718-09-2026 00:29:33 [38;5;009m[ERROR]: [0mThis is a error message from thread 2318-09-2026 00:29:33 [38;5;009m[ERROR]: [0mThis is a error message from thread 018-09-2026 00:29:33 [38;5;015m[INFO]: [0mThis is a info message from thread 1018-09-2026 00:29:33 [38;5;009m[ERROR]: [0mThis is a error message from thread 1018-09-2026 00:29:33 [38;5;117m[DEBUG]: [0mThis is a debug message from thread 218-09-2026 00:29:33 [38;5;009m[ERROR]: [0mThis is a error message from thread 1718-09-2026 00:29:33 [38;5;117m[DEBUG]: [0mThis is a debug message from thread 2418-09-2026 00:29:33 [38;5;117m[DEBUG]: [0mThis is a debug message from thread 2318-09-2026 00:29:33 [38;5;117m[DEBUG]: [0mThis is a debug message from thread 2718-09-2026 00:29:33 [38;5;009m[ERROR]: [0mThis is a error message from thread 418-09-2026 00:29:33 [38;5;015m[INFO]: [0mThis is a info message from thread 1918-09-2026 00:29:33 [38;5;117m[DEBUG]: [0mThis is a debug message from thread 418-09-2026 00:29:33 [38;5;117m[DEBUG]: [0mThis is a debug message from thread 1718-09-2026 00:29:33 [38;5;117m[DEBUG]: [0mThis is a debug message from thread 918-09-2026 00:29:33 [38;5;117m[DEBUG]: [0mThis is a debug message from thread 018-09-2026 00:29:33 [38;5;009m[ERROR]: [0mThis is a error message from thread 2618-09-2026 00:29:33 [38;5;015m[INFO]: [0mThis is a info message from thread 218-09-2026 00:29:33 [38;5;117m[DEBUG]: [0mThis is a debug message from thread 1018-09-2026 00:29:33 [38;5;015m[INFO]: [0mThis is a info message from thread 418-09-2026 00:29:33 [38;5;015m[INFO]: [0mThis is a info message from thread 1518-09-2026 00:29:33 [38;5;015m[INFO]: [0mThis is a info message from thread 2118-09-2026 00:29:33 [38;5;117m[DEBUG]: [0mThis is a debug message from thread 118-09-2026 00:29:33 [38;5;009m[ERROR]: [0mThis is a error message from thread 218-09-2026 00:29:33 [38;5;117m[DEBUG]: [0mThis is a debug message from thread 1818-09-2026 00:29:33 [38;5;015m[INFO]: [0mThis is a info message from thread 018-09-2026 00:29:33 [38;5;015m[INFO]: [0mThis is a info message from thread 1018-09-2026 00:29:33 [38;5;009m[ERROR]: [0mThis is a error message from thread 2118-09-2026 00:29:33 [38;5;009m[ERROR]: [0mThis is a error message from thread 618-09-2026 00:29:33 [38;5;015m[INFO]: [0mThis is a info message from thread 1218-09-2026 00:29:33 [38;5;009m[ERROR]: [0mThis is a error message from thread 018-09-2026 00:29:33 [38;5;009m[ERROR]: [0mThis is a error message from thread 418-09-2026 00:29:33 [38;5;015m[INFO]: [0mThis is a info message from thread 918-09-2026 00:29:33 [38;5;009m[ERROR]: [0mThis is a error message from thread 1018-09-2026 00:29:33 [38;5;015m[INFO]: [0mThis is a info message from thread 1718-09-2026 00:29:33 [38;5;117m[DEBUG]: [0mThis is a debug message from thread 2618-09-2026 00:29:33 [38;5;117m[DEBUG]: [0mThis is a debug message from thread 1018-09-2026 00:29:33 [38;5;009m[ERROR]: [0mThis is a error message from thread 1418-09-2026 00:29:33 [38;5;009m[ERROR]: [0mThis is a error message from thread 318-09-2026 00:29:33 [38;5;009m[ERROR]: [0mThis is a error message from thread 2918-09-2026 00:29:33 [38;5;117m[DEBUG]: [0mThis is a debug message from thread 018-09-2026 00:29:33 [38;5;117m[DEBUG]: [0mThis is a debug message from thread 2518-09-2026 00:29:33 [38;5;009m[ERROR]: [0mThis is a error message from thread 1218-09-2026 00:29:33 [38;5;009m[ERROR]: [0mThis is a error message from thread 918-09-2026 00:29:33 [38;5;009m[ERROR]: [0mThis is a error message from thread 1718-09-2026 00:29:33 [38;5;009m[ERROR]: [0mThis is a error message from thread 1518-09-2026 00:29:33 [38;5;009m[ERROR]: [0mThis is a error message from thread 1918-09-2026 00:29:33 [38;5;117m[DEBUG]: [0mThis is a debug message from thread 1318-09-2026 00:29:33 [38;5;015m[INFO]: [0mThis is a info message from thread 2418-09-2026 00:29:33 [38;5;015m[INFO]: [0mThis is a info message from thread 2718-09-2026 00:29:33 [38;5;117m[DEBUG]: [0mThis is a debug message from thread 1718-09-2026 00:29:33 [38;5;009m[ERROR]: [0mThis is a error message from thread 2418-09-2026 00:29:33 [38;5;117m[DEBUG]: [0mThis is a debug message from thread 318-09-2026 00:29:33 [38;5;015m[INFO]: [0mThis is a info message from thread 018-09-2026 00:29:33 [38;5;117m[DEBUG]: [0mThis is a debug message from thread 918-09-2026 00:29:33 [38;5;015m[INFO]: [0mThis is a info message from thread 918-09-2026 00:29:33 [38;5;015m[INFO]: [0mThis is a info message from thread 318-09-2026 00:29:33 [38;5;117m[DEBUG]: [0mThis is a debug message from thread 1418-09-2026 00:29:33 [38;5;009m[ERROR]: [0mThis is a error message from thread 918-09-2026 00:29:33 [38;5;009m[ERROR]: [0mThis is a error message from thread 018-09-2026 00:29:33 [38;5;117m[DEBUG]: [0mThis is a debug message from thread 718-09-2026 00:29:33 [38;5;117m[DEBUG]: [0mThis is a debug message from thread 018-09-2026 00:29:33 [38;5;015m[INFO]: [0mThis is a info message from thread 818-09-2026 00:29:33 [38;5;015m[INFO]: [0mThis is a info message from thread 718-09-2026 00:29:33 [38;5;015m[INFO]: [0mThis is a info message from thread 2818-09-2026 00:29:33 [38;5;015m[INFO]: [0mThis is a info message from thread 1318-09-2026 00:29:33 [38;5;009m[ERROR]: [0mThis is a error message from thread 318-09-2026 00:29:33 [38;5;009m[ERROR]: [0mThis is a error message from thread 718-09-2026 00:29:33 [38;5;117m[DEBUG]: [0mThis is a debug message from thread 2118-09-2026 00:29:33 [38;5;015m[INFO]: [0mThis is a info message from thread 2318-09-2026 00:29:33 [38;5;015m[INFO]: [0mThis is a info message from thread 518-09-2026 00:29:33 [38;5;015m[INFO]: [0mThis is a info message from thread 2018-09-2026 00:29:33 [38;5;117m[DEBUG]: [0mThis is a debug message from thread 1518-09-2026 00:29:33 [38;5;015m[INFO]: [0mThis is a info message from thread 2118-09-2026 00:29:33 [38;5;117m[DEBUG]: [0mThis is a debug message from thread 618-09-2026 00:29:33 [38;5;117m[DEBUG]: [0mThis is a debug message from thread 318-09-2026 00:29:33 [38;5;015m[INFO]: [0mThis is a info message from thread 318-09-2026 00:29:33 [38;5;009m[ERROR]: [0mThis is a error message from thread 518-09-2026 00:29:33 [38;5;009m[ERROR]: [0mThis is a error message from thread 2318-09-2026 00:29:33 [38;5;009m[ERROR]: [0mThis is a error message from thread 1618-09-2026 00:29:33 [38;5;015m[INFO]: [0mThis is a info message from thread 1818-09-2026 00:29:33 [38;5;117m[DEBUG]: [0mThis is a debug message from thread 2318-09-2026 00:29:33 [38;5;117m[DEBUG]: [0mThis is a debug message from thread 1618-09-2026 00:29:33 [38;5;015m[INFO]: [0mThis is a info message from thread 1718-09-2026 00:29:33 [38;5;009m[ERROR]: [0mThis is a error message from thread 2118-09-2026 00:29:33 [38;5;015m[INFO]: [0mThis is a info message from thread 2318-09-2026 00:29:33 [38;5;117m[DEBUG]: [0mThis is a debug message from thread 1218-09-2026 00:29:33 [38;5;009m[ERROR]: [0mThis is a error message from thread 1818-09-2026 00:29:33 [38;5;117m[DEBUG]: [0mThis is a debug message from thread 2118-09-2026 00:29:33 [38;5;117m[DEBUG]: [0mThis is a debug message from thread 518-09-2026 00:29:33 [38;5;009m[ERROR]: [0mThis is a error message from thread 1718-09-2026 00:29:33 [38;5;015m[INFO]: [0mThis is a info message from thread 2618-09-2026 00:29:33 [38;5;015m[INFO]: [0mThis is a info message from thread 618-09-2026 00:29:33 [38;5;117m[DEBUG]: [0mThis is a debug message from thread 1918-09-2026 00:29:33 [38;5;015m[INFO]: [0mThis is a info message from thread 1518-09-2026 00:29:33 [38;5;015m[INFO]: [0mThis is a info message from thread 1618-09-2026 00:29:33 [38;5;015m[INFO]: [0mThis is a info message from thread 018-09-2026 00:29:33 [38;5;015m[INFO]: [0mThis is a info message from thread 518-09-2026 00:29:33 [38;5;009m[ERROR]: [0mThis is a error message from thread 2818-09-2026 00:29:33 [38;5;117m[DEBUG]: [0mThis is a debug message from thread 218-09-2026 00:29:33 [38;5;015m[INFO]: [0mThis is a info message from thread 2118-09-2026 00:29:33 [38;5;009m[ERROR]: [0mThis is a error message from thread 2318-09-2026 00:29:33 [38;5;009m[ERROR]: [0mThis is a error message from thread 518-09-2026 00:29:33 [38;5;117m[DEBUG]: [0mThis is a debug message from thread 2418-09-2026 00:29:33 [38;5;117m[DEBUG]: [0mThis is a debug message from thread 518-09-2026 00:29:33 [38;5;117m[DEBUG]: [0mThis is a debug message from thread 718-09-2026 00:29:33 [38;5;117m[DEBUG]: [0mThis is a debug message from thread 418-09-2026 00:29:33 [38;5;015m[INFO]: [0mThis is a info message from thread 718-09-2026 00:29:33 [38;5;117m[DEBUG]: [0mThis is a debug message from thread 2318-09-2026 00:29:33 [38;5;015m[INFO]: [0mThis is a info message from thread 418-09-2026 00:29:33 [38;5;009m[ERROR]: [0mThis is a error message from thread 318-09-2026 00:29:33 [38;5;009m[ERROR]: [0mThis is a error message from thread 018-09-2026 00:29:33 [38;5;015m[INFO]: [0mThis is a info message from thread 2318-09-2026 00:29:33 [38;5;009m[ERROR]: [0mThis is a error message from thread 618-09-2026 00:29:33 [38;5;015m[INFO]: [0mThis is a info message from thread 1418-09-2026 00:29:33 [38;5;015m[INFO]: [0mThis is a info message from thread 118-09-2026 00:29:33 [38;5;015m[INFO]: [0mThis is a info message from thread 518-09-2026 00:29:33 [38;5;117m[DEBUG]: [0mThis is a debug message from thread 1818-09-2026 00:29:33 [38;5;009m[ERROR]: [0mThis is a error message from thread 2718-09-2026 00:29:33 [38;5;009m[ERROR]: [0mThis is a error message from thread 818-09-2026 00:29:33 [38;5;009m[ERROR]: [0mThis is a error message from thread 518-09-2026 00:29:33 [38;5;009m[ERROR]: [0mThis is a error message from thread 2218-09-2026 00:29:33 [38;5;009m[ERROR]: [0mThis is a error message from thread 2318-09-2026 00:29:33 [38;5;009m[ERROR]: [0mThis is a error message from thread 1418-09-2026 00:29:33 [38;5;009m[ERROR]: [0mThis is a error message from thread 118-09-2026 00:29:33 [38;5;009m[ERROR]: [0mThis is a error message from thread 1618-09-2026 00:29:33 [38;5;015m[INFO]: [0mThis is a info message from thread 1218-09-2026 00:29:33 [38;5;117m[DEBUG]: [0mThis is a debug message from thread 518-09-2026 00:29:33 [38;5;117m[DEBUG]: [0mThis is a debug message from thread 018-09-2026 00:29:33 [38;5;117m[DEBUG]: [0mThis is a debug message from thread 118-09-2026 00:29:33 [38;5;015m[INFO]: [0mThis is a info message from thread 2418-09-2026 00:29:33 [38;5;117m[DEBUG]: [0mThis is a debug message from thread 2918-09-2026 00:29:33 [38;5;015m[INFO]: [0mThis is a info message from thread 518-09-2026 00:29:33 [38;5;009m[ERROR]: [0mThis is a error message from thread 418-09-2026 00:29:33 [38;5;015m[INFO]: [0mThis is a info message from thread 2518-09-2026 00:29:33 [38;5;009m[ERROR]: [0mThis is a error message from thread 2418-09-2026 00:29:33 [38;5;117m[DEBUG]: [0mThis is a debug message from thread 418-09-2026 00:29:33 [38;5;117m[DEBUG]: [0mThis is a debug message from thread 2418-09-2026 00:29:33 [38;5;117m[DEBUG]: [0mThis is a debug message from thread 918-09-2026 00:29:33 [38;5;015m[INFO]: [0mThis is a info message from thread 418-09-2026 00:29:33 [38;5;015m[INFO]: [0mThis is a info message from thread 218-09-2026 00:29:33 [38;5;009m[ERROR]: [0mThis is a error message from thread 1218-09-2026 00:29:33 [38;5;117m[DEBUG]: [0mThis is a debug message from thread 2718-09-2026 00:29:33 [38;5;117m[DEBUG]: [0mThis is a debug message from thread 2218-09-2026 00:29:33 [38;5;009m[ERROR]: [0mThis is a error message from thread 418-09-2026 00:29:33 [38;5;009m[ERROR]: [0mThis is a error message from thread 718-09-2026 00:29:33 [38;5;009m[ERROR]: [0mThis is a error message from thread 218-09-2026 00:29:33 [38;5;009m[ERROR]: [0mThis is a error message from thread 2618-09-2026 00:29:33 [38;5;015m[INFO]: [0mThis is a info message from thread 1918-09-2026 00:29:33 [38;5;009m[ERROR]: [0mThis is a error message from thread 1518-09-2026 00:29:33 [38;5;117m[DEBUG]: [0mThis is a debug message from thread 218-09-2026 00:29:33 [38;5;117m[DEBUG]: [0mThis is a debug message from thread 618-09-2026 00:29:33 [38;5;015m[INFO]: [0mThis is a info message from thread 918-09-2026 00:29:33 [38;5;009m[ERROR]: [0mThis is a error message from thread 1918-09-2026 00:29:33 [38;5;015m[INFO]: [0mThis is a info message from thread 2918-09-2026 00:29:33 [38;5;015m[INFO]: [0mThis is a info message from thread 218-09-2026 00:29:33 [38;5;117m[DEBUG]: [0mThis is a debug message from thread 1518-09-2026 00:29:33 [38;5;117m[DEBUG]: [0mThis is a debug message from thread 1918-09-2026 00:29:33 [38;5;117m[DEBUG]: [0mThis is a debug message from thread 818-09-2026 00:29:33 [38;5;015m[INFO]: [0mThis is a info message from thread 118-09-2026 00:29:33 [38;5;015m[INFO]: [0mThis is a info message from thread 818-09-2026 00:29:33 [38;5;015m[INFO]: [0mThis is a info message from thread 1518-09-2026 00:29:33 [38;5;015m[INFO]: [0mThis is a info message from thread 1918-09-2026 00:29:33 [38;5;009m[ERROR]: [0mThis is a error message from thread 818-09-2026 00:29:33 [38;5;009m[ERROR]: [0mThis is a error message from thread 1518-09-2026 00:29:33 [38;5;009m[ERROR]: [0mThis is a error message from thread 118-09-2026 00:29:33 [38;5;009m[ERROR]: [0mThis is a error message from thread 1918-09-2026 00:29:33 [38;5;117m[DEBUG]: [0mThis is a debug message from thread 1418-09-2026 00:29:33 [38;5;117m[DEBUG]: [0mThis is a debug message from thread 118-09-2026 00:29:33 [38;5;009m[ERROR]: [0mThis is a error message from thread 518-09-2026 00:29:33 [38;5;117m[DEBUG]: [0mThis is a debug message from thread 1118-09-2026 00:29:33 [38;5;117m[DEBUG]: [0mThis is a debug message from thread 1718-09-2026 00:29:33 [38;5;117m[DEBUG]: [0mThis is a debug message from thread 718-09-2026 00:29:33 [38;5;117m[DEBUG]: [0mThis is a debug message from thread 2318-09-2026 00:29:33 [38;5;015m[INFO]: [0mThis is a info message from thread 718-09-2026 00:29:33 [38;5;117m[DEBUG]: [0mThis is a debug message from thread 518-09-2026 00:29:33 [38;5;117m[DEBUG]: [0mThis is a debug message from thread 1518-09-2026 00:29:33 [38;5;117m[DEBUG]: [0mThis is a debug message from thread 1218-09-2026 00:29:33 [38;5;015m[INFO]: [0mThis is a info message from thread 018-09-2026 00:29:33 [38;5;015m[INFO]: [0mThis is a info message from thread 1418-09-2026 00:29:33 [38;5;009m[ERROR]: [0mThis is a error message from thread 718-09-2026 00:29:33 [38;5;117m[DEBUG]: [0mThis is a debug message from thread 2818-09-2026 00:29:33 [38;5;009m[ERROR]: [0mThis is a error message from thread 1318-09-2026 00:29:33 [38;5;015m[INFO]: [0mThis is a info message from thread 518-09-2026 00:29:33 [38;5;117m[DEBUG]: [0mThis is a debug message from thread 1918-09-2026 00:29:33 [38;5;117m[DEBUG]: [0mThis is a debug message from thread 418-09-2026 00:29:33 [38;5;015m[INFO]: [0mThis is a info message from thread 1118-09-2026 00:29:33 [38;5;117m[DEBUG]: [0mThis is a debug message from thread 718-09-2026 00:29:33 [38;5;015m[INFO]: [0mThis is a info message from thread 1018-09-2026 00:29:33 [38;5;015m[INFO]: [0mThis is a info message from thread 1218-09-2026 00:29:33 [38;5;009m[ERROR]: [0mThis is a error message from thread 018-09-2026 00:29:33 [38;5;117m[DEBUG]: [0mThis is a debug message from thread 1318-09-2026 00:29:33 [38;5;009m[ERROR]: [0mThis is a error message from thread 1418-09-2026 00:29:33 [38;5;015m[INFO]: [0mThis is a info message from thread 2818-09-2026 00:29:33 [38;5;015m[INFO]: [0mThis is a info message from thread 1918-09-2026 00:29:33 [38;5;009m[ERROR]: [0mThis is a error message from thread 918-09-2026 00:29:33 [38;5;015m[INFO]: [0mThis is a info message from thread 618-09-2026 00:29:33 [38;5;117m[DEBUG]: [0mThis is a debug message from thread 018-09-2026 00:29:33 [38;5;009m[ERROR]: [0mThis is a error message from thread 1918-09-2026 00:29:33 [38;5;015m[INFO]: [0mThis is a info message from thread 2318-09-2026 00:29:33 [38;5;015m[INFO]: [0mThis is a info message from thread 1818-09-2026 00:29:33 [38;5;009m[ERROR]: [0mThis is a error message from thread 2918-09-2026 00:29:33 [38;5;117m[DEBUG]: [0mThis is a debug message from thread 1418-09-2026 00:29:33 [38;5;009m[ERROR]: [0mThis is a error message from thread 2518-09-2026 00:29:33 [38;5;009m[ERROR]: [0mThis is a error message from thread 2818-09-2026 00:29:33 [38;5;117m[DEBUG]: [0mThis is a debug message from thread 1918-09-2026 00:29:33 [38;5;117m[DEBUG]: [0mThis is a debug message from thread 918-09-2026 00:29:33 [38;5;015m[INFO]: [0mThis is a info message from thread 1418-09-2026 00:29:33 [38;5;015m[INFO]: [0mThis is a info message from thread 2218-09-2026 00:29:33 [38;5;009m[ERROR]: [0mThis is a error message from thread 1118-09-2026 00:29:33 [38;5;009m[ERROR]: [0mThis is a error message from thread 518-09-2026 00:29:33 [38;5;009m[ERROR]: [0mThis is a error message from thread 1818-09-2026 00:29:33 [38;5;117m[DEBUG]: [0mThis is a debug message from thread 1618-09-2026 00:29:33 [38;5;009m[ERROR]: [0mThis is a error message from thread 2118-09-2026 00:29:33 [38;5;015m[INFO]: [0mThis is a info message from thread 1918-09-2026 00:29:33 [38;5;015m[INFO]: [0mThis is a info message from thread 418-09-2026 00:29:33 [38;5;015m[INFO]: [0mThis is a info message from thread 718-09-2026 00:29:33 [38;5;009m[ERROR]: [0mThis is a error message from thread 2018-09-2026 00:29:33 [38;5;015m[INFO]: [0mThis is a info message from thread 1318-09-2026 00:29:33 [38;5;009m[ERROR]: [0mThis is a error message from thread 1218-09-2026 00:29:33 [38;5;009m[ERROR]: [0mThis is a error message from thread 718-09-2026 00:29:33 [38;5;015m[INFO]: [0mThis is a info message from thread 2718-09-2026 00:29:33 [38;5;009m[ERROR]: [0mThis is a error message from thread 1318-09-2026 00:29:33 [38;5;117m[DEBUG]: [0mThis is a debug message from thread 2018-09-2026 00:29:33 [38;5;117m[DEBUG]: [0mThis is a debug message from thread 718-09-2026 00:29:33 [38;5;117m[DEBUG]: [0mThis is a debug message from thread 1218-09-2026 00:29:33 [38;5;015m[INFO]: [0mThis is a info message from thread 2418-09-2026 00:29:33 [38;5;015m[INFO]: [0mThis is a info message from thread 1718-09-2026 00:29:33 [38;5;117m[DEBUG]: [0mThis is a debug message from thread 1318-09-2026 00:29:33 [38;5;009m[ERROR]: [0mThis is a error message from thread 2318-09-2026 00:29:33 [38;5;009m[ERROR]: [0mThis is a error message from thread 1718-09-2026 00:29:33 [38;5;015m[INFO]: [0mThis is a info message from thread 2018-09-2026 00:29:33 [38;5;015m[INFO]: [0mThis is a info message from thread 718-09-2026 00:29:33 [38;5;015m[INFO]: [0mThis is a info message from thread 118-09-2026 00:29:33 [38;5;009m[ERROR]: [0mThis is a error message from thread 618-09-2026 00:29:33 [38;5;117m[DEBUG]: [0mThis is a debug message from thread 2918-09-2026 00:29:33 [38;5;015m[INFO]: [0mThis is a info message from thread 1318-09-2026 00:29:33 [38;5;117m[DEBUG]: [0mThis is a debug message from thread 2318-09-2026 00:29:33 [38;5;117m[DEBUG]: [0mThis is a debug message from thread 2618-09-2026 00:29:33 [38;5;009m[ERROR]: [0mThis is a error message from thread 2718-09-2026 00:29:33 [38;5;009m[ERROR]: [0mThis is a error message from thread 2218-09-2026 00:29:33 [38;5;015m[INFO]: [0mThis is a info message from thread 018-09-2026 00:29:33 [38;5;009m[ERROR]: [0mThis is a error message from thread 1918-09-2026 00:29:33 [38;5;009m[ERROR]: [0mThis is a error message from thread 1418-09-2026 00:29:33 [38;5;117m[DEBUG]: [0mThis is a debug message from thread 618-09-2026 00:29:33 [38;5;015m[INFO]: [0mThis is a info message from thread 2918-09-2026 00:29:33 [38;5;117m[DEBUG]: [0mThis is a debug message from thread 2118-09-2026 00:29:33 [38;5;009m[ERROR]: [0mThis is a error message from thread 1318-09-2026 00:29:33 [38;5;009m[ERROR]: [0mThis is a error message from thread 2918-09-2026 00:29:33 [38;5;015m[INFO]: [0mThis is a info message from thread 2618-09-2026 00:29:33 [38;5;117m[DEBUG]: [0mThis is a debug message from thread 518-09-2026 00:29:33 [38;5;015m[INFO]: [0mThis is a info message from thread 1618-09-2026 00:29:33 [38;5;009m[ERROR]: [0mThis is a error message from thread 718-09-2026 00:29:33 [38;5;117m[DEBUG]: [0mThis is a debug message from thread 1418-09-2026 00:29:33 [38;5;117m[DEBUG]: [0mThis is a debug message from thread 2218-09-2026 00:29:33 [38;5;009m[ERROR]: [0mThis is a error message from thread 418-09-2026 00:29:33 [38;5;117m[DEBUG]: [0mThis is a debug message from thread 1818-09-2026 00:29:33 [38;5;015m[INFO]: [0mThis is a info message from thread 1818-09-2026 00:29:33 [38;5;117m[DEBUG]: [0mThis is a debug message from thread 2518-09-2026 00:29:33 [38;5;009m[ERROR]: [0mThis is a error message from thread 1618-09-2026 00:29:33 [38;5;015m[INFO]: [0mThis is a info message from thread 518-09-2026 00:29:33 [38;5;117m[DEBUG]: [0mThis is a debug message from thread 2918-09-2026 00:29:33 [38;5;117m[DEBUG]: [0mThis is a debug message from thread 818-09-2026 00:29:33 [38;5;009m[ERROR]: [0mThis is a error message from thread 2618-09-2026 00:29:33 [38;5;009m[ERROR]: [0mThis is a error message from thread 1018-09-2026 00:29:33 [38;5;009m[ERROR]: [0mThis is a error message from thread 218-09-2026 00:29:33 [38;5;117m[DEBUG]: [0mThis is a debug message from thread 218-09-2026 00:29:33 [38;5;015m[INFO]: [0mThis is a info message from thread 818-09-2026 00:29:33 [38;5;117m[DEBUG]: [0mThis is a debug message from thread 1018-09-2026 00:29:33 [38;5;015m[INFO]: [0mThis is a info message from thread 218-09-2026 00:29:33 [38;5;117m[DEBUG]: [0mThis is a debug message from thread 2818-09-2026 00:29:33 [38;5;009m[ERROR]: [0mThis is a error message from thread 1818-09-2026 00:29:33 [38;5;117m[DEBUG]: [0mThis is a debug message from thread 718-09-2026 00:29:33 [38;5;009m[ERROR]: [0mThis is a error message from thread 018-09-2026 00:29:33 [38;5;009m[ERROR]: [0mThis is a error message from thread 2418-09-2026 00:29:33 [38;5;009m[ERROR]: [0mThis is a error message from thread 218-09-2026 00:29:33 [38;5;015m[INFO]: [0mThis is a info message from thread 618-09-2026 00:29:33 [38;5;117m[DEBUG]: [0mThis is a debug message from thread 2718-09-2026 00:29:33 [38;5;117m[DEBUG]: [0mThis is a debug message from thread 1918-09-2026 00:29:33 [38;5;015m[INFO]: [0mThis is a info message from thread 1218-09-2026 00:29:33 [38;5;015m[INFO]: [0mThis is a info message from thread 2318-09-2026 00:29:33 [38;5;117m[DEBUG]: [0mThis is a debug message from thread 2418-09-2026 00:29:33 [38;5;009m[ERROR]: [0mThis is a error message from thread 618-09-2026 00:29:33 [38;5;015m[INFO]: [0mThis is a info message from thread 1018-09-2026 00:29:33 [38;5;117m[DEBUG]: [0mThis is a debug message from thread 1318-09-2026 00:29:33 [38;5;009m[ERROR]: [0mThis is a error message from thread 2318-09-2026 00:29:33 [38;5;009m[ERROR]: [0mThis is a error message from thread 1218-09-2026 00:29:33 [38;5;015m[INFO]: [0mThis is a info message from thread 2418-09-2026 00:29:33 [38;5;015m[INFO]: [0mThis is a info message from thread 1318-09-2026 00:29:33 [38;5;117m[DEBUG]: [0mThis is a debug message from thread 1818-09-2026 00:29:33 [38;5;009m[ERROR]: [0mThis is a error message from thread 1018-09-2026 00:29:33 [38;5;015m[INFO]: [0mThis is a info message from thread 1918-09-2026 00:29:33 [38;5;015m[INFO]: [0mThis is a info message from thread 2918-09-2026 00:29:33 [38;5;015m[INFO]: [0mThis is a info message from thread 1418-09-2026 00:29:33 [38;5;015m[INFO]: [0mThis is a info message from thread 718-09-2026 00:29:33 [38;5;015m[INFO]: [0mThis is a info message from thread 2818-09-2026 00:29:33 [38;5;117m[DEBUG]: [0mThis is a debug message from thread 618-09-2026 00:29:33 [38;5;009m[ERROR]: [0mThis is a error message from thread 1418-09-2026 00:29:33 [38;5;009m[ERROR]: [0mThis is a error message from thread 2418-09-2026 00:29:33 [38;5;117m[DEBUG]: [0mThis is a debug message from thread 1018-09-2026 00:29:33 [38;5;009m[ERROR]: [0mThis is a error message from thread 2918-09-2026 00:29:33 [38;5;015m[INFO]: [0mThis is a info message from thread 2118-09-2026 00:29:33 [38;5;009m[ERROR]: [0mThis is a error message from thread 2818-09-2026 00:29:33 [38;5;117m[DEBUG]: [0mThis is a debug message from thread 1118-09-2026 00:29:33 [38;5;117m[DEBUG]: [0mThis is a debug message from thread 2918-09-2026 00:29:33 [38;5;117m[DEBUG]: [0mThis is a debug message from thread 2418-09-2026 00:29:33 [38;5;015m[INFO]: [0mThis is a info message from thread 2518-09-2026 00:29:33 [38;5;015m[INFO]: [0mThis is a info message from thread 1018-09-2026 00:29:33 [38;5;009m[ERROR]: [0mThis is a error message from thread 2018-09-2026 00:29:33 [38;5;117m[DEBUG]: [0mThis is a debug message from thread 1218-09-2026 00:29:33 [38;5;117m[DEBUG]: [0mThis is a debug message from thread 2818-09-2026 00:29:33 [38;5;009m[ERROR]: [0mThis is a error message from thread 818-09-2026 00:29:33 [38;5;015m[INFO]: [0mThis is a info message from thread 2718-09-2026 00:29:33 [38;5;015m[INFO]: [0mThis is a info message from thread 2418-09-2026 00:29:33 [38;5;015m[INFO]: [0mThis is a info message from thread 1518-09-2026 00:29:33 [38;5;117m[DEBUG]: [0mThis is a debug message from thread 2018-09-2026 00:29:33 [38;5;015m[INFO]: [0mThis is a info message from thread 1118-09-2026 00:29:33 [38;5;009m[ERROR]: [0mThis is a error message from thread 1318-09-2026 00:29:33 [38;5;009m[ERROR]: [0mThis is a error message from thread 718-09-2026 00:29:33 [38;5;009m[ERROR]: [0mThis is a error message from thread 1018-09-2026 00:29:33 [38;5;015m[INFO]: [0mThis is a info message from thread 2918-09-2026 00:29:33 [38;5;117m[DEBUG]: [0mThis is a debug message from thread 818-09-2026 00:29:33 [38;5;015m[INFO]: [0mThis is a info message from thread 918-09-2026 00:29:33 [38;5;009m[ERROR]: [0mThis is a error message from thread 2718-09-2026 00:29:33 [38;5;117m[DEBUG]: [0mThis is a debug message from thread 2318-09-2026 00:29:33 [38;5;009m[ERROR]: [0mThis is a error message from thread 1518-09-2026 00:29:33 [38;5;117m[DEBUG]: [0mThis is a debug message from thread 1318-09-2026 00:29:33 [38;5;015m[INFO]: [0mThis is a info message from thread 818-09-2026 00:29:33 [38;5;009m[ERROR]: [0mThis is a error message from thread 918-09-2026 00:29:33 [38;5;015m[INFO]: [0mThis is a info message from thread 2318-09-2026 00:29:33 [38;5;009m[ERROR]: [0mThis is a error message from thread 2118-09-2026 00:29:33 [38;5;009m[ERROR]: [0mThis is a error message from thread 1918-09-2026 00:29:33 [38;5;015m[INFO]: [0mThis is a info message from thread 618-09-2026 00:29:33 [38;5;117m[DEBUG]: [0mThis is a debug message from thread 1618-09-2026 00:29:33 [38;5;009m[ERROR]: [0mThis is a error message from thread 518-09-2026 00:29:33 [38;5;117m[DEBUG]: [0mThis is a debug message from thread 718-09-2026 00:29:33 [38;5;117m[DEBUG]: [0mThis is a debug message from thread 1518-09-2026 00:29:33 [38;5;117m[DEBUG]: [0mThis is a debug message from thread 1418-09-2026 00:29:33 [38;5;117m[DEBUG]: [0mThis is a debug message from thread 418-09-2026 00:29:33 [38;5;015m[INFO]: [0mThis is a info message from thread 1818-09-2026 00:29:33 [38;5;015m[INFO]: [0mThis is a info message from thread 418-09-2026 00:29:33 [38;5;117m[DEBUG]: [0mThis is a debug message from thread 2118-09-2026 00:29:33 [38;5;009m[ERROR]: [0mThis is a error message from thread 2418-09-2026 00:29:33 [38;5;117m[DEBUG]: [0mThis is a debug message from thread 1918-09-2026 00:29:33 [38;5;009m[ERROR]: [0mThis is a error message from thread 818-09-2026 00:29:33 [38;5;015m[INFO]: [0mThis is a info message from thread 718-09-2026 00:29:33 [38;5;117m[DEBUG]: [0mThis is a debug message from thread 318-09-2026 00:29:33 [38;5;009m[ERROR]: [0mThis is a error message from thread 618-09-2026 00:29:33 [38;5;015m[INFO]: [0mThis is a info message from thread 1418-09-2026 00:29:33 [38;5;015m[INFO]: [0mThis is a info message from thread 2818-09-2026 00:29:33 [38;5;015m[INFO]: [0mThis is a info message from thread 1618-09-2026 00:29:33 [38;5;117m[DEBUG]: [0mThis is a debug message from thread 2418-09-2026 00:29:33 [38;5;117m[DEBUG]: [0mThis is a debug message from thread 2618-09-2026 00:29:33 [38;5;117m[DEBUG]: [0mThis is a debug message from thread 918-09-2026 00:29:33 [38;5;117m[DEBUG]: [0mThis is a debug message from thread 818-09-2026 00:29:33 [38;5;009m[ERROR]: [0mThis is a error message from thread 118-09-2026 00:29:33 [38;5;009m[ERROR]: [0mThis is a error message from thread 1418-09-2026 00:29:33 [38;5;009m[ERROR]: [0mThis is a error message from thread 2518-09-2026 00:29:33 [38;5;009m[ERROR]: [0mThis is a error message from thread 718-09-2026 00:29:33 [38;5;117m[DEBUG]: [0mThis is a debug message from thread 2718-09-2026 00:29:33 [38;5;117m[DEBUG]: [0mThis is a debug message from thread 1018-09-2026 00:29:33 [38;5;009m[ERROR]: [0mThis is a error message from thread 1118-09-2026 00:29:33 [38;5;117m[DEBUG]: [0mThis is a debug message from thread 1418-09-2026 00:29:33 [38;5;015m[INFO]: [0mThis is a info message from thread 2618-09-2026 00:29:33 [38;5;009m[ERROR]: [0mThis is a error message from thread 1618-09-2026 00:29:33 [38;5;117m[DEBUG]: [0mThis is a debug message from thread 1718-09-2026 00:29:33 [38;5;009m[ERROR]: [0mThis is a error message from thread 2618-09-2026 00:29:33 [38;5;117m[DEBUG]: [0mThis is a debug message from thread 618-09-2026 00:29:33 [38;5;015m[INFO]: [0mThis is a info message from thread 1018-09-2026 00:29:33 [38;5;009m[ERROR]: [0mThis is a error message from thread 2818-09-2026 00:29:33 [38;5;015m[INFO]: [0mThis is a info message from thread 818-09-2026 00:29:33 [38;5;009m[ERROR]: [0mThis is a error message from thread 1818-09-2026 00:29:33 [38;5;009m[ERROR]: [0mThis is a error message from thread 1018-09-2026 00:29:33 [38;5;117m[DEBUG]: [0mThis is a debug message from thread 518-09-2026 00:29:33 [38;5;015m[INFO]: [0mThis is a info message from thread 1218-09-2026 00:29:33 [38;5;015m[INFO]: [0mThis is a info message from thread 1418-09-2026 00:29:33 [38;5;015m[INFO]: [0mThis is a info message from thread 2218-09-2026 00:29:33 [38;5;015m[INFO]: [0mThis is a info message from thread 1518-09-2026 00:29:33 [38;5;015m[INFO]: [0mThis is a info message from thread 618-09-2026 00:29:33 [38;5;015m[INFO]: [0mThis is a info message from thread 2418-09-2026 00:29:33 [38;5;015m[INFO]: [0mThis is a info message from thread 1718-09-2026 00:29:33 [38;5;117m[DEBUG]: [0mThis is a debug message from thread 718-09-2026 00:29:33 [38;5;117m[DEBUG]: [0mThis is a debug message from thread 1618-09-2026 00:29:33 [38;5;117m[DEBUG]: [0mThis is a debug message from thread 1818-09-2026 00:29:33 [38;5;015m[INFO]: [0mThis is a info message from thread 2018-09-2026 00:29:33 [38;5;015m[INFO]: [0mThis is a info message from thread 2118-09-2026 00:29:33 [38;5;117m[DEBUG]: [0mThis is a debug message from thread 1118-09-2026 00:29:33 [38;5;009m[ERROR]: [0mThis is a error message from thread 2918-09-2026 00:29:33 [38;5;117m[DEBUG]: [0mThis is a debug message from thread 2518-09-2026 00:29:33 [38;5;009m[ERROR]: [0mThis is a error message from thread 2418-09-2026 00:29:33 [38;5;009m[ERROR]: [0mThis is a error message from thread 2018-09-2026 00:29:33 [38;5;009m[ERROR]: [0mThis is a error message from thread 1218-09-2026 00:29:33 [38;5;117m[DEBUG]: [0mThis is a debug message from thread 2918-09-2026 00:29:33 [38;5;015m[INFO]: [0mThis is a info message from thread 2518-09-2026 00:29:33 [38;5;009m[ERROR]: [0mThis is a error message from thread 2218-09-2026 00:29:33 [38;5;009m[ERROR]: [0mThis is a error message from thread 2518-09-2026 00:29:33 [38;5;117m[DEBUG]: [0mThis is a debug message from thread 2018-09-2026 00:29:33 [38;5;015m[INFO]: [0mThis is a info message from thread 1818-09-2026 00:29:33 [38;5;117m[DEBUG]: [0mThis is a debug message from thread 2218-09-2026 00:29:33 [38;5;117m[DEBUG]: [0mThis is a debug message from thread 2618-09-2026 00:29:33 [38;5;015m[INFO]: [0mThis is a info message from thread 2718-09-2026 00:29:33 [38;5;009m[ERROR]: [0mThis is a error message from thread 1518-09-2026 00:29:33 [38;5;015m[INFO]: [0mThis is a info message from thread 2018-09-2026 00:29:33 [38;5;015m[INFO]: [0mThis is a info message from thread 1118-09-2026 00:29:33 [38;5;009m[ERROR]: [0mThis is a error message from thread 2318-09-2026 00:29:33 [38;5;015m[INFO]: [0mThis is a info message from thread 2918-09-2026 00:29:33 [38;5;117m[DEBUG]: [0mThis is a debug message from thread 1018-09-2026 00:29:33 [38;5;015m[INFO]: [0mThis is a info message from thread 1018-09-2026 00:29:33 [38;5;117m[DEBUG]: [0mThis is a debug message from thread 1518-09-2026 00:29:33 [38;5;015m[INFO]: [0mThis is a info message from thread 1518-09-2026 00:29:33 [38;5;009m[ERROR]: [0mThis is a error message from thread 1018-09-2026 00:29:33 [38;5;015m[INFO]: [0mThis is a info message from thread 1918-09-2026 00:29:33 [38;5;117m[DEBUG]: [0mThis is a debug message from thread 2318-09-2026 00:29:33 [38;5;009m[ERROR]: [0mThis is a error message from thread 2018-09-2026 00:29:33 [38;5;009m[ERROR]: [0mThis is a error message from thread 2918-09-2026 00:29:33 [38;5;117m[DEBUG]: [0mThis is a debug message from thread 2918-09-2026 00:29:33 [38;5;015m[INFO]: [0mThis is a info message from thread 2618-09-2026 00:29:33 [38;5;015m[INFO]: [0mThis is a info message from thread 2918-09-2026 00:29:33 [38;5;117m[DEBUG]: [0mThis is a debug message from thread 1018-09-2026 00:29:33 [38;5;009m[ERROR]: [0mThis is a error message from thread 418-09-2026 00:29:33 [38;5;015m[INFO]: [0mThis is a info message from thread 918-09-2026 00:29:33 [38;5;009m[ERROR]: [0mThis is a error message from thread 1418-09-2026 00:29:33 [38;5;015m[INFO]: [0mThis is a info message from thread 518-09-2026 00:29:33 [38;5;117m[DEBUG]: [0mThis is a debug message from thread 418-09-2026 00:29:33 [38;5;117m[DEBUG]: [0mThis is a debug message from thread 018-09-2026 00:29:33 [38;5;009m[ERROR]: [0mThis is a error message from thread 1718-09-2026 00:29:33 [38;5;015m[INFO]: [0mThis is a info message from thread 2318-09-2026 00:29:33 [38;5;117m[DEBUG]: [0mThis is a debug message from thread 1718-09-2026 00:29:33 [38;5;009m[ERROR]: [0mThis is a error message from thread 818-09-2026 00:29:33 [38;5;117m[DEBUG]: [0mThis is a debug message from thread 2018-09-2026 00:29:33 [38;5;117m[DEBUG]: [0mThis is a debug message from thread 2818-09-2026 00:29:33 [38;5;015m[INFO]: [0mThis is a info message from thread 718-09-2026 00:29:33 [38;5;009m[ERROR]: [0mThis is a error message from thread 2118-09-2026 00:29:33 [38;5;009m[ERROR]: [0mThis is a error message from thread 2618-09-2026 00:29:33 [38;5;015m[INFO]: [0mThis is a info message from thread 318-09-2026 00:29:33 [38;5;009m[ERROR]: [0mThis is a error message from thread 2318-09-2026 00:29:33 [38;5;015m[INFO]: [0mThis is a info message from thread 2818-09-2026 00:29:33 [38;5;009m[ERROR]: [0mThis is a error message from thread 618-09-2026 00:29:33 [38;5;009m[ERROR]: [0mThis is a error message from thread 2918-09-2026 00:29:33 [38;5;117m[DEBUG]: [0mThis is a debug message from thread 218-09-2026 00:29:33 [38;5;015m[INFO]: [0mThis is a info message from thread 018-09-2026 00:29:33 [38;5;015m[INFO]: [0mThis is a info message from thread 1018-09-2026 00:29:33 [38;5;117m[DEBUG]: [0mThis is a debug message from thread 818-09-2026 00:29:33 [38;5;009m[ERROR]: [0mThis is a error message from thread 018-09-2026 00:29:33 [38;5;009m[ERROR]: [0mThis is a error message from thread 1018-09-2026 00:29:33 [38;5;117m[DEBUG]: [0mThis is a debug message from thread 618-09-2026 00:29:33 [38;5;117m[DEBUG]: [0mThis is a debug message from thread 2318-09-2026 00:29:33 [38;5;015m[INFO]: [0mThis is a info message from thread 218-09-2026 00:29:33 [38;5;015m[INFO]: [0mThis is a info message from thread 818-09-2026 00:29:33 [38;5;009m[ERROR]: [0mThis is a error message from thread 918-09-2026 00:29:33 [38;5;009m[ERROR]: [0mThis is a error message from thread 1518-09-2026 00:29:33 [38;5;015m[INFO]: [0mThis is a info message from thread 1618-09-2026 00:29:33 [38;5;015m[INFO]: [0mThis is a info message from thread 2018-09-2026 00:29:33 [38;5;009m[ERROR]: [0mThis is a error message from thread 518-09-2026 00:29:33 [38;5;015m[INFO]: [0mThis is a info message from thread 1718-09-2026 00:29:33 [38;5;009m[ERROR]: [0mThis is a error message from thread 318-09-2026 00:29:33 [38;5;009m[ERROR]: [0mThis is a error message from thread 1618-09-2026 00:29:33 [38;5;117m[DEBUG]: [0mThis is a debug message from thread 1618-09-2026 00:29:33 [38;5;117m[DEBUG]: [0mThis is a debug message from thread 1518-09-2026 00:29:33 [38;5;117m[DEBUG]: [0mThis is a debug message from thread 018-09-2026 00:29:33 [38;5;117m[DEBUG]: [0mThis is a debug message from thread 2418-09-2026 00:29:33 [38;5;009m[ERROR]: [0mThis is a error message from thread 1718-09-2026 00:29:33 [38;5;009m[ERROR]: [0mThis is a error message from thread 2718-09-2026 00:29:33 [38;5;015m[INFO]: [0mThis is a info message from thread 1518-09-2026 00:29:33 [38;5;117m[DEBUG]: [0mThis is a debug message from thread 2718-09-2026 00:29:33 [38;5;117m[DEBUG]: [0mThis is a debug message from thread 118-09-2026 00:29:33 [38;5;117m[DEBUG]: [0mThis is a debug message from thread 1218-09-2026 00:29:33 [38;5;015m[INFO]: [0mThis is a info message from thread 018-09-2026 00:29:33 [38;5;009m[ERROR]: [0mThis is a error message from thread 718-09-2026 00:29:33 [38;5;009m[ERROR]: [0mThis is a error message from thread 1918-09-2026 00:29:33 [38;5;009m[ERROR]: [0mThis is a error message from thread 218-09-2026 00:29:33 [38;5;117m[DEBUG]: [0mThis is a debug message from thread 2618-09-2026 00:29:33 [38;5;015m[INFO]: [0mThis is a info message from thread 2318-09-2026 00:29:33 [38;5;015m[INFO]: [0mThis is a info message from thread 1218-09-2026 00:29:33 [38;5;009m[ERROR]: [0mThis is a error message from thread 818-09-2026 00:29:33 [38;5;117m[DEBUG]: [0mThis is a debug message from thread 318-09-2026 00:29:33 [38;5;015m[INFO]: [0mThis is a info message from thread 2618-09-2026 00:29:33 [38;5;117m[DEBUG]: [0mThis is a debug message from thread 818-09-2026 00:29:33 [38;5;009m[ERROR]: [0mThis is a error message from thread 1518-09-2026 00:29:33 [38;5;009m[ERROR]: [0mThis is a error message from thread 1218-09-2026 00:29:33 [38;5;015m[INFO]: [0mThis is a info message from thread 418-09-2026 00:29:33 [38;5;015m[INFO]: [0mThis is a info message from thread 318-09-2026 00:29:33 [38;5;015m[INFO]: [0mThis is a info message from thread 2418-09-2026 00:29:33 [38;5;117m[DEBUG]: [0mThis is a debug message from thread 1718-09-2026 00:29:33 [38;5;015m[INFO]: [0mThis is a info message from thread 618-09-2026 00:29:33 [38;5;009m[ERROR]: [0mThis is a error message from thread 2418-09-2026 00:29:33 [38;5;015m[INFO]: [0mThis is a info message from thread 818-09-2026 00:29:33 [38;5;117m[DEBUG]: [0mThis is a debug message from thread 1918-09-2026 00:29:33 [38;5;117m[DEBUG]: [0mThis is a debug message from thread 1018-09-2026 00:29:33 [38;5;009m[ERROR]: [0mThis is a error message from thread 318-09-2026 00:29:33 [38;5;117m[DEBUG]: [0mThis is a debug message from thread 1218-09-2026 00:29:33 [38;5;117m[DEBUG]: [0mThis is a debug message from thread 1418-09-2026 00:29:33 [38;5;117m[DEBUG]: [0mThis is a debug message from thread 518-09-2026 00:29:33 [38;5;015m[INFO]: [0mThis is a info message from thread 2718-09-2026 00:29:33 [38;5;015m[INFO]: [0mThis is a info message from thread 118-09-2026 00:29:33 [38;5;009m[ERROR]: [0mThis is a error message from thread 018-09-2026 00:29:33 [38;5;009m[ERROR]: [0mThis is a error message from thread 2318-09-2026 00:29:33 [38;5;009m[ERROR]: [0mThis is a error message from thread 1118-09-2026 00:29:33 [38;5;015m[INFO]: [0mThis is a info message from thread 1918-09-2026 00:29:33 [38;5;015m[INFO]: [0mThis is a info message from thread 1018-09-2026 00:29:33 [38;5;117m[DEBUG]: [0mThis is a debug message from thread 718-09-2026 00:29:33 [38;5;117m[DEBUG]: [0mThis is a debug message from thread 2118-09-2026 00:29:33 [38;5;117m[DEBUG]: [0mThis is a debug message from thread 018-09-2026 00:29:33 [38;5;015m[INFO]: [0mThis is a info message from thread 2118-09-2026 00:29:33 [38;5;117m[DEBUG]: [0mThis is a debug message from thread 318-09-2026 00:29:33 [38;5;015m[INFO]: [0mThis is a info message from thread 1218-09-2026 00:29:33 [38;5;015m[INFO]: [0mThis is a info message from thread 318-09-2026 00:29:33 [38;5;009m[ERROR]: [0mThis is a error message from thread 118-09-2026 00:29:33 [38;5;015m[INFO]: [0mThis is a info message from thread 2218-09-2026 00:29:33 [38;5;117m[DEBUG]: [0mThis is a debug message from thread 1118-09-2026 00:29:33 [38;5;009m[ERROR]: [0mThis is a error message from thread 1218-09-2026 00:29:33 [38;5;117m[DEBUG]: [0mThis is a debug message from thread 118-09-2026 00:29:33 [38;5;117m[DEBUG]: [0mThis is a debug message from thread 1218-09-2026 00:29:33 [38;5;015m[INFO]: [0mThis is a info message from thread 1118-09-2026 00:29:33 [38;5;117m[DEBUG]: [0mThis is a debug message from thread 2318-09-2026 00:29:33 [38;5;015m[INFO]: [0mThis is a info message from thread 118-09-2026 00:29:33 [38;5;009m[ERROR]: [0mThis is a error message from thread 1118-09-2026 00:29:33 [38;5;009m[ERROR]: [0mThis is a error message from thread 2118-09-2026 00:29:33 [38;5;009m[ERROR]: [0mThis is a error message from thread 2018-09-2026 00:29:33 [38;5;009m[ERROR]: [0mThis is a error message from thread 2718-09-2026 00:29:33 [38;5;117m[DEBUG]: [0mThis is a debug message from thread 1118-09-2026 00:29:33 [38;5;015m[INFO]: [0mThis is a info message from thread 1218-09-2026 00:29:33 [38;5;117m[DEBUG]: [0mThis is a debug message from thread 218-09-2026 00:29:33 [38;5;015m[INFO]: [0mThis is a info message from thread 1718-09-2026 00:29:33 [38;5;117m[DEBUG]: [0mThis is a debug message from thread 918-09-2026 00:29:33 [38;5;009m[ERROR]: [0mThis is a error message from thread 118-09-2026 00:29:33 [38;5;009m[ERROR]: [0mThis is a error message from thread 2218-09-2026 00:29:33 [38;5;117m[DEBUG]: [0mThis is a debug message from thread 2718-09-2026 00:29:33 [38;5;117m[DEBUG]: [0mThis is a debug message from thread 1518-09-2026 00:29:33 [38;5;015m[INFO]: [0mThis is a info message from thread 1418-09-2026 00:29:33 [38;5;009m[ERROR]: [0mThis is a error message from thread 1818-09-2026 00:29:33 [38;5;117m[DEBUG]: [0mThis is a debug message from thread 2418-09-2026 00:29:33 [38;5;015m[INFO]: [0mThis is a info message from thread 218-09-2026 00:29:33 [38;5;117m[DEBUG]: [0mThis is a debug message from thread 2518-09-2026 00:29:33 [38;5;009m[ERROR]: [0mThis is a error message from thread 1218-09-2026 00:29:33 [38;5;015m[INFO]: [0mThis is a info message from thread 2718-09-2026 00:29:33 [38;5;117m[DEBUG]: [0mThis is a debug message from thread 118-09-2026 00:29:33 [38;5;015m[INFO]: [0mThis is a info message from thread 2518-09-2026 00:29:33 [38;5;015m[INFO]: [0mThis is a info message from thread 518-09-2026 00:29:33 [38;5;009m[ERROR]: [0mThis is a error message from thread 2818-09-2026 00:29:33 [38;5;009m[ERROR]: [0mThis is a error message from thread 1418-09-2026 00:29:33 [38;5;009m[ERROR]: [0mThis is a error message from thread 418-09-2026 00:29:33 [38;5;117m[DEBUG]: [0mThis is a debug message from thread 2918-09-2026 00:29:33 [38;5;009m[ERROR]: [0mThis is a error message from thread 1018-09-2026 00:29:33 [38;5;015m[INFO]: [0mThis is a info message from thread 018-09-2026 00:29:33 [38;5;117m[DEBUG]: [0mThis is a debug message from thread 2118-09-2026 00:29:33 [38;5;009m[ERROR]: [0mThis is a error message from thread 1718-09-2026 00:29:33 [38;5;009m[ERROR]: [0mThis is a error message from thread 218-09-2026 00:29:33 [38;5;015m[INFO]: [0mThis is a info message from thread 2918-09-2026 00:29:33 [38;5;117m[DEBUG]: [0mThis is a debug message from thread 2018-09-2026 00:29:33 [38;5;015m[INFO]: [0mThis is a info message from thread 2118-09-2026 00:29:33 [38;5;117m[DEBUG]: [0mThis is a debug message from thread 2818-09-2026 00:29:33 [38;5;117m[DEBUG]: [0mThis is a debug message from thread 218-09-2026 00:29:33 [38;5;009m[ERROR]: [0mThis is a error message from thread 518-09-2026 00:29:33 [38;5;117m[DEBUG]: [0mThis is a debug message from thread 1418-09-2026 00:29:33 [38;5;009m[ERROR]: [0mThis is a error message from thread 2518-09-2026 00:29:33 [38;5;015m[INFO]: [0mThis is a info message from thread 918-09-2026 00:29:33 [38;5;015m[INFO]: [0mThis is a info message from thread 1318-09-2026 00:29:33 [38;5;015m[INFO]: [0mThis is a info message from thread 1118-09-2026 00:29:33 [38;5;009m[ERROR]: [0mThis is a error message from thread 2118-09-2026 00:29:33 [38;5;117m[DEBUG]: [0mThis is a debug message from thread 2218-09-2026 00:29:33 [38;5;009m[ERROR]: [0mThis is a error message from thread 2918-09-2026 00:29:33 [38;5;117m[DEBUG]: [0mThis is a debug message from thread 1818-09-2026 00:29:33 [38;5;117m[DEBUG]: [0mThis is a debug message from thread 2518-09-2026 00:29:33 [38;5;015m[INFO]: [0mThis is a info message from thread 718-09-2026 00:29:33 [38;5;015m[INFO]: [0mThis is a info message from thread 118-09-2026 00:29:33 [38;5;009m[ERROR]: [0mThis is a error message from thread 1318-09-2026 00:29:33 [38;5;009m[ERROR]: [0mThis is a error message from thread 1918-09-2026 00:29:33 [38;5;009m[ERROR]: [0mThis is a error message from thread 618-09-2026 00:29:33 [38;5;117m[DEBUG]: [0mThis is a debug message from thread 418-09-2026 00:29:33 [38;5;009m[ERROR]: [0mThis is a error message from thread 118-09-2026 00:29:33 [38;5;015m[INFO]: [0mThis is a info message from thread 1418-09-2026 00:29:33 [38;5;117m[DEBUG]: [0mThis is a debug message from thread 1018-09-2026 00:29:33 [38;5;015m[INFO]: [0mThis is a info message from thread 2818-09-2026 00:29:33 [38;5;009m[ERROR]: [0mThis is a error message from thread 1118-09-2026 00:29:33 [38;5;009m[ERROR]: [0mThis is a error message from thread 018-09-2026 00:29:33 [38;5;117m[DEBUG]: [0mThis is a debug message from thread 518-09-2026 00:29:33 [38;5;009m[ERROR]: [0mThis is a error message from thread 318-09-2026 00:29:33 [38;5;009m[ERROR]: [0mThis is a error message from thread 2818-09-2026 00:29:33 [38;5;117m[DEBUG]: [0mThis is a debug message from thread 1118-09-2026 00:29:33 [38;5;117m[DEBUG]: [0mThis is a debug message from thread 1218-09-2026 00:29:33 [38;5;009m[ERROR]: [0mThis is a error message from thread 718-09-2026 00:29:33 [38;5;015m[INFO]: [0mThis is a info message from thread 2018-09-2026 00:29:33 [38;5;117m[DEBUG]: [0mThis is a debug message from thread 1318-09-2026 00:29:33 [38;5;117m[DEBUG]: [0mThis is a debug message from thread 718-09-2026 00:29:33 [38;5;009m[ERROR]: [0mThis is a error message from thread 818-09-2026 00:29:33 [38;5;015m[INFO]: [0mThis is a info message from thread 418-09-2026 00:29:33 [38;5;015m[INFO]: [0mThis is a info message from thread 2418-09-2026 00:29:33 [38;5;117m[DEBUG]: [0mThis is a debug message from thread 1718-09-2026 00:29:33 [38;5;117m[DEBUG]: [0mThis is a debug message from thread 018-09-2026 00:29:33 [38;5;015m[INFO]: [0mThis is a info message from thread 2218-09-2026 00:29:33 [38;5;009m[ERROR]: [0mThis is a error message from thread 1418-09-2026 00:29:33 [38;5;015m[INFO]: [0mThis is a info message from thread 1518-09-2026 00:29:33 [38;5;015m[INFO]: [0mThis is a info message from thread 1718-09-2026 00:29:33 [38;5;009m[ERROR]: [0mThis is a error message from thread 418-09-2026 00:29:33 [38;5;117m[DEBUG]: [0mThis is a debug message from thread 1918-09-2026 00:29:33 [38;5;117m[DEBUG]: [0mThis is a debug message from thread 618-09-2026 00:29:33 [38;5;117m[DEBUG]: [0mThis is a debug message from thread 818-09-2026 00:29:33 [38;5;015m[INFO]: [0mThis is a info message from thread 1318-09-2026 00:29:33 [38;5;015m[INFO]: [0mThis is a info message from thread 718-09-2026 00:29:33 [38;5;009m[ERROR]: [0mThis is a error message from thread 2718-09-2026 00:29:33 [38;5;015m[INFO]: [0mThis is a info message from thread 618-09-2026 00:29:33 [38;5;015m[INFO]: [0mThis is a info message from thread 1818-09-2026 00:29:33 [38;5;015m[INFO]: [0mThis is a info message from thread 018-09-2026 00:29:33 [38;5;009m[ERROR]: [0mThis is a error message from thread 1518-09-2026 00:29:33 [38;5;117m[DEBUG]: [0mThis is a debug message from thread 418-09-2026 00:29:33 [38;5;015m[INFO]: [0mThis is a info message from thread 2318-09-2026 00:29:33 [38;5;117m[DEBUG]: [0mThis is a debug message from thread 2118-09-2026 00:29:33 [38;5;009m[ERROR]: [0mThis is a error message from thread 1818-09-2026 00:29:33 [38;5;015m[INFO]: [0mThis is a info message from thread 418-09-2026 00:29:33 [38;5;117m[DEBUG]: [0mThis is a debug message from thread 1518-09-2026 00:29:33 [38;5;009m[ERROR]: [0mThis is a error message from thread 2618-09-2026 00:29:33 [38;5;009m[ERROR]: [0mThis is a error message from thread 418-09-2026 00:29:33 [38;5;015m[INFO]: [0mThis is a info message from thread 1618-09-2026 00:29:33 [38;5;117m[DEBUG]: [0mThis is a debug message from thread 418-09-2026 00:29:33 [38;5;117m[DEBUG]: [0mThis is a debug message from thread 318-09-2026 00:29:33 [38;5;015m[INFO]: [0mThis is a info message from thread 418-09-2026 00:29:33 [38;5;117m[DEBUG]: [0mThis is a debug message from thread 2618-09-2026 00:29:33 [38;5;015m[INFO]: [0mThis is a info message from thread 818-09-2026 00:29:33 [38;5;009m[ERROR]: [0mThis is a error message from thread 618-09-2026 00:29:33 [38;5;015m[INFO]: [0mThis is a info message from thread 318-09-2026 00:29:33 [38;5;117m[DEBUG]: [0mThis is a debug message from thread 618-09-2026 00:29:33 [38;5;015m[INFO]: [0mThis is a info message from thread 518-09-2026 00:29:33 [38;5;015m[INFO]: [0mThis is a info message from thread 1118-09-2026 00:29:33 [38;5;117m[DEBUG]: [0mThis is a debug message from thread 2818-09-2026 00:29:33 [38;5;015m[INFO]: [0mThis is a info message from thread 2118-09-2026 00:29:33 [38;5;117m[DEBUG]: [0mThis is a debug message from thread 2718-09-2026 00:29:33 [38;5;117m[DEBUG]: [0mThis is a debug message from thread 118-09-2026 00:29:33 [38;5;009m[ERROR]: [0mThis is a error message from thread 1118-09-2026 00:29:33 [38;5;015m[INFO]: [0mThis is a info message from thread 1918-09-2026 00:29:33 [38;5;009m[ERROR]: [0mThis is a error message from thread 2018-09-2026 00:29:33 [38;5;009m[ERROR]: [0mThis is a error message from thread 518-09-2026 00:29:33 [38;5;015m[INFO]: [0mThis is a info message from thread 2518-09-2026 00:29:33 [38;5;009m[ERROR]: [0mThis is a error message from thread 418-09-2026 00:29:33 [38;5;009m[ERROR]: [0mThis is a error message from thread 2118-09-2026 00:29:33 [38;5;009m[ERROR]: [0mThis is a error message from thread 2418-09-2026 00:29:33 [38;5;015m[INFO]: [0mThis is a info message from thread 2618-09-2026 00:29:33 [38;5;015m[INFO]: [0mThis is a info message from thread 2818-09-2026 00:29:33 [38;5;009m[ERROR]: [0mThis is a error message from thread 2618-09-2026 00:29:33 [38;5;015m[INFO]: [0mThis is a info message from thread 618-09-2026 00:29:33 [38;5;009m[ERROR]: [0mThis is a error message from thread 918-09-2026 00:29:33 [38;5;117m[DEBUG]: [0mThis is a debug message from thread 1418-09-2026 00:29:33 [38;5;117m[DEBUG]: [0mThis is a debug message from thread 2918-09-2026 00:29:33 [38;5;009m[ERROR]: [0mThis is a error message from thread 1918-09-2026 00:29:33 [38;5;009m[ERROR]: [0mThis is a error message from thread 1618-09-2026 00:29:33 [38;5;117m[DEBUG]: [0mThis is a debug message from thread 1818-09-2026 00:29:33 [38;5;009m[ERROR]: [0mThis is a error message from thread 2518-09-2026 00:29:33 [38;5;009m[ERROR]: [0mThis is a error message from thread 1718-09-2026 00:29:33 [38;5;117m[DEBUG]: [0mThis is a debug message from thread 1718-09-2026 00:29:33 [38;5;117m[DEBUG]: [0mThis is a debug message from thread 2018-09-2026 00:29:33 [38;5;009m[ERROR]: [0mThis is a error message from thread 018-09-2026 00:29:33 [38;5;117m[DEBUG]: [0mThis is a debug message from thread 418-09-2026 00:29:33 [38;5;117m[DEBUG]: [0mThis is a debug message from thread 918-09-2026 00:29:33 [38;5;015m[INFO]: [0mThis is a info message from thread 1718-09-2026 00:29:33 [38;5;015m[INFO]: [0mThis is a info message from thread 1018-09-2026 00:29:33 [38;5;009m[ERROR]: [0mThis is a error message from thread 2318-09-2026 00:29:33 [38;5;009m[ERROR]: [0mThis is a error message from thread 618-09-2026 00:29:33 [38;5;015m[INFO]: [0mThis is a info message from thread 918-09-2026 00:29:33 [38;5;117m[DEBUG]: [0mThis is a debug message from thread 018-09-2026 00:29:33 [38;5;117m[DEBUG]: [0mThis is a debug message from thread 618-09-2026 00:29:33 [38;5;009m[ERROR]: [0mThis is a error message from thread 2218-09-2026 00:29:33 [38;5;009m[ERROR]: [0mThis is a error message from thread 2818-09-2026 00:29:33 [38;5;015m[INFO]: [0mThis is a info message from thread 1518-09-2026 00:29:33 [38;5;015m[INFO]: [0mThis is a info message from thread 618-09-2026 00:29:33 [38;5;117m[DEBUG]: [0mThis is a debug message from thread 1918-09-2026 00:29:33 [38;5;117m[DEBUG]: [0mThis is a debug message from thread 2318-09-2026 00:29:33 [38;5;117m[DEBUG]: [0mThis is a debug message from thread 518-09-2026 00:29:33 [38;5;117m[DEBUG]: [0mThis is a debug message from thread 2218-09-2026 00:29:33 [38;5;117m[DEBUG]: [0mThis is a debug message from thread 1118-09-2026 00:29:33 [38;5;117m[DEBUG]: [0mThis is a debug message from thread 2418-09-2026 00:29:33 [38;5;015m[INFO]: [0mThis is a info message from thread 418-09-2026 00:29:33 [38;5;015m[INFO]: [0mThis is a info message from thread 118-09-2026 00:29:33 [38;5;015m[INFO]: [0mThis is a info message from thread 1118-09-2026 00:29:33 [38;5;015m[INFO]: [0mThis is a info message from thread 018-09-2026 00:29:33 [38;5;015m[INFO]: [0mThis is a info message from thread 2418-09-2026 00:29:33 [38;5;015m[INFO]: [0mThis is a info message from thread 2218-09-2026 00:29:33 [38;5;117m[DEBUG]: [0mThis is a debug message from thread 2818-09-2026 00:29:33 [38;5;015m[INFO]: [0mThis is a info message from thread 218-09-2026 00:29:33 [38;5;015m[INFO]: [0mThis is a info message from thread 2718-09-2026 00:29:33 [38;5;015m[INFO]: [0mThis is a info message from thread 1218-09-2026 00:29:33 [38;5;015m[INFO]: [0mThis is a info message from thread 2318-09-2026 00:29:33 [38;5;009m[ERROR]: [0mThis is a error message from thread 2718-09-2026 00:29:33 [38;5;117m[DEBUG]: [0mThis is a debug message from thread 1618-09-2026 00:29:33 [38;5;009m[ERROR]: [0mThis is a error message from thread 1118-09-2026 00:29:33 [38;5;015m[INFO]: [0mThis is a info message from thread 518-09-2026 00:29:33 [38;5;015m[INFO]: [0mThis is a info message from thread 1918-09-2026 00:29:33 [38;5;015m[INFO]: [0mThis is a info message from thread 1418-09-2026 00:29:33 [38;5;015m[INFO]: [0mThis is a info message from thread 1618-09-2026 00:29:33 [38;5;009m[ERROR]: [0mThis is a error message from thread 2418-09-2026 00:29:33 [38;5;117m[DEBUG]: [0mThis is a debug message from thread 1118-09-2026 00:29:33 [38;5;009m[ERROR]: [0mThis is a error message from thread 418-09-2026 00:29:33 [38;5;117m[DEBUG]: [0mThis is a debug message from thread 2718-09-2026 00:29:33 [38;5;009m[ERROR]: [0mThis is a error message from thread 318-09-2026 00:29:33 [38;5;009m[ERROR]: [0mThis is a error message from thread 1218-09-2026 00:29:33 [38;5;009m[ERROR]: [0mThis is a error message from thread 1918-09-2026 00:29:33 [38;5;015m[INFO]: [0mThis is a info message from thread 2918-09-2026 00:29:33 [38;5;015m[INFO]: [0mThis is a info message from thread 2818-09-2026 00:29:33 [38;5;009m[ERROR]: [0mThis is a error message from thread 2318-09-2026 00:29:33 [38;5;117m[DEBUG]: [0mThis is a debug message from thread 2618-09-2026 00:29:33 [38;5;009m[ERROR]: [0mThis is a error message from thread 018-09-2026 00:29:33 [38;5;009m[ERROR]: [0mThis is a error message from thread 718-09-2026 00:29:33 [38;5;015m[INFO]: [0mThis is a info message from thread 2618-09-2026 00:29:33 [38;5;117m[DEBUG]: [0mThis is a debug message from thread 318-09-2026 00:29:33 [38;5;015m[INFO]: [0mThis is a info message from thread 1118-09-2026 00:29:33 [38;5;117m[DEBUG]: [0mThis is a debug message from thread 2318-09-2026 00:29:33 [38;5;117m[DEBUG]: [0mThis is a debug message from thread 1218-09-2026 00:29:33 [38;5;117m[DEBUG]: [0mThis is a debug message from thread 1918-09-2026 00:29:33 [38;5;009m[ERROR]: [0mThis is a error message from thread 1018-09-2026 00:29:33 [38;5;009m[ERROR]: [0mThis is a error message from thread 1518-09-2026 00:29:33 [38;5;117m[DEBUG]: [0mThis is a debug message from thread 1018-09-2026 00:29:33 [38;5;117m[DEBUG]: [0mThis is a debug message from thread 1518-09-2026 00:29:33 [38;5;009m[ERROR]: [0mThis is a error message from thread 1418-09-2026 00:29:33 [38;5;015m[INFO]: [0mThis is a info message from thread 1018-09-2026 00:29:33 [38;5;009m[ERROR]: [0mThis is a error message from thread 2618-09-2026 00:29:33 [38;5;117m[DEBUG]: [0mThis is a debug message from thread 1418-09-2026 00:29:33 [38;5;009m[ERROR]: [0mThis is a error message from thread 1118-09-2026 00:29:33 [38;5;015m[INFO]: [0mThis is a info message from thread 2318-09-2026 00:29:33 [38;5;117m[DEBUG]: [0mThis is a debug message from thread 2118-09-2026 00:29:33 [38;5;009m[ERROR]: [0mThis is a error message from thread 118-09-2026 00:29:33 [38;5;015m[INFO]: [0mThis is a info message from thread 2018-09-2026 00:29:33 [38;5;015m[INFO]: [0mThis is a info message from thread 1818-09-2026 00:29:33 [38;5;009m[ERROR]: [0mThis is a error message from thread 2818-09-2026 00:29:33 [38;5;117m[DEBUG]: [0mThis is a debug message from thread 2618-09-2026 00:29:33 [38;5;009m[ERROR]: [0mThis is a error message from thread 818-09-2026 00:29:33 [38;5;117m[DEBUG]: [0mThis is a debug message from thread 1118-09-2026 00:29:33 [38;5;009m[ERROR]: [0mThis is a error message from thread 2218-09-2026 00:29:33 [38;5;015m[INFO]: [0mThis is a info message from thread 2618-09-2026 00:29:33 [38;5;117m[DEBUG]: [0mThis is a debug message from thread 118-09-2026 00:29:33 [38;5;015m[INFO]: [0mThis is a info message from thread 2118-09-2026 00:29:33 [38;5;009m[ERROR]: [0mThis is a error message from thread 518-09-2026 00:29:33 [38;5;015m[INFO]: [0mThis is a info message from thread 1518-09-2026 00:29:33 [38;5;117m[DEBUG]: [0mThis is a debug message from thread 018-09-2026 00:29:33 [38;5;117m[DEBUG]: [0mThis is a debug message from thread 2418-09-2026 00:29:33 [38;5;015m[INFO]: [0mThis is a info message from thread 1118-09-2026 00:29:33 [38;5;015m[INFO]: [0mThis is a info message from thread 1918-09-2026 00:29:33 [38;5;015m[INFO]: [0mThis is a info message from thread 118-09-2026 00:29:33 [38;5;009m[ERROR]: [0mThis is a error message from thread 1018-09-2026 00:29:33 [38;5;117m[DEBUG]: [0mThis is a debug message from thread 2518-09-2026 00:29:33 [38;5;009m[ERROR]: [0mThis is a error message from thread 1718-09-2026 00:29:33 [38;5;117m[DEBUG]: [0mThis is a debug message from thread 418-09-2026 00:29:33 [38;5;009m[ERROR]: [0mThis is a error message from thread 2118-09-2026 00:29:33 [38;5;009m[ERROR]: [0mThis is a error message from thread 1118-09-2026 00:29:33 [38;5;009m[ERROR]: [0mThis is a error message from thread 1818-09-2026 00:29:33 [38;5;009m[ERROR]: [0mThis is a error message from thread 2318-09-2026 00:29:33 [38;5;117m[DEBUG]: [0mThis is a debug message from thread 2218-09-2026 00:29:33 [38;5;117m[DEBUG]: [0mThis is a debug message from thread 2118-09-2026 00:29:33 [38;5;117m[DEBUG]: [0mThis is a debug message from thread 1118-09-2026 00:29:33 [38;5;015m[INFO]: [0mThis is a info message from thread 2118-09-2026 00:29:33 [38;5;009m[ERROR]: [0mThis is a error message from thread 218-09-2026 00:29:33 [38;5;015m[INFO]: [0mThis is a info message from thread 2218-09-2026 00:29:33 [38;5;117m[DEBUG]: [0mThis is a debug message from thread 1018-09-2026 00:29:33 [38;5;015m[INFO]: [0mThis is a info message from thread 1418-09-2026 00:29:33 [38;5;009m[ERROR]: [0mThis is a error message from thread 2118-09-2026 00:29:33 [38;5;015m[INFO]: [0mThis is a info message from thread 2418-09-2026 00:29:33 [38;5;117m[DEBUG]: [0mThis is a debug message from thread 518-09-2026 00:29:33 [38;5;015m[INFO]: [0mThis is a info message from thread 1118-09-2026 00:29:33 [38;5;117m[DEBUG]: [0mThis is a debug message from thread 218-09-2026 00:29:33 [38;5;009m[ERROR]: [0mThis is a error message from thread 118-09-2026 00:29:33 [38;5;009m[ERROR]: [0mThis is a error message from thread 2218-09-2026 00:29:33 [38;5;117m[DEBUG]: [0mThis is a debug message from thread 818-09-2026 00:29:33 [38;5;015m[INFO]: [0mThis is a info message from thread 318-09-2026 00:29:33 [38;5;009m[ERROR]: [0mThis is a error message from thread 1618-09-2026 00:29:33 [38;5;117m[DEBUG]: [0mThis is a debug message from thread 2218-09-2026 00:29:33 [38;5;009m[ERROR]: [0mThis is a error message from thread 1118-09-2026 00:29:33 [38;5;009m[ERROR]: [0mThis is a error message from thread 2018-09-2026 00:29:33 [38;5;015m[INFO]: [0mThis is a info message from thread 418-09-2026 00:29:33 [38;5;009m[ERROR]: [0mThis is a error message from thread 1418-09-2026 00:29:33 [38;5;117m[DEBUG]: [0mThis is a debug message from thread 1818-09-2026 00:29:33 [38;5;117m[DEBUG]: [0mThis is a debug message from thread 718-09-2026 00:29:33 [38;5;117m[DEBUG]: [0mThis is a debug message from thread 2318-09-2026 00:29:33 [38;5;009m[ERROR]: [0mThis is a error message from thread 1918-09-2026 00:29:33 [38;5;015m[INFO]: [0mThis is a info message from thread 1818-09-2026 00:29:33 [38;5;009m[ERROR]: [0mThis is a error message from thread 1318-09-2026 00:29:33 [38;5;117m[DEBUG]: [0mThis is a debug message from thread 1918-09-2026 00:29:33 [38;5;117m[DEBUG]: [0mThis is a debug message from thread 1318-09-2026 00:29:33 [38;5;009m[ERROR]: [0mThis is a error message from thread 2618-09-2026 00:29:33 [38;5;015m[INFO]: [0mThis is a info message from thread 1218-09-2026 00:29:33 [38;5;009m[ERROR]: [0mThis is a error message from thread 1518-09-2026 00:29:33 [38;5;015m[INFO]: [0mThis is a info message from thread 1918-09-2026 00:29:33 [38;5;015m[INFO]: [0mThis is a info message from thread 2718-09-2026 00:29:33 [38;5;117m[DEBUG]: [0mThis is a debug message from thread 1118-09-2026 00:29:33 [38;5;117m[DEBUG]: [0mThis is a debug message from thread 1718-09-2026 00:29:33 [38;5;015m[INFO]: [0mThis is a info message from thread 018-09-2026 00:29:33 [38;5;009m[ERROR]: [0mThis is a error message from thread 1918-09-2026 00:29:33 [38;5;015m[INFO]: [0mThis is a info message from thread 1718-09-2026 00:29:33 [38;5;009m[ERROR]: [0mThis is a error message from thread 018-09-2026 00:29:33 [38;5;117m[DEBUG]: [0mThis is a debug message from thread 1918-09-2026 00:29:33 [38;5;015m[INFO]: [0mThis is a info message from thread 1918-09-2026 00:29:33 [38;5;117m[DEBUG]: [0mThis is a debug message from thread 018-09-2026 00:29:33 [38;5;009m[ERROR]: [0mThis is a error message from thread 1718-09-2026 00:29:33 [38;5;009m[ERROR]: [0mThis is a error message from thread 1918-09-2026 00:29:33 [38;5;015m[INFO]: [0mThis is a info message from thread 018-09-2026 00:29:33 [38;5;117m[DEBUG]: [0mThis is a debug message from thread 1718-09-2026 00:29:33 [38;5;117m[DEBUG]: [0mThis is a debug message from thread 1918-09-2026 00:29:33 [38;5;009m[ERROR]: [0mThis is a error message from thread 918-09-2026 00:29:33 [38;5;015m[INFO]: [0mThis is a info message from thread 1918-09-2026 00:29:33 [38;5;117m[DEBUG]: [0mThis is a debug message from thread 1618-09-2026 00:29:33 [38;5;117m[DEBUG]: [0mThis is a debug message from thread 2018-09-2026 00:29:33 [38;5;015m[INFO]: [0mThis is a info message from thread 718-09-2026 00:29:33 [38;5;015m[INFO]: [0mThis is a info message from thread 1618-09-2026 00:29:33 [38;5;009m[ERROR]: [0mThis is a error message from thread 718-09-2026 00:29:33 [38;5;015m[INFO]: [0mThis is a info message from thread 2018-09-2026 00:29:33 [38;5;117m[DEBUG]: [0mThis is a debug message from thread 718-09-2026 00:29:33 [38;5;009m[ERROR]: [0mThis is a error message from thread 618-09-2026 00:29:33 [38;5;015m[INFO]: [0mThis is a info message from thread 2318-09-2026 00:29:33 [38;5;009m[ERROR]: [0mThis is a error message from thread 2018-09-2026 00:29:33 [38;5;015m[INFO]: [0mThis is a info message from thread 1018-09-2026 00:29:33 [38;5;015m[INFO]: [0mThis is a info message from thread 2218-09-2026 00:29:33 [38;5;117m[DEBUG]: [0mThis is a debug message from thread 618-09-2026 00:29:33 [38;5;009m[ERROR]: [0mThis is a error message from thread 2318-09-2026 00:29:33 [38;5;015m[INFO]: [0mThis is a info message from thread 618-09-2026 00:29:33 [38;5;015m[INFO]: [0mThis is a info message from thread 718-09-2026 00:29:33 [38;5;009m[ERROR]: [0mThis is a error message from thread 618-09-2026 00:29:33 [38;5;117m[DEBUG]: [0mThis is a debug message from thread 2618-09-2026 00:29:33 [38;5;009m[ERROR]: [0mThis is a error message from thread 2218-09-2026 00:29:33 [38;5;009m[ERROR]: [0mThis is a error message from thread 1818-09-2026 00:29:33 [38;5;117m[DEBUG]: [0mThis is a debug message from thread 2818-09-2026 00:29:33 [38;5;009m[ERROR]: [0mThis is a error message from thread 2718-09-2026 00:29:33 [38;5;117m[DEBUG]: [0mThis is a debug message from thread 618-09-2026 00:29:33 [38;5;117m[DEBUG]: [0mThis is a debug message from thread 1818-09-2026 00:29:33 [38;5;117m[DEBUG]: [0mThis is a debug message from thread 1518-09-2026 00:29:33 [38;5;015m[INFO]: [0mThis is a info message from thread 1118-09-2026 00:29:33 [38;5;015m[INFO]: [0mThis is a info message from thread 2818-09-2026 00:29:33 [38;5;015m[INFO]: [0mThis is a info message from thread 1518-09-2026 00:29:33 [38;5;009m[ERROR]: [0mThis is a error message from thread 1118-09-2026 00:29:33 [38;5;009m[ERROR]: [0mThis is a error message from thread 1518-09-2026 00:29:33 [38;5;117m[DEBUG]: [0mThis is a debug message from thread 1118-09-2026 00:29:33 [38;5;009m[ERROR]: [0mThis is a error message from thread 318-09-2026 00:29:33 [38;5;015m[INFO]: [0mThis is a info message from thread 618-09-2026 00:29:33 [38;5;015m[INFO]: [0mThis is a info message from thread 2618-09-2026 00:29:33 [38;5;117m[DEBUG]: [0mThis is a debug message from thread 2118-09-2026 00:29:33 [38;5;117m[DEBUG]: [0mThis is a debug message from thread 1418-09-2026 00:29:33 [38;5;015m[INFO]: [0mThis is a info message from thread 1118-09-2026 00:29:33 [38;5;015m[INFO]: [0mThis is a info message from thread 518-09-2026 00:29:33 [38;5;117m[DEBUG]: [0mThis is a debug message from thread 2218-09-2026 00:29:33 [38;5;015m[INFO]: [0mThis is a info message from thread 1318-09-2026 00:29:33 [38;5;117m[DEBUG]: [0mThis is a debug message from thread 1518-09-2026 00:29:33 [38;5;117m[DEBUG]: [0mThis is a debug message from thread 2718-09-2026 00:29:33 [38;5;117m[DEBUG]: [0mThis is a debug message from thread 918-09-2026 00:29:33 [38;5;009m[ERROR]: [0mThis is a error message from thread 1618-09-2026 00:29:33 [38;5;015m[INFO]: [0mThis is a info message from thread 2718-09-2026 00:29:33 [38;5;009m[ERROR]: [0mThis is a error message from thread 2618-09-2026 00:29:33 [38;5;009m[ERROR]: [0mThis is a error message from thread 618-09-2026 00:29:33 [38;5;009m[ERROR]: [0mThis is a error message from thread 2718-09-2026 00:29:33 [38;5;117m[DEBUG]: [0mThis is a debug message from thread 318-09-2026 00:29:33 [38;5;009m[ERROR]: [0mThis is a error message from thread 1118-09-2026 00:29:33 [38;5;117m[DEBUG]: [0mThis is a debug message from thread 1618-09-2026 00:29:33 [38;5;117m[DEBUG]: [0mThis is a debug message from thread 2718-09-2026 00:29:33 [38;5;015m[INFO]: [0mThis is a info message from thread 2218-09-2026 00:29:33 [38;5;015m[INFO]: [0mThis is a info message from thread 318-09-2026 00:29:33 [38;5;015m[INFO]: [0mThis is a info message from thread 918-09-2026 00:29:33 [38;5;117m[DEBUG]: [0mThis is a debug message from thread 2618-09-2026 00:29:33 [38;5;009m[ERROR]: [0mThis is a error message from thread 1918-09-2026 00:29:33 [38;5;117m[DEBUG]: [0mThis is a debug message from thread 1118-09-2026 00:29:33 [38;5;117m[DEBUG]: [0mThis is a debug message from thread 2018-09-2026 00:29:33 [38;5;015m[INFO]: [0mThis is a info message from thread 2618-09-2026 00:29:33 [38;5;015m[INFO]: [0mThis is a info message from thread 1118-09-2026 00:29:33 [38;5;117m[DEBUG]: [0mThis is a debug message from thread 1918-09-2026 00:29:33 [38;5;015m[INFO]: [0mThis is a info message from thread 2718-09-2026 00:29:33 [38;5;009m[ERROR]: [0mThis is a error message from thread 2618-09-2026 00:29:33 [38;5;009m[ERROR]: [0mThis is a error message from thread 318-09-2026 00:29:33 [38;5;117m[DEBUG]: [0mThis is a debug message from thread 2618-09-2026 00:29:33 [38;5;015m[INFO]: [0mThis is a info message from thread 2618-09-2026 00:29:33 [38;5;009m[ERROR]: [0mThis is a error message from thread 1018-09-2026 00:29:33 [38;5;009m[ERROR]: [0mThis is a error message from thread 2718-09-2026 00:29:33 [38;5;009m[ERROR]: [0mThis is a error message from thread 918-09-2026 00:29:33 [38;5;117m[DEBUG]: [0mThis is a debug message from thread 118-09-2026 00:29:33 [38;5;009m[ERROR]: [0mThis is a error message from thread 2618-09-2026 00:29:33 [38;5;117m[DEBUG]: [0mThis is a debug message from thread 2618-09-2026 00:29:33 [38;5;117m[DEBUG]: [0mThis is a debug message from thread 318-09-2026 00:29:33 [38;5;117m[DEBUG]: [0mThis is a debug message from thread 1018-09-2026 00:29:33 [38;5;009m[ERROR]: [0mThis is a error message from thread 2418-09-2026 00:29:33 [38;5;015m[INFO]: [0mThis is a info message from thread 318-09-2026 00:29:33 [38;5;009m[ERROR]: [0mThis is a error message from thread 318-09-2026 00:29:33 [38;5;015m[INFO]: [0mThis is a info message from thread 1018-09-2026 00:29:33 [38;5;117m[DEBUG]: [0mThis is a debug message from thread 2718-09-2026 00:29:33 [38;5;009m[ERROR]: [0mThis is a error message from thread 1218-09-2026 00:29:33 [38;5;117m[DEBUG]: [0mThis is a debug message from thread 2418-09-2026 00:29:33 [38;5;015m[INFO]: [0mThis is a info message from thread 1518-09-2026 00:29:33 [38;5;015m[INFO]: [0mThis is a info message from thread 1818-09-2026 00:29:33 [38;5;009m[ERROR]: [0mThis is a error message from thread 2818-09-2026 00:29:33 [38;5;015m[INFO]: [0mThis is a info message from thread 2018-09-2026 00:29:33 [38;5;015m[INFO]: [0mThis is a info message from thread 2518-09-2026 00:29:33 [38;5;015m[INFO]: [0mThis is a info message from thread 818-09-2026 00:29:33 [38;5;009m[ERROR]: [0mThis is a error message from thread 018-09-2026 00:29:33 [38;5;009m[ERROR]: [0mThis is a error message from thread 1318-09-2026 00:29:33 [38;5;009m[ERROR]: [0mThis is a error message from thread 1818-09-2026 00:29:33 [38;5;009m[ERROR]: [0mThis is a error message from thread 1518-09-2026 00:29:33 [38;5;117m[DEBUG]: [0mThis is a debug message from thread 2818-09-2026 00:29:33 [38;5;117m[DEBUG]: [0mThis is a debug message from thread 1218-09-2026 00:29:33 [38;5;015m[INFO]: [0mThis is a info message from thread 2418-09-2026 00:29:33 [38;5;015m[INFO]: [0mThis is a info message from thread 1618-09-2026 00:29:33 [38;5;015m[INFO]: [0mThis is a info message from thread 1418-09-2026 00:29:33 [38;5;117m[DEBUG]: [0mThis is a debug message from thread 018-09-2026 00:29:33 [38;5;015m[INFO]: [0mThis is a info message from thread 2118-09-2026 00:29:33 [38;5;117m[DEBUG]: [0mThis is a debug message from thread 1518-09-2026 00:29:33 [38;5;015m[INFO]: [0mThis is a info message from thread 1218-09-2026 00:29:33 [38;5;009m[ERROR]: [0mThis is a error message from thread 2918-09-2026 00:29:33 [38;5;015m[INFO]: [0mThis is a info message from thread 1518-09-2026 00:29:33 [38;5;009m[ERROR]: [0mThis is a error message from thread 418-09-2026 00:29:33 [38;5;009m[ERROR]: [0mThis is a error message from thread 1518-09-2026 00:29:33 [38;5;117m[DEBUG]: [0mThis is a debug message from thread 418-09-2026 00:29:33 [38;5;117m[DEBUG]: [0mThis is a debug message from thread 618-09-2026 00:29:33 [38;5;015m[INFO]: [0mThis is a info message from thread 118-09-2026 00:29:33 [38;5;009m[ERROR]: [0mThis is a error message from thread 2018-09-2026 00:29:33 [38;5;009m[ERROR]: [0mThis is a error message from thread 118-09-2026 00:29:33 [38;5;009m[ERROR]: [0mThis is a error message from thread 2518-09-2026 00:29:33 [38;5;009m[ERROR]: [0mThis is a error message from thread 818-09-2026 00:29:33 [38;5;117m[DEBUG]: [0mThis is a debug message from thread 818-09-2026 00:29:33 [38;5;117m[DEBUG]: [0mThis is a debug message from thread 2918-09-2026 00:29:33 [38;5;009m[ERROR]: [0mThis is a error message from thread 1218-09-2026 00:29:33 [38;5;015m[INFO]: [0mThis is a info message from thread 2818-09-2026 00:29:33 [38;5;015m[INFO]: [0mThis is a info message from thread 418-09-2026 00:29:33 [38;5;117m[DEBUG]: [0mThis is a debug message from thread 118-09-2026 00:29:33 [38;5;015m[INFO]: [0mThis is a info message from thread 2918-09-2026 00:29:33 [38;5;009m[ERROR]: [0mThis is a error message from thread 518-09-2026 00:29:33 [38;5;015m[INFO]: [0mThis is a info message from thread 1718-09-2026 00:29:33 [38;5;117m[DEBUG]: [0mThis is a debug message from thread 2518-09-2026 00:29:33 [38;5;009m[ERROR]: [0mThis is a error message from thread 1118-09-2026 00:29:33 [38;5;117m[DEBUG]: [0mThis is a debug message from thread 1318-09-2026 00:29:33 [38;5;015m[INFO]: [0mThis is a info message from thread 818-09-2026 00:29:33 [38;5;009m[ERROR]: [0mThis is a error message from thread 1018-09-2026 00:29:33 [38;5;117m[DEBUG]: [0mThis is a debug message from thread 918-09-2026 00:29:33 [38;5;015m[INFO]: [0mThis is a info message from thread 918-09-2026 00:29:33 [38;5;009m[ERROR]: [0mThis is a error message from thread 2918-09-2026 00:29:33 [38;5;015m[INFO]: [0mThis is a info message from thread 2618-09-2026 00:29:33 [38;5;009m[ERROR]: [0mThis is a error message from thread 918-09-2026 00:29:33 [38;5;117m[DEBUG]: [0mThis is a debug message from thread 318-09-2026 00:29:33 [38;5;117m[DEBUG]: [0mThis is a debug message from thread 1518-09-2026 00:29:33 [38;5;009m[ERROR]: [0mThis is a error message from thread 718-09-2026 00:29:33 [38;5;009m[ERROR]: [0mThis is a error message from thread 2118-09-2026 00:29:33 [38;5;015m[INFO]: [0mThis is a info message from thread 218-09-2026 00:29:33 [38;5;009m[ERROR]: [0mThis is a error message from thread 2218-09-2026 00:29:33 [38;5;015m[INFO]: [0mThis is a info message from thread 2718-09-2026 00:29:33 [38;5;117m[DEBUG]: [0mThis is a debug message from thread 2318-09-2026 00:29:33 [38;5;015m[INFO]: [0mThis is a info message from thread 2518-09-2026 00:29:33 [38;5;117m[DEBUG]: [0mThis is a debug message from thread 2918-09-2026 00:29:33 [38;5;117m[DEBUG]: [0mThis is a debug message from thread 1018-09-2026 00:29:33 [38;5;117m[DEBUG]: [0mThis is a debug message from thread 2218-09-2026 00:29:33 [38;5;009m[ERROR]: [0mThis is a error message from thread 2618-09-2026 00:29:33 [38;5;117m[DEBUG]: [0mThis is a debug message from thread 2618-09-2026 00:29:33 [38;5;015m[INFO]: [0mThis is a info message from thread 318-09-2026 00:29:33 [38;5;015m[INFO]: [0mThis is a info message from thread 2618-09-2026 00:29:33 [38;5;009m[ERROR]: [0mThis is a error message from thread 2518-09-2026 00:29:33 [38;5;009m[ERROR]: [0mThis is a error message from thread 318-09-2026 00:29:33 [38;5;015m[INFO]: [0mThis is a info message from thread 1018-09-2026 00:29:33 [38;5;015m[INFO]: [0mThis is a info message from thread 1518-09-2026 00:29:33 [38;5;009m[ERROR]: [0mThis is a error message from thread 2618-09-2026 00:29:33 [38;5;117m[DEBUG]: [0mThis is a debug message from thread 2018-09-2026 00:29:33 [38;5;117m[DEBUG]: [0mThis is a debug message from thread 318-09-2026 00:29:33 [38;5;015m[INFO]: [0mThis is a info message from thread 118-09-2026 00:29:33 [38;5;009m[ERROR]: [0mThis is a error message from thread 218-09-2026 00:29:33 [38;5;009m[ERROR]: [0mThis is a error message from thread 1618-09-2026 00:29:33 [38;5;009m[ERROR]: [0mThis is a error message from thread 2418-09-2026 00:29:33 [38;5;009m[ERROR]: [0mThis is a error message from thread 1418-09-2026 00:29:33 [38;5;015m[INFO]: [0mThis is a info message from thread 2218-09-2026 00:29:33 [38;5;009m[ERROR]: [0mThis is a error message from thread 2718-09-2026 00:29:33 [38;5;117m[DEBUG]: [0mThis is a debug message from thread 1818-09-2026 00:29:33 [38;5;117m[DEBUG]: [0mThis is a debug message from thread 1618-09-2026 00:29:33 [38;5;015m[INFO]: [0mThis is a info message from thread 318-09-2026 00:29:33 [38;5;117m[DEBUG]: [0mThis is a debug message from thread 718-09-2026 00:29:33 [38;5;015m[INFO]: [0mThis is a info message from thread 1918-09-2026 00:29:33 [38;5;009m[ERROR]: [0mThis is a error message from thread 2818-09-2026 00:29:33 [38;5;117m[DEBUG]: [0mThis is a debug message from thread 218-09-2026 00:29:33 [38;5;015m[INFO]: [0mThis is a info message from thread 1818-09-2026 00:29:33 [38;5;009m[ERROR]: [0mThis is a error message from thread 1818-09-2026 00:29:33 [38;5;117m[DEBUG]: [0mThis is a debug message from thread 2418-09-2026 00:29:33 [38;5;009m[ERROR]: [0mThis is a error message from thread 318-09-2026 00:29:33 [38;5;009m[ERROR]: [0mThis is a error message from thread 1918-09-2026 00:29:33 [38;5;117m[DEBUG]: [0mThis is a debug message from thread 2618-09-2026 00:29:33 [38;5;009m[ERROR]: [0mThis is a error message from thread 2218-09-2026 00:29:33 [38;5;117m[DEBUG]: [0mThis is a debug message from thread 518-09-2026 00:29:33 [38;5;117m[DEBUG]: [0mThis is a debug message from thread 2218-09-2026 00:29:33 [38;5;015m[INFO]: [0mThis is a info message from thread 1318-09-2026 00:29:33 [38;5;117m[DEBUG]: [0mThis is a debug message from thread 2518-09-2026 00:29:33 [38;5;015m[INFO]: [0mThis is a info message from thread 2518-09-2026 00:29:33 [38;5;009m[ERROR]: [0mThis is a error message from thread 2518-09-2026 00:29:33 [38;5;117m[DEBUG]: [0mThis is a debug message from thread 318-09-2026 00:29:33 [38;5;015m[INFO]: [0mThis is a info message from thread 2018-09-2026 00:29:33 [38;5;117m[DEBUG]: [0mThis is a debug message from thread 1218-09-2026 00:29:33 [38;5;015m[INFO]: [0mThis is a info message from thread 318-09-2026 00:29:33 [38;5;117m[DEBUG]: [0mThis is a debug message from thread 1918-09-2026 00:29:33 [38;5;015m[INFO]: [0mThis is a info message from thread 018-09-2026 00:29:33 [38;5;117m[DEBUG]: [0mThis is a debug message from thread 2518-09-2026 00:29:33 [38;5;009m[ERROR]: [0mThis is a error message from thread 418-09-2026 00:29:33 [38;5;015m[INFO]: [0mThis is a info message from thread 2618-09-2026 00:29:33 [38;5;009m[ERROR]: [0mThis is a error message from thread 1718-09-2026 00:29:33 [38;5;015m[INFO]: [0mThis is a info message from thread 1218-09-2026 00:29:33 [38;5;009m[ERROR]: [0mThis is a error message from thread 318-09-2026 00:29:33 [38;5;015m[INFO]: [0mThis is a info message from thread 2518-09-2026 00:29:33 [38;5;117m[DEBUG]: [0mThis is a debug message from thread 418-09-2026 00:29:33 [38;5;009m[ERROR]: [0mThis is a error message from thread 2018-09-2026 00:29:33 [38;5;117m[DEBUG]: [0mThis is a debug message from thread 2018-09-2026 00:29:33 [38;5;009m[ERROR]: [0mThis is a error message from thread 2518-09-2026 00:29:33 [38;5;015m[INFO]: [0mThis is a info message from thread 2018-09-2026 00:29:33 [38;5;015m[INFO]: [0mThis is a info message from thread 218-09-2026 00:29:33 [38;5;009m[ERROR]: [0mThis is a error message from thread 818-09-2026 00:29:33 [38;5;009m[ERROR]: [0mThis is a error message from thread 1218-09-2026 00:29:33 [38;5;015m[INFO]: [0mThis is a info message from thread 2218-09-2026 00:29:33 [38;5;015m[INFO]: [0mThis is a info message from thread 1618-09-2026 00:29:33 [38;5;015m[INFO]: [0mThis is a info message from thread 618-09-2026 00:29:33 [38;5;015m[INFO]: [0mThis is a info message from thread 2918-09-2026 00:29:33 [38;5;117m[DEBUG]: [0mThis is a debug message from thread 1218-09-2026 00:29:33 [38;5;009m[ERROR]: [0mThis is a error message from thread 118-09-2026 00:29:33 [38;5;009m[ERROR]: [0mThis is a error message from thread 2618-09-2026 00:29:33 [38;5;117m[DEBUG]: [0mThis is a debug message from thread 2118-09-2026 00:29:33 [38;5;117m[DEBUG]: [0mThis is a debug message from thread 118-09-2026 00:29:33 [38;5;117m[DEBUG]: [0mThis is a debug message from thread 2518-09-2026 00:29:33 [38;5;117m[DEBUG]: [0mThis is a debug message from thread 1418-09-2026 00:29:33 [38;5;009m[ERROR]: [0mThis is a error message from thread 2918-09-2026 00:29:33 [38;5;015m[INFO]: [0mThis is a info message from thread 718-09-2026 00:29:33 [38;5;009m[ERROR]: [0mThis is a error message from thread 718-09-2026 00:29:33 [38;5;117m[DEBUG]: [0mThis is a debug message from thread 2918-09-2026 00:29:33 [38;5;015m[INFO]: [0mThis is a info message from thread 118-09-2026 00:29:33 [38;5;009m[ERROR]: [0mThis is a error message from thread 218-09-2026 00:29:33 [38;5;117m[DEBUG]: [0mThis is a debug message from thread 718-09-2026 00:29:33 [38;5;009m[ERROR]: [0mThis is a error message from thread 2218-09-2026 00:29:33 [38;5;015m[INFO]: [0mThis is a info message from thread 718-09-2026 00:29:33 [38;5;015m[INFO]: [0mThis is a info message from thread 518-09-2026 00:29:33 [38;5;117m[DEBUG]: [0mThis is a debug message from thread 2618-09-2026 00:29:33 [38;5;015m[INFO]: [0mThis is a info message from thread 2618-09-2026 00:29:33 [38;5;015m[INFO]: [0mThis is a info message from thread 2518-09-2026 00:29:33 [38;5;117m[DEBUG]: [0mThis is a debug message from thread 2218-09-2026 00:29:33 [38;5;009m[ERROR]: [0mThis is a error message from thread 2018-09-2026 00:29:33 [38;5;015m[INFO]: [0mThis is a info message from thread 2318-09-2026 00:29:33 [38;5;009m[ERROR]: [0mThis is a error message from thread 1618-09-2026 00:29:33 [38;5;009m[ERROR]: [0mThis is a error message from thread 118-09-2026 00:29:33 [38;5;117m[DEBUG]: [0mThis is a debug message from thread 218-09-2026 00:29:33 [38;5;009m[ERROR]: [0mThis is a error message from thread 018-09-2026 00:29:33 [38;5;117m[DEBUG]: [0mThis is a debug message from thread 2718-09-2026 00:29:33 [38;5;009m[ERROR]: [0mThis is a error message from thread 2318-09-2026 00:29:33 [38;5;015m[INFO]: [0mThis is a info message from thread 2918-09-2026 00:29:33 [38;5;009m[ERROR]: [0mThis is a error message from thread 1318-09-2026 00:29:33 [38;5;009m[ERROR]: [0mThis is a error message from thread 1018-09-2026 00:29:33 [38;5;015m[INFO]: [0mThis is a info message from thread 1218-09-2026 00:29:33 [38;5;009m[ERROR]: [0mThis is a error message from thread 718-09-2026 00:29:33 [38;5;117m[DEBUG]: [0mThis is a debug message from thread 1818-09-2026 00:29:33 [38;5;009m[ERROR]: [0mThis is a error message from thread 518-09-2026 00:29:33 [38;5;117m[DEBUG]: [0mThis is a debug message from thread 1618-09-2026 00:29:33 [38;5;117m[DEBUG]: [0mThis is a debug message from thread 2018-09-2026 00:29:33 [38;5;117m[DEBUG]: [0mThis is a debug message from thread 318-09-2026 00:29:33 [38;5;015m[INFO]: [0mThis is a info message from thread 218-09-2026 00:29:33 [38;5;117m[DEBUG]: [0mThis is a debug message from thread 1018-09-2026 00:29:33 [38;5;009m[ERROR]: [0mThis is a error message from thread 218-09-2026 00:29:33 [38;5;117m[DEBUG]: [0mThis is a debug message from thread 2318-09-2026 00:29:33 [38;5;015m[INFO]: [0mThis is a info message from thread 2018-09-2026 00:29:33 [38;5;015m[INFO]: [0mThis is a info message from thread 1418-09-2026 00:29:33 [38;5;015m[INFO]: [0mThis is a info message from thread 1818-09-2026 00:29:33 [38;5;117m[DEBUG]: [0mThis is a debug message from thread 218-09-2026 00:29:33 [38;5;015m[INFO]: [0mThis is a info message from thread 2318-09-2026 00:29:33 [38;5;009m[ERROR]: [0mThis is a error message from thread 1218-09-2026 00:29:33 [38;5;009m[ERROR]: [0mThis is a error message from thread 1818-09-2026 00:29:33 [38;5;009m[ERROR]: [0mThis is a error message from thread 2318-09-2026 00:29:33 [38;5;117m[DEBUG]: [0mThis is a debug message from thread 1818-09-2026 00:29:33 [38;5;015m[INFO]: [0mThis is a info message from thread 1018-09-2026 00:29:33 [38;5;015m[INFO]: [0mThis is a info message from thread 218-09-2026 00:29:33 [38;5;015m[INFO]: [0mThis is a info message from thread 1818-09-2026 00:29:33 [38;5;009m[ERROR]: [0mThis is a error message from thread 2918-09-2026 00:29:33 [38;5;117m[DEBUG]: [0mThis is a debug message from thread 2318-09-2026 00:29:33 [38;5;009m[ERROR]: [0mThis is a error message from thread 1018-09-2026 00:29:33 [38;5;009m[ERROR]: [0mThis is a error message from thread 218-09-2026 00:29:33 [38;5;117m[DEBUG]: [0mThis is a debug message from thread 518-09-2026 00:29:33 [38;5;009m[ERROR]: [0mThis is a error message from thread 2518-09-2026 00:29:33 [38;5;015m[INFO]: [0mThis is a info message from thread 318-09-2026 00:29:33 [38;5;009m[ERROR]: [0mThis is a error message from thread 1818-09-2026 00:29:33 [38;5;117m[DEBUG]: [0mThis is a debug message from thread 1218-09-2026 00:29:33 [38;5;015m[INFO]: [0mThis is a info message from thread 2218-09-2026 00:29:33 [38;5;117m[DEBUG]: [0mThis is a debug message from thread 1318-09-2026 00:29:33 [38;5;117m[DEBUG]: [0mThis is a debug message from thread 1818-09-2026 00:29:33 [38;5;009m[ERROR]: [0mThis is a error message from thread 2618-09-2026 00:29:33 [38;5;117m[DEBUG]: [0mThis is a debug message from thread 218-09-2026 00:29:33 [38;5;015m[INFO]: [0mThis is a info message from thread 2418-09-2026 00:29:33 [38;5;015m[INFO]: [0mThis is a info message from thread 1218-09-2026 00:29:33 [38;5;009m[ERROR]: [0mThis is a error message from thread 2218-09-2026 00:29:33 [38;5;117m[DEBUG]: [0mThis is a debug message from thread 2618-09-2026 00:29:33 [38;5;009m[ERROR]: [0mThis is a error message from thread 1218-09-2026 00:29:33 [38;5;015m[INFO]: [0mThis is a info message from thread 2618-09-2026 00:29:33 [38;5;117m[DEBUG]: [0mThis is a debug message from thread 2218-09-2026 00:29:33 [38;5;117m[DEBUG]: [0mThis is a debug message from thread 018-09-2026 00:29:33 [38;5;009m[ERROR]: [0mThis is a error message from thread 2618-09-2026 00:29:33 [38;5;117m[DEBUG]: [0mThis is a debug message from thread 2918-09-2026 00:29:33 [38;5;015m[INFO]: [0mThis is a info message from thread 418-09-2026 00:29:33 [38;5;015m[INFO]: [0mThis is a info message from thread 1918-09-2026 00:29:33 [38;5;015m[INFO]: [0mThis is a info message from thread 218-09-2026 00:29:33 [38;5;015m[INFO]: [0mThis is a info message from thread 2918-09-2026 00:29:33 [38;5;015m[INFO]: [0mThis is a info message from thread 2318-09-2026 00:29:33 [38;5;117m[DEBUG]: [0mThis is a debug message from thread 2818-09-2026 00:29:33 [38;5;117m[DEBUG]: [0mThis is a debug message from thread 2518-09-2026 00:29:33 [38;5;117m[DEBUG]: [0mThis is a debug message from thread 1118-09-2026 00:29:33 [38;5;117m[DEBUG]: [0mThis is a debug message from thread 1718-09-2026 00:29:33 [38;5;009m[ERROR]: [0mThis is a error message from thread 218-09-2026 00:29:33 [38;5;009m[ERROR]: [0mThis is a error message from thread 2418-09-2026 00:29:33 [38;5;009m[ERROR]: [0mThis is a error message from thread 318-09-2026 00:29:33 [38;5;117m[DEBUG]: [0mThis is a debug message from thread 218-09-2026 00:29:33 [38;5;117m[DEBUG]: [0mThis is a debug message from thread 818-09-2026 00:29:33 [38;5;117m[DEBUG]: [0mThis is a debug message from thread 318-09-2026 00:29:33 [38;5;009m[ERROR]: [0mThis is a error message from thread 618-09-2026 00:29:33 [38;5;117m[DEBUG]: [0mThis is a debug message from thread 2618-09-2026 00:29:33 [38;5;015m[INFO]: [0mThis is a info message from thread 2518-09-2026 00:29:33 [38;5;015m[INFO]: [0mThis is a info message from thread 2118-09-2026 00:29:33 [38;5;015m[INFO]: [0mThis is a info message from thread 2718-09-2026 00:29:33 [38;5;117m[DEBUG]: [0mThis is a debug message from thread 1218-09-2026 00:29:33 [38;5;117m[DEBUG]: [0mThis is a debug message from thread 718-09-2026 00:29:33 [38;5;117m[DEBUG]: [0mThis is a debug message from thread 618-09-2026 00:29:33 [38;5;009m[ERROR]: [0mThis is a error message from thread 2118-09-2026 00:29:33 [38;5;015m[INFO]: [0mThis is a info message from thread 2218-09-2026 00:29:33 [38;5;015m[INFO]: [0mThis is a info message from thread 2818-09-2026 00:29:33 [38;5;015m[INFO]: [0mThis is a info message from thread 1218-09-2026 00:29:33 [38;5;117m[DEBUG]: [0mThis is a debug message from thread 918-09-2026 00:29:33 [38;5;015m[INFO]: [0mThis is a info message from thread 1118-09-2026 00:29:33 [38;5;015m[INFO]: [0mThis is a info message from thread 318-09-2026 00:29:33 [38;5;015m[INFO]: [0mThis is a info message from thread 618-09-2026 00:29:33 [38;5;009m[ERROR]: [0mThis is a error message from thread 2818-09-2026 00:29:33 [38;5;015m[INFO]: [0mThis is a info message from thread 018-09-2026 00:29:33 [38;5;117m[DEBUG]: [0mThis is a debug message from thread 118-09-2026 00:29:33 [38;5;009m[ERROR]: [0mThis is a error message from thread 1218-09-2026 00:29:33 [38;5;015m[INFO]: [0mThis is a info message from thread 118-09-2026 00:29:33 [38;5;009m[ERROR]: [0mThis is a error message from thread 418-09-2026 00:29:33 [38;5;009m[ERROR]: [0mThis is a error message from thread 2918-09-2026 00:29:33 [38;5;117m[DEBUG]: [0mThis is a debug message from thread 418-09-2026 00:29:33 [38;5;015m[INFO]: [0mThis is a info message from thread 1818-09-2026 00:29:33 [38;5;009m[ERROR]: [0mThis is a error message from thread 118-09-2026 00:29:33 [38;5;009m[ERROR]: [0mThis is a error message from thread 2218-09-2026 00:29:33 [38;5;009m[ERROR]: [0mThis is a error message from thread 618-09-2026 00:29:33 [38;5;015m[INFO]: [0mThis is a info message from thread 1318-09-2026 00:29:33 [38;5;009m[ERROR]: [0mThis is a error message from thread 1518-09-2026 00:29:33 [38;5;015m[INFO]: [0mThis is a info message from thread 918-09-2026 00:29:33 [38;5;009m[ERROR]: [0mThis is a error message from thread 2318-09-2026 00:29:33 [38;5;015m[INFO]: [0mThis is a info message from thread 218-09-2026 00:29:33 [38;5;117m[DEBUG]: [0mThis is a debug message from thread 2418-09-2026 00:29:33 [38;5;009m[ERROR]: [0mThis is a error message from thread 1318-09-2026 00:29:33 [38;5;117m[DEBUG]: [0mThis is a debug message from thread 1518-09-2026 00:29:33 [38;5;117m[DEBUG]: [0mThis is a debug message from thread 2918-09-2026 00:29:33 [38;5;009m[ERROR]: [0mThis is a error message from thread 018-09-2026 00:29:33 [38;5;117m[DEBUG]: [0mThis is a debug message from thread 1318-09-2026 00:29:33 [38;5;015m[INFO]: [0mThis is a info message from thread 1518-09-2026 00:29:33 [38;5;015m[INFO]: [0mThis is a info message from thread 2918-09-2026 00:29:33 [38;5;009m[ERROR]: [0mThis is a error message from thread 218-09-2026 00:29:33 [38;5;015m[INFO]: [0mThis is a info message from thread 2418-09-2026 00:29:33 [38;5;009m[ERROR]: [0mThis is a error message from thread 2918-09-2026 00:29:33 [38;5;009m[ERROR]: [0mThis is a error message from thread 918-09-2026 00:29:33 [38;5;015m[INFO]: [0mThis is a info message from thread 1718-09-2026 00:29:33 [38;5;015m[INFO]: [0mThis is a info message from thread 718-09-2026 00:29:33 [38;5;015m[INFO]: [0mThis is a info message from thread 818-09-2026 00:29:33 [38;5;117m[DEBUG]: [0mThis is a debug message from thread 2218-09-2026 00:29:33 [38;5;117m[DEBUG]: [0mThis is a debug message from thread 218-09-2026 00:29:33 [38;5;009m[ERROR]: [0mThis is a error message from thread 318-09-2026 00:29:33 [38;5;117m[DEBUG]: [0mThis is a debug message from thread 918-09-2026 00:29:33 [38;5;009m[ERROR]: [0mThis is a error message from thread 1718-09-2026 00:29:33 [38;5;009m[ERROR]: [0mThis is a error message from thread 818-09-2026 00:29:33 [38;5;015m[INFO]: [0mThis is a info message from thread 1618-09-2026 00:29:33 [38;5;009m[ERROR]: [0mThis is a error message from thread 2018-09-2026 00:29:33 [38;5;015m[INFO]: [0mThis is a info message from thread 418-09-2026 00:29:33 [38;5;015m[INFO]: [0mThis is a info message from thread 218-09-2026 00:29:33 [38;5;117m[DEBUG]: [0mThis is a debug message from thread 818-09-2026 00:29:33 [38;5;015m[INFO]: [0mThis is a info message from thread 918-09-2026 00:29:33 [38;5;117m[DEBUG]: [0mThis is a debug message from thread 1218-09-2026 00:29:33 [38;5;117m[DEBUG]: [0mThis is a debug message from thread 1018-09-2026 00:29:33 [38;5;015m[INFO]: [0mThis is a info message from thread 1018-09-2026 00:29:33 [38;5;117m[DEBUG]: [0mThis is a debug message from thread 1718-09-2026 00:29:33 [38;5;009m[ERROR]: [0mThis is a error message from thread 1818-09-2026 00:29:33 [38;5;117m[DEBUG]: [0mThis is a debug message from thread 2818-09-2026 00:29:33 [38;5;117m[DEBUG]: [0mThis is a debug message from thread 618-09-2026 00:29:33 [38;5;009m[ERROR]: [0mThis is a error message from thread 918-09-2026 00:29:33 [38;5;009m[ERROR]: [0mThis is a error message from thread 1518-09-2026 00:29:33 [38;5;015m[INFO]: [0mThis is a info message from thread 1318-09-2026 00:29:33 [38;5;009m[ERROR]: [0mThis is a error message from thread 218-09-2026 00:29:33 [38;5;015m[INFO]: [0mThis is a info message from thread 2218-09-2026 00:29:33 [38;5;117m[DEBUG]: [0mThis is a debug message from thread 318-09-2026 00:29:33 [38;5;117m[DEBUG]: [0mThis is a debug message from thread 218-09-2026 00:29:33 [38;5;009m[ERROR]: [0mThis is a error message from thread 2418-09-2026 00:29:33 [38;5;009m[ERROR]: [0mThis is a error message from thread 1318-09-2026 00:29:33 [38;5;015m[INFO]: [0mThis is a info message from thread 218-09-2026 00:29:33 [38;5;015m[INFO]: [0mThis is a info message from thread 1718-09-2026 00:29:33 [38;5;117m[DEBUG]: [0mThis is a debug message from thread 1318-09-2026 00:29:33 [38;5;009m[ERROR]: [0mThis is a error message from thread 218-09-2026 00:29:33 [38;5;009m[ERROR]: [0mThis is a error message from thread 1118-09-2026 00:29:33 [38;5;009m[ERROR]: [0mThis is a error message from thread 718-09-2026 00:29:33 [38;5;015m[INFO]: [0mThis is a info message from thread 1318-09-2026 00:29:33 [38;5;117m[DEBUG]: [0mThis is a debug message from thread 718-09-2026 00:29:33 [38;5;117m[DEBUG]: [0mThis is a debug message from thread 018-09-2026 00:29:33 [38;5;117m[DEBUG]: [0mThis is a debug message from thread 118-09-2026 00:29:33 [38;5;117m[DEBUG]: [0mThis is a debug message from thread 218-09-2026 00:29:33 [38;5;009m[ERROR]: [0mThis is a error message from thread 1918-09-2026 00:29:33 [38;5;015m[INFO]: [0mThis is a info message from thread 2818-09-2026 00:29:33 [38;5;015m[INFO]: [0mThis is a info message from thread 018-09-2026 00:29:33 [38;5;015m[INFO]: [0mThis is a info message from thread 718-09-2026 00:29:33 [38;5;015m[INFO]: [0mThis is a info message from thread 118-09-2026 00:29:33 [38;5;009m[ERROR]: [0mThis is a error message from thread 2718-09-2026 00:29:33 [38;5;117m[DEBUG]: [0mThis is a debug message from thread 1518-09-2026 00:29:33 [38;5;117m[DEBUG]: [0mThis is a debug message from thread 2918-09-2026 00:29:33 [38;5;009m[ERROR]: [0mThis is a error message from thread 018-09-2026 00:29:33 [38;5;117m[DEBUG]: [0mThis is a debug message from thread 2718-09-2026 00:29:33 [38;5;015m[INFO]: [0mThis is a info message from thread 1218-09-2026 00:29:33 [38;5;117m[DEBUG]: [0mThis is a debug message from thread 1918-09-2026 00:29:33 [38;5;117m[DEBUG]: [0mThis is a debug message from thread 2318-09-2026 00:29:33 [38;5;009m[ERROR]: [0mThis is a error message from thread 718-09-2026 00:29:33 [38;5;015m[INFO]: [0mThis is a info message from thread 2618-09-2026 00:29:33 [38;5;009m[ERROR]: [0mThis is a error message from thread 1218-09-2026 00:29:33 [38;5;117m[DEBUG]: [0mThis is a debug message from thread 718-09-2026 00:29:33 [38;5;117m[DEBUG]: [0mThis is a debug message from thread 018-09-2026 00:29:33 [38;5;117m[DEBUG]: [0mThis is a debug message from thread 918-09-2026 00:29:33 [38;5;015m[INFO]: [0mThis is a info message from thread 318-09-2026 00:29:33 [38;5;117m[DEBUG]: [0mThis is a debug message from thread 1818-09-2026 00:29:33 [38;5;009m[ERROR]: [0mThis is a error message from thread 1418-09-2026 00:29:33 [38;5;009m[ERROR]: [0mThis is a error message from thread 318-09-2026 00:29:33 [38;5;117m[DEBUG]: [0mThis is a debug message from thread 1218-09-2026 00:29:33 [38;5;015m[INFO]: [0mThis is a info message from thread 2318-09-2026 00:29:33 [38;5;009m[ERROR]: [0mThis is a error message from thread 2618-09-2026 00:29:33 [38;5;015m[INFO]: [0mThis is a info message from thread 2918-09-2026 00:29:33 [38;5;015m[INFO]: [0mThis is a info message from thread 918-09-2026 00:29:33 [38;5;117m[DEBUG]: [0mThis is a debug message from thread 2418-09-2026 00:29:33 [38;5;009m[ERROR]: [0mThis is a error message from thread 2518-09-2026 00:29:33 [38;5;015m[INFO]: [0mThis is a info message from thread 1218-09-2026 00:29:33 [38;5;117m[DEBUG]: [0mThis is a debug message from thread 318-09-2026 00:29:33 [38;5;015m[INFO]: [0mThis is a info message from thread 2418-09-2026 00:29:33 [38;5;015m[INFO]: [0mThis is a info message from thread 018-09-2026 00:29:33 [38;5;117m[DEBUG]: [0mThis is a debug message from thread 1118-09-2026 00:29:33 [38;5;117m[DEBUG]: [0mThis is a debug message from thread 2118-09-2026 00:29:33 [38;5;117m[DEBUG]: [0mThis is a debug message from thread 2518-09-2026 00:29:33 [38;5;009m[ERROR]: [0mThis is a error message from thread 2418-09-2026 00:29:33 [38;5;015m[INFO]: [0mThis is a info message from thread 218-09-2026 00:29:33 [38;5;117m[DEBUG]: [0mThis is a debug message from thread 2618-09-2026 00:29:33 [38;5;015m[INFO]: [0mThis is a info message from thread 818-09-2026 00:29:33 [38;5;117m[DEBUG]: [0mThis is a debug message from thread 2018-09-2026 00:29:33 [38;5;009m[ERROR]: [0mThis is a error message from thread 1218-09-2026 00:29:33 [38;5;009m[ERROR]: [0mThis is a error message from thread 918-09-2026 00:29:33 [38;5;015m[INFO]: [0mThis is a info message from thread 2518-09-2026 00:29:33 [38;5;009m[ERROR]: [0mThis is a error message from thread 2818-09-2026 00:29:33 [38;5;009m[ERROR]: [0mThis is a error message from thread 1018-09-2026 00:29:33 [38;5;009m[ERROR]: [0mThis is a error message from thread 1618-09-2026 00:29:33 [38;5;015m[INFO]: [0mThis is a info message from thread 1918-09-2026 00:29:33 [38;5;117m[DEBUG]: [0mThis is a debug message from thread 2818-09-2026 00:29:33 [38;5;015m[INFO]: [0mThis is a info message from thread 1818-09-2026 00:29:33 [38;5;009m[ERROR]: [0mThis is a error message from thread 2318-09-2026 00:29:33 [38;5;117m[DEBUG]: [0mThis is a debug message from thread 1218-09-2026 00:29:33 [38;5;015m[INFO]: [0mThis is a info message from thread 318-09-2026 00:29:33 [38;5;015m[INFO]: [0mThis is a info message from thread 2118-09-2026 00:29:33 [38;5;009m[ERROR]: [0mThis is a error message from thread 018-09-2026 00:29:33 [38;5;009m[ERROR]: [0mThis is a error message from thread 2518-09-2026 00:29:33 [38;5;117m[DEBUG]: [0mThis is a debug message from thread 2418-09-2026 00:29:33 [38;5;117m[DEBUG]: [0mThis is a debug message from thread 018-09-2026 00:29:33 [38;5;009m[ERROR]: [0mThis is a error message from thread 418-09-2026 00:29:33 [38;5;015m[INFO]: [0mThis is a info message from thread 1118-09-2026 00:29:33 [38;5;015m[INFO]: [0mThis is a info message from thread 618-09-2026 00:29:33 [38;5;117m[DEBUG]: [0mThis is a debug message from thread 1018-09-2026 00:29:33 [38;5;015m[INFO]: [0mThis is a info message from thread 1518-09-2026 00:29:33 [38;5;015m[INFO]: [0mThis is a info message from thread 2618-09-2026 00:29:33 [38;5;117m[DEBUG]: [0mThis is a debug message from thread 918-09-2026 00:29:33 [38;5;009m[ERROR]: [0mThis is a error message from thread 818-09-2026 00:29:33 [38;5;009m[ERROR]: [0mThis is a error message from thread 2618-09-2026 00:29:33 [38;5;015m[INFO]: [0mThis is a info message from thread 1018-09-2026 00:29:33 [38;5;009m[ERROR]: [0mThis is a error message from thread 1718-09-2026 00:29:33 [38;5;015m[INFO]: [0mThis is a info message from thread 018-09-2026 00:29:33 [38;5;009m[ERROR]: [0mThis is a error message from thread 1118-09-2026 00:29:33 [38;5;015m[INFO]: [0mThis is a info message from thread 918-09-2026 00:29:33 [38;5;117m[DEBUG]: [0mThis is a debug message from thread 1718-09-2026 00:29:33 [38;5;009m[ERROR]: [0mThis is a error message from thread 018-09-2026 00:29:33 [38;5;009m[ERROR]: [0mThis is a error message from thread 618-09-2026 00:29:33 [38;5;009m[ERROR]: [0mThis is a error message from thread 1818-09-2026 00:29:33 [38;5;009m[ERROR]: [0mThis is a error message from thread 1518-09-2026 00:29:33 [38;5;117m[DEBUG]: [0mThis is a debug message from thread 1518-09-2026 00:29:33 [38;5;009m[ERROR]: [0mThis is a error message from thread 918-09-2026 00:29:33 [38;5;015m[INFO]: [0mThis is a info message from thread 2418-09-2026 00:29:33 [38;5;117m[DEBUG]: [0mThis is a debug message from thread 918-09-2026 00:29:33 [38;5;009m[ERROR]: [0mThis is a error message from thread 2418-09-2026 00:29:33 [38;5;015m[INFO]: [0mThis is a info message from thread 2718-09-2026 00:29:33 [38;5;117m[DEBUG]: [0mThis is a debug message from thread 2518-09-2026 00:29:33 [38;5;117m[DEBUG]: [0mThis is a debug message from thread 1818-09-2026 00:29:33 [38;5;117m[DEBUG]: [0mThis is a debug message from thread 1118-09-2026 00:29:33 [38;5;117m[DEBUG]: [0mThis is a debug message from thread 618-09-2026 00:29:33 [38;5;015m[INFO]: [0mThis is a info message from thread 1718-09-2026 00:29:33 [38;5;009m[ERROR]: [0mThis is a error message from thread 1318-09-2026 00:29:33 [38;5;009m[ERROR]: [0mThis is a error message from thread 118-09-2026 00:29:33 [38;5;015m[INFO]: [0mThis is a info message from thread 1818-09-2026 00:29:33 [38;5;015m[INFO]: [0mThis is a info message from thread 618-09-2026 00:29:33 [38;5;117m[DEBUG]: [0mThis is a debug message from thread 1318-09-2026 00:29:33 [38;5;015m[INFO]: [0mThis is a info message from thread 2018-09-2026 00:29:33 [38;5;015m[INFO]: [0mThis is a info message from thread 518-09-2026 00:29:33 [38;5;117m[DEBUG]: [0mThis is a debug message from thread 118-09-2026 00:29:33 [38;5;009m[ERROR]: [0mThis is a error message from thread 2018-09-2026 00:29:33 [38;5;015m[INFO]: [0mThis is a info message from thread 1318-09-2026 00:29:33 [38;5;009m[ERROR]: [0mThis is a error message from thread 1818-09-2026 00:29:33 [38;5;009m[ERROR]: [0mThis is a error message from thread 1718-09-2026 00:29:33 [38;5;117m[DEBUG]: [0mThis is a debug message from thread 1618-09-2026 00:29:33 [38;5;009m[ERROR]: [0mThis is a error message from thread 318-09-2026 00:29:33 [38;5;015m[INFO]: [0mThis is a info message from thread 2818-09-2026 00:29:33 [38;5;117m[DEBUG]: [0mThis is a debug message from thread 1818-09-2026 00:29:33 [38;5;117m[DEBUG]: [0mThis is a debug message from thread 418-09-2026 00:29:33 [38;5;117m[DEBUG]: [0mThis is a debug message from thread 818-09-2026 00:29:33 [38;5;009m[ERROR]: [0mThis is a error message from thread 2818-09-2026 00:29:33 [38;5;009m[ERROR]: [0mThis is a error message from thread 1018-09-2026 00:29:33 [38;5;117m[DEBUG]: [0mThis is a debug message from thread 2618-09-2026 00:29:33 [38;5;015m[INFO]: [0mThis is a info message from thread 418-09-2026 00:29:33 [38;5;009m[ERROR]: [0mThis is a error message from thread 2118-09-2026 00:29:33 [38;5;117m[DEBUG]: [0mThis is a debug message from thread 1418-09-2026 00:29:33 [38;5;117m[DEBUG]: [0mThis is a debug message from thread 1018-09-2026 00:29:33 [38;5;015m[INFO]: [0mThis is a info message from thread 1618-09-2026 00:29:33 [38;5;015m[INFO]: [0mThis is a info message from thread 1818-09-2026 00:29:33 [38;5;015m[INFO]: [0mThis is a info message from thread 2518-09-2026 00:29:33 [38;5;015m[INFO]: [0mThis is a info message from thread 1218-09-2026 00:29:33 [38;5;117m[DEBUG]: [0mThis is a debug message from thread 018-09-2026 00:29:33 [38;5;009m[ERROR]: [0mThis is a error message from thread 418-09-2026 00:29:33 [38;5;009m[ERROR]: [0mThis is a error message from thread 2218-09-2026 00:29:33 [38;5;009m[ERROR]: [0mThis is a error message from thread 1918-09-2026 00:29:33 [38;5;015m[INFO]: [0mThis is a info message from thread 2618-09-2026 00:29:33 [38;5;015m[INFO]: [0mThis is a info message from thread 1118-09-2026 00:29:33 [38;5;009m[ERROR]: [0mThis is a error message from thread 1818-09-2026 00:29:33 [38;5;015m[INFO]: [0mThis is a info message from thread 718-09-2026 00:29:33 [38;5;009m[ERROR]: [0mThis is a error message from thread 2718-09-2026 00:29:33 [38;5;117m[DEBUG]: [0mThis is a debug message from thread 2118-09-2026 00:29:33 [38;5;009m[ERROR]: [0mThis is a error message from thread 218-09-2026 00:29:33 [38;5;117m[DEBUG]: [0mThis is a debug message from thread 2218-09-2026 00:29:33 [38;5;015m[INFO]: [0mThis is a info message from thread 1018-09-2026 00:29:33 [38;5;015m[INFO]: [0mThis is a info message from thread 018-09-2026 00:29:33 [38;5;015m[INFO]: [0mThis is a info message from thread 1518-09-2026 00:29:33 [38;5;009m[ERROR]: [0mThis is a error message from thread 2618-09-2026 00:29:33 [38;5;009m[ERROR]: [0mThis is a error message from thread 018-09-2026 00:29:33 [38;5;009m[ERROR]: [0mThis is a error message from thread 618-09-2026 00:29:33 [38;5;009m[ERROR]: [0mThis is a error message from thread 1018-09-2026 00:29:33 [38;5;009m[ERROR]: [0mThis is a error message from thread 1518-09-2026 00:29:33 [38;5;117m[DEBUG]: [0mThis is a debug message from thread 1918-09-2026 00:29:33 [38;5;015m[INFO]: [0mThis is a info message from thread 2218-09-2026 00:29:33 [38;5;009m[ERROR]: [0mThis is a error message from thread 1318-09-2026 00:29:33 [38;5;117m[DEBUG]: [0mThis is a debug message from thread 318-09-2026 00:29:33 [38;5;117m[DEBUG]: [0mThis is a debug message from thread 018-09-2026 00:29:33 [38;5;117m[DEBUG]: [0mThis is a debug message from thread 1018-09-2026 00:29:33 [38;5;117m[DEBUG]: [0mThis is a debug message from thread 1318-09-2026 00:29:33 [38;5;015m[INFO]: [0mThis is a info message from thread 1018-09-2026 00:29:33 [38;5;117m[DEBUG]: [0mThis is a debug message from thread 218-09-2026 00:29:33 [38;5;009m[ERROR]: [0mThis is a error message from thread 1018-09-2026 00:29:33 [38;5;015m[INFO]: [0mThis is a info message from thread 1918-09-2026 00:29:33 [38;5;117m[DEBUG]: [0mThis is a debug message from thread 2718-09-2026 00:29:33 [38;5;015m[INFO]: [0mThis is a info message from thread 118-09-2026 00:29:33 [38;5;015m[INFO]: [0mThis is a info message from thread 218-09-2026 00:29:33 [38;5;009m[ERROR]: [0mThis is a error message from thread 1918-09-2026 00:29:33 [38;5;015m[INFO]: [0mThis is a info message from thread 018-09-2026 00:29:33 [38;5;009m[ERROR]: [0mThis is a error message from thread 518-09-2026 00:29:33 [38;5;117m[DEBUG]: [0mThis is a debug message from thread 1818-09-2026 00:29:33 [38;5;117m[DEBUG]: [0mThis is a debug message from thread 618-09-2026 00:29:33 [38;5;117m[DEBUG]: [0mThis is a debug message from thread 418-09-2026 00:29:33 [38;5;015m[INFO]: [0mThis is a info message from thread 1318-09-2026 00:29:33 [38;5;015m[INFO]: [0mThis is a info message from thread 418-09-2026 00:29:33 [38;5;117m[DEBUG]: [0mThis is a debug message from thread 1018-09-2026 00:29:33 [38;5;009m[ERROR]: [0mThis is a error message from thread 218-09-2026 00:29:33 [38;5;015m[INFO]: [0mThis is a info message from thread 1018-09-2026 00:29:33 [38;5;009m[ERROR]: [0mThis is a error message from thread 118-09-2026 00:29:33 [38;5;117m[DEBUG]: [0mThis is a debug message from thread 518-09-2026 00:29:33 [38;5;015m[INFO]: [0mThis is a info message from thread 618-09-2026 00:29:33 [38;5;009m[ERROR]: [0mThis is a error message from thread 418-09-2026 00:29:33 [38;5;009m[ERROR]: [0mThis is a error message from thread 018-09-2026 00:29:33 [38;5;009m[ERROR]: [0mThis is a error message from thread 1018-09-2026 00:29:33 [38;5;117m[DEBUG]: [0mThis is a debug message from thread 1018-09-2026 00:29:33 [38;5;015m[INFO]: [0mThis is a info message from thread 518-09-2026 00:29:33 [38;5;117m[DEBUG]: [0mThis is a debug message from thread 1918-09-2026 00:29:33 [38;5;117m[DEBUG]: [0mThis is a debug message from thread 118-09-2026 00:29:33 [38;5;117m[DEBUG]: [0mThis is a debug message from thread 218-09-2026 00:29:33 [38;5;009m[ERROR]: [0mThis is a error message from thread 1318-09-2026 00:29:33 [38;5;117m[DEBUG]: [0mThis is a debug message from thread 2318-09-2026 00:29:33 [38;5;117m[DEBUG]: [0mThis is a debug message from thread 1718-09-2026 00:29:33 [38;5;015m[INFO]: [0mThis is a info message from thread 2118-09-2026 00:29:33 [38;5;117m[DEBUG]: [0mThis is a debug message from thread 1318-09-2026 00:29:33 [38;5;015m[INFO]: [0mThis is a info message from thread 1818-09-2026 00:29:33 [38;5;015m[INFO]: [0mThis is a info message from thread 2718-09-2026 00:29:33 [38;5;117m[DEBUG]: [0mThis is a debug message from thread 2018-09-2026 00:29:33 [38;5;015m[INFO]: [0mThis is a info message from thread 1718-09-2026 00:29:33 [38;5;015m[INFO]: [0mThis is a info message from thread 118-09-2026 00:29:33 [38;5;015m[INFO]: [0mThis is a info message from thread 1918-09-2026 00:29:33 [38;5;117m[DEBUG]: [0mThis is a debug message from thread 1518-09-2026 00:29:33 [38;5;009m[ERROR]: [0mThis is a error message from thread 2518-09-2026 00:29:33 [38;5;015m[INFO]: [0mThis is a info message from thread 1518-09-2026 00:29:33 [38;5;009m[ERROR]: [0mThis is a error message from thread 1718-09-2026 00:29:33 [38;5;009m[ERROR]: [0mThis is a error message from thread 118-09-2026 00:29:33 [38;5;117m[DEBUG]: [0mThis is a debug message from thread 418-09-2026 00:29:33 [38;5;015m[INFO]: [0mThis is a info message from thread 1318-09-2026 00:29:33 [38;5;015m[INFO]: [0mThis is a info message from thread 1418-09-2026 00:29:33 [38;5;009m[ERROR]: [0mThis is a error message from thread 1218-09-2026 00:29:33 [38;5;015m[INFO]: [0mThis is a info message from thread 2318-09-2026 00:29:33 [38;5;009m[ERROR]: [0mThis is a error message from thread 1918-09-2026 00:29:33 [38;5;009m[ERROR]: [0mThis is a error message from thread 2218-09-2026 00:29:33 [38;5;015m[INFO]: [0mThis is a info message from thread 318-09-2026 00:29:33 [38;5;117m[DEBUG]: [0mThis is a debug message from thread 2618-09-2026 00:29:33 [38;5;015m[INFO]: [0mThis is a info message from thread 918-09-2026 00:29:33 [38;5;015m[INFO]: [0mThis is a info message from thread 818-09-2026 00:29:33 [38;5;009m[ERROR]: [0mThis is a error message from thread 1618-09-2026 00:29:33 [38;5;117m[DEBUG]: [0mThis is a debug message from thread 2218-09-2026 00:29:33 [38;5;015m[INFO]: [0mThis is a info message from thread 2218-09-2026 00:29:33 [38;5;009m[ERROR]: [0mThis is a error message from thread 2218-09-2026 00:29:33 [38;5;009m[ERROR]: [0mThis is a error message from thread 1418-09-2026 00:29:33 [38;5;009m[ERROR]: [0mThis is a error message from thread 2918-09-2026 00:29:33 [38;5;009m[ERROR]: [0mThis is a error message from thread 718-09-2026 00:29:33 [38;5;015m[INFO]: [0mThis is a info message from thread 218-09-2026 00:29:33 [38;5;117m[DEBUG]: [0mThis is a debug message from thread 118-09-2026 00:29:33 [38;5;009m[ERROR]: [0mThis is a error message from thread 918-09-2026 00:29:33 [38;5;009m[ERROR]: [0mThis is a error message from thread 1118-09-2026 00:29:33 [38;5;117m[DEBUG]: [0mThis is a debug message from thread 1718-09-2026 00:29:33 [38;5;015m[INFO]: [0mThis is a info message from thread 118-09-2026 00:29:33 [38;5;117m[DEBUG]: [0mThis is a debug message from thread 1118-09-2026 00:29:33 [38;5;117m[DEBUG]: [0mThis is a debug message from thread 018-09-2026 00:29:33 [38;5;009m[ERROR]: [0mThis is a error message from thread 118-09-2026 00:29:33 [38;5;015m[INFO]: [0mThis is a info message from thread 1118-09-2026 00:29:33 [38;5;015m[INFO]: [0mThis is a info message from thread 018-09-2026 00:29:33 [38;5;117m[DEBUG]: [0mThis is a debug message from thread 118-09-2026 00:29:33 [38;5;009m[ERROR]: [0mThis is a error message from thread 1118-09-2026 00:29:33 [38;5;015m[INFO]: [0mThis is a info message from thread 418-09-2026 00:29:33 [38;5;117m[DEBUG]: [0mThis is a debug message from thread 1118-09-2026 00:29:33 [38;5;117m[DEBUG]: [0mThis is a debug message from thread 2518-09-2026 00:29:33 [38;5;015m[INFO]: [0mThis is a info message from thread 1118-09-2026 00:29:33 [38;5;009m[ERROR]: [0mThis is a error message from thread 2118-09-2026 00:29:33 [38;5;015m[INFO]: [0mThis is a info message from thread 2518-09-2026 00:29:33 [38;5;009m[ERROR]: [0mThis is a error message from thread 1118-09-2026 00:29:33 [38;5;009m[ERROR]: [0mThis is a error message from thread 2518-09-2026 00:29:33 [38;5;117m[DEBUG]: [0mThis is a debug message from thread 2118-09-2026 00:29:33 [38;5;117m[DEBUG]: [0mThis is a debug message from thread 1118-09-2026 00:29:33 [38;5;117m[DEBUG]: [0mThis is a debug message from thread 2518-09-2026 00:29:33 [38;5;015m[INFO]: [0mThis is a info message from thread 2118-09-2026 00:29:33 [38;5;009m[ERROR]: [0mThis is a error message from thread 2718-09-2026 00:29:33 [38;5;015m[INFO]: [0mThis is a info message from thread 2518-09-2026 00:29:33 [38;5;009m[ERROR]: [0mThis is a error message from thread 1318-09-2026 00:29:33 [38;5;117m[DEBUG]: [0mThis is a debug message from thread 1918-09-2026 00:29:33 [38;5;015m[INFO]: [0mThis is a info message from thread 2618-09-2026 00:29:33 [38;5;009m[ERROR]: [0mThis is a error message from thread 2118-09-2026 00:29:33 [38;5;015m[INFO]: [0mThis is a info message from thread 1918-09-2026 00:29:33 [38;5;015m[INFO]: [0mThis is a info message from thread 2018-09-2026 00:29:33 [38;5;009m[ERROR]: [0mThis is a error message from thread 2318-09-2026 00:29:33 [38;5;009m[ERROR]: [0mThis is a error message from thread 2018-09-2026 00:29:33 [38;5;117m[DEBUG]: [0mThis is a debug message from thread 1318-09-2026 00:29:33 [38;5;009m[ERROR]: [0mThis is a error message from thread 2618-09-2026 00:29:33 [38;5;117m[DEBUG]: [0mThis is a debug message from thread 2718-09-2026 00:29:33 [38;5;117m[DEBUG]: [0mThis is a debug message from thread 1418-09-2026 00:29:33 [38;5;117m[DEBUG]: [0mThis is a debug message from thread 2618-09-2026 00:29:33 [38;5;117m[DEBUG]: [0mThis is a debug message from thread 2018-09-2026 00:29:33 [38;5;117m[DEBUG]: [0mThis is a debug message from thread 718-09-2026 00:29:33 [38;5;117m[DEBUG]: [0mThis is a debug message from thread 918-09-2026 00:29:33 [38;5;015m[INFO]: [0mThis is a info message from thread 1418-09-2026 00:29:33 [38;5;015m[INFO]: [0mThis is a info message from thread 2618-09-2026 00:29:33 [38;5;117m[DEBUG]: [0mThis is a debug message from thread 2318-09-2026 00:29:33 [38;5;009m[ERROR]: [0mThis is a error message from thread 218-09-2026 00:29:33 [38;5;015m[INFO]: [0mThis is a info message from thread 918-09-2026 00:29:33 [38;5;015m[INFO]: [0mThis is a info message from thread 718-09-2026 00:29:33 [38;5;009m[ERROR]: [0mThis is a error message from thread 1418-09-2026 00:29:33 [38;5;015m[INFO]: [0mThis is a info message from thread 2018-09-2026 00:29:33 [38;5;117m[DEBUG]: [0mThis is a debug message from thread 218-09-2026 00:29:33 [38;5;009m[ERROR]: [0mThis is a error message from thread 2618-09-2026 00:29:33 [38;5;009m[ERROR]: [0mThis is a error message from thread 618-09-2026 00:29:33 [38;5;009m[ERROR]: [0mThis is a error message from thread 518-09-2026 00:29:33 [38;5;009m[ERROR]: [0mThis is a error message from thread 818-09-2026 00:29:33 [38;5;009m[ERROR]: [0mThis is a error message from thread 1518-09-2026 00:29:33 [38;5;117m[DEBUG]: [0mThis is a debug message from thread 618-09-2026 00:29:33 [38;5;117m[DEBUG]: [0mThis is a debug message from thread 518-09-2026 00:29:33 [38;5;009m[ERROR]: [0mThis is a error message from thread 2018-09-2026 00:29:33 [38;5;015m[INFO]: [0mThis is a info message from thread 2318-09-2026 00:29:33 [38;5;015m[INFO]: [0mThis is a info message from thread 118-09-2026 00:29:33 [38;5;117m[DEBUG]: [0mThis is a debug message from thread 2618-09-2026 00:29:33 [38;5;009m[ERROR]: [0mThis is a error message from thread 1818-09-2026 00:29:33 [38;5;015m[INFO]: [0mThis is a info message from thread 1118-09-2026 00:29:33 [38;5;117m[DEBUG]: [0mThis is a debug message from thread 1218-09-2026 00:29:33 [38;5;117m[DEBUG]: [0mThis is a debug message from thread 1618-09-2026 00:29:33 [38;5;015m[INFO]: [0mThis is a info message from thread 518-09-2026 00:29:33 [38;5;117m[DEBUG]: [0mThis is a debug message from thread 2118-09-2026 00:29:33 [38;5;117m[DEBUG]: [0mThis is a debug message from thread 1818-09-2026 00:29:33 [38;5;117m[DEBUG]: [0mThis is a debug message from thread 1518-09-2026 00:29:33 [38;5;117m[DEBUG]: [0mThis is a debug message from thread 2018-09-2026 00:29:33 [38;5;117m[DEBUG]: [0mThis is a debug message from thread 1418-09-2026 00:29:33 [38;5;009m[ERROR]: [0mThis is a error message from thread 118-09-2026 00:29:33 [38;5;015m[INFO]: [0mThis is a info message from thread 2018-09-2026 00:29:33 [38;5;015m[INFO]: [0mThis is a info message from thread 2618-09-2026 00:29:33 [38;5;015m[INFO]: [0mThis is a info message from thread 2718-09-2026 00:29:33 [38;5;015m[INFO]: [0mThis is a info message from thread 1018-09-2026 00:29:33 [38;5;015m[INFO]: [0mThis is a info message from thread 1818-09-2026 00:29:33 [38;5;015m[INFO]: [0mThis is a info message from thread 2118-09-2026 00:29:33 [38;5;009m[ERROR]: [0mThis is a error message from thread 2618-09-2026 00:29:33 [38;5;015m[INFO]: [0mThis is a info message from thread 1518-09-2026 00:29:33 [38;5;009m[ERROR]: [0mThis is a error message from thread 1118-09-2026 00:29:33 [38;5;009m[ERROR]: [0mThis is a error message from thread 1518-09-2026 00:29:33 [38;5;117m[DEBUG]: [0mThis is a debug message from thread 2218-09-2026 00:29:33 [38;5;009m[ERROR]: [0mThis is a error message from thread 2518-09-2026 00:29:33 [38;5;009m[ERROR]: [0mThis is a error message from thread 018-09-2026 00:29:33 [38;5;015m[INFO]: [0mThis is a info message from thread 2218-09-2026 00:29:33 [38;5;009m[ERROR]: [0mThis is a error message from thread 318-09-2026 00:29:33 [38;5;009m[ERROR]: [0mThis is a error message from thread 418-09-2026 00:29:33 [38;5;117m[DEBUG]: [0mThis is a debug message from thread 018-09-2026 00:29:33 [38;5;117m[DEBUG]: [0mThis is a debug message from thread 1518-09-2026 00:29:33 [38;5;009m[ERROR]: [0mThis is a error message from thread 2218-09-2026 00:29:33 [38;5;015m[INFO]: [0mThis is a info message from thread 1418-09-2026 00:29:33 [38;5;009m[ERROR]: [0mThis is a error message from thread 518-09-2026 00:29:33 [38;5;009m[ERROR]: [0mThis is a error message from thread 1018-09-2026 00:29:33 [38;5;015m[INFO]: [0mThis is a info message from thread 1318-09-2026 00:29:33 [38;5;015m[INFO]: [0mThis is a info message from thread 018-09-2026 00:29:33 [38;5;009m[ERROR]: [0mThis is a error message from thread 1818-09-2026 00:29:33 [38;5;117m[DEBUG]: [0mThis is a debug message from thread 2518-09-2026 00:29:33 [38;5;117m[DEBUG]: [0mThis is a debug message from thread 2918-09-2026 00:29:33 [38;5;015m[INFO]: [0mThis is a info message from thread 1718-09-2026 00:29:33 [38;5;015m[INFO]: [0mThis is a info message from thread 1218-09-2026 00:29:33 [38;5;009m[ERROR]: [0mThis is a error message from thread 918-09-2026 00:29:33 [38;5;117m[DEBUG]: [0mThis is a debug message from thread 518-09-2026 00:29:33 [38;5;015m[INFO]: [0mThis is a info message from thread 218-09-2026 00:29:33 [38;5;015m[INFO]: [0mThis is a info message from thread 518-09-2026 00:29:33 [38;5;117m[DEBUG]: [0mThis is a debug message from thread 1818-09-2026 00:29:33 [38;5;117m[DEBUG]: [0mThis is a debug message from thread 918-09-2026 00:29:33 [38;5;009m[ERROR]: [0mThis is a error message from thread 018-09-2026 00:29:33 [38;5;117m[DEBUG]: [0mThis is a debug message from thread 1118-09-2026 00:29:33 [38;5;009m[ERROR]: [0mThis is a error message from thread 518-09-2026 00:29:33 [38;5;015m[INFO]: [0mThis is a info message from thread 1118-09-2026 00:29:33 [38;5;117m[DEBUG]: [0mThis is a debug message from thread 018-09-2026 00:29:33 [38;5;009m[ERROR]: [0mThis is a error message from thread 1718-09-2026 00:29:33 [38;5;015m[INFO]: [0mThis is a info message from thread 918-09-2026 00:29:33 [38;5;117m[DEBUG]: [0mThis is a debug message from thread 518-09-2026 00:29:33 [38;5;015m[INFO]: [0mThis is a info message from thread 018-09-2026 00:29:33 [38;5;015m[INFO]: [0mThis is a info message from thread 2518-09-2026 00:29:33 [38;5;015m[INFO]: [0mThis is a info message from thread 518-09-2026 00:29:33 [38;5;009m[ERROR]: [0mThis is a error message from thread 2718-09-2026 00:29:33 [38;5;009m[ERROR]: [0mThis is a error message from thread 018-09-2026 00:29:33 [38;5;009m[ERROR]: [0mThis is a error message from thread 1918-09-2026 00:29:33 [38;5;117m[DEBUG]: [0mThis is a debug message from thread 1018-09-2026 00:29:33 [38;5;015m[INFO]: [0mThis is a info message from thread 618-09-2026 00:29:33 [38;5;117m[DEBUG]: [0mThis is a debug message from thread 1718-09-2026 00:29:33 [38;5;009m[ERROR]: [0mThis is a error message from thread 518-09-2026 00:29:33 [38;5;117m[DEBUG]: [0mThis is a debug message from thread 2718-09-2026 00:29:33 [38;5;117m[DEBUG]: [0mThis is a debug message from thread 018-09-2026 00:29:33 [38;5;117m[DEBUG]: [0mThis is a debug message from thread 1918-09-2026 00:29:33 [38;5;015m[INFO]: [0mThis is a info message from thread 018-09-2026 00:29:33 [38;5;117m[DEBUG]: [0mThis is a debug message from thread 518-09-2026 00:29:33 [38;5;015m[INFO]: [0mThis is a info message from thread 2718-09-2026 00:29:33 [38;5;009m[ERROR]: [0mThis is a error message from thread 018-09-2026 00:29:33 [38;5;009m[ERROR]: [0mThis is a error message from thread 218-09-2026 00:29:33 [38;5;015m[INFO]: [0mThis is a info message from thread 1818-09-2026 00:29:33 [38;5;015m[INFO]: [0mThis is a info message from thread 518-09-2026 00:29:33 [38;5;015m[INFO]: [0mThis is a info message from thread 1918-09-2026 00:29:33 [38;5;009m[ERROR]: [0mThis is a error message from thread 2518-09-2026 00:29:33 [38;5;117m[DEBUG]: [0mThis is a debug message from thread 018-09-2026 00:29:33 [38;5;009m[ERROR]: [0mThis is a error message from thread 1218-09-2026 00:29:33 [38;5;015m[INFO]: [0mThis is a info message from thread 2918-09-2026 00:29:33 [38;5;117m[DEBUG]: [0mThis is a debug message from thread 818-09-2026 00:29:33 [38;5;009m[ERROR]: [0mThis is a error message from thread 2718-09-2026 00:29:33 [38;5;117m[DEBUG]: [0mThis is a debug message from thread 2818-09-2026 00:29:33 [38;5;009m[ERROR]: [0mThis is a error message from thread 518-09-2026 00:29:33 [38;5;117m[DEBUG]: [0mThis is a debug message from thread 418-09-2026 00:29:33 [38;5;117m[DEBUG]: [0mThis is a debug message from thread 2618-09-2026 00:29:33 [38;5;015m[INFO]: [0mThis is a info message from thread 418-09-2026 00:29:33 [38;5;117m[DEBUG]: [0mThis is a debug message from thread 2218-09-2026 00:29:33 [38;5;009m[ERROR]: [0mThis is a error message from thread 2018-09-2026 00:29:33 [38;5;015m[INFO]: [0mThis is a info message from thread 1718-09-2026 00:29:33 [38;5;015m[INFO]: [0mThis is a info message from thread 818-09-2026 00:29:33 [38;5;009m[ERROR]: [0mThis is a error message from thread 2918-09-2026 00:29:33 [38;5;117m[DEBUG]: [0mThis is a debug message from thread 2018-09-2026 00:29:33 [38;5;009m[ERROR]: [0mThis is a error message from thread 818-09-2026 00:29:33 [38;5;009m[ERROR]: [0mThis is a error message from thread 618-09-2026 00:29:33 [38;5;117m[DEBUG]: [0mThis is a debug message from thread 318-09-2026 00:29:33 [38;5;117m[DEBUG]: [0mThis is a debug message from thread 2918-09-2026 00:29:33 [38;5;015m[INFO]: [0mThis is a info message from thread 2018-09-2026 00:29:33 [38;5;009m[ERROR]: [0mThis is a error message from thread 718-09-2026 00:29:33 [38;5;009m[ERROR]: [0mThis is a error message from thread 2118-09-2026 00:29:33 [38;5;009m[ERROR]: [0mThis is a error message from thread 1118-09-2026 00:29:33 [38;5;117m[DEBUG]: [0mThis is a debug message from thread 518-09-2026 00:29:33 [38;5;015m[INFO]: [0mThis is a info message from thread 2918-09-2026 00:29:33 [38;5;015m[INFO]: [0mThis is a info message from thread 1018-09-2026 00:29:33 [38;5;117m[DEBUG]: [0mThis is a debug message from thread 2118-09-2026 00:29:33 [38;5;009m[ERROR]: [0mThis is a error message from thread 918-09-2026 00:29:33 [38;5;015m[INFO]: [0mThis is a info message from thread 1618-09-2026 00:29:33 [38;5;009m[ERROR]: [0mThis is a error message from thread 2018-09-2026 00:29:33 [38;5;117m[DEBUG]: [0mThis is a debug message from thread 718-09-2026 00:29:33 [38;5;009m[ERROR]: [0mThis is a error message from thread 1918-09-2026 00:29:33 [38;5;009m[ERROR]: [0mThis is a error message from thread 2318-09-2026 00:29:33 [38;5;117m[DEBUG]: [0mThis is a debug message from thread 818-09-2026 00:29:33 [38;5;117m[DEBUG]: [0mThis is a debug message from thread 618-09-2026 00:29:33 [38;5;009m[ERROR]: [0mThis is a error message from thread 1418-09-2026 00:29:33 [38;5;009m[ERROR]: [0mThis is a error message from thread 1818-09-2026 00:29:33 [38;5;117m[DEBUG]: [0mThis is a debug message from thread 1918-09-2026 00:29:33 [38;5;015m[INFO]: [0mThis is a info message from thread 718-09-2026 00:29:33 [38;5;009m[ERROR]: [0mThis is a error message from thread 718-09-2026 00:29:33 [38;5;117m[DEBUG]: [0mThis is a debug message from thread 2018-09-2026 00:29:33 [38;5;117m[DEBUG]: [0mThis is a debug message from thread 1418-09-2026 00:29:33 [38;5;117m[DEBUG]: [0mThis is a debug message from thread 2418-09-2026 00:29:33 [38;5;015m[INFO]: [0mThis is a info message from thread 818-09-2026 00:29:33 [38;5;117m[DEBUG]: [0mThis is a debug message from thread 718-09-2026 00:29:33 [38;5;015m[INFO]: [0mThis is a info message from thread 2018-09-2026 00:29:33 [38;5;015m[INFO]: [0mThis is a info message from thread 2418-09-2026 00:29:33 [38;5;009m[ERROR]: [0mThis is a error message from thread 818-09-2026 00:29:33 [38;5;117m[DEBUG]: [0mThis is a debug message from thread 218-09-2026 00:29:33 [38;5;009m[ERROR]: [0mThis is a error message from thread 2418-09-2026 00:29:33 [38;5;009m[ERROR]: [0mThis is a error message from thread 2018-09-2026 00:29:33 [38;5;117m[DEBUG]: [0mThis is a debug message from thread 2318-09-2026 00:29:33 [38;5;009m[ERROR]: [0mThis is a error message from thread 2918-09-2026 00:29:33 [38;5;117m[DEBUG]: [0mThis is a debug message from thread 1218-09-2026 00:29:33 [38;5;015m[INFO]: [0mThis is a info message from thread 2218-09-2026 00:29:33 [38;5;015m[INFO]: [0mThis is a info message from thread 2318-09-2026 00:29:33 [38;5;015m[INFO]: [0mThis is a info message from thread 218-09-2026 00:29:33 [38;5;117m[DEBUG]: [0mThis is a debug message from thread 2518-09-2026 00:29:33 [38;5;009m[ERROR]: [0mThis is a error message from thread 1018-09-2026 00:29:33 [38;5;117m[DEBUG]: [0mThis is a debug message from thread 118-09-2026 00:29:33 [38;5;117m[DEBUG]: [0mThis is a debug message from thread 2918-09-2026 00:29:33 [38;5;009m[ERROR]: [0mThis is a error message from thread 1618-09-2026 00:29:33 [38;5;015m[INFO]: [0mThis is a info message from thread 1518-09-2026 00:29:33 [38;5;015m[INFO]: [0mThis is a info message from thread 618-09-2026 00:29:33 [38;5;009m[ERROR]: [0mThis is a error message from thread 2218-09-2026 00:29:33 [38;5;009m[ERROR]: [0mThis is a error message from thread 218-09-2026 00:29:33 [38;5;009m[ERROR]: [0mThis is a error message from thread 1518-09-2026 00:29:33 [38;5;015m[INFO]: [0mThis is a info message from thread 318-09-2026 00:29:33 [38;5;117m[DEBUG]: [0mThis is a debug message from thread 2218-09-2026 00:29:33 [38;5;117m[DEBUG]: [0mThis is a debug message from thread 1518-09-2026 00:29:33 [38;5;015m[INFO]: [0mThis is a info message from thread 018-09-2026 00:29:33 [38;5;117m[DEBUG]: [0mThis is a debug message from thread 2718-09-2026 00:29:33 [38;5;009m[ERROR]: [0mThis is a error message from thread 2318-09-2026 00:29:33 [38;5;015m[INFO]: [0mThis is a info message from thread 1918-09-2026 00:29:33 [38;5;015m[INFO]: [0mThis is a info message from thread 718-09-2026 00:29:33 [38;5;015m[INFO]: [0mThis is a info message from thread 518-09-2026 00:29:33 [38;5;117m[DEBUG]: [0mThis is a debug message from thread 2018-09-2026 00:29:33 [38;5;117m[DEBUG]: [0mThis is a debug message from thread 818-09-2026 00:29:33 [38;5;009m[ERROR]: [0mThis is a error message from thread 1718-09-2026 00:29:33 [38;5;015m[INFO]: [0mThis is a info message from thread 2218-09-2026 00:29:33 [38;5;015m[INFO]: [0mThis is a info message from thread 2918-09-2026 00:29:33 [38;5;009m[ERROR]: [0mThis is a error message from thread 318-09-2026 00:29:33 [38;5;015m[INFO]: [0mThis is a info message from thread 2718-09-2026 00:29:33 [38;5;009m[ERROR]: [0mThis is a error message from thread 418-09-2026 00:29:33 [38;5;009m[ERROR]: [0mThis is a error message from thread 718-09-2026 00:29:33 [38;5;117m[DEBUG]: [0mThis is a debug message from thread 718-09-2026 00:29:33 [38;5;117m[DEBUG]: [0mThis is a debug message from thread 2418-09-2026 00:29:33 [38;5;015m[INFO]: [0mThis is a info message from thread 2818-09-2026 00:29:33 [38;5;009m[ERROR]: [0mThis is a error message from thread 2718-09-2026 00:29:33 [38;5;117m[DEBUG]: [0mThis is a debug message from thread 918-09-2026 00:29:33 [38;5;009m[ERROR]: [0mThis is a error message from thread 1918-09-2026 00:29:33 [38;5;009m[ERROR]: [0mThis is a error message from thread 1318-09-2026 00:29:33 [38;5;117m[DEBUG]: [0mThis is a debug message from thread 318-09-2026 00:29:33 [38;5;009m[ERROR]: [0mThis is a error message from thread 2818-09-2026 00:29:33 [38;5;009m[ERROR]: [0mThis is a error message from thread 2918-09-2026 00:29:33 [38;5;117m[DEBUG]: [0mThis is a debug message from thread 418-09-2026 00:29:33 [38;5;117m[DEBUG]: [0mThis is a debug message from thread 1018-09-2026 00:29:33 [38;5;117m[DEBUG]: [0mThis is a debug message from thread 1918-09-2026 00:29:33 [38;5;117m[DEBUG]: [0mThis is a debug message from thread 218-09-2026 00:29:33 [38;5;015m[INFO]: [0mThis is a info message from thread 1218-09-2026 00:29:33 [38;5;117m[DEBUG]: [0mThis is a debug message from thread 2918-09-2026 00:29:33 [38;5;015m[INFO]: [0mThis is a info message from thread 418-09-2026 00:29:33 [38;5;117m[DEBUG]: [0mThis is a debug message from thread 2318-09-2026 00:29:33 [38;5;009m[ERROR]: [0mThis is a error message from thread 018-09-2026 00:29:33 [38;5;015m[INFO]: [0mThis is a info message from thread 1918-09-2026 00:29:33 [38;5;009m[ERROR]: [0mThis is a error message from thread 418-09-2026 00:29:33 [38;5;015m[INFO]: [0mThis is a info message from thread 818-09-2026 00:29:33 [38;5;015m[INFO]: [0mThis is a info message from thread 318-09-2026 00:29:33 [38;5;117m[DEBUG]: [0mThis is a debug message from thread 2718-09-2026 00:29:33 [38;5;009m[ERROR]: [0mThis is a error message from thread 318-09-2026 00:29:33 [38;5;117m[DEBUG]: [0mThis is a debug message from thread 318-09-2026 00:29:33 [38;5;117m[DEBUG]: [0mThis is a debug message from thread 418-09-2026 00:29:33 [38;5;015m[INFO]: [0mThis is a info message from thread 318-09-2026 00:29:33 [38;5;015m[INFO]: [0mThis is a info message from thread 218-09-2026 00:29:33 [38;5;117m[DEBUG]: [0mThis is a debug message from thread 1118-09-2026 00:29:33 [38;5;117m[DEBUG]: [0mThis is a debug message from thread 018-09-2026 00:29:33 [38;5;009m[ERROR]: [0mThis is a error message from thread 1218-09-2026 00:29:33 [38;5;015m[INFO]: [0mThis is a info message from thread 1018-09-2026 00:29:33 [38;5;117m[DEBUG]: [0mThis is a debug message from thread 2818-09-2026 00:29:33 [38;5;009m[ERROR]: [0mThis is a error message from thread 318-09-2026 00:29:33 [38;5;009m[ERROR]: [0mThis is a error message from thread 818-09-2026 00:29:33 [38;5;015m[INFO]: [0mThis is a info message from thread 418-09-2026 00:29:33 [38;5;015m[INFO]: [0mThis is a info message from thread 2418-09-2026 00:29:33 [38;5;009m[ERROR]: [0mThis is a error message from thread 418-09-2026 00:29:33 [38;5;117m[DEBUG]: [0mThis is a debug message from thread 418-09-2026 00:29:33 [38;5;117m[DEBUG]: [0mThis is a debug message from thread 818-09-2026 00:29:33 [38;5;117m[DEBUG]: [0mThis is a debug message from thread 318-09-2026 00:29:33 [38;5;015m[INFO]: [0mThis is a info message from thread 2618-09-2026 00:29:33 [38;5;015m[INFO]: [0mThis is a info message from thread 718-09-2026 00:29:33 [38;5;015m[INFO]: [0mThis is a info message from thread 1118-09-2026 00:29:33 [38;5;015m[INFO]: [0mThis is a info message from thread 2918-09-2026 00:29:33 [38;5;015m[INFO]: [0mThis is a info message from thread 918-09-2026 00:29:33 [38;5;009m[ERROR]: [0mThis is a error message from thread 518-09-2026 00:29:33 [38;5;015m[INFO]: [0mThis is a info message from thread 2518-09-2026 00:29:33 [38;5;009m[ERROR]: [0mThis is a error message from thread 718-09-2026 00:29:33 [38;5;117m[DEBUG]: [0mThis is a debug message from thread 1218-09-2026 00:29:33 [38;5;015m[INFO]: [0mThis is a info message from thread 2818-09-2026 00:29:33 [38;5;015m[INFO]: [0mThis is a info message from thread 118-09-2026 00:29:33 [38;5;117m[DEBUG]: [0mThis is a debug message from thread 1618-09-2026 00:29:33 [38;5;117m[DEBUG]: [0mThis is a debug message from thread 1318-09-2026 00:29:33 [38;5;015m[INFO]: [0mThis is a info message from thread 1518-09-2026 00:29:33 [38;5;009m[ERROR]: [0mThis is a error message from thread 1018-09-2026 00:29:33 [38;5;009m[ERROR]: [0mThis is a error message from thread 1918-09-2026 00:29:33 [38;5;117m[DEBUG]: [0mThis is a debug message from thread 718-09-2026 00:29:33 [38;5;009m[ERROR]: [0mThis is a error message from thread 2618-09-2026 00:29:33 [38;5;015m[INFO]: [0mThis is a info message from thread 318-09-2026 00:29:33 [38;5;009m[ERROR]: [0mThis is a error message from thread 2818-09-2026 00:29:33 [38;5;015m[INFO]: [0mThis is a info message from thread 718-09-2026 00:29:33 [38;5;009m[ERROR]: [0mThis is a error message from thread 2418-09-2026 00:29:33 [38;5;009m[ERROR]: [0mThis is a error message from thread 618-09-2026 00:29:33 [38;5;117m[DEBUG]: [0mThis is a debug message from thread 1818-09-2026 00:29:33 [38;5;015m[INFO]: [0mThis is a info message from thread 1218-09-2026 00:29:33 [38;5;015m[INFO]: [0mThis is a info message from thread 1418-09-2026 00:29:33 [38;5;117m[DEBUG]: [0mThis is a debug message from thread 518-09-2026 00:29:33 [38;5;009m[ERROR]: [0mThis is a error message from thread 1218-09-2026 00:29:33 [38;5;015m[INFO]: [0mThis is a info message from thread 1318-09-2026 00:29:33 [38;5;015m[INFO]: [0mThis is a info message from thread 1618-09-2026 00:29:33 [38;5;009m[ERROR]: [0mThis is a error message from thread 2218-09-2026 00:29:33 [38;5;009m[ERROR]: [0mThis is a error message from thread 1418-09-2026 00:29:33 [38;5;009m[ERROR]: [0mThis is a error message from thread 1318-09-2026 00:29:33 [38;5;117m[DEBUG]: [0mThis is a debug message from thread 1418-09-2026 00:29:33 [38;5;117m[DEBUG]: [0mThis is a debug message from thread 2818-09-2026 00:29:33 [38;5;015m[INFO]: [0mThis is a info message from thread 2318-09-2026 00:29:33 [38;5;015m[INFO]: [0mThis is a info message from thread 1418-09-2026 00:29:33 [38;5;015m[INFO]: [0mThis is a info message from thread 818-09-2026 00:29:33 [38;5;009m[ERROR]: [0mThis is a error message from thread 1418-09-2026 00:29:33 [38;5;009m[ERROR]: [0mThis is a error message from thread 1518-09-2026 00:29:33 [38;5;009m[ERROR]: [0mThis is a error message from thread 1118-09-2026 00:29:33 [38;5;117m[DEBUG]: [0mThis is a debug message from thread 1518-09-2026 00:29:33 [38;5;117m[DEBUG]: [0mThis is a debug message from thread 1118-09-2026 00:29:33 [38;5;009m[ERROR]: [0mThis is a error message from thread 818-09-2026 00:29:33 [38;5;117m[DEBUG]: [0mThis is a debug message from thread 1018-09-2026 00:29:33 [38;5;015m[INFO]: [0mThis is a info message from thread 2118-09-2026 00:29:33 [38;5;117m[DEBUG]: [0mThis is a debug message from thread 818-09-2026 00:29:33 [38;5;009m[ERROR]: [0mThis is a error message from thread 118-09-2026 00:29:33 [38;5;015m[INFO]: [0mThis is a info message from thread 1518-09-2026 00:29:33 [38;5;117m[DEBUG]: [0mThis is a debug message from thread 1418-09-2026 00:29:33 [38;5;015m[INFO]: [0mThis is a info message from thread 818-09-2026 00:29:33 [38;5;015m[INFO]: [0mThis is a info message from thread 1018-09-2026 00:29:33 [38;5;015m[INFO]: [0mThis is a info message from thread 2818-09-2026 00:29:33 [38;5;015m[INFO]: [0mThis is a info message from thread 1118-09-2026 00:29:33 [38;5;117m[DEBUG]: [0mThis is a debug message from thread 1918-09-2026 00:29:33 [38;5;009m[ERROR]: [0mThis is a error message from thread 818-09-2026 00:29:33 [38;5;009m[ERROR]: [0mThis is a error message from thread 2118-09-2026 00:29:33 [38;5;009m[ERROR]: [0mThis is a error message from thread 1618-09-2026 00:29:33 [38;5;015m[INFO]: [0mThis is a info message from thread 018-09-2026 00:29:33 [38;5;117m[DEBUG]: [0mThis is a debug message from thread 1218-09-2026 00:29:33 [38;5;009m[ERROR]: [0mThis is a error message from thread 1518-09-2026 00:29:33 [38;5;015m[INFO]: [0mThis is a info message from thread 518-09-2026 00:29:33 [38;5;117m[DEBUG]: [0mThis is a debug message from thread 2218-09-2026 00:29:33 [38;5;117m[DEBUG]: [0mThis is a debug message from thread 818-09-2026 00:29:33 [38;5;117m[DEBUG]: [0mThis is a debug message from thread 118-09-2026 00:29:33 [38;5;009m[ERROR]: [0mThis is a error message from thread 1118-09-2026 00:29:33 [38;5;009m[ERROR]: [0mThis is a error message from thread 1018-09-2026 00:29:33 [38;5;015m[INFO]: [0mThis is a info message from thread 1918-09-2026 00:29:33 [38;5;117m[DEBUG]: [0mThis is a debug message from thread 1518-09-2026 00:29:33 [38;5;117m[DEBUG]: [0mThis is a debug message from thread 1718-09-2026 00:29:33 [38;5;117m[DEBUG]: [0mThis is a debug message from thread 1018-09-2026 00:29:33 [38;5;015m[INFO]: [0mThis is a info message from thread 1818-09-2026 00:29:33 [38;5;015m[INFO]: [0mThis is a info message from thread 1418-09-2026 00:29:33 [38;5;009m[ERROR]: [0mThis is a error message from thread 018-09-2026 00:29:33 [38;5;009m[ERROR]: [0mThis is a error message from thread 1918-09-2026 00:29:33 [38;5;015m[INFO]: [0mThis is a info message from thread 418-09-2026 00:29:33 [38;5;117m[DEBUG]: [0mThis is a debug message from thread 018-09-2026 00:29:33 [38;5;009m[ERROR]: [0mThis is a error message from thread 2818-09-2026 00:29:33 [38;5;015m[INFO]: [0mThis is a info message from thread 118-09-2026 00:29:33 [38;5;015m[INFO]: [0mThis is a info message from thread 1718-09-2026 00:29:33 [38;5;015m[INFO]: [0mThis is a info message from thread 818-09-2026 00:29:33 [38;5;009m[ERROR]: [0mThis is a error message from thread 718-09-2026 00:29:33 [38;5;015m[INFO]: [0mThis is a info message from thread 2718-09-2026 00:29:33 [38;5;015m[INFO]: [0mThis is a info message from thread 1518-09-2026 00:29:33 [38;5;117m[DEBUG]: [0mThis is a debug message from thread 2418-09-2026 00:29:33 [38;5;015m[INFO]: [0mThis is a info message from thread 2018-09-2026 00:29:33 [38;5;117m[DEBUG]: [0mThis is a debug message from thread 1618-09-2026 00:29:33 [38;5;117m[DEBUG]: [0mThis is a debug message from thread 718-09-2026 00:29:33 [38;5;009m[ERROR]: [0mThis is a error message from thread 2918-09-2026 00:29:33 [38;5;009m[ERROR]: [0mThis is a error message from thread 2018-09-2026 00:29:33 [38;5;117m[DEBUG]: [0mThis is a debug message from thread 2918-09-2026 00:29:33 [38;5;009m[ERROR]: [0mThis is a error message from thread 118-09-2026 00:29:33 [38;5;117m[DEBUG]: [0mThis is a debug message from thread 2018-09-2026 00:29:33 [38;5;009m[ERROR]: [0mThis is a error message from thread 1718-09-2026 00:29:33 [38;5;117m[DEBUG]: [0mThis is a debug message from thread 2818-09-2026 00:29:33 [38;5;015m[INFO]: [0mThis is a info message from thread 2218-09-2026 00:29:33 [38;5;009m[ERROR]: [0mThis is a error message from thread 1518-09-2026 00:29:33 [38;5;117m[DEBUG]: [0mThis is a debug message from thread 1118-09-2026 00:29:33 [38;5;015m[INFO]: [0mThis is a info message from thread 1018-09-2026 00:29:33 [38;5;117m[DEBUG]: [0mThis is a debug message from thread 1918-09-2026 00:29:33 [38;5;009m[ERROR]: [0mThis is a error message from thread 1418-09-2026 00:29:33 [38;5;015m[INFO]: [0mThis is a info message from thread 1218-09-2026 00:29:33 [38;5;117m[DEBUG]: [0mThis is a debug message from thread 118-09-2026 00:29:33 [38;5;015m[INFO]: [0mThis is a info message from thread 1918-09-2026 00:29:33 [38;5;009m[ERROR]: [0mThis is a error message from thread 2518-09-2026 00:29:33 [38;5;009m[ERROR]: [0mThis is a error message from thread 1818-09-2026 00:29:33 [38;5;015m[INFO]: [0mThis is a info message from thread 1118-09-2026 00:29:33 [38;5;009m[ERROR]: [0mThis is a error message from thread 1918-09-2026 00:29:33 [38;5;117m[DEBUG]: [0mThis is a debug message from thread 1518-09-2026 00:29:33 [38;5;117m[DEBUG]: [0mThis is a debug message from thread 2518-09-2026 00:29:33 [38;5;015m[INFO]: [0mThis is a info message from thread 2818-09-2026 00:29:33 [38;5;009m[ERROR]: [0mThis is a error message from thread 1018-09-2026 00:29:33 [38;5;117m[DEBUG]: [0mThis is a debug message from thread 2618-09-2026 00:29:33 [38;5;015m[INFO]: [0mThis is a info message from thread 1618-09-2026 00:29:33 [38;5;117m[DEBUG]: [0mThis is a debug message from thread 1918-09-2026 00:29:33 [38;5;117m[DEBUG]: [0mThis is a debug message from thread 1418-09-2026 00:29:33 [38;5;009m[ERROR]: [0mThis is a error message from thread 418-09-2026 00:29:33 [38;5;117m[DEBUG]: [0mThis is a debug message from thread 1018-09-2026 00:29:33 [38;5;015m[INFO]: [0mThis is a info message from thread 1918-09-2026 00:29:33 [38;5;117m[DEBUG]: [0mThis is a debug message from thread 1818-09-2026 00:29:33 [38;5;117m[DEBUG]: [0mThis is a debug message from thread 418-09-2026 00:29:33 [38;5;015m[INFO]: [0mThis is a info message from thread 1818-09-2026 00:29:33 [38;5;009m[ERROR]: [0mThis is a error message from thread 1918-09-2026 00:29:33 [38;5;009m[ERROR]: [0mThis is a error message from thread 918-09-2026 00:29:33 [38;5;117m[DEBUG]: [0mThis is a debug message from thread 1918-09-2026 00:29:33 [38;5;015m[INFO]: [0mThis is a info message from thread 2518-09-2026 00:29:33 [38;5;015m[INFO]: [0mThis is a info message from thread 1918-09-2026 00:29:33 [38;5;015m[INFO]: [0mThis is a info message from thread 1018-09-2026 00:29:33 [38;5;015m[INFO]: [0mThis is a info message from thread 1518-09-2026 00:29:33 [38;5;009m[ERROR]: [0mThis is a error message from thread 2518-09-2026 00:29:33 [38;5;009m[ERROR]: [0mThis is a error message from thread 1018-09-2026 00:29:33 [38;5;009m[ERROR]: [0mThis is a error message from thread 1918-09-2026 00:29:33 [38;5;009m[ERROR]: [0mThis is a error message from thread 2718-09-2026 00:29:33 [38;5;009m[ERROR]: [0mThis is a error message from thread 1118-09-2026 00:29:33 [38;5;117m[DEBUG]: [0mThis is a debug message from thread 1918-09-2026 00:29:33 [38;5;009m[ERROR]: [0mThis is a error message from thread 1818-09-2026 00:29:33 [38;5;117m[DEBUG]: [0mThis is a debug message from thread 1818-09-2026 00:29:33 [38;5;015m[INFO]: [0mThis is a info message from thread 1918-09-2026 00:29:33 [38;5;015m[INFO]: [0mThis is a info message from thread 718-09-2026 00:29:33 [38;5;117m[DEBUG]: [0mThis is a debug message from thread 1018-09-2026 00:29:33 [38;5;009m[ERROR]: [0mThis is a error message from thread 818-09-2026 00:29:33 [38;5;009m[ERROR]: [0mThis is a error message from thread 1618-09-2026 00:29:33 [38;5;015m[INFO]: [0mThis is a info message from thread 2418-09-2026 00:29:33 [38;5;117m[DEBUG]: [0mThis is a debug message from thread 2518-09-2026 00:29:33 [38;5;117m[DEBUG]: [0mThis is a debug message from thread 1118-09-2026 00:29:33 [38;5;015m[INFO]: [0mThis is a info message from thread 1418-09-2026 00:29:33 [38;5;117m[DEBUG]: [0mThis is a debug message from thread 1318-09-2026 00:29:33 [38;5;117m[DEBUG]: [0mThis is a debug message from thread 2718-09-2026 00:29:33 [38;5;009m[ERROR]: [0mThis is a error message from thread 718-09-2026 00:29:33 [38;5;009m[ERROR]: [0mThis is a error message from thread 1418-09-2026 00:29:33 [38;5;009m[ERROR]: [0mThis is a error message from thread 2418-09-2026 00:29:33 [38;5;015m[INFO]: [0mThis is a info message from thread 018-09-2026 00:29:33 [38;5;015m[INFO]: [0mThis is a info message from thread 1118-09-2026 00:29:33 [38;5;015m[INFO]: [0mThis is a info message from thread 1318-09-2026 00:29:33 [38;5;009m[ERROR]: [0mThis is a error message from thread 1118-09-2026 00:29:33 [38;5;117m[DEBUG]: [0mThis is a debug message from thread 1118-09-2026 00:29:33 [38;5;009m[ERROR]: [0mThis is a error message from thread 2818-09-2026 00:29:33 [38;5;009m[ERROR]: [0mThis is a error message from thread 018-09-2026 00:29:33 [38;5;015m[INFO]: [0mThis is a info message from thread 1118-09-2026 00:29:33 [38;5;117m[DEBUG]: [0mThis is a debug message from thread 1618-09-2026 00:29:33 [38;5;117m[DEBUG]: [0mThis is a debug message from thread 1418-09-2026 00:29:33 [38;5;015m[INFO]: [0mThis is a info message from thread 2918-09-2026 00:29:33 [38;5;117m[DEBUG]: [0mThis is a debug message from thread 718-09-2026 00:29:33 [38;5;009m[ERROR]: [0mThis is a error message from thread 518-09-2026 00:29:33 [38;5;009m[ERROR]: [0mThis is a error message from thread 1318-09-2026 00:29:33 [38;5;009m[ERROR]: [0mThis is a error message from thread 2918-09-2026 00:29:33 [38;5;009m[ERROR]: [0mThis is a error message from thread 1218-09-2026 00:29:33 [38;5;015m[INFO]: [0mThis is a info message from thread 2718-09-2026 00:29:33 [38;5;015m[INFO]: [0mThis is a info message from thread 1018-09-2026 00:29:33 [38;5;117m[DEBUG]: [0mThis is a debug message from thread 918-09-2026 00:29:33 [38;5;015m[INFO]: [0mThis is a info message from thread 2618-09-2026 00:29:33 [38;5;009m[ERROR]: [0mThis is a error message from thread 218-09-2026 00:29:33 [38;5;015m[INFO]: [0mThis is a info message from thread 1618-09-2026 00:29:33 [38;5;117m[DEBUG]: [0mThis is a debug message from thread 018-09-2026 00:29:33 [38;5;117m[DEBUG]: [0mThis is a debug message from thread 2918-09-2026 00:29:33 [38;5;015m[INFO]: [0mThis is a info message from thread 1418-09-2026 00:29:33 [38;5;015m[INFO]: [0mThis is a info message from thread 718-09-2026 00:29:33 [38;5;117m[DEBUG]: [0mThis is a debug message from thread 2818-09-2026 00:29:33 [38;5;015m[INFO]: [0mThis is a info message from thread 918-09-2026 00:29:33 [38;5;009m[ERROR]: [0mThis is a error message from thread 2718-09-2026 00:29:33 [38;5;009m[ERROR]: [0mThis is a error message from thread 318-09-2026 00:29:33 [38;5;009m[ERROR]: [0mThis is a error message from thread 2218-09-2026 00:29:33 [38;5;117m[DEBUG]: [0mThis is a debug message from thread 518-09-2026 00:29:33 [38;5;015m[INFO]: [0mThis is a info message from thread 118-09-2026 00:29:33 [38;5;009m[ERROR]: [0mThis is a error message from thread 1618-09-2026 00:29:33 [38;5;015m[INFO]: [0mThis is a info message from thread 2818-09-2026 00:29:33 [38;5;015m[INFO]: [0mThis is a info message from thread 2918-09-2026 00:29:33 [38;5;117m[DEBUG]: [0mThis is a debug message from thread 2718-09-2026 00:29:33 [38;5;117m[DEBUG]: [0mThis is a debug message from thread 318-09-2026 00:29:33 [38;5;117m[DEBUG]: [0mThis is a debug message from thread 1218-09-2026 00:29:33 [38;5;009m[ERROR]: [0mThis is a error message from thread 1418-09-2026 00:29:33 [38;5;009m[ERROR]: [0mThis is a error message from thread 118-09-2026 00:29:33 [38;5;117m[DEBUG]: [0mThis is a debug message from thread 2218-09-2026 00:29:33 [38;5;015m[INFO]: [0mThis is a info message from thread 2518-09-2026 00:29:33 [38;5;009m[ERROR]: [0mThis is a error message from thread 918-09-2026 00:29:33 [38;5;117m[DEBUG]: [0mThis is a debug message from thread 2118-09-2026 00:29:33 [38;5;117m[DEBUG]: [0mThis is a debug message from thread 918-09-2026 00:29:33 [38;5;015m[INFO]: [0mThis is a info message from thread 318-09-2026 00:29:33 [38;5;015m[INFO]: [0mThis is a info message from thread 2118-09-2026 00:29:33 [38;5;015m[INFO]: [0mThis is a info message from thread 2218-09-2026 00:29:33 [38;5;117m[DEBUG]: [0mThis is a debug message from thread 1418-09-2026 00:29:33 [38;5;015m[INFO]: [0mThis is a info message from thread 1218-09-2026 00:29:33 [38;5;009m[ERROR]: [0mThis is a error message from thread 1218-09-2026 00:29:33 [38;5;015m[INFO]: [0mThis is a info message from thread 2718-09-2026 00:29:33 [38;5;009m[ERROR]: [0mThis is a error message from thread 2518-09-2026 00:29:33 [38;5;117m[DEBUG]: [0mThis is a debug message from thread 118-09-2026 00:29:33 [38;5;009m[ERROR]: [0mThis is a error message from thread 2118-09-2026 00:29:33 [38;5;009m[ERROR]: [0mThis is a error message from thread 1018-09-2026 00:29:33 [38;5;117m[DEBUG]: [0mThis is a debug message from thread 1218-09-2026 00:29:33 [38;5;117m[DEBUG]: [0mThis is a debug message from thread 1318-09-2026 00:29:33 [38;5;015m[INFO]: [0mThis is a info message from thread 018-09-2026 00:29:33 [38;5;015m[INFO]: [0mThis is a info message from thread 1418-09-2026 00:29:33 [38;5;117m[DEBUG]: [0mThis is a debug message from thread 1018-09-2026 00:29:33 [38;5;117m[DEBUG]: [0mThis is a debug message from thread 2418-09-2026 00:29:33 [38;5;009m[ERROR]: [0mThis is a error message from thread 2718-09-2026 00:29:33 [38;5;117m[DEBUG]: [0mThis is a debug message from thread 1718-09-2026 00:29:33 [38;5;015m[INFO]: [0mThis is a info message from thread 1318-09-2026 00:29:33 [38;5;009m[ERROR]: [0mThis is a error message from thread 1518-09-2026 00:29:33 [38;5;015m[INFO]: [0mThis is a info message from thread 1718-09-2026 00:29:33 [38;5;015m[INFO]: [0mThis is a info message from thread 1018-09-2026 00:29:33 [38;5;117m[DEBUG]: [0mThis is a debug message from thread 618-09-2026 00:29:33 [38;5;117m[DEBUG]: [0mThis is a debug message from thread 218-09-2026 00:29:33 [38;5;009m[ERROR]: [0mThis is a error message from thread 2918-09-2026 00:29:33 [38;5;117m[DEBUG]: [0mThis is a debug message from thread 2118-09-2026 00:29:33 [38;5;015m[INFO]: [0mThis is a info message from thread 418-09-2026 00:29:33 [38;5;009m[ERROR]: [0mThis is a error message from thread 1318-09-2026 00:29:33 [38;5;117m[DEBUG]: [0mThis is a debug message from thread 1518-09-2026 00:29:33 [38;5;117m[DEBUG]: [0mThis is a debug message from thread 1318-09-2026 00:29:33 [38;5;009m[ERROR]: [0mThis is a error message from thread 1018-09-2026 00:29:33 [38;5;117m[DEBUG]: [0mThis is a debug message from thread 818-09-2026 00:29:33 [38;5;015m[INFO]: [0mThis is a info message from thread 618-09-2026 00:29:33 [38;5;009m[ERROR]: [0mThis is a error message from thread 1918-09-2026 00:29:33 [38;5;117m[DEBUG]: [0mThis is a debug message from thread 2918-09-2026 00:29:33 [38;5;009m[ERROR]: [0mThis is a error message from thread 418-09-2026 00:29:33 [38;5;015m[INFO]: [0mThis is a info message from thread 1518-09-2026 00:29:33 [38;5;015m[INFO]: [0mThis is a info message from thread 1318-09-2026 00:29:33 [38;5;117m[DEBUG]: [0mThis is a debug message from thread 2718-09-2026 00:29:33 [38;5;117m[DEBUG]: [0mThis is a debug message from thread 1918-09-2026 00:29:33 [38;5;015m[INFO]: [0mThis is a info message from thread 1918-09-2026 00:29:33 [38;5;015m[INFO]: [0mThis is a info message from thread 2918-09-2026 00:29:33 [38;5;009m[ERROR]: [0mThis is a error message from thread 1518-09-2026 00:29:33 [38;5;009m[ERROR]: [0mThis is a error message from thread 718-09-2026 00:29:33 [38;5;015m[INFO]: [0mThis is a info message from thread 818-09-2026 00:29:33 [38;5;015m[INFO]: [0mThis is a info message from thread 2118-09-2026 00:29:33 [38;5;117m[DEBUG]: [0mThis is a debug message from thread 718-09-2026 00:29:33 [38;5;015m[INFO]: [0mThis is a info message from thread 218-09-2026 00:29:33 [38;5;009m[ERROR]: [0mThis is a error message from thread 618-09-2026 00:29:33 [38;5;009m[ERROR]: [0mThis is a error message from thread 818-09-2026 00:29:33 [38;5;009m[ERROR]: [0mThis is a error message from thread 2118-09-2026 00:29:33 [38;5;009m[ERROR]: [0mThis is a error message from thread 1918-09-2026 00:29:33 [38;5;015m[INFO]: [0mThis is a info message from thread 718-09-2026 00:29:33 [38;5;117m[DEBUG]: [0mThis is a debug message from thread 618-09-2026 00:29:33 [38;5;009m[ERROR]: [0mThis is a error message from thread 2618-09-2026 00:29:33 [38;5;009m[ERROR]: [0mThis is a error message from thread 2918-09-2026 00:29:33 [38;5;015m[INFO]: [0mThis is a info message from thread 2018-09-2026 00:29:33 [38;5;009m[ERROR]: [0mThis is a error message from thread 718-09-2026 00:29:33 [38;5;009m[ERROR]: [0mThis is a error message from thread 318-09-2026 00:29:33 [38;5;117m[DEBUG]: [0mThis is a debug message from thread 1918-09-2026 00:29:33 [38;5;117m[DEBUG]: [0mThis is a debug message from thread 1518-09-2026 00:29:33 [38;5;117m[DEBUG]: [0mThis is a debug message from thread 818-09-2026 00:29:33 [38;5;015m[INFO]: [0mThis is a info message from thread 1518-09-2026 00:29:33 [38;5;117m[DEBUG]: [0mThis is a debug message from thread 2918-09-2026 00:29:33 [38;5;015m[INFO]: [0mThis is a info message from thread 2918-09-2026 00:29:33 [38;5;009m[ERROR]: [0mThis is a error message from thread 1318-09-2026 00:29:33 [38;5;015m[INFO]: [0mThis is a info message from thread 618-09-2026 00:29:33 [38;5;117m[DEBUG]: [0mThis is a debug message from thread 1318-09-2026 00:29:33 [38;5;117m[DEBUG]: [0mThis is a debug message from thread 2118-09-2026 00:29:33 [38;5;009m[ERROR]: [0mThis is a error message from thread 2018-09-2026 00:29:33 [38;5;117m[DEBUG]: [0mThis is a debug message from thread 318-09-2026 00:29:33 [38;5;117m[DEBUG]: [0mThis is a debug message from thread 1618-09-2026 00:29:33 [38;5;009m[ERROR]: [0mThis is a error message from thread 1418-09-2026 00:29:33 [38;5;015m[INFO]: [0mThis is a info message from thread 1618-09-2026 00:29:33 [38;5;009m[ERROR]: [0mThis is a error message from thread 2818-09-2026 00:29:33 [38;5;009m[ERROR]: [0mThis is a error message from thread 1618-09-2026 00:29:33 [38;5;009m[ERROR]: [0mThis is a error message from thread 618-09-2026 00:29:33 [38;5;117m[DEBUG]: [0mThis is a debug message from thread 1618-09-2026 00:29:33 [38;5;015m[INFO]: [0mThis is a info message from thread 818-09-2026 00:29:33 [38;5;015m[INFO]: [0mThis is a info message from thread 1818-09-2026 00:29:33 [38;5;117m[DEBUG]: [0mThis is a debug message from thread 618-09-2026 00:29:33 [38;5;015m[INFO]: [0mThis is a info message from thread 2118-09-2026 00:29:33 [38;5;009m[ERROR]: [0mThis is a error message from thread 2918-09-2026 00:29:33 [38;5;009m[ERROR]: [0mThis is a error message from thread 818-09-2026 00:29:33 [38;5;015m[INFO]: [0mThis is a info message from thread 1618-09-2026 00:29:33 [38;5;117m[DEBUG]: [0mThis is a debug message from thread 2518-09-2026 00:29:33 [38;5;117m[DEBUG]: [0mThis is a debug message from thread 2618-09-2026 00:29:33 [38;5;015m[INFO]: [0mThis is a info message from thread 618-09-2026 00:29:33 [38;5;009m[ERROR]: [0mThis is a error message from thread 1818-09-2026 00:29:33 [38;5;015m[INFO]: [0mThis is a info message from thread 2518-09-2026 00:29:33 [38;5;117m[DEBUG]: [0mThis is a debug message from thread 718-09-2026 00:29:33 [38;5;117m[DEBUG]: [0mThis is a debug message from thread 2018-09-2026 00:29:33 [38;5;015m[INFO]: [0mThis is a info message from thread 718-09-2026 00:29:33 [38;5;015m[INFO]: [0mThis is a info message from thread 1218-09-2026 00:29:33 [38;5;015m[INFO]: [0mThis is a info message from thread 2418-09-2026 00:29:33 [38;5;009m[ERROR]: [0mThis is a error message from thread 2418-09-2026 00:29:33 [38;5;117m[DEBUG]: [0mThis is a debug message from thread 2418-09-2026 00:29:33 [38;5;009m[ERROR]: [0mThis is a error message from thread 1618-09-2026 00:29:33 [38;5;009m[ERROR]: [0mThis is a error message from thread 718-09-2026 00:29:33 [38;5;015m[INFO]: [0mThis is a info message from thread 2018-09-2026 00:29:33 [38;5;117m[DEBUG]: [0mThis is a debug message from thread 1618-09-2026 00:29:33 [38;5;015m[INFO]: [0mThis is a info message from thread 1318-09-2026 00:29:33 [38;5;117m[DEBUG]: [0mThis is a debug message from thread 2918-09-2026 00:29:33 [38;5;009m[ERROR]: [0mThis is a error message from thread 618-09-2026 00:29:33 [38;5;015m[INFO]: [0mThis is a info message from thread 2618-09-2026 00:29:33 [38;5;015m[INFO]: [0mThis is a info message from thread 1618-09-2026 00:29:33 [38;5;009m[ERROR]: [0mThis is a error message from thread 1718-09-2026 00:29:33 [38;5;009m[ERROR]: [0mThis is a error message from thread 1118-09-2026 00:29:33 [38;5;117m[DEBUG]: [0mThis is a debug message from thread 418-09-2026 00:29:33 [38;5;009m[ERROR]: [0mThis is a error message from thread 1318-09-2026 00:29:33 [38;5;117m[DEBUG]: [0mThis is a debug message from thread 1318-09-2026 00:29:33 [38;5;009m[ERROR]: [0mThis is a error message from thread 1618-09-2026 00:29:33 [38;5;015m[INFO]: [0mThis is a info message from thread 2418-09-2026 00:29:33 [38;5;117m[DEBUG]: [0mThis is a debug message from thread 1718-09-2026 00:29:33 [38;5;009m[ERROR]: [0mThis is a error message from thread 2118-09-2026 00:29:33 [38;5;015m[INFO]: [0mThis is a info message from thread 1718-09-2026 00:29:33 [38;5;117m[DEBUG]: [0mThis is a debug message from thread 1118-09-2026 00:29:33 [38;5;015m[INFO]: [0mThis is a info message from thread 518-09-2026 00:29:33 [38;5;015m[INFO]: [0mThis is a info message from thread 2718-09-2026 00:29:33 [38;5;117m[DEBUG]: [0mThis is a debug message from thread 1418-09-2026 00:29:33 [38;5;009m[ERROR]: [0mThis is a error message from thread 2518-09-2026 00:29:33 [38;5;015m[INFO]: [0mThis is a info message from thread 1118-09-2026 00:29:33 [38;5;009m[ERROR]: [0mThis is a error message from thread 218-09-2026 00:29:33 [38;5;015m[INFO]: [0mThis is a info message from thread 2918-09-2026 00:29:33 [38;5;117m[DEBUG]: [0mThis is a debug message from thread 1018-09-2026 00:29:33 [38;5;117m[DEBUG]: [0mThis is a debug message from thread 218-09-2026 00:29:33 [38;5;009m[ERROR]: [0mThis is a error message from thread 1118-09-2026 00:29:33 [38;5;117m[DEBUG]: [0mThis is a debug message from thread 1618-09-2026 00:29:33 [38;5;009m[ERROR]: [0mThis is a error message from thread 2618-09-2026 00:29:33 [38;5;117m[DEBUG]: [0mThis is a debug message from thread 618-09-2026 00:29:33 [38;5;015m[INFO]: [0mThis is a info message from thread 1618-09-2026 00:29:33 [38;5;015m[INFO]: [0mThis is a info message from thread 1418-09-2026 00:29:33 [38;5;009m[ERROR]: [0mThis is a error message from thread 1718-09-2026 00:29:33 [38;5;009m[ERROR]: [0mThis is a error message from thread 018-09-2026 00:29:33 [38;5;117m[DEBUG]: [0mThis is a debug message from thread 2518-09-2026 00:29:33 [38;5;009m[ERROR]: [0mThis is a error message from thread 2718-09-2026 00:29:33 [38;5;015m[INFO]: [0mThis is a info message from thread 918-09-2026 00:29:33 [38;5;015m[INFO]: [0mThis is a info message from thread 618-09-2026 00:29:33 [38;5;009m[ERROR]: [0mThis is a error message from thread 1518-09-2026 00:29:33 [38;5;009m[ERROR]: [0mThis is a error message from thread 2318-09-2026 00:29:33 [38;5;117m[DEBUG]: [0mThis is a debug message from thread 2118-09-2026 00:29:33 [38;5;009m[ERROR]: [0mThis is a error message from thread 918-09-2026 00:29:33 [38;5;117m[DEBUG]: [0mThis is a debug message from thread 1718-09-2026 00:29:33 [38;5;117m[DEBUG]: [0mThis is a debug message from thread 2818-09-2026 00:29:33 [38;5;009m[ERROR]: [0mThis is a error message from thread 618-09-2026 00:29:33 [38;5;015m[INFO]: [0mThis is a info message from thread 418-09-2026 00:29:33 [38;5;009m[ERROR]: [0mThis is a error message from thread 1218-09-2026 00:29:33 [38;5;117m[DEBUG]: [0mThis is a debug message from thread 2318-09-2026 00:29:33 [38;5;117m[DEBUG]: [0mThis is a debug message from thread 818-09-2026 00:29:33 [38;5;015m[INFO]: [0mThis is a info message from thread 1318-09-2026 00:29:33 [38;5;009m[ERROR]: [0mThis is a error message from thread 1618-09-2026 00:29:33 [38;5;117m[DEBUG]: [0mThis is a debug message from thread 018-09-2026 00:29:33 [38;5;117m[DEBUG]: [0mThis is a debug message from thread 1518-09-2026 00:29:33 [38;5;117m[DEBUG]: [0mThis is a debug message from thread 718-09-2026 00:29:33 [38;5;015m[INFO]: [0mThis is a info message from thread 118-09-2026 00:29:33 [38;5;015m[INFO]: [0mThis is a info message from thread 318-09-2026 00:29:33 [38;5;117m[DEBUG]: [0mThis is a debug message from thread 1118-09-2026 00:29:33 [38;5;009m[ERROR]: [0mThis is a error message from thread 518-09-2026 00:29:33 [38;5;015m[INFO]: [0mThis is a info message from thread 2818-09-2026 00:29:33 [38;5;015m[INFO]: [0mThis is a info message from thread 1918-09-2026 00:29:33 [38;5;117m[DEBUG]: [0mThis is a debug message from thread 1618-09-2026 00:29:33 [38;5;015m[INFO]: [0mThis is a info message from thread 018-09-2026 00:29:33 [38;5;009m[ERROR]: [0mThis is a error message from thread 2818-09-2026 00:29:33 [38;5;015m[INFO]: [0mThis is a info message from thread 1618-09-2026 00:29:33 [38;5;015m[INFO]: [0mThis is a info message from thread 1018-09-2026 00:29:33 [38;5;009m[ERROR]: [0mThis is a error message from thread 1318-09-2026 00:29:33 [38;5;117m[DEBUG]: [0mThis is a debug message from thread 2718-09-2026 00:29:33 [38;5;117m[DEBUG]: [0mThis is a debug message from thread 1318-09-2026 00:29:33 [38;5;009m[ERROR]: [0mThis is a error message from thread 118-09-2026 00:29:33 [38;5;117m[DEBUG]: [0mThis is a debug message from thread 518-09-2026 00:29:33 [38;5;009m[ERROR]: [0mThis is a error message from thread 1918-09-2026 00:29:33 [38;5;117m[DEBUG]: [0mThis is a debug message from thread 1818-09-2026 00:29:33 [38;5;015m[INFO]: [0mThis is a info message from thread 1718-09-2026 00:29:33 [38;5;015m[INFO]: [0mThis is a info message from thread 1518-09-2026 00:29:33 [38;5;009m[ERROR]: [0mThis is a error message from thread 018-09-2026 00:29:33 [38;5;009m[ERROR]: [0mThis is a error message from thread 1518-09-2026 00:29:33 [38;5;117m[DEBUG]: [0mThis is a debug message from thread 618-09-2026 00:29:33 [38;5;009m[ERROR]: [0mThis is a error message from thread 1018-09-2026 00:29:33 [38;5;015m[INFO]: [0mThis is a info message from thread 1318-09-2026 00:29:33 [38;5;117m[DEBUG]: [0mThis is a debug message from thread 2618-09-2026 00:29:33 [38;5;117m[DEBUG]: [0mThis is a debug message from thread 1918-09-2026 00:29:33 [38;5;015m[INFO]: [0mThis is a info message from thread 618-09-2026 00:29:33 [38;5;009m[ERROR]: [0mThis is a error message from thread 318-09-2026 00:29:33 [38;5;015m[INFO]: [0mThis is a info message from thread 2718-09-2026 00:29:33 [38;5;015m[INFO]: [0mThis is a info message from thread 2618-09-2026 00:29:33 [38;5;009m[ERROR]: [0mThis is a error message from thread 1318-09-2026 00:29:33 [38;5;117m[DEBUG]: [0mThis is a debug message from thread 918-09-2026 00:29:33 [38;5;117m[DEBUG]: [0mThis is a debug message from thread 318-09-2026 00:29:33 [38;5;015m[INFO]: [0mThis is a info message from thread 718-09-2026 00:29:33 [38;5;009m[ERROR]: [0mThis is a error message from thread 618-09-2026 00:29:33 [38;5;009m[ERROR]: [0mThis is a error message from thread 2718-09-2026 00:29:33 [38;5;015m[INFO]: [0mThis is a info message from thread 318-09-2026 00:29:33 [38;5;117m[DEBUG]: [0mThis is a debug message from thread 2718-09-2026 00:29:33 [38;5;015m[INFO]: [0mThis is a info message from thread 1118-09-2026 00:29:33 [38;5;117m[DEBUG]: [0mThis is a debug message from thread 618-09-2026 00:29:33 [38;5;009m[ERROR]: [0mThis is a error message from thread 1418-09-2026 00:29:33 [38;5;009m[ERROR]: [0mThis is a error message from thread 318-09-2026 00:29:33 [38;5;117m[DEBUG]: [0mThis is a debug message from thread 2818-09-2026 00:29:33 [38;5;117m[DEBUG]: [0mThis is a debug message from thread 1218-09-2026 00:29:33 [38;5;015m[INFO]: [0mThis is a info message from thread 2718-09-2026 00:29:33 [38;5;015m[INFO]: [0mThis is a info message from thread 2818-09-2026 00:29:33 [38;5;117m[DEBUG]: [0mThis is a debug message from thread 318-09-2026 00:29:33 [38;5;009m[ERROR]: [0mThis is a error message from thread 1118-09-2026 00:29:33 [38;5;117m[DEBUG]: [0mThis is a debug message from thread 1118-09-2026 00:29:33 [38;5;009m[ERROR]: [0mThis is a error message from thread 2818-09-2026 00:29:33 [38;5;015m[INFO]: [0mThis is a info message from thread 1218-09-2026 00:29:33 [38;5;117m[DEBUG]: [0mThis is a debug message from thread 2818-09-2026 00:29:33 [38;5;009m[ERROR]: [0mThis is a error message from thread 1218-09-2026 00:29:33 [38;5;015m[INFO]: [0mThis is a info message from thread 2818-09-2026 00:29:33 [38;5;015m[INFO]: [0mThis is a info message from thread 1118-09-2026 00:29:33 [38;5;117m[DEBUG]: [0mThis is a debug message from thread 118-09-2026 00:29:33 [38;5;015m[INFO]: [0mThis is a info message from thread 1918-09-2026 00:29:33 [38;5;009m[ERROR]: [0mThis is a error message from thread 2218-09-2026 00:29:33 [38;5;117m[DEBUG]: [0mThis is a debug message from thread 1018-09-2026 00:29:33 [38;5;117m[DEBUG]: [0mThis is a debug message from thread 2218-09-2026 00:29:33 [38;5;015m[INFO]: [0mThis is a info message from thread 1018-09-2026 00:29:33 [38;5;015m[INFO]: [0mThis is a info message from thread 2218-09-2026 00:29:33 [38;5;009m[ERROR]: [0mThis is a error message from thread 1018-09-2026 00:29:33 [38;5;117m[DEBUG]: [0mThis is a debug message from thread 1218-09-2026 00:29:33 [38;5;015m[INFO]: [0mThis is a info message from thread 1218-09-2026 00:29:33 [38;5;009m[ERROR]: [0mThis is a error message from thread 1218-09-2026 00:29:33 [38;5;009m[ERROR]: [0mThis is a error message from thread 1118-09-2026 00:29:33 [38;5;117m[DEBUG]: [0mThis is a debug message from thread 1218-09-2026 00:29:33 [38;5;009m[ERROR]: [0mThis is a error message from thread 2418-09-2026 00:29:33 [38;5;015m[INFO]: [0mThis is a info message from thread 118-09-2026 00:29:33 [38;5;117m[DEBUG]: [0mThis is a debug message from thread 2418-09-2026 00:29:33 [38;5;015m[INFO]: [0mThis is a info message from thread 2418-09-2026 00:29:33 [38;5;117m[DEBUG]: [0mThis is a debug message from thread 1118-09-2026 00:29:33 [38;5;009m[ERROR]: [0mThis is a error message from thread 2418-09-2026 00:29:33 [38;5;009m[ERROR]: [0mThis is a error message from thread 118-09-2026 00:29:33 [38;5;015m[INFO]: [0mThis is a info message from thread 1118-09-2026 00:29:33 [38;5;015m[INFO]: [0mThis is a info message from thread 2118-09-2026 00:29:33 [38;5;009m[ERROR]: [0mThis is a error message from thread 1918-09-2026 00:29:33 [38;5;009m[ERROR]: [0mThis is a error message from thread 418-09-2026 00:29:33 [38;5;117m[DEBUG]: [0mThis is a debug message from thread 1918-09-2026 00:29:33 [38;5;117m[DEBUG]: [0mThis is a debug message from thread 2418-09-2026 00:29:33 [38;5;117m[DEBUG]: [0mThis is a debug message from thread 118-09-2026 00:29:33 [38;5;009m[ERROR]: [0mThis is a error message from thread 2618-09-2026 00:29:33 [38;5;015m[INFO]: [0mThis is a info message from thread 1818-09-2026 00:29:33 [38;5;015m[INFO]: [0mThis is a info message from thread 918-09-2026 00:29:33 [38;5;117m[DEBUG]: [0mThis is a debug message from thread 018-09-2026 00:29:33 [38;5;117m[DEBUG]: [0mThis is a debug message from thread 1318-09-2026 00:29:33 [38;5;015m[INFO]: [0mThis is a info message from thread 1918-09-2026 00:29:33 [38;5;015m[INFO]: [0mThis is a info message from thread 118-09-2026 00:29:33 [38;5;009m[ERROR]: [0mThis is a error message from thread 2018-09-2026 00:29:33 [38;5;015m[INFO]: [0mThis is a info message from thread 2318-09-2026 00:29:33 [38;5;009m[ERROR]: [0mThis is a error message from thread 918-09-2026 00:29:33 [38;5;015m[INFO]: [0mThis is a info message from thread 2418-09-2026 00:29:33 [38;5;009m[ERROR]: [0mThis is a error message from thread 2918-09-2026 00:29:33 [38;5;009m[ERROR]: [0mThis is a error message from thread 1918-09-2026 00:29:33 [38;5;015m[INFO]: [0mThis is a info message from thread 1318-09-2026 00:29:33 [38;5;009m[ERROR]: [0mThis is a error message from thread 2818-09-2026 00:29:33 [38;5;117m[DEBUG]: [0mThis is a debug message from thread 2018-09-2026 00:29:33 [38;5;009m[ERROR]: [0mThis is a error message from thread 1618-09-2026 00:29:33 [38;5;015m[INFO]: [0mThis is a info message from thread 1218-09-2026 00:29:33 [38;5;015m[INFO]: [0mThis is a info message from thread 818-09-2026 00:29:33 [38;5;117m[DEBUG]: [0mThis is a debug message from thread 1918-09-2026 00:29:33 [38;5;009m[ERROR]: [0mThis is a error message from thread 1318-09-2026 00:29:33 [38;5;009m[ERROR]: [0mThis is a error message from thread 2118-09-2026 00:29:33 [38;5;117m[DEBUG]: [0mThis is a debug message from thread 1018-09-2026 00:29:33 [38;5;015m[INFO]: [0mThis is a info message from thread 2518-09-2026 00:29:33 [38;5;117m[DEBUG]: [0mThis is a debug message from thread 1618-09-2026 00:29:33 [38;5;117m[DEBUG]: [0mThis is a debug message from thread 918-09-2026 00:29:33 [38;5;117m[DEBUG]: [0mThis is a debug message from thread 2818-09-2026 00:29:33 [38;5;015m[INFO]: [0mThis is a info message from thread 918-09-2026 00:29:33 [38;5;015m[INFO]: [0mThis is a info message from thread 1618-09-2026 00:29:33 [38;5;117m[DEBUG]: [0mThis is a debug message from thread 2918-09-2026 00:29:33 [38;5;015m[INFO]: [0mThis is a info message from thread 1018-09-2026 00:29:33 [38;5;009m[ERROR]: [0mThis is a error message from thread 2418-09-2026 00:29:33 [38;5;117m[DEBUG]: [0mThis is a debug message from thread 1318-09-2026 00:29:33 [38;5;009m[ERROR]: [0mThis is a error message from thread 2218-09-2026 00:29:33 [38;5;009m[ERROR]: [0mThis is a error message from thread 918-09-2026 00:29:33 [38;5;117m[DEBUG]: [0mThis is a debug message from thread 1518-09-2026 00:29:33 [38;5;117m[DEBUG]: [0mThis is a debug message from thread 2618-09-2026 00:29:33 [38;5;009m[ERROR]: [0mThis is a error message from thread 718-09-2026 00:29:33 [38;5;015m[INFO]: [0mThis is a info message from thread 2618-09-2026 00:29:33 [38;5;009m[ERROR]: [0mThis is a error message from thread 118-09-2026 00:29:33 [38;5;015m[INFO]: [0mThis is a info message from thread 1518-09-2026 00:29:33 [38;5;015m[INFO]: [0mThis is a info message from thread 2918-09-2026 00:29:33 [38;5;009m[ERROR]: [0mThis is a error message from thread 818-09-2026 00:29:33 [38;5;009m[ERROR]: [0mThis is a error message from thread 1518-09-2026 00:29:33 [38;5;009m[ERROR]: [0mThis is a error message from thread 1618-09-2026 00:29:33 [38;5;009m[ERROR]: [0mThis is a error message from thread 2618-09-2026 00:29:33 [38;5;015m[INFO]: [0mThis is a info message from thread 1918-09-2026 00:29:33 [38;5;015m[INFO]: [0mThis is a info message from thread 518-09-2026 00:29:33 [38;5;009m[ERROR]: [0mThis is a error message from thread 2318-09-2026 00:29:33 [38;5;117m[DEBUG]: [0mThis is a debug message from thread 1618-09-2026 00:29:33 [38;5;117m[DEBUG]: [0mThis is a debug message from thread 818-09-2026 00:29:33 [38;5;117m[DEBUG]: [0mThis is a debug message from thread 2118-09-2026 00:29:33 [38;5;009m[ERROR]: [0mThis is a error message from thread 1918-09-2026 00:29:33 [38;5;009m[ERROR]: [0mThis is a error message from thread 2518-09-2026 00:29:33 [38;5;015m[INFO]: [0mThis is a info message from thread 2118-09-2026 00:29:33 [38;5;117m[DEBUG]: [0mThis is a debug message from thread 418-09-2026 00:29:33 [38;5;009m[ERROR]: [0mThis is a error message from thread 2718-09-2026 00:29:33 [38;5;015m[INFO]: [0mThis is a info message from thread 2818-09-2026 00:29:33 [38;5;117m[DEBUG]: [0mThis is a debug message from thread 118-09-2026 00:29:33 [38;5;117m[DEBUG]: [0mThis is a debug message from thread 1418-09-2026 00:29:33 [38;5;015m[INFO]: [0mThis is a info message from thread 118-09-2026 00:29:33 [38;5;009m[ERROR]: [0mThis is a error message from thread 1818-09-2026 00:29:33 [38;5;015m[INFO]: [0mThis is a info message from thread 418-09-2026 00:29:33 [38;5;009m[ERROR]: [0mThis is a error message from thread 2818-09-2026 00:29:33 [38;5;117m[DEBUG]: [0mThis is a debug message from thread 1818-09-2026 00:29:33 [38;5;117m[DEBUG]: [0mThis is a debug message from thread 2418-09-2026 00:29:33 [38;5;009m[ERROR]: [0mThis is a error message from thread 118-09-2026 00:29:33 [38;5;117m[DEBUG]: [0mThis is a debug message from thread 718-09-2026 00:29:33 [38;5;015m[INFO]: [0mThis is a info message from thread 718-09-2026 00:29:33 [38;5;009m[ERROR]: [0mThis is a error message from thread 718-09-2026 00:29:33 [38;5;015m[INFO]: [0mThis is a info message from thread 2418-09-2026 00:29:33 [38;5;117m[DEBUG]: [0mThis is a debug message from thread 918-09-2026 00:29:33 [38;5;117m[DEBUG]: [0mThis is a debug message from thread 1518-09-2026 00:29:33 [38;5;009m[ERROR]: [0mThis is a error message from thread 1018-09-2026 00:29:33 [38;5;015m[INFO]: [0mThis is a info message from thread 918-09-2026 00:29:33 [38;5;015m[INFO]: [0mThis is a info message from thread 1518-09-2026 00:29:33 [38;5;117m[DEBUG]: [0mThis is a debug message from thread 1018-09-2026 00:29:33 [38;5;009m[ERROR]: [0mThis is a error message from thread 2418-09-2026 00:29:33 [38;5;009m[ERROR]: [0mThis is a error message from thread 1518-09-2026 00:29:33 [38;5;015m[INFO]: [0mThis is a info message from thread 2018-09-2026 00:29:33 [38;5;015m[INFO]: [0mThis is a info message from thread 1018-09-2026 00:29:33 [38;5;015m[INFO]: [0mThis is a info message from thread 318-09-2026 00:29:33 [38;5;015m[INFO]: [0mThis is a info message from thread 818-09-2026 00:29:33 [38;5;117m[DEBUG]: [0mThis is a debug message from thread 2618-09-2026 00:29:33 [38;5;009m[ERROR]: [0mThis is a error message from thread 2018-09-2026 00:29:33 [38;5;009m[ERROR]: [0mThis is a error message from thread 818-09-2026 00:29:33 [38;5;009m[ERROR]: [0mThis is a error message from thread 318-09-2026 00:29:33 [38;5;015m[INFO]: [0mThis is a info message from thread 1818-09-2026 00:29:33 [38;5;117m[DEBUG]: [0mThis is a debug message from thread 718-09-2026 00:29:33 [38;5;117m[DEBUG]: [0mThis is a debug message from thread 318-09-2026 00:29:33 [38;5;117m[DEBUG]: [0mThis is a debug message from thread 818-09-2026 00:29:33 [38;5;009m[ERROR]: [0mThis is a error message from thread 1218-09-2026 00:29:33 [38;5;117m[DEBUG]: [0mThis is a debug message from thread 2818-09-2026 00:29:33 [38;5;015m[INFO]: [0mThis is a info message from thread 2618-09-2026 00:29:33 [38;5;117m[DEBUG]: [0mThis is a debug message from thread 2518-09-2026 00:29:33 [38;5;015m[INFO]: [0mThis is a info message from thread 1418-09-2026 00:29:33 [38;5;015m[INFO]: [0mThis is a info message from thread 818-09-2026 00:29:33 [38;5;015m[INFO]: [0mThis is a info message from thread 718-09-2026 00:29:33 [38;5;009m[ERROR]: [0mThis is a error message from thread 1718-09-2026 00:29:33 [38;5;015m[INFO]: [0mThis is a info message from thread 1318-09-2026 00:29:33 [38;5;009m[ERROR]: [0mThis is a error message from thread 1318-09-2026 00:29:33 [38;5;009m[ERROR]: [0mThis is a error message from thread 418-09-2026 00:29:33 [38;5;009m[ERROR]: [0mThis is a error message from thread 1018-09-2026 00:29:33 [38;5;015m[INFO]: [0mThis is a info message from thread 2818-09-2026 00:29:33 [38;5;117m[DEBUG]: [0mThis is a debug message from thread 418-09-2026 00:29:33 [38;5;009m[ERROR]: [0mThis is a error message from thread 2818-09-2026 00:29:33 [38;5;117m[DEBUG]: [0mThis is a debug message from thread 1318-09-2026 00:29:33 [38;5;009m[ERROR]: [0mThis is a error message from thread 1418-09-2026 00:29:33 [38;5;015m[INFO]: [0mThis is a info message from thread 018-09-2026 00:29:33 [38;5;009m[ERROR]: [0mThis is a error message from thread 2618-09-2026 00:29:33 [38;5;015m[INFO]: [0mThis is a info message from thread 1318-09-2026 00:29:33 [38;5;117m[DEBUG]: [0mThis is a debug message from thread 1018-09-2026 00:29:33 [38;5;117m[DEBUG]: [0mThis is a debug message from thread 118-09-2026 00:29:33 [38;5;009m[ERROR]: [0mThis is a error message from thread 718-09-2026 00:29:33 [38;5;015m[INFO]: [0mThis is a info message from thread 418-09-2026 00:29:33 [38;5;015m[INFO]: [0mThis is a info message from thread 118-09-2026 00:29:33 [38;5;117m[DEBUG]: [0mThis is a debug message from thread 2418-09-2026 00:29:33 [38;5;009m[ERROR]: [0mThis is a error message from thread 018-09-2026 00:29:33 [38;5;117m[DEBUG]: [0mThis is a debug message from thread 2318-09-2026 00:29:33 [38;5;117m[DEBUG]: [0mThis is a debug message from thread 718-09-2026 00:29:33 [38;5;009m[ERROR]: [0mThis is a error message from thread 918-09-2026 00:29:33 [38;5;015m[INFO]: [0mThis is a info message from thread 2418-09-2026 00:29:33 [38;5;015m[INFO]: [0mThis is a info message from thread 718-09-2026 00:29:33 [38;5;009m[ERROR]: [0mThis is a error message from thread 418-09-2026 00:29:33 [38;5;117m[DEBUG]: [0mThis is a debug message from thread 918-09-2026 00:29:33 [38;5;117m[DEBUG]: [0mThis is a debug message from thread 1918-09-2026 00:29:33 [38;5;015m[INFO]: [0mThis is a info message from thread 2318-09-2026 00:29:33 [38;5;009m[ERROR]: [0mThis is a error message from thread 1118-09-2026 00:29:33 [38;5;117m[DEBUG]: [0mThis is a debug message from thread 2618-09-2026 00:29:33 [38;5;015m[INFO]: [0mThis is a info message from thread 218-09-2026 00:29:33 [38;5;117m[DEBUG]: [0mThis is a debug message from thread 2018-09-2026 00:29:33 [38;5;117m[DEBUG]: [0mThis is a debug message from thread 2818-09-2026 00:29:33 [38;5;009m[ERROR]: [0mThis is a error message from thread 518-09-2026 00:29:33 [38;5;015m[INFO]: [0mThis is a info message from thread 1018-09-2026 00:29:33 [38;5;009m[ERROR]: [0mThis is a error message from thread 2918-09-2026 00:29:33 [38;5;117m[DEBUG]: [0mThis is a debug message from thread 518-09-2026 00:29:33 [38;5;015m[INFO]: [0mThis is a info message from thread 318-09-2026 00:29:33 [38;5;117m[DEBUG]: [0mThis is a debug message from thread 1518-09-2026 00:29:33 [38;5;015m[INFO]: [0mThis is a info message from thread 1918-09-2026 00:29:33 [38;5;015m[INFO]: [0mThis is a info message from thread 918-09-2026 00:29:33 [38;5;117m[DEBUG]: [0mThis is a debug message from thread 1218-09-2026 00:29:33 [38;5;009m[ERROR]: [0mThis is a error message from thread 2318-09-2026 00:29:33 [38;5;009m[ERROR]: [0mThis is a error message from thread 1918-09-2026 00:29:33 [38;5;117m[DEBUG]: [0mThis is a debug message from thread 2918-09-2026 00:29:33 [38;5;015m[INFO]: [0mThis is a info message from thread 1518-09-2026 00:29:33 [38;5;015m[INFO]: [0mThis is a info message from thread 518-09-2026 00:29:33 [38;5;009m[ERROR]: [0mThis is a error message from thread 718-09-2026 00:29:33 [38;5;009m[ERROR]: [0mThis is a error message from thread 918-09-2026 00:29:33 [38;5;117m[DEBUG]: [0mThis is a debug message from thread 2718-09-2026 00:29:33 [38;5;009m[ERROR]: [0mThis is a error message from thread 318-09-2026 00:29:33 [38;5;015m[INFO]: [0mThis is a info message from thread 2018-09-2026 00:29:33 [38;5;117m[DEBUG]: [0mThis is a debug message from thread 1718-09-2026 00:29:33 [38;5;009m[ERROR]: [0mThis is a error message from thread 518-09-2026 00:29:33 [38;5;117m[DEBUG]: [0mThis is a debug message from thread 918-09-2026 00:29:33 [38;5;117m[DEBUG]: [0mThis is a debug message from thread 1918-09-2026 00:29:33 [38;5;117m[DEBUG]: [0mThis is a debug message from thread 518-09-2026 00:29:33 [38;5;015m[INFO]: [0mThis is a info message from thread 2718-09-2026 00:29:33 [38;5;009m[ERROR]: [0mThis is a error message from thread 1518-09-2026 00:29:33 [38;5;009m[ERROR]: [0mThis is a error message from thread 2018-09-2026 00:29:33 [38;5;117m[DEBUG]: [0mThis is a debug message from thread 1518-09-2026 00:29:33 [38;5;117m[DEBUG]: [0mThis is a debug message from thread 318-09-2026 00:29:33 [38;5;117m[DEBUG]: [0mThis is a debug message from thread 2018-09-2026 00:29:33 [38;5;015m[INFO]: [0mThis is a info message from thread 1618-09-2026 00:29:33 [38;5;009m[ERROR]: [0mThis is a error message from thread 1818-09-2026 00:29:33 [38;5;117m[DEBUG]: [0mThis is a debug message from thread 2318-09-2026 00:29:33 [38;5;015m[INFO]: [0mThis is a info message from thread 2318-09-2026 00:29:33 [38;5;015m[INFO]: [0mThis is a info message from thread 1718-09-2026 00:29:33 [38;5;015m[INFO]: [0mThis is a info message from thread 1518-09-2026 00:29:33 [38;5;009m[ERROR]: [0mThis is a error message from thread 1618-09-2026 00:29:33 [38;5;015m[INFO]: [0mThis is a info message from thread 2018-09-2026 00:29:33 [38;5;009m[ERROR]: [0mThis is a error message from thread 2718-09-2026 00:29:33 [38;5;009m[ERROR]: [0mThis is a error message from thread 2318-09-2026 00:29:33 [38;5;009m[ERROR]: [0mThis is a error message from thread 818-09-2026 00:29:33 [38;5;009m[ERROR]: [0mThis is a error message from thread 2018-09-2026 00:29:33 [38;5;117m[DEBUG]: [0mThis is a debug message from thread 2718-09-2026 00:29:33 [38;5;009m[ERROR]: [0mThis is a error message from thread 1318-09-2026 00:29:33 [38;5;015m[INFO]: [0mThis is a info message from thread 318-09-2026 00:29:33 [38;5;009m[ERROR]: [0mThis is a error message from thread 1018-09-2026 00:29:33 [38;5;009m[ERROR]: [0mThis is a error message from thread 2118-09-2026 00:29:33 [38;5;117m[DEBUG]: [0mThis is a debug message from thread 2318-09-2026 00:29:33 [38;5;009m[ERROR]: [0mThis is a error message from thread 1518-09-2026 00:29:33 [38;5;117m[DEBUG]: [0mThis is a debug message from thread 1418-09-2026 00:29:33 [38;5;015m[INFO]: [0mThis is a info message from thread 1918-09-2026 00:29:33 [38;5;015m[INFO]: [0mThis is a info message from thread 2718-09-2026 00:29:33 [38;5;117m[DEBUG]: [0mThis is a debug message from thread 1818-09-2026 00:29:33 [38;5;015m[INFO]: [0mThis is a info message from thread 2818-09-2026 00:29:33 [38;5;015m[INFO]: [0mThis is a info message from thread 2518-09-2026 00:29:33 [38;5;117m[DEBUG]: [0mThis is a debug message from thread 018-09-2026 00:29:33 [38;5;009m[ERROR]: [0mThis is a error message from thread 318-09-2026 00:29:33 [38;5;015m[INFO]: [0mThis is a info message from thread 018-09-2026 00:29:33 [38;5;009m[ERROR]: [0mThis is a error message from thread 2518-09-2026 00:29:33 [38;5;009m[ERROR]: [0mThis is a error message from thread 018-09-2026 00:29:33 [38;5;117m[DEBUG]: [0mThis is a debug message from thread 2018-09-2026 00:29:33 [38;5;117m[DEBUG]: [0mThis is a debug message from thread 2518-09-2026 00:29:33 [38;5;009m[ERROR]: [0mThis is a error message from thread 1918-09-2026 00:29:33 [38;5;009m[ERROR]: [0mThis is a error message from thread 2718-09-2026 00:29:33 [38;5;117m[DEBUG]: [0mThis is a debug message from thread 318-09-2026 00:29:33 [38;5;015m[INFO]: [0mThis is a info message from thread 2518-09-2026 00:29:33 [38;5;015m[INFO]: [0mThis is a info message from thread 1418-09-2026 00:29:33 [38;5;117m[DEBUG]: [0mThis is a debug message from thread 418-09-2026 00:29:33 [38;5;015m[INFO]: [0mThis is a info message from thread 2618-09-2026 00:29:33 [38;5;009m[ERROR]: [0mThis is a error message from thread 2418-09-2026 00:29:33 [38;5;117m[DEBUG]: [0mThis is a debug message from thread 1518-09-2026 00:29:33 [38;5;117m[DEBUG]: [0mThis is a debug message from thread 1918-09-2026 00:29:33 [38;5;117m[DEBUG]: [0mThis is a debug message from thread 1118-09-2026 00:29:33 [38;5;009m[ERROR]: [0mThis is a error message from thread 218-09-2026 00:29:33 [38;5;015m[INFO]: [0mThis is a info message from thread 1818-09-2026 00:29:33 [38;5;015m[INFO]: [0mThis is a info message from thread 2918-09-2026 00:29:33 [38;5;009m[ERROR]: [0mThis is a error message from thread 2918-09-2026 00:29:33 [38;5;009m[ERROR]: [0mThis is a error message from thread 2518-09-2026 00:29:33 [38;5;117m[DEBUG]: [0mThis is a debug message from thread 718-09-2026 00:29:33 [38;5;015m[INFO]: [0mThis is a info message from thread 418-09-2026 00:29:33 [38;5;015m[INFO]: [0mThis is a info message from thread 2018-09-2026 00:29:33 [38;5;015m[INFO]: [0mThis is a info message from thread 918-09-2026 00:29:33 [38;5;117m[DEBUG]: [0mThis is a debug message from thread 2918-09-2026 00:29:33 [38;5;015m[INFO]: [0mThis is a info message from thread 2318-09-2026 00:29:33 [38;5;117m[DEBUG]: [0mThis is a debug message from thread 2218-09-2026 00:29:33 [38;5;009m[ERROR]: [0mThis is a error message from thread 418-09-2026 00:29:33 [38;5;015m[INFO]: [0mThis is a info message from thread 2918-09-2026 00:29:33 [38;5;015m[INFO]: [0mThis is a info message from thread 1218-09-2026 00:29:33 [38;5;015m[INFO]: [0mThis is a info message from thread 318-09-2026 00:29:33 [38;5;015m[INFO]: [0mThis is a info message from thread 1918-09-2026 00:29:33 [38;5;009m[ERROR]: [0mThis is a error message from thread 1418-09-2026 00:29:33 [38;5;009m[ERROR]: [0mThis is a error message from thread 1718-09-2026 00:29:33 [38;5;117m[DEBUG]: [0mThis is a debug message from thread 818-09-2026 00:29:33 [38;5;117m[DEBUG]: [0mThis is a debug message from thread 418-09-2026 00:29:33 [38;5;009m[ERROR]: [0mThis is a error message from thread 1218-09-2026 00:29:33 [38;5;009m[ERROR]: [0mThis is a error message from thread 2018-09-2026 00:29:33 [38;5;015m[INFO]: [0mThis is a info message from thread 518-09-2026 00:29:33 [38;5;009m[ERROR]: [0mThis is a error message from thread 318-09-2026 00:29:33 [38;5;117m[DEBUG]: [0mThis is a debug message from thread 1018-09-2026 00:29:33 [38;5;117m[DEBUG]: [0mThis is a debug message from thread 2718-09-2026 00:29:33 [38;5;117m[DEBUG]: [0mThis is a debug message from thread 2018-09-2026 00:29:33 [38;5;015m[INFO]: [0mThis is a info message from thread 418-09-2026 00:29:33 [38;5;009m[ERROR]: [0mThis is a error message from thread 1918-09-2026 00:29:33 [38;5;117m[DEBUG]: [0mThis is a debug message from thread 1418-09-2026 00:29:33 [38;5;117m[DEBUG]: [0mThis is a debug message from thread 2118-09-2026 00:29:33 [38;5;117m[DEBUG]: [0mThis is a debug message from thread 1718-09-2026 00:29:33 [38;5;015m[INFO]: [0mThis is a info message from thread 1718-09-2026 00:29:33 [38;5;117m[DEBUG]: [0mThis is a debug message from thread 1918-09-2026 00:29:33 [38;5;015m[INFO]: [0mThis is a info message from thread 2118-09-2026 00:29:33 [38;5;015m[INFO]: [0mThis is a info message from thread 2218-09-2026 00:29:33 [38;5;009m[ERROR]: [0mThis is a error message from thread 2918-09-2026 00:29:33 [38;5;015m[INFO]: [0mThis is a info message from thread 2718-09-2026 00:29:33 [38;5;015m[INFO]: [0mThis is a info message from thread 2018-09-2026 00:29:33 [38;5;015m[INFO]: [0mThis is a info message from thread 1118-09-2026 00:29:33 [38;5;009m[ERROR]: [0mThis is a error message from thread 2718-09-2026 00:29:33 [38;5;117m[DEBUG]: [0mThis is a debug message from thread 2418-09-2026 00:29:33 [38;5;117m[DEBUG]: [0mThis is a debug message from thread 318-09-2026 00:29:33 [38;5;117m[DEBUG]: [0mThis is a debug message from thread 1318-09-2026 00:29:33 [38;5;117m[DEBUG]: [0mThis is a debug message from thread 218-09-2026 00:29:33 [38;5;009m[ERROR]: [0mThis is a error message from thread 518-09-2026 00:29:33 [38;5;009m[ERROR]: [0mThis is a error message from thread 118-09-2026 00:29:33 [38;5;117m[DEBUG]: [0mThis is a debug message from thread 2918-09-2026 00:29:33 [38;5;015m[INFO]: [0mThis is a info message from thread 1918-09-2026 00:29:33 [38;5;117m[DEBUG]: [0mThis is a debug message from thread 018-09-2026 00:29:33 [38;5;009m[ERROR]: [0mThis is a error message from thread 1118-09-2026 00:29:33 [38;5;009m[ERROR]: [0mThis is a error message from thread 2818-09-2026 00:29:33 [38;5;015m[INFO]: [0mThis is a info message from thread 318-09-2026 00:29:33 [38;5;117m[DEBUG]: [0mThis is a debug message from thread 2718-09-2026 00:29:33 [38;5;009m[ERROR]: [0mThis is a error message from thread 2018-09-2026 00:29:33 [38;5;015m[INFO]: [0mThis is a info message from thread 2418-09-2026 00:29:33 [38;5;015m[INFO]: [0mThis is a info message from thread 2918-09-2026 00:29:33 [38;5;009m[ERROR]: [0mThis is a error message from thread 318-09-2026 00:29:33 [38;5;117m[DEBUG]: [0mThis is a debug message from thread 2018-09-2026 00:29:33 [38;5;015m[INFO]: [0mThis is a info message from thread 2718-09-2026 00:29:33 [38;5;117m[DEBUG]: [0mThis is a debug message from thread 118-09-2026 00:29:33 [38;5;117m[DEBUG]: [0mThis is a debug message from thread 318-09-2026 00:29:33 [38;5;009m[ERROR]: [0mThis is a error message from thread 2918-09-2026 00:29:33 [38;5;009m[ERROR]: [0mThis is a error message from thread 2418-09-2026 00:29:33 [38;5;009m[ERROR]: [0mThis is a error message from thread 2718-09-2026 00:29:33 [38;5;015m[INFO]: [0mThis is a info message from thread 718-09-2026 00:29:33 [38;5;015m[INFO]: [0mThis is a info message from thread 218-09-2026 00:29:33 [38;5;015m[INFO]: [0mThis is a info message from thread 1518-09-2026 00:29:33 [38;5;015m[INFO]: [0mThis is a info message from thread 618-09-2026 00:29:33 [38;5;117m[DEBUG]: [0mThis is a debug message from thread 2518-09-2026 00:29:33 [38;5;015m[INFO]: [0mThis is a info message from thread 2518-09-2026 00:29:33 [38;5;117m[DEBUG]: [0mThis is a debug message from thread 2718-09-2026 00:29:33 [38;5;117m[DEBUG]: [0mThis is a debug message from thread 2418-09-2026 00:29:33 [38;5;009m[ERROR]: [0mThis is a error message from thread 2318-09-2026 00:29:33 [38;5;009m[ERROR]: [0mThis is a error message from thread 2518-09-2026 00:29:33 [38;5;015m[INFO]: [0mThis is a info message from thread 118-09-2026 00:29:33 [38;5;009m[ERROR]: [0mThis is a error message from thread 618-09-2026 00:29:33 [38;5;015m[INFO]: [0mThis is a info message from thread 2418-09-2026 00:29:33 [38;5;009m[ERROR]: [0mThis is a error message from thread 1518-09-2026 00:29:33 [38;5;117m[DEBUG]: [0mThis is a debug message from thread 1118-09-2026 00:29:33 [38;5;009m[ERROR]: [0mThis is a error message from thread 2618-09-2026 00:29:33 [38;5;117m[DEBUG]: [0mThis is a debug message from thread 1618-09-2026 00:29:33 [38;5;009m[ERROR]: [0mThis is a error message from thread 218-09-2026 00:29:33 [38;5;009m[ERROR]: [0mThis is a error message from thread 918-09-2026 00:29:33 [38;5;009m[ERROR]: [0mThis is a error message from thread 2218-09-2026 00:29:33 [38;5;015m[INFO]: [0mThis is a info message from thread 1018-09-2026 00:29:33 [38;5;117m[DEBUG]: [0mThis is a debug message from thread 2918-09-2026 00:29:33 [38;5;117m[DEBUG]: [0mThis is a debug message from thread 218-09-2026 00:29:33 [38;5;117m[DEBUG]: [0mThis is a debug message from thread 618-09-2026 00:29:33 [38;5;009m[ERROR]: [0mThis is a error message from thread 2118-09-2026 00:29:33 [38;5;117m[DEBUG]: [0mThis is a debug message from thread 2618-09-2026 00:29:33 [38;5;015m[INFO]: [0mThis is a info message from thread 818-09-2026 00:29:33 [38;5;015m[INFO]: [0mThis is a info message from thread 218-09-2026 00:29:33 [38;5;015m[INFO]: [0mThis is a info message from thread 2918-09-2026 00:29:33 [38;5;117m[DEBUG]: [0mThis is a debug message from thread 1518-09-2026 00:29:33 [38;5;015m[INFO]: [0mThis is a info message from thread 1418-09-2026 00:29:33 [38;5;009m[ERROR]: [0mThis is a error message from thread 1718-09-2026 00:29:33 [38;5;009m[ERROR]: [0mThis is a error message from thread 218-09-2026 00:29:33 [38;5;009m[ERROR]: [0mThis is a error message from thread 818-09-2026 00:29:33 [38;5;015m[INFO]: [0mThis is a info message from thread 1518-09-2026 00:29:33 [38;5;009m[ERROR]: [0mThis is a error message from thread 2918-09-2026 00:29:33 [38;5;117m[DEBUG]: [0mThis is a debug message from thread 2118-09-2026 00:29:33 [38;5;117m[DEBUG]: [0mThis is a debug message from thread 518-09-2026 00:29:33 [38;5;117m[DEBUG]: [0mThis is a debug message from thread 818-09-2026 00:29:33 [38;5;009m[ERROR]: [0mThis is a error message from thread 1518-09-2026 00:29:33 [38;5;117m[DEBUG]: [0mThis is a debug message from thread 2918-09-2026 00:29:33 [38;5;015m[INFO]: [0mThis is a info message from thread 818-09-2026 00:29:33 [38;5;117m[DEBUG]: [0mThis is a debug message from thread 218-09-2026 00:29:33 [38;5;015m[INFO]: [0mThis is a info message from thread 1118-09-2026 00:29:33 [38;5;117m[DEBUG]: [0mThis is a debug message from thread 1518-09-2026 00:29:33 [38;5;015m[INFO]: [0mThis is a info message from thread 2118-09-2026 00:29:33 [38;5;015m[INFO]: [0mThis is a info message from thread 318-09-2026 00:29:33 [38;5;009m[ERROR]: [0mThis is a error message from thread 818-09-2026 00:29:33 [38;5;117m[DEBUG]: [0mThis is a debug message from thread 2318-09-2026 00:29:33 [38;5;009m[ERROR]: [0mThis is a error message from thread 118-09-2026 00:29:33 [38;5;015m[INFO]: [0mThis is a info message from thread 2018-09-2026 00:29:33 [38;5;117m[DEBUG]: [0mThis is a debug message from thread 118-09-2026 00:29:33 [38;5;117m[DEBUG]: [0mThis is a debug message from thread 818-09-2026 00:29:33 [38;5;009m[ERROR]: [0mThis is a error message from thread 318-09-2026 00:29:33 [38;5;117m[DEBUG]: [0mThis is a debug message from thread 918-09-2026 00:29:33 [38;5;117m[DEBUG]: [0mThis is a debug message from thread 1718-09-2026 00:29:33 [38;5;117m[DEBUG]: [0mThis is a debug message from thread 2218-09-2026 00:29:33 [38;5;117m[DEBUG]: [0mThis is a debug message from thread 2818-09-2026 00:29:33 [38;5;015m[INFO]: [0mThis is a info message from thread 2618-09-2026 00:29:33 [38;5;015m[INFO]: [0mThis is a info message from thread 2318-09-2026 00:29:33 [38;5;009m[ERROR]: [0mThis is a error message from thread 718-09-2026 00:29:33 [38;5;009m[ERROR]: [0mThis is a error message from thread 2418-09-2026 00:29:33 [38;5;009m[ERROR]: [0mThis is a error message from thread 1818-09-2026 00:29:33 [38;5;117m[DEBUG]: [0mThis is a debug message from thread 2418-09-2026 00:29:33 [38;5;009m[ERROR]: [0mThis is a error message from thread 2318-09-2026 00:29:33 [38;5;015m[INFO]: [0mThis is a info message from thread 818-09-2026 00:29:33 [38;5;117m[DEBUG]: [0mThis is a debug message from thread 2318-09-2026 00:29:33 [38;5;015m[INFO]: [0mThis is a info message from thread 2218-09-2026 00:29:33 [38;5;015m[INFO]: [0mThis is a info message from thread 2318-09-2026 00:29:33 [38;5;015m[INFO]: [0mThis is a info message from thread 2818-09-2026 00:29:33 [38;5;009m[ERROR]: [0mThis is a error message from thread 2318-09-2026 00:29:33 [38;5;009m[ERROR]: [0mThis is a error message from thread 2818-09-2026 00:29:33 [38;5;117m[DEBUG]: [0mThis is a debug message from thread 1818-09-2026 00:29:33 [38;5;015m[INFO]: [0mThis is a info message from thread 218-09-2026 00:29:33 [38;5;015m[INFO]: [0mThis is a info message from thread 618-09-2026 00:29:33 [38;5;117m[DEBUG]: [0mThis is a debug message from thread 2318-09-2026 00:29:33 [38;5;009m[ERROR]: [0mThis is a error message from thread 218-09-2026 00:29:33 [38;5;117m[DEBUG]: [0mThis is a debug message from thread 2818-09-2026 00:29:33 [38;5;117m[DEBUG]: [0mThis is a debug message from thread 718-09-2026 00:29:33 [38;5;009m[ERROR]: [0mThis is a error message from thread 1018-09-2026 00:29:33 [38;5;009m[ERROR]: [0mThis is a error message from thread 418-09-2026 00:29:33 [38;5;009m[ERROR]: [0mThis is a error message from thread 1418-09-2026 00:29:33 [38;5;015m[INFO]: [0mThis is a info message from thread 518-09-2026 00:29:33 [38;5;117m[DEBUG]: [0mThis is a debug message from thread 218-09-2026 00:29:33 [38;5;117m[DEBUG]: [0mThis is a debug message from thread 1218-09-2026 00:29:33 [38;5;015m[INFO]: [0mThis is a info message from thread 1618-09-2026 00:29:33 [38;5;015m[INFO]: [0mThis is a info message from thread 718-09-2026 00:29:33 [38;5;015m[INFO]: [0mThis is a info message from thread 018-09-2026 00:29:33 [38;5;015m[INFO]: [0mThis is a info message from thread 1718-09-2026 00:29:33 [38;5;117m[DEBUG]: [0mThis is a debug message from thread 1418-09-2026 00:29:33 [38;5;117m[DEBUG]: [0mThis is a debug message from thread 1018-09-2026 00:29:33 [38;5;015m[INFO]: [0mThis is a info message from thread 918-09-2026 00:29:33 [38;5;009m[ERROR]: [0mThis is a error message from thread 2218-09-2026 00:29:33 [38;5;015m[INFO]: [0mThis is a info message from thread 2318-09-2026 00:29:33 [38;5;117m[DEBUG]: [0mThis is a debug message from thread 2518-09-2026 00:29:33 [38;5;009m[ERROR]: [0mThis is a error message from thread 2018-09-2026 00:29:33 [38;5;015m[INFO]: [0mThis is a info message from thread 2918-09-2026 00:29:33 [38;5;117m[DEBUG]: [0mThis is a debug message from thread 318-09-2026 00:29:33 [38;5;009m[ERROR]: [0mThis is a error message from thread 918-09-2026 00:29:33 [38;5;015m[INFO]: [0mThis is a info message from thread 1418-09-2026 00:29:33 [38;5;015m[INFO]: [0mThis is a info message from thread 1318-09-2026 00:29:33 [38;5;009m[ERROR]: [0mThis is a error message from thread 718-09-2026 00:29:33 [38;5;015m[INFO]: [0mThis is a info message from thread 2518-09-2026 00:29:33 [38;5;009m[ERROR]: [0mThis is a error message from thread 618-09-2026 00:29:33 [38;5;015m[INFO]: [0mThis is a info message from thread 318-09-2026 00:29:33 [38;5;009m[ERROR]: [0mThis is a error message from thread 518-09-2026 00:29:33 [38;5;009m[ERROR]: [0mThis is a error message from thread 2318-09-2026 00:29:33 [38;5;015m[INFO]: [0mThis is a info message from thread 2818-09-2026 00:29:33 [38;5;117m[DEBUG]: [0mThis is a debug message from thread 918-09-2026 00:29:33 [38;5;009m[ERROR]: [0mThis is a error message from thread 318-09-2026 00:29:33 [38;5;117m[DEBUG]: [0mThis is a debug message from thread 2018-09-2026 00:29:33 [38;5;015m[INFO]: [0mThis is a info message from thread 918-09-2026 00:29:33 [38;5;117m[DEBUG]: [0mThis is a debug message from thread 718-09-2026 00:29:33 [38;5;117m[DEBUG]: [0mThis is a debug message from thread 618-09-2026 00:29:33 [38;5;015m[INFO]: [0mThis is a info message from thread 718-09-2026 00:29:33 [38;5;009m[ERROR]: [0mThis is a error message from thread 2618-09-2026 00:29:33 [38;5;117m[DEBUG]: [0mThis is a debug message from thread 318-09-2026 00:29:33 [38;5;009m[ERROR]: [0mThis is a error message from thread 1318-09-2026 00:29:33 [38;5;015m[INFO]: [0mThis is a info message from thread 1818-09-2026 00:29:33 [38;5;117m[DEBUG]: [0mThis is a debug message from thread 1318-09-2026 00:29:33 [38;5;015m[INFO]: [0mThis is a info message from thread 118-09-2026 00:29:33 [38;5;009m[ERROR]: [0mThis is a error message from thread 1118-09-2026 00:29:33 [38;5;015m[INFO]: [0mThis is a info message from thread 2018-09-2026 00:29:33 [38;5;009m[ERROR]: [0mThis is a error message from thread 1818-09-2026 00:29:33 [38;5;009m[ERROR]: [0mThis is a error message from thread 718-09-2026 00:29:33 [38;5;117m[DEBUG]: [0mThis is a debug message from thread 1118-09-2026 00:29:33 [38;5;015m[INFO]: [0mThis is a info message from thread 1318-09-2026 00:29:33 [38;5;009m[ERROR]: [0mThis is a error message from thread 918-09-2026 00:29:33 [38;5;117m[DEBUG]: [0mThis is a debug message from thread 718-09-2026 00:29:33 [38;5;009m[ERROR]: [0mThis is a error message from thread 1318-09-2026 00:29:33 [38;5;009m[ERROR]: [0mThis is a error message from thread 2018-09-2026 00:29:33 [38;5;009m[ERROR]: [0mThis is a error message from thread 018-09-2026 00:29:33 [38;5;117m[DEBUG]: [0mThis is a debug message from thread 918-09-2026 00:29:33 [38;5;015m[INFO]: [0mThis is a info message from thread 218-09-2026 00:29:33 [38;5;117m[DEBUG]: [0mThis is a debug message from thread 2318-09-2026 00:29:33 [38;5;117m[DEBUG]: [0mThis is a debug message from thread 1318-09-2026 00:29:33 [38;5;009m[ERROR]: [0mThis is a error message from thread 2118-09-2026 00:29:33 [38;5;009m[ERROR]: [0mThis is a error message from thread 1718-09-2026 00:29:33 [38;5;009m[ERROR]: [0mThis is a error message from thread 1418-09-2026 00:29:33 [38;5;009m[ERROR]: [0mThis is a error message from thread 118-09-2026 00:29:33 [38;5;117m[DEBUG]: [0mThis is a debug message from thread 1818-09-2026 00:29:33 [38;5;015m[INFO]: [0mThis is a info message from thread 2718-09-2026 00:29:33 [38;5;009m[ERROR]: [0mThis is a error message from thread 2518-09-2026 00:29:33 [38;5;117m[DEBUG]: [0mThis is a debug message from thread 518-09-2026 00:29:33 [38;5;117m[DEBUG]: [0mThis is a debug message from thread 418-09-2026 00:29:33 [38;5;009m[ERROR]: [0mThis is a error message from thread 1918-09-2026 00:29:33 [38;5;015m[INFO]: [0mThis is a info message from thread 418-09-2026 00:29:33 [38;5;117m[DEBUG]: [0mThis is a debug message from thread 1718-09-2026 00:29:33 [38;5;009m[ERROR]: [0mThis is a error message from thread 2718-09-2026 00:29:33 [38;5;015m[INFO]: [0mThis is a info message from thread 618-09-2026 00:29:33 [38;5;117m[DEBUG]: [0mThis is a debug message from thread 2018-09-2026 00:29:33 [38;5;015m[INFO]: [0mThis is a info message from thread 1818-09-2026 00:29:33 [38;5;015m[INFO]: [0mThis is a info message from thread 2318-09-2026 00:29:33 [38;5;015m[INFO]: [0mThis is a info message from thread 2018-09-2026 00:29:33 [38;5;117m[DEBUG]: [0mThis is a debug message from thread 2718-09-2026 00:29:33 [38;5;009m[ERROR]: [0mThis is a error message from thread 618-09-2026 00:29:33 [38;5;117m[DEBUG]: [0mThis is a debug message from thread 2118-09-2026 00:29:33 [38;5;117m[DEBUG]: [0mThis is a debug message from thread 2518-09-2026 00:29:33 [38;5;009m[ERROR]: [0mThis is a error message from thread 2018-09-2026 00:29:33 [38;5;015m[INFO]: [0mThis is a info message from thread 1718-09-2026 00:29:33 [38;5;117m[DEBUG]: [0mThis is a debug message from thread 2218-09-2026 00:29:33 [38;5;009m[ERROR]: [0mThis is a error message from thread 418-09-2026 00:29:33 [38;5;015m[INFO]: [0mThis is a info message from thread 2218-09-2026 00:29:33 [38;5;015m[INFO]: [0mThis is a info message from thread 2718-09-2026 00:29:33 [38;5;015m[INFO]: [0mThis is a info message from thread 2118-09-2026 00:29:33 [38;5;009m[ERROR]: [0mThis is a error message from thread 2818-09-2026 00:29:33 [38;5;117m[DEBUG]: [0mThis is a debug message from thread 2018-09-2026 00:29:33 [38;5;015m[INFO]: [0mThis is a info message from thread 2018-09-2026 00:29:33 [38;5;009m[ERROR]: [0mThis is a error message from thread 1718-09-2026 00:29:33 [38;5;117m[DEBUG]: [0mThis is a debug message from thread 1718-09-2026 00:29:33 [38;5;117m[DEBUG]: [0mThis is a debug message from thread 2818-09-2026 00:29:33 [38;5;015m[INFO]: [0mThis is a info message from thread 2818-09-2026 00:29:33 [38;5;015m[INFO]: [0mThis is a info message from thread 1718-09-2026 00:29:33 [38;5;009m[ERROR]: [0mThis is a error message from thread 2118-09-2026 00:29:33 [38;5;015m[INFO]: [0mThis is a info message from thread 2418-09-2026 00:29:33 [38;5;009m[ERROR]: [0mThis is a error message from thread 2918-09-2026 00:29:33 [38;5;117m[DEBUG]: [0mThis is a debug message from thread 1418-09-2026 00:29:33 [38;5;015m[INFO]: [0mThis is a info message from thread 918-09-2026 00:29:33 [38;5;117m[DEBUG]: [0mThis is a debug message from thread 2918-09-2026 00:29:33 [38;5;009m[ERROR]: [0mThis is a error message from thread 2218-09-2026 00:29:33 [38;5;015m[INFO]: [0mThis is a info message from thread 1318-09-2026 00:29:33 [38;5;015m[INFO]: [0mThis is a info message from thread 1218-09-2026 00:29:33 [38;5;009m[ERROR]: [0mThis is a error message from thread 918-09-2026 00:29:33 [38;5;117m[DEBUG]: [0mThis is a debug message from thread 2218-09-2026 00:29:33 [38;5;015m[INFO]: [0mThis is a info message from thread 518-09-2026 00:29:33 [38;5;117m[DEBUG]: [0mThis is a debug message from thread 2118-09-2026 00:29:33 [38;5;117m[DEBUG]: [0mThis is a debug message from thread 418-09-2026 00:29:33 [38;5;015m[INFO]: [0mThis is a info message from thread 2118-09-2026 00:29:33 [38;5;015m[INFO]: [0mThis is a info message from thread 418-09-2026 00:29:33 [38;5;009m[ERROR]: [0mThis is a error message from thread 2418-09-2026 00:29:33 [38;5;015m[INFO]: [0mThis is a info message from thread 1518-09-2026 00:29:33 [38;5;015m[INFO]: [0mThis is a info message from thread 2518-09-2026 00:29:33 [38;5;117m[DEBUG]: [0mThis is a debug message from thread 2418-09-2026 00:29:33 [38;5;009m[ERROR]: [0mThis is a error message from thread 1618-09-2026 00:29:33 [38;5;117m[DEBUG]: [0mThis is a debug message from thread 1918-09-2026 00:29:33 [38;5;009m[ERROR]: [0mThis is a error message from thread 2518-09-2026 00:29:33 [38;5;009m[ERROR]: [0mThis is a error message from thread 2018-09-2026 00:29:33 [38;5;015m[INFO]: [0mThis is a info message from thread 1118-09-2026 00:29:33 [38;5;117m[DEBUG]: [0mThis is a debug message from thread 2518-09-2026 00:29:33 [38;5;009m[ERROR]: [0mThis is a error message from thread 1818-09-2026 00:29:33 [38;5;117m[DEBUG]: [0mThis is a debug message from thread 2018-09-2026 00:29:33 [38;5;009m[ERROR]: [0mThis is a error message from thread 1118-09-2026 00:29:33 [38;5;009m[ERROR]: [0mThis is a error message from thread 518-09-2026 00:29:33 [38;5;015m[INFO]: [0mThis is a info message from thread 2518-09-2026 00:29:33 [38;5;117m[DEBUG]: [0mThis is a debug message from thread 1118-09-2026 00:29:33 [38;5;117m[DEBUG]: [0mThis is a debug message from thread 1818-09-2026 00:29:33 [38;5;015m[INFO]: [0mThis is a info message from thread 2018-09-2026 00:29:33 [38;5;015m[INFO]: [0mThis is a info message from thread 2918-09-2026 00:29:33 [38;5;117m[DEBUG]: [0mThis is a debug message from thread 1618-09-2026 00:29:33 [38;5;015m[INFO]: [0mThis is a info message from thread 1918-09-2026 00:29:33 [38;5;015m[INFO]: [0mThis is a info message from thread 1118-09-2026 00:29:33 [38;5;015m[INFO]: [0mThis is a info message from thread 1018-09-2026 00:29:33 [38;5;117m[DEBUG]: [0mThis is a debug message from thread 518-09-2026 00:29:33 [38;5;009m[ERROR]: [0mThis is a error message from thread 818-09-2026 00:29:33 [38;5;009m[ERROR]: [0mThis is a error message from thread 1918-09-2026 00:29:33 [38;5;009m[ERROR]: [0mThis is a error message from thread 1118-09-2026 00:29:33 [38;5;009m[ERROR]: [0mThis is a error message from thread 2518-09-2026 00:29:33 [38;5;117m[DEBUG]: [0mThis is a debug message from thread 1118-09-2026 00:29:33 [38;5;009m[ERROR]: [0mThis is a error message from thread 218-09-2026 00:29:33 [38;5;117m[DEBUG]: [0mThis is a debug message from thread 2518-09-2026 00:29:33 [38;5;117m[DEBUG]: [0mThis is a debug message from thread 218-09-2026 00:29:33 [38;5;009m[ERROR]: [0mThis is a error message from thread 2818-09-2026 00:29:33 [38;5;009m[ERROR]: [0mThis is a error message from thread 1318-09-2026 00:29:33 [38;5;015m[INFO]: [0mThis is a info message from thread 1118-09-2026 00:29:33 [38;5;009m[ERROR]: [0mThis is a error message from thread 1018-09-2026 00:29:33 [38;5;117m[DEBUG]: [0mThis is a debug message from thread 1318-09-2026 00:29:33 [38;5;015m[INFO]: [0mThis is a info message from thread 318-09-2026 00:29:33 [38;5;015m[INFO]: [0mThis is a info message from thread 2418-09-2026 00:29:33 [38;5;009m[ERROR]: [0mThis is a error message from thread 318-09-2026 00:29:33 [38;5;015m[INFO]: [0mThis is a info message from thread 1418-09-2026 00:29:33 [38;5;009m[ERROR]: [0mThis is a error message from thread 1118-09-2026 00:29:33 [38;5;009m[ERROR]: [0mThis is a error message from thread 2318-09-2026 00:29:33 [38;5;117m[DEBUG]: [0mThis is a debug message from thread 1118-09-2026 00:29:33 [38;5;117m[DEBUG]: [0mThis is a debug message from thread 1018-09-2026 00:29:33 [38;5;117m[DEBUG]: [0mThis is a debug message from thread 118-09-2026 00:29:33 [38;5;117m[DEBUG]: [0mThis is a debug message from thread 018-09-2026 00:29:33 [38;5;015m[INFO]: [0mThis is a info message from thread 1318-09-2026 00:29:33 [38;5;117m[DEBUG]: [0mThis is a debug message from thread 2318-09-2026 00:29:33 [38;5;015m[INFO]: [0mThis is a info message from thread 2218-09-2026 00:29:33 [38;5;009m[ERROR]: [0mThis is a error message from thread 1218-09-2026 00:29:33 [38;5;009m[ERROR]: [0mThis is a error message from thread 2718-09-2026 00:29:33 [38;5;009m[ERROR]: [0mThis is a error message from thread 2418-09-2026 00:29:33 [38;5;009m[ERROR]: [0mThis is a error message from thread 2118-09-2026 00:29:33 [38;5;015m[INFO]: [0mThis is a info message from thread 1818-09-2026 00:29:33 [38;5;015m[INFO]: [0mThis is a info message from thread 218-09-2026 00:29:33 [38;5;117m[DEBUG]: [0mThis is a debug message from thread 918-09-2026 00:29:33 [38;5;009m[ERROR]: [0mThis is a error message from thread 1518-09-2026 00:29:33 [38;5;117m[DEBUG]: [0mThis is a debug message from thread 818-09-2026 00:29:33 [38;5;117m[DEBUG]: [0mThis is a debug message from thread 2118-09-2026 00:29:33 [38;5;015m[INFO]: [0mThis is a info message from thread 118-09-2026 00:29:33 [38;5;117m[DEBUG]: [0mThis is a debug message from thread 2618-09-2026 00:29:33 [38;5;117m[DEBUG]: [0mThis is a debug message from thread 618-09-2026 00:29:33 [38;5;009m[ERROR]: [0mThis is a error message from thread 1318-09-2026 00:29:33 [38;5;117m[DEBUG]: [0mThis is a debug message from thread 1218-09-2026 00:29:33 [38;5;009m[ERROR]: [0mThis is a error message from thread 2218-09-2026 00:29:33 [38;5;015m[INFO]: [0mThis is a info message from thread 1218-09-2026 00:29:33 [38;5;015m[INFO]: [0mThis is a info message from thread 818-09-2026 00:29:33 [38;5;009m[ERROR]: [0mThis is a error message from thread 118-09-2026 00:29:33 [38;5;117m[DEBUG]: [0mThis is a debug message from thread 118-09-2026 00:29:33 [38;5;015m[INFO]: [0mThis is a info message from thread 2618-09-2026 00:29:33 [38;5;009m[ERROR]: [0mThis is a error message from thread 1218-09-2026 00:29:33 [38;5;009m[ERROR]: [0mThis is a error message from thread 2918-09-2026 00:29:33 [38;5;117m[DEBUG]: [0mThis is a debug message from thread 2418-09-2026 00:29:33 [38;5;015m[INFO]: [0mThis is a info message from thread 618-09-2026 00:29:33 [38;5;009m[ERROR]: [0mThis is a error message from thread 818-09-2026 00:29:33 [38;5;117m[DEBUG]: [0mThis is a debug message from thread 1218-09-2026 00:29:33 [38;5;117m[DEBUG]: [0mThis is a debug message from thread 2218-09-2026 00:29:33 [38;5;015m[INFO]: [0mThis is a info message from thread 2518-09-2026 00:29:33 [38;5;117m[DEBUG]: [0mThis is a debug message from thread 1918-09-2026 00:29:33 [38;5;009m[ERROR]: [0mThis is a error message from thread 618-09-2026 00:29:33 [38;5;015m[INFO]: [0mThis is a info message from thread 1218-09-2026 00:29:33 [38;5;117m[DEBUG]: [0mThis is a debug message from thread 818-09-2026 00:29:33 [38;5;117m[DEBUG]: [0mThis is a debug message from thread 318-09-2026 00:29:33 [38;5;015m[INFO]: [0mThis is a info message from thread 2318-09-2026 00:29:33 [38;5;009m[ERROR]: [0mThis is a error message from thread 1418-09-2026 00:29:33 [38;5;015m[INFO]: [0mThis is a info message from thread 2218-09-2026 00:29:33 [38;5;117m[DEBUG]: [0mThis is a debug message from thread 1318-09-2026 00:29:33 [38;5;009m[ERROR]: [0mThis is a error message from thread 218-09-2026 00:29:33 [38;5;015m[INFO]: [0mThis is a info message from thread 1118-09-2026 00:29:33 [38;5;015m[INFO]: [0mThis is a info message from thread 018-09-2026 00:29:33 [38;5;117m[DEBUG]: [0mThis is a debug message from thread 1418-09-2026 00:29:33 [38;5;117m[DEBUG]: [0mThis is a debug message from thread 218-09-2026 00:29:33 [38;5;015m[INFO]: [0mThis is a info message from thread 2418-09-2026 00:29:33 [38;5;009m[ERROR]: [0mThis is a error message from thread 1218-09-2026 00:29:33 [38;5;015m[INFO]: [0mThis is a info message from thread 318-09-2026 00:29:33 [38;5;015m[INFO]: [0mThis is a info message from thread 1018-09-2026 00:29:33 [38;5;009m[ERROR]: [0mThis is a error message from thread 418-09-2026 00:29:33 [38;5;009m[ERROR]: [0mThis is a error message from thread 2018-09-2026 00:29:33 [38;5;009m[ERROR]: [0mThis is a error message from thread 1718-09-2026 00:29:33 [38;5;015m[INFO]: [0mThis is a info message from thread 718-09-2026 00:29:33 [38;5;117m[DEBUG]: [0mThis is a debug message from thread 2718-09-2026 00:29:33 [38;5;009m[ERROR]: [0mThis is a error message from thread 2618-09-2026 00:29:33 [38;5;015m[INFO]: [0mThis is a info message from thread 918-09-2026 00:29:33 [38;5;009m[ERROR]: [0mThis is a error message from thread 718-09-2026 00:29:33 [38;5;117m[DEBUG]: [0mThis is a debug message from thread 2018-09-2026 00:29:33 [38;5;015m[INFO]: [0mThis is a info message from thread 1318-09-2026 00:29:33 [38;5;015m[INFO]: [0mThis is a info message from thread 118-09-2026 00:29:33 [38;5;015m[INFO]: [0mThis is a info message from thread 2718-09-2026 00:29:33 [38;5;009m[ERROR]: [0mThis is a error message from thread 2318-09-2026 00:29:33 [38;5;117m[DEBUG]: [0mThis is a debug message from thread 2918-09-2026 00:29:33 [38;5;015m[INFO]: [0mThis is a info message from thread 2018-09-2026 00:29:33 [38;5;009m[ERROR]: [0mThis is a error message from thread 2718-09-2026 00:29:33 [38;5;009m[ERROR]: [0mThis is a error message from thread 2418-09-2026 00:29:33 [38;5;015m[INFO]: [0mThis is a info message from thread 1418-09-2026 00:29:33 [38;5;009m[ERROR]: [0mThis is a error message from thread 118-09-2026 00:29:33 [38;5;009m[ERROR]: [0mThis is a error message from thread 1318-09-2026 00:29:33 [38;5;015m[INFO]: [0mThis is a info message from thread 518-09-2026 00:29:33 [38;5;117m[DEBUG]: [0mThis is a debug message from thread 2718-09-2026 00:29:33 [38;5;009m[ERROR]: [0mThis is a error message from thread 518-09-2026 00:29:33 [38;5;117m[DEBUG]: [0mThis is a debug message from thread 118-09-2026 00:29:33 [38;5;015m[INFO]: [0mThis is a info message from thread 1918-09-2026 00:29:33 [38;5;015m[INFO]: [0mThis is a info message from thread 118-09-2026 00:29:33 [38;5;117m[DEBUG]: [0mThis is a debug message from thread 718-09-2026 00:29:33 [38;5;117m[DEBUG]: [0mThis is a debug message from thread 518-09-2026 00:29:33 [38;5;015m[INFO]: [0mThis is a info message from thread 2718-09-2026 00:29:33 [38;5;117m[DEBUG]: [0mThis is a debug message from thread 1318-09-2026 00:29:33 [38;5;009m[ERROR]: [0mThis is a error message from thread 118-09-2026 00:29:33 [38;5;117m[DEBUG]: [0mThis is a debug message from thread 618-09-2026 00:29:33 [38;5;117m[DEBUG]: [0mThis is a debug message from thread 118-09-2026 00:29:33 [38;5;117m[DEBUG]: [0mThis is a debug message from thread 2418-09-2026 00:29:33 [38;5;015m[INFO]: [0mThis is a info message from thread 1618-09-2026 00:29:33 [38;5;117m[DEBUG]: [0mThis is a debug message from thread 1718-09-2026 00:29:33 [38;5;009m[ERROR]: [0mThis is a error message from thread 2718-09-2026 00:29:33 [38;5;009m[ERROR]: [0mThis is a error message from thread 1418-09-2026 00:29:33 [38;5;015m[INFO]: [0mThis is a info message from thread 218-09-2026 00:29:33 [38;5;015m[INFO]: [0mThis is a info message from thread 618-09-2026 00:29:33 [38;5;015m[INFO]: [0mThis is a info message from thread 818-09-2026 00:29:33 [38;5;009m[ERROR]: [0mThis is a error message from thread 818-09-2026 00:29:33 [38;5;009m[ERROR]: [0mThis is a error message from thread 918-09-2026 00:29:33 [38;5;015m[INFO]: [0mThis is a info message from thread 118-09-2026 00:29:33 [38;5;009m[ERROR]: [0mThis is a error message from thread 1618-09-2026 00:29:33 [38;5;009m[ERROR]: [0mThis is a error message from thread 118-09-2026 00:29:33 [38;5;009m[ERROR]: [0mThis is a error message from thread 618-09-2026 00:29:33 [38;5;117m[DEBUG]: [0mThis is a debug message from thread 1218-09-2026 00:29:33 [38;5;015m[INFO]: [0mThis is a info message from thread 2418-09-2026 00:29:33 [38;5;117m[DEBUG]: [0mThis is a debug message from thread 2818-09-2026 00:29:33 [38;5;009m[ERROR]: [0mThis is a error message from thread 018-09-2026 00:29:33 [38;5;009m[ERROR]: [0mThis is a error message from thread 1018-09-2026 00:29:33 [38;5;015m[INFO]: [0mThis is a info message from thread 1718-09-2026 00:29:33 [38;5;009m[ERROR]: [0mThis is a error message from thread 1118-09-2026 00:29:33 [38;5;117m[DEBUG]: [0mThis is a debug message from thread 618-09-2026 00:29:33 [38;5;117m[DEBUG]: [0mThis is a debug message from thread 918-09-2026 00:29:33 [38;5;015m[INFO]: [0mThis is a info message from thread 1218-09-2026 00:29:33 [38;5;015m[INFO]: [0mThis is a info message from thread 1318-09-2026 00:29:33 [38;5;015m[INFO]: [0mThis is a info message from thread 618-09-2026 00:29:33 [38;5;009m[ERROR]: [0mThis is a error message from thread 218-09-2026 00:29:33 [38;5;015m[INFO]: [0mThis is a info message from thread 2818-09-2026 00:29:33 [38;5;009m[ERROR]: [0mThis is a error message from thread 2418-09-2026 00:29:33 [38;5;009m[ERROR]: [0mThis is a error message from thread 1718-09-2026 00:29:33 [38;5;009m[ERROR]: [0mThis is a error message from thread 2218-09-2026 00:29:33 [38;5;009m[ERROR]: [0mThis is a error message from thread 1318-09-2026 00:29:33 [38;5;117m[DEBUG]: [0mThis is a debug message from thread 2418-09-2026 00:29:33 [38;5;117m[DEBUG]: [0mThis is a debug message from thread 1718-09-2026 00:29:33 [38;5;009m[ERROR]: [0mThis is a error message from thread 618-09-2026 00:29:33 [38;5;117m[DEBUG]: [0mThis is a debug message from thread 1118-09-2026 00:29:33 [38;5;009m[ERROR]: [0mThis is a error message from thread 2818-09-2026 00:29:33 [38;5;015m[INFO]: [0mThis is a info message from thread 1718-09-2026 00:29:33 [38;5;117m[DEBUG]: [0mThis is a debug message from thread 618-09-2026 00:29:33 [38;5;009m[ERROR]: [0mThis is a error message from thread 1218-09-2026 00:29:33 [38;5;117m[DEBUG]: [0mThis is a debug message from thread 1218-09-2026 00:29:33 [38;5;117m[DEBUG]: [0mThis is a debug message from thread 118-09-2026 00:29:33 [38;5;117m[DEBUG]: [0mThis is a debug message from thread 1318-09-2026 00:29:33 [38;5;009m[ERROR]: [0mThis is a error message from thread 1718-09-2026 00:29:33 [38;5;015m[INFO]: [0mThis is a info message from thread 618-09-2026 00:29:33 [38;5;117m[DEBUG]: [0mThis is a debug message from thread 218-09-2026 00:29:33 [38;5;117m[DEBUG]: [0mThis is a debug message from thread 1718-09-2026 00:29:33 [38;5;009m[ERROR]: [0mThis is a error message from thread 318-09-2026 00:29:33 [38;5;117m[DEBUG]: [0mThis is a debug message from thread 318-09-2026 00:29:33 [38;5;117m[DEBUG]: [0mThis is a debug message from thread 2218-09-2026 00:29:33 [38;5;015m[INFO]: [0mThis is a info message from thread 1218-09-2026 00:29:33 [38;5;015m[INFO]: [0mThis is a info message from thread 918-09-2026 00:29:33 [38;5;015m[INFO]: [0mThis is a info message from thread 1118-09-2026 00:29:33 [38;5;015m[INFO]: [0mThis is a info message from thread 1718-09-2026 00:29:33 [38;5;009m[ERROR]: [0mThis is a error message from thread 1118-09-2026 00:29:33 [38;5;015m[INFO]: [0mThis is a info message from thread 1318-09-2026 00:29:33 [38;5;117m[DEBUG]: [0mThis is a debug message from thread 1018-09-2026 00:29:33 [38;5;117m[DEBUG]: [0mThis is a debug message from thread 2618-09-2026 00:29:33 [38;5;015m[INFO]: [0mThis is a info message from thread 2618-09-2026 00:29:33 [38;5;009m[ERROR]: [0mThis is a error message from thread 1718-09-2026 00:29:33 [38;5;117m[DEBUG]: [0mThis is a debug message from thread 418-09-2026 00:29:33 [38;5;015m[INFO]: [0mThis is a info message from thread 218-09-2026 00:29:33 [38;5;015m[INFO]: [0mThis is a info message from thread 2918-09-2026 00:29:33 [38;5;015m[INFO]: [0mThis is a info message from thread 2418-09-2026 00:29:33 [38;5;117m[DEBUG]: [0mThis is a debug message from thread 1118-09-2026 00:29:33 [38;5;009m[ERROR]: [0mThis is a error message from thread 618-09-2026 00:29:33 [38;5;015m[INFO]: [0mThis is a info message from thread 2118-09-2026 00:29:33 [38;5;117m[DEBUG]: [0mThis is a debug message from thread 018-09-2026 00:29:33 [38;5;009m[ERROR]: [0mThis is a error message from thread 1218-09-2026 00:29:33 [38;5;009m[ERROR]: [0mThis is a error message from thread 2918-09-2026 00:29:33 [38;5;117m[DEBUG]: [0mThis is a debug message from thread 618-09-2026 00:29:33 [38;5;009m[ERROR]: [0mThis is a error message from thread 218-09-2026 00:29:33 [38;5;117m[DEBUG]: [0mThis is a debug message from thread 2318-09-2026 00:29:33 [38;5;009m[ERROR]: [0mThis is a error message from thread 1918-09-2026 00:29:33 [38;5;009m[ERROR]: [0mThis is a error message from thread 2518-09-2026 00:29:33 [38;5;009m[ERROR]: [0mThis is a error message from thread 2118-09-2026 00:29:33 [38;5;009m[ERROR]: [0mThis is a error message from thread 2018-09-2026 00:29:33 [38;5;015m[INFO]: [0mThis is a info message from thread 518-09-2026 00:29:33 [38;5;015m[INFO]: [0mThis is a info message from thread 618-09-2026 00:29:33 [38;5;117m[DEBUG]: [0mThis is a debug message from thread 1218-09-2026 00:29:33 [38;5;117m[DEBUG]: [0mThis is a debug message from thread 2118-09-2026 00:29:33 [38;5;009m[ERROR]: [0mThis is a error message from thread 618-09-2026 00:29:33 [38;5;117m[DEBUG]: [0mThis is a debug message from thread 1618-09-2026 00:29:33 [38;5;015m[INFO]: [0mThis is a info message from thread 1218-09-2026 00:29:33 [38;5;015m[INFO]: [0mThis is a info message from thread 1018-09-2026 00:29:33 [38;5;015m[INFO]: [0mThis is a info message from thread 1118-09-2026 00:29:33 [38;5;117m[DEBUG]: [0mThis is a debug message from thread 2518-09-2026 00:29:33 [38;5;117m[DEBUG]: [0mThis is a debug message from thread 2918-09-2026 00:29:33 [38;5;117m[DEBUG]: [0mThis is a debug message from thread 618-09-2026 00:29:33 [38;5;015m[INFO]: [0mThis is a info message from thread 1618-09-2026 00:29:33 [38;5;009m[ERROR]: [0mThis is a error message from thread 518-09-2026 00:29:33 [38;5;117m[DEBUG]: [0mThis is a debug message from thread 2018-09-2026 00:29:33 [38;5;009m[ERROR]: [0mThis is a error message from thread 918-09-2026 00:29:33 [38;5;015m[INFO]: [0mThis is a info message from thread 618-09-2026 00:29:33 [38;5;117m[DEBUG]: [0mThis is a debug message from thread 1418-09-2026 00:29:33 [38;5;015m[INFO]: [0mThis is a info message from thread 2018-09-2026 00:29:33 [38;5;117m[DEBUG]: [0mThis is a debug message from thread 818-09-2026 00:29:33 [38;5;015m[INFO]: [0mThis is a info message from thread 2918-09-2026 00:29:33 [38;5;009m[ERROR]: [0mThis is a error message from thread 2018-09-2026 00:29:33 [38;5;117m[DEBUG]: [0mThis is a debug message from thread 218-09-2026 00:29:33 [38;5;117m[DEBUG]: [0mThis is a debug message from thread 2718-09-2026 00:29:33 [38;5;009m[ERROR]: [0mThis is a error message from thread 1118-09-2026 00:29:33 [38;5;015m[INFO]: [0mThis is a info message from thread 2518-09-2026 00:29:33 [38;5;015m[INFO]: [0mThis is a info message from thread 118-09-2026 00:29:33 [38;5;117m[DEBUG]: [0mThis is a debug message from thread 518-09-2026 00:29:33 [38;5;117m[DEBUG]: [0mThis is a debug message from thread 1118-09-2026 00:29:33 [38;5;015m[INFO]: [0mThis is a info message from thread 518-09-2026 00:29:33 [38;5;117m[DEBUG]: [0mThis is a debug message from thread 2018-09-2026 00:29:33 [38;5;015m[INFO]: [0mThis is a info message from thread 1418-09-2026 00:29:33 [38;5;009m[ERROR]: [0mThis is a error message from thread 1418-09-2026 00:29:33 [38;5;015m[INFO]: [0mThis is a info message from thread 218-09-2026 00:29:33 [38;5;009m[ERROR]: [0mThis is a error message from thread 118-09-2026 00:29:33 [38;5;009m[ERROR]: [0mThis is a error message from thread 2918-09-2026 00:29:33 [38;5;117m[DEBUG]: [0mThis is a debug message from thread 1418-09-2026 00:29:33 [38;5;117m[DEBUG]: [0mThis is a debug message from thread 918-09-2026 00:29:33 [38;5;015m[INFO]: [0mThis is a info message from thread 318-09-2026 00:29:33 [38;5;009m[ERROR]: [0mThis is a error message from thread 218-09-2026 00:29:33 [38;5;015m[INFO]: [0mThis is a info message from thread 2718-09-2026 00:29:33 [38;5;015m[INFO]: [0mThis is a info message from thread 2218-09-2026 00:29:33 [38;5;015m[INFO]: [0mThis is a info message from thread 818-09-2026 00:29:33 [38;5;117m[DEBUG]: [0mThis is a debug message from thread 2918-09-2026 00:29:33 [38;5;015m[INFO]: [0mThis is a info message from thread 1418-09-2026 00:29:33 [38;5;009m[ERROR]: [0mThis is a error message from thread 1018-09-2026 00:29:33 [38;5;117m[DEBUG]: [0mThis is a debug message from thread 1718-09-2026 00:29:33 [38;5;009m[ERROR]: [0mThis is a error message from thread 2618-09-2026 00:29:33 [38;5;015m[INFO]: [0mThis is a info message from thread 018-09-2026 00:29:33 [38;5;015m[INFO]: [0mThis is a info message from thread 418-09-2026 00:29:33 [38;5;117m[DEBUG]: [0mThis is a debug message from thread 1018-09-2026 00:29:33 [38;5;009m[ERROR]: [0mThis is a error message from thread 1318-09-2026 00:29:33 [38;5;015m[INFO]: [0mThis is a info message from thread 2918-09-2026 00:29:33 [38;5;015m[INFO]: [0mThis is a info message from thread 1718-09-2026 00:29:33 [38;5;117m[DEBUG]: [0mThis is a debug message from thread 2818-09-2026 00:29:33 [38;5;009m[ERROR]: [0mThis is a error message from thread 2218-09-2026 00:29:33 [38;5;009m[ERROR]: [0mThis is a error message from thread 2418-09-2026 00:29:33 [38;5;015m[INFO]: [0mThis is a info message from thread 1018-09-2026 00:29:33 [38;5;015m[INFO]: [0mThis is a info message from thread 918-09-2026 00:29:33 [38;5;117m[DEBUG]: [0mThis is a debug message from thread 2618-09-2026 00:29:33 [38;5;117m[DEBUG]: [0mThis is a debug message from thread 1518-09-2026 00:29:33 [38;5;117m[DEBUG]: [0mThis is a debug message from thread 2418-09-2026 00:29:33 [38;5;117m[DEBUG]: [0mThis is a debug message from thread 1918-09-2026 00:29:33 [38;5;009m[ERROR]: [0mThis is a error message from thread 1618-09-2026 00:29:33 [38;5;117m[DEBUG]: [0mThis is a debug message from thread 218-09-2026 00:29:33 [38;5;015m[INFO]: [0mThis is a info message from thread 2418-09-2026 00:29:33 [38;5;009m[ERROR]: [0mThis is a error message from thread 018-09-2026 00:29:33 [38;5;009m[ERROR]: [0mThis is a error message from thread 1718-09-2026 00:29:33 [38;5;015m[INFO]: [0mThis is a info message from thread 2818-09-2026 00:29:33 [38;5;009m[ERROR]: [0mThis is a error message from thread 1018-09-2026 00:29:33 [38;5;015m[INFO]: [0mThis is a info message from thread 2618-09-2026 00:29:33 [38;5;009m[ERROR]: [0mThis is a error message from thread 2818-09-2026 00:29:33 [38;5;117m[DEBUG]: [0mThis is a debug message from thread 2218-09-2026 00:29:33 [38;5;117m[DEBUG]: [0mThis is a debug message from thread 1018-09-2026 00:29:33 [38;5;117m[DEBUG]: [0mThis is a debug message from thread 1718-09-2026 00:29:33 [38;5;117m[DEBUG]: [0mThis is a debug message from thread 1318-09-2026 00:29:33 [38;5;015m[INFO]: [0mThis is a info message from thread 2218-09-2026 00:29:33 [38;5;015m[INFO]: [0mThis is a info message from thread 2118-09-2026 00:29:33 [38;5;117m[DEBUG]: [0mThis is a debug message from thread 2818-09-2026 00:29:33 [38;5;117m[DEBUG]: [0mThis is a debug message from thread 1618-09-2026 00:29:33 [38;5;009m[ERROR]: [0mThis is a error message from thread 2418-09-2026 00:29:33 [38;5;009m[ERROR]: [0mThis is a error message from thread 2618-09-2026 00:29:33 [38;5;009m[ERROR]: [0mThis is a error message from thread 2118-09-2026 00:29:33 [38;5;009m[ERROR]: [0mThis is a error message from thread 2218-09-2026 00:29:33 [38;5;015m[INFO]: [0mThis is a info message from thread 2018-09-2026 00:29:33 [38;5;015m[INFO]: [0mThis is a info message from thread 1918-09-2026 00:29:33 [38;5;015m[INFO]: [0mThis is a info message from thread 1718-09-2026 00:29:33 [38;5;009m[ERROR]: [0mThis is a error message from thread 1818-09-2026 00:29:33 [38;5;015m[INFO]: [0mThis is a info message from thread 1618-09-2026 00:29:33 [38;5;015m[INFO]: [0mThis is a info message from thread 2318-09-2026 00:29:33 [38;5;117m[DEBUG]: [0mThis is a debug message from thread 2218-09-2026 00:29:33 [38;5;015m[INFO]: [0mThis is a info message from thread 1318-09-2026 00:29:33 [38;5;117m[DEBUG]: [0mThis is a debug message from thread 2618-09-2026 00:29:33 [38;5;015m[INFO]: [0mThis is a info message from thread 2218-09-2026 00:29:33 [38;5;009m[ERROR]: [0mThis is a error message from thread 1318-09-2026 00:29:33 [38;5;009m[ERROR]: [0mThis is a error message from thread 1918-09-2026 00:29:33 [38;5;009m[ERROR]: [0mThis is a error message from thread 2018-09-2026 00:29:33 [38;5;009m[ERROR]: [0mThis is a error message from thread 1718-09-2026 00:29:33 [38;5;117m[DEBUG]: [0mThis is a debug message from thread 018-09-2026 00:29:33 [38;5;015m[INFO]: [0mThis is a info message from thread 018-09-2026 00:29:33 [38;5;117m[DEBUG]: [0mThis is a debug message from thread 2018-09-2026 00:29:33 [38;5;009m[ERROR]: [0mThis is a error message from thread 2318-09-2026 00:29:33 [38;5;117m[DEBUG]: [0mThis is a debug message from thread 1918-09-2026 00:29:33 [38;5;015m[INFO]: [0mThis is a info message from thread 2018-09-2026 00:29:33 [38;5;117m[DEBUG]: [0mThis is a debug message from thread 1818-09-2026 00:29:33 [38;5;117m[DEBUG]: [0mThis is a debug message from thread 1718-09-2026 00:29:33 [38;5;009m[ERROR]: [0mThis is a error message from thread 2218-09-2026 00:29:33 [38;5;015m[INFO]: [0mThis is a info message from thread 2618-09-2026 00:29:33 [38;5;117m[DEBUG]: [0mThis is a debug message from thread 2318-09-2026 00:29:33 [38;5;015m[INFO]: [0mThis is a info message from thread 2318-09-2026 00:29:33 [38;5;117m[DEBUG]: [0mThis is a debug message from thread 1318-09-2026 00:29:33 [38;5;009m[ERROR]: [0mThis is a error message from thread 918-09-2026 00:29:33 [38;5;009m[ERROR]: [0mThis is a error message from thread 318-09-2026 00:29:33 [38;5;009m[ERROR]: [0mThis is a error message from thread 1418-09-2026 00:29:33 [38;5;009m[ERROR]: [0mThis is a error message from thread 2618-09-2026 00:29:33 [38;5;117m[DEBUG]: [0mThis is a debug message from thread 2418-09-2026 00:29:33 [38;5;009m[ERROR]: [0mThis is a error message from thread 1618-09-2026 00:29:33 [38;5;117m[DEBUG]: [0mThis is a debug message from thread 2218-09-2026 00:29:33 [38;5;009m[ERROR]: [0mThis is a error message from thread 2318-09-2026 00:29:33 [38;5;015m[INFO]: [0mThis is a info message from thread 1518-09-2026 00:29:33 [38;5;117m[DEBUG]: [0mThis is a debug message from thread 918-09-2026 00:29:33 [38;5;009m[ERROR]: [0mThis is a error message from thread 018-09-2026 00:29:33 [38;5;009m[ERROR]: [0mThis is a error message from thread 618-09-2026 00:29:33 [38;5;009m[ERROR]: [0mThis is a error message from thread 1518-09-2026 00:29:33 [38;5;015m[INFO]: [0mThis is a info message from thread 1918-09-2026 00:29:33 [38;5;009m[ERROR]: [0mThis is a error message from thread 1218-09-2026 00:29:33 [38;5;117m[DEBUG]: [0mThis is a debug message from thread 618-09-2026 00:29:33 [38;5;117m[DEBUG]: [0mThis is a debug message from thread 118-09-2026 00:29:33 [38;5;009m[ERROR]: [0mThis is a error message from thread 2918-09-2026 00:29:33 [38;5;015m[INFO]: [0mThis is a info message from thread 118-09-2026 00:29:33 [38;5;117m[DEBUG]: [0mThis is a debug message from thread 2618-09-2026 00:29:33 [38;5;117m[DEBUG]: [0mThis is a debug message from thread 2318-09-2026 00:29:33 [38;5;117m[DEBUG]: [0mThis is a debug message from thread 2118-09-2026 00:29:33 [38;5;009m[ERROR]: [0mThis is a error message from thread 2518-09-2026 00:29:33 [38;5;117m[DEBUG]: [0mThis is a debug message from thread 1218-09-2026 00:29:33 [38;5;015m[INFO]: [0mThis is a info message from thread 2118-09-2026 00:29:33 [38;5;015m[INFO]: [0mThis is a info message from thread 618-09-2026 00:29:33 [38;5;015m[INFO]: [0mThis is a info message from thread 2618-09-2026 00:29:33 [38;5;015m[INFO]: [0mThis is a info message from thread 1118-09-2026 00:29:33 [38;5;015m[INFO]: [0mThis is a info message from thread 2318-09-2026 00:29:33 [38;5;015m[INFO]: [0mThis is a info message from thread 718-09-2026 00:29:33 [38;5;015m[INFO]: [0mThis is a info message from thread 2818-09-2026 00:29:33 [38;5;117m[DEBUG]: [0mThis is a debug message from thread 018-09-2026 00:29:33 [38;5;015m[INFO]: [0mThis is a info message from thread 1218-09-2026 00:29:33 [38;5;009m[ERROR]: [0mThis is a error message from thread 2018-09-2026 00:29:33 [38;5;015m[INFO]: [0mThis is a info message from thread 2418-09-2026 00:29:33 [38;5;015m[INFO]: [0mThis is a info message from thread 918-09-2026 00:29:33 [38;5;009m[ERROR]: [0mThis is a error message from thread 1118-09-2026 00:29:33 [38;5;009m[ERROR]: [0mThis is a error message from thread 2318-09-2026 00:29:33 [38;5;015m[INFO]: [0mThis is a info message from thread 1818-09-2026 00:29:33 [38;5;009m[ERROR]: [0mThis is a error message from thread 1218-09-2026 00:29:33 [38;5;015m[INFO]: [0mThis is a info message from thread 1318-09-2026 00:29:33 [38;5;117m[DEBUG]: [0mThis is a debug message from thread 2018-09-2026 00:29:33 [38;5;009m[ERROR]: [0mThis is a error message from thread 2818-09-2026 00:29:33 [38;5;009m[ERROR]: [0mThis is a error message from thread 1318-09-2026 00:29:33 [38;5;117m[DEBUG]: [0mThis is a debug message from thread 1518-09-2026 00:29:33 [38;5;015m[INFO]: [0mThis is a info message from thread 2218-09-2026 00:29:33 [38;5;009m[ERROR]: [0mThis is a error message from thread 1818-09-2026 00:29:33 [38;5;117m[DEBUG]: [0mThis is a debug message from thread 2518-09-2026 00:29:33 [38;5;009m[ERROR]: [0mThis is a error message from thread 618-09-2026 00:29:33 [38;5;015m[INFO]: [0mThis is a info message from thread 2018-09-2026 00:29:33 [38;5;117m[DEBUG]: [0mThis is a debug message from thread 618-09-2026 00:29:33 [38;5;009m[ERROR]: [0mThis is a error message from thread 2418-09-2026 00:29:33 [38;5;015m[INFO]: [0mThis is a info message from thread 2518-09-2026 00:29:33 [38;5;117m[DEBUG]: [0mThis is a debug message from thread 1818-09-2026 00:29:33 [38;5;117m[DEBUG]: [0mThis is a debug message from thread 1218-09-2026 00:29:33 [38;5;009m[ERROR]: [0mThis is a error message from thread 1918-09-2026 00:29:33 [38;5;117m[DEBUG]: [0mThis is a debug message from thread 1318-09-2026 00:29:33 [38;5;009m[ERROR]: [0mThis is a error message from thread 118-09-2026 00:29:33 [38;5;009m[ERROR]: [0mThis is a error message from thread 2618-09-2026 00:29:33 [38;5;015m[INFO]: [0mThis is a info message from thread 1518-09-2026 00:29:33 [38;5;009m[ERROR]: [0mThis is a error message from thread 418-09-2026 00:29:33 [38;5;015m[INFO]: [0mThis is a info message from thread 1218-09-2026 00:29:33 [38;5;117m[DEBUG]: [0mThis is a debug message from thread 1918-09-2026 00:29:33 [38;5;117m[DEBUG]: [0mThis is a debug message from thread 1118-09-2026 00:29:33 [38;5;009m[ERROR]: [0mThis is a error message from thread 2718-09-2026 00:29:33 [38;5;009m[ERROR]: [0mThis is a error message from thread 818-09-2026 00:29:33 [38;5;117m[DEBUG]: [0mThis is a debug message from thread 318-09-2026 00:29:33 [38;5;117m[DEBUG]: [0mThis is a debug message from thread 818-09-2026 00:29:33 [38;5;009m[ERROR]: [0mThis is a error message from thread 2218-09-2026 00:29:33 [38;5;117m[DEBUG]: [0mThis is a debug message from thread 2818-09-2026 00:29:33 [38;5;117m[DEBUG]: [0mThis is a debug message from thread 2718-09-2026 00:29:33 [38;5;015m[INFO]: [0mThis is a info message from thread 318-09-2026 00:29:33 [38;5;009m[ERROR]: [0mThis is a error message from thread 1518-09-2026 00:29:33 [38;5;015m[INFO]: [0mThis is a info message from thread 818-09-2026 00:29:33 [38;5;015m[INFO]: [0mThis is a info message from thread 2718-09-2026 00:29:33 [38;5;009m[ERROR]: [0mThis is a error message from thread 318-09-2026 00:29:33 [38;5;015m[INFO]: [0mThis is a info message from thread 1918-09-2026 00:29:33 [38;5;009m[ERROR]: [0mThis is a error message from thread 818-09-2026 00:29:33 [38;5;009m[ERROR]: [0mThis is a error message from thread 2718-09-2026 00:29:33 [38;5;009m[ERROR]: [0mThis is a error message from thread 1218-09-2026 00:29:33 [38;5;117m[DEBUG]: [0mThis is a debug message from thread 1518-09-2026 00:29:33 [38;5;117m[DEBUG]: [0mThis is a debug message from thread 318-09-2026 00:29:33 [38;5;117m[DEBUG]: [0mThis is a debug message from thread 118-09-2026 00:29:33 [38;5;117m[DEBUG]: [0mThis is a debug message from thread 2218-09-2026 00:29:33 [38;5;117m[DEBUG]: [0mThis is a debug message from thread 1218-09-2026 00:29:33 [38;5;009m[ERROR]: [0mThis is a error message from thread 718-09-2026 00:29:33 [38;5;015m[INFO]: [0mThis is a info message from thread 1718-09-2026 00:29:33 [38;5;117m[DEBUG]: [0mThis is a debug message from thread 2318-09-2026 00:29:33 [38;5;015m[INFO]: [0mThis is a info message from thread 318-09-2026 00:29:33 [38;5;015m[INFO]: [0mThis is a info message from thread 1318-09-2026 00:29:33 [38;5;009m[ERROR]: [0mThis is a error message from thread 518-09-2026 00:29:33 [38;5;117m[DEBUG]: [0mThis is a debug message from thread 1618-09-2026 00:29:33 [38;5;015m[INFO]: [0mThis is a info message from thread 2218-09-2026 00:29:33 [38;5;117m[DEBUG]: [0mThis is a debug message from thread 2718-09-2026 00:29:33 [38;5;117m[DEBUG]: [0mThis is a debug message from thread 518-09-2026 00:29:33 [38;5;015m[INFO]: [0mThis is a info message from thread 018-09-2026 00:29:33 [38;5;015m[INFO]: [0mThis is a info message from thread 2818-09-2026 00:29:33 [38;5;117m[DEBUG]: [0mThis is a debug message from thread 718-09-2026 00:29:33 [38;5;015m[INFO]: [0mThis is a info message from thread 518-09-2026 00:29:33 [38;5;015m[INFO]: [0mThis is a info message from thread 2718-09-2026 00:29:33 [38;5;009m[ERROR]: [0mThis is a error message from thread 2518-09-2026 00:29:33 [38;5;009m[ERROR]: [0mThis is a error message from thread 2118-09-2026 00:29:33 [38;5;009m[ERROR]: [0mThis is a error message from thread 518-09-2026 00:29:33 [38;5;117m[DEBUG]: [0mThis is a debug message from thread 518-09-2026 00:29:33 [38;5;015m[INFO]: [0mThis is a info message from thread 1618-09-2026 00:29:33 [38;5;117m[DEBUG]: [0mThis is a debug message from thread 2118-09-2026 00:29:33 [38;5;009m[ERROR]: [0mThis is a error message from thread 018-09-2026 00:29:33 [38;5;015m[INFO]: [0mThis is a info message from thread 1118-09-2026 00:29:33 [38;5;009m[ERROR]: [0mThis is a error message from thread 1718-09-2026 00:29:33 [38;5;015m[INFO]: [0mThis is a info message from thread 218-09-2026 00:29:33 [38;5;117m[DEBUG]: [0mThis is a debug message from thread 2918-09-2026 00:29:33 [38;5;009m[ERROR]: [0mThis is a error message from thread 1918-09-2026 00:29:33 [38;5;009m[ERROR]: [0mThis is a error message from thread 2718-09-2026 00:29:33 [38;5;015m[INFO]: [0mThis is a info message from thread 1518-09-2026 00:29:33 [38;5;015m[INFO]: [0mThis is a info message from thread 2318-09-2026 00:29:33 [38;5;015m[INFO]: [0mThis is a info message from thread 118-09-2026 00:29:33 [38;5;117m[DEBUG]: [0mThis is a debug message from thread 1418-09-2026 00:29:33 [38;5;015m[INFO]: [0mThis is a info message from thread 518-09-2026 00:29:33 [38;5;015m[INFO]: [0mThis is a info message from thread 618-09-2026 00:29:33 [38;5;009m[ERROR]: [0mThis is a error message from thread 518-09-2026 00:29:33 [38;5;009m[ERROR]: [0mThis is a error message from thread 2218-09-2026 00:29:33 [38;5;015m[INFO]: [0mThis is a info message from thread 1418-09-2026 00:29:33 [38;5;117m[DEBUG]: [0mThis is a debug message from thread 2718-09-2026 00:29:33 [38;5;009m[ERROR]: [0mThis is a error message from thread 1318-09-2026 00:29:33 [38;5;117m[DEBUG]: [0mThis is a debug message from thread 2518-09-2026 00:29:33 [38;5;117m[DEBUG]: [0mThis is a debug message from thread 518-09-2026 00:29:33 [38;5;015m[INFO]: [0mThis is a info message from thread 2918-09-2026 00:29:33 [38;5;117m[DEBUG]: [0mThis is a debug message from thread 2418-09-2026 00:29:33 [38;5;015m[INFO]: [0mThis is a info message from thread 2118-09-2026 00:29:33 [38;5;009m[ERROR]: [0mThis is a error message from thread 618-09-2026 00:29:33 [38;5;009m[ERROR]: [0mThis is a error message from thread 1118-09-2026 00:29:33 [38;5;015m[INFO]: [0mThis is a info message from thread 1818-09-2026 00:29:33 [38;5;117m[DEBUG]: [0mThis is a debug message from thread 2618-09-2026 00:29:33 [38;5;117m[DEBUG]: [0mThis is a debug message from thread 1918-09-2026 00:29:33 [38;5;015m[INFO]: [0mThis is a info message from thread 2718-09-2026 00:29:33 [38;5;015m[INFO]: [0mThis is a info message from thread 1218-09-2026 00:29:33 [38;5;117m[DEBUG]: [0mThis is a debug message from thread 418-09-2026 00:29:33 [38;5;117m[DEBUG]: [0mThis is a debug message from thread 618-09-2026 00:29:33 [38;5;009m[ERROR]: [0mThis is a error message from thread 1518-09-2026 00:29:33 [38;5;009m[ERROR]: [0mThis is a error message from thread 2818-09-2026 00:29:33 [38;5;015m[INFO]: [0mThis is a info message from thread 2418-09-2026 00:29:33 [38;5;009m[ERROR]: [0mThis is a error message from thread 218-09-2026 00:29:33 [38;5;009m[ERROR]: [0mThis is a error message from thread 2118-09-2026 00:29:33 [38;5;009m[ERROR]: [0mThis is a error message from thread 2318-09-2026 00:29:33 [38;5;009m[ERROR]: [0mThis is a error message from thread 2918-09-2026 00:29:33 [38;5;117m[DEBUG]: [0mThis is a debug message from thread 2118-09-2026 00:29:33 [38;5;117m[DEBUG]: [0mThis is a debug message from thread 2318-09-2026 00:29:33 [38;5;117m[DEBUG]: [0mThis is a debug message from thread 2918-09-2026 00:29:33 [38;5;117m[DEBUG]: [0mThis is a debug message from thread 1118-09-2026 00:29:33 [38;5;009m[ERROR]: [0mThis is a error message from thread 2718-09-2026 00:29:33 [38;5;015m[INFO]: [0mThis is a info message from thread 418-09-2026 00:29:33 [38;5;015m[INFO]: [0mThis is a info message from thread 618-09-2026 00:29:33 [38;5;117m[DEBUG]: [0mThis is a debug message from thread 2718-09-2026 00:29:33 [38;5;015m[INFO]: [0mThis is a info message from thread 2618-09-2026 00:29:33 [38;5;117m[DEBUG]: [0mThis is a debug message from thread 1318-09-2026 00:29:33 [38;5;009m[ERROR]: [0mThis is a error message from thread 1818-09-2026 00:29:33 [38;5;009m[ERROR]: [0mThis is a error message from thread 1218-09-2026 00:29:33 [38;5;015m[INFO]: [0mThis is a info message from thread 2318-09-2026 00:29:33 [38;5;009m[ERROR]: [0mThis is a error message from thread 418-09-2026 00:29:33 [38;5;015m[INFO]: [0mThis is a info message from thread 1318-09-2026 00:29:33 [38;5;117m[DEBUG]: [0mThis is a debug message from thread 418-09-2026 00:29:33 [38;5;015m[INFO]: [0mThis is a info message from thread 518-09-2026 00:29:33 [38;5;009m[ERROR]: [0mThis is a error message from thread 918-09-2026 00:29:33 [38;5;117m[DEBUG]: [0mThis is a debug message from thread 018-09-2026 00:29:33 [38;5;009m[ERROR]: [0mThis is a error message from thread 618-09-2026 00:29:33 [38;5;009m[ERROR]: [0mThis is a error message from thread 2318-09-2026 00:29:33 [38;5;009m[ERROR]: [0mThis is a error message from thread 2618-09-2026 00:29:33 [38;5;117m[DEBUG]: [0mThis is a debug message from thread 818-09-2026 00:29:33 [38;5;117m[DEBUG]: [0mThis is a debug message from thread 1218-09-2026 00:29:33 [38;5;009m[ERROR]: [0mThis is a error message from thread 1318-09-2026 00:29:33 [38;5;117m[DEBUG]: [0mThis is a debug message from thread 1318-09-2026 00:29:33 [38;5;015m[INFO]: [0mThis is a info message from thread 018-09-2026 00:29:33 [38;5;117m[DEBUG]: [0mThis is a debug message from thread 2618-09-2026 00:29:33 [38;5;015m[INFO]: [0mThis is a info message from thread 2518-09-2026 00:29:33 [38;5;009m[ERROR]: [0mThis is a error message from thread 118-09-2026 00:29:33 [38;5;117m[DEBUG]: [0mThis is a debug message from thread 618-09-2026 00:29:33 [38;5;015m[INFO]: [0mThis is a info message from thread 1018-09-2026 00:29:33 [38;5;009m[ERROR]: [0mThis is a error message from thread 2418-09-2026 00:29:33 [38;5;009m[ERROR]: [0mThis is a error message from thread 1618-09-2026 00:29:33 [38;5;117m[DEBUG]: [0mThis is a debug message from thread 1818-09-2026 00:29:33 [38;5;009m[ERROR]: [0mThis is a error message from thread 1418-09-2026 00:29:33 [38;5;009m[ERROR]: [0mThis is a error message from thread 018-09-2026 00:29:33 [38;5;009m[ERROR]: [0mThis is a error message from thread 1018-09-2026 00:29:33 [38;5;009m[ERROR]: [0mThis is a error message from thread 2518-09-2026 00:29:33 [38;5;015m[INFO]: [0mThis is a info message from thread 1918-09-2026 00:29:33 [38;5;117m[DEBUG]: [0mThis is a debug message from thread 1618-09-2026 00:29:33 [38;5;117m[DEBUG]: [0mThis is a debug message from thread 1418-09-2026 00:29:33 [38;5;117m[DEBUG]: [0mThis is a debug message from thread 1518-09-2026 00:29:33 [38;5;009m[ERROR]: [0mThis is a error message from thread 1918-09-2026 00:29:33 [38;5;009m[ERROR]: [0mThis is a error message from thread 518-09-2026 00:29:33 [38;5;015m[INFO]: [0mThis is a info message from thread 2718-09-2026 00:29:33 [38;5;117m[DEBUG]: [0mThis is a debug message from thread 2518-09-2026 00:29:33 [38;5;015m[INFO]: [0mThis is a info message from thread 1218-09-2026 00:29:33 [38;5;015m[INFO]: [0mThis is a info message from thread 1418-09-2026 00:29:33 [38;5;117m[DEBUG]: [0mThis is a debug message from thread 1918-09-2026 00:29:33 [38;5;015m[INFO]: [0mThis is a info message from thread 1618-09-2026 00:29:33 [38;5;009m[ERROR]: [0mThis is a error message from thread 318-09-2026 00:29:33 [38;5;015m[INFO]: [0mThis is a info message from thread 1318-09-2026 00:29:33 [38;5;117m[DEBUG]: [0mThis is a debug message from thread 2818-09-2026 00:29:33 [38;5;009m[ERROR]: [0mThis is a error message from thread 2018-09-2026 00:29:33 [38;5;117m[DEBUG]: [0mThis is a debug message from thread 918-09-2026 00:29:33 [38;5;015m[INFO]: [0mThis is a info message from thread 418-09-2026 00:29:33 [38;5;015m[INFO]: [0mThis is a info message from thread 2518-09-2026 00:29:33 [38;5;009m[ERROR]: [0mThis is a error message from thread 1318-09-2026 00:29:33 [38;5;015m[INFO]: [0mThis is a info message from thread 2618-09-2026 00:29:33 [38;5;015m[INFO]: [0mThis is a info message from thread 818-09-2026 00:29:33 [38;5;015m[INFO]: [0mThis is a info message from thread 718-09-2026 00:29:33 [38;5;015m[INFO]: [0mThis is a info message from thread 1518-09-2026 00:29:33 [38;5;117m[DEBUG]: [0mThis is a debug message from thread 2318-09-2026 00:29:33 [38;5;117m[DEBUG]: [0mThis is a debug message from thread 518-09-2026 00:29:33 [38;5;009m[ERROR]: [0mThis is a error message from thread 2518-09-2026 00:29:33 [38;5;015m[INFO]: [0mThis is a info message from thread 618-09-2026 00:29:33 [38;5;117m[DEBUG]: [0mThis is a debug message from thread 2018-09-2026 00:29:33 [38;5;117m[DEBUG]: [0mThis is a debug message from thread 218-09-2026 00:29:33 [38;5;117m[DEBUG]: [0mThis is a debug message from thread 118-09-2026 00:29:33 [38;5;015m[INFO]: [0mThis is a info message from thread 2818-09-2026 00:29:33 [38;5;009m[ERROR]: [0mThis is a error message from thread 718-09-2026 00:29:33 [38;5;009m[ERROR]: [0mThis is a error message from thread 1218-09-2026 00:29:33 [38;5;009m[ERROR]: [0mThis is a error message from thread 2718-09-2026 00:29:33 [38;5;009m[ERROR]: [0mThis is a error message from thread 1418-09-2026 00:29:33 [38;5;117m[DEBUG]: [0mThis is a debug message from thread 2218-09-2026 00:29:33 [38;5;117m[DEBUG]: [0mThis is a debug message from thread 2418-09-2026 00:29:33 [38;5;117m[DEBUG]: [0mThis is a debug message from thread 2518-09-2026 00:29:33 [38;5;015m[INFO]: [0mThis is a info message from thread 2418-09-2026 00:29:33 [38;5;117m[DEBUG]: [0mThis is a debug message from thread 018-09-2026 00:29:33 [38;5;015m[INFO]: [0mThis is a info message from thread 218-09-2026 00:29:33 [38;5;117m[DEBUG]: [0mThis is a debug message from thread 1018-09-2026 00:29:33 [38;5;015m[INFO]: [0mThis is a info message from thread 1818-09-2026 00:29:33 [38;5;009m[ERROR]: [0mThis is a error message from thread 618-09-2026 00:29:33 [38;5;015m[INFO]: [0mThis is a info message from thread 018-09-2026 00:29:33 [38;5;117m[DEBUG]: [0mThis is a debug message from thread 1318-09-2026 00:29:33 [38;5;015m[INFO]: [0mThis is a info message from thread 918-09-2026 00:29:33 [38;5;015m[INFO]: [0mThis is a info message from thread 1118-09-2026 00:29:33 [38;5;009m[ERROR]: [0mThis is a error message from thread 818-09-2026 00:29:33 [38;5;015m[INFO]: [0mThis is a info message from thread 2518-09-2026 00:29:33 [38;5;117m[DEBUG]: [0mThis is a debug message from thread 618-09-2026 00:29:33 [38;5;015m[INFO]: [0mThis is a info message from thread 1318-09-2026 00:29:33 [38;5;009m[ERROR]: [0mThis is a error message from thread 2618-09-2026 00:29:33 [38;5;009m[ERROR]: [0mThis is a error message from thread 918-09-2026 00:29:33 [38;5;009m[ERROR]: [0mThis is a error message from thread 418-09-2026 00:29:33 [38;5;117m[DEBUG]: [0mThis is a debug message from thread 718-09-2026 00:29:33 [38;5;009m[ERROR]: [0mThis is a error message from thread 1518-09-2026 00:29:33 [38;5;009m[ERROR]: [0mThis is a error message from thread 018-09-2026 00:29:33 [38;5;117m[DEBUG]: [0mThis is a debug message from thread 418-09-2026 00:29:33 [38;5;117m[DEBUG]: [0mThis is a debug message from thread 318-09-2026 00:29:33 [38;5;015m[INFO]: [0mThis is a info message from thread 2318-09-2026 00:29:33 [38;5;117m[DEBUG]: [0mThis is a debug message from thread 2718-09-2026 00:29:33 [38;5;015m[INFO]: [0mThis is a info message from thread 2018-09-2026 00:29:33 [38;5;015m[INFO]: [0mThis is a info message from thread 418-09-2026 00:29:33 [38;5;015m[INFO]: [0mThis is a info message from thread 518-09-2026 00:29:33 [38;5;015m[INFO]: [0mThis is a info message from thread 318-09-2026 00:29:33 [38;5;015m[INFO]: [0mThis is a info message from thread 2118-09-2026 00:29:33 [38;5;009m[ERROR]: [0mThis is a error message from thread 518-09-2026 00:29:33 [38;5;117m[DEBUG]: [0mThis is a debug message from thread 1718-09-2026 00:29:33 [38;5;015m[INFO]: [0mThis is a info message from thread 118-09-2026 00:29:33 [38;5;117m[DEBUG]: [0mThis is a debug message from thread 1518-09-2026 00:29:33 [38;5;117m[DEBUG]: [0mThis is a debug message from thread 1418-09-2026 00:29:33 [38;5;009m[ERROR]: [0mThis is a error message from thread 2318-09-2026 00:29:33 [38;5;009m[ERROR]: [0mThis is a error message from thread 2418-09-2026 00:29:33 [38;5;015m[INFO]: [0mThis is a info message from thread 2718-09-2026 00:29:33 [38;5;009m[ERROR]: [0mThis is a error message from thread 2118-09-2026 00:29:33 [38;5;009m[ERROR]: [0mThis is a error message from thread 118-09-2026 00:29:33 [38;5;009m[ERROR]: [0mThis is a error message from thread 2718-09-2026 00:29:33 [38;5;015m[INFO]: [0mThis is a info message from thread 2918-09-2026 00:29:33 [38;5;009m[ERROR]: [0mThis is a error message from thread 1818-09-2026 00:29:33 [38;5;009m[ERROR]: [0mThis is a error message from thread 1318-09-2026 00:29:33 [38;5;117m[DEBUG]: [0mThis is a debug message from thread 2718-09-2026 00:29:33 [38;5;117m[DEBUG]: [0mThis is a debug message from thread 018-09-2026 00:29:33 [38;5;009m[ERROR]: [0mThis is a error message from thread 2518-09-2026 00:29:33 [38;5;015m[INFO]: [0mThis is a info message from thread 1918-09-2026 00:29:33 [38;5;015m[INFO]: [0mThis is a info message from thread 2718-09-2026 00:29:33 [38;5;009m[ERROR]: [0mThis is a error message from thread 1618-09-2026 00:29:33 [38;5;009m[ERROR]: [0mThis is a error message from thread 318-09-2026 00:29:33 [38;5;015m[INFO]: [0mThis is a info message from thread 018-09-2026 00:29:33 [38;5;117m[DEBUG]: [0mThis is a debug message from thread 1218-09-2026 00:29:33 [38;5;009m[ERROR]: [0mThis is a error message from thread 418-09-2026 00:29:33 [38;5;009m[ERROR]: [0mThis is a error message from thread 1918-09-2026 00:29:33 [38;5;117m[DEBUG]: [0mThis is a debug message from thread 2518-09-2026 00:29:33 [38;5;117m[DEBUG]: [0mThis is a debug message from thread 318-09-2026 00:29:33 [38;5;015m[INFO]: [0mThis is a info message from thread 1218-09-2026 00:29:33 [38;5;009m[ERROR]: [0mThis is a error message from thread 1118-09-2026 00:29:33 [38;5;015m[INFO]: [0mThis is a info message from thread 2518-09-2026 00:29:33 [38;5;117m[DEBUG]: [0mThis is a debug message from thread 918-09-2026 00:29:33 [38;5;009m[ERROR]: [0mThis is a error message from thread 2718-09-2026 00:29:33 [38;5;009m[ERROR]: [0mThis is a error message from thread 2818-09-2026 00:29:33 [38;5;117m[DEBUG]: [0mThis is a debug message from thread 2318-09-2026 00:29:33 [38;5;015m[INFO]: [0mThis is a info message from thread 2218-09-2026 00:29:33 [38;5;015m[INFO]: [0mThis is a info message from thread 1418-09-2026 00:29:33 [38;5;015m[INFO]: [0mThis is a info message from thread 918-09-2026 00:29:33 [38;5;009m[ERROR]: [0mThis is a error message from thread 2218-09-2026 00:29:33 [38;5;117m[DEBUG]: [0mThis is a debug message from thread 2718-09-2026 00:29:33 [38;5;117m[DEBUG]: [0mThis is a debug message from thread 118-09-2026 00:29:33 [38;5;015m[INFO]: [0mThis is a info message from thread 2318-09-2026 00:29:33 [38;5;009m[ERROR]: [0mThis is a error message from thread 1418-09-2026 00:29:33 [38;5;117m[DEBUG]: [0mThis is a debug message from thread 1818-09-2026 00:29:33 [38;5;015m[INFO]: [0mThis is a info message from thread 2718-09-2026 00:29:33 [38;5;117m[DEBUG]: [0mThis is a debug message from thread 1318-09-2026 00:29:33 [38;5;117m[DEBUG]: [0mThis is a debug message from thread 2418-09-2026 00:29:33 [38;5;015m[INFO]: [0mThis is a info message from thread 1818-09-2026 00:29:33 [38;5;009m[ERROR]: [0mThis is a error message from thread 2718-09-2026 00:29:33 [38;5;117m[DEBUG]: [0mThis is a debug message from thread 818-09-2026 00:29:33 [38;5;117m[DEBUG]: [0mThis is a debug message from thread 1618-09-2026 00:29:33 [38;5;117m[DEBUG]: [0mThis is a debug message from thread 1418-09-2026 00:29:33 [38;5;009m[ERROR]: [0mThis is a error message from thread 918-09-2026 00:29:33 [38;5;117m[DEBUG]: [0mThis is a debug message from thread 2718-09-2026 00:29:33 [38;5;015m[INFO]: [0mThis is a info message from thread 818-09-2026 00:29:33 [38;5;117m[DEBUG]: [0mThis is a debug message from thread 918-09-2026 00:29:33 [38;5;015m[INFO]: [0mThis is a info message from thread 618-09-2026 00:29:33 [38;5;015m[INFO]: [0mThis is a info message from thread 2718-09-2026 00:29:33 [38;5;015m[INFO]: [0mThis is a info message from thread 318-09-2026 00:29:33 [38;5;015m[INFO]: [0mThis is a info message from thread 918-09-2026 00:29:33 [38;5;009m[ERROR]: [0mThis is a error message from thread 2718-09-2026 00:29:33 [38;5;009m[ERROR]: [0mThis is a error message from thread 618-09-2026 00:29:33 [38;5;009m[ERROR]: [0mThis is a error message from thread 318-09-2026 00:29:33 [38;5;015m[INFO]: [0mThis is a info message from thread 1418-09-2026 00:29:33 [38;5;009m[ERROR]: [0mThis is a error message from thread 1818-09-2026 00:29:33 [38;5;117m[DEBUG]: [0mThis is a debug message from thread 2618-09-2026 00:29:33 [38;5;117m[DEBUG]: [0mThis is a debug message from thread 2718-09-2026 00:29:33 [38;5;117m[DEBUG]: [0mThis is a debug message from thread 618-09-2026 00:29:33 [38;5;009m[ERROR]: [0mThis is a error message from thread 1218-09-2026 00:29:33 [38;5;015m[INFO]: [0mThis is a info message from thread 2618-09-2026 00:29:33 [38;5;009m[ERROR]: [0mThis is a error message from thread 2018-09-2026 00:29:33 [38;5;015m[INFO]: [0mThis is a info message from thread 2718-09-2026 00:29:33 [38;5;117m[DEBUG]: [0mThis is a debug message from thread 2118-09-2026 00:29:33 [38;5;117m[DEBUG]: [0mThis is a debug message from thread 1218-09-2026 00:29:33 [38;5;009m[ERROR]: [0mThis is a error message from thread 2618-09-2026 00:29:33 [38;5;117m[DEBUG]: [0mThis is a debug message from thread 2818-09-2026 00:29:33 [38;5;009m[ERROR]: [0mThis is a error message from thread 818-09-2026 00:29:33 [38;5;015m[INFO]: [0mThis is a info message from thread 1218-09-2026 00:29:33 [38;5;117m[DEBUG]: [0mThis is a debug message from thread 2618-09-2026 00:29:33 [38;5;009m[ERROR]: [0mThis is a error message from thread 2718-09-2026 00:29:33 [38;5;117m[DEBUG]: [0mThis is a debug message from thread 1118-09-2026 00:29:33 [38;5;009m[ERROR]: [0mThis is a error message from thread 1218-09-2026 00:29:33 [38;5;015m[INFO]: [0mThis is a info message from thread 618-09-2026 00:29:33 [38;5;009m[ERROR]: [0mThis is a error message from thread 2918-09-2026 00:29:33 [38;5;009m[ERROR]: [0mThis is a error message from thread 1418-09-2026 00:29:33 [38;5;009m[ERROR]: [0mThis is a error message from thread 618-09-2026 00:29:33 [38;5;117m[DEBUG]: [0mThis is a debug message from thread 2718-09-2026 00:29:33 [38;5;117m[DEBUG]: [0mThis is a debug message from thread 618-09-2026 00:29:33 [38;5;009m[ERROR]: [0mThis is a error message from thread 218-09-2026 00:29:33 [38;5;009m[ERROR]: [0mThis is a error message from thread 2318-09-2026 00:29:33 [38;5;015m[INFO]: [0mThis is a info message from thread 1518-09-2026 00:29:33 [38;5;117m[DEBUG]: [0mThis is a debug message from thread 2318-09-2026 00:29:33 [38;5;009m[ERROR]: [0mThis is a error message from thread 1518-09-2026 00:29:33 [38;5;015m[INFO]: [0mThis is a info message from thread 2318-09-2026 00:29:33 [38;5;015m[INFO]: [0mThis is a info message from thread 118-09-2026 00:29:33 [38;5;117m[DEBUG]: [0mThis is a debug message from thread 818-09-2026 00:29:33 [38;5;015m[INFO]: [0mThis is a info message from thread 618-09-2026 00:29:33 [38;5;015m[INFO]: [0mThis is a info message from thread 1118-09-2026 00:29:33 [38;5;117m[DEBUG]: [0mThis is a debug message from thread 2918-09-2026 00:29:33 [38;5;117m[DEBUG]: [0mThis is a debug message from thread 418-09-2026 00:29:33 [38;5;117m[DEBUG]: [0mThis is a debug message from thread 1518-09-2026 00:29:33 [38;5;009m[ERROR]: [0mThis is a error message from thread 118-09-2026 00:29:33 [38;5;117m[DEBUG]: [0mThis is a debug message from thread 518-09-2026 00:29:33 [38;5;015m[INFO]: [0mThis is a info message from thread 2918-09-2026 00:29:33 [38;5;015m[INFO]: [0mThis is a info message from thread 418-09-2026 00:29:33 [38;5;117m[DEBUG]: [0mThis is a debug message from thread 1918-09-2026 00:29:33 [38;5;117m[DEBUG]: [0mThis is a debug message from thread 318-09-2026 00:29:33 [38;5;009m[ERROR]: [0mThis is a error message from thread 2918-09-2026 00:29:33 [38;5;015m[INFO]: [0mThis is a info message from thread 518-09-2026 00:29:33 [38;5;009m[ERROR]: [0mThis is a error message from thread 1118-09-2026 00:29:33 [38;5;015m[INFO]: [0mThis is a info message from thread 1918-09-2026 00:29:33 [38;5;009m[ERROR]: [0mThis is a error message from thread 918-09-2026 00:29:33 [38;5;015m[INFO]: [0mThis is a info message from thread 818-09-2026 00:29:33 [38;5;117m[DEBUG]: [0mThis is a debug message from thread 2018-09-2026 00:29:33 [38;5;015m[INFO]: [0mThis is a info message from thread 2818-09-2026 00:29:33 [38;5;117m[DEBUG]: [0mThis is a debug message from thread 918-09-2026 00:29:33 [38;5;015m[INFO]: [0mThis is a info message from thread 2718-09-2026 00:29:33 [38;5;117m[DEBUG]: [0mThis is a debug message from thread 118-09-2026 00:29:33 [38;5;009m[ERROR]: [0mThis is a error message from thread 2718-09-2026 00:29:33 [38;5;015m[INFO]: [0mThis is a info message from thread 918-09-2026 00:29:33 [38;5;009m[ERROR]: [0mThis is a error message from thread 2818-09-2026 00:29:33 [38;5;015m[INFO]: [0mThis is a info message from thread 118-09-2026 00:29:33 [38;5;009m[ERROR]: [0mThis is a error message from thread 918-09-2026 00:29:33 [38;5;015m[INFO]: [0mThis is a info message from thread 2118-09-2026 00:29:33 [38;5;015m[INFO]: [0mThis is a info message from thread 2018-09-2026 00:29:33 [38;5;117m[DEBUG]: [0mThis is a debug message from thread 1218-09-2026 00:29:33 [38;5;009m[ERROR]: [0mThis is a error message from thread 2318-09-2026 00:29:33 [38;5;117m[DEBUG]: [0mThis is a debug message from thread 1118-09-2026 00:29:33 [38;5;117m[DEBUG]: [0mThis is a debug message from thread 2918-09-2026 00:29:33 [38;5;015m[INFO]: [0mThis is a info message from thread 1618-09-2026 00:29:33 [38;5;015m[INFO]: [0mThis is a info message from thread 1018-09-2026 00:29:33 [38;5;015m[INFO]: [0mThis is a info message from thread 1218-09-2026 00:29:33 [38;5;015m[INFO]: [0mThis is a info message from thread 1718-09-2026 00:29:33 [38;5;015m[INFO]: [0mThis is a info message from thread 1518-09-2026 00:29:33 [38;5;009m[ERROR]: [0mThis is a error message from thread 018-09-2026 00:29:33 [38;5;117m[DEBUG]: [0mThis is a debug message from thread 2718-09-2026 00:29:33 [38;5;009m[ERROR]: [0mThis is a error message from thread 618-09-2026 00:29:33 [38;5;009m[ERROR]: [0mThis is a error message from thread 2118-09-2026 00:29:33 [38;5;009m[ERROR]: [0mThis is a error message from thread 2518-09-2026 00:29:33 [38;5;009m[ERROR]: [0mThis is a error message from thread 1518-09-2026 00:29:33 [38;5;015m[INFO]: [0mThis is a info message from thread 718-09-2026 00:29:33 [38;5;117m[DEBUG]: [0mThis is a debug message from thread 2118-09-2026 00:29:33 [38;5;117m[DEBUG]: [0mThis is a debug message from thread 618-09-2026 00:29:33 [38;5;009m[ERROR]: [0mThis is a error message from thread 518-09-2026 00:29:33 [38;5;117m[DEBUG]: [0mThis is a debug message from thread 518-09-2026 00:29:33 [38;5;015m[INFO]: [0mThis is a info message from thread 2618-09-2026 00:29:33 [38;5;117m[DEBUG]: [0mThis is a debug message from thread 2318-09-2026 00:29:33 [38;5;009m[ERROR]: [0mThis is a error message from thread 1018-09-2026 00:29:33 [38;5;015m[INFO]: [0mThis is a info message from thread 2418-09-2026 00:29:33 [38;5;117m[DEBUG]: [0mThis is a debug message from thread 018-09-2026 00:29:33 [38;5;117m[DEBUG]: [0mThis is a debug message from thread 1818-09-2026 00:29:33 [38;5;015m[INFO]: [0mThis is a info message from thread 1318-09-2026 00:29:33 [38;5;117m[DEBUG]: [0mThis is a debug message from thread 1018-09-2026 00:29:33 [38;5;009m[ERROR]: [0mThis is a error message from thread 718-09-2026 00:29:33 [38;5;117m[DEBUG]: [0mThis is a debug message from thread 218-09-2026 00:29:33 [38;5;117m[DEBUG]: [0mThis is a debug message from thread 2218-09-2026 00:29:33 [38;5;117m[DEBUG]: [0mThis is a debug message from thread 2818-09-2026 00:29:33 [38;5;015m[INFO]: [0mThis is a info message from thread 518-09-2026 00:29:33 [38;5;015m[INFO]: [0mThis is a info message from thread 018-09-2026 00:29:33 [38;5;009m[ERROR]: [0mThis is a error message from thread 2418-09-2026 00:29:33 [38;5;117m[DEBUG]: [0mThis is a debug message from thread 1418-09-2026 00:29:33 [38;5;009m[ERROR]: [0mThis is a error message from thread 1318-09-2026 00:29:33 [38;5;117m[DEBUG]: [0mThis is a debug message from thread 1318-09-2026 00:29:33 [38;5;009m[ERROR]: [0mThis is a error message from thread 518-09-2026 00:29:33 [38;5;015m[INFO]: [0mThis is a info message from thread 1018-09-2026 00:29:33 [38;5;015m[INFO]: [0mThis is a info message from thread 318-09-2026 00:29:33 [38;5;015m[INFO]: [0mThis is a info message from thread 2818-09-2026 00:29:33 [38;5;009m[ERROR]: [0mThis is a error message from thread 1618-09-2026 00:29:33 [38;5;015m[INFO]: [0mThis is a info message from thread 2918-09-2026 00:29:33 [38;5;009m[ERROR]: [0mThis is a error message from thread 1718-09-2026 00:29:33 [38;5;009m[ERROR]: [0mThis is a error message from thread 818-09-2026 00:29:33 [38;5;015m[INFO]: [0mThis is a info message from thread 2318-09-2026 00:29:33 [38;5;009m[ERROR]: [0mThis is a error message from thread 318-09-2026 00:29:33 [38;5;117m[DEBUG]: [0mThis is a debug message from thread 1618-09-2026 00:29:33 [38;5;015m[INFO]: [0mThis is a info message from thread 2218-09-2026 00:29:33 [38;5;015m[INFO]: [0mThis is a info message from thread 218-09-2026 00:29:33 [38;5;015m[INFO]: [0mThis is a info message from thread 2718-09-2026 00:29:33 [38;5;009m[ERROR]: [0mThis is a error message from thread 2818-09-2026 00:29:33 [38;5;009m[ERROR]: [0mThis is a error message from thread 218-09-2026 00:29:33 [38;5;015m[INFO]: [0mThis is a info message from thread 1618-09-2026 00:29:33 [38;5;009m[ERROR]: [0mThis is a error message from thread 418-09-2026 00:29:33 [38;5;015m[INFO]: [0mThis is a info message from thread 1818-09-2026 00:29:33 [38;5;009m[ERROR]: [0mThis is a error message from thread 1918-09-2026 00:29:33 [38;5;015m[INFO]: [0mThis is a info message from thread 618-09-2026 00:29:33 [38;5;117m[DEBUG]: [0mThis is a debug message from thread 318-09-2026 00:29:33 [38;5;117m[DEBUG]: [0mThis is a debug message from thread 818-09-2026 00:29:33 [38;5;117m[DEBUG]: [0mThis is a debug message from thread 2818-09-2026 00:29:33 [38;5;117m[DEBUG]: [0mThis is a debug message from thread 218-09-2026 00:29:33 [38;5;117m[DEBUG]: [0mThis is a debug message from thread 418-09-2026 00:29:33 [38;5;009m[ERROR]: [0mThis is a error message from thread 1218-09-2026 00:29:33 [38;5;009m[ERROR]: [0mThis is a error message from thread 1618-09-2026 00:29:33 [38;5;015m[INFO]: [0mThis is a info message from thread 2818-09-2026 00:29:33 [38;5;117m[DEBUG]: [0mThis is a debug message from thread 1918-09-2026 00:29:33 [38;5;009m[ERROR]: [0mThis is a error message from thread 2318-09-2026 00:29:33 [38;5;009m[ERROR]: [0mThis is a error message from thread 118-09-2026 00:29:33 [38;5;009m[ERROR]: [0mThis is a error message from thread 2718-09-2026 00:29:33 [38;5;015m[INFO]: [0mThis is a info message from thread 318-09-2026 00:29:33 [38;5;117m[DEBUG]: [0mThis is a debug message from thread 118-09-2026 00:29:33 [38;5;015m[INFO]: [0mThis is a info message from thread 1418-09-2026 00:29:33 [38;5;009m[ERROR]: [0mThis is a error message from thread 1018-09-2026 00:29:33 [38;5;117m[DEBUG]: [0mThis is a debug message from thread 1218-09-2026 00:29:33 [38;5;117m[DEBUG]: [0mThis is a debug message from thread 2418-09-2026 00:29:33 [38;5;117m[DEBUG]: [0mThis is a debug message from thread 2318-09-2026 00:29:33 [38;5;015m[INFO]: [0mThis is a info message from thread 418-09-2026 00:29:33 [38;5;015m[INFO]: [0mThis is a info message from thread 1918-09-2026 00:29:33 [38;5;015m[INFO]: [0mThis is a info message from thread 818-09-2026 00:29:33 [38;5;009m[ERROR]: [0mThis is a error message from thread 2618-09-2026 00:29:33 [38;5;117m[DEBUG]: [0mThis is a debug message from thread 1718-09-2026 00:29:33 [38;5;015m[INFO]: [0mThis is a info message from thread 2318-09-2026 00:29:33 [38;5;009m[ERROR]: [0mThis is a error message from thread 1818-09-2026 00:29:33 [38;5;015m[INFO]: [0mThis is a info message from thread 2118-09-2026 00:29:33 [38;5;015m[INFO]: [0mThis is a info message from thread 1718-09-2026 00:29:33 [38;5;009m[ERROR]: [0mThis is a error message from thread 2118-09-2026 00:29:33 [38;5;015m[INFO]: [0mThis is a info message from thread 2418-09-2026 00:29:33 [38;5;009m[ERROR]: [0mThis is a error message from thread 2918-09-2026 00:29:33 [38;5;009m[ERROR]: [0mThis is a error message from thread 2418-09-2026 00:29:33 [38;5;009m[ERROR]: [0mThis is a error message from thread 1718-09-2026 00:29:33 [38;5;009m[ERROR]: [0mThis is a error message from thread 818-09-2026 00:29:33 [38;5;117m[DEBUG]: [0mThis is a debug message from thread 2718-09-2026 00:29:33 [38;5;015m[INFO]: [0mThis is a info message from thread 218-09-2026 00:29:33 [38;5;117m[DEBUG]: [0mThis is a debug message from thread 1018-09-2026 00:29:33 [38;5;015m[INFO]: [0mThis is a info message from thread 2718-09-2026 00:29:33 [38;5;117m[DEBUG]: [0mThis is a debug message from thread 2518-09-2026 00:29:33 [38;5;009m[ERROR]: [0mThis is a error message from thread 318-09-2026 00:29:33 [38;5;117m[DEBUG]: [0mThis is a debug message from thread 918-09-2026 00:29:33 [38;5;117m[DEBUG]: [0mThis is a debug message from thread 318-09-2026 00:29:33 [38;5;015m[INFO]: [0mThis is a info message from thread 2518-09-2026 00:29:33 [38;5;117m[DEBUG]: [0mThis is a debug message from thread 1818-09-2026 00:29:33 [38;5;009m[ERROR]: [0mThis is a error message from thread 2718-09-2026 00:29:33 [38;5;009m[ERROR]: [0mThis is a error message from thread 2018-09-2026 00:29:33 [38;5;009m[ERROR]: [0mThis is a error message from thread 2518-09-2026 00:29:33 [38;5;117m[DEBUG]: [0mThis is a debug message from thread 2018-09-2026 00:29:33 [38;5;015m[INFO]: [0mThis is a info message from thread 1218-09-2026 00:29:33 [38;5;117m[DEBUG]: [0mThis is a debug message from thread 1618-09-2026 00:29:33 [38;5;117m[DEBUG]: [0mThis is a debug message from thread 2518-09-2026 00:29:33 [38;5;117m[DEBUG]: [0mThis is a debug message from thread 2418-09-2026 00:29:33 [38;5;009m[ERROR]: [0mThis is a error message from thread 018-09-2026 00:29:33 [38;5;009m[ERROR]: [0mThis is a error message from thread 618-09-2026 00:29:33 [38;5;009m[ERROR]: [0mThis is a error message from thread 1218-09-2026 00:29:33 [38;5;117m[DEBUG]: [0mThis is a debug message from thread 1518-09-2026 00:29:33 [38;5;117m[DEBUG]: [0mThis is a debug message from thread 718-09-2026 00:29:33 [38;5;117m[DEBUG]: [0mThis is a debug message from thread 018-09-2026 00:29:33 [38;5;015m[INFO]: [0mThis is a info message from thread 2418-09-2026 00:29:33 [38;5;117m[DEBUG]: [0mThis is a debug message from thread 1718-09-2026 00:29:33 [38;5;117m[DEBUG]: [0mThis is a debug message from thread 518-09-2026 00:29:33 [38;5;015m[INFO]: [0mThis is a info message from thread 118-09-2026 00:29:33 [38;5;015m[INFO]: [0mThis is a info message from thread 518-09-2026 00:29:33 [38;5;015m[INFO]: [0mThis is a info message from thread 1518-09-2026 00:29:33 [38;5;015m[INFO]: [0mThis is a info message from thread 018-09-2026 00:29:33 [38;5;009m[ERROR]: [0mThis is a error message from thread 2218-09-2026 00:29:33 [38;5;009m[ERROR]: [0mThis is a error message from thread 1418-09-2026 00:29:33 [38;5;009m[ERROR]: [0mThis is a error message from thread 1918-09-2026 00:29:33 [38;5;009m[ERROR]: [0mThis is a error message from thread 2418-09-2026 00:29:33 [38;5;015m[INFO]: [0mThis is a info message from thread 318-09-2026 00:29:33 [38;5;117m[DEBUG]: [0mThis is a debug message from thread 1918-09-2026 00:29:33 [38;5;009m[ERROR]: [0mThis is a error message from thread 018-09-2026 00:29:33 [38;5;009m[ERROR]: [0mThis is a error message from thread 1518-09-2026 00:29:33 [38;5;117m[DEBUG]: [0mThis is a debug message from thread 2118-09-2026 00:29:33 [38;5;009m[ERROR]: [0mThis is a error message from thread 418-09-2026 00:29:33 [38;5;015m[INFO]: [0mThis is a info message from thread 1818-09-2026 00:29:33 [38;5;117m[DEBUG]: [0mThis is a debug message from thread 2418-09-2026 00:29:33 [38;5;117m[DEBUG]: [0mThis is a debug message from thread 018-09-2026 00:29:33 [38;5;015m[INFO]: [0mThis is a info message from thread 1718-09-2026 00:29:33 [38;5;015m[INFO]: [0mThis is a info message from thread 2118-09-2026 00:29:33 [38;5;015m[INFO]: [0mThis is a info message from thread 018-09-2026 00:29:33 [38;5;009m[ERROR]: [0mThis is a error message from thread 218-09-2026 00:29:33 [38;5;015m[INFO]: [0mThis is a info message from thread 2018-09-2026 00:29:33 [38;5;009m[ERROR]: [0mThis is a error message from thread 018-09-2026 00:29:33 [38;5;117m[DEBUG]: [0mThis is a debug message from thread 2718-09-2026 00:29:33 [38;5;009m[ERROR]: [0mThis is a error message from thread 2018-09-2026 00:29:33 [38;5;117m[DEBUG]: [0mThis is a debug message from thread 218-09-2026 00:29:33 [38;5;015m[INFO]: [0mThis is a info message from thread 2718-09-2026 00:29:33 [38;5;015m[INFO]: [0mThis is a info message from thread 1318-09-2026 00:29:33 [38;5;015m[INFO]: [0mThis is a info message from thread 1018-09-2026 00:29:33 [38;5;015m[INFO]: [0mThis is a info message from thread 218-09-2026 00:29:33 [38;5;009m[ERROR]: [0mThis is a error message from thread 118-09-2026 00:29:33 [38;5;009m[ERROR]: [0mThis is a error message from thread 1818-09-2026 00:29:33 [38;5;009m[ERROR]: [0mThis is a error message from thread 1718-09-2026 00:29:33 [38;5;009m[ERROR]: [0mThis is a error message from thread 2118-09-2026 00:29:33 [38;5;009m[ERROR]: [0mThis is a error message from thread 2718-09-2026 00:29:33 [38;5;117m[DEBUG]: [0mThis is a debug message from thread 2218-09-2026 00:29:33 [38;5;015m[INFO]: [0mThis is a info message from thread 918-09-2026 00:29:33 [38;5;009m[ERROR]: [0mThis is a error message from thread 1018-09-2026 00:29:33 [38;5;009m[ERROR]: [0mThis is a error message from thread 2318-09-2026 00:29:33 [38;5;117m[DEBUG]: [0mThis is a debug message from thread 1818-09-2026 00:29:33 [38;5;015m[INFO]: [0mThis is a info message from thread 2518-09-2026 00:29:33 [38;5;009m[ERROR]: [0mThis is a error message from thread 1318-09-2026 00:29:33 [38;5;009m[ERROR]: [0mThis is a error message from thread 218-09-2026 00:29:33 [38;5;117m[DEBUG]: [0mThis is a debug message from thread 1018-09-2026 00:29:33 [38;5;015m[INFO]: [0mThis is a info message from thread 1118-09-2026 00:29:33 [38;5;117m[DEBUG]: [0mThis is a debug message from thread 1218-09-2026 00:29:33 [38;5;117m[DEBUG]: [0mThis is a debug message from thread 818-09-2026 00:29:33 [38;5;015m[INFO]: [0mThis is a info message from thread 2218-09-2026 00:29:33 [38;5;117m[DEBUG]: [0mThis is a debug message from thread 1718-09-2026 00:29:33 [38;5;009m[ERROR]: [0mThis is a error message from thread 2818-09-2026 00:29:33 [38;5;117m[DEBUG]: [0mThis is a debug message from thread 2118-09-2026 00:29:33 [38;5;015m[INFO]: [0mThis is a info message from thread 1818-09-2026 00:29:33 [38;5;117m[DEBUG]: [0mThis is a debug message from thread 2618-09-2026 00:29:33 [38;5;009m[ERROR]: [0mThis is a error message from thread 1118-09-2026 00:29:33 [38;5;015m[INFO]: [0mThis is a info message from thread 1918-09-2026 00:29:33 [38;5;117m[DEBUG]: [0mThis is a debug message from thread 018-09-2026 00:29:33 [38;5;009m[ERROR]: [0mThis is a error message from thread 1918-09-2026 00:29:33 [38;5;009m[ERROR]: [0mThis is a error message from thread 1818-09-2026 00:29:33 [38;5;015m[INFO]: [0mThis is a info message from thread 1618-09-2026 00:29:33 [38;5;117m[DEBUG]: [0mThis is a debug message from thread 118-09-2026 00:29:33 [38;5;009m[ERROR]: [0mThis is a error message from thread 2218-09-2026 00:29:33 [38;5;117m[DEBUG]: [0mThis is a debug message from thread 2918-09-2026 00:29:33 [38;5;015m[INFO]: [0mThis is a info message from thread 118-09-2026 00:29:33 [38;5;117m[DEBUG]: [0mThis is a debug message from thread 618-09-2026 00:29:33 [38;5;015m[INFO]: [0mThis is a info message from thread 818-09-2026 00:29:33 [38;5;117m[DEBUG]: [0mThis is a debug message from thread 2018-09-2026 00:29:33 [38;5;015m[INFO]: [0mThis is a info message from thread 018-09-2026 00:29:33 [38;5;015m[INFO]: [0mThis is a info message from thread 2418-09-2026 00:29:33 [38;5;117m[DEBUG]: [0mThis is a debug message from thread 2318-09-2026 00:29:33 [38;5;015m[INFO]: [0mThis is a info message from thread 2018-09-2026 00:29:33 [38;5;015m[INFO]: [0mThis is a info message from thread 618-09-2026 00:29:33 [38;5;015m[INFO]: [0mThis is a info message from thread 2918-09-2026 00:29:33 [38;5;117m[DEBUG]: [0mThis is a debug message from thread 1118-09-2026 00:29:33 [38;5;117m[DEBUG]: [0mThis is a debug message from thread 2718-09-2026 00:29:33 [38;5;009m[ERROR]: [0mThis is a error message from thread 1618-09-2026 00:29:33 [38;5;015m[INFO]: [0mThis is a info message from thread 718-09-2026 00:29:33 [38;5;117m[DEBUG]: [0mThis is a debug message from thread 2218-09-2026 00:29:33 [38;5;009m[ERROR]: [0mThis is a error message from thread 018-09-2026 00:29:33 [38;5;009m[ERROR]: [0mThis is a error message from thread 518-09-2026 00:29:33 [38;5;117m[DEBUG]: [0mThis is a debug message from thread 1618-09-2026 00:29:33 [38;5;009m[ERROR]: [0mThis is a error message from thread 2518-09-2026 00:29:33 [38;5;009m[ERROR]: [0mThis is a error message from thread 818-09-2026 00:29:33 [38;5;009m[ERROR]: [0mThis is a error message from thread 618-09-2026 00:29:33 [38;5;117m[DEBUG]: [0mThis is a debug message from thread 418-09-2026 00:29:33 [38;5;015m[INFO]: [0mThis is a info message from thread 1618-09-2026 00:29:33 [38;5;015m[INFO]: [0mThis is a info message from thread 1718-09-2026 00:29:33 [38;5;117m[DEBUG]: [0mThis is a debug message from thread 518-09-2026 00:29:33 [38;5;009m[ERROR]: [0mThis is a error message from thread 2918-09-2026 00:29:33 [38;5;117m[DEBUG]: [0mThis is a debug message from thread 218-09-2026 00:29:33 [38;5;009m[ERROR]: [0mThis is a error message from thread 718-09-2026 00:29:33 [38;5;117m[DEBUG]: [0mThis is a debug message from thread 618-09-2026 00:29:33 [38;5;117m[DEBUG]: [0mThis is a debug message from thread 018-09-2026 00:29:33 [38;5;117m[DEBUG]: [0mThis is a debug message from thread 2918-09-2026 00:29:33 [38;5;015m[INFO]: [0mThis is a info message from thread 218-09-2026 00:29:33 [38;5;117m[DEBUG]: [0mThis is a debug message from thread 1318-09-2026 00:29:33 [38;5;117m[DEBUG]: [0mThis is a debug message from thread 718-09-2026 00:29:33 [38;5;015m[INFO]: [0mThis is a info message from thread 618-09-2026 00:29:33 [38;5;117m[DEBUG]: [0mThis is a debug message from thread 2818-09-2026 00:29:33 [38;5;015m[INFO]: [0mThis is a info message from thread 2118-09-2026 00:29:33 [38;5;015m[INFO]: [0mThis is a info message from thread 418-09-2026 00:29:33 [38;5;009m[ERROR]: [0mThis is a error message from thread 218-09-2026 00:29:33 [38;5;015m[INFO]: [0mThis is a info message from thread 2918-09-2026 00:29:33 [38;5;015m[INFO]: [0mThis is a info message from thread 1218-09-2026 00:29:33 [38;5;009m[ERROR]: [0mThis is a error message from thread 118-09-2026 00:29:33 [38;5;015m[INFO]: [0mThis is a info message from thread 2618-09-2026 00:29:33 [38;5;117m[DEBUG]: [0mThis is a debug message from thread 1818-09-2026 00:29:33 [38;5;117m[DEBUG]: [0mThis is a debug message from thread 2518-09-2026 00:29:33 [38;5;117m[DEBUG]: [0mThis is a debug message from thread 118-09-2026 00:29:33 [38;5;117m[DEBUG]: [0mThis is a debug message from thread 818-09-2026 00:29:33 [38;5;015m[INFO]: [0mThis is a info message from thread 518-09-2026 00:29:33 [38;5;009m[ERROR]: [0mThis is a error message from thread 2118-09-2026 00:29:33 [38;5;015m[INFO]: [0mThis is a info message from thread 1118-09-2026 00:29:33 [38;5;015m[INFO]: [0mThis is a info message from thread 1018-09-2026 00:29:33 [38;5;009m[ERROR]: [0mThis is a error message from thread 1218-09-2026 00:29:33 [38;5;117m[DEBUG]: [0mThis is a debug message from thread 2118-09-2026 00:29:33 [38;5;015m[INFO]: [0mThis is a info message from thread 1818-09-2026 00:29:33 [38;5;015m[INFO]: [0mThis is a info message from thread 818-09-2026 00:29:33 [38;5;015m[INFO]: [0mThis is a info message from thread 2818-09-2026 00:29:33 [38;5;015m[INFO]: [0mThis is a info message from thread 1318-09-2026 00:29:33 [38;5;009m[ERROR]: [0mThis is a error message from thread 518-09-2026 00:29:33 [38;5;117m[DEBUG]: [0mThis is a debug message from thread 1218-09-2026 00:29:33 [38;5;117m[DEBUG]: [0mThis is a debug message from thread 218-09-2026 00:29:33 [38;5;117m[DEBUG]: [0mThis is a debug message from thread 1418-09-2026 00:29:33 [38;5;015m[INFO]: [0mThis is a info message from thread 018-09-2026 00:29:33 [38;5;009m[ERROR]: [0mThis is a error message from thread 318-09-2026 00:29:33 [38;5;117m[DEBUG]: [0mThis is a debug message from thread 518-09-2026 00:29:33 [38;5;009m[ERROR]: [0mThis is a error message from thread 018-09-2026 00:29:33 [38;5;015m[INFO]: [0mThis is a info message from thread 218-09-2026 00:29:33 [38;5;009m[ERROR]: [0mThis is a error message from thread 1718-09-2026 00:29:33 [38;5;015m[INFO]: [0mThis is a info message from thread 2118-09-2026 00:29:33 [38;5;009m[ERROR]: [0mThis is a error message from thread 218-09-2026 00:29:33 [38;5;009m[ERROR]: [0mThis is a error message from thread 2118-09-2026 00:29:33 [38;5;009m[ERROR]: [0mThis is a error message from thread 2018-09-2026 00:29:33 [38;5;015m[INFO]: [0mThis is a info message from thread 2518-09-2026 00:29:33 [38;5;009m[ERROR]: [0mThis is a error message from thread 1618-09-2026 00:29:33 [38;5;117m[DEBUG]: [0mThis is a debug message from thread 2018-09-2026 00:29:33 [38;5;015m[INFO]: [0mThis is a info message from thread 1418-09-2026 00:29:33 [38;5;117m[DEBUG]: [0mThis is a debug message from thread 1718-09-2026 00:29:33 [38;5;015m[INFO]: [0mThis is a info message from thread 718-09-2026 00:29:33 [38;5;015m[INFO]: [0mThis is a info message from thread 2018-09-2026 00:29:33 [38;5;009m[ERROR]: [0mThis is a error message from thread 1818-09-2026 00:29:33 [38;5;015m[INFO]: [0mThis is a info message from thread 1718-09-2026 00:29:33 [38;5;009m[ERROR]: [0mThis is a error message from thread 718-09-2026 00:29:33 [38;5;009m[ERROR]: [0mThis is a error message from thread 418-09-2026 00:29:33 [38;5;009m[ERROR]: [0mThis is a error message from thread 1718-09-2026 00:29:33 [38;5;117m[DEBUG]: [0mThis is a debug message from thread 718-09-2026 00:29:33 [38;5;117m[DEBUG]: [0mThis is a debug message from thread 1818-09-2026 00:29:33 [38;5;117m[DEBUG]: [0mThis is a debug message from thread 2118-09-2026 00:29:33 [38;5;009m[ERROR]: [0mThis is a error message from thread 1018-09-2026 00:29:33 [38;5;117m[DEBUG]: [0mThis is a debug message from thread 1618-09-2026 00:29:33 [38;5;009m[ERROR]: [0mThis is a error message from thread 2518-09-2026 00:29:33 [38;5;117m[DEBUG]: [0mThis is a debug message from thread 318-09-2026 00:29:33 [38;5;009m[ERROR]: [0mThis is a error message from thread 818-09-2026 00:29:33 [38;5;015m[INFO]: [0mThis is a info message from thread 2318-09-2026 00:29:33 [38;5;015m[INFO]: [0mThis is a info message from thread 718-09-2026 00:29:33 [38;5;009m[ERROR]: [0mThis is a error message from thread 2918-09-2026 00:29:33 [38;5;009m[ERROR]: [0mThis is a error message from thread 1318-09-2026 00:29:33 [38;5;015m[INFO]: [0mThis is a info message from thread 518-09-2026 00:29:33 [38;5;015m[INFO]: [0mThis is a info message from thread 1818-09-2026 00:29:33 [38;5;117m[DEBUG]: [0mThis is a debug message from thread 1018-09-2026 00:29:33 [38;5;015m[INFO]: [0mThis is a info message from thread 1218-09-2026 00:29:33 [38;5;009m[ERROR]: [0mThis is a error message from thread 2818-09-2026 00:29:33 [38;5;009m[ERROR]: [0mThis is a error message from thread 718-09-2026 00:29:33 [38;5;015m[INFO]: [0mThis is a info message from thread 1018-09-2026 00:29:33 [38;5;015m[INFO]: [0mThis is a info message from thread 2718-09-2026 00:29:33 [38;5;117m[DEBUG]: [0mThis is a debug message from thread 718-09-2026 00:29:33 [38;5;009m[ERROR]: [0mThis is a error message from thread 1218-09-2026 00:29:33 [38;5;009m[ERROR]: [0mThis is a error message from thread 2418-09-2026 00:29:33 [38;5;117m[DEBUG]: [0mThis is a debug message from thread 218-09-2026 00:29:33 [38;5;009m[ERROR]: [0mThis is a error message from thread 2318-09-2026 00:29:33 [38;5;009m[ERROR]: [0mThis is a error message from thread 1118-09-2026 00:29:33 [38;5;009m[ERROR]: [0mThis is a error message from thread 618-09-2026 00:29:33 [38;5;009m[ERROR]: [0mThis is a error message from thread 1018-09-2026 00:29:33 [38;5;009m[ERROR]: [0mThis is a error message from thread 1818-09-2026 00:29:33 [38;5;117m[DEBUG]: [0mThis is a debug message from thread 818-09-2026 00:29:33 [38;5;015m[INFO]: [0mThis is a info message from thread 718-09-2026 00:29:33 [38;5;009m[ERROR]: [0mThis is a error message from thread 518-09-2026 00:29:33 [38;5;117m[DEBUG]: [0mThis is a debug message from thread 1118-09-2026 00:29:33 [38;5;009m[ERROR]: [0mThis is a error message from thread 2018-09-2026 00:29:33 [38;5;117m[DEBUG]: [0mThis is a debug message from thread 618-09-2026 00:29:33 [38;5;117m[DEBUG]: [0mThis is a debug message from thread 2318-09-2026 00:29:33 [38;5;117m[DEBUG]: [0mThis is a debug message from thread 2018-09-2026 00:29:33 [38;5;009m[ERROR]: [0mThis is a error message from thread 2718-09-2026 00:29:33 [38;5;117m[DEBUG]: [0mThis is a debug message from thread 2418-09-2026 00:29:33 [38;5;009m[ERROR]: [0mThis is a error message from thread 718-09-2026 00:29:33 [38;5;015m[INFO]: [0mThis is a info message from thread 2018-09-2026 00:29:33 [38;5;015m[INFO]: [0mThis is a info message from thread 118-09-2026 00:29:33 [38;5;009m[ERROR]: [0mThis is a error message from thread 2018-09-2026 00:29:33 [38;5;117m[DEBUG]: [0mThis is a debug message from thread 718-09-2026 00:29:33 [38;5;009m[ERROR]: [0mThis is a error message from thread 918-09-2026 00:29:33 [38;5;117m[DEBUG]: [0mThis is a debug message from thread 2818-09-2026 00:29:33 [38;5;015m[INFO]: [0mThis is a info message from thread 318-09-2026 00:29:33 [38;5;117m[DEBUG]: [0mThis is a debug message from thread 018-09-2026 00:29:33 [38;5;117m[DEBUG]: [0mThis is a debug message from thread 2518-09-2026 00:29:33 [38;5;015m[INFO]: [0mThis is a info message from thread 818-09-2026 00:29:33 [38;5;015m[INFO]: [0mThis is a info message from thread 018-09-2026 00:29:33 [38;5;015m[INFO]: [0mThis is a info message from thread 618-09-2026 00:29:33 [38;5;117m[DEBUG]: [0mThis is a debug message from thread 1318-09-2026 00:29:33 [38;5;117m[DEBUG]: [0mThis is a debug message from thread 1018-09-2026 00:29:33 [38;5;009m[ERROR]: [0mThis is a error message from thread 018-09-2026 00:29:33 [38;5;009m[ERROR]: [0mThis is a error message from thread 318-09-2026 00:29:33 [38;5;117m[DEBUG]: [0mThis is a debug message from thread 1518-09-2026 00:29:33 [38;5;015m[INFO]: [0mThis is a info message from thread 1118-09-2026 00:29:33 [38;5;117m[DEBUG]: [0mThis is a debug message from thread 2018-09-2026 00:29:33 [38;5;015m[INFO]: [0mThis is a info message from thread 2418-09-2026 00:29:33 [38;5;015m[INFO]: [0mThis is a info message from thread 1518-09-2026 00:29:33 [38;5;015m[INFO]: [0mThis is a info message from thread 718-09-2026 00:29:33 [38;5;009m[ERROR]: [0mThis is a error message from thread 618-09-2026 00:29:33 [38;5;117m[DEBUG]: [0mThis is a debug message from thread 2718-09-2026 00:29:33 [38;5;009m[ERROR]: [0mThis is a error message from thread 2618-09-2026 00:29:33 [38;5;117m[DEBUG]: [0mThis is a debug message from thread 1818-09-2026 00:29:33 [38;5;015m[INFO]: [0mThis is a info message from thread 2318-09-2026 00:29:33 [38;5;117m[DEBUG]: [0mThis is a debug message from thread 1918-09-2026 00:29:33 [38;5;009m[ERROR]: [0mThis is a error message from thread 2318-09-2026 00:29:33 [38;5;117m[DEBUG]: [0mThis is a debug message from thread 518-09-2026 00:29:33 [38;5;015m[INFO]: [0mThis is a info message from thread 2518-09-2026 00:29:33 [38;5;015m[INFO]: [0mThis is a info message from thread 518-09-2026 00:29:33 [38;5;117m[DEBUG]: [0mThis is a debug message from thread 618-09-2026 00:29:33 [38;5;009m[ERROR]: [0mThis is a error message from thread 1518-09-2026 00:29:33 [38;5;015m[INFO]: [0mThis is a info message from thread 2118-09-2026 00:29:33 [38;5;117m[DEBUG]: [0mThis is a debug message from thread 418-09-2026 00:29:33 [38;5;015m[INFO]: [0mThis is a info message from thread 618-09-2026 00:29:33 [38;5;009m[ERROR]: [0mThis is a error message from thread 2518-09-2026 00:29:33 [38;5;015m[INFO]: [0mThis is a info message from thread 1018-09-2026 00:29:33 [38;5;117m[DEBUG]: [0mThis is a debug message from thread 1718-09-2026 00:29:33 [38;5;015m[INFO]: [0mThis is a info message from thread 1618-09-2026 00:29:33 [38;5;117m[DEBUG]: [0mThis is a debug message from thread 2618-09-2026 00:29:33 [38;5;009m[ERROR]: [0mThis is a error message from thread 518-09-2026 00:29:33 [38;5;009m[ERROR]: [0mThis is a error message from thread 618-09-2026 00:29:33 [38;5;117m[DEBUG]: [0mThis is a debug message from thread 018-09-2026 00:29:33 [38;5;009m[ERROR]: [0mThis is a error message from thread 1418-09-2026 00:29:33 [38;5;117m[DEBUG]: [0mThis is a debug message from thread 2518-09-2026 00:29:33 [38;5;015m[INFO]: [0mThis is a info message from thread 2818-09-2026 00:29:33 [38;5;015m[INFO]: [0mThis is a info message from thread 418-09-2026 00:29:33 [38;5;015m[INFO]: [0mThis is a info message from thread 1718-09-2026 00:29:33 [38;5;009m[ERROR]: [0mThis is a error message from thread 718-09-2026 00:29:33 [38;5;015m[INFO]: [0mThis is a info message from thread 2218-09-2026 00:29:33 [38;5;015m[INFO]: [0mThis is a info message from thread 018-09-2026 00:29:33 [38;5;117m[DEBUG]: [0mThis is a debug message from thread 2318-09-2026 00:29:33 [38;5;009m[ERROR]: [0mThis is a error message from thread 2818-09-2026 00:29:33 [38;5;015m[INFO]: [0mThis is a info message from thread 1918-09-2026 00:29:33 [38;5;117m[DEBUG]: [0mThis is a debug message from thread 1518-09-2026 00:29:33 [38;5;015m[INFO]: [0mThis is a info message from thread 1818-09-2026 00:29:33 [38;5;009m[ERROR]: [0mThis is a error message from thread 1118-09-2026 00:29:33 [38;5;009m[ERROR]: [0mThis is a error message from thread 2218-09-2026 00:29:33 [38;5;015m[INFO]: [0mThis is a info message from thread 2718-09-2026 00:29:33 [38;5;015m[INFO]: [0mThis is a info message from thread 2018-09-2026 00:29:33 [38;5;117m[DEBUG]: [0mThis is a debug message from thread 318-09-2026 00:29:33 [38;5;015m[INFO]: [0mThis is a info message from thread 2518-09-2026 00:29:33 [38;5;015m[INFO]: [0mThis is a info message from thread 1518-09-2026 00:29:33 [38;5;009m[ERROR]: [0mThis is a error message from thread 2018-09-2026 00:29:33 [38;5;117m[DEBUG]: [0mThis is a debug message from thread 918-09-2026 00:29:33 [38;5;117m[DEBUG]: [0mThis is a debug message from thread 618-09-2026 00:29:33 [38;5;015m[INFO]: [0mThis is a info message from thread 1318-09-2026 00:29:33 [38;5;009m[ERROR]: [0mThis is a error message from thread 118-09-2026 00:29:33 [38;5;117m[DEBUG]: [0mThis is a debug message from thread 1218-09-2026 00:29:33 [38;5;117m[DEBUG]: [0mThis is a debug message from thread 2218-09-2026 00:29:33 [38;5;009m[ERROR]: [0mThis is a error message from thread 1318-09-2026 00:29:33 [38;5;009m[ERROR]: [0mThis is a error message from thread 2718-09-2026 00:29:33 [38;5;117m[DEBUG]: [0mThis is a debug message from thread 1318-09-2026 00:29:33 [38;5;015m[INFO]: [0mThis is a info message from thread 2618-09-2026 00:29:33 [38;5;015m[INFO]: [0mThis is a info message from thread 218-09-2026 00:29:33 [38;5;015m[INFO]: [0mThis is a info message from thread 1318-09-2026 00:29:33 [38;5;015m[INFO]: [0mThis is a info message from thread 618-09-2026 00:29:33 [38;5;009m[ERROR]: [0mThis is a error message from thread 818-09-2026 00:29:33 [38;5;117m[DEBUG]: [0mThis is a debug message from thread 1418-09-2026 00:29:33 [38;5;117m[DEBUG]: [0mThis is a debug message from thread 518-09-2026 00:29:33 [38;5;009m[ERROR]: [0mThis is a error message from thread 1318-09-2026 00:29:33 [38;5;117m[DEBUG]: [0mThis is a debug message from thread 2718-09-2026 00:29:33 [38;5;117m[DEBUG]: [0mThis is a debug message from thread 2018-09-2026 00:29:33 [38;5;015m[INFO]: [0mThis is a info message from thread 2218-09-2026 00:29:33 [38;5;015m[INFO]: [0mThis is a info message from thread 318-09-2026 00:29:33 [38;5;117m[DEBUG]: [0mThis is a debug message from thread 2818-09-2026 00:29:33 [38;5;117m[DEBUG]: [0mThis is a debug message from thread 118-09-2026 00:29:33 [38;5;117m[DEBUG]: [0mThis is a debug message from thread 1318-09-2026 00:29:33 [38;5;117m[DEBUG]: [0mThis is a debug message from thread 1118-09-2026 00:29:33 [38;5;009m[ERROR]: [0mThis is a error message from thread 218-09-2026 00:29:33 [38;5;015m[INFO]: [0mThis is a info message from thread 918-09-2026 00:29:33 [38;5;009m[ERROR]: [0mThis is a error message from thread 2218-09-2026 00:29:33 [38;5;117m[DEBUG]: [0mThis is a debug message from thread 2918-09-2026 00:29:33 [38;5;015m[INFO]: [0mThis is a info message from thread 2318-09-2026 00:29:33 [38;5;009m[ERROR]: [0mThis is a error message from thread 1518-09-2026 00:29:33 [38;5;117m[DEBUG]: [0mThis is a debug message from thread 718-09-2026 00:29:33 [38;5;009m[ERROR]: [0mThis is a error message from thread 2618-09-2026 00:29:33 [38;5;117m[DEBUG]: [0mThis is a debug message from thread 2218-09-2026 00:29:33 [38;5;009m[ERROR]: [0mThis is a error message from thread 918-09-2026 00:29:33 [38;5;015m[INFO]: [0mThis is a info message from thread 1118-09-2026 00:29:33 [38;5;009m[ERROR]: [0mThis is a error message from thread 418-09-2026 00:29:33 [38;5;009m[ERROR]: [0mThis is a error message from thread 618-09-2026 00:29:33 [38;5;015m[INFO]: [0mThis is a info message from thread 2918-09-2026 00:29:33 [38;5;117m[DEBUG]: [0mThis is a debug message from thread 2618-09-2026 00:29:33 [38;5;009m[ERROR]: [0mThis is a error message from thread 1918-09-2026 00:29:33 [38;5;015m[INFO]: [0mThis is a info message from thread 2818-09-2026 00:29:33 [38;5;015m[INFO]: [0mThis is a info message from thread 718-09-2026 00:29:33 [38;5;117m[DEBUG]: [0mThis is a debug message from thread 818-09-2026 00:29:33 [38;5;009m[ERROR]: [0mThis is a error message from thread 1618-09-2026 00:29:33 [38;5;009m[ERROR]: [0mThis is a error message from thread 2418-09-2026 00:29:33 [38;5;009m[ERROR]: [0mThis is a error message from thread 1818-09-2026 00:29:33 [38;5;117m[DEBUG]: [0mThis is a debug message from thread 618-09-2026 00:29:33 [38;5;015m[INFO]: [0mThis is a info message from thread 818-09-2026 00:29:33 [38;5;117m[DEBUG]: [0mThis is a debug message from thread 218-09-2026 00:29:33 [38;5;015m[INFO]: [0mThis is a info message from thread 118-09-2026 00:29:33 [38;5;117m[DEBUG]: [0mThis is a debug message from thread 1518-09-2026 00:29:33 [38;5;009m[ERROR]: [0mThis is a error message from thread 718-09-2026 00:29:33 [38;5;009m[ERROR]: [0mThis is a error message from thread 1718-09-2026 00:29:33 [38;5;009m[ERROR]: [0mThis is a error message from thread 818-09-2026 00:29:33 [38;5;117m[DEBUG]: [0mThis is a debug message from thread 1918-09-2026 00:29:33 [38;5;015m[INFO]: [0mThis is a info message from thread 218-09-2026 00:29:33 [38;5;117m[DEBUG]: [0mThis is a debug message from thread 1618-09-2026 00:29:33 [38;5;015m[INFO]: [0mThis is a info message from thread 1318-09-2026 00:29:33 [38;5;117m[DEBUG]: [0mThis is a debug message from thread 2418-09-2026 00:29:33 [38;5;009m[ERROR]: [0mThis is a error message from thread 1118-09-2026 00:29:33 [38;5;015m[INFO]: [0mThis is a info message from thread 2718-09-2026 00:29:33 [38;5;117m[DEBUG]: [0mThis is a debug message from thread 1718-09-2026 00:29:33 [38;5;015m[INFO]: [0mThis is a info message from thread 1518-09-2026 00:29:33 [38;5;015m[INFO]: [0mThis is a info message from thread 518-09-2026 00:29:33 [38;5;009m[ERROR]: [0mThis is a error message from thread 1018-09-2026 00:29:33 [38;5;015m[INFO]: [0mThis is a info message from thread 1218-09-2026 00:29:33 [38;5;015m[INFO]: [0mThis is a info message from thread 2018-09-2026 00:29:33 [38;5;009m[ERROR]: [0mThis is a error message from thread 2118-09-2026 00:29:33 [38;5;117m[DEBUG]: [0mThis is a debug message from thread 1818-09-2026 00:29:33 [38;5;009m[ERROR]: [0mThis is a error message from thread 1318-09-2026 00:29:33 [38;5;015m[INFO]: [0mThis is a info message from thread 618-09-2026 00:29:33 [38;5;009m[ERROR]: [0mThis is a error message from thread 018-09-2026 00:29:33 [38;5;015m[INFO]: [0mThis is a info message from thread 2418-09-2026 00:29:33 [38;5;015m[INFO]: [0mThis is a info message from thread 1718-09-2026 00:29:33 [38;5;117m[DEBUG]: [0mThis is a debug message from thread 418-09-2026 00:29:33 [38;5;009m[ERROR]: [0mThis is a error message from thread 2518-09-2026 00:29:33 [38;5;117m[DEBUG]: [0mThis is a debug message from thread 1318-09-2026 00:29:33 [38;5;009m[ERROR]: [0mThis is a error message from thread 2418-09-2026 00:29:33 [38;5;015m[INFO]: [0mThis is a info message from thread 418-09-2026 00:29:33 [38;5;009m[ERROR]: [0mThis is a error message from thread 2918-09-2026 00:29:33 [38;5;009m[ERROR]: [0mThis is a error message from thread 2318-09-2026 00:29:33 [38;5;117m[DEBUG]: [0mThis is a debug message from thread 018-09-2026 00:29:33 [38;5;015m[INFO]: [0mThis is a info message from thread 1918-09-2026 00:29:33 [38;5;015m[INFO]: [0mThis is a info message from thread 2618-09-2026 00:29:33 [38;5;015m[INFO]: [0mThis is a info message from thread 1418-09-2026 00:29:33 [38;5;117m[DEBUG]: [0mThis is a debug message from thread 1118-09-2026 00:29:33 [38;5;009m[ERROR]: [0mThis is a error message from thread 418-09-2026 00:29:33 [38;5;009m[ERROR]: [0mThis is a error message from thread 1918-09-2026 00:29:33 [38;5;009m[ERROR]: [0mThis is a error message from thread 1518-09-2026 00:29:33 [38;5;117m[DEBUG]: [0mThis is a debug message from thread 1018-09-2026 00:29:33 [38;5;015m[INFO]: [0mThis is a info message from thread 1318-09-2026 00:29:33 [38;5;015m[INFO]: [0mThis is a info message from thread 1118-09-2026 00:29:33 [38;5;117m[DEBUG]: [0mThis is a debug message from thread 2918-09-2026 00:29:33 [38;5;009m[ERROR]: [0mThis is a error message from thread 1118-09-2026 00:29:33 [38;5;009m[ERROR]: [0mThis is a error message from thread 2618-09-2026 00:29:33 [38;5;015m[INFO]: [0mThis is a info message from thread 2218-09-2026 00:29:33 [38;5;117m[DEBUG]: [0mThis is a debug message from thread 2118-09-2026 00:29:33 [38;5;015m[INFO]: [0mThis is a info message from thread 1018-09-2026 00:29:33 [38;5;009m[ERROR]: [0mThis is a error message from thread 2018-09-2026 00:29:33 [38;5;117m[DEBUG]: [0mThis is a debug message from thread 2618-09-2026 00:29:33 [38;5;117m[DEBUG]: [0mThis is a debug message from thread 818-09-2026 00:29:33 [38;5;117m[DEBUG]: [0mThis is a debug message from thread 2418-09-2026 00:29:33 [38;5;015m[INFO]: [0mThis is a info message from thread 818-09-2026 00:29:33 [38;5;117m[DEBUG]: [0mThis is a debug message from thread 1518-09-2026 00:29:33 [38;5;009m[ERROR]: [0mThis is a error message from thread 2218-09-2026 00:29:33 [38;5;117m[DEBUG]: [0mThis is a debug message from thread 718-09-2026 00:29:33 [38;5;009m[ERROR]: [0mThis is a error message from thread 1018-09-2026 00:29:33 [38;5;015m[INFO]: [0mThis is a info message from thread 2918-09-2026 00:29:33 [38;5;009m[ERROR]: [0mThis is a error message from thread 2718-09-2026 00:29:33 [38;5;015m[INFO]: [0mThis is a info message from thread 1818-09-2026 00:29:33 [38;5;009m[ERROR]: [0mThis is a error message from thread 618-09-2026 00:29:33 [38;5;015m[INFO]: [0mThis is a info message from thread 1618-09-2026 00:29:33 [38;5;009m[ERROR]: [0mThis is a error message from thread 2818-09-2026 00:29:33 [38;5;117m[DEBUG]: [0mThis is a debug message from thread 918-09-2026 00:29:33 [38;5;117m[DEBUG]: [0mThis is a debug message from thread 2318-09-2026 00:29:33 [38;5;009m[ERROR]: [0mThis is a error message from thread 1718-09-2026 00:29:33 [38;5;117m[DEBUG]: [0mThis is a debug message from thread 2718-09-2026 00:29:33 [38;5;117m[DEBUG]: [0mThis is a debug message from thread 1118-09-2026 00:29:33 [38;5;009m[ERROR]: [0mThis is a error message from thread 2918-09-2026 00:29:33 [38;5;015m[INFO]: [0mThis is a info message from thread 2318-09-2026 00:29:33 [38;5;117m[DEBUG]: [0mThis is a debug message from thread 1918-09-2026 00:29:33 [38;5;009m[ERROR]: [0mThis is a error message from thread 2318-09-2026 00:29:33 [38;5;117m[DEBUG]: [0mThis is a debug message from thread 2818-09-2026 00:29:33 [38;5;117m[DEBUG]: [0mThis is a debug message from thread 2318-09-2026 00:29:33 [38;5;015m[INFO]: [0mThis is a info message from thread 2818-09-2026 00:29:33 [38;5;015m[INFO]: [0mThis is a info message from thread 2618-09-2026 00:29:33 [38;5;009m[ERROR]: [0mThis is a error message from thread 2618-09-2026 00:29:33 [38;5;117m[DEBUG]: [0mThis is a debug message from thread 2618-09-2026 00:29:33 [38;5;015m[INFO]: [0mThis is a info message from thread 2618-09-2026 00:29:33 [38;5;009m[ERROR]: [0mThis is a error message from thread 1418-09-2026 00:29:33 [38;5;009m[ERROR]: [0mThis is a error message from thread 2618-09-2026 00:29:33 [38;5;009m[ERROR]: [0mThis is a error message from thread 1618-09-2026 00:29:33 [38;5;009m[ERROR]: [0mThis is a error message from thread 318-09-2026 00:29:33 [38;5;117m[DEBUG]: [0mThis is a debug message from thread 1018-09-2026 00:29:33 [38;5;015m[INFO]: [0mThis is a info message from thread 1018-09-2026 00:29:33 [38;5;015m[INFO]: [0mThis is a info message from thread 2118-09-2026 00:29:33 [38;5;015m[INFO]: [0mThis is a info message from thread 018-09-2026 00:29:33 [38;5;015m[INFO]: [0mThis is a info message from thread 2418-09-2026 00:29:33 [38;5;009m[ERROR]: [0mThis is a error message from thread 1318-09-2026 00:29:33 [38;5;117m[DEBUG]: [0mThis is a debug message from thread 1318-09-2026 00:29:33 [38;5;117m[DEBUG]: [0mThis is a debug message from thread 2218-09-2026 00:29:33 [38;5;009m[ERROR]: [0mThis is a error message from thread 1218-09-2026 00:29:33 [38;5;015m[INFO]: [0mThis is a info message from thread 1318-09-2026 00:29:33 [38;5;015m[INFO]: [0mThis is a info message from thread 2218-09-2026 00:29:33 [38;5;009m[ERROR]: [0mThis is a error message from thread 1318-09-2026 00:29:33 [38;5;015m[INFO]: [0mThis is a info message from thread 918-09-2026 00:29:33 [38;5;009m[ERROR]: [0mThis is a error message from thread 2218-09-2026 00:29:33 [38;5;117m[DEBUG]: [0mThis is a debug message from thread 1318-09-2026 00:29:33 [38;5;009m[ERROR]: [0mThis is a error message from thread 918-09-2026 00:29:33 [38;5;117m[DEBUG]: [0mThis is a debug message from thread 2218-09-2026 00:29:33 [38;5;117m[DEBUG]: [0mThis is a debug message from thread 918-09-2026 00:29:33 [38;5;015m[INFO]: [0mThis is a info message from thread 1318-09-2026 00:29:33 [38;5;015m[INFO]: [0mThis is a info message from thread 918-09-2026 00:29:33 [38;5;009m[ERROR]: [0mThis is a error message from thread 118-09-2026 00:29:33 [38;5;015m[INFO]: [0mThis is a info message from thread 2218-09-2026 00:29:33 [38;5;015m[INFO]: [0mThis is a info message from thread 718-09-2026 00:29:33 [38;5;009m[ERROR]: [0mThis is a error message from thread 918-09-2026 00:29:33 [38;5;009m[ERROR]: [0mThis is a error message from thread 1318-09-2026 00:29:33 [38;5;009m[ERROR]: [0mThis is a error message from thread 2218-09-2026 00:29:33 [38;5;009m[ERROR]: [0mThis is a error message from thread 718-09-2026 00:29:33 [38;5;117m[DEBUG]: [0mThis is a debug message from thread 1318-09-2026 00:29:33 [38;5;015m[INFO]: [0mThis is a info message from thread 2318-09-2026 00:29:33 [38;5;117m[DEBUG]: [0mThis is a debug message from thread 2218-09-2026 00:29:33 [38;5;015m[INFO]: [0mThis is a info message from thread 1318-09-2026 00:29:33 [38;5;015m[INFO]: [0mThis is a info message from thread 1118-09-2026 00:29:33 [38;5;009m[ERROR]: [0mThis is a error message from thread 2318-09-2026 00:29:33 [38;5;015m[INFO]: [0mThis is a info message from thread 1918-09-2026 00:29:33 [38;5;015m[INFO]: [0mThis is a info message from thread 2718-09-2026 00:29:33 [38;5;117m[DEBUG]: [0mThis is a debug message from thread 618-09-2026 00:29:33 [38;5;009m[ERROR]: [0mThis is a error message from thread 2718-09-2026 00:29:33 [38;5;009m[ERROR]: [0mThis is a error message from thread 2418-09-2026 00:29:33 [38;5;117m[DEBUG]: [0mThis is a debug message from thread 1618-09-2026 00:29:33 [38;5;117m[DEBUG]: [0mThis is a debug message from thread 2418-09-2026 00:29:33 [38;5;009m[ERROR]: [0mThis is a error message from thread 1918-09-2026 00:29:33 [38;5;117m[DEBUG]: [0mThis is a debug message from thread 1718-09-2026 00:29:33 [38;5;009m[ERROR]: [0mThis is a error message from thread 1818-09-2026 00:29:33 [38;5;117m[DEBUG]: [0mThis is a debug message from thread 918-09-2026 00:29:33 [38;5;117m[DEBUG]: [0mThis is a debug message from thread 1818-09-2026 00:29:33 [38;5;117m[DEBUG]: [0mThis is a debug message from thread 1218-09-2026 00:29:33 [38;5;009m[ERROR]: [0mThis is a error message from thread 2818-09-2026 00:29:33 [38;5;015m[INFO]: [0mThis is a info message from thread 918-09-2026 00:29:33 [38;5;117m[DEBUG]: [0mThis is a debug message from thread 1918-09-2026 00:29:33 [38;5;117m[DEBUG]: [0mThis is a debug message from thread 2818-09-2026 00:29:33 [38;5;015m[INFO]: [0mThis is a info message from thread 1218-09-2026 00:29:33 [38;5;009m[ERROR]: [0mThis is a error message from thread 1318-09-2026 00:29:33 [38;5;015m[INFO]: [0mThis is a info message from thread 2818-09-2026 00:29:33 [38;5;015m[INFO]: [0mThis is a info message from thread 1818-09-2026 00:29:33 [38;5;015m[INFO]: [0mThis is a info message from thread 1518-09-2026 00:29:33 [38;5;015m[INFO]: [0mThis is a info message from thread 2418-09-2026 00:29:33 [38;5;117m[DEBUG]: [0mThis is a debug message from thread 2718-09-2026 00:29:33 [38;5;009m[ERROR]: [0mThis is a error message from thread 018-09-2026 00:29:33 [38;5;117m[DEBUG]: [0mThis is a debug message from thread 1418-09-2026 00:29:33 [38;5;117m[DEBUG]: [0mThis is a debug message from thread 418-09-2026 00:29:33 [38;5;009m[ERROR]: [0mThis is a error message from thread 518-09-2026 00:29:33 [38;5;117m[DEBUG]: [0mThis is a debug message from thread 2618-09-2026 00:29:33 [38;5;009m[ERROR]: [0mThis is a error message from thread 1018-09-2026 00:29:33 [38;5;117m[DEBUG]: [0mThis is a debug message from thread 318-09-2026 00:29:33 [38;5;117m[DEBUG]: [0mThis is a debug message from thread 118-09-2026 00:29:33 [38;5;009m[ERROR]: [0mThis is a error message from thread 818-09-2026 00:29:33 [38;5;015m[INFO]: [0mThis is a info message from thread 1618-09-2026 00:29:33 [38;5;117m[DEBUG]: [0mThis is a debug message from thread 2018-09-2026 00:29:33 [38;5;009m[ERROR]: [0mThis is a error message from thread 2418-09-2026 00:29:33 [38;5;117m[DEBUG]: [0mThis is a debug message from thread 518-09-2026 00:29:33 [38;5;009m[ERROR]: [0mThis is a error message from thread 918-09-2026 00:29:33 [38;5;009m[ERROR]: [0mThis is a error message from thread 1218-09-2026 00:29:33 [38;5;009m[ERROR]: [0mThis is a error message from thread 1518-09-2026 00:29:33 [38;5;015m[INFO]: [0mThis is a info message from thread 118-09-2026 00:29:33 [38;5;009m[ERROR]: [0mThis is a error message from thread 1618-09-2026 00:29:33 [38;5;015m[INFO]: [0mThis is a info message from thread 2218-09-2026 00:29:33 [38;5;015m[INFO]: [0mThis is a info message from thread 1918-09-2026 00:29:33 [38;5;015m[INFO]: [0mThis is a info message from thread 318-09-2026 00:29:33 [38;5;117m[DEBUG]: [0mThis is a debug message from thread 918-09-2026 00:29:33 [38;5;117m[DEBUG]: [0mThis is a debug message from thread 1018-09-2026 00:29:33 [38;5;009m[ERROR]: [0mThis is a error message from thread 1918-09-2026 00:29:33 [38;5;117m[DEBUG]: [0mThis is a debug message from thread 1518-09-2026 00:29:33 [38;5;009m[ERROR]: [0mThis is a error message from thread 318-09-2026 00:29:33 [38;5;117m[DEBUG]: [0mThis is a debug message from thread 1918-09-2026 00:29:33 [38;5;117m[DEBUG]: [0mThis is a debug message from thread 1618-09-2026 00:29:33 [38;5;009m[ERROR]: [0mThis is a error message from thread 1818-09-2026 00:29:33 [38;5;015m[INFO]: [0mThis is a info message from thread 1918-09-2026 00:29:33 [38;5;117m[DEBUG]: [0mThis is a debug message from thread 818-09-2026 00:29:33 [38;5;015m[INFO]: [0mThis is a info message from thread 1618-09-2026 00:29:33 [38;5;009m[ERROR]: [0mThis is a error message from thread 2818-09-2026 00:29:33 [38;5;117m[DEBUG]: [0mThis is a debug message from thread 2518-09-2026 00:29:33 [38;5;015m[INFO]: [0mThis is a info message from thread 1518-09-2026 00:29:33 [38;5;009m[ERROR]: [0mThis is a error message from thread 1618-09-2026 00:29:33 [38;5;117m[DEBUG]: [0mThis is a debug message from thread 2318-09-2026 00:29:33 [38;5;117m[DEBUG]: [0mThis is a debug message from thread 1318-09-2026 00:29:33 [38;5;117m[DEBUG]: [0mThis is a debug message from thread 1818-09-2026 00:29:33 [38;5;009m[ERROR]: [0mThis is a error message from thread 2218-09-2026 00:29:33 [38;5;117m[DEBUG]: [0mThis is a debug message from thread 2218-09-2026 00:29:33 [38;5;117m[DEBUG]: [0mThis is a debug message from thread 1218-09-2026 00:29:33 [38;5;015m[INFO]: [0mThis is a info message from thread 918-09-2026 00:29:33 [38;5;117m[DEBUG]: [0mThis is a debug message from thread 1618-09-2026 00:29:33 [38;5;009m[ERROR]: [0mThis is a error message from thread 1918-09-2026 00:29:33 [38;5;015m[INFO]: [0mThis is a info message from thread 1218-09-2026 00:29:33 [38;5;015m[INFO]: [0mThis is a info message from thread 2318-09-2026 00:29:33 [38;5;015m[INFO]: [0mThis is a info message from thread 1318-09-2026 00:29:33 [38;5;117m[DEBUG]: [0mThis is a debug message from thread 2818-09-2026 00:29:33 [38;5;015m[INFO]: [0mThis is a info message from thread 2818-09-2026 00:29:33 [38;5;015m[INFO]: [0mThis is a info message from thread 1618-09-2026 00:29:33 [38;5;015m[INFO]: [0mThis is a info message from thread 1418-09-2026 00:29:33 [38;5;117m[DEBUG]: [0mThis is a debug message from thread 2418-09-2026 00:29:33 [38;5;015m[INFO]: [0mThis is a info message from thread 418-09-2026 00:29:33 [38;5;009m[ERROR]: [0mThis is a error message from thread 1218-09-2026 00:29:33 [38;5;015m[INFO]: [0mThis is a info message from thread 2018-09-2026 00:29:33 [38;5;015m[INFO]: [0mThis is a info message from thread 518-09-2026 00:29:33 [38;5;015m[INFO]: [0mThis is a info message from thread 2618-09-2026 00:29:33 [38;5;015m[INFO]: [0mThis is a info message from thread 2718-09-2026 00:29:33 [38;5;117m[DEBUG]: [0mThis is a debug message from thread 318-09-2026 00:29:33 [38;5;015m[INFO]: [0mThis is a info message from thread 2518-09-2026 00:29:33 [38;5;117m[DEBUG]: [0mThis is a debug message from thread 1218-09-2026 00:29:33 [38;5;117m[DEBUG]: [0mThis is a debug message from thread 1918-09-2026 00:29:33 [38;5;009m[ERROR]: [0mThis is a error message from thread 1118-09-2026 00:29:33 [38;5;009m[ERROR]: [0mThis is a error message from thread 1518-09-2026 00:29:33 [38;5;015m[INFO]: [0mThis is a info message from thread 1018-09-2026 00:29:33 [38;5;009m[ERROR]: [0mThis is a error message from thread 118-09-2026 00:29:33 [38;5;009m[ERROR]: [0mThis is a error message from thread 518-09-2026 00:29:33 [38;5;009m[ERROR]: [0mThis is a error message from thread 1018-09-2026 00:29:33 [38;5;015m[INFO]: [0mThis is a info message from thread 618-09-2026 00:29:33 [38;5;015m[INFO]: [0mThis is a info message from thread 2218-09-2026 00:29:33 [38;5;015m[INFO]: [0mThis is a info message from thread 2418-09-2026 00:29:33 [38;5;117m[DEBUG]: [0mThis is a debug message from thread 2918-09-2026 00:29:33 [38;5;009m[ERROR]: [0mThis is a error message from thread 1318-09-2026 00:29:33 [38;5;117m[DEBUG]: [0mThis is a debug message from thread 018-09-2026 00:29:33 [38;5;009m[ERROR]: [0mThis is a error message from thread 2118-09-2026 00:29:33 [38;5;009m[ERROR]: [0mThis is a error message from thread 2218-09-2026 00:29:33 [38;5;117m[DEBUG]: [0mThis is a debug message from thread 518-09-2026 00:29:33 [38;5;015m[INFO]: [0mThis is a info message from thread 1218-09-2026 00:29:33 [38;5;117m[DEBUG]: [0mThis is a debug message from thread 1518-09-2026 00:29:33 [38;5;009m[ERROR]: [0mThis is a error message from thread 618-09-2026 00:29:33 [38;5;009m[ERROR]: [0mThis is a error message from thread 2518-09-2026 00:29:33 [38;5;117m[DEBUG]: [0mThis is a debug message from thread 718-09-2026 00:29:33 [38;5;009m[ERROR]: [0mThis is a error message from thread 918-09-2026 00:29:33 [38;5;117m[DEBUG]: [0mThis is a debug message from thread 1018-09-2026 00:29:33 [38;5;015m[INFO]: [0mThis is a info message from thread 1518-09-2026 00:29:33 [38;5;015m[INFO]: [0mThis is a info message from thread 2918-09-2026 00:29:33 [38;5;015m[INFO]: [0mThis is a info message from thread 318-09-2026 00:29:33 [38;5;009m[ERROR]: [0mThis is a error message from thread 2918-09-2026 00:29:33 [38;5;015m[INFO]: [0mThis is a info message from thread 1018-09-2026 00:29:33 [38;5;117m[DEBUG]: [0mThis is a debug message from thread 2218-09-2026 00:29:33 [38;5;009m[ERROR]: [0mThis is a error message from thread 1218-09-2026 00:29:33 [38;5;015m[INFO]: [0mThis is a info message from thread 1718-09-2026 00:29:33 [38;5;009m[ERROR]: [0mThis is a error message from thread 2818-09-2026 00:29:33 [38;5;015m[INFO]: [0mThis is a info message from thread 718-09-2026 00:29:33 [38;5;117m[DEBUG]: [0mThis is a debug message from thread 2918-09-2026 00:29:33 [38;5;015m[INFO]: [0mThis is a info message from thread 2218-09-2026 00:29:33 [38;5;009m[ERROR]: [0mThis is a error message from thread 318-09-2026 00:29:33 [38;5;009m[ERROR]: [0mThis is a error message from thread 1518-09-2026 00:29:33 [38;5;015m[INFO]: [0mThis is a info message from thread 1818-09-2026 00:29:33 [38;5;117m[DEBUG]: [0mThis is a debug message from thread 2818-09-2026 00:29:33 [38;5;009m[ERROR]: [0mThis is a error message from thread 2018-09-2026 00:29:33 [38;5;009m[ERROR]: [0mThis is a error message from thread 2418-09-2026 00:29:33 [38;5;015m[INFO]: [0mThis is a info message from thread 1918-09-2026 00:29:33 [38;5;009m[ERROR]: [0mThis is a error message from thread 1418-09-2026 00:29:33 [38;5;009m[ERROR]: [0mThis is a error message from thread 418-09-2026 00:29:33 [38;5;117m[DEBUG]: [0mThis is a debug message from thread 2118-09-2026 00:29:33 [38;5;117m[DEBUG]: [0mThis is a debug message from thread 1418-09-2026 00:29:33 [38;5;009m[ERROR]: [0mThis is a error message from thread 2718-09-2026 00:29:33 [38;5;117m[DEBUG]: [0mThis is a debug message from thread 418-09-2026 00:29:33 [38;5;009m[ERROR]: [0mThis is a error message from thread 1618-09-2026 00:29:33 [38;5;117m[DEBUG]: [0mThis is a debug message from thread 2718-09-2026 00:29:33 [38;5;015m[INFO]: [0mThis is a info message from thread 418-09-2026 00:29:33 [38;5;117m[DEBUG]: [0mThis is a debug message from thread 2018-09-2026 00:29:33 [38;5;117m[DEBUG]: [0mThis is a debug message from thread 1618-09-2026 00:29:33 [38;5;015m[INFO]: [0mThis is a info message from thread 2718-09-2026 00:29:33 [38;5;009m[ERROR]: [0mThis is a error message from thread 2218-09-2026 00:29:33 [38;5;015m[INFO]: [0mThis is a info message from thread 2018-09-2026 00:29:33 [38;5;117m[DEBUG]: [0mThis is a debug message from thread 2218-09-2026 00:29:33 [38;5;015m[INFO]: [0mThis is a info message from thread 2118-09-2026 00:29:33 [38;5;009m[ERROR]: [0mThis is a error message from thread 1718-09-2026 00:29:33 [38;5;009m[ERROR]: [0mThis is a error message from thread 2018-09-2026 00:29:33 [38;5;015m[INFO]: [0mThis is a info message from thread 1618-09-2026 00:29:33 [38;5;009m[ERROR]: [0mThis is a error message from thread 1918-09-2026 00:29:33 [38;5;009m[ERROR]: [0mThis is a error message from thread 2318-09-2026 00:29:33 [38;5;009m[ERROR]: [0mThis is a error message from thread 418-09-2026 00:29:33 [38;5;009m[ERROR]: [0mThis is a error message from thread 1018-09-2026 00:29:33 [38;5;117m[DEBUG]: [0mThis is a debug message from thread 2418-09-2026 00:29:33 [38;5;015m[INFO]: [0mThis is a info message from thread 2918-09-2026 00:29:33 [38;5;117m[DEBUG]: [0mThis is a debug message from thread 318-09-2026 00:29:33 [38;5;009m[ERROR]: [0mThis is a error message from thread 718-09-2026 00:29:33 [38;5;015m[INFO]: [0mThis is a info message from thread 2418-09-2026 00:29:33 [38;5;015m[INFO]: [0mThis is a info message from thread 2218-09-2026 00:29:33 [38;5;117m[DEBUG]: [0mThis is a debug message from thread 618-09-2026 00:29:33 [38;5;015m[INFO]: [0mThis is a info message from thread 518-09-2026 00:29:33 [38;5;015m[INFO]: [0mThis is a info message from thread 018-09-2026 00:29:33 [38;5;117m[DEBUG]: [0mThis is a debug message from thread 1918-09-2026 00:29:33 [38;5;009m[ERROR]: [0mThis is a error message from thread 2418-09-2026 00:29:33 [38;5;009m[ERROR]: [0mThis is a error message from thread 2218-09-2026 00:29:33 [38;5;117m[DEBUG]: [0mThis is a debug message from thread 2418-09-2026 00:29:33 [38;5;117m[DEBUG]: [0mThis is a debug message from thread 418-09-2026 00:29:33 [38;5;117m[DEBUG]: [0mThis is a debug message from thread 2318-09-2026 00:29:33 [38;5;015m[INFO]: [0mThis is a info message from thread 318-09-2026 00:29:33 [38;5;015m[INFO]: [0mThis is a info message from thread 2418-09-2026 00:29:33 [38;5;117m[DEBUG]: [0mThis is a debug message from thread 2218-09-2026 00:29:33 [38;5;009m[ERROR]: [0mThis is a error message from thread 2918-09-2026 00:29:33 [38;5;117m[DEBUG]: [0mThis is a debug message from thread 2018-09-2026 00:29:33 [38;5;117m[DEBUG]: [0mThis is a debug message from thread 1218-09-2026 00:29:33 [38;5;117m[DEBUG]: [0mThis is a debug message from thread 118-09-2026 00:29:33 [38;5;117m[DEBUG]: [0mThis is a debug message from thread 1118-09-2026 00:29:33 [38;5;015m[INFO]: [0mThis is a info message from thread 1218-09-2026 00:29:33 [38;5;015m[INFO]: [0mThis is a info message from thread 1418-09-2026 00:29:33 [38;5;117m[DEBUG]: [0mThis is a debug message from thread 1018-09-2026 00:29:33 [38;5;009m[ERROR]: [0mThis is a error message from thread 218-09-2026 00:29:33 [38;5;015m[INFO]: [0mThis is a info message from thread 418-09-2026 00:29:33 [38;5;015m[INFO]: [0mThis is a info message from thread 2218-09-2026 00:29:33 [38;5;009m[ERROR]: [0mThis is a error message from thread 1818-09-2026 00:29:33 [38;5;117m[DEBUG]: [0mThis is a debug message from thread 718-09-2026 00:29:33 [38;5;015m[INFO]: [0mThis is a info message from thread 818-09-2026 00:29:33 [38;5;009m[ERROR]: [0mThis is a error message from thread 318-09-2026 00:29:33 [38;5;009m[ERROR]: [0mThis is a error message from thread 818-09-2026 00:29:33 [38;5;117m[DEBUG]: [0mThis is a debug message from thread 2918-09-2026 00:29:33 [38;5;117m[DEBUG]: [0mThis is a debug message from thread 1318-09-2026 00:29:33 [38;5;009m[ERROR]: [0mThis is a error message from thread 2718-09-2026 00:29:33 [38;5;117m[DEBUG]: [0mThis is a debug message from thread 818-09-2026 00:29:33 [38;5;117m[DEBUG]: [0mThis is a debug message from thread 218-09-2026 00:29:33 [38;5;009m[ERROR]: [0mThis is a error message from thread 1418-09-2026 00:29:33 [38;5;015m[INFO]: [0mThis is a info message from thread 718-09-2026 00:29:33 [38;5;117m[DEBUG]: [0mThis is a debug message from thread 1418-09-2026 00:29:33 [38;5;009m[ERROR]: [0mThis is a error message from thread 418-09-2026 00:29:33 [38;5;009m[ERROR]: [0mThis is a error message from thread 1618-09-2026 00:29:33 [38;5;015m[INFO]: [0mThis is a info message from thread 1318-09-2026 00:29:33 [38;5;009m[ERROR]: [0mThis is a error message from thread 718-09-2026 00:29:33 [38;5;117m[DEBUG]: [0mThis is a debug message from thread 1718-09-2026 00:29:33 [38;5;009m[ERROR]: [0mThis is a error message from thread 018-09-2026 00:29:33 [38;5;015m[INFO]: [0mThis is a info message from thread 818-09-2026 00:29:33 [38;5;015m[INFO]: [0mThis is a info message from thread 618-09-2026 00:29:33 [38;5;015m[INFO]: [0mThis is a info message from thread 2918-09-2026 00:29:33 [38;5;117m[DEBUG]: [0mThis is a debug message from thread 318-09-2026 00:29:33 [38;5;009m[ERROR]: [0mThis is a error message from thread 518-09-2026 00:29:33 [38;5;117m[DEBUG]: [0mThis is a debug message from thread 1618-09-2026 00:29:33 [38;5;015m[INFO]: [0mThis is a info message from thread 1918-09-2026 00:29:33 [38;5;015m[INFO]: [0mThis is a info message from thread 118-09-2026 00:29:33 [38;5;009m[ERROR]: [0mThis is a error message from thread 818-09-2026 00:29:33 [38;5;015m[INFO]: [0mThis is a info message from thread 1418-09-2026 00:29:33 [38;5;015m[INFO]: [0mThis is a info message from thread 2018-09-2026 00:29:33 [38;5;015m[INFO]: [0mThis is a info message from thread 1118-09-2026 00:29:33 [38;5;009m[ERROR]: [0mThis is a error message from thread 2118-09-2026 00:29:33 [38;5;117m[DEBUG]: [0mThis is a debug message from thread 2518-09-2026 00:29:33 [38;5;015m[INFO]: [0mThis is a info message from thread 1018-09-2026 00:29:33 [38;5;015m[INFO]: [0mThis is a info message from thread 318-09-2026 00:29:33 [38;5;009m[ERROR]: [0mThis is a error message from thread 1418-09-2026 00:29:33 [38;5;009m[ERROR]: [0mThis is a error message from thread 1118-09-2026 00:29:33 [38;5;009m[ERROR]: [0mThis is a error message from thread 1218-09-2026 00:29:33 [38;5;015m[INFO]: [0mThis is a info message from thread 2818-09-2026 00:29:33 [38;5;117m[DEBUG]: [0mThis is a debug message from thread 018-09-2026 00:29:33 [38;5;117m[DEBUG]: [0mThis is a debug message from thread 2718-09-2026 00:29:33 [38;5;117m[DEBUG]: [0mThis is a debug message from thread 418-09-2026 00:29:33 [38;5;117m[DEBUG]: [0mThis is a debug message from thread 518-09-2026 00:29:33 [38;5;117m[DEBUG]: [0mThis is a debug message from thread 1418-09-2026 00:29:33 [38;5;117m[DEBUG]: [0mThis is a debug message from thread 718-09-2026 00:29:33 [38;5;117m[DEBUG]: [0mThis is a debug message from thread 1218-09-2026 00:29:33 [38;5;117m[DEBUG]: [0mThis is a debug message from thread 1818-09-2026 00:29:33 [38;5;009m[ERROR]: [0mThis is a error message from thread 118-09-2026 00:29:33 [38;5;009m[ERROR]: [0mThis is a error message from thread 2618-09-2026 00:29:33 [38;5;015m[INFO]: [0mThis is a info message from thread 2718-09-2026 00:29:33 [38;5;009m[ERROR]: [0mThis is a error message from thread 2418-09-2026 00:29:33 [38;5;009m[ERROR]: [0mThis is a error message from thread 318-09-2026 00:29:33 [38;5;015m[INFO]: [0mThis is a info message from thread 418-09-2026 00:29:33 [38;5;015m[INFO]: [0mThis is a info message from thread 1618-09-2026 00:29:33 [38;5;117m[DEBUG]: [0mThis is a debug message from thread 318-09-2026 00:29:33 [38;5;015m[INFO]: [0mThis is a info message from thread 018-09-2026 00:29:33 [38;5;117m[DEBUG]: [0mThis is a debug message from thread 2618-09-2026 00:29:33 [38;5;015m[INFO]: [0mThis is a info message from thread 1418-09-2026 00:29:33 [38;5;009m[ERROR]: [0mThis is a error message from thread 1018-09-2026 00:29:33 [38;5;117m[DEBUG]: [0mThis is a debug message from thread 1518-09-2026 00:29:33 [38;5;009m[ERROR]: [0mThis is a error message from thread 2018-09-2026 00:29:33 [38;5;015m[INFO]: [0mThis is a info message from thread 718-09-2026 00:29:33 [38;5;009m[ERROR]: [0mThis is a error message from thread 1418-09-2026 00:29:33 [38;5;009m[ERROR]: [0mThis is a error message from thread 2918-09-2026 00:29:33 [38;5;015m[INFO]: [0mThis is a info message from thread 1218-09-2026 00:29:33 [38;5;015m[INFO]: [0mThis is a info message from thread 218-09-2026 00:29:33 [38;5;015m[INFO]: [0mThis is a info message from thread 2618-09-2026 00:29:33 [38;5;009m[ERROR]: [0mThis is a error message from thread 1218-09-2026 00:29:33 [38;5;009m[ERROR]: [0mThis is a error message from thread 2618-09-2026 00:29:33 [38;5;015m[INFO]: [0mThis is a info message from thread 1518-09-2026 00:29:33 [38;5;015m[INFO]: [0mThis is a info message from thread 1718-09-2026 00:29:33 [38;5;009m[ERROR]: [0mThis is a error message from thread 418-09-2026 00:29:33 [38;5;009m[ERROR]: [0mThis is a error message from thread 1718-09-2026 00:29:33 [38;5;015m[INFO]: [0mThis is a info message from thread 518-09-2026 00:29:33 [38;5;117m[DEBUG]: [0mThis is a debug message from thread 2118-09-2026 00:29:33 [38;5;117m[DEBUG]: [0mThis is a debug message from thread 2618-09-2026 00:29:33 [38;5;117m[DEBUG]: [0mThis is a debug message from thread 118-09-2026 00:29:33 [38;5;117m[DEBUG]: [0mThis is a debug message from thread 1218-09-2026 00:29:33 [38;5;117m[DEBUG]: [0mThis is a debug message from thread 2918-09-2026 00:29:33 [38;5;015m[INFO]: [0mThis is a info message from thread 2118-09-2026 00:29:33 [38;5;009m[ERROR]: [0mThis is a error message from thread 1618-09-2026 00:29:33 [38;5;117m[DEBUG]: [0mThis is a debug message from thread 1718-09-2026 00:29:33 [38;5;009m[ERROR]: [0mThis is a error message from thread 1918-09-2026 00:29:33 [38;5;015m[INFO]: [0mThis is a info message from thread 1818-09-2026 00:29:33 [38;5;015m[INFO]: [0mThis is a info message from thread 2618-09-2026 00:29:33 [38;5;009m[ERROR]: [0mThis is a error message from thread 718-09-2026 00:29:33 [38;5;015m[INFO]: [0mThis is a info message from thread 118-09-2026 00:29:33 [38;5;009m[ERROR]: [0mThis is a error message from thread 1518-09-2026 00:29:33 [38;5;015m[INFO]: [0mThis is a info message from thread 1718-09-2026 00:29:33 [38;5;009m[ERROR]: [0mThis is a error message from thread 1718-09-2026 00:29:33 [38;5;117m[DEBUG]: [0mThis is a debug message from thread 1518-09-2026 00:29:33 [38;5;009m[ERROR]: [0mThis is a error message from thread 2618-09-2026 00:29:33 [38;5;117m[DEBUG]: [0mThis is a debug message from thread 718-09-2026 00:29:33 [38;5;117m[DEBUG]: [0mThis is a debug message from thread 418-09-2026 00:29:33 [38;5;009m[ERROR]: [0mThis is a error message from thread 618-09-2026 00:29:33 [38;5;009m[ERROR]: [0mThis is a error message from thread 2218-09-2026 00:29:33 [38;5;117m[DEBUG]: [0mThis is a debug message from thread 1618-09-2026 00:29:33 [38;5;015m[INFO]: [0mThis is a info message from thread 318-09-2026 00:29:33 [38;5;015m[INFO]: [0mThis is a info message from thread 2918-09-2026 00:29:33 [38;5;117m[DEBUG]: [0mThis is a debug message from thread 2418-09-2026 00:29:33 [38;5;009m[ERROR]: [0mThis is a error message from thread 018-09-2026 00:29:33 [38;5;117m[DEBUG]: [0mThis is a debug message from thread 1918-09-2026 00:29:33 [38;5;015m[INFO]: [0mThis is a info message from thread 718-09-2026 00:29:33 [38;5;015m[INFO]: [0mThis is a info message from thread 1218-09-2026 00:29:33 [38;5;015m[INFO]: [0mThis is a info message from thread 1518-09-2026 00:29:33 [38;5;009m[ERROR]: [0mThis is a error message from thread 118-09-2026 00:29:33 [38;5;117m[DEBUG]: [0mThis is a debug message from thread 618-09-2026 00:29:33 [38;5;117m[DEBUG]: [0mThis is a debug message from thread 2218-09-2026 00:29:33 [38;5;009m[ERROR]: [0mThis is a error message from thread 1218-09-2026 00:29:33 [38;5;117m[DEBUG]: [0mThis is a debug message from thread 1218-09-2026 00:29:33 [38;5;009m[ERROR]: [0mThis is a error message from thread 1518-09-2026 00:29:33 [38;5;015m[INFO]: [0mThis is a info message from thread 1918-09-2026 00:29:33 [38;5;009m[ERROR]: [0mThis is a error message from thread 1918-09-2026 00:29:33 [38;5;117m[DEBUG]: [0mThis is a debug message from thread 1518-09-2026 00:29:33 [38;5;015m[INFO]: [0mThis is a info message from thread 1518-09-2026 00:29:33 [38;5;009m[ERROR]: [0mThis is a error message from thread 2918-09-2026 00:29:33 [38;5;015m[INFO]: [0mThis is a info message from thread 618-09-2026 00:29:33 [38;5;015m[INFO]: [0mThis is a info message from thread 2218-09-2026 00:29:33 [38;5;015m[INFO]: [0mThis is a info message from thread 1618-09-2026 00:29:33 [38;5;117m[DEBUG]: [0mThis is a debug message from thread 118-09-2026 00:29:33 [38;5;117m[DEBUG]: [0mThis is a debug message from thread 1918-09-2026 00:29:33 [38;5;009m[ERROR]: [0mThis is a error message from thread 2718-09-2026 00:29:33 [38;5;117m[DEBUG]: [0mThis is a debug message from thread 2618-09-2026 00:29:33 [38;5;117m[DEBUG]: [0mThis is a debug message from thread 2018-09-2026 00:29:33 [38;5;117m[DEBUG]: [0mThis is a debug message from thread 1018-09-2026 00:29:33 [38;5;015m[INFO]: [0mThis is a info message from thread 1218-09-2026 00:29:33 [38;5;009m[ERROR]: [0mThis is a error message from thread 618-09-2026 00:29:33 [38;5;009m[ERROR]: [0mThis is a error message from thread 1218-09-2026 00:29:33 [38;5;117m[DEBUG]: [0mThis is a debug message from thread 2718-09-2026 00:29:33 [38;5;015m[INFO]: [0mThis is a info message from thread 2618-09-2026 00:29:33 [38;5;009m[ERROR]: [0mThis is a error message from thread 2218-09-2026 00:29:33 [38;5;117m[DEBUG]: [0mThis is a debug message from thread 1718-09-2026 00:29:33 [38;5;117m[DEBUG]: [0mThis is a debug message from thread 2918-09-2026 00:29:33 [38;5;009m[ERROR]: [0mThis is a error message from thread 1818-09-2026 00:29:33 [38;5;009m[ERROR]: [0mThis is a error message from thread 2618-09-2026 00:29:33 [38;5;009m[ERROR]: [0mThis is a error message from thread 318-09-2026 00:29:33 [38;5;015m[INFO]: [0mThis is a info message from thread 2318-09-2026 00:29:33 [38;5;015m[INFO]: [0mThis is a info message from thread 2518-09-2026 00:29:33 [38;5;015m[INFO]: [0mThis is a info message from thread 1918-09-2026 00:29:33 [38;5;009m[ERROR]: [0mThis is a error message from thread 2818-09-2026 00:29:33 [38;5;009m[ERROR]: [0mThis is a error message from thread 1318-09-2026 00:29:33 [38;5;015m[INFO]: [0mThis is a info message from thread 2018-09-2026 00:29:33 [38;5;015m[INFO]: [0mThis is a info message from thread 2718-09-2026 00:29:33 [38;5;009m[ERROR]: [0mThis is a error message from thread 518-09-2026 00:29:33 [38;5;117m[DEBUG]: [0mThis is a debug message from thread 1318-09-2026 00:29:33 [38;5;009m[ERROR]: [0mThis is a error message from thread 2318-09-2026 00:29:33 [38;5;009m[ERROR]: [0mThis is a error message from thread 2718-09-2026 00:29:33 [38;5;117m[DEBUG]: [0mThis is a debug message from thread 1218-09-2026 00:29:33 [38;5;015m[INFO]: [0mThis is a info message from thread 1318-09-2026 00:29:33 [38;5;117m[DEBUG]: [0mThis is a debug message from thread 1118-09-2026 00:29:33 [38;5;009m[ERROR]: [0mThis is a error message from thread 1518-09-2026 00:29:33 [38;5;009m[ERROR]: [0mThis is a error message from thread 2018-09-2026 00:29:33 [38;5;117m[DEBUG]: [0mThis is a debug message from thread 2818-09-2026 00:29:33 [38;5;117m[DEBUG]: [0mThis is a debug message from thread 618-09-2026 00:29:33 [38;5;009m[ERROR]: [0mThis is a error message from thread 1318-09-2026 00:29:33 [38;5;015m[INFO]: [0mThis is a info message from thread 1718-09-2026 00:29:33 [38;5;117m[DEBUG]: [0mThis is a debug message from thread 918-09-2026 00:29:33 [38;5;015m[INFO]: [0mThis is a info message from thread 1218-09-2026 00:29:33 [38;5;117m[DEBUG]: [0mThis is a debug message from thread 2718-09-2026 00:29:33 [38;5;117m[DEBUG]: [0mThis is a debug message from thread 2218-09-2026 00:29:33 [38;5;117m[DEBUG]: [0mThis is a debug message from thread 2618-09-2026 00:29:33 [38;5;015m[INFO]: [0mThis is a info message from thread 1118-09-2026 00:29:33 [38;5;117m[DEBUG]: [0mThis is a debug message from thread 1418-09-2026 00:29:33 [38;5;117m[DEBUG]: [0mThis is a debug message from thread 1318-09-2026 00:29:33 [38;5;015m[INFO]: [0mThis is a info message from thread 618-09-2026 00:29:33 [38;5;015m[INFO]: [0mThis is a info message from thread 2718-09-2026 00:29:33 [38;5;015m[INFO]: [0mThis is a info message from thread 2818-09-2026 00:29:33 [38;5;015m[INFO]: [0mThis is a info message from thread 2618-09-2026 00:29:33 [38;5;015m[INFO]: [0mThis is a info message from thread 2918-09-2026 00:29:33 [38;5;009m[ERROR]: [0mThis is a error message from thread 1918-09-2026 00:29:33 [38;5;009m[ERROR]: [0mThis is a error message from thread 2618-09-2026 00:29:33 [38;5;009m[ERROR]: [0mThis is a error message from thread 2718-09-2026 00:29:33 [38;5;015m[INFO]: [0mThis is a info message from thread 1418-09-2026 00:29:33 [38;5;009m[ERROR]: [0mThis is a error message from thread 2918-09-2026 00:29:33 [38;5;117m[DEBUG]: [0mThis is a debug message from thread 2718-09-2026 00:29:33 [38;5;117m[DEBUG]: [0mThis is a debug message from thread 2918-09-2026 00:29:33 [38;5;009m[ERROR]: [0mThis is a error message from thread 1418-09-2026 00:29:33 [38;5;009m[ERROR]: [0mThis is a error message from thread 2818-09-2026 00:29:33 [38;5;015m[INFO]: [0mThis is a info message from thread 2918-09-2026 00:29:33 [38;5;117m[DEBUG]: [0mThis is a debug message from thread 2618-09-2026 00:29:33 [38;5;015m[INFO]: [0mThis is a info message from thread 2718-09-2026 00:29:33 [38;5;009m[ERROR]: [0mThis is a error message from thread 2718-09-2026 00:29:33 [38;5;117m[DEBUG]: [0mThis is a debug message from thread 2718-09-2026 00:29:33 [38;5;015m[INFO]: [0mThis is a info message from thread 2618-09-2026 00:29:33 [38;5;009m[ERROR]: [0mThis is a error message from thread 618-09-2026 00:29:33 [38;5;009m[ERROR]: [0mThis is a error message from thread 2918-09-2026 00:29:33 [38;5;117m[DEBUG]: [0mThis is a debug message from thread 2918-09-2026 00:29:33 [38;5;009m[ERROR]: [0mThis is a error message from thread 2618-09-2026 00:29:33 [38;5;117m[DEBUG]: [0mThis is a debug message from thread 1418-09-2026 00:29:33 [38;5;015m[INFO]: [0mThis is a info message from thread 1318-09-2026 00:29:33 [38;5;015m[INFO]: [0mThis is a info message from thread 918-09-2026 00:29:33 [38;5;015m[INFO]: [0mThis is a info message from thread 2718-09-2026 00:29:33 [38;5;117m[DEBUG]: [0mThis is a debug message from thread 1518-09-2026 00:29:33 [38;5;117m[DEBUG]: [0mThis is a debug message from thread 618-09-2026 00:29:33 [38;5;117m[DEBUG]: [0mThis is a debug message from thread 2818-09-2026 00:29:33 [38;5;009m[ERROR]: [0mThis is a error message from thread 2718-09-2026 00:29:33 [38;5;009m[ERROR]: [0mThis is a error message from thread 1118-09-2026 00:29:33 [38;5;015m[INFO]: [0mThis is a info message from thread 2218-09-2026 00:29:33 [38;5;117m[DEBUG]: [0mThis is a debug message from thread 518-09-2026 00:29:33 [38;5;009m[ERROR]: [0mThis is a error message from thread 218-09-2026 00:29:33 [38;5;117m[DEBUG]: [0mThis is a debug message from thread 1918-09-2026 00:29:33 [38;5;015m[INFO]: [0mThis is a info message from thread 2418-09-2026 00:29:33 [38;5;117m[DEBUG]: [0mThis is a debug message from thread 2718-09-2026 00:29:33 [38;5;009m[ERROR]: [0mThis is a error message from thread 1618-09-2026 00:29:33 [38;5;015m[INFO]: [0mThis is a info message from thread 1518-09-2026 00:29:33 [38;5;117m[DEBUG]: [0mThis is a debug message from thread 2318-09-2026 00:29:33 [38;5;015m[INFO]: [0mThis is a info message from thread 1418-09-2026 00:29:33 [38;5;117m[DEBUG]: [0mThis is a debug message from thread 018-09-2026 00:29:33 [38;5;015m[INFO]: [0mThis is a info message from thread 1018-09-2026 00:29:33 [38;5;009m[ERROR]: [0mThis is a error message from thread 1418-09-2026 00:29:33 [38;5;117m[DEBUG]: [0mThis is a debug message from thread 2018-09-2026 00:29:33 [38;5;015m[INFO]: [0mThis is a info message from thread 2818-09-2026 00:29:33 [38;5;015m[INFO]: [0mThis is a info message from thread 1918-09-2026 00:29:33 [38;5;015m[INFO]: [0mThis is a info message from thread 018-09-2026 00:29:33 [38;5;009m[ERROR]: [0mThis is a error message from thread 1018-09-2026 00:29:33 [38;5;009m[ERROR]: [0mThis is a error message from thread 2418-09-2026 00:29:33 [38;5;009m[ERROR]: [0mThis is a error message from thread 2218-09-2026 00:29:33 [38;5;009m[ERROR]: [0mThis is a error message from thread 1718-09-2026 00:29:33 [38;5;009m[ERROR]: [0mThis is a error message from thread 718-09-2026 00:29:33 [38;5;015m[INFO]: [0mThis is a info message from thread 2918-09-2026 00:29:33 [38;5;009m[ERROR]: [0mThis is a error message from thread 2818-09-2026 00:29:33 [38;5;117m[DEBUG]: [0mThis is a debug message from thread 2818-09-2026 00:29:33 [38;5;117m[DEBUG]: [0mThis is a debug message from thread 2418-09-2026 00:29:33 [38;5;015m[INFO]: [0mThis is a info message from thread 2318-09-2026 00:29:33 [38;5;015m[INFO]: [0mThis is a info message from thread 2818-09-2026 00:29:33 [38;5;117m[DEBUG]: [0mThis is a debug message from thread 1418-09-2026 00:29:33 [38;5;009m[ERROR]: [0mThis is a error message from thread 2818-09-2026 00:29:33 [38;5;117m[DEBUG]: [0mThis is a debug message from thread 1718-09-2026 00:29:33 [38;5;009m[ERROR]: [0mThis is a error message from thread 1318-09-2026 00:29:33 [38;5;009m[ERROR]: [0mThis is a error message from thread 918-09-2026 00:29:33 [38;5;015m[INFO]: [0mThis is a info message from thread 2018-09-2026 00:29:33 [38;5;117m[DEBUG]: [0mThis is a debug message from thread 1818-09-2026 00:29:33 [38;5;117m[DEBUG]: [0mThis is a debug message from thread 918-09-2026 00:29:33 [38;5;117m[DEBUG]: [0mThis is a debug message from thread 1318-09-2026 00:29:33 [38;5;015m[INFO]: [0mThis is a info message from thread 918-09-2026 00:29:33 [38;5;009m[ERROR]: [0mThis is a error message from thread 918-09-2026 00:29:33 [38;5;117m[DEBUG]: [0mThis is a debug message from thread 2818-09-2026 00:29:33 [38;5;117m[DEBUG]: [0mThis is a debug message from thread 918-09-2026 00:29:33 [38;5;015m[INFO]: [0mThis is a info message from thread 1418-09-2026 00:29:33 [38;5;009m[ERROR]: [0mThis is a error message from thread 1918-09-2026 00:29:33 [38;5;015m[INFO]: [0mThis is a info message from thread 2818-09-2026 00:29:33 [38;5;117m[DEBUG]: [0mThis is a debug message from thread 2618-09-2026 00:29:33 [38;5;009m[ERROR]: [0mThis is a error message from thread 2118-09-2026 00:29:33 [38;5;117m[DEBUG]: [0mThis is a debug message from thread 318-09-2026 00:29:33 [38;5;117m[DEBUG]: [0mThis is a debug message from thread 1018-09-2026 00:29:33 [38;5;015m[INFO]: [0mThis is a info message from thread 2618-09-2026 00:29:33 [38;5;015m[INFO]: [0mThis is a info message from thread 1018-09-2026 00:29:33 [38;5;015m[INFO]: [0mThis is a info message from thread 418-09-2026 00:29:33 [38;5;009m[ERROR]: [0mThis is a error message from thread 2818-09-2026 00:29:33 [38;5;009m[ERROR]: [0mThis is a error message from thread 1418-09-2026 00:29:33 [38;5;009m[ERROR]: [0mThis is a error message from thread 2318-09-2026 00:29:33 [38;5;015m[INFO]: [0mThis is a info message from thread 618-09-2026 00:29:33 [38;5;117m[DEBUG]: [0mThis is a debug message from thread 218-09-2026 00:29:33 [38;5;117m[DEBUG]: [0mThis is a debug message from thread 1618-09-2026 00:29:33 [38;5;117m[DEBUG]: [0mThis is a debug message from thread 1418-09-2026 00:29:33 [38;5;117m[DEBUG]: [0mThis is a debug message from thread 2318-09-2026 00:29:33 [38;5;015m[INFO]: [0mThis is a info message from thread 518-09-2026 00:29:33 [38;5;015m[INFO]: [0mThis is a info message from thread 218-09-2026 00:29:33 [38;5;009m[ERROR]: [0mThis is a error message from thread 2018-09-2026 00:29:33 [38;5;015m[INFO]: [0mThis is a info message from thread 1818-09-2026 00:29:33 [38;5;015m[INFO]: [0mThis is a info message from thread 2718-09-2026 00:29:33 [38;5;009m[ERROR]: [0mThis is a error message from thread 518-09-2026 00:29:33 [38;5;117m[DEBUG]: [0mThis is a debug message from thread 718-09-2026 00:29:33 [38;5;015m[INFO]: [0mThis is a info message from thread 1618-09-2026 00:29:33 [38;5;117m[DEBUG]: [0mThis is a debug message from thread 2018-09-2026 00:29:33 [38;5;009m[ERROR]: [0mThis is a error message from thread 1818-09-2026 00:29:33 [38;5;009m[ERROR]: [0mThis is a error message from thread 218-09-2026 00:29:33 [38;5;117m[DEBUG]: [0mThis is a debug message from thread 2118-09-2026 00:29:33 [38;5;009m[ERROR]: [0mThis is a error message from thread 018-09-2026 00:29:33 [38;5;117m[DEBUG]: [0mThis is a debug message from thread 818-09-2026 00:29:33 [38;5;117m[DEBUG]: [0mThis is a debug message from thread 518-09-2026 00:29:33 [38;5;009m[ERROR]: [0mThis is a error message from thread 1218-09-2026 00:29:33 [38;5;009m[ERROR]: [0mThis is a error message from thread 1518-09-2026 00:29:33 [38;5;015m[INFO]: [0mThis is a info message from thread 118-09-2026 00:29:33 [38;5;117m[DEBUG]: [0mThis is a debug message from thread 1218-09-2026 00:29:33 [38;5;009m[ERROR]: [0mThis is a error message from thread 2618-09-2026 00:29:33 [38;5;117m[DEBUG]: [0mThis is a debug message from thread 018-09-2026 00:29:33 [38;5;117m[DEBUG]: [0mThis is a debug message from thread 2618-09-2026 00:29:33 [38;5;117m[DEBUG]: [0mThis is a debug message from thread 2218-09-2026 00:29:33 [38;5;015m[INFO]: [0mThis is a info message from thread 718-09-2026 00:29:33 [38;5;015m[INFO]: [0mThis is a info message from thread 2418-09-2026 00:29:33 [38;5;117m[DEBUG]: [0mThis is a debug message from thread 2818-09-2026 00:29:33 [38;5;117m[DEBUG]: [0mThis is a debug message from thread 1818-09-2026 00:29:33 [38;5;009m[ERROR]: [0mThis is a error message from thread 2718-09-2026 00:29:33 [38;5;015m[INFO]: [0mThis is a info message from thread 2118-09-2026 00:29:33 [38;5;015m[INFO]: [0mThis is a info message from thread 2618-09-2026 00:29:33 [38;5;117m[DEBUG]: [0mThis is a debug message from thread 1918-09-2026 00:29:33 [38;5;009m[ERROR]: [0mThis is a error message from thread 618-09-2026 00:29:33 [38;5;009m[ERROR]: [0mThis is a error message from thread 1618-09-2026 00:29:33 [38;5;009m[ERROR]: [0mThis is a error message from thread 2618-09-2026 00:29:33 [38;5;009m[ERROR]: [0mThis is a error message from thread 2418-09-2026 00:29:33 [38;5;015m[INFO]: [0mThis is a info message from thread 2318-09-2026 00:29:33 [38;5;117m[DEBUG]: [0mThis is a debug message from thread 618-09-2026 00:29:33 [38;5;117m[DEBUG]: [0mThis is a debug message from thread 2718-09-2026 00:29:33 [38;5;015m[INFO]: [0mThis is a info message from thread 2818-09-2026 00:29:33 [38;5;009m[ERROR]: [0mThis is a error message from thread 2518-09-2026 00:29:33 [38;5;009m[ERROR]: [0mThis is a error message from thread 2118-09-2026 00:29:33 [38;5;117m[DEBUG]: [0mThis is a debug message from thread 1118-09-2026 00:29:33 [38;5;009m[ERROR]: [0mThis is a error message from thread 2318-09-2026 00:29:33 [38;5;015m[INFO]: [0mThis is a info message from thread 318-09-2026 00:29:33 [38;5;015m[INFO]: [0mThis is a info message from thread 2718-09-2026 00:29:33 [38;5;009m[ERROR]: [0mThis is a error message from thread 1018-09-2026 00:29:33 [38;5;015m[INFO]: [0mThis is a info message from thread 1318-09-2026 00:29:33 [38;5;009m[ERROR]: [0mThis is a error message from thread 2718-09-2026 00:29:33 [38;5;015m[INFO]: [0mThis is a info message from thread 018-09-2026 00:29:33 [38;5;015m[INFO]: [0mThis is a info message from thread 2218-09-2026 00:29:33 [38;5;009m[ERROR]: [0mThis is a error message from thread 1318-09-2026 00:29:33 [38;5;009m[ERROR]: [0mThis is a error message from thread 118-09-2026 00:29:33 [38;5;117m[DEBUG]: [0mThis is a debug message from thread 2118-09-2026 00:29:33 [38;5;117m[DEBUG]: [0mThis is a debug message from thread 1318-09-2026 00:29:33 [38;5;009m[ERROR]: [0mThis is a error message from thread 718-09-2026 00:29:33 [38;5;117m[DEBUG]: [0mThis is a debug message from thread 2418-09-2026 00:29:33 [38;5;009m[ERROR]: [0mThis is a error message from thread 318-09-2026 00:29:33 [38;5;117m[DEBUG]: [0mThis is a debug message from thread 1018-09-2026 00:29:33 [38;5;015m[INFO]: [0mThis is a info message from thread 2418-09-2026 00:29:33 [38;5;015m[INFO]: [0mThis is a info message from thread 1718-09-2026 00:29:33 [38;5;117m[DEBUG]: [0mThis is a debug message from thread 318-09-2026 00:29:33 [38;5;015m[INFO]: [0mThis is a info message from thread 1318-09-2026 00:29:33 [38;5;117m[DEBUG]: [0mThis is a debug message from thread 118-09-2026 00:29:33 [38;5;015m[INFO]: [0mThis is a info message from thread 1118-09-2026 00:29:33 [38;5;015m[INFO]: [0mThis is a info message from thread 1018-09-2026 00:29:33 [38;5;015m[INFO]: [0mThis is a info message from thread 918-09-2026 00:29:33 [38;5;009m[ERROR]: [0mThis is a error message from thread 2818-09-2026 00:29:33 [38;5;015m[INFO]: [0mThis is a info message from thread 618-09-2026 00:29:33 [38;5;009m[ERROR]: [0mThis is a error message from thread 2418-09-2026 00:29:33 [38;5;015m[INFO]: [0mThis is a info message from thread 2118-09-2026 00:29:33 [38;5;117m[DEBUG]: [0mThis is a debug message from thread 1618-09-2026 00:29:33 [38;5;009m[ERROR]: [0mThis is a error message from thread 918-09-2026 00:29:33 [38;5;009m[ERROR]: [0mThis is a error message from thread 418-09-2026 00:29:33 [38;5;015m[INFO]: [0mThis is a info message from thread 1218-09-2026 00:29:33 [38;5;009m[ERROR]: [0mThis is a error message from thread 2118-09-2026 00:29:33 [38;5;015m[INFO]: [0mThis is a info message from thread 1618-09-2026 00:29:33 [38;5;009m[ERROR]: [0mThis is a error message from thread 1118-09-2026 00:29:33 [38;5;009m[ERROR]: [0mThis is a error message from thread 1618-09-2026 00:29:33 [38;5;015m[INFO]: [0mThis is a info message from thread 1818-09-2026 00:29:33 [38;5;117m[DEBUG]: [0mThis is a debug message from thread 418-09-2026 00:29:33 [38;5;015m[INFO]: [0mThis is a info message from thread 1418-09-2026 00:29:33 [38;5;117m[DEBUG]: [0mThis is a debug message from thread 918-09-2026 00:29:33 [38;5;117m[DEBUG]: [0mThis is a debug message from thread 2818-09-2026 00:29:33 [38;5;015m[INFO]: [0mThis is a info message from thread 1918-09-2026 00:29:33 [38;5;015m[INFO]: [0mThis is a info message from thread 418-09-2026 00:29:33 [38;5;117m[DEBUG]: [0mThis is a debug message from thread 1118-09-2026 00:29:33 [38;5;117m[DEBUG]: [0mThis is a debug message from thread 218-09-2026 00:29:33 [38;5;015m[INFO]: [0mThis is a info message from thread 818-09-2026 00:29:33 [38;5;009m[ERROR]: [0mThis is a error message from thread 1818-09-2026 00:29:33 [38;5;015m[INFO]: [0mThis is a info message from thread 918-09-2026 00:29:33 [38;5;117m[DEBUG]: [0mThis is a debug message from thread 1618-09-2026 00:29:33 [38;5;117m[DEBUG]: [0mThis is a debug message from thread 2618-09-2026 00:29:33 [38;5;117m[DEBUG]: [0mThis is a debug message from thread 1518-09-2026 00:29:33 [38;5;009m[ERROR]: [0mThis is a error message from thread 018-09-2026 00:29:33 [38;5;009m[ERROR]: [0mThis is a error message from thread 918-09-2026 00:29:33 [38;5;117m[DEBUG]: [0mThis is a debug message from thread 718-09-2026 00:29:33 [38;5;009m[ERROR]: [0mThis is a error message from thread 2218-09-2026 00:29:33 [38;5;015m[INFO]: [0mThis is a info message from thread 2818-09-2026 00:29:33 [38;5;015m[INFO]: [0mThis is a info message from thread 1618-09-2026 00:29:33 [38;5;015m[INFO]: [0mThis is a info message from thread 1518-09-2026 00:29:33 [38;5;009m[ERROR]: [0mThis is a error message from thread 1718-09-2026 00:29:33 [38;5;015m[INFO]: [0mThis is a info message from thread 218-09-2026 00:29:33 [38;5;009m[ERROR]: [0mThis is a error message from thread 2918-09-2026 00:29:33 [38;5;117m[DEBUG]: [0mThis is a debug message from thread 2418-09-2026 00:29:33 [38;5;009m[ERROR]: [0mThis is a error message from thread 2818-09-2026 00:29:33 [38;5;009m[ERROR]: [0mThis is a error message from thread 1618-09-2026 00:29:33 [38;5;015m[INFO]: [0mThis is a info message from thread 718-09-2026 00:29:33 [38;5;009m[ERROR]: [0mThis is a error message from thread 218-09-2026 00:29:33 [38;5;117m[DEBUG]: [0mThis is a debug message from thread 2218-09-2026 00:29:33 [38;5;117m[DEBUG]: [0mThis is a debug message from thread 1718-09-2026 00:29:33 [38;5;015m[INFO]: [0mThis is a info message from thread 318-09-2026 00:29:33 [38;5;009m[ERROR]: [0mThis is a error message from thread 318-09-2026 00:29:33 [38;5;117m[DEBUG]: [0mThis is a debug message from thread 2818-09-2026 00:29:33 [38;5;015m[INFO]: [0mThis is a info message from thread 1118-09-2026 00:29:33 [38;5;117m[DEBUG]: [0mThis is a debug message from thread 2118-09-2026 00:29:33 [38;5;015m[INFO]: [0mThis is a info message from thread 2218-09-2026 00:29:33 [38;5;009m[ERROR]: [0mThis is a error message from thread 1518-09-2026 00:29:33 [38;5;009m[ERROR]: [0mThis is a error message from thread 1218-09-2026 00:29:33 [38;5;015m[INFO]: [0mThis is a info message from thread 518-09-2026 00:29:33 [38;5;009m[ERROR]: [0mThis is a error message from thread 718-09-2026 00:29:33 [38;5;009m[ERROR]: [0mThis is a error message from thread 618-09-2026 00:29:33 [38;5;009m[ERROR]: [0mThis is a error message from thread 518-09-2026 00:29:33 [38;5;117m[DEBUG]: [0mThis is a debug message from thread 318-09-2026 00:29:33 [38;5;015m[INFO]: [0mThis is a info message from thread 118-09-2026 00:29:33 [38;5;117m[DEBUG]: [0mThis is a debug message from thread 1218-09-2026 00:29:33 [38;5;009m[ERROR]: [0mThis is a error message from thread 1918-09-2026 00:29:33 [38;5;117m[DEBUG]: [0mThis is a debug message from thread 2518-09-2026 00:29:33 [38;5;009m[ERROR]: [0mThis is a error message from thread 418-09-2026 00:29:33 [38;5;117m[DEBUG]: [0mThis is a debug message from thread 218-09-2026 00:29:33 [38;5;117m[DEBUG]: [0mThis is a debug message from thread 1818-09-2026 00:29:33 [38;5;015m[INFO]: [0mThis is a info message from thread 2418-09-2026 00:29:33 [38;5;009m[ERROR]: [0mThis is a error message from thread 818-09-2026 00:29:33 [38;5;015m[INFO]: [0mThis is a info message from thread 2518-09-2026 00:29:33 [38;5;015m[INFO]: [0mThis is a info message from thread 2618-09-2026 00:29:33 [38;5;117m[DEBUG]: [0mThis is a debug message from thread 1918-09-2026 00:29:33 [38;5;117m[DEBUG]: [0mThis is a debug message from thread 718-09-2026 00:29:33 [38;5;009m[ERROR]: [0mThis is a error message from thread 2618-09-2026 00:29:33 [38;5;015m[INFO]: [0mThis is a info message from thread 2818-09-2026 00:29:33 [38;5;015m[INFO]: [0mThis is a info message from thread 1918-09-2026 00:29:33 [38;5;009m[ERROR]: [0mThis is a error message from thread 2818-09-2026 00:29:33 [38;5;117m[DEBUG]: [0mThis is a debug message from thread 2618-09-2026 00:29:33 [38;5;015m[INFO]: [0mThis is a info message from thread 718-09-2026 00:29:33 [38;5;009m[ERROR]: [0mThis is a error message from thread 118-09-2026 00:29:33 [38;5;009m[ERROR]: [0mThis is a error message from thread 1418-09-2026 00:29:33 [38;5;009m[ERROR]: [0mThis is a error message from thread 1918-09-2026 00:29:33 [38;5;117m[DEBUG]: [0mThis is a debug message from thread 2718-09-2026 00:29:33 [38;5;009m[ERROR]: [0mThis is a error message from thread 2418-09-2026 00:29:33 [38;5;015m[INFO]: [0mThis is a info message from thread 318-09-2026 00:29:33 [38;5;009m[ERROR]: [0mThis is a error message from thread 718-09-2026 00:29:33 [38;5;009m[ERROR]: [0mThis is a error message from thread 2218-09-2026 00:29:33 [38;5;117m[DEBUG]: [0mThis is a debug message from thread 118-09-2026 00:29:33 [38;5;015m[INFO]: [0mThis is a info message from thread 1218-09-2026 00:29:33 [38;5;117m[DEBUG]: [0mThis is a debug message from thread 1618-09-2026 00:29:33 [38;5;117m[DEBUG]: [0mThis is a debug message from thread 818-09-2026 00:29:33 [38;5;117m[DEBUG]: [0mThis is a debug message from thread 2218-09-2026 00:29:33 [38;5;015m[INFO]: [0mThis is a info message from thread 2718-09-2026 00:29:33 [38;5;009m[ERROR]: [0mThis is a error message from thread 1218-09-2026 00:29:33 [38;5;009m[ERROR]: [0mThis is a error message from thread 1118-09-2026 00:29:33 [38;5;117m[DEBUG]: [0mThis is a debug message from thread 1918-09-2026 00:29:33 [38;5;117m[DEBUG]: [0mThis is a debug message from thread 2318-09-2026 00:29:33 [38;5;015m[INFO]: [0mThis is a info message from thread 118-09-2026 00:29:33 [38;5;009m[ERROR]: [0mThis is a error message from thread 318-09-2026 00:29:33 [38;5;015m[INFO]: [0mThis is a info message from thread 1818-09-2026 00:29:33 [38;5;009m[ERROR]: [0mThis is a error message from thread 118-09-2026 00:29:33 [38;5;117m[DEBUG]: [0mThis is a debug message from thread 718-09-2026 00:29:33 [38;5;009m[ERROR]: [0mThis is a error message from thread 2718-09-2026 00:29:33 [38;5;117m[DEBUG]: [0mThis is a debug message from thread 2718-09-2026 00:29:33 [38;5;117m[DEBUG]: [0mThis is a debug message from thread 118-09-2026 00:29:33 [38;5;117m[DEBUG]: [0mThis is a debug message from thread 1218-09-2026 00:29:33 [38;5;015m[INFO]: [0mThis is a info message from thread 2718-09-2026 00:29:33 [38;5;015m[INFO]: [0mThis is a info message from thread 818-09-2026 00:29:33 [38;5;009m[ERROR]: [0mThis is a error message from thread 1318-09-2026 00:29:33 [38;5;015m[INFO]: [0mThis is a info message from thread 218-09-2026 00:29:33 [38;5;009m[ERROR]: [0mThis is a error message from thread 2718-09-2026 00:29:33 [38;5;015m[INFO]: [0mThis is a info message from thread 1218-09-2026 00:29:33 [38;5;117m[DEBUG]: [0mThis is a debug message from thread 1318-09-2026 00:29:33 [38;5;015m[INFO]: [0mThis is a info message from thread 1918-09-2026 00:29:33 [38;5;015m[INFO]: [0mThis is a info message from thread 1618-09-2026 00:29:33 [38;5;015m[INFO]: [0mThis is a info message from thread 1318-09-2026 00:29:33 [38;5;117m[DEBUG]: [0mThis is a debug message from thread 2718-09-2026 00:29:33 [38;5;009m[ERROR]: [0mThis is a error message from thread 818-09-2026 00:29:33 [38;5;009m[ERROR]: [0mThis is a error message from thread 1318-09-2026 00:29:33 [38;5;117m[DEBUG]: [0mThis is a debug message from thread 018-09-2026 00:29:33 [38;5;015m[INFO]: [0mThis is a info message from thread 2718-09-2026 00:29:33 [38;5;009m[ERROR]: [0mThis is a error message from thread 1218-09-2026 00:29:33 [38;5;117m[DEBUG]: [0mThis is a debug message from thread 1318-09-2026 00:29:33 [38;5;015m[INFO]: [0mThis is a info message from thread 018-09-2026 00:29:33 [38;5;009m[ERROR]: [0mThis is a error message from thread 2718-09-2026 00:29:33 [38;5;117m[DEBUG]: [0mThis is a debug message from thread 1218-09-2026 00:29:33 [38;5;117m[DEBUG]: [0mThis is a debug message from thread 2718-09-2026 00:29:33 [38;5;015m[INFO]: [0mThis is a info message from thread 1318-09-2026 00:29:33 [38;5;015m[INFO]: [0mThis is a info message from thread 2718-09-2026 00:29:33 [38;5;009m[ERROR]: [0mThis is a error message from thread 2518-09-2026 00:29:33 [38;5;015m[INFO]: [0mThis is a info message from thread 2218-09-2026 00:29:33 [38;5;015m[INFO]: [0mThis is a info message from thread 2318-09-2026 00:29:33 [38;5;009m[ERROR]: [0mThis is a error message from thread 1018-09-2026 00:29:33 [38;5;009m[ERROR]: [0mThis is a error message from thread 1918-09-2026 00:29:33 [38;5;117m[DEBUG]: [0mThis is a debug message from thread 2418-09-2026 00:29:33 [38;5;009m[ERROR]: [0mThis is a error message from thread 1318-09-2026 00:29:33 [38;5;015m[INFO]: [0mThis is a info message from thread 718-09-2026 00:29:33 [38;5;015m[INFO]: [0mThis is a info message from thread 2018-09-2026 00:29:33 [38;5;015m[INFO]: [0mThis is a info message from thread 2118-09-2026 00:29:33 [38;5;009m[ERROR]: [0mThis is a error message from thread 2718-09-2026 00:29:33 [38;5;009m[ERROR]: [0mThis is a error message from thread 1818-09-2026 00:29:33 [38;5;117m[DEBUG]: [0mThis is a debug message from thread 2818-09-2026 00:29:33 [38;5;009m[ERROR]: [0mThis is a error message from thread 1618-09-2026 00:29:33 [38;5;009m[ERROR]: [0mThis is a error message from thread 2318-09-2026 00:29:33 [38;5;009m[ERROR]: [0mThis is a error message from thread 2218-09-2026 00:29:33 [38;5;117m[DEBUG]: [0mThis is a debug message from thread 1318-09-2026 00:29:33 [38;5;117m[DEBUG]: [0mThis is a debug message from thread 1818-09-2026 00:29:33 [38;5;117m[DEBUG]: [0mThis is a debug message from thread 2218-09-2026 00:29:33 [38;5;009m[ERROR]: [0mThis is a error message from thread 2018-09-2026 00:29:33 [38;5;009m[ERROR]: [0mThis is a error message from thread 718-09-2026 00:29:33 [38;5;117m[DEBUG]: [0mThis is a debug message from thread 318-09-2026 00:29:33 [38;5;009m[ERROR]: [0mThis is a error message from thread 018-09-2026 00:29:33 [38;5;009m[ERROR]: [0mThis is a error message from thread 218-09-2026 00:29:33 [38;5;117m[DEBUG]: [0mThis is a debug message from thread 018-09-2026 00:29:33 [38;5;117m[DEBUG]: [0mThis is a debug message from thread 818-09-2026 00:29:33 [38;5;015m[INFO]: [0mThis is a info message from thread 2818-09-2026 00:29:33 [38;5;117m[DEBUG]: [0mThis is a debug message from thread 718-09-2026 00:29:33 [38;5;117m[DEBUG]: [0mThis is a debug message from thread 1418-09-2026 00:29:33 [38;5;117m[DEBUG]: [0mThis is a debug message from thread 2318-09-2026 00:29:33 [38;5;009m[ERROR]: [0mThis is a error message from thread 2818-09-2026 00:29:33 [38;5;117m[DEBUG]: [0mThis is a debug message from thread 1618-09-2026 00:29:33 [38;5;015m[INFO]: [0mThis is a info message from thread 318-09-2026 00:29:33 [38;5;015m[INFO]: [0mThis is a info message from thread 818-09-2026 00:29:33 [38;5;117m[DEBUG]: [0mThis is a debug message from thread 2018-09-2026 00:29:33 [38;5;117m[DEBUG]: [0mThis is a debug message from thread 1118-09-2026 00:29:33 [38;5;009m[ERROR]: [0mThis is a error message from thread 318-09-2026 00:29:33 [38;5;015m[INFO]: [0mThis is a info message from thread 1218-09-2026 00:29:33 [38;5;117m[DEBUG]: [0mThis is a debug message from thread 2818-09-2026 00:29:33 [38;5;015m[INFO]: [0mThis is a info message from thread 1618-09-2026 00:29:33 [38;5;117m[DEBUG]: [0mThis is a debug message from thread 418-09-2026 00:29:33 [38;5;015m[INFO]: [0mThis is a info message from thread 018-09-2026 00:29:33 [38;5;015m[INFO]: [0mThis is a info message from thread 718-09-2026 00:29:33 [38;5;015m[INFO]: [0mThis is a info message from thread 2818-09-2026 00:29:33 [38;5;117m[DEBUG]: [0mThis is a debug message from thread 318-09-2026 00:29:33 [38;5;117m[DEBUG]: [0mThis is a debug message from thread 918-09-2026 00:29:33 [38;5;015m[INFO]: [0mThis is a info message from thread 2018-09-2026 00:29:33 [38;5;009m[ERROR]: [0mThis is a error message from thread 2018-09-2026 00:29:33 [38;5;117m[DEBUG]: [0mThis is a debug message from thread 2918-09-2026 00:29:33 [38;5;015m[INFO]: [0mThis is a info message from thread 318-09-2026 00:29:33 [38;5;009m[ERROR]: [0mThis is a error message from thread 2818-09-2026 00:29:33 [38;5;015m[INFO]: [0mThis is a info message from thread 2918-09-2026 00:29:33 [38;5;009m[ERROR]: [0mThis is a error message from thread 718-09-2026 00:29:33 [38;5;015m[INFO]: [0mThis is a info message from thread 2218-09-2026 00:29:33 [38;5;009m[ERROR]: [0mThis is a error message from thread 1618-09-2026 00:29:33 [38;5;015m[INFO]: [0mThis is a info message from thread 2418-09-2026 00:29:33 [38;5;117m[DEBUG]: [0mThis is a debug message from thread 518-09-2026 00:29:33 [38;5;015m[INFO]: [0mThis is a info message from thread 118-09-2026 00:29:33 [38;5;117m[DEBUG]: [0mThis is a debug message from thread 1018-09-2026 00:29:33 [38;5;117m[DEBUG]: [0mThis is a debug message from thread 1618-09-2026 00:29:33 [38;5;015m[INFO]: [0mThis is a info message from thread 2318-09-2026 00:29:33 [38;5;117m[DEBUG]: [0mThis is a debug message from thread 2818-09-2026 00:29:33 [38;5;009m[ERROR]: [0mThis is a error message from thread 2318-09-2026 00:29:33 [38;5;015m[INFO]: [0mThis is a info message from thread 2818-09-2026 00:29:33 [38;5;117m[DEBUG]: [0mThis is a debug message from thread 718-09-2026 00:29:33 [38;5;015m[INFO]: [0mThis is a info message from thread 1618-09-2026 00:29:33 [38;5;009m[ERROR]: [0mThis is a error message from thread 1618-09-2026 00:29:33 [38;5;117m[DEBUG]: [0mThis is a debug message from thread 2318-09-2026 00:29:33 [38;5;009m[ERROR]: [0mThis is a error message from thread 2818-09-2026 00:29:33 [38;5;015m[INFO]: [0mThis is a info message from thread 2318-09-2026 00:29:33 [38;5;117m[DEBUG]: [0mThis is a debug message from thread 1618-09-2026 00:29:33 [38;5;015m[INFO]: [0mThis is a info message from thread 1018-09-2026 00:29:33 [38;5;009m[ERROR]: [0mThis is a error message from thread 2918-09-2026 00:29:33 [38;5;009m[ERROR]: [0mThis is a error message from thread 118-09-2026 00:29:33 [38;5;015m[INFO]: [0mThis is a info message from thread 1118-09-2026 00:29:33 [38;5;117m[DEBUG]: [0mThis is a debug message from thread 218-09-2026 00:29:33 [38;5;117m[DEBUG]: [0mThis is a debug message from thread 2518-09-2026 00:29:33 [38;5;015m[INFO]: [0mThis is a info message from thread 518-09-2026 00:29:33 [38;5;015m[INFO]: [0mThis is a info message from thread 2518-09-2026 00:29:33 [38;5;009m[ERROR]: [0mThis is a error message from thread 2218-09-2026 00:29:33 [38;5;117m[DEBUG]: [0mThis is a debug message from thread 2918-09-2026 00:29:33 [38;5;009m[ERROR]: [0mThis is a error message from thread 2518-09-2026 00:29:33 [38;5;009m[ERROR]: [0mThis is a error message from thread 2318-09-2026 00:29:33 [38;5;009m[ERROR]: [0mThis is a error message from thread 1218-09-2026 00:29:33 [38;5;009m[ERROR]: [0mThis is a error message from thread 1018-09-2026 00:29:33 [38;5;117m[DEBUG]: [0mThis is a debug message from thread 2218-09-2026 00:29:33 [38;5;117m[DEBUG]: [0mThis is a debug message from thread 2318-09-2026 00:29:33 [38;5;015m[INFO]: [0mThis is a info message from thread 1618-09-2026 00:29:33 [38;5;015m[INFO]: [0mThis is a info message from thread 718-09-2026 00:29:33 [38;5;009m[ERROR]: [0mThis is a error message from thread 2418-09-2026 00:29:33 [38;5;015m[INFO]: [0mThis is a info message from thread 1718-09-2026 00:29:33 [38;5;117m[DEBUG]: [0mThis is a debug message from thread 2018-09-2026 00:29:33 [38;5;015m[INFO]: [0mThis is a info message from thread 918-09-2026 00:29:33 [38;5;015m[INFO]: [0mThis is a info message from thread 218-09-2026 00:29:33 [38;5;009m[ERROR]: [0mThis is a error message from thread 518-09-2026 00:29:33 [38;5;015m[INFO]: [0mThis is a info message from thread 2918-09-2026 00:29:33 [38;5;117m[DEBUG]: [0mThis is a debug message from thread 1518-09-2026 00:29:33 [38;5;009m[ERROR]: [0mThis is a error message from thread 718-09-2026 00:29:33 [38;5;009m[ERROR]: [0mThis is a error message from thread 2118-09-2026 00:29:33 [38;5;009m[ERROR]: [0mThis is a error message from thread 918-09-2026 00:29:33 [38;5;015m[INFO]: [0mThis is a info message from thread 2018-09-2026 00:29:33 [38;5;117m[DEBUG]: [0mThis is a debug message from thread 2718-09-2026 00:29:33 [38;5;117m[DEBUG]: [0mThis is a debug message from thread 2118-09-2026 00:29:33 [38;5;117m[DEBUG]: [0mThis is a debug message from thread 518-09-2026 00:29:33 [38;5;015m[INFO]: [0mThis is a info message from thread 2218-09-2026 00:29:33 [38;5;015m[INFO]: [0mThis is a info message from thread 2118-09-2026 00:29:33 [38;5;117m[DEBUG]: [0mThis is a debug message from thread 718-09-2026 00:29:33 [38;5;117m[DEBUG]: [0mThis is a debug message from thread 2418-09-2026 00:29:33 [38;5;009m[ERROR]: [0mThis is a error message from thread 2118-09-2026 00:29:33 [38;5;015m[INFO]: [0mThis is a info message from thread 1318-09-2026 00:29:33 [38;5;015m[INFO]: [0mThis is a info message from thread 418-09-2026 00:29:33 [38;5;009m[ERROR]: [0mThis is a error message from thread 818-09-2026 00:29:33 [38;5;117m[DEBUG]: [0mThis is a debug message from thread 1018-09-2026 00:29:33 [38;5;117m[DEBUG]: [0mThis is a debug message from thread 618-09-2026 00:29:33 [38;5;117m[DEBUG]: [0mThis is a debug message from thread 918-09-2026 00:29:33 [38;5;015m[INFO]: [0mThis is a info message from thread 1818-09-2026 00:29:33 [38;5;009m[ERROR]: [0mThis is a error message from thread 418-09-2026 00:29:33 [38;5;015m[INFO]: [0mThis is a info message from thread 718-09-2026 00:29:33 [38;5;117m[DEBUG]: [0mThis is a debug message from thread 118-09-2026 00:29:33 [38;5;015m[INFO]: [0mThis is a info message from thread 2718-09-2026 00:29:33 [38;5;117m[DEBUG]: [0mThis is a debug message from thread 2118-09-2026 00:29:33 [38;5;009m[ERROR]: [0mThis is a error message from thread 1618-09-2026 00:29:33 [38;5;015m[INFO]: [0mThis is a info message from thread 2618-09-2026 00:29:33 [38;5;015m[INFO]: [0mThis is a info message from thread 2418-09-2026 00:29:33 [38;5;015m[INFO]: [0mThis is a info message from thread 618-09-2026 00:29:33 [38;5;009m[ERROR]: [0mThis is a error message from thread 2018-09-2026 00:29:33 [38;5;009m[ERROR]: [0mThis is a error message from thread 218-09-2026 00:29:33 [38;5;015m[INFO]: [0mThis is a info message from thread 2318-09-2026 00:29:33 [38;5;009m[ERROR]: [0mThis is a error message from thread 1818-09-2026 00:29:33 [38;5;015m[INFO]: [0mThis is a info message from thread 1418-09-2026 00:29:33 [38;5;009m[ERROR]: [0mThis is a error message from thread 2418-09-2026 00:29:33 [38;5;117m[DEBUG]: [0mThis is a debug message from thread 418-09-2026 00:29:33 [38;5;009m[ERROR]: [0mThis is a error message from thread 018-09-2026 00:29:33 [38;5;009m[ERROR]: [0mThis is a error message from thread 2718-09-2026 00:29:33 [38;5;009m[ERROR]: [0mThis is a error message from thread 2318-09-2026 00:29:33 [38;5;117m[DEBUG]: [0mThis is a debug message from thread 1618-09-2026 00:29:33 [38;5;009m[ERROR]: [0mThis is a error message from thread 2918-09-2026 00:29:33 [38;5;117m[DEBUG]: [0mThis is a debug message from thread 1218-09-2026 00:29:33 [38;5;015m[INFO]: [0mThis is a info message from thread 418-09-2026 00:29:33 [38;5;117m[DEBUG]: [0mThis is a debug message from thread 2318-09-2026 00:29:33 [38;5;117m[DEBUG]: [0mThis is a debug message from thread 2418-09-2026 00:29:33 [38;5;117m[DEBUG]: [0mThis is a debug message from thread 1918-09-2026 00:29:33 [38;5;117m[DEBUG]: [0mThis is a debug message from thread 2018-09-2026 00:29:33 [38;5;015m[INFO]: [0mThis is a info message from thread 518-09-2026 00:29:33 [38;5;117m[DEBUG]: [0mThis is a debug message from thread 2718-09-2026 00:29:33 [38;5;009m[ERROR]: [0mThis is a error message from thread 318-09-2026 00:29:33 [38;5;009m[ERROR]: [0mThis is a error message from thread 1318-09-2026 00:29:33 [38;5;015m[INFO]: [0mThis is a info message from thread 1618-09-2026 00:29:33 [38;5;009m[ERROR]: [0mThis is a error message from thread 618-09-2026 00:29:33 [38;5;009m[ERROR]: [0mThis is a error message from thread 418-09-2026 00:29:33 [38;5;117m[DEBUG]: [0mThis is a debug message from thread 2818-09-2026 00:29:33 [38;5;009m[ERROR]: [0mThis is a error message from thread 2218-09-2026 00:29:33 [38;5;009m[ERROR]: [0mThis is a error message from thread 1618-09-2026 00:29:33 [38;5;009m[ERROR]: [0mThis is a error message from thread 718-09-2026 00:29:33 [38;5;015m[INFO]: [0mThis is a info message from thread 1018-09-2026 00:29:33 [38;5;015m[INFO]: [0mThis is a info message from thread 2818-09-2026 00:29:33 [38;5;009m[ERROR]: [0mThis is a error message from thread 518-09-2026 00:29:33 [38;5;009m[ERROR]: [0mThis is a error message from thread 1418-09-2026 00:29:33 [38;5;015m[INFO]: [0mThis is a info message from thread 2018-09-2026 00:29:33 [38;5;015m[INFO]: [0mThis is a info message from thread 2118-09-2026 00:29:33 [38;5;117m[DEBUG]: [0mThis is a debug message from thread 018-09-2026 00:29:33 [38;5;009m[ERROR]: [0mThis is a error message from thread 1018-09-2026 00:29:33 [38;5;117m[DEBUG]: [0mThis is a debug message from thread 1318-09-2026 00:29:33 [38;5;117m[DEBUG]: [0mThis is a debug message from thread 1818-09-2026 00:29:33 [38;5;009m[ERROR]: [0mThis is a error message from thread 2118-09-2026 00:29:33 [38;5;009m[ERROR]: [0mThis is a error message from thread 2018-09-2026 00:29:33 [38;5;015m[INFO]: [0mThis is a info message from thread 1218-09-2026 00:29:33 [38;5;117m[DEBUG]: [0mThis is a debug message from thread 618-09-2026 00:29:33 [38;5;117m[DEBUG]: [0mThis is a debug message from thread 1418-09-2026 00:29:33 [38;5;015m[INFO]: [0mThis is a info message from thread 118-09-2026 00:29:33 [38;5;015m[INFO]: [0mThis is a info message from thread 018-09-2026 00:29:33 [38;5;117m[DEBUG]: [0mThis is a debug message from thread 2018-09-2026 00:29:33 [38;5;117m[DEBUG]: [0mThis is a debug message from thread 1018-09-2026 00:29:33 [38;5;015m[INFO]: [0mThis is a info message from thread 2318-09-2026 00:29:33 [38;5;015m[INFO]: [0mThis is a info message from thread 2718-09-2026 00:29:33 [38;5;015m[INFO]: [0mThis is a info message from thread 2018-09-2026 00:29:33 [38;5;015m[INFO]: [0mThis is a info message from thread 2418-09-2026 00:29:33 [38;5;117m[DEBUG]: [0mThis is a debug message from thread 818-09-2026 00:29:33 [38;5;117m[DEBUG]: [0mThis is a debug message from thread 518-09-2026 00:29:33 [38;5;015m[INFO]: [0mThis is a info message from thread 1818-09-2026 00:29:33 [38;5;009m[ERROR]: [0mThis is a error message from thread 1718-09-2026 00:29:33 [38;5;009m[ERROR]: [0mThis is a error message from thread 2818-09-2026 00:29:33 [38;5;009m[ERROR]: [0mThis is a error message from thread 2718-09-2026 00:29:33 [38;5;117m[DEBUG]: [0mThis is a debug message from thread 2818-09-2026 00:29:33 [38;5;009m[ERROR]: [0mThis is a error message from thread 1118-09-2026 00:29:33 [38;5;015m[INFO]: [0mThis is a info message from thread 1918-09-2026 00:29:33 [38;5;009m[ERROR]: [0mThis is a error message from thread 018-09-2026 00:29:33 [38;5;117m[DEBUG]: [0mThis is a debug message from thread 2918-09-2026 00:29:33 [38;5;117m[DEBUG]: [0mThis is a debug message from thread 318-09-2026 00:29:33 [38;5;117m[DEBUG]: [0mThis is a debug message from thread 2218-09-2026 00:29:33 [38;5;015m[INFO]: [0mThis is a info message from thread 618-09-2026 00:29:33 [38;5;015m[INFO]: [0mThis is a info message from thread 1318-09-2026 00:29:33 [38;5;009m[ERROR]: [0mThis is a error message from thread 2418-09-2026 00:29:33 [38;5;117m[DEBUG]: [0mThis is a debug message from thread 218-09-2026 00:29:33 [38;5;117m[DEBUG]: [0mThis is a debug message from thread 418-09-2026 00:29:33 [38;5;117m[DEBUG]: [0mThis is a debug message from thread 2418-09-2026 00:29:33 [38;5;117m[DEBUG]: [0mThis is a debug message from thread 718-09-2026 00:29:33 [38;5;009m[ERROR]: [0mThis is a error message from thread 2618-09-2026 00:29:33 [38;5;117m[DEBUG]: [0mThis is a debug message from thread 2518-09-2026 00:29:33 [38;5;117m[DEBUG]: [0mThis is a debug message from thread 1718-09-2026 00:29:33 [38;5;015m[INFO]: [0mThis is a info message from thread 1518-09-2026 00:29:33 [38;5;117m[DEBUG]: [0mThis is a debug message from thread 2618-09-2026 00:29:33 [38;5;009m[ERROR]: [0mThis is a error message from thread 1518-09-2026 00:29:33 [38;5;009m[ERROR]: [0mThis is a error message from thread 118-09-2026 00:29:33 [38;5;015m[INFO]: [0mThis is a info message from thread 1718-09-2026 00:29:33 [38;5;015m[INFO]: [0mThis is a info message from thread 518-09-2026 00:29:33 [38;5;015m[INFO]: [0mThis is a info message from thread 2418-09-2026 00:29:33 [38;5;015m[INFO]: [0mThis is a info message from thread 1418-09-2026 00:29:33 [38;5;009m[ERROR]: [0mThis is a error message from thread 2418-09-2026 00:29:33 [38;5;117m[DEBUG]: [0mThis is a debug message from thread 2118-09-2026 00:29:33 [38;5;009m[ERROR]: [0mThis is a error message from thread 1818-09-2026 00:29:33 [38;5;117m[DEBUG]: [0mThis is a debug message from thread 1118-09-2026 00:29:33 [38;5;015m[INFO]: [0mThis is a info message from thread 818-09-2026 00:29:33 [38;5;015m[INFO]: [0mThis is a info message from thread 1018-09-2026 00:29:33 [38;5;015m[INFO]: [0mThis is a info message from thread 418-09-2026 00:29:33 [38;5;117m[DEBUG]: [0mThis is a debug message from thread 118-09-2026 00:29:33 [38;5;009m[ERROR]: [0mThis is a error message from thread 1918-09-2026 00:29:33 [38;5;009m[ERROR]: [0mThis is a error message from thread 618-09-2026 00:29:33 [38;5;117m[DEBUG]: [0mThis is a debug message from thread 2418-09-2026 00:29:33 [38;5;117m[DEBUG]: [0mThis is a debug message from thread 1918-09-2026 00:29:33 [38;5;117m[DEBUG]: [0mThis is a debug message from thread 618-09-2026 00:29:33 [38;5;009m[ERROR]: [0mThis is a error message from thread 1218-09-2026 00:29:33 [38;5;015m[INFO]: [0mThis is a info message from thread 2418-09-2026 00:29:33 [38;5;015m[INFO]: [0mThis is a info message from thread 2218-09-2026 00:29:33 [38;5;015m[INFO]: [0mThis is a info message from thread 1918-09-2026 00:29:33 [38;5;009m[ERROR]: [0mThis is a error message from thread 2418-09-2026 00:29:33 [38;5;015m[INFO]: [0mThis is a info message from thread 2618-09-2026 00:29:33 [38;5;117m[DEBUG]: [0mThis is a debug message from thread 1218-09-2026 00:29:33 [38;5;117m[DEBUG]: [0mThis is a debug message from thread 2418-09-2026 00:29:33 [38;5;015m[INFO]: [0mThis is a info message from thread 1218-09-2026 00:29:33 [38;5;009m[ERROR]: [0mThis is a error message from thread 2618-09-2026 00:29:33 [38;5;009m[ERROR]: [0mThis is a error message from thread 1918-09-2026 00:29:33 [38;5;009m[ERROR]: [0mThis is a error message from thread 1718-09-2026 00:29:33 [38;5;009m[ERROR]: [0mThis is a error message from thread 518-09-2026 00:29:33 [38;5;009m[ERROR]: [0mThis is a error message from thread 2318-09-2026 00:29:33 [38;5;117m[DEBUG]: [0mThis is a debug message from thread 018-09-2026 00:29:33 [38;5;015m[INFO]: [0mThis is a info message from thread 2118-09-2026 00:29:33 [38;5;117m[DEBUG]: [0mThis is a debug message from thread 2618-09-2026 00:29:33 [38;5;117m[DEBUG]: [0mThis is a debug message from thread 2318-09-2026 00:29:33 [38;5;015m[INFO]: [0mThis is a info message from thread 018-09-2026 00:29:33 [38;5;015m[INFO]: [0mThis is a info message from thread 2318-09-2026 00:29:33 [38;5;015m[INFO]: [0mThis is a info message from thread 618-09-2026 00:29:33 [38;5;009m[ERROR]: [0mThis is a error message from thread 1418-09-2026 00:29:33 [38;5;009m[ERROR]: [0mThis is a error message from thread 818-09-2026 00:29:33 [38;5;009m[ERROR]: [0mThis is a error message from thread 018-09-2026 00:29:33 [38;5;117m[DEBUG]: [0mThis is a debug message from thread 1618-09-2026 00:29:33 [38;5;009m[ERROR]: [0mThis is a error message from thread 2318-09-2026 00:29:33 [38;5;117m[DEBUG]: [0mThis is a debug message from thread 018-09-2026 00:29:33 [38;5;015m[INFO]: [0mThis is a info message from thread 1618-09-2026 00:29:33 [38;5;117m[DEBUG]: [0mThis is a debug message from thread 2318-09-2026 00:29:33 [38;5;117m[DEBUG]: [0mThis is a debug message from thread 818-09-2026 00:29:33 [38;5;009m[ERROR]: [0mThis is a error message from thread 2118-09-2026 00:29:33 [38;5;009m[ERROR]: [0mThis is a error message from thread 618-09-2026 00:29:33 [38;5;015m[INFO]: [0mThis is a info message from thread 318-09-2026 00:29:33 [38;5;015m[INFO]: [0mThis is a info message from thread 918-09-2026 00:29:33 [38;5;015m[INFO]: [0mThis is a info message from thread 2918-09-2026 00:29:33 [38;5;117m[DEBUG]: [0mThis is a debug message from thread 2118-09-2026 00:29:33 [38;5;015m[INFO]: [0mThis is a info message from thread 218-09-2026 00:29:33 [38;5;015m[INFO]: [0mThis is a info message from thread 018-09-2026 00:29:33 [38;5;009m[ERROR]: [0mThis is a error message from thread 318-09-2026 00:29:33 [38;5;015m[INFO]: [0mThis is a info message from thread 2818-09-2026 00:29:33 [38;5;009m[ERROR]: [0mThis is a error message from thread 1318-09-2026 00:29:33 [38;5;015m[INFO]: [0mThis is a info message from thread 2618-09-2026 00:29:33 [38;5;117m[DEBUG]: [0mThis is a debug message from thread 318-09-2026 00:29:33 [38;5;015m[INFO]: [0mThis is a info message from thread 1118-09-2026 00:29:33 [38;5;015m[INFO]: [0mThis is a info message from thread 718-09-2026 00:29:33 [38;5;009m[ERROR]: [0mThis is a error message from thread 1018-09-2026 00:29:33 [38;5;117m[DEBUG]: [0mThis is a debug message from thread 1718-09-2026 00:29:33 [38;5;009m[ERROR]: [0mThis is a error message from thread 418-09-2026 00:29:33 [38;5;015m[INFO]: [0mThis is a info message from thread 2518-09-2026 00:29:33 [38;5;015m[INFO]: [0mThis is a info message from thread 2418-09-2026 00:29:33 [38;5;009m[ERROR]: [0mThis is a error message from thread 1118-09-2026 00:29:33 [38;5;117m[DEBUG]: [0mThis is a debug message from thread 1018-09-2026 00:29:33 [38;5;117m[DEBUG]: [0mThis is a debug message from thread 2718-09-2026 00:29:33 [38;5;009m[ERROR]: [0mThis is a error message from thread 2918-09-2026 00:29:33 [38;5;009m[ERROR]: [0mThis is a error message from thread 2518-09-2026 00:29:33 [38;5;015m[INFO]: [0mThis is a info message from thread 1018-09-2026 00:29:33 [38;5;117m[DEBUG]: [0mThis is a debug message from thread 1518-09-2026 00:29:33 [38;5;009m[ERROR]: [0mThis is a error message from thread 1618-09-2026 00:29:33 [38;5;015m[INFO]: [0mThis is a info message from thread 818-09-2026 00:29:33 [38;5;009m[ERROR]: [0mThis is a error message from thread 018-09-2026 00:29:33 [38;5;009m[ERROR]: [0mThis is a error message from thread 1018-09-2026 00:29:33 [38;5;117m[DEBUG]: [0mThis is a debug message from thread 2518-09-2026 00:29:33 [38;5;009m[ERROR]: [0mThis is a error message from thread 2818-09-2026 00:29:33 [38;5;117m[DEBUG]: [0mThis is a debug message from thread 2918-09-2026 00:29:33 [38;5;015m[INFO]: [0mThis is a info message from thread 1718-09-2026 00:29:33 [38;5;015m[INFO]: [0mThis is a info message from thread 2118-09-2026 00:29:33 [38;5;015m[INFO]: [0mThis is a info message from thread 318-09-2026 00:29:33 [38;5;117m[DEBUG]: [0mThis is a debug message from thread 1918-09-2026 00:29:33 [38;5;015m[INFO]: [0mThis is a info message from thread 2518-09-2026 00:29:33 [38;5;009m[ERROR]: [0mThis is a error message from thread 1218-09-2026 00:29:33 [38;5;009m[ERROR]: [0mThis is a error message from thread 918-09-2026 00:29:33 [38;5;117m[DEBUG]: [0mThis is a debug message from thread 018-09-2026 00:29:33 [38;5;015m[INFO]: [0mThis is a info message from thread 1518-09-2026 00:29:33 [38;5;117m[DEBUG]: [0mThis is a debug message from thread 2818-09-2026 00:29:33 [38;5;117m[DEBUG]: [0mThis is a debug message from thread 1418-09-2026 00:29:33 [38;5;009m[ERROR]: [0mThis is a error message from thread 318-09-2026 00:29:33 [38;5;015m[INFO]: [0mThis is a info message from thread 118-09-2026 00:29:33 [38;5;117m[DEBUG]: [0mThis is a debug message from thread 518-09-2026 00:29:33 [38;5;009m[ERROR]: [0mThis is a error message from thread 118-09-2026 00:29:33 [38;5;117m[DEBUG]: [0mThis is a debug message from thread 918-09-2026 00:29:33 [38;5;015m[INFO]: [0mThis is a info message from thread 2918-09-2026 00:29:33 [38;5;117m[DEBUG]: [0mThis is a debug message from thread 1218-09-2026 00:29:33 [38;5;009m[ERROR]: [0mThis is a error message from thread 218-09-2026 00:29:33 [38;5;117m[DEBUG]: [0mThis is a debug message from thread 1018-09-2026 00:29:33 [38;5;117m[DEBUG]: [0mThis is a debug message from thread 1818-09-2026 00:29:33 [38;5;009m[ERROR]: [0mThis is a error message from thread 2418-09-2026 00:29:33 [38;5;015m[INFO]: [0mThis is a info message from thread 2818-09-2026 00:29:33 [38;5;117m[DEBUG]: [0mThis is a debug message from thread 1618-09-2026 00:29:33 [38;5;015m[INFO]: [0mThis is a info message from thread 918-09-2026 00:29:33 [38;5;009m[ERROR]: [0mThis is a error message from thread 2618-09-2026 00:29:33 [38;5;117m[DEBUG]: [0mThis is a debug message from thread 618-09-2026 00:29:33 [38;5;015m[INFO]: [0mThis is a info message from thread 1818-09-2026 00:29:33 [38;5;015m[INFO]: [0mThis is a info message from thread 1018-09-2026 00:29:33 [38;5;015m[INFO]: [0mThis is a info message from thread 1918-09-2026 00:29:33 [38;5;009m[ERROR]: [0mThis is a error message from thread 718-09-2026 00:29:33 [38;5;015m[INFO]: [0mThis is a info message from thread 1618-09-2026 00:29:33 [38;5;009m[ERROR]: [0mThis is a error message from thread 1518-09-2026 00:29:33 [38;5;117m[DEBUG]: [0mThis is a debug message from thread 1118-09-2026 00:29:33 [38;5;009m[ERROR]: [0mThis is a error message from thread 1718-09-2026 00:29:33 [38;5;009m[ERROR]: [0mThis is a error message from thread 1918-09-2026 00:29:33 [38;5;015m[INFO]: [0mThis is a info message from thread 018-09-2026 00:29:33 [38;5;015m[INFO]: [0mThis is a info message from thread 1118-09-2026 00:29:33 [38;5;015m[INFO]: [0mThis is a info message from thread 2718-09-2026 00:29:33 [38;5;009m[ERROR]: [0mThis is a error message from thread 918-09-2026 00:29:33 [38;5;009m[ERROR]: [0mThis is a error message from thread 1118-09-2026 00:29:33 [38;5;009m[ERROR]: [0mThis is a error message from thread 2718-09-2026 00:29:33 [38;5;117m[DEBUG]: [0mThis is a debug message from thread 2418-09-2026 00:29:33 [38;5;117m[DEBUG]: [0mThis is a debug message from thread 218-09-2026 00:29:33 [38;5;117m[DEBUG]: [0mThis is a debug message from thread 2718-09-2026 00:29:33 [38;5;015m[INFO]: [0mThis is a info message from thread 2318-09-2026 00:29:33 [38;5;009m[ERROR]: [0mThis is a error message from thread 2218-09-2026 00:29:33 [38;5;015m[INFO]: [0mThis is a info message from thread 218-09-2026 00:29:33 [38;5;015m[INFO]: [0mThis is a info message from thread 1418-09-2026 00:29:33 [38;5;009m[ERROR]: [0mThis is a error message from thread 218-09-2026 00:29:33 [38;5;009m[ERROR]: [0mThis is a error message from thread 2818-09-2026 00:29:33 [38;5;009m[ERROR]: [0mThis is a error message from thread 2518-09-2026 00:29:33 [38;5;009m[ERROR]: [0mThis is a error message from thread 2018-09-2026 00:29:33 [38;5;117m[DEBUG]: [0mThis is a debug message from thread 2518-09-2026 00:29:33 [38;5;117m[DEBUG]: [0mThis is a debug message from thread 118-09-2026 00:29:33 [38;5;117m[DEBUG]: [0mThis is a debug message from thread 2018-09-2026 00:29:33 [38;5;009m[ERROR]: [0mThis is a error message from thread 2918-09-2026 00:29:33 [38;5;015m[INFO]: [0mThis is a info message from thread 2418-09-2026 00:29:33 [38;5;117m[DEBUG]: [0mThis is a debug message from thread 2818-09-2026 00:29:33 [38;5;015m[INFO]: [0mThis is a info message from thread 118-09-2026 00:29:33 [38;5;015m[INFO]: [0mThis is a info message from thread 2518-09-2026 00:29:33 [38;5;015m[INFO]: [0mThis is a info message from thread 2818-09-2026 00:29:33 [38;5;009m[ERROR]: [0mThis is a error message from thread 2518-09-2026 00:29:33 [38;5;015m[INFO]: [0mThis is a info message from thread 2018-09-2026 00:29:33 [38;5;009m[ERROR]: [0mThis is a error message from thread 2318-09-2026 00:29:33 [38;5;009m[ERROR]: [0mThis is a error message from thread 2418-09-2026 00:29:33 [38;5;117m[DEBUG]: [0mThis is a debug message from thread 2318-09-2026 00:29:33 [38;5;117m[DEBUG]: [0mThis is a debug message from thread 2418-09-2026 00:29:33 [38;5;009m[ERROR]: [0mThis is a error message from thread 2818-09-2026 00:29:33 [38;5;117m[DEBUG]: [0mThis is a debug message from thread 2518-09-2026 00:29:33 [38;5;015m[INFO]: [0mThis is a info message from thread 2418-09-2026 00:29:33 [38;5;117m[DEBUG]: [0mThis is a debug message from thread 2618-09-2026 00:29:33 [38;5;015m[INFO]: [0mThis is a info message from thread 2318-09-2026 00:29:33 [38;5;015m[INFO]: [0mThis is a info message from thread 1218-09-2026 00:29:33 [38;5;117m[DEBUG]: [0mThis is a debug message from thread 2818-09-2026 00:29:33 [38;5;015m[INFO]: [0mThis is a info message from thread 2518-09-2026 00:29:33 [38;5;009m[ERROR]: [0mThis is a error message from thread 018-09-2026 00:29:33 [38;5;117m[DEBUG]: [0mThis is a debug message from thread 318-09-2026 00:29:33 [38;5;117m[DEBUG]: [0mThis is a debug message from thread 018-09-2026 00:29:33 [38;5;009m[ERROR]: [0mThis is a error message from thread 2118-09-2026 00:29:33 [38;5;015m[INFO]: [0mThis is a info message from thread 318-09-2026 00:29:33 [38;5;009m[ERROR]: [0mThis is a error message from thread 2318-09-2026 00:29:33 [38;5;117m[DEBUG]: [0mThis is a debug message from thread 1718-09-2026 00:29:33 [38;5;015m[INFO]: [0mThis is a info message from thread 2618-09-2026 00:29:33 [38;5;009m[ERROR]: [0mThis is a error message from thread 1618-09-2026 00:29:33 [38;5;117m[DEBUG]: [0mThis is a debug message from thread 2118-09-2026 00:29:33 [38;5;015m[INFO]: [0mThis is a info message from thread 1718-09-2026 00:29:33 [38;5;009m[ERROR]: [0mThis is a error message from thread 2618-09-2026 00:29:33 [38;5;015m[INFO]: [0mThis is a info message from thread 2118-09-2026 00:29:33 [38;5;117m[DEBUG]: [0mThis is a debug message from thread 1618-09-2026 00:29:33 [38;5;009m[ERROR]: [0mThis is a error message from thread 818-09-2026 00:29:33 [38;5;015m[INFO]: [0mThis is a info message from thread 518-09-2026 00:29:33 [38;5;015m[INFO]: [0mThis is a info message from thread 1618-09-2026 00:29:33 [38;5;015m[INFO]: [0mThis is a info message from thread 2718-09-2026 00:29:33 [38;5;009m[ERROR]: [0mThis is a error message from thread 1418-09-2026 00:29:33 [38;5;015m[INFO]: [0mThis is a info message from thread 018-09-2026 00:29:33 [38;5;117m[DEBUG]: [0mThis is a debug message from thread 1418-09-2026 00:29:33 [38;5;009m[ERROR]: [0mThis is a error message from thread 2018-09-2026 00:29:33 [38;5;009m[ERROR]: [0mThis is a error message from thread 518-09-2026 00:29:33 [38;5;009m[ERROR]: [0mThis is a error message from thread 2718-09-2026 00:29:33 [38;5;015m[INFO]: [0mThis is a info message from thread 1418-09-2026 00:29:33 [38;5;009m[ERROR]: [0mThis is a error message from thread 118-09-2026 00:29:33 [38;5;117m[DEBUG]: [0mThis is a debug message from thread 818-09-2026 00:29:33 [38;5;117m[DEBUG]: [0mThis is a debug message from thread 2018-09-2026 00:29:33 [38;5;009m[ERROR]: [0mThis is a error message from thread 1418-09-2026 00:29:33 [38;5;009m[ERROR]: [0mThis is a error message from thread 1018-09-2026 00:29:33 [38;5;117m[DEBUG]: [0mThis is a debug message from thread 118-09-2026 00:29:33 [38;5;117m[DEBUG]: [0mThis is a debug message from thread 418-09-2026 00:29:33 [38;5;117m[DEBUG]: [0mThis is a debug message from thread 518-09-2026 00:29:33 [38;5;015m[INFO]: [0mThis is a info message from thread 2018-09-2026 00:29:33 [38;5;009m[ERROR]: [0mThis is a error message from thread 1718-09-2026 00:29:33 [38;5;009m[ERROR]: [0mThis is a error message from thread 018-09-2026 00:29:33 [38;5;009m[ERROR]: [0mThis is a error message from thread 1818-09-2026 00:29:33 [38;5;015m[INFO]: [0mThis is a info message from thread 818-09-2026 00:29:33 [38;5;117m[DEBUG]: [0mThis is a debug message from thread 2718-09-2026 00:29:33 [38;5;117m[DEBUG]: [0mThis is a debug message from thread 2918-09-2026 00:29:33 [38;5;015m[INFO]: [0mThis is a info message from thread 2718-09-2026 00:29:33 [38;5;015m[INFO]: [0mThis is a info message from thread 2918-09-2026 00:29:33 [38;5;009m[ERROR]: [0mThis is a error message from thread 2018-09-2026 00:29:33 [38;5;015m[INFO]: [0mThis is a info message from thread 118-09-2026 00:29:33 [38;5;009m[ERROR]: [0mThis is a error message from thread 2118-09-2026 00:29:33 [38;5;009m[ERROR]: [0mThis is a error message from thread 2718-09-2026 00:29:33 [38;5;117m[DEBUG]: [0mThis is a debug message from thread 2318-09-2026 00:29:33 [38;5;117m[DEBUG]: [0mThis is a debug message from thread 1518-09-2026 00:29:33 [38;5;117m[DEBUG]: [0mThis is a debug message from thread 718-09-2026 00:29:33 [38;5;117m[DEBUG]: [0mThis is a debug message from thread 1918-09-2026 00:29:33 [38;5;117m[DEBUG]: [0mThis is a debug message from thread 2018-09-2026 00:29:33 [38;5;015m[INFO]: [0mThis is a info message from thread 418-09-2026 00:29:33 [38;5;117m[DEBUG]: [0mThis is a debug message from thread 218-09-2026 00:29:33 [38;5;117m[DEBUG]: [0mThis is a debug message from thread 2718-09-2026 00:29:33 [38;5;015m[INFO]: [0mThis is a info message from thread 1518-09-2026 00:29:33 [38;5;009m[ERROR]: [0mThis is a error message from thread 2518-09-2026 00:29:33 [38;5;117m[DEBUG]: [0mThis is a debug message from thread 918-09-2026 00:29:33 [38;5;015m[INFO]: [0mThis is a info message from thread 2018-09-2026 00:29:33 [38;5;117m[DEBUG]: [0mThis is a debug message from thread 2118-09-2026 00:29:33 [38;5;015m[INFO]: [0mThis is a info message from thread 2318-09-2026 00:29:33 [38;5;015m[INFO]: [0mThis is a info message from thread 718-09-2026 00:29:33 [38;5;009m[ERROR]: [0mThis is a error message from thread 1518-09-2026 00:29:33 [38;5;009m[ERROR]: [0mThis is a error message from thread 318-09-2026 00:29:33 [38;5;009m[ERROR]: [0mThis is a error message from thread 2018-09-2026 00:29:33 [38;5;009m[ERROR]: [0mThis is a error message from thread 418-09-2026 00:29:33 [38;5;015m[INFO]: [0mThis is a info message from thread 218-09-2026 00:29:33 [38;5;117m[DEBUG]: [0mThis is a debug message from thread 1118-09-2026 00:29:33 [38;5;117m[DEBUG]: [0mThis is a debug message from thread 018-09-2026 00:29:33 [38;5;015m[INFO]: [0mThis is a info message from thread 618-09-2026 00:29:33 [38;5;015m[INFO]: [0mThis is a info message from thread 918-09-2026 00:29:33 [38;5;015m[INFO]: [0mThis is a info message from thread 2818-09-2026 00:29:33 [38;5;117m[DEBUG]: [0mThis is a debug message from thread 1518-09-2026 00:29:33 [38;5;117m[DEBUG]: [0mThis is a debug message from thread 318-09-2026 00:29:33 [38;5;117m[DEBUG]: [0mThis is a debug message from thread 418-09-2026 00:29:33 [38;5;009m[ERROR]: [0mThis is a error message from thread 2318-09-2026 00:29:33 [38;5;009m[ERROR]: [0mThis is a error message from thread 2918-09-2026 00:29:33 [38;5;009m[ERROR]: [0mThis is a error message from thread 2818-09-2026 00:29:33 [38;5;117m[DEBUG]: [0mThis is a debug message from thread 1018-09-2026 00:29:33 [38;5;015m[INFO]: [0mThis is a info message from thread 318-09-2026 00:29:33 [38;5;009m[ERROR]: [0mThis is a error message from thread 618-09-2026 00:29:33 [38;5;009m[ERROR]: [0mThis is a error message from thread 318-09-2026 00:29:33 [38;5;117m[DEBUG]: [0mThis is a debug message from thread 618-09-2026 00:29:33 [38;5;015m[INFO]: [0mThis is a info message from thread 1518-09-2026 00:29:33 [38;5;015m[INFO]: [0mThis is a info message from thread 618-09-2026 00:29:33 [38;5;009m[ERROR]: [0mThis is a error message from thread 718-09-2026 00:29:33 [38;5;009m[ERROR]: [0mThis is a error message from thread 1218-09-2026 00:29:33 [38;5;009m[ERROR]: [0mThis is a error message from thread 218-09-2026 00:29:33 [38;5;009m[ERROR]: [0mThis is a error message from thread 1518-09-2026 00:29:33 [38;5;117m[DEBUG]: [0mThis is a debug message from thread 2818-09-2026 00:29:33 [38;5;009m[ERROR]: [0mThis is a error message from thread 918-09-2026 00:29:33 [38;5;117m[DEBUG]: [0mThis is a debug message from thread 2918-09-2026 00:29:33 [38;5;015m[INFO]: [0mThis is a info message from thread 2918-09-2026 00:29:33 [38;5;117m[DEBUG]: [0mThis is a debug message from thread 1218-09-2026 00:29:33 [38;5;015m[INFO]: [0mThis is a info message from thread 1118-09-2026 00:29:33 [38;5;117m[DEBUG]: [0mThis is a debug message from thread 1518-09-2026 00:29:33 [38;5;117m[DEBUG]: [0mThis is a debug message from thread 2218-09-2026 00:29:33 [38;5;117m[DEBUG]: [0mThis is a debug message from thread 718-09-2026 00:29:33 [38;5;117m[DEBUG]: [0mThis is a debug message from thread 918-09-2026 00:29:33 [38;5;117m[DEBUG]: [0mThis is a debug message from thread 218-09-2026 00:29:33 [38;5;009m[ERROR]: [0mThis is a error message from thread 2418-09-2026 00:29:33 [38;5;015m[INFO]: [0mThis is a info message from thread 518-09-2026 00:29:33 [38;5;015m[INFO]: [0mThis is a info message from thread 1518-09-2026 00:29:33 [38;5;117m[DEBUG]: [0mThis is a debug message from thread 1418-09-2026 00:29:33 [38;5;009m[ERROR]: [0mThis is a error message from thread 518-09-2026 00:29:33 [38;5;117m[DEBUG]: [0mThis is a debug message from thread 1818-09-2026 00:29:33 [38;5;117m[DEBUG]: [0mThis is a debug message from thread 2518-09-2026 00:29:33 [38;5;117m[DEBUG]: [0mThis is a debug message from thread 2318-09-2026 00:29:33 [38;5;117m[DEBUG]: [0mThis is a debug message from thread 518-09-2026 00:29:33 [38;5;015m[INFO]: [0mThis is a info message from thread 718-09-2026 00:29:33 [38;5;009m[ERROR]: [0mThis is a error message from thread 1518-09-2026 00:29:33 [38;5;015m[INFO]: [0mThis is a info message from thread 1818-09-2026 00:29:33 [38;5;009m[ERROR]: [0mThis is a error message from thread 818-09-2026 00:29:33 [38;5;015m[INFO]: [0mThis is a info message from thread 518-09-2026 00:29:33 [38;5;117m[DEBUG]: [0mThis is a debug message from thread 1518-09-2026 00:29:33 [38;5;117m[DEBUG]: [0mThis is a debug message from thread 818-09-2026 00:29:33 [38;5;015m[INFO]: [0mThis is a info message from thread 1418-09-2026 00:29:33 [38;5;015m[INFO]: [0mThis is a info message from thread 918-09-2026 00:29:33 [38;5;117m[DEBUG]: [0mThis is a debug message from thread 2618-09-2026 00:29:33 [38;5;009m[ERROR]: [0mThis is a error message from thread 1418-09-2026 00:29:33 [38;5;117m[DEBUG]: [0mThis is a debug message from thread 1418-09-2026 00:29:33 [38;5;015m[INFO]: [0mThis is a info message from thread 818-09-2026 00:29:33 [38;5;009m[ERROR]: [0mThis is a error message from thread 718-09-2026 00:29:33 [38;5;015m[INFO]: [0mThis is a info message from thread 1518-09-2026 00:29:33 [38;5;015m[INFO]: [0mThis is a info message from thread 2618-09-2026 00:29:33 [38;5;009m[ERROR]: [0mThis is a error message from thread 1518-09-2026 00:29:33 [38;5;015m[INFO]: [0mThis is a info message from thread 1418-09-2026 00:29:33 [38;5;117m[DEBUG]: [0mThis is a debug message from thread 1718-09-2026 00:29:33 [38;5;117m[DEBUG]: [0mThis is a debug message from thread 2418-09-2026 00:29:33 [38;5;009m[ERROR]: [0mThis is a error message from thread 1418-09-2026 00:29:33 [38;5;015m[INFO]: [0mThis is a info message from thread 2318-09-2026 00:29:33 [38;5;009m[ERROR]: [0mThis is a error message from thread 918-09-2026 00:29:33 [38;5;117m[DEBUG]: [0mThis is a debug message from thread 2018-09-2026 00:29:33 [38;5;009m[ERROR]: [0mThis is a error message from thread 1618-09-2026 00:29:33 [38;5;015m[INFO]: [0mThis is a info message from thread 018-09-2026 00:29:33 [38;5;015m[INFO]: [0mThis is a info message from thread 2118-09-2026 00:29:33 [38;5;015m[INFO]: [0mThis is a info message from thread 1718-09-2026 00:29:33 [38;5;009m[ERROR]: [0mThis is a error message from thread 1118-09-2026 00:29:33 [38;5;117m[DEBUG]: [0mThis is a debug message from thread 718-09-2026 00:29:33 [38;5;117m[DEBUG]: [0mThis is a debug message from thread 318-09-2026 00:29:33 [38;5;009m[ERROR]: [0mThis is a error message from thread 2118-09-2026 00:29:33 [38;5;015m[INFO]: [0mThis is a info message from thread 2018-09-2026 00:29:33 [38;5;117m[DEBUG]: [0mThis is a debug message from thread 1618-09-2026 00:29:33 [38;5;015m[INFO]: [0mThis is a info message from thread 2518-09-2026 00:29:33 [38;5;009m[ERROR]: [0mThis is a error message from thread 2518-09-2026 00:29:33 [38;5;117m[DEBUG]: [0mThis is a debug message from thread 2118-09-2026 00:29:33 [38;5;117m[DEBUG]: [0mThis is a debug message from thread 2518-09-2026 00:29:33 [38;5;009m[ERROR]: [0mThis is a error message from thread 118-09-2026 00:29:33 [38;5;015m[INFO]: [0mThis is a info message from thread 1218-09-2026 00:29:33 [38;5;009m[ERROR]: [0mThis is a error message from thread 2918-09-2026 00:29:33 [38;5;009m[ERROR]: [0mThis is a error message from thread 518-09-2026 00:29:33 [38;5;015m[INFO]: [0mThis is a info message from thread 1018-09-2026 00:29:33 [38;5;015m[INFO]: [0mThis is a info message from thread 2218-09-2026 00:29:33 [38;5;015m[INFO]: [0mThis is a info message from thread 418-09-2026 00:29:33 [38;5;117m[DEBUG]: [0mThis is a debug message from thread 2918-09-2026 00:29:33 [38;5;009m[ERROR]: [0mThis is a error message from thread 2018-09-2026 00:29:33 [38;5;117m[DEBUG]: [0mThis is a debug message from thread 118-09-2026 00:29:33 [38;5;009m[ERROR]: [0mThis is a error message from thread 1218-09-2026 00:29:33 [38;5;009m[ERROR]: [0mThis is a error message from thread 418-09-2026 00:29:33 [38;5;009m[ERROR]: [0mThis is a error message from thread 1818-09-2026 00:29:33 [38;5;117m[DEBUG]: [0mThis is a debug message from thread 1218-09-2026 00:29:33 [38;5;015m[INFO]: [0mThis is a info message from thread 2918-09-2026 00:29:33 [38;5;009m[ERROR]: [0mThis is a error message from thread 2918-09-2026 00:29:33 [38;5;117m[DEBUG]: [0mThis is a debug message from thread 918-09-2026 00:29:33 [38;5;009m[ERROR]: [0mThis is a error message from thread 2318-09-2026 00:29:33 [38;5;015m[INFO]: [0mThis is a info message from thread 918-09-2026 00:29:33 [38;5;117m[DEBUG]: [0mThis is a debug message from thread 518-09-2026 00:29:33 [38;5;117m[DEBUG]: [0mThis is a debug message from thread 1118-09-2026 00:29:33 [38;5;117m[DEBUG]: [0mThis is a debug message from thread 2918-09-2026 00:29:33 [38;5;015m[INFO]: [0mThis is a info message from thread 1918-09-2026 00:29:33 [38;5;009m[ERROR]: [0mThis is a error message from thread 918-09-2026 00:29:33 [38;5;009m[ERROR]: [0mThis is a error message from thread 1018-09-2026 00:29:33 [38;5;117m[DEBUG]: [0mThis is a debug message from thread 2318-09-2026 00:29:33 [38;5;117m[DEBUG]: [0mThis is a debug message from thread 418-09-2026 00:29:33 [38;5;015m[INFO]: [0mThis is a info message from thread 1118-09-2026 00:29:33 [38;5;015m[INFO]: [0mThis is a info message from thread 518-09-2026 00:29:33 [38;5;117m[DEBUG]: [0mThis is a debug message from thread 918-09-2026 00:29:33 [38;5;015m[INFO]: [0mThis is a info message from thread 218-09-2026 00:29:33 [38;5;015m[INFO]: [0mThis is a info message from thread 1218-09-2026 00:29:33 [38;5;015m[INFO]: [0mThis is a info message from thread 118-09-2026 00:29:33 [38;5;015m[INFO]: [0mThis is a info message from thread 2418-09-2026 00:29:33 [38;5;015m[INFO]: [0mThis is a info message from thread 418-09-2026 00:29:33 [38;5;009m[ERROR]: [0mThis is a error message from thread 1918-09-2026 00:29:33 [38;5;009m[ERROR]: [0mThis is a error message from thread 118-09-2026 00:29:33 [38;5;009m[ERROR]: [0mThis is a error message from thread 1118-09-2026 00:29:33 [38;5;009m[ERROR]: [0mThis is a error message from thread 518-09-2026 00:29:33 [38;5;117m[DEBUG]: [0mThis is a debug message from thread 1518-09-2026 00:29:33 [38;5;117m[DEBUG]: [0mThis is a debug message from thread 1918-09-2026 00:29:33 [38;5;009m[ERROR]: [0mThis is a error message from thread 218-09-2026 00:29:33 [38;5;015m[INFO]: [0mThis is a info message from thread 2518-09-2026 00:29:33 [38;5;009m[ERROR]: [0mThis is a error message from thread 418-09-2026 00:29:33 [38;5;015m[INFO]: [0mThis is a info message from thread 718-09-2026 00:29:33 [38;5;117m[DEBUG]: [0mThis is a debug message from thread 118-09-2026 00:29:33 [38;5;015m[INFO]: [0mThis is a info message from thread 1518-09-2026 00:29:33 [38;5;015m[INFO]: [0mThis is a info message from thread 1918-09-2026 00:29:33 [38;5;009m[ERROR]: [0mThis is a error message from thread 2618-09-2026 00:29:33 [38;5;015m[INFO]: [0mThis is a info message from thread 2318-09-2026 00:29:33 [38;5;117m[DEBUG]: [0mThis is a debug message from thread 1318-09-2026 00:29:33 [38;5;117m[DEBUG]: [0mThis is a debug message from thread 2618-09-2026 00:29:33 [38;5;009m[ERROR]: [0mThis is a error message from thread 618-09-2026 00:29:33 [38;5;015m[INFO]: [0mThis is a info message from thread 2818-09-2026 00:29:33 [38;5;015m[INFO]: [0mThis is a info message from thread 2718-09-2026 00:29:33 [38;5;009m[ERROR]: [0mThis is a error message from thread 1918-09-2026 00:29:33 [38;5;009m[ERROR]: [0mThis is a error message from thread 1518-09-2026 00:29:33 [38;5;015m[INFO]: [0mThis is a info message from thread 318-09-2026 00:29:33 [38;5;009m[ERROR]: [0mThis is a error message from thread 318-09-2026 00:29:33 [38;5;117m[DEBUG]: [0mThis is a debug message from thread 418-09-2026 00:29:33 [38;5;117m[DEBUG]: [0mThis is a debug message from thread 1518-09-2026 00:29:33 [38;5;015m[INFO]: [0mThis is a info message from thread 118-09-2026 00:29:33 [38;5;015m[INFO]: [0mThis is a info message from thread 1518-09-2026 00:29:33 [38;5;015m[INFO]: [0mThis is a info message from thread 2618-09-2026 00:29:33 [38;5;009m[ERROR]: [0mThis is a error message from thread 2818-09-2026 00:29:33 [38;5;117m[DEBUG]: [0mThis is a debug message from thread 2018-09-2026 00:29:33 [38;5;117m[DEBUG]: [0mThis is a debug message from thread 1018-09-2026 00:29:33 [38;5;117m[DEBUG]: [0mThis is a debug message from thread 618-09-2026 00:29:33 [38;5;009m[ERROR]: [0mThis is a error message from thread 2218-09-2026 00:29:33 [38;5;009m[ERROR]: [0mThis is a error message from thread 1518-09-2026 00:29:33 [38;5;009m[ERROR]: [0mThis is a error message from thread 118-09-2026 00:29:33 [38;5;117m[DEBUG]: [0mThis is a debug message from thread 2818-09-2026 00:29:33 [38;5;117m[DEBUG]: [0mThis is a debug message from thread 118-09-2026 00:29:33 [38;5;009m[ERROR]: [0mThis is a error message from thread 718-09-2026 00:29:33 [38;5;117m[DEBUG]: [0mThis is a debug message from thread 1918-09-2026 00:29:33 [38;5;009m[ERROR]: [0mThis is a error message from thread 2618-09-2026 00:29:33 [38;5;015m[INFO]: [0mThis is a info message from thread 418-09-2026 00:29:33 [38;5;009m[ERROR]: [0mThis is a error message from thread 1218-09-2026 00:29:33 [38;5;117m[DEBUG]: [0mThis is a debug message from thread 2618-09-2026 00:29:33 [38;5;015m[INFO]: [0mThis is a info message from thread 918-09-2026 00:29:33 [38;5;117m[DEBUG]: [0mThis is a debug message from thread 1118-09-2026 00:29:33 [38;5;117m[DEBUG]: [0mThis is a debug message from thread 1818-09-2026 00:29:33 [38;5;009m[ERROR]: [0mThis is a error message from thread 2318-09-2026 00:29:33 [38;5;015m[INFO]: [0mThis is a info message from thread 1318-09-2026 00:29:33 [38;5;015m[INFO]: [0mThis is a info message from thread 618-09-2026 00:29:33 [38;5;117m[DEBUG]: [0mThis is a debug message from thread 218-09-2026 00:29:33 [38;5;015m[INFO]: [0mThis is a info message from thread 118-09-2026 00:29:33 [38;5;009m[ERROR]: [0mThis is a error message from thread 1718-09-2026 00:29:33 [38;5;117m[DEBUG]: [0mThis is a debug message from thread 2318-09-2026 00:29:33 [38;5;015m[INFO]: [0mThis is a info message from thread 1818-09-2026 00:29:33 [38;5;009m[ERROR]: [0mThis is a error message from thread 2518-09-2026 00:29:33 [38;5;015m[INFO]: [0mThis is a info message from thread 2618-09-2026 00:29:33 [38;5;009m[ERROR]: [0mThis is a error message from thread 1318-09-2026 00:29:33 [38;5;009m[ERROR]: [0mThis is a error message from thread 1818-09-2026 00:29:33 [38;5;009m[ERROR]: [0mThis is a error message from thread 2618-09-2026 00:29:33 [38;5;117m[DEBUG]: [0mThis is a debug message from thread 1218-09-2026 00:29:33 [38;5;009m[ERROR]: [0mThis is a error message from thread 118-09-2026 00:29:33 [38;5;015m[INFO]: [0mThis is a info message from thread 1118-09-2026 00:29:33 [38;5;015m[INFO]: [0mThis is a info message from thread 1618-09-2026 00:29:33 [38;5;015m[INFO]: [0mThis is a info message from thread 2318-09-2026 00:29:33 [38;5;009m[ERROR]: [0mThis is a error message from thread 918-09-2026 00:29:33 [38;5;117m[DEBUG]: [0mThis is a debug message from thread 1818-09-2026 00:29:33 [38;5;117m[DEBUG]: [0mThis is a debug message from thread 1318-09-2026 00:29:33 [38;5;015m[INFO]: [0mThis is a info message from thread 2918-09-2026 00:29:33 [38;5;015m[INFO]: [0mThis is a info message from thread 1818-09-2026 00:29:33 [38;5;117m[DEBUG]: [0mThis is a debug message from thread 2618-09-2026 00:29:33 [38;5;015m[INFO]: [0mThis is a info message from thread 2618-09-2026 00:29:33 [38;5;009m[ERROR]: [0mThis is a error message from thread 1118-09-2026 00:29:33 [38;5;117m[DEBUG]: [0mThis is a debug message from thread 918-09-2026 00:29:33 [38;5;015m[INFO]: [0mThis is a info message from thread 1218-09-2026 00:29:33 [38;5;117m[DEBUG]: [0mThis is a debug message from thread 1118-09-2026 00:29:33 [38;5;015m[INFO]: [0mThis is a info message from thread 2118-09-2026 00:29:33 [38;5;009m[ERROR]: [0mThis is a error message from thread 1818-09-2026 00:29:33 [38;5;009m[ERROR]: [0mThis is a error message from thread 2118-09-2026 00:29:33 [38;5;009m[ERROR]: [0mThis is a error message from thread 2618-09-2026 00:29:33 [38;5;117m[DEBUG]: [0mThis is a debug message from thread 318-09-2026 00:29:33 [38;5;015m[INFO]: [0mThis is a info message from thread 1118-09-2026 00:29:33 [38;5;015m[INFO]: [0mThis is a info message from thread 218-09-2026 00:29:33 [38;5;015m[INFO]: [0mThis is a info message from thread 2018-09-2026 00:29:33 [38;5;117m[DEBUG]: [0mThis is a debug message from thread 2218-09-2026 00:29:33 [38;5;009m[ERROR]: [0mThis is a error message from thread 2918-09-2026 00:29:33 [38;5;117m[DEBUG]: [0mThis is a debug message from thread 2618-09-2026 00:29:33 [38;5;015m[INFO]: [0mThis is a info message from thread 2818-09-2026 00:29:33 [38;5;009m[ERROR]: [0mThis is a error message from thread 1118-09-2026 00:29:33 [38;5;009m[ERROR]: [0mThis is a error message from thread 2018-09-2026 00:29:33 [38;5;009m[ERROR]: [0mThis is a error message from thread 2718-09-2026 00:29:33 [38;5;015m[INFO]: [0mThis is a info message from thread 1318-09-2026 00:29:33 [38;5;117m[DEBUG]: [0mThis is a debug message from thread 2918-09-2026 00:29:33 [38;5;117m[DEBUG]: [0mThis is a debug message from thread 2018-09-2026 00:29:33 [38;5;117m[DEBUG]: [0mThis is a debug message from thread 2718-09-2026 00:29:33 [38;5;015m[INFO]: [0mThis is a info message from thread 2018-09-2026 00:29:33 [38;5;009m[ERROR]: [0mThis is a error message from thread 818-09-2026 00:29:33 [38;5;009m[ERROR]: [0mThis is a error message from thread 2018-09-2026 00:29:33 [38;5;015m[INFO]: [0mThis is a info message from thread 2618-09-2026 00:29:33 [38;5;117m[DEBUG]: [0mThis is a debug message from thread 1818-09-2026 00:29:33 [38;5;117m[DEBUG]: [0mThis is a debug message from thread 1718-09-2026 00:29:33 [38;5;009m[ERROR]: [0mThis is a error message from thread 2618-09-2026 00:29:33 [38;5;117m[DEBUG]: [0mThis is a debug message from thread 2018-09-2026 00:29:33 [38;5;015m[INFO]: [0mThis is a info message from thread 1818-09-2026 00:29:33 [38;5;015m[INFO]: [0mThis is a info message from thread 2718-09-2026 00:29:33 [38;5;009m[ERROR]: [0mThis is a error message from thread 1618-09-2026 00:29:33 [38;5;117m[DEBUG]: [0mThis is a debug message from thread 2618-09-2026 00:29:33 [38;5;009m[ERROR]: [0mThis is a error message from thread 2418-09-2026 00:29:33 [38;5;117m[DEBUG]: [0mThis is a debug message from thread 518-09-2026 00:29:33 [38;5;009m[ERROR]: [0mThis is a error message from thread 1318-09-2026 00:29:33 [38;5;015m[INFO]: [0mThis is a info message from thread 2918-09-2026 00:29:33 [38;5;015m[INFO]: [0mThis is a info message from thread 1018-09-2026 00:29:33 [38;5;117m[DEBUG]: [0mThis is a debug message from thread 718-09-2026 00:29:33 [38;5;117m[DEBUG]: [0mThis is a debug message from thread 818-09-2026 00:29:33 [38;5;117m[DEBUG]: [0mThis is a debug message from thread 1118-09-2026 00:29:33 [38;5;117m[DEBUG]: [0mThis is a debug message from thread 2418-09-2026 00:29:33 [38;5;117m[DEBUG]: [0mThis is a debug message from thread 1618-09-2026 00:29:33 [38;5;015m[INFO]: [0mThis is a info message from thread 1718-09-2026 00:29:33 [38;5;015m[INFO]: [0mThis is a info message from thread 1118-09-2026 00:29:33 [38;5;009m[ERROR]: [0mThis is a error message from thread 2918-09-2026 00:29:33 [38;5;117m[DEBUG]: [0mThis is a debug message from thread 1318-09-2026 00:29:33 [38;5;015m[INFO]: [0mThis is a info message from thread 718-09-2026 00:29:33 [38;5;015m[INFO]: [0mThis is a info message from thread 918-09-2026 00:29:33 [38;5;009m[ERROR]: [0mThis is a error message from thread 1718-09-2026 00:29:33 [38;5;009m[ERROR]: [0mThis is a error message from thread 1118-09-2026 00:29:33 [38;5;117m[DEBUG]: [0mThis is a debug message from thread 1418-09-2026 00:29:33 [38;5;015m[INFO]: [0mThis is a info message from thread 2418-09-2026 00:29:33 [38;5;015m[INFO]: [0mThis is a info message from thread 1318-09-2026 00:29:33 [38;5;009m[ERROR]: [0mThis is a error message from thread 1018-09-2026 00:29:33 [38;5;117m[DEBUG]: [0mThis is a debug message from thread 2118-09-2026 00:29:33 [38;5;117m[DEBUG]: [0mThis is a debug message from thread 1118-09-2026 00:29:33 [38;5;117m[DEBUG]: [0mThis is a debug message from thread 1718-09-2026 00:29:33 [38;5;009m[ERROR]: [0mThis is a error message from thread 918-09-2026 00:29:33 [38;5;015m[INFO]: [0mThis is a info message from thread 1618-09-2026 00:29:33 [38;5;009m[ERROR]: [0mThis is a error message from thread 718-09-2026 00:29:33 [38;5;015m[INFO]: [0mThis is a info message from thread 1418-09-2026 00:29:33 [38;5;117m[DEBUG]: [0mThis is a debug message from thread 1518-09-2026 00:29:33 [38;5;009m[ERROR]: [0mThis is a error message from thread 1218-09-2026 00:29:33 [38;5;009m[ERROR]: [0mThis is a error message from thread 2818-09-2026 00:29:33 [38;5;015m[INFO]: [0mThis is a info message from thread 318-09-2026 00:29:33 [38;5;117m[DEBUG]: [0mThis is a debug message from thread 918-09-2026 00:29:33 [38;5;009m[ERROR]: [0mThis is a error message from thread 1618-09-2026 00:29:33 [38;5;009m[ERROR]: [0mThis is a error message from thread 2418-09-2026 00:29:33 [38;5;117m[DEBUG]: [0mThis is a debug message from thread 1618-09-2026 00:29:33 [38;5;015m[INFO]: [0mThis is a info message from thread 1118-09-2026 00:29:33 [38;5;015m[INFO]: [0mThis is a info message from thread 2118-09-2026 00:29:33 [38;5;015m[INFO]: [0mThis is a info message from thread 1518-09-2026 00:29:33 [38;5;117m[DEBUG]: [0mThis is a debug message from thread 2818-09-2026 00:29:33 [38;5;015m[INFO]: [0mThis is a info message from thread 918-09-2026 00:29:33 [38;5;009m[ERROR]: [0mThis is a error message from thread 1518-09-2026 00:29:33 [38;5;009m[ERROR]: [0mThis is a error message from thread 918-09-2026 00:29:33 [38;5;117m[DEBUG]: [0mThis is a debug message from thread 918-09-2026 00:29:33 [38;5;015m[INFO]: [0mThis is a info message from thread 2818-09-2026 00:29:33 [38;5;009m[ERROR]: [0mThis is a error message from thread 2818-09-2026 00:29:33 [38;5;117m[DEBUG]: [0mThis is a debug message from thread 1218-09-2026 00:29:33 [38;5;009m[ERROR]: [0mThis is a error message from thread 2118-09-2026 00:29:33 [38;5;117m[DEBUG]: [0mThis is a debug message from thread 2518-09-2026 00:29:33 [38;5;117m[DEBUG]: [0mThis is a debug message from thread 1518-09-2026 00:29:33 [38;5;015m[INFO]: [0mThis is a info message from thread 1618-09-2026 00:29:33 [38;5;015m[INFO]: [0mThis is a info message from thread 1718-09-2026 00:29:33 [38;5;117m[DEBUG]: [0mThis is a debug message from thread 2418-09-2026 00:29:33 [38;5;009m[ERROR]: [0mThis is a error message from thread 1118-09-2026 00:29:33 [38;5;117m[DEBUG]: [0mThis is a debug message from thread 1018-09-2026 00:29:33 [38;5;117m[DEBUG]: [0mThis is a debug message from thread 718-09-2026 00:29:33 [38;5;117m[DEBUG]: [0mThis is a debug message from thread 1118-09-2026 00:29:33 [38;5;009m[ERROR]: [0mThis is a error message from thread 1618-09-2026 00:29:33 [38;5;009m[ERROR]: [0mThis is a error message from thread 318-09-2026 00:29:33 [38;5;009m[ERROR]: [0mThis is a error message from thread 1318-09-2026 00:29:33 [38;5;117m[DEBUG]: [0mThis is a debug message from thread 118-09-2026 00:29:33 [38;5;015m[INFO]: [0mThis is a info message from thread 718-09-2026 00:29:33 [38;5;117m[DEBUG]: [0mThis is a debug message from thread 1618-09-2026 00:29:33 [38;5;015m[INFO]: [0mThis is a info message from thread 1018-09-2026 00:29:33 [38;5;117m[DEBUG]: [0mThis is a debug message from thread 318-09-2026 00:29:33 [38;5;117m[DEBUG]: [0mThis is a debug message from thread 2118-09-2026 00:29:33 [38;5;015m[INFO]: [0mThis is a info message from thread 118-09-2026 00:29:33 [38;5;009m[ERROR]: [0mThis is a error message from thread 718-09-2026 00:29:33 [38;5;117m[DEBUG]: [0mThis is a debug message from thread 1318-09-2026 00:29:33 [38;5;009m[ERROR]: [0mThis is a error message from thread 1018-09-2026 00:29:33 [38;5;015m[INFO]: [0mThis is a info message from thread 318-09-2026 00:29:33 [38;5;015m[INFO]: [0mThis is a info message from thread 2118-09-2026 00:29:33 [38;5;015m[INFO]: [0mThis is a info message from thread 1218-09-2026 00:29:33 [38;5;015m[INFO]: [0mThis is a info message from thread 1618-09-2026 00:29:33 [38;5;117m[DEBUG]: [0mThis is a debug message from thread 718-09-2026 00:29:33 [38;5;117m[DEBUG]: [0mThis is a debug message from thread 1018-09-2026 00:29:33 [38;5;009m[ERROR]: [0mThis is a error message from thread 318-09-2026 00:29:33 [38;5;009m[ERROR]: [0mThis is a error message from thread 1818-09-2026 00:29:33 [38;5;015m[INFO]: [0mThis is a info message from thread 2518-09-2026 00:29:33 [38;5;015m[INFO]: [0mThis is a info message from thread 2418-09-2026 00:29:33 [38;5;015m[INFO]: [0mThis is a info message from thread 818-09-2026 00:29:33 [38;5;015m[INFO]: [0mThis is a info message from thread 1518-09-2026 00:29:33 [38;5;009m[ERROR]: [0mThis is a error message from thread 1618-09-2026 00:29:33 [38;5;009m[ERROR]: [0mThis is a error message from thread 418-09-2026 00:29:33 [38;5;117m[DEBUG]: [0mThis is a debug message from thread 318-09-2026 00:29:33 [38;5;015m[INFO]: [0mThis is a info message from thread 2218-09-2026 00:29:33 [38;5;015m[INFO]: [0mThis is a info message from thread 2618-09-2026 00:29:33 [38;5;117m[DEBUG]: [0mThis is a debug message from thread 2818-09-2026 00:29:33 [38;5;015m[INFO]: [0mThis is a info message from thread 718-09-2026 00:29:33 [38;5;015m[INFO]: [0mThis is a info message from thread 518-09-2026 00:29:33 [38;5;009m[ERROR]: [0mThis is a error message from thread 2518-09-2026 00:29:33 [38;5;009m[ERROR]: [0mThis is a error message from thread 1218-09-2026 00:29:33 [38;5;117m[DEBUG]: [0mThis is a debug message from thread 2918-09-2026 00:29:33 [38;5;015m[INFO]: [0mThis is a info message from thread 2018-09-2026 00:29:33 [38;5;015m[INFO]: [0mThis is a info message from thread 1018-09-2026 00:29:33 [38;5;015m[INFO]: [0mThis is a info message from thread 2918-09-2026 00:29:33 [38;5;117m[DEBUG]: [0mThis is a debug message from thread 418-09-2026 00:29:33 [38;5;009m[ERROR]: [0mThis is a error message from thread 818-09-2026 00:29:33 [38;5;009m[ERROR]: [0mThis is a error message from thread 2718-09-2026 00:29:33 [38;5;015m[INFO]: [0mThis is a info message from thread 418-09-2026 00:29:33 [38;5;015m[INFO]: [0mThis is a info message from thread 1118-09-2026 00:29:33 [38;5;009m[ERROR]: [0mThis is a error message from thread 218-09-2026 00:29:33 [38;5;117m[DEBUG]: [0mThis is a debug message from thread 2518-09-2026 00:29:33 [38;5;117m[DEBUG]: [0mThis is a debug message from thread 2718-09-2026 00:29:33 [38;5;009m[ERROR]: [0mThis is a error message from thread 418-09-2026 00:29:33 [38;5;015m[INFO]: [0mThis is a info message from thread 2718-09-2026 00:29:33 [38;5;117m[DEBUG]: [0mThis is a debug message from thread 818-09-2026 00:29:33 [38;5;009m[ERROR]: [0mThis is a error message from thread 2718-09-2026 00:29:33 [38;5;009m[ERROR]: [0mThis is a error message from thread 118-09-2026 00:29:33 [38;5;117m[DEBUG]: [0mThis is a debug message from thread 418-09-2026 00:29:33 [38;5;015m[INFO]: [0mThis is a info message from thread 818-09-2026 00:29:33 [38;5;015m[INFO]: [0mThis is a info message from thread 2518-09-2026 00:29:33 [38;5;117m[DEBUG]: [0mThis is a debug message from thread 1618-09-2026 00:29:33 [38;5;009m[ERROR]: [0mThis is a error message from thread 2318-09-2026 00:29:33 [38;5;009m[ERROR]: [0mThis is a error message from thread 2218-09-2026 00:29:33 [38;5;009m[ERROR]: [0mThis is a error message from thread 618-09-2026 00:29:33 [38;5;015m[INFO]: [0mThis is a info message from thread 418-09-2026 00:29:33 [38;5;009m[ERROR]: [0mThis is a error message from thread 818-09-2026 00:29:33 [38;5;117m[DEBUG]: [0mThis is a debug message from thread 818-09-2026 00:29:33 [38;5;117m[DEBUG]: [0mThis is a debug message from thread 2318-09-2026 00:29:33 [38;5;117m[DEBUG]: [0mThis is a debug message from thread 618-09-2026 00:29:33 [38;5;117m[DEBUG]: [0mThis is a debug message from thread 218-09-2026 00:29:33 [38;5;009m[ERROR]: [0mThis is a error message from thread 418-09-2026 00:29:33 [38;5;009m[ERROR]: [0mThis is a error message from thread 2118-09-2026 00:29:33 [38;5;015m[INFO]: [0mThis is a info message from thread 1318-09-2026 00:29:33 [38;5;117m[DEBUG]: [0mThis is a debug message from thread 1218-09-2026 00:29:33 [38;5;015m[INFO]: [0mThis is a info message from thread 618-09-2026 00:29:33 [38;5;117m[DEBUG]: [0mThis is a debug message from thread 2118-09-2026 00:29:33 [38;5;009m[ERROR]: [0mThis is a error message from thread 2518-09-2026 00:29:33 [38;5;117m[DEBUG]: [0mThis is a debug message from thread 418-09-2026 00:29:33 [38;5;015m[INFO]: [0mThis is a info message from thread 418-09-2026 00:29:33 [38;5;015m[INFO]: [0mThis is a info message from thread 2118-09-2026 00:29:33 [38;5;015m[INFO]: [0mThis is a info message from thread 2318-09-2026 00:29:33 [38;5;117m[DEBUG]: [0mThis is a debug message from thread 2518-09-2026 00:29:33 [38;5;009m[ERROR]: [0mThis is a error message from thread 418-09-2026 00:29:33 [38;5;009m[ERROR]: [0mThis is a error message from thread 2318-09-2026 00:29:33 [38;5;117m[DEBUG]: [0mThis is a debug message from thread 2218-09-2026 00:29:33 [38;5;015m[INFO]: [0mThis is a info message from thread 1618-09-2026 00:29:33 [38;5;015m[INFO]: [0mThis is a info message from thread 218-09-2026 00:29:33 [38;5;117m[DEBUG]: [0mThis is a debug message from thread 418-09-2026 00:29:33 [38;5;117m[DEBUG]: [0mThis is a debug message from thread 2318-09-2026 00:29:33 [38;5;009m[ERROR]: [0mThis is a error message from thread 618-09-2026 00:29:33 [38;5;009m[ERROR]: [0mThis is a error message from thread 2118-09-2026 00:29:33 [38;5;117m[DEBUG]: [0mThis is a debug message from thread 2118-09-2026 00:29:33 [38;5;015m[INFO]: [0mThis is a info message from thread 2318-09-2026 00:29:33 [38;5;117m[DEBUG]: [0mThis is a debug message from thread 1818-09-2026 00:29:33 [38;5;009m[ERROR]: [0mThis is a error message from thread 2618-09-2026 00:29:33 [38;5;009m[ERROR]: [0mThis is a error message from thread 018-09-2026 00:29:33 [38;5;009m[ERROR]: [0mThis is a error message from thread 2318-09-2026 00:29:33 [38;5;117m[DEBUG]: [0mThis is a debug message from thread 018-09-2026 00:29:33 [38;5;117m[DEBUG]: [0mThis is a debug message from thread 2318-09-2026 00:29:33 [38;5;015m[INFO]: [0mThis is a info message from thread 2118-09-2026 00:29:33 [38;5;009m[ERROR]: [0mThis is a error message from thread 218-09-2026 00:29:33 [38;5;015m[INFO]: [0mThis is a info message from thread 2818-09-2026 00:29:33 [38;5;015m[INFO]: [0mThis is a info message from thread 018-09-2026 00:29:33 [38;5;009m[ERROR]: [0mThis is a error message from thread 1318-09-2026 00:29:33 [38;5;009m[ERROR]: [0mThis is a error message from thread 1518-09-2026 00:29:33 [38;5;009m[ERROR]: [0mThis is a error message from thread 1618-09-2026 00:29:33 [38;5;015m[INFO]: [0mThis is a info message from thread 918-09-2026 00:29:33 [38;5;009m[ERROR]: [0mThis is a error message from thread 2818-09-2026 00:29:33 [38;5;015m[INFO]: [0mThis is a info message from thread 2318-09-2026 00:29:33 [38;5;009m[ERROR]: [0mThis is a error message from thread 1118-09-2026 00:29:33 [38;5;015m[INFO]: [0mThis is a info message from thread 1218-09-2026 00:29:33 [38;5;009m[ERROR]: [0mThis is a error message from thread 2918-09-2026 00:29:33 [38;5;015m[INFO]: [0mThis is a info message from thread 418-09-2026 00:29:33 [38;5;009m[ERROR]: [0mThis is a error message from thread 518-09-2026 00:29:33 [38;5;009m[ERROR]: [0mThis is a error message from thread 2318-09-2026 00:29:33 [38;5;015m[INFO]: [0mThis is a info message from thread 2518-09-2026 00:29:33 [38;5;009m[ERROR]: [0mThis is a error message from thread 018-09-2026 00:29:33 [38;5;117m[DEBUG]: [0mThis is a debug message from thread 1118-09-2026 00:29:33 [38;5;117m[DEBUG]: [0mThis is a debug message from thread 1518-09-2026 00:29:33 [38;5;015m[INFO]: [0mThis is a info message from thread 318-09-2026 00:29:33 [38;5;009m[ERROR]: [0mThis is a error message from thread 2118-09-2026 00:29:33 [38;5;117m[DEBUG]: [0mThis is a debug message from thread 218-09-2026 00:29:33 [38;5;015m[INFO]: [0mThis is a info message from thread 818-09-2026 00:29:33 [38;5;117m[DEBUG]: [0mThis is a debug message from thread 2818-09-2026 00:29:33 [38;5;117m[DEBUG]: [0mThis is a debug message from thread 2718-09-2026 00:29:33 [38;5;117m[DEBUG]: [0mThis is a debug message from thread 118-09-2026 00:29:33 [38;5;117m[DEBUG]: [0mThis is a debug message from thread 2618-09-2026 00:29:33 [38;5;009m[ERROR]: [0mThis is a error message from thread 2518-09-2026 00:29:33 [38;5;015m[INFO]: [0mThis is a info message from thread 1518-09-2026 00:29:33 [38;5;015m[INFO]: [0mThis is a info message from thread 2618-09-2026 00:29:33 [38;5;015m[INFO]: [0mThis is a info message from thread 2218-09-2026 00:29:33 [38;5;117m[DEBUG]: [0mThis is a debug message from thread 018-09-2026 00:29:33 [38;5;117m[DEBUG]: [0mThis is a debug message from thread 618-09-2026 00:29:33 [38;5;015m[INFO]: [0mThis is a info message from thread 018-09-2026 00:29:33 [38;5;009m[ERROR]: [0mThis is a error message from thread 818-09-2026 00:29:33 [38;5;009m[ERROR]: [0mThis is a error message from thread 1518-09-2026 00:29:33 [38;5;117m[DEBUG]: [0mThis is a debug message from thread 2318-09-2026 00:29:33 [38;5;117m[DEBUG]: [0mThis is a debug message from thread 2118-09-2026 00:29:33 [38;5;117m[DEBUG]: [0mThis is a debug message from thread 1318-09-2026 00:29:33 [38;5;009m[ERROR]: [0mThis is a error message from thread 2618-09-2026 00:29:33 [38;5;009m[ERROR]: [0mThis is a error message from thread 718-09-2026 00:29:33 [38;5;015m[INFO]: [0mThis is a info message from thread 2718-09-2026 00:29:33 [38;5;015m[INFO]: [0mThis is a info message from thread 2118-09-2026 00:29:33 [38;5;009m[ERROR]: [0mThis is a error message from thread 018-09-2026 00:29:33 [38;5;015m[INFO]: [0mThis is a info message from thread 2818-09-2026 00:29:33 [38;5;015m[INFO]: [0mThis is a info message from thread 118-09-2026 00:29:33 [38;5;009m[ERROR]: [0mThis is a error message from thread 2118-09-2026 00:29:33 [38;5;117m[DEBUG]: [0mThis is a debug message from thread 1518-09-2026 00:29:33 [38;5;117m[DEBUG]: [0mThis is a debug message from thread 1618-09-2026 00:29:33 [38;5;117m[DEBUG]: [0mThis is a debug message from thread 2918-09-2026 00:29:33 [38;5;117m[DEBUG]: [0mThis is a debug message from thread 818-09-2026 00:29:33 [38;5;009m[ERROR]: [0mThis is a error message from thread 2718-09-2026 00:29:33 [38;5;015m[INFO]: [0mThis is a info message from thread 1818-09-2026 00:29:33 [38;5;009m[ERROR]: [0mThis is a error message from thread 1718-09-2026 00:29:33 [38;5;009m[ERROR]: [0mThis is a error message from thread 2418-09-2026 00:29:33 [38;5;117m[DEBUG]: [0mThis is a debug message from thread 2118-09-2026 00:29:33 [38;5;015m[INFO]: [0mThis is a info message from thread 2118-09-2026 00:29:33 [38;5;117m[DEBUG]: [0mThis is a debug message from thread 2518-09-2026 00:29:33 [38;5;117m[DEBUG]: [0mThis is a debug message from thread 018-09-2026 00:29:33 [38;5;117m[DEBUG]: [0mThis is a debug message from thread 518-09-2026 00:29:33 [38;5;117m[DEBUG]: [0mThis is a debug message from thread 2418-09-2026 00:29:33 [38;5;015m[INFO]: [0mThis is a info message from thread 1518-09-2026 00:29:33 [38;5;009m[ERROR]: [0mThis is a error message from thread 1218-09-2026 00:29:33 [38;5;117m[DEBUG]: [0mThis is a debug message from thread 1718-09-2026 00:29:33 [38;5;009m[ERROR]: [0mThis is a error message from thread 118-09-2026 00:29:33 [38;5;117m[DEBUG]: [0mThis is a debug message from thread 2618-09-2026 00:29:33 [38;5;015m[INFO]: [0mThis is a info message from thread 618-09-2026 00:29:33 [38;5;009m[ERROR]: [0mThis is a error message from thread 418-09-2026 00:29:33 [38;5;009m[ERROR]: [0mThis is a error message from thread 1018-09-2026 00:29:33 [38;5;015m[INFO]: [0mThis is a info message from thread 1718-09-2026 00:29:33 [38;5;015m[INFO]: [0mThis is a info message from thread 2518-09-2026 00:29:33 [38;5;117m[DEBUG]: [0mThis is a debug message from thread 418-09-2026 00:29:33 [38;5;117m[DEBUG]: [0mThis is a debug message from thread 118-09-2026 00:29:33 [38;5;009m[ERROR]: [0mThis is a error message from thread 1718-09-2026 00:29:33 [38;5;009m[ERROR]: [0mThis is a error message from thread 918-09-2026 00:29:33 [38;5;015m[INFO]: [0mThis is a info message from thread 2418-09-2026 00:29:33 [38;5;009m[ERROR]: [0mThis is a error message from thread 2518-09-2026 00:29:33 [38;5;015m[INFO]: [0mThis is a info message from thread 2618-09-2026 00:29:33 [38;5;009m[ERROR]: [0mThis is a error message from thread 1818-09-2026 00:29:33 [38;5;015m[INFO]: [0mThis is a info message from thread 418-09-2026 00:29:33 [38;5;117m[DEBUG]: [0mThis is a debug message from thread 2718-09-2026 00:29:33 [38;5;015m[INFO]: [0mThis is a info message from thread 2918-09-2026 00:29:33 [38;5;015m[INFO]: [0mThis is a info message from thread 1918-09-2026 00:29:33 [38;5;015m[INFO]: [0mThis is a info message from thread 1118-09-2026 00:29:33 [38;5;009m[ERROR]: [0mThis is a error message from thread 2018-09-2026 00:29:33 [38;5;117m[DEBUG]: [0mThis is a debug message from thread 1718-09-2026 00:29:33 [38;5;015m[INFO]: [0mThis is a info message from thread 118-09-2026 00:29:33 [38;5;009m[ERROR]: [0mThis is a error message from thread 618-09-2026 00:29:33 [38;5;015m[INFO]: [0mThis is a info message from thread 2718-09-2026 00:29:33 [38;5;015m[INFO]: [0mThis is a info message from thread 1318-09-2026 00:29:33 [38;5;117m[DEBUG]: [0mThis is a debug message from thread 2018-09-2026 00:29:33 [38;5;117m[DEBUG]: [0mThis is a debug message from thread 2518-09-2026 00:29:33 [38;5;015m[INFO]: [0mThis is a info message from thread 2018-09-2026 00:29:33 [38;5;009m[ERROR]: [0mThis is a error message from thread 1118-09-2026 00:29:33 [38;5;015m[INFO]: [0mThis is a info message from thread 518-09-2026 00:29:33 [38;5;117m[DEBUG]: [0mThis is a debug message from thread 718-09-2026 00:29:33 [38;5;009m[ERROR]: [0mThis is a error message from thread 418-09-2026 00:29:33 [38;5;117m[DEBUG]: [0mThis is a debug message from thread 1118-09-2026 00:29:33 [38;5;015m[INFO]: [0mThis is a info message from thread 818-09-2026 00:29:33 [38;5;009m[ERROR]: [0mThis is a error message from thread 1918-09-2026 00:29:33 [38;5;009m[ERROR]: [0mThis is a error message from thread 1318-09-2026 00:29:33 [38;5;015m[INFO]: [0mThis is a info message from thread 018-09-2026 00:29:33 [38;5;009m[ERROR]: [0mThis is a error message from thread 2718-09-2026 00:29:33 [38;5;009m[ERROR]: [0mThis is a error message from thread 018-09-2026 00:29:33 [38;5;117m[DEBUG]: [0mThis is a debug message from thread 1318-09-2026 00:29:33 [38;5;015m[INFO]: [0mThis is a info message from thread 1118-09-2026 00:29:33 [38;5;009m[ERROR]: [0mThis is a error message from thread 818-09-2026 00:29:33 [38;5;009m[ERROR]: [0mThis is a error message from thread 118-09-2026 00:29:33 [38;5;117m[DEBUG]: [0mThis is a debug message from thread 1918-09-2026 00:29:33 [38;5;117m[DEBUG]: [0mThis is a debug message from thread 2718-09-2026 00:29:33 [38;5;117m[DEBUG]: [0mThis is a debug message from thread 1818-09-2026 00:29:33 [38;5;117m[DEBUG]: [0mThis is a debug message from thread 1218-09-2026 00:29:33 [38;5;117m[DEBUG]: [0mThis is a debug message from thread 1018-09-2026 00:29:33 [38;5;009m[ERROR]: [0mThis is a error message from thread 2118-09-2026 00:29:33 [38;5;015m[INFO]: [0mThis is a info message from thread 1218-09-2026 00:29:33 [38;5;117m[DEBUG]: [0mThis is a debug message from thread 018-09-2026 00:29:33 [38;5;015m[INFO]: [0mThis is a info message from thread 1318-09-2026 00:29:33 [38;5;009m[ERROR]: [0mThis is a error message from thread 1118-09-2026 00:29:33 [38;5;117m[DEBUG]: [0mThis is a debug message from thread 618-09-2026 00:29:33 [38;5;009m[ERROR]: [0mThis is a error message from thread 1218-09-2026 00:29:33 [38;5;015m[INFO]: [0mThis is a info message from thread 1018-09-2026 00:29:33 [38;5;015m[INFO]: [0mThis is a info message from thread 2718-09-2026 00:29:33 [38;5;009m[ERROR]: [0mThis is a error message from thread 1318-09-2026 00:29:33 [38;5;009m[ERROR]: [0mThis is a error message from thread 518-09-2026 00:29:33 [38;5;117m[DEBUG]: [0mThis is a debug message from thread 2118-09-2026 00:29:33 [38;5;015m[INFO]: [0mThis is a info message from thread 2518-09-2026 00:29:33 [38;5;009m[ERROR]: [0mThis is a error message from thread 2818-09-2026 00:29:33 [38;5;117m[DEBUG]: [0mThis is a debug message from thread 1118-09-2026 00:29:33 [38;5;015m[INFO]: [0mThis is a info message from thread 1818-09-2026 00:29:33 [38;5;117m[DEBUG]: [0mThis is a debug message from thread 118-09-2026 00:29:33 [38;5;117m[DEBUG]: [0mThis is a debug message from thread 918-09-2026 00:29:33 [38;5;009m[ERROR]: [0mThis is a error message from thread 2618-09-2026 00:29:33 [38;5;009m[ERROR]: [0mThis is a error message from thread 318-09-2026 00:29:33 [38;5;117m[DEBUG]: [0mThis is a debug message from thread 2818-09-2026 00:29:33 [38;5;015m[INFO]: [0mThis is a info message from thread 1118-09-2026 00:29:33 [38;5;015m[INFO]: [0mThis is a info message from thread 2818-09-2026 00:29:33 [38;5;009m[ERROR]: [0mThis is a error message from thread 2718-09-2026 00:29:33 [38;5;009m[ERROR]: [0mThis is a error message from thread 1018-09-2026 00:29:33 [38;5;117m[DEBUG]: [0mThis is a debug message from thread 1218-09-2026 00:29:33 [38;5;015m[INFO]: [0mThis is a info message from thread 118-09-2026 00:29:33 [38;5;015m[INFO]: [0mThis is a info message from thread 2118-09-2026 00:29:33 [38;5;117m[DEBUG]: [0mThis is a debug message from thread 1018-09-2026 00:29:33 [38;5;117m[DEBUG]: [0mThis is a debug message from thread 418-09-2026 00:29:33 [38;5;015m[INFO]: [0mThis is a info message from thread 018-09-2026 00:29:33 [38;5;009m[ERROR]: [0mThis is a error message from thread 1118-09-2026 00:29:33 [38;5;117m[DEBUG]: [0mThis is a debug message from thread 2718-09-2026 00:29:33 [38;5;117m[DEBUG]: [0mThis is a debug message from thread 1118-09-2026 00:29:33 [38;5;009m[ERROR]: [0mThis is a error message from thread 118-09-2026 00:29:33 [38;5;015m[INFO]: [0mThis is a info message from thread 1018-09-2026 00:29:33 [38;5;009m[ERROR]: [0mThis is a error message from thread 1518-09-2026 00:29:33 [38;5;015m[INFO]: [0mThis is a info message from thread 618-09-2026 00:29:33 [38;5;117m[DEBUG]: [0mThis is a debug message from thread 318-09-2026 00:29:33 [38;5;009m[ERROR]: [0mThis is a error message from thread 2918-09-2026 00:29:33 [38;5;015m[INFO]: [0mThis is a info message from thread 918-09-2026 00:29:33 [38;5;117m[DEBUG]: [0mThis is a debug message from thread 518-09-2026 00:29:33 [38;5;015m[INFO]: [0mThis is a info message from thread 2718-09-2026 00:29:33 [38;5;015m[INFO]: [0mThis is a info message from thread 318-09-2026 00:29:33 [38;5;015m[INFO]: [0mThis is a info message from thread 1718-09-2026 00:29:33 [38;5;117m[DEBUG]: [0mThis is a debug message from thread 1518-09-2026 00:29:33 [38;5;015m[INFO]: [0mThis is a info message from thread 218-09-2026 00:29:33 [38;5;009m[ERROR]: [0mThis is a error message from thread 1418-09-2026 00:29:33 [38;5;009m[ERROR]: [0mThis is a error message from thread 1718-09-2026 00:29:33 [38;5;009m[ERROR]: [0mThis is a error message from thread 318-09-2026 00:29:33 [38;5;015m[INFO]: [0mThis is a info message from thread 1218-09-2026 00:29:33 [38;5;117m[DEBUG]: [0mThis is a debug message from thread 818-09-2026 00:29:33 [38;5;117m[DEBUG]: [0mThis is a debug message from thread 2618-09-2026 00:29:33 [38;5;117m[DEBUG]: [0mThis is a debug message from thread 118-09-2026 00:29:33 [38;5;117m[DEBUG]: [0mThis is a debug message from thread 1418-09-2026 00:29:33 [38;5;009m[ERROR]: [0mThis is a error message from thread 218-09-2026 00:29:33 [38;5;117m[DEBUG]: [0mThis is a debug message from thread 1318-09-2026 00:29:33 [38;5;015m[INFO]: [0mThis is a info message from thread 518-09-2026 00:29:33 [38;5;009m[ERROR]: [0mThis is a error message from thread 1218-09-2026 00:29:33 [38;5;009m[ERROR]: [0mThis is a error message from thread 2818-09-2026 00:29:33 [38;5;015m[INFO]: [0mThis is a info message from thread 118-09-2026 00:29:33 [38;5;009m[ERROR]: [0mThis is a error message from thread 918-09-2026 00:29:33 [38;5;015m[INFO]: [0mThis is a info message from thread 1418-09-2026 00:29:33 [38;5;009m[ERROR]: [0mThis is a error message from thread 618-09-2026 00:29:33 [38;5;015m[INFO]: [0mThis is a info message from thread 1618-09-2026 00:29:33 [38;5;117m[DEBUG]: [0mThis is a debug message from thread 918-09-2026 00:29:33 [38;5;015m[INFO]: [0mThis is a info message from thread 1918-09-2026 00:29:33 [38;5;117m[DEBUG]: [0mThis is a debug message from thread 1218-09-2026 00:29:33 [38;5;015m[INFO]: [0mThis is a info message from thread 1118-09-2026 00:29:33 [38;5;015m[INFO]: [0mThis is a info message from thread 2618-09-2026 00:29:33 [38;5;009m[ERROR]: [0mThis is a error message from thread 1418-09-2026 00:29:33 [38;5;015m[INFO]: [0mThis is a info message from thread 418-09-2026 00:29:33 [38;5;117m[DEBUG]: [0mThis is a debug message from thread 2918-09-2026 00:29:33 [38;5;009m[ERROR]: [0mThis is a error message from thread 1618-09-2026 00:29:33 [38;5;015m[INFO]: [0mThis is a info message from thread 2918-09-2026 00:29:33 [38;5;009m[ERROR]: [0mThis is a error message from thread 2718-09-2026 00:29:33 [38;5;009m[ERROR]: [0mThis is a error message from thread 2618-09-2026 00:29:33 [38;5;009m[ERROR]: [0mThis is a error message from thread 1118-09-2026 00:29:33 [38;5;009m[ERROR]: [0mThis is a error message from thread 2218-09-2026 00:29:33 [38;5;015m[INFO]: [0mThis is a info message from thread 718-09-2026 00:29:33 [38;5;015m[INFO]: [0mThis is a info message from thread 2318-09-2026 00:29:33 [38;5;009m[ERROR]: [0mThis is a error message from thread 2518-09-2026 00:29:33 [38;5;009m[ERROR]: [0mThis is a error message from thread 2318-09-2026 00:29:33 [38;5;009m[ERROR]: [0mThis is a error message from thread 418-09-2026 00:29:33 [38;5;009m[ERROR]: [0mThis is a error message from thread 2918-09-2026 00:29:33 [38;5;015m[INFO]: [0mThis is a info message from thread 818-09-2026 00:29:33 [38;5;015m[INFO]: [0mThis is a info message from thread 1218-09-2026 00:29:33 [38;5;009m[ERROR]: [0mThis is a error message from thread 718-09-2026 00:29:33 [38;5;117m[DEBUG]: [0mThis is a debug message from thread 1618-09-2026 00:29:33 [38;5;117m[DEBUG]: [0mThis is a debug message from thread 1718-09-2026 00:29:33 [38;5;009m[ERROR]: [0mThis is a error message from thread 2018-09-2026 00:29:33 [38;5;117m[DEBUG]: [0mThis is a debug message from thread 1118-09-2026 00:29:33 [38;5;117m[DEBUG]: [0mThis is a debug message from thread 318-09-2026 00:29:33 [38;5;009m[ERROR]: [0mThis is a error message from thread 018-09-2026 00:29:33 [38;5;009m[ERROR]: [0mThis is a error message from thread 2418-09-2026 00:29:33 [38;5;015m[INFO]: [0mThis is a info message from thread 1318-09-2026 00:29:33 [38;5;015m[INFO]: [0mThis is a info message from thread 1718-09-2026 00:29:33 [38;5;009m[ERROR]: [0mThis is a error message from thread 1318-09-2026 00:29:33 [38;5;117m[DEBUG]: [0mThis is a debug message from thread 2518-09-2026 00:29:33 [38;5;015m[INFO]: [0mThis is a info message from thread 1518-09-2026 00:29:33 [38;5;117m[DEBUG]: [0mThis is a debug message from thread 018-09-2026 00:29:33 [38;5;015m[INFO]: [0mThis is a info message from thread 1118-09-2026 00:29:33 [38;5;117m[DEBUG]: [0mThis is a debug message from thread 218-09-2026 00:29:33 [38;5;009m[ERROR]: [0mThis is a error message from thread 518-09-2026 00:29:33 [38;5;117m[DEBUG]: [0mThis is a debug message from thread 2718-09-2026 00:29:33 [38;5;015m[INFO]: [0mThis is a info message from thread 218-09-2026 00:29:33 [38;5;009m[ERROR]: [0mThis is a error message from thread 1118-09-2026 00:29:33 [38;5;117m[DEBUG]: [0mThis is a debug message from thread 2018-09-2026 00:29:33 [38;5;015m[INFO]: [0mThis is a info message from thread 918-09-2026 00:29:33 [38;5;015m[INFO]: [0mThis is a info message from thread 2018-09-2026 00:29:33 [38;5;117m[DEBUG]: [0mThis is a debug message from thread 1318-09-2026 00:29:33 [38;5;015m[INFO]: [0mThis is a info message from thread 2718-09-2026 00:29:33 [38;5;009m[ERROR]: [0mThis is a error message from thread 1218-09-2026 00:29:33 [38;5;117m[DEBUG]: [0mThis is a debug message from thread 1118-09-2026 00:29:33 [38;5;009m[ERROR]: [0mThis is a error message from thread 1718-09-2026 00:29:33 [38;5;117m[DEBUG]: [0mThis is a debug message from thread 418-09-2026 00:29:33 [38;5;117m[DEBUG]: [0mThis is a debug message from thread 2618-09-2026 00:29:33 [38;5;009m[ERROR]: [0mThis is a error message from thread 2718-09-2026 00:29:33 [38;5;009m[ERROR]: [0mThis is a error message from thread 1918-09-2026 00:29:33 [38;5;015m[INFO]: [0mThis is a info message from thread 1118-09-2026 00:29:33 [38;5;117m[DEBUG]: [0mThis is a debug message from thread 1918-09-2026 00:29:33 [38;5;117m[DEBUG]: [0mThis is a debug message from thread 2718-09-2026 00:29:33 [38;5;009m[ERROR]: [0mThis is a error message from thread 218-09-2026 00:29:33 [38;5;015m[INFO]: [0mThis is a info message from thread 1618-09-2026 00:29:33 [38;5;117m[DEBUG]: [0mThis is a debug message from thread 2318-09-2026 00:29:33 [38;5;015m[INFO]: [0mThis is a info message from thread 1318-09-2026 00:29:33 [38;5;009m[ERROR]: [0mThis is a error message from thread 2018-09-2026 00:29:33 [38;5;117m[DEBUG]: [0mThis is a debug message from thread 218-09-2026 00:29:33 [38;5;015m[INFO]: [0mThis is a info message from thread 218-09-2026 00:29:33 [38;5;015m[INFO]: [0mThis is a info message from thread 1918-09-2026 00:29:33 [38;5;015m[INFO]: [0mThis is a info message from thread 2318-09-2026 00:29:33 [38;5;117m[DEBUG]: [0mThis is a debug message from thread 2218-09-2026 00:29:33 [38;5;009m[ERROR]: [0mThis is a error message from thread 2118-09-2026 00:29:33 [38;5;015m[INFO]: [0mThis is a info message from thread 2518-09-2026 00:29:33 [38;5;015m[INFO]: [0mThis is a info message from thread 418-09-2026 00:29:33 [38;5;015m[INFO]: [0mThis is a info message from thread 2218-09-2026 00:29:33 [38;5;117m[DEBUG]: [0mThis is a debug message from thread 2118-09-2026 00:29:33 [38;5;009m[ERROR]: [0mThis is a error message from thread 1018-09-2026 00:29:33 [38;5;117m[DEBUG]: [0mThis is a debug message from thread 618-09-2026 00:29:33 [38;5;117m[DEBUG]: [0mThis is a debug message from thread 718-09-2026 00:29:33 [38;5;015m[INFO]: [0mThis is a info message from thread 2618-09-2026 00:29:33 [38;5;117m[DEBUG]: [0mThis is a debug message from thread 2918-09-2026 00:29:33 [38;5;117m[DEBUG]: [0mThis is a debug message from thread 1018-09-2026 00:29:33 [38;5;117m[DEBUG]: [0mThis is a debug message from thread 2418-09-2026 00:29:33 [38;5;009m[ERROR]: [0mThis is a error message from thread 418-09-2026 00:29:33 [38;5;015m[INFO]: [0mThis is a info message from thread 2118-09-2026 00:29:33 [38;5;117m[DEBUG]: [0mThis is a debug message from thread 1418-09-2026 00:29:33 [38;5;015m[INFO]: [0mThis is a info message from thread 1418-09-2026 00:29:33 [38;5;117m[DEBUG]: [0mThis is a debug message from thread 1218-09-2026 00:29:33 [38;5;015m[INFO]: [0mThis is a info message from thread 318-09-2026 00:29:33 [38;5;009m[ERROR]: [0mThis is a error message from thread 2518-09-2026 00:29:33 [38;5;117m[DEBUG]: [0mThis is a debug message from thread 418-09-2026 00:29:33 [38;5;117m[DEBUG]: [0mThis is a debug message from thread 2018-09-2026 00:29:33 [38;5;117m[DEBUG]: [0mThis is a debug message from thread 518-09-2026 00:29:33 [38;5;009m[ERROR]: [0mThis is a error message from thread 1118-09-2026 00:29:33 [38;5;009m[ERROR]: [0mThis is a error message from thread 1618-09-2026 00:29:33 [38;5;009m[ERROR]: [0mThis is a error message from thread 218-09-2026 00:29:33 [38;5;117m[DEBUG]: [0mThis is a debug message from thread 2818-09-2026 00:29:33 [38;5;009m[ERROR]: [0mThis is a error message from thread 2618-09-2026 00:29:33 [38;5;015m[INFO]: [0mThis is a info message from thread 1018-09-2026 00:29:33 [38;5;009m[ERROR]: [0mThis is a error message from thread 118-09-2026 00:29:33 [38;5;009m[ERROR]: [0mThis is a error message from thread 1918-09-2026 00:29:33 [38;5;015m[INFO]: [0mThis is a info message from thread 2418-09-2026 00:29:33 [38;5;009m[ERROR]: [0mThis is a error message from thread 918-09-2026 00:29:33 [38;5;015m[INFO]: [0mThis is a info message from thread 2818-09-2026 00:29:33 [38;5;117m[DEBUG]: [0mThis is a debug message from thread 218-09-2026 00:29:33 [38;5;015m[INFO]: [0mThis is a info message from thread 2918-09-2026 00:29:33 [38;5;117m[DEBUG]: [0mThis is a debug message from thread 118-09-2026 00:29:33 [38;5;009m[ERROR]: [0mThis is a error message from thread 1018-09-2026 00:29:33 [38;5;015m[INFO]: [0mThis is a info message from thread 618-09-2026 00:29:33 [38;5;009m[ERROR]: [0mThis is a error message from thread 1418-09-2026 00:29:33 [38;5;117m[DEBUG]: [0mThis is a debug message from thread 1418-09-2026 00:29:33 [38;5;015m[INFO]: [0mThis is a info message from thread 218-09-2026 00:29:33 [38;5;009m[ERROR]: [0mThis is a error message from thread 2418-09-2026 00:29:33 [38;5;117m[DEBUG]: [0mThis is a debug message from thread 1018-09-2026 00:29:33 [38;5;015m[INFO]: [0mThis is a info message from thread 118-09-2026 00:29:33 [38;5;015m[INFO]: [0mThis is a info message from thread 018-09-2026 00:29:33 [38;5;015m[INFO]: [0mThis is a info message from thread 2718-09-2026 00:29:33 [38;5;117m[DEBUG]: [0mThis is a debug message from thread 1118-09-2026 00:29:33 [38;5;009m[ERROR]: [0mThis is a error message from thread 118-09-2026 00:29:33 [38;5;009m[ERROR]: [0mThis is a error message from thread 2118-09-2026 00:29:33 [38;5;009m[ERROR]: [0mThis is a error message from thread 2718-09-2026 00:29:33 [38;5;009m[ERROR]: [0mThis is a error message from thread 018-09-2026 00:29:33 [38;5;009m[ERROR]: [0mThis is a error message from thread 218-09-2026 00:29:33 [38;5;015m[INFO]: [0mThis is a info message from thread 1018-09-2026 00:29:33 [38;5;015m[INFO]: [0mThis is a info message from thread 2018-09-2026 00:29:33 [38;5;009m[ERROR]: [0mThis is a error message from thread 1818-09-2026 00:29:33 [38;5;009m[ERROR]: [0mThis is a error message from thread 318-09-2026 00:29:33 [38;5;009m[ERROR]: [0mThis is a error message from thread 2318-09-2026 00:29:33 [38;5;117m[DEBUG]: [0mThis is a debug message from thread 2418-09-2026 00:29:33 [38;5;117m[DEBUG]: [0mThis is a debug message from thread 118-09-2026 00:29:33 [38;5;117m[DEBUG]: [0mThis is a debug message from thread 2118-09-2026 00:29:33 [38;5;009m[ERROR]: [0mThis is a error message from thread 2218-09-2026 00:29:33 [38;5;009m[ERROR]: [0mThis is a error message from thread 1018-09-2026 00:29:33 [38;5;015m[INFO]: [0mThis is a info message from thread 2418-09-2026 00:29:33 [38;5;015m[INFO]: [0mThis is a info message from thread 418-09-2026 00:29:33 [38;5;117m[DEBUG]: [0mThis is a debug message from thread 218-09-2026 00:29:33 [38;5;117m[DEBUG]: [0mThis is a debug message from thread 018-09-2026 00:29:33 [38;5;015m[INFO]: [0mThis is a info message from thread 218-09-2026 00:29:33 [38;5;015m[INFO]: [0mThis is a info message from thread 1218-09-2026 00:29:33 [38;5;117m[DEBUG]: [0mThis is a debug message from thread 2318-09-2026 00:29:33 [38;5;117m[DEBUG]: [0mThis is a debug message from thread 1818-09-2026 00:29:33 [38;5;117m[DEBUG]: [0mThis is a debug message from thread 918-09-2026 00:29:33 [38;5;117m[DEBUG]: [0mThis is a debug message from thread 1018-09-2026 00:29:33 [38;5;009m[ERROR]: [0mThis is a error message from thread 2818-09-2026 00:29:33 [38;5;117m[DEBUG]: [0mThis is a debug message from thread 2518-09-2026 00:29:33 [38;5;015m[INFO]: [0mThis is a info message from thread 1818-09-2026 00:29:33 [38;5;117m[DEBUG]: [0mThis is a debug message from thread 2818-09-2026 00:29:33 [38;5;009m[ERROR]: [0mThis is a error message from thread 2918-09-2026 00:29:33 [38;5;009m[ERROR]: [0mThis is a error message from thread 1218-09-2026 00:29:33 [38;5;117m[DEBUG]: [0mThis is a debug message from thread 2718-09-2026 00:29:33 [38;5;009m[ERROR]: [0mThis is a error message from thread 818-09-2026 00:29:33 [38;5;015m[INFO]: [0mThis is a info message from thread 2318-09-2026 00:29:33 [38;5;117m[DEBUG]: [0mThis is a debug message from thread 318-09-2026 00:29:33 [38;5;117m[DEBUG]: [0mThis is a debug message from thread 1918-09-2026 00:29:33 [38;5;015m[INFO]: [0mThis is a info message from thread 518-09-2026 00:29:33 [38;5;015m[INFO]: [0mThis is a info message from thread 918-09-2026 00:29:33 [38;5;117m[DEBUG]: [0mThis is a debug message from thread 1718-09-2026 00:29:33 [38;5;117m[DEBUG]: [0mThis is a debug message from thread 818-09-2026 00:29:33 [38;5;015m[INFO]: [0mThis is a info message from thread 2818-09-2026 00:29:33 [38;5;015m[INFO]: [0mThis is a info message from thread 2718-09-2026 00:29:33 [38;5;117m[DEBUG]: [0mThis is a debug message from thread 1218-09-2026 00:29:33 [38;5;015m[INFO]: [0mThis is a info message from thread 1218-09-2026 00:29:33 [38;5;009m[ERROR]: [0mThis is a error message from thread 2318-09-2026 00:29:33 [38;5;117m[DEBUG]: [0mThis is a debug message from thread 2318-09-2026 00:29:33 [38;5;009m[ERROR]: [0mThis is a error message from thread 1818-09-2026 00:29:33 [38;5;009m[ERROR]: [0mThis is a error message from thread 2018-09-2026 00:29:33 [38;5;015m[INFO]: [0mThis is a info message from thread 2318-09-2026 00:29:33 [38;5;015m[INFO]: [0mThis is a info message from thread 1918-09-2026 00:29:33 [38;5;009m[ERROR]: [0mThis is a error message from thread 918-09-2026 00:29:33 [38;5;009m[ERROR]: [0mThis is a error message from thread 2818-09-2026 00:29:33 [38;5;009m[ERROR]: [0mThis is a error message from thread 1518-09-2026 00:29:33 [38;5;117m[DEBUG]: [0mThis is a debug message from thread 1518-09-2026 00:29:33 [38;5;009m[ERROR]: [0mThis is a error message from thread 2318-09-2026 00:29:33 [38;5;117m[DEBUG]: [0mThis is a debug message from thread 918-09-2026 00:29:33 [38;5;117m[DEBUG]: [0mThis is a debug message from thread 2618-09-2026 00:29:33 [38;5;015m[INFO]: [0mThis is a info message from thread 2118-09-2026 00:29:33 [38;5;015m[INFO]: [0mThis is a info message from thread 1018-09-2026 00:29:33 [38;5;117m[DEBUG]: [0mThis is a debug message from thread 2318-09-2026 00:29:33 [38;5;015m[INFO]: [0mThis is a info message from thread 1718-09-2026 00:29:33 [38;5;009m[ERROR]: [0mThis is a error message from thread 618-09-2026 00:29:33 [38;5;015m[INFO]: [0mThis is a info message from thread 018-09-2026 00:29:33 [38;5;009m[ERROR]: [0mThis is a error message from thread 1718-09-2026 00:29:33 [38;5;015m[INFO]: [0mThis is a info message from thread 118-09-2026 00:29:33 [38;5;117m[DEBUG]: [0mThis is a debug message from thread 2918-09-2026 00:29:33 [38;5;015m[INFO]: [0mThis is a info message from thread 2318-09-2026 00:29:33 [38;5;009m[ERROR]: [0mThis is a error message from thread 018-09-2026 00:29:33 [38;5;117m[DEBUG]: [0mThis is a debug message from thread 2818-09-2026 00:29:33 [38;5;009m[ERROR]: [0mThis is a error message from thread 1018-09-2026 00:29:33 [38;5;117m[DEBUG]: [0mThis is a debug message from thread 1718-09-2026 00:29:33 [38;5;009m[ERROR]: [0mThis is a error message from thread 118-09-2026 00:29:33 [38;5;117m[DEBUG]: [0mThis is a debug message from thread 1818-09-2026 00:29:33 [38;5;009m[ERROR]: [0mThis is a error message from thread 1218-09-2026 00:29:33 [38;5;009m[ERROR]: [0mThis is a error message from thread 2318-09-2026 00:29:33 [38;5;015m[INFO]: [0mThis is a info message from thread 318-09-2026 00:29:33 [38;5;015m[INFO]: [0mThis is a info message from thread 2518-09-2026 00:29:33 [38;5;009m[ERROR]: [0mThis is a error message from thread 2418-09-2026 00:29:33 [38;5;009m[ERROR]: [0mThis is a error message from thread 2718-09-2026 00:29:33 [38;5;015m[INFO]: [0mThis is a info message from thread 2618-09-2026 00:29:33 [38;5;117m[DEBUG]: [0mThis is a debug message from thread 2018-09-2026 00:29:33 [38;5;117m[DEBUG]: [0mThis is a debug message from thread 1218-09-2026 00:29:33 [38;5;015m[INFO]: [0mThis is a info message from thread 1718-09-2026 00:29:33 [38;5;015m[INFO]: [0mThis is a info message from thread 918-09-2026 00:29:33 [38;5;117m[DEBUG]: [0mThis is a debug message from thread 118-09-2026 00:29:33 [38;5;015m[INFO]: [0mThis is a info message from thread 718-09-2026 00:29:33 [38;5;015m[INFO]: [0mThis is a info message from thread 1818-09-2026 00:29:33 [38;5;117m[DEBUG]: [0mThis is a debug message from thread 1018-09-2026 00:29:33 [38;5;009m[ERROR]: [0mThis is a error message from thread 718-09-2026 00:29:33 [38;5;015m[INFO]: [0mThis is a info message from thread 1118-09-2026 00:29:33 [38;5;009m[ERROR]: [0mThis is a error message from thread 1918-09-2026 00:29:33 [38;5;009m[ERROR]: [0mThis is a error message from thread 218-09-2026 00:29:33 [38;5;015m[INFO]: [0mThis is a info message from thread 1418-09-2026 00:29:33 [38;5;117m[DEBUG]: [0mThis is a debug message from thread 1618-09-2026 00:29:33 [38;5;015m[INFO]: [0mThis is a info message from thread 1518-09-2026 00:29:33 [38;5;117m[DEBUG]: [0mThis is a debug message from thread 718-09-2026 00:29:33 [38;5;009m[ERROR]: [0mThis is a error message from thread 2518-09-2026 00:29:33 [38;5;015m[INFO]: [0mThis is a info message from thread 2818-09-2026 00:29:33 [38;5;015m[INFO]: [0mThis is a info message from thread 1218-09-2026 00:29:33 [38;5;015m[INFO]: [0mThis is a info message from thread 1618-09-2026 00:29:33 [38;5;117m[DEBUG]: [0mThis is a debug message from thread 218-09-2026 00:29:33 [38;5;117m[DEBUG]: [0mThis is a debug message from thread 2518-09-2026 00:29:33 [38;5;009m[ERROR]: [0mThis is a error message from thread 1618-09-2026 00:29:33 [38;5;009m[ERROR]: [0mThis is a error message from thread 918-09-2026 00:29:33 [38;5;117m[DEBUG]: [0mThis is a debug message from thread 1918-09-2026 00:29:33 [38;5;015m[INFO]: [0mThis is a info message from thread 118-09-2026 00:29:33 [38;5;009m[ERROR]: [0mThis is a error message from thread 318-09-2026 00:29:33 [38;5;009m[ERROR]: [0mThis is a error message from thread 1318-09-2026 00:29:33 [38;5;117m[DEBUG]: [0mThis is a debug message from thread 1618-09-2026 00:29:33 [38;5;117m[DEBUG]: [0mThis is a debug message from thread 618-09-2026 00:29:33 [38;5;117m[DEBUG]: [0mThis is a debug message from thread 918-09-2026 00:29:33 [38;5;015m[INFO]: [0mThis is a info message from thread 718-09-2026 00:29:33 [38;5;009m[ERROR]: [0mThis is a error message from thread 1818-09-2026 00:29:33 [38;5;009m[ERROR]: [0mThis is a error message from thread 118-09-2026 00:29:33 [38;5;009m[ERROR]: [0mThis is a error message from thread 2618-09-2026 00:29:33 [38;5;009m[ERROR]: [0mThis is a error message from thread 2818-09-2026 00:29:33 [38;5;117m[DEBUG]: [0mThis is a debug message from thread 2218-09-2026 00:29:33 [38;5;015m[INFO]: [0mThis is a info message from thread 618-09-2026 00:29:33 [38;5;015m[INFO]: [0mThis is a info message from thread 1018-09-2026 00:29:33 [38;5;117m[DEBUG]: [0mThis is a debug message from thread 318-09-2026 00:29:33 [38;5;009m[ERROR]: [0mThis is a error message from thread 718-09-2026 00:29:33 [38;5;015m[INFO]: [0mThis is a info message from thread 2218-09-2026 00:29:33 [38;5;009m[ERROR]: [0mThis is a error message from thread 1418-09-2026 00:29:33 [38;5;015m[INFO]: [0mThis is a info message from thread 1618-09-2026 00:29:33 [38;5;117m[DEBUG]: [0mThis is a debug message from thread 2418-09-2026 00:29:33 [38;5;015m[INFO]: [0mThis is a info message from thread 818-09-2026 00:29:33 [38;5;009m[ERROR]: [0mThis is a error message from thread 1218-09-2026 00:29:33 [38;5;117m[DEBUG]: [0mThis is a debug message from thread 2618-09-2026 00:29:33 [38;5;117m[DEBUG]: [0mThis is a debug message from thread 2818-09-2026 00:29:33 [38;5;117m[DEBUG]: [0mThis is a debug message from thread 718-09-2026 00:29:33 [38;5;015m[INFO]: [0mThis is a info message from thread 918-09-2026 00:29:33 [38;5;117m[DEBUG]: [0mThis is a debug message from thread 1218-09-2026 00:29:33 [38;5;015m[INFO]: [0mThis is a info message from thread 2418-09-2026 00:29:33 [38;5;117m[DEBUG]: [0mThis is a debug message from thread 1418-09-2026 00:29:33 [38;5;117m[DEBUG]: [0mThis is a debug message from thread 1318-09-2026 00:29:33 [38;5;117m[DEBUG]: [0mThis is a debug message from thread 2318-09-2026 00:29:33 [38;5;009m[ERROR]: [0mThis is a error message from thread 518-09-2026 00:29:33 [38;5;009m[ERROR]: [0mThis is a error message from thread 1518-09-2026 00:29:33 [38;5;117m[DEBUG]: [0mThis is a debug message from thread 118-09-2026 00:29:33 [38;5;015m[INFO]: [0mThis is a info message from thread 2818-09-2026 00:29:33 [38;5;015m[INFO]: [0mThis is a info message from thread 2918-09-2026 00:29:33 [38;5;015m[INFO]: [0mThis is a info message from thread 1918-09-2026 00:29:33 [38;5;009m[ERROR]: [0mThis is a error message from thread 918-09-2026 00:29:33 [38;5;015m[INFO]: [0mThis is a info message from thread 1418-09-2026 00:29:33 [38;5;015m[INFO]: [0mThis is a info message from thread 218-09-2026 00:29:33 [38;5;009m[ERROR]: [0mThis is a error message from thread 2118-09-2026 00:29:33 [38;5;117m[DEBUG]: [0mThis is a debug message from thread 018-09-2026 00:29:33 [38;5;015m[INFO]: [0mThis is a info message from thread 118-09-2026 00:29:33 [38;5;117m[DEBUG]: [0mThis is a debug message from thread 2718-09-2026 00:29:33 [38;5;015m[INFO]: [0mThis is a info message from thread 1318-09-2026 00:29:33 [38;5;009m[ERROR]: [0mThis is a error message from thread 1418-09-2026 00:29:33 [38;5;015m[INFO]: [0mThis is a info message from thread 2318-09-2026 00:29:33 [38;5;015m[INFO]: [0mThis is a info message from thread 2718-09-2026 00:29:33 [38;5;009m[ERROR]: [0mThis is a error message from thread 2718-09-2026 00:29:33 [38;5;015m[INFO]: [0mThis is a info message from thread 018-09-2026 00:29:33 [38;5;015m[INFO]: [0mThis is a info message from thread 718-09-2026 00:29:33 [38;5;117m[DEBUG]: [0mThis is a debug message from thread 1418-09-2026 00:29:33 [38;5;009m[ERROR]: [0mThis is a error message from thread 418-09-2026 00:29:33 [38;5;117m[DEBUG]: [0mThis is a debug message from thread 1518-09-2026 00:29:33 [38;5;009m[ERROR]: [0mThis is a error message from thread 1018-09-2026 00:29:33 [38;5;009m[ERROR]: [0mThis is a error message from thread 1918-09-2026 00:29:33 [38;5;009m[ERROR]: [0mThis is a error message from thread 2318-09-2026 00:29:33 [38;5;117m[DEBUG]: [0mThis is a debug message from thread 2318-09-2026 00:29:33 [38;5;117m[DEBUG]: [0mThis is a debug message from thread 2718-09-2026 00:29:33 [38;5;117m[DEBUG]: [0mThis is a debug message from thread 418-09-2026 00:29:33 [38;5;015m[INFO]: [0mThis is a info message from thread 1418-09-2026 00:29:33 [38;5;015m[INFO]: [0mThis is a info message from thread 2518-09-2026 00:29:33 [38;5;009m[ERROR]: [0mThis is a error message from thread 2518-09-2026 00:29:33 [38;5;009m[ERROR]: [0mThis is a error message from thread 218-09-2026 00:29:33 [38;5;015m[INFO]: [0mThis is a info message from thread 1518-09-2026 00:29:33 [38;5;117m[DEBUG]: [0mThis is a debug message from thread 2518-09-2026 00:29:33 [38;5;009m[ERROR]: [0mThis is a error message from thread 1418-09-2026 00:29:33 [38;5;117m[DEBUG]: [0mThis is a debug message from thread 2118-09-2026 00:29:33 [38;5;009m[ERROR]: [0mThis is a error message from thread 2918-09-2026 00:29:33 [38;5;015m[INFO]: [0mThis is a info message from thread 418-09-2026 00:29:33 [38;5;117m[DEBUG]: [0mThis is a debug message from thread 218-09-2026 00:29:33 [38;5;009m[ERROR]: [0mThis is a error message from thread 2218-09-2026 00:29:33 [38;5;117m[DEBUG]: [0mThis is a debug message from thread 1918-09-2026 00:29:33 [38;5;009m[ERROR]: [0mThis is a error message from thread 1518-09-2026 00:29:33 [38;5;015m[INFO]: [0mThis is a info message from thread 2518-09-2026 00:29:33 [38;5;015m[INFO]: [0mThis is a info message from thread 2718-09-2026 00:29:33 [38;5;009m[ERROR]: [0mThis is a error message from thread 418-09-2026 00:29:33 [38;5;117m[DEBUG]: [0mThis is a debug message from thread 418-09-2026 00:29:33 [38;5;117m[DEBUG]: [0mThis is a debug message from thread 1418-09-2026 00:29:33 [38;5;015m[INFO]: [0mThis is a info message from thread 1418-09-2026 00:29:33 [38;5;015m[INFO]: [0mThis is a info message from thread 1218-09-2026 00:29:33 [38;5;009m[ERROR]: [0mThis is a error message from thread 2418-09-2026 00:29:33 [38;5;009m[ERROR]: [0mThis is a error message from thread 118-09-2026 00:29:33 [38;5;009m[ERROR]: [0mThis is a error message from thread 1718-09-2026 00:29:33 [38;5;015m[INFO]: [0mThis is a info message from thread 2018-09-2026 00:29:33 [38;5;009m[ERROR]: [0mThis is a error message from thread 718-09-2026 00:29:33 [38;5;117m[DEBUG]: [0mThis is a debug message from thread 2418-09-2026 00:29:33 [38;5;117m[DEBUG]: [0mThis is a debug message from thread 1518-09-2026 00:29:33 [38;5;009m[ERROR]: [0mThis is a error message from thread 818-09-2026 00:29:33 [38;5;015m[INFO]: [0mThis is a info message from thread 2418-09-2026 00:29:33 [38;5;117m[DEBUG]: [0mThis is a debug message from thread 118-09-2026 00:29:33 [38;5;117m[DEBUG]: [0mThis is a debug message from thread 1818-09-2026 00:29:33 [38;5;009m[ERROR]: [0mThis is a error message from thread 2818-09-2026 00:29:33 [38;5;015m[INFO]: [0mThis is a info message from thread 1818-09-2026 00:29:33 [38;5;009m[ERROR]: [0mThis is a error message from thread 2718-09-2026 00:29:33 [38;5;117m[DEBUG]: [0mThis is a debug message from thread 1018-09-2026 00:29:33 [38;5;117m[DEBUG]: [0mThis is a debug message from thread 2718-09-2026 00:29:33 [38;5;009m[ERROR]: [0mThis is a error message from thread 1818-09-2026 00:29:33 [38;5;009m[ERROR]: [0mThis is a error message from thread 618-09-2026 00:29:33 [38;5;009m[ERROR]: [0mThis is a error message from thread 1218-09-2026 00:29:33 [38;5;117m[DEBUG]: [0mThis is a debug message from thread 518-09-2026 00:29:33 [38;5;015m[INFO]: [0mThis is a info message from thread 518-09-2026 00:29:33 [38;5;015m[INFO]: [0mThis is a info message from thread 1518-09-2026 00:29:33 [38;5;015m[INFO]: [0mThis is a info message from thread 1018-09-2026 00:29:33 [38;5;009m[ERROR]: [0mThis is a error message from thread 2418-09-2026 00:29:33 [38;5;015m[INFO]: [0mThis is a info message from thread 2718-09-2026 00:29:33 [38;5;015m[INFO]: [0mThis is a info message from thread 118-09-2026 00:29:33 [38;5;009m[ERROR]: [0mThis is a error message from thread 118-09-2026 00:29:33 [38;5;117m[DEBUG]: [0mThis is a debug message from thread 2418-09-2026 00:29:33 [38;5;009m[ERROR]: [0mThis is a error message from thread 2718-09-2026 00:29:33 [38;5;117m[DEBUG]: [0mThis is a debug message from thread 818-09-2026 00:29:33 [38;5;009m[ERROR]: [0mThis is a error message from thread 1018-09-2026 00:29:33 [38;5;009m[ERROR]: [0mThis is a error message from thread 518-09-2026 00:29:33 [38;5;009m[ERROR]: [0mThis is a error message from thread 1518-09-2026 00:29:33 [38;5;015m[INFO]: [0mThis is a info message from thread 818-09-2026 00:29:33 [38;5;015m[INFO]: [0mThis is a info message from thread 2418-09-2026 00:29:33 [38;5;117m[DEBUG]: [0mThis is a debug message from thread 1018-09-2026 00:29:33 [38;5;015m[INFO]: [0mThis is a info message from thread 1918-09-2026 00:29:33 [38;5;117m[DEBUG]: [0mThis is a debug message from thread 618-09-2026 00:29:33 [38;5;117m[DEBUG]: [0mThis is a debug message from thread 2718-09-2026 00:29:33 [38;5;009m[ERROR]: [0mThis is a error message from thread 818-09-2026 00:29:33 [38;5;015m[INFO]: [0mThis is a info message from thread 2718-09-2026 00:29:33 [38;5;015m[INFO]: [0mThis is a info message from thread 1018-09-2026 00:29:33 [38;5;009m[ERROR]: [0mThis is a error message from thread 1018-09-2026 00:29:33 [38;5;009m[ERROR]: [0mThis is a error message from thread 2718-09-2026 00:29:33 [38;5;117m[DEBUG]: [0mThis is a debug message from thread 1218-09-2026 00:29:33 [38;5;117m[DEBUG]: [0mThis is a debug message from thread 1518-09-2026 00:29:33 [38;5;015m[INFO]: [0mThis is a info message from thread 2118-09-2026 00:29:33 [38;5;117m[DEBUG]: [0mThis is a debug message from thread 718-09-2026 00:29:33 [38;5;009m[ERROR]: [0mThis is a error message from thread 2018-09-2026 00:29:33 [38;5;117m[DEBUG]: [0mThis is a debug message from thread 818-09-2026 00:29:33 [38;5;015m[INFO]: [0mThis is a info message from thread 718-09-2026 00:29:33 [38;5;009m[ERROR]: [0mThis is a error message from thread 1918-09-2026 00:29:33 [38;5;117m[DEBUG]: [0mThis is a debug message from thread 1018-09-2026 00:29:33 [38;5;117m[DEBUG]: [0mThis is a debug message from thread 2218-09-2026 00:29:33 [38;5;117m[DEBUG]: [0mThis is a debug message from thread 2718-09-2026 00:29:33 [38;5;015m[INFO]: [0mThis is a info message from thread 1518-09-2026 00:29:33 [38;5;117m[DEBUG]: [0mThis is a debug message from thread 518-09-2026 00:29:33 [38;5;015m[INFO]: [0mThis is a info message from thread 518-09-2026 00:29:33 [38;5;015m[INFO]: [0mThis is a info message from thread 1218-09-2026 00:29:33 [38;5;015m[INFO]: [0mThis is a info message from thread 618-09-2026 00:29:33 [38;5;117m[DEBUG]: [0mThis is a debug message from thread 2018-09-2026 00:29:33 [38;5;009m[ERROR]: [0mThis is a error message from thread 018-09-2026 00:29:33 [38;5;117m[DEBUG]: [0mThis is a debug message from thread 918-09-2026 00:29:33 [38;5;015m[INFO]: [0mThis is a info message from thread 2018-09-2026 00:29:33 [38;5;009m[ERROR]: [0mThis is a error message from thread 2518-09-2026 00:29:33 [38;5;117m[DEBUG]: [0mThis is a debug message from thread 1918-09-2026 00:29:33 [38;5;009m[ERROR]: [0mThis is a error message from thread 1118-09-2026 00:29:33 [38;5;015m[INFO]: [0mThis is a info message from thread 1918-09-2026 00:29:33 [38;5;015m[INFO]: [0mThis is a info message from thread 2718-09-2026 00:29:33 [38;5;117m[DEBUG]: [0mThis is a debug message from thread 2518-09-2026 00:29:33 [38;5;009m[ERROR]: [0mThis is a error message from thread 1318-09-2026 00:29:33 [38;5;117m[DEBUG]: [0mThis is a debug message from thread 1118-09-2026 00:29:33 [38;5;117m[DEBUG]: [0mThis is a debug message from thread 018-09-2026 00:29:33 [38;5;009m[ERROR]: [0mThis is a error message from thread 2018-09-2026 00:29:33 [38;5;015m[INFO]: [0mThis is a info message from thread 218-09-2026 00:29:33 [38;5;117m[DEBUG]: [0mThis is a debug message from thread 1818-09-2026 00:29:33 [38;5;009m[ERROR]: [0mThis is a error message from thread 1918-09-2026 00:29:33 [38;5;015m[INFO]: [0mThis is a info message from thread 2618-09-2026 00:29:33 [38;5;015m[INFO]: [0mThis is a info message from thread 018-09-2026 00:29:33 [38;5;117m[DEBUG]: [0mThis is a debug message from thread 2818-09-2026 00:29:33 [38;5;015m[INFO]: [0mThis is a info message from thread 418-09-2026 00:29:33 [38;5;117m[DEBUG]: [0mThis is a debug message from thread 118-09-2026 00:29:33 [38;5;009m[ERROR]: [0mThis is a error message from thread 1418-09-2026 00:29:33 [38;5;117m[DEBUG]: [0mThis is a debug message from thread 1918-09-2026 00:29:33 [38;5;117m[DEBUG]: [0mThis is a debug message from thread 2018-09-2026 00:29:33 [38;5;015m[INFO]: [0mThis is a info message from thread 2018-09-2026 00:29:33 [38;5;009m[ERROR]: [0mThis is a error message from thread 2418-09-2026 00:29:33 [38;5;015m[INFO]: [0mThis is a info message from thread 2318-09-2026 00:29:33 [38;5;015m[INFO]: [0mThis is a info message from thread 918-09-2026 00:29:33 [38;5;015m[INFO]: [0mThis is a info message from thread 1118-09-2026 00:29:33 [38;5;015m[INFO]: [0mThis is a info message from thread 118-09-2026 00:29:33 [38;5;009m[ERROR]: [0mThis is a error message from thread 1618-09-2026 00:29:33 [38;5;015m[INFO]: [0mThis is a info message from thread 318-09-2026 00:29:33 [38;5;009m[ERROR]: [0mThis is a error message from thread 2618-09-2026 00:29:33 [38;5;117m[DEBUG]: [0mThis is a debug message from thread 1418-09-2026 00:29:33 [38;5;009m[ERROR]: [0mThis is a error message from thread 2018-09-2026 00:29:33 [38;5;009m[ERROR]: [0mThis is a error message from thread 1518-09-2026 00:29:33 [38;5;015m[INFO]: [0mThis is a info message from thread 2818-09-2026 00:29:33 [38;5;117m[DEBUG]: [0mThis is a debug message from thread 2418-09-2026 00:29:33 [38;5;009m[ERROR]: [0mThis is a error message from thread 2318-09-2026 00:29:33 [38;5;015m[INFO]: [0mThis is a info message from thread 818-09-2026 00:29:33 [38;5;015m[INFO]: [0mThis is a info message from thread 1418-09-2026 00:29:33 [38;5;009m[ERROR]: [0mThis is a error message from thread 2118-09-2026 00:29:33 [38;5;117m[DEBUG]: [0mThis is a debug message from thread 2918-09-2026 00:29:33 [38;5;015m[INFO]: [0mThis is a info message from thread 2418-09-2026 00:29:33 [38;5;015m[INFO]: [0mThis is a info message from thread 2218-09-2026 00:29:33 [38;5;009m[ERROR]: [0mThis is a error message from thread 2718-09-2026 00:29:33 [38;5;009m[ERROR]: [0mThis is a error message from thread 218-09-2026 00:29:33 [38;5;117m[DEBUG]: [0mThis is a debug message from thread 1318-09-2026 00:29:33 [38;5;009m[ERROR]: [0mThis is a error message from thread 018-09-2026 00:29:33 [38;5;009m[ERROR]: [0mThis is a error message from thread 2418-09-2026 00:29:33 [38;5;009m[ERROR]: [0mThis is a error message from thread 318-09-2026 00:29:33 [38;5;117m[DEBUG]: [0mThis is a debug message from thread 2618-09-2026 00:29:33 [38;5;009m[ERROR]: [0mThis is a error message from thread 2218-09-2026 00:29:33 [38;5;117m[DEBUG]: [0mThis is a debug message from thread 2718-09-2026 00:29:33 [38;5;015m[INFO]: [0mThis is a info message from thread 1818-09-2026 00:29:33 [38;5;015m[INFO]: [0mThis is a info message from thread 1318-09-2026 00:29:33 [38;5;009m[ERROR]: [0mThis is a error message from thread 518-09-2026 00:29:33 [38;5;117m[DEBUG]: [0mThis is a debug message from thread 1718-09-2026 00:29:33 [38;5;015m[INFO]: [0mThis is a info message from thread 1018-09-2026 00:29:33 [38;5;009m[ERROR]: [0mThis is a error message from thread 118-09-2026 00:29:33 [38;5;009m[ERROR]: [0mThis is a error message from thread 1218-09-2026 00:29:33 [38;5;117m[DEBUG]: [0mThis is a debug message from thread 2118-09-2026 00:29:33 [38;5;009m[ERROR]: [0mThis is a error message from thread 1418-09-2026 00:29:33 [38;5;009m[ERROR]: [0mThis is a error message from thread 718-09-2026 00:29:33 [38;5;117m[DEBUG]: [0mThis is a debug message from thread 1518-09-2026 00:29:33 [38;5;117m[DEBUG]: [0mThis is a debug message from thread 518-09-2026 00:29:33 [38;5;117m[DEBUG]: [0mThis is a debug message from thread 2018-09-2026 00:29:33 [38;5;015m[INFO]: [0mThis is a info message from thread 2118-09-2026 00:29:33 [38;5;117m[DEBUG]: [0mThis is a debug message from thread 1618-09-2026 00:29:33 [38;5;117m[DEBUG]: [0mThis is a debug message from thread 1218-09-2026 00:29:33 [38;5;117m[DEBUG]: [0mThis is a debug message from thread 718-09-2026 00:29:33 [38;5;117m[DEBUG]: [0mThis is a debug message from thread 1418-09-2026 00:29:33 [38;5;015m[INFO]: [0mThis is a info message from thread 2618-09-2026 00:29:33 [38;5;009m[ERROR]: [0mThis is a error message from thread 2118-09-2026 00:29:33 [38;5;009m[ERROR]: [0mThis is a error message from thread 2818-09-2026 00:29:33 [38;5;117m[DEBUG]: [0mThis is a debug message from thread 118-09-2026 00:29:33 [38;5;015m[INFO]: [0mThis is a info message from thread 1218-09-2026 00:29:33 [38;5;009m[ERROR]: [0mThis is a error message from thread 2618-09-2026 00:29:33 [38;5;015m[INFO]: [0mThis is a info message from thread 518-09-2026 00:29:33 [38;5;015m[INFO]: [0mThis is a info message from thread 718-09-2026 00:29:33 [38;5;015m[INFO]: [0mThis is a info message from thread 2718-09-2026 00:29:33 [38;5;009m[ERROR]: [0mThis is a error message from thread 818-09-2026 00:29:33 [38;5;117m[DEBUG]: [0mThis is a debug message from thread 2818-09-2026 00:29:33 [38;5;015m[INFO]: [0mThis is a info message from thread 1518-09-2026 00:29:33 [38;5;009m[ERROR]: [0mThis is a error message from thread 1018-09-2026 00:29:33 [38;5;015m[INFO]: [0mThis is a info message from thread 1418-09-2026 00:29:33 [38;5;009m[ERROR]: [0mThis is a error message from thread 918-09-2026 00:29:33 [38;5;015m[INFO]: [0mThis is a info message from thread 2918-09-2026 00:29:33 [38;5;009m[ERROR]: [0mThis is a error message from thread 1118-09-2026 00:29:33 [38;5;015m[INFO]: [0mThis is a info message from thread 118-09-2026 00:29:33 [38;5;015m[INFO]: [0mThis is a info message from thread 1618-09-2026 00:29:33 [38;5;009m[ERROR]: [0mThis is a error message from thread 718-09-2026 00:29:33 [38;5;009m[ERROR]: [0mThis is a error message from thread 2918-09-2026 00:29:33 [38;5;009m[ERROR]: [0mThis is a error message from thread 1418-09-2026 00:29:33 [38;5;117m[DEBUG]: [0mThis is a debug message from thread 2218-09-2026 00:29:33 [38;5;009m[ERROR]: [0mThis is a error message from thread 2718-09-2026 00:29:33 [38;5;015m[INFO]: [0mThis is a info message from thread 2818-09-2026 00:29:33 [38;5;009m[ERROR]: [0mThis is a error message from thread 618-09-2026 00:29:33 [38;5;009m[ERROR]: [0mThis is a error message from thread 1518-09-2026 00:29:33 [38;5;117m[DEBUG]: [0mThis is a debug message from thread 2718-09-2026 00:29:33 [38;5;015m[INFO]: [0mThis is a info message from thread 2018-09-2026 00:29:33 [38;5;015m[INFO]: [0mThis is a info message from thread 1918-09-2026 00:29:33 [38;5;117m[DEBUG]: [0mThis is a debug message from thread 1518-09-2026 00:29:33 [38;5;117m[DEBUG]: [0mThis is a debug message from thread 2118-09-2026 00:29:33 [38;5;015m[INFO]: [0mThis is a info message from thread 2218-09-2026 00:29:33 [38;5;117m[DEBUG]: [0mThis is a debug message from thread 2618-09-2026 00:29:33 [38;5;009m[ERROR]: [0mThis is a error message from thread 1318-09-2026 00:29:33 [38;5;015m[INFO]: [0mThis is a info message from thread 2518-09-2026 00:29:33 [38;5;009m[ERROR]: [0mThis is a error message from thread 518-09-2026 00:29:33 [38;5;117m[DEBUG]: [0mThis is a debug message from thread 1318-09-2026 00:29:33 [38;5;117m[DEBUG]: [0mThis is a debug message from thread 618-09-2026 00:29:33 [38;5;009m[ERROR]: [0mThis is a error message from thread 1818-09-2026 00:29:33 [38;5;015m[INFO]: [0mThis is a info message from thread 1718-09-2026 00:29:33 [38;5;009m[ERROR]: [0mThis is a error message from thread 1718-09-2026 00:29:33 [38;5;015m[INFO]: [0mThis is a info message from thread 2618-09-2026 00:29:33 [38;5;009m[ERROR]: [0mThis is a error message from thread 2518-09-2026 00:29:33 [38;5;009m[ERROR]: [0mThis is a error message from thread 118-09-2026 00:29:33 [38;5;117m[DEBUG]: [0mThis is a debug message from thread 1818-09-2026 00:29:33 [38;5;117m[DEBUG]: [0mThis is a debug message from thread 1718-09-2026 00:29:33 [38;5;117m[DEBUG]: [0mThis is a debug message from thread 118-09-2026 00:29:33 [38;5;009m[ERROR]: [0mThis is a error message from thread 2818-09-2026 00:29:33 [38;5;015m[INFO]: [0mThis is a info message from thread 1718-09-2026 00:29:33 [38;5;015m[INFO]: [0mThis is a info message from thread 1318-09-2026 00:29:33 [38;5;015m[INFO]: [0mThis is a info message from thread 2718-09-2026 00:29:33 [38;5;015m[INFO]: [0mThis is a info message from thread 618-09-2026 00:29:33 [38;5;117m[DEBUG]: [0mThis is a debug message from thread 1018-09-2026 00:29:33 [38;5;117m[DEBUG]: [0mThis is a debug message from thread 2818-09-2026 00:29:33 [38;5;009m[ERROR]: [0mThis is a error message from thread 1318-09-2026 00:29:33 [38;5;009m[ERROR]: [0mThis is a error message from thread 1718-09-2026 00:29:33 [38;5;117m[DEBUG]: [0mThis is a debug message from thread 218-09-2026 00:29:33 [38;5;117m[DEBUG]: [0mThis is a debug message from thread 718-09-2026 00:29:33 [38;5;117m[DEBUG]: [0mThis is a debug message from thread 1318-09-2026 00:29:33 [38;5;015m[INFO]: [0mThis is a info message from thread 218-09-2026 00:29:33 [38;5;117m[DEBUG]: [0mThis is a debug message from thread 1118-09-2026 00:29:33 [38;5;015m[INFO]: [0mThis is a info message from thread 1018-09-2026 00:29:33 [38;5;015m[INFO]: [0mThis is a info message from thread 718-09-2026 00:29:33 [38;5;009m[ERROR]: [0mThis is a error message from thread 1618-09-2026 00:29:33 [38;5;117m[DEBUG]: [0mThis is a debug message from thread 2918-09-2026 00:29:33 [38;5;015m[INFO]: [0mThis is a info message from thread 2818-09-2026 00:29:33 [38;5;009m[ERROR]: [0mThis is a error message from thread 2218-09-2026 00:29:33 [38;5;009m[ERROR]: [0mThis is a error message from thread 2818-09-2026 00:29:33 [38;5;117m[DEBUG]: [0mThis is a debug message from thread 818-09-2026 00:29:33 [38;5;117m[DEBUG]: [0mThis is a debug message from thread 1618-09-2026 00:29:33 [38;5;015m[INFO]: [0mThis is a info message from thread 818-09-2026 00:29:33 [38;5;117m[DEBUG]: [0mThis is a debug message from thread 2218-09-2026 00:29:33 [38;5;009m[ERROR]: [0mThis is a error message from thread 2018-09-2026 00:29:33 [38;5;117m[DEBUG]: [0mThis is a debug message from thread 2818-09-2026 00:29:33 [38;5;117m[DEBUG]: [0mThis is a debug message from thread 318-09-2026 00:29:33 [38;5;117m[DEBUG]: [0mThis is a debug message from thread 2018-09-2026 00:29:33 [38;5;009m[ERROR]: [0mThis is a error message from thread 818-09-2026 00:29:33 [38;5;015m[INFO]: [0mThis is a info message from thread 2818-09-2026 00:29:33 [38;5;015m[INFO]: [0mThis is a info message from thread 318-09-2026 00:29:33 [38;5;015m[INFO]: [0mThis is a info message from thread 2018-09-2026 00:29:33 [38;5;117m[DEBUG]: [0mThis is a debug message from thread 818-09-2026 00:29:33 [38;5;009m[ERROR]: [0mThis is a error message from thread 2818-09-2026 00:29:33 [38;5;009m[ERROR]: [0mThis is a error message from thread 2018-09-2026 00:29:33 [38;5;009m[ERROR]: [0mThis is a error message from thread 318-09-2026 00:29:33 [38;5;015m[INFO]: [0mThis is a info message from thread 818-09-2026 00:29:33 [38;5;117m[DEBUG]: [0mThis is a debug message from thread 018-09-2026 00:29:33 [38;5;015m[INFO]: [0mThis is a info message from thread 1618-09-2026 00:29:33 [38;5;009m[ERROR]: [0mThis is a error message from thread 418-09-2026 00:29:33 [38;5;015m[INFO]: [0mThis is a info message from thread 2218-09-2026 00:29:33 [38;5;117m[DEBUG]: [0mThis is a debug message from thread 2818-09-2026 00:29:33 [38;5;117m[DEBUG]: [0mThis is a debug message from thread 2018-09-2026 00:29:33 [38;5;015m[INFO]: [0mThis is a info message from thread 2118-09-2026 00:29:33 [38;5;117m[DEBUG]: [0mThis is a debug message from thread 518-09-2026 00:29:33 [38;5;009m[ERROR]: [0mThis is a error message from thread 2218-09-2026 00:29:33 [38;5;009m[ERROR]: [0mThis is a error message from thread 818-09-2026 00:29:33 [38;5;117m[DEBUG]: [0mThis is a debug message from thread 318-09-2026 00:29:33 [38;5;009m[ERROR]: [0mThis is a error message from thread 1018-09-2026 00:29:33 [38;5;009m[ERROR]: [0mThis is a error message from thread 618-09-2026 00:29:33 [38;5;009m[ERROR]: [0mThis is a error message from thread 1218-09-2026 00:29:33 [38;5;117m[DEBUG]: [0mThis is a debug message from thread 2318-09-2026 00:29:33 [38;5;015m[INFO]: [0mThis is a info message from thread 1818-09-2026 00:29:33 [38;5;117m[DEBUG]: [0mThis is a debug message from thread 2418-09-2026 00:29:33 [38;5;015m[INFO]: [0mThis is a info message from thread 1518-09-2026 00:29:33 [38;5;015m[INFO]: [0mThis is a info message from thread 1118-09-2026 00:29:33 [38;5;117m[DEBUG]: [0mThis is a debug message from thread 1218-09-2026 00:29:33 [38;5;117m[DEBUG]: [0mThis is a debug message from thread 618-09-2026 00:29:33 [38;5;117m[DEBUG]: [0mThis is a debug message from thread 818-09-2026 00:29:33 [38;5;015m[INFO]: [0mThis is a info message from thread 318-09-2026 00:29:33 [38;5;009m[ERROR]: [0mThis is a error message from thread 2618-09-2026 00:29:33 [38;5;009m[ERROR]: [0mThis is a error message from thread 1618-09-2026 00:29:33 [38;5;117m[DEBUG]: [0mThis is a debug message from thread 2218-09-2026 00:29:33 [38;5;015m[INFO]: [0mThis is a info message from thread 2418-09-2026 00:29:33 [38;5;015m[INFO]: [0mThis is a info message from thread 818-09-2026 00:29:33 [38;5;117m[DEBUG]: [0mThis is a debug message from thread 418-09-2026 00:29:33 [38;5;009m[ERROR]: [0mThis is a error message from thread 1918-09-2026 00:29:33 [38;5;009m[ERROR]: [0mThis is a error message from thread 1818-09-2026 00:29:33 [38;5;117m[DEBUG]: [0mThis is a debug message from thread 1418-09-2026 00:29:33 [38;5;015m[INFO]: [0mThis is a info message from thread 618-09-2026 00:29:33 [38;5;009m[ERROR]: [0mThis is a error message from thread 2718-09-2026 00:29:33 [38;5;009m[ERROR]: [0mThis is a error message from thread 1118-09-2026 00:29:33 [38;5;015m[INFO]: [0mThis is a info message from thread 2218-09-2026 00:29:33 [38;5;015m[INFO]: [0mThis is a info message from thread 1218-09-2026 00:29:33 [38;5;117m[DEBUG]: [0mThis is a debug message from thread 1818-09-2026 00:29:33 [38;5;117m[DEBUG]: [0mThis is a debug message from thread 1918-09-2026 00:29:33 [38;5;009m[ERROR]: [0mThis is a error message from thread 1218-09-2026 00:29:33 [38;5;117m[DEBUG]: [0mThis is a debug message from thread 1618-09-2026 00:29:33 [38;5;117m[DEBUG]: [0mThis is a debug message from thread 1118-09-2026 00:29:33 [38;5;015m[INFO]: [0mThis is a info message from thread 1918-09-2026 00:29:33 [38;5;015m[INFO]: [0mThis is a info message from thread 1418-09-2026 00:29:33 [38;5;117m[DEBUG]: [0mThis is a debug message from thread 1218-09-2026 00:29:33 [38;5;117m[DEBUG]: [0mThis is a debug message from thread 2718-09-2026 00:29:33 [38;5;015m[INFO]: [0mThis is a info message from thread 2818-09-2026 00:29:33 [38;5;015m[INFO]: [0mThis is a info message from thread 1218-09-2026 00:29:33 [38;5;009m[ERROR]: [0mThis is a error message from thread 1518-09-2026 00:29:33 [38;5;117m[DEBUG]: [0mThis is a debug message from thread 2518-09-2026 00:29:33 [38;5;015m[INFO]: [0mThis is a info message from thread 2018-09-2026 00:29:33 [38;5;015m[INFO]: [0mThis is a info message from thread 2318-09-2026 00:29:33 [38;5;009m[ERROR]: [0mThis is a error message from thread 218-09-2026 00:29:33 [38;5;117m[DEBUG]: [0mThis is a debug message from thread 1018-09-2026 00:29:33 [38;5;009m[ERROR]: [0mThis is a error message from thread 2018-09-2026 00:29:33 [38;5;009m[ERROR]: [0mThis is a error message from thread 2118-09-2026 00:29:33 [38;5;117m[DEBUG]: [0mThis is a debug message from thread 918-09-2026 00:29:33 [38;5;009m[ERROR]: [0mThis is a error message from thread 318-09-2026 00:29:33 [38;5;015m[INFO]: [0mThis is a info message from thread 2918-09-2026 00:29:33 [38;5;015m[INFO]: [0mThis is a info message from thread 518-09-2026 00:29:33 [38;5;015m[INFO]: [0mThis is a info message from thread 1618-09-2026 00:29:33 [38;5;117m[DEBUG]: [0mThis is a debug message from thread 1518-09-2026 00:29:33 [38;5;009m[ERROR]: [0mThis is a error message from thread 618-09-2026 00:29:33 [38;5;015m[INFO]: [0mThis is a info message from thread 1118-09-2026 00:29:33 [38;5;117m[DEBUG]: [0mThis is a debug message from thread 2118-09-2026 00:29:33 [38;5;009m[ERROR]: [0mThis is a error message from thread 2918-09-2026 00:29:33 [38;5;117m[DEBUG]: [0mThis is a debug message from thread 318-09-2026 00:29:33 [38;5;009m[ERROR]: [0mThis is a error message from thread 1618-09-2026 00:29:33 [38;5;015m[INFO]: [0mThis is a info message from thread 018-09-2026 00:29:33 [38;5;015m[INFO]: [0mThis is a info message from thread 1518-09-2026 00:29:33 [38;5;117m[DEBUG]: [0mThis is a debug message from thread 1718-09-2026 00:29:33 [38;5;009m[ERROR]: [0mThis is a error message from thread 1218-09-2026 00:29:33 [38;5;009m[ERROR]: [0mThis is a error message from thread 1918-09-2026 00:29:33 [38;5;015m[INFO]: [0mThis is a info message from thread 1318-09-2026 00:29:33 [38;5;009m[ERROR]: [0mThis is a error message from thread 2818-09-2026 00:29:33 [38;5;009m[ERROR]: [0mThis is a error message from thread 518-09-2026 00:29:33 [38;5;009m[ERROR]: [0mThis is a error message from thread 018-09-2026 00:29:33 [38;5;015m[INFO]: [0mThis is a info message from thread 1718-09-2026 00:29:33 [38;5;015m[INFO]: [0mThis is a info message from thread 1018-09-2026 00:29:33 [38;5;009m[ERROR]: [0mThis is a error message from thread 2418-09-2026 00:29:33 [38;5;117m[DEBUG]: [0mThis is a debug message from thread 018-09-2026 00:29:33 [38;5;117m[DEBUG]: [0mThis is a debug message from thread 618-09-2026 00:29:33 [38;5;009m[ERROR]: [0mThis is a error message from thread 1118-09-2026 00:29:33 [38;5;009m[ERROR]: [0mThis is a error message from thread 1018-09-2026 00:29:33 [38;5;015m[INFO]: [0mThis is a info message from thread 018-09-2026 00:29:33 [38;5;015m[INFO]: [0mThis is a info message from thread 1818-09-2026 00:29:33 [38;5;117m[DEBUG]: [0mThis is a debug message from thread 2618-09-2026 00:29:33 [38;5;117m[DEBUG]: [0mThis is a debug message from thread 1218-09-2026 00:29:33 [38;5;117m[DEBUG]: [0mThis is a debug message from thread 518-09-2026 00:29:33 [38;5;009m[ERROR]: [0mThis is a error message from thread 2318-09-2026 00:29:33 [38;5;117m[DEBUG]: [0mThis is a debug message from thread 2418-09-2026 00:29:33 [38;5;009m[ERROR]: [0mThis is a error message from thread 818-09-2026 00:29:33 [38;5;117m[DEBUG]: [0mThis is a debug message from thread 2318-09-2026 00:29:33 [38;5;117m[DEBUG]: [0mThis is a debug message from thread 1018-09-2026 00:29:33 [38;5;117m[DEBUG]: [0mThis is a debug message from thread 2018-09-2026 00:29:33 [38;5;009m[ERROR]: [0mThis is a error message from thread 1818-09-2026 00:29:33 [38;5;009m[ERROR]: [0mThis is a error message from thread 1318-09-2026 00:29:33 [38;5;015m[INFO]: [0mThis is a info message from thread 1018-09-2026 00:29:33 [38;5;009m[ERROR]: [0mThis is a error message from thread 1518-09-2026 00:29:33 [38;5;117m[DEBUG]: [0mThis is a debug message from thread 1618-09-2026 00:29:33 [38;5;015m[INFO]: [0mThis is a info message from thread 618-09-2026 00:29:33 [38;5;015m[INFO]: [0mThis is a info message from thread 2618-09-2026 00:29:33 [38;5;009m[ERROR]: [0mThis is a error message from thread 1018-09-2026 00:29:33 [38;5;015m[INFO]: [0mThis is a info message from thread 318-09-2026 00:29:33 [38;5;117m[DEBUG]: [0mThis is a debug message from thread 1118-09-2026 00:29:33 [38;5;117m[DEBUG]: [0mThis is a debug message from thread 818-09-2026 00:29:33 [38;5;117m[DEBUG]: [0mThis is a debug message from thread 1818-09-2026 00:29:33 [38;5;117m[DEBUG]: [0mThis is a debug message from thread 1518-09-2026 00:29:33 [38;5;009m[ERROR]: [0mThis is a error message from thread 318-09-2026 00:29:33 [38;5;117m[DEBUG]: [0mThis is a debug message from thread 1318-09-2026 00:29:33 [38;5;015m[INFO]: [0mThis is a info message from thread 1618-09-2026 00:29:33 [38;5;015m[INFO]: [0mThis is a info message from thread 1218-09-2026 00:29:33 [38;5;009m[ERROR]: [0mThis is a error message from thread 1418-09-2026 00:29:33 [38;5;015m[INFO]: [0mThis is a info message from thread 2018-09-2026 00:29:33 [38;5;009m[ERROR]: [0mThis is a error message from thread 1618-09-2026 00:29:33 [38;5;015m[INFO]: [0mThis is a info message from thread 818-09-2026 00:29:33 [38;5;117m[DEBUG]: [0mThis is a debug message from thread 318-09-2026 00:29:33 [38;5;015m[INFO]: [0mThis is a info message from thread 2418-09-2026 00:29:33 [38;5;009m[ERROR]: [0mThis is a error message from thread 618-09-2026 00:29:33 [38;5;015m[INFO]: [0mThis is a info message from thread 1318-09-2026 00:29:33 [38;5;009m[ERROR]: [0mThis is a error message from thread 2418-09-2026 00:29:33 [38;5;015m[INFO]: [0mThis is a info message from thread 2118-09-2026 00:29:33 [38;5;015m[INFO]: [0mThis is a info message from thread 418-09-2026 00:29:33 [38;5;117m[DEBUG]: [0mThis is a debug message from thread 1018-09-2026 00:29:33 [38;5;009m[ERROR]: [0mThis is a error message from thread 1718-09-2026 00:29:33 [38;5;009m[ERROR]: [0mThis is a error message from thread 1318-09-2026 00:29:33 [38;5;015m[INFO]: [0mThis is a info message from thread 2518-09-2026 00:29:33 [38;5;117m[DEBUG]: [0mThis is a debug message from thread 1918-09-2026 00:29:33 [38;5;117m[DEBUG]: [0mThis is a debug message from thread 2418-09-2026 00:29:33 [38;5;117m[DEBUG]: [0mThis is a debug message from thread 2818-09-2026 00:29:33 [38;5;015m[INFO]: [0mThis is a info message from thread 1018-09-2026 00:29:33 [38;5;117m[DEBUG]: [0mThis is a debug message from thread 1318-09-2026 00:29:33 [38;5;009m[ERROR]: [0mThis is a error message from thread 2018-09-2026 00:29:33 [38;5;009m[ERROR]: [0mThis is a error message from thread 2118-09-2026 00:29:33 [38;5;015m[INFO]: [0mThis is a info message from thread 2718-09-2026 00:29:33 [38;5;015m[INFO]: [0mThis is a info message from thread 2418-09-2026 00:29:33 [38;5;009m[ERROR]: [0mThis is a error message from thread 018-09-2026 00:29:33 [38;5;015m[INFO]: [0mThis is a info message from thread 1118-09-2026 00:29:33 [38;5;009m[ERROR]: [0mThis is a error message from thread 2618-09-2026 00:29:33 [38;5;009m[ERROR]: [0mThis is a error message from thread 418-09-2026 00:29:33 [38;5;117m[DEBUG]: [0mThis is a debug message from thread 2618-09-2026 00:29:33 [38;5;117m[DEBUG]: [0mThis is a debug message from thread 1718-09-2026 00:29:33 [38;5;015m[INFO]: [0mThis is a info message from thread 1818-09-2026 00:29:33 [38;5;009m[ERROR]: [0mThis is a error message from thread 2518-09-2026 00:29:33 [38;5;009m[ERROR]: [0mThis is a error message from thread 2218-09-2026 00:29:33 [38;5;117m[DEBUG]: [0mThis is a debug message from thread 418-09-2026 00:29:33 [38;5;015m[INFO]: [0mThis is a info message from thread 1918-09-2026 00:29:33 [38;5;015m[INFO]: [0mThis is a info message from thread 1718-09-2026 00:29:33 [38;5;015m[INFO]: [0mThis is a info message from thread 2818-09-2026 00:29:33 [38;5;015m[INFO]: [0mThis is a info message from thread 418-09-2026 00:29:33 [38;5;009m[ERROR]: [0mThis is a error message from thread 1018-09-2026 00:29:33 [38;5;015m[INFO]: [0mThis is a info message from thread 2318-09-2026 00:29:33 [38;5;117m[DEBUG]: [0mThis is a debug message from thread 1018-09-2026 00:29:33 [38;5;117m[DEBUG]: [0mThis is a debug message from thread 2518-09-2026 00:29:33 [38;5;015m[INFO]: [0mThis is a info message from thread 518-09-2026 00:29:33 [38;5;117m[DEBUG]: [0mThis is a debug message from thread 218-09-2026 00:29:33 [38;5;009m[ERROR]: [0mThis is a error message from thread 2318-09-2026 00:29:33 [38;5;009m[ERROR]: [0mThis is a error message from thread 1718-09-2026 00:29:33 [38;5;015m[INFO]: [0mThis is a info message from thread 218-09-2026 00:29:33 [38;5;009m[ERROR]: [0mThis is a error message from thread 518-09-2026 00:29:33 [38;5;015m[INFO]: [0mThis is a info message from thread 2518-09-2026 00:29:33 [38;5;117m[DEBUG]: [0mThis is a debug message from thread 2318-09-2026 00:29:33 [38;5;009m[ERROR]: [0mThis is a error message from thread 218-09-2026 00:29:33 [38;5;015m[INFO]: [0mThis is a info message from thread 1018-09-2026 00:29:33 [38;5;015m[INFO]: [0mThis is a info message from thread 2318-09-2026 00:29:33 [38;5;117m[DEBUG]: [0mThis is a debug message from thread 218-09-2026 00:29:33 [38;5;009m[ERROR]: [0mThis is a error message from thread 1018-09-2026 00:29:33 [38;5;009m[ERROR]: [0mThis is a error message from thread 2318-09-2026 00:29:33 [38;5;015m[INFO]: [0mThis is a info message from thread 218-09-2026 00:29:33 [38;5;117m[DEBUG]: [0mThis is a debug message from thread 018-09-2026 00:29:33 [38;5;117m[DEBUG]: [0mThis is a debug message from thread 1718-09-2026 00:29:33 [38;5;117m[DEBUG]: [0mThis is a debug message from thread 1018-09-2026 00:29:33 [38;5;015m[INFO]: [0mThis is a info message from thread 018-09-2026 00:29:33 [38;5;117m[DEBUG]: [0mThis is a debug message from thread 2018-09-2026 00:29:33 [38;5;117m[DEBUG]: [0mThis is a debug message from thread 2918-09-2026 00:29:33 [38;5;117m[DEBUG]: [0mThis is a debug message from thread 618-09-2026 00:29:33 [38;5;015m[INFO]: [0mThis is a info message from thread 918-09-2026 00:29:33 [38;5;015m[INFO]: [0mThis is a info message from thread 1018-09-2026 00:29:33 [38;5;015m[INFO]: [0mThis is a info message from thread 2918-09-2026 00:29:33 [38;5;009m[ERROR]: [0mThis is a error message from thread 018-09-2026 00:29:33 [38;5;009m[ERROR]: [0mThis is a error message from thread 1218-09-2026 00:29:33 [38;5;117m[DEBUG]: [0mThis is a debug message from thread 018-09-2026 00:29:33 [38;5;117m[DEBUG]: [0mThis is a debug message from thread 2118-09-2026 00:29:33 [38;5;015m[INFO]: [0mThis is a info message from thread 1318-09-2026 00:29:33 [38;5;009m[ERROR]: [0mThis is a error message from thread 1918-09-2026 00:29:33 [38;5;015m[INFO]: [0mThis is a info message from thread 018-09-2026 00:29:33 [38;5;009m[ERROR]: [0mThis is a error message from thread 2718-09-2026 00:29:33 [38;5;009m[ERROR]: [0mThis is a error message from thread 1118-09-2026 00:29:33 [38;5;117m[DEBUG]: [0mThis is a debug message from thread 2318-09-2026 00:29:33 [38;5;117m[DEBUG]: [0mThis is a debug message from thread 1918-09-2026 00:29:33 [38;5;117m[DEBUG]: [0mThis is a debug message from thread 1618-09-2026 00:29:33 [38;5;009m[ERROR]: [0mThis is a error message from thread 1818-09-2026 00:29:33 [38;5;117m[DEBUG]: [0mThis is a debug message from thread 1118-09-2026 00:29:33 [38;5;015m[INFO]: [0mThis is a info message from thread 2318-09-2026 00:29:33 [38;5;015m[INFO]: [0mThis is a info message from thread 1118-09-2026 00:29:33 [38;5;015m[INFO]: [0mThis is a info message from thread 1618-09-2026 00:29:33 [38;5;009m[ERROR]: [0mThis is a error message from thread 1618-09-2026 00:29:33 [38;5;117m[DEBUG]: [0mThis is a debug message from thread 1418-09-2026 00:29:33 [38;5;117m[DEBUG]: [0mThis is a debug message from thread 1618-09-2026 00:29:33 [38;5;015m[INFO]: [0mThis is a info message from thread 318-09-2026 00:29:33 [38;5;117m[DEBUG]: [0mThis is a debug message from thread 518-09-2026 00:29:33 [38;5;117m[DEBUG]: [0mThis is a debug message from thread 1818-09-2026 00:29:33 [38;5;015m[INFO]: [0mThis is a info message from thread 1418-09-2026 00:29:33 [38;5;009m[ERROR]: [0mThis is a error message from thread 1118-09-2026 00:29:33 [38;5;009m[ERROR]: [0mThis is a error message from thread 2818-09-2026 00:29:33 [38;5;009m[ERROR]: [0mThis is a error message from thread 2518-09-2026 00:29:33 [38;5;015m[INFO]: [0mThis is a info message from thread 1618-09-2026 00:29:33 [38;5;009m[ERROR]: [0mThis is a error message from thread 718-09-2026 00:29:33 [38;5;015m[INFO]: [0mThis is a info message from thread 518-09-2026 00:29:33 [38;5;009m[ERROR]: [0mThis is a error message from thread 918-09-2026 00:29:33 [38;5;015m[INFO]: [0mThis is a info message from thread 1518-09-2026 00:29:33 [38;5;117m[DEBUG]: [0mThis is a debug message from thread 2818-09-2026 00:29:33 [38;5;117m[DEBUG]: [0mThis is a debug message from thread 2518-09-2026 00:29:33 [38;5;117m[DEBUG]: [0mThis is a debug message from thread 1118-09-2026 00:29:33 [38;5;009m[ERROR]: [0mThis is a error message from thread 1618-09-2026 00:29:33 [38;5;009m[ERROR]: [0mThis is a error message from thread 1018-09-2026 00:29:33 [38;5;015m[INFO]: [0mThis is a info message from thread 2018-09-2026 00:29:33 [38;5;117m[DEBUG]: [0mThis is a debug message from thread 1618-09-2026 00:29:33 [38;5;009m[ERROR]: [0mThis is a error message from thread 418-09-2026 00:29:33 [38;5;117m[DEBUG]: [0mThis is a debug message from thread 1218-09-2026 00:29:33 [38;5;009m[ERROR]: [0mThis is a error message from thread 518-09-2026 00:29:33 [38;5;015m[INFO]: [0mThis is a info message from thread 1818-09-2026 00:29:33 [38;5;015m[INFO]: [0mThis is a info message from thread 1618-09-2026 00:29:33 [38;5;009m[ERROR]: [0mThis is a error message from thread 1518-09-2026 00:29:33 [38;5;015m[INFO]: [0mThis is a info message from thread 2518-09-2026 00:29:33 [38;5;015m[INFO]: [0mThis is a info message from thread 1218-09-2026 00:29:33 [38;5;009m[ERROR]: [0mThis is a error message from thread 1618-09-2026 00:29:33 [38;5;117m[DEBUG]: [0mThis is a debug message from thread 418-09-2026 00:29:33 [38;5;015m[INFO]: [0mThis is a info message from thread 1118-09-2026 00:29:33 [38;5;117m[DEBUG]: [0mThis is a debug message from thread 1618-09-2026 00:29:33 [38;5;009m[ERROR]: [0mThis is a error message from thread 1818-09-2026 00:29:33 [38;5;117m[DEBUG]: [0mThis is a debug message from thread 518-09-2026 00:29:33 [38;5;009m[ERROR]: [0mThis is a error message from thread 1218-09-2026 00:29:33 [38;5;015m[INFO]: [0mThis is a info message from thread 418-09-2026 00:29:33 [38;5;009m[ERROR]: [0mThis is a error message from thread 1418-09-2026 00:29:33 [38;5;015m[INFO]: [0mThis is a info message from thread 618-09-2026 00:29:33 [38;5;009m[ERROR]: [0mThis is a error message from thread 2518-09-2026 00:29:33 [38;5;015m[INFO]: [0mThis is a info message from thread 1618-09-2026 00:29:33 [38;5;015m[INFO]: [0mThis is a info message from thread 1918-09-2026 00:29:33 [38;5;117m[DEBUG]: [0mThis is a debug message from thread 918-09-2026 00:29:33 [38;5;009m[ERROR]: [0mThis is a error message from thread 1318-09-2026 00:29:33 [38;5;117m[DEBUG]: [0mThis is a debug message from thread 1018-09-2026 00:29:33 [38;5;117m[DEBUG]: [0mThis is a debug message from thread 2718-09-2026 00:29:33 [38;5;117m[DEBUG]: [0mThis is a debug message from thread 2218-09-2026 00:29:33 [38;5;117m[DEBUG]: [0mThis is a debug message from thread 1518-09-2026 00:29:33 [38;5;117m[DEBUG]: [0mThis is a debug message from thread 1218-09-2026 00:29:33 [38;5;117m[DEBUG]: [0mThis is a debug message from thread 1818-09-2026 00:29:33 [38;5;015m[INFO]: [0mThis is a info message from thread 1018-09-2026 00:29:33 [38;5;009m[ERROR]: [0mThis is a error message from thread 2318-09-2026 00:29:33 [38;5;117m[DEBUG]: [0mThis is a debug message from thread 718-09-2026 00:29:33 [38;5;117m[DEBUG]: [0mThis is a debug message from thread 1318-09-2026 00:29:33 [38;5;009m[ERROR]: [0mThis is a error message from thread 618-09-2026 00:29:33 [38;5;009m[ERROR]: [0mThis is a error message from thread 1118-09-2026 00:29:33 [38;5;117m[DEBUG]: [0mThis is a debug message from thread 1118-09-2026 00:29:33 [38;5;009m[ERROR]: [0mThis is a error message from thread 1918-09-2026 00:29:33 [38;5;009m[ERROR]: [0mThis is a error message from thread 1018-09-2026 00:29:33 [38;5;015m[INFO]: [0mThis is a info message from thread 718-09-2026 00:29:33 [38;5;117m[DEBUG]: [0mThis is a debug message from thread 1418-09-2026 00:29:33 [38;5;015m[INFO]: [0mThis is a info message from thread 1418-09-2026 00:29:33 [38;5;117m[DEBUG]: [0mThis is a debug message from thread 2318-09-2026 00:29:33 [38;5;009m[ERROR]: [0mThis is a error message from thread 1418-09-2026 00:29:33 [38;5;015m[INFO]: [0mThis is a info message from thread 1518-09-2026 00:29:33 [38;5;015m[INFO]: [0mThis is a info message from thread 1218-09-2026 00:29:33 [38;5;015m[INFO]: [0mThis is a info message from thread 1118-09-2026 00:29:33 [38;5;009m[ERROR]: [0mThis is a error message from thread 2018-09-2026 00:29:33 [38;5;117m[DEBUG]: [0mThis is a debug message from thread 1918-09-2026 00:29:33 [38;5;117m[DEBUG]: [0mThis is a debug message from thread 1018-09-2026 00:29:33 [38;5;009m[ERROR]: [0mThis is a error message from thread 018-09-2026 00:29:33 [38;5;015m[INFO]: [0mThis is a info message from thread 1018-09-2026 00:29:33 [38;5;009m[ERROR]: [0mThis is a error message from thread 1018-09-2026 00:29:33 [38;5;015m[INFO]: [0mThis is a info message from thread 1918-09-2026 00:29:33 [38;5;015m[INFO]: [0mThis is a info message from thread 2318-09-2026 00:29:33 [38;5;015m[INFO]: [0mThis is a info message from thread 918-09-2026 00:29:33 [38;5;015m[INFO]: [0mThis is a info message from thread 1318-09-2026 00:29:33 [38;5;015m[INFO]: [0mThis is a info message from thread 2118-09-2026 00:29:33 [38;5;009m[ERROR]: [0mThis is a error message from thread 1218-09-2026 00:29:33 [38;5;117m[DEBUG]: [0mThis is a debug message from thread 2518-09-2026 00:29:33 [38;5;117m[DEBUG]: [0mThis is a debug message from thread 018-09-2026 00:29:33 [38;5;009m[ERROR]: [0mThis is a error message from thread 1618-09-2026 00:29:33 [38;5;009m[ERROR]: [0mThis is a error message from thread 1518-09-2026 00:29:33 [38;5;117m[DEBUG]: [0mThis is a debug message from thread 1418-09-2026 00:29:33 [38;5;009m[ERROR]: [0mThis is a error message from thread 218-09-2026 00:29:33 [38;5;117m[DEBUG]: [0mThis is a debug message from thread 1618-09-2026 00:29:33 [38;5;117m[DEBUG]: [0mThis is a debug message from thread 1018-09-2026 00:29:33 [38;5;015m[INFO]: [0mThis is a info message from thread 2218-09-2026 00:29:33 [38;5;009m[ERROR]: [0mThis is a error message from thread 2318-09-2026 00:29:33 [38;5;015m[INFO]: [0mThis is a info message from thread 018-09-2026 00:29:33 [38;5;009m[ERROR]: [0mThis is a error message from thread 418-09-2026 00:29:33 [38;5;117m[DEBUG]: [0mThis is a debug message from thread 218-09-2026 00:29:33 [38;5;015m[INFO]: [0mThis is a info message from thread 518-09-2026 00:29:33 [38;5;009m[ERROR]: [0mThis is a error message from thread 818-09-2026 00:29:33 [38;5;009m[ERROR]: [0mThis is a error message from thread 2418-09-2026 00:29:33 [38;5;009m[ERROR]: [0mThis is a error message from thread 918-09-2026 00:29:33 [38;5;009m[ERROR]: [0mThis is a error message from thread 1318-09-2026 00:29:33 [38;5;015m[INFO]: [0mThis is a info message from thread 1018-09-2026 00:29:33 [38;5;009m[ERROR]: [0mThis is a error message from thread 518-09-2026 00:29:33 [38;5;015m[INFO]: [0mThis is a info message from thread 218-09-2026 00:29:33 [38;5;009m[ERROR]: [0mThis is a error message from thread 1918-09-2026 00:29:33 [38;5;009m[ERROR]: [0mThis is a error message from thread 1018-09-2026 00:29:33 [38;5;117m[DEBUG]: [0mThis is a debug message from thread 618-09-2026 00:29:33 [38;5;117m[DEBUG]: [0mThis is a debug message from thread 2418-09-2026 00:29:33 [38;5;117m[DEBUG]: [0mThis is a debug message from thread 1318-09-2026 00:29:33 [38;5;009m[ERROR]: [0mThis is a error message from thread 2218-09-2026 00:29:33 [38;5;015m[INFO]: [0mThis is a info message from thread 2618-09-2026 00:29:33 [38;5;117m[DEBUG]: [0mThis is a debug message from thread 1518-09-2026 00:29:33 [38;5;015m[INFO]: [0mThis is a info message from thread 2818-09-2026 00:29:33 [38;5;015m[INFO]: [0mThis is a info message from thread 2518-09-2026 00:29:33 [38;5;117m[DEBUG]: [0mThis is a debug message from thread 1018-09-2026 00:29:33 [38;5;009m[ERROR]: [0mThis is a error message from thread 1118-09-2026 00:29:33 [38;5;009m[ERROR]: [0mThis is a error message from thread 718-09-2026 00:29:33 [38;5;117m[DEBUG]: [0mThis is a debug message from thread 818-09-2026 00:29:33 [38;5;009m[ERROR]: [0mThis is a error message from thread 2918-09-2026 00:29:33 [38;5;015m[INFO]: [0mThis is a info message from thread 1718-09-2026 00:29:33 [38;5;009m[ERROR]: [0mThis is a error message from thread 2818-09-2026 00:29:33 [38;5;117m[DEBUG]: [0mThis is a debug message from thread 2918-09-2026 00:29:33 [38;5;015m[INFO]: [0mThis is a info message from thread 1018-09-2026 00:29:33 [38;5;009m[ERROR]: [0mThis is a error message from thread 318-09-2026 00:29:33 [38;5;015m[INFO]: [0mThis is a info message from thread 1618-09-2026 00:29:33 [38;5;015m[INFO]: [0mThis is a info message from thread 1318-09-2026 00:29:33 [38;5;009m[ERROR]: [0mThis is a error message from thread 1618-09-2026 00:29:33 [38;5;117m[DEBUG]: [0mThis is a debug message from thread 1618-09-2026 00:29:33 [38;5;009m[ERROR]: [0mThis is a error message from thread 1718-09-2026 00:29:33 [38;5;015m[INFO]: [0mThis is a info message from thread 2418-09-2026 00:29:33 [38;5;009m[ERROR]: [0mThis is a error message from thread 2518-09-2026 00:29:33 [38;5;015m[INFO]: [0mThis is a info message from thread 1618-09-2026 00:29:33 [38;5;117m[DEBUG]: [0mThis is a debug message from thread 2018-09-2026 00:29:33 [38;5;015m[INFO]: [0mThis is a info message from thread 2918-09-2026 00:29:33 [38;5;015m[INFO]: [0mThis is a info message from thread 1518-09-2026 00:29:33 [38;5;009m[ERROR]: [0mThis is a error message from thread 2118-09-2026 00:29:33 [38;5;117m[DEBUG]: [0mThis is a debug message from thread 418-09-2026 00:29:33 [38;5;009m[ERROR]: [0mThis is a error message from thread 1318-09-2026 00:29:33 [38;5;117m[DEBUG]: [0mThis is a debug message from thread 918-09-2026 00:29:33 [38;5;117m[DEBUG]: [0mThis is a debug message from thread 518-09-2026 00:29:33 [38;5;009m[ERROR]: [0mThis is a error message from thread 1618-09-2026 00:29:33 [38;5;117m[DEBUG]: [0mThis is a debug message from thread 1618-09-2026 00:29:33 [38;5;117m[DEBUG]: [0mThis is a debug message from thread 2118-09-2026 00:29:33 [38;5;117m[DEBUG]: [0mThis is a debug message from thread 1918-09-2026 00:29:33 [38;5;015m[INFO]: [0mThis is a info message from thread 518-09-2026 00:29:33 [38;5;009m[ERROR]: [0mThis is a error message from thread 1018-09-2026 00:29:33 [38;5;009m[ERROR]: [0mThis is a error message from thread 018-09-2026 00:29:33 [38;5;009m[ERROR]: [0mThis is a error message from thread 518-09-2026 00:29:33 [38;5;009m[ERROR]: [0mThis is a error message from thread 2618-09-2026 00:29:33 [38;5;009m[ERROR]: [0mThis is a error message from thread 2418-09-2026 00:29:33 [38;5;015m[INFO]: [0mThis is a info message from thread 1918-09-2026 00:29:33 [38;5;009m[ERROR]: [0mThis is a error message from thread 2918-09-2026 00:29:33 [38;5;117m[DEBUG]: [0mThis is a debug message from thread 518-09-2026 00:29:33 [38;5;015m[INFO]: [0mThis is a info message from thread 1618-09-2026 00:29:33 [38;5;117m[DEBUG]: [0mThis is a debug message from thread 018-09-2026 00:29:33 [38;5;117m[DEBUG]: [0mThis is a debug message from thread 2918-09-2026 00:29:33 [38;5;009m[ERROR]: [0mThis is a error message from thread 1918-09-2026 00:29:33 [38;5;009m[ERROR]: [0mThis is a error message from thread 218-09-2026 00:29:33 [38;5;117m[DEBUG]: [0mThis is a debug message from thread 1718-09-2026 00:29:33 [38;5;015m[INFO]: [0mThis is a info message from thread 618-09-2026 00:29:33 [38;5;015m[INFO]: [0mThis is a info message from thread 2918-09-2026 00:29:33 [38;5;117m[DEBUG]: [0mThis is a debug message from thread 1218-09-2026 00:29:33 [38;5;117m[DEBUG]: [0mThis is a debug message from thread 1018-09-2026 00:29:33 [38;5;015m[INFO]: [0mThis is a info message from thread 1218-09-2026 00:29:33 [38;5;015m[INFO]: [0mThis is a info message from thread 1018-09-2026 00:29:33 [38;5;117m[DEBUG]: [0mThis is a debug message from thread 2418-09-2026 00:29:33 [38;5;117m[DEBUG]: [0mThis is a debug message from thread 2818-09-2026 00:29:33 [38;5;015m[INFO]: [0mThis is a info message from thread 018-09-2026 00:29:33 [38;5;009m[ERROR]: [0mThis is a error message from thread 618-09-2026 00:29:33 [38;5;009m[ERROR]: [0mThis is a error message from thread 1018-09-2026 00:29:33 [38;5;009m[ERROR]: [0mThis is a error message from thread 1218-09-2026 00:29:33 [38;5;015m[INFO]: [0mThis is a info message from thread 1418-09-2026 00:29:33 [38;5;117m[DEBUG]: [0mThis is a debug message from thread 2618-09-2026 00:29:33 [38;5;117m[DEBUG]: [0mThis is a debug message from thread 2318-09-2026 00:29:33 [38;5;015m[INFO]: [0mThis is a info message from thread 1718-09-2026 00:29:33 [38;5;015m[INFO]: [0mThis is a info message from thread 2318-09-2026 00:29:33 [38;5;009m[ERROR]: [0mThis is a error message from thread 018-09-2026 00:29:33 [38;5;117m[DEBUG]: [0mThis is a debug message from thread 1018-09-2026 00:29:33 [38;5;009m[ERROR]: [0mThis is a error message from thread 2318-09-2026 00:29:33 [38;5;015m[INFO]: [0mThis is a info message from thread 1018-09-2026 00:29:33 [38;5;117m[DEBUG]: [0mThis is a debug message from thread 618-09-2026 00:29:33 [38;5;015m[INFO]: [0mThis is a info message from thread 2018-09-2026 00:29:33 [38;5;117m[DEBUG]: [0mThis is a debug message from thread 2318-09-2026 00:29:33 [38;5;009m[ERROR]: [0mThis is a error message from thread 1418-09-2026 00:29:33 [38;5;117m[DEBUG]: [0mThis is a debug message from thread 718-09-2026 00:29:33 [38;5;117m[DEBUG]: [0mThis is a debug message from thread 1218-09-2026 00:29:33 [38;5;015m[INFO]: [0mThis is a info message from thread 718-09-2026 00:29:33 [38;5;015m[INFO]: [0mThis is a info message from thread 2318-09-2026 00:29:33 [38;5;117m[DEBUG]: [0mThis is a debug message from thread 318-09-2026 00:29:33 [38;5;015m[INFO]: [0mThis is a info message from thread 2418-09-2026 00:29:33 [38;5;009m[ERROR]: [0mThis is a error message from thread 718-09-2026 00:29:33 [38;5;015m[INFO]: [0mThis is a info message from thread 1218-09-2026 00:29:33 [38;5;009m[ERROR]: [0mThis is a error message from thread 1018-09-2026 00:29:33 [38;5;117m[DEBUG]: [0mThis is a debug message from thread 1418-09-2026 00:29:33 [38;5;015m[INFO]: [0mThis is a info message from thread 2118-09-2026 00:29:33 [38;5;009m[ERROR]: [0mThis is a error message from thread 1718-09-2026 00:29:33 [38;5;015m[INFO]: [0mThis is a info message from thread 2718-09-2026 00:29:33 [38;5;009m[ERROR]: [0mThis is a error message from thread 2318-09-2026 00:29:33 [38;5;117m[DEBUG]: [0mThis is a debug message from thread 1718-09-2026 00:29:33 [38;5;009m[ERROR]: [0mThis is a error message from thread 1618-09-2026 00:29:33 [38;5;015m[INFO]: [0mThis is a info message from thread 518-09-2026 00:29:33 [38;5;117m[DEBUG]: [0mThis is a debug message from thread 218-09-2026 00:29:33 [38;5;009m[ERROR]: [0mThis is a error message from thread 2118-09-2026 00:29:33 [38;5;117m[DEBUG]: [0mThis is a debug message from thread 2518-09-2026 00:29:33 [38;5;015m[INFO]: [0mThis is a info message from thread 918-09-2026 00:29:33 [38;5;117m[DEBUG]: [0mThis is a debug message from thread 1118-09-2026 00:29:33 [38;5;117m[DEBUG]: [0mThis is a debug message from thread 2218-09-2026 00:29:33 [38;5;117m[DEBUG]: [0mThis is a debug message from thread 1618-09-2026 00:29:33 [38;5;009m[ERROR]: [0mThis is a error message from thread 2718-09-2026 00:29:33 [38;5;015m[INFO]: [0mThis is a info message from thread 2618-09-2026 00:29:33 [38;5;117m[DEBUG]: [0mThis is a debug message from thread 2318-09-2026 00:29:33 [38;5;015m[INFO]: [0mThis is a info message from thread 2218-09-2026 00:29:33 [38;5;015m[INFO]: [0mThis is a info message from thread 618-09-2026 00:29:33 [38;5;009m[ERROR]: [0mThis is a error message from thread 2018-09-2026 00:29:33 [38;5;009m[ERROR]: [0mThis is a error message from thread 1518-09-2026 00:29:33 [38;5;009m[ERROR]: [0mThis is a error message from thread 618-09-2026 00:29:33 [38;5;009m[ERROR]: [0mThis is a error message from thread 2218-09-2026 00:29:33 [38;5;015m[INFO]: [0mThis is a info message from thread 1618-09-2026 00:29:33 [38;5;117m[DEBUG]: [0mThis is a debug message from thread 2118-09-2026 00:29:33 [38;5;015m[INFO]: [0mThis is a info message from thread 218-09-2026 00:29:33 [38;5;009m[ERROR]: [0mThis is a error message from thread 1218-09-2026 00:29:33 [38;5;015m[INFO]: [0mThis is a info message from thread 2118-09-2026 00:29:33 [38;5;117m[DEBUG]: [0mThis is a debug message from thread 2218-09-2026 00:29:33 [38;5;009m[ERROR]: [0mThis is a error message from thread 2618-09-2026 00:29:33 [38;5;009m[ERROR]: [0mThis is a error message from thread 918-09-2026 00:29:33 [38;5;015m[INFO]: [0mThis is a info message from thread 2218-09-2026 00:29:33 [38;5;015m[INFO]: [0mThis is a info message from thread 2518-09-2026 00:29:33 [38;5;117m[DEBUG]: [0mThis is a debug message from thread 1318-09-2026 00:29:33 [38;5;117m[DEBUG]: [0mThis is a debug message from thread 018-09-2026 00:29:33 [38;5;009m[ERROR]: [0mThis is a error message from thread 2118-09-2026 00:29:33 [38;5;117m[DEBUG]: [0mThis is a debug message from thread 2018-09-2026 00:29:33 [38;5;117m[DEBUG]: [0mThis is a debug message from thread 2718-09-2026 00:29:33 [38;5;015m[INFO]: [0mThis is a info message from thread 018-09-2026 00:29:33 [38;5;015m[INFO]: [0mThis is a info message from thread 418-09-2026 00:29:33 [38;5;015m[INFO]: [0mThis is a info message from thread 2318-09-2026 00:29:33 [38;5;009m[ERROR]: [0mThis is a error message from thread 2218-09-2026 00:29:33 [38;5;117m[DEBUG]: [0mThis is a debug message from thread 718-09-2026 00:29:33 [38;5;015m[INFO]: [0mThis is a info message from thread 1718-09-2026 00:29:33 [38;5;015m[INFO]: [0mThis is a info message from thread 1818-09-2026 00:29:33 [38;5;117m[DEBUG]: [0mThis is a debug message from thread 1018-09-2026 00:29:33 [38;5;117m[DEBUG]: [0mThis is a debug message from thread 1518-09-2026 00:29:33 [38;5;117m[DEBUG]: [0mThis is a debug message from thread 1218-09-2026 00:29:33 [38;5;009m[ERROR]: [0mThis is a error message from thread 2318-09-2026 00:29:33 [38;5;009m[ERROR]: [0mThis is a error message from thread 418-09-2026 00:29:33 [38;5;015m[INFO]: [0mThis is a info message from thread 2018-09-2026 00:29:33 [38;5;009m[ERROR]: [0mThis is a error message from thread 2418-09-2026 00:29:33 [38;5;009m[ERROR]: [0mThis is a error message from thread 1818-09-2026 00:29:33 [38;5;015m[INFO]: [0mThis is a info message from thread 318-09-2026 00:29:33 [38;5;015m[INFO]: [0mThis is a info message from thread 1118-09-2026 00:29:33 [38;5;015m[INFO]: [0mThis is a info message from thread 1518-09-2026 00:29:33 [38;5;015m[INFO]: [0mThis is a info message from thread 1218-09-2026 00:29:33 [38;5;015m[INFO]: [0mThis is a info message from thread 818-09-2026 00:29:33 [38;5;009m[ERROR]: [0mThis is a error message from thread 2918-09-2026 00:29:33 [38;5;015m[INFO]: [0mThis is a info message from thread 718-09-2026 00:29:33 [38;5;009m[ERROR]: [0mThis is a error message from thread 1118-09-2026 00:29:33 [38;5;117m[DEBUG]: [0mThis is a debug message from thread 2918-09-2026 00:29:33 [38;5;117m[DEBUG]: [0mThis is a debug message from thread 1918-09-2026 00:29:33 [38;5;117m[DEBUG]: [0mThis is a debug message from thread 2318-09-2026 00:29:33 [38;5;009m[ERROR]: [0mThis is a error message from thread 1218-09-2026 00:29:33 [38;5;015m[INFO]: [0mThis is a info message from thread 118-09-2026 00:29:33 [38;5;117m[DEBUG]: [0mThis is a debug message from thread 418-09-2026 00:29:33 [38;5;015m[INFO]: [0mThis is a info message from thread 2318-09-2026 00:29:33 [38;5;009m[ERROR]: [0mThis is a error message from thread 218-09-2026 00:29:33 [38;5;015m[INFO]: [0mThis is a info message from thread 418-09-2026 00:29:33 [38;5;117m[DEBUG]: [0mThis is a debug message from thread 1118-09-2026 00:29:33 [38;5;009m[ERROR]: [0mThis is a error message from thread 418-09-2026 00:29:33 [38;5;015m[INFO]: [0mThis is a info message from thread 1318-09-2026 00:29:33 [38;5;117m[DEBUG]: [0mThis is a debug message from thread 418-09-2026 00:29:33 [38;5;015m[INFO]: [0mThis is a info message from thread 1418-09-2026 00:29:33 [38;5;117m[DEBUG]: [0mThis is a debug message from thread 1218-09-2026 00:29:33 [38;5;009m[ERROR]: [0mThis is a error message from thread 1718-09-2026 00:29:33 [38;5;009m[ERROR]: [0mThis is a error message from thread 2318-09-2026 00:29:33 [38;5;009m[ERROR]: [0mThis is a error message from thread 1418-09-2026 00:29:33 [38;5;009m[ERROR]: [0mThis is a error message from thread 2018-09-2026 00:29:33 [38;5;117m[DEBUG]: [0mThis is a debug message from thread 2418-09-2026 00:29:33 [38;5;117m[DEBUG]: [0mThis is a debug message from thread 2218-09-2026 00:29:33 [38;5;015m[INFO]: [0mThis is a info message from thread 1018-09-2026 00:29:33 [38;5;117m[DEBUG]: [0mThis is a debug message from thread 2318-09-2026 00:29:33 [38;5;009m[ERROR]: [0mThis is a error message from thread 718-09-2026 00:29:33 [38;5;117m[DEBUG]: [0mThis is a debug message from thread 1818-09-2026 00:29:33 [38;5;009m[ERROR]: [0mThis is a error message from thread 318-09-2026 00:29:33 [38;5;009m[ERROR]: [0mThis is a error message from thread 2518-09-2026 00:29:33 [38;5;117m[DEBUG]: [0mThis is a debug message from thread 918-09-2026 00:29:33 [38;5;015m[INFO]: [0mThis is a info message from thread 1218-09-2026 00:29:33 [38;5;015m[INFO]: [0mThis is a info message from thread 1818-09-2026 00:29:33 [38;5;015m[INFO]: [0mThis is a info message from thread 1118-09-2026 00:29:33 [38;5;015m[INFO]: [0mThis is a info message from thread 2318-09-2026 00:29:33 [38;5;117m[DEBUG]: [0mThis is a debug message from thread 2118-09-2026 00:29:33 [38;5;117m[DEBUG]: [0mThis is a debug message from thread 2618-09-2026 00:29:33 [38;5;117m[DEBUG]: [0mThis is a debug message from thread 718-09-2026 00:29:33 [38;5;117m[DEBUG]: [0mThis is a debug message from thread 218-09-2026 00:29:33 [38;5;015m[INFO]: [0mThis is a info message from thread 2918-09-2026 00:29:33 [38;5;117m[DEBUG]: [0mThis is a debug message from thread 1418-09-2026 00:29:33 [38;5;117m[DEBUG]: [0mThis is a debug message from thread 318-09-2026 00:29:33 [38;5;015m[INFO]: [0mThis is a info message from thread 918-09-2026 00:29:33 [38;5;009m[ERROR]: [0mThis is a error message from thread 2318-09-2026 00:29:33 [38;5;015m[INFO]: [0mThis is a info message from thread 2818-09-2026 00:29:33 [38;5;009m[ERROR]: [0mThis is a error message from thread 1018-09-2026 00:29:33 [38;5;009m[ERROR]: [0mThis is a error message from thread 2918-09-2026 00:29:33 [38;5;117m[DEBUG]: [0mThis is a debug message from thread 2318-09-2026 00:29:33 [38;5;117m[DEBUG]: [0mThis is a debug message from thread 1718-09-2026 00:29:33 [38;5;009m[ERROR]: [0mThis is a error message from thread 2818-09-2026 00:29:33 [38;5;009m[ERROR]: [0mThis is a error message from thread 1518-09-2026 00:29:33 [38;5;015m[INFO]: [0mThis is a info message from thread 418-09-2026 00:29:33 [38;5;009m[ERROR]: [0mThis is a error message from thread 118-09-2026 00:29:33 [38;5;015m[INFO]: [0mThis is a info message from thread 2618-09-2026 00:29:33 [38;5;015m[INFO]: [0mThis is a info message from thread 218-09-2026 00:29:33 [38;5;015m[INFO]: [0mThis is a info message from thread 2318-09-2026 00:29:33 [38;5;015m[INFO]: [0mThis is a info message from thread 318-09-2026 00:29:33 [38;5;015m[INFO]: [0mThis is a info message from thread 1918-09-2026 00:29:33 [38;5;117m[DEBUG]: [0mThis is a debug message from thread 1018-09-2026 00:29:33 [38;5;117m[DEBUG]: [0mThis is a debug message from thread 2818-09-2026 00:29:33 [38;5;009m[ERROR]: [0mThis is a error message from thread 318-09-2026 00:29:33 [38;5;009m[ERROR]: [0mThis is a error message from thread 1918-09-2026 00:29:33 [38;5;117m[DEBUG]: [0mThis is a debug message from thread 318-09-2026 00:29:33 [38;5;015m[INFO]: [0mThis is a info message from thread 2818-09-2026 00:29:33 [38;5;117m[DEBUG]: [0mThis is a debug message from thread 2918-09-2026 00:29:33 [38;5;009m[ERROR]: [0mThis is a error message from thread 218-09-2026 00:29:33 [38;5;015m[INFO]: [0mThis is a info message from thread 2918-09-2026 00:29:33 [38;5;117m[DEBUG]: [0mThis is a debug message from thread 1518-09-2026 00:29:33 [38;5;009m[ERROR]: [0mThis is a error message from thread 2918-09-2026 00:29:33 [38;5;009m[ERROR]: [0mThis is a error message from thread 1618-09-2026 00:29:33 [38;5;015m[INFO]: [0mThis is a info message from thread 318-09-2026 00:29:33 [38;5;009m[ERROR]: [0mThis is a error message from thread 1218-09-2026 00:29:33 [38;5;117m[DEBUG]: [0mThis is a debug message from thread 1918-09-2026 00:29:33 [38;5;015m[INFO]: [0mThis is a info message from thread 1018-09-2026 00:29:33 [38;5;009m[ERROR]: [0mThis is a error message from thread 518-09-2026 00:29:33 [38;5;015m[INFO]: [0mThis is a info message from thread 1718-09-2026 00:29:33 [38;5;117m[DEBUG]: [0mThis is a debug message from thread 2918-09-2026 00:29:33 [38;5;009m[ERROR]: [0mThis is a error message from thread 318-09-2026 00:29:33 [38;5;009m[ERROR]: [0mThis is a error message from thread 2618-09-2026 00:29:33 [38;5;009m[ERROR]: [0mThis is a error message from thread 2318-09-2026 00:29:33 [38;5;117m[DEBUG]: [0mThis is a debug message from thread 518-09-2026 00:29:33 [38;5;009m[ERROR]: [0mThis is a error message from thread 1818-09-2026 00:29:33 [38;5;009m[ERROR]: [0mThis is a error message from thread 418-09-2026 00:29:33 [38;5;117m[DEBUG]: [0mThis is a debug message from thread 2018-09-2026 00:29:33 [38;5;117m[DEBUG]: [0mThis is a debug message from thread 1618-09-2026 00:29:33 [38;5;117m[DEBUG]: [0mThis is a debug message from thread 2618-09-2026 00:29:33 [38;5;009m[ERROR]: [0mThis is a error message from thread 918-09-2026 00:29:33 [38;5;117m[DEBUG]: [0mThis is a debug message from thread 1218-09-2026 00:29:33 [38;5;117m[DEBUG]: [0mThis is a debug message from thread 118-09-2026 00:29:33 [38;5;009m[ERROR]: [0mThis is a error message from thread 818-09-2026 00:29:33 [38;5;009m[ERROR]: [0mThis is a error message from thread 018-09-2026 00:29:33 [38;5;117m[DEBUG]: [0mThis is a debug message from thread 618-09-2026 00:29:33 [38;5;015m[INFO]: [0mThis is a info message from thread 118-09-2026 00:29:33 [38;5;117m[DEBUG]: [0mThis is a debug message from thread 918-09-2026 00:29:33 [38;5;015m[INFO]: [0mThis is a info message from thread 2018-09-2026 00:29:33 [38;5;015m[INFO]: [0mThis is a info message from thread 518-09-2026 00:29:33 [38;5;117m[DEBUG]: [0mThis is a debug message from thread 318-09-2026 00:29:33 [38;5;009m[ERROR]: [0mThis is a error message from thread 1318-09-2026 00:29:33 [38;5;009m[ERROR]: [0mThis is a error message from thread 1018-09-2026 00:29:33 [38;5;015m[INFO]: [0mThis is a info message from thread 718-09-2026 00:29:33 [38;5;015m[INFO]: [0mThis is a info message from thread 2718-09-2026 00:29:33 [38;5;015m[INFO]: [0mThis is a info message from thread 318-09-2026 00:29:33 [38;5;117m[DEBUG]: [0mThis is a debug message from thread 2318-09-2026 00:29:33 [38;5;009m[ERROR]: [0mThis is a error message from thread 1118-09-2026 00:29:33 [38;5;117m[DEBUG]: [0mThis is a debug message from thread 1018-09-2026 00:29:33 [38;5;117m[DEBUG]: [0mThis is a debug message from thread 1818-09-2026 00:29:33 [38;5;117m[DEBUG]: [0mThis is a debug message from thread 018-09-2026 00:29:33 [38;5;015m[INFO]: [0mThis is a info message from thread 2418-09-2026 00:29:33 [38;5;015m[INFO]: [0mThis is a info message from thread 1018-09-2026 00:29:33 [38;5;009m[ERROR]: [0mThis is a error message from thread 2418-09-2026 00:29:33 [38;5;009m[ERROR]: [0mThis is a error message from thread 1018-09-2026 00:29:33 [38;5;117m[DEBUG]: [0mThis is a debug message from thread 1318-09-2026 00:29:33 [38;5;009m[ERROR]: [0mThis is a error message from thread 318-09-2026 00:29:33 [38;5;015m[INFO]: [0mThis is a info message from thread 1818-09-2026 00:29:33 [38;5;015m[INFO]: [0mThis is a info message from thread 018-09-2026 00:29:33 [38;5;009m[ERROR]: [0mThis is a error message from thread 2018-09-2026 00:29:33 [38;5;117m[DEBUG]: [0mThis is a debug message from thread 1118-09-2026 00:29:33 [38;5;117m[DEBUG]: [0mThis is a debug message from thread 2418-09-2026 00:29:33 [38;5;009m[ERROR]: [0mThis is a error message from thread 518-09-2026 00:29:33 [38;5;009m[ERROR]: [0mThis is a error message from thread 2718-09-2026 00:29:33 [38;5;015m[INFO]: [0mThis is a info message from thread 1418-09-2026 00:29:33 [38;5;117m[DEBUG]: [0mThis is a debug message from thread 1018-09-2026 00:29:33 [38;5;015m[INFO]: [0mThis is a info message from thread 2118-09-2026 00:29:33 [38;5;015m[INFO]: [0mThis is a info message from thread 1118-09-2026 00:29:33 [38;5;015m[INFO]: [0mThis is a info message from thread 2218-09-2026 00:29:33 [38;5;117m[DEBUG]: [0mThis is a debug message from thread 2018-09-2026 00:29:33 [38;5;009m[ERROR]: [0mThis is a error message from thread 018-09-2026 00:29:33 [38;5;015m[INFO]: [0mThis is a info message from thread 618-09-2026 00:29:33 [38;5;015m[INFO]: [0mThis is a info message from thread 1518-09-2026 00:29:33 [38;5;009m[ERROR]: [0mThis is a error message from thread 118-09-2026 00:29:33 [38;5;117m[DEBUG]: [0mThis is a debug message from thread 418-09-2026 00:29:33 [38;5;117m[DEBUG]: [0mThis is a debug message from thread 318-09-2026 00:29:33 [38;5;015m[INFO]: [0mThis is a info message from thread 918-09-2026 00:29:33 [38;5;009m[ERROR]: [0mThis is a error message from thread 1118-09-2026 00:29:33 [38;5;117m[DEBUG]: [0mThis is a debug message from thread 818-09-2026 00:29:33 [38;5;015m[INFO]: [0mThis is a info message from thread 2918-09-2026 00:29:33 [38;5;015m[INFO]: [0mThis is a info message from thread 2018-09-2026 00:29:33 [38;5;015m[INFO]: [0mThis is a info message from thread 1318-09-2026 00:29:33 [38;5;009m[ERROR]: [0mThis is a error message from thread 1718-09-2026 00:29:33 [38;5;009m[ERROR]: [0mThis is a error message from thread 1818-09-2026 00:29:33 [38;5;009m[ERROR]: [0mThis is a error message from thread 718-09-2026 00:29:33 [38;5;015m[INFO]: [0mThis is a info message from thread 418-09-2026 00:29:33 [38;5;117m[DEBUG]: [0mThis is a debug message from thread 518-09-2026 00:29:33 [38;5;015m[INFO]: [0mThis is a info message from thread 2318-09-2026 00:29:33 [38;5;009m[ERROR]: [0mThis is a error message from thread 1318-09-2026 00:29:33 [38;5;117m[DEBUG]: [0mThis is a debug message from thread 1718-09-2026 00:29:33 [38;5;015m[INFO]: [0mThis is a info message from thread 818-09-2026 00:29:33 [38;5;009m[ERROR]: [0mThis is a error message from thread 2918-09-2026 00:29:33 [38;5;009m[ERROR]: [0mThis is a error message from thread 618-09-2026 00:29:33 [38;5;009m[ERROR]: [0mThis is a error message from thread 418-09-2026 00:29:33 [38;5;009m[ERROR]: [0mThis is a error message from thread 918-09-2026 00:29:33 [38;5;009m[ERROR]: [0mThis is a error message from thread 2218-09-2026 00:29:33 [38;5;117m[DEBUG]: [0mThis is a debug message from thread 118-09-2026 00:29:33 [38;5;015m[INFO]: [0mThis is a info message from thread 518-09-2026 00:29:33 [38;5;015m[INFO]: [0mThis is a info message from thread 2418-09-2026 00:29:33 [38;5;009m[ERROR]: [0mThis is a error message from thread 2818-09-2026 00:29:33 [38;5;015m[INFO]: [0mThis is a info message from thread 318-09-2026 00:29:33 [38;5;009m[ERROR]: [0mThis is a error message from thread 818-09-2026 00:29:33 [38;5;117m[DEBUG]: [0mThis is a debug message from thread 2518-09-2026 00:29:33 [38;5;117m[DEBUG]: [0mThis is a debug message from thread 2818-09-2026 00:29:33 [38;5;009m[ERROR]: [0mThis is a error message from thread 2318-09-2026 00:29:33 [38;5;015m[INFO]: [0mThis is a info message from thread 2618-09-2026 00:29:33 [38;5;117m[DEBUG]: [0mThis is a debug message from thread 018-09-2026 00:29:33 [38;5;009m[ERROR]: [0mThis is a error message from thread 518-09-2026 00:29:33 [38;5;009m[ERROR]: [0mThis is a error message from thread 1518-09-2026 00:29:33 [38;5;117m[DEBUG]: [0mThis is a debug message from thread 718-09-2026 00:29:33 [38;5;009m[ERROR]: [0mThis is a error message from thread 2018-09-2026 00:29:33 [38;5;117m[DEBUG]: [0mThis is a debug message from thread 618-09-2026 00:29:33 [38;5;015m[INFO]: [0mThis is a info message from thread 2518-09-2026 00:29:33 [38;5;117m[DEBUG]: [0mThis is a debug message from thread 918-09-2026 00:29:33 [38;5;015m[INFO]: [0mThis is a info message from thread 1018-09-2026 00:29:33 [38;5;117m[DEBUG]: [0mThis is a debug message from thread 2918-09-2026 00:29:33 [38;5;009m[ERROR]: [0mThis is a error message from thread 2618-09-2026 00:29:33 [38;5;015m[INFO]: [0mThis is a info message from thread 018-09-2026 00:29:33 [38;5;009m[ERROR]: [0mThis is a error message from thread 2518-09-2026 00:29:33 [38;5;117m[DEBUG]: [0mThis is a debug message from thread 2718-09-2026 00:29:33 [38;5;009m[ERROR]: [0mThis is a error message from thread 1018-09-2026 00:29:33 [38;5;117m[DEBUG]: [0mThis is a debug message from thread 1118-09-2026 00:29:33 [38;5;117m[DEBUG]: [0mThis is a debug message from thread 1018-09-2026 00:29:33 [38;5;117m[DEBUG]: [0mThis is a debug message from thread 2518-09-2026 00:29:33 [38;5;015m[INFO]: [0mThis is a info message from thread 1118-09-2026 00:29:33 [38;5;009m[ERROR]: [0mThis is a error message from thread 2118-09-2026 00:29:33 [38;5;015m[INFO]: [0mThis is a info message from thread 1918-09-2026 00:29:33 [38;5;117m[DEBUG]: [0mThis is a debug message from thread 2318-09-2026 00:29:33 [38;5;009m[ERROR]: [0mThis is a error message from thread 2418-09-2026 00:29:33 [38;5;015m[INFO]: [0mThis is a info message from thread 2718-09-2026 00:29:33 [38;5;015m[INFO]: [0mThis is a info message from thread 618-09-2026 00:29:33 [38;5;117m[DEBUG]: [0mThis is a debug message from thread 1318-09-2026 00:29:33 [38;5;117m[DEBUG]: [0mThis is a debug message from thread 418-09-2026 00:29:33 [38;5;117m[DEBUG]: [0mThis is a debug message from thread 1518-09-2026 00:29:33 [38;5;009m[ERROR]: [0mThis is a error message from thread 2718-09-2026 00:29:33 [38;5;117m[DEBUG]: [0mThis is a debug message from thread 518-09-2026 00:29:33 [38;5;009m[ERROR]: [0mThis is a error message from thread 318-09-2026 00:29:33 [38;5;117m[DEBUG]: [0mThis is a debug message from thread 2018-09-2026 00:29:33 [38;5;015m[INFO]: [0mThis is a info message from thread 418-09-2026 00:29:33 [38;5;009m[ERROR]: [0mThis is a error message from thread 618-09-2026 00:29:33 [38;5;117m[DEBUG]: [0mThis is a debug message from thread 2418-09-2026 00:29:33 [38;5;009m[ERROR]: [0mThis is a error message from thread 1918-09-2026 00:29:33 [38;5;117m[DEBUG]: [0mThis is a debug message from thread 218-09-2026 00:29:33 [38;5;015m[INFO]: [0mThis is a info message from thread 1218-09-2026 00:29:33 [38;5;015m[INFO]: [0mThis is a info message from thread 2018-09-2026 00:29:33 [38;5;015m[INFO]: [0mThis is a info message from thread 1618-09-2026 00:29:33 [38;5;015m[INFO]: [0mThis is a info message from thread 2818-09-2026 00:29:33 [38;5;015m[INFO]: [0mThis is a info message from thread 2518-09-2026 00:29:33 [38;5;015m[INFO]: [0mThis is a info message from thread 1518-09-2026 00:29:33 [38;5;015m[INFO]: [0mThis is a info message from thread 518-09-2026 00:29:33 [38;5;015m[INFO]: [0mThis is a info message from thread 218-09-2026 00:29:33 [38;5;117m[DEBUG]: [0mThis is a debug message from thread 2718-09-2026 00:29:33 [38;5;015m[INFO]: [0mThis is a info message from thread 2418-09-2026 00:29:33 [38;5;009m[ERROR]: [0mThis is a error message from thread 1518-09-2026 00:29:33 [38;5;009m[ERROR]: [0mThis is a error message from thread 218-09-2026 00:29:33 [38;5;009m[ERROR]: [0mThis is a error message from thread 1618-09-2026 00:29:33 [38;5;009m[ERROR]: [0mThis is a error message from thread 1218-09-2026 00:29:33 [38;5;009m[ERROR]: [0mThis is a error message from thread 018-09-2026 00:29:33 [38;5;009m[ERROR]: [0mThis is a error message from thread 2418-09-2026 00:29:33 [38;5;009m[ERROR]: [0mThis is a error message from thread 2018-09-2026 00:29:33 [38;5;117m[DEBUG]: [0mThis is a debug message from thread 1618-09-2026 00:29:33 [38;5;117m[DEBUG]: [0mThis is a debug message from thread 2618-09-2026 00:29:33 [38;5;117m[DEBUG]: [0mThis is a debug message from thread 1218-09-2026 00:29:33 [38;5;009m[ERROR]: [0mThis is a error message from thread 2518-09-2026 00:29:33 [38;5;015m[INFO]: [0mThis is a info message from thread 1618-09-2026 00:29:33 [38;5;117m[DEBUG]: [0mThis is a debug message from thread 2518-09-2026 00:29:33 [38;5;015m[INFO]: [0mThis is a info message from thread 2918-09-2026 00:29:33 [38;5;015m[INFO]: [0mThis is a info message from thread 918-09-2026 00:29:33 [38;5;117m[DEBUG]: [0mThis is a debug message from thread 218-09-2026 00:29:33 [38;5;009m[ERROR]: [0mThis is a error message from thread 1618-09-2026 00:29:33 [38;5;009m[ERROR]: [0mThis is a error message from thread 918-09-2026 00:29:33 [38;5;015m[INFO]: [0mThis is a info message from thread 218-09-2026 00:29:33 [38;5;015m[INFO]: [0mThis is a info message from thread 2518-09-2026 00:29:33 [38;5;117m[DEBUG]: [0mThis is a debug message from thread 1818-09-2026 00:29:33 [38;5;117m[DEBUG]: [0mThis is a debug message from thread 2418-09-2026 00:29:33 [38;5;117m[DEBUG]: [0mThis is a debug message from thread 2018-09-2026 00:29:33 [38;5;015m[INFO]: [0mThis is a info message from thread 2318-09-2026 00:29:33 [38;5;009m[ERROR]: [0mThis is a error message from thread 218-09-2026 00:29:33 [38;5;117m[DEBUG]: [0mThis is a debug message from thread 1618-09-2026 00:29:33 [38;5;009m[ERROR]: [0mThis is a error message from thread 518-09-2026 00:29:33 [38;5;015m[INFO]: [0mThis is a info message from thread 2718-09-2026 00:29:33 [38;5;117m[DEBUG]: [0mThis is a debug message from thread 2118-09-2026 00:29:33 [38;5;015m[INFO]: [0mThis is a info message from thread 1318-09-2026 00:29:33 [38;5;015m[INFO]: [0mThis is a info message from thread 2118-09-2026 00:29:33 [38;5;009m[ERROR]: [0mThis is a error message from thread 418-09-2026 00:29:33 [38;5;015m[INFO]: [0mThis is a info message from thread 1818-09-2026 00:29:33 [38;5;015m[INFO]: [0mThis is a info message from thread 2418-09-2026 00:29:33 [38;5;117m[DEBUG]: [0mThis is a debug message from thread 418-09-2026 00:29:33 [38;5;009m[ERROR]: [0mThis is a error message from thread 2118-09-2026 00:29:33 [38;5;117m[DEBUG]: [0mThis is a debug message from thread 2118-09-2026 00:29:33 [38;5;009m[ERROR]: [0mThis is a error message from thread 1318-09-2026 00:29:33 [38;5;015m[INFO]: [0mThis is a info message from thread 1618-09-2026 00:29:33 [38;5;117m[DEBUG]: [0mThis is a debug message from thread 1318-09-2026 00:29:33 [38;5;015m[INFO]: [0mThis is a info message from thread 1318-09-2026 00:29:33 [38;5;009m[ERROR]: [0mThis is a error message from thread 2518-09-2026 00:29:33 [38;5;009m[ERROR]: [0mThis is a error message from thread 1318-09-2026 00:29:33 [38;5;015m[INFO]: [0mThis is a info message from thread 2118-09-2026 00:29:33 [38;5;009m[ERROR]: [0mThis is a error message from thread 2418-09-2026 00:29:33 [38;5;117m[DEBUG]: [0mThis is a debug message from thread 1318-09-2026 00:29:33 [38;5;009m[ERROR]: [0mThis is a error message from thread 2118-09-2026 00:29:33 [38;5;015m[INFO]: [0mThis is a info message from thread 418-09-2026 00:29:33 [38;5;117m[DEBUG]: [0mThis is a debug message from thread 318-09-2026 00:29:33 [38;5;117m[DEBUG]: [0mThis is a debug message from thread 2118-09-2026 00:29:33 [38;5;117m[DEBUG]: [0mThis is a debug message from thread 2518-09-2026 00:29:33 [38;5;015m[INFO]: [0mThis is a info message from thread 1218-09-2026 00:29:33 [38;5;117m[DEBUG]: [0mThis is a debug message from thread 018-09-2026 00:29:33 [38;5;009m[ERROR]: [0mThis is a error message from thread 2818-09-2026 00:29:33 [38;5;015m[INFO]: [0mThis is a info message from thread 2118-09-2026 00:29:33 [38;5;117m[DEBUG]: [0mThis is a debug message from thread 518-09-2026 00:29:33 [38;5;009m[ERROR]: [0mThis is a error message from thread 1418-09-2026 00:29:33 [38;5;015m[INFO]: [0mThis is a info message from thread 1018-09-2026 00:29:33 [38;5;015m[INFO]: [0mThis is a info message from thread 2518-09-2026 00:29:33 [38;5;009m[ERROR]: [0mThis is a error message from thread 1018-09-2026 00:29:33 [38;5;015m[INFO]: [0mThis is a info message from thread 118-09-2026 00:29:33 [38;5;009m[ERROR]: [0mThis is a error message from thread 2918-09-2026 00:29:33 [38;5;117m[DEBUG]: [0mThis is a debug message from thread 1918-09-2026 00:29:33 [38;5;015m[INFO]: [0mThis is a info message from thread 518-09-2026 00:29:33 [38;5;009m[ERROR]: [0mThis is a error message from thread 1118-09-2026 00:29:33 [38;5;015m[INFO]: [0mThis is a info message from thread 1718-09-2026 00:29:33 [38;5;009m[ERROR]: [0mThis is a error message from thread 2318-09-2026 00:29:33 [38;5;015m[INFO]: [0mThis is a info message from thread 2618-09-2026 00:29:33 [38;5;009m[ERROR]: [0mThis is a error message from thread 1218-09-2026 00:29:33 [38;5;117m[DEBUG]: [0mThis is a debug message from thread 1518-09-2026 00:29:33 [38;5;117m[DEBUG]: [0mThis is a debug message from thread 218-09-2026 00:29:33 [38;5;015m[INFO]: [0mThis is a info message from thread 018-09-2026 00:29:33 [38;5;009m[ERROR]: [0mThis is a error message from thread 1718-09-2026 00:29:33 [38;5;015m[INFO]: [0mThis is a info message from thread 2018-09-2026 00:29:33 [38;5;009m[ERROR]: [0mThis is a error message from thread 418-09-2026 00:29:33 [38;5;015m[INFO]: [0mThis is a info message from thread 1918-09-2026 00:29:33 [38;5;117m[DEBUG]: [0mThis is a debug message from thread 2918-09-2026 00:29:33 [38;5;015m[INFO]: [0mThis is a info message from thread 1518-09-2026 00:29:33 [38;5;117m[DEBUG]: [0mThis is a debug message from thread 2218-09-2026 00:29:33 [38;5;117m[DEBUG]: [0mThis is a debug message from thread 818-09-2026 00:29:33 [38;5;015m[INFO]: [0mThis is a info message from thread 718-09-2026 00:29:33 [38;5;009m[ERROR]: [0mThis is a error message from thread 2518-09-2026 00:29:33 [38;5;009m[ERROR]: [0mThis is a error message from thread 118-09-2026 00:29:33 [38;5;009m[ERROR]: [0mThis is a error message from thread 518-09-2026 00:29:33 [38;5;015m[INFO]: [0mThis is a info message from thread 1318-09-2026 00:29:33 [38;5;015m[INFO]: [0mThis is a info message from thread 2918-09-2026 00:29:33 [38;5;015m[INFO]: [0mThis is a info message from thread 818-09-2026 00:29:33 [38;5;009m[ERROR]: [0mThis is a error message from thread 2118-09-2026 00:29:33 [38;5;009m[ERROR]: [0mThis is a error message from thread 1318-09-2026 00:29:33 [38;5;009m[ERROR]: [0mThis is a error message from thread 2918-09-2026 00:29:33 [38;5;009m[ERROR]: [0mThis is a error message from thread 2618-09-2026 00:29:33 [38;5;009m[ERROR]: [0mThis is a error message from thread 818-09-2026 00:29:33 [38;5;117m[DEBUG]: [0mThis is a debug message from thread 2318-09-2026 00:29:33 [38;5;117m[DEBUG]: [0mThis is a debug message from thread 118-09-2026 00:29:33 [38;5;015m[INFO]: [0mThis is a info message from thread 218-09-2026 00:29:33 [38;5;015m[INFO]: [0mThis is a info message from thread 318-09-2026 00:29:33 [38;5;015m[INFO]: [0mThis is a info message from thread 2318-09-2026 00:29:33 [38;5;117m[DEBUG]: [0mThis is a debug message from thread 418-09-2026 00:29:33 [38;5;117m[DEBUG]: [0mThis is a debug message from thread 918-09-2026 00:29:33 [38;5;117m[DEBUG]: [0mThis is a debug message from thread 1418-09-2026 00:29:33 [38;5;117m[DEBUG]: [0mThis is a debug message from thread 618-09-2026 00:29:33 [38;5;117m[DEBUG]: [0mThis is a debug message from thread 1718-09-2026 00:29:33 [38;5;009m[ERROR]: [0mThis is a error message from thread 318-09-2026 00:29:33 [38;5;009m[ERROR]: [0mThis is a error message from thread 1618-09-2026 00:29:33 [38;5;117m[DEBUG]: [0mThis is a debug message from thread 1218-09-2026 00:29:33 [38;5;009m[ERROR]: [0mThis is a error message from thread 1918-09-2026 00:29:33 [38;5;015m[INFO]: [0mThis is a info message from thread 118-09-2026 00:29:33 [38;5;015m[INFO]: [0mThis is a info message from thread 1218-09-2026 00:29:33 [38;5;117m[DEBUG]: [0mThis is a debug message from thread 318-09-2026 00:29:33 [38;5;117m[DEBUG]: [0mThis is a debug message from thread 1618-09-2026 00:29:33 [38;5;117m[DEBUG]: [0mThis is a debug message from thread 2618-09-2026 00:29:33 [38;5;117m[DEBUG]: [0mThis is a debug message from thread 1918-09-2026 00:29:33 [38;5;015m[INFO]: [0mThis is a info message from thread 418-09-2026 00:29:33 [38;5;009m[ERROR]: [0mThis is a error message from thread 018-09-2026 00:29:33 [38;5;009m[ERROR]: [0mThis is a error message from thread 118-09-2026 00:29:33 [38;5;015m[INFO]: [0mThis is a info message from thread 1918-09-2026 00:29:33 [38;5;009m[ERROR]: [0mThis is a error message from thread 418-09-2026 00:29:33 [38;5;015m[INFO]: [0mThis is a info message from thread 2618-09-2026 00:29:33 [38;5;009m[ERROR]: [0mThis is a error message from thread 1918-09-2026 00:29:33 [38;5;015m[INFO]: [0mThis is a info message from thread 1618-09-2026 00:29:33 [38;5;117m[DEBUG]: [0mThis is a debug message from thread 1918-09-2026 00:29:33 [38;5;117m[DEBUG]: [0mThis is a debug message from thread 418-09-2026 00:29:33 [38;5;009m[ERROR]: [0mThis is a error message from thread 2618-09-2026 00:29:33 [38;5;009m[ERROR]: [0mThis is a error message from thread 218-09-2026 00:29:33 [38;5;117m[DEBUG]: [0mThis is a debug message from thread 2418-09-2026 00:29:33 [38;5;015m[INFO]: [0mThis is a info message from thread 318-09-2026 00:29:33 [38;5;117m[DEBUG]: [0mThis is a debug message from thread 1318-09-2026 00:29:33 [38;5;015m[INFO]: [0mThis is a info message from thread 918-09-2026 00:29:33 [38;5;009m[ERROR]: [0mThis is a error message from thread 2018-09-2026 00:29:33 [38;5;015m[INFO]: [0mThis is a info message from thread 418-09-2026 00:29:33 [38;5;009m[ERROR]: [0mThis is a error message from thread 2318-09-2026 00:29:33 [38;5;117m[DEBUG]: [0mThis is a debug message from thread 218-09-2026 00:29:33 [38;5;015m[INFO]: [0mThis is a info message from thread 618-09-2026 00:29:33 [38;5;015m[INFO]: [0mThis is a info message from thread 2218-09-2026 00:29:33 [38;5;009m[ERROR]: [0mThis is a error message from thread 1618-09-2026 00:29:33 [38;5;009m[ERROR]: [0mThis is a error message from thread 1518-09-2026 00:29:33 [38;5;015m[INFO]: [0mThis is a info message from thread 1318-09-2026 00:29:33 [38;5;009m[ERROR]: [0mThis is a error message from thread 918-09-2026 00:29:33 [38;5;117m[DEBUG]: [0mThis is a debug message from thread 2018-09-2026 00:29:33 [38;5;009m[ERROR]: [0mThis is a error message from thread 1218-09-2026 00:29:33 [38;5;015m[INFO]: [0mThis is a info message from thread 1918-09-2026 00:29:33 [38;5;117m[DEBUG]: [0mThis is a debug message from thread 518-09-2026 00:29:33 [38;5;117m[DEBUG]: [0mThis is a debug message from thread 1218-09-2026 00:29:33 [38;5;015m[INFO]: [0mThis is a info message from thread 1218-09-2026 00:29:33 [38;5;117m[DEBUG]: [0mThis is a debug message from thread 2518-09-2026 00:29:33 [38;5;117m[DEBUG]: [0mThis is a debug message from thread 818-09-2026 00:29:33 [38;5;015m[INFO]: [0mThis is a info message from thread 2018-09-2026 00:29:33 [38;5;117m[DEBUG]: [0mThis is a debug message from thread 118-09-2026 00:29:33 [38;5;117m[DEBUG]: [0mThis is a debug message from thread 2118-09-2026 00:29:33 [38;5;117m[DEBUG]: [0mThis is a debug message from thread 2918-09-2026 00:29:33 [38;5;009m[ERROR]: [0mThis is a error message from thread 2018-09-2026 00:29:33 [38;5;117m[DEBUG]: [0mThis is a debug message from thread 1518-09-2026 00:29:33 [38;5;009m[ERROR]: [0mThis is a error message from thread 2218-09-2026 00:29:33 [38;5;015m[INFO]: [0mThis is a info message from thread 2518-09-2026 00:29:33 [38;5;117m[DEBUG]: [0mThis is a debug message from thread 918-09-2026 00:29:33 [38;5;015m[INFO]: [0mThis is a info message from thread 518-09-2026 00:29:33 [38;5;117m[DEBUG]: [0mThis is a debug message from thread 2818-09-2026 00:29:33 [38;5;015m[INFO]: [0mThis is a info message from thread 2118-09-2026 00:29:33 [38;5;117m[DEBUG]: [0mThis is a debug message from thread 1018-09-2026 00:29:33 [38;5;015m[INFO]: [0mThis is a info message from thread 1518-09-2026 00:29:33 [38;5;117m[DEBUG]: [0mThis is a debug message from thread 2018-09-2026 00:29:33 [38;5;015m[INFO]: [0mThis is a info message from thread 918-09-2026 00:29:33 [38;5;015m[INFO]: [0mThis is a info message from thread 1418-09-2026 00:29:33 [38;5;015m[INFO]: [0mThis is a info message from thread 118-09-2026 00:29:33 [38;5;015m[INFO]: [0mThis is a info message from thread 1018-09-2026 00:29:33 [38;5;009m[ERROR]: [0mThis is a error message from thread 2518-09-2026 00:29:33 [38;5;009m[ERROR]: [0mThis is a error message from thread 1518-09-2026 00:29:33 [38;5;117m[DEBUG]: [0mThis is a debug message from thread 2518-09-2026 00:29:33 [38;5;009m[ERROR]: [0mThis is a error message from thread 118-09-2026 00:29:33 [38;5;015m[INFO]: [0mThis is a info message from thread 2818-09-2026 00:29:33 [38;5;117m[DEBUG]: [0mThis is a debug message from thread 1618-09-2026 00:29:33 [38;5;009m[ERROR]: [0mThis is a error message from thread 1018-09-2026 00:29:33 [38;5;009m[ERROR]: [0mThis is a error message from thread 2118-09-2026 00:29:33 [38;5;015m[INFO]: [0mThis is a info message from thread 1618-09-2026 00:29:33 [38;5;015m[INFO]: [0mThis is a info message from thread 1718-09-2026 00:29:33 [38;5;117m[DEBUG]: [0mThis is a debug message from thread 1018-09-2026 00:29:33 [38;5;015m[INFO]: [0mThis is a info message from thread 2418-09-2026 00:29:33 [38;5;015m[INFO]: [0mThis is a info message from thread 2018-09-2026 00:29:33 [38;5;009m[ERROR]: [0mThis is a error message from thread 1418-09-2026 00:29:33 [38;5;117m[DEBUG]: [0mThis is a debug message from thread 018-09-2026 00:29:33 [38;5;117m[DEBUG]: [0mThis is a debug message from thread 1518-09-2026 00:29:33 [38;5;117m[DEBUG]: [0mThis is a debug message from thread 118-09-2026 00:29:33 [38;5;117m[DEBUG]: [0mThis is a debug message from thread 1418-09-2026 00:29:33 [38;5;009m[ERROR]: [0mThis is a error message from thread 418-09-2026 00:29:33 [38;5;117m[DEBUG]: [0mThis is a debug message from thread 2318-09-2026 00:29:33 [38;5;009m[ERROR]: [0mThis is a error message from thread 918-09-2026 00:29:33 [38;5;015m[INFO]: [0mThis is a info message from thread 1518-09-2026 00:29:33 [38;5;015m[INFO]: [0mThis is a info message from thread 2518-09-2026 00:29:33 [38;5;015m[INFO]: [0mThis is a info message from thread 118-09-2026 00:29:33 [38;5;009m[ERROR]: [0mThis is a error message from thread 118-09-2026 00:29:33 [38;5;009m[ERROR]: [0mThis is a error message from thread 2518-09-2026 00:29:33 [38;5;015m[INFO]: [0mThis is a info message from thread 1418-09-2026 00:29:33 [38;5;009m[ERROR]: [0mThis is a error message from thread 1518-09-2026 00:29:33 [38;5;009m[ERROR]: [0mThis is a error message from thread 2818-09-2026 00:29:33 [38;5;009m[ERROR]: [0mThis is a error message from thread 318-09-2026 00:29:33 [38;5;015m[INFO]: [0mThis is a info message from thread 1018-09-2026 00:29:33 [38;5;117m[DEBUG]: [0mThis is a debug message from thread 2118-09-2026 00:29:33 [38;5;009m[ERROR]: [0mThis is a error message from thread 1718-09-2026 00:29:33 [38;5;009m[ERROR]: [0mThis is a error message from thread 2018-09-2026 00:29:33 [38;5;117m[DEBUG]: [0mThis is a debug message from thread 418-09-2026 00:29:33 [38;5;117m[DEBUG]: [0mThis is a debug message from thread 318-09-2026 00:29:33 [38;5;009m[ERROR]: [0mThis is a error message from thread 1618-09-2026 00:29:33 [38;5;015m[INFO]: [0mThis is a info message from thread 418-09-2026 00:29:33 [38;5;117m[DEBUG]: [0mThis is a debug message from thread 1618-09-2026 00:29:33 [38;5;117m[DEBUG]: [0mThis is a debug message from thread 1718-09-2026 00:29:33 [38;5;117m[DEBUG]: [0mThis is a debug message from thread 1518-09-2026 00:29:33 [38;5;009m[ERROR]: [0mThis is a error message from thread 1418-09-2026 00:29:33 [38;5;015m[INFO]: [0mThis is a info message from thread 1718-09-2026 00:29:33 [38;5;009m[ERROR]: [0mThis is a error message from thread 418-09-2026 00:29:33 [38;5;015m[INFO]: [0mThis is a info message from thread 1518-09-2026 00:29:33 [38;5;117m[DEBUG]: [0mThis is a debug message from thread 2518-09-2026 00:29:33 [38;5;015m[INFO]: [0mThis is a info message from thread 318-09-2026 00:29:33 [38;5;117m[DEBUG]: [0mThis is a debug message from thread 1418-09-2026 00:29:33 [38;5;015m[INFO]: [0mThis is a info message from thread 2518-09-2026 00:29:33 [38;5;015m[INFO]: [0mThis is a info message from thread 1418-09-2026 00:29:33 [38;5;009m[ERROR]: [0mThis is a error message from thread 318-09-2026 00:29:33 [38;5;009m[ERROR]: [0mThis is a error message from thread 1718-09-2026 00:29:33 [38;5;009m[ERROR]: [0mThis is a error message from thread 1518-09-2026 00:29:33 [38;5;117m[DEBUG]: [0mThis is a debug message from thread 418-09-2026 00:29:33 [38;5;117m[DEBUG]: [0mThis is a debug message from thread 318-09-2026 00:29:33 [38;5;009m[ERROR]: [0mThis is a error message from thread 2718-09-2026 00:29:33 [38;5;009m[ERROR]: [0mThis is a error message from thread 1418-09-2026 00:29:33 [38;5;117m[DEBUG]: [0mThis is a debug message from thread 118-09-2026 00:29:33 [38;5;117m[DEBUG]: [0mThis is a debug message from thread 1418-09-2026 00:29:33 [38;5;015m[INFO]: [0mThis is a info message from thread 118-09-2026 00:29:33 [38;5;015m[INFO]: [0mThis is a info message from thread 2918-09-2026 00:29:33 [38;5;117m[DEBUG]: [0mThis is a debug message from thread 1518-09-2026 00:29:33 [38;5;015m[INFO]: [0mThis is a info message from thread 318-09-2026 00:29:33 [38;5;117m[DEBUG]: [0mThis is a debug message from thread 2018-09-2026 00:29:33 [38;5;009m[ERROR]: [0mThis is a error message from thread 2518-09-2026 00:29:33 [38;5;015m[INFO]: [0mThis is a info message from thread 1418-09-2026 00:29:33 [38;5;015m[INFO]: [0mThis is a info message from thread 418-09-2026 00:29:33 [38;5;117m[DEBUG]: [0mThis is a debug message from thread 1718-09-2026 00:29:33 [38;5;117m[DEBUG]: [0mThis is a debug message from thread 2518-09-2026 00:29:33 [38;5;015m[INFO]: [0mThis is a info message from thread 2018-09-2026 00:29:33 [38;5;009m[ERROR]: [0mThis is a error message from thread 418-09-2026 00:29:33 [38;5;009m[ERROR]: [0mThis is a error message from thread 1318-09-2026 00:29:33 [38;5;009m[ERROR]: [0mThis is a error message from thread 618-09-2026 00:29:33 [38;5;117m[DEBUG]: [0mThis is a debug message from thread 918-09-2026 00:29:33 [38;5;117m[DEBUG]: [0mThis is a debug message from thread 418-09-2026 00:29:33 [38;5;009m[ERROR]: [0mThis is a error message from thread 1418-09-2026 00:29:33 [38;5;117m[DEBUG]: [0mThis is a debug message from thread 2818-09-2026 00:29:33 [38;5;009m[ERROR]: [0mThis is a error message from thread 318-09-2026 00:29:33 [38;5;015m[INFO]: [0mThis is a info message from thread 2318-09-2026 00:29:33 [38;5;009m[ERROR]: [0mThis is a error message from thread 2018-09-2026 00:29:33 [38;5;117m[DEBUG]: [0mThis is a debug message from thread 2218-09-2026 00:29:33 [38;5;009m[ERROR]: [0mThis is a error message from thread 2918-09-2026 00:29:33 [38;5;009m[ERROR]: [0mThis is a error message from thread 1218-09-2026 00:29:33 [38;5;117m[DEBUG]: [0mThis is a debug message from thread 2018-09-2026 00:29:33 [38;5;117m[DEBUG]: [0mThis is a debug message from thread 1318-09-2026 00:29:33 [38;5;009m[ERROR]: [0mThis is a error message from thread 1918-09-2026 00:29:33 [38;5;015m[INFO]: [0mThis is a info message from thread 2218-09-2026 00:29:33 [38;5;117m[DEBUG]: [0mThis is a debug message from thread 1918-09-2026 00:29:33 [38;5;015m[INFO]: [0mThis is a info message from thread 2518-09-2026 00:29:33 [38;5;015m[INFO]: [0mThis is a info message from thread 2818-09-2026 00:29:33 [38;5;015m[INFO]: [0mThis is a info message from thread 1518-09-2026 00:29:33 [38;5;015m[INFO]: [0mThis is a info message from thread 918-09-2026 00:29:33 [38;5;117m[DEBUG]: [0mThis is a debug message from thread 1418-09-2026 00:29:33 [38;5;009m[ERROR]: [0mThis is a error message from thread 1518-09-2026 00:29:33 [38;5;009m[ERROR]: [0mThis is a error message from thread 2318-09-2026 00:29:33 [38;5;015m[INFO]: [0mThis is a info message from thread 1918-09-2026 00:29:33 [38;5;015m[INFO]: [0mThis is a info message from thread 1418-09-2026 00:29:33 [38;5;117m[DEBUG]: [0mThis is a debug message from thread 2618-09-2026 00:29:33 [38;5;117m[DEBUG]: [0mThis is a debug message from thread 2918-09-2026 00:29:33 [38;5;015m[INFO]: [0mThis is a info message from thread 2118-09-2026 00:29:33 [38;5;009m[ERROR]: [0mThis is a error message from thread 2418-09-2026 00:29:33 [38;5;015m[INFO]: [0mThis is a info message from thread 1618-09-2026 00:29:33 [38;5;117m[DEBUG]: [0mThis is a debug message from thread 1218-09-2026 00:29:33 [38;5;015m[INFO]: [0mThis is a info message from thread 2018-09-2026 00:29:33 [38;5;009m[ERROR]: [0mThis is a error message from thread 2018-09-2026 00:29:33 [38;5;009m[ERROR]: [0mThis is a error message from thread 1918-09-2026 00:29:33 [38;5;009m[ERROR]: [0mThis is a error message from thread 918-09-2026 00:29:33 [38;5;117m[DEBUG]: [0mThis is a debug message from thread 1518-09-2026 00:29:33 [38;5;009m[ERROR]: [0mThis is a error message from thread 1618-09-2026 00:29:33 [38;5;009m[ERROR]: [0mThis is a error message from thread 118-09-2026 00:29:33 [38;5;015m[INFO]: [0mThis is a info message from thread 018-09-2026 00:29:33 [38;5;009m[ERROR]: [0mThis is a error message from thread 018-09-2026 00:29:33 [38;5;117m[DEBUG]: [0mThis is a debug message from thread 1618-09-2026 00:29:33 [38;5;015m[INFO]: [0mThis is a info message from thread 1518-09-2026 00:29:33 [38;5;015m[INFO]: [0mThis is a info message from thread 1618-09-2026 00:29:33 [38;5;009m[ERROR]: [0mThis is a error message from thread 1418-09-2026 00:29:33 [38;5;009m[ERROR]: [0mThis is a error message from thread 1518-09-2026 00:29:33 [38;5;117m[DEBUG]: [0mThis is a debug message from thread 918-09-2026 00:29:33 [38;5;117m[DEBUG]: [0mThis is a debug message from thread 018-09-2026 00:29:33 [38;5;015m[INFO]: [0mThis is a info message from thread 918-09-2026 00:29:33 [38;5;117m[DEBUG]: [0mThis is a debug message from thread 1518-09-2026 00:29:33 [38;5;117m[DEBUG]: [0mThis is a debug message from thread 2718-09-2026 00:29:33 [38;5;117m[DEBUG]: [0mThis is a debug message from thread 1918-09-2026 00:29:33 [38;5;015m[INFO]: [0mThis is a info message from thread 2718-09-2026 00:29:33 [38;5;009m[ERROR]: [0mThis is a error message from thread 2718-09-2026 00:29:33 [38;5;015m[INFO]: [0mThis is a info message from thread 018-09-2026 00:29:33 [38;5;015m[INFO]: [0mThis is a info message from thread 1918-09-2026 00:29:33 [38;5;009m[ERROR]: [0mThis is a error message from thread 2218-09-2026 00:29:33 [38;5;117m[DEBUG]: [0mThis is a debug message from thread 1418-09-2026 00:29:33 [38;5;117m[DEBUG]: [0mThis is a debug message from thread 2318-09-2026 00:29:33 [38;5;009m[ERROR]: [0mThis is a error message from thread 018-09-2026 00:29:33 [38;5;015m[INFO]: [0mThis is a info message from thread 1718-09-2026 00:29:33 [38;5;015m[INFO]: [0mThis is a info message from thread 218-09-2026 00:29:33 [38;5;015m[INFO]: [0mThis is a info message from thread 818-09-2026 00:29:33 [38;5;009m[ERROR]: [0mThis is a error message from thread 218-09-2026 00:29:33 [38;5;117m[DEBUG]: [0mThis is a debug message from thread 318-09-2026 00:29:33 [38;5;009m[ERROR]: [0mThis is a error message from thread 718-09-2026 00:29:33 [38;5;117m[DEBUG]: [0mThis is a debug message from thread 718-09-2026 00:29:33 [38;5;009m[ERROR]: [0mThis is a error message from thread 1918-09-2026 00:29:33 [38;5;015m[INFO]: [0mThis is a info message from thread 2618-09-2026 00:29:33 [38;5;009m[ERROR]: [0mThis is a error message from thread 2618-09-2026 00:29:33 [38;5;117m[DEBUG]: [0mThis is a debug message from thread 1918-09-2026 00:29:33 [38;5;117m[DEBUG]: [0mThis is a debug message from thread 618-09-2026 00:29:33 [38;5;015m[INFO]: [0mThis is a info message from thread 2318-09-2026 00:29:33 [38;5;009m[ERROR]: [0mThis is a error message from thread 1718-09-2026 00:29:33 [38;5;015m[INFO]: [0mThis is a info message from thread 418-09-2026 00:29:33 [38;5;009m[ERROR]: [0mThis is a error message from thread 2518-09-2026 00:29:33 [38;5;117m[DEBUG]: [0mThis is a debug message from thread 2618-09-2026 00:29:33 [38;5;117m[DEBUG]: [0mThis is a debug message from thread 1718-09-2026 00:29:33 [38;5;009m[ERROR]: [0mThis is a error message from thread 1818-09-2026 00:29:33 [38;5;009m[ERROR]: [0mThis is a error message from thread 1018-09-2026 00:29:33 [38;5;015m[INFO]: [0mThis is a info message from thread 718-09-2026 00:29:33 [38;5;015m[INFO]: [0mThis is a info message from thread 618-09-2026 00:29:33 [38;5;117m[DEBUG]: [0mThis is a debug message from thread 2418-09-2026 00:29:33 [38;5;009m[ERROR]: [0mThis is a error message from thread 2118-09-2026 00:29:33 [38;5;015m[INFO]: [0mThis is a info message from thread 1318-09-2026 00:29:33 [38;5;117m[DEBUG]: [0mThis is a debug message from thread 2118-09-2026 00:29:33 [38;5;009m[ERROR]: [0mThis is a error message from thread 1318-09-2026 00:29:33 [38;5;117m[DEBUG]: [0mThis is a debug message from thread 218-09-2026 00:29:33 [38;5;015m[INFO]: [0mThis is a info message from thread 1218-09-2026 00:29:33 [38;5;117m[DEBUG]: [0mThis is a debug message from thread 1318-09-2026 00:29:33 [38;5;117m[DEBUG]: [0mThis is a debug message from thread 2218-09-2026 00:29:33 [38;5;009m[ERROR]: [0mThis is a error message from thread 918-09-2026 00:29:33 [38;5;015m[INFO]: [0mThis is a info message from thread 218-09-2026 00:29:33 [38;5;015m[INFO]: [0mThis is a info message from thread 318-09-2026 00:29:33 [38;5;009m[ERROR]: [0mThis is a error message from thread 1218-09-2026 00:29:33 [38;5;117m[DEBUG]: [0mThis is a debug message from thread 918-09-2026 00:29:33 [38;5;015m[INFO]: [0mThis is a info message from thread 1318-09-2026 00:29:33 [38;5;015m[INFO]: [0mThis is a info message from thread 2218-09-2026 00:29:33 [38;5;009m[ERROR]: [0mThis is a error message from thread 318-09-2026 00:29:33 [38;5;009m[ERROR]: [0mThis is a error message from thread 518-09-2026 00:29:33 [38;5;009m[ERROR]: [0mThis is a error message from thread 2318-09-2026 00:29:33 [38;5;009m[ERROR]: [0mThis is a error message from thread 1318-09-2026 00:29:33 [38;5;117m[DEBUG]: [0mThis is a debug message from thread 518-09-2026 00:29:33 [38;5;117m[DEBUG]: [0mThis is a debug message from thread 1218-09-2026 00:29:33 [38;5;009m[ERROR]: [0mThis is a error message from thread 818-09-2026 00:29:33 [38;5;015m[INFO]: [0mThis is a info message from thread 2618-09-2026 00:29:33 [38;5;117m[DEBUG]: [0mThis is a debug message from thread 118-09-2026 00:29:33 [38;5;117m[DEBUG]: [0mThis is a debug message from thread 818-09-2026 00:29:33 [38;5;117m[DEBUG]: [0mThis is a debug message from thread 2018-09-2026 00:29:33 [38;5;117m[DEBUG]: [0mThis is a debug message from thread 2318-09-2026 00:29:33 [38;5;015m[INFO]: [0mThis is a info message from thread 818-09-2026 00:29:33 [38;5;117m[DEBUG]: [0mThis is a debug message from thread 1818-09-2026 00:29:33 [38;5;009m[ERROR]: [0mThis is a error message from thread 2218-09-2026 00:29:33 [38;5;015m[INFO]: [0mThis is a info message from thread 1418-09-2026 00:29:33 [38;5;015m[INFO]: [0mThis is a info message from thread 1818-09-2026 00:29:33 [38;5;117m[DEBUG]: [0mThis is a debug message from thread 2218-09-2026 00:29:33 [38;5;015m[INFO]: [0mThis is a info message from thread 118-09-2026 00:29:33 [38;5;015m[INFO]: [0mThis is a info message from thread 2318-09-2026 00:29:33 [38;5;009m[ERROR]: [0mThis is a error message from thread 2618-09-2026 00:29:33 [38;5;015m[INFO]: [0mThis is a info message from thread 2118-09-2026 00:29:33 [38;5;009m[ERROR]: [0mThis is a error message from thread 1618-09-2026 00:29:33 [38;5;015m[INFO]: [0mThis is a info message from thread 2918-09-2026 00:29:33 [38;5;015m[INFO]: [0mThis is a info message from thread 1718-09-2026 00:29:33 [38;5;015m[INFO]: [0mThis is a info message from thread 2218-09-2026 00:29:33 [38;5;117m[DEBUG]: [0mThis is a debug message from thread 1018-09-2026 00:29:33 [38;5;015m[INFO]: [0mThis is a info message from thread 2018-09-2026 00:29:33 [38;5;117m[DEBUG]: [0mThis is a debug message from thread 1618-09-2026 00:29:33 [38;5;009m[ERROR]: [0mThis is a error message from thread 118-09-2026 00:29:33 [38;5;009m[ERROR]: [0mThis is a error message from thread 2118-09-2026 00:29:33 [38;5;009m[ERROR]: [0mThis is a error message from thread 2918-09-2026 00:29:33 [38;5;015m[INFO]: [0mThis is a info message from thread 1018-09-2026 00:29:33 [38;5;117m[DEBUG]: [0mThis is a debug message from thread 2118-09-2026 00:29:33 [38;5;117m[DEBUG]: [0mThis is a debug message from thread 1318-09-2026 00:29:33 [38;5;117m[DEBUG]: [0mThis is a debug message from thread 318-09-2026 00:29:33 [38;5;009m[ERROR]: [0mThis is a error message from thread 2218-09-2026 00:29:33 [38;5;117m[DEBUG]: [0mThis is a debug message from thread 118-09-2026 00:29:33 [38;5;009m[ERROR]: [0mThis is a error message from thread 2018-09-2026 00:29:33 [38;5;009m[ERROR]: [0mThis is a error message from thread 1018-09-2026 00:29:33 [38;5;015m[INFO]: [0mThis is a info message from thread 1218-09-2026 00:29:33 [38;5;117m[DEBUG]: [0mThis is a debug message from thread 2518-09-2026 00:29:33 [38;5;009m[ERROR]: [0mThis is a error message from thread 1218-09-2026 00:29:33 [38;5;117m[DEBUG]: [0mThis is a debug message from thread 1018-09-2026 00:29:33 [38;5;015m[INFO]: [0mThis is a info message from thread 118-09-2026 00:29:33 [38;5;015m[INFO]: [0mThis is a info message from thread 2118-09-2026 00:29:33 [38;5;015m[INFO]: [0mThis is a info message from thread 2518-09-2026 00:29:33 [38;5;009m[ERROR]: [0mThis is a error message from thread 718-09-2026 00:29:33 [38;5;015m[INFO]: [0mThis is a info message from thread 918-09-2026 00:29:33 [38;5;117m[DEBUG]: [0mThis is a debug message from thread 1218-09-2026 00:29:33 [38;5;009m[ERROR]: [0mThis is a error message from thread 118-09-2026 00:29:33 [38;5;009m[ERROR]: [0mThis is a error message from thread 918-09-2026 00:29:33 [38;5;117m[DEBUG]: [0mThis is a debug message from thread 718-09-2026 00:29:33 [38;5;009m[ERROR]: [0mThis is a error message from thread 2518-09-2026 00:29:33 [38;5;117m[DEBUG]: [0mThis is a debug message from thread 2018-09-2026 00:29:33 [38;5;009m[ERROR]: [0mThis is a error message from thread 1718-09-2026 00:29:33 [38;5;015m[INFO]: [0mThis is a info message from thread 518-09-2026 00:29:33 [38;5;117m[DEBUG]: [0mThis is a debug message from thread 118-09-2026 00:29:33 [38;5;009m[ERROR]: [0mThis is a error message from thread 1418-09-2026 00:29:33 [38;5;015m[INFO]: [0mThis is a info message from thread 118-09-2026 00:29:33 [38;5;009m[ERROR]: [0mThis is a error message from thread 518-09-2026 00:29:33 [38;5;117m[DEBUG]: [0mThis is a debug message from thread 1418-09-2026 00:29:33 [38;5;015m[INFO]: [0mThis is a info message from thread 318-09-2026 00:29:33 [38;5;015m[INFO]: [0mThis is a info message from thread 1418-09-2026 00:29:33 [38;5;009m[ERROR]: [0mThis is a error message from thread 318-09-2026 00:29:33 [38;5;009m[ERROR]: [0mThis is a error message from thread 2818-09-2026 00:29:33 [38;5;009m[ERROR]: [0mThis is a error message from thread 618-09-2026 00:29:33 [38;5;009m[ERROR]: [0mThis is a error message from thread 1418-09-2026 00:29:33 [38;5;009m[ERROR]: [0mThis is a error message from thread 818-09-2026 00:29:33 [38;5;117m[DEBUG]: [0mThis is a debug message from thread 2218-09-2026 00:29:33 [38;5;009m[ERROR]: [0mThis is a error message from thread 418-09-2026 00:29:33 [38;5;015m[INFO]: [0mThis is a info message from thread 1918-09-2026 00:29:33 [38;5;117m[DEBUG]: [0mThis is a debug message from thread 1418-09-2026 00:29:33 [38;5;015m[INFO]: [0mThis is a info message from thread 2218-09-2026 00:29:33 [38;5;117m[DEBUG]: [0mThis is a debug message from thread 818-09-2026 00:29:33 [38;5;009m[ERROR]: [0mThis is a error message from thread 2218-09-2026 00:29:33 [38;5;015m[INFO]: [0mThis is a info message from thread 818-09-2026 00:29:33 [38;5;117m[DEBUG]: [0mThis is a debug message from thread 2618-09-2026 00:29:33 [38;5;117m[DEBUG]: [0mThis is a debug message from thread 2818-09-2026 00:29:33 [38;5;009m[ERROR]: [0mThis is a error message from thread 818-09-2026 00:29:33 [38;5;117m[DEBUG]: [0mThis is a debug message from thread 018-09-2026 00:29:33 [38;5;117m[DEBUG]: [0mThis is a debug message from thread 2218-09-2026 00:29:33 [38;5;015m[INFO]: [0mThis is a info message from thread 718-09-2026 00:29:33 [38;5;015m[INFO]: [0mThis is a info message from thread 2618-09-2026 00:29:33 [38;5;117m[DEBUG]: [0mThis is a debug message from thread 1718-09-2026 00:29:33 [38;5;015m[INFO]: [0mThis is a info message from thread 2218-09-2026 00:29:33 [38;5;009m[ERROR]: [0mThis is a error message from thread 718-09-2026 00:29:33 [38;5;015m[INFO]: [0mThis is a info message from thread 018-09-2026 00:29:33 [38;5;015m[INFO]: [0mThis is a info message from thread 1718-09-2026 00:29:33 [38;5;009m[ERROR]: [0mThis is a error message from thread 2618-09-2026 00:29:33 [38;5;009m[ERROR]: [0mThis is a error message from thread 1918-09-2026 00:29:33 [38;5;009m[ERROR]: [0mThis is a error message from thread 218-09-2026 00:29:33 [38;5;117m[DEBUG]: [0mThis is a debug message from thread 2618-09-2026 00:29:33 [38;5;009m[ERROR]: [0mThis is a error message from thread 018-09-2026 00:29:33 [38;5;117m[DEBUG]: [0mThis is a debug message from thread 1918-09-2026 00:29:33 [38;5;117m[DEBUG]: [0mThis is a debug message from thread 018-09-2026 00:29:33 [38;5;009m[ERROR]: [0mThis is a error message from thread 2218-09-2026 00:29:33 [38;5;015m[INFO]: [0mThis is a info message from thread 1918-09-2026 00:29:33 [38;5;015m[INFO]: [0mThis is a info message from thread 2618-09-2026 00:29:33 [38;5;015m[INFO]: [0mThis is a info message from thread 1318-09-2026 00:29:33 [38;5;015m[INFO]: [0mThis is a info message from thread 1218-09-2026 00:29:33 [38;5;117m[DEBUG]: [0mThis is a debug message from thread 2518-09-2026 00:29:33 [38;5;015m[INFO]: [0mThis is a info message from thread 018-09-2026 00:29:33 [38;5;015m[INFO]: [0mThis is a info message from thread 2518-09-2026 00:29:33 [38;5;009m[ERROR]: [0mThis is a error message from thread 2518-09-2026 00:29:33 [38;5;015m[INFO]: [0mThis is a info message from thread 1618-09-2026 00:29:33 [38;5;009m[ERROR]: [0mThis is a error message from thread 1618-09-2026 00:29:33 [38;5;009m[ERROR]: [0mThis is a error message from thread 1218-09-2026 00:29:33 [38;5;117m[DEBUG]: [0mThis is a debug message from thread 518-09-2026 00:29:33 [38;5;117m[DEBUG]: [0mThis is a debug message from thread 818-09-2026 00:29:33 [38;5;117m[DEBUG]: [0mThis is a debug message from thread 2718-09-2026 00:29:33 [38;5;009m[ERROR]: [0mThis is a error message from thread 1918-09-2026 00:29:33 [38;5;015m[INFO]: [0mThis is a info message from thread 518-09-2026 00:29:33 [38;5;009m[ERROR]: [0mThis is a error message from thread 2118-09-2026 00:29:33 [38;5;009m[ERROR]: [0mThis is a error message from thread 1318-09-2026 00:29:33 [38;5;117m[DEBUG]: [0mThis is a debug message from thread 318-09-2026 00:29:33 [38;5;117m[DEBUG]: [0mThis is a debug message from thread 2918-09-2026 00:29:33 [38;5;015m[INFO]: [0mThis is a info message from thread 2718-09-2026 00:29:33 [38;5;117m[DEBUG]: [0mThis is a debug message from thread 918-09-2026 00:29:33 [38;5;015m[INFO]: [0mThis is a info message from thread 2018-09-2026 00:29:33 [38;5;009m[ERROR]: [0mThis is a error message from thread 118-09-2026 00:29:33 [38;5;015m[INFO]: [0mThis is a info message from thread 818-09-2026 00:29:33 [38;5;009m[ERROR]: [0mThis is a error message from thread 2318-09-2026 00:29:33 [38;5;117m[DEBUG]: [0mThis is a debug message from thread 618-09-2026 00:29:33 [38;5;009m[ERROR]: [0mThis is a error message from thread 1718-09-2026 00:29:33 [38;5;015m[INFO]: [0mThis is a info message from thread 918-09-2026 00:29:33 [38;5;015m[INFO]: [0mThis is a info message from thread 2818-09-2026 00:29:33 [38;5;117m[DEBUG]: [0mThis is a debug message from thread 718-09-2026 00:29:33 [38;5;015m[INFO]: [0mThis is a info message from thread 718-09-2026 00:29:33 [38;5;009m[ERROR]: [0mThis is a error message from thread 918-09-2026 00:29:33 [38;5;009m[ERROR]: [0mThis is a error message from thread 718-09-2026 00:29:33 [38;5;015m[INFO]: [0mThis is a info message from thread 2418-09-2026 00:29:33 [38;5;009m[ERROR]: [0mThis is a error message from thread 2018-09-2026 00:29:33 [38;5;117m[DEBUG]: [0mThis is a debug message from thread 1718-09-2026 00:29:33 [38;5;015m[INFO]: [0mThis is a info message from thread 618-09-2026 00:29:33 [38;5;117m[DEBUG]: [0mThis is a debug message from thread 2018-09-2026 00:29:33 [38;5;117m[DEBUG]: [0mThis is a debug message from thread 118-09-2026 00:29:33 [38;5;009m[ERROR]: [0mThis is a error message from thread 2818-09-2026 00:29:33 [38;5;117m[DEBUG]: [0mThis is a debug message from thread 918-09-2026 00:29:33 [38;5;117m[DEBUG]: [0mThis is a debug message from thread 2318-09-2026 00:29:33 [38;5;117m[DEBUG]: [0mThis is a debug message from thread 418-09-2026 00:29:33 [38;5;009m[ERROR]: [0mThis is a error message from thread 2418-09-2026 00:29:33 [38;5;015m[INFO]: [0mThis is a info message from thread 918-09-2026 00:29:33 [38;5;015m[INFO]: [0mThis is a info message from thread 418-09-2026 00:29:33 [38;5;009m[ERROR]: [0mThis is a error message from thread 518-09-2026 00:29:33 [38;5;015m[INFO]: [0mThis is a info message from thread 318-09-2026 00:29:33 [38;5;117m[DEBUG]: [0mThis is a debug message from thread 2218-09-2026 00:29:33 [38;5;009m[ERROR]: [0mThis is a error message from thread 1818-09-2026 00:29:33 [38;5;009m[ERROR]: [0mThis is a error message from thread 018-09-2026 00:29:33 [38;5;117m[DEBUG]: [0mThis is a debug message from thread 1918-09-2026 00:29:33 [38;5;117m[DEBUG]: [0mThis is a debug message from thread 1818-09-2026 00:29:33 [38;5;015m[INFO]: [0mThis is a info message from thread 2218-09-2026 00:29:33 [38;5;117m[DEBUG]: [0mThis is a debug message from thread 2118-09-2026 00:29:33 [38;5;009m[ERROR]: [0mThis is a error message from thread 318-09-2026 00:29:33 [38;5;117m[DEBUG]: [0mThis is a debug message from thread 1618-09-2026 00:29:33 [38;5;015m[INFO]: [0mThis is a info message from thread 1518-09-2026 00:29:33 [38;5;117m[DEBUG]: [0mThis is a debug message from thread 1318-09-2026 00:29:33 [38;5;117m[DEBUG]: [0mThis is a debug message from thread 018-09-2026 00:29:33 [38;5;015m[INFO]: [0mThis is a info message from thread 118-09-2026 00:29:33 [38;5;015m[INFO]: [0mThis is a info message from thread 2118-09-2026 00:29:33 [38;5;009m[ERROR]: [0mThis is a error message from thread 418-09-2026 00:29:33 [38;5;015m[INFO]: [0mThis is a info message from thread 2018-09-2026 00:29:33 [38;5;015m[INFO]: [0mThis is a info message from thread 1618-09-2026 00:29:33 [38;5;117m[DEBUG]: [0mThis is a debug message from thread 2518-09-2026 00:29:33 [38;5;015m[INFO]: [0mThis is a info message from thread 2318-09-2026 00:29:33 [38;5;015m[INFO]: [0mThis is a info message from thread 1718-09-2026 00:29:33 [38;5;009m[ERROR]: [0mThis is a error message from thread 2318-09-2026 00:29:33 [38;5;117m[DEBUG]: [0mThis is a debug message from thread 718-09-2026 00:29:33 [38;5;009m[ERROR]: [0mThis is a error message from thread 1618-09-2026 00:29:33 [38;5;117m[DEBUG]: [0mThis is a debug message from thread 2418-09-2026 00:29:33 [38;5;009m[ERROR]: [0mThis is a error message from thread 1518-09-2026 00:29:33 [38;5;117m[DEBUG]: [0mThis is a debug message from thread 2318-09-2026 00:29:33 [38;5;015m[INFO]: [0mThis is a info message from thread 018-09-2026 00:29:33 [38;5;015m[INFO]: [0mThis is a info message from thread 1018-09-2026 00:29:33 [38;5;015m[INFO]: [0mThis is a info message from thread 718-09-2026 00:29:33 [38;5;117m[DEBUG]: [0mThis is a debug message from thread 1618-09-2026 00:29:33 [38;5;009m[ERROR]: [0mThis is a error message from thread 018-09-2026 00:29:33 [38;5;009m[ERROR]: [0mThis is a error message from thread 1718-09-2026 00:29:33 [38;5;015m[INFO]: [0mThis is a info message from thread 1618-09-2026 00:29:33 [38;5;015m[INFO]: [0mThis is a info message from thread 2418-09-2026 00:29:33 [38;5;009m[ERROR]: [0mThis is a error message from thread 618-09-2026 00:29:33 [38;5;117m[DEBUG]: [0mThis is a debug message from thread 318-09-2026 00:29:33 [38;5;015m[INFO]: [0mThis is a info message from thread 1318-09-2026 00:29:33 [38;5;117m[DEBUG]: [0mThis is a debug message from thread 018-09-2026 00:29:33 [38;5;009m[ERROR]: [0mThis is a error message from thread 718-09-2026 00:29:33 [38;5;117m[DEBUG]: [0mThis is a debug message from thread 618-09-2026 00:29:33 [38;5;117m[DEBUG]: [0mThis is a debug message from thread 218-09-2026 00:29:33 [38;5;117m[DEBUG]: [0mThis is a debug message from thread 2818-09-2026 00:29:33 [38;5;117m[DEBUG]: [0mThis is a debug message from thread 1718-09-2026 00:29:33 [38;5;117m[DEBUG]: [0mThis is a debug message from thread 1518-09-2026 00:29:33 [38;5;015m[INFO]: [0mThis is a info message from thread 218-09-2026 00:29:33 [38;5;117m[DEBUG]: [0mThis is a debug message from thread 718-09-2026 00:29:33 [38;5;009m[ERROR]: [0mThis is a error message from thread 118-09-2026 00:29:33 [38;5;015m[INFO]: [0mThis is a info message from thread 718-09-2026 00:29:33 [38;5;117m[DEBUG]: [0mThis is a debug message from thread 118-09-2026 00:29:33 [38;5;015m[INFO]: [0mThis is a info message from thread 018-09-2026 00:29:33 [38;5;009m[ERROR]: [0mThis is a error message from thread 2718-09-2026 00:29:33 [38;5;015m[INFO]: [0mThis is a info message from thread 1918-09-2026 00:29:33 [38;5;009m[ERROR]: [0mThis is a error message from thread 2618-09-2026 00:29:33 [38;5;117m[DEBUG]: [0mThis is a debug message from thread 1118-09-2026 00:29:33 [38;5;015m[INFO]: [0mThis is a info message from thread 1518-09-2026 00:29:33 [38;5;015m[INFO]: [0mThis is a info message from thread 2918-09-2026 00:29:33 [38;5;009m[ERROR]: [0mThis is a error message from thread 718-09-2026 00:29:33 [38;5;117m[DEBUG]: [0mThis is a debug message from thread 2618-09-2026 00:29:33 [38;5;015m[INFO]: [0mThis is a info message from thread 2818-09-2026 00:29:33 [38;5;117m[DEBUG]: [0mThis is a debug message from thread 718-09-2026 00:29:33 [38;5;117m[DEBUG]: [0mThis is a debug message from thread 518-09-2026 00:29:33 [38;5;009m[ERROR]: [0mThis is a error message from thread 1518-09-2026 00:29:33 [38;5;117m[DEBUG]: [0mThis is a debug message from thread 1218-09-2026 00:29:33 [38;5;009m[ERROR]: [0mThis is a error message from thread 2918-09-2026 00:29:33 [38;5;009m[ERROR]: [0mThis is a error message from thread 018-09-2026 00:29:33 [38;5;015m[INFO]: [0mThis is a info message from thread 718-09-2026 00:29:33 [38;5;117m[DEBUG]: [0mThis is a debug message from thread 1518-09-2026 00:29:33 [38;5;009m[ERROR]: [0mThis is a error message from thread 2218-09-2026 00:29:33 [38;5;117m[DEBUG]: [0mThis is a debug message from thread 2718-09-2026 00:29:33 [38;5;015m[INFO]: [0mThis is a info message from thread 1118-09-2026 00:29:33 [38;5;015m[INFO]: [0mThis is a info message from thread 2718-09-2026 00:29:33 [38;5;015m[INFO]: [0mThis is a info message from thread 118-09-2026 00:29:33 [38;5;009m[ERROR]: [0mThis is a error message from thread 2818-09-2026 00:29:33 [38;5;015m[INFO]: [0mThis is a info message from thread 1518-09-2026 00:29:33 [38;5;009m[ERROR]: [0mThis is a error message from thread 718-09-2026 00:29:33 [38;5;117m[DEBUG]: [0mThis is a debug message from thread 2918-09-2026 00:29:33 [38;5;009m[ERROR]: [0mThis is a error message from thread 1618-09-2026 00:29:33 [38;5;009m[ERROR]: [0mThis is a error message from thread 2418-09-2026 00:29:33 [38;5;009m[ERROR]: [0mThis is a error message from thread 118-09-2026 00:29:33 [38;5;015m[INFO]: [0mThis is a info message from thread 618-09-2026 00:29:33 [38;5;117m[DEBUG]: [0mThis is a debug message from thread 2418-09-2026 00:29:33 [38;5;015m[INFO]: [0mThis is a info message from thread 2318-09-2026 00:29:33 [38;5;015m[INFO]: [0mThis is a info message from thread 518-09-2026 00:29:33 [38;5;009m[ERROR]: [0mThis is a error message from thread 518-09-2026 00:29:33 [38;5;009m[ERROR]: [0mThis is a error message from thread 1518-09-2026 00:29:33 [38;5;117m[DEBUG]: [0mThis is a debug message from thread 518-09-2026 00:29:33 [38;5;117m[DEBUG]: [0mThis is a debug message from thread 1518-09-2026 00:29:33 [38;5;015m[INFO]: [0mThis is a info message from thread 1718-09-2026 00:29:33 [38;5;009m[ERROR]: [0mThis is a error message from thread 618-09-2026 00:29:33 [38;5;009m[ERROR]: [0mThis is a error message from thread 1718-09-2026 00:29:33 [38;5;015m[INFO]: [0mThis is a info message from thread 518-09-2026 00:29:33 [38;5;117m[DEBUG]: [0mThis is a debug message from thread 1718-09-2026 00:29:33 [38;5;009m[ERROR]: [0mThis is a error message from thread 518-09-2026 00:29:33 [38;5;009m[ERROR]: [0mThis is a error message from thread 218-09-2026 00:29:33 [38;5;117m[DEBUG]: [0mThis is a debug message from thread 718-09-2026 00:29:33 [38;5;015m[INFO]: [0mThis is a info message from thread 1718-09-2026 00:29:33 [38;5;117m[DEBUG]: [0mThis is a debug message from thread 2818-09-2026 00:29:33 [38;5;117m[DEBUG]: [0mThis is a debug message from thread 618-09-2026 00:29:33 [38;5;009m[ERROR]: [0mThis is a error message from thread 918-09-2026 00:29:33 [38;5;009m[ERROR]: [0mThis is a error message from thread 1318-09-2026 00:29:33 [38;5;015m[INFO]: [0mThis is a info message from thread 2818-09-2026 00:29:33 [38;5;015m[INFO]: [0mThis is a info message from thread 318-09-2026 00:29:33 [38;5;015m[INFO]: [0mThis is a info message from thread 2418-09-2026 00:29:33 [38;5;015m[INFO]: [0mThis is a info message from thread 1818-09-2026 00:29:33 [38;5;117m[DEBUG]: [0mThis is a debug message from thread 418-09-2026 00:29:33 [38;5;009m[ERROR]: [0mThis is a error message from thread 1818-09-2026 00:29:33 [38;5;015m[INFO]: [0mThis is a info message from thread 1418-09-2026 00:29:33 [38;5;015m[INFO]: [0mThis is a info message from thread 1518-09-2026 00:29:33 [38;5;015m[INFO]: [0mThis is a info message from thread 418-09-2026 00:29:33 [38;5;009m[ERROR]: [0mThis is a error message from thread 2118-09-2026 00:29:33 [38;5;009m[ERROR]: [0mThis is a error message from thread 2418-09-2026 00:29:33 [38;5;117m[DEBUG]: [0mThis is a debug message from thread 918-09-2026 00:29:33 [38;5;117m[DEBUG]: [0mThis is a debug message from thread 518-09-2026 00:29:33 [38;5;009m[ERROR]: [0mThis is a error message from thread 2018-09-2026 00:29:33 [38;5;015m[INFO]: [0mThis is a info message from thread 618-09-2026 00:29:33 [38;5;117m[DEBUG]: [0mThis is a debug message from thread 2018-09-2026 00:29:33 [38;5;015m[INFO]: [0mThis is a info message from thread 518-09-2026 00:29:33 [38;5;117m[DEBUG]: [0mThis is a debug message from thread 2118-09-2026 00:29:33 [38;5;009m[ERROR]: [0mThis is a error message from thread 1418-09-2026 00:29:33 [38;5;009m[ERROR]: [0mThis is a error message from thread 418-09-2026 00:29:33 [38;5;015m[INFO]: [0mThis is a info message from thread 2118-09-2026 00:29:33 [38;5;009m[ERROR]: [0mThis is a error message from thread 1518-09-2026 00:29:33 [38;5;009m[ERROR]: [0mThis is a error message from thread 1018-09-2026 00:29:33 [38;5;015m[INFO]: [0mThis is a info message from thread 2018-09-2026 00:29:33 [38;5;117m[DEBUG]: [0mThis is a debug message from thread 1818-09-2026 00:29:33 [38;5;015m[INFO]: [0mThis is a info message from thread 918-09-2026 00:29:33 [38;5;015m[INFO]: [0mThis is a info message from thread 1818-09-2026 00:29:33 [38;5;009m[ERROR]: [0mThis is a error message from thread 518-09-2026 00:29:33 [38;5;009m[ERROR]: [0mThis is a error message from thread 2018-09-2026 00:29:33 [38;5;009m[ERROR]: [0mThis is a error message from thread 618-09-2026 00:29:33 [38;5;009m[ERROR]: [0mThis is a error message from thread 2118-09-2026 00:29:33 [38;5;009m[ERROR]: [0mThis is a error message from thread 1818-09-2026 00:29:33 [38;5;009m[ERROR]: [0mThis is a error message from thread 918-09-2026 00:29:33 [38;5;015m[INFO]: [0mThis is a info message from thread 1218-09-2026 00:29:33 [38;5;117m[DEBUG]: [0mThis is a debug message from thread 018-09-2026 00:29:33 [38;5;117m[DEBUG]: [0mThis is a debug message from thread 2118-09-2026 00:29:33 [38;5;117m[DEBUG]: [0mThis is a debug message from thread 1818-09-2026 00:29:33 [38;5;117m[DEBUG]: [0mThis is a debug message from thread 518-09-2026 00:29:33 [38;5;015m[INFO]: [0mThis is a info message from thread 2118-09-2026 00:29:33 [38;5;117m[DEBUG]: [0mThis is a debug message from thread 2218-09-2026 00:29:33 [38;5;117m[DEBUG]: [0mThis is a debug message from thread 418-09-2026 00:29:33 [38;5;015m[INFO]: [0mThis is a info message from thread 1818-09-2026 00:29:33 [38;5;009m[ERROR]: [0mThis is a error message from thread 818-09-2026 00:29:33 [38;5;015m[INFO]: [0mThis is a info message from thread 418-09-2026 00:29:33 [38;5;009m[ERROR]: [0mThis is a error message from thread 1118-09-2026 00:29:33 [38;5;117m[DEBUG]: [0mThis is a debug message from thread 218-09-2026 00:29:33 [38;5;117m[DEBUG]: [0mThis is a debug message from thread 2018-09-2026 00:29:33 [38;5;015m[INFO]: [0mThis is a info message from thread 2218-09-2026 00:29:33 [38;5;015m[INFO]: [0mThis is a info message from thread 018-09-2026 00:29:33 [38;5;009m[ERROR]: [0mThis is a error message from thread 018-09-2026 00:29:33 [38;5;009m[ERROR]: [0mThis is a error message from thread 2218-09-2026 00:29:33 [38;5;117m[DEBUG]: [0mThis is a debug message from thread 1118-09-2026 00:29:33 [38;5;015m[INFO]: [0mThis is a info message from thread 718-09-2026 00:29:33 [38;5;009m[ERROR]: [0mThis is a error message from thread 2818-09-2026 00:29:33 [38;5;015m[INFO]: [0mThis is a info message from thread 1118-09-2026 00:29:33 [38;5;117m[DEBUG]: [0mThis is a debug message from thread 818-09-2026 00:29:33 [38;5;015m[INFO]: [0mThis is a info message from thread 2518-09-2026 00:29:33 [38;5;009m[ERROR]: [0mThis is a error message from thread 718-09-2026 00:29:33 [38;5;117m[DEBUG]: [0mThis is a debug message from thread 2818-09-2026 00:29:33 [38;5;015m[INFO]: [0mThis is a info message from thread 818-09-2026 00:29:33 [38;5;015m[INFO]: [0mThis is a info message from thread 2018-09-2026 00:29:33 [38;5;117m[DEBUG]: [0mThis is a debug message from thread 618-09-2026 00:29:33 [38;5;015m[INFO]: [0mThis is a info message from thread 2818-09-2026 00:29:33 [38;5;009m[ERROR]: [0mThis is a error message from thread 1118-09-2026 00:29:33 [38;5;117m[DEBUG]: [0mThis is a debug message from thread 1118-09-2026 00:29:33 [38;5;015m[INFO]: [0mThis is a info message from thread 1118-09-2026 00:29:33 [38;5;015m[INFO]: [0mThis is a info message from thread 618-09-2026 00:29:33 [38;5;117m[DEBUG]: [0mThis is a debug message from thread 2218-09-2026 00:29:33 [38;5;009m[ERROR]: [0mThis is a error message from thread 418-09-2026 00:29:33 [38;5;117m[DEBUG]: [0mThis is a debug message from thread 418-09-2026 00:29:33 [38;5;009m[ERROR]: [0mThis is a error message from thread 2818-09-2026 00:29:33 [38;5;009m[ERROR]: [0mThis is a error message from thread 2018-09-2026 00:29:33 [38;5;015m[INFO]: [0mThis is a info message from thread 2618-09-2026 00:29:33 [38;5;117m[DEBUG]: [0mThis is a debug message from thread 2018-09-2026 00:29:33 [38;5;009m[ERROR]: [0mThis is a error message from thread 318-09-2026 00:29:33 [38;5;117m[DEBUG]: [0mThis is a debug message from thread 318-09-2026 00:29:33 [38;5;009m[ERROR]: [0mThis is a error message from thread 618-09-2026 00:29:33 [38;5;117m[DEBUG]: [0mThis is a debug message from thread 1518-09-2026 00:29:33 [38;5;015m[INFO]: [0mThis is a info message from thread 2218-09-2026 00:29:33 [38;5;117m[DEBUG]: [0mThis is a debug message from thread 2418-09-2026 00:29:33 [38;5;117m[DEBUG]: [0mThis is a debug message from thread 1018-09-2026 00:29:33 [38;5;015m[INFO]: [0mThis is a info message from thread 418-09-2026 00:29:33 [38;5;009m[ERROR]: [0mThis is a error message from thread 1118-09-2026 00:29:33 [38;5;015m[INFO]: [0mThis is a info message from thread 318-09-2026 00:29:33 [38;5;117m[DEBUG]: [0mThis is a debug message from thread 918-09-2026 00:29:33 [38;5;117m[DEBUG]: [0mThis is a debug message from thread 1418-09-2026 00:29:33 [38;5;015m[INFO]: [0mThis is a info message from thread 918-09-2026 00:29:33 [38;5;117m[DEBUG]: [0mThis is a debug message from thread 2818-09-2026 00:29:33 [38;5;009m[ERROR]: [0mThis is a error message from thread 918-09-2026 00:29:33 [38;5;015m[INFO]: [0mThis is a info message from thread 2818-09-2026 00:29:33 [38;5;009m[ERROR]: [0mThis is a error message from thread 2218-09-2026 00:29:33 [38;5;117m[DEBUG]: [0mThis is a debug message from thread 118-09-2026 00:29:33 [38;5;009m[ERROR]: [0mThis is a error message from thread 2318-09-2026 00:29:33 [38;5;015m[INFO]: [0mThis is a info message from thread 1418-09-2026 00:29:33 [38;5;015m[INFO]: [0mThis is a info message from thread 518-09-2026 00:29:33 [38;5;117m[DEBUG]: [0mThis is a debug message from thread 918-09-2026 00:29:33 [38;5;117m[DEBUG]: [0mThis is a debug message from thread 618-09-2026 00:29:33 [38;5;015m[INFO]: [0mThis is a info message from thread 218-09-2026 00:29:33 [38;5;009m[ERROR]: [0mThis is a error message from thread 2818-09-2026 00:29:33 [38;5;117m[DEBUG]: [0mThis is a debug message from thread 2318-09-2026 00:29:33 [38;5;117m[DEBUG]: [0mThis is a debug message from thread 2218-09-2026 00:29:33 [38;5;009m[ERROR]: [0mThis is a error message from thread 2518-09-2026 00:29:33 [38;5;117m[DEBUG]: [0mThis is a debug message from thread 718-09-2026 00:29:33 [38;5;009m[ERROR]: [0mThis is a error message from thread 318-09-2026 00:29:33 [38;5;009m[ERROR]: [0mThis is a error message from thread 218-09-2026 00:29:33 [38;5;015m[INFO]: [0mThis is a info message from thread 718-09-2026 00:29:33 [38;5;015m[INFO]: [0mThis is a info message from thread 118-09-2026 00:29:33 [38;5;009m[ERROR]: [0mThis is a error message from thread 2618-09-2026 00:29:33 [38;5;015m[INFO]: [0mThis is a info message from thread 618-09-2026 00:29:33 [38;5;117m[DEBUG]: [0mThis is a debug message from thread 2618-09-2026 00:29:33 [38;5;015m[INFO]: [0mThis is a info message from thread 2318-09-2026 00:29:33 [38;5;117m[DEBUG]: [0mThis is a debug message from thread 2518-09-2026 00:29:33 [38;5;117m[DEBUG]: [0mThis is a debug message from thread 218-09-2026 00:29:33 [38;5;009m[ERROR]: [0mThis is a error message from thread 2318-09-2026 00:29:33 [38;5;015m[INFO]: [0mThis is a info message from thread 218-09-2026 00:29:33 [38;5;015m[INFO]: [0mThis is a info message from thread 2518-09-2026 00:29:33 [38;5;009m[ERROR]: [0mThis is a error message from thread 218-09-2026 00:29:33 [38;5;015m[INFO]: [0mThis is a info message from thread 2618-09-2026 00:29:33 [38;5;117m[DEBUG]: [0mThis is a debug message from thread 1318-09-2026 00:29:33 [38;5;009m[ERROR]: [0mThis is a error message from thread 118-09-2026 00:29:33 [38;5;009m[ERROR]: [0mThis is a error message from thread 618-09-2026 00:29:33 [38;5;015m[INFO]: [0mThis is a info message from thread 1018-09-2026 00:29:33 [38;5;009m[ERROR]: [0mThis is a error message from thread 1218-09-2026 00:29:33 [38;5;009m[ERROR]: [0mThis is a error message from thread 718-09-2026 00:29:33 [38;5;015m[INFO]: [0mThis is a info message from thread 2418-09-2026 00:29:33 [38;5;117m[DEBUG]: [0mThis is a debug message from thread 118-09-2026 00:29:33 [38;5;117m[DEBUG]: [0mThis is a debug message from thread 718-09-2026 00:29:33 [38;5;015m[INFO]: [0mThis is a info message from thread 2918-09-2026 00:29:33 [38;5;009m[ERROR]: [0mThis is a error message from thread 1918-09-2026 00:29:33 [38;5;009m[ERROR]: [0mThis is a error message from thread 1418-09-2026 00:29:33 [38;5;015m[INFO]: [0mThis is a info message from thread 718-09-2026 00:29:33 [38;5;117m[DEBUG]: [0mThis is a debug message from thread 2818-09-2026 00:29:33 [38;5;117m[DEBUG]: [0mThis is a debug message from thread 018-09-2026 00:29:33 [38;5;015m[INFO]: [0mThis is a info message from thread 1518-09-2026 00:29:33 [38;5;009m[ERROR]: [0mThis is a error message from thread 818-09-2026 00:29:33 [38;5;009m[ERROR]: [0mThis is a error message from thread 2618-09-2026 00:29:33 [38;5;009m[ERROR]: [0mThis is a error message from thread 2418-09-2026 00:29:33 [38;5;117m[DEBUG]: [0mThis is a debug message from thread 618-09-2026 00:29:33 [38;5;117m[DEBUG]: [0mThis is a debug message from thread 1918-09-2026 00:29:33 [38;5;009m[ERROR]: [0mThis is a error message from thread 1818-09-2026 00:29:33 [38;5;009m[ERROR]: [0mThis is a error message from thread 718-09-2026 00:29:33 [38;5;015m[INFO]: [0mThis is a info message from thread 618-09-2026 00:29:33 [38;5;015m[INFO]: [0mThis is a info message from thread 018-09-2026 00:29:33 [38;5;117m[DEBUG]: [0mThis is a debug message from thread 2318-09-2026 00:29:33 [38;5;015m[INFO]: [0mThis is a info message from thread 2818-09-2026 00:29:33 [38;5;015m[INFO]: [0mThis is a info message from thread 2218-09-2026 00:29:33 [38;5;009m[ERROR]: [0mThis is a error message from thread 2818-09-2026 00:29:33 [38;5;117m[DEBUG]: [0mThis is a debug message from thread 818-09-2026 00:29:33 [38;5;117m[DEBUG]: [0mThis is a debug message from thread 2818-09-2026 00:29:33 [38;5;117m[DEBUG]: [0mThis is a debug message from thread 1418-09-2026 00:29:33 [38;5;009m[ERROR]: [0mThis is a error message from thread 1518-09-2026 00:29:33 [38;5;117m[DEBUG]: [0mThis is a debug message from thread 2618-09-2026 00:29:33 [38;5;117m[DEBUG]: [0mThis is a debug message from thread 318-09-2026 00:29:33 [38;5;015m[INFO]: [0mThis is a info message from thread 2818-09-2026 00:29:33 [38;5;015m[INFO]: [0mThis is a info message from thread 1418-09-2026 00:29:33 [38;5;015m[INFO]: [0mThis is a info message from thread 2618-09-2026 00:29:33 [38;5;009m[ERROR]: [0mThis is a error message from thread 1418-09-2026 00:29:33 [38;5;015m[INFO]: [0mThis is a info message from thread 2318-09-2026 00:29:33 [38;5;009m[ERROR]: [0mThis is a error message from thread 2318-09-2026 00:29:33 [38;5;117m[DEBUG]: [0mThis is a debug message from thread 2318-09-2026 00:29:33 [38;5;009m[ERROR]: [0mThis is a error message from thread 2618-09-2026 00:29:33 [38;5;015m[INFO]: [0mThis is a info message from thread 2318-09-2026 00:29:33 [38;5;117m[DEBUG]: [0mThis is a debug message from thread 2618-09-2026 00:29:33 [38;5;009m[ERROR]: [0mThis is a error message from thread 518-09-2026 00:29:33 [38;5;009m[ERROR]: [0mThis is a error message from thread 018-09-2026 00:29:33 [38;5;009m[ERROR]: [0mThis is a error message from thread 2218-09-2026 00:29:33 [38;5;117m[DEBUG]: [0mThis is a debug message from thread 518-09-2026 00:29:33 [38;5;015m[INFO]: [0mThis is a info message from thread 2618-09-2026 00:29:33 [38;5;009m[ERROR]: [0mThis is a error message from thread 2818-09-2026 00:29:33 [38;5;117m[DEBUG]: [0mThis is a debug message from thread 1518-09-2026 00:29:33 [38;5;117m[DEBUG]: [0mThis is a debug message from thread 1418-09-2026 00:29:33 [38;5;009m[ERROR]: [0mThis is a error message from thread 2618-09-2026 00:29:33 [38;5;117m[DEBUG]: [0mThis is a debug message from thread 018-09-2026 00:29:33 [38;5;015m[INFO]: [0mThis is a info message from thread 1418-09-2026 00:29:33 [38;5;015m[INFO]: [0mThis is a info message from thread 2018-09-2026 00:29:33 [38;5;009m[ERROR]: [0mThis is a error message from thread 2018-09-2026 00:29:33 [38;5;117m[DEBUG]: [0mThis is a debug message from thread 2818-09-2026 00:29:33 [38;5;009m[ERROR]: [0mThis is a error message from thread 2318-09-2026 00:29:33 [38;5;015m[INFO]: [0mThis is a info message from thread 1318-09-2026 00:29:33 [38;5;009m[ERROR]: [0mThis is a error message from thread 2718-09-2026 00:29:33 [38;5;009m[ERROR]: [0mThis is a error message from thread 2918-09-2026 00:29:33 [38;5;117m[DEBUG]: [0mThis is a debug message from thread 1818-09-2026 00:29:33 [38;5;009m[ERROR]: [0mThis is a error message from thread 618-09-2026 00:29:33 [38;5;117m[DEBUG]: [0mThis is a debug message from thread 2718-09-2026 00:29:33 [38;5;015m[INFO]: [0mThis is a info message from thread 2818-09-2026 00:29:33 [38;5;015m[INFO]: [0mThis is a info message from thread 318-09-2026 00:29:33 [38;5;009m[ERROR]: [0mThis is a error message from thread 2818-09-2026 00:29:33 [38;5;015m[INFO]: [0mThis is a info message from thread 518-09-2026 00:29:33 [38;5;117m[DEBUG]: [0mThis is a debug message from thread 2318-09-2026 00:29:33 [38;5;009m[ERROR]: [0mThis is a error message from thread 1318-09-2026 00:29:33 [38;5;015m[INFO]: [0mThis is a info message from thread 2718-09-2026 00:29:33 [38;5;117m[DEBUG]: [0mThis is a debug message from thread 2018-09-2026 00:29:33 [38;5;117m[DEBUG]: [0mThis is a debug message from thread 618-09-2026 00:29:33 [38;5;015m[INFO]: [0mThis is a info message from thread 618-09-2026 00:29:33 [38;5;009m[ERROR]: [0mThis is a error message from thread 2718-09-2026 00:29:33 [38;5;015m[INFO]: [0mThis is a info message from thread 2018-09-2026 00:29:33 [38;5;009m[ERROR]: [0mThis is a error message from thread 418-09-2026 00:29:33 [38;5;117m[DEBUG]: [0mThis is a debug message from thread 718-09-2026 00:29:33 [38;5;117m[DEBUG]: [0mThis is a debug message from thread 2718-09-2026 00:29:33 [38;5;117m[DEBUG]: [0mThis is a debug message from thread 1118-09-2026 00:29:33 [38;5;117m[DEBUG]: [0mThis is a debug message from thread 2418-09-2026 00:29:33 [38;5;117m[DEBUG]: [0mThis is a debug message from thread 2218-09-2026 00:29:33 [38;5;117m[DEBUG]: [0mThis is a debug message from thread 2818-09-2026 00:29:33 [38;5;015m[INFO]: [0mThis is a info message from thread 2418-09-2026 00:29:33 [38;5;009m[ERROR]: [0mThis is a error message from thread 2018-09-2026 00:29:33 [38;5;009m[ERROR]: [0mThis is a error message from thread 518-09-2026 00:29:33 [38;5;015m[INFO]: [0mThis is a info message from thread 1118-09-2026 00:29:33 [38;5;009m[ERROR]: [0mThis is a error message from thread 618-09-2026 00:29:33 [38;5;009m[ERROR]: [0mThis is a error message from thread 2518-09-2026 00:29:33 [38;5;015m[INFO]: [0mThis is a info message from thread 2818-09-2026 00:29:33 [38;5;117m[DEBUG]: [0mThis is a debug message from thread 518-09-2026 00:29:33 [38;5;009m[ERROR]: [0mThis is a error message from thread 2418-09-2026 00:29:33 [38;5;117m[DEBUG]: [0mThis is a debug message from thread 2018-09-2026 00:29:33 [38;5;015m[INFO]: [0mThis is a info message from thread 918-09-2026 00:29:33 [38;5;117m[DEBUG]: [0mThis is a debug message from thread 418-09-2026 00:29:33 [38;5;009m[ERROR]: [0mThis is a error message from thread 2818-09-2026 00:29:33 [38;5;015m[INFO]: [0mThis is a info message from thread 118-09-2026 00:29:33 [38;5;117m[DEBUG]: [0mThis is a debug message from thread 2518-09-2026 00:29:33 [38;5;015m[INFO]: [0mThis is a info message from thread 518-09-2026 00:29:33 [38;5;015m[INFO]: [0mThis is a info message from thread 2018-09-2026 00:29:33 [38;5;015m[INFO]: [0mThis is a info message from thread 2318-09-2026 00:29:33 [38;5;009m[ERROR]: [0mThis is a error message from thread 1418-09-2026 00:29:33 [38;5;117m[DEBUG]: [0mThis is a debug message from thread 618-09-2026 00:29:33 [38;5;015m[INFO]: [0mThis is a info message from thread 1518-09-2026 00:29:33 [38;5;009m[ERROR]: [0mThis is a error message from thread 518-09-2026 00:29:33 [38;5;117m[DEBUG]: [0mThis is a debug message from thread 2418-09-2026 00:29:33 [38;5;009m[ERROR]: [0mThis is a error message from thread 118-09-2026 00:29:33 [38;5;009m[ERROR]: [0mThis is a error message from thread 318-09-2026 00:29:33 [38;5;117m[DEBUG]: [0mThis is a debug message from thread 1618-09-2026 00:29:33 [38;5;015m[INFO]: [0mThis is a info message from thread 2718-09-2026 00:29:33 [38;5;015m[INFO]: [0mThis is a info message from thread 018-09-2026 00:29:33 [38;5;117m[DEBUG]: [0mThis is a debug message from thread 1318-09-2026 00:29:33 [38;5;117m[DEBUG]: [0mThis is a debug message from thread 118-09-2026 00:29:33 [38;5;117m[DEBUG]: [0mThis is a debug message from thread 2918-09-2026 00:29:33 [38;5;015m[INFO]: [0mThis is a info message from thread 618-09-2026 00:29:33 [38;5;015m[INFO]: [0mThis is a info message from thread 1918-09-2026 00:29:33 [38;5;009m[ERROR]: [0mThis is a error message from thread 018-09-2026 00:29:33 [38;5;009m[ERROR]: [0mThis is a error message from thread 1018-09-2026 00:29:33 [38;5;009m[ERROR]: [0mThis is a error message from thread 2118-09-2026 00:29:33 [38;5;009m[ERROR]: [0mThis is a error message from thread 1918-09-2026 00:29:33 [38;5;009m[ERROR]: [0mThis is a error message from thread 618-09-2026 00:29:33 [38;5;015m[INFO]: [0mThis is a info message from thread 818-09-2026 00:29:33 [38;5;117m[DEBUG]: [0mThis is a debug message from thread 1418-09-2026 00:29:33 [38;5;117m[DEBUG]: [0mThis is a debug message from thread 1018-09-2026 00:29:33 [38;5;015m[INFO]: [0mThis is a info message from thread 2918-09-2026 00:29:33 [38;5;009m[ERROR]: [0mThis is a error message from thread 2318-09-2026 00:29:33 [38;5;117m[DEBUG]: [0mThis is a debug message from thread 1918-09-2026 00:29:33 [38;5;015m[INFO]: [0mThis is a info message from thread 1318-09-2026 00:29:33 [38;5;117m[DEBUG]: [0mThis is a debug message from thread 318-09-2026 00:29:33 [38;5;015m[INFO]: [0mThis is a info message from thread 1018-09-2026 00:29:33 [38;5;117m[DEBUG]: [0mThis is a debug message from thread 2618-09-2026 00:29:33 [38;5;015m[INFO]: [0mThis is a info message from thread 1818-09-2026 00:29:33 [38;5;009m[ERROR]: [0mThis is a error message from thread 1518-09-2026 00:29:33 [38;5;015m[INFO]: [0mThis is a info message from thread 718-09-2026 00:29:33 [38;5;009m[ERROR]: [0mThis is a error message from thread 818-09-2026 00:29:33 [38;5;009m[ERROR]: [0mThis is a error message from thread 1118-09-2026 00:29:33 [38;5;015m[INFO]: [0mThis is a info message from thread 318-09-2026 00:29:33 [38;5;117m[DEBUG]: [0mThis is a debug message from thread 618-09-2026 00:29:33 [38;5;009m[ERROR]: [0mThis is a error message from thread 918-09-2026 00:29:33 [38;5;117m[DEBUG]: [0mThis is a debug message from thread 218-09-2026 00:29:33 [38;5;117m[DEBUG]: [0mThis is a debug message from thread 1118-09-2026 00:29:33 [38;5;015m[INFO]: [0mThis is a info message from thread 418-09-2026 00:29:33 [38;5;015m[INFO]: [0mThis is a info message from thread 1118-09-2026 00:29:33 [38;5;009m[ERROR]: [0mThis is a error message from thread 2718-09-2026 00:29:33 [38;5;009m[ERROR]: [0mThis is a error message from thread 318-09-2026 00:29:33 [38;5;009m[ERROR]: [0mThis is a error message from thread 1118-09-2026 00:29:33 [38;5;009m[ERROR]: [0mThis is a error message from thread 1318-09-2026 00:29:33 [38;5;117m[DEBUG]: [0mThis is a debug message from thread 2718-09-2026 00:29:33 [38;5;015m[INFO]: [0mThis is a info message from thread 2518-09-2026 00:29:33 [38;5;015m[INFO]: [0mThis is a info message from thread 2418-09-2026 00:29:33 [38;5;015m[INFO]: [0mThis is a info message from thread 2718-09-2026 00:29:33 [38;5;009m[ERROR]: [0mThis is a error message from thread 2418-09-2026 00:29:33 [38;5;117m[DEBUG]: [0mThis is a debug message from thread 318-09-2026 00:29:33 [38;5;117m[DEBUG]: [0mThis is a debug message from thread 2118-09-2026 00:29:33 [38;5;117m[DEBUG]: [0mThis is a debug message from thread 2418-09-2026 00:29:33 [38;5;015m[INFO]: [0mThis is a info message from thread 318-09-2026 00:29:33 [38;5;015m[INFO]: [0mThis is a info message from thread 2618-09-2026 00:29:33 [38;5;015m[INFO]: [0mThis is a info message from thread 2218-09-2026 00:29:33 [38;5;015m[INFO]: [0mThis is a info message from thread 1918-09-2026 00:29:33 [38;5;015m[INFO]: [0mThis is a info message from thread 2418-09-2026 00:29:33 [38;5;009m[ERROR]: [0mThis is a error message from thread 2218-09-2026 00:29:33 [38;5;009m[ERROR]: [0mThis is a error message from thread 1718-09-2026 00:29:33 [38;5;009m[ERROR]: [0mThis is a error message from thread 318-09-2026 00:29:33 [38;5;009m[ERROR]: [0mThis is a error message from thread 1818-09-2026 00:29:33 [38;5;117m[DEBUG]: [0mThis is a debug message from thread 2218-09-2026 00:29:33 [38;5;009m[ERROR]: [0mThis is a error message from thread 2618-09-2026 00:29:33 [38;5;117m[DEBUG]: [0mThis is a debug message from thread 1218-09-2026 00:29:33 [38;5;015m[INFO]: [0mThis is a info message from thread 1418-09-2026 00:29:33 [38;5;015m[INFO]: [0mThis is a info message from thread 118-09-2026 00:29:33 [38;5;015m[INFO]: [0mThis is a info message from thread 2218-09-2026 00:29:33 [38;5;015m[INFO]: [0mThis is a info message from thread 2118-09-2026 00:29:33 [38;5;009m[ERROR]: [0mThis is a error message from thread 1418-09-2026 00:29:33 [38;5;015m[INFO]: [0mThis is a info message from thread 1618-09-2026 00:29:33 [38;5;015m[INFO]: [0mThis is a info message from thread 1218-09-2026 00:29:33 [38;5;009m[ERROR]: [0mThis is a error message from thread 1618-09-2026 00:29:33 [38;5;009m[ERROR]: [0mThis is a error message from thread 2118-09-2026 00:29:33 [38;5;117m[DEBUG]: [0mThis is a debug message from thread 1418-09-2026 00:29:33 [38;5;009m[ERROR]: [0mThis is a error message from thread 118-09-2026 00:29:33 [38;5;009m[ERROR]: [0mThis is a error message from thread 2218-09-2026 00:29:33 [38;5;009m[ERROR]: [0mThis is a error message from thread 1018-09-2026 00:29:33 [38;5;117m[DEBUG]: [0mThis is a debug message from thread 2218-09-2026 00:29:33 [38;5;117m[DEBUG]: [0mThis is a debug message from thread 118-09-2026 00:29:33 [38;5;117m[DEBUG]: [0mThis is a debug message from thread 318-09-2026 00:29:33 [38;5;015m[INFO]: [0mThis is a info message from thread 1418-09-2026 00:29:33 [38;5;009m[ERROR]: [0mThis is a error message from thread 1918-09-2026 00:29:33 [38;5;009m[ERROR]: [0mThis is a error message from thread 1218-09-2026 00:29:33 [38;5;009m[ERROR]: [0mThis is a error message from thread 718-09-2026 00:29:33 [38;5;117m[DEBUG]: [0mThis is a debug message from thread 1618-09-2026 00:29:33 [38;5;117m[DEBUG]: [0mThis is a debug message from thread 1318-09-2026 00:29:33 [38;5;117m[DEBUG]: [0mThis is a debug message from thread 2118-09-2026 00:29:33 [38;5;117m[DEBUG]: [0mThis is a debug message from thread 718-09-2026 00:29:33 [38;5;015m[INFO]: [0mThis is a info message from thread 118-09-2026 00:29:33 [38;5;015m[INFO]: [0mThis is a info message from thread 718-09-2026 00:29:33 [38;5;015m[INFO]: [0mThis is a info message from thread 218-09-2026 00:29:33 [38;5;009m[ERROR]: [0mThis is a error message from thread 718-09-2026 00:29:33 [38;5;009m[ERROR]: [0mThis is a error message from thread 218-09-2026 00:29:33 [38;5;117m[DEBUG]: [0mThis is a debug message from thread 718-09-2026 00:29:33 [38;5;009m[ERROR]: [0mThis is a error message from thread 2718-09-2026 00:29:33 [38;5;015m[INFO]: [0mThis is a info message from thread 2118-09-2026 00:29:33 [38;5;009m[ERROR]: [0mThis is a error message from thread 118-09-2026 00:29:33 [38;5;117m[DEBUG]: [0mThis is a debug message from thread 218-09-2026 00:29:33 [38;5;009m[ERROR]: [0mThis is a error message from thread 1418-09-2026 00:29:33 [38;5;015m[INFO]: [0mThis is a info message from thread 718-09-2026 00:29:33 [38;5;009m[ERROR]: [0mThis is a error message from thread 718-09-2026 00:29:33 [38;5;117m[DEBUG]: [0mThis is a debug message from thread 518-09-2026 00:29:33 [38;5;009m[ERROR]: [0mThis is a error message from thread 2918-09-2026 00:29:33 [38;5;117m[DEBUG]: [0mThis is a debug message from thread 718-09-2026 00:29:33 [38;5;117m[DEBUG]: [0mThis is a debug message from thread 818-09-2026 00:29:33 [38;5;015m[INFO]: [0mThis is a info message from thread 2218-09-2026 00:29:33 [38;5;015m[INFO]: [0mThis is a info message from thread 718-09-2026 00:29:33 [38;5;009m[ERROR]: [0mThis is a error message from thread 2218-09-2026 00:29:33 [38;5;015m[INFO]: [0mThis is a info message from thread 818-09-2026 00:29:33 [38;5;117m[DEBUG]: [0mThis is a debug message from thread 2618-09-2026 00:29:33 [38;5;117m[DEBUG]: [0mThis is a debug message from thread 2918-09-2026 00:29:33 [38;5;009m[ERROR]: [0mThis is a error message from thread 2418-09-2026 00:29:33 [38;5;117m[DEBUG]: [0mThis is a debug message from thread 018-09-2026 00:29:33 [38;5;117m[DEBUG]: [0mThis is a debug message from thread 918-09-2026 00:29:33 [38;5;117m[DEBUG]: [0mThis is a debug message from thread 1818-09-2026 00:29:33 [38;5;117m[DEBUG]: [0mThis is a debug message from thread 1718-09-2026 00:29:33 [38;5;015m[INFO]: [0mThis is a info message from thread 2618-09-2026 00:29:33 [38;5;015m[INFO]: [0mThis is a info message from thread 618-09-2026 00:29:33 [38;5;117m[DEBUG]: [0mThis is a debug message from thread 2218-09-2026 00:29:33 [38;5;117m[DEBUG]: [0mThis is a debug message from thread 2718-09-2026 00:29:33 [38;5;009m[ERROR]: [0mThis is a error message from thread 818-09-2026 00:29:33 [38;5;015m[INFO]: [0mThis is a info message from thread 218-09-2026 00:29:33 [38;5;117m[DEBUG]: [0mThis is a debug message from thread 818-09-2026 00:29:33 [38;5;015m[INFO]: [0mThis is a info message from thread 2918-09-2026 00:29:33 [38;5;015m[INFO]: [0mThis is a info message from thread 2218-09-2026 00:29:33 [38;5;117m[DEBUG]: [0mThis is a debug message from thread 2418-09-2026 00:29:33 [38;5;015m[INFO]: [0mThis is a info message from thread 318-09-2026 00:29:33 [38;5;015m[INFO]: [0mThis is a info message from thread 1818-09-2026 00:29:33 [38;5;009m[ERROR]: [0mThis is a error message from thread 1818-09-2026 00:29:33 [38;5;015m[INFO]: [0mThis is a info message from thread 2718-09-2026 00:29:33 [38;5;117m[DEBUG]: [0mThis is a debug message from thread 1918-09-2026 00:29:33 [38;5;015m[INFO]: [0mThis is a info message from thread 1318-09-2026 00:29:33 [38;5;009m[ERROR]: [0mThis is a error message from thread 618-09-2026 00:29:33 [38;5;015m[INFO]: [0mThis is a info message from thread 918-09-2026 00:29:33 [38;5;009m[ERROR]: [0mThis is a error message from thread 218-09-2026 00:29:33 [38;5;117m[DEBUG]: [0mThis is a debug message from thread 1518-09-2026 00:29:33 [38;5;009m[ERROR]: [0mThis is a error message from thread 2718-09-2026 00:29:33 [38;5;009m[ERROR]: [0mThis is a error message from thread 418-09-2026 00:29:33 [38;5;009m[ERROR]: [0mThis is a error message from thread 718-09-2026 00:29:33 [38;5;009m[ERROR]: [0mThis is a error message from thread 2618-09-2026 00:29:33 [38;5;015m[INFO]: [0mThis is a info message from thread 2418-09-2026 00:29:33 [38;5;015m[INFO]: [0mThis is a info message from thread 018-09-2026 00:29:33 [38;5;015m[INFO]: [0mThis is a info message from thread 1718-09-2026 00:29:33 [38;5;015m[INFO]: [0mThis is a info message from thread 1518-09-2026 00:29:33 [38;5;117m[DEBUG]: [0mThis is a debug message from thread 1118-09-2026 00:29:33 [38;5;015m[INFO]: [0mThis is a info message from thread 818-09-2026 00:29:33 [38;5;009m[ERROR]: [0mThis is a error message from thread 918-09-2026 00:29:33 [38;5;009m[ERROR]: [0mThis is a error message from thread 318-09-2026 00:29:33 [38;5;009m[ERROR]: [0mThis is a error message from thread 2418-09-2026 00:29:33 [38;5;117m[DEBUG]: [0mThis is a debug message from thread 2318-09-2026 00:29:33 [38;5;117m[DEBUG]: [0mThis is a debug message from thread 418-09-2026 00:29:33 [38;5;117m[DEBUG]: [0mThis is a debug message from thread 218-09-2026 00:29:33 [38;5;117m[DEBUG]: [0mThis is a debug message from thread 1218-09-2026 00:29:33 [38;5;015m[INFO]: [0mThis is a info message from thread 418-09-2026 00:29:33 [38;5;117m[DEBUG]: [0mThis is a debug message from thread 1018-09-2026 00:29:33 [38;5;015m[INFO]: [0mThis is a info message from thread 1118-09-2026 00:29:33 [38;5;009m[ERROR]: [0mThis is a error message from thread 1518-09-2026 00:29:33 [38;5;015m[INFO]: [0mThis is a info message from thread 1618-09-2026 00:29:33 [38;5;009m[ERROR]: [0mThis is a error message from thread 1618-09-2026 00:29:33 [38;5;117m[DEBUG]: [0mThis is a debug message from thread 2418-09-2026 00:29:33 [38;5;015m[INFO]: [0mThis is a info message from thread 1218-09-2026 00:29:33 [38;5;009m[ERROR]: [0mThis is a error message from thread 1118-09-2026 00:29:33 [38;5;117m[DEBUG]: [0mThis is a debug message from thread 2618-09-2026 00:29:33 [38;5;009m[ERROR]: [0mThis is a error message from thread 2118-09-2026 00:29:33 [38;5;117m[DEBUG]: [0mThis is a debug message from thread 1418-09-2026 00:29:33 [38;5;015m[INFO]: [0mThis is a info message from thread 1418-09-2026 00:29:33 [38;5;015m[INFO]: [0mThis is a info message from thread 2318-09-2026 00:29:33 [38;5;117m[DEBUG]: [0mThis is a debug message from thread 1618-09-2026 00:29:33 [38;5;009m[ERROR]: [0mThis is a error message from thread 1218-09-2026 00:29:33 [38;5;009m[ERROR]: [0mThis is a error message from thread 1418-09-2026 00:29:33 [38;5;009m[ERROR]: [0mThis is a error message from thread 2518-09-2026 00:29:33 [38;5;117m[DEBUG]: [0mThis is a debug message from thread 1418-09-2026 00:29:33 [38;5;009m[ERROR]: [0mThis is a error message from thread 418-09-2026 00:29:33 [38;5;117m[DEBUG]: [0mThis is a debug message from thread 318-09-2026 00:29:33 [38;5;015m[INFO]: [0mThis is a info message from thread 518-09-2026 00:29:33 [38;5;009m[ERROR]: [0mThis is a error message from thread 2018-09-2026 00:29:33 [38;5;117m[DEBUG]: [0mThis is a debug message from thread 1818-09-2026 00:29:33 [38;5;117m[DEBUG]: [0mThis is a debug message from thread 2018-09-2026 00:29:33 [38;5;015m[INFO]: [0mThis is a info message from thread 1418-09-2026 00:29:33 [38;5;015m[INFO]: [0mThis is a info message from thread 2618-09-2026 00:29:33 [38;5;009m[ERROR]: [0mThis is a error message from thread 518-09-2026 00:29:33 [38;5;117m[DEBUG]: [0mThis is a debug message from thread 418-09-2026 00:29:33 [38;5;117m[DEBUG]: [0mThis is a debug message from thread 1518-09-2026 00:29:33 [38;5;009m[ERROR]: [0mThis is a error message from thread 1318-09-2026 00:29:33 [38;5;009m[ERROR]: [0mThis is a error message from thread 018-09-2026 00:29:33 [38;5;015m[INFO]: [0mThis is a info message from thread 1918-09-2026 00:29:33 [38;5;015m[INFO]: [0mThis is a info message from thread 218-09-2026 00:29:33 [38;5;117m[DEBUG]: [0mThis is a debug message from thread 918-09-2026 00:29:33 [38;5;015m[INFO]: [0mThis is a info message from thread 318-09-2026 00:29:33 [38;5;009m[ERROR]: [0mThis is a error message from thread 818-09-2026 00:29:33 [38;5;015m[INFO]: [0mThis is a info message from thread 1618-09-2026 00:29:33 [38;5;009m[ERROR]: [0mThis is a error message from thread 2618-09-2026 00:29:33 [38;5;015m[INFO]: [0mThis is a info message from thread 2418-09-2026 00:29:33 [38;5;117m[DEBUG]: [0mThis is a debug message from thread 818-09-2026 00:29:33 [38;5;117m[DEBUG]: [0mThis is a debug message from thread 518-09-2026 00:29:33 [38;5;015m[INFO]: [0mThis is a info message from thread 1018-09-2026 00:29:33 [38;5;117m[DEBUG]: [0mThis is a debug message from thread 2518-09-2026 00:29:33 [38;5;117m[DEBUG]: [0mThis is a debug message from thread 1218-09-2026 00:29:33 [38;5;015m[INFO]: [0mThis is a info message from thread 2018-09-2026 00:29:33 [38;5;015m[INFO]: [0mThis is a info message from thread 1818-09-2026 00:29:33 [38;5;009m[ERROR]: [0mThis is a error message from thread 2318-09-2026 00:29:33 [38;5;009m[ERROR]: [0mThis is a error message from thread 2418-09-2026 00:29:33 [38;5;117m[DEBUG]: [0mThis is a debug message from thread 2418-09-2026 00:29:33 [38;5;009m[ERROR]: [0mThis is a error message from thread 1618-09-2026 00:29:33 [38;5;015m[INFO]: [0mThis is a info message from thread 418-09-2026 00:29:33 [38;5;117m[DEBUG]: [0mThis is a debug message from thread 1118-09-2026 00:29:33 [38;5;009m[ERROR]: [0mThis is a error message from thread 1018-09-2026 00:29:33 [38;5;117m[DEBUG]: [0mThis is a debug message from thread 2118-09-2026 00:29:33 [38;5;117m[DEBUG]: [0mThis is a debug message from thread 1618-09-2026 00:29:33 [38;5;009m[ERROR]: [0mThis is a error message from thread 418-09-2026 00:29:33 [38;5;015m[INFO]: [0mThis is a info message from thread 2118-09-2026 00:29:33 [38;5;015m[INFO]: [0mThis is a info message from thread 2418-09-2026 00:29:33 [38;5;117m[DEBUG]: [0mThis is a debug message from thread 418-09-2026 00:29:33 [38;5;009m[ERROR]: [0mThis is a error message from thread 2118-09-2026 00:29:33 [38;5;009m[ERROR]: [0mThis is a error message from thread 2418-09-2026 00:29:33 [38;5;015m[INFO]: [0mThis is a info message from thread 418-09-2026 00:29:33 [38;5;117m[DEBUG]: [0mThis is a debug message from thread 2118-09-2026 00:29:33 [38;5;009m[ERROR]: [0mThis is a error message from thread 418-09-2026 00:29:33 [38;5;015m[INFO]: [0mThis is a info message from thread 2118-09-2026 00:29:33 [38;5;117m[DEBUG]: [0mThis is a debug message from thread 2418-09-2026 00:29:33 [38;5;117m[DEBUG]: [0mThis is a debug message from thread 418-09-2026 00:29:33 [38;5;015m[INFO]: [0mThis is a info message from thread 2418-09-2026 00:29:33 [38;5;009m[ERROR]: [0mThis is a error message from thread 2118-09-2026 00:29:33 [38;5;015m[INFO]: [0mThis is a info message from thread 418-09-2026 00:29:33 [38;5;009m[ERROR]: [0mThis is a error message from thread 2418-09-2026 00:29:33 [38;5;117m[DEBUG]: [0mThis is a debug message from thread 2118-09-2026 00:29:33 [38;5;117m[DEBUG]: [0mThis is a debug message from thread 2318-09-2026 00:29:33 [38;5;015m[INFO]: [0mThis is a info message from thread 2118-09-2026 00:29:33 [38;5;009m[ERROR]: [0mThis is a error message from thread 418-09-2026 00:29:33 [38;5;015m[INFO]: [0mThis is a info message from thread 2318-09-2026 00:29:33 [38;5;009m[ERROR]: [0mThis is a error message from thread 2118-09-2026 00:29:33 [38;5;117m[DEBUG]: [0mThis is a debug message from thread 618-09-2026 00:29:33 [38;5;009m[ERROR]: [0mThis is a error message from thread 1418-09-2026 00:29:33 [38;5;117m[DEBUG]: [0mThis is a debug message from thread 2118-09-2026 00:29:33 [38;5;015m[INFO]: [0mThis is a info message from thread 618-09-2026 00:29:33 [38;5;117m[DEBUG]: [0mThis is a debug message from thread 2418-09-2026 00:29:33 [38;5;015m[INFO]: [0mThis is a info message from thread 2118-09-2026 00:29:33 [38;5;009m[ERROR]: [0mThis is a error message from thread 618-09-2026 00:29:33 [38;5;015m[INFO]: [0mThis is a info message from thread 818-09-2026 00:29:33 [38;5;015m[INFO]: [0mThis is a info message from thread 1618-09-2026 00:29:33 [38;5;009m[ERROR]: [0mThis is a error message from thread 1618-09-2026 00:29:33 [38;5;117m[DEBUG]: [0mThis is a debug message from thread 618-09-2026 00:29:33 [38;5;117m[DEBUG]: [0mThis is a debug message from thread 1618-09-2026 00:29:33 [38;5;009m[ERROR]: [0mThis is a error message from thread 2118-09-2026 00:29:33 [38;5;009m[ERROR]: [0mThis is a error message from thread 318-09-2026 00:29:33 [38;5;009m[ERROR]: [0mThis is a error message from thread 818-09-2026 00:29:33 [38;5;009m[ERROR]: [0mThis is a error message from thread 1918-09-2026 00:29:33 [38;5;117m[DEBUG]: [0mThis is a debug message from thread 2118-09-2026 00:29:33 [38;5;117m[DEBUG]: [0mThis is a debug message from thread 318-09-2026 00:29:33 [38;5;015m[INFO]: [0mThis is a info message from thread 618-09-2026 00:29:33 [38;5;015m[INFO]: [0mThis is a info message from thread 1218-09-2026 00:29:33 [38;5;015m[INFO]: [0mThis is a info message from thread 1618-09-2026 00:29:33 [38;5;117m[DEBUG]: [0mThis is a debug message from thread 1918-09-2026 00:29:33 [38;5;117m[DEBUG]: [0mThis is a debug message from thread 818-09-2026 00:29:33 [38;5;009m[ERROR]: [0mThis is a error message from thread 1818-09-2026 00:29:33 [38;5;009m[ERROR]: [0mThis is a error message from thread 618-09-2026 00:29:33 [38;5;117m[DEBUG]: [0mThis is a debug message from thread 2618-09-2026 00:29:33 [38;5;117m[DEBUG]: [0mThis is a debug message from thread 2718-09-2026 00:29:33 [38;5;015m[INFO]: [0mThis is a info message from thread 2118-09-2026 00:29:33 [38;5;015m[INFO]: [0mThis is a info message from thread 1918-09-2026 00:29:33 [38;5;015m[INFO]: [0mThis is a info message from thread 318-09-2026 00:29:33 [38;5;015m[INFO]: [0mThis is a info message from thread 2718-09-2026 00:29:33 [38;5;009m[ERROR]: [0mThis is a error message from thread 2118-09-2026 00:29:33 [38;5;009m[ERROR]: [0mThis is a error message from thread 318-09-2026 00:29:33 [38;5;009m[ERROR]: [0mThis is a error message from thread 2718-09-2026 00:29:33 [38;5;117m[DEBUG]: [0mThis is a debug message from thread 2118-09-2026 00:29:33 [38;5;117m[DEBUG]: [0mThis is a debug message from thread 318-09-2026 00:29:33 [38;5;117m[DEBUG]: [0mThis is a debug message from thread 2718-09-2026 00:29:33 [38;5;009m[ERROR]: [0mThis is a error message from thread 2018-09-2026 00:29:33 [38;5;015m[INFO]: [0mThis is a info message from thread 318-09-2026 00:29:33 [38;5;015m[INFO]: [0mThis is a info message from thread 2718-09-2026 00:29:33 [38;5;117m[DEBUG]: [0mThis is a debug message from thread 2018-09-2026 00:29:33 [38;5;009m[ERROR]: [0mThis is a error message from thread 318-09-2026 00:29:33 [38;5;015m[INFO]: [0mThis is a info message from thread 2018-09-2026 00:29:33 [38;5;009m[ERROR]: [0mThis is a error message from thread 2718-09-2026 00:29:33 [38;5;015m[INFO]: [0mThis is a info message from thread 2518-09-2026 00:29:33 [38;5;009m[ERROR]: [0mThis is a error message from thread 2018-09-2026 00:29:33 [38;5;117m[DEBUG]: [0mThis is a debug message from thread 2818-09-2026 00:29:33 [38;5;117m[DEBUG]: [0mThis is a debug message from thread 118-09-2026 00:29:33 [38;5;009m[ERROR]: [0mThis is a error message from thread 2918-09-2026 00:29:33 [38;5;117m[DEBUG]: [0mThis is a debug message from thread 418-09-2026 00:29:33 [38;5;015m[INFO]: [0mThis is a info message from thread 518-09-2026 00:29:33 [38;5;117m[DEBUG]: [0mThis is a debug message from thread 2918-09-2026 00:29:33 [38;5;009m[ERROR]: [0mThis is a error message from thread 1718-09-2026 00:29:33 [38;5;015m[INFO]: [0mThis is a info message from thread 2818-09-2026 00:29:33 [38;5;117m[DEBUG]: [0mThis is a debug message from thread 2718-09-2026 00:29:33 [38;5;015m[INFO]: [0mThis is a info message from thread 118-09-2026 00:29:33 [38;5;009m[ERROR]: [0mThis is a error message from thread 2318-09-2026 00:29:33 [38;5;015m[INFO]: [0mThis is a info message from thread 2618-09-2026 00:29:33 [38;5;009m[ERROR]: [0mThis is a error message from thread 518-09-2026 00:29:33 [38;5;117m[DEBUG]: [0mThis is a debug message from thread 1718-09-2026 00:29:33 [38;5;009m[ERROR]: [0mThis is a error message from thread 2218-09-2026 00:29:33 [38;5;009m[ERROR]: [0mThis is a error message from thread 1618-09-2026 00:29:33 [38;5;015m[INFO]: [0mThis is a info message from thread 2718-09-2026 00:29:33 [38;5;015m[INFO]: [0mThis is a info message from thread 2918-09-2026 00:29:33 [38;5;009m[ERROR]: [0mThis is a error message from thread 118-09-2026 00:29:33 [38;5;009m[ERROR]: [0mThis is a error message from thread 2818-09-2026 00:29:33 [38;5;117m[DEBUG]: [0mThis is a debug message from thread 318-09-2026 00:29:33 [38;5;009m[ERROR]: [0mThis is a error message from thread 2918-09-2026 00:29:33 [38;5;009m[ERROR]: [0mThis is a error message from thread 2518-09-2026 00:29:33 [38;5;117m[DEBUG]: [0mThis is a debug message from thread 2218-09-2026 00:29:33 [38;5;117m[DEBUG]: [0mThis is a debug message from thread 2818-09-2026 00:29:33 [38;5;009m[ERROR]: [0mThis is a error message from thread 2618-09-2026 00:29:33 [38;5;015m[INFO]: [0mThis is a info message from thread 918-09-2026 00:29:33 [38;5;015m[INFO]: [0mThis is a info message from thread 418-09-2026 00:29:33 [38;5;117m[DEBUG]: [0mThis is a debug message from thread 518-09-2026 00:29:33 [38;5;009m[ERROR]: [0mThis is a error message from thread 2718-09-2026 00:29:33 [38;5;117m[DEBUG]: [0mThis is a debug message from thread 2918-09-2026 00:29:33 [38;5;117m[DEBUG]: [0mThis is a debug message from thread 018-09-2026 00:29:33 [38;5;015m[INFO]: [0mThis is a info message from thread 2818-09-2026 00:29:33 [38;5;009m[ERROR]: [0mThis is a error message from thread 418-09-2026 00:29:33 [38;5;009m[ERROR]: [0mThis is a error message from thread 2818-09-2026 00:29:33 [38;5;117m[DEBUG]: [0mThis is a debug message from thread 418-09-2026 00:29:33 [38;5;117m[DEBUG]: [0mThis is a debug message from thread 2618-09-2026 00:29:33 [38;5;117m[DEBUG]: [0mThis is a debug message from thread 1618-09-2026 00:29:33 [38;5;117m[DEBUG]: [0mThis is a debug message from thread 2718-09-2026 00:29:33 [38;5;015m[INFO]: [0mThis is a info message from thread 418-09-2026 00:29:33 [38;5;117m[DEBUG]: [0mThis is a debug message from thread 118-09-2026 00:29:33 [38;5;015m[INFO]: [0mThis is a info message from thread 2718-09-2026 00:29:33 [38;5;015m[INFO]: [0mThis is a info message from thread 018-09-2026 00:29:33 [38;5;015m[INFO]: [0mThis is a info message from thread 118-09-2026 00:29:33 [38;5;009m[ERROR]: [0mThis is a error message from thread 418-09-2026 00:29:33 [38;5;015m[INFO]: [0mThis is a info message from thread 2918-09-2026 00:29:33 [38;5;009m[ERROR]: [0mThis is a error message from thread 2718-09-2026 00:29:33 [38;5;015m[INFO]: [0mThis is a info message from thread 1618-09-2026 00:29:33 [38;5;015m[INFO]: [0mThis is a info message from thread 2418-09-2026 00:29:33 [38;5;117m[DEBUG]: [0mThis is a debug message from thread 618-09-2026 00:29:33 [38;5;117m[DEBUG]: [0mThis is a debug message from thread 2818-09-2026 00:29:33 [38;5;015m[INFO]: [0mThis is a info message from thread 1518-09-2026 00:29:33 [38;5;015m[INFO]: [0mThis is a info message from thread 818-09-2026 00:29:33 [38;5;015m[INFO]: [0mThis is a info message from thread 2618-09-2026 00:29:33 [38;5;117m[DEBUG]: [0mThis is a debug message from thread 2518-09-2026 00:29:33 [38;5;009m[ERROR]: [0mThis is a error message from thread 2618-09-2026 00:29:33 [38;5;015m[INFO]: [0mThis is a info message from thread 2118-09-2026 00:29:33 [38;5;009m[ERROR]: [0mThis is a error message from thread 018-09-2026 00:29:33 [38;5;009m[ERROR]: [0mThis is a error message from thread 2418-09-2026 00:29:33 [38;5;009m[ERROR]: [0mThis is a error message from thread 818-09-2026 00:29:33 [38;5;009m[ERROR]: [0mThis is a error message from thread 2118-09-2026 00:29:33 [38;5;117m[DEBUG]: [0mThis is a debug message from thread 018-09-2026 00:29:33 [38;5;117m[DEBUG]: [0mThis is a debug message from thread 2418-09-2026 00:29:33 [38;5;117m[DEBUG]: [0mThis is a debug message from thread 818-09-2026 00:29:33 [38;5;117m[DEBUG]: [0mThis is a debug message from thread 2118-09-2026 00:29:33 [38;5;015m[INFO]: [0mThis is a info message from thread 018-09-2026 00:29:33 [38;5;015m[INFO]: [0mThis is a info message from thread 2118-09-2026 00:29:33 [38;5;009m[ERROR]: [0mThis is a error message from thread 018-09-2026 00:29:33 [38;5;015m[INFO]: [0mThis is a info message from thread 818-09-2026 00:29:33 [38;5;117m[DEBUG]: [0mThis is a debug message from thread 018-09-2026 00:29:33 [38;5;015m[INFO]: [0mThis is a info message from thread 2518-09-2026 00:29:33 [38;5;015m[INFO]: [0mThis is a info message from thread 018-09-2026 00:29:33 [38;5;015m[INFO]: [0mThis is a info message from thread 2218-09-2026 00:29:33 [38;5;015m[INFO]: [0mThis is a info message from thread 618-09-2026 00:29:33 [38;5;015m[INFO]: [0mThis is a info message from thread 1118-09-2026 00:29:33 [38;5;117m[DEBUG]: [0mThis is a debug message from thread 2318-09-2026 00:29:33 [38;5;117m[DEBUG]: [0mThis is a debug message from thread 1318-09-2026 00:29:33 [38;5;015m[INFO]: [0mThis is a info message from thread 2818-09-2026 00:29:33 [38;5;117m[DEBUG]: [0mThis is a debug message from thread 2018-09-2026 00:29:33 [38;5;009m[ERROR]: [0mThis is a error message from thread 1618-09-2026 00:29:33 [38;5;117m[DEBUG]: [0mThis is a debug message from thread 418-09-2026 00:29:33 [38;5;009m[ERROR]: [0mThis is a error message from thread 2118-09-2026 00:29:33 [38;5;009m[ERROR]: [0mThis is a error message from thread 018-09-2026 00:29:33 [38;5;009m[ERROR]: [0mThis is a error message from thread 118-09-2026 00:29:33 [38;5;009m[ERROR]: [0mThis is a error message from thread 2918-09-2026 00:29:33 [38;5;117m[DEBUG]: [0mThis is a debug message from thread 1018-09-2026 00:29:33 [38;5;009m[ERROR]: [0mThis is a error message from thread 2218-09-2026 00:29:33 [38;5;015m[INFO]: [0mThis is a info message from thread 2318-09-2026 00:29:33 [38;5;015m[INFO]: [0mThis is a info message from thread 1318-09-2026 00:29:33 [38;5;117m[DEBUG]: [0mThis is a debug message from thread 018-09-2026 00:29:33 [38;5;117m[DEBUG]: [0mThis is a debug message from thread 2118-09-2026 00:29:33 [38;5;009m[ERROR]: [0mThis is a error message from thread 2318-09-2026 00:29:33 [38;5;117m[DEBUG]: [0mThis is a debug message from thread 118-09-2026 00:29:33 [38;5;009m[ERROR]: [0mThis is a error message from thread 2818-09-2026 00:29:33 [38;5;117m[DEBUG]: [0mThis is a debug message from thread 2318-09-2026 00:29:33 [38;5;009m[ERROR]: [0mThis is a error message from thread 1218-09-2026 00:29:33 [38;5;015m[INFO]: [0mThis is a info message from thread 418-09-2026 00:29:33 [38;5;015m[INFO]: [0mThis is a info message from thread 018-09-2026 00:29:33 [38;5;117m[DEBUG]: [0mThis is a debug message from thread 1418-09-2026 00:29:33 [38;5;015m[INFO]: [0mThis is a info message from thread 2118-09-2026 00:29:33 [38;5;015m[INFO]: [0mThis is a info message from thread 118-09-2026 00:29:33 [38;5;117m[DEBUG]: [0mThis is a debug message from thread 1618-09-2026 00:29:33 [38;5;009m[ERROR]: [0mThis is a error message from thread 418-09-2026 00:29:33 [38;5;117m[DEBUG]: [0mThis is a debug message from thread 418-09-2026 00:29:33 [38;5;009m[ERROR]: [0mThis is a error message from thread 018-09-2026 00:29:33 [38;5;117m[DEBUG]: [0mThis is a debug message from thread 2218-09-2026 00:29:33 [38;5;015m[INFO]: [0mThis is a info message from thread 418-09-2026 00:29:33 [38;5;015m[INFO]: [0mThis is a info message from thread 318-09-2026 00:29:33 [38;5;009m[ERROR]: [0mThis is a error message from thread 1918-09-2026 00:29:33 [38;5;009m[ERROR]: [0mThis is a error message from thread 618-09-2026 00:29:33 [38;5;009m[ERROR]: [0mThis is a error message from thread 218-09-2026 00:29:33 [38;5;015m[INFO]: [0mThis is a info message from thread 2318-09-2026 00:29:33 [38;5;117m[DEBUG]: [0mThis is a debug message from thread 718-09-2026 00:29:33 [38;5;117m[DEBUG]: [0mThis is a debug message from thread 1818-09-2026 00:29:33 [38;5;009m[ERROR]: [0mThis is a error message from thread 318-09-2026 00:29:33 [38;5;009m[ERROR]: [0mThis is a error message from thread 1518-09-2026 00:29:33 [38;5;009m[ERROR]: [0mThis is a error message from thread 2518-09-2026 00:29:33 [38;5;009m[ERROR]: [0mThis is a error message from thread 1318-09-2026 00:29:33 [38;5;009m[ERROR]: [0mThis is a error message from thread 2318-09-2026 00:29:33 [38;5;009m[ERROR]: [0mThis is a error message from thread 1118-09-2026 00:29:33 [38;5;015m[INFO]: [0mThis is a info message from thread 1818-09-2026 00:29:33 [38;5;009m[ERROR]: [0mThis is a error message from thread 2118-09-2026 00:29:33 [38;5;015m[INFO]: [0mThis is a info message from thread 718-09-2026 00:29:33 [38;5;117m[DEBUG]: [0mThis is a debug message from thread 1518-09-2026 00:29:33 [38;5;117m[DEBUG]: [0mThis is a debug message from thread 618-09-2026 00:29:33 [38;5;015m[INFO]: [0mThis is a info message from thread 2418-09-2026 00:29:33 [38;5;015m[INFO]: [0mThis is a info message from thread 1718-09-2026 00:29:33 [38;5;117m[DEBUG]: [0mThis is a debug message from thread 2318-09-2026 00:29:33 [38;5;117m[DEBUG]: [0mThis is a debug message from thread 2718-09-2026 00:29:33 [38;5;117m[DEBUG]: [0mThis is a debug message from thread 018-09-2026 00:29:33 [38;5;117m[DEBUG]: [0mThis is a debug message from thread 218-09-2026 00:29:33 [38;5;117m[DEBUG]: [0mThis is a debug message from thread 1218-09-2026 00:29:33 [38;5;117m[DEBUG]: [0mThis is a debug message from thread 2818-09-2026 00:29:33 [38;5;009m[ERROR]: [0mThis is a error message from thread 2418-09-2026 00:29:33 [38;5;015m[INFO]: [0mThis is a info message from thread 2318-09-2026 00:29:33 [38;5;009m[ERROR]: [0mThis is a error message from thread 718-09-2026 00:29:33 [38;5;015m[INFO]: [0mThis is a info message from thread 1018-09-2026 00:29:33 [38;5;117m[DEBUG]: [0mThis is a debug message from thread 1118-09-2026 00:29:33 [38;5;015m[INFO]: [0mThis is a info message from thread 1218-09-2026 00:29:33 [38;5;015m[INFO]: [0mThis is a info message from thread 2718-09-2026 00:29:33 [38;5;015m[INFO]: [0mThis is a info message from thread 018-09-2026 00:29:33 [38;5;009m[ERROR]: [0mThis is a error message from thread 818-09-2026 00:29:33 [38;5;009m[ERROR]: [0mThis is a error message from thread 2718-09-2026 00:29:33 [38;5;015m[INFO]: [0mThis is a info message from thread 2818-09-2026 00:29:33 [38;5;117m[DEBUG]: [0mThis is a debug message from thread 818-09-2026 00:29:33 [38;5;009m[ERROR]: [0mThis is a error message from thread 1018-09-2026 00:29:33 [38;5;117m[DEBUG]: [0mThis is a debug message from thread 718-09-2026 00:29:33 [38;5;117m[DEBUG]: [0mThis is a debug message from thread 2418-09-2026 00:29:33 [38;5;009m[ERROR]: [0mThis is a error message from thread 018-09-2026 00:29:33 [38;5;015m[INFO]: [0mThis is a info message from thread 1118-09-2026 00:29:33 [38;5;015m[INFO]: [0mThis is a info message from thread 818-09-2026 00:29:33 [38;5;015m[INFO]: [0mThis is a info message from thread 1418-09-2026 00:29:33 [38;5;009m[ERROR]: [0mThis is a error message from thread 418-09-2026 00:29:33 [38;5;117m[DEBUG]: [0mThis is a debug message from thread 2918-09-2026 00:29:33 [38;5;117m[DEBUG]: [0mThis is a debug message from thread 2618-09-2026 00:29:33 [38;5;009m[ERROR]: [0mThis is a error message from thread 918-09-2026 00:29:33 [38;5;009m[ERROR]: [0mThis is a error message from thread 1818-09-2026 00:29:33 [38;5;117m[DEBUG]: [0mThis is a debug message from thread 1318-09-2026 00:29:33 [38;5;015m[INFO]: [0mThis is a info message from thread 518-09-2026 00:29:33 [38;5;117m[DEBUG]: [0mThis is a debug message from thread 018-09-2026 00:29:33 [38;5;009m[ERROR]: [0mThis is a error message from thread 1718-09-2026 00:29:33 [38;5;009m[ERROR]: [0mThis is a error message from thread 2318-09-2026 00:29:33 [38;5;009m[ERROR]: [0mThis is a error message from thread 118-09-2026 00:29:33 [38;5;117m[DEBUG]: [0mThis is a debug message from thread 2118-09-2026 00:29:33 [38;5;015m[INFO]: [0mThis is a info message from thread 1618-09-2026 00:29:33 [38;5;009m[ERROR]: [0mThis is a error message from thread 818-09-2026 00:29:33 [38;5;117m[DEBUG]: [0mThis is a debug message from thread 1818-09-2026 00:29:33 [38;5;015m[INFO]: [0mThis is a info message from thread 2018-09-2026 00:29:33 [38;5;009m[ERROR]: [0mThis is a error message from thread 1218-09-2026 00:29:33 [38;5;009m[ERROR]: [0mThis is a error message from thread 518-09-2026 00:29:33 [38;5;015m[INFO]: [0mThis is a info message from thread 2218-09-2026 00:29:33 [38;5;009m[ERROR]: [0mThis is a error message from thread 2018-09-2026 00:29:33 [38;5;015m[INFO]: [0mThis is a info message from thread 718-09-2026 00:29:33 [38;5;015m[INFO]: [0mThis is a info message from thread 2118-09-2026 00:29:33 [38;5;117m[DEBUG]: [0mThis is a debug message from thread 318-09-2026 00:29:33 [38;5;009m[ERROR]: [0mThis is a error message from thread 1418-09-2026 00:29:33 [38;5;117m[DEBUG]: [0mThis is a debug message from thread 2318-09-2026 00:29:33 [38;5;117m[DEBUG]: [0mThis is a debug message from thread 418-09-2026 00:29:33 [38;5;117m[DEBUG]: [0mThis is a debug message from thread 818-09-2026 00:29:33 [38;5;009m[ERROR]: [0mThis is a error message from thread 2218-09-2026 00:29:33 [38;5;015m[INFO]: [0mThis is a info message from thread 818-09-2026 00:29:33 [38;5;015m[INFO]: [0mThis is a info message from thread 1318-09-2026 00:29:33 [38;5;117m[DEBUG]: [0mThis is a debug message from thread 2018-09-2026 00:29:33 [38;5;015m[INFO]: [0mThis is a info message from thread 1818-09-2026 00:29:33 [38;5;015m[INFO]: [0mThis is a info message from thread 2418-09-2026 00:29:33 [38;5;015m[INFO]: [0mThis is a info message from thread 318-09-2026 00:29:33 [38;5;009m[ERROR]: [0mThis is a error message from thread 318-09-2026 00:29:33 [38;5;009m[ERROR]: [0mThis is a error message from thread 1818-09-2026 00:29:33 [38;5;117m[DEBUG]: [0mThis is a debug message from thread 318-09-2026 00:29:33 [38;5;117m[DEBUG]: [0mThis is a debug message from thread 2218-09-2026 00:29:33 [38;5;015m[INFO]: [0mThis is a info message from thread 318-09-2026 00:29:33 [38;5;009m[ERROR]: [0mThis is a error message from thread 718-09-2026 00:29:33 [38;5;009m[ERROR]: [0mThis is a error message from thread 318-09-2026 00:29:33 [38;5;009m[ERROR]: [0mThis is a error message from thread 2418-09-2026 00:29:33 [38;5;015m[INFO]: [0mThis is a info message from thread 2018-09-2026 00:29:33 [38;5;015m[INFO]: [0mThis is a info message from thread 2318-09-2026 00:29:33 [38;5;009m[ERROR]: [0mThis is a error message from thread 818-09-2026 00:29:33 [38;5;117m[DEBUG]: [0mThis is a debug message from thread 2418-09-2026 00:29:33 [38;5;117m[DEBUG]: [0mThis is a debug message from thread 1818-09-2026 00:29:33 [38;5;015m[INFO]: [0mThis is a info message from thread 2418-09-2026 00:29:33 [38;5;015m[INFO]: [0mThis is a info message from thread 418-09-2026 00:29:33 [38;5;015m[INFO]: [0mThis is a info message from thread 2618-09-2026 00:29:33 [38;5;009m[ERROR]: [0mThis is a error message from thread 418-09-2026 00:29:33 [38;5;009m[ERROR]: [0mThis is a error message from thread 1118-09-2026 00:29:33 [38;5;117m[DEBUG]: [0mThis is a debug message from thread 318-09-2026 00:29:33 [38;5;117m[DEBUG]: [0mThis is a debug message from thread 1718-09-2026 00:29:33 [38;5;015m[INFO]: [0mThis is a info message from thread 1818-09-2026 00:29:33 [38;5;117m[DEBUG]: [0mThis is a debug message from thread 1918-09-2026 00:29:33 [38;5;015m[INFO]: [0mThis is a info message from thread 218-09-2026 00:29:33 [38;5;015m[INFO]: [0mThis is a info message from thread 1518-09-2026 00:29:33 [38;5;117m[DEBUG]: [0mThis is a debug message from thread 118-09-2026 00:29:33 [38;5;009m[ERROR]: [0mThis is a error message from thread 2118-09-2026 00:29:33 [38;5;117m[DEBUG]: [0mThis is a debug message from thread 718-09-2026 00:29:33 [38;5;015m[INFO]: [0mThis is a info message from thread 318-09-2026 00:29:33 [38;5;009m[ERROR]: [0mThis is a error message from thread 1818-09-2026 00:29:33 [38;5;117m[DEBUG]: [0mThis is a debug message from thread 1118-09-2026 00:29:33 [38;5;117m[DEBUG]: [0mThis is a debug message from thread 918-09-2026 00:29:33 [38;5;009m[ERROR]: [0mThis is a error message from thread 218-09-2026 00:29:33 [38;5;117m[DEBUG]: [0mThis is a debug message from thread 518-09-2026 00:29:33 [38;5;015m[INFO]: [0mThis is a info message from thread 718-09-2026 00:29:33 [38;5;015m[INFO]: [0mThis is a info message from thread 1718-09-2026 00:29:33 [38;5;009m[ERROR]: [0mThis is a error message from thread 2418-09-2026 00:29:33 [38;5;009m[ERROR]: [0mThis is a error message from thread 1618-09-2026 00:29:33 [38;5;117m[DEBUG]: [0mThis is a debug message from thread 1018-09-2026 00:29:33 [38;5;117m[DEBUG]: [0mThis is a debug message from thread 2518-09-2026 00:29:33 [38;5;117m[DEBUG]: [0mThis is a debug message from thread 218-09-2026 00:29:33 [38;5;015m[INFO]: [0mThis is a info message from thread 118-09-2026 00:29:33 [38;5;009m[ERROR]: [0mThis is a error message from thread 718-09-2026 00:29:33 [38;5;117m[DEBUG]: [0mThis is a debug message from thread 1818-09-2026 00:29:33 [38;5;009m[ERROR]: [0mThis is a error message from thread 1718-09-2026 00:29:33 [38;5;015m[INFO]: [0mThis is a info message from thread 1818-09-2026 00:29:33 [38;5;009m[ERROR]: [0mThis is a error message from thread 318-09-2026 00:29:33 [38;5;015m[INFO]: [0mThis is a info message from thread 2218-09-2026 00:29:33 [38;5;009m[ERROR]: [0mThis is a error message from thread 2618-09-2026 00:29:33 [38;5;117m[DEBUG]: [0mThis is a debug message from thread 418-09-2026 00:29:33 [38;5;015m[INFO]: [0mThis is a info message from thread 218-09-2026 00:29:33 [38;5;117m[DEBUG]: [0mThis is a debug message from thread 1618-09-2026 00:29:33 [38;5;015m[INFO]: [0mThis is a info message from thread 2918-09-2026 00:29:33 [38;5;015m[INFO]: [0mThis is a info message from thread 518-09-2026 00:29:33 [38;5;117m[DEBUG]: [0mThis is a debug message from thread 2618-09-2026 00:29:33 [38;5;009m[ERROR]: [0mThis is a error message from thread 2218-09-2026 00:29:33 [38;5;015m[INFO]: [0mThis is a info message from thread 2618-09-2026 00:29:33 [38;5;009m[ERROR]: [0mThis is a error message from thread 2918-09-2026 00:29:33 [38;5;015m[INFO]: [0mThis is a info message from thread 418-09-2026 00:29:33 [38;5;015m[INFO]: [0mThis is a info message from thread 1118-09-2026 00:29:33 [38;5;117m[DEBUG]: [0mThis is a debug message from thread 2218-09-2026 00:29:33 [38;5;117m[DEBUG]: [0mThis is a debug message from thread 818-09-2026 00:29:33 [38;5;009m[ERROR]: [0mThis is a error message from thread 518-09-2026 00:29:33 [38;5;117m[DEBUG]: [0mThis is a debug message from thread 2918-09-2026 00:29:33 [38;5;009m[ERROR]: [0mThis is a error message from thread 418-09-2026 00:29:33 [38;5;015m[INFO]: [0mThis is a info message from thread 2918-09-2026 00:29:33 [38;5;015m[INFO]: [0mThis is a info message from thread 618-09-2026 00:29:33 [38;5;009m[ERROR]: [0mThis is a error message from thread 2918-09-2026 00:29:33 [38;5;117m[DEBUG]: [0mThis is a debug message from thread 318-09-2026 00:29:33 [38;5;009m[ERROR]: [0mThis is a error message from thread 1318-09-2026 00:29:33 [38;5;015m[INFO]: [0mThis is a info message from thread 1918-09-2026 00:29:33 [38;5;015m[INFO]: [0mThis is a info message from thread 1018-09-2026 00:29:33 [38;5;117m[DEBUG]: [0mThis is a debug message from thread 2118-09-2026 00:29:33 [38;5;015m[INFO]: [0mThis is a info message from thread 1618-09-2026 00:29:33 [38;5;015m[INFO]: [0mThis is a info message from thread 818-09-2026 00:29:33 [38;5;009m[ERROR]: [0mThis is a error message from thread 1918-09-2026 00:29:33 [38;5;117m[DEBUG]: [0mThis is a debug message from thread 418-09-2026 00:29:33 [38;5;009m[ERROR]: [0mThis is a error message from thread 2318-09-2026 00:29:33 [38;5;009m[ERROR]: [0mThis is a error message from thread 2618-09-2026 00:29:33 [38;5;015m[INFO]: [0mThis is a info message from thread 418-09-2026 00:29:33 [38;5;009m[ERROR]: [0mThis is a error message from thread 818-09-2026 00:29:33 [38;5;117m[DEBUG]: [0mThis is a debug message from thread 1718-09-2026 00:29:33 [38;5;117m[DEBUG]: [0mThis is a debug message from thread 2618-09-2026 00:29:33 [38;5;117m[DEBUG]: [0mThis is a debug message from thread 1218-09-2026 00:29:33 [38;5;117m[DEBUG]: [0mThis is a debug message from thread 718-09-2026 00:29:33 [38;5;117m[DEBUG]: [0mThis is a debug message from thread 2718-09-2026 00:29:33 [38;5;015m[INFO]: [0mThis is a info message from thread 1218-09-2026 00:29:33 [38;5;009m[ERROR]: [0mThis is a error message from thread 1118-09-2026 00:29:33 [38;5;015m[INFO]: [0mThis is a info message from thread 1718-09-2026 00:29:33 [38;5;117m[DEBUG]: [0mThis is a debug message from thread 2418-09-2026 00:29:33 [38;5;009m[ERROR]: [0mThis is a error message from thread 218-09-2026 00:29:33 [38;5;009m[ERROR]: [0mThis is a error message from thread 1218-09-2026 00:29:33 [38;5;009m[ERROR]: [0mThis is a error message from thread 2818-09-2026 00:29:33 [38;5;117m[DEBUG]: [0mThis is a debug message from thread 2318-09-2026 00:29:33 [38;5;015m[INFO]: [0mThis is a info message from thread 2718-09-2026 00:29:33 [38;5;015m[INFO]: [0mThis is a info message from thread 318-09-2026 00:29:33 [38;5;117m[DEBUG]: [0mThis is a debug message from thread 1218-09-2026 00:29:33 [38;5;009m[ERROR]: [0mThis is a error message from thread 1818-09-2026 00:29:33 [38;5;009m[ERROR]: [0mThis is a error message from thread 2718-09-2026 00:29:33 [38;5;015m[INFO]: [0mThis is a info message from thread 1218-09-2026 00:29:33 [38;5;117m[DEBUG]: [0mThis is a debug message from thread 1818-09-2026 00:29:33 [38;5;117m[DEBUG]: [0mThis is a debug message from thread 2818-09-2026 00:29:33 [38;5;009m[ERROR]: [0mThis is a error message from thread 318-09-2026 00:29:33 [38;5;117m[DEBUG]: [0mThis is a debug message from thread 2718-09-2026 00:29:33 [38;5;015m[INFO]: [0mThis is a info message from thread 2518-09-2026 00:29:33 [38;5;009m[ERROR]: [0mThis is a error message from thread 1218-09-2026 00:29:33 [38;5;015m[INFO]: [0mThis is a info message from thread 918-09-2026 00:29:33 [38;5;009m[ERROR]: [0mThis is a error message from thread 618-09-2026 00:29:33 [38;5;117m[DEBUG]: [0mThis is a debug message from thread 1218-09-2026 00:29:33 [38;5;009m[ERROR]: [0mThis is a error message from thread 1518-09-2026 00:29:33 [38;5;009m[ERROR]: [0mThis is a error message from thread 2518-09-2026 00:29:33 [38;5;015m[INFO]: [0mThis is a info message from thread 1218-09-2026 00:29:33 [38;5;117m[DEBUG]: [0mThis is a debug message from thread 1518-09-2026 00:29:33 [38;5;117m[DEBUG]: [0mThis is a debug message from thread 2518-09-2026 00:29:33 [38;5;009m[ERROR]: [0mThis is a error message from thread 1218-09-2026 00:29:33 [38;5;015m[INFO]: [0mThis is a info message from thread 1518-09-2026 00:29:33 [38;5;015m[INFO]: [0mThis is a info message from thread 2518-09-2026 00:29:33 [38;5;117m[DEBUG]: [0mThis is a debug message from thread 1218-09-2026 00:29:33 [38;5;009m[ERROR]: [0mThis is a error message from thread 1518-09-2026 00:29:33 [38;5;015m[INFO]: [0mThis is a info message from thread 1218-09-2026 00:29:33 [38;5;009m[ERROR]: [0mThis is a error message from thread 2518-09-2026 00:29:33 [38;5;015m[INFO]: [0mThis is a info message from thread 2218-09-2026 00:29:33 [38;5;117m[DEBUG]: [0mThis is a debug message from thread 618-09-2026 00:29:33 [38;5;117m[DEBUG]: [0mThis is a debug message from thread 1518-09-2026 00:29:33 [38;5;015m[INFO]: [0mThis is a info message from thread 2318-09-2026 00:29:33 [38;5;009m[ERROR]: [0mThis is a error message from thread 418-09-2026 00:29:33 [38;5;015m[INFO]: [0mThis is a info message from thread 018-09-2026 00:29:33 [38;5;117m[DEBUG]: [0mThis is a debug message from thread 1918-09-2026 00:29:33 [38;5;117m[DEBUG]: [0mThis is a debug message from thread 1318-09-2026 00:29:33 [38;5;009m[ERROR]: [0mThis is a error message from thread 118-09-2026 00:29:33 [38;5;015m[INFO]: [0mThis is a info message from thread 1518-09-2026 00:29:33 [38;5;009m[ERROR]: [0mThis is a error message from thread 2318-09-2026 00:29:33 [38;5;117m[DEBUG]: [0mThis is a debug message from thread 818-09-2026 00:29:33 [38;5;015m[INFO]: [0mThis is a info message from thread 1318-09-2026 00:29:33 [38;5;009m[ERROR]: [0mThis is a error message from thread 018-09-2026 00:29:33 [38;5;009m[ERROR]: [0mThis is a error message from thread 918-09-2026 00:29:33 [38;5;009m[ERROR]: [0mThis is a error message from thread 1218-09-2026 00:29:33 [38;5;015m[INFO]: [0mThis is a info message from thread 2618-09-2026 00:29:33 [38;5;117m[DEBUG]: [0mThis is a debug message from thread 518-09-2026 00:29:33 [38;5;009m[ERROR]: [0mThis is a error message from thread 1518-09-2026 00:29:33 [38;5;015m[INFO]: [0mThis is a info message from thread 2418-09-2026 00:29:33 [38;5;009m[ERROR]: [0mThis is a error message from thread 1318-09-2026 00:29:33 [38;5;015m[INFO]: [0mThis is a info message from thread 1918-09-2026 00:29:33 [38;5;009m[ERROR]: [0mThis is a error message from thread 2618-09-2026 00:29:33 [38;5;015m[INFO]: [0mThis is a info message from thread 718-09-2026 00:29:33 [38;5;117m[DEBUG]: [0mThis is a debug message from thread 318-09-2026 00:29:33 [38;5;015m[INFO]: [0mThis is a info message from thread 1818-09-2026 00:29:33 [38;5;117m[DEBUG]: [0mThis is a debug message from thread 1418-09-2026 00:29:33 [38;5;015m[INFO]: [0mThis is a info message from thread 2718-09-2026 00:29:33 [38;5;015m[INFO]: [0mThis is a info message from thread 2818-09-2026 00:29:33 [38;5;009m[ERROR]: [0mThis is a error message from thread 2218-09-2026 00:29:33 [38;5;015m[INFO]: [0mThis is a info message from thread 2118-09-2026 00:29:33 [38;5;117m[DEBUG]: [0mThis is a debug message from thread 2518-09-2026 00:29:33 [38;5;117m[DEBUG]: [0mThis is a debug message from thread 218-09-2026 00:29:33 [38;5;015m[INFO]: [0mThis is a info message from thread 618-09-2026 00:29:33 [38;5;009m[ERROR]: [0mThis is a error message from thread 2018-09-2026 00:29:33 [38;5;015m[INFO]: [0mThis is a info message from thread 1418-09-2026 00:29:33 [38;5;015m[INFO]: [0mThis is a info message from thread 518-09-2026 00:29:33 [38;5;117m[DEBUG]: [0mThis is a debug message from thread 1518-09-2026 00:29:33 [38;5;009m[ERROR]: [0mThis is a error message from thread 1018-09-2026 00:29:33 [38;5;015m[INFO]: [0mThis is a info message from thread 318-09-2026 00:29:33 [38;5;015m[INFO]: [0mThis is a info message from thread 1518-09-2026 00:29:33 [38;5;009m[ERROR]: [0mThis is a error message from thread 2718-09-2026 00:29:33 [38;5;117m[DEBUG]: [0mThis is a debug message from thread 918-09-2026 00:29:33 [38;5;117m[DEBUG]: [0mThis is a debug message from thread 418-09-2026 00:29:33 [38;5;117m[DEBUG]: [0mThis is a debug message from thread 018-09-2026 00:29:33 [38;5;009m[ERROR]: [0mThis is a error message from thread 2818-09-2026 00:29:33 [38;5;117m[DEBUG]: [0mThis is a debug message from thread 2218-09-2026 00:29:33 [38;5;009m[ERROR]: [0mThis is a error message from thread 2118-09-2026 00:29:33 [38;5;015m[INFO]: [0mThis is a info message from thread 2518-09-2026 00:29:33 [38;5;117m[DEBUG]: [0mThis is a debug message from thread 2718-09-2026 00:29:33 [38;5;009m[ERROR]: [0mThis is a error message from thread 1618-09-2026 00:29:33 [38;5;009m[ERROR]: [0mThis is a error message from thread 1918-09-2026 00:29:33 [38;5;117m[DEBUG]: [0mThis is a debug message from thread 2118-09-2026 00:29:33 [38;5;015m[INFO]: [0mThis is a info message from thread 818-09-2026 00:29:33 [38;5;117m[DEBUG]: [0mThis is a debug message from thread 1018-09-2026 00:29:33 [38;5;015m[INFO]: [0mThis is a info message from thread 018-09-2026 00:29:33 [38;5;009m[ERROR]: [0mThis is a error message from thread 1818-09-2026 00:29:33 [38;5;117m[DEBUG]: [0mThis is a debug message from thread 1118-09-2026 00:29:33 [38;5;117m[DEBUG]: [0mThis is a debug message from thread 2018-09-2026 00:29:33 [38;5;015m[INFO]: [0mThis is a info message from thread 2718-09-2026 00:29:33 [38;5;015m[INFO]: [0mThis is a info message from thread 2118-09-2026 00:29:33 [38;5;009m[ERROR]: [0mThis is a error message from thread 2518-09-2026 00:29:33 [38;5;117m[DEBUG]: [0mThis is a debug message from thread 1918-09-2026 00:29:33 [38;5;009m[ERROR]: [0mThis is a error message from thread 2418-09-2026 00:29:33 [38;5;009m[ERROR]: [0mThis is a error message from thread 818-09-2026 00:29:33 [38;5;009m[ERROR]: [0mThis is a error message from thread 2118-09-2026 00:29:33 [38;5;009m[ERROR]: [0mThis is a error message from thread 1418-09-2026 00:29:33 [38;5;117m[DEBUG]: [0mThis is a debug message from thread 1618-09-2026 00:29:33 [38;5;117m[DEBUG]: [0mThis is a debug message from thread 1818-09-2026 00:29:33 [38;5;015m[INFO]: [0mThis is a info message from thread 218-09-2026 00:29:33 [38;5;015m[INFO]: [0mThis is a info message from thread 918-09-2026 00:29:33 [38;5;117m[DEBUG]: [0mThis is a debug message from thread 2818-09-2026 00:29:33 [38;5;009m[ERROR]: [0mThis is a error message from thread 218-09-2026 00:29:33 [38;5;015m[INFO]: [0mThis is a info message from thread 2218-09-2026 00:29:33 [38;5;117m[DEBUG]: [0mThis is a debug message from thread 818-09-2026 00:29:33 [38;5;015m[INFO]: [0mThis is a info message from thread 1618-09-2026 00:29:33 [38;5;009m[ERROR]: [0mThis is a error message from thread 718-09-2026 00:29:33 [38;5;009m[ERROR]: [0mThis is a error message from thread 2218-09-2026 00:29:33 [38;5;015m[INFO]: [0mThis is a info message from thread 1018-09-2026 00:29:33 [38;5;117m[DEBUG]: [0mThis is a debug message from thread 2318-09-2026 00:29:33 [38;5;009m[ERROR]: [0mThis is a error message from thread 1618-09-2026 00:29:33 [38;5;009m[ERROR]: [0mThis is a error message from thread 618-09-2026 00:29:33 [38;5;009m[ERROR]: [0mThis is a error message from thread 1518-09-2026 00:29:33 [38;5;015m[INFO]: [0mThis is a info message from thread 818-09-2026 00:29:33 [38;5;117m[DEBUG]: [0mThis is a debug message from thread 2918-09-2026 00:29:33 [38;5;117m[DEBUG]: [0mThis is a debug message from thread 718-09-2026 00:29:33 [38;5;117m[DEBUG]: [0mThis is a debug message from thread 1318-09-2026 00:29:33 [38;5;117m[DEBUG]: [0mThis is a debug message from thread 618-09-2026 00:29:33 [38;5;015m[INFO]: [0mThis is a info message from thread 418-09-2026 00:29:33 [38;5;117m[DEBUG]: [0mThis is a debug message from thread 2218-09-2026 00:29:33 [38;5;117m[DEBUG]: [0mThis is a debug message from thread 1618-09-2026 00:29:33 [38;5;009m[ERROR]: [0mThis is a error message from thread 818-09-2026 00:29:33 [38;5;117m[DEBUG]: [0mThis is a debug message from thread 1518-09-2026 00:29:33 [38;5;015m[INFO]: [0mThis is a info message from thread 2018-09-2026 00:29:33 [38;5;015m[INFO]: [0mThis is a info message from thread 718-09-2026 00:29:33 [38;5;117m[DEBUG]: [0mThis is a debug message from thread 118-09-2026 00:29:33 [38;5;015m[INFO]: [0mThis is a info message from thread 2318-09-2026 00:29:33 [38;5;117m[DEBUG]: [0mThis is a debug message from thread 2518-09-2026 00:29:33 [38;5;117m[DEBUG]: [0mThis is a debug message from thread 1418-09-2026 00:29:33 [38;5;015m[INFO]: [0mThis is a info message from thread 118-09-2026 00:29:33 [38;5;009m[ERROR]: [0mThis is a error message from thread 018-09-2026 00:29:33 [38;5;015m[INFO]: [0mThis is a info message from thread 1818-09-2026 00:29:33 [38;5;015m[INFO]: [0mThis is a info message from thread 1518-09-2026 00:29:33 [38;5;015m[INFO]: [0mThis is a info message from thread 1418-09-2026 00:29:33 [38;5;015m[INFO]: [0mThis is a info message from thread 1118-09-2026 00:29:33 [38;5;009m[ERROR]: [0mThis is a error message from thread 2318-09-2026 00:29:33 [38;5;015m[INFO]: [0mThis is a info message from thread 1918-09-2026 00:29:33 [38;5;117m[DEBUG]: [0mThis is a debug message from thread 818-09-2026 00:29:33 [38;5;117m[DEBUG]: [0mThis is a debug message from thread 2418-09-2026 00:29:33 [38;5;009m[ERROR]: [0mThis is a error message from thread 518-09-2026 00:29:33 [38;5;117m[DEBUG]: [0mThis is a debug message from thread 2118-09-2026 00:29:33 [38;5;117m[DEBUG]: [0mThis is a debug message from thread 2318-09-2026 00:29:33 [38;5;015m[INFO]: [0mThis is a info message from thread 2318-09-2026 00:29:33 [38;5;015m[INFO]: [0mThis is a info message from thread 618-09-2026 00:29:33 [38;5;009m[ERROR]: [0mThis is a error message from thread 2318-09-2026 00:29:33 [38;5;009m[ERROR]: [0mThis is a error message from thread 618-09-2026 00:29:33 [38;5;009m[ERROR]: [0mThis is a error message from thread 1818-09-2026 00:29:33 [38;5;117m[DEBUG]: [0mThis is a debug message from thread 618-09-2026 00:29:33 [38;5;009m[ERROR]: [0mThis is a error message from thread 1518-09-2026 00:29:33 [38;5;117m[DEBUG]: [0mThis is a debug message from thread 1818-09-2026 00:29:33 [38;5;015m[INFO]: [0mThis is a info message from thread 618-09-2026 00:29:33 [38;5;117m[DEBUG]: [0mThis is a debug message from thread 1518-09-2026 00:29:33 [38;5;009m[ERROR]: [0mThis is a error message from thread 618-09-2026 00:29:33 [38;5;009m[ERROR]: [0mThis is a error message from thread 118-09-2026 00:29:33 [38;5;117m[DEBUG]: [0mThis is a debug message from thread 618-09-2026 00:29:33 [38;5;009m[ERROR]: [0mThis is a error message from thread 1718-09-2026 00:29:33 [38;5;009m[ERROR]: [0mThis is a error message from thread 918-09-2026 00:29:33 [38;5;009m[ERROR]: [0mThis is a error message from thread 2718-09-2026 00:29:33 [38;5;117m[DEBUG]: [0mThis is a debug message from thread 1718-09-2026 00:29:33 [38;5;117m[DEBUG]: [0mThis is a debug message from thread 918-09-2026 00:29:33 [38;5;117m[DEBUG]: [0mThis is a debug message from thread 2718-09-2026 00:29:33 [38;5;009m[ERROR]: [0mThis is a error message from thread 418-09-2026 00:29:33 [38;5;015m[INFO]: [0mThis is a info message from thread 2718-09-2026 00:29:33 [38;5;009m[ERROR]: [0mThis is a error message from thread 2018-09-2026 00:29:33 [38;5;009m[ERROR]: [0mThis is a error message from thread 718-09-2026 00:29:33 [38;5;015m[INFO]: [0mThis is a info message from thread 2218-09-2026 00:29:33 [38;5;117m[DEBUG]: [0mThis is a debug message from thread 2018-09-2026 00:29:33 [38;5;117m[DEBUG]: [0mThis is a debug message from thread 718-09-2026 00:29:33 [38;5;009m[ERROR]: [0mThis is a error message from thread 2218-09-2026 00:29:33 [38;5;015m[INFO]: [0mThis is a info message from thread 2018-09-2026 00:29:33 [38;5;015m[INFO]: [0mThis is a info message from thread 718-09-2026 00:29:33 [38;5;117m[DEBUG]: [0mThis is a debug message from thread 2218-09-2026 00:29:33 [38;5;009m[ERROR]: [0mThis is a error message from thread 2018-09-2026 00:29:33 [38;5;009m[ERROR]: [0mThis is a error message from thread 718-09-2026 00:29:33 [38;5;015m[INFO]: [0mThis is a info message from thread 2218-09-2026 00:29:33 [38;5;117m[DEBUG]: [0mThis is a debug message from thread 018-09-2026 00:29:33 [38;5;015m[INFO]: [0mThis is a info message from thread 1818-09-2026 00:29:33 [38;5;015m[INFO]: [0mThis is a info message from thread 018-09-2026 00:29:33 [38;5;009m[ERROR]: [0mThis is a error message from thread 1818-09-2026 00:29:33 [38;5;009m[ERROR]: [0mThis is a error message from thread 1018-09-2026 00:29:33 [38;5;015m[INFO]: [0mThis is a info message from thread 2518-09-2026 00:29:33 [38;5;117m[DEBUG]: [0mThis is a debug message from thread 1818-09-2026 00:29:33 [38;5;009m[ERROR]: [0mThis is a error message from thread 2518-09-2026 00:29:33 [38;5;117m[DEBUG]: [0mThis is a debug message from thread 1018-09-2026 00:29:33 [38;5;117m[DEBUG]: [0mThis is a debug message from thread 1218-09-2026 00:29:33 [38;5;015m[INFO]: [0mThis is a info message from thread 1518-09-2026 00:29:33 [38;5;015m[INFO]: [0mThis is a info message from thread 1718-09-2026 00:29:33 [38;5;117m[DEBUG]: [0mThis is a debug message from thread 2518-09-2026 00:29:33 [38;5;009m[ERROR]: [0mThis is a error message from thread 318-09-2026 00:29:33 [38;5;015m[INFO]: [0mThis is a info message from thread 1218-09-2026 00:29:33 [38;5;015m[INFO]: [0mThis is a info message from thread 918-09-2026 00:29:33 [38;5;015m[INFO]: [0mThis is a info message from thread 1018-09-2026 00:29:33 [38;5;009m[ERROR]: [0mThis is a error message from thread 1218-09-2026 00:29:33 [38;5;117m[DEBUG]: [0mThis is a debug message from thread 2618-09-2026 00:29:33 [38;5;117m[DEBUG]: [0mThis is a debug message from thread 318-09-2026 00:29:33 [38;5;009m[ERROR]: [0mThis is a error message from thread 918-09-2026 00:29:33 [38;5;015m[INFO]: [0mThis is a info message from thread 318-09-2026 00:29:33 [38;5;009m[ERROR]: [0mThis is a error message from thread 1918-09-2026 00:29:33 [38;5;009m[ERROR]: [0mThis is a error message from thread 318-09-2026 00:29:33 [38;5;117m[DEBUG]: [0mThis is a debug message from thread 1918-09-2026 00:29:33 [38;5;117m[DEBUG]: [0mThis is a debug message from thread 718-09-2026 00:29:33 [38;5;117m[DEBUG]: [0mThis is a debug message from thread 318-09-2026 00:29:33 [38;5;015m[INFO]: [0mThis is a info message from thread 1918-09-2026 00:29:33 [38;5;015m[INFO]: [0mThis is a info message from thread 718-09-2026 00:29:33 [38;5;009m[ERROR]: [0mThis is a error message from thread 1918-09-2026 00:29:33 [38;5;015m[INFO]: [0mThis is a info message from thread 318-09-2026 00:29:33 [38;5;117m[DEBUG]: [0mThis is a debug message from thread 1918-09-2026 00:29:33 [38;5;009m[ERROR]: [0mThis is a error message from thread 318-09-2026 00:29:33 [38;5;117m[DEBUG]: [0mThis is a debug message from thread 218-09-2026 00:29:33 [38;5;015m[INFO]: [0mThis is a info message from thread 1918-09-2026 00:29:33 [38;5;117m[DEBUG]: [0mThis is a debug message from thread 318-09-2026 00:29:33 [38;5;009m[ERROR]: [0mThis is a error message from thread 1918-09-2026 00:29:33 [38;5;015m[INFO]: [0mThis is a info message from thread 1318-09-2026 00:29:33 [38;5;015m[INFO]: [0mThis is a info message from thread 218-09-2026 00:29:33 [38;5;117m[DEBUG]: [0mThis is a debug message from thread 1918-09-2026 00:29:33 [38;5;009m[ERROR]: [0mThis is a error message from thread 1318-09-2026 00:29:33 [38;5;009m[ERROR]: [0mThis is a error message from thread 218-09-2026 00:29:33 [38;5;015m[INFO]: [0mThis is a info message from thread 1918-09-2026 00:29:33 [38;5;117m[DEBUG]: [0mThis is a debug message from thread 1318-09-2026 00:29:33 [38;5;117m[DEBUG]: [0mThis is a debug message from thread 218-09-2026 00:29:33 [38;5;015m[INFO]: [0mThis is a info message from thread 1318-09-2026 00:29:33 [38;5;009m[ERROR]: [0mThis is a error message from thread 2718-09-2026 00:29:33 [38;5;015m[INFO]: [0mThis is a info message from thread 218-09-2026 00:29:33 [38;5;117m[DEBUG]: [0mThis is a debug message from thread 118-09-2026 00:29:33 [38;5;009m[ERROR]: [0mThis is a error message from thread 1318-09-2026 00:29:33 [38;5;009m[ERROR]: [0mThis is a error message from thread 218-09-2026 00:29:33 [38;5;015m[INFO]: [0mThis is a info message from thread 2118-09-2026 00:29:33 [38;5;009m[ERROR]: [0mThis is a error message from thread 1418-09-2026 00:29:33 [38;5;009m[ERROR]: [0mThis is a error message from thread 018-09-2026 00:29:33 [38;5;009m[ERROR]: [0mThis is a error message from thread 2118-09-2026 00:29:33 [38;5;117m[DEBUG]: [0mThis is a debug message from thread 1318-09-2026 00:29:33 [38;5;015m[INFO]: [0mThis is a info message from thread 118-09-2026 00:29:33 [38;5;117m[DEBUG]: [0mThis is a debug message from thread 2018-09-2026 00:29:33 [38;5;117m[DEBUG]: [0mThis is a debug message from thread 018-09-2026 00:29:33 [38;5;015m[INFO]: [0mThis is a info message from thread 2018-09-2026 00:29:33 [38;5;117m[DEBUG]: [0mThis is a debug message from thread 1418-09-2026 00:29:33 [38;5;009m[ERROR]: [0mThis is a error message from thread 1018-09-2026 00:29:33 [38;5;015m[INFO]: [0mThis is a info message from thread 2418-09-2026 00:29:33 [38;5;009m[ERROR]: [0mThis is a error message from thread 1518-09-2026 00:29:33 [38;5;015m[INFO]: [0mThis is a info message from thread 018-09-2026 00:29:33 [38;5;009m[ERROR]: [0mThis is a error message from thread 2018-09-2026 00:29:33 [38;5;117m[DEBUG]: [0mThis is a debug message from thread 1518-09-2026 00:29:33 [38;5;117m[DEBUG]: [0mThis is a debug message from thread 1018-09-2026 00:29:33 [38;5;117m[DEBUG]: [0mThis is a debug message from thread 518-09-2026 00:29:33 [38;5;015m[INFO]: [0mThis is a info message from thread 2518-09-2026 00:29:33 [38;5;009m[ERROR]: [0mThis is a error message from thread 118-09-2026 00:29:33 [38;5;015m[INFO]: [0mThis is a info message from thread 1318-09-2026 00:29:33 [38;5;015m[INFO]: [0mThis is a info message from thread 1018-09-2026 00:29:33 [38;5;009m[ERROR]: [0mThis is a error message from thread 2418-09-2026 00:29:33 [38;5;015m[INFO]: [0mThis is a info message from thread 2618-09-2026 00:29:33 [38;5;015m[INFO]: [0mThis is a info message from thread 818-09-2026 00:29:33 [38;5;117m[DEBUG]: [0mThis is a debug message from thread 1218-09-2026 00:29:33 [38;5;015m[INFO]: [0mThis is a info message from thread 2918-09-2026 00:29:33 [38;5;009m[ERROR]: [0mThis is a error message from thread 718-09-2026 00:29:33 [38;5;009m[ERROR]: [0mThis is a error message from thread 2518-09-2026 00:29:33 [38;5;015m[INFO]: [0mThis is a info message from thread 1618-09-2026 00:29:33 [38;5;009m[ERROR]: [0mThis is a error message from thread 2218-09-2026 00:29:33 [38;5;009m[ERROR]: [0mThis is a error message from thread 1718-09-2026 00:29:33 [38;5;009m[ERROR]: [0mThis is a error message from thread 2918-09-2026 00:29:33 [38;5;117m[DEBUG]: [0mThis is a debug message from thread 918-09-2026 00:29:33 [38;5;009m[ERROR]: [0mThis is a error message from thread 1618-09-2026 00:29:33 [38;5;015m[INFO]: [0mThis is a info message from thread 318-09-2026 00:29:33 [38;5;009m[ERROR]: [0mThis is a error message from thread 1018-09-2026 00:29:33 [38;5;009m[ERROR]: [0mThis is a error message from thread 818-09-2026 00:29:33 [38;5;117m[DEBUG]: [0mThis is a debug message from thread 1618-09-2026 00:29:33 [38;5;117m[DEBUG]: [0mThis is a debug message from thread 718-09-2026 00:29:33 [38;5;015m[INFO]: [0mThis is a info message from thread 518-09-2026 00:29:33 [38;5;117m[DEBUG]: [0mThis is a debug message from thread 2218-09-2026 00:29:33 [38;5;015m[INFO]: [0mThis is a info message from thread 1218-09-2026 00:29:33 [38;5;117m[DEBUG]: [0mThis is a debug message from thread 418-09-2026 00:29:33 [38;5;117m[DEBUG]: [0mThis is a debug message from thread 1018-09-2026 00:29:33 [38;5;009m[ERROR]: [0mThis is a error message from thread 1318-09-2026 00:29:33 [38;5;009m[ERROR]: [0mThis is a error message from thread 2618-09-2026 00:29:33 [38;5;015m[INFO]: [0mThis is a info message from thread 1818-09-2026 00:29:33 [38;5;117m[DEBUG]: [0mThis is a debug message from thread 218-09-2026 00:29:33 [38;5;117m[DEBUG]: [0mThis is a debug message from thread 2418-09-2026 00:29:33 [38;5;117m[DEBUG]: [0mThis is a debug message from thread 2918-09-2026 00:29:33 [38;5;015m[INFO]: [0mThis is a info message from thread 2818-09-2026 00:29:33 [38;5;009m[ERROR]: [0mThis is a error message from thread 1118-09-2026 00:29:33 [38;5;117m[DEBUG]: [0mThis is a debug message from thread 118-09-2026 00:29:33 [38;5;015m[INFO]: [0mThis is a info message from thread 218-09-2026 00:29:33 [38;5;009m[ERROR]: [0mThis is a error message from thread 1818-09-2026 00:29:33 [38;5;117m[DEBUG]: [0mThis is a debug message from thread 1318-09-2026 00:29:33 [38;5;117m[DEBUG]: [0mThis is a debug message from thread 2018-09-2026 00:29:33 [38;5;009m[ERROR]: [0mThis is a error message from thread 018-09-2026 00:29:33 [38;5;117m[DEBUG]: [0mThis is a debug message from thread 2618-09-2026 00:29:33 [38;5;015m[INFO]: [0mThis is a info message from thread 1418-09-2026 00:29:33 [38;5;117m[DEBUG]: [0mThis is a debug message from thread 2318-09-2026 00:29:33 [38;5;117m[DEBUG]: [0mThis is a debug message from thread 018-09-2026 00:29:33 [38;5;015m[INFO]: [0mThis is a info message from thread 918-09-2026 00:29:33 [38;5;009m[ERROR]: [0mThis is a error message from thread 1418-09-2026 00:29:33 [38;5;117m[DEBUG]: [0mThis is a debug message from thread 818-09-2026 00:29:33 [38;5;117m[DEBUG]: [0mThis is a debug message from thread 2518-09-2026 00:29:33 [38;5;015m[INFO]: [0mThis is a info message from thread 118-09-2026 00:29:33 [38;5;009m[ERROR]: [0mThis is a error message from thread 918-09-2026 00:29:33 [38;5;117m[DEBUG]: [0mThis is a debug message from thread 1418-09-2026 00:29:33 [38;5;009m[ERROR]: [0mThis is a error message from thread 518-09-2026 00:29:33 [38;5;015m[INFO]: [0mThis is a info message from thread 2318-09-2026 00:29:33 [38;5;117m[DEBUG]: [0mThis is a debug message from thread 2118-09-2026 00:29:33 [38;5;009m[ERROR]: [0mThis is a error message from thread 218-09-2026 00:29:33 [38;5;015m[INFO]: [0mThis is a info message from thread 2518-09-2026 00:29:33 [38;5;015m[INFO]: [0mThis is a info message from thread 1018-09-2026 00:29:33 [38;5;009m[ERROR]: [0mThis is a error message from thread 2318-09-2026 00:29:33 [38;5;117m[DEBUG]: [0mThis is a debug message from thread 918-09-2026 00:29:33 [38;5;009m[ERROR]: [0mThis is a error message from thread 1018-09-2026 00:29:33 [38;5;015m[INFO]: [0mThis is a info message from thread 718-09-2026 00:29:33 [38;5;015m[INFO]: [0mThis is a info message from thread 1618-09-2026 00:29:33 [38;5;117m[DEBUG]: [0mThis is a debug message from thread 2318-09-2026 00:29:33 [38;5;117m[DEBUG]: [0mThis is a debug message from thread 518-09-2026 00:29:33 [38;5;015m[INFO]: [0mThis is a info message from thread 2318-09-2026 00:29:33 [38;5;015m[INFO]: [0mThis is a info message from thread 618-09-2026 00:29:33 [38;5;015m[INFO]: [0mThis is a info message from thread 1518-09-2026 00:29:33 [38;5;015m[INFO]: [0mThis is a info message from thread 2918-09-2026 00:29:33 [38;5;117m[DEBUG]: [0mThis is a debug message from thread 1018-09-2026 00:29:33 [38;5;009m[ERROR]: [0mThis is a error message from thread 618-09-2026 00:29:33 [38;5;009m[ERROR]: [0mThis is a error message from thread 2318-09-2026 00:29:33 [38;5;015m[INFO]: [0mThis is a info message from thread 518-09-2026 00:29:33 [38;5;009m[ERROR]: [0mThis is a error message from thread 1618-09-2026 00:29:33 [38;5;015m[INFO]: [0mThis is a info message from thread 418-09-2026 00:29:33 [38;5;009m[ERROR]: [0mThis is a error message from thread 1518-09-2026 00:29:33 [38;5;015m[INFO]: [0mThis is a info message from thread 2618-09-2026 00:29:33 [38;5;015m[INFO]: [0mThis is a info message from thread 1318-09-2026 00:29:33 [38;5;009m[ERROR]: [0mThis is a error message from thread 518-09-2026 00:29:33 [38;5;009m[ERROR]: [0mThis is a error message from thread 2518-09-2026 00:29:33 [38;5;015m[INFO]: [0mThis is a info message from thread 1018-09-2026 00:29:33 [38;5;117m[DEBUG]: [0mThis is a debug message from thread 518-09-2026 00:29:33 [38;5;009m[ERROR]: [0mThis is a error message from thread 318-09-2026 00:29:33 [38;5;009m[ERROR]: [0mThis is a error message from thread 2918-09-2026 00:29:33 [38;5;015m[INFO]: [0mThis is a info message from thread 2018-09-2026 00:29:33 [38;5;015m[INFO]: [0mThis is a info message from thread 2218-09-2026 00:29:33 [38;5;009m[ERROR]: [0mThis is a error message from thread 418-09-2026 00:29:33 [38;5;015m[INFO]: [0mThis is a info message from thread 018-09-2026 00:29:33 [38;5;117m[DEBUG]: [0mThis is a debug message from thread 418-09-2026 00:29:33 [38;5;009m[ERROR]: [0mThis is a error message from thread 718-09-2026 00:29:33 [38;5;015m[INFO]: [0mThis is a info message from thread 1418-09-2026 00:29:33 [38;5;015m[INFO]: [0mThis is a info message from thread 2418-09-2026 00:29:33 [38;5;117m[DEBUG]: [0mThis is a debug message from thread 1618-09-2026 00:29:33 [38;5;009m[ERROR]: [0mThis is a error message from thread 1918-09-2026 00:29:33 [38;5;015m[INFO]: [0mThis is a info message from thread 518-09-2026 00:29:33 [38;5;117m[DEBUG]: [0mThis is a debug message from thread 318-09-2026 00:29:33 [38;5;117m[DEBUG]: [0mThis is a debug message from thread 1518-09-2026 00:29:33 [38;5;117m[DEBUG]: [0mThis is a debug message from thread 2518-09-2026 00:29:33 [38;5;015m[INFO]: [0mThis is a info message from thread 918-09-2026 00:29:33 [38;5;009m[ERROR]: [0mThis is a error message from thread 1218-09-2026 00:29:33 [38;5;117m[DEBUG]: [0mThis is a debug message from thread 1718-09-2026 00:29:33 [38;5;015m[INFO]: [0mThis is a info message from thread 818-09-2026 00:29:33 [38;5;009m[ERROR]: [0mThis is a error message from thread 2818-09-2026 00:29:33 [38;5;015m[INFO]: [0mThis is a info message from thread 318-09-2026 00:29:33 [38;5;009m[ERROR]: [0mThis is a error message from thread 2418-09-2026 00:29:33 [38;5;015m[INFO]: [0mThis is a info message from thread 418-09-2026 00:29:33 [38;5;015m[INFO]: [0mThis is a info message from thread 2118-09-2026 00:29:33 [38;5;009m[ERROR]: [0mThis is a error message from thread 518-09-2026 00:29:33 [38;5;009m[ERROR]: [0mThis is a error message from thread 1318-09-2026 00:29:33 [38;5;009m[ERROR]: [0mThis is a error message from thread 018-09-2026 00:29:33 [38;5;009m[ERROR]: [0mThis is a error message from thread 2618-09-2026 00:29:33 [38;5;009m[ERROR]: [0mThis is a error message from thread 1418-09-2026 00:29:33 [38;5;009m[ERROR]: [0mThis is a error message from thread 118-09-2026 00:29:33 [38;5;015m[INFO]: [0mThis is a info message from thread 1618-09-2026 00:29:33 [38;5;009m[ERROR]: [0mThis is a error message from thread 418-09-2026 00:29:33 [38;5;117m[DEBUG]: [0mThis is a debug message from thread 018-09-2026 00:29:33 [38;5;117m[DEBUG]: [0mThis is a debug message from thread 2618-09-2026 00:29:33 [38;5;009m[ERROR]: [0mThis is a error message from thread 2118-09-2026 00:29:33 [38;5;117m[DEBUG]: [0mThis is a debug message from thread 118-09-2026 00:29:33 [38;5;015m[INFO]: [0mThis is a info message from thread 2618-09-2026 00:29:33 [38;5;117m[DEBUG]: [0mThis is a debug message from thread 2118-09-2026 00:29:33 [38;5;015m[INFO]: [0mThis is a info message from thread 2118-09-2026 00:29:33 [38;5;009m[ERROR]: [0mThis is a error message from thread 2618-09-2026 00:29:33 [38;5;117m[DEBUG]: [0mThis is a debug message from thread 518-09-2026 00:29:33 [38;5;117m[DEBUG]: [0mThis is a debug message from thread 418-09-2026 00:29:33 [38;5;015m[INFO]: [0mThis is a info message from thread 1718-09-2026 00:29:33 [38;5;015m[INFO]: [0mThis is a info message from thread 018-09-2026 00:29:33 [38;5;015m[INFO]: [0mThis is a info message from thread 118-09-2026 00:29:33 [38;5;117m[DEBUG]: [0mThis is a debug message from thread 1418-09-2026 00:29:33 [38;5;015m[INFO]: [0mThis is a info message from thread 1418-09-2026 00:29:33 [38;5;117m[DEBUG]: [0mThis is a debug message from thread 2618-09-2026 00:29:33 [38;5;009m[ERROR]: [0mThis is a error message from thread 118-09-2026 00:29:33 [38;5;009m[ERROR]: [0mThis is a error message from thread 1418-09-2026 00:29:33 [38;5;117m[DEBUG]: [0mThis is a debug message from thread 1418-09-2026 00:29:33 [38;5;015m[INFO]: [0mThis is a info message from thread 418-09-2026 00:29:33 [38;5;009m[ERROR]: [0mThis is a error message from thread 2218-09-2026 00:29:33 [38;5;015m[INFO]: [0mThis is a info message from thread 2518-09-2026 00:29:33 [38;5;117m[DEBUG]: [0mThis is a debug message from thread 2218-09-2026 00:29:33 [38;5;117m[DEBUG]: [0mThis is a debug message from thread 1318-09-2026 00:29:33 [38;5;009m[ERROR]: [0mThis is a error message from thread 418-09-2026 00:29:33 [38;5;117m[DEBUG]: [0mThis is a debug message from thread 1118-09-2026 00:29:33 [38;5;009m[ERROR]: [0mThis is a error message from thread 1718-09-2026 00:29:33 [38;5;015m[INFO]: [0mThis is a info message from thread 1318-09-2026 00:29:33 [38;5;117m[DEBUG]: [0mThis is a debug message from thread 2318-09-2026 00:29:33 [38;5;009m[ERROR]: [0mThis is a error message from thread 818-09-2026 00:29:33 [38;5;015m[INFO]: [0mThis is a info message from thread 518-09-2026 00:29:33 [38;5;009m[ERROR]: [0mThis is a error message from thread 2018-09-2026 00:29:33 [38;5;015m[INFO]: [0mThis is a info message from thread 2218-09-2026 00:29:33 [38;5;015m[INFO]: [0mThis is a info message from thread 2318-09-2026 00:29:33 [38;5;009m[ERROR]: [0mThis is a error message from thread 1318-09-2026 00:29:33 [38;5;117m[DEBUG]: [0mThis is a debug message from thread 2718-09-2026 00:29:33 [38;5;117m[DEBUG]: [0mThis is a debug message from thread 1718-09-2026 00:29:33 [38;5;117m[DEBUG]: [0mThis is a debug message from thread 1818-09-2026 00:29:33 [38;5;117m[DEBUG]: [0mThis is a debug message from thread 2918-09-2026 00:29:33 [38;5;009m[ERROR]: [0mThis is a error message from thread 518-09-2026 00:29:33 [38;5;117m[DEBUG]: [0mThis is a debug message from thread 2418-09-2026 00:29:33 [38;5;117m[DEBUG]: [0mThis is a debug message from thread 618-09-2026 00:29:33 [38;5;117m[DEBUG]: [0mThis is a debug message from thread 2018-09-2026 00:29:33 [38;5;117m[DEBUG]: [0mThis is a debug message from thread 1918-09-2026 00:29:33 [38;5;009m[ERROR]: [0mThis is a error message from thread 2218-09-2026 00:29:33 [38;5;015m[INFO]: [0mThis is a info message from thread 1818-09-2026 00:29:33 [38;5;117m[DEBUG]: [0mThis is a debug message from thread 218-09-2026 00:29:33 [38;5;015m[INFO]: [0mThis is a info message from thread 1718-09-2026 00:29:33 [38;5;117m[DEBUG]: [0mThis is a debug message from thread 518-09-2026 00:29:33 [38;5;015m[INFO]: [0mThis is a info message from thread 2018-09-2026 00:29:33 [38;5;009m[ERROR]: [0mThis is a error message from thread 1718-09-2026 00:29:33 [38;5;015m[INFO]: [0mThis is a info message from thread 618-09-2026 00:29:33 [38;5;015m[INFO]: [0mThis is a info message from thread 518-09-2026 00:29:33 [38;5;117m[DEBUG]: [0mThis is a debug message from thread 2218-09-2026 00:29:33 [38;5;015m[INFO]: [0mThis is a info message from thread 1518-09-2026 00:29:33 [38;5;009m[ERROR]: [0mThis is a error message from thread 1618-09-2026 00:29:33 [38;5;117m[DEBUG]: [0mThis is a debug message from thread 1218-09-2026 00:29:33 [38;5;009m[ERROR]: [0mThis is a error message from thread 518-09-2026 00:29:33 [38;5;009m[ERROR]: [0mThis is a error message from thread 618-09-2026 00:29:33 [38;5;009m[ERROR]: [0mThis is a error message from thread 318-09-2026 00:29:33 [38;5;015m[INFO]: [0mThis is a info message from thread 1918-09-2026 00:29:33 [38;5;015m[INFO]: [0mThis is a info message from thread 2618-09-2026 00:29:33 [38;5;009m[ERROR]: [0mThis is a error message from thread 018-09-2026 00:29:33 [38;5;117m[DEBUG]: [0mThis is a debug message from thread 518-09-2026 00:29:33 [38;5;009m[ERROR]: [0mThis is a error message from thread 1818-09-2026 00:29:33 [38;5;117m[DEBUG]: [0mThis is a debug message from thread 1618-09-2026 00:29:33 [38;5;015m[INFO]: [0mThis is a info message from thread 2718-09-2026 00:29:33 [38;5;117m[DEBUG]: [0mThis is a debug message from thread 318-09-2026 00:29:33 [38;5;117m[DEBUG]: [0mThis is a debug message from thread 118-09-2026 00:29:33 [38;5;015m[INFO]: [0mThis is a info message from thread 1218-09-2026 00:29:33 [38;5;009m[ERROR]: [0mThis is a error message from thread 2618-09-2026 00:29:33 [38;5;117m[DEBUG]: [0mThis is a debug message from thread 018-09-2026 00:29:33 [38;5;117m[DEBUG]: [0mThis is a debug message from thread 818-09-2026 00:29:33 [38;5;015m[INFO]: [0mThis is a info message from thread 318-09-2026 00:29:33 [38;5;015m[INFO]: [0mThis is a info message from thread 2918-09-2026 00:29:33 [38;5;117m[DEBUG]: [0mThis is a debug message from thread 2618-09-2026 00:29:33 [38;5;015m[INFO]: [0mThis is a info message from thread 218-09-2026 00:29:33 [38;5;009m[ERROR]: [0mThis is a error message from thread 218-09-2026 00:29:33 [38;5;009m[ERROR]: [0mThis is a error message from thread 1018-09-2026 00:29:33 [38;5;009m[ERROR]: [0mThis is a error message from thread 918-09-2026 00:29:33 [38;5;009m[ERROR]: [0mThis is a error message from thread 318-09-2026 00:29:33 [38;5;015m[INFO]: [0mThis is a info message from thread 1418-09-2026 00:29:33 [38;5;015m[INFO]: [0mThis is a info message from thread 2418-09-2026 00:29:33 [38;5;117m[DEBUG]: [0mThis is a debug message from thread 618-09-2026 00:29:33 [38;5;015m[INFO]: [0mThis is a info message from thread 518-09-2026 00:29:33 [38;5;015m[INFO]: [0mThis is a info message from thread 2618-09-2026 00:29:33 [38;5;009m[ERROR]: [0mThis is a error message from thread 1918-09-2026 00:29:33 [38;5;009m[ERROR]: [0mThis is a error message from thread 1218-09-2026 00:29:33 [38;5;117m[DEBUG]: [0mThis is a debug message from thread 918-09-2026 00:29:33 [38;5;009m[ERROR]: [0mThis is a error message from thread 1418-09-2026 00:29:33 [38;5;009m[ERROR]: [0mThis is a error message from thread 2418-09-2026 00:29:33 [38;5;015m[INFO]: [0mThis is a info message from thread 1618-09-2026 00:29:33 [38;5;009m[ERROR]: [0mThis is a error message from thread 2118-09-2026 00:29:33 [38;5;117m[DEBUG]: [0mThis is a debug message from thread 1418-09-2026 00:29:33 [38;5;009m[ERROR]: [0mThis is a error message from thread 2718-09-2026 00:29:33 [38;5;117m[DEBUG]: [0mThis is a debug message from thread 318-09-2026 00:29:33 [38;5;009m[ERROR]: [0mThis is a error message from thread 1518-09-2026 00:29:33 [38;5;117m[DEBUG]: [0mThis is a debug message from thread 2418-09-2026 00:29:33 [38;5;015m[INFO]: [0mThis is a info message from thread 2418-09-2026 00:29:33 [38;5;015m[INFO]: [0mThis is a info message from thread 318-09-2026 00:29:33 [38;5;117m[DEBUG]: [0mThis is a debug message from thread 1218-09-2026 00:29:33 [38;5;009m[ERROR]: [0mThis is a error message from thread 2918-09-2026 00:29:33 [38;5;015m[INFO]: [0mThis is a info message from thread 1218-09-2026 00:29:33 [38;5;015m[INFO]: [0mThis is a info message from thread 818-09-2026 00:29:33 [38;5;015m[INFO]: [0mThis is a info message from thread 118-09-2026 00:29:33 [38;5;015m[INFO]: [0mThis is a info message from thread 1418-09-2026 00:29:33 [38;5;009m[ERROR]: [0mThis is a error message from thread 1218-09-2026 00:29:33 [38;5;117m[DEBUG]: [0mThis is a debug message from thread 1818-09-2026 00:29:33 [38;5;015m[INFO]: [0mThis is a info message from thread 1118-09-2026 00:29:33 [38;5;009m[ERROR]: [0mThis is a error message from thread 2318-09-2026 00:29:33 [38;5;009m[ERROR]: [0mThis is a error message from thread 2018-09-2026 00:29:33 [38;5;117m[DEBUG]: [0mThis is a debug message from thread 2318-09-2026 00:29:33 [38;5;009m[ERROR]: [0mThis is a error message from thread 118-09-2026 00:29:33 [38;5;015m[INFO]: [0mThis is a info message from thread 918-09-2026 00:29:33 [38;5;117m[DEBUG]: [0mThis is a debug message from thread 2118-09-2026 00:29:33 [38;5;015m[INFO]: [0mThis is a info message from thread 1818-09-2026 00:29:33 [38;5;117m[DEBUG]: [0mThis is a debug message from thread 1718-09-2026 00:29:33 [38;5;015m[INFO]: [0mThis is a info message from thread 1718-09-2026 00:29:33 [38;5;009m[ERROR]: [0mThis is a error message from thread 1118-09-2026 00:29:33 [38;5;009m[ERROR]: [0mThis is a error message from thread 1618-09-2026 00:29:33 [38;5;117m[DEBUG]: [0mThis is a debug message from thread 1918-09-2026 00:29:33 [38;5;009m[ERROR]: [0mThis is a error message from thread 2518-09-2026 00:29:33 [38;5;015m[INFO]: [0mThis is a info message from thread 2118-09-2026 00:29:33 [38;5;009m[ERROR]: [0mThis is a error message from thread 1418-09-2026 00:29:33 [38;5;117m[DEBUG]: [0mThis is a debug message from thread 718-09-2026 00:29:33 [38;5;117m[DEBUG]: [0mThis is a debug message from thread 118-09-2026 00:29:33 [38;5;117m[DEBUG]: [0mThis is a debug message from thread 418-09-2026 00:29:33 [38;5;015m[INFO]: [0mThis is a info message from thread 2318-09-2026 00:29:33 [38;5;117m[DEBUG]: [0mThis is a debug message from thread 2018-09-2026 00:29:33 [38;5;117m[DEBUG]: [0mThis is a debug message from thread 1318-09-2026 00:29:33 [38;5;009m[ERROR]: [0mThis is a error message from thread 518-09-2026 00:29:33 [38;5;009m[ERROR]: [0mThis is a error message from thread 2418-09-2026 00:29:33 [38;5;117m[DEBUG]: [0mThis is a debug message from thread 2518-09-2026 00:29:33 [38;5;117m[DEBUG]: [0mThis is a debug message from thread 2718-09-2026 00:29:33 [38;5;009m[ERROR]: [0mThis is a error message from thread 2618-09-2026 00:29:33 [38;5;117m[DEBUG]: [0mThis is a debug message from thread 2418-09-2026 00:29:33 [38;5;015m[INFO]: [0mThis is a info message from thread 2518-09-2026 00:29:33 [38;5;015m[INFO]: [0mThis is a info message from thread 718-09-2026 00:29:33 [38;5;117m[DEBUG]: [0mThis is a debug message from thread 1418-09-2026 00:29:33 [38;5;009m[ERROR]: [0mThis is a error message from thread 318-09-2026 00:29:33 [38;5;015m[INFO]: [0mThis is a info message from thread 1318-09-2026 00:29:33 [38;5;009m[ERROR]: [0mThis is a error message from thread 2518-09-2026 00:29:33 [38;5;015m[INFO]: [0mThis is a info message from thread 1918-09-2026 00:29:33 [38;5;009m[ERROR]: [0mThis is a error message from thread 818-09-2026 00:29:33 [38;5;015m[INFO]: [0mThis is a info message from thread 2418-09-2026 00:29:33 [38;5;117m[DEBUG]: [0mThis is a debug message from thread 2618-09-2026 00:29:33 [38;5;015m[INFO]: [0mThis is a info message from thread 2218-09-2026 00:29:33 [38;5;117m[DEBUG]: [0mThis is a debug message from thread 2518-09-2026 00:29:33 [38;5;117m[DEBUG]: [0mThis is a debug message from thread 1218-09-2026 00:29:33 [38;5;015m[INFO]: [0mThis is a info message from thread 2018-09-2026 00:29:33 [38;5;009m[ERROR]: [0mThis is a error message from thread 1718-09-2026 00:29:33 [38;5;117m[DEBUG]: [0mThis is a debug message from thread 2818-09-2026 00:29:33 [38;5;009m[ERROR]: [0mThis is a error message from thread 1818-09-2026 00:29:33 [38;5;015m[INFO]: [0mThis is a info message from thread 2818-09-2026 00:29:33 [38;5;015m[INFO]: [0mThis is a info message from thread 1218-09-2026 00:29:33 [38;5;009m[ERROR]: [0mThis is a error message from thread 2418-09-2026 00:29:33 [38;5;117m[DEBUG]: [0mThis is a debug message from thread 2418-09-2026 00:29:33 [38;5;009m[ERROR]: [0mThis is a error message from thread 2218-09-2026 00:29:33 [38;5;015m[INFO]: [0mThis is a info message from thread 2418-09-2026 00:29:33 [38;5;117m[DEBUG]: [0mThis is a debug message from thread 818-09-2026 00:29:33 [38;5;009m[ERROR]: [0mThis is a error message from thread 2018-09-2026 00:29:33 [38;5;009m[ERROR]: [0mThis is a error message from thread 1218-09-2026 00:29:33 [38;5;009m[ERROR]: [0mThis is a error message from thread 2818-09-2026 00:29:33 [38;5;117m[DEBUG]: [0mThis is a debug message from thread 1118-09-2026 00:29:33 [38;5;117m[DEBUG]: [0mThis is a debug message from thread 1818-09-2026 00:29:33 [38;5;015m[INFO]: [0mThis is a info message from thread 2718-09-2026 00:29:33 [38;5;015m[INFO]: [0mThis is a info message from thread 618-09-2026 00:29:33 [38;5;015m[INFO]: [0mThis is a info message from thread 118-09-2026 00:29:33 [38;5;117m[DEBUG]: [0mThis is a debug message from thread 318-09-2026 00:29:33 [38;5;117m[DEBUG]: [0mThis is a debug message from thread 2918-09-2026 00:29:33 [38;5;117m[DEBUG]: [0mThis is a debug message from thread 1718-09-2026 00:29:33 [38;5;117m[DEBUG]: [0mThis is a debug message from thread 1618-09-2026 00:29:33 [38;5;009m[ERROR]: [0mThis is a error message from thread 2418-09-2026 00:29:33 [38;5;009m[ERROR]: [0mThis is a error message from thread 1918-09-2026 00:29:33 [38;5;117m[DEBUG]: [0mThis is a debug message from thread 2818-09-2026 00:29:33 [38;5;009m[ERROR]: [0mThis is a error message from thread 618-09-2026 00:29:33 [38;5;117m[DEBUG]: [0mThis is a debug message from thread 2418-09-2026 00:29:33 [38;5;015m[INFO]: [0mThis is a info message from thread 2918-09-2026 00:29:33 [38;5;117m[DEBUG]: [0mThis is a debug message from thread 2218-09-2026 00:29:33 [38;5;009m[ERROR]: [0mThis is a error message from thread 2718-09-2026 00:29:33 [38;5;117m[DEBUG]: [0mThis is a debug message from thread 618-09-2026 00:29:33 [38;5;009m[ERROR]: [0mThis is a error message from thread 718-09-2026 00:29:33 [38;5;015m[INFO]: [0mThis is a info message from thread 1818-09-2026 00:29:33 [38;5;117m[DEBUG]: [0mThis is a debug message from thread 718-09-2026 00:29:33 [38;5;117m[DEBUG]: [0mThis is a debug message from thread 1518-09-2026 00:29:33 [38;5;015m[INFO]: [0mThis is a info message from thread 2418-09-2026 00:29:33 [38;5;015m[INFO]: [0mThis is a info message from thread 018-09-2026 00:29:33 [38;5;009m[ERROR]: [0mThis is a error message from thread 1318-09-2026 00:29:33 [38;5;015m[INFO]: [0mThis is a info message from thread 618-09-2026 00:29:33 [38;5;117m[DEBUG]: [0mThis is a debug message from thread 218-09-2026 00:29:33 [38;5;009m[ERROR]: [0mThis is a error message from thread 918-09-2026 00:29:33 [38;5;015m[INFO]: [0mThis is a info message from thread 2218-09-2026 00:29:33 [38;5;117m[DEBUG]: [0mThis is a debug message from thread 518-09-2026 00:29:33 [38;5;015m[INFO]: [0mThis is a info message from thread 718-09-2026 00:29:33 [38;5;009m[ERROR]: [0mThis is a error message from thread 618-09-2026 00:29:33 [38;5;009m[ERROR]: [0mThis is a error message from thread 018-09-2026 00:29:33 [38;5;015m[INFO]: [0mThis is a info message from thread 818-09-2026 00:29:33 [38;5;117m[DEBUG]: [0mThis is a debug message from thread 1318-09-2026 00:29:33 [38;5;117m[DEBUG]: [0mThis is a debug message from thread 1218-09-2026 00:29:33 [38;5;117m[DEBUG]: [0mThis is a debug message from thread 2718-09-2026 00:29:33 [38;5;009m[ERROR]: [0mThis is a error message from thread 1818-09-2026 00:29:33 [38;5;009m[ERROR]: [0mThis is a error message from thread 2218-09-2026 00:29:33 [38;5;015m[INFO]: [0mThis is a info message from thread 1718-09-2026 00:29:33 [38;5;009m[ERROR]: [0mThis is a error message from thread 2118-09-2026 00:29:33 [38;5;009m[ERROR]: [0mThis is a error message from thread 2418-09-2026 00:29:33 [38;5;009m[ERROR]: [0mThis is a error message from thread 118-09-2026 00:29:33 [38;5;117m[DEBUG]: [0mThis is a debug message from thread 1918-09-2026 00:29:33 [38;5;009m[ERROR]: [0mThis is a error message from thread 718-09-2026 00:29:33 [38;5;117m[DEBUG]: [0mThis is a debug message from thread 2218-09-2026 00:29:33 [38;5;015m[INFO]: [0mThis is a info message from thread 1218-09-2026 00:29:33 [38;5;117m[DEBUG]: [0mThis is a debug message from thread 2418-09-2026 00:29:33 [38;5;117m[DEBUG]: [0mThis is a debug message from thread 018-09-2026 00:29:33 [38;5;015m[INFO]: [0mThis is a info message from thread 2518-09-2026 00:29:33 [38;5;015m[INFO]: [0mThis is a info message from thread 2718-09-2026 00:29:33 [38;5;015m[INFO]: [0mThis is a info message from thread 2818-09-2026 00:29:33 [38;5;009m[ERROR]: [0mThis is a error message from thread 1218-09-2026 00:29:33 [38;5;117m[DEBUG]: [0mThis is a debug message from thread 1218-09-2026 00:29:33 [38;5;009m[ERROR]: [0mThis is a error message from thread 2718-09-2026 00:29:33 [38;5;009m[ERROR]: [0mThis is a error message from thread 2818-09-2026 00:29:33 [38;5;009m[ERROR]: [0mThis is a error message from thread 2518-09-2026 00:29:33 [38;5;117m[DEBUG]: [0mThis is a debug message from thread 718-09-2026 00:29:33 [38;5;117m[DEBUG]: [0mThis is a debug message from thread 2718-09-2026 00:29:33 [38;5;015m[INFO]: [0mThis is a info message from thread 2718-09-2026 00:29:33 [38;5;117m[DEBUG]: [0mThis is a debug message from thread 2518-09-2026 00:29:33 [38;5;015m[INFO]: [0mThis is a info message from thread 1218-09-2026 00:29:33 [38;5;009m[ERROR]: [0mThis is a error message from thread 2718-09-2026 00:29:33 [38;5;015m[INFO]: [0mThis is a info message from thread 2218-09-2026 00:29:33 [38;5;117m[DEBUG]: [0mThis is a debug message from thread 1818-09-2026 00:29:33 [38;5;015m[INFO]: [0mThis is a info message from thread 718-09-2026 00:29:33 [38;5;015m[INFO]: [0mThis is a info message from thread 1918-09-2026 00:29:33 [38;5;015m[INFO]: [0mThis is a info message from thread 318-09-2026 00:29:33 [38;5;015m[INFO]: [0mThis is a info message from thread 1818-09-2026 00:29:33 [38;5;015m[INFO]: [0mThis is a info message from thread 018-09-2026 00:29:33 [38;5;015m[INFO]: [0mThis is a info message from thread 2518-09-2026 00:29:33 [38;5;009m[ERROR]: [0mThis is a error message from thread 2918-09-2026 00:29:33 [38;5;015m[INFO]: [0mThis is a info message from thread 518-09-2026 00:29:33 [38;5;015m[INFO]: [0mThis is a info message from thread 1118-09-2026 00:29:33 [38;5;009m[ERROR]: [0mThis is a error message from thread 318-09-2026 00:29:33 [38;5;117m[DEBUG]: [0mThis is a debug message from thread 118-09-2026 00:29:33 [38;5;009m[ERROR]: [0mThis is a error message from thread 1818-09-2026 00:29:33 [38;5;117m[DEBUG]: [0mThis is a debug message from thread 2118-09-2026 00:29:33 [38;5;009m[ERROR]: [0mThis is a error message from thread 2218-09-2026 00:29:33 [38;5;009m[ERROR]: [0mThis is a error message from thread 2518-09-2026 00:29:33 [38;5;015m[INFO]: [0mThis is a info message from thread 218-09-2026 00:29:33 [38;5;009m[ERROR]: [0mThis is a error message from thread 218-09-2026 00:29:33 [38;5;117m[DEBUG]: [0mThis is a debug message from thread 318-09-2026 00:29:33 [38;5;117m[DEBUG]: [0mThis is a debug message from thread 2918-09-2026 00:29:33 [38;5;015m[INFO]: [0mThis is a info message from thread 318-09-2026 00:29:33 [38;5;117m[DEBUG]: [0mThis is a debug message from thread 1018-09-2026 00:29:33 [38;5;117m[DEBUG]: [0mThis is a debug message from thread 218-09-2026 00:29:33 [38;5;015m[INFO]: [0mThis is a info message from thread 2918-09-2026 00:29:33 [38;5;015m[INFO]: [0mThis is a info message from thread 1018-09-2026 00:29:33 [38;5;015m[INFO]: [0mThis is a info message from thread 418-09-2026 00:29:33 [38;5;009m[ERROR]: [0mThis is a error message from thread 318-09-2026 00:29:33 [38;5;117m[DEBUG]: [0mThis is a debug message from thread 618-09-2026 00:29:33 [38;5;009m[ERROR]: [0mThis is a error message from thread 1018-09-2026 00:29:33 [38;5;009m[ERROR]: [0mThis is a error message from thread 2918-09-2026 00:29:33 [38;5;117m[DEBUG]: [0mThis is a debug message from thread 318-09-2026 00:29:33 [38;5;009m[ERROR]: [0mThis is a error message from thread 1118-09-2026 00:29:33 [38;5;117m[DEBUG]: [0mThis is a debug message from thread 2918-09-2026 00:29:33 [38;5;117m[DEBUG]: [0mThis is a debug message from thread 2518-09-2026 00:29:33 [38;5;015m[INFO]: [0mThis is a info message from thread 318-09-2026 00:29:33 [38;5;117m[DEBUG]: [0mThis is a debug message from thread 2018-09-2026 00:29:33 [38;5;015m[INFO]: [0mThis is a info message from thread 118-09-2026 00:29:33 [38;5;015m[INFO]: [0mThis is a info message from thread 2118-09-2026 00:29:33 [38;5;015m[INFO]: [0mThis is a info message from thread 1518-09-2026 00:29:33 [38;5;009m[ERROR]: [0mThis is a error message from thread 318-09-2026 00:29:33 [38;5;015m[INFO]: [0mThis is a info message from thread 2918-09-2026 00:29:33 [38;5;015m[INFO]: [0mThis is a info message from thread 2018-09-2026 00:29:33 [38;5;015m[INFO]: [0mThis is a info message from thread 618-09-2026 00:29:33 [38;5;009m[ERROR]: [0mThis is a error message from thread 2118-09-2026 00:29:33 [38;5;117m[DEBUG]: [0mThis is a debug message from thread 2118-09-2026 00:29:33 [38;5;009m[ERROR]: [0mThis is a error message from thread 1518-09-2026 00:29:33 [38;5;015m[INFO]: [0mThis is a info message from thread 2118-09-2026 00:29:33 [38;5;009m[ERROR]: [0mThis is a error message from thread 618-09-2026 00:29:33 [38;5;009m[ERROR]: [0mThis is a error message from thread 118-09-2026 00:29:33 [38;5;117m[DEBUG]: [0mThis is a debug message from thread 918-09-2026 00:29:33 [38;5;009m[ERROR]: [0mThis is a error message from thread 2318-09-2026 00:29:33 [38;5;117m[DEBUG]: [0mThis is a debug message from thread 318-09-2026 00:29:33 [38;5;015m[INFO]: [0mThis is a info message from thread 1318-09-2026 00:29:33 [38;5;015m[INFO]: [0mThis is a info message from thread 1418-09-2026 00:29:33 [38;5;009m[ERROR]: [0mThis is a error message from thread 1918-09-2026 00:29:33 [38;5;117m[DEBUG]: [0mThis is a debug message from thread 2818-09-2026 00:29:33 [38;5;117m[DEBUG]: [0mThis is a debug message from thread 1018-09-2026 00:29:33 [38;5;015m[INFO]: [0mThis is a info message from thread 1618-09-2026 00:29:33 [38;5;015m[INFO]: [0mThis is a info message from thread 2618-09-2026 00:29:33 [38;5;009m[ERROR]: [0mThis is a error message from thread 2918-09-2026 00:29:33 [38;5;009m[ERROR]: [0mThis is a error message from thread 1618-09-2026 00:29:33 [38;5;015m[INFO]: [0mThis is a info message from thread 1018-09-2026 00:29:33 [38;5;009m[ERROR]: [0mThis is a error message from thread 2018-09-2026 00:29:33 [38;5;009m[ERROR]: [0mThis is a error message from thread 2118-09-2026 00:29:33 [38;5;015m[INFO]: [0mThis is a info message from thread 2818-09-2026 00:29:33 [38;5;009m[ERROR]: [0mThis is a error message from thread 818-09-2026 00:29:33 [38;5;009m[ERROR]: [0mThis is a error message from thread 1018-09-2026 00:29:33 [38;5;117m[DEBUG]: [0mThis is a debug message from thread 1618-09-2026 00:29:33 [38;5;117m[DEBUG]: [0mThis is a debug message from thread 2118-09-2026 00:29:33 [38;5;117m[DEBUG]: [0mThis is a debug message from thread 2918-09-2026 00:29:33 [38;5;009m[ERROR]: [0mThis is a error message from thread 518-09-2026 00:29:33 [38;5;009m[ERROR]: [0mThis is a error message from thread 1418-09-2026 00:29:33 [38;5;009m[ERROR]: [0mThis is a error message from thread 2818-09-2026 00:29:33 [38;5;117m[DEBUG]: [0mThis is a debug message from thread 2718-09-2026 00:29:33 [38;5;117m[DEBUG]: [0mThis is a debug message from thread 2018-09-2026 00:29:33 [38;5;009m[ERROR]: [0mThis is a error message from thread 2618-09-2026 00:29:33 [38;5;015m[INFO]: [0mThis is a info message from thread 918-09-2026 00:29:33 [38;5;117m[DEBUG]: [0mThis is a debug message from thread 118-09-2026 00:29:33 [38;5;015m[INFO]: [0mThis is a info message from thread 2718-09-2026 00:29:33 [38;5;117m[DEBUG]: [0mThis is a debug message from thread 1018-09-2026 00:29:33 [38;5;015m[INFO]: [0mThis is a info message from thread 2118-09-2026 00:29:33 [38;5;117m[DEBUG]: [0mThis is a debug message from thread 2818-09-2026 00:29:33 [38;5;117m[DEBUG]: [0mThis is a debug message from thread 818-09-2026 00:29:33 [38;5;117m[DEBUG]: [0mThis is a debug message from thread 2618-09-2026 00:29:33 [38;5;009m[ERROR]: [0mThis is a error message from thread 1218-09-2026 00:29:33 [38;5;117m[DEBUG]: [0mThis is a debug message from thread 2218-09-2026 00:29:33 [38;5;009m[ERROR]: [0mThis is a error message from thread 918-09-2026 00:29:33 [38;5;117m[DEBUG]: [0mThis is a debug message from thread 1218-09-2026 00:29:33 [38;5;015m[INFO]: [0mThis is a info message from thread 2018-09-2026 00:29:33 [38;5;015m[INFO]: [0mThis is a info message from thread 2518-09-2026 00:29:33 [38;5;117m[DEBUG]: [0mThis is a debug message from thread 1818-09-2026 00:29:33 [38;5;009m[ERROR]: [0mThis is a error message from thread 1718-09-2026 00:29:33 [38;5;009m[ERROR]: [0mThis is a error message from thread 2718-09-2026 00:29:33 [38;5;009m[ERROR]: [0mThis is a error message from thread 2518-09-2026 00:29:33 [38;5;117m[DEBUG]: [0mThis is a debug message from thread 918-09-2026 00:29:33 [38;5;015m[INFO]: [0mThis is a info message from thread 1218-09-2026 00:29:33 [38;5;117m[DEBUG]: [0mThis is a debug message from thread 2718-09-2026 00:29:33 [38;5;009m[ERROR]: [0mThis is a error message from thread 1218-09-2026 00:29:33 [38;5;117m[DEBUG]: [0mThis is a debug message from thread 2518-09-2026 00:29:33 [38;5;015m[INFO]: [0mThis is a info message from thread 318-09-2026 00:29:33 [38;5;015m[INFO]: [0mThis is a info message from thread 118-09-2026 00:29:33 [38;5;015m[INFO]: [0mThis is a info message from thread 2718-09-2026 00:29:33 [38;5;015m[INFO]: [0mThis is a info message from thread 1618-09-2026 00:29:33 [38;5;117m[DEBUG]: [0mThis is a debug message from thread 518-09-2026 00:29:33 [38;5;015m[INFO]: [0mThis is a info message from thread 818-09-2026 00:29:33 [38;5;117m[DEBUG]: [0mThis is a debug message from thread 1918-09-2026 00:29:33 [38;5;117m[DEBUG]: [0mThis is a debug message from thread 618-09-2026 00:29:33 [38;5;009m[ERROR]: [0mThis is a error message from thread 1618-09-2026 00:29:33 [38;5;009m[ERROR]: [0mThis is a error message from thread 2118-09-2026 00:29:33 [38;5;009m[ERROR]: [0mThis is a error message from thread 318-09-2026 00:29:33 [38;5;015m[INFO]: [0mThis is a info message from thread 2518-09-2026 00:29:33 [38;5;117m[DEBUG]: [0mThis is a debug message from thread 1118-09-2026 00:29:33 [38;5;117m[DEBUG]: [0mThis is a debug message from thread 1518-09-2026 00:29:33 [38;5;015m[INFO]: [0mThis is a info message from thread 2418-09-2026 00:29:33 [38;5;015m[INFO]: [0mThis is a info message from thread 1918-09-2026 00:29:33 [38;5;117m[DEBUG]: [0mThis is a debug message from thread 1218-09-2026 00:29:33 [38;5;015m[INFO]: [0mThis is a info message from thread 618-09-2026 00:29:33 [38;5;015m[INFO]: [0mThis is a info message from thread 2918-09-2026 00:29:33 [38;5;009m[ERROR]: [0mThis is a error message from thread 818-09-2026 00:29:33 [38;5;009m[ERROR]: [0mThis is a error message from thread 2718-09-2026 00:29:33 [38;5;117m[DEBUG]: [0mThis is a debug message from thread 1418-09-2026 00:29:33 [38;5;009m[ERROR]: [0mThis is a error message from thread 2418-09-2026 00:29:33 [38;5;015m[INFO]: [0mThis is a info message from thread 1418-09-2026 00:29:33 [38;5;117m[DEBUG]: [0mThis is a debug message from thread 318-09-2026 00:29:33 [38;5;015m[INFO]: [0mThis is a info message from thread 318-09-2026 00:29:33 [38;5;009m[ERROR]: [0mThis is a error message from thread 1418-09-2026 00:29:33 [38;5;117m[DEBUG]: [0mThis is a debug message from thread 2418-09-2026 00:29:33 [38;5;015m[INFO]: [0mThis is a info message from thread 1518-09-2026 00:29:33 [38;5;009m[ERROR]: [0mThis is a error message from thread 318-09-2026 00:29:33 [38;5;015m[INFO]: [0mThis is a info message from thread 1218-09-2026 00:29:33 [38;5;015m[INFO]: [0mThis is a info message from thread 1818-09-2026 00:29:33 [38;5;117m[DEBUG]: [0mThis is a debug message from thread 1418-09-2026 00:29:33 [38;5;009m[ERROR]: [0mThis is a error message from thread 1218-09-2026 00:29:33 [38;5;009m[ERROR]: [0mThis is a error message from thread 1818-09-2026 00:29:33 [38;5;009m[ERROR]: [0mThis is a error message from thread 118-09-2026 00:29:33 [38;5;117m[DEBUG]: [0mThis is a debug message from thread 1218-09-2026 00:29:33 [38;5;117m[DEBUG]: [0mThis is a debug message from thread 318-09-2026 00:29:33 [38;5;015m[INFO]: [0mThis is a info message from thread 318-09-2026 00:29:33 [38;5;015m[INFO]: [0mThis is a info message from thread 1218-09-2026 00:29:33 [38;5;117m[DEBUG]: [0mThis is a debug message from thread 1818-09-2026 00:29:33 [38;5;015m[INFO]: [0mThis is a info message from thread 218-09-2026 00:29:33 [38;5;009m[ERROR]: [0mThis is a error message from thread 618-09-2026 00:29:33 [38;5;117m[DEBUG]: [0mThis is a debug message from thread 1618-09-2026 00:29:33 [38;5;015m[INFO]: [0mThis is a info message from thread 1118-09-2026 00:29:33 [38;5;117m[DEBUG]: [0mThis is a debug message from thread 118-09-2026 00:29:33 [38;5;015m[INFO]: [0mThis is a info message from thread 1818-09-2026 00:29:33 [38;5;009m[ERROR]: [0mThis is a error message from thread 218-09-2026 00:29:33 [38;5;009m[ERROR]: [0mThis is a error message from thread 1218-09-2026 00:29:33 [38;5;117m[DEBUG]: [0mThis is a debug message from thread 1218-09-2026 00:29:33 [38;5;009m[ERROR]: [0mThis is a error message from thread 1818-09-2026 00:29:33 [38;5;117m[DEBUG]: [0mThis is a debug message from thread 218-09-2026 00:29:33 [38;5;117m[DEBUG]: [0mThis is a debug message from thread 1818-09-2026 00:29:33 [38;5;015m[INFO]: [0mThis is a info message from thread 118-09-2026 00:29:33 [38;5;009m[ERROR]: [0mThis is a error message from thread 1918-09-2026 00:29:33 [38;5;015m[INFO]: [0mThis is a info message from thread 1218-09-2026 00:29:33 [38;5;009m[ERROR]: [0mThis is a error message from thread 1318-09-2026 00:29:33 [38;5;015m[INFO]: [0mThis is a info message from thread 518-09-2026 00:29:33 [38;5;117m[DEBUG]: [0mThis is a debug message from thread 2318-09-2026 00:29:33 [38;5;009m[ERROR]: [0mThis is a error message from thread 118-09-2026 00:29:33 [38;5;117m[DEBUG]: [0mThis is a debug message from thread 818-09-2026 00:29:33 [38;5;117m[DEBUG]: [0mThis is a debug message from thread 1318-09-2026 00:29:33 [38;5;009m[ERROR]: [0mThis is a error message from thread 518-09-2026 00:29:33 [38;5;009m[ERROR]: [0mThis is a error message from thread 1218-09-2026 00:29:33 [38;5;015m[INFO]: [0mThis is a info message from thread 918-09-2026 00:29:33 [38;5;015m[INFO]: [0mThis is a info message from thread 1818-09-2026 00:29:33 [38;5;117m[DEBUG]: [0mThis is a debug message from thread 2118-09-2026 00:29:33 [38;5;009m[ERROR]: [0mThis is a error message from thread 2518-09-2026 00:29:33 [38;5;015m[INFO]: [0mThis is a info message from thread 2318-09-2026 00:29:33 [38;5;117m[DEBUG]: [0mThis is a debug message from thread 1918-09-2026 00:29:33 [38;5;009m[ERROR]: [0mThis is a error message from thread 718-09-2026 00:29:33 [38;5;015m[INFO]: [0mThis is a info message from thread 1618-09-2026 00:29:33 [38;5;015m[INFO]: [0mThis is a info message from thread 1418-09-2026 00:29:33 [38;5;117m[DEBUG]: [0mThis is a debug message from thread 518-09-2026 00:29:33 [38;5;015m[INFO]: [0mThis is a info message from thread 1318-09-2026 00:29:33 [38;5;009m[ERROR]: [0mThis is a error message from thread 1318-09-2026 00:29:33 [38;5;015m[INFO]: [0mThis is a info message from thread 518-09-2026 00:29:33 [38;5;117m[DEBUG]: [0mThis is a debug message from thread 1318-09-2026 00:29:33 [38;5;009m[ERROR]: [0mThis is a error message from thread 918-09-2026 00:29:33 [38;5;009m[ERROR]: [0mThis is a error message from thread 1618-09-2026 00:29:33 [38;5;117m[DEBUG]: [0mThis is a debug message from thread 1218-09-2026 00:29:33 [38;5;117m[DEBUG]: [0mThis is a debug message from thread 1618-09-2026 00:29:33 [38;5;009m[ERROR]: [0mThis is a error message from thread 1818-09-2026 00:29:33 [38;5;009m[ERROR]: [0mThis is a error message from thread 518-09-2026 00:29:33 [38;5;117m[DEBUG]: [0mThis is a debug message from thread 118-09-2026 00:29:33 [38;5;117m[DEBUG]: [0mThis is a debug message from thread 718-09-2026 00:29:33 [38;5;009m[ERROR]: [0mThis is a error message from thread 318-09-2026 00:29:33 [38;5;009m[ERROR]: [0mThis is a error message from thread 2018-09-2026 00:29:33 [38;5;117m[DEBUG]: [0mThis is a debug message from thread 2518-09-2026 00:29:33 [38;5;015m[INFO]: [0mThis is a info message from thread 1618-09-2026 00:29:33 [38;5;009m[ERROR]: [0mThis is a error message from thread 1118-09-2026 00:29:33 [38;5;117m[DEBUG]: [0mThis is a debug message from thread 518-09-2026 00:29:33 [38;5;117m[DEBUG]: [0mThis is a debug message from thread 1818-09-2026 00:29:33 [38;5;009m[ERROR]: [0mThis is a error message from thread 1618-09-2026 00:29:33 [38;5;009m[ERROR]: [0mThis is a error message from thread 1518-09-2026 00:29:33 [38;5;015m[INFO]: [0mThis is a info message from thread 718-09-2026 00:29:33 [38;5;009m[ERROR]: [0mThis is a error message from thread 2918-09-2026 00:29:33 [38;5;015m[INFO]: [0mThis is a info message from thread 118-09-2026 00:29:33 [38;5;117m[DEBUG]: [0mThis is a debug message from thread 1518-09-2026 00:29:33 [38;5;117m[DEBUG]: [0mThis is a debug message from thread 1118-09-2026 00:29:33 [38;5;009m[ERROR]: [0mThis is a error message from thread 118-09-2026 00:29:33 [38;5;117m[DEBUG]: [0mThis is a debug message from thread 1618-09-2026 00:29:33 [38;5;015m[INFO]: [0mThis is a info message from thread 2618-09-2026 00:29:33 [38;5;015m[INFO]: [0mThis is a info message from thread 1218-09-2026 00:29:33 [38;5;015m[INFO]: [0mThis is a info message from thread 1518-09-2026 00:29:33 [38;5;117m[DEBUG]: [0mThis is a debug message from thread 118-09-2026 00:29:33 [38;5;009m[ERROR]: [0mThis is a error message from thread 418-09-2026 00:29:33 [38;5;015m[INFO]: [0mThis is a info message from thread 1618-09-2026 00:29:33 [38;5;015m[INFO]: [0mThis is a info message from thread 218-09-2026 00:29:33 [38;5;015m[INFO]: [0mThis is a info message from thread 2818-09-2026 00:29:33 [38;5;009m[ERROR]: [0mThis is a error message from thread 2618-09-2026 00:29:33 [38;5;015m[INFO]: [0mThis is a info message from thread 518-09-2026 00:29:33 [38;5;009m[ERROR]: [0mThis is a error message from thread 1518-09-2026 00:29:33 [38;5;009m[ERROR]: [0mThis is a error message from thread 1218-09-2026 00:29:33 [38;5;015m[INFO]: [0mThis is a info message from thread 2218-09-2026 00:29:33 [38;5;117m[DEBUG]: [0mThis is a debug message from thread 418-09-2026 00:29:33 [38;5;015m[INFO]: [0mThis is a info message from thread 118-09-2026 00:29:33 [38;5;009m[ERROR]: [0mThis is a error message from thread 218-09-2026 00:29:33 [38;5;117m[DEBUG]: [0mThis is a debug message from thread 1718-09-2026 00:29:33 [38;5;117m[DEBUG]: [0mThis is a debug message from thread 2618-09-2026 00:29:33 [38;5;117m[DEBUG]: [0mThis is a debug message from thread 1518-09-2026 00:29:33 [38;5;009m[ERROR]: [0mThis is a error message from thread 1618-09-2026 00:29:33 [38;5;117m[DEBUG]: [0mThis is a debug message from thread 2718-09-2026 00:29:33 [38;5;015m[INFO]: [0mThis is a info message from thread 2118-09-2026 00:29:33 [38;5;117m[DEBUG]: [0mThis is a debug message from thread 918-09-2026 00:29:33 [38;5;117m[DEBUG]: [0mThis is a debug message from thread 2918-09-2026 00:29:33 [38;5;015m[INFO]: [0mThis is a info message from thread 1718-09-2026 00:29:33 [38;5;009m[ERROR]: [0mThis is a error message from thread 018-09-2026 00:29:33 [38;5;009m[ERROR]: [0mThis is a error message from thread 518-09-2026 00:29:33 [38;5;117m[DEBUG]: [0mThis is a debug message from thread 618-09-2026 00:29:33 [38;5;117m[DEBUG]: [0mThis is a debug message from thread 218-09-2026 00:29:33 [38;5;015m[INFO]: [0mThis is a info message from thread 2418-09-2026 00:29:33 [38;5;015m[INFO]: [0mThis is a info message from thread 2718-09-2026 00:29:33 [38;5;015m[INFO]: [0mThis is a info message from thread 918-09-2026 00:29:33 [38;5;009m[ERROR]: [0mThis is a error message from thread 118-09-2026 00:29:33 [38;5;015m[INFO]: [0mThis is a info message from thread 418-09-2026 00:29:33 [38;5;009m[ERROR]: [0mThis is a error message from thread 2118-09-2026 00:29:33 [38;5;009m[ERROR]: [0mThis is a error message from thread 2218-09-2026 00:29:33 [38;5;117m[DEBUG]: [0mThis is a debug message from thread 018-09-2026 00:29:33 [38;5;015m[INFO]: [0mThis is a info message from thread 1518-09-2026 00:29:33 [38;5;009m[ERROR]: [0mThis is a error message from thread 2718-09-2026 00:29:33 [38;5;015m[INFO]: [0mThis is a info message from thread 1918-09-2026 00:29:33 [38;5;015m[INFO]: [0mThis is a info message from thread 2618-09-2026 00:29:33 [38;5;015m[INFO]: [0mThis is a info message from thread 1018-09-2026 00:29:33 [38;5;015m[INFO]: [0mThis is a info message from thread 1118-09-2026 00:29:33 [38;5;015m[INFO]: [0mThis is a info message from thread 1318-09-2026 00:29:33 [38;5;009m[ERROR]: [0mThis is a error message from thread 1518-09-2026 00:29:33 [38;5;015m[INFO]: [0mThis is a info message from thread 1818-09-2026 00:29:33 [38;5;015m[INFO]: [0mThis is a info message from thread 218-09-2026 00:29:33 [38;5;009m[ERROR]: [0mThis is a error message from thread 1018-09-2026 00:29:33 [38;5;117m[DEBUG]: [0mThis is a debug message from thread 2718-09-2026 00:29:33 [38;5;117m[DEBUG]: [0mThis is a debug message from thread 1218-09-2026 00:29:33 [38;5;117m[DEBUG]: [0mThis is a debug message from thread 2018-09-2026 00:29:33 [38;5;015m[INFO]: [0mThis is a info message from thread 818-09-2026 00:29:33 [38;5;009m[ERROR]: [0mThis is a error message from thread 2818-09-2026 00:29:33 [38;5;015m[INFO]: [0mThis is a info message from thread 2918-09-2026 00:29:33 [38;5;117m[DEBUG]: [0mThis is a debug message from thread 2818-09-2026 00:29:33 [38;5;009m[ERROR]: [0mThis is a error message from thread 418-09-2026 00:29:33 [38;5;117m[DEBUG]: [0mThis is a debug message from thread 1518-09-2026 00:29:33 [38;5;117m[DEBUG]: [0mThis is a debug message from thread 1618-09-2026 00:29:33 [38;5;117m[DEBUG]: [0mThis is a debug message from thread 418-09-2026 00:29:33 [38;5;015m[INFO]: [0mThis is a info message from thread 2518-09-2026 00:29:33 [38;5;009m[ERROR]: [0mThis is a error message from thread 1918-09-2026 00:29:33 [38;5;009m[ERROR]: [0mThis is a error message from thread 718-09-2026 00:29:33 [38;5;009m[ERROR]: [0mThis is a error message from thread 2518-09-2026 00:29:33 [38;5;009m[ERROR]: [0mThis is a error message from thread 1418-09-2026 00:29:33 [38;5;015m[INFO]: [0mThis is a info message from thread 1518-09-2026 00:29:33 [38;5;117m[DEBUG]: [0mThis is a debug message from thread 518-09-2026 00:29:33 [38;5;117m[DEBUG]: [0mThis is a debug message from thread 2118-09-2026 00:29:33 [38;5;117m[DEBUG]: [0mThis is a debug message from thread 718-09-2026 00:29:33 [38;5;009m[ERROR]: [0mThis is a error message from thread 918-09-2026 00:29:33 [38;5;009m[ERROR]: [0mThis is a error message from thread 1518-09-2026 00:29:33 [38;5;015m[INFO]: [0mThis is a info message from thread 1218-09-2026 00:29:33 [38;5;117m[DEBUG]: [0mThis is a debug message from thread 1918-09-2026 00:29:33 [38;5;015m[INFO]: [0mThis is a info message from thread 618-09-2026 00:29:33 [38;5;117m[DEBUG]: [0mThis is a debug message from thread 118-09-2026 00:29:33 [38;5;015m[INFO]: [0mThis is a info message from thread 518-09-2026 00:29:33 [38;5;015m[INFO]: [0mThis is a info message from thread 2118-09-2026 00:29:33 [38;5;117m[DEBUG]: [0mThis is a debug message from thread 1518-09-2026 00:29:33 [38;5;015m[INFO]: [0mThis is a info message from thread 1918-09-2026 00:29:33 [38;5;009m[ERROR]: [0mThis is a error message from thread 2618-09-2026 00:29:33 [38;5;015m[INFO]: [0mThis is a info message from thread 718-09-2026 00:29:33 [38;5;009m[ERROR]: [0mThis is a error message from thread 2118-09-2026 00:29:33 [38;5;009m[ERROR]: [0mThis is a error message from thread 2918-09-2026 00:29:33 [38;5;117m[DEBUG]: [0mThis is a debug message from thread 918-09-2026 00:29:33 [38;5;009m[ERROR]: [0mThis is a error message from thread 518-09-2026 00:29:33 [38;5;009m[ERROR]: [0mThis is a error message from thread 1718-09-2026 00:29:33 [38;5;117m[DEBUG]: [0mThis is a debug message from thread 318-09-2026 00:29:33 [38;5;117m[DEBUG]: [0mThis is a debug message from thread 1018-09-2026 00:29:33 [38;5;009m[ERROR]: [0mThis is a error message from thread 718-09-2026 00:29:33 [38;5;009m[ERROR]: [0mThis is a error message from thread 1218-09-2026 00:29:33 [38;5;117m[DEBUG]: [0mThis is a debug message from thread 2218-09-2026 00:29:33 [38;5;117m[DEBUG]: [0mThis is a debug message from thread 1718-09-2026 00:29:33 [38;5;117m[DEBUG]: [0mThis is a debug message from thread 2918-09-2026 00:29:33 [38;5;015m[INFO]: [0mThis is a info message from thread 318-09-2026 00:29:33 [38;5;015m[INFO]: [0mThis is a info message from thread 2818-09-2026 00:29:33 [38;5;009m[ERROR]: [0mThis is a error message from thread 1318-09-2026 00:29:33 [38;5;009m[ERROR]: [0mThis is a error message from thread 618-09-2026 00:29:33 [38;5;015m[INFO]: [0mThis is a info message from thread 2018-09-2026 00:29:33 [38;5;117m[DEBUG]: [0mThis is a debug message from thread 718-09-2026 00:29:33 [38;5;015m[INFO]: [0mThis is a info message from thread 2218-09-2026 00:29:33 [38;5;009m[ERROR]: [0mThis is a error message from thread 318-09-2026 00:29:33 [38;5;117m[DEBUG]: [0mThis is a debug message from thread 1318-09-2026 00:29:33 [38;5;015m[INFO]: [0mThis is a info message from thread 718-09-2026 00:29:33 [38;5;117m[DEBUG]: [0mThis is a debug message from thread 518-09-2026 00:29:33 [38;5;009m[ERROR]: [0mThis is a error message from thread 2018-09-2026 00:29:33 [38;5;009m[ERROR]: [0mThis is a error message from thread 2818-09-2026 00:29:33 [38;5;117m[DEBUG]: [0mThis is a debug message from thread 1218-09-2026 00:29:33 [38;5;015m[INFO]: [0mThis is a info message from thread 118-09-2026 00:29:33 [38;5;015m[INFO]: [0mThis is a info message from thread 1718-09-2026 00:29:33 [38;5;117m[DEBUG]: [0mThis is a debug message from thread 2118-09-2026 00:29:33 [38;5;015m[INFO]: [0mThis is a info message from thread 1218-09-2026 00:29:33 [38;5;015m[INFO]: [0mThis is a info message from thread 2918-09-2026 00:29:33 [38;5;117m[DEBUG]: [0mThis is a debug message from thread 318-09-2026 00:29:33 [38;5;117m[DEBUG]: [0mThis is a debug message from thread 1418-09-2026 00:29:33 [38;5;015m[INFO]: [0mThis is a info message from thread 018-09-2026 00:29:33 [38;5;009m[ERROR]: [0mThis is a error message from thread 2318-09-2026 00:29:33 [38;5;015m[INFO]: [0mThis is a info message from thread 1518-09-2026 00:29:33 [38;5;009m[ERROR]: [0mThis is a error message from thread 1718-09-2026 00:29:33 [38;5;117m[DEBUG]: [0mThis is a debug message from thread 618-09-2026 00:29:33 [38;5;015m[INFO]: [0mThis is a info message from thread 518-09-2026 00:29:33 [38;5;009m[ERROR]: [0mThis is a error message from thread 818-09-2026 00:29:33 [38;5;009m[ERROR]: [0mThis is a error message from thread 2918-09-2026 00:29:33 [38;5;117m[DEBUG]: [0mThis is a debug message from thread 818-09-2026 00:29:33 [38;5;015m[INFO]: [0mThis is a info message from thread 418-09-2026 00:29:33 [38;5;009m[ERROR]: [0mThis is a error message from thread 1218-09-2026 00:29:33 [38;5;009m[ERROR]: [0mThis is a error message from thread 718-09-2026 00:29:33 [38;5;117m[DEBUG]: [0mThis is a debug message from thread 2518-09-2026 00:29:33 [38;5;117m[DEBUG]: [0mThis is a debug message from thread 718-09-2026 00:29:33 [38;5;015m[INFO]: [0mThis is a info message from thread 1618-09-2026 00:29:33 [38;5;117m[DEBUG]: [0mThis is a debug message from thread 2318-09-2026 00:29:33 [38;5;009m[ERROR]: [0mThis is a error message from thread 1918-09-2026 00:29:33 [38;5;117m[DEBUG]: [0mThis is a debug message from thread 1718-09-2026 00:29:33 [38;5;015m[INFO]: [0mThis is a info message from thread 2518-09-2026 00:29:33 [38;5;015m[INFO]: [0mThis is a info message from thread 1318-09-2026 00:29:33 [38;5;015m[INFO]: [0mThis is a info message from thread 1418-09-2026 00:29:33 [38;5;015m[INFO]: [0mThis is a info message from thread 618-09-2026 00:29:33 [38;5;015m[INFO]: [0mThis is a info message from thread 2318-09-2026 00:29:33 [38;5;009m[ERROR]: [0mThis is a error message from thread 1818-09-2026 00:29:33 [38;5;009m[ERROR]: [0mThis is a error message from thread 118-09-2026 00:29:33 [38;5;015m[INFO]: [0mThis is a info message from thread 1718-09-2026 00:29:33 [38;5;009m[ERROR]: [0mThis is a error message from thread 1318-09-2026 00:29:33 [38;5;117m[DEBUG]: [0mThis is a debug message from thread 2918-09-2026 00:29:33 [38;5;117m[DEBUG]: [0mThis is a debug message from thread 1818-09-2026 00:29:33 [38;5;009m[ERROR]: [0mThis is a error message from thread 2318-09-2026 00:29:33 [38;5;009m[ERROR]: [0mThis is a error message from thread 518-09-2026 00:29:33 [38;5;009m[ERROR]: [0mThis is a error message from thread 1718-09-2026 00:29:33 [38;5;009m[ERROR]: [0mThis is a error message from thread 2518-09-2026 00:29:33 [38;5;117m[DEBUG]: [0mThis is a debug message from thread 1918-09-2026 00:29:33 [38;5;009m[ERROR]: [0mThis is a error message from thread 618-09-2026 00:29:33 [38;5;117m[DEBUG]: [0mThis is a debug message from thread 618-09-2026 00:29:33 [38;5;117m[DEBUG]: [0mThis is a debug message from thread 2318-09-2026 00:29:33 [38;5;015m[INFO]: [0mThis is a info message from thread 1818-09-2026 00:29:33 [38;5;117m[DEBUG]: [0mThis is a debug message from thread 1718-09-2026 00:29:33 [38;5;015m[INFO]: [0mThis is a info message from thread 1918-09-2026 00:29:33 [38;5;015m[INFO]: [0mThis is a info message from thread 2918-09-2026 00:29:33 [38;5;117m[DEBUG]: [0mThis is a debug message from thread 1318-09-2026 00:29:33 [38;5;117m[DEBUG]: [0mThis is a debug message from thread 2618-09-2026 00:29:33 [38;5;009m[ERROR]: [0mThis is a error message from thread 1818-09-2026 00:29:33 [38;5;009m[ERROR]: [0mThis is a error message from thread 2418-09-2026 00:29:33 [38;5;015m[INFO]: [0mThis is a info message from thread 2118-09-2026 00:29:33 [38;5;015m[INFO]: [0mThis is a info message from thread 1718-09-2026 00:29:33 [38;5;009m[ERROR]: [0mThis is a error message from thread 2218-09-2026 00:29:33 [38;5;009m[ERROR]: [0mThis is a error message from thread 1918-09-2026 00:29:33 [38;5;015m[INFO]: [0mThis is a info message from thread 2618-09-2026 00:29:33 [38;5;117m[DEBUG]: [0mThis is a debug message from thread 2218-09-2026 00:29:33 [38;5;015m[INFO]: [0mThis is a info message from thread 618-09-2026 00:29:33 [38;5;009m[ERROR]: [0mThis is a error message from thread 1718-09-2026 00:29:33 [38;5;009m[ERROR]: [0mThis is a error message from thread 2118-09-2026 00:29:33 [38;5;009m[ERROR]: [0mThis is a error message from thread 1418-09-2026 00:29:33 [38;5;015m[INFO]: [0mThis is a info message from thread 1318-09-2026 00:29:33 [38;5;009m[ERROR]: [0mThis is a error message from thread 2618-09-2026 00:29:33 [38;5;117m[DEBUG]: [0mThis is a debug message from thread 518-09-2026 00:29:33 [38;5;009m[ERROR]: [0mThis is a error message from thread 2918-09-2026 00:29:33 [38;5;015m[INFO]: [0mThis is a info message from thread 2218-09-2026 00:29:33 [38;5;117m[DEBUG]: [0mThis is a debug message from thread 1718-09-2026 00:29:33 [38;5;117m[DEBUG]: [0mThis is a debug message from thread 2618-09-2026 00:29:33 [38;5;009m[ERROR]: [0mThis is a error message from thread 418-09-2026 00:29:33 [38;5;009m[ERROR]: [0mThis is a error message from thread 1318-09-2026 00:29:33 [38;5;009m[ERROR]: [0mThis is a error message from thread 2218-09-2026 00:29:33 [38;5;015m[INFO]: [0mThis is a info message from thread 2618-09-2026 00:29:33 [38;5;117m[DEBUG]: [0mThis is a debug message from thread 2118-09-2026 00:29:33 [38;5;117m[DEBUG]: [0mThis is a debug message from thread 1818-09-2026 00:29:33 [38;5;015m[INFO]: [0mThis is a info message from thread 318-09-2026 00:29:33 [38;5;015m[INFO]: [0mThis is a info message from thread 1718-09-2026 00:29:33 [38;5;117m[DEBUG]: [0mThis is a debug message from thread 1918-09-2026 00:29:33 [38;5;117m[DEBUG]: [0mThis is a debug message from thread 2218-09-2026 00:29:33 [38;5;117m[DEBUG]: [0mThis is a debug message from thread 2918-09-2026 00:29:33 [38;5;009m[ERROR]: [0mThis is a error message from thread 318-09-2026 00:29:33 [38;5;117m[DEBUG]: [0mThis is a debug message from thread 118-09-2026 00:29:33 [38;5;015m[INFO]: [0mThis is a info message from thread 518-09-2026 00:29:33 [38;5;015m[INFO]: [0mThis is a info message from thread 818-09-2026 00:29:33 [38;5;015m[INFO]: [0mThis is a info message from thread 2218-09-2026 00:29:33 [38;5;015m[INFO]: [0mThis is a info message from thread 1818-09-2026 00:29:33 [38;5;009m[ERROR]: [0mThis is a error message from thread 218-09-2026 00:29:33 [38;5;009m[ERROR]: [0mThis is a error message from thread 2218-09-2026 00:29:33 [38;5;015m[INFO]: [0mThis is a info message from thread 2918-09-2026 00:29:33 [38;5;117m[DEBUG]: [0mThis is a debug message from thread 1318-09-2026 00:29:33 [38;5;009m[ERROR]: [0mThis is a error message from thread 1518-09-2026 00:29:33 [38;5;009m[ERROR]: [0mThis is a error message from thread 018-09-2026 00:29:33 [38;5;117m[DEBUG]: [0mThis is a debug message from thread 2218-09-2026 00:29:33 [38;5;117m[DEBUG]: [0mThis is a debug message from thread 1518-09-2026 00:29:33 [38;5;015m[INFO]: [0mThis is a info message from thread 1918-09-2026 00:29:33 [38;5;015m[INFO]: [0mThis is a info message from thread 2118-09-2026 00:29:33 [38;5;117m[DEBUG]: [0mThis is a debug message from thread 318-09-2026 00:29:33 [38;5;015m[INFO]: [0mThis is a info message from thread 1318-09-2026 00:29:33 [38;5;117m[DEBUG]: [0mThis is a debug message from thread 018-09-2026 00:29:33 [38;5;015m[INFO]: [0mThis is a info message from thread 718-09-2026 00:29:33 [38;5;009m[ERROR]: [0mThis is a error message from thread 718-09-2026 00:29:33 [38;5;015m[INFO]: [0mThis is a info message from thread 2218-09-2026 00:29:33 [38;5;015m[INFO]: [0mThis is a info message from thread 1518-09-2026 00:29:33 [38;5;009m[ERROR]: [0mThis is a error message from thread 1618-09-2026 00:29:33 [38;5;009m[ERROR]: [0mThis is a error message from thread 1918-09-2026 00:29:33 [38;5;009m[ERROR]: [0mThis is a error message from thread 1518-09-2026 00:29:33 [38;5;117m[DEBUG]: [0mThis is a debug message from thread 718-09-2026 00:29:33 [38;5;009m[ERROR]: [0mThis is a error message from thread 518-09-2026 00:29:33 [38;5;009m[ERROR]: [0mThis is a error message from thread 1818-09-2026 00:29:33 [38;5;009m[ERROR]: [0mThis is a error message from thread 2218-09-2026 00:29:33 [38;5;117m[DEBUG]: [0mThis is a debug message from thread 2218-09-2026 00:29:33 [38;5;009m[ERROR]: [0mThis is a error message from thread 2618-09-2026 00:29:33 [38;5;117m[DEBUG]: [0mThis is a debug message from thread 1518-09-2026 00:29:33 [38;5;117m[DEBUG]: [0mThis is a debug message from thread 2518-09-2026 00:29:33 [38;5;015m[INFO]: [0mThis is a info message from thread 2218-09-2026 00:29:33 [38;5;015m[INFO]: [0mThis is a info message from thread 2318-09-2026 00:29:33 [38;5;015m[INFO]: [0mThis is a info message from thread 1518-09-2026 00:29:33 [38;5;117m[DEBUG]: [0mThis is a debug message from thread 2418-09-2026 00:29:33 [38;5;015m[INFO]: [0mThis is a info message from thread 2518-09-2026 00:29:33 [38;5;015m[INFO]: [0mThis is a info message from thread 718-09-2026 00:29:33 [38;5;009m[ERROR]: [0mThis is a error message from thread 2918-09-2026 00:29:33 [38;5;009m[ERROR]: [0mThis is a error message from thread 618-09-2026 00:29:33 [38;5;009m[ERROR]: [0mThis is a error message from thread 2118-09-2026 00:29:33 [38;5;015m[INFO]: [0mThis is a info message from thread 1018-09-2026 00:29:33 [38;5;009m[ERROR]: [0mThis is a error message from thread 2218-09-2026 00:29:33 [38;5;117m[DEBUG]: [0mThis is a debug message from thread 2018-09-2026 00:29:33 [38;5;015m[INFO]: [0mThis is a info message from thread 918-09-2026 00:29:33 [38;5;009m[ERROR]: [0mThis is a error message from thread 818-09-2026 00:29:33 [38;5;009m[ERROR]: [0mThis is a error message from thread 718-09-2026 00:29:33 [38;5;009m[ERROR]: [0mThis is a error message from thread 1718-09-2026 00:29:33 [38;5;117m[DEBUG]: [0mThis is a debug message from thread 1818-09-2026 00:29:33 [38;5;117m[DEBUG]: [0mThis is a debug message from thread 518-09-2026 00:29:33 [38;5;117m[DEBUG]: [0mThis is a debug message from thread 1418-09-2026 00:29:33 [38;5;117m[DEBUG]: [0mThis is a debug message from thread 2118-09-2026 00:29:33 [38;5;117m[DEBUG]: [0mThis is a debug message from thread 2918-09-2026 00:29:33 [38;5;015m[INFO]: [0mThis is a info message from thread 2018-09-2026 00:29:33 [38;5;009m[ERROR]: [0mThis is a error message from thread 1018-09-2026 00:29:33 [38;5;117m[DEBUG]: [0mThis is a debug message from thread 218-09-2026 00:29:33 [38;5;015m[INFO]: [0mThis is a info message from thread 018-09-2026 00:29:33 [38;5;015m[INFO]: [0mThis is a info message from thread 218-09-2026 00:29:33 [38;5;117m[DEBUG]: [0mThis is a debug message from thread 718-09-2026 00:29:33 [38;5;015m[INFO]: [0mThis is a info message from thread 118-09-2026 00:29:33 [38;5;117m[DEBUG]: [0mThis is a debug message from thread 1218-09-2026 00:29:33 [38;5;117m[DEBUG]: [0mThis is a debug message from thread 1618-09-2026 00:29:33 [38;5;015m[INFO]: [0mThis is a info message from thread 2918-09-2026 00:29:33 [38;5;015m[INFO]: [0mThis is a info message from thread 2418-09-2026 00:29:33 [38;5;015m[INFO]: [0mThis is a info message from thread 318-09-2026 00:29:33 [38;5;117m[DEBUG]: [0mThis is a debug message from thread 1918-09-2026 00:29:33 [38;5;009m[ERROR]: [0mThis is a error message from thread 2918-09-2026 00:29:33 [38;5;015m[INFO]: [0mThis is a info message from thread 1218-09-2026 00:29:33 [38;5;009m[ERROR]: [0mThis is a error message from thread 2518-09-2026 00:29:33 [38;5;117m[DEBUG]: [0mThis is a debug message from thread 418-09-2026 00:29:33 [38;5;015m[INFO]: [0mThis is a info message from thread 1618-09-2026 00:29:33 [38;5;117m[DEBUG]: [0mThis is a debug message from thread 2218-09-2026 00:29:33 [38;5;117m[DEBUG]: [0mThis is a debug message from thread 1718-09-2026 00:29:33 [38;5;117m[DEBUG]: [0mThis is a debug message from thread 818-09-2026 00:29:33 [38;5;015m[INFO]: [0mThis is a info message from thread 2218-09-2026 00:29:33 [38;5;117m[DEBUG]: [0mThis is a debug message from thread 2618-09-2026 00:29:33 [38;5;009m[ERROR]: [0mThis is a error message from thread 018-09-2026 00:29:33 [38;5;009m[ERROR]: [0mThis is a error message from thread 2418-09-2026 00:29:33 [38;5;009m[ERROR]: [0mThis is a error message from thread 1618-09-2026 00:29:33 [38;5;009m[ERROR]: [0mThis is a error message from thread 1518-09-2026 00:29:33 [38;5;009m[ERROR]: [0mThis is a error message from thread 1118-09-2026 00:29:33 [38;5;009m[ERROR]: [0mThis is a error message from thread 118-09-2026 00:29:33 [38;5;015m[INFO]: [0mThis is a info message from thread 518-09-2026 00:29:33 [38;5;009m[ERROR]: [0mThis is a error message from thread 218-09-2026 00:29:33 [38;5;009m[ERROR]: [0mThis is a error message from thread 2218-09-2026 00:29:33 [38;5;009m[ERROR]: [0mThis is a error message from thread 2018-09-2026 00:29:33 [38;5;009m[ERROR]: [0mThis is a error message from thread 318-09-2026 00:29:33 [38;5;117m[DEBUG]: [0mThis is a debug message from thread 2218-09-2026 00:29:33 [38;5;117m[DEBUG]: [0mThis is a debug message from thread 1618-09-2026 00:29:33 [38;5;117m[DEBUG]: [0mThis is a debug message from thread 2518-09-2026 00:29:33 [38;5;015m[INFO]: [0mThis is a info message from thread 2118-09-2026 00:29:33 [38;5;015m[INFO]: [0mThis is a info message from thread 818-09-2026 00:29:33 [38;5;015m[INFO]: [0mThis is a info message from thread 2218-09-2026 00:29:33 [38;5;117m[DEBUG]: [0mThis is a debug message from thread 1118-09-2026 00:29:33 [38;5;117m[DEBUG]: [0mThis is a debug message from thread 318-09-2026 00:29:33 [38;5;117m[DEBUG]: [0mThis is a debug message from thread 618-09-2026 00:29:33 [38;5;015m[INFO]: [0mThis is a info message from thread 1418-09-2026 00:29:33 [38;5;117m[DEBUG]: [0mThis is a debug message from thread 2018-09-2026 00:29:33 [38;5;117m[DEBUG]: [0mThis is a debug message from thread 218-09-2026 00:29:33 [38;5;015m[INFO]: [0mThis is a info message from thread 318-09-2026 00:29:33 [38;5;009m[ERROR]: [0mThis is a error message from thread 518-09-2026 00:29:33 [38;5;117m[DEBUG]: [0mThis is a debug message from thread 2818-09-2026 00:29:33 [38;5;009m[ERROR]: [0mThis is a error message from thread 818-09-2026 00:29:33 [38;5;009m[ERROR]: [0mThis is a error message from thread 2318-09-2026 00:29:33 [38;5;015m[INFO]: [0mThis is a info message from thread 1118-09-2026 00:29:33 [38;5;015m[INFO]: [0mThis is a info message from thread 1618-09-2026 00:29:33 [38;5;117m[DEBUG]: [0mThis is a debug message from thread 518-09-2026 00:29:33 [38;5;015m[INFO]: [0mThis is a info message from thread 2518-09-2026 00:29:33 [38;5;015m[INFO]: [0mThis is a info message from thread 2818-09-2026 00:29:33 [38;5;009m[ERROR]: [0mThis is a error message from thread 2818-09-2026 00:29:33 [38;5;009m[ERROR]: [0mThis is a error message from thread 1618-09-2026 00:29:33 [38;5;009m[ERROR]: [0mThis is a error message from thread 1118-09-2026 00:29:33 [38;5;009m[ERROR]: [0mThis is a error message from thread 2118-09-2026 00:29:33 [38;5;015m[INFO]: [0mThis is a info message from thread 718-09-2026 00:29:33 [38;5;117m[DEBUG]: [0mThis is a debug message from thread 2818-09-2026 00:29:33 [38;5;015m[INFO]: [0mThis is a info message from thread 218-09-2026 00:29:33 [38;5;117m[DEBUG]: [0mThis is a debug message from thread 2918-09-2026 00:29:33 [38;5;117m[DEBUG]: [0mThis is a debug message from thread 1618-09-2026 00:29:33 [38;5;009m[ERROR]: [0mThis is a error message from thread 218-09-2026 00:29:33 [38;5;015m[INFO]: [0mThis is a info message from thread 2618-09-2026 00:29:33 [38;5;009m[ERROR]: [0mThis is a error message from thread 1318-09-2026 00:29:33 [38;5;009m[ERROR]: [0mThis is a error message from thread 1218-09-2026 00:29:33 [38;5;117m[DEBUG]: [0mThis is a debug message from thread 2118-09-2026 00:29:33 [38;5;015m[INFO]: [0mThis is a info message from thread 1818-09-2026 00:29:33 [38;5;009m[ERROR]: [0mThis is a error message from thread 918-09-2026 00:29:33 [38;5;117m[DEBUG]: [0mThis is a debug message from thread 2418-09-2026 00:29:33 [38;5;015m[INFO]: [0mThis is a info message from thread 1918-09-2026 00:29:33 [38;5;117m[DEBUG]: [0mThis is a debug message from thread 1018-09-2026 00:29:33 [38;5;117m[DEBUG]: [0mThis is a debug message from thread 1518-09-2026 00:29:33 [38;5;009m[ERROR]: [0mThis is a error message from thread 1818-09-2026 00:29:33 [38;5;015m[INFO]: [0mThis is a info message from thread 1518-09-2026 00:29:33 [38;5;009m[ERROR]: [0mThis is a error message from thread 2218-09-2026 00:29:33 [38;5;009m[ERROR]: [0mThis is a error message from thread 1418-09-2026 00:29:33 [38;5;015m[INFO]: [0mThis is a info message from thread 2118-09-2026 00:29:33 [38;5;009m[ERROR]: [0mThis is a error message from thread 1918-09-2026 00:29:33 [38;5;117m[DEBUG]: [0mThis is a debug message from thread 218-09-2026 00:29:33 [38;5;117m[DEBUG]: [0mThis is a debug message from thread 1318-09-2026 00:29:33 [38;5;015m[INFO]: [0mThis is a info message from thread 518-09-2026 00:29:33 [38;5;117m[DEBUG]: [0mThis is a debug message from thread 918-09-2026 00:29:33 [38;5;015m[INFO]: [0mThis is a info message from thread 2418-09-2026 00:29:33 [38;5;015m[INFO]: [0mThis is a info message from thread 2018-09-2026 00:29:33 [38;5;117m[DEBUG]: [0mThis is a debug message from thread 1818-09-2026 00:29:33 [38;5;117m[DEBUG]: [0mThis is a debug message from thread 1918-09-2026 00:29:33 [38;5;117m[DEBUG]: [0mThis is a debug message from thread 2218-09-2026 00:29:33 [38;5;015m[INFO]: [0mThis is a info message from thread 1918-09-2026 00:29:33 [38;5;015m[INFO]: [0mThis is a info message from thread 418-09-2026 00:29:33 [38;5;015m[INFO]: [0mThis is a info message from thread 918-09-2026 00:29:33 [38;5;009m[ERROR]: [0mThis is a error message from thread 518-09-2026 00:29:33 [38;5;015m[INFO]: [0mThis is a info message from thread 2818-09-2026 00:29:33 [38;5;009m[ERROR]: [0mThis is a error message from thread 2118-09-2026 00:29:33 [38;5;117m[DEBUG]: [0mThis is a debug message from thread 2318-09-2026 00:29:33 [38;5;009m[ERROR]: [0mThis is a error message from thread 318-09-2026 00:29:33 [38;5;015m[INFO]: [0mThis is a info message from thread 2218-09-2026 00:29:33 [38;5;117m[DEBUG]: [0mThis is a debug message from thread 318-09-2026 00:29:33 [38;5;015m[INFO]: [0mThis is a info message from thread 318-09-2026 00:29:33 [38;5;015m[INFO]: [0mThis is a info message from thread 2318-09-2026 00:29:33 [38;5;009m[ERROR]: [0mThis is a error message from thread 2018-09-2026 00:29:33 [38;5;117m[DEBUG]: [0mThis is a debug message from thread 518-09-2026 00:29:33 [38;5;015m[INFO]: [0mThis is a info message from thread 2718-09-2026 00:29:33 [38;5;009m[ERROR]: [0mThis is a error message from thread 2818-09-2026 00:29:33 [38;5;009m[ERROR]: [0mThis is a error message from thread 2718-09-2026 00:29:33 [38;5;117m[DEBUG]: [0mThis is a debug message from thread 2118-09-2026 00:29:33 [38;5;009m[ERROR]: [0mThis is a error message from thread 2218-09-2026 00:29:33 [38;5;009m[ERROR]: [0mThis is a error message from thread 318-09-2026 00:29:33 [38;5;009m[ERROR]: [0mThis is a error message from thread 418-09-2026 00:29:33 [38;5;117m[DEBUG]: [0mThis is a debug message from thread 318-09-2026 00:29:33 [38;5;117m[DEBUG]: [0mThis is a debug message from thread 2018-09-2026 00:29:33 [38;5;015m[INFO]: [0mThis is a info message from thread 1618-09-2026 00:29:33 [38;5;009m[ERROR]: [0mThis is a error message from thread 718-09-2026 00:29:33 [38;5;015m[INFO]: [0mThis is a info message from thread 318-09-2026 00:29:33 [38;5;009m[ERROR]: [0mThis is a error message from thread 2418-09-2026 00:29:33 [38;5;009m[ERROR]: [0mThis is a error message from thread 918-09-2026 00:29:33 [38;5;117m[DEBUG]: [0mThis is a debug message from thread 718-09-2026 00:29:33 [38;5;015m[INFO]: [0mThis is a info message from thread 618-09-2026 00:29:33 [38;5;015m[INFO]: [0mThis is a info message from thread 518-09-2026 00:29:33 [38;5;117m[DEBUG]: [0mThis is a debug message from thread 918-09-2026 00:29:33 [38;5;015m[INFO]: [0mThis is a info message from thread 718-09-2026 00:29:33 [38;5;015m[INFO]: [0mThis is a info message from thread 2018-09-2026 00:29:33 [38;5;009m[ERROR]: [0mThis is a error message from thread 2318-09-2026 00:29:33 [38;5;117m[DEBUG]: [0mThis is a debug message from thread 418-09-2026 00:29:33 [38;5;015m[INFO]: [0mThis is a info message from thread 1818-09-2026 00:29:33 [38;5;009m[ERROR]: [0mThis is a error message from thread 618-09-2026 00:29:33 [38;5;117m[DEBUG]: [0mThis is a debug message from thread 2318-09-2026 00:29:33 [38;5;009m[ERROR]: [0mThis is a error message from thread 718-09-2026 00:29:33 [38;5;015m[INFO]: [0mThis is a info message from thread 2318-09-2026 00:29:33 [38;5;009m[ERROR]: [0mThis is a error message from thread 318-09-2026 00:29:33 [38;5;015m[INFO]: [0mThis is a info message from thread 418-09-2026 00:29:33 [38;5;009m[ERROR]: [0mThis is a error message from thread 2318-09-2026 00:29:33 [38;5;117m[DEBUG]: [0mThis is a debug message from thread 818-09-2026 00:29:33 [38;5;015m[INFO]: [0mThis is a info message from thread 2118-09-2026 00:29:33 [38;5;117m[DEBUG]: [0mThis is a debug message from thread 2218-09-2026 00:29:33 [38;5;117m[DEBUG]: [0mThis is a debug message from thread 018-09-2026 00:29:33 [38;5;009m[ERROR]: [0mThis is a error message from thread 2618-09-2026 00:29:33 [38;5;009m[ERROR]: [0mThis is a error message from thread 518-09-2026 00:29:33 [38;5;015m[INFO]: [0mThis is a info message from thread 918-09-2026 00:29:33 [38;5;015m[INFO]: [0mThis is a info message from thread 2218-09-2026 00:29:33 [38;5;015m[INFO]: [0mThis is a info message from thread 018-09-2026 00:29:33 [38;5;015m[INFO]: [0mThis is a info message from thread 818-09-2026 00:29:33 [38;5;117m[DEBUG]: [0mThis is a debug message from thread 2318-09-2026 00:29:33 [38;5;009m[ERROR]: [0mThis is a error message from thread 818-09-2026 00:29:33 [38;5;009m[ERROR]: [0mThis is a error message from thread 1618-09-2026 00:29:33 [38;5;117m[DEBUG]: [0mThis is a debug message from thread 1218-09-2026 00:29:33 [38;5;009m[ERROR]: [0mThis is a error message from thread 2218-09-2026 00:29:33 [38;5;117m[DEBUG]: [0mThis is a debug message from thread 1418-09-2026 00:29:33 [38;5;009m[ERROR]: [0mThis is a error message from thread 2118-09-2026 00:29:33 [38;5;117m[DEBUG]: [0mThis is a debug message from thread 2218-09-2026 00:29:33 [38;5;117m[DEBUG]: [0mThis is a debug message from thread 618-09-2026 00:29:33 [38;5;117m[DEBUG]: [0mThis is a debug message from thread 2718-09-2026 00:29:33 [38;5;009m[ERROR]: [0mThis is a error message from thread 1818-09-2026 00:29:33 [38;5;015m[INFO]: [0mThis is a info message from thread 1218-09-2026 00:29:33 [38;5;117m[DEBUG]: [0mThis is a debug message from thread 1618-09-2026 00:29:33 [38;5;117m[DEBUG]: [0mThis is a debug message from thread 318-09-2026 00:29:33 [38;5;117m[DEBUG]: [0mThis is a debug message from thread 1118-09-2026 00:29:33 [38;5;117m[DEBUG]: [0mThis is a debug message from thread 2618-09-2026 00:29:33 [38;5;015m[INFO]: [0mThis is a info message from thread 2318-09-2026 00:29:33 [38;5;015m[INFO]: [0mThis is a info message from thread 218-09-2026 00:29:33 [38;5;117m[DEBUG]: [0mThis is a debug message from thread 2418-09-2026 00:29:33 [38;5;009m[ERROR]: [0mThis is a error message from thread 1218-09-2026 00:29:33 [38;5;009m[ERROR]: [0mThis is a error message from thread 2018-09-2026 00:29:33 [38;5;117m[DEBUG]: [0mThis is a debug message from thread 1218-09-2026 00:29:33 [38;5;117m[DEBUG]: [0mThis is a debug message from thread 1818-09-2026 00:29:33 [38;5;117m[DEBUG]: [0mThis is a debug message from thread 2118-09-2026 00:29:33 [38;5;015m[INFO]: [0mThis is a info message from thread 2618-09-2026 00:29:33 [38;5;117m[DEBUG]: [0mThis is a debug message from thread 518-09-2026 00:29:33 [38;5;117m[DEBUG]: [0mThis is a debug message from thread 718-09-2026 00:29:33 [38;5;015m[INFO]: [0mThis is a info message from thread 1418-09-2026 00:29:33 [38;5;015m[INFO]: [0mThis is a info message from thread 1318-09-2026 00:29:33 [38;5;009m[ERROR]: [0mThis is a error message from thread 418-09-2026 00:29:33 [38;5;015m[INFO]: [0mThis is a info message from thread 618-09-2026 00:29:33 [38;5;015m[INFO]: [0mThis is a info message from thread 2418-09-2026 00:29:33 [38;5;009m[ERROR]: [0mThis is a error message from thread 018-09-2026 00:29:33 [38;5;009m[ERROR]: [0mThis is a error message from thread 1318-09-2026 00:29:33 [38;5;015m[INFO]: [0mThis is a info message from thread 1018-09-2026 00:29:33 [38;5;117m[DEBUG]: [0mThis is a debug message from thread 118-09-2026 00:29:33 [38;5;009m[ERROR]: [0mThis is a error message from thread 218-09-2026 00:29:33 [38;5;117m[DEBUG]: [0mThis is a debug message from thread 818-09-2026 00:29:33 [38;5;009m[ERROR]: [0mThis is a error message from thread 1018-09-2026 00:29:33 [38;5;009m[ERROR]: [0mThis is a error message from thread 618-09-2026 00:29:33 [38;5;009m[ERROR]: [0mThis is a error message from thread 2618-09-2026 00:29:33 [38;5;015m[INFO]: [0mThis is a info message from thread 818-09-2026 00:29:33 [38;5;117m[DEBUG]: [0mThis is a debug message from thread 018-09-2026 00:29:33 [38;5;009m[ERROR]: [0mThis is a error message from thread 818-09-2026 00:29:33 [38;5;117m[DEBUG]: [0mThis is a debug message from thread 2618-09-2026 00:29:33 [38;5;015m[INFO]: [0mThis is a info message from thread 2918-09-2026 00:29:33 [38;5;015m[INFO]: [0mThis is a info message from thread 718-09-2026 00:29:33 [38;5;117m[DEBUG]: [0mThis is a debug message from thread 818-09-2026 00:29:33 [38;5;009m[ERROR]: [0mThis is a error message from thread 1918-09-2026 00:29:33 [38;5;015m[INFO]: [0mThis is a info message from thread 518-09-2026 00:29:33 [38;5;117m[DEBUG]: [0mThis is a debug message from thread 1018-09-2026 00:29:33 [38;5;015m[INFO]: [0mThis is a info message from thread 1118-09-2026 00:29:33 [38;5;015m[INFO]: [0mThis is a info message from thread 118-09-2026 00:29:33 [38;5;009m[ERROR]: [0mThis is a error message from thread 2318-09-2026 00:29:33 [38;5;015m[INFO]: [0mThis is a info message from thread 018-09-2026 00:29:33 [38;5;015m[INFO]: [0mThis is a info message from thread 2218-09-2026 00:29:33 [38;5;009m[ERROR]: [0mThis is a error message from thread 2418-09-2026 00:29:33 [38;5;009m[ERROR]: [0mThis is a error message from thread 118-09-2026 00:29:33 [38;5;009m[ERROR]: [0mThis is a error message from thread 018-09-2026 00:29:33 [38;5;009m[ERROR]: [0mThis is a error message from thread 718-09-2026 00:29:33 [38;5;009m[ERROR]: [0mThis is a error message from thread 918-09-2026 00:29:33 [38;5;015m[INFO]: [0mThis is a info message from thread 818-09-2026 00:29:33 [38;5;015m[INFO]: [0mThis is a info message from thread 2718-09-2026 00:29:33 [38;5;117m[DEBUG]: [0mThis is a debug message from thread 018-09-2026 00:29:33 [38;5;015m[INFO]: [0mThis is a info message from thread 1718-09-2026 00:29:33 [38;5;009m[ERROR]: [0mThis is a error message from thread 1118-09-2026 00:29:33 [38;5;015m[INFO]: [0mThis is a info message from thread 2618-09-2026 00:29:33 [38;5;117m[DEBUG]: [0mThis is a debug message from thread 718-09-2026 00:29:33 [38;5;117m[DEBUG]: [0mThis is a debug message from thread 2418-09-2026 00:29:33 [38;5;009m[ERROR]: [0mThis is a error message from thread 1518-09-2026 00:29:33 [38;5;015m[INFO]: [0mThis is a info message from thread 1218-09-2026 00:29:33 [38;5;009m[ERROR]: [0mThis is a error message from thread 2218-09-2026 00:29:33 [38;5;009m[ERROR]: [0mThis is a error message from thread 2618-09-2026 00:29:33 [38;5;117m[DEBUG]: [0mThis is a debug message from thread 618-09-2026 00:29:33 [38;5;009m[ERROR]: [0mThis is a error message from thread 818-09-2026 00:29:33 [38;5;117m[DEBUG]: [0mThis is a debug message from thread 1318-09-2026 00:29:33 [38;5;009m[ERROR]: [0mThis is a error message from thread 518-09-2026 00:29:33 [38;5;009m[ERROR]: [0mThis is a error message from thread 1718-09-2026 00:29:33 [38;5;015m[INFO]: [0mThis is a info message from thread 1018-09-2026 00:29:33 [38;5;117m[DEBUG]: [0mThis is a debug message from thread 2818-09-2026 00:29:33 [38;5;009m[ERROR]: [0mThis is a error message from thread 2718-09-2026 00:29:33 [38;5;015m[INFO]: [0mThis is a info message from thread 2818-09-2026 00:29:33 [38;5;117m[DEBUG]: [0mThis is a debug message from thread 1718-09-2026 00:29:33 [38;5;009m[ERROR]: [0mThis is a error message from thread 2518-09-2026 00:29:33 [38;5;015m[INFO]: [0mThis is a info message from thread 718-09-2026 00:29:33 [38;5;117m[DEBUG]: [0mThis is a debug message from thread 118-09-2026 00:29:33 [38;5;015m[INFO]: [0mThis is a info message from thread 318-09-2026 00:29:33 [38;5;117m[DEBUG]: [0mThis is a debug message from thread 218-09-2026 00:29:33 [38;5;015m[INFO]: [0mThis is a info message from thread 1618-09-2026 00:29:33 [38;5;117m[DEBUG]: [0mThis is a debug message from thread 2318-09-2026 00:29:33 [38;5;117m[DEBUG]: [0mThis is a debug message from thread 1918-09-2026 00:29:33 [38;5;117m[DEBUG]: [0mThis is a debug message from thread 1518-09-2026 00:29:33 [38;5;015m[INFO]: [0mThis is a info message from thread 618-09-2026 00:29:33 [38;5;117m[DEBUG]: [0mThis is a debug message from thread 2518-09-2026 00:29:33 [38;5;009m[ERROR]: [0mThis is a error message from thread 318-09-2026 00:29:33 [38;5;015m[INFO]: [0mThis is a info message from thread 2318-09-2026 00:29:33 [38;5;015m[INFO]: [0mThis is a info message from thread 1718-09-2026 00:29:33 [38;5;015m[INFO]: [0mThis is a info message from thread 018-09-2026 00:29:33 [38;5;009m[ERROR]: [0mThis is a error message from thread 2818-09-2026 00:29:33 [38;5;009m[ERROR]: [0mThis is a error message from thread 2318-09-2026 00:29:33 [38;5;015m[INFO]: [0mThis is a info message from thread 218-09-2026 00:29:33 [38;5;009m[ERROR]: [0mThis is a error message from thread 718-09-2026 00:29:33 [38;5;117m[DEBUG]: [0mThis is a debug message from thread 2818-09-2026 00:29:33 [38;5;015m[INFO]: [0mThis is a info message from thread 1918-09-2026 00:29:33 [38;5;117m[DEBUG]: [0mThis is a debug message from thread 2318-09-2026 00:29:33 [38;5;009m[ERROR]: [0mThis is a error message from thread 1718-09-2026 00:29:33 [38;5;009m[ERROR]: [0mThis is a error message from thread 018-09-2026 00:29:33 [38;5;117m[DEBUG]: [0mThis is a debug message from thread 318-09-2026 00:29:33 [38;5;015m[INFO]: [0mThis is a info message from thread 2818-09-2026 00:29:33 [38;5;015m[INFO]: [0mThis is a info message from thread 318-09-2026 00:29:33 [38;5;117m[DEBUG]: [0mThis is a debug message from thread 1718-09-2026 00:29:33 [38;5;009m[ERROR]: [0mThis is a error message from thread 318-09-2026 00:29:33 [38;5;015m[INFO]: [0mThis is a info message from thread 2518-09-2026 00:29:33 [38;5;009m[ERROR]: [0mThis is a error message from thread 2518-09-2026 00:29:33 [38;5;015m[INFO]: [0mThis is a info message from thread 2318-09-2026 00:29:33 [38;5;009m[ERROR]: [0mThis is a error message from thread 1918-09-2026 00:29:33 [38;5;009m[ERROR]: [0mThis is a error message from thread 218-09-2026 00:29:33 [38;5;015m[INFO]: [0mThis is a info message from thread 118-09-2026 00:29:33 [38;5;009m[ERROR]: [0mThis is a error message from thread 1418-09-2026 00:29:33 [38;5;117m[DEBUG]: [0mThis is a debug message from thread 518-09-2026 00:29:33 [38;5;117m[DEBUG]: [0mThis is a debug message from thread 018-09-2026 00:29:33 [38;5;015m[INFO]: [0mThis is a info message from thread 1718-09-2026 00:29:33 [38;5;117m[DEBUG]: [0mThis is a debug message from thread 418-09-2026 00:29:33 [38;5;117m[DEBUG]: [0mThis is a debug message from thread 818-09-2026 00:29:33 [38;5;009m[ERROR]: [0mThis is a error message from thread 1618-09-2026 00:29:33 [38;5;009m[ERROR]: [0mThis is a error message from thread 1018-09-2026 00:29:33 [38;5;117m[DEBUG]: [0mThis is a debug message from thread 2518-09-2026 00:29:33 [38;5;015m[INFO]: [0mThis is a info message from thread 018-09-2026 00:29:33 [38;5;117m[DEBUG]: [0mThis is a debug message from thread 2018-09-2026 00:29:33 [38;5;015m[INFO]: [0mThis is a info message from thread 1818-09-2026 00:29:33 [38;5;015m[INFO]: [0mThis is a info message from thread 2018-09-2026 00:29:33 [38;5;117m[DEBUG]: [0mThis is a debug message from thread 318-09-2026 00:29:33 [38;5;117m[DEBUG]: [0mThis is a debug message from thread 1118-09-2026 00:29:33 [38;5;117m[DEBUG]: [0mThis is a debug message from thread 218-09-2026 00:29:33 [38;5;009m[ERROR]: [0mThis is a error message from thread 1718-09-2026 00:29:33 [38;5;015m[INFO]: [0mThis is a info message from thread 1118-09-2026 00:29:33 [38;5;117m[DEBUG]: [0mThis is a debug message from thread 1718-09-2026 00:29:33 [38;5;009m[ERROR]: [0mThis is a error message from thread 1118-09-2026 00:29:33 [38;5;015m[INFO]: [0mThis is a info message from thread 418-09-2026 00:29:33 [38;5;117m[DEBUG]: [0mThis is a debug message from thread 1018-09-2026 00:29:33 [38;5;117m[DEBUG]: [0mThis is a debug message from thread 2718-09-2026 00:29:33 [38;5;015m[INFO]: [0mThis is a info message from thread 1018-09-2026 00:29:33 [38;5;015m[INFO]: [0mThis is a info message from thread 2118-09-2026 00:29:33 [38;5;015m[INFO]: [0mThis is a info message from thread 2718-09-2026 00:29:33 [38;5;009m[ERROR]: [0mThis is a error message from thread 418-09-2026 00:29:33 [38;5;009m[ERROR]: [0mThis is a error message from thread 1018-09-2026 00:29:33 [38;5;117m[DEBUG]: [0mThis is a debug message from thread 418-09-2026 00:29:33 [38;5;009m[ERROR]: [0mThis is a error message from thread 618-09-2026 00:29:33 [38;5;009m[ERROR]: [0mThis is a error message from thread 2118-09-2026 00:29:33 [38;5;117m[DEBUG]: [0mThis is a debug message from thread 1018-09-2026 00:29:33 [38;5;009m[ERROR]: [0mThis is a error message from thread 2718-09-2026 00:29:33 [38;5;015m[INFO]: [0mThis is a info message from thread 418-09-2026 00:29:33 [38;5;009m[ERROR]: [0mThis is a error message from thread 2818-09-2026 00:29:33 [38;5;117m[DEBUG]: [0mThis is a debug message from thread 2118-09-2026 00:29:33 [38;5;015m[INFO]: [0mThis is a info message from thread 1018-09-2026 00:29:33 [38;5;117m[DEBUG]: [0mThis is a debug message from thread 618-09-2026 00:29:33 [38;5;009m[ERROR]: [0mThis is a error message from thread 2318-09-2026 00:29:33 [38;5;009m[ERROR]: [0mThis is a error message from thread 1818-09-2026 00:29:33 [38;5;117m[DEBUG]: [0mThis is a debug message from thread 2218-09-2026 00:29:33 [38;5;015m[INFO]: [0mThis is a info message from thread 2118-09-2026 00:29:33 [38;5;117m[DEBUG]: [0mThis is a debug message from thread 2318-09-2026 00:29:33 [38;5;015m[INFO]: [0mThis is a info message from thread 618-09-2026 00:29:33 [38;5;009m[ERROR]: [0mThis is a error message from thread 018-09-2026 00:29:33 [38;5;015m[INFO]: [0mThis is a info message from thread 1718-09-2026 00:29:33 [38;5;117m[DEBUG]: [0mThis is a debug message from thread 2618-09-2026 00:29:33 [38;5;015m[INFO]: [0mThis is a info message from thread 2318-09-2026 00:29:33 [38;5;009m[ERROR]: [0mThis is a error message from thread 1218-09-2026 00:29:33 [38;5;015m[INFO]: [0mThis is a info message from thread 2518-09-2026 00:29:33 [38;5;015m[INFO]: [0mThis is a info message from thread 1518-09-2026 00:29:33 [38;5;009m[ERROR]: [0mThis is a error message from thread 418-09-2026 00:29:33 [38;5;009m[ERROR]: [0mThis is a error message from thread 2518-09-2026 00:29:33 [38;5;009m[ERROR]: [0mThis is a error message from thread 1518-09-2026 00:29:33 [38;5;015m[INFO]: [0mThis is a info message from thread 1318-09-2026 00:29:33 [38;5;117m[DEBUG]: [0mThis is a debug message from thread 418-09-2026 00:29:33 [38;5;117m[DEBUG]: [0mThis is a debug message from thread 2518-09-2026 00:29:33 [38;5;117m[DEBUG]: [0mThis is a debug message from thread 2818-09-2026 00:29:33 [38;5;117m[DEBUG]: [0mThis is a debug message from thread 1418-09-2026 00:29:33 [38;5;117m[DEBUG]: [0mThis is a debug message from thread 918-09-2026 00:29:33 [38;5;009m[ERROR]: [0mThis is a error message from thread 1318-09-2026 00:29:33 [38;5;015m[INFO]: [0mThis is a info message from thread 2818-09-2026 00:29:33 [38;5;015m[INFO]: [0mThis is a info message from thread 2518-09-2026 00:29:33 [38;5;015m[INFO]: [0mThis is a info message from thread 918-09-2026 00:29:33 [38;5;009m[ERROR]: [0mThis is a error message from thread 2818-09-2026 00:29:33 [38;5;015m[INFO]: [0mThis is a info message from thread 318-09-2026 00:29:33 [38;5;009m[ERROR]: [0mThis is a error message from thread 2518-09-2026 00:29:33 [38;5;009m[ERROR]: [0mThis is a error message from thread 318-09-2026 00:29:33 [38;5;117m[DEBUG]: [0mThis is a debug message from thread 2518-09-2026 00:29:33 [38;5;009m[ERROR]: [0mThis is a error message from thread 2118-09-2026 00:29:33 [38;5;117m[DEBUG]: [0mThis is a debug message from thread 318-09-2026 00:29:33 [38;5;009m[ERROR]: [0mThis is a error message from thread 618-09-2026 00:29:33 [38;5;015m[INFO]: [0mThis is a info message from thread 218-09-2026 00:29:33 [38;5;015m[INFO]: [0mThis is a info message from thread 318-09-2026 00:29:33 [38;5;117m[DEBUG]: [0mThis is a debug message from thread 018-09-2026 00:29:33 [38;5;117m[DEBUG]: [0mThis is a debug message from thread 618-09-2026 00:29:33 [38;5;009m[ERROR]: [0mThis is a error message from thread 2018-09-2026 00:29:33 [38;5;015m[INFO]: [0mThis is a info message from thread 018-09-2026 00:29:33 [38;5;009m[ERROR]: [0mThis is a error message from thread 118-09-2026 00:29:33 [38;5;009m[ERROR]: [0mThis is a error message from thread 018-09-2026 00:29:33 [38;5;117m[DEBUG]: [0mThis is a debug message from thread 1218-09-2026 00:29:33 [38;5;117m[DEBUG]: [0mThis is a debug message from thread 118-09-2026 00:29:33 [38;5;117m[DEBUG]: [0mThis is a debug message from thread 018-09-2026 00:29:33 [38;5;117m[DEBUG]: [0mThis is a debug message from thread 2018-09-2026 00:29:33 [38;5;015m[INFO]: [0mThis is a info message from thread 018-09-2026 00:29:33 [38;5;015m[INFO]: [0mThis is a info message from thread 1218-09-2026 00:29:33 [38;5;117m[DEBUG]: [0mThis is a debug message from thread 2718-09-2026 00:29:33 [38;5;015m[INFO]: [0mThis is a info message from thread 2418-09-2026 00:29:33 [38;5;015m[INFO]: [0mThis is a info message from thread 118-09-2026 00:29:33 [38;5;117m[DEBUG]: [0mThis is a debug message from thread 1818-09-2026 00:29:33 [38;5;015m[INFO]: [0mThis is a info message from thread 2718-09-2026 00:29:33 [38;5;009m[ERROR]: [0mThis is a error message from thread 918-09-2026 00:29:33 [38;5;015m[INFO]: [0mThis is a info message from thread 1818-09-2026 00:29:33 [38;5;009m[ERROR]: [0mThis is a error message from thread 2418-09-2026 00:29:33 [38;5;117m[DEBUG]: [0mThis is a debug message from thread 918-09-2026 00:29:33 [38;5;009m[ERROR]: [0mThis is a error message from thread 2718-09-2026 00:29:33 [38;5;117m[DEBUG]: [0mThis is a debug message from thread 2418-09-2026 00:29:33 [38;5;009m[ERROR]: [0mThis is a error message from thread 1818-09-2026 00:29:33 [38;5;015m[INFO]: [0mThis is a info message from thread 918-09-2026 00:29:33 [38;5;117m[DEBUG]: [0mThis is a debug message from thread 2718-09-2026 00:29:33 [38;5;009m[ERROR]: [0mThis is a error message from thread 918-09-2026 00:29:33 [38;5;015m[INFO]: [0mThis is a info message from thread 2418-09-2026 00:29:33 [38;5;117m[DEBUG]: [0mThis is a debug message from thread 1818-09-2026 00:29:33 [38;5;009m[ERROR]: [0mThis is a error message from thread 2418-09-2026 00:29:33 [38;5;015m[INFO]: [0mThis is a info message from thread 2718-09-2026 00:29:33 [38;5;117m[DEBUG]: [0mThis is a debug message from thread 1118-09-2026 00:29:33 [38;5;117m[DEBUG]: [0mThis is a debug message from thread 2418-09-2026 00:29:33 [38;5;117m[DEBUG]: [0mThis is a debug message from thread 1618-09-2026 00:29:33 [38;5;015m[INFO]: [0mThis is a info message from thread 818-09-2026 00:29:33 [38;5;015m[INFO]: [0mThis is a info message from thread 2018-09-2026 00:29:33 [38;5;015m[INFO]: [0mThis is a info message from thread 1818-09-2026 00:29:33 [38;5;009m[ERROR]: [0mThis is a error message from thread 118-09-2026 00:29:33 [38;5;009m[ERROR]: [0mThis is a error message from thread 1218-09-2026 00:29:33 [38;5;015m[INFO]: [0mThis is a info message from thread 1118-09-2026 00:29:33 [38;5;015m[INFO]: [0mThis is a info message from thread 2618-09-2026 00:29:33 [38;5;117m[DEBUG]: [0mThis is a debug message from thread 1218-09-2026 00:29:33 [38;5;009m[ERROR]: [0mThis is a error message from thread 1018-09-2026 00:29:33 [38;5;009m[ERROR]: [0mThis is a error message from thread 1118-09-2026 00:29:33 [38;5;015m[INFO]: [0mThis is a info message from thread 1218-09-2026 00:29:33 [38;5;009m[ERROR]: [0mThis is a error message from thread 2018-09-2026 00:29:33 [38;5;117m[DEBUG]: [0mThis is a debug message from thread 1018-09-2026 00:29:33 [38;5;117m[DEBUG]: [0mThis is a debug message from thread 1118-09-2026 00:29:33 [38;5;009m[ERROR]: [0mThis is a error message from thread 1218-09-2026 00:29:33 [38;5;015m[INFO]: [0mThis is a info message from thread 1018-09-2026 00:29:33 [38;5;015m[INFO]: [0mThis is a info message from thread 1118-09-2026 00:29:33 [38;5;117m[DEBUG]: [0mThis is a debug message from thread 1218-09-2026 00:29:33 [38;5;009m[ERROR]: [0mThis is a error message from thread 1118-09-2026 00:29:33 [38;5;015m[INFO]: [0mThis is a info message from thread 2418-09-2026 00:29:33 [38;5;009m[ERROR]: [0mThis is a error message from thread 2718-09-2026 00:29:33 [38;5;117m[DEBUG]: [0mThis is a debug message from thread 718-09-2026 00:29:33 [38;5;117m[DEBUG]: [0mThis is a debug message from thread 1518-09-2026 00:29:33 [38;5;015m[INFO]: [0mThis is a info message from thread 718-09-2026 00:29:33 [38;5;117m[DEBUG]: [0mThis is a debug message from thread 118-09-2026 00:29:33 [38;5;117m[DEBUG]: [0mThis is a debug message from thread 1118-09-2026 00:29:33 [38;5;015m[INFO]: [0mThis is a info message from thread 1518-09-2026 00:29:33 [38;5;117m[DEBUG]: [0mThis is a debug message from thread 1318-09-2026 00:29:33 [38;5;009m[ERROR]: [0mThis is a error message from thread 218-09-2026 00:29:33 [38;5;117m[DEBUG]: [0mThis is a debug message from thread 918-09-2026 00:29:33 [38;5;009m[ERROR]: [0mThis is a error message from thread 818-09-2026 00:29:33 [38;5;015m[INFO]: [0mThis is a info message from thread 118-09-2026 00:29:33 [38;5;009m[ERROR]: [0mThis is a error message from thread 718-09-2026 00:29:33 [38;5;009m[ERROR]: [0mThis is a error message from thread 1518-09-2026 00:29:33 [38;5;117m[DEBUG]: [0mThis is a debug message from thread 218-09-2026 00:29:33 [38;5;015m[INFO]: [0mThis is a info message from thread 1318-09-2026 00:29:33 [38;5;009m[ERROR]: [0mThis is a error message from thread 318-09-2026 00:29:33 [38;5;015m[INFO]: [0mThis is a info message from thread 918-09-2026 00:29:33 [38;5;117m[DEBUG]: [0mThis is a debug message from thread 818-09-2026 00:29:33 [38;5;009m[ERROR]: [0mThis is a error message from thread 118-09-2026 00:29:33 [38;5;015m[INFO]: [0mThis is a info message from thread 1618-09-2026 00:29:33 [38;5;015m[INFO]: [0mThis is a info message from thread 218-09-2026 00:29:33 [38;5;015m[INFO]: [0mThis is a info message from thread 2518-09-2026 00:29:33 [38;5;009m[ERROR]: [0mThis is a error message from thread 218-09-2026 00:29:33 [38;5;015m[INFO]: [0mThis is a info message from thread 1118-09-2026 00:29:33 [38;5;009m[ERROR]: [0mThis is a error message from thread 2518-09-2026 00:29:33 [38;5;117m[DEBUG]: [0mThis is a debug message from thread 218-09-2026 00:29:33 [38;5;009m[ERROR]: [0mThis is a error message from thread 1118-09-2026 00:29:33 [38;5;009m[ERROR]: [0mThis is a error message from thread 1318-09-2026 00:29:33 [38;5;015m[INFO]: [0mThis is a info message from thread 218-09-2026 00:29:33 [38;5;117m[DEBUG]: [0mThis is a debug message from thread 1518-09-2026 00:29:33 [38;5;009m[ERROR]: [0mThis is a error message from thread 1618-09-2026 00:29:33 [38;5;117m[DEBUG]: [0mThis is a debug message from thread 1318-09-2026 00:29:33 [38;5;009m[ERROR]: [0mThis is a error message from thread 2318-09-2026 00:29:33 [38;5;015m[INFO]: [0mThis is a info message from thread 418-09-2026 00:29:33 [38;5;015m[INFO]: [0mThis is a info message from thread 1518-09-2026 00:29:33 [38;5;015m[INFO]: [0mThis is a info message from thread 818-09-2026 00:29:33 [38;5;015m[INFO]: [0mThis is a info message from thread 1318-09-2026 00:29:33 [38;5;117m[DEBUG]: [0mThis is a debug message from thread 118-09-2026 00:29:33 [38;5;009m[ERROR]: [0mThis is a error message from thread 1518-09-2026 00:29:33 [38;5;117m[DEBUG]: [0mThis is a debug message from thread 718-09-2026 00:29:33 [38;5;117m[DEBUG]: [0mThis is a debug message from thread 1618-09-2026 00:29:33 [38;5;009m[ERROR]: [0mThis is a error message from thread 1318-09-2026 00:29:33 [38;5;015m[INFO]: [0mThis is a info message from thread 118-09-2026 00:29:33 [38;5;009m[ERROR]: [0mThis is a error message from thread 2918-09-2026 00:29:33 [38;5;015m[INFO]: [0mThis is a info message from thread 1618-09-2026 00:29:33 [38;5;015m[INFO]: [0mThis is a info message from thread 718-09-2026 00:29:33 [38;5;009m[ERROR]: [0mThis is a error message from thread 1618-09-2026 00:29:33 [38;5;117m[DEBUG]: [0mThis is a debug message from thread 2018-09-2026 00:29:33 [38;5;009m[ERROR]: [0mThis is a error message from thread 718-09-2026 00:29:33 [38;5;015m[INFO]: [0mThis is a info message from thread 2018-09-2026 00:29:33 [38;5;117m[DEBUG]: [0mThis is a debug message from thread 1618-09-2026 00:29:33 [38;5;015m[INFO]: [0mThis is a info message from thread 1218-09-2026 00:29:33 [38;5;009m[ERROR]: [0mThis is a error message from thread 2418-09-2026 00:29:33 [38;5;009m[ERROR]: [0mThis is a error message from thread 018-09-2026 00:29:33 [38;5;117m[DEBUG]: [0mThis is a debug message from thread 2818-09-2026 00:29:33 [38;5;117m[DEBUG]: [0mThis is a debug message from thread 2518-09-2026 00:29:33 [38;5;117m[DEBUG]: [0mThis is a debug message from thread 018-09-2026 00:29:33 [38;5;015m[INFO]: [0mThis is a info message from thread 2818-09-2026 00:29:33 [38;5;009m[ERROR]: [0mThis is a error message from thread 1818-09-2026 00:29:33 [38;5;015m[INFO]: [0mThis is a info message from thread 2518-09-2026 00:29:33 [38;5;009m[ERROR]: [0mThis is a error message from thread 218-09-2026 00:29:33 [38;5;009m[ERROR]: [0mThis is a error message from thread 2518-09-2026 00:29:33 [38;5;117m[DEBUG]: [0mThis is a debug message from thread 218-09-2026 00:29:33 [38;5;009m[ERROR]: [0mThis is a error message from thread 1718-09-2026 00:29:33 [38;5;117m[DEBUG]: [0mThis is a debug message from thread 1818-09-2026 00:29:33 [38;5;117m[DEBUG]: [0mThis is a debug message from thread 1518-09-2026 00:29:33 [38;5;117m[DEBUG]: [0mThis is a debug message from thread 1718-09-2026 00:29:33 [38;5;015m[INFO]: [0mThis is a info message from thread 1518-09-2026 00:29:33 [38;5;015m[INFO]: [0mThis is a info message from thread 1818-09-2026 00:29:33 [38;5;009m[ERROR]: [0mThis is a error message from thread 2818-09-2026 00:29:33 [38;5;015m[INFO]: [0mThis is a info message from thread 218-09-2026 00:29:33 [38;5;009m[ERROR]: [0mThis is a error message from thread 418-09-2026 00:29:33 [38;5;117m[DEBUG]: [0mThis is a debug message from thread 2518-09-2026 00:29:33 [38;5;009m[ERROR]: [0mThis is a error message from thread 218-09-2026 00:29:33 [38;5;009m[ERROR]: [0mThis is a error message from thread 1518-09-2026 00:29:33 [38;5;117m[DEBUG]: [0mThis is a debug message from thread 418-09-2026 00:29:33 [38;5;117m[DEBUG]: [0mThis is a debug message from thread 2918-09-2026 00:29:33 [38;5;117m[DEBUG]: [0mThis is a debug message from thread 1518-09-2026 00:29:33 [38;5;117m[DEBUG]: [0mThis is a debug message from thread 2818-09-2026 00:29:33 [38;5;009m[ERROR]: [0mThis is a error message from thread 2618-09-2026 00:29:33 [38;5;117m[DEBUG]: [0mThis is a debug message from thread 2118-09-2026 00:29:33 [38;5;015m[INFO]: [0mThis is a info message from thread 418-09-2026 00:29:33 [38;5;015m[INFO]: [0mThis is a info message from thread 2918-09-2026 00:29:33 [38;5;117m[DEBUG]: [0mThis is a debug message from thread 1118-09-2026 00:29:33 [38;5;009m[ERROR]: [0mThis is a error message from thread 1018-09-2026 00:29:33 [38;5;015m[INFO]: [0mThis is a info message from thread 618-09-2026 00:29:33 [38;5;117m[DEBUG]: [0mThis is a debug message from thread 1918-09-2026 00:29:33 [38;5;009m[ERROR]: [0mThis is a error message from thread 418-09-2026 00:29:33 [38;5;009m[ERROR]: [0mThis is a error message from thread 2018-09-2026 00:29:33 [38;5;117m[DEBUG]: [0mThis is a debug message from thread 218-09-2026 00:29:33 [38;5;009m[ERROR]: [0mThis is a error message from thread 918-09-2026 00:29:33 [38;5;117m[DEBUG]: [0mThis is a debug message from thread 318-09-2026 00:29:33 [38;5;009m[ERROR]: [0mThis is a error message from thread 818-09-2026 00:29:33 [38;5;015m[INFO]: [0mThis is a info message from thread 1918-09-2026 00:29:33 [38;5;015m[INFO]: [0mThis is a info message from thread 1118-09-2026 00:29:33 [38;5;015m[INFO]: [0mThis is a info message from thread 218-09-2026 00:29:33 [38;5;009m[ERROR]: [0mThis is a error message from thread 1818-09-2026 00:29:33 [38;5;117m[DEBUG]: [0mThis is a debug message from thread 1018-09-2026 00:29:33 [38;5;015m[INFO]: [0mThis is a info message from thread 1418-09-2026 00:29:33 [38;5;009m[ERROR]: [0mThis is a error message from thread 118-09-2026 00:29:33 [38;5;015m[INFO]: [0mThis is a info message from thread 318-09-2026 00:29:33 [38;5;117m[DEBUG]: [0mThis is a debug message from thread 818-09-2026 00:29:33 [38;5;117m[DEBUG]: [0mThis is a debug message from thread 1318-09-2026 00:29:33 [38;5;009m[ERROR]: [0mThis is a error message from thread 1918-09-2026 00:29:33 [38;5;117m[DEBUG]: [0mThis is a debug message from thread 2318-09-2026 00:29:33 [38;5;117m[DEBUG]: [0mThis is a debug message from thread 118-09-2026 00:29:33 [38;5;015m[INFO]: [0mThis is a info message from thread 2518-09-2026 00:29:33 [38;5;117m[DEBUG]: [0mThis is a debug message from thread 918-09-2026 00:29:33 [38;5;009m[ERROR]: [0mThis is a error message from thread 1218-09-2026 00:29:33 [38;5;117m[DEBUG]: [0mThis is a debug message from thread 2418-09-2026 00:29:33 [38;5;009m[ERROR]: [0mThis is a error message from thread 318-09-2026 00:29:33 [38;5;117m[DEBUG]: [0mThis is a debug message from thread 2618-09-2026 00:29:33 [38;5;015m[INFO]: [0mThis is a info message from thread 2218-09-2026 00:29:33 [38;5;009m[ERROR]: [0mThis is a error message from thread 218-09-2026 00:29:33 [38;5;117m[DEBUG]: [0mThis is a debug message from thread 418-09-2026 00:29:33 [38;5;009m[ERROR]: [0mThis is a error message from thread 618-09-2026 00:29:33 [38;5;015m[INFO]: [0mThis is a info message from thread 2318-09-2026 00:29:33 [38;5;015m[INFO]: [0mThis is a info message from thread 2418-09-2026 00:29:33 [38;5;009m[ERROR]: [0mThis is a error message from thread 1418-09-2026 00:29:33 [38;5;015m[INFO]: [0mThis is a info message from thread 918-09-2026 00:29:33 [38;5;117m[DEBUG]: [0mThis is a debug message from thread 2718-09-2026 00:29:33 [38;5;015m[INFO]: [0mThis is a info message from thread 2618-09-2026 00:29:33 [38;5;009m[ERROR]: [0mThis is a error message from thread 2418-09-2026 00:29:33 [38;5;117m[DEBUG]: [0mThis is a debug message from thread 318-09-2026 00:29:33 [38;5;009m[ERROR]: [0mThis is a error message from thread 2218-09-2026 00:29:33 [38;5;015m[INFO]: [0mThis is a info message from thread 2818-09-2026 00:29:33 [38;5;015m[INFO]: [0mThis is a info message from thread 1718-09-2026 00:29:33 [38;5;015m[INFO]: [0mThis is a info message from thread 1018-09-2026 00:29:33 [38;5;015m[INFO]: [0mThis is a info message from thread 818-09-2026 00:29:33 [38;5;117m[DEBUG]: [0mThis is a debug message from thread 1918-09-2026 00:29:33 [38;5;015m[INFO]: [0mThis is a info message from thread 118-09-2026 00:29:33 [38;5;009m[ERROR]: [0mThis is a error message from thread 2618-09-2026 00:29:33 [38;5;117m[DEBUG]: [0mThis is a debug message from thread 718-09-2026 00:29:33 [38;5;009m[ERROR]: [0mThis is a error message from thread 1018-09-2026 00:29:33 [38;5;015m[INFO]: [0mThis is a info message from thread 2718-09-2026 00:29:33 [38;5;009m[ERROR]: [0mThis is a error message from thread 818-09-2026 00:29:33 [38;5;009m[ERROR]: [0mThis is a error message from thread 2318-09-2026 00:29:33 [38;5;117m[DEBUG]: [0mThis is a debug message from thread 2418-09-2026 00:29:33 [38;5;015m[INFO]: [0mThis is a info message from thread 018-09-2026 00:29:33 [38;5;009m[ERROR]: [0mThis is a error message from thread 2518-09-2026 00:29:33 [38;5;009m[ERROR]: [0mThis is a error message from thread 2918-09-2026 00:29:33 [38;5;117m[DEBUG]: [0mThis is a debug message from thread 1418-09-2026 00:29:33 [38;5;117m[DEBUG]: [0mThis is a debug message from thread 2618-09-2026 00:29:33 [38;5;009m[ERROR]: [0mThis is a error message from thread 018-09-2026 00:29:33 [38;5;015m[INFO]: [0mThis is a info message from thread 1518-09-2026 00:29:33 [38;5;015m[INFO]: [0mThis is a info message from thread 1918-09-2026 00:29:33 [38;5;009m[ERROR]: [0mThis is a error message from thread 918-09-2026 00:29:33 [38;5;015m[INFO]: [0mThis is a info message from thread 418-09-2026 00:29:33 [38;5;117m[DEBUG]: [0mThis is a debug message from thread 018-09-2026 00:29:33 [38;5;117m[DEBUG]: [0mThis is a debug message from thread 2518-09-2026 00:29:33 [38;5;117m[DEBUG]: [0mThis is a debug message from thread 2918-09-2026 00:29:33 [38;5;015m[INFO]: [0mThis is a info message from thread 2918-09-2026 00:29:33 [38;5;117m[DEBUG]: [0mThis is a debug message from thread 818-09-2026 00:29:33 [38;5;015m[INFO]: [0mThis is a info message from thread 2418-09-2026 00:29:33 [38;5;009m[ERROR]: [0mThis is a error message from thread 418-09-2026 00:29:33 [38;5;015m[INFO]: [0mThis is a info message from thread 018-09-2026 00:29:33 [38;5;009m[ERROR]: [0mThis is a error message from thread 2818-09-2026 00:29:33 [38;5;117m[DEBUG]: [0mThis is a debug message from thread 2018-09-2026 00:29:33 [38;5;117m[DEBUG]: [0mThis is a debug message from thread 618-09-2026 00:29:33 [38;5;015m[INFO]: [0mThis is a info message from thread 518-09-2026 00:29:33 [38;5;015m[INFO]: [0mThis is a info message from thread 818-09-2026 00:29:33 [38;5;117m[DEBUG]: [0mThis is a debug message from thread 418-09-2026 00:29:33 [38;5;009m[ERROR]: [0mThis is a error message from thread 518-09-2026 00:29:33 [38;5;009m[ERROR]: [0mThis is a error message from thread 2418-09-2026 00:29:33 [38;5;015m[INFO]: [0mThis is a info message from thread 418-09-2026 00:29:33 [38;5;117m[DEBUG]: [0mThis is a debug message from thread 2318-09-2026 00:29:33 [38;5;015m[INFO]: [0mThis is a info message from thread 2118-09-2026 00:29:33 [38;5;009m[ERROR]: [0mThis is a error message from thread 2718-09-2026 00:29:33 [38;5;117m[DEBUG]: [0mThis is a debug message from thread 1818-09-2026 00:29:33 [38;5;117m[DEBUG]: [0mThis is a debug message from thread 218-09-2026 00:29:33 [38;5;009m[ERROR]: [0mThis is a error message from thread 2118-09-2026 00:29:33 [38;5;015m[INFO]: [0mThis is a info message from thread 2018-09-2026 00:29:33 [38;5;117m[DEBUG]: [0mThis is a debug message from thread 2418-09-2026 00:29:33 [38;5;009m[ERROR]: [0mThis is a error message from thread 2918-09-2026 00:29:33 [38;5;015m[INFO]: [0mThis is a info message from thread 218-09-2026 00:29:33 [38;5;009m[ERROR]: [0mThis is a error message from thread 218-09-2026 00:29:33 [38;5;015m[INFO]: [0mThis is a info message from thread 2418-09-2026 00:29:33 [38;5;009m[ERROR]: [0mThis is a error message from thread 1718-09-2026 00:29:33 [38;5;015m[INFO]: [0mThis is a info message from thread 2318-09-2026 00:29:33 [38;5;117m[DEBUG]: [0mThis is a debug message from thread 2918-09-2026 00:29:33 [38;5;009m[ERROR]: [0mThis is a error message from thread 1118-09-2026 00:29:33 [38;5;117m[DEBUG]: [0mThis is a debug message from thread 1218-09-2026 00:29:33 [38;5;117m[DEBUG]: [0mThis is a debug message from thread 518-09-2026 00:29:33 [38;5;117m[DEBUG]: [0mThis is a debug message from thread 1718-09-2026 00:29:33 [38;5;009m[ERROR]: [0mThis is a error message from thread 2418-09-2026 00:29:33 [38;5;015m[INFO]: [0mThis is a info message from thread 618-09-2026 00:29:33 [38;5;015m[INFO]: [0mThis is a info message from thread 718-09-2026 00:29:33 [38;5;015m[INFO]: [0mThis is a info message from thread 1718-09-2026 00:29:33 [38;5;117m[DEBUG]: [0mThis is a debug message from thread 2418-09-2026 00:29:33 [38;5;117m[DEBUG]: [0mThis is a debug message from thread 2818-09-2026 00:29:33 [38;5;015m[INFO]: [0mThis is a info message from thread 2418-09-2026 00:29:33 [38;5;015m[INFO]: [0mThis is a info message from thread 1818-09-2026 00:29:33 [38;5;009m[ERROR]: [0mThis is a error message from thread 2418-09-2026 00:29:33 [38;5;009m[ERROR]: [0mThis is a error message from thread 2318-09-2026 00:29:33 [38;5;117m[DEBUG]: [0mThis is a debug message from thread 918-09-2026 00:29:33 [38;5;117m[DEBUG]: [0mThis is a debug message from thread 2718-09-2026 00:29:33 [38;5;015m[INFO]: [0mThis is a info message from thread 1418-09-2026 00:29:33 [38;5;117m[DEBUG]: [0mThis is a debug message from thread 2318-09-2026 00:29:33 [38;5;009m[ERROR]: [0mThis is a error message from thread 118-09-2026 00:29:33 [38;5;015m[INFO]: [0mThis is a info message from thread 1218-09-2026 00:29:33 [38;5;117m[DEBUG]: [0mThis is a debug message from thread 118-09-2026 00:29:33 [38;5;009m[ERROR]: [0mThis is a error message from thread 1718-09-2026 00:29:33 [38;5;015m[INFO]: [0mThis is a info message from thread 2918-09-2026 00:29:33 [38;5;015m[INFO]: [0mThis is a info message from thread 1318-09-2026 00:29:33 [38;5;015m[INFO]: [0mThis is a info message from thread 2718-09-2026 00:29:33 [38;5;009m[ERROR]: [0mThis is a error message from thread 1318-09-2026 00:29:33 [38;5;015m[INFO]: [0mThis is a info message from thread 1618-09-2026 00:29:33 [38;5;009m[ERROR]: [0mThis is a error message from thread 1518-09-2026 00:29:33 [38;5;009m[ERROR]: [0mThis is a error message from thread 418-09-2026 00:29:33 [38;5;009m[ERROR]: [0mThis is a error message from thread 1418-09-2026 00:29:33 [38;5;117m[DEBUG]: [0mThis is a debug message from thread 418-09-2026 00:29:33 [38;5;117m[DEBUG]: [0mThis is a debug message from thread 1318-09-2026 00:29:33 [38;5;009m[ERROR]: [0mThis is a error message from thread 1618-09-2026 00:29:33 [38;5;117m[DEBUG]: [0mThis is a debug message from thread 1018-09-2026 00:29:33 [38;5;009m[ERROR]: [0mThis is a error message from thread 2918-09-2026 00:29:33 [38;5;015m[INFO]: [0mThis is a info message from thread 2318-09-2026 00:29:33 [38;5;009m[ERROR]: [0mThis is a error message from thread 1918-09-2026 00:29:33 [38;5;117m[DEBUG]: [0mThis is a debug message from thread 1518-09-2026 00:29:33 [38;5;009m[ERROR]: [0mThis is a error message from thread 818-09-2026 00:29:33 [38;5;117m[DEBUG]: [0mThis is a debug message from thread 2118-09-2026 00:29:33 [38;5;009m[ERROR]: [0mThis is a error message from thread 618-09-2026 00:29:33 [38;5;015m[INFO]: [0mThis is a info message from thread 1018-09-2026 00:29:33 [38;5;015m[INFO]: [0mThis is a info message from thread 2118-09-2026 00:29:33 [38;5;015m[INFO]: [0mThis is a info message from thread 1318-09-2026 00:29:33 [38;5;009m[ERROR]: [0mThis is a error message from thread 1018-09-2026 00:29:33 [38;5;009m[ERROR]: [0mThis is a error message from thread 718-09-2026 00:29:33 [38;5;015m[INFO]: [0mThis is a info message from thread 1518-09-2026 00:29:33 [38;5;117m[DEBUG]: [0mThis is a debug message from thread 1918-09-2026 00:29:33 [38;5;015m[INFO]: [0mThis is a info message from thread 2618-09-2026 00:29:33 [38;5;015m[INFO]: [0mThis is a info message from thread 2518-09-2026 00:29:33 [38;5;117m[DEBUG]: [0mThis is a debug message from thread 1418-09-2026 00:29:33 [38;5;015m[INFO]: [0mThis is a info message from thread 2818-09-2026 00:29:33 [38;5;015m[INFO]: [0mThis is a info message from thread 918-09-2026 00:29:33 [38;5;117m[DEBUG]: [0mThis is a debug message from thread 2918-09-2026 00:29:33 [38;5;009m[ERROR]: [0mThis is a error message from thread 2718-09-2026 00:29:33 [38;5;117m[DEBUG]: [0mThis is a debug message from thread 2218-09-2026 00:29:33 [38;5;117m[DEBUG]: [0mThis is a debug message from thread 818-09-2026 00:29:33 [38;5;015m[INFO]: [0mThis is a info message from thread 1418-09-2026 00:29:33 [38;5;009m[ERROR]: [0mThis is a error message from thread 918-09-2026 00:29:33 [38;5;015m[INFO]: [0mThis is a info message from thread 2918-09-2026 00:29:33 [38;5;117m[DEBUG]: [0mThis is a debug message from thread 1718-09-2026 00:29:33 [38;5;015m[INFO]: [0mThis is a info message from thread 1918-09-2026 00:29:33 [38;5;009m[ERROR]: [0mThis is a error message from thread 2318-09-2026 00:29:33 [38;5;117m[DEBUG]: [0mThis is a debug message from thread 1618-09-2026 00:29:33 [38;5;117m[DEBUG]: [0mThis is a debug message from thread 2718-09-2026 00:29:33 [38;5;117m[DEBUG]: [0mThis is a debug message from thread 718-09-2026 00:29:33 [38;5;009m[ERROR]: [0mThis is a error message from thread 1418-09-2026 00:29:33 [38;5;009m[ERROR]: [0mThis is a error message from thread 2118-09-2026 00:29:33 [38;5;117m[DEBUG]: [0mThis is a debug message from thread 2418-09-2026 00:29:33 [38;5;009m[ERROR]: [0mThis is a error message from thread 018-09-2026 00:29:33 [38;5;015m[INFO]: [0mThis is a info message from thread 118-09-2026 00:29:33 [38;5;117m[DEBUG]: [0mThis is a debug message from thread 918-09-2026 00:29:33 [38;5;015m[INFO]: [0mThis is a info message from thread 818-09-2026 00:29:33 [38;5;015m[INFO]: [0mThis is a info message from thread 718-09-2026 00:29:33 [38;5;009m[ERROR]: [0mThis is a error message from thread 2018-09-2026 00:29:33 [38;5;009m[ERROR]: [0mThis is a error message from thread 1318-09-2026 00:29:33 [38;5;117m[DEBUG]: [0mThis is a debug message from thread 218-09-2026 00:29:33 [38;5;015m[INFO]: [0mThis is a info message from thread 2418-09-2026 00:29:33 [38;5;015m[INFO]: [0mThis is a info message from thread 218-09-2026 00:29:33 [38;5;009m[ERROR]: [0mThis is a error message from thread 818-09-2026 00:29:33 [38;5;009m[ERROR]: [0mThis is a error message from thread 2418-09-2026 00:29:33 [38;5;015m[INFO]: [0mThis is a info message from thread 1618-09-2026 00:29:33 [38;5;117m[DEBUG]: [0mThis is a debug message from thread 018-09-2026 00:29:33 [38;5;117m[DEBUG]: [0mThis is a debug message from thread 1318-09-2026 00:29:33 [38;5;015m[INFO]: [0mThis is a info message from thread 018-09-2026 00:29:33 [38;5;117m[DEBUG]: [0mThis is a debug message from thread 2118-09-2026 00:29:33 [38;5;015m[INFO]: [0mThis is a info message from thread 2118-09-2026 00:29:33 [38;5;009m[ERROR]: [0mThis is a error message from thread 1618-09-2026 00:29:33 [38;5;117m[DEBUG]: [0mThis is a debug message from thread 1618-09-2026 00:29:33 [38;5;015m[INFO]: [0mThis is a info message from thread 1718-09-2026 00:29:33 [38;5;015m[INFO]: [0mThis is a info message from thread 1618-09-2026 00:29:33 [38;5;009m[ERROR]: [0mThis is a error message from thread 1518-09-2026 00:29:33 [38;5;009m[ERROR]: [0mThis is a error message from thread 1618-09-2026 00:29:33 [38;5;009m[ERROR]: [0mThis is a error message from thread 1718-09-2026 00:29:33 [38;5;117m[DEBUG]: [0mThis is a debug message from thread 2418-09-2026 00:29:33 [38;5;117m[DEBUG]: [0mThis is a debug message from thread 1618-09-2026 00:29:33 [38;5;015m[INFO]: [0mThis is a info message from thread 2418-09-2026 00:29:33 [38;5;117m[DEBUG]: [0mThis is a debug message from thread 1718-09-2026 00:29:33 [38;5;015m[INFO]: [0mThis is a info message from thread 418-09-2026 00:29:33 [38;5;009m[ERROR]: [0mThis is a error message from thread 418-09-2026 00:29:33 [38;5;117m[DEBUG]: [0mThis is a debug message from thread 1518-09-2026 00:29:33 [38;5;009m[ERROR]: [0mThis is a error message from thread 718-09-2026 00:29:33 [38;5;009m[ERROR]: [0mThis is a error message from thread 2518-09-2026 00:29:33 [38;5;009m[ERROR]: [0mThis is a error message from thread 2618-09-2026 00:29:33 [38;5;117m[DEBUG]: [0mThis is a debug message from thread 818-09-2026 00:29:33 [38;5;009m[ERROR]: [0mThis is a error message from thread 2418-09-2026 00:29:33 [38;5;117m[DEBUG]: [0mThis is a debug message from thread 1118-09-2026 00:29:33 [38;5;015m[INFO]: [0mThis is a info message from thread 2718-09-2026 00:29:33 [38;5;117m[DEBUG]: [0mThis is a debug message from thread 1418-09-2026 00:29:33 [38;5;117m[DEBUG]: [0mThis is a debug message from thread 2418-09-2026 00:29:33 [38;5;015m[INFO]: [0mThis is a info message from thread 1518-09-2026 00:29:33 [38;5;117m[DEBUG]: [0mThis is a debug message from thread 2618-09-2026 00:29:33 [38;5;117m[DEBUG]: [0mThis is a debug message from thread 418-09-2026 00:29:33 [38;5;009m[ERROR]: [0mThis is a error message from thread 1518-09-2026 00:29:33 [38;5;015m[INFO]: [0mThis is a info message from thread 2418-09-2026 00:29:33 [38;5;117m[DEBUG]: [0mThis is a debug message from thread 1518-09-2026 00:29:33 [38;5;009m[ERROR]: [0mThis is a error message from thread 2418-09-2026 00:29:33 [38;5;117m[DEBUG]: [0mThis is a debug message from thread 2518-09-2026 00:29:33 [38;5;117m[DEBUG]: [0mThis is a debug message from thread 718-09-2026 00:29:33 [38;5;015m[INFO]: [0mThis is a info message from thread 2518-09-2026 00:29:33 [38;5;015m[INFO]: [0mThis is a info message from thread 818-09-2026 00:29:33 [38;5;009m[ERROR]: [0mThis is a error message from thread 2918-09-2026 00:29:33 [38;5;117m[DEBUG]: [0mThis is a debug message from thread 2418-09-2026 00:29:33 [38;5;015m[INFO]: [0mThis is a info message from thread 718-09-2026 00:29:33 [38;5;015m[INFO]: [0mThis is a info message from thread 1118-09-2026 00:29:33 [38;5;117m[DEBUG]: [0mThis is a debug message from thread 2918-09-2026 00:29:33 [38;5;009m[ERROR]: [0mThis is a error message from thread 818-09-2026 00:29:33 [38;5;009m[ERROR]: [0mThis is a error message from thread 718-09-2026 00:29:33 [38;5;117m[DEBUG]: [0mThis is a debug message from thread 818-09-2026 00:29:33 [38;5;015m[INFO]: [0mThis is a info message from thread 2618-09-2026 00:29:33 [38;5;009m[ERROR]: [0mThis is a error message from thread 218-09-2026 00:29:33 [38;5;117m[DEBUG]: [0mThis is a debug message from thread 718-09-2026 00:29:33 [38;5;015m[INFO]: [0mThis is a info message from thread 818-09-2026 00:29:33 [38;5;015m[INFO]: [0mThis is a info message from thread 2918-09-2026 00:29:33 [38;5;009m[ERROR]: [0mThis is a error message from thread 818-09-2026 00:29:33 [38;5;009m[ERROR]: [0mThis is a error message from thread 1118-09-2026 00:29:33 [38;5;009m[ERROR]: [0mThis is a error message from thread 2518-09-2026 00:29:33 [38;5;015m[INFO]: [0mThis is a info message from thread 1518-09-2026 00:29:33 [38;5;117m[DEBUG]: [0mThis is a debug message from thread 618-09-2026 00:29:33 [38;5;015m[INFO]: [0mThis is a info message from thread 518-09-2026 00:29:33 [38;5;015m[INFO]: [0mThis is a info message from thread 718-09-2026 00:29:33 [38;5;009m[ERROR]: [0mThis is a error message from thread 2818-09-2026 00:29:33 [38;5;009m[ERROR]: [0mThis is a error message from thread 518-09-2026 00:29:33 [38;5;009m[ERROR]: [0mThis is a error message from thread 2618-09-2026 00:29:33 [38;5;117m[DEBUG]: [0mThis is a debug message from thread 1118-09-2026 00:29:33 [38;5;009m[ERROR]: [0mThis is a error message from thread 1518-09-2026 00:29:33 [38;5;009m[ERROR]: [0mThis is a error message from thread 1918-09-2026 00:29:33 [38;5;117m[DEBUG]: [0mThis is a debug message from thread 518-09-2026 00:29:33 [38;5;117m[DEBUG]: [0mThis is a debug message from thread 2818-09-2026 00:29:33 [38;5;015m[INFO]: [0mThis is a info message from thread 2818-09-2026 00:29:33 [38;5;117m[DEBUG]: [0mThis is a debug message from thread 1518-09-2026 00:29:33 [38;5;117m[DEBUG]: [0mThis is a debug message from thread 1918-09-2026 00:29:33 [38;5;015m[INFO]: [0mThis is a info message from thread 1518-09-2026 00:29:33 [38;5;015m[INFO]: [0mThis is a info message from thread 2218-09-2026 00:29:33 [38;5;117m[DEBUG]: [0mThis is a debug message from thread 2318-09-2026 00:29:33 [38;5;117m[DEBUG]: [0mThis is a debug message from thread 218-09-2026 00:29:33 [38;5;015m[INFO]: [0mThis is a info message from thread 1318-09-2026 00:29:33 [38;5;117m[DEBUG]: [0mThis is a debug message from thread 2018-09-2026 00:29:33 [38;5;009m[ERROR]: [0mThis is a error message from thread 2918-09-2026 00:29:33 [38;5;009m[ERROR]: [0mThis is a error message from thread 718-09-2026 00:29:33 [38;5;015m[INFO]: [0mThis is a info message from thread 918-09-2026 00:29:33 [38;5;015m[INFO]: [0mThis is a info message from thread 618-09-2026 00:29:33 [38;5;009m[ERROR]: [0mThis is a error message from thread 618-09-2026 00:29:33 [38;5;117m[DEBUG]: [0mThis is a debug message from thread 618-09-2026 00:29:33 [38;5;117m[DEBUG]: [0mThis is a debug message from thread 718-09-2026 00:29:33 [38;5;009m[ERROR]: [0mThis is a error message from thread 2218-09-2026 00:29:33 [38;5;015m[INFO]: [0mThis is a info message from thread 2318-09-2026 00:29:33 [38;5;009m[ERROR]: [0mThis is a error message from thread 2118-09-2026 00:29:33 [38;5;015m[INFO]: [0mThis is a info message from thread 1618-09-2026 00:29:33 [38;5;015m[INFO]: [0mThis is a info message from thread 218-09-2026 00:29:33 [38;5;117m[DEBUG]: [0mThis is a debug message from thread 2918-09-2026 00:29:33 [38;5;015m[INFO]: [0mThis is a info message from thread 718-09-2026 00:29:33 [38;5;015m[INFO]: [0mThis is a info message from thread 618-09-2026 00:29:33 [38;5;009m[ERROR]: [0mThis is a error message from thread 1618-09-2026 00:29:33 [38;5;009m[ERROR]: [0mThis is a error message from thread 2318-09-2026 00:29:33 [38;5;117m[DEBUG]: [0mThis is a debug message from thread 1018-09-2026 00:29:33 [38;5;015m[INFO]: [0mThis is a info message from thread 1718-09-2026 00:29:33 [38;5;009m[ERROR]: [0mThis is a error message from thread 718-09-2026 00:29:33 [38;5;015m[INFO]: [0mThis is a info message from thread 1918-09-2026 00:29:33 [38;5;117m[DEBUG]: [0mThis is a debug message from thread 1618-09-2026 00:29:33 [38;5;009m[ERROR]: [0mThis is a error message from thread 2718-09-2026 00:29:33 [38;5;009m[ERROR]: [0mThis is a error message from thread 618-09-2026 00:29:33 [38;5;015m[INFO]: [0mThis is a info message from thread 318-09-2026 00:29:33 [38;5;015m[INFO]: [0mThis is a info message from thread 1018-09-2026 00:29:33 [38;5;009m[ERROR]: [0mThis is a error message from thread 1818-09-2026 00:29:33 [38;5;015m[INFO]: [0mThis is a info message from thread 2918-09-2026 00:29:33 [38;5;009m[ERROR]: [0mThis is a error message from thread 1718-09-2026 00:29:33 [38;5;009m[ERROR]: [0mThis is a error message from thread 1218-09-2026 00:29:33 [38;5;009m[ERROR]: [0mThis is a error message from thread 1918-09-2026 00:29:33 [38;5;117m[DEBUG]: [0mThis is a debug message from thread 1218-09-2026 00:29:33 [38;5;117m[DEBUG]: [0mThis is a debug message from thread 618-09-2026 00:29:33 [38;5;117m[DEBUG]: [0mThis is a debug message from thread 1718-09-2026 00:29:33 [38;5;009m[ERROR]: [0mThis is a error message from thread 2818-09-2026 00:29:33 [38;5;015m[INFO]: [0mThis is a info message from thread 518-09-2026 00:29:33 [38;5;015m[INFO]: [0mThis is a info message from thread 2018-09-2026 00:29:33 [38;5;009m[ERROR]: [0mThis is a error message from thread 118-09-2026 00:29:33 [38;5;117m[DEBUG]: [0mThis is a debug message from thread 2518-09-2026 00:29:33 [38;5;015m[INFO]: [0mThis is a info message from thread 1118-09-2026 00:29:33 [38;5;015m[INFO]: [0mThis is a info message from thread 2418-09-2026 00:29:33 [38;5;117m[DEBUG]: [0mThis is a debug message from thread 718-09-2026 00:29:33 [38;5;015m[INFO]: [0mThis is a info message from thread 618-09-2026 00:29:33 [38;5;009m[ERROR]: [0mThis is a error message from thread 518-09-2026 00:29:33 [38;5;009m[ERROR]: [0mThis is a error message from thread 1518-09-2026 00:29:33 [38;5;009m[ERROR]: [0mThis is a error message from thread 1318-09-2026 00:29:33 [38;5;117m[DEBUG]: [0mThis is a debug message from thread 2818-09-2026 00:29:33 [38;5;117m[DEBUG]: [0mThis is a debug message from thread 2618-09-2026 00:29:33 [38;5;009m[ERROR]: [0mThis is a error message from thread 1118-09-2026 00:29:33 [38;5;015m[INFO]: [0mThis is a info message from thread 718-09-2026 00:29:33 [38;5;117m[DEBUG]: [0mThis is a debug message from thread 2118-09-2026 00:29:33 [38;5;015m[INFO]: [0mThis is a info message from thread 2518-09-2026 00:29:33 [38;5;009m[ERROR]: [0mThis is a error message from thread 018-09-2026 00:29:33 [38;5;117m[DEBUG]: [0mThis is a debug message from thread 118-09-2026 00:29:33 [38;5;009m[ERROR]: [0mThis is a error message from thread 318-09-2026 00:29:33 [38;5;117m[DEBUG]: [0mThis is a debug message from thread 1518-09-2026 00:29:33 [38;5;117m[DEBUG]: [0mThis is a debug message from thread 1118-09-2026 00:29:33 [38;5;009m[ERROR]: [0mThis is a error message from thread 718-09-2026 00:29:33 [38;5;015m[INFO]: [0mThis is a info message from thread 1718-09-2026 00:29:33 [38;5;117m[DEBUG]: [0mThis is a debug message from thread 518-09-2026 00:29:33 [38;5;117m[DEBUG]: [0mThis is a debug message from thread 718-09-2026 00:29:33 [38;5;015m[INFO]: [0mThis is a info message from thread 118-09-2026 00:29:33 [38;5;015m[INFO]: [0mThis is a info message from thread 1518-09-2026 00:29:33 [38;5;015m[INFO]: [0mThis is a info message from thread 2818-09-2026 00:29:33 [38;5;009m[ERROR]: [0mThis is a error message from thread 1518-09-2026 00:29:33 [38;5;117m[DEBUG]: [0mThis is a debug message from thread 018-09-2026 00:29:33 [38;5;015m[INFO]: [0mThis is a info message from thread 518-09-2026 00:29:33 [38;5;015m[INFO]: [0mThis is a info message from thread 1218-09-2026 00:29:33 [38;5;015m[INFO]: [0mThis is a info message from thread 718-09-2026 00:29:33 [38;5;009m[ERROR]: [0mThis is a error message from thread 118-09-2026 00:29:33 [38;5;015m[INFO]: [0mThis is a info message from thread 1118-09-2026 00:29:33 [38;5;117m[DEBUG]: [0mThis is a debug message from thread 2718-09-2026 00:29:33 [38;5;117m[DEBUG]: [0mThis is a debug message from thread 2318-09-2026 00:29:33 [38;5;009m[ERROR]: [0mThis is a error message from thread 1118-09-2026 00:29:33 [38;5;009m[ERROR]: [0mThis is a error message from thread 218-09-2026 00:29:33 [38;5;009m[ERROR]: [0mThis is a error message from thread 718-09-2026 00:29:33 [38;5;117m[DEBUG]: [0mThis is a debug message from thread 1518-09-2026 00:29:33 [38;5;117m[DEBUG]: [0mThis is a debug message from thread 1818-09-2026 00:29:33 [38;5;009m[ERROR]: [0mThis is a error message from thread 1018-09-2026 00:29:33 [38;5;009m[ERROR]: [0mThis is a error message from thread 2018-09-2026 00:29:33 [38;5;009m[ERROR]: [0mThis is a error message from thread 2418-09-2026 00:29:33 [38;5;117m[DEBUG]: [0mThis is a debug message from thread 718-09-2026 00:29:33 [38;5;009m[ERROR]: [0mThis is a error message from thread 2818-09-2026 00:29:33 [38;5;009m[ERROR]: [0mThis is a error message from thread 518-09-2026 00:29:33 [38;5;015m[INFO]: [0mThis is a info message from thread 1418-09-2026 00:29:33 [38;5;117m[DEBUG]: [0mThis is a debug message from thread 218-09-2026 00:29:33 [38;5;117m[DEBUG]: [0mThis is a debug message from thread 2818-09-2026 00:29:33 [38;5;117m[DEBUG]: [0mThis is a debug message from thread 518-09-2026 00:29:33 [38;5;015m[INFO]: [0mThis is a info message from thread 1818-09-2026 00:29:33 [38;5;015m[INFO]: [0mThis is a info message from thread 1518-09-2026 00:29:33 [38;5;117m[DEBUG]: [0mThis is a debug message from thread 1118-09-2026 00:29:33 [38;5;015m[INFO]: [0mThis is a info message from thread 218-09-2026 00:29:33 [38;5;015m[INFO]: [0mThis is a info message from thread 518-09-2026 00:29:33 [38;5;015m[INFO]: [0mThis is a info message from thread 2718-09-2026 00:29:33 [38;5;009m[ERROR]: [0mThis is a error message from thread 1518-09-2026 00:29:33 [38;5;015m[INFO]: [0mThis is a info message from thread 2818-09-2026 00:29:33 [38;5;117m[DEBUG]: [0mThis is a debug message from thread 1318-09-2026 00:29:33 [38;5;015m[INFO]: [0mThis is a info message from thread 2618-09-2026 00:29:33 [38;5;015m[INFO]: [0mThis is a info message from thread 2118-09-2026 00:29:33 [38;5;117m[DEBUG]: [0mThis is a debug message from thread 1918-09-2026 00:29:33 [38;5;015m[INFO]: [0mThis is a info message from thread 1618-09-2026 00:29:33 [38;5;009m[ERROR]: [0mThis is a error message from thread 518-09-2026 00:29:33 [38;5;117m[DEBUG]: [0mThis is a debug message from thread 318-09-2026 00:29:33 [38;5;117m[DEBUG]: [0mThis is a debug message from thread 2418-09-2026 00:29:33 [38;5;009m[ERROR]: [0mThis is a error message from thread 218-09-2026 00:29:33 [38;5;009m[ERROR]: [0mThis is a error message from thread 1218-09-2026 00:29:33 [38;5;015m[INFO]: [0mThis is a info message from thread 2418-09-2026 00:29:33 [38;5;009m[ERROR]: [0mThis is a error message from thread 2618-09-2026 00:29:33 [38;5;117m[DEBUG]: [0mThis is a debug message from thread 1218-09-2026 00:29:33 [38;5;117m[DEBUG]: [0mThis is a debug message from thread 118-09-2026 00:29:33 [38;5;015m[INFO]: [0mThis is a info message from thread 318-09-2026 00:29:33 [38;5;117m[DEBUG]: [0mThis is a debug message from thread 218-09-2026 00:29:33 [38;5;015m[INFO]: [0mThis is a info message from thread 1318-09-2026 00:29:33 [38;5;117m[DEBUG]: [0mThis is a debug message from thread 818-09-2026 00:29:33 [38;5;015m[INFO]: [0mThis is a info message from thread 1218-09-2026 00:29:33 [38;5;009m[ERROR]: [0mThis is a error message from thread 1418-09-2026 00:29:33 [38;5;015m[INFO]: [0mThis is a info message from thread 1918-09-2026 00:29:33 [38;5;009m[ERROR]: [0mThis is a error message from thread 2418-09-2026 00:29:33 [38;5;009m[ERROR]: [0mThis is a error message from thread 318-09-2026 00:29:33 [38;5;015m[INFO]: [0mThis is a info message from thread 018-09-2026 00:29:33 [38;5;009m[ERROR]: [0mThis is a error message from thread 1318-09-2026 00:29:33 [38;5;015m[INFO]: [0mThis is a info message from thread 1118-09-2026 00:29:33 [38;5;009m[ERROR]: [0mThis is a error message from thread 1218-09-2026 00:29:33 [38;5;015m[INFO]: [0mThis is a info message from thread 218-09-2026 00:29:33 [38;5;015m[INFO]: [0mThis is a info message from thread 118-09-2026 00:29:33 [38;5;015m[INFO]: [0mThis is a info message from thread 418-09-2026 00:29:33 [38;5;009m[ERROR]: [0mThis is a error message from thread 1918-09-2026 00:29:33 [38;5;009m[ERROR]: [0mThis is a error message from thread 418-09-2026 00:29:33 [38;5;117m[DEBUG]: [0mThis is a debug message from thread 1318-09-2026 00:29:33 [38;5;117m[DEBUG]: [0mThis is a debug message from thread 1218-09-2026 00:29:33 [38;5;009m[ERROR]: [0mThis is a error message from thread 1718-09-2026 00:29:33 [38;5;009m[ERROR]: [0mThis is a error message from thread 218-09-2026 00:29:33 [38;5;117m[DEBUG]: [0mThis is a debug message from thread 218-09-2026 00:29:33 [38;5;009m[ERROR]: [0mThis is a error message from thread 2118-09-2026 00:29:33 [38;5;015m[INFO]: [0mThis is a info message from thread 1318-09-2026 00:29:33 [38;5;117m[DEBUG]: [0mThis is a debug message from thread 1918-09-2026 00:29:33 [38;5;009m[ERROR]: [0mThis is a error message from thread 118-09-2026 00:29:33 [38;5;117m[DEBUG]: [0mThis is a debug message from thread 318-09-2026 00:29:33 [38;5;117m[DEBUG]: [0mThis is a debug message from thread 1718-09-2026 00:29:33 [38;5;009m[ERROR]: [0mThis is a error message from thread 1618-09-2026 00:29:33 [38;5;015m[INFO]: [0mThis is a info message from thread 1718-09-2026 00:29:33 [38;5;117m[DEBUG]: [0mThis is a debug message from thread 2418-09-2026 00:29:33 [38;5;015m[INFO]: [0mThis is a info message from thread 718-09-2026 00:29:33 [38;5;015m[INFO]: [0mThis is a info message from thread 1918-09-2026 00:29:33 [38;5;009m[ERROR]: [0mThis is a error message from thread 1918-09-2026 00:29:33 [38;5;117m[DEBUG]: [0mThis is a debug message from thread 118-09-2026 00:29:33 [38;5;009m[ERROR]: [0mThis is a error message from thread 918-09-2026 00:29:33 [38;5;117m[DEBUG]: [0mThis is a debug message from thread 1018-09-2026 00:29:33 [38;5;117m[DEBUG]: [0mThis is a debug message from thread 1418-09-2026 00:29:33 [38;5;009m[ERROR]: [0mThis is a error message from thread 718-09-2026 00:29:33 [38;5;117m[DEBUG]: [0mThis is a debug message from thread 2018-09-2026 00:29:33 [38;5;009m[ERROR]: [0mThis is a error message from thread 2718-09-2026 00:29:33 [38;5;117m[DEBUG]: [0mThis is a debug message from thread 2218-09-2026 00:29:33 [38;5;015m[INFO]: [0mThis is a info message from thread 118-09-2026 00:29:33 [38;5;117m[DEBUG]: [0mThis is a debug message from thread 718-09-2026 00:29:33 [38;5;015m[INFO]: [0mThis is a info message from thread 2418-09-2026 00:29:33 [38;5;015m[INFO]: [0mThis is a info message from thread 1018-09-2026 00:29:33 [38;5;009m[ERROR]: [0mThis is a error message from thread 118-09-2026 00:29:33 [38;5;015m[INFO]: [0mThis is a info message from thread 2018-09-2026 00:29:33 [38;5;015m[INFO]: [0mThis is a info message from thread 1218-09-2026 00:29:33 [38;5;117m[DEBUG]: [0mThis is a debug message from thread 1518-09-2026 00:29:33 [38;5;015m[INFO]: [0mThis is a info message from thread 1418-09-2026 00:29:33 [38;5;015m[INFO]: [0mThis is a info message from thread 1518-09-2026 00:29:33 [38;5;009m[ERROR]: [0mThis is a error message from thread 2018-09-2026 00:29:33 [38;5;009m[ERROR]: [0mThis is a error message from thread 1518-09-2026 00:29:33 [38;5;117m[DEBUG]: [0mThis is a debug message from thread 518-09-2026 00:29:33 [38;5;009m[ERROR]: [0mThis is a error message from thread 2818-09-2026 00:29:33 [38;5;117m[DEBUG]: [0mThis is a debug message from thread 118-09-2026 00:29:33 [38;5;015m[INFO]: [0mThis is a info message from thread 2218-09-2026 00:29:33 [38;5;009m[ERROR]: [0mThis is a error message from thread 1218-09-2026 00:29:33 [38;5;117m[DEBUG]: [0mThis is a debug message from thread 2818-09-2026 00:29:33 [38;5;117m[DEBUG]: [0mThis is a debug message from thread 2618-09-2026 00:29:33 [38;5;015m[INFO]: [0mThis is a info message from thread 518-09-2026 00:29:33 [38;5;009m[ERROR]: [0mThis is a error message from thread 1418-09-2026 00:29:33 [38;5;015m[INFO]: [0mThis is a info message from thread 718-09-2026 00:29:33 [38;5;117m[DEBUG]: [0mThis is a debug message from thread 1218-09-2026 00:29:33 [38;5;015m[INFO]: [0mThis is a info message from thread 2618-09-2026 00:29:33 [38;5;009m[ERROR]: [0mThis is a error message from thread 518-09-2026 00:29:33 [38;5;009m[ERROR]: [0mThis is a error message from thread 1118-09-2026 00:29:33 [38;5;015m[INFO]: [0mThis is a info message from thread 2818-09-2026 00:29:33 [38;5;009m[ERROR]: [0mThis is a error message from thread 718-09-2026 00:29:33 [38;5;117m[DEBUG]: [0mThis is a debug message from thread 2718-09-2026 00:29:33 [38;5;015m[INFO]: [0mThis is a info message from thread 1218-09-2026 00:29:33 [38;5;009m[ERROR]: [0mThis is a error message from thread 018-09-2026 00:29:33 [38;5;015m[INFO]: [0mThis is a info message from thread 118-09-2026 00:29:33 [38;5;009m[ERROR]: [0mThis is a error message from thread 2818-09-2026 00:29:33 [38;5;117m[DEBUG]: [0mThis is a debug message from thread 2118-09-2026 00:29:33 [38;5;009m[ERROR]: [0mThis is a error message from thread 2618-09-2026 00:29:33 [38;5;015m[INFO]: [0mThis is a info message from thread 2318-09-2026 00:29:33 [38;5;015m[INFO]: [0mThis is a info message from thread 2718-09-2026 00:29:33 [38;5;117m[DEBUG]: [0mThis is a debug message from thread 518-09-2026 00:29:33 [38;5;009m[ERROR]: [0mThis is a error message from thread 2918-09-2026 00:29:33 [38;5;009m[ERROR]: [0mThis is a error message from thread 1718-09-2026 00:29:33 [38;5;117m[DEBUG]: [0mThis is a debug message from thread 018-09-2026 00:29:33 [38;5;009m[ERROR]: [0mThis is a error message from thread 1818-09-2026 00:29:33 [38;5;117m[DEBUG]: [0mThis is a debug message from thread 718-09-2026 00:29:33 [38;5;117m[DEBUG]: [0mThis is a debug message from thread 1918-09-2026 00:29:33 [38;5;009m[ERROR]: [0mThis is a error message from thread 118-09-2026 00:29:33 [38;5;015m[INFO]: [0mThis is a info message from thread 318-09-2026 00:29:33 [38;5;009m[ERROR]: [0mThis is a error message from thread 1218-09-2026 00:29:33 [38;5;015m[INFO]: [0mThis is a info message from thread 518-09-2026 00:29:33 [38;5;117m[DEBUG]: [0mThis is a debug message from thread 2618-09-2026 00:29:33 [38;5;117m[DEBUG]: [0mThis is a debug message from thread 918-09-2026 00:29:33 [38;5;015m[INFO]: [0mThis is a info message from thread 2118-09-2026 00:29:33 [38;5;009m[ERROR]: [0mThis is a error message from thread 1018-09-2026 00:29:33 [38;5;015m[INFO]: [0mThis is a info message from thread 018-09-2026 00:29:33 [38;5;117m[DEBUG]: [0mThis is a debug message from thread 1518-09-2026 00:29:33 [38;5;117m[DEBUG]: [0mThis is a debug message from thread 1818-09-2026 00:29:33 [38;5;117m[DEBUG]: [0mThis is a debug message from thread 118-09-2026 00:29:33 [38;5;015m[INFO]: [0mThis is a info message from thread 118-09-2026 00:29:33 [38;5;117m[DEBUG]: [0mThis is a debug message from thread 1718-09-2026 00:29:33 [38;5;117m[DEBUG]: [0mThis is a debug message from thread 1018-09-2026 00:29:33 [38;5;009m[ERROR]: [0mThis is a error message from thread 318-09-2026 00:29:33 [38;5;015m[INFO]: [0mThis is a info message from thread 718-09-2026 00:29:33 [38;5;015m[INFO]: [0mThis is a info message from thread 1818-09-2026 00:29:33 [38;5;009m[ERROR]: [0mThis is a error message from thread 118-09-2026 00:29:33 [38;5;009m[ERROR]: [0mThis is a error message from thread 718-09-2026 00:29:33 [38;5;015m[INFO]: [0mThis is a info message from thread 918-09-2026 00:29:33 [38;5;015m[INFO]: [0mThis is a info message from thread 1518-09-2026 00:29:33 [38;5;015m[INFO]: [0mThis is a info message from thread 818-09-2026 00:29:33 [38;5;009m[ERROR]: [0mThis is a error message from thread 618-09-2026 00:29:33 [38;5;009m[ERROR]: [0mThis is a error message from thread 2718-09-2026 00:29:33 [38;5;117m[DEBUG]: [0mThis is a debug message from thread 1418-09-2026 00:29:33 [38;5;117m[DEBUG]: [0mThis is a debug message from thread 2818-09-2026 00:29:33 [38;5;009m[ERROR]: [0mThis is a error message from thread 918-09-2026 00:29:33 [38;5;015m[INFO]: [0mThis is a info message from thread 1018-09-2026 00:29:33 [38;5;009m[ERROR]: [0mThis is a error message from thread 2518-09-2026 00:29:33 [38;5;015m[INFO]: [0mThis is a info message from thread 2618-09-2026 00:29:33 [38;5;117m[DEBUG]: [0mThis is a debug message from thread 718-09-2026 00:29:33 [38;5;117m[DEBUG]: [0mThis is a debug message from thread 918-09-2026 00:29:33 [38;5;015m[INFO]: [0mThis is a info message from thread 2818-09-2026 00:29:33 [38;5;117m[DEBUG]: [0mThis is a debug message from thread 2518-09-2026 00:29:33 [38;5;009m[ERROR]: [0mThis is a error message from thread 1518-09-2026 00:29:33 [38;5;015m[INFO]: [0mThis is a info message from thread 218-09-2026 00:29:33 [38;5;009m[ERROR]: [0mThis is a error message from thread 2618-09-2026 00:29:33 [38;5;009m[ERROR]: [0mThis is a error message from thread 2818-09-2026 00:29:33 [38;5;015m[INFO]: [0mThis is a info message from thread 1418-09-2026 00:29:33 [38;5;009m[ERROR]: [0mThis is a error message from thread 818-09-2026 00:29:33 [38;5;015m[INFO]: [0mThis is a info message from thread 718-09-2026 00:29:33 [38;5;009m[ERROR]: [0mThis is a error message from thread 1018-09-2026 00:29:33 [38;5;015m[INFO]: [0mThis is a info message from thread 1918-09-2026 00:29:33 [38;5;015m[INFO]: [0mThis is a info message from thread 918-09-2026 00:29:33 [38;5;117m[DEBUG]: [0mThis is a debug message from thread 1518-09-2026 00:29:33 [38;5;009m[ERROR]: [0mThis is a error message from thread 218-09-2026 00:29:33 [38;5;117m[DEBUG]: [0mThis is a debug message from thread 2618-09-2026 00:29:33 [38;5;009m[ERROR]: [0mThis is a error message from thread 718-09-2026 00:29:33 [38;5;117m[DEBUG]: [0mThis is a debug message from thread 2918-09-2026 00:29:33 [38;5;117m[DEBUG]: [0mThis is a debug message from thread 418-09-2026 00:29:33 [38;5;117m[DEBUG]: [0mThis is a debug message from thread 118-09-2026 00:29:33 [38;5;117m[DEBUG]: [0mThis is a debug message from thread 2718-09-2026 00:29:33 [38;5;009m[ERROR]: [0mThis is a error message from thread 518-09-2026 00:29:33 [38;5;015m[INFO]: [0mThis is a info message from thread 1718-09-2026 00:29:33 [38;5;015m[INFO]: [0mThis is a info message from thread 418-09-2026 00:29:33 [38;5;117m[DEBUG]: [0mThis is a debug message from thread 1218-09-2026 00:29:33 [38;5;009m[ERROR]: [0mThis is a error message from thread 2118-09-2026 00:29:33 [38;5;009m[ERROR]: [0mThis is a error message from thread 2318-09-2026 00:29:33 [38;5;117m[DEBUG]: [0mThis is a debug message from thread 218-09-2026 00:29:33 [38;5;009m[ERROR]: [0mThis is a error message from thread 1718-09-2026 00:29:33 [38;5;117m[DEBUG]: [0mThis is a debug message from thread 618-09-2026 00:29:33 [38;5;009m[ERROR]: [0mThis is a error message from thread 1318-09-2026 00:29:33 [38;5;009m[ERROR]: [0mThis is a error message from thread 1918-09-2026 00:29:33 [38;5;015m[INFO]: [0mThis is a info message from thread 218-09-2026 00:29:33 [38;5;015m[INFO]: [0mThis is a info message from thread 2518-09-2026 00:29:33 [38;5;015m[INFO]: [0mThis is a info message from thread 2918-09-2026 00:29:33 [38;5;009m[ERROR]: [0mThis is a error message from thread 218-09-2026 00:29:33 [38;5;009m[ERROR]: [0mThis is a error message from thread 2518-09-2026 00:29:33 [38;5;015m[INFO]: [0mThis is a info message from thread 1218-09-2026 00:29:33 [38;5;117m[DEBUG]: [0mThis is a debug message from thread 218-09-2026 00:29:33 [38;5;117m[DEBUG]: [0mThis is a debug message from thread 818-09-2026 00:29:33 [38;5;117m[DEBUG]: [0mThis is a debug message from thread 318-09-2026 00:29:33 [38;5;117m[DEBUG]: [0mThis is a debug message from thread 1018-09-2026 00:29:33 [38;5;009m[ERROR]: [0mThis is a error message from thread 918-09-2026 00:29:33 [38;5;015m[INFO]: [0mThis is a info message from thread 218-09-2026 00:29:33 [38;5;015m[INFO]: [0mThis is a info message from thread 818-09-2026 00:29:33 [38;5;015m[INFO]: [0mThis is a info message from thread 1018-09-2026 00:29:33 [38;5;009m[ERROR]: [0mThis is a error message from thread 218-09-2026 00:29:33 [38;5;117m[DEBUG]: [0mThis is a debug message from thread 918-09-2026 00:29:33 [38;5;117m[DEBUG]: [0mThis is a debug message from thread 218-09-2026 00:29:33 [38;5;117m[DEBUG]: [0mThis is a debug message from thread 1618-09-2026 00:29:33 [38;5;009m[ERROR]: [0mThis is a error message from thread 1018-09-2026 00:29:33 [38;5;117m[DEBUG]: [0mThis is a debug message from thread 1118-09-2026 00:29:33 [38;5;015m[INFO]: [0mThis is a info message from thread 1518-09-2026 00:29:33 [38;5;015m[INFO]: [0mThis is a info message from thread 918-09-2026 00:29:33 [38;5;015m[INFO]: [0mThis is a info message from thread 218-09-2026 00:29:33 [38;5;117m[DEBUG]: [0mThis is a debug message from thread 518-09-2026 00:29:33 [38;5;117m[DEBUG]: [0mThis is a debug message from thread 1018-09-2026 00:29:33 [38;5;117m[DEBUG]: [0mThis is a debug message from thread 1318-09-2026 00:29:33 [38;5;015m[INFO]: [0mThis is a info message from thread 518-09-2026 00:29:33 [38;5;009m[ERROR]: [0mThis is a error message from thread 2418-09-2026 00:29:33 [38;5;015m[INFO]: [0mThis is a info message from thread 1318-09-2026 00:29:33 [38;5;009m[ERROR]: [0mThis is a error message from thread 218-09-2026 00:29:33 [38;5;009m[ERROR]: [0mThis is a error message from thread 518-09-2026 00:29:33 [38;5;009m[ERROR]: [0mThis is a error message from thread 2918-09-2026 00:29:33 [38;5;015m[INFO]: [0mThis is a info message from thread 1018-09-2026 00:29:33 [38;5;117m[DEBUG]: [0mThis is a debug message from thread 518-09-2026 00:29:33 [38;5;009m[ERROR]: [0mThis is a error message from thread 1318-09-2026 00:29:33 [38;5;117m[DEBUG]: [0mThis is a debug message from thread 2918-09-2026 00:29:33 [38;5;009m[ERROR]: [0mThis is a error message from thread 018-09-2026 00:29:33 [38;5;117m[DEBUG]: [0mThis is a debug message from thread 2318-09-2026 00:29:33 [38;5;117m[DEBUG]: [0mThis is a debug message from thread 2418-09-2026 00:29:33 [38;5;117m[DEBUG]: [0mThis is a debug message from thread 2018-09-2026 00:29:33 [38;5;117m[DEBUG]: [0mThis is a debug message from thread 018-09-2026 00:29:33 [38;5;009m[ERROR]: [0mThis is a error message from thread 818-09-2026 00:29:33 [38;5;015m[INFO]: [0mThis is a info message from thread 518-09-2026 00:29:33 [38;5;015m[INFO]: [0mThis is a info message from thread 318-09-2026 00:29:33 [38;5;015m[INFO]: [0mThis is a info message from thread 618-09-2026 00:29:33 [38;5;117m[DEBUG]: [0mThis is a debug message from thread 818-09-2026 00:29:33 [38;5;117m[DEBUG]: [0mThis is a debug message from thread 1318-09-2026 00:29:33 [38;5;015m[INFO]: [0mThis is a info message from thread 2418-09-2026 00:29:33 [38;5;009m[ERROR]: [0mThis is a error message from thread 2218-09-2026 00:29:33 [38;5;009m[ERROR]: [0mThis is a error message from thread 318-09-2026 00:29:33 [38;5;015m[INFO]: [0mThis is a info message from thread 2018-09-2026 00:29:33 [38;5;015m[INFO]: [0mThis is a info message from thread 818-09-2026 00:29:33 [38;5;117m[DEBUG]: [0mThis is a debug message from thread 718-09-2026 00:29:33 [38;5;009m[ERROR]: [0mThis is a error message from thread 918-09-2026 00:29:33 [38;5;117m[DEBUG]: [0mThis is a debug message from thread 1918-09-2026 00:29:33 [38;5;009m[ERROR]: [0mThis is a error message from thread 1518-09-2026 00:29:33 [38;5;015m[INFO]: [0mThis is a info message from thread 718-09-2026 00:29:33 [38;5;015m[INFO]: [0mThis is a info message from thread 2318-09-2026 00:29:33 [38;5;009m[ERROR]: [0mThis is a error message from thread 1818-09-2026 00:29:33 [38;5;009m[ERROR]: [0mThis is a error message from thread 2318-09-2026 00:29:33 [38;5;117m[DEBUG]: [0mThis is a debug message from thread 1818-09-2026 00:29:33 [38;5;117m[DEBUG]: [0mThis is a debug message from thread 2318-09-2026 00:29:33 [38;5;015m[INFO]: [0mThis is a info message from thread 1118-09-2026 00:29:33 [38;5;015m[INFO]: [0mThis is a info message from thread 2318-09-2026 00:29:33 [38;5;009m[ERROR]: [0mThis is a error message from thread 518-09-2026 00:29:33 [38;5;009m[ERROR]: [0mThis is a error message from thread 1118-09-2026 00:29:33 [38;5;009m[ERROR]: [0mThis is a error message from thread 2318-09-2026 00:29:33 [38;5;117m[DEBUG]: [0mThis is a debug message from thread 518-09-2026 00:29:33 [38;5;117m[DEBUG]: [0mThis is a debug message from thread 1118-09-2026 00:29:33 [38;5;015m[INFO]: [0mThis is a info message from thread 1818-09-2026 00:29:33 [38;5;117m[DEBUG]: [0mThis is a debug message from thread 2818-09-2026 00:29:33 [38;5;009m[ERROR]: [0mThis is a error message from thread 1818-09-2026 00:29:33 [38;5;117m[DEBUG]: [0mThis is a debug message from thread 2318-09-2026 00:29:33 [38;5;015m[INFO]: [0mThis is a info message from thread 1118-09-2026 00:29:33 [38;5;015m[INFO]: [0mThis is a info message from thread 518-09-2026 00:29:33 [38;5;117m[DEBUG]: [0mThis is a debug message from thread 218-09-2026 00:29:33 [38;5;009m[ERROR]: [0mThis is a error message from thread 518-09-2026 00:29:33 [38;5;009m[ERROR]: [0mThis is a error message from thread 1118-09-2026 00:29:33 [38;5;015m[INFO]: [0mThis is a info message from thread 2318-09-2026 00:29:33 [38;5;015m[INFO]: [0mThis is a info message from thread 218-09-2026 00:29:33 [38;5;009m[ERROR]: [0mThis is a error message from thread 618-09-2026 00:29:33 [38;5;117m[DEBUG]: [0mThis is a debug message from thread 518-09-2026 00:29:33 [38;5;009m[ERROR]: [0mThis is a error message from thread 2318-09-2026 00:29:33 [38;5;117m[DEBUG]: [0mThis is a debug message from thread 618-09-2026 00:29:33 [38;5;015m[INFO]: [0mThis is a info message from thread 518-09-2026 00:29:33 [38;5;009m[ERROR]: [0mThis is a error message from thread 218-09-2026 00:29:33 [38;5;117m[DEBUG]: [0mThis is a debug message from thread 2518-09-2026 00:29:33 [38;5;117m[DEBUG]: [0mThis is a debug message from thread 218-09-2026 00:29:33 [38;5;015m[INFO]: [0mThis is a info message from thread 2818-09-2026 00:29:33 [38;5;009m[ERROR]: [0mThis is a error message from thread 2418-09-2026 00:29:33 [38;5;117m[DEBUG]: [0mThis is a debug message from thread 1718-09-2026 00:29:33 [38;5;009m[ERROR]: [0mThis is a error message from thread 1218-09-2026 00:29:33 [38;5;015m[INFO]: [0mThis is a info message from thread 618-09-2026 00:29:33 [38;5;015m[INFO]: [0mThis is a info message from thread 218-09-2026 00:29:33 [38;5;009m[ERROR]: [0mThis is a error message from thread 618-09-2026 00:29:33 [38;5;117m[DEBUG]: [0mThis is a debug message from thread 2118-09-2026 00:29:33 [38;5;117m[DEBUG]: [0mThis is a debug message from thread 2418-09-2026 00:29:33 [38;5;015m[INFO]: [0mThis is a info message from thread 2518-09-2026 00:29:33 [38;5;009m[ERROR]: [0mThis is a error message from thread 418-09-2026 00:29:33 [38;5;117m[DEBUG]: [0mThis is a debug message from thread 618-09-2026 00:29:33 [38;5;015m[INFO]: [0mThis is a info message from thread 1718-09-2026 00:29:33 [38;5;015m[INFO]: [0mThis is a info message from thread 118-09-2026 00:29:33 [38;5;015m[INFO]: [0mThis is a info message from thread 2118-09-2026 00:29:33 [38;5;009m[ERROR]: [0mThis is a error message from thread 2818-09-2026 00:29:33 [38;5;015m[INFO]: [0mThis is a info message from thread 2718-09-2026 00:29:33 [38;5;009m[ERROR]: [0mThis is a error message from thread 818-09-2026 00:29:33 [38;5;009m[ERROR]: [0mThis is a error message from thread 1418-09-2026 00:29:33 [38;5;009m[ERROR]: [0mThis is a error message from thread 1018-09-2026 00:29:33 [38;5;117m[DEBUG]: [0mThis is a debug message from thread 1218-09-2026 00:29:33 [38;5;009m[ERROR]: [0mThis is a error message from thread 218-09-2026 00:29:33 [38;5;009m[ERROR]: [0mThis is a error message from thread 2118-09-2026 00:29:33 [38;5;117m[DEBUG]: [0mThis is a debug message from thread 2118-09-2026 00:29:33 [38;5;015m[INFO]: [0mThis is a info message from thread 618-09-2026 00:29:33 [38;5;009m[ERROR]: [0mThis is a error message from thread 718-09-2026 00:29:33 [38;5;015m[INFO]: [0mThis is a info message from thread 2118-09-2026 00:29:33 [38;5;009m[ERROR]: [0mThis is a error message from thread 118-09-2026 00:29:33 [38;5;015m[INFO]: [0mThis is a info message from thread 1918-09-2026 00:29:33 [38;5;117m[DEBUG]: [0mThis is a debug message from thread 418-09-2026 00:29:33 [38;5;015m[INFO]: [0mThis is a info message from thread 2618-09-2026 00:29:33 [38;5;009m[ERROR]: [0mThis is a error message from thread 618-09-2026 00:29:33 [38;5;117m[DEBUG]: [0mThis is a debug message from thread 118-09-2026 00:29:33 [38;5;117m[DEBUG]: [0mThis is a debug message from thread 1818-09-2026 00:29:33 [38;5;015m[INFO]: [0mThis is a info message from thread 2918-09-2026 00:29:33 [38;5;015m[INFO]: [0mThis is a info message from thread 1818-09-2026 00:29:33 [38;5;009m[ERROR]: [0mThis is a error message from thread 2518-09-2026 00:29:33 [38;5;009m[ERROR]: [0mThis is a error message from thread 2118-09-2026 00:29:33 [38;5;015m[INFO]: [0mThis is a info message from thread 418-09-2026 00:29:33 [38;5;117m[DEBUG]: [0mThis is a debug message from thread 718-09-2026 00:29:33 [38;5;009m[ERROR]: [0mThis is a error message from thread 1818-09-2026 00:29:33 [38;5;015m[INFO]: [0mThis is a info message from thread 1218-09-2026 00:29:33 [38;5;009m[ERROR]: [0mThis is a error message from thread 1918-09-2026 00:29:33 [38;5;117m[DEBUG]: [0mThis is a debug message from thread 2518-09-2026 00:29:33 [38;5;117m[DEBUG]: [0mThis is a debug message from thread 618-09-2026 00:29:33 [38;5;117m[DEBUG]: [0mThis is a debug message from thread 2318-09-2026 00:29:33 [38;5;015m[INFO]: [0mThis is a info message from thread 118-09-2026 00:29:33 [38;5;117m[DEBUG]: [0mThis is a debug message from thread 2118-09-2026 00:29:33 [38;5;117m[DEBUG]: [0mThis is a debug message from thread 918-09-2026 00:29:33 [38;5;117m[DEBUG]: [0mThis is a debug message from thread 1118-09-2026 00:29:33 [38;5;015m[INFO]: [0mThis is a info message from thread 1618-09-2026 00:29:33 [38;5;117m[DEBUG]: [0mThis is a debug message from thread 818-09-2026 00:29:33 [38;5;117m[DEBUG]: [0mThis is a debug message from thread 1418-09-2026 00:29:33 [38;5;015m[INFO]: [0mThis is a info message from thread 1118-09-2026 00:29:33 [38;5;117m[DEBUG]: [0mThis is a debug message from thread 318-09-2026 00:29:33 [38;5;015m[INFO]: [0mThis is a info message from thread 2318-09-2026 00:29:33 [38;5;015m[INFO]: [0mThis is a info message from thread 2118-09-2026 00:29:33 [38;5;009m[ERROR]: [0mThis is a error message from thread 1618-09-2026 00:29:33 [38;5;117m[DEBUG]: [0mThis is a debug message from thread 2818-09-2026 00:29:33 [38;5;117m[DEBUG]: [0mThis is a debug message from thread 1918-09-2026 00:29:33 [38;5;015m[INFO]: [0mThis is a info message from thread 1418-09-2026 00:29:33 [38;5;015m[INFO]: [0mThis is a info message from thread 918-09-2026 00:29:33 [38;5;009m[ERROR]: [0mThis is a error message from thread 2618-09-2026 00:29:33 [38;5;015m[INFO]: [0mThis is a info message from thread 018-09-2026 00:29:33 [38;5;009m[ERROR]: [0mThis is a error message from thread 1218-09-2026 00:29:33 [38;5;117m[DEBUG]: [0mThis is a debug message from thread 2618-09-2026 00:29:33 [38;5;009m[ERROR]: [0mThis is a error message from thread 018-09-2026 00:29:33 [38;5;009m[ERROR]: [0mThis is a error message from thread 918-09-2026 00:29:33 [38;5;015m[INFO]: [0mThis is a info message from thread 718-09-2026 00:29:33 [38;5;009m[ERROR]: [0mThis is a error message from thread 2718-09-2026 00:29:33 [38;5;117m[DEBUG]: [0mThis is a debug message from thread 2218-09-2026 00:29:33 [38;5;015m[INFO]: [0mThis is a info message from thread 318-09-2026 00:29:33 [38;5;009m[ERROR]: [0mThis is a error message from thread 1418-09-2026 00:29:33 [38;5;009m[ERROR]: [0mThis is a error message from thread 1118-09-2026 00:29:33 [38;5;015m[INFO]: [0mThis is a info message from thread 2218-09-2026 00:29:33 [38;5;015m[INFO]: [0mThis is a info message from thread 2618-09-2026 00:29:33 [38;5;009m[ERROR]: [0mThis is a error message from thread 418-09-2026 00:29:33 [38;5;117m[DEBUG]: [0mThis is a debug message from thread 1418-09-2026 00:29:33 [38;5;009m[ERROR]: [0mThis is a error message from thread 518-09-2026 00:29:33 [38;5;009m[ERROR]: [0mThis is a error message from thread 318-09-2026 00:29:33 [38;5;015m[INFO]: [0mThis is a info message from thread 618-09-2026 00:29:33 [38;5;009m[ERROR]: [0mThis is a error message from thread 118-09-2026 00:29:33 [38;5;117m[DEBUG]: [0mThis is a debug message from thread 1218-09-2026 00:29:33 [38;5;009m[ERROR]: [0mThis is a error message from thread 718-09-2026 00:29:33 [38;5;117m[DEBUG]: [0mThis is a debug message from thread 018-09-2026 00:29:33 [38;5;009m[ERROR]: [0mThis is a error message from thread 2618-09-2026 00:29:33 [38;5;009m[ERROR]: [0mThis is a error message from thread 2218-09-2026 00:29:33 [38;5;117m[DEBUG]: [0mThis is a debug message from thread 1118-09-2026 00:29:33 [38;5;015m[INFO]: [0mThis is a info message from thread 1418-09-2026 00:29:33 [38;5;015m[INFO]: [0mThis is a info message from thread 1118-09-2026 00:29:33 [38;5;009m[ERROR]: [0mThis is a error message from thread 618-09-2026 00:29:33 [38;5;117m[DEBUG]: [0mThis is a debug message from thread 2618-09-2026 00:29:33 [38;5;117m[DEBUG]: [0mThis is a debug message from thread 2218-09-2026 00:29:33 [38;5;117m[DEBUG]: [0mThis is a debug message from thread 318-09-2026 00:29:33 [38;5;015m[INFO]: [0mThis is a info message from thread 2618-09-2026 00:29:33 [38;5;117m[DEBUG]: [0mThis is a debug message from thread 618-09-2026 00:29:33 [38;5;117m[DEBUG]: [0mThis is a debug message from thread 518-09-2026 00:29:33 [38;5;015m[INFO]: [0mThis is a info message from thread 618-09-2026 00:29:33 [38;5;015m[INFO]: [0mThis is a info message from thread 518-09-2026 00:29:33 [38;5;009m[ERROR]: [0mThis is a error message from thread 2618-09-2026 00:29:33 [38;5;117m[DEBUG]: [0mThis is a debug message from thread 118-09-2026 00:29:33 [38;5;009m[ERROR]: [0mThis is a error message from thread 2318-09-2026 00:29:33 [38;5;117m[DEBUG]: [0mThis is a debug message from thread 1618-09-2026 00:29:33 [38;5;009m[ERROR]: [0mThis is a error message from thread 618-09-2026 00:29:33 [38;5;009m[ERROR]: [0mThis is a error message from thread 518-09-2026 00:29:33 [38;5;015m[INFO]: [0mThis is a info message from thread 318-09-2026 00:29:33 [38;5;117m[DEBUG]: [0mThis is a debug message from thread 1018-09-2026 00:29:33 [38;5;117m[DEBUG]: [0mThis is a debug message from thread 1518-09-2026 00:29:33 [38;5;009m[ERROR]: [0mThis is a error message from thread 2118-09-2026 00:29:33 [38;5;015m[INFO]: [0mThis is a info message from thread 1218-09-2026 00:29:33 [38;5;117m[DEBUG]: [0mThis is a debug message from thread 718-09-2026 00:29:33 [38;5;015m[INFO]: [0mThis is a info message from thread 1618-09-2026 00:29:33 [38;5;117m[DEBUG]: [0mThis is a debug message from thread 618-09-2026 00:29:33 [38;5;015m[INFO]: [0mThis is a info message from thread 2518-09-2026 00:29:33 [38;5;009m[ERROR]: [0mThis is a error message from thread 1618-09-2026 00:29:33 [38;5;015m[INFO]: [0mThis is a info message from thread 2818-09-2026 00:29:33 [38;5;117m[DEBUG]: [0mThis is a debug message from thread 218-09-2026 00:29:33 [38;5;117m[DEBUG]: [0mThis is a debug message from thread 518-09-2026 00:29:33 [38;5;015m[INFO]: [0mThis is a info message from thread 1918-09-2026 00:29:33 [38;5;009m[ERROR]: [0mThis is a error message from thread 2918-09-2026 00:29:33 [38;5;117m[DEBUG]: [0mThis is a debug message from thread 1618-09-2026 00:29:33 [38;5;015m[INFO]: [0mThis is a info message from thread 1518-09-2026 00:29:33 [38;5;117m[DEBUG]: [0mThis is a debug message from thread 2618-09-2026 00:29:33 [38;5;015m[INFO]: [0mThis is a info message from thread 518-09-2026 00:29:33 [38;5;009m[ERROR]: [0mThis is a error message from thread 318-09-2026 00:29:33 [38;5;015m[INFO]: [0mThis is a info message from thread 2618-09-2026 00:29:33 [38;5;015m[INFO]: [0mThis is a info message from thread 1018-09-2026 00:29:33 [38;5;015m[INFO]: [0mThis is a info message from thread 1618-09-2026 00:29:33 [38;5;009m[ERROR]: [0mThis is a error message from thread 1918-09-2026 00:29:33 [38;5;015m[INFO]: [0mThis is a info message from thread 2218-09-2026 00:29:33 [38;5;009m[ERROR]: [0mThis is a error message from thread 2518-09-2026 00:29:33 [38;5;009m[ERROR]: [0mThis is a error message from thread 1018-09-2026 00:29:33 [38;5;015m[INFO]: [0mThis is a info message from thread 018-09-2026 00:29:33 [38;5;117m[DEBUG]: [0mThis is a debug message from thread 1818-09-2026 00:29:33 [38;5;009m[ERROR]: [0mThis is a error message from thread 1218-09-2026 00:29:33 [38;5;117m[DEBUG]: [0mThis is a debug message from thread 2118-09-2026 00:29:33 [38;5;009m[ERROR]: [0mThis is a error message from thread 518-09-2026 00:29:33 [38;5;117m[DEBUG]: [0mThis is a debug message from thread 2918-09-2026 00:29:33 [38;5;117m[DEBUG]: [0mThis is a debug message from thread 1918-09-2026 00:29:33 [38;5;009m[ERROR]: [0mThis is a error message from thread 1618-09-2026 00:29:33 [38;5;015m[INFO]: [0mThis is a info message from thread 1818-09-2026 00:29:33 [38;5;009m[ERROR]: [0mThis is a error message from thread 1818-09-2026 00:29:33 [38;5;009m[ERROR]: [0mThis is a error message from thread 2818-09-2026 00:29:33 [38;5;009m[ERROR]: [0mThis is a error message from thread 018-09-2026 00:29:33 [38;5;117m[DEBUG]: [0mThis is a debug message from thread 1818-09-2026 00:29:33 [38;5;117m[DEBUG]: [0mThis is a debug message from thread 2718-09-2026 00:29:33 [38;5;009m[ERROR]: [0mThis is a error message from thread 1418-09-2026 00:29:33 [38;5;117m[DEBUG]: [0mThis is a debug message from thread 518-09-2026 00:29:33 [38;5;009m[ERROR]: [0mThis is a error message from thread 2618-09-2026 00:29:33 [38;5;015m[INFO]: [0mThis is a info message from thread 2418-09-2026 00:29:33 [38;5;009m[ERROR]: [0mThis is a error message from thread 1118-09-2026 00:29:33 [38;5;009m[ERROR]: [0mThis is a error message from thread 2418-09-2026 00:29:33 [38;5;009m[ERROR]: [0mThis is a error message from thread 2018-09-2026 00:29:33 [38;5;117m[DEBUG]: [0mThis is a debug message from thread 2618-09-2026 00:29:33 [38;5;117m[DEBUG]: [0mThis is a debug message from thread 2318-09-2026 00:29:33 [38;5;117m[DEBUG]: [0mThis is a debug message from thread 018-09-2026 00:29:33 [38;5;117m[DEBUG]: [0mThis is a debug message from thread 418-09-2026 00:29:33 [38;5;015m[INFO]: [0mThis is a info message from thread 1818-09-2026 00:29:33 [38;5;009m[ERROR]: [0mThis is a error message from thread 1518-09-2026 00:29:33 [38;5;117m[DEBUG]: [0mThis is a debug message from thread 2018-09-2026 00:29:33 [38;5;117m[DEBUG]: [0mThis is a debug message from thread 1018-09-2026 00:29:33 [38;5;117m[DEBUG]: [0mThis is a debug message from thread 1518-09-2026 00:29:33 [38;5;117m[DEBUG]: [0mThis is a debug message from thread 2418-09-2026 00:29:33 [38;5;015m[INFO]: [0mThis is a info message from thread 618-09-2026 00:29:33 [38;5;117m[DEBUG]: [0mThis is a debug message from thread 1118-09-2026 00:29:33 [38;5;015m[INFO]: [0mThis is a info message from thread 2718-09-2026 00:29:33 [38;5;015m[INFO]: [0mThis is a info message from thread 718-09-2026 00:29:33 [38;5;015m[INFO]: [0mThis is a info message from thread 018-09-2026 00:29:33 [38;5;015m[INFO]: [0mThis is a info message from thread 418-09-2026 00:29:33 [38;5;015m[INFO]: [0mThis is a info message from thread 1518-09-2026 00:29:33 [38;5;009m[ERROR]: [0mThis is a error message from thread 2218-09-2026 00:29:33 [38;5;015m[INFO]: [0mThis is a info message from thread 2318-09-2026 00:29:33 [38;5;117m[DEBUG]: [0mThis is a debug message from thread 1618-09-2026 00:29:33 [38;5;009m[ERROR]: [0mThis is a error message from thread 718-09-2026 00:29:33 [38;5;015m[INFO]: [0mThis is a info message from thread 1618-09-2026 00:29:33 [38;5;009m[ERROR]: [0mThis is a error message from thread 018-09-2026 00:29:33 [38;5;117m[DEBUG]: [0mThis is a debug message from thread 2818-09-2026 00:29:33 [38;5;015m[INFO]: [0mThis is a info message from thread 2118-09-2026 00:29:33 [38;5;015m[INFO]: [0mThis is a info message from thread 2618-09-2026 00:29:33 [38;5;009m[ERROR]: [0mThis is a error message from thread 1518-09-2026 00:29:33 [38;5;015m[INFO]: [0mThis is a info message from thread 1018-09-2026 00:29:33 [38;5;009m[ERROR]: [0mThis is a error message from thread 2118-09-2026 00:29:33 [38;5;015m[INFO]: [0mThis is a info message from thread 2018-09-2026 00:29:33 [38;5;009m[ERROR]: [0mThis is a error message from thread 1618-09-2026 00:29:33 [38;5;117m[DEBUG]: [0mThis is a debug message from thread 718-09-2026 00:29:33 [38;5;015m[INFO]: [0mThis is a info message from thread 718-09-2026 00:29:33 [38;5;009m[ERROR]: [0mThis is a error message from thread 1018-09-2026 00:29:33 [38;5;015m[INFO]: [0mThis is a info message from thread 1118-09-2026 00:29:33 [38;5;009m[ERROR]: [0mThis is a error message from thread 2318-09-2026 00:29:33 [38;5;117m[DEBUG]: [0mThis is a debug message from thread 1518-09-2026 00:29:33 [38;5;009m[ERROR]: [0mThis is a error message from thread 1118-09-2026 00:29:33 [38;5;117m[DEBUG]: [0mThis is a debug message from thread 018-09-2026 00:29:33 [38;5;015m[INFO]: [0mThis is a info message from thread 1518-09-2026 00:29:33 [38;5;117m[DEBUG]: [0mThis is a debug message from thread 2318-09-2026 00:29:33 [38;5;009m[ERROR]: [0mThis is a error message from thread 2018-09-2026 00:29:33 [38;5;015m[INFO]: [0mThis is a info message from thread 218-09-2026 00:29:33 [38;5;015m[INFO]: [0mThis is a info message from thread 2918-09-2026 00:29:33 [38;5;117m[DEBUG]: [0mThis is a debug message from thread 1418-09-2026 00:29:33 [38;5;009m[ERROR]: [0mThis is a error message from thread 2918-09-2026 00:29:33 [38;5;117m[DEBUG]: [0mThis is a debug message from thread 1018-09-2026 00:29:33 [38;5;117m[DEBUG]: [0mThis is a debug message from thread 1618-09-2026 00:29:33 [38;5;015m[INFO]: [0mThis is a info message from thread 818-09-2026 00:29:33 [38;5;117m[DEBUG]: [0mThis is a debug message from thread 918-09-2026 00:29:33 [38;5;015m[INFO]: [0mThis is a info message from thread 518-09-2026 00:29:33 [38;5;015m[INFO]: [0mThis is a info message from thread 2818-09-2026 00:29:33 [38;5;117m[DEBUG]: [0mThis is a debug message from thread 2918-09-2026 00:29:33 [38;5;117m[DEBUG]: [0mThis is a debug message from thread 1118-09-2026 00:29:33 [38;5;015m[INFO]: [0mThis is a info message from thread 2918-09-2026 00:29:33 [38;5;015m[INFO]: [0mThis is a info message from thread 1018-09-2026 00:29:33 [38;5;009m[ERROR]: [0mThis is a error message from thread 1018-09-2026 00:29:33 [38;5;009m[ERROR]: [0mThis is a error message from thread 818-09-2026 00:29:33 [38;5;009m[ERROR]: [0mThis is a error message from thread 2918-09-2026 00:29:33 [38;5;117m[DEBUG]: [0mThis is a debug message from thread 2918-09-2026 00:29:33 [38;5;015m[INFO]: [0mThis is a info message from thread 1618-09-2026 00:29:33 [38;5;117m[DEBUG]: [0mThis is a debug message from thread 818-09-2026 00:29:33 [38;5;117m[DEBUG]: [0mThis is a debug message from thread 1018-09-2026 00:29:33 [38;5;009m[ERROR]: [0mThis is a error message from thread 218-09-2026 00:29:33 [38;5;117m[DEBUG]: [0mThis is a debug message from thread 218-09-2026 00:29:33 [38;5;015m[INFO]: [0mThis is a info message from thread 918-09-2026 00:29:33 [38;5;015m[INFO]: [0mThis is a info message from thread 1018-09-2026 00:29:33 [38;5;015m[INFO]: [0mThis is a info message from thread 218-09-2026 00:29:33 [38;5;015m[INFO]: [0mThis is a info message from thread 2918-09-2026 00:29:33 [38;5;015m[INFO]: [0mThis is a info message from thread 018-09-2026 00:29:33 [38;5;009m[ERROR]: [0mThis is a error message from thread 218-09-2026 00:29:33 [38;5;009m[ERROR]: [0mThis is a error message from thread 1618-09-2026 00:29:33 [38;5;009m[ERROR]: [0mThis is a error message from thread 2918-09-2026 00:29:33 [38;5;117m[DEBUG]: [0mThis is a debug message from thread 2218-09-2026 00:29:33 [38;5;015m[INFO]: [0mThis is a info message from thread 818-09-2026 00:29:33 [38;5;009m[ERROR]: [0mThis is a error message from thread 2618-09-2026 00:29:33 [38;5;009m[ERROR]: [0mThis is a error message from thread 018-09-2026 00:29:33 [38;5;117m[DEBUG]: [0mThis is a debug message from thread 318-09-2026 00:29:33 [38;5;117m[DEBUG]: [0mThis is a debug message from thread 1218-09-2026 00:29:33 [38;5;009m[ERROR]: [0mThis is a error message from thread 818-09-2026 00:29:33 [38;5;009m[ERROR]: [0mThis is a error message from thread 1818-09-2026 00:29:33 [38;5;015m[INFO]: [0mThis is a info message from thread 118-09-2026 00:29:33 [38;5;117m[DEBUG]: [0mThis is a debug message from thread 218-09-2026 00:29:33 [38;5;009m[ERROR]: [0mThis is a error message from thread 918-09-2026 00:29:33 [38;5;009m[ERROR]: [0mThis is a error message from thread 1018-09-2026 00:29:33 [38;5;009m[ERROR]: [0mThis is a error message from thread 118-09-2026 00:29:33 [38;5;015m[INFO]: [0mThis is a info message from thread 1218-09-2026 00:29:33 [38;5;015m[INFO]: [0mThis is a info message from thread 2418-09-2026 00:29:33 [38;5;117m[DEBUG]: [0mThis is a debug message from thread 2118-09-2026 00:29:33 [38;5;015m[INFO]: [0mThis is a info message from thread 1318-09-2026 00:29:33 [38;5;015m[INFO]: [0mThis is a info message from thread 2218-09-2026 00:29:33 [38;5;009m[ERROR]: [0mThis is a error message from thread 1218-09-2026 00:29:33 [38;5;009m[ERROR]: [0mThis is a error message from thread 2418-09-2026 00:29:33 [38;5;009m[ERROR]: [0mThis is a error message from thread 1318-09-2026 00:29:33 [38;5;117m[DEBUG]: [0mThis is a debug message from thread 1618-09-2026 00:29:33 [38;5;117m[DEBUG]: [0mThis is a debug message from thread 1318-09-2026 00:29:33 [38;5;117m[DEBUG]: [0mThis is a debug message from thread 1818-09-2026 00:29:33 [38;5;009m[ERROR]: [0mThis is a error message from thread 418-09-2026 00:29:33 [38;5;015m[INFO]: [0mThis is a info message from thread 1318-09-2026 00:29:33 [38;5;015m[INFO]: [0mThis is a info message from thread 1418-09-2026 00:29:33 [38;5;009m[ERROR]: [0mThis is a error message from thread 718-09-2026 00:29:33 [38;5;009m[ERROR]: [0mThis is a error message from thread 1518-09-2026 00:29:33 [38;5;015m[INFO]: [0mThis is a info message from thread 1118-09-2026 00:29:33 [38;5;009m[ERROR]: [0mThis is a error message from thread 2718-09-2026 00:29:33 [38;5;117m[DEBUG]: [0mThis is a debug message from thread 2918-09-2026 00:29:33 [38;5;117m[DEBUG]: [0mThis is a debug message from thread 2018-09-2026 00:29:33 [38;5;009m[ERROR]: [0mThis is a error message from thread 618-09-2026 00:29:33 [38;5;117m[DEBUG]: [0mThis is a debug message from thread 2618-09-2026 00:29:33 [38;5;117m[DEBUG]: [0mThis is a debug message from thread 618-09-2026 00:29:33 [38;5;015m[INFO]: [0mThis is a info message from thread 618-09-2026 00:29:33 [38;5;015m[INFO]: [0mThis is a info message from thread 1818-09-2026 00:29:33 [38;5;009m[ERROR]: [0mThis is a error message from thread 1718-09-2026 00:29:33 [38;5;009m[ERROR]: [0mThis is a error message from thread 1318-09-2026 00:29:33 [38;5;009m[ERROR]: [0mThis is a error message from thread 1118-09-2026 00:29:33 [38;5;015m[INFO]: [0mThis is a info message from thread 318-09-2026 00:29:33 [38;5;117m[DEBUG]: [0mThis is a debug message from thread 918-09-2026 00:29:33 [38;5;009m[ERROR]: [0mThis is a error message from thread 1818-09-2026 00:29:33 [38;5;117m[DEBUG]: [0mThis is a debug message from thread 1218-09-2026 00:29:33 [38;5;117m[DEBUG]: [0mThis is a debug message from thread 818-09-2026 00:29:33 [38;5;117m[DEBUG]: [0mThis is a debug message from thread 1718-09-2026 00:29:33 [38;5;117m[DEBUG]: [0mThis is a debug message from thread 1118-09-2026 00:29:33 [38;5;009m[ERROR]: [0mThis is a error message from thread 618-09-2026 00:29:33 [38;5;009m[ERROR]: [0mThis is a error message from thread 2218-09-2026 00:29:33 [38;5;015m[INFO]: [0mThis is a info message from thread 1618-09-2026 00:29:33 [38;5;015m[INFO]: [0mThis is a info message from thread 1218-09-2026 00:29:33 [38;5;117m[DEBUG]: [0mThis is a debug message from thread 618-09-2026 00:29:33 [38;5;117m[DEBUG]: [0mThis is a debug message from thread 2518-09-2026 00:29:33 [38;5;117m[DEBUG]: [0mThis is a debug message from thread 1818-09-2026 00:29:33 [38;5;015m[INFO]: [0mThis is a info message from thread 1718-09-2026 00:29:33 [38;5;117m[DEBUG]: [0mThis is a debug message from thread 2418-09-2026 00:29:33 [38;5;015m[INFO]: [0mThis is a info message from thread 2118-09-2026 00:29:33 [38;5;015m[INFO]: [0mThis is a info message from thread 218-09-2026 00:29:33 [38;5;009m[ERROR]: [0mThis is a error message from thread 2118-09-2026 00:29:33 [38;5;009m[ERROR]: [0mThis is a error message from thread 1218-09-2026 00:29:33 [38;5;117m[DEBUG]: [0mThis is a debug message from thread 1518-09-2026 00:29:33 [38;5;015m[INFO]: [0mThis is a info message from thread 2518-09-2026 00:29:33 [38;5;009m[ERROR]: [0mThis is a error message from thread 2818-09-2026 00:29:33 [38;5;015m[INFO]: [0mThis is a info message from thread 2318-09-2026 00:29:33 [38;5;117m[DEBUG]: [0mThis is a debug message from thread 018-09-2026 00:29:33 [38;5;117m[DEBUG]: [0mThis is a debug message from thread 2118-09-2026 00:29:33 [38;5;015m[INFO]: [0mThis is a info message from thread 1818-09-2026 00:29:33 [38;5;117m[DEBUG]: [0mThis is a debug message from thread 1218-09-2026 00:29:33 [38;5;015m[INFO]: [0mThis is a info message from thread 818-09-2026 00:29:33 [38;5;015m[INFO]: [0mThis is a info message from thread 1918-09-2026 00:29:33 [38;5;009m[ERROR]: [0mThis is a error message from thread 1718-09-2026 00:29:33 [38;5;015m[INFO]: [0mThis is a info message from thread 1518-09-2026 00:29:33 [38;5;015m[INFO]: [0mThis is a info message from thread 018-09-2026 00:29:33 [38;5;117m[DEBUG]: [0mThis is a debug message from thread 1018-09-2026 00:29:33 [38;5;009m[ERROR]: [0mThis is a error message from thread 818-09-2026 00:29:33 [38;5;009m[ERROR]: [0mThis is a error message from thread 218-09-2026 00:29:33 [38;5;015m[INFO]: [0mThis is a info message from thread 1218-09-2026 00:29:33 [38;5;009m[ERROR]: [0mThis is a error message from thread 518-09-2026 00:29:33 [38;5;015m[INFO]: [0mThis is a info message from thread 2918-09-2026 00:29:33 [38;5;117m[DEBUG]: [0mThis is a debug message from thread 818-09-2026 00:29:33 [38;5;009m[ERROR]: [0mThis is a error message from thread 2318-09-2026 00:29:33 [38;5;015m[INFO]: [0mThis is a info message from thread 1018-09-2026 00:29:33 [38;5;015m[INFO]: [0mThis is a info message from thread 2618-09-2026 00:29:33 [38;5;009m[ERROR]: [0mThis is a error message from thread 1818-09-2026 00:29:33 [38;5;009m[ERROR]: [0mThis is a error message from thread 1218-09-2026 00:29:33 [38;5;117m[DEBUG]: [0mThis is a debug message from thread 518-09-2026 00:29:33 [38;5;015m[INFO]: [0mThis is a info message from thread 618-09-2026 00:29:33 [38;5;117m[DEBUG]: [0mThis is a debug message from thread 118-09-2026 00:29:33 [38;5;117m[DEBUG]: [0mThis is a debug message from thread 2218-09-2026 00:29:33 [38;5;015m[INFO]: [0mThis is a info message from thread 818-09-2026 00:29:33 [38;5;015m[INFO]: [0mThis is a info message from thread 118-09-2026 00:29:33 [38;5;009m[ERROR]: [0mThis is a error message from thread 1518-09-2026 00:29:33 [38;5;117m[DEBUG]: [0mThis is a debug message from thread 1718-09-2026 00:29:33 [38;5;117m[DEBUG]: [0mThis is a debug message from thread 2718-09-2026 00:29:33 [38;5;015m[INFO]: [0mThis is a info message from thread 518-09-2026 00:29:33 [38;5;117m[DEBUG]: [0mThis is a debug message from thread 1818-09-2026 00:29:33 [38;5;015m[INFO]: [0mThis is a info message from thread 918-09-2026 00:29:33 [38;5;117m[DEBUG]: [0mThis is a debug message from thread 718-09-2026 00:29:33 [38;5;015m[INFO]: [0mThis is a info message from thread 1818-09-2026 00:29:33 [38;5;009m[ERROR]: [0mThis is a error message from thread 2518-09-2026 00:29:33 [38;5;015m[INFO]: [0mThis is a info message from thread 2218-09-2026 00:29:33 [38;5;009m[ERROR]: [0mThis is a error message from thread 818-09-2026 00:29:33 [38;5;117m[DEBUG]: [0mThis is a debug message from thread 1218-09-2026 00:29:33 [38;5;015m[INFO]: [0mThis is a info message from thread 2018-09-2026 00:29:33 [38;5;009m[ERROR]: [0mThis is a error message from thread 1818-09-2026 00:29:33 [38;5;117m[DEBUG]: [0mThis is a debug message from thread 1518-09-2026 00:29:33 [38;5;009m[ERROR]: [0mThis is a error message from thread 318-09-2026 00:29:33 [38;5;009m[ERROR]: [0mThis is a error message from thread 018-09-2026 00:29:33 [38;5;009m[ERROR]: [0mThis is a error message from thread 1018-09-2026 00:29:33 [38;5;009m[ERROR]: [0mThis is a error message from thread 1618-09-2026 00:29:33 [38;5;015m[INFO]: [0mThis is a info message from thread 2418-09-2026 00:29:33 [38;5;015m[INFO]: [0mThis is a info message from thread 1118-09-2026 00:29:33 [38;5;009m[ERROR]: [0mThis is a error message from thread 1418-09-2026 00:29:33 [38;5;009m[ERROR]: [0mThis is a error message from thread 2418-09-2026 00:29:33 [38;5;117m[DEBUG]: [0mThis is a debug message from thread 2418-09-2026 00:29:33 [38;5;009m[ERROR]: [0mThis is a error message from thread 2018-09-2026 00:29:33 [38;5;117m[DEBUG]: [0mThis is a debug message from thread 018-09-2026 00:29:33 [38;5;117m[DEBUG]: [0mThis is a debug message from thread 2018-09-2026 00:29:33 [38;5;117m[DEBUG]: [0mThis is a debug message from thread 1418-09-2026 00:29:33 [38;5;117m[DEBUG]: [0mThis is a debug message from thread 218-09-2026 00:29:33 [38;5;009m[ERROR]: [0mThis is a error message from thread 518-09-2026 00:29:33 [38;5;015m[INFO]: [0mThis is a info message from thread 2718-09-2026 00:29:33 [38;5;009m[ERROR]: [0mThis is a error message from thread 1118-09-2026 00:29:33 [38;5;009m[ERROR]: [0mThis is a error message from thread 1918-09-2026 00:29:33 [38;5;015m[INFO]: [0mThis is a info message from thread 1418-09-2026 00:29:33 [38;5;009m[ERROR]: [0mThis is a error message from thread 2718-09-2026 00:29:33 [38;5;015m[INFO]: [0mThis is a info message from thread 2418-09-2026 00:29:33 [38;5;009m[ERROR]: [0mThis is a error message from thread 1418-09-2026 00:29:33 [38;5;117m[DEBUG]: [0mThis is a debug message from thread 1618-09-2026 00:29:33 [38;5;015m[INFO]: [0mThis is a info message from thread 2018-09-2026 00:29:33 [38;5;117m[DEBUG]: [0mThis is a debug message from thread 518-09-2026 00:29:33 [38;5;009m[ERROR]: [0mThis is a error message from thread 2618-09-2026 00:29:33 [38;5;117m[DEBUG]: [0mThis is a debug message from thread 1318-09-2026 00:29:33 [38;5;015m[INFO]: [0mThis is a info message from thread 218-09-2026 00:29:33 [38;5;117m[DEBUG]: [0mThis is a debug message from thread 1918-09-2026 00:29:33 [38;5;015m[INFO]: [0mThis is a info message from thread 1518-09-2026 00:29:33 [38;5;015m[INFO]: [0mThis is a info message from thread 718-09-2026 00:29:33 [38;5;015m[INFO]: [0mThis is a info message from thread 018-09-2026 00:29:33 [38;5;009m[ERROR]: [0mThis is a error message from thread 218-09-2026 00:29:33 [38;5;015m[INFO]: [0mThis is a info message from thread 1918-09-2026 00:29:33 [38;5;015m[INFO]: [0mThis is a info message from thread 518-09-2026 00:29:33 [38;5;117m[DEBUG]: [0mThis is a debug message from thread 1118-09-2026 00:29:33 [38;5;009m[ERROR]: [0mThis is a error message from thread 2018-09-2026 00:29:33 [38;5;117m[DEBUG]: [0mThis is a debug message from thread 2718-09-2026 00:29:33 [38;5;117m[DEBUG]: [0mThis is a debug message from thread 2018-09-2026 00:29:33 [38;5;015m[INFO]: [0mThis is a info message from thread 1218-09-2026 00:29:33 [38;5;117m[DEBUG]: [0mThis is a debug message from thread 1818-09-2026 00:29:33 [38;5;015m[INFO]: [0mThis is a info message from thread 1718-09-2026 00:29:33 [38;5;009m[ERROR]: [0mThis is a error message from thread 118-09-2026 00:29:33 [38;5;009m[ERROR]: [0mThis is a error message from thread 618-09-2026 00:29:33 [38;5;009m[ERROR]: [0mThis is a error message from thread 2418-09-2026 00:29:33 [38;5;009m[ERROR]: [0mThis is a error message from thread 1218-09-2026 00:29:33 [38;5;117m[DEBUG]: [0mThis is a debug message from thread 618-09-2026 00:29:33 [38;5;015m[INFO]: [0mThis is a info message from thread 1118-09-2026 00:29:33 [38;5;009m[ERROR]: [0mThis is a error message from thread 2918-09-2026 00:29:33 [38;5;117m[DEBUG]: [0mThis is a debug message from thread 2918-09-2026 00:29:33 [38;5;015m[INFO]: [0mThis is a info message from thread 1818-09-2026 00:29:33 [38;5;117m[DEBUG]: [0mThis is a debug message from thread 218-09-2026 00:29:33 [38;5;117m[DEBUG]: [0mThis is a debug message from thread 1418-09-2026 00:29:33 [38;5;015m[INFO]: [0mThis is a info message from thread 2018-09-2026 00:29:33 [38;5;015m[INFO]: [0mThis is a info message from thread 218-09-2026 00:29:33 [38;5;117m[DEBUG]: [0mThis is a debug message from thread 2518-09-2026 00:29:33 [38;5;117m[DEBUG]: [0mThis is a debug message from thread 118-09-2026 00:29:33 [38;5;009m[ERROR]: [0mThis is a error message from thread 1518-09-2026 00:29:33 [38;5;009m[ERROR]: [0mThis is a error message from thread 1118-09-2026 00:29:33 [38;5;117m[DEBUG]: [0mThis is a debug message from thread 1118-09-2026 00:29:33 [38;5;015m[INFO]: [0mThis is a info message from thread 1118-09-2026 00:29:33 [38;5;117m[DEBUG]: [0mThis is a debug message from thread 1518-09-2026 00:29:33 [38;5;015m[INFO]: [0mThis is a info message from thread 618-09-2026 00:29:33 [38;5;009m[ERROR]: [0mThis is a error message from thread 618-09-2026 00:29:33 [38;5;009m[ERROR]: [0mThis is a error message from thread 218-09-2026 00:29:33 [38;5;009m[ERROR]: [0mThis is a error message from thread 2018-09-2026 00:29:33 [38;5;015m[INFO]: [0mThis is a info message from thread 2918-09-2026 00:29:33 [38;5;009m[ERROR]: [0mThis is a error message from thread 1718-09-2026 00:29:33 [38;5;009m[ERROR]: [0mThis is a error message from thread 1818-09-2026 00:29:33 [38;5;009m[ERROR]: [0mThis is a error message from thread 1118-09-2026 00:29:33 [38;5;015m[INFO]: [0mThis is a info message from thread 1518-09-2026 00:29:33 [38;5;117m[DEBUG]: [0mThis is a debug message from thread 418-09-2026 00:29:33 [38;5;009m[ERROR]: [0mThis is a error message from thread 2218-09-2026 00:29:33 [38;5;117m[DEBUG]: [0mThis is a debug message from thread 318-09-2026 00:29:33 [38;5;009m[ERROR]: [0mThis is a error message from thread 2918-09-2026 00:29:33 [38;5;117m[DEBUG]: [0mThis is a debug message from thread 2918-09-2026 00:29:33 [38;5;015m[INFO]: [0mThis is a info message from thread 118-09-2026 00:29:33 [38;5;117m[DEBUG]: [0mThis is a debug message from thread 818-09-2026 00:29:33 [38;5;015m[INFO]: [0mThis is a info message from thread 318-09-2026 00:29:33 [38;5;009m[ERROR]: [0mThis is a error message from thread 018-09-2026 00:29:33 [38;5;009m[ERROR]: [0mThis is a error message from thread 1518-09-2026 00:29:33 [38;5;117m[DEBUG]: [0mThis is a debug message from thread 2618-09-2026 00:29:33 [38;5;117m[DEBUG]: [0mThis is a debug message from thread 1218-09-2026 00:29:33 [38;5;015m[INFO]: [0mThis is a info message from thread 2118-09-2026 00:29:33 [38;5;015m[INFO]: [0mThis is a info message from thread 818-09-2026 00:29:33 [38;5;117m[DEBUG]: [0mThis is a debug message from thread 018-09-2026 00:29:33 [38;5;015m[INFO]: [0mThis is a info message from thread 2918-09-2026 00:29:33 [38;5;009m[ERROR]: [0mThis is a error message from thread 1918-09-2026 00:29:33 [38;5;015m[INFO]: [0mThis is a info message from thread 1218-09-2026 00:29:33 [38;5;015m[INFO]: [0mThis is a info message from thread 418-09-2026 00:29:33 [38;5;009m[ERROR]: [0mThis is a error message from thread 2118-09-2026 00:29:33 [38;5;009m[ERROR]: [0mThis is a error message from thread 2918-09-2026 00:29:33 [38;5;015m[INFO]: [0mThis is a info message from thread 2618-09-2026 00:29:33 [38;5;117m[DEBUG]: [0mThis is a debug message from thread 1018-09-2026 00:29:33 [38;5;117m[DEBUG]: [0mThis is a debug message from thread 1718-09-2026 00:29:33 [38;5;009m[ERROR]: [0mThis is a error message from thread 318-09-2026 00:29:33 [38;5;117m[DEBUG]: [0mThis is a debug message from thread 218-09-2026 00:29:33 [38;5;015m[INFO]: [0mThis is a info message from thread 1018-09-2026 00:29:33 [38;5;009m[ERROR]: [0mThis is a error message from thread 118-09-2026 00:29:33 [38;5;015m[INFO]: [0mThis is a info message from thread 218-09-2026 00:29:33 [38;5;009m[ERROR]: [0mThis is a error message from thread 1018-09-2026 00:29:33 [38;5;117m[DEBUG]: [0mThis is a debug message from thread 2218-09-2026 00:29:33 [38;5;015m[INFO]: [0mThis is a info message from thread 1418-09-2026 00:29:33 [38;5;015m[INFO]: [0mThis is a info message from thread 018-09-2026 00:29:33 [38;5;117m[DEBUG]: [0mThis is a debug message from thread 2018-09-2026 00:29:33 [38;5;015m[INFO]: [0mThis is a info message from thread 2218-09-2026 00:29:33 [38;5;009m[ERROR]: [0mThis is a error message from thread 1418-09-2026 00:29:33 [38;5;015m[INFO]: [0mThis is a info message from thread 2018-09-2026 00:29:33 [38;5;009m[ERROR]: [0mThis is a error message from thread 2218-09-2026 00:29:33 [38;5;117m[DEBUG]: [0mThis is a debug message from thread 2418-09-2026 00:29:33 [38;5;117m[DEBUG]: [0mThis is a debug message from thread 1918-09-2026 00:29:33 [38;5;117m[DEBUG]: [0mThis is a debug message from thread 2218-09-2026 00:29:33 [38;5;015m[INFO]: [0mThis is a info message from thread 2418-09-2026 00:29:33 [38;5;015m[INFO]: [0mThis is a info message from thread 1918-09-2026 00:29:33 [38;5;117m[DEBUG]: [0mThis is a debug message from thread 1418-09-2026 00:29:33 [38;5;009m[ERROR]: [0mThis is a error message from thread 2418-09-2026 00:29:33 [38;5;015m[INFO]: [0mThis is a info message from thread 2218-09-2026 00:29:33 [38;5;009m[ERROR]: [0mThis is a error message from thread 1918-09-2026 00:29:33 [38;5;117m[DEBUG]: [0mThis is a debug message from thread 2418-09-2026 00:29:33 [38;5;015m[INFO]: [0mThis is a info message from thread 2418-09-2026 00:29:33 [38;5;009m[ERROR]: [0mThis is a error message from thread 2218-09-2026 00:29:33 [38;5;015m[INFO]: [0mThis is a info message from thread 1418-09-2026 00:29:33 [38;5;015m[INFO]: [0mThis is a info message from thread 1618-09-2026 00:29:33 [38;5;117m[DEBUG]: [0mThis is a debug message from thread 2318-09-2026 00:29:33 [38;5;009m[ERROR]: [0mThis is a error message from thread 1418-09-2026 00:29:33 [38;5;009m[ERROR]: [0mThis is a error message from thread 2618-09-2026 00:29:33 [38;5;117m[DEBUG]: [0mThis is a debug message from thread 1418-09-2026 00:29:33 [38;5;117m[DEBUG]: [0mThis is a debug message from thread 2618-09-2026 00:29:33 [38;5;015m[INFO]: [0mThis is a info message from thread 2518-09-2026 00:29:33 [38;5;015m[INFO]: [0mThis is a info message from thread 2618-09-2026 00:29:33 [38;5;009m[ERROR]: [0mThis is a error message from thread 2518-09-2026 00:29:33 [38;5;009m[ERROR]: [0mThis is a error message from thread 2618-09-2026 00:29:33 [38;5;117m[DEBUG]: [0mThis is a debug message from thread 2118-09-2026 00:29:33 [38;5;009m[ERROR]: [0mThis is a error message from thread 1618-09-2026 00:29:33 [38;5;117m[DEBUG]: [0mThis is a debug message from thread 2518-09-2026 00:29:33 [38;5;015m[INFO]: [0mThis is a info message from thread 2718-09-2026 00:29:33 [38;5;117m[DEBUG]: [0mThis is a debug message from thread 1118-09-2026 00:29:33 [38;5;015m[INFO]: [0mThis is a info message from thread 2518-09-2026 00:29:33 [38;5;009m[ERROR]: [0mThis is a error message from thread 2718-09-2026 00:29:33 [38;5;117m[DEBUG]: [0mThis is a debug message from thread 2618-09-2026 00:29:33 [38;5;009m[ERROR]: [0mThis is a error message from thread 818-09-2026 00:29:33 [38;5;117m[DEBUG]: [0mThis is a debug message from thread 318-09-2026 00:29:33 [38;5;009m[ERROR]: [0mThis is a error message from thread 918-09-2026 00:29:33 [38;5;117m[DEBUG]: [0mThis is a debug message from thread 818-09-2026 00:29:33 [38;5;117m[DEBUG]: [0mThis is a debug message from thread 1618-09-2026 00:29:33 [38;5;117m[DEBUG]: [0mThis is a debug message from thread 1918-09-2026 00:29:33 [38;5;009m[ERROR]: [0mThis is a error message from thread 518-09-2026 00:29:33 [38;5;009m[ERROR]: [0mThis is a error message from thread 2418-09-2026 00:29:33 [38;5;015m[INFO]: [0mThis is a info message from thread 1318-09-2026 00:29:33 [38;5;015m[INFO]: [0mThis is a info message from thread 818-09-2026 00:29:33 [38;5;015m[INFO]: [0mThis is a info message from thread 2618-09-2026 00:29:33 [38;5;117m[DEBUG]: [0mThis is a debug message from thread 118-09-2026 00:29:33 [38;5;117m[DEBUG]: [0mThis is a debug message from thread 2918-09-2026 00:29:33 [38;5;015m[INFO]: [0mThis is a info message from thread 1118-09-2026 00:29:33 [38;5;009m[ERROR]: [0mThis is a error message from thread 218-09-2026 00:29:33 [38;5;117m[DEBUG]: [0mThis is a debug message from thread 1018-09-2026 00:29:33 [38;5;009m[ERROR]: [0mThis is a error message from thread 2618-09-2026 00:29:33 [38;5;009m[ERROR]: [0mThis is a error message from thread 2018-09-2026 00:29:33 [38;5;015m[INFO]: [0mThis is a info message from thread 118-09-2026 00:29:33 [38;5;015m[INFO]: [0mThis is a info message from thread 1618-09-2026 00:29:33 [38;5;015m[INFO]: [0mThis is a info message from thread 1918-09-2026 00:29:33 [38;5;015m[INFO]: [0mThis is a info message from thread 318-09-2026 00:29:33 [38;5;015m[INFO]: [0mThis is a info message from thread 2318-09-2026 00:29:33 [38;5;015m[INFO]: [0mThis is a info message from thread 1418-09-2026 00:29:33 [38;5;117m[DEBUG]: [0mThis is a debug message from thread 2618-09-2026 00:29:33 [38;5;117m[DEBUG]: [0mThis is a debug message from thread 1518-09-2026 00:29:33 [38;5;117m[DEBUG]: [0mThis is a debug message from thread 1818-09-2026 00:29:33 [38;5;009m[ERROR]: [0mThis is a error message from thread 1918-09-2026 00:29:33 [38;5;009m[ERROR]: [0mThis is a error message from thread 1618-09-2026 00:29:33 [38;5;117m[DEBUG]: [0mThis is a debug message from thread 218-09-2026 00:29:33 [38;5;117m[DEBUG]: [0mThis is a debug message from thread 618-09-2026 00:29:33 [38;5;015m[INFO]: [0mThis is a info message from thread 1818-09-2026 00:29:33 [38;5;015m[INFO]: [0mThis is a info message from thread 1518-09-2026 00:29:33 [38;5;117m[DEBUG]: [0mThis is a debug message from thread 2818-09-2026 00:29:33 [38;5;117m[DEBUG]: [0mThis is a debug message from thread 1618-09-2026 00:29:33 [38;5;009m[ERROR]: [0mThis is a error message from thread 318-09-2026 00:29:33 [38;5;009m[ERROR]: [0mThis is a error message from thread 1418-09-2026 00:29:33 [38;5;009m[ERROR]: [0mThis is a error message from thread 118-09-2026 00:29:33 [38;5;015m[INFO]: [0mThis is a info message from thread 2918-09-2026 00:29:33 [38;5;015m[INFO]: [0mThis is a info message from thread 2618-09-2026 00:29:33 [38;5;009m[ERROR]: [0mThis is a error message from thread 018-09-2026 00:29:33 [38;5;009m[ERROR]: [0mThis is a error message from thread 1318-09-2026 00:29:33 [38;5;009m[ERROR]: [0mThis is a error message from thread 1218-09-2026 00:29:33 [38;5;015m[INFO]: [0mThis is a info message from thread 1018-09-2026 00:29:33 [38;5;009m[ERROR]: [0mThis is a error message from thread 718-09-2026 00:29:33 [38;5;117m[DEBUG]: [0mThis is a debug message from thread 718-09-2026 00:29:33 [38;5;009m[ERROR]: [0mThis is a error message from thread 418-09-2026 00:29:33 [38;5;009m[ERROR]: [0mThis is a error message from thread 1818-09-2026 00:29:33 [38;5;117m[DEBUG]: [0mThis is a debug message from thread 418-09-2026 00:29:33 [38;5;117m[DEBUG]: [0mThis is a debug message from thread 1818-09-2026 00:29:33 [38;5;117m[DEBUG]: [0mThis is a debug message from thread 518-09-2026 00:29:33 [38;5;015m[INFO]: [0mThis is a info message from thread 418-09-2026 00:29:33 [38;5;117m[DEBUG]: [0mThis is a debug message from thread 2418-09-2026 00:29:33 [38;5;015m[INFO]: [0mThis is a info message from thread 518-09-2026 00:29:33 [38;5;009m[ERROR]: [0mThis is a error message from thread 418-09-2026 00:29:33 [38;5;015m[INFO]: [0mThis is a info message from thread 2418-09-2026 00:29:33 [38;5;015m[INFO]: [0mThis is a info message from thread 2818-09-2026 00:29:33 [38;5;117m[DEBUG]: [0mThis is a debug message from thread 418-09-2026 00:29:33 [38;5;009m[ERROR]: [0mThis is a error message from thread 2418-09-2026 00:29:33 [38;5;009m[ERROR]: [0mThis is a error message from thread 818-09-2026 00:29:33 [38;5;009m[ERROR]: [0mThis is a error message from thread 518-09-2026 00:29:33 [38;5;117m[DEBUG]: [0mThis is a debug message from thread 818-09-2026 00:29:33 [38;5;117m[DEBUG]: [0mThis is a debug message from thread 2418-09-2026 00:29:33 [38;5;117m[DEBUG]: [0mThis is a debug message from thread 518-09-2026 00:29:33 [38;5;117m[DEBUG]: [0mThis is a debug message from thread 318-09-2026 00:29:33 [38;5;015m[INFO]: [0mThis is a info message from thread 818-09-2026 00:29:33 [38;5;015m[INFO]: [0mThis is a info message from thread 318-09-2026 00:29:33 [38;5;015m[INFO]: [0mThis is a info message from thread 2418-09-2026 00:29:33 [38;5;009m[ERROR]: [0mThis is a error message from thread 818-09-2026 00:29:33 [38;5;009m[ERROR]: [0mThis is a error message from thread 318-09-2026 00:29:33 [38;5;015m[INFO]: [0mThis is a info message from thread 518-09-2026 00:29:33 [38;5;117m[DEBUG]: [0mThis is a debug message from thread 1918-09-2026 00:29:33 [38;5;117m[DEBUG]: [0mThis is a debug message from thread 318-09-2026 00:29:33 [38;5;117m[DEBUG]: [0mThis is a debug message from thread 818-09-2026 00:29:33 [38;5;009m[ERROR]: [0mThis is a error message from thread 2418-09-2026 00:29:33 [38;5;015m[INFO]: [0mThis is a info message from thread 318-09-2026 00:29:33 [38;5;015m[INFO]: [0mThis is a info message from thread 818-09-2026 00:29:33 [38;5;015m[INFO]: [0mThis is a info message from thread 1918-09-2026 00:29:33 [38;5;009m[ERROR]: [0mThis is a error message from thread 818-09-2026 00:29:33 [38;5;009m[ERROR]: [0mThis is a error message from thread 318-09-2026 00:29:33 [38;5;117m[DEBUG]: [0mThis is a debug message from thread 2418-09-2026 00:29:33 [38;5;009m[ERROR]: [0mThis is a error message from thread 2518-09-2026 00:29:33 [38;5;009m[ERROR]: [0mThis is a error message from thread 1918-09-2026 00:29:33 [38;5;015m[INFO]: [0mThis is a info message from thread 2418-09-2026 00:29:33 [38;5;117m[DEBUG]: [0mThis is a debug message from thread 1918-09-2026 00:29:33 [38;5;015m[INFO]: [0mThis is a info message from thread 618-09-2026 00:29:33 [38;5;009m[ERROR]: [0mThis is a error message from thread 2618-09-2026 00:29:33 [38;5;117m[DEBUG]: [0mThis is a debug message from thread 2518-09-2026 00:29:33 [38;5;015m[INFO]: [0mThis is a info message from thread 1918-09-2026 00:29:33 [38;5;015m[INFO]: [0mThis is a info message from thread 2118-09-2026 00:29:33 [38;5;117m[DEBUG]: [0mThis is a debug message from thread 1218-09-2026 00:29:33 [38;5;015m[INFO]: [0mThis is a info message from thread 1718-09-2026 00:29:33 [38;5;009m[ERROR]: [0mThis is a error message from thread 1918-09-2026 00:29:33 [38;5;009m[ERROR]: [0mThis is a error message from thread 1118-09-2026 00:29:33 [38;5;009m[ERROR]: [0mThis is a error message from thread 2118-09-2026 00:29:33 [38;5;009m[ERROR]: [0mThis is a error message from thread 2918-09-2026 00:29:33 [38;5;009m[ERROR]: [0mThis is a error message from thread 1718-09-2026 00:29:33 [38;5;117m[DEBUG]: [0mThis is a debug message from thread 318-09-2026 00:29:33 [38;5;117m[DEBUG]: [0mThis is a debug message from thread 2918-09-2026 00:29:33 [38;5;117m[DEBUG]: [0mThis is a debug message from thread 1718-09-2026 00:29:33 [38;5;117m[DEBUG]: [0mThis is a debug message from thread 2218-09-2026 00:29:33 [38;5;009m[ERROR]: [0mThis is a error message from thread 1518-09-2026 00:29:33 [38;5;015m[INFO]: [0mThis is a info message from thread 1218-09-2026 00:29:33 [38;5;117m[DEBUG]: [0mThis is a debug message from thread 1918-09-2026 00:29:33 [38;5;117m[DEBUG]: [0mThis is a debug message from thread 1418-09-2026 00:29:33 [38;5;015m[INFO]: [0mThis is a info message from thread 1818-09-2026 00:29:33 [38;5;009m[ERROR]: [0mThis is a error message from thread 1018-09-2026 00:29:33 [38;5;015m[INFO]: [0mThis is a info message from thread 318-09-2026 00:29:33 [38;5;117m[DEBUG]: [0mThis is a debug message from thread 2618-09-2026 00:29:33 [38;5;117m[DEBUG]: [0mThis is a debug message from thread 1518-09-2026 00:29:33 [38;5;117m[DEBUG]: [0mThis is a debug message from thread 1318-09-2026 00:29:33 [38;5;015m[INFO]: [0mThis is a info message from thread 418-09-2026 00:29:33 [38;5;009m[ERROR]: [0mThis is a error message from thread 518-09-2026 00:29:33 [38;5;015m[INFO]: [0mThis is a info message from thread 2218-09-2026 00:29:33 [38;5;117m[DEBUG]: [0mThis is a debug message from thread 918-09-2026 00:29:33 [38;5;117m[DEBUG]: [0mThis is a debug message from thread 2718-09-2026 00:29:33 [38;5;117m[DEBUG]: [0mThis is a debug message from thread 818-09-2026 00:29:33 [38;5;015m[INFO]: [0mThis is a info message from thread 1918-09-2026 00:29:33 [38;5;009m[ERROR]: [0mThis is a error message from thread 618-09-2026 00:29:33 [38;5;015m[INFO]: [0mThis is a info message from thread 2718-09-2026 00:29:33 [38;5;015m[INFO]: [0mThis is a info message from thread 818-09-2026 00:29:33 [38;5;009m[ERROR]: [0mThis is a error message from thread 1918-09-2026 00:29:33 [38;5;009m[ERROR]: [0mThis is a error message from thread 2318-09-2026 00:29:33 [38;5;015m[INFO]: [0mThis is a info message from thread 218-09-2026 00:29:33 [38;5;117m[DEBUG]: [0mThis is a debug message from thread 018-09-2026 00:29:33 [38;5;015m[INFO]: [0mThis is a info message from thread 1518-09-2026 00:29:33 [38;5;015m[INFO]: [0mThis is a info message from thread 1418-09-2026 00:29:33 [38;5;015m[INFO]: [0mThis is a info message from thread 018-09-2026 00:29:33 [38;5;015m[INFO]: [0mThis is a info message from thread 1618-09-2026 00:29:33 [38;5;009m[ERROR]: [0mThis is a error message from thread 2218-09-2026 00:29:33 [38;5;009m[ERROR]: [0mThis is a error message from thread 218-09-2026 00:29:33 [38;5;117m[DEBUG]: [0mThis is a debug message from thread 618-09-2026 00:29:33 [38;5;117m[DEBUG]: [0mThis is a debug message from thread 518-09-2026 00:29:33 [38;5;009m[ERROR]: [0mThis is a error message from thread 1418-09-2026 00:29:33 [38;5;117m[DEBUG]: [0mThis is a debug message from thread 118-09-2026 00:29:33 [38;5;117m[DEBUG]: [0mThis is a debug message from thread 218-09-2026 00:29:33 [38;5;009m[ERROR]: [0mThis is a error message from thread 1818-09-2026 00:29:33 [38;5;015m[INFO]: [0mThis is a info message from thread 618-09-2026 00:29:33 [38;5;117m[DEBUG]: [0mThis is a debug message from thread 1418-09-2026 00:29:33 [38;5;015m[INFO]: [0mThis is a info message from thread 518-09-2026 00:29:33 [38;5;009m[ERROR]: [0mThis is a error message from thread 1218-09-2026 00:29:33 [38;5;009m[ERROR]: [0mThis is a error message from thread 418-09-2026 00:29:33 [38;5;117m[DEBUG]: [0mThis is a debug message from thread 2218-09-2026 00:29:33 [38;5;117m[DEBUG]: [0mThis is a debug message from thread 2318-09-2026 00:29:33 [38;5;117m[DEBUG]: [0mThis is a debug message from thread 1218-09-2026 00:29:33 [38;5;015m[INFO]: [0mThis is a info message from thread 2218-09-2026 00:29:33 [38;5;009m[ERROR]: [0mThis is a error message from thread 818-09-2026 00:29:33 [38;5;015m[INFO]: [0mThis is a info message from thread 2318-09-2026 00:29:33 [38;5;117m[DEBUG]: [0mThis is a debug message from thread 418-09-2026 00:29:33 [38;5;015m[INFO]: [0mThis is a info message from thread 1218-09-2026 00:29:33 [38;5;117m[DEBUG]: [0mThis is a debug message from thread 818-09-2026 00:29:33 [38;5;117m[DEBUG]: [0mThis is a debug message from thread 1018-09-2026 00:29:33 [38;5;009m[ERROR]: [0mThis is a error message from thread 618-09-2026 00:29:33 [38;5;009m[ERROR]: [0mThis is a error message from thread 2318-09-2026 00:29:33 [38;5;009m[ERROR]: [0mThis is a error message from thread 2418-09-2026 00:29:33 [38;5;117m[DEBUG]: [0mThis is a debug message from thread 618-09-2026 00:29:33 [38;5;015m[INFO]: [0mThis is a info message from thread 2618-09-2026 00:29:33 [38;5;015m[INFO]: [0mThis is a info message from thread 818-09-2026 00:29:33 [38;5;117m[DEBUG]: [0mThis is a debug message from thread 2018-09-2026 00:29:33 [38;5;015m[INFO]: [0mThis is a info message from thread 1718-09-2026 00:29:33 [38;5;015m[INFO]: [0mThis is a info message from thread 618-09-2026 00:29:33 [38;5;015m[INFO]: [0mThis is a info message from thread 2518-09-2026 00:29:33 [38;5;009m[ERROR]: [0mThis is a error message from thread 1518-09-2026 00:29:33 [38;5;015m[INFO]: [0mThis is a info message from thread 1018-09-2026 00:29:33 [38;5;009m[ERROR]: [0mThis is a error message from thread 2518-09-2026 00:29:33 [38;5;015m[INFO]: [0mThis is a info message from thread 2918-09-2026 00:29:33 [38;5;117m[DEBUG]: [0mThis is a debug message from thread 1518-09-2026 00:29:33 [38;5;009m[ERROR]: [0mThis is a error message from thread 518-09-2026 00:29:33 [38;5;015m[INFO]: [0mThis is a info message from thread 1518-09-2026 00:29:33 [38;5;117m[DEBUG]: [0mThis is a debug message from thread 1118-09-2026 00:29:33 [38;5;009m[ERROR]: [0mThis is a error message from thread 2618-09-2026 00:29:33 [38;5;117m[DEBUG]: [0mThis is a debug message from thread 2518-09-2026 00:29:33 [38;5;015m[INFO]: [0mThis is a info message from thread 1118-09-2026 00:29:33 [38;5;009m[ERROR]: [0mThis is a error message from thread 1518-09-2026 00:29:33 [38;5;117m[DEBUG]: [0mThis is a debug message from thread 2318-09-2026 00:29:33 [38;5;009m[ERROR]: [0mThis is a error message from thread 1118-09-2026 00:29:33 [38;5;117m[DEBUG]: [0mThis is a debug message from thread 1518-09-2026 00:29:33 [38;5;015m[INFO]: [0mThis is a info message from thread 2318-09-2026 00:29:33 [38;5;117m[DEBUG]: [0mThis is a debug message from thread 1118-09-2026 00:29:33 [38;5;009m[ERROR]: [0mThis is a error message from thread 2218-09-2026 00:29:33 [38;5;117m[DEBUG]: [0mThis is a debug message from thread 1918-09-2026 00:29:33 [38;5;009m[ERROR]: [0mThis is a error message from thread 2818-09-2026 00:29:33 [38;5;015m[INFO]: [0mThis is a info message from thread 218-09-2026 00:29:33 [38;5;117m[DEBUG]: [0mThis is a debug message from thread 2818-09-2026 00:29:33 [38;5;009m[ERROR]: [0mThis is a error message from thread 218-09-2026 00:29:33 [38;5;015m[INFO]: [0mThis is a info message from thread 118-09-2026 00:29:33 [38;5;009m[ERROR]: [0mThis is a error message from thread 618-09-2026 00:29:33 [38;5;009m[ERROR]: [0mThis is a error message from thread 1018-09-2026 00:29:33 [38;5;015m[INFO]: [0mThis is a info message from thread 418-09-2026 00:29:33 [38;5;117m[DEBUG]: [0mThis is a debug message from thread 218-09-2026 00:29:33 [38;5;117m[DEBUG]: [0mThis is a debug message from thread 518-09-2026 00:29:33 [38;5;117m[DEBUG]: [0mThis is a debug message from thread 1018-09-2026 00:29:33 [38;5;009m[ERROR]: [0mThis is a error message from thread 418-09-2026 00:29:33 [38;5;009m[ERROR]: [0mThis is a error message from thread 2918-09-2026 00:29:33 [38;5;015m[INFO]: [0mThis is a info message from thread 1018-09-2026 00:29:33 [38;5;117m[DEBUG]: [0mThis is a debug message from thread 418-09-2026 00:29:33 [38;5;117m[DEBUG]: [0mThis is a debug message from thread 2918-09-2026 00:29:33 [38;5;009m[ERROR]: [0mThis is a error message from thread 1018-09-2026 00:29:33 [38;5;015m[INFO]: [0mThis is a info message from thread 418-09-2026 00:29:33 [38;5;015m[INFO]: [0mThis is a info message from thread 518-09-2026 00:29:33 [38;5;009m[ERROR]: [0mThis is a error message from thread 818-09-2026 00:29:33 [38;5;015m[INFO]: [0mThis is a info message from thread 1418-09-2026 00:29:33 [38;5;015m[INFO]: [0mThis is a info message from thread 2918-09-2026 00:29:33 [38;5;009m[ERROR]: [0mThis is a error message from thread 1218-09-2026 00:29:33 [38;5;015m[INFO]: [0mThis is a info message from thread 1518-09-2026 00:29:33 [38;5;117m[DEBUG]: [0mThis is a debug message from thread 1018-09-2026 00:29:33 [38;5;009m[ERROR]: [0mThis is a error message from thread 2318-09-2026 00:29:33 [38;5;117m[DEBUG]: [0mThis is a debug message from thread 818-09-2026 00:29:33 [38;5;009m[ERROR]: [0mThis is a error message from thread 518-09-2026 00:29:33 [38;5;009m[ERROR]: [0mThis is a error message from thread 318-09-2026 00:29:33 [38;5;015m[INFO]: [0mThis is a info message from thread 1318-09-2026 00:29:33 [38;5;117m[DEBUG]: [0mThis is a debug message from thread 1818-09-2026 00:29:33 [38;5;117m[DEBUG]: [0mThis is a debug message from thread 2418-09-2026 00:29:33 [38;5;015m[INFO]: [0mThis is a info message from thread 1018-09-2026 00:29:33 [38;5;009m[ERROR]: [0mThis is a error message from thread 018-09-2026 00:29:33 [38;5;015m[INFO]: [0mThis is a info message from thread 1118-09-2026 00:29:33 [38;5;117m[DEBUG]: [0mThis is a debug message from thread 618-09-2026 00:29:33 [38;5;117m[DEBUG]: [0mThis is a debug message from thread 318-09-2026 00:29:33 [38;5;015m[INFO]: [0mThis is a info message from thread 818-09-2026 00:29:33 [38;5;117m[DEBUG]: [0mThis is a debug message from thread 018-09-2026 00:29:33 [38;5;015m[INFO]: [0mThis is a info message from thread 1818-09-2026 00:29:33 [38;5;009m[ERROR]: [0mThis is a error message from thread 1118-09-2026 00:29:33 [38;5;015m[INFO]: [0mThis is a info message from thread 2518-09-2026 00:29:33 [38;5;015m[INFO]: [0mThis is a info message from thread 318-09-2026 00:29:33 [38;5;015m[INFO]: [0mThis is a info message from thread 618-09-2026 00:29:33 [38;5;015m[INFO]: [0mThis is a info message from thread 2018-09-2026 00:29:33 [38;5;117m[DEBUG]: [0mThis is a debug message from thread 1118-09-2026 00:29:33 [38;5;009m[ERROR]: [0mThis is a error message from thread 2718-09-2026 00:29:33 [38;5;009m[ERROR]: [0mThis is a error message from thread 1818-09-2026 00:29:33 [38;5;009m[ERROR]: [0mThis is a error message from thread 1618-09-2026 00:29:33 [38;5;009m[ERROR]: [0mThis is a error message from thread 618-09-2026 00:29:33 [38;5;009m[ERROR]: [0mThis is a error message from thread 418-09-2026 00:29:33 [38;5;117m[DEBUG]: [0mThis is a debug message from thread 2118-09-2026 00:29:33 [38;5;009m[ERROR]: [0mThis is a error message from thread 2518-09-2026 00:29:33 [38;5;117m[DEBUG]: [0mThis is a debug message from thread 2718-09-2026 00:29:33 [38;5;009m[ERROR]: [0mThis is a error message from thread 2018-09-2026 00:29:33 [38;5;009m[ERROR]: [0mThis is a error message from thread 818-09-2026 00:29:33 [38;5;015m[INFO]: [0mThis is a info message from thread 2118-09-2026 00:29:33 [38;5;009m[ERROR]: [0mThis is a error message from thread 318-09-2026 00:29:33 [38;5;117m[DEBUG]: [0mThis is a debug message from thread 1818-09-2026 00:29:33 [38;5;117m[DEBUG]: [0mThis is a debug message from thread 2518-09-2026 00:29:33 [38;5;117m[DEBUG]: [0mThis is a debug message from thread 318-09-2026 00:29:33 [38;5;009m[ERROR]: [0mThis is a error message from thread 118-09-2026 00:29:33 [38;5;117m[DEBUG]: [0mThis is a debug message from thread 2018-09-2026 00:29:33 [38;5;009m[ERROR]: [0mThis is a error message from thread 2118-09-2026 00:29:33 [38;5;015m[INFO]: [0mThis is a info message from thread 1118-09-2026 00:29:33 [38;5;009m[ERROR]: [0mThis is a error message from thread 1318-09-2026 00:29:33 [38;5;015m[INFO]: [0mThis is a info message from thread 318-09-2026 00:29:33 [38;5;117m[DEBUG]: [0mThis is a debug message from thread 1618-09-2026 00:29:33 [38;5;015m[INFO]: [0mThis is a info message from thread 1818-09-2026 00:29:33 [38;5;015m[INFO]: [0mThis is a info message from thread 2418-09-2026 00:29:33 [38;5;009m[ERROR]: [0mThis is a error message from thread 1018-09-2026 00:29:33 [38;5;117m[DEBUG]: [0mThis is a debug message from thread 1218-09-2026 00:29:33 [38;5;117m[DEBUG]: [0mThis is a debug message from thread 418-09-2026 00:29:33 [38;5;015m[INFO]: [0mThis is a info message from thread 218-09-2026 00:29:33 [38;5;117m[DEBUG]: [0mThis is a debug message from thread 2118-09-2026 00:29:33 [38;5;009m[ERROR]: [0mThis is a error message from thread 1418-09-2026 00:29:33 [38;5;117m[DEBUG]: [0mThis is a debug message from thread 118-09-2026 00:29:33 [38;5;009m[ERROR]: [0mThis is a error message from thread 1118-09-2026 00:29:33 [38;5;009m[ERROR]: [0mThis is a error message from thread 318-09-2026 00:29:33 [38;5;009m[ERROR]: [0mThis is a error message from thread 2418-09-2026 00:29:33 [38;5;117m[DEBUG]: [0mThis is a debug message from thread 1418-09-2026 00:29:33 [38;5;015m[INFO]: [0mThis is a info message from thread 118-09-2026 00:29:33 [38;5;117m[DEBUG]: [0mThis is a debug message from thread 2218-09-2026 00:29:33 [38;5;015m[INFO]: [0mThis is a info message from thread 1918-09-2026 00:29:33 [38;5;009m[ERROR]: [0mThis is a error message from thread 1918-09-2026 00:29:33 [38;5;015m[INFO]: [0mThis is a info message from thread 2518-09-2026 00:29:33 [38;5;009m[ERROR]: [0mThis is a error message from thread 218-09-2026 00:29:33 [38;5;009m[ERROR]: [0mThis is a error message from thread 2518-09-2026 00:29:33 [38;5;015m[INFO]: [0mThis is a info message from thread 418-09-2026 00:29:33 [38;5;117m[DEBUG]: [0mThis is a debug message from thread 1318-09-2026 00:29:33 [38;5;015m[INFO]: [0mThis is a info message from thread 018-09-2026 00:29:33 [38;5;015m[INFO]: [0mThis is a info message from thread 1618-09-2026 00:29:33 [38;5;015m[INFO]: [0mThis is a info message from thread 1218-09-2026 00:29:33 [38;5;117m[DEBUG]: [0mThis is a debug message from thread 2618-09-2026 00:29:33 [38;5;117m[DEBUG]: [0mThis is a debug message from thread 1118-09-2026 00:29:33 [38;5;015m[INFO]: [0mThis is a info message from thread 1318-09-2026 00:29:33 [38;5;015m[INFO]: [0mThis is a info message from thread 2618-09-2026 00:29:33 [38;5;009m[ERROR]: [0mThis is a error message from thread 018-09-2026 00:29:33 [38;5;009m[ERROR]: [0mThis is a error message from thread 1218-09-2026 00:29:33 [38;5;015m[INFO]: [0mThis is a info message from thread 2718-09-2026 00:29:33 [38;5;117m[DEBUG]: [0mThis is a debug message from thread 2418-09-2026 00:29:33 [38;5;009m[ERROR]: [0mThis is a error message from thread 1318-09-2026 00:29:33 [38;5;009m[ERROR]: [0mThis is a error message from thread 2618-09-2026 00:29:33 [38;5;117m[DEBUG]: [0mThis is a debug message from thread 018-09-2026 00:29:33 [38;5;015m[INFO]: [0mThis is a info message from thread 1118-09-2026 00:29:33 [38;5;015m[INFO]: [0mThis is a info message from thread 918-09-2026 00:29:33 [38;5;009m[ERROR]: [0mThis is a error message from thread 2918-09-2026 00:29:33 [38;5;009m[ERROR]: [0mThis is a error message from thread 1118-09-2026 00:29:33 [38;5;015m[INFO]: [0mThis is a info message from thread 018-09-2026 00:29:33 [38;5;117m[DEBUG]: [0mThis is a debug message from thread 2918-09-2026 00:29:33 [38;5;117m[DEBUG]: [0mThis is a debug message from thread 1118-09-2026 00:29:33 [38;5;015m[INFO]: [0mThis is a info message from thread 1418-09-2026 00:29:33 [38;5;015m[INFO]: [0mThis is a info message from thread 2818-09-2026 00:29:33 [38;5;009m[ERROR]: [0mThis is a error message from thread 918-09-2026 00:29:33 [38;5;009m[ERROR]: [0mThis is a error message from thread 1418-09-2026 00:29:33 [38;5;009m[ERROR]: [0mThis is a error message from thread 2818-09-2026 00:29:33 [38;5;117m[DEBUG]: [0mThis is a debug message from thread 918-09-2026 00:29:33 [38;5;015m[INFO]: [0mThis is a info message from thread 2918-09-2026 00:29:33 [38;5;117m[DEBUG]: [0mThis is a debug message from thread 1018-09-2026 00:29:33 [38;5;015m[INFO]: [0mThis is a info message from thread 1118-09-2026 00:29:33 [38;5;015m[INFO]: [0mThis is a info message from thread 918-09-2026 00:29:33 [38;5;117m[DEBUG]: [0mThis is a debug message from thread 2518-09-2026 00:29:33 [38;5;117m[DEBUG]: [0mThis is a debug message from thread 2818-09-2026 00:29:33 [38;5;009m[ERROR]: [0mThis is a error message from thread 918-09-2026 00:29:33 [38;5;015m[INFO]: [0mThis is a info message from thread 2518-09-2026 00:29:33 [38;5;015m[INFO]: [0mThis is a info message from thread 2818-09-2026 00:29:33 [38;5;009m[ERROR]: [0mThis is a error message from thread 1118-09-2026 00:29:33 [38;5;009m[ERROR]: [0mThis is a error message from thread 2918-09-2026 00:29:33 [38;5;009m[ERROR]: [0mThis is a error message from thread 018-09-2026 00:29:33 [38;5;117m[DEBUG]: [0mThis is a debug message from thread 918-09-2026 00:29:33 [38;5;117m[DEBUG]: [0mThis is a debug message from thread 618-09-2026 00:29:33 [38;5;009m[ERROR]: [0mThis is a error message from thread 2518-09-2026 00:29:33 [38;5;015m[INFO]: [0mThis is a info message from thread 918-09-2026 00:29:33 [38;5;117m[DEBUG]: [0mThis is a debug message from thread 2518-09-2026 00:29:33 [38;5;117m[DEBUG]: [0mThis is a debug message from thread 1118-09-2026 00:29:33 [38;5;015m[INFO]: [0mThis is a info message from thread 618-09-2026 00:29:33 [38;5;117m[DEBUG]: [0mThis is a debug message from thread 018-09-2026 00:29:33 [38;5;015m[INFO]: [0mThis is a info message from thread 2518-09-2026 00:29:33 [38;5;009m[ERROR]: [0mThis is a error message from thread 918-09-2026 00:29:33 [38;5;009m[ERROR]: [0mThis is a error message from thread 118-09-2026 00:29:33 [38;5;015m[INFO]: [0mThis is a info message from thread 2218-09-2026 00:29:33 [38;5;015m[INFO]: [0mThis is a info message from thread 1118-09-2026 00:29:33 [38;5;117m[DEBUG]: [0mThis is a debug message from thread 218-09-2026 00:29:33 [38;5;015m[INFO]: [0mThis is a info message from thread 018-09-2026 00:29:33 [38;5;009m[ERROR]: [0mThis is a error message from thread 2218-09-2026 00:29:33 [38;5;117m[DEBUG]: [0mThis is a debug message from thread 2318-09-2026 00:29:33 [38;5;117m[DEBUG]: [0mThis is a debug message from thread 2218-09-2026 00:29:33 [38;5;117m[DEBUG]: [0mThis is a debug message from thread 818-09-2026 00:29:33 [38;5;015m[INFO]: [0mThis is a info message from thread 718-09-2026 00:29:33 [38;5;009m[ERROR]: [0mThis is a error message from thread 1718-09-2026 00:29:33 [38;5;015m[INFO]: [0mThis is a info message from thread 818-09-2026 00:29:33 [38;5;117m[DEBUG]: [0mThis is a debug message from thread 118-09-2026 00:29:33 [38;5;015m[INFO]: [0mThis is a info message from thread 218-09-2026 00:29:33 [38;5;015m[INFO]: [0mThis is a info message from thread 2318-09-2026 00:29:33 [38;5;009m[ERROR]: [0mThis is a error message from thread 218-09-2026 00:29:33 [38;5;009m[ERROR]: [0mThis is a error message from thread 1818-09-2026 00:29:33 [38;5;015m[INFO]: [0mThis is a info message from thread 2118-09-2026 00:29:33 [38;5;009m[ERROR]: [0mThis is a error message from thread 2718-09-2026 00:29:33 [38;5;117m[DEBUG]: [0mThis is a debug message from thread 1218-09-2026 00:29:33 [38;5;015m[INFO]: [0mThis is a info message from thread 1018-09-2026 00:29:33 [38;5;009m[ERROR]: [0mThis is a error message from thread 2318-09-2026 00:29:33 [38;5;009m[ERROR]: [0mThis is a error message from thread 1518-09-2026 00:29:33 [38;5;009m[ERROR]: [0mThis is a error message from thread 818-09-2026 00:29:33 [38;5;117m[DEBUG]: [0mThis is a debug message from thread 2618-09-2026 00:29:33 [38;5;015m[INFO]: [0mThis is a info message from thread 2218-09-2026 00:29:33 [38;5;015m[INFO]: [0mThis is a info message from thread 1218-09-2026 00:29:33 [38;5;009m[ERROR]: [0mThis is a error message from thread 2818-09-2026 00:29:33 [38;5;117m[DEBUG]: [0mThis is a debug message from thread 818-09-2026 00:29:33 [38;5;117m[DEBUG]: [0mThis is a debug message from thread 2918-09-2026 00:29:33 [38;5;009m[ERROR]: [0mThis is a error message from thread 1618-09-2026 00:29:33 [38;5;009m[ERROR]: [0mThis is a error message from thread 1018-09-2026 00:29:33 [38;5;117m[DEBUG]: [0mThis is a debug message from thread 1418-09-2026 00:29:33 [38;5;009m[ERROR]: [0mThis is a error message from thread 1118-09-2026 00:29:33 [38;5;117m[DEBUG]: [0mThis is a debug message from thread 1718-09-2026 00:29:33 [38;5;015m[INFO]: [0mThis is a info message from thread 818-09-2026 00:29:33 [38;5;015m[INFO]: [0mThis is a info message from thread 118-09-2026 00:29:33 [38;5;117m[DEBUG]: [0mThis is a debug message from thread 2318-09-2026 00:29:33 [38;5;009m[ERROR]: [0mThis is a error message from thread 418-09-2026 00:29:33 [38;5;015m[INFO]: [0mThis is a info message from thread 1718-09-2026 00:29:33 [38;5;117m[DEBUG]: [0mThis is a debug message from thread 1918-09-2026 00:29:33 [38;5;009m[ERROR]: [0mThis is a error message from thread 718-09-2026 00:29:33 [38;5;117m[DEBUG]: [0mThis is a debug message from thread 1018-09-2026 00:29:33 [38;5;009m[ERROR]: [0mThis is a error message from thread 818-09-2026 00:29:33 [38;5;009m[ERROR]: [0mThis is a error message from thread 618-09-2026 00:29:33 [38;5;117m[DEBUG]: [0mThis is a debug message from thread 718-09-2026 00:29:33 [38;5;015m[INFO]: [0mThis is a info message from thread 1918-09-2026 00:29:33 [38;5;009m[ERROR]: [0mThis is a error message from thread 118-09-2026 00:29:33 [38;5;117m[DEBUG]: [0mThis is a debug message from thread 1618-09-2026 00:29:33 [38;5;009m[ERROR]: [0mThis is a error message from thread 1918-09-2026 00:29:33 [38;5;117m[DEBUG]: [0mThis is a debug message from thread 918-09-2026 00:29:33 [38;5;015m[INFO]: [0mThis is a info message from thread 918-09-2026 00:29:33 [38;5;117m[DEBUG]: [0mThis is a debug message from thread 1918-09-2026 00:29:33 [38;5;015m[INFO]: [0mThis is a info message from thread 2418-09-2026 00:29:33 [38;5;009m[ERROR]: [0mThis is a error message from thread 2118-09-2026 00:29:33 [38;5;009m[ERROR]: [0mThis is a error message from thread 018-09-2026 00:29:33 [38;5;015m[INFO]: [0mThis is a info message from thread 2918-09-2026 00:29:33 [38;5;117m[DEBUG]: [0mThis is a debug message from thread 818-09-2026 00:29:33 [38;5;009m[ERROR]: [0mThis is a error message from thread 2418-09-2026 00:29:33 [38;5;015m[INFO]: [0mThis is a info message from thread 2018-09-2026 00:29:33 [38;5;015m[INFO]: [0mThis is a info message from thread 1018-09-2026 00:29:33 [38;5;015m[INFO]: [0mThis is a info message from thread 818-09-2026 00:29:33 [38;5;009m[ERROR]: [0mThis is a error message from thread 818-09-2026 00:29:33 [38;5;009m[ERROR]: [0mThis is a error message from thread 2018-09-2026 00:29:33 [38;5;009m[ERROR]: [0mThis is a error message from thread 2518-09-2026 00:29:33 [38;5;117m[DEBUG]: [0mThis is a debug message from thread 2118-09-2026 00:29:33 [38;5;117m[DEBUG]: [0mThis is a debug message from thread 2018-09-2026 00:29:33 [38;5;117m[DEBUG]: [0mThis is a debug message from thread 218-09-2026 00:29:33 [38;5;009m[ERROR]: [0mThis is a error message from thread 1018-09-2026 00:29:33 [38;5;117m[DEBUG]: [0mThis is a debug message from thread 318-09-2026 00:29:33 [38;5;117m[DEBUG]: [0mThis is a debug message from thread 418-09-2026 00:29:33 [38;5;117m[DEBUG]: [0mThis is a debug message from thread 2518-09-2026 00:29:33 [38;5;117m[DEBUG]: [0mThis is a debug message from thread 1318-09-2026 00:29:33 [38;5;117m[DEBUG]: [0mThis is a debug message from thread 518-09-2026 00:29:33 [38;5;009m[ERROR]: [0mThis is a error message from thread 2218-09-2026 00:29:33 [38;5;015m[INFO]: [0mThis is a info message from thread 1318-09-2026 00:29:33 [38;5;117m[DEBUG]: [0mThis is a debug message from thread 2718-09-2026 00:29:33 [38;5;015m[INFO]: [0mThis is a info message from thread 518-09-2026 00:29:33 [38;5;117m[DEBUG]: [0mThis is a debug message from thread 618-09-2026 00:29:33 [38;5;015m[INFO]: [0mThis is a info message from thread 1618-09-2026 00:29:33 [38;5;015m[INFO]: [0mThis is a info message from thread 1418-09-2026 00:29:33 [38;5;009m[ERROR]: [0mThis is a error message from thread 1618-09-2026 00:29:33 [38;5;015m[INFO]: [0mThis is a info message from thread 2118-09-2026 00:29:33 [38;5;117m[DEBUG]: [0mThis is a debug message from thread 1018-09-2026 00:29:33 [38;5;015m[INFO]: [0mThis is a info message from thread 2718-09-2026 00:29:33 [38;5;117m[DEBUG]: [0mThis is a debug message from thread 2818-09-2026 00:29:33 [38;5;015m[INFO]: [0mThis is a info message from thread 2618-09-2026 00:29:33 [38;5;015m[INFO]: [0mThis is a info message from thread 1018-09-2026 00:29:33 [38;5;015m[INFO]: [0mThis is a info message from thread 718-09-2026 00:29:33 [38;5;117m[DEBUG]: [0mThis is a debug message from thread 118-09-2026 00:29:33 [38;5;009m[ERROR]: [0mThis is a error message from thread 1718-09-2026 00:29:33 [38;5;009m[ERROR]: [0mThis is a error message from thread 718-09-2026 00:29:33 [38;5;015m[INFO]: [0mThis is a info message from thread 418-09-2026 00:29:33 [38;5;117m[DEBUG]: [0mThis is a debug message from thread 718-09-2026 00:29:33 [38;5;009m[ERROR]: [0mThis is a error message from thread 918-09-2026 00:29:33 [38;5;009m[ERROR]: [0mThis is a error message from thread 2918-09-2026 00:29:33 [38;5;015m[INFO]: [0mThis is a info message from thread 718-09-2026 00:29:33 [38;5;117m[DEBUG]: [0mThis is a debug message from thread 1118-09-2026 00:29:33 [38;5;015m[INFO]: [0mThis is a info message from thread 618-09-2026 00:29:33 [38;5;009m[ERROR]: [0mThis is a error message from thread 1318-09-2026 00:29:33 [38;5;117m[DEBUG]: [0mThis is a debug message from thread 2418-09-2026 00:29:33 [38;5;015m[INFO]: [0mThis is a info message from thread 2318-09-2026 00:29:33 [38;5;117m[DEBUG]: [0mThis is a debug message from thread 918-09-2026 00:29:33 [38;5;009m[ERROR]: [0mThis is a error message from thread 2618-09-2026 00:29:33 [38;5;117m[DEBUG]: [0mThis is a debug message from thread 818-09-2026 00:29:33 [38;5;117m[DEBUG]: [0mThis is a debug message from thread 1318-09-2026 00:29:33 [38;5;015m[INFO]: [0mThis is a info message from thread 2018-09-2026 00:29:33 [38;5;015m[INFO]: [0mThis is a info message from thread 1118-09-2026 00:29:33 [38;5;117m[DEBUG]: [0mThis is a debug message from thread 1518-09-2026 00:29:33 [38;5;009m[ERROR]: [0mThis is a error message from thread 1018-09-2026 00:29:33 [38;5;009m[ERROR]: [0mThis is a error message from thread 518-09-2026 00:29:33 [38;5;009m[ERROR]: [0mThis is a error message from thread 2018-09-2026 00:29:33 [38;5;117m[DEBUG]: [0mThis is a debug message from thread 2618-09-2026 00:29:33 [38;5;015m[INFO]: [0mThis is a info message from thread 2618-09-2026 00:29:33 [38;5;015m[INFO]: [0mThis is a info message from thread 118-09-2026 00:29:33 [38;5;009m[ERROR]: [0mThis is a error message from thread 618-09-2026 00:29:33 [38;5;117m[DEBUG]: [0mThis is a debug message from thread 2018-09-2026 00:29:33 [38;5;015m[INFO]: [0mThis is a info message from thread 2818-09-2026 00:29:33 [38;5;015m[INFO]: [0mThis is a info message from thread 1518-09-2026 00:29:33 [38;5;015m[INFO]: [0mThis is a info message from thread 2518-09-2026 00:29:33 [38;5;009m[ERROR]: [0mThis is a error message from thread 418-09-2026 00:29:33 [38;5;015m[INFO]: [0mThis is a info message from thread 918-09-2026 00:29:33 [38;5;009m[ERROR]: [0mThis is a error message from thread 1418-09-2026 00:29:33 [38;5;009m[ERROR]: [0mThis is a error message from thread 1518-09-2026 00:29:33 [38;5;117m[DEBUG]: [0mThis is a debug message from thread 1718-09-2026 00:29:33 [38;5;117m[DEBUG]: [0mThis is a debug message from thread 1518-09-2026 00:29:33 [38;5;015m[INFO]: [0mThis is a info message from thread 2018-09-2026 00:29:33 [38;5;015m[INFO]: [0mThis is a info message from thread 2418-09-2026 00:29:33 [38;5;009m[ERROR]: [0mThis is a error message from thread 2018-09-2026 00:29:33 [38;5;015m[INFO]: [0mThis is a info message from thread 1518-09-2026 00:29:33 [38;5;009m[ERROR]: [0mThis is a error message from thread 2118-09-2026 00:29:33 [38;5;117m[DEBUG]: [0mThis is a debug message from thread 618-09-2026 00:29:33 [38;5;009m[ERROR]: [0mThis is a error message from thread 2618-09-2026 00:29:33 [38;5;015m[INFO]: [0mThis is a info message from thread 818-09-2026 00:29:33 [38;5;117m[DEBUG]: [0mThis is a debug message from thread 2618-09-2026 00:29:33 [38;5;015m[INFO]: [0mThis is a info message from thread 618-09-2026 00:29:33 [38;5;117m[DEBUG]: [0mThis is a debug message from thread 2018-09-2026 00:29:33 [38;5;009m[ERROR]: [0mThis is a error message from thread 2818-09-2026 00:29:33 [38;5;009m[ERROR]: [0mThis is a error message from thread 2718-09-2026 00:29:33 [38;5;009m[ERROR]: [0mThis is a error message from thread 618-09-2026 00:29:33 [38;5;015m[INFO]: [0mThis is a info message from thread 1918-09-2026 00:29:33 [38;5;117m[DEBUG]: [0mThis is a debug message from thread 2818-09-2026 00:29:33 [38;5;009m[ERROR]: [0mThis is a error message from thread 1918-09-2026 00:29:33 [38;5;117m[DEBUG]: [0mThis is a debug message from thread 1618-09-2026 00:29:33 [38;5;117m[DEBUG]: [0mThis is a debug message from thread 2118-09-2026 00:29:33 [38;5;015m[INFO]: [0mThis is a info message from thread 1618-09-2026 00:29:33 [38;5;117m[DEBUG]: [0mThis is a debug message from thread 018-09-2026 00:29:33 [38;5;015m[INFO]: [0mThis is a info message from thread 2018-09-2026 00:29:33 [38;5;015m[INFO]: [0mThis is a info message from thread 2118-09-2026 00:29:33 [38;5;117m[DEBUG]: [0mThis is a debug message from thread 618-09-2026 00:29:33 [38;5;117m[DEBUG]: [0mThis is a debug message from thread 1418-09-2026 00:29:33 [38;5;015m[INFO]: [0mThis is a info message from thread 2618-09-2026 00:29:33 [38;5;009m[ERROR]: [0mThis is a error message from thread 2018-09-2026 00:29:33 [38;5;015m[INFO]: [0mThis is a info message from thread 018-09-2026 00:29:33 [38;5;009m[ERROR]: [0mThis is a error message from thread 018-09-2026 00:29:33 [38;5;015m[INFO]: [0mThis is a info message from thread 318-09-2026 00:29:33 [38;5;009m[ERROR]: [0mThis is a error message from thread 2318-09-2026 00:29:33 [38;5;015m[INFO]: [0mThis is a info message from thread 2818-09-2026 00:29:33 [38;5;117m[DEBUG]: [0mThis is a debug message from thread 2718-09-2026 00:29:33 [38;5;117m[DEBUG]: [0mThis is a debug message from thread 2918-09-2026 00:29:33 [38;5;009m[ERROR]: [0mThis is a error message from thread 718-09-2026 00:29:33 [38;5;009m[ERROR]: [0mThis is a error message from thread 318-09-2026 00:29:33 [38;5;009m[ERROR]: [0mThis is a error message from thread 2618-09-2026 00:29:33 [38;5;117m[DEBUG]: [0mThis is a debug message from thread 2018-09-2026 00:29:33 [38;5;009m[ERROR]: [0mThis is a error message from thread 2818-09-2026 00:29:33 [38;5;117m[DEBUG]: [0mThis is a debug message from thread 2218-09-2026 00:29:33 [38;5;117m[DEBUG]: [0mThis is a debug message from thread 1818-09-2026 00:29:33 [38;5;117m[DEBUG]: [0mThis is a debug message from thread 718-09-2026 00:29:33 [38;5;015m[INFO]: [0mThis is a info message from thread 2718-09-2026 00:29:33 [38;5;009m[ERROR]: [0mThis is a error message from thread 2518-09-2026 00:29:33 [38;5;015m[INFO]: [0mThis is a info message from thread 1818-09-2026 00:29:33 [38;5;117m[DEBUG]: [0mThis is a debug message from thread 2618-09-2026 00:29:33 [38;5;015m[INFO]: [0mThis is a info message from thread 218-09-2026 00:29:33 [38;5;015m[INFO]: [0mThis is a info message from thread 718-09-2026 00:29:33 [38;5;009m[ERROR]: [0mThis is a error message from thread 2718-09-2026 00:29:33 [38;5;009m[ERROR]: [0mThis is a error message from thread 1818-09-2026 00:29:33 [38;5;015m[INFO]: [0mThis is a info message from thread 2618-09-2026 00:29:33 [38;5;009m[ERROR]: [0mThis is a error message from thread 218-09-2026 00:29:33 [38;5;009m[ERROR]: [0mThis is a error message from thread 1118-09-2026 00:29:33 [38;5;009m[ERROR]: [0mThis is a error message from thread 2618-09-2026 00:29:33 [38;5;015m[INFO]: [0mThis is a info message from thread 618-09-2026 00:29:33 [38;5;117m[DEBUG]: [0mThis is a debug message from thread 1018-09-2026 00:29:33 [38;5;009m[ERROR]: [0mThis is a error message from thread 618-09-2026 00:29:33 [38;5;117m[DEBUG]: [0mThis is a debug message from thread 018-09-2026 00:29:33 [38;5;117m[DEBUG]: [0mThis is a debug message from thread 2618-09-2026 00:29:33 [38;5;015m[INFO]: [0mThis is a info message from thread 018-09-2026 00:29:33 [38;5;015m[INFO]: [0mThis is a info message from thread 2618-09-2026 00:29:33 [38;5;015m[INFO]: [0mThis is a info message from thread 1718-09-2026 00:29:33 [38;5;117m[DEBUG]: [0mThis is a debug message from thread 618-09-2026 00:29:33 [38;5;015m[INFO]: [0mThis is a info message from thread 1018-09-2026 00:29:33 [38;5;009m[ERROR]: [0mThis is a error message from thread 018-09-2026 00:29:33 [38;5;009m[ERROR]: [0mThis is a error message from thread 2618-09-2026 00:29:33 [38;5;015m[INFO]: [0mThis is a info message from thread 618-09-2026 00:29:33 [38;5;009m[ERROR]: [0mThis is a error message from thread 1018-09-2026 00:29:33 [38;5;009m[ERROR]: [0mThis is a error message from thread 618-09-2026 00:29:33 [38;5;009m[ERROR]: [0mThis is a error message from thread 2418-09-2026 00:29:33 [38;5;009m[ERROR]: [0mThis is a error message from thread 818-09-2026 00:29:33 [38;5;117m[DEBUG]: [0mThis is a debug message from thread 1018-09-2026 00:29:33 [38;5;117m[DEBUG]: [0mThis is a debug message from thread 1918-09-2026 00:29:33 [38;5;015m[INFO]: [0mThis is a info message from thread 1018-09-2026 00:29:33 [38;5;117m[DEBUG]: [0mThis is a debug message from thread 618-09-2026 00:29:33 [38;5;015m[INFO]: [0mThis is a info message from thread 1918-09-2026 00:29:33 [38;5;015m[INFO]: [0mThis is a info message from thread 618-09-2026 00:29:33 [38;5;117m[DEBUG]: [0mThis is a debug message from thread 2418-09-2026 00:29:33 [38;5;117m[DEBUG]: [0mThis is a debug message from thread 518-09-2026 00:29:33 [38;5;009m[ERROR]: [0mThis is a error message from thread 1018-09-2026 00:29:33 [38;5;009m[ERROR]: [0mThis is a error message from thread 618-09-2026 00:29:33 [38;5;015m[INFO]: [0mThis is a info message from thread 518-09-2026 00:29:33 [38;5;009m[ERROR]: [0mThis is a error message from thread 1618-09-2026 00:29:33 [38;5;009m[ERROR]: [0mThis is a error message from thread 518-09-2026 00:29:33 [38;5;117m[DEBUG]: [0mThis is a debug message from thread 618-09-2026 00:29:33 [38;5;117m[DEBUG]: [0mThis is a debug message from thread 818-09-2026 00:29:33 [38;5;015m[INFO]: [0mThis is a info message from thread 2418-09-2026 00:29:33 [38;5;117m[DEBUG]: [0mThis is a debug message from thread 1618-09-2026 00:29:33 [38;5;117m[DEBUG]: [0mThis is a debug message from thread 2518-09-2026 00:29:33 [38;5;015m[INFO]: [0mThis is a info message from thread 1318-09-2026 00:29:33 [38;5;009m[ERROR]: [0mThis is a error message from thread 2418-09-2026 00:29:33 [38;5;015m[INFO]: [0mThis is a info message from thread 2518-09-2026 00:29:33 [38;5;117m[DEBUG]: [0mThis is a debug message from thread 318-09-2026 00:29:33 [38;5;009m[ERROR]: [0mThis is a error message from thread 718-09-2026 00:29:33 [38;5;117m[DEBUG]: [0mThis is a debug message from thread 2318-09-2026 00:29:33 [38;5;117m[DEBUG]: [0mThis is a debug message from thread 2418-09-2026 00:29:33 [38;5;117m[DEBUG]: [0mThis is a debug message from thread 1118-09-2026 00:29:33 [38;5;117m[DEBUG]: [0mThis is a debug message from thread 2718-09-2026 00:29:33 [38;5;015m[INFO]: [0mThis is a info message from thread 618-09-2026 00:29:33 [38;5;015m[INFO]: [0mThis is a info message from thread 2418-09-2026 00:29:33 [38;5;009m[ERROR]: [0mThis is a error message from thread 918-09-2026 00:29:33 [38;5;009m[ERROR]: [0mThis is a error message from thread 2118-09-2026 00:29:33 [38;5;117m[DEBUG]: [0mThis is a debug message from thread 518-09-2026 00:29:33 [38;5;015m[INFO]: [0mThis is a info message from thread 2718-09-2026 00:29:33 [38;5;117m[DEBUG]: [0mThis is a debug message from thread 2618-09-2026 00:29:33 [38;5;009m[ERROR]: [0mThis is a error message from thread 1918-09-2026 00:29:33 [38;5;009m[ERROR]: [0mThis is a error message from thread 1718-09-2026 00:29:33 [38;5;015m[INFO]: [0mThis is a info message from thread 2618-09-2026 00:29:33 [38;5;015m[INFO]: [0mThis is a info message from thread 818-09-2026 00:29:33 [38;5;015m[INFO]: [0mThis is a info message from thread 2018-09-2026 00:29:33 [38;5;015m[INFO]: [0mThis is a info message from thread 2318-09-2026 00:29:33 [38;5;117m[DEBUG]: [0mThis is a debug message from thread 418-09-2026 00:29:33 [38;5;117m[DEBUG]: [0mThis is a debug message from thread 1018-09-2026 00:29:33 [38;5;015m[INFO]: [0mThis is a info message from thread 1118-09-2026 00:29:33 [38;5;117m[DEBUG]: [0mThis is a debug message from thread 1718-09-2026 00:29:33 [38;5;015m[INFO]: [0mThis is a info message from thread 1618-09-2026 00:29:33 [38;5;009m[ERROR]: [0mThis is a error message from thread 2718-09-2026 00:29:33 [38;5;117m[DEBUG]: [0mThis is a debug message from thread 718-09-2026 00:29:33 [38;5;009m[ERROR]: [0mThis is a error message from thread 1318-09-2026 00:29:33 [38;5;009m[ERROR]: [0mThis is a error message from thread 618-09-2026 00:29:33 [38;5;015m[INFO]: [0mThis is a info message from thread 518-09-2026 00:29:33 [38;5;009m[ERROR]: [0mThis is a error message from thread 1618-09-2026 00:29:33 [38;5;009m[ERROR]: [0mThis is a error message from thread 818-09-2026 00:29:33 [38;5;009m[ERROR]: [0mThis is a error message from thread 118-09-2026 00:29:33 [38;5;009m[ERROR]: [0mThis is a error message from thread 2618-09-2026 00:29:33 [38;5;117m[DEBUG]: [0mThis is a debug message from thread 818-09-2026 00:29:33 [38;5;015m[INFO]: [0mThis is a info message from thread 1418-09-2026 00:29:33 [38;5;015m[INFO]: [0mThis is a info message from thread 1718-09-2026 00:29:33 [38;5;015m[INFO]: [0mThis is a info message from thread 1018-09-2026 00:29:33 [38;5;117m[DEBUG]: [0mThis is a debug message from thread 618-09-2026 00:29:33 [38;5;009m[ERROR]: [0mThis is a error message from thread 2318-09-2026 00:29:33 [38;5;009m[ERROR]: [0mThis is a error message from thread 1418-09-2026 00:29:33 [38;5;117m[DEBUG]: [0mThis is a debug message from thread 2718-09-2026 00:29:33 [38;5;117m[DEBUG]: [0mThis is a debug message from thread 118-09-2026 00:29:33 [38;5;009m[ERROR]: [0mThis is a error message from thread 1118-09-2026 00:29:33 [38;5;117m[DEBUG]: [0mThis is a debug message from thread 1418-09-2026 00:29:33 [38;5;117m[DEBUG]: [0mThis is a debug message from thread 018-09-2026 00:29:33 [38;5;015m[INFO]: [0mThis is a info message from thread 818-09-2026 00:29:33 [38;5;015m[INFO]: [0mThis is a info message from thread 318-09-2026 00:29:33 [38;5;009m[ERROR]: [0mThis is a error message from thread 1718-09-2026 00:29:33 [38;5;117m[DEBUG]: [0mThis is a debug message from thread 1618-09-2026 00:29:33 [38;5;117m[DEBUG]: [0mThis is a debug message from thread 1818-09-2026 00:29:33 [38;5;009m[ERROR]: [0mThis is a error message from thread 2418-09-2026 00:29:33 [38;5;117m[DEBUG]: [0mThis is a debug message from thread 2118-09-2026 00:29:33 [38;5;015m[INFO]: [0mThis is a info message from thread 018-09-2026 00:29:33 [38;5;009m[ERROR]: [0mThis is a error message from thread 1018-09-2026 00:29:33 [38;5;009m[ERROR]: [0mThis is a error message from thread 1218-09-2026 00:29:33 [38;5;117m[DEBUG]: [0mThis is a debug message from thread 218-09-2026 00:29:33 [38;5;117m[DEBUG]: [0mThis is a debug message from thread 2818-09-2026 00:29:33 [38;5;009m[ERROR]: [0mThis is a error message from thread 2518-09-2026 00:29:33 [38;5;015m[INFO]: [0mThis is a info message from thread 1818-09-2026 00:29:33 [38;5;015m[INFO]: [0mThis is a info message from thread 1418-09-2026 00:29:33 [38;5;117m[DEBUG]: [0mThis is a debug message from thread 2618-09-2026 00:29:33 [38;5;015m[INFO]: [0mThis is a info message from thread 218-09-2026 00:29:33 [38;5;009m[ERROR]: [0mThis is a error message from thread 818-09-2026 00:29:33 [38;5;117m[DEBUG]: [0mThis is a debug message from thread 1318-09-2026 00:29:33 [38;5;009m[ERROR]: [0mThis is a error message from thread 218-09-2026 00:29:33 [38;5;117m[DEBUG]: [0mThis is a debug message from thread 1118-09-2026 00:29:33 [38;5;117m[DEBUG]: [0mThis is a debug message from thread 218-09-2026 00:29:33 [38;5;009m[ERROR]: [0mThis is a error message from thread 1818-09-2026 00:29:33 [38;5;015m[INFO]: [0mThis is a info message from thread 2718-09-2026 00:29:33 [38;5;015m[INFO]: [0mThis is a info message from thread 1318-09-2026 00:29:33 [38;5;009m[ERROR]: [0mThis is a error message from thread 318-09-2026 00:29:33 [38;5;117m[DEBUG]: [0mThis is a debug message from thread 1918-09-2026 00:29:33 [38;5;117m[DEBUG]: [0mThis is a debug message from thread 2418-09-2026 00:29:33 [38;5;009m[ERROR]: [0mThis is a error message from thread 1518-09-2026 00:29:33 [38;5;015m[INFO]: [0mThis is a info message from thread 1618-09-2026 00:29:33 [38;5;015m[INFO]: [0mThis is a info message from thread 2618-09-2026 00:29:33 [38;5;009m[ERROR]: [0mThis is a error message from thread 1618-09-2026 00:29:33 [38;5;015m[INFO]: [0mThis is a info message from thread 418-09-2026 00:29:33 [38;5;117m[DEBUG]: [0mThis is a debug message from thread 2518-09-2026 00:29:33 [38;5;009m[ERROR]: [0mThis is a error message from thread 018-09-2026 00:29:33 [38;5;117m[DEBUG]: [0mThis is a debug message from thread 818-09-2026 00:29:33 [38;5;009m[ERROR]: [0mThis is a error message from thread 418-09-2026 00:29:33 [38;5;117m[DEBUG]: [0mThis is a debug message from thread 2318-09-2026 00:29:33 [38;5;009m[ERROR]: [0mThis is a error message from thread 2718-09-2026 00:29:33 [38;5;009m[ERROR]: [0mThis is a error message from thread 518-09-2026 00:29:33 [38;5;117m[DEBUG]: [0mThis is a debug message from thread 018-09-2026 00:29:33 [38;5;015m[INFO]: [0mThis is a info message from thread 2218-09-2026 00:29:33 [38;5;015m[INFO]: [0mThis is a info message from thread 2818-09-2026 00:29:33 [38;5;009m[ERROR]: [0mThis is a error message from thread 2618-09-2026 00:29:33 [38;5;117m[DEBUG]: [0mThis is a debug message from thread 1618-09-2026 00:29:33 [38;5;015m[INFO]: [0mThis is a info message from thread 2918-09-2026 00:29:33 [38;5;117m[DEBUG]: [0mThis is a debug message from thread 518-09-2026 00:29:33 [38;5;009m[ERROR]: [0mThis is a error message from thread 2018-09-2026 00:29:33 [38;5;015m[INFO]: [0mThis is a info message from thread 1918-09-2026 00:29:33 [38;5;117m[DEBUG]: [0mThis is a debug message from thread 1218-09-2026 00:29:33 [38;5;117m[DEBUG]: [0mThis is a debug message from thread 2718-09-2026 00:29:33 [38;5;117m[DEBUG]: [0mThis is a debug message from thread 418-09-2026 00:29:33 [38;5;015m[INFO]: [0mThis is a info message from thread 2518-09-2026 00:29:33 [38;5;015m[INFO]: [0mThis is a info message from thread 1618-09-2026 00:29:33 [38;5;009m[ERROR]: [0mThis is a error message from thread 1418-09-2026 00:29:33 [38;5;117m[DEBUG]: [0mThis is a debug message from thread 1718-09-2026 00:29:33 [38;5;117m[DEBUG]: [0mThis is a debug message from thread 318-09-2026 00:29:33 [38;5;015m[INFO]: [0mThis is a info message from thread 1218-09-2026 00:29:33 [38;5;015m[INFO]: [0mThis is a info message from thread 718-09-2026 00:29:33 [38;5;015m[INFO]: [0mThis is a info message from thread 1718-09-2026 00:29:33 [38;5;117m[DEBUG]: [0mThis is a debug message from thread 918-09-2026 00:29:33 [38;5;009m[ERROR]: [0mThis is a error message from thread 718-09-2026 00:29:33 [38;5;009m[ERROR]: [0mThis is a error message from thread 2818-09-2026 00:29:33 [38;5;015m[INFO]: [0mThis is a info message from thread 2318-09-2026 00:29:33 [38;5;015m[INFO]: [0mThis is a info message from thread 218-09-2026 00:29:33 [38;5;015m[INFO]: [0mThis is a info message from thread 2418-09-2026 00:29:33 [38;5;009m[ERROR]: [0mThis is a error message from thread 218-09-2026 00:29:33 [38;5;009m[ERROR]: [0mThis is a error message from thread 1718-09-2026 00:29:33 [38;5;009m[ERROR]: [0mThis is a error message from thread 1918-09-2026 00:29:33 [38;5;117m[DEBUG]: [0mThis is a debug message from thread 1718-09-2026 00:29:33 [38;5;117m[DEBUG]: [0mThis is a debug message from thread 1918-09-2026 00:29:33 [38;5;009m[ERROR]: [0mThis is a error message from thread 2418-09-2026 00:29:33 [38;5;015m[INFO]: [0mThis is a info message from thread 018-09-2026 00:29:33 [38;5;015m[INFO]: [0mThis is a info message from thread 1718-09-2026 00:29:33 [38;5;117m[DEBUG]: [0mThis is a debug message from thread 2818-09-2026 00:29:33 [38;5;009m[ERROR]: [0mThis is a error message from thread 018-09-2026 00:29:33 [38;5;009m[ERROR]: [0mThis is a error message from thread 1718-09-2026 00:29:33 [38;5;009m[ERROR]: [0mThis is a error message from thread 2218-09-2026 00:29:33 [38;5;015m[INFO]: [0mThis is a info message from thread 2718-09-2026 00:29:33 [38;5;009m[ERROR]: [0mThis is a error message from thread 1318-09-2026 00:29:33 [38;5;015m[INFO]: [0mThis is a info message from thread 2118-09-2026 00:29:33 [38;5;117m[DEBUG]: [0mThis is a debug message from thread 2218-09-2026 00:29:33 [38;5;015m[INFO]: [0mThis is a info message from thread 2818-09-2026 00:29:33 [38;5;117m[DEBUG]: [0mThis is a debug message from thread 018-09-2026 00:29:33 [38;5;117m[DEBUG]: [0mThis is a debug message from thread 1718-09-2026 00:29:33 [38;5;009m[ERROR]: [0mThis is a error message from thread 2118-09-2026 00:29:33 [38;5;015m[INFO]: [0mThis is a info message from thread 2218-09-2026 00:29:33 [38;5;015m[INFO]: [0mThis is a info message from thread 1118-09-2026 00:29:33 [38;5;117m[DEBUG]: [0mThis is a debug message from thread 1318-09-2026 00:29:33 [38;5;117m[DEBUG]: [0mThis is a debug message from thread 2018-09-2026 00:29:33 [38;5;117m[DEBUG]: [0mThis is a debug message from thread 718-09-2026 00:29:33 [38;5;015m[INFO]: [0mThis is a info message from thread 318-09-2026 00:29:33 [38;5;009m[ERROR]: [0mThis is a error message from thread 2318-09-2026 00:29:33 [38;5;015m[INFO]: [0mThis is a info message from thread 1318-09-2026 00:29:33 [38;5;015m[INFO]: [0mThis is a info message from thread 1718-09-2026 00:29:33 [38;5;009m[ERROR]: [0mThis is a error message from thread 1118-09-2026 00:29:33 [38;5;009m[ERROR]: [0mThis is a error message from thread 1618-09-2026 00:29:33 [38;5;015m[INFO]: [0mThis is a info message from thread 118-09-2026 00:29:33 [38;5;117m[DEBUG]: [0mThis is a debug message from thread 1418-09-2026 00:29:33 [38;5;009m[ERROR]: [0mThis is a error message from thread 1718-09-2026 00:29:33 [38;5;015m[INFO]: [0mThis is a info message from thread 818-09-2026 00:29:33 [38;5;015m[INFO]: [0mThis is a info message from thread 918-09-2026 00:29:33 [38;5;117m[DEBUG]: [0mThis is a debug message from thread 1118-09-2026 00:29:33 [38;5;015m[INFO]: [0mThis is a info message from thread 618-09-2026 00:29:33 [38;5;015m[INFO]: [0mThis is a info message from thread 018-09-2026 00:29:33 [38;5;015m[INFO]: [0mThis is a info message from thread 1418-09-2026 00:29:33 [38;5;015m[INFO]: [0mThis is a info message from thread 418-09-2026 00:29:33 [38;5;009m[ERROR]: [0mThis is a error message from thread 2918-09-2026 00:29:33 [38;5;117m[DEBUG]: [0mThis is a debug message from thread 2618-09-2026 00:29:33 [38;5;117m[DEBUG]: [0mThis is a debug message from thread 1818-09-2026 00:29:33 [38;5;009m[ERROR]: [0mThis is a error message from thread 118-09-2026 00:29:33 [38;5;009m[ERROR]: [0mThis is a error message from thread 418-09-2026 00:29:33 [38;5;117m[DEBUG]: [0mThis is a debug message from thread 1718-09-2026 00:29:33 [38;5;117m[DEBUG]: [0mThis is a debug message from thread 2118-09-2026 00:29:33 [38;5;015m[INFO]: [0mThis is a info message from thread 2618-09-2026 00:29:33 [38;5;015m[INFO]: [0mThis is a info message from thread 2018-09-2026 00:29:33 [38;5;015m[INFO]: [0mThis is a info message from thread 2118-09-2026 00:29:33 [38;5;009m[ERROR]: [0mThis is a error message from thread 318-09-2026 00:29:33 [38;5;015m[INFO]: [0mThis is a info message from thread 1718-09-2026 00:29:33 [38;5;009m[ERROR]: [0mThis is a error message from thread 2618-09-2026 00:29:33 [38;5;015m[INFO]: [0mThis is a info message from thread 1118-09-2026 00:29:33 [38;5;117m[DEBUG]: [0mThis is a debug message from thread 2618-09-2026 00:29:33 [38;5;117m[DEBUG]: [0mThis is a debug message from thread 1018-09-2026 00:29:33 [38;5;009m[ERROR]: [0mThis is a error message from thread 1118-09-2026 00:29:33 [38;5;015m[INFO]: [0mThis is a info message from thread 2618-09-2026 00:29:33 [38;5;009m[ERROR]: [0mThis is a error message from thread 2118-09-2026 00:29:33 [38;5;015m[INFO]: [0mThis is a info message from thread 1918-09-2026 00:29:33 [38;5;117m[DEBUG]: [0mThis is a debug message from thread 418-09-2026 00:29:33 [38;5;117m[DEBUG]: [0mThis is a debug message from thread 118-09-2026 00:29:33 [38;5;117m[DEBUG]: [0mThis is a debug message from thread 218-09-2026 00:29:33 [38;5;009m[ERROR]: [0mThis is a error message from thread 918-09-2026 00:29:33 [38;5;009m[ERROR]: [0mThis is a error message from thread 618-09-2026 00:29:33 [38;5;117m[DEBUG]: [0mThis is a debug message from thread 2118-09-2026 00:29:33 [38;5;015m[INFO]: [0mThis is a info message from thread 1018-09-2026 00:29:33 [38;5;009m[ERROR]: [0mThis is a error message from thread 2618-09-2026 00:29:33 [38;5;009m[ERROR]: [0mThis is a error message from thread 2218-09-2026 00:29:33 [38;5;117m[DEBUG]: [0mThis is a debug message from thread 918-09-2026 00:29:33 [38;5;015m[INFO]: [0mThis is a info message from thread 118-09-2026 00:29:33 [38;5;015m[INFO]: [0mThis is a info message from thread 218-09-2026 00:29:33 [38;5;117m[DEBUG]: [0mThis is a debug message from thread 2218-09-2026 00:29:33 [38;5;009m[ERROR]: [0mThis is a error message from thread 1018-09-2026 00:29:33 [38;5;015m[INFO]: [0mThis is a info message from thread 418-09-2026 00:29:33 [38;5;117m[DEBUG]: [0mThis is a debug message from thread 2318-09-2026 00:29:33 [38;5;009m[ERROR]: [0mThis is a error message from thread 418-09-2026 00:29:33 [38;5;015m[INFO]: [0mThis is a info message from thread 2318-09-2026 00:29:33 [38;5;009m[ERROR]: [0mThis is a error message from thread 2018-09-2026 00:29:33 [38;5;117m[DEBUG]: [0mThis is a debug message from thread 1018-09-2026 00:29:33 [38;5;117m[DEBUG]: [0mThis is a debug message from thread 2618-09-2026 00:29:33 [38;5;117m[DEBUG]: [0mThis is a debug message from thread 1618-09-2026 00:29:33 [38;5;117m[DEBUG]: [0mThis is a debug message from thread 618-09-2026 00:29:33 [38;5;009m[ERROR]: [0mThis is a error message from thread 1318-09-2026 00:29:33 [38;5;015m[INFO]: [0mThis is a info message from thread 918-09-2026 00:29:33 [38;5;117m[DEBUG]: [0mThis is a debug message from thread 418-09-2026 00:29:33 [38;5;009m[ERROR]: [0mThis is a error message from thread 2318-09-2026 00:29:33 [38;5;009m[ERROR]: [0mThis is a error message from thread 1418-09-2026 00:29:33 [38;5;009m[ERROR]: [0mThis is a error message from thread 218-09-2026 00:29:33 [38;5;015m[INFO]: [0mThis is a info message from thread 718-09-2026 00:29:33 [38;5;117m[DEBUG]: [0mThis is a debug message from thread 1518-09-2026 00:29:33 [38;5;117m[DEBUG]: [0mThis is a debug message from thread 2018-09-2026 00:29:33 [38;5;015m[INFO]: [0mThis is a info message from thread 1018-09-2026 00:29:33 [38;5;015m[INFO]: [0mThis is a info message from thread 1818-09-2026 00:29:33 [38;5;009m[ERROR]: [0mThis is a error message from thread 1218-09-2026 00:29:33 [38;5;009m[ERROR]: [0mThis is a error message from thread 818-09-2026 00:29:33 [38;5;015m[INFO]: [0mThis is a info message from thread 618-09-2026 00:29:33 [38;5;117m[DEBUG]: [0mThis is a debug message from thread 1418-09-2026 00:29:33 [38;5;009m[ERROR]: [0mThis is a error message from thread 2818-09-2026 00:29:33 [38;5;009m[ERROR]: [0mThis is a error message from thread 1918-09-2026 00:29:33 [38;5;015m[INFO]: [0mThis is a info message from thread 2118-09-2026 00:29:33 [38;5;015m[INFO]: [0mThis is a info message from thread 2218-09-2026 00:29:33 [38;5;117m[DEBUG]: [0mThis is a debug message from thread 218-09-2026 00:29:33 [38;5;009m[ERROR]: [0mThis is a error message from thread 2218-09-2026 00:29:33 [38;5;009m[ERROR]: [0mThis is a error message from thread 618-09-2026 00:29:33 [38;5;117m[DEBUG]: [0mThis is a debug message from thread 2418-09-2026 00:29:33 [38;5;117m[DEBUG]: [0mThis is a debug message from thread 818-09-2026 00:29:33 [38;5;009m[ERROR]: [0mThis is a error message from thread 2118-09-2026 00:29:33 [38;5;009m[ERROR]: [0mThis is a error message from thread 2718-09-2026 00:29:33 [38;5;117m[DEBUG]: [0mThis is a debug message from thread 2818-09-2026 00:29:33 [38;5;009m[ERROR]: [0mThis is a error message from thread 118-09-2026 00:29:33 [38;5;117m[DEBUG]: [0mThis is a debug message from thread 618-09-2026 00:29:33 [38;5;015m[INFO]: [0mThis is a info message from thread 2418-09-2026 00:29:33 [38;5;117m[DEBUG]: [0mThis is a debug message from thread 2218-09-2026 00:29:33 [38;5;009m[ERROR]: [0mThis is a error message from thread 1818-09-2026 00:29:33 [38;5;015m[INFO]: [0mThis is a info message from thread 1418-09-2026 00:29:33 [38;5;009m[ERROR]: [0mThis is a error message from thread 718-09-2026 00:29:33 [38;5;015m[INFO]: [0mThis is a info message from thread 818-09-2026 00:29:33 [38;5;015m[INFO]: [0mThis is a info message from thread 2818-09-2026 00:29:33 [38;5;015m[INFO]: [0mThis is a info message from thread 2218-09-2026 00:29:33 [38;5;015m[INFO]: [0mThis is a info message from thread 618-09-2026 00:29:33 [38;5;015m[INFO]: [0mThis is a info message from thread 1618-09-2026 00:29:33 [38;5;117m[DEBUG]: [0mThis is a debug message from thread 2118-09-2026 00:29:33 [38;5;009m[ERROR]: [0mThis is a error message from thread 818-09-2026 00:29:33 [38;5;117m[DEBUG]: [0mThis is a debug message from thread 118-09-2026 00:29:33 [38;5;117m[DEBUG]: [0mThis is a debug message from thread 1918-09-2026 00:29:33 [38;5;009m[ERROR]: [0mThis is a error message from thread 2818-09-2026 00:29:33 [38;5;117m[DEBUG]: [0mThis is a debug message from thread 2918-09-2026 00:29:33 [38;5;009m[ERROR]: [0mThis is a error message from thread 618-09-2026 00:29:33 [38;5;015m[INFO]: [0mThis is a info message from thread 2018-09-2026 00:29:33 [38;5;015m[INFO]: [0mThis is a info message from thread 118-09-2026 00:29:33 [38;5;117m[DEBUG]: [0mThis is a debug message from thread 1318-09-2026 00:29:33 [38;5;009m[ERROR]: [0mThis is a error message from thread 2218-09-2026 00:29:33 [38;5;009m[ERROR]: [0mThis is a error message from thread 1718-09-2026 00:29:33 [38;5;117m[DEBUG]: [0mThis is a debug message from thread 2218-09-2026 00:29:33 [38;5;117m[DEBUG]: [0mThis is a debug message from thread 1718-09-2026 00:29:33 [38;5;015m[INFO]: [0mThis is a info message from thread 2618-09-2026 00:29:33 [38;5;117m[DEBUG]: [0mThis is a debug message from thread 618-09-2026 00:29:33 [38;5;009m[ERROR]: [0mThis is a error message from thread 118-09-2026 00:29:33 [38;5;009m[ERROR]: [0mThis is a error message from thread 2018-09-2026 00:29:33 [38;5;009m[ERROR]: [0mThis is a error message from thread 2618-09-2026 00:29:33 [38;5;015m[INFO]: [0mThis is a info message from thread 618-09-2026 00:29:33 [38;5;117m[DEBUG]: [0mThis is a debug message from thread 1218-09-2026 00:29:33 [38;5;117m[DEBUG]: [0mThis is a debug message from thread 318-09-2026 00:29:33 [38;5;009m[ERROR]: [0mThis is a error message from thread 1018-09-2026 00:29:33 [38;5;117m[DEBUG]: [0mThis is a debug message from thread 118-09-2026 00:29:33 [38;5;015m[INFO]: [0mThis is a info message from thread 1718-09-2026 00:29:33 [38;5;015m[INFO]: [0mThis is a info message from thread 1918-09-2026 00:29:33 [38;5;117m[DEBUG]: [0mThis is a debug message from thread 1118-09-2026 00:29:33 [38;5;009m[ERROR]: [0mThis is a error message from thread 1418-09-2026 00:29:33 [38;5;117m[DEBUG]: [0mThis is a debug message from thread 2618-09-2026 00:29:33 [38;5;015m[INFO]: [0mThis is a info message from thread 2618-09-2026 00:29:33 [38;5;015m[INFO]: [0mThis is a info message from thread 218-09-2026 00:29:33 [38;5;009m[ERROR]: [0mThis is a error message from thread 918-09-2026 00:29:33 [38;5;117m[DEBUG]: [0mThis is a debug message from thread 2018-09-2026 00:29:33 [38;5;015m[INFO]: [0mThis is a info message from thread 2218-09-2026 00:29:33 [38;5;009m[ERROR]: [0mThis is a error message from thread 2418-09-2026 00:29:33 [38;5;015m[INFO]: [0mThis is a info message from thread 1118-09-2026 00:29:33 [38;5;015m[INFO]: [0mThis is a info message from thread 418-09-2026 00:29:33 [38;5;009m[ERROR]: [0mThis is a error message from thread 1918-09-2026 00:29:33 [38;5;117m[DEBUG]: [0mThis is a debug message from thread 2418-09-2026 00:29:33 [38;5;009m[ERROR]: [0mThis is a error message from thread 1118-09-2026 00:29:33 [38;5;117m[DEBUG]: [0mThis is a debug message from thread 2818-09-2026 00:29:33 [38;5;015m[INFO]: [0mThis is a info message from thread 1318-09-2026 00:29:33 [38;5;015m[INFO]: [0mThis is a info message from thread 1518-09-2026 00:29:33 [38;5;009m[ERROR]: [0mThis is a error message from thread 1618-09-2026 00:29:33 [38;5;009m[ERROR]: [0mThis is a error message from thread 418-09-2026 00:29:33 [38;5;009m[ERROR]: [0mThis is a error message from thread 2218-09-2026 00:29:33 [38;5;117m[DEBUG]: [0mThis is a debug message from thread 918-09-2026 00:29:33 [38;5;015m[INFO]: [0mThis is a info message from thread 118-09-2026 00:29:33 [38;5;117m[DEBUG]: [0mThis is a debug message from thread 818-09-2026 00:29:33 [38;5;009m[ERROR]: [0mThis is a error message from thread 118-09-2026 00:29:33 [38;5;015m[INFO]: [0mThis is a info message from thread 818-09-2026 00:29:33 [38;5;117m[DEBUG]: [0mThis is a debug message from thread 118-09-2026 00:29:33 [38;5;117m[DEBUG]: [0mThis is a debug message from thread 1118-09-2026 00:29:33 [38;5;117m[DEBUG]: [0mThis is a debug message from thread 1018-09-2026 00:29:33 [38;5;117m[DEBUG]: [0mThis is a debug message from thread 1918-09-2026 00:29:33 [38;5;015m[INFO]: [0mThis is a info message from thread 1118-09-2026 00:29:33 [38;5;015m[INFO]: [0mThis is a info message from thread 1018-09-2026 00:29:33 [38;5;015m[INFO]: [0mThis is a info message from thread 1918-09-2026 00:29:33 [38;5;117m[DEBUG]: [0mThis is a debug message from thread 1818-09-2026 00:29:33 [38;5;009m[ERROR]: [0mThis is a error message from thread 1918-09-2026 00:29:33 [38;5;009m[ERROR]: [0mThis is a error message from thread 1018-09-2026 00:29:33 [38;5;015m[INFO]: [0mThis is a info message from thread 1818-09-2026 00:29:33 [38;5;117m[DEBUG]: [0mThis is a debug message from thread 1918-09-2026 00:29:33 [38;5;117m[DEBUG]: [0mThis is a debug message from thread 1018-09-2026 00:29:33 [38;5;015m[INFO]: [0mThis is a info message from thread 2818-09-2026 00:29:33 [38;5;009m[ERROR]: [0mThis is a error message from thread 1318-09-2026 00:29:33 [38;5;009m[ERROR]: [0mThis is a error message from thread 2618-09-2026 00:29:33 [38;5;117m[DEBUG]: [0mThis is a debug message from thread 1318-09-2026 00:29:33 [38;5;117m[DEBUG]: [0mThis is a debug message from thread 2618-09-2026 00:29:33 [38;5;117m[DEBUG]: [0mThis is a debug message from thread 1418-09-2026 00:29:33 [38;5;015m[INFO]: [0mThis is a info message from thread 2918-09-2026 00:29:33 [38;5;009m[ERROR]: [0mThis is a error message from thread 218-09-2026 00:29:33 [38;5;117m[DEBUG]: [0mThis is a debug message from thread 1618-09-2026 00:29:33 [38;5;117m[DEBUG]: [0mThis is a debug message from thread 2218-09-2026 00:29:33 [38;5;015m[INFO]: [0mThis is a info message from thread 2618-09-2026 00:29:33 [38;5;009m[ERROR]: [0mThis is a error message from thread 2918-09-2026 00:29:33 [38;5;015m[INFO]: [0mThis is a info message from thread 1418-09-2026 00:29:33 [38;5;117m[DEBUG]: [0mThis is a debug message from thread 218-09-2026 00:29:33 [38;5;015m[INFO]: [0mThis is a info message from thread 918-09-2026 00:29:33 [38;5;015m[INFO]: [0mThis is a info message from thread 2218-09-2026 00:29:33 [38;5;015m[INFO]: [0mThis is a info message from thread 1218-09-2026 00:29:33 [38;5;015m[INFO]: [0mThis is a info message from thread 118-09-2026 00:29:33 [38;5;009m[ERROR]: [0mThis is a error message from thread 1118-09-2026 00:29:33 [38;5;015m[INFO]: [0mThis is a info message from thread 1618-09-2026 00:29:33 [38;5;009m[ERROR]: [0mThis is a error message from thread 2218-09-2026 00:29:33 [38;5;009m[ERROR]: [0mThis is a error message from thread 1418-09-2026 00:29:33 [38;5;009m[ERROR]: [0mThis is a error message from thread 918-09-2026 00:29:33 [38;5;009m[ERROR]: [0mThis is a error message from thread 618-09-2026 00:29:33 [38;5;117m[DEBUG]: [0mThis is a debug message from thread 1418-09-2026 00:29:33 [38;5;117m[DEBUG]: [0mThis is a debug message from thread 1118-09-2026 00:29:33 [38;5;009m[ERROR]: [0mThis is a error message from thread 1218-09-2026 00:29:33 [38;5;009m[ERROR]: [0mThis is a error message from thread 1818-09-2026 00:29:33 [38;5;009m[ERROR]: [0mThis is a error message from thread 2518-09-2026 00:29:33 [38;5;015m[INFO]: [0mThis is a info message from thread 1418-09-2026 00:29:33 [38;5;015m[INFO]: [0mThis is a info message from thread 1918-09-2026 00:29:33 [38;5;009m[ERROR]: [0mThis is a error message from thread 018-09-2026 00:29:33 [38;5;117m[DEBUG]: [0mThis is a debug message from thread 918-09-2026 00:29:33 [38;5;015m[INFO]: [0mThis is a info message from thread 1118-09-2026 00:29:33 [38;5;015m[INFO]: [0mThis is a info message from thread 318-09-2026 00:29:33 [38;5;009m[ERROR]: [0mThis is a error message from thread 1918-09-2026 00:29:33 [38;5;009m[ERROR]: [0mThis is a error message from thread 1418-09-2026 00:29:33 [38;5;117m[DEBUG]: [0mThis is a debug message from thread 1818-09-2026 00:29:33 [38;5;117m[DEBUG]: [0mThis is a debug message from thread 1218-09-2026 00:29:33 [38;5;117m[DEBUG]: [0mThis is a debug message from thread 2518-09-2026 00:29:33 [38;5;117m[DEBUG]: [0mThis is a debug message from thread 018-09-2026 00:29:33 [38;5;015m[INFO]: [0mThis is a info message from thread 1318-09-2026 00:29:33 [38;5;009m[ERROR]: [0mThis is a error message from thread 118-09-2026 00:29:33 [38;5;015m[INFO]: [0mThis is a info message from thread 2518-09-2026 00:29:33 [38;5;117m[DEBUG]: [0mThis is a debug message from thread 2918-09-2026 00:29:33 [38;5;009m[ERROR]: [0mThis is a error message from thread 1618-09-2026 00:29:33 [38;5;015m[INFO]: [0mThis is a info message from thread 2918-09-2026 00:29:33 [38;5;117m[DEBUG]: [0mThis is a debug message from thread 1918-09-2026 00:29:33 [38;5;117m[DEBUG]: [0mThis is a debug message from thread 2318-09-2026 00:29:33 [38;5;015m[INFO]: [0mThis is a info message from thread 1218-09-2026 00:29:33 [38;5;117m[DEBUG]: [0mThis is a debug message from thread 618-09-2026 00:29:33 [38;5;015m[INFO]: [0mThis is a info message from thread 2018-09-2026 00:29:33 [38;5;009m[ERROR]: [0mThis is a error message from thread 2518-09-2026 00:29:33 [38;5;015m[INFO]: [0mThis is a info message from thread 618-09-2026 00:29:33 [38;5;009m[ERROR]: [0mThis is a error message from thread 1118-09-2026 00:29:33 [38;5;009m[ERROR]: [0mThis is a error message from thread 2018-09-2026 00:29:33 [38;5;009m[ERROR]: [0mThis is a error message from thread 1218-09-2026 00:29:33 [38;5;117m[DEBUG]: [0mThis is a debug message from thread 2518-09-2026 00:29:33 [38;5;009m[ERROR]: [0mThis is a error message from thread 1318-09-2026 00:29:33 [38;5;009m[ERROR]: [0mThis is a error message from thread 818-09-2026 00:29:33 [38;5;015m[INFO]: [0mThis is a info message from thread 1918-09-2026 00:29:33 [38;5;117m[DEBUG]: [0mThis is a debug message from thread 1118-09-2026 00:29:33 [38;5;117m[DEBUG]: [0mThis is a debug message from thread 2018-09-2026 00:29:33 [38;5;015m[INFO]: [0mThis is a info message from thread 518-09-2026 00:29:33 [38;5;009m[ERROR]: [0mThis is a error message from thread 2918-09-2026 00:29:33 [38;5;015m[INFO]: [0mThis is a info message from thread 1118-09-2026 00:29:33 [38;5;015m[INFO]: [0mThis is a info message from thread 2018-09-2026 00:29:33 [38;5;009m[ERROR]: [0mThis is a error message from thread 518-09-2026 00:29:33 [38;5;117m[DEBUG]: [0mThis is a debug message from thread 418-09-2026 00:29:33 [38;5;015m[INFO]: [0mThis is a info message from thread 218-09-2026 00:29:33 [38;5;117m[DEBUG]: [0mThis is a debug message from thread 2918-09-2026 00:29:33 [38;5;015m[INFO]: [0mThis is a info message from thread 418-09-2026 00:29:33 [38;5;009m[ERROR]: [0mThis is a error message from thread 1718-09-2026 00:29:33 [38;5;009m[ERROR]: [0mThis is a error message from thread 2618-09-2026 00:29:33 [38;5;009m[ERROR]: [0mThis is a error message from thread 218-09-2026 00:29:33 [38;5;009m[ERROR]: [0mThis is a error message from thread 1518-09-2026 00:29:33 [38;5;015m[INFO]: [0mThis is a info message from thread 1818-09-2026 00:29:33 [38;5;015m[INFO]: [0mThis is a info message from thread 2418-09-2026 00:29:33 [38;5;015m[INFO]: [0mThis is a info message from thread 918-09-2026 00:29:33 [38;5;009m[ERROR]: [0mThis is a error message from thread 418-09-2026 00:29:33 [38;5;009m[ERROR]: [0mThis is a error message from thread 918-09-2026 00:29:33 [38;5;117m[DEBUG]: [0mThis is a debug message from thread 418-09-2026 00:29:33 [38;5;009m[ERROR]: [0mThis is a error message from thread 1118-09-2026 00:29:33 [38;5;117m[DEBUG]: [0mThis is a debug message from thread 2218-09-2026 00:29:33 [38;5;015m[INFO]: [0mThis is a info message from thread 2318-09-2026 00:29:33 [38;5;015m[INFO]: [0mThis is a info message from thread 418-09-2026 00:29:33 [38;5;015m[INFO]: [0mThis is a info message from thread 2218-09-2026 00:29:33 [38;5;009m[ERROR]: [0mThis is a error message from thread 2818-09-2026 00:29:33 [38;5;009m[ERROR]: [0mThis is a error message from thread 1918-09-2026 00:29:33 [38;5;117m[DEBUG]: [0mThis is a debug message from thread 118-09-2026 00:29:33 [38;5;009m[ERROR]: [0mThis is a error message from thread 2218-09-2026 00:29:33 [38;5;117m[DEBUG]: [0mThis is a debug message from thread 2818-09-2026 00:29:33 [38;5;015m[INFO]: [0mThis is a info message from thread 2918-09-2026 00:29:33 [38;5;015m[INFO]: [0mThis is a info message from thread 118-09-2026 00:29:33 [38;5;015m[INFO]: [0mThis is a info message from thread 2818-09-2026 00:29:33 [38;5;009m[ERROR]: [0mThis is a error message from thread 118-09-2026 00:29:33 [38;5;117m[DEBUG]: [0mThis is a debug message from thread 1918-09-2026 00:29:33 [38;5;117m[DEBUG]: [0mThis is a debug message from thread 718-09-2026 00:29:33 [38;5;117m[DEBUG]: [0mThis is a debug message from thread 1518-09-2026 00:29:33 [38;5;117m[DEBUG]: [0mThis is a debug message from thread 2618-09-2026 00:29:33 [38;5;015m[INFO]: [0mThis is a info message from thread 718-09-2026 00:29:33 [38;5;015m[INFO]: [0mThis is a info message from thread 1518-09-2026 00:29:33 [38;5;015m[INFO]: [0mThis is a info message from thread 2618-09-2026 00:29:33 [38;5;009m[ERROR]: [0mThis is a error message from thread 1818-09-2026 00:29:33 [38;5;117m[DEBUG]: [0mThis is a debug message from thread 918-09-2026 00:29:33 [38;5;015m[INFO]: [0mThis is a info message from thread 018-09-2026 00:29:33 [38;5;117m[DEBUG]: [0mThis is a debug message from thread 1118-09-2026 00:29:33 [38;5;009m[ERROR]: [0mThis is a error message from thread 718-09-2026 00:29:33 [38;5;009m[ERROR]: [0mThis is a error message from thread 018-09-2026 00:29:33 [38;5;015m[INFO]: [0mThis is a info message from thread 1118-09-2026 00:29:33 [38;5;009m[ERROR]: [0mThis is a error message from thread 418-09-2026 00:29:33 [38;5;015m[INFO]: [0mThis is a info message from thread 2518-09-2026 00:29:33 [38;5;117m[DEBUG]: [0mThis is a debug message from thread 018-09-2026 00:29:33 [38;5;117m[DEBUG]: [0mThis is a debug message from thread 418-09-2026 00:29:33 [38;5;117m[DEBUG]: [0mThis is a debug message from thread 218-09-2026 00:29:33 [38;5;009m[ERROR]: [0mThis is a error message from thread 1118-09-2026 00:29:33 [38;5;009m[ERROR]: [0mThis is a error message from thread 618-09-2026 00:29:33 [38;5;015m[INFO]: [0mThis is a info message from thread 218-09-2026 00:29:33 [38;5;015m[INFO]: [0mThis is a info message from thread 418-09-2026 00:29:33 [38;5;015m[INFO]: [0mThis is a info message from thread 1918-09-2026 00:29:33 [38;5;009m[ERROR]: [0mThis is a error message from thread 218-09-2026 00:29:33 [38;5;009m[ERROR]: [0mThis is a error message from thread 418-09-2026 00:29:33 [38;5;117m[DEBUG]: [0mThis is a debug message from thread 418-09-2026 00:29:33 [38;5;009m[ERROR]: [0mThis is a error message from thread 1918-09-2026 00:29:33 [38;5;015m[INFO]: [0mThis is a info message from thread 418-09-2026 00:29:33 [38;5;117m[DEBUG]: [0mThis is a debug message from thread 218-09-2026 00:29:33 [38;5;117m[DEBUG]: [0mThis is a debug message from thread 1918-09-2026 00:29:33 [38;5;009m[ERROR]: [0mThis is a error message from thread 418-09-2026 00:29:33 [38;5;117m[DEBUG]: [0mThis is a debug message from thread 1818-09-2026 00:29:33 [38;5;009m[ERROR]: [0mThis is a error message from thread 2518-09-2026 00:29:33 [38;5;015m[INFO]: [0mThis is a info message from thread 218-09-2026 00:29:33 [38;5;117m[DEBUG]: [0mThis is a debug message from thread 618-09-2026 00:29:33 [38;5;009m[ERROR]: [0mThis is a error message from thread 2018-09-2026 00:29:33 [38;5;117m[DEBUG]: [0mThis is a debug message from thread 2218-09-2026 00:29:33 [38;5;015m[INFO]: [0mThis is a info message from thread 1918-09-2026 00:29:33 [38;5;117m[DEBUG]: [0mThis is a debug message from thread 1618-09-2026 00:29:33 [38;5;009m[ERROR]: [0mThis is a error message from thread 1518-09-2026 00:29:33 [38;5;015m[INFO]: [0mThis is a info message from thread 618-09-2026 00:29:33 [38;5;015m[INFO]: [0mThis is a info message from thread 1818-09-2026 00:29:33 [38;5;009m[ERROR]: [0mThis is a error message from thread 2318-09-2026 00:29:33 [38;5;015m[INFO]: [0mThis is a info message from thread 1018-09-2026 00:29:33 [38;5;009m[ERROR]: [0mThis is a error message from thread 1918-09-2026 00:29:33 [38;5;009m[ERROR]: [0mThis is a error message from thread 618-09-2026 00:29:33 [38;5;117m[DEBUG]: [0mThis is a debug message from thread 418-09-2026 00:29:33 [38;5;009m[ERROR]: [0mThis is a error message from thread 218-09-2026 00:29:33 [38;5;015m[INFO]: [0mThis is a info message from thread 1618-09-2026 00:29:33 [38;5;009m[ERROR]: [0mThis is a error message from thread 2818-09-2026 00:29:33 [38;5;117m[DEBUG]: [0mThis is a debug message from thread 118-09-2026 00:29:33 [38;5;009m[ERROR]: [0mThis is a error message from thread 1018-09-2026 00:29:33 [38;5;015m[INFO]: [0mThis is a info message from thread 418-09-2026 00:29:33 [38;5;117m[DEBUG]: [0mThis is a debug message from thread 218-09-2026 00:29:33 [38;5;117m[DEBUG]: [0mThis is a debug message from thread 618-09-2026 00:29:33 [38;5;015m[INFO]: [0mThis is a info message from thread 2218-09-2026 00:29:33 [38;5;117m[DEBUG]: [0mThis is a debug message from thread 518-09-2026 00:29:33 [38;5;117m[DEBUG]: [0mThis is a debug message from thread 1418-09-2026 00:29:33 [38;5;117m[DEBUG]: [0mThis is a debug message from thread 1918-09-2026 00:29:33 [38;5;015m[INFO]: [0mThis is a info message from thread 118-09-2026 00:29:33 [38;5;117m[DEBUG]: [0mThis is a debug message from thread 818-09-2026 00:29:33 [38;5;015m[INFO]: [0mThis is a info message from thread 518-09-2026 00:29:33 [38;5;015m[INFO]: [0mThis is a info message from thread 1418-09-2026 00:29:33 [38;5;117m[DEBUG]: [0mThis is a debug message from thread 1218-09-2026 00:29:33 [38;5;015m[INFO]: [0mThis is a info message from thread 2118-09-2026 00:29:33 [38;5;117m[DEBUG]: [0mThis is a debug message from thread 1718-09-2026 00:29:33 [38;5;117m[DEBUG]: [0mThis is a debug message from thread 1318-09-2026 00:29:33 [38;5;117m[DEBUG]: [0mThis is a debug message from thread 2518-09-2026 00:29:33 [38;5;015m[INFO]: [0mThis is a info message from thread 818-09-2026 00:29:33 [38;5;009m[ERROR]: [0mThis is a error message from thread 118-09-2026 00:29:33 [38;5;009m[ERROR]: [0mThis is a error message from thread 2618-09-2026 00:29:33 [38;5;015m[INFO]: [0mThis is a info message from thread 218-09-2026 00:29:33 [38;5;117m[DEBUG]: [0mThis is a debug message from thread 1018-09-2026 00:29:33 [38;5;009m[ERROR]: [0mThis is a error message from thread 518-09-2026 00:29:33 [38;5;117m[DEBUG]: [0mThis is a debug message from thread 718-09-2026 00:29:33 [38;5;117m[DEBUG]: [0mThis is a debug message from thread 2018-09-2026 00:29:33 [38;5;009m[ERROR]: [0mThis is a error message from thread 1418-09-2026 00:29:33 [38;5;117m[DEBUG]: [0mThis is a debug message from thread 2818-09-2026 00:29:33 [38;5;009m[ERROR]: [0mThis is a error message from thread 218-09-2026 00:29:33 [38;5;015m[INFO]: [0mThis is a info message from thread 1918-09-2026 00:29:33 [38;5;009m[ERROR]: [0mThis is a error message from thread 2418-09-2026 00:29:33 [38;5;009m[ERROR]: [0mThis is a error message from thread 2218-09-2026 00:29:33 [38;5;009m[ERROR]: [0mThis is a error message from thread 2118-09-2026 00:29:33 [38;5;015m[INFO]: [0mThis is a info message from thread 1018-09-2026 00:29:33 [38;5;015m[INFO]: [0mThis is a info message from thread 718-09-2026 00:29:33 [38;5;015m[INFO]: [0mThis is a info message from thread 2818-09-2026 00:29:33 [38;5;009m[ERROR]: [0mThis is a error message from thread 1018-09-2026 00:29:33 [38;5;117m[DEBUG]: [0mThis is a debug message from thread 218-09-2026 00:29:33 [38;5;009m[ERROR]: [0mThis is a error message from thread 718-09-2026 00:29:33 [38;5;015m[INFO]: [0mThis is a info message from thread 018-09-2026 00:29:33 [38;5;117m[DEBUG]: [0mThis is a debug message from thread 718-09-2026 00:29:33 [38;5;009m[ERROR]: [0mThis is a error message from thread 318-09-2026 00:29:33 [38;5;009m[ERROR]: [0mThis is a error message from thread 1918-09-2026 00:29:33 [38;5;009m[ERROR]: [0mThis is a error message from thread 418-09-2026 00:29:33 [38;5;015m[INFO]: [0mThis is a info message from thread 2018-09-2026 00:29:33 [38;5;009m[ERROR]: [0mThis is a error message from thread 1818-09-2026 00:29:33 [38;5;117m[DEBUG]: [0mThis is a debug message from thread 2618-09-2026 00:29:33 [38;5;009m[ERROR]: [0mThis is a error message from thread 1618-09-2026 00:29:33 [38;5;117m[DEBUG]: [0mThis is a debug message from thread 1918-09-2026 00:29:33 [38;5;015m[INFO]: [0mThis is a info message from thread 618-09-2026 00:29:33 [38;5;117m[DEBUG]: [0mThis is a debug message from thread 1818-09-2026 00:29:33 [38;5;015m[INFO]: [0mThis is a info message from thread 1318-09-2026 00:29:33 [38;5;009m[ERROR]: [0mThis is a error message from thread 618-09-2026 00:29:33 [38;5;117m[DEBUG]: [0mThis is a debug message from thread 2418-09-2026 00:29:33 [38;5;015m[INFO]: [0mThis is a info message from thread 218-09-2026 00:29:33 [38;5;015m[INFO]: [0mThis is a info message from thread 2618-09-2026 00:29:33 [38;5;117m[DEBUG]: [0mThis is a debug message from thread 1118-09-2026 00:29:33 [38;5;117m[DEBUG]: [0mThis is a debug message from thread 418-09-2026 00:29:33 [38;5;117m[DEBUG]: [0mThis is a debug message from thread 118-09-2026 00:29:33 [38;5;015m[INFO]: [0mThis is a info message from thread 1818-09-2026 00:29:33 [38;5;009m[ERROR]: [0mThis is a error message from thread 218-09-2026 00:29:33 [38;5;015m[INFO]: [0mThis is a info message from thread 1718-09-2026 00:29:33 [38;5;015m[INFO]: [0mThis is a info message from thread 418-09-2026 00:29:33 [38;5;009m[ERROR]: [0mThis is a error message from thread 2018-09-2026 00:29:33 [38;5;117m[DEBUG]: [0mThis is a debug message from thread 2218-09-2026 00:29:33 [38;5;015m[INFO]: [0mThis is a info message from thread 1918-09-2026 00:29:33 [38;5;015m[INFO]: [0mThis is a info message from thread 918-09-2026 00:29:33 [38;5;015m[INFO]: [0mThis is a info message from thread 2518-09-2026 00:29:33 [38;5;009m[ERROR]: [0mThis is a error message from thread 2618-09-2026 00:29:33 [38;5;009m[ERROR]: [0mThis is a error message from thread 1818-09-2026 00:29:33 [38;5;117m[DEBUG]: [0mThis is a debug message from thread 218-09-2026 00:29:33 [38;5;009m[ERROR]: [0mThis is a error message from thread 1718-09-2026 00:29:33 [38;5;009m[ERROR]: [0mThis is a error message from thread 918-09-2026 00:29:33 [38;5;117m[DEBUG]: [0mThis is a debug message from thread 1518-09-2026 00:29:33 [38;5;117m[DEBUG]: [0mThis is a debug message from thread 318-09-2026 00:29:33 [38;5;117m[DEBUG]: [0mThis is a debug message from thread 618-09-2026 00:29:33 [38;5;015m[INFO]: [0mThis is a info message from thread 1118-09-2026 00:29:33 [38;5;009m[ERROR]: [0mThis is a error message from thread 018-09-2026 00:29:33 [38;5;117m[DEBUG]: [0mThis is a debug message from thread 918-09-2026 00:29:33 [38;5;015m[INFO]: [0mThis is a info message from thread 2418-09-2026 00:29:33 [38;5;015m[INFO]: [0mThis is a info message from thread 218-09-2026 00:29:33 [38;5;015m[INFO]: [0mThis is a info message from thread 1518-09-2026 00:29:33 [38;5;009m[ERROR]: [0mThis is a error message from thread 2418-09-2026 00:29:33 [38;5;009m[ERROR]: [0mThis is a error message from thread 1318-09-2026 00:29:33 [38;5;009m[ERROR]: [0mThis is a error message from thread 418-09-2026 00:29:33 [38;5;009m[ERROR]: [0mThis is a error message from thread 1518-09-2026 00:29:33 [38;5;009m[ERROR]: [0mThis is a error message from thread 2818-09-2026 00:29:33 [38;5;117m[DEBUG]: [0mThis is a debug message from thread 2418-09-2026 00:29:33 [38;5;117m[DEBUG]: [0mThis is a debug message from thread 2618-09-2026 00:29:33 [38;5;009m[ERROR]: [0mThis is a error message from thread 2918-09-2026 00:29:33 [38;5;117m[DEBUG]: [0mThis is a debug message from thread 1318-09-2026 00:29:33 [38;5;009m[ERROR]: [0mThis is a error message from thread 818-09-2026 00:29:33 [38;5;015m[INFO]: [0mThis is a info message from thread 2418-09-2026 00:29:33 [38;5;117m[DEBUG]: [0mThis is a debug message from thread 018-09-2026 00:29:33 [38;5;117m[DEBUG]: [0mThis is a debug message from thread 1718-09-2026 00:29:33 [38;5;117m[DEBUG]: [0mThis is a debug message from thread 1518-09-2026 00:29:33 [38;5;117m[DEBUG]: [0mThis is a debug message from thread 1818-09-2026 00:29:33 [38;5;015m[INFO]: [0mThis is a info message from thread 018-09-2026 00:29:33 [38;5;117m[DEBUG]: [0mThis is a debug message from thread 418-09-2026 00:29:33 [38;5;015m[INFO]: [0mThis is a info message from thread 1318-09-2026 00:29:33 [38;5;015m[INFO]: [0mThis is a info message from thread 1518-09-2026 00:29:33 [38;5;009m[ERROR]: [0mThis is a error message from thread 1318-09-2026 00:29:33 [38;5;015m[INFO]: [0mThis is a info message from thread 2218-09-2026 00:29:33 [38;5;015m[INFO]: [0mThis is a info message from thread 2618-09-2026 00:29:33 [38;5;015m[INFO]: [0mThis is a info message from thread 918-09-2026 00:29:33 [38;5;117m[DEBUG]: [0mThis is a debug message from thread 518-09-2026 00:29:33 [38;5;117m[DEBUG]: [0mThis is a debug message from thread 1318-09-2026 00:29:33 [38;5;117m[DEBUG]: [0mThis is a debug message from thread 1018-09-2026 00:29:33 [38;5;015m[INFO]: [0mThis is a info message from thread 118-09-2026 00:29:33 [38;5;015m[INFO]: [0mThis is a info message from thread 1818-09-2026 00:29:33 [38;5;009m[ERROR]: [0mThis is a error message from thread 1118-09-2026 00:29:33 [38;5;009m[ERROR]: [0mThis is a error message from thread 918-09-2026 00:29:33 [38;5;009m[ERROR]: [0mThis is a error message from thread 2418-09-2026 00:29:33 [38;5;015m[INFO]: [0mThis is a info message from thread 1318-09-2026 00:29:33 [38;5;015m[INFO]: [0mThis is a info message from thread 718-09-2026 00:29:33 [38;5;009m[ERROR]: [0mThis is a error message from thread 218-09-2026 00:29:33 [38;5;009m[ERROR]: [0mThis is a error message from thread 1818-09-2026 00:29:33 [38;5;117m[DEBUG]: [0mThis is a debug message from thread 1118-09-2026 00:29:33 [38;5;117m[DEBUG]: [0mThis is a debug message from thread 2418-09-2026 00:29:33 [38;5;009m[ERROR]: [0mThis is a error message from thread 1318-09-2026 00:29:33 [38;5;009m[ERROR]: [0mThis is a error message from thread 718-09-2026 00:29:33 [38;5;117m[DEBUG]: [0mThis is a debug message from thread 818-09-2026 00:29:33 [38;5;117m[DEBUG]: [0mThis is a debug message from thread 1818-09-2026 00:29:33 [38;5;015m[INFO]: [0mThis is a info message from thread 1718-09-2026 00:29:33 [38;5;015m[INFO]: [0mThis is a info message from thread 318-09-2026 00:29:33 [38;5;117m[DEBUG]: [0mThis is a debug message from thread 2918-09-2026 00:29:33 [38;5;015m[INFO]: [0mThis is a info message from thread 1818-09-2026 00:29:33 [38;5;117m[DEBUG]: [0mThis is a debug message from thread 718-09-2026 00:29:33 [38;5;009m[ERROR]: [0mThis is a error message from thread 018-09-2026 00:29:33 [38;5;015m[INFO]: [0mThis is a info message from thread 418-09-2026 00:29:33 [38;5;009m[ERROR]: [0mThis is a error message from thread 1718-09-2026 00:29:33 [38;5;117m[DEBUG]: [0mThis is a debug message from thread 218-09-2026 00:29:33 [38;5;117m[DEBUG]: [0mThis is a debug message from thread 918-09-2026 00:29:33 [38;5;117m[DEBUG]: [0mThis is a debug message from thread 1718-09-2026 00:29:33 [38;5;015m[INFO]: [0mThis is a info message from thread 218-09-2026 00:29:33 [38;5;117m[DEBUG]: [0mThis is a debug message from thread 2818-09-2026 00:29:33 [38;5;009m[ERROR]: [0mThis is a error message from thread 1818-09-2026 00:29:33 [38;5;015m[INFO]: [0mThis is a info message from thread 1718-09-2026 00:29:33 [38;5;009m[ERROR]: [0mThis is a error message from thread 218-09-2026 00:29:33 [38;5;015m[INFO]: [0mThis is a info message from thread 918-09-2026 00:29:33 [38;5;015m[INFO]: [0mThis is a info message from thread 718-09-2026 00:29:33 [38;5;009m[ERROR]: [0mThis is a error message from thread 718-09-2026 00:29:33 [38;5;015m[INFO]: [0mThis is a info message from thread 1018-09-2026 00:29:33 [38;5;009m[ERROR]: [0mThis is a error message from thread 1918-09-2026 00:29:33 [38;5;009m[ERROR]: [0mThis is a error message from thread 1018-09-2026 00:29:33 [38;5;009m[ERROR]: [0mThis is a error message from thread 1718-09-2026 00:29:33 [38;5;009m[ERROR]: [0mThis is a error message from thread 918-09-2026 00:29:33 [38;5;117m[DEBUG]: [0mThis is a debug message from thread 1918-09-2026 00:29:33 [38;5;117m[DEBUG]: [0mThis is a debug message from thread 1718-09-2026 00:29:33 [38;5;015m[INFO]: [0mThis is a info message from thread 818-09-2026 00:29:33 [38;5;009m[ERROR]: [0mThis is a error message from thread 2218-09-2026 00:29:33 [38;5;117m[DEBUG]: [0mThis is a debug message from thread 1018-09-2026 00:29:33 [38;5;009m[ERROR]: [0mThis is a error message from thread 318-09-2026 00:29:33 [38;5;009m[ERROR]: [0mThis is a error message from thread 818-09-2026 00:29:33 [38;5;117m[DEBUG]: [0mThis is a debug message from thread 318-09-2026 00:29:33 [38;5;015m[INFO]: [0mThis is a info message from thread 1018-09-2026 00:29:33 [38;5;117m[DEBUG]: [0mThis is a debug message from thread 2218-09-2026 00:29:33 [38;5;117m[DEBUG]: [0mThis is a debug message from thread 818-09-2026 00:29:33 [38;5;009m[ERROR]: [0mThis is a error message from thread 1018-09-2026 00:29:33 [38;5;009m[ERROR]: [0mThis is a error message from thread 2518-09-2026 00:29:33 [38;5;117m[DEBUG]: [0mThis is a debug message from thread 018-09-2026 00:29:33 [38;5;117m[DEBUG]: [0mThis is a debug message from thread 1018-09-2026 00:29:33 [38;5;009m[ERROR]: [0mThis is a error message from thread 1518-09-2026 00:29:33 [38;5;117m[DEBUG]: [0mThis is a debug message from thread 718-09-2026 00:29:33 [38;5;117m[DEBUG]: [0mThis is a debug message from thread 2518-09-2026 00:29:33 [38;5;117m[DEBUG]: [0mThis is a debug message from thread 2018-09-2026 00:29:33 [38;5;015m[INFO]: [0mThis is a info message from thread 1718-09-2026 00:29:33 [38;5;117m[DEBUG]: [0mThis is a debug message from thread 918-09-2026 00:29:33 [38;5;009m[ERROR]: [0mThis is a error message from thread 118-09-2026 00:29:33 [38;5;015m[INFO]: [0mThis is a info message from thread 2018-09-2026 00:29:33 [38;5;015m[INFO]: [0mThis is a info message from thread 918-09-2026 00:29:33 [38;5;015m[INFO]: [0mThis is a info message from thread 018-09-2026 00:29:33 [38;5;117m[DEBUG]: [0mThis is a debug message from thread 2318-09-2026 00:29:33 [38;5;117m[DEBUG]: [0mThis is a debug message from thread 118-09-2026 00:29:33 [38;5;117m[DEBUG]: [0mThis is a debug message from thread 1518-09-2026 00:29:33 [38;5;117m[DEBUG]: [0mThis is a debug message from thread 1618-09-2026 00:29:33 [38;5;015m[INFO]: [0mThis is a info message from thread 2218-09-2026 00:29:33 [38;5;015m[INFO]: [0mThis is a info message from thread 1518-09-2026 00:29:33 [38;5;015m[INFO]: [0mThis is a info message from thread 2818-09-2026 00:29:33 [38;5;009m[ERROR]: [0mThis is a error message from thread 918-09-2026 00:29:33 [38;5;015m[INFO]: [0mThis is a info message from thread 2318-09-2026 00:29:33 [38;5;015m[INFO]: [0mThis is a info message from thread 1618-09-2026 00:29:33 [38;5;015m[INFO]: [0mThis is a info message from thread 718-09-2026 00:29:33 [38;5;015m[INFO]: [0mThis is a info message from thread 2518-09-2026 00:29:33 [38;5;009m[ERROR]: [0mThis is a error message from thread 1618-09-2026 00:29:33 [38;5;009m[ERROR]: [0mThis is a error message from thread 718-09-2026 00:29:33 [38;5;009m[ERROR]: [0mThis is a error message from thread 2518-09-2026 00:29:33 [38;5;117m[DEBUG]: [0mThis is a debug message from thread 1618-09-2026 00:29:33 [38;5;117m[DEBUG]: [0mThis is a debug message from thread 718-09-2026 00:29:33 [38;5;015m[INFO]: [0mThis is a info message from thread 1618-09-2026 00:29:33 [38;5;009m[ERROR]: [0mThis is a error message from thread 2018-09-2026 00:29:33 [38;5;009m[ERROR]: [0mThis is a error message from thread 018-09-2026 00:29:33 [38;5;015m[INFO]: [0mThis is a info message from thread 1118-09-2026 00:29:33 [38;5;117m[DEBUG]: [0mThis is a debug message from thread 2518-09-2026 00:29:33 [38;5;009m[ERROR]: [0mThis is a error message from thread 2818-09-2026 00:29:33 [38;5;009m[ERROR]: [0mThis is a error message from thread 1118-09-2026 00:29:33 [38;5;015m[INFO]: [0mThis is a info message from thread 2518-09-2026 00:29:33 [38;5;117m[DEBUG]: [0mThis is a debug message from thread 1118-09-2026 00:29:33 [38;5;117m[DEBUG]: [0mThis is a debug message from thread 1818-09-2026 00:29:33 [38;5;015m[INFO]: [0mThis is a info message from thread 1118-09-2026 00:29:33 [38;5;015m[INFO]: [0mThis is a info message from thread 1918-09-2026 00:29:33 [38;5;015m[INFO]: [0mThis is a info message from thread 1818-09-2026 00:29:33 [38;5;009m[ERROR]: [0mThis is a error message from thread 2618-09-2026 00:29:33 [38;5;015m[INFO]: [0mThis is a info message from thread 818-09-2026 00:29:33 [38;5;117m[DEBUG]: [0mThis is a debug message from thread 2618-09-2026 00:29:33 [38;5;009m[ERROR]: [0mThis is a error message from thread 1518-09-2026 00:29:33 [38;5;009m[ERROR]: [0mThis is a error message from thread 1918-09-2026 00:29:33 [38;5;009m[ERROR]: [0mThis is a error message from thread 818-09-2026 00:29:33 [38;5;117m[DEBUG]: [0mThis is a debug message from thread 1918-09-2026 00:29:33 [38;5;117m[DEBUG]: [0mThis is a debug message from thread 1518-09-2026 00:29:33 [38;5;015m[INFO]: [0mThis is a info message from thread 1918-09-2026 00:29:33 [38;5;117m[DEBUG]: [0mThis is a debug message from thread 818-09-2026 00:29:33 [38;5;117m[DEBUG]: [0mThis is a debug message from thread 918-09-2026 00:29:33 [38;5;009m[ERROR]: [0mThis is a error message from thread 1918-09-2026 00:29:33 [38;5;015m[INFO]: [0mThis is a info message from thread 2918-09-2026 00:29:33 [38;5;117m[DEBUG]: [0mThis is a debug message from thread 1318-09-2026 00:29:33 [38;5;009m[ERROR]: [0mThis is a error message from thread 2318-09-2026 00:29:33 [38;5;015m[INFO]: [0mThis is a info message from thread 918-09-2026 00:29:33 [38;5;117m[DEBUG]: [0mThis is a debug message from thread 1918-09-2026 00:29:33 [38;5;015m[INFO]: [0mThis is a info message from thread 518-09-2026 00:29:33 [38;5;015m[INFO]: [0mThis is a info message from thread 718-09-2026 00:29:33 [38;5;009m[ERROR]: [0mThis is a error message from thread 2918-09-2026 00:29:33 [38;5;015m[INFO]: [0mThis is a info message from thread 618-09-2026 00:29:33 [38;5;117m[DEBUG]: [0mThis is a debug message from thread 2818-09-2026 00:29:33 [38;5;015m[INFO]: [0mThis is a info message from thread 118-09-2026 00:29:33 [38;5;117m[DEBUG]: [0mThis is a debug message from thread 2918-09-2026 00:29:33 [38;5;009m[ERROR]: [0mThis is a error message from thread 718-09-2026 00:29:33 [38;5;015m[INFO]: [0mThis is a info message from thread 1918-09-2026 00:29:33 [38;5;009m[ERROR]: [0mThis is a error message from thread 918-09-2026 00:29:33 [38;5;009m[ERROR]: [0mThis is a error message from thread 618-09-2026 00:29:33 [38;5;117m[DEBUG]: [0mThis is a debug message from thread 718-09-2026 00:29:33 [38;5;117m[DEBUG]: [0mThis is a debug message from thread 218-09-2026 00:29:33 [38;5;015m[INFO]: [0mThis is a info message from thread 2918-09-2026 00:29:33 [38;5;117m[DEBUG]: [0mThis is a debug message from thread 918-09-2026 00:29:33 [38;5;009m[ERROR]: [0mThis is a error message from thread 1118-09-2026 00:29:33 [38;5;009m[ERROR]: [0mThis is a error message from thread 1818-09-2026 00:29:33 [38;5;015m[INFO]: [0mThis is a info message from thread 718-09-2026 00:29:33 [38;5;117m[DEBUG]: [0mThis is a debug message from thread 618-09-2026 00:29:33 [38;5;009m[ERROR]: [0mThis is a error message from thread 1918-09-2026 00:29:33 [38;5;117m[DEBUG]: [0mThis is a debug message from thread 2018-09-2026 00:29:33 [38;5;015m[INFO]: [0mThis is a info message from thread 218-09-2026 00:29:33 [38;5;117m[DEBUG]: [0mThis is a debug message from thread 2718-09-2026 00:29:33 [38;5;117m[DEBUG]: [0mThis is a debug message from thread 1118-09-2026 00:29:33 [38;5;009m[ERROR]: [0mThis is a error message from thread 2918-09-2026 00:29:33 [38;5;015m[INFO]: [0mThis is a info message from thread 2018-09-2026 00:29:33 [38;5;015m[INFO]: [0mThis is a info message from thread 1318-09-2026 00:29:33 [38;5;009m[ERROR]: [0mThis is a error message from thread 2518-09-2026 00:29:33 [38;5;117m[DEBUG]: [0mThis is a debug message from thread 1918-09-2026 00:29:33 [38;5;015m[INFO]: [0mThis is a info message from thread 2718-09-2026 00:29:33 [38;5;009m[ERROR]: [0mThis is a error message from thread 218-09-2026 00:29:33 [38;5;015m[INFO]: [0mThis is a info message from thread 318-09-2026 00:29:33 [38;5;117m[DEBUG]: [0mThis is a debug message from thread 2518-09-2026 00:29:33 [38;5;015m[INFO]: [0mThis is a info message from thread 1018-09-2026 00:29:33 [38;5;117m[DEBUG]: [0mThis is a debug message from thread 2918-09-2026 00:29:33 [38;5;117m[DEBUG]: [0mThis is a debug message from thread 218-09-2026 00:29:33 [38;5;009m[ERROR]: [0mThis is a error message from thread 2218-09-2026 00:29:33 [38;5;117m[DEBUG]: [0mThis is a debug message from thread 1418-09-2026 00:29:33 [38;5;015m[INFO]: [0mThis is a info message from thread 1218-09-2026 00:29:33 [38;5;117m[DEBUG]: [0mThis is a debug message from thread 1818-09-2026 00:29:33 [38;5;015m[INFO]: [0mThis is a info message from thread 618-09-2026 00:29:33 [38;5;117m[DEBUG]: [0mThis is a debug message from thread 2318-09-2026 00:29:33 [38;5;117m[DEBUG]: [0mThis is a debug message from thread 018-09-2026 00:29:33 [38;5;117m[DEBUG]: [0mThis is a debug message from thread 2218-09-2026 00:29:33 [38;5;009m[ERROR]: [0mThis is a error message from thread 718-09-2026 00:29:33 [38;5;009m[ERROR]: [0mThis is a error message from thread 1718-09-2026 00:29:33 [38;5;009m[ERROR]: [0mThis is a error message from thread 318-09-2026 00:29:33 [38;5;015m[INFO]: [0mThis is a info message from thread 018-09-2026 00:29:33 [38;5;009m[ERROR]: [0mThis is a error message from thread 518-09-2026 00:29:33 [38;5;117m[DEBUG]: [0mThis is a debug message from thread 718-09-2026 00:29:33 [38;5;117m[DEBUG]: [0mThis is a debug message from thread 2118-09-2026 00:29:33 [38;5;015m[INFO]: [0mThis is a info message from thread 918-09-2026 00:29:33 [38;5;117m[DEBUG]: [0mThis is a debug message from thread 1718-09-2026 00:29:33 [38;5;009m[ERROR]: [0mThis is a error message from thread 1318-09-2026 00:29:33 [38;5;117m[DEBUG]: [0mThis is a debug message from thread 318-09-2026 00:29:33 [38;5;015m[INFO]: [0mThis is a info message from thread 2218-09-2026 00:29:33 [38;5;015m[INFO]: [0mThis is a info message from thread 218-09-2026 00:29:33 [38;5;015m[INFO]: [0mThis is a info message from thread 2618-09-2026 00:29:33 [38;5;009m[ERROR]: [0mThis is a error message from thread 918-09-2026 00:29:33 [38;5;015m[INFO]: [0mThis is a info message from thread 818-09-2026 00:29:33 [38;5;117m[DEBUG]: [0mThis is a debug message from thread 518-09-2026 00:29:33 [38;5;009m[ERROR]: [0mThis is a error message from thread 2618-09-2026 00:29:33 [38;5;009m[ERROR]: [0mThis is a error message from thread 2718-09-2026 00:29:33 [38;5;015m[INFO]: [0mThis is a info message from thread 318-09-2026 00:29:33 [38;5;015m[INFO]: [0mThis is a info message from thread 1518-09-2026 00:29:33 [38;5;015m[INFO]: [0mThis is a info message from thread 2318-09-2026 00:29:33 [38;5;015m[INFO]: [0mThis is a info message from thread 1418-09-2026 00:29:33 [38;5;009m[ERROR]: [0mThis is a error message from thread 1518-09-2026 00:29:33 [38;5;015m[INFO]: [0mThis is a info message from thread 2918-09-2026 00:29:33 [38;5;009m[ERROR]: [0mThis is a error message from thread 1418-09-2026 00:29:33 [38;5;117m[DEBUG]: [0mThis is a debug message from thread 1518-09-2026 00:29:33 [38;5;117m[DEBUG]: [0mThis is a debug message from thread 1418-09-2026 00:29:33 [38;5;009m[ERROR]: [0mThis is a error message from thread 2918-09-2026 00:29:33 [38;5;015m[INFO]: [0mThis is a info message from thread 1518-09-2026 00:29:33 [38;5;117m[DEBUG]: [0mThis is a debug message from thread 2918-09-2026 00:29:33 [38;5;015m[INFO]: [0mThis is a info message from thread 1418-09-2026 00:29:33 [38;5;009m[ERROR]: [0mThis is a error message from thread 018-09-2026 00:29:33 [38;5;015m[INFO]: [0mThis is a info message from thread 2918-09-2026 00:29:33 [38;5;009m[ERROR]: [0mThis is a error message from thread 1418-09-2026 00:29:33 [38;5;117m[DEBUG]: [0mThis is a debug message from thread 018-09-2026 00:29:33 [38;5;117m[DEBUG]: [0mThis is a debug message from thread 1418-09-2026 00:29:33 [38;5;009m[ERROR]: [0mThis is a error message from thread 1618-09-2026 00:29:33 [38;5;117m[DEBUG]: [0mThis is a debug message from thread 1618-09-2026 00:29:33 [38;5;009m[ERROR]: [0mThis is a error message from thread 2918-09-2026 00:29:33 [38;5;117m[DEBUG]: [0mThis is a debug message from thread 2718-09-2026 00:29:33 [38;5;015m[INFO]: [0mThis is a info message from thread 2518-09-2026 00:29:33 [38;5;009m[ERROR]: [0mThis is a error message from thread 2218-09-2026 00:29:33 [38;5;009m[ERROR]: [0mThis is a error message from thread 218-09-2026 00:29:33 [38;5;015m[INFO]: [0mThis is a info message from thread 718-09-2026 00:29:33 [38;5;015m[INFO]: [0mThis is a info message from thread 2718-09-2026 00:29:33 [38;5;009m[ERROR]: [0mThis is a error message from thread 618-09-2026 00:29:33 [38;5;015m[INFO]: [0mThis is a info message from thread 2818-09-2026 00:29:33 [38;5;117m[DEBUG]: [0mThis is a debug message from thread 2918-09-2026 00:29:33 [38;5;117m[DEBUG]: [0mThis is a debug message from thread 618-09-2026 00:29:33 [38;5;009m[ERROR]: [0mThis is a error message from thread 2518-09-2026 00:29:33 [38;5;117m[DEBUG]: [0mThis is a debug message from thread 2618-09-2026 00:29:33 [38;5;117m[DEBUG]: [0mThis is a debug message from thread 2218-09-2026 00:29:33 [38;5;009m[ERROR]: [0mThis is a error message from thread 718-09-2026 00:29:33 [38;5;015m[INFO]: [0mThis is a info message from thread 618-09-2026 00:29:33 [38;5;015m[INFO]: [0mThis is a info message from thread 2918-09-2026 00:29:33 [38;5;117m[DEBUG]: [0mThis is a debug message from thread 2518-09-2026 00:29:33 [38;5;009m[ERROR]: [0mThis is a error message from thread 418-09-2026 00:29:33 [38;5;015m[INFO]: [0mThis is a info message from thread 2518-09-2026 00:29:33 [38;5;009m[ERROR]: [0mThis is a error message from thread 1218-09-2026 00:29:33 [38;5;009m[ERROR]: [0mThis is a error message from thread 1018-09-2026 00:29:33 [38;5;009m[ERROR]: [0mThis is a error message from thread 2518-09-2026 00:29:33 [38;5;117m[DEBUG]: [0mThis is a debug message from thread 1218-09-2026 00:29:33 [38;5;117m[DEBUG]: [0mThis is a debug message from thread 1018-09-2026 00:29:33 [38;5;009m[ERROR]: [0mThis is a error message from thread 618-09-2026 00:29:33 [38;5;009m[ERROR]: [0mThis is a error message from thread 2818-09-2026 00:29:33 [38;5;117m[DEBUG]: [0mThis is a debug message from thread 218-09-2026 00:29:33 [38;5;015m[INFO]: [0mThis is a info message from thread 1818-09-2026 00:29:33 [38;5;117m[DEBUG]: [0mThis is a debug message from thread 718-09-2026 00:29:33 [38;5;117m[DEBUG]: [0mThis is a debug message from thread 2518-09-2026 00:29:33 [38;5;015m[INFO]: [0mThis is a info message from thread 2518-09-2026 00:29:33 [38;5;009m[ERROR]: [0mThis is a error message from thread 2518-09-2026 00:29:33 [38;5;117m[DEBUG]: [0mThis is a debug message from thread 618-09-2026 00:29:33 [38;5;015m[INFO]: [0mThis is a info message from thread 618-09-2026 00:29:33 [38;5;009m[ERROR]: [0mThis is a error message from thread 618-09-2026 00:29:33 [38;5;015m[INFO]: [0mThis is a info message from thread 1018-09-2026 00:29:33 [38;5;015m[INFO]: [0mThis is a info message from thread 1118-09-2026 00:29:33 [38;5;015m[INFO]: [0mThis is a info message from thread 1218-09-2026 00:29:33 [38;5;009m[ERROR]: [0mThis is a error message from thread 1118-09-2026 00:29:33 [38;5;009m[ERROR]: [0mThis is a error message from thread 1218-09-2026 00:29:33 [38;5;117m[DEBUG]: [0mThis is a debug message from thread 1118-09-2026 00:29:33 [38;5;117m[DEBUG]: [0mThis is a debug message from thread 1218-09-2026 00:29:33 [38;5;015m[INFO]: [0mThis is a info message from thread 1118-09-2026 00:29:33 [38;5;009m[ERROR]: [0mThis is a error message from thread 818-09-2026 00:29:33 [38;5;015m[INFO]: [0mThis is a info message from thread 218-09-2026 00:29:33 [38;5;009m[ERROR]: [0mThis is a error message from thread 1118-09-2026 00:29:33 [38;5;009m[ERROR]: [0mThis is a error message from thread 118-09-2026 00:29:33 [38;5;009m[ERROR]: [0mThis is a error message from thread 218-09-2026 00:29:33 [38;5;117m[DEBUG]: [0mThis is a debug message from thread 1118-09-2026 00:29:33 [38;5;117m[DEBUG]: [0mThis is a debug message from thread 218-09-2026 00:29:33 [38;5;015m[INFO]: [0mThis is a info message from thread 1118-09-2026 00:29:33 [38;5;015m[INFO]: [0mThis is a info message from thread 2418-09-2026 00:29:33 [38;5;117m[DEBUG]: [0mThis is a debug message from thread 2818-09-2026 00:29:33 [38;5;009m[ERROR]: [0mThis is a error message from thread 2418-09-2026 00:29:33 [38;5;015m[INFO]: [0mThis is a info message from thread 2818-09-2026 00:29:33 [38;5;117m[DEBUG]: [0mThis is a debug message from thread 418-09-2026 00:29:33 [38;5;117m[DEBUG]: [0mThis is a debug message from thread 2418-09-2026 00:29:33 [38;5;015m[INFO]: [0mThis is a info message from thread 1418-09-2026 00:29:33 [38;5;015m[INFO]: [0mThis is a info message from thread 418-09-2026 00:29:33 [38;5;015m[INFO]: [0mThis is a info message from thread 2418-09-2026 00:29:33 [38;5;009m[ERROR]: [0mThis is a error message from thread 2818-09-2026 00:29:33 [38;5;015m[INFO]: [0mThis is a info message from thread 1618-09-2026 00:29:33 [38;5;015m[INFO]: [0mThis is a info message from thread 018-09-2026 00:29:33 [38;5;009m[ERROR]: [0mThis is a error message from thread 2918-09-2026 00:29:33 [38;5;009m[ERROR]: [0mThis is a error message from thread 1518-09-2026 00:29:33 [38;5;117m[DEBUG]: [0mThis is a debug message from thread 618-09-2026 00:29:33 [38;5;015m[INFO]: [0mThis is a info message from thread 1918-09-2026 00:29:33 [38;5;009m[ERROR]: [0mThis is a error message from thread 418-09-2026 00:29:33 [38;5;009m[ERROR]: [0mThis is a error message from thread 018-09-2026 00:29:33 [38;5;015m[INFO]: [0mThis is a info message from thread 518-09-2026 00:29:33 [38;5;117m[DEBUG]: [0mThis is a debug message from thread 018-09-2026 00:29:33 [38;5;117m[DEBUG]: [0mThis is a debug message from thread 1518-09-2026 00:29:33 [38;5;009m[ERROR]: [0mThis is a error message from thread 2318-09-2026 00:29:33 [38;5;117m[DEBUG]: [0mThis is a debug message from thread 418-09-2026 00:29:33 [38;5;015m[INFO]: [0mThis is a info message from thread 1218-09-2026 00:29:33 [38;5;015m[INFO]: [0mThis is a info message from thread 1518-09-2026 00:29:33 [38;5;009m[ERROR]: [0mThis is a error message from thread 1818-09-2026 00:29:33 [38;5;015m[INFO]: [0mThis is a info message from thread 1718-09-2026 00:29:33 [38;5;117m[DEBUG]: [0mThis is a debug message from thread 1818-09-2026 00:29:33 [38;5;015m[INFO]: [0mThis is a info message from thread 218-09-2026 00:29:33 [38;5;009m[ERROR]: [0mThis is a error message from thread 518-09-2026 00:29:33 [38;5;117m[DEBUG]: [0mThis is a debug message from thread 2918-09-2026 00:29:33 [38;5;009m[ERROR]: [0mThis is a error message from thread 218-09-2026 00:29:33 [38;5;117m[DEBUG]: [0mThis is a debug message from thread 918-09-2026 00:29:33 [38;5;117m[DEBUG]: [0mThis is a debug message from thread 518-09-2026 00:29:33 [38;5;009m[ERROR]: [0mThis is a error message from thread 1118-09-2026 00:29:33 [38;5;015m[INFO]: [0mThis is a info message from thread 418-09-2026 00:29:33 [38;5;009m[ERROR]: [0mThis is a error message from thread 1218-09-2026 00:29:33 [38;5;015m[INFO]: [0mThis is a info message from thread 918-09-2026 00:29:33 [38;5;117m[DEBUG]: [0mThis is a debug message from thread 1318-09-2026 00:29:33 [38;5;009m[ERROR]: [0mThis is a error message from thread 1018-09-2026 00:29:33 [38;5;009m[ERROR]: [0mThis is a error message from thread 1618-09-2026 00:29:33 [38;5;117m[DEBUG]: [0mThis is a debug message from thread 1118-09-2026 00:29:33 [38;5;015m[INFO]: [0mThis is a info message from thread 2918-09-2026 00:29:33 [38;5;015m[INFO]: [0mThis is a info message from thread 1118-09-2026 00:29:33 [38;5;009m[ERROR]: [0mThis is a error message from thread 1918-09-2026 00:29:33 [38;5;117m[DEBUG]: [0mThis is a debug message from thread 118-09-2026 00:29:33 [38;5;015m[INFO]: [0mThis is a info message from thread 618-09-2026 00:29:33 [38;5;117m[DEBUG]: [0mThis is a debug message from thread 218-09-2026 00:29:33 [38;5;009m[ERROR]: [0mThis is a error message from thread 418-09-2026 00:29:33 [38;5;009m[ERROR]: [0mThis is a error message from thread 918-09-2026 00:29:33 [38;5;009m[ERROR]: [0mThis is a error message from thread 2918-09-2026 00:29:33 [38;5;117m[DEBUG]: [0mThis is a debug message from thread 818-09-2026 00:29:33 [38;5;117m[DEBUG]: [0mThis is a debug message from thread 1018-09-2026 00:29:33 [38;5;015m[INFO]: [0mThis is a info message from thread 718-09-2026 00:29:33 [38;5;117m[DEBUG]: [0mThis is a debug message from thread 918-09-2026 00:29:33 [38;5;015m[INFO]: [0mThis is a info message from thread 218-09-2026 00:29:33 [38;5;015m[INFO]: [0mThis is a info message from thread 918-09-2026 00:29:33 [38;5;117m[DEBUG]: [0mThis is a debug message from thread 2518-09-2026 00:29:33 [38;5;015m[INFO]: [0mThis is a info message from thread 1318-09-2026 00:29:33 [38;5;009m[ERROR]: [0mThis is a error message from thread 918-09-2026 00:29:33 [38;5;009m[ERROR]: [0mThis is a error message from thread 618-09-2026 00:29:33 [38;5;117m[DEBUG]: [0mThis is a debug message from thread 2318-09-2026 00:29:33 [38;5;015m[INFO]: [0mThis is a info message from thread 1818-09-2026 00:29:33 [38;5;009m[ERROR]: [0mThis is a error message from thread 218-09-2026 00:29:33 [38;5;117m[DEBUG]: [0mThis is a debug message from thread 1918-09-2026 00:29:33 [38;5;015m[INFO]: [0mThis is a info message from thread 2318-09-2026 00:29:33 [38;5;117m[DEBUG]: [0mThis is a debug message from thread 618-09-2026 00:29:33 [38;5;117m[DEBUG]: [0mThis is a debug message from thread 918-09-2026 00:29:33 [38;5;009m[ERROR]: [0mThis is a error message from thread 1318-09-2026 00:29:33 [38;5;015m[INFO]: [0mThis is a info message from thread 2518-09-2026 00:29:33 [38;5;009m[ERROR]: [0mThis is a error message from thread 318-09-2026 00:29:33 [38;5;009m[ERROR]: [0mThis is a error message from thread 1818-09-2026 00:29:33 [38;5;009m[ERROR]: [0mThis is a error message from thread 718-09-2026 00:29:33 [38;5;117m[DEBUG]: [0mThis is a debug message from thread 1818-09-2026 00:29:33 [38;5;009m[ERROR]: [0mThis is a error message from thread 2318-09-2026 00:29:33 [38;5;009m[ERROR]: [0mThis is a error message from thread 1518-09-2026 00:29:33 [38;5;009m[ERROR]: [0mThis is a error message from thread 1718-09-2026 00:29:33 [38;5;015m[INFO]: [0mThis is a info message from thread 118-09-2026 00:29:33 [38;5;015m[INFO]: [0mThis is a info message from thread 1818-09-2026 00:29:33 [38;5;015m[INFO]: [0mThis is a info message from thread 918-09-2026 00:29:33 [38;5;117m[DEBUG]: [0mThis is a debug message from thread 218-09-2026 00:29:33 [38;5;117m[DEBUG]: [0mThis is a debug message from thread 718-09-2026 00:29:33 [38;5;117m[DEBUG]: [0mThis is a debug message from thread 318-09-2026 00:29:33 [38;5;009m[ERROR]: [0mThis is a error message from thread 1818-09-2026 00:29:33 [38;5;015m[INFO]: [0mThis is a info message from thread 2218-09-2026 00:29:33 [38;5;117m[DEBUG]: [0mThis is a debug message from thread 2318-09-2026 00:29:33 [38;5;117m[DEBUG]: [0mThis is a debug message from thread 2818-09-2026 00:29:33 [38;5;009m[ERROR]: [0mThis is a error message from thread 2518-09-2026 00:29:33 [38;5;015m[INFO]: [0mThis is a info message from thread 218-09-2026 00:29:33 [38;5;015m[INFO]: [0mThis is a info message from thread 2118-09-2026 00:29:33 [38;5;015m[INFO]: [0mThis is a info message from thread 718-09-2026 00:29:33 [38;5;117m[DEBUG]: [0mThis is a debug message from thread 1718-09-2026 00:29:33 [38;5;117m[DEBUG]: [0mThis is a debug message from thread 1818-09-2026 00:29:33 [38;5;009m[ERROR]: [0mThis is a error message from thread 2018-09-2026 00:29:33 [38;5;015m[INFO]: [0mThis is a info message from thread 2818-09-2026 00:29:33 [38;5;117m[DEBUG]: [0mThis is a debug message from thread 1318-09-2026 00:29:33 [38;5;015m[INFO]: [0mThis is a info message from thread 2618-09-2026 00:29:33 [38;5;117m[DEBUG]: [0mThis is a debug message from thread 1618-09-2026 00:29:33 [38;5;015m[INFO]: [0mThis is a info message from thread 2318-09-2026 00:29:33 [38;5;015m[INFO]: [0mThis is a info message from thread 1318-09-2026 00:29:33 [38;5;015m[INFO]: [0mThis is a info message from thread 1818-09-2026 00:29:33 [38;5;015m[INFO]: [0mThis is a info message from thread 318-09-2026 00:29:33 [38;5;015m[INFO]: [0mThis is a info message from thread 018-09-2026 00:29:33 [38;5;009m[ERROR]: [0mThis is a error message from thread 218-09-2026 00:29:33 [38;5;117m[DEBUG]: [0mThis is a debug message from thread 1518-09-2026 00:29:33 [38;5;009m[ERROR]: [0mThis is a error message from thread 1318-09-2026 00:29:33 [38;5;009m[ERROR]: [0mThis is a error message from thread 1418-09-2026 00:29:33 [38;5;009m[ERROR]: [0mThis is a error message from thread 018-09-2026 00:29:33 [38;5;009m[ERROR]: [0mThis is a error message from thread 318-09-2026 00:29:33 [38;5;117m[DEBUG]: [0mThis is a debug message from thread 2018-09-2026 00:29:33 [38;5;009m[ERROR]: [0mThis is a error message from thread 2618-09-2026 00:29:33 [38;5;009m[ERROR]: [0mThis is a error message from thread 1818-09-2026 00:29:33 [38;5;015m[INFO]: [0mThis is a info message from thread 1718-09-2026 00:29:33 [38;5;117m[DEBUG]: [0mThis is a debug message from thread 1818-09-2026 00:29:33 [38;5;117m[DEBUG]: [0mThis is a debug message from thread 1418-09-2026 00:29:33 [38;5;009m[ERROR]: [0mThis is a error message from thread 2818-09-2026 00:29:33 [38;5;009m[ERROR]: [0mThis is a error message from thread 2318-09-2026 00:29:33 [38;5;015m[INFO]: [0mThis is a info message from thread 1418-09-2026 00:29:33 [38;5;015m[INFO]: [0mThis is a info message from thread 1818-09-2026 00:29:33 [38;5;015m[INFO]: [0mThis is a info message from thread 1518-09-2026 00:29:33 [38;5;117m[DEBUG]: [0mThis is a debug message from thread 418-09-2026 00:29:33 [38;5;009m[ERROR]: [0mThis is a error message from thread 1418-09-2026 00:29:33 [38;5;015m[INFO]: [0mThis is a info message from thread 1018-09-2026 00:29:33 [38;5;117m[DEBUG]: [0mThis is a debug message from thread 2518-09-2026 00:29:33 [38;5;009m[ERROR]: [0mThis is a error message from thread 1118-09-2026 00:29:33 [38;5;117m[DEBUG]: [0mThis is a debug message from thread 1318-09-2026 00:29:33 [38;5;009m[ERROR]: [0mThis is a error message from thread 2718-09-2026 00:29:33 [38;5;015m[INFO]: [0mThis is a info message from thread 2518-09-2026 00:29:33 [38;5;009m[ERROR]: [0mThis is a error message from thread 1518-09-2026 00:29:33 [38;5;117m[DEBUG]: [0mThis is a debug message from thread 1118-09-2026 00:29:33 [38;5;117m[DEBUG]: [0mThis is a debug message from thread 2918-09-2026 00:29:33 [38;5;009m[ERROR]: [0mThis is a error message from thread 1818-09-2026 00:29:33 [38;5;015m[INFO]: [0mThis is a info message from thread 1318-09-2026 00:29:33 [38;5;015m[INFO]: [0mThis is a info message from thread 618-09-2026 00:29:33 [38;5;117m[DEBUG]: [0mThis is a debug message from thread 1818-09-2026 00:29:33 [38;5;117m[DEBUG]: [0mThis is a debug message from thread 218-09-2026 00:29:33 [38;5;015m[INFO]: [0mThis is a info message from thread 2918-09-2026 00:29:33 [38;5;117m[DEBUG]: [0mThis is a debug message from thread 1518-09-2026 00:29:33 [38;5;117m[DEBUG]: [0mThis is a debug message from thread 1418-09-2026 00:29:33 [38;5;015m[INFO]: [0mThis is a info message from thread 1818-09-2026 00:29:33 [38;5;009m[ERROR]: [0mThis is a error message from thread 1018-09-2026 00:29:33 [38;5;117m[DEBUG]: [0mThis is a debug message from thread 2718-09-2026 00:29:33 [38;5;117m[DEBUG]: [0mThis is a debug message from thread 2818-09-2026 00:29:33 [38;5;009m[ERROR]: [0mThis is a error message from thread 1818-09-2026 00:29:33 [38;5;009m[ERROR]: [0mThis is a error message from thread 2518-09-2026 00:29:33 [38;5;015m[INFO]: [0mThis is a info message from thread 1118-09-2026 00:29:33 [38;5;015m[INFO]: [0mThis is a info message from thread 1918-09-2026 00:29:33 [38;5;117m[DEBUG]: [0mThis is a debug message from thread 1818-09-2026 00:29:33 [38;5;009m[ERROR]: [0mThis is a error message from thread 918-09-2026 00:29:33 [38;5;009m[ERROR]: [0mThis is a error message from thread 718-09-2026 00:29:33 [38;5;117m[DEBUG]: [0mThis is a debug message from thread 1218-09-2026 00:29:33 [38;5;117m[DEBUG]: [0mThis is a debug message from thread 918-09-2026 00:29:33 [38;5;009m[ERROR]: [0mThis is a error message from thread 2218-09-2026 00:29:33 [38;5;117m[DEBUG]: [0mThis is a debug message from thread 1018-09-2026 00:29:33 [38;5;015m[INFO]: [0mThis is a info message from thread 918-09-2026 00:29:33 [38;5;117m[DEBUG]: [0mThis is a debug message from thread 2218-09-2026 00:29:33 [38;5;009m[ERROR]: [0mThis is a error message from thread 1118-09-2026 00:29:33 [38;5;009m[ERROR]: [0mThis is a error message from thread 2118-09-2026 00:29:33 [38;5;015m[INFO]: [0mThis is a info message from thread 2218-09-2026 00:29:33 [38;5;015m[INFO]: [0mThis is a info message from thread 218-09-2026 00:29:33 [38;5;117m[DEBUG]: [0mThis is a debug message from thread 718-09-2026 00:29:33 [38;5;117m[DEBUG]: [0mThis is a debug message from thread 2118-09-2026 00:29:33 [38;5;117m[DEBUG]: [0mThis is a debug message from thread 2518-09-2026 00:29:33 [38;5;009m[ERROR]: [0mThis is a error message from thread 118-09-2026 00:29:33 [38;5;015m[INFO]: [0mThis is a info message from thread 1618-09-2026 00:29:33 [38;5;009m[ERROR]: [0mThis is a error message from thread 218-09-2026 00:29:33 [38;5;015m[INFO]: [0mThis is a info message from thread 1518-09-2026 00:29:33 [38;5;009m[ERROR]: [0mThis is a error message from thread 2218-09-2026 00:29:33 [38;5;015m[INFO]: [0mThis is a info message from thread 718-09-2026 00:29:33 [38;5;117m[DEBUG]: [0mThis is a debug message from thread 218-09-2026 00:29:33 [38;5;117m[DEBUG]: [0mThis is a debug message from thread 118-09-2026 00:29:33 [38;5;015m[INFO]: [0mThis is a info message from thread 1418-09-2026 00:29:33 [38;5;009m[ERROR]: [0mThis is a error message from thread 1518-09-2026 00:29:33 [38;5;009m[ERROR]: [0mThis is a error message from thread 2418-09-2026 00:29:33 [38;5;117m[DEBUG]: [0mThis is a debug message from thread 318-09-2026 00:29:33 [38;5;015m[INFO]: [0mThis is a info message from thread 118-09-2026 00:29:33 [38;5;015m[INFO]: [0mThis is a info message from thread 218-09-2026 00:29:33 [38;5;009m[ERROR]: [0mThis is a error message from thread 1618-09-2026 00:29:33 [38;5;117m[DEBUG]: [0mThis is a debug message from thread 1518-09-2026 00:29:33 [38;5;009m[ERROR]: [0mThis is a error message from thread 118-09-2026 00:29:33 [38;5;009m[ERROR]: [0mThis is a error message from thread 218-09-2026 00:29:33 [38;5;117m[DEBUG]: [0mThis is a debug message from thread 2418-09-2026 00:29:33 [38;5;117m[DEBUG]: [0mThis is a debug message from thread 2618-09-2026 00:29:33 [38;5;009m[ERROR]: [0mThis is a error message from thread 1418-09-2026 00:29:33 [38;5;117m[DEBUG]: [0mThis is a debug message from thread 118-09-2026 00:29:33 [38;5;015m[INFO]: [0mThis is a info message from thread 2618-09-2026 00:29:33 [38;5;015m[INFO]: [0mThis is a info message from thread 1818-09-2026 00:29:33 [38;5;117m[DEBUG]: [0mThis is a debug message from thread 2318-09-2026 00:29:33 [38;5;015m[INFO]: [0mThis is a info message from thread 1518-09-2026 00:29:33 [38;5;015m[INFO]: [0mThis is a info message from thread 518-09-2026 00:29:33 [38;5;117m[DEBUG]: [0mThis is a debug message from thread 1418-09-2026 00:29:33 [38;5;015m[INFO]: [0mThis is a info message from thread 2818-09-2026 00:29:33 [38;5;015m[INFO]: [0mThis is a info message from thread 1418-09-2026 00:29:33 [38;5;015m[INFO]: [0mThis is a info message from thread 1218-09-2026 00:29:33 [38;5;009m[ERROR]: [0mThis is a error message from thread 1818-09-2026 00:29:33 [38;5;009m[ERROR]: [0mThis is a error message from thread 518-09-2026 00:29:33 [38;5;009m[ERROR]: [0mThis is a error message from thread 2818-09-2026 00:29:33 [38;5;009m[ERROR]: [0mThis is a error message from thread 2618-09-2026 00:29:33 [38;5;015m[INFO]: [0mThis is a info message from thread 2318-09-2026 00:29:33 [38;5;015m[INFO]: [0mThis is a info message from thread 2118-09-2026 00:29:33 [38;5;009m[ERROR]: [0mThis is a error message from thread 1918-09-2026 00:29:33 [38;5;009m[ERROR]: [0mThis is a error message from thread 918-09-2026 00:29:33 [38;5;015m[INFO]: [0mThis is a info message from thread 418-09-2026 00:29:33 [38;5;015m[INFO]: [0mThis is a info message from thread 318-09-2026 00:29:33 [38;5;009m[ERROR]: [0mThis is a error message from thread 2918-09-2026 00:29:33 [38;5;015m[INFO]: [0mThis is a info message from thread 1018-09-2026 00:29:33 [38;5;117m[DEBUG]: [0mThis is a debug message from thread 1818-09-2026 00:29:33 [38;5;117m[DEBUG]: [0mThis is a debug message from thread 1118-09-2026 00:29:33 [38;5;009m[ERROR]: [0mThis is a error message from thread 2118-09-2026 00:29:33 [38;5;015m[INFO]: [0mThis is a info message from thread 2718-09-2026 00:29:33 [38;5;009m[ERROR]: [0mThis is a error message from thread 718-09-2026 00:29:33 [38;5;009m[ERROR]: [0mThis is a error message from thread 1218-09-2026 00:29:33 [38;5;117m[DEBUG]: [0mThis is a debug message from thread 918-09-2026 00:29:33 [38;5;009m[ERROR]: [0mThis is a error message from thread 1418-09-2026 00:29:33 [38;5;009m[ERROR]: [0mThis is a error message from thread 2718-09-2026 00:29:33 [38;5;117m[DEBUG]: [0mThis is a debug message from thread 218-09-2026 00:29:33 [38;5;009m[ERROR]: [0mThis is a error message from thread 418-09-2026 00:29:33 [38;5;015m[INFO]: [0mThis is a info message from thread 118-09-2026 00:29:33 [38;5;117m[DEBUG]: [0mThis is a debug message from thread 2118-09-2026 00:29:33 [38;5;015m[INFO]: [0mThis is a info message from thread 2518-09-2026 00:29:33 [38;5;015m[INFO]: [0mThis is a info message from thread 918-09-2026 00:29:33 [38;5;015m[INFO]: [0mThis is a info message from thread 2418-09-2026 00:29:33 [38;5;015m[INFO]: [0mThis is a info message from thread 2118-09-2026 00:29:33 [38;5;117m[DEBUG]: [0mThis is a debug message from thread 1218-09-2026 00:29:33 [38;5;009m[ERROR]: [0mThis is a error message from thread 2418-09-2026 00:29:33 [38;5;015m[INFO]: [0mThis is a info message from thread 218-09-2026 00:29:33 [38;5;117m[DEBUG]: [0mThis is a debug message from thread 018-09-2026 00:29:33 [38;5;117m[DEBUG]: [0mThis is a debug message from thread 418-09-2026 00:29:33 [38;5;015m[INFO]: [0mThis is a info message from thread 1218-09-2026 00:29:33 [38;5;009m[ERROR]: [0mThis is a error message from thread 2518-09-2026 00:29:33 [38;5;117m[DEBUG]: [0mThis is a debug message from thread 2918-09-2026 00:29:33 [38;5;117m[DEBUG]: [0mThis is a debug message from thread 2818-09-2026 00:29:33 [38;5;117m[DEBUG]: [0mThis is a debug message from thread 2418-09-2026 00:29:33 [38;5;117m[DEBUG]: [0mThis is a debug message from thread 1418-09-2026 00:29:33 [38;5;117m[DEBUG]: [0mThis is a debug message from thread 518-09-2026 00:29:33 [38;5;117m[DEBUG]: [0mThis is a debug message from thread 1918-09-2026 00:29:33 [38;5;009m[ERROR]: [0mThis is a error message from thread 1218-09-2026 00:29:33 [38;5;015m[INFO]: [0mThis is a info message from thread 518-09-2026 00:29:33 [38;5;015m[INFO]: [0mThis is a info message from thread 1918-09-2026 00:29:33 [38;5;009m[ERROR]: [0mThis is a error message from thread 218-09-2026 00:29:33 [38;5;015m[INFO]: [0mThis is a info message from thread 2818-09-2026 00:29:33 [38;5;009m[ERROR]: [0mThis is a error message from thread 1318-09-2026 00:29:33 [38;5;117m[DEBUG]: [0mThis is a debug message from thread 2618-09-2026 00:29:33 [38;5;009m[ERROR]: [0mThis is a error message from thread 1918-09-2026 00:29:33 [38;5;117m[DEBUG]: [0mThis is a debug message from thread 2518-09-2026 00:29:33 [38;5;117m[DEBUG]: [0mThis is a debug message from thread 1918-09-2026 00:29:33 [38;5;015m[INFO]: [0mThis is a info message from thread 2618-09-2026 00:29:33 [38;5;015m[INFO]: [0mThis is a info message from thread 018-09-2026 00:29:33 [38;5;015m[INFO]: [0mThis is a info message from thread 418-09-2026 00:29:33 [38;5;015m[INFO]: [0mThis is a info message from thread 1118-09-2026 00:29:33 [38;5;015m[INFO]: [0mThis is a info message from thread 1918-09-2026 00:29:33 [38;5;117m[DEBUG]: [0mThis is a debug message from thread 218-09-2026 00:29:33 [38;5;009m[ERROR]: [0mThis is a error message from thread 2318-09-2026 00:29:33 [38;5;015m[INFO]: [0mThis is a info message from thread 2518-09-2026 00:29:33 [38;5;015m[INFO]: [0mThis is a info message from thread 2018-09-2026 00:29:33 [38;5;009m[ERROR]: [0mThis is a error message from thread 1118-09-2026 00:29:33 [38;5;009m[ERROR]: [0mThis is a error message from thread 2518-09-2026 00:29:33 [38;5;009m[ERROR]: [0mThis is a error message from thread 1918-09-2026 00:29:33 [38;5;015m[INFO]: [0mThis is a info message from thread 2418-09-2026 00:29:33 [38;5;015m[INFO]: [0mThis is a info message from thread 1818-09-2026 00:29:33 [38;5;009m[ERROR]: [0mThis is a error message from thread 518-09-2026 00:29:33 [38;5;117m[DEBUG]: [0mThis is a debug message from thread 718-09-2026 00:29:33 [38;5;009m[ERROR]: [0mThis is a error message from thread 418-09-2026 00:29:33 [38;5;009m[ERROR]: [0mThis is a error message from thread 1818-09-2026 00:29:33 [38;5;117m[DEBUG]: [0mThis is a debug message from thread 1918-09-2026 00:29:33 [38;5;117m[DEBUG]: [0mThis is a debug message from thread 2718-09-2026 00:29:33 [38;5;117m[DEBUG]: [0mThis is a debug message from thread 1118-09-2026 00:29:33 [38;5;009m[ERROR]: [0mThis is a error message from thread 918-09-2026 00:29:33 [38;5;015m[INFO]: [0mThis is a info message from thread 218-09-2026 00:29:33 [38;5;117m[DEBUG]: [0mThis is a debug message from thread 1818-09-2026 00:29:33 [38;5;015m[INFO]: [0mThis is a info message from thread 1918-09-2026 00:29:33 [38;5;117m[DEBUG]: [0mThis is a debug message from thread 518-09-2026 00:29:33 [38;5;117m[DEBUG]: [0mThis is a debug message from thread 2318-09-2026 00:29:33 [38;5;117m[DEBUG]: [0mThis is a debug message from thread 2218-09-2026 00:29:33 [38;5;009m[ERROR]: [0mThis is a error message from thread 2118-09-2026 00:29:33 [38;5;117m[DEBUG]: [0mThis is a debug message from thread 2518-09-2026 00:29:33 [38;5;009m[ERROR]: [0mThis is a error message from thread 118-09-2026 00:29:33 [38;5;009m[ERROR]: [0mThis is a error message from thread 618-09-2026 00:29:33 [38;5;117m[DEBUG]: [0mThis is a debug message from thread 418-09-2026 00:29:33 [38;5;015m[INFO]: [0mThis is a info message from thread 2718-09-2026 00:29:33 [38;5;009m[ERROR]: [0mThis is a error message from thread 1018-09-2026 00:29:33 [38;5;015m[INFO]: [0mThis is a info message from thread 2218-09-2026 00:29:33 [38;5;009m[ERROR]: [0mThis is a error message from thread 318-09-2026 00:29:33 [38;5;009m[ERROR]: [0mThis is a error message from thread 218-09-2026 00:29:33 [38;5;015m[INFO]: [0mThis is a info message from thread 2518-09-2026 00:29:33 [38;5;015m[INFO]: [0mThis is a info message from thread 518-09-2026 00:29:33 [38;5;015m[INFO]: [0mThis is a info message from thread 1118-09-2026 00:29:33 [38;5;117m[DEBUG]: [0mThis is a debug message from thread 218-09-2026 00:29:33 [38;5;117m[DEBUG]: [0mThis is a debug message from thread 1018-09-2026 00:29:33 [38;5;117m[DEBUG]: [0mThis is a debug message from thread 318-09-2026 00:29:33 [38;5;009m[ERROR]: [0mThis is a error message from thread 018-09-2026 00:29:33 [38;5;117m[DEBUG]: [0mThis is a debug message from thread 118-09-2026 00:29:33 [38;5;015m[INFO]: [0mThis is a info message from thread 418-09-2026 00:29:33 [38;5;009m[ERROR]: [0mThis is a error message from thread 518-09-2026 00:29:33 [38;5;117m[DEBUG]: [0mThis is a debug message from thread 518-09-2026 00:29:33 [38;5;015m[INFO]: [0mThis is a info message from thread 318-09-2026 00:29:33 [38;5;009m[ERROR]: [0mThis is a error message from thread 2518-09-2026 00:29:33 [38;5;015m[INFO]: [0mThis is a info message from thread 1818-09-2026 00:29:33 [38;5;015m[INFO]: [0mThis is a info message from thread 2318-09-2026 00:29:33 [38;5;009m[ERROR]: [0mThis is a error message from thread 1118-09-2026 00:29:33 [38;5;117m[DEBUG]: [0mThis is a debug message from thread 1618-09-2026 00:29:33 [38;5;117m[DEBUG]: [0mThis is a debug message from thread 018-09-2026 00:29:33 [38;5;009m[ERROR]: [0mThis is a error message from thread 318-09-2026 00:29:33 [38;5;009m[ERROR]: [0mThis is a error message from thread 2218-09-2026 00:29:33 [38;5;009m[ERROR]: [0mThis is a error message from thread 418-09-2026 00:29:33 [38;5;015m[INFO]: [0mThis is a info message from thread 1618-09-2026 00:29:33 [38;5;015m[INFO]: [0mThis is a info message from thread 1018-09-2026 00:29:33 [38;5;117m[DEBUG]: [0mThis is a debug message from thread 318-09-2026 00:29:33 [38;5;009m[ERROR]: [0mThis is a error message from thread 1818-09-2026 00:29:33 [38;5;009m[ERROR]: [0mThis is a error message from thread 1018-09-2026 00:29:33 [38;5;117m[DEBUG]: [0mThis is a debug message from thread 1818-09-2026 00:29:33 [38;5;015m[INFO]: [0mThis is a info message from thread 518-09-2026 00:29:33 [38;5;009m[ERROR]: [0mThis is a error message from thread 2318-09-2026 00:29:33 [38;5;117m[DEBUG]: [0mThis is a debug message from thread 618-09-2026 00:29:33 [38;5;015m[INFO]: [0mThis is a info message from thread 318-09-2026 00:29:33 [38;5;015m[INFO]: [0mThis is a info message from thread 718-09-2026 00:29:33 [38;5;015m[INFO]: [0mThis is a info message from thread 1418-09-2026 00:29:33 [38;5;015m[INFO]: [0mThis is a info message from thread 118-09-2026 00:29:33 [38;5;117m[DEBUG]: [0mThis is a debug message from thread 418-09-2026 00:29:33 [38;5;015m[INFO]: [0mThis is a info message from thread 218-09-2026 00:29:33 [38;5;015m[INFO]: [0mThis is a info message from thread 1818-09-2026 00:29:33 [38;5;117m[DEBUG]: [0mThis is a debug message from thread 1118-09-2026 00:29:33 [38;5;117m[DEBUG]: [0mThis is a debug message from thread 1318-09-2026 00:29:33 [38;5;009m[ERROR]: [0mThis is a error message from thread 2618-09-2026 00:29:33 [38;5;009m[ERROR]: [0mThis is a error message from thread 1418-09-2026 00:29:33 [38;5;117m[DEBUG]: [0mThis is a debug message from thread 2518-09-2026 00:29:33 [38;5;009m[ERROR]: [0mThis is a error message from thread 1518-09-2026 00:29:33 [38;5;009m[ERROR]: [0mThis is a error message from thread 1818-09-2026 00:29:33 [38;5;009m[ERROR]: [0mThis is a error message from thread 2818-09-2026 00:29:33 [38;5;009m[ERROR]: [0mThis is a error message from thread 2718-09-2026 00:29:33 [38;5;015m[INFO]: [0mThis is a info message from thread 818-09-2026 00:29:33 [38;5;009m[ERROR]: [0mThis is a error message from thread 118-09-2026 00:29:33 [38;5;015m[INFO]: [0mThis is a info message from thread 1118-09-2026 00:29:33 [38;5;009m[ERROR]: [0mThis is a error message from thread 218-09-2026 00:29:33 [38;5;015m[INFO]: [0mThis is a info message from thread 1318-09-2026 00:29:33 [38;5;009m[ERROR]: [0mThis is a error message from thread 1618-09-2026 00:29:33 [38;5;009m[ERROR]: [0mThis is a error message from thread 1718-09-2026 00:29:33 [38;5;015m[INFO]: [0mThis is a info message from thread 618-09-2026 00:29:33 [38;5;117m[DEBUG]: [0mThis is a debug message from thread 2718-09-2026 00:29:33 [38;5;117m[DEBUG]: [0mThis is a debug message from thread 1618-09-2026 00:29:33 [38;5;117m[DEBUG]: [0mThis is a debug message from thread 1718-09-2026 00:29:33 [38;5;117m[DEBUG]: [0mThis is a debug message from thread 2618-09-2026 00:29:33 [38;5;117m[DEBUG]: [0mThis is a debug message from thread 2818-09-2026 00:29:33 [38;5;117m[DEBUG]: [0mThis is a debug message from thread 2318-09-2026 00:29:33 [38;5;117m[DEBUG]: [0mThis is a debug message from thread 118-09-2026 00:29:33 [38;5;009m[ERROR]: [0mThis is a error message from thread 2018-09-2026 00:29:33 [38;5;009m[ERROR]: [0mThis is a error message from thread 1118-09-2026 00:29:33 [38;5;015m[INFO]: [0mThis is a info message from thread 2818-09-2026 00:29:33 [38;5;117m[DEBUG]: [0mThis is a debug message from thread 2218-09-2026 00:29:33 [38;5;015m[INFO]: [0mThis is a info message from thread 2618-09-2026 00:29:33 [38;5;009m[ERROR]: [0mThis is a error message from thread 818-09-2026 00:29:33 [38;5;009m[ERROR]: [0mThis is a error message from thread 1318-09-2026 00:29:33 [38;5;117m[DEBUG]: [0mThis is a debug message from thread 218-09-2026 00:29:33 [38;5;009m[ERROR]: [0mThis is a error message from thread 718-09-2026 00:29:33 [38;5;015m[INFO]: [0mThis is a info message from thread 118-09-2026 00:29:33 [38;5;015m[INFO]: [0mThis is a info message from thread 2518-09-2026 00:29:33 [38;5;009m[ERROR]: [0mThis is a error message from thread 2818-09-2026 00:29:33 [38;5;117m[DEBUG]: [0mThis is a debug message from thread 918-09-2026 00:29:33 [38;5;015m[INFO]: [0mThis is a info message from thread 218-09-2026 00:29:33 [38;5;015m[INFO]: [0mThis is a info message from thread 2218-09-2026 00:29:33 [38;5;117m[DEBUG]: [0mThis is a debug message from thread 1118-09-2026 00:29:33 [38;5;117m[DEBUG]: [0mThis is a debug message from thread 1418-09-2026 00:29:33 [38;5;015m[INFO]: [0mThis is a info message from thread 418-09-2026 00:29:33 [38;5;009m[ERROR]: [0mThis is a error message from thread 318-09-2026 00:29:33 [38;5;009m[ERROR]: [0mThis is a error message from thread 118-09-2026 00:29:33 [38;5;009m[ERROR]: [0mThis is a error message from thread 2418-09-2026 00:29:33 [38;5;009m[ERROR]: [0mThis is a error message from thread 2518-09-2026 00:29:33 [38;5;015m[INFO]: [0mThis is a info message from thread 1118-09-2026 00:29:33 [38;5;117m[DEBUG]: [0mThis is a debug message from thread 1818-09-2026 00:29:33 [38;5;009m[ERROR]: [0mThis is a error message from thread 2618-09-2026 00:29:33 [38;5;015m[INFO]: [0mThis is a info message from thread 1418-09-2026 00:29:33 [38;5;009m[ERROR]: [0mThis is a error message from thread 1918-09-2026 00:29:33 [38;5;015m[INFO]: [0mThis is a info message from thread 2718-09-2026 00:29:33 [38;5;117m[DEBUG]: [0mThis is a debug message from thread 2618-09-2026 00:29:33 [38;5;117m[DEBUG]: [0mThis is a debug message from thread 2418-09-2026 00:29:33 [38;5;117m[DEBUG]: [0mThis is a debug message from thread 1518-09-2026 00:29:33 [38;5;117m[DEBUG]: [0mThis is a debug message from thread 2118-09-2026 00:29:33 [38;5;117m[DEBUG]: [0mThis is a debug message from thread 2518-09-2026 00:29:33 [38;5;015m[INFO]: [0mThis is a info message from thread 2318-09-2026 00:29:33 [38;5;015m[INFO]: [0mThis is a info message from thread 1818-09-2026 00:29:33 [38;5;009m[ERROR]: [0mThis is a error message from thread 2718-09-2026 00:29:33 [38;5;117m[DEBUG]: [0mThis is a debug message from thread 1218-09-2026 00:29:33 [38;5;117m[DEBUG]: [0mThis is a debug message from thread 318-09-2026 00:29:33 [38;5;117m[DEBUG]: [0mThis is a debug message from thread 118-09-2026 00:29:33 [38;5;117m[DEBUG]: [0mThis is a debug message from thread 818-09-2026 00:29:33 [38;5;009m[ERROR]: [0mThis is a error message from thread 418-09-2026 00:29:33 [38;5;015m[INFO]: [0mThis is a info message from thread 1518-09-2026 00:29:33 [38;5;015m[INFO]: [0mThis is a info message from thread 318-09-2026 00:29:33 [38;5;015m[INFO]: [0mThis is a info message from thread 1618-09-2026 00:29:33 [38;5;117m[DEBUG]: [0mThis is a debug message from thread 418-09-2026 00:29:33 [38;5;009m[ERROR]: [0mThis is a error message from thread 1818-09-2026 00:29:33 [38;5;015m[INFO]: [0mThis is a info message from thread 2618-09-2026 00:29:33 [38;5;015m[INFO]: [0mThis is a info message from thread 2518-09-2026 00:29:33 [38;5;015m[INFO]: [0mThis is a info message from thread 2118-09-2026 00:29:33 [38;5;117m[DEBUG]: [0mThis is a debug message from thread 1818-09-2026 00:29:33 [38;5;015m[INFO]: [0mThis is a info message from thread 418-09-2026 00:29:33 [38;5;009m[ERROR]: [0mThis is a error message from thread 2618-09-2026 00:29:33 [38;5;015m[INFO]: [0mThis is a info message from thread 1218-09-2026 00:29:33 [38;5;015m[INFO]: [0mThis is a info message from thread 818-09-2026 00:29:33 [38;5;009m[ERROR]: [0mThis is a error message from thread 2318-09-2026 00:29:33 [38;5;009m[ERROR]: [0mThis is a error message from thread 818-09-2026 00:29:33 [38;5;009m[ERROR]: [0mThis is a error message from thread 1518-09-2026 00:29:33 [38;5;009m[ERROR]: [0mThis is a error message from thread 1618-09-2026 00:29:33 [38;5;009m[ERROR]: [0mThis is a error message from thread 1218-09-2026 00:29:33 [38;5;117m[DEBUG]: [0mThis is a debug message from thread 1018-09-2026 00:29:33 [38;5;009m[ERROR]: [0mThis is a error message from thread 2518-09-2026 00:29:33 [38;5;117m[DEBUG]: [0mThis is a debug message from thread 2718-09-2026 00:29:33 [38;5;117m[DEBUG]: [0mThis is a debug message from thread 2318-09-2026 00:29:33 [38;5;015m[INFO]: [0mThis is a info message from thread 1718-09-2026 00:29:33 [38;5;015m[INFO]: [0mThis is a info message from thread 2918-09-2026 00:29:33 [38;5;117m[DEBUG]: [0mThis is a debug message from thread 1618-09-2026 00:29:33 [38;5;015m[INFO]: [0mThis is a info message from thread 118-09-2026 00:29:33 [38;5;015m[INFO]: [0mThis is a info message from thread 1818-09-2026 00:29:33 [38;5;009m[ERROR]: [0mThis is a error message from thread 1418-09-2026 00:29:33 [38;5;117m[DEBUG]: [0mThis is a debug message from thread 2018-09-2026 00:29:33 [38;5;015m[INFO]: [0mThis is a info message from thread 2318-09-2026 00:29:33 [38;5;009m[ERROR]: [0mThis is a error message from thread 2918-09-2026 00:29:33 [38;5;117m[DEBUG]: [0mThis is a debug message from thread 1218-09-2026 00:29:33 [38;5;015m[INFO]: [0mThis is a info message from thread 1018-09-2026 00:29:33 [38;5;015m[INFO]: [0mThis is a info message from thread 918-09-2026 00:29:33 [38;5;117m[DEBUG]: [0mThis is a debug message from thread 1318-09-2026 00:29:33 [38;5;015m[INFO]: [0mThis is a info message from thread 2718-09-2026 00:29:33 [38;5;009m[ERROR]: [0mThis is a error message from thread 518-09-2026 00:29:33 [38;5;015m[INFO]: [0mThis is a info message from thread 1618-09-2026 00:29:33 [38;5;009m[ERROR]: [0mThis is a error message from thread 1818-09-2026 00:29:33 [38;5;015m[INFO]: [0mThis is a info message from thread 1318-09-2026 00:29:33 [38;5;117m[DEBUG]: [0mThis is a debug message from thread 1418-09-2026 00:29:33 [38;5;009m[ERROR]: [0mThis is a error message from thread 2318-09-2026 00:29:33 [38;5;009m[ERROR]: [0mThis is a error message from thread 2718-09-2026 00:29:33 [38;5;015m[INFO]: [0mThis is a info message from thread 1218-09-2026 00:29:33 [38;5;117m[DEBUG]: [0mThis is a debug message from thread 1518-09-2026 00:29:33 [38;5;117m[DEBUG]: [0mThis is a debug message from thread 2318-09-2026 00:29:33 [38;5;009m[ERROR]: [0mThis is a error message from thread 918-09-2026 00:29:33 [38;5;117m[DEBUG]: [0mThis is a debug message from thread 518-09-2026 00:29:33 [38;5;009m[ERROR]: [0mThis is a error message from thread 1118-09-2026 00:29:33 [38;5;015m[INFO]: [0mThis is a info message from thread 1418-09-2026 00:29:33 [38;5;117m[DEBUG]: [0mThis is a debug message from thread 2718-09-2026 00:29:33 [38;5;015m[INFO]: [0mThis is a info message from thread 1518-09-2026 00:29:33 [38;5;117m[DEBUG]: [0mThis is a debug message from thread 1918-09-2026 00:29:33 [38;5;117m[DEBUG]: [0mThis is a debug message from thread 2518-09-2026 00:29:33 [38;5;009m[ERROR]: [0mThis is a error message from thread 1318-09-2026 00:29:33 [38;5;009m[ERROR]: [0mThis is a error message from thread 618-09-2026 00:29:33 [38;5;015m[INFO]: [0mThis is a info message from thread 2318-09-2026 00:29:33 [38;5;117m[DEBUG]: [0mThis is a debug message from thread 1118-09-2026 00:29:33 [38;5;009m[ERROR]: [0mThis is a error message from thread 118-09-2026 00:29:33 [38;5;009m[ERROR]: [0mThis is a error message from thread 2218-09-2026 00:29:33 [38;5;015m[INFO]: [0mThis is a info message from thread 518-09-2026 00:29:33 [38;5;009m[ERROR]: [0mThis is a error message from thread 2318-09-2026 00:29:33 [38;5;015m[INFO]: [0mThis is a info message from thread 018-09-2026 00:29:33 [38;5;117m[DEBUG]: [0mThis is a debug message from thread 618-09-2026 00:29:33 [38;5;117m[DEBUG]: [0mThis is a debug message from thread 2818-09-2026 00:29:33 [38;5;009m[ERROR]: [0mThis is a error message from thread 1518-09-2026 00:29:33 [38;5;015m[INFO]: [0mThis is a info message from thread 2718-09-2026 00:29:33 [38;5;015m[INFO]: [0mThis is a info message from thread 2518-09-2026 00:29:33 [38;5;117m[DEBUG]: [0mThis is a debug message from thread 2318-09-2026 00:29:33 [38;5;009m[ERROR]: [0mThis is a error message from thread 018-09-2026 00:29:33 [38;5;009m[ERROR]: [0mThis is a error message from thread 2718-09-2026 00:29:33 [38;5;117m[DEBUG]: [0mThis is a debug message from thread 2218-09-2026 00:29:33 [38;5;015m[INFO]: [0mThis is a info message from thread 2318-09-2026 00:29:33 [38;5;015m[INFO]: [0mThis is a info message from thread 1918-09-2026 00:29:33 [38;5;009m[ERROR]: [0mThis is a error message from thread 1718-09-2026 00:29:33 [38;5;117m[DEBUG]: [0mThis is a debug message from thread 118-09-2026 00:29:33 [38;5;009m[ERROR]: [0mThis is a error message from thread 2518-09-2026 00:29:33 [38;5;117m[DEBUG]: [0mThis is a debug message from thread 018-09-2026 00:29:33 [38;5;009m[ERROR]: [0mThis is a error message from thread 218-09-2026 00:29:33 [38;5;117m[DEBUG]: [0mThis is a debug message from thread 1518-09-2026 00:29:33 [38;5;117m[DEBUG]: [0mThis is a debug message from thread 2718-09-2026 00:29:33 [38;5;015m[INFO]: [0mThis is a info message from thread 2218-09-2026 00:29:33 [38;5;009m[ERROR]: [0mThis is a error message from thread 1918-09-2026 00:29:33 [38;5;117m[DEBUG]: [0mThis is a debug message from thread 1818-09-2026 00:29:33 [38;5;117m[DEBUG]: [0mThis is a debug message from thread 1318-09-2026 00:29:33 [38;5;015m[INFO]: [0mThis is a info message from thread 118-09-2026 00:29:33 [38;5;009m[ERROR]: [0mThis is a error message from thread 1618-09-2026 00:29:33 [38;5;009m[ERROR]: [0mThis is a error message from thread 2318-09-2026 00:29:33 [38;5;117m[DEBUG]: [0mThis is a debug message from thread 1918-09-2026 00:29:33 [38;5;015m[INFO]: [0mThis is a info message from thread 1518-09-2026 00:29:33 [38;5;117m[DEBUG]: [0mThis is a debug message from thread 2618-09-2026 00:29:33 [38;5;015m[INFO]: [0mThis is a info message from thread 2018-09-2026 00:29:33 [38;5;117m[DEBUG]: [0mThis is a debug message from thread 2318-09-2026 00:29:33 [38;5;015m[INFO]: [0mThis is a info message from thread 1818-09-2026 00:29:33 [38;5;009m[ERROR]: [0mThis is a error message from thread 1418-09-2026 00:29:33 [38;5;009m[ERROR]: [0mThis is a error message from thread 1518-09-2026 00:29:33 [38;5;117m[DEBUG]: [0mThis is a debug message from thread 2918-09-2026 00:29:33 [38;5;009m[ERROR]: [0mThis is a error message from thread 118-09-2026 00:29:33 [38;5;117m[DEBUG]: [0mThis is a debug message from thread 818-09-2026 00:29:33 [38;5;117m[DEBUG]: [0mThis is a debug message from thread 1618-09-2026 00:29:33 [38;5;117m[DEBUG]: [0mThis is a debug message from thread 1518-09-2026 00:29:33 [38;5;015m[INFO]: [0mThis is a info message from thread 1918-09-2026 00:29:33 [38;5;015m[INFO]: [0mThis is a info message from thread 2618-09-2026 00:29:33 [38;5;117m[DEBUG]: [0mThis is a debug message from thread 1418-09-2026 00:29:33 [38;5;009m[ERROR]: [0mThis is a error message from thread 1018-09-2026 00:29:33 [38;5;009m[ERROR]: [0mThis is a error message from thread 1818-09-2026 00:29:33 [38;5;015m[INFO]: [0mThis is a info message from thread 1318-09-2026 00:29:33 [38;5;009m[ERROR]: [0mThis is a error message from thread 1218-09-2026 00:29:33 [38;5;009m[ERROR]: [0mThis is a error message from thread 1918-09-2026 00:29:33 [38;5;015m[INFO]: [0mThis is a info message from thread 618-09-2026 00:29:33 [38;5;015m[INFO]: [0mThis is a info message from thread 018-09-2026 00:29:33 [38;5;015m[INFO]: [0mThis is a info message from thread 2418-09-2026 00:29:33 [38;5;117m[DEBUG]: [0mThis is a debug message from thread 218-09-2026 00:29:33 [38;5;009m[ERROR]: [0mThis is a error message from thread 2418-09-2026 00:29:33 [38;5;015m[INFO]: [0mThis is a info message from thread 1418-09-2026 00:29:33 [38;5;015m[INFO]: [0mThis is a info message from thread 1518-09-2026 00:29:33 [38;5;117m[DEBUG]: [0mThis is a debug message from thread 1718-09-2026 00:29:33 [38;5;015m[INFO]: [0mThis is a info message from thread 2918-09-2026 00:29:33 [38;5;117m[DEBUG]: [0mThis is a debug message from thread 1218-09-2026 00:29:33 [38;5;009m[ERROR]: [0mThis is a error message from thread 518-09-2026 00:29:33 [38;5;117m[DEBUG]: [0mThis is a debug message from thread 1018-09-2026 00:29:33 [38;5;015m[INFO]: [0mThis is a info message from thread 1718-09-2026 00:29:33 [38;5;015m[INFO]: [0mThis is a info message from thread 1218-09-2026 00:29:33 [38;5;009m[ERROR]: [0mThis is a error message from thread 1718-09-2026 00:29:33 [38;5;009m[ERROR]: [0mThis is a error message from thread 1518-09-2026 00:29:33 [38;5;117m[DEBUG]: [0mThis is a debug message from thread 1718-09-2026 00:29:33 [38;5;009m[ERROR]: [0mThis is a error message from thread 318-09-2026 00:29:33 [38;5;009m[ERROR]: [0mThis is a error message from thread 2918-09-2026 00:29:33 [38;5;009m[ERROR]: [0mThis is a error message from thread 2018-09-2026 00:29:33 [38;5;015m[INFO]: [0mThis is a info message from thread 1718-09-2026 00:29:33 [38;5;009m[ERROR]: [0mThis is a error message from thread 2218-09-2026 00:29:33 [38;5;015m[INFO]: [0mThis is a info message from thread 1118-09-2026 00:29:33 [38;5;015m[INFO]: [0mThis is a info message from thread 2718-09-2026 00:29:33 [38;5;117m[DEBUG]: [0mThis is a debug message from thread 2418-09-2026 00:29:33 [38;5;015m[INFO]: [0mThis is a info message from thread 818-09-2026 00:29:33 [38;5;009m[ERROR]: [0mThis is a error message from thread 1718-09-2026 00:29:33 [38;5;117m[DEBUG]: [0mThis is a debug message from thread 2018-09-2026 00:29:33 [38;5;015m[INFO]: [0mThis is a info message from thread 1018-09-2026 00:29:33 [38;5;117m[DEBUG]: [0mThis is a debug message from thread 718-09-2026 00:29:33 [38;5;009m[ERROR]: [0mThis is a error message from thread 618-09-2026 00:29:33 [38;5;117m[DEBUG]: [0mThis is a debug message from thread 318-09-2026 00:29:33 [38;5;009m[ERROR]: [0mThis is a error message from thread 1018-09-2026 00:29:33 [38;5;015m[INFO]: [0mThis is a info message from thread 2018-09-2026 00:29:33 [38;5;015m[INFO]: [0mThis is a info message from thread 718-09-2026 00:29:33 [38;5;117m[DEBUG]: [0mThis is a debug message from thread 1018-09-2026 00:29:33 [38;5;009m[ERROR]: [0mThis is a error message from thread 2018-09-2026 00:29:33 [38;5;009m[ERROR]: [0mThis is a error message from thread 718-09-2026 00:29:33 [38;5;015m[INFO]: [0mThis is a info message from thread 1018-09-2026 00:29:33 [38;5;117m[DEBUG]: [0mThis is a debug message from thread 2018-09-2026 00:29:33 [38;5;015m[INFO]: [0mThis is a info message from thread 318-09-2026 00:29:33 [38;5;117m[DEBUG]: [0mThis is a debug message from thread 1918-09-2026 00:29:33 [38;5;117m[DEBUG]: [0mThis is a debug message from thread 618-09-2026 00:29:33 [38;5;015m[INFO]: [0mThis is a info message from thread 618-09-2026 00:29:33 [38;5;009m[ERROR]: [0mThis is a error message from thread 318-09-2026 00:29:33 [38;5;009m[ERROR]: [0mThis is a error message from thread 1418-09-2026 00:29:33 [38;5;009m[ERROR]: [0mThis is a error message from thread 618-09-2026 00:29:33 [38;5;015m[INFO]: [0mThis is a info message from thread 1918-09-2026 00:29:33 [38;5;015m[INFO]: [0mThis is a info message from thread 2318-09-2026 00:29:33 [38;5;117m[DEBUG]: [0mThis is a debug message from thread 318-09-2026 00:29:33 [38;5;009m[ERROR]: [0mThis is a error message from thread 2718-09-2026 00:29:33 [38;5;009m[ERROR]: [0mThis is a error message from thread 1218-09-2026 00:29:33 [38;5;117m[DEBUG]: [0mThis is a debug message from thread 718-09-2026 00:29:33 [38;5;009m[ERROR]: [0mThis is a error message from thread 1018-09-2026 00:29:33 [38;5;117m[DEBUG]: [0mThis is a debug message from thread 1418-09-2026 00:29:33 [38;5;015m[INFO]: [0mThis is a info message from thread 2018-09-2026 00:29:33 [38;5;009m[ERROR]: [0mThis is a error message from thread 418-09-2026 00:29:33 [38;5;117m[DEBUG]: [0mThis is a debug message from thread 2518-09-2026 00:29:33 [38;5;117m[DEBUG]: [0mThis is a debug message from thread 1818-09-2026 00:29:33 [38;5;009m[ERROR]: [0mThis is a error message from thread 1918-09-2026 00:29:33 [38;5;015m[INFO]: [0mThis is a info message from thread 318-09-2026 00:29:33 [38;5;117m[DEBUG]: [0mThis is a debug message from thread 618-09-2026 00:29:33 [38;5;117m[DEBUG]: [0mThis is a debug message from thread 1918-09-2026 00:29:33 [38;5;015m[INFO]: [0mThis is a info message from thread 1418-09-2026 00:29:33 [38;5;015m[INFO]: [0mThis is a info message from thread 1818-09-2026 00:29:33 [38;5;009m[ERROR]: [0mThis is a error message from thread 1818-09-2026 00:29:33 [38;5;015m[INFO]: [0mThis is a info message from thread 2818-09-2026 00:29:33 [38;5;015m[INFO]: [0mThis is a info message from thread 1918-09-2026 00:29:33 [38;5;117m[DEBUG]: [0mThis is a debug message from thread 1218-09-2026 00:29:33 [38;5;015m[INFO]: [0mThis is a info message from thread 718-09-2026 00:29:33 [38;5;009m[ERROR]: [0mThis is a error message from thread 1318-09-2026 00:29:33 [38;5;009m[ERROR]: [0mThis is a error message from thread 2818-09-2026 00:29:33 [38;5;117m[DEBUG]: [0mThis is a debug message from thread 918-09-2026 00:29:33 [38;5;117m[DEBUG]: [0mThis is a debug message from thread 1518-09-2026 00:29:33 [38;5;009m[ERROR]: [0mThis is a error message from thread 718-09-2026 00:29:33 [38;5;117m[DEBUG]: [0mThis is a debug message from thread 1318-09-2026 00:29:33 [38;5;009m[ERROR]: [0mThis is a error message from thread 2118-09-2026 00:29:33 [38;5;009m[ERROR]: [0mThis is a error message from thread 018-09-2026 00:29:33 [38;5;009m[ERROR]: [0mThis is a error message from thread 1918-09-2026 00:29:33 [38;5;117m[DEBUG]: [0mThis is a debug message from thread 1018-09-2026 00:29:33 [38;5;117m[DEBUG]: [0mThis is a debug message from thread 118-09-2026 00:29:33 [38;5;015m[INFO]: [0mThis is a info message from thread 618-09-2026 00:29:33 [38;5;009m[ERROR]: [0mThis is a error message from thread 2018-09-2026 00:29:33 [38;5;009m[ERROR]: [0mThis is a error message from thread 2618-09-2026 00:29:33 [38;5;015m[INFO]: [0mThis is a info message from thread 1318-09-2026 00:29:33 [38;5;117m[DEBUG]: [0mThis is a debug message from thread 018-09-2026 00:29:33 [38;5;117m[DEBUG]: [0mThis is a debug message from thread 2918-09-2026 00:29:33 [38;5;117m[DEBUG]: [0mThis is a debug message from thread 718-09-2026 00:29:33 [38;5;015m[INFO]: [0mThis is a info message from thread 018-09-2026 00:29:33 [38;5;117m[DEBUG]: [0mThis is a debug message from thread 1918-09-2026 00:29:33 [38;5;117m[DEBUG]: [0mThis is a debug message from thread 1718-09-2026 00:29:33 [38;5;117m[DEBUG]: [0mThis is a debug message from thread 2118-09-2026 00:29:33 [38;5;009m[ERROR]: [0mThis is a error message from thread 818-09-2026 00:29:33 [38;5;015m[INFO]: [0mThis is a info message from thread 1018-09-2026 00:29:33 [38;5;117m[DEBUG]: [0mThis is a debug message from thread 2218-09-2026 00:29:33 [38;5;009m[ERROR]: [0mThis is a error message from thread 618-09-2026 00:29:33 [38;5;015m[INFO]: [0mThis is a info message from thread 2118-09-2026 00:29:33 [38;5;009m[ERROR]: [0mThis is a error message from thread 018-09-2026 00:29:33 [38;5;015m[INFO]: [0mThis is a info message from thread 218-09-2026 00:29:33 [38;5;015m[INFO]: [0mThis is a info message from thread 2518-09-2026 00:29:33 [38;5;009m[ERROR]: [0mThis is a error message from thread 1018-09-2026 00:29:33 [38;5;015m[INFO]: [0mThis is a info message from thread 118-09-2026 00:29:33 [38;5;117m[DEBUG]: [0mThis is a debug message from thread 1818-09-2026 00:29:33 [38;5;117m[DEBUG]: [0mThis is a debug message from thread 018-09-2026 00:29:33 [38;5;009m[ERROR]: [0mThis is a error message from thread 118-09-2026 00:29:33 [38;5;117m[DEBUG]: [0mThis is a debug message from thread 518-09-2026 00:29:33 [38;5;009m[ERROR]: [0mThis is a error message from thread 2518-09-2026 00:29:33 [38;5;117m[DEBUG]: [0mThis is a debug message from thread 118-09-2026 00:29:33 [38;5;009m[ERROR]: [0mThis is a error message from thread 1418-09-2026 00:29:33 [38;5;015m[INFO]: [0mThis is a info message from thread 1218-09-2026 00:29:33 [38;5;117m[DEBUG]: [0mThis is a debug message from thread 2518-09-2026 00:29:33 [38;5;015m[INFO]: [0mThis is a info message from thread 1918-09-2026 00:29:33 [38;5;117m[DEBUG]: [0mThis is a debug message from thread 2618-09-2026 00:29:33 [38;5;117m[DEBUG]: [0mThis is a debug message from thread 1418-09-2026 00:29:33 [38;5;015m[INFO]: [0mThis is a info message from thread 2518-09-2026 00:29:33 [38;5;009m[ERROR]: [0mThis is a error message from thread 1218-09-2026 00:29:33 [38;5;009m[ERROR]: [0mThis is a error message from thread 1918-09-2026 00:29:33 [38;5;117m[DEBUG]: [0mThis is a debug message from thread 2018-09-2026 00:29:33 [38;5;009m[ERROR]: [0mThis is a error message from thread 2518-09-2026 00:29:33 [38;5;015m[INFO]: [0mThis is a info message from thread 718-09-2026 00:29:33 [38;5;015m[INFO]: [0mThis is a info message from thread 1718-09-2026 00:29:33 [38;5;009m[ERROR]: [0mThis is a error message from thread 318-09-2026 00:29:33 [38;5;117m[DEBUG]: [0mThis is a debug message from thread 818-09-2026 00:29:33 [38;5;015m[INFO]: [0mThis is a info message from thread 2918-09-2026 00:29:33 [38;5;117m[DEBUG]: [0mThis is a debug message from thread 1018-09-2026 00:29:33 [38;5;009m[ERROR]: [0mThis is a error message from thread 1718-09-2026 00:29:33 [38;5;009m[ERROR]: [0mThis is a error message from thread 2318-09-2026 00:29:33 [38;5;015m[INFO]: [0mThis is a info message from thread 2218-09-2026 00:29:33 [38;5;009m[ERROR]: [0mThis is a error message from thread 2918-09-2026 00:29:33 [38;5;015m[INFO]: [0mThis is a info message from thread 018-09-2026 00:29:33 [38;5;117m[DEBUG]: [0mThis is a debug message from thread 2718-09-2026 00:29:33 [38;5;009m[ERROR]: [0mThis is a error message from thread 018-09-2026 00:29:33 [38;5;117m[DEBUG]: [0mThis is a debug message from thread 2918-09-2026 00:29:33 [38;5;117m[DEBUG]: [0mThis is a debug message from thread 2318-09-2026 00:29:33 [38;5;117m[DEBUG]: [0mThis is a debug message from thread 1918-09-2026 00:29:33 [38;5;015m[INFO]: [0mThis is a info message from thread 1518-09-2026 00:29:33 [38;5;117m[DEBUG]: [0mThis is a debug message from thread 418-09-2026 00:29:33 [38;5;015m[INFO]: [0mThis is a info message from thread 518-09-2026 00:29:33 [38;5;015m[INFO]: [0mThis is a info message from thread 2918-09-2026 00:29:33 [38;5;015m[INFO]: [0mThis is a info message from thread 2318-09-2026 00:29:33 [38;5;015m[INFO]: [0mThis is a info message from thread 1018-09-2026 00:29:33 [38;5;009m[ERROR]: [0mThis is a error message from thread 1518-09-2026 00:29:33 [38;5;009m[ERROR]: [0mThis is a error message from thread 518-09-2026 00:29:33 [38;5;117m[DEBUG]: [0mThis is a debug message from thread 618-09-2026 00:29:33 [38;5;009m[ERROR]: [0mThis is a error message from thread 2318-09-2026 00:29:33 [38;5;015m[INFO]: [0mThis is a info message from thread 818-09-2026 00:29:33 [38;5;117m[DEBUG]: [0mThis is a debug message from thread 2318-09-2026 00:29:33 [38;5;117m[DEBUG]: [0mThis is a debug message from thread 1518-09-2026 00:29:33 [38;5;117m[DEBUG]: [0mThis is a debug message from thread 2818-09-2026 00:29:33 [38;5;117m[DEBUG]: [0mThis is a debug message from thread 518-09-2026 00:29:33 [38;5;015m[INFO]: [0mThis is a info message from thread 618-09-2026 00:29:34 [38;5;015m[INFO]: [0mThis is a info message from thread 2318-09-2026 00:29:33 [38;5;117m[DEBUG]: [0mThis is a debug message from thread 2518-09-2026 00:29:33 [38;5;015m[INFO]: [0mThis is a info message from thread 1818-09-2026 00:29:34 [38;5;015m[INFO]: [0mThis is a info message from thread 518-09-2026 00:29:34 [38;5;015m[INFO]: [0mThis is a info message from thread 2818-09-2026 00:29:33 [38;5;015m[INFO]: [0mThis is a info message from thread 918-09-2026 00:29:34 [38;5;015m[INFO]: [0mThis is a info message from thread 2518-09-2026 00:29:33 [38;5;015m[INFO]: [0mThis is a info message from thread 1418-09-2026 00:29:34 [38;5;009m[ERROR]: [0mThis is a error message from thread 618-09-2026 00:29:33 [38;5;009m[ERROR]: [0mThis is a error message from thread 1118-09-2026 00:29:34 [38;5;009m[ERROR]: [0mThis is a error message from thread 2318-09-2026 00:29:33 [38;5;015m[INFO]: [0mThis is a info message from thread 118-09-2026 00:29:33 [38;5;015m[INFO]: [0mThis is a info message from thread 1618-09-2026 00:29:33 [38;5;009m[ERROR]: [0mThis is a error message from thread 718-09-2026 00:29:33 [38;5;117m[DEBUG]: [0mThis is a debug message from thread 1718-09-2026 00:29:34 [38;5;117m[DEBUG]: [0mThis is a debug message from thread 1118-09-2026 00:29:34 [38;5;009m[ERROR]: [0mThis is a error message from thread 518-09-2026 00:29:34 [38;5;009m[ERROR]: [0mThis is a error message from thread 818-09-2026 00:29:33 [38;5;015m[INFO]: [0mThis is a info message from thread 2018-09-2026 00:29:34 [38;5;009m[ERROR]: [0mThis is a error message from thread 2818-09-2026 00:29:33 [38;5;117m[DEBUG]: [0mThis is a debug message from thread 018-09-2026 00:29:33 [38;5;009m[ERROR]: [0mThis is a error message from thread 2918-09-2026 00:29:34 [38;5;117m[DEBUG]: [0mThis is a debug message from thread 618-09-2026 00:29:33 [38;5;015m[INFO]: [0mThis is a info message from thread 418-09-2026 00:29:34 [38;5;009m[ERROR]: [0mThis is a error message from thread 1818-09-2026 00:29:34 [38;5;009m[ERROR]: [0mThis is a error message from thread 2018-09-2026 00:29:33 [38;5;015m[INFO]: [0mThis is a info message from thread 2418-09-2026 00:29:33 [38;5;117m[DEBUG]: [0mThis is a debug message from thread 1218-09-2026 00:29:34 [38;5;009m[ERROR]: [0mThis is a error message from thread 2518-09-2026 00:29:34 [38;5;009m[ERROR]: [0mThis is a error message from thread 1418-09-2026 00:29:34 [38;5;015m[INFO]: [0mThis is a info message from thread 018-09-2026 00:29:33 [38;5;009m[ERROR]: [0mThis is a error message from thread 218-09-2026 00:29:34 [38;5;117m[DEBUG]: [0mThis is a debug message from thread 718-09-2026 00:29:34 [38;5;117m[DEBUG]: [0mThis is a debug message from thread 2018-09-2026 00:29:34 [38;5;117m[DEBUG]: [0mThis is a debug message from thread 218-09-2026 00:29:34 [38;5;015m[INFO]: [0mThis is a info message from thread 1218-09-2026 00:29:33 [38;5;117m[DEBUG]: [0mThis is a debug message from thread 318-09-2026 00:29:34 [38;5;117m[DEBUG]: [0mThis is a debug message from thread 2918-09-2026 00:29:34 [38;5;009m[ERROR]: [0mThis is a error message from thread 1218-09-2026 00:29:34 [38;5;015m[INFO]: [0mThis is a info message from thread 318-09-2026 00:29:34 [38;5;009m[ERROR]: [0mThis is a error message from thread 018-09-2026 00:29:34 [38;5;009m[ERROR]: [0mThis is a error message from thread 318-09-2026 00:29:34 [38;5;117m[DEBUG]: [0mThis is a debug message from thread 318-09-2026 00:29:34 [38;5;015m[INFO]: [0mThis is a info message from thread 2018-09-2026 00:29:34 [38;5;015m[INFO]: [0mThis is a info message from thread 218-09-2026 00:29:34 [38;5;009m[ERROR]: [0mThis is a error message from thread 1618-09-2026 00:29:34 [38;5;117m[DEBUG]: [0mThis is a debug message from thread 018-09-2026 00:29:34 [38;5;009m[ERROR]: [0mThis is a error message from thread 2018-09-2026 00:29:33 [38;5;009m[ERROR]: [0mThis is a error message from thread 2218-09-2026 00:29:34 [38;5;117m[DEBUG]: [0mThis is a debug message from thread 2218-09-2026 00:29:34 [38;5;117m[DEBUG]: [0mThis is a debug message from thread 1618-09-2026 00:29:34 [38;5;009m[ERROR]: [0mThis is a error message from thread 218-09-2026 00:29:34 [38;5;015m[INFO]: [0mThis is a info message from thread 318-09-2026 00:29:34 [38;5;117m[DEBUG]: [0mThis is a debug message from thread 1418-09-2026 00:29:34 [38;5;117m[DEBUG]: [0mThis is a debug message from thread 2518-09-2026 00:29:34 [38;5;009m[ERROR]: [0mThis is a error message from thread 318-09-2026 00:29:34 [38;5;015m[INFO]: [0mThis is a info message from thread 1418-09-2026 00:29:34 [38;5;117m[DEBUG]: [0mThis is a debug message from thread 2018-09-2026 00:29:34 [38;5;117m[DEBUG]: [0mThis is a debug message from thread 318-09-2026 00:29:34 [38;5;117m[DEBUG]: [0mThis is a debug message from thread 2318-09-2026 00:29:34 [38;5;015m[INFO]: [0mThis is a info message from thread 2218-09-2026 00:29:34 [38;5;015m[INFO]: [0mThis is a info message from thread 2018-09-2026 00:29:34 [38;5;117m[DEBUG]: [0mThis is a debug message from thread 1818-09-2026 00:29:34 [38;5;015m[INFO]: [0mThis is a info message from thread 018-09-2026 00:29:33 [38;5;009m[ERROR]: [0mThis is a error message from thread 2118-09-2026 00:29:34 [38;5;117m[DEBUG]: [0mThis is a debug message from thread 818-09-2026 00:29:34 [38;5;015m[INFO]: [0mThis is a info message from thread 1718-09-2026 00:29:34 [38;5;015m[INFO]: [0mThis is a info message from thread 2918-09-2026 00:29:33 [38;5;009m[ERROR]: [0mThis is a error message from thread 1318-09-2026 00:29:34 [38;5;009m[ERROR]: [0mThis is a error message from thread 1418-09-2026 00:29:34 [38;5;009m[ERROR]: [0mThis is a error message from thread 2018-09-2026 00:29:34 [38;5;009m[ERROR]: [0mThis is a error message from thread 1718-09-2026 00:29:34 [38;5;015m[INFO]: [0mThis is a info message from thread 1618-09-2026 00:29:34 [38;5;117m[DEBUG]: [0mThis is a debug message from thread 2118-09-2026 00:29:34 [38;5;117m[DEBUG]: [0mThis is a debug message from thread 1318-09-2026 00:29:34 [38;5;009m[ERROR]: [0mThis is a error message from thread 018-09-2026 00:29:34 [38;5;009m[ERROR]: [0mThis is a error message from thread 2218-09-2026 00:29:34 [38;5;117m[DEBUG]: [0mThis is a debug message from thread 018-09-2026 00:29:34 [38;5;015m[INFO]: [0mThis is a info message from thread 718-09-2026 00:29:34 [38;5;117m[DEBUG]: [0mThis is a debug message from thread 2218-09-2026 00:29:34 [38;5;117m[DEBUG]: [0mThis is a debug message from thread 2018-09-2026 00:29:34 [38;5;015m[INFO]: [0mThis is a info message from thread 2218-09-2026 00:29:34 [38;5;117m[DEBUG]: [0mThis is a debug message from thread 1418-09-2026 00:29:33 [38;5;015m[INFO]: [0mThis is a info message from thread 2718-09-2026 00:29:34 [38;5;015m[INFO]: [0mThis is a info message from thread 2318-09-2026 00:29:34 [38;5;015m[INFO]: [0mThis is a info message from thread 1418-09-2026 00:29:34 [38;5;117m[DEBUG]: [0mThis is a debug message from thread 518-09-2026 00:29:34 [38;5;015m[INFO]: [0mThis is a info message from thread 1818-09-2026 00:29:34 [38;5;009m[ERROR]: [0mThis is a error message from thread 2218-09-2026 00:29:34 [38;5;015m[INFO]: [0mThis is a info message from thread 2118-09-2026 00:29:34 [38;5;009m[ERROR]: [0mThis is a error message from thread 118-09-2026 00:29:34 [38;5;015m[INFO]: [0mThis is a info message from thread 018-09-2026 00:29:34 [38;5;015m[INFO]: [0mThis is a info message from thread 818-09-2026 00:29:34 [38;5;117m[DEBUG]: [0mThis is a debug message from thread 2218-09-2026 00:29:34 [38;5;009m[ERROR]: [0mThis is a error message from thread 2718-09-2026 00:29:34 [38;5;015m[INFO]: [0mThis is a info message from thread 1318-09-2026 00:29:34 [38;5;015m[INFO]: [0mThis is a info message from thread 518-09-2026 00:29:34 [38;5;009m[ERROR]: [0mThis is a error message from thread 2318-09-2026 00:29:34 [38;5;117m[DEBUG]: [0mThis is a debug message from thread 2718-09-2026 00:29:34 [38;5;015m[INFO]: [0mThis is a info message from thread 2218-09-2026 00:29:34 [38;5;009m[ERROR]: [0mThis is a error message from thread 518-09-2026 00:29:34 [38;5;009m[ERROR]: [0mThis is a error message from thread 2118-09-2026 00:29:34 [38;5;009m[ERROR]: [0mThis is a error message from thread 1618-09-2026 00:29:34 [38;5;009m[ERROR]: [0mThis is a error message from thread 718-09-2026 00:29:34 [38;5;009m[ERROR]: [0mThis is a error message from thread 2918-09-2026 00:29:34 [38;5;117m[DEBUG]: [0mThis is a debug message from thread 118-09-2026 00:29:34 [38;5;117m[DEBUG]: [0mThis is a debug message from thread 518-09-2026 00:29:34 [38;5;015m[INFO]: [0mThis is a info message from thread 2518-09-2026 00:29:34 [38;5;015m[INFO]: [0mThis is a info message from thread 518-09-2026 00:29:34 [38;5;009m[ERROR]: [0mThis is a error message from thread 018-09-2026 00:29:34 [38;5;009m[ERROR]: [0mThis is a error message from thread 518-09-2026 00:29:34 [38;5;117m[DEBUG]: [0mThis is a debug message from thread 018-09-2026 00:29:34 [38;5;117m[DEBUG]: [0mThis is a debug message from thread 518-09-2026 00:29:34 [38;5;015m[INFO]: [0mThis is a info message from thread 118-09-2026 00:29:34 [38;5;117m[DEBUG]: [0mThis is a debug message from thread 718-09-2026 00:29:34 [38;5;009m[ERROR]: [0mThis is a error message from thread 1318-09-2026 00:29:34 [38;5;117m[DEBUG]: [0mThis is a debug message from thread 218-09-2026 00:29:34 [38;5;015m[INFO]: [0mThis is a info message from thread 2018-09-2026 00:29:34 [38;5;009m[ERROR]: [0mThis is a error message from thread 2018-09-2026 00:29:34 [38;5;015m[INFO]: [0mThis is a info message from thread 718-09-2026 00:29:34 [38;5;117m[DEBUG]: [0mThis is a debug message from thread 1718-09-2026 00:29:34 [38;5;009m[ERROR]: [0mThis is a error message from thread 118-09-2026 00:29:34 [38;5;009m[ERROR]: [0mThis is a error message from thread 818-09-2026 00:29:34 [38;5;015m[INFO]: [0mThis is a info message from thread 1718-09-2026 00:29:34 [38;5;117m[DEBUG]: [0mThis is a debug message from thread 2818-09-2026 00:29:34 [38;5;009m[ERROR]: [0mThis is a error message from thread 718-09-2026 00:29:34 [38;5;117m[DEBUG]: [0mThis is a debug message from thread 2318-09-2026 00:29:34 [38;5;117m[DEBUG]: [0mThis is a debug message from thread 2118-09-2026 00:29:34 [38;5;117m[DEBUG]: [0mThis is a debug message from thread 1318-09-2026 00:29:34 [38;5;009m[ERROR]: [0mThis is a error message from thread 918-09-2026 00:29:34 [38;5;009m[ERROR]: [0mThis is a error message from thread 2218-09-2026 00:29:34 [38;5;015m[INFO]: [0mThis is a info message from thread 2118-09-2026 00:29:34 [38;5;009m[ERROR]: [0mThis is a error message from thread 1718-09-2026 00:29:34 [38;5;117m[DEBUG]: [0mThis is a debug message from thread 1218-09-2026 00:29:34 [38;5;015m[INFO]: [0mThis is a info message from thread 518-09-2026 00:29:34 [38;5;015m[INFO]: [0mThis is a info message from thread 318-09-2026 00:29:34 [38;5;117m[DEBUG]: [0mThis is a debug message from thread 918-09-2026 00:29:34 [38;5;009m[ERROR]: [0mThis is a error message from thread 2518-09-2026 00:29:34 [38;5;117m[DEBUG]: [0mThis is a debug message from thread 2218-09-2026 00:29:34 [38;5;015m[INFO]: [0mThis is a info message from thread 918-09-2026 00:29:34 [38;5;015m[INFO]: [0mThis is a info message from thread 218-09-2026 00:29:34 [38;5;009m[ERROR]: [0mThis is a error message from thread 1818-09-2026 00:29:34 [38;5;015m[INFO]: [0mThis is a info message from thread 1118-09-2026 00:29:34 [38;5;009m[ERROR]: [0mThis is a error message from thread 2418-09-2026 00:29:34 [38;5;009m[ERROR]: [0mThis is a error message from thread 1118-09-2026 00:29:34 [38;5;015m[INFO]: [0mThis is a info message from thread 2218-09-2026 00:29:34 [38;5;015m[INFO]: [0mThis is a info message from thread 1318-09-2026 00:29:34 [38;5;117m[DEBUG]: [0mThis is a debug message from thread 718-09-2026 00:29:34 [38;5;117m[DEBUG]: [0mThis is a debug message from thread 1618-09-2026 00:29:34 [38;5;117m[DEBUG]: [0mThis is a debug message from thread 1818-09-2026 00:29:34 [38;5;117m[DEBUG]: [0mThis is a debug message from thread 2518-09-2026 00:29:34 [38;5;009m[ERROR]: [0mThis is a error message from thread 218-09-2026 00:29:34 [38;5;009m[ERROR]: [0mThis is a error message from thread 1318-09-2026 00:29:34 [38;5;015m[INFO]: [0mThis is a info message from thread 2318-09-2026 00:29:34 [38;5;117m[DEBUG]: [0mThis is a debug message from thread 2418-09-2026 00:29:34 [38;5;009m[ERROR]: [0mThis is a error message from thread 518-09-2026 00:29:34 [38;5;009m[ERROR]: [0mThis is a error message from thread 918-09-2026 00:29:33 [38;5;015m[INFO]: [0mThis is a info message from thread 1918-09-2026 00:29:34 [38;5;015m[INFO]: [0mThis is a info message from thread 718-09-2026 00:29:33 [38;5;009m[ERROR]: [0mThis is a error message from thread 1018-09-2026 00:29:34 [38;5;015m[INFO]: [0mThis is a info message from thread 2818-09-2026 00:29:34 [38;5;117m[DEBUG]: [0mThis is a debug message from thread 2018-09-2026 00:29:34 [38;5;117m[DEBUG]: [0mThis is a debug message from thread 1118-09-2026 00:29:34 [38;5;117m[DEBUG]: [0mThis is a debug message from thread 2918-09-2026 00:29:34 [38;5;015m[INFO]: [0mThis is a info message from thread 2418-09-2026 00:29:34 [38;5;117m[DEBUG]: [0mThis is a debug message from thread 918-09-2026 00:29:34 [38;5;009m[ERROR]: [0mThis is a error message from thread 718-09-2026 00:29:34 [38;5;015m[INFO]: [0mThis is a info message from thread 2018-09-2026 00:29:34 [38;5;015m[INFO]: [0mThis is a info message from thread 1118-09-2026 00:29:34 [38;5;009m[ERROR]: [0mThis is a error message from thread 2818-09-2026 00:29:34 [38;5;117m[DEBUG]: [0mThis is a debug message from thread 218-09-2026 00:29:34 [38;5;015m[INFO]: [0mThis is a info message from thread 2518-09-2026 00:29:34 [38;5;015m[INFO]: [0mThis is a info message from thread 618-09-2026 00:29:34 [38;5;009m[ERROR]: [0mThis is a error message from thread 2018-09-2026 00:29:34 [38;5;015m[INFO]: [0mThis is a info message from thread 1518-09-2026 00:29:34 [38;5;117m[DEBUG]: [0mThis is a debug message from thread 2818-09-2026 00:29:34 [38;5;015m[INFO]: [0mThis is a info message from thread 2918-09-2026 00:29:34 [38;5;009m[ERROR]: [0mThis is a error message from thread 1118-09-2026 00:29:34 [38;5;117m[DEBUG]: [0mThis is a debug message from thread 1018-09-2026 00:29:34 [38;5;117m[DEBUG]: [0mThis is a debug message from thread 1318-09-2026 00:29:33 [38;5;015m[INFO]: [0mThis is a info message from thread 2618-09-2026 00:29:34 [38;5;009m[ERROR]: [0mThis is a error message from thread 2418-09-2026 00:29:34 [38;5;117m[DEBUG]: [0mThis is a debug message from thread 1718-09-2026 00:29:34 [38;5;117m[DEBUG]: [0mThis is a debug message from thread 118-09-2026 00:29:34 [38;5;009m[ERROR]: [0mThis is a error message from thread 1418-09-2026 00:29:34 [38;5;015m[INFO]: [0mThis is a info message from thread 018-09-2026 00:29:34 [38;5;117m[DEBUG]: [0mThis is a debug message from thread 1118-09-2026 00:29:34 [38;5;009m[ERROR]: [0mThis is a error message from thread 2218-09-2026 00:29:34 [38;5;015m[INFO]: [0mThis is a info message from thread 118-09-2026 00:29:34 [38;5;015m[INFO]: [0mThis is a info message from thread 1618-09-2026 00:29:34 [38;5;015m[INFO]: [0mThis is a info message from thread 1018-09-2026 00:29:34 [38;5;009m[ERROR]: [0mThis is a error message from thread 318-09-2026 00:29:34 [38;5;117m[DEBUG]: [0mThis is a debug message from thread 2018-09-2026 00:29:34 [38;5;015m[INFO]: [0mThis is a info message from thread 1718-09-2026 00:29:34 [38;5;009m[ERROR]: [0mThis is a error message from thread 018-09-2026 00:29:34 [38;5;009m[ERROR]: [0mThis is a error message from thread 1618-09-2026 00:29:34 [38;5;009m[ERROR]: [0mThis is a error message from thread 1518-09-2026 00:29:34 [38;5;015m[INFO]: [0mThis is a info message from thread 1218-09-2026 00:29:34 [38;5;117m[DEBUG]: [0mThis is a debug message from thread 2418-09-2026 00:29:34 [38;5;009m[ERROR]: [0mThis is a error message from thread 2518-09-2026 00:29:34 [38;5;117m[DEBUG]: [0mThis is a debug message from thread 2218-09-2026 00:29:34 [38;5;009m[ERROR]: [0mThis is a error message from thread 1018-09-2026 00:29:34 [38;5;015m[INFO]: [0mThis is a info message from thread 1118-09-2026 00:29:34 [38;5;117m[DEBUG]: [0mThis is a debug message from thread 1618-09-2026 00:29:34 [38;5;015m[INFO]: [0mThis is a info message from thread 2018-09-2026 00:29:34 [38;5;117m[DEBUG]: [0mThis is a debug message from thread 018-09-2026 00:29:34 [38;5;015m[INFO]: [0mThis is a info message from thread 1818-09-2026 00:29:34 [38;5;015m[INFO]: [0mThis is a info message from thread 1618-09-2026 00:29:34 [38;5;009m[ERROR]: [0mThis is a error message from thread 418-09-2026 00:29:34 [38;5;015m[INFO]: [0mThis is a info message from thread 918-09-2026 00:29:34 [38;5;117m[DEBUG]: [0mThis is a debug message from thread 2518-09-2026 00:29:34 [38;5;117m[DEBUG]: [0mThis is a debug message from thread 518-09-2026 00:29:34 [38;5;009m[ERROR]: [0mThis is a error message from thread 2118-09-2026 00:29:34 [38;5;009m[ERROR]: [0mThis is a error message from thread 118-09-2026 00:29:34 [38;5;015m[INFO]: [0mThis is a info message from thread 2418-09-2026 00:29:34 [38;5;009m[ERROR]: [0mThis is a error message from thread 2918-09-2026 00:29:34 [38;5;117m[DEBUG]: [0mThis is a debug message from thread 318-09-2026 00:29:34 [38;5;015m[INFO]: [0mThis is a info message from thread 518-09-2026 00:29:34 [38;5;015m[INFO]: [0mThis is a info message from thread 218-09-2026 00:29:34 [38;5;009m[ERROR]: [0mThis is a error message from thread 1818-09-2026 00:29:34 [38;5;015m[INFO]: [0mThis is a info message from thread 2718-09-2026 00:29:34 [38;5;015m[INFO]: [0mThis is a info message from thread 318-09-2026 00:29:34 [38;5;009m[ERROR]: [0mThis is a error message from thread 2618-09-2026 00:29:34 [38;5;015m[INFO]: [0mThis is a info message from thread 2518-09-2026 00:29:34 [38;5;117m[DEBUG]: [0mThis is a debug message from thread 1518-09-2026 00:29:34 [38;5;009m[ERROR]: [0mThis is a error message from thread 1118-09-2026 00:29:34 [38;5;117m[DEBUG]: [0mThis is a debug message from thread 118-09-2026 00:29:34 [38;5;117m[DEBUG]: [0mThis is a debug message from thread 1418-09-2026 00:29:34 [38;5;009m[ERROR]: [0mThis is a error message from thread 1218-09-2026 00:29:34 [38;5;117m[DEBUG]: [0mThis is a debug message from thread 418-09-2026 00:29:34 [38;5;009m[ERROR]: [0mThis is a error message from thread 2018-09-2026 00:29:34 [38;5;009m[ERROR]: [0mThis is a error message from thread 918-09-2026 00:29:34 [38;5;009m[ERROR]: [0mThis is a error message from thread 1618-09-2026 00:29:34 [38;5;009m[ERROR]: [0mThis is a error message from thread 2418-09-2026 00:29:34 [38;5;117m[DEBUG]: [0mThis is a debug message from thread 1218-09-2026 00:29:34 [38;5;015m[INFO]: [0mThis is a info message from thread 018-09-2026 00:29:34 [38;5;117m[DEBUG]: [0mThis is a debug message from thread 2118-09-2026 00:29:34 [38;5;015m[INFO]: [0mThis is a info message from thread 2818-09-2026 00:29:34 [38;5;117m[DEBUG]: [0mThis is a debug message from thread 2618-09-2026 00:29:34 [38;5;009m[ERROR]: [0mThis is a error message from thread 1718-09-2026 00:29:34 [38;5;015m[INFO]: [0mThis is a info message from thread 418-09-2026 00:29:34 [38;5;015m[INFO]: [0mThis is a info message from thread 1318-09-2026 00:29:34 [38;5;009m[ERROR]: [0mThis is a error message from thread 518-09-2026 00:29:34 [38;5;117m[DEBUG]: [0mThis is a debug message from thread 1118-09-2026 00:29:34 [38;5;009m[ERROR]: [0mThis is a error message from thread 2818-09-2026 00:29:34 [38;5;117m[DEBUG]: [0mThis is a debug message from thread 518-09-2026 00:29:34 [38;5;009m[ERROR]: [0mThis is a error message from thread 318-09-2026 00:29:34 [38;5;117m[DEBUG]: [0mThis is a debug message from thread 818-09-2026 00:29:34 [38;5;015m[INFO]: [0mThis is a info message from thread 2118-09-2026 00:29:34 [38;5;117m[DEBUG]: [0mThis is a debug message from thread 318-09-2026 00:29:34 [38;5;009m[ERROR]: [0mThis is a error message from thread 1318-09-2026 00:29:34 [38;5;015m[INFO]: [0mThis is a info message from thread 1218-09-2026 00:29:34 [38;5;117m[DEBUG]: [0mThis is a debug message from thread 2418-09-2026 00:29:34 [38;5;117m[DEBUG]: [0mThis is a debug message from thread 718-09-2026 00:29:34 [38;5;009m[ERROR]: [0mThis is a error message from thread 1918-09-2026 00:29:34 [38;5;015m[INFO]: [0mThis is a info message from thread 818-09-2026 00:29:34 [38;5;009m[ERROR]: [0mThis is a error message from thread 1218-09-2026 00:29:34 [38;5;009m[ERROR]: [0mThis is a error message from thread 618-09-2026 00:29:34 [38;5;015m[INFO]: [0mThis is a info message from thread 718-09-2026 00:29:34 [38;5;015m[INFO]: [0mThis is a info message from thread 1118-09-2026 00:29:34 [38;5;117m[DEBUG]: [0mThis is a debug message from thread 2018-09-2026 00:29:34 [38;5;117m[DEBUG]: [0mThis is a debug message from thread 1918-09-2026 00:29:34 [38;5;009m[ERROR]: [0mThis is a error message from thread 2718-09-2026 00:29:34 [38;5;009m[ERROR]: [0mThis is a error message from thread 818-09-2026 00:29:34 [38;5;117m[DEBUG]: [0mThis is a debug message from thread 618-09-2026 00:29:34 [38;5;117m[DEBUG]: [0mThis is a debug message from thread 818-09-2026 00:29:34 [38;5;015m[INFO]: [0mThis is a info message from thread 618-09-2026 00:29:34 [38;5;015m[INFO]: [0mThis is a info message from thread 818-09-2026 00:29:34 [38;5;009m[ERROR]: [0mThis is a error message from thread 618-09-2026 00:29:34 [38;5;117m[DEBUG]: [0mThis is a debug message from thread 2718-09-2026 00:29:34 [38;5;117m[DEBUG]: [0mThis is a debug message from thread 1618-09-2026 00:29:34 [38;5;117m[DEBUG]: [0mThis is a debug message from thread 2918-09-2026 00:29:34 [38;5;117m[DEBUG]: [0mThis is a debug message from thread 618-09-2026 00:29:34 [38;5;009m[ERROR]: [0mThis is a error message from thread 818-09-2026 00:29:34 [38;5;117m[DEBUG]: [0mThis is a debug message from thread 2818-09-2026 00:29:34 [38;5;009m[ERROR]: [0mThis is a error message from thread 2318-09-2026 00:29:34 [38;5;015m[INFO]: [0mThis is a info message from thread 1618-09-2026 00:29:34 [38;5;015m[INFO]: [0mThis is a info message from thread 2718-09-2026 00:29:34 [38;5;015m[INFO]: [0mThis is a info message from thread 1518-09-2026 00:29:34 [38;5;015m[INFO]: [0mThis is a info message from thread 2218-09-2026 00:29:34 [38;5;015m[INFO]: [0mThis is a info message from thread 518-09-2026 00:29:34 [38;5;009m[ERROR]: [0mThis is a error message from thread 418-09-2026 00:29:34 [38;5;009m[ERROR]: [0mThis is a error message from thread 2118-09-2026 00:29:34 [38;5;009m[ERROR]: [0mThis is a error message from thread 1518-09-2026 00:29:34 [38;5;015m[INFO]: [0mThis is a info message from thread 318-09-2026 00:29:34 [38;5;015m[INFO]: [0mThis is a info message from thread 2918-09-2026 00:29:34 [38;5;117m[DEBUG]: [0mThis is a debug message from thread 1718-09-2026 00:29:34 [38;5;015m[INFO]: [0mThis is a info message from thread 2818-09-2026 00:29:34 [38;5;009m[ERROR]: [0mThis is a error message from thread 2718-09-2026 00:29:34 [38;5;009m[ERROR]: [0mThis is a error message from thread 2818-09-2026 00:29:34 [38;5;015m[INFO]: [0mThis is a info message from thread 618-09-2026 00:29:34 [38;5;009m[ERROR]: [0mThis is a error message from thread 518-09-2026 00:29:34 [38;5;015m[INFO]: [0mThis is a info message from thread 1718-09-2026 00:29:34 [38;5;009m[ERROR]: [0mThis is a error message from thread 618-09-2026 00:29:34 [38;5;015m[INFO]: [0mThis is a info message from thread 2418-09-2026 00:29:34 [38;5;009m[ERROR]: [0mThis is a error message from thread 1718-09-2026 00:29:34 [38;5;009m[ERROR]: [0mThis is a error message from thread 2418-09-2026 00:29:34 [38;5;117m[DEBUG]: [0mThis is a debug message from thread 618-09-2026 00:29:34 [38;5;117m[DEBUG]: [0mThis is a debug message from thread 1718-09-2026 00:29:34 [38;5;015m[INFO]: [0mThis is a info message from thread 618-09-2026 00:29:34 [38;5;009m[ERROR]: [0mThis is a error message from thread 2218-09-2026 00:29:34 [38;5;117m[DEBUG]: [0mThis is a debug message from thread 1218-09-2026 00:29:34 [38;5;009m[ERROR]: [0mThis is a error message from thread 218-09-2026 00:29:34 [38;5;015m[INFO]: [0mThis is a info message from thread 1218-09-2026 00:29:34 [38;5;009m[ERROR]: [0mThis is a error message from thread 2918-09-2026 00:29:34 [38;5;117m[DEBUG]: [0mThis is a debug message from thread 218-09-2026 00:29:34 [38;5;009m[ERROR]: [0mThis is a error message from thread 1218-09-2026 00:29:34 [38;5;015m[INFO]: [0mThis is a info message from thread 218-09-2026 00:29:34 [38;5;009m[ERROR]: [0mThis is a error message from thread 318-09-2026 00:29:34 [38;5;117m[DEBUG]: [0mThis is a debug message from thread 1218-09-2026 00:29:34 [38;5;015m[INFO]: [0mThis is a info message from thread 2018-09-2026 00:29:34 [38;5;009m[ERROR]: [0mThis is a error message from thread 218-09-2026 00:29:34 [38;5;015m[INFO]: [0mThis is a info message from thread 1218-09-2026 00:29:34 [38;5;117m[DEBUG]: [0mThis is a debug message from thread 218-09-2026 00:29:34 [38;5;009m[ERROR]: [0mThis is a error message from thread 2018-09-2026 00:29:34 [38;5;009m[ERROR]: [0mThis is a error message from thread 1218-09-2026 00:29:34 [38;5;015m[INFO]: [0mThis is a info message from thread 218-09-2026 00:29:34 [38;5;117m[DEBUG]: [0mThis is a debug message from thread 418-09-2026 00:29:34 [38;5;015m[INFO]: [0mThis is a info message from thread 118-09-2026 00:29:34 [38;5;117m[DEBUG]: [0mThis is a debug message from thread 518-09-2026 00:29:34 [38;5;015m[INFO]: [0mThis is a info message from thread 1418-09-2026 00:29:34 [38;5;015m[INFO]: [0mThis is a info message from thread 518-09-2026 00:29:34 [38;5;009m[ERROR]: [0mThis is a error message from thread 1418-09-2026 00:29:34 [38;5;009m[ERROR]: [0mThis is a error message from thread 518-09-2026 00:29:34 [38;5;015m[INFO]: [0mThis is a info message from thread 2618-09-2026 00:29:34 [38;5;009m[ERROR]: [0mThis is a error message from thread 2518-09-2026 00:29:34 [38;5;117m[DEBUG]: [0mThis is a debug message from thread 2418-09-2026 00:29:34 [38;5;117m[DEBUG]: [0mThis is a debug message from thread 1418-09-2026 00:29:34 [38;5;117m[DEBUG]: [0mThis is a debug message from thread 518-09-2026 00:29:34 [38;5;009m[ERROR]: [0mThis is a error message from thread 618-09-2026 00:29:34 [38;5;015m[INFO]: [0mThis is a info message from thread 2418-09-2026 00:29:34 [38;5;117m[DEBUG]: [0mThis is a debug message from thread 618-09-2026 00:29:34 [38;5;015m[INFO]: [0mThis is a info message from thread 1418-09-2026 00:29:34 [38;5;015m[INFO]: [0mThis is a info message from thread 518-09-2026 00:29:34 [38;5;009m[ERROR]: [0mThis is a error message from thread 2418-09-2026 00:29:34 [38;5;009m[ERROR]: [0mThis is a error message from thread 1418-09-2026 00:29:34 [38;5;015m[INFO]: [0mThis is a info message from thread 618-09-2026 00:29:34 [38;5;009m[ERROR]: [0mThis is a error message from thread 518-09-2026 00:29:34 [38;5;117m[DEBUG]: [0mThis is a debug message from thread 2418-09-2026 00:29:34 [38;5;117m[DEBUG]: [0mThis is a debug message from thread 2918-09-2026 00:29:34 [38;5;009m[ERROR]: [0mThis is a error message from thread 618-09-2026 00:29:34 [38;5;117m[DEBUG]: [0mThis is a debug message from thread 1418-09-2026 00:29:34 [38;5;117m[DEBUG]: [0mThis is a debug message from thread 518-09-2026 00:29:34 [38;5;015m[INFO]: [0mThis is a info message from thread 2418-09-2026 00:29:34 [38;5;015m[INFO]: [0mThis is a info message from thread 2918-09-2026 00:29:34 [38;5;117m[DEBUG]: [0mThis is a debug message from thread 618-09-2026 00:29:34 [38;5;015m[INFO]: [0mThis is a info message from thread 1418-09-2026 00:29:34 [38;5;009m[ERROR]: [0mThis is a error message from thread 2418-09-2026 00:29:34 [38;5;015m[INFO]: [0mThis is a info message from thread 618-09-2026 00:29:34 [38;5;009m[ERROR]: [0mThis is a error message from thread 2918-09-2026 00:29:34 [38;5;009m[ERROR]: [0mThis is a error message from thread 1418-09-2026 00:29:34 [38;5;015m[INFO]: [0mThis is a info message from thread 518-09-2026 00:29:34 [38;5;117m[DEBUG]: [0mThis is a debug message from thread 2418-09-2026 00:29:34 [38;5;009m[ERROR]: [0mThis is a error message from thread 618-09-2026 00:29:34 [38;5;117m[DEBUG]: [0mThis is a debug message from thread 318-09-2026 00:29:34 [38;5;117m[DEBUG]: [0mThis is a debug message from thread 1418-09-2026 00:29:34 [38;5;117m[DEBUG]: [0mThis is a debug message from thread 618-09-2026 00:29:34 [38;5;015m[INFO]: [0mThis is a info message from thread 2418-09-2026 00:29:34 [38;5;015m[INFO]: [0mThis is a info message from thread 318-09-2026 00:29:34 [38;5;117m[DEBUG]: [0mThis is a debug message from thread 2918-09-2026 00:29:34 [38;5;117m[DEBUG]: [0mThis is a debug message from thread 2118-09-2026 00:29:34 [38;5;117m[DEBUG]: [0mThis is a debug message from thread 818-09-2026 00:29:34 [38;5;015m[INFO]: [0mThis is a info message from thread 1418-09-2026 00:29:34 [38;5;015m[INFO]: [0mThis is a info message from thread 1918-09-2026 00:29:34 [38;5;117m[DEBUG]: [0mThis is a debug message from thread 1818-09-2026 00:29:34 [38;5;117m[DEBUG]: [0mThis is a debug message from thread 1518-09-2026 00:29:34 [38;5;117m[DEBUG]: [0mThis is a debug message from thread 2718-09-2026 00:29:34 [38;5;117m[DEBUG]: [0mThis is a debug message from thread 2318-09-2026 00:29:34 [38;5;015m[INFO]: [0mThis is a info message from thread 1818-09-2026 00:29:34 [38;5;015m[INFO]: [0mThis is a info message from thread 2118-09-2026 00:29:34 [38;5;015m[INFO]: [0mThis is a info message from thread 1518-09-2026 00:29:34 [38;5;009m[ERROR]: [0mThis is a error message from thread 318-09-2026 00:29:34 [38;5;015m[INFO]: [0mThis is a info message from thread 2318-09-2026 00:29:34 [38;5;015m[INFO]: [0mThis is a info message from thread 818-09-2026 00:29:34 [38;5;117m[DEBUG]: [0mThis is a debug message from thread 2018-09-2026 00:29:34 [38;5;117m[DEBUG]: [0mThis is a debug message from thread 2218-09-2026 00:29:34 [38;5;015m[INFO]: [0mThis is a info message from thread 1718-09-2026 00:29:34 [38;5;009m[ERROR]: [0mThis is a error message from thread 1118-09-2026 00:29:34 [38;5;009m[ERROR]: [0mThis is a error message from thread 2318-09-2026 00:29:34 [38;5;009m[ERROR]: [0mThis is a error message from thread 2618-09-2026 00:29:34 [38;5;015m[INFO]: [0mThis is a info message from thread 2218-09-2026 00:29:34 [38;5;117m[DEBUG]: [0mThis is a debug message from thread 1218-09-2026 00:29:34 [38;5;009m[ERROR]: [0mThis is a error message from thread 518-09-2026 00:29:34 [38;5;009m[ERROR]: [0mThis is a error message from thread 2418-09-2026 00:29:34 [38;5;009m[ERROR]: [0mThis is a error message from thread 018-09-2026 00:29:34 [38;5;015m[INFO]: [0mThis is a info message from thread 618-09-2026 00:29:34 [38;5;117m[DEBUG]: [0mThis is a debug message from thread 2318-09-2026 00:29:34 [38;5;009m[ERROR]: [0mThis is a error message from thread 718-09-2026 00:29:34 [38;5;009m[ERROR]: [0mThis is a error message from thread 218-09-2026 00:29:34 [38;5;009m[ERROR]: [0mThis is a error message from thread 818-09-2026 00:29:34 [38;5;009m[ERROR]: [0mThis is a error message from thread 2118-09-2026 00:29:34 [38;5;117m[DEBUG]: [0mThis is a debug message from thread 1318-09-2026 00:29:34 [38;5;009m[ERROR]: [0mThis is a error message from thread 618-09-2026 00:29:34 [38;5;117m[DEBUG]: [0mThis is a debug message from thread 518-09-2026 00:29:34 [38;5;117m[DEBUG]: [0mThis is a debug message from thread 918-09-2026 00:29:34 [38;5;117m[DEBUG]: [0mThis is a debug message from thread 218-09-2026 00:29:34 [38;5;117m[DEBUG]: [0mThis is a debug message from thread 2518-09-2026 00:29:34 [38;5;015m[INFO]: [0mThis is a info message from thread 2518-09-2026 00:29:34 [38;5;117m[DEBUG]: [0mThis is a debug message from thread 618-09-2026 00:29:34 [38;5;117m[DEBUG]: [0mThis is a debug message from thread 318-09-2026 00:29:34 [38;5;015m[INFO]: [0mThis is a info message from thread 2318-09-2026 00:29:34 [38;5;015m[INFO]: [0mThis is a info message from thread 1318-09-2026 00:29:34 [38;5;015m[INFO]: [0mThis is a info message from thread 618-09-2026 00:29:34 [38;5;015m[INFO]: [0mThis is a info message from thread 518-09-2026 00:29:34 [38;5;015m[INFO]: [0mThis is a info message from thread 218-09-2026 00:29:34 [38;5;015m[INFO]: [0mThis is a info message from thread 918-09-2026 00:29:34 [38;5;009m[ERROR]: [0mThis is a error message from thread 518-09-2026 00:29:34 [38;5;009m[ERROR]: [0mThis is a error message from thread 1818-09-2026 00:29:34 [38;5;015m[INFO]: [0mThis is a info message from thread 2018-09-2026 00:29:34 [38;5;015m[INFO]: [0mThis is a info message from thread 418-09-2026 00:29:34 [38;5;015m[INFO]: [0mThis is a info message from thread 318-09-2026 00:29:34 [38;5;117m[DEBUG]: [0mThis is a debug message from thread 2118-09-2026 00:29:34 [38;5;015m[INFO]: [0mThis is a info message from thread 2918-09-2026 00:29:34 [38;5;117m[DEBUG]: [0mThis is a debug message from thread 1018-09-2026 00:29:34 [38;5;009m[ERROR]: [0mThis is a error message from thread 918-09-2026 00:29:34 [38;5;015m[INFO]: [0mThis is a info message from thread 2118-09-2026 00:29:34 [38;5;117m[DEBUG]: [0mThis is a debug message from thread 918-09-2026 00:29:34 [38;5;009m[ERROR]: [0mThis is a error message from thread 418-09-2026 00:29:34 [38;5;117m[DEBUG]: [0mThis is a debug message from thread 018-09-2026 00:29:34 [38;5;009m[ERROR]: [0mThis is a error message from thread 2018-09-2026 00:29:34 [38;5;117m[DEBUG]: [0mThis is a debug message from thread 418-09-2026 00:29:34 [38;5;117m[DEBUG]: [0mThis is a debug message from thread 2018-09-2026 00:29:34 [38;5;015m[INFO]: [0mThis is a info message from thread 018-09-2026 00:29:34 [38;5;015m[INFO]: [0mThis is a info message from thread 418-09-2026 00:29:34 [38;5;009m[ERROR]: [0mThis is a error message from thread 1718-09-2026 00:29:34 [38;5;009m[ERROR]: [0mThis is a error message from thread 418-09-2026 00:29:34 [38;5;009m[ERROR]: [0mThis is a error message from thread 1918-09-2026 00:29:34 [38;5;015m[INFO]: [0mThis is a info message from thread 1218-09-2026 00:29:34 [38;5;117m[DEBUG]: [0mThis is a debug message from thread 2618-09-2026 00:29:34 [38;5;117m[DEBUG]: [0mThis is a debug message from thread 1818-09-2026 00:29:34 [38;5;015m[INFO]: [0mThis is a info message from thread 2718-09-2026 00:29:34 [38;5;015m[INFO]: [0mThis is a info message from thread 2018-09-2026 00:29:34 [38;5;009m[ERROR]: [0mThis is a error message from thread 2218-09-2026 00:29:34 [38;5;117m[DEBUG]: [0mThis is a debug message from thread 418-09-2026 00:29:34 [38;5;117m[DEBUG]: [0mThis is a debug message from thread 2818-09-2026 00:29:34 [38;5;009m[ERROR]: [0mThis is a error message from thread 318-09-2026 00:29:34 [38;5;009m[ERROR]: [0mThis is a error message from thread 2118-09-2026 00:29:34 [38;5;015m[INFO]: [0mThis is a info message from thread 2618-09-2026 00:29:34 [38;5;117m[DEBUG]: [0mThis is a debug message from thread 2118-09-2026 00:29:34 [38;5;117m[DEBUG]: [0mThis is a debug message from thread 818-09-2026 00:29:34 [38;5;015m[INFO]: [0mThis is a info message from thread 418-09-2026 00:29:34 [38;5;015m[INFO]: [0mThis is a info message from thread 2118-09-2026 00:29:34 [38;5;117m[DEBUG]: [0mThis is a debug message from thread 1918-09-2026 00:29:34 [38;5;009m[ERROR]: [0mThis is a error message from thread 118-09-2026 00:29:34 [38;5;117m[DEBUG]: [0mThis is a debug message from thread 2218-09-2026 00:29:34 [38;5;015m[INFO]: [0mThis is a info message from thread 2818-09-2026 00:29:34 [38;5;015m[INFO]: [0mThis is a info message from thread 1918-09-2026 00:29:34 [38;5;009m[ERROR]: [0mThis is a error message from thread 2718-09-2026 00:29:34 [38;5;009m[ERROR]: [0mThis is a error message from thread 2618-09-2026 00:29:34 [38;5;009m[ERROR]: [0mThis is a error message from thread 2818-09-2026 00:29:34 [38;5;015m[INFO]: [0mThis is a info message from thread 1018-09-2026 00:29:34 [38;5;117m[DEBUG]: [0mThis is a debug message from thread 1118-09-2026 00:29:34 [38;5;015m[INFO]: [0mThis is a info message from thread 2218-09-2026 00:29:34 [38;5;117m[DEBUG]: [0mThis is a debug message from thread 2718-09-2026 00:29:34 [38;5;009m[ERROR]: [0mThis is a error message from thread 2518-09-2026 00:29:34 [38;5;009m[ERROR]: [0mThis is a error message from thread 1918-09-2026 00:29:34 [38;5;117m[DEBUG]: [0mThis is a debug message from thread 318-09-2026 00:29:34 [38;5;015m[INFO]: [0mThis is a info message from thread 2718-09-2026 00:29:34 [38;5;117m[DEBUG]: [0mThis is a debug message from thread 2818-09-2026 00:29:34 [38;5;009m[ERROR]: [0mThis is a error message from thread 418-09-2026 00:29:34 [38;5;015m[INFO]: [0mThis is a info message from thread 818-09-2026 00:29:34 [38;5;117m[DEBUG]: [0mThis is a debug message from thread 118-09-2026 00:29:34 [38;5;117m[DEBUG]: [0mThis is a debug message from thread 2618-09-2026 00:29:34 [38;5;009m[ERROR]: [0mThis is a error message from thread 1418-09-2026 00:29:34 [38;5;015m[INFO]: [0mThis is a info message from thread 2618-09-2026 00:29:34 [38;5;009m[ERROR]: [0mThis is a error message from thread 2318-09-2026 00:29:34 [38;5;009m[ERROR]: [0mThis is a error message from thread 018-09-2026 00:29:34 [38;5;117m[DEBUG]: [0mThis is a debug message from thread 1718-09-2026 00:29:34 [38;5;015m[INFO]: [0mThis is a info message from thread 2818-09-2026 00:29:34 [38;5;009m[ERROR]: [0mThis is a error message from thread 218-09-2026 00:29:34 [38;5;009m[ERROR]: [0mThis is a error message from thread 1518-09-2026 00:29:34 [38;5;009m[ERROR]: [0mThis is a error message from thread 1218-09-2026 00:29:34 [38;5;117m[DEBUG]: [0mThis is a debug message from thread 1918-09-2026 00:29:34 [38;5;117m[DEBUG]: [0mThis is a debug message from thread 2418-09-2026 00:29:34 [38;5;015m[INFO]: [0mThis is a info message from thread 2418-09-2026 00:29:34 [38;5;009m[ERROR]: [0mThis is a error message from thread 2818-09-2026 00:29:34 [38;5;015m[INFO]: [0mThis is a info message from thread 1718-09-2026 00:29:34 [38;5;117m[DEBUG]: [0mThis is a debug message from thread 1218-09-2026 00:29:34 [38;5;117m[DEBUG]: [0mThis is a debug message from thread 418-09-2026 00:29:34 [38;5;015m[INFO]: [0mThis is a info message from thread 1918-09-2026 00:29:34 [38;5;015m[INFO]: [0mThis is a info message from thread 1118-09-2026 00:29:34 [38;5;009m[ERROR]: [0mThis is a error message from thread 1918-09-2026 00:29:34 [38;5;009m[ERROR]: [0mThis is a error message from thread 618-09-2026 00:29:34 [38;5;009m[ERROR]: [0mThis is a error message from thread 2918-09-2026 00:29:34 [38;5;009m[ERROR]: [0mThis is a error message from thread 1118-09-2026 00:29:34 [38;5;117m[DEBUG]: [0mThis is a debug message from thread 018-09-2026 00:29:34 [38;5;117m[DEBUG]: [0mThis is a debug message from thread 1118-09-2026 00:29:34 [38;5;015m[INFO]: [0mThis is a info message from thread 418-09-2026 00:29:34 [38;5;015m[INFO]: [0mThis is a info message from thread 1218-09-2026 00:29:34 [38;5;117m[DEBUG]: [0mThis is a debug message from thread 2918-09-2026 00:29:34 [38;5;009m[ERROR]: [0mThis is a error message from thread 2218-09-2026 00:29:34 [38;5;117m[DEBUG]: [0mThis is a debug message from thread 2818-09-2026 00:29:34 [38;5;015m[INFO]: [0mThis is a info message from thread 918-09-2026 00:29:34 [38;5;117m[DEBUG]: [0mThis is a debug message from thread 1918-09-2026 00:29:34 [38;5;015m[INFO]: [0mThis is a info message from thread 2818-09-2026 00:29:34 [38;5;015m[INFO]: [0mThis is a info message from thread 2918-09-2026 00:29:34 [38;5;015m[INFO]: [0mThis is a info message from thread 1118-09-2026 00:29:34 [38;5;009m[ERROR]: [0mThis is a error message from thread 818-09-2026 00:29:34 [38;5;015m[INFO]: [0mThis is a info message from thread 018-09-2026 00:29:34 [38;5;009m[ERROR]: [0mThis is a error message from thread 2118-09-2026 00:29:34 [38;5;117m[DEBUG]: [0mThis is a debug message from thread 2218-09-2026 00:29:34 [38;5;009m[ERROR]: [0mThis is a error message from thread 1018-09-2026 00:29:34 [38;5;009m[ERROR]: [0mThis is a error message from thread 018-09-2026 00:29:34 [38;5;015m[INFO]: [0mThis is a info message from thread 1918-09-2026 00:29:34 [38;5;117m[DEBUG]: [0mThis is a debug message from thread 1418-09-2026 00:29:34 [38;5;117m[DEBUG]: [0mThis is a debug message from thread 518-09-2026 00:29:34 [38;5;015m[INFO]: [0mThis is a info message from thread 2218-09-2026 00:29:34 [38;5;015m[INFO]: [0mThis is a info message from thread 518-09-2026 00:29:34 [38;5;009m[ERROR]: [0mThis is a error message from thread 1218-09-2026 00:29:34 [38;5;009m[ERROR]: [0mThis is a error message from thread 2218-09-2026 00:29:34 [38;5;117m[DEBUG]: [0mThis is a debug message from thread 218-09-2026 00:29:34 [38;5;117m[DEBUG]: [0mThis is a debug message from thread 818-09-2026 00:29:34 [38;5;015m[INFO]: [0mThis is a info message from thread 318-09-2026 00:29:34 [38;5;009m[ERROR]: [0mThis is a error message from thread 2418-09-2026 00:29:34 [38;5;117m[DEBUG]: [0mThis is a debug message from thread 2218-09-2026 00:29:34 [38;5;009m[ERROR]: [0mThis is a error message from thread 518-09-2026 00:29:34 [38;5;015m[INFO]: [0mThis is a info message from thread 218-09-2026 00:29:34 [38;5;015m[INFO]: [0mThis is a info message from thread 818-09-2026 00:29:34 [38;5;117m[DEBUG]: [0mThis is a debug message from thread 2418-09-2026 00:29:34 [38;5;117m[DEBUG]: [0mThis is a debug message from thread 518-09-2026 00:29:34 [38;5;015m[INFO]: [0mThis is a info message from thread 2418-09-2026 00:29:34 [38;5;117m[DEBUG]: [0mThis is a debug message from thread 618-09-2026 00:29:34 [38;5;015m[INFO]: [0mThis is a info message from thread 118-09-2026 00:29:34 [38;5;009m[ERROR]: [0mThis is a error message from thread 918-09-2026 00:29:34 [38;5;015m[INFO]: [0mThis is a info message from thread 518-09-2026 00:29:34 [38;5;009m[ERROR]: [0mThis is a error message from thread 2918-09-2026 00:29:34 [38;5;015m[INFO]: [0mThis is a info message from thread 1818-09-2026 00:29:34 [38;5;009m[ERROR]: [0mThis is a error message from thread 1918-09-2026 00:29:34 [38;5;117m[DEBUG]: [0mThis is a debug message from thread 918-09-2026 00:29:34 [38;5;009m[ERROR]: [0mThis is a error message from thread 2718-09-2026 00:29:34 [38;5;009m[ERROR]: [0mThis is a error message from thread 1818-09-2026 00:29:34 [38;5;117m[DEBUG]: [0mThis is a debug message from thread 018-09-2026 00:29:34 [38;5;117m[DEBUG]: [0mThis is a debug message from thread 2718-09-2026 00:29:34 [38;5;015m[INFO]: [0mThis is a info message from thread 018-09-2026 00:29:34 [38;5;015m[INFO]: [0mThis is a info message from thread 2218-09-2026 00:29:34 [38;5;117m[DEBUG]: [0mThis is a debug message from thread 2918-09-2026 00:29:34 [38;5;015m[INFO]: [0mThis is a info message from thread 2718-09-2026 00:29:34 [38;5;117m[DEBUG]: [0mThis is a debug message from thread 1818-09-2026 00:29:34 [38;5;117m[DEBUG]: [0mThis is a debug message from thread 718-09-2026 00:29:34 [38;5;009m[ERROR]: [0mThis is a error message from thread 018-09-2026 00:29:34 [38;5;015m[INFO]: [0mThis is a info message from thread 2918-09-2026 00:29:34 [38;5;015m[INFO]: [0mThis is a info message from thread 918-09-2026 00:29:34 [38;5;117m[DEBUG]: [0mThis is a debug message from thread 1918-09-2026 00:29:34 [38;5;009m[ERROR]: [0mThis is a error message from thread 818-09-2026 00:29:34 [38;5;015m[INFO]: [0mThis is a info message from thread 718-09-2026 00:29:34 [38;5;015m[INFO]: [0mThis is a info message from thread 1818-09-2026 00:29:34 [38;5;009m[ERROR]: [0mThis is a error message from thread 2018-09-2026 00:29:34 [38;5;117m[DEBUG]: [0mThis is a debug message from thread 2518-09-2026 00:29:34 [38;5;009m[ERROR]: [0mThis is a error message from thread 318-09-2026 00:29:34 [38;5;009m[ERROR]: [0mThis is a error message from thread 1718-09-2026 00:29:34 [38;5;009m[ERROR]: [0mThis is a error message from thread 518-09-2026 00:29:34 [38;5;015m[INFO]: [0mThis is a info message from thread 1418-09-2026 00:29:34 [38;5;117m[DEBUG]: [0mThis is a debug message from thread 518-09-2026 00:29:34 [38;5;117m[DEBUG]: [0mThis is a debug message from thread 2318-09-2026 00:29:34 [38;5;009m[ERROR]: [0mThis is a error message from thread 418-09-2026 00:29:34 [38;5;009m[ERROR]: [0mThis is a error message from thread 1318-09-2026 00:29:34 [38;5;117m[DEBUG]: [0mThis is a debug message from thread 2018-09-2026 00:29:34 [38;5;015m[INFO]: [0mThis is a info message from thread 518-09-2026 00:29:34 [38;5;015m[INFO]: [0mThis is a info message from thread 1918-09-2026 00:29:34 [38;5;009m[ERROR]: [0mThis is a error message from thread 1418-09-2026 00:29:34 [38;5;015m[INFO]: [0mThis is a info message from thread 618-09-2026 00:29:34 [38;5;015m[INFO]: [0mThis is a info message from thread 2018-09-2026 00:29:34 [38;5;009m[ERROR]: [0mThis is a error message from thread 2818-09-2026 00:29:34 [38;5;117m[DEBUG]: [0mThis is a debug message from thread 418-09-2026 00:29:34 [38;5;117m[DEBUG]: [0mThis is a debug message from thread 1418-09-2026 00:29:34 [38;5;009m[ERROR]: [0mThis is a error message from thread 1818-09-2026 00:29:34 [38;5;117m[DEBUG]: [0mThis is a debug message from thread 318-09-2026 00:29:34 [38;5;015m[INFO]: [0mThis is a info message from thread 2518-09-2026 00:29:34 [38;5;117m[DEBUG]: [0mThis is a debug message from thread 2118-09-2026 00:29:34 [38;5;009m[ERROR]: [0mThis is a error message from thread 518-09-2026 00:29:34 [38;5;009m[ERROR]: [0mThis is a error message from thread 118-09-2026 00:29:34 [38;5;009m[ERROR]: [0mThis is a error message from thread 618-09-2026 00:29:34 [38;5;009m[ERROR]: [0mThis is a error message from thread 218-09-2026 00:29:34 [38;5;009m[ERROR]: [0mThis is a error message from thread 2218-09-2026 00:29:34 [38;5;009m[ERROR]: [0mThis is a error message from thread 1618-09-2026 00:29:34 [38;5;009m[ERROR]: [0mThis is a error message from thread 2618-09-2026 00:29:34 [38;5;117m[DEBUG]: [0mThis is a debug message from thread 1818-09-2026 00:29:34 [38;5;117m[DEBUG]: [0mThis is a debug message from thread 2818-09-2026 00:29:34 [38;5;015m[INFO]: [0mThis is a info message from thread 318-09-2026 00:29:34 [38;5;117m[DEBUG]: [0mThis is a debug message from thread 1218-09-2026 00:29:34 [38;5;117m[DEBUG]: [0mThis is a debug message from thread 618-09-2026 00:29:34 [38;5;117m[DEBUG]: [0mThis is a debug message from thread 2618-09-2026 00:29:34 [38;5;117m[DEBUG]: [0mThis is a debug message from thread 1518-09-2026 00:29:34 [38;5;015m[INFO]: [0mThis is a info message from thread 1818-09-2026 00:29:34 [38;5;015m[INFO]: [0mThis is a info message from thread 1218-09-2026 00:29:34 [38;5;117m[DEBUG]: [0mThis is a debug message from thread 1618-09-2026 00:29:34 [38;5;117m[DEBUG]: [0mThis is a debug message from thread 2218-09-2026 00:29:34 [38;5;015m[INFO]: [0mThis is a info message from thread 2818-09-2026 00:29:34 [38;5;015m[INFO]: [0mThis is a info message from thread 2618-09-2026 00:29:34 [38;5;009m[ERROR]: [0mThis is a error message from thread 2818-09-2026 00:29:34 [38;5;015m[INFO]: [0mThis is a info message from thread 618-09-2026 00:29:34 [38;5;009m[ERROR]: [0mThis is a error message from thread 1118-09-2026 00:29:34 [38;5;117m[DEBUG]: [0mThis is a debug message from thread 1718-09-2026 00:29:34 [38;5;009m[ERROR]: [0mThis is a error message from thread 2018-09-2026 00:29:34 [38;5;009m[ERROR]: [0mThis is a error message from thread 2618-09-2026 00:29:34 [38;5;015m[INFO]: [0mThis is a info message from thread 2218-09-2026 00:29:34 [38;5;117m[DEBUG]: [0mThis is a debug message from thread 2818-09-2026 00:29:34 [38;5;117m[DEBUG]: [0mThis is a debug message from thread 2618-09-2026 00:29:34 [38;5;117m[DEBUG]: [0mThis is a debug message from thread 818-09-2026 00:29:34 [38;5;117m[DEBUG]: [0mThis is a debug message from thread 1118-09-2026 00:29:34 [38;5;009m[ERROR]: [0mThis is a error message from thread 1818-09-2026 00:29:34 [38;5;015m[INFO]: [0mThis is a info message from thread 2618-09-2026 00:29:34 [38;5;015m[INFO]: [0mThis is a info message from thread 818-09-2026 00:29:34 [38;5;009m[ERROR]: [0mThis is a error message from thread 2618-09-2026 00:29:34 [38;5;009m[ERROR]: [0mThis is a error message from thread 818-09-2026 00:29:34 [38;5;015m[INFO]: [0mThis is a info message from thread 2818-09-2026 00:29:34 [38;5;015m[INFO]: [0mThis is a info message from thread 1118-09-2026 00:29:34 [38;5;009m[ERROR]: [0mThis is a error message from thread 318-09-2026 00:29:34 [38;5;117m[DEBUG]: [0mThis is a debug message from thread 2618-09-2026 00:29:34 [38;5;009m[ERROR]: [0mThis is a error message from thread 1118-09-2026 00:29:34 [38;5;009m[ERROR]: [0mThis is a error message from thread 1918-09-2026 00:29:34 [38;5;117m[DEBUG]: [0mThis is a debug message from thread 2018-09-2026 00:29:34 [38;5;015m[INFO]: [0mThis is a info message from thread 1418-09-2026 00:29:34 [38;5;015m[INFO]: [0mThis is a info message from thread 2118-09-2026 00:29:34 [38;5;009m[ERROR]: [0mThis is a error message from thread 2918-09-2026 00:29:34 [38;5;015m[INFO]: [0mThis is a info message from thread 2618-09-2026 00:29:34 [38;5;117m[DEBUG]: [0mThis is a debug message from thread 2918-09-2026 00:29:34 [38;5;009m[ERROR]: [0mThis is a error message from thread 2618-09-2026 00:29:34 [38;5;117m[DEBUG]: [0mThis is a debug message from thread 518-09-2026 00:29:34 [38;5;117m[DEBUG]: [0mThis is a debug message from thread 2618-09-2026 00:29:34 [38;5;117m[DEBUG]: [0mThis is a debug message from thread 1118-09-2026 00:29:34 [38;5;117m[DEBUG]: [0mThis is a debug message from thread 318-09-2026 00:29:34 [38;5;015m[INFO]: [0mThis is a info message from thread 518-09-2026 00:29:34 [38;5;015m[INFO]: [0mThis is a info message from thread 2618-09-2026 00:29:34 [38;5;015m[INFO]: [0mThis is a info message from thread 418-09-2026 00:29:34 [38;5;009m[ERROR]: [0mThis is a error message from thread 2718-09-2026 00:29:34 [38;5;009m[ERROR]: [0mThis is a error message from thread 418-09-2026 00:29:34 [38;5;009m[ERROR]: [0mThis is a error message from thread 518-09-2026 00:29:34 [38;5;117m[DEBUG]: [0mThis is a debug message from thread 018-09-2026 00:29:34 [38;5;009m[ERROR]: [0mThis is a error message from thread 2518-09-2026 00:29:34 [38;5;117m[DEBUG]: [0mThis is a debug message from thread 2518-09-2026 00:29:34 [38;5;117m[DEBUG]: [0mThis is a debug message from thread 2718-09-2026 00:29:34 [38;5;009m[ERROR]: [0mThis is a error message from thread 2618-09-2026 00:29:34 [38;5;117m[DEBUG]: [0mThis is a debug message from thread 1318-09-2026 00:29:34 [38;5;015m[INFO]: [0mThis is a info message from thread 2018-09-2026 00:29:34 [38;5;009m[ERROR]: [0mThis is a error message from thread 2818-09-2026 00:29:34 [38;5;117m[DEBUG]: [0mThis is a debug message from thread 1018-09-2026 00:29:34 [38;5;015m[INFO]: [0mThis is a info message from thread 2718-09-2026 00:29:34 [38;5;117m[DEBUG]: [0mThis is a debug message from thread 418-09-2026 00:29:34 [38;5;117m[DEBUG]: [0mThis is a debug message from thread 1818-09-2026 00:29:34 [38;5;015m[INFO]: [0mThis is a info message from thread 2918-09-2026 00:29:34 [38;5;015m[INFO]: [0mThis is a info message from thread 418-09-2026 00:29:34 [38;5;117m[DEBUG]: [0mThis is a debug message from thread 218-09-2026 00:29:34 [38;5;015m[INFO]: [0mThis is a info message from thread 018-09-2026 00:29:34 [38;5;117m[DEBUG]: [0mThis is a debug message from thread 518-09-2026 00:29:34 [38;5;015m[INFO]: [0mThis is a info message from thread 1818-09-2026 00:29:34 [38;5;009m[ERROR]: [0mThis is a error message from thread 2718-09-2026 00:29:34 [38;5;009m[ERROR]: [0mThis is a error message from thread 2018-09-2026 00:29:34 [38;5;015m[INFO]: [0mThis is a info message from thread 318-09-2026 00:29:34 [38;5;015m[INFO]: [0mThis is a info message from thread 2518-09-2026 00:29:34 [38;5;009m[ERROR]: [0mThis is a error message from thread 418-09-2026 00:29:34 [38;5;009m[ERROR]: [0mThis is a error message from thread 1218-09-2026 00:29:34 [38;5;117m[DEBUG]: [0mThis is a debug message from thread 2818-09-2026 00:29:34 [38;5;117m[DEBUG]: [0mThis is a debug message from thread 2718-09-2026 00:29:34 [38;5;009m[ERROR]: [0mThis is a error message from thread 718-09-2026 00:29:34 [38;5;009m[ERROR]: [0mThis is a error message from thread 2918-09-2026 00:29:34 [38;5;015m[INFO]: [0mThis is a info message from thread 518-09-2026 00:29:34 [38;5;117m[DEBUG]: [0mThis is a debug message from thread 2018-09-2026 00:29:34 [38;5;009m[ERROR]: [0mThis is a error message from thread 518-09-2026 00:29:34 [38;5;015m[INFO]: [0mThis is a info message from thread 2818-09-2026 00:29:34 [38;5;009m[ERROR]: [0mThis is a error message from thread 2518-09-2026 00:29:34 [38;5;117m[DEBUG]: [0mThis is a debug message from thread 1218-09-2026 00:29:34 [38;5;117m[DEBUG]: [0mThis is a debug message from thread 518-09-2026 00:29:34 [38;5;009m[ERROR]: [0mThis is a error message from thread 2418-09-2026 00:29:34 [38;5;015m[INFO]: [0mThis is a info message from thread 2318-09-2026 00:29:34 [38;5;009m[ERROR]: [0mThis is a error message from thread 2318-09-2026 00:29:34 [38;5;015m[INFO]: [0mThis is a info message from thread 2718-09-2026 00:29:34 [38;5;009m[ERROR]: [0mThis is a error message from thread 918-09-2026 00:29:34 [38;5;117m[DEBUG]: [0mThis is a debug message from thread 718-09-2026 00:29:34 [38;5;015m[INFO]: [0mThis is a info message from thread 2018-09-2026 00:29:34 [38;5;117m[DEBUG]: [0mThis is a debug message from thread 2418-09-2026 00:29:34 [38;5;117m[DEBUG]: [0mThis is a debug message from thread 2318-09-2026 00:29:34 [38;5;015m[INFO]: [0mThis is a info message from thread 2418-09-2026 00:29:34 [38;5;015m[INFO]: [0mThis is a info message from thread 1218-09-2026 00:29:34 [38;5;117m[DEBUG]: [0mThis is a debug message from thread 418-09-2026 00:29:34 [38;5;015m[INFO]: [0mThis is a info message from thread 718-09-2026 00:29:34 [38;5;015m[INFO]: [0mThis is a info message from thread 518-09-2026 00:29:34 [38;5;117m[DEBUG]: [0mThis is a debug message from thread 918-09-2026 00:29:34 [38;5;009m[ERROR]: [0mThis is a error message from thread 1818-09-2026 00:29:34 [38;5;009m[ERROR]: [0mThis is a error message from thread 2018-09-2026 00:29:34 [38;5;009m[ERROR]: [0mThis is a error message from thread 1218-09-2026 00:29:34 [38;5;015m[INFO]: [0mThis is a info message from thread 1618-09-2026 00:29:34 [38;5;015m[INFO]: [0mThis is a info message from thread 1718-09-2026 00:29:34 [38;5;117m[DEBUG]: [0mThis is a debug message from thread 2518-09-2026 00:29:34 [38;5;015m[INFO]: [0mThis is a info message from thread 418-09-2026 00:29:34 [38;5;009m[ERROR]: [0mThis is a error message from thread 318-09-2026 00:29:34 [38;5;009m[ERROR]: [0mThis is a error message from thread 618-09-2026 00:29:34 [38;5;009m[ERROR]: [0mThis is a error message from thread 518-09-2026 00:29:34 [38;5;117m[DEBUG]: [0mThis is a debug message from thread 318-09-2026 00:29:34 [38;5;015m[INFO]: [0mThis is a info message from thread 2318-09-2026 00:29:34 [38;5;009m[ERROR]: [0mThis is a error message from thread 418-09-2026 00:29:34 [38;5;015m[INFO]: [0mThis is a info message from thread 318-09-2026 00:29:34 [38;5;117m[DEBUG]: [0mThis is a debug message from thread 418-09-2026 00:29:34 [38;5;117m[DEBUG]: [0mThis is a debug message from thread 1218-09-2026 00:29:34 [38;5;009m[ERROR]: [0mThis is a error message from thread 1618-09-2026 00:29:34 [38;5;117m[DEBUG]: [0mThis is a debug message from thread 2018-09-2026 00:29:34 [38;5;009m[ERROR]: [0mThis is a error message from thread 2318-09-2026 00:29:34 [38;5;117m[DEBUG]: [0mThis is a debug message from thread 518-09-2026 00:29:34 [38;5;117m[DEBUG]: [0mThis is a debug message from thread 2318-09-2026 00:29:34 [38;5;009m[ERROR]: [0mThis is a error message from thread 2718-09-2026 00:29:34 [38;5;009m[ERROR]: [0mThis is a error message from thread 2218-09-2026 00:29:34 [38;5;015m[INFO]: [0mThis is a info message from thread 1218-09-2026 00:29:34 [38;5;015m[INFO]: [0mThis is a info message from thread 2018-09-2026 00:29:34 [38;5;009m[ERROR]: [0mThis is a error message from thread 1718-09-2026 00:29:34 [38;5;015m[INFO]: [0mThis is a info message from thread 418-09-2026 00:29:34 [38;5;015m[INFO]: [0mThis is a info message from thread 2318-09-2026 00:29:34 [38;5;117m[DEBUG]: [0mThis is a debug message from thread 2718-09-2026 00:29:34 [38;5;117m[DEBUG]: [0mThis is a debug message from thread 618-09-2026 00:29:34 [38;5;009m[ERROR]: [0mThis is a error message from thread 1218-09-2026 00:29:34 [38;5;015m[INFO]: [0mThis is a info message from thread 2518-09-2026 00:29:34 [38;5;015m[INFO]: [0mThis is a info message from thread 218-09-2026 00:29:34 [38;5;009m[ERROR]: [0mThis is a error message from thread 2118-09-2026 00:29:34 [38;5;117m[DEBUG]: [0mThis is a debug message from thread 1918-09-2026 00:29:34 [38;5;117m[DEBUG]: [0mThis is a debug message from thread 2218-09-2026 00:29:34 [38;5;015m[INFO]: [0mThis is a info message from thread 518-09-2026 00:29:34 [38;5;015m[INFO]: [0mThis is a info message from thread 1318-09-2026 00:29:34 [38;5;015m[INFO]: [0mThis is a info message from thread 618-09-2026 00:29:34 [38;5;117m[DEBUG]: [0mThis is a debug message from thread 1818-09-2026 00:29:34 [38;5;009m[ERROR]: [0mThis is a error message from thread 2018-09-2026 00:29:34 [38;5;009m[ERROR]: [0mThis is a error message from thread 018-09-2026 00:29:34 [38;5;015m[INFO]: [0mThis is a info message from thread 1918-09-2026 00:29:34 [38;5;117m[DEBUG]: [0mThis is a debug message from thread 118-09-2026 00:29:34 [38;5;117m[DEBUG]: [0mThis is a debug message from thread 818-09-2026 00:29:34 [38;5;117m[DEBUG]: [0mThis is a debug message from thread 2918-09-2026 00:29:34 [38;5;015m[INFO]: [0mThis is a info message from thread 1518-09-2026 00:29:34 [38;5;015m[INFO]: [0mThis is a info message from thread 818-09-2026 00:29:34 [38;5;117m[DEBUG]: [0mThis is a debug message from thread 2018-09-2026 00:29:34 [38;5;117m[DEBUG]: [0mThis is a debug message from thread 018-09-2026 00:29:34 [38;5;117m[DEBUG]: [0mThis is a debug message from thread 2118-09-2026 00:29:34 [38;5;009m[ERROR]: [0mThis is a error message from thread 818-09-2026 00:29:34 [38;5;015m[INFO]: [0mThis is a info message from thread 918-09-2026 00:29:34 [38;5;009m[ERROR]: [0mThis is a error message from thread 618-09-2026 00:29:34 [38;5;009m[ERROR]: [0mThis is a error message from thread 218-09-2026 00:29:34 [38;5;015m[INFO]: [0mThis is a info message from thread 2918-09-2026 00:29:34 [38;5;009m[ERROR]: [0mThis is a error message from thread 418-09-2026 00:29:34 [38;5;015m[INFO]: [0mThis is a info message from thread 2018-09-2026 00:29:34 [38;5;117m[DEBUG]: [0mThis is a debug message from thread 2618-09-2026 00:29:34 [38;5;009m[ERROR]: [0mThis is a error message from thread 918-09-2026 00:29:34 [38;5;015m[INFO]: [0mThis is a info message from thread 2118-09-2026 00:29:34 [38;5;117m[DEBUG]: [0mThis is a debug message from thread 1218-09-2026 00:29:34 [38;5;009m[ERROR]: [0mThis is a error message from thread 2918-09-2026 00:29:34 [38;5;009m[ERROR]: [0mThis is a error message from thread 1918-09-2026 00:29:34 [38;5;015m[INFO]: [0mThis is a info message from thread 1018-09-2026 00:29:34 [38;5;009m[ERROR]: [0mThis is a error message from thread 2518-09-2026 00:29:34 [38;5;009m[ERROR]: [0mThis is a error message from thread 2818-09-2026 00:29:34 [38;5;009m[ERROR]: [0mThis is a error message from thread 2118-09-2026 00:29:34 [38;5;009m[ERROR]: [0mThis is a error message from thread 718-09-2026 00:29:34 [38;5;117m[DEBUG]: [0mThis is a debug message from thread 1618-09-2026 00:29:34 [38;5;117m[DEBUG]: [0mThis is a debug message from thread 418-09-2026 00:29:34 [38;5;009m[ERROR]: [0mThis is a error message from thread 2018-09-2026 00:29:34 [38;5;015m[INFO]: [0mThis is a info message from thread 2618-09-2026 00:29:34 [38;5;009m[ERROR]: [0mThis is a error message from thread 518-09-2026 00:29:34 [38;5;015m[INFO]: [0mThis is a info message from thread 1218-09-2026 00:29:34 [38;5;117m[DEBUG]: [0mThis is a debug message from thread 2018-09-2026 00:29:34 [38;5;117m[DEBUG]: [0mThis is a debug message from thread 2918-09-2026 00:29:34 [38;5;117m[DEBUG]: [0mThis is a debug message from thread 2818-09-2026 00:29:34 [38;5;009m[ERROR]: [0mThis is a error message from thread 1318-09-2026 00:29:34 [38;5;015m[INFO]: [0mThis is a info message from thread 2018-09-2026 00:29:34 [38;5;015m[INFO]: [0mThis is a info message from thread 418-09-2026 00:29:34 [38;5;015m[INFO]: [0mThis is a info message from thread 2818-09-2026 00:29:34 [38;5;009m[ERROR]: [0mThis is a error message from thread 1018-09-2026 00:29:34 [38;5;009m[ERROR]: [0mThis is a error message from thread 318-09-2026 00:29:34 [38;5;015m[INFO]: [0mThis is a info message from thread 2718-09-2026 00:29:34 [38;5;009m[ERROR]: [0mThis is a error message from thread 1418-09-2026 00:29:34 [38;5;117m[DEBUG]: [0mThis is a debug message from thread 1718-09-2026 00:29:34 [38;5;117m[DEBUG]: [0mThis is a debug message from thread 618-09-2026 00:29:34 [38;5;009m[ERROR]: [0mThis is a error message from thread 2818-09-2026 00:29:34 [38;5;117m[DEBUG]: [0mThis is a debug message from thread 1318-09-2026 00:29:34 [38;5;015m[INFO]: [0mThis is a info message from thread 018-09-2026 00:29:34 [38;5;015m[INFO]: [0mThis is a info message from thread 618-09-2026 00:29:34 [38;5;117m[DEBUG]: [0mThis is a debug message from thread 1418-09-2026 00:29:34 [38;5;015m[INFO]: [0mThis is a info message from thread 1618-09-2026 00:29:34 [38;5;009m[ERROR]: [0mThis is a error message from thread 1518-09-2026 00:29:34 [38;5;117m[DEBUG]: [0mThis is a debug message from thread 1918-09-2026 00:29:34 [38;5;117m[DEBUG]: [0mThis is a debug message from thread 1018-09-2026 00:29:34 [38;5;015m[INFO]: [0mThis is a info message from thread 1118-09-2026 00:29:34 [38;5;117m[DEBUG]: [0mThis is a debug message from thread 1518-09-2026 00:29:34 [38;5;009m[ERROR]: [0mThis is a error message from thread 1218-09-2026 00:29:34 [38;5;015m[INFO]: [0mThis is a info message from thread 1318-09-2026 00:29:34 [38;5;015m[INFO]: [0mThis is a info message from thread 1718-09-2026 00:29:34 [38;5;015m[INFO]: [0mThis is a info message from thread 2918-09-2026 00:29:34 [38;5;117m[DEBUG]: [0mThis is a debug message from thread 818-09-2026 00:29:34 [38;5;015m[INFO]: [0mThis is a info message from thread 1818-09-2026 00:29:34 [38;5;117m[DEBUG]: [0mThis is a debug message from thread 718-09-2026 00:29:34 [38;5;015m[INFO]: [0mThis is a info message from thread 1018-09-2026 00:29:34 [38;5;015m[INFO]: [0mThis is a info message from thread 1518-09-2026 00:29:34 [38;5;117m[DEBUG]: [0mThis is a debug message from thread 2818-09-2026 00:29:34 [38;5;009m[ERROR]: [0mThis is a error message from thread 1318-09-2026 00:29:34 [38;5;015m[INFO]: [0mThis is a info message from thread 818-09-2026 00:29:34 [38;5;009m[ERROR]: [0mThis is a error message from thread 2918-09-2026 00:29:34 [38;5;009m[ERROR]: [0mThis is a error message from thread 1018-09-2026 00:29:34 [38;5;117m[DEBUG]: [0mThis is a debug message from thread 218-09-2026 00:29:34 [38;5;009m[ERROR]: [0mThis is a error message from thread 2018-09-2026 00:29:34 [38;5;117m[DEBUG]: [0mThis is a debug message from thread 2518-09-2026 00:29:34 [38;5;009m[ERROR]: [0mThis is a error message from thread 618-09-2026 00:29:34 [38;5;015m[INFO]: [0mThis is a info message from thread 718-09-2026 00:29:34 [38;5;117m[DEBUG]: [0mThis is a debug message from thread 1218-09-2026 00:29:34 [38;5;117m[DEBUG]: [0mThis is a debug message from thread 518-09-2026 00:29:34 [38;5;009m[ERROR]: [0mThis is a error message from thread 1518-09-2026 00:29:34 [38;5;009m[ERROR]: [0mThis is a error message from thread 418-09-2026 00:29:34 [38;5;117m[DEBUG]: [0mThis is a debug message from thread 1018-09-2026 00:29:34 [38;5;009m[ERROR]: [0mThis is a error message from thread 018-09-2026 00:29:34 [38;5;015m[INFO]: [0mThis is a info message from thread 2518-09-2026 00:29:34 [38;5;015m[INFO]: [0mThis is a info message from thread 1218-09-2026 00:29:34 [38;5;015m[INFO]: [0mThis is a info message from thread 2218-09-2026 00:29:34 [38;5;009m[ERROR]: [0mThis is a error message from thread 2518-09-2026 00:29:34 [38;5;117m[DEBUG]: [0mThis is a debug message from thread 1518-09-2026 00:29:34 [38;5;117m[DEBUG]: [0mThis is a debug message from thread 018-09-2026 00:29:34 [38;5;009m[ERROR]: [0mThis is a error message from thread 1218-09-2026 00:29:34 [38;5;117m[DEBUG]: [0mThis is a debug message from thread 618-09-2026 00:29:34 [38;5;009m[ERROR]: [0mThis is a error message from thread 1618-09-2026 00:29:34 [38;5;117m[DEBUG]: [0mThis is a debug message from thread 2918-09-2026 00:29:34 [38;5;015m[INFO]: [0mThis is a info message from thread 518-09-2026 00:29:34 [38;5;117m[DEBUG]: [0mThis is a debug message from thread 1618-09-2026 00:29:34 [38;5;015m[INFO]: [0mThis is a info message from thread 1018-09-2026 00:29:34 [38;5;015m[INFO]: [0mThis is a info message from thread 1618-09-2026 00:29:34 [38;5;117m[DEBUG]: [0mThis is a debug message from thread 1218-09-2026 00:29:34 [38;5;015m[INFO]: [0mThis is a info message from thread 1418-09-2026 00:29:34 [38;5;009m[ERROR]: [0mThis is a error message from thread 1618-09-2026 00:29:34 [38;5;015m[INFO]: [0mThis is a info message from thread 1218-09-2026 00:29:34 [38;5;015m[INFO]: [0mThis is a info message from thread 018-09-2026 00:29:34 [38;5;009m[ERROR]: [0mThis is a error message from thread 1018-09-2026 00:29:34 [38;5;015m[INFO]: [0mThis is a info message from thread 2918-09-2026 00:29:34 [38;5;009m[ERROR]: [0mThis is a error message from thread 2218-09-2026 00:29:34 [38;5;117m[DEBUG]: [0mThis is a debug message from thread 1618-09-2026 00:29:34 [38;5;117m[DEBUG]: [0mThis is a debug message from thread 1018-09-2026 00:29:34 [38;5;015m[INFO]: [0mThis is a info message from thread 1518-09-2026 00:29:34 [38;5;009m[ERROR]: [0mThis is a error message from thread 2618-09-2026 00:29:34 [38;5;015m[INFO]: [0mThis is a info message from thread 1918-09-2026 00:29:34 [38;5;009m[ERROR]: [0mThis is a error message from thread 1418-09-2026 00:29:34 [38;5;015m[INFO]: [0mThis is a info message from thread 1018-09-2026 00:29:34 [38;5;009m[ERROR]: [0mThis is a error message from thread 2718-09-2026 00:29:34 [38;5;117m[DEBUG]: [0mThis is a debug message from thread 2218-09-2026 00:29:34 [38;5;117m[DEBUG]: [0mThis is a debug message from thread 2618-09-2026 00:29:34 [38;5;009m[ERROR]: [0mThis is a error message from thread 1918-09-2026 00:29:34 [38;5;009m[ERROR]: [0mThis is a error message from thread 818-09-2026 00:29:34 [38;5;009m[ERROR]: [0mThis is a error message from thread 1818-09-2026 00:29:34 [38;5;117m[DEBUG]: [0mThis is a debug message from thread 2518-09-2026 00:29:34 [38;5;009m[ERROR]: [0mThis is a error message from thread 2918-09-2026 00:29:34 [38;5;015m[INFO]: [0mThis is a info message from thread 218-09-2026 00:29:34 [38;5;009m[ERROR]: [0mThis is a error message from thread 1218-09-2026 00:29:34 [38;5;015m[INFO]: [0mThis is a info message from thread 2618-09-2026 00:29:34 [38;5;117m[DEBUG]: [0mThis is a debug message from thread 1818-09-2026 00:29:34 [38;5;009m[ERROR]: [0mThis is a error message from thread 2618-09-2026 00:29:34 [38;5;015m[INFO]: [0mThis is a info message from thread 1818-09-2026 00:29:34 [38;5;117m[DEBUG]: [0mThis is a debug message from thread 1318-09-2026 00:29:34 [38;5;009m[ERROR]: [0mThis is a error message from thread 1518-09-2026 00:29:34 [38;5;015m[INFO]: [0mThis is a info message from thread 2218-09-2026 00:29:34 [38;5;009m[ERROR]: [0mThis is a error message from thread 1118-09-2026 00:29:34 [38;5;009m[ERROR]: [0mThis is a error message from thread 1818-09-2026 00:29:34 [38;5;009m[ERROR]: [0mThis is a error message from thread 018-09-2026 00:29:34 [38;5;117m[DEBUG]: [0mThis is a debug message from thread 1218-09-2026 00:29:34 [38;5;009m[ERROR]: [0mThis is a error message from thread 518-09-2026 00:29:34 [38;5;117m[DEBUG]: [0mThis is a debug message from thread 1418-09-2026 00:29:34 [38;5;009m[ERROR]: [0mThis is a error message from thread 2218-09-2026 00:29:34 [38;5;117m[DEBUG]: [0mThis is a debug message from thread 918-09-2026 00:29:34 [38;5;117m[DEBUG]: [0mThis is a debug message from thread 2018-09-2026 00:29:34 [38;5;009m[ERROR]: [0mThis is a error message from thread 2318-09-2026 00:29:34 [38;5;015m[INFO]: [0mThis is a info message from thread 1618-09-2026 00:29:34 [38;5;015m[INFO]: [0mThis is a info message from thread 618-09-2026 00:29:34 [38;5;009m[ERROR]: [0mThis is a error message from thread 718-09-2026 00:29:34 [38;5;117m[DEBUG]: [0mThis is a debug message from thread 2918-09-2026 00:29:34 [38;5;117m[DEBUG]: [0mThis is a debug message from thread 2618-09-2026 00:29:34 [38;5;009m[ERROR]: [0mThis is a error message from thread 2418-09-2026 00:29:34 [38;5;117m[DEBUG]: [0mThis is a debug message from thread 318-09-2026 00:29:34 [38;5;009m[ERROR]: [0mThis is a error message from thread 218-09-2026 00:29:34 [38;5;015m[INFO]: [0mThis is a info message from thread 2018-09-2026 00:29:34 [38;5;009m[ERROR]: [0mThis is a error message from thread 618-09-2026 00:29:34 [38;5;009m[ERROR]: [0mThis is a error message from thread 1018-09-2026 00:29:34 [38;5;117m[DEBUG]: [0mThis is a debug message from thread 2218-09-2026 00:29:34 [38;5;117m[DEBUG]: [0mThis is a debug message from thread 2718-09-2026 00:29:34 [38;5;015m[INFO]: [0mThis is a info message from thread 318-09-2026 00:29:34 [38;5;117m[DEBUG]: [0mThis is a debug message from thread 2318-09-2026 00:29:34 [38;5;015m[INFO]: [0mThis is a info message from thread 2518-09-2026 00:29:34 [38;5;009m[ERROR]: [0mThis is a error message from thread 318-09-2026 00:29:34 [38;5;009m[ERROR]: [0mThis is a error message from thread 2518-09-2026 00:29:34 [38;5;117m[DEBUG]: [0mThis is a debug message from thread 318-09-2026 00:29:34 [38;5;015m[INFO]: [0mThis is a info message from thread 2718-09-2026 00:29:34 [38;5;117m[DEBUG]: [0mThis is a debug message from thread 1018-09-2026 00:29:34 [38;5;117m[DEBUG]: [0mThis is a debug message from thread 618-09-2026 00:29:34 [38;5;117m[DEBUG]: [0mThis is a debug message from thread 2518-09-2026 00:29:34 [38;5;015m[INFO]: [0mThis is a info message from thread 318-09-2026 00:29:34 [38;5;117m[DEBUG]: [0mThis is a debug message from thread 1918-09-2026 00:29:34 [38;5;009m[ERROR]: [0mThis is a error message from thread 2718-09-2026 00:29:34 [38;5;117m[DEBUG]: [0mThis is a debug message from thread 218-09-2026 00:29:34 [38;5;015m[INFO]: [0mThis is a info message from thread 1218-09-2026 00:29:34 [38;5;117m[DEBUG]: [0mThis is a debug message from thread 018-09-2026 00:29:34 [38;5;117m[DEBUG]: [0mThis is a debug message from thread 1518-09-2026 00:29:34 [38;5;117m[DEBUG]: [0mThis is a debug message from thread 418-09-2026 00:29:34 [38;5;015m[INFO]: [0mThis is a info message from thread 1318-09-2026 00:29:34 [38;5;117m[DEBUG]: [0mThis is a debug message from thread 1818-09-2026 00:29:34 [38;5;015m[INFO]: [0mThis is a info message from thread 018-09-2026 00:29:34 [38;5;009m[ERROR]: [0mThis is a error message from thread 018-09-2026 00:29:34 [38;5;015m[INFO]: [0mThis is a info message from thread 1918-09-2026 00:29:34 [38;5;015m[INFO]: [0mThis is a info message from thread 2518-09-2026 00:29:34 [38;5;009m[ERROR]: [0mThis is a error message from thread 1318-09-2026 00:29:34 [38;5;015m[INFO]: [0mThis is a info message from thread 118-09-2026 00:29:34 [38;5;117m[DEBUG]: [0mThis is a debug message from thread 018-09-2026 00:29:34 [38;5;117m[DEBUG]: [0mThis is a debug message from thread 1118-09-2026 00:29:34 [38;5;015m[INFO]: [0mThis is a info message from thread 1018-09-2026 00:29:34 [38;5;015m[INFO]: [0mThis is a info message from thread 018-09-2026 00:29:34 [38;5;009m[ERROR]: [0mThis is a error message from thread 1718-09-2026 00:29:34 [38;5;015m[INFO]: [0mThis is a info message from thread 918-09-2026 00:29:34 [38;5;015m[INFO]: [0mThis is a info message from thread 2918-09-2026 00:29:34 [38;5;015m[INFO]: [0mThis is a info message from thread 2218-09-2026 00:29:34 [38;5;117m[DEBUG]: [0mThis is a debug message from thread 1318-09-2026 00:29:34 [38;5;009m[ERROR]: [0mThis is a error message from thread 1618-09-2026 00:29:34 [38;5;117m[DEBUG]: [0mThis is a debug message from thread 818-09-2026 00:29:34 [38;5;117m[DEBUG]: [0mThis is a debug message from thread 1618-09-2026 00:29:34 [38;5;009m[ERROR]: [0mThis is a error message from thread 2518-09-2026 00:29:34 [38;5;009m[ERROR]: [0mThis is a error message from thread 1018-09-2026 00:29:34 [38;5;015m[INFO]: [0mThis is a info message from thread 1518-09-2026 00:29:34 [38;5;117m[DEBUG]: [0mThis is a debug message from thread 2718-09-2026 00:29:34 [38;5;015m[INFO]: [0mThis is a info message from thread 2618-09-2026 00:29:34 [38;5;015m[INFO]: [0mThis is a info message from thread 218-09-2026 00:29:34 [38;5;015m[INFO]: [0mThis is a info message from thread 1618-09-2026 00:29:34 [38;5;009m[ERROR]: [0mThis is a error message from thread 318-09-2026 00:29:34 [38;5;117m[DEBUG]: [0mThis is a debug message from thread 518-09-2026 00:29:34 [38;5;015m[INFO]: [0mThis is a info message from thread 1418-09-2026 00:29:34 [38;5;015m[INFO]: [0mThis is a info message from thread 818-09-2026 00:29:34 [38;5;009m[ERROR]: [0mThis is a error message from thread 1218-09-2026 00:29:34 [38;5;015m[INFO]: [0mThis is a info message from thread 1118-09-2026 00:29:34 [38;5;015m[INFO]: [0mThis is a info message from thread 418-09-2026 00:29:34 [38;5;015m[INFO]: [0mThis is a info message from thread 1318-09-2026 00:29:34 [38;5;117m[DEBUG]: [0mThis is a debug message from thread 2518-09-2026 00:29:34 [38;5;009m[ERROR]: [0mThis is a error message from thread 2618-09-2026 00:29:34 [38;5;117m[DEBUG]: [0mThis is a debug message from thread 718-09-2026 00:29:34 [38;5;009m[ERROR]: [0mThis is a error message from thread 1118-09-2026 00:29:34 [38;5;015m[INFO]: [0mThis is a info message from thread 2518-09-2026 00:29:34 [38;5;015m[INFO]: [0mThis is a info message from thread 2318-09-2026 00:29:34 [38;5;015m[INFO]: [0mThis is a info message from thread 2818-09-2026 00:29:34 [38;5;015m[INFO]: [0mThis is a info message from thread 2718-09-2026 00:29:34 [38;5;117m[DEBUG]: [0mThis is a debug message from thread 2118-09-2026 00:29:34 [38;5;009m[ERROR]: [0mThis is a error message from thread 1418-09-2026 00:29:34 [38;5;117m[DEBUG]: [0mThis is a debug message from thread 2618-09-2026 00:29:34 [38;5;009m[ERROR]: [0mThis is a error message from thread 2018-09-2026 00:29:34 [38;5;009m[ERROR]: [0mThis is a error message from thread 218-09-2026 00:29:34 [38;5;009m[ERROR]: [0mThis is a error message from thread 2918-09-2026 00:29:34 [38;5;117m[DEBUG]: [0mThis is a debug message from thread 1218-09-2026 00:29:34 [38;5;009m[ERROR]: [0mThis is a error message from thread 118-09-2026 00:29:34 [38;5;009m[ERROR]: [0mThis is a error message from thread 2218-09-2026 00:29:34 [38;5;015m[INFO]: [0mThis is a info message from thread 718-09-2026 00:29:34 [38;5;009m[ERROR]: [0mThis is a error message from thread 918-09-2026 00:29:34 [38;5;009m[ERROR]: [0mThis is a error message from thread 1518-09-2026 00:29:34 [38;5;009m[ERROR]: [0mThis is a error message from thread 2718-09-2026 00:29:34 [38;5;117m[DEBUG]: [0mThis is a debug message from thread 1718-09-2026 00:29:34 [38;5;117m[DEBUG]: [0mThis is a debug message from thread 2218-09-2026 00:29:34 [38;5;117m[DEBUG]: [0mThis is a debug message from thread 2918-09-2026 00:29:34 [38;5;015m[INFO]: [0mThis is a info message from thread 1218-09-2026 00:29:34 [38;5;009m[ERROR]: [0mThis is a error message from thread 1318-09-2026 00:29:34 [38;5;015m[INFO]: [0mThis is a info message from thread 2218-09-2026 00:29:34 [38;5;015m[INFO]: [0mThis is a info message from thread 2918-09-2026 00:29:34 [38;5;009m[ERROR]: [0mThis is a error message from thread 1218-09-2026 00:29:34 [38;5;015m[INFO]: [0mThis is a info message from thread 2118-09-2026 00:29:34 [38;5;009m[ERROR]: [0mThis is a error message from thread 2218-09-2026 00:29:34 [38;5;009m[ERROR]: [0mThis is a error message from thread 2918-09-2026 00:29:34 [38;5;009m[ERROR]: [0mThis is a error message from thread 2118-09-2026 00:29:34 [38;5;117m[DEBUG]: [0mThis is a debug message from thread 2218-09-2026 00:29:34 [38;5;117m[DEBUG]: [0mThis is a debug message from thread 1318-09-2026 00:29:34 [38;5;117m[DEBUG]: [0mThis is a debug message from thread 2918-09-2026 00:29:34 [38;5;015m[INFO]: [0mThis is a info message from thread 2218-09-2026 00:29:34 [38;5;015m[INFO]: [0mThis is a info message from thread 2618-09-2026 00:29:34 [38;5;009m[ERROR]: [0mThis is a error message from thread 018-09-2026 00:29:34 [38;5;117m[DEBUG]: [0mThis is a debug message from thread 318-09-2026 00:29:34 [38;5;009m[ERROR]: [0mThis is a error message from thread 418-09-2026 00:29:34 [38;5;117m[DEBUG]: [0mThis is a debug message from thread 1418-09-2026 00:29:34 [38;5;117m[DEBUG]: [0mThis is a debug message from thread 2118-09-2026 00:29:34 [38;5;117m[DEBUG]: [0mThis is a debug message from thread 2718-09-2026 00:29:34 [38;5;009m[ERROR]: [0mThis is a error message from thread 1918-09-2026 00:29:34 [38;5;117m[DEBUG]: [0mThis is a debug message from thread 018-09-2026 00:29:34 [38;5;117m[DEBUG]: [0mThis is a debug message from thread 418-09-2026 00:29:34 [38;5;015m[INFO]: [0mThis is a info message from thread 318-09-2026 00:29:34 [38;5;117m[DEBUG]: [0mThis is a debug message from thread 2418-09-2026 00:29:34 [38;5;015m[INFO]: [0mThis is a info message from thread 1318-09-2026 00:29:34 [38;5;015m[INFO]: [0mThis is a info message from thread 1818-09-2026 00:29:34 [38;5;015m[INFO]: [0mThis is a info message from thread 2418-09-2026 00:29:34 [38;5;009m[ERROR]: [0mThis is a error message from thread 318-09-2026 00:29:34 [38;5;015m[INFO]: [0mThis is a info message from thread 1418-09-2026 00:29:34 [38;5;009m[ERROR]: [0mThis is a error message from thread 2618-09-2026 00:29:34 [38;5;015m[INFO]: [0mThis is a info message from thread 2118-09-2026 00:29:34 [38;5;009m[ERROR]: [0mThis is a error message from thread 2518-09-2026 00:29:34 [38;5;015m[INFO]: [0mThis is a info message from thread 418-09-2026 00:29:34 [38;5;009m[ERROR]: [0mThis is a error message from thread 2818-09-2026 00:29:34 [38;5;117m[DEBUG]: [0mThis is a debug message from thread 2618-09-2026 00:29:34 [38;5;117m[DEBUG]: [0mThis is a debug message from thread 1018-09-2026 00:29:34 [38;5;009m[ERROR]: [0mThis is a error message from thread 1618-09-2026 00:29:34 [38;5;117m[DEBUG]: [0mThis is a debug message from thread 318-09-2026 00:29:34 [38;5;009m[ERROR]: [0mThis is a error message from thread 1418-09-2026 00:29:34 [38;5;117m[DEBUG]: [0mThis is a debug message from thread 1418-09-2026 00:29:34 [38;5;117m[DEBUG]: [0mThis is a debug message from thread 2818-09-2026 00:29:34 [38;5;015m[INFO]: [0mThis is a info message from thread 2618-09-2026 00:29:34 [38;5;009m[ERROR]: [0mThis is a error message from thread 418-09-2026 00:29:34 [38;5;117m[DEBUG]: [0mThis is a debug message from thread 2518-09-2026 00:29:34 [38;5;117m[DEBUG]: [0mThis is a debug message from thread 1618-09-2026 00:29:34 [38;5;009m[ERROR]: [0mThis is a error message from thread 818-09-2026 00:29:34 [38;5;009m[ERROR]: [0mThis is a error message from thread 2318-09-2026 00:29:34 [38;5;117m[DEBUG]: [0mThis is a debug message from thread 2318-09-2026 00:29:34 [38;5;015m[INFO]: [0mThis is a info message from thread 2818-09-2026 00:29:34 [38;5;009m[ERROR]: [0mThis is a error message from thread 2818-09-2026 00:29:34 [38;5;009m[ERROR]: [0mThis is a error message from thread 2618-09-2026 00:29:34 [38;5;117m[DEBUG]: [0mThis is a debug message from thread 2818-09-2026 00:29:34 [38;5;009m[ERROR]: [0mThis is a error message from thread 2418-09-2026 00:29:34 [38;5;117m[DEBUG]: [0mThis is a debug message from thread 818-09-2026 00:29:34 [38;5;117m[DEBUG]: [0mThis is a debug message from thread 418-09-2026 00:29:34 [38;5;015m[INFO]: [0mThis is a info message from thread 2318-09-2026 00:29:34 [38;5;009m[ERROR]: [0mThis is a error message from thread 1318-09-2026 00:29:34 [38;5;117m[DEBUG]: [0mThis is a debug message from thread 1218-09-2026 00:29:34 [38;5;117m[DEBUG]: [0mThis is a debug message from thread 1318-09-2026 00:29:34 [38;5;015m[INFO]: [0mThis is a info message from thread 618-09-2026 00:29:34 [38;5;015m[INFO]: [0mThis is a info message from thread 2918-09-2026 00:29:34 [38;5;015m[INFO]: [0mThis is a info message from thread 1418-09-2026 00:29:34 [38;5;009m[ERROR]: [0mThis is a error message from thread 2318-09-2026 00:29:34 [38;5;015m[INFO]: [0mThis is a info message from thread 1018-09-2026 00:29:34 [38;5;009m[ERROR]: [0mThis is a error message from thread 2918-09-2026 00:29:34 [38;5;117m[DEBUG]: [0mThis is a debug message from thread 918-09-2026 00:29:34 [38;5;117m[DEBUG]: [0mThis is a debug message from thread 118-09-2026 00:29:34 [38;5;015m[INFO]: [0mThis is a info message from thread 818-09-2026 00:29:34 [38;5;015m[INFO]: [0mThis is a info message from thread 1318-09-2026 00:29:34 [38;5;117m[DEBUG]: [0mThis is a debug message from thread 2418-09-2026 00:29:34 [38;5;015m[INFO]: [0mThis is a info message from thread 2718-09-2026 00:29:34 [38;5;009m[ERROR]: [0mThis is a error message from thread 718-09-2026 00:29:34 [38;5;117m[DEBUG]: [0mThis is a debug message from thread 2618-09-2026 00:29:34 [38;5;009m[ERROR]: [0mThis is a error message from thread 818-09-2026 00:29:34 [38;5;009m[ERROR]: [0mThis is a error message from thread 618-09-2026 00:29:34 [38;5;015m[INFO]: [0mThis is a info message from thread 1218-09-2026 00:29:34 [38;5;009m[ERROR]: [0mThis is a error message from thread 1018-09-2026 00:29:34 [38;5;015m[INFO]: [0mThis is a info message from thread 2518-09-2026 00:29:34 [38;5;015m[INFO]: [0mThis is a info message from thread 2418-09-2026 00:29:34 [38;5;117m[DEBUG]: [0mThis is a debug message from thread 1518-09-2026 00:29:34 [38;5;015m[INFO]: [0mThis is a info message from thread 118-09-2026 00:29:34 [38;5;009m[ERROR]: [0mThis is a error message from thread 1818-09-2026 00:29:34 [38;5;117m[DEBUG]: [0mThis is a debug message from thread 618-09-2026 00:29:34 [38;5;009m[ERROR]: [0mThis is a error message from thread 118-09-2026 00:29:34 [38;5;015m[INFO]: [0mThis is a info message from thread 1518-09-2026 00:29:34 [38;5;015m[INFO]: [0mThis is a info message from thread 418-09-2026 00:29:34 [38;5;009m[ERROR]: [0mThis is a error message from thread 1418-09-2026 00:29:34 [38;5;009m[ERROR]: [0mThis is a error message from thread 2518-09-2026 00:29:34 [38;5;009m[ERROR]: [0mThis is a error message from thread 2418-09-2026 00:29:34 [38;5;117m[DEBUG]: [0mThis is a debug message from thread 1018-09-2026 00:29:34 [38;5;009m[ERROR]: [0mThis is a error message from thread 2718-09-2026 00:29:34 [38;5;015m[INFO]: [0mThis is a info message from thread 518-09-2026 00:29:34 [38;5;117m[DEBUG]: [0mThis is a debug message from thread 1918-09-2026 00:29:34 [38;5;009m[ERROR]: [0mThis is a error message from thread 1518-09-2026 00:29:34 [38;5;117m[DEBUG]: [0mThis is a debug message from thread 818-09-2026 00:29:34 [38;5;117m[DEBUG]: [0mThis is a debug message from thread 1818-09-2026 00:29:34 [38;5;009m[ERROR]: [0mThis is a error message from thread 1218-09-2026 00:29:34 [38;5;117m[DEBUG]: [0mThis is a debug message from thread 2318-09-2026 00:29:34 [38;5;009m[ERROR]: [0mThis is a error message from thread 518-09-2026 00:29:34 [38;5;117m[DEBUG]: [0mThis is a debug message from thread 2518-09-2026 00:29:34 [38;5;117m[DEBUG]: [0mThis is a debug message from thread 1418-09-2026 00:29:34 [38;5;117m[DEBUG]: [0mThis is a debug message from thread 1518-09-2026 00:29:34 [38;5;015m[INFO]: [0mThis is a info message from thread 1418-09-2026 00:29:34 [38;5;015m[INFO]: [0mThis is a info message from thread 818-09-2026 00:29:34 [38;5;015m[INFO]: [0mThis is a info message from thread 1018-09-2026 00:29:34 [38;5;015m[INFO]: [0mThis is a info message from thread 1918-09-2026 00:29:34 [38;5;117m[DEBUG]: [0mThis is a debug message from thread 718-09-2026 00:29:34 [38;5;009m[ERROR]: [0mThis is a error message from thread 818-09-2026 00:29:34 [38;5;015m[INFO]: [0mThis is a info message from thread 2618-09-2026 00:29:34 [38;5;015m[INFO]: [0mThis is a info message from thread 1518-09-2026 00:29:34 [38;5;009m[ERROR]: [0mThis is a error message from thread 1918-09-2026 00:29:34 [38;5;015m[INFO]: [0mThis is a info message from thread 2318-09-2026 00:29:34 [38;5;117m[DEBUG]: [0mThis is a debug message from thread 2918-09-2026 00:29:34 [38;5;009m[ERROR]: [0mThis is a error message from thread 2218-09-2026 00:29:34 [38;5;015m[INFO]: [0mThis is a info message from thread 2518-09-2026 00:29:34 [38;5;117m[DEBUG]: [0mThis is a debug message from thread 2218-09-2026 00:29:34 [38;5;117m[DEBUG]: [0mThis is a debug message from thread 1118-09-2026 00:29:34 [38;5;117m[DEBUG]: [0mThis is a debug message from thread 818-09-2026 00:29:34 [38;5;009m[ERROR]: [0mThis is a error message from thread 2518-09-2026 00:29:34 [38;5;009m[ERROR]: [0mThis is a error message from thread 1518-09-2026 00:29:34 [38;5;117m[DEBUG]: [0mThis is a debug message from thread 218-09-2026 00:29:34 [38;5;117m[DEBUG]: [0mThis is a debug message from thread 2018-09-2026 00:29:34 [38;5;015m[INFO]: [0mThis is a info message from thread 018-09-2026 00:29:34 [38;5;015m[INFO]: [0mThis is a info message from thread 2218-09-2026 00:29:34 [38;5;009m[ERROR]: [0mThis is a error message from thread 1318-09-2026 00:29:34 [38;5;117m[DEBUG]: [0mThis is a debug message from thread 1518-09-2026 00:29:34 [38;5;015m[INFO]: [0mThis is a info message from thread 218-09-2026 00:29:34 [38;5;117m[DEBUG]: [0mThis is a debug message from thread 1318-09-2026 00:29:34 [38;5;015m[INFO]: [0mThis is a info message from thread 1718-09-2026 00:29:34 [38;5;009m[ERROR]: [0mThis is a error message from thread 1718-09-2026 00:29:34 [38;5;009m[ERROR]: [0mThis is a error message from thread 218-09-2026 00:29:34 [38;5;117m[DEBUG]: [0mThis is a debug message from thread 1718-09-2026 00:29:34 [38;5;009m[ERROR]: [0mThis is a error message from thread 2218-09-2026 00:29:34 [38;5;117m[DEBUG]: [0mThis is a debug message from thread 218-09-2026 00:29:34 [38;5;015m[INFO]: [0mThis is a info message from thread 2818-09-2026 00:29:34 [38;5;117m[DEBUG]: [0mThis is a debug message from thread 2218-09-2026 00:29:34 [38;5;117m[DEBUG]: [0mThis is a debug message from thread 2518-09-2026 00:29:34 [38;5;015m[INFO]: [0mThis is a info message from thread 1118-09-2026 00:29:34 [38;5;015m[INFO]: [0mThis is a info message from thread 718-09-2026 00:29:34 [38;5;015m[INFO]: [0mThis is a info message from thread 618-09-2026 00:29:34 [38;5;009m[ERROR]: [0mThis is a error message from thread 418-09-2026 00:29:34 [38;5;009m[ERROR]: [0mThis is a error message from thread 018-09-2026 00:29:34 [38;5;117m[DEBUG]: [0mThis is a debug message from thread 1218-09-2026 00:29:34 [38;5;009m[ERROR]: [0mThis is a error message from thread 1418-09-2026 00:29:34 [38;5;015m[INFO]: [0mThis is a info message from thread 218-09-2026 00:29:34 [38;5;117m[DEBUG]: [0mThis is a debug message from thread 2418-09-2026 00:29:34 [38;5;015m[INFO]: [0mThis is a info message from thread 2918-09-2026 00:29:34 [38;5;015m[INFO]: [0mThis is a info message from thread 1818-09-2026 00:29:34 [38;5;117m[DEBUG]: [0mThis is a debug message from thread 018-09-2026 00:29:34 [38;5;009m[ERROR]: [0mThis is a error message from thread 2818-09-2026 00:29:34 [38;5;117m[DEBUG]: [0mThis is a debug message from thread 518-09-2026 00:29:34 [38;5;117m[DEBUG]: [0mThis is a debug message from thread 1918-09-2026 00:29:34 [38;5;009m[ERROR]: [0mThis is a error message from thread 2318-09-2026 00:29:34 [38;5;015m[INFO]: [0mThis is a info message from thread 2018-09-2026 00:29:34 [38;5;015m[INFO]: [0mThis is a info message from thread 1918-09-2026 00:29:34 [38;5;117m[DEBUG]: [0mThis is a debug message from thread 2318-09-2026 00:29:34 [38;5;015m[INFO]: [0mThis is a info message from thread 018-09-2026 00:29:34 [38;5;009m[ERROR]: [0mThis is a error message from thread 2018-09-2026 00:29:34 [38;5;009m[ERROR]: [0mThis is a error message from thread 2918-09-2026 00:29:34 [38;5;015m[INFO]: [0mThis is a info message from thread 518-09-2026 00:29:34 [38;5;009m[ERROR]: [0mThis is a error message from thread 2618-09-2026 00:29:34 [38;5;117m[DEBUG]: [0mThis is a debug message from thread 118-09-2026 00:29:34 [38;5;117m[DEBUG]: [0mThis is a debug message from thread 418-09-2026 00:29:34 [38;5;009m[ERROR]: [0mThis is a error message from thread 618-09-2026 00:29:34 [38;5;009m[ERROR]: [0mThis is a error message from thread 018-09-2026 00:29:34 [38;5;015m[INFO]: [0mThis is a info message from thread 1318-09-2026 00:29:34 [38;5;015m[INFO]: [0mThis is a info message from thread 2318-09-2026 00:29:34 [38;5;117m[DEBUG]: [0mThis is a debug message from thread 2618-09-2026 00:29:34 [38;5;015m[INFO]: [0mThis is a info message from thread 1718-09-2026 00:29:34 [38;5;015m[INFO]: [0mThis is a info message from thread 318-09-2026 00:29:34 [38;5;015m[INFO]: [0mThis is a info message from thread 2618-09-2026 00:29:34 [38;5;009m[ERROR]: [0mThis is a error message from thread 2618-09-2026 00:29:34 [38;5;015m[INFO]: [0mThis is a info message from thread 418-09-2026 00:29:34 [38;5;117m[DEBUG]: [0mThis is a debug message from thread 618-09-2026 00:29:34 [38;5;009m[ERROR]: [0mThis is a error message from thread 2318-09-2026 00:29:34 [38;5;015m[INFO]: [0mThis is a info message from thread 618-09-2026 00:29:34 [38;5;009m[ERROR]: [0mThis is a error message from thread 418-09-2026 00:29:34 [38;5;117m[DEBUG]: [0mThis is a debug message from thread 2918-09-2026 00:29:34 [38;5;009m[ERROR]: [0mThis is a error message from thread 1118-09-2026 00:29:34 [38;5;117m[DEBUG]: [0mThis is a debug message from thread 2618-09-2026 00:29:34 [38;5;015m[INFO]: [0mThis is a info message from thread 1218-09-2026 00:29:34 [38;5;015m[INFO]: [0mThis is a info message from thread 1518-09-2026 00:29:34 [38;5;015m[INFO]: [0mThis is a info message from thread 918-09-2026 00:29:34 [38;5;009m[ERROR]: [0mThis is a error message from thread 1318-09-2026 00:29:34 [38;5;009m[ERROR]: [0mThis is a error message from thread 1518-09-2026 00:29:34 [38;5;015m[INFO]: [0mThis is a info message from thread 2918-09-2026 00:29:34 [38;5;015m[INFO]: [0mThis is a info message from thread 1618-09-2026 00:29:34 [38;5;009m[ERROR]: [0mThis is a error message from thread 918-09-2026 00:29:34 [38;5;009m[ERROR]: [0mThis is a error message from thread 618-09-2026 00:29:34 [38;5;117m[DEBUG]: [0mThis is a debug message from thread 1518-09-2026 00:29:34 [38;5;117m[DEBUG]: [0mThis is a debug message from thread 018-09-2026 00:29:34 [38;5;009m[ERROR]: [0mThis is a error message from thread 1718-09-2026 00:29:34 [38;5;009m[ERROR]: [0mThis is a error message from thread 718-09-2026 00:29:34 [38;5;009m[ERROR]: [0mThis is a error message from thread 2118-09-2026 00:29:34 [38;5;015m[INFO]: [0mThis is a info message from thread 1518-09-2026 00:29:34 [38;5;009m[ERROR]: [0mThis is a error message from thread 1818-09-2026 00:29:34 [38;5;117m[DEBUG]: [0mThis is a debug message from thread 1118-09-2026 00:29:34 [38;5;009m[ERROR]: [0mThis is a error message from thread 2918-09-2026 00:29:34 [38;5;117m[DEBUG]: [0mThis is a debug message from thread 418-09-2026 00:29:34 [38;5;117m[DEBUG]: [0mThis is a debug message from thread 2918-09-2026 00:29:34 [38;5;009m[ERROR]: [0mThis is a error message from thread 1618-09-2026 00:29:34 [38;5;117m[DEBUG]: [0mThis is a debug message from thread 1818-09-2026 00:29:34 [38;5;117m[DEBUG]: [0mThis is a debug message from thread 2318-09-2026 00:29:34 [38;5;015m[INFO]: [0mThis is a info message from thread 2918-09-2026 00:29:34 [38;5;015m[INFO]: [0mThis is a info message from thread 118-09-2026 00:29:34 [38;5;009m[ERROR]: [0mThis is a error message from thread 1518-09-2026 00:29:34 [38;5;015m[INFO]: [0mThis is a info message from thread 1818-09-2026 00:29:34 [38;5;117m[DEBUG]: [0mThis is a debug message from thread 1618-09-2026 00:29:34 [38;5;117m[DEBUG]: [0mThis is a debug message from thread 1318-09-2026 00:29:34 [38;5;117m[DEBUG]: [0mThis is a debug message from thread 718-09-2026 00:29:34 [38;5;117m[DEBUG]: [0mThis is a debug message from thread 1718-09-2026 00:29:34 [38;5;015m[INFO]: [0mThis is a info message from thread 2318-09-2026 00:29:34 [38;5;009m[ERROR]: [0mThis is a error message from thread 1818-09-2026 00:29:34 [38;5;015m[INFO]: [0mThis is a info message from thread 418-09-2026 00:29:34 [38;5;009m[ERROR]: [0mThis is a error message from thread 1218-09-2026 00:29:34 [38;5;015m[INFO]: [0mThis is a info message from thread 1718-09-2026 00:29:34 [38;5;015m[INFO]: [0mThis is a info message from thread 718-09-2026 00:29:34 [38;5;009m[ERROR]: [0mThis is a error message from thread 1018-09-2026 00:29:34 [38;5;117m[DEBUG]: [0mThis is a debug message from thread 1018-09-2026 00:29:34 [38;5;009m[ERROR]: [0mThis is a error message from thread 418-09-2026 00:29:34 [38;5;117m[DEBUG]: [0mThis is a debug message from thread 418-09-2026 00:29:34 [38;5;009m[ERROR]: [0mThis is a error message from thread 718-09-2026 00:29:34 [38;5;015m[INFO]: [0mThis is a info message from thread 2218-09-2026 00:29:34 [38;5;117m[DEBUG]: [0mThis is a debug message from thread 1818-09-2026 00:29:34 [38;5;117m[DEBUG]: [0mThis is a debug message from thread 2118-09-2026 00:29:34 [38;5;015m[INFO]: [0mThis is a info message from thread 418-09-2026 00:29:34 [38;5;117m[DEBUG]: [0mThis is a debug message from thread 718-09-2026 00:29:34 [38;5;117m[DEBUG]: [0mThis is a debug message from thread 1218-09-2026 00:29:34 [38;5;009m[ERROR]: [0mThis is a error message from thread 418-09-2026 00:29:34 [38;5;009m[ERROR]: [0mThis is a error message from thread 2918-09-2026 00:29:34 [38;5;009m[ERROR]: [0mThis is a error message from thread 1718-09-2026 00:29:34 [38;5;015m[INFO]: [0mThis is a info message from thread 1818-09-2026 00:29:34 [38;5;015m[INFO]: [0mThis is a info message from thread 1018-09-2026 00:29:34 [38;5;117m[DEBUG]: [0mThis is a debug message from thread 1518-09-2026 00:29:34 [38;5;009m[ERROR]: [0mThis is a error message from thread 2318-09-2026 00:29:34 [38;5;015m[INFO]: [0mThis is a info message from thread 2518-09-2026 00:29:34 [38;5;015m[INFO]: [0mThis is a info message from thread 1318-09-2026 00:29:34 [38;5;117m[DEBUG]: [0mThis is a debug message from thread 2918-09-2026 00:29:34 [38;5;117m[DEBUG]: [0mThis is a debug message from thread 418-09-2026 00:29:34 [38;5;015m[INFO]: [0mThis is a info message from thread 1218-09-2026 00:29:34 [38;5;015m[INFO]: [0mThis is a info message from thread 718-09-2026 00:29:34 [38;5;117m[DEBUG]: [0mThis is a debug message from thread 1718-09-2026 00:29:34 [38;5;015m[INFO]: [0mThis is a info message from thread 1518-09-2026 00:29:34 [38;5;009m[ERROR]: [0mThis is a error message from thread 1018-09-2026 00:29:34 [38;5;015m[INFO]: [0mThis is a info message from thread 1718-09-2026 00:29:34 [38;5;117m[DEBUG]: [0mThis is a debug message from thread 2318-09-2026 00:29:34 [38;5;009m[ERROR]: [0mThis is a error message from thread 1718-09-2026 00:29:34 [38;5;009m[ERROR]: [0mThis is a error message from thread 1318-09-2026 00:29:34 [38;5;009m[ERROR]: [0mThis is a error message from thread 2518-09-2026 00:29:34 [38;5;009m[ERROR]: [0mThis is a error message from thread 718-09-2026 00:29:34 [38;5;015m[INFO]: [0mThis is a info message from thread 1118-09-2026 00:29:34 [38;5;015m[INFO]: [0mThis is a info message from thread 2918-09-2026 00:29:34 [38;5;009m[ERROR]: [0mThis is a error message from thread 2218-09-2026 00:29:34 [38;5;117m[DEBUG]: [0mThis is a debug message from thread 2518-09-2026 00:29:34 [38;5;117m[DEBUG]: [0mThis is a debug message from thread 918-09-2026 00:29:34 [38;5;117m[DEBUG]: [0mThis is a debug message from thread 618-09-2026 00:29:34 [38;5;009m[ERROR]: [0mThis is a error message from thread 118-09-2026 00:29:34 [38;5;009m[ERROR]: [0mThis is a error message from thread 1818-09-2026 00:29:34 [38;5;117m[DEBUG]: [0mThis is a debug message from thread 1418-09-2026 00:29:34 [38;5;117m[DEBUG]: [0mThis is a debug message from thread 2218-09-2026 00:29:34 [38;5;015m[INFO]: [0mThis is a info message from thread 618-09-2026 00:29:34 [38;5;015m[INFO]: [0mThis is a info message from thread 918-09-2026 00:29:34 [38;5;009m[ERROR]: [0mThis is a error message from thread 618-09-2026 00:29:34 [38;5;009m[ERROR]: [0mThis is a error message from thread 1518-09-2026 00:29:34 [38;5;015m[INFO]: [0mThis is a info message from thread 2218-09-2026 00:29:34 [38;5;009m[ERROR]: [0mThis is a error message from thread 918-09-2026 00:29:34 [38;5;117m[DEBUG]: [0mThis is a debug message from thread 618-09-2026 00:29:34 [38;5;117m[DEBUG]: [0mThis is a debug message from thread 1718-09-2026 00:29:34 [38;5;117m[DEBUG]: [0mThis is a debug message from thread 918-09-2026 00:29:34 [38;5;009m[ERROR]: [0mThis is a error message from thread 2218-09-2026 00:29:34 [38;5;015m[INFO]: [0mThis is a info message from thread 1418-09-2026 00:29:34 [38;5;009m[ERROR]: [0mThis is a error message from thread 218-09-2026 00:29:34 [38;5;015m[INFO]: [0mThis is a info message from thread 2118-09-2026 00:29:34 [38;5;009m[ERROR]: [0mThis is a error message from thread 1418-09-2026 00:29:34 [38;5;015m[INFO]: [0mThis is a info message from thread 818-09-2026 00:29:34 [38;5;117m[DEBUG]: [0mThis is a debug message from thread 2818-09-2026 00:29:34 [38;5;117m[DEBUG]: [0mThis is a debug message from thread 1418-09-2026 00:29:34 [38;5;117m[DEBUG]: [0mThis is a debug message from thread 2018-09-2026 00:29:34 [38;5;015m[INFO]: [0mThis is a info message from thread 918-09-2026 00:29:34 [38;5;117m[DEBUG]: [0mThis is a debug message from thread 2718-09-2026 00:29:34 [38;5;015m[INFO]: [0mThis is a info message from thread 618-09-2026 00:29:34 [38;5;117m[DEBUG]: [0mThis is a debug message from thread 1318-09-2026 00:29:34 [38;5;009m[ERROR]: [0mThis is a error message from thread 818-09-2026 00:29:34 [38;5;009m[ERROR]: [0mThis is a error message from thread 1918-09-2026 00:29:34 [38;5;009m[ERROR]: [0mThis is a error message from thread 2118-09-2026 00:29:34 [38;5;117m[DEBUG]: [0mThis is a debug message from thread 2218-09-2026 00:29:34 [38;5;009m[ERROR]: [0mThis is a error message from thread 918-09-2026 00:29:34 [38;5;015m[INFO]: [0mThis is a info message from thread 018-09-2026 00:29:34 [38;5;015m[INFO]: [0mThis is a info message from thread 2018-09-2026 00:29:34 [38;5;117m[DEBUG]: [0mThis is a debug message from thread 2118-09-2026 00:29:34 [38;5;015m[INFO]: [0mThis is a info message from thread 1718-09-2026 00:29:34 [38;5;015m[INFO]: [0mThis is a info message from thread 1418-09-2026 00:29:34 [38;5;117m[DEBUG]: [0mThis is a debug message from thread 1918-09-2026 00:29:34 [38;5;009m[ERROR]: [0mThis is a error message from thread 1718-09-2026 00:29:34 [38;5;009m[ERROR]: [0mThis is a error message from thread 1218-09-2026 00:29:34 [38;5;117m[DEBUG]: [0mThis is a debug message from thread 1018-09-2026 00:29:34 [38;5;117m[DEBUG]: [0mThis is a debug message from thread 718-09-2026 00:29:34 [38;5;015m[INFO]: [0mThis is a info message from thread 1318-09-2026 00:29:34 [38;5;117m[DEBUG]: [0mThis is a debug message from thread 1218-09-2026 00:29:34 [38;5;015m[INFO]: [0mThis is a info message from thread 718-09-2026 00:29:34 [38;5;015m[INFO]: [0mThis is a info message from thread 2218-09-2026 00:29:34 [38;5;009m[ERROR]: [0mThis is a error message from thread 1318-09-2026 00:29:34 [38;5;009m[ERROR]: [0mThis is a error message from thread 318-09-2026 00:29:34 [38;5;009m[ERROR]: [0mThis is a error message from thread 2218-09-2026 00:29:34 [38;5;015m[INFO]: [0mThis is a info message from thread 418-09-2026 00:29:34 [38;5;117m[DEBUG]: [0mThis is a debug message from thread 318-09-2026 00:29:34 [38;5;117m[DEBUG]: [0mThis is a debug message from thread 1718-09-2026 00:29:34 [38;5;009m[ERROR]: [0mThis is a error message from thread 018-09-2026 00:29:34 [38;5;009m[ERROR]: [0mThis is a error message from thread 1118-09-2026 00:29:34 [38;5;009m[ERROR]: [0mThis is a error message from thread 618-09-2026 00:29:34 [38;5;015m[INFO]: [0mThis is a info message from thread 1218-09-2026 00:29:34 [38;5;117m[DEBUG]: [0mThis is a debug message from thread 118-09-2026 00:29:34 [38;5;015m[INFO]: [0mThis is a info message from thread 318-09-2026 00:29:34 [38;5;117m[DEBUG]: [0mThis is a debug message from thread 1818-09-2026 00:29:34 [38;5;117m[DEBUG]: [0mThis is a debug message from thread 1118-09-2026 00:29:34 [38;5;015m[INFO]: [0mThis is a info message from thread 118-09-2026 00:29:34 [38;5;015m[INFO]: [0mThis is a info message from thread 1818-09-2026 00:29:34 [38;5;009m[ERROR]: [0mThis is a error message from thread 118-09-2026 00:29:34 [38;5;015m[INFO]: [0mThis is a info message from thread 1118-09-2026 00:29:34 [38;5;009m[ERROR]: [0mThis is a error message from thread 1818-09-2026 00:29:34 [38;5;009m[ERROR]: [0mThis is a error message from thread 2018-09-2026 00:29:34 [38;5;117m[DEBUG]: [0mThis is a debug message from thread 118-09-2026 00:29:34 [38;5;009m[ERROR]: [0mThis is a error message from thread 1118-09-2026 00:29:34 [38;5;117m[DEBUG]: [0mThis is a debug message from thread 2018-09-2026 00:29:34 [38;5;015m[INFO]: [0mThis is a info message from thread 118-09-2026 00:29:34 [38;5;117m[DEBUG]: [0mThis is a debug message from thread 1118-09-2026 00:29:34 [38;5;015m[INFO]: [0mThis is a info message from thread 2018-09-2026 00:29:34 [38;5;009m[ERROR]: [0mThis is a error message from thread 118-09-2026 00:29:34 [38;5;015m[INFO]: [0mThis is a info message from thread 1718-09-2026 00:29:34 [38;5;009m[ERROR]: [0mThis is a error message from thread 2018-09-2026 00:29:34 [38;5;117m[DEBUG]: [0mThis is a debug message from thread 118-09-2026 00:29:34 [38;5;117m[DEBUG]: [0mThis is a debug message from thread 2218-09-2026 00:29:34 [38;5;117m[DEBUG]: [0mThis is a debug message from thread 2018-09-2026 00:29:34 [38;5;009m[ERROR]: [0mThis is a error message from thread 1718-09-2026 00:29:34 [38;5;009m[ERROR]: [0mThis is a error message from thread 318-09-2026 00:29:34 [38;5;015m[INFO]: [0mThis is a info message from thread 118-09-2026 00:29:34 [38;5;015m[INFO]: [0mThis is a info message from thread 1918-09-2026 00:29:34 [38;5;015m[INFO]: [0mThis is a info message from thread 2118-09-2026 00:29:34 [38;5;009m[ERROR]: [0mThis is a error message from thread 418-09-2026 00:29:34 [38;5;009m[ERROR]: [0mThis is a error message from thread 1918-09-2026 00:29:34 [38;5;117m[DEBUG]: [0mThis is a debug message from thread 318-09-2026 00:29:34 [38;5;015m[INFO]: [0mThis is a info message from thread 2018-09-2026 00:29:34 [38;5;009m[ERROR]: [0mThis is a error message from thread 118-09-2026 00:29:34 [38;5;009m[ERROR]: [0mThis is a error message from thread 518-09-2026 00:29:34 [38;5;015m[INFO]: [0mThis is a info message from thread 1018-09-2026 00:29:34 [38;5;117m[DEBUG]: [0mThis is a debug message from thread 018-09-2026 00:29:34 [38;5;015m[INFO]: [0mThis is a info message from thread 2318-09-2026 00:29:34 [38;5;117m[DEBUG]: [0mThis is a debug message from thread 618-09-2026 00:29:34 [38;5;117m[DEBUG]: [0mThis is a debug message from thread 1918-09-2026 00:29:34 [38;5;015m[INFO]: [0mThis is a info message from thread 2418-09-2026 00:29:34 [38;5;015m[INFO]: [0mThis is a info message from thread 1618-09-2026 00:29:34 [38;5;009m[ERROR]: [0mThis is a error message from thread 2118-09-2026 00:29:34 [38;5;117m[DEBUG]: [0mThis is a debug message from thread 918-09-2026 00:29:34 [38;5;015m[INFO]: [0mThis is a info message from thread 018-09-2026 00:29:34 [38;5;117m[DEBUG]: [0mThis is a debug message from thread 418-09-2026 00:29:34 [38;5;009m[ERROR]: [0mThis is a error message from thread 1218-09-2026 00:29:34 [38;5;117m[DEBUG]: [0mThis is a debug message from thread 518-09-2026 00:29:34 [38;5;015m[INFO]: [0mThis is a info message from thread 1918-09-2026 00:29:34 [38;5;009m[ERROR]: [0mThis is a error message from thread 1018-09-2026 00:29:34 [38;5;117m[DEBUG]: [0mThis is a debug message from thread 2118-09-2026 00:29:34 [38;5;117m[DEBUG]: [0mThis is a debug message from thread 818-09-2026 00:29:34 [38;5;009m[ERROR]: [0mThis is a error message from thread 018-09-2026 00:29:34 [38;5;015m[INFO]: [0mThis is a info message from thread 518-09-2026 00:29:34 [38;5;009m[ERROR]: [0mThis is a error message from thread 1918-09-2026 00:29:34 [38;5;117m[DEBUG]: [0mThis is a debug message from thread 1818-09-2026 00:29:34 [38;5;117m[DEBUG]: [0mThis is a debug message from thread 018-09-2026 00:29:34 [38;5;015m[INFO]: [0mThis is a info message from thread 2118-09-2026 00:29:34 [38;5;015m[INFO]: [0mThis is a info message from thread 818-09-2026 00:29:34 [38;5;117m[DEBUG]: [0mThis is a debug message from thread 118-09-2026 00:29:34 [38;5;117m[DEBUG]: [0mThis is a debug message from thread 1018-09-2026 00:29:34 [38;5;117m[DEBUG]: [0mThis is a debug message from thread 1218-09-2026 00:29:34 [38;5;015m[INFO]: [0mThis is a info message from thread 2518-09-2026 00:29:34 [38;5;009m[ERROR]: [0mThis is a error message from thread 2418-09-2026 00:29:34 [38;5;015m[INFO]: [0mThis is a info message from thread 1818-09-2026 00:29:34 [38;5;009m[ERROR]: [0mThis is a error message from thread 818-09-2026 00:29:34 [38;5;015m[INFO]: [0mThis is a info message from thread 2718-09-2026 00:29:34 [38;5;015m[INFO]: [0mThis is a info message from thread 418-09-2026 00:29:34 [38;5;009m[ERROR]: [0mThis is a error message from thread 1818-09-2026 00:29:34 [38;5;015m[INFO]: [0mThis is a info message from thread 1218-09-2026 00:29:34 [38;5;009m[ERROR]: [0mThis is a error message from thread 1218-09-2026 00:29:34 [38;5;009m[ERROR]: [0mThis is a error message from thread 1618-09-2026 00:29:34 [38;5;117m[DEBUG]: [0mThis is a debug message from thread 818-09-2026 00:29:34 [38;5;015m[INFO]: [0mThis is a info message from thread 018-09-2026 00:29:34 [38;5;009m[ERROR]: [0mThis is a error message from thread 418-09-2026 00:29:34 [38;5;015m[INFO]: [0mThis is a info message from thread 2218-09-2026 00:29:34 [38;5;015m[INFO]: [0mThis is a info message from thread 1118-09-2026 00:29:34 [38;5;015m[INFO]: [0mThis is a info message from thread 118-09-2026 00:29:34 [38;5;009m[ERROR]: [0mThis is a error message from thread 2218-09-2026 00:29:34 [38;5;117m[DEBUG]: [0mThis is a debug message from thread 418-09-2026 00:29:34 [38;5;117m[DEBUG]: [0mThis is a debug message from thread 218-09-2026 00:29:34 [38;5;117m[DEBUG]: [0mThis is a debug message from thread 1618-09-2026 00:29:34 [38;5;015m[INFO]: [0mThis is a info message from thread 318-09-2026 00:29:34 [38;5;015m[INFO]: [0mThis is a info message from thread 618-09-2026 00:29:34 [38;5;117m[DEBUG]: [0mThis is a debug message from thread 1218-09-2026 00:29:34 [38;5;117m[DEBUG]: [0mThis is a debug message from thread 1318-09-2026 00:29:34 [38;5;015m[INFO]: [0mThis is a info message from thread 818-09-2026 00:29:34 [38;5;015m[INFO]: [0mThis is a info message from thread 218-09-2026 00:29:34 [38;5;009m[ERROR]: [0mThis is a error message from thread 518-09-2026 00:29:34 [38;5;009m[ERROR]: [0mThis is a error message from thread 618-09-2026 00:29:34 [38;5;117m[DEBUG]: [0mThis is a debug message from thread 1818-09-2026 00:29:34 [38;5;009m[ERROR]: [0mThis is a error message from thread 2118-09-2026 00:29:34 [38;5;009m[ERROR]: [0mThis is a error message from thread 718-09-2026 00:29:34 [38;5;015m[INFO]: [0mThis is a info message from thread 1618-09-2026 00:29:34 [38;5;015m[INFO]: [0mThis is a info message from thread 1318-09-2026 00:29:34 [38;5;009m[ERROR]: [0mThis is a error message from thread 318-09-2026 00:29:34 [38;5;009m[ERROR]: [0mThis is a error message from thread 018-09-2026 00:29:34 [38;5;009m[ERROR]: [0mThis is a error message from thread 2518-09-2026 00:29:34 [38;5;015m[INFO]: [0mThis is a info message from thread 1218-09-2026 00:29:34 [38;5;009m[ERROR]: [0mThis is a error message from thread 118-09-2026 00:29:34 [38;5;015m[INFO]: [0mThis is a info message from thread 918-09-2026 00:29:34 [38;5;015m[INFO]: [0mThis is a info message from thread 2818-09-2026 00:29:34 [38;5;009m[ERROR]: [0mThis is a error message from thread 1318-09-2026 00:29:34 [38;5;009m[ERROR]: [0mThis is a error message from thread 1118-09-2026 00:29:34 [38;5;009m[ERROR]: [0mThis is a error message from thread 1418-09-2026 00:29:34 [38;5;117m[DEBUG]: [0mThis is a debug message from thread 318-09-2026 00:29:34 [38;5;015m[INFO]: [0mThis is a info message from thread 1818-09-2026 00:29:34 [38;5;015m[INFO]: [0mThis is a info message from thread 418-09-2026 00:29:34 [38;5;009m[ERROR]: [0mThis is a error message from thread 2818-09-2026 00:29:34 [38;5;117m[DEBUG]: [0mThis is a debug message from thread 1118-09-2026 00:29:34 [38;5;117m[DEBUG]: [0mThis is a debug message from thread 1418-09-2026 00:29:34 [38;5;009m[ERROR]: [0mThis is a error message from thread 2718-09-2026 00:29:34 [38;5;117m[DEBUG]: [0mThis is a debug message from thread 1718-09-2026 00:29:34 [38;5;117m[DEBUG]: [0mThis is a debug message from thread 2418-09-2026 00:29:34 [38;5;117m[DEBUG]: [0mThis is a debug message from thread 1918-09-2026 00:29:34 [38;5;009m[ERROR]: [0mThis is a error message from thread 918-09-2026 00:29:34 [38;5;015m[INFO]: [0mThis is a info message from thread 318-09-2026 00:29:34 [38;5;117m[DEBUG]: [0mThis is a debug message from thread 2718-09-2026 00:29:34 [38;5;015m[INFO]: [0mThis is a info message from thread 1418-09-2026 00:29:34 [38;5;015m[INFO]: [0mThis is a info message from thread 1718-09-2026 00:29:34 [38;5;015m[INFO]: [0mThis is a info message from thread 1918-09-2026 00:29:34 [38;5;015m[INFO]: [0mThis is a info message from thread 2618-09-2026 00:29:34 [38;5;117m[DEBUG]: [0mThis is a debug message from thread 918-09-2026 00:29:34 [38;5;009m[ERROR]: [0mThis is a error message from thread 218-09-2026 00:29:34 [38;5;009m[ERROR]: [0mThis is a error message from thread 1218-09-2026 00:29:34 [38;5;117m[DEBUG]: [0mThis is a debug message from thread 2218-09-2026 00:29:34 [38;5;009m[ERROR]: [0mThis is a error message from thread 1418-09-2026 00:29:34 [38;5;009m[ERROR]: [0mThis is a error message from thread 1718-09-2026 00:29:34 [38;5;009m[ERROR]: [0mThis is a error message from thread 1918-09-2026 00:29:34 [38;5;015m[INFO]: [0mThis is a info message from thread 2718-09-2026 00:29:34 [38;5;117m[DEBUG]: [0mThis is a debug message from thread 718-09-2026 00:29:34 [38;5;117m[DEBUG]: [0mThis is a debug message from thread 018-09-2026 00:29:34 [38;5;015m[INFO]: [0mThis is a info message from thread 2218-09-2026 00:29:34 [38;5;117m[DEBUG]: [0mThis is a debug message from thread 118-09-2026 00:29:34 [38;5;117m[DEBUG]: [0mThis is a debug message from thread 1218-09-2026 00:29:34 [38;5;117m[DEBUG]: [0mThis is a debug message from thread 1718-09-2026 00:29:34 [38;5;117m[DEBUG]: [0mThis is a debug message from thread 2118-09-2026 00:29:34 [38;5;117m[DEBUG]: [0mThis is a debug message from thread 2518-09-2026 00:29:34 [38;5;015m[INFO]: [0mThis is a info message from thread 2518-09-2026 00:29:34 [38;5;015m[INFO]: [0mThis is a info message from thread 118-09-2026 00:29:34 [38;5;015m[INFO]: [0mThis is a info message from thread 1718-09-2026 00:29:34 [38;5;009m[ERROR]: [0mThis is a error message from thread 1718-09-2026 00:29:34 [38;5;015m[INFO]: [0mThis is a info message from thread 2118-09-2026 00:29:34 [38;5;117m[DEBUG]: [0mThis is a debug message from thread 218-09-2026 00:29:34 [38;5;015m[INFO]: [0mThis is a info message from thread 718-09-2026 00:29:34 [38;5;009m[ERROR]: [0mThis is a error message from thread 2218-09-2026 00:29:34 [38;5;015m[INFO]: [0mThis is a info message from thread 1018-09-2026 00:29:34 [38;5;117m[DEBUG]: [0mThis is a debug message from thread 1318-09-2026 00:29:34 [38;5;009m[ERROR]: [0mThis is a error message from thread 2018-09-2026 00:29:34 [38;5;009m[ERROR]: [0mThis is a error message from thread 1018-09-2026 00:29:34 [38;5;117m[DEBUG]: [0mThis is a debug message from thread 2218-09-2026 00:29:34 [38;5;015m[INFO]: [0mThis is a info message from thread 218-09-2026 00:29:34 [38;5;117m[DEBUG]: [0mThis is a debug message from thread 1518-09-2026 00:29:34 [38;5;009m[ERROR]: [0mThis is a error message from thread 1818-09-2026 00:29:34 [38;5;009m[ERROR]: [0mThis is a error message from thread 2118-09-2026 00:29:34 [38;5;015m[INFO]: [0mThis is a info message from thread 1518-09-2026 00:29:34 [38;5;117m[DEBUG]: [0mThis is a debug message from thread 2118-09-2026 00:29:34 [38;5;117m[DEBUG]: [0mThis is a debug message from thread 2018-09-2026 00:29:34 [38;5;009m[ERROR]: [0mThis is a error message from thread 2718-09-2026 00:29:34 [38;5;117m[DEBUG]: [0mThis is a debug message from thread 1418-09-2026 00:29:34 [38;5;117m[DEBUG]: [0mThis is a debug message from thread 1918-09-2026 00:29:34 [38;5;015m[INFO]: [0mThis is a info message from thread 018-09-2026 00:29:34 [38;5;015m[INFO]: [0mThis is a info message from thread 918-09-2026 00:29:34 [38;5;015m[INFO]: [0mThis is a info message from thread 2118-09-2026 00:29:34 [38;5;009m[ERROR]: [0mThis is a error message from thread 418-09-2026 00:29:34 [38;5;009m[ERROR]: [0mThis is a error message from thread 818-09-2026 00:29:34 [38;5;015m[INFO]: [0mThis is a info message from thread 1918-09-2026 00:29:34 [38;5;117m[DEBUG]: [0mThis is a debug message from thread 1818-09-2026 00:29:34 [38;5;015m[INFO]: [0mThis is a info message from thread 1418-09-2026 00:29:34 [38;5;009m[ERROR]: [0mThis is a error message from thread 2118-09-2026 00:29:34 [38;5;117m[DEBUG]: [0mThis is a debug message from thread 618-09-2026 00:29:34 [38;5;009m[ERROR]: [0mThis is a error message from thread 1618-09-2026 00:29:34 [38;5;117m[DEBUG]: [0mThis is a debug message from thread 418-09-2026 00:29:34 [38;5;009m[ERROR]: [0mThis is a error message from thread 1418-09-2026 00:29:34 [38;5;117m[DEBUG]: [0mThis is a debug message from thread 1718-09-2026 00:29:34 [38;5;117m[DEBUG]: [0mThis is a debug message from thread 818-09-2026 00:29:34 [38;5;117m[DEBUG]: [0mThis is a debug message from thread 2118-09-2026 00:29:34 [38;5;009m[ERROR]: [0mThis is a error message from thread 118-09-2026 00:29:34 [38;5;009m[ERROR]: [0mThis is a error message from thread 2918-09-2026 00:29:34 [38;5;009m[ERROR]: [0mThis is a error message from thread 2618-09-2026 00:29:34 [38;5;009m[ERROR]: [0mThis is a error message from thread 1918-09-2026 00:29:34 [38;5;117m[DEBUG]: [0mThis is a debug message from thread 518-09-2026 00:29:34 [38;5;117m[DEBUG]: [0mThis is a debug message from thread 1018-09-2026 00:29:34 [38;5;009m[ERROR]: [0mThis is a error message from thread 718-09-2026 00:29:34 [38;5;009m[ERROR]: [0mThis is a error message from thread 1518-09-2026 00:29:34 [38;5;117m[DEBUG]: [0mThis is a debug message from thread 2918-09-2026 00:29:34 [38;5;015m[INFO]: [0mThis is a info message from thread 1018-09-2026 00:29:34 [38;5;015m[INFO]: [0mThis is a info message from thread 518-09-2026 00:29:34 [38;5;015m[INFO]: [0mThis is a info message from thread 2118-09-2026 00:29:34 [38;5;117m[DEBUG]: [0mThis is a debug message from thread 718-09-2026 00:29:34 [38;5;015m[INFO]: [0mThis is a info message from thread 2018-09-2026 00:29:34 [38;5;015m[INFO]: [0mThis is a info message from thread 2418-09-2026 00:29:34 [38;5;015m[INFO]: [0mThis is a info message from thread 1318-09-2026 00:29:34 [38;5;117m[DEBUG]: [0mThis is a debug message from thread 2718-09-2026 00:29:34 [38;5;117m[DEBUG]: [0mThis is a debug message from thread 1418-09-2026 00:29:34 [38;5;009m[ERROR]: [0mThis is a error message from thread 2118-09-2026 00:29:34 [38;5;009m[ERROR]: [0mThis is a error message from thread 1018-09-2026 00:29:34 [38;5;117m[DEBUG]: [0mThis is a debug message from thread 1518-09-2026 00:29:34 [38;5;015m[INFO]: [0mThis is a info message from thread 1118-09-2026 00:29:34 [38;5;009m[ERROR]: [0mThis is a error message from thread 318-09-2026 00:29:34 [38;5;015m[INFO]: [0mThis is a info message from thread 718-09-2026 00:29:34 [38;5;015m[INFO]: [0mThis is a info message from thread 818-09-2026 00:29:34 [38;5;015m[INFO]: [0mThis is a info message from thread 1418-09-2026 00:29:34 [38;5;015m[INFO]: [0mThis is a info message from thread 1218-09-2026 00:29:34 [38;5;015m[INFO]: [0mThis is a info message from thread 2218-09-2026 00:29:34 [38;5;009m[ERROR]: [0mThis is a error message from thread 1418-09-2026 00:29:34 [38;5;015m[INFO]: [0mThis is a info message from thread 618-09-2026 00:29:34 [38;5;009m[ERROR]: [0mThis is a error message from thread 918-09-2026 00:29:34 [38;5;117m[DEBUG]: [0mThis is a debug message from thread 2818-09-2026 00:29:34 [38;5;015m[INFO]: [0mThis is a info message from thread 418-09-2026 00:29:34 [38;5;015m[INFO]: [0mThis is a info message from thread 1518-09-2026 00:29:34 [38;5;117m[DEBUG]: [0mThis is a debug message from thread 1018-09-2026 00:29:34 [38;5;117m[DEBUG]: [0mThis is a debug message from thread 1918-09-2026 00:29:34 [38;5;117m[DEBUG]: [0mThis is a debug message from thread 1418-09-2026 00:29:34 [38;5;009m[ERROR]: [0mThis is a error message from thread 2518-09-2026 00:29:34 [38;5;009m[ERROR]: [0mThis is a error message from thread 2418-09-2026 00:29:34 [38;5;009m[ERROR]: [0mThis is a error message from thread 1118-09-2026 00:29:34 [38;5;117m[DEBUG]: [0mThis is a debug message from thread 918-09-2026 00:29:34 [38;5;117m[DEBUG]: [0mThis is a debug message from thread 2518-09-2026 00:29:34 [38;5;015m[INFO]: [0mThis is a info message from thread 1718-09-2026 00:29:34 [38;5;015m[INFO]: [0mThis is a info message from thread 2818-09-2026 00:29:34 [38;5;015m[INFO]: [0mThis is a info message from thread 1918-09-2026 00:29:34 [38;5;009m[ERROR]: [0mThis is a error message from thread 1318-09-2026 00:29:34 [38;5;009m[ERROR]: [0mThis is a error message from thread 718-09-2026 00:29:34 [38;5;009m[ERROR]: [0mThis is a error message from thread 818-09-2026 00:29:34 [38;5;117m[DEBUG]: [0mThis is a debug message from thread 2118-09-2026 00:29:34 [38;5;015m[INFO]: [0mThis is a info message from thread 918-09-2026 00:29:34 [38;5;009m[ERROR]: [0mThis is a error message from thread 2218-09-2026 00:29:34 [38;5;009m[ERROR]: [0mThis is a error message from thread 018-09-2026 00:29:34 [38;5;015m[INFO]: [0mThis is a info message from thread 2118-09-2026 00:29:34 [38;5;117m[DEBUG]: [0mThis is a debug message from thread 1318-09-2026 00:29:34 [38;5;117m[DEBUG]: [0mThis is a debug message from thread 1118-09-2026 00:29:34 [38;5;117m[DEBUG]: [0mThis is a debug message from thread 2618-09-2026 00:29:34 [38;5;009m[ERROR]: [0mThis is a error message from thread 2018-09-2026 00:29:34 [38;5;117m[DEBUG]: [0mThis is a debug message from thread 318-09-2026 00:29:34 [38;5;117m[DEBUG]: [0mThis is a debug message from thread 018-09-2026 00:29:34 [38;5;015m[INFO]: [0mThis is a info message from thread 2718-09-2026 00:29:34 [38;5;015m[INFO]: [0mThis is a info message from thread 2618-09-2026 00:29:34 [38;5;117m[DEBUG]: [0mThis is a debug message from thread 2018-09-2026 00:29:34 [38;5;015m[INFO]: [0mThis is a info message from thread 318-09-2026 00:29:34 [38;5;015m[INFO]: [0mThis is a info message from thread 1318-09-2026 00:29:34 [38;5;009m[ERROR]: [0mThis is a error message from thread 1218-09-2026 00:29:34 [38;5;117m[DEBUG]: [0mThis is a debug message from thread 818-09-2026 00:29:34 [38;5;009m[ERROR]: [0mThis is a error message from thread 2318-09-2026 00:29:34 [38;5;009m[ERROR]: [0mThis is a error message from thread 2618-09-2026 00:29:34 [38;5;015m[INFO]: [0mThis is a info message from thread 1418-09-2026 00:29:34 [38;5;117m[DEBUG]: [0mThis is a debug message from thread 2418-09-2026 00:29:34 [38;5;015m[INFO]: [0mThis is a info message from thread 1018-09-2026 00:29:34 [38;5;015m[INFO]: [0mThis is a info message from thread 2518-09-2026 00:29:34 [38;5;117m[DEBUG]: [0mThis is a debug message from thread 1618-09-2026 00:29:34 [38;5;009m[ERROR]: [0mThis is a error message from thread 1718-09-2026 00:29:34 [38;5;009m[ERROR]: [0mThis is a error message from thread 2818-09-2026 00:29:34 [38;5;117m[DEBUG]: [0mThis is a debug message from thread 2618-09-2026 00:29:34 [38;5;015m[INFO]: [0mThis is a info message from thread 2418-09-2026 00:29:34 [38;5;015m[INFO]: [0mThis is a info message from thread 1618-09-2026 00:29:34 [38;5;009m[ERROR]: [0mThis is a error message from thread 918-09-2026 00:29:34 [38;5;117m[DEBUG]: [0mThis is a debug message from thread 2218-09-2026 00:29:34 [38;5;117m[DEBUG]: [0mThis is a debug message from thread 118-09-2026 00:29:34 [38;5;009m[ERROR]: [0mThis is a error message from thread 2518-09-2026 00:29:34 [38;5;117m[DEBUG]: [0mThis is a debug message from thread 2318-09-2026 00:29:34 [38;5;009m[ERROR]: [0mThis is a error message from thread 618-09-2026 00:29:34 [38;5;009m[ERROR]: [0mThis is a error message from thread 1518-09-2026 00:29:34 [38;5;117m[DEBUG]: [0mThis is a debug message from thread 2818-09-2026 00:29:34 [38;5;009m[ERROR]: [0mThis is a error message from thread 1618-09-2026 00:29:34 [38;5;009m[ERROR]: [0mThis is a error message from thread 2718-09-2026 00:29:34 [38;5;015m[INFO]: [0mThis is a info message from thread 118-09-2026 00:29:34 [38;5;009m[ERROR]: [0mThis is a error message from thread 1418-09-2026 00:29:34 [38;5;009m[ERROR]: [0mThis is a error message from thread 418-09-2026 00:29:34 [38;5;009m[ERROR]: [0mThis is a error message from thread 2418-09-2026 00:29:34 [38;5;015m[INFO]: [0mThis is a info message from thread 2618-09-2026 00:29:34 [38;5;015m[INFO]: [0mThis is a info message from thread 2818-09-2026 00:29:34 [38;5;117m[DEBUG]: [0mThis is a debug message from thread 918-09-2026 00:29:34 [38;5;015m[INFO]: [0mThis is a info message from thread 1818-09-2026 00:29:34 [38;5;117m[DEBUG]: [0mThis is a debug message from thread 1418-09-2026 00:29:34 [38;5;117m[DEBUG]: [0mThis is a debug message from thread 2418-09-2026 00:29:34 [38;5;009m[ERROR]: [0mThis is a error message from thread 518-09-2026 00:29:34 [38;5;009m[ERROR]: [0mThis is a error message from thread 1918-09-2026 00:29:34 [38;5;009m[ERROR]: [0mThis is a error message from thread 1018-09-2026 00:29:34 [38;5;117m[DEBUG]: [0mThis is a debug message from thread 618-09-2026 00:29:34 [38;5;009m[ERROR]: [0mThis is a error message from thread 118-09-2026 00:29:34 [38;5;117m[DEBUG]: [0mThis is a debug message from thread 518-09-2026 00:29:34 [38;5;117m[DEBUG]: [0mThis is a debug message from thread 1918-09-2026 00:29:34 [38;5;117m[DEBUG]: [0mThis is a debug message from thread 118-09-2026 00:29:34 [38;5;015m[INFO]: [0mThis is a info message from thread 518-09-2026 00:29:34 [38;5;009m[ERROR]: [0mThis is a error message from thread 218-09-2026 00:29:34 [38;5;009m[ERROR]: [0mThis is a error message from thread 318-09-2026 00:29:34 [38;5;015m[INFO]: [0mThis is a info message from thread 2018-09-2026 00:29:34 [38;5;009m[ERROR]: [0mThis is a error message from thread 518-09-2026 00:29:34 [38;5;015m[INFO]: [0mThis is a info message from thread 2318-09-2026 00:29:34 [38;5;117m[DEBUG]: [0mThis is a debug message from thread 1018-09-2026 00:29:34 [38;5;117m[DEBUG]: [0mThis is a debug message from thread 1618-09-2026 00:29:34 [38;5;117m[DEBUG]: [0mThis is a debug message from thread 518-09-2026 00:29:34 [38;5;015m[INFO]: [0mThis is a info message from thread 618-09-2026 00:29:34 [38;5;015m[INFO]: [0mThis is a info message from thread 2218-09-2026 00:29:34 [38;5;009m[ERROR]: [0mThis is a error message from thread 2318-09-2026 00:29:34 [38;5;015m[INFO]: [0mThis is a info message from thread 2918-09-2026 00:29:34 [38;5;009m[ERROR]: [0mThis is a error message from thread 2018-09-2026 00:29:34 [38;5;015m[INFO]: [0mThis is a info message from thread 1018-09-2026 00:29:34 [38;5;117m[DEBUG]: [0mThis is a debug message from thread 318-09-2026 00:29:34 [38;5;015m[INFO]: [0mThis is a info message from thread 1118-09-2026 00:29:34 [38;5;009m[ERROR]: [0mThis is a error message from thread 618-09-2026 00:29:34 [38;5;009m[ERROR]: [0mThis is a error message from thread 2618-09-2026 00:29:34 [38;5;009m[ERROR]: [0mThis is a error message from thread 2218-09-2026 00:29:34 [38;5;117m[DEBUG]: [0mThis is a debug message from thread 2018-09-2026 00:29:34 [38;5;117m[DEBUG]: [0mThis is a debug message from thread 418-09-2026 00:29:34 [38;5;015m[INFO]: [0mThis is a info message from thread 2418-09-2026 00:29:34 [38;5;117m[DEBUG]: [0mThis is a debug message from thread 2318-09-2026 00:29:34 [38;5;015m[INFO]: [0mThis is a info message from thread 918-09-2026 00:29:34 [38;5;009m[ERROR]: [0mThis is a error message from thread 1118-09-2026 00:29:34 [38;5;009m[ERROR]: [0mThis is a error message from thread 1018-09-2026 00:29:34 [38;5;117m[DEBUG]: [0mThis is a debug message from thread 2718-09-2026 00:29:34 [38;5;117m[DEBUG]: [0mThis is a debug message from thread 1218-09-2026 00:29:34 [38;5;015m[INFO]: [0mThis is a info message from thread 1418-09-2026 00:29:34 [38;5;015m[INFO]: [0mThis is a info message from thread 418-09-2026 00:29:34 [38;5;015m[INFO]: [0mThis is a info message from thread 2018-09-2026 00:29:34 [38;5;009m[ERROR]: [0mThis is a error message from thread 1418-09-2026 00:29:34 [38;5;117m[DEBUG]: [0mThis is a debug message from thread 2518-09-2026 00:29:34 [38;5;009m[ERROR]: [0mThis is a error message from thread 918-09-2026 00:29:34 [38;5;015m[INFO]: [0mThis is a info message from thread 818-09-2026 00:29:34 [38;5;015m[INFO]: [0mThis is a info message from thread 118-09-2026 00:29:34 [38;5;015m[INFO]: [0mThis is a info message from thread 1218-09-2026 00:29:34 [38;5;015m[INFO]: [0mThis is a info message from thread 2518-09-2026 00:29:34 [38;5;117m[DEBUG]: [0mThis is a debug message from thread 918-09-2026 00:29:34 [38;5;015m[INFO]: [0mThis is a info message from thread 2718-09-2026 00:29:34 [38;5;015m[INFO]: [0mThis is a info message from thread 518-09-2026 00:29:34 [38;5;009m[ERROR]: [0mThis is a error message from thread 818-09-2026 00:29:34 [38;5;009m[ERROR]: [0mThis is a error message from thread 1218-09-2026 00:29:34 [38;5;015m[INFO]: [0mThis is a info message from thread 918-09-2026 00:29:34 [38;5;117m[DEBUG]: [0mThis is a debug message from thread 1118-09-2026 00:29:34 [38;5;015m[INFO]: [0mThis is a info message from thread 1918-09-2026 00:29:34 [38;5;117m[DEBUG]: [0mThis is a debug message from thread 218-09-2026 00:29:34 [38;5;009m[ERROR]: [0mThis is a error message from thread 1818-09-2026 00:29:34 [38;5;117m[DEBUG]: [0mThis is a debug message from thread 1518-09-2026 00:29:34 [38;5;117m[DEBUG]: [0mThis is a debug message from thread 818-09-2026 00:29:34 [38;5;009m[ERROR]: [0mThis is a error message from thread 118-09-2026 00:29:34 [38;5;015m[INFO]: [0mThis is a info message from thread 2318-09-2026 00:29:34 [38;5;015m[INFO]: [0mThis is a info message from thread 018-09-2026 00:29:34 [38;5;009m[ERROR]: [0mThis is a error message from thread 2318-09-2026 00:29:34 [38;5;009m[ERROR]: [0mThis is a error message from thread 518-09-2026 00:29:34 [38;5;015m[INFO]: [0mThis is a info message from thread 818-09-2026 00:29:34 [38;5;117m[DEBUG]: [0mThis is a debug message from thread 2318-09-2026 00:29:34 [38;5;015m[INFO]: [0mThis is a info message from thread 2318-09-2026 00:29:34 [38;5;009m[ERROR]: [0mThis is a error message from thread 918-09-2026 00:29:34 [38;5;009m[ERROR]: [0mThis is a error message from thread 2318-09-2026 00:29:34 [38;5;015m[INFO]: [0mThis is a info message from thread 1118-09-2026 00:29:34 [38;5;117m[DEBUG]: [0mThis is a debug message from thread 2318-09-2026 00:29:34 [38;5;009m[ERROR]: [0mThis is a error message from thread 2718-09-2026 00:29:34 [38;5;009m[ERROR]: [0mThis is a error message from thread 1118-09-2026 00:29:34 [38;5;015m[INFO]: [0mThis is a info message from thread 2318-09-2026 00:29:34 [38;5;117m[DEBUG]: [0mThis is a debug message from thread 918-09-2026 00:29:34 [38;5;117m[DEBUG]: [0mThis is a debug message from thread 518-09-2026 00:29:34 [38;5;117m[DEBUG]: [0mThis is a debug message from thread 2618-09-2026 00:29:34 [38;5;015m[INFO]: [0mThis is a info message from thread 1518-09-2026 00:29:34 [38;5;015m[INFO]: [0mThis is a info message from thread 318-09-2026 00:29:34 [38;5;009m[ERROR]: [0mThis is a error message from thread 818-09-2026 00:29:34 [38;5;009m[ERROR]: [0mThis is a error message from thread 2318-09-2026 00:29:34 [38;5;015m[INFO]: [0mThis is a info message from thread 918-09-2026 00:29:34 [38;5;009m[ERROR]: [0mThis is a error message from thread 018-09-2026 00:29:34 [38;5;117m[DEBUG]: [0mThis is a debug message from thread 1118-09-2026 00:29:34 [38;5;117m[DEBUG]: [0mThis is a debug message from thread 818-09-2026 00:29:34 [38;5;117m[DEBUG]: [0mThis is a debug message from thread 2318-09-2026 00:29:34 [38;5;009m[ERROR]: [0mThis is a error message from thread 2918-09-2026 00:29:34 [38;5;009m[ERROR]: [0mThis is a error message from thread 2118-09-2026 00:29:34 [38;5;117m[DEBUG]: [0mThis is a debug message from thread 2218-09-2026 00:29:34 [38;5;117m[DEBUG]: [0mThis is a debug message from thread 2718-09-2026 00:29:34 [38;5;009m[ERROR]: [0mThis is a error message from thread 318-09-2026 00:29:34 [38;5;015m[INFO]: [0mThis is a info message from thread 818-09-2026 00:29:34 [38;5;117m[DEBUG]: [0mThis is a debug message from thread 2918-09-2026 00:29:34 [38;5;015m[INFO]: [0mThis is a info message from thread 2618-09-2026 00:29:34 [38;5;015m[INFO]: [0mThis is a info message from thread 1118-09-2026 00:29:34 [38;5;015m[INFO]: [0mThis is a info message from thread 2218-09-2026 00:29:34 [38;5;015m[INFO]: [0mThis is a info message from thread 2718-09-2026 00:29:34 [38;5;117m[DEBUG]: [0mThis is a debug message from thread 2118-09-2026 00:29:34 [38;5;117m[DEBUG]: [0mThis is a debug message from thread 018-09-2026 00:29:34 [38;5;009m[ERROR]: [0mThis is a error message from thread 418-09-2026 00:29:34 [38;5;009m[ERROR]: [0mThis is a error message from thread 2018-09-2026 00:29:34 [38;5;117m[DEBUG]: [0mThis is a debug message from thread 1418-09-2026 00:29:34 [38;5;009m[ERROR]: [0mThis is a error message from thread 1118-09-2026 00:29:34 [38;5;009m[ERROR]: [0mThis is a error message from thread 2518-09-2026 00:29:34 [38;5;009m[ERROR]: [0mThis is a error message from thread 2218-09-2026 00:29:34 [38;5;009m[ERROR]: [0mThis is a error message from thread 1918-09-2026 00:29:34 [38;5;117m[DEBUG]: [0mThis is a debug message from thread 1218-09-2026 00:29:34 [38;5;009m[ERROR]: [0mThis is a error message from thread 2618-09-2026 00:29:34 [38;5;009m[ERROR]: [0mThis is a error message from thread 1318-09-2026 00:29:34 [38;5;015m[INFO]: [0mThis is a info message from thread 1418-09-2026 00:29:34 [38;5;117m[DEBUG]: [0mThis is a debug message from thread 418-09-2026 00:29:34 [38;5;117m[DEBUG]: [0mThis is a debug message from thread 1818-09-2026 00:29:34 [38;5;117m[DEBUG]: [0mThis is a debug message from thread 2218-09-2026 00:29:34 [38;5;117m[DEBUG]: [0mThis is a debug message from thread 618-09-2026 00:29:34 [38;5;009m[ERROR]: [0mThis is a error message from thread 2818-09-2026 00:29:34 [38;5;009m[ERROR]: [0mThis is a error message from thread 2718-09-2026 00:29:34 [38;5;009m[ERROR]: [0mThis is a error message from thread 1518-09-2026 00:29:34 [38;5;015m[INFO]: [0mThis is a info message from thread 618-09-2026 00:29:34 [38;5;117m[DEBUG]: [0mThis is a debug message from thread 118-09-2026 00:29:34 [38;5;117m[DEBUG]: [0mThis is a debug message from thread 1018-09-2026 00:29:34 [38;5;117m[DEBUG]: [0mThis is a debug message from thread 2818-09-2026 00:29:34 [38;5;009m[ERROR]: [0mThis is a error message from thread 618-09-2026 00:29:34 [38;5;015m[INFO]: [0mThis is a info message from thread 118-09-2026 00:29:34 [38;5;117m[DEBUG]: [0mThis is a debug message from thread 1718-09-2026 00:29:34 [38;5;015m[INFO]: [0mThis is a info message from thread 2918-09-2026 00:29:34 [38;5;015m[INFO]: [0mThis is a info message from thread 2318-09-2026 00:29:34 [38;5;015m[INFO]: [0mThis is a info message from thread 1618-09-2026 00:29:34 [38;5;015m[INFO]: [0mThis is a info message from thread 2118-09-2026 00:29:34 [38;5;117m[DEBUG]: [0mThis is a debug message from thread 1318-09-2026 00:29:34 [38;5;015m[INFO]: [0mThis is a info message from thread 2218-09-2026 00:29:34 [38;5;015m[INFO]: [0mThis is a info message from thread 018-09-2026 00:29:34 [38;5;015m[INFO]: [0mThis is a info message from thread 1018-09-2026 00:29:34 [38;5;015m[INFO]: [0mThis is a info message from thread 2818-09-2026 00:29:34 [38;5;117m[DEBUG]: [0mThis is a debug message from thread 1918-09-2026 00:29:34 [38;5;009m[ERROR]: [0mThis is a error message from thread 1018-09-2026 00:29:34 [38;5;015m[INFO]: [0mThis is a info message from thread 1718-09-2026 00:29:34 [38;5;117m[DEBUG]: [0mThis is a debug message from thread 1518-09-2026 00:29:34 [38;5;117m[DEBUG]: [0mThis is a debug message from thread 2518-09-2026 00:29:34 [38;5;117m[DEBUG]: [0mThis is a debug message from thread 1018-09-2026 00:29:34 [38;5;009m[ERROR]: [0mThis is a error message from thread 1618-09-2026 00:29:34 [38;5;009m[ERROR]: [0mThis is a error message from thread 118-09-2026 00:29:34 [38;5;015m[INFO]: [0mThis is a info message from thread 1918-09-2026 00:29:34 [38;5;009m[ERROR]: [0mThis is a error message from thread 018-09-2026 00:29:34 [38;5;117m[DEBUG]: [0mThis is a debug message from thread 1618-09-2026 00:29:34 [38;5;009m[ERROR]: [0mThis is a error message from thread 1718-09-2026 00:29:34 [38;5;015m[INFO]: [0mThis is a info message from thread 518-09-2026 00:29:34 [38;5;015m[INFO]: [0mThis is a info message from thread 1318-09-2026 00:29:34 [38;5;009m[ERROR]: [0mThis is a error message from thread 918-09-2026 00:29:34 [38;5;009m[ERROR]: [0mThis is a error message from thread 2318-09-2026 00:29:34 [38;5;009m[ERROR]: [0mThis is a error message from thread 2918-09-2026 00:29:34 [38;5;117m[DEBUG]: [0mThis is a debug message from thread 918-09-2026 00:29:34 [38;5;015m[INFO]: [0mThis is a info message from thread 2518-09-2026 00:29:34 [38;5;009m[ERROR]: [0mThis is a error message from thread 818-09-2026 00:29:34 [38;5;117m[DEBUG]: [0mThis is a debug message from thread 818-09-2026 00:29:34 [38;5;009m[ERROR]: [0mThis is a error message from thread 1918-09-2026 00:29:34 [38;5;117m[DEBUG]: [0mThis is a debug message from thread 118-09-2026 00:29:34 [38;5;015m[INFO]: [0mThis is a info message from thread 1218-09-2026 00:29:34 [38;5;015m[INFO]: [0mThis is a info message from thread 818-09-2026 00:29:34 [38;5;117m[DEBUG]: [0mThis is a debug message from thread 1918-09-2026 00:29:34 [38;5;009m[ERROR]: [0mThis is a error message from thread 2218-09-2026 00:29:34 [38;5;015m[INFO]: [0mThis is a info message from thread 918-09-2026 00:29:34 [38;5;015m[INFO]: [0mThis is a info message from thread 118-09-2026 00:29:34 [38;5;015m[INFO]: [0mThis is a info message from thread 1518-09-2026 00:29:34 [38;5;117m[DEBUG]: [0mThis is a debug message from thread 2718-09-2026 00:29:34 [38;5;015m[INFO]: [0mThis is a info message from thread 1818-09-2026 00:29:34 [38;5;009m[ERROR]: [0mThis is a error message from thread 2118-09-2026 00:29:34 [38;5;117m[DEBUG]: [0mThis is a debug message from thread 2118-09-2026 00:29:34 [38;5;009m[ERROR]: [0mThis is a error message from thread 918-09-2026 00:29:34 [38;5;009m[ERROR]: [0mThis is a error message from thread 2518-09-2026 00:29:34 [38;5;117m[DEBUG]: [0mThis is a debug message from thread 2518-09-2026 00:29:34 [38;5;117m[DEBUG]: [0mThis is a debug message from thread 2918-09-2026 00:29:34 [38;5;117m[DEBUG]: [0mThis is a debug message from thread 2018-09-2026 00:29:34 [38;5;009m[ERROR]: [0mThis is a error message from thread 1818-09-2026 00:29:34 [38;5;015m[INFO]: [0mThis is a info message from thread 2018-09-2026 00:29:34 [38;5;117m[DEBUG]: [0mThis is a debug message from thread 618-09-2026 00:29:34 [38;5;009m[ERROR]: [0mThis is a error message from thread 1218-09-2026 00:29:34 [38;5;015m[INFO]: [0mThis is a info message from thread 2718-09-2026 00:29:34 [38;5;015m[INFO]: [0mThis is a info message from thread 1918-09-2026 00:29:34 [38;5;117m[DEBUG]: [0mThis is a debug message from thread 718-09-2026 00:29:34 [38;5;009m[ERROR]: [0mThis is a error message from thread 1918-09-2026 00:29:34 [38;5;015m[INFO]: [0mThis is a info message from thread 718-09-2026 00:29:34 [38;5;009m[ERROR]: [0mThis is a error message from thread 718-09-2026 00:29:34 [38;5;117m[DEBUG]: [0mThis is a debug message from thread 1218-09-2026 00:29:34 [38;5;009m[ERROR]: [0mThis is a error message from thread 1418-09-2026 00:29:34 [38;5;015m[INFO]: [0mThis is a info message from thread 2518-09-2026 00:29:34 [38;5;015m[INFO]: [0mThis is a info message from thread 1018-09-2026 00:29:34 [38;5;009m[ERROR]: [0mThis is a error message from thread 2518-09-2026 00:29:34 [38;5;117m[DEBUG]: [0mThis is a debug message from thread 1118-09-2026 00:29:34 [38;5;117m[DEBUG]: [0mThis is a debug message from thread 1918-09-2026 00:29:34 [38;5;117m[DEBUG]: [0mThis is a debug message from thread 1418-09-2026 00:29:34 [38;5;015m[INFO]: [0mThis is a info message from thread 2118-09-2026 00:29:34 [38;5;117m[DEBUG]: [0mThis is a debug message from thread 1718-09-2026 00:29:34 [38;5;009m[ERROR]: [0mThis is a error message from thread 2118-09-2026 00:29:34 [38;5;009m[ERROR]: [0mThis is a error message from thread 518-09-2026 00:29:34 [38;5;015m[INFO]: [0mThis is a info message from thread 2918-09-2026 00:29:34 [38;5;015m[INFO]: [0mThis is a info message from thread 1118-09-2026 00:29:34 [38;5;015m[INFO]: [0mThis is a info message from thread 1618-09-2026 00:29:34 [38;5;117m[DEBUG]: [0mThis is a debug message from thread 1818-09-2026 00:29:34 [38;5;117m[DEBUG]: [0mThis is a debug message from thread 718-09-2026 00:29:34 [38;5;117m[DEBUG]: [0mThis is a debug message from thread 2118-09-2026 00:29:34 [38;5;117m[DEBUG]: [0mThis is a debug message from thread 2518-09-2026 00:29:34 [38;5;009m[ERROR]: [0mThis is a error message from thread 2918-09-2026 00:29:34 [38;5;009m[ERROR]: [0mThis is a error message from thread 1118-09-2026 00:29:34 [38;5;117m[DEBUG]: [0mThis is a debug message from thread 1118-09-2026 00:29:34 [38;5;117m[DEBUG]: [0mThis is a debug message from thread 2918-09-2026 00:29:34 [38;5;009m[ERROR]: [0mThis is a error message from thread 1618-09-2026 00:29:34 [38;5;117m[DEBUG]: [0mThis is a debug message from thread 2618-09-2026 00:29:34 [38;5;015m[INFO]: [0mThis is a info message from thread 1818-09-2026 00:29:34 [38;5;009m[ERROR]: [0mThis is a error message from thread 1018-09-2026 00:29:34 [38;5;117m[DEBUG]: [0mThis is a debug message from thread 2318-09-2026 00:29:34 [38;5;117m[DEBUG]: [0mThis is a debug message from thread 318-09-2026 00:29:34 [38;5;009m[ERROR]: [0mThis is a error message from thread 2418-09-2026 00:29:34 [38;5;117m[DEBUG]: [0mThis is a debug message from thread 018-09-2026 00:29:34 [38;5;015m[INFO]: [0mThis is a info message from thread 1218-09-2026 00:29:34 [38;5;015m[INFO]: [0mThis is a info message from thread 2518-09-2026 00:29:34 [38;5;009m[ERROR]: [0mThis is a error message from thread 1218-09-2026 00:29:34 [38;5;015m[INFO]: [0mThis is a info message from thread 218-09-2026 00:29:34 [38;5;117m[DEBUG]: [0mThis is a debug message from thread 1618-09-2026 00:29:34 [38;5;015m[INFO]: [0mThis is a info message from thread 418-09-2026 00:29:34 [38;5;015m[INFO]: [0mThis is a info message from thread 318-09-2026 00:29:34 [38;5;015m[INFO]: [0mThis is a info message from thread 2318-09-2026 00:29:34 [38;5;117m[DEBUG]: [0mThis is a debug message from thread 2418-09-2026 00:29:34 [38;5;009m[ERROR]: [0mThis is a error message from thread 418-09-2026 00:29:34 [38;5;009m[ERROR]: [0mThis is a error message from thread 2318-09-2026 00:29:34 [38;5;009m[ERROR]: [0mThis is a error message from thread 818-09-2026 00:29:34 [38;5;009m[ERROR]: [0mThis is a error message from thread 1818-09-2026 00:29:34 [38;5;009m[ERROR]: [0mThis is a error message from thread 218-09-2026 00:29:34 [38;5;117m[DEBUG]: [0mThis is a debug message from thread 918-09-2026 00:29:34 [38;5;117m[DEBUG]: [0mThis is a debug message from thread 1018-09-2026 00:29:34 [38;5;015m[INFO]: [0mThis is a info message from thread 2918-09-2026 00:29:34 [38;5;117m[DEBUG]: [0mThis is a debug message from thread 1218-09-2026 00:29:34 [38;5;117m[DEBUG]: [0mThis is a debug message from thread 2318-09-2026 00:29:34 [38;5;117m[DEBUG]: [0mThis is a debug message from thread 818-09-2026 00:29:34 [38;5;117m[DEBUG]: [0mThis is a debug message from thread 1818-09-2026 00:29:34 [38;5;009m[ERROR]: [0mThis is a error message from thread 318-09-2026 00:29:34 [38;5;009m[ERROR]: [0mThis is a error message from thread 1318-09-2026 00:29:34 [38;5;015m[INFO]: [0mThis is a info message from thread 1818-09-2026 00:29:34 [38;5;015m[INFO]: [0mThis is a info message from thread 818-09-2026 00:29:34 [38;5;015m[INFO]: [0mThis is a info message from thread 1218-09-2026 00:29:34 [38;5;015m[INFO]: [0mThis is a info message from thread 2318-09-2026 00:29:34 [38;5;015m[INFO]: [0mThis is a info message from thread 1018-09-2026 00:29:34 [38;5;009m[ERROR]: [0mThis is a error message from thread 1818-09-2026 00:29:34 [38;5;009m[ERROR]: [0mThis is a error message from thread 2318-09-2026 00:29:34 [38;5;117m[DEBUG]: [0mThis is a debug message from thread 1818-09-2026 00:29:34 [38;5;015m[INFO]: [0mThis is a info message from thread 918-09-2026 00:29:34 [38;5;015m[INFO]: [0mThis is a info message from thread 2418-09-2026 00:29:34 [38;5;117m[DEBUG]: [0mThis is a debug message from thread 318-09-2026 00:29:34 [38;5;009m[ERROR]: [0mThis is a error message from thread 1018-09-2026 00:29:34 [38;5;009m[ERROR]: [0mThis is a error message from thread 2718-09-2026 00:29:34 [38;5;009m[ERROR]: [0mThis is a error message from thread 818-09-2026 00:29:34 [38;5;009m[ERROR]: [0mThis is a error message from thread 918-09-2026 00:29:34 [38;5;117m[DEBUG]: [0mThis is a debug message from thread 2318-09-2026 00:29:34 [38;5;009m[ERROR]: [0mThis is a error message from thread 1218-09-2026 00:29:34 [38;5;015m[INFO]: [0mThis is a info message from thread 1818-09-2026 00:29:34 [38;5;009m[ERROR]: [0mThis is a error message from thread 2918-09-2026 00:29:34 [38;5;117m[DEBUG]: [0mThis is a debug message from thread 1218-09-2026 00:29:34 [38;5;015m[INFO]: [0mThis is a info message from thread 618-09-2026 00:29:34 [38;5;015m[INFO]: [0mThis is a info message from thread 1718-09-2026 00:29:34 [38;5;015m[INFO]: [0mThis is a info message from thread 2318-09-2026 00:29:34 [38;5;117m[DEBUG]: [0mThis is a debug message from thread 218-09-2026 00:29:34 [38;5;009m[ERROR]: [0mThis is a error message from thread 1718-09-2026 00:29:34 [38;5;009m[ERROR]: [0mThis is a error message from thread 618-09-2026 00:29:34 [38;5;009m[ERROR]: [0mThis is a error message from thread 2818-09-2026 00:29:34 [38;5;117m[DEBUG]: [0mThis is a debug message from thread 2918-09-2026 00:29:34 [38;5;117m[DEBUG]: [0mThis is a debug message from thread 1718-09-2026 00:29:34 [38;5;117m[DEBUG]: [0mThis is a debug message from thread 2218-09-2026 00:29:34 [38;5;009m[ERROR]: [0mThis is a error message from thread 2318-09-2026 00:29:34 [38;5;015m[INFO]: [0mThis is a info message from thread 1418-09-2026 00:29:34 [38;5;015m[INFO]: [0mThis is a info message from thread 218-09-2026 00:29:34 [38;5;117m[DEBUG]: [0mThis is a debug message from thread 818-09-2026 00:29:34 [38;5;009m[ERROR]: [0mThis is a error message from thread 2418-09-2026 00:29:34 [38;5;009m[ERROR]: [0mThis is a error message from thread 218-09-2026 00:29:34 [38;5;015m[INFO]: [0mThis is a info message from thread 1118-09-2026 00:29:34 [38;5;015m[INFO]: [0mThis is a info message from thread 1218-09-2026 00:29:34 [38;5;015m[INFO]: [0mThis is a info message from thread 1918-09-2026 00:29:34 [38;5;009m[ERROR]: [0mThis is a error message from thread 1418-09-2026 00:29:34 [38;5;117m[DEBUG]: [0mThis is a debug message from thread 2718-09-2026 00:29:34 [38;5;117m[DEBUG]: [0mThis is a debug message from thread 1318-09-2026 00:29:34 [38;5;015m[INFO]: [0mThis is a info message from thread 2718-09-2026 00:29:34 [38;5;015m[INFO]: [0mThis is a info message from thread 2618-09-2026 00:29:34 [38;5;009m[ERROR]: [0mThis is a error message from thread 1818-09-2026 00:29:34 [38;5;009m[ERROR]: [0mThis is a error message from thread 2518-09-2026 00:29:34 [38;5;117m[DEBUG]: [0mThis is a debug message from thread 1418-09-2026 00:29:34 [38;5;009m[ERROR]: [0mThis is a error message from thread 2718-09-2026 00:29:34 [38;5;009m[ERROR]: [0mThis is a error message from thread 118-09-2026 00:29:34 [38;5;015m[INFO]: [0mThis is a info message from thread 018-09-2026 00:29:34 [38;5;009m[ERROR]: [0mThis is a error message from thread 2618-09-2026 00:29:34 [38;5;009m[ERROR]: [0mThis is a error message from thread 1118-09-2026 00:29:34 [38;5;015m[INFO]: [0mThis is a info message from thread 318-09-2026 00:29:34 [38;5;015m[INFO]: [0mThis is a info message from thread 1418-09-2026 00:29:34 [38;5;015m[INFO]: [0mThis is a info message from thread 2218-09-2026 00:29:34 [38;5;117m[DEBUG]: [0mThis is a debug message from thread 2418-09-2026 00:29:34 [38;5;015m[INFO]: [0mThis is a info message from thread 718-09-2026 00:29:34 [38;5;015m[INFO]: [0mThis is a info message from thread 2118-09-2026 00:29:34 [38;5;015m[INFO]: [0mThis is a info message from thread 1718-09-2026 00:29:34 [38;5;117m[DEBUG]: [0mThis is a debug message from thread 218-09-2026 00:29:34 [38;5;117m[DEBUG]: [0mThis is a debug message from thread 2318-09-2026 00:29:34 [38;5;117m[DEBUG]: [0mThis is a debug message from thread 1818-09-2026 00:29:34 [38;5;009m[ERROR]: [0mThis is a error message from thread 1418-09-2026 00:29:34 [38;5;009m[ERROR]: [0mThis is a error message from thread 2218-09-2026 00:29:34 [38;5;015m[INFO]: [0mThis is a info message from thread 1818-09-2026 00:29:34 [38;5;117m[DEBUG]: [0mThis is a debug message from thread 1418-09-2026 00:29:34 [38;5;015m[INFO]: [0mThis is a info message from thread 818-09-2026 00:29:34 [38;5;117m[DEBUG]: [0mThis is a debug message from thread 418-09-2026 00:29:34 [38;5;117m[DEBUG]: [0mThis is a debug message from thread 618-09-2026 00:29:34 [38;5;009m[ERROR]: [0mThis is a error message from thread 718-09-2026 00:29:34 [38;5;015m[INFO]: [0mThis is a info message from thread 2418-09-2026 00:29:34 [38;5;009m[ERROR]: [0mThis is a error message from thread 818-09-2026 00:29:34 [38;5;009m[ERROR]: [0mThis is a error message from thread 318-09-2026 00:29:34 [38;5;009m[ERROR]: [0mThis is a error message from thread 1718-09-2026 00:29:34 [38;5;117m[DEBUG]: [0mThis is a debug message from thread 2518-09-2026 00:29:34 [38;5;015m[INFO]: [0mThis is a info message from thread 2318-09-2026 00:29:34 [38;5;015m[INFO]: [0mThis is a info message from thread 1618-09-2026 00:29:34 [38;5;117m[DEBUG]: [0mThis is a debug message from thread 1118-09-2026 00:29:34 [38;5;015m[INFO]: [0mThis is a info message from thread 218-09-2026 00:29:34 [38;5;117m[DEBUG]: [0mThis is a debug message from thread 118-09-2026 00:29:34 [38;5;015m[INFO]: [0mThis is a info message from thread 2518-09-2026 00:29:34 [38;5;117m[DEBUG]: [0mThis is a debug message from thread 2618-09-2026 00:29:34 [38;5;117m[DEBUG]: [0mThis is a debug message from thread 918-09-2026 00:29:34 [38;5;009m[ERROR]: [0mThis is a error message from thread 1218-09-2026 00:29:34 [38;5;009m[ERROR]: [0mThis is a error message from thread 018-09-2026 00:29:34 [38;5;009m[ERROR]: [0mThis is a error message from thread 1518-09-2026 00:29:34 [38;5;015m[INFO]: [0mThis is a info message from thread 1118-09-2026 00:29:34 [38;5;015m[INFO]: [0mThis is a info message from thread 1318-09-2026 00:29:34 [38;5;009m[ERROR]: [0mThis is a error message from thread 2318-09-2026 00:29:34 [38;5;117m[DEBUG]: [0mThis is a debug message from thread 718-09-2026 00:29:34 [38;5;015m[INFO]: [0mThis is a info message from thread 618-09-2026 00:29:34 [38;5;009m[ERROR]: [0mThis is a error message from thread 2418-09-2026 00:29:34 [38;5;015m[INFO]: [0mThis is a info message from thread 918-09-2026 00:29:34 [38;5;117m[DEBUG]: [0mThis is a debug message from thread 818-09-2026 00:29:34 [38;5;009m[ERROR]: [0mThis is a error message from thread 1918-09-2026 00:29:34 [38;5;117m[DEBUG]: [0mThis is a debug message from thread 2718-09-2026 00:29:34 [38;5;015m[INFO]: [0mThis is a info message from thread 118-09-2026 00:29:34 [38;5;015m[INFO]: [0mThis is a info message from thread 818-09-2026 00:29:34 [38;5;117m[DEBUG]: [0mThis is a debug message from thread 2818-09-2026 00:29:34 [38;5;117m[DEBUG]: [0mThis is a debug message from thread 1518-09-2026 00:29:34 [38;5;015m[INFO]: [0mThis is a info message from thread 2718-09-2026 00:29:34 [38;5;117m[DEBUG]: [0mThis is a debug message from thread 1218-09-2026 00:29:34 [38;5;009m[ERROR]: [0mThis is a error message from thread 1318-09-2026 00:29:34 [38;5;009m[ERROR]: [0mThis is a error message from thread 918-09-2026 00:29:34 [38;5;009m[ERROR]: [0mThis is a error message from thread 2718-09-2026 00:29:34 [38;5;009m[ERROR]: [0mThis is a error message from thread 118-09-2026 00:29:34 [38;5;015m[INFO]: [0mThis is a info message from thread 1418-09-2026 00:29:34 [38;5;009m[ERROR]: [0mThis is a error message from thread 1418-09-2026 00:29:34 [38;5;117m[DEBUG]: [0mThis is a debug message from thread 2718-09-2026 00:29:34 [38;5;015m[INFO]: [0mThis is a info message from thread 1518-09-2026 00:29:34 [38;5;117m[DEBUG]: [0mThis is a debug message from thread 918-09-2026 00:29:34 [38;5;117m[DEBUG]: [0mThis is a debug message from thread 1418-09-2026 00:29:34 [38;5;015m[INFO]: [0mThis is a info message from thread 2718-09-2026 00:29:34 [38;5;015m[INFO]: [0mThis is a info message from thread 918-09-2026 00:29:34 [38;5;015m[INFO]: [0mThis is a info message from thread 1218-09-2026 00:29:34 [38;5;009m[ERROR]: [0mThis is a error message from thread 2718-09-2026 00:29:34 [38;5;009m[ERROR]: [0mThis is a error message from thread 918-09-2026 00:29:34 [38;5;015m[INFO]: [0mThis is a info message from thread 718-09-2026 00:29:34 [38;5;009m[ERROR]: [0mThis is a error message from thread 1518-09-2026 00:29:34 [38;5;117m[DEBUG]: [0mThis is a debug message from thread 2718-09-2026 00:29:34 [38;5;009m[ERROR]: [0mThis is a error message from thread 1818-09-2026 00:29:34 [38;5;117m[DEBUG]: [0mThis is a debug message from thread 118-09-2026 00:29:34 [38;5;015m[INFO]: [0mThis is a info message from thread 2818-09-2026 00:29:34 [38;5;015m[INFO]: [0mThis is a info message from thread 418-09-2026 00:29:34 [38;5;009m[ERROR]: [0mThis is a error message from thread 718-09-2026 00:29:34 [38;5;117m[DEBUG]: [0mThis is a debug message from thread 318-09-2026 00:29:34 [38;5;015m[INFO]: [0mThis is a info message from thread 2918-09-2026 00:29:34 [38;5;009m[ERROR]: [0mThis is a error message from thread 2918-09-2026 00:29:34 [38;5;117m[DEBUG]: [0mThis is a debug message from thread 2218-09-2026 00:29:34 [38;5;015m[INFO]: [0mThis is a info message from thread 318-09-2026 00:29:34 [38;5;009m[ERROR]: [0mThis is a error message from thread 418-09-2026 00:29:34 [38;5;015m[INFO]: [0mThis is a info message from thread 2218-09-2026 00:29:34 [38;5;117m[DEBUG]: [0mThis is a debug message from thread 1718-09-2026 00:29:34 [38;5;117m[DEBUG]: [0mThis is a debug message from thread 918-09-2026 00:29:34 [38;5;015m[INFO]: [0mThis is a info message from thread 118-09-2026 00:29:34 [38;5;009m[ERROR]: [0mThis is a error message from thread 1618-09-2026 00:29:34 [38;5;009m[ERROR]: [0mThis is a error message from thread 1118-09-2026 00:29:34 [38;5;009m[ERROR]: [0mThis is a error message from thread 118-09-2026 00:29:34 [38;5;117m[DEBUG]: [0mThis is a debug message from thread 418-09-2026 00:29:34 [38;5;015m[INFO]: [0mThis is a info message from thread 418-09-2026 00:29:34 [38;5;117m[DEBUG]: [0mThis is a debug message from thread 1118-09-2026 00:29:34 [38;5;117m[DEBUG]: [0mThis is a debug message from thread 118-09-2026 00:29:34 [38;5;015m[INFO]: [0mThis is a info message from thread 118-09-2026 00:29:34 [38;5;117m[DEBUG]: [0mThis is a debug message from thread 1518-09-2026 00:29:34 [38;5;009m[ERROR]: [0mThis is a error message from thread 118-09-2026 00:29:34 [38;5;015m[INFO]: [0mThis is a info message from thread 1518-09-2026 00:29:34 [38;5;015m[INFO]: [0mThis is a info message from thread 918-09-2026 00:29:34 [38;5;117m[DEBUG]: [0mThis is a debug message from thread 2918-09-2026 00:29:34 [38;5;009m[ERROR]: [0mThis is a error message from thread 418-09-2026 00:29:34 [38;5;117m[DEBUG]: [0mThis is a debug message from thread 518-09-2026 00:29:34 [38;5;009m[ERROR]: [0mThis is a error message from thread 218-09-2026 00:29:34 [38;5;009m[ERROR]: [0mThis is a error message from thread 1218-09-2026 00:29:34 [38;5;117m[DEBUG]: [0mThis is a debug message from thread 1018-09-2026 00:29:34 [38;5;117m[DEBUG]: [0mThis is a debug message from thread 418-09-2026 00:29:34 [38;5;009m[ERROR]: [0mThis is a error message from thread 918-09-2026 00:29:34 [38;5;009m[ERROR]: [0mThis is a error message from thread 2118-09-2026 00:29:34 [38;5;117m[DEBUG]: [0mThis is a debug message from thread 018-09-2026 00:29:34 [38;5;117m[DEBUG]: [0mThis is a debug message from thread 1818-09-2026 00:29:34 [38;5;117m[DEBUG]: [0mThis is a debug message from thread 2418-09-2026 00:29:34 [38;5;117m[DEBUG]: [0mThis is a debug message from thread 2118-09-2026 00:29:34 [38;5;015m[INFO]: [0mThis is a info message from thread 418-09-2026 00:29:34 [38;5;009m[ERROR]: [0mThis is a error message from thread 318-09-2026 00:29:34 [38;5;117m[DEBUG]: [0mThis is a debug message from thread 318-09-2026 00:29:34 [38;5;009m[ERROR]: [0mThis is a error message from thread 418-09-2026 00:29:34 [38;5;117m[DEBUG]: [0mThis is a debug message from thread 118-09-2026 00:29:34 [38;5;117m[DEBUG]: [0mThis is a debug message from thread 1218-09-2026 00:29:34 [38;5;015m[INFO]: [0mThis is a info message from thread 2118-09-2026 00:29:34 [38;5;117m[DEBUG]: [0mThis is a debug message from thread 1918-09-2026 00:29:34 [38;5;117m[DEBUG]: [0mThis is a debug message from thread 418-09-2026 00:29:34 [38;5;117m[DEBUG]: [0mThis is a debug message from thread 718-09-2026 00:29:34 [38;5;015m[INFO]: [0mThis is a info message from thread 1718-09-2026 00:29:34 [38;5;015m[INFO]: [0mThis is a info message from thread 118-09-2026 00:29:34 [38;5;015m[INFO]: [0mThis is a info message from thread 1018-09-2026 00:29:34 [38;5;015m[INFO]: [0mThis is a info message from thread 718-09-2026 00:29:34 [38;5;009m[ERROR]: [0mThis is a error message from thread 2018-09-2026 00:29:34 [38;5;015m[INFO]: [0mThis is a info message from thread 1818-09-2026 00:29:34 [38;5;117m[DEBUG]: [0mThis is a debug message from thread 2018-09-2026 00:29:34 [38;5;015m[INFO]: [0mThis is a info message from thread 2918-09-2026 00:29:34 [38;5;009m[ERROR]: [0mThis is a error message from thread 1518-09-2026 00:29:34 [38;5;009m[ERROR]: [0mThis is a error message from thread 118-09-2026 00:29:34 [38;5;015m[INFO]: [0mThis is a info message from thread 418-09-2026 00:29:34 [38;5;009m[ERROR]: [0mThis is a error message from thread 1818-09-2026 00:29:34 [38;5;009m[ERROR]: [0mThis is a error message from thread 2518-09-2026 00:29:34 [38;5;009m[ERROR]: [0mThis is a error message from thread 418-09-2026 00:29:34 [38;5;117m[DEBUG]: [0mThis is a debug message from thread 418-09-2026 00:29:34 [38;5;015m[INFO]: [0mThis is a info message from thread 318-09-2026 00:29:34 [38;5;015m[INFO]: [0mThis is a info message from thread 418-09-2026 00:29:34 [38;5;009m[ERROR]: [0mThis is a error message from thread 718-09-2026 00:29:34 [38;5;009m[ERROR]: [0mThis is a error message from thread 1718-09-2026 00:29:34 [38;5;117m[DEBUG]: [0mThis is a debug message from thread 718-09-2026 00:29:34 [38;5;009m[ERROR]: [0mThis is a error message from thread 2118-09-2026 00:29:34 [38;5;009m[ERROR]: [0mThis is a error message from thread 1018-09-2026 00:29:34 [38;5;009m[ERROR]: [0mThis is a error message from thread 418-09-2026 00:29:34 [38;5;015m[INFO]: [0mThis is a info message from thread 2418-09-2026 00:29:34 [38;5;015m[INFO]: [0mThis is a info message from thread 718-09-2026 00:29:34 [38;5;117m[DEBUG]: [0mThis is a debug message from thread 918-09-2026 00:29:34 [38;5;009m[ERROR]: [0mThis is a error message from thread 318-09-2026 00:29:34 [38;5;117m[DEBUG]: [0mThis is a debug message from thread 1518-09-2026 00:29:34 [38;5;015m[INFO]: [0mThis is a info message from thread 2018-09-2026 00:29:34 [38;5;015m[INFO]: [0mThis is a info message from thread 2618-09-2026 00:29:34 [38;5;009m[ERROR]: [0mThis is a error message from thread 718-09-2026 00:29:34 [38;5;117m[DEBUG]: [0mThis is a debug message from thread 2518-09-2026 00:29:34 [38;5;117m[DEBUG]: [0mThis is a debug message from thread 718-09-2026 00:29:34 [38;5;117m[DEBUG]: [0mThis is a debug message from thread 118-09-2026 00:29:34 [38;5;015m[INFO]: [0mThis is a info message from thread 518-09-2026 00:29:34 [38;5;015m[INFO]: [0mThis is a info message from thread 718-09-2026 00:29:34 [38;5;009m[ERROR]: [0mThis is a error message from thread 2618-09-2026 00:29:34 [38;5;117m[DEBUG]: [0mThis is a debug message from thread 318-09-2026 00:29:34 [38;5;015m[INFO]: [0mThis is a info message from thread 2518-09-2026 00:29:34 [38;5;009m[ERROR]: [0mThis is a error message from thread 2218-09-2026 00:29:34 [38;5;009m[ERROR]: [0mThis is a error message from thread 718-09-2026 00:29:34 [38;5;009m[ERROR]: [0mThis is a error message from thread 618-09-2026 00:29:34 [38;5;009m[ERROR]: [0mThis is a error message from thread 2018-09-2026 00:29:34 [38;5;117m[DEBUG]: [0mThis is a debug message from thread 218-09-2026 00:29:34 [38;5;015m[INFO]: [0mThis is a info message from thread 1518-09-2026 00:29:34 [38;5;117m[DEBUG]: [0mThis is a debug message from thread 2218-09-2026 00:29:34 [38;5;015m[INFO]: [0mThis is a info message from thread 1118-09-2026 00:29:34 [38;5;009m[ERROR]: [0mThis is a error message from thread 2818-09-2026 00:29:34 [38;5;015m[INFO]: [0mThis is a info message from thread 118-09-2026 00:29:34 [38;5;117m[DEBUG]: [0mThis is a debug message from thread 2318-09-2026 00:29:34 [38;5;117m[DEBUG]: [0mThis is a debug message from thread 2018-09-2026 00:29:34 [38;5;009m[ERROR]: [0mThis is a error message from thread 1518-09-2026 00:29:34 [38;5;009m[ERROR]: [0mThis is a error message from thread 2918-09-2026 00:29:34 [38;5;117m[DEBUG]: [0mThis is a debug message from thread 2818-09-2026 00:29:34 [38;5;117m[DEBUG]: [0mThis is a debug message from thread 618-09-2026 00:29:34 [38;5;117m[DEBUG]: [0mThis is a debug message from thread 2118-09-2026 00:29:34 [38;5;009m[ERROR]: [0mThis is a error message from thread 2418-09-2026 00:29:34 [38;5;009m[ERROR]: [0mThis is a error message from thread 818-09-2026 00:29:34 [38;5;015m[INFO]: [0mThis is a info message from thread 2018-09-2026 00:29:34 [38;5;015m[INFO]: [0mThis is a info message from thread 218-09-2026 00:29:34 [38;5;015m[INFO]: [0mThis is a info message from thread 1418-09-2026 00:29:34 [38;5;117m[DEBUG]: [0mThis is a debug message from thread 2918-09-2026 00:29:34 [38;5;015m[INFO]: [0mThis is a info message from thread 918-09-2026 00:29:34 [38;5;015m[INFO]: [0mThis is a info message from thread 2818-09-2026 00:29:34 [38;5;117m[DEBUG]: [0mThis is a debug message from thread 1318-09-2026 00:29:34 [38;5;117m[DEBUG]: [0mThis is a debug message from thread 818-09-2026 00:29:34 [38;5;117m[DEBUG]: [0mThis is a debug message from thread 1518-09-2026 00:29:34 [38;5;015m[INFO]: [0mThis is a info message from thread 618-09-2026 00:29:34 [38;5;009m[ERROR]: [0mThis is a error message from thread 2018-09-2026 00:29:34 [38;5;009m[ERROR]: [0mThis is a error message from thread 218-09-2026 00:29:34 [38;5;015m[INFO]: [0mThis is a info message from thread 1318-09-2026 00:29:34 [38;5;009m[ERROR]: [0mThis is a error message from thread 918-09-2026 00:29:34 [38;5;015m[INFO]: [0mThis is a info message from thread 2218-09-2026 00:29:34 [38;5;015m[INFO]: [0mThis is a info message from thread 018-09-2026 00:29:34 [38;5;015m[INFO]: [0mThis is a info message from thread 818-09-2026 00:29:34 [38;5;015m[INFO]: [0mThis is a info message from thread 1518-09-2026 00:29:34 [38;5;117m[DEBUG]: [0mThis is a debug message from thread 2618-09-2026 00:29:34 [38;5;117m[DEBUG]: [0mThis is a debug message from thread 1618-09-2026 00:29:34 [38;5;117m[DEBUG]: [0mThis is a debug message from thread 2018-09-2026 00:29:34 [38;5;009m[ERROR]: [0mThis is a error message from thread 1318-09-2026 00:29:34 [38;5;015m[INFO]: [0mThis is a info message from thread 1218-09-2026 00:29:34 [38;5;009m[ERROR]: [0mThis is a error message from thread 018-09-2026 00:29:34 [38;5;009m[ERROR]: [0mThis is a error message from thread 2218-09-2026 00:29:34 [38;5;015m[INFO]: [0mThis is a info message from thread 2018-09-2026 00:29:34 [38;5;117m[DEBUG]: [0mThis is a debug message from thread 218-09-2026 00:29:34 [38;5;117m[DEBUG]: [0mThis is a debug message from thread 2218-09-2026 00:29:34 [38;5;117m[DEBUG]: [0mThis is a debug message from thread 018-09-2026 00:29:34 [38;5;009m[ERROR]: [0mThis is a error message from thread 1518-09-2026 00:29:34 [38;5;117m[DEBUG]: [0mThis is a debug message from thread 1818-09-2026 00:29:34 [38;5;009m[ERROR]: [0mThis is a error message from thread 2018-09-2026 00:29:34 [38;5;015m[INFO]: [0mThis is a info message from thread 018-09-2026 00:29:34 [38;5;117m[DEBUG]: [0mThis is a debug message from thread 1318-09-2026 00:29:34 [38;5;015m[INFO]: [0mThis is a info message from thread 218-09-2026 00:29:34 [38;5;009m[ERROR]: [0mThis is a error message from thread 1218-09-2026 00:29:34 [38;5;009m[ERROR]: [0mThis is a error message from thread 018-09-2026 00:29:34 [38;5;015m[INFO]: [0mThis is a info message from thread 2218-09-2026 00:29:34 [38;5;117m[DEBUG]: [0mThis is a debug message from thread 918-09-2026 00:29:34 [38;5;117m[DEBUG]: [0mThis is a debug message from thread 1518-09-2026 00:29:34 [38;5;015m[INFO]: [0mThis is a info message from thread 918-09-2026 00:29:34 [38;5;015m[INFO]: [0mThis is a info message from thread 1318-09-2026 00:29:34 [38;5;117m[DEBUG]: [0mThis is a debug message from thread 018-09-2026 00:29:34 [38;5;117m[DEBUG]: [0mThis is a debug message from thread 2018-09-2026 00:29:34 [38;5;009m[ERROR]: [0mThis is a error message from thread 1418-09-2026 00:29:34 [38;5;015m[INFO]: [0mThis is a info message from thread 1818-09-2026 00:29:34 [38;5;117m[DEBUG]: [0mThis is a debug message from thread 1218-09-2026 00:29:34 [38;5;009m[ERROR]: [0mThis is a error message from thread 618-09-2026 00:29:34 [38;5;009m[ERROR]: [0mThis is a error message from thread 918-09-2026 00:29:34 [38;5;015m[INFO]: [0mThis is a info message from thread 1518-09-2026 00:29:34 [38;5;117m[DEBUG]: [0mThis is a debug message from thread 418-09-2026 00:29:34 [38;5;015m[INFO]: [0mThis is a info message from thread 1618-09-2026 00:29:34 [38;5;117m[DEBUG]: [0mThis is a debug message from thread 1418-09-2026 00:29:34 [38;5;015m[INFO]: [0mThis is a info message from thread 1918-09-2026 00:29:34 [38;5;015m[INFO]: [0mThis is a info message from thread 2118-09-2026 00:29:34 [38;5;009m[ERROR]: [0mThis is a error message from thread 118-09-2026 00:29:34 [38;5;009m[ERROR]: [0mThis is a error message from thread 218-09-2026 00:29:34 [38;5;009m[ERROR]: [0mThis is a error message from thread 2118-09-2026 00:29:34 [38;5;009m[ERROR]: [0mThis is a error message from thread 1518-09-2026 00:29:34 [38;5;009m[ERROR]: [0mThis is a error message from thread 2818-09-2026 00:29:34 [38;5;009m[ERROR]: [0mThis is a error message from thread 818-09-2026 00:29:34 [38;5;117m[DEBUG]: [0mThis is a debug message from thread 2418-09-2026 00:29:34 [38;5;117m[DEBUG]: [0mThis is a debug message from thread 118-09-2026 00:29:34 [38;5;009m[ERROR]: [0mThis is a error message from thread 1918-09-2026 00:29:34 [38;5;009m[ERROR]: [0mThis is a error message from thread 2518-09-2026 00:29:34 [38;5;117m[DEBUG]: [0mThis is a debug message from thread 218-09-2026 00:29:34 [38;5;117m[DEBUG]: [0mThis is a debug message from thread 618-09-2026 00:29:34 [38;5;117m[DEBUG]: [0mThis is a debug message from thread 1018-09-2026 00:29:34 [38;5;009m[ERROR]: [0mThis is a error message from thread 1118-09-2026 00:29:34 [38;5;015m[INFO]: [0mThis is a info message from thread 1018-09-2026 00:29:34 [38;5;117m[DEBUG]: [0mThis is a debug message from thread 818-09-2026 00:29:34 [38;5;117m[DEBUG]: [0mThis is a debug message from thread 1518-09-2026 00:29:34 [38;5;015m[INFO]: [0mThis is a info message from thread 2018-09-2026 00:29:34 [38;5;009m[ERROR]: [0mThis is a error message from thread 1318-09-2026 00:29:34 [38;5;015m[INFO]: [0mThis is a info message from thread 018-09-2026 00:29:34 [38;5;117m[DEBUG]: [0mThis is a debug message from thread 1718-09-2026 00:29:34 [38;5;015m[INFO]: [0mThis is a info message from thread 2718-09-2026 00:29:34 [38;5;009m[ERROR]: [0mThis is a error message from thread 1018-09-2026 00:29:34 [38;5;117m[DEBUG]: [0mThis is a debug message from thread 2818-09-2026 00:29:34 [38;5;015m[INFO]: [0mThis is a info message from thread 618-09-2026 00:29:34 [38;5;015m[INFO]: [0mThis is a info message from thread 2818-09-2026 00:29:34 [38;5;015m[INFO]: [0mThis is a info message from thread 1218-09-2026 00:29:34 [38;5;009m[ERROR]: [0mThis is a error message from thread 1818-09-2026 00:29:34 [38;5;015m[INFO]: [0mThis is a info message from thread 218-09-2026 00:29:34 [38;5;009m[ERROR]: [0mThis is a error message from thread 2218-09-2026 00:29:34 [38;5;009m[ERROR]: [0mThis is a error message from thread 1218-09-2026 00:29:34 [38;5;015m[INFO]: [0mThis is a info message from thread 1518-09-2026 00:29:34 [38;5;009m[ERROR]: [0mThis is a error message from thread 2018-09-2026 00:29:34 [38;5;015m[INFO]: [0mThis is a info message from thread 1718-09-2026 00:29:34 [38;5;117m[DEBUG]: [0mThis is a debug message from thread 1218-09-2026 00:29:34 [38;5;117m[DEBUG]: [0mThis is a debug message from thread 1818-09-2026 00:29:34 [38;5;117m[DEBUG]: [0mThis is a debug message from thread 1318-09-2026 00:29:34 [38;5;117m[DEBUG]: [0mThis is a debug message from thread 2118-09-2026 00:29:34 [38;5;117m[DEBUG]: [0mThis is a debug message from thread 1018-09-2026 00:29:34 [38;5;117m[DEBUG]: [0mThis is a debug message from thread 2218-09-2026 00:29:34 [38;5;015m[INFO]: [0mThis is a info message from thread 418-09-2026 00:29:34 [38;5;015m[INFO]: [0mThis is a info message from thread 2118-09-2026 00:29:34 [38;5;015m[INFO]: [0mThis is a info message from thread 1218-09-2026 00:29:34 [38;5;009m[ERROR]: [0mThis is a error message from thread 1718-09-2026 00:29:34 [38;5;015m[INFO]: [0mThis is a info message from thread 2918-09-2026 00:29:34 [38;5;009m[ERROR]: [0mThis is a error message from thread 618-09-2026 00:29:34 [38;5;009m[ERROR]: [0mThis is a error message from thread 418-09-2026 00:29:34 [38;5;009m[ERROR]: [0mThis is a error message from thread 2918-09-2026 00:29:34 [38;5;117m[DEBUG]: [0mThis is a debug message from thread 418-09-2026 00:29:34 [38;5;015m[INFO]: [0mThis is a info message from thread 1318-09-2026 00:29:34 [38;5;009m[ERROR]: [0mThis is a error message from thread 1518-09-2026 00:29:34 [38;5;009m[ERROR]: [0mThis is a error message from thread 1318-09-2026 00:29:34 [38;5;117m[DEBUG]: [0mThis is a debug message from thread 1718-09-2026 00:29:34 [38;5;117m[DEBUG]: [0mThis is a debug message from thread 1318-09-2026 00:29:34 [38;5;015m[INFO]: [0mThis is a info message from thread 818-09-2026 00:29:34 [38;5;015m[INFO]: [0mThis is a info message from thread 2218-09-2026 00:29:34 [38;5;015m[INFO]: [0mThis is a info message from thread 1818-09-2026 00:29:34 [38;5;117m[DEBUG]: [0mThis is a debug message from thread 718-09-2026 00:29:34 [38;5;009m[ERROR]: [0mThis is a error message from thread 2218-09-2026 00:29:34 [38;5;015m[INFO]: [0mThis is a info message from thread 718-09-2026 00:29:34 [38;5;009m[ERROR]: [0mThis is a error message from thread 818-09-2026 00:29:34 [38;5;015m[INFO]: [0mThis is a info message from thread 1318-09-2026 00:29:34 [38;5;015m[INFO]: [0mThis is a info message from thread 418-09-2026 00:29:34 [38;5;015m[INFO]: [0mThis is a info message from thread 1018-09-2026 00:29:34 [38;5;009m[ERROR]: [0mThis is a error message from thread 418-09-2026 00:29:34 [38;5;009m[ERROR]: [0mThis is a error message from thread 2118-09-2026 00:29:34 [38;5;009m[ERROR]: [0mThis is a error message from thread 1318-09-2026 00:29:34 [38;5;117m[DEBUG]: [0mThis is a debug message from thread 2918-09-2026 00:29:34 [38;5;009m[ERROR]: [0mThis is a error message from thread 1818-09-2026 00:29:34 [38;5;117m[DEBUG]: [0mThis is a debug message from thread 1318-09-2026 00:29:34 [38;5;117m[DEBUG]: [0mThis is a debug message from thread 2218-09-2026 00:29:34 [38;5;009m[ERROR]: [0mThis is a error message from thread 1018-09-2026 00:29:34 [38;5;117m[DEBUG]: [0mThis is a debug message from thread 2518-09-2026 00:29:34 [38;5;015m[INFO]: [0mThis is a info message from thread 2418-09-2026 00:29:34 [38;5;117m[DEBUG]: [0mThis is a debug message from thread 1518-09-2026 00:29:34 [38;5;015m[INFO]: [0mThis is a info message from thread 1318-09-2026 00:29:34 [38;5;015m[INFO]: [0mThis is a info message from thread 1718-09-2026 00:29:34 [38;5;015m[INFO]: [0mThis is a info message from thread 2518-09-2026 00:29:34 [38;5;015m[INFO]: [0mThis is a info message from thread 2918-09-2026 00:29:34 [38;5;117m[DEBUG]: [0mThis is a debug message from thread 1018-09-2026 00:29:34 [38;5;117m[DEBUG]: [0mThis is a debug message from thread 1918-09-2026 00:29:34 [38;5;015m[INFO]: [0mThis is a info message from thread 2218-09-2026 00:29:34 [38;5;015m[INFO]: [0mThis is a info message from thread 1918-09-2026 00:29:34 [38;5;117m[DEBUG]: [0mThis is a debug message from thread 1818-09-2026 00:29:34 [38;5;009m[ERROR]: [0mThis is a error message from thread 1918-09-2026 00:29:34 [38;5;015m[INFO]: [0mThis is a info message from thread 2318-09-2026 00:29:34 [38;5;015m[INFO]: [0mThis is a info message from thread 1518-09-2026 00:29:34 [38;5;009m[ERROR]: [0mThis is a error message from thread 2518-09-2026 00:29:34 [38;5;117m[DEBUG]: [0mThis is a debug message from thread 1918-09-2026 00:29:34 [38;5;117m[DEBUG]: [0mThis is a debug message from thread 2518-09-2026 00:29:34 [38;5;009m[ERROR]: [0mThis is a error message from thread 2418-09-2026 00:29:34 [38;5;015m[INFO]: [0mThis is a info message from thread 1918-09-2026 00:29:34 [38;5;117m[DEBUG]: [0mThis is a debug message from thread 2418-09-2026 00:29:34 [38;5;009m[ERROR]: [0mThis is a error message from thread 1318-09-2026 00:29:34 [38;5;015m[INFO]: [0mThis is a info message from thread 1018-09-2026 00:29:34 [38;5;015m[INFO]: [0mThis is a info message from thread 118-09-2026 00:29:34 [38;5;117m[DEBUG]: [0mThis is a debug message from thread 1318-09-2026 00:29:34 [38;5;009m[ERROR]: [0mThis is a error message from thread 118-09-2026 00:29:34 [38;5;117m[DEBUG]: [0mThis is a debug message from thread 818-09-2026 00:29:34 [38;5;009m[ERROR]: [0mThis is a error message from thread 1918-09-2026 00:29:34 [38;5;015m[INFO]: [0mThis is a info message from thread 2418-09-2026 00:29:34 [38;5;009m[ERROR]: [0mThis is a error message from thread 1718-09-2026 00:29:34 [38;5;009m[ERROR]: [0mThis is a error message from thread 1518-09-2026 00:29:34 [38;5;117m[DEBUG]: [0mThis is a debug message from thread 118-09-2026 00:29:34 [38;5;009m[ERROR]: [0mThis is a error message from thread 018-09-2026 00:29:34 [38;5;009m[ERROR]: [0mThis is a error message from thread 2418-09-2026 00:29:34 [38;5;009m[ERROR]: [0mThis is a error message from thread 218-09-2026 00:29:34 [38;5;117m[DEBUG]: [0mThis is a debug message from thread 018-09-2026 00:29:34 [38;5;015m[INFO]: [0mThis is a info message from thread 1318-09-2026 00:29:34 [38;5;015m[INFO]: [0mThis is a info message from thread 018-09-2026 00:29:34 [38;5;015m[INFO]: [0mThis is a info message from thread 118-09-2026 00:29:34 [38;5;117m[DEBUG]: [0mThis is a debug message from thread 1918-09-2026 00:29:34 [38;5;117m[DEBUG]: [0mThis is a debug message from thread 1718-09-2026 00:29:34 [38;5;015m[INFO]: [0mThis is a info message from thread 818-09-2026 00:29:34 [38;5;015m[INFO]: [0mThis is a info message from thread 318-09-2026 00:29:34 [38;5;009m[ERROR]: [0mThis is a error message from thread 2318-09-2026 00:29:34 [38;5;009m[ERROR]: [0mThis is a error message from thread 1318-09-2026 00:29:34 [38;5;009m[ERROR]: [0mThis is a error message from thread 518-09-2026 00:29:34 [38;5;015m[INFO]: [0mThis is a info message from thread 1718-09-2026 00:29:34 [38;5;117m[DEBUG]: [0mThis is a debug message from thread 1518-09-2026 00:29:34 [38;5;009m[ERROR]: [0mThis is a error message from thread 1018-09-2026 00:29:34 [38;5;009m[ERROR]: [0mThis is a error message from thread 318-09-2026 00:29:34 [38;5;015m[INFO]: [0mThis is a info message from thread 1518-09-2026 00:29:34 [38;5;009m[ERROR]: [0mThis is a error message from thread 018-09-2026 00:29:34 [38;5;117m[DEBUG]: [0mThis is a debug message from thread 518-09-2026 00:29:34 [38;5;015m[INFO]: [0mThis is a info message from thread 1418-09-2026 00:29:34 [38;5;117m[DEBUG]: [0mThis is a debug message from thread 1118-09-2026 00:29:34 [38;5;009m[ERROR]: [0mThis is a error message from thread 1518-09-2026 00:29:34 [38;5;009m[ERROR]: [0mThis is a error message from thread 2818-09-2026 00:29:34 [38;5;009m[ERROR]: [0mThis is a error message from thread 118-09-2026 00:29:34 [38;5;117m[DEBUG]: [0mThis is a debug message from thread 918-09-2026 00:29:34 [38;5;117m[DEBUG]: [0mThis is a debug message from thread 1318-09-2026 00:29:34 [38;5;015m[INFO]: [0mThis is a info message from thread 918-09-2026 00:29:34 [38;5;009m[ERROR]: [0mThis is a error message from thread 1418-09-2026 00:29:34 [38;5;009m[ERROR]: [0mThis is a error message from thread 1618-09-2026 00:29:34 [38;5;117m[DEBUG]: [0mThis is a debug message from thread 2818-09-2026 00:29:34 [38;5;117m[DEBUG]: [0mThis is a debug message from thread 1618-09-2026 00:29:34 [38;5;015m[INFO]: [0mThis is a info message from thread 1318-09-2026 00:29:34 [38;5;117m[DEBUG]: [0mThis is a debug message from thread 118-09-2026 00:29:34 [38;5;009m[ERROR]: [0mThis is a error message from thread 818-09-2026 00:29:34 [38;5;117m[DEBUG]: [0mThis is a debug message from thread 618-09-2026 00:29:34 [38;5;117m[DEBUG]: [0mThis is a debug message from thread 2118-09-2026 00:29:34 [38;5;009m[ERROR]: [0mThis is a error message from thread 718-09-2026 00:29:34 [38;5;009m[ERROR]: [0mThis is a error message from thread 1718-09-2026 00:29:34 [38;5;117m[DEBUG]: [0mThis is a debug message from thread 218-09-2026 00:29:34 [38;5;009m[ERROR]: [0mThis is a error message from thread 2718-09-2026 00:29:34 [38;5;117m[DEBUG]: [0mThis is a debug message from thread 818-09-2026 00:29:34 [38;5;015m[INFO]: [0mThis is a info message from thread 2618-09-2026 00:29:34 [38;5;117m[DEBUG]: [0mThis is a debug message from thread 2018-09-2026 00:29:34 [38;5;015m[INFO]: [0mThis is a info message from thread 1618-09-2026 00:29:34 [38;5;117m[DEBUG]: [0mThis is a debug message from thread 718-09-2026 00:29:34 [38;5;117m[DEBUG]: [0mThis is a debug message from thread 2318-09-2026 00:29:34 [38;5;015m[INFO]: [0mThis is a info message from thread 2118-09-2026 00:29:34 [38;5;015m[INFO]: [0mThis is a info message from thread 618-09-2026 00:29:34 [38;5;015m[INFO]: [0mThis is a info message from thread 2018-09-2026 00:29:34 [38;5;015m[INFO]: [0mThis is a info message from thread 2318-09-2026 00:29:34 [38;5;015m[INFO]: [0mThis is a info message from thread 818-09-2026 00:29:34 [38;5;117m[DEBUG]: [0mThis is a debug message from thread 1718-09-2026 00:29:34 [38;5;015m[INFO]: [0mThis is a info message from thread 1918-09-2026 00:29:34 [38;5;009m[ERROR]: [0mThis is a error message from thread 2918-09-2026 00:29:34 [38;5;009m[ERROR]: [0mThis is a error message from thread 1618-09-2026 00:29:34 [38;5;015m[INFO]: [0mThis is a info message from thread 1718-09-2026 00:29:34 [38;5;009m[ERROR]: [0mThis is a error message from thread 1918-09-2026 00:29:34 [38;5;009m[ERROR]: [0mThis is a error message from thread 2218-09-2026 00:29:34 [38;5;015m[INFO]: [0mThis is a info message from thread 218-09-2026 00:29:34 [38;5;015m[INFO]: [0mThis is a info message from thread 2818-09-2026 00:29:34 [38;5;015m[INFO]: [0mThis is a info message from thread 2518-09-2026 00:29:34 [38;5;117m[DEBUG]: [0mThis is a debug message from thread 1618-09-2026 00:29:34 [38;5;009m[ERROR]: [0mThis is a error message from thread 2018-09-2026 00:29:34 [38;5;117m[DEBUG]: [0mThis is a debug message from thread 2918-09-2026 00:29:34 [38;5;117m[DEBUG]: [0mThis is a debug message from thread 2418-09-2026 00:29:34 [38;5;009m[ERROR]: [0mThis is a error message from thread 1318-09-2026 00:29:34 [38;5;009m[ERROR]: [0mThis is a error message from thread 2318-09-2026 00:29:34 [38;5;015m[INFO]: [0mThis is a info message from thread 2918-09-2026 00:29:34 [38;5;009m[ERROR]: [0mThis is a error message from thread 818-09-2026 00:29:34 [38;5;117m[DEBUG]: [0mThis is a debug message from thread 2018-09-2026 00:29:34 [38;5;009m[ERROR]: [0mThis is a error message from thread 2518-09-2026 00:29:34 [38;5;117m[DEBUG]: [0mThis is a debug message from thread 818-09-2026 00:29:34 [38;5;117m[DEBUG]: [0mThis is a debug message from thread 1318-09-2026 00:29:34 [38;5;117m[DEBUG]: [0mThis is a debug message from thread 2518-09-2026 00:29:34 [38;5;015m[INFO]: [0mThis is a info message from thread 1618-09-2026 00:29:34 [38;5;117m[DEBUG]: [0mThis is a debug message from thread 1918-09-2026 00:29:34 [38;5;015m[INFO]: [0mThis is a info message from thread 2018-09-2026 00:29:34 [38;5;015m[INFO]: [0mThis is a info message from thread 2418-09-2026 00:29:34 [38;5;009m[ERROR]: [0mThis is a error message from thread 2618-09-2026 00:29:34 [38;5;015m[INFO]: [0mThis is a info message from thread 1818-09-2026 00:29:34 [38;5;015m[INFO]: [0mThis is a info message from thread 2518-09-2026 00:29:34 [38;5;015m[INFO]: [0mThis is a info message from thread 1318-09-2026 00:29:34 [38;5;009m[ERROR]: [0mThis is a error message from thread 618-09-2026 00:29:34 [38;5;009m[ERROR]: [0mThis is a error message from thread 2918-09-2026 00:29:34 [38;5;009m[ERROR]: [0mThis is a error message from thread 2018-09-2026 00:29:34 [38;5;009m[ERROR]: [0mThis is a error message from thread 1318-09-2026 00:29:34 [38;5;015m[INFO]: [0mThis is a info message from thread 818-09-2026 00:29:34 [38;5;009m[ERROR]: [0mThis is a error message from thread 2518-09-2026 00:29:34 [38;5;009m[ERROR]: [0mThis is a error message from thread 2818-09-2026 00:29:34 [38;5;009m[ERROR]: [0mThis is a error message from thread 818-09-2026 00:29:34 [38;5;009m[ERROR]: [0mThis is a error message from thread 1618-09-2026 00:29:34 [38;5;117m[DEBUG]: [0mThis is a debug message from thread 1418-09-2026 00:29:34 [38;5;009m[ERROR]: [0mThis is a error message from thread 1218-09-2026 00:29:34 [38;5;117m[DEBUG]: [0mThis is a debug message from thread 1018-09-2026 00:29:34 [38;5;015m[INFO]: [0mThis is a info message from thread 1918-09-2026 00:29:34 [38;5;009m[ERROR]: [0mThis is a error message from thread 2118-09-2026 00:29:34 [38;5;117m[DEBUG]: [0mThis is a debug message from thread 618-09-2026 00:29:34 [38;5;117m[DEBUG]: [0mThis is a debug message from thread 2518-09-2026 00:29:34 [38;5;117m[DEBUG]: [0mThis is a debug message from thread 1218-09-2026 00:29:34 [38;5;015m[INFO]: [0mThis is a info message from thread 118-09-2026 00:29:34 [38;5;015m[INFO]: [0mThis is a info message from thread 718-09-2026 00:29:34 [38;5;015m[INFO]: [0mThis is a info message from thread 1018-09-2026 00:29:34 [38;5;015m[INFO]: [0mThis is a info message from thread 1418-09-2026 00:29:34 [38;5;009m[ERROR]: [0mThis is a error message from thread 218-09-2026 00:29:34 [38;5;009m[ERROR]: [0mThis is a error message from thread 1418-09-2026 00:29:34 [38;5;117m[DEBUG]: [0mThis is a debug message from thread 1618-09-2026 00:29:34 [38;5;117m[DEBUG]: [0mThis is a debug message from thread 2218-09-2026 00:29:34 [38;5;117m[DEBUG]: [0mThis is a debug message from thread 1518-09-2026 00:29:34 [38;5;009m[ERROR]: [0mThis is a error message from thread 718-09-2026 00:29:34 [38;5;117m[DEBUG]: [0mThis is a debug message from thread 2918-09-2026 00:29:34 [38;5;009m[ERROR]: [0mThis is a error message from thread 1018-09-2026 00:29:34 [38;5;009m[ERROR]: [0mThis is a error message from thread 118-09-2026 00:29:34 [38;5;117m[DEBUG]: [0mThis is a debug message from thread 1018-09-2026 00:29:34 [38;5;117m[DEBUG]: [0mThis is a debug message from thread 2818-09-2026 00:29:34 [38;5;015m[INFO]: [0mThis is a info message from thread 1518-09-2026 00:29:34 [38;5;015m[INFO]: [0mThis is a info message from thread 1618-09-2026 00:29:34 [38;5;015m[INFO]: [0mThis is a info message from thread 1018-09-2026 00:29:34 [38;5;009m[ERROR]: [0mThis is a error message from thread 918-09-2026 00:29:34 [38;5;015m[INFO]: [0mThis is a info message from thread 1218-09-2026 00:29:34 [38;5;117m[DEBUG]: [0mThis is a debug message from thread 1418-09-2026 00:29:34 [38;5;117m[DEBUG]: [0mThis is a debug message from thread 2018-09-2026 00:29:34 [38;5;117m[DEBUG]: [0mThis is a debug message from thread 818-09-2026 00:29:34 [38;5;015m[INFO]: [0mThis is a info message from thread 1418-09-2026 00:29:34 [38;5;015m[INFO]: [0mThis is a info message from thread 2918-09-2026 00:29:34 [38;5;009m[ERROR]: [0mThis is a error message from thread 1918-09-2026 00:29:34 [38;5;009m[ERROR]: [0mThis is a error message from thread 1518-09-2026 00:29:34 [38;5;009m[ERROR]: [0mThis is a error message from thread 1418-09-2026 00:29:34 [38;5;009m[ERROR]: [0mThis is a error message from thread 2918-09-2026 00:29:34 [38;5;015m[INFO]: [0mThis is a info message from thread 518-09-2026 00:29:34 [38;5;009m[ERROR]: [0mThis is a error message from thread 1018-09-2026 00:29:34 [38;5;009m[ERROR]: [0mThis is a error message from thread 1618-09-2026 00:29:34 [38;5;009m[ERROR]: [0mThis is a error message from thread 518-09-2026 00:29:34 [38;5;117m[DEBUG]: [0mThis is a debug message from thread 518-09-2026 00:29:34 [38;5;117m[DEBUG]: [0mThis is a debug message from thread 318-09-2026 00:29:34 [38;5;117m[DEBUG]: [0mThis is a debug message from thread 918-09-2026 00:29:34 [38;5;117m[DEBUG]: [0mThis is a debug message from thread 1618-09-2026 00:29:34 [38;5;117m[DEBUG]: [0mThis is a debug message from thread 1918-09-2026 00:29:34 [38;5;015m[INFO]: [0mThis is a info message from thread 2018-09-2026 00:29:34 [38;5;117m[DEBUG]: [0mThis is a debug message from thread 1018-09-2026 00:29:34 [38;5;015m[INFO]: [0mThis is a info message from thread 618-09-2026 00:29:34 [38;5;015m[INFO]: [0mThis is a info message from thread 1618-09-2026 00:29:34 [38;5;117m[DEBUG]: [0mThis is a debug message from thread 018-09-2026 00:29:34 [38;5;117m[DEBUG]: [0mThis is a debug message from thread 718-09-2026 00:29:34 [38;5;117m[DEBUG]: [0mThis is a debug message from thread 2318-09-2026 00:29:34 [38;5;015m[INFO]: [0mThis is a info message from thread 318-09-2026 00:29:34 [38;5;015m[INFO]: [0mThis is a info message from thread 818-09-2026 00:29:34 [38;5;117m[DEBUG]: [0mThis is a debug message from thread 418-09-2026 00:29:34 [38;5;117m[DEBUG]: [0mThis is a debug message from thread 2918-09-2026 00:29:34 [38;5;015m[INFO]: [0mThis is a info message from thread 918-09-2026 00:29:34 [38;5;009m[ERROR]: [0mThis is a error message from thread 318-09-2026 00:29:34 [38;5;015m[INFO]: [0mThis is a info message from thread 1018-09-2026 00:29:34 [38;5;015m[INFO]: [0mThis is a info message from thread 418-09-2026 00:29:34 [38;5;015m[INFO]: [0mThis is a info message from thread 2318-09-2026 00:29:34 [38;5;015m[INFO]: [0mThis is a info message from thread 1118-09-2026 00:29:34 [38;5;117m[DEBUG]: [0mThis is a debug message from thread 1418-09-2026 00:29:34 [38;5;117m[DEBUG]: [0mThis is a debug message from thread 2618-09-2026 00:29:34 [38;5;015m[INFO]: [0mThis is a info message from thread 2518-09-2026 00:29:34 [38;5;117m[DEBUG]: [0mThis is a debug message from thread 318-09-2026 00:29:34 [38;5;117m[DEBUG]: [0mThis is a debug message from thread 218-09-2026 00:29:34 [38;5;015m[INFO]: [0mThis is a info message from thread 318-09-2026 00:29:34 [38;5;009m[ERROR]: [0mThis is a error message from thread 1018-09-2026 00:29:34 [38;5;117m[DEBUG]: [0mThis is a debug message from thread 2118-09-2026 00:29:34 [38;5;117m[DEBUG]: [0mThis is a debug message from thread 2718-09-2026 00:29:34 [38;5;009m[ERROR]: [0mThis is a error message from thread 1818-09-2026 00:29:34 [38;5;009m[ERROR]: [0mThis is a error message from thread 918-09-2026 00:29:34 [38;5;009m[ERROR]: [0mThis is a error message from thread 318-09-2026 00:29:34 [38;5;015m[INFO]: [0mThis is a info message from thread 2718-09-2026 00:29:34 [38;5;117m[DEBUG]: [0mThis is a debug message from thread 1018-09-2026 00:29:34 [38;5;117m[DEBUG]: [0mThis is a debug message from thread 1518-09-2026 00:29:34 [38;5;117m[DEBUG]: [0mThis is a debug message from thread 1818-09-2026 00:29:34 [38;5;009m[ERROR]: [0mThis is a error message from thread 818-09-2026 00:29:34 [38;5;015m[INFO]: [0mThis is a info message from thread 1818-09-2026 00:29:34 [38;5;009m[ERROR]: [0mThis is a error message from thread 418-09-2026 00:29:34 [38;5;015m[INFO]: [0mThis is a info message from thread 1418-09-2026 00:29:34 [38;5;117m[DEBUG]: [0mThis is a debug message from thread 318-09-2026 00:29:34 [38;5;015m[INFO]: [0mThis is a info message from thread 2118-09-2026 00:29:34 [38;5;117m[DEBUG]: [0mThis is a debug message from thread 418-09-2026 00:29:34 [38;5;009m[ERROR]: [0mThis is a error message from thread 1218-09-2026 00:29:34 [38;5;015m[INFO]: [0mThis is a info message from thread 418-09-2026 00:29:34 [38;5;015m[INFO]: [0mThis is a info message from thread 1518-09-2026 00:29:34 [38;5;015m[INFO]: [0mThis is a info message from thread 518-09-2026 00:29:34 [38;5;009m[ERROR]: [0mThis is a error message from thread 2018-09-2026 00:29:34 [38;5;015m[INFO]: [0mThis is a info message from thread 1918-09-2026 00:29:34 [38;5;117m[DEBUG]: [0mThis is a debug message from thread 2018-09-2026 00:29:34 [38;5;015m[INFO]: [0mThis is a info message from thread 218-09-2026 00:29:34 [38;5;015m[INFO]: [0mThis is a info message from thread 1018-09-2026 00:29:34 [38;5;009m[ERROR]: [0mThis is a error message from thread 1018-09-2026 00:29:34 [38;5;015m[INFO]: [0mThis is a info message from thread 2018-09-2026 00:29:34 [38;5;117m[DEBUG]: [0mThis is a debug message from thread 1218-09-2026 00:29:34 [38;5;009m[ERROR]: [0mThis is a error message from thread 2018-09-2026 00:29:34 [38;5;015m[INFO]: [0mThis is a info message from thread 318-09-2026 00:29:34 [38;5;117m[DEBUG]: [0mThis is a debug message from thread 918-09-2026 00:29:34 [38;5;015m[INFO]: [0mThis is a info message from thread 2818-09-2026 00:29:34 [38;5;009m[ERROR]: [0mThis is a error message from thread 1918-09-2026 00:29:34 [38;5;009m[ERROR]: [0mThis is a error message from thread 1518-09-2026 00:29:34 [38;5;117m[DEBUG]: [0mThis is a debug message from thread 818-09-2026 00:29:34 [38;5;015m[INFO]: [0mThis is a info message from thread 018-09-2026 00:29:34 [38;5;009m[ERROR]: [0mThis is a error message from thread 518-09-2026 00:29:34 [38;5;117m[DEBUG]: [0mThis is a debug message from thread 1018-09-2026 00:29:34 [38;5;015m[INFO]: [0mThis is a info message from thread 1018-09-2026 00:29:34 [38;5;009m[ERROR]: [0mThis is a error message from thread 018-09-2026 00:29:34 [38;5;117m[DEBUG]: [0mThis is a debug message from thread 518-09-2026 00:29:34 [38;5;117m[DEBUG]: [0mThis is a debug message from thread 1518-09-2026 00:29:34 [38;5;117m[DEBUG]: [0mThis is a debug message from thread 018-09-2026 00:29:34 [38;5;015m[INFO]: [0mThis is a info message from thread 1518-09-2026 00:29:34 [38;5;009m[ERROR]: [0mThis is a error message from thread 1518-09-2026 00:29:34 [38;5;009m[ERROR]: [0mThis is a error message from thread 318-09-2026 00:29:34 [38;5;117m[DEBUG]: [0mThis is a debug message from thread 1518-09-2026 00:29:34 [38;5;015m[INFO]: [0mThis is a info message from thread 1518-09-2026 00:29:34 [38;5;015m[INFO]: [0mThis is a info message from thread 1218-09-2026 00:29:34 [38;5;117m[DEBUG]: [0mThis is a debug message from thread 1318-09-2026 00:29:34 [38;5;015m[INFO]: [0mThis is a info message from thread 518-09-2026 00:29:34 [38;5;117m[DEBUG]: [0mThis is a debug message from thread 1918-09-2026 00:29:34 [38;5;015m[INFO]: [0mThis is a info message from thread 018-09-2026 00:29:34 [38;5;117m[DEBUG]: [0mThis is a debug message from thread 318-09-2026 00:29:34 [38;5;009m[ERROR]: [0mThis is a error message from thread 2818-09-2026 00:29:34 [38;5;015m[INFO]: [0mThis is a info message from thread 818-09-2026 00:29:34 [38;5;009m[ERROR]: [0mThis is a error message from thread 518-09-2026 00:29:34 [38;5;009m[ERROR]: [0mThis is a error message from thread 618-09-2026 00:29:34 [38;5;009m[ERROR]: [0mThis is a error message from thread 018-09-2026 00:29:34 [38;5;015m[INFO]: [0mThis is a info message from thread 1318-09-2026 00:29:34 [38;5;015m[INFO]: [0mThis is a info message from thread 1918-09-2026 00:29:34 [38;5;015m[INFO]: [0mThis is a info message from thread 918-09-2026 00:29:34 [38;5;009m[ERROR]: [0mThis is a error message from thread 2318-09-2026 00:29:34 [38;5;015m[INFO]: [0mThis is a info message from thread 318-09-2026 00:29:34 [38;5;117m[DEBUG]: [0mThis is a debug message from thread 2818-09-2026 00:29:34 [38;5;015m[INFO]: [0mThis is a info message from thread 2618-09-2026 00:29:34 [38;5;009m[ERROR]: [0mThis is a error message from thread 1918-09-2026 00:29:34 [38;5;009m[ERROR]: [0mThis is a error message from thread 2618-09-2026 00:29:34 [38;5;015m[INFO]: [0mThis is a info message from thread 2818-09-2026 00:29:34 [38;5;117m[DEBUG]: [0mThis is a debug message from thread 2318-09-2026 00:29:34 [38;5;117m[DEBUG]: [0mThis is a debug message from thread 018-09-2026 00:29:34 [38;5;117m[DEBUG]: [0mThis is a debug message from thread 2618-09-2026 00:29:34 [38;5;009m[ERROR]: [0mThis is a error message from thread 1318-09-2026 00:29:34 [38;5;009m[ERROR]: [0mThis is a error message from thread 818-09-2026 00:29:34 [38;5;009m[ERROR]: [0mThis is a error message from thread 218-09-2026 00:29:34 [38;5;117m[DEBUG]: [0mThis is a debug message from thread 618-09-2026 00:29:34 [38;5;009m[ERROR]: [0mThis is a error message from thread 1518-09-2026 00:29:34 [38;5;009m[ERROR]: [0mThis is a error message from thread 2818-09-2026 00:29:34 [38;5;117m[DEBUG]: [0mThis is a debug message from thread 1318-09-2026 00:29:34 [38;5;015m[INFO]: [0mThis is a info message from thread 2618-09-2026 00:29:34 [38;5;117m[DEBUG]: [0mThis is a debug message from thread 1918-09-2026 00:29:34 [38;5;015m[INFO]: [0mThis is a info message from thread 2218-09-2026 00:29:34 [38;5;117m[DEBUG]: [0mThis is a debug message from thread 118-09-2026 00:29:34 [38;5;015m[INFO]: [0mThis is a info message from thread 118-09-2026 00:29:34 [38;5;117m[DEBUG]: [0mThis is a debug message from thread 218-09-2026 00:29:34 [38;5;009m[ERROR]: [0mThis is a error message from thread 918-09-2026 00:29:34 [38;5;009m[ERROR]: [0mThis is a error message from thread 2618-09-2026 00:29:34 [38;5;009m[ERROR]: [0mThis is a error message from thread 1018-09-2026 00:29:34 [38;5;009m[ERROR]: [0mThis is a error message from thread 2218-09-2026 00:29:34 [38;5;117m[DEBUG]: [0mThis is a debug message from thread 2618-09-2026 00:29:34 [38;5;009m[ERROR]: [0mThis is a error message from thread 118-09-2026 00:29:34 [38;5;009m[ERROR]: [0mThis is a error message from thread 1618-09-2026 00:29:34 [38;5;009m[ERROR]: [0mThis is a error message from thread 1818-09-2026 00:29:34 [38;5;117m[DEBUG]: [0mThis is a debug message from thread 818-09-2026 00:29:34 [38;5;117m[DEBUG]: [0mThis is a debug message from thread 1518-09-2026 00:29:34 [38;5;117m[DEBUG]: [0mThis is a debug message from thread 918-09-2026 00:29:34 [38;5;015m[INFO]: [0mThis is a info message from thread 1918-09-2026 00:29:34 [38;5;117m[DEBUG]: [0mThis is a debug message from thread 118-09-2026 00:29:34 [38;5;009m[ERROR]: [0mThis is a error message from thread 2718-09-2026 00:29:34 [38;5;015m[INFO]: [0mThis is a info message from thread 1518-09-2026 00:29:34 [38;5;117m[DEBUG]: [0mThis is a debug message from thread 1618-09-2026 00:29:34 [38;5;015m[INFO]: [0mThis is a info message from thread 218-09-2026 00:29:34 [38;5;009m[ERROR]: [0mThis is a error message from thread 1418-09-2026 00:29:34 [38;5;015m[INFO]: [0mThis is a info message from thread 1618-09-2026 00:29:34 [38;5;009m[ERROR]: [0mThis is a error message from thread 1518-09-2026 00:29:34 [38;5;015m[INFO]: [0mThis is a info message from thread 2618-09-2026 00:29:34 [38;5;015m[INFO]: [0mThis is a info message from thread 118-09-2026 00:29:34 [38;5;117m[DEBUG]: [0mThis is a debug message from thread 1818-09-2026 00:29:34 [38;5;009m[ERROR]: [0mThis is a error message from thread 1918-09-2026 00:29:34 [38;5;015m[INFO]: [0mThis is a info message from thread 2918-09-2026 00:29:34 [38;5;009m[ERROR]: [0mThis is a error message from thread 318-09-2026 00:29:34 [38;5;015m[INFO]: [0mThis is a info message from thread 818-09-2026 00:29:34 [38;5;117m[DEBUG]: [0mThis is a debug message from thread 2218-09-2026 00:29:34 [38;5;015m[INFO]: [0mThis is a info message from thread 918-09-2026 00:29:34 [38;5;009m[ERROR]: [0mThis is a error message from thread 2618-09-2026 00:29:34 [38;5;117m[DEBUG]: [0mThis is a debug message from thread 318-09-2026 00:29:34 [38;5;009m[ERROR]: [0mThis is a error message from thread 1618-09-2026 00:29:34 [38;5;117m[DEBUG]: [0mThis is a debug message from thread 1918-09-2026 00:29:34 [38;5;009m[ERROR]: [0mThis is a error message from thread 118-09-2026 00:29:34 [38;5;009m[ERROR]: [0mThis is a error message from thread 218-09-2026 00:29:34 [38;5;015m[INFO]: [0mThis is a info message from thread 2218-09-2026 00:29:34 [38;5;117m[DEBUG]: [0mThis is a debug message from thread 1518-09-2026 00:29:34 [38;5;009m[ERROR]: [0mThis is a error message from thread 2918-09-2026 00:29:34 [38;5;117m[DEBUG]: [0mThis is a debug message from thread 118-09-2026 00:29:34 [38;5;117m[DEBUG]: [0mThis is a debug message from thread 518-09-2026 00:29:34 [38;5;117m[DEBUG]: [0mThis is a debug message from thread 2618-09-2026 00:29:34 [38;5;009m[ERROR]: [0mThis is a error message from thread 2418-09-2026 00:29:34 [38;5;009m[ERROR]: [0mThis is a error message from thread 818-09-2026 00:29:34 [38;5;015m[INFO]: [0mThis is a info message from thread 2618-09-2026 00:29:34 [38;5;009m[ERROR]: [0mThis is a error message from thread 918-09-2026 00:29:34 [38;5;117m[DEBUG]: [0mThis is a debug message from thread 2818-09-2026 00:29:34 [38;5;117m[DEBUG]: [0mThis is a debug message from thread 818-09-2026 00:29:34 [38;5;009m[ERROR]: [0mThis is a error message from thread 2118-09-2026 00:29:34 [38;5;117m[DEBUG]: [0mThis is a debug message from thread 2418-09-2026 00:29:34 [38;5;015m[INFO]: [0mThis is a info message from thread 518-09-2026 00:29:34 [38;5;009m[ERROR]: [0mThis is a error message from thread 2218-09-2026 00:29:34 [38;5;009m[ERROR]: [0mThis is a error message from thread 518-09-2026 00:29:34 [38;5;009m[ERROR]: [0mThis is a error message from thread 1218-09-2026 00:29:34 [38;5;015m[INFO]: [0mThis is a info message from thread 2418-09-2026 00:29:34 [38;5;117m[DEBUG]: [0mThis is a debug message from thread 2218-09-2026 00:29:34 [38;5;117m[DEBUG]: [0mThis is a debug message from thread 518-09-2026 00:29:34 [38;5;117m[DEBUG]: [0mThis is a debug message from thread 1218-09-2026 00:29:34 [38;5;015m[INFO]: [0mThis is a info message from thread 2818-09-2026 00:29:34 [38;5;015m[INFO]: [0mThis is a info message from thread 1918-09-2026 00:29:34 [38;5;015m[INFO]: [0mThis is a info message from thread 1218-09-2026 00:29:34 [38;5;117m[DEBUG]: [0mThis is a debug message from thread 1618-09-2026 00:29:34 [38;5;015m[INFO]: [0mThis is a info message from thread 518-09-2026 00:29:34 [38;5;009m[ERROR]: [0mThis is a error message from thread 2418-09-2026 00:29:34 [38;5;015m[INFO]: [0mThis is a info message from thread 2318-09-2026 00:29:34 [38;5;009m[ERROR]: [0mThis is a error message from thread 418-09-2026 00:29:34 [38;5;009m[ERROR]: [0mThis is a error message from thread 1918-09-2026 00:29:34 [38;5;009m[ERROR]: [0mThis is a error message from thread 518-09-2026 00:29:34 [38;5;015m[INFO]: [0mThis is a info message from thread 118-09-2026 00:29:34 [38;5;015m[INFO]: [0mThis is a info message from thread 1318-09-2026 00:29:34 [38;5;015m[INFO]: [0mThis is a info message from thread 018-09-2026 00:29:34 [38;5;015m[INFO]: [0mThis is a info message from thread 1818-09-2026 00:29:34 [38;5;117m[DEBUG]: [0mThis is a debug message from thread 2418-09-2026 00:29:34 [38;5;117m[DEBUG]: [0mThis is a debug message from thread 1918-09-2026 00:29:34 [38;5;117m[DEBUG]: [0mThis is a debug message from thread 518-09-2026 00:29:34 [38;5;117m[DEBUG]: [0mThis is a debug message from thread 2718-09-2026 00:29:34 [38;5;009m[ERROR]: [0mThis is a error message from thread 018-09-2026 00:29:34 [38;5;009m[ERROR]: [0mThis is a error message from thread 2318-09-2026 00:29:34 [38;5;009m[ERROR]: [0mThis is a error message from thread 1218-09-2026 00:29:34 [38;5;009m[ERROR]: [0mThis is a error message from thread 1318-09-2026 00:29:34 [38;5;015m[INFO]: [0mThis is a info message from thread 818-09-2026 00:29:34 [38;5;117m[DEBUG]: [0mThis is a debug message from thread 1418-09-2026 00:29:34 [38;5;015m[INFO]: [0mThis is a info message from thread 2218-09-2026 00:29:34 [38;5;117m[DEBUG]: [0mThis is a debug message from thread 2318-09-2026 00:29:34 [38;5;015m[INFO]: [0mThis is a info message from thread 1918-09-2026 00:29:34 [38;5;015m[INFO]: [0mThis is a info message from thread 2718-09-2026 00:29:34 [38;5;009m[ERROR]: [0mThis is a error message from thread 2518-09-2026 00:29:34 [38;5;009m[ERROR]: [0mThis is a error message from thread 2818-09-2026 00:29:34 [38;5;117m[DEBUG]: [0mThis is a debug message from thread 1218-09-2026 00:29:34 [38;5;117m[DEBUG]: [0mThis is a debug message from thread 1318-09-2026 00:29:34 [38;5;009m[ERROR]: [0mThis is a error message from thread 2618-09-2026 00:29:34 [38;5;015m[INFO]: [0mThis is a info message from thread 1418-09-2026 00:29:34 [38;5;009m[ERROR]: [0mThis is a error message from thread 2218-09-2026 00:29:34 [38;5;009m[ERROR]: [0mThis is a error message from thread 1918-09-2026 00:29:34 [38;5;117m[DEBUG]: [0mThis is a debug message from thread 1018-09-2026 00:29:34 [38;5;117m[DEBUG]: [0mThis is a debug message from thread 2218-09-2026 00:29:34 [38;5;117m[DEBUG]: [0mThis is a debug message from thread 418-09-2026 00:29:34 [38;5;117m[DEBUG]: [0mThis is a debug message from thread 018-09-2026 00:29:34 [38;5;009m[ERROR]: [0mThis is a error message from thread 1118-09-2026 00:29:34 [38;5;009m[ERROR]: [0mThis is a error message from thread 1418-09-2026 00:29:34 [38;5;015m[INFO]: [0mThis is a info message from thread 1218-09-2026 00:29:34 [38;5;015m[INFO]: [0mThis is a info message from thread 2418-09-2026 00:29:34 [38;5;117m[DEBUG]: [0mThis is a debug message from thread 2618-09-2026 00:29:34 [38;5;015m[INFO]: [0mThis is a info message from thread 2218-09-2026 00:29:34 [38;5;015m[INFO]: [0mThis is a info message from thread 018-09-2026 00:29:34 [38;5;015m[INFO]: [0mThis is a info message from thread 1318-09-2026 00:29:34 [38;5;009m[ERROR]: [0mThis is a error message from thread 2718-09-2026 00:29:34 [38;5;015m[INFO]: [0mThis is a info message from thread 2618-09-2026 00:29:34 [38;5;117m[DEBUG]: [0mThis is a debug message from thread 1918-09-2026 00:29:34 [38;5;009m[ERROR]: [0mThis is a error message from thread 1218-09-2026 00:29:34 [38;5;117m[DEBUG]: [0mThis is a debug message from thread 2518-09-2026 00:29:34 [38;5;009m[ERROR]: [0mThis is a error message from thread 1818-09-2026 00:29:34 [38;5;009m[ERROR]: [0mThis is a error message from thread 1318-09-2026 00:29:34 [38;5;117m[DEBUG]: [0mThis is a debug message from thread 1218-09-2026 00:29:34 [38;5;117m[DEBUG]: [0mThis is a debug message from thread 2718-09-2026 00:29:34 [38;5;009m[ERROR]: [0mThis is a error message from thread 118-09-2026 00:29:34 [38;5;117m[DEBUG]: [0mThis is a debug message from thread 2018-09-2026 00:29:34 [38;5;015m[INFO]: [0mThis is a info message from thread 1918-09-2026 00:29:34 [38;5;117m[DEBUG]: [0mThis is a debug message from thread 1318-09-2026 00:29:34 [38;5;015m[INFO]: [0mThis is a info message from thread 2018-09-2026 00:29:34 [38;5;009m[ERROR]: [0mThis is a error message from thread 018-09-2026 00:29:34 [38;5;117m[DEBUG]: [0mThis is a debug message from thread 218-09-2026 00:29:34 [38;5;015m[INFO]: [0mThis is a info message from thread 218-09-2026 00:29:34 [38;5;009m[ERROR]: [0mThis is a error message from thread 2418-09-2026 00:29:34 [38;5;015m[INFO]: [0mThis is a info message from thread 1318-09-2026 00:29:34 [38;5;009m[ERROR]: [0mThis is a error message from thread 2618-09-2026 00:29:34 [38;5;015m[INFO]: [0mThis is a info message from thread 1218-09-2026 00:29:34 [38;5;117m[DEBUG]: [0mThis is a debug message from thread 1818-09-2026 00:29:34 [38;5;015m[INFO]: [0mThis is a info message from thread 2718-09-2026 00:29:34 [38;5;117m[DEBUG]: [0mThis is a debug message from thread 918-09-2026 00:29:34 [38;5;015m[INFO]: [0mThis is a info message from thread 1818-09-2026 00:29:34 [38;5;117m[DEBUG]: [0mThis is a debug message from thread 2818-09-2026 00:29:34 [38;5;009m[ERROR]: [0mThis is a error message from thread 1318-09-2026 00:29:34 [38;5;015m[INFO]: [0mThis is a info message from thread 2818-09-2026 00:29:34 [38;5;009m[ERROR]: [0mThis is a error message from thread 1218-09-2026 00:29:34 [38;5;117m[DEBUG]: [0mThis is a debug message from thread 118-09-2026 00:29:34 [38;5;009m[ERROR]: [0mThis is a error message from thread 2818-09-2026 00:29:34 [38;5;015m[INFO]: [0mThis is a info message from thread 918-09-2026 00:29:34 [38;5;015m[INFO]: [0mThis is a info message from thread 2518-09-2026 00:29:34 [38;5;117m[DEBUG]: [0mThis is a debug message from thread 1318-09-2026 00:29:34 [38;5;117m[DEBUG]: [0mThis is a debug message from thread 2418-09-2026 00:29:34 [38;5;009m[ERROR]: [0mThis is a error message from thread 1718-09-2026 00:29:34 [38;5;117m[DEBUG]: [0mThis is a debug message from thread 1418-09-2026 00:29:34 [38;5;009m[ERROR]: [0mThis is a error message from thread 918-09-2026 00:29:34 [38;5;009m[ERROR]: [0mThis is a error message from thread 818-09-2026 00:29:34 [38;5;015m[INFO]: [0mThis is a info message from thread 118-09-2026 00:29:34 [38;5;117m[DEBUG]: [0mThis is a debug message from thread 918-09-2026 00:29:34 [38;5;009m[ERROR]: [0mThis is a error message from thread 1818-09-2026 00:29:34 [38;5;015m[INFO]: [0mThis is a info message from thread 918-09-2026 00:29:34 [38;5;009m[ERROR]: [0mThis is a error message from thread 118-09-2026 00:29:34 [38;5;015m[INFO]: [0mThis is a info message from thread 1618-09-2026 00:29:34 [38;5;015m[INFO]: [0mThis is a info message from thread 1518-09-2026 00:29:34 [38;5;015m[INFO]: [0mThis is a info message from thread 1418-09-2026 00:29:34 [38;5;015m[INFO]: [0mThis is a info message from thread 518-09-2026 00:29:34 [38;5;015m[INFO]: [0mThis is a info message from thread 1018-09-2026 00:29:34 [38;5;009m[ERROR]: [0mThis is a error message from thread 1518-09-2026 00:29:34 [38;5;015m[INFO]: [0mThis is a info message from thread 2318-09-2026 00:29:34 [38;5;015m[INFO]: [0mThis is a info message from thread 418-09-2026 00:29:34 [38;5;117m[DEBUG]: [0mThis is a debug message from thread 1518-09-2026 00:29:34 [38;5;117m[DEBUG]: [0mThis is a debug message from thread 1218-09-2026 00:29:34 [38;5;117m[DEBUG]: [0mThis is a debug message from thread 2118-09-2026 00:29:34 [38;5;117m[DEBUG]: [0mThis is a debug message from thread 1718-09-2026 00:29:34 [38;5;117m[DEBUG]: [0mThis is a debug message from thread 2818-09-2026 00:29:34 [38;5;015m[INFO]: [0mThis is a info message from thread 2118-09-2026 00:29:34 [38;5;009m[ERROR]: [0mThis is a error message from thread 2318-09-2026 00:29:34 [38;5;009m[ERROR]: [0mThis is a error message from thread 2118-09-2026 00:29:34 [38;5;015m[INFO]: [0mThis is a info message from thread 2818-09-2026 00:29:34 [38;5;117m[DEBUG]: [0mThis is a debug message from thread 1118-09-2026 00:29:34 [38;5;009m[ERROR]: [0mThis is a error message from thread 418-09-2026 00:29:34 [38;5;015m[INFO]: [0mThis is a info message from thread 1218-09-2026 00:29:34 [38;5;009m[ERROR]: [0mThis is a error message from thread 1918-09-2026 00:29:34 [38;5;015m[INFO]: [0mThis is a info message from thread 1518-09-2026 00:29:34 [38;5;117m[DEBUG]: [0mThis is a debug message from thread 2318-09-2026 00:29:34 [38;5;009m[ERROR]: [0mThis is a error message from thread 2818-09-2026 00:29:34 [38;5;009m[ERROR]: [0mThis is a error message from thread 2218-09-2026 00:29:34 [38;5;117m[DEBUG]: [0mThis is a debug message from thread 1818-09-2026 00:29:34 [38;5;117m[DEBUG]: [0mThis is a debug message from thread 2918-09-2026 00:29:34 [38;5;009m[ERROR]: [0mThis is a error message from thread 1218-09-2026 00:29:34 [38;5;015m[INFO]: [0mThis is a info message from thread 1818-09-2026 00:29:34 [38;5;009m[ERROR]: [0mThis is a error message from thread 518-09-2026 00:29:34 [38;5;009m[ERROR]: [0mThis is a error message from thread 1518-09-2026 00:29:34 [38;5;117m[DEBUG]: [0mThis is a debug message from thread 1218-09-2026 00:29:34 [38;5;009m[ERROR]: [0mThis is a error message from thread 2018-09-2026 00:29:34 [38;5;009m[ERROR]: [0mThis is a error message from thread 2718-09-2026 00:29:34 [38;5;117m[DEBUG]: [0mThis is a debug message from thread 2018-09-2026 00:29:34 [38;5;117m[DEBUG]: [0mThis is a debug message from thread 2618-09-2026 00:29:34 [38;5;015m[INFO]: [0mThis is a info message from thread 1318-09-2026 00:29:34 [38;5;117m[DEBUG]: [0mThis is a debug message from thread 2218-09-2026 00:29:34 [38;5;117m[DEBUG]: [0mThis is a debug message from thread 018-09-2026 00:29:34 [38;5;117m[DEBUG]: [0mThis is a debug message from thread 1518-09-2026 00:29:34 [38;5;015m[INFO]: [0mThis is a info message from thread 2618-09-2026 00:29:34 [38;5;009m[ERROR]: [0mThis is a error message from thread 2618-09-2026 00:29:34 [38;5;015m[INFO]: [0mThis is a info message from thread 1218-09-2026 00:29:34 [38;5;117m[DEBUG]: [0mThis is a debug message from thread 2818-09-2026 00:29:34 [38;5;015m[INFO]: [0mThis is a info message from thread 1518-09-2026 00:29:34 [38;5;009m[ERROR]: [0mThis is a error message from thread 1318-09-2026 00:29:34 [38;5;009m[ERROR]: [0mThis is a error message from thread 918-09-2026 00:29:34 [38;5;015m[INFO]: [0mThis is a info message from thread 718-09-2026 00:29:34 [38;5;117m[DEBUG]: [0mThis is a debug message from thread 1318-09-2026 00:29:34 [38;5;009m[ERROR]: [0mThis is a error message from thread 2518-09-2026 00:29:34 [38;5;015m[INFO]: [0mThis is a info message from thread 2418-09-2026 00:29:34 [38;5;117m[DEBUG]: [0mThis is a debug message from thread 118-09-2026 00:29:34 [38;5;117m[DEBUG]: [0mThis is a debug message from thread 2718-09-2026 00:29:34 [38;5;015m[INFO]: [0mThis is a info message from thread 2218-09-2026 00:29:34 [38;5;117m[DEBUG]: [0mThis is a debug message from thread 2518-09-2026 00:29:34 [38;5;015m[INFO]: [0mThis is a info message from thread 018-09-2026 00:29:34 [38;5;117m[DEBUG]: [0mThis is a debug message from thread 2118-09-2026 00:29:34 [38;5;117m[DEBUG]: [0mThis is a debug message from thread 518-09-2026 00:29:34 [38;5;117m[DEBUG]: [0mThis is a debug message from thread 418-09-2026 00:29:34 [38;5;009m[ERROR]: [0mThis is a error message from thread 218-09-2026 00:29:34 [38;5;117m[DEBUG]: [0mThis is a debug message from thread 1918-09-2026 00:29:34 [38;5;009m[ERROR]: [0mThis is a error message from thread 2218-09-2026 00:29:34 [38;5;009m[ERROR]: [0mThis is a error message from thread 1518-09-2026 00:29:34 [38;5;015m[INFO]: [0mThis is a info message from thread 2918-09-2026 00:29:34 [38;5;015m[INFO]: [0mThis is a info message from thread 2118-09-2026 00:29:34 [38;5;009m[ERROR]: [0mThis is a error message from thread 018-09-2026 00:29:34 [38;5;015m[INFO]: [0mThis is a info message from thread 2018-09-2026 00:29:34 [38;5;117m[DEBUG]: [0mThis is a debug message from thread 918-09-2026 00:29:34 [38;5;009m[ERROR]: [0mThis is a error message from thread 1218-09-2026 00:29:34 [38;5;015m[INFO]: [0mThis is a info message from thread 418-09-2026 00:29:34 [38;5;117m[DEBUG]: [0mThis is a debug message from thread 1518-09-2026 00:29:34 [38;5;009m[ERROR]: [0mThis is a error message from thread 2118-09-2026 00:29:34 [38;5;015m[INFO]: [0mThis is a info message from thread 118-09-2026 00:29:34 [38;5;009m[ERROR]: [0mThis is a error message from thread 2018-09-2026 00:29:34 [38;5;117m[DEBUG]: [0mThis is a debug message from thread 2118-09-2026 00:29:34 [38;5;009m[ERROR]: [0mThis is a error message from thread 418-09-2026 00:29:34 [38;5;117m[DEBUG]: [0mThis is a debug message from thread 1218-09-2026 00:29:34 [38;5;117m[DEBUG]: [0mThis is a debug message from thread 418-09-2026 00:29:34 [38;5;015m[INFO]: [0mThis is a info message from thread 2518-09-2026 00:29:34 [38;5;015m[INFO]: [0mThis is a info message from thread 2318-09-2026 00:29:34 [38;5;015m[INFO]: [0mThis is a info message from thread 1918-09-2026 00:29:34 [38;5;015m[INFO]: [0mThis is a info message from thread 1718-09-2026 00:29:34 [38;5;117m[DEBUG]: [0mThis is a debug message from thread 2218-09-2026 00:29:34 [38;5;117m[DEBUG]: [0mThis is a debug message from thread 2018-09-2026 00:29:34 [38;5;009m[ERROR]: [0mThis is a error message from thread 2418-09-2026 00:29:34 [38;5;015m[INFO]: [0mThis is a info message from thread 1118-09-2026 00:29:34 [38;5;009m[ERROR]: [0mThis is a error message from thread 2318-09-2026 00:29:34 [38;5;117m[DEBUG]: [0mThis is a debug message from thread 818-09-2026 00:29:34 [38;5;015m[INFO]: [0mThis is a info message from thread 618-09-2026 00:29:34 [38;5;015m[INFO]: [0mThis is a info message from thread 1218-09-2026 00:29:34 [38;5;015m[INFO]: [0mThis is a info message from thread 2818-09-2026 00:29:34 [38;5;009m[ERROR]: [0mThis is a error message from thread 1618-09-2026 00:29:34 [38;5;009m[ERROR]: [0mThis is a error message from thread 2918-09-2026 00:29:34 [38;5;009m[ERROR]: [0mThis is a error message from thread 1218-09-2026 00:29:34 [38;5;009m[ERROR]: [0mThis is a error message from thread 1118-09-2026 00:29:34 [38;5;015m[INFO]: [0mThis is a info message from thread 2218-09-2026 00:29:34 [38;5;009m[ERROR]: [0mThis is a error message from thread 118-09-2026 00:29:34 [38;5;015m[INFO]: [0mThis is a info message from thread 918-09-2026 00:29:34 [38;5;117m[DEBUG]: [0mThis is a debug message from thread 2418-09-2026 00:29:34 [38;5;117m[DEBUG]: [0mThis is a debug message from thread 218-09-2026 00:29:34 [38;5;015m[INFO]: [0mThis is a info message from thread 318-09-2026 00:29:34 [38;5;015m[INFO]: [0mThis is a info message from thread 2718-09-2026 00:29:34 [38;5;117m[DEBUG]: [0mThis is a debug message from thread 1218-09-2026 00:29:34 [38;5;009m[ERROR]: [0mThis is a error message from thread 618-09-2026 00:29:34 [38;5;015m[INFO]: [0mThis is a info message from thread 418-09-2026 00:29:34 [38;5;009m[ERROR]: [0mThis is a error message from thread 918-09-2026 00:29:34 [38;5;009m[ERROR]: [0mThis is a error message from thread 318-09-2026 00:29:34 [38;5;015m[INFO]: [0mThis is a info message from thread 518-09-2026 00:29:34 [38;5;009m[ERROR]: [0mThis is a error message from thread 2218-09-2026 00:29:34 [38;5;009m[ERROR]: [0mThis is a error message from thread 2718-09-2026 00:29:34 [38;5;117m[DEBUG]: [0mThis is a debug message from thread 118-09-2026 00:29:34 [38;5;015m[INFO]: [0mThis is a info message from thread 2018-09-2026 00:29:34 [38;5;009m[ERROR]: [0mThis is a error message from thread 1918-09-2026 00:29:34 [38;5;009m[ERROR]: [0mThis is a error message from thread 2818-09-2026 00:29:34 [38;5;117m[DEBUG]: [0mThis is a debug message from thread 2618-09-2026 00:29:34 [38;5;009m[ERROR]: [0mThis is a error message from thread 2518-09-2026 00:29:34 [38;5;009m[ERROR]: [0mThis is a error message from thread 1418-09-2026 00:29:34 [38;5;009m[ERROR]: [0mThis is a error message from thread 1018-09-2026 00:29:34 [38;5;015m[INFO]: [0mThis is a info message from thread 818-09-2026 00:29:34 [38;5;015m[INFO]: [0mThis is a info message from thread 118-09-2026 00:29:34 [38;5;117m[DEBUG]: [0mThis is a debug message from thread 618-09-2026 00:29:34 [38;5;009m[ERROR]: [0mThis is a error message from thread 118-09-2026 00:29:34 [38;5;117m[DEBUG]: [0mThis is a debug message from thread 1918-09-2026 00:29:34 [38;5;009m[ERROR]: [0mThis is a error message from thread 818-09-2026 00:29:34 [38;5;117m[DEBUG]: [0mThis is a debug message from thread 1018-09-2026 00:29:34 [38;5;015m[INFO]: [0mThis is a info message from thread 1218-09-2026 00:29:34 [38;5;117m[DEBUG]: [0mThis is a debug message from thread 1418-09-2026 00:29:34 [38;5;015m[INFO]: [0mThis is a info message from thread 1318-09-2026 00:29:34 [38;5;117m[DEBUG]: [0mThis is a debug message from thread 1618-09-2026 00:29:34 [38;5;015m[INFO]: [0mThis is a info message from thread 2418-09-2026 00:29:34 [38;5;117m[DEBUG]: [0mThis is a debug message from thread 2718-09-2026 00:29:34 [38;5;117m[DEBUG]: [0mThis is a debug message from thread 818-09-2026 00:29:34 [38;5;015m[INFO]: [0mThis is a info message from thread 1418-09-2026 00:29:34 [38;5;015m[INFO]: [0mThis is a info message from thread 1918-09-2026 00:29:34 [38;5;009m[ERROR]: [0mThis is a error message from thread 1718-09-2026 00:29:34 [38;5;015m[INFO]: [0mThis is a info message from thread 1618-09-2026 00:29:34 [38;5;009m[ERROR]: [0mThis is a error message from thread 1318-09-2026 00:29:34 [38;5;117m[DEBUG]: [0mThis is a debug message from thread 1718-09-2026 00:29:34 [38;5;009m[ERROR]: [0mThis is a error message from thread 1418-09-2026 00:29:34 [38;5;117m[DEBUG]: [0mThis is a debug message from thread 118-09-2026 00:29:34 [38;5;117m[DEBUG]: [0mThis is a debug message from thread 318-09-2026 00:29:34 [38;5;117m[DEBUG]: [0mThis is a debug message from thread 2318-09-2026 00:29:34 [38;5;009m[ERROR]: [0mThis is a error message from thread 1618-09-2026 00:29:34 [38;5;015m[INFO]: [0mThis is a info message from thread 2118-09-2026 00:29:34 [38;5;015m[INFO]: [0mThis is a info message from thread 118-09-2026 00:29:34 [38;5;117m[DEBUG]: [0mThis is a debug message from thread 1418-09-2026 00:29:34 [38;5;117m[DEBUG]: [0mThis is a debug message from thread 2518-09-2026 00:29:34 [38;5;117m[DEBUG]: [0mThis is a debug message from thread 1618-09-2026 00:29:34 [38;5;117m[DEBUG]: [0mThis is a debug message from thread 1318-09-2026 00:29:34 [38;5;015m[INFO]: [0mThis is a info message from thread 2518-09-2026 00:29:34 [38;5;009m[ERROR]: [0mThis is a error message from thread 2118-09-2026 00:29:34 [38;5;009m[ERROR]: [0mThis is a error message from thread 518-09-2026 00:29:34 [38;5;009m[ERROR]: [0mThis is a error message from thread 418-09-2026 00:29:34 [38;5;015m[INFO]: [0mThis is a info message from thread 1318-09-2026 00:29:34 [38;5;015m[INFO]: [0mThis is a info message from thread 218-09-2026 00:29:34 [38;5;117m[DEBUG]: [0mThis is a debug message from thread 518-09-2026 00:29:34 [38;5;009m[ERROR]: [0mThis is a error message from thread 2518-09-2026 00:29:34 [38;5;009m[ERROR]: [0mThis is a error message from thread 1318-09-2026 00:29:34 [38;5;009m[ERROR]: [0mThis is a error message from thread 1818-09-2026 00:29:34 [38;5;015m[INFO]: [0mThis is a info message from thread 2618-09-2026 00:29:34 [38;5;117m[DEBUG]: [0mThis is a debug message from thread 1118-09-2026 00:29:34 [38;5;009m[ERROR]: [0mThis is a error message from thread 2618-09-2026 00:29:34 [38;5;015m[INFO]: [0mThis is a info message from thread 1118-09-2026 00:29:34 [38;5;117m[DEBUG]: [0mThis is a debug message from thread 1318-09-2026 00:29:34 [38;5;015m[INFO]: [0mThis is a info message from thread 518-09-2026 00:29:34 [38;5;117m[DEBUG]: [0mThis is a debug message from thread 1818-09-2026 00:29:34 [38;5;117m[DEBUG]: [0mThis is a debug message from thread 2818-09-2026 00:29:34 [38;5;117m[DEBUG]: [0mThis is a debug message from thread 2218-09-2026 00:29:34 [38;5;015m[INFO]: [0mThis is a info message from thread 618-09-2026 00:29:34 [38;5;117m[DEBUG]: [0mThis is a debug message from thread 018-09-2026 00:29:34 [38;5;009m[ERROR]: [0mThis is a error message from thread 218-09-2026 00:29:34 [38;5;009m[ERROR]: [0mThis is a error message from thread 2018-09-2026 00:29:34 [38;5;117m[DEBUG]: [0mThis is a debug message from thread 2918-09-2026 00:29:34 [38;5;015m[INFO]: [0mThis is a info message from thread 1518-09-2026 00:29:34 [38;5;009m[ERROR]: [0mThis is a error message from thread 518-09-2026 00:29:34 [38;5;009m[ERROR]: [0mThis is a error message from thread 1218-09-2026 00:29:34 [38;5;015m[INFO]: [0mThis is a info message from thread 318-09-2026 00:29:34 [38;5;009m[ERROR]: [0mThis is a error message from thread 2418-09-2026 00:29:34 [38;5;009m[ERROR]: [0mThis is a error message from thread 718-09-2026 00:29:34 [38;5;009m[ERROR]: [0mThis is a error message from thread 1518-09-2026 00:29:34 [38;5;117m[DEBUG]: [0mThis is a debug message from thread 518-09-2026 00:29:34 [38;5;015m[INFO]: [0mThis is a info message from thread 2818-09-2026 00:29:34 [38;5;015m[INFO]: [0mThis is a info message from thread 2918-09-2026 00:29:34 [38;5;009m[ERROR]: [0mThis is a error message from thread 2818-09-2026 00:29:34 [38;5;009m[ERROR]: [0mThis is a error message from thread 618-09-2026 00:29:34 [38;5;015m[INFO]: [0mThis is a info message from thread 518-09-2026 00:29:34 [38;5;009m[ERROR]: [0mThis is a error message from thread 1118-09-2026 00:29:34 [38;5;117m[DEBUG]: [0mThis is a debug message from thread 2818-09-2026 00:29:34 [38;5;009m[ERROR]: [0mThis is a error message from thread 2918-09-2026 00:29:34 [38;5;117m[DEBUG]: [0mThis is a debug message from thread 2918-09-2026 00:29:34 [38;5;117m[DEBUG]: [0mThis is a debug message from thread 718-09-2026 00:29:34 [38;5;117m[DEBUG]: [0mThis is a debug message from thread 1118-09-2026 00:29:34 [38;5;015m[INFO]: [0mThis is a info message from thread 2218-09-2026 00:29:34 [38;5;015m[INFO]: [0mThis is a info message from thread 2818-09-2026 00:29:34 [38;5;117m[DEBUG]: [0mThis is a debug message from thread 1518-09-2026 00:29:34 [38;5;015m[INFO]: [0mThis is a info message from thread 2318-09-2026 00:29:34 [38;5;015m[INFO]: [0mThis is a info message from thread 1418-09-2026 00:29:34 [38;5;117m[DEBUG]: [0mThis is a debug message from thread 618-09-2026 00:29:34 [38;5;009m[ERROR]: [0mThis is a error message from thread 1418-09-2026 00:29:34 [38;5;015m[INFO]: [0mThis is a info message from thread 1718-09-2026 00:29:34 [38;5;117m[DEBUG]: [0mThis is a debug message from thread 2418-09-2026 00:29:34 [38;5;009m[ERROR]: [0mThis is a error message from thread 118-09-2026 00:29:34 [38;5;015m[INFO]: [0mThis is a info message from thread 1018-09-2026 00:29:34 [38;5;009m[ERROR]: [0mThis is a error message from thread 318-09-2026 00:29:34 [38;5;009m[ERROR]: [0mThis is a error message from thread 2318-09-2026 00:29:34 [38;5;009m[ERROR]: [0mThis is a error message from thread 1718-09-2026 00:29:34 [38;5;015m[INFO]: [0mThis is a info message from thread 018-09-2026 00:29:34 [38;5;117m[DEBUG]: [0mThis is a debug message from thread 918-09-2026 00:29:34 [38;5;009m[ERROR]: [0mThis is a error message from thread 1018-09-2026 00:29:34 [38;5;117m[DEBUG]: [0mThis is a debug message from thread 1218-09-2026 00:29:34 [38;5;015m[INFO]: [0mThis is a info message from thread 2718-09-2026 00:29:34 [38;5;015m[INFO]: [0mThis is a info message from thread 1218-09-2026 00:29:34 [38;5;117m[DEBUG]: [0mThis is a debug message from thread 318-09-2026 00:29:34 [38;5;015m[INFO]: [0mThis is a info message from thread 1118-09-2026 00:29:34 [38;5;009m[ERROR]: [0mThis is a error message from thread 2218-09-2026 00:29:34 [38;5;009m[ERROR]: [0mThis is a error message from thread 2718-09-2026 00:29:34 [38;5;117m[DEBUG]: [0mThis is a debug message from thread 218-09-2026 00:29:34 [38;5;009m[ERROR]: [0mThis is a error message from thread 1118-09-2026 00:29:34 [38;5;117m[DEBUG]: [0mThis is a debug message from thread 1018-09-2026 00:29:34 [38;5;117m[DEBUG]: [0mThis is a debug message from thread 1118-09-2026 00:29:34 [38;5;015m[INFO]: [0mThis is a info message from thread 318-09-2026 00:29:34 [38;5;009m[ERROR]: [0mThis is a error message from thread 1218-09-2026 00:29:34 [38;5;117m[DEBUG]: [0mThis is a debug message from thread 1718-09-2026 00:29:34 [38;5;015m[INFO]: [0mThis is a info message from thread 918-09-2026 00:29:34 [38;5;015m[INFO]: [0mThis is a info message from thread 1718-09-2026 00:29:34 [38;5;117m[DEBUG]: [0mThis is a debug message from thread 2718-09-2026 00:29:34 [38;5;015m[INFO]: [0mThis is a info message from thread 1118-09-2026 00:29:34 [38;5;009m[ERROR]: [0mThis is a error message from thread 318-09-2026 00:29:34 [38;5;009m[ERROR]: [0mThis is a error message from thread 1118-09-2026 00:29:34 [38;5;015m[INFO]: [0mThis is a info message from thread 1018-09-2026 00:29:34 [38;5;009m[ERROR]: [0mThis is a error message from thread 1018-09-2026 00:29:34 [38;5;117m[DEBUG]: [0mThis is a debug message from thread 1018-09-2026 00:29:34 [38;5;117m[DEBUG]: [0mThis is a debug message from thread 1418-09-2026 00:29:34 [38;5;117m[DEBUG]: [0mThis is a debug message from thread 2318-09-2026 00:29:34 [38;5;117m[DEBUG]: [0mThis is a debug message from thread 1118-09-2026 00:29:34 [38;5;015m[INFO]: [0mThis is a info message from thread 1618-09-2026 00:29:34 [38;5;015m[INFO]: [0mThis is a info message from thread 2718-09-2026 00:29:34 [38;5;117m[DEBUG]: [0mThis is a debug message from thread 1218-09-2026 00:29:34 [38;5;009m[ERROR]: [0mThis is a error message from thread 1618-09-2026 00:29:34 [38;5;117m[DEBUG]: [0mThis is a debug message from thread 418-09-2026 00:29:34 [38;5;015m[INFO]: [0mThis is a info message from thread 1018-09-2026 00:29:34 [38;5;009m[ERROR]: [0mThis is a error message from thread 1018-09-2026 00:29:34 [38;5;015m[INFO]: [0mThis is a info message from thread 1418-09-2026 00:29:34 [38;5;015m[INFO]: [0mThis is a info message from thread 2318-09-2026 00:29:34 [38;5;009m[ERROR]: [0mThis is a error message from thread 1718-09-2026 00:29:34 [38;5;009m[ERROR]: [0mThis is a error message from thread 2318-09-2026 00:29:34 [38;5;015m[INFO]: [0mThis is a info message from thread 1218-09-2026 00:29:34 [38;5;009m[ERROR]: [0mThis is a error message from thread 918-09-2026 00:29:34 [38;5;009m[ERROR]: [0mThis is a error message from thread 1418-09-2026 00:29:34 [38;5;009m[ERROR]: [0mThis is a error message from thread 2718-09-2026 00:29:34 [38;5;009m[ERROR]: [0mThis is a error message from thread 1218-09-2026 00:29:34 [38;5;015m[INFO]: [0mThis is a info message from thread 418-09-2026 00:29:34 [38;5;117m[DEBUG]: [0mThis is a debug message from thread 1618-09-2026 00:29:34 [38;5;009m[ERROR]: [0mThis is a error message from thread 418-09-2026 00:29:34 [38;5;117m[DEBUG]: [0mThis is a debug message from thread 1718-09-2026 00:29:34 [38;5;015m[INFO]: [0mThis is a info message from thread 2418-09-2026 00:29:34 [38;5;117m[DEBUG]: [0mThis is a debug message from thread 2318-09-2026 00:29:34 [38;5;015m[INFO]: [0mThis is a info message from thread 2318-09-2026 00:29:34 [38;5;117m[DEBUG]: [0mThis is a debug message from thread 918-09-2026 00:29:34 [38;5;117m[DEBUG]: [0mThis is a debug message from thread 1218-09-2026 00:29:34 [38;5;015m[INFO]: [0mThis is a info message from thread 1718-09-2026 00:29:34 [38;5;009m[ERROR]: [0mThis is a error message from thread 2318-09-2026 00:29:34 [38;5;117m[DEBUG]: [0mThis is a debug message from thread 418-09-2026 00:29:34 [38;5;117m[DEBUG]: [0mThis is a debug message from thread 2518-09-2026 00:29:34 [38;5;009m[ERROR]: [0mThis is a error message from thread 2418-09-2026 00:29:34 [38;5;015m[INFO]: [0mThis is a info message from thread 2518-09-2026 00:29:34 [38;5;015m[INFO]: [0mThis is a info message from thread 918-09-2026 00:29:34 [38;5;009m[ERROR]: [0mThis is a error message from thread 2518-09-2026 00:29:34 [38;5;015m[INFO]: [0mThis is a info message from thread 1618-09-2026 00:29:34 [38;5;117m[DEBUG]: [0mThis is a debug message from thread 2518-09-2026 00:29:34 [38;5;117m[DEBUG]: [0mThis is a debug message from thread 2318-09-2026 00:29:34 [38;5;117m[DEBUG]: [0mThis is a debug message from thread 2618-09-2026 00:29:34 [38;5;015m[INFO]: [0mThis is a info message from thread 2318-09-2026 00:29:34 [38;5;117m[DEBUG]: [0mThis is a debug message from thread 1018-09-2026 00:29:34 [38;5;015m[INFO]: [0mThis is a info message from thread 1218-09-2026 00:29:34 [38;5;009m[ERROR]: [0mThis is a error message from thread 1618-09-2026 00:29:34 [38;5;015m[INFO]: [0mThis is a info message from thread 1818-09-2026 00:29:34 [38;5;117m[DEBUG]: [0mThis is a debug message from thread 1618-09-2026 00:29:34 [38;5;117m[DEBUG]: [0mThis is a debug message from thread 318-09-2026 00:29:34 [38;5;117m[DEBUG]: [0mThis is a debug message from thread 2218-09-2026 00:29:34 [38;5;015m[INFO]: [0mThis is a info message from thread 2518-09-2026 00:29:34 [38;5;009m[ERROR]: [0mThis is a error message from thread 518-09-2026 00:29:34 [38;5;015m[INFO]: [0mThis is a info message from thread 2618-09-2026 00:29:34 [38;5;117m[DEBUG]: [0mThis is a debug message from thread 518-09-2026 00:29:34 [38;5;015m[INFO]: [0mThis is a info message from thread 1018-09-2026 00:29:34 [38;5;015m[INFO]: [0mThis is a info message from thread 1118-09-2026 00:29:34 [38;5;015m[INFO]: [0mThis is a info message from thread 518-09-2026 00:29:34 [38;5;015m[INFO]: [0mThis is a info message from thread 718-09-2026 00:29:34 [38;5;009m[ERROR]: [0mThis is a error message from thread 1118-09-2026 00:29:34 [38;5;015m[INFO]: [0mThis is a info message from thread 1618-09-2026 00:29:34 [38;5;117m[DEBUG]: [0mThis is a debug message from thread 1418-09-2026 00:29:34 [38;5;015m[INFO]: [0mThis is a info message from thread 1418-09-2026 00:29:34 [38;5;009m[ERROR]: [0mThis is a error message from thread 1818-09-2026 00:29:34 [38;5;009m[ERROR]: [0mThis is a error message from thread 1418-09-2026 00:29:34 [38;5;009m[ERROR]: [0mThis is a error message from thread 518-09-2026 00:29:34 [38;5;009m[ERROR]: [0mThis is a error message from thread 2618-09-2026 00:29:34 [38;5;117m[DEBUG]: [0mThis is a debug message from thread 1818-09-2026 00:29:34 [38;5;009m[ERROR]: [0mThis is a error message from thread 718-09-2026 00:29:34 [38;5;117m[DEBUG]: [0mThis is a debug message from thread 2418-09-2026 00:29:34 [38;5;117m[DEBUG]: [0mThis is a debug message from thread 1118-09-2026 00:29:34 [38;5;015m[INFO]: [0mThis is a info message from thread 2918-09-2026 00:29:34 [38;5;015m[INFO]: [0mThis is a info message from thread 2418-09-2026 00:29:34 [38;5;009m[ERROR]: [0mThis is a error message from thread 2818-09-2026 00:29:34 [38;5;009m[ERROR]: [0mThis is a error message from thread 1918-09-2026 00:29:34 [38;5;015m[INFO]: [0mThis is a info message from thread 318-09-2026 00:29:34 [38;5;009m[ERROR]: [0mThis is a error message from thread 1618-09-2026 00:29:34 [38;5;117m[DEBUG]: [0mThis is a debug message from thread 718-09-2026 00:29:34 [38;5;117m[DEBUG]: [0mThis is a debug message from thread 118-09-2026 00:29:34 [38;5;009m[ERROR]: [0mThis is a error message from thread 2418-09-2026 00:29:34 [38;5;117m[DEBUG]: [0mThis is a debug message from thread 2818-09-2026 00:29:34 [38;5;009m[ERROR]: [0mThis is a error message from thread 318-09-2026 00:29:34 [38;5;009m[ERROR]: [0mThis is a error message from thread 1018-09-2026 00:29:34 [38;5;015m[INFO]: [0mThis is a info message from thread 2818-09-2026 00:29:34 [38;5;117m[DEBUG]: [0mThis is a debug message from thread 1618-09-2026 00:29:34 [38;5;015m[INFO]: [0mThis is a info message from thread 2218-09-2026 00:29:34 [38;5;117m[DEBUG]: [0mThis is a debug message from thread 2418-09-2026 00:29:34 [38;5;009m[ERROR]: [0mThis is a error message from thread 2318-09-2026 00:29:34 [38;5;015m[INFO]: [0mThis is a info message from thread 118-09-2026 00:29:34 [38;5;015m[INFO]: [0mThis is a info message from thread 618-09-2026 00:29:34 [38;5;015m[INFO]: [0mThis is a info message from thread 2418-09-2026 00:29:34 [38;5;117m[DEBUG]: [0mThis is a debug message from thread 2318-09-2026 00:29:34 [38;5;009m[ERROR]: [0mThis is a error message from thread 2218-09-2026 00:29:34 [38;5;009m[ERROR]: [0mThis is a error message from thread 2418-09-2026 00:29:34 [38;5;015m[INFO]: [0mThis is a info message from thread 2318-09-2026 00:29:34 [38;5;015m[INFO]: [0mThis is a info message from thread 1518-09-2026 00:29:34 [38;5;117m[DEBUG]: [0mThis is a debug message from thread 2618-09-2026 00:29:34 [38;5;117m[DEBUG]: [0mThis is a debug message from thread 2218-09-2026 00:29:34 [38;5;117m[DEBUG]: [0mThis is a debug message from thread 2718-09-2026 00:29:34 [38;5;009m[ERROR]: [0mThis is a error message from thread 918-09-2026 00:29:34 [38;5;009m[ERROR]: [0mThis is a error message from thread 618-09-2026 00:29:34 [38;5;009m[ERROR]: [0mThis is a error message from thread 1518-09-2026 00:29:34 [38;5;015m[INFO]: [0mThis is a info message from thread 2618-09-2026 00:29:34 [38;5;009m[ERROR]: [0mThis is a error message from thread 1218-09-2026 00:29:34 [38;5;015m[INFO]: [0mThis is a info message from thread 2218-09-2026 00:29:34 [38;5;009m[ERROR]: [0mThis is a error message from thread 2618-09-2026 00:29:34 [38;5;117m[DEBUG]: [0mThis is a debug message from thread 1218-09-2026 00:29:34 [38;5;117m[DEBUG]: [0mThis is a debug message from thread 1518-09-2026 00:29:34 [38;5;015m[INFO]: [0mThis is a info message from thread 2718-09-2026 00:29:34 [38;5;015m[INFO]: [0mThis is a info message from thread 1518-09-2026 00:29:34 [38;5;117m[DEBUG]: [0mThis is a debug message from thread 2618-09-2026 00:29:34 [38;5;009m[ERROR]: [0mThis is a error message from thread 1518-09-2026 00:29:34 [38;5;015m[INFO]: [0mThis is a info message from thread 2618-09-2026 00:29:34 [38;5;015m[INFO]: [0mThis is a info message from thread 1218-09-2026 00:29:34 [38;5;117m[DEBUG]: [0mThis is a debug message from thread 1518-09-2026 00:29:34 [38;5;009m[ERROR]: [0mThis is a error message from thread 1218-09-2026 00:29:34 [38;5;009m[ERROR]: [0mThis is a error message from thread 2618-09-2026 00:29:34 [38;5;015m[INFO]: [0mThis is a info message from thread 1518-09-2026 00:29:34 [38;5;009m[ERROR]: [0mThis is a error message from thread 2218-09-2026 00:29:34 [38;5;117m[DEBUG]: [0mThis is a debug message from thread 2418-09-2026 00:29:34 [38;5;015m[INFO]: [0mThis is a info message from thread 1818-09-2026 00:29:34 [38;5;015m[INFO]: [0mThis is a info message from thread 1118-09-2026 00:29:34 [38;5;117m[DEBUG]: [0mThis is a debug message from thread 2118-09-2026 00:29:34 [38;5;117m[DEBUG]: [0mThis is a debug message from thread 518-09-2026 00:29:34 [38;5;117m[DEBUG]: [0mThis is a debug message from thread 1218-09-2026 00:29:34 [38;5;015m[INFO]: [0mThis is a info message from thread 2118-09-2026 00:29:34 [38;5;015m[INFO]: [0mThis is a info message from thread 518-09-2026 00:29:34 [38;5;009m[ERROR]: [0mThis is a error message from thread 1818-09-2026 00:29:34 [38;5;009m[ERROR]: [0mThis is a error message from thread 2518-09-2026 00:29:34 [38;5;015m[INFO]: [0mThis is a info message from thread 818-09-2026 00:29:34 [38;5;117m[DEBUG]: [0mThis is a debug message from thread 1418-09-2026 00:29:34 [38;5;015m[INFO]: [0mThis is a info message from thread 1218-09-2026 00:29:34 [38;5;015m[INFO]: [0mThis is a info message from thread 718-09-2026 00:29:34 [38;5;117m[DEBUG]: [0mThis is a debug message from thread 318-09-2026 00:29:34 [38;5;015m[INFO]: [0mThis is a info message from thread 1418-09-2026 00:29:34 [38;5;015m[INFO]: [0mThis is a info message from thread 318-09-2026 00:29:34 [38;5;009m[ERROR]: [0mThis is a error message from thread 1418-09-2026 00:29:34 [38;5;117m[DEBUG]: [0mThis is a debug message from thread 2518-09-2026 00:29:34 [38;5;009m[ERROR]: [0mThis is a error message from thread 318-09-2026 00:29:34 [38;5;009m[ERROR]: [0mThis is a error message from thread 718-09-2026 00:29:34 [38;5;015m[INFO]: [0mThis is a info message from thread 1618-09-2026 00:29:34 [38;5;117m[DEBUG]: [0mThis is a debug message from thread 1418-09-2026 00:29:34 [38;5;009m[ERROR]: [0mThis is a error message from thread 2818-09-2026 00:29:34 [38;5;117m[DEBUG]: [0mThis is a debug message from thread 1818-09-2026 00:29:34 [38;5;009m[ERROR]: [0mThis is a error message from thread 1718-09-2026 00:29:34 [38;5;117m[DEBUG]: [0mThis is a debug message from thread 318-09-2026 00:29:34 [38;5;009m[ERROR]: [0mThis is a error message from thread 1618-09-2026 00:29:34 [38;5;015m[INFO]: [0mThis is a info message from thread 2418-09-2026 00:29:34 [38;5;015m[INFO]: [0mThis is a info message from thread 2518-09-2026 00:29:34 [38;5;015m[INFO]: [0mThis is a info message from thread 1418-09-2026 00:29:34 [38;5;117m[DEBUG]: [0mThis is a debug message from thread 2818-09-2026 00:29:34 [38;5;015m[INFO]: [0mThis is a info message from thread 418-09-2026 00:29:34 [38;5;009m[ERROR]: [0mThis is a error message from thread 518-09-2026 00:29:34 [38;5;009m[ERROR]: [0mThis is a error message from thread 2118-09-2026 00:29:34 [38;5;117m[DEBUG]: [0mThis is a debug message from thread 1018-09-2026 00:29:34 [38;5;015m[INFO]: [0mThis is a info message from thread 1818-09-2026 00:29:34 [38;5;117m[DEBUG]: [0mThis is a debug message from thread 2618-09-2026 00:29:34 [38;5;009m[ERROR]: [0mThis is a error message from thread 818-09-2026 00:29:34 [38;5;009m[ERROR]: [0mThis is a error message from thread 2518-09-2026 00:29:34 [38;5;009m[ERROR]: [0mThis is a error message from thread 118-09-2026 00:29:34 [38;5;117m[DEBUG]: [0mThis is a debug message from thread 818-09-2026 00:29:34 [38;5;117m[DEBUG]: [0mThis is a debug message from thread 1718-09-2026 00:29:34 [38;5;009m[ERROR]: [0mThis is a error message from thread 1418-09-2026 00:29:34 [38;5;117m[DEBUG]: [0mThis is a debug message from thread 118-09-2026 00:29:34 [38;5;009m[ERROR]: [0mThis is a error message from thread 418-09-2026 00:29:34 [38;5;015m[INFO]: [0mThis is a info message from thread 818-09-2026 00:29:34 [38;5;015m[INFO]: [0mThis is a info message from thread 1318-09-2026 00:29:34 [38;5;015m[INFO]: [0mThis is a info message from thread 2818-09-2026 00:29:34 [38;5;009m[ERROR]: [0mThis is a error message from thread 2318-09-2026 00:29:34 [38;5;117m[DEBUG]: [0mThis is a debug message from thread 618-09-2026 00:29:34 [38;5;117m[DEBUG]: [0mThis is a debug message from thread 1618-09-2026 00:29:34 [38;5;015m[INFO]: [0mThis is a info message from thread 1018-09-2026 00:29:34 [38;5;117m[DEBUG]: [0mThis is a debug message from thread 418-09-2026 00:29:34 [38;5;015m[INFO]: [0mThis is a info message from thread 118-09-2026 00:29:34 [38;5;009m[ERROR]: [0mThis is a error message from thread 818-09-2026 00:29:34 [38;5;117m[DEBUG]: [0mThis is a debug message from thread 1418-09-2026 00:29:34 [38;5;009m[ERROR]: [0mThis is a error message from thread 118-09-2026 00:29:34 [38;5;009m[ERROR]: [0mThis is a error message from thread 1018-09-2026 00:29:34 [38;5;015m[INFO]: [0mThis is a info message from thread 618-09-2026 00:29:34 [38;5;117m[DEBUG]: [0mThis is a debug message from thread 818-09-2026 00:29:34 [38;5;009m[ERROR]: [0mThis is a error message from thread 2718-09-2026 00:29:34 [38;5;117m[DEBUG]: [0mThis is a debug message from thread 118-09-2026 00:29:34 [38;5;117m[DEBUG]: [0mThis is a debug message from thread 1018-09-2026 00:29:34 [38;5;015m[INFO]: [0mThis is a info message from thread 1718-09-2026 00:29:34 [38;5;009m[ERROR]: [0mThis is a error message from thread 1318-09-2026 00:29:34 [38;5;117m[DEBUG]: [0mThis is a debug message from thread 2318-09-2026 00:29:34 [38;5;015m[INFO]: [0mThis is a info message from thread 1418-09-2026 00:29:34 [38;5;009m[ERROR]: [0mThis is a error message from thread 1418-09-2026 00:29:34 [38;5;009m[ERROR]: [0mThis is a error message from thread 1718-09-2026 00:29:34 [38;5;009m[ERROR]: [0mThis is a error message from thread 2918-09-2026 00:29:34 [38;5;009m[ERROR]: [0mThis is a error message from thread 618-09-2026 00:29:34 [38;5;117m[DEBUG]: [0mThis is a debug message from thread 2218-09-2026 00:29:34 [38;5;117m[DEBUG]: [0mThis is a debug message from thread 518-09-2026 00:29:34 [38;5;009m[ERROR]: [0mThis is a error message from thread 1118-09-2026 00:29:34 [38;5;117m[DEBUG]: [0mThis is a debug message from thread 2718-09-2026 00:29:34 [38;5;117m[DEBUG]: [0mThis is a debug message from thread 2118-09-2026 00:29:34 [38;5;015m[INFO]: [0mThis is a info message from thread 218-09-2026 00:29:34 [38;5;009m[ERROR]: [0mThis is a error message from thread 1518-09-2026 00:29:34 [38;5;015m[INFO]: [0mThis is a info message from thread 2718-09-2026 00:29:34 [38;5;015m[INFO]: [0mThis is a info message from thread 2218-09-2026 00:29:34 [38;5;015m[INFO]: [0mThis is a info message from thread 2618-09-2026 00:29:34 [38;5;117m[DEBUG]: [0mThis is a debug message from thread 1118-09-2026 00:29:34 [38;5;117m[DEBUG]: [0mThis is a debug message from thread 1418-09-2026 00:29:34 [38;5;009m[ERROR]: [0mThis is a error message from thread 2818-09-2026 00:29:34 [38;5;117m[DEBUG]: [0mThis is a debug message from thread 2918-09-2026 00:29:34 [38;5;117m[DEBUG]: [0mThis is a debug message from thread 1718-09-2026 00:29:34 [38;5;015m[INFO]: [0mThis is a info message from thread 1118-09-2026 00:29:34 [38;5;009m[ERROR]: [0mThis is a error message from thread 2218-09-2026 00:29:34 [38;5;015m[INFO]: [0mThis is a info message from thread 1718-09-2026 00:29:34 [38;5;009m[ERROR]: [0mThis is a error message from thread 218-09-2026 00:29:34 [38;5;015m[INFO]: [0mThis is a info message from thread 2918-09-2026 00:29:34 [38;5;009m[ERROR]: [0mThis is a error message from thread 1118-09-2026 00:29:34 [38;5;015m[INFO]: [0mThis is a info message from thread 118-09-2026 00:29:34 [38;5;015m[INFO]: [0mThis is a info message from thread 1618-09-2026 00:29:34 [38;5;117m[DEBUG]: [0mThis is a debug message from thread 1518-09-2026 00:29:34 [38;5;117m[DEBUG]: [0mThis is a debug message from thread 2018-09-2026 00:29:34 [38;5;009m[ERROR]: [0mThis is a error message from thread 2718-09-2026 00:29:34 [38;5;117m[DEBUG]: [0mThis is a debug message from thread 218-09-2026 00:29:34 [38;5;117m[DEBUG]: [0mThis is a debug message from thread 2718-09-2026 00:29:34 [38;5;117m[DEBUG]: [0mThis is a debug message from thread 1118-09-2026 00:29:34 [38;5;015m[INFO]: [0mThis is a info message from thread 2018-09-2026 00:29:34 [38;5;009m[ERROR]: [0mThis is a error message from thread 2918-09-2026 00:29:34 [38;5;009m[ERROR]: [0mThis is a error message from thread 1718-09-2026 00:29:34 [38;5;009m[ERROR]: [0mThis is a error message from thread 1218-09-2026 00:29:34 [38;5;015m[INFO]: [0mThis is a info message from thread 1118-09-2026 00:29:34 [38;5;009m[ERROR]: [0mThis is a error message from thread 2618-09-2026 00:29:34 [38;5;009m[ERROR]: [0mThis is a error message from thread 1118-09-2026 00:29:34 [38;5;117m[DEBUG]: [0mThis is a debug message from thread 2818-09-2026 00:29:34 [38;5;015m[INFO]: [0mThis is a info message from thread 1518-09-2026 00:29:34 [38;5;117m[DEBUG]: [0mThis is a debug message from thread 1718-09-2026 00:29:34 [38;5;009m[ERROR]: [0mThis is a error message from thread 2418-09-2026 00:29:34 [38;5;009m[ERROR]: [0mThis is a error message from thread 118-09-2026 00:29:34 [38;5;009m[ERROR]: [0mThis is a error message from thread 1518-09-2026 00:29:34 [38;5;117m[DEBUG]: [0mThis is a debug message from thread 2918-09-2026 00:29:34 [38;5;117m[DEBUG]: [0mThis is a debug message from thread 718-09-2026 00:29:34 [38;5;117m[DEBUG]: [0mThis is a debug message from thread 2218-09-2026 00:29:34 [38;5;009m[ERROR]: [0mThis is a error message from thread 1618-09-2026 00:29:34 [38;5;117m[DEBUG]: [0mThis is a debug message from thread 618-09-2026 00:29:34 [38;5;009m[ERROR]: [0mThis is a error message from thread 1818-09-2026 00:29:34 [38;5;009m[ERROR]: [0mThis is a error message from thread 018-09-2026 00:29:34 [38;5;015m[INFO]: [0mThis is a info message from thread 2918-09-2026 00:29:34 [38;5;015m[INFO]: [0mThis is a info message from thread 2118-09-2026 00:29:34 [38;5;015m[INFO]: [0mThis is a info message from thread 418-09-2026 00:29:34 [38;5;015m[INFO]: [0mThis is a info message from thread 718-09-2026 00:29:34 [38;5;117m[DEBUG]: [0mThis is a debug message from thread 918-09-2026 00:29:34 [38;5;015m[INFO]: [0mThis is a info message from thread 1718-09-2026 00:29:34 [38;5;009m[ERROR]: [0mThis is a error message from thread 418-09-2026 00:29:34 [38;5;015m[INFO]: [0mThis is a info message from thread 618-09-2026 00:29:34 [38;5;117m[DEBUG]: [0mThis is a debug message from thread 118-09-2026 00:29:34 [38;5;117m[DEBUG]: [0mThis is a debug message from thread 018-09-2026 00:29:34 [38;5;009m[ERROR]: [0mThis is a error message from thread 2918-09-2026 00:29:34 [38;5;015m[INFO]: [0mThis is a info message from thread 918-09-2026 00:29:34 [38;5;117m[DEBUG]: [0mThis is a debug message from thread 2918-09-2026 00:29:34 [38;5;009m[ERROR]: [0mThis is a error message from thread 718-09-2026 00:29:34 [38;5;117m[DEBUG]: [0mThis is a debug message from thread 1918-09-2026 00:29:34 [38;5;015m[INFO]: [0mThis is a info message from thread 2918-09-2026 00:29:34 [38;5;117m[DEBUG]: [0mThis is a debug message from thread 418-09-2026 00:29:34 [38;5;015m[INFO]: [0mThis is a info message from thread 818-09-2026 00:29:34 [38;5;015m[INFO]: [0mThis is a info message from thread 2318-09-2026 00:29:34 [38;5;015m[INFO]: [0mThis is a info message from thread 018-09-2026 00:29:34 [38;5;015m[INFO]: [0mThis is a info message from thread 1418-09-2026 00:29:34 [38;5;009m[ERROR]: [0mThis is a error message from thread 2318-09-2026 00:29:34 [38;5;117m[DEBUG]: [0mThis is a debug message from thread 718-09-2026 00:29:34 [38;5;015m[INFO]: [0mThis is a info message from thread 718-09-2026 00:29:34 [38;5;009m[ERROR]: [0mThis is a error message from thread 618-09-2026 00:29:34 [38;5;015m[INFO]: [0mThis is a info message from thread 218-09-2026 00:29:34 [38;5;009m[ERROR]: [0mThis is a error message from thread 2018-09-2026 00:29:34 [38;5;015m[INFO]: [0mThis is a info message from thread 118-09-2026 00:29:34 [38;5;117m[DEBUG]: [0mThis is a debug message from thread 1118-09-2026 00:29:34 [38;5;015m[INFO]: [0mThis is a info message from thread 1918-09-2026 00:29:34 [38;5;009m[ERROR]: [0mThis is a error message from thread 018-09-2026 00:29:34 [38;5;015m[INFO]: [0mThis is a info message from thread 1018-09-2026 00:29:34 [38;5;015m[INFO]: [0mThis is a info message from thread 318-09-2026 00:29:34 [38;5;009m[ERROR]: [0mThis is a error message from thread 718-09-2026 00:29:34 [38;5;009m[ERROR]: [0mThis is a error message from thread 1018-09-2026 00:29:34 [38;5;117m[DEBUG]: [0mThis is a debug message from thread 2318-09-2026 00:29:34 [38;5;009m[ERROR]: [0mThis is a error message from thread 2918-09-2026 00:29:34 [38;5;117m[DEBUG]: [0mThis is a debug message from thread 1018-09-2026 00:29:34 [38;5;015m[INFO]: [0mThis is a info message from thread 1118-09-2026 00:29:34 [38;5;009m[ERROR]: [0mThis is a error message from thread 318-09-2026 00:29:34 [38;5;009m[ERROR]: [0mThis is a error message from thread 118-09-2026 00:29:34 [38;5;015m[INFO]: [0mThis is a info message from thread 518-09-2026 00:29:34 [38;5;117m[DEBUG]: [0mThis is a debug message from thread 2918-09-2026 00:29:34 [38;5;009m[ERROR]: [0mThis is a error message from thread 518-09-2026 00:29:34 [38;5;015m[INFO]: [0mThis is a info message from thread 1018-09-2026 00:29:34 [38;5;117m[DEBUG]: [0mThis is a debug message from thread 1618-09-2026 00:29:34 [38;5;015m[INFO]: [0mThis is a info message from thread 2318-09-2026 00:29:34 [38;5;117m[DEBUG]: [0mThis is a debug message from thread 718-09-2026 00:29:34 [38;5;009m[ERROR]: [0mThis is a error message from thread 2318-09-2026 00:29:34 [38;5;009m[ERROR]: [0mThis is a error message from thread 818-09-2026 00:29:34 [38;5;009m[ERROR]: [0mThis is a error message from thread 1918-09-2026 00:29:34 [38;5;009m[ERROR]: [0mThis is a error message from thread 2118-09-2026 00:29:34 [38;5;015m[INFO]: [0mThis is a info message from thread 1618-09-2026 00:29:34 [38;5;117m[DEBUG]: [0mThis is a debug message from thread 818-09-2026 00:29:34 [38;5;117m[DEBUG]: [0mThis is a debug message from thread 2318-09-2026 00:29:34 [38;5;009m[ERROR]: [0mThis is a error message from thread 218-09-2026 00:29:34 [38;5;009m[ERROR]: [0mThis is a error message from thread 1118-09-2026 00:29:34 [38;5;117m[DEBUG]: [0mThis is a debug message from thread 218-09-2026 00:29:34 [38;5;117m[DEBUG]: [0mThis is a debug message from thread 1318-09-2026 00:29:34 [38;5;015m[INFO]: [0mThis is a info message from thread 418-09-2026 00:29:34 [38;5;117m[DEBUG]: [0mThis is a debug message from thread 1518-09-2026 00:29:34 [38;5;015m[INFO]: [0mThis is a info message from thread 218-09-2026 00:29:34 [38;5;009m[ERROR]: [0mThis is a error message from thread 1618-09-2026 00:29:34 [38;5;117m[DEBUG]: [0mThis is a debug message from thread 2118-09-2026 00:29:34 [38;5;009m[ERROR]: [0mThis is a error message from thread 1018-09-2026 00:29:34 [38;5;015m[INFO]: [0mThis is a info message from thread 1518-09-2026 00:29:34 [38;5;009m[ERROR]: [0mThis is a error message from thread 1718-09-2026 00:29:34 [38;5;009m[ERROR]: [0mThis is a error message from thread 1518-09-2026 00:29:34 [38;5;117m[DEBUG]: [0mThis is a debug message from thread 1518-09-2026 00:29:34 [38;5;117m[DEBUG]: [0mThis is a debug message from thread 1218-09-2026 00:29:34 [38;5;015m[INFO]: [0mThis is a info message from thread 1518-09-2026 00:29:34 [38;5;117m[DEBUG]: [0mThis is a debug message from thread 1018-09-2026 00:29:34 [38;5;015m[INFO]: [0mThis is a info message from thread 1218-09-2026 00:29:34 [38;5;009m[ERROR]: [0mThis is a error message from thread 1518-09-2026 00:29:34 [38;5;009m[ERROR]: [0mThis is a error message from thread 918-09-2026 00:29:34 [38;5;015m[INFO]: [0mThis is a info message from thread 2218-09-2026 00:29:34 [38;5;117m[DEBUG]: [0mThis is a debug message from thread 1818-09-2026 00:29:34 [38;5;015m[INFO]: [0mThis is a info message from thread 718-09-2026 00:29:34 [38;5;117m[DEBUG]: [0mThis is a debug message from thread 918-09-2026 00:29:34 [38;5;117m[DEBUG]: [0mThis is a debug message from thread 1618-09-2026 00:29:34 [38;5;015m[INFO]: [0mThis is a info message from thread 2118-09-2026 00:29:34 [38;5;117m[DEBUG]: [0mThis is a debug message from thread 2018-09-2026 00:29:34 [38;5;009m[ERROR]: [0mThis is a error message from thread 218-09-2026 00:29:34 [38;5;015m[INFO]: [0mThis is a info message from thread 1818-09-2026 00:29:34 [38;5;015m[INFO]: [0mThis is a info message from thread 1018-09-2026 00:29:34 [38;5;015m[INFO]: [0mThis is a info message from thread 1318-09-2026 00:29:34 [38;5;117m[DEBUG]: [0mThis is a debug message from thread 018-09-2026 00:29:34 [38;5;009m[ERROR]: [0mThis is a error message from thread 2218-09-2026 00:29:34 [38;5;117m[DEBUG]: [0mThis is a debug message from thread 1118-09-2026 00:29:34 [38;5;009m[ERROR]: [0mThis is a error message from thread 1018-09-2026 00:29:34 [38;5;015m[INFO]: [0mThis is a info message from thread 1118-09-2026 00:29:34 [38;5;015m[INFO]: [0mThis is a info message from thread 2718-09-2026 00:29:34 [38;5;009m[ERROR]: [0mThis is a error message from thread 2118-09-2026 00:29:34 [38;5;009m[ERROR]: [0mThis is a error message from thread 2718-09-2026 00:29:34 [38;5;009m[ERROR]: [0mThis is a error message from thread 718-09-2026 00:29:34 [38;5;117m[DEBUG]: [0mThis is a debug message from thread 1018-09-2026 00:29:34 [38;5;117m[DEBUG]: [0mThis is a debug message from thread 218-09-2026 00:29:34 [38;5;117m[DEBUG]: [0mThis is a debug message from thread 2218-09-2026 00:29:34 [38;5;009m[ERROR]: [0mThis is a error message from thread 1318-09-2026 00:29:34 [38;5;009m[ERROR]: [0mThis is a error message from thread 1118-09-2026 00:29:34 [38;5;015m[INFO]: [0mThis is a info message from thread 018-09-2026 00:29:34 [38;5;117m[DEBUG]: [0mThis is a debug message from thread 2718-09-2026 00:29:34 [38;5;117m[DEBUG]: [0mThis is a debug message from thread 1718-09-2026 00:29:34 [38;5;117m[DEBUG]: [0mThis is a debug message from thread 318-09-2026 00:29:34 [38;5;117m[DEBUG]: [0mThis is a debug message from thread 2418-09-2026 00:29:34 [38;5;117m[DEBUG]: [0mThis is a debug message from thread 2518-09-2026 00:29:34 [38;5;015m[INFO]: [0mThis is a info message from thread 318-09-2026 00:29:34 [38;5;015m[INFO]: [0mThis is a info message from thread 1018-09-2026 00:29:34 [38;5;117m[DEBUG]: [0mThis is a debug message from thread 118-09-2026 00:29:34 [38;5;015m[INFO]: [0mThis is a info message from thread 2418-09-2026 00:29:34 [38;5;009m[ERROR]: [0mThis is a error message from thread 318-09-2026 00:29:34 [38;5;009m[ERROR]: [0mThis is a error message from thread 2418-09-2026 00:29:34 [38;5;009m[ERROR]: [0mThis is a error message from thread 1018-09-2026 00:29:34 [38;5;117m[DEBUG]: [0mThis is a debug message from thread 1518-09-2026 00:29:34 [38;5;015m[INFO]: [0mThis is a info message from thread 2718-09-2026 00:29:34 [38;5;015m[INFO]: [0mThis is a info message from thread 1718-09-2026 00:29:34 [38;5;009m[ERROR]: [0mThis is a error message from thread 2718-09-2026 00:29:34 [38;5;009m[ERROR]: [0mThis is a error message from thread 1218-09-2026 00:29:34 [38;5;015m[INFO]: [0mThis is a info message from thread 2218-09-2026 00:29:34 [38;5;117m[DEBUG]: [0mThis is a debug message from thread 2618-09-2026 00:29:34 [38;5;015m[INFO]: [0mThis is a info message from thread 818-09-2026 00:29:34 [38;5;117m[DEBUG]: [0mThis is a debug message from thread 1318-09-2026 00:29:34 [38;5;009m[ERROR]: [0mThis is a error message from thread 818-09-2026 00:29:34 [38;5;117m[DEBUG]: [0mThis is a debug message from thread 1118-09-2026 00:29:34 [38;5;117m[DEBUG]: [0mThis is a debug message from thread 818-09-2026 00:29:34 [38;5;117m[DEBUG]: [0mThis is a debug message from thread 1918-09-2026 00:29:34 [38;5;117m[DEBUG]: [0mThis is a debug message from thread 718-09-2026 00:29:34 [38;5;015m[INFO]: [0mThis is a info message from thread 1618-09-2026 00:29:34 [38;5;117m[DEBUG]: [0mThis is a debug message from thread 2418-09-2026 00:29:34 [38;5;117m[DEBUG]: [0mThis is a debug message from thread 518-09-2026 00:29:34 [38;5;117m[DEBUG]: [0mThis is a debug message from thread 1218-09-2026 00:29:34 [38;5;015m[INFO]: [0mThis is a info message from thread 718-09-2026 00:29:34 [38;5;117m[DEBUG]: [0mThis is a debug message from thread 2718-09-2026 00:29:34 [38;5;015m[INFO]: [0mThis is a info message from thread 818-09-2026 00:29:34 [38;5;015m[INFO]: [0mThis is a info message from thread 2918-09-2026 00:29:34 [38;5;015m[INFO]: [0mThis is a info message from thread 2818-09-2026 00:29:34 [38;5;009m[ERROR]: [0mThis is a error message from thread 018-09-2026 00:29:34 [38;5;009m[ERROR]: [0mThis is a error message from thread 2818-09-2026 00:29:34 [38;5;009m[ERROR]: [0mThis is a error message from thread 2218-09-2026 00:29:34 [38;5;015m[INFO]: [0mThis is a info message from thread 2518-09-2026 00:29:34 [38;5;009m[ERROR]: [0mThis is a error message from thread 718-09-2026 00:29:34 [38;5;009m[ERROR]: [0mThis is a error message from thread 2918-09-2026 00:29:34 [38;5;015m[INFO]: [0mThis is a info message from thread 2718-09-2026 00:29:34 [38;5;015m[INFO]: [0mThis is a info message from thread 118-09-2026 00:29:34 [38;5;117m[DEBUG]: [0mThis is a debug message from thread 2918-09-2026 00:29:34 [38;5;015m[INFO]: [0mThis is a info message from thread 2318-09-2026 00:29:34 [38;5;117m[DEBUG]: [0mThis is a debug message from thread 718-09-2026 00:29:34 [38;5;015m[INFO]: [0mThis is a info message from thread 2018-09-2026 00:29:34 [38;5;009m[ERROR]: [0mThis is a error message from thread 118-09-2026 00:29:34 [38;5;009m[ERROR]: [0mThis is a error message from thread 2718-09-2026 00:29:34 [38;5;015m[INFO]: [0mThis is a info message from thread 718-09-2026 00:29:34 [38;5;015m[INFO]: [0mThis is a info message from thread 2418-09-2026 00:29:34 [38;5;009m[ERROR]: [0mThis is a error message from thread 818-09-2026 00:29:34 [38;5;117m[DEBUG]: [0mThis is a debug message from thread 2718-09-2026 00:29:34 [38;5;009m[ERROR]: [0mThis is a error message from thread 2018-09-2026 00:29:34 [38;5;009m[ERROR]: [0mThis is a error message from thread 2418-09-2026 00:29:34 [38;5;009m[ERROR]: [0mThis is a error message from thread 718-09-2026 00:29:34 [38;5;117m[DEBUG]: [0mThis is a debug message from thread 2018-09-2026 00:29:34 [38;5;015m[INFO]: [0mThis is a info message from thread 1218-09-2026 00:29:34 [38;5;117m[DEBUG]: [0mThis is a debug message from thread 618-09-2026 00:29:34 [38;5;015m[INFO]: [0mThis is a info message from thread 218-09-2026 00:29:34 [38;5;015m[INFO]: [0mThis is a info message from thread 2018-09-2026 00:29:34 [38;5;117m[DEBUG]: [0mThis is a debug message from thread 818-09-2026 00:29:34 [38;5;117m[DEBUG]: [0mThis is a debug message from thread 118-09-2026 00:29:34 [38;5;015m[INFO]: [0mThis is a info message from thread 1518-09-2026 00:29:34 [38;5;015m[INFO]: [0mThis is a info message from thread 118-09-2026 00:29:34 [38;5;117m[DEBUG]: [0mThis is a debug message from thread 718-09-2026 00:29:34 [38;5;009m[ERROR]: [0mThis is a error message from thread 1518-09-2026 00:29:34 [38;5;117m[DEBUG]: [0mThis is a debug message from thread 2418-09-2026 00:29:34 [38;5;015m[INFO]: [0mThis is a info message from thread 818-09-2026 00:29:34 [38;5;015m[INFO]: [0mThis is a info message from thread 718-09-2026 00:29:34 [38;5;117m[DEBUG]: [0mThis is a debug message from thread 1518-09-2026 00:29:34 [38;5;117m[DEBUG]: [0mThis is a debug message from thread 1018-09-2026 00:29:34 [38;5;009m[ERROR]: [0mThis is a error message from thread 2018-09-2026 00:29:34 [38;5;009m[ERROR]: [0mThis is a error message from thread 1218-09-2026 00:29:34 [38;5;009m[ERROR]: [0mThis is a error message from thread 218-09-2026 00:29:34 [38;5;015m[INFO]: [0mThis is a info message from thread 1118-09-2026 00:29:34 [38;5;117m[DEBUG]: [0mThis is a debug message from thread 018-09-2026 00:29:34 [38;5;009m[ERROR]: [0mThis is a error message from thread 1618-09-2026 00:29:34 [38;5;117m[DEBUG]: [0mThis is a debug message from thread 2218-09-2026 00:29:34 [38;5;015m[INFO]: [0mThis is a info message from thread 2418-09-2026 00:29:34 [38;5;117m[DEBUG]: [0mThis is a debug message from thread 2018-09-2026 00:29:34 [38;5;009m[ERROR]: [0mThis is a error message from thread 718-09-2026 00:29:34 [38;5;015m[INFO]: [0mThis is a info message from thread 1918-09-2026 00:29:34 [38;5;015m[INFO]: [0mThis is a info message from thread 1518-09-2026 00:29:34 [38;5;015m[INFO]: [0mThis is a info message from thread 918-09-2026 00:29:34 [38;5;009m[ERROR]: [0mThis is a error message from thread 1518-09-2026 00:29:34 [38;5;015m[INFO]: [0mThis is a info message from thread 018-09-2026 00:29:34 [38;5;117m[DEBUG]: [0mThis is a debug message from thread 218-09-2026 00:29:34 [38;5;117m[DEBUG]: [0mThis is a debug message from thread 2818-09-2026 00:29:34 [38;5;015m[INFO]: [0mThis is a info message from thread 218-09-2026 00:29:34 [38;5;009m[ERROR]: [0mThis is a error message from thread 1718-09-2026 00:29:34 [38;5;009m[ERROR]: [0mThis is a error message from thread 218-09-2026 00:29:34 [38;5;009m[ERROR]: [0mThis is a error message from thread 1418-09-2026 00:29:34 [38;5;117m[DEBUG]: [0mThis is a debug message from thread 1718-09-2026 00:29:34 [38;5;117m[DEBUG]: [0mThis is a debug message from thread 1418-09-2026 00:29:34 [38;5;009m[ERROR]: [0mThis is a error message from thread 418-09-2026 00:29:34 [38;5;117m[DEBUG]: [0mThis is a debug message from thread 218-09-2026 00:29:34 [38;5;015m[INFO]: [0mThis is a info message from thread 1718-09-2026 00:29:34 [38;5;015m[INFO]: [0mThis is a info message from thread 1418-09-2026 00:29:34 [38;5;009m[ERROR]: [0mThis is a error message from thread 2318-09-2026 00:29:34 [38;5;009m[ERROR]: [0mThis is a error message from thread 1818-09-2026 00:29:34 [38;5;009m[ERROR]: [0mThis is a error message from thread 018-09-2026 00:29:34 [38;5;009m[ERROR]: [0mThis is a error message from thread 1118-09-2026 00:29:34 [38;5;117m[DEBUG]: [0mThis is a debug message from thread 1818-09-2026 00:29:34 [38;5;015m[INFO]: [0mThis is a info message from thread 2218-09-2026 00:29:34 [38;5;117m[DEBUG]: [0mThis is a debug message from thread 2118-09-2026 00:29:34 [38;5;009m[ERROR]: [0mThis is a error message from thread 1718-09-2026 00:29:34 [38;5;009m[ERROR]: [0mThis is a error message from thread 1418-09-2026 00:29:34 [38;5;117m[DEBUG]: [0mThis is a debug message from thread 418-09-2026 00:29:34 [38;5;015m[INFO]: [0mThis is a info message from thread 618-09-2026 00:29:34 [38;5;015m[INFO]: [0mThis is a info message from thread 2018-09-2026 00:29:34 [38;5;009m[ERROR]: [0mThis is a error message from thread 2518-09-2026 00:29:34 [38;5;009m[ERROR]: [0mThis is a error message from thread 618-09-2026 00:29:34 [38;5;009m[ERROR]: [0mThis is a error message from thread 918-09-2026 00:29:34 [38;5;009m[ERROR]: [0mThis is a error message from thread 2418-09-2026 00:29:34 [38;5;015m[INFO]: [0mThis is a info message from thread 2618-09-2026 00:29:34 [38;5;117m[DEBUG]: [0mThis is a debug message from thread 1218-09-2026 00:29:34 [38;5;015m[INFO]: [0mThis is a info message from thread 1218-09-2026 00:29:34 [38;5;009m[ERROR]: [0mThis is a error message from thread 2618-09-2026 00:29:34 [38;5;117m[DEBUG]: [0mThis is a debug message from thread 2418-09-2026 00:29:34 [38;5;117m[DEBUG]: [0mThis is a debug message from thread 618-09-2026 00:29:34 [38;5;117m[DEBUG]: [0mThis is a debug message from thread 2618-09-2026 00:29:34 [38;5;015m[INFO]: [0mThis is a info message from thread 2918-09-2026 00:29:34 [38;5;117m[DEBUG]: [0mThis is a debug message from thread 1518-09-2026 00:29:34 [38;5;117m[DEBUG]: [0mThis is a debug message from thread 918-09-2026 00:29:34 [38;5;009m[ERROR]: [0mThis is a error message from thread 818-09-2026 00:29:34 [38;5;015m[INFO]: [0mThis is a info message from thread 2818-09-2026 00:29:34 [38;5;117m[DEBUG]: [0mThis is a debug message from thread 2518-09-2026 00:29:34 [38;5;015m[INFO]: [0mThis is a info message from thread 418-09-2026 00:29:34 [38;5;015m[INFO]: [0mThis is a info message from thread 2618-09-2026 00:29:34 [38;5;117m[DEBUG]: [0mThis is a debug message from thread 818-09-2026 00:29:34 [38;5;117m[DEBUG]: [0mThis is a debug message from thread 1418-09-2026 00:29:34 [38;5;015m[INFO]: [0mThis is a info message from thread 2118-09-2026 00:29:34 [38;5;015m[INFO]: [0mThis is a info message from thread 518-09-2026 00:29:34 [38;5;015m[INFO]: [0mThis is a info message from thread 1518-09-2026 00:29:34 [38;5;009m[ERROR]: [0mThis is a error message from thread 2618-09-2026 00:29:34 [38;5;117m[DEBUG]: [0mThis is a debug message from thread 018-09-2026 00:29:34 [38;5;015m[INFO]: [0mThis is a info message from thread 1818-09-2026 00:29:34 [38;5;009m[ERROR]: [0mThis is a error message from thread 2218-09-2026 00:29:34 [38;5;009m[ERROR]: [0mThis is a error message from thread 418-09-2026 00:29:34 [38;5;117m[DEBUG]: [0mThis is a debug message from thread 1718-09-2026 00:29:34 [38;5;009m[ERROR]: [0mThis is a error message from thread 1218-09-2026 00:29:34 [38;5;009m[ERROR]: [0mThis is a error message from thread 2118-09-2026 00:29:34 [38;5;009m[ERROR]: [0mThis is a error message from thread 518-09-2026 00:29:34 [38;5;009m[ERROR]: [0mThis is a error message from thread 1918-09-2026 00:29:34 [38;5;009m[ERROR]: [0mThis is a error message from thread 2918-09-2026 00:29:34 [38;5;117m[DEBUG]: [0mThis is a debug message from thread 1218-09-2026 00:29:34 [38;5;117m[DEBUG]: [0mThis is a debug message from thread 518-09-2026 00:29:34 [38;5;015m[INFO]: [0mThis is a info message from thread 518-09-2026 00:29:34 [38;5;117m[DEBUG]: [0mThis is a debug message from thread 2618-09-2026 00:29:34 [38;5;117m[DEBUG]: [0mThis is a debug message from thread 2218-09-2026 00:29:34 [38;5;015m[INFO]: [0mThis is a info message from thread 2718-09-2026 00:29:34 [38;5;015m[INFO]: [0mThis is a info message from thread 1718-09-2026 00:29:34 [38;5;015m[INFO]: [0mThis is a info message from thread 018-09-2026 00:29:34 [38;5;009m[ERROR]: [0mThis is a error message from thread 1718-09-2026 00:29:34 [38;5;015m[INFO]: [0mThis is a info message from thread 2218-09-2026 00:29:34 [38;5;117m[DEBUG]: [0mThis is a debug message from thread 1118-09-2026 00:29:34 [38;5;009m[ERROR]: [0mThis is a error message from thread 2218-09-2026 00:29:34 [38;5;015m[INFO]: [0mThis is a info message from thread 2418-09-2026 00:29:34 [38;5;015m[INFO]: [0mThis is a info message from thread 1218-09-2026 00:29:34 [38;5;015m[INFO]: [0mThis is a info message from thread 1018-09-2026 00:29:34 [38;5;117m[DEBUG]: [0mThis is a debug message from thread 318-09-2026 00:29:34 [38;5;009m[ERROR]: [0mThis is a error message from thread 2818-09-2026 00:29:34 [38;5;009m[ERROR]: [0mThis is a error message from thread 018-09-2026 00:29:34 [38;5;015m[INFO]: [0mThis is a info message from thread 918-09-2026 00:29:34 [38;5;015m[INFO]: [0mThis is a info message from thread 218-09-2026 00:29:34 [38;5;015m[INFO]: [0mThis is a info message from thread 618-09-2026 00:29:34 [38;5;009m[ERROR]: [0mThis is a error message from thread 1218-09-2026 00:29:34 [38;5;009m[ERROR]: [0mThis is a error message from thread 218-09-2026 00:29:34 [38;5;009m[ERROR]: [0mThis is a error message from thread 1818-09-2026 00:29:34 [38;5;009m[ERROR]: [0mThis is a error message from thread 618-09-2026 00:29:34 [38;5;009m[ERROR]: [0mThis is a error message from thread 2418-09-2026 00:29:34 [38;5;015m[INFO]: [0mThis is a info message from thread 318-09-2026 00:29:34 [38;5;009m[ERROR]: [0mThis is a error message from thread 1518-09-2026 00:29:34 [38;5;015m[INFO]: [0mThis is a info message from thread 1318-09-2026 00:29:34 [38;5;117m[DEBUG]: [0mThis is a debug message from thread 2318-09-2026 00:29:34 [38;5;009m[ERROR]: [0mThis is a error message from thread 2018-09-2026 00:29:34 [38;5;009m[ERROR]: [0mThis is a error message from thread 318-09-2026 00:29:34 [38;5;117m[DEBUG]: [0mThis is a debug message from thread 618-09-2026 00:29:34 [38;5;117m[DEBUG]: [0mThis is a debug message from thread 1818-09-2026 00:29:34 [38;5;015m[INFO]: [0mThis is a info message from thread 618-09-2026 00:29:34 [38;5;117m[DEBUG]: [0mThis is a debug message from thread 1218-09-2026 00:29:34 [38;5;015m[INFO]: [0mThis is a info message from thread 2318-09-2026 00:29:34 [38;5;015m[INFO]: [0mThis is a info message from thread 2518-09-2026 00:29:34 [38;5;117m[DEBUG]: [0mThis is a debug message from thread 318-09-2026 00:29:34 [38;5;117m[DEBUG]: [0mThis is a debug message from thread 018-09-2026 00:29:34 [38;5;117m[DEBUG]: [0mThis is a debug message from thread 218-09-2026 00:29:34 [38;5;009m[ERROR]: [0mThis is a error message from thread 618-09-2026 00:29:34 [38;5;009m[ERROR]: [0mThis is a error message from thread 2318-09-2026 00:29:34 [38;5;015m[INFO]: [0mThis is a info message from thread 018-09-2026 00:29:34 [38;5;009m[ERROR]: [0mThis is a error message from thread 2518-09-2026 00:29:34 [38;5;117m[DEBUG]: [0mThis is a debug message from thread 2118-09-2026 00:29:34 [38;5;015m[INFO]: [0mThis is a info message from thread 318-09-2026 00:29:34 [38;5;009m[ERROR]: [0mThis is a error message from thread 518-09-2026 00:29:34 [38;5;009m[ERROR]: [0mThis is a error message from thread 1318-09-2026 00:29:34 [38;5;117m[DEBUG]: [0mThis is a debug message from thread 1918-09-2026 00:29:34 [38;5;009m[ERROR]: [0mThis is a error message from thread 318-09-2026 00:29:34 [38;5;117m[DEBUG]: [0mThis is a debug message from thread 1518-09-2026 00:29:34 [38;5;117m[DEBUG]: [0mThis is a debug message from thread 2318-09-2026 00:29:34 [38;5;117m[DEBUG]: [0mThis is a debug message from thread 618-09-2026 00:29:34 [38;5;117m[DEBUG]: [0mThis is a debug message from thread 2418-09-2026 00:29:34 [38;5;015m[INFO]: [0mThis is a info message from thread 1118-09-2026 00:29:34 [38;5;117m[DEBUG]: [0mThis is a debug message from thread 718-09-2026 00:29:34 [38;5;015m[INFO]: [0mThis is a info message from thread 618-09-2026 00:29:34 [38;5;117m[DEBUG]: [0mThis is a debug message from thread 1318-09-2026 00:29:34 [38;5;009m[ERROR]: [0mThis is a error message from thread 018-09-2026 00:29:34 [38;5;015m[INFO]: [0mThis is a info message from thread 1218-09-2026 00:29:34 [38;5;117m[DEBUG]: [0mThis is a debug message from thread 318-09-2026 00:29:34 [38;5;015m[INFO]: [0mThis is a info message from thread 718-09-2026 00:29:34 [38;5;015m[INFO]: [0mThis is a info message from thread 2618-09-2026 00:29:34 [38;5;117m[DEBUG]: [0mThis is a debug message from thread 1718-09-2026 00:29:34 [38;5;015m[INFO]: [0mThis is a info message from thread 1318-09-2026 00:29:34 [38;5;015m[INFO]: [0mThis is a info message from thread 2418-09-2026 00:29:34 [38;5;009m[ERROR]: [0mThis is a error message from thread 1318-09-2026 00:29:34 [38;5;009m[ERROR]: [0mThis is a error message from thread 618-09-2026 00:29:34 [38;5;009m[ERROR]: [0mThis is a error message from thread 2618-09-2026 00:29:34 [38;5;117m[DEBUG]: [0mThis is a debug message from thread 618-09-2026 00:29:34 [38;5;117m[DEBUG]: [0mThis is a debug message from thread 1318-09-2026 00:29:34 [38;5;015m[INFO]: [0mThis is a info message from thread 1318-09-2026 00:29:34 [38;5;009m[ERROR]: [0mThis is a error message from thread 1318-09-2026 00:29:34 [38;5;009m[ERROR]: [0mThis is a error message from thread 1218-09-2026 00:29:34 [38;5;015m[INFO]: [0mThis is a info message from thread 2318-09-2026 00:29:34 [38;5;117m[DEBUG]: [0mThis is a debug message from thread 1318-09-2026 00:29:34 [38;5;015m[INFO]: [0mThis is a info message from thread 618-09-2026 00:29:34 [38;5;117m[DEBUG]: [0mThis is a debug message from thread 2618-09-2026 00:29:34 [38;5;015m[INFO]: [0mThis is a info message from thread 318-09-2026 00:29:34 [38;5;009m[ERROR]: [0mThis is a error message from thread 2418-09-2026 00:29:34 [38;5;015m[INFO]: [0mThis is a info message from thread 2618-09-2026 00:29:34 [38;5;015m[INFO]: [0mThis is a info message from thread 1318-09-2026 00:29:34 [38;5;009m[ERROR]: [0mThis is a error message from thread 118-09-2026 00:29:34 [38;5;009m[ERROR]: [0mThis is a error message from thread 2318-09-2026 00:29:34 [38;5;117m[DEBUG]: [0mThis is a debug message from thread 018-09-2026 00:29:34 [38;5;009m[ERROR]: [0mThis is a error message from thread 1318-09-2026 00:29:34 [38;5;009m[ERROR]: [0mThis is a error message from thread 618-09-2026 00:29:34 [38;5;009m[ERROR]: [0mThis is a error message from thread 318-09-2026 00:29:34 [38;5;015m[INFO]: [0mThis is a info message from thread 1718-09-2026 00:29:34 [38;5;009m[ERROR]: [0mThis is a error message from thread 718-09-2026 00:29:34 [38;5;117m[DEBUG]: [0mThis is a debug message from thread 2818-09-2026 00:29:34 [38;5;117m[DEBUG]: [0mThis is a debug message from thread 2018-09-2026 00:29:34 [38;5;117m[DEBUG]: [0mThis is a debug message from thread 1318-09-2026 00:29:34 [38;5;117m[DEBUG]: [0mThis is a debug message from thread 318-09-2026 00:29:34 [38;5;015m[INFO]: [0mThis is a info message from thread 1818-09-2026 00:29:34 [38;5;117m[DEBUG]: [0mThis is a debug message from thread 418-09-2026 00:29:34 [38;5;117m[DEBUG]: [0mThis is a debug message from thread 718-09-2026 00:29:34 [38;5;015m[INFO]: [0mThis is a info message from thread 2018-09-2026 00:29:34 [38;5;117m[DEBUG]: [0mThis is a debug message from thread 618-09-2026 00:29:34 [38;5;015m[INFO]: [0mThis is a info message from thread 818-09-2026 00:29:34 [38;5;015m[INFO]: [0mThis is a info message from thread 1318-09-2026 00:29:34 [38;5;015m[INFO]: [0mThis is a info message from thread 018-09-2026 00:29:34 [38;5;009m[ERROR]: [0mThis is a error message from thread 818-09-2026 00:29:34 [38;5;015m[INFO]: [0mThis is a info message from thread 718-09-2026 00:29:34 [38;5;009m[ERROR]: [0mThis is a error message from thread 1318-09-2026 00:29:34 [38;5;117m[DEBUG]: [0mThis is a debug message from thread 2518-09-2026 00:29:34 [38;5;009m[ERROR]: [0mThis is a error message from thread 918-09-2026 00:29:34 [38;5;015m[INFO]: [0mThis is a info message from thread 418-09-2026 00:29:34 [38;5;117m[DEBUG]: [0mThis is a debug message from thread 518-09-2026 00:29:34 [38;5;015m[INFO]: [0mThis is a info message from thread 318-09-2026 00:29:34 [38;5;117m[DEBUG]: [0mThis is a debug message from thread 818-09-2026 00:29:34 [38;5;015m[INFO]: [0mThis is a info message from thread 818-09-2026 00:29:34 [38;5;009m[ERROR]: [0mThis is a error message from thread 718-09-2026 00:29:34 [38;5;009m[ERROR]: [0mThis is a error message from thread 318-09-2026 00:29:34 [38;5;117m[DEBUG]: [0mThis is a debug message from thread 1318-09-2026 00:29:34 [38;5;015m[INFO]: [0mThis is a info message from thread 2518-09-2026 00:29:34 [38;5;009m[ERROR]: [0mThis is a error message from thread 1718-09-2026 00:29:34 [38;5;117m[DEBUG]: [0mThis is a debug message from thread 318-09-2026 00:29:34 [38;5;009m[ERROR]: [0mThis is a error message from thread 018-09-2026 00:29:34 [38;5;009m[ERROR]: [0mThis is a error message from thread 2018-09-2026 00:29:34 [38;5;009m[ERROR]: [0mThis is a error message from thread 2518-09-2026 00:29:34 [38;5;015m[INFO]: [0mThis is a info message from thread 318-09-2026 00:29:34 [38;5;015m[INFO]: [0mThis is a info message from thread 518-09-2026 00:29:34 [38;5;009m[ERROR]: [0mThis is a error message from thread 818-09-2026 00:29:34 [38;5;117m[DEBUG]: [0mThis is a debug message from thread 018-09-2026 00:29:34 [38;5;015m[INFO]: [0mThis is a info message from thread 1318-09-2026 00:29:34 [38;5;117m[DEBUG]: [0mThis is a debug message from thread 1718-09-2026 00:29:34 [38;5;015m[INFO]: [0mThis is a info message from thread 1718-09-2026 00:29:34 [38;5;009m[ERROR]: [0mThis is a error message from thread 318-09-2026 00:29:34 [38;5;117m[DEBUG]: [0mThis is a debug message from thread 718-09-2026 00:29:34 [38;5;009m[ERROR]: [0mThis is a error message from thread 1318-09-2026 00:29:34 [38;5;117m[DEBUG]: [0mThis is a debug message from thread 318-09-2026 00:29:34 [38;5;117m[DEBUG]: [0mThis is a debug message from thread 2018-09-2026 00:29:34 [38;5;015m[INFO]: [0mThis is a info message from thread 018-09-2026 00:29:34 [38;5;117m[DEBUG]: [0mThis is a debug message from thread 1318-09-2026 00:29:34 [38;5;015m[INFO]: [0mThis is a info message from thread 1918-09-2026 00:29:34 [38;5;009m[ERROR]: [0mThis is a error message from thread 018-09-2026 00:29:34 [38;5;015m[INFO]: [0mThis is a info message from thread 1318-09-2026 00:29:34 [38;5;009m[ERROR]: [0mThis is a error message from thread 518-09-2026 00:29:34 [38;5;015m[INFO]: [0mThis is a info message from thread 718-09-2026 00:29:34 [38;5;117m[DEBUG]: [0mThis is a debug message from thread 2218-09-2026 00:29:34 [38;5;009m[ERROR]: [0mThis is a error message from thread 1018-09-2026 00:29:34 [38;5;015m[INFO]: [0mThis is a info message from thread 2118-09-2026 00:29:34 [38;5;009m[ERROR]: [0mThis is a error message from thread 418-09-2026 00:29:34 [38;5;117m[DEBUG]: [0mThis is a debug message from thread 518-09-2026 00:29:34 [38;5;015m[INFO]: [0mThis is a info message from thread 218-09-2026 00:29:34 [38;5;117m[DEBUG]: [0mThis is a debug message from thread 1218-09-2026 00:29:34 [38;5;009m[ERROR]: [0mThis is a error message from thread 1118-09-2026 00:29:34 [38;5;009m[ERROR]: [0mThis is a error message from thread 1318-09-2026 00:29:34 [38;5;117m[DEBUG]: [0mThis is a debug message from thread 418-09-2026 00:29:34 [38;5;009m[ERROR]: [0mThis is a error message from thread 718-09-2026 00:29:34 [38;5;009m[ERROR]: [0mThis is a error message from thread 2618-09-2026 00:29:34 [38;5;117m[DEBUG]: [0mThis is a debug message from thread 818-09-2026 00:29:34 [38;5;117m[DEBUG]: [0mThis is a debug message from thread 1018-09-2026 00:29:34 [38;5;117m[DEBUG]: [0mThis is a debug message from thread 718-09-2026 00:29:34 [38;5;009m[ERROR]: [0mThis is a error message from thread 218-09-2026 00:29:34 [38;5;117m[DEBUG]: [0mThis is a debug message from thread 218-09-2026 00:29:34 [38;5;117m[DEBUG]: [0mThis is a debug message from thread 1318-09-2026 00:29:34 [38;5;015m[INFO]: [0mThis is a info message from thread 418-09-2026 00:29:34 [38;5;117m[DEBUG]: [0mThis is a debug message from thread 2618-09-2026 00:29:34 [38;5;015m[INFO]: [0mThis is a info message from thread 1318-09-2026 00:29:34 [38;5;015m[INFO]: [0mThis is a info message from thread 718-09-2026 00:29:34 [38;5;015m[INFO]: [0mThis is a info message from thread 1218-09-2026 00:29:34 [38;5;015m[INFO]: [0mThis is a info message from thread 518-09-2026 00:29:34 [38;5;117m[DEBUG]: [0mThis is a debug message from thread 1618-09-2026 00:29:34 [38;5;117m[DEBUG]: [0mThis is a debug message from thread 1118-09-2026 00:29:34 [38;5;009m[ERROR]: [0mThis is a error message from thread 718-09-2026 00:29:34 [38;5;015m[INFO]: [0mThis is a info message from thread 218-09-2026 00:29:34 [38;5;117m[DEBUG]: [0mThis is a debug message from thread 2318-09-2026 00:29:34 [38;5;015m[INFO]: [0mThis is a info message from thread 2618-09-2026 00:29:34 [38;5;015m[INFO]: [0mThis is a info message from thread 1118-09-2026 00:29:34 [38;5;009m[ERROR]: [0mThis is a error message from thread 1118-09-2026 00:29:34 [38;5;117m[DEBUG]: [0mThis is a debug message from thread 1118-09-2026 00:29:34 [38;5;009m[ERROR]: [0mThis is a error message from thread 1318-09-2026 00:29:34 [38;5;015m[INFO]: [0mThis is a info message from thread 2318-09-2026 00:29:34 [38;5;015m[INFO]: [0mThis is a info message from thread 1118-09-2026 00:29:34 [38;5;009m[ERROR]: [0mThis is a error message from thread 218-09-2026 00:29:34 [38;5;015m[INFO]: [0mThis is a info message from thread 618-09-2026 00:29:34 [38;5;117m[DEBUG]: [0mThis is a debug message from thread 2918-09-2026 00:29:34 [38;5;117m[DEBUG]: [0mThis is a debug message from thread 1318-09-2026 00:29:34 [38;5;009m[ERROR]: [0mThis is a error message from thread 2618-09-2026 00:29:34 [38;5;015m[INFO]: [0mThis is a info message from thread 2818-09-2026 00:29:34 [38;5;015m[INFO]: [0mThis is a info message from thread 818-09-2026 00:29:34 [38;5;009m[ERROR]: [0mThis is a error message from thread 1818-09-2026 00:29:34 [38;5;117m[DEBUG]: [0mThis is a debug message from thread 918-09-2026 00:29:34 [38;5;009m[ERROR]: [0mThis is a error message from thread 1118-09-2026 00:29:34 [38;5;009m[ERROR]: [0mThis is a error message from thread 418-09-2026 00:29:34 [38;5;117m[DEBUG]: [0mThis is a debug message from thread 2518-09-2026 00:29:34 [38;5;009m[ERROR]: [0mThis is a error message from thread 2818-09-2026 00:29:34 [38;5;015m[INFO]: [0mThis is a info message from thread 1318-09-2026 00:29:34 [38;5;117m[DEBUG]: [0mThis is a debug message from thread 118-09-2026 00:29:34 [38;5;117m[DEBUG]: [0mThis is a debug message from thread 2818-09-2026 00:29:34 [38;5;009m[ERROR]: [0mThis is a error message from thread 2118-09-2026 00:29:34 [38;5;015m[INFO]: [0mThis is a info message from thread 2918-09-2026 00:29:34 [38;5;117m[DEBUG]: [0mThis is a debug message from thread 2618-09-2026 00:29:34 [38;5;117m[DEBUG]: [0mThis is a debug message from thread 018-09-2026 00:29:34 [38;5;015m[INFO]: [0mThis is a info message from thread 918-09-2026 00:29:34 [38;5;015m[INFO]: [0mThis is a info message from thread 2618-09-2026 00:29:34 [38;5;009m[ERROR]: [0mThis is a error message from thread 618-09-2026 00:29:34 [38;5;009m[ERROR]: [0mThis is a error message from thread 2618-09-2026 00:29:34 [38;5;015m[INFO]: [0mThis is a info message from thread 2518-09-2026 00:29:34 [38;5;015m[INFO]: [0mThis is a info message from thread 018-09-2026 00:29:34 [38;5;009m[ERROR]: [0mThis is a error message from thread 2918-09-2026 00:29:34 [38;5;015m[INFO]: [0mThis is a info message from thread 1418-09-2026 00:29:34 [38;5;009m[ERROR]: [0mThis is a error message from thread 1718-09-2026 00:29:34 [38;5;117m[DEBUG]: [0mThis is a debug message from thread 2618-09-2026 00:29:34 [38;5;117m[DEBUG]: [0mThis is a debug message from thread 1118-09-2026 00:29:34 [38;5;009m[ERROR]: [0mThis is a error message from thread 1218-09-2026 00:29:34 [38;5;009m[ERROR]: [0mThis is a error message from thread 2518-09-2026 00:29:34 [38;5;009m[ERROR]: [0mThis is a error message from thread 2318-09-2026 00:29:34 [38;5;015m[INFO]: [0mThis is a info message from thread 1118-09-2026 00:29:34 [38;5;009m[ERROR]: [0mThis is a error message from thread 518-09-2026 00:29:34 [38;5;117m[DEBUG]: [0mThis is a debug message from thread 218-09-2026 00:29:34 [38;5;117m[DEBUG]: [0mThis is a debug message from thread 2918-09-2026 00:29:34 [38;5;117m[DEBUG]: [0mThis is a debug message from thread 1718-09-2026 00:29:34 [38;5;015m[INFO]: [0mThis is a info message from thread 2618-09-2026 00:29:34 [38;5;117m[DEBUG]: [0mThis is a debug message from thread 2518-09-2026 00:29:34 [38;5;015m[INFO]: [0mThis is a info message from thread 218-09-2026 00:29:34 [38;5;009m[ERROR]: [0mThis is a error message from thread 1118-09-2026 00:29:34 [38;5;015m[INFO]: [0mThis is a info message from thread 2518-09-2026 00:29:34 [38;5;117m[DEBUG]: [0mThis is a debug message from thread 1218-09-2026 00:29:34 [38;5;009m[ERROR]: [0mThis is a error message from thread 218-09-2026 00:29:34 [38;5;015m[INFO]: [0mThis is a info message from thread 1718-09-2026 00:29:34 [38;5;009m[ERROR]: [0mThis is a error message from thread 018-09-2026 00:29:34 [38;5;009m[ERROR]: [0mThis is a error message from thread 2618-09-2026 00:29:34 [38;5;015m[INFO]: [0mThis is a info message from thread 2918-09-2026 00:29:34 [38;5;009m[ERROR]: [0mThis is a error message from thread 2518-09-2026 00:29:34 [38;5;117m[DEBUG]: [0mThis is a debug message from thread 218-09-2026 00:29:34 [38;5;009m[ERROR]: [0mThis is a error message from thread 818-09-2026 00:29:34 [38;5;015m[INFO]: [0mThis is a info message from thread 1218-09-2026 00:29:34 [38;5;009m[ERROR]: [0mThis is a error message from thread 2918-09-2026 00:29:34 [38;5;117m[DEBUG]: [0mThis is a debug message from thread 1118-09-2026 00:29:34 [38;5;015m[INFO]: [0mThis is a info message from thread 218-09-2026 00:29:34 [38;5;015m[INFO]: [0mThis is a info message from thread 2018-09-2026 00:29:34 [38;5;117m[DEBUG]: [0mThis is a debug message from thread 518-09-2026 00:29:34 [38;5;009m[ERROR]: [0mThis is a error message from thread 1718-09-2026 00:29:34 [38;5;015m[INFO]: [0mThis is a info message from thread 1118-09-2026 00:29:34 [38;5;009m[ERROR]: [0mThis is a error message from thread 2018-09-2026 00:29:34 [38;5;117m[DEBUG]: [0mThis is a debug message from thread 2518-09-2026 00:29:34 [38;5;117m[DEBUG]: [0mThis is a debug message from thread 2918-09-2026 00:29:34 [38;5;015m[INFO]: [0mThis is a info message from thread 318-09-2026 00:29:34 [38;5;015m[INFO]: [0mThis is a info message from thread 2518-09-2026 00:29:34 [38;5;009m[ERROR]: [0mThis is a error message from thread 918-09-2026 00:29:34 [38;5;015m[INFO]: [0mThis is a info message from thread 1618-09-2026 00:29:34 [38;5;009m[ERROR]: [0mThis is a error message from thread 218-09-2026 00:29:34 [38;5;117m[DEBUG]: [0mThis is a debug message from thread 718-09-2026 00:29:34 [38;5;015m[INFO]: [0mThis is a info message from thread 2918-09-2026 00:29:34 [38;5;015m[INFO]: [0mThis is a info message from thread 2218-09-2026 00:29:34 [38;5;009m[ERROR]: [0mThis is a error message from thread 1318-09-2026 00:29:34 [38;5;117m[DEBUG]: [0mThis is a debug message from thread 618-09-2026 00:29:34 [38;5;015m[INFO]: [0mThis is a info message from thread 718-09-2026 00:29:34 [38;5;015m[INFO]: [0mThis is a info message from thread 1518-09-2026 00:29:34 [38;5;009m[ERROR]: [0mThis is a error message from thread 718-09-2026 00:29:34 [38;5;015m[INFO]: [0mThis is a info message from thread 2818-09-2026 00:29:34 [38;5;009m[ERROR]: [0mThis is a error message from thread 1618-09-2026 00:29:34 [38;5;117m[DEBUG]: [0mThis is a debug message from thread 2318-09-2026 00:29:34 [38;5;117m[DEBUG]: [0mThis is a debug message from thread 418-09-2026 00:29:34 [38;5;015m[INFO]: [0mThis is a info message from thread 118-09-2026 00:29:34 [38;5;009m[ERROR]: [0mThis is a error message from thread 1518-09-2026 00:29:34 [38;5;009m[ERROR]: [0mThis is a error message from thread 118-09-2026 00:29:34 [38;5;009m[ERROR]: [0mThis is a error message from thread 2818-09-2026 00:29:34 [38;5;117m[DEBUG]: [0mThis is a debug message from thread 1718-09-2026 00:29:34 [38;5;009m[ERROR]: [0mThis is a error message from thread 1218-09-2026 00:29:34 [38;5;015m[INFO]: [0mThis is a info message from thread 418-09-2026 00:29:34 [38;5;117m[DEBUG]: [0mThis is a debug message from thread 918-09-2026 00:29:34 [38;5;015m[INFO]: [0mThis is a info message from thread 1718-09-2026 00:29:34 [38;5;009m[ERROR]: [0mThis is a error message from thread 318-09-2026 00:29:34 [38;5;015m[INFO]: [0mThis is a info message from thread 918-09-2026 00:29:34 [38;5;117m[DEBUG]: [0mThis is a debug message from thread 318-09-2026 00:29:34 [38;5;117m[DEBUG]: [0mThis is a debug message from thread 018-09-2026 00:29:34 [38;5;009m[ERROR]: [0mThis is a error message from thread 918-09-2026 00:29:34 [38;5;015m[INFO]: [0mThis is a info message from thread 318-09-2026 00:29:34 [38;5;015m[INFO]: [0mThis is a info message from thread 018-09-2026 00:29:34 [38;5;117m[DEBUG]: [0mThis is a debug message from thread 218-09-2026 00:29:34 [38;5;117m[DEBUG]: [0mThis is a debug message from thread 1618-09-2026 00:29:34 [38;5;015m[INFO]: [0mThis is a info message from thread 218-09-2026 00:29:34 [38;5;117m[DEBUG]: [0mThis is a debug message from thread 2618-09-2026 00:29:34 [38;5;015m[INFO]: [0mThis is a info message from thread 1618-09-2026 00:29:34 [38;5;117m[DEBUG]: [0mThis is a debug message from thread 1818-09-2026 00:29:34 [38;5;009m[ERROR]: [0mThis is a error message from thread 218-09-2026 00:29:34 [38;5;009m[ERROR]: [0mThis is a error message from thread 018-09-2026 00:29:34 [38;5;117m[DEBUG]: [0mThis is a debug message from thread 018-09-2026 00:29:34 [38;5;117m[DEBUG]: [0mThis is a debug message from thread 218-09-2026 00:29:34 [38;5;015m[INFO]: [0mThis is a info message from thread 1818-09-2026 00:29:34 [38;5;009m[ERROR]: [0mThis is a error message from thread 2718-09-2026 00:29:34 [38;5;015m[INFO]: [0mThis is a info message from thread 2618-09-2026 00:29:34 [38;5;117m[DEBUG]: [0mThis is a debug message from thread 2018-09-2026 00:29:34 [38;5;009m[ERROR]: [0mThis is a error message from thread 2518-09-2026 00:29:34 [38;5;009m[ERROR]: [0mThis is a error message from thread 1818-09-2026 00:29:34 [38;5;015m[INFO]: [0mThis is a info message from thread 218-09-2026 00:29:34 [38;5;015m[INFO]: [0mThis is a info message from thread 2018-09-2026 00:29:34 [38;5;117m[DEBUG]: [0mThis is a debug message from thread 1218-09-2026 00:29:34 [38;5;117m[DEBUG]: [0mThis is a debug message from thread 118-09-2026 00:29:34 [38;5;009m[ERROR]: [0mThis is a error message from thread 1918-09-2026 00:29:34 [38;5;117m[DEBUG]: [0mThis is a debug message from thread 2518-09-2026 00:29:34 [38;5;009m[ERROR]: [0mThis is a error message from thread 2018-09-2026 00:29:34 [38;5;117m[DEBUG]: [0mThis is a debug message from thread 1918-09-2026 00:29:34 [38;5;015m[INFO]: [0mThis is a info message from thread 2518-09-2026 00:29:34 [38;5;015m[INFO]: [0mThis is a info message from thread 1918-09-2026 00:29:34 [38;5;117m[DEBUG]: [0mThis is a debug message from thread 2018-09-2026 00:29:34 [38;5;015m[INFO]: [0mThis is a info message from thread 1218-09-2026 00:29:34 [38;5;015m[INFO]: [0mThis is a info message from thread 618-09-2026 00:29:34 [38;5;015m[INFO]: [0mThis is a info message from thread 2018-09-2026 00:29:34 [38;5;009m[ERROR]: [0mThis is a error message from thread 1918-09-2026 00:29:34 [38;5;009m[ERROR]: [0mThis is a error message from thread 618-09-2026 00:29:34 [38;5;009m[ERROR]: [0mThis is a error message from thread 1218-09-2026 00:29:34 [38;5;009m[ERROR]: [0mThis is a error message from thread 1718-09-2026 00:29:34 [38;5;009m[ERROR]: [0mThis is a error message from thread 2018-09-2026 00:29:34 [38;5;009m[ERROR]: [0mThis is a error message from thread 2518-09-2026 00:29:34 [38;5;117m[DEBUG]: [0mThis is a debug message from thread 1818-09-2026 00:29:34 [38;5;015m[INFO]: [0mThis is a info message from thread 1818-09-2026 00:29:34 [38;5;117m[DEBUG]: [0mThis is a debug message from thread 2518-09-2026 00:29:34 [38;5;009m[ERROR]: [0mThis is a error message from thread 1818-09-2026 00:29:34 [38;5;009m[ERROR]: [0mThis is a error message from thread 1418-09-2026 00:29:34 [38;5;015m[INFO]: [0mThis is a info message from thread 018-09-2026 00:29:34 [38;5;117m[DEBUG]: [0mThis is a debug message from thread 2818-09-2026 00:29:34 [38;5;117m[DEBUG]: [0mThis is a debug message from thread 618-09-2026 00:29:34 [38;5;015m[INFO]: [0mThis is a info message from thread 2518-09-2026 00:29:34 [38;5;117m[DEBUG]: [0mThis is a debug message from thread 2018-09-2026 00:29:34 [38;5;117m[DEBUG]: [0mThis is a debug message from thread 1718-09-2026 00:29:34 [38;5;117m[DEBUG]: [0mThis is a debug message from thread 1518-09-2026 00:29:34 [38;5;117m[DEBUG]: [0mThis is a debug message from thread 1218-09-2026 00:29:34 [38;5;009m[ERROR]: [0mThis is a error message from thread 1118-09-2026 00:29:34 [38;5;117m[DEBUG]: [0mThis is a debug message from thread 1818-09-2026 00:29:34 [38;5;117m[DEBUG]: [0mThis is a debug message from thread 818-09-2026 00:29:34 [38;5;009m[ERROR]: [0mThis is a error message from thread 218-09-2026 00:29:34 [38;5;117m[DEBUG]: [0mThis is a debug message from thread 918-09-2026 00:29:34 [38;5;015m[INFO]: [0mThis is a info message from thread 1518-09-2026 00:29:34 [38;5;117m[DEBUG]: [0mThis is a debug message from thread 718-09-2026 00:29:34 [38;5;015m[INFO]: [0mThis is a info message from thread 1718-09-2026 00:29:34 [38;5;117m[DEBUG]: [0mThis is a debug message from thread 1418-09-2026 00:29:34 [38;5;015m[INFO]: [0mThis is a info message from thread 618-09-2026 00:29:34 [38;5;015m[INFO]: [0mThis is a info message from thread 1018-09-2026 00:29:34 [38;5;009m[ERROR]: [0mThis is a error message from thread 1518-09-2026 00:29:34 [38;5;117m[DEBUG]: [0mThis is a debug message from thread 2718-09-2026 00:29:34 [38;5;015m[INFO]: [0mThis is a info message from thread 918-09-2026 00:29:34 [38;5;015m[INFO]: [0mThis is a info message from thread 718-09-2026 00:29:34 [38;5;015m[INFO]: [0mThis is a info message from thread 1218-09-2026 00:29:34 [38;5;009m[ERROR]: [0mThis is a error message from thread 2618-09-2026 00:29:34 [38;5;009m[ERROR]: [0mThis is a error message from thread 1618-09-2026 00:29:34 [38;5;009m[ERROR]: [0mThis is a error message from thread 1018-09-2026 00:29:34 [38;5;117m[DEBUG]: [0mThis is a debug message from thread 1918-09-2026 00:29:34 [38;5;117m[DEBUG]: [0mThis is a debug message from thread 2118-09-2026 00:29:34 [38;5;009m[ERROR]: [0mThis is a error message from thread 618-09-2026 00:29:34 [38;5;009m[ERROR]: [0mThis is a error message from thread 918-09-2026 00:29:34 [38;5;117m[DEBUG]: [0mThis is a debug message from thread 218-09-2026 00:29:34 [38;5;009m[ERROR]: [0mThis is a error message from thread 418-09-2026 00:29:34 [38;5;117m[DEBUG]: [0mThis is a debug message from thread 1018-09-2026 00:29:34 [38;5;117m[DEBUG]: [0mThis is a debug message from thread 2418-09-2026 00:29:34 [38;5;015m[INFO]: [0mThis is a info message from thread 2118-09-2026 00:29:34 [38;5;015m[INFO]: [0mThis is a info message from thread 1918-09-2026 00:29:34 [38;5;015m[INFO]: [0mThis is a info message from thread 1018-09-2026 00:29:34 [38;5;015m[INFO]: [0mThis is a info message from thread 2718-09-2026 00:29:34 [38;5;009m[ERROR]: [0mThis is a error message from thread 1218-09-2026 00:29:34 [38;5;015m[INFO]: [0mThis is a info message from thread 118-09-2026 00:29:34 [38;5;015m[INFO]: [0mThis is a info message from thread 218-09-2026 00:29:34 [38;5;117m[DEBUG]: [0mThis is a debug message from thread 1118-09-2026 00:29:34 [38;5;009m[ERROR]: [0mThis is a error message from thread 1918-09-2026 00:29:34 [38;5;117m[DEBUG]: [0mThis is a debug message from thread 418-09-2026 00:29:34 [38;5;009m[ERROR]: [0mThis is a error message from thread 218-09-2026 00:29:34 [38;5;015m[INFO]: [0mThis is a info message from thread 2818-09-2026 00:29:34 [38;5;015m[INFO]: [0mThis is a info message from thread 2318-09-2026 00:29:34 [38;5;015m[INFO]: [0mThis is a info message from thread 2018-09-2026 00:29:34 [38;5;009m[ERROR]: [0mThis is a error message from thread 2518-09-2026 00:29:34 [38;5;009m[ERROR]: [0mThis is a error message from thread 318-09-2026 00:29:34 [38;5;015m[INFO]: [0mThis is a info message from thread 418-09-2026 00:29:34 [38;5;009m[ERROR]: [0mThis is a error message from thread 1018-09-2026 00:29:34 [38;5;009m[ERROR]: [0mThis is a error message from thread 2218-09-2026 00:29:34 [38;5;009m[ERROR]: [0mThis is a error message from thread 018-09-2026 00:29:34 [38;5;009m[ERROR]: [0mThis is a error message from thread 2918-09-2026 00:29:34 [38;5;117m[DEBUG]: [0mThis is a debug message from thread 218-09-2026 00:29:34 [38;5;117m[DEBUG]: [0mThis is a debug message from thread 1018-09-2026 00:29:34 [38;5;117m[DEBUG]: [0mThis is a debug message from thread 018-09-2026 00:29:34 [38;5;117m[DEBUG]: [0mThis is a debug message from thread 1918-09-2026 00:29:34 [38;5;015m[INFO]: [0mThis is a info message from thread 218-09-2026 00:29:34 [38;5;117m[DEBUG]: [0mThis is a debug message from thread 2218-09-2026 00:29:34 [38;5;009m[ERROR]: [0mThis is a error message from thread 2318-09-2026 00:29:34 [38;5;009m[ERROR]: [0mThis is a error message from thread 418-09-2026 00:29:34 [38;5;009m[ERROR]: [0mThis is a error message from thread 218-09-2026 00:29:34 [38;5;015m[INFO]: [0mThis is a info message from thread 1018-09-2026 00:29:34 [38;5;015m[INFO]: [0mThis is a info message from thread 018-09-2026 00:29:34 [38;5;117m[DEBUG]: [0mThis is a debug message from thread 318-09-2026 00:29:34 [38;5;015m[INFO]: [0mThis is a info message from thread 518-09-2026 00:29:34 [38;5;117m[DEBUG]: [0mThis is a debug message from thread 2918-09-2026 00:29:34 [38;5;015m[INFO]: [0mThis is a info message from thread 1118-09-2026 00:29:34 [38;5;009m[ERROR]: [0mThis is a error message from thread 1018-09-2026 00:29:34 [38;5;015m[INFO]: [0mThis is a info message from thread 2218-09-2026 00:29:34 [38;5;117m[DEBUG]: [0mThis is a debug message from thread 1518-09-2026 00:29:34 [38;5;015m[INFO]: [0mThis is a info message from thread 1918-09-2026 00:29:34 [38;5;117m[DEBUG]: [0mThis is a debug message from thread 218-09-2026 00:29:34 [38;5;009m[ERROR]: [0mThis is a error message from thread 518-09-2026 00:29:34 [38;5;009m[ERROR]: [0mThis is a error message from thread 2818-09-2026 00:29:34 [38;5;015m[INFO]: [0mThis is a info message from thread 1418-09-2026 00:29:34 [38;5;117m[DEBUG]: [0mThis is a debug message from thread 1618-09-2026 00:29:34 [38;5;015m[INFO]: [0mThis is a info message from thread 218-09-2026 00:29:34 [38;5;015m[INFO]: [0mThis is a info message from thread 1518-09-2026 00:29:34 [38;5;117m[DEBUG]: [0mThis is a debug message from thread 1018-09-2026 00:29:34 [38;5;009m[ERROR]: [0mThis is a error message from thread 1918-09-2026 00:29:34 [38;5;117m[DEBUG]: [0mThis is a debug message from thread 2618-09-2026 00:29:34 [38;5;117m[DEBUG]: [0mThis is a debug message from thread 418-09-2026 00:29:34 [38;5;009m[ERROR]: [0mThis is a error message from thread 018-09-2026 00:29:34 [38;5;009m[ERROR]: [0mThis is a error message from thread 2018-09-2026 00:29:34 [38;5;015m[INFO]: [0mThis is a info message from thread 1618-09-2026 00:29:34 [38;5;009m[ERROR]: [0mThis is a error message from thread 218-09-2026 00:29:34 [38;5;117m[DEBUG]: [0mThis is a debug message from thread 1318-09-2026 00:29:34 [38;5;015m[INFO]: [0mThis is a info message from thread 2618-09-2026 00:29:34 [38;5;009m[ERROR]: [0mThis is a error message from thread 1718-09-2026 00:29:34 [38;5;009m[ERROR]: [0mThis is a error message from thread 2118-09-2026 00:29:34 [38;5;117m[DEBUG]: [0mThis is a debug message from thread 2518-09-2026 00:29:34 [38;5;117m[DEBUG]: [0mThis is a debug message from thread 1218-09-2026 00:29:34 [38;5;117m[DEBUG]: [0mThis is a debug message from thread 218-09-2026 00:29:34 [38;5;009m[ERROR]: [0mThis is a error message from thread 2618-09-2026 00:29:34 [38;5;117m[DEBUG]: [0mThis is a debug message from thread 2118-09-2026 00:29:34 [38;5;015m[INFO]: [0mThis is a info message from thread 1318-09-2026 00:29:34 [38;5;009m[ERROR]: [0mThis is a error message from thread 118-09-2026 00:29:34 [38;5;117m[DEBUG]: [0mThis is a debug message from thread 118-09-2026 00:29:34 [38;5;015m[INFO]: [0mThis is a info message from thread 218-09-2026 00:29:34 [38;5;015m[INFO]: [0mThis is a info message from thread 2118-09-2026 00:29:34 [38;5;009m[ERROR]: [0mThis is a error message from thread 218-09-2026 00:29:34 [38;5;009m[ERROR]: [0mThis is a error message from thread 1118-09-2026 00:29:34 [38;5;117m[DEBUG]: [0mThis is a debug message from thread 2318-09-2026 00:29:34 [38;5;117m[DEBUG]: [0mThis is a debug message from thread 1718-09-2026 00:29:34 [38;5;117m[DEBUG]: [0mThis is a debug message from thread 518-09-2026 00:29:34 [38;5;009m[ERROR]: [0mThis is a error message from thread 2218-09-2026 00:29:34 [38;5;009m[ERROR]: [0mThis is a error message from thread 2718-09-2026 00:29:34 [38;5;009m[ERROR]: [0mThis is a error message from thread 718-09-2026 00:29:34 [38;5;015m[INFO]: [0mThis is a info message from thread 2318-09-2026 00:29:34 [38;5;117m[DEBUG]: [0mThis is a debug message from thread 718-09-2026 00:29:34 [38;5;015m[INFO]: [0mThis is a info message from thread 2918-09-2026 00:29:34 [38;5;117m[DEBUG]: [0mThis is a debug message from thread 918-09-2026 00:29:34 [38;5;015m[INFO]: [0mThis is a info message from thread 518-09-2026 00:29:34 [38;5;117m[DEBUG]: [0mThis is a debug message from thread 2218-09-2026 00:29:34 [38;5;009m[ERROR]: [0mThis is a error message from thread 2918-09-2026 00:29:34 [38;5;117m[DEBUG]: [0mThis is a debug message from thread 2618-09-2026 00:29:34 [38;5;015m[INFO]: [0mThis is a info message from thread 1218-09-2026 00:29:34 [38;5;009m[ERROR]: [0mThis is a error message from thread 2318-09-2026 00:29:34 [38;5;015m[INFO]: [0mThis is a info message from thread 2218-09-2026 00:29:34 [38;5;009m[ERROR]: [0mThis is a error message from thread 1218-09-2026 00:29:34 [38;5;015m[INFO]: [0mThis is a info message from thread 2618-09-2026 00:29:34 [38;5;117m[DEBUG]: [0mThis is a debug message from thread 2918-09-2026 00:29:34 [38;5;015m[INFO]: [0mThis is a info message from thread 418-09-2026 00:29:34 [38;5;117m[DEBUG]: [0mThis is a debug message from thread 1118-09-2026 00:29:34 [38;5;015m[INFO]: [0mThis is a info message from thread 1718-09-2026 00:29:34 [38;5;117m[DEBUG]: [0mThis is a debug message from thread 018-09-2026 00:29:34 [38;5;015m[INFO]: [0mThis is a info message from thread 1818-09-2026 00:29:34 [38;5;015m[INFO]: [0mThis is a info message from thread 2918-09-2026 00:29:34 [38;5;015m[INFO]: [0mThis is a info message from thread 718-09-2026 00:29:34 [38;5;117m[DEBUG]: [0mThis is a debug message from thread 2318-09-2026 00:29:34 [38;5;015m[INFO]: [0mThis is a info message from thread 918-09-2026 00:29:34 [38;5;009m[ERROR]: [0mThis is a error message from thread 1718-09-2026 00:29:34 [38;5;009m[ERROR]: [0mThis is a error message from thread 518-09-2026 00:29:34 [38;5;009m[ERROR]: [0mThis is a error message from thread 1818-09-2026 00:29:34 [38;5;009m[ERROR]: [0mThis is a error message from thread 718-09-2026 00:29:34 [38;5;117m[DEBUG]: [0mThis is a debug message from thread 518-09-2026 00:29:34 [38;5;117m[DEBUG]: [0mThis is a debug message from thread 1718-09-2026 00:29:34 [38;5;009m[ERROR]: [0mThis is a error message from thread 918-09-2026 00:29:34 [38;5;015m[INFO]: [0mThis is a info message from thread 1018-09-2026 00:29:34 [38;5;117m[DEBUG]: [0mThis is a debug message from thread 2818-09-2026 00:29:34 [38;5;015m[INFO]: [0mThis is a info message from thread 018-09-2026 00:29:34 [38;5;015m[INFO]: [0mThis is a info message from thread 2818-09-2026 00:29:34 [38;5;009m[ERROR]: [0mThis is a error message from thread 1018-09-2026 00:29:34 [38;5;117m[DEBUG]: [0mThis is a debug message from thread 718-09-2026 00:29:34 [38;5;009m[ERROR]: [0mThis is a error message from thread 2818-09-2026 00:29:34 [38;5;009m[ERROR]: [0mThis is a error message from thread 018-09-2026 00:29:34 [38;5;015m[INFO]: [0mThis is a info message from thread 718-09-2026 00:29:34 [38;5;015m[INFO]: [0mThis is a info message from thread 318-09-2026 00:29:34 [38;5;117m[DEBUG]: [0mThis is a debug message from thread 618-09-2026 00:29:34 [38;5;117m[DEBUG]: [0mThis is a debug message from thread 2818-09-2026 00:29:34 [38;5;009m[ERROR]: [0mThis is a error message from thread 418-09-2026 00:29:34 [38;5;015m[INFO]: [0mThis is a info message from thread 618-09-2026 00:29:34 [38;5;117m[DEBUG]: [0mThis is a debug message from thread 418-09-2026 00:29:34 [38;5;009m[ERROR]: [0mThis is a error message from thread 618-09-2026 00:29:34 [38;5;009m[ERROR]: [0mThis is a error message from thread 718-09-2026 00:29:34 [38;5;015m[INFO]: [0mThis is a info message from thread 2418-09-2026 00:29:34 [38;5;009m[ERROR]: [0mThis is a error message from thread 318-09-2026 00:29:34 [38;5;009m[ERROR]: [0mThis is a error message from thread 2218-09-2026 00:29:34 [38;5;117m[DEBUG]: [0mThis is a debug message from thread 718-09-2026 00:29:34 [38;5;117m[DEBUG]: [0mThis is a debug message from thread 318-09-2026 00:29:34 [38;5;009m[ERROR]: [0mThis is a error message from thread 2418-09-2026 00:29:34 [38;5;015m[INFO]: [0mThis is a info message from thread 718-09-2026 00:29:34 [38;5;117m[DEBUG]: [0mThis is a debug message from thread 2218-09-2026 00:29:34 [38;5;117m[DEBUG]: [0mThis is a debug message from thread 2418-09-2026 00:29:34 [38;5;015m[INFO]: [0mThis is a info message from thread 318-09-2026 00:29:34 [38;5;015m[INFO]: [0mThis is a info message from thread 2418-09-2026 00:29:34 [38;5;015m[INFO]: [0mThis is a info message from thread 2218-09-2026 00:29:34 [38;5;117m[DEBUG]: [0mThis is a debug message from thread 1918-09-2026 00:29:34 [38;5;009m[ERROR]: [0mThis is a error message from thread 1318-09-2026 00:29:34 [38;5;009m[ERROR]: [0mThis is a error message from thread 318-09-2026 00:29:34 [38;5;009m[ERROR]: [0mThis is a error message from thread 1618-09-2026 00:29:34 [38;5;117m[DEBUG]: [0mThis is a debug message from thread 318-09-2026 00:29:34 [38;5;009m[ERROR]: [0mThis is a error message from thread 2218-09-2026 00:29:34 [38;5;015m[INFO]: [0mThis is a info message from thread 818-09-2026 00:29:34 [38;5;117m[DEBUG]: [0mThis is a debug message from thread 2018-09-2026 00:29:34 [38;5;009m[ERROR]: [0mThis is a error message from thread 818-09-2026 00:29:34 [38;5;015m[INFO]: [0mThis is a info message from thread 2018-09-2026 00:29:34 [38;5;009m[ERROR]: [0mThis is a error message from thread 1518-09-2026 00:29:34 [38;5;009m[ERROR]: [0mThis is a error message from thread 2018-09-2026 00:29:34 [38;5;117m[DEBUG]: [0mThis is a debug message from thread 1518-09-2026 00:29:34 [38;5;117m[DEBUG]: [0mThis is a debug message from thread 018-09-2026 00:29:34 [38;5;117m[DEBUG]: [0mThis is a debug message from thread 2718-09-2026 00:29:34 [38;5;117m[DEBUG]: [0mThis is a debug message from thread 618-09-2026 00:29:34 [38;5;015m[INFO]: [0mThis is a info message from thread 018-09-2026 00:29:34 [38;5;015m[INFO]: [0mThis is a info message from thread 418-09-2026 00:29:34 [38;5;009m[ERROR]: [0mThis is a error message from thread 418-09-2026 00:29:34 [38;5;009m[ERROR]: [0mThis is a error message from thread 2118-09-2026 00:29:34 [38;5;009m[ERROR]: [0mThis is a error message from thread 018-09-2026 00:29:34 [38;5;117m[DEBUG]: [0mThis is a debug message from thread 418-09-2026 00:29:34 [38;5;015m[INFO]: [0mThis is a info message from thread 618-09-2026 00:29:34 [38;5;015m[INFO]: [0mThis is a info message from thread 2718-09-2026 00:29:34 [38;5;009m[ERROR]: [0mThis is a error message from thread 2418-09-2026 00:29:34 [38;5;117m[DEBUG]: [0mThis is a debug message from thread 1618-09-2026 00:29:34 [38;5;117m[DEBUG]: [0mThis is a debug message from thread 1818-09-2026 00:29:34 [38;5;015m[INFO]: [0mThis is a info message from thread 118-09-2026 00:29:34 [38;5;015m[INFO]: [0mThis is a info message from thread 2518-09-2026 00:29:34 [38;5;009m[ERROR]: [0mThis is a error message from thread 2918-09-2026 00:29:34 [38;5;117m[DEBUG]: [0mThis is a debug message from thread 218-09-2026 00:29:34 [38;5;015m[INFO]: [0mThis is a info message from thread 1918-09-2026 00:29:34 [38;5;015m[INFO]: [0mThis is a info message from thread 1518-09-2026 00:29:34 [38;5;117m[DEBUG]: [0mThis is a debug message from thread 1318-09-2026 00:29:34 [38;5;009m[ERROR]: [0mThis is a error message from thread 718-09-2026 00:29:34 [38;5;117m[DEBUG]: [0mThis is a debug message from thread 1018-09-2026 00:29:34 [38;5;117m[DEBUG]: [0mThis is a debug message from thread 2218-09-2026 00:29:34 [38;5;015m[INFO]: [0mThis is a info message from thread 418-09-2026 00:29:34 [38;5;009m[ERROR]: [0mThis is a error message from thread 1518-09-2026 00:29:34 [38;5;009m[ERROR]: [0mThis is a error message from thread 2518-09-2026 00:29:34 [38;5;009m[ERROR]: [0mThis is a error message from thread 1918-09-2026 00:29:34 [38;5;015m[INFO]: [0mThis is a info message from thread 318-09-2026 00:29:34 [38;5;009m[ERROR]: [0mThis is a error message from thread 2718-09-2026 00:29:34 [38;5;117m[DEBUG]: [0mThis is a debug message from thread 1518-09-2026 00:29:34 [38;5;117m[DEBUG]: [0mThis is a debug message from thread 718-09-2026 00:29:34 [38;5;009m[ERROR]: [0mThis is a error message from thread 1418-09-2026 00:29:34 [38;5;117m[DEBUG]: [0mThis is a debug message from thread 2918-09-2026 00:29:34 [38;5;117m[DEBUG]: [0mThis is a debug message from thread 2518-09-2026 00:29:34 [38;5;009m[ERROR]: [0mThis is a error message from thread 318-09-2026 00:29:34 [38;5;009m[ERROR]: [0mThis is a error message from thread 418-09-2026 00:29:34 [38;5;015m[INFO]: [0mThis is a info message from thread 2218-09-2026 00:29:34 [38;5;015m[INFO]: [0mThis is a info message from thread 1718-09-2026 00:29:34 [38;5;117m[DEBUG]: [0mThis is a debug message from thread 318-09-2026 00:29:34 [38;5;009m[ERROR]: [0mThis is a error message from thread 1718-09-2026 00:29:34 [38;5;015m[INFO]: [0mThis is a info message from thread 2918-09-2026 00:29:34 [38;5;117m[DEBUG]: [0mThis is a debug message from thread 1418-09-2026 00:29:34 [38;5;015m[INFO]: [0mThis is a info message from thread 318-09-2026 00:29:34 [38;5;015m[INFO]: [0mThis is a info message from thread 1118-09-2026 00:29:34 [38;5;015m[INFO]: [0mThis is a info message from thread 218-09-2026 00:29:34 [38;5;015m[INFO]: [0mThis is a info message from thread 518-09-2026 00:29:34 [38;5;015m[INFO]: [0mThis is a info message from thread 2818-09-2026 00:29:34 [38;5;117m[DEBUG]: [0mThis is a debug message from thread 2118-09-2026 00:29:34 [38;5;009m[ERROR]: [0mThis is a error message from thread 318-09-2026 00:29:34 [38;5;009m[ERROR]: [0mThis is a error message from thread 1118-09-2026 00:29:34 [38;5;117m[DEBUG]: [0mThis is a debug message from thread 2718-09-2026 00:29:34 [38;5;117m[DEBUG]: [0mThis is a debug message from thread 1718-09-2026 00:29:34 [38;5;117m[DEBUG]: [0mThis is a debug message from thread 1918-09-2026 00:29:34 [38;5;009m[ERROR]: [0mThis is a error message from thread 518-09-2026 00:29:34 [38;5;117m[DEBUG]: [0mThis is a debug message from thread 318-09-2026 00:29:34 [38;5;015m[INFO]: [0mThis is a info message from thread 1418-09-2026 00:29:34 [38;5;015m[INFO]: [0mThis is a info message from thread 318-09-2026 00:29:34 [38;5;009m[ERROR]: [0mThis is a error message from thread 2918-09-2026 00:29:34 [38;5;015m[INFO]: [0mThis is a info message from thread 1718-09-2026 00:29:34 [38;5;117m[DEBUG]: [0mThis is a debug message from thread 518-09-2026 00:29:34 [38;5;009m[ERROR]: [0mThis is a error message from thread 1718-09-2026 00:29:34 [38;5;009m[ERROR]: [0mThis is a error message from thread 1418-09-2026 00:29:34 [38;5;015m[INFO]: [0mThis is a info message from thread 2718-09-2026 00:29:34 [38;5;117m[DEBUG]: [0mThis is a debug message from thread 1118-09-2026 00:29:34 [38;5;015m[INFO]: [0mThis is a info message from thread 1918-09-2026 00:29:34 [38;5;117m[DEBUG]: [0mThis is a debug message from thread 1418-09-2026 00:29:34 [38;5;009m[ERROR]: [0mThis is a error message from thread 218-09-2026 00:29:34 [38;5;015m[INFO]: [0mThis is a info message from thread 1618-09-2026 00:29:34 [38;5;015m[INFO]: [0mThis is a info message from thread 1418-09-2026 00:29:34 [38;5;117m[DEBUG]: [0mThis is a debug message from thread 018-09-2026 00:29:34 [38;5;009m[ERROR]: [0mThis is a error message from thread 1918-09-2026 00:29:34 [38;5;015m[INFO]: [0mThis is a info message from thread 2318-09-2026 00:29:34 [38;5;009m[ERROR]: [0mThis is a error message from thread 618-09-2026 00:29:34 [38;5;117m[DEBUG]: [0mThis is a debug message from thread 1918-09-2026 00:29:34 [38;5;009m[ERROR]: [0mThis is a error message from thread 2318-09-2026 00:29:34 [38;5;117m[DEBUG]: [0mThis is a debug message from thread 618-09-2026 00:29:34 [38;5;117m[DEBUG]: [0mThis is a debug message from thread 218-09-2026 00:29:34 [38;5;117m[DEBUG]: [0mThis is a debug message from thread 2918-09-2026 00:29:34 [38;5;015m[INFO]: [0mThis is a info message from thread 018-09-2026 00:29:34 [38;5;015m[INFO]: [0mThis is a info message from thread 1318-09-2026 00:29:34 [38;5;015m[INFO]: [0mThis is a info message from thread 2518-09-2026 00:29:34 [38;5;015m[INFO]: [0mThis is a info message from thread 1118-09-2026 00:29:34 [38;5;015m[INFO]: [0mThis is a info message from thread 1018-09-2026 00:29:34 [38;5;009m[ERROR]: [0mThis is a error message from thread 1118-09-2026 00:29:34 [38;5;009m[ERROR]: [0mThis is a error message from thread 1318-09-2026 00:29:34 [38;5;015m[INFO]: [0mThis is a info message from thread 2918-09-2026 00:29:34 [38;5;015m[INFO]: [0mThis is a info message from thread 618-09-2026 00:29:34 [38;5;009m[ERROR]: [0mThis is a error message from thread 1418-09-2026 00:29:34 [38;5;015m[INFO]: [0mThis is a info message from thread 1918-09-2026 00:29:34 [38;5;009m[ERROR]: [0mThis is a error message from thread 018-09-2026 00:29:34 [38;5;015m[INFO]: [0mThis is a info message from thread 718-09-2026 00:29:34 [38;5;117m[DEBUG]: [0mThis is a debug message from thread 1118-09-2026 00:29:34 [38;5;117m[DEBUG]: [0mThis is a debug message from thread 1318-09-2026 00:29:34 [38;5;009m[ERROR]: [0mThis is a error message from thread 2818-09-2026 00:29:34 [38;5;015m[INFO]: [0mThis is a info message from thread 1518-09-2026 00:29:34 [38;5;009m[ERROR]: [0mThis is a error message from thread 2918-09-2026 00:29:34 [38;5;117m[DEBUG]: [0mThis is a debug message from thread 818-09-2026 00:29:34 [38;5;009m[ERROR]: [0mThis is a error message from thread 318-09-2026 00:29:34 [38;5;015m[INFO]: [0mThis is a info message from thread 1318-09-2026 00:29:34 [38;5;117m[DEBUG]: [0mThis is a debug message from thread 2018-09-2026 00:29:34 [38;5;117m[DEBUG]: [0mThis is a debug message from thread 2818-09-2026 00:29:34 [38;5;015m[INFO]: [0mThis is a info message from thread 1818-09-2026 00:29:34 [38;5;009m[ERROR]: [0mThis is a error message from thread 1518-09-2026 00:29:34 [38;5;117m[DEBUG]: [0mThis is a debug message from thread 1418-09-2026 00:29:34 [38;5;117m[DEBUG]: [0mThis is a debug message from thread 1218-09-2026 00:29:34 [38;5;009m[ERROR]: [0mThis is a error message from thread 2518-09-2026 00:29:34 [38;5;015m[INFO]: [0mThis is a info message from thread 1218-09-2026 00:29:34 [38;5;015m[INFO]: [0mThis is a info message from thread 2818-09-2026 00:29:34 [38;5;117m[DEBUG]: [0mThis is a debug message from thread 318-09-2026 00:29:34 [38;5;015m[INFO]: [0mThis is a info message from thread 2018-09-2026 00:29:34 [38;5;009m[ERROR]: [0mThis is a error message from thread 1218-09-2026 00:29:34 [38;5;009m[ERROR]: [0mThis is a error message from thread 1318-09-2026 00:29:34 [38;5;117m[DEBUG]: [0mThis is a debug message from thread 1218-09-2026 00:29:34 [38;5;117m[DEBUG]: [0mThis is a debug message from thread 918-09-2026 00:29:34 [38;5;015m[INFO]: [0mThis is a info message from thread 2118-09-2026 00:29:34 [38;5;117m[DEBUG]: [0mThis is a debug message from thread 1718-09-2026 00:29:34 [38;5;009m[ERROR]: [0mThis is a error message from thread 718-09-2026 00:29:34 [38;5;015m[INFO]: [0mThis is a info message from thread 1218-09-2026 00:29:34 [38;5;009m[ERROR]: [0mThis is a error message from thread 618-09-2026 00:29:34 [38;5;117m[DEBUG]: [0mThis is a debug message from thread 2918-09-2026 00:29:34 [38;5;009m[ERROR]: [0mThis is a error message from thread 118-09-2026 00:29:34 [38;5;015m[INFO]: [0mThis is a info message from thread 318-09-2026 00:29:34 [38;5;117m[DEBUG]: [0mThis is a debug message from thread 018-09-2026 00:29:34 [38;5;015m[INFO]: [0mThis is a info message from thread 1118-09-2026 00:29:34 [38;5;009m[ERROR]: [0mThis is a error message from thread 2218-09-2026 00:29:34 [38;5;117m[DEBUG]: [0mThis is a debug message from thread 718-09-2026 00:29:34 [38;5;009m[ERROR]: [0mThis is a error message from thread 2018-09-2026 00:29:34 [38;5;009m[ERROR]: [0mThis is a error message from thread 1218-09-2026 00:29:34 [38;5;117m[DEBUG]: [0mThis is a debug message from thread 418-09-2026 00:29:34 [38;5;009m[ERROR]: [0mThis is a error message from thread 318-09-2026 00:29:34 [38;5;009m[ERROR]: [0mThis is a error message from thread 2618-09-2026 00:29:34 [38;5;009m[ERROR]: [0mThis is a error message from thread 1618-09-2026 00:29:34 [38;5;117m[DEBUG]: [0mThis is a debug message from thread 1518-09-2026 00:29:34 [38;5;117m[DEBUG]: [0mThis is a debug message from thread 2018-09-2026 00:29:34 [38;5;015m[INFO]: [0mThis is a info message from thread 1718-09-2026 00:29:34 [38;5;117m[DEBUG]: [0mThis is a debug message from thread 318-09-2026 00:29:34 [38;5;117m[DEBUG]: [0mThis is a debug message from thread 2618-09-2026 00:29:34 [38;5;015m[INFO]: [0mThis is a info message from thread 1418-09-2026 00:29:34 [38;5;117m[DEBUG]: [0mThis is a debug message from thread 2518-09-2026 00:29:34 [38;5;117m[DEBUG]: [0mThis is a debug message from thread 2418-09-2026 00:29:34 [38;5;015m[INFO]: [0mThis is a info message from thread 318-09-2026 00:29:34 [38;5;009m[ERROR]: [0mThis is a error message from thread 1418-09-2026 00:29:34 [38;5;015m[INFO]: [0mThis is a info message from thread 2418-09-2026 00:29:34 [38;5;015m[INFO]: [0mThis is a info message from thread 518-09-2026 00:29:34 [38;5;117m[DEBUG]: [0mThis is a debug message from thread 1218-09-2026 00:29:34 [38;5;009m[ERROR]: [0mThis is a error message from thread 318-09-2026 00:29:34 [38;5;015m[INFO]: [0mThis is a info message from thread 918-09-2026 00:29:34 [38;5;009m[ERROR]: [0mThis is a error message from thread 2818-09-2026 00:29:34 [38;5;117m[DEBUG]: [0mThis is a debug message from thread 1418-09-2026 00:29:34 [38;5;015m[INFO]: [0mThis is a info message from thread 718-09-2026 00:29:34 [38;5;117m[DEBUG]: [0mThis is a debug message from thread 618-09-2026 00:29:34 [38;5;117m[DEBUG]: [0mThis is a debug message from thread 2218-09-2026 00:29:34 [38;5;117m[DEBUG]: [0mThis is a debug message from thread 318-09-2026 00:29:34 [38;5;015m[INFO]: [0mThis is a info message from thread 2518-09-2026 00:29:34 [38;5;015m[INFO]: [0mThis is a info message from thread 618-09-2026 00:29:34 [38;5;009m[ERROR]: [0mThis is a error message from thread 2518-09-2026 00:29:34 [38;5;117m[DEBUG]: [0mThis is a debug message from thread 2818-09-2026 00:29:34 [38;5;015m[INFO]: [0mThis is a info message from thread 1218-09-2026 00:29:34 [38;5;015m[INFO]: [0mThis is a info message from thread 1418-09-2026 00:29:34 [38;5;009m[ERROR]: [0mThis is a error message from thread 618-09-2026 00:29:34 [38;5;009m[ERROR]: [0mThis is a error message from thread 1218-09-2026 00:29:34 [38;5;117m[DEBUG]: [0mThis is a debug message from thread 618-09-2026 00:29:34 [38;5;015m[INFO]: [0mThis is a info message from thread 318-09-2026 00:29:34 [38;5;009m[ERROR]: [0mThis is a error message from thread 718-09-2026 00:29:34 [38;5;015m[INFO]: [0mThis is a info message from thread 2818-09-2026 00:29:34 [38;5;009m[ERROR]: [0mThis is a error message from thread 1118-09-2026 00:29:34 [38;5;117m[DEBUG]: [0mThis is a debug message from thread 1118-09-2026 00:29:34 [38;5;009m[ERROR]: [0mThis is a error message from thread 318-09-2026 00:29:34 [38;5;015m[INFO]: [0mThis is a info message from thread 1118-09-2026 00:29:34 [38;5;015m[INFO]: [0mThis is a info message from thread 818-09-2026 00:29:34 [38;5;009m[ERROR]: [0mThis is a error message from thread 918-09-2026 00:29:34 [38;5;015m[INFO]: [0mThis is a info message from thread 418-09-2026 00:29:34 [38;5;117m[DEBUG]: [0mThis is a debug message from thread 2518-09-2026 00:29:34 [38;5;015m[INFO]: [0mThis is a info message from thread 2618-09-2026 00:29:34 [38;5;015m[INFO]: [0mThis is a info message from thread 2918-09-2026 00:29:34 [38;5;009m[ERROR]: [0mThis is a error message from thread 518-09-2026 00:29:34 [38;5;117m[DEBUG]: [0mThis is a debug message from thread 1318-09-2026 00:29:34 [38;5;009m[ERROR]: [0mThis is a error message from thread 1718-09-2026 00:29:34 [38;5;117m[DEBUG]: [0mThis is a debug message from thread 1618-09-2026 00:29:34 [38;5;117m[DEBUG]: [0mThis is a debug message from thread 318-09-2026 00:29:34 [38;5;009m[ERROR]: [0mThis is a error message from thread 818-09-2026 00:29:34 [38;5;009m[ERROR]: [0mThis is a error message from thread 2618-09-2026 00:29:34 [38;5;009m[ERROR]: [0mThis is a error message from thread 418-09-2026 00:29:34 [38;5;117m[DEBUG]: [0mThis is a debug message from thread 1718-09-2026 00:29:34 [38;5;015m[INFO]: [0mThis is a info message from thread 2218-09-2026 00:29:34 [38;5;015m[INFO]: [0mThis is a info message from thread 1718-09-2026 00:29:34 [38;5;009m[ERROR]: [0mThis is a error message from thread 2218-09-2026 00:29:34 [38;5;117m[DEBUG]: [0mThis is a debug message from thread 2318-09-2026 00:29:34 [38;5;117m[DEBUG]: [0mThis is a debug message from thread 518-09-2026 00:29:34 [38;5;015m[INFO]: [0mThis is a info message from thread 2318-09-2026 00:29:34 [38;5;009m[ERROR]: [0mThis is a error message from thread 2318-09-2026 00:29:34 [38;5;015m[INFO]: [0mThis is a info message from thread 618-09-2026 00:29:34 [38;5;009m[ERROR]: [0mThis is a error message from thread 618-09-2026 00:29:34 [38;5;117m[DEBUG]: [0mThis is a debug message from thread 2218-09-2026 00:29:34 [38;5;117m[DEBUG]: [0mThis is a debug message from thread 618-09-2026 00:29:34 [38;5;117m[DEBUG]: [0mThis is a debug message from thread 2618-09-2026 00:29:34 [38;5;009m[ERROR]: [0mThis is a error message from thread 1018-09-2026 00:29:34 [38;5;015m[INFO]: [0mThis is a info message from thread 2518-09-2026 00:29:34 [38;5;015m[INFO]: [0mThis is a info message from thread 618-09-2026 00:29:34 [38;5;015m[INFO]: [0mThis is a info message from thread 518-09-2026 00:29:34 [38;5;015m[INFO]: [0mThis is a info message from thread 2618-09-2026 00:29:34 [38;5;117m[DEBUG]: [0mThis is a debug message from thread 1018-09-2026 00:29:34 [38;5;009m[ERROR]: [0mThis is a error message from thread 1818-09-2026 00:29:34 [38;5;015m[INFO]: [0mThis is a info message from thread 2218-09-2026 00:29:34 [38;5;009m[ERROR]: [0mThis is a error message from thread 2618-09-2026 00:29:34 [38;5;117m[DEBUG]: [0mThis is a debug message from thread 1818-09-2026 00:29:34 [38;5;009m[ERROR]: [0mThis is a error message from thread 2418-09-2026 00:29:34 [38;5;009m[ERROR]: [0mThis is a error message from thread 2218-09-2026 00:29:34 [38;5;009m[ERROR]: [0mThis is a error message from thread 518-09-2026 00:29:34 [38;5;015m[INFO]: [0mThis is a info message from thread 1318-09-2026 00:29:34 [38;5;015m[INFO]: [0mThis is a info message from thread 218-09-2026 00:29:34 [38;5;117m[DEBUG]: [0mThis is a debug message from thread 518-09-2026 00:29:34 [38;5;117m[DEBUG]: [0mThis is a debug message from thread 2418-09-2026 00:29:34 [38;5;117m[DEBUG]: [0mThis is a debug message from thread 1218-09-2026 00:29:34 [38;5;009m[ERROR]: [0mThis is a error message from thread 2518-09-2026 00:29:34 [38;5;009m[ERROR]: [0mThis is a error message from thread 1918-09-2026 00:29:34 [38;5;015m[INFO]: [0mThis is a info message from thread 518-09-2026 00:29:34 [38;5;009m[ERROR]: [0mThis is a error message from thread 1318-09-2026 00:29:34 [38;5;015m[INFO]: [0mThis is a info message from thread 1518-09-2026 00:29:34 [38;5;117m[DEBUG]: [0mThis is a debug message from thread 1918-09-2026 00:29:34 [38;5;009m[ERROR]: [0mThis is a error message from thread 1418-09-2026 00:29:34 [38;5;117m[DEBUG]: [0mThis is a debug message from thread 918-09-2026 00:29:34 [38;5;015m[INFO]: [0mThis is a info message from thread 2418-09-2026 00:29:34 [38;5;117m[DEBUG]: [0mThis is a debug message from thread 2318-09-2026 00:29:34 [38;5;117m[DEBUG]: [0mThis is a debug message from thread 1318-09-2026 00:29:34 [38;5;009m[ERROR]: [0mThis is a error message from thread 218-09-2026 00:29:34 [38;5;117m[DEBUG]: [0mThis is a debug message from thread 118-09-2026 00:29:34 [38;5;117m[DEBUG]: [0mThis is a debug message from thread 1418-09-2026 00:29:34 [38;5;117m[DEBUG]: [0mThis is a debug message from thread 218-09-2026 00:29:34 [38;5;117m[DEBUG]: [0mThis is a debug message from thread 2218-09-2026 00:29:34 [38;5;015m[INFO]: [0mThis is a info message from thread 018-09-2026 00:29:34 [38;5;015m[INFO]: [0mThis is a info message from thread 1418-09-2026 00:29:34 [38;5;015m[INFO]: [0mThis is a info message from thread 918-09-2026 00:29:34 [38;5;009m[ERROR]: [0mThis is a error message from thread 2418-09-2026 00:29:34 [38;5;015m[INFO]: [0mThis is a info message from thread 118-09-2026 00:29:34 [38;5;009m[ERROR]: [0mThis is a error message from thread 1118-09-2026 00:29:34 [38;5;117m[DEBUG]: [0mThis is a debug message from thread 2518-09-2026 00:29:34 [38;5;015m[INFO]: [0mThis is a info message from thread 318-09-2026 00:29:34 [38;5;117m[DEBUG]: [0mThis is a debug message from thread 1118-09-2026 00:29:34 [38;5;015m[INFO]: [0mThis is a info message from thread 1118-09-2026 00:29:34 [38;5;009m[ERROR]: [0mThis is a error message from thread 318-09-2026 00:29:34 [38;5;009m[ERROR]: [0mThis is a error message from thread 118-09-2026 00:29:34 [38;5;009m[ERROR]: [0mThis is a error message from thread 018-09-2026 00:29:34 [38;5;015m[INFO]: [0mThis is a info message from thread 2518-09-2026 00:29:34 [38;5;117m[DEBUG]: [0mThis is a debug message from thread 018-09-2026 00:29:34 [38;5;009m[ERROR]: [0mThis is a error message from thread 1118-09-2026 00:29:34 [38;5;117m[DEBUG]: [0mThis is a debug message from thread 118-09-2026 00:29:34 [38;5;015m[INFO]: [0mThis is a info message from thread 1318-09-2026 00:29:34 [38;5;009m[ERROR]: [0mThis is a error message from thread 618-09-2026 00:29:34 [38;5;015m[INFO]: [0mThis is a info message from thread 2318-09-2026 00:29:34 [38;5;117m[DEBUG]: [0mThis is a debug message from thread 2618-09-2026 00:29:34 [38;5;009m[ERROR]: [0mThis is a error message from thread 2518-09-2026 00:29:34 [38;5;009m[ERROR]: [0mThis is a error message from thread 2918-09-2026 00:29:34 [38;5;015m[INFO]: [0mThis is a info message from thread 1618-09-2026 00:29:34 [38;5;009m[ERROR]: [0mThis is a error message from thread 918-09-2026 00:29:34 [38;5;009m[ERROR]: [0mThis is a error message from thread 518-09-2026 00:29:34 [38;5;009m[ERROR]: [0mThis is a error message from thread 1718-09-2026 00:29:34 [38;5;009m[ERROR]: [0mThis is a error message from thread 2118-09-2026 00:29:34 [38;5;117m[DEBUG]: [0mThis is a debug message from thread 618-09-2026 00:29:34 [38;5;117m[DEBUG]: [0mThis is a debug message from thread 1118-09-2026 00:29:34 [38;5;117m[DEBUG]: [0mThis is a debug message from thread 818-09-2026 00:29:34 [38;5;117m[DEBUG]: [0mThis is a debug message from thread 2918-09-2026 00:29:34 [38;5;015m[INFO]: [0mThis is a info message from thread 2918-09-2026 00:29:34 [38;5;117m[DEBUG]: [0mThis is a debug message from thread 918-09-2026 00:29:34 [38;5;117m[DEBUG]: [0mThis is a debug message from thread 518-09-2026 00:29:34 [38;5;009m[ERROR]: [0mThis is a error message from thread 2718-09-2026 00:29:34 [38;5;015m[INFO]: [0mThis is a info message from thread 2218-09-2026 00:29:34 [38;5;009m[ERROR]: [0mThis is a error message from thread 1518-09-2026 00:29:34 [38;5;009m[ERROR]: [0mThis is a error message from thread 1318-09-2026 00:29:34 [38;5;015m[INFO]: [0mThis is a info message from thread 1818-09-2026 00:29:34 [38;5;009m[ERROR]: [0mThis is a error message from thread 2818-09-2026 00:29:34 [38;5;015m[INFO]: [0mThis is a info message from thread 818-09-2026 00:29:34 [38;5;009m[ERROR]: [0mThis is a error message from thread 2918-09-2026 00:29:34 [38;5;015m[INFO]: [0mThis is a info message from thread 2618-09-2026 00:29:34 [38;5;117m[DEBUG]: [0mThis is a debug message from thread 2718-09-2026 00:29:34 [38;5;117m[DEBUG]: [0mThis is a debug message from thread 2118-09-2026 00:29:34 [38;5;009m[ERROR]: [0mThis is a error message from thread 1818-09-2026 00:29:34 [38;5;009m[ERROR]: [0mThis is a error message from thread 2218-09-2026 00:29:34 [38;5;009m[ERROR]: [0mThis is a error message from thread 1618-09-2026 00:29:34 [38;5;117m[DEBUG]: [0mThis is a debug message from thread 1318-09-2026 00:29:34 [38;5;009m[ERROR]: [0mThis is a error message from thread 2618-09-2026 00:29:34 [38;5;117m[DEBUG]: [0mThis is a debug message from thread 1518-09-2026 00:29:34 [38;5;117m[DEBUG]: [0mThis is a debug message from thread 1818-09-2026 00:29:34 [38;5;009m[ERROR]: [0mThis is a error message from thread 2318-09-2026 00:29:34 [38;5;015m[INFO]: [0mThis is a info message from thread 1118-09-2026 00:29:34 [38;5;117m[DEBUG]: [0mThis is a debug message from thread 2518-09-2026 00:29:34 [38;5;117m[DEBUG]: [0mThis is a debug message from thread 718-09-2026 00:29:34 [38;5;015m[INFO]: [0mThis is a info message from thread 118-09-2026 00:29:34 [38;5;015m[INFO]: [0mThis is a info message from thread 1018-09-2026 00:29:34 [38;5;015m[INFO]: [0mThis is a info message from thread 918-09-2026 00:29:34 [38;5;009m[ERROR]: [0mThis is a error message from thread 918-09-2026 00:29:34 [38;5;015m[INFO]: [0mThis is a info message from thread 1818-09-2026 00:29:34 [38;5;015m[INFO]: [0mThis is a info message from thread 2518-09-2026 00:29:34 [38;5;117m[DEBUG]: [0mThis is a debug message from thread 918-09-2026 00:29:34 [38;5;009m[ERROR]: [0mThis is a error message from thread 1018-09-2026 00:29:34 [38;5;117m[DEBUG]: [0mThis is a debug message from thread 2318-09-2026 00:29:34 [38;5;015m[INFO]: [0mThis is a info message from thread 918-09-2026 00:29:34 [38;5;015m[INFO]: [0mThis is a info message from thread 1218-09-2026 00:29:34 [38;5;009m[ERROR]: [0mThis is a error message from thread 2518-09-2026 00:29:34 [38;5;009m[ERROR]: [0mThis is a error message from thread 1118-09-2026 00:29:34 [38;5;117m[DEBUG]: [0mThis is a debug message from thread 1018-09-2026 00:29:34 [38;5;009m[ERROR]: [0mThis is a error message from thread 1218-09-2026 00:29:34 [38;5;015m[INFO]: [0mThis is a info message from thread 1918-09-2026 00:29:34 [38;5;015m[INFO]: [0mThis is a info message from thread 2118-09-2026 00:29:34 [38;5;009m[ERROR]: [0mThis is a error message from thread 118-09-2026 00:29:34 [38;5;117m[DEBUG]: [0mThis is a debug message from thread 2918-09-2026 00:29:34 [38;5;117m[DEBUG]: [0mThis is a debug message from thread 1118-09-2026 00:29:34 [38;5;015m[INFO]: [0mThis is a info message from thread 1018-09-2026 00:29:34 [38;5;015m[INFO]: [0mThis is a info message from thread 1318-09-2026 00:29:34 [38;5;015m[INFO]: [0mThis is a info message from thread 1518-09-2026 00:29:34 [38;5;009m[ERROR]: [0mThis is a error message from thread 1318-09-2026 00:29:34 [38;5;009m[ERROR]: [0mThis is a error message from thread 818-09-2026 00:29:34 [38;5;117m[DEBUG]: [0mThis is a debug message from thread 118-09-2026 00:29:34 [38;5;117m[DEBUG]: [0mThis is a debug message from thread 1318-09-2026 00:29:34 [38;5;117m[DEBUG]: [0mThis is a debug message from thread 1218-09-2026 00:29:34 [38;5;009m[ERROR]: [0mThis is a error message from thread 1518-09-2026 00:29:34 [38;5;015m[INFO]: [0mThis is a info message from thread 618-09-2026 00:29:34 [38;5;117m[DEBUG]: [0mThis is a debug message from thread 818-09-2026 00:29:34 [38;5;117m[DEBUG]: [0mThis is a debug message from thread 1718-09-2026 00:29:34 [38;5;117m[DEBUG]: [0mThis is a debug message from thread 1518-09-2026 00:29:34 [38;5;009m[ERROR]: [0mThis is a error message from thread 918-09-2026 00:29:34 [38;5;015m[INFO]: [0mThis is a info message from thread 1218-09-2026 00:29:34 [38;5;117m[DEBUG]: [0mThis is a debug message from thread 918-09-2026 00:29:34 [38;5;009m[ERROR]: [0mThis is a error message from thread 1018-09-2026 00:29:34 [38;5;015m[INFO]: [0mThis is a info message from thread 718-09-2026 00:29:34 [38;5;009m[ERROR]: [0mThis is a error message from thread 718-09-2026 00:29:34 [38;5;117m[DEBUG]: [0mThis is a debug message from thread 1018-09-2026 00:29:34 [38;5;015m[INFO]: [0mThis is a info message from thread 918-09-2026 00:29:34 [38;5;015m[INFO]: [0mThis is a info message from thread 1718-09-2026 00:29:34 [38;5;117m[DEBUG]: [0mThis is a debug message from thread 318-09-2026 00:29:34 [38;5;015m[INFO]: [0mThis is a info message from thread 818-09-2026 00:29:34 [38;5;117m[DEBUG]: [0mThis is a debug message from thread 2518-09-2026 00:29:34 [38;5;015m[INFO]: [0mThis is a info message from thread 2518-09-2026 00:29:34 [38;5;009m[ERROR]: [0mThis is a error message from thread 1218-09-2026 00:29:34 [38;5;009m[ERROR]: [0mThis is a error message from thread 918-09-2026 00:29:34 [38;5;117m[DEBUG]: [0mThis is a debug message from thread 718-09-2026 00:29:34 [38;5;117m[DEBUG]: [0mThis is a debug message from thread 2218-09-2026 00:29:34 [38;5;009m[ERROR]: [0mThis is a error message from thread 2518-09-2026 00:29:34 [38;5;117m[DEBUG]: [0mThis is a debug message from thread 918-09-2026 00:29:34 [38;5;117m[DEBUG]: [0mThis is a debug message from thread 2618-09-2026 00:29:34 [38;5;117m[DEBUG]: [0mThis is a debug message from thread 1618-09-2026 00:29:34 [38;5;015m[INFO]: [0mThis is a info message from thread 118-09-2026 00:29:34 [38;5;015m[INFO]: [0mThis is a info message from thread 2718-09-2026 00:29:34 [38;5;009m[ERROR]: [0mThis is a error message from thread 618-09-2026 00:29:34 [38;5;015m[INFO]: [0mThis is a info message from thread 718-09-2026 00:29:34 [38;5;015m[INFO]: [0mThis is a info message from thread 2618-09-2026 00:29:34 [38;5;117m[DEBUG]: [0mThis is a debug message from thread 2418-09-2026 00:29:34 [38;5;009m[ERROR]: [0mThis is a error message from thread 2618-09-2026 00:29:34 [38;5;015m[INFO]: [0mThis is a info message from thread 1118-09-2026 00:29:34 [38;5;015m[INFO]: [0mThis is a info message from thread 2218-09-2026 00:29:34 [38;5;117m[DEBUG]: [0mThis is a debug message from thread 2618-09-2026 00:29:34 [38;5;009m[ERROR]: [0mThis is a error message from thread 1918-09-2026 00:29:34 [38;5;015m[INFO]: [0mThis is a info message from thread 2918-09-2026 00:29:34 [38;5;009m[ERROR]: [0mThis is a error message from thread 1418-09-2026 00:29:34 [38;5;015m[INFO]: [0mThis is a info message from thread 2018-09-2026 00:29:34 [38;5;117m[DEBUG]: [0mThis is a debug message from thread 418-09-2026 00:29:34 [38;5;015m[INFO]: [0mThis is a info message from thread 418-09-2026 00:29:34 [38;5;009m[ERROR]: [0mThis is a error message from thread 718-09-2026 00:29:34 [38;5;009m[ERROR]: [0mThis is a error message from thread 418-09-2026 00:29:34 [38;5;015m[INFO]: [0mThis is a info message from thread 518-09-2026 00:29:34 [38;5;117m[DEBUG]: [0mThis is a debug message from thread 1418-09-2026 00:29:34 [38;5;009m[ERROR]: [0mThis is a error message from thread 2118-09-2026 00:29:34 [38;5;015m[INFO]: [0mThis is a info message from thread 1018-09-2026 00:29:34 [38;5;015m[INFO]: [0mThis is a info message from thread 018-09-2026 00:29:34 [38;5;009m[ERROR]: [0mThis is a error message from thread 518-09-2026 00:29:34 [38;5;009m[ERROR]: [0mThis is a error message from thread 1718-09-2026 00:29:34 [38;5;015m[INFO]: [0mThis is a info message from thread 318-09-2026 00:29:34 [38;5;117m[DEBUG]: [0mThis is a debug message from thread 2118-09-2026 00:29:34 [38;5;009m[ERROR]: [0mThis is a error message from thread 1018-09-2026 00:29:34 [38;5;117m[DEBUG]: [0mThis is a debug message from thread 418-09-2026 00:29:34 [38;5;009m[ERROR]: [0mThis is a error message from thread 2018-09-2026 00:29:34 [38;5;009m[ERROR]: [0mThis is a error message from thread 2218-09-2026 00:29:34 [38;5;015m[INFO]: [0mThis is a info message from thread 2318-09-2026 00:29:34 [38;5;015m[INFO]: [0mThis is a info message from thread 218-09-2026 00:29:34 [38;5;009m[ERROR]: [0mThis is a error message from thread 1818-09-2026 00:29:34 [38;5;015m[INFO]: [0mThis is a info message from thread 2118-09-2026 00:29:34 [38;5;117m[DEBUG]: [0mThis is a debug message from thread 1818-09-2026 00:29:34 [38;5;015m[INFO]: [0mThis is a info message from thread 1518-09-2026 00:29:34 [38;5;015m[INFO]: [0mThis is a info message from thread 1418-09-2026 00:29:34 [38;5;117m[DEBUG]: [0mThis is a debug message from thread 1218-09-2026 00:29:34 [38;5;117m[DEBUG]: [0mThis is a debug message from thread 1718-09-2026 00:29:34 [38;5;015m[INFO]: [0mThis is a info message from thread 1218-09-2026 00:29:34 [38;5;117m[DEBUG]: [0mThis is a debug message from thread 518-09-2026 00:29:34 [38;5;015m[INFO]: [0mThis is a info message from thread 2418-09-2026 00:29:34 [38;5;015m[INFO]: [0mThis is a info message from thread 2618-09-2026 00:29:34 [38;5;009m[ERROR]: [0mThis is a error message from thread 2418-09-2026 00:29:34 [38;5;009m[ERROR]: [0mThis is a error message from thread 2618-09-2026 00:29:34 [38;5;015m[INFO]: [0mThis is a info message from thread 1718-09-2026 00:29:34 [38;5;015m[INFO]: [0mThis is a info message from thread 518-09-2026 00:29:34 [38;5;117m[DEBUG]: [0mThis is a debug message from thread 1918-09-2026 00:29:34 [38;5;009m[ERROR]: [0mThis is a error message from thread 1218-09-2026 00:29:34 [38;5;117m[DEBUG]: [0mThis is a debug message from thread 1218-09-2026 00:29:34 [38;5;117m[DEBUG]: [0mThis is a debug message from thread 2218-09-2026 00:29:34 [38;5;015m[INFO]: [0mThis is a info message from thread 2218-09-2026 00:29:34 [38;5;009m[ERROR]: [0mThis is a error message from thread 1718-09-2026 00:29:34 [38;5;117m[DEBUG]: [0mThis is a debug message from thread 1718-09-2026 00:29:34 [38;5;009m[ERROR]: [0mThis is a error message from thread 1518-09-2026 00:29:34 [38;5;009m[ERROR]: [0mThis is a error message from thread 2218-09-2026 00:29:34 [38;5;015m[INFO]: [0mThis is a info message from thread 1218-09-2026 00:29:34 [38;5;009m[ERROR]: [0mThis is a error message from thread 518-09-2026 00:29:34 [38;5;117m[DEBUG]: [0mThis is a debug message from thread 2418-09-2026 00:29:34 [38;5;117m[DEBUG]: [0mThis is a debug message from thread 2618-09-2026 00:29:34 [38;5;015m[INFO]: [0mThis is a info message from thread 1318-09-2026 00:29:34 [38;5;015m[INFO]: [0mThis is a info message from thread 1818-09-2026 00:29:34 [38;5;009m[ERROR]: [0mThis is a error message from thread 1318-09-2026 00:29:34 [38;5;117m[DEBUG]: [0mThis is a debug message from thread 518-09-2026 00:29:34 [38;5;015m[INFO]: [0mThis is a info message from thread 2618-09-2026 00:29:34 [38;5;117m[DEBUG]: [0mThis is a debug message from thread 1518-09-2026 00:29:34 [38;5;009m[ERROR]: [0mThis is a error message from thread 2918-09-2026 00:29:34 [38;5;015m[INFO]: [0mThis is a info message from thread 2418-09-2026 00:29:34 [38;5;009m[ERROR]: [0mThis is a error message from thread 218-09-2026 00:29:34 [38;5;117m[DEBUG]: [0mThis is a debug message from thread 2218-09-2026 00:29:34 [38;5;117m[DEBUG]: [0mThis is a debug message from thread 718-09-2026 00:29:34 [38;5;015m[INFO]: [0mThis is a info message from thread 1618-09-2026 00:29:34 [38;5;015m[INFO]: [0mThis is a info message from thread 918-09-2026 00:29:34 [38;5;015m[INFO]: [0mThis is a info message from thread 1518-09-2026 00:29:34 [38;5;117m[DEBUG]: [0mThis is a debug message from thread 618-09-2026 00:29:34 [38;5;009m[ERROR]: [0mThis is a error message from thread 2118-09-2026 00:29:34 [38;5;009m[ERROR]: [0mThis is a error message from thread 918-09-2026 00:29:34 [38;5;009m[ERROR]: [0mThis is a error message from thread 2318-09-2026 00:29:34 [38;5;015m[INFO]: [0mThis is a info message from thread 2218-09-2026 00:29:34 [38;5;117m[DEBUG]: [0mThis is a debug message from thread 218-09-2026 00:29:34 [38;5;009m[ERROR]: [0mThis is a error message from thread 118-09-2026 00:29:34 [38;5;117m[DEBUG]: [0mThis is a debug message from thread 2818-09-2026 00:29:34 [38;5;015m[INFO]: [0mThis is a info message from thread 1918-09-2026 00:29:34 [38;5;015m[INFO]: [0mThis is a info message from thread 1718-09-2026 00:29:34 [38;5;009m[ERROR]: [0mThis is a error message from thread 1118-09-2026 00:29:34 [38;5;009m[ERROR]: [0mThis is a error message from thread 1518-09-2026 00:29:34 [38;5;117m[DEBUG]: [0mThis is a debug message from thread 1318-09-2026 00:29:34 [38;5;117m[DEBUG]: [0mThis is a debug message from thread 1018-09-2026 00:29:34 [38;5;015m[INFO]: [0mThis is a info message from thread 418-09-2026 00:29:34 [38;5;117m[DEBUG]: [0mThis is a debug message from thread 918-09-2026 00:29:34 [38;5;009m[ERROR]: [0mThis is a error message from thread 1618-09-2026 00:29:34 [38;5;009m[ERROR]: [0mThis is a error message from thread 2418-09-2026 00:29:34 [38;5;009m[ERROR]: [0mThis is a error message from thread 1218-09-2026 00:29:34 [38;5;015m[INFO]: [0mThis is a info message from thread 918-09-2026 00:29:34 [38;5;009m[ERROR]: [0mThis is a error message from thread 1918-09-2026 00:29:34 [38;5;009m[ERROR]: [0mThis is a error message from thread 418-09-2026 00:29:34 [38;5;009m[ERROR]: [0mThis is a error message from thread 1818-09-2026 00:29:34 [38;5;009m[ERROR]: [0mThis is a error message from thread 918-09-2026 00:29:34 [38;5;117m[DEBUG]: [0mThis is a debug message from thread 118-09-2026 00:29:34 [38;5;117m[DEBUG]: [0mThis is a debug message from thread 418-09-2026 00:29:34 [38;5;009m[ERROR]: [0mThis is a error message from thread 2718-09-2026 00:29:34 [38;5;015m[INFO]: [0mThis is a info message from thread 518-09-2026 00:29:34 [38;5;117m[DEBUG]: [0mThis is a debug message from thread 918-09-2026 00:29:34 [38;5;015m[INFO]: [0mThis is a info message from thread 718-09-2026 00:29:34 [38;5;117m[DEBUG]: [0mThis is a debug message from thread 1218-09-2026 00:29:34 [38;5;009m[ERROR]: [0mThis is a error message from thread 718-09-2026 00:29:34 [38;5;015m[INFO]: [0mThis is a info message from thread 918-09-2026 00:29:34 [38;5;117m[DEBUG]: [0mThis is a debug message from thread 1618-09-2026 00:29:34 [38;5;015m[INFO]: [0mThis is a info message from thread 418-09-2026 00:29:34 [38;5;117m[DEBUG]: [0mThis is a debug message from thread 1118-09-2026 00:29:34 [38;5;117m[DEBUG]: [0mThis is a debug message from thread 2418-09-2026 00:29:34 [38;5;009m[ERROR]: [0mThis is a error message from thread 1718-09-2026 00:29:34 [38;5;009m[ERROR]: [0mThis is a error message from thread 518-09-2026 00:29:34 [38;5;009m[ERROR]: [0mThis is a error message from thread 1418-09-2026 00:29:34 [38;5;117m[DEBUG]: [0mThis is a debug message from thread 2018-09-2026 00:29:34 [38;5;117m[DEBUG]: [0mThis is a debug message from thread 1418-09-2026 00:29:34 [38;5;015m[INFO]: [0mThis is a info message from thread 2818-09-2026 00:29:34 [38;5;117m[DEBUG]: [0mThis is a debug message from thread 2518-09-2026 00:29:34 [38;5;009m[ERROR]: [0mThis is a error message from thread 418-09-2026 00:29:34 [38;5;117m[DEBUG]: [0mThis is a debug message from thread 2118-09-2026 00:29:34 [38;5;117m[DEBUG]: [0mThis is a debug message from thread 718-09-2026 00:29:34 [38;5;015m[INFO]: [0mThis is a info message from thread 2518-09-2026 00:29:34 [38;5;009m[ERROR]: [0mThis is a error message from thread 918-09-2026 00:29:34 [38;5;117m[DEBUG]: [0mThis is a debug message from thread 2718-09-2026 00:29:34 [38;5;015m[INFO]: [0mThis is a info message from thread 2718-09-2026 00:29:34 [38;5;117m[DEBUG]: [0mThis is a debug message from thread 918-09-2026 00:29:34 [38;5;015m[INFO]: [0mThis is a info message from thread 918-09-2026 00:29:34 [38;5;015m[INFO]: [0mThis is a info message from thread 2018-09-2026 00:29:34 [38;5;117m[DEBUG]: [0mThis is a debug message from thread 1718-09-2026 00:29:34 [38;5;117m[DEBUG]: [0mThis is a debug message from thread 418-09-2026 00:29:34 [38;5;009m[ERROR]: [0mThis is a error message from thread 918-09-2026 00:29:34 [38;5;015m[INFO]: [0mThis is a info message from thread 718-09-2026 00:29:34 [38;5;015m[INFO]: [0mThis is a info message from thread 1718-09-2026 00:29:34 [38;5;009m[ERROR]: [0mThis is a error message from thread 2018-09-2026 00:29:34 [38;5;117m[DEBUG]: [0mThis is a debug message from thread 518-09-2026 00:29:34 [38;5;117m[DEBUG]: [0mThis is a debug message from thread 918-09-2026 00:29:34 [38;5;015m[INFO]: [0mThis is a info message from thread 418-09-2026 00:29:34 [38;5;009m[ERROR]: [0mThis is a error message from thread 818-09-2026 00:29:34 [38;5;117m[DEBUG]: [0mThis is a debug message from thread 1518-09-2026 00:29:34 [38;5;009m[ERROR]: [0mThis is a error message from thread 2618-09-2026 00:29:34 [38;5;015m[INFO]: [0mThis is a info message from thread 1618-09-2026 00:29:34 [38;5;015m[INFO]: [0mThis is a info message from thread 1318-09-2026 00:29:34 [38;5;015m[INFO]: [0mThis is a info message from thread 218-09-2026 00:29:34 [38;5;009m[ERROR]: [0mThis is a error message from thread 418-09-2026 00:29:34 [38;5;015m[INFO]: [0mThis is a info message from thread 118-09-2026 00:29:34 [38;5;117m[DEBUG]: [0mThis is a debug message from thread 1818-09-2026 00:29:34 [38;5;117m[DEBUG]: [0mThis is a debug message from thread 2918-09-2026 00:29:34 [38;5;015m[INFO]: [0mThis is a info message from thread 1518-09-2026 00:29:34 [38;5;117m[DEBUG]: [0mThis is a debug message from thread 1918-09-2026 00:29:34 [38;5;015m[INFO]: [0mThis is a info message from thread 918-09-2026 00:29:34 [38;5;015m[INFO]: [0mThis is a info message from thread 518-09-2026 00:29:34 [38;5;015m[INFO]: [0mThis is a info message from thread 2118-09-2026 00:29:34 [38;5;015m[INFO]: [0mThis is a info message from thread 1118-09-2026 00:29:34 [38;5;009m[ERROR]: [0mThis is a error message from thread 1718-09-2026 00:29:34 [38;5;015m[INFO]: [0mThis is a info message from thread 2918-09-2026 00:29:34 [38;5;117m[DEBUG]: [0mThis is a debug message from thread 2618-09-2026 00:29:34 [38;5;009m[ERROR]: [0mThis is a error message from thread 2218-09-2026 00:29:34 [38;5;015m[INFO]: [0mThis is a info message from thread 618-09-2026 00:29:34 [38;5;015m[INFO]: [0mThis is a info message from thread 1918-09-2026 00:29:34 [38;5;015m[INFO]: [0mThis is a info message from thread 2618-09-2026 00:29:34 [38;5;009m[ERROR]: [0mThis is a error message from thread 1618-09-2026 00:29:34 [38;5;009m[ERROR]: [0mThis is a error message from thread 618-09-2026 00:29:34 [38;5;015m[INFO]: [0mThis is a info message from thread 1218-09-2026 00:29:34 [38;5;009m[ERROR]: [0mThis is a error message from thread 1518-09-2026 00:29:34 [38;5;117m[DEBUG]: [0mThis is a debug message from thread 618-09-2026 00:29:34 [38;5;015m[INFO]: [0mThis is a info message from thread 1418-09-2026 00:29:34 [38;5;015m[INFO]: [0mThis is a info message from thread 618-09-2026 00:29:34 [38;5;009m[ERROR]: [0mThis is a error message from thread 1218-09-2026 00:29:34 [38;5;009m[ERROR]: [0mThis is a error message from thread 618-09-2026 00:29:34 [38;5;009m[ERROR]: [0mThis is a error message from thread 2718-09-2026 00:29:34 [38;5;117m[DEBUG]: [0mThis is a debug message from thread 1518-09-2026 00:29:34 [38;5;009m[ERROR]: [0mThis is a error message from thread 518-09-2026 00:29:34 [38;5;117m[DEBUG]: [0mThis is a debug message from thread 1718-09-2026 00:29:34 [38;5;009m[ERROR]: [0mThis is a error message from thread 2918-09-2026 00:29:34 [38;5;015m[INFO]: [0mThis is a info message from thread 2418-09-2026 00:29:34 [38;5;117m[DEBUG]: [0mThis is a debug message from thread 1618-09-2026 00:29:34 [38;5;009m[ERROR]: [0mThis is a error message from thread 918-09-2026 00:29:34 [38;5;009m[ERROR]: [0mThis is a error message from thread 2818-09-2026 00:29:34 [38;5;117m[DEBUG]: [0mThis is a debug message from thread 2718-09-2026 00:29:34 [38;5;015m[INFO]: [0mThis is a info message from thread 1518-09-2026 00:29:34 [38;5;009m[ERROR]: [0mThis is a error message from thread 1118-09-2026 00:29:34 [38;5;015m[INFO]: [0mThis is a info message from thread 1718-09-2026 00:29:34 [38;5;009m[ERROR]: [0mThis is a error message from thread 2418-09-2026 00:29:34 [38;5;117m[DEBUG]: [0mThis is a debug message from thread 518-09-2026 00:29:34 [38;5;117m[DEBUG]: [0mThis is a debug message from thread 618-09-2026 00:29:34 [38;5;117m[DEBUG]: [0mThis is a debug message from thread 2918-09-2026 00:29:34 [38;5;015m[INFO]: [0mThis is a info message from thread 1018-09-2026 00:29:34 [38;5;009m[ERROR]: [0mThis is a error message from thread 1518-09-2026 00:29:34 [38;5;117m[DEBUG]: [0mThis is a debug message from thread 2018-09-2026 00:29:34 [38;5;009m[ERROR]: [0mThis is a error message from thread 2118-09-2026 00:29:34 [38;5;117m[DEBUG]: [0mThis is a debug message from thread 1518-09-2026 00:29:34 [38;5;015m[INFO]: [0mThis is a info message from thread 2918-09-2026 00:29:34 [38;5;009m[ERROR]: [0mThis is a error message from thread 1718-09-2026 00:29:34 [38;5;015m[INFO]: [0mThis is a info message from thread 1618-09-2026 00:29:34 [38;5;015m[INFO]: [0mThis is a info message from thread 2718-09-2026 00:29:34 [38;5;117m[DEBUG]: [0mThis is a debug message from thread 1118-09-2026 00:29:34 [38;5;117m[DEBUG]: [0mThis is a debug message from thread 2418-09-2026 00:29:34 [38;5;015m[INFO]: [0mThis is a info message from thread 2418-09-2026 00:29:34 [38;5;009m[ERROR]: [0mThis is a error message from thread 2718-09-2026 00:29:34 [38;5;009m[ERROR]: [0mThis is a error message from thread 2918-09-2026 00:29:34 [38;5;117m[DEBUG]: [0mThis is a debug message from thread 418-09-2026 00:29:34 [38;5;009m[ERROR]: [0mThis is a error message from thread 718-09-2026 00:29:34 [38;5;015m[INFO]: [0mThis is a info message from thread 618-09-2026 00:29:34 [38;5;009m[ERROR]: [0mThis is a error message from thread 318-09-2026 00:29:34 [38;5;015m[INFO]: [0mThis is a info message from thread 1518-09-2026 00:29:34 [38;5;117m[DEBUG]: [0mThis is a debug message from thread 318-09-2026 00:29:34 [38;5;117m[DEBUG]: [0mThis is a debug message from thread 718-09-2026 00:29:34 [38;5;015m[INFO]: [0mThis is a info message from thread 718-09-2026 00:29:34 [38;5;117m[DEBUG]: [0mThis is a debug message from thread 2818-09-2026 00:29:34 [38;5;009m[ERROR]: [0mThis is a error message from thread 2418-09-2026 00:29:34 [38;5;117m[DEBUG]: [0mThis is a debug message from thread 2918-09-2026 00:29:34 [38;5;117m[DEBUG]: [0mThis is a debug message from thread 2218-09-2026 00:29:34 [38;5;009m[ERROR]: [0mThis is a error message from thread 1918-09-2026 00:29:34 [38;5;015m[INFO]: [0mThis is a info message from thread 518-09-2026 00:29:34 [38;5;009m[ERROR]: [0mThis is a error message from thread 718-09-2026 00:29:34 [38;5;009m[ERROR]: [0mThis is a error message from thread 1518-09-2026 00:29:34 [38;5;009m[ERROR]: [0mThis is a error message from thread 618-09-2026 00:29:34 [38;5;015m[INFO]: [0mThis is a info message from thread 2918-09-2026 00:29:34 [38;5;009m[ERROR]: [0mThis is a error message from thread 2618-09-2026 00:29:34 [38;5;009m[ERROR]: [0mThis is a error message from thread 1318-09-2026 00:29:34 [38;5;009m[ERROR]: [0mThis is a error message from thread 2918-09-2026 00:29:34 [38;5;009m[ERROR]: [0mThis is a error message from thread 518-09-2026 00:29:34 [38;5;117m[DEBUG]: [0mThis is a debug message from thread 1318-09-2026 00:29:34 [38;5;117m[DEBUG]: [0mThis is a debug message from thread 1518-09-2026 00:29:34 [38;5;117m[DEBUG]: [0mThis is a debug message from thread 718-09-2026 00:29:34 [38;5;117m[DEBUG]: [0mThis is a debug message from thread 1218-09-2026 00:29:34 [38;5;117m[DEBUG]: [0mThis is a debug message from thread 618-09-2026 00:29:34 [38;5;117m[DEBUG]: [0mThis is a debug message from thread 2618-09-2026 00:29:34 [38;5;015m[INFO]: [0mThis is a info message from thread 618-09-2026 00:29:34 [38;5;015m[INFO]: [0mThis is a info message from thread 1218-09-2026 00:29:34 [38;5;015m[INFO]: [0mThis is a info message from thread 1518-09-2026 00:29:34 [38;5;015m[INFO]: [0mThis is a info message from thread 2618-09-2026 00:29:34 [38;5;015m[INFO]: [0mThis is a info message from thread 1318-09-2026 00:29:34 [38;5;009m[ERROR]: [0mThis is a error message from thread 1218-09-2026 00:29:34 [38;5;009m[ERROR]: [0mThis is a error message from thread 1318-09-2026 00:29:34 [38;5;009m[ERROR]: [0mThis is a error message from thread 2618-09-2026 00:29:34 [38;5;117m[DEBUG]: [0mThis is a debug message from thread 2918-09-2026 00:29:34 [38;5;009m[ERROR]: [0mThis is a error message from thread 1418-09-2026 00:29:34 [38;5;015m[INFO]: [0mThis is a info message from thread 2818-09-2026 00:29:34 [38;5;015m[INFO]: [0mThis is a info message from thread 718-09-2026 00:29:34 [38;5;117m[DEBUG]: [0mThis is a debug message from thread 1218-09-2026 00:29:34 [38;5;117m[DEBUG]: [0mThis is a debug message from thread 818-09-2026 00:29:34 [38;5;015m[INFO]: [0mThis is a info message from thread 2918-09-2026 00:29:34 [38;5;117m[DEBUG]: [0mThis is a debug message from thread 2618-09-2026 00:29:34 [38;5;117m[DEBUG]: [0mThis is a debug message from thread 2718-09-2026 00:29:34 [38;5;009m[ERROR]: [0mThis is a error message from thread 718-09-2026 00:29:34 [38;5;009m[ERROR]: [0mThis is a error message from thread 1518-09-2026 00:29:34 [38;5;117m[DEBUG]: [0mThis is a debug message from thread 1518-09-2026 00:29:34 [38;5;009m[ERROR]: [0mThis is a error message from thread 618-09-2026 00:29:34 [38;5;015m[INFO]: [0mThis is a info message from thread 2718-09-2026 00:29:34 [38;5;015m[INFO]: [0mThis is a info message from thread 1218-09-2026 00:29:34 [38;5;117m[DEBUG]: [0mThis is a debug message from thread 718-09-2026 00:29:34 [38;5;015m[INFO]: [0mThis is a info message from thread 718-09-2026 00:29:34 [38;5;117m[DEBUG]: [0mThis is a debug message from thread 618-09-2026 00:29:34 [38;5;009m[ERROR]: [0mThis is a error message from thread 718-09-2026 00:29:34 [38;5;009m[ERROR]: [0mThis is a error message from thread 1618-09-2026 00:29:34 [38;5;009m[ERROR]: [0mThis is a error message from thread 2818-09-2026 00:29:34 [38;5;015m[INFO]: [0mThis is a info message from thread 618-09-2026 00:29:34 [38;5;009m[ERROR]: [0mThis is a error message from thread 2918-09-2026 00:29:34 [38;5;117m[DEBUG]: [0mThis is a debug message from thread 2118-09-2026 00:29:34 [38;5;009m[ERROR]: [0mThis is a error message from thread 618-09-2026 00:29:34 [38;5;117m[DEBUG]: [0mThis is a debug message from thread 2818-09-2026 00:29:34 [38;5;015m[INFO]: [0mThis is a info message from thread 1518-09-2026 00:29:34 [38;5;117m[DEBUG]: [0mThis is a debug message from thread 2918-09-2026 00:29:34 [38;5;015m[INFO]: [0mThis is a info message from thread 1818-09-2026 00:29:34 [38;5;117m[DEBUG]: [0mThis is a debug message from thread 518-09-2026 00:29:34 [38;5;009m[ERROR]: [0mThis is a error message from thread 1018-09-2026 00:29:34 [38;5;117m[DEBUG]: [0mThis is a debug message from thread 2318-09-2026 00:29:34 [38;5;009m[ERROR]: [0mThis is a error message from thread 2718-09-2026 00:29:34 [38;5;009m[ERROR]: [0mThis is a error message from thread 1518-09-2026 00:29:34 [38;5;117m[DEBUG]: [0mThis is a debug message from thread 718-09-2026 00:29:34 [38;5;009m[ERROR]: [0mThis is a error message from thread 1818-09-2026 00:29:34 [38;5;015m[INFO]: [0mThis is a info message from thread 2618-09-2026 00:29:34 [38;5;117m[DEBUG]: [0mThis is a debug message from thread 2718-09-2026 00:29:34 [38;5;015m[INFO]: [0mThis is a info message from thread 2018-09-2026 00:29:34 [38;5;117m[DEBUG]: [0mThis is a debug message from thread 1918-09-2026 00:29:34 [38;5;009m[ERROR]: [0mThis is a error message from thread 2518-09-2026 00:29:34 [38;5;015m[INFO]: [0mThis is a info message from thread 2718-09-2026 00:29:34 [38;5;015m[INFO]: [0mThis is a info message from thread 518-09-2026 00:29:34 [38;5;009m[ERROR]: [0mThis is a error message from thread 118-09-2026 00:29:34 [38;5;117m[DEBUG]: [0mThis is a debug message from thread 618-09-2026 00:29:34 [38;5;015m[INFO]: [0mThis is a info message from thread 2218-09-2026 00:29:34 [38;5;015m[INFO]: [0mThis is a info message from thread 818-09-2026 00:29:34 [38;5;117m[DEBUG]: [0mThis is a debug message from thread 2418-09-2026 00:29:34 [38;5;015m[INFO]: [0mThis is a info message from thread 2118-09-2026 00:29:34 [38;5;009m[ERROR]: [0mThis is a error message from thread 2718-09-2026 00:29:34 [38;5;015m[INFO]: [0mThis is a info message from thread 718-09-2026 00:29:34 [38;5;015m[INFO]: [0mThis is a info message from thread 1918-09-2026 00:29:34 [38;5;009m[ERROR]: [0mThis is a error message from thread 2018-09-2026 00:29:34 [38;5;117m[DEBUG]: [0mThis is a debug message from thread 118-09-2026 00:29:34 [38;5;009m[ERROR]: [0mThis is a error message from thread 018-09-2026 00:29:34 [38;5;015m[INFO]: [0mThis is a info message from thread 2318-09-2026 00:29:34 [38;5;009m[ERROR]: [0mThis is a error message from thread 718-09-2026 00:29:34 [38;5;015m[INFO]: [0mThis is a info message from thread 318-09-2026 00:29:34 [38;5;009m[ERROR]: [0mThis is a error message from thread 2618-09-2026 00:29:34 [38;5;117m[DEBUG]: [0mThis is a debug message from thread 2518-09-2026 00:29:34 [38;5;015m[INFO]: [0mThis is a info message from thread 618-09-2026 00:29:34 [38;5;009m[ERROR]: [0mThis is a error message from thread 218-09-2026 00:29:34 [38;5;015m[INFO]: [0mThis is a info message from thread 2418-09-2026 00:29:34 [38;5;015m[INFO]: [0mThis is a info message from thread 2518-09-2026 00:29:34 [38;5;015m[INFO]: [0mThis is a info message from thread 418-09-2026 00:29:34 [38;5;009m[ERROR]: [0mThis is a error message from thread 318-09-2026 00:29:34 [38;5;009m[ERROR]: [0mThis is a error message from thread 2218-09-2026 00:29:34 [38;5;009m[ERROR]: [0mThis is a error message from thread 818-09-2026 00:29:34 [38;5;117m[DEBUG]: [0mThis is a debug message from thread 1618-09-2026 00:29:34 [38;5;117m[DEBUG]: [0mThis is a debug message from thread 2718-09-2026 00:29:34 [38;5;117m[DEBUG]: [0mThis is a debug message from thread 1718-09-2026 00:29:34 [38;5;117m[DEBUG]: [0mThis is a debug message from thread 1818-09-2026 00:29:34 [38;5;009m[ERROR]: [0mThis is a error message from thread 418-09-2026 00:29:34 [38;5;009m[ERROR]: [0mThis is a error message from thread 2518-09-2026 00:29:34 [38;5;117m[DEBUG]: [0mThis is a debug message from thread 818-09-2026 00:29:34 [38;5;009m[ERROR]: [0mThis is a error message from thread 618-09-2026 00:29:34 [38;5;015m[INFO]: [0mThis is a info message from thread 1718-09-2026 00:29:34 [38;5;117m[DEBUG]: [0mThis is a debug message from thread 1418-09-2026 00:29:34 [38;5;015m[INFO]: [0mThis is a info message from thread 2718-09-2026 00:29:34 [38;5;009m[ERROR]: [0mThis is a error message from thread 1718-09-2026 00:29:34 [38;5;117m[DEBUG]: [0mThis is a debug message from thread 418-09-2026 00:29:34 [38;5;015m[INFO]: [0mThis is a info message from thread 1118-09-2026 00:29:34 [38;5;009m[ERROR]: [0mThis is a error message from thread 2718-09-2026 00:29:34 [38;5;117m[DEBUG]: [0mThis is a debug message from thread 1718-09-2026 00:29:34 [38;5;015m[INFO]: [0mThis is a info message from thread 1418-09-2026 00:29:34 [38;5;009m[ERROR]: [0mThis is a error message from thread 2418-09-2026 00:29:34 [38;5;117m[DEBUG]: [0mThis is a debug message from thread 718-09-2026 00:29:34 [38;5;117m[DEBUG]: [0mThis is a debug message from thread 918-09-2026 00:29:34 [38;5;015m[INFO]: [0mThis is a info message from thread 418-09-2026 00:29:34 [38;5;009m[ERROR]: [0mThis is a error message from thread 2118-09-2026 00:29:34 [38;5;015m[INFO]: [0mThis is a info message from thread 1718-09-2026 00:29:34 [38;5;117m[DEBUG]: [0mThis is a debug message from thread 1318-09-2026 00:29:34 [38;5;117m[DEBUG]: [0mThis is a debug message from thread 2218-09-2026 00:29:34 [38;5;117m[DEBUG]: [0mThis is a debug message from thread 2418-09-2026 00:29:34 [38;5;009m[ERROR]: [0mThis is a error message from thread 1118-09-2026 00:29:34 [38;5;015m[INFO]: [0mThis is a info message from thread 1318-09-2026 00:29:34 [38;5;015m[INFO]: [0mThis is a info message from thread 918-09-2026 00:29:34 [38;5;015m[INFO]: [0mThis is a info message from thread 118-09-2026 00:29:34 [38;5;117m[DEBUG]: [0mThis is a debug message from thread 2118-09-2026 00:29:34 [38;5;009m[ERROR]: [0mThis is a error message from thread 118-09-2026 00:29:34 [38;5;009m[ERROR]: [0mThis is a error message from thread 918-09-2026 00:29:34 [38;5;009m[ERROR]: [0mThis is a error message from thread 1218-09-2026 00:29:34 [38;5;117m[DEBUG]: [0mThis is a debug message from thread 118-09-2026 00:29:34 [38;5;117m[DEBUG]: [0mThis is a debug message from thread 918-09-2026 00:29:34 [38;5;015m[INFO]: [0mThis is a info message from thread 118-09-2026 00:29:34 [38;5;117m[DEBUG]: [0mThis is a debug message from thread 1218-09-2026 00:29:34 [38;5;015m[INFO]: [0mThis is a info message from thread 918-09-2026 00:29:34 [38;5;009m[ERROR]: [0mThis is a error message from thread 118-09-2026 00:29:34 [38;5;015m[INFO]: [0mThis is a info message from thread 2818-09-2026 00:29:34 [38;5;117m[DEBUG]: [0mThis is a debug message from thread 118-09-2026 00:29:34 [38;5;117m[DEBUG]: [0mThis is a debug message from thread 1018-09-2026 00:29:34 [38;5;117m[DEBUG]: [0mThis is a debug message from thread 318-09-2026 00:29:34 [38;5;015m[INFO]: [0mThis is a info message from thread 1218-09-2026 00:29:34 [38;5;117m[DEBUG]: [0mThis is a debug message from thread 1118-09-2026 00:29:34 [38;5;117m[DEBUG]: [0mThis is a debug message from thread 1518-09-2026 00:29:34 [38;5;117m[DEBUG]: [0mThis is a debug message from thread 218-09-2026 00:29:34 [38;5;015m[INFO]: [0mThis is a info message from thread 2418-09-2026 00:29:34 [38;5;009m[ERROR]: [0mThis is a error message from thread 1318-09-2026 00:29:34 [38;5;015m[INFO]: [0mThis is a info message from thread 118-09-2026 00:29:34 [38;5;015m[INFO]: [0mThis is a info message from thread 1618-09-2026 00:29:34 [38;5;009m[ERROR]: [0mThis is a error message from thread 118-09-2026 00:29:34 [38;5;015m[INFO]: [0mThis is a info message from thread 1018-09-2026 00:29:34 [38;5;015m[INFO]: [0mThis is a info message from thread 818-09-2026 00:29:34 [38;5;009m[ERROR]: [0mThis is a error message from thread 1018-09-2026 00:29:34 [38;5;117m[DEBUG]: [0mThis is a debug message from thread 2518-09-2026 00:29:34 [38;5;015m[INFO]: [0mThis is a info message from thread 2918-09-2026 00:29:34 [38;5;117m[DEBUG]: [0mThis is a debug message from thread 2718-09-2026 00:29:34 [38;5;015m[INFO]: [0mThis is a info message from thread 1118-09-2026 00:29:34 [38;5;117m[DEBUG]: [0mThis is a debug message from thread 2618-09-2026 00:29:34 [38;5;117m[DEBUG]: [0mThis is a debug message from thread 1018-09-2026 00:29:34 [38;5;015m[INFO]: [0mThis is a info message from thread 2718-09-2026 00:29:34 [38;5;015m[INFO]: [0mThis is a info message from thread 2518-09-2026 00:29:34 [38;5;015m[INFO]: [0mThis is a info message from thread 1018-09-2026 00:29:34 [38;5;009m[ERROR]: [0mThis is a error message from thread 418-09-2026 00:29:34 [38;5;009m[ERROR]: [0mThis is a error message from thread 2518-09-2026 00:29:34 [38;5;117m[DEBUG]: [0mThis is a debug message from thread 418-09-2026 00:29:34 [38;5;009m[ERROR]: [0mThis is a error message from thread 1018-09-2026 00:29:34 [38;5;009m[ERROR]: [0mThis is a error message from thread 1118-09-2026 00:29:34 [38;5;015m[INFO]: [0mThis is a info message from thread 2618-09-2026 00:29:34 [38;5;117m[DEBUG]: [0mThis is a debug message from thread 1018-09-2026 00:29:34 [38;5;009m[ERROR]: [0mThis is a error message from thread 2618-09-2026 00:29:34 [38;5;117m[DEBUG]: [0mThis is a debug message from thread 1118-09-2026 00:29:34 [38;5;015m[INFO]: [0mThis is a info message from thread 418-09-2026 00:29:34 [38;5;009m[ERROR]: [0mThis is a error message from thread 1418-09-2026 00:29:34 [38;5;009m[ERROR]: [0mThis is a error message from thread 1918-09-2026 00:29:34 [38;5;117m[DEBUG]: [0mThis is a debug message from thread 2618-09-2026 00:29:34 [38;5;015m[INFO]: [0mThis is a info message from thread 2618-09-2026 00:29:34 [38;5;009m[ERROR]: [0mThis is a error message from thread 2718-09-2026 00:29:34 [38;5;015m[INFO]: [0mThis is a info message from thread 2118-09-2026 00:29:34 [38;5;009m[ERROR]: [0mThis is a error message from thread 2118-09-2026 00:29:34 [38;5;117m[DEBUG]: [0mThis is a debug message from thread 1918-09-2026 00:29:34 [38;5;117m[DEBUG]: [0mThis is a debug message from thread 2118-09-2026 00:29:34 [38;5;009m[ERROR]: [0mThis is a error message from thread 918-09-2026 00:29:34 [38;5;009m[ERROR]: [0mThis is a error message from thread 2818-09-2026 00:29:34 [38;5;117m[DEBUG]: [0mThis is a debug message from thread 2018-09-2026 00:29:34 [38;5;015m[INFO]: [0mThis is a info message from thread 1918-09-2026 00:29:34 [38;5;117m[DEBUG]: [0mThis is a debug message from thread 2718-09-2026 00:29:34 [38;5;009m[ERROR]: [0mThis is a error message from thread 2418-09-2026 00:29:34 [38;5;009m[ERROR]: [0mThis is a error message from thread 2618-09-2026 00:29:34 [38;5;015m[INFO]: [0mThis is a info message from thread 1518-09-2026 00:29:34 [38;5;117m[DEBUG]: [0mThis is a debug message from thread 1318-09-2026 00:29:34 [38;5;009m[ERROR]: [0mThis is a error message from thread 2318-09-2026 00:29:34 [38;5;015m[INFO]: [0mThis is a info message from thread 1818-09-2026 00:29:34 [38;5;015m[INFO]: [0mThis is a info message from thread 218-09-2026 00:29:34 [38;5;117m[DEBUG]: [0mThis is a debug message from thread 2818-09-2026 00:29:34 [38;5;117m[DEBUG]: [0mThis is a debug message from thread 918-09-2026 00:29:34 [38;5;009m[ERROR]: [0mThis is a error message from thread 1518-09-2026 00:29:34 [38;5;009m[ERROR]: [0mThis is a error message from thread 218-09-2026 00:29:34 [38;5;015m[INFO]: [0mThis is a info message from thread 2118-09-2026 00:29:34 [38;5;015m[INFO]: [0mThis is a info message from thread 2018-09-2026 00:29:34 [38;5;015m[INFO]: [0mThis is a info message from thread 1318-09-2026 00:29:34 [38;5;009m[ERROR]: [0mThis is a error message from thread 518-09-2026 00:29:34 [38;5;015m[INFO]: [0mThis is a info message from thread 318-09-2026 00:29:34 [38;5;117m[DEBUG]: [0mThis is a debug message from thread 118-09-2026 00:29:34 [38;5;009m[ERROR]: [0mThis is a error message from thread 2018-09-2026 00:29:34 [38;5;117m[DEBUG]: [0mThis is a debug message from thread 218-09-2026 00:29:34 [38;5;015m[INFO]: [0mThis is a info message from thread 718-09-2026 00:29:34 [38;5;015m[INFO]: [0mThis is a info message from thread 2218-09-2026 00:29:34 [38;5;015m[INFO]: [0mThis is a info message from thread 2718-09-2026 00:29:34 [38;5;015m[INFO]: [0mThis is a info message from thread 218-09-2026 00:29:34 [38;5;117m[DEBUG]: [0mThis is a debug message from thread 1518-09-2026 00:29:34 [38;5;009m[ERROR]: [0mThis is a error message from thread 2918-09-2026 00:29:34 [38;5;009m[ERROR]: [0mThis is a error message from thread 2718-09-2026 00:29:34 [38;5;009m[ERROR]: [0mThis is a error message from thread 718-09-2026 00:29:34 [38;5;117m[DEBUG]: [0mThis is a debug message from thread 2718-09-2026 00:29:34 [38;5;015m[INFO]: [0mThis is a info message from thread 2718-09-2026 00:29:34 [38;5;117m[DEBUG]: [0mThis is a debug message from thread 2018-09-2026 00:29:34 [38;5;015m[INFO]: [0mThis is a info message from thread 2818-09-2026 00:29:34 [38;5;009m[ERROR]: [0mThis is a error message from thread 1718-09-2026 00:29:34 [38;5;117m[DEBUG]: [0mThis is a debug message from thread 1718-09-2026 00:29:34 [38;5;015m[INFO]: [0mThis is a info message from thread 2018-09-2026 00:29:34 [38;5;009m[ERROR]: [0mThis is a error message from thread 2218-09-2026 00:29:34 [38;5;015m[INFO]: [0mThis is a info message from thread 1018-09-2026 00:29:34 [38;5;117m[DEBUG]: [0mThis is a debug message from thread 2418-09-2026 00:29:34 [38;5;117m[DEBUG]: [0mThis is a debug message from thread 2218-09-2026 00:29:34 [38;5;015m[INFO]: [0mThis is a info message from thread 1118-09-2026 00:29:34 [38;5;009m[ERROR]: [0mThis is a error message from thread 2018-09-2026 00:29:34 [38;5;009m[ERROR]: [0mThis is a error message from thread 2718-09-2026 00:29:34 [38;5;009m[ERROR]: [0mThis is a error message from thread 318-09-2026 00:29:34 [38;5;009m[ERROR]: [0mThis is a error message from thread 218-09-2026 00:29:34 [38;5;117m[DEBUG]: [0mThis is a debug message from thread 318-09-2026 00:29:34 [38;5;117m[DEBUG]: [0mThis is a debug message from thread 2718-09-2026 00:29:34 [38;5;015m[INFO]: [0mThis is a info message from thread 2218-09-2026 00:29:34 [38;5;009m[ERROR]: [0mThis is a error message from thread 1118-09-2026 00:29:34 [38;5;009m[ERROR]: [0mThis is a error message from thread 418-09-2026 00:29:34 [38;5;117m[DEBUG]: [0mThis is a debug message from thread 718-09-2026 00:29:34 [38;5;117m[DEBUG]: [0mThis is a debug message from thread 2518-09-2026 00:29:34 [38;5;015m[INFO]: [0mThis is a info message from thread 2518-09-2026 00:29:34 [38;5;015m[INFO]: [0mThis is a info message from thread 718-09-2026 00:29:34 [38;5;117m[DEBUG]: [0mThis is a debug message from thread 2918-09-2026 00:29:34 [38;5;117m[DEBUG]: [0mThis is a debug message from thread 018-09-2026 00:29:34 [38;5;009m[ERROR]: [0mThis is a error message from thread 2518-09-2026 00:29:34 [38;5;117m[DEBUG]: [0mThis is a debug message from thread 2518-09-2026 00:29:34 [38;5;117m[DEBUG]: [0mThis is a debug message from thread 2318-09-2026 00:29:34 [38;5;117m[DEBUG]: [0mThis is a debug message from thread 2618-09-2026 00:29:34 [38;5;015m[INFO]: [0mThis is a info message from thread 2718-09-2026 00:29:34 [38;5;009m[ERROR]: [0mThis is a error message from thread 818-09-2026 00:29:34 [38;5;117m[DEBUG]: [0mThis is a debug message from thread 618-09-2026 00:29:34 [38;5;009m[ERROR]: [0mThis is a error message from thread 2818-09-2026 00:29:34 [38;5;015m[INFO]: [0mThis is a info message from thread 018-09-2026 00:29:34 [38;5;009m[ERROR]: [0mThis is a error message from thread 1918-09-2026 00:29:34 [38;5;009m[ERROR]: [0mThis is a error message from thread 718-09-2026 00:29:34 [38;5;015m[INFO]: [0mThis is a info message from thread 318-09-2026 00:29:34 [38;5;009m[ERROR]: [0mThis is a error message from thread 2718-09-2026 00:29:34 [38;5;015m[INFO]: [0mThis is a info message from thread 2518-09-2026 00:29:34 [38;5;009m[ERROR]: [0mThis is a error message from thread 2118-09-2026 00:29:34 [38;5;009m[ERROR]: [0mThis is a error message from thread 1018-09-2026 00:29:34 [38;5;117m[DEBUG]: [0mThis is a debug message from thread 718-09-2026 00:29:34 [38;5;117m[DEBUG]: [0mThis is a debug message from thread 1118-09-2026 00:29:34 [38;5;015m[INFO]: [0mThis is a info message from thread 1518-09-2026 00:29:34 [38;5;015m[INFO]: [0mThis is a info message from thread 2318-09-2026 00:29:34 [38;5;117m[DEBUG]: [0mThis is a debug message from thread 2018-09-2026 00:29:34 [38;5;117m[DEBUG]: [0mThis is a debug message from thread 818-09-2026 00:29:34 [38;5;015m[INFO]: [0mThis is a info message from thread 2418-09-2026 00:29:34 [38;5;009m[ERROR]: [0mThis is a error message from thread 1618-09-2026 00:29:34 [38;5;117m[DEBUG]: [0mThis is a debug message from thread 2118-09-2026 00:29:34 [38;5;009m[ERROR]: [0mThis is a error message from thread 018-09-2026 00:29:34 [38;5;015m[INFO]: [0mThis is a info message from thread 2618-09-2026 00:29:34 [38;5;009m[ERROR]: [0mThis is a error message from thread 2218-09-2026 00:29:34 [38;5;015m[INFO]: [0mThis is a info message from thread 1118-09-2026 00:29:34 [38;5;009m[ERROR]: [0mThis is a error message from thread 1818-09-2026 00:29:34 [38;5;009m[ERROR]: [0mThis is a error message from thread 1218-09-2026 00:29:34 [38;5;009m[ERROR]: [0mThis is a error message from thread 1118-09-2026 00:29:34 [38;5;117m[DEBUG]: [0mThis is a debug message from thread 2818-09-2026 00:29:34 [38;5;015m[INFO]: [0mThis is a info message from thread 118-09-2026 00:29:34 [38;5;117m[DEBUG]: [0mThis is a debug message from thread 518-09-2026 00:29:34 [38;5;009m[ERROR]: [0mThis is a error message from thread 118-09-2026 00:29:34 [38;5;009m[ERROR]: [0mThis is a error message from thread 318-09-2026 00:29:34 [38;5;015m[INFO]: [0mThis is a info message from thread 518-09-2026 00:29:34 [38;5;117m[DEBUG]: [0mThis is a debug message from thread 318-09-2026 00:29:34 [38;5;009m[ERROR]: [0mThis is a error message from thread 2318-09-2026 00:29:34 [38;5;117m[DEBUG]: [0mThis is a debug message from thread 2218-09-2026 00:29:34 [38;5;015m[INFO]: [0mThis is a info message from thread 1718-09-2026 00:29:34 [38;5;015m[INFO]: [0mThis is a info message from thread 718-09-2026 00:29:34 [38;5;117m[DEBUG]: [0mThis is a debug message from thread 1218-09-2026 00:29:34 [38;5;009m[ERROR]: [0mThis is a error message from thread 518-09-2026 00:29:34 [38;5;117m[DEBUG]: [0mThis is a debug message from thread 2318-09-2026 00:29:34 [38;5;015m[INFO]: [0mThis is a info message from thread 2218-09-2026 00:29:34 [38;5;009m[ERROR]: [0mThis is a error message from thread 1718-09-2026 00:29:34 [38;5;009m[ERROR]: [0mThis is a error message from thread 718-09-2026 00:29:34 [38;5;015m[INFO]: [0mThis is a info message from thread 618-09-2026 00:29:34 [38;5;117m[DEBUG]: [0mThis is a debug message from thread 1818-09-2026 00:29:34 [38;5;117m[DEBUG]: [0mThis is a debug message from thread 418-09-2026 00:29:34 [38;5;015m[INFO]: [0mThis is a info message from thread 2318-09-2026 00:29:34 [38;5;009m[ERROR]: [0mThis is a error message from thread 2218-09-2026 00:29:34 [38;5;009m[ERROR]: [0mThis is a error message from thread 2518-09-2026 00:29:34 [38;5;117m[DEBUG]: [0mThis is a debug message from thread 1918-09-2026 00:29:34 [38;5;009m[ERROR]: [0mThis is a error message from thread 2418-09-2026 00:29:34 [38;5;117m[DEBUG]: [0mThis is a debug message from thread 718-09-2026 00:29:34 [38;5;015m[INFO]: [0mThis is a info message from thread 918-09-2026 00:29:34 [38;5;117m[DEBUG]: [0mThis is a debug message from thread 2518-09-2026 00:29:34 [38;5;015m[INFO]: [0mThis is a info message from thread 418-09-2026 00:29:34 [38;5;117m[DEBUG]: [0mThis is a debug message from thread 1718-09-2026 00:29:34 [38;5;015m[INFO]: [0mThis is a info message from thread 2818-09-2026 00:29:34 [38;5;117m[DEBUG]: [0mThis is a debug message from thread 2218-09-2026 00:29:34 [38;5;117m[DEBUG]: [0mThis is a debug message from thread 018-09-2026 00:29:34 [38;5;015m[INFO]: [0mThis is a info message from thread 718-09-2026 00:29:34 [38;5;117m[DEBUG]: [0mThis is a debug message from thread 1618-09-2026 00:29:34 [38;5;015m[INFO]: [0mThis is a info message from thread 2518-09-2026 00:29:34 [38;5;015m[INFO]: [0mThis is a info message from thread 2118-09-2026 00:29:34 [38;5;009m[ERROR]: [0mThis is a error message from thread 2818-09-2026 00:29:34 [38;5;015m[INFO]: [0mThis is a info message from thread 2218-09-2026 00:29:34 [38;5;117m[DEBUG]: [0mThis is a debug message from thread 518-09-2026 00:29:34 [38;5;117m[DEBUG]: [0mThis is a debug message from thread 118-09-2026 00:29:34 [38;5;009m[ERROR]: [0mThis is a error message from thread 2218-09-2026 00:29:34 [38;5;117m[DEBUG]: [0mThis is a debug message from thread 2718-09-2026 00:29:34 [38;5;009m[ERROR]: [0mThis is a error message from thread 718-09-2026 00:29:34 [38;5;117m[DEBUG]: [0mThis is a debug message from thread 218-09-2026 00:29:34 [38;5;015m[INFO]: [0mThis is a info message from thread 518-09-2026 00:29:34 [38;5;015m[INFO]: [0mThis is a info message from thread 1618-09-2026 00:29:34 [38;5;015m[INFO]: [0mThis is a info message from thread 218-09-2026 00:29:34 [38;5;015m[INFO]: [0mThis is a info message from thread 2018-09-2026 00:29:34 [38;5;009m[ERROR]: [0mThis is a error message from thread 418-09-2026 00:29:34 [38;5;009m[ERROR]: [0mThis is a error message from thread 2318-09-2026 00:29:34 [38;5;015m[INFO]: [0mThis is a info message from thread 1218-09-2026 00:29:34 [38;5;015m[INFO]: [0mThis is a info message from thread 018-09-2026 00:29:34 [38;5;009m[ERROR]: [0mThis is a error message from thread 218-09-2026 00:29:34 [38;5;009m[ERROR]: [0mThis is a error message from thread 2018-09-2026 00:29:34 [38;5;117m[DEBUG]: [0mThis is a debug message from thread 2218-09-2026 00:29:34 [38;5;009m[ERROR]: [0mThis is a error message from thread 1618-09-2026 00:29:34 [38;5;117m[DEBUG]: [0mThis is a debug message from thread 2018-09-2026 00:29:34 [38;5;117m[DEBUG]: [0mThis is a debug message from thread 2318-09-2026 00:29:34 [38;5;015m[INFO]: [0mThis is a info message from thread 118-09-2026 00:29:34 [38;5;117m[DEBUG]: [0mThis is a debug message from thread 1618-09-2026 00:29:34 [38;5;117m[DEBUG]: [0mThis is a debug message from thread 218-09-2026 00:29:34 [38;5;009m[ERROR]: [0mThis is a error message from thread 018-09-2026 00:29:34 [38;5;015m[INFO]: [0mThis is a info message from thread 2018-09-2026 00:29:34 [38;5;009m[ERROR]: [0mThis is a error message from thread 2018-09-2026 00:29:34 [38;5;009m[ERROR]: [0mThis is a error message from thread 1218-09-2026 00:29:34 [38;5;015m[INFO]: [0mThis is a info message from thread 1618-09-2026 00:29:34 [38;5;117m[DEBUG]: [0mThis is a debug message from thread 2818-09-2026 00:29:34 [38;5;009m[ERROR]: [0mThis is a error message from thread 1618-09-2026 00:29:34 [38;5;117m[DEBUG]: [0mThis is a debug message from thread 1218-09-2026 00:29:34 [38;5;015m[INFO]: [0mThis is a info message from thread 2318-09-2026 00:29:34 [38;5;015m[INFO]: [0mThis is a info message from thread 2818-09-2026 00:29:34 [38;5;117m[DEBUG]: [0mThis is a debug message from thread 018-09-2026 00:29:34 [38;5;009m[ERROR]: [0mThis is a error message from thread 2318-09-2026 00:29:34 [38;5;117m[DEBUG]: [0mThis is a debug message from thread 1618-09-2026 00:29:34 [38;5;009m[ERROR]: [0mThis is a error message from thread 2818-09-2026 00:29:34 [38;5;015m[INFO]: [0mThis is a info message from thread 818-09-2026 00:29:34 [38;5;117m[DEBUG]: [0mThis is a debug message from thread 2418-09-2026 00:29:34 [38;5;015m[INFO]: [0mThis is a info message from thread 018-09-2026 00:29:34 [38;5;117m[DEBUG]: [0mThis is a debug message from thread 2818-09-2026 00:29:34 [38;5;009m[ERROR]: [0mThis is a error message from thread 618-09-2026 00:29:34 [38;5;117m[DEBUG]: [0mThis is a debug message from thread 418-09-2026 00:29:34 [38;5;015m[INFO]: [0mThis is a info message from thread 1618-09-2026 00:29:34 [38;5;015m[INFO]: [0mThis is a info message from thread 218-09-2026 00:29:34 [38;5;015m[INFO]: [0mThis is a info message from thread 2418-09-2026 00:29:34 [38;5;117m[DEBUG]: [0mThis is a debug message from thread 618-09-2026 00:29:34 [38;5;015m[INFO]: [0mThis is a info message from thread 318-09-2026 00:29:34 [38;5;117m[DEBUG]: [0mThis is a debug message from thread 2318-09-2026 00:29:34 [38;5;009m[ERROR]: [0mThis is a error message from thread 118-09-2026 00:29:34 [38;5;015m[INFO]: [0mThis is a info message from thread 1718-09-2026 00:29:34 [38;5;009m[ERROR]: [0mThis is a error message from thread 218-09-2026 00:29:34 [38;5;009m[ERROR]: [0mThis is a error message from thread 318-09-2026 00:29:34 [38;5;015m[INFO]: [0mThis is a info message from thread 2318-09-2026 00:29:34 [38;5;009m[ERROR]: [0mThis is a error message from thread 2118-09-2026 00:29:34 [38;5;009m[ERROR]: [0mThis is a error message from thread 918-09-2026 00:29:34 [38;5;009m[ERROR]: [0mThis is a error message from thread 1318-09-2026 00:29:34 [38;5;009m[ERROR]: [0mThis is a error message from thread 2318-09-2026 00:29:34 [38;5;015m[INFO]: [0mThis is a info message from thread 1818-09-2026 00:29:34 [38;5;009m[ERROR]: [0mThis is a error message from thread 1818-09-2026 00:29:34 [38;5;117m[DEBUG]: [0mThis is a debug message from thread 918-09-2026 00:29:34 [38;5;009m[ERROR]: [0mThis is a error message from thread 018-09-2026 00:29:34 [38;5;015m[INFO]: [0mThis is a info message from thread 2218-09-2026 00:29:34 [38;5;009m[ERROR]: [0mThis is a error message from thread 2418-09-2026 00:29:34 [38;5;015m[INFO]: [0mThis is a info message from thread 1218-09-2026 00:29:34 [38;5;015m[INFO]: [0mThis is a info message from thread 918-09-2026 00:29:34 [38;5;117m[DEBUG]: [0mThis is a debug message from thread 1818-09-2026 00:29:34 [38;5;015m[INFO]: [0mThis is a info message from thread 618-09-2026 00:29:34 [38;5;117m[DEBUG]: [0mThis is a debug message from thread 2118-09-2026 00:29:34 [38;5;009m[ERROR]: [0mThis is a error message from thread 2518-09-2026 00:29:34 [38;5;117m[DEBUG]: [0mThis is a debug message from thread 018-09-2026 00:29:34 [38;5;009m[ERROR]: [0mThis is a error message from thread 818-09-2026 00:29:34 [38;5;117m[DEBUG]: [0mThis is a debug message from thread 1318-09-2026 00:29:34 [38;5;009m[ERROR]: [0mThis is a error message from thread 518-09-2026 00:29:34 [38;5;009m[ERROR]: [0mThis is a error message from thread 2618-09-2026 00:29:34 [38;5;015m[INFO]: [0mThis is a info message from thread 1918-09-2026 00:29:34 [38;5;015m[INFO]: [0mThis is a info message from thread 2918-09-2026 00:29:34 [38;5;015m[INFO]: [0mThis is a info message from thread 018-09-2026 00:29:34 [38;5;009m[ERROR]: [0mThis is a error message from thread 1218-09-2026 00:29:34 [38;5;015m[INFO]: [0mThis is a info message from thread 1818-09-2026 00:29:34 [38;5;009m[ERROR]: [0mThis is a error message from thread 018-09-2026 00:29:34 [38;5;009m[ERROR]: [0mThis is a error message from thread 1818-09-2026 00:29:34 [38;5;015m[INFO]: [0mThis is a info message from thread 1318-09-2026 00:29:34 [38;5;117m[DEBUG]: [0mThis is a debug message from thread 018-09-2026 00:29:34 [38;5;117m[DEBUG]: [0mThis is a debug message from thread 2618-09-2026 00:29:34 [38;5;117m[DEBUG]: [0mThis is a debug message from thread 518-09-2026 00:29:34 [38;5;117m[DEBUG]: [0mThis is a debug message from thread 1418-09-2026 00:29:34 [38;5;009m[ERROR]: [0mThis is a error message from thread 1618-09-2026 00:29:34 [38;5;009m[ERROR]: [0mThis is a error message from thread 2918-09-2026 00:29:34 [38;5;015m[INFO]: [0mThis is a info message from thread 2718-09-2026 00:29:34 [38;5;117m[DEBUG]: [0mThis is a debug message from thread 118-09-2026 00:29:34 [38;5;015m[INFO]: [0mThis is a info message from thread 2618-09-2026 00:29:34 [38;5;009m[ERROR]: [0mThis is a error message from thread 2718-09-2026 00:29:34 [38;5;015m[INFO]: [0mThis is a info message from thread 118-09-2026 00:29:34 [38;5;117m[DEBUG]: [0mThis is a debug message from thread 2718-09-2026 00:29:34 [38;5;015m[INFO]: [0mThis is a info message from thread 018-09-2026 00:29:34 [38;5;015m[INFO]: [0mThis is a info message from thread 418-09-2026 00:29:34 [38;5;009m[ERROR]: [0mThis is a error message from thread 1718-09-2026 00:29:34 [38;5;015m[INFO]: [0mThis is a info message from thread 1418-09-2026 00:29:34 [38;5;117m[DEBUG]: [0mThis is a debug message from thread 2418-09-2026 00:29:34 [38;5;009m[ERROR]: [0mThis is a error message from thread 418-09-2026 00:29:34 [38;5;015m[INFO]: [0mThis is a info message from thread 2118-09-2026 00:29:34 [38;5;009m[ERROR]: [0mThis is a error message from thread 618-09-2026 00:29:34 [38;5;015m[INFO]: [0mThis is a info message from thread 518-09-2026 00:29:34 [38;5;117m[DEBUG]: [0mThis is a debug message from thread 1118-09-2026 00:29:34 [38;5;009m[ERROR]: [0mThis is a error message from thread 918-09-2026 00:29:34 [38;5;009m[ERROR]: [0mThis is a error message from thread 1518-09-2026 00:29:34 [38;5;117m[DEBUG]: [0mThis is a debug message from thread 618-09-2026 00:29:34 [38;5;117m[DEBUG]: [0mThis is a debug message from thread 2318-09-2026 00:29:34 [38;5;015m[INFO]: [0mThis is a info message from thread 2718-09-2026 00:29:34 [38;5;009m[ERROR]: [0mThis is a error message from thread 018-09-2026 00:29:34 [38;5;117m[DEBUG]: [0mThis is a debug message from thread 318-09-2026 00:29:34 [38;5;117m[DEBUG]: [0mThis is a debug message from thread 718-09-2026 00:29:34 [38;5;009m[ERROR]: [0mThis is a error message from thread 1918-09-2026 00:29:34 [38;5;009m[ERROR]: [0mThis is a error message from thread 2718-09-2026 00:29:34 [38;5;117m[DEBUG]: [0mThis is a debug message from thread 1818-09-2026 00:29:34 [38;5;009m[ERROR]: [0mThis is a error message from thread 1318-09-2026 00:29:34 [38;5;015m[INFO]: [0mThis is a info message from thread 2418-09-2026 00:29:34 [38;5;009m[ERROR]: [0mThis is a error message from thread 518-09-2026 00:29:34 [38;5;015m[INFO]: [0mThis is a info message from thread 2318-09-2026 00:29:34 [38;5;117m[DEBUG]: [0mThis is a debug message from thread 1718-09-2026 00:29:34 [38;5;015m[INFO]: [0mThis is a info message from thread 618-09-2026 00:29:34 [38;5;015m[INFO]: [0mThis is a info message from thread 1118-09-2026 00:29:34 [38;5;015m[INFO]: [0mThis is a info message from thread 1818-09-2026 00:29:34 [38;5;117m[DEBUG]: [0mThis is a debug message from thread 2018-09-2026 00:29:34 [38;5;015m[INFO]: [0mThis is a info message from thread 718-09-2026 00:29:34 [38;5;117m[DEBUG]: [0mThis is a debug message from thread 1518-09-2026 00:29:34 [38;5;015m[INFO]: [0mThis is a info message from thread 1518-09-2026 00:29:34 [38;5;009m[ERROR]: [0mThis is a error message from thread 1818-09-2026 00:29:34 [38;5;015m[INFO]: [0mThis is a info message from thread 318-09-2026 00:29:34 [38;5;015m[INFO]: [0mThis is a info message from thread 1718-09-2026 00:29:34 [38;5;009m[ERROR]: [0mThis is a error message from thread 318-09-2026 00:29:34 [38;5;009m[ERROR]: [0mThis is a error message from thread 1518-09-2026 00:29:34 [38;5;015m[INFO]: [0mThis is a info message from thread 2018-09-2026 00:29:34 [38;5;117m[DEBUG]: [0mThis is a debug message from thread 518-09-2026 00:29:34 [38;5;117m[DEBUG]: [0mThis is a debug message from thread 2518-09-2026 00:29:34 [38;5;009m[ERROR]: [0mThis is a error message from thread 1118-09-2026 00:29:34 [38;5;009m[ERROR]: [0mThis is a error message from thread 618-09-2026 00:29:34 [38;5;117m[DEBUG]: [0mThis is a debug message from thread 018-09-2026 00:29:34 [38;5;117m[DEBUG]: [0mThis is a debug message from thread 1518-09-2026 00:29:34 [38;5;117m[DEBUG]: [0mThis is a debug message from thread 2918-09-2026 00:29:34 [38;5;117m[DEBUG]: [0mThis is a debug message from thread 1118-09-2026 00:29:34 [38;5;009m[ERROR]: [0mThis is a error message from thread 2618-09-2026 00:29:34 [38;5;015m[INFO]: [0mThis is a info message from thread 2518-09-2026 00:29:34 [38;5;009m[ERROR]: [0mThis is a error message from thread 2418-09-2026 00:29:34 [38;5;015m[INFO]: [0mThis is a info message from thread 1118-09-2026 00:29:34 [38;5;117m[DEBUG]: [0mThis is a debug message from thread 1218-09-2026 00:29:34 [38;5;117m[DEBUG]: [0mThis is a debug message from thread 218-09-2026 00:29:34 [38;5;117m[DEBUG]: [0mThis is a debug message from thread 2618-09-2026 00:29:34 [38;5;009m[ERROR]: [0mThis is a error message from thread 2118-09-2026 00:29:34 [38;5;015m[INFO]: [0mThis is a info message from thread 2618-09-2026 00:29:34 [38;5;009m[ERROR]: [0mThis is a error message from thread 2618-09-2026 00:29:34 [38;5;015m[INFO]: [0mThis is a info message from thread 518-09-2026 00:29:34 [38;5;009m[ERROR]: [0mThis is a error message from thread 2518-09-2026 00:29:34 [38;5;117m[DEBUG]: [0mThis is a debug message from thread 2618-09-2026 00:29:34 [38;5;015m[INFO]: [0mThis is a info message from thread 018-09-2026 00:29:34 [38;5;117m[DEBUG]: [0mThis is a debug message from thread 1018-09-2026 00:29:34 [38;5;117m[DEBUG]: [0mThis is a debug message from thread 1318-09-2026 00:29:34 [38;5;009m[ERROR]: [0mThis is a error message from thread 018-09-2026 00:29:34 [38;5;009m[ERROR]: [0mThis is a error message from thread 2218-09-2026 00:29:34 [38;5;117m[DEBUG]: [0mThis is a debug message from thread 1918-09-2026 00:29:34 [38;5;117m[DEBUG]: [0mThis is a debug message from thread 2518-09-2026 00:29:34 [38;5;009m[ERROR]: [0mThis is a error message from thread 1718-09-2026 00:29:34 [38;5;015m[INFO]: [0mThis is a info message from thread 1018-09-2026 00:29:34 [38;5;015m[INFO]: [0mThis is a info message from thread 1218-09-2026 00:29:34 [38;5;117m[DEBUG]: [0mThis is a debug message from thread 2718-09-2026 00:29:34 [38;5;009m[ERROR]: [0mThis is a error message from thread 2018-09-2026 00:29:34 [38;5;009m[ERROR]: [0mThis is a error message from thread 1418-09-2026 00:29:34 [38;5;009m[ERROR]: [0mThis is a error message from thread 518-09-2026 00:29:34 [38;5;117m[DEBUG]: [0mThis is a debug message from thread 2418-09-2026 00:29:34 [38;5;009m[ERROR]: [0mThis is a error message from thread 118-09-2026 00:29:34 [38;5;117m[DEBUG]: [0mThis is a debug message from thread 2018-09-2026 00:29:34 [38;5;117m[DEBUG]: [0mThis is a debug message from thread 1618-09-2026 00:29:34 [38;5;117m[DEBUG]: [0mThis is a debug message from thread 618-09-2026 00:29:34 [38;5;117m[DEBUG]: [0mThis is a debug message from thread 118-09-2026 00:29:34 [38;5;117m[DEBUG]: [0mThis is a debug message from thread 318-09-2026 00:29:34 [38;5;117m[DEBUG]: [0mThis is a debug message from thread 418-09-2026 00:29:34 [38;5;117m[DEBUG]: [0mThis is a debug message from thread 2118-09-2026 00:29:34 [38;5;015m[INFO]: [0mThis is a info message from thread 118-09-2026 00:29:34 [38;5;015m[INFO]: [0mThis is a info message from thread 2818-09-2026 00:29:34 [38;5;009m[ERROR]: [0mThis is a error message from thread 1218-09-2026 00:29:34 [38;5;015m[INFO]: [0mThis is a info message from thread 318-09-2026 00:29:34 [38;5;015m[INFO]: [0mThis is a info message from thread 1518-09-2026 00:29:34 [38;5;015m[INFO]: [0mThis is a info message from thread 2018-09-2026 00:29:34 [38;5;117m[DEBUG]: [0mThis is a debug message from thread 518-09-2026 00:29:34 [38;5;009m[ERROR]: [0mThis is a error message from thread 1018-09-2026 00:29:34 [38;5;015m[INFO]: [0mThis is a info message from thread 2618-09-2026 00:29:34 [38;5;117m[DEBUG]: [0mThis is a debug message from thread 018-09-2026 00:29:34 [38;5;117m[DEBUG]: [0mThis is a debug message from thread 918-09-2026 00:29:34 [38;5;015m[INFO]: [0mThis is a info message from thread 2918-09-2026 00:29:34 [38;5;009m[ERROR]: [0mThis is a error message from thread 2618-09-2026 00:29:34 [38;5;015m[INFO]: [0mThis is a info message from thread 518-09-2026 00:29:34 [38;5;015m[INFO]: [0mThis is a info message from thread 418-09-2026 00:29:34 [38;5;015m[INFO]: [0mThis is a info message from thread 918-09-2026 00:29:34 [38;5;015m[INFO]: [0mThis is a info message from thread 218-09-2026 00:29:34 [38;5;009m[ERROR]: [0mThis is a error message from thread 918-09-2026 00:29:34 [38;5;009m[ERROR]: [0mThis is a error message from thread 2318-09-2026 00:29:34 [38;5;015m[INFO]: [0mThis is a info message from thread 1918-09-2026 00:29:34 [38;5;009m[ERROR]: [0mThis is a error message from thread 718-09-2026 00:29:34 [38;5;015m[INFO]: [0mThis is a info message from thread 2718-09-2026 00:29:34 [38;5;009m[ERROR]: [0mThis is a error message from thread 2818-09-2026 00:29:34 [38;5;117m[DEBUG]: [0mThis is a debug message from thread 1818-09-2026 00:29:34 [38;5;117m[DEBUG]: [0mThis is a debug message from thread 1718-09-2026 00:29:34 [38;5;009m[ERROR]: [0mThis is a error message from thread 218-09-2026 00:29:34 [38;5;117m[DEBUG]: [0mThis is a debug message from thread 918-09-2026 00:29:34 [38;5;009m[ERROR]: [0mThis is a error message from thread 1118-09-2026 00:29:34 [38;5;009m[ERROR]: [0mThis is a error message from thread 318-09-2026 00:29:34 [38;5;015m[INFO]: [0mThis is a info message from thread 618-09-2026 00:29:34 [38;5;015m[INFO]: [0mThis is a info message from thread 2518-09-2026 00:29:34 [38;5;009m[ERROR]: [0mThis is a error message from thread 2918-09-2026 00:29:34 [38;5;117m[DEBUG]: [0mThis is a debug message from thread 2818-09-2026 00:29:34 [38;5;117m[DEBUG]: [0mThis is a debug message from thread 718-09-2026 00:29:34 [38;5;009m[ERROR]: [0mThis is a error message from thread 2018-09-2026 00:29:34 [38;5;009m[ERROR]: [0mThis is a error message from thread 1918-09-2026 00:29:34 [38;5;117m[DEBUG]: [0mThis is a debug message from thread 1118-09-2026 00:29:34 [38;5;117m[DEBUG]: [0mThis is a debug message from thread 2018-09-2026 00:29:34 [38;5;009m[ERROR]: [0mThis is a error message from thread 2518-09-2026 00:29:34 [38;5;015m[INFO]: [0mThis is a info message from thread 2418-09-2026 00:29:34 [38;5;117m[DEBUG]: [0mThis is a debug message from thread 1218-09-2026 00:29:34 [38;5;015m[INFO]: [0mThis is a info message from thread 2818-09-2026 00:29:34 [38;5;117m[DEBUG]: [0mThis is a debug message from thread 318-09-2026 00:29:34 [38;5;015m[INFO]: [0mThis is a info message from thread 318-09-2026 00:29:34 [38;5;117m[DEBUG]: [0mThis is a debug message from thread 218-09-2026 00:29:34 [38;5;015m[INFO]: [0mThis is a info message from thread 1118-09-2026 00:29:34 [38;5;015m[INFO]: [0mThis is a info message from thread 918-09-2026 00:29:34 [38;5;117m[DEBUG]: [0mThis is a debug message from thread 818-09-2026 00:29:34 [38;5;015m[INFO]: [0mThis is a info message from thread 2118-09-2026 00:29:34 [38;5;117m[DEBUG]: [0mThis is a debug message from thread 1918-09-2026 00:29:34 [38;5;117m[DEBUG]: [0mThis is a debug message from thread 1418-09-2026 00:29:34 [38;5;015m[INFO]: [0mThis is a info message from thread 1618-09-2026 00:29:34 [38;5;015m[INFO]: [0mThis is a info message from thread 1218-09-2026 00:29:34 [38;5;009m[ERROR]: [0mThis is a error message from thread 2118-09-2026 00:29:34 [38;5;015m[INFO]: [0mThis is a info message from thread 2018-09-2026 00:29:34 [38;5;009m[ERROR]: [0mThis is a error message from thread 2818-09-2026 00:29:34 [38;5;009m[ERROR]: [0mThis is a error message from thread 1218-09-2026 00:29:34 [38;5;009m[ERROR]: [0mThis is a error message from thread 1618-09-2026 00:29:34 [38;5;015m[INFO]: [0mThis is a info message from thread 1418-09-2026 00:29:34 [38;5;117m[DEBUG]: [0mThis is a debug message from thread 1218-09-2026 00:29:34 [38;5;009m[ERROR]: [0mThis is a error message from thread 1418-09-2026 00:29:34 [38;5;015m[INFO]: [0mThis is a info message from thread 1218-09-2026 00:29:34 [38;5;009m[ERROR]: [0mThis is a error message from thread 2018-09-2026 00:29:34 [38;5;015m[INFO]: [0mThis is a info message from thread 218-09-2026 00:29:34 [38;5;009m[ERROR]: [0mThis is a error message from thread 1218-09-2026 00:29:34 [38;5;015m[INFO]: [0mThis is a info message from thread 818-09-2026 00:29:34 [38;5;117m[DEBUG]: [0mThis is a debug message from thread 2218-09-2026 00:29:34 [38;5;117m[DEBUG]: [0mThis is a debug message from thread 1218-09-2026 00:29:34 [38;5;117m[DEBUG]: [0mThis is a debug message from thread 2018-09-2026 00:29:34 [38;5;117m[DEBUG]: [0mThis is a debug message from thread 2318-09-2026 00:29:34 [38;5;009m[ERROR]: [0mThis is a error message from thread 1518-09-2026 00:29:34 [38;5;015m[INFO]: [0mThis is a info message from thread 1218-09-2026 00:29:34 [38;5;015m[INFO]: [0mThis is a info message from thread 1918-09-2026 00:29:34 [38;5;117m[DEBUG]: [0mThis is a debug message from thread 2618-09-2026 00:29:34 [38;5;009m[ERROR]: [0mThis is a error message from thread 318-09-2026 00:29:34 [38;5;117m[DEBUG]: [0mThis is a debug message from thread 2118-09-2026 00:29:34 [38;5;015m[INFO]: [0mThis is a info message from thread 2218-09-2026 00:29:34 [38;5;015m[INFO]: [0mThis is a info message from thread 018-09-2026 00:29:34 [38;5;117m[DEBUG]: [0mThis is a debug message from thread 1018-09-2026 00:29:34 [38;5;009m[ERROR]: [0mThis is a error message from thread 418-09-2026 00:29:34 [38;5;117m[DEBUG]: [0mThis is a debug message from thread 2918-09-2026 00:29:34 [38;5;117m[DEBUG]: [0mThis is a debug message from thread 1518-09-2026 00:29:34 [38;5;009m[ERROR]: [0mThis is a error message from thread 1118-09-2026 00:29:34 [38;5;015m[INFO]: [0mThis is a info message from thread 2618-09-2026 00:29:34 [38;5;117m[DEBUG]: [0mThis is a debug message from thread 1118-09-2026 00:29:34 [38;5;009m[ERROR]: [0mThis is a error message from thread 218-09-2026 00:29:34 [38;5;009m[ERROR]: [0mThis is a error message from thread 518-09-2026 00:29:34 [38;5;117m[DEBUG]: [0mThis is a debug message from thread 1618-09-2026 00:29:34 [38;5;009m[ERROR]: [0mThis is a error message from thread 2718-09-2026 00:29:34 [38;5;117m[DEBUG]: [0mThis is a debug message from thread 318-09-2026 00:29:34 [38;5;015m[INFO]: [0mThis is a info message from thread 1518-09-2026 00:29:34 [38;5;117m[DEBUG]: [0mThis is a debug message from thread 2518-09-2026 00:29:34 [38;5;117m[DEBUG]: [0mThis is a debug message from thread 1418-09-2026 00:29:34 [38;5;015m[INFO]: [0mThis is a info message from thread 2018-09-2026 00:29:34 [38;5;015m[INFO]: [0mThis is a info message from thread 1818-09-2026 00:29:34 [38;5;117m[DEBUG]: [0mThis is a debug message from thread 518-09-2026 00:29:34 [38;5;009m[ERROR]: [0mThis is a error message from thread 2418-09-2026 00:29:34 [38;5;009m[ERROR]: [0mThis is a error message from thread 2018-09-2026 00:29:34 [38;5;117m[DEBUG]: [0mThis is a debug message from thread 2418-09-2026 00:29:34 [38;5;117m[DEBUG]: [0mThis is a debug message from thread 2818-09-2026 00:29:34 [38;5;015m[INFO]: [0mThis is a info message from thread 518-09-2026 00:29:34 [38;5;015m[INFO]: [0mThis is a info message from thread 1418-09-2026 00:29:34 [38;5;015m[INFO]: [0mThis is a info message from thread 2518-09-2026 00:29:34 [38;5;015m[INFO]: [0mThis is a info message from thread 2418-09-2026 00:29:34 [38;5;117m[DEBUG]: [0mThis is a debug message from thread 418-09-2026 00:29:34 [38;5;015m[INFO]: [0mThis is a info message from thread 2818-09-2026 00:29:34 [38;5;015m[INFO]: [0mThis is a info message from thread 1618-09-2026 00:29:34 [38;5;009m[ERROR]: [0mThis is a error message from thread 918-09-2026 00:29:34 [38;5;009m[ERROR]: [0mThis is a error message from thread 018-09-2026 00:29:34 [38;5;015m[INFO]: [0mThis is a info message from thread 318-09-2026 00:29:34 [38;5;009m[ERROR]: [0mThis is a error message from thread 2418-09-2026 00:29:34 [38;5;117m[DEBUG]: [0mThis is a debug message from thread 918-09-2026 00:29:34 [38;5;015m[INFO]: [0mThis is a info message from thread 718-09-2026 00:29:34 [38;5;117m[DEBUG]: [0mThis is a debug message from thread 218-09-2026 00:29:34 [38;5;009m[ERROR]: [0mThis is a error message from thread 2518-09-2026 00:29:34 [38;5;117m[DEBUG]: [0mThis is a debug message from thread 2418-09-2026 00:29:34 [38;5;117m[DEBUG]: [0mThis is a debug message from thread 018-09-2026 00:29:34 [38;5;117m[DEBUG]: [0mThis is a debug message from thread 2018-09-2026 00:29:34 [38;5;009m[ERROR]: [0mThis is a error message from thread 718-09-2026 00:29:34 [38;5;009m[ERROR]: [0mThis is a error message from thread 618-09-2026 00:29:34 [38;5;015m[INFO]: [0mThis is a info message from thread 1718-09-2026 00:29:34 [38;5;117m[DEBUG]: [0mThis is a debug message from thread 618-09-2026 00:29:34 [38;5;009m[ERROR]: [0mThis is a error message from thread 2618-09-2026 00:29:34 [38;5;117m[DEBUG]: [0mThis is a debug message from thread 2718-09-2026 00:29:34 [38;5;015m[INFO]: [0mThis is a info message from thread 2318-09-2026 00:29:34 [38;5;009m[ERROR]: [0mThis is a error message from thread 1718-09-2026 00:29:34 [38;5;015m[INFO]: [0mThis is a info message from thread 2918-09-2026 00:29:34 [38;5;117m[DEBUG]: [0mThis is a debug message from thread 1718-09-2026 00:29:34 [38;5;015m[INFO]: [0mThis is a info message from thread 2718-09-2026 00:29:34 [38;5;015m[INFO]: [0mThis is a info message from thread 618-09-2026 00:29:34 [38;5;117m[DEBUG]: [0mThis is a debug message from thread 2618-09-2026 00:29:34 [38;5;009m[ERROR]: [0mThis is a error message from thread 2918-09-2026 00:29:34 [38;5;015m[INFO]: [0mThis is a info message from thread 1118-09-2026 00:29:34 [38;5;015m[INFO]: [0mThis is a info message from thread 2618-09-2026 00:29:34 [38;5;009m[ERROR]: [0mThis is a error message from thread 2718-09-2026 00:29:34 [38;5;009m[ERROR]: [0mThis is a error message from thread 2818-09-2026 00:29:34 [38;5;009m[ERROR]: [0mThis is a error message from thread 618-09-2026 00:29:34 [38;5;117m[DEBUG]: [0mThis is a debug message from thread 2718-09-2026 00:29:34 [38;5;117m[DEBUG]: [0mThis is a debug message from thread 2818-09-2026 00:29:34 [38;5;015m[INFO]: [0mThis is a info message from thread 1718-09-2026 00:29:34 [38;5;009m[ERROR]: [0mThis is a error message from thread 1218-09-2026 00:29:34 [38;5;009m[ERROR]: [0mThis is a error message from thread 2218-09-2026 00:29:34 [38;5;009m[ERROR]: [0mThis is a error message from thread 1718-09-2026 00:29:34 [38;5;117m[DEBUG]: [0mThis is a debug message from thread 618-09-2026 00:29:34 [38;5;015m[INFO]: [0mThis is a info message from thread 2718-09-2026 00:29:34 [38;5;009m[ERROR]: [0mThis is a error message from thread 1118-09-2026 00:29:34 [38;5;117m[DEBUG]: [0mThis is a debug message from thread 2918-09-2026 00:29:34 [38;5;117m[DEBUG]: [0mThis is a debug message from thread 1718-09-2026 00:29:34 [38;5;117m[DEBUG]: [0mThis is a debug message from thread 1118-09-2026 00:29:34 [38;5;015m[INFO]: [0mThis is a info message from thread 218-09-2026 00:29:34 [38;5;009m[ERROR]: [0mThis is a error message from thread 1418-09-2026 00:29:34 [38;5;015m[INFO]: [0mThis is a info message from thread 418-09-2026 00:29:34 [38;5;015m[INFO]: [0mThis is a info message from thread 2118-09-2026 00:29:34 [38;5;015m[INFO]: [0mThis is a info message from thread 2918-09-2026 00:29:34 [38;5;015m[INFO]: [0mThis is a info message from thread 1718-09-2026 00:29:34 [38;5;009m[ERROR]: [0mThis is a error message from thread 218-09-2026 00:29:34 [38;5;009m[ERROR]: [0mThis is a error message from thread 2118-09-2026 00:29:34 [38;5;009m[ERROR]: [0mThis is a error message from thread 418-09-2026 00:29:34 [38;5;009m[ERROR]: [0mThis is a error message from thread 2718-09-2026 00:29:34 [38;5;117m[DEBUG]: [0mThis is a debug message from thread 2218-09-2026 00:29:34 [38;5;015m[INFO]: [0mThis is a info message from thread 618-09-2026 00:29:34 [38;5;009m[ERROR]: [0mThis is a error message from thread 818-09-2026 00:29:34 [38;5;015m[INFO]: [0mThis is a info message from thread 918-09-2026 00:29:34 [38;5;009m[ERROR]: [0mThis is a error message from thread 1918-09-2026 00:29:34 [38;5;117m[DEBUG]: [0mThis is a debug message from thread 218-09-2026 00:29:34 [38;5;009m[ERROR]: [0mThis is a error message from thread 1718-09-2026 00:29:34 [38;5;009m[ERROR]: [0mThis is a error message from thread 518-09-2026 00:29:34 [38;5;015m[INFO]: [0mThis is a info message from thread 2418-09-2026 00:29:34 [38;5;015m[INFO]: [0mThis is a info message from thread 018-09-2026 00:29:34 [38;5;009m[ERROR]: [0mThis is a error message from thread 2318-09-2026 00:29:34 [38;5;015m[INFO]: [0mThis is a info message from thread 1018-09-2026 00:29:34 [38;5;117m[DEBUG]: [0mThis is a debug message from thread 1718-09-2026 00:29:34 [38;5;117m[DEBUG]: [0mThis is a debug message from thread 818-09-2026 00:29:34 [38;5;009m[ERROR]: [0mThis is a error message from thread 1618-09-2026 00:29:34 [38;5;117m[DEBUG]: [0mThis is a debug message from thread 1418-09-2026 00:29:34 [38;5;015m[INFO]: [0mThis is a info message from thread 1718-09-2026 00:29:34 [38;5;117m[DEBUG]: [0mThis is a debug message from thread 2318-09-2026 00:29:34 [38;5;015m[INFO]: [0mThis is a info message from thread 2218-09-2026 00:29:34 [38;5;015m[INFO]: [0mThis is a info message from thread 2018-09-2026 00:29:34 [38;5;015m[INFO]: [0mThis is a info message from thread 1318-09-2026 00:29:34 [38;5;117m[DEBUG]: [0mThis is a debug message from thread 1918-09-2026 00:29:34 [38;5;015m[INFO]: [0mThis is a info message from thread 2318-09-2026 00:29:34 [38;5;009m[ERROR]: [0mThis is a error message from thread 018-09-2026 00:29:34 [38;5;009m[ERROR]: [0mThis is a error message from thread 918-09-2026 00:29:34 [38;5;009m[ERROR]: [0mThis is a error message from thread 1018-09-2026 00:29:34 [38;5;015m[INFO]: [0mThis is a info message from thread 818-09-2026 00:29:34 [38;5;009m[ERROR]: [0mThis is a error message from thread 2218-09-2026 00:29:34 [38;5;009m[ERROR]: [0mThis is a error message from thread 1518-09-2026 00:29:34 [38;5;009m[ERROR]: [0mThis is a error message from thread 2618-09-2026 00:29:34 [38;5;009m[ERROR]: [0mThis is a error message from thread 2418-09-2026 00:29:34 [38;5;117m[DEBUG]: [0mThis is a debug message from thread 1518-09-2026 00:29:34 [38;5;117m[DEBUG]: [0mThis is a debug message from thread 2218-09-2026 00:29:34 [38;5;015m[INFO]: [0mThis is a info message from thread 2818-09-2026 00:29:34 [38;5;015m[INFO]: [0mThis is a info message from thread 2218-09-2026 00:29:34 [38;5;009m[ERROR]: [0mThis is a error message from thread 818-09-2026 00:29:34 [38;5;009m[ERROR]: [0mThis is a error message from thread 2318-09-2026 00:29:34 [38;5;117m[DEBUG]: [0mThis is a debug message from thread 2618-09-2026 00:29:34 [38;5;009m[ERROR]: [0mThis is a error message from thread 2818-09-2026 00:29:34 [38;5;009m[ERROR]: [0mThis is a error message from thread 1818-09-2026 00:29:34 [38;5;009m[ERROR]: [0mThis is a error message from thread 1318-09-2026 00:29:34 [38;5;015m[INFO]: [0mThis is a info message from thread 2618-09-2026 00:29:34 [38;5;009m[ERROR]: [0mThis is a error message from thread 318-09-2026 00:29:34 [38;5;015m[INFO]: [0mThis is a info message from thread 218-09-2026 00:29:34 [38;5;117m[DEBUG]: [0mThis is a debug message from thread 818-09-2026 00:29:34 [38;5;117m[DEBUG]: [0mThis is a debug message from thread 1018-09-2026 00:29:34 [38;5;117m[DEBUG]: [0mThis is a debug message from thread 2518-09-2026 00:29:34 [38;5;117m[DEBUG]: [0mThis is a debug message from thread 2718-09-2026 00:29:34 [38;5;117m[DEBUG]: [0mThis is a debug message from thread 318-09-2026 00:29:34 [38;5;015m[INFO]: [0mThis is a info message from thread 1418-09-2026 00:29:34 [38;5;009m[ERROR]: [0mThis is a error message from thread 2218-09-2026 00:29:34 [38;5;117m[DEBUG]: [0mThis is a debug message from thread 418-09-2026 00:29:34 [38;5;117m[DEBUG]: [0mThis is a debug message from thread 1818-09-2026 00:29:34 [38;5;009m[ERROR]: [0mThis is a error message from thread 2618-09-2026 00:29:34 [38;5;015m[INFO]: [0mThis is a info message from thread 2718-09-2026 00:29:34 [38;5;015m[INFO]: [0mThis is a info message from thread 1118-09-2026 00:29:34 [38;5;009m[ERROR]: [0mThis is a error message from thread 1718-09-2026 00:29:34 [38;5;117m[DEBUG]: [0mThis is a debug message from thread 2118-09-2026 00:29:34 [38;5;009m[ERROR]: [0mThis is a error message from thread 1118-09-2026 00:29:34 [38;5;117m[DEBUG]: [0mThis is a debug message from thread 518-09-2026 00:29:34 [38;5;117m[DEBUG]: [0mThis is a debug message from thread 1718-09-2026 00:29:34 [38;5;117m[DEBUG]: [0mThis is a debug message from thread 1118-09-2026 00:29:34 [38;5;015m[INFO]: [0mThis is a info message from thread 418-09-2026 00:29:34 [38;5;117m[DEBUG]: [0mThis is a debug message from thread 2418-09-2026 00:29:34 [38;5;117m[DEBUG]: [0mThis is a debug message from thread 2218-09-2026 00:29:34 [38;5;015m[INFO]: [0mThis is a info message from thread 518-09-2026 00:29:34 [38;5;015m[INFO]: [0mThis is a info message from thread 2118-09-2026 00:29:34 [38;5;009m[ERROR]: [0mThis is a error message from thread 1418-09-2026 00:29:34 [38;5;015m[INFO]: [0mThis is a info message from thread 1918-09-2026 00:29:34 [38;5;015m[INFO]: [0mThis is a info message from thread 1118-09-2026 00:29:34 [38;5;009m[ERROR]: [0mThis is a error message from thread 2018-09-2026 00:29:34 [38;5;015m[INFO]: [0mThis is a info message from thread 1718-09-2026 00:29:34 [38;5;009m[ERROR]: [0mThis is a error message from thread 618-09-2026 00:29:34 [38;5;009m[ERROR]: [0mThis is a error message from thread 418-09-2026 00:29:34 [38;5;015m[INFO]: [0mThis is a info message from thread 1518-09-2026 00:29:34 [38;5;009m[ERROR]: [0mThis is a error message from thread 2718-09-2026 00:29:34 [38;5;009m[ERROR]: [0mThis is a error message from thread 518-09-2026 00:29:34 [38;5;009m[ERROR]: [0mThis is a error message from thread 2118-09-2026 00:29:34 [38;5;117m[DEBUG]: [0mThis is a debug message from thread 2018-09-2026 00:29:34 [38;5;117m[DEBUG]: [0mThis is a debug message from thread 2118-09-2026 00:29:34 [38;5;009m[ERROR]: [0mThis is a error message from thread 1518-09-2026 00:29:34 [38;5;015m[INFO]: [0mThis is a info message from thread 1018-09-2026 00:29:34 [38;5;117m[DEBUG]: [0mThis is a debug message from thread 718-09-2026 00:29:34 [38;5;117m[DEBUG]: [0mThis is a debug message from thread 518-09-2026 00:29:34 [38;5;015m[INFO]: [0mThis is a info message from thread 2118-09-2026 00:29:34 [38;5;015m[INFO]: [0mThis is a info message from thread 2418-09-2026 00:29:34 [38;5;009m[ERROR]: [0mThis is a error message from thread 1918-09-2026 00:29:34 [38;5;117m[DEBUG]: [0mThis is a debug message from thread 2818-09-2026 00:29:34 [38;5;015m[INFO]: [0mThis is a info message from thread 2018-09-2026 00:29:34 [38;5;015m[INFO]: [0mThis is a info message from thread 518-09-2026 00:29:34 [38;5;009m[ERROR]: [0mThis is a error message from thread 118-09-2026 00:29:34 [38;5;009m[ERROR]: [0mThis is a error message from thread 218-09-2026 00:29:34 [38;5;117m[DEBUG]: [0mThis is a debug message from thread 218-09-2026 00:29:34 [38;5;015m[INFO]: [0mThis is a info message from thread 2218-09-2026 00:29:34 [38;5;009m[ERROR]: [0mThis is a error message from thread 2118-09-2026 00:29:34 [38;5;117m[DEBUG]: [0mThis is a debug message from thread 1518-09-2026 00:29:34 [38;5;015m[INFO]: [0mThis is a info message from thread 718-09-2026 00:29:34 [38;5;117m[DEBUG]: [0mThis is a debug message from thread 1618-09-2026 00:29:34 [38;5;015m[INFO]: [0mThis is a info message from thread 1618-09-2026 00:29:34 [38;5;117m[DEBUG]: [0mThis is a debug message from thread 2718-09-2026 00:29:34 [38;5;009m[ERROR]: [0mThis is a error message from thread 518-09-2026 00:29:34 [38;5;015m[INFO]: [0mThis is a info message from thread 2818-09-2026 00:29:34 [38;5;117m[DEBUG]: [0mThis is a debug message from thread 618-09-2026 00:29:34 [38;5;117m[DEBUG]: [0mThis is a debug message from thread 2118-09-2026 00:29:34 [38;5;009m[ERROR]: [0mThis is a error message from thread 2818-09-2026 00:29:34 [38;5;015m[INFO]: [0mThis is a info message from thread 2718-09-2026 00:29:34 [38;5;015m[INFO]: [0mThis is a info message from thread 1818-09-2026 00:29:34 [38;5;009m[ERROR]: [0mThis is a error message from thread 718-09-2026 00:29:34 [38;5;015m[INFO]: [0mThis is a info message from thread 2118-09-2026 00:29:34 [38;5;009m[ERROR]: [0mThis is a error message from thread 2118-09-2026 00:29:34 [38;5;117m[DEBUG]: [0mThis is a debug message from thread 518-09-2026 00:29:34 [38;5;117m[DEBUG]: [0mThis is a debug message from thread 1918-09-2026 00:29:34 [38;5;009m[ERROR]: [0mThis is a error message from thread 1818-09-2026 00:29:34 [38;5;117m[DEBUG]: [0mThis is a debug message from thread 118-09-2026 00:29:34 [38;5;117m[DEBUG]: [0mThis is a debug message from thread 018-09-2026 00:29:34 [38;5;015m[INFO]: [0mThis is a info message from thread 2518-09-2026 00:29:34 [38;5;117m[DEBUG]: [0mThis is a debug message from thread 918-09-2026 00:29:34 [38;5;117m[DEBUG]: [0mThis is a debug message from thread 718-09-2026 00:29:34 [38;5;009m[ERROR]: [0mThis is a error message from thread 1118-09-2026 00:29:34 [38;5;009m[ERROR]: [0mThis is a error message from thread 2518-09-2026 00:29:34 [38;5;015m[INFO]: [0mThis is a info message from thread 118-09-2026 00:29:34 [38;5;009m[ERROR]: [0mThis is a error message from thread 1618-09-2026 00:29:34 [38;5;009m[ERROR]: [0mThis is a error message from thread 1718-09-2026 00:29:34 [38;5;009m[ERROR]: [0mThis is a error message from thread 2418-09-2026 00:29:34 [38;5;117m[DEBUG]: [0mThis is a debug message from thread 1218-09-2026 00:29:34 [38;5;015m[INFO]: [0mThis is a info message from thread 918-09-2026 00:29:34 [38;5;117m[DEBUG]: [0mThis is a debug message from thread 418-09-2026 00:29:34 [38;5;117m[DEBUG]: [0mThis is a debug message from thread 1118-09-2026 00:29:34 [38;5;015m[INFO]: [0mThis is a info message from thread 1218-09-2026 00:29:34 [38;5;015m[INFO]: [0mThis is a info message from thread 018-09-2026 00:29:34 [38;5;015m[INFO]: [0mThis is a info message from thread 1118-09-2026 00:29:34 [38;5;009m[ERROR]: [0mThis is a error message from thread 018-09-2026 00:29:34 [38;5;009m[ERROR]: [0mThis is a error message from thread 1218-09-2026 00:29:34 [38;5;009m[ERROR]: [0mThis is a error message from thread 918-09-2026 00:29:34 [38;5;009m[ERROR]: [0mThis is a error message from thread 118-09-2026 00:29:34 [38;5;117m[DEBUG]: [0mThis is a debug message from thread 018-09-2026 00:29:34 [38;5;015m[INFO]: [0mThis is a info message from thread 218-09-2026 00:29:34 [38;5;117m[DEBUG]: [0mThis is a debug message from thread 2318-09-2026 00:29:34 [38;5;009m[ERROR]: [0mThis is a error message from thread 2218-09-2026 00:29:34 [38;5;117m[DEBUG]: [0mThis is a debug message from thread 2518-09-2026 00:29:34 [38;5;015m[INFO]: [0mThis is a info message from thread 818-09-2026 00:29:34 [38;5;117m[DEBUG]: [0mThis is a debug message from thread 918-09-2026 00:29:34 [38;5;009m[ERROR]: [0mThis is a error message from thread 2718-09-2026 00:29:34 [38;5;015m[INFO]: [0mThis is a info message from thread 918-09-2026 00:29:34 [38;5;015m[INFO]: [0mThis is a info message from thread 018-09-2026 00:29:34 [38;5;117m[DEBUG]: [0mThis is a debug message from thread 2118-09-2026 00:29:34 [38;5;009m[ERROR]: [0mThis is a error message from thread 018-09-2026 00:29:34 [38;5;117m[DEBUG]: [0mThis is a debug message from thread 1718-09-2026 00:29:34 [38;5;117m[DEBUG]: [0mThis is a debug message from thread 1618-09-2026 00:29:34 [38;5;015m[INFO]: [0mThis is a info message from thread 1518-09-2026 00:29:34 [38;5;015m[INFO]: [0mThis is a info message from thread 1618-09-2026 00:29:34 [38;5;117m[DEBUG]: [0mThis is a debug message from thread 2718-09-2026 00:29:34 [38;5;015m[INFO]: [0mThis is a info message from thread 518-09-2026 00:29:34 [38;5;009m[ERROR]: [0mThis is a error message from thread 218-09-2026 00:29:34 [38;5;009m[ERROR]: [0mThis is a error message from thread 1018-09-2026 00:29:34 [38;5;009m[ERROR]: [0mThis is a error message from thread 1518-09-2026 00:29:34 [38;5;015m[INFO]: [0mThis is a info message from thread 718-09-2026 00:29:34 [38;5;117m[DEBUG]: [0mThis is a debug message from thread 2418-09-2026 00:29:34 [38;5;015m[INFO]: [0mThis is a info message from thread 418-09-2026 00:29:34 [38;5;009m[ERROR]: [0mThis is a error message from thread 1618-09-2026 00:29:34 [38;5;015m[INFO]: [0mThis is a info message from thread 1718-09-2026 00:29:34 [38;5;015m[INFO]: [0mThis is a info message from thread 618-09-2026 00:29:34 [38;5;009m[ERROR]: [0mThis is a error message from thread 1118-09-2026 00:29:34 [38;5;015m[INFO]: [0mThis is a info message from thread 2518-09-2026 00:29:34 [38;5;117m[DEBUG]: [0mThis is a debug message from thread 1318-09-2026 00:29:34 [38;5;009m[ERROR]: [0mThis is a error message from thread 918-09-2026 00:29:34 [38;5;009m[ERROR]: [0mThis is a error message from thread 618-09-2026 00:29:34 [38;5;015m[INFO]: [0mThis is a info message from thread 2718-09-2026 00:29:34 [38;5;117m[DEBUG]: [0mThis is a debug message from thread 218-09-2026 00:29:34 [38;5;117m[DEBUG]: [0mThis is a debug message from thread 1818-09-2026 00:29:34 [38;5;117m[DEBUG]: [0mThis is a debug message from thread 1618-09-2026 00:29:34 [38;5;009m[ERROR]: [0mThis is a error message from thread 2018-09-2026 00:29:34 [38;5;117m[DEBUG]: [0mThis is a debug message from thread 1518-09-2026 00:29:34 [38;5;009m[ERROR]: [0mThis is a error message from thread 2518-09-2026 00:29:34 [38;5;009m[ERROR]: [0mThis is a error message from thread 818-09-2026 00:29:34 [38;5;117m[DEBUG]: [0mThis is a debug message from thread 1118-09-2026 00:29:34 [38;5;015m[INFO]: [0mThis is a info message from thread 1518-09-2026 00:29:34 [38;5;015m[INFO]: [0mThis is a info message from thread 2418-09-2026 00:29:34 [38;5;117m[DEBUG]: [0mThis is a debug message from thread 618-09-2026 00:29:34 [38;5;009m[ERROR]: [0mThis is a error message from thread 518-09-2026 00:29:34 [38;5;015m[INFO]: [0mThis is a info message from thread 1318-09-2026 00:29:34 [38;5;015m[INFO]: [0mThis is a info message from thread 1118-09-2026 00:29:34 [38;5;117m[DEBUG]: [0mThis is a debug message from thread 2518-09-2026 00:29:34 [38;5;009m[ERROR]: [0mThis is a error message from thread 718-09-2026 00:29:34 [38;5;015m[INFO]: [0mThis is a info message from thread 1618-09-2026 00:29:34 [38;5;117m[DEBUG]: [0mThis is a debug message from thread 518-09-2026 00:29:34 [38;5;117m[DEBUG]: [0mThis is a debug message from thread 1018-09-2026 00:29:34 [38;5;117m[DEBUG]: [0mThis is a debug message from thread 918-09-2026 00:29:34 [38;5;009m[ERROR]: [0mThis is a error message from thread 418-09-2026 00:29:34 [38;5;117m[DEBUG]: [0mThis is a debug message from thread 2818-09-2026 00:29:34 [38;5;117m[DEBUG]: [0mThis is a debug message from thread 2618-09-2026 00:29:34 [38;5;015m[INFO]: [0mThis is a info message from thread 218-09-2026 00:29:34 [38;5;117m[DEBUG]: [0mThis is a debug message from thread 2018-09-2026 00:29:34 [38;5;009m[ERROR]: [0mThis is a error message from thread 1518-09-2026 00:29:34 [38;5;009m[ERROR]: [0mThis is a error message from thread 1618-09-2026 00:29:34 [38;5;117m[DEBUG]: [0mThis is a debug message from thread 2218-09-2026 00:29:34 [38;5;015m[INFO]: [0mThis is a info message from thread 518-09-2026 00:29:34 [38;5;015m[INFO]: [0mThis is a info message from thread 2518-09-2026 00:29:34 [38;5;009m[ERROR]: [0mThis is a error message from thread 518-09-2026 00:29:34 [38;5;015m[INFO]: [0mThis is a info message from thread 2818-09-2026 00:29:34 [38;5;015m[INFO]: [0mThis is a info message from thread 1918-09-2026 00:29:34 [38;5;117m[DEBUG]: [0mThis is a debug message from thread 1518-09-2026 00:29:34 [38;5;015m[INFO]: [0mThis is a info message from thread 2018-09-2026 00:29:34 [38;5;015m[INFO]: [0mThis is a info message from thread 2618-09-2026 00:29:34 [38;5;009m[ERROR]: [0mThis is a error message from thread 2018-09-2026 00:29:34 [38;5;009m[ERROR]: [0mThis is a error message from thread 2518-09-2026 00:29:34 [38;5;117m[DEBUG]: [0mThis is a debug message from thread 718-09-2026 00:29:34 [38;5;015m[INFO]: [0mThis is a info message from thread 1518-09-2026 00:29:34 [38;5;009m[ERROR]: [0mThis is a error message from thread 2618-09-2026 00:29:34 [38;5;117m[DEBUG]: [0mThis is a debug message from thread 118-09-2026 00:29:34 [38;5;117m[DEBUG]: [0mThis is a debug message from thread 018-09-2026 00:29:34 [38;5;009m[ERROR]: [0mThis is a error message from thread 1718-09-2026 00:29:34 [38;5;009m[ERROR]: [0mThis is a error message from thread 2918-09-2026 00:29:34 [38;5;117m[DEBUG]: [0mThis is a debug message from thread 2018-09-2026 00:29:34 [38;5;015m[INFO]: [0mThis is a info message from thread 018-09-2026 00:29:34 [38;5;015m[INFO]: [0mThis is a info message from thread 318-09-2026 00:29:34 [38;5;117m[DEBUG]: [0mThis is a debug message from thread 818-09-2026 00:29:34 [38;5;009m[ERROR]: [0mThis is a error message from thread 2818-09-2026 00:29:34 [38;5;117m[DEBUG]: [0mThis is a debug message from thread 2918-09-2026 00:29:34 [38;5;015m[INFO]: [0mThis is a info message from thread 118-09-2026 00:29:34 [38;5;015m[INFO]: [0mThis is a info message from thread 2018-09-2026 00:29:34 [38;5;117m[DEBUG]: [0mThis is a debug message from thread 1418-09-2026 00:29:34 [38;5;009m[ERROR]: [0mThis is a error message from thread 2418-09-2026 00:29:34 [38;5;015m[INFO]: [0mThis is a info message from thread 1818-09-2026 00:29:34 [38;5;009m[ERROR]: [0mThis is a error message from thread 118-09-2026 00:29:34 [38;5;009m[ERROR]: [0mThis is a error message from thread 018-09-2026 00:29:34 [38;5;009m[ERROR]: [0mThis is a error message from thread 318-09-2026 00:29:34 [38;5;117m[DEBUG]: [0mThis is a debug message from thread 1218-09-2026 00:29:34 [38;5;117m[DEBUG]: [0mThis is a debug message from thread 318-09-2026 00:29:34 [38;5;015m[INFO]: [0mThis is a info message from thread 2918-09-2026 00:29:34 [38;5;015m[INFO]: [0mThis is a info message from thread 2118-09-2026 00:29:34 [38;5;117m[DEBUG]: [0mThis is a debug message from thread 1718-09-2026 00:29:34 [38;5;015m[INFO]: [0mThis is a info message from thread 318-09-2026 00:29:34 [38;5;015m[INFO]: [0mThis is a info message from thread 1218-09-2026 00:29:34 [38;5;009m[ERROR]: [0mThis is a error message from thread 2018-09-2026 00:29:34 [38;5;015m[INFO]: [0mThis is a info message from thread 1718-09-2026 00:29:34 [38;5;009m[ERROR]: [0mThis is a error message from thread 2718-09-2026 00:29:34 [38;5;009m[ERROR]: [0mThis is a error message from thread 1218-09-2026 00:29:34 [38;5;009m[ERROR]: [0mThis is a error message from thread 1718-09-2026 00:29:34 [38;5;117m[DEBUG]: [0mThis is a debug message from thread 2018-09-2026 00:29:34 [38;5;015m[INFO]: [0mThis is a info message from thread 818-09-2026 00:29:34 [38;5;009m[ERROR]: [0mThis is a error message from thread 1318-09-2026 00:29:34 [38;5;015m[INFO]: [0mThis is a info message from thread 2018-09-2026 00:29:34 [38;5;009m[ERROR]: [0mThis is a error message from thread 1818-09-2026 00:29:34 [38;5;117m[DEBUG]: [0mThis is a debug message from thread 1818-09-2026 00:29:34 [38;5;117m[DEBUG]: [0mThis is a debug message from thread 1218-09-2026 00:29:34 [38;5;009m[ERROR]: [0mThis is a error message from thread 2918-09-2026 00:29:34 [38;5;117m[DEBUG]: [0mThis is a debug message from thread 1318-09-2026 00:29:34 [38;5;015m[INFO]: [0mThis is a info message from thread 1318-09-2026 00:29:34 [38;5;015m[INFO]: [0mThis is a info message from thread 1218-09-2026 00:29:34 [38;5;009m[ERROR]: [0mThis is a error message from thread 818-09-2026 00:29:34 [38;5;009m[ERROR]: [0mThis is a error message from thread 2018-09-2026 00:29:34 [38;5;117m[DEBUG]: [0mThis is a debug message from thread 1718-09-2026 00:29:34 [38;5;117m[DEBUG]: [0mThis is a debug message from thread 2918-09-2026 00:29:34 [38;5;009m[ERROR]: [0mThis is a error message from thread 1218-09-2026 00:29:34 [38;5;009m[ERROR]: [0mThis is a error message from thread 1918-09-2026 00:29:34 [38;5;009m[ERROR]: [0mThis is a error message from thread 318-09-2026 00:29:34 [38;5;009m[ERROR]: [0mThis is a error message from thread 1318-09-2026 00:29:34 [38;5;015m[INFO]: [0mThis is a info message from thread 2918-09-2026 00:29:34 [38;5;015m[INFO]: [0mThis is a info message from thread 918-09-2026 00:29:34 [38;5;015m[INFO]: [0mThis is a info message from thread 1818-09-2026 00:29:34 [38;5;015m[INFO]: [0mThis is a info message from thread 2318-09-2026 00:29:34 [38;5;117m[DEBUG]: [0mThis is a debug message from thread 1318-09-2026 00:29:34 [38;5;117m[DEBUG]: [0mThis is a debug message from thread 318-09-2026 00:29:34 [38;5;117m[DEBUG]: [0mThis is a debug message from thread 2018-09-2026 00:29:34 [38;5;009m[ERROR]: [0mThis is a error message from thread 2318-09-2026 00:29:34 [38;5;009m[ERROR]: [0mThis is a error message from thread 218-09-2026 00:29:34 [38;5;009m[ERROR]: [0mThis is a error message from thread 918-09-2026 00:29:34 [38;5;009m[ERROR]: [0mThis is a error message from thread 2918-09-2026 00:29:34 [38;5;117m[DEBUG]: [0mThis is a debug message from thread 1918-09-2026 00:29:34 [38;5;015m[INFO]: [0mThis is a info message from thread 2018-09-2026 00:29:34 [38;5;117m[DEBUG]: [0mThis is a debug message from thread 2418-09-2026 00:29:34 [38;5;015m[INFO]: [0mThis is a info message from thread 318-09-2026 00:29:34 [38;5;015m[INFO]: [0mThis is a info message from thread 1318-09-2026 00:29:34 [38;5;117m[DEBUG]: [0mThis is a debug message from thread 2918-09-2026 00:29:34 [38;5;117m[DEBUG]: [0mThis is a debug message from thread 918-09-2026 00:29:34 [38;5;015m[INFO]: [0mThis is a info message from thread 718-09-2026 00:29:34 [38;5;117m[DEBUG]: [0mThis is a debug message from thread 1618-09-2026 00:29:34 [38;5;015m[INFO]: [0mThis is a info message from thread 2218-09-2026 00:29:34 [38;5;117m[DEBUG]: [0mThis is a debug message from thread 218-09-2026 00:29:34 [38;5;009m[ERROR]: [0mThis is a error message from thread 1118-09-2026 00:29:34 [38;5;009m[ERROR]: [0mThis is a error message from thread 1818-09-2026 00:29:34 [38;5;009m[ERROR]: [0mThis is a error message from thread 2018-09-2026 00:29:34 [38;5;015m[INFO]: [0mThis is a info message from thread 618-09-2026 00:29:34 [38;5;015m[INFO]: [0mThis is a info message from thread 2918-09-2026 00:29:34 [38;5;015m[INFO]: [0mThis is a info message from thread 1418-09-2026 00:29:34 [38;5;117m[DEBUG]: [0mThis is a debug message from thread 1118-09-2026 00:29:34 [38;5;015m[INFO]: [0mThis is a info message from thread 918-09-2026 00:29:34 [38;5;009m[ERROR]: [0mThis is a error message from thread 2918-09-2026 00:29:34 [38;5;117m[DEBUG]: [0mThis is a debug message from thread 2818-09-2026 00:29:34 [38;5;009m[ERROR]: [0mThis is a error message from thread 1418-09-2026 00:29:34 [38;5;117m[DEBUG]: [0mThis is a debug message from thread 2018-09-2026 00:29:34 [38;5;117m[DEBUG]: [0mThis is a debug message from thread 2918-09-2026 00:29:34 [38;5;009m[ERROR]: [0mThis is a error message from thread 918-09-2026 00:29:34 [38;5;117m[DEBUG]: [0mThis is a debug message from thread 418-09-2026 00:29:34 [38;5;117m[DEBUG]: [0mThis is a debug message from thread 018-09-2026 00:29:34 [38;5;015m[INFO]: [0mThis is a info message from thread 2018-09-2026 00:29:34 [38;5;015m[INFO]: [0mThis is a info message from thread 218-09-2026 00:29:34 [38;5;009m[ERROR]: [0mThis is a error message from thread 618-09-2026 00:29:34 [38;5;117m[DEBUG]: [0mThis is a debug message from thread 118-09-2026 00:29:34 [38;5;009m[ERROR]: [0mThis is a error message from thread 2218-09-2026 00:29:34 [38;5;015m[INFO]: [0mThis is a info message from thread 1618-09-2026 00:29:34 [38;5;117m[DEBUG]: [0mThis is a debug message from thread 918-09-2026 00:29:34 [38;5;117m[DEBUG]: [0mThis is a debug message from thread 1818-09-2026 00:29:34 [38;5;015m[INFO]: [0mThis is a info message from thread 1118-09-2026 00:29:34 [38;5;015m[INFO]: [0mThis is a info message from thread 018-09-2026 00:29:34 [38;5;117m[DEBUG]: [0mThis is a debug message from thread 1418-09-2026 00:29:34 [38;5;117m[DEBUG]: [0mThis is a debug message from thread 2718-09-2026 00:29:34 [38;5;009m[ERROR]: [0mThis is a error message from thread 2018-09-2026 00:29:34 [38;5;015m[INFO]: [0mThis is a info message from thread 1818-09-2026 00:29:34 [38;5;015m[INFO]: [0mThis is a info message from thread 1918-09-2026 00:29:34 [38;5;015m[INFO]: [0mThis is a info message from thread 918-09-2026 00:29:34 [38;5;015m[INFO]: [0mThis is a info message from thread 1018-09-2026 00:29:34 [38;5;117m[DEBUG]: [0mThis is a debug message from thread 2218-09-2026 00:29:34 [38;5;015m[INFO]: [0mThis is a info message from thread 418-09-2026 00:29:34 [38;5;009m[ERROR]: [0mThis is a error message from thread 1518-09-2026 00:29:34 [38;5;015m[INFO]: [0mThis is a info message from thread 1418-09-2026 00:29:34 [38;5;117m[DEBUG]: [0mThis is a debug message from thread 1218-09-2026 00:29:34 [38;5;117m[DEBUG]: [0mThis is a debug message from thread 2518-09-2026 00:29:34 [38;5;015m[INFO]: [0mThis is a info message from thread 1718-09-2026 00:29:34 [38;5;009m[ERROR]: [0mThis is a error message from thread 918-09-2026 00:29:34 [38;5;009m[ERROR]: [0mThis is a error message from thread 218-09-2026 00:29:34 [38;5;117m[DEBUG]: [0mThis is a debug message from thread 1518-09-2026 00:29:34 [38;5;015m[INFO]: [0mThis is a info message from thread 2918-09-2026 00:29:34 [38;5;009m[ERROR]: [0mThis is a error message from thread 1818-09-2026 00:29:34 [38;5;015m[INFO]: [0mThis is a info message from thread 2718-09-2026 00:29:34 [38;5;015m[INFO]: [0mThis is a info message from thread 2518-09-2026 00:29:34 [38;5;117m[DEBUG]: [0mThis is a debug message from thread 2018-09-2026 00:29:34 [38;5;009m[ERROR]: [0mThis is a error message from thread 418-09-2026 00:29:34 [38;5;009m[ERROR]: [0mThis is a error message from thread 1418-09-2026 00:29:34 [38;5;117m[DEBUG]: [0mThis is a debug message from thread 2318-09-2026 00:29:34 [38;5;117m[DEBUG]: [0mThis is a debug message from thread 1818-09-2026 00:29:34 [38;5;009m[ERROR]: [0mThis is a error message from thread 1118-09-2026 00:29:34 [38;5;009m[ERROR]: [0mThis is a error message from thread 018-09-2026 00:29:34 [38;5;009m[ERROR]: [0mThis is a error message from thread 2718-09-2026 00:29:34 [38;5;009m[ERROR]: [0mThis is a error message from thread 318-09-2026 00:29:34 [38;5;015m[INFO]: [0mThis is a info message from thread 1818-09-2026 00:29:34 [38;5;117m[DEBUG]: [0mThis is a debug message from thread 2618-09-2026 00:29:34 [38;5;117m[DEBUG]: [0mThis is a debug message from thread 1418-09-2026 00:29:34 [38;5;015m[INFO]: [0mThis is a info message from thread 118-09-2026 00:29:34 [38;5;117m[DEBUG]: [0mThis is a debug message from thread 218-09-2026 00:29:34 [38;5;117m[DEBUG]: [0mThis is a debug message from thread 2718-09-2026 00:29:34 [38;5;015m[INFO]: [0mThis is a info message from thread 2618-09-2026 00:29:34 [38;5;117m[DEBUG]: [0mThis is a debug message from thread 818-09-2026 00:29:34 [38;5;009m[ERROR]: [0mThis is a error message from thread 1618-09-2026 00:29:34 [38;5;015m[INFO]: [0mThis is a info message from thread 1218-09-2026 00:29:34 [38;5;009m[ERROR]: [0mThis is a error message from thread 118-09-2026 00:29:34 [38;5;009m[ERROR]: [0mThis is a error message from thread 1218-09-2026 00:29:34 [38;5;117m[DEBUG]: [0mThis is a debug message from thread 518-09-2026 00:29:34 [38;5;009m[ERROR]: [0mThis is a error message from thread 718-09-2026 00:29:34 [38;5;009m[ERROR]: [0mThis is a error message from thread 1318-09-2026 00:29:34 [38;5;015m[INFO]: [0mThis is a info message from thread 2718-09-2026 00:29:34 [38;5;117m[DEBUG]: [0mThis is a debug message from thread 1218-09-2026 00:29:34 [38;5;117m[DEBUG]: [0mThis is a debug message from thread 718-09-2026 00:29:34 [38;5;117m[DEBUG]: [0mThis is a debug message from thread 1318-09-2026 00:29:34 [38;5;015m[INFO]: [0mThis is a info message from thread 2218-09-2026 00:29:34 [38;5;117m[DEBUG]: [0mThis is a debug message from thread 618-09-2026 00:29:34 [38;5;015m[INFO]: [0mThis is a info message from thread 818-09-2026 00:29:34 [38;5;117m[DEBUG]: [0mThis is a debug message from thread 118-09-2026 00:29:34 [38;5;009m[ERROR]: [0mThis is a error message from thread 2518-09-2026 00:29:34 [38;5;009m[ERROR]: [0mThis is a error message from thread 818-09-2026 00:29:34 [38;5;117m[DEBUG]: [0mThis is a debug message from thread 418-09-2026 00:29:34 [38;5;009m[ERROR]: [0mThis is a error message from thread 2618-09-2026 00:29:34 [38;5;117m[DEBUG]: [0mThis is a debug message from thread 2518-09-2026 00:29:34 [38;5;009m[ERROR]: [0mThis is a error message from thread 1718-09-2026 00:29:34 [38;5;009m[ERROR]: [0mThis is a error message from thread 2718-09-2026 00:29:34 [38;5;009m[ERROR]: [0mThis is a error message from thread 1818-09-2026 00:29:34 [38;5;009m[ERROR]: [0mThis is a error message from thread 1018-09-2026 00:29:34 [38;5;009m[ERROR]: [0mThis is a error message from thread 1918-09-2026 00:29:34 [38;5;015m[INFO]: [0mThis is a info message from thread 2518-09-2026 00:29:34 [38;5;009m[ERROR]: [0mThis is a error message from thread 2218-09-2026 00:29:34 [38;5;015m[INFO]: [0mThis is a info message from thread 2818-09-2026 00:29:34 [38;5;015m[INFO]: [0mThis is a info message from thread 1418-09-2026 00:29:34 [38;5;117m[DEBUG]: [0mThis is a debug message from thread 1718-09-2026 00:29:34 [38;5;015m[INFO]: [0mThis is a info message from thread 418-09-2026 00:29:34 [38;5;117m[DEBUG]: [0mThis is a debug message from thread 1918-09-2026 00:29:34 [38;5;009m[ERROR]: [0mThis is a error message from thread 2818-09-2026 00:29:34 [38;5;009m[ERROR]: [0mThis is a error message from thread 1418-09-2026 00:29:34 [38;5;117m[DEBUG]: [0mThis is a debug message from thread 1818-09-2026 00:29:34 [38;5;015m[INFO]: [0mThis is a info message from thread 1218-09-2026 00:29:34 [38;5;015m[INFO]: [0mThis is a info message from thread 1918-09-2026 00:29:34 [38;5;015m[INFO]: [0mThis is a info message from thread 718-09-2026 00:29:34 [38;5;015m[INFO]: [0mThis is a info message from thread 1318-09-2026 00:29:34 [38;5;117m[DEBUG]: [0mThis is a debug message from thread 1018-09-2026 00:29:34 [38;5;117m[DEBUG]: [0mThis is a debug message from thread 2818-09-2026 00:29:34 [38;5;015m[INFO]: [0mThis is a info message from thread 218-09-2026 00:29:34 [38;5;015m[INFO]: [0mThis is a info message from thread 1518-09-2026 00:29:34 [38;5;009m[ERROR]: [0mThis is a error message from thread 1918-09-2026 00:29:34 [38;5;009m[ERROR]: [0mThis is a error message from thread 218-09-2026 00:29:34 [38;5;015m[INFO]: [0mThis is a info message from thread 1818-09-2026 00:29:34 [38;5;009m[ERROR]: [0mThis is a error message from thread 2118-09-2026 00:29:34 [38;5;117m[DEBUG]: [0mThis is a debug message from thread 2218-09-2026 00:29:34 [38;5;009m[ERROR]: [0mThis is a error message from thread 418-09-2026 00:29:34 [38;5;117m[DEBUG]: [0mThis is a debug message from thread 2118-09-2026 00:29:34 [38;5;117m[DEBUG]: [0mThis is a debug message from thread 918-09-2026 00:29:34 [38;5;015m[INFO]: [0mThis is a info message from thread 1018-09-2026 00:29:34 [38;5;009m[ERROR]: [0mThis is a error message from thread 1218-09-2026 00:29:34 [38;5;117m[DEBUG]: [0mThis is a debug message from thread 2618-09-2026 00:29:34 [38;5;117m[DEBUG]: [0mThis is a debug message from thread 818-09-2026 00:29:34 [38;5;117m[DEBUG]: [0mThis is a debug message from thread 1618-09-2026 00:29:34 [38;5;015m[INFO]: [0mThis is a info message from thread 1718-09-2026 00:29:34 [38;5;009m[ERROR]: [0mThis is a error message from thread 1518-09-2026 00:29:34 [38;5;009m[ERROR]: [0mThis is a error message from thread 1018-09-2026 00:29:34 [38;5;015m[INFO]: [0mThis is a info message from thread 518-09-2026 00:29:34 [38;5;015m[INFO]: [0mThis is a info message from thread 2818-09-2026 00:29:34 [38;5;015m[INFO]: [0mThis is a info message from thread 2418-09-2026 00:29:34 [38;5;015m[INFO]: [0mThis is a info message from thread 118-09-2026 00:29:34 [38;5;009m[ERROR]: [0mThis is a error message from thread 718-09-2026 00:29:34 [38;5;009m[ERROR]: [0mThis is a error message from thread 518-09-2026 00:29:34 [38;5;009m[ERROR]: [0mThis is a error message from thread 1718-09-2026 00:29:34 [38;5;117m[DEBUG]: [0mThis is a debug message from thread 018-09-2026 00:29:34 [38;5;117m[DEBUG]: [0mThis is a debug message from thread 1218-09-2026 00:29:34 [38;5;117m[DEBUG]: [0mThis is a debug message from thread 1718-09-2026 00:29:34 [38;5;117m[DEBUG]: [0mThis is a debug message from thread 318-09-2026 00:29:34 [38;5;117m[DEBUG]: [0mThis is a debug message from thread 518-09-2026 00:29:34 [38;5;117m[DEBUG]: [0mThis is a debug message from thread 1518-09-2026 00:29:34 [38;5;117m[DEBUG]: [0mThis is a debug message from thread 718-09-2026 00:29:34 [38;5;009m[ERROR]: [0mThis is a error message from thread 2918-09-2026 00:29:34 [38;5;117m[DEBUG]: [0mThis is a debug message from thread 1018-09-2026 00:29:34 [38;5;015m[INFO]: [0mThis is a info message from thread 318-09-2026 00:29:34 [38;5;015m[INFO]: [0mThis is a info message from thread 618-09-2026 00:29:34 [38;5;009m[ERROR]: [0mThis is a error message from thread 2418-09-2026 00:29:34 [38;5;009m[ERROR]: [0mThis is a error message from thread 2518-09-2026 00:29:34 [38;5;015m[INFO]: [0mThis is a info message from thread 2018-09-2026 00:29:34 [38;5;015m[INFO]: [0mThis is a info message from thread 2218-09-2026 00:29:34 [38;5;015m[INFO]: [0mThis is a info message from thread 1018-09-2026 00:29:34 [38;5;117m[DEBUG]: [0mThis is a debug message from thread 2918-09-2026 00:29:34 [38;5;117m[DEBUG]: [0mThis is a debug message from thread 1118-09-2026 00:29:34 [38;5;117m[DEBUG]: [0mThis is a debug message from thread 2518-09-2026 00:29:34 [38;5;015m[INFO]: [0mThis is a info message from thread 518-09-2026 00:29:34 [38;5;015m[INFO]: [0mThis is a info message from thread 718-09-2026 00:29:34 [38;5;009m[ERROR]: [0mThis is a error message from thread 318-09-2026 00:29:34 [38;5;009m[ERROR]: [0mThis is a error message from thread 718-09-2026 00:29:34 [38;5;009m[ERROR]: [0mThis is a error message from thread 618-09-2026 00:29:34 [38;5;015m[INFO]: [0mThis is a info message from thread 2518-09-2026 00:29:34 [38;5;117m[DEBUG]: [0mThis is a debug message from thread 718-09-2026 00:29:34 [38;5;117m[DEBUG]: [0mThis is a debug message from thread 2418-09-2026 00:29:34 [38;5;015m[INFO]: [0mThis is a info message from thread 818-09-2026 00:29:34 [38;5;009m[ERROR]: [0mThis is a error message from thread 2018-09-2026 00:29:34 [38;5;015m[INFO]: [0mThis is a info message from thread 1118-09-2026 00:29:34 [38;5;015m[INFO]: [0mThis is a info message from thread 918-09-2026 00:29:34 [38;5;015m[INFO]: [0mThis is a info message from thread 2618-09-2026 00:29:34 [38;5;009m[ERROR]: [0mThis is a error message from thread 1018-09-2026 00:29:34 [38;5;015m[INFO]: [0mThis is a info message from thread 018-09-2026 00:29:34 [38;5;117m[DEBUG]: [0mThis is a debug message from thread 418-09-2026 00:29:34 [38;5;015m[INFO]: [0mThis is a info message from thread 2418-09-2026 00:29:34 [38;5;009m[ERROR]: [0mThis is a error message from thread 1318-09-2026 00:29:34 [38;5;009m[ERROR]: [0mThis is a error message from thread 1818-09-2026 00:29:34 [38;5;009m[ERROR]: [0mThis is a error message from thread 818-09-2026 00:29:34 [38;5;009m[ERROR]: [0mThis is a error message from thread 2818-09-2026 00:29:34 [38;5;117m[DEBUG]: [0mThis is a debug message from thread 1818-09-2026 00:29:34 [38;5;009m[ERROR]: [0mThis is a error message from thread 2418-09-2026 00:29:34 [38;5;015m[INFO]: [0mThis is a info message from thread 418-09-2026 00:29:34 [38;5;117m[DEBUG]: [0mThis is a debug message from thread 618-09-2026 00:29:34 [38;5;117m[DEBUG]: [0mThis is a debug message from thread 2718-09-2026 00:29:34 [38;5;009m[ERROR]: [0mThis is a error message from thread 918-09-2026 00:29:34 [38;5;015m[INFO]: [0mThis is a info message from thread 618-09-2026 00:29:34 [38;5;117m[DEBUG]: [0mThis is a debug message from thread 918-09-2026 00:29:34 [38;5;009m[ERROR]: [0mThis is a error message from thread 2218-09-2026 00:29:34 [38;5;015m[INFO]: [0mThis is a info message from thread 1818-09-2026 00:29:34 [38;5;009m[ERROR]: [0mThis is a error message from thread 618-09-2026 00:29:34 [38;5;117m[DEBUG]: [0mThis is a debug message from thread 2018-09-2026 00:29:34 [38;5;015m[INFO]: [0mThis is a info message from thread 918-09-2026 00:29:34 [38;5;117m[DEBUG]: [0mThis is a debug message from thread 618-09-2026 00:29:34 [38;5;117m[DEBUG]: [0mThis is a debug message from thread 1918-09-2026 00:29:34 [38;5;015m[INFO]: [0mThis is a info message from thread 2018-09-2026 00:29:34 [38;5;009m[ERROR]: [0mThis is a error message from thread 018-09-2026 00:29:34 [38;5;009m[ERROR]: [0mThis is a error message from thread 418-09-2026 00:29:34 [38;5;009m[ERROR]: [0mThis is a error message from thread 518-09-2026 00:29:34 [38;5;015m[INFO]: [0mThis is a info message from thread 1618-09-2026 00:29:34 [38;5;015m[INFO]: [0mThis is a info message from thread 1918-09-2026 00:29:34 [38;5;015m[INFO]: [0mThis is a info message from thread 618-09-2026 00:29:34 [38;5;117m[DEBUG]: [0mThis is a debug message from thread 218-09-2026 00:29:34 [38;5;117m[DEBUG]: [0mThis is a debug message from thread 2418-09-2026 00:29:34 [38;5;117m[DEBUG]: [0mThis is a debug message from thread 418-09-2026 00:29:34 [38;5;009m[ERROR]: [0mThis is a error message from thread 118-09-2026 00:29:34 [38;5;009m[ERROR]: [0mThis is a error message from thread 1118-09-2026 00:29:34 [38;5;009m[ERROR]: [0mThis is a error message from thread 2618-09-2026 00:29:34 [38;5;015m[INFO]: [0mThis is a info message from thread 1518-09-2026 00:29:34 [38;5;009m[ERROR]: [0mThis is a error message from thread 618-09-2026 00:29:34 [38;5;117m[DEBUG]: [0mThis is a debug message from thread 118-09-2026 00:29:34 [38;5;009m[ERROR]: [0mThis is a error message from thread 1518-09-2026 00:29:34 [38;5;015m[INFO]: [0mThis is a info message from thread 118-09-2026 00:29:34 [38;5;117m[DEBUG]: [0mThis is a debug message from thread 1418-09-2026 00:29:34 [38;5;117m[DEBUG]: [0mThis is a debug message from thread 1518-09-2026 00:29:34 [38;5;009m[ERROR]: [0mThis is a error message from thread 118-09-2026 00:29:34 [38;5;117m[DEBUG]: [0mThis is a debug message from thread 818-09-2026 00:29:34 [38;5;117m[DEBUG]: [0mThis is a debug message from thread 2818-09-2026 00:29:34 [38;5;015m[INFO]: [0mThis is a info message from thread 1518-09-2026 00:29:34 [38;5;015m[INFO]: [0mThis is a info message from thread 1418-09-2026 00:29:34 [38;5;015m[INFO]: [0mThis is a info message from thread 2818-09-2026 00:29:34 [38;5;009m[ERROR]: [0mThis is a error message from thread 1518-09-2026 00:29:34 [38;5;009m[ERROR]: [0mThis is a error message from thread 1818-09-2026 00:29:34 [38;5;009m[ERROR]: [0mThis is a error message from thread 1418-09-2026 00:29:34 [38;5;117m[DEBUG]: [0mThis is a debug message from thread 118-09-2026 00:29:34 [38;5;117m[DEBUG]: [0mThis is a debug message from thread 1518-09-2026 00:29:34 [38;5;117m[DEBUG]: [0mThis is a debug message from thread 318-09-2026 00:29:34 [38;5;015m[INFO]: [0mThis is a info message from thread 1518-09-2026 00:29:34 [38;5;117m[DEBUG]: [0mThis is a debug message from thread 1418-09-2026 00:29:34 [38;5;015m[INFO]: [0mThis is a info message from thread 818-09-2026 00:29:34 [38;5;015m[INFO]: [0mThis is a info message from thread 1718-09-2026 00:29:34 [38;5;015m[INFO]: [0mThis is a info message from thread 318-09-2026 00:29:34 [38;5;015m[INFO]: [0mThis is a info message from thread 218-09-2026 00:29:34 [38;5;009m[ERROR]: [0mThis is a error message from thread 1718-09-2026 00:29:34 [38;5;009m[ERROR]: [0mThis is a error message from thread 1518-09-2026 00:29:34 [38;5;117m[DEBUG]: [0mThis is a debug message from thread 1318-09-2026 00:29:34 [38;5;009m[ERROR]: [0mThis is a error message from thread 318-09-2026 00:29:34 [38;5;015m[INFO]: [0mThis is a info message from thread 2718-09-2026 00:29:34 [38;5;009m[ERROR]: [0mThis is a error message from thread 2818-09-2026 00:29:34 [38;5;009m[ERROR]: [0mThis is a error message from thread 1918-09-2026 00:29:34 [38;5;009m[ERROR]: [0mThis is a error message from thread 818-09-2026 00:29:34 [38;5;009m[ERROR]: [0mThis is a error message from thread 218-09-2026 00:29:34 [38;5;117m[DEBUG]: [0mThis is a debug message from thread 1818-09-2026 00:29:34 [38;5;015m[INFO]: [0mThis is a info message from thread 1318-09-2026 00:29:34 [38;5;117m[DEBUG]: [0mThis is a debug message from thread 818-09-2026 00:29:34 [38;5;009m[ERROR]: [0mThis is a error message from thread 2718-09-2026 00:29:34 [38;5;009m[ERROR]: [0mThis is a error message from thread 1318-09-2026 00:29:34 [38;5;009m[ERROR]: [0mThis is a error message from thread 918-09-2026 00:29:34 [38;5;117m[DEBUG]: [0mThis is a debug message from thread 2718-09-2026 00:29:34 [38;5;117m[DEBUG]: [0mThis is a debug message from thread 1518-09-2026 00:29:34 [38;5;015m[INFO]: [0mThis is a info message from thread 818-09-2026 00:29:34 [38;5;015m[INFO]: [0mThis is a info message from thread 1818-09-2026 00:29:34 [38;5;009m[ERROR]: [0mThis is a error message from thread 1618-09-2026 00:29:34 [38;5;015m[INFO]: [0mThis is a info message from thread 2718-09-2026 00:29:34 [38;5;009m[ERROR]: [0mThis is a error message from thread 1818-09-2026 00:29:34 [38;5;009m[ERROR]: [0mThis is a error message from thread 818-09-2026 00:29:34 [38;5;009m[ERROR]: [0mThis is a error message from thread 2718-09-2026 00:29:34 [38;5;117m[DEBUG]: [0mThis is a debug message from thread 1818-09-2026 00:29:34 [38;5;117m[DEBUG]: [0mThis is a debug message from thread 1618-09-2026 00:29:34 [38;5;117m[DEBUG]: [0mThis is a debug message from thread 1318-09-2026 00:29:34 [38;5;117m[DEBUG]: [0mThis is a debug message from thread 2718-09-2026 00:29:34 [38;5;015m[INFO]: [0mThis is a info message from thread 1818-09-2026 00:29:34 [38;5;117m[DEBUG]: [0mThis is a debug message from thread 818-09-2026 00:29:34 [38;5;015m[INFO]: [0mThis is a info message from thread 818-09-2026 00:29:34 [38;5;015m[INFO]: [0mThis is a info message from thread 2418-09-2026 00:29:34 [38;5;015m[INFO]: [0mThis is a info message from thread 2718-09-2026 00:29:34 [38;5;009m[ERROR]: [0mThis is a error message from thread 2418-09-2026 00:29:34 [38;5;117m[DEBUG]: [0mThis is a debug message from thread 018-09-2026 00:29:34 [38;5;117m[DEBUG]: [0mThis is a debug message from thread 2418-09-2026 00:29:34 [38;5;009m[ERROR]: [0mThis is a error message from thread 2718-09-2026 00:29:34 [38;5;015m[INFO]: [0mThis is a info message from thread 018-09-2026 00:29:34 [38;5;015m[INFO]: [0mThis is a info message from thread 2418-09-2026 00:29:34 [38;5;009m[ERROR]: [0mThis is a error message from thread 818-09-2026 00:29:34 [38;5;009m[ERROR]: [0mThis is a error message from thread 018-09-2026 00:29:34 [38;5;117m[DEBUG]: [0mThis is a debug message from thread 2718-09-2026 00:29:34 [38;5;117m[DEBUG]: [0mThis is a debug message from thread 818-09-2026 00:29:34 [38;5;015m[INFO]: [0mThis is a info message from thread 2718-09-2026 00:29:34 [38;5;009m[ERROR]: [0mThis is a error message from thread 2418-09-2026 00:29:34 [38;5;015m[INFO]: [0mThis is a info message from thread 818-09-2026 00:29:34 [38;5;117m[DEBUG]: [0mThis is a debug message from thread 018-09-2026 00:29:34 [38;5;015m[INFO]: [0mThis is a info message from thread 1618-09-2026 00:29:34 [38;5;015m[INFO]: [0mThis is a info message from thread 018-09-2026 00:29:34 [38;5;009m[ERROR]: [0mThis is a error message from thread 2718-09-2026 00:29:34 [38;5;015m[INFO]: [0mThis is a info message from thread 1218-09-2026 00:29:34 [38;5;009m[ERROR]: [0mThis is a error message from thread 1618-09-2026 00:29:34 [38;5;009m[ERROR]: [0mThis is a error message from thread 018-09-2026 00:29:34 [38;5;117m[DEBUG]: [0mThis is a debug message from thread 1618-09-2026 00:29:34 [38;5;117m[DEBUG]: [0mThis is a debug message from thread 2418-09-2026 00:29:34 [38;5;015m[INFO]: [0mThis is a info message from thread 1618-09-2026 00:29:34 [38;5;117m[DEBUG]: [0mThis is a debug message from thread 518-09-2026 00:29:34 [38;5;009m[ERROR]: [0mThis is a error message from thread 1218-09-2026 00:29:34 [38;5;015m[INFO]: [0mThis is a info message from thread 418-09-2026 00:29:34 [38;5;117m[DEBUG]: [0mThis is a debug message from thread 1218-09-2026 00:29:34 [38;5;009m[ERROR]: [0mThis is a error message from thread 418-09-2026 00:29:34 [38;5;015m[INFO]: [0mThis is a info message from thread 2918-09-2026 00:29:34 [38;5;015m[INFO]: [0mThis is a info message from thread 1418-09-2026 00:29:34 [38;5;009m[ERROR]: [0mThis is a error message from thread 1618-09-2026 00:29:34 [38;5;117m[DEBUG]: [0mThis is a debug message from thread 418-09-2026 00:29:34 [38;5;015m[INFO]: [0mThis is a info message from thread 518-09-2026 00:29:34 [38;5;009m[ERROR]: [0mThis is a error message from thread 2518-09-2026 00:29:34 [38;5;009m[ERROR]: [0mThis is a error message from thread 2018-09-2026 00:29:34 [38;5;117m[DEBUG]: [0mThis is a debug message from thread 1918-09-2026 00:29:34 [38;5;015m[INFO]: [0mThis is a info message from thread 1318-09-2026 00:29:34 [38;5;009m[ERROR]: [0mThis is a error message from thread 1818-09-2026 00:29:34 [38;5;009m[ERROR]: [0mThis is a error message from thread 1318-09-2026 00:29:34 [38;5;117m[DEBUG]: [0mThis is a debug message from thread 618-09-2026 00:29:34 [38;5;015m[INFO]: [0mThis is a info message from thread 2318-09-2026 00:29:34 [38;5;015m[INFO]: [0mThis is a info message from thread 618-09-2026 00:29:34 [38;5;117m[DEBUG]: [0mThis is a debug message from thread 1318-09-2026 00:29:34 [38;5;015m[INFO]: [0mThis is a info message from thread 418-09-2026 00:29:34 [38;5;117m[DEBUG]: [0mThis is a debug message from thread 2018-09-2026 00:29:34 [38;5;117m[DEBUG]: [0mThis is a debug message from thread 1718-09-2026 00:29:34 [38;5;015m[INFO]: [0mThis is a info message from thread 2118-09-2026 00:29:34 [38;5;009m[ERROR]: [0mThis is a error message from thread 618-09-2026 00:29:34 [38;5;117m[DEBUG]: [0mThis is a debug message from thread 1818-09-2026 00:29:34 [38;5;009m[ERROR]: [0mThis is a error message from thread 518-09-2026 00:29:34 [38;5;117m[DEBUG]: [0mThis is a debug message from thread 618-09-2026 00:29:34 [38;5;015m[INFO]: [0mThis is a info message from thread 618-09-2026 00:29:34 [38;5;015m[INFO]: [0mThis is a info message from thread 118-09-2026 00:29:34 [38;5;009m[ERROR]: [0mThis is a error message from thread 618-09-2026 00:29:34 [38;5;117m[DEBUG]: [0mThis is a debug message from thread 1618-09-2026 00:29:34 [38;5;015m[INFO]: [0mThis is a info message from thread 2018-09-2026 00:29:34 [38;5;015m[INFO]: [0mThis is a info message from thread 1618-09-2026 00:29:34 [38;5;117m[DEBUG]: [0mThis is a debug message from thread 918-09-2026 00:29:34 [38;5;015m[INFO]: [0mThis is a info message from thread 1718-09-2026 00:29:34 [38;5;015m[INFO]: [0mThis is a info message from thread 2418-09-2026 00:29:34 [38;5;117m[DEBUG]: [0mThis is a debug message from thread 618-09-2026 00:29:34 [38;5;117m[DEBUG]: [0mThis is a debug message from thread 518-09-2026 00:29:34 [38;5;009m[ERROR]: [0mThis is a error message from thread 818-09-2026 00:29:34 [38;5;009m[ERROR]: [0mThis is a error message from thread 1618-09-2026 00:29:34 [38;5;015m[INFO]: [0mThis is a info message from thread 1218-09-2026 00:29:34 [38;5;009m[ERROR]: [0mThis is a error message from thread 118-09-2026 00:29:34 [38;5;117m[DEBUG]: [0mThis is a debug message from thread 2218-09-2026 00:29:34 [38;5;009m[ERROR]: [0mThis is a error message from thread 2918-09-2026 00:29:34 [38;5;015m[INFO]: [0mThis is a info message from thread 718-09-2026 00:29:34 [38;5;117m[DEBUG]: [0mThis is a debug message from thread 2518-09-2026 00:29:34 [38;5;117m[DEBUG]: [0mThis is a debug message from thread 818-09-2026 00:29:34 [38;5;117m[DEBUG]: [0mThis is a debug message from thread 2918-09-2026 00:29:34 [38;5;117m[DEBUG]: [0mThis is a debug message from thread 1118-09-2026 00:29:34 [38;5;009m[ERROR]: [0mThis is a error message from thread 2318-09-2026 00:29:34 [38;5;009m[ERROR]: [0mThis is a error message from thread 1718-09-2026 00:29:34 [38;5;117m[DEBUG]: [0mThis is a debug message from thread 1618-09-2026 00:29:34 [38;5;015m[INFO]: [0mThis is a info message from thread 2218-09-2026 00:29:34 [38;5;015m[INFO]: [0mThis is a info message from thread 818-09-2026 00:29:34 [38;5;117m[DEBUG]: [0mThis is a debug message from thread 2618-09-2026 00:29:34 [38;5;015m[INFO]: [0mThis is a info message from thread 2918-09-2026 00:29:34 [38;5;117m[DEBUG]: [0mThis is a debug message from thread 2718-09-2026 00:29:34 [38;5;015m[INFO]: [0mThis is a info message from thread 618-09-2026 00:29:34 [38;5;015m[INFO]: [0mThis is a info message from thread 1118-09-2026 00:29:34 [38;5;015m[INFO]: [0mThis is a info message from thread 1318-09-2026 00:29:34 [38;5;009m[ERROR]: [0mThis is a error message from thread 2918-09-2026 00:29:34 [38;5;015m[INFO]: [0mThis is a info message from thread 918-09-2026 00:29:34 [38;5;015m[INFO]: [0mThis is a info message from thread 2618-09-2026 00:29:34 [38;5;009m[ERROR]: [0mThis is a error message from thread 1118-09-2026 00:29:34 [38;5;015m[INFO]: [0mThis is a info message from thread 1818-09-2026 00:29:34 [38;5;009m[ERROR]: [0mThis is a error message from thread 2118-09-2026 00:29:34 [38;5;015m[INFO]: [0mThis is a info message from thread 1618-09-2026 00:29:34 [38;5;009m[ERROR]: [0mThis is a error message from thread 1418-09-2026 00:29:34 [38;5;009m[ERROR]: [0mThis is a error message from thread 1818-09-2026 00:29:34 [38;5;117m[DEBUG]: [0mThis is a debug message from thread 1118-09-2026 00:29:34 [38;5;009m[ERROR]: [0mThis is a error message from thread 618-09-2026 00:29:34 [38;5;009m[ERROR]: [0mThis is a error message from thread 418-09-2026 00:29:34 [38;5;015m[INFO]: [0mThis is a info message from thread 1518-09-2026 00:29:34 [38;5;009m[ERROR]: [0mThis is a error message from thread 1618-09-2026 00:29:34 [38;5;015m[INFO]: [0mThis is a info message from thread 518-09-2026 00:29:34 [38;5;009m[ERROR]: [0mThis is a error message from thread 2418-09-2026 00:29:34 [38;5;009m[ERROR]: [0mThis is a error message from thread 518-09-2026 00:29:34 [38;5;117m[DEBUG]: [0mThis is a debug message from thread 618-09-2026 00:29:34 [38;5;117m[DEBUG]: [0mThis is a debug message from thread 2418-09-2026 00:29:34 [38;5;117m[DEBUG]: [0mThis is a debug message from thread 518-09-2026 00:29:34 [38;5;009m[ERROR]: [0mThis is a error message from thread 1518-09-2026 00:29:34 [38;5;009m[ERROR]: [0mThis is a error message from thread 1218-09-2026 00:29:34 [38;5;117m[DEBUG]: [0mThis is a debug message from thread 1218-09-2026 00:29:34 [38;5;117m[DEBUG]: [0mThis is a debug message from thread 418-09-2026 00:29:34 [38;5;117m[DEBUG]: [0mThis is a debug message from thread 2118-09-2026 00:29:34 [38;5;015m[INFO]: [0mThis is a info message from thread 1218-09-2026 00:29:34 [38;5;009m[ERROR]: [0mThis is a error message from thread 2018-09-2026 00:29:34 [38;5;117m[DEBUG]: [0mThis is a debug message from thread 118-09-2026 00:29:34 [38;5;015m[INFO]: [0mThis is a info message from thread 1918-09-2026 00:29:34 [38;5;009m[ERROR]: [0mThis is a error message from thread 718-09-2026 00:29:34 [38;5;117m[DEBUG]: [0mThis is a debug message from thread 1818-09-2026 00:29:34 [38;5;117m[DEBUG]: [0mThis is a debug message from thread 718-09-2026 00:29:34 [38;5;117m[DEBUG]: [0mThis is a debug message from thread 1518-09-2026 00:29:34 [38;5;015m[INFO]: [0mThis is a info message from thread 618-09-2026 00:29:34 [38;5;015m[INFO]: [0mThis is a info message from thread 718-09-2026 00:29:34 [38;5;009m[ERROR]: [0mThis is a error message from thread 618-09-2026 00:29:34 [38;5;009m[ERROR]: [0mThis is a error message from thread 1318-09-2026 00:29:34 [38;5;009m[ERROR]: [0mThis is a error message from thread 1218-09-2026 00:29:34 [38;5;117m[DEBUG]: [0mThis is a debug message from thread 2018-09-2026 00:29:34 [38;5;117m[DEBUG]: [0mThis is a debug message from thread 1218-09-2026 00:29:34 [38;5;015m[INFO]: [0mThis is a info message from thread 1518-09-2026 00:29:34 [38;5;009m[ERROR]: [0mThis is a error message from thread 718-09-2026 00:29:34 [38;5;015m[INFO]: [0mThis is a info message from thread 2118-09-2026 00:29:34 [38;5;117m[DEBUG]: [0mThis is a debug message from thread 1318-09-2026 00:29:34 [38;5;117m[DEBUG]: [0mThis is a debug message from thread 718-09-2026 00:29:34 [38;5;015m[INFO]: [0mThis is a info message from thread 118-09-2026 00:29:34 [38;5;117m[DEBUG]: [0mThis is a debug message from thread 2318-09-2026 00:29:34 [38;5;117m[DEBUG]: [0mThis is a debug message from thread 018-09-2026 00:29:34 [38;5;117m[DEBUG]: [0mThis is a debug message from thread 2918-09-2026 00:29:34 [38;5;117m[DEBUG]: [0mThis is a debug message from thread 318-09-2026 00:29:34 [38;5;117m[DEBUG]: [0mThis is a debug message from thread 2818-09-2026 00:29:34 [38;5;117m[DEBUG]: [0mThis is a debug message from thread 1618-09-2026 00:29:34 [38;5;009m[ERROR]: [0mThis is a error message from thread 118-09-2026 00:29:34 [38;5;117m[DEBUG]: [0mThis is a debug message from thread 218-09-2026 00:29:34 [38;5;009m[ERROR]: [0mThis is a error message from thread 2118-09-2026 00:29:34 [38;5;015m[INFO]: [0mThis is a info message from thread 718-09-2026 00:29:34 [38;5;015m[INFO]: [0mThis is a info message from thread 518-09-2026 00:29:34 [38;5;015m[INFO]: [0mThis is a info message from thread 018-09-2026 00:29:34 [38;5;015m[INFO]: [0mThis is a info message from thread 2418-09-2026 00:29:34 [38;5;015m[INFO]: [0mThis is a info message from thread 318-09-2026 00:29:34 [38;5;015m[INFO]: [0mThis is a info message from thread 2018-09-2026 00:29:34 [38;5;009m[ERROR]: [0mThis is a error message from thread 2618-09-2026 00:29:34 [38;5;015m[INFO]: [0mThis is a info message from thread 2718-09-2026 00:29:34 [38;5;015m[INFO]: [0mThis is a info message from thread 218-09-2026 00:29:34 [38;5;009m[ERROR]: [0mThis is a error message from thread 318-09-2026 00:29:34 [38;5;009m[ERROR]: [0mThis is a error message from thread 018-09-2026 00:29:34 [38;5;009m[ERROR]: [0mThis is a error message from thread 918-09-2026 00:29:34 [38;5;009m[ERROR]: [0mThis is a error message from thread 518-09-2026 00:29:34 [38;5;009m[ERROR]: [0mThis is a error message from thread 2418-09-2026 00:29:34 [38;5;009m[ERROR]: [0mThis is a error message from thread 2218-09-2026 00:29:34 [38;5;117m[DEBUG]: [0mThis is a debug message from thread 2418-09-2026 00:29:34 [38;5;117m[DEBUG]: [0mThis is a debug message from thread 618-09-2026 00:29:34 [38;5;015m[INFO]: [0mThis is a info message from thread 1318-09-2026 00:29:34 [38;5;117m[DEBUG]: [0mThis is a debug message from thread 118-09-2026 00:29:34 [38;5;015m[INFO]: [0mThis is a info message from thread 2818-09-2026 00:29:34 [38;5;015m[INFO]: [0mThis is a info message from thread 1818-09-2026 00:29:34 [38;5;117m[DEBUG]: [0mThis is a debug message from thread 918-09-2026 00:29:34 [38;5;015m[INFO]: [0mThis is a info message from thread 118-09-2026 00:29:34 [38;5;117m[DEBUG]: [0mThis is a debug message from thread 2218-09-2026 00:29:34 [38;5;117m[DEBUG]: [0mThis is a debug message from thread 518-09-2026 00:29:34 [38;5;015m[INFO]: [0mThis is a info message from thread 918-09-2026 00:29:34 [38;5;117m[DEBUG]: [0mThis is a debug message from thread 018-09-2026 00:29:34 [38;5;015m[INFO]: [0mThis is a info message from thread 2318-09-2026 00:29:34 [38;5;009m[ERROR]: [0mThis is a error message from thread 918-09-2026 00:29:34 [38;5;015m[INFO]: [0mThis is a info message from thread 518-09-2026 00:29:34 [38;5;015m[INFO]: [0mThis is a info message from thread 018-09-2026 00:29:34 [38;5;015m[INFO]: [0mThis is a info message from thread 2518-09-2026 00:29:34 [38;5;009m[ERROR]: [0mThis is a error message from thread 118-09-2026 00:29:34 [38;5;015m[INFO]: [0mThis is a info message from thread 418-09-2026 00:29:34 [38;5;015m[INFO]: [0mThis is a info message from thread 2418-09-2026 00:29:34 [38;5;009m[ERROR]: [0mThis is a error message from thread 018-09-2026 00:29:34 [38;5;117m[DEBUG]: [0mThis is a debug message from thread 2618-09-2026 00:29:34 [38;5;015m[INFO]: [0mThis is a info message from thread 2618-09-2026 00:29:34 [38;5;009m[ERROR]: [0mThis is a error message from thread 2018-09-2026 00:29:34 [38;5;015m[INFO]: [0mThis is a info message from thread 2918-09-2026 00:29:34 [38;5;015m[INFO]: [0mThis is a info message from thread 1218-09-2026 00:29:34 [38;5;009m[ERROR]: [0mThis is a error message from thread 2318-09-2026 00:29:34 [38;5;117m[DEBUG]: [0mThis is a debug message from thread 2118-09-2026 00:29:34 [38;5;009m[ERROR]: [0mThis is a error message from thread 2418-09-2026 00:29:34 [38;5;009m[ERROR]: [0mThis is a error message from thread 2618-09-2026 00:29:34 [38;5;015m[INFO]: [0mThis is a info message from thread 2118-09-2026 00:29:34 [38;5;009m[ERROR]: [0mThis is a error message from thread 418-09-2026 00:29:34 [38;5;117m[DEBUG]: [0mThis is a debug message from thread 2018-09-2026 00:29:34 [38;5;009m[ERROR]: [0mThis is a error message from thread 718-09-2026 00:29:34 [38;5;009m[ERROR]: [0mThis is a error message from thread 1218-09-2026 00:29:34 [38;5;009m[ERROR]: [0mThis is a error message from thread 1518-09-2026 00:29:34 [38;5;117m[DEBUG]: [0mThis is a debug message from thread 2318-09-2026 00:29:34 [38;5;009m[ERROR]: [0mThis is a error message from thread 2718-09-2026 00:29:34 [38;5;009m[ERROR]: [0mThis is a error message from thread 2118-09-2026 00:29:34 [38;5;009m[ERROR]: [0mThis is a error message from thread 818-09-2026 00:29:34 [38;5;015m[INFO]: [0mThis is a info message from thread 2018-09-2026 00:29:34 [38;5;117m[DEBUG]: [0mThis is a debug message from thread 1718-09-2026 00:29:34 [38;5;117m[DEBUG]: [0mThis is a debug message from thread 2118-09-2026 00:29:34 [38;5;117m[DEBUG]: [0mThis is a debug message from thread 2418-09-2026 00:29:34 [38;5;009m[ERROR]: [0mThis is a error message from thread 2018-09-2026 00:29:34 [38;5;015m[INFO]: [0mThis is a info message from thread 2418-09-2026 00:29:34 [38;5;009m[ERROR]: [0mThis is a error message from thread 2518-09-2026 00:29:34 [38;5;117m[DEBUG]: [0mThis is a debug message from thread 118-09-2026 00:29:34 [38;5;015m[INFO]: [0mThis is a info message from thread 1618-09-2026 00:29:34 [38;5;015m[INFO]: [0mThis is a info message from thread 1718-09-2026 00:29:34 [38;5;015m[INFO]: [0mThis is a info message from thread 2118-09-2026 00:29:34 [38;5;009m[ERROR]: [0mThis is a error message from thread 1318-09-2026 00:29:34 [38;5;117m[DEBUG]: [0mThis is a debug message from thread 318-09-2026 00:29:34 [38;5;009m[ERROR]: [0mThis is a error message from thread 218-09-2026 00:29:34 [38;5;009m[ERROR]: [0mThis is a error message from thread 518-09-2026 00:29:34 [38;5;117m[DEBUG]: [0mThis is a debug message from thread 2718-09-2026 00:29:34 [38;5;117m[DEBUG]: [0mThis is a debug message from thread 2618-09-2026 00:29:34 [38;5;009m[ERROR]: [0mThis is a error message from thread 2118-09-2026 00:29:34 [38;5;015m[INFO]: [0mThis is a info message from thread 618-09-2026 00:29:34 [38;5;015m[INFO]: [0mThis is a info message from thread 2618-09-2026 00:29:34 [38;5;009m[ERROR]: [0mThis is a error message from thread 1618-09-2026 00:29:34 [38;5;117m[DEBUG]: [0mThis is a debug message from thread 1318-09-2026 00:29:34 [38;5;009m[ERROR]: [0mThis is a error message from thread 1818-09-2026 00:29:34 [38;5;117m[DEBUG]: [0mThis is a debug message from thread 1618-09-2026 00:29:34 [38;5;015m[INFO]: [0mThis is a info message from thread 2718-09-2026 00:29:34 [38;5;117m[DEBUG]: [0mThis is a debug message from thread 2118-09-2026 00:29:34 [38;5;015m[INFO]: [0mThis is a info message from thread 318-09-2026 00:29:34 [38;5;117m[DEBUG]: [0mThis is a debug message from thread 1818-09-2026 00:29:34 [38;5;015m[INFO]: [0mThis is a info message from thread 1118-09-2026 00:29:34 [38;5;009m[ERROR]: [0mThis is a error message from thread 2918-09-2026 00:29:34 [38;5;009m[ERROR]: [0mThis is a error message from thread 2618-09-2026 00:29:34 [38;5;117m[DEBUG]: [0mThis is a debug message from thread 218-09-2026 00:29:34 [38;5;009m[ERROR]: [0mThis is a error message from thread 2718-09-2026 00:29:34 [38;5;117m[DEBUG]: [0mThis is a debug message from thread 1418-09-2026 00:29:34 [38;5;117m[DEBUG]: [0mThis is a debug message from thread 818-09-2026 00:29:34 [38;5;015m[INFO]: [0mThis is a info message from thread 1818-09-2026 00:29:34 [38;5;117m[DEBUG]: [0mThis is a debug message from thread 2618-09-2026 00:29:34 [38;5;009m[ERROR]: [0mThis is a error message from thread 318-09-2026 00:29:34 [38;5;009m[ERROR]: [0mThis is a error message from thread 1118-09-2026 00:29:34 [38;5;015m[INFO]: [0mThis is a info message from thread 218-09-2026 00:29:34 [38;5;117m[DEBUG]: [0mThis is a debug message from thread 1118-09-2026 00:29:34 [38;5;117m[DEBUG]: [0mThis is a debug message from thread 2918-09-2026 00:29:34 [38;5;015m[INFO]: [0mThis is a info message from thread 1418-09-2026 00:29:34 [38;5;009m[ERROR]: [0mThis is a error message from thread 618-09-2026 00:29:34 [38;5;009m[ERROR]: [0mThis is a error message from thread 218-09-2026 00:29:34 [38;5;015m[INFO]: [0mThis is a info message from thread 2618-09-2026 00:29:34 [38;5;015m[INFO]: [0mThis is a info message from thread 2118-09-2026 00:29:34 [38;5;117m[DEBUG]: [0mThis is a debug message from thread 1518-09-2026 00:29:34 [38;5;117m[DEBUG]: [0mThis is a debug message from thread 218-09-2026 00:29:34 [38;5;117m[DEBUG]: [0mThis is a debug message from thread 418-09-2026 00:29:34 [38;5;117m[DEBUG]: [0mThis is a debug message from thread 1218-09-2026 00:29:34 [38;5;009m[ERROR]: [0mThis is a error message from thread 1418-09-2026 00:29:34 [38;5;117m[DEBUG]: [0mThis is a debug message from thread 918-09-2026 00:29:34 [38;5;015m[INFO]: [0mThis is a info message from thread 418-09-2026 00:29:34 [38;5;015m[INFO]: [0mThis is a info message from thread 2318-09-2026 00:29:34 [38;5;015m[INFO]: [0mThis is a info message from thread 1618-09-2026 00:29:34 [38;5;117m[DEBUG]: [0mThis is a debug message from thread 318-09-2026 00:29:34 [38;5;015m[INFO]: [0mThis is a info message from thread 1318-09-2026 00:29:34 [38;5;009m[ERROR]: [0mThis is a error message from thread 2118-09-2026 00:29:34 [38;5;117m[DEBUG]: [0mThis is a debug message from thread 518-09-2026 00:29:34 [38;5;117m[DEBUG]: [0mThis is a debug message from thread 718-09-2026 00:29:34 [38;5;009m[ERROR]: [0mThis is a error message from thread 2618-09-2026 00:29:34 [38;5;009m[ERROR]: [0mThis is a error message from thread 1618-09-2026 00:29:34 [38;5;015m[INFO]: [0mThis is a info message from thread 2218-09-2026 00:29:34 [38;5;015m[INFO]: [0mThis is a info message from thread 918-09-2026 00:29:34 [38;5;009m[ERROR]: [0mThis is a error message from thread 418-09-2026 00:29:34 [38;5;009m[ERROR]: [0mThis is a error message from thread 1318-09-2026 00:29:34 [38;5;009m[ERROR]: [0mThis is a error message from thread 1718-09-2026 00:29:34 [38;5;117m[DEBUG]: [0mThis is a debug message from thread 1618-09-2026 00:29:34 [38;5;015m[INFO]: [0mThis is a info message from thread 1218-09-2026 00:29:34 [38;5;009m[ERROR]: [0mThis is a error message from thread 1918-09-2026 00:29:34 [38;5;117m[DEBUG]: [0mThis is a debug message from thread 2618-09-2026 00:29:34 [38;5;117m[DEBUG]: [0mThis is a debug message from thread 1718-09-2026 00:29:34 [38;5;015m[INFO]: [0mThis is a info message from thread 1618-09-2026 00:29:34 [38;5;117m[DEBUG]: [0mThis is a debug message from thread 2118-09-2026 00:29:34 [38;5;015m[INFO]: [0mThis is a info message from thread 218-09-2026 00:29:34 [38;5;015m[INFO]: [0mThis is a info message from thread 1718-09-2026 00:29:34 [38;5;009m[ERROR]: [0mThis is a error message from thread 1618-09-2026 00:29:34 [38;5;015m[INFO]: [0mThis is a info message from thread 718-09-2026 00:29:34 [38;5;009m[ERROR]: [0mThis is a error message from thread 918-09-2026 00:29:34 [38;5;009m[ERROR]: [0mThis is a error message from thread 1218-09-2026 00:29:34 [38;5;117m[DEBUG]: [0mThis is a debug message from thread 418-09-2026 00:29:34 [38;5;015m[INFO]: [0mThis is a info message from thread 2918-09-2026 00:29:34 [38;5;117m[DEBUG]: [0mThis is a debug message from thread 1618-09-2026 00:29:34 [38;5;015m[INFO]: [0mThis is a info message from thread 2618-09-2026 00:29:34 [38;5;009m[ERROR]: [0mThis is a error message from thread 718-09-2026 00:29:34 [38;5;117m[DEBUG]: [0mThis is a debug message from thread 018-09-2026 00:29:34 [38;5;015m[INFO]: [0mThis is a info message from thread 818-09-2026 00:29:34 [38;5;117m[DEBUG]: [0mThis is a debug message from thread 918-09-2026 00:29:34 [38;5;015m[INFO]: [0mThis is a info message from thread 1618-09-2026 00:29:34 [38;5;009m[ERROR]: [0mThis is a error message from thread 2218-09-2026 00:29:34 [38;5;117m[DEBUG]: [0mThis is a debug message from thread 2718-09-2026 00:29:34 [38;5;015m[INFO]: [0mThis is a info message from thread 2118-09-2026 00:29:34 [38;5;117m[DEBUG]: [0mThis is a debug message from thread 1218-09-2026 00:29:34 [38;5;117m[DEBUG]: [0mThis is a debug message from thread 1918-09-2026 00:29:34 [38;5;009m[ERROR]: [0mThis is a error message from thread 1618-09-2026 00:29:34 [38;5;117m[DEBUG]: [0mThis is a debug message from thread 2518-09-2026 00:29:34 [38;5;009m[ERROR]: [0mThis is a error message from thread 2818-09-2026 00:29:34 [38;5;015m[INFO]: [0mThis is a info message from thread 018-09-2026 00:29:34 [38;5;009m[ERROR]: [0mThis is a error message from thread 2418-09-2026 00:29:34 [38;5;009m[ERROR]: [0mThis is a error message from thread 2318-09-2026 00:29:34 [38;5;117m[DEBUG]: [0mThis is a debug message from thread 1618-09-2026 00:29:34 [38;5;009m[ERROR]: [0mThis is a error message from thread 1818-09-2026 00:29:34 [38;5;015m[INFO]: [0mThis is a info message from thread 2518-09-2026 00:29:34 [38;5;117m[DEBUG]: [0mThis is a debug message from thread 1818-09-2026 00:29:34 [38;5;009m[ERROR]: [0mThis is a error message from thread 2618-09-2026 00:29:34 [38;5;015m[INFO]: [0mThis is a info message from thread 1218-09-2026 00:29:34 [38;5;015m[INFO]: [0mThis is a info message from thread 1818-09-2026 00:29:34 [38;5;009m[ERROR]: [0mThis is a error message from thread 2118-09-2026 00:29:34 [38;5;117m[DEBUG]: [0mThis is a debug message from thread 2618-09-2026 00:29:34 [38;5;009m[ERROR]: [0mThis is a error message from thread 1218-09-2026 00:29:34 [38;5;009m[ERROR]: [0mThis is a error message from thread 1818-09-2026 00:29:34 [38;5;015m[INFO]: [0mThis is a info message from thread 1618-09-2026 00:29:34 [38;5;117m[DEBUG]: [0mThis is a debug message from thread 2118-09-2026 00:29:34 [38;5;117m[DEBUG]: [0mThis is a debug message from thread 1818-09-2026 00:29:34 [38;5;015m[INFO]: [0mThis is a info message from thread 2118-09-2026 00:29:34 [38;5;009m[ERROR]: [0mThis is a error message from thread 1618-09-2026 00:29:34 [38;5;015m[INFO]: [0mThis is a info message from thread 2618-09-2026 00:29:34 [38;5;015m[INFO]: [0mThis is a info message from thread 1818-09-2026 00:29:34 [38;5;009m[ERROR]: [0mThis is a error message from thread 2118-09-2026 00:29:34 [38;5;015m[INFO]: [0mThis is a info message from thread 1918-09-2026 00:29:34 [38;5;009m[ERROR]: [0mThis is a error message from thread 1818-09-2026 00:29:34 [38;5;117m[DEBUG]: [0mThis is a debug message from thread 2818-09-2026 00:29:34 [38;5;117m[DEBUG]: [0mThis is a debug message from thread 2018-09-2026 00:29:34 [38;5;117m[DEBUG]: [0mThis is a debug message from thread 1818-09-2026 00:29:34 [38;5;009m[ERROR]: [0mThis is a error message from thread 1918-09-2026 00:29:34 [38;5;009m[ERROR]: [0mThis is a error message from thread 818-09-2026 00:29:34 [38;5;015m[INFO]: [0mThis is a info message from thread 1118-09-2026 00:29:34 [38;5;015m[INFO]: [0mThis is a info message from thread 118-09-2026 00:29:34 [38;5;117m[DEBUG]: [0mThis is a debug message from thread 1918-09-2026 00:29:34 [38;5;015m[INFO]: [0mThis is a info message from thread 1818-09-2026 00:29:34 [38;5;015m[INFO]: [0mThis is a info message from thread 2018-09-2026 00:29:34 [38;5;009m[ERROR]: [0mThis is a error message from thread 218-09-2026 00:29:34 [38;5;117m[DEBUG]: [0mThis is a debug message from thread 818-09-2026 00:29:34 [38;5;009m[ERROR]: [0mThis is a error message from thread 1118-09-2026 00:29:34 [38;5;117m[DEBUG]: [0mThis is a debug message from thread 218-09-2026 00:29:34 [38;5;015m[INFO]: [0mThis is a info message from thread 2718-09-2026 00:29:34 [38;5;117m[DEBUG]: [0mThis is a debug message from thread 1118-09-2026 00:29:34 [38;5;009m[ERROR]: [0mThis is a error message from thread 2018-09-2026 00:29:34 [38;5;009m[ERROR]: [0mThis is a error message from thread 2518-09-2026 00:29:34 [38;5;015m[INFO]: [0mThis is a info message from thread 1118-09-2026 00:29:34 [38;5;015m[INFO]: [0mThis is a info message from thread 1518-09-2026 00:29:34 [38;5;117m[DEBUG]: [0mThis is a debug message from thread 2418-09-2026 00:29:34 [38;5;009m[ERROR]: [0mThis is a error message from thread 2618-09-2026 00:29:34 [38;5;015m[INFO]: [0mThis is a info message from thread 318-09-2026 00:29:34 [38;5;009m[ERROR]: [0mThis is a error message from thread 1518-09-2026 00:29:34 [38;5;117m[DEBUG]: [0mThis is a debug message from thread 1018-09-2026 00:29:34 [38;5;015m[INFO]: [0mThis is a info message from thread 2818-09-2026 00:29:34 [38;5;009m[ERROR]: [0mThis is a error message from thread 1118-09-2026 00:29:34 [38;5;117m[DEBUG]: [0mThis is a debug message from thread 1318-09-2026 00:29:34 [38;5;015m[INFO]: [0mThis is a info message from thread 2418-09-2026 00:29:34 [38;5;117m[DEBUG]: [0mThis is a debug message from thread 1118-09-2026 00:29:34 [38;5;015m[INFO]: [0mThis is a info message from thread 1918-09-2026 00:29:34 [38;5;117m[DEBUG]: [0mThis is a debug message from thread 2518-09-2026 00:29:34 [38;5;117m[DEBUG]: [0mThis is a debug message from thread 1618-09-2026 00:29:34 [38;5;009m[ERROR]: [0mThis is a error message from thread 2418-09-2026 00:29:34 [38;5;009m[ERROR]: [0mThis is a error message from thread 1918-09-2026 00:29:34 [38;5;015m[INFO]: [0mThis is a info message from thread 1118-09-2026 00:29:34 [38;5;015m[INFO]: [0mThis is a info message from thread 2518-09-2026 00:29:34 [38;5;015m[INFO]: [0mThis is a info message from thread 1618-09-2026 00:29:34 [38;5;117m[DEBUG]: [0mThis is a debug message from thread 2618-09-2026 00:29:34 [38;5;117m[DEBUG]: [0mThis is a debug message from thread 2418-09-2026 00:29:34 [38;5;015m[INFO]: [0mThis is a info message from thread 1018-09-2026 00:29:34 [38;5;117m[DEBUG]: [0mThis is a debug message from thread 1918-09-2026 00:29:34 [38;5;015m[INFO]: [0mThis is a info message from thread 2418-09-2026 00:29:34 [38;5;117m[DEBUG]: [0mThis is a debug message from thread 1418-09-2026 00:29:34 [38;5;009m[ERROR]: [0mThis is a error message from thread 1618-09-2026 00:29:34 [38;5;009m[ERROR]: [0mThis is a error message from thread 2518-09-2026 00:29:34 [38;5;009m[ERROR]: [0mThis is a error message from thread 2418-09-2026 00:29:34 [38;5;117m[DEBUG]: [0mThis is a debug message from thread 2218-09-2026 00:29:34 [38;5;009m[ERROR]: [0mThis is a error message from thread 2718-09-2026 00:29:34 [38;5;117m[DEBUG]: [0mThis is a debug message from thread 2718-09-2026 00:29:34 [38;5;015m[INFO]: [0mThis is a info message from thread 818-09-2026 00:29:34 [38;5;015m[INFO]: [0mThis is a info message from thread 2718-09-2026 00:29:34 [38;5;009m[ERROR]: [0mThis is a error message from thread 2918-09-2026 00:29:34 [38;5;009m[ERROR]: [0mThis is a error message from thread 818-09-2026 00:29:34 [38;5;009m[ERROR]: [0mThis is a error message from thread 2718-09-2026 00:29:34 [38;5;117m[DEBUG]: [0mThis is a debug message from thread 818-09-2026 00:29:34 [38;5;117m[DEBUG]: [0mThis is a debug message from thread 2918-09-2026 00:29:34 [38;5;015m[INFO]: [0mThis is a info message from thread 2218-09-2026 00:29:34 [38;5;015m[INFO]: [0mThis is a info message from thread 2918-09-2026 00:29:34 [38;5;117m[DEBUG]: [0mThis is a debug message from thread 2718-09-2026 00:29:34 [38;5;015m[INFO]: [0mThis is a info message from thread 818-09-2026 00:29:34 [38;5;009m[ERROR]: [0mThis is a error message from thread 1118-09-2026 00:29:34 [38;5;117m[DEBUG]: [0mThis is a debug message from thread 2518-09-2026 00:29:34 [38;5;009m[ERROR]: [0mThis is a error message from thread 2218-09-2026 00:29:34 [38;5;015m[INFO]: [0mThis is a info message from thread 1418-09-2026 00:29:34 [38;5;117m[DEBUG]: [0mThis is a debug message from thread 1618-09-2026 00:29:34 [38;5;009m[ERROR]: [0mThis is a error message from thread 2918-09-2026 00:29:34 [38;5;117m[DEBUG]: [0mThis is a debug message from thread 2418-09-2026 00:29:34 [38;5;117m[DEBUG]: [0mThis is a debug message from thread 1518-09-2026 00:29:34 [38;5;009m[ERROR]: [0mThis is a error message from thread 118-09-2026 00:29:34 [38;5;015m[INFO]: [0mThis is a info message from thread 2618-09-2026 00:29:34 [38;5;015m[INFO]: [0mThis is a info message from thread 1918-09-2026 00:29:34 [38;5;117m[DEBUG]: [0mThis is a debug message from thread 2918-09-2026 00:29:34 [38;5;009m[ERROR]: [0mThis is a error message from thread 318-09-2026 00:29:34 [38;5;117m[DEBUG]: [0mThis is a debug message from thread 718-09-2026 00:29:34 [38;5;015m[INFO]: [0mThis is a info message from thread 1618-09-2026 00:29:34 [38;5;015m[INFO]: [0mThis is a info message from thread 2718-09-2026 00:29:34 [38;5;009m[ERROR]: [0mThis is a error message from thread 2818-09-2026 00:29:34 [38;5;009m[ERROR]: [0mThis is a error message from thread 2618-09-2026 00:29:34 [38;5;117m[DEBUG]: [0mThis is a debug message from thread 2318-09-2026 00:29:34 [38;5;117m[DEBUG]: [0mThis is a debug message from thread 1218-09-2026 00:29:34 [38;5;015m[INFO]: [0mThis is a info message from thread 1318-09-2026 00:29:34 [38;5;009m[ERROR]: [0mThis is a error message from thread 2718-09-2026 00:29:34 [38;5;009m[ERROR]: [0mThis is a error message from thread 1418-09-2026 00:29:34 [38;5;117m[DEBUG]: [0mThis is a debug message from thread 2618-09-2026 00:29:34 [38;5;015m[INFO]: [0mThis is a info message from thread 2318-09-2026 00:29:34 [38;5;009m[ERROR]: [0mThis is a error message from thread 2318-09-2026 00:29:34 [38;5;009m[ERROR]: [0mThis is a error message from thread 1918-09-2026 00:29:34 [38;5;015m[INFO]: [0mThis is a info message from thread 718-09-2026 00:29:34 [38;5;015m[INFO]: [0mThis is a info message from thread 1218-09-2026 00:29:34 [38;5;117m[DEBUG]: [0mThis is a debug message from thread 2818-09-2026 00:29:34 [38;5;117m[DEBUG]: [0mThis is a debug message from thread 2118-09-2026 00:29:34 [38;5;009m[ERROR]: [0mThis is a error message from thread 1318-09-2026 00:29:34 [38;5;117m[DEBUG]: [0mThis is a debug message from thread 2318-09-2026 00:29:34 [38;5;117m[DEBUG]: [0mThis is a debug message from thread 318-09-2026 00:29:34 [38;5;015m[INFO]: [0mThis is a info message from thread 1518-09-2026 00:29:34 [38;5;009m[ERROR]: [0mThis is a error message from thread 1818-09-2026 00:29:34 [38;5;117m[DEBUG]: [0mThis is a debug message from thread 2718-09-2026 00:29:34 [38;5;117m[DEBUG]: [0mThis is a debug message from thread 2218-09-2026 00:29:34 [38;5;015m[INFO]: [0mThis is a info message from thread 2118-09-2026 00:29:34 [38;5;015m[INFO]: [0mThis is a info message from thread 2618-09-2026 00:29:34 [38;5;117m[DEBUG]: [0mThis is a debug message from thread 1418-09-2026 00:29:34 [38;5;009m[ERROR]: [0mThis is a error message from thread 1218-09-2026 00:29:34 [38;5;117m[DEBUG]: [0mThis is a debug message from thread 1318-09-2026 00:29:34 [38;5;015m[INFO]: [0mThis is a info message from thread 2318-09-2026 00:29:34 [38;5;117m[DEBUG]: [0mThis is a debug message from thread 1218-09-2026 00:29:34 [38;5;015m[INFO]: [0mThis is a info message from thread 2218-09-2026 00:29:34 [38;5;015m[INFO]: [0mThis is a info message from thread 2718-09-2026 00:29:34 [38;5;009m[ERROR]: [0mThis is a error message from thread 1718-09-2026 00:29:34 [38;5;015m[INFO]: [0mThis is a info message from thread 318-09-2026 00:29:34 [38;5;009m[ERROR]: [0mThis is a error message from thread 818-09-2026 00:29:34 [38;5;009m[ERROR]: [0mThis is a error message from thread 2318-09-2026 00:29:34 [38;5;009m[ERROR]: [0mThis is a error message from thread 1518-09-2026 00:29:34 [38;5;117m[DEBUG]: [0mThis is a debug message from thread 818-09-2026 00:29:34 [38;5;117m[DEBUG]: [0mThis is a debug message from thread 1818-09-2026 00:29:34 [38;5;117m[DEBUG]: [0mThis is a debug message from thread 1718-09-2026 00:29:34 [38;5;009m[ERROR]: [0mThis is a error message from thread 2718-09-2026 00:29:34 [38;5;015m[INFO]: [0mThis is a info message from thread 1318-09-2026 00:29:34 [38;5;117m[DEBUG]: [0mThis is a debug message from thread 2318-09-2026 00:29:34 [38;5;015m[INFO]: [0mThis is a info message from thread 1218-09-2026 00:29:34 [38;5;117m[DEBUG]: [0mThis is a debug message from thread 618-09-2026 00:29:34 [38;5;015m[INFO]: [0mThis is a info message from thread 218-09-2026 00:29:34 [38;5;015m[INFO]: [0mThis is a info message from thread 818-09-2026 00:29:34 [38;5;015m[INFO]: [0mThis is a info message from thread 1718-09-2026 00:29:34 [38;5;117m[DEBUG]: [0mThis is a debug message from thread 2018-09-2026 00:29:34 [38;5;015m[INFO]: [0mThis is a info message from thread 518-09-2026 00:29:34 [38;5;009m[ERROR]: [0mThis is a error message from thread 1718-09-2026 00:29:34 [38;5;009m[ERROR]: [0mThis is a error message from thread 518-09-2026 00:29:34 [38;5;117m[DEBUG]: [0mThis is a debug message from thread 2718-09-2026 00:29:34 [38;5;015m[INFO]: [0mThis is a info message from thread 2318-09-2026 00:29:34 [38;5;009m[ERROR]: [0mThis is a error message from thread 1218-09-2026 00:29:34 [38;5;015m[INFO]: [0mThis is a info message from thread 618-09-2026 00:29:34 [38;5;009m[ERROR]: [0mThis is a error message from thread 018-09-2026 00:29:34 [38;5;015m[INFO]: [0mThis is a info message from thread 2518-09-2026 00:29:34 [38;5;015m[INFO]: [0mThis is a info message from thread 1818-09-2026 00:29:34 [38;5;117m[DEBUG]: [0mThis is a debug message from thread 018-09-2026 00:29:34 [38;5;009m[ERROR]: [0mThis is a error message from thread 1018-09-2026 00:29:34 [38;5;117m[DEBUG]: [0mThis is a debug message from thread 1218-09-2026 00:29:34 [38;5;009m[ERROR]: [0mThis is a error message from thread 2318-09-2026 00:29:34 [38;5;117m[DEBUG]: [0mThis is a debug message from thread 2318-09-2026 00:29:34 [38;5;015m[INFO]: [0mThis is a info message from thread 2718-09-2026 00:29:34 [38;5;015m[INFO]: [0mThis is a info message from thread 2918-09-2026 00:29:34 [38;5;015m[INFO]: [0mThis is a info message from thread 018-09-2026 00:29:34 [38;5;009m[ERROR]: [0mThis is a error message from thread 2618-09-2026 00:29:34 [38;5;015m[INFO]: [0mThis is a info message from thread 418-09-2026 00:29:34 [38;5;117m[DEBUG]: [0mThis is a debug message from thread 1518-09-2026 00:29:34 [38;5;015m[INFO]: [0mThis is a info message from thread 1418-09-2026 00:29:34 [38;5;015m[INFO]: [0mThis is a info message from thread 918-09-2026 00:29:34 [38;5;009m[ERROR]: [0mThis is a error message from thread 818-09-2026 00:29:34 [38;5;009m[ERROR]: [0mThis is a error message from thread 318-09-2026 00:29:34 [38;5;009m[ERROR]: [0mThis is a error message from thread 1618-09-2026 00:29:34 [38;5;117m[DEBUG]: [0mThis is a debug message from thread 1718-09-2026 00:29:34 [38;5;009m[ERROR]: [0mThis is a error message from thread 018-09-2026 00:29:34 [38;5;117m[DEBUG]: [0mThis is a debug message from thread 1118-09-2026 00:29:34 [38;5;015m[INFO]: [0mThis is a info message from thread 2418-09-2026 00:29:34 [38;5;117m[DEBUG]: [0mThis is a debug message from thread 518-09-2026 00:29:34 [38;5;015m[INFO]: [0mThis is a info message from thread 2318-09-2026 00:29:34 [38;5;009m[ERROR]: [0mThis is a error message from thread 2118-09-2026 00:29:34 [38;5;015m[INFO]: [0mThis is a info message from thread 1718-09-2026 00:29:34 [38;5;015m[INFO]: [0mThis is a info message from thread 1118-09-2026 00:29:34 [38;5;117m[DEBUG]: [0mThis is a debug message from thread 318-09-2026 00:29:34 [38;5;015m[INFO]: [0mThis is a info message from thread 1218-09-2026 00:29:34 [38;5;015m[INFO]: [0mThis is a info message from thread 1518-09-2026 00:29:34 [38;5;009m[ERROR]: [0mThis is a error message from thread 1118-09-2026 00:29:34 [38;5;015m[INFO]: [0mThis is a info message from thread 318-09-2026 00:29:34 [38;5;009m[ERROR]: [0mThis is a error message from thread 1218-09-2026 00:29:34 [38;5;117m[DEBUG]: [0mThis is a debug message from thread 818-09-2026 00:29:34 [38;5;009m[ERROR]: [0mThis is a error message from thread 2918-09-2026 00:29:34 [38;5;009m[ERROR]: [0mThis is a error message from thread 718-09-2026 00:29:34 [38;5;015m[INFO]: [0mThis is a info message from thread 2818-09-2026 00:29:34 [38;5;009m[ERROR]: [0mThis is a error message from thread 1718-09-2026 00:29:34 [38;5;117m[DEBUG]: [0mThis is a debug message from thread 2618-09-2026 00:29:34 [38;5;117m[DEBUG]: [0mThis is a debug message from thread 118-09-2026 00:29:34 [38;5;117m[DEBUG]: [0mThis is a debug message from thread 1618-09-2026 00:29:34 [38;5;117m[DEBUG]: [0mThis is a debug message from thread 1018-09-2026 00:29:34 [38;5;009m[ERROR]: [0mThis is a error message from thread 418-09-2026 00:29:34 [38;5;117m[DEBUG]: [0mThis is a debug message from thread 2918-09-2026 00:29:34 [38;5;117m[DEBUG]: [0mThis is a debug message from thread 018-09-2026 00:29:34 [38;5;015m[INFO]: [0mThis is a info message from thread 1618-09-2026 00:29:34 [38;5;009m[ERROR]: [0mThis is a error message from thread 1518-09-2026 00:29:34 [38;5;009m[ERROR]: [0mThis is a error message from thread 218-09-2026 00:29:34 [38;5;009m[ERROR]: [0mThis is a error message from thread 2818-09-2026 00:29:34 [38;5;015m[INFO]: [0mThis is a info message from thread 018-09-2026 00:29:34 [38;5;009m[ERROR]: [0mThis is a error message from thread 2418-09-2026 00:29:34 [38;5;015m[INFO]: [0mThis is a info message from thread 818-09-2026 00:29:34 [38;5;117m[DEBUG]: [0mThis is a debug message from thread 1118-09-2026 00:29:34 [38;5;009m[ERROR]: [0mThis is a error message from thread 1618-09-2026 00:29:34 [38;5;009m[ERROR]: [0mThis is a error message from thread 1318-09-2026 00:29:34 [38;5;009m[ERROR]: [0mThis is a error message from thread 2518-09-2026 00:29:34 [38;5;117m[DEBUG]: [0mThis is a debug message from thread 2818-09-2026 00:29:34 [38;5;009m[ERROR]: [0mThis is a error message from thread 018-09-2026 00:29:34 [38;5;015m[INFO]: [0mThis is a info message from thread 2618-09-2026 00:29:34 [38;5;015m[INFO]: [0mThis is a info message from thread 2918-09-2026 00:29:34 [38;5;015m[INFO]: [0mThis is a info message from thread 1018-09-2026 00:29:34 [38;5;117m[DEBUG]: [0mThis is a debug message from thread 2418-09-2026 00:29:34 [38;5;015m[INFO]: [0mThis is a info message from thread 1118-09-2026 00:29:34 [38;5;009m[ERROR]: [0mThis is a error message from thread 818-09-2026 00:29:34 [38;5;009m[ERROR]: [0mThis is a error message from thread 2618-09-2026 00:29:34 [38;5;009m[ERROR]: [0mThis is a error message from thread 2718-09-2026 00:29:34 [38;5;009m[ERROR]: [0mThis is a error message from thread 918-09-2026 00:29:34 [38;5;117m[DEBUG]: [0mThis is a debug message from thread 2618-09-2026 00:29:34 [38;5;117m[DEBUG]: [0mThis is a debug message from thread 818-09-2026 00:29:34 [38;5;117m[DEBUG]: [0mThis is a debug message from thread 718-09-2026 00:29:34 [38;5;009m[ERROR]: [0mThis is a error message from thread 1118-09-2026 00:29:34 [38;5;015m[INFO]: [0mThis is a info message from thread 118-09-2026 00:29:34 [38;5;117m[DEBUG]: [0mThis is a debug message from thread 2518-09-2026 00:29:34 [38;5;117m[DEBUG]: [0mThis is a debug message from thread 1518-09-2026 00:29:34 [38;5;009m[ERROR]: [0mThis is a error message from thread 118-09-2026 00:29:34 [38;5;015m[INFO]: [0mThis is a info message from thread 518-09-2026 00:29:34 [38;5;009m[ERROR]: [0mThis is a error message from thread 618-09-2026 00:29:34 [38;5;009m[ERROR]: [0mThis is a error message from thread 2918-09-2026 00:29:34 [38;5;009m[ERROR]: [0mThis is a error message from thread 2218-09-2026 00:29:34 [38;5;117m[DEBUG]: [0mThis is a debug message from thread 918-09-2026 00:29:34 [38;5;117m[DEBUG]: [0mThis is a debug message from thread 018-09-2026 00:29:34 [38;5;117m[DEBUG]: [0mThis is a debug message from thread 118-09-2026 00:29:34 [38;5;015m[INFO]: [0mThis is a info message from thread 2018-09-2026 00:29:34 [38;5;009m[ERROR]: [0mThis is a error message from thread 518-09-2026 00:29:34 [38;5;015m[INFO]: [0mThis is a info message from thread 2418-09-2026 00:29:34 [38;5;117m[DEBUG]: [0mThis is a debug message from thread 2718-09-2026 00:29:34 [38;5;117m[DEBUG]: [0mThis is a debug message from thread 2118-09-2026 00:29:34 [38;5;117m[DEBUG]: [0mThis is a debug message from thread 2218-09-2026 00:29:34 [38;5;009m[ERROR]: [0mThis is a error message from thread 1818-09-2026 00:29:34 [38;5;015m[INFO]: [0mThis is a info message from thread 718-09-2026 00:29:34 [38;5;015m[INFO]: [0mThis is a info message from thread 1518-09-2026 00:29:34 [38;5;117m[DEBUG]: [0mThis is a debug message from thread 2918-09-2026 00:29:34 [38;5;009m[ERROR]: [0mThis is a error message from thread 2018-09-2026 00:29:34 [38;5;009m[ERROR]: [0mThis is a error message from thread 2418-09-2026 00:29:34 [38;5;009m[ERROR]: [0mThis is a error message from thread 318-09-2026 00:29:34 [38;5;009m[ERROR]: [0mThis is a error message from thread 1018-09-2026 00:29:34 [38;5;015m[INFO]: [0mThis is a info message from thread 2218-09-2026 00:29:34 [38;5;015m[INFO]: [0mThis is a info message from thread 2618-09-2026 00:29:34 [38;5;117m[DEBUG]: [0mThis is a debug message from thread 1818-09-2026 00:29:34 [38;5;117m[DEBUG]: [0mThis is a debug message from thread 318-09-2026 00:29:34 [38;5;117m[DEBUG]: [0mThis is a debug message from thread 1218-09-2026 00:29:34 [38;5;117m[DEBUG]: [0mThis is a debug message from thread 1018-09-2026 00:29:34 [38;5;117m[DEBUG]: [0mThis is a debug message from thread 2418-09-2026 00:29:34 [38;5;015m[INFO]: [0mThis is a info message from thread 118-09-2026 00:29:34 [38;5;015m[INFO]: [0mThis is a info message from thread 2418-09-2026 00:29:34 [38;5;009m[ERROR]: [0mThis is a error message from thread 1418-09-2026 00:29:34 [38;5;117m[DEBUG]: [0mThis is a debug message from thread 1618-09-2026 00:29:34 [38;5;117m[DEBUG]: [0mThis is a debug message from thread 1418-09-2026 00:29:34 [38;5;015m[INFO]: [0mThis is a info message from thread 1218-09-2026 00:29:34 [38;5;015m[INFO]: [0mThis is a info message from thread 1618-09-2026 00:29:34 [38;5;009m[ERROR]: [0mThis is a error message from thread 1218-09-2026 00:29:34 [38;5;117m[DEBUG]: [0mThis is a debug message from thread 1918-09-2026 00:29:34 [38;5;015m[INFO]: [0mThis is a info message from thread 018-09-2026 00:29:34 [38;5;009m[ERROR]: [0mThis is a error message from thread 718-09-2026 00:29:34 [38;5;009m[ERROR]: [0mThis is a error message from thread 1618-09-2026 00:29:34 [38;5;009m[ERROR]: [0mThis is a error message from thread 018-09-2026 00:29:34 [38;5;117m[DEBUG]: [0mThis is a debug message from thread 1218-09-2026 00:29:34 [38;5;015m[INFO]: [0mThis is a info message from thread 1918-09-2026 00:29:34 [38;5;117m[DEBUG]: [0mThis is a debug message from thread 718-09-2026 00:29:34 [38;5;117m[DEBUG]: [0mThis is a debug message from thread 1618-09-2026 00:29:34 [38;5;015m[INFO]: [0mThis is a info message from thread 2718-09-2026 00:29:34 [38;5;015m[INFO]: [0mThis is a info message from thread 718-09-2026 00:29:34 [38;5;015m[INFO]: [0mThis is a info message from thread 1618-09-2026 00:29:34 [38;5;009m[ERROR]: [0mThis is a error message from thread 118-09-2026 00:29:34 [38;5;117m[DEBUG]: [0mThis is a debug message from thread 018-09-2026 00:29:34 [38;5;009m[ERROR]: [0mThis is a error message from thread 2718-09-2026 00:29:34 [38;5;009m[ERROR]: [0mThis is a error message from thread 718-09-2026 00:29:34 [38;5;117m[DEBUG]: [0mThis is a debug message from thread 2018-09-2026 00:29:34 [38;5;117m[DEBUG]: [0mThis is a debug message from thread 718-09-2026 00:29:34 [38;5;117m[DEBUG]: [0mThis is a debug message from thread 2718-09-2026 00:29:34 [38;5;015m[INFO]: [0mThis is a info message from thread 2918-09-2026 00:29:34 [38;5;015m[INFO]: [0mThis is a info message from thread 2818-09-2026 00:29:34 [38;5;015m[INFO]: [0mThis is a info message from thread 718-09-2026 00:29:34 [38;5;009m[ERROR]: [0mThis is a error message from thread 2318-09-2026 00:29:34 [38;5;015m[INFO]: [0mThis is a info message from thread 2718-09-2026 00:29:34 [38;5;117m[DEBUG]: [0mThis is a debug message from thread 618-09-2026 00:29:34 [38;5;009m[ERROR]: [0mThis is a error message from thread 718-09-2026 00:29:34 [38;5;117m[DEBUG]: [0mThis is a debug message from thread 2318-09-2026 00:29:34 [38;5;015m[INFO]: [0mThis is a info message from thread 2518-09-2026 00:29:34 [38;5;117m[DEBUG]: [0mThis is a debug message from thread 1318-09-2026 00:29:34 [38;5;117m[DEBUG]: [0mThis is a debug message from thread 118-09-2026 00:29:34 [38;5;009m[ERROR]: [0mThis is a error message from thread 2218-09-2026 00:29:34 [38;5;117m[DEBUG]: [0mThis is a debug message from thread 718-09-2026 00:29:34 [38;5;015m[INFO]: [0mThis is a info message from thread 618-09-2026 00:29:34 [38;5;009m[ERROR]: [0mThis is a error message from thread 2718-09-2026 00:29:34 [38;5;015m[INFO]: [0mThis is a info message from thread 318-09-2026 00:29:34 [38;5;009m[ERROR]: [0mThis is a error message from thread 2918-09-2026 00:29:34 [38;5;009m[ERROR]: [0mThis is a error message from thread 2518-09-2026 00:29:34 [38;5;009m[ERROR]: [0mThis is a error message from thread 2418-09-2026 00:29:34 [38;5;117m[DEBUG]: [0mThis is a debug message from thread 1118-09-2026 00:29:34 [38;5;117m[DEBUG]: [0mThis is a debug message from thread 418-09-2026 00:29:34 [38;5;015m[INFO]: [0mThis is a info message from thread 2118-09-2026 00:29:34 [38;5;015m[INFO]: [0mThis is a info message from thread 018-09-2026 00:29:34 [38;5;015m[INFO]: [0mThis is a info message from thread 2018-09-2026 00:29:34 [38;5;015m[INFO]: [0mThis is a info message from thread 718-09-2026 00:29:34 [38;5;015m[INFO]: [0mThis is a info message from thread 818-09-2026 00:29:34 [38;5;117m[DEBUG]: [0mThis is a debug message from thread 2718-09-2026 00:29:34 [38;5;015m[INFO]: [0mThis is a info message from thread 918-09-2026 00:29:34 [38;5;117m[DEBUG]: [0mThis is a debug message from thread 2518-09-2026 00:29:34 [38;5;015m[INFO]: [0mThis is a info message from thread 1218-09-2026 00:29:34 [38;5;015m[INFO]: [0mThis is a info message from thread 418-09-2026 00:29:34 [38;5;009m[ERROR]: [0mThis is a error message from thread 318-09-2026 00:29:34 [38;5;015m[INFO]: [0mThis is a info message from thread 118-09-2026 00:29:34 [38;5;009m[ERROR]: [0mThis is a error message from thread 718-09-2026 00:29:34 [38;5;009m[ERROR]: [0mThis is a error message from thread 1518-09-2026 00:29:34 [38;5;117m[DEBUG]: [0mThis is a debug message from thread 2418-09-2026 00:29:34 [38;5;009m[ERROR]: [0mThis is a error message from thread 2618-09-2026 00:29:34 [38;5;009m[ERROR]: [0mThis is a error message from thread 418-09-2026 00:29:34 [38;5;117m[DEBUG]: [0mThis is a debug message from thread 2618-09-2026 00:29:34 [38;5;009m[ERROR]: [0mThis is a error message from thread 818-09-2026 00:29:34 [38;5;009m[ERROR]: [0mThis is a error message from thread 2118-09-2026 00:29:34 [38;5;015m[INFO]: [0mThis is a info message from thread 2718-09-2026 00:29:34 [38;5;117m[DEBUG]: [0mThis is a debug message from thread 718-09-2026 00:29:34 [38;5;015m[INFO]: [0mThis is a info message from thread 1318-09-2026 00:29:34 [38;5;015m[INFO]: [0mThis is a info message from thread 2318-09-2026 00:29:34 [38;5;117m[DEBUG]: [0mThis is a debug message from thread 2218-09-2026 00:29:34 [38;5;015m[INFO]: [0mThis is a info message from thread 1818-09-2026 00:29:34 [38;5;117m[DEBUG]: [0mThis is a debug message from thread 2918-09-2026 00:29:34 [38;5;015m[INFO]: [0mThis is a info message from thread 1018-09-2026 00:29:34 [38;5;009m[ERROR]: [0mThis is a error message from thread 2318-09-2026 00:29:34 [38;5;015m[INFO]: [0mThis is a info message from thread 1418-09-2026 00:29:34 [38;5;009m[ERROR]: [0mThis is a error message from thread 1418-09-2026 00:29:34 [38;5;009m[ERROR]: [0mThis is a error message from thread 918-09-2026 00:29:34 [38;5;009m[ERROR]: [0mThis is a error message from thread 2718-09-2026 00:29:34 [38;5;117m[DEBUG]: [0mThis is a debug message from thread 918-09-2026 00:29:34 [38;5;015m[INFO]: [0mThis is a info message from thread 718-09-2026 00:29:34 [38;5;015m[INFO]: [0mThis is a info message from thread 2418-09-2026 00:29:34 [38;5;009m[ERROR]: [0mThis is a error message from thread 718-09-2026 00:29:34 [38;5;015m[INFO]: [0mThis is a info message from thread 2618-09-2026 00:29:34 [38;5;009m[ERROR]: [0mThis is a error message from thread 1618-09-2026 00:29:34 [38;5;009m[ERROR]: [0mThis is a error message from thread 1918-09-2026 00:29:34 [38;5;015m[INFO]: [0mThis is a info message from thread 2518-09-2026 00:29:34 [38;5;009m[ERROR]: [0mThis is a error message from thread 1218-09-2026 00:29:34 [38;5;117m[DEBUG]: [0mThis is a debug message from thread 2718-09-2026 00:29:34 [38;5;117m[DEBUG]: [0mThis is a debug message from thread 1618-09-2026 00:29:34 [38;5;117m[DEBUG]: [0mThis is a debug message from thread 718-09-2026 00:29:34 [38;5;009m[ERROR]: [0mThis is a error message from thread 1318-09-2026 00:29:34 [38;5;015m[INFO]: [0mThis is a info message from thread 718-09-2026 00:29:34 [38;5;009m[ERROR]: [0mThis is a error message from thread 1818-09-2026 00:29:34 [38;5;009m[ERROR]: [0mThis is a error message from thread 2618-09-2026 00:29:34 [38;5;117m[DEBUG]: [0mThis is a debug message from thread 1918-09-2026 00:29:34 [38;5;015m[INFO]: [0mThis is a info message from thread 1118-09-2026 00:29:34 [38;5;015m[INFO]: [0mThis is a info message from thread 918-09-2026 00:29:34 [38;5;009m[ERROR]: [0mThis is a error message from thread 2518-09-2026 00:29:34 [38;5;015m[INFO]: [0mThis is a info message from thread 1618-09-2026 00:29:34 [38;5;009m[ERROR]: [0mThis is a error message from thread 918-09-2026 00:29:34 [38;5;009m[ERROR]: [0mThis is a error message from thread 1618-09-2026 00:29:34 [38;5;015m[INFO]: [0mThis is a info message from thread 2718-09-2026 00:29:34 [38;5;009m[ERROR]: [0mThis is a error message from thread 718-09-2026 00:29:34 [38;5;009m[ERROR]: [0mThis is a error message from thread 1118-09-2026 00:29:34 [38;5;117m[DEBUG]: [0mThis is a debug message from thread 2618-09-2026 00:29:34 [38;5;009m[ERROR]: [0mThis is a error message from thread 1018-09-2026 00:29:34 [38;5;117m[DEBUG]: [0mThis is a debug message from thread 1618-09-2026 00:29:34 [38;5;015m[INFO]: [0mThis is a info message from thread 2918-09-2026 00:29:34 [38;5;009m[ERROR]: [0mThis is a error message from thread 2718-09-2026 00:29:34 [38;5;015m[INFO]: [0mThis is a info message from thread 1918-09-2026 00:29:34 [38;5;015m[INFO]: [0mThis is a info message from thread 2618-09-2026 00:29:34 [38;5;009m[ERROR]: [0mThis is a error message from thread 118-09-2026 00:29:34 [38;5;117m[DEBUG]: [0mThis is a debug message from thread 718-09-2026 00:29:34 [38;5;009m[ERROR]: [0mThis is a error message from thread 2918-09-2026 00:29:34 [38;5;009m[ERROR]: [0mThis is a error message from thread 2618-09-2026 00:29:34 [38;5;015m[INFO]: [0mThis is a info message from thread 2218-09-2026 00:29:34 [38;5;009m[ERROR]: [0mThis is a error message from thread 2018-09-2026 00:29:34 [38;5;117m[DEBUG]: [0mThis is a debug message from thread 1218-09-2026 00:29:34 [38;5;117m[DEBUG]: [0mThis is a debug message from thread 2518-09-2026 00:29:34 [38;5;117m[DEBUG]: [0mThis is a debug message from thread 518-09-2026 00:29:34 [38;5;015m[INFO]: [0mThis is a info message from thread 718-09-2026 00:29:34 [38;5;009m[ERROR]: [0mThis is a error message from thread 2418-09-2026 00:29:34 [38;5;117m[DEBUG]: [0mThis is a debug message from thread 218-09-2026 00:29:34 [38;5;117m[DEBUG]: [0mThis is a debug message from thread 2718-09-2026 00:29:34 [38;5;117m[DEBUG]: [0mThis is a debug message from thread 1518-09-2026 00:29:34 [38;5;117m[DEBUG]: [0mThis is a debug message from thread 1418-09-2026 00:29:34 [38;5;009m[ERROR]: [0mThis is a error message from thread 2218-09-2026 00:29:34 [38;5;117m[DEBUG]: [0mThis is a debug message from thread 818-09-2026 00:29:34 [38;5;015m[INFO]: [0mThis is a info message from thread 1418-09-2026 00:29:34 [38;5;009m[ERROR]: [0mThis is a error message from thread 718-09-2026 00:29:34 [38;5;117m[DEBUG]: [0mThis is a debug message from thread 2418-09-2026 00:29:34 [38;5;117m[DEBUG]: [0mThis is a debug message from thread 2218-09-2026 00:29:34 [38;5;117m[DEBUG]: [0mThis is a debug message from thread 2618-09-2026 00:29:34 [38;5;015m[INFO]: [0mThis is a info message from thread 2518-09-2026 00:29:34 [38;5;009m[ERROR]: [0mThis is a error message from thread 618-09-2026 00:29:34 [38;5;015m[INFO]: [0mThis is a info message from thread 218-09-2026 00:29:34 [38;5;015m[INFO]: [0mThis is a info message from thread 518-09-2026 00:29:34 [38;5;015m[INFO]: [0mThis is a info message from thread 2218-09-2026 00:29:34 [38;5;009m[ERROR]: [0mThis is a error message from thread 1418-09-2026 00:29:34 [38;5;117m[DEBUG]: [0mThis is a debug message from thread 2018-09-2026 00:29:34 [38;5;117m[DEBUG]: [0mThis is a debug message from thread 1318-09-2026 00:29:34 [38;5;117m[DEBUG]: [0mThis is a debug message from thread 918-09-2026 00:29:34 [38;5;009m[ERROR]: [0mThis is a error message from thread 018-09-2026 00:29:34 [38;5;009m[ERROR]: [0mThis is a error message from thread 2218-09-2026 00:29:34 [38;5;015m[INFO]: [0mThis is a info message from thread 918-09-2026 00:29:34 [38;5;117m[DEBUG]: [0mThis is a debug message from thread 2218-09-2026 00:29:34 [38;5;117m[DEBUG]: [0mThis is a debug message from thread 1418-09-2026 00:29:34 [38;5;009m[ERROR]: [0mThis is a error message from thread 2818-09-2026 00:29:34 [38;5;117m[DEBUG]: [0mThis is a debug message from thread 018-09-2026 00:29:34 [38;5;117m[DEBUG]: [0mThis is a debug message from thread 718-09-2026 00:29:34 [38;5;015m[INFO]: [0mThis is a info message from thread 2018-09-2026 00:29:34 [38;5;015m[INFO]: [0mThis is a info message from thread 1518-09-2026 00:29:34 [38;5;015m[INFO]: [0mThis is a info message from thread 018-09-2026 00:29:34 [38;5;117m[DEBUG]: [0mThis is a debug message from thread 318-09-2026 00:29:34 [38;5;117m[DEBUG]: [0mThis is a debug message from thread 618-09-2026 00:29:34 [38;5;015m[INFO]: [0mThis is a info message from thread 2218-09-2026 00:29:34 [38;5;015m[INFO]: [0mThis is a info message from thread 2618-09-2026 00:29:34 [38;5;009m[ERROR]: [0mThis is a error message from thread 1518-09-2026 00:29:34 [38;5;117m[DEBUG]: [0mThis is a debug message from thread 2818-09-2026 00:29:34 [38;5;009m[ERROR]: [0mThis is a error message from thread 2218-09-2026 00:29:34 [38;5;009m[ERROR]: [0mThis is a error message from thread 2018-09-2026 00:29:34 [38;5;009m[ERROR]: [0mThis is a error message from thread 018-09-2026 00:29:34 [38;5;015m[INFO]: [0mThis is a info message from thread 718-09-2026 00:29:34 [38;5;117m[DEBUG]: [0mThis is a debug message from thread 1518-09-2026 00:29:34 [38;5;015m[INFO]: [0mThis is a info message from thread 818-09-2026 00:29:34 [38;5;117m[DEBUG]: [0mThis is a debug message from thread 2318-09-2026 00:29:34 [38;5;009m[ERROR]: [0mThis is a error message from thread 518-09-2026 00:29:34 [38;5;009m[ERROR]: [0mThis is a error message from thread 718-09-2026 00:29:34 [38;5;117m[DEBUG]: [0mThis is a debug message from thread 2218-09-2026 00:29:34 [38;5;015m[INFO]: [0mThis is a info message from thread 2318-09-2026 00:29:34 [38;5;015m[INFO]: [0mThis is a info message from thread 618-09-2026 00:29:34 [38;5;117m[DEBUG]: [0mThis is a debug message from thread 018-09-2026 00:29:34 [38;5;015m[INFO]: [0mThis is a info message from thread 1518-09-2026 00:29:34 [38;5;117m[DEBUG]: [0mThis is a debug message from thread 718-09-2026 00:29:34 [38;5;015m[INFO]: [0mThis is a info message from thread 318-09-2026 00:29:34 [38;5;015m[INFO]: [0mThis is a info message from thread 2218-09-2026 00:29:34 [38;5;009m[ERROR]: [0mThis is a error message from thread 618-09-2026 00:29:34 [38;5;015m[INFO]: [0mThis is a info message from thread 018-09-2026 00:29:34 [38;5;009m[ERROR]: [0mThis is a error message from thread 2318-09-2026 00:29:34 [38;5;015m[INFO]: [0mThis is a info message from thread 718-09-2026 00:29:34 [38;5;009m[ERROR]: [0mThis is a error message from thread 2618-09-2026 00:29:34 [38;5;117m[DEBUG]: [0mThis is a debug message from thread 2118-09-2026 00:29:34 [38;5;009m[ERROR]: [0mThis is a error message from thread 1918-09-2026 00:29:34 [38;5;009m[ERROR]: [0mThis is a error message from thread 718-09-2026 00:29:34 [38;5;009m[ERROR]: [0mThis is a error message from thread 318-09-2026 00:29:34 [38;5;117m[DEBUG]: [0mThis is a debug message from thread 1018-09-2026 00:29:34 [38;5;117m[DEBUG]: [0mThis is a debug message from thread 2918-09-2026 00:29:34 [38;5;015m[INFO]: [0mThis is a info message from thread 1618-09-2026 00:29:34 [38;5;009m[ERROR]: [0mThis is a error message from thread 018-09-2026 00:29:34 [38;5;015m[INFO]: [0mThis is a info message from thread 2118-09-2026 00:29:34 [38;5;117m[DEBUG]: [0mThis is a debug message from thread 018-09-2026 00:29:34 [38;5;117m[DEBUG]: [0mThis is a debug message from thread 618-09-2026 00:29:34 [38;5;117m[DEBUG]: [0mThis is a debug message from thread 2618-09-2026 00:29:34 [38;5;117m[DEBUG]: [0mThis is a debug message from thread 1918-09-2026 00:29:34 [38;5;117m[DEBUG]: [0mThis is a debug message from thread 518-09-2026 00:29:34 [38;5;015m[INFO]: [0mThis is a info message from thread 2918-09-2026 00:29:34 [38;5;015m[INFO]: [0mThis is a info message from thread 2718-09-2026 00:29:34 [38;5;009m[ERROR]: [0mThis is a error message from thread 1518-09-2026 00:29:34 [38;5;009m[ERROR]: [0mThis is a error message from thread 2518-09-2026 00:29:34 [38;5;015m[INFO]: [0mThis is a info message from thread 1918-09-2026 00:29:34 [38;5;015m[INFO]: [0mThis is a info message from thread 1018-09-2026 00:29:34 [38;5;015m[INFO]: [0mThis is a info message from thread 2618-09-2026 00:29:34 [38;5;117m[DEBUG]: [0mThis is a debug message from thread 718-09-2026 00:29:34 [38;5;015m[INFO]: [0mThis is a info message from thread 718-09-2026 00:29:34 [38;5;009m[ERROR]: [0mThis is a error message from thread 1918-09-2026 00:29:34 [38;5;117m[DEBUG]: [0mThis is a debug message from thread 118-09-2026 00:29:34 [38;5;009m[ERROR]: [0mThis is a error message from thread 1018-09-2026 00:29:34 [38;5;117m[DEBUG]: [0mThis is a debug message from thread 1118-09-2026 00:29:34 [38;5;117m[DEBUG]: [0mThis is a debug message from thread 2518-09-2026 00:29:34 [38;5;015m[INFO]: [0mThis is a info message from thread 018-09-2026 00:29:34 [38;5;009m[ERROR]: [0mThis is a error message from thread 718-09-2026 00:29:34 [38;5;117m[DEBUG]: [0mThis is a debug message from thread 1518-09-2026 00:29:34 [38;5;009m[ERROR]: [0mThis is a error message from thread 018-09-2026 00:29:34 [38;5;015m[INFO]: [0mThis is a info message from thread 118-09-2026 00:29:34 [38;5;015m[INFO]: [0mThis is a info message from thread 1118-09-2026 00:29:34 [38;5;015m[INFO]: [0mThis is a info message from thread 2518-09-2026 00:29:34 [38;5;015m[INFO]: [0mThis is a info message from thread 2418-09-2026 00:29:34 [38;5;117m[DEBUG]: [0mThis is a debug message from thread 1718-09-2026 00:29:34 [38;5;117m[DEBUG]: [0mThis is a debug message from thread 018-09-2026 00:29:34 [38;5;009m[ERROR]: [0mThis is a error message from thread 2618-09-2026 00:29:34 [38;5;015m[INFO]: [0mThis is a info message from thread 2818-09-2026 00:29:34 [38;5;009m[ERROR]: [0mThis is a error message from thread 2718-09-2026 00:29:34 [38;5;009m[ERROR]: [0mThis is a error message from thread 1618-09-2026 00:29:34 [38;5;117m[DEBUG]: [0mThis is a debug message from thread 1018-09-2026 00:29:34 [38;5;117m[DEBUG]: [0mThis is a debug message from thread 718-09-2026 00:29:34 [38;5;009m[ERROR]: [0mThis is a error message from thread 2518-09-2026 00:29:34 [38;5;009m[ERROR]: [0mThis is a error message from thread 218-09-2026 00:29:34 [38;5;009m[ERROR]: [0mThis is a error message from thread 2418-09-2026 00:29:34 [38;5;015m[INFO]: [0mThis is a info message from thread 1518-09-2026 00:29:34 [38;5;009m[ERROR]: [0mThis is a error message from thread 818-09-2026 00:29:34 [38;5;117m[DEBUG]: [0mThis is a debug message from thread 2518-09-2026 00:29:34 [38;5;117m[DEBUG]: [0mThis is a debug message from thread 2418-09-2026 00:29:34 [38;5;009m[ERROR]: [0mThis is a error message from thread 918-09-2026 00:29:34 [38;5;009m[ERROR]: [0mThis is a error message from thread 2818-09-2026 00:29:34 [38;5;117m[DEBUG]: [0mThis is a debug message from thread 218-09-2026 00:29:34 [38;5;015m[INFO]: [0mThis is a info message from thread 2518-09-2026 00:29:34 [38;5;117m[DEBUG]: [0mThis is a debug message from thread 818-09-2026 00:29:34 [38;5;117m[DEBUG]: [0mThis is a debug message from thread 918-09-2026 00:29:34 [38;5;117m[DEBUG]: [0mThis is a debug message from thread 1618-09-2026 00:29:34 [38;5;015m[INFO]: [0mThis is a info message from thread 018-09-2026 00:29:34 [38;5;015m[INFO]: [0mThis is a info message from thread 718-09-2026 00:29:34 [38;5;015m[INFO]: [0mThis is a info message from thread 1418-09-2026 00:29:34 [38;5;009m[ERROR]: [0mThis is a error message from thread 2118-09-2026 00:29:34 [38;5;015m[INFO]: [0mThis is a info message from thread 2418-09-2026 00:29:34 [38;5;117m[DEBUG]: [0mThis is a debug message from thread 2718-09-2026 00:29:34 [38;5;117m[DEBUG]: [0mThis is a debug message from thread 2818-09-2026 00:29:34 [38;5;015m[INFO]: [0mThis is a info message from thread 218-09-2026 00:29:34 [38;5;015m[INFO]: [0mThis is a info message from thread 1018-09-2026 00:29:34 [38;5;015m[INFO]: [0mThis is a info message from thread 918-09-2026 00:29:34 [38;5;117m[DEBUG]: [0mThis is a debug message from thread 418-09-2026 00:29:34 [38;5;015m[INFO]: [0mThis is a info message from thread 418-09-2026 00:29:34 [38;5;009m[ERROR]: [0mThis is a error message from thread 418-09-2026 00:29:34 [38;5;015m[INFO]: [0mThis is a info message from thread 2818-09-2026 00:29:34 [38;5;009m[ERROR]: [0mThis is a error message from thread 918-09-2026 00:29:34 [38;5;009m[ERROR]: [0mThis is a error message from thread 2518-09-2026 00:29:34 [38;5;117m[DEBUG]: [0mThis is a debug message from thread 918-09-2026 00:29:34 [38;5;117m[DEBUG]: [0mThis is a debug message from thread 418-09-2026 00:29:34 [38;5;009m[ERROR]: [0mThis is a error message from thread 218-09-2026 00:29:34 [38;5;009m[ERROR]: [0mThis is a error message from thread 2818-09-2026 00:29:34 [38;5;015m[INFO]: [0mThis is a info message from thread 418-09-2026 00:29:34 [38;5;117m[DEBUG]: [0mThis is a debug message from thread 2018-09-2026 00:29:34 [38;5;009m[ERROR]: [0mThis is a error message from thread 1418-09-2026 00:29:34 [38;5;117m[DEBUG]: [0mThis is a debug message from thread 218-09-2026 00:29:34 [38;5;117m[DEBUG]: [0mThis is a debug message from thread 2818-09-2026 00:29:34 [38;5;009m[ERROR]: [0mThis is a error message from thread 018-09-2026 00:29:34 [38;5;117m[DEBUG]: [0mThis is a debug message from thread 2518-09-2026 00:29:34 [38;5;015m[INFO]: [0mThis is a info message from thread 818-09-2026 00:29:34 [38;5;015m[INFO]: [0mThis is a info message from thread 918-09-2026 00:29:34 [38;5;009m[ERROR]: [0mThis is a error message from thread 2218-09-2026 00:29:34 [38;5;015m[INFO]: [0mThis is a info message from thread 2718-09-2026 00:29:34 [38;5;117m[DEBUG]: [0mThis is a debug message from thread 2118-09-2026 00:29:34 [38;5;015m[INFO]: [0mThis is a info message from thread 218-09-2026 00:29:34 [38;5;015m[INFO]: [0mThis is a info message from thread 2818-09-2026 00:29:34 [38;5;117m[DEBUG]: [0mThis is a debug message from thread 2318-09-2026 00:29:34 [38;5;009m[ERROR]: [0mThis is a error message from thread 1018-09-2026 00:29:34 [38;5;009m[ERROR]: [0mThis is a error message from thread 218-09-2026 00:29:34 [38;5;009m[ERROR]: [0mThis is a error message from thread 2818-09-2026 00:29:34 [38;5;015m[INFO]: [0mThis is a info message from thread 1618-09-2026 00:29:34 [38;5;015m[INFO]: [0mThis is a info message from thread 1218-09-2026 00:29:34 [38;5;015m[INFO]: [0mThis is a info message from thread 2518-09-2026 00:29:34 [38;5;117m[DEBUG]: [0mThis is a debug message from thread 2818-09-2026 00:29:34 [38;5;015m[INFO]: [0mThis is a info message from thread 2318-09-2026 00:29:34 [38;5;009m[ERROR]: [0mThis is a error message from thread 818-09-2026 00:29:34 [38;5;015m[INFO]: [0mThis is a info message from thread 2818-09-2026 00:29:34 [38;5;117m[DEBUG]: [0mThis is a debug message from thread 018-09-2026 00:29:34 [38;5;015m[INFO]: [0mThis is a info message from thread 2118-09-2026 00:29:34 [38;5;009m[ERROR]: [0mThis is a error message from thread 118-09-2026 00:29:34 [38;5;009m[ERROR]: [0mThis is a error message from thread 1618-09-2026 00:29:34 [38;5;009m[ERROR]: [0mThis is a error message from thread 718-09-2026 00:29:34 [38;5;117m[DEBUG]: [0mThis is a debug message from thread 1018-09-2026 00:29:34 [38;5;009m[ERROR]: [0mThis is a error message from thread 1518-09-2026 00:29:34 [38;5;009m[ERROR]: [0mThis is a error message from thread 2718-09-2026 00:29:34 [38;5;117m[DEBUG]: [0mThis is a debug message from thread 818-09-2026 00:29:34 [38;5;015m[INFO]: [0mThis is a info message from thread 2018-09-2026 00:29:34 [38;5;009m[ERROR]: [0mThis is a error message from thread 2518-09-2026 00:29:34 [38;5;117m[DEBUG]: [0mThis is a debug message from thread 1418-09-2026 00:29:34 [38;5;015m[INFO]: [0mThis is a info message from thread 018-09-2026 00:29:34 [38;5;009m[ERROR]: [0mThis is a error message from thread 918-09-2026 00:29:34 [38;5;117m[DEBUG]: [0mThis is a debug message from thread 2218-09-2026 00:29:34 [38;5;009m[ERROR]: [0mThis is a error message from thread 018-09-2026 00:29:34 [38;5;117m[DEBUG]: [0mThis is a debug message from thread 2518-09-2026 00:29:34 [38;5;015m[INFO]: [0mThis is a info message from thread 1418-09-2026 00:29:34 [38;5;117m[DEBUG]: [0mThis is a debug message from thread 118-09-2026 00:29:34 [38;5;015m[INFO]: [0mThis is a info message from thread 2518-09-2026 00:29:34 [38;5;015m[INFO]: [0mThis is a info message from thread 2218-09-2026 00:29:34 [38;5;117m[DEBUG]: [0mThis is a debug message from thread 1518-09-2026 00:29:34 [38;5;009m[ERROR]: [0mThis is a error message from thread 2018-09-2026 00:29:34 [38;5;009m[ERROR]: [0mThis is a error message from thread 1418-09-2026 00:29:34 [38;5;015m[INFO]: [0mThis is a info message from thread 118-09-2026 00:29:34 [38;5;117m[DEBUG]: [0mThis is a debug message from thread 018-09-2026 00:29:34 [38;5;009m[ERROR]: [0mThis is a error message from thread 2518-09-2026 00:29:34 [38;5;015m[INFO]: [0mThis is a info message from thread 1518-09-2026 00:29:34 [38;5;117m[DEBUG]: [0mThis is a debug message from thread 2018-09-2026 00:29:34 [38;5;015m[INFO]: [0mThis is a info message from thread 2018-09-2026 00:29:34 [38;5;015m[INFO]: [0mThis is a info message from thread 018-09-2026 00:29:34 [38;5;009m[ERROR]: [0mThis is a error message from thread 1518-09-2026 00:29:34 [38;5;117m[DEBUG]: [0mThis is a debug message from thread 1418-09-2026 00:29:34 [38;5;009m[ERROR]: [0mThis is a error message from thread 2818-09-2026 00:29:34 [38;5;117m[DEBUG]: [0mThis is a debug message from thread 2718-09-2026 00:29:34 [38;5;117m[DEBUG]: [0mThis is a debug message from thread 2518-09-2026 00:29:34 [38;5;015m[INFO]: [0mThis is a info message from thread 518-09-2026 00:29:34 [38;5;009m[ERROR]: [0mThis is a error message from thread 018-09-2026 00:29:34 [38;5;117m[DEBUG]: [0mThis is a debug message from thread 018-09-2026 00:29:34 [38;5;117m[DEBUG]: [0mThis is a debug message from thread 1518-09-2026 00:29:34 [38;5;015m[INFO]: [0mThis is a info message from thread 018-09-2026 00:29:34 [38;5;009m[ERROR]: [0mThis is a error message from thread 018-09-2026 00:29:34 [38;5;117m[DEBUG]: [0mThis is a debug message from thread 018-09-2026 00:29:34 [38;5;009m[ERROR]: [0mThis is a error message from thread 2318-09-2026 00:29:34 [38;5;009m[ERROR]: [0mThis is a error message from thread 518-09-2026 00:29:34 [38;5;117m[DEBUG]: [0mThis is a debug message from thread 218-09-2026 00:29:34 [38;5;015m[INFO]: [0mThis is a info message from thread 1518-09-2026 00:29:34 [38;5;015m[INFO]: [0mThis is a info message from thread 018-09-2026 00:29:34 [38;5;117m[DEBUG]: [0mThis is a debug message from thread 2318-09-2026 00:29:34 [38;5;009m[ERROR]: [0mThis is a error message from thread 1218-09-2026 00:29:34 [38;5;117m[DEBUG]: [0mThis is a debug message from thread 2818-09-2026 00:29:34 [38;5;015m[INFO]: [0mThis is a info message from thread 2518-09-2026 00:29:34 [38;5;009m[ERROR]: [0mThis is a error message from thread 2118-09-2026 00:29:34 [38;5;009m[ERROR]: [0mThis is a error message from thread 1118-09-2026 00:29:34 [38;5;015m[INFO]: [0mThis is a info message from thread 218-09-2026 00:29:34 [38;5;117m[DEBUG]: [0mThis is a debug message from thread 718-09-2026 00:29:34 [38;5;117m[DEBUG]: [0mThis is a debug message from thread 518-09-2026 00:29:34 [38;5;117m[DEBUG]: [0mThis is a debug message from thread 1618-09-2026 00:29:34 [38;5;009m[ERROR]: [0mThis is a error message from thread 2518-09-2026 00:29:34 [38;5;009m[ERROR]: [0mThis is a error message from thread 118-09-2026 00:29:34 [38;5;015m[INFO]: [0mThis is a info message from thread 2318-09-2026 00:29:34 [38;5;117m[DEBUG]: [0mThis is a debug message from thread 1118-09-2026 00:29:34 [38;5;015m[INFO]: [0mThis is a info message from thread 2818-09-2026 00:29:34 [38;5;015m[INFO]: [0mThis is a info message from thread 618-09-2026 00:29:34 [38;5;009m[ERROR]: [0mThis is a error message from thread 2418-09-2026 00:29:34 [38;5;015m[INFO]: [0mThis is a info message from thread 718-09-2026 00:29:34 [38;5;015m[INFO]: [0mThis is a info message from thread 818-09-2026 00:29:34 [38;5;015m[INFO]: [0mThis is a info message from thread 1318-09-2026 00:29:34 [38;5;009m[ERROR]: [0mThis is a error message from thread 2818-09-2026 00:29:34 [38;5;009m[ERROR]: [0mThis is a error message from thread 2018-09-2026 00:29:34 [38;5;009m[ERROR]: [0mThis is a error message from thread 1518-09-2026 00:29:34 [38;5;009m[ERROR]: [0mThis is a error message from thread 2218-09-2026 00:29:34 [38;5;009m[ERROR]: [0mThis is a error message from thread 2918-09-2026 00:29:34 [38;5;117m[DEBUG]: [0mThis is a debug message from thread 2118-09-2026 00:29:34 [38;5;009m[ERROR]: [0mThis is a error message from thread 618-09-2026 00:29:34 [38;5;015m[INFO]: [0mThis is a info message from thread 1618-09-2026 00:29:34 [38;5;117m[DEBUG]: [0mThis is a debug message from thread 118-09-2026 00:29:34 [38;5;117m[DEBUG]: [0mThis is a debug message from thread 2818-09-2026 00:29:34 [38;5;117m[DEBUG]: [0mThis is a debug message from thread 2918-09-2026 00:29:34 [38;5;117m[DEBUG]: [0mThis is a debug message from thread 1918-09-2026 00:29:34 [38;5;117m[DEBUG]: [0mThis is a debug message from thread 318-09-2026 00:29:34 [38;5;015m[INFO]: [0mThis is a info message from thread 118-09-2026 00:29:34 [38;5;009m[ERROR]: [0mThis is a error message from thread 018-09-2026 00:29:34 [38;5;117m[DEBUG]: [0mThis is a debug message from thread 2418-09-2026 00:29:34 [38;5;009m[ERROR]: [0mThis is a error message from thread 818-09-2026 00:29:34 [38;5;015m[INFO]: [0mThis is a info message from thread 1718-09-2026 00:29:34 [38;5;117m[DEBUG]: [0mThis is a debug message from thread 618-09-2026 00:29:34 [38;5;009m[ERROR]: [0mThis is a error message from thread 718-09-2026 00:29:34 [38;5;117m[DEBUG]: [0mThis is a debug message from thread 1518-09-2026 00:29:34 [38;5;015m[INFO]: [0mThis is a info message from thread 318-09-2026 00:29:34 [38;5;015m[INFO]: [0mThis is a info message from thread 2818-09-2026 00:29:34 [38;5;117m[DEBUG]: [0mThis is a debug message from thread 2618-09-2026 00:29:34 [38;5;117m[DEBUG]: [0mThis is a debug message from thread 018-09-2026 00:29:34 [38;5;009m[ERROR]: [0mThis is a error message from thread 318-09-2026 00:29:34 [38;5;015m[INFO]: [0mThis is a info message from thread 618-09-2026 00:29:34 [38;5;117m[DEBUG]: [0mThis is a debug message from thread 1818-09-2026 00:29:34 [38;5;117m[DEBUG]: [0mThis is a debug message from thread 2218-09-2026 00:29:34 [38;5;117m[DEBUG]: [0mThis is a debug message from thread 1218-09-2026 00:29:34 [38;5;015m[INFO]: [0mThis is a info message from thread 2718-09-2026 00:29:34 [38;5;009m[ERROR]: [0mThis is a error message from thread 2718-09-2026 00:29:34 [38;5;015m[INFO]: [0mThis is a info message from thread 2418-09-2026 00:29:34 [38;5;015m[INFO]: [0mThis is a info message from thread 1218-09-2026 00:29:34 [38;5;015m[INFO]: [0mThis is a info message from thread 1118-09-2026 00:29:34 [38;5;009m[ERROR]: [0mThis is a error message from thread 618-09-2026 00:29:34 [38;5;015m[INFO]: [0mThis is a info message from thread 518-09-2026 00:29:34 [38;5;117m[DEBUG]: [0mThis is a debug message from thread 918-09-2026 00:29:34 [38;5;015m[INFO]: [0mThis is a info message from thread 918-09-2026 00:29:34 [38;5;015m[INFO]: [0mThis is a info message from thread 2218-09-2026 00:29:34 [38;5;015m[INFO]: [0mThis is a info message from thread 1418-09-2026 00:29:34 [38;5;015m[INFO]: [0mThis is a info message from thread 018-09-2026 00:29:34 [38;5;009m[ERROR]: [0mThis is a error message from thread 1118-09-2026 00:29:34 [38;5;015m[INFO]: [0mThis is a info message from thread 1818-09-2026 00:29:34 [38;5;117m[DEBUG]: [0mThis is a debug message from thread 2518-09-2026 00:29:34 [38;5;117m[DEBUG]: [0mThis is a debug message from thread 818-09-2026 00:29:34 [38;5;117m[DEBUG]: [0mThis is a debug message from thread 2718-09-2026 00:29:34 [38;5;009m[ERROR]: [0mThis is a error message from thread 2218-09-2026 00:29:34 [38;5;009m[ERROR]: [0mThis is a error message from thread 018-09-2026 00:29:34 [38;5;009m[ERROR]: [0mThis is a error message from thread 518-09-2026 00:29:34 [38;5;015m[INFO]: [0mThis is a info message from thread 2518-09-2026 00:29:34 [38;5;117m[DEBUG]: [0mThis is a debug message from thread 1118-09-2026 00:29:34 [38;5;117m[DEBUG]: [0mThis is a debug message from thread 618-09-2026 00:29:34 [38;5;009m[ERROR]: [0mThis is a error message from thread 918-09-2026 00:29:34 [38;5;015m[INFO]: [0mThis is a info message from thread 2718-09-2026 00:29:34 [38;5;009m[ERROR]: [0mThis is a error message from thread 1418-09-2026 00:29:34 [38;5;015m[INFO]: [0mThis is a info message from thread 618-09-2026 00:29:34 [38;5;009m[ERROR]: [0mThis is a error message from thread 1718-09-2026 00:29:34 [38;5;009m[ERROR]: [0mThis is a error message from thread 2718-09-2026 00:29:34 [38;5;117m[DEBUG]: [0mThis is a debug message from thread 518-09-2026 00:29:34 [38;5;015m[INFO]: [0mThis is a info message from thread 2118-09-2026 00:29:34 [38;5;117m[DEBUG]: [0mThis is a debug message from thread 1718-09-2026 00:29:34 [38;5;009m[ERROR]: [0mThis is a error message from thread 618-09-2026 00:29:34 [38;5;015m[INFO]: [0mThis is a info message from thread 518-09-2026 00:29:34 [38;5;117m[DEBUG]: [0mThis is a debug message from thread 918-09-2026 00:29:34 [38;5;015m[INFO]: [0mThis is a info message from thread 1918-09-2026 00:29:34 [38;5;015m[INFO]: [0mThis is a info message from thread 1518-09-2026 00:29:34 [38;5;009m[ERROR]: [0mThis is a error message from thread 2518-09-2026 00:29:34 [38;5;117m[DEBUG]: [0mThis is a debug message from thread 718-09-2026 00:29:34 [38;5;117m[DEBUG]: [0mThis is a debug message from thread 1418-09-2026 00:29:34 [38;5;015m[INFO]: [0mThis is a info message from thread 1118-09-2026 00:29:34 [38;5;015m[INFO]: [0mThis is a info message from thread 2918-09-2026 00:29:34 [38;5;117m[DEBUG]: [0mThis is a debug message from thread 2018-09-2026 00:29:34 [38;5;015m[INFO]: [0mThis is a info message from thread 2018-09-2026 00:29:34 [38;5;117m[DEBUG]: [0mThis is a debug message from thread 2218-09-2026 00:29:34 [38;5;009m[ERROR]: [0mThis is a error message from thread 518-09-2026 00:29:34 [38;5;015m[INFO]: [0mThis is a info message from thread 2218-09-2026 00:29:34 [38;5;015m[INFO]: [0mThis is a info message from thread 1418-09-2026 00:29:34 [38;5;009m[ERROR]: [0mThis is a error message from thread 2918-09-2026 00:29:34 [38;5;009m[ERROR]: [0mThis is a error message from thread 1818-09-2026 00:29:34 [38;5;009m[ERROR]: [0mThis is a error message from thread 1918-09-2026 00:29:34 [38;5;015m[INFO]: [0mThis is a info message from thread 918-09-2026 00:29:34 [38;5;117m[DEBUG]: [0mThis is a debug message from thread 518-09-2026 00:29:34 [38;5;009m[ERROR]: [0mThis is a error message from thread 918-09-2026 00:29:34 [38;5;117m[DEBUG]: [0mThis is a debug message from thread 2918-09-2026 00:29:34 [38;5;117m[DEBUG]: [0mThis is a debug message from thread 318-09-2026 00:29:34 [38;5;015m[INFO]: [0mThis is a info message from thread 518-09-2026 00:29:34 [38;5;117m[DEBUG]: [0mThis is a debug message from thread 918-09-2026 00:29:34 [38;5;009m[ERROR]: [0mThis is a error message from thread 118-09-2026 00:29:34 [38;5;015m[INFO]: [0mThis is a info message from thread 1718-09-2026 00:29:34 [38;5;009m[ERROR]: [0mThis is a error message from thread 1418-09-2026 00:29:34 [38;5;009m[ERROR]: [0mThis is a error message from thread 518-09-2026 00:29:34 [38;5;117m[DEBUG]: [0mThis is a debug message from thread 018-09-2026 00:29:34 [38;5;117m[DEBUG]: [0mThis is a debug message from thread 1418-09-2026 00:29:34 [38;5;015m[INFO]: [0mThis is a info message from thread 818-09-2026 00:29:34 [38;5;117m[DEBUG]: [0mThis is a debug message from thread 118-09-2026 00:29:34 [38;5;015m[INFO]: [0mThis is a info message from thread 918-09-2026 00:29:34 [38;5;015m[INFO]: [0mThis is a info message from thread 018-09-2026 00:29:34 [38;5;117m[DEBUG]: [0mThis is a debug message from thread 1918-09-2026 00:29:34 [38;5;015m[INFO]: [0mThis is a info message from thread 1418-09-2026 00:29:34 [38;5;009m[ERROR]: [0mThis is a error message from thread 1318-09-2026 00:29:34 [38;5;015m[INFO]: [0mThis is a info message from thread 2918-09-2026 00:29:34 [38;5;009m[ERROR]: [0mThis is a error message from thread 018-09-2026 00:29:34 [38;5;117m[DEBUG]: [0mThis is a debug message from thread 518-09-2026 00:29:34 [38;5;015m[INFO]: [0mThis is a info message from thread 318-09-2026 00:29:34 [38;5;009m[ERROR]: [0mThis is a error message from thread 2218-09-2026 00:29:34 [38;5;009m[ERROR]: [0mThis is a error message from thread 1518-09-2026 00:29:34 [38;5;009m[ERROR]: [0mThis is a error message from thread 2918-09-2026 00:29:34 [38;5;015m[INFO]: [0mThis is a info message from thread 718-09-2026 00:29:34 [38;5;009m[ERROR]: [0mThis is a error message from thread 918-09-2026 00:29:34 [38;5;015m[INFO]: [0mThis is a info message from thread 518-09-2026 00:29:34 [38;5;015m[INFO]: [0mThis is a info message from thread 1918-09-2026 00:29:34 [38;5;117m[DEBUG]: [0mThis is a debug message from thread 018-09-2026 00:29:34 [38;5;009m[ERROR]: [0mThis is a error message from thread 1418-09-2026 00:29:34 [38;5;015m[INFO]: [0mThis is a info message from thread 018-09-2026 00:29:34 [38;5;117m[DEBUG]: [0mThis is a debug message from thread 618-09-2026 00:29:34 [38;5;009m[ERROR]: [0mThis is a error message from thread 018-09-2026 00:29:34 [38;5;117m[DEBUG]: [0mThis is a debug message from thread 918-09-2026 00:29:34 [38;5;009m[ERROR]: [0mThis is a error message from thread 518-09-2026 00:29:34 [38;5;015m[INFO]: [0mThis is a info message from thread 918-09-2026 00:29:34 [38;5;117m[DEBUG]: [0mThis is a debug message from thread 1418-09-2026 00:29:34 [38;5;117m[DEBUG]: [0mThis is a debug message from thread 518-09-2026 00:29:34 [38;5;117m[DEBUG]: [0mThis is a debug message from thread 018-09-2026 00:29:34 [38;5;009m[ERROR]: [0mThis is a error message from thread 1918-09-2026 00:29:34 [38;5;015m[INFO]: [0mThis is a info message from thread 618-09-2026 00:29:34 [38;5;009m[ERROR]: [0mThis is a error message from thread 2018-09-2026 00:29:34 [38;5;117m[DEBUG]: [0mThis is a debug message from thread 2518-09-2026 00:29:34 [38;5;009m[ERROR]: [0mThis is a error message from thread 918-09-2026 00:29:34 [38;5;015m[INFO]: [0mThis is a info message from thread 518-09-2026 00:29:34 [38;5;117m[DEBUG]: [0mThis is a debug message from thread 1918-09-2026 00:29:34 [38;5;015m[INFO]: [0mThis is a info message from thread 1418-09-2026 00:29:34 [38;5;009m[ERROR]: [0mThis is a error message from thread 1218-09-2026 00:29:34 [38;5;117m[DEBUG]: [0mThis is a debug message from thread 2218-09-2026 00:29:34 [38;5;117m[DEBUG]: [0mThis is a debug message from thread 1818-09-2026 00:29:34 [38;5;117m[DEBUG]: [0mThis is a debug message from thread 918-09-2026 00:29:34 [38;5;117m[DEBUG]: [0mThis is a debug message from thread 1518-09-2026 00:29:34 [38;5;015m[INFO]: [0mThis is a info message from thread 1018-09-2026 00:29:34 [38;5;009m[ERROR]: [0mThis is a error message from thread 618-09-2026 00:29:34 [38;5;009m[ERROR]: [0mThis is a error message from thread 518-09-2026 00:29:34 [38;5;015m[INFO]: [0mThis is a info message from thread 1818-09-2026 00:29:34 [38;5;009m[ERROR]: [0mThis is a error message from thread 718-09-2026 00:29:34 [38;5;009m[ERROR]: [0mThis is a error message from thread 1118-09-2026 00:29:34 [38;5;009m[ERROR]: [0mThis is a error message from thread 1018-09-2026 00:29:34 [38;5;117m[DEBUG]: [0mThis is a debug message from thread 2718-09-2026 00:29:34 [38;5;015m[INFO]: [0mThis is a info message from thread 918-09-2026 00:29:34 [38;5;009m[ERROR]: [0mThis is a error message from thread 218-09-2026 00:29:34 [38;5;009m[ERROR]: [0mThis is a error message from thread 818-09-2026 00:29:34 [38;5;009m[ERROR]: [0mThis is a error message from thread 2818-09-2026 00:29:34 [38;5;015m[INFO]: [0mThis is a info message from thread 2718-09-2026 00:29:34 [38;5;015m[INFO]: [0mThis is a info message from thread 1918-09-2026 00:29:34 [38;5;009m[ERROR]: [0mThis is a error message from thread 1718-09-2026 00:29:34 [38;5;117m[DEBUG]: [0mThis is a debug message from thread 518-09-2026 00:29:34 [38;5;009m[ERROR]: [0mThis is a error message from thread 918-09-2026 00:29:34 [38;5;009m[ERROR]: [0mThis is a error message from thread 1618-09-2026 00:29:34 [38;5;015m[INFO]: [0mThis is a info message from thread 2218-09-2026 00:29:34 [38;5;117m[DEBUG]: [0mThis is a debug message from thread 1018-09-2026 00:29:34 [38;5;117m[DEBUG]: [0mThis is a debug message from thread 1218-09-2026 00:29:34 [38;5;117m[DEBUG]: [0mThis is a debug message from thread 718-09-2026 00:29:34 [38;5;015m[INFO]: [0mThis is a info message from thread 1218-09-2026 00:29:34 [38;5;009m[ERROR]: [0mThis is a error message from thread 1818-09-2026 00:29:34 [38;5;117m[DEBUG]: [0mThis is a debug message from thread 1718-09-2026 00:29:34 [38;5;015m[INFO]: [0mThis is a info message from thread 2618-09-2026 00:29:34 [38;5;117m[DEBUG]: [0mThis is a debug message from thread 1318-09-2026 00:29:34 [38;5;009m[ERROR]: [0mThis is a error message from thread 1218-09-2026 00:29:34 [38;5;009m[ERROR]: [0mThis is a error message from thread 2118-09-2026 00:29:34 [38;5;117m[DEBUG]: [0mThis is a debug message from thread 1118-09-2026 00:29:34 [38;5;015m[INFO]: [0mThis is a info message from thread 2518-09-2026 00:29:34 [38;5;117m[DEBUG]: [0mThis is a debug message from thread 618-09-2026 00:29:34 [38;5;117m[DEBUG]: [0mThis is a debug message from thread 1218-09-2026 00:29:34 [38;5;015m[INFO]: [0mThis is a info message from thread 1718-09-2026 00:29:34 [38;5;009m[ERROR]: [0mThis is a error message from thread 1718-09-2026 00:29:34 [38;5;015m[INFO]: [0mThis is a info message from thread 1118-09-2026 00:29:34 [38;5;117m[DEBUG]: [0mThis is a debug message from thread 1718-09-2026 00:29:34 [38;5;015m[INFO]: [0mThis is a info message from thread 018-09-2026 00:29:34 [38;5;015m[INFO]: [0mThis is a info message from thread 1318-09-2026 00:29:34 [38;5;117m[DEBUG]: [0mThis is a debug message from thread 2818-09-2026 00:29:34 [38;5;117m[DEBUG]: [0mThis is a debug message from thread 818-09-2026 00:29:34 [38;5;009m[ERROR]: [0mThis is a error message from thread 018-09-2026 00:29:34 [38;5;015m[INFO]: [0mThis is a info message from thread 2818-09-2026 00:29:34 [38;5;009m[ERROR]: [0mThis is a error message from thread 1118-09-2026 00:29:34 [38;5;015m[INFO]: [0mThis is a info message from thread 1518-09-2026 00:29:34 [38;5;009m[ERROR]: [0mThis is a error message from thread 2218-09-2026 00:29:34 [38;5;015m[INFO]: [0mThis is a info message from thread 518-09-2026 00:29:34 [38;5;015m[INFO]: [0mThis is a info message from thread 1218-09-2026 00:29:34 [38;5;117m[DEBUG]: [0mThis is a debug message from thread 2018-09-2026 00:29:34 [38;5;117m[DEBUG]: [0mThis is a debug message from thread 1618-09-2026 00:29:34 [38;5;009m[ERROR]: [0mThis is a error message from thread 2718-09-2026 00:29:34 [38;5;015m[INFO]: [0mThis is a info message from thread 818-09-2026 00:29:34 [38;5;117m[DEBUG]: [0mThis is a debug message from thread 1118-09-2026 00:29:34 [38;5;015m[INFO]: [0mThis is a info message from thread 1718-09-2026 00:29:34 [38;5;009m[ERROR]: [0mThis is a error message from thread 1918-09-2026 00:29:34 [38;5;117m[DEBUG]: [0mThis is a debug message from thread 2718-09-2026 00:29:34 [38;5;117m[DEBUG]: [0mThis is a debug message from thread 018-09-2026 00:29:34 [38;5;015m[INFO]: [0mThis is a info message from thread 1618-09-2026 00:29:34 [38;5;015m[INFO]: [0mThis is a info message from thread 2018-09-2026 00:29:34 [38;5;015m[INFO]: [0mThis is a info message from thread 118-09-2026 00:29:34 [38;5;009m[ERROR]: [0mThis is a error message from thread 2318-09-2026 00:29:34 [38;5;009m[ERROR]: [0mThis is a error message from thread 318-09-2026 00:29:34 [38;5;009m[ERROR]: [0mThis is a error message from thread 1318-09-2026 00:29:34 [38;5;117m[DEBUG]: [0mThis is a debug message from thread 1918-09-2026 00:29:34 [38;5;117m[DEBUG]: [0mThis is a debug message from thread 918-09-2026 00:29:34 [38;5;009m[ERROR]: [0mThis is a error message from thread 118-09-2026 00:29:34 [38;5;009m[ERROR]: [0mThis is a error message from thread 1218-09-2026 00:29:34 [38;5;117m[DEBUG]: [0mThis is a debug message from thread 2118-09-2026 00:29:34 [38;5;009m[ERROR]: [0mThis is a error message from thread 1718-09-2026 00:29:34 [38;5;009m[ERROR]: [0mThis is a error message from thread 818-09-2026 00:29:34 [38;5;009m[ERROR]: [0mThis is a error message from thread 1418-09-2026 00:29:34 [38;5;015m[INFO]: [0mThis is a info message from thread 2718-09-2026 00:29:34 [38;5;117m[DEBUG]: [0mThis is a debug message from thread 318-09-2026 00:29:34 [38;5;015m[INFO]: [0mThis is a info message from thread 318-09-2026 00:29:34 [38;5;117m[DEBUG]: [0mThis is a debug message from thread 1218-09-2026 00:29:34 [38;5;009m[ERROR]: [0mThis is a error message from thread 318-09-2026 00:29:34 [38;5;117m[DEBUG]: [0mThis is a debug message from thread 1418-09-2026 00:29:34 [38;5;015m[INFO]: [0mThis is a info message from thread 1118-09-2026 00:29:34 [38;5;015m[INFO]: [0mThis is a info message from thread 1218-09-2026 00:29:34 [38;5;015m[INFO]: [0mThis is a info message from thread 1018-09-2026 00:29:34 [38;5;009m[ERROR]: [0mThis is a error message from thread 2718-09-2026 00:29:34 [38;5;117m[DEBUG]: [0mThis is a debug message from thread 1718-09-2026 00:29:34 [38;5;015m[INFO]: [0mThis is a info message from thread 2118-09-2026 00:29:34 [38;5;117m[DEBUG]: [0mThis is a debug message from thread 2318-09-2026 00:29:34 [38;5;015m[INFO]: [0mThis is a info message from thread 1418-09-2026 00:29:34 [38;5;015m[INFO]: [0mThis is a info message from thread 1918-09-2026 00:29:34 [38;5;009m[ERROR]: [0mThis is a error message from thread 1018-09-2026 00:29:34 [38;5;009m[ERROR]: [0mThis is a error message from thread 2418-09-2026 00:29:34 [38;5;009m[ERROR]: [0mThis is a error message from thread 2118-09-2026 00:29:34 [38;5;117m[DEBUG]: [0mThis is a debug message from thread 2118-09-2026 00:29:34 [38;5;117m[DEBUG]: [0mThis is a debug message from thread 318-09-2026 00:29:34 [38;5;117m[DEBUG]: [0mThis is a debug message from thread 1018-09-2026 00:29:34 [38;5;117m[DEBUG]: [0mThis is a debug message from thread 2418-09-2026 00:29:34 [38;5;009m[ERROR]: [0mThis is a error message from thread 1518-09-2026 00:29:34 [38;5;117m[DEBUG]: [0mThis is a debug message from thread 2718-09-2026 00:29:34 [38;5;009m[ERROR]: [0mThis is a error message from thread 1418-09-2026 00:29:34 [38;5;117m[DEBUG]: [0mThis is a debug message from thread 2918-09-2026 00:29:34 [38;5;015m[INFO]: [0mThis is a info message from thread 2418-09-2026 00:29:34 [38;5;015m[INFO]: [0mThis is a info message from thread 2918-09-2026 00:29:34 [38;5;015m[INFO]: [0mThis is a info message from thread 318-09-2026 00:29:34 [38;5;015m[INFO]: [0mThis is a info message from thread 2318-09-2026 00:29:34 [38;5;009m[ERROR]: [0mThis is a error message from thread 2018-09-2026 00:29:34 [38;5;009m[ERROR]: [0mThis is a error message from thread 2518-09-2026 00:29:34 [38;5;015m[INFO]: [0mThis is a info message from thread 018-09-2026 00:29:34 [38;5;009m[ERROR]: [0mThis is a error message from thread 1618-09-2026 00:29:34 [38;5;009m[ERROR]: [0mThis is a error message from thread 1118-09-2026 00:29:34 [38;5;009m[ERROR]: [0mThis is a error message from thread 318-09-2026 00:29:34 [38;5;117m[DEBUG]: [0mThis is a debug message from thread 1818-09-2026 00:29:34 [38;5;009m[ERROR]: [0mThis is a error message from thread 1918-09-2026 00:29:34 [38;5;015m[INFO]: [0mThis is a info message from thread 2718-09-2026 00:29:34 [38;5;117m[DEBUG]: [0mThis is a debug message from thread 118-09-2026 00:29:34 [38;5;009m[ERROR]: [0mThis is a error message from thread 1218-09-2026 00:29:34 [38;5;015m[INFO]: [0mThis is a info message from thread 918-09-2026 00:29:34 [38;5;117m[DEBUG]: [0mThis is a debug message from thread 1618-09-2026 00:29:34 [38;5;015m[INFO]: [0mThis is a info message from thread 2118-09-2026 00:29:34 [38;5;117m[DEBUG]: [0mThis is a debug message from thread 318-09-2026 00:29:34 [38;5;117m[DEBUG]: [0mThis is a debug message from thread 2218-09-2026 00:29:34 [38;5;117m[DEBUG]: [0mThis is a debug message from thread 2018-09-2026 00:29:34 [38;5;117m[DEBUG]: [0mThis is a debug message from thread 2518-09-2026 00:29:34 [38;5;015m[INFO]: [0mThis is a info message from thread 618-09-2026 00:29:34 [38;5;009m[ERROR]: [0mThis is a error message from thread 2318-09-2026 00:29:34 [38;5;117m[DEBUG]: [0mThis is a debug message from thread 1218-09-2026 00:29:34 [38;5;015m[INFO]: [0mThis is a info message from thread 1018-09-2026 00:29:34 [38;5;117m[DEBUG]: [0mThis is a debug message from thread 218-09-2026 00:29:34 [38;5;009m[ERROR]: [0mThis is a error message from thread 2718-09-2026 00:29:34 [38;5;117m[DEBUG]: [0mThis is a debug message from thread 1518-09-2026 00:29:34 [38;5;015m[INFO]: [0mThis is a info message from thread 1818-09-2026 00:29:34 [38;5;015m[INFO]: [0mThis is a info message from thread 2018-09-2026 00:29:34 [38;5;015m[INFO]: [0mThis is a info message from thread 2518-09-2026 00:29:34 [38;5;009m[ERROR]: [0mThis is a error message from thread 618-09-2026 00:29:34 [38;5;015m[INFO]: [0mThis is a info message from thread 1218-09-2026 00:29:34 [38;5;009m[ERROR]: [0mThis is a error message from thread 2418-09-2026 00:29:34 [38;5;117m[DEBUG]: [0mThis is a debug message from thread 2318-09-2026 00:29:34 [38;5;015m[INFO]: [0mThis is a info message from thread 218-09-2026 00:29:34 [38;5;009m[ERROR]: [0mThis is a error message from thread 2118-09-2026 00:29:34 [38;5;117m[DEBUG]: [0mThis is a debug message from thread 618-09-2026 00:29:34 [38;5;015m[INFO]: [0mThis is a info message from thread 1518-09-2026 00:29:34 [38;5;009m[ERROR]: [0mThis is a error message from thread 418-09-2026 00:29:34 [38;5;117m[DEBUG]: [0mThis is a debug message from thread 2418-09-2026 00:29:34 [38;5;009m[ERROR]: [0mThis is a error message from thread 218-09-2026 00:29:34 [38;5;009m[ERROR]: [0mThis is a error message from thread 1218-09-2026 00:29:34 [38;5;009m[ERROR]: [0mThis is a error message from thread 2518-09-2026 00:29:34 [38;5;117m[DEBUG]: [0mThis is a debug message from thread 418-09-2026 00:29:34 [38;5;009m[ERROR]: [0mThis is a error message from thread 2018-09-2026 00:29:34 [38;5;009m[ERROR]: [0mThis is a error message from thread 2918-09-2026 00:29:34 [38;5;117m[DEBUG]: [0mThis is a debug message from thread 1218-09-2026 00:29:34 [38;5;015m[INFO]: [0mThis is a info message from thread 418-09-2026 00:29:34 [38;5;117m[DEBUG]: [0mThis is a debug message from thread 2918-09-2026 00:29:34 [38;5;117m[DEBUG]: [0mThis is a debug message from thread 218-09-2026 00:29:34 [38;5;117m[DEBUG]: [0mThis is a debug message from thread 2118-09-2026 00:29:34 [38;5;117m[DEBUG]: [0mThis is a debug message from thread 2018-09-2026 00:29:34 [38;5;009m[ERROR]: [0mThis is a error message from thread 418-09-2026 00:29:34 [38;5;009m[ERROR]: [0mThis is a error message from thread 518-09-2026 00:29:34 [38;5;117m[DEBUG]: [0mThis is a debug message from thread 1418-09-2026 00:29:34 [38;5;015m[INFO]: [0mThis is a info message from thread 2918-09-2026 00:29:34 [38;5;015m[INFO]: [0mThis is a info message from thread 218-09-2026 00:29:34 [38;5;117m[DEBUG]: [0mThis is a debug message from thread 518-09-2026 00:29:34 [38;5;117m[DEBUG]: [0mThis is a debug message from thread 418-09-2026 00:29:34 [38;5;015m[INFO]: [0mThis is a info message from thread 1218-09-2026 00:29:34 [38;5;015m[INFO]: [0mThis is a info message from thread 2018-09-2026 00:29:34 [38;5;009m[ERROR]: [0mThis is a error message from thread 2818-09-2026 00:29:34 [38;5;009m[ERROR]: [0mThis is a error message from thread 2618-09-2026 00:29:34 [38;5;015m[INFO]: [0mThis is a info message from thread 618-09-2026 00:29:34 [38;5;015m[INFO]: [0mThis is a info message from thread 2418-09-2026 00:29:34 [38;5;117m[DEBUG]: [0mThis is a debug message from thread 2718-09-2026 00:29:34 [38;5;009m[ERROR]: [0mThis is a error message from thread 1218-09-2026 00:29:34 [38;5;015m[INFO]: [0mThis is a info message from thread 718-09-2026 00:29:34 [38;5;015m[INFO]: [0mThis is a info message from thread 518-09-2026 00:29:34 [38;5;117m[DEBUG]: [0mThis is a debug message from thread 1318-09-2026 00:29:34 [38;5;117m[DEBUG]: [0mThis is a debug message from thread 818-09-2026 00:29:34 [38;5;015m[INFO]: [0mThis is a info message from thread 2118-09-2026 00:29:34 [38;5;015m[INFO]: [0mThis is a info message from thread 1318-09-2026 00:29:34 [38;5;009m[ERROR]: [0mThis is a error message from thread 218-09-2026 00:29:34 [38;5;009m[ERROR]: [0mThis is a error message from thread 1318-09-2026 00:29:34 [38;5;009m[ERROR]: [0mThis is a error message from thread 018-09-2026 00:29:34 [38;5;015m[INFO]: [0mThis is a info message from thread 818-09-2026 00:29:34 [38;5;015m[INFO]: [0mThis is a info message from thread 1718-09-2026 00:29:34 [38;5;015m[INFO]: [0mThis is a info message from thread 1418-09-2026 00:29:34 [38;5;117m[DEBUG]: [0mThis is a debug message from thread 218-09-2026 00:29:34 [38;5;009m[ERROR]: [0mThis is a error message from thread 818-09-2026 00:29:34 [38;5;009m[ERROR]: [0mThis is a error message from thread 1718-09-2026 00:29:34 [38;5;117m[DEBUG]: [0mThis is a debug message from thread 1218-09-2026 00:29:34 [38;5;009m[ERROR]: [0mThis is a error message from thread 618-09-2026 00:29:34 [38;5;117m[DEBUG]: [0mThis is a debug message from thread 818-09-2026 00:29:34 [38;5;009m[ERROR]: [0mThis is a error message from thread 918-09-2026 00:29:34 [38;5;015m[INFO]: [0mThis is a info message from thread 2718-09-2026 00:29:34 [38;5;009m[ERROR]: [0mThis is a error message from thread 2418-09-2026 00:29:34 [38;5;117m[DEBUG]: [0mThis is a debug message from thread 1718-09-2026 00:29:34 [38;5;015m[INFO]: [0mThis is a info message from thread 818-09-2026 00:29:34 [38;5;117m[DEBUG]: [0mThis is a debug message from thread 018-09-2026 00:29:34 [38;5;015m[INFO]: [0mThis is a info message from thread 218-09-2026 00:29:34 [38;5;015m[INFO]: [0mThis is a info message from thread 018-09-2026 00:29:34 [38;5;015m[INFO]: [0mThis is a info message from thread 1218-09-2026 00:29:34 [38;5;009m[ERROR]: [0mThis is a error message from thread 818-09-2026 00:29:34 [38;5;015m[INFO]: [0mThis is a info message from thread 118-09-2026 00:29:34 [38;5;117m[DEBUG]: [0mThis is a debug message from thread 818-09-2026 00:29:34 [38;5;117m[DEBUG]: [0mThis is a debug message from thread 2618-09-2026 00:29:34 [38;5;009m[ERROR]: [0mThis is a error message from thread 018-09-2026 00:29:34 [38;5;009m[ERROR]: [0mThis is a error message from thread 2718-09-2026 00:29:34 [38;5;015m[INFO]: [0mThis is a info message from thread 818-09-2026 00:29:34 [38;5;117m[DEBUG]: [0mThis is a debug message from thread 1918-09-2026 00:29:34 [38;5;009m[ERROR]: [0mThis is a error message from thread 118-09-2026 00:29:34 [38;5;009m[ERROR]: [0mThis is a error message from thread 218-09-2026 00:29:34 [38;5;117m[DEBUG]: [0mThis is a debug message from thread 918-09-2026 00:29:34 [38;5;015m[INFO]: [0mThis is a info message from thread 1618-09-2026 00:29:34 [38;5;009m[ERROR]: [0mThis is a error message from thread 1518-09-2026 00:29:34 [38;5;009m[ERROR]: [0mThis is a error message from thread 1818-09-2026 00:29:34 [38;5;117m[DEBUG]: [0mThis is a debug message from thread 018-09-2026 00:29:34 [38;5;117m[DEBUG]: [0mThis is a debug message from thread 2718-09-2026 00:29:34 [38;5;117m[DEBUG]: [0mThis is a debug message from thread 2418-09-2026 00:29:34 [38;5;015m[INFO]: [0mThis is a info message from thread 918-09-2026 00:29:34 [38;5;015m[INFO]: [0mThis is a info message from thread 418-09-2026 00:29:34 [38;5;015m[INFO]: [0mThis is a info message from thread 2718-09-2026 00:29:34 [38;5;117m[DEBUG]: [0mThis is a debug message from thread 218-09-2026 00:29:34 [38;5;117m[DEBUG]: [0mThis is a debug message from thread 1518-09-2026 00:29:34 [38;5;009m[ERROR]: [0mThis is a error message from thread 418-09-2026 00:29:34 [38;5;009m[ERROR]: [0mThis is a error message from thread 2718-09-2026 00:29:34 [38;5;015m[INFO]: [0mThis is a info message from thread 318-09-2026 00:29:34 [38;5;117m[DEBUG]: [0mThis is a debug message from thread 418-09-2026 00:29:34 [38;5;015m[INFO]: [0mThis is a info message from thread 218-09-2026 00:29:34 [38;5;009m[ERROR]: [0mThis is a error message from thread 918-09-2026 00:29:34 [38;5;009m[ERROR]: [0mThis is a error message from thread 1018-09-2026 00:29:34 [38;5;117m[DEBUG]: [0mThis is a debug message from thread 2718-09-2026 00:29:34 [38;5;015m[INFO]: [0mThis is a info message from thread 018-09-2026 00:29:34 [38;5;117m[DEBUG]: [0mThis is a debug message from thread 2518-09-2026 00:29:34 [38;5;015m[INFO]: [0mThis is a info message from thread 418-09-2026 00:29:34 [38;5;117m[DEBUG]: [0mThis is a debug message from thread 1118-09-2026 00:29:34 [38;5;009m[ERROR]: [0mThis is a error message from thread 1418-09-2026 00:29:34 [38;5;015m[INFO]: [0mThis is a info message from thread 2318-09-2026 00:29:34 [38;5;009m[ERROR]: [0mThis is a error message from thread 418-09-2026 00:29:34 [38;5;117m[DEBUG]: [0mThis is a debug message from thread 918-09-2026 00:29:34 [38;5;009m[ERROR]: [0mThis is a error message from thread 1618-09-2026 00:29:34 [38;5;009m[ERROR]: [0mThis is a error message from thread 1218-09-2026 00:29:34 [38;5;009m[ERROR]: [0mThis is a error message from thread 518-09-2026 00:29:34 [38;5;117m[DEBUG]: [0mThis is a debug message from thread 618-09-2026 00:29:34 [38;5;117m[DEBUG]: [0mThis is a debug message from thread 1818-09-2026 00:29:34 [38;5;015m[INFO]: [0mThis is a info message from thread 2718-09-2026 00:29:34 [38;5;117m[DEBUG]: [0mThis is a debug message from thread 2818-09-2026 00:29:34 [38;5;117m[DEBUG]: [0mThis is a debug message from thread 1418-09-2026 00:29:34 [38;5;015m[INFO]: [0mThis is a info message from thread 618-09-2026 00:29:34 [38;5;009m[ERROR]: [0mThis is a error message from thread 218-09-2026 00:29:34 [38;5;015m[INFO]: [0mThis is a info message from thread 2218-09-2026 00:29:34 [38;5;015m[INFO]: [0mThis is a info message from thread 1418-09-2026 00:29:34 [38;5;009m[ERROR]: [0mThis is a error message from thread 2218-09-2026 00:29:34 [38;5;009m[ERROR]: [0mThis is a error message from thread 2718-09-2026 00:29:34 [38;5;009m[ERROR]: [0mThis is a error message from thread 818-09-2026 00:29:34 [38;5;015m[INFO]: [0mThis is a info message from thread 1918-09-2026 00:29:34 [38;5;015m[INFO]: [0mThis is a info message from thread 1818-09-2026 00:29:34 [38;5;009m[ERROR]: [0mThis is a error message from thread 2318-09-2026 00:29:34 [38;5;117m[DEBUG]: [0mThis is a debug message from thread 1318-09-2026 00:29:34 [38;5;117m[DEBUG]: [0mThis is a debug message from thread 118-09-2026 00:29:34 [38;5;009m[ERROR]: [0mThis is a error message from thread 618-09-2026 00:29:34 [38;5;015m[INFO]: [0mThis is a info message from thread 1518-09-2026 00:29:34 [38;5;009m[ERROR]: [0mThis is a error message from thread 1818-09-2026 00:29:34 [38;5;009m[ERROR]: [0mThis is a error message from thread 1918-09-2026 00:29:34 [38;5;015m[INFO]: [0mThis is a info message from thread 1118-09-2026 00:29:34 [38;5;117m[DEBUG]: [0mThis is a debug message from thread 1018-09-2026 00:29:34 [38;5;015m[INFO]: [0mThis is a info message from thread 2418-09-2026 00:29:34 [38;5;015m[INFO]: [0mThis is a info message from thread 1318-09-2026 00:29:34 [38;5;015m[INFO]: [0mThis is a info message from thread 118-09-2026 00:29:34 [38;5;117m[DEBUG]: [0mThis is a debug message from thread 618-09-2026 00:29:34 [38;5;009m[ERROR]: [0mThis is a error message from thread 318-09-2026 00:29:34 [38;5;117m[DEBUG]: [0mThis is a debug message from thread 1218-09-2026 00:29:34 [38;5;015m[INFO]: [0mThis is a info message from thread 2518-09-2026 00:29:34 [38;5;117m[DEBUG]: [0mThis is a debug message from thread 1618-09-2026 00:29:34 [38;5;009m[ERROR]: [0mThis is a error message from thread 2018-09-2026 00:29:34 [38;5;117m[DEBUG]: [0mThis is a debug message from thread 218-09-2026 00:29:34 [38;5;117m[DEBUG]: [0mThis is a debug message from thread 2018-09-2026 00:29:34 [38;5;015m[INFO]: [0mThis is a info message from thread 1718-09-2026 00:29:34 [38;5;015m[INFO]: [0mThis is a info message from thread 218-09-2026 00:29:34 [38;5;117m[DEBUG]: [0mThis is a debug message from thread 318-09-2026 00:29:34 [38;5;009m[ERROR]: [0mThis is a error message from thread 1518-09-2026 00:29:34 [38;5;117m[DEBUG]: [0mThis is a debug message from thread 2318-09-2026 00:29:34 [38;5;117m[DEBUG]: [0mThis is a debug message from thread 2718-09-2026 00:29:34 [38;5;009m[ERROR]: [0mThis is a error message from thread 2518-09-2026 00:29:34 [38;5;009m[ERROR]: [0mThis is a error message from thread 218-09-2026 00:29:34 [38;5;117m[DEBUG]: [0mThis is a debug message from thread 818-09-2026 00:29:34 [38;5;117m[DEBUG]: [0mThis is a debug message from thread 1818-09-2026 00:29:34 [38;5;015m[INFO]: [0mThis is a info message from thread 618-09-2026 00:29:34 [38;5;015m[INFO]: [0mThis is a info message from thread 2718-09-2026 00:29:34 [38;5;009m[ERROR]: [0mThis is a error message from thread 2118-09-2026 00:29:34 [38;5;015m[INFO]: [0mThis is a info message from thread 2018-09-2026 00:29:34 [38;5;009m[ERROR]: [0mThis is a error message from thread 618-09-2026 00:29:34 [38;5;015m[INFO]: [0mThis is a info message from thread 318-09-2026 00:29:34 [38;5;117m[DEBUG]: [0mThis is a debug message from thread 618-09-2026 00:29:34 [38;5;117m[DEBUG]: [0mThis is a debug message from thread 2518-09-2026 00:29:34 [38;5;117m[DEBUG]: [0mThis is a debug message from thread 2118-09-2026 00:29:34 [38;5;009m[ERROR]: [0mThis is a error message from thread 1318-09-2026 00:29:34 [38;5;015m[INFO]: [0mThis is a info message from thread 1818-09-2026 00:29:34 [38;5;015m[INFO]: [0mThis is a info message from thread 1618-09-2026 00:29:34 [38;5;009m[ERROR]: [0mThis is a error message from thread 1818-09-2026 00:29:34 [38;5;117m[DEBUG]: [0mThis is a debug message from thread 1518-09-2026 00:29:34 [38;5;117m[DEBUG]: [0mThis is a debug message from thread 1918-09-2026 00:29:34 [38;5;009m[ERROR]: [0mThis is a error message from thread 718-09-2026 00:29:34 [38;5;015m[INFO]: [0mThis is a info message from thread 2818-09-2026 00:29:34 [38;5;117m[DEBUG]: [0mThis is a debug message from thread 1318-09-2026 00:29:34 [38;5;009m[ERROR]: [0mThis is a error message from thread 2718-09-2026 00:29:34 [38;5;009m[ERROR]: [0mThis is a error message from thread 318-09-2026 00:29:34 [38;5;009m[ERROR]: [0mThis is a error message from thread 2018-09-2026 00:29:34 [38;5;009m[ERROR]: [0mThis is a error message from thread 018-09-2026 00:29:34 [38;5;015m[INFO]: [0mThis is a info message from thread 1218-09-2026 00:29:34 [38;5;117m[DEBUG]: [0mThis is a debug message from thread 2018-09-2026 00:29:34 [38;5;015m[INFO]: [0mThis is a info message from thread 2518-09-2026 00:29:34 [38;5;009m[ERROR]: [0mThis is a error message from thread 2418-09-2026 00:29:34 [38;5;015m[INFO]: [0mThis is a info message from thread 1318-09-2026 00:29:34 [38;5;117m[DEBUG]: [0mThis is a debug message from thread 018-09-2026 00:29:34 [38;5;009m[ERROR]: [0mThis is a error message from thread 1618-09-2026 00:29:34 [38;5;117m[DEBUG]: [0mThis is a debug message from thread 1818-09-2026 00:29:34 [38;5;009m[ERROR]: [0mThis is a error message from thread 1318-09-2026 00:29:34 [38;5;015m[INFO]: [0mThis is a info message from thread 618-09-2026 00:29:34 [38;5;117m[DEBUG]: [0mThis is a debug message from thread 2418-09-2026 00:29:34 [38;5;015m[INFO]: [0mThis is a info message from thread 818-09-2026 00:29:34 [38;5;009m[ERROR]: [0mThis is a error message from thread 1418-09-2026 00:29:34 [38;5;015m[INFO]: [0mThis is a info message from thread 918-09-2026 00:29:34 [38;5;009m[ERROR]: [0mThis is a error message from thread 1118-09-2026 00:29:34 [38;5;015m[INFO]: [0mThis is a info message from thread 2618-09-2026 00:29:34 [38;5;015m[INFO]: [0mThis is a info message from thread 2018-09-2026 00:29:34 [38;5;117m[DEBUG]: [0mThis is a debug message from thread 518-09-2026 00:29:34 [38;5;009m[ERROR]: [0mThis is a error message from thread 918-09-2026 00:29:34 [38;5;117m[DEBUG]: [0mThis is a debug message from thread 2218-09-2026 00:29:34 [38;5;015m[INFO]: [0mThis is a info message from thread 1918-09-2026 00:29:34 [38;5;015m[INFO]: [0mThis is a info message from thread 2418-09-2026 00:29:34 [38;5;117m[DEBUG]: [0mThis is a debug message from thread 1118-09-2026 00:29:34 [38;5;015m[INFO]: [0mThis is a info message from thread 518-09-2026 00:29:34 [38;5;117m[DEBUG]: [0mThis is a debug message from thread 1418-09-2026 00:29:34 [38;5;015m[INFO]: [0mThis is a info message from thread 1818-09-2026 00:29:34 [38;5;009m[ERROR]: [0mThis is a error message from thread 2418-09-2026 00:29:34 [38;5;015m[INFO]: [0mThis is a info message from thread 1118-09-2026 00:29:34 [38;5;015m[INFO]: [0mThis is a info message from thread 1418-09-2026 00:29:34 [38;5;009m[ERROR]: [0mThis is a error message from thread 1718-09-2026 00:29:34 [38;5;117m[DEBUG]: [0mThis is a debug message from thread 2718-09-2026 00:29:34 [38;5;009m[ERROR]: [0mThis is a error message from thread 1918-09-2026 00:29:34 [38;5;117m[DEBUG]: [0mThis is a debug message from thread 1718-09-2026 00:29:34 [38;5;015m[INFO]: [0mThis is a info message from thread 2718-09-2026 00:29:34 [38;5;009m[ERROR]: [0mThis is a error message from thread 1418-09-2026 00:29:34 [38;5;117m[DEBUG]: [0mThis is a debug message from thread 1418-09-2026 00:29:34 [38;5;009m[ERROR]: [0mThis is a error message from thread 1818-09-2026 00:29:34 [38;5;015m[INFO]: [0mThis is a info message from thread 2218-09-2026 00:29:34 [38;5;117m[DEBUG]: [0mThis is a debug message from thread 218-09-2026 00:29:34 [38;5;117m[DEBUG]: [0mThis is a debug message from thread 1918-09-2026 00:29:34 [38;5;009m[ERROR]: [0mThis is a error message from thread 2518-09-2026 00:29:34 [38;5;015m[INFO]: [0mThis is a info message from thread 1918-09-2026 00:29:34 [38;5;009m[ERROR]: [0mThis is a error message from thread 2218-09-2026 00:29:34 [38;5;117m[DEBUG]: [0mThis is a debug message from thread 2218-09-2026 00:29:34 [38;5;117m[DEBUG]: [0mThis is a debug message from thread 2418-09-2026 00:29:34 [38;5;015m[INFO]: [0mThis is a info message from thread 1418-09-2026 00:29:34 [38;5;015m[INFO]: [0mThis is a info message from thread 2418-09-2026 00:29:34 [38;5;009m[ERROR]: [0mThis is a error message from thread 1918-09-2026 00:29:34 [38;5;015m[INFO]: [0mThis is a info message from thread 2318-09-2026 00:29:34 [38;5;009m[ERROR]: [0mThis is a error message from thread 2718-09-2026 00:29:34 [38;5;009m[ERROR]: [0mThis is a error message from thread 1118-09-2026 00:29:34 [38;5;009m[ERROR]: [0mThis is a error message from thread 2318-09-2026 00:29:34 [38;5;009m[ERROR]: [0mThis is a error message from thread 1218-09-2026 00:29:34 [38;5;009m[ERROR]: [0mThis is a error message from thread 518-09-2026 00:29:34 [38;5;117m[DEBUG]: [0mThis is a debug message from thread 1118-09-2026 00:29:34 [38;5;009m[ERROR]: [0mThis is a error message from thread 1418-09-2026 00:29:34 [38;5;117m[DEBUG]: [0mThis is a debug message from thread 318-09-2026 00:29:34 [38;5;117m[DEBUG]: [0mThis is a debug message from thread 1618-09-2026 00:29:34 [38;5;015m[INFO]: [0mThis is a info message from thread 1518-09-2026 00:29:34 [38;5;117m[DEBUG]: [0mThis is a debug message from thread 1218-09-2026 00:29:34 [38;5;009m[ERROR]: [0mThis is a error message from thread 618-09-2026 00:29:34 [38;5;009m[ERROR]: [0mThis is a error message from thread 2618-09-2026 00:29:34 [38;5;009m[ERROR]: [0mThis is a error message from thread 2918-09-2026 00:29:34 [38;5;117m[DEBUG]: [0mThis is a debug message from thread 2518-09-2026 00:29:34 [38;5;117m[DEBUG]: [0mThis is a debug message from thread 2718-09-2026 00:29:34 [38;5;117m[DEBUG]: [0mThis is a debug message from thread 1418-09-2026 00:29:34 [38;5;009m[ERROR]: [0mThis is a error message from thread 1518-09-2026 00:29:34 [38;5;117m[DEBUG]: [0mThis is a debug message from thread 618-09-2026 00:29:34 [38;5;117m[DEBUG]: [0mThis is a debug message from thread 2318-09-2026 00:29:34 [38;5;015m[INFO]: [0mThis is a info message from thread 1418-09-2026 00:29:34 [38;5;117m[DEBUG]: [0mThis is a debug message from thread 1518-09-2026 00:29:34 [38;5;117m[DEBUG]: [0mThis is a debug message from thread 2618-09-2026 00:29:34 [38;5;117m[DEBUG]: [0mThis is a debug message from thread 918-09-2026 00:29:34 [38;5;009m[ERROR]: [0mThis is a error message from thread 818-09-2026 00:29:34 [38;5;117m[DEBUG]: [0mThis is a debug message from thread 1818-09-2026 00:29:34 [38;5;015m[INFO]: [0mThis is a info message from thread 1518-09-2026 00:29:34 [38;5;015m[INFO]: [0mThis is a info message from thread 218-09-2026 00:29:34 [38;5;009m[ERROR]: [0mThis is a error message from thread 118-09-2026 00:29:34 [38;5;015m[INFO]: [0mThis is a info message from thread 2318-09-2026 00:29:34 [38;5;015m[INFO]: [0mThis is a info message from thread 2718-09-2026 00:29:34 [38;5;015m[INFO]: [0mThis is a info message from thread 318-09-2026 00:29:34 [38;5;117m[DEBUG]: [0mThis is a debug message from thread 118-09-2026 00:29:34 [38;5;015m[INFO]: [0mThis is a info message from thread 918-09-2026 00:29:34 [38;5;015m[INFO]: [0mThis is a info message from thread 1718-09-2026 00:29:34 [38;5;009m[ERROR]: [0mThis is a error message from thread 218-09-2026 00:29:34 [38;5;015m[INFO]: [0mThis is a info message from thread 1818-09-2026 00:29:34 [38;5;015m[INFO]: [0mThis is a info message from thread 118-09-2026 00:29:34 [38;5;009m[ERROR]: [0mThis is a error message from thread 318-09-2026 00:29:34 [38;5;009m[ERROR]: [0mThis is a error message from thread 1518-09-2026 00:29:34 [38;5;117m[DEBUG]: [0mThis is a debug message from thread 818-09-2026 00:29:34 [38;5;015m[INFO]: [0mThis is a info message from thread 1618-09-2026 00:29:34 [38;5;015m[INFO]: [0mThis is a info message from thread 2618-09-2026 00:29:34 [38;5;009m[ERROR]: [0mThis is a error message from thread 118-09-2026 00:29:34 [38;5;009m[ERROR]: [0mThis is a error message from thread 1718-09-2026 00:29:34 [38;5;009m[ERROR]: [0mThis is a error message from thread 1818-09-2026 00:29:34 [38;5;117m[DEBUG]: [0mThis is a debug message from thread 1518-09-2026 00:29:34 [38;5;009m[ERROR]: [0mThis is a error message from thread 2818-09-2026 00:29:34 [38;5;015m[INFO]: [0mThis is a info message from thread 2518-09-2026 00:29:34 [38;5;009m[ERROR]: [0mThis is a error message from thread 918-09-2026 00:29:34 [38;5;009m[ERROR]: [0mThis is a error message from thread 2718-09-2026 00:29:34 [38;5;117m[DEBUG]: [0mThis is a debug message from thread 1718-09-2026 00:29:34 [38;5;117m[DEBUG]: [0mThis is a debug message from thread 118-09-2026 00:29:34 [38;5;015m[INFO]: [0mThis is a info message from thread 1518-09-2026 00:29:34 [38;5;117m[DEBUG]: [0mThis is a debug message from thread 2718-09-2026 00:29:34 [38;5;117m[DEBUG]: [0mThis is a debug message from thread 2818-09-2026 00:29:34 [38;5;009m[ERROR]: [0mThis is a error message from thread 1518-09-2026 00:29:34 [38;5;015m[INFO]: [0mThis is a info message from thread 2818-09-2026 00:29:34 [38;5;117m[DEBUG]: [0mThis is a debug message from thread 418-09-2026 00:29:34 [38;5;015m[INFO]: [0mThis is a info message from thread 2718-09-2026 00:29:34 [38;5;009m[ERROR]: [0mThis is a error message from thread 2618-09-2026 00:29:34 [38;5;015m[INFO]: [0mThis is a info message from thread 2218-09-2026 00:29:34 [38;5;009m[ERROR]: [0mThis is a error message from thread 1618-09-2026 00:29:34 [38;5;117m[DEBUG]: [0mThis is a debug message from thread 1518-09-2026 00:29:34 [38;5;117m[DEBUG]: [0mThis is a debug message from thread 918-09-2026 00:29:34 [38;5;117m[DEBUG]: [0mThis is a debug message from thread 1818-09-2026 00:29:34 [38;5;009m[ERROR]: [0mThis is a error message from thread 2318-09-2026 00:29:34 [38;5;117m[DEBUG]: [0mThis is a debug message from thread 2618-09-2026 00:29:34 [38;5;009m[ERROR]: [0mThis is a error message from thread 2218-09-2026 00:29:34 [38;5;015m[INFO]: [0mThis is a info message from thread 1718-09-2026 00:29:34 [38;5;015m[INFO]: [0mThis is a info message from thread 418-09-2026 00:29:34 [38;5;009m[ERROR]: [0mThis is a error message from thread 2518-09-2026 00:29:34 [38;5;015m[INFO]: [0mThis is a info message from thread 1818-09-2026 00:29:34 [38;5;117m[DEBUG]: [0mThis is a debug message from thread 2218-09-2026 00:29:34 [38;5;117m[DEBUG]: [0mThis is a debug message from thread 218-09-2026 00:29:34 [38;5;117m[DEBUG]: [0mThis is a debug message from thread 718-09-2026 00:29:34 [38;5;015m[INFO]: [0mThis is a info message from thread 1218-09-2026 00:29:34 [38;5;009m[ERROR]: [0mThis is a error message from thread 2018-09-2026 00:29:34 [38;5;015m[INFO]: [0mThis is a info message from thread 1518-09-2026 00:29:34 [38;5;009m[ERROR]: [0mThis is a error message from thread 418-09-2026 00:29:34 [38;5;015m[INFO]: [0mThis is a info message from thread 018-09-2026 00:29:34 [38;5;015m[INFO]: [0mThis is a info message from thread 2618-09-2026 00:29:34 [38;5;009m[ERROR]: [0mThis is a error message from thread 1818-09-2026 00:29:34 [38;5;015m[INFO]: [0mThis is a info message from thread 2118-09-2026 00:29:34 [38;5;009m[ERROR]: [0mThis is a error message from thread 1718-09-2026 00:29:34 [38;5;117m[DEBUG]: [0mThis is a debug message from thread 1718-09-2026 00:29:34 [38;5;015m[INFO]: [0mThis is a info message from thread 718-09-2026 00:29:34 [38;5;117m[DEBUG]: [0mThis is a debug message from thread 2318-09-2026 00:29:34 [38;5;009m[ERROR]: [0mThis is a error message from thread 1518-09-2026 00:29:34 [38;5;117m[DEBUG]: [0mThis is a debug message from thread 418-09-2026 00:29:34 [38;5;015m[INFO]: [0mThis is a info message from thread 818-09-2026 00:29:34 [38;5;015m[INFO]: [0mThis is a info message from thread 2318-09-2026 00:29:34 [38;5;009m[ERROR]: [0mThis is a error message from thread 2618-09-2026 00:29:34 [38;5;015m[INFO]: [0mThis is a info message from thread 218-09-2026 00:29:34 [38;5;117m[DEBUG]: [0mThis is a debug message from thread 1618-09-2026 00:29:34 [38;5;009m[ERROR]: [0mThis is a error message from thread 1418-09-2026 00:29:34 [38;5;009m[ERROR]: [0mThis is a error message from thread 718-09-2026 00:29:34 [38;5;117m[DEBUG]: [0mThis is a debug message from thread 2618-09-2026 00:29:34 [38;5;009m[ERROR]: [0mThis is a error message from thread 2718-09-2026 00:29:34 [38;5;015m[INFO]: [0mThis is a info message from thread 1118-09-2026 00:29:34 [38;5;009m[ERROR]: [0mThis is a error message from thread 1118-09-2026 00:29:34 [38;5;009m[ERROR]: [0mThis is a error message from thread 1218-09-2026 00:29:34 [38;5;009m[ERROR]: [0mThis is a error message from thread 218-09-2026 00:29:34 [38;5;117m[DEBUG]: [0mThis is a debug message from thread 2718-09-2026 00:29:34 [38;5;117m[DEBUG]: [0mThis is a debug message from thread 1418-09-2026 00:29:34 [38;5;015m[INFO]: [0mThis is a info message from thread 2718-09-2026 00:29:34 [38;5;117m[DEBUG]: [0mThis is a debug message from thread 2518-09-2026 00:29:34 [38;5;009m[ERROR]: [0mThis is a error message from thread 2418-09-2026 00:29:34 [38;5;015m[INFO]: [0mThis is a info message from thread 2218-09-2026 00:29:34 [38;5;009m[ERROR]: [0mThis is a error message from thread 2818-09-2026 00:29:34 [38;5;015m[INFO]: [0mThis is a info message from thread 1718-09-2026 00:29:34 [38;5;009m[ERROR]: [0mThis is a error message from thread 2118-09-2026 00:29:34 [38;5;117m[DEBUG]: [0mThis is a debug message from thread 2818-09-2026 00:29:34 [38;5;117m[DEBUG]: [0mThis is a debug message from thread 318-09-2026 00:29:34 [38;5;009m[ERROR]: [0mThis is a error message from thread 2218-09-2026 00:29:34 [38;5;117m[DEBUG]: [0mThis is a debug message from thread 2118-09-2026 00:29:34 [38;5;015m[INFO]: [0mThis is a info message from thread 118-09-2026 00:29:34 [38;5;015m[INFO]: [0mThis is a info message from thread 318-09-2026 00:29:34 [38;5;117m[DEBUG]: [0mThis is a debug message from thread 1918-09-2026 00:29:34 [38;5;117m[DEBUG]: [0mThis is a debug message from thread 2218-09-2026 00:29:34 [38;5;009m[ERROR]: [0mThis is a error message from thread 2318-09-2026 00:29:34 [38;5;009m[ERROR]: [0mThis is a error message from thread 818-09-2026 00:29:34 [38;5;015m[INFO]: [0mThis is a info message from thread 2818-09-2026 00:29:34 [38;5;015m[INFO]: [0mThis is a info message from thread 1918-09-2026 00:29:34 [38;5;009m[ERROR]: [0mThis is a error message from thread 1718-09-2026 00:29:34 [38;5;117m[DEBUG]: [0mThis is a debug message from thread 218-09-2026 00:29:34 [38;5;117m[DEBUG]: [0mThis is a debug message from thread 1518-09-2026 00:29:34 [38;5;015m[INFO]: [0mThis is a info message from thread 2518-09-2026 00:29:34 [38;5;015m[INFO]: [0mThis is a info message from thread 1418-09-2026 00:29:34 [38;5;009m[ERROR]: [0mThis is a error message from thread 2818-09-2026 00:29:34 [38;5;015m[INFO]: [0mThis is a info message from thread 1518-09-2026 00:29:34 [38;5;015m[INFO]: [0mThis is a info message from thread 218-09-2026 00:29:34 [38;5;015m[INFO]: [0mThis is a info message from thread 2118-09-2026 00:29:34 [38;5;117m[DEBUG]: [0mThis is a debug message from thread 2418-09-2026 00:29:34 [38;5;117m[DEBUG]: [0mThis is a debug message from thread 2818-09-2026 00:29:34 [38;5;117m[DEBUG]: [0mThis is a debug message from thread 2018-09-2026 00:29:34 [38;5;009m[ERROR]: [0mThis is a error message from thread 1418-09-2026 00:29:34 [38;5;009m[ERROR]: [0mThis is a error message from thread 2118-09-2026 00:29:34 [38;5;117m[DEBUG]: [0mThis is a debug message from thread 1718-09-2026 00:29:34 [38;5;015m[INFO]: [0mThis is a info message from thread 2818-09-2026 00:29:34 [38;5;009m[ERROR]: [0mThis is a error message from thread 2818-09-2026 00:29:34 [38;5;117m[DEBUG]: [0mThis is a debug message from thread 2118-09-2026 00:29:34 [38;5;117m[DEBUG]: [0mThis is a debug message from thread 2818-09-2026 00:29:34 [38;5;015m[INFO]: [0mThis is a info message from thread 918-09-2026 00:29:34 [38;5;015m[INFO]: [0mThis is a info message from thread 2418-09-2026 00:29:34 [38;5;117m[DEBUG]: [0mThis is a debug message from thread 2318-09-2026 00:29:34 [38;5;015m[INFO]: [0mThis is a info message from thread 2118-09-2026 00:29:34 [38;5;117m[DEBUG]: [0mThis is a debug message from thread 1418-09-2026 00:29:34 [38;5;009m[ERROR]: [0mThis is a error message from thread 218-09-2026 00:29:34 [38;5;117m[DEBUG]: [0mThis is a debug message from thread 218-09-2026 00:29:34 [38;5;015m[INFO]: [0mThis is a info message from thread 1418-09-2026 00:29:34 [38;5;117m[DEBUG]: [0mThis is a debug message from thread 718-09-2026 00:29:34 [38;5;009m[ERROR]: [0mThis is a error message from thread 2418-09-2026 00:29:34 [38;5;009m[ERROR]: [0mThis is a error message from thread 2118-09-2026 00:29:34 [38;5;015m[INFO]: [0mThis is a info message from thread 718-09-2026 00:29:34 [38;5;015m[INFO]: [0mThis is a info message from thread 2218-09-2026 00:29:34 [38;5;117m[DEBUG]: [0mThis is a debug message from thread 1318-09-2026 00:29:34 [38;5;015m[INFO]: [0mThis is a info message from thread 1018-09-2026 00:29:34 [38;5;015m[INFO]: [0mThis is a info message from thread 618-09-2026 00:29:34 [38;5;015m[INFO]: [0mThis is a info message from thread 1318-09-2026 00:29:34 [38;5;009m[ERROR]: [0mThis is a error message from thread 2518-09-2026 00:29:34 [38;5;009m[ERROR]: [0mThis is a error message from thread 118-09-2026 00:29:34 [38;5;015m[INFO]: [0mThis is a info message from thread 2018-09-2026 00:29:34 [38;5;015m[INFO]: [0mThis is a info message from thread 1718-09-2026 00:29:34 [38;5;117m[DEBUG]: [0mThis is a debug message from thread 2418-09-2026 00:29:34 [38;5;009m[ERROR]: [0mThis is a error message from thread 318-09-2026 00:29:34 [38;5;117m[DEBUG]: [0mThis is a debug message from thread 2918-09-2026 00:29:34 [38;5;117m[DEBUG]: [0mThis is a debug message from thread 518-09-2026 00:29:34 [38;5;009m[ERROR]: [0mThis is a error message from thread 2218-09-2026 00:29:34 [38;5;117m[DEBUG]: [0mThis is a debug message from thread 1118-09-2026 00:29:34 [38;5;117m[DEBUG]: [0mThis is a debug message from thread 1818-09-2026 00:29:34 [38;5;009m[ERROR]: [0mThis is a error message from thread 618-09-2026 00:29:34 [38;5;117m[DEBUG]: [0mThis is a debug message from thread 118-09-2026 00:29:34 [38;5;009m[ERROR]: [0mThis is a error message from thread 1518-09-2026 00:29:34 [38;5;117m[DEBUG]: [0mThis is a debug message from thread 2118-09-2026 00:29:34 [38;5;015m[INFO]: [0mThis is a info message from thread 2818-09-2026 00:29:34 [38;5;015m[INFO]: [0mThis is a info message from thread 518-09-2026 00:29:34 [38;5;015m[INFO]: [0mThis is a info message from thread 2918-09-2026 00:29:34 [38;5;009m[ERROR]: [0mThis is a error message from thread 2818-09-2026 00:29:34 [38;5;117m[DEBUG]: [0mThis is a debug message from thread 1218-09-2026 00:29:34 [38;5;015m[INFO]: [0mThis is a info message from thread 1118-09-2026 00:29:34 [38;5;009m[ERROR]: [0mThis is a error message from thread 518-09-2026 00:29:34 [38;5;015m[INFO]: [0mThis is a info message from thread 1218-09-2026 00:29:34 [38;5;117m[DEBUG]: [0mThis is a debug message from thread 1518-09-2026 00:29:34 [38;5;009m[ERROR]: [0mThis is a error message from thread 1118-09-2026 00:29:34 [38;5;009m[ERROR]: [0mThis is a error message from thread 2918-09-2026 00:29:34 [38;5;015m[INFO]: [0mThis is a info message from thread 218-09-2026 00:29:34 [38;5;117m[DEBUG]: [0mThis is a debug message from thread 518-09-2026 00:29:34 [38;5;015m[INFO]: [0mThis is a info message from thread 2318-09-2026 00:29:34 [38;5;015m[INFO]: [0mThis is a info message from thread 2618-09-2026 00:29:34 [38;5;117m[DEBUG]: [0mThis is a debug message from thread 318-09-2026 00:29:34 [38;5;117m[DEBUG]: [0mThis is a debug message from thread 2218-09-2026 00:29:34 [38;5;117m[DEBUG]: [0mThis is a debug message from thread 2918-09-2026 00:29:34 [38;5;015m[INFO]: [0mThis is a info message from thread 318-09-2026 00:29:34 [38;5;009m[ERROR]: [0mThis is a error message from thread 2318-09-2026 00:29:34 [38;5;117m[DEBUG]: [0mThis is a debug message from thread 2818-09-2026 00:29:34 [38;5;009m[ERROR]: [0mThis is a error message from thread 1218-09-2026 00:29:34 [38;5;015m[INFO]: [0mThis is a info message from thread 2918-09-2026 00:29:34 [38;5;009m[ERROR]: [0mThis is a error message from thread 2018-09-2026 00:29:34 [38;5;117m[DEBUG]: [0mThis is a debug message from thread 2318-09-2026 00:29:34 [38;5;009m[ERROR]: [0mThis is a error message from thread 1418-09-2026 00:29:34 [38;5;009m[ERROR]: [0mThis is a error message from thread 318-09-2026 00:29:34 [38;5;015m[INFO]: [0mThis is a info message from thread 518-09-2026 00:29:34 [38;5;015m[INFO]: [0mThis is a info message from thread 1618-09-2026 00:29:34 [38;5;009m[ERROR]: [0mThis is a error message from thread 2918-09-2026 00:29:34 [38;5;117m[DEBUG]: [0mThis is a debug message from thread 1418-09-2026 00:29:34 [38;5;015m[INFO]: [0mThis is a info message from thread 2218-09-2026 00:29:34 [38;5;117m[DEBUG]: [0mThis is a debug message from thread 318-09-2026 00:29:34 [38;5;009m[ERROR]: [0mThis is a error message from thread 1618-09-2026 00:29:34 [38;5;117m[DEBUG]: [0mThis is a debug message from thread 1218-09-2026 00:29:34 [38;5;117m[DEBUG]: [0mThis is a debug message from thread 2918-09-2026 00:29:34 [38;5;117m[DEBUG]: [0mThis is a debug message from thread 1118-09-2026 00:29:34 [38;5;009m[ERROR]: [0mThis is a error message from thread 2218-09-2026 00:29:34 [38;5;009m[ERROR]: [0mThis is a error message from thread 1718-09-2026 00:29:34 [38;5;009m[ERROR]: [0mThis is a error message from thread 518-09-2026 00:29:34 [38;5;015m[INFO]: [0mThis is a info message from thread 2818-09-2026 00:29:34 [38;5;015m[INFO]: [0mThis is a info message from thread 318-09-2026 00:29:34 [38;5;117m[DEBUG]: [0mThis is a debug message from thread 1618-09-2026 00:29:34 [38;5;117m[DEBUG]: [0mThis is a debug message from thread 518-09-2026 00:29:34 [38;5;009m[ERROR]: [0mThis is a error message from thread 018-09-2026 00:29:34 [38;5;117m[DEBUG]: [0mThis is a debug message from thread 1718-09-2026 00:29:34 [38;5;015m[INFO]: [0mThis is a info message from thread 1118-09-2026 00:29:34 [38;5;009m[ERROR]: [0mThis is a error message from thread 218-09-2026 00:29:34 [38;5;117m[DEBUG]: [0mThis is a debug message from thread 818-09-2026 00:29:34 [38;5;015m[INFO]: [0mThis is a info message from thread 1418-09-2026 00:29:34 [38;5;009m[ERROR]: [0mThis is a error message from thread 1018-09-2026 00:29:34 [38;5;015m[INFO]: [0mThis is a info message from thread 1818-09-2026 00:29:34 [38;5;117m[DEBUG]: [0mThis is a debug message from thread 2518-09-2026 00:29:34 [38;5;009m[ERROR]: [0mThis is a error message from thread 1918-09-2026 00:29:34 [38;5;009m[ERROR]: [0mThis is a error message from thread 1118-09-2026 00:29:34 [38;5;009m[ERROR]: [0mThis is a error message from thread 2618-09-2026 00:29:34 [38;5;015m[INFO]: [0mThis is a info message from thread 2318-09-2026 00:29:34 [38;5;117m[DEBUG]: [0mThis is a debug message from thread 1018-09-2026 00:29:34 [38;5;117m[DEBUG]: [0mThis is a debug message from thread 1918-09-2026 00:29:34 [38;5;009m[ERROR]: [0mThis is a error message from thread 2318-09-2026 00:29:34 [38;5;015m[INFO]: [0mThis is a info message from thread 1018-09-2026 00:29:34 [38;5;015m[INFO]: [0mThis is a info message from thread 518-09-2026 00:29:34 [38;5;015m[INFO]: [0mThis is a info message from thread 818-09-2026 00:29:34 [38;5;015m[INFO]: [0mThis is a info message from thread 2918-09-2026 00:29:34 [38;5;009m[ERROR]: [0mThis is a error message from thread 1418-09-2026 00:29:34 [38;5;009m[ERROR]: [0mThis is a error message from thread 2818-09-2026 00:29:34 [38;5;015m[INFO]: [0mThis is a info message from thread 1918-09-2026 00:29:34 [38;5;117m[DEBUG]: [0mThis is a debug message from thread 018-09-2026 00:29:34 [38;5;117m[DEBUG]: [0mThis is a debug message from thread 2818-09-2026 00:29:34 [38;5;117m[DEBUG]: [0mThis is a debug message from thread 218-09-2026 00:29:34 [38;5;009m[ERROR]: [0mThis is a error message from thread 1018-09-2026 00:29:34 [38;5;009m[ERROR]: [0mThis is a error message from thread 1918-09-2026 00:29:34 [38;5;117m[DEBUG]: [0mThis is a debug message from thread 2318-09-2026 00:29:34 [38;5;009m[ERROR]: [0mThis is a error message from thread 818-09-2026 00:29:34 [38;5;015m[INFO]: [0mThis is a info message from thread 2818-09-2026 00:29:34 [38;5;117m[DEBUG]: [0mThis is a debug message from thread 1118-09-2026 00:29:34 [38;5;015m[INFO]: [0mThis is a info message from thread 1218-09-2026 00:29:34 [38;5;009m[ERROR]: [0mThis is a error message from thread 318-09-2026 00:29:34 [38;5;015m[INFO]: [0mThis is a info message from thread 018-09-2026 00:29:34 [38;5;009m[ERROR]: [0mThis is a error message from thread 918-09-2026 00:29:34 [38;5;117m[DEBUG]: [0mThis is a debug message from thread 1918-09-2026 00:29:34 [38;5;009m[ERROR]: [0mThis is a error message from thread 718-09-2026 00:29:34 [38;5;117m[DEBUG]: [0mThis is a debug message from thread 2618-09-2026 00:29:34 [38;5;009m[ERROR]: [0mThis is a error message from thread 2818-09-2026 00:29:34 [38;5;009m[ERROR]: [0mThis is a error message from thread 2918-09-2026 00:29:34 [38;5;009m[ERROR]: [0mThis is a error message from thread 1218-09-2026 00:29:34 [38;5;117m[DEBUG]: [0mThis is a debug message from thread 2218-09-2026 00:29:34 [38;5;015m[INFO]: [0mThis is a info message from thread 2518-09-2026 00:29:34 [38;5;015m[INFO]: [0mThis is a info message from thread 2418-09-2026 00:29:34 [38;5;015m[INFO]: [0mThis is a info message from thread 1618-09-2026 00:29:34 [38;5;015m[INFO]: [0mThis is a info message from thread 1518-09-2026 00:29:34 [38;5;015m[INFO]: [0mThis is a info message from thread 1118-09-2026 00:29:34 [38;5;015m[INFO]: [0mThis is a info message from thread 1918-09-2026 00:29:34 [38;5;015m[INFO]: [0mThis is a info message from thread 2618-09-2026 00:29:34 [38;5;117m[DEBUG]: [0mThis is a debug message from thread 1218-09-2026 00:29:34 [38;5;009m[ERROR]: [0mThis is a error message from thread 518-09-2026 00:29:34 [38;5;009m[ERROR]: [0mThis is a error message from thread 1518-09-2026 00:29:34 [38;5;117m[DEBUG]: [0mThis is a debug message from thread 2818-09-2026 00:29:34 [38;5;117m[DEBUG]: [0mThis is a debug message from thread 2018-09-2026 00:29:34 [38;5;009m[ERROR]: [0mThis is a error message from thread 2618-09-2026 00:29:34 [38;5;117m[DEBUG]: [0mThis is a debug message from thread 518-09-2026 00:29:34 [38;5;015m[INFO]: [0mThis is a info message from thread 518-09-2026 00:29:34 [38;5;009m[ERROR]: [0mThis is a error message from thread 2418-09-2026 00:29:34 [38;5;015m[INFO]: [0mThis is a info message from thread 1218-09-2026 00:29:34 [38;5;117m[DEBUG]: [0mThis is a debug message from thread 2618-09-2026 00:29:34 [38;5;009m[ERROR]: [0mThis is a error message from thread 1918-09-2026 00:29:34 [38;5;015m[INFO]: [0mThis is a info message from thread 218-09-2026 00:29:34 [38;5;009m[ERROR]: [0mThis is a error message from thread 1618-09-2026 00:29:34 [38;5;015m[INFO]: [0mThis is a info message from thread 2018-09-2026 00:29:34 [38;5;015m[INFO]: [0mThis is a info message from thread 118-09-2026 00:29:34 [38;5;117m[DEBUG]: [0mThis is a debug message from thread 318-09-2026 00:29:34 [38;5;117m[DEBUG]: [0mThis is a debug message from thread 1518-09-2026 00:29:34 [38;5;117m[DEBUG]: [0mThis is a debug message from thread 918-09-2026 00:29:34 [38;5;015m[INFO]: [0mThis is a info message from thread 1718-09-2026 00:29:34 [38;5;009m[ERROR]: [0mThis is a error message from thread 018-09-2026 00:29:34 [38;5;015m[INFO]: [0mThis is a info message from thread 2318-09-2026 00:29:34 [38;5;009m[ERROR]: [0mThis is a error message from thread 2018-09-2026 00:29:34 [38;5;009m[ERROR]: [0mThis is a error message from thread 2518-09-2026 00:29:34 [38;5;015m[INFO]: [0mThis is a info message from thread 418-09-2026 00:29:34 [38;5;015m[INFO]: [0mThis is a info message from thread 2118-09-2026 00:29:34 [38;5;009m[ERROR]: [0mThis is a error message from thread 218-09-2026 00:29:34 [38;5;117m[DEBUG]: [0mThis is a debug message from thread 2018-09-2026 00:29:34 [38;5;009m[ERROR]: [0mThis is a error message from thread 118-09-2026 00:29:34 [38;5;117m[DEBUG]: [0mThis is a debug message from thread 018-09-2026 00:29:34 [38;5;009m[ERROR]: [0mThis is a error message from thread 1818-09-2026 00:29:34 [38;5;015m[INFO]: [0mThis is a info message from thread 918-09-2026 00:29:34 [38;5;009m[ERROR]: [0mThis is a error message from thread 1218-09-2026 00:29:34 [38;5;117m[DEBUG]: [0mThis is a debug message from thread 1218-09-2026 00:29:34 [38;5;015m[INFO]: [0mThis is a info message from thread 1218-09-2026 00:29:34 [38;5;015m[INFO]: [0mThis is a info message from thread 2218-09-2026 00:29:34 [38;5;117m[DEBUG]: [0mThis is a debug message from thread 1018-09-2026 00:29:34 [38;5;117m[DEBUG]: [0mThis is a debug message from thread 818-09-2026 00:29:34 [38;5;015m[INFO]: [0mThis is a info message from thread 1018-09-2026 00:29:34 [38;5;117m[DEBUG]: [0mThis is a debug message from thread 1618-09-2026 00:29:34 [38;5;117m[DEBUG]: [0mThis is a debug message from thread 2418-09-2026 00:29:34 [38;5;009m[ERROR]: [0mThis is a error message from thread 1018-09-2026 00:29:34 [38;5;015m[INFO]: [0mThis is a info message from thread 818-09-2026 00:29:34 [38;5;009m[ERROR]: [0mThis is a error message from thread 1118-09-2026 00:29:34 [38;5;015m[INFO]: [0mThis is a info message from thread 1518-09-2026 00:29:34 [38;5;117m[DEBUG]: [0mThis is a debug message from thread 1018-09-2026 00:29:34 [38;5;015m[INFO]: [0mThis is a info message from thread 2618-09-2026 00:29:34 [38;5;117m[DEBUG]: [0mThis is a debug message from thread 2918-09-2026 00:29:34 [38;5;009m[ERROR]: [0mThis is a error message from thread 2118-09-2026 00:29:34 [38;5;015m[INFO]: [0mThis is a info message from thread 2818-09-2026 00:29:34 [38;5;117m[DEBUG]: [0mThis is a debug message from thread 1418-09-2026 00:29:34 [38;5;015m[INFO]: [0mThis is a info message from thread 1018-09-2026 00:29:34 [38;5;009m[ERROR]: [0mThis is a error message from thread 2618-09-2026 00:29:34 [38;5;009m[ERROR]: [0mThis is a error message from thread 418-09-2026 00:29:34 [38;5;009m[ERROR]: [0mThis is a error message from thread 1318-09-2026 00:29:34 [38;5;009m[ERROR]: [0mThis is a error message from thread 1718-09-2026 00:29:34 [38;5;117m[DEBUG]: [0mThis is a debug message from thread 118-09-2026 00:29:34 [38;5;009m[ERROR]: [0mThis is a error message from thread 2818-09-2026 00:29:34 [38;5;009m[ERROR]: [0mThis is a error message from thread 1018-09-2026 00:29:34 [38;5;015m[INFO]: [0mThis is a info message from thread 2918-09-2026 00:29:34 [38;5;015m[INFO]: [0mThis is a info message from thread 118-09-2026 00:29:34 [38;5;015m[INFO]: [0mThis is a info message from thread 1418-09-2026 00:29:34 [38;5;117m[DEBUG]: [0mThis is a debug message from thread 2118-09-2026 00:29:34 [38;5;009m[ERROR]: [0mThis is a error message from thread 2318-09-2026 00:29:34 [38;5;117m[DEBUG]: [0mThis is a debug message from thread 1818-09-2026 00:29:34 [38;5;117m[DEBUG]: [0mThis is a debug message from thread 218-09-2026 00:29:34 [38;5;009m[ERROR]: [0mThis is a error message from thread 518-09-2026 00:29:34 [38;5;009m[ERROR]: [0mThis is a error message from thread 1418-09-2026 00:29:34 [38;5;117m[DEBUG]: [0mThis is a debug message from thread 2818-09-2026 00:29:34 [38;5;117m[DEBUG]: [0mThis is a debug message from thread 1018-09-2026 00:29:34 [38;5;009m[ERROR]: [0mThis is a error message from thread 118-09-2026 00:29:34 [38;5;015m[INFO]: [0mThis is a info message from thread 218-09-2026 00:29:34 [38;5;009m[ERROR]: [0mThis is a error message from thread 218-09-2026 00:29:34 [38;5;009m[ERROR]: [0mThis is a error message from thread 2918-09-2026 00:29:34 [38;5;015m[INFO]: [0mThis is a info message from thread 1618-09-2026 00:29:34 [38;5;117m[DEBUG]: [0mThis is a debug message from thread 1318-09-2026 00:29:34 [38;5;015m[INFO]: [0mThis is a info message from thread 318-09-2026 00:29:34 [38;5;117m[DEBUG]: [0mThis is a debug message from thread 2918-09-2026 00:29:34 [38;5;009m[ERROR]: [0mThis is a error message from thread 918-09-2026 00:29:34 [38;5;009m[ERROR]: [0mThis is a error message from thread 1518-09-2026 00:29:34 [38;5;015m[INFO]: [0mThis is a info message from thread 2118-09-2026 00:29:34 [38;5;015m[INFO]: [0mThis is a info message from thread 2918-09-2026 00:29:34 [38;5;117m[DEBUG]: [0mThis is a debug message from thread 1518-09-2026 00:29:34 [38;5;015m[INFO]: [0mThis is a info message from thread 1318-09-2026 00:29:34 [38;5;015m[INFO]: [0mThis is a info message from thread 1818-09-2026 00:29:34 [38;5;117m[DEBUG]: [0mThis is a debug message from thread 918-09-2026 00:29:34 [38;5;117m[DEBUG]: [0mThis is a debug message from thread 118-09-2026 00:29:34 [38;5;015m[INFO]: [0mThis is a info message from thread 2418-09-2026 00:29:34 [38;5;117m[DEBUG]: [0mThis is a debug message from thread 2518-09-2026 00:29:34 [38;5;015m[INFO]: [0mThis is a info message from thread 2818-09-2026 00:29:34 [38;5;009m[ERROR]: [0mThis is a error message from thread 818-09-2026 00:29:34 [38;5;117m[DEBUG]: [0mThis is a debug message from thread 218-09-2026 00:29:34 [38;5;015m[INFO]: [0mThis is a info message from thread 2518-09-2026 00:29:34 [38;5;009m[ERROR]: [0mThis is a error message from thread 1218-09-2026 00:29:34 [38;5;009m[ERROR]: [0mThis is a error message from thread 1618-09-2026 00:29:34 [38;5;009m[ERROR]: [0mThis is a error message from thread 2818-09-2026 00:29:34 [38;5;117m[DEBUG]: [0mThis is a debug message from thread 1218-09-2026 00:29:34 [38;5;117m[DEBUG]: [0mThis is a debug message from thread 1618-09-2026 00:29:34 [38;5;009m[ERROR]: [0mThis is a error message from thread 2718-09-2026 00:29:34 [38;5;015m[INFO]: [0mThis is a info message from thread 1218-09-2026 00:29:34 [38;5;009m[ERROR]: [0mThis is a error message from thread 1218-09-2026 00:29:34 [38;5;015m[INFO]: [0mThis is a info message from thread 918-09-2026 00:29:34 [38;5;117m[DEBUG]: [0mThis is a debug message from thread 718-09-2026 00:29:34 [38;5;009m[ERROR]: [0mThis is a error message from thread 918-09-2026 00:29:34 [38;5;015m[INFO]: [0mThis is a info message from thread 718-09-2026 00:29:34 [38;5;009m[ERROR]: [0mThis is a error message from thread 2118-09-2026 00:29:34 [38;5;009m[ERROR]: [0mThis is a error message from thread 718-09-2026 00:29:34 [38;5;015m[INFO]: [0mThis is a info message from thread 2018-09-2026 00:29:34 [38;5;117m[DEBUG]: [0mThis is a debug message from thread 1718-09-2026 00:29:34 [38;5;009m[ERROR]: [0mThis is a error message from thread 2018-09-2026 00:29:34 [38;5;015m[INFO]: [0mThis is a info message from thread 1718-09-2026 00:29:34 [38;5;117m[DEBUG]: [0mThis is a debug message from thread 2018-09-2026 00:29:34 [38;5;117m[DEBUG]: [0mThis is a debug message from thread 2318-09-2026 00:29:34 [38;5;009m[ERROR]: [0mThis is a error message from thread 1318-09-2026 00:29:34 [38;5;015m[INFO]: [0mThis is a info message from thread 1018-09-2026 00:29:34 [38;5;009m[ERROR]: [0mThis is a error message from thread 1018-09-2026 00:29:34 [38;5;117m[DEBUG]: [0mThis is a debug message from thread 1118-09-2026 00:29:34 [38;5;009m[ERROR]: [0mThis is a error message from thread 318-09-2026 00:29:34 [38;5;015m[INFO]: [0mThis is a info message from thread 1118-09-2026 00:29:34 [38;5;009m[ERROR]: [0mThis is a error message from thread 2218-09-2026 00:29:34 [38;5;117m[DEBUG]: [0mThis is a debug message from thread 2618-09-2026 00:29:34 [38;5;117m[DEBUG]: [0mThis is a debug message from thread 1418-09-2026 00:29:34 [38;5;015m[INFO]: [0mThis is a info message from thread 218-09-2026 00:29:34 [38;5;015m[INFO]: [0mThis is a info message from thread 1418-09-2026 00:29:34 [38;5;009m[ERROR]: [0mThis is a error message from thread 2518-09-2026 00:29:34 [38;5;015m[INFO]: [0mThis is a info message from thread 1618-09-2026 00:29:34 [38;5;117m[DEBUG]: [0mThis is a debug message from thread 2518-09-2026 00:29:34 [38;5;117m[DEBUG]: [0mThis is a debug message from thread 2718-09-2026 00:29:34 [38;5;009m[ERROR]: [0mThis is a error message from thread 1618-09-2026 00:29:34 [38;5;015m[INFO]: [0mThis is a info message from thread 2518-09-2026 00:29:34 [38;5;015m[INFO]: [0mThis is a info message from thread 1518-09-2026 00:29:34 [38;5;015m[INFO]: [0mThis is a info message from thread 2718-09-2026 00:29:34 [38;5;009m[ERROR]: [0mThis is a error message from thread 2518-09-2026 00:29:34 [38;5;009m[ERROR]: [0mThis is a error message from thread 2718-09-2026 00:29:34 [38;5;117m[DEBUG]: [0mThis is a debug message from thread 2518-09-2026 00:29:34 [38;5;117m[DEBUG]: [0mThis is a debug message from thread 718-09-2026 00:29:34 [38;5;009m[ERROR]: [0mThis is a error message from thread 2918-09-2026 00:29:34 [38;5;117m[DEBUG]: [0mThis is a debug message from thread 1918-09-2026 00:29:34 [38;5;117m[DEBUG]: [0mThis is a debug message from thread 918-09-2026 00:29:34 [38;5;015m[INFO]: [0mThis is a info message from thread 718-09-2026 00:29:34 [38;5;015m[INFO]: [0mThis is a info message from thread 918-09-2026 00:29:34 [38;5;015m[INFO]: [0mThis is a info message from thread 2318-09-2026 00:29:34 [38;5;009m[ERROR]: [0mThis is a error message from thread 718-09-2026 00:29:34 [38;5;117m[DEBUG]: [0mThis is a debug message from thread 2918-09-2026 00:29:34 [38;5;009m[ERROR]: [0mThis is a error message from thread 1818-09-2026 00:29:34 [38;5;009m[ERROR]: [0mThis is a error message from thread 2318-09-2026 00:29:34 [38;5;117m[DEBUG]: [0mThis is a debug message from thread 718-09-2026 00:29:34 [38;5;015m[INFO]: [0mThis is a info message from thread 1918-09-2026 00:29:34 [38;5;117m[DEBUG]: [0mThis is a debug message from thread 1018-09-2026 00:29:34 [38;5;117m[DEBUG]: [0mThis is a debug message from thread 1318-09-2026 00:29:34 [38;5;117m[DEBUG]: [0mThis is a debug message from thread 318-09-2026 00:29:34 [38;5;117m[DEBUG]: [0mThis is a debug message from thread 2318-09-2026 00:29:34 [38;5;117m[DEBUG]: [0mThis is a debug message from thread 818-09-2026 00:29:34 [38;5;015m[INFO]: [0mThis is a info message from thread 2318-09-2026 00:29:34 [38;5;117m[DEBUG]: [0mThis is a debug message from thread 2818-09-2026 00:29:34 [38;5;009m[ERROR]: [0mThis is a error message from thread 1118-09-2026 00:29:34 [38;5;009m[ERROR]: [0mThis is a error message from thread 2318-09-2026 00:29:34 [38;5;009m[ERROR]: [0mThis is a error message from thread 1518-09-2026 00:29:34 [38;5;015m[INFO]: [0mThis is a info message from thread 318-09-2026 00:29:34 [38;5;015m[INFO]: [0mThis is a info message from thread 818-09-2026 00:29:34 [38;5;117m[DEBUG]: [0mThis is a debug message from thread 2318-09-2026 00:29:34 [38;5;117m[DEBUG]: [0mThis is a debug message from thread 1218-09-2026 00:29:34 [38;5;117m[DEBUG]: [0mThis is a debug message from thread 1518-09-2026 00:29:34 [38;5;015m[INFO]: [0mThis is a info message from thread 2818-09-2026 00:29:34 [38;5;015m[INFO]: [0mThis is a info message from thread 2318-09-2026 00:29:34 [38;5;009m[ERROR]: [0mThis is a error message from thread 818-09-2026 00:29:34 [38;5;117m[DEBUG]: [0mThis is a debug message from thread 2118-09-2026 00:29:34 [38;5;117m[DEBUG]: [0mThis is a debug message from thread 618-09-2026 00:29:34 [38;5;117m[DEBUG]: [0mThis is a debug message from thread 818-09-2026 00:29:34 [38;5;015m[INFO]: [0mThis is a info message from thread 1518-09-2026 00:29:34 [38;5;009m[ERROR]: [0mThis is a error message from thread 1918-09-2026 00:29:34 [38;5;015m[INFO]: [0mThis is a info message from thread 2018-09-2026 00:29:34 [38;5;009m[ERROR]: [0mThis is a error message from thread 1518-09-2026 00:29:34 [38;5;117m[DEBUG]: [0mThis is a debug message from thread 1918-09-2026 00:29:34 [38;5;015m[INFO]: [0mThis is a info message from thread 718-09-2026 00:29:34 [38;5;117m[DEBUG]: [0mThis is a debug message from thread 1518-09-2026 00:29:34 [38;5;009m[ERROR]: [0mThis is a error message from thread 718-09-2026 00:29:34 [38;5;015m[INFO]: [0mThis is a info message from thread 1918-09-2026 00:29:34 [38;5;015m[INFO]: [0mThis is a info message from thread 1518-09-2026 00:29:34 [38;5;117m[DEBUG]: [0mThis is a debug message from thread 718-09-2026 00:29:34 [38;5;009m[ERROR]: [0mThis is a error message from thread 1918-09-2026 00:29:34 [38;5;009m[ERROR]: [0mThis is a error message from thread 1518-09-2026 00:29:34 [38;5;015m[INFO]: [0mThis is a info message from thread 718-09-2026 00:29:34 [38;5;117m[DEBUG]: [0mThis is a debug message from thread 1918-09-2026 00:29:34 [38;5;117m[DEBUG]: [0mThis is a debug message from thread 1518-09-2026 00:29:34 [38;5;009m[ERROR]: [0mThis is a error message from thread 718-09-2026 00:29:34 [38;5;015m[INFO]: [0mThis is a info message from thread 1918-09-2026 00:29:34 [38;5;015m[INFO]: [0mThis is a info message from thread 1518-09-2026 00:29:34 [38;5;009m[ERROR]: [0mThis is a error message from thread 1918-09-2026 00:29:34 [38;5;117m[DEBUG]: [0mThis is a debug message from thread 718-09-2026 00:29:34 [38;5;117m[DEBUG]: [0mThis is a debug message from thread 1118-09-2026 00:29:34 [38;5;009m[ERROR]: [0mThis is a error message from thread 1418-09-2026 00:29:34 [38;5;117m[DEBUG]: [0mThis is a debug message from thread 1818-09-2026 00:29:34 [38;5;015m[INFO]: [0mThis is a info message from thread 1318-09-2026 00:29:34 [38;5;009m[ERROR]: [0mThis is a error message from thread 2318-09-2026 00:29:34 [38;5;009m[ERROR]: [0mThis is a error message from thread 2818-09-2026 00:29:34 [38;5;009m[ERROR]: [0mThis is a error message from thread 2418-09-2026 00:29:34 [38;5;009m[ERROR]: [0mThis is a error message from thread 1718-09-2026 00:29:34 [38;5;117m[DEBUG]: [0mThis is a debug message from thread 418-09-2026 00:29:34 [38;5;015m[INFO]: [0mThis is a info message from thread 1118-09-2026 00:29:34 [38;5;015m[INFO]: [0mThis is a info message from thread 818-09-2026 00:29:34 [38;5;117m[DEBUG]: [0mThis is a debug message from thread 1918-09-2026 00:29:34 [38;5;009m[ERROR]: [0mThis is a error message from thread 1318-09-2026 00:29:34 [38;5;117m[DEBUG]: [0mThis is a debug message from thread 2318-09-2026 00:29:34 [38;5;117m[DEBUG]: [0mThis is a debug message from thread 1718-09-2026 00:29:34 [38;5;117m[DEBUG]: [0mThis is a debug message from thread 2818-09-2026 00:29:34 [38;5;015m[INFO]: [0mThis is a info message from thread 418-09-2026 00:29:34 [38;5;009m[ERROR]: [0mThis is a error message from thread 1518-09-2026 00:29:34 [38;5;117m[DEBUG]: [0mThis is a debug message from thread 2418-09-2026 00:29:34 [38;5;009m[ERROR]: [0mThis is a error message from thread 818-09-2026 00:29:34 [38;5;015m[INFO]: [0mThis is a info message from thread 1818-09-2026 00:29:34 [38;5;015m[INFO]: [0mThis is a info message from thread 1718-09-2026 00:29:34 [38;5;015m[INFO]: [0mThis is a info message from thread 718-09-2026 00:29:34 [38;5;117m[DEBUG]: [0mThis is a debug message from thread 2718-09-2026 00:29:34 [38;5;009m[ERROR]: [0mThis is a error message from thread 218-09-2026 00:29:34 [38;5;015m[INFO]: [0mThis is a info message from thread 2418-09-2026 00:29:34 [38;5;009m[ERROR]: [0mThis is a error message from thread 1818-09-2026 00:29:34 [38;5;015m[INFO]: [0mThis is a info message from thread 2318-09-2026 00:29:34 [38;5;015m[INFO]: [0mThis is a info message from thread 2618-09-2026 00:29:34 [38;5;015m[INFO]: [0mThis is a info message from thread 018-09-2026 00:29:34 [38;5;117m[DEBUG]: [0mThis is a debug message from thread 518-09-2026 00:29:34 [38;5;117m[DEBUG]: [0mThis is a debug message from thread 2218-09-2026 00:29:34 [38;5;009m[ERROR]: [0mThis is a error message from thread 2618-09-2026 00:29:34 [38;5;117m[DEBUG]: [0mThis is a debug message from thread 218-09-2026 00:29:34 [38;5;015m[INFO]: [0mThis is a info message from thread 1018-09-2026 00:29:34 [38;5;009m[ERROR]: [0mThis is a error message from thread 718-09-2026 00:29:34 [38;5;009m[ERROR]: [0mThis is a error message from thread 918-09-2026 00:29:34 [38;5;009m[ERROR]: [0mThis is a error message from thread 2418-09-2026 00:29:34 [38;5;117m[DEBUG]: [0mThis is a debug message from thread 1618-09-2026 00:29:34 [38;5;009m[ERROR]: [0mThis is a error message from thread 1118-09-2026 00:29:34 [38;5;015m[INFO]: [0mThis is a info message from thread 2518-09-2026 00:29:34 [38;5;009m[ERROR]: [0mThis is a error message from thread 1718-09-2026 00:29:34 [38;5;117m[DEBUG]: [0mThis is a debug message from thread 2418-09-2026 00:29:34 [38;5;015m[INFO]: [0mThis is a info message from thread 618-09-2026 00:29:34 [38;5;015m[INFO]: [0mThis is a info message from thread 2918-09-2026 00:29:34 [38;5;015m[INFO]: [0mThis is a info message from thread 1218-09-2026 00:29:34 [38;5;015m[INFO]: [0mThis is a info message from thread 2418-09-2026 00:29:34 [38;5;009m[ERROR]: [0mThis is a error message from thread 618-09-2026 00:29:34 [38;5;009m[ERROR]: [0mThis is a error message from thread 2518-09-2026 00:29:34 [38;5;015m[INFO]: [0mThis is a info message from thread 218-09-2026 00:29:34 [38;5;009m[ERROR]: [0mThis is a error message from thread 1018-09-2026 00:29:34 [38;5;015m[INFO]: [0mThis is a info message from thread 1918-09-2026 00:29:34 [38;5;015m[INFO]: [0mThis is a info message from thread 1618-09-2026 00:29:34 [38;5;009m[ERROR]: [0mThis is a error message from thread 2018-09-2026 00:29:34 [38;5;009m[ERROR]: [0mThis is a error message from thread 1618-09-2026 00:29:34 [38;5;009m[ERROR]: [0mThis is a error message from thread 218-09-2026 00:29:34 [38;5;117m[DEBUG]: [0mThis is a debug message from thread 2518-09-2026 00:29:34 [38;5;009m[ERROR]: [0mThis is a error message from thread 1218-09-2026 00:29:34 [38;5;117m[DEBUG]: [0mThis is a debug message from thread 1618-09-2026 00:29:34 [38;5;015m[INFO]: [0mThis is a info message from thread 1618-09-2026 00:29:34 [38;5;015m[INFO]: [0mThis is a info message from thread 2518-09-2026 00:29:34 [38;5;117m[DEBUG]: [0mThis is a debug message from thread 218-09-2026 00:29:34 [38;5;009m[ERROR]: [0mThis is a error message from thread 2418-09-2026 00:29:34 [38;5;117m[DEBUG]: [0mThis is a debug message from thread 1518-09-2026 00:29:34 [38;5;117m[DEBUG]: [0mThis is a debug message from thread 718-09-2026 00:29:34 [38;5;009m[ERROR]: [0mThis is a error message from thread 2518-09-2026 00:29:34 [38;5;015m[INFO]: [0mThis is a info message from thread 2118-09-2026 00:29:34 [38;5;117m[DEBUG]: [0mThis is a debug message from thread 1018-09-2026 00:29:34 [38;5;009m[ERROR]: [0mThis is a error message from thread 2118-09-2026 00:29:34 [38;5;117m[DEBUG]: [0mThis is a debug message from thread 2118-09-2026 00:29:34 [38;5;117m[DEBUG]: [0mThis is a debug message from thread 2418-09-2026 00:29:34 [38;5;015m[INFO]: [0mThis is a info message from thread 2118-09-2026 00:29:34 [38;5;015m[INFO]: [0mThis is a info message from thread 218-09-2026 00:29:34 [38;5;009m[ERROR]: [0mThis is a error message from thread 2118-09-2026 00:29:34 [38;5;117m[DEBUG]: [0mThis is a debug message from thread 2518-09-2026 00:29:34 [38;5;117m[DEBUG]: [0mThis is a debug message from thread 618-09-2026 00:29:34 [38;5;009m[ERROR]: [0mThis is a error message from thread 1918-09-2026 00:29:34 [38;5;117m[DEBUG]: [0mThis is a debug message from thread 2118-09-2026 00:29:34 [38;5;009m[ERROR]: [0mThis is a error message from thread 1618-09-2026 00:29:34 [38;5;015m[INFO]: [0mThis is a info message from thread 2518-09-2026 00:29:34 [38;5;009m[ERROR]: [0mThis is a error message from thread 218-09-2026 00:29:34 [38;5;015m[INFO]: [0mThis is a info message from thread 1018-09-2026 00:29:34 [38;5;015m[INFO]: [0mThis is a info message from thread 2118-09-2026 00:29:34 [38;5;009m[ERROR]: [0mThis is a error message from thread 2518-09-2026 00:29:34 [38;5;015m[INFO]: [0mThis is a info message from thread 2418-09-2026 00:29:34 [38;5;117m[DEBUG]: [0mThis is a debug message from thread 1618-09-2026 00:29:34 [38;5;015m[INFO]: [0mThis is a info message from thread 118-09-2026 00:29:34 [38;5;015m[INFO]: [0mThis is a info message from thread 1618-09-2026 00:29:34 [38;5;009m[ERROR]: [0mThis is a error message from thread 2418-09-2026 00:29:34 [38;5;117m[DEBUG]: [0mThis is a debug message from thread 2018-09-2026 00:29:34 [38;5;009m[ERROR]: [0mThis is a error message from thread 118-09-2026 00:29:34 [38;5;117m[DEBUG]: [0mThis is a debug message from thread 1818-09-2026 00:29:34 [38;5;117m[DEBUG]: [0mThis is a debug message from thread 1718-09-2026 00:29:34 [38;5;009m[ERROR]: [0mThis is a error message from thread 018-09-2026 00:29:34 [38;5;009m[ERROR]: [0mThis is a error message from thread 2118-09-2026 00:29:34 [38;5;015m[INFO]: [0mThis is a info message from thread 518-09-2026 00:29:34 [38;5;015m[INFO]: [0mThis is a info message from thread 1818-09-2026 00:29:34 [38;5;117m[DEBUG]: [0mThis is a debug message from thread 2118-09-2026 00:29:34 [38;5;117m[DEBUG]: [0mThis is a debug message from thread 2418-09-2026 00:29:34 [38;5;009m[ERROR]: [0mThis is a error message from thread 518-09-2026 00:29:34 [38;5;009m[ERROR]: [0mThis is a error message from thread 1018-09-2026 00:29:34 [38;5;009m[ERROR]: [0mThis is a error message from thread 1818-09-2026 00:29:34 [38;5;117m[DEBUG]: [0mThis is a debug message from thread 918-09-2026 00:29:34 [38;5;117m[DEBUG]: [0mThis is a debug message from thread 818-09-2026 00:29:34 [38;5;117m[DEBUG]: [0mThis is a debug message from thread 1918-09-2026 00:29:34 [38;5;009m[ERROR]: [0mThis is a error message from thread 318-09-2026 00:29:34 [38;5;009m[ERROR]: [0mThis is a error message from thread 2918-09-2026 00:29:34 [38;5;117m[DEBUG]: [0mThis is a debug message from thread 1318-09-2026 00:29:34 [38;5;117m[DEBUG]: [0mThis is a debug message from thread 318-09-2026 00:29:34 [38;5;015m[INFO]: [0mThis is a info message from thread 1518-09-2026 00:29:34 [38;5;117m[DEBUG]: [0mThis is a debug message from thread 1218-09-2026 00:29:34 [38;5;015m[INFO]: [0mThis is a info message from thread 2418-09-2026 00:29:34 [38;5;117m[DEBUG]: [0mThis is a debug message from thread 1818-09-2026 00:29:34 [38;5;015m[INFO]: [0mThis is a info message from thread 2118-09-2026 00:29:34 [38;5;015m[INFO]: [0mThis is a info message from thread 318-09-2026 00:29:34 [38;5;117m[DEBUG]: [0mThis is a debug message from thread 518-09-2026 00:29:34 [38;5;117m[DEBUG]: [0mThis is a debug message from thread 2918-09-2026 00:29:34 [38;5;015m[INFO]: [0mThis is a info message from thread 918-09-2026 00:29:34 [38;5;009m[ERROR]: [0mThis is a error message from thread 318-09-2026 00:29:34 [38;5;015m[INFO]: [0mThis is a info message from thread 518-09-2026 00:29:34 [38;5;117m[DEBUG]: [0mThis is a debug message from thread 318-09-2026 00:29:34 [38;5;117m[DEBUG]: [0mThis is a debug message from thread 1418-09-2026 00:29:34 [38;5;015m[INFO]: [0mThis is a info message from thread 2918-09-2026 00:29:34 [38;5;015m[INFO]: [0mThis is a info message from thread 718-09-2026 00:29:34 [38;5;117m[DEBUG]: [0mThis is a debug message from thread 2518-09-2026 00:29:34 [38;5;009m[ERROR]: [0mThis is a error message from thread 2418-09-2026 00:29:34 [38;5;009m[ERROR]: [0mThis is a error message from thread 718-09-2026 00:29:34 [38;5;009m[ERROR]: [0mThis is a error message from thread 2118-09-2026 00:29:34 [38;5;009m[ERROR]: [0mThis is a error message from thread 2918-09-2026 00:29:34 [38;5;117m[DEBUG]: [0mThis is a debug message from thread 118-09-2026 00:29:34 [38;5;015m[INFO]: [0mThis is a info message from thread 618-09-2026 00:29:34 [38;5;015m[INFO]: [0mThis is a info message from thread 1218-09-2026 00:29:34 [38;5;117m[DEBUG]: [0mThis is a debug message from thread 2418-09-2026 00:29:34 [38;5;117m[DEBUG]: [0mThis is a debug message from thread 2918-09-2026 00:29:34 [38;5;015m[INFO]: [0mThis is a info message from thread 2518-09-2026 00:29:34 [38;5;015m[INFO]: [0mThis is a info message from thread 318-09-2026 00:29:34 [38;5;009m[ERROR]: [0mThis is a error message from thread 2518-09-2026 00:29:34 [38;5;009m[ERROR]: [0mThis is a error message from thread 918-09-2026 00:29:34 [38;5;117m[DEBUG]: [0mThis is a debug message from thread 718-09-2026 00:29:34 [38;5;015m[INFO]: [0mThis is a info message from thread 718-09-2026 00:29:34 [38;5;117m[DEBUG]: [0mThis is a debug message from thread 2518-09-2026 00:29:34 [38;5;117m[DEBUG]: [0mThis is a debug message from thread 918-09-2026 00:29:34 [38;5;015m[INFO]: [0mThis is a info message from thread 918-09-2026 00:29:34 [38;5;009m[ERROR]: [0mThis is a error message from thread 918-09-2026 00:29:34 [38;5;009m[ERROR]: [0mThis is a error message from thread 718-09-2026 00:29:34 [38;5;015m[INFO]: [0mThis is a info message from thread 2518-09-2026 00:29:34 [38;5;009m[ERROR]: [0mThis is a error message from thread 518-09-2026 00:29:34 [38;5;015m[INFO]: [0mThis is a info message from thread 2418-09-2026 00:29:34 [38;5;015m[INFO]: [0mThis is a info message from thread 2918-09-2026 00:29:34 [38;5;015m[INFO]: [0mThis is a info message from thread 2018-09-2026 00:29:34 [38;5;117m[DEBUG]: [0mThis is a debug message from thread 218-09-2026 00:29:34 [38;5;009m[ERROR]: [0mThis is a error message from thread 2318-09-2026 00:29:34 [38;5;015m[INFO]: [0mThis is a info message from thread 1718-09-2026 00:29:34 [38;5;015m[INFO]: [0mThis is a info message from thread 818-09-2026 00:29:34 [38;5;009m[ERROR]: [0mThis is a error message from thread 1618-09-2026 00:29:34 [38;5;009m[ERROR]: [0mThis is a error message from thread 2518-09-2026 00:29:34 [38;5;009m[ERROR]: [0mThis is a error message from thread 2018-09-2026 00:29:34 [38;5;009m[ERROR]: [0mThis is a error message from thread 1218-09-2026 00:29:34 [38;5;117m[DEBUG]: [0mThis is a debug message from thread 518-09-2026 00:29:34 [38;5;117m[DEBUG]: [0mThis is a debug message from thread 1018-09-2026 00:29:34 [38;5;015m[INFO]: [0mThis is a info message from thread 1818-09-2026 00:29:34 [38;5;015m[INFO]: [0mThis is a info message from thread 1318-09-2026 00:29:34 [38;5;117m[DEBUG]: [0mThis is a debug message from thread 1618-09-2026 00:29:34 [38;5;015m[INFO]: [0mThis is a info message from thread 1418-09-2026 00:29:34 [38;5;015m[INFO]: [0mThis is a info message from thread 518-09-2026 00:29:34 [38;5;009m[ERROR]: [0mThis is a error message from thread 2418-09-2026 00:29:34 [38;5;117m[DEBUG]: [0mThis is a debug message from thread 1218-09-2026 00:29:34 [38;5;009m[ERROR]: [0mThis is a error message from thread 818-09-2026 00:29:34 [38;5;117m[DEBUG]: [0mThis is a debug message from thread 2618-09-2026 00:29:34 [38;5;015m[INFO]: [0mThis is a info message from thread 218-09-2026 00:29:34 [38;5;015m[INFO]: [0mThis is a info message from thread 1618-09-2026 00:29:34 [38;5;009m[ERROR]: [0mThis is a error message from thread 1418-09-2026 00:29:34 [38;5;117m[DEBUG]: [0mThis is a debug message from thread 018-09-2026 00:29:34 [38;5;015m[INFO]: [0mThis is a info message from thread 118-09-2026 00:29:34 [38;5;117m[DEBUG]: [0mThis is a debug message from thread 2118-09-2026 00:29:34 [38;5;015m[INFO]: [0mThis is a info message from thread 1018-09-2026 00:29:34 [38;5;009m[ERROR]: [0mThis is a error message from thread 1618-09-2026 00:29:34 [38;5;015m[INFO]: [0mThis is a info message from thread 018-09-2026 00:29:34 [38;5;009m[ERROR]: [0mThis is a error message from thread 518-09-2026 00:29:34 [38;5;117m[DEBUG]: [0mThis is a debug message from thread 1618-09-2026 00:29:34 [38;5;009m[ERROR]: [0mThis is a error message from thread 218-09-2026 00:29:34 [38;5;117m[DEBUG]: [0mThis is a debug message from thread 518-09-2026 00:29:34 [38;5;015m[INFO]: [0mThis is a info message from thread 1618-09-2026 00:29:34 [38;5;009m[ERROR]: [0mThis is a error message from thread 018-09-2026 00:29:34 [38;5;117m[DEBUG]: [0mThis is a debug message from thread 818-09-2026 00:29:34 [38;5;117m[DEBUG]: [0mThis is a debug message from thread 2418-09-2026 00:29:34 [38;5;015m[INFO]: [0mThis is a info message from thread 2418-09-2026 00:29:34 [38;5;015m[INFO]: [0mThis is a info message from thread 518-09-2026 00:29:34 [38;5;117m[DEBUG]: [0mThis is a debug message from thread 218-09-2026 00:29:34 [38;5;015m[INFO]: [0mThis is a info message from thread 818-09-2026 00:29:34 [38;5;009m[ERROR]: [0mThis is a error message from thread 2418-09-2026 00:29:34 [38;5;015m[INFO]: [0mThis is a info message from thread 2218-09-2026 00:29:34 [38;5;117m[DEBUG]: [0mThis is a debug message from thread 2318-09-2026 00:29:34 [38;5;009m[ERROR]: [0mThis is a error message from thread 2218-09-2026 00:29:34 [38;5;009m[ERROR]: [0mThis is a error message from thread 518-09-2026 00:29:34 [38;5;009m[ERROR]: [0mThis is a error message from thread 1618-09-2026 00:29:34 [38;5;117m[DEBUG]: [0mThis is a debug message from thread 2418-09-2026 00:29:34 [38;5;009m[ERROR]: [0mThis is a error message from thread 818-09-2026 00:29:34 [38;5;009m[ERROR]: [0mThis is a error message from thread 118-09-2026 00:29:34 [38;5;117m[DEBUG]: [0mThis is a debug message from thread 818-09-2026 00:29:34 [38;5;015m[INFO]: [0mThis is a info message from thread 218-09-2026 00:29:34 [38;5;117m[DEBUG]: [0mThis is a debug message from thread 2218-09-2026 00:29:34 [38;5;009m[ERROR]: [0mThis is a error message from thread 1018-09-2026 00:29:34 [38;5;015m[INFO]: [0mThis is a info message from thread 2718-09-2026 00:29:34 [38;5;009m[ERROR]: [0mThis is a error message from thread 418-09-2026 00:29:34 [38;5;009m[ERROR]: [0mThis is a error message from thread 1318-09-2026 00:29:34 [38;5;117m[DEBUG]: [0mThis is a debug message from thread 1118-09-2026 00:29:34 [38;5;009m[ERROR]: [0mThis is a error message from thread 618-09-2026 00:29:34 [38;5;117m[DEBUG]: [0mThis is a debug message from thread 118-09-2026 00:29:34 [38;5;015m[INFO]: [0mThis is a info message from thread 1218-09-2026 00:29:34 [38;5;015m[INFO]: [0mThis is a info message from thread 2218-09-2026 00:29:34 [38;5;009m[ERROR]: [0mThis is a error message from thread 2918-09-2026 00:29:34 [38;5;015m[INFO]: [0mThis is a info message from thread 2818-09-2026 00:29:34 [38;5;015m[INFO]: [0mThis is a info message from thread 2318-09-2026 00:29:34 [38;5;009m[ERROR]: [0mThis is a error message from thread 2218-09-2026 00:29:34 [38;5;117m[DEBUG]: [0mThis is a debug message from thread 2518-09-2026 00:29:34 [38;5;009m[ERROR]: [0mThis is a error message from thread 1518-09-2026 00:29:34 [38;5;015m[INFO]: [0mThis is a info message from thread 2118-09-2026 00:29:34 [38;5;117m[DEBUG]: [0mThis is a debug message from thread 2018-09-2026 00:29:34 [38;5;009m[ERROR]: [0mThis is a error message from thread 1718-09-2026 00:29:34 [38;5;015m[INFO]: [0mThis is a info message from thread 818-09-2026 00:29:34 [38;5;009m[ERROR]: [0mThis is a error message from thread 1818-09-2026 00:29:34 [38;5;009m[ERROR]: [0mThis is a error message from thread 2718-09-2026 00:29:34 [38;5;117m[DEBUG]: [0mThis is a debug message from thread 618-09-2026 00:29:34 [38;5;015m[INFO]: [0mThis is a info message from thread 2418-09-2026 00:29:34 [38;5;009m[ERROR]: [0mThis is a error message from thread 318-09-2026 00:29:34 [38;5;117m[DEBUG]: [0mThis is a debug message from thread 2218-09-2026 00:29:34 [38;5;117m[DEBUG]: [0mThis is a debug message from thread 518-09-2026 00:29:34 [38;5;015m[INFO]: [0mThis is a info message from thread 2518-09-2026 00:29:34 [38;5;117m[DEBUG]: [0mThis is a debug message from thread 2718-09-2026 00:29:34 [38;5;015m[INFO]: [0mThis is a info message from thread 2718-09-2026 00:29:34 [38;5;117m[DEBUG]: [0mThis is a debug message from thread 1518-09-2026 00:29:34 [38;5;117m[DEBUG]: [0mThis is a debug message from thread 1818-09-2026 00:29:34 [38;5;015m[INFO]: [0mThis is a info message from thread 2218-09-2026 00:29:34 [38;5;117m[DEBUG]: [0mThis is a debug message from thread 318-09-2026 00:29:34 [38;5;015m[INFO]: [0mThis is a info message from thread 618-09-2026 00:29:34 [38;5;117m[DEBUG]: [0mThis is a debug message from thread 018-09-2026 00:29:34 [38;5;015m[INFO]: [0mThis is a info message from thread 1818-09-2026 00:29:34 [38;5;009m[ERROR]: [0mThis is a error message from thread 2818-09-2026 00:29:34 [38;5;009m[ERROR]: [0mThis is a error message from thread 2218-09-2026 00:29:34 [38;5;009m[ERROR]: [0mThis is a error message from thread 1218-09-2026 00:29:34 [38;5;015m[INFO]: [0mThis is a info message from thread 1518-09-2026 00:29:34 [38;5;015m[INFO]: [0mThis is a info message from thread 018-09-2026 00:29:34 [38;5;009m[ERROR]: [0mThis is a error message from thread 2718-09-2026 00:29:34 [38;5;009m[ERROR]: [0mThis is a error message from thread 1818-09-2026 00:29:34 [38;5;009m[ERROR]: [0mThis is a error message from thread 618-09-2026 00:29:34 [38;5;015m[INFO]: [0mThis is a info message from thread 518-09-2026 00:29:34 [38;5;117m[DEBUG]: [0mThis is a debug message from thread 2218-09-2026 00:29:34 [38;5;009m[ERROR]: [0mThis is a error message from thread 2418-09-2026 00:29:34 [38;5;015m[INFO]: [0mThis is a info message from thread 2218-09-2026 00:29:34 [38;5;117m[DEBUG]: [0mThis is a debug message from thread 2718-09-2026 00:29:34 [38;5;009m[ERROR]: [0mThis is a error message from thread 1518-09-2026 00:29:34 [38;5;117m[DEBUG]: [0mThis is a debug message from thread 618-09-2026 00:29:34 [38;5;009m[ERROR]: [0mThis is a error message from thread 2218-09-2026 00:29:34 [38;5;009m[ERROR]: [0mThis is a error message from thread 218-09-2026 00:29:34 [38;5;015m[INFO]: [0mThis is a info message from thread 118-09-2026 00:29:34 [38;5;117m[DEBUG]: [0mThis is a debug message from thread 2418-09-2026 00:29:34 [38;5;117m[DEBUG]: [0mThis is a debug message from thread 418-09-2026 00:29:34 [38;5;117m[DEBUG]: [0mThis is a debug message from thread 1518-09-2026 00:29:34 [38;5;117m[DEBUG]: [0mThis is a debug message from thread 2818-09-2026 00:29:34 [38;5;015m[INFO]: [0mThis is a info message from thread 2418-09-2026 00:29:34 [38;5;117m[DEBUG]: [0mThis is a debug message from thread 1318-09-2026 00:29:34 [38;5;015m[INFO]: [0mThis is a info message from thread 418-09-2026 00:29:34 [38;5;009m[ERROR]: [0mThis is a error message from thread 118-09-2026 00:29:34 [38;5;009m[ERROR]: [0mThis is a error message from thread 2118-09-2026 00:29:34 [38;5;117m[DEBUG]: [0mThis is a debug message from thread 1018-09-2026 00:29:34 [38;5;009m[ERROR]: [0mThis is a error message from thread 518-09-2026 00:29:34 [38;5;009m[ERROR]: [0mThis is a error message from thread 2418-09-2026 00:29:34 [38;5;015m[INFO]: [0mThis is a info message from thread 1518-09-2026 00:29:34 [38;5;015m[INFO]: [0mThis is a info message from thread 618-09-2026 00:29:34 [38;5;117m[DEBUG]: [0mThis is a debug message from thread 1218-09-2026 00:29:34 [38;5;117m[DEBUG]: [0mThis is a debug message from thread 2218-09-2026 00:29:34 [38;5;009m[ERROR]: [0mThis is a error message from thread 418-09-2026 00:29:34 [38;5;015m[INFO]: [0mThis is a info message from thread 1018-09-2026 00:29:34 [38;5;117m[DEBUG]: [0mThis is a debug message from thread 418-09-2026 00:29:34 [38;5;015m[INFO]: [0mThis is a info message from thread 2218-09-2026 00:29:34 [38;5;117m[DEBUG]: [0mThis is a debug message from thread 118-09-2026 00:29:34 [38;5;009m[ERROR]: [0mThis is a error message from thread 618-09-2026 00:29:34 [38;5;015m[INFO]: [0mThis is a info message from thread 118-09-2026 00:29:34 [38;5;009m[ERROR]: [0mThis is a error message from thread 2318-09-2026 00:29:34 [38;5;015m[INFO]: [0mThis is a info message from thread 2818-09-2026 00:29:34 [38;5;009m[ERROR]: [0mThis is a error message from thread 1518-09-2026 00:29:34 [38;5;117m[DEBUG]: [0mThis is a debug message from thread 2918-09-2026 00:29:34 [38;5;117m[DEBUG]: [0mThis is a debug message from thread 1518-09-2026 00:29:34 [38;5;117m[DEBUG]: [0mThis is a debug message from thread 2118-09-2026 00:29:34 [38;5;117m[DEBUG]: [0mThis is a debug message from thread 718-09-2026 00:29:34 [38;5;117m[DEBUG]: [0mThis is a debug message from thread 518-09-2026 00:29:34 [38;5;009m[ERROR]: [0mThis is a error message from thread 118-09-2026 00:29:34 [38;5;015m[INFO]: [0mThis is a info message from thread 1318-09-2026 00:29:34 [38;5;015m[INFO]: [0mThis is a info message from thread 1518-09-2026 00:29:34 [38;5;015m[INFO]: [0mThis is a info message from thread 1118-09-2026 00:29:34 [38;5;117m[DEBUG]: [0mThis is a debug message from thread 118-09-2026 00:29:34 [38;5;117m[DEBUG]: [0mThis is a debug message from thread 618-09-2026 00:29:34 [38;5;015m[INFO]: [0mThis is a info message from thread 2018-09-2026 00:29:34 [38;5;015m[INFO]: [0mThis is a info message from thread 718-09-2026 00:29:34 [38;5;009m[ERROR]: [0mThis is a error message from thread 718-09-2026 00:29:34 [38;5;015m[INFO]: [0mThis is a info message from thread 1218-09-2026 00:29:34 [38;5;009m[ERROR]: [0mThis is a error message from thread 1118-09-2026 00:29:34 [38;5;015m[INFO]: [0mThis is a info message from thread 518-09-2026 00:29:34 [38;5;015m[INFO]: [0mThis is a info message from thread 2918-09-2026 00:29:34 [38;5;117m[DEBUG]: [0mThis is a debug message from thread 1718-09-2026 00:29:34 [38;5;009m[ERROR]: [0mThis is a error message from thread 1318-09-2026 00:29:34 [38;5;117m[DEBUG]: [0mThis is a debug message from thread 1118-09-2026 00:29:34 [38;5;117m[DEBUG]: [0mThis is a debug message from thread 718-09-2026 00:29:34 [38;5;015m[INFO]: [0mThis is a info message from thread 118-09-2026 00:29:34 [38;5;009m[ERROR]: [0mThis is a error message from thread 2018-09-2026 00:29:34 [38;5;009m[ERROR]: [0mThis is a error message from thread 1518-09-2026 00:29:34 [38;5;015m[INFO]: [0mThis is a info message from thread 618-09-2026 00:29:34 [38;5;009m[ERROR]: [0mThis is a error message from thread 818-09-2026 00:29:34 [38;5;009m[ERROR]: [0mThis is a error message from thread 018-09-2026 00:29:34 [38;5;117m[DEBUG]: [0mThis is a debug message from thread 918-09-2026 00:29:34 [38;5;009m[ERROR]: [0mThis is a error message from thread 1218-09-2026 00:29:34 [38;5;009m[ERROR]: [0mThis is a error message from thread 2918-09-2026 00:29:34 [38;5;009m[ERROR]: [0mThis is a error message from thread 618-09-2026 00:29:34 [38;5;117m[DEBUG]: [0mThis is a debug message from thread 1418-09-2026 00:29:34 [38;5;009m[ERROR]: [0mThis is a error message from thread 2818-09-2026 00:29:34 [38;5;015m[INFO]: [0mThis is a info message from thread 318-09-2026 00:29:34 [38;5;015m[INFO]: [0mThis is a info message from thread 2618-09-2026 00:29:34 [38;5;117m[DEBUG]: [0mThis is a debug message from thread 2018-09-2026 00:29:34 [38;5;117m[DEBUG]: [0mThis is a debug message from thread 2918-09-2026 00:29:34 [38;5;009m[ERROR]: [0mThis is a error message from thread 318-09-2026 00:29:34 [38;5;015m[INFO]: [0mThis is a info message from thread 1418-09-2026 00:29:34 [38;5;015m[INFO]: [0mThis is a info message from thread 2718-09-2026 00:29:34 [38;5;117m[DEBUG]: [0mThis is a debug message from thread 218-09-2026 00:29:34 [38;5;117m[DEBUG]: [0mThis is a debug message from thread 1318-09-2026 00:29:34 [38;5;015m[INFO]: [0mThis is a info message from thread 718-09-2026 00:29:34 [38;5;009m[ERROR]: [0mThis is a error message from thread 2618-09-2026 00:29:34 [38;5;117m[DEBUG]: [0mThis is a debug message from thread 618-09-2026 00:29:34 [38;5;117m[DEBUG]: [0mThis is a debug message from thread 2618-09-2026 00:29:34 [38;5;015m[INFO]: [0mThis is a info message from thread 2018-09-2026 00:29:34 [38;5;009m[ERROR]: [0mThis is a error message from thread 718-09-2026 00:29:34 [38;5;117m[DEBUG]: [0mThis is a debug message from thread 318-09-2026 00:29:34 [38;5;117m[DEBUG]: [0mThis is a debug message from thread 2818-09-2026 00:29:34 [38;5;009m[ERROR]: [0mThis is a error message from thread 1418-09-2026 00:29:34 [38;5;015m[INFO]: [0mThis is a info message from thread 218-09-2026 00:29:34 [38;5;009m[ERROR]: [0mThis is a error message from thread 2218-09-2026 00:29:34 [38;5;009m[ERROR]: [0mThis is a error message from thread 1018-09-2026 00:29:34 [38;5;015m[INFO]: [0mThis is a info message from thread 2918-09-2026 00:29:34 [38;5;009m[ERROR]: [0mThis is a error message from thread 218-09-2026 00:29:34 [38;5;015m[INFO]: [0mThis is a info message from thread 618-09-2026 00:29:34 [38;5;009m[ERROR]: [0mThis is a error message from thread 518-09-2026 00:29:34 [38;5;117m[DEBUG]: [0mThis is a debug message from thread 2418-09-2026 00:29:34 [38;5;117m[DEBUG]: [0mThis is a debug message from thread 1418-09-2026 00:29:34 [38;5;015m[INFO]: [0mThis is a info message from thread 318-09-2026 00:29:34 [38;5;117m[DEBUG]: [0mThis is a debug message from thread 1018-09-2026 00:29:34 [38;5;015m[INFO]: [0mThis is a info message from thread 1418-09-2026 00:29:34 [38;5;015m[INFO]: [0mThis is a info message from thread 2418-09-2026 00:29:34 [38;5;009m[ERROR]: [0mThis is a error message from thread 618-09-2026 00:29:34 [38;5;117m[DEBUG]: [0mThis is a debug message from thread 018-09-2026 00:29:34 [38;5;009m[ERROR]: [0mThis is a error message from thread 2918-09-2026 00:29:34 [38;5;117m[DEBUG]: [0mThis is a debug message from thread 218-09-2026 00:29:34 [38;5;117m[DEBUG]: [0mThis is a debug message from thread 2318-09-2026 00:29:34 [38;5;009m[ERROR]: [0mThis is a error message from thread 1418-09-2026 00:29:34 [38;5;117m[DEBUG]: [0mThis is a debug message from thread 1418-09-2026 00:29:34 [38;5;015m[INFO]: [0mThis is a info message from thread 218-09-2026 00:29:34 [38;5;009m[ERROR]: [0mThis is a error message from thread 118-09-2026 00:29:34 [38;5;015m[INFO]: [0mThis is a info message from thread 1318-09-2026 00:29:34 [38;5;117m[DEBUG]: [0mThis is a debug message from thread 1518-09-2026 00:29:34 [38;5;117m[DEBUG]: [0mThis is a debug message from thread 618-09-2026 00:29:34 [38;5;009m[ERROR]: [0mThis is a error message from thread 2518-09-2026 00:29:34 [38;5;015m[INFO]: [0mThis is a info message from thread 1118-09-2026 00:29:34 [38;5;015m[INFO]: [0mThis is a info message from thread 1418-09-2026 00:29:34 [38;5;009m[ERROR]: [0mThis is a error message from thread 2018-09-2026 00:29:34 [38;5;117m[DEBUG]: [0mThis is a debug message from thread 2518-09-2026 00:29:34 [38;5;015m[INFO]: [0mThis is a info message from thread 1918-09-2026 00:29:34 [38;5;015m[INFO]: [0mThis is a info message from thread 2818-09-2026 00:29:34 [38;5;015m[INFO]: [0mThis is a info message from thread 418-09-2026 00:29:34 [38;5;009m[ERROR]: [0mThis is a error message from thread 1318-09-2026 00:29:34 [38;5;009m[ERROR]: [0mThis is a error message from thread 318-09-2026 00:29:34 [38;5;117m[DEBUG]: [0mThis is a debug message from thread 1218-09-2026 00:29:34 [38;5;015m[INFO]: [0mThis is a info message from thread 1718-09-2026 00:29:34 [38;5;009m[ERROR]: [0mThis is a error message from thread 2818-09-2026 00:29:34 [38;5;009m[ERROR]: [0mThis is a error message from thread 218-09-2026 00:29:34 [38;5;009m[ERROR]: [0mThis is a error message from thread 2718-09-2026 00:29:34 [38;5;117m[DEBUG]: [0mThis is a debug message from thread 118-09-2026 00:29:34 [38;5;117m[DEBUG]: [0mThis is a debug message from thread 518-09-2026 00:29:34 [38;5;009m[ERROR]: [0mThis is a error message from thread 1918-09-2026 00:29:34 [38;5;009m[ERROR]: [0mThis is a error message from thread 2418-09-2026 00:29:34 [38;5;117m[DEBUG]: [0mThis is a debug message from thread 718-09-2026 00:29:34 [38;5;015m[INFO]: [0mThis is a info message from thread 1518-09-2026 00:29:34 [38;5;015m[INFO]: [0mThis is a info message from thread 2518-09-2026 00:29:34 [38;5;117m[DEBUG]: [0mThis is a debug message from thread 818-09-2026 00:29:34 [38;5;009m[ERROR]: [0mThis is a error message from thread 418-09-2026 00:29:34 [38;5;015m[INFO]: [0mThis is a info message from thread 818-09-2026 00:29:34 [38;5;015m[INFO]: [0mThis is a info message from thread 2318-09-2026 00:29:34 [38;5;015m[INFO]: [0mThis is a info message from thread 2118-09-2026 00:29:34 [38;5;009m[ERROR]: [0mThis is a error message from thread 1718-09-2026 00:29:34 [38;5;117m[DEBUG]: [0mThis is a debug message from thread 1718-09-2026 00:29:34 [38;5;117m[DEBUG]: [0mThis is a debug message from thread 2718-09-2026 00:29:34 [38;5;009m[ERROR]: [0mThis is a error message from thread 1518-09-2026 00:29:34 [38;5;117m[DEBUG]: [0mThis is a debug message from thread 1918-09-2026 00:29:34 [38;5;117m[DEBUG]: [0mThis is a debug message from thread 1618-09-2026 00:29:34 [38;5;009m[ERROR]: [0mThis is a error message from thread 818-09-2026 00:29:34 [38;5;015m[INFO]: [0mThis is a info message from thread 518-09-2026 00:29:34 [38;5;015m[INFO]: [0mThis is a info message from thread 1618-09-2026 00:29:34 [38;5;009m[ERROR]: [0mThis is a error message from thread 2518-09-2026 00:29:34 [38;5;015m[INFO]: [0mThis is a info message from thread 718-09-2026 00:29:34 [38;5;009m[ERROR]: [0mThis is a error message from thread 2318-09-2026 00:29:34 [38;5;009m[ERROR]: [0mThis is a error message from thread 2118-09-2026 00:29:34 [38;5;015m[INFO]: [0mThis is a info message from thread 2618-09-2026 00:29:34 [38;5;015m[INFO]: [0mThis is a info message from thread 918-09-2026 00:29:34 [38;5;009m[ERROR]: [0mThis is a error message from thread 1118-09-2026 00:29:34 [38;5;117m[DEBUG]: [0mThis is a debug message from thread 2018-09-2026 00:29:34 [38;5;117m[DEBUG]: [0mThis is a debug message from thread 818-09-2026 00:29:34 [38;5;015m[INFO]: [0mThis is a info message from thread 1718-09-2026 00:29:34 [38;5;015m[INFO]: [0mThis is a info message from thread 1918-09-2026 00:29:34 [38;5;009m[ERROR]: [0mThis is a error message from thread 718-09-2026 00:29:34 [38;5;117m[DEBUG]: [0mThis is a debug message from thread 1318-09-2026 00:29:34 [38;5;009m[ERROR]: [0mThis is a error message from thread 2618-09-2026 00:29:34 [38;5;117m[DEBUG]: [0mThis is a debug message from thread 2518-09-2026 00:29:34 [38;5;117m[DEBUG]: [0mThis is a debug message from thread 1518-09-2026 00:29:34 [38;5;117m[DEBUG]: [0mThis is a debug message from thread 1118-09-2026 00:29:34 [38;5;117m[DEBUG]: [0mThis is a debug message from thread 2118-09-2026 00:29:34 [38;5;117m[DEBUG]: [0mThis is a debug message from thread 2818-09-2026 00:29:34 [38;5;009m[ERROR]: [0mThis is a error message from thread 1718-09-2026 00:29:34 [38;5;117m[DEBUG]: [0mThis is a debug message from thread 418-09-2026 00:29:34 [38;5;015m[INFO]: [0mThis is a info message from thread 018-09-2026 00:29:34 [38;5;015m[INFO]: [0mThis is a info message from thread 2018-09-2026 00:29:34 [38;5;009m[ERROR]: [0mThis is a error message from thread 1918-09-2026 00:29:34 [38;5;015m[INFO]: [0mThis is a info message from thread 2818-09-2026 00:29:34 [38;5;015m[INFO]: [0mThis is a info message from thread 1218-09-2026 00:29:34 [38;5;015m[INFO]: [0mThis is a info message from thread 2718-09-2026 00:29:34 [38;5;015m[INFO]: [0mThis is a info message from thread 1318-09-2026 00:29:34 [38;5;009m[ERROR]: [0mThis is a error message from thread 518-09-2026 00:29:34 [38;5;015m[INFO]: [0mThis is a info message from thread 1118-09-2026 00:29:34 [38;5;009m[ERROR]: [0mThis is a error message from thread 1218-09-2026 00:29:34 [38;5;009m[ERROR]: [0mThis is a error message from thread 1318-09-2026 00:29:34 [38;5;009m[ERROR]: [0mThis is a error message from thread 1618-09-2026 00:29:34 [38;5;015m[INFO]: [0mThis is a info message from thread 2118-09-2026 00:29:34 [38;5;009m[ERROR]: [0mThis is a error message from thread 1118-09-2026 00:29:34 [38;5;009m[ERROR]: [0mThis is a error message from thread 2818-09-2026 00:29:34 [38;5;117m[DEBUG]: [0mThis is a debug message from thread 1618-09-2026 00:29:34 [38;5;015m[INFO]: [0mThis is a info message from thread 418-09-2026 00:29:34 [38;5;117m[DEBUG]: [0mThis is a debug message from thread 1118-09-2026 00:29:34 [38;5;117m[DEBUG]: [0mThis is a debug message from thread 1718-09-2026 00:29:34 [38;5;015m[INFO]: [0mThis is a info message from thread 1118-09-2026 00:29:34 [38;5;117m[DEBUG]: [0mThis is a debug message from thread 1818-09-2026 00:29:34 [38;5;117m[DEBUG]: [0mThis is a debug message from thread 718-09-2026 00:29:34 [38;5;117m[DEBUG]: [0mThis is a debug message from thread 1918-09-2026 00:29:34 [38;5;009m[ERROR]: [0mThis is a error message from thread 918-09-2026 00:29:34 [38;5;117m[DEBUG]: [0mThis is a debug message from thread 1218-09-2026 00:29:34 [38;5;009m[ERROR]: [0mThis is a error message from thread 418-09-2026 00:29:34 [38;5;015m[INFO]: [0mThis is a info message from thread 1218-09-2026 00:29:34 [38;5;015m[INFO]: [0mThis is a info message from thread 1018-09-2026 00:29:34 [38;5;117m[DEBUG]: [0mThis is a debug message from thread 2918-09-2026 00:29:34 [38;5;117m[DEBUG]: [0mThis is a debug message from thread 1318-09-2026 00:29:34 [38;5;117m[DEBUG]: [0mThis is a debug message from thread 918-09-2026 00:29:34 [38;5;015m[INFO]: [0mThis is a info message from thread 1818-09-2026 00:29:34 [38;5;015m[INFO]: [0mThis is a info message from thread 2918-09-2026 00:29:34 [38;5;015m[INFO]: [0mThis is a info message from thread 918-09-2026 00:29:34 [38;5;015m[INFO]: [0mThis is a info message from thread 1618-09-2026 00:29:34 [38;5;009m[ERROR]: [0mThis is a error message from thread 2918-09-2026 00:29:34 [38;5;015m[INFO]: [0mThis is a info message from thread 1518-09-2026 00:29:34 [38;5;009m[ERROR]: [0mThis is a error message from thread 918-09-2026 00:29:34 [38;5;015m[INFO]: [0mThis is a info message from thread 1718-09-2026 00:29:34 [38;5;009m[ERROR]: [0mThis is a error message from thread 1218-09-2026 00:29:34 [38;5;009m[ERROR]: [0mThis is a error message from thread 1518-09-2026 00:29:34 [38;5;009m[ERROR]: [0mThis is a error message from thread 1718-09-2026 00:29:34 [38;5;015m[INFO]: [0mThis is a info message from thread 618-09-2026 00:29:34 [38;5;009m[ERROR]: [0mThis is a error message from thread 2018-09-2026 00:29:34 [38;5;009m[ERROR]: [0mThis is a error message from thread 2118-09-2026 00:29:34 [38;5;117m[DEBUG]: [0mThis is a debug message from thread 2018-09-2026 00:29:34 [38;5;117m[DEBUG]: [0mThis is a debug message from thread 2218-09-2026 00:29:34 [38;5;117m[DEBUG]: [0mThis is a debug message from thread 1718-09-2026 00:29:34 [38;5;117m[DEBUG]: [0mThis is a debug message from thread 318-09-2026 00:29:34 [38;5;015m[INFO]: [0mThis is a info message from thread 2218-09-2026 00:29:34 [38;5;015m[INFO]: [0mThis is a info message from thread 2018-09-2026 00:29:34 [38;5;015m[INFO]: [0mThis is a info message from thread 1718-09-2026 00:29:34 [38;5;015m[INFO]: [0mThis is a info message from thread 318-09-2026 00:29:34 [38;5;009m[ERROR]: [0mThis is a error message from thread 2218-09-2026 00:29:34 [38;5;009m[ERROR]: [0mThis is a error message from thread 1718-09-2026 00:29:34 [38;5;009m[ERROR]: [0mThis is a error message from thread 318-09-2026 00:29:34 [38;5;009m[ERROR]: [0mThis is a error message from thread 618-09-2026 00:29:34 [38;5;117m[DEBUG]: [0mThis is a debug message from thread 2218-09-2026 00:29:34 [38;5;117m[DEBUG]: [0mThis is a debug message from thread 2118-09-2026 00:29:34 [38;5;117m[DEBUG]: [0mThis is a debug message from thread 1718-09-2026 00:29:34 [38;5;117m[DEBUG]: [0mThis is a debug message from thread 318-09-2026 00:29:34 [38;5;117m[DEBUG]: [0mThis is a debug message from thread 618-09-2026 00:29:34 [38;5;015m[INFO]: [0mThis is a info message from thread 2218-09-2026 00:29:34 [38;5;009m[ERROR]: [0mThis is a error message from thread 2218-09-2026 00:29:34 [38;5;117m[DEBUG]: [0mThis is a debug message from thread 1218-09-2026 00:29:34 [38;5;015m[INFO]: [0mThis is a info message from thread 2118-09-2026 00:29:34 [38;5;009m[ERROR]: [0mThis is a error message from thread 018-09-2026 00:29:34 [38;5;015m[INFO]: [0mThis is a info message from thread 818-09-2026 00:29:34 [38;5;009m[ERROR]: [0mThis is a error message from thread 2018-09-2026 00:29:34 [38;5;117m[DEBUG]: [0mThis is a debug message from thread 1518-09-2026 00:29:34 [38;5;009m[ERROR]: [0mThis is a error message from thread 818-09-2026 00:29:34 [38;5;009m[ERROR]: [0mThis is a error message from thread 1118-09-2026 00:29:34 [38;5;009m[ERROR]: [0mThis is a error message from thread 2118-09-2026 00:29:34 [38;5;117m[DEBUG]: [0mThis is a debug message from thread 2018-09-2026 00:29:34 [38;5;009m[ERROR]: [0mThis is a error message from thread 1418-09-2026 00:29:34 [38;5;117m[DEBUG]: [0mThis is a debug message from thread 518-09-2026 00:29:34 [38;5;117m[DEBUG]: [0mThis is a debug message from thread 2118-09-2026 00:29:34 [38;5;015m[INFO]: [0mThis is a info message from thread 1918-09-2026 00:29:34 [38;5;009m[ERROR]: [0mThis is a error message from thread 1818-09-2026 00:29:34 [38;5;015m[INFO]: [0mThis is a info message from thread 1318-09-2026 00:29:34 [38;5;117m[DEBUG]: [0mThis is a debug message from thread 1418-09-2026 00:29:34 [38;5;117m[DEBUG]: [0mThis is a debug message from thread 1818-09-2026 00:29:34 [38;5;009m[ERROR]: [0mThis is a error message from thread 1318-09-2026 00:29:34 [38;5;117m[DEBUG]: [0mThis is a debug message from thread 2318-09-2026 00:29:34 [38;5;117m[DEBUG]: [0mThis is a debug message from thread 1318-09-2026 00:29:34 [38;5;015m[INFO]: [0mThis is a info message from thread 1318-09-2026 00:29:34 [38;5;015m[INFO]: [0mThis is a info message from thread 2018-09-2026 00:29:34 [38;5;009m[ERROR]: [0mThis is a error message from thread 1318-09-2026 00:29:34 [38;5;117m[DEBUG]: [0mThis is a debug message from thread 918-09-2026 00:29:34 [38;5;009m[ERROR]: [0mThis is a error message from thread 1918-09-2026 00:29:34 [38;5;015m[INFO]: [0mThis is a info message from thread 318-09-2026 00:29:34 [38;5;015m[INFO]: [0mThis is a info message from thread 1718-09-2026 00:29:34 [38;5;117m[DEBUG]: [0mThis is a debug message from thread 2618-09-2026 00:29:34 [38;5;015m[INFO]: [0mThis is a info message from thread 1218-09-2026 00:29:34 [38;5;015m[INFO]: [0mThis is a info message from thread 1418-09-2026 00:29:34 [38;5;117m[DEBUG]: [0mThis is a debug message from thread 1318-09-2026 00:29:34 [38;5;015m[INFO]: [0mThis is a info message from thread 718-09-2026 00:29:34 [38;5;015m[INFO]: [0mThis is a info message from thread 2618-09-2026 00:29:34 [38;5;009m[ERROR]: [0mThis is a error message from thread 2018-09-2026 00:29:34 [38;5;009m[ERROR]: [0mThis is a error message from thread 318-09-2026 00:29:34 [38;5;117m[DEBUG]: [0mThis is a debug message from thread 818-09-2026 00:29:34 [38;5;117m[DEBUG]: [0mThis is a debug message from thread 2218-09-2026 00:29:34 [38;5;117m[DEBUG]: [0mThis is a debug message from thread 1118-09-2026 00:29:34 [38;5;015m[INFO]: [0mThis is a info message from thread 618-09-2026 00:29:34 [38;5;117m[DEBUG]: [0mThis is a debug message from thread 218-09-2026 00:29:34 [38;5;009m[ERROR]: [0mThis is a error message from thread 1718-09-2026 00:29:34 [38;5;015m[INFO]: [0mThis is a info message from thread 1318-09-2026 00:29:34 [38;5;117m[DEBUG]: [0mThis is a debug message from thread 318-09-2026 00:29:34 [38;5;117m[DEBUG]: [0mThis is a debug message from thread 2018-09-2026 00:29:34 [38;5;009m[ERROR]: [0mThis is a error message from thread 2618-09-2026 00:29:34 [38;5;015m[INFO]: [0mThis is a info message from thread 218-09-2026 00:29:34 [38;5;009m[ERROR]: [0mThis is a error message from thread 1218-09-2026 00:29:34 [38;5;015m[INFO]: [0mThis is a info message from thread 1118-09-2026 00:29:34 [38;5;117m[DEBUG]: [0mThis is a debug message from thread 418-09-2026 00:29:34 [38;5;015m[INFO]: [0mThis is a info message from thread 318-09-2026 00:29:34 [38;5;009m[ERROR]: [0mThis is a error message from thread 1318-09-2026 00:29:34 [38;5;117m[DEBUG]: [0mThis is a debug message from thread 2418-09-2026 00:29:34 [38;5;009m[ERROR]: [0mThis is a error message from thread 718-09-2026 00:29:34 [38;5;015m[INFO]: [0mThis is a info message from thread 518-09-2026 00:29:34 [38;5;015m[INFO]: [0mThis is a info message from thread 2018-09-2026 00:29:34 [38;5;117m[DEBUG]: [0mThis is a debug message from thread 018-09-2026 00:29:34 [38;5;009m[ERROR]: [0mThis is a error message from thread 218-09-2026 00:29:34 [38;5;117m[DEBUG]: [0mThis is a debug message from thread 2618-09-2026 00:29:34 [38;5;015m[INFO]: [0mThis is a info message from thread 418-09-2026 00:29:34 [38;5;015m[INFO]: [0mThis is a info message from thread 018-09-2026 00:29:34 [38;5;117m[DEBUG]: [0mThis is a debug message from thread 1218-09-2026 00:29:34 [38;5;009m[ERROR]: [0mThis is a error message from thread 1618-09-2026 00:29:34 [38;5;009m[ERROR]: [0mThis is a error message from thread 318-09-2026 00:29:34 [38;5;015m[INFO]: [0mThis is a info message from thread 2118-09-2026 00:29:34 [38;5;117m[DEBUG]: [0mThis is a debug message from thread 1318-09-2026 00:29:34 [38;5;117m[DEBUG]: [0mThis is a debug message from thread 1618-09-2026 00:29:34 [38;5;009m[ERROR]: [0mThis is a error message from thread 018-09-2026 00:29:34 [38;5;117m[DEBUG]: [0mThis is a debug message from thread 218-09-2026 00:29:34 [38;5;117m[DEBUG]: [0mThis is a debug message from thread 2918-09-2026 00:29:34 [38;5;015m[INFO]: [0mThis is a info message from thread 2218-09-2026 00:29:34 [38;5;009m[ERROR]: [0mThis is a error message from thread 2118-09-2026 00:29:34 [38;5;015m[INFO]: [0mThis is a info message from thread 1818-09-2026 00:29:34 [38;5;015m[INFO]: [0mThis is a info message from thread 218-09-2026 00:29:34 [38;5;009m[ERROR]: [0mThis is a error message from thread 418-09-2026 00:29:34 [38;5;009m[ERROR]: [0mThis is a error message from thread 1818-09-2026 00:29:34 [38;5;009m[ERROR]: [0mThis is a error message from thread 218-09-2026 00:29:34 [38;5;009m[ERROR]: [0mThis is a error message from thread 518-09-2026 00:29:34 [38;5;015m[INFO]: [0mThis is a info message from thread 918-09-2026 00:29:34 [38;5;015m[INFO]: [0mThis is a info message from thread 1218-09-2026 00:29:34 [38;5;015m[INFO]: [0mThis is a info message from thread 2318-09-2026 00:29:34 [38;5;117m[DEBUG]: [0mThis is a debug message from thread 418-09-2026 00:29:34 [38;5;015m[INFO]: [0mThis is a info message from thread 2418-09-2026 00:29:34 [38;5;117m[DEBUG]: [0mThis is a debug message from thread 018-09-2026 00:29:34 [38;5;117m[DEBUG]: [0mThis is a debug message from thread 318-09-2026 00:29:34 [38;5;117m[DEBUG]: [0mThis is a debug message from thread 218-09-2026 00:29:34 [38;5;015m[INFO]: [0mThis is a info message from thread 418-09-2026 00:29:34 [38;5;009m[ERROR]: [0mThis is a error message from thread 1218-09-2026 00:29:34 [38;5;015m[INFO]: [0mThis is a info message from thread 1318-09-2026 00:29:34 [38;5;015m[INFO]: [0mThis is a info message from thread 018-09-2026 00:29:34 [38;5;015m[INFO]: [0mThis is a info message from thread 218-09-2026 00:29:34 [38;5;009m[ERROR]: [0mThis is a error message from thread 418-09-2026 00:29:34 [38;5;015m[INFO]: [0mThis is a info message from thread 318-09-2026 00:29:34 [38;5;009m[ERROR]: [0mThis is a error message from thread 2318-09-2026 00:29:34 [38;5;015m[INFO]: [0mThis is a info message from thread 118-09-2026 00:29:34 [38;5;015m[INFO]: [0mThis is a info message from thread 2918-09-2026 00:29:34 [38;5;009m[ERROR]: [0mThis is a error message from thread 218-09-2026 00:29:34 [38;5;009m[ERROR]: [0mThis is a error message from thread 018-09-2026 00:29:34 [38;5;117m[DEBUG]: [0mThis is a debug message from thread 418-09-2026 00:29:34 [38;5;009m[ERROR]: [0mThis is a error message from thread 318-09-2026 00:29:34 [38;5;009m[ERROR]: [0mThis is a error message from thread 918-09-2026 00:29:34 [38;5;015m[INFO]: [0mThis is a info message from thread 2518-09-2026 00:29:34 [38;5;009m[ERROR]: [0mThis is a error message from thread 618-09-2026 00:29:34 [38;5;117m[DEBUG]: [0mThis is a debug message from thread 2318-09-2026 00:29:34 [38;5;009m[ERROR]: [0mThis is a error message from thread 2418-09-2026 00:29:34 [38;5;117m[DEBUG]: [0mThis is a debug message from thread 218-09-2026 00:29:34 [38;5;117m[DEBUG]: [0mThis is a debug message from thread 1918-09-2026 00:29:34 [38;5;015m[INFO]: [0mThis is a info message from thread 218-09-2026 00:29:34 [38;5;015m[INFO]: [0mThis is a info message from thread 2318-09-2026 00:29:34 [38;5;009m[ERROR]: [0mThis is a error message from thread 218-09-2026 00:29:34 [38;5;117m[DEBUG]: [0mThis is a debug message from thread 218-09-2026 00:29:34 [38;5;009m[ERROR]: [0mThis is a error message from thread 2318-09-2026 00:29:34 [38;5;117m[DEBUG]: [0mThis is a debug message from thread 318-09-2026 00:29:34 [38;5;015m[INFO]: [0mThis is a info message from thread 318-09-2026 00:29:34 [38;5;015m[INFO]: [0mThis is a info message from thread 218-09-2026 00:29:34 [38;5;117m[DEBUG]: [0mThis is a debug message from thread 2318-09-2026 00:29:34 [38;5;015m[INFO]: [0mThis is a info message from thread 418-09-2026 00:29:34 [38;5;117m[DEBUG]: [0mThis is a debug message from thread 918-09-2026 00:29:34 [38;5;009m[ERROR]: [0mThis is a error message from thread 1018-09-2026 00:29:34 [38;5;015m[INFO]: [0mThis is a info message from thread 918-09-2026 00:29:34 [38;5;015m[INFO]: [0mThis is a info message from thread 2318-09-2026 00:29:34 [38;5;015m[INFO]: [0mThis is a info message from thread 1518-09-2026 00:29:34 [38;5;015m[INFO]: [0mThis is a info message from thread 1918-09-2026 00:29:34 [38;5;009m[ERROR]: [0mThis is a error message from thread 2318-09-2026 00:29:34 [38;5;009m[ERROR]: [0mThis is a error message from thread 418-09-2026 00:29:34 [38;5;009m[ERROR]: [0mThis is a error message from thread 318-09-2026 00:29:34 [38;5;117m[DEBUG]: [0mThis is a debug message from thread 2818-09-2026 00:29:34 [38;5;117m[DEBUG]: [0mThis is a debug message from thread 2318-09-2026 00:29:34 [38;5;009m[ERROR]: [0mThis is a error message from thread 2718-09-2026 00:29:34 [38;5;015m[INFO]: [0mThis is a info message from thread 818-09-2026 00:29:34 [38;5;009m[ERROR]: [0mThis is a error message from thread 1118-09-2026 00:29:34 [38;5;117m[DEBUG]: [0mThis is a debug message from thread 418-09-2026 00:29:34 [38;5;009m[ERROR]: [0mThis is a error message from thread 2018-09-2026 00:29:34 [38;5;117m[DEBUG]: [0mThis is a debug message from thread 1718-09-2026 00:29:34 [38;5;015m[INFO]: [0mThis is a info message from thread 2318-09-2026 00:29:34 [38;5;015m[INFO]: [0mThis is a info message from thread 418-09-2026 00:29:34 [38;5;009m[ERROR]: [0mThis is a error message from thread 2918-09-2026 00:29:34 [38;5;009m[ERROR]: [0mThis is a error message from thread 1318-09-2026 00:29:34 [38;5;009m[ERROR]: [0mThis is a error message from thread 818-09-2026 00:29:34 [38;5;009m[ERROR]: [0mThis is a error message from thread 418-09-2026 00:29:34 [38;5;117m[DEBUG]: [0mThis is a debug message from thread 718-09-2026 00:29:34 [38;5;117m[DEBUG]: [0mThis is a debug message from thread 2418-09-2026 00:29:34 [38;5;117m[DEBUG]: [0mThis is a debug message from thread 318-09-2026 00:29:34 [38;5;009m[ERROR]: [0mThis is a error message from thread 2218-09-2026 00:29:34 [38;5;015m[INFO]: [0mThis is a info message from thread 1618-09-2026 00:29:34 [38;5;117m[DEBUG]: [0mThis is a debug message from thread 418-09-2026 00:29:34 [38;5;009m[ERROR]: [0mThis is a error message from thread 1618-09-2026 00:29:34 [38;5;117m[DEBUG]: [0mThis is a debug message from thread 1618-09-2026 00:29:34 [38;5;117m[DEBUG]: [0mThis is a debug message from thread 2918-09-2026 00:29:34 [38;5;015m[INFO]: [0mThis is a info message from thread 718-09-2026 00:29:34 [38;5;015m[INFO]: [0mThis is a info message from thread 418-09-2026 00:29:34 [38;5;009m[ERROR]: [0mThis is a error message from thread 418-09-2026 00:29:34 [38;5;015m[INFO]: [0mThis is a info message from thread 1618-09-2026 00:29:34 [38;5;009m[ERROR]: [0mThis is a error message from thread 918-09-2026 00:29:34 [38;5;009m[ERROR]: [0mThis is a error message from thread 1618-09-2026 00:29:34 [38;5;117m[DEBUG]: [0mThis is a debug message from thread 418-09-2026 00:29:34 [38;5;117m[DEBUG]: [0mThis is a debug message from thread 1818-09-2026 00:29:34 [38;5;015m[INFO]: [0mThis is a info message from thread 2918-09-2026 00:29:34 [38;5;117m[DEBUG]: [0mThis is a debug message from thread 1618-09-2026 00:29:34 [38;5;015m[INFO]: [0mThis is a info message from thread 418-09-2026 00:29:34 [38;5;117m[DEBUG]: [0mThis is a debug message from thread 918-09-2026 00:29:34 [38;5;015m[INFO]: [0mThis is a info message from thread 1618-09-2026 00:29:34 [38;5;009m[ERROR]: [0mThis is a error message from thread 418-09-2026 00:29:34 [38;5;117m[DEBUG]: [0mThis is a debug message from thread 1318-09-2026 00:29:34 [38;5;009m[ERROR]: [0mThis is a error message from thread 1618-09-2026 00:29:34 [38;5;015m[INFO]: [0mThis is a info message from thread 318-09-2026 00:29:34 [38;5;015m[INFO]: [0mThis is a info message from thread 1718-09-2026 00:29:34 [38;5;009m[ERROR]: [0mThis is a error message from thread 1718-09-2026 00:29:34 [38;5;009m[ERROR]: [0mThis is a error message from thread 318-09-2026 00:29:34 [38;5;009m[ERROR]: [0mThis is a error message from thread 2918-09-2026 00:29:34 [38;5;015m[INFO]: [0mThis is a info message from thread 1818-09-2026 00:29:34 [38;5;117m[DEBUG]: [0mThis is a debug message from thread 2918-09-2026 00:29:34 [38;5;015m[INFO]: [0mThis is a info message from thread 2918-09-2026 00:29:34 [38;5;117m[DEBUG]: [0mThis is a debug message from thread 318-09-2026 00:29:34 [38;5;117m[DEBUG]: [0mThis is a debug message from thread 418-09-2026 00:29:34 [38;5;009m[ERROR]: [0mThis is a error message from thread 1818-09-2026 00:29:34 [38;5;015m[INFO]: [0mThis is a info message from thread 918-09-2026 00:29:34 [38;5;015m[INFO]: [0mThis is a info message from thread 418-09-2026 00:29:34 [38;5;015m[INFO]: [0mThis is a info message from thread 2418-09-2026 00:29:34 [38;5;117m[DEBUG]: [0mThis is a debug message from thread 1618-09-2026 00:29:34 [38;5;117m[DEBUG]: [0mThis is a debug message from thread 2118-09-2026 00:29:34 [38;5;117m[DEBUG]: [0mThis is a debug message from thread 1118-09-2026 00:29:34 [38;5;117m[DEBUG]: [0mThis is a debug message from thread 1218-09-2026 00:29:34 [38;5;015m[INFO]: [0mThis is a info message from thread 2118-09-2026 00:29:34 [38;5;009m[ERROR]: [0mThis is a error message from thread 418-09-2026 00:29:34 [38;5;117m[DEBUG]: [0mThis is a debug message from thread 818-09-2026 00:29:34 [38;5;009m[ERROR]: [0mThis is a error message from thread 918-09-2026 00:29:34 [38;5;015m[INFO]: [0mThis is a info message from thread 318-09-2026 00:29:34 [38;5;117m[DEBUG]: [0mThis is a debug message from thread 918-09-2026 00:29:34 [38;5;117m[DEBUG]: [0mThis is a debug message from thread 1818-09-2026 00:29:34 [38;5;009m[ERROR]: [0mThis is a error message from thread 2118-09-2026 00:29:34 [38;5;009m[ERROR]: [0mThis is a error message from thread 218-09-2026 00:29:34 [38;5;009m[ERROR]: [0mThis is a error message from thread 1418-09-2026 00:29:34 [38;5;015m[INFO]: [0mThis is a info message from thread 1818-09-2026 00:29:34 [38;5;117m[DEBUG]: [0mThis is a debug message from thread 418-09-2026 00:29:34 [38;5;117m[DEBUG]: [0mThis is a debug message from thread 2218-09-2026 00:29:34 [38;5;009m[ERROR]: [0mThis is a error message from thread 1818-09-2026 00:29:34 [38;5;117m[DEBUG]: [0mThis is a debug message from thread 518-09-2026 00:29:34 [38;5;009m[ERROR]: [0mThis is a error message from thread 318-09-2026 00:29:34 [38;5;009m[ERROR]: [0mThis is a error message from thread 2518-09-2026 00:29:34 [38;5;009m[ERROR]: [0mThis is a error message from thread 2918-09-2026 00:29:34 [38;5;015m[INFO]: [0mThis is a info message from thread 418-09-2026 00:29:34 [38;5;117m[DEBUG]: [0mThis is a debug message from thread 2518-09-2026 00:29:34 [38;5;117m[DEBUG]: [0mThis is a debug message from thread 1818-09-2026 00:29:34 [38;5;117m[DEBUG]: [0mThis is a debug message from thread 218-09-2026 00:29:34 [38;5;015m[INFO]: [0mThis is a info message from thread 218-09-2026 00:29:34 [38;5;117m[DEBUG]: [0mThis is a debug message from thread 1418-09-2026 00:29:34 [38;5;015m[INFO]: [0mThis is a info message from thread 818-09-2026 00:29:34 [38;5;015m[INFO]: [0mThis is a info message from thread 1418-09-2026 00:29:34 [38;5;009m[ERROR]: [0mThis is a error message from thread 818-09-2026 00:29:34 [38;5;015m[INFO]: [0mThis is a info message from thread 1818-09-2026 00:29:34 [38;5;117m[DEBUG]: [0mThis is a debug message from thread 318-09-2026 00:29:34 [38;5;117m[DEBUG]: [0mThis is a debug message from thread 018-09-2026 00:29:34 [38;5;009m[ERROR]: [0mThis is a error message from thread 418-09-2026 00:29:34 [38;5;117m[DEBUG]: [0mThis is a debug message from thread 418-09-2026 00:29:34 [38;5;015m[INFO]: [0mThis is a info message from thread 418-09-2026 00:29:34 [38;5;015m[INFO]: [0mThis is a info message from thread 2518-09-2026 00:29:34 [38;5;009m[ERROR]: [0mThis is a error message from thread 418-09-2026 00:29:34 [38;5;009m[ERROR]: [0mThis is a error message from thread 2518-09-2026 00:29:34 [38;5;009m[ERROR]: [0mThis is a error message from thread 1818-09-2026 00:29:34 [38;5;009m[ERROR]: [0mThis is a error message from thread 2418-09-2026 00:29:34 [38;5;015m[INFO]: [0mThis is a info message from thread 018-09-2026 00:29:34 [38;5;117m[DEBUG]: [0mThis is a debug message from thread 418-09-2026 00:29:34 [38;5;117m[DEBUG]: [0mThis is a debug message from thread 2518-09-2026 00:29:34 [38;5;117m[DEBUG]: [0mThis is a debug message from thread 2918-09-2026 00:29:34 [38;5;009m[ERROR]: [0mThis is a error message from thread 018-09-2026 00:29:34 [38;5;015m[INFO]: [0mThis is a info message from thread 418-09-2026 00:29:34 [38;5;015m[INFO]: [0mThis is a info message from thread 2518-09-2026 00:29:34 [38;5;117m[DEBUG]: [0mThis is a debug message from thread 2018-09-2026 00:29:34 [38;5;117m[DEBUG]: [0mThis is a debug message from thread 1718-09-2026 00:29:34 [38;5;009m[ERROR]: [0mThis is a error message from thread 1418-09-2026 00:29:34 [38;5;117m[DEBUG]: [0mThis is a debug message from thread 2118-09-2026 00:29:34 [38;5;015m[INFO]: [0mThis is a info message from thread 518-09-2026 00:29:34 [38;5;015m[INFO]: [0mThis is a info message from thread 1618-09-2026 00:29:34 [38;5;009m[ERROR]: [0mThis is a error message from thread 118-09-2026 00:29:34 [38;5;009m[ERROR]: [0mThis is a error message from thread 2318-09-2026 00:29:34 [38;5;015m[INFO]: [0mThis is a info message from thread 1318-09-2026 00:29:34 [38;5;015m[INFO]: [0mThis is a info message from thread 2018-09-2026 00:29:34 [38;5;015m[INFO]: [0mThis is a info message from thread 918-09-2026 00:29:34 [38;5;015m[INFO]: [0mThis is a info message from thread 2118-09-2026 00:29:34 [38;5;009m[ERROR]: [0mThis is a error message from thread 1618-09-2026 00:29:34 [38;5;015m[INFO]: [0mThis is a info message from thread 1718-09-2026 00:29:34 [38;5;117m[DEBUG]: [0mThis is a debug message from thread 2318-09-2026 00:29:34 [38;5;117m[DEBUG]: [0mThis is a debug message from thread 018-09-2026 00:29:34 [38;5;015m[INFO]: [0mThis is a info message from thread 1118-09-2026 00:29:34 [38;5;117m[DEBUG]: [0mThis is a debug message from thread 1018-09-2026 00:29:34 [38;5;009m[ERROR]: [0mThis is a error message from thread 1918-09-2026 00:29:34 [38;5;015m[INFO]: [0mThis is a info message from thread 1218-09-2026 00:29:34 [38;5;117m[DEBUG]: [0mThis is a debug message from thread 1618-09-2026 00:29:34 [38;5;009m[ERROR]: [0mThis is a error message from thread 718-09-2026 00:29:34 [38;5;009m[ERROR]: [0mThis is a error message from thread 1218-09-2026 00:29:34 [38;5;009m[ERROR]: [0mThis is a error message from thread 1718-09-2026 00:29:34 [38;5;009m[ERROR]: [0mThis is a error message from thread 2518-09-2026 00:29:34 [38;5;009m[ERROR]: [0mThis is a error message from thread 418-09-2026 00:29:34 [38;5;117m[DEBUG]: [0mThis is a debug message from thread 1818-09-2026 00:29:34 [38;5;009m[ERROR]: [0mThis is a error message from thread 1518-09-2026 00:29:34 [38;5;015m[INFO]: [0mThis is a info message from thread 2818-09-2026 00:29:34 [38;5;117m[DEBUG]: [0mThis is a debug message from thread 618-09-2026 00:29:34 [38;5;117m[DEBUG]: [0mThis is a debug message from thread 1218-09-2026 00:29:34 [38;5;015m[INFO]: [0mThis is a info message from thread 2318-09-2026 00:29:34 [38;5;009m[ERROR]: [0mThis is a error message from thread 1318-09-2026 00:29:34 [38;5;015m[INFO]: [0mThis is a info message from thread 1618-09-2026 00:29:34 [38;5;117m[DEBUG]: [0mThis is a debug message from thread 818-09-2026 00:29:34 [38;5;009m[ERROR]: [0mThis is a error message from thread 2118-09-2026 00:29:34 [38;5;015m[INFO]: [0mThis is a info message from thread 1018-09-2026 00:29:34 [38;5;015m[INFO]: [0mThis is a info message from thread 1818-09-2026 00:29:34 [38;5;015m[INFO]: [0mThis is a info message from thread 2218-09-2026 00:29:34 [38;5;015m[INFO]: [0mThis is a info message from thread 818-09-2026 00:29:34 [38;5;009m[ERROR]: [0mThis is a error message from thread 2218-09-2026 00:29:34 [38;5;117m[DEBUG]: [0mThis is a debug message from thread 2718-09-2026 00:29:34 [38;5;117m[DEBUG]: [0mThis is a debug message from thread 1318-09-2026 00:29:34 [38;5;117m[DEBUG]: [0mThis is a debug message from thread 418-09-2026 00:29:34 [38;5;009m[ERROR]: [0mThis is a error message from thread 818-09-2026 00:29:34 [38;5;009m[ERROR]: [0mThis is a error message from thread 1818-09-2026 00:29:34 [38;5;015m[INFO]: [0mThis is a info message from thread 2718-09-2026 00:29:34 [38;5;015m[INFO]: [0mThis is a info message from thread 1318-09-2026 00:29:34 [38;5;117m[DEBUG]: [0mThis is a debug message from thread 1518-09-2026 00:29:34 [38;5;117m[DEBUG]: [0mThis is a debug message from thread 818-09-2026 00:29:34 [38;5;009m[ERROR]: [0mThis is a error message from thread 1018-09-2026 00:29:34 [38;5;009m[ERROR]: [0mThis is a error message from thread 2018-09-2026 00:29:34 [38;5;015m[INFO]: [0mThis is a info message from thread 2618-09-2026 00:29:34 [38;5;117m[DEBUG]: [0mThis is a debug message from thread 2218-09-2026 00:29:34 [38;5;015m[INFO]: [0mThis is a info message from thread 318-09-2026 00:29:34 [38;5;117m[DEBUG]: [0mThis is a debug message from thread 2518-09-2026 00:29:34 [38;5;117m[DEBUG]: [0mThis is a debug message from thread 2118-09-2026 00:29:34 [38;5;015m[INFO]: [0mThis is a info message from thread 818-09-2026 00:29:34 [38;5;117m[DEBUG]: [0mThis is a debug message from thread 118-09-2026 00:29:34 [38;5;009m[ERROR]: [0mThis is a error message from thread 2818-09-2026 00:29:34 [38;5;015m[INFO]: [0mThis is a info message from thread 018-09-2026 00:29:34 [38;5;117m[DEBUG]: [0mThis is a debug message from thread 718-09-2026 00:29:34 [38;5;009m[ERROR]: [0mThis is a error message from thread 2318-09-2026 00:29:34 [38;5;015m[INFO]: [0mThis is a info message from thread 2218-09-2026 00:29:34 [38;5;117m[DEBUG]: [0mThis is a debug message from thread 1418-09-2026 00:29:34 [38;5;015m[INFO]: [0mThis is a info message from thread 1218-09-2026 00:29:34 [38;5;009m[ERROR]: [0mThis is a error message from thread 818-09-2026 00:29:34 [38;5;015m[INFO]: [0mThis is a info message from thread 2918-09-2026 00:29:34 [38;5;015m[INFO]: [0mThis is a info message from thread 2118-09-2026 00:29:34 [38;5;117m[DEBUG]: [0mThis is a debug message from thread 2418-09-2026 00:29:34 [38;5;009m[ERROR]: [0mThis is a error message from thread 1318-09-2026 00:29:34 [38;5;009m[ERROR]: [0mThis is a error message from thread 2118-09-2026 00:29:34 [38;5;015m[INFO]: [0mThis is a info message from thread 1518-09-2026 00:29:34 [38;5;009m[ERROR]: [0mThis is a error message from thread 1618-09-2026 00:29:34 [38;5;009m[ERROR]: [0mThis is a error message from thread 2718-09-2026 00:29:34 [38;5;009m[ERROR]: [0mThis is a error message from thread 218-09-2026 00:29:34 [38;5;015m[INFO]: [0mThis is a info message from thread 118-09-2026 00:29:34 [38;5;015m[INFO]: [0mThis is a info message from thread 418-09-2026 00:29:34 [38;5;117m[DEBUG]: [0mThis is a debug message from thread 218-09-2026 00:29:34 [38;5;009m[ERROR]: [0mThis is a error message from thread 1218-09-2026 00:29:34 [38;5;117m[DEBUG]: [0mThis is a debug message from thread 818-09-2026 00:29:34 [38;5;009m[ERROR]: [0mThis is a error message from thread 418-09-2026 00:29:34 [38;5;009m[ERROR]: [0mThis is a error message from thread 1518-09-2026 00:29:34 [38;5;117m[DEBUG]: [0mThis is a debug message from thread 1618-09-2026 00:29:34 [38;5;117m[DEBUG]: [0mThis is a debug message from thread 418-09-2026 00:29:34 [38;5;117m[DEBUG]: [0mThis is a debug message from thread 1318-09-2026 00:29:34 [38;5;015m[INFO]: [0mThis is a info message from thread 818-09-2026 00:29:34 [38;5;009m[ERROR]: [0mThis is a error message from thread 1118-09-2026 00:29:34 [38;5;015m[INFO]: [0mThis is a info message from thread 218-09-2026 00:29:34 [38;5;117m[DEBUG]: [0mThis is a debug message from thread 2118-09-2026 00:29:34 [38;5;015m[INFO]: [0mThis is a info message from thread 1618-09-2026 00:29:34 [38;5;015m[INFO]: [0mThis is a info message from thread 418-09-2026 00:29:34 [38;5;009m[ERROR]: [0mThis is a error message from thread 818-09-2026 00:29:34 [38;5;015m[INFO]: [0mThis is a info message from thread 2418-09-2026 00:29:34 [38;5;015m[INFO]: [0mThis is a info message from thread 2118-09-2026 00:29:34 [38;5;009m[ERROR]: [0mThis is a error message from thread 518-09-2026 00:29:34 [38;5;117m[DEBUG]: [0mThis is a debug message from thread 1218-09-2026 00:29:34 [38;5;009m[ERROR]: [0mThis is a error message from thread 2918-09-2026 00:29:34 [38;5;117m[DEBUG]: [0mThis is a debug message from thread 818-09-2026 00:29:34 [38;5;117m[DEBUG]: [0mThis is a debug message from thread 1118-09-2026 00:29:34 [38;5;117m[DEBUG]: [0mThis is a debug message from thread 518-09-2026 00:29:34 [38;5;009m[ERROR]: [0mThis is a error message from thread 2118-09-2026 00:29:34 [38;5;009m[ERROR]: [0mThis is a error message from thread 418-09-2026 00:29:34 [38;5;015m[INFO]: [0mThis is a info message from thread 1118-09-2026 00:29:34 [38;5;117m[DEBUG]: [0mThis is a debug message from thread 1018-09-2026 00:29:34 [38;5;117m[DEBUG]: [0mThis is a debug message from thread 1518-09-2026 00:29:34 [38;5;009m[ERROR]: [0mThis is a error message from thread 118-09-2026 00:29:34 [38;5;015m[INFO]: [0mThis is a info message from thread 818-09-2026 00:29:34 [38;5;009m[ERROR]: [0mThis is a error message from thread 818-09-2026 00:29:34 [38;5;117m[DEBUG]: [0mThis is a debug message from thread 2918-09-2026 00:29:34 [38;5;117m[DEBUG]: [0mThis is a debug message from thread 418-09-2026 00:29:34 [38;5;015m[INFO]: [0mThis is a info message from thread 1518-09-2026 00:29:34 [38;5;117m[DEBUG]: [0mThis is a debug message from thread 118-09-2026 00:29:34 [38;5;015m[INFO]: [0mThis is a info message from thread 418-09-2026 00:29:34 [38;5;009m[ERROR]: [0mThis is a error message from thread 1518-09-2026 00:29:34 [38;5;015m[INFO]: [0mThis is a info message from thread 118-09-2026 00:29:34 [38;5;009m[ERROR]: [0mThis is a error message from thread 418-09-2026 00:29:34 [38;5;009m[ERROR]: [0mThis is a error message from thread 2418-09-2026 00:29:34 [38;5;015m[INFO]: [0mThis is a info message from thread 2918-09-2026 00:29:34 [38;5;009m[ERROR]: [0mThis is a error message from thread 1118-09-2026 00:29:34 [38;5;117m[DEBUG]: [0mThis is a debug message from thread 2118-09-2026 00:29:34 [38;5;009m[ERROR]: [0mThis is a error message from thread 2918-09-2026 00:29:34 [38;5;117m[DEBUG]: [0mThis is a debug message from thread 1118-09-2026 00:29:34 [38;5;015m[INFO]: [0mThis is a info message from thread 1418-09-2026 00:29:34 [38;5;015m[INFO]: [0mThis is a info message from thread 2118-09-2026 00:29:34 [38;5;117m[DEBUG]: [0mThis is a debug message from thread 2418-09-2026 00:29:34 [38;5;009m[ERROR]: [0mThis is a error message from thread 318-09-2026 00:29:34 [38;5;015m[INFO]: [0mThis is a info message from thread 1318-09-2026 00:29:34 [38;5;015m[INFO]: [0mThis is a info message from thread 2418-09-2026 00:29:34 [38;5;009m[ERROR]: [0mThis is a error message from thread 1418-09-2026 00:29:34 [38;5;015m[INFO]: [0mThis is a info message from thread 1118-09-2026 00:29:34 [38;5;117m[DEBUG]: [0mThis is a debug message from thread 1918-09-2026 00:29:34 [38;5;009m[ERROR]: [0mThis is a error message from thread 1318-09-2026 00:29:34 [38;5;117m[DEBUG]: [0mThis is a debug message from thread 318-09-2026 00:29:34 [38;5;009m[ERROR]: [0mThis is a error message from thread 2418-09-2026 00:29:34 [38;5;117m[DEBUG]: [0mThis is a debug message from thread 1318-09-2026 00:29:34 [38;5;015m[INFO]: [0mThis is a info message from thread 1918-09-2026 00:29:34 [38;5;117m[DEBUG]: [0mThis is a debug message from thread 2418-09-2026 00:29:34 [38;5;015m[INFO]: [0mThis is a info message from thread 1318-09-2026 00:29:34 [38;5;015m[INFO]: [0mThis is a info message from thread 318-09-2026 00:29:34 [38;5;015m[INFO]: [0mThis is a info message from thread 2418-09-2026 00:29:34 [38;5;009m[ERROR]: [0mThis is a error message from thread 1318-09-2026 00:29:34 [38;5;009m[ERROR]: [0mThis is a error message from thread 1918-09-2026 00:29:34 [38;5;009m[ERROR]: [0mThis is a error message from thread 318-09-2026 00:29:34 [38;5;117m[DEBUG]: [0mThis is a debug message from thread 1918-09-2026 00:29:34 [38;5;009m[ERROR]: [0mThis is a error message from thread 2418-09-2026 00:29:34 [38;5;117m[DEBUG]: [0mThis is a debug message from thread 1318-09-2026 00:29:34 [38;5;117m[DEBUG]: [0mThis is a debug message from thread 318-09-2026 00:29:34 [38;5;117m[DEBUG]: [0mThis is a debug message from thread 2018-09-2026 00:29:34 [38;5;117m[DEBUG]: [0mThis is a debug message from thread 1418-09-2026 00:29:34 [38;5;117m[DEBUG]: [0mThis is a debug message from thread 818-09-2026 00:29:34 [38;5;117m[DEBUG]: [0mThis is a debug message from thread 1718-09-2026 00:29:34 [38;5;015m[INFO]: [0mThis is a info message from thread 518-09-2026 00:29:34 [38;5;009m[ERROR]: [0mThis is a error message from thread 2618-09-2026 00:29:34 [38;5;015m[INFO]: [0mThis is a info message from thread 818-09-2026 00:29:34 [38;5;015m[INFO]: [0mThis is a info message from thread 2018-09-2026 00:29:34 [38;5;015m[INFO]: [0mThis is a info message from thread 2518-09-2026 00:29:34 [38;5;117m[DEBUG]: [0mThis is a debug message from thread 1518-09-2026 00:29:34 [38;5;117m[DEBUG]: [0mThis is a debug message from thread 2618-09-2026 00:29:34 [38;5;009m[ERROR]: [0mThis is a error message from thread 1618-09-2026 00:29:34 [38;5;015m[INFO]: [0mThis is a info message from thread 2618-09-2026 00:29:34 [38;5;009m[ERROR]: [0mThis is a error message from thread 518-09-2026 00:29:34 [38;5;009m[ERROR]: [0mThis is a error message from thread 2018-09-2026 00:29:34 [38;5;009m[ERROR]: [0mThis is a error message from thread 2518-09-2026 00:29:34 [38;5;009m[ERROR]: [0mThis is a error message from thread 1118-09-2026 00:29:34 [38;5;009m[ERROR]: [0mThis is a error message from thread 818-09-2026 00:29:34 [38;5;015m[INFO]: [0mThis is a info message from thread 1018-09-2026 00:29:34 [38;5;117m[DEBUG]: [0mThis is a debug message from thread 2318-09-2026 00:29:34 [38;5;015m[INFO]: [0mThis is a info message from thread 718-09-2026 00:29:34 [38;5;009m[ERROR]: [0mThis is a error message from thread 2618-09-2026 00:29:34 [38;5;117m[DEBUG]: [0mThis is a debug message from thread 2018-09-2026 00:29:34 [38;5;117m[DEBUG]: [0mThis is a debug message from thread 518-09-2026 00:29:34 [38;5;015m[INFO]: [0mThis is a info message from thread 1918-09-2026 00:29:34 [38;5;117m[DEBUG]: [0mThis is a debug message from thread 1118-09-2026 00:29:34 [38;5;117m[DEBUG]: [0mThis is a debug message from thread 2918-09-2026 00:29:34 [38;5;117m[DEBUG]: [0mThis is a debug message from thread 2818-09-2026 00:29:34 [38;5;015m[INFO]: [0mThis is a info message from thread 618-09-2026 00:29:34 [38;5;015m[INFO]: [0mThis is a info message from thread 318-09-2026 00:29:34 [38;5;117m[DEBUG]: [0mThis is a debug message from thread 2618-09-2026 00:29:34 [38;5;015m[INFO]: [0mThis is a info message from thread 518-09-2026 00:29:34 [38;5;015m[INFO]: [0mThis is a info message from thread 1318-09-2026 00:29:34 [38;5;009m[ERROR]: [0mThis is a error message from thread 1918-09-2026 00:29:34 [38;5;117m[DEBUG]: [0mThis is a debug message from thread 418-09-2026 00:29:34 [38;5;009m[ERROR]: [0mThis is a error message from thread 618-09-2026 00:29:34 [38;5;015m[INFO]: [0mThis is a info message from thread 2318-09-2026 00:29:34 [38;5;117m[DEBUG]: [0mThis is a debug message from thread 818-09-2026 00:29:34 [38;5;009m[ERROR]: [0mThis is a error message from thread 1318-09-2026 00:29:34 [38;5;015m[INFO]: [0mThis is a info message from thread 1218-09-2026 00:29:34 [38;5;117m[DEBUG]: [0mThis is a debug message from thread 1818-09-2026 00:29:34 [38;5;015m[INFO]: [0mThis is a info message from thread 1418-09-2026 00:29:34 [38;5;117m[DEBUG]: [0mThis is a debug message from thread 1918-09-2026 00:29:34 [38;5;009m[ERROR]: [0mThis is a error message from thread 518-09-2026 00:29:34 [38;5;015m[INFO]: [0mThis is a info message from thread 2918-09-2026 00:29:34 [38;5;015m[INFO]: [0mThis is a info message from thread 1918-09-2026 00:29:34 [38;5;009m[ERROR]: [0mThis is a error message from thread 1218-09-2026 00:29:34 [38;5;117m[DEBUG]: [0mThis is a debug message from thread 1318-09-2026 00:29:34 [38;5;009m[ERROR]: [0mThis is a error message from thread 1918-09-2026 00:29:34 [38;5;117m[DEBUG]: [0mThis is a debug message from thread 618-09-2026 00:29:34 [38;5;015m[INFO]: [0mThis is a info message from thread 1818-09-2026 00:29:34 [38;5;117m[DEBUG]: [0mThis is a debug message from thread 1218-09-2026 00:29:34 [38;5;015m[INFO]: [0mThis is a info message from thread 1318-09-2026 00:29:34 [38;5;117m[DEBUG]: [0mThis is a debug message from thread 518-09-2026 00:29:34 [38;5;015m[INFO]: [0mThis is a info message from thread 1218-09-2026 00:29:34 [38;5;117m[DEBUG]: [0mThis is a debug message from thread 1918-09-2026 00:29:34 [38;5;015m[INFO]: [0mThis is a info message from thread 618-09-2026 00:29:34 [38;5;015m[INFO]: [0mThis is a info message from thread 2618-09-2026 00:29:34 [38;5;009m[ERROR]: [0mThis is a error message from thread 1018-09-2026 00:29:34 [38;5;009m[ERROR]: [0mThis is a error message from thread 118-09-2026 00:29:34 [38;5;015m[INFO]: [0mThis is a info message from thread 2818-09-2026 00:29:34 [38;5;015m[INFO]: [0mThis is a info message from thread 1718-09-2026 00:29:34 [38;5;009m[ERROR]: [0mThis is a error message from thread 2318-09-2026 00:29:34 [38;5;009m[ERROR]: [0mThis is a error message from thread 618-09-2026 00:29:34 [38;5;009m[ERROR]: [0mThis is a error message from thread 1718-09-2026 00:29:34 [38;5;015m[INFO]: [0mThis is a info message from thread 1118-09-2026 00:29:34 [38;5;009m[ERROR]: [0mThis is a error message from thread 718-09-2026 00:29:34 [38;5;015m[INFO]: [0mThis is a info message from thread 2018-09-2026 00:29:34 [38;5;009m[ERROR]: [0mThis is a error message from thread 018-09-2026 00:29:34 [38;5;009m[ERROR]: [0mThis is a error message from thread 2818-09-2026 00:29:34 [38;5;015m[INFO]: [0mThis is a info message from thread 418-09-2026 00:29:34 [38;5;117m[DEBUG]: [0mThis is a debug message from thread 1718-09-2026 00:29:34 [38;5;009m[ERROR]: [0mThis is a error message from thread 2018-09-2026 00:29:34 [38;5;009m[ERROR]: [0mThis is a error message from thread 1118-09-2026 00:29:34 [38;5;117m[DEBUG]: [0mThis is a debug message from thread 2318-09-2026 00:29:34 [38;5;009m[ERROR]: [0mThis is a error message from thread 1418-09-2026 00:29:34 [38;5;009m[ERROR]: [0mThis is a error message from thread 2918-09-2026 00:29:34 [38;5;009m[ERROR]: [0mThis is a error message from thread 918-09-2026 00:29:34 [38;5;015m[INFO]: [0mThis is a info message from thread 818-09-2026 00:29:34 [38;5;117m[DEBUG]: [0mThis is a debug message from thread 2818-09-2026 00:29:34 [38;5;117m[DEBUG]: [0mThis is a debug message from thread 1118-09-2026 00:29:34 [38;5;009m[ERROR]: [0mThis is a error message from thread 2118-09-2026 00:29:34 [38;5;117m[DEBUG]: [0mThis is a debug message from thread 118-09-2026 00:29:34 [38;5;015m[INFO]: [0mThis is a info message from thread 1718-09-2026 00:29:34 [38;5;009m[ERROR]: [0mThis is a error message from thread 2618-09-2026 00:29:34 [38;5;015m[INFO]: [0mThis is a info message from thread 1518-09-2026 00:29:34 [38;5;015m[INFO]: [0mThis is a info message from thread 2318-09-2026 00:29:34 [38;5;009m[ERROR]: [0mThis is a error message from thread 1218-09-2026 00:29:34 [38;5;009m[ERROR]: [0mThis is a error message from thread 218-09-2026 00:29:34 [38;5;009m[ERROR]: [0mThis is a error message from thread 1518-09-2026 00:29:34 [38;5;117m[DEBUG]: [0mThis is a debug message from thread 2618-09-2026 00:29:34 [38;5;117m[DEBUG]: [0mThis is a debug message from thread 1418-09-2026 00:29:34 [38;5;009m[ERROR]: [0mThis is a error message from thread 2218-09-2026 00:29:34 [38;5;009m[ERROR]: [0mThis is a error message from thread 1718-09-2026 00:29:34 [38;5;117m[DEBUG]: [0mThis is a debug message from thread 2118-09-2026 00:29:34 [38;5;117m[DEBUG]: [0mThis is a debug message from thread 2018-09-2026 00:29:34 [38;5;009m[ERROR]: [0mThis is a error message from thread 1818-09-2026 00:29:34 [38;5;009m[ERROR]: [0mThis is a error message from thread 418-09-2026 00:29:34 [38;5;015m[INFO]: [0mThis is a info message from thread 2018-09-2026 00:29:34 [38;5;015m[INFO]: [0mThis is a info message from thread 1118-09-2026 00:29:34 [38;5;009m[ERROR]: [0mThis is a error message from thread 2318-09-2026 00:29:34 [38;5;117m[DEBUG]: [0mThis is a debug message from thread 218-09-2026 00:29:34 [38;5;117m[DEBUG]: [0mThis is a debug message from thread 918-09-2026 00:29:34 [38;5;117m[DEBUG]: [0mThis is a debug message from thread 2718-09-2026 00:29:34 [38;5;117m[DEBUG]: [0mThis is a debug message from thread 1718-09-2026 00:29:34 [38;5;117m[DEBUG]: [0mThis is a debug message from thread 2518-09-2026 00:29:34 [38;5;117m[DEBUG]: [0mThis is a debug message from thread 1518-09-2026 00:29:34 [38;5;117m[DEBUG]: [0mThis is a debug message from thread 1618-09-2026 00:29:34 [38;5;117m[DEBUG]: [0mThis is a debug message from thread 2218-09-2026 00:29:34 [38;5;117m[DEBUG]: [0mThis is a debug message from thread 1218-09-2026 00:29:34 [38;5;015m[INFO]: [0mThis is a info message from thread 2218-09-2026 00:29:34 [38;5;009m[ERROR]: [0mThis is a error message from thread 1118-09-2026 00:29:34 [38;5;015m[INFO]: [0mThis is a info message from thread 918-09-2026 00:29:34 [38;5;117m[DEBUG]: [0mThis is a debug message from thread 2918-09-2026 00:29:34 [38;5;117m[DEBUG]: [0mThis is a debug message from thread 1118-09-2026 00:29:34 [38;5;009m[ERROR]: [0mThis is a error message from thread 2018-09-2026 00:29:34 [38;5;015m[INFO]: [0mThis is a info message from thread 118-09-2026 00:29:34 [38;5;015m[INFO]: [0mThis is a info message from thread 1618-09-2026 00:29:34 [38;5;015m[INFO]: [0mThis is a info message from thread 518-09-2026 00:29:34 [38;5;117m[DEBUG]: [0mThis is a debug message from thread 018-09-2026 00:29:34 [38;5;117m[DEBUG]: [0mThis is a debug message from thread 1018-09-2026 00:29:34 [38;5;015m[INFO]: [0mThis is a info message from thread 1418-09-2026 00:29:34 [38;5;015m[INFO]: [0mThis is a info message from thread 1018-09-2026 00:29:34 [38;5;015m[INFO]: [0mThis is a info message from thread 018-09-2026 00:29:34 [38;5;015m[INFO]: [0mThis is a info message from thread 2818-09-2026 00:29:34 [38;5;009m[ERROR]: [0mThis is a error message from thread 118-09-2026 00:29:34 [38;5;009m[ERROR]: [0mThis is a error message from thread 1018-09-2026 00:29:34 [38;5;117m[DEBUG]: [0mThis is a debug message from thread 118-09-2026 00:29:34 [38;5;117m[DEBUG]: [0mThis is a debug message from thread 1018-09-2026 00:29:34 [38;5;015m[INFO]: [0mThis is a info message from thread 1918-09-2026 00:29:34 [38;5;015m[INFO]: [0mThis is a info message from thread 1018-09-2026 00:29:34 [38;5;015m[INFO]: [0mThis is a info message from thread 1218-09-2026 00:29:34 [38;5;117m[DEBUG]: [0mThis is a debug message from thread 1818-09-2026 00:29:34 [38;5;009m[ERROR]: [0mThis is a error message from thread 018-09-2026 00:29:34 [38;5;117m[DEBUG]: [0mThis is a debug message from thread 418-09-2026 00:29:34 [38;5;015m[INFO]: [0mThis is a info message from thread 2718-09-2026 00:29:34 [38;5;009m[ERROR]: [0mThis is a error message from thread 1418-09-2026 00:29:34 [38;5;009m[ERROR]: [0mThis is a error message from thread 2718-09-2026 00:29:34 [38;5;015m[INFO]: [0mThis is a info message from thread 2918-09-2026 00:29:34 [38;5;117m[DEBUG]: [0mThis is a debug message from thread 2018-09-2026 00:29:34 [38;5;009m[ERROR]: [0mThis is a error message from thread 818-09-2026 00:29:34 [38;5;117m[DEBUG]: [0mThis is a debug message from thread 2418-09-2026 00:29:34 [38;5;117m[DEBUG]: [0mThis is a debug message from thread 2318-09-2026 00:29:34 [38;5;009m[ERROR]: [0mThis is a error message from thread 518-09-2026 00:29:34 [38;5;015m[INFO]: [0mThis is a info message from thread 1718-09-2026 00:29:34 [38;5;015m[INFO]: [0mThis is a info message from thread 218-09-2026 00:29:34 [38;5;015m[INFO]: [0mThis is a info message from thread 2418-09-2026 00:29:34 [38;5;015m[INFO]: [0mThis is a info message from thread 2118-09-2026 00:29:34 [38;5;117m[DEBUG]: [0mThis is a debug message from thread 018-09-2026 00:29:34 [38;5;015m[INFO]: [0mThis is a info message from thread 2518-09-2026 00:29:34 [38;5;117m[DEBUG]: [0mThis is a debug message from thread 818-09-2026 00:29:34 [38;5;009m[ERROR]: [0mThis is a error message from thread 1718-09-2026 00:29:34 [38;5;009m[ERROR]: [0mThis is a error message from thread 2818-09-2026 00:29:34 [38;5;009m[ERROR]: [0mThis is a error message from thread 1918-09-2026 00:29:34 [38;5;009m[ERROR]: [0mThis is a error message from thread 2118-09-2026 00:29:34 [38;5;015m[INFO]: [0mThis is a info message from thread 018-09-2026 00:29:34 [38;5;009m[ERROR]: [0mThis is a error message from thread 2918-09-2026 00:29:34 [38;5;117m[DEBUG]: [0mThis is a debug message from thread 518-09-2026 00:29:34 [38;5;015m[INFO]: [0mThis is a info message from thread 418-09-2026 00:29:34 [38;5;117m[DEBUG]: [0mThis is a debug message from thread 1718-09-2026 00:29:34 [38;5;015m[INFO]: [0mThis is a info message from thread 2318-09-2026 00:29:34 [38;5;117m[DEBUG]: [0mThis is a debug message from thread 1418-09-2026 00:29:34 [38;5;117m[DEBUG]: [0mThis is a debug message from thread 2918-09-2026 00:29:34 [38;5;117m[DEBUG]: [0mThis is a debug message from thread 2718-09-2026 00:29:34 [38;5;015m[INFO]: [0mThis is a info message from thread 1818-09-2026 00:29:34 [38;5;015m[INFO]: [0mThis is a info message from thread 1518-09-2026 00:29:34 [38;5;117m[DEBUG]: [0mThis is a debug message from thread 618-09-2026 00:29:34 [38;5;015m[INFO]: [0mThis is a info message from thread 1118-09-2026 00:29:34 [38;5;009m[ERROR]: [0mThis is a error message from thread 018-09-2026 00:29:34 [38;5;015m[INFO]: [0mThis is a info message from thread 1718-09-2026 00:29:34 [38;5;015m[INFO]: [0mThis is a info message from thread 2718-09-2026 00:29:34 [38;5;009m[ERROR]: [0mThis is a error message from thread 2218-09-2026 00:29:34 [38;5;117m[DEBUG]: [0mThis is a debug message from thread 2218-09-2026 00:29:34 [38;5;009m[ERROR]: [0mThis is a error message from thread 218-09-2026 00:29:34 [38;5;009m[ERROR]: [0mThis is a error message from thread 2718-09-2026 00:29:34 [38;5;009m[ERROR]: [0mThis is a error message from thread 418-09-2026 00:29:34 [38;5;009m[ERROR]: [0mThis is a error message from thread 1818-09-2026 00:29:34 [38;5;009m[ERROR]: [0mThis is a error message from thread 1718-09-2026 00:29:34 [38;5;015m[INFO]: [0mThis is a info message from thread 2218-09-2026 00:29:34 [38;5;009m[ERROR]: [0mThis is a error message from thread 1618-09-2026 00:29:34 [38;5;009m[ERROR]: [0mThis is a error message from thread 1118-09-2026 00:29:34 [38;5;015m[INFO]: [0mThis is a info message from thread 518-09-2026 00:29:34 [38;5;015m[INFO]: [0mThis is a info message from thread 118-09-2026 00:29:34 [38;5;015m[INFO]: [0mThis is a info message from thread 1418-09-2026 00:29:34 [38;5;117m[DEBUG]: [0mThis is a debug message from thread 418-09-2026 00:29:34 [38;5;117m[DEBUG]: [0mThis is a debug message from thread 1718-09-2026 00:29:34 [38;5;117m[DEBUG]: [0mThis is a debug message from thread 2818-09-2026 00:29:34 [38;5;117m[DEBUG]: [0mThis is a debug message from thread 2118-09-2026 00:29:34 [38;5;015m[INFO]: [0mThis is a info message from thread 2018-09-2026 00:29:34 [38;5;009m[ERROR]: [0mThis is a error message from thread 2518-09-2026 00:29:34 [38;5;117m[DEBUG]: [0mThis is a debug message from thread 1118-09-2026 00:29:34 [38;5;009m[ERROR]: [0mThis is a error message from thread 118-09-2026 00:29:34 [38;5;009m[ERROR]: [0mThis is a error message from thread 1018-09-2026 00:29:34 [38;5;015m[INFO]: [0mThis is a info message from thread 2118-09-2026 00:29:34 [38;5;015m[INFO]: [0mThis is a info message from thread 1718-09-2026 00:29:34 [38;5;117m[DEBUG]: [0mThis is a debug message from thread 718-09-2026 00:29:34 [38;5;009m[ERROR]: [0mThis is a error message from thread 2018-09-2026 00:29:34 [38;5;117m[DEBUG]: [0mThis is a debug message from thread 118-09-2026 00:29:34 [38;5;009m[ERROR]: [0mThis is a error message from thread 1318-09-2026 00:29:34 [38;5;009m[ERROR]: [0mThis is a error message from thread 2118-09-2026 00:29:34 [38;5;009m[ERROR]: [0mThis is a error message from thread 918-09-2026 00:29:34 [38;5;009m[ERROR]: [0mThis is a error message from thread 1718-09-2026 00:29:34 [38;5;117m[DEBUG]: [0mThis is a debug message from thread 1318-09-2026 00:29:34 [38;5;117m[DEBUG]: [0mThis is a debug message from thread 2018-09-2026 00:29:34 [38;5;009m[ERROR]: [0mThis is a error message from thread 2418-09-2026 00:29:34 [38;5;015m[INFO]: [0mThis is a info message from thread 1118-09-2026 00:29:34 [38;5;117m[DEBUG]: [0mThis is a debug message from thread 918-09-2026 00:29:34 [38;5;117m[DEBUG]: [0mThis is a debug message from thread 2418-09-2026 00:29:34 [38;5;015m[INFO]: [0mThis is a info message from thread 2818-09-2026 00:29:34 [38;5;009m[ERROR]: [0mThis is a error message from thread 2218-09-2026 00:29:34 [38;5;009m[ERROR]: [0mThis is a error message from thread 1418-09-2026 00:29:34 [38;5;117m[DEBUG]: [0mThis is a debug message from thread 1818-09-2026 00:29:34 [38;5;015m[INFO]: [0mThis is a info message from thread 918-09-2026 00:29:34 [38;5;009m[ERROR]: [0mThis is a error message from thread 2318-09-2026 00:29:34 [38;5;015m[INFO]: [0mThis is a info message from thread 818-09-2026 00:29:34 [38;5;009m[ERROR]: [0mThis is a error message from thread 318-09-2026 00:29:34 [38;5;015m[INFO]: [0mThis is a info message from thread 618-09-2026 00:29:34 [38;5;009m[ERROR]: [0mThis is a error message from thread 518-09-2026 00:29:34 [38;5;117m[DEBUG]: [0mThis is a debug message from thread 2218-09-2026 00:29:34 [38;5;015m[INFO]: [0mThis is a info message from thread 2918-09-2026 00:29:34 [38;5;015m[INFO]: [0mThis is a info message from thread 1818-09-2026 00:29:34 [38;5;009m[ERROR]: [0mThis is a error message from thread 2818-09-2026 00:29:34 [38;5;009m[ERROR]: [0mThis is a error message from thread 1818-09-2026 00:29:34 [38;5;117m[DEBUG]: [0mThis is a debug message from thread 1818-09-2026 00:29:34 [38;5;015m[INFO]: [0mThis is a info message from thread 1818-09-2026 00:29:34 [38;5;117m[DEBUG]: [0mThis is a debug message from thread 318-09-2026 00:29:34 [38;5;117m[DEBUG]: [0mThis is a debug message from thread 2818-09-2026 00:29:34 [38;5;009m[ERROR]: [0mThis is a error message from thread 1118-09-2026 00:29:34 [38;5;015m[INFO]: [0mThis is a info message from thread 2818-09-2026 00:29:34 [38;5;117m[DEBUG]: [0mThis is a debug message from thread 1618-09-2026 00:29:34 [38;5;015m[INFO]: [0mThis is a info message from thread 118-09-2026 00:29:34 [38;5;015m[INFO]: [0mThis is a info message from thread 1618-09-2026 00:29:34 [38;5;015m[INFO]: [0mThis is a info message from thread 318-09-2026 00:29:34 [38;5;009m[ERROR]: [0mThis is a error message from thread 818-09-2026 00:29:34 [38;5;009m[ERROR]: [0mThis is a error message from thread 1218-09-2026 00:29:34 [38;5;117m[DEBUG]: [0mThis is a debug message from thread 1118-09-2026 00:29:34 [38;5;117m[DEBUG]: [0mThis is a debug message from thread 1718-09-2026 00:29:34 [38;5;117m[DEBUG]: [0mThis is a debug message from thread 2118-09-2026 00:29:34 [38;5;009m[ERROR]: [0mThis is a error message from thread 2818-09-2026 00:29:34 [38;5;009m[ERROR]: [0mThis is a error message from thread 318-09-2026 00:29:34 [38;5;015m[INFO]: [0mThis is a info message from thread 1318-09-2026 00:29:34 [38;5;015m[INFO]: [0mThis is a info message from thread 1718-09-2026 00:29:34 [38;5;015m[INFO]: [0mThis is a info message from thread 2118-09-2026 00:29:34 [38;5;117m[DEBUG]: [0mThis is a debug message from thread 2718-09-2026 00:29:34 [38;5;015m[INFO]: [0mThis is a info message from thread 1118-09-2026 00:29:34 [38;5;117m[DEBUG]: [0mThis is a debug message from thread 1018-09-2026 00:29:34 [38;5;009m[ERROR]: [0mThis is a error message from thread 2918-09-2026 00:29:34 [38;5;117m[DEBUG]: [0mThis is a debug message from thread 218-09-2026 00:29:34 [38;5;015m[INFO]: [0mThis is a info message from thread 2618-09-2026 00:29:34 [38;5;117m[DEBUG]: [0mThis is a debug message from thread 2518-09-2026 00:29:34 [38;5;015m[INFO]: [0mThis is a info message from thread 2218-09-2026 00:29:34 [38;5;117m[DEBUG]: [0mThis is a debug message from thread 2318-09-2026 00:29:34 [38;5;009m[ERROR]: [0mThis is a error message from thread 2118-09-2026 00:29:34 [38;5;009m[ERROR]: [0mThis is a error message from thread 1718-09-2026 00:29:34 [38;5;015m[INFO]: [0mThis is a info message from thread 718-09-2026 00:29:34 [38;5;117m[DEBUG]: [0mThis is a debug message from thread 2818-09-2026 00:29:34 [38;5;117m[DEBUG]: [0mThis is a debug message from thread 1918-09-2026 00:29:34 [38;5;009m[ERROR]: [0mThis is a error message from thread 618-09-2026 00:29:34 [38;5;009m[ERROR]: [0mThis is a error message from thread 118-09-2026 00:29:34 [38;5;009m[ERROR]: [0mThis is a error message from thread 2218-09-2026 00:29:34 [38;5;117m[DEBUG]: [0mThis is a debug message from thread 1418-09-2026 00:29:34 [38;5;009m[ERROR]: [0mThis is a error message from thread 718-09-2026 00:29:34 [38;5;117m[DEBUG]: [0mThis is a debug message from thread 2218-09-2026 00:29:34 [38;5;009m[ERROR]: [0mThis is a error message from thread 1318-09-2026 00:29:34 [38;5;015m[INFO]: [0mThis is a info message from thread 1918-09-2026 00:29:34 [38;5;009m[ERROR]: [0mThis is a error message from thread 1118-09-2026 00:29:34 [38;5;117m[DEBUG]: [0mThis is a debug message from thread 1718-09-2026 00:29:34 [38;5;015m[INFO]: [0mThis is a info message from thread 2218-09-2026 00:29:34 [38;5;009m[ERROR]: [0mThis is a error message from thread 1818-09-2026 00:29:34 [38;5;117m[DEBUG]: [0mThis is a debug message from thread 618-09-2026 00:29:34 [38;5;117m[DEBUG]: [0mThis is a debug message from thread 718-09-2026 00:29:34 [38;5;015m[INFO]: [0mThis is a info message from thread 1718-09-2026 00:29:34 [38;5;015m[INFO]: [0mThis is a info message from thread 618-09-2026 00:29:34 [38;5;117m[DEBUG]: [0mThis is a debug message from thread 1818-09-2026 00:29:34 [38;5;009m[ERROR]: [0mThis is a error message from thread 1518-09-2026 00:29:34 [38;5;009m[ERROR]: [0mThis is a error message from thread 1918-09-2026 00:29:34 [38;5;009m[ERROR]: [0mThis is a error message from thread 2618-09-2026 00:29:34 [38;5;117m[DEBUG]: [0mThis is a debug message from thread 018-09-2026 00:29:34 [38;5;117m[DEBUG]: [0mThis is a debug message from thread 1218-09-2026 00:29:34 [38;5;015m[INFO]: [0mThis is a info message from thread 418-09-2026 00:29:34 [38;5;009m[ERROR]: [0mThis is a error message from thread 2218-09-2026 00:29:34 [38;5;117m[DEBUG]: [0mThis is a debug message from thread 518-09-2026 00:29:34 [38;5;015m[INFO]: [0mThis is a info message from thread 218-09-2026 00:29:34 [38;5;015m[INFO]: [0mThis is a info message from thread 2718-09-2026 00:29:34 [38;5;117m[DEBUG]: [0mThis is a debug message from thread 1318-09-2026 00:29:34 [38;5;015m[INFO]: [0mThis is a info message from thread 2518-09-2026 00:29:34 [38;5;015m[INFO]: [0mThis is a info message from thread 1418-09-2026 00:29:34 [38;5;009m[ERROR]: [0mThis is a error message from thread 2718-09-2026 00:29:34 [38;5;117m[DEBUG]: [0mThis is a debug message from thread 1118-09-2026 00:29:34 [38;5;117m[DEBUG]: [0mThis is a debug message from thread 2718-09-2026 00:29:34 [38;5;009m[ERROR]: [0mThis is a error message from thread 618-09-2026 00:29:34 [38;5;009m[ERROR]: [0mThis is a error message from thread 2518-09-2026 00:29:34 [38;5;117m[DEBUG]: [0mThis is a debug message from thread 618-09-2026 00:29:34 [38;5;015m[INFO]: [0mThis is a info message from thread 1818-09-2026 00:29:34 [38;5;009m[ERROR]: [0mThis is a error message from thread 218-09-2026 00:29:34 [38;5;015m[INFO]: [0mThis is a info message from thread 1118-09-2026 00:29:34 [38;5;009m[ERROR]: [0mThis is a error message from thread 1418-09-2026 00:29:34 [38;5;015m[INFO]: [0mThis is a info message from thread 2718-09-2026 00:29:34 [38;5;117m[DEBUG]: [0mThis is a debug message from thread 2918-09-2026 00:29:34 [38;5;117m[DEBUG]: [0mThis is a debug message from thread 218-09-2026 00:29:34 [38;5;015m[INFO]: [0mThis is a info message from thread 2018-09-2026 00:29:34 [38;5;117m[DEBUG]: [0mThis is a debug message from thread 2118-09-2026 00:29:34 [38;5;009m[ERROR]: [0mThis is a error message from thread 1818-09-2026 00:29:34 [38;5;117m[DEBUG]: [0mThis is a debug message from thread 118-09-2026 00:29:34 [38;5;117m[DEBUG]: [0mThis is a debug message from thread 1518-09-2026 00:29:34 [38;5;015m[INFO]: [0mThis is a info message from thread 218-09-2026 00:29:34 [38;5;009m[ERROR]: [0mThis is a error message from thread 2718-09-2026 00:29:34 [38;5;009m[ERROR]: [0mThis is a error message from thread 2018-09-2026 00:29:34 [38;5;117m[DEBUG]: [0mThis is a debug message from thread 318-09-2026 00:29:34 [38;5;009m[ERROR]: [0mThis is a error message from thread 1718-09-2026 00:29:34 [38;5;117m[DEBUG]: [0mThis is a debug message from thread 1918-09-2026 00:29:34 [38;5;117m[DEBUG]: [0mThis is a debug message from thread 2718-09-2026 00:29:34 [38;5;015m[INFO]: [0mThis is a info message from thread 1318-09-2026 00:29:34 [38;5;015m[INFO]: [0mThis is a info message from thread 718-09-2026 00:29:34 [38;5;015m[INFO]: [0mThis is a info message from thread 2318-09-2026 00:29:34 [38;5;015m[INFO]: [0mThis is a info message from thread 1218-09-2026 00:29:34 [38;5;015m[INFO]: [0mThis is a info message from thread 318-09-2026 00:29:34 [38;5;009m[ERROR]: [0mThis is a error message from thread 918-09-2026 00:29:34 [38;5;015m[INFO]: [0mThis is a info message from thread 1918-09-2026 00:29:34 [38;5;117m[DEBUG]: [0mThis is a debug message from thread 2618-09-2026 00:29:34 [38;5;117m[DEBUG]: [0mThis is a debug message from thread 918-09-2026 00:29:34 [38;5;009m[ERROR]: [0mThis is a error message from thread 1918-09-2026 00:29:34 [38;5;015m[INFO]: [0mThis is a info message from thread 918-09-2026 00:29:34 [38;5;117m[DEBUG]: [0mThis is a debug message from thread 1718-09-2026 00:29:34 [38;5;009m[ERROR]: [0mThis is a error message from thread 318-09-2026 00:29:34 [38;5;117m[DEBUG]: [0mThis is a debug message from thread 2218-09-2026 00:29:34 [38;5;117m[DEBUG]: [0mThis is a debug message from thread 1918-09-2026 00:29:34 [38;5;015m[INFO]: [0mThis is a info message from thread 2118-09-2026 00:29:34 [38;5;117m[DEBUG]: [0mThis is a debug message from thread 2518-09-2026 00:29:34 [38;5;009m[ERROR]: [0mThis is a error message from thread 918-09-2026 00:29:34 [38;5;015m[INFO]: [0mThis is a info message from thread 1918-09-2026 00:29:34 [38;5;009m[ERROR]: [0mThis is a error message from thread 718-09-2026 00:29:34 [38;5;015m[INFO]: [0mThis is a info message from thread 518-09-2026 00:29:34 [38;5;015m[INFO]: [0mThis is a info message from thread 2618-09-2026 00:29:34 [38;5;015m[INFO]: [0mThis is a info message from thread 2918-09-2026 00:29:34 [38;5;009m[ERROR]: [0mThis is a error message from thread 218-09-2026 00:29:34 [38;5;009m[ERROR]: [0mThis is a error message from thread 1918-09-2026 00:29:34 [38;5;015m[INFO]: [0mThis is a info message from thread 2518-09-2026 00:29:34 [38;5;015m[INFO]: [0mThis is a info message from thread 618-09-2026 00:29:34 [38;5;015m[INFO]: [0mThis is a info message from thread 2818-09-2026 00:29:34 [38;5;009m[ERROR]: [0mThis is a error message from thread 518-09-2026 00:29:34 [38;5;009m[ERROR]: [0mThis is a error message from thread 1618-09-2026 00:29:34 [38;5;009m[ERROR]: [0mThis is a error message from thread 2918-09-2026 00:29:34 [38;5;117m[DEBUG]: [0mThis is a debug message from thread 1918-09-2026 00:29:34 [38;5;117m[DEBUG]: [0mThis is a debug message from thread 818-09-2026 00:29:34 [38;5;009m[ERROR]: [0mThis is a error message from thread 2518-09-2026 00:29:34 [38;5;015m[INFO]: [0mThis is a info message from thread 1018-09-2026 00:29:34 [38;5;015m[INFO]: [0mThis is a info message from thread 1518-09-2026 00:29:34 [38;5;117m[DEBUG]: [0mThis is a debug message from thread 218-09-2026 00:29:34 [38;5;117m[DEBUG]: [0mThis is a debug message from thread 2518-09-2026 00:29:34 [38;5;117m[DEBUG]: [0mThis is a debug message from thread 2918-09-2026 00:29:34 [38;5;015m[INFO]: [0mThis is a info message from thread 2418-09-2026 00:29:34 [38;5;009m[ERROR]: [0mThis is a error message from thread 418-09-2026 00:29:34 [38;5;009m[ERROR]: [0mThis is a error message from thread 618-09-2026 00:29:34 [38;5;117m[DEBUG]: [0mThis is a debug message from thread 418-09-2026 00:29:34 [38;5;015m[INFO]: [0mThis is a info message from thread 218-09-2026 00:29:34 [38;5;117m[DEBUG]: [0mThis is a debug message from thread 518-09-2026 00:29:34 [38;5;009m[ERROR]: [0mThis is a error message from thread 2118-09-2026 00:29:34 [38;5;015m[INFO]: [0mThis is a info message from thread 418-09-2026 00:29:34 [38;5;117m[DEBUG]: [0mThis is a debug message from thread 618-09-2026 00:29:34 [38;5;009m[ERROR]: [0mThis is a error message from thread 1518-09-2026 00:29:34 [38;5;015m[INFO]: [0mThis is a info message from thread 1718-09-2026 00:29:34 [38;5;009m[ERROR]: [0mThis is a error message from thread 2618-09-2026 00:29:34 [38;5;015m[INFO]: [0mThis is a info message from thread 2918-09-2026 00:29:34 [38;5;015m[INFO]: [0mThis is a info message from thread 1918-09-2026 00:29:34 [38;5;015m[INFO]: [0mThis is a info message from thread 618-09-2026 00:29:34 [38;5;117m[DEBUG]: [0mThis is a debug message from thread 2118-09-2026 00:29:34 [38;5;117m[DEBUG]: [0mThis is a debug message from thread 318-09-2026 00:29:34 [38;5;015m[INFO]: [0mThis is a info message from thread 118-09-2026 00:29:34 [38;5;015m[INFO]: [0mThis is a info message from thread 018-09-2026 00:29:34 [38;5;009m[ERROR]: [0mThis is a error message from thread 1118-09-2026 00:29:34 [38;5;117m[DEBUG]: [0mThis is a debug message from thread 918-09-2026 00:29:34 [38;5;117m[DEBUG]: [0mThis is a debug message from thread 1618-09-2026 00:29:34 [38;5;117m[DEBUG]: [0mThis is a debug message from thread 2618-09-2026 00:29:34 [38;5;015m[INFO]: [0mThis is a info message from thread 2518-09-2026 00:29:34 [38;5;015m[INFO]: [0mThis is a info message from thread 918-09-2026 00:29:34 [38;5;009m[ERROR]: [0mThis is a error message from thread 118-09-2026 00:29:34 [38;5;009m[ERROR]: [0mThis is a error message from thread 1018-09-2026 00:29:34 [38;5;009m[ERROR]: [0mThis is a error message from thread 918-09-2026 00:29:34 [38;5;117m[DEBUG]: [0mThis is a debug message from thread 118-09-2026 00:29:34 [38;5;117m[DEBUG]: [0mThis is a debug message from thread 2018-09-2026 00:29:34 [38;5;117m[DEBUG]: [0mThis is a debug message from thread 918-09-2026 00:29:34 [38;5;015m[INFO]: [0mThis is a info message from thread 2018-09-2026 00:29:34 [38;5;009m[ERROR]: [0mThis is a error message from thread 618-09-2026 00:29:34 [38;5;009m[ERROR]: [0mThis is a error message from thread 2918-09-2026 00:29:34 [38;5;009m[ERROR]: [0mThis is a error message from thread 2018-09-2026 00:29:34 [38;5;009m[ERROR]: [0mThis is a error message from thread 018-09-2026 00:29:34 [38;5;015m[INFO]: [0mThis is a info message from thread 318-09-2026 00:29:34 [38;5;015m[INFO]: [0mThis is a info message from thread 118-09-2026 00:29:34 [38;5;009m[ERROR]: [0mThis is a error message from thread 318-09-2026 00:29:34 [38;5;117m[DEBUG]: [0mThis is a debug message from thread 318-09-2026 00:29:34 [38;5;117m[DEBUG]: [0mThis is a debug message from thread 1118-09-2026 00:29:34 [38;5;117m[DEBUG]: [0mThis is a debug message from thread 618-09-2026 00:29:34 [38;5;015m[INFO]: [0mThis is a info message from thread 2118-09-2026 00:29:34 [38;5;015m[INFO]: [0mThis is a info message from thread 618-09-2026 00:29:34 [38;5;117m[DEBUG]: [0mThis is a debug message from thread 1018-09-2026 00:29:34 [38;5;015m[INFO]: [0mThis is a info message from thread 918-09-2026 00:29:34 [38;5;009m[ERROR]: [0mThis is a error message from thread 918-09-2026 00:29:34 [38;5;117m[DEBUG]: [0mThis is a debug message from thread 918-09-2026 00:29:34 [38;5;117m[DEBUG]: [0mThis is a debug message from thread 2018-09-2026 00:29:34 [38;5;009m[ERROR]: [0mThis is a error message from thread 618-09-2026 00:29:34 [38;5;015m[INFO]: [0mThis is a info message from thread 1018-09-2026 00:29:34 [38;5;015m[INFO]: [0mThis is a info message from thread 918-09-2026 00:29:34 [38;5;117m[DEBUG]: [0mThis is a debug message from thread 1518-09-2026 00:29:34 [38;5;009m[ERROR]: [0mThis is a error message from thread 218-09-2026 00:29:34 [38;5;009m[ERROR]: [0mThis is a error message from thread 118-09-2026 00:29:34 [38;5;015m[INFO]: [0mThis is a info message from thread 1118-09-2026 00:29:34 [38;5;009m[ERROR]: [0mThis is a error message from thread 2318-09-2026 00:29:34 [38;5;015m[INFO]: [0mThis is a info message from thread 518-09-2026 00:29:34 [38;5;117m[DEBUG]: [0mThis is a debug message from thread 2318-09-2026 00:29:34 [38;5;009m[ERROR]: [0mThis is a error message from thread 2118-09-2026 00:29:34 [38;5;015m[INFO]: [0mThis is a info message from thread 2718-09-2026 00:29:34 [38;5;117m[DEBUG]: [0mThis is a debug message from thread 218-09-2026 00:29:34 [38;5;015m[INFO]: [0mThis is a info message from thread 1518-09-2026 00:29:34 [38;5;009m[ERROR]: [0mThis is a error message from thread 1118-09-2026 00:29:34 [38;5;009m[ERROR]: [0mThis is a error message from thread 2718-09-2026 00:29:34 [38;5;009m[ERROR]: [0mThis is a error message from thread 1018-09-2026 00:29:34 [38;5;009m[ERROR]: [0mThis is a error message from thread 2818-09-2026 00:29:34 [38;5;117m[DEBUG]: [0mThis is a debug message from thread 1418-09-2026 00:29:34 [38;5;117m[DEBUG]: [0mThis is a debug message from thread 618-09-2026 00:29:34 [38;5;015m[INFO]: [0mThis is a info message from thread 2018-09-2026 00:29:34 [38;5;015m[INFO]: [0mThis is a info message from thread 218-09-2026 00:29:34 [38;5;015m[INFO]: [0mThis is a info message from thread 1618-09-2026 00:29:34 [38;5;009m[ERROR]: [0mThis is a error message from thread 1518-09-2026 00:29:34 [38;5;117m[DEBUG]: [0mThis is a debug message from thread 2718-09-2026 00:29:34 [38;5;117m[DEBUG]: [0mThis is a debug message from thread 2118-09-2026 00:29:34 [38;5;009m[ERROR]: [0mThis is a error message from thread 1618-09-2026 00:29:34 [38;5;117m[DEBUG]: [0mThis is a debug message from thread 2818-09-2026 00:29:34 [38;5;009m[ERROR]: [0mThis is a error message from thread 1718-09-2026 00:29:34 [38;5;015m[INFO]: [0mThis is a info message from thread 318-09-2026 00:29:34 [38;5;117m[DEBUG]: [0mThis is a debug message from thread 018-09-2026 00:29:34 [38;5;117m[DEBUG]: [0mThis is a debug message from thread 1818-09-2026 00:29:34 [38;5;015m[INFO]: [0mThis is a info message from thread 2218-09-2026 00:29:34 [38;5;015m[INFO]: [0mThis is a info message from thread 2818-09-2026 00:29:34 [38;5;117m[DEBUG]: [0mThis is a debug message from thread 1718-09-2026 00:29:34 [38;5;117m[DEBUG]: [0mThis is a debug message from thread 1618-09-2026 00:29:34 [38;5;117m[DEBUG]: [0mThis is a debug message from thread 1018-09-2026 00:29:34 [38;5;009m[ERROR]: [0mThis is a error message from thread 218-09-2026 00:29:34 [38;5;015m[INFO]: [0mThis is a info message from thread 1018-09-2026 00:29:34 [38;5;015m[INFO]: [0mThis is a info message from thread 1718-09-2026 00:29:34 [38;5;015m[INFO]: [0mThis is a info message from thread 1618-09-2026 00:29:34 [38;5;009m[ERROR]: [0mThis is a error message from thread 318-09-2026 00:29:34 [38;5;009m[ERROR]: [0mThis is a error message from thread 1018-09-2026 00:29:34 [38;5;117m[DEBUG]: [0mThis is a debug message from thread 218-09-2026 00:29:34 [38;5;117m[DEBUG]: [0mThis is a debug message from thread 1118-09-2026 00:29:34 [38;5;009m[ERROR]: [0mThis is a error message from thread 518-09-2026 00:29:34 [38;5;015m[INFO]: [0mThis is a info message from thread 2618-09-2026 00:29:34 [38;5;015m[INFO]: [0mThis is a info message from thread 618-09-2026 00:29:34 [38;5;009m[ERROR]: [0mThis is a error message from thread 2818-09-2026 00:29:34 [38;5;009m[ERROR]: [0mThis is a error message from thread 2218-09-2026 00:29:34 [38;5;009m[ERROR]: [0mThis is a error message from thread 1718-09-2026 00:29:34 [38;5;117m[DEBUG]: [0mThis is a debug message from thread 718-09-2026 00:29:34 [38;5;015m[INFO]: [0mThis is a info message from thread 818-09-2026 00:29:34 [38;5;015m[INFO]: [0mThis is a info message from thread 1118-09-2026 00:29:34 [38;5;117m[DEBUG]: [0mThis is a debug message from thread 1018-09-2026 00:29:34 [38;5;117m[DEBUG]: [0mThis is a debug message from thread 2218-09-2026 00:29:34 [38;5;009m[ERROR]: [0mThis is a error message from thread 2618-09-2026 00:29:34 [38;5;009m[ERROR]: [0mThis is a error message from thread 818-09-2026 00:29:34 [38;5;015m[INFO]: [0mThis is a info message from thread 2218-09-2026 00:29:34 [38;5;117m[DEBUG]: [0mThis is a debug message from thread 2818-09-2026 00:29:34 [38;5;015m[INFO]: [0mThis is a info message from thread 1818-09-2026 00:29:34 [38;5;015m[INFO]: [0mThis is a info message from thread 1418-09-2026 00:29:34 [38;5;117m[DEBUG]: [0mThis is a debug message from thread 818-09-2026 00:29:34 [38;5;009m[ERROR]: [0mThis is a error message from thread 2018-09-2026 00:29:34 [38;5;015m[INFO]: [0mThis is a info message from thread 2118-09-2026 00:29:34 [38;5;009m[ERROR]: [0mThis is a error message from thread 918-09-2026 00:29:34 [38;5;009m[ERROR]: [0mThis is a error message from thread 1118-09-2026 00:29:34 [38;5;009m[ERROR]: [0mThis is a error message from thread 2418-09-2026 00:29:34 [38;5;015m[INFO]: [0mThis is a info message from thread 218-09-2026 00:29:34 [38;5;009m[ERROR]: [0mThis is a error message from thread 2218-09-2026 00:29:34 [38;5;117m[DEBUG]: [0mThis is a debug message from thread 2018-09-2026 00:29:34 [38;5;117m[DEBUG]: [0mThis is a debug message from thread 1118-09-2026 00:29:34 [38;5;015m[INFO]: [0mThis is a info message from thread 818-09-2026 00:29:34 [38;5;015m[INFO]: [0mThis is a info message from thread 718-09-2026 00:29:34 [38;5;117m[DEBUG]: [0mThis is a debug message from thread 2418-09-2026 00:29:34 [38;5;009m[ERROR]: [0mThis is a error message from thread 718-09-2026 00:29:34 [38;5;117m[DEBUG]: [0mThis is a debug message from thread 718-09-2026 00:29:34 [38;5;015m[INFO]: [0mThis is a info message from thread 018-09-2026 00:29:34 [38;5;117m[DEBUG]: [0mThis is a debug message from thread 2918-09-2026 00:29:34 [38;5;015m[INFO]: [0mThis is a info message from thread 2818-09-2026 00:29:34 [38;5;117m[DEBUG]: [0mThis is a debug message from thread 2618-09-2026 00:29:34 [38;5;015m[INFO]: [0mThis is a info message from thread 2918-09-2026 00:29:34 [38;5;009m[ERROR]: [0mThis is a error message from thread 018-09-2026 00:29:34 [38;5;015m[INFO]: [0mThis is a info message from thread 2418-09-2026 00:29:34 [38;5;009m[ERROR]: [0mThis is a error message from thread 2918-09-2026 00:29:34 [38;5;009m[ERROR]: [0mThis is a error message from thread 2818-09-2026 00:29:34 [38;5;117m[DEBUG]: [0mThis is a debug message from thread 2918-09-2026 00:29:34 [38;5;009m[ERROR]: [0mThis is a error message from thread 1918-09-2026 00:29:34 [38;5;015m[INFO]: [0mThis is a info message from thread 2718-09-2026 00:29:34 [38;5;015m[INFO]: [0mThis is a info message from thread 2018-09-2026 00:29:34 [38;5;015m[INFO]: [0mThis is a info message from thread 718-09-2026 00:29:34 [38;5;117m[DEBUG]: [0mThis is a debug message from thread 918-09-2026 00:29:34 [38;5;009m[ERROR]: [0mThis is a error message from thread 2718-09-2026 00:29:34 [38;5;117m[DEBUG]: [0mThis is a debug message from thread 518-09-2026 00:29:34 [38;5;117m[DEBUG]: [0mThis is a debug message from thread 2818-09-2026 00:29:34 [38;5;015m[INFO]: [0mThis is a info message from thread 2918-09-2026 00:29:34 [38;5;015m[INFO]: [0mThis is a info message from thread 2318-09-2026 00:29:34 [38;5;015m[INFO]: [0mThis is a info message from thread 1118-09-2026 00:29:34 [38;5;009m[ERROR]: [0mThis is a error message from thread 2318-09-2026 00:29:34 [38;5;015m[INFO]: [0mThis is a info message from thread 1018-09-2026 00:29:34 [38;5;009m[ERROR]: [0mThis is a error message from thread 2418-09-2026 00:29:34 [38;5;009m[ERROR]: [0mThis is a error message from thread 1118-09-2026 00:29:34 [38;5;117m[DEBUG]: [0mThis is a debug message from thread 2418-09-2026 00:29:34 [38;5;009m[ERROR]: [0mThis is a error message from thread 1818-09-2026 00:29:34 [38;5;009m[ERROR]: [0mThis is a error message from thread 2918-09-2026 00:29:34 [38;5;117m[DEBUG]: [0mThis is a debug message from thread 1118-09-2026 00:29:34 [38;5;009m[ERROR]: [0mThis is a error message from thread 1018-09-2026 00:29:34 [38;5;015m[INFO]: [0mThis is a info message from thread 2818-09-2026 00:29:34 [38;5;117m[DEBUG]: [0mThis is a debug message from thread 2318-09-2026 00:29:34 [38;5;009m[ERROR]: [0mThis is a error message from thread 218-09-2026 00:29:34 [38;5;009m[ERROR]: [0mThis is a error message from thread 818-09-2026 00:29:34 [38;5;015m[INFO]: [0mThis is a info message from thread 1118-09-2026 00:29:34 [38;5;015m[INFO]: [0mThis is a info message from thread 2418-09-2026 00:29:34 [38;5;009m[ERROR]: [0mThis is a error message from thread 2818-09-2026 00:29:34 [38;5;117m[DEBUG]: [0mThis is a debug message from thread 2218-09-2026 00:29:34 [38;5;015m[INFO]: [0mThis is a info message from thread 518-09-2026 00:29:34 [38;5;009m[ERROR]: [0mThis is a error message from thread 2018-09-2026 00:29:34 [38;5;009m[ERROR]: [0mThis is a error message from thread 1218-09-2026 00:29:34 [38;5;015m[INFO]: [0mThis is a info message from thread 2618-09-2026 00:29:34 [38;5;117m[DEBUG]: [0mThis is a debug message from thread 2918-09-2026 00:29:34 [38;5;009m[ERROR]: [0mThis is a error message from thread 1318-09-2026 00:29:34 [38;5;015m[INFO]: [0mThis is a info message from thread 918-09-2026 00:29:34 [38;5;009m[ERROR]: [0mThis is a error message from thread 2418-09-2026 00:29:34 [38;5;117m[DEBUG]: [0mThis is a debug message from thread 018-09-2026 00:29:34 [38;5;009m[ERROR]: [0mThis is a error message from thread 718-09-2026 00:29:34 [38;5;009m[ERROR]: [0mThis is a error message from thread 618-09-2026 00:29:34 [38;5;009m[ERROR]: [0mThis is a error message from thread 518-09-2026 00:29:34 [38;5;009m[ERROR]: [0mThis is a error message from thread 2618-09-2026 00:29:34 [38;5;015m[INFO]: [0mThis is a info message from thread 2318-09-2026 00:29:34 [38;5;015m[INFO]: [0mThis is a info message from thread 018-09-2026 00:29:34 [38;5;009m[ERROR]: [0mThis is a error message from thread 1618-09-2026 00:29:34 [38;5;117m[DEBUG]: [0mThis is a debug message from thread 118-09-2026 00:29:34 [38;5;117m[DEBUG]: [0mThis is a debug message from thread 1618-09-2026 00:29:34 [38;5;117m[DEBUG]: [0mThis is a debug message from thread 2718-09-2026 00:29:34 [38;5;117m[DEBUG]: [0mThis is a debug message from thread 2018-09-2026 00:29:34 [38;5;117m[DEBUG]: [0mThis is a debug message from thread 1018-09-2026 00:29:34 [38;5;009m[ERROR]: [0mThis is a error message from thread 1418-09-2026 00:29:34 [38;5;009m[ERROR]: [0mThis is a error message from thread 2318-09-2026 00:29:34 [38;5;117m[DEBUG]: [0mThis is a debug message from thread 1718-09-2026 00:29:34 [38;5;015m[INFO]: [0mThis is a info message from thread 1618-09-2026 00:29:34 [38;5;009m[ERROR]: [0mThis is a error message from thread 018-09-2026 00:29:34 [38;5;117m[DEBUG]: [0mThis is a debug message from thread 018-09-2026 00:29:34 [38;5;015m[INFO]: [0mThis is a info message from thread 018-09-2026 00:29:34 [38;5;009m[ERROR]: [0mThis is a error message from thread 1618-09-2026 00:29:34 [38;5;015m[INFO]: [0mThis is a info message from thread 1718-09-2026 00:29:34 [38;5;015m[INFO]: [0mThis is a info message from thread 1018-09-2026 00:29:34 [38;5;117m[DEBUG]: [0mThis is a debug message from thread 1918-09-2026 00:29:34 [38;5;117m[DEBUG]: [0mThis is a debug message from thread 1818-09-2026 00:29:34 [38;5;117m[DEBUG]: [0mThis is a debug message from thread 1218-09-2026 00:29:34 [38;5;117m[DEBUG]: [0mThis is a debug message from thread 1518-09-2026 00:29:34 [38;5;015m[INFO]: [0mThis is a info message from thread 1218-09-2026 00:29:34 [38;5;117m[DEBUG]: [0mThis is a debug message from thread 2318-09-2026 00:29:34 [38;5;117m[DEBUG]: [0mThis is a debug message from thread 318-09-2026 00:29:34 [38;5;009m[ERROR]: [0mThis is a error message from thread 018-09-2026 00:29:34 [38;5;009m[ERROR]: [0mThis is a error message from thread 1218-09-2026 00:29:34 [38;5;117m[DEBUG]: [0mThis is a debug message from thread 218-09-2026 00:29:34 [38;5;015m[INFO]: [0mThis is a info message from thread 118-09-2026 00:29:34 [38;5;015m[INFO]: [0mThis is a info message from thread 1518-09-2026 00:29:34 [38;5;015m[INFO]: [0mThis is a info message from thread 218-09-2026 00:29:34 [38;5;015m[INFO]: [0mThis is a info message from thread 2018-09-2026 00:29:34 [38;5;009m[ERROR]: [0mThis is a error message from thread 218-09-2026 00:29:34 [38;5;009m[ERROR]: [0mThis is a error message from thread 118-09-2026 00:29:34 [38;5;009m[ERROR]: [0mThis is a error message from thread 2518-09-2026 00:29:34 [38;5;009m[ERROR]: [0mThis is a error message from thread 918-09-2026 00:29:34 [38;5;015m[INFO]: [0mThis is a info message from thread 2718-09-2026 00:29:34 [38;5;009m[ERROR]: [0mThis is a error message from thread 2018-09-2026 00:29:34 [38;5;117m[DEBUG]: [0mThis is a debug message from thread 218-09-2026 00:29:34 [38;5;009m[ERROR]: [0mThis is a error message from thread 1718-09-2026 00:29:34 [38;5;009m[ERROR]: [0mThis is a error message from thread 1018-09-2026 00:29:34 [38;5;117m[DEBUG]: [0mThis is a debug message from thread 2518-09-2026 00:29:34 [38;5;009m[ERROR]: [0mThis is a error message from thread 1118-09-2026 00:29:34 [38;5;117m[DEBUG]: [0mThis is a debug message from thread 118-09-2026 00:29:34 [38;5;117m[DEBUG]: [0mThis is a debug message from thread 2018-09-2026 00:29:34 [38;5;117m[DEBUG]: [0mThis is a debug message from thread 518-09-2026 00:29:34 [38;5;015m[INFO]: [0mThis is a info message from thread 2518-09-2026 00:29:34 [38;5;117m[DEBUG]: [0mThis is a debug message from thread 1018-09-2026 00:29:34 [38;5;015m[INFO]: [0mThis is a info message from thread 218-09-2026 00:29:34 [38;5;117m[DEBUG]: [0mThis is a debug message from thread 2418-09-2026 00:29:34 [38;5;009m[ERROR]: [0mThis is a error message from thread 418-09-2026 00:29:34 [38;5;117m[DEBUG]: [0mThis is a debug message from thread 1118-09-2026 00:29:34 [38;5;015m[INFO]: [0mThis is a info message from thread 118-09-2026 00:29:34 [38;5;117m[DEBUG]: [0mThis is a debug message from thread 1618-09-2026 00:29:34 [38;5;117m[DEBUG]: [0mThis is a debug message from thread 018-09-2026 00:29:34 [38;5;117m[DEBUG]: [0mThis is a debug message from thread 1418-09-2026 00:29:34 [38;5;015m[INFO]: [0mThis is a info message from thread 2418-09-2026 00:29:34 [38;5;015m[INFO]: [0mThis is a info message from thread 518-09-2026 00:29:34 [38;5;015m[INFO]: [0mThis is a info message from thread 2318-09-2026 00:29:34 [38;5;009m[ERROR]: [0mThis is a error message from thread 1518-09-2026 00:29:34 [38;5;015m[INFO]: [0mThis is a info message from thread 1818-09-2026 00:29:34 [38;5;009m[ERROR]: [0mThis is a error message from thread 218-09-2026 00:29:34 [38;5;117m[DEBUG]: [0mThis is a debug message from thread 718-09-2026 00:29:34 [38;5;015m[INFO]: [0mThis is a info message from thread 1018-09-2026 00:29:34 [38;5;009m[ERROR]: [0mThis is a error message from thread 1818-09-2026 00:29:34 [38;5;015m[INFO]: [0mThis is a info message from thread 318-09-2026 00:29:34 [38;5;117m[DEBUG]: [0mThis is a debug message from thread 2818-09-2026 00:29:34 [38;5;015m[INFO]: [0mThis is a info message from thread 718-09-2026 00:29:34 [38;5;009m[ERROR]: [0mThis is a error message from thread 2318-09-2026 00:29:34 [38;5;117m[DEBUG]: [0mThis is a debug message from thread 2318-09-2026 00:29:34 [38;5;015m[INFO]: [0mThis is a info message from thread 2218-09-2026 00:29:34 [38;5;015m[INFO]: [0mThis is a info message from thread 018-09-2026 00:29:34 [38;5;009m[ERROR]: [0mThis is a error message from thread 2418-09-2026 00:29:34 [38;5;117m[DEBUG]: [0mThis is a debug message from thread 1318-09-2026 00:29:34 [38;5;117m[DEBUG]: [0mThis is a debug message from thread 218-09-2026 00:29:34 [38;5;117m[DEBUG]: [0mThis is a debug message from thread 1818-09-2026 00:29:34 [38;5;015m[INFO]: [0mThis is a info message from thread 1918-09-2026 00:29:34 [38;5;117m[DEBUG]: [0mThis is a debug message from thread 2618-09-2026 00:29:34 [38;5;117m[DEBUG]: [0mThis is a debug message from thread 1718-09-2026 00:29:34 [38;5;009m[ERROR]: [0mThis is a error message from thread 518-09-2026 00:29:34 [38;5;015m[INFO]: [0mThis is a info message from thread 2818-09-2026 00:29:34 [38;5;009m[ERROR]: [0mThis is a error message from thread 018-09-2026 00:29:34 [38;5;015m[INFO]: [0mThis is a info message from thread 2018-09-2026 00:29:34 [38;5;015m[INFO]: [0mThis is a info message from thread 1418-09-2026 00:29:34 [38;5;117m[DEBUG]: [0mThis is a debug message from thread 918-09-2026 00:29:34 [38;5;117m[DEBUG]: [0mThis is a debug message from thread 518-09-2026 00:29:34 [38;5;117m[DEBUG]: [0mThis is a debug message from thread 618-09-2026 00:29:34 [38;5;015m[INFO]: [0mThis is a info message from thread 218-09-2026 00:29:34 [38;5;009m[ERROR]: [0mThis is a error message from thread 2518-09-2026 00:29:34 [38;5;117m[DEBUG]: [0mThis is a debug message from thread 1218-09-2026 00:29:34 [38;5;009m[ERROR]: [0mThis is a error message from thread 118-09-2026 00:29:34 [38;5;015m[INFO]: [0mThis is a info message from thread 1618-09-2026 00:29:34 [38;5;117m[DEBUG]: [0mThis is a debug message from thread 2518-09-2026 00:29:34 [38;5;009m[ERROR]: [0mThis is a error message from thread 2018-09-2026 00:29:34 [38;5;015m[INFO]: [0mThis is a info message from thread 918-09-2026 00:29:34 [38;5;015m[INFO]: [0mThis is a info message from thread 1818-09-2026 00:29:34 [38;5;009m[ERROR]: [0mThis is a error message from thread 1618-09-2026 00:29:34 [38;5;009m[ERROR]: [0mThis is a error message from thread 218-09-2026 00:29:34 [38;5;015m[INFO]: [0mThis is a info message from thread 2318-09-2026 00:29:34 [38;5;009m[ERROR]: [0mThis is a error message from thread 718-09-2026 00:29:34 [38;5;015m[INFO]: [0mThis is a info message from thread 1218-09-2026 00:29:34 [38;5;015m[INFO]: [0mThis is a info message from thread 2518-09-2026 00:29:34 [38;5;117m[DEBUG]: [0mThis is a debug message from thread 2018-09-2026 00:29:34 [38;5;009m[ERROR]: [0mThis is a error message from thread 2318-09-2026 00:29:34 [38;5;009m[ERROR]: [0mThis is a error message from thread 2518-09-2026 00:29:34 [38;5;117m[DEBUG]: [0mThis is a debug message from thread 718-09-2026 00:29:34 [38;5;009m[ERROR]: [0mThis is a error message from thread 2118-09-2026 00:29:34 [38;5;117m[DEBUG]: [0mThis is a debug message from thread 2518-09-2026 00:29:34 [38;5;009m[ERROR]: [0mThis is a error message from thread 1018-09-2026 00:29:34 [38;5;117m[DEBUG]: [0mThis is a debug message from thread 018-09-2026 00:29:34 [38;5;117m[DEBUG]: [0mThis is a debug message from thread 118-09-2026 00:29:34 [38;5;009m[ERROR]: [0mThis is a error message from thread 2218-09-2026 00:29:34 [38;5;015m[INFO]: [0mThis is a info message from thread 718-09-2026 00:29:34 [38;5;009m[ERROR]: [0mThis is a error message from thread 1818-09-2026 00:29:34 [38;5;117m[DEBUG]: [0mThis is a debug message from thread 1018-09-2026 00:29:34 [38;5;015m[INFO]: [0mThis is a info message from thread 118-09-2026 00:29:34 [38;5;117m[DEBUG]: [0mThis is a debug message from thread 2118-09-2026 00:29:34 [38;5;015m[INFO]: [0mThis is a info message from thread 018-09-2026 00:29:34 [38;5;009m[ERROR]: [0mThis is a error message from thread 2718-09-2026 00:29:34 [38;5;015m[INFO]: [0mThis is a info message from thread 2518-09-2026 00:29:34 [38;5;117m[DEBUG]: [0mThis is a debug message from thread 1518-09-2026 00:29:34 [38;5;117m[DEBUG]: [0mThis is a debug message from thread 1818-09-2026 00:29:34 [38;5;015m[INFO]: [0mThis is a info message from thread 2118-09-2026 00:29:34 [38;5;009m[ERROR]: [0mThis is a error message from thread 2518-09-2026 00:29:34 [38;5;015m[INFO]: [0mThis is a info message from thread 1018-09-2026 00:29:34 [38;5;009m[ERROR]: [0mThis is a error message from thread 2118-09-2026 00:29:34 [38;5;117m[DEBUG]: [0mThis is a debug message from thread 2518-09-2026 00:29:34 [38;5;009m[ERROR]: [0mThis is a error message from thread 018-09-2026 00:29:34 [38;5;117m[DEBUG]: [0mThis is a debug message from thread 2418-09-2026 00:29:34 [38;5;009m[ERROR]: [0mThis is a error message from thread 1018-09-2026 00:29:34 [38;5;015m[INFO]: [0mThis is a info message from thread 1518-09-2026 00:29:34 [38;5;009m[ERROR]: [0mThis is a error message from thread 1218-09-2026 00:29:34 [38;5;117m[DEBUG]: [0mThis is a debug message from thread 418-09-2026 00:29:34 [38;5;117m[DEBUG]: [0mThis is a debug message from thread 018-09-2026 00:29:34 [38;5;009m[ERROR]: [0mThis is a error message from thread 1418-09-2026 00:29:34 [38;5;117m[DEBUG]: [0mThis is a debug message from thread 2718-09-2026 00:29:34 [38;5;117m[DEBUG]: [0mThis is a debug message from thread 1218-09-2026 00:29:34 [38;5;117m[DEBUG]: [0mThis is a debug message from thread 218-09-2026 00:29:34 [38;5;015m[INFO]: [0mThis is a info message from thread 2618-09-2026 00:29:34 [38;5;015m[INFO]: [0mThis is a info message from thread 2418-09-2026 00:29:34 [38;5;015m[INFO]: [0mThis is a info message from thread 518-09-2026 00:29:34 [38;5;015m[INFO]: [0mThis is a info message from thread 1718-09-2026 00:29:34 [38;5;015m[INFO]: [0mThis is a info message from thread 2918-09-2026 00:29:34 [38;5;009m[ERROR]: [0mThis is a error message from thread 318-09-2026 00:29:34 [38;5;009m[ERROR]: [0mThis is a error message from thread 918-09-2026 00:29:34 [38;5;117m[DEBUG]: [0mThis is a debug message from thread 918-09-2026 00:29:34 [38;5;117m[DEBUG]: [0mThis is a debug message from thread 318-09-2026 00:29:34 [38;5;015m[INFO]: [0mThis is a info message from thread 418-09-2026 00:29:34 [38;5;117m[DEBUG]: [0mThis is a debug message from thread 1618-09-2026 00:29:34 [38;5;009m[ERROR]: [0mThis is a error message from thread 1518-09-2026 00:29:34 [38;5;015m[INFO]: [0mThis is a info message from thread 2018-09-2026 00:29:34 [38;5;009m[ERROR]: [0mThis is a error message from thread 2418-09-2026 00:29:34 [38;5;117m[DEBUG]: [0mThis is a debug message from thread 1518-09-2026 00:29:34 [38;5;009m[ERROR]: [0mThis is a error message from thread 518-09-2026 00:29:34 [38;5;009m[ERROR]: [0mThis is a error message from thread 2018-09-2026 00:29:34 [38;5;117m[DEBUG]: [0mThis is a debug message from thread 2018-09-2026 00:29:34 [38;5;009m[ERROR]: [0mThis is a error message from thread 2618-09-2026 00:29:34 [38;5;117m[DEBUG]: [0mThis is a debug message from thread 2418-09-2026 00:29:34 [38;5;009m[ERROR]: [0mThis is a error message from thread 418-09-2026 00:29:34 [38;5;015m[INFO]: [0mThis is a info message from thread 918-09-2026 00:29:34 [38;5;117m[DEBUG]: [0mThis is a debug message from thread 818-09-2026 00:29:34 [38;5;015m[INFO]: [0mThis is a info message from thread 318-09-2026 00:29:34 [38;5;117m[DEBUG]: [0mThis is a debug message from thread 2318-09-2026 00:29:34 [38;5;015m[INFO]: [0mThis is a info message from thread 2318-09-2026 00:29:34 [38;5;117m[DEBUG]: [0mThis is a debug message from thread 518-09-2026 00:29:34 [38;5;009m[ERROR]: [0mThis is a error message from thread 318-09-2026 00:29:34 [38;5;009m[ERROR]: [0mThis is a error message from thread 718-09-2026 00:29:34 [38;5;117m[DEBUG]: [0mThis is a debug message from thread 318-09-2026 00:29:34 [38;5;015m[INFO]: [0mThis is a info message from thread 318-09-2026 00:29:34 [38;5;009m[ERROR]: [0mThis is a error message from thread 318-09-2026 00:29:34 [38;5;117m[DEBUG]: [0mThis is a debug message from thread 318-09-2026 00:29:34 [38;5;009m[ERROR]: [0mThis is a error message from thread 2318-09-2026 00:29:34 [38;5;117m[DEBUG]: [0mThis is a debug message from thread 718-09-2026 00:29:34 [38;5;015m[INFO]: [0mThis is a info message from thread 018-09-2026 00:29:34 [38;5;117m[DEBUG]: [0mThis is a debug message from thread 2618-09-2026 00:29:34 [38;5;015m[INFO]: [0mThis is a info message from thread 318-09-2026 00:29:34 [38;5;015m[INFO]: [0mThis is a info message from thread 1818-09-2026 00:29:34 [38;5;117m[DEBUG]: [0mThis is a debug message from thread 418-09-2026 00:29:34 [38;5;009m[ERROR]: [0mThis is a error message from thread 318-09-2026 00:29:34 [38;5;015m[INFO]: [0mThis is a info message from thread 1518-09-2026 00:29:34 [38;5;009m[ERROR]: [0mThis is a error message from thread 2818-09-2026 00:29:34 [38;5;117m[DEBUG]: [0mThis is a debug message from thread 318-09-2026 00:29:34 [38;5;009m[ERROR]: [0mThis is a error message from thread 1518-09-2026 00:29:34 [38;5;015m[INFO]: [0mThis is a info message from thread 718-09-2026 00:29:34 [38;5;009m[ERROR]: [0mThis is a error message from thread 1918-09-2026 00:29:34 [38;5;117m[DEBUG]: [0mThis is a debug message from thread 2218-09-2026 00:29:34 [38;5;015m[INFO]: [0mThis is a info message from thread 2618-09-2026 00:29:34 [38;5;009m[ERROR]: [0mThis is a error message from thread 118-09-2026 00:29:34 [38;5;009m[ERROR]: [0mThis is a error message from thread 2918-09-2026 00:29:34 [38;5;015m[INFO]: [0mThis is a info message from thread 2718-09-2026 00:29:34 [38;5;015m[INFO]: [0mThis is a info message from thread 618-09-2026 00:29:34 [38;5;015m[INFO]: [0mThis is a info message from thread 318-09-2026 00:29:34 [38;5;015m[INFO]: [0mThis is a info message from thread 418-09-2026 00:29:34 [38;5;015m[INFO]: [0mThis is a info message from thread 218-09-2026 00:29:34 [38;5;015m[INFO]: [0mThis is a info message from thread 1618-09-2026 00:29:34 [38;5;009m[ERROR]: [0mThis is a error message from thread 018-09-2026 00:29:34 [38;5;117m[DEBUG]: [0mThis is a debug message from thread 2918-09-2026 00:29:34 [38;5;015m[INFO]: [0mThis is a info message from thread 2218-09-2026 00:29:34 [38;5;015m[INFO]: [0mThis is a info message from thread 2418-09-2026 00:29:34 [38;5;015m[INFO]: [0mThis is a info message from thread 1218-09-2026 00:29:34 [38;5;015m[INFO]: [0mThis is a info message from thread 1318-09-2026 00:29:34 [38;5;015m[INFO]: [0mThis is a info message from thread 2518-09-2026 00:29:34 [38;5;015m[INFO]: [0mThis is a info message from thread 818-09-2026 00:29:34 [38;5;015m[INFO]: [0mThis is a info message from thread 2918-09-2026 00:29:34 [38;5;009m[ERROR]: [0mThis is a error message from thread 1318-09-2026 00:29:34 [38;5;009m[ERROR]: [0mThis is a error message from thread 1618-09-2026 00:29:34 [38;5;117m[DEBUG]: [0mThis is a debug message from thread 1418-09-2026 00:29:34 [38;5;009m[ERROR]: [0mThis is a error message from thread 1218-09-2026 00:29:34 [38;5;117m[DEBUG]: [0mThis is a debug message from thread 1518-09-2026 00:29:34 [38;5;009m[ERROR]: [0mThis is a error message from thread 818-09-2026 00:29:34 [38;5;009m[ERROR]: [0mThis is a error message from thread 2218-09-2026 00:29:34 [38;5;009m[ERROR]: [0mThis is a error message from thread 2918-09-2026 00:29:34 [38;5;009m[ERROR]: [0mThis is a error message from thread 718-09-2026 00:29:34 [38;5;009m[ERROR]: [0mThis is a error message from thread 2718-09-2026 00:29:34 [38;5;015m[INFO]: [0mThis is a info message from thread 518-09-2026 00:29:34 [38;5;117m[DEBUG]: [0mThis is a debug message from thread 1218-09-2026 00:29:34 [38;5;117m[DEBUG]: [0mThis is a debug message from thread 2218-09-2026 00:29:34 [38;5;009m[ERROR]: [0mThis is a error message from thread 1718-09-2026 00:29:34 [38;5;009m[ERROR]: [0mThis is a error message from thread 2618-09-2026 00:29:34 [38;5;015m[INFO]: [0mThis is a info message from thread 1418-09-2026 00:29:34 [38;5;117m[DEBUG]: [0mThis is a debug message from thread 1618-09-2026 00:29:34 [38;5;009m[ERROR]: [0mThis is a error message from thread 218-09-2026 00:29:34 [38;5;117m[DEBUG]: [0mThis is a debug message from thread 2318-09-2026 00:29:34 [38;5;117m[DEBUG]: [0mThis is a debug message from thread 118-09-2026 00:29:34 [38;5;015m[INFO]: [0mThis is a info message from thread 1218-09-2026 00:29:34 [38;5;009m[ERROR]: [0mThis is a error message from thread 318-09-2026 00:29:34 [38;5;117m[DEBUG]: [0mThis is a debug message from thread 2618-09-2026 00:29:34 [38;5;117m[DEBUG]: [0mThis is a debug message from thread 1018-09-2026 00:29:34 [38;5;009m[ERROR]: [0mThis is a error message from thread 1418-09-2026 00:29:34 [38;5;015m[INFO]: [0mThis is a info message from thread 2318-09-2026 00:29:34 [38;5;015m[INFO]: [0mThis is a info message from thread 118-09-2026 00:29:34 [38;5;009m[ERROR]: [0mThis is a error message from thread 1818-09-2026 00:29:34 [38;5;009m[ERROR]: [0mThis is a error message from thread 518-09-2026 00:29:34 [38;5;009m[ERROR]: [0mThis is a error message from thread 618-09-2026 00:29:34 [38;5;009m[ERROR]: [0mThis is a error message from thread 2318-09-2026 00:29:34 [38;5;009m[ERROR]: [0mThis is a error message from thread 118-09-2026 00:29:34 [38;5;117m[DEBUG]: [0mThis is a debug message from thread 018-09-2026 00:29:34 [38;5;117m[DEBUG]: [0mThis is a debug message from thread 618-09-2026 00:29:34 [38;5;009m[ERROR]: [0mThis is a error message from thread 2418-09-2026 00:29:34 [38;5;117m[DEBUG]: [0mThis is a debug message from thread 818-09-2026 00:29:34 [38;5;015m[INFO]: [0mThis is a info message from thread 2018-09-2026 00:29:34 [38;5;117m[DEBUG]: [0mThis is a debug message from thread 1918-09-2026 00:29:34 [38;5;117m[DEBUG]: [0mThis is a debug message from thread 2818-09-2026 00:29:34 [38;5;009m[ERROR]: [0mThis is a error message from thread 2518-09-2026 00:29:34 [38;5;009m[ERROR]: [0mThis is a error message from thread 918-09-2026 00:29:34 [38;5;009m[ERROR]: [0mThis is a error message from thread 418-09-2026 00:29:34 [38;5;117m[DEBUG]: [0mThis is a debug message from thread 118-09-2026 00:29:34 [38;5;117m[DEBUG]: [0mThis is a debug message from thread 2118-09-2026 00:29:34 [38;5;015m[INFO]: [0mThis is a info message from thread 2818-09-2026 00:29:34 [38;5;015m[INFO]: [0mThis is a info message from thread 2118-09-2026 00:29:34 [38;5;117m[DEBUG]: [0mThis is a debug message from thread 2718-09-2026 00:29:34 [38;5;117m[DEBUG]: [0mThis is a debug message from thread 2918-09-2026 00:29:34 [38;5;117m[DEBUG]: [0mThis is a debug message from thread 2518-09-2026 00:29:34 [38;5;015m[INFO]: [0mThis is a info message from thread 018-09-2026 00:29:34 [38;5;009m[ERROR]: [0mThis is a error message from thread 2018-09-2026 00:29:34 [38;5;009m[ERROR]: [0mThis is a error message from thread 2818-09-2026 00:29:34 [38;5;009m[ERROR]: [0mThis is a error message from thread 2118-09-2026 00:29:34 [38;5;117m[DEBUG]: [0mThis is a debug message from thread 1718-09-2026 00:29:34 [38;5;117m[DEBUG]: [0mThis is a debug message from thread 1818-09-2026 00:29:34 [38;5;117m[DEBUG]: [0mThis is a debug message from thread 418-09-2026 00:29:34 [38;5;117m[DEBUG]: [0mThis is a debug message from thread 1318-09-2026 00:29:34 [38;5;117m[DEBUG]: [0mThis is a debug message from thread 2118-09-2026 00:29:34 [38;5;117m[DEBUG]: [0mThis is a debug message from thread 218-09-2026 00:29:34 [38;5;117m[DEBUG]: [0mThis is a debug message from thread 2818-09-2026 00:29:34 [38;5;015m[INFO]: [0mThis is a info message from thread 1118-09-2026 00:29:34 [38;5;015m[INFO]: [0mThis is a info message from thread 2518-09-2026 00:29:34 [38;5;015m[INFO]: [0mThis is a info message from thread 1818-09-2026 00:29:34 [38;5;117m[DEBUG]: [0mThis is a debug message from thread 318-09-2026 00:29:34 [38;5;015m[INFO]: [0mThis is a info message from thread 2618-09-2026 00:29:34 [38;5;117m[DEBUG]: [0mThis is a debug message from thread 2318-09-2026 00:29:34 [38;5;015m[INFO]: [0mThis is a info message from thread 2118-09-2026 00:29:34 [38;5;015m[INFO]: [0mThis is a info message from thread 118-09-2026 00:29:34 [38;5;015m[INFO]: [0mThis is a info message from thread 318-09-2026 00:29:34 [38;5;009m[ERROR]: [0mThis is a error message from thread 2518-09-2026 00:29:34 [38;5;009m[ERROR]: [0mThis is a error message from thread 2618-09-2026 00:29:34 [38;5;015m[INFO]: [0mThis is a info message from thread 1618-09-2026 00:29:34 [38;5;015m[INFO]: [0mThis is a info message from thread 2318-09-2026 00:29:34 [38;5;015m[INFO]: [0mThis is a info message from thread 418-09-2026 00:29:34 [38;5;009m[ERROR]: [0mThis is a error message from thread 318-09-2026 00:29:34 [38;5;117m[DEBUG]: [0mThis is a debug message from thread 2618-09-2026 00:29:34 [38;5;117m[DEBUG]: [0mThis is a debug message from thread 718-09-2026 00:29:34 [38;5;009m[ERROR]: [0mThis is a error message from thread 1818-09-2026 00:29:34 [38;5;015m[INFO]: [0mThis is a info message from thread 2618-09-2026 00:29:34 [38;5;117m[DEBUG]: [0mThis is a debug message from thread 2518-09-2026 00:29:34 [38;5;009m[ERROR]: [0mThis is a error message from thread 118-09-2026 00:29:34 [38;5;117m[DEBUG]: [0mThis is a debug message from thread 1418-09-2026 00:29:34 [38;5;015m[INFO]: [0mThis is a info message from thread 818-09-2026 00:29:34 [38;5;015m[INFO]: [0mThis is a info message from thread 2918-09-2026 00:29:34 [38;5;015m[INFO]: [0mThis is a info message from thread 2218-09-2026 00:29:34 [38;5;015m[INFO]: [0mThis is a info message from thread 1018-09-2026 00:29:34 [38;5;009m[ERROR]: [0mThis is a error message from thread 2618-09-2026 00:29:34 [38;5;117m[DEBUG]: [0mThis is a debug message from thread 518-09-2026 00:29:34 [38;5;015m[INFO]: [0mThis is a info message from thread 218-09-2026 00:29:34 [38;5;117m[DEBUG]: [0mThis is a debug message from thread 2618-09-2026 00:29:34 [38;5;009m[ERROR]: [0mThis is a error message from thread 018-09-2026 00:29:34 [38;5;009m[ERROR]: [0mThis is a error message from thread 2118-09-2026 00:29:34 [38;5;015m[INFO]: [0mThis is a info message from thread 1418-09-2026 00:29:34 [38;5;117m[DEBUG]: [0mThis is a debug message from thread 918-09-2026 00:29:34 [38;5;015m[INFO]: [0mThis is a info message from thread 2618-09-2026 00:29:34 [38;5;015m[INFO]: [0mThis is a info message from thread 618-09-2026 00:29:34 [38;5;015m[INFO]: [0mThis is a info message from thread 918-09-2026 00:29:34 [38;5;009m[ERROR]: [0mThis is a error message from thread 418-09-2026 00:29:34 [38;5;009m[ERROR]: [0mThis is a error message from thread 2618-09-2026 00:29:34 [38;5;009m[ERROR]: [0mThis is a error message from thread 2918-09-2026 00:29:34 [38;5;009m[ERROR]: [0mThis is a error message from thread 1118-09-2026 00:29:34 [38;5;009m[ERROR]: [0mThis is a error message from thread 1418-09-2026 00:29:34 [38;5;117m[DEBUG]: [0mThis is a debug message from thread 1118-09-2026 00:29:34 [38;5;015m[INFO]: [0mThis is a info message from thread 518-09-2026 00:29:34 [38;5;117m[DEBUG]: [0mThis is a debug message from thread 1418-09-2026 00:29:34 [38;5;117m[DEBUG]: [0mThis is a debug message from thread 2418-09-2026 00:29:34 [38;5;009m[ERROR]: [0mThis is a error message from thread 818-09-2026 00:29:34 [38;5;117m[DEBUG]: [0mThis is a debug message from thread 2018-09-2026 00:29:34 [38;5;015m[INFO]: [0mThis is a info message from thread 1718-09-2026 00:29:34 [38;5;009m[ERROR]: [0mThis is a error message from thread 218-09-2026 00:29:34 [38;5;015m[INFO]: [0mThis is a info message from thread 1418-09-2026 00:29:34 [38;5;015m[INFO]: [0mThis is a info message from thread 718-09-2026 00:29:34 [38;5;117m[DEBUG]: [0mThis is a debug message from thread 1818-09-2026 00:29:34 [38;5;015m[INFO]: [0mThis is a info message from thread 1918-09-2026 00:29:34 [38;5;009m[ERROR]: [0mThis is a error message from thread 1418-09-2026 00:29:34 [38;5;015m[INFO]: [0mThis is a info message from thread 2818-09-2026 00:29:34 [38;5;009m[ERROR]: [0mThis is a error message from thread 518-09-2026 00:29:34 [38;5;015m[INFO]: [0mThis is a info message from thread 1818-09-2026 00:29:34 [38;5;117m[DEBUG]: [0mThis is a debug message from thread 118-09-2026 00:29:34 [38;5;009m[ERROR]: [0mThis is a error message from thread 618-09-2026 00:29:34 [38;5;117m[DEBUG]: [0mThis is a debug message from thread 518-09-2026 00:29:34 [38;5;117m[DEBUG]: [0mThis is a debug message from thread 2618-09-2026 00:29:34 [38;5;015m[INFO]: [0mThis is a info message from thread 118-09-2026 00:29:34 [38;5;009m[ERROR]: [0mThis is a error message from thread 1718-09-2026 00:29:34 [38;5;015m[INFO]: [0mThis is a info message from thread 2618-09-2026 00:29:34 [38;5;009m[ERROR]: [0mThis is a error message from thread 718-09-2026 00:29:34 [38;5;117m[DEBUG]: [0mThis is a debug message from thread 618-09-2026 00:29:34 [38;5;015m[INFO]: [0mThis is a info message from thread 2518-09-2026 00:29:34 [38;5;009m[ERROR]: [0mThis is a error message from thread 1818-09-2026 00:29:34 [38;5;117m[DEBUG]: [0mThis is a debug message from thread 718-09-2026 00:29:34 [38;5;009m[ERROR]: [0mThis is a error message from thread 2618-09-2026 00:29:34 [38;5;009m[ERROR]: [0mThis is a error message from thread 2518-09-2026 00:29:34 [38;5;015m[INFO]: [0mThis is a info message from thread 518-09-2026 00:29:34 [38;5;117m[DEBUG]: [0mThis is a debug message from thread 2118-09-2026 00:29:34 [38;5;009m[ERROR]: [0mThis is a error message from thread 2318-09-2026 00:29:34 [38;5;009m[ERROR]: [0mThis is a error message from thread 1018-09-2026 00:29:34 [38;5;117m[DEBUG]: [0mThis is a debug message from thread 2918-09-2026 00:29:34 [38;5;009m[ERROR]: [0mThis is a error message from thread 2218-09-2026 00:29:34 [38;5;015m[INFO]: [0mThis is a info message from thread 1118-09-2026 00:29:34 [38;5;009m[ERROR]: [0mThis is a error message from thread 1618-09-2026 00:29:34 [38;5;009m[ERROR]: [0mThis is a error message from thread 518-09-2026 00:29:34 [38;5;117m[DEBUG]: [0mThis is a debug message from thread 2518-09-2026 00:29:34 [38;5;015m[INFO]: [0mThis is a info message from thread 718-09-2026 00:29:34 [38;5;015m[INFO]: [0mThis is a info message from thread 2118-09-2026 00:29:34 [38;5;117m[DEBUG]: [0mThis is a debug message from thread 018-09-2026 00:29:34 [38;5;117m[DEBUG]: [0mThis is a debug message from thread 218-09-2026 00:29:34 [38;5;117m[DEBUG]: [0mThis is a debug message from thread 1018-09-2026 00:29:34 [38;5;015m[INFO]: [0mThis is a info message from thread 2518-09-2026 00:29:34 [38;5;015m[INFO]: [0mThis is a info message from thread 1318-09-2026 00:29:34 [38;5;009m[ERROR]: [0mThis is a error message from thread 118-09-2026 00:29:34 [38;5;015m[INFO]: [0mThis is a info message from thread 2018-09-2026 00:29:34 [38;5;117m[DEBUG]: [0mThis is a debug message from thread 2618-09-2026 00:29:34 [38;5;117m[DEBUG]: [0mThis is a debug message from thread 318-09-2026 00:29:34 [38;5;015m[INFO]: [0mThis is a info message from thread 618-09-2026 00:29:34 [38;5;009m[ERROR]: [0mThis is a error message from thread 2518-09-2026 00:29:34 [38;5;015m[INFO]: [0mThis is a info message from thread 2618-09-2026 00:29:34 [38;5;015m[INFO]: [0mThis is a info message from thread 318-09-2026 00:29:34 [38;5;117m[DEBUG]: [0mThis is a debug message from thread 1718-09-2026 00:29:34 [38;5;015m[INFO]: [0mThis is a info message from thread 1018-09-2026 00:29:34 [38;5;015m[INFO]: [0mThis is a info message from thread 1518-09-2026 00:29:34 [38;5;015m[INFO]: [0mThis is a info message from thread 2918-09-2026 00:29:34 [38;5;009m[ERROR]: [0mThis is a error message from thread 918-09-2026 00:29:34 [38;5;009m[ERROR]: [0mThis is a error message from thread 2618-09-2026 00:29:34 [38;5;015m[INFO]: [0mThis is a info message from thread 2718-09-2026 00:29:34 [38;5;015m[INFO]: [0mThis is a info message from thread 1718-09-2026 00:29:34 [38;5;117m[DEBUG]: [0mThis is a debug message from thread 1818-09-2026 00:29:34 [38;5;015m[INFO]: [0mThis is a info message from thread 018-09-2026 00:29:34 [38;5;009m[ERROR]: [0mThis is a error message from thread 1018-09-2026 00:29:34 [38;5;009m[ERROR]: [0mThis is a error message from thread 1518-09-2026 00:29:34 [38;5;009m[ERROR]: [0mThis is a error message from thread 1718-09-2026 00:29:34 [38;5;015m[INFO]: [0mThis is a info message from thread 1818-09-2026 00:29:34 [38;5;117m[DEBUG]: [0mThis is a debug message from thread 1718-09-2026 00:29:34 [38;5;117m[DEBUG]: [0mThis is a debug message from thread 118-09-2026 00:29:34 [38;5;009m[ERROR]: [0mThis is a error message from thread 2718-09-2026 00:29:34 [38;5;117m[DEBUG]: [0mThis is a debug message from thread 1518-09-2026 00:29:34 [38;5;117m[DEBUG]: [0mThis is a debug message from thread 1018-09-2026 00:29:34 [38;5;009m[ERROR]: [0mThis is a error message from thread 2918-09-2026 00:29:34 [38;5;015m[INFO]: [0mThis is a info message from thread 1718-09-2026 00:29:34 [38;5;015m[INFO]: [0mThis is a info message from thread 1018-09-2026 00:29:34 [38;5;015m[INFO]: [0mThis is a info message from thread 1518-09-2026 00:29:34 [38;5;117m[DEBUG]: [0mThis is a debug message from thread 1418-09-2026 00:29:34 [38;5;117m[DEBUG]: [0mThis is a debug message from thread 518-09-2026 00:29:34 [38;5;009m[ERROR]: [0mThis is a error message from thread 2818-09-2026 00:29:34 [38;5;117m[DEBUG]: [0mThis is a debug message from thread 1618-09-2026 00:29:34 [38;5;009m[ERROR]: [0mThis is a error message from thread 1918-09-2026 00:29:34 [38;5;015m[INFO]: [0mThis is a info message from thread 2418-09-2026 00:29:34 [38;5;117m[DEBUG]: [0mThis is a debug message from thread 2918-09-2026 00:29:34 [38;5;117m[DEBUG]: [0mThis is a debug message from thread 818-09-2026 00:29:34 [38;5;117m[DEBUG]: [0mThis is a debug message from thread 2318-09-2026 00:29:34 [38;5;015m[INFO]: [0mThis is a info message from thread 218-09-2026 00:29:34 [38;5;117m[DEBUG]: [0mThis is a debug message from thread 2218-09-2026 00:29:34 [38;5;009m[ERROR]: [0mThis is a error message from thread 1218-09-2026 00:29:34 [38;5;117m[DEBUG]: [0mThis is a debug message from thread 1918-09-2026 00:29:34 [38;5;117m[DEBUG]: [0mThis is a debug message from thread 2718-09-2026 00:29:34 [38;5;015m[INFO]: [0mThis is a info message from thread 1618-09-2026 00:29:34 [38;5;015m[INFO]: [0mThis is a info message from thread 1918-09-2026 00:29:34 [38;5;009m[ERROR]: [0mThis is a error message from thread 1618-09-2026 00:29:34 [38;5;015m[INFO]: [0mThis is a info message from thread 1418-09-2026 00:29:34 [38;5;015m[INFO]: [0mThis is a info message from thread 2318-09-2026 00:29:34 [38;5;117m[DEBUG]: [0mThis is a debug message from thread 2818-09-2026 00:29:34 [38;5;009m[ERROR]: [0mThis is a error message from thread 2418-09-2026 00:29:34 [38;5;009m[ERROR]: [0mThis is a error message from thread 2318-09-2026 00:29:34 [38;5;117m[DEBUG]: [0mThis is a debug message from thread 1618-09-2026 00:29:34 [38;5;009m[ERROR]: [0mThis is a error message from thread 1418-09-2026 00:29:34 [38;5;117m[DEBUG]: [0mThis is a debug message from thread 2418-09-2026 00:29:34 [38;5;009m[ERROR]: [0mThis is a error message from thread 2118-09-2026 00:29:34 [38;5;009m[ERROR]: [0mThis is a error message from thread 1918-09-2026 00:29:34 [38;5;015m[INFO]: [0mThis is a info message from thread 2418-09-2026 00:29:34 [38;5;117m[DEBUG]: [0mThis is a debug message from thread 2318-09-2026 00:29:34 [38;5;117m[DEBUG]: [0mThis is a debug message from thread 1418-09-2026 00:29:34 [38;5;009m[ERROR]: [0mThis is a error message from thread 1318-09-2026 00:29:34 [38;5;009m[ERROR]: [0mThis is a error message from thread 618-09-2026 00:29:34 [38;5;009m[ERROR]: [0mThis is a error message from thread 2418-09-2026 00:29:34 [38;5;015m[INFO]: [0mThis is a info message from thread 1418-09-2026 00:29:34 [38;5;015m[INFO]: [0mThis is a info message from thread 2318-09-2026 00:29:34 [38;5;015m[INFO]: [0mThis is a info message from thread 2818-09-2026 00:29:34 [38;5;009m[ERROR]: [0mThis is a error message from thread 2318-09-2026 00:29:34 [38;5;117m[DEBUG]: [0mThis is a debug message from thread 2318-09-2026 00:29:34 [38;5;015m[INFO]: [0mThis is a info message from thread 518-09-2026 00:29:34 [38;5;117m[DEBUG]: [0mThis is a debug message from thread 2418-09-2026 00:29:34 [38;5;117m[DEBUG]: [0mThis is a debug message from thread 1218-09-2026 00:29:34 [38;5;009m[ERROR]: [0mThis is a error message from thread 2818-09-2026 00:29:34 [38;5;015m[INFO]: [0mThis is a info message from thread 2318-09-2026 00:29:34 [38;5;015m[INFO]: [0mThis is a info message from thread 2718-09-2026 00:29:34 [38;5;009m[ERROR]: [0mThis is a error message from thread 018-09-2026 00:29:34 [38;5;009m[ERROR]: [0mThis is a error message from thread 318-09-2026 00:29:34 [38;5;117m[DEBUG]: [0mThis is a debug message from thread 2618-09-2026 00:29:34 [38;5;117m[DEBUG]: [0mThis is a debug message from thread 2818-09-2026 00:29:34 [38;5;009m[ERROR]: [0mThis is a error message from thread 2318-09-2026 00:29:34 [38;5;015m[INFO]: [0mThis is a info message from thread 2818-09-2026 00:29:34 [38;5;015m[INFO]: [0mThis is a info message from thread 2918-09-2026 00:29:34 [38;5;117m[DEBUG]: [0mThis is a debug message from thread 2318-09-2026 00:29:34 [38;5;009m[ERROR]: [0mThis is a error message from thread 1418-09-2026 00:29:34 [38;5;015m[INFO]: [0mThis is a info message from thread 818-09-2026 00:29:34 [38;5;015m[INFO]: [0mThis is a info message from thread 1218-09-2026 00:29:34 [38;5;009m[ERROR]: [0mThis is a error message from thread 1818-09-2026 00:29:34 [38;5;015m[INFO]: [0mThis is a info message from thread 2318-09-2026 00:29:34 [38;5;015m[INFO]: [0mThis is a info message from thread 2618-09-2026 00:29:34 [38;5;009m[ERROR]: [0mThis is a error message from thread 2818-09-2026 00:29:34 [38;5;015m[INFO]: [0mThis is a info message from thread 2218-09-2026 00:29:34 [38;5;015m[INFO]: [0mThis is a info message from thread 2418-09-2026 00:29:34 [38;5;009m[ERROR]: [0mThis is a error message from thread 1518-09-2026 00:29:34 [38;5;009m[ERROR]: [0mThis is a error message from thread 518-09-2026 00:29:34 [38;5;117m[DEBUG]: [0mThis is a debug message from thread 418-09-2026 00:29:34 [38;5;009m[ERROR]: [0mThis is a error message from thread 1018-09-2026 00:29:34 [38;5;009m[ERROR]: [0mThis is a error message from thread 1718-09-2026 00:29:34 [38;5;009m[ERROR]: [0mThis is a error message from thread 1218-09-2026 00:29:34 [38;5;015m[INFO]: [0mThis is a info message from thread 118-09-2026 00:29:34 [38;5;117m[DEBUG]: [0mThis is a debug message from thread 1818-09-2026 00:29:34 [38;5;009m[ERROR]: [0mThis is a error message from thread 118-09-2026 00:29:34 [38;5;015m[INFO]: [0mThis is a info message from thread 1818-09-2026 00:29:34 [38;5;009m[ERROR]: [0mThis is a error message from thread 2618-09-2026 00:29:34 [38;5;009m[ERROR]: [0mThis is a error message from thread 2318-09-2026 00:29:34 [38;5;009m[ERROR]: [0mThis is a error message from thread 2918-09-2026 00:29:34 [38;5;117m[DEBUG]: [0mThis is a debug message from thread 1018-09-2026 00:29:34 [38;5;009m[ERROR]: [0mThis is a error message from thread 2218-09-2026 00:29:34 [38;5;117m[DEBUG]: [0mThis is a debug message from thread 2518-09-2026 00:29:34 [38;5;117m[DEBUG]: [0mThis is a debug message from thread 2618-09-2026 00:29:34 [38;5;117m[DEBUG]: [0mThis is a debug message from thread 1918-09-2026 00:29:34 [38;5;009m[ERROR]: [0mThis is a error message from thread 1818-09-2026 00:29:34 [38;5;117m[DEBUG]: [0mThis is a debug message from thread 2318-09-2026 00:29:34 [38;5;015m[INFO]: [0mThis is a info message from thread 2618-09-2026 00:29:34 [38;5;015m[INFO]: [0mThis is a info message from thread 2518-09-2026 00:29:34 [38;5;117m[DEBUG]: [0mThis is a debug message from thread 2918-09-2026 00:29:34 [38;5;117m[DEBUG]: [0mThis is a debug message from thread 2818-09-2026 00:29:34 [38;5;117m[DEBUG]: [0mThis is a debug message from thread 018-09-2026 00:29:34 [38;5;015m[INFO]: [0mThis is a info message from thread 2318-09-2026 00:29:34 [38;5;015m[INFO]: [0mThis is a info message from thread 2918-09-2026 00:29:34 [38;5;015m[INFO]: [0mThis is a info message from thread 1918-09-2026 00:29:34 [38;5;117m[DEBUG]: [0mThis is a debug message from thread 1418-09-2026 00:29:34 [38;5;117m[DEBUG]: [0mThis is a debug message from thread 318-09-2026 00:29:34 [38;5;015m[INFO]: [0mThis is a info message from thread 2818-09-2026 00:29:34 [38;5;117m[DEBUG]: [0mThis is a debug message from thread 1818-09-2026 00:29:34 [38;5;009m[ERROR]: [0mThis is a error message from thread 2618-09-2026 00:29:34 [38;5;015m[INFO]: [0mThis is a info message from thread 318-09-2026 00:29:34 [38;5;015m[INFO]: [0mThis is a info message from thread 418-09-2026 00:29:34 [38;5;009m[ERROR]: [0mThis is a error message from thread 1918-09-2026 00:29:34 [38;5;117m[DEBUG]: [0mThis is a debug message from thread 1218-09-2026 00:29:34 [38;5;009m[ERROR]: [0mThis is a error message from thread 218-09-2026 00:29:34 [38;5;009m[ERROR]: [0mThis is a error message from thread 2318-09-2026 00:29:34 [38;5;117m[DEBUG]: [0mThis is a debug message from thread 518-09-2026 00:29:34 [38;5;009m[ERROR]: [0mThis is a error message from thread 318-09-2026 00:29:34 [38;5;015m[INFO]: [0mThis is a info message from thread 018-09-2026 00:29:34 [38;5;009m[ERROR]: [0mThis is a error message from thread 818-09-2026 00:29:34 [38;5;117m[DEBUG]: [0mThis is a debug message from thread 1518-09-2026 00:29:34 [38;5;015m[INFO]: [0mThis is a info message from thread 1218-09-2026 00:29:34 [38;5;015m[INFO]: [0mThis is a info message from thread 1018-09-2026 00:29:34 [38;5;009m[ERROR]: [0mThis is a error message from thread 2018-09-2026 00:29:34 [38;5;015m[INFO]: [0mThis is a info message from thread 1418-09-2026 00:29:34 [38;5;009m[ERROR]: [0mThis is a error message from thread 1118-09-2026 00:29:34 [38;5;009m[ERROR]: [0mThis is a error message from thread 2718-09-2026 00:29:34 [38;5;015m[INFO]: [0mThis is a info message from thread 1618-09-2026 00:29:34 [38;5;117m[DEBUG]: [0mThis is a debug message from thread 218-09-2026 00:29:34 [38;5;009m[ERROR]: [0mThis is a error message from thread 2818-09-2026 00:29:34 [38;5;117m[DEBUG]: [0mThis is a debug message from thread 1718-09-2026 00:29:34 [38;5;117m[DEBUG]: [0mThis is a debug message from thread 2718-09-2026 00:29:34 [38;5;117m[DEBUG]: [0mThis is a debug message from thread 2618-09-2026 00:29:34 [38;5;009m[ERROR]: [0mThis is a error message from thread 1418-09-2026 00:29:34 [38;5;009m[ERROR]: [0mThis is a error message from thread 718-09-2026 00:29:34 [38;5;009m[ERROR]: [0mThis is a error message from thread 1018-09-2026 00:29:34 [38;5;015m[INFO]: [0mThis is a info message from thread 2618-09-2026 00:29:34 [38;5;117m[DEBUG]: [0mThis is a debug message from thread 718-09-2026 00:29:34 [38;5;009m[ERROR]: [0mThis is a error message from thread 2418-09-2026 00:29:34 [38;5;015m[INFO]: [0mThis is a info message from thread 1718-09-2026 00:29:34 [38;5;117m[DEBUG]: [0mThis is a debug message from thread 1118-09-2026 00:29:34 [38;5;117m[DEBUG]: [0mThis is a debug message from thread 1018-09-2026 00:29:34 [38;5;009m[ERROR]: [0mThis is a error message from thread 418-09-2026 00:29:34 [38;5;009m[ERROR]: [0mThis is a error message from thread 1618-09-2026 00:29:34 [38;5;009m[ERROR]: [0mThis is a error message from thread 2518-09-2026 00:29:34 [38;5;015m[INFO]: [0mThis is a info message from thread 1518-09-2026 00:29:34 [38;5;009m[ERROR]: [0mThis is a error message from thread 1718-09-2026 00:29:34 [38;5;117m[DEBUG]: [0mThis is a debug message from thread 918-09-2026 00:29:34 [38;5;117m[DEBUG]: [0mThis is a debug message from thread 1618-09-2026 00:29:34 [38;5;015m[INFO]: [0mThis is a info message from thread 1018-09-2026 00:29:34 [38;5;117m[DEBUG]: [0mThis is a debug message from thread 2418-09-2026 00:29:34 [38;5;009m[ERROR]: [0mThis is a error message from thread 1018-09-2026 00:29:34 [38;5;015m[INFO]: [0mThis is a info message from thread 718-09-2026 00:29:34 [38;5;009m[ERROR]: [0mThis is a error message from thread 718-09-2026 00:29:34 [38;5;117m[DEBUG]: [0mThis is a debug message from thread 718-09-2026 00:29:34 [38;5;015m[INFO]: [0mThis is a info message from thread 718-09-2026 00:29:34 [38;5;117m[DEBUG]: [0mThis is a debug message from thread 118-09-2026 00:29:34 [38;5;009m[ERROR]: [0mThis is a error message from thread 718-09-2026 00:29:34 [38;5;015m[INFO]: [0mThis is a info message from thread 1118-09-2026 00:29:34 [38;5;015m[INFO]: [0mThis is a info message from thread 118-09-2026 00:29:34 [38;5;117m[DEBUG]: [0mThis is a debug message from thread 718-09-2026 00:29:34 [38;5;009m[ERROR]: [0mThis is a error message from thread 1118-09-2026 00:29:34 [38;5;015m[INFO]: [0mThis is a info message from thread 718-09-2026 00:29:34 [38;5;117m[DEBUG]: [0mThis is a debug message from thread 1118-09-2026 00:29:34 [38;5;009m[ERROR]: [0mThis is a error message from thread 718-09-2026 00:29:34 [38;5;117m[DEBUG]: [0mThis is a debug message from thread 618-09-2026 00:29:34 [38;5;015m[INFO]: [0mThis is a info message from thread 518-09-2026 00:29:34 [38;5;117m[DEBUG]: [0mThis is a debug message from thread 1318-09-2026 00:29:34 [38;5;117m[DEBUG]: [0mThis is a debug message from thread 318-09-2026 00:29:34 [38;5;015m[INFO]: [0mThis is a info message from thread 1818-09-2026 00:29:34 [38;5;117m[DEBUG]: [0mThis is a debug message from thread 1418-09-2026 00:29:34 [38;5;015m[INFO]: [0mThis is a info message from thread 1318-09-2026 00:29:34 [38;5;117m[DEBUG]: [0mThis is a debug message from thread 2118-09-2026 00:29:34 [38;5;117m[DEBUG]: [0mThis is a debug message from thread 418-09-2026 00:29:34 [38;5;015m[INFO]: [0mThis is a info message from thread 318-09-2026 00:29:34 [38;5;015m[INFO]: [0mThis is a info message from thread 1618-09-2026 00:29:34 [38;5;117m[DEBUG]: [0mThis is a debug message from thread 818-09-2026 00:29:34 [38;5;117m[DEBUG]: [0mThis is a debug message from thread 2518-09-2026 00:29:34 [38;5;015m[INFO]: [0mThis is a info message from thread 418-09-2026 00:29:34 [38;5;015m[INFO]: [0mThis is a info message from thread 2418-09-2026 00:29:34 [38;5;009m[ERROR]: [0mThis is a error message from thread 1618-09-2026 00:29:34 [38;5;009m[ERROR]: [0mThis is a error message from thread 318-09-2026 00:29:34 [38;5;009m[ERROR]: [0mThis is a error message from thread 1318-09-2026 00:29:34 [38;5;015m[INFO]: [0mThis is a info message from thread 818-09-2026 00:29:34 [38;5;117m[DEBUG]: [0mThis is a debug message from thread 2218-09-2026 00:29:34 [38;5;009m[ERROR]: [0mThis is a error message from thread 1518-09-2026 00:29:34 [38;5;117m[DEBUG]: [0mThis is a debug message from thread 1618-09-2026 00:29:34 [38;5;015m[INFO]: [0mThis is a info message from thread 218-09-2026 00:29:34 [38;5;117m[DEBUG]: [0mThis is a debug message from thread 318-09-2026 00:29:34 [38;5;117m[DEBUG]: [0mThis is a debug message from thread 1918-09-2026 00:29:34 [38;5;117m[DEBUG]: [0mThis is a debug message from thread 2318-09-2026 00:29:34 [38;5;009m[ERROR]: [0mThis is a error message from thread 2418-09-2026 00:29:34 [38;5;015m[INFO]: [0mThis is a info message from thread 2218-09-2026 00:29:34 [38;5;117m[DEBUG]: [0mThis is a debug message from thread 1518-09-2026 00:29:34 [38;5;117m[DEBUG]: [0mThis is a debug message from thread 718-09-2026 00:29:34 [38;5;009m[ERROR]: [0mThis is a error message from thread 2218-09-2026 00:29:34 [38;5;015m[INFO]: [0mThis is a info message from thread 2518-09-2026 00:29:34 [38;5;117m[DEBUG]: [0mThis is a debug message from thread 2818-09-2026 00:29:34 [38;5;009m[ERROR]: [0mThis is a error message from thread 2518-09-2026 00:29:34 [38;5;015m[INFO]: [0mThis is a info message from thread 618-09-2026 00:29:34 [38;5;015m[INFO]: [0mThis is a info message from thread 2318-09-2026 00:29:34 [38;5;015m[INFO]: [0mThis is a info message from thread 2818-09-2026 00:29:34 [38;5;009m[ERROR]: [0mThis is a error message from thread 1818-09-2026 00:29:34 [38;5;009m[ERROR]: [0mThis is a error message from thread 2618-09-2026 00:29:34 [38;5;015m[INFO]: [0mThis is a info message from thread 2718-09-2026 00:29:34 [38;5;117m[DEBUG]: [0mThis is a debug message from thread 2518-09-2026 00:29:34 [38;5;009m[ERROR]: [0mThis is a error message from thread 418-09-2026 00:29:34 [38;5;009m[ERROR]: [0mThis is a error message from thread 2318-09-2026 00:29:34 [38;5;015m[INFO]: [0mThis is a info message from thread 2518-09-2026 00:29:34 [38;5;009m[ERROR]: [0mThis is a error message from thread 2818-09-2026 00:29:34 [38;5;009m[ERROR]: [0mThis is a error message from thread 2718-09-2026 00:29:34 [38;5;117m[DEBUG]: [0mThis is a debug message from thread 1818-09-2026 00:29:34 [38;5;009m[ERROR]: [0mThis is a error message from thread 2518-09-2026 00:29:34 [38;5;117m[DEBUG]: [0mThis is a debug message from thread 2818-09-2026 00:29:34 [38;5;009m[ERROR]: [0mThis is a error message from thread 118-09-2026 00:29:34 [38;5;009m[ERROR]: [0mThis is a error message from thread 618-09-2026 00:29:34 [38;5;009m[ERROR]: [0mThis is a error message from thread 1218-09-2026 00:29:34 [38;5;015m[INFO]: [0mThis is a info message from thread 2818-09-2026 00:29:34 [38;5;009m[ERROR]: [0mThis is a error message from thread 018-09-2026 00:29:34 [38;5;117m[DEBUG]: [0mThis is a debug message from thread 1218-09-2026 00:29:34 [38;5;015m[INFO]: [0mThis is a info message from thread 318-09-2026 00:29:34 [38;5;015m[INFO]: [0mThis is a info message from thread 1518-09-2026 00:29:34 [38;5;117m[DEBUG]: [0mThis is a debug message from thread 2018-09-2026 00:29:34 [38;5;117m[DEBUG]: [0mThis is a debug message from thread 618-09-2026 00:29:34 [38;5;015m[INFO]: [0mThis is a info message from thread 1818-09-2026 00:29:34 [38;5;009m[ERROR]: [0mThis is a error message from thread 1518-09-2026 00:29:34 [38;5;009m[ERROR]: [0mThis is a error message from thread 818-09-2026 00:29:34 [38;5;015m[INFO]: [0mThis is a info message from thread 718-09-2026 00:29:34 [38;5;117m[DEBUG]: [0mThis is a debug message from thread 2218-09-2026 00:29:34 [38;5;009m[ERROR]: [0mThis is a error message from thread 218-09-2026 00:29:34 [38;5;117m[DEBUG]: [0mThis is a debug message from thread 818-09-2026 00:29:34 [38;5;015m[INFO]: [0mThis is a info message from thread 2218-09-2026 00:29:34 [38;5;009m[ERROR]: [0mThis is a error message from thread 718-09-2026 00:29:34 [38;5;009m[ERROR]: [0mThis is a error message from thread 2918-09-2026 00:29:34 [38;5;015m[INFO]: [0mThis is a info message from thread 818-09-2026 00:29:34 [38;5;117m[DEBUG]: [0mThis is a debug message from thread 2718-09-2026 00:29:34 [38;5;009m[ERROR]: [0mThis is a error message from thread 818-09-2026 00:29:34 [38;5;015m[INFO]: [0mThis is a info message from thread 1118-09-2026 00:29:34 [38;5;117m[DEBUG]: [0mThis is a debug message from thread 818-09-2026 00:29:34 [38;5;117m[DEBUG]: [0mThis is a debug message from thread 718-09-2026 00:29:34 [38;5;009m[ERROR]: [0mThis is a error message from thread 1118-09-2026 00:29:34 [38;5;117m[DEBUG]: [0mThis is a debug message from thread 1718-09-2026 00:29:34 [38;5;117m[DEBUG]: [0mThis is a debug message from thread 1118-09-2026 00:29:34 [38;5;015m[INFO]: [0mThis is a info message from thread 818-09-2026 00:29:34 [38;5;015m[INFO]: [0mThis is a info message from thread 1718-09-2026 00:29:34 [38;5;117m[DEBUG]: [0mThis is a debug message from thread 018-09-2026 00:29:34 [38;5;009m[ERROR]: [0mThis is a error message from thread 518-09-2026 00:29:34 [38;5;009m[ERROR]: [0mThis is a error message from thread 1818-09-2026 00:29:34 [38;5;009m[ERROR]: [0mThis is a error message from thread 1718-09-2026 00:29:34 [38;5;015m[INFO]: [0mThis is a info message from thread 018-09-2026 00:29:34 [38;5;117m[DEBUG]: [0mThis is a debug message from thread 518-09-2026 00:29:34 [38;5;009m[ERROR]: [0mThis is a error message from thread 018-09-2026 00:29:34 [38;5;015m[INFO]: [0mThis is a info message from thread 518-09-2026 00:29:34 [38;5;015m[INFO]: [0mThis is a info message from thread 918-09-2026 00:29:34 [38;5;117m[DEBUG]: [0mThis is a debug message from thread 018-09-2026 00:29:34 [38;5;117m[DEBUG]: [0mThis is a debug message from thread 1818-09-2026 00:29:34 [38;5;009m[ERROR]: [0mThis is a error message from thread 918-09-2026 00:29:34 [38;5;117m[DEBUG]: [0mThis is a debug message from thread 1018-09-2026 00:29:34 [38;5;015m[INFO]: [0mThis is a info message from thread 018-09-2026 00:29:34 [38;5;015m[INFO]: [0mThis is a info message from thread 1818-09-2026 00:29:34 [38;5;015m[INFO]: [0mThis is a info message from thread 2118-09-2026 00:29:34 [38;5;015m[INFO]: [0mThis is a info message from thread 1618-09-2026 00:29:34 [38;5;117m[DEBUG]: [0mThis is a debug message from thread 418-09-2026 00:29:34 [38;5;009m[ERROR]: [0mThis is a error message from thread 2118-09-2026 00:29:34 [38;5;117m[DEBUG]: [0mThis is a debug message from thread 2518-09-2026 00:29:34 [38;5;009m[ERROR]: [0mThis is a error message from thread 1618-09-2026 00:29:34 [38;5;015m[INFO]: [0mThis is a info message from thread 2518-09-2026 00:29:34 [38;5;117m[DEBUG]: [0mThis is a debug message from thread 118-09-2026 00:29:34 [38;5;015m[INFO]: [0mThis is a info message from thread 718-09-2026 00:29:34 [38;5;009m[ERROR]: [0mThis is a error message from thread 318-09-2026 00:29:34 [38;5;117m[DEBUG]: [0mThis is a debug message from thread 2918-09-2026 00:29:34 [38;5;117m[DEBUG]: [0mThis is a debug message from thread 318-09-2026 00:29:34 [38;5;015m[INFO]: [0mThis is a info message from thread 1418-09-2026 00:29:34 [38;5;117m[DEBUG]: [0mThis is a debug message from thread 1618-09-2026 00:29:34 [38;5;015m[INFO]: [0mThis is a info message from thread 2918-09-2026 00:29:34 [38;5;009m[ERROR]: [0mThis is a error message from thread 718-09-2026 00:29:34 [38;5;009m[ERROR]: [0mThis is a error message from thread 818-09-2026 00:29:34 [38;5;009m[ERROR]: [0mThis is a error message from thread 1418-09-2026 00:29:34 [38;5;015m[INFO]: [0mThis is a info message from thread 1618-09-2026 00:29:34 [38;5;117m[DEBUG]: [0mThis is a debug message from thread 818-09-2026 00:29:34 [38;5;117m[DEBUG]: [0mThis is a debug message from thread 1418-09-2026 00:29:34 [38;5;009m[ERROR]: [0mThis is a error message from thread 1618-09-2026 00:29:34 [38;5;015m[INFO]: [0mThis is a info message from thread 818-09-2026 00:29:34 [38;5;015m[INFO]: [0mThis is a info message from thread 1418-09-2026 00:29:34 [38;5;117m[DEBUG]: [0mThis is a debug message from thread 1518-09-2026 00:29:34 [38;5;117m[DEBUG]: [0mThis is a debug message from thread 1718-09-2026 00:29:34 [38;5;009m[ERROR]: [0mThis is a error message from thread 2918-09-2026 00:29:34 [38;5;009m[ERROR]: [0mThis is a error message from thread 818-09-2026 00:29:34 [38;5;009m[ERROR]: [0mThis is a error message from thread 2218-09-2026 00:29:34 [38;5;117m[DEBUG]: [0mThis is a debug message from thread 2418-09-2026 00:29:34 [38;5;015m[INFO]: [0mThis is a info message from thread 1518-09-2026 00:29:34 [38;5;117m[DEBUG]: [0mThis is a debug message from thread 2218-09-2026 00:29:34 [38;5;117m[DEBUG]: [0mThis is a debug message from thread 1618-09-2026 00:29:34 [38;5;117m[DEBUG]: [0mThis is a debug message from thread 2918-09-2026 00:29:34 [38;5;015m[INFO]: [0mThis is a info message from thread 418-09-2026 00:29:34 [38;5;015m[INFO]: [0mThis is a info message from thread 1618-09-2026 00:29:34 [38;5;015m[INFO]: [0mThis is a info message from thread 2218-09-2026 00:29:34 [38;5;009m[ERROR]: [0mThis is a error message from thread 418-09-2026 00:29:34 [38;5;117m[DEBUG]: [0mThis is a debug message from thread 2618-09-2026 00:29:34 [38;5;117m[DEBUG]: [0mThis is a debug message from thread 2318-09-2026 00:29:34 [38;5;117m[DEBUG]: [0mThis is a debug message from thread 718-09-2026 00:29:34 [38;5;009m[ERROR]: [0mThis is a error message from thread 018-09-2026 00:29:34 [38;5;009m[ERROR]: [0mThis is a error message from thread 2218-09-2026 00:29:34 [38;5;015m[INFO]: [0mThis is a info message from thread 2918-09-2026 00:29:34 [38;5;009m[ERROR]: [0mThis is a error message from thread 2818-09-2026 00:29:34 [38;5;015m[INFO]: [0mThis is a info message from thread 1718-09-2026 00:29:34 [38;5;015m[INFO]: [0mThis is a info message from thread 718-09-2026 00:29:34 [38;5;009m[ERROR]: [0mThis is a error message from thread 518-09-2026 00:29:34 [38;5;117m[DEBUG]: [0mThis is a debug message from thread 2818-09-2026 00:29:34 [38;5;009m[ERROR]: [0mThis is a error message from thread 1718-09-2026 00:29:34 [38;5;117m[DEBUG]: [0mThis is a debug message from thread 018-09-2026 00:29:34 [38;5;015m[INFO]: [0mThis is a info message from thread 2818-09-2026 00:29:34 [38;5;015m[INFO]: [0mThis is a info message from thread 018-09-2026 00:29:34 [38;5;117m[DEBUG]: [0mThis is a debug message from thread 518-09-2026 00:29:34 [38;5;015m[INFO]: [0mThis is a info message from thread 2418-09-2026 00:29:34 [38;5;117m[DEBUG]: [0mThis is a debug message from thread 1718-09-2026 00:29:34 [38;5;015m[INFO]: [0mThis is a info message from thread 518-09-2026 00:29:34 [38;5;009m[ERROR]: [0mThis is a error message from thread 2418-09-2026 00:29:34 [38;5;009m[ERROR]: [0mThis is a error message from thread 2518-09-2026 00:29:34 [38;5;009m[ERROR]: [0mThis is a error message from thread 1818-09-2026 00:29:34 [38;5;015m[INFO]: [0mThis is a info message from thread 2618-09-2026 00:29:34 [38;5;015m[INFO]: [0mThis is a info message from thread 618-09-2026 00:29:34 [38;5;117m[DEBUG]: [0mThis is a debug message from thread 1818-09-2026 00:29:34 [38;5;015m[INFO]: [0mThis is a info message from thread 2318-09-2026 00:29:34 [38;5;015m[INFO]: [0mThis is a info message from thread 1818-09-2026 00:29:34 [38;5;009m[ERROR]: [0mThis is a error message from thread 518-09-2026 00:29:34 [38;5;015m[INFO]: [0mThis is a info message from thread 1718-09-2026 00:29:34 [38;5;117m[DEBUG]: [0mThis is a debug message from thread 2418-09-2026 00:29:34 [38;5;117m[DEBUG]: [0mThis is a debug message from thread 918-09-2026 00:29:34 [38;5;009m[ERROR]: [0mThis is a error message from thread 618-09-2026 00:29:34 [38;5;009m[ERROR]: [0mThis is a error message from thread 1518-09-2026 00:29:34 [38;5;117m[DEBUG]: [0mThis is a debug message from thread 518-09-2026 00:29:34 [38;5;009m[ERROR]: [0mThis is a error message from thread 2318-09-2026 00:29:34 [38;5;015m[INFO]: [0mThis is a info message from thread 918-09-2026 00:29:34 [38;5;117m[DEBUG]: [0mThis is a debug message from thread 2118-09-2026 00:29:34 [38;5;117m[DEBUG]: [0mThis is a debug message from thread 1518-09-2026 00:29:34 [38;5;009m[ERROR]: [0mThis is a error message from thread 1418-09-2026 00:29:34 [38;5;015m[INFO]: [0mThis is a info message from thread 1118-09-2026 00:29:34 [38;5;009m[ERROR]: [0mThis is a error message from thread 018-09-2026 00:29:34 [38;5;015m[INFO]: [0mThis is a info message from thread 1518-09-2026 00:29:34 [38;5;009m[ERROR]: [0mThis is a error message from thread 1618-09-2026 00:29:34 [38;5;117m[DEBUG]: [0mThis is a debug message from thread 1418-09-2026 00:29:34 [38;5;009m[ERROR]: [0mThis is a error message from thread 718-09-2026 00:29:34 [38;5;009m[ERROR]: [0mThis is a error message from thread 2618-09-2026 00:29:34 [38;5;015m[INFO]: [0mThis is a info message from thread 2418-09-2026 00:29:34 [38;5;015m[INFO]: [0mThis is a info message from thread 1418-09-2026 00:29:34 [38;5;117m[DEBUG]: [0mThis is a debug message from thread 718-09-2026 00:29:34 [38;5;009m[ERROR]: [0mThis is a error message from thread 2418-09-2026 00:29:34 [38;5;117m[DEBUG]: [0mThis is a debug message from thread 618-09-2026 00:29:34 [38;5;009m[ERROR]: [0mThis is a error message from thread 1518-09-2026 00:29:34 [38;5;117m[DEBUG]: [0mThis is a debug message from thread 218-09-2026 00:29:34 [38;5;009m[ERROR]: [0mThis is a error message from thread 1418-09-2026 00:29:34 [38;5;015m[INFO]: [0mThis is a info message from thread 1918-09-2026 00:29:34 [38;5;117m[DEBUG]: [0mThis is a debug message from thread 1418-09-2026 00:29:34 [38;5;009m[ERROR]: [0mThis is a error message from thread 1918-09-2026 00:29:34 [38;5;117m[DEBUG]: [0mThis is a debug message from thread 818-09-2026 00:29:34 [38;5;117m[DEBUG]: [0mThis is a debug message from thread 2318-09-2026 00:29:34 [38;5;117m[DEBUG]: [0mThis is a debug message from thread 1318-09-2026 00:29:34 [38;5;117m[DEBUG]: [0mThis is a debug message from thread 1918-09-2026 00:29:34 [38;5;015m[INFO]: [0mThis is a info message from thread 818-09-2026 00:29:34 [38;5;015m[INFO]: [0mThis is a info message from thread 318-09-2026 00:29:34 [38;5;015m[INFO]: [0mThis is a info message from thread 2318-09-2026 00:29:34 [38;5;015m[INFO]: [0mThis is a info message from thread 1318-09-2026 00:29:34 [38;5;009m[ERROR]: [0mThis is a error message from thread 818-09-2026 00:29:34 [38;5;117m[DEBUG]: [0mThis is a debug message from thread 1618-09-2026 00:29:34 [38;5;009m[ERROR]: [0mThis is a error message from thread 1118-09-2026 00:29:34 [38;5;117m[DEBUG]: [0mThis is a debug message from thread 818-09-2026 00:29:34 [38;5;015m[INFO]: [0mThis is a info message from thread 2118-09-2026 00:29:34 [38;5;117m[DEBUG]: [0mThis is a debug message from thread 1118-09-2026 00:29:34 [38;5;009m[ERROR]: [0mThis is a error message from thread 2318-09-2026 00:29:34 [38;5;009m[ERROR]: [0mThis is a error message from thread 1318-09-2026 00:29:34 [38;5;015m[INFO]: [0mThis is a info message from thread 1118-09-2026 00:29:34 [38;5;015m[INFO]: [0mThis is a info message from thread 818-09-2026 00:29:34 [38;5;117m[DEBUG]: [0mThis is a debug message from thread 2318-09-2026 00:29:34 [38;5;015m[INFO]: [0mThis is a info message from thread 1618-09-2026 00:29:34 [38;5;117m[DEBUG]: [0mThis is a debug message from thread 2518-09-2026 00:29:34 [38;5;009m[ERROR]: [0mThis is a error message from thread 1818-09-2026 00:29:34 [38;5;117m[DEBUG]: [0mThis is a debug message from thread 018-09-2026 00:29:34 [38;5;015m[INFO]: [0mThis is a info message from thread 2518-09-2026 00:29:34 [38;5;117m[DEBUG]: [0mThis is a debug message from thread 1818-09-2026 00:29:34 [38;5;015m[INFO]: [0mThis is a info message from thread 2318-09-2026 00:29:34 [38;5;009m[ERROR]: [0mThis is a error message from thread 1118-09-2026 00:29:34 [38;5;015m[INFO]: [0mThis is a info message from thread 1818-09-2026 00:29:34 [38;5;009m[ERROR]: [0mThis is a error message from thread 2518-09-2026 00:29:34 [38;5;015m[INFO]: [0mThis is a info message from thread 018-09-2026 00:29:34 [38;5;117m[DEBUG]: [0mThis is a debug message from thread 2518-09-2026 00:29:34 [38;5;015m[INFO]: [0mThis is a info message from thread 2718-09-2026 00:29:34 [38;5;015m[INFO]: [0mThis is a info message from thread 1018-09-2026 00:29:34 [38;5;009m[ERROR]: [0mThis is a error message from thread 1818-09-2026 00:29:34 [38;5;009m[ERROR]: [0mThis is a error message from thread 018-09-2026 00:29:34 [38;5;117m[DEBUG]: [0mThis is a debug message from thread 1118-09-2026 00:29:34 [38;5;117m[DEBUG]: [0mThis is a debug message from thread 1818-09-2026 00:29:34 [38;5;015m[INFO]: [0mThis is a info message from thread 2518-09-2026 00:29:34 [38;5;117m[DEBUG]: [0mThis is a debug message from thread 018-09-2026 00:29:34 [38;5;117m[DEBUG]: [0mThis is a debug message from thread 1518-09-2026 00:29:34 [38;5;015m[INFO]: [0mThis is a info message from thread 1818-09-2026 00:29:34 [38;5;117m[DEBUG]: [0mThis is a debug message from thread 2218-09-2026 00:29:34 [38;5;015m[INFO]: [0mThis is a info message from thread 718-09-2026 00:29:34 [38;5;015m[INFO]: [0mThis is a info message from thread 1118-09-2026 00:29:34 [38;5;009m[ERROR]: [0mThis is a error message from thread 2518-09-2026 00:29:34 [38;5;009m[ERROR]: [0mThis is a error message from thread 2118-09-2026 00:29:34 [38;5;009m[ERROR]: [0mThis is a error message from thread 1618-09-2026 00:29:34 [38;5;015m[INFO]: [0mThis is a info message from thread 1418-09-2026 00:29:34 [38;5;015m[INFO]: [0mThis is a info message from thread 2018-09-2026 00:29:34 [38;5;117m[DEBUG]: [0mThis is a debug message from thread 2418-09-2026 00:29:34 [38;5;015m[INFO]: [0mThis is a info message from thread 2218-09-2026 00:29:34 [38;5;015m[INFO]: [0mThis is a info message from thread 118-09-2026 00:29:34 [38;5;015m[INFO]: [0mThis is a info message from thread 1218-09-2026 00:29:34 [38;5;009m[ERROR]: [0mThis is a error message from thread 2818-09-2026 00:29:34 [38;5;117m[DEBUG]: [0mThis is a debug message from thread 1318-09-2026 00:29:34 [38;5;015m[INFO]: [0mThis is a info message from thread 518-09-2026 00:29:34 [38;5;009m[ERROR]: [0mThis is a error message from thread 1018-09-2026 00:29:34 [38;5;009m[ERROR]: [0mThis is a error message from thread 2218-09-2026 00:29:34 [38;5;009m[ERROR]: [0mThis is a error message from thread 518-09-2026 00:29:34 [38;5;117m[DEBUG]: [0mThis is a debug message from thread 2618-09-2026 00:29:34 [38;5;009m[ERROR]: [0mThis is a error message from thread 718-09-2026 00:29:34 [38;5;009m[ERROR]: [0mThis is a error message from thread 1418-09-2026 00:29:34 [38;5;117m[DEBUG]: [0mThis is a debug message from thread 418-09-2026 00:29:34 [38;5;117m[DEBUG]: [0mThis is a debug message from thread 2118-09-2026 00:29:34 [38;5;009m[ERROR]: [0mThis is a error message from thread 1718-09-2026 00:29:34 [38;5;009m[ERROR]: [0mThis is a error message from thread 2918-09-2026 00:29:34 [38;5;009m[ERROR]: [0mThis is a error message from thread 2718-09-2026 00:29:34 [38;5;117m[DEBUG]: [0mThis is a debug message from thread 2718-09-2026 00:29:34 [38;5;117m[DEBUG]: [0mThis is a debug message from thread 1718-09-2026 00:29:34 [38;5;015m[INFO]: [0mThis is a info message from thread 218-09-2026 00:29:34 [38;5;015m[INFO]: [0mThis is a info message from thread 2118-09-2026 00:29:34 [38;5;117m[DEBUG]: [0mThis is a debug message from thread 2918-09-2026 00:29:34 [38;5;015m[INFO]: [0mThis is a info message from thread 1718-09-2026 00:29:34 [38;5;117m[DEBUG]: [0mThis is a debug message from thread 2218-09-2026 00:29:34 [38;5;015m[INFO]: [0mThis is a info message from thread 2918-09-2026 00:29:34 [38;5;117m[DEBUG]: [0mThis is a debug message from thread 718-09-2026 00:29:34 [38;5;009m[ERROR]: [0mThis is a error message from thread 218-09-2026 00:29:34 [38;5;117m[DEBUG]: [0mThis is a debug message from thread 218-09-2026 00:29:34 [38;5;009m[ERROR]: [0mThis is a error message from thread 1718-09-2026 00:29:34 [38;5;117m[DEBUG]: [0mThis is a debug message from thread 518-09-2026 00:29:34 [38;5;117m[DEBUG]: [0mThis is a debug message from thread 1418-09-2026 00:29:34 [38;5;009m[ERROR]: [0mThis is a error message from thread 2018-09-2026 00:29:34 [38;5;015m[INFO]: [0mThis is a info message from thread 718-09-2026 00:29:34 [38;5;015m[INFO]: [0mThis is a info message from thread 1518-09-2026 00:29:34 [38;5;009m[ERROR]: [0mThis is a error message from thread 718-09-2026 00:29:34 [38;5;009m[ERROR]: [0mThis is a error message from thread 1518-09-2026 00:29:34 [38;5;015m[INFO]: [0mThis is a info message from thread 1418-09-2026 00:29:34 [38;5;117m[DEBUG]: [0mThis is a debug message from thread 1718-09-2026 00:29:34 [38;5;015m[INFO]: [0mThis is a info message from thread 2718-09-2026 00:29:34 [38;5;117m[DEBUG]: [0mThis is a debug message from thread 2018-09-2026 00:29:34 [38;5;117m[DEBUG]: [0mThis is a debug message from thread 1518-09-2026 00:29:34 [38;5;009m[ERROR]: [0mThis is a error message from thread 1818-09-2026 00:29:34 [38;5;015m[INFO]: [0mThis is a info message from thread 1918-09-2026 00:29:34 [38;5;015m[INFO]: [0mThis is a info message from thread 1718-09-2026 00:29:34 [38;5;009m[ERROR]: [0mThis is a error message from thread 318-09-2026 00:29:34 [38;5;009m[ERROR]: [0mThis is a error message from thread 1118-09-2026 00:29:34 [38;5;009m[ERROR]: [0mThis is a error message from thread 2118-09-2026 00:29:34 [38;5;015m[INFO]: [0mThis is a info message from thread 2018-09-2026 00:29:34 [38;5;009m[ERROR]: [0mThis is a error message from thread 918-09-2026 00:29:34 [38;5;117m[DEBUG]: [0mThis is a debug message from thread 2818-09-2026 00:29:34 [38;5;015m[INFO]: [0mThis is a info message from thread 1318-09-2026 00:29:34 [38;5;117m[DEBUG]: [0mThis is a debug message from thread 2518-09-2026 00:29:34 [38;5;009m[ERROR]: [0mThis is a error message from thread 2318-09-2026 00:29:34 [38;5;009m[ERROR]: [0mThis is a error message from thread 2018-09-2026 00:29:34 [38;5;117m[DEBUG]: [0mThis is a debug message from thread 718-09-2026 00:29:34 [38;5;117m[DEBUG]: [0mThis is a debug message from thread 1018-09-2026 00:29:34 [38;5;015m[INFO]: [0mThis is a info message from thread 2818-09-2026 00:29:34 [38;5;117m[DEBUG]: [0mThis is a debug message from thread 918-09-2026 00:29:34 [38;5;015m[INFO]: [0mThis is a info message from thread 018-09-2026 00:29:34 [38;5;009m[ERROR]: [0mThis is a error message from thread 2918-09-2026 00:29:34 [38;5;015m[INFO]: [0mThis is a info message from thread 218-09-2026 00:29:34 [38;5;117m[DEBUG]: [0mThis is a debug message from thread 2318-09-2026 00:29:34 [38;5;015m[INFO]: [0mThis is a info message from thread 2518-09-2026 00:29:34 [38;5;009m[ERROR]: [0mThis is a error message from thread 1418-09-2026 00:29:34 [38;5;015m[INFO]: [0mThis is a info message from thread 618-09-2026 00:29:34 [38;5;117m[DEBUG]: [0mThis is a debug message from thread 2018-09-2026 00:29:34 [38;5;009m[ERROR]: [0mThis is a error message from thread 018-09-2026 00:29:34 [38;5;009m[ERROR]: [0mThis is a error message from thread 218-09-2026 00:29:34 [38;5;009m[ERROR]: [0mThis is a error message from thread 118-09-2026 00:29:34 [38;5;015m[INFO]: [0mThis is a info message from thread 1518-09-2026 00:29:34 [38;5;015m[INFO]: [0mThis is a info message from thread 2218-09-2026 00:29:34 [38;5;009m[ERROR]: [0mThis is a error message from thread 618-09-2026 00:29:34 [38;5;009m[ERROR]: [0mThis is a error message from thread 1718-09-2026 00:29:34 [38;5;009m[ERROR]: [0mThis is a error message from thread 1318-09-2026 00:29:34 [38;5;117m[DEBUG]: [0mThis is a debug message from thread 1818-09-2026 00:29:34 [38;5;015m[INFO]: [0mThis is a info message from thread 918-09-2026 00:29:34 [38;5;009m[ERROR]: [0mThis is a error message from thread 1218-09-2026 00:29:34 [38;5;015m[INFO]: [0mThis is a info message from thread 418-09-2026 00:29:34 [38;5;009m[ERROR]: [0mThis is a error message from thread 2218-09-2026 00:29:34 [38;5;117m[DEBUG]: [0mThis is a debug message from thread 1718-09-2026 00:29:34 [38;5;015m[INFO]: [0mThis is a info message from thread 1818-09-2026 00:29:34 [38;5;015m[INFO]: [0mThis is a info message from thread 1018-09-2026 00:29:34 [38;5;117m[DEBUG]: [0mThis is a debug message from thread 1418-09-2026 00:29:34 [38;5;009m[ERROR]: [0mThis is a error message from thread 2518-09-2026 00:29:34 [38;5;009m[ERROR]: [0mThis is a error message from thread 2818-09-2026 00:29:34 [38;5;117m[DEBUG]: [0mThis is a debug message from thread 2118-09-2026 00:29:34 [38;5;009m[ERROR]: [0mThis is a error message from thread 818-09-2026 00:29:34 [38;5;117m[DEBUG]: [0mThis is a debug message from thread 318-09-2026 00:29:34 [38;5;009m[ERROR]: [0mThis is a error message from thread 1818-09-2026 00:29:34 [38;5;009m[ERROR]: [0mThis is a error message from thread 1018-09-2026 00:29:34 [38;5;015m[INFO]: [0mThis is a info message from thread 1418-09-2026 00:29:34 [38;5;015m[INFO]: [0mThis is a info message from thread 2618-09-2026 00:29:34 [38;5;015m[INFO]: [0mThis is a info message from thread 318-09-2026 00:29:34 [38;5;117m[DEBUG]: [0mThis is a debug message from thread 218-09-2026 00:29:34 [38;5;009m[ERROR]: [0mThis is a error message from thread 2618-09-2026 00:29:34 [38;5;117m[DEBUG]: [0mThis is a debug message from thread 018-09-2026 00:29:34 [38;5;009m[ERROR]: [0mThis is a error message from thread 918-09-2026 00:29:34 [38;5;117m[DEBUG]: [0mThis is a debug message from thread 818-09-2026 00:29:34 [38;5;015m[INFO]: [0mThis is a info message from thread 218-09-2026 00:29:34 [38;5;117m[DEBUG]: [0mThis is a debug message from thread 1618-09-2026 00:29:34 [38;5;117m[DEBUG]: [0mThis is a debug message from thread 2618-09-2026 00:29:34 [38;5;117m[DEBUG]: [0mThis is a debug message from thread 2218-09-2026 00:29:34 [38;5;015m[INFO]: [0mThis is a info message from thread 018-09-2026 00:29:34 [38;5;015m[INFO]: [0mThis is a info message from thread 2618-09-2026 00:29:34 [38;5;015m[INFO]: [0mThis is a info message from thread 818-09-2026 00:29:34 [38;5;009m[ERROR]: [0mThis is a error message from thread 1418-09-2026 00:29:34 [38;5;117m[DEBUG]: [0mThis is a debug message from thread 1018-09-2026 00:29:34 [38;5;117m[DEBUG]: [0mThis is a debug message from thread 118-09-2026 00:29:34 [38;5;015m[INFO]: [0mThis is a info message from thread 118-09-2026 00:29:34 [38;5;117m[DEBUG]: [0mThis is a debug message from thread 618-09-2026 00:29:34 [38;5;117m[DEBUG]: [0mThis is a debug message from thread 918-09-2026 00:29:34 [38;5;009m[ERROR]: [0mThis is a error message from thread 318-09-2026 00:29:34 [38;5;015m[INFO]: [0mThis is a info message from thread 2018-09-2026 00:29:34 [38;5;015m[INFO]: [0mThis is a info message from thread 1018-09-2026 00:29:34 [38;5;009m[ERROR]: [0mThis is a error message from thread 818-09-2026 00:29:34 [38;5;015m[INFO]: [0mThis is a info message from thread 718-09-2026 00:29:34 [38;5;117m[DEBUG]: [0mThis is a debug message from thread 1318-09-2026 00:29:34 [38;5;009m[ERROR]: [0mThis is a error message from thread 018-09-2026 00:29:34 [38;5;015m[INFO]: [0mThis is a info message from thread 2318-09-2026 00:29:34 [38;5;009m[ERROR]: [0mThis is a error message from thread 418-09-2026 00:29:34 [38;5;117m[DEBUG]: [0mThis is a debug message from thread 2518-09-2026 00:29:34 [38;5;009m[ERROR]: [0mThis is a error message from thread 218-09-2026 00:29:34 [38;5;117m[DEBUG]: [0mThis is a debug message from thread 1218-09-2026 00:29:34 [38;5;009m[ERROR]: [0mThis is a error message from thread 718-09-2026 00:29:34 [38;5;009m[ERROR]: [0mThis is a error message from thread 2718-09-2026 00:29:34 [38;5;117m[DEBUG]: [0mThis is a debug message from thread 818-09-2026 00:29:34 [38;5;015m[INFO]: [0mThis is a info message from thread 1318-09-2026 00:29:34 [38;5;015m[INFO]: [0mThis is a info message from thread 1718-09-2026 00:29:34 [38;5;009m[ERROR]: [0mThis is a error message from thread 1518-09-2026 00:29:34 [38;5;117m[DEBUG]: [0mThis is a debug message from thread 1118-09-2026 00:29:34 [38;5;009m[ERROR]: [0mThis is a error message from thread 2318-09-2026 00:29:34 [38;5;117m[DEBUG]: [0mThis is a debug message from thread 1818-09-2026 00:29:34 [38;5;015m[INFO]: [0mThis is a info message from thread 2518-09-2026 00:29:34 [38;5;117m[DEBUG]: [0mThis is a debug message from thread 2318-09-2026 00:29:34 [38;5;009m[ERROR]: [0mThis is a error message from thread 118-09-2026 00:29:34 [38;5;015m[INFO]: [0mThis is a info message from thread 2318-09-2026 00:29:34 [38;5;009m[ERROR]: [0mThis is a error message from thread 1718-09-2026 00:29:34 [38;5;117m[DEBUG]: [0mThis is a debug message from thread 018-09-2026 00:29:34 [38;5;009m[ERROR]: [0mThis is a error message from thread 1318-09-2026 00:29:34 [38;5;015m[INFO]: [0mThis is a info message from thread 1118-09-2026 00:29:34 [38;5;117m[DEBUG]: [0mThis is a debug message from thread 718-09-2026 00:29:34 [38;5;015m[INFO]: [0mThis is a info message from thread 818-09-2026 00:29:34 [38;5;015m[INFO]: [0mThis is a info message from thread 018-09-2026 00:29:34 [38;5;009m[ERROR]: [0mThis is a error message from thread 2318-09-2026 00:29:34 [38;5;117m[DEBUG]: [0mThis is a debug message from thread 2318-09-2026 00:29:34 [38;5;117m[DEBUG]: [0mThis is a debug message from thread 1718-09-2026 00:29:34 [38;5;117m[DEBUG]: [0mThis is a debug message from thread 1518-09-2026 00:29:34 [38;5;015m[INFO]: [0mThis is a info message from thread 2318-09-2026 00:29:34 [38;5;117m[DEBUG]: [0mThis is a debug message from thread 1418-09-2026 00:29:34 [38;5;009m[ERROR]: [0mThis is a error message from thread 2318-09-2026 00:29:34 [38;5;117m[DEBUG]: [0mThis is a debug message from thread 1318-09-2026 00:29:34 [38;5;117m[DEBUG]: [0mThis is a debug message from thread 318-09-2026 00:29:34 [38;5;015m[INFO]: [0mThis is a info message from thread 918-09-2026 00:29:34 [38;5;117m[DEBUG]: [0mThis is a debug message from thread 2318-09-2026 00:29:34 [38;5;015m[INFO]: [0mThis is a info message from thread 1718-09-2026 00:29:34 [38;5;015m[INFO]: [0mThis is a info message from thread 2318-09-2026 00:29:34 [38;5;015m[INFO]: [0mThis is a info message from thread 518-09-2026 00:29:34 [38;5;015m[INFO]: [0mThis is a info message from thread 1418-09-2026 00:29:34 [38;5;009m[ERROR]: [0mThis is a error message from thread 2318-09-2026 00:29:34 [38;5;015m[INFO]: [0mThis is a info message from thread 618-09-2026 00:29:34 [38;5;009m[ERROR]: [0mThis is a error message from thread 1718-09-2026 00:29:34 [38;5;015m[INFO]: [0mThis is a info message from thread 1318-09-2026 00:29:34 [38;5;117m[DEBUG]: [0mThis is a debug message from thread 2318-09-2026 00:29:34 [38;5;009m[ERROR]: [0mThis is a error message from thread 1418-09-2026 00:29:34 [38;5;009m[ERROR]: [0mThis is a error message from thread 2018-09-2026 00:29:34 [38;5;009m[ERROR]: [0mThis is a error message from thread 818-09-2026 00:29:34 [38;5;009m[ERROR]: [0mThis is a error message from thread 918-09-2026 00:29:34 [38;5;117m[DEBUG]: [0mThis is a debug message from thread 2018-09-2026 00:29:34 [38;5;015m[INFO]: [0mThis is a info message from thread 2318-09-2026 00:29:34 [38;5;117m[DEBUG]: [0mThis is a debug message from thread 218-09-2026 00:29:34 [38;5;009m[ERROR]: [0mThis is a error message from thread 618-09-2026 00:29:34 [38;5;117m[DEBUG]: [0mThis is a debug message from thread 118-09-2026 00:29:34 [38;5;015m[INFO]: [0mThis is a info message from thread 718-09-2026 00:29:34 [38;5;117m[DEBUG]: [0mThis is a debug message from thread 818-09-2026 00:29:34 [38;5;117m[DEBUG]: [0mThis is a debug message from thread 2718-09-2026 00:29:34 [38;5;009m[ERROR]: [0mThis is a error message from thread 1118-09-2026 00:29:34 [38;5;117m[DEBUG]: [0mThis is a debug message from thread 1718-09-2026 00:29:34 [38;5;015m[INFO]: [0mThis is a info message from thread 818-09-2026 00:29:34 [38;5;009m[ERROR]: [0mThis is a error message from thread 018-09-2026 00:29:34 [38;5;117m[DEBUG]: [0mThis is a debug message from thread 618-09-2026 00:29:34 [38;5;009m[ERROR]: [0mThis is a error message from thread 718-09-2026 00:29:34 [38;5;015m[INFO]: [0mThis is a info message from thread 2418-09-2026 00:29:34 [38;5;015m[INFO]: [0mThis is a info message from thread 2718-09-2026 00:29:34 [38;5;015m[INFO]: [0mThis is a info message from thread 218-09-2026 00:29:34 [38;5;015m[INFO]: [0mThis is a info message from thread 1718-09-2026 00:29:34 [38;5;015m[INFO]: [0mThis is a info message from thread 318-09-2026 00:29:34 [38;5;015m[INFO]: [0mThis is a info message from thread 618-09-2026 00:29:34 [38;5;015m[INFO]: [0mThis is a info message from thread 118-09-2026 00:29:34 [38;5;015m[INFO]: [0mThis is a info message from thread 2118-09-2026 00:29:34 [38;5;015m[INFO]: [0mThis is a info message from thread 2218-09-2026 00:29:34 [38;5;009m[ERROR]: [0mThis is a error message from thread 1918-09-2026 00:29:34 [38;5;117m[DEBUG]: [0mThis is a debug message from thread 1418-09-2026 00:29:34 [38;5;009m[ERROR]: [0mThis is a error message from thread 2718-09-2026 00:29:34 [38;5;117m[DEBUG]: [0mThis is a debug message from thread 718-09-2026 00:29:34 [38;5;117m[DEBUG]: [0mThis is a debug message from thread 2818-09-2026 00:29:34 [38;5;015m[INFO]: [0mThis is a info message from thread 1518-09-2026 00:29:34 [38;5;117m[DEBUG]: [0mThis is a debug message from thread 2918-09-2026 00:29:34 [38;5;117m[DEBUG]: [0mThis is a debug message from thread 2718-09-2026 00:29:34 [38;5;009m[ERROR]: [0mThis is a error message from thread 1518-09-2026 00:29:34 [38;5;117m[DEBUG]: [0mThis is a debug message from thread 918-09-2026 00:29:34 [38;5;009m[ERROR]: [0mThis is a error message from thread 1718-09-2026 00:29:34 [38;5;015m[INFO]: [0mThis is a info message from thread 2818-09-2026 00:29:34 [38;5;015m[INFO]: [0mThis is a info message from thread 1618-09-2026 00:29:34 [38;5;009m[ERROR]: [0mThis is a error message from thread 218-09-2026 00:29:34 [38;5;009m[ERROR]: [0mThis is a error message from thread 1018-09-2026 00:29:34 [38;5;117m[DEBUG]: [0mThis is a debug message from thread 1918-09-2026 00:29:34 [38;5;015m[INFO]: [0mThis is a info message from thread 2718-09-2026 00:29:34 [38;5;015m[INFO]: [0mThis is a info message from thread 1418-09-2026 00:29:34 [38;5;009m[ERROR]: [0mThis is a error message from thread 2818-09-2026 00:29:34 [38;5;015m[INFO]: [0mThis is a info message from thread 918-09-2026 00:29:34 [38;5;117m[DEBUG]: [0mThis is a debug message from thread 1518-09-2026 00:29:34 [38;5;009m[ERROR]: [0mThis is a error message from thread 2718-09-2026 00:29:34 [38;5;009m[ERROR]: [0mThis is a error message from thread 1618-09-2026 00:29:34 [38;5;015m[INFO]: [0mThis is a info message from thread 2018-09-2026 00:29:34 [38;5;009m[ERROR]: [0mThis is a error message from thread 918-09-2026 00:29:34 [38;5;015m[INFO]: [0mThis is a info message from thread 1518-09-2026 00:29:34 [38;5;015m[INFO]: [0mThis is a info message from thread 2918-09-2026 00:29:34 [38;5;117m[DEBUG]: [0mThis is a debug message from thread 2718-09-2026 00:29:34 [38;5;009m[ERROR]: [0mThis is a error message from thread 1418-09-2026 00:29:34 [38;5;009m[ERROR]: [0mThis is a error message from thread 1518-09-2026 00:29:34 [38;5;009m[ERROR]: [0mThis is a error message from thread 518-09-2026 00:29:34 [38;5;117m[DEBUG]: [0mThis is a debug message from thread 1018-09-2026 00:29:34 [38;5;117m[DEBUG]: [0mThis is a debug message from thread 1118-09-2026 00:29:34 [38;5;015m[INFO]: [0mThis is a info message from thread 1818-09-2026 00:29:34 [38;5;009m[ERROR]: [0mThis is a error message from thread 1818-09-2026 00:29:34 [38;5;015m[INFO]: [0mThis is a info message from thread 2718-09-2026 00:29:34 [38;5;117m[DEBUG]: [0mThis is a debug message from thread 1518-09-2026 00:29:34 [38;5;009m[ERROR]: [0mThis is a error message from thread 2018-09-2026 00:29:34 [38;5;117m[DEBUG]: [0mThis is a debug message from thread 918-09-2026 00:29:34 [38;5;009m[ERROR]: [0mThis is a error message from thread 2718-09-2026 00:29:34 [38;5;117m[DEBUG]: [0mThis is a debug message from thread 018-09-2026 00:29:34 [38;5;015m[INFO]: [0mThis is a info message from thread 1118-09-2026 00:29:34 [38;5;117m[DEBUG]: [0mThis is a debug message from thread 218-09-2026 00:29:34 [38;5;117m[DEBUG]: [0mThis is a debug message from thread 1818-09-2026 00:29:34 [38;5;117m[DEBUG]: [0mThis is a debug message from thread 2018-09-2026 00:29:34 [38;5;009m[ERROR]: [0mThis is a error message from thread 2418-09-2026 00:29:34 [38;5;117m[DEBUG]: [0mThis is a debug message from thread 518-09-2026 00:29:34 [38;5;009m[ERROR]: [0mThis is a error message from thread 1318-09-2026 00:29:34 [38;5;117m[DEBUG]: [0mThis is a debug message from thread 1718-09-2026 00:29:34 [38;5;117m[DEBUG]: [0mThis is a debug message from thread 2718-09-2026 00:29:34 [38;5;117m[DEBUG]: [0mThis is a debug message from thread 2818-09-2026 00:29:34 [38;5;015m[INFO]: [0mThis is a info message from thread 1918-09-2026 00:29:34 [38;5;009m[ERROR]: [0mThis is a error message from thread 2618-09-2026 00:29:34 [38;5;009m[ERROR]: [0mThis is a error message from thread 2118-09-2026 00:29:34 [38;5;117m[DEBUG]: [0mThis is a debug message from thread 1418-09-2026 00:29:34 [38;5;009m[ERROR]: [0mThis is a error message from thread 1918-09-2026 00:29:34 [38;5;009m[ERROR]: [0mThis is a error message from thread 818-09-2026 00:29:34 [38;5;015m[INFO]: [0mThis is a info message from thread 918-09-2026 00:29:34 [38;5;009m[ERROR]: [0mThis is a error message from thread 118-09-2026 00:29:34 [38;5;015m[INFO]: [0mThis is a info message from thread 2018-09-2026 00:29:34 [38;5;117m[DEBUG]: [0mThis is a debug message from thread 1918-09-2026 00:29:34 [38;5;009m[ERROR]: [0mThis is a error message from thread 2318-09-2026 00:29:34 [38;5;117m[DEBUG]: [0mThis is a debug message from thread 418-09-2026 00:29:34 [38;5;015m[INFO]: [0mThis is a info message from thread 2718-09-2026 00:29:34 [38;5;117m[DEBUG]: [0mThis is a debug message from thread 2418-09-2026 00:29:34 [38;5;117m[DEBUG]: [0mThis is a debug message from thread 818-09-2026 00:29:34 [38;5;015m[INFO]: [0mThis is a info message from thread 1718-09-2026 00:29:34 [38;5;009m[ERROR]: [0mThis is a error message from thread 2218-09-2026 00:29:34 [38;5;015m[INFO]: [0mThis is a info message from thread 418-09-2026 00:29:34 [38;5;117m[DEBUG]: [0mThis is a debug message from thread 2218-09-2026 00:29:34 [38;5;015m[INFO]: [0mThis is a info message from thread 2418-09-2026 00:29:34 [38;5;117m[DEBUG]: [0mThis is a debug message from thread 2318-09-2026 00:29:34 [38;5;015m[INFO]: [0mThis is a info message from thread 718-09-2026 00:29:34 [38;5;009m[ERROR]: [0mThis is a error message from thread 2418-09-2026 00:29:34 [38;5;009m[ERROR]: [0mThis is a error message from thread 918-09-2026 00:29:34 [38;5;009m[ERROR]: [0mThis is a error message from thread 718-09-2026 00:29:34 [38;5;015m[INFO]: [0mThis is a info message from thread 818-09-2026 00:29:34 [38;5;009m[ERROR]: [0mThis is a error message from thread 418-09-2026 00:29:34 [38;5;117m[DEBUG]: [0mThis is a debug message from thread 2118-09-2026 00:29:34 [38;5;009m[ERROR]: [0mThis is a error message from thread 2718-09-2026 00:29:34 [38;5;117m[DEBUG]: [0mThis is a debug message from thread 118-09-2026 00:29:34 [38;5;009m[ERROR]: [0mThis is a error message from thread 618-09-2026 00:29:34 [38;5;015m[INFO]: [0mThis is a info message from thread 1018-09-2026 00:29:34 [38;5;009m[ERROR]: [0mThis is a error message from thread 2518-09-2026 00:29:34 [38;5;117m[DEBUG]: [0mThis is a debug message from thread 2618-09-2026 00:29:34 [38;5;117m[DEBUG]: [0mThis is a debug message from thread 718-09-2026 00:29:34 [38;5;117m[DEBUG]: [0mThis is a debug message from thread 1318-09-2026 00:29:34 [38;5;015m[INFO]: [0mThis is a info message from thread 1218-09-2026 00:29:34 [38;5;015m[INFO]: [0mThis is a info message from thread 2118-09-2026 00:29:34 [38;5;015m[INFO]: [0mThis is a info message from thread 2318-09-2026 00:29:34 [38;5;117m[DEBUG]: [0mThis is a debug message from thread 418-09-2026 00:29:34 [38;5;117m[DEBUG]: [0mThis is a debug message from thread 618-09-2026 00:29:34 [38;5;015m[INFO]: [0mThis is a info message from thread 2618-09-2026 00:29:34 [38;5;015m[INFO]: [0mThis is a info message from thread 2218-09-2026 00:29:34 [38;5;009m[ERROR]: [0mThis is a error message from thread 318-09-2026 00:29:34 [38;5;117m[DEBUG]: [0mThis is a debug message from thread 1618-09-2026 00:29:34 [38;5;117m[DEBUG]: [0mThis is a debug message from thread 2518-09-2026 00:29:34 [38;5;117m[DEBUG]: [0mThis is a debug message from thread 318-09-2026 00:29:34 [38;5;015m[INFO]: [0mThis is a info message from thread 718-09-2026 00:29:34 [38;5;015m[INFO]: [0mThis is a info message from thread 1618-09-2026 00:29:34 [38;5;015m[INFO]: [0mThis is a info message from thread 618-09-2026 00:29:34 [38;5;015m[INFO]: [0mThis is a info message from thread 318-09-2026 00:29:34 [38;5;015m[INFO]: [0mThis is a info message from thread 518-09-2026 00:29:34 [38;5;009m[ERROR]: [0mThis is a error message from thread 718-09-2026 00:29:34 [38;5;009m[ERROR]: [0mThis is a error message from thread 518-09-2026 00:29:34 [38;5;009m[ERROR]: [0mThis is a error message from thread 2318-09-2026 00:29:34 [38;5;117m[DEBUG]: [0mThis is a debug message from thread 718-09-2026 00:29:34 [38;5;009m[ERROR]: [0mThis is a error message from thread 1618-09-2026 00:29:34 [38;5;117m[DEBUG]: [0mThis is a debug message from thread 2318-09-2026 00:29:34 [38;5;015m[INFO]: [0mThis is a info message from thread 218-09-2026 00:29:34 [38;5;117m[DEBUG]: [0mThis is a debug message from thread 918-09-2026 00:29:34 [38;5;015m[INFO]: [0mThis is a info message from thread 718-09-2026 00:29:34 [38;5;117m[DEBUG]: [0mThis is a debug message from thread 518-09-2026 00:29:34 [38;5;015m[INFO]: [0mThis is a info message from thread 918-09-2026 00:29:34 [38;5;015m[INFO]: [0mThis is a info message from thread 518-09-2026 00:29:34 [38;5;009m[ERROR]: [0mThis is a error message from thread 2118-09-2026 00:29:34 [38;5;009m[ERROR]: [0mThis is a error message from thread 518-09-2026 00:29:34 [38;5;015m[INFO]: [0mThis is a info message from thread 2318-09-2026 00:29:34 [38;5;009m[ERROR]: [0mThis is a error message from thread 818-09-2026 00:29:34 [38;5;009m[ERROR]: [0mThis is a error message from thread 1718-09-2026 00:29:34 [38;5;009m[ERROR]: [0mThis is a error message from thread 918-09-2026 00:29:34 [38;5;117m[DEBUG]: [0mThis is a debug message from thread 2118-09-2026 00:29:34 [38;5;015m[INFO]: [0mThis is a info message from thread 1918-09-2026 00:29:34 [38;5;009m[ERROR]: [0mThis is a error message from thread 218-09-2026 00:29:34 [38;5;117m[DEBUG]: [0mThis is a debug message from thread 1718-09-2026 00:29:34 [38;5;117m[DEBUG]: [0mThis is a debug message from thread 2718-09-2026 00:29:34 [38;5;015m[INFO]: [0mThis is a info message from thread 2118-09-2026 00:29:34 [38;5;009m[ERROR]: [0mThis is a error message from thread 618-09-2026 00:29:34 [38;5;117m[DEBUG]: [0mThis is a debug message from thread 918-09-2026 00:29:34 [38;5;009m[ERROR]: [0mThis is a error message from thread 2618-09-2026 00:29:34 [38;5;015m[INFO]: [0mThis is a info message from thread 418-09-2026 00:29:34 [38;5;009m[ERROR]: [0mThis is a error message from thread 2218-09-2026 00:29:34 [38;5;009m[ERROR]: [0mThis is a error message from thread 1918-09-2026 00:29:34 [38;5;117m[DEBUG]: [0mThis is a debug message from thread 218-09-2026 00:29:34 [38;5;117m[DEBUG]: [0mThis is a debug message from thread 818-09-2026 00:29:34 [38;5;015m[INFO]: [0mThis is a info message from thread 1318-09-2026 00:29:34 [38;5;117m[DEBUG]: [0mThis is a debug message from thread 2218-09-2026 00:29:34 [38;5;015m[INFO]: [0mThis is a info message from thread 1718-09-2026 00:29:34 [38;5;009m[ERROR]: [0mThis is a error message from thread 1718-09-2026 00:29:34 [38;5;009m[ERROR]: [0mThis is a error message from thread 2018-09-2026 00:29:34 [38;5;015m[INFO]: [0mThis is a info message from thread 2818-09-2026 00:29:34 [38;5;015m[INFO]: [0mThis is a info message from thread 1418-09-2026 00:29:34 [38;5;009m[ERROR]: [0mThis is a error message from thread 2918-09-2026 00:29:34 [38;5;117m[DEBUG]: [0mThis is a debug message from thread 1918-09-2026 00:29:34 [38;5;009m[ERROR]: [0mThis is a error message from thread 1418-09-2026 00:29:34 [38;5;015m[INFO]: [0mThis is a info message from thread 2718-09-2026 00:29:34 [38;5;015m[INFO]: [0mThis is a info message from thread 2218-09-2026 00:29:34 [38;5;009m[ERROR]: [0mThis is a error message from thread 718-09-2026 00:29:34 [38;5;009m[ERROR]: [0mThis is a error message from thread 2218-09-2026 00:29:34 [38;5;117m[DEBUG]: [0mThis is a debug message from thread 2618-09-2026 00:29:34 [38;5;117m[DEBUG]: [0mThis is a debug message from thread 2018-09-2026 00:29:34 [38;5;015m[INFO]: [0mThis is a info message from thread 818-09-2026 00:29:34 [38;5;009m[ERROR]: [0mThis is a error message from thread 1218-09-2026 00:29:34 [38;5;117m[DEBUG]: [0mThis is a debug message from thread 1418-09-2026 00:29:34 [38;5;009m[ERROR]: [0mThis is a error message from thread 1118-09-2026 00:29:34 [38;5;015m[INFO]: [0mThis is a info message from thread 1518-09-2026 00:29:34 [38;5;015m[INFO]: [0mThis is a info message from thread 1418-09-2026 00:29:34 [38;5;009m[ERROR]: [0mThis is a error message from thread 1518-09-2026 00:29:34 [38;5;117m[DEBUG]: [0mThis is a debug message from thread 2218-09-2026 00:29:34 [38;5;015m[INFO]: [0mThis is a info message from thread 918-09-2026 00:29:34 [38;5;117m[DEBUG]: [0mThis is a debug message from thread 1518-09-2026 00:29:34 [38;5;117m[DEBUG]: [0mThis is a debug message from thread 1118-09-2026 00:29:34 [38;5;009m[ERROR]: [0mThis is a error message from thread 818-09-2026 00:29:34 [38;5;015m[INFO]: [0mThis is a info message from thread 2218-09-2026 00:29:34 [38;5;015m[INFO]: [0mThis is a info message from thread 2618-09-2026 00:29:34 [38;5;117m[DEBUG]: [0mThis is a debug message from thread 818-09-2026 00:29:34 [38;5;015m[INFO]: [0mThis is a info message from thread 1818-09-2026 00:29:34 [38;5;015m[INFO]: [0mThis is a info message from thread 1118-09-2026 00:29:34 [38;5;009m[ERROR]: [0mThis is a error message from thread 918-09-2026 00:29:34 [38;5;015m[INFO]: [0mThis is a info message from thread 1518-09-2026 00:29:34 [38;5;117m[DEBUG]: [0mThis is a debug message from thread 1218-09-2026 00:29:34 [38;5;009m[ERROR]: [0mThis is a error message from thread 1018-09-2026 00:29:34 [38;5;117m[DEBUG]: [0mThis is a debug message from thread 1718-09-2026 00:29:34 [38;5;015m[INFO]: [0mThis is a info message from thread 118-09-2026 00:29:34 [38;5;117m[DEBUG]: [0mThis is a debug message from thread 918-09-2026 00:29:34 [38;5;009m[ERROR]: [0mThis is a error message from thread 2618-09-2026 00:29:34 [38;5;117m[DEBUG]: [0mThis is a debug message from thread 618-09-2026 00:29:34 [38;5;009m[ERROR]: [0mThis is a error message from thread 2118-09-2026 00:29:34 [38;5;015m[INFO]: [0mThis is a info message from thread 1918-09-2026 00:29:34 [38;5;009m[ERROR]: [0mThis is a error message from thread 1818-09-2026 00:29:34 [38;5;117m[DEBUG]: [0mThis is a debug message from thread 1618-09-2026 00:29:34 [38;5;117m[DEBUG]: [0mThis is a debug message from thread 2918-09-2026 00:29:34 [38;5;117m[DEBUG]: [0mThis is a debug message from thread 2418-09-2026 00:29:34 [38;5;117m[DEBUG]: [0mThis is a debug message from thread 2618-09-2026 00:29:34 [38;5;015m[INFO]: [0mThis is a info message from thread 218-09-2026 00:29:34 [38;5;015m[INFO]: [0mThis is a info message from thread 818-09-2026 00:29:34 [38;5;015m[INFO]: [0mThis is a info message from thread 918-09-2026 00:29:34 [38;5;015m[INFO]: [0mThis is a info message from thread 2618-09-2026 00:29:34 [38;5;015m[INFO]: [0mThis is a info message from thread 1618-09-2026 00:29:34 [38;5;015m[INFO]: [0mThis is a info message from thread 2918-09-2026 00:29:34 [38;5;015m[INFO]: [0mThis is a info message from thread 2418-09-2026 00:29:34 [38;5;117m[DEBUG]: [0mThis is a debug message from thread 1818-09-2026 00:29:34 [38;5;009m[ERROR]: [0mThis is a error message from thread 118-09-2026 00:29:34 [38;5;117m[DEBUG]: [0mThis is a debug message from thread 2118-09-2026 00:29:34 [38;5;009m[ERROR]: [0mThis is a error message from thread 218-09-2026 00:29:34 [38;5;009m[ERROR]: [0mThis is a error message from thread 918-09-2026 00:29:34 [38;5;009m[ERROR]: [0mThis is a error message from thread 1318-09-2026 00:29:34 [38;5;015m[INFO]: [0mThis is a info message from thread 1218-09-2026 00:29:34 [38;5;009m[ERROR]: [0mThis is a error message from thread 2618-09-2026 00:29:34 [38;5;015m[INFO]: [0mThis is a info message from thread 018-09-2026 00:29:34 [38;5;009m[ERROR]: [0mThis is a error message from thread 2318-09-2026 00:29:34 [38;5;015m[INFO]: [0mThis is a info message from thread 1818-09-2026 00:29:34 [38;5;009m[ERROR]: [0mThis is a error message from thread 018-09-2026 00:29:34 [38;5;117m[DEBUG]: [0mThis is a debug message from thread 718-09-2026 00:29:34 [38;5;009m[ERROR]: [0mThis is a error message from thread 318-09-2026 00:29:34 [38;5;117m[DEBUG]: [0mThis is a debug message from thread 2318-09-2026 00:29:34 [38;5;117m[DEBUG]: [0mThis is a debug message from thread 1318-09-2026 00:29:34 [38;5;009m[ERROR]: [0mThis is a error message from thread 2918-09-2026 00:29:34 [38;5;015m[INFO]: [0mThis is a info message from thread 618-09-2026 00:29:34 [38;5;009m[ERROR]: [0mThis is a error message from thread 418-09-2026 00:29:34 [38;5;015m[INFO]: [0mThis is a info message from thread 1718-09-2026 00:29:34 [38;5;009m[ERROR]: [0mThis is a error message from thread 2418-09-2026 00:29:34 [38;5;009m[ERROR]: [0mThis is a error message from thread 1518-09-2026 00:29:34 [38;5;009m[ERROR]: [0mThis is a error message from thread 1218-09-2026 00:29:34 [38;5;015m[INFO]: [0mThis is a info message from thread 2018-09-2026 00:29:34 [38;5;015m[INFO]: [0mThis is a info message from thread 2318-09-2026 00:29:34 [38;5;009m[ERROR]: [0mThis is a error message from thread 1418-09-2026 00:29:34 [38;5;015m[INFO]: [0mThis is a info message from thread 1318-09-2026 00:29:34 [38;5;117m[DEBUG]: [0mThis is a debug message from thread 118-09-2026 00:29:34 [38;5;117m[DEBUG]: [0mThis is a debug message from thread 518-09-2026 00:29:34 [38;5;009m[ERROR]: [0mThis is a error message from thread 2318-09-2026 00:29:34 [38;5;117m[DEBUG]: [0mThis is a debug message from thread 2618-09-2026 00:29:34 [38;5;117m[DEBUG]: [0mThis is a debug message from thread 2418-09-2026 00:29:34 [38;5;117m[DEBUG]: [0mThis is a debug message from thread 018-09-2026 00:29:34 [38;5;117m[DEBUG]: [0mThis is a debug message from thread 418-09-2026 00:29:34 [38;5;009m[ERROR]: [0mThis is a error message from thread 2018-09-2026 00:29:34 [38;5;117m[DEBUG]: [0mThis is a debug message from thread 218-09-2026 00:29:34 [38;5;009m[ERROR]: [0mThis is a error message from thread 2718-09-2026 00:29:34 [38;5;015m[INFO]: [0mThis is a info message from thread 2518-09-2026 00:29:34 [38;5;009m[ERROR]: [0mThis is a error message from thread 1818-09-2026 00:29:34 [38;5;015m[INFO]: [0mThis is a info message from thread 418-09-2026 00:29:34 [38;5;009m[ERROR]: [0mThis is a error message from thread 2818-09-2026 00:29:34 [38;5;117m[DEBUG]: [0mThis is a debug message from thread 1418-09-2026 00:29:34 [38;5;015m[INFO]: [0mThis is a info message from thread 718-09-2026 00:29:34 [38;5;015m[INFO]: [0mThis is a info message from thread 018-09-2026 00:29:34 [38;5;117m[DEBUG]: [0mThis is a debug message from thread 2718-09-2026 00:29:34 [38;5;009m[ERROR]: [0mThis is a error message from thread 818-09-2026 00:29:34 [38;5;009m[ERROR]: [0mThis is a error message from thread 418-09-2026 00:29:34 [38;5;015m[INFO]: [0mThis is a info message from thread 218-09-2026 00:29:34 [38;5;009m[ERROR]: [0mThis is a error message from thread 018-09-2026 00:29:34 [38;5;117m[DEBUG]: [0mThis is a debug message from thread 1218-09-2026 00:29:34 [38;5;117m[DEBUG]: [0mThis is a debug message from thread 2818-09-2026 00:29:34 [38;5;117m[DEBUG]: [0mThis is a debug message from thread 2018-09-2026 00:29:34 [38;5;009m[ERROR]: [0mThis is a error message from thread 1618-09-2026 00:29:34 [38;5;117m[DEBUG]: [0mThis is a debug message from thread 818-09-2026 00:29:34 [38;5;117m[DEBUG]: [0mThis is a debug message from thread 1518-09-2026 00:29:34 [38;5;117m[DEBUG]: [0mThis is a debug message from thread 318-09-2026 00:29:34 [38;5;009m[ERROR]: [0mThis is a error message from thread 618-09-2026 00:29:34 [38;5;009m[ERROR]: [0mThis is a error message from thread 1918-09-2026 00:29:34 [38;5;015m[INFO]: [0mThis is a info message from thread 2018-09-2026 00:29:34 [38;5;117m[DEBUG]: [0mThis is a debug message from thread 918-09-2026 00:29:34 [38;5;015m[INFO]: [0mThis is a info message from thread 918-09-2026 00:29:34 [38;5;117m[DEBUG]: [0mThis is a debug message from thread 1918-09-2026 00:29:34 [38;5;015m[INFO]: [0mThis is a info message from thread 1918-09-2026 00:29:34 [38;5;015m[INFO]: [0mThis is a info message from thread 1518-09-2026 00:29:34 [38;5;117m[DEBUG]: [0mThis is a debug message from thread 018-09-2026 00:29:34 [38;5;117m[DEBUG]: [0mThis is a debug message from thread 1618-09-2026 00:29:34 [38;5;009m[ERROR]: [0mThis is a error message from thread 1118-09-2026 00:29:34 [38;5;117m[DEBUG]: [0mThis is a debug message from thread 1118-09-2026 00:29:34 [38;5;015m[INFO]: [0mThis is a info message from thread 1618-09-2026 00:29:34 [38;5;015m[INFO]: [0mThis is a info message from thread 1118-09-2026 00:29:34 [38;5;009m[ERROR]: [0mThis is a error message from thread 2218-09-2026 00:29:34 [38;5;009m[ERROR]: [0mThis is a error message from thread 1918-09-2026 00:29:34 [38;5;009m[ERROR]: [0mThis is a error message from thread 918-09-2026 00:29:34 [38;5;009m[ERROR]: [0mThis is a error message from thread 1518-09-2026 00:29:34 [38;5;117m[DEBUG]: [0mThis is a debug message from thread 1518-09-2026 00:29:34 [38;5;117m[DEBUG]: [0mThis is a debug message from thread 1918-09-2026 00:29:34 [38;5;015m[INFO]: [0mThis is a info message from thread 1518-09-2026 00:29:34 [38;5;015m[INFO]: [0mThis is a info message from thread 1418-09-2026 00:29:34 [38;5;015m[INFO]: [0mThis is a info message from thread 1918-09-2026 00:29:34 [38;5;015m[INFO]: [0mThis is a info message from thread 2118-09-2026 00:29:34 [38;5;009m[ERROR]: [0mThis is a error message from thread 718-09-2026 00:29:34 [38;5;117m[DEBUG]: [0mThis is a debug message from thread 918-09-2026 00:29:34 [38;5;009m[ERROR]: [0mThis is a error message from thread 1418-09-2026 00:29:34 [38;5;117m[DEBUG]: [0mThis is a debug message from thread 718-09-2026 00:29:34 [38;5;009m[ERROR]: [0mThis is a error message from thread 1718-09-2026 00:29:34 [38;5;015m[INFO]: [0mThis is a info message from thread 918-09-2026 00:29:34 [38;5;009m[ERROR]: [0mThis is a error message from thread 1118-09-2026 00:29:34 [38;5;015m[INFO]: [0mThis is a info message from thread 018-09-2026 00:29:34 [38;5;015m[INFO]: [0mThis is a info message from thread 2418-09-2026 00:29:34 [38;5;117m[DEBUG]: [0mThis is a debug message from thread 1418-09-2026 00:29:34 [38;5;117m[DEBUG]: [0mThis is a debug message from thread 2318-09-2026 00:29:34 [38;5;015m[INFO]: [0mThis is a info message from thread 518-09-2026 00:29:34 [38;5;015m[INFO]: [0mThis is a info message from thread 318-09-2026 00:29:34 [38;5;009m[ERROR]: [0mThis is a error message from thread 2118-09-2026 00:29:34 [38;5;009m[ERROR]: [0mThis is a error message from thread 1618-09-2026 00:29:34 [38;5;015m[INFO]: [0mThis is a info message from thread 118-09-2026 00:29:34 [38;5;117m[DEBUG]: [0mThis is a debug message from thread 1718-09-2026 00:29:34 [38;5;015m[INFO]: [0mThis is a info message from thread 2818-09-2026 00:29:34 [38;5;117m[DEBUG]: [0mThis is a debug message from thread 418-09-2026 00:29:34 [38;5;009m[ERROR]: [0mThis is a error message from thread 2018-09-2026 00:29:34 [38;5;009m[ERROR]: [0mThis is a error message from thread 2418-09-2026 00:29:34 [38;5;015m[INFO]: [0mThis is a info message from thread 1418-09-2026 00:29:34 [38;5;009m[ERROR]: [0mThis is a error message from thread 518-09-2026 00:29:34 [38;5;009m[ERROR]: [0mThis is a error message from thread 218-09-2026 00:29:34 [38;5;015m[INFO]: [0mThis is a info message from thread 2718-09-2026 00:29:34 [38;5;009m[ERROR]: [0mThis is a error message from thread 318-09-2026 00:29:34 [38;5;009m[ERROR]: [0mThis is a error message from thread 2818-09-2026 00:29:34 [38;5;009m[ERROR]: [0mThis is a error message from thread 1918-09-2026 00:29:34 [38;5;009m[ERROR]: [0mThis is a error message from thread 1518-09-2026 00:29:34 [38;5;009m[ERROR]: [0mThis is a error message from thread 1318-09-2026 00:29:34 [38;5;117m[DEBUG]: [0mThis is a debug message from thread 2418-09-2026 00:29:34 [38;5;009m[ERROR]: [0mThis is a error message from thread 1418-09-2026 00:29:34 [38;5;117m[DEBUG]: [0mThis is a debug message from thread 1518-09-2026 00:29:34 [38;5;117m[DEBUG]: [0mThis is a debug message from thread 1318-09-2026 00:29:34 [38;5;117m[DEBUG]: [0mThis is a debug message from thread 2218-09-2026 00:29:34 [38;5;015m[INFO]: [0mThis is a info message from thread 2218-09-2026 00:29:34 [38;5;117m[DEBUG]: [0mThis is a debug message from thread 2018-09-2026 00:29:34 [38;5;117m[DEBUG]: [0mThis is a debug message from thread 518-09-2026 00:29:34 [38;5;015m[INFO]: [0mThis is a info message from thread 2418-09-2026 00:29:34 [38;5;009m[ERROR]: [0mThis is a error message from thread 2418-09-2026 00:29:34 [38;5;117m[DEBUG]: [0mThis is a debug message from thread 1418-09-2026 00:29:34 [38;5;015m[INFO]: [0mThis is a info message from thread 1518-09-2026 00:29:34 [38;5;015m[INFO]: [0mThis is a info message from thread 1418-09-2026 00:29:34 [38;5;015m[INFO]: [0mThis is a info message from thread 1318-09-2026 00:29:34 [38;5;009m[ERROR]: [0mThis is a error message from thread 1318-09-2026 00:29:34 [38;5;117m[DEBUG]: [0mThis is a debug message from thread 2418-09-2026 00:29:34 [38;5;015m[INFO]: [0mThis is a info message from thread 518-09-2026 00:29:34 [38;5;009m[ERROR]: [0mThis is a error message from thread 018-09-2026 00:29:34 [38;5;009m[ERROR]: [0mThis is a error message from thread 518-09-2026 00:29:34 [38;5;117m[DEBUG]: [0mThis is a debug message from thread 1318-09-2026 00:29:34 [38;5;015m[INFO]: [0mThis is a info message from thread 2018-09-2026 00:29:34 [38;5;117m[DEBUG]: [0mThis is a debug message from thread 1018-09-2026 00:29:34 [38;5;009m[ERROR]: [0mThis is a error message from thread 2218-09-2026 00:29:34 [38;5;117m[DEBUG]: [0mThis is a debug message from thread 018-09-2026 00:29:34 [38;5;009m[ERROR]: [0mThis is a error message from thread 118-09-2026 00:29:34 [38;5;117m[DEBUG]: [0mThis is a debug message from thread 2818-09-2026 00:29:34 [38;5;117m[DEBUG]: [0mThis is a debug message from thread 318-09-2026 00:29:34 [38;5;015m[INFO]: [0mThis is a info message from thread 1318-09-2026 00:29:34 [38;5;015m[INFO]: [0mThis is a info message from thread 1018-09-2026 00:29:34 [38;5;009m[ERROR]: [0mThis is a error message from thread 1418-09-2026 00:29:34 [38;5;009m[ERROR]: [0mThis is a error message from thread 1318-09-2026 00:29:34 [38;5;009m[ERROR]: [0mThis is a error message from thread 1018-09-2026 00:29:34 [38;5;117m[DEBUG]: [0mThis is a debug message from thread 518-09-2026 00:29:34 [38;5;117m[DEBUG]: [0mThis is a debug message from thread 1318-09-2026 00:29:34 [38;5;117m[DEBUG]: [0mThis is a debug message from thread 1018-09-2026 00:29:34 [38;5;015m[INFO]: [0mThis is a info message from thread 018-09-2026 00:29:34 [38;5;015m[INFO]: [0mThis is a info message from thread 2318-09-2026 00:29:34 [38;5;009m[ERROR]: [0mThis is a error message from thread 2018-09-2026 00:29:34 [38;5;015m[INFO]: [0mThis is a info message from thread 1318-09-2026 00:29:34 [38;5;015m[INFO]: [0mThis is a info message from thread 1018-09-2026 00:29:34 [38;5;009m[ERROR]: [0mThis is a error message from thread 1318-09-2026 00:29:34 [38;5;117m[DEBUG]: [0mThis is a debug message from thread 1118-09-2026 00:29:34 [38;5;117m[DEBUG]: [0mThis is a debug message from thread 2218-09-2026 00:29:34 [38;5;009m[ERROR]: [0mThis is a error message from thread 1018-09-2026 00:29:34 [38;5;117m[DEBUG]: [0mThis is a debug message from thread 1318-09-2026 00:29:34 [38;5;015m[INFO]: [0mThis is a info message from thread 1118-09-2026 00:29:34 [38;5;009m[ERROR]: [0mThis is a error message from thread 1118-09-2026 00:29:34 [38;5;117m[DEBUG]: [0mThis is a debug message from thread 1418-09-2026 00:29:34 [38;5;015m[INFO]: [0mThis is a info message from thread 1318-09-2026 00:29:34 [38;5;117m[DEBUG]: [0mThis is a debug message from thread 1018-09-2026 00:29:34 [38;5;015m[INFO]: [0mThis is a info message from thread 518-09-2026 00:29:34 [38;5;117m[DEBUG]: [0mThis is a debug message from thread 2918-09-2026 00:29:34 [38;5;117m[DEBUG]: [0mThis is a debug message from thread 2018-09-2026 00:29:34 [38;5;009m[ERROR]: [0mThis is a error message from thread 1318-09-2026 00:29:34 [38;5;015m[INFO]: [0mThis is a info message from thread 1418-09-2026 00:29:34 [38;5;015m[INFO]: [0mThis is a info message from thread 1018-09-2026 00:29:34 [38;5;009m[ERROR]: [0mThis is a error message from thread 518-09-2026 00:29:34 [38;5;009m[ERROR]: [0mThis is a error message from thread 2518-09-2026 00:29:34 [38;5;117m[DEBUG]: [0mThis is a debug message from thread 1318-09-2026 00:29:34 [38;5;117m[DEBUG]: [0mThis is a debug message from thread 1118-09-2026 00:29:34 [38;5;015m[INFO]: [0mThis is a info message from thread 2818-09-2026 00:29:34 [38;5;015m[INFO]: [0mThis is a info message from thread 2018-09-2026 00:29:34 [38;5;117m[DEBUG]: [0mThis is a debug message from thread 118-09-2026 00:29:34 [38;5;009m[ERROR]: [0mThis is a error message from thread 1018-09-2026 00:29:34 [38;5;009m[ERROR]: [0mThis is a error message from thread 2318-09-2026 00:29:34 [38;5;015m[INFO]: [0mThis is a info message from thread 718-09-2026 00:29:34 [38;5;117m[DEBUG]: [0mThis is a debug message from thread 2518-09-2026 00:29:34 [38;5;015m[INFO]: [0mThis is a info message from thread 1118-09-2026 00:29:34 [38;5;117m[DEBUG]: [0mThis is a debug message from thread 218-09-2026 00:29:34 [38;5;015m[INFO]: [0mThis is a info message from thread 1218-09-2026 00:29:34 [38;5;009m[ERROR]: [0mThis is a error message from thread 2718-09-2026 00:29:34 [38;5;015m[INFO]: [0mThis is a info message from thread 418-09-2026 00:29:34 [38;5;117m[DEBUG]: [0mThis is a debug message from thread 618-09-2026 00:29:34 [38;5;015m[INFO]: [0mThis is a info message from thread 218-09-2026 00:29:34 [38;5;117m[DEBUG]: [0mThis is a debug message from thread 1618-09-2026 00:29:34 [38;5;117m[DEBUG]: [0mThis is a debug message from thread 1018-09-2026 00:29:34 [38;5;117m[DEBUG]: [0mThis is a debug message from thread 1918-09-2026 00:29:34 [38;5;015m[INFO]: [0mThis is a info message from thread 118-09-2026 00:29:34 [38;5;117m[DEBUG]: [0mThis is a debug message from thread 2318-09-2026 00:29:34 [38;5;009m[ERROR]: [0mThis is a error message from thread 1218-09-2026 00:29:34 [38;5;015m[INFO]: [0mThis is a info message from thread 1318-09-2026 00:29:34 [38;5;015m[INFO]: [0mThis is a info message from thread 618-09-2026 00:29:34 [38;5;117m[DEBUG]: [0mThis is a debug message from thread 1818-09-2026 00:29:34 [38;5;015m[INFO]: [0mThis is a info message from thread 318-09-2026 00:29:34 [38;5;015m[INFO]: [0mThis is a info message from thread 818-09-2026 00:29:34 [38;5;117m[DEBUG]: [0mThis is a debug message from thread 1218-09-2026 00:29:34 [38;5;009m[ERROR]: [0mThis is a error message from thread 1318-09-2026 00:29:34 [38;5;015m[INFO]: [0mThis is a info message from thread 1718-09-2026 00:29:34 [38;5;009m[ERROR]: [0mThis is a error message from thread 018-09-2026 00:29:34 [38;5;009m[ERROR]: [0mThis is a error message from thread 818-09-2026 00:29:34 [38;5;117m[DEBUG]: [0mThis is a debug message from thread 1318-09-2026 00:29:34 [38;5;117m[DEBUG]: [0mThis is a debug message from thread 2718-09-2026 00:29:34 [38;5;015m[INFO]: [0mThis is a info message from thread 1918-09-2026 00:29:34 [38;5;009m[ERROR]: [0mThis is a error message from thread 918-09-2026 00:29:34 [38;5;015m[INFO]: [0mThis is a info message from thread 1818-09-2026 00:29:34 [38;5;009m[ERROR]: [0mThis is a error message from thread 118-09-2026 00:29:34 [38;5;009m[ERROR]: [0mThis is a error message from thread 1118-09-2026 00:29:34 [38;5;015m[INFO]: [0mThis is a info message from thread 1018-09-2026 00:29:34 [38;5;009m[ERROR]: [0mThis is a error message from thread 618-09-2026 00:29:34 [38;5;117m[DEBUG]: [0mThis is a debug message from thread 818-09-2026 00:29:34 [38;5;015m[INFO]: [0mThis is a info message from thread 2518-09-2026 00:29:34 [38;5;015m[INFO]: [0mThis is a info message from thread 818-09-2026 00:29:34 [38;5;015m[INFO]: [0mThis is a info message from thread 2618-09-2026 00:29:34 [38;5;015m[INFO]: [0mThis is a info message from thread 2318-09-2026 00:29:34 [38;5;009m[ERROR]: [0mThis is a error message from thread 2618-09-2026 00:29:34 [38;5;009m[ERROR]: [0mThis is a error message from thread 2018-09-2026 00:29:34 [38;5;117m[DEBUG]: [0mThis is a debug message from thread 618-09-2026 00:29:34 [38;5;009m[ERROR]: [0mThis is a error message from thread 418-09-2026 00:29:34 [38;5;015m[INFO]: [0mThis is a info message from thread 2918-09-2026 00:29:34 [38;5;009m[ERROR]: [0mThis is a error message from thread 1918-09-2026 00:29:34 [38;5;009m[ERROR]: [0mThis is a error message from thread 2918-09-2026 00:29:34 [38;5;117m[DEBUG]: [0mThis is a debug message from thread 2018-09-2026 00:29:34 [38;5;117m[DEBUG]: [0mThis is a debug message from thread 1918-09-2026 00:29:34 [38;5;015m[INFO]: [0mThis is a info message from thread 2018-09-2026 00:29:34 [38;5;117m[DEBUG]: [0mThis is a debug message from thread 2918-09-2026 00:29:34 [38;5;015m[INFO]: [0mThis is a info message from thread 2718-09-2026 00:29:34 [38;5;015m[INFO]: [0mThis is a info message from thread 618-09-2026 00:29:34 [38;5;117m[DEBUG]: [0mThis is a debug message from thread 1118-09-2026 00:29:34 [38;5;009m[ERROR]: [0mThis is a error message from thread 818-09-2026 00:29:34 [38;5;015m[INFO]: [0mThis is a info message from thread 1118-09-2026 00:29:34 [38;5;015m[INFO]: [0mThis is a info message from thread 2918-09-2026 00:29:34 [38;5;117m[DEBUG]: [0mThis is a debug message from thread 018-09-2026 00:29:34 [38;5;009m[ERROR]: [0mThis is a error message from thread 218-09-2026 00:29:34 [38;5;009m[ERROR]: [0mThis is a error message from thread 2818-09-2026 00:29:34 [38;5;117m[DEBUG]: [0mThis is a debug message from thread 218-09-2026 00:29:34 [38;5;009m[ERROR]: [0mThis is a error message from thread 1818-09-2026 00:29:34 [38;5;015m[INFO]: [0mThis is a info message from thread 2218-09-2026 00:29:34 [38;5;117m[DEBUG]: [0mThis is a debug message from thread 118-09-2026 00:29:34 [38;5;015m[INFO]: [0mThis is a info message from thread 1218-09-2026 00:29:34 [38;5;009m[ERROR]: [0mThis is a error message from thread 2918-09-2026 00:29:34 [38;5;015m[INFO]: [0mThis is a info message from thread 218-09-2026 00:29:34 [38;5;117m[DEBUG]: [0mThis is a debug message from thread 2818-09-2026 00:29:34 [38;5;009m[ERROR]: [0mThis is a error message from thread 1518-09-2026 00:29:34 [38;5;015m[INFO]: [0mThis is a info message from thread 2418-09-2026 00:29:34 [38;5;117m[DEBUG]: [0mThis is a debug message from thread 2918-09-2026 00:29:34 [38;5;009m[ERROR]: [0mThis is a error message from thread 1018-09-2026 00:29:34 [38;5;015m[INFO]: [0mThis is a info message from thread 118-09-2026 00:29:34 [38;5;009m[ERROR]: [0mThis is a error message from thread 318-09-2026 00:29:34 [38;5;009m[ERROR]: [0mThis is a error message from thread 2418-09-2026 00:29:34 [38;5;015m[INFO]: [0mThis is a info message from thread 2918-09-2026 00:29:34 [38;5;015m[INFO]: [0mThis is a info message from thread 2818-09-2026 00:29:34 [38;5;117m[DEBUG]: [0mThis is a debug message from thread 318-09-2026 00:29:34 [38;5;117m[DEBUG]: [0mThis is a debug message from thread 2418-09-2026 00:29:34 [38;5;117m[DEBUG]: [0mThis is a debug message from thread 918-09-2026 00:29:34 [38;5;015m[INFO]: [0mThis is a info message from thread 318-09-2026 00:29:34 [38;5;009m[ERROR]: [0mThis is a error message from thread 2818-09-2026 00:29:34 [38;5;117m[DEBUG]: [0mThis is a debug message from thread 2818-09-2026 00:29:34 [38;5;009m[ERROR]: [0mThis is a error message from thread 2918-09-2026 00:29:34 [38;5;015m[INFO]: [0mThis is a info message from thread 2818-09-2026 00:29:34 [38;5;117m[DEBUG]: [0mThis is a debug message from thread 2918-09-2026 00:29:34 [38;5;015m[INFO]: [0mThis is a info message from thread 1918-09-2026 00:29:34 [38;5;009m[ERROR]: [0mThis is a error message from thread 2818-09-2026 00:29:34 [38;5;015m[INFO]: [0mThis is a info message from thread 918-09-2026 00:29:34 [38;5;015m[INFO]: [0mThis is a info message from thread 2418-09-2026 00:29:34 [38;5;117m[DEBUG]: [0mThis is a debug message from thread 2618-09-2026 00:29:34 [38;5;117m[DEBUG]: [0mThis is a debug message from thread 818-09-2026 00:29:34 [38;5;009m[ERROR]: [0mThis is a error message from thread 2018-09-2026 00:29:34 [38;5;117m[DEBUG]: [0mThis is a debug message from thread 2818-09-2026 00:29:34 [38;5;009m[ERROR]: [0mThis is a error message from thread 2718-09-2026 00:29:34 [38;5;117m[DEBUG]: [0mThis is a debug message from thread 418-09-2026 00:29:34 [38;5;009m[ERROR]: [0mThis is a error message from thread 918-09-2026 00:29:34 [38;5;015m[INFO]: [0mThis is a info message from thread 2618-09-2026 00:29:34 [38;5;117m[DEBUG]: [0mThis is a debug message from thread 1818-09-2026 00:29:34 [38;5;009m[ERROR]: [0mThis is a error message from thread 318-09-2026 00:29:34 [38;5;009m[ERROR]: [0mThis is a error message from thread 218-09-2026 00:29:34 [38;5;117m[DEBUG]: [0mThis is a debug message from thread 918-09-2026 00:29:34 [38;5;009m[ERROR]: [0mThis is a error message from thread 1418-09-2026 00:29:34 [38;5;009m[ERROR]: [0mThis is a error message from thread 618-09-2026 00:29:34 [38;5;015m[INFO]: [0mThis is a info message from thread 2918-09-2026 00:29:34 [38;5;015m[INFO]: [0mThis is a info message from thread 418-09-2026 00:29:34 [38;5;009m[ERROR]: [0mThis is a error message from thread 2618-09-2026 00:29:34 [38;5;009m[ERROR]: [0mThis is a error message from thread 418-09-2026 00:29:34 [38;5;015m[INFO]: [0mThis is a info message from thread 918-09-2026 00:29:34 [38;5;009m[ERROR]: [0mThis is a error message from thread 918-09-2026 00:29:34 [38;5;117m[DEBUG]: [0mThis is a debug message from thread 918-09-2026 00:29:34 [38;5;117m[DEBUG]: [0mThis is a debug message from thread 318-09-2026 00:29:34 [38;5;015m[INFO]: [0mThis is a info message from thread 918-09-2026 00:29:34 [38;5;117m[DEBUG]: [0mThis is a debug message from thread 2618-09-2026 00:29:34 [38;5;117m[DEBUG]: [0mThis is a debug message from thread 2018-09-2026 00:29:34 [38;5;015m[INFO]: [0mThis is a info message from thread 818-09-2026 00:29:34 [38;5;015m[INFO]: [0mThis is a info message from thread 1618-09-2026 00:29:34 [38;5;009m[ERROR]: [0mThis is a error message from thread 918-09-2026 00:29:34 [38;5;015m[INFO]: [0mThis is a info message from thread 018-09-2026 00:29:34 [38;5;117m[DEBUG]: [0mThis is a debug message from thread 2718-09-2026 00:29:34 [38;5;015m[INFO]: [0mThis is a info message from thread 2818-09-2026 00:29:34 [38;5;117m[DEBUG]: [0mThis is a debug message from thread 418-09-2026 00:29:34 [38;5;009m[ERROR]: [0mThis is a error message from thread 718-09-2026 00:29:34 [38;5;009m[ERROR]: [0mThis is a error message from thread 2518-09-2026 00:29:34 [38;5;009m[ERROR]: [0mThis is a error message from thread 2918-09-2026 00:29:34 [38;5;009m[ERROR]: [0mThis is a error message from thread 2318-09-2026 00:29:34 [38;5;009m[ERROR]: [0mThis is a error message from thread 1218-09-2026 00:29:34 [38;5;117m[DEBUG]: [0mThis is a debug message from thread 618-09-2026 00:29:34 [38;5;015m[INFO]: [0mThis is a info message from thread 2718-09-2026 00:29:34 [38;5;009m[ERROR]: [0mThis is a error message from thread 1618-09-2026 00:29:34 [38;5;015m[INFO]: [0mThis is a info message from thread 2018-09-2026 00:29:34 [38;5;117m[DEBUG]: [0mThis is a debug message from thread 2118-09-2026 00:29:34 [38;5;117m[DEBUG]: [0mThis is a debug message from thread 1618-09-2026 00:29:34 [38;5;117m[DEBUG]: [0mThis is a debug message from thread 2918-09-2026 00:29:34 [38;5;015m[INFO]: [0mThis is a info message from thread 2118-09-2026 00:29:34 [38;5;117m[DEBUG]: [0mThis is a debug message from thread 1018-09-2026 00:29:34 [38;5;015m[INFO]: [0mThis is a info message from thread 1818-09-2026 00:29:34 [38;5;009m[ERROR]: [0mThis is a error message from thread 2818-09-2026 00:29:34 [38;5;117m[DEBUG]: [0mThis is a debug message from thread 718-09-2026 00:29:34 [38;5;009m[ERROR]: [0mThis is a error message from thread 2418-09-2026 00:29:34 [38;5;015m[INFO]: [0mThis is a info message from thread 2918-09-2026 00:29:34 [38;5;009m[ERROR]: [0mThis is a error message from thread 2018-09-2026 00:29:34 [38;5;015m[INFO]: [0mThis is a info message from thread 1018-09-2026 00:29:34 [38;5;009m[ERROR]: [0mThis is a error message from thread 2718-09-2026 00:29:34 [38;5;117m[DEBUG]: [0mThis is a debug message from thread 2818-09-2026 00:29:34 [38;5;009m[ERROR]: [0mThis is a error message from thread 2918-09-2026 00:29:34 [38;5;117m[DEBUG]: [0mThis is a debug message from thread 2418-09-2026 00:29:34 [38;5;117m[DEBUG]: [0mThis is a debug message from thread 518-09-2026 00:29:34 [38;5;009m[ERROR]: [0mThis is a error message from thread 118-09-2026 00:29:34 [38;5;009m[ERROR]: [0mThis is a error message from thread 1018-09-2026 00:29:34 [38;5;015m[INFO]: [0mThis is a info message from thread 718-09-2026 00:29:34 [38;5;015m[INFO]: [0mThis is a info message from thread 1618-09-2026 00:29:34 [38;5;015m[INFO]: [0mThis is a info message from thread 2418-09-2026 00:29:34 [38;5;009m[ERROR]: [0mThis is a error message from thread 1618-09-2026 00:29:34 [38;5;009m[ERROR]: [0mThis is a error message from thread 2418-09-2026 00:29:34 [38;5;009m[ERROR]: [0mThis is a error message from thread 1718-09-2026 00:29:34 [38;5;009m[ERROR]: [0mThis is a error message from thread 1818-09-2026 00:29:34 [38;5;117m[DEBUG]: [0mThis is a debug message from thread 1018-09-2026 00:29:34 [38;5;015m[INFO]: [0mThis is a info message from thread 1018-09-2026 00:29:34 [38;5;117m[DEBUG]: [0mThis is a debug message from thread 2418-09-2026 00:29:34 [38;5;117m[DEBUG]: [0mThis is a debug message from thread 1718-09-2026 00:29:34 [38;5;015m[INFO]: [0mThis is a info message from thread 2418-09-2026 00:29:34 [38;5;117m[DEBUG]: [0mThis is a debug message from thread 1618-09-2026 00:29:34 [38;5;009m[ERROR]: [0mThis is a error message from thread 1018-09-2026 00:29:34 [38;5;009m[ERROR]: [0mThis is a error message from thread 718-09-2026 00:29:34 [38;5;009m[ERROR]: [0mThis is a error message from thread 1118-09-2026 00:29:34 [38;5;015m[INFO]: [0mThis is a info message from thread 618-09-2026 00:29:34 [38;5;117m[DEBUG]: [0mThis is a debug message from thread 118-09-2026 00:29:34 [38;5;117m[DEBUG]: [0mThis is a debug message from thread 2718-09-2026 00:29:34 [38;5;015m[INFO]: [0mThis is a info message from thread 2818-09-2026 00:29:34 [38;5;117m[DEBUG]: [0mThis is a debug message from thread 718-09-2026 00:29:34 [38;5;117m[DEBUG]: [0mThis is a debug message from thread 218-09-2026 00:29:34 [38;5;009m[ERROR]: [0mThis is a error message from thread 018-09-2026 00:29:34 [38;5;015m[INFO]: [0mThis is a info message from thread 118-09-2026 00:29:34 [38;5;015m[INFO]: [0mThis is a info message from thread 418-09-2026 00:29:34 [38;5;009m[ERROR]: [0mThis is a error message from thread 2418-09-2026 00:29:34 [38;5;015m[INFO]: [0mThis is a info message from thread 1318-09-2026 00:29:34 [38;5;015m[INFO]: [0mThis is a info message from thread 718-09-2026 00:29:34 [38;5;117m[DEBUG]: [0mThis is a debug message from thread 918-09-2026 00:29:34 [38;5;015m[INFO]: [0mThis is a info message from thread 318-09-2026 00:29:34 [38;5;009m[ERROR]: [0mThis is a error message from thread 2218-09-2026 00:29:34 [38;5;009m[ERROR]: [0mThis is a error message from thread 618-09-2026 00:29:34 [38;5;117m[DEBUG]: [0mThis is a debug message from thread 1218-09-2026 00:29:34 [38;5;117m[DEBUG]: [0mThis is a debug message from thread 1818-09-2026 00:29:34 [38;5;009m[ERROR]: [0mThis is a error message from thread 318-09-2026 00:29:34 [38;5;009m[ERROR]: [0mThis is a error message from thread 718-09-2026 00:29:34 [38;5;117m[DEBUG]: [0mThis is a debug message from thread 318-09-2026 00:29:34 [38;5;117m[DEBUG]: [0mThis is a debug message from thread 1118-09-2026 00:29:34 [38;5;015m[INFO]: [0mThis is a info message from thread 1218-09-2026 00:29:34 [38;5;117m[DEBUG]: [0mThis is a debug message from thread 718-09-2026 00:29:34 [38;5;015m[INFO]: [0mThis is a info message from thread 2718-09-2026 00:29:34 [38;5;117m[DEBUG]: [0mThis is a debug message from thread 2018-09-2026 00:29:34 [38;5;015m[INFO]: [0mThis is a info message from thread 318-09-2026 00:29:34 [38;5;117m[DEBUG]: [0mThis is a debug message from thread 2218-09-2026 00:29:34 [38;5;009m[ERROR]: [0mThis is a error message from thread 1218-09-2026 00:29:34 [38;5;015m[INFO]: [0mThis is a info message from thread 1118-09-2026 00:29:34 [38;5;117m[DEBUG]: [0mThis is a debug message from thread 1218-09-2026 00:29:34 [38;5;015m[INFO]: [0mThis is a info message from thread 918-09-2026 00:29:34 [38;5;009m[ERROR]: [0mThis is a error message from thread 1318-09-2026 00:29:34 [38;5;015m[INFO]: [0mThis is a info message from thread 1218-09-2026 00:29:34 [38;5;009m[ERROR]: [0mThis is a error message from thread 2118-09-2026 00:29:34 [38;5;015m[INFO]: [0mThis is a info message from thread 718-09-2026 00:29:34 [38;5;015m[INFO]: [0mThis is a info message from thread 1618-09-2026 00:29:34 [38;5;009m[ERROR]: [0mThis is a error message from thread 1118-09-2026 00:29:34 [38;5;015m[INFO]: [0mThis is a info message from thread 2018-09-2026 00:29:34 [38;5;009m[ERROR]: [0mThis is a error message from thread 718-09-2026 00:29:34 [38;5;117m[DEBUG]: [0mThis is a debug message from thread 1018-09-2026 00:29:34 [38;5;117m[DEBUG]: [0mThis is a debug message from thread 2118-09-2026 00:29:34 [38;5;117m[DEBUG]: [0mThis is a debug message from thread 1118-09-2026 00:29:34 [38;5;009m[ERROR]: [0mThis is a error message from thread 2718-09-2026 00:29:34 [38;5;009m[ERROR]: [0mThis is a error message from thread 1618-09-2026 00:29:34 [38;5;009m[ERROR]: [0mThis is a error message from thread 918-09-2026 00:29:34 [38;5;117m[DEBUG]: [0mThis is a debug message from thread 1318-09-2026 00:29:34 [38;5;009m[ERROR]: [0mThis is a error message from thread 1218-09-2026 00:29:34 [38;5;117m[DEBUG]: [0mThis is a debug message from thread 618-09-2026 00:29:34 [38;5;117m[DEBUG]: [0mThis is a debug message from thread 2918-09-2026 00:29:34 [38;5;117m[DEBUG]: [0mThis is a debug message from thread 1618-09-2026 00:29:34 [38;5;015m[INFO]: [0mThis is a info message from thread 2118-09-2026 00:29:34 [38;5;015m[INFO]: [0mThis is a info message from thread 1118-09-2026 00:29:34 [38;5;009m[ERROR]: [0mThis is a error message from thread 2118-09-2026 00:29:34 [38;5;117m[DEBUG]: [0mThis is a debug message from thread 1218-09-2026 00:29:34 [38;5;009m[ERROR]: [0mThis is a error message from thread 818-09-2026 00:29:34 [38;5;009m[ERROR]: [0mThis is a error message from thread 1118-09-2026 00:29:34 [38;5;015m[INFO]: [0mThis is a info message from thread 2618-09-2026 00:29:34 [38;5;015m[INFO]: [0mThis is a info message from thread 2918-09-2026 00:29:34 [38;5;117m[DEBUG]: [0mThis is a debug message from thread 818-09-2026 00:29:34 [38;5;117m[DEBUG]: [0mThis is a debug message from thread 2118-09-2026 00:29:34 [38;5;009m[ERROR]: [0mThis is a error message from thread 2918-09-2026 00:29:34 [38;5;009m[ERROR]: [0mThis is a error message from thread 2618-09-2026 00:29:34 [38;5;117m[DEBUG]: [0mThis is a debug message from thread 1118-09-2026 00:29:34 [38;5;117m[DEBUG]: [0mThis is a debug message from thread 2918-09-2026 00:29:34 [38;5;015m[INFO]: [0mThis is a info message from thread 1218-09-2026 00:29:34 [38;5;015m[INFO]: [0mThis is a info message from thread 1318-09-2026 00:29:34 [38;5;015m[INFO]: [0mThis is a info message from thread 2918-09-2026 00:29:34 [38;5;117m[DEBUG]: [0mThis is a debug message from thread 2718-09-2026 00:29:34 [38;5;015m[INFO]: [0mThis is a info message from thread 818-09-2026 00:29:34 [38;5;009m[ERROR]: [0mThis is a error message from thread 2918-09-2026 00:29:34 [38;5;015m[INFO]: [0mThis is a info message from thread 618-09-2026 00:29:34 [38;5;009m[ERROR]: [0mThis is a error message from thread 1318-09-2026 00:29:34 [38;5;015m[INFO]: [0mThis is a info message from thread 2118-09-2026 00:29:34 [38;5;117m[DEBUG]: [0mThis is a debug message from thread 2618-09-2026 00:29:34 [38;5;015m[INFO]: [0mThis is a info message from thread 1118-09-2026 00:29:34 [38;5;009m[ERROR]: [0mThis is a error message from thread 818-09-2026 00:29:34 [38;5;009m[ERROR]: [0mThis is a error message from thread 1218-09-2026 00:29:34 [38;5;009m[ERROR]: [0mThis is a error message from thread 1118-09-2026 00:29:34 [38;5;117m[DEBUG]: [0mThis is a debug message from thread 1118-09-2026 00:29:34 [38;5;117m[DEBUG]: [0mThis is a debug message from thread 1318-09-2026 00:29:34 [38;5;117m[DEBUG]: [0mThis is a debug message from thread 2918-09-2026 00:29:34 [38;5;117m[DEBUG]: [0mThis is a debug message from thread 1418-09-2026 00:29:34 [38;5;015m[INFO]: [0mThis is a info message from thread 2718-09-2026 00:29:34 [38;5;117m[DEBUG]: [0mThis is a debug message from thread 1518-09-2026 00:29:34 [38;5;009m[ERROR]: [0mThis is a error message from thread 2818-09-2026 00:29:34 [38;5;009m[ERROR]: [0mThis is a error message from thread 2718-09-2026 00:29:34 [38;5;015m[INFO]: [0mThis is a info message from thread 1418-09-2026 00:29:34 [38;5;015m[INFO]: [0mThis is a info message from thread 1718-09-2026 00:29:34 [38;5;117m[DEBUG]: [0mThis is a debug message from thread 018-09-2026 00:29:34 [38;5;117m[DEBUG]: [0mThis is a debug message from thread 2418-09-2026 00:29:34 [38;5;117m[DEBUG]: [0mThis is a debug message from thread 2318-09-2026 00:29:34 [38;5;009m[ERROR]: [0mThis is a error message from thread 118-09-2026 00:29:34 [38;5;015m[INFO]: [0mThis is a info message from thread 1518-09-2026 00:29:34 [38;5;015m[INFO]: [0mThis is a info message from thread 2618-09-2026 00:29:34 [38;5;015m[INFO]: [0mThis is a info message from thread 018-09-2026 00:29:34 [38;5;117m[DEBUG]: [0mThis is a debug message from thread 2818-09-2026 00:29:34 [38;5;009m[ERROR]: [0mThis is a error message from thread 318-09-2026 00:29:34 [38;5;015m[INFO]: [0mThis is a info message from thread 2918-09-2026 00:29:34 [38;5;009m[ERROR]: [0mThis is a error message from thread 618-09-2026 00:29:34 [38;5;015m[INFO]: [0mThis is a info message from thread 518-09-2026 00:29:34 [38;5;009m[ERROR]: [0mThis is a error message from thread 1518-09-2026 00:29:34 [38;5;117m[DEBUG]: [0mThis is a debug message from thread 318-09-2026 00:29:34 [38;5;015m[INFO]: [0mThis is a info message from thread 2318-09-2026 00:29:34 [38;5;117m[DEBUG]: [0mThis is a debug message from thread 2718-09-2026 00:29:34 [38;5;015m[INFO]: [0mThis is a info message from thread 218-09-2026 00:29:34 [38;5;009m[ERROR]: [0mThis is a error message from thread 418-09-2026 00:29:34 [38;5;117m[DEBUG]: [0mThis is a debug message from thread 1218-09-2026 00:29:34 [38;5;009m[ERROR]: [0mThis is a error message from thread 1918-09-2026 00:29:34 [38;5;117m[DEBUG]: [0mThis is a debug message from thread 2518-09-2026 00:29:34 [38;5;117m[DEBUG]: [0mThis is a debug message from thread 618-09-2026 00:29:34 [38;5;117m[DEBUG]: [0mThis is a debug message from thread 118-09-2026 00:29:34 [38;5;009m[ERROR]: [0mThis is a error message from thread 518-09-2026 00:29:34 [38;5;015m[INFO]: [0mThis is a info message from thread 1618-09-2026 00:29:34 [38;5;009m[ERROR]: [0mThis is a error message from thread 2918-09-2026 00:29:34 [38;5;015m[INFO]: [0mThis is a info message from thread 2818-09-2026 00:29:34 [38;5;015m[INFO]: [0mThis is a info message from thread 318-09-2026 00:29:34 [38;5;117m[DEBUG]: [0mThis is a debug message from thread 918-09-2026 00:29:34 [38;5;009m[ERROR]: [0mThis is a error message from thread 2118-09-2026 00:29:34 [38;5;009m[ERROR]: [0mThis is a error message from thread 318-09-2026 00:29:34 [38;5;117m[DEBUG]: [0mThis is a debug message from thread 1918-09-2026 00:29:34 [38;5;015m[INFO]: [0mThis is a info message from thread 918-09-2026 00:29:34 [38;5;117m[DEBUG]: [0mThis is a debug message from thread 518-09-2026 00:29:34 [38;5;015m[INFO]: [0mThis is a info message from thread 518-09-2026 00:29:34 [38;5;015m[INFO]: [0mThis is a info message from thread 1218-09-2026 00:29:34 [38;5;117m[DEBUG]: [0mThis is a debug message from thread 318-09-2026 00:29:34 [38;5;015m[INFO]: [0mThis is a info message from thread 118-09-2026 00:29:34 [38;5;015m[INFO]: [0mThis is a info message from thread 318-09-2026 00:29:34 [38;5;009m[ERROR]: [0mThis is a error message from thread 318-09-2026 00:29:34 [38;5;117m[DEBUG]: [0mThis is a debug message from thread 318-09-2026 00:29:34 [38;5;009m[ERROR]: [0mThis is a error message from thread 118-09-2026 00:29:34 [38;5;117m[DEBUG]: [0mThis is a debug message from thread 1518-09-2026 00:29:34 [38;5;009m[ERROR]: [0mThis is a error message from thread 918-09-2026 00:29:34 [38;5;117m[DEBUG]: [0mThis is a debug message from thread 118-09-2026 00:29:34 [38;5;015m[INFO]: [0mThis is a info message from thread 1918-09-2026 00:29:34 [38;5;009m[ERROR]: [0mThis is a error message from thread 2818-09-2026 00:29:34 [38;5;015m[INFO]: [0mThis is a info message from thread 1518-09-2026 00:29:34 [38;5;015m[INFO]: [0mThis is a info message from thread 2518-09-2026 00:29:34 [38;5;117m[DEBUG]: [0mThis is a debug message from thread 2118-09-2026 00:29:34 [38;5;015m[INFO]: [0mThis is a info message from thread 118-09-2026 00:29:34 [38;5;015m[INFO]: [0mThis is a info message from thread 1018-09-2026 00:29:34 [38;5;015m[INFO]: [0mThis is a info message from thread 618-09-2026 00:29:34 [38;5;117m[DEBUG]: [0mThis is a debug message from thread 418-09-2026 00:29:34 [38;5;009m[ERROR]: [0mThis is a error message from thread 118-09-2026 00:29:34 [38;5;009m[ERROR]: [0mThis is a error message from thread 2318-09-2026 00:29:34 [38;5;009m[ERROR]: [0mThis is a error message from thread 1918-09-2026 00:29:34 [38;5;015m[INFO]: [0mThis is a info message from thread 2218-09-2026 00:29:34 [38;5;117m[DEBUG]: [0mThis is a debug message from thread 118-09-2026 00:29:34 [38;5;009m[ERROR]: [0mThis is a error message from thread 1518-09-2026 00:29:34 [38;5;009m[ERROR]: [0mThis is a error message from thread 2518-09-2026 00:29:34 [38;5;015m[INFO]: [0mThis is a info message from thread 1318-09-2026 00:29:34 [38;5;009m[ERROR]: [0mThis is a error message from thread 2218-09-2026 00:29:34 [38;5;117m[DEBUG]: [0mThis is a debug message from thread 1518-09-2026 00:29:34 [38;5;015m[INFO]: [0mThis is a info message from thread 2418-09-2026 00:29:34 [38;5;117m[DEBUG]: [0mThis is a debug message from thread 1918-09-2026 00:29:34 [38;5;117m[DEBUG]: [0mThis is a debug message from thread 2818-09-2026 00:29:34 [38;5;009m[ERROR]: [0mThis is a error message from thread 1318-09-2026 00:29:34 [38;5;117m[DEBUG]: [0mThis is a debug message from thread 2918-09-2026 00:29:34 [38;5;117m[DEBUG]: [0mThis is a debug message from thread 718-09-2026 00:29:34 [38;5;117m[DEBUG]: [0mThis is a debug message from thread 2218-09-2026 00:29:34 [38;5;009m[ERROR]: [0mThis is a error message from thread 618-09-2026 00:29:34 [38;5;015m[INFO]: [0mThis is a info message from thread 118-09-2026 00:29:34 [38;5;009m[ERROR]: [0mThis is a error message from thread 1718-09-2026 00:29:34 [38;5;015m[INFO]: [0mThis is a info message from thread 318-09-2026 00:29:34 [38;5;009m[ERROR]: [0mThis is a error message from thread 018-09-2026 00:29:34 [38;5;015m[INFO]: [0mThis is a info message from thread 418-09-2026 00:29:34 [38;5;015m[INFO]: [0mThis is a info message from thread 1118-09-2026 00:29:34 [38;5;009m[ERROR]: [0mThis is a error message from thread 1418-09-2026 00:29:34 [38;5;015m[INFO]: [0mThis is a info message from thread 1818-09-2026 00:29:34 [38;5;009m[ERROR]: [0mThis is a error message from thread 1018-09-2026 00:29:34 [38;5;015m[INFO]: [0mThis is a info message from thread 1518-09-2026 00:29:34 [38;5;015m[INFO]: [0mThis is a info message from thread 2918-09-2026 00:29:34 [38;5;009m[ERROR]: [0mThis is a error message from thread 1618-09-2026 00:29:34 [38;5;117m[DEBUG]: [0mThis is a debug message from thread 1318-09-2026 00:29:34 [38;5;015m[INFO]: [0mThis is a info message from thread 2118-09-2026 00:29:34 [38;5;117m[DEBUG]: [0mThis is a debug message from thread 618-09-2026 00:29:34 [38;5;009m[ERROR]: [0mThis is a error message from thread 1818-09-2026 00:29:34 [38;5;117m[DEBUG]: [0mThis is a debug message from thread 1718-09-2026 00:29:34 [38;5;015m[INFO]: [0mThis is a info message from thread 1318-09-2026 00:29:34 [38;5;009m[ERROR]: [0mThis is a error message from thread 218-09-2026 00:29:34 [38;5;009m[ERROR]: [0mThis is a error message from thread 2118-09-2026 00:29:34 [38;5;117m[DEBUG]: [0mThis is a debug message from thread 1418-09-2026 00:29:34 [38;5;009m[ERROR]: [0mThis is a error message from thread 1318-09-2026 00:29:34 [38;5;117m[DEBUG]: [0mThis is a debug message from thread 218-09-2026 00:29:34 [38;5;117m[DEBUG]: [0mThis is a debug message from thread 1318-09-2026 00:29:34 [38;5;015m[INFO]: [0mThis is a info message from thread 2218-09-2026 00:29:34 [38;5;009m[ERROR]: [0mThis is a error message from thread 2618-09-2026 00:29:34 [38;5;117m[DEBUG]: [0mThis is a debug message from thread 018-09-2026 00:29:34 [38;5;009m[ERROR]: [0mThis is a error message from thread 1518-09-2026 00:29:34 [38;5;015m[INFO]: [0mThis is a info message from thread 1318-09-2026 00:29:34 [38;5;015m[INFO]: [0mThis is a info message from thread 218-09-2026 00:29:34 [38;5;117m[DEBUG]: [0mThis is a debug message from thread 1518-09-2026 00:29:34 [38;5;117m[DEBUG]: [0mThis is a debug message from thread 2618-09-2026 00:29:34 [38;5;009m[ERROR]: [0mThis is a error message from thread 218-09-2026 00:29:34 [38;5;015m[INFO]: [0mThis is a info message from thread 1518-09-2026 00:29:34 [38;5;117m[DEBUG]: [0mThis is a debug message from thread 818-09-2026 00:29:34 [38;5;015m[INFO]: [0mThis is a info message from thread 2718-09-2026 00:29:34 [38;5;009m[ERROR]: [0mThis is a error message from thread 418-09-2026 00:29:34 [38;5;009m[ERROR]: [0mThis is a error message from thread 2418-09-2026 00:29:34 [38;5;015m[INFO]: [0mThis is a info message from thread 1918-09-2026 00:29:34 [38;5;015m[INFO]: [0mThis is a info message from thread 2618-09-2026 00:29:34 [38;5;015m[INFO]: [0mThis is a info message from thread 818-09-2026 00:29:34 [38;5;015m[INFO]: [0mThis is a info message from thread 1718-09-2026 00:29:34 [38;5;009m[ERROR]: [0mThis is a error message from thread 2718-09-2026 00:29:34 [38;5;015m[INFO]: [0mThis is a info message from thread 1418-09-2026 00:29:34 [38;5;009m[ERROR]: [0mThis is a error message from thread 1518-09-2026 00:29:34 [38;5;117m[DEBUG]: [0mThis is a debug message from thread 2418-09-2026 00:29:34 [38;5;009m[ERROR]: [0mThis is a error message from thread 1918-09-2026 00:29:34 [38;5;009m[ERROR]: [0mThis is a error message from thread 818-09-2026 00:29:34 [38;5;009m[ERROR]: [0mThis is a error message from thread 1118-09-2026 00:29:34 [38;5;117m[DEBUG]: [0mThis is a debug message from thread 1518-09-2026 00:29:34 [38;5;015m[INFO]: [0mThis is a info message from thread 2818-09-2026 00:29:34 [38;5;117m[DEBUG]: [0mThis is a debug message from thread 818-09-2026 00:29:34 [38;5;009m[ERROR]: [0mThis is a error message from thread 2618-09-2026 00:29:34 [38;5;009m[ERROR]: [0mThis is a error message from thread 1718-09-2026 00:29:34 [38;5;015m[INFO]: [0mThis is a info message from thread 1518-09-2026 00:29:34 [38;5;015m[INFO]: [0mThis is a info message from thread 818-09-2026 00:29:34 [38;5;009m[ERROR]: [0mThis is a error message from thread 118-09-2026 00:29:34 [38;5;009m[ERROR]: [0mThis is a error message from thread 2918-09-2026 00:29:34 [38;5;117m[DEBUG]: [0mThis is a debug message from thread 1118-09-2026 00:29:34 [38;5;117m[DEBUG]: [0mThis is a debug message from thread 1718-09-2026 00:29:34 [38;5;015m[INFO]: [0mThis is a info message from thread 618-09-2026 00:29:34 [38;5;117m[DEBUG]: [0mThis is a debug message from thread 2918-09-2026 00:29:34 [38;5;117m[DEBUG]: [0mThis is a debug message from thread 2618-09-2026 00:29:34 [38;5;015m[INFO]: [0mThis is a info message from thread 2618-09-2026 00:29:34 [38;5;015m[INFO]: [0mThis is a info message from thread 2918-09-2026 00:29:34 [38;5;015m[INFO]: [0mThis is a info message from thread 1718-09-2026 00:29:34 [38;5;117m[DEBUG]: [0mThis is a debug message from thread 118-09-2026 00:29:34 [38;5;009m[ERROR]: [0mThis is a error message from thread 2818-09-2026 00:29:34 [38;5;009m[ERROR]: [0mThis is a error message from thread 518-09-2026 00:29:34 [38;5;009m[ERROR]: [0mThis is a error message from thread 1218-09-2026 00:29:34 [38;5;009m[ERROR]: [0mThis is a error message from thread 2618-09-2026 00:29:34 [38;5;117m[DEBUG]: [0mThis is a debug message from thread 2618-09-2026 00:29:34 [38;5;009m[ERROR]: [0mThis is a error message from thread 2918-09-2026 00:29:34 [38;5;015m[INFO]: [0mThis is a info message from thread 018-09-2026 00:29:34 [38;5;009m[ERROR]: [0mThis is a error message from thread 2218-09-2026 00:29:34 [38;5;009m[ERROR]: [0mThis is a error message from thread 1718-09-2026 00:29:34 [38;5;015m[INFO]: [0mThis is a info message from thread 118-09-2026 00:29:34 [38;5;009m[ERROR]: [0mThis is a error message from thread 1418-09-2026 00:29:34 [38;5;009m[ERROR]: [0mThis is a error message from thread 118-09-2026 00:29:34 [38;5;009m[ERROR]: [0mThis is a error message from thread 1518-09-2026 00:29:34 [38;5;117m[DEBUG]: [0mThis is a debug message from thread 118-09-2026 00:29:34 [38;5;117m[DEBUG]: [0mThis is a debug message from thread 1218-09-2026 00:29:34 [38;5;015m[INFO]: [0mThis is a info message from thread 118-09-2026 00:29:34 [38;5;117m[DEBUG]: [0mThis is a debug message from thread 918-09-2026 00:29:34 [38;5;015m[INFO]: [0mThis is a info message from thread 1218-09-2026 00:29:34 [38;5;117m[DEBUG]: [0mThis is a debug message from thread 2818-09-2026 00:29:34 [38;5;117m[DEBUG]: [0mThis is a debug message from thread 1718-09-2026 00:29:34 [38;5;117m[DEBUG]: [0mThis is a debug message from thread 2918-09-2026 00:29:34 [38;5;009m[ERROR]: [0mThis is a error message from thread 618-09-2026 00:29:34 [38;5;015m[INFO]: [0mThis is a info message from thread 2918-09-2026 00:29:34 [38;5;117m[DEBUG]: [0mThis is a debug message from thread 418-09-2026 00:29:34 [38;5;117m[DEBUG]: [0mThis is a debug message from thread 518-09-2026 00:29:34 [38;5;015m[INFO]: [0mThis is a info message from thread 2818-09-2026 00:29:34 [38;5;009m[ERROR]: [0mThis is a error message from thread 1218-09-2026 00:29:34 [38;5;009m[ERROR]: [0mThis is a error message from thread 118-09-2026 00:29:34 [38;5;015m[INFO]: [0mThis is a info message from thread 2618-09-2026 00:29:34 [38;5;009m[ERROR]: [0mThis is a error message from thread 018-09-2026 00:29:34 [38;5;117m[DEBUG]: [0mThis is a debug message from thread 2218-09-2026 00:29:34 [38;5;009m[ERROR]: [0mThis is a error message from thread 1318-09-2026 00:29:34 [38;5;117m[DEBUG]: [0mThis is a debug message from thread 1218-09-2026 00:29:34 [38;5;009m[ERROR]: [0mThis is a error message from thread 318-09-2026 00:29:34 [38;5;117m[DEBUG]: [0mThis is a debug message from thread 618-09-2026 00:29:34 [38;5;117m[DEBUG]: [0mThis is a debug message from thread 018-09-2026 00:29:34 [38;5;015m[INFO]: [0mThis is a info message from thread 418-09-2026 00:29:34 [38;5;117m[DEBUG]: [0mThis is a debug message from thread 318-09-2026 00:29:34 [38;5;015m[INFO]: [0mThis is a info message from thread 618-09-2026 00:29:34 [38;5;009m[ERROR]: [0mThis is a error message from thread 2618-09-2026 00:29:34 [38;5;015m[INFO]: [0mThis is a info message from thread 2218-09-2026 00:29:34 [38;5;015m[INFO]: [0mThis is a info message from thread 918-09-2026 00:29:34 [38;5;117m[DEBUG]: [0mThis is a debug message from thread 1918-09-2026 00:29:34 [38;5;009m[ERROR]: [0mThis is a error message from thread 818-09-2026 00:29:34 [38;5;015m[INFO]: [0mThis is a info message from thread 318-09-2026 00:29:34 [38;5;009m[ERROR]: [0mThis is a error message from thread 418-09-2026 00:29:34 [38;5;117m[DEBUG]: [0mThis is a debug message from thread 2618-09-2026 00:29:34 [38;5;117m[DEBUG]: [0mThis is a debug message from thread 118-09-2026 00:29:34 [38;5;009m[ERROR]: [0mThis is a error message from thread 2818-09-2026 00:29:34 [38;5;117m[DEBUG]: [0mThis is a debug message from thread 2318-09-2026 00:29:34 [38;5;015m[INFO]: [0mThis is a info message from thread 118-09-2026 00:29:34 [38;5;015m[INFO]: [0mThis is a info message from thread 718-09-2026 00:29:34 [38;5;117m[DEBUG]: [0mThis is a debug message from thread 2818-09-2026 00:29:34 [38;5;015m[INFO]: [0mThis is a info message from thread 2318-09-2026 00:29:34 [38;5;009m[ERROR]: [0mThis is a error message from thread 118-09-2026 00:29:34 [38;5;117m[DEBUG]: [0mThis is a debug message from thread 2518-09-2026 00:29:34 [38;5;015m[INFO]: [0mThis is a info message from thread 2518-09-2026 00:29:34 [38;5;015m[INFO]: [0mThis is a info message from thread 2418-09-2026 00:29:34 [38;5;009m[ERROR]: [0mThis is a error message from thread 2518-09-2026 00:29:34 [38;5;117m[DEBUG]: [0mThis is a debug message from thread 218-09-2026 00:29:34 [38;5;015m[INFO]: [0mThis is a info message from thread 218-09-2026 00:29:34 [38;5;009m[ERROR]: [0mThis is a error message from thread 718-09-2026 00:29:34 [38;5;009m[ERROR]: [0mThis is a error message from thread 218-09-2026 00:29:34 [38;5;009m[ERROR]: [0mThis is a error message from thread 2418-09-2026 00:29:34 [38;5;015m[INFO]: [0mThis is a info message from thread 1718-09-2026 00:29:34 [38;5;117m[DEBUG]: [0mThis is a debug message from thread 718-09-2026 00:29:34 [38;5;009m[ERROR]: [0mThis is a error message from thread 2318-09-2026 00:29:34 [38;5;117m[DEBUG]: [0mThis is a debug message from thread 1418-09-2026 00:29:34 [38;5;009m[ERROR]: [0mThis is a error message from thread 918-09-2026 00:29:34 [38;5;009m[ERROR]: [0mThis is a error message from thread 1718-09-2026 00:29:34 [38;5;117m[DEBUG]: [0mThis is a debug message from thread 218-09-2026 00:29:34 [38;5;015m[INFO]: [0mThis is a info message from thread 218-09-2026 00:29:34 [38;5;009m[ERROR]: [0mThis is a error message from thread 2218-09-2026 00:29:34 [38;5;117m[DEBUG]: [0mThis is a debug message from thread 418-09-2026 00:29:34 [38;5;117m[DEBUG]: [0mThis is a debug message from thread 1718-09-2026 00:29:34 [38;5;015m[INFO]: [0mThis is a info message from thread 1418-09-2026 00:29:34 [38;5;117m[DEBUG]: [0mThis is a debug message from thread 918-09-2026 00:29:34 [38;5;009m[ERROR]: [0mThis is a error message from thread 1418-09-2026 00:29:34 [38;5;015m[INFO]: [0mThis is a info message from thread 1118-09-2026 00:29:34 [38;5;117m[DEBUG]: [0mThis is a debug message from thread 2718-09-2026 00:29:34 [38;5;117m[DEBUG]: [0mThis is a debug message from thread 2218-09-2026 00:29:34 [38;5;015m[INFO]: [0mThis is a info message from thread 1918-09-2026 00:29:34 [38;5;015m[INFO]: [0mThis is a info message from thread 2718-09-2026 00:29:34 [38;5;015m[INFO]: [0mThis is a info message from thread 2218-09-2026 00:29:34 [38;5;015m[INFO]: [0mThis is a info message from thread 518-09-2026 00:29:34 [38;5;117m[DEBUG]: [0mThis is a debug message from thread 1418-09-2026 00:29:34 [38;5;009m[ERROR]: [0mThis is a error message from thread 2718-09-2026 00:29:34 [38;5;009m[ERROR]: [0mThis is a error message from thread 2018-09-2026 00:29:34 [38;5;117m[DEBUG]: [0mThis is a debug message from thread 2318-09-2026 00:29:34 [38;5;015m[INFO]: [0mThis is a info message from thread 018-09-2026 00:29:34 [38;5;009m[ERROR]: [0mThis is a error message from thread 1918-09-2026 00:29:34 [38;5;117m[DEBUG]: [0mThis is a debug message from thread 818-09-2026 00:29:34 [38;5;009m[ERROR]: [0mThis is a error message from thread 318-09-2026 00:29:34 [38;5;015m[INFO]: [0mThis is a info message from thread 918-09-2026 00:29:34 [38;5;117m[DEBUG]: [0mThis is a debug message from thread 1518-09-2026 00:29:34 [38;5;015m[INFO]: [0mThis is a info message from thread 1418-09-2026 00:29:34 [38;5;117m[DEBUG]: [0mThis is a debug message from thread 1918-09-2026 00:29:34 [38;5;117m[DEBUG]: [0mThis is a debug message from thread 2718-09-2026 00:29:34 [38;5;009m[ERROR]: [0mThis is a error message from thread 2918-09-2026 00:29:34 [38;5;117m[DEBUG]: [0mThis is a debug message from thread 1018-09-2026 00:29:34 [38;5;009m[ERROR]: [0mThis is a error message from thread 218-09-2026 00:29:34 [38;5;117m[DEBUG]: [0mThis is a debug message from thread 1618-09-2026 00:29:34 [38;5;015m[INFO]: [0mThis is a info message from thread 818-09-2026 00:29:34 [38;5;015m[INFO]: [0mThis is a info message from thread 1618-09-2026 00:29:34 [38;5;117m[DEBUG]: [0mThis is a debug message from thread 318-09-2026 00:29:34 [38;5;117m[DEBUG]: [0mThis is a debug message from thread 218-09-2026 00:29:34 [38;5;015m[INFO]: [0mThis is a info message from thread 318-09-2026 00:29:34 [38;5;117m[DEBUG]: [0mThis is a debug message from thread 2118-09-2026 00:29:34 [38;5;009m[ERROR]: [0mThis is a error message from thread 318-09-2026 00:29:34 [38;5;015m[INFO]: [0mThis is a info message from thread 2118-09-2026 00:29:34 [38;5;009m[ERROR]: [0mThis is a error message from thread 018-09-2026 00:29:34 [38;5;015m[INFO]: [0mThis is a info message from thread 218-09-2026 00:29:34 [38;5;015m[INFO]: [0mThis is a info message from thread 418-09-2026 00:29:34 [38;5;009m[ERROR]: [0mThis is a error message from thread 218-09-2026 00:29:34 [38;5;009m[ERROR]: [0mThis is a error message from thread 2118-09-2026 00:29:34 [38;5;009m[ERROR]: [0mThis is a error message from thread 818-09-2026 00:29:34 [38;5;009m[ERROR]: [0mThis is a error message from thread 918-09-2026 00:29:34 [38;5;117m[DEBUG]: [0mThis is a debug message from thread 2018-09-2026 00:29:34 [38;5;117m[DEBUG]: [0mThis is a debug message from thread 2918-09-2026 00:29:34 [38;5;117m[DEBUG]: [0mThis is a debug message from thread 818-09-2026 00:29:34 [38;5;015m[INFO]: [0mThis is a info message from thread 2718-09-2026 00:29:34 [38;5;009m[ERROR]: [0mThis is a error message from thread 418-09-2026 00:29:34 [38;5;009m[ERROR]: [0mThis is a error message from thread 1118-09-2026 00:29:34 [38;5;015m[INFO]: [0mThis is a info message from thread 818-09-2026 00:29:34 [38;5;015m[INFO]: [0mThis is a info message from thread 2018-09-2026 00:29:34 [38;5;015m[INFO]: [0mThis is a info message from thread 1718-09-2026 00:29:34 [38;5;009m[ERROR]: [0mThis is a error message from thread 2218-09-2026 00:29:34 [38;5;117m[DEBUG]: [0mThis is a debug message from thread 1118-09-2026 00:29:34 [38;5;015m[INFO]: [0mThis is a info message from thread 718-09-2026 00:29:34 [38;5;117m[DEBUG]: [0mThis is a debug message from thread 918-09-2026 00:29:34 [38;5;009m[ERROR]: [0mThis is a error message from thread 2018-09-2026 00:29:34 [38;5;117m[DEBUG]: [0mThis is a debug message from thread 018-09-2026 00:29:34 [38;5;015m[INFO]: [0mThis is a info message from thread 2818-09-2026 00:29:34 [38;5;015m[INFO]: [0mThis is a info message from thread 2618-09-2026 00:29:34 [38;5;117m[DEBUG]: [0mThis is a debug message from thread 418-09-2026 00:29:34 [38;5;117m[DEBUG]: [0mThis is a debug message from thread 2518-09-2026 00:29:34 [38;5;009m[ERROR]: [0mThis is a error message from thread 2718-09-2026 00:29:34 [38;5;117m[DEBUG]: [0mThis is a debug message from thread 1318-09-2026 00:29:34 [38;5;015m[INFO]: [0mThis is a info message from thread 1318-09-2026 00:29:34 [38;5;009m[ERROR]: [0mThis is a error message from thread 1718-09-2026 00:29:34 [38;5;015m[INFO]: [0mThis is a info message from thread 2518-09-2026 00:29:34 [38;5;015m[INFO]: [0mThis is a info message from thread 018-09-2026 00:29:34 [38;5;015m[INFO]: [0mThis is a info message from thread 918-09-2026 00:29:34 [38;5;009m[ERROR]: [0mThis is a error message from thread 2518-09-2026 00:29:34 [38;5;015m[INFO]: [0mThis is a info message from thread 418-09-2026 00:29:34 [38;5;009m[ERROR]: [0mThis is a error message from thread 918-09-2026 00:29:34 [38;5;015m[INFO]: [0mThis is a info message from thread 1918-09-2026 00:29:34 [38;5;009m[ERROR]: [0mThis is a error message from thread 818-09-2026 00:29:34 [38;5;117m[DEBUG]: [0mThis is a debug message from thread 918-09-2026 00:29:34 [38;5;009m[ERROR]: [0mThis is a error message from thread 2618-09-2026 00:29:34 [38;5;117m[DEBUG]: [0mThis is a debug message from thread 1718-09-2026 00:29:34 [38;5;009m[ERROR]: [0mThis is a error message from thread 1918-09-2026 00:29:34 [38;5;117m[DEBUG]: [0mThis is a debug message from thread 2718-09-2026 00:29:34 [38;5;117m[DEBUG]: [0mThis is a debug message from thread 2018-09-2026 00:29:34 [38;5;009m[ERROR]: [0mThis is a error message from thread 518-09-2026 00:29:34 [38;5;015m[INFO]: [0mThis is a info message from thread 1718-09-2026 00:29:34 [38;5;015m[INFO]: [0mThis is a info message from thread 2018-09-2026 00:29:34 [38;5;015m[INFO]: [0mThis is a info message from thread 2318-09-2026 00:29:34 [38;5;117m[DEBUG]: [0mThis is a debug message from thread 818-09-2026 00:29:34 [38;5;117m[DEBUG]: [0mThis is a debug message from thread 318-09-2026 00:29:34 [38;5;117m[DEBUG]: [0mThis is a debug message from thread 1818-09-2026 00:29:34 [38;5;015m[INFO]: [0mThis is a info message from thread 1118-09-2026 00:29:34 [38;5;015m[INFO]: [0mThis is a info message from thread 918-09-2026 00:29:34 [38;5;117m[DEBUG]: [0mThis is a debug message from thread 218-09-2026 00:29:34 [38;5;015m[INFO]: [0mThis is a info message from thread 2718-09-2026 00:29:34 [38;5;117m[DEBUG]: [0mThis is a debug message from thread 1918-09-2026 00:29:34 [38;5;015m[INFO]: [0mThis is a info message from thread 1218-09-2026 00:29:34 [38;5;009m[ERROR]: [0mThis is a error message from thread 718-09-2026 00:29:34 [38;5;015m[INFO]: [0mThis is a info message from thread 318-09-2026 00:29:34 [38;5;117m[DEBUG]: [0mThis is a debug message from thread 2618-09-2026 00:29:34 [38;5;009m[ERROR]: [0mThis is a error message from thread 1718-09-2026 00:29:34 [38;5;009m[ERROR]: [0mThis is a error message from thread 2318-09-2026 00:29:34 [38;5;015m[INFO]: [0mThis is a info message from thread 1918-09-2026 00:29:34 [38;5;009m[ERROR]: [0mThis is a error message from thread 1118-09-2026 00:29:34 [38;5;117m[DEBUG]: [0mThis is a debug message from thread 718-09-2026 00:29:34 [38;5;117m[DEBUG]: [0mThis is a debug message from thread 518-09-2026 00:29:34 [38;5;009m[ERROR]: [0mThis is a error message from thread 318-09-2026 00:29:34 [38;5;015m[INFO]: [0mThis is a info message from thread 1818-09-2026 00:29:34 [38;5;009m[ERROR]: [0mThis is a error message from thread 1918-09-2026 00:29:34 [38;5;009m[ERROR]: [0mThis is a error message from thread 2718-09-2026 00:29:34 [38;5;009m[ERROR]: [0mThis is a error message from thread 918-09-2026 00:29:34 [38;5;117m[DEBUG]: [0mThis is a debug message from thread 1918-09-2026 00:29:34 [38;5;009m[ERROR]: [0mThis is a error message from thread 1218-09-2026 00:29:34 [38;5;009m[ERROR]: [0mThis is a error message from thread 2818-09-2026 00:29:34 [38;5;009m[ERROR]: [0mThis is a error message from thread 1318-09-2026 00:29:34 [38;5;015m[INFO]: [0mThis is a info message from thread 1918-09-2026 00:29:34 [38;5;117m[DEBUG]: [0mThis is a debug message from thread 2818-09-2026 00:29:34 [38;5;117m[DEBUG]: [0mThis is a debug message from thread 1218-09-2026 00:29:34 [38;5;117m[DEBUG]: [0mThis is a debug message from thread 118-09-2026 00:29:34 [38;5;015m[INFO]: [0mThis is a info message from thread 118-09-2026 00:29:34 [38;5;009m[ERROR]: [0mThis is a error message from thread 118-09-2026 00:29:34 [38;5;015m[INFO]: [0mThis is a info message from thread 2618-09-2026 00:29:34 [38;5;117m[DEBUG]: [0mThis is a debug message from thread 118-09-2026 00:29:34 [38;5;009m[ERROR]: [0mThis is a error message from thread 2618-09-2026 00:29:34 [38;5;117m[DEBUG]: [0mThis is a debug message from thread 2718-09-2026 00:29:34 [38;5;009m[ERROR]: [0mThis is a error message from thread 1418-09-2026 00:29:34 [38;5;117m[DEBUG]: [0mThis is a debug message from thread 2518-09-2026 00:29:34 [38;5;009m[ERROR]: [0mThis is a error message from thread 1918-09-2026 00:29:34 [38;5;117m[DEBUG]: [0mThis is a debug message from thread 1318-09-2026 00:29:34 [38;5;009m[ERROR]: [0mThis is a error message from thread 1618-09-2026 00:29:34 [38;5;015m[INFO]: [0mThis is a info message from thread 2718-09-2026 00:29:34 [38;5;015m[INFO]: [0mThis is a info message from thread 2918-09-2026 00:29:34 [38;5;117m[DEBUG]: [0mThis is a debug message from thread 1118-09-2026 00:29:34 [38;5;117m[DEBUG]: [0mThis is a debug message from thread 2118-09-2026 00:29:34 [38;5;015m[INFO]: [0mThis is a info message from thread 1518-09-2026 00:29:34 [38;5;015m[INFO]: [0mThis is a info message from thread 2518-09-2026 00:29:34 [38;5;015m[INFO]: [0mThis is a info message from thread 118-09-2026 00:29:34 [38;5;117m[DEBUG]: [0mThis is a debug message from thread 1418-09-2026 00:29:34 [38;5;117m[DEBUG]: [0mThis is a debug message from thread 1918-09-2026 00:29:34 [38;5;015m[INFO]: [0mThis is a info message from thread 2118-09-2026 00:29:34 [38;5;009m[ERROR]: [0mThis is a error message from thread 2918-09-2026 00:29:34 [38;5;015m[INFO]: [0mThis is a info message from thread 1918-09-2026 00:29:34 [38;5;015m[INFO]: [0mThis is a info message from thread 1018-09-2026 00:29:34 [38;5;015m[INFO]: [0mThis is a info message from thread 818-09-2026 00:29:34 [38;5;009m[ERROR]: [0mThis is a error message from thread 118-09-2026 00:29:34 [38;5;015m[INFO]: [0mThis is a info message from thread 1118-09-2026 00:29:34 [38;5;009m[ERROR]: [0mThis is a error message from thread 1918-09-2026 00:29:34 [38;5;117m[DEBUG]: [0mThis is a debug message from thread 2218-09-2026 00:29:34 [38;5;117m[DEBUG]: [0mThis is a debug message from thread 2918-09-2026 00:29:34 [38;5;015m[INFO]: [0mThis is a info message from thread 2218-09-2026 00:29:34 [38;5;117m[DEBUG]: [0mThis is a debug message from thread 1918-09-2026 00:29:34 [38;5;009m[ERROR]: [0mThis is a error message from thread 2218-09-2026 00:29:34 [38;5;015m[INFO]: [0mThis is a info message from thread 2918-09-2026 00:29:34 [38;5;009m[ERROR]: [0mThis is a error message from thread 1118-09-2026 00:29:34 [38;5;009m[ERROR]: [0mThis is a error message from thread 2018-09-2026 00:29:34 [38;5;009m[ERROR]: [0mThis is a error message from thread 2118-09-2026 00:29:34 [38;5;117m[DEBUG]: [0mThis is a debug message from thread 318-09-2026 00:29:34 [38;5;015m[INFO]: [0mThis is a info message from thread 218-09-2026 00:29:34 [38;5;015m[INFO]: [0mThis is a info message from thread 1418-09-2026 00:29:34 [38;5;117m[DEBUG]: [0mThis is a debug message from thread 1118-09-2026 00:29:34 [38;5;015m[INFO]: [0mThis is a info message from thread 518-09-2026 00:29:34 [38;5;009m[ERROR]: [0mThis is a error message from thread 618-09-2026 00:29:34 [38;5;009m[ERROR]: [0mThis is a error message from thread 1818-09-2026 00:29:34 [38;5;009m[ERROR]: [0mThis is a error message from thread 2718-09-2026 00:29:34 [38;5;015m[INFO]: [0mThis is a info message from thread 318-09-2026 00:29:34 [38;5;117m[DEBUG]: [0mThis is a debug message from thread 1618-09-2026 00:29:34 [38;5;015m[INFO]: [0mThis is a info message from thread 2818-09-2026 00:29:34 [38;5;009m[ERROR]: [0mThis is a error message from thread 318-09-2026 00:29:34 [38;5;117m[DEBUG]: [0mThis is a debug message from thread 2318-09-2026 00:29:34 [38;5;117m[DEBUG]: [0mThis is a debug message from thread 1718-09-2026 00:29:34 [38;5;009m[ERROR]: [0mThis is a error message from thread 418-09-2026 00:29:34 [38;5;117m[DEBUG]: [0mThis is a debug message from thread 1818-09-2026 00:29:34 [38;5;117m[DEBUG]: [0mThis is a debug message from thread 618-09-2026 00:29:34 [38;5;009m[ERROR]: [0mThis is a error message from thread 2818-09-2026 00:29:34 [38;5;117m[DEBUG]: [0mThis is a debug message from thread 118-09-2026 00:29:34 [38;5;015m[INFO]: [0mThis is a info message from thread 618-09-2026 00:29:34 [38;5;117m[DEBUG]: [0mThis is a debug message from thread 2118-09-2026 00:29:34 [38;5;009m[ERROR]: [0mThis is a error message from thread 618-09-2026 00:29:34 [38;5;117m[DEBUG]: [0mThis is a debug message from thread 318-09-2026 00:29:34 [38;5;015m[INFO]: [0mThis is a info message from thread 1218-09-2026 00:29:34 [38;5;117m[DEBUG]: [0mThis is a debug message from thread 2818-09-2026 00:29:34 [38;5;117m[DEBUG]: [0mThis is a debug message from thread 618-09-2026 00:29:34 [38;5;117m[DEBUG]: [0mThis is a debug message from thread 918-09-2026 00:29:34 [38;5;015m[INFO]: [0mThis is a info message from thread 918-09-2026 00:29:34 [38;5;015m[INFO]: [0mThis is a info message from thread 318-09-2026 00:29:34 [38;5;009m[ERROR]: [0mThis is a error message from thread 018-09-2026 00:29:34 [38;5;117m[DEBUG]: [0mThis is a debug message from thread 018-09-2026 00:29:34 [38;5;015m[INFO]: [0mThis is a info message from thread 2818-09-2026 00:29:34 [38;5;015m[INFO]: [0mThis is a info message from thread 1718-09-2026 00:29:34 [38;5;009m[ERROR]: [0mThis is a error message from thread 918-09-2026 00:29:34 [38;5;009m[ERROR]: [0mThis is a error message from thread 2818-09-2026 00:29:34 [38;5;015m[INFO]: [0mThis is a info message from thread 018-09-2026 00:29:34 [38;5;015m[INFO]: [0mThis is a info message from thread 2118-09-2026 00:29:34 [38;5;117m[DEBUG]: [0mThis is a debug message from thread 2818-09-2026 00:29:34 [38;5;117m[DEBUG]: [0mThis is a debug message from thread 918-09-2026 00:29:34 [38;5;009m[ERROR]: [0mThis is a error message from thread 318-09-2026 00:29:34 [38;5;117m[DEBUG]: [0mThis is a debug message from thread 2618-09-2026 00:29:34 [38;5;117m[DEBUG]: [0mThis is a debug message from thread 418-09-2026 00:29:34 [38;5;015m[INFO]: [0mThis is a info message from thread 1318-09-2026 00:29:34 [38;5;015m[INFO]: [0mThis is a info message from thread 1618-09-2026 00:29:34 [38;5;009m[ERROR]: [0mThis is a error message from thread 2118-09-2026 00:29:34 [38;5;009m[ERROR]: [0mThis is a error message from thread 018-09-2026 00:29:34 [38;5;117m[DEBUG]: [0mThis is a debug message from thread 2418-09-2026 00:29:34 [38;5;117m[DEBUG]: [0mThis is a debug message from thread 2118-09-2026 00:29:34 [38;5;117m[DEBUG]: [0mThis is a debug message from thread 018-09-2026 00:29:34 [38;5;015m[INFO]: [0mThis is a info message from thread 2418-09-2026 00:29:34 [38;5;015m[INFO]: [0mThis is a info message from thread 2818-09-2026 00:29:34 [38;5;009m[ERROR]: [0mThis is a error message from thread 1618-09-2026 00:29:34 [38;5;117m[DEBUG]: [0mThis is a debug message from thread 318-09-2026 00:29:34 [38;5;015m[INFO]: [0mThis is a info message from thread 018-09-2026 00:29:34 [38;5;009m[ERROR]: [0mThis is a error message from thread 1718-09-2026 00:29:34 [38;5;009m[ERROR]: [0mThis is a error message from thread 2818-09-2026 00:29:34 [38;5;015m[INFO]: [0mThis is a info message from thread 118-09-2026 00:29:34 [38;5;015m[INFO]: [0mThis is a info message from thread 2118-09-2026 00:29:34 [38;5;009m[ERROR]: [0mThis is a error message from thread 2418-09-2026 00:29:34 [38;5;117m[DEBUG]: [0mThis is a debug message from thread 2818-09-2026 00:29:34 [38;5;015m[INFO]: [0mThis is a info message from thread 318-09-2026 00:29:34 [38;5;009m[ERROR]: [0mThis is a error message from thread 218-09-2026 00:29:34 [38;5;117m[DEBUG]: [0mThis is a debug message from thread 1718-09-2026 00:29:34 [38;5;009m[ERROR]: [0mThis is a error message from thread 2518-09-2026 00:29:34 [38;5;117m[DEBUG]: [0mThis is a debug message from thread 1618-09-2026 00:29:34 [38;5;009m[ERROR]: [0mThis is a error message from thread 1018-09-2026 00:29:34 [38;5;117m[DEBUG]: [0mThis is a debug message from thread 2018-09-2026 00:29:34 [38;5;009m[ERROR]: [0mThis is a error message from thread 818-09-2026 00:29:34 [38;5;009m[ERROR]: [0mThis is a error message from thread 2118-09-2026 00:29:34 [38;5;117m[DEBUG]: [0mThis is a debug message from thread 218-09-2026 00:29:34 [38;5;009m[ERROR]: [0mThis is a error message from thread 118-09-2026 00:29:34 [38;5;009m[ERROR]: [0mThis is a error message from thread 1418-09-2026 00:29:34 [38;5;015m[INFO]: [0mThis is a info message from thread 1718-09-2026 00:29:34 [38;5;117m[DEBUG]: [0mThis is a debug message from thread 2118-09-2026 00:29:34 [38;5;117m[DEBUG]: [0mThis is a debug message from thread 2418-09-2026 00:29:34 [38;5;015m[INFO]: [0mThis is a info message from thread 1618-09-2026 00:29:34 [38;5;117m[DEBUG]: [0mThis is a debug message from thread 1018-09-2026 00:29:34 [38;5;015m[INFO]: [0mThis is a info message from thread 418-09-2026 00:29:34 [38;5;117m[DEBUG]: [0mThis is a debug message from thread 2218-09-2026 00:29:34 [38;5;009m[ERROR]: [0mThis is a error message from thread 518-09-2026 00:29:34 [38;5;015m[INFO]: [0mThis is a info message from thread 1018-09-2026 00:29:34 [38;5;117m[DEBUG]: [0mThis is a debug message from thread 118-09-2026 00:29:34 [38;5;009m[ERROR]: [0mThis is a error message from thread 1618-09-2026 00:29:34 [38;5;117m[DEBUG]: [0mThis is a debug message from thread 1418-09-2026 00:29:34 [38;5;009m[ERROR]: [0mThis is a error message from thread 418-09-2026 00:29:34 [38;5;015m[INFO]: [0mThis is a info message from thread 718-09-2026 00:29:34 [38;5;015m[INFO]: [0mThis is a info message from thread 1418-09-2026 00:29:34 [38;5;015m[INFO]: [0mThis is a info message from thread 2418-09-2026 00:29:34 [38;5;015m[INFO]: [0mThis is a info message from thread 2318-09-2026 00:29:34 [38;5;009m[ERROR]: [0mThis is a error message from thread 718-09-2026 00:29:34 [38;5;117m[DEBUG]: [0mThis is a debug message from thread 2518-09-2026 00:29:34 [38;5;009m[ERROR]: [0mThis is a error message from thread 1718-09-2026 00:29:34 [38;5;117m[DEBUG]: [0mThis is a debug message from thread 518-09-2026 00:29:34 [38;5;117m[DEBUG]: [0mThis is a debug message from thread 818-09-2026 00:29:34 [38;5;009m[ERROR]: [0mThis is a error message from thread 318-09-2026 00:29:34 [38;5;009m[ERROR]: [0mThis is a error message from thread 1018-09-2026 00:29:34 [38;5;009m[ERROR]: [0mThis is a error message from thread 1518-09-2026 00:29:34 [38;5;015m[INFO]: [0mThis is a info message from thread 1118-09-2026 00:29:34 [38;5;117m[DEBUG]: [0mThis is a debug message from thread 1618-09-2026 00:29:34 [38;5;117m[DEBUG]: [0mThis is a debug message from thread 1718-09-2026 00:29:34 [38;5;015m[INFO]: [0mThis is a info message from thread 1818-09-2026 00:29:34 [38;5;009m[ERROR]: [0mThis is a error message from thread 2318-09-2026 00:29:34 [38;5;009m[ERROR]: [0mThis is a error message from thread 1418-09-2026 00:29:34 [38;5;117m[DEBUG]: [0mThis is a debug message from thread 1518-09-2026 00:29:34 [38;5;009m[ERROR]: [0mThis is a error message from thread 1118-09-2026 00:29:34 [38;5;117m[DEBUG]: [0mThis is a debug message from thread 1418-09-2026 00:29:34 [38;5;009m[ERROR]: [0mThis is a error message from thread 1818-09-2026 00:29:34 [38;5;015m[INFO]: [0mThis is a info message from thread 918-09-2026 00:29:34 [38;5;015m[INFO]: [0mThis is a info message from thread 1718-09-2026 00:29:34 [38;5;009m[ERROR]: [0mThis is a error message from thread 918-09-2026 00:29:34 [38;5;015m[INFO]: [0mThis is a info message from thread 2618-09-2026 00:29:34 [38;5;009m[ERROR]: [0mThis is a error message from thread 2618-09-2026 00:29:34 [38;5;009m[ERROR]: [0mThis is a error message from thread 2918-09-2026 00:29:34 [38;5;015m[INFO]: [0mThis is a info message from thread 1418-09-2026 00:29:34 [38;5;117m[DEBUG]: [0mThis is a debug message from thread 2918-09-2026 00:29:34 [38;5;015m[INFO]: [0mThis is a info message from thread 2518-09-2026 00:29:34 [38;5;117m[DEBUG]: [0mThis is a debug message from thread 918-09-2026 00:29:34 [38;5;015m[INFO]: [0mThis is a info message from thread 218-09-2026 00:29:34 [38;5;015m[INFO]: [0mThis is a info message from thread 2818-09-2026 00:29:34 [38;5;015m[INFO]: [0mThis is a info message from thread 818-09-2026 00:29:34 [38;5;009m[ERROR]: [0mThis is a error message from thread 1718-09-2026 00:29:34 [38;5;117m[DEBUG]: [0mThis is a debug message from thread 2618-09-2026 00:29:34 [38;5;015m[INFO]: [0mThis is a info message from thread 518-09-2026 00:29:34 [38;5;009m[ERROR]: [0mThis is a error message from thread 2818-09-2026 00:29:34 [38;5;117m[DEBUG]: [0mThis is a debug message from thread 1718-09-2026 00:29:34 [38;5;117m[DEBUG]: [0mThis is a debug message from thread 1118-09-2026 00:29:34 [38;5;015m[INFO]: [0mThis is a info message from thread 2918-09-2026 00:29:34 [38;5;015m[INFO]: [0mThis is a info message from thread 1618-09-2026 00:29:34 [38;5;015m[INFO]: [0mThis is a info message from thread 2618-09-2026 00:29:34 [38;5;015m[INFO]: [0mThis is a info message from thread 1118-09-2026 00:29:34 [38;5;117m[DEBUG]: [0mThis is a debug message from thread 2318-09-2026 00:29:34 [38;5;009m[ERROR]: [0mThis is a error message from thread 1318-09-2026 00:29:34 [38;5;009m[ERROR]: [0mThis is a error message from thread 518-09-2026 00:29:34 [38;5;117m[DEBUG]: [0mThis is a debug message from thread 318-09-2026 00:29:34 [38;5;009m[ERROR]: [0mThis is a error message from thread 2618-09-2026 00:29:34 [38;5;117m[DEBUG]: [0mThis is a debug message from thread 1318-09-2026 00:29:34 [38;5;015m[INFO]: [0mThis is a info message from thread 2018-09-2026 00:29:34 [38;5;009m[ERROR]: [0mThis is a error message from thread 1118-09-2026 00:29:34 [38;5;015m[INFO]: [0mThis is a info message from thread 2118-09-2026 00:29:34 [38;5;009m[ERROR]: [0mThis is a error message from thread 018-09-2026 00:29:34 [38;5;015m[INFO]: [0mThis is a info message from thread 1318-09-2026 00:29:34 [38;5;015m[INFO]: [0mThis is a info message from thread 2218-09-2026 00:29:34 [38;5;015m[INFO]: [0mThis is a info message from thread 1718-09-2026 00:29:34 [38;5;117m[DEBUG]: [0mThis is a debug message from thread 2618-09-2026 00:29:34 [38;5;009m[ERROR]: [0mThis is a error message from thread 2518-09-2026 00:29:34 [38;5;009m[ERROR]: [0mThis is a error message from thread 2018-09-2026 00:29:34 [38;5;117m[DEBUG]: [0mThis is a debug message from thread 518-09-2026 00:29:34 [38;5;009m[ERROR]: [0mThis is a error message from thread 1318-09-2026 00:29:34 [38;5;117m[DEBUG]: [0mThis is a debug message from thread 418-09-2026 00:29:34 [38;5;009m[ERROR]: [0mThis is a error message from thread 2218-09-2026 00:29:34 [38;5;117m[DEBUG]: [0mThis is a debug message from thread 2018-09-2026 00:29:34 [38;5;117m[DEBUG]: [0mThis is a debug message from thread 1118-09-2026 00:29:34 [38;5;015m[INFO]: [0mThis is a info message from thread 1918-09-2026 00:29:34 [38;5;015m[INFO]: [0mThis is a info message from thread 118-09-2026 00:29:34 [38;5;117m[DEBUG]: [0mThis is a debug message from thread 1018-09-2026 00:29:34 [38;5;117m[DEBUG]: [0mThis is a debug message from thread 718-09-2026 00:29:34 [38;5;009m[ERROR]: [0mThis is a error message from thread 818-09-2026 00:29:34 [38;5;117m[DEBUG]: [0mThis is a debug message from thread 2218-09-2026 00:29:34 [38;5;009m[ERROR]: [0mThis is a error message from thread 1218-09-2026 00:29:34 [38;5;117m[DEBUG]: [0mThis is a debug message from thread 2718-09-2026 00:29:34 [38;5;009m[ERROR]: [0mThis is a error message from thread 1918-09-2026 00:29:34 [38;5;015m[INFO]: [0mThis is a info message from thread 618-09-2026 00:29:34 [38;5;117m[DEBUG]: [0mThis is a debug message from thread 2518-09-2026 00:29:34 [38;5;009m[ERROR]: [0mThis is a error message from thread 118-09-2026 00:29:34 [38;5;015m[INFO]: [0mThis is a info message from thread 718-09-2026 00:29:34 [38;5;009m[ERROR]: [0mThis is a error message from thread 718-09-2026 00:29:34 [38;5;015m[INFO]: [0mThis is a info message from thread 2618-09-2026 00:29:34 [38;5;015m[INFO]: [0mThis is a info message from thread 2218-09-2026 00:29:34 [38;5;117m[DEBUG]: [0mThis is a debug message from thread 718-09-2026 00:29:34 [38;5;015m[INFO]: [0mThis is a info message from thread 2518-09-2026 00:29:34 [38;5;117m[DEBUG]: [0mThis is a debug message from thread 1918-09-2026 00:29:34 [38;5;009m[ERROR]: [0mThis is a error message from thread 2218-09-2026 00:29:34 [38;5;015m[INFO]: [0mThis is a info message from thread 2318-09-2026 00:29:34 [38;5;015m[INFO]: [0mThis is a info message from thread 1018-09-2026 00:29:34 [38;5;117m[DEBUG]: [0mThis is a debug message from thread 1218-09-2026 00:29:34 [38;5;117m[DEBUG]: [0mThis is a debug message from thread 2218-09-2026 00:29:34 [38;5;009m[ERROR]: [0mThis is a error message from thread 2618-09-2026 00:29:34 [38;5;015m[INFO]: [0mThis is a info message from thread 1918-09-2026 00:29:34 [38;5;015m[INFO]: [0mThis is a info message from thread 1518-09-2026 00:29:34 [38;5;009m[ERROR]: [0mThis is a error message from thread 2518-09-2026 00:29:34 [38;5;117m[DEBUG]: [0mThis is a debug message from thread 818-09-2026 00:29:34 [38;5;117m[DEBUG]: [0mThis is a debug message from thread 2618-09-2026 00:29:34 [38;5;009m[ERROR]: [0mThis is a error message from thread 1918-09-2026 00:29:34 [38;5;009m[ERROR]: [0mThis is a error message from thread 1518-09-2026 00:29:34 [38;5;117m[DEBUG]: [0mThis is a debug message from thread 2518-09-2026 00:29:34 [38;5;009m[ERROR]: [0mThis is a error message from thread 2918-09-2026 00:29:34 [38;5;015m[INFO]: [0mThis is a info message from thread 918-09-2026 00:29:34 [38;5;015m[INFO]: [0mThis is a info message from thread 2718-09-2026 00:29:34 [38;5;117m[DEBUG]: [0mThis is a debug message from thread 2818-09-2026 00:29:34 [38;5;015m[INFO]: [0mThis is a info message from thread 818-09-2026 00:29:34 [38;5;009m[ERROR]: [0mThis is a error message from thread 2718-09-2026 00:29:34 [38;5;015m[INFO]: [0mThis is a info message from thread 2618-09-2026 00:29:34 [38;5;015m[INFO]: [0mThis is a info message from thread 318-09-2026 00:29:34 [38;5;117m[DEBUG]: [0mThis is a debug message from thread 1918-09-2026 00:29:34 [38;5;009m[ERROR]: [0mThis is a error message from thread 2618-09-2026 00:29:34 [38;5;009m[ERROR]: [0mThis is a error message from thread 2118-09-2026 00:29:34 [38;5;009m[ERROR]: [0mThis is a error message from thread 918-09-2026 00:29:34 [38;5;117m[DEBUG]: [0mThis is a debug message from thread 2918-09-2026 00:29:34 [38;5;009m[ERROR]: [0mThis is a error message from thread 2418-09-2026 00:29:34 [38;5;009m[ERROR]: [0mThis is a error message from thread 2318-09-2026 00:29:34 [38;5;117m[DEBUG]: [0mThis is a debug message from thread 2618-09-2026 00:29:34 [38;5;117m[DEBUG]: [0mThis is a debug message from thread 1518-09-2026 00:29:34 [38;5;009m[ERROR]: [0mThis is a error message from thread 1618-09-2026 00:29:34 [38;5;117m[DEBUG]: [0mThis is a debug message from thread 2118-09-2026 00:29:34 [38;5;009m[ERROR]: [0mThis is a error message from thread 1718-09-2026 00:29:34 [38;5;015m[INFO]: [0mThis is a info message from thread 1918-09-2026 00:29:34 [38;5;117m[DEBUG]: [0mThis is a debug message from thread 1318-09-2026 00:29:34 [38;5;015m[INFO]: [0mThis is a info message from thread 418-09-2026 00:29:34 [38;5;117m[DEBUG]: [0mThis is a debug message from thread 2718-09-2026 00:29:34 [38;5;015m[INFO]: [0mThis is a info message from thread 2618-09-2026 00:29:34 [38;5;015m[INFO]: [0mThis is a info message from thread 1118-09-2026 00:29:34 [38;5;117m[DEBUG]: [0mThis is a debug message from thread 2318-09-2026 00:29:34 [38;5;117m[DEBUG]: [0mThis is a debug message from thread 018-09-2026 00:29:34 [38;5;015m[INFO]: [0mThis is a info message from thread 2918-09-2026 00:29:34 [38;5;015m[INFO]: [0mThis is a info message from thread 2218-09-2026 00:29:34 [38;5;015m[INFO]: [0mThis is a info message from thread 2718-09-2026 00:29:34 [38;5;015m[INFO]: [0mThis is a info message from thread 718-09-2026 00:29:34 [38;5;117m[DEBUG]: [0mThis is a debug message from thread 1718-09-2026 00:29:34 [38;5;015m[INFO]: [0mThis is a info message from thread 018-09-2026 00:29:34 [38;5;009m[ERROR]: [0mThis is a error message from thread 1918-09-2026 00:29:34 [38;5;015m[INFO]: [0mThis is a info message from thread 1318-09-2026 00:29:34 [38;5;009m[ERROR]: [0mThis is a error message from thread 1318-09-2026 00:29:34 [38;5;009m[ERROR]: [0mThis is a error message from thread 1018-09-2026 00:29:34 [38;5;009m[ERROR]: [0mThis is a error message from thread 2218-09-2026 00:29:34 [38;5;117m[DEBUG]: [0mThis is a debug message from thread 1918-09-2026 00:29:34 [38;5;009m[ERROR]: [0mThis is a error message from thread 418-09-2026 00:29:34 [38;5;009m[ERROR]: [0mThis is a error message from thread 2718-09-2026 00:29:34 [38;5;009m[ERROR]: [0mThis is a error message from thread 718-09-2026 00:29:34 [38;5;015m[INFO]: [0mThis is a info message from thread 1718-09-2026 00:29:34 [38;5;015m[INFO]: [0mThis is a info message from thread 1218-09-2026 00:29:34 [38;5;009m[ERROR]: [0mThis is a error message from thread 018-09-2026 00:29:34 [38;5;117m[DEBUG]: [0mThis is a debug message from thread 1018-09-2026 00:29:34 [38;5;117m[DEBUG]: [0mThis is a debug message from thread 1318-09-2026 00:29:34 [38;5;117m[DEBUG]: [0mThis is a debug message from thread 2218-09-2026 00:29:34 [38;5;117m[DEBUG]: [0mThis is a debug message from thread 418-09-2026 00:29:34 [38;5;009m[ERROR]: [0mThis is a error message from thread 618-09-2026 00:29:34 [38;5;015m[INFO]: [0mThis is a info message from thread 2518-09-2026 00:29:34 [38;5;009m[ERROR]: [0mThis is a error message from thread 1718-09-2026 00:29:34 [38;5;117m[DEBUG]: [0mThis is a debug message from thread 718-09-2026 00:29:34 [38;5;015m[INFO]: [0mThis is a info message from thread 1318-09-2026 00:29:34 [38;5;015m[INFO]: [0mThis is a info message from thread 1918-09-2026 00:29:34 [38;5;009m[ERROR]: [0mThis is a error message from thread 1318-09-2026 00:29:34 [38;5;117m[DEBUG]: [0mThis is a debug message from thread 2718-09-2026 00:29:34 [38;5;009m[ERROR]: [0mThis is a error message from thread 1118-09-2026 00:29:34 [38;5;009m[ERROR]: [0mThis is a error message from thread 1918-09-2026 00:29:34 [38;5;117m[DEBUG]: [0mThis is a debug message from thread 1918-09-2026 00:29:34 [38;5;015m[INFO]: [0mThis is a info message from thread 718-09-2026 00:29:34 [38;5;117m[DEBUG]: [0mThis is a debug message from thread 1318-09-2026 00:29:34 [38;5;015m[INFO]: [0mThis is a info message from thread 418-09-2026 00:29:34 [38;5;009m[ERROR]: [0mThis is a error message from thread 218-09-2026 00:29:34 [38;5;117m[DEBUG]: [0mThis is a debug message from thread 918-09-2026 00:29:34 [38;5;015m[INFO]: [0mThis is a info message from thread 2318-09-2026 00:29:34 [38;5;009m[ERROR]: [0mThis is a error message from thread 418-09-2026 00:29:34 [38;5;117m[DEBUG]: [0mThis is a debug message from thread 418-09-2026 00:29:34 [38;5;015m[INFO]: [0mThis is a info message from thread 918-09-2026 00:29:34 [38;5;117m[DEBUG]: [0mThis is a debug message from thread 618-09-2026 00:29:34 [38;5;015m[INFO]: [0mThis is a info message from thread 1318-09-2026 00:29:34 [38;5;009m[ERROR]: [0mThis is a error message from thread 918-09-2026 00:29:34 [38;5;117m[DEBUG]: [0mThis is a debug message from thread 918-09-2026 00:29:34 [38;5;015m[INFO]: [0mThis is a info message from thread 2118-09-2026 00:29:34 [38;5;015m[INFO]: [0mThis is a info message from thread 1918-09-2026 00:29:34 [38;5;117m[DEBUG]: [0mThis is a debug message from thread 218-09-2026 00:29:34 [38;5;009m[ERROR]: [0mThis is a error message from thread 818-09-2026 00:29:34 [38;5;009m[ERROR]: [0mThis is a error message from thread 318-09-2026 00:29:34 [38;5;009m[ERROR]: [0mThis is a error message from thread 2518-09-2026 00:29:34 [38;5;117m[DEBUG]: [0mThis is a debug message from thread 118-09-2026 00:29:34 [38;5;009m[ERROR]: [0mThis is a error message from thread 1418-09-2026 00:29:34 [38;5;117m[DEBUG]: [0mThis is a debug message from thread 018-09-2026 00:29:34 [38;5;015m[INFO]: [0mThis is a info message from thread 2818-09-2026 00:29:34 [38;5;015m[INFO]: [0mThis is a info message from thread 618-09-2026 00:29:34 [38;5;015m[INFO]: [0mThis is a info message from thread 918-09-2026 00:29:34 [38;5;015m[INFO]: [0mThis is a info message from thread 518-09-2026 00:29:34 [38;5;009m[ERROR]: [0mThis is a error message from thread 2118-09-2026 00:29:34 [38;5;015m[INFO]: [0mThis is a info message from thread 118-09-2026 00:29:34 [38;5;015m[INFO]: [0mThis is a info message from thread 218-09-2026 00:29:34 [38;5;009m[ERROR]: [0mThis is a error message from thread 1918-09-2026 00:29:34 [38;5;015m[INFO]: [0mThis is a info message from thread 418-09-2026 00:29:34 [38;5;117m[DEBUG]: [0mThis is a debug message from thread 1918-09-2026 00:29:34 [38;5;009m[ERROR]: [0mThis is a error message from thread 618-09-2026 00:29:34 [38;5;117m[DEBUG]: [0mThis is a debug message from thread 618-09-2026 00:29:34 [38;5;009m[ERROR]: [0mThis is a error message from thread 418-09-2026 00:29:34 [38;5;015m[INFO]: [0mThis is a info message from thread 1518-09-2026 00:29:34 [38;5;009m[ERROR]: [0mThis is a error message from thread 518-09-2026 00:29:34 [38;5;009m[ERROR]: [0mThis is a error message from thread 118-09-2026 00:29:34 [38;5;009m[ERROR]: [0mThis is a error message from thread 718-09-2026 00:29:34 [38;5;009m[ERROR]: [0mThis is a error message from thread 918-09-2026 00:29:34 [38;5;117m[DEBUG]: [0mThis is a debug message from thread 518-09-2026 00:29:34 [38;5;015m[INFO]: [0mThis is a info message from thread 018-09-2026 00:29:34 [38;5;009m[ERROR]: [0mThis is a error message from thread 2318-09-2026 00:29:34 [38;5;009m[ERROR]: [0mThis is a error message from thread 218-09-2026 00:29:34 [38;5;117m[DEBUG]: [0mThis is a debug message from thread 2118-09-2026 00:29:34 [38;5;015m[INFO]: [0mThis is a info message from thread 518-09-2026 00:29:34 [38;5;009m[ERROR]: [0mThis is a error message from thread 518-09-2026 00:29:34 [38;5;117m[DEBUG]: [0mThis is a debug message from thread 118-09-2026 00:29:34 [38;5;009m[ERROR]: [0mThis is a error message from thread 2618-09-2026 00:29:34 [38;5;009m[ERROR]: [0mThis is a error message from thread 1518-09-2026 00:29:34 [38;5;117m[DEBUG]: [0mThis is a debug message from thread 1518-09-2026 00:29:34 [38;5;015m[INFO]: [0mThis is a info message from thread 1918-09-2026 00:29:34 [38;5;015m[INFO]: [0mThis is a info message from thread 1018-09-2026 00:29:34 [38;5;117m[DEBUG]: [0mThis is a debug message from thread 818-09-2026 00:29:34 [38;5;015m[INFO]: [0mThis is a info message from thread 2118-09-2026 00:29:34 [38;5;015m[INFO]: [0mThis is a info message from thread 118-09-2026 00:29:34 [38;5;015m[INFO]: [0mThis is a info message from thread 618-09-2026 00:29:34 [38;5;117m[DEBUG]: [0mThis is a debug message from thread 2418-09-2026 00:29:34 [38;5;015m[INFO]: [0mThis is a info message from thread 2018-09-2026 00:29:34 [38;5;117m[DEBUG]: [0mThis is a debug message from thread 718-09-2026 00:29:34 [38;5;117m[DEBUG]: [0mThis is a debug message from thread 2518-09-2026 00:29:34 [38;5;117m[DEBUG]: [0mThis is a debug message from thread 318-09-2026 00:29:34 [38;5;009m[ERROR]: [0mThis is a error message from thread 2118-09-2026 00:29:34 [38;5;117m[DEBUG]: [0mThis is a debug message from thread 2618-09-2026 00:29:34 [38;5;009m[ERROR]: [0mThis is a error message from thread 1218-09-2026 00:29:34 [38;5;015m[INFO]: [0mThis is a info message from thread 2418-09-2026 00:29:34 [38;5;015m[INFO]: [0mThis is a info message from thread 2718-09-2026 00:29:34 [38;5;009m[ERROR]: [0mThis is a error message from thread 2418-09-2026 00:29:34 [38;5;015m[INFO]: [0mThis is a info message from thread 2218-09-2026 00:29:34 [38;5;117m[DEBUG]: [0mThis is a debug message from thread 1718-09-2026 00:29:34 [38;5;009m[ERROR]: [0mThis is a error message from thread 1318-09-2026 00:29:34 [38;5;009m[ERROR]: [0mThis is a error message from thread 2818-09-2026 00:29:34 [38;5;117m[DEBUG]: [0mThis is a debug message from thread 918-09-2026 00:29:34 [38;5;015m[INFO]: [0mThis is a info message from thread 918-09-2026 00:29:34 [38;5;117m[DEBUG]: [0mThis is a debug message from thread 1318-09-2026 00:29:34 [38;5;009m[ERROR]: [0mThis is a error message from thread 2218-09-2026 00:29:34 [38;5;009m[ERROR]: [0mThis is a error message from thread 2918-09-2026 00:29:34 [38;5;009m[ERROR]: [0mThis is a error message from thread 918-09-2026 00:29:34 [38;5;117m[DEBUG]: [0mThis is a debug message from thread 2918-09-2026 00:29:34 [38;5;015m[INFO]: [0mThis is a info message from thread 2518-09-2026 00:29:34 [38;5;015m[INFO]: [0mThis is a info message from thread 818-09-2026 00:29:34 [38;5;015m[INFO]: [0mThis is a info message from thread 1318-09-2026 00:29:34 [38;5;117m[DEBUG]: [0mThis is a debug message from thread 2418-09-2026 00:29:34 [38;5;117m[DEBUG]: [0mThis is a debug message from thread 218-09-2026 00:29:34 [38;5;009m[ERROR]: [0mThis is a error message from thread 618-09-2026 00:29:34 [38;5;015m[INFO]: [0mThis is a info message from thread 2418-09-2026 00:29:34 [38;5;015m[INFO]: [0mThis is a info message from thread 718-09-2026 00:29:34 [38;5;015m[INFO]: [0mThis is a info message from thread 1518-09-2026 00:29:34 [38;5;009m[ERROR]: [0mThis is a error message from thread 1018-09-2026 00:29:34 [38;5;015m[INFO]: [0mThis is a info message from thread 318-09-2026 00:29:34 [38;5;009m[ERROR]: [0mThis is a error message from thread 1318-09-2026 00:29:34 [38;5;009m[ERROR]: [0mThis is a error message from thread 2418-09-2026 00:29:34 [38;5;009m[ERROR]: [0mThis is a error message from thread 318-09-2026 00:29:34 [38;5;009m[ERROR]: [0mThis is a error message from thread 118-09-2026 00:29:34 [38;5;117m[DEBUG]: [0mThis is a debug message from thread 518-09-2026 00:29:34 [38;5;117m[DEBUG]: [0mThis is a debug message from thread 2318-09-2026 00:29:34 [38;5;009m[ERROR]: [0mThis is a error message from thread 818-09-2026 00:29:34 [38;5;009m[ERROR]: [0mThis is a error message from thread 1518-09-2026 00:29:34 [38;5;117m[DEBUG]: [0mThis is a debug message from thread 1318-09-2026 00:29:34 [38;5;117m[DEBUG]: [0mThis is a debug message from thread 1218-09-2026 00:29:34 [38;5;117m[DEBUG]: [0mThis is a debug message from thread 2218-09-2026 00:29:34 [38;5;117m[DEBUG]: [0mThis is a debug message from thread 118-09-2026 00:29:34 [38;5;009m[ERROR]: [0mThis is a error message from thread 718-09-2026 00:29:34 [38;5;117m[DEBUG]: [0mThis is a debug message from thread 718-09-2026 00:29:34 [38;5;117m[DEBUG]: [0mThis is a debug message from thread 818-09-2026 00:29:34 [38;5;015m[INFO]: [0mThis is a info message from thread 718-09-2026 00:29:34 [38;5;117m[DEBUG]: [0mThis is a debug message from thread 1818-09-2026 00:29:34 [38;5;015m[INFO]: [0mThis is a info message from thread 818-09-2026 00:29:34 [38;5;009m[ERROR]: [0mThis is a error message from thread 718-09-2026 00:29:34 [38;5;015m[INFO]: [0mThis is a info message from thread 1818-09-2026 00:29:34 [38;5;117m[DEBUG]: [0mThis is a debug message from thread 618-09-2026 00:29:34 [38;5;015m[INFO]: [0mThis is a info message from thread 118-09-2026 00:29:34 [38;5;117m[DEBUG]: [0mThis is a debug message from thread 418-09-2026 00:29:34 [38;5;015m[INFO]: [0mThis is a info message from thread 618-09-2026 00:29:34 [38;5;009m[ERROR]: [0mThis is a error message from thread 2018-09-2026 00:29:34 [38;5;015m[INFO]: [0mThis is a info message from thread 1318-09-2026 00:29:34 [38;5;117m[DEBUG]: [0mThis is a debug message from thread 1018-09-2026 00:29:34 [38;5;117m[DEBUG]: [0mThis is a debug message from thread 1618-09-2026 00:29:34 [38;5;117m[DEBUG]: [0mThis is a debug message from thread 918-09-2026 00:29:34 [38;5;117m[DEBUG]: [0mThis is a debug message from thread 318-09-2026 00:29:34 [38;5;117m[DEBUG]: [0mThis is a debug message from thread 2018-09-2026 00:29:34 [38;5;009m[ERROR]: [0mThis is a error message from thread 2718-09-2026 00:29:34 [38;5;015m[INFO]: [0mThis is a info message from thread 418-09-2026 00:29:34 [38;5;117m[DEBUG]: [0mThis is a debug message from thread 2418-09-2026 00:29:34 [38;5;015m[INFO]: [0mThis is a info message from thread 2618-09-2026 00:29:34 [38;5;015m[INFO]: [0mThis is a info message from thread 1618-09-2026 00:29:34 [38;5;009m[ERROR]: [0mThis is a error message from thread 018-09-2026 00:29:34 [38;5;009m[ERROR]: [0mThis is a error message from thread 1318-09-2026 00:29:34 [38;5;009m[ERROR]: [0mThis is a error message from thread 418-09-2026 00:29:34 [38;5;015m[INFO]: [0mThis is a info message from thread 318-09-2026 00:29:34 [38;5;015m[INFO]: [0mThis is a info message from thread 2418-09-2026 00:29:34 [38;5;117m[DEBUG]: [0mThis is a debug message from thread 2118-09-2026 00:29:34 [38;5;117m[DEBUG]: [0mThis is a debug message from thread 1418-09-2026 00:29:34 [38;5;015m[INFO]: [0mThis is a info message from thread 1218-09-2026 00:29:34 [38;5;009m[ERROR]: [0mThis is a error message from thread 1618-09-2026 00:29:34 [38;5;009m[ERROR]: [0mThis is a error message from thread 2618-09-2026 00:29:34 [38;5;015m[INFO]: [0mThis is a info message from thread 1718-09-2026 00:29:34 [38;5;117m[DEBUG]: [0mThis is a debug message from thread 2818-09-2026 00:29:34 [38;5;015m[INFO]: [0mThis is a info message from thread 2118-09-2026 00:29:34 [38;5;015m[INFO]: [0mThis is a info message from thread 2318-09-2026 00:29:34 [38;5;009m[ERROR]: [0mThis is a error message from thread 1218-09-2026 00:29:34 [38;5;009m[ERROR]: [0mThis is a error message from thread 1818-09-2026 00:29:34 [38;5;009m[ERROR]: [0mThis is a error message from thread 118-09-2026 00:29:34 [38;5;009m[ERROR]: [0mThis is a error message from thread 1718-09-2026 00:29:34 [38;5;117m[DEBUG]: [0mThis is a debug message from thread 1218-09-2026 00:29:34 [38;5;015m[INFO]: [0mThis is a info message from thread 218-09-2026 00:29:34 [38;5;009m[ERROR]: [0mThis is a error message from thread 1918-09-2026 00:29:34 [38;5;117m[DEBUG]: [0mThis is a debug message from thread 1618-09-2026 00:29:34 [38;5;009m[ERROR]: [0mThis is a error message from thread 2518-09-2026 00:29:34 [38;5;009m[ERROR]: [0mThis is a error message from thread 2318-09-2026 00:29:34 [38;5;117m[DEBUG]: [0mThis is a debug message from thread 1918-09-2026 00:29:34 [38;5;117m[DEBUG]: [0mThis is a debug message from thread 2518-09-2026 00:29:34 [38;5;015m[INFO]: [0mThis is a info message from thread 2818-09-2026 00:29:34 [38;5;015m[INFO]: [0mThis is a info message from thread 1918-09-2026 00:29:34 [38;5;117m[DEBUG]: [0mThis is a debug message from thread 1318-09-2026 00:29:34 [38;5;009m[ERROR]: [0mThis is a error message from thread 2418-09-2026 00:29:34 [38;5;117m[DEBUG]: [0mThis is a debug message from thread 1818-09-2026 00:29:34 [38;5;009m[ERROR]: [0mThis is a error message from thread 2118-09-2026 00:29:34 [38;5;009m[ERROR]: [0mThis is a error message from thread 2818-09-2026 00:29:34 [38;5;117m[DEBUG]: [0mThis is a debug message from thread 418-09-2026 00:29:34 [38;5;015m[INFO]: [0mThis is a info message from thread 1818-09-2026 00:29:34 [38;5;117m[DEBUG]: [0mThis is a debug message from thread 2418-09-2026 00:29:34 [38;5;117m[DEBUG]: [0mThis is a debug message from thread 2318-09-2026 00:29:34 [38;5;117m[DEBUG]: [0mThis is a debug message from thread 2818-09-2026 00:29:34 [38;5;117m[DEBUG]: [0mThis is a debug message from thread 1118-09-2026 00:29:34 [38;5;009m[ERROR]: [0mThis is a error message from thread 318-09-2026 00:29:34 [38;5;015m[INFO]: [0mThis is a info message from thread 1418-09-2026 00:29:34 [38;5;015m[INFO]: [0mThis is a info message from thread 1118-09-2026 00:29:34 [38;5;117m[DEBUG]: [0mThis is a debug message from thread 2618-09-2026 00:29:34 [38;5;015m[INFO]: [0mThis is a info message from thread 1618-09-2026 00:29:34 [38;5;009m[ERROR]: [0mThis is a error message from thread 818-09-2026 00:29:34 [38;5;015m[INFO]: [0mThis is a info message from thread 1018-09-2026 00:29:34 [38;5;009m[ERROR]: [0mThis is a error message from thread 1418-09-2026 00:29:34 [38;5;117m[DEBUG]: [0mThis is a debug message from thread 1518-09-2026 00:29:34 [38;5;015m[INFO]: [0mThis is a info message from thread 2418-09-2026 00:29:34 [38;5;015m[INFO]: [0mThis is a info message from thread 2618-09-2026 00:29:34 [38;5;117m[DEBUG]: [0mThis is a debug message from thread 818-09-2026 00:29:34 [38;5;015m[INFO]: [0mThis is a info message from thread 1218-09-2026 00:29:34 [38;5;009m[ERROR]: [0mThis is a error message from thread 1618-09-2026 00:29:34 [38;5;009m[ERROR]: [0mThis is a error message from thread 618-09-2026 00:29:34 [38;5;117m[DEBUG]: [0mThis is a debug message from thread 018-09-2026 00:29:34 [38;5;015m[INFO]: [0mThis is a info message from thread 518-09-2026 00:29:34 [38;5;117m[DEBUG]: [0mThis is a debug message from thread 1618-09-2026 00:29:34 [38;5;015m[INFO]: [0mThis is a info message from thread 418-09-2026 00:29:34 [38;5;009m[ERROR]: [0mThis is a error message from thread 2618-09-2026 00:29:34 [38;5;015m[INFO]: [0mThis is a info message from thread 818-09-2026 00:29:34 [38;5;015m[INFO]: [0mThis is a info message from thread 018-09-2026 00:29:34 [38;5;015m[INFO]: [0mThis is a info message from thread 1618-09-2026 00:29:34 [38;5;009m[ERROR]: [0mThis is a error message from thread 1618-09-2026 00:29:34 [38;5;009m[ERROR]: [0mThis is a error message from thread 018-09-2026 00:29:34 [38;5;009m[ERROR]: [0mThis is a error message from thread 818-09-2026 00:29:34 [38;5;009m[ERROR]: [0mThis is a error message from thread 1818-09-2026 00:29:34 [38;5;117m[DEBUG]: [0mThis is a debug message from thread 1618-09-2026 00:29:34 [38;5;117m[DEBUG]: [0mThis is a debug message from thread 2118-09-2026 00:29:34 [38;5;117m[DEBUG]: [0mThis is a debug message from thread 1818-09-2026 00:29:34 [38;5;117m[DEBUG]: [0mThis is a debug message from thread 2618-09-2026 00:29:34 [38;5;015m[INFO]: [0mThis is a info message from thread 2318-09-2026 00:29:34 [38;5;117m[DEBUG]: [0mThis is a debug message from thread 2718-09-2026 00:29:34 [38;5;015m[INFO]: [0mThis is a info message from thread 2618-09-2026 00:29:34 [38;5;117m[DEBUG]: [0mThis is a debug message from thread 818-09-2026 00:29:34 [38;5;009m[ERROR]: [0mThis is a error message from thread 2318-09-2026 00:29:34 [38;5;009m[ERROR]: [0mThis is a error message from thread 2618-09-2026 00:29:34 [38;5;015m[INFO]: [0mThis is a info message from thread 2718-09-2026 00:29:34 [38;5;015m[INFO]: [0mThis is a info message from thread 818-09-2026 00:29:34 [38;5;015m[INFO]: [0mThis is a info message from thread 2118-09-2026 00:29:34 [38;5;117m[DEBUG]: [0mThis is a debug message from thread 2318-09-2026 00:29:34 [38;5;015m[INFO]: [0mThis is a info message from thread 2818-09-2026 00:29:34 [38;5;015m[INFO]: [0mThis is a info message from thread 1618-09-2026 00:29:34 [38;5;009m[ERROR]: [0mThis is a error message from thread 2818-09-2026 00:29:34 [38;5;009m[ERROR]: [0mThis is a error message from thread 218-09-2026 00:29:34 [38;5;015m[INFO]: [0mThis is a info message from thread 2318-09-2026 00:29:34 [38;5;009m[ERROR]: [0mThis is a error message from thread 1618-09-2026 00:29:34 [38;5;009m[ERROR]: [0mThis is a error message from thread 2718-09-2026 00:29:34 [38;5;009m[ERROR]: [0mThis is a error message from thread 818-09-2026 00:29:34 [38;5;117m[DEBUG]: [0mThis is a debug message from thread 2618-09-2026 00:29:34 [38;5;117m[DEBUG]: [0mThis is a debug message from thread 2718-09-2026 00:29:34 [38;5;015m[INFO]: [0mThis is a info message from thread 2918-09-2026 00:29:34 [38;5;009m[ERROR]: [0mThis is a error message from thread 2118-09-2026 00:29:34 [38;5;009m[ERROR]: [0mThis is a error message from thread 2418-09-2026 00:29:34 [38;5;009m[ERROR]: [0mThis is a error message from thread 1218-09-2026 00:29:34 [38;5;117m[DEBUG]: [0mThis is a debug message from thread 2818-09-2026 00:29:34 [38;5;009m[ERROR]: [0mThis is a error message from thread 518-09-2026 00:29:34 [38;5;015m[INFO]: [0mThis is a info message from thread 2718-09-2026 00:29:34 [38;5;015m[INFO]: [0mThis is a info message from thread 2518-09-2026 00:29:34 [38;5;015m[INFO]: [0mThis is a info message from thread 1318-09-2026 00:29:34 [38;5;117m[DEBUG]: [0mThis is a debug message from thread 618-09-2026 00:29:34 [38;5;117m[DEBUG]: [0mThis is a debug message from thread 1618-09-2026 00:29:34 [38;5;117m[DEBUG]: [0mThis is a debug message from thread 1218-09-2026 00:29:34 [38;5;009m[ERROR]: [0mThis is a error message from thread 2918-09-2026 00:29:34 [38;5;015m[INFO]: [0mThis is a info message from thread 2018-09-2026 00:29:34 [38;5;117m[DEBUG]: [0mThis is a debug message from thread 518-09-2026 00:29:34 [38;5;009m[ERROR]: [0mThis is a error message from thread 418-09-2026 00:29:34 [38;5;009m[ERROR]: [0mThis is a error message from thread 2518-09-2026 00:29:34 [38;5;009m[ERROR]: [0mThis is a error message from thread 1918-09-2026 00:29:34 [38;5;009m[ERROR]: [0mThis is a error message from thread 2718-09-2026 00:29:34 [38;5;117m[DEBUG]: [0mThis is a debug message from thread 1418-09-2026 00:29:34 [38;5;009m[ERROR]: [0mThis is a error message from thread 1318-09-2026 00:29:34 [38;5;117m[DEBUG]: [0mThis is a debug message from thread 418-09-2026 00:29:34 [38;5;015m[INFO]: [0mThis is a info message from thread 2218-09-2026 00:29:34 [38;5;117m[DEBUG]: [0mThis is a debug message from thread 2718-09-2026 00:29:34 [38;5;015m[INFO]: [0mThis is a info message from thread 2718-09-2026 00:29:34 [38;5;015m[INFO]: [0mThis is a info message from thread 618-09-2026 00:29:34 [38;5;117m[DEBUG]: [0mThis is a debug message from thread 1318-09-2026 00:29:34 [38;5;009m[ERROR]: [0mThis is a error message from thread 2318-09-2026 00:29:34 [38;5;015m[INFO]: [0mThis is a info message from thread 1818-09-2026 00:29:34 [38;5;015m[INFO]: [0mThis is a info message from thread 2818-09-2026 00:29:34 [38;5;015m[INFO]: [0mThis is a info message from thread 518-09-2026 00:29:34 [38;5;117m[DEBUG]: [0mThis is a debug message from thread 118-09-2026 00:29:34 [38;5;009m[ERROR]: [0mThis is a error message from thread 1018-09-2026 00:29:34 [38;5;015m[INFO]: [0mThis is a info message from thread 1218-09-2026 00:29:34 [38;5;015m[INFO]: [0mThis is a info message from thread 1318-09-2026 00:29:34 [38;5;009m[ERROR]: [0mThis is a error message from thread 1218-09-2026 00:29:34 [38;5;009m[ERROR]: [0mThis is a error message from thread 1118-09-2026 00:29:34 [38;5;117m[DEBUG]: [0mThis is a debug message from thread 1218-09-2026 00:29:34 [38;5;009m[ERROR]: [0mThis is a error message from thread 618-09-2026 00:29:34 [38;5;009m[ERROR]: [0mThis is a error message from thread 1818-09-2026 00:29:34 [38;5;117m[DEBUG]: [0mThis is a debug message from thread 1018-09-2026 00:29:34 [38;5;009m[ERROR]: [0mThis is a error message from thread 518-09-2026 00:29:34 [38;5;009m[ERROR]: [0mThis is a error message from thread 1318-09-2026 00:29:34 [38;5;015m[INFO]: [0mThis is a info message from thread 1618-09-2026 00:29:34 [38;5;117m[DEBUG]: [0mThis is a debug message from thread 518-09-2026 00:29:34 [38;5;117m[DEBUG]: [0mThis is a debug message from thread 1318-09-2026 00:29:34 [38;5;015m[INFO]: [0mThis is a info message from thread 1018-09-2026 00:29:34 [38;5;015m[INFO]: [0mThis is a info message from thread 518-09-2026 00:29:34 [38;5;009m[ERROR]: [0mThis is a error message from thread 2218-09-2026 00:29:34 [38;5;015m[INFO]: [0mThis is a info message from thread 118-09-2026 00:29:34 [38;5;015m[INFO]: [0mThis is a info message from thread 418-09-2026 00:29:34 [38;5;009m[ERROR]: [0mThis is a error message from thread 2718-09-2026 00:29:34 [38;5;015m[INFO]: [0mThis is a info message from thread 1318-09-2026 00:29:34 [38;5;117m[DEBUG]: [0mThis is a debug message from thread 2118-09-2026 00:29:34 [38;5;009m[ERROR]: [0mThis is a error message from thread 1318-09-2026 00:29:34 [38;5;117m[DEBUG]: [0mThis is a debug message from thread 218-09-2026 00:29:34 [38;5;117m[DEBUG]: [0mThis is a debug message from thread 718-09-2026 00:29:34 [38;5;009m[ERROR]: [0mThis is a error message from thread 518-09-2026 00:29:34 [38;5;117m[DEBUG]: [0mThis is a debug message from thread 1918-09-2026 00:29:34 [38;5;009m[ERROR]: [0mThis is a error message from thread 2818-09-2026 00:29:34 [38;5;009m[ERROR]: [0mThis is a error message from thread 118-09-2026 00:29:34 [38;5;117m[DEBUG]: [0mThis is a debug message from thread 618-09-2026 00:29:34 [38;5;117m[DEBUG]: [0mThis is a debug message from thread 1818-09-2026 00:29:34 [38;5;015m[INFO]: [0mThis is a info message from thread 2118-09-2026 00:29:34 [38;5;117m[DEBUG]: [0mThis is a debug message from thread 2918-09-2026 00:29:34 [38;5;015m[INFO]: [0mThis is a info message from thread 2618-09-2026 00:29:34 [38;5;015m[INFO]: [0mThis is a info message from thread 918-09-2026 00:29:34 [38;5;117m[DEBUG]: [0mThis is a debug message from thread 318-09-2026 00:29:34 [38;5;117m[DEBUG]: [0mThis is a debug message from thread 2318-09-2026 00:29:34 [38;5;117m[DEBUG]: [0mThis is a debug message from thread 1318-09-2026 00:29:34 [38;5;117m[DEBUG]: [0mThis is a debug message from thread 2418-09-2026 00:29:34 [38;5;015m[INFO]: [0mThis is a info message from thread 1818-09-2026 00:29:34 [38;5;015m[INFO]: [0mThis is a info message from thread 1318-09-2026 00:29:34 [38;5;117m[DEBUG]: [0mThis is a debug message from thread 118-09-2026 00:29:34 [38;5;117m[DEBUG]: [0mThis is a debug message from thread 2818-09-2026 00:29:34 [38;5;117m[DEBUG]: [0mThis is a debug message from thread 518-09-2026 00:29:34 [38;5;015m[INFO]: [0mThis is a info message from thread 1418-09-2026 00:29:34 [38;5;009m[ERROR]: [0mThis is a error message from thread 1818-09-2026 00:29:34 [38;5;015m[INFO]: [0mThis is a info message from thread 218-09-2026 00:29:34 [38;5;015m[INFO]: [0mThis is a info message from thread 1218-09-2026 00:29:34 [38;5;117m[DEBUG]: [0mThis is a debug message from thread 2518-09-2026 00:29:34 [38;5;015m[INFO]: [0mThis is a info message from thread 2918-09-2026 00:29:34 [38;5;015m[INFO]: [0mThis is a info message from thread 2518-09-2026 00:29:34 [38;5;015m[INFO]: [0mThis is a info message from thread 1518-09-2026 00:29:34 [38;5;117m[DEBUG]: [0mThis is a debug message from thread 1118-09-2026 00:29:34 [38;5;009m[ERROR]: [0mThis is a error message from thread 2118-09-2026 00:29:34 [38;5;015m[INFO]: [0mThis is a info message from thread 118-09-2026 00:29:34 [38;5;009m[ERROR]: [0mThis is a error message from thread 218-09-2026 00:29:34 [38;5;015m[INFO]: [0mThis is a info message from thread 718-09-2026 00:29:34 [38;5;015m[INFO]: [0mThis is a info message from thread 2818-09-2026 00:29:34 [38;5;117m[DEBUG]: [0mThis is a debug message from thread 1718-09-2026 00:29:34 [38;5;015m[INFO]: [0mThis is a info message from thread 1718-09-2026 00:29:34 [38;5;009m[ERROR]: [0mThis is a error message from thread 1518-09-2026 00:29:34 [38;5;009m[ERROR]: [0mThis is a error message from thread 2018-09-2026 00:29:34 [38;5;009m[ERROR]: [0mThis is a error message from thread 2518-09-2026 00:29:34 [38;5;015m[INFO]: [0mThis is a info message from thread 1118-09-2026 00:29:34 [38;5;117m[DEBUG]: [0mThis is a debug message from thread 1518-09-2026 00:29:34 [38;5;117m[DEBUG]: [0mThis is a debug message from thread 818-09-2026 00:29:34 [38;5;009m[ERROR]: [0mThis is a error message from thread 1718-09-2026 00:29:34 [38;5;117m[DEBUG]: [0mThis is a debug message from thread 018-09-2026 00:29:34 [38;5;009m[ERROR]: [0mThis is a error message from thread 1218-09-2026 00:29:34 [38;5;009m[ERROR]: [0mThis is a error message from thread 418-09-2026 00:29:34 [38;5;015m[INFO]: [0mThis is a info message from thread 018-09-2026 00:29:34 [38;5;117m[DEBUG]: [0mThis is a debug message from thread 2518-09-2026 00:29:34 [38;5;015m[INFO]: [0mThis is a info message from thread 618-09-2026 00:29:34 [38;5;009m[ERROR]: [0mThis is a error message from thread 918-09-2026 00:29:34 [38;5;015m[INFO]: [0mThis is a info message from thread 1518-09-2026 00:29:34 [38;5;009m[ERROR]: [0mThis is a error message from thread 718-09-2026 00:29:34 [38;5;117m[DEBUG]: [0mThis is a debug message from thread 418-09-2026 00:29:34 [38;5;009m[ERROR]: [0mThis is a error message from thread 1018-09-2026 00:29:34 [38;5;009m[ERROR]: [0mThis is a error message from thread 2618-09-2026 00:29:34 [38;5;009m[ERROR]: [0mThis is a error message from thread 2918-09-2026 00:29:34 [38;5;015m[INFO]: [0mThis is a info message from thread 2518-09-2026 00:29:34 [38;5;009m[ERROR]: [0mThis is a error message from thread 018-09-2026 00:29:34 [38;5;117m[DEBUG]: [0mThis is a debug message from thread 1718-09-2026 00:29:34 [38;5;117m[DEBUG]: [0mThis is a debug message from thread 2618-09-2026 00:29:34 [38;5;117m[DEBUG]: [0mThis is a debug message from thread 1818-09-2026 00:29:34 [38;5;015m[INFO]: [0mThis is a info message from thread 2618-09-2026 00:29:34 [38;5;009m[ERROR]: [0mThis is a error message from thread 2518-09-2026 00:29:34 [38;5;009m[ERROR]: [0mThis is a error message from thread 2618-09-2026 00:29:34 [38;5;009m[ERROR]: [0mThis is a error message from thread 1318-09-2026 00:29:34 [38;5;117m[DEBUG]: [0mThis is a debug message from thread 2618-09-2026 00:29:34 [38;5;015m[INFO]: [0mThis is a info message from thread 1818-09-2026 00:29:34 [38;5;009m[ERROR]: [0mThis is a error message from thread 1818-09-2026 00:29:34 [38;5;015m[INFO]: [0mThis is a info message from thread 418-09-2026 00:29:34 [38;5;009m[ERROR]: [0mThis is a error message from thread 618-09-2026 00:29:34 [38;5;015m[INFO]: [0mThis is a info message from thread 2618-09-2026 00:29:34 [38;5;117m[DEBUG]: [0mThis is a debug message from thread 2518-09-2026 00:29:34 [38;5;117m[DEBUG]: [0mThis is a debug message from thread 018-09-2026 00:29:34 [38;5;015m[INFO]: [0mThis is a info message from thread 2518-09-2026 00:29:34 [38;5;009m[ERROR]: [0mThis is a error message from thread 2618-09-2026 00:29:34 [38;5;015m[INFO]: [0mThis is a info message from thread 2418-09-2026 00:29:34 [38;5;117m[DEBUG]: [0mThis is a debug message from thread 1218-09-2026 00:29:34 [38;5;117m[DEBUG]: [0mThis is a debug message from thread 2618-09-2026 00:29:34 [38;5;117m[DEBUG]: [0mThis is a debug message from thread 2918-09-2026 00:29:34 [38;5;009m[ERROR]: [0mThis is a error message from thread 2518-09-2026 00:29:34 [38;5;117m[DEBUG]: [0mThis is a debug message from thread 2118-09-2026 00:29:34 [38;5;009m[ERROR]: [0mThis is a error message from thread 418-09-2026 00:29:34 [38;5;015m[INFO]: [0mThis is a info message from thread 318-09-2026 00:29:34 [38;5;009m[ERROR]: [0mThis is a error message from thread 1618-09-2026 00:29:34 [38;5;009m[ERROR]: [0mThis is a error message from thread 2818-09-2026 00:29:34 [38;5;009m[ERROR]: [0mThis is a error message from thread 2418-09-2026 00:29:34 [38;5;117m[DEBUG]: [0mThis is a debug message from thread 918-09-2026 00:29:34 [38;5;009m[ERROR]: [0mThis is a error message from thread 1118-09-2026 00:29:34 [38;5;117m[DEBUG]: [0mThis is a debug message from thread 618-09-2026 00:29:34 [38;5;009m[ERROR]: [0mThis is a error message from thread 1418-09-2026 00:29:34 [38;5;117m[DEBUG]: [0mThis is a debug message from thread 2218-09-2026 00:29:34 [38;5;015m[INFO]: [0mThis is a info message from thread 2918-09-2026 00:29:34 [38;5;015m[INFO]: [0mThis is a info message from thread 818-09-2026 00:29:34 [38;5;009m[ERROR]: [0mThis is a error message from thread 318-09-2026 00:29:34 [38;5;117m[DEBUG]: [0mThis is a debug message from thread 1418-09-2026 00:29:34 [38;5;117m[DEBUG]: [0mThis is a debug message from thread 418-09-2026 00:29:34 [38;5;117m[DEBUG]: [0mThis is a debug message from thread 1618-09-2026 00:29:34 [38;5;015m[INFO]: [0mThis is a info message from thread 018-09-2026 00:29:34 [38;5;015m[INFO]: [0mThis is a info message from thread 1418-09-2026 00:29:34 [38;5;015m[INFO]: [0mThis is a info message from thread 1918-09-2026 00:29:34 [38;5;015m[INFO]: [0mThis is a info message from thread 2318-09-2026 00:29:34 [38;5;009m[ERROR]: [0mThis is a error message from thread 1918-09-2026 00:29:34 [38;5;009m[ERROR]: [0mThis is a error message from thread 818-09-2026 00:29:34 [38;5;009m[ERROR]: [0mThis is a error message from thread 2918-09-2026 00:29:34 [38;5;009m[ERROR]: [0mThis is a error message from thread 018-09-2026 00:29:34 [38;5;015m[INFO]: [0mThis is a info message from thread 418-09-2026 00:29:34 [38;5;117m[DEBUG]: [0mThis is a debug message from thread 818-09-2026 00:29:34 [38;5;015m[INFO]: [0mThis is a info message from thread 918-09-2026 00:29:34 [38;5;117m[DEBUG]: [0mThis is a debug message from thread 1918-09-2026 00:29:34 [38;5;009m[ERROR]: [0mThis is a error message from thread 418-09-2026 00:29:34 [38;5;015m[INFO]: [0mThis is a info message from thread 818-09-2026 00:29:34 [38;5;117m[DEBUG]: [0mThis is a debug message from thread 1818-09-2026 00:29:34 [38;5;117m[DEBUG]: [0mThis is a debug message from thread 018-09-2026 00:29:34 [38;5;015m[INFO]: [0mThis is a info message from thread 1918-09-2026 00:29:34 [38;5;015m[INFO]: [0mThis is a info message from thread 618-09-2026 00:29:34 [38;5;009m[ERROR]: [0mThis is a error message from thread 1418-09-2026 00:29:34 [38;5;015m[INFO]: [0mThis is a info message from thread 1218-09-2026 00:29:34 [38;5;015m[INFO]: [0mThis is a info message from thread 018-09-2026 00:29:34 [38;5;117m[DEBUG]: [0mThis is a debug message from thread 2918-09-2026 00:29:34 [38;5;117m[DEBUG]: [0mThis is a debug message from thread 418-09-2026 00:29:34 [38;5;009m[ERROR]: [0mThis is a error message from thread 818-09-2026 00:29:34 [38;5;015m[INFO]: [0mThis is a info message from thread 1818-09-2026 00:29:34 [38;5;009m[ERROR]: [0mThis is a error message from thread 918-09-2026 00:29:34 [38;5;015m[INFO]: [0mThis is a info message from thread 418-09-2026 00:29:34 [38;5;009m[ERROR]: [0mThis is a error message from thread 1918-09-2026 00:29:34 [38;5;009m[ERROR]: [0mThis is a error message from thread 018-09-2026 00:29:34 [38;5;015m[INFO]: [0mThis is a info message from thread 1718-09-2026 00:29:34 [38;5;117m[DEBUG]: [0mThis is a debug message from thread 718-09-2026 00:29:34 [38;5;117m[DEBUG]: [0mThis is a debug message from thread 1918-09-2026 00:29:34 [38;5;009m[ERROR]: [0mThis is a error message from thread 618-09-2026 00:29:34 [38;5;117m[DEBUG]: [0mThis is a debug message from thread 018-09-2026 00:29:34 [38;5;117m[DEBUG]: [0mThis is a debug message from thread 618-09-2026 00:29:34 [38;5;009m[ERROR]: [0mThis is a error message from thread 1218-09-2026 00:29:34 [38;5;117m[DEBUG]: [0mThis is a debug message from thread 818-09-2026 00:29:34 [38;5;117m[DEBUG]: [0mThis is a debug message from thread 918-09-2026 00:29:34 [38;5;015m[INFO]: [0mThis is a info message from thread 2918-09-2026 00:29:34 [38;5;015m[INFO]: [0mThis is a info message from thread 018-09-2026 00:29:34 [38;5;015m[INFO]: [0mThis is a info message from thread 818-09-2026 00:29:34 [38;5;015m[INFO]: [0mThis is a info message from thread 618-09-2026 00:29:34 [38;5;015m[INFO]: [0mThis is a info message from thread 1918-09-2026 00:29:34 [38;5;009m[ERROR]: [0mThis is a error message from thread 418-09-2026 00:29:34 [38;5;117m[DEBUG]: [0mThis is a debug message from thread 1318-09-2026 00:29:34 [38;5;015m[INFO]: [0mThis is a info message from thread 2118-09-2026 00:29:34 [38;5;009m[ERROR]: [0mThis is a error message from thread 1918-09-2026 00:29:34 [38;5;009m[ERROR]: [0mThis is a error message from thread 1818-09-2026 00:29:34 [38;5;117m[DEBUG]: [0mThis is a debug message from thread 2818-09-2026 00:29:34 [38;5;009m[ERROR]: [0mThis is a error message from thread 018-09-2026 00:29:34 [38;5;009m[ERROR]: [0mThis is a error message from thread 1718-09-2026 00:29:34 [38;5;015m[INFO]: [0mThis is a info message from thread 918-09-2026 00:29:34 [38;5;117m[DEBUG]: [0mThis is a debug message from thread 018-09-2026 00:29:34 [38;5;015m[INFO]: [0mThis is a info message from thread 1618-09-2026 00:29:34 [38;5;015m[INFO]: [0mThis is a info message from thread 518-09-2026 00:29:34 [38;5;117m[DEBUG]: [0mThis is a debug message from thread 318-09-2026 00:29:34 [38;5;117m[DEBUG]: [0mThis is a debug message from thread 1418-09-2026 00:29:34 [38;5;009m[ERROR]: [0mThis is a error message from thread 118-09-2026 00:29:34 [38;5;117m[DEBUG]: [0mThis is a debug message from thread 1718-09-2026 00:29:34 [38;5;009m[ERROR]: [0mThis is a error message from thread 1618-09-2026 00:29:34 [38;5;117m[DEBUG]: [0mThis is a debug message from thread 2018-09-2026 00:29:34 [38;5;117m[DEBUG]: [0mThis is a debug message from thread 418-09-2026 00:29:34 [38;5;015m[INFO]: [0mThis is a info message from thread 018-09-2026 00:29:34 [38;5;015m[INFO]: [0mThis is a info message from thread 2618-09-2026 00:29:34 [38;5;015m[INFO]: [0mThis is a info message from thread 318-09-2026 00:29:34 [38;5;015m[INFO]: [0mThis is a info message from thread 1318-09-2026 00:29:34 [38;5;117m[DEBUG]: [0mThis is a debug message from thread 1218-09-2026 00:29:34 [38;5;117m[DEBUG]: [0mThis is a debug message from thread 1618-09-2026 00:29:34 [38;5;117m[DEBUG]: [0mThis is a debug message from thread 2418-09-2026 00:29:34 [38;5;117m[DEBUG]: [0mThis is a debug message from thread 1118-09-2026 00:29:34 [38;5;117m[DEBUG]: [0mThis is a debug message from thread 118-09-2026 00:29:34 [38;5;015m[INFO]: [0mThis is a info message from thread 2018-09-2026 00:29:34 [38;5;009m[ERROR]: [0mThis is a error message from thread 518-09-2026 00:29:34 [38;5;009m[ERROR]: [0mThis is a error message from thread 018-09-2026 00:29:34 [38;5;009m[ERROR]: [0mThis is a error message from thread 918-09-2026 00:29:34 [38;5;009m[ERROR]: [0mThis is a error message from thread 318-09-2026 00:29:34 [38;5;009m[ERROR]: [0mThis is a error message from thread 1518-09-2026 00:29:34 [38;5;015m[INFO]: [0mThis is a info message from thread 118-09-2026 00:29:34 [38;5;009m[ERROR]: [0mThis is a error message from thread 2918-09-2026 00:29:34 [38;5;009m[ERROR]: [0mThis is a error message from thread 2018-09-2026 00:29:34 [38;5;117m[DEBUG]: [0mThis is a debug message from thread 018-09-2026 00:29:34 [38;5;117m[DEBUG]: [0mThis is a debug message from thread 318-09-2026 00:29:34 [38;5;117m[DEBUG]: [0mThis is a debug message from thread 1518-09-2026 00:29:34 [38;5;015m[INFO]: [0mThis is a info message from thread 018-09-2026 00:29:34 [38;5;009m[ERROR]: [0mThis is a error message from thread 2618-09-2026 00:29:34 [38;5;015m[INFO]: [0mThis is a info message from thread 2418-09-2026 00:29:34 [38;5;015m[INFO]: [0mThis is a info message from thread 318-09-2026 00:29:34 [38;5;009m[ERROR]: [0mThis is a error message from thread 018-09-2026 00:29:34 [38;5;009m[ERROR]: [0mThis is a error message from thread 2418-09-2026 00:29:34 [38;5;117m[DEBUG]: [0mThis is a debug message from thread 2518-09-2026 00:29:34 [38;5;015m[INFO]: [0mThis is a info message from thread 718-09-2026 00:29:34 [38;5;009m[ERROR]: [0mThis is a error message from thread 118-09-2026 00:29:34 [38;5;009m[ERROR]: [0mThis is a error message from thread 2118-09-2026 00:29:34 [38;5;117m[DEBUG]: [0mThis is a debug message from thread 2918-09-2026 00:29:34 [38;5;117m[DEBUG]: [0mThis is a debug message from thread 118-09-2026 00:29:34 [38;5;015m[INFO]: [0mThis is a info message from thread 1618-09-2026 00:29:34 [38;5;015m[INFO]: [0mThis is a info message from thread 1118-09-2026 00:29:34 [38;5;015m[INFO]: [0mThis is a info message from thread 2518-09-2026 00:29:34 [38;5;015m[INFO]: [0mThis is a info message from thread 2918-09-2026 00:29:34 [38;5;117m[DEBUG]: [0mThis is a debug message from thread 2118-09-2026 00:29:34 [38;5;117m[DEBUG]: [0mThis is a debug message from thread 1018-09-2026 00:29:34 [38;5;015m[INFO]: [0mThis is a info message from thread 2818-09-2026 00:29:34 [38;5;009m[ERROR]: [0mThis is a error message from thread 718-09-2026 00:29:34 [38;5;117m[DEBUG]: [0mThis is a debug message from thread 218-09-2026 00:29:34 [38;5;009m[ERROR]: [0mThis is a error message from thread 1618-09-2026 00:29:34 [38;5;009m[ERROR]: [0mThis is a error message from thread 2518-09-2026 00:29:34 [38;5;117m[DEBUG]: [0mThis is a debug message from thread 918-09-2026 00:29:34 [38;5;009m[ERROR]: [0mThis is a error message from thread 2318-09-2026 00:29:34 [38;5;015m[INFO]: [0mThis is a info message from thread 2118-09-2026 00:29:34 [38;5;015m[INFO]: [0mThis is a info message from thread 1018-09-2026 00:29:34 [38;5;009m[ERROR]: [0mThis is a error message from thread 1318-09-2026 00:29:34 [38;5;009m[ERROR]: [0mThis is a error message from thread 2818-09-2026 00:29:34 [38;5;117m[DEBUG]: [0mThis is a debug message from thread 018-09-2026 00:29:34 [38;5;015m[INFO]: [0mThis is a info message from thread 1718-09-2026 00:29:34 [38;5;117m[DEBUG]: [0mThis is a debug message from thread 2818-09-2026 00:29:34 [38;5;117m[DEBUG]: [0mThis is a debug message from thread 2318-09-2026 00:29:34 [38;5;015m[INFO]: [0mThis is a info message from thread 2218-09-2026 00:29:34 [38;5;009m[ERROR]: [0mThis is a error message from thread 1118-09-2026 00:29:34 [38;5;015m[INFO]: [0mThis is a info message from thread 1418-09-2026 00:29:34 [38;5;009m[ERROR]: [0mThis is a error message from thread 2118-09-2026 00:29:34 [38;5;117m[DEBUG]: [0mThis is a debug message from thread 718-09-2026 00:29:34 [38;5;117m[DEBUG]: [0mThis is a debug message from thread 1318-09-2026 00:29:34 [38;5;117m[DEBUG]: [0mThis is a debug message from thread 1618-09-2026 00:29:34 [38;5;009m[ERROR]: [0mThis is a error message from thread 818-09-2026 00:29:34 [38;5;009m[ERROR]: [0mThis is a error message from thread 318-09-2026 00:29:34 [38;5;117m[DEBUG]: [0mThis is a debug message from thread 2518-09-2026 00:29:34 [38;5;015m[INFO]: [0mThis is a info message from thread 2818-09-2026 00:29:34 [38;5;015m[INFO]: [0mThis is a info message from thread 218-09-2026 00:29:34 [38;5;117m[DEBUG]: [0mThis is a debug message from thread 2718-09-2026 00:29:34 [38;5;117m[DEBUG]: [0mThis is a debug message from thread 1818-09-2026 00:29:34 [38;5;015m[INFO]: [0mThis is a info message from thread 1318-09-2026 00:29:34 [38;5;015m[INFO]: [0mThis is a info message from thread 718-09-2026 00:29:34 [38;5;015m[INFO]: [0mThis is a info message from thread 1218-09-2026 00:29:34 [38;5;009m[ERROR]: [0mThis is a error message from thread 1218-09-2026 00:29:34 [38;5;009m[ERROR]: [0mThis is a error message from thread 218-09-2026 00:29:34 [38;5;117m[DEBUG]: [0mThis is a debug message from thread 2618-09-2026 00:29:34 [38;5;117m[DEBUG]: [0mThis is a debug message from thread 518-09-2026 00:29:34 [38;5;015m[INFO]: [0mThis is a info message from thread 018-09-2026 00:29:34 [38;5;117m[DEBUG]: [0mThis is a debug message from thread 818-09-2026 00:29:34 [38;5;009m[ERROR]: [0mThis is a error message from thread 2818-09-2026 00:29:34 [38;5;015m[INFO]: [0mThis is a info message from thread 1818-09-2026 00:29:34 [38;5;009m[ERROR]: [0mThis is a error message from thread 2918-09-2026 00:29:34 [38;5;015m[INFO]: [0mThis is a info message from thread 118-09-2026 00:29:34 [38;5;015m[INFO]: [0mThis is a info message from thread 918-09-2026 00:29:34 [38;5;015m[INFO]: [0mThis is a info message from thread 2618-09-2026 00:29:34 [38;5;009m[ERROR]: [0mThis is a error message from thread 1818-09-2026 00:29:34 [38;5;117m[DEBUG]: [0mThis is a debug message from thread 318-09-2026 00:29:34 [38;5;117m[DEBUG]: [0mThis is a debug message from thread 2918-09-2026 00:29:34 [38;5;015m[INFO]: [0mThis is a info message from thread 818-09-2026 00:29:34 [38;5;009m[ERROR]: [0mThis is a error message from thread 2618-09-2026 00:29:34 [38;5;117m[DEBUG]: [0mThis is a debug message from thread 1918-09-2026 00:29:34 [38;5;117m[DEBUG]: [0mThis is a debug message from thread 218-09-2026 00:29:34 [38;5;009m[ERROR]: [0mThis is a error message from thread 2218-09-2026 00:29:34 [38;5;015m[INFO]: [0mThis is a info message from thread 1618-09-2026 00:29:34 [38;5;009m[ERROR]: [0mThis is a error message from thread 1318-09-2026 00:29:34 [38;5;117m[DEBUG]: [0mThis is a debug message from thread 2818-09-2026 00:29:34 [38;5;009m[ERROR]: [0mThis is a error message from thread 018-09-2026 00:29:34 [38;5;009m[ERROR]: [0mThis is a error message from thread 618-09-2026 00:29:34 [38;5;015m[INFO]: [0mThis is a info message from thread 2318-09-2026 00:29:34 [38;5;117m[DEBUG]: [0mThis is a debug message from thread 1118-09-2026 00:29:34 [38;5;015m[INFO]: [0mThis is a info message from thread 2518-09-2026 00:29:34 [38;5;117m[DEBUG]: [0mThis is a debug message from thread 2018-09-2026 00:29:34 [38;5;015m[INFO]: [0mThis is a info message from thread 2818-09-2026 00:29:34 [38;5;015m[INFO]: [0mThis is a info message from thread 218-09-2026 00:29:34 [38;5;117m[DEBUG]: [0mThis is a debug message from thread 2418-09-2026 00:29:34 [38;5;015m[INFO]: [0mThis is a info message from thread 518-09-2026 00:29:34 [38;5;117m[DEBUG]: [0mThis is a debug message from thread 1318-09-2026 00:29:34 [38;5;117m[DEBUG]: [0mThis is a debug message from thread 2618-09-2026 00:29:34 [38;5;009m[ERROR]: [0mThis is a error message from thread 218-09-2026 00:29:34 [38;5;015m[INFO]: [0mThis is a info message from thread 2918-09-2026 00:29:34 [38;5;009m[ERROR]: [0mThis is a error message from thread 818-09-2026 00:29:34 [38;5;015m[INFO]: [0mThis is a info message from thread 318-09-2026 00:29:34 [38;5;009m[ERROR]: [0mThis is a error message from thread 2818-09-2026 00:29:34 [38;5;009m[ERROR]: [0mThis is a error message from thread 118-09-2026 00:29:34 [38;5;015m[INFO]: [0mThis is a info message from thread 2018-09-2026 00:29:34 [38;5;117m[DEBUG]: [0mThis is a debug message from thread 218-09-2026 00:29:34 [38;5;009m[ERROR]: [0mThis is a error message from thread 2318-09-2026 00:29:34 [38;5;009m[ERROR]: [0mThis is a error message from thread 1018-09-2026 00:29:34 [38;5;009m[ERROR]: [0mThis is a error message from thread 2918-09-2026 00:29:34 [38;5;117m[DEBUG]: [0mThis is a debug message from thread 818-09-2026 00:29:34 [38;5;015m[INFO]: [0mThis is a info message from thread 218-09-2026 00:29:34 [38;5;015m[INFO]: [0mThis is a info message from thread 1318-09-2026 00:29:34 [38;5;009m[ERROR]: [0mThis is a error message from thread 1718-09-2026 00:29:34 [38;5;117m[DEBUG]: [0mThis is a debug message from thread 1818-09-2026 00:29:34 [38;5;009m[ERROR]: [0mThis is a error message from thread 318-09-2026 00:29:34 [38;5;009m[ERROR]: [0mThis is a error message from thread 2518-09-2026 00:29:34 [38;5;015m[INFO]: [0mThis is a info message from thread 818-09-2026 00:29:34 [38;5;117m[DEBUG]: [0mThis is a debug message from thread 2818-09-2026 00:29:34 [38;5;117m[DEBUG]: [0mThis is a debug message from thread 1018-09-2026 00:29:34 [38;5;009m[ERROR]: [0mThis is a error message from thread 818-09-2026 00:29:34 [38;5;015m[INFO]: [0mThis is a info message from thread 1018-09-2026 00:29:34 [38;5;009m[ERROR]: [0mThis is a error message from thread 2018-09-2026 00:29:34 [38;5;117m[DEBUG]: [0mThis is a debug message from thread 318-09-2026 00:29:34 [38;5;009m[ERROR]: [0mThis is a error message from thread 1318-09-2026 00:29:34 [38;5;015m[INFO]: [0mThis is a info message from thread 418-09-2026 00:29:34 [38;5;117m[DEBUG]: [0mThis is a debug message from thread 818-09-2026 00:29:34 [38;5;015m[INFO]: [0mThis is a info message from thread 1818-09-2026 00:29:34 [38;5;009m[ERROR]: [0mThis is a error message from thread 1018-09-2026 00:29:34 [38;5;015m[INFO]: [0mThis is a info message from thread 1518-09-2026 00:29:34 [38;5;117m[DEBUG]: [0mThis is a debug message from thread 1318-09-2026 00:29:34 [38;5;117m[DEBUG]: [0mThis is a debug message from thread 2218-09-2026 00:29:34 [38;5;009m[ERROR]: [0mThis is a error message from thread 218-09-2026 00:29:34 [38;5;009m[ERROR]: [0mThis is a error message from thread 918-09-2026 00:29:34 [38;5;009m[ERROR]: [0mThis is a error message from thread 718-09-2026 00:29:34 [38;5;015m[INFO]: [0mThis is a info message from thread 1318-09-2026 00:29:34 [38;5;015m[INFO]: [0mThis is a info message from thread 1118-09-2026 00:29:34 [38;5;117m[DEBUG]: [0mThis is a debug message from thread 718-09-2026 00:29:34 [38;5;117m[DEBUG]: [0mThis is a debug message from thread 018-09-2026 00:29:34 [38;5;009m[ERROR]: [0mThis is a error message from thread 1518-09-2026 00:29:34 [38;5;009m[ERROR]: [0mThis is a error message from thread 1818-09-2026 00:29:34 [38;5;009m[ERROR]: [0mThis is a error message from thread 1118-09-2026 00:29:34 [38;5;009m[ERROR]: [0mThis is a error message from thread 1318-09-2026 00:29:34 [38;5;015m[INFO]: [0mThis is a info message from thread 018-09-2026 00:29:34 [38;5;015m[INFO]: [0mThis is a info message from thread 2218-09-2026 00:29:34 [38;5;117m[DEBUG]: [0mThis is a debug message from thread 1018-09-2026 00:29:34 [38;5;009m[ERROR]: [0mThis is a error message from thread 018-09-2026 00:29:34 [38;5;117m[DEBUG]: [0mThis is a debug message from thread 1218-09-2026 00:29:34 [38;5;015m[INFO]: [0mThis is a info message from thread 318-09-2026 00:29:34 [38;5;009m[ERROR]: [0mThis is a error message from thread 1618-09-2026 00:29:34 [38;5;015m[INFO]: [0mThis is a info message from thread 1218-09-2026 00:29:34 [38;5;117m[DEBUG]: [0mThis is a debug message from thread 1318-09-2026 00:29:34 [38;5;015m[INFO]: [0mThis is a info message from thread 2718-09-2026 00:29:34 [38;5;015m[INFO]: [0mThis is a info message from thread 1018-09-2026 00:29:34 [38;5;117m[DEBUG]: [0mThis is a debug message from thread 1618-09-2026 00:29:34 [38;5;117m[DEBUG]: [0mThis is a debug message from thread 1118-09-2026 00:29:34 [38;5;117m[DEBUG]: [0mThis is a debug message from thread 2318-09-2026 00:29:34 [38;5;015m[INFO]: [0mThis is a info message from thread 2618-09-2026 00:29:34 [38;5;015m[INFO]: [0mThis is a info message from thread 1318-09-2026 00:29:34 [38;5;015m[INFO]: [0mThis is a info message from thread 1118-09-2026 00:29:34 [38;5;009m[ERROR]: [0mThis is a error message from thread 1218-09-2026 00:29:34 [38;5;117m[DEBUG]: [0mThis is a debug message from thread 1718-09-2026 00:29:34 [38;5;015m[INFO]: [0mThis is a info message from thread 2418-09-2026 00:29:34 [38;5;009m[ERROR]: [0mThis is a error message from thread 2218-09-2026 00:29:34 [38;5;009m[ERROR]: [0mThis is a error message from thread 1018-09-2026 00:29:34 [38;5;009m[ERROR]: [0mThis is a error message from thread 2718-09-2026 00:29:34 [38;5;009m[ERROR]: [0mThis is a error message from thread 1118-09-2026 00:29:34 [38;5;009m[ERROR]: [0mThis is a error message from thread 2618-09-2026 00:29:34 [38;5;117m[DEBUG]: [0mThis is a debug message from thread 218-09-2026 00:29:34 [38;5;009m[ERROR]: [0mThis is a error message from thread 1418-09-2026 00:29:34 [38;5;117m[DEBUG]: [0mThis is a debug message from thread 1018-09-2026 00:29:34 [38;5;015m[INFO]: [0mThis is a info message from thread 2818-09-2026 00:29:34 [38;5;015m[INFO]: [0mThis is a info message from thread 818-09-2026 00:29:34 [38;5;009m[ERROR]: [0mThis is a error message from thread 1318-09-2026 00:29:34 [38;5;009m[ERROR]: [0mThis is a error message from thread 818-09-2026 00:29:34 [38;5;015m[INFO]: [0mThis is a info message from thread 1718-09-2026 00:29:34 [38;5;009m[ERROR]: [0mThis is a error message from thread 2418-09-2026 00:29:34 [38;5;009m[ERROR]: [0mThis is a error message from thread 2818-09-2026 00:29:34 [38;5;009m[ERROR]: [0mThis is a error message from thread 518-09-2026 00:29:34 [38;5;117m[DEBUG]: [0mThis is a debug message from thread 2718-09-2026 00:29:34 [38;5;015m[INFO]: [0mThis is a info message from thread 1018-09-2026 00:29:34 [38;5;015m[INFO]: [0mThis is a info message from thread 1618-09-2026 00:29:34 [38;5;117m[DEBUG]: [0mThis is a debug message from thread 118-09-2026 00:29:34 [38;5;117m[DEBUG]: [0mThis is a debug message from thread 918-09-2026 00:29:34 [38;5;009m[ERROR]: [0mThis is a error message from thread 418-09-2026 00:29:34 [38;5;117m[DEBUG]: [0mThis is a debug message from thread 818-09-2026 00:29:34 [38;5;015m[INFO]: [0mThis is a info message from thread 2318-09-2026 00:29:34 [38;5;117m[DEBUG]: [0mThis is a debug message from thread 1518-09-2026 00:29:34 [38;5;117m[DEBUG]: [0mThis is a debug message from thread 2418-09-2026 00:29:34 [38;5;015m[INFO]: [0mThis is a info message from thread 718-09-2026 00:29:34 [38;5;009m[ERROR]: [0mThis is a error message from thread 1018-09-2026 00:29:34 [38;5;117m[DEBUG]: [0mThis is a debug message from thread 2818-09-2026 00:29:34 [38;5;015m[INFO]: [0mThis is a info message from thread 1518-09-2026 00:29:34 [38;5;015m[INFO]: [0mThis is a info message from thread 2418-09-2026 00:29:34 [38;5;015m[INFO]: [0mThis is a info message from thread 2818-09-2026 00:29:34 [38;5;009m[ERROR]: [0mThis is a error message from thread 1618-09-2026 00:29:34 [38;5;009m[ERROR]: [0mThis is a error message from thread 1718-09-2026 00:29:34 [38;5;117m[DEBUG]: [0mThis is a debug message from thread 418-09-2026 00:29:34 [38;5;117m[DEBUG]: [0mThis is a debug message from thread 1018-09-2026 00:29:34 [38;5;015m[INFO]: [0mThis is a info message from thread 2718-09-2026 00:29:34 [38;5;009m[ERROR]: [0mThis is a error message from thread 718-09-2026 00:29:34 [38;5;009m[ERROR]: [0mThis is a error message from thread 1518-09-2026 00:29:34 [38;5;009m[ERROR]: [0mThis is a error message from thread 2818-09-2026 00:29:34 [38;5;009m[ERROR]: [0mThis is a error message from thread 318-09-2026 00:29:34 [38;5;015m[INFO]: [0mThis is a info message from thread 1018-09-2026 00:29:34 [38;5;117m[DEBUG]: [0mThis is a debug message from thread 1518-09-2026 00:29:34 [38;5;117m[DEBUG]: [0mThis is a debug message from thread 2818-09-2026 00:29:34 [38;5;009m[ERROR]: [0mThis is a error message from thread 2718-09-2026 00:29:34 [38;5;015m[INFO]: [0mThis is a info message from thread 2818-09-2026 00:29:34 [38;5;117m[DEBUG]: [0mThis is a debug message from thread 2518-09-2026 00:29:34 [38;5;117m[DEBUG]: [0mThis is a debug message from thread 718-09-2026 00:29:34 [38;5;009m[ERROR]: [0mThis is a error message from thread 1018-09-2026 00:29:34 [38;5;015m[INFO]: [0mThis is a info message from thread 418-09-2026 00:29:34 [38;5;009m[ERROR]: [0mThis is a error message from thread 2418-09-2026 00:29:34 [38;5;117m[DEBUG]: [0mThis is a debug message from thread 1718-09-2026 00:29:34 [38;5;009m[ERROR]: [0mThis is a error message from thread 2818-09-2026 00:29:34 [38;5;117m[DEBUG]: [0mThis is a debug message from thread 2818-09-2026 00:29:34 [38;5;015m[INFO]: [0mThis is a info message from thread 1518-09-2026 00:29:34 [38;5;117m[DEBUG]: [0mThis is a debug message from thread 1618-09-2026 00:29:34 [38;5;009m[ERROR]: [0mThis is a error message from thread 1518-09-2026 00:29:34 [38;5;117m[DEBUG]: [0mThis is a debug message from thread 1018-09-2026 00:29:34 [38;5;015m[INFO]: [0mThis is a info message from thread 1718-09-2026 00:29:34 [38;5;117m[DEBUG]: [0mThis is a debug message from thread 2718-09-2026 00:29:34 [38;5;117m[DEBUG]: [0mThis is a debug message from thread 318-09-2026 00:29:34 [38;5;015m[INFO]: [0mThis is a info message from thread 718-09-2026 00:29:34 [38;5;117m[DEBUG]: [0mThis is a debug message from thread 2918-09-2026 00:29:34 [38;5;117m[DEBUG]: [0mThis is a debug message from thread 018-09-2026 00:29:34 [38;5;015m[INFO]: [0mThis is a info message from thread 1018-09-2026 00:29:34 [38;5;117m[DEBUG]: [0mThis is a debug message from thread 1518-09-2026 00:29:34 [38;5;015m[INFO]: [0mThis is a info message from thread 1618-09-2026 00:29:34 [38;5;015m[INFO]: [0mThis is a info message from thread 318-09-2026 00:29:34 [38;5;009m[ERROR]: [0mThis is a error message from thread 718-09-2026 00:29:34 [38;5;015m[INFO]: [0mThis is a info message from thread 018-09-2026 00:29:34 [38;5;009m[ERROR]: [0mThis is a error message from thread 418-09-2026 00:29:34 [38;5;009m[ERROR]: [0mThis is a error message from thread 1718-09-2026 00:29:34 [38;5;009m[ERROR]: [0mThis is a error message from thread 018-09-2026 00:29:34 [38;5;117m[DEBUG]: [0mThis is a debug message from thread 418-09-2026 00:29:34 [38;5;117m[DEBUG]: [0mThis is a debug message from thread 1818-09-2026 00:29:34 [38;5;117m[DEBUG]: [0mThis is a debug message from thread 018-09-2026 00:29:34 [38;5;117m[DEBUG]: [0mThis is a debug message from thread 718-09-2026 00:29:34 [38;5;009m[ERROR]: [0mThis is a error message from thread 1018-09-2026 00:29:34 [38;5;015m[INFO]: [0mThis is a info message from thread 1518-09-2026 00:29:34 [38;5;015m[INFO]: [0mThis is a info message from thread 2518-09-2026 00:29:34 [38;5;117m[DEBUG]: [0mThis is a debug message from thread 1018-09-2026 00:29:34 [38;5;009m[ERROR]: [0mThis is a error message from thread 1518-09-2026 00:29:34 [38;5;015m[INFO]: [0mThis is a info message from thread 2918-09-2026 00:29:34 [38;5;009m[ERROR]: [0mThis is a error message from thread 318-09-2026 00:29:34 [38;5;015m[INFO]: [0mThis is a info message from thread 718-09-2026 00:29:34 [38;5;015m[INFO]: [0mThis is a info message from thread 1918-09-2026 00:29:34 [38;5;117m[DEBUG]: [0mThis is a debug message from thread 1718-09-2026 00:29:34 [38;5;015m[INFO]: [0mThis is a info message from thread 1818-09-2026 00:29:34 [38;5;015m[INFO]: [0mThis is a info message from thread 418-09-2026 00:29:34 [38;5;015m[INFO]: [0mThis is a info message from thread 018-09-2026 00:29:34 [38;5;009m[ERROR]: [0mThis is a error message from thread 718-09-2026 00:29:34 [38;5;117m[DEBUG]: [0mThis is a debug message from thread 1518-09-2026 00:29:34 [38;5;009m[ERROR]: [0mThis is a error message from thread 2918-09-2026 00:29:34 [38;5;015m[INFO]: [0mThis is a info message from thread 1018-09-2026 00:29:34 [38;5;009m[ERROR]: [0mThis is a error message from thread 018-09-2026 00:29:34 [38;5;009m[ERROR]: [0mThis is a error message from thread 418-09-2026 00:29:34 [38;5;009m[ERROR]: [0mThis is a error message from thread 2318-09-2026 00:29:34 [38;5;117m[DEBUG]: [0mThis is a debug message from thread 718-09-2026 00:29:34 [38;5;009m[ERROR]: [0mThis is a error message from thread 1818-09-2026 00:29:34 [38;5;015m[INFO]: [0mThis is a info message from thread 1718-09-2026 00:29:34 [38;5;117m[DEBUG]: [0mThis is a debug message from thread 1418-09-2026 00:29:34 [38;5;015m[INFO]: [0mThis is a info message from thread 1518-09-2026 00:29:34 [38;5;117m[DEBUG]: [0mThis is a debug message from thread 1818-09-2026 00:29:34 [38;5;117m[DEBUG]: [0mThis is a debug message from thread 2018-09-2026 00:29:34 [38;5;117m[DEBUG]: [0mThis is a debug message from thread 1118-09-2026 00:29:34 [38;5;015m[INFO]: [0mThis is a info message from thread 218-09-2026 00:29:34 [38;5;009m[ERROR]: [0mThis is a error message from thread 1718-09-2026 00:29:34 [38;5;009m[ERROR]: [0mThis is a error message from thread 1918-09-2026 00:29:34 [38;5;009m[ERROR]: [0mThis is a error message from thread 218-09-2026 00:29:34 [38;5;117m[DEBUG]: [0mThis is a debug message from thread 318-09-2026 00:29:34 [38;5;117m[DEBUG]: [0mThis is a debug message from thread 1318-09-2026 00:29:34 [38;5;009m[ERROR]: [0mThis is a error message from thread 1518-09-2026 00:29:34 [38;5;117m[DEBUG]: [0mThis is a debug message from thread 1718-09-2026 00:29:34 [38;5;117m[DEBUG]: [0mThis is a debug message from thread 418-09-2026 00:29:34 [38;5;015m[INFO]: [0mThis is a info message from thread 2818-09-2026 00:29:34 [38;5;015m[INFO]: [0mThis is a info message from thread 918-09-2026 00:29:34 [38;5;015m[INFO]: [0mThis is a info message from thread 1818-09-2026 00:29:34 [38;5;015m[INFO]: [0mThis is a info message from thread 1118-09-2026 00:29:34 [38;5;015m[INFO]: [0mThis is a info message from thread 718-09-2026 00:29:34 [38;5;015m[INFO]: [0mThis is a info message from thread 2718-09-2026 00:29:34 [38;5;117m[DEBUG]: [0mThis is a debug message from thread 1518-09-2026 00:29:34 [38;5;117m[DEBUG]: [0mThis is a debug message from thread 1218-09-2026 00:29:34 [38;5;117m[DEBUG]: [0mThis is a debug message from thread 518-09-2026 00:29:34 [38;5;117m[DEBUG]: [0mThis is a debug message from thread 2218-09-2026 00:29:34 [38;5;117m[DEBUG]: [0mThis is a debug message from thread 018-09-2026 00:29:34 [38;5;117m[DEBUG]: [0mThis is a debug message from thread 2318-09-2026 00:29:34 [38;5;015m[INFO]: [0mThis is a info message from thread 318-09-2026 00:29:34 [38;5;009m[ERROR]: [0mThis is a error message from thread 2818-09-2026 00:29:34 [38;5;015m[INFO]: [0mThis is a info message from thread 118-09-2026 00:29:34 [38;5;117m[DEBUG]: [0mThis is a debug message from thread 2618-09-2026 00:29:34 [38;5;015m[INFO]: [0mThis is a info message from thread 018-09-2026 00:29:34 [38;5;117m[DEBUG]: [0mThis is a debug message from thread 2118-09-2026 00:29:34 [38;5;015m[INFO]: [0mThis is a info message from thread 2218-09-2026 00:29:34 [38;5;009m[ERROR]: [0mThis is a error message from thread 1118-09-2026 00:29:34 [38;5;117m[DEBUG]: [0mThis is a debug message from thread 2818-09-2026 00:29:34 [38;5;009m[ERROR]: [0mThis is a error message from thread 018-09-2026 00:29:34 [38;5;015m[INFO]: [0mThis is a info message from thread 2118-09-2026 00:29:34 [38;5;009m[ERROR]: [0mThis is a error message from thread 1818-09-2026 00:29:34 [38;5;009m[ERROR]: [0mThis is a error message from thread 2118-09-2026 00:29:34 [38;5;117m[DEBUG]: [0mThis is a debug message from thread 1118-09-2026 00:29:34 [38;5;117m[DEBUG]: [0mThis is a debug message from thread 018-09-2026 00:29:34 [38;5;015m[INFO]: [0mThis is a info message from thread 2818-09-2026 00:29:34 [38;5;117m[DEBUG]: [0mThis is a debug message from thread 1818-09-2026 00:29:34 [38;5;009m[ERROR]: [0mThis is a error message from thread 2818-09-2026 00:29:34 [38;5;015m[INFO]: [0mThis is a info message from thread 2318-09-2026 00:29:34 [38;5;009m[ERROR]: [0mThis is a error message from thread 2218-09-2026 00:29:34 [38;5;015m[INFO]: [0mThis is a info message from thread 2018-09-2026 00:29:34 [38;5;009m[ERROR]: [0mThis is a error message from thread 318-09-2026 00:29:34 [38;5;015m[INFO]: [0mThis is a info message from thread 1818-09-2026 00:29:34 [38;5;117m[DEBUG]: [0mThis is a debug message from thread 618-09-2026 00:29:34 [38;5;015m[INFO]: [0mThis is a info message from thread 1118-09-2026 00:29:34 [38;5;117m[DEBUG]: [0mThis is a debug message from thread 2218-09-2026 00:29:34 [38;5;117m[DEBUG]: [0mThis is a debug message from thread 2818-09-2026 00:29:34 [38;5;015m[INFO]: [0mThis is a info message from thread 018-09-2026 00:29:34 [38;5;015m[INFO]: [0mThis is a info message from thread 2818-09-2026 00:29:34 [38;5;009m[ERROR]: [0mThis is a error message from thread 2818-09-2026 00:29:34 [38;5;015m[INFO]: [0mThis is a info message from thread 2218-09-2026 00:29:34 [38;5;015m[INFO]: [0mThis is a info message from thread 2618-09-2026 00:29:34 [38;5;009m[ERROR]: [0mThis is a error message from thread 1118-09-2026 00:29:34 [38;5;117m[DEBUG]: [0mThis is a debug message from thread 2118-09-2026 00:29:34 [38;5;009m[ERROR]: [0mThis is a error message from thread 018-09-2026 00:29:34 [38;5;117m[DEBUG]: [0mThis is a debug message from thread 318-09-2026 00:29:34 [38;5;015m[INFO]: [0mThis is a info message from thread 318-09-2026 00:29:34 [38;5;009m[ERROR]: [0mThis is a error message from thread 2218-09-2026 00:29:34 [38;5;117m[DEBUG]: [0mThis is a debug message from thread 2818-09-2026 00:29:34 [38;5;117m[DEBUG]: [0mThis is a debug message from thread 1118-09-2026 00:29:34 [38;5;117m[DEBUG]: [0mThis is a debug message from thread 2218-09-2026 00:29:34 [38;5;015m[INFO]: [0mThis is a info message from thread 1118-09-2026 00:29:34 [38;5;009m[ERROR]: [0mThis is a error message from thread 2018-09-2026 00:29:34 [38;5;009m[ERROR]: [0mThis is a error message from thread 1818-09-2026 00:29:34 [38;5;015m[INFO]: [0mThis is a info message from thread 618-09-2026 00:29:34 [38;5;009m[ERROR]: [0mThis is a error message from thread 1118-09-2026 00:29:34 [38;5;015m[INFO]: [0mThis is a info message from thread 1318-09-2026 00:29:34 [38;5;009m[ERROR]: [0mThis is a error message from thread 918-09-2026 00:29:34 [38;5;117m[DEBUG]: [0mThis is a debug message from thread 1918-09-2026 00:29:34 [38;5;117m[DEBUG]: [0mThis is a debug message from thread 1818-09-2026 00:29:34 [38;5;015m[INFO]: [0mThis is a info message from thread 2118-09-2026 00:29:34 [38;5;015m[INFO]: [0mThis is a info message from thread 2818-09-2026 00:29:34 [38;5;015m[INFO]: [0mThis is a info message from thread 1418-09-2026 00:29:34 [38;5;117m[DEBUG]: [0mThis is a debug message from thread 018-09-2026 00:29:34 [38;5;015m[INFO]: [0mThis is a info message from thread 1718-09-2026 00:29:34 [38;5;009m[ERROR]: [0mThis is a error message from thread 1318-09-2026 00:29:34 [38;5;009m[ERROR]: [0mThis is a error message from thread 1718-09-2026 00:29:34 [38;5;117m[DEBUG]: [0mThis is a debug message from thread 918-09-2026 00:29:34 [38;5;015m[INFO]: [0mThis is a info message from thread 018-09-2026 00:29:34 [38;5;009m[ERROR]: [0mThis is a error message from thread 2118-09-2026 00:29:34 [38;5;009m[ERROR]: [0mThis is a error message from thread 2618-09-2026 00:29:34 [38;5;117m[DEBUG]: [0mThis is a debug message from thread 2918-09-2026 00:29:34 [38;5;117m[DEBUG]: [0mThis is a debug message from thread 2618-09-2026 00:29:34 [38;5;015m[INFO]: [0mThis is a info message from thread 918-09-2026 00:29:34 [38;5;009m[ERROR]: [0mThis is a error message from thread 618-09-2026 00:29:34 [38;5;117m[DEBUG]: [0mThis is a debug message from thread 2118-09-2026 00:29:34 [38;5;015m[INFO]: [0mThis is a info message from thread 2918-09-2026 00:29:34 [38;5;015m[INFO]: [0mThis is a info message from thread 1218-09-2026 00:29:34 [38;5;117m[DEBUG]: [0mThis is a debug message from thread 1718-09-2026 00:29:34 [38;5;009m[ERROR]: [0mThis is a error message from thread 1218-09-2026 00:29:34 [38;5;009m[ERROR]: [0mThis is a error message from thread 918-09-2026 00:29:34 [38;5;015m[INFO]: [0mThis is a info message from thread 2118-09-2026 00:29:34 [38;5;009m[ERROR]: [0mThis is a error message from thread 2918-09-2026 00:29:34 [38;5;117m[DEBUG]: [0mThis is a debug message from thread 1118-09-2026 00:29:34 [38;5;009m[ERROR]: [0mThis is a error message from thread 2118-09-2026 00:29:34 [38;5;015m[INFO]: [0mThis is a info message from thread 1818-09-2026 00:29:34 [38;5;117m[DEBUG]: [0mThis is a debug message from thread 2918-09-2026 00:29:34 [38;5;009m[ERROR]: [0mThis is a error message from thread 018-09-2026 00:29:34 [38;5;009m[ERROR]: [0mThis is a error message from thread 2318-09-2026 00:29:34 [38;5;015m[INFO]: [0mThis is a info message from thread 2918-09-2026 00:29:34 [38;5;009m[ERROR]: [0mThis is a error message from thread 2818-09-2026 00:29:34 [38;5;009m[ERROR]: [0mThis is a error message from thread 1818-09-2026 00:29:34 [38;5;117m[DEBUG]: [0mThis is a debug message from thread 1218-09-2026 00:29:34 [38;5;009m[ERROR]: [0mThis is a error message from thread 1018-09-2026 00:29:34 [38;5;009m[ERROR]: [0mThis is a error message from thread 1418-09-2026 00:29:34 [38;5;015m[INFO]: [0mThis is a info message from thread 1718-09-2026 00:29:34 [38;5;015m[INFO]: [0mThis is a info message from thread 518-09-2026 00:29:34 [38;5;009m[ERROR]: [0mThis is a error message from thread 518-09-2026 00:29:34 [38;5;015m[INFO]: [0mThis is a info message from thread 2218-09-2026 00:29:34 [38;5;015m[INFO]: [0mThis is a info message from thread 818-09-2026 00:29:34 [38;5;117m[DEBUG]: [0mThis is a debug message from thread 2018-09-2026 00:29:34 [38;5;009m[ERROR]: [0mThis is a error message from thread 2518-09-2026 00:29:34 [38;5;009m[ERROR]: [0mThis is a error message from thread 1718-09-2026 00:29:34 [38;5;117m[DEBUG]: [0mThis is a debug message from thread 218-09-2026 00:29:34 [38;5;117m[DEBUG]: [0mThis is a debug message from thread 1818-09-2026 00:29:34 [38;5;009m[ERROR]: [0mThis is a error message from thread 2918-09-2026 00:29:34 [38;5;009m[ERROR]: [0mThis is a error message from thread 118-09-2026 00:29:34 [38;5;015m[INFO]: [0mThis is a info message from thread 218-09-2026 00:29:34 [38;5;009m[ERROR]: [0mThis is a error message from thread 818-09-2026 00:29:34 [38;5;009m[ERROR]: [0mThis is a error message from thread 2218-09-2026 00:29:34 [38;5;117m[DEBUG]: [0mThis is a debug message from thread 2418-09-2026 00:29:34 [38;5;015m[INFO]: [0mThis is a info message from thread 1818-09-2026 00:29:34 [38;5;117m[DEBUG]: [0mThis is a debug message from thread 2918-09-2026 00:29:34 [38;5;009m[ERROR]: [0mThis is a error message from thread 1618-09-2026 00:29:34 [38;5;009m[ERROR]: [0mThis is a error message from thread 718-09-2026 00:29:34 [38;5;117m[DEBUG]: [0mThis is a debug message from thread 818-09-2026 00:29:34 [38;5;015m[INFO]: [0mThis is a info message from thread 2018-09-2026 00:29:34 [38;5;117m[DEBUG]: [0mThis is a debug message from thread 518-09-2026 00:29:34 [38;5;015m[INFO]: [0mThis is a info message from thread 418-09-2026 00:29:34 [38;5;015m[INFO]: [0mThis is a info message from thread 1518-09-2026 00:29:34 [38;5;117m[DEBUG]: [0mThis is a debug message from thread 718-09-2026 00:29:34 [38;5;015m[INFO]: [0mThis is a info message from thread 1118-09-2026 00:29:34 [38;5;117m[DEBUG]: [0mThis is a debug message from thread 1318-09-2026 00:29:34 [38;5;009m[ERROR]: [0mThis is a error message from thread 2718-09-2026 00:29:34 [38;5;009m[ERROR]: [0mThis is a error message from thread 418-09-2026 00:29:34 [38;5;117m[DEBUG]: [0mThis is a debug message from thread 1718-09-2026 00:29:34 [38;5;117m[DEBUG]: [0mThis is a debug message from thread 418-09-2026 00:29:34 [38;5;015m[INFO]: [0mThis is a info message from thread 718-09-2026 00:29:34 [38;5;015m[INFO]: [0mThis is a info message from thread 818-09-2026 00:29:34 [38;5;117m[DEBUG]: [0mThis is a debug message from thread 2318-09-2026 00:29:34 [38;5;117m[DEBUG]: [0mThis is a debug message from thread 2518-09-2026 00:29:34 [38;5;015m[INFO]: [0mThis is a info message from thread 1718-09-2026 00:29:34 [38;5;009m[ERROR]: [0mThis is a error message from thread 718-09-2026 00:29:34 [38;5;117m[DEBUG]: [0mThis is a debug message from thread 2118-09-2026 00:29:34 [38;5;015m[INFO]: [0mThis is a info message from thread 2518-09-2026 00:29:34 [38;5;009m[ERROR]: [0mThis is a error message from thread 1118-09-2026 00:29:34 [38;5;015m[INFO]: [0mThis is a info message from thread 2318-09-2026 00:29:34 [38;5;015m[INFO]: [0mThis is a info message from thread 1318-09-2026 00:29:34 [38;5;015m[INFO]: [0mThis is a info message from thread 1218-09-2026 00:29:34 [38;5;009m[ERROR]: [0mThis is a error message from thread 2518-09-2026 00:29:34 [38;5;009m[ERROR]: [0mThis is a error message from thread 1818-09-2026 00:29:34 [38;5;009m[ERROR]: [0mThis is a error message from thread 318-09-2026 00:29:34 [38;5;015m[INFO]: [0mThis is a info message from thread 1918-09-2026 00:29:34 [38;5;009m[ERROR]: [0mThis is a error message from thread 2318-09-2026 00:29:34 [38;5;015m[INFO]: [0mThis is a info message from thread 2418-09-2026 00:29:34 [38;5;015m[INFO]: [0mThis is a info message from thread 2118-09-2026 00:29:34 [38;5;117m[DEBUG]: [0mThis is a debug message from thread 2718-09-2026 00:29:34 [38;5;117m[DEBUG]: [0mThis is a debug message from thread 1018-09-2026 00:29:34 [38;5;117m[DEBUG]: [0mThis is a debug message from thread 118-09-2026 00:29:34 [38;5;015m[INFO]: [0mThis is a info message from thread 2618-09-2026 00:29:34 [38;5;015m[INFO]: [0mThis is a info message from thread 418-09-2026 00:29:34 [38;5;117m[DEBUG]: [0mThis is a debug message from thread 918-09-2026 00:29:34 [38;5;009m[ERROR]: [0mThis is a error message from thread 1918-09-2026 00:29:34 [38;5;009m[ERROR]: [0mThis is a error message from thread 2418-09-2026 00:29:34 [38;5;117m[DEBUG]: [0mThis is a debug message from thread 2318-09-2026 00:29:34 [38;5;117m[DEBUG]: [0mThis is a debug message from thread 2218-09-2026 00:29:34 [38;5;117m[DEBUG]: [0mThis is a debug message from thread 2418-09-2026 00:29:34 [38;5;117m[DEBUG]: [0mThis is a debug message from thread 1818-09-2026 00:29:34 [38;5;015m[INFO]: [0mThis is a info message from thread 2718-09-2026 00:29:34 [38;5;009m[ERROR]: [0mThis is a error message from thread 818-09-2026 00:29:34 [38;5;117m[DEBUG]: [0mThis is a debug message from thread 2818-09-2026 00:29:34 [38;5;117m[DEBUG]: [0mThis is a debug message from thread 1918-09-2026 00:29:34 [38;5;015m[INFO]: [0mThis is a info message from thread 2218-09-2026 00:29:34 [38;5;015m[INFO]: [0mThis is a info message from thread 2918-09-2026 00:29:34 [38;5;009m[ERROR]: [0mThis is a error message from thread 1218-09-2026 00:29:34 [38;5;009m[ERROR]: [0mThis is a error message from thread 2718-09-2026 00:29:34 [38;5;009m[ERROR]: [0mThis is a error message from thread 1318-09-2026 00:29:34 [38;5;117m[DEBUG]: [0mThis is a debug message from thread 818-09-2026 00:29:34 [38;5;117m[DEBUG]: [0mThis is a debug message from thread 1618-09-2026 00:29:34 [38;5;117m[DEBUG]: [0mThis is a debug message from thread 1218-09-2026 00:29:34 [38;5;015m[INFO]: [0mThis is a info message from thread 1918-09-2026 00:29:34 [38;5;117m[DEBUG]: [0mThis is a debug message from thread 1118-09-2026 00:29:34 [38;5;015m[INFO]: [0mThis is a info message from thread 818-09-2026 00:29:34 [38;5;015m[INFO]: [0mThis is a info message from thread 2318-09-2026 00:29:34 [38;5;009m[ERROR]: [0mThis is a error message from thread 2618-09-2026 00:29:34 [38;5;015m[INFO]: [0mThis is a info message from thread 2418-09-2026 00:29:34 [38;5;117m[DEBUG]: [0mThis is a debug message from thread 318-09-2026 00:29:34 [38;5;009m[ERROR]: [0mThis is a error message from thread 2018-09-2026 00:29:34 [38;5;117m[DEBUG]: [0mThis is a debug message from thread 1318-09-2026 00:29:34 [38;5;015m[INFO]: [0mThis is a info message from thread 1218-09-2026 00:29:34 [38;5;015m[INFO]: [0mThis is a info message from thread 1018-09-2026 00:29:34 [38;5;117m[DEBUG]: [0mThis is a debug message from thread 718-09-2026 00:29:34 [38;5;117m[DEBUG]: [0mThis is a debug message from thread 2618-09-2026 00:29:34 [38;5;009m[ERROR]: [0mThis is a error message from thread 218-09-2026 00:29:34 [38;5;117m[DEBUG]: [0mThis is a debug message from thread 1418-09-2026 00:29:34 [38;5;015m[INFO]: [0mThis is a info message from thread 1118-09-2026 00:29:34 [38;5;015m[INFO]: [0mThis is a info message from thread 318-09-2026 00:29:34 [38;5;009m[ERROR]: [0mThis is a error message from thread 818-09-2026 00:29:34 [38;5;117m[DEBUG]: [0mThis is a debug message from thread 2718-09-2026 00:29:34 [38;5;009m[ERROR]: [0mThis is a error message from thread 1218-09-2026 00:29:34 [38;5;015m[INFO]: [0mThis is a info message from thread 2618-09-2026 00:29:34 [38;5;117m[DEBUG]: [0mThis is a debug message from thread 818-09-2026 00:29:34 [38;5;015m[INFO]: [0mThis is a info message from thread 1418-09-2026 00:29:34 [38;5;015m[INFO]: [0mThis is a info message from thread 718-09-2026 00:29:34 [38;5;009m[ERROR]: [0mThis is a error message from thread 2318-09-2026 00:29:34 [38;5;009m[ERROR]: [0mThis is a error message from thread 2618-09-2026 00:29:34 [38;5;015m[INFO]: [0mThis is a info message from thread 118-09-2026 00:29:34 [38;5;009m[ERROR]: [0mThis is a error message from thread 1918-09-2026 00:29:34 [38;5;009m[ERROR]: [0mThis is a error message from thread 318-09-2026 00:29:34 [38;5;117m[DEBUG]: [0mThis is a debug message from thread 2518-09-2026 00:29:34 [38;5;015m[INFO]: [0mThis is a info message from thread 1318-09-2026 00:29:34 [38;5;015m[INFO]: [0mThis is a info message from thread 2718-09-2026 00:29:34 [38;5;117m[DEBUG]: [0mThis is a debug message from thread 2318-09-2026 00:29:34 [38;5;009m[ERROR]: [0mThis is a error message from thread 118-09-2026 00:29:34 [38;5;009m[ERROR]: [0mThis is a error message from thread 1118-09-2026 00:29:34 [38;5;015m[INFO]: [0mThis is a info message from thread 2318-09-2026 00:29:34 [38;5;117m[DEBUG]: [0mThis is a debug message from thread 218-09-2026 00:29:34 [38;5;009m[ERROR]: [0mThis is a error message from thread 2118-09-2026 00:29:34 [38;5;009m[ERROR]: [0mThis is a error message from thread 718-09-2026 00:29:34 [38;5;009m[ERROR]: [0mThis is a error message from thread 1718-09-2026 00:29:34 [38;5;117m[DEBUG]: [0mThis is a debug message from thread 118-09-2026 00:29:34 [38;5;117m[DEBUG]: [0mThis is a debug message from thread 318-09-2026 00:29:34 [38;5;117m[DEBUG]: [0mThis is a debug message from thread 618-09-2026 00:29:34 [38;5;015m[INFO]: [0mThis is a info message from thread 618-09-2026 00:29:34 [38;5;117m[DEBUG]: [0mThis is a debug message from thread 1118-09-2026 00:29:34 [38;5;117m[DEBUG]: [0mThis is a debug message from thread 718-09-2026 00:29:34 [38;5;117m[DEBUG]: [0mThis is a debug message from thread 2118-09-2026 00:29:34 [38;5;009m[ERROR]: [0mThis is a error message from thread 2418-09-2026 00:29:34 [38;5;117m[DEBUG]: [0mThis is a debug message from thread 018-09-2026 00:29:34 [38;5;009m[ERROR]: [0mThis is a error message from thread 2318-09-2026 00:29:34 [38;5;117m[DEBUG]: [0mThis is a debug message from thread 1718-09-2026 00:29:34 [38;5;009m[ERROR]: [0mThis is a error message from thread 1018-09-2026 00:29:34 [38;5;015m[INFO]: [0mThis is a info message from thread 718-09-2026 00:29:34 [38;5;015m[INFO]: [0mThis is a info message from thread 1118-09-2026 00:29:34 [38;5;015m[INFO]: [0mThis is a info message from thread 1818-09-2026 00:29:34 [38;5;009m[ERROR]: [0mThis is a error message from thread 2918-09-2026 00:29:34 [38;5;015m[INFO]: [0mThis is a info message from thread 1718-09-2026 00:29:34 [38;5;117m[DEBUG]: [0mThis is a debug message from thread 1918-09-2026 00:29:34 [38;5;009m[ERROR]: [0mThis is a error message from thread 1118-09-2026 00:29:34 [38;5;009m[ERROR]: [0mThis is a error message from thread 618-09-2026 00:29:34 [38;5;117m[DEBUG]: [0mThis is a debug message from thread 618-09-2026 00:29:34 [38;5;015m[INFO]: [0mThis is a info message from thread 2118-09-2026 00:29:34 [38;5;117m[DEBUG]: [0mThis is a debug message from thread 2918-09-2026 00:29:34 [38;5;009m[ERROR]: [0mThis is a error message from thread 718-09-2026 00:29:34 [38;5;015m[INFO]: [0mThis is a info message from thread 2918-09-2026 00:29:34 [38;5;117m[DEBUG]: [0mThis is a debug message from thread 718-09-2026 00:29:34 [38;5;117m[DEBUG]: [0mThis is a debug message from thread 1118-09-2026 00:29:34 [38;5;015m[INFO]: [0mThis is a info message from thread 618-09-2026 00:29:34 [38;5;009m[ERROR]: [0mThis is a error message from thread 2718-09-2026 00:29:34 [38;5;009m[ERROR]: [0mThis is a error message from thread 2118-09-2026 00:29:34 [38;5;009m[ERROR]: [0mThis is a error message from thread 618-09-2026 00:29:34 [38;5;015m[INFO]: [0mThis is a info message from thread 1118-09-2026 00:29:34 [38;5;117m[DEBUG]: [0mThis is a debug message from thread 2318-09-2026 00:29:34 [38;5;015m[INFO]: [0mThis is a info message from thread 718-09-2026 00:29:34 [38;5;015m[INFO]: [0mThis is a info message from thread 2318-09-2026 00:29:34 [38;5;009m[ERROR]: [0mThis is a error message from thread 1818-09-2026 00:29:34 [38;5;117m[DEBUG]: [0mThis is a debug message from thread 2118-09-2026 00:29:34 [38;5;009m[ERROR]: [0mThis is a error message from thread 1518-09-2026 00:29:34 [38;5;009m[ERROR]: [0mThis is a error message from thread 2918-09-2026 00:29:34 [38;5;015m[INFO]: [0mThis is a info message from thread 518-09-2026 00:29:34 [38;5;009m[ERROR]: [0mThis is a error message from thread 718-09-2026 00:29:34 [38;5;015m[INFO]: [0mThis is a info message from thread 2118-09-2026 00:29:34 [38;5;117m[DEBUG]: [0mThis is a debug message from thread 1518-09-2026 00:29:34 [38;5;015m[INFO]: [0mThis is a info message from thread 1518-09-2026 00:29:34 [38;5;009m[ERROR]: [0mThis is a error message from thread 1718-09-2026 00:29:34 [38;5;009m[ERROR]: [0mThis is a error message from thread 1118-09-2026 00:29:34 [38;5;117m[DEBUG]: [0mThis is a debug message from thread 2918-09-2026 00:29:34 [38;5;117m[DEBUG]: [0mThis is a debug message from thread 718-09-2026 00:29:34 [38;5;015m[INFO]: [0mThis is a info message from thread 1918-09-2026 00:29:34 [38;5;117m[DEBUG]: [0mThis is a debug message from thread 1718-09-2026 00:29:34 [38;5;015m[INFO]: [0mThis is a info message from thread 2918-09-2026 00:29:34 [38;5;117m[DEBUG]: [0mThis is a debug message from thread 2018-09-2026 00:29:34 [38;5;015m[INFO]: [0mThis is a info message from thread 218-09-2026 00:29:34 [38;5;117m[DEBUG]: [0mThis is a debug message from thread 2418-09-2026 00:29:34 [38;5;009m[ERROR]: [0mThis is a error message from thread 518-09-2026 00:29:34 [38;5;009m[ERROR]: [0mThis is a error message from thread 1418-09-2026 00:29:34 [38;5;117m[DEBUG]: [0mThis is a debug message from thread 1118-09-2026 00:29:34 [38;5;009m[ERROR]: [0mThis is a error message from thread 418-09-2026 00:29:34 [38;5;117m[DEBUG]: [0mThis is a debug message from thread 1018-09-2026 00:29:34 [38;5;015m[INFO]: [0mThis is a info message from thread 1118-09-2026 00:29:34 [38;5;009m[ERROR]: [0mThis is a error message from thread 1118-09-2026 00:29:34 [38;5;117m[DEBUG]: [0mThis is a debug message from thread 418-09-2026 00:29:34 [38;5;015m[INFO]: [0mThis is a info message from thread 2518-09-2026 00:29:34 [38;5;009m[ERROR]: [0mThis is a error message from thread 2318-09-2026 00:29:34 [38;5;009m[ERROR]: [0mThis is a error message from thread 1318-09-2026 00:29:34 [38;5;015m[INFO]: [0mThis is a info message from thread 2818-09-2026 00:29:34 [38;5;009m[ERROR]: [0mThis is a error message from thread 2818-09-2026 00:29:34 [38;5;009m[ERROR]: [0mThis is a error message from thread 2518-09-2026 00:29:34 [38;5;117m[DEBUG]: [0mThis is a debug message from thread 518-09-2026 00:29:34 [38;5;117m[DEBUG]: [0mThis is a debug message from thread 2818-09-2026 00:29:34 [38;5;117m[DEBUG]: [0mThis is a debug message from thread 1318-09-2026 00:29:34 [38;5;015m[INFO]: [0mThis is a info message from thread 2818-09-2026 00:29:34 [38;5;009m[ERROR]: [0mThis is a error message from thread 1518-09-2026 00:29:34 [38;5;117m[DEBUG]: [0mThis is a debug message from thread 2318-09-2026 00:29:34 [38;5;015m[INFO]: [0mThis is a info message from thread 1318-09-2026 00:29:34 [38;5;009m[ERROR]: [0mThis is a error message from thread 2818-09-2026 00:29:34 [38;5;015m[INFO]: [0mThis is a info message from thread 718-09-2026 00:29:34 [38;5;117m[DEBUG]: [0mThis is a debug message from thread 1118-09-2026 00:29:34 [38;5;117m[DEBUG]: [0mThis is a debug message from thread 2818-09-2026 00:29:34 [38;5;117m[DEBUG]: [0mThis is a debug message from thread 1818-09-2026 00:29:34 [38;5;117m[DEBUG]: [0mThis is a debug message from thread 2718-09-2026 00:29:34 [38;5;117m[DEBUG]: [0mThis is a debug message from thread 1518-09-2026 00:29:34 [38;5;009m[ERROR]: [0mThis is a error message from thread 718-09-2026 00:29:34 [38;5;015m[INFO]: [0mThis is a info message from thread 2718-09-2026 00:29:34 [38;5;009m[ERROR]: [0mThis is a error message from thread 2718-09-2026 00:29:34 [38;5;015m[INFO]: [0mThis is a info message from thread 518-09-2026 00:29:34 [38;5;117m[DEBUG]: [0mThis is a debug message from thread 718-09-2026 00:29:34 [38;5;015m[INFO]: [0mThis is a info message from thread 1718-09-2026 00:29:34 [38;5;015m[INFO]: [0mThis is a info message from thread 2818-09-2026 00:29:34 [38;5;015m[INFO]: [0mThis is a info message from thread 718-09-2026 00:29:34 [38;5;015m[INFO]: [0mThis is a info message from thread 018-09-2026 00:29:34 [38;5;117m[DEBUG]: [0mThis is a debug message from thread 2718-09-2026 00:29:34 [38;5;009m[ERROR]: [0mThis is a error message from thread 2118-09-2026 00:29:34 [38;5;009m[ERROR]: [0mThis is a error message from thread 1918-09-2026 00:29:34 [38;5;009m[ERROR]: [0mThis is a error message from thread 1718-09-2026 00:29:34 [38;5;117m[DEBUG]: [0mThis is a debug message from thread 2118-09-2026 00:29:34 [38;5;009m[ERROR]: [0mThis is a error message from thread 2818-09-2026 00:29:34 [38;5;015m[INFO]: [0mThis is a info message from thread 2318-09-2026 00:29:34 [38;5;009m[ERROR]: [0mThis is a error message from thread 718-09-2026 00:29:34 [38;5;015m[INFO]: [0mThis is a info message from thread 1118-09-2026 00:29:34 [38;5;015m[INFO]: [0mThis is a info message from thread 1018-09-2026 00:29:34 [38;5;117m[DEBUG]: [0mThis is a debug message from thread 2818-09-2026 00:29:34 [38;5;015m[INFO]: [0mThis is a info message from thread 2718-09-2026 00:29:34 [38;5;015m[INFO]: [0mThis is a info message from thread 1518-09-2026 00:29:34 [38;5;015m[INFO]: [0mThis is a info message from thread 1818-09-2026 00:29:34 [38;5;015m[INFO]: [0mThis is a info message from thread 818-09-2026 00:29:34 [38;5;117m[DEBUG]: [0mThis is a debug message from thread 1218-09-2026 00:29:34 [38;5;117m[DEBUG]: [0mThis is a debug message from thread 718-09-2026 00:29:34 [38;5;009m[ERROR]: [0mThis is a error message from thread 2718-09-2026 00:29:34 [38;5;015m[INFO]: [0mThis is a info message from thread 2418-09-2026 00:29:34 [38;5;117m[DEBUG]: [0mThis is a debug message from thread 1418-09-2026 00:29:34 [38;5;009m[ERROR]: [0mThis is a error message from thread 2918-09-2026 00:29:34 [38;5;015m[INFO]: [0mThis is a info message from thread 918-09-2026 00:29:34 [38;5;117m[DEBUG]: [0mThis is a debug message from thread 1718-09-2026 00:29:34 [38;5;117m[DEBUG]: [0mThis is a debug message from thread 2718-09-2026 00:29:34 [38;5;117m[DEBUG]: [0mThis is a debug message from thread 2618-09-2026 00:29:34 [38;5;009m[ERROR]: [0mThis is a error message from thread 218-09-2026 00:29:34 [38;5;009m[ERROR]: [0mThis is a error message from thread 1018-09-2026 00:29:34 [38;5;015m[INFO]: [0mThis is a info message from thread 1218-09-2026 00:29:34 [38;5;015m[INFO]: [0mThis is a info message from thread 418-09-2026 00:29:34 [38;5;117m[DEBUG]: [0mThis is a debug message from thread 218-09-2026 00:29:34 [38;5;009m[ERROR]: [0mThis is a error message from thread 1818-09-2026 00:29:34 [38;5;015m[INFO]: [0mThis is a info message from thread 118-09-2026 00:29:34 [38;5;015m[INFO]: [0mThis is a info message from thread 218-09-2026 00:29:34 [38;5;015m[INFO]: [0mThis is a info message from thread 1718-09-2026 00:29:34 [38;5;015m[INFO]: [0mThis is a info message from thread 2618-09-2026 00:29:34 [38;5;015m[INFO]: [0mThis is a info message from thread 1418-09-2026 00:29:34 [38;5;015m[INFO]: [0mThis is a info message from thread 2018-09-2026 00:29:34 [38;5;117m[DEBUG]: [0mThis is a debug message from thread 1818-09-2026 00:29:34 [38;5;009m[ERROR]: [0mThis is a error message from thread 1218-09-2026 00:29:34 [38;5;015m[INFO]: [0mThis is a info message from thread 2718-09-2026 00:29:34 [38;5;009m[ERROR]: [0mThis is a error message from thread 118-09-2026 00:29:34 [38;5;117m[DEBUG]: [0mThis is a debug message from thread 118-09-2026 00:29:34 [38;5;015m[INFO]: [0mThis is a info message from thread 318-09-2026 00:29:34 [38;5;009m[ERROR]: [0mThis is a error message from thread 2618-09-2026 00:29:34 [38;5;117m[DEBUG]: [0mThis is a debug message from thread 1218-09-2026 00:29:34 [38;5;117m[DEBUG]: [0mThis is a debug message from thread 2918-09-2026 00:29:34 [38;5;009m[ERROR]: [0mThis is a error message from thread 1718-09-2026 00:29:34 [38;5;009m[ERROR]: [0mThis is a error message from thread 1318-09-2026 00:29:34 [38;5;015m[INFO]: [0mThis is a info message from thread 2918-09-2026 00:29:34 [38;5;117m[DEBUG]: [0mThis is a debug message from thread 1918-09-2026 00:29:34 [38;5;117m[DEBUG]: [0mThis is a debug message from thread 2618-09-2026 00:29:34 [38;5;015m[INFO]: [0mThis is a info message from thread 1818-09-2026 00:29:34 [38;5;009m[ERROR]: [0mThis is a error message from thread 318-09-2026 00:29:34 [38;5;015m[INFO]: [0mThis is a info message from thread 1218-09-2026 00:29:34 [38;5;009m[ERROR]: [0mThis is a error message from thread 2218-09-2026 00:29:34 [38;5;009m[ERROR]: [0mThis is a error message from thread 2918-09-2026 00:29:34 [38;5;117m[DEBUG]: [0mThis is a debug message from thread 2918-09-2026 00:29:34 [38;5;117m[DEBUG]: [0mThis is a debug message from thread 318-09-2026 00:29:34 [38;5;009m[ERROR]: [0mThis is a error message from thread 518-09-2026 00:29:34 [38;5;009m[ERROR]: [0mThis is a error message from thread 1518-09-2026 00:29:34 [38;5;009m[ERROR]: [0mThis is a error message from thread 018-09-2026 00:29:34 [38;5;009m[ERROR]: [0mThis is a error message from thread 218-09-2026 00:29:34 [38;5;015m[INFO]: [0mThis is a info message from thread 2618-09-2026 00:29:34 [38;5;009m[ERROR]: [0mThis is a error message from thread 1818-09-2026 00:29:34 [38;5;015m[INFO]: [0mThis is a info message from thread 118-09-2026 00:29:34 [38;5;117m[DEBUG]: [0mThis is a debug message from thread 018-09-2026 00:29:34 [38;5;117m[DEBUG]: [0mThis is a debug message from thread 518-09-2026 00:29:34 [38;5;009m[ERROR]: [0mThis is a error message from thread 1418-09-2026 00:29:34 [38;5;009m[ERROR]: [0mThis is a error message from thread 1118-09-2026 00:29:34 [38;5;009m[ERROR]: [0mThis is a error message from thread 118-09-2026 00:29:34 [38;5;015m[INFO]: [0mThis is a info message from thread 318-09-2026 00:29:34 [38;5;015m[INFO]: [0mThis is a info message from thread 2818-09-2026 00:29:34 [38;5;009m[ERROR]: [0mThis is a error message from thread 2418-09-2026 00:29:34 [38;5;015m[INFO]: [0mThis is a info message from thread 2118-09-2026 00:29:34 [38;5;117m[DEBUG]: [0mThis is a debug message from thread 1718-09-2026 00:29:34 [38;5;009m[ERROR]: [0mThis is a error message from thread 318-09-2026 00:29:34 [38;5;117m[DEBUG]: [0mThis is a debug message from thread 1518-09-2026 00:29:34 [38;5;117m[DEBUG]: [0mThis is a debug message from thread 1118-09-2026 00:29:34 [38;5;117m[DEBUG]: [0mThis is a debug message from thread 118-09-2026 00:29:34 [38;5;117m[DEBUG]: [0mThis is a debug message from thread 1018-09-2026 00:29:34 [38;5;009m[ERROR]: [0mThis is a error message from thread 2018-09-2026 00:29:34 [38;5;009m[ERROR]: [0mThis is a error message from thread 818-09-2026 00:29:34 [38;5;009m[ERROR]: [0mThis is a error message from thread 2718-09-2026 00:29:34 [38;5;009m[ERROR]: [0mThis is a error message from thread 2818-09-2026 00:29:34 [38;5;117m[DEBUG]: [0mThis is a debug message from thread 618-09-2026 00:29:34 [38;5;117m[DEBUG]: [0mThis is a debug message from thread 2418-09-2026 00:29:34 [38;5;117m[DEBUG]: [0mThis is a debug message from thread 218-09-2026 00:29:34 [38;5;009m[ERROR]: [0mThis is a error message from thread 2118-09-2026 00:29:34 [38;5;009m[ERROR]: [0mThis is a error message from thread 1218-09-2026 00:29:34 [38;5;015m[INFO]: [0mThis is a info message from thread 518-09-2026 00:29:34 [38;5;015m[INFO]: [0mThis is a info message from thread 618-09-2026 00:29:34 [38;5;117m[DEBUG]: [0mThis is a debug message from thread 1218-09-2026 00:29:34 [38;5;015m[INFO]: [0mThis is a info message from thread 1918-09-2026 00:29:34 [38;5;015m[INFO]: [0mThis is a info message from thread 1718-09-2026 00:29:34 [38;5;117m[DEBUG]: [0mThis is a debug message from thread 2718-09-2026 00:29:34 [38;5;015m[INFO]: [0mThis is a info message from thread 1218-09-2026 00:29:34 [38;5;009m[ERROR]: [0mThis is a error message from thread 518-09-2026 00:29:34 [38;5;015m[INFO]: [0mThis is a info message from thread 1018-09-2026 00:29:34 [38;5;117m[DEBUG]: [0mThis is a debug message from thread 2118-09-2026 00:29:34 [38;5;015m[INFO]: [0mThis is a info message from thread 118-09-2026 00:29:34 [38;5;015m[INFO]: [0mThis is a info message from thread 018-09-2026 00:29:34 [38;5;009m[ERROR]: [0mThis is a error message from thread 2318-09-2026 00:29:34 [38;5;117m[DEBUG]: [0mThis is a debug message from thread 1818-09-2026 00:29:34 [38;5;117m[DEBUG]: [0mThis is a debug message from thread 2318-09-2026 00:29:34 [38;5;015m[INFO]: [0mThis is a info message from thread 2318-09-2026 00:29:34 [38;5;009m[ERROR]: [0mThis is a error message from thread 018-09-2026 00:29:34 [38;5;009m[ERROR]: [0mThis is a error message from thread 2318-09-2026 00:29:34 [38;5;015m[INFO]: [0mThis is a info message from thread 2718-09-2026 00:29:34 [38;5;009m[ERROR]: [0mThis is a error message from thread 418-09-2026 00:29:34 [38;5;009m[ERROR]: [0mThis is a error message from thread 1018-09-2026 00:29:34 [38;5;015m[INFO]: [0mThis is a info message from thread 1818-09-2026 00:29:34 [38;5;009m[ERROR]: [0mThis is a error message from thread 1718-09-2026 00:29:34 [38;5;015m[INFO]: [0mThis is a info message from thread 718-09-2026 00:29:34 [38;5;015m[INFO]: [0mThis is a info message from thread 1518-09-2026 00:29:34 [38;5;117m[DEBUG]: [0mThis is a debug message from thread 818-09-2026 00:29:34 [38;5;009m[ERROR]: [0mThis is a error message from thread 718-09-2026 00:29:34 [38;5;009m[ERROR]: [0mThis is a error message from thread 118-09-2026 00:29:34 [38;5;117m[DEBUG]: [0mThis is a debug message from thread 418-09-2026 00:29:34 [38;5;015m[INFO]: [0mThis is a info message from thread 418-09-2026 00:29:34 [38;5;117m[DEBUG]: [0mThis is a debug message from thread 2318-09-2026 00:29:34 [38;5;117m[DEBUG]: [0mThis is a debug message from thread 118-09-2026 00:29:34 [38;5;009m[ERROR]: [0mThis is a error message from thread 418-09-2026 00:29:34 [38;5;015m[INFO]: [0mThis is a info message from thread 2118-09-2026 00:29:34 [38;5;015m[INFO]: [0mThis is a info message from thread 2418-09-2026 00:29:34 [38;5;117m[DEBUG]: [0mThis is a debug message from thread 1418-09-2026 00:29:34 [38;5;009m[ERROR]: [0mThis is a error message from thread 1818-09-2026 00:29:34 [38;5;117m[DEBUG]: [0mThis is a debug message from thread 2518-09-2026 00:29:34 [38;5;117m[DEBUG]: [0mThis is a debug message from thread 1718-09-2026 00:29:34 [38;5;015m[INFO]: [0mThis is a info message from thread 1418-09-2026 00:29:34 [38;5;117m[DEBUG]: [0mThis is a debug message from thread 318-09-2026 00:29:34 [38;5;009m[ERROR]: [0mThis is a error message from thread 1518-09-2026 00:29:34 [38;5;117m[DEBUG]: [0mThis is a debug message from thread 718-09-2026 00:29:34 [38;5;009m[ERROR]: [0mThis is a error message from thread 1418-09-2026 00:29:34 [38;5;015m[INFO]: [0mThis is a info message from thread 318-09-2026 00:29:34 [38;5;009m[ERROR]: [0mThis is a error message from thread 2418-09-2026 00:29:34 [38;5;009m[ERROR]: [0mThis is a error message from thread 2118-09-2026 00:29:34 [38;5;015m[INFO]: [0mThis is a info message from thread 1718-09-2026 00:29:34 [38;5;015m[INFO]: [0mThis is a info message from thread 118-09-2026 00:29:34 [38;5;015m[INFO]: [0mThis is a info message from thread 818-09-2026 00:29:34 [38;5;015m[INFO]: [0mThis is a info message from thread 2518-09-2026 00:29:34 [38;5;117m[DEBUG]: [0mThis is a debug message from thread 1818-09-2026 00:29:34 [38;5;009m[ERROR]: [0mThis is a error message from thread 118-09-2026 00:29:34 [38;5;009m[ERROR]: [0mThis is a error message from thread 918-09-2026 00:29:34 [38;5;015m[INFO]: [0mThis is a info message from thread 1618-09-2026 00:29:34 [38;5;117m[DEBUG]: [0mThis is a debug message from thread 2118-09-2026 00:29:34 [38;5;009m[ERROR]: [0mThis is a error message from thread 318-09-2026 00:29:34 [38;5;009m[ERROR]: [0mThis is a error message from thread 2518-09-2026 00:29:34 [38;5;009m[ERROR]: [0mThis is a error message from thread 1718-09-2026 00:29:34 [38;5;117m[DEBUG]: [0mThis is a debug message from thread 2418-09-2026 00:29:34 [38;5;117m[DEBUG]: [0mThis is a debug message from thread 1718-09-2026 00:29:34 [38;5;015m[INFO]: [0mThis is a info message from thread 2418-09-2026 00:29:34 [38;5;009m[ERROR]: [0mThis is a error message from thread 1618-09-2026 00:29:34 [38;5;015m[INFO]: [0mThis is a info message from thread 2118-09-2026 00:29:34 [38;5;015m[INFO]: [0mThis is a info message from thread 218-09-2026 00:29:34 [38;5;117m[DEBUG]: [0mThis is a debug message from thread 118-09-2026 00:29:34 [38;5;009m[ERROR]: [0mThis is a error message from thread 2418-09-2026 00:29:34 [38;5;117m[DEBUG]: [0mThis is a debug message from thread 2518-09-2026 00:29:34 [38;5;117m[DEBUG]: [0mThis is a debug message from thread 318-09-2026 00:29:34 [38;5;117m[DEBUG]: [0mThis is a debug message from thread 418-09-2026 00:29:34 [38;5;117m[DEBUG]: [0mThis is a debug message from thread 1318-09-2026 00:29:34 [38;5;015m[INFO]: [0mThis is a info message from thread 118-09-2026 00:29:34 [38;5;015m[INFO]: [0mThis is a info message from thread 418-09-2026 00:29:34 [38;5;015m[INFO]: [0mThis is a info message from thread 2518-09-2026 00:29:34 [38;5;117m[DEBUG]: [0mThis is a debug message from thread 2818-09-2026 00:29:34 [38;5;015m[INFO]: [0mThis is a info message from thread 318-09-2026 00:29:34 [38;5;117m[DEBUG]: [0mThis is a debug message from thread 1618-09-2026 00:29:34 [38;5;015m[INFO]: [0mThis is a info message from thread 1318-09-2026 00:29:34 [38;5;117m[DEBUG]: [0mThis is a debug message from thread 2018-09-2026 00:29:34 [38;5;015m[INFO]: [0mThis is a info message from thread 1718-09-2026 00:29:34 [38;5;009m[ERROR]: [0mThis is a error message from thread 418-09-2026 00:29:34 [38;5;009m[ERROR]: [0mThis is a error message from thread 2118-09-2026 00:29:34 [38;5;009m[ERROR]: [0mThis is a error message from thread 318-09-2026 00:29:34 [38;5;015m[INFO]: [0mThis is a info message from thread 2018-09-2026 00:29:34 [38;5;015m[INFO]: [0mThis is a info message from thread 2918-09-2026 00:29:34 [38;5;009m[ERROR]: [0mThis is a error message from thread 2518-09-2026 00:29:34 [38;5;009m[ERROR]: [0mThis is a error message from thread 1318-09-2026 00:29:34 [38;5;009m[ERROR]: [0mThis is a error message from thread 2918-09-2026 00:29:34 [38;5;009m[ERROR]: [0mThis is a error message from thread 2018-09-2026 00:29:34 [38;5;117m[DEBUG]: [0mThis is a debug message from thread 2218-09-2026 00:29:34 [38;5;117m[DEBUG]: [0mThis is a debug message from thread 2918-09-2026 00:29:34 [38;5;117m[DEBUG]: [0mThis is a debug message from thread 518-09-2026 00:29:34 [38;5;009m[ERROR]: [0mThis is a error message from thread 2618-09-2026 00:29:34 [38;5;015m[INFO]: [0mThis is a info message from thread 1618-09-2026 00:29:34 [38;5;117m[DEBUG]: [0mThis is a debug message from thread 018-09-2026 00:29:34 [38;5;117m[DEBUG]: [0mThis is a debug message from thread 2118-09-2026 00:29:34 [38;5;117m[DEBUG]: [0mThis is a debug message from thread 1518-09-2026 00:29:34 [38;5;015m[INFO]: [0mThis is a info message from thread 518-09-2026 00:29:34 [38;5;015m[INFO]: [0mThis is a info message from thread 2118-09-2026 00:29:34 [38;5;015m[INFO]: [0mThis is a info message from thread 2918-09-2026 00:29:34 [38;5;117m[DEBUG]: [0mThis is a debug message from thread 418-09-2026 00:29:34 [38;5;015m[INFO]: [0mThis is a info message from thread 418-09-2026 00:29:34 [38;5;009m[ERROR]: [0mThis is a error message from thread 2918-09-2026 00:29:34 [38;5;117m[DEBUG]: [0mThis is a debug message from thread 2018-09-2026 00:29:34 [38;5;009m[ERROR]: [0mThis is a error message from thread 1718-09-2026 00:29:34 [38;5;009m[ERROR]: [0mThis is a error message from thread 2118-09-2026 00:29:34 [38;5;009m[ERROR]: [0mThis is a error message from thread 1918-09-2026 00:29:34 [38;5;009m[ERROR]: [0mThis is a error message from thread 218-09-2026 00:29:34 [38;5;015m[INFO]: [0mThis is a info message from thread 2018-09-2026 00:29:34 [38;5;117m[DEBUG]: [0mThis is a debug message from thread 2618-09-2026 00:29:34 [38;5;015m[INFO]: [0mThis is a info message from thread 2318-09-2026 00:29:34 [38;5;009m[ERROR]: [0mThis is a error message from thread 418-09-2026 00:29:34 [38;5;009m[ERROR]: [0mThis is a error message from thread 518-09-2026 00:29:34 [38;5;117m[DEBUG]: [0mThis is a debug message from thread 318-09-2026 00:29:34 [38;5;117m[DEBUG]: [0mThis is a debug message from thread 2118-09-2026 00:29:34 [38;5;117m[DEBUG]: [0mThis is a debug message from thread 1918-09-2026 00:29:34 [38;5;015m[INFO]: [0mThis is a info message from thread 2118-09-2026 00:29:34 [38;5;009m[ERROR]: [0mThis is a error message from thread 2318-09-2026 00:29:34 [38;5;009m[ERROR]: [0mThis is a error message from thread 2118-09-2026 00:29:34 [38;5;117m[DEBUG]: [0mThis is a debug message from thread 2518-09-2026 00:29:34 [38;5;117m[DEBUG]: [0mThis is a debug message from thread 1418-09-2026 00:29:34 [38;5;117m[DEBUG]: [0mThis is a debug message from thread 1718-09-2026 00:29:34 [38;5;015m[INFO]: [0mThis is a info message from thread 318-09-2026 00:29:34 [38;5;117m[DEBUG]: [0mThis is a debug message from thread 1318-09-2026 00:29:34 [38;5;117m[DEBUG]: [0mThis is a debug message from thread 2418-09-2026 00:29:34 [38;5;117m[DEBUG]: [0mThis is a debug message from thread 518-09-2026 00:29:34 [38;5;117m[DEBUG]: [0mThis is a debug message from thread 2318-09-2026 00:29:34 [38;5;009m[ERROR]: [0mThis is a error message from thread 618-09-2026 00:29:34 [38;5;015m[INFO]: [0mThis is a info message from thread 2218-09-2026 00:29:34 [38;5;117m[DEBUG]: [0mThis is a debug message from thread 2118-09-2026 00:29:34 [38;5;015m[INFO]: [0mThis is a info message from thread 718-09-2026 00:29:34 [38;5;015m[INFO]: [0mThis is a info message from thread 1518-09-2026 00:29:34 [38;5;009m[ERROR]: [0mThis is a error message from thread 2718-09-2026 00:29:34 [38;5;015m[INFO]: [0mThis is a info message from thread 2418-09-2026 00:29:34 [38;5;015m[INFO]: [0mThis is a info message from thread 2618-09-2026 00:29:34 [38;5;015m[INFO]: [0mThis is a info message from thread 1318-09-2026 00:29:34 [38;5;009m[ERROR]: [0mThis is a error message from thread 2018-09-2026 00:29:34 [38;5;015m[INFO]: [0mThis is a info message from thread 018-09-2026 00:29:34 [38;5;117m[DEBUG]: [0mThis is a debug message from thread 2918-09-2026 00:29:34 [38;5;117m[DEBUG]: [0mThis is a debug message from thread 218-09-2026 00:29:34 [38;5;015m[INFO]: [0mThis is a info message from thread 2818-09-2026 00:29:34 [38;5;009m[ERROR]: [0mThis is a error message from thread 2218-09-2026 00:29:34 [38;5;015m[INFO]: [0mThis is a info message from thread 1818-09-2026 00:29:34 [38;5;117m[DEBUG]: [0mThis is a debug message from thread 2718-09-2026 00:29:34 [38;5;009m[ERROR]: [0mThis is a error message from thread 1818-09-2026 00:29:34 [38;5;009m[ERROR]: [0mThis is a error message from thread 1318-09-2026 00:29:34 [38;5;009m[ERROR]: [0mThis is a error message from thread 2618-09-2026 00:29:34 [38;5;117m[DEBUG]: [0mThis is a debug message from thread 2218-09-2026 00:29:34 [38;5;009m[ERROR]: [0mThis is a error message from thread 018-09-2026 00:29:34 [38;5;117m[DEBUG]: [0mThis is a debug message from thread 1818-09-2026 00:29:34 [38;5;117m[DEBUG]: [0mThis is a debug message from thread 2018-09-2026 00:29:34 [38;5;015m[INFO]: [0mThis is a info message from thread 2918-09-2026 00:29:34 [38;5;015m[INFO]: [0mThis is a info message from thread 2718-09-2026 00:29:34 [38;5;009m[ERROR]: [0mThis is a error message from thread 2818-09-2026 00:29:34 [38;5;015m[INFO]: [0mThis is a info message from thread 2118-09-2026 00:29:34 [38;5;117m[DEBUG]: [0mThis is a debug message from thread 2618-09-2026 00:29:34 [38;5;015m[INFO]: [0mThis is a info message from thread 2218-09-2026 00:29:34 [38;5;015m[INFO]: [0mThis is a info message from thread 2618-09-2026 00:29:34 [38;5;009m[ERROR]: [0mThis is a error message from thread 2918-09-2026 00:29:34 [38;5;117m[DEBUG]: [0mThis is a debug message from thread 2918-09-2026 00:29:34 [38;5;009m[ERROR]: [0mThis is a error message from thread 718-09-2026 00:29:34 [38;5;009m[ERROR]: [0mThis is a error message from thread 1218-09-2026 00:29:34 [38;5;015m[INFO]: [0mThis is a info message from thread 2018-09-2026 00:29:34 [38;5;015m[INFO]: [0mThis is a info message from thread 1118-09-2026 00:29:34 [38;5;009m[ERROR]: [0mThis is a error message from thread 2418-09-2026 00:29:34 [38;5;009m[ERROR]: [0mThis is a error message from thread 1618-09-2026 00:29:34 [38;5;009m[ERROR]: [0mThis is a error message from thread 2618-09-2026 00:29:34 [38;5;009m[ERROR]: [0mThis is a error message from thread 2218-09-2026 00:29:34 [38;5;009m[ERROR]: [0mThis is a error message from thread 2018-09-2026 00:29:34 [38;5;117m[DEBUG]: [0mThis is a debug message from thread 1218-09-2026 00:29:34 [38;5;117m[DEBUG]: [0mThis is a debug message from thread 2418-09-2026 00:29:34 [38;5;117m[DEBUG]: [0mThis is a debug message from thread 2018-09-2026 00:29:34 [38;5;117m[DEBUG]: [0mThis is a debug message from thread 2618-09-2026 00:29:34 [38;5;117m[DEBUG]: [0mThis is a debug message from thread 018-09-2026 00:29:34 [38;5;117m[DEBUG]: [0mThis is a debug message from thread 918-09-2026 00:29:34 [38;5;015m[INFO]: [0mThis is a info message from thread 2918-09-2026 00:29:34 [38;5;015m[INFO]: [0mThis is a info message from thread 2618-09-2026 00:29:34 [38;5;009m[ERROR]: [0mThis is a error message from thread 2918-09-2026 00:29:34 [38;5;015m[INFO]: [0mThis is a info message from thread 2418-09-2026 00:29:34 [38;5;015m[INFO]: [0mThis is a info message from thread 1218-09-2026 00:29:34 [38;5;009m[ERROR]: [0mThis is a error message from thread 2618-09-2026 00:29:34 [38;5;117m[DEBUG]: [0mThis is a debug message from thread 2918-09-2026 00:29:34 [38;5;117m[DEBUG]: [0mThis is a debug message from thread 2218-09-2026 00:29:34 [38;5;015m[INFO]: [0mThis is a info message from thread 2018-09-2026 00:29:34 [38;5;015m[INFO]: [0mThis is a info message from thread 018-09-2026 00:29:34 [38;5;009m[ERROR]: [0mThis is a error message from thread 818-09-2026 00:29:34 [38;5;009m[ERROR]: [0mThis is a error message from thread 2418-09-2026 00:29:34 [38;5;015m[INFO]: [0mThis is a info message from thread 1818-09-2026 00:29:34 [38;5;117m[DEBUG]: [0mThis is a debug message from thread 2418-09-2026 00:29:34 [38;5;015m[INFO]: [0mThis is a info message from thread 2918-09-2026 00:29:34 [38;5;117m[DEBUG]: [0mThis is a debug message from thread 2618-09-2026 00:29:34 [38;5;009m[ERROR]: [0mThis is a error message from thread 2018-09-2026 00:29:34 [38;5;117m[DEBUG]: [0mThis is a debug message from thread 818-09-2026 00:29:34 [38;5;015m[INFO]: [0mThis is a info message from thread 2418-09-2026 00:29:34 [38;5;009m[ERROR]: [0mThis is a error message from thread 1218-09-2026 00:29:34 [38;5;015m[INFO]: [0mThis is a info message from thread 2618-09-2026 00:29:34 [38;5;009m[ERROR]: [0mThis is a error message from thread 2418-09-2026 00:29:34 [38;5;015m[INFO]: [0mThis is a info message from thread 818-09-2026 00:29:34 [38;5;009m[ERROR]: [0mThis is a error message from thread 2118-09-2026 00:29:34 [38;5;117m[DEBUG]: [0mThis is a debug message from thread 1218-09-2026 00:29:34 [38;5;009m[ERROR]: [0mThis is a error message from thread 2918-09-2026 00:29:34 [38;5;009m[ERROR]: [0mThis is a error message from thread 2618-09-2026 00:29:34 [38;5;009m[ERROR]: [0mThis is a error message from thread 018-09-2026 00:29:34 [38;5;009m[ERROR]: [0mThis is a error message from thread 1518-09-2026 00:29:34 [38;5;009m[ERROR]: [0mThis is a error message from thread 318-09-2026 00:29:34 [38;5;015m[INFO]: [0mThis is a info message from thread 1718-09-2026 00:29:34 [38;5;015m[INFO]: [0mThis is a info message from thread 2518-09-2026 00:29:34 [38;5;009m[ERROR]: [0mThis is a error message from thread 818-09-2026 00:29:34 [38;5;117m[DEBUG]: [0mThis is a debug message from thread 1018-09-2026 00:29:34 [38;5;009m[ERROR]: [0mThis is a error message from thread 1818-09-2026 00:29:34 [38;5;117m[DEBUG]: [0mThis is a debug message from thread 2018-09-2026 00:29:34 [38;5;015m[INFO]: [0mThis is a info message from thread 2318-09-2026 00:29:34 [38;5;015m[INFO]: [0mThis is a info message from thread 218-09-2026 00:29:34 [38;5;015m[INFO]: [0mThis is a info message from thread 1218-09-2026 00:29:34 [38;5;117m[DEBUG]: [0mThis is a debug message from thread 318-09-2026 00:29:34 [38;5;117m[DEBUG]: [0mThis is a debug message from thread 818-09-2026 00:29:34 [38;5;009m[ERROR]: [0mThis is a error message from thread 1218-09-2026 00:29:34 [38;5;117m[DEBUG]: [0mThis is a debug message from thread 618-09-2026 00:29:34 [38;5;015m[INFO]: [0mThis is a info message from thread 318-09-2026 00:29:34 [38;5;009m[ERROR]: [0mThis is a error message from thread 2518-09-2026 00:29:34 [38;5;117m[DEBUG]: [0mThis is a debug message from thread 1218-09-2026 00:29:34 [38;5;117m[DEBUG]: [0mThis is a debug message from thread 2618-09-2026 00:29:34 [38;5;015m[INFO]: [0mThis is a info message from thread 2018-09-2026 00:29:34 [38;5;009m[ERROR]: [0mThis is a error message from thread 2718-09-2026 00:29:34 [38;5;117m[DEBUG]: [0mThis is a debug message from thread 718-09-2026 00:29:34 [38;5;117m[DEBUG]: [0mThis is a debug message from thread 2518-09-2026 00:29:34 [38;5;015m[INFO]: [0mThis is a info message from thread 2218-09-2026 00:29:34 [38;5;117m[DEBUG]: [0mThis is a debug message from thread 2418-09-2026 00:29:34 [38;5;117m[DEBUG]: [0mThis is a debug message from thread 1818-09-2026 00:29:34 [38;5;117m[DEBUG]: [0mThis is a debug message from thread 2918-09-2026 00:29:34 [38;5;009m[ERROR]: [0mThis is a error message from thread 218-09-2026 00:29:34 [38;5;015m[INFO]: [0mThis is a info message from thread 918-09-2026 00:29:34 [38;5;015m[INFO]: [0mThis is a info message from thread 2518-09-2026 00:29:34 [38;5;015m[INFO]: [0mThis is a info message from thread 1218-09-2026 00:29:34 [38;5;015m[INFO]: [0mThis is a info message from thread 618-09-2026 00:29:34 [38;5;117m[DEBUG]: [0mThis is a debug message from thread 2718-09-2026 00:29:34 [38;5;015m[INFO]: [0mThis is a info message from thread 718-09-2026 00:29:34 [38;5;015m[INFO]: [0mThis is a info message from thread 818-09-2026 00:29:34 [38;5;015m[INFO]: [0mThis is a info message from thread 2718-09-2026 00:29:34 [38;5;015m[INFO]: [0mThis is a info message from thread 1818-09-2026 00:29:34 [38;5;009m[ERROR]: [0mThis is a error message from thread 818-09-2026 00:29:34 [38;5;009m[ERROR]: [0mThis is a error message from thread 1718-09-2026 00:29:34 [38;5;117m[DEBUG]: [0mThis is a debug message from thread 2118-09-2026 00:29:34 [38;5;117m[DEBUG]: [0mThis is a debug message from thread 418-09-2026 00:29:34 [38;5;117m[DEBUG]: [0mThis is a debug message from thread 1718-09-2026 00:29:34 [38;5;009m[ERROR]: [0mThis is a error message from thread 318-09-2026 00:29:34 [38;5;117m[DEBUG]: [0mThis is a debug message from thread 1318-09-2026 00:29:34 [38;5;015m[INFO]: [0mThis is a info message from thread 518-09-2026 00:29:34 [38;5;009m[ERROR]: [0mThis is a error message from thread 2718-09-2026 00:29:34 [38;5;117m[DEBUG]: [0mThis is a debug message from thread 318-09-2026 00:29:34 [38;5;009m[ERROR]: [0mThis is a error message from thread 918-09-2026 00:29:34 [38;5;015m[INFO]: [0mThis is a info message from thread 1318-09-2026 00:29:34 [38;5;015m[INFO]: [0mThis is a info message from thread 318-09-2026 00:29:34 [38;5;117m[DEBUG]: [0mThis is a debug message from thread 2718-09-2026 00:29:34 [38;5;009m[ERROR]: [0mThis is a error message from thread 518-09-2026 00:29:34 [38;5;009m[ERROR]: [0mThis is a error message from thread 618-09-2026 00:29:34 [38;5;015m[INFO]: [0mThis is a info message from thread 2418-09-2026 00:29:34 [38;5;009m[ERROR]: [0mThis is a error message from thread 1218-09-2026 00:29:34 [38;5;015m[INFO]: [0mThis is a info message from thread 418-09-2026 00:29:34 [38;5;117m[DEBUG]: [0mThis is a debug message from thread 918-09-2026 00:29:34 [38;5;015m[INFO]: [0mThis is a info message from thread 2718-09-2026 00:29:34 [38;5;117m[DEBUG]: [0mThis is a debug message from thread 518-09-2026 00:29:34 [38;5;117m[DEBUG]: [0mThis is a debug message from thread 1518-09-2026 00:29:34 [38;5;009m[ERROR]: [0mThis is a error message from thread 1118-09-2026 00:29:34 [38;5;009m[ERROR]: [0mThis is a error message from thread 318-09-2026 00:29:34 [38;5;117m[DEBUG]: [0mThis is a debug message from thread 018-09-2026 00:29:34 [38;5;009m[ERROR]: [0mThis is a error message from thread 718-09-2026 00:29:34 [38;5;015m[INFO]: [0mThis is a info message from thread 018-09-2026 00:29:34 [38;5;117m[DEBUG]: [0mThis is a debug message from thread 618-09-2026 00:29:34 [38;5;009m[ERROR]: [0mThis is a error message from thread 2718-09-2026 00:29:34 [38;5;117m[DEBUG]: [0mThis is a debug message from thread 318-09-2026 00:29:34 [38;5;009m[ERROR]: [0mThis is a error message from thread 118-09-2026 00:29:34 [38;5;015m[INFO]: [0mThis is a info message from thread 2618-09-2026 00:29:34 [38;5;015m[INFO]: [0mThis is a info message from thread 1018-09-2026 00:29:34 [38;5;117m[DEBUG]: [0mThis is a debug message from thread 218-09-2026 00:29:34 [38;5;117m[DEBUG]: [0mThis is a debug message from thread 1118-09-2026 00:29:34 [38;5;015m[INFO]: [0mThis is a info message from thread 618-09-2026 00:29:34 [38;5;015m[INFO]: [0mThis is a info message from thread 518-09-2026 00:29:34 [38;5;117m[DEBUG]: [0mThis is a debug message from thread 1218-09-2026 00:29:34 [38;5;009m[ERROR]: [0mThis is a error message from thread 1018-09-2026 00:29:34 [38;5;117m[DEBUG]: [0mThis is a debug message from thread 2718-09-2026 00:29:34 [38;5;015m[INFO]: [0mThis is a info message from thread 1918-09-2026 00:29:34 [38;5;009m[ERROR]: [0mThis is a error message from thread 2218-09-2026 00:29:34 [38;5;009m[ERROR]: [0mThis is a error message from thread 618-09-2026 00:29:34 [38;5;117m[DEBUG]: [0mThis is a debug message from thread 1018-09-2026 00:29:34 [38;5;015m[INFO]: [0mThis is a info message from thread 1418-09-2026 00:29:34 [38;5;009m[ERROR]: [0mThis is a error message from thread 2418-09-2026 00:29:34 [38;5;009m[ERROR]: [0mThis is a error message from thread 1318-09-2026 00:29:34 [38;5;015m[INFO]: [0mThis is a info message from thread 318-09-2026 00:29:34 [38;5;117m[DEBUG]: [0mThis is a debug message from thread 2218-09-2026 00:29:34 [38;5;009m[ERROR]: [0mThis is a error message from thread 418-09-2026 00:29:34 [38;5;015m[INFO]: [0mThis is a info message from thread 2218-09-2026 00:29:34 [38;5;009m[ERROR]: [0mThis is a error message from thread 518-09-2026 00:29:34 [38;5;015m[INFO]: [0mThis is a info message from thread 2718-09-2026 00:29:34 [38;5;015m[INFO]: [0mThis is a info message from thread 1218-09-2026 00:29:34 [38;5;117m[DEBUG]: [0mThis is a debug message from thread 418-09-2026 00:29:34 [38;5;015m[INFO]: [0mThis is a info message from thread 1718-09-2026 00:29:34 [38;5;009m[ERROR]: [0mThis is a error message from thread 1418-09-2026 00:29:34 [38;5;015m[INFO]: [0mThis is a info message from thread 2918-09-2026 00:29:34 [38;5;009m[ERROR]: [0mThis is a error message from thread 2518-09-2026 00:29:34 [38;5;015m[INFO]: [0mThis is a info message from thread 1118-09-2026 00:29:34 [38;5;009m[ERROR]: [0mThis is a error message from thread 2918-09-2026 00:29:34 [38;5;009m[ERROR]: [0mThis is a error message from thread 318-09-2026 00:29:34 [38;5;015m[INFO]: [0mThis is a info message from thread 218-09-2026 00:29:34 [38;5;117m[DEBUG]: [0mThis is a debug message from thread 1318-09-2026 00:29:34 [38;5;015m[INFO]: [0mThis is a info message from thread 418-09-2026 00:29:34 [38;5;009m[ERROR]: [0mThis is a error message from thread 418-09-2026 00:29:34 [38;5;117m[DEBUG]: [0mThis is a debug message from thread 418-09-2026 00:29:34 [38;5;009m[ERROR]: [0mThis is a error message from thread 1918-09-2026 00:29:34 [38;5;015m[INFO]: [0mThis is a info message from thread 918-09-2026 00:29:34 [38;5;117m[DEBUG]: [0mThis is a debug message from thread 518-09-2026 00:29:34 [38;5;117m[DEBUG]: [0mThis is a debug message from thread 2918-09-2026 00:29:34 [38;5;009m[ERROR]: [0mThis is a error message from thread 1818-09-2026 00:29:34 [38;5;009m[ERROR]: [0mThis is a error message from thread 1718-09-2026 00:29:34 [38;5;015m[INFO]: [0mThis is a info message from thread 518-09-2026 00:29:34 [38;5;117m[DEBUG]: [0mThis is a debug message from thread 1718-09-2026 00:29:34 [38;5;117m[DEBUG]: [0mThis is a debug message from thread 1818-09-2026 00:29:34 [38;5;015m[INFO]: [0mThis is a info message from thread 1718-09-2026 00:29:34 [38;5;015m[INFO]: [0mThis is a info message from thread 1818-09-2026 00:29:34 [38;5;009m[ERROR]: [0mThis is a error message from thread 918-09-2026 00:29:34 [38;5;117m[DEBUG]: [0mThis is a debug message from thread 1418-09-2026 00:29:34 [38;5;009m[ERROR]: [0mThis is a error message from thread 1818-09-2026 00:29:34 [38;5;117m[DEBUG]: [0mThis is a debug message from thread 2518-09-2026 00:29:34 [38;5;015m[INFO]: [0mThis is a info message from thread 418-09-2026 00:29:34 [38;5;015m[INFO]: [0mThis is a info message from thread 1018-09-2026 00:29:34 [38;5;009m[ERROR]: [0mThis is a error message from thread 1718-09-2026 00:29:34 [38;5;009m[ERROR]: [0mThis is a error message from thread 518-09-2026 00:29:34 [38;5;009m[ERROR]: [0mThis is a error message from thread 2318-09-2026 00:29:34 [38;5;117m[DEBUG]: [0mThis is a debug message from thread 518-09-2026 00:29:34 [38;5;117m[DEBUG]: [0mThis is a debug message from thread 818-09-2026 00:29:34 [38;5;117m[DEBUG]: [0mThis is a debug message from thread 2318-09-2026 00:29:34 [38;5;117m[DEBUG]: [0mThis is a debug message from thread 1818-09-2026 00:29:34 [38;5;015m[INFO]: [0mThis is a info message from thread 2918-09-2026 00:29:34 [38;5;015m[INFO]: [0mThis is a info message from thread 1518-09-2026 00:29:34 [38;5;015m[INFO]: [0mThis is a info message from thread 1318-09-2026 00:29:34 [38;5;015m[INFO]: [0mThis is a info message from thread 1818-09-2026 00:29:34 [38;5;015m[INFO]: [0mThis is a info message from thread 1418-09-2026 00:29:34 [38;5;009m[ERROR]: [0mThis is a error message from thread 418-09-2026 00:29:34 [38;5;009m[ERROR]: [0mThis is a error message from thread 2918-09-2026 00:29:34 [38;5;009m[ERROR]: [0mThis is a error message from thread 1418-09-2026 00:29:34 [38;5;117m[DEBUG]: [0mThis is a debug message from thread 1718-09-2026 00:29:34 [38;5;117m[DEBUG]: [0mThis is a debug message from thread 1418-09-2026 00:29:34 [38;5;117m[DEBUG]: [0mThis is a debug message from thread 1918-09-2026 00:29:34 [38;5;117m[DEBUG]: [0mThis is a debug message from thread 2918-09-2026 00:29:34 [38;5;117m[DEBUG]: [0mThis is a debug message from thread 118-09-2026 00:29:34 [38;5;015m[INFO]: [0mThis is a info message from thread 518-09-2026 00:29:34 [38;5;015m[INFO]: [0mThis is a info message from thread 118-09-2026 00:29:34 [38;5;009m[ERROR]: [0mThis is a error message from thread 1018-09-2026 00:29:34 [38;5;009m[ERROR]: [0mThis is a error message from thread 2618-09-2026 00:29:34 [38;5;117m[DEBUG]: [0mThis is a debug message from thread 1018-09-2026 00:29:34 [38;5;117m[DEBUG]: [0mThis is a debug message from thread 2618-09-2026 00:29:34 [38;5;009m[ERROR]: [0mThis is a error message from thread 1318-09-2026 00:29:34 [38;5;117m[DEBUG]: [0mThis is a debug message from thread 1318-09-2026 00:29:34 [38;5;015m[INFO]: [0mThis is a info message from thread 2318-09-2026 00:29:34 [38;5;009m[ERROR]: [0mThis is a error message from thread 118-09-2026 00:29:34 [38;5;009m[ERROR]: [0mThis is a error message from thread 2018-09-2026 00:29:34 [38;5;009m[ERROR]: [0mThis is a error message from thread 2318-09-2026 00:29:34 [38;5;117m[DEBUG]: [0mThis is a debug message from thread 2018-09-2026 00:29:34 [38;5;015m[INFO]: [0mThis is a info message from thread 1718-09-2026 00:29:34 [38;5;015m[INFO]: [0mThis is a info message from thread 2018-09-2026 00:29:34 [38;5;015m[INFO]: [0mThis is a info message from thread 2918-09-2026 00:29:34 [38;5;015m[INFO]: [0mThis is a info message from thread 2618-09-2026 00:29:34 [38;5;015m[INFO]: [0mThis is a info message from thread 1918-09-2026 00:29:34 [38;5;015m[INFO]: [0mThis is a info message from thread 1318-09-2026 00:29:34 [38;5;009m[ERROR]: [0mThis is a error message from thread 1318-09-2026 00:29:34 [38;5;117m[DEBUG]: [0mThis is a debug message from thread 2318-09-2026 00:29:34 [38;5;009m[ERROR]: [0mThis is a error message from thread 1918-09-2026 00:29:34 [38;5;117m[DEBUG]: [0mThis is a debug message from thread 1618-09-2026 00:29:34 [38;5;015m[INFO]: [0mThis is a info message from thread 2318-09-2026 00:29:34 [38;5;009m[ERROR]: [0mThis is a error message from thread 2618-09-2026 00:29:34 [38;5;117m[DEBUG]: [0mThis is a debug message from thread 2618-09-2026 00:29:34 [38;5;015m[INFO]: [0mThis is a info message from thread 2618-09-2026 00:29:34 [38;5;009m[ERROR]: [0mThis is a error message from thread 1718-09-2026 00:29:34 [38;5;117m[DEBUG]: [0mThis is a debug message from thread 318-09-2026 00:29:34 [38;5;009m[ERROR]: [0mThis is a error message from thread 2318-09-2026 00:29:34 [38;5;117m[DEBUG]: [0mThis is a debug message from thread 618-09-2026 00:29:34 [38;5;117m[DEBUG]: [0mThis is a debug message from thread 2418-09-2026 00:29:34 [38;5;009m[ERROR]: [0mThis is a error message from thread 518-09-2026 00:29:34 [38;5;015m[INFO]: [0mThis is a info message from thread 2118-09-2026 00:29:34 [38;5;117m[DEBUG]: [0mThis is a debug message from thread 1718-09-2026 00:29:34 [38;5;117m[DEBUG]: [0mThis is a debug message from thread 518-09-2026 00:29:34 [38;5;015m[INFO]: [0mThis is a info message from thread 618-09-2026 00:29:34 [38;5;117m[DEBUG]: [0mThis is a debug message from thread 718-09-2026 00:29:34 [38;5;015m[INFO]: [0mThis is a info message from thread 1618-09-2026 00:29:34 [38;5;117m[DEBUG]: [0mThis is a debug message from thread 418-09-2026 00:29:34 [38;5;015m[INFO]: [0mThis is a info message from thread 718-09-2026 00:29:34 [38;5;009m[ERROR]: [0mThis is a error message from thread 2618-09-2026 00:29:34 [38;5;015m[INFO]: [0mThis is a info message from thread 518-09-2026 00:29:34 [38;5;015m[INFO]: [0mThis is a info message from thread 418-09-2026 00:29:34 [38;5;117m[DEBUG]: [0mThis is a debug message from thread 2318-09-2026 00:29:34 [38;5;117m[DEBUG]: [0mThis is a debug message from thread 1918-09-2026 00:29:34 [38;5;015m[INFO]: [0mThis is a info message from thread 1918-09-2026 00:29:34 [38;5;015m[INFO]: [0mThis is a info message from thread 2518-09-2026 00:29:34 [38;5;009m[ERROR]: [0mThis is a error message from thread 618-09-2026 00:29:34 [38;5;117m[DEBUG]: [0mThis is a debug message from thread 2818-09-2026 00:29:34 [38;5;009m[ERROR]: [0mThis is a error message from thread 018-09-2026 00:29:34 [38;5;117m[DEBUG]: [0mThis is a debug message from thread 618-09-2026 00:29:34 [38;5;015m[INFO]: [0mThis is a info message from thread 618-09-2026 00:29:34 [38;5;015m[INFO]: [0mThis is a info message from thread 2318-09-2026 00:29:34 [38;5;009m[ERROR]: [0mThis is a error message from thread 518-09-2026 00:29:34 [38;5;015m[INFO]: [0mThis is a info message from thread 1718-09-2026 00:29:34 [38;5;009m[ERROR]: [0mThis is a error message from thread 418-09-2026 00:29:34 [38;5;009m[ERROR]: [0mThis is a error message from thread 718-09-2026 00:29:34 [38;5;009m[ERROR]: [0mThis is a error message from thread 2318-09-2026 00:29:34 [38;5;015m[INFO]: [0mThis is a info message from thread 818-09-2026 00:29:34 [38;5;117m[DEBUG]: [0mThis is a debug message from thread 2318-09-2026 00:29:34 [38;5;009m[ERROR]: [0mThis is a error message from thread 618-09-2026 00:29:34 [38;5;009m[ERROR]: [0mThis is a error message from thread 2118-09-2026 00:29:34 [38;5;009m[ERROR]: [0mThis is a error message from thread 1818-09-2026 00:29:34 [38;5;117m[DEBUG]: [0mThis is a debug message from thread 518-09-2026 00:29:34 [38;5;015m[INFO]: [0mThis is a info message from thread 518-09-2026 00:29:34 [38;5;117m[DEBUG]: [0mThis is a debug message from thread 618-09-2026 00:29:34 [38;5;117m[DEBUG]: [0mThis is a debug message from thread 718-09-2026 00:29:34 [38;5;015m[INFO]: [0mThis is a info message from thread 1418-09-2026 00:29:34 [38;5;117m[DEBUG]: [0mThis is a debug message from thread 418-09-2026 00:29:34 [38;5;117m[DEBUG]: [0mThis is a debug message from thread 2118-09-2026 00:29:34 [38;5;009m[ERROR]: [0mThis is a error message from thread 518-09-2026 00:29:34 [38;5;009m[ERROR]: [0mThis is a error message from thread 1618-09-2026 00:29:34 [38;5;015m[INFO]: [0mThis is a info message from thread 1018-09-2026 00:29:34 [38;5;009m[ERROR]: [0mThis is a error message from thread 2018-09-2026 00:29:34 [38;5;009m[ERROR]: [0mThis is a error message from thread 1418-09-2026 00:29:34 [38;5;015m[INFO]: [0mThis is a info message from thread 2818-09-2026 00:29:34 [38;5;009m[ERROR]: [0mThis is a error message from thread 1518-09-2026 00:29:34 [38;5;009m[ERROR]: [0mThis is a error message from thread 2518-09-2026 00:29:34 [38;5;117m[DEBUG]: [0mThis is a debug message from thread 2018-09-2026 00:29:34 [38;5;015m[INFO]: [0mThis is a info message from thread 2318-09-2026 00:29:34 [38;5;117m[DEBUG]: [0mThis is a debug message from thread 1418-09-2026 00:29:34 [38;5;117m[DEBUG]: [0mThis is a debug message from thread 518-09-2026 00:29:34 [38;5;009m[ERROR]: [0mThis is a error message from thread 1018-09-2026 00:29:34 [38;5;015m[INFO]: [0mThis is a info message from thread 718-09-2026 00:29:34 [38;5;009m[ERROR]: [0mThis is a error message from thread 1218-09-2026 00:29:34 [38;5;117m[DEBUG]: [0mThis is a debug message from thread 1618-09-2026 00:29:34 [38;5;009m[ERROR]: [0mThis is a error message from thread 818-09-2026 00:29:34 [38;5;015m[INFO]: [0mThis is a info message from thread 2018-09-2026 00:29:34 [38;5;015m[INFO]: [0mThis is a info message from thread 318-09-2026 00:29:34 [38;5;117m[DEBUG]: [0mThis is a debug message from thread 1518-09-2026 00:29:34 [38;5;009m[ERROR]: [0mThis is a error message from thread 2918-09-2026 00:29:34 [38;5;009m[ERROR]: [0mThis is a error message from thread 218-09-2026 00:29:34 [38;5;015m[INFO]: [0mThis is a info message from thread 1418-09-2026 00:29:34 [38;5;009m[ERROR]: [0mThis is a error message from thread 318-09-2026 00:29:34 [38;5;015m[INFO]: [0mThis is a info message from thread 2418-09-2026 00:29:34 [38;5;117m[DEBUG]: [0mThis is a debug message from thread 318-09-2026 00:29:34 [38;5;009m[ERROR]: [0mThis is a error message from thread 1418-09-2026 00:29:34 [38;5;009m[ERROR]: [0mThis is a error message from thread 718-09-2026 00:29:34 [38;5;117m[DEBUG]: [0mThis is a debug message from thread 2518-09-2026 00:29:34 [38;5;117m[DEBUG]: [0mThis is a debug message from thread 1018-09-2026 00:29:34 [38;5;117m[DEBUG]: [0mThis is a debug message from thread 718-09-2026 00:29:34 [38;5;015m[INFO]: [0mThis is a info message from thread 518-09-2026 00:29:34 [38;5;015m[INFO]: [0mThis is a info message from thread 1518-09-2026 00:29:34 [38;5;009m[ERROR]: [0mThis is a error message from thread 2418-09-2026 00:29:34 [38;5;117m[DEBUG]: [0mThis is a debug message from thread 818-09-2026 00:29:34 [38;5;117m[DEBUG]: [0mThis is a debug message from thread 2618-09-2026 00:29:34 [38;5;117m[DEBUG]: [0mThis is a debug message from thread 1418-09-2026 00:29:34 [38;5;015m[INFO]: [0mThis is a info message from thread 718-09-2026 00:29:34 [38;5;015m[INFO]: [0mThis is a info message from thread 318-09-2026 00:29:34 [38;5;009m[ERROR]: [0mThis is a error message from thread 1518-09-2026 00:29:34 [38;5;009m[ERROR]: [0mThis is a error message from thread 2318-09-2026 00:29:34 [38;5;009m[ERROR]: [0mThis is a error message from thread 718-09-2026 00:29:34 [38;5;015m[INFO]: [0mThis is a info message from thread 1418-09-2026 00:29:34 [38;5;117m[DEBUG]: [0mThis is a debug message from thread 2418-09-2026 00:29:34 [38;5;009m[ERROR]: [0mThis is a error message from thread 518-09-2026 00:29:34 [38;5;015m[INFO]: [0mThis is a info message from thread 2518-09-2026 00:29:34 [38;5;117m[DEBUG]: [0mThis is a debug message from thread 1218-09-2026 00:29:34 [38;5;009m[ERROR]: [0mThis is a error message from thread 1718-09-2026 00:29:34 [38;5;117m[DEBUG]: [0mThis is a debug message from thread 718-09-2026 00:29:34 [38;5;117m[DEBUG]: [0mThis is a debug message from thread 1518-09-2026 00:29:34 [38;5;015m[INFO]: [0mThis is a info message from thread 718-09-2026 00:29:34 [38;5;009m[ERROR]: [0mThis is a error message from thread 318-09-2026 00:29:34 [38;5;015m[INFO]: [0mThis is a info message from thread 1518-09-2026 00:29:34 [38;5;009m[ERROR]: [0mThis is a error message from thread 718-09-2026 00:29:34 [38;5;009m[ERROR]: [0mThis is a error message from thread 1518-09-2026 00:29:34 [38;5;009m[ERROR]: [0mThis is a error message from thread 1418-09-2026 00:29:34 [38;5;015m[INFO]: [0mThis is a info message from thread 2618-09-2026 00:29:34 [38;5;015m[INFO]: [0mThis is a info message from thread 1018-09-2026 00:29:34 [38;5;015m[INFO]: [0mThis is a info message from thread 1618-09-2026 00:29:34 [38;5;015m[INFO]: [0mThis is a info message from thread 2118-09-2026 00:29:34 [38;5;009m[ERROR]: [0mThis is a error message from thread 1918-09-2026 00:29:34 [38;5;117m[DEBUG]: [0mThis is a debug message from thread 318-09-2026 00:29:34 [38;5;117m[DEBUG]: [0mThis is a debug message from thread 718-09-2026 00:29:34 [38;5;015m[INFO]: [0mThis is a info message from thread 818-09-2026 00:29:34 [38;5;015m[INFO]: [0mThis is a info message from thread 1218-09-2026 00:29:34 [38;5;015m[INFO]: [0mThis is a info message from thread 418-09-2026 00:29:34 [38;5;117m[DEBUG]: [0mThis is a debug message from thread 1318-09-2026 00:29:34 [38;5;117m[DEBUG]: [0mThis is a debug message from thread 1918-09-2026 00:29:34 [38;5;015m[INFO]: [0mThis is a info message from thread 1318-09-2026 00:29:34 [38;5;117m[DEBUG]: [0mThis is a debug message from thread 518-09-2026 00:29:34 [38;5;015m[INFO]: [0mThis is a info message from thread 318-09-2026 00:29:34 [38;5;009m[ERROR]: [0mThis is a error message from thread 318-09-2026 00:29:34 [38;5;015m[INFO]: [0mThis is a info message from thread 718-09-2026 00:29:34 [38;5;009m[ERROR]: [0mThis is a error message from thread 718-09-2026 00:29:34 [38;5;009m[ERROR]: [0mThis is a error message from thread 1218-09-2026 00:29:34 [38;5;117m[DEBUG]: [0mThis is a debug message from thread 1518-09-2026 00:29:34 [38;5;117m[DEBUG]: [0mThis is a debug message from thread 1418-09-2026 00:29:34 [38;5;117m[DEBUG]: [0mThis is a debug message from thread 718-09-2026 00:29:34 [38;5;117m[DEBUG]: [0mThis is a debug message from thread 318-09-2026 00:29:34 [38;5;015m[INFO]: [0mThis is a info message from thread 718-09-2026 00:29:34 [38;5;015m[INFO]: [0mThis is a info message from thread 318-09-2026 00:29:34 [38;5;015m[INFO]: [0mThis is a info message from thread 518-09-2026 00:29:34 [38;5;117m[DEBUG]: [0mThis is a debug message from thread 1218-09-2026 00:29:34 [38;5;009m[ERROR]: [0mThis is a error message from thread 718-09-2026 00:29:34 [38;5;015m[INFO]: [0mThis is a info message from thread 1518-09-2026 00:29:34 [38;5;009m[ERROR]: [0mThis is a error message from thread 418-09-2026 00:29:34 [38;5;009m[ERROR]: [0mThis is a error message from thread 318-09-2026 00:29:34 [38;5;117m[DEBUG]: [0mThis is a debug message from thread 418-09-2026 00:29:34 [38;5;117m[DEBUG]: [0mThis is a debug message from thread 318-09-2026 00:29:34 [38;5;009m[ERROR]: [0mThis is a error message from thread 2718-09-2026 00:29:34 [38;5;117m[DEBUG]: [0mThis is a debug message from thread 2318-09-2026 00:29:34 [38;5;009m[ERROR]: [0mThis is a error message from thread 2518-09-2026 00:29:34 [38;5;015m[INFO]: [0mThis is a info message from thread 1918-09-2026 00:29:34 [38;5;117m[DEBUG]: [0mThis is a debug message from thread 2718-09-2026 00:29:34 [38;5;009m[ERROR]: [0mThis is a error message from thread 2018-09-2026 00:29:34 [38;5;015m[INFO]: [0mThis is a info message from thread 2418-09-2026 00:29:34 [38;5;009m[ERROR]: [0mThis is a error message from thread 2418-09-2026 00:29:34 [38;5;015m[INFO]: [0mThis is a info message from thread 2718-09-2026 00:29:34 [38;5;117m[DEBUG]: [0mThis is a debug message from thread 2418-09-2026 00:29:34 [38;5;009m[ERROR]: [0mThis is a error message from thread 1918-09-2026 00:29:34 [38;5;015m[INFO]: [0mThis is a info message from thread 2418-09-2026 00:29:34 [38;5;009m[ERROR]: [0mThis is a error message from thread 518-09-2026 00:29:34 [38;5;009m[ERROR]: [0mThis is a error message from thread 1518-09-2026 00:29:34 [38;5;015m[INFO]: [0mThis is a info message from thread 1218-09-2026 00:29:34 [38;5;009m[ERROR]: [0mThis is a error message from thread 2718-09-2026 00:29:34 [38;5;117m[DEBUG]: [0mThis is a debug message from thread 518-09-2026 00:29:34 [38;5;015m[INFO]: [0mThis is a info message from thread 418-09-2026 00:29:34 [38;5;117m[DEBUG]: [0mThis is a debug message from thread 1918-09-2026 00:29:34 [38;5;009m[ERROR]: [0mThis is a error message from thread 2218-09-2026 00:29:34 [38;5;117m[DEBUG]: [0mThis is a debug message from thread 2018-09-2026 00:29:34 [38;5;117m[DEBUG]: [0mThis is a debug message from thread 2518-09-2026 00:29:34 [38;5;015m[INFO]: [0mThis is a info message from thread 318-09-2026 00:29:34 [38;5;009m[ERROR]: [0mThis is a error message from thread 818-09-2026 00:29:34 [38;5;117m[DEBUG]: [0mThis is a debug message from thread 118-09-2026 00:29:34 [38;5;009m[ERROR]: [0mThis is a error message from thread 418-09-2026 00:29:34 [38;5;117m[DEBUG]: [0mThis is a debug message from thread 1818-09-2026 00:29:34 [38;5;015m[INFO]: [0mThis is a info message from thread 2318-09-2026 00:29:34 [38;5;009m[ERROR]: [0mThis is a error message from thread 318-09-2026 00:29:34 [38;5;015m[INFO]: [0mThis is a info message from thread 518-09-2026 00:29:34 [38;5;117m[DEBUG]: [0mThis is a debug message from thread 1718-09-2026 00:29:34 [38;5;009m[ERROR]: [0mThis is a error message from thread 1118-09-2026 00:29:34 [38;5;015m[INFO]: [0mThis is a info message from thread 1718-09-2026 00:29:34 [38;5;015m[INFO]: [0mThis is a info message from thread 1918-09-2026 00:29:34 [38;5;117m[DEBUG]: [0mThis is a debug message from thread 418-09-2026 00:29:34 [38;5;117m[DEBUG]: [0mThis is a debug message from thread 318-09-2026 00:29:34 [38;5;015m[INFO]: [0mThis is a info message from thread 1418-09-2026 00:29:34 [38;5;009m[ERROR]: [0mThis is a error message from thread 518-09-2026 00:29:34 [38;5;009m[ERROR]: [0mThis is a error message from thread 2118-09-2026 00:29:34 [38;5;117m[DEBUG]: [0mThis is a debug message from thread 1118-09-2026 00:29:34 [38;5;117m[DEBUG]: [0mThis is a debug message from thread 2218-09-2026 00:29:34 [38;5;009m[ERROR]: [0mThis is a error message from thread 1418-09-2026 00:29:34 [38;5;117m[DEBUG]: [0mThis is a debug message from thread 2118-09-2026 00:29:34 [38;5;009m[ERROR]: [0mThis is a error message from thread 1918-09-2026 00:29:34 [38;5;015m[INFO]: [0mThis is a info message from thread 418-09-2026 00:29:34 [38;5;009m[ERROR]: [0mThis is a error message from thread 1718-09-2026 00:29:34 [38;5;009m[ERROR]: [0mThis is a error message from thread 1218-09-2026 00:29:34 [38;5;015m[INFO]: [0mThis is a info message from thread 318-09-2026 00:29:34 [38;5;015m[INFO]: [0mThis is a info message from thread 2118-09-2026 00:29:34 [38;5;015m[INFO]: [0mThis is a info message from thread 118-09-2026 00:29:34 [38;5;117m[DEBUG]: [0mThis is a debug message from thread 218-09-2026 00:29:34 [38;5;009m[ERROR]: [0mThis is a error message from thread 118-09-2026 00:29:34 [38;5;015m[INFO]: [0mThis is a info message from thread 1118-09-2026 00:29:34 [38;5;009m[ERROR]: [0mThis is a error message from thread 2318-09-2026 00:29:34 [38;5;015m[INFO]: [0mThis is a info message from thread 2218-09-2026 00:29:34 [38;5;117m[DEBUG]: [0mThis is a debug message from thread 1918-09-2026 00:29:34 [38;5;117m[DEBUG]: [0mThis is a debug message from thread 518-09-2026 00:29:34 [38;5;015m[INFO]: [0mThis is a info message from thread 218-09-2026 00:29:34 [38;5;009m[ERROR]: [0mThis is a error message from thread 2218-09-2026 00:29:34 [38;5;009m[ERROR]: [0mThis is a error message from thread 218-09-2026 00:29:34 [38;5;009m[ERROR]: [0mThis is a error message from thread 1118-09-2026 00:29:34 [38;5;009m[ERROR]: [0mThis is a error message from thread 418-09-2026 00:29:34 [38;5;117m[DEBUG]: [0mThis is a debug message from thread 218-09-2026 00:29:34 [38;5;117m[DEBUG]: [0mThis is a debug message from thread 2218-09-2026 00:29:34 [38;5;117m[DEBUG]: [0mThis is a debug message from thread 1118-09-2026 00:29:34 [38;5;015m[INFO]: [0mThis is a info message from thread 2218-09-2026 00:29:34 [38;5;117m[DEBUG]: [0mThis is a debug message from thread 118-09-2026 00:29:34 [38;5;015m[INFO]: [0mThis is a info message from thread 218-09-2026 00:29:34 [38;5;117m[DEBUG]: [0mThis is a debug message from thread 1218-09-2026 00:29:34 [38;5;117m[DEBUG]: [0mThis is a debug message from thread 1718-09-2026 00:29:34 [38;5;009m[ERROR]: [0mThis is a error message from thread 1318-09-2026 00:29:34 [38;5;015m[INFO]: [0mThis is a info message from thread 618-09-2026 00:29:34 [38;5;009m[ERROR]: [0mThis is a error message from thread 318-09-2026 00:29:34 [38;5;117m[DEBUG]: [0mThis is a debug message from thread 1518-09-2026 00:29:34 [38;5;009m[ERROR]: [0mThis is a error message from thread 618-09-2026 00:29:34 [38;5;009m[ERROR]: [0mThis is a error message from thread 2618-09-2026 00:29:34 [38;5;009m[ERROR]: [0mThis is a error message from thread 2218-09-2026 00:29:34 [38;5;117m[DEBUG]: [0mThis is a debug message from thread 618-09-2026 00:29:34 [38;5;015m[INFO]: [0mThis is a info message from thread 1518-09-2026 00:29:34 [38;5;015m[INFO]: [0mThis is a info message from thread 618-09-2026 00:29:34 [38;5;117m[DEBUG]: [0mThis is a debug message from thread 318-09-2026 00:29:34 [38;5;117m[DEBUG]: [0mThis is a debug message from thread 2218-09-2026 00:29:34 [38;5;015m[INFO]: [0mThis is a info message from thread 1918-09-2026 00:29:34 [38;5;015m[INFO]: [0mThis is a info message from thread 518-09-2026 00:29:34 [38;5;015m[INFO]: [0mThis is a info message from thread 2018-09-2026 00:29:34 [38;5;009m[ERROR]: [0mThis is a error message from thread 1918-09-2026 00:29:34 [38;5;117m[DEBUG]: [0mThis is a debug message from thread 2618-09-2026 00:29:34 [38;5;015m[INFO]: [0mThis is a info message from thread 1718-09-2026 00:29:34 [38;5;009m[ERROR]: [0mThis is a error message from thread 2018-09-2026 00:29:34 [38;5;009m[ERROR]: [0mThis is a error message from thread 2818-09-2026 00:29:34 [38;5;009m[ERROR]: [0mThis is a error message from thread 1518-09-2026 00:29:34 [38;5;117m[DEBUG]: [0mThis is a debug message from thread 718-09-2026 00:29:34 [38;5;015m[INFO]: [0mThis is a info message from thread 118-09-2026 00:29:34 [38;5;117m[DEBUG]: [0mThis is a debug message from thread 1418-09-2026 00:29:34 [38;5;117m[DEBUG]: [0mThis is a debug message from thread 2318-09-2026 00:29:34 [38;5;009m[ERROR]: [0mThis is a error message from thread 1718-09-2026 00:29:34 [38;5;009m[ERROR]: [0mThis is a error message from thread 118-09-2026 00:29:34 [38;5;117m[DEBUG]: [0mThis is a debug message from thread 2918-09-2026 00:29:34 [38;5;117m[DEBUG]: [0mThis is a debug message from thread 2018-09-2026 00:29:34 [38;5;015m[INFO]: [0mThis is a info message from thread 2518-09-2026 00:29:34 [38;5;117m[DEBUG]: [0mThis is a debug message from thread 418-09-2026 00:29:34 [38;5;117m[DEBUG]: [0mThis is a debug message from thread 918-09-2026 00:29:34 [38;5;117m[DEBUG]: [0mThis is a debug message from thread 2718-09-2026 00:29:34 [38;5;117m[DEBUG]: [0mThis is a debug message from thread 118-09-2026 00:29:34 [38;5;117m[DEBUG]: [0mThis is a debug message from thread 818-09-2026 00:29:34 [38;5;117m[DEBUG]: [0mThis is a debug message from thread 1518-09-2026 00:29:34 [38;5;015m[INFO]: [0mThis is a info message from thread 1418-09-2026 00:29:34 [38;5;015m[INFO]: [0mThis is a info message from thread 2918-09-2026 00:29:34 [38;5;015m[INFO]: [0mThis is a info message from thread 1118-09-2026 00:29:34 [38;5;015m[INFO]: [0mThis is a info message from thread 2018-09-2026 00:29:34 [38;5;117m[DEBUG]: [0mThis is a debug message from thread 1718-09-2026 00:29:34 [38;5;009m[ERROR]: [0mThis is a error message from thread 1118-09-2026 00:29:34 [38;5;015m[INFO]: [0mThis is a info message from thread 2718-09-2026 00:29:34 [38;5;015m[INFO]: [0mThis is a info message from thread 1518-09-2026 00:29:34 [38;5;117m[DEBUG]: [0mThis is a debug message from thread 1118-09-2026 00:29:34 [38;5;009m[ERROR]: [0mThis is a error message from thread 2418-09-2026 00:29:34 [38;5;009m[ERROR]: [0mThis is a error message from thread 218-09-2026 00:29:34 [38;5;015m[INFO]: [0mThis is a info message from thread 1118-09-2026 00:29:34 [38;5;009m[ERROR]: [0mThis is a error message from thread 1418-09-2026 00:29:34 [38;5;009m[ERROR]: [0mThis is a error message from thread 1518-09-2026 00:29:34 [38;5;009m[ERROR]: [0mThis is a error message from thread 1118-09-2026 00:29:34 [38;5;117m[DEBUG]: [0mThis is a debug message from thread 1418-09-2026 00:29:34 [38;5;117m[DEBUG]: [0mThis is a debug message from thread 218-09-2026 00:29:34 [38;5;117m[DEBUG]: [0mThis is a debug message from thread 2418-09-2026 00:29:34 [38;5;009m[ERROR]: [0mThis is a error message from thread 2018-09-2026 00:29:34 [38;5;015m[INFO]: [0mThis is a info message from thread 1418-09-2026 00:29:34 [38;5;009m[ERROR]: [0mThis is a error message from thread 2918-09-2026 00:29:34 [38;5;015m[INFO]: [0mThis is a info message from thread 118-09-2026 00:29:34 [38;5;117m[DEBUG]: [0mThis is a debug message from thread 1518-09-2026 00:29:34 [38;5;009m[ERROR]: [0mThis is a error message from thread 118-09-2026 00:29:34 [38;5;015m[INFO]: [0mThis is a info message from thread 218-09-2026 00:29:34 [38;5;015m[INFO]: [0mThis is a info message from thread 1518-09-2026 00:29:34 [38;5;117m[DEBUG]: [0mThis is a debug message from thread 1118-09-2026 00:29:34 [38;5;117m[DEBUG]: [0mThis is a debug message from thread 018-09-2026 00:29:34 [38;5;015m[INFO]: [0mThis is a info message from thread 018-09-2026 00:29:34 [38;5;009m[ERROR]: [0mThis is a error message from thread 2718-09-2026 00:29:34 [38;5;015m[INFO]: [0mThis is a info message from thread 1118-09-2026 00:29:34 [38;5;009m[ERROR]: [0mThis is a error message from thread 618-09-2026 00:29:34 [38;5;117m[DEBUG]: [0mThis is a debug message from thread 2918-09-2026 00:29:34 [38;5;009m[ERROR]: [0mThis is a error message from thread 1518-09-2026 00:29:34 [38;5;015m[INFO]: [0mThis is a info message from thread 818-09-2026 00:29:34 [38;5;117m[DEBUG]: [0mThis is a debug message from thread 2718-09-2026 00:29:34 [38;5;117m[DEBUG]: [0mThis is a debug message from thread 118-09-2026 00:29:34 [38;5;009m[ERROR]: [0mThis is a error message from thread 518-09-2026 00:29:34 [38;5;009m[ERROR]: [0mThis is a error message from thread 018-09-2026 00:29:34 [38;5;015m[INFO]: [0mThis is a info message from thread 2718-09-2026 00:29:34 [38;5;117m[DEBUG]: [0mThis is a debug message from thread 1518-09-2026 00:29:34 [38;5;009m[ERROR]: [0mThis is a error message from thread 1018-09-2026 00:29:34 [38;5;015m[INFO]: [0mThis is a info message from thread 2318-09-2026 00:29:34 [38;5;009m[ERROR]: [0mThis is a error message from thread 1118-09-2026 00:29:34 [38;5;117m[DEBUG]: [0mThis is a debug message from thread 018-09-2026 00:29:34 [38;5;015m[INFO]: [0mThis is a info message from thread 318-09-2026 00:29:34 [38;5;009m[ERROR]: [0mThis is a error message from thread 2718-09-2026 00:29:34 [38;5;015m[INFO]: [0mThis is a info message from thread 118-09-2026 00:29:34 [38;5;015m[INFO]: [0mThis is a info message from thread 1718-09-2026 00:29:34 [38;5;015m[INFO]: [0mThis is a info message from thread 1518-09-2026 00:29:34 [38;5;015m[INFO]: [0mThis is a info message from thread 2918-09-2026 00:29:34 [38;5;117m[DEBUG]: [0mThis is a debug message from thread 1118-09-2026 00:29:34 [38;5;009m[ERROR]: [0mThis is a error message from thread 2118-09-2026 00:29:34 [38;5;009m[ERROR]: [0mThis is a error message from thread 318-09-2026 00:29:34 [38;5;117m[DEBUG]: [0mThis is a debug message from thread 318-09-2026 00:29:34 [38;5;015m[INFO]: [0mThis is a info message from thread 1118-09-2026 00:29:34 [38;5;117m[DEBUG]: [0mThis is a debug message from thread 518-09-2026 00:29:34 [38;5;009m[ERROR]: [0mThis is a error message from thread 1518-09-2026 00:29:34 [38;5;015m[INFO]: [0mThis is a info message from thread 018-09-2026 00:29:34 [38;5;117m[DEBUG]: [0mThis is a debug message from thread 1018-09-2026 00:29:34 [38;5;009m[ERROR]: [0mThis is a error message from thread 1118-09-2026 00:29:34 [38;5;117m[DEBUG]: [0mThis is a debug message from thread 2818-09-2026 00:29:34 [38;5;009m[ERROR]: [0mThis is a error message from thread 2918-09-2026 00:29:34 [38;5;009m[ERROR]: [0mThis is a error message from thread 018-09-2026 00:29:34 [38;5;117m[DEBUG]: [0mThis is a debug message from thread 2118-09-2026 00:29:34 [38;5;015m[INFO]: [0mThis is a info message from thread 318-09-2026 00:29:34 [38;5;009m[ERROR]: [0mThis is a error message from thread 2318-09-2026 00:29:34 [38;5;015m[INFO]: [0mThis is a info message from thread 518-09-2026 00:29:34 [38;5;015m[INFO]: [0mThis is a info message from thread 2118-09-2026 00:29:34 [38;5;009m[ERROR]: [0mThis is a error message from thread 2518-09-2026 00:29:34 [38;5;009m[ERROR]: [0mThis is a error message from thread 318-09-2026 00:29:34 [38;5;117m[DEBUG]: [0mThis is a debug message from thread 2918-09-2026 00:29:34 [38;5;015m[INFO]: [0mThis is a info message from thread 1818-09-2026 00:29:34 [38;5;015m[INFO]: [0mThis is a info message from thread 418-09-2026 00:29:34 [38;5;015m[INFO]: [0mThis is a info message from thread 1018-09-2026 00:29:34 [38;5;117m[DEBUG]: [0mThis is a debug message from thread 2018-09-2026 00:29:34 [38;5;015m[INFO]: [0mThis is a info message from thread 2918-09-2026 00:29:34 [38;5;015m[INFO]: [0mThis is a info message from thread 1218-09-2026 00:29:34 [38;5;117m[DEBUG]: [0mThis is a debug message from thread 1518-09-2026 00:29:34 [38;5;009m[ERROR]: [0mThis is a error message from thread 1018-09-2026 00:29:34 [38;5;117m[DEBUG]: [0mThis is a debug message from thread 318-09-2026 00:29:34 [38;5;009m[ERROR]: [0mThis is a error message from thread 1218-09-2026 00:29:34 [38;5;009m[ERROR]: [0mThis is a error message from thread 518-09-2026 00:29:34 [38;5;015m[INFO]: [0mThis is a info message from thread 1518-09-2026 00:29:34 [38;5;015m[INFO]: [0mThis is a info message from thread 318-09-2026 00:29:34 [38;5;009m[ERROR]: [0mThis is a error message from thread 2918-09-2026 00:29:34 [38;5;117m[DEBUG]: [0mThis is a debug message from thread 518-09-2026 00:29:34 [38;5;009m[ERROR]: [0mThis is a error message from thread 1718-09-2026 00:29:34 [38;5;117m[DEBUG]: [0mThis is a debug message from thread 2318-09-2026 00:29:34 [38;5;117m[DEBUG]: [0mThis is a debug message from thread 2518-09-2026 00:29:34 [38;5;015m[INFO]: [0mThis is a info message from thread 518-09-2026 00:29:34 [38;5;015m[INFO]: [0mThis is a info message from thread 2018-09-2026 00:29:34 [38;5;117m[DEBUG]: [0mThis is a debug message from thread 1318-09-2026 00:29:34 [38;5;009m[ERROR]: [0mThis is a error message from thread 1618-09-2026 00:29:34 [38;5;009m[ERROR]: [0mThis is a error message from thread 518-09-2026 00:29:34 [38;5;009m[ERROR]: [0mThis is a error message from thread 2018-09-2026 00:29:34 [38;5;015m[INFO]: [0mThis is a info message from thread 2218-09-2026 00:29:34 [38;5;117m[DEBUG]: [0mThis is a debug message from thread 1218-09-2026 00:29:34 [38;5;117m[DEBUG]: [0mThis is a debug message from thread 1718-09-2026 00:29:34 [38;5;015m[INFO]: [0mThis is a info message from thread 2518-09-2026 00:29:34 [38;5;015m[INFO]: [0mThis is a info message from thread 2318-09-2026 00:29:34 [38;5;015m[INFO]: [0mThis is a info message from thread 1318-09-2026 00:29:34 [38;5;117m[DEBUG]: [0mThis is a debug message from thread 1618-09-2026 00:29:34 [38;5;009m[ERROR]: [0mThis is a error message from thread 318-09-2026 00:29:34 [38;5;009m[ERROR]: [0mThis is a error message from thread 2218-09-2026 00:29:34 [38;5;009m[ERROR]: [0mThis is a error message from thread 418-09-2026 00:29:34 [38;5;117m[DEBUG]: [0mThis is a debug message from thread 2018-09-2026 00:29:34 [38;5;117m[DEBUG]: [0mThis is a debug message from thread 2918-09-2026 00:29:34 [38;5;117m[DEBUG]: [0mThis is a debug message from thread 618-09-2026 00:29:34 [38;5;009m[ERROR]: [0mThis is a error message from thread 1818-09-2026 00:29:34 [38;5;117m[DEBUG]: [0mThis is a debug message from thread 318-09-2026 00:29:34 [38;5;117m[DEBUG]: [0mThis is a debug message from thread 2718-09-2026 00:29:34 [38;5;117m[DEBUG]: [0mThis is a debug message from thread 2218-09-2026 00:29:34 [38;5;009m[ERROR]: [0mThis is a error message from thread 1318-09-2026 00:29:34 [38;5;117m[DEBUG]: [0mThis is a debug message from thread 1018-09-2026 00:29:34 [38;5;117m[DEBUG]: [0mThis is a debug message from thread 518-09-2026 00:29:34 [38;5;015m[INFO]: [0mThis is a info message from thread 2018-09-2026 00:29:34 [38;5;117m[DEBUG]: [0mThis is a debug message from thread 1818-09-2026 00:29:34 [38;5;015m[INFO]: [0mThis is a info message from thread 1218-09-2026 00:29:34 [38;5;009m[ERROR]: [0mThis is a error message from thread 2318-09-2026 00:29:34 [38;5;015m[INFO]: [0mThis is a info message from thread 2718-09-2026 00:29:34 [38;5;015m[INFO]: [0mThis is a info message from thread 718-09-2026 00:29:34 [38;5;015m[INFO]: [0mThis is a info message from thread 518-09-2026 00:29:34 [38;5;009m[ERROR]: [0mThis is a error message from thread 218-09-2026 00:29:34 [38;5;009m[ERROR]: [0mThis is a error message from thread 1218-09-2026 00:29:34 [38;5;117m[DEBUG]: [0mThis is a debug message from thread 418-09-2026 00:29:34 [38;5;009m[ERROR]: [0mThis is a error message from thread 818-09-2026 00:29:34 [38;5;015m[INFO]: [0mThis is a info message from thread 618-09-2026 00:29:34 [38;5;015m[INFO]: [0mThis is a info message from thread 1818-09-2026 00:29:34 [38;5;009m[ERROR]: [0mThis is a error message from thread 618-09-2026 00:29:34 [38;5;117m[DEBUG]: [0mThis is a debug message from thread 1318-09-2026 00:29:34 [38;5;117m[DEBUG]: [0mThis is a debug message from thread 618-09-2026 00:29:34 [38;5;009m[ERROR]: [0mThis is a error message from thread 118-09-2026 00:29:34 [38;5;015m[INFO]: [0mThis is a info message from thread 2818-09-2026 00:29:34 [38;5;015m[INFO]: [0mThis is a info message from thread 418-09-2026 00:29:34 [38;5;015m[INFO]: [0mThis is a info message from thread 1018-09-2026 00:29:34 [38;5;015m[INFO]: [0mThis is a info message from thread 2218-09-2026 00:29:34 [38;5;015m[INFO]: [0mThis is a info message from thread 2418-09-2026 00:29:34 [38;5;009m[ERROR]: [0mThis is a error message from thread 2718-09-2026 00:29:34 [38;5;009m[ERROR]: [0mThis is a error message from thread 518-09-2026 00:29:34 [38;5;015m[INFO]: [0mThis is a info message from thread 2918-09-2026 00:29:34 [38;5;009m[ERROR]: [0mThis is a error message from thread 2218-09-2026 00:29:34 [38;5;117m[DEBUG]: [0mThis is a debug message from thread 2718-09-2026 00:29:34 [38;5;015m[INFO]: [0mThis is a info message from thread 1618-09-2026 00:29:34 [38;5;117m[DEBUG]: [0mThis is a debug message from thread 818-09-2026 00:29:34 [38;5;009m[ERROR]: [0mThis is a error message from thread 2818-09-2026 00:29:34 [38;5;009m[ERROR]: [0mThis is a error message from thread 2418-09-2026 00:29:34 [38;5;015m[INFO]: [0mThis is a info message from thread 2718-09-2026 00:29:34 [38;5;009m[ERROR]: [0mThis is a error message from thread 1418-09-2026 00:29:34 [38;5;117m[DEBUG]: [0mThis is a debug message from thread 2218-09-2026 00:29:34 [38;5;117m[DEBUG]: [0mThis is a debug message from thread 2418-09-2026 00:29:34 [38;5;009m[ERROR]: [0mThis is a error message from thread 2918-09-2026 00:29:34 [38;5;015m[INFO]: [0mThis is a info message from thread 2418-09-2026 00:29:34 [38;5;009m[ERROR]: [0mThis is a error message from thread 418-09-2026 00:29:34 [38;5;117m[DEBUG]: [0mThis is a debug message from thread 418-09-2026 00:29:34 [38;5;117m[DEBUG]: [0mThis is a debug message from thread 1418-09-2026 00:29:34 [38;5;015m[INFO]: [0mThis is a info message from thread 818-09-2026 00:29:34 [38;5;015m[INFO]: [0mThis is a info message from thread 1418-09-2026 00:29:34 [38;5;009m[ERROR]: [0mThis is a error message from thread 2418-09-2026 00:29:34 [38;5;015m[INFO]: [0mThis is a info message from thread 418-09-2026 00:29:34 [38;5;015m[INFO]: [0mThis is a info message from thread 1318-09-2026 00:29:34 [38;5;117m[DEBUG]: [0mThis is a debug message from thread 118-09-2026 00:29:34 [38;5;009m[ERROR]: [0mThis is a error message from thread 1518-09-2026 00:29:34 [38;5;117m[DEBUG]: [0mThis is a debug message from thread 2918-09-2026 00:29:34 [38;5;117m[DEBUG]: [0mThis is a debug message from thread 018-09-2026 00:29:34 [38;5;009m[ERROR]: [0mThis is a error message from thread 2018-09-2026 00:29:34 [38;5;117m[DEBUG]: [0mThis is a debug message from thread 1918-09-2026 00:29:34 [38;5;015m[INFO]: [0mThis is a info message from thread 618-09-2026 00:29:34 [38;5;015m[INFO]: [0mThis is a info message from thread 918-09-2026 00:29:34 [38;5;117m[DEBUG]: [0mThis is a debug message from thread 518-09-2026 00:29:34 [38;5;009m[ERROR]: [0mThis is a error message from thread 1418-09-2026 00:29:34 [38;5;015m[INFO]: [0mThis is a info message from thread 2618-09-2026 00:29:34 [38;5;009m[ERROR]: [0mThis is a error message from thread 418-09-2026 00:29:34 [38;5;015m[INFO]: [0mThis is a info message from thread 118-09-2026 00:29:34 [38;5;009m[ERROR]: [0mThis is a error message from thread 2518-09-2026 00:29:34 [38;5;117m[DEBUG]: [0mThis is a debug message from thread 2318-09-2026 00:29:34 [38;5;117m[DEBUG]: [0mThis is a debug message from thread 2018-09-2026 00:29:34 [38;5;117m[DEBUG]: [0mThis is a debug message from thread 1418-09-2026 00:29:34 [38;5;009m[ERROR]: [0mThis is a error message from thread 1818-09-2026 00:29:34 [38;5;015m[INFO]: [0mThis is a info message from thread 018-09-2026 00:29:34 [38;5;117m[DEBUG]: [0mThis is a debug message from thread 2818-09-2026 00:29:34 [38;5;015m[INFO]: [0mThis is a info message from thread 1918-09-2026 00:29:34 [38;5;117m[DEBUG]: [0mThis is a debug message from thread 1818-09-2026 00:29:34 [38;5;009m[ERROR]: [0mThis is a error message from thread 618-09-2026 00:29:34 [38;5;009m[ERROR]: [0mThis is a error message from thread 118-09-2026 00:29:34 [38;5;015m[INFO]: [0mThis is a info message from thread 1418-09-2026 00:29:34 [38;5;009m[ERROR]: [0mThis is a error message from thread 2718-09-2026 00:29:34 [38;5;009m[ERROR]: [0mThis is a error message from thread 1018-09-2026 00:29:34 [38;5;117m[DEBUG]: [0mThis is a debug message from thread 618-09-2026 00:29:34 [38;5;009m[ERROR]: [0mThis is a error message from thread 1418-09-2026 00:29:34 [38;5;117m[DEBUG]: [0mThis is a debug message from thread 2718-09-2026 00:29:34 [38;5;015m[INFO]: [0mThis is a info message from thread 2818-09-2026 00:29:34 [38;5;015m[INFO]: [0mThis is a info message from thread 518-09-2026 00:29:34 [38;5;009m[ERROR]: [0mThis is a error message from thread 718-09-2026 00:29:34 [38;5;009m[ERROR]: [0mThis is a error message from thread 1918-09-2026 00:29:34 [38;5;117m[DEBUG]: [0mThis is a debug message from thread 718-09-2026 00:29:34 [38;5;015m[INFO]: [0mThis is a info message from thread 318-09-2026 00:29:34 [38;5;015m[INFO]: [0mThis is a info message from thread 2918-09-2026 00:29:34 [38;5;117m[DEBUG]: [0mThis is a debug message from thread 1218-09-2026 00:29:34 [38;5;009m[ERROR]: [0mThis is a error message from thread 2818-09-2026 00:29:34 [38;5;117m[DEBUG]: [0mThis is a debug message from thread 118-09-2026 00:29:34 [38;5;117m[DEBUG]: [0mThis is a debug message from thread 2818-09-2026 00:29:34 [38;5;117m[DEBUG]: [0mThis is a debug message from thread 1418-09-2026 00:29:34 [38;5;015m[INFO]: [0mThis is a info message from thread 2818-09-2026 00:29:34 [38;5;009m[ERROR]: [0mThis is a error message from thread 2918-09-2026 00:29:34 [38;5;009m[ERROR]: [0mThis is a error message from thread 318-09-2026 00:29:34 [38;5;015m[INFO]: [0mThis is a info message from thread 2318-09-2026 00:29:34 [38;5;009m[ERROR]: [0mThis is a error message from thread 1318-09-2026 00:29:34 [38;5;015m[INFO]: [0mThis is a info message from thread 718-09-2026 00:29:34 [38;5;009m[ERROR]: [0mThis is a error message from thread 2618-09-2026 00:29:34 [38;5;117m[DEBUG]: [0mThis is a debug message from thread 1518-09-2026 00:29:34 [38;5;117m[DEBUG]: [0mThis is a debug message from thread 2918-09-2026 00:29:34 [38;5;015m[INFO]: [0mThis is a info message from thread 1418-09-2026 00:29:34 [38;5;015m[INFO]: [0mThis is a info message from thread 1218-09-2026 00:29:34 [38;5;117m[DEBUG]: [0mThis is a debug message from thread 318-09-2026 00:29:34 [38;5;009m[ERROR]: [0mThis is a error message from thread 1218-09-2026 00:29:34 [38;5;117m[DEBUG]: [0mThis is a debug message from thread 1118-09-2026 00:29:34 [38;5;009m[ERROR]: [0mThis is a error message from thread 718-09-2026 00:29:34 [38;5;117m[DEBUG]: [0mThis is a debug message from thread 418-09-2026 00:29:34 [38;5;009m[ERROR]: [0mThis is a error message from thread 1418-09-2026 00:29:34 [38;5;117m[DEBUG]: [0mThis is a debug message from thread 1218-09-2026 00:29:34 [38;5;117m[DEBUG]: [0mThis is a debug message from thread 1418-09-2026 00:29:34 [38;5;009m[ERROR]: [0mThis is a error message from thread 2818-09-2026 00:29:34 [38;5;015m[INFO]: [0mThis is a info message from thread 1418-09-2026 00:29:34 [38;5;009m[ERROR]: [0mThis is a error message from thread 1618-09-2026 00:29:34 [38;5;015m[INFO]: [0mThis is a info message from thread 118-09-2026 00:29:34 [38;5;009m[ERROR]: [0mThis is a error message from thread 2318-09-2026 00:29:34 [38;5;117m[DEBUG]: [0mThis is a debug message from thread 1318-09-2026 00:29:34 [38;5;009m[ERROR]: [0mThis is a error message from thread 918-09-2026 00:29:34 [38;5;015m[INFO]: [0mThis is a info message from thread 1218-09-2026 00:29:34 [38;5;009m[ERROR]: [0mThis is a error message from thread 1418-09-2026 00:29:34 [38;5;015m[INFO]: [0mThis is a info message from thread 2918-09-2026 00:29:34 [38;5;015m[INFO]: [0mThis is a info message from thread 1118-09-2026 00:29:34 [38;5;117m[DEBUG]: [0mThis is a debug message from thread 2318-09-2026 00:29:34 [38;5;015m[INFO]: [0mThis is a info message from thread 618-09-2026 00:29:34 [38;5;117m[DEBUG]: [0mThis is a debug message from thread 1618-09-2026 00:29:34 [38;5;009m[ERROR]: [0mThis is a error message from thread 118-09-2026 00:29:34 [38;5;009m[ERROR]: [0mThis is a error message from thread 1218-09-2026 00:29:34 [38;5;009m[ERROR]: [0mThis is a error message from thread 818-09-2026 00:29:34 [38;5;009m[ERROR]: [0mThis is a error message from thread 018-09-2026 00:29:34 [38;5;009m[ERROR]: [0mThis is a error message from thread 2918-09-2026 00:29:34 [38;5;015m[INFO]: [0mThis is a info message from thread 1318-09-2026 00:29:34 [38;5;117m[DEBUG]: [0mThis is a debug message from thread 2418-09-2026 00:29:34 [38;5;015m[INFO]: [0mThis is a info message from thread 1818-09-2026 00:29:34 [38;5;117m[DEBUG]: [0mThis is a debug message from thread 018-09-2026 00:29:34 [38;5;117m[DEBUG]: [0mThis is a debug message from thread 218-09-2026 00:29:34 [38;5;117m[DEBUG]: [0mThis is a debug message from thread 118-09-2026 00:29:34 [38;5;015m[INFO]: [0mThis is a info message from thread 318-09-2026 00:29:34 [38;5;117m[DEBUG]: [0mThis is a debug message from thread 1218-09-2026 00:29:34 [38;5;009m[ERROR]: [0mThis is a error message from thread 318-09-2026 00:29:34 [38;5;015m[INFO]: [0mThis is a info message from thread 2418-09-2026 00:29:34 [38;5;009m[ERROR]: [0mThis is a error message from thread 518-09-2026 00:29:34 [38;5;009m[ERROR]: [0mThis is a error message from thread 618-09-2026 00:29:34 [38;5;117m[DEBUG]: [0mThis is a debug message from thread 518-09-2026 00:29:34 [38;5;009m[ERROR]: [0mThis is a error message from thread 1818-09-2026 00:29:34 [38;5;015m[INFO]: [0mThis is a info message from thread 118-09-2026 00:29:34 [38;5;015m[INFO]: [0mThis is a info message from thread 1618-09-2026 00:29:34 [38;5;117m[DEBUG]: [0mThis is a debug message from thread 1818-09-2026 00:29:34 [38;5;009m[ERROR]: [0mThis is a error message from thread 118-09-2026 00:29:34 [38;5;015m[INFO]: [0mThis is a info message from thread 1818-09-2026 00:29:34 [38;5;117m[DEBUG]: [0mThis is a debug message from thread 318-09-2026 00:29:34 [38;5;009m[ERROR]: [0mThis is a error message from thread 1818-09-2026 00:29:34 [38;5;015m[INFO]: [0mThis is a info message from thread 1218-09-2026 00:29:34 [38;5;015m[INFO]: [0mThis is a info message from thread 318-09-2026 00:29:34 [38;5;117m[DEBUG]: [0mThis is a debug message from thread 1818-09-2026 00:29:34 [38;5;009m[ERROR]: [0mThis is a error message from thread 1218-09-2026 00:29:34 [38;5;117m[DEBUG]: [0mThis is a debug message from thread 818-09-2026 00:29:34 [38;5;015m[INFO]: [0mThis is a info message from thread 1818-09-2026 00:29:34 [38;5;009m[ERROR]: [0mThis is a error message from thread 318-09-2026 00:29:34 [38;5;117m[DEBUG]: [0mThis is a debug message from thread 1418-09-2026 00:29:34 [38;5;015m[INFO]: [0mThis is a info message from thread 218-09-2026 00:29:34 [38;5;117m[DEBUG]: [0mThis is a debug message from thread 918-09-2026 00:29:34 [38;5;009m[ERROR]: [0mThis is a error message from thread 2118-09-2026 00:29:34 [38;5;009m[ERROR]: [0mThis is a error message from thread 1818-09-2026 00:29:34 [38;5;015m[INFO]: [0mThis is a info message from thread 2018-09-2026 00:29:34 [38;5;015m[INFO]: [0mThis is a info message from thread 1418-09-2026 00:29:34 [38;5;009m[ERROR]: [0mThis is a error message from thread 218-09-2026 00:29:34 [38;5;117m[DEBUG]: [0mThis is a debug message from thread 2118-09-2026 00:29:34 [38;5;015m[INFO]: [0mThis is a info message from thread 2218-09-2026 00:29:34 [38;5;117m[DEBUG]: [0mThis is a debug message from thread 1018-09-2026 00:29:34 [38;5;009m[ERROR]: [0mThis is a error message from thread 1618-09-2026 00:29:34 [38;5;015m[INFO]: [0mThis is a info message from thread 518-09-2026 00:29:34 [38;5;015m[INFO]: [0mThis is a info message from thread 1018-09-2026 00:29:34 [38;5;009m[ERROR]: [0mThis is a error message from thread 518-09-2026 00:29:34 [38;5;117m[DEBUG]: [0mThis is a debug message from thread 1618-09-2026 00:29:34 [38;5;117m[DEBUG]: [0mThis is a debug message from thread 2618-09-2026 00:29:34 [38;5;009m[ERROR]: [0mThis is a error message from thread 1018-09-2026 00:29:34 [38;5;117m[DEBUG]: [0mThis is a debug message from thread 518-09-2026 00:29:34 [38;5;117m[DEBUG]: [0mThis is a debug message from thread 1018-09-2026 00:29:34 [38;5;015m[INFO]: [0mThis is a info message from thread 2618-09-2026 00:29:34 [38;5;015m[INFO]: [0mThis is a info message from thread 1618-09-2026 00:29:34 [38;5;015m[INFO]: [0mThis is a info message from thread 518-09-2026 00:29:34 [38;5;015m[INFO]: [0mThis is a info message from thread 1018-09-2026 00:29:34 [38;5;009m[ERROR]: [0mThis is a error message from thread 1618-09-2026 00:29:34 [38;5;009m[ERROR]: [0mThis is a error message from thread 2618-09-2026 00:29:34 [38;5;009m[ERROR]: [0mThis is a error message from thread 1018-09-2026 00:29:34 [38;5;009m[ERROR]: [0mThis is a error message from thread 518-09-2026 00:29:34 [38;5;117m[DEBUG]: [0mThis is a debug message from thread 1618-09-2026 00:29:34 [38;5;117m[DEBUG]: [0mThis is a debug message from thread 1018-09-2026 00:29:34 [38;5;117m[DEBUG]: [0mThis is a debug message from thread 2618-09-2026 00:29:34 [38;5;015m[INFO]: [0mThis is a info message from thread 1618-09-2026 00:29:34 [38;5;015m[INFO]: [0mThis is a info message from thread 1018-09-2026 00:29:34 [38;5;117m[DEBUG]: [0mThis is a debug message from thread 518-09-2026 00:29:34 [38;5;009m[ERROR]: [0mThis is a error message from thread 1618-09-2026 00:29:34 [38;5;015m[INFO]: [0mThis is a info message from thread 518-09-2026 00:29:34 [38;5;009m[ERROR]: [0mThis is a error message from thread 1018-09-2026 00:29:34 [38;5;117m[DEBUG]: [0mThis is a debug message from thread 1618-09-2026 00:29:34 [38;5;015m[INFO]: [0mThis is a info message from thread 2618-09-2026 00:29:34 [38;5;015m[INFO]: [0mThis is a info message from thread 418-09-2026 00:29:34 [38;5;117m[DEBUG]: [0mThis is a debug message from thread 2818-09-2026 00:29:34 [38;5;117m[DEBUG]: [0mThis is a debug message from thread 1218-09-2026 00:29:34 [38;5;009m[ERROR]: [0mThis is a error message from thread 518-09-2026 00:29:34 [38;5;009m[ERROR]: [0mThis is a error message from thread 1118-09-2026 00:29:34 [38;5;015m[INFO]: [0mThis is a info message from thread 1718-09-2026 00:29:34 [38;5;015m[INFO]: [0mThis is a info message from thread 1218-09-2026 00:29:34 [38;5;009m[ERROR]: [0mThis is a error message from thread 1718-09-2026 00:29:34 [38;5;117m[DEBUG]: [0mThis is a debug message from thread 2918-09-2026 00:29:34 [38;5;117m[DEBUG]: [0mThis is a debug message from thread 1718-09-2026 00:29:34 [38;5;117m[DEBUG]: [0mThis is a debug message from thread 1118-09-2026 00:29:34 [38;5;009m[ERROR]: [0mThis is a error message from thread 1218-09-2026 00:29:34 [38;5;117m[DEBUG]: [0mThis is a debug message from thread 1818-09-2026 00:29:34 [38;5;117m[DEBUG]: [0mThis is a debug message from thread 1918-09-2026 00:29:34 [38;5;015m[INFO]: [0mThis is a info message from thread 1118-09-2026 00:29:34 [38;5;015m[INFO]: [0mThis is a info message from thread 2118-09-2026 00:29:34 [38;5;117m[DEBUG]: [0mThis is a debug message from thread 718-09-2026 00:29:34 [38;5;015m[INFO]: [0mThis is a info message from thread 1718-09-2026 00:29:34 [38;5;015m[INFO]: [0mThis is a info message from thread 1818-09-2026 00:29:34 [38;5;117m[DEBUG]: [0mThis is a debug message from thread 318-09-2026 00:29:34 [38;5;009m[ERROR]: [0mThis is a error message from thread 1718-09-2026 00:29:34 [38;5;117m[DEBUG]: [0mThis is a debug message from thread 2518-09-2026 00:29:34 [38;5;015m[INFO]: [0mThis is a info message from thread 718-09-2026 00:29:34 [38;5;117m[DEBUG]: [0mThis is a debug message from thread 1718-09-2026 00:29:34 [38;5;015m[INFO]: [0mThis is a info message from thread 1618-09-2026 00:29:34 [38;5;117m[DEBUG]: [0mThis is a debug message from thread 118-09-2026 00:29:34 [38;5;015m[INFO]: [0mThis is a info message from thread 918-09-2026 00:29:34 [38;5;015m[INFO]: [0mThis is a info message from thread 2818-09-2026 00:29:34 [38;5;015m[INFO]: [0mThis is a info message from thread 2318-09-2026 00:29:34 [38;5;009m[ERROR]: [0mThis is a error message from thread 1618-09-2026 00:29:34 [38;5;015m[INFO]: [0mThis is a info message from thread 2918-09-2026 00:29:34 [38;5;015m[INFO]: [0mThis is a info message from thread 1518-09-2026 00:29:34 [38;5;009m[ERROR]: [0mThis is a error message from thread 1318-09-2026 00:29:34 [38;5;117m[DEBUG]: [0mThis is a debug message from thread 518-09-2026 00:29:34 [38;5;015m[INFO]: [0mThis is a info message from thread 118-09-2026 00:29:34 [38;5;015m[INFO]: [0mThis is a info message from thread 2718-09-2026 00:29:34 [38;5;009m[ERROR]: [0mThis is a error message from thread 1418-09-2026 00:29:34 [38;5;009m[ERROR]: [0mThis is a error message from thread 2818-09-2026 00:29:34 [38;5;117m[DEBUG]: [0mThis is a debug message from thread 1618-09-2026 00:29:34 [38;5;117m[DEBUG]: [0mThis is a debug message from thread 618-09-2026 00:29:34 [38;5;117m[DEBUG]: [0mThis is a debug message from thread 1218-09-2026 00:29:34 [38;5;009m[ERROR]: [0mThis is a error message from thread 1518-09-2026 00:29:34 [38;5;009m[ERROR]: [0mThis is a error message from thread 118-09-2026 00:29:34 [38;5;009m[ERROR]: [0mThis is a error message from thread 418-09-2026 00:29:34 [38;5;015m[INFO]: [0mThis is a info message from thread 318-09-2026 00:29:34 [38;5;009m[ERROR]: [0mThis is a error message from thread 718-09-2026 00:29:34 [38;5;009m[ERROR]: [0mThis is a error message from thread 2618-09-2026 00:29:34 [38;5;009m[ERROR]: [0mThis is a error message from thread 318-09-2026 00:29:34 [38;5;117m[DEBUG]: [0mThis is a debug message from thread 1318-09-2026 00:29:34 [38;5;015m[INFO]: [0mThis is a info message from thread 618-09-2026 00:29:34 [38;5;117m[DEBUG]: [0mThis is a debug message from thread 1518-09-2026 00:29:34 [38;5;117m[DEBUG]: [0mThis is a debug message from thread 2818-09-2026 00:29:34 [38;5;009m[ERROR]: [0mThis is a error message from thread 1118-09-2026 00:29:34 [38;5;015m[INFO]: [0mThis is a info message from thread 2818-09-2026 00:29:34 [38;5;009m[ERROR]: [0mThis is a error message from thread 918-09-2026 00:29:34 [38;5;015m[INFO]: [0mThis is a info message from thread 1618-09-2026 00:29:34 [38;5;015m[INFO]: [0mThis is a info message from thread 1318-09-2026 00:29:34 [38;5;009m[ERROR]: [0mThis is a error message from thread 1818-09-2026 00:29:34 [38;5;117m[DEBUG]: [0mThis is a debug message from thread 918-09-2026 00:29:34 [38;5;117m[DEBUG]: [0mThis is a debug message from thread 218-09-2026 00:29:34 [38;5;117m[DEBUG]: [0mThis is a debug message from thread 318-09-2026 00:29:34 [38;5;117m[DEBUG]: [0mThis is a debug message from thread 1118-09-2026 00:29:34 [38;5;015m[INFO]: [0mThis is a info message from thread 518-09-2026 00:29:34 [38;5;015m[INFO]: [0mThis is a info message from thread 218-09-2026 00:29:34 [38;5;009m[ERROR]: [0mThis is a error message from thread 1618-09-2026 00:29:34 [38;5;015m[INFO]: [0mThis is a info message from thread 2518-09-2026 00:29:34 [38;5;009m[ERROR]: [0mThis is a error message from thread 1318-09-2026 00:29:34 [38;5;009m[ERROR]: [0mThis is a error message from thread 2918-09-2026 00:29:34 [38;5;015m[INFO]: [0mThis is a info message from thread 1718-09-2026 00:29:34 [38;5;117m[DEBUG]: [0mThis is a debug message from thread 1818-09-2026 00:29:34 [38;5;117m[DEBUG]: [0mThis is a debug message from thread 2618-09-2026 00:29:34 [38;5;009m[ERROR]: [0mThis is a error message from thread 2118-09-2026 00:29:34 [38;5;117m[DEBUG]: [0mThis is a debug message from thread 118-09-2026 00:29:34 [38;5;015m[INFO]: [0mThis is a info message from thread 918-09-2026 00:29:34 [38;5;117m[DEBUG]: [0mThis is a debug message from thread 2918-09-2026 00:29:34 [38;5;009m[ERROR]: [0mThis is a error message from thread 2218-09-2026 00:29:34 [38;5;009m[ERROR]: [0mThis is a error message from thread 2018-09-2026 00:29:34 [38;5;009m[ERROR]: [0mThis is a error message from thread 2418-09-2026 00:29:34 [38;5;117m[DEBUG]: [0mThis is a debug message from thread 418-09-2026 00:29:34 [38;5;015m[INFO]: [0mThis is a info message from thread 1518-09-2026 00:29:34 [38;5;009m[ERROR]: [0mThis is a error message from thread 2718-09-2026 00:29:34 [38;5;117m[DEBUG]: [0mThis is a debug message from thread 1318-09-2026 00:29:34 [38;5;009m[ERROR]: [0mThis is a error message from thread 1518-09-2026 00:29:34 [38;5;015m[INFO]: [0mThis is a info message from thread 118-09-2026 00:29:34 [38;5;015m[INFO]: [0mThis is a info message from thread 2918-09-2026 00:29:34 [38;5;117m[DEBUG]: [0mThis is a debug message from thread 2018-09-2026 00:29:34 [38;5;117m[DEBUG]: [0mThis is a debug message from thread 2718-09-2026 00:29:34 [38;5;117m[DEBUG]: [0mThis is a debug message from thread 2118-09-2026 00:29:34 [38;5;117m[DEBUG]: [0mThis is a debug message from thread 2218-09-2026 00:29:34 [38;5;015m[INFO]: [0mThis is a info message from thread 2118-09-2026 00:29:34 [38;5;117m[DEBUG]: [0mThis is a debug message from thread 2418-09-2026 00:29:34 [38;5;117m[DEBUG]: [0mThis is a debug message from thread 1018-09-2026 00:29:34 [38;5;015m[INFO]: [0mThis is a info message from thread 2418-09-2026 00:29:34 [38;5;015m[INFO]: [0mThis is a info message from thread 418-09-2026 00:29:34 [38;5;015m[INFO]: [0mThis is a info message from thread 318-09-2026 00:29:34 [38;5;009m[ERROR]: [0mThis is a error message from thread 2918-09-2026 00:29:34 [38;5;015m[INFO]: [0mThis is a info message from thread 1018-09-2026 00:29:34 [38;5;015m[INFO]: [0mThis is a info message from thread 2718-09-2026 00:29:34 [38;5;009m[ERROR]: [0mThis is a error message from thread 218-09-2026 00:29:34 [38;5;009m[ERROR]: [0mThis is a error message from thread 318-09-2026 00:29:34 [38;5;009m[ERROR]: [0mThis is a error message from thread 118-09-2026 00:29:34 [38;5;009m[ERROR]: [0mThis is a error message from thread 2418-09-2026 00:29:34 [38;5;009m[ERROR]: [0mThis is a error message from thread 1718-09-2026 00:29:34 [38;5;009m[ERROR]: [0mThis is a error message from thread 2118-09-2026 00:29:34 [38;5;015m[INFO]: [0mThis is a info message from thread 1118-09-2026 00:29:34 [38;5;117m[DEBUG]: [0mThis is a debug message from thread 2418-09-2026 00:29:34 [38;5;009m[ERROR]: [0mThis is a error message from thread 2518-09-2026 00:29:34 [38;5;117m[DEBUG]: [0mThis is a debug message from thread 1618-09-2026 00:29:34 [38;5;009m[ERROR]: [0mThis is a error message from thread 1018-09-2026 00:29:34 [38;5;117m[DEBUG]: [0mThis is a debug message from thread 2918-09-2026 00:29:34 [38;5;015m[INFO]: [0mThis is a info message from thread 1218-09-2026 00:29:34 [38;5;015m[INFO]: [0mThis is a info message from thread 1318-09-2026 00:29:34 [38;5;009m[ERROR]: [0mThis is a error message from thread 2818-09-2026 00:29:34 [38;5;009m[ERROR]: [0mThis is a error message from thread 518-09-2026 00:29:34 [38;5;117m[DEBUG]: [0mThis is a debug message from thread 518-09-2026 00:29:34 [38;5;015m[INFO]: [0mThis is a info message from thread 818-09-2026 00:29:34 [38;5;117m[DEBUG]: [0mThis is a debug message from thread 1018-09-2026 00:29:34 [38;5;009m[ERROR]: [0mThis is a error message from thread 918-09-2026 00:29:34 [38;5;015m[INFO]: [0mThis is a info message from thread 2418-09-2026 00:29:34 [38;5;009m[ERROR]: [0mThis is a error message from thread 1218-09-2026 00:29:34 [38;5;015m[INFO]: [0mThis is a info message from thread 018-09-2026 00:29:34 [38;5;015m[INFO]: [0mThis is a info message from thread 1618-09-2026 00:29:34 [38;5;009m[ERROR]: [0mThis is a error message from thread 1618-09-2026 00:29:34 [38;5;009m[ERROR]: [0mThis is a error message from thread 1118-09-2026 00:29:34 [38;5;009m[ERROR]: [0mThis is a error message from thread 2418-09-2026 00:29:34 [38;5;015m[INFO]: [0mThis is a info message from thread 2018-09-2026 00:29:34 [38;5;015m[INFO]: [0mThis is a info message from thread 1018-09-2026 00:29:34 [38;5;009m[ERROR]: [0mThis is a error message from thread 818-09-2026 00:29:34 [38;5;117m[DEBUG]: [0mThis is a debug message from thread 2818-09-2026 00:29:34 [38;5;015m[INFO]: [0mThis is a info message from thread 2218-09-2026 00:29:34 [38;5;117m[DEBUG]: [0mThis is a debug message from thread 718-09-2026 00:29:34 [38;5;117m[DEBUG]: [0mThis is a debug message from thread 1118-09-2026 00:29:34 [38;5;009m[ERROR]: [0mThis is a error message from thread 2018-09-2026 00:29:34 [38;5;117m[DEBUG]: [0mThis is a debug message from thread 2018-09-2026 00:29:34 [38;5;009m[ERROR]: [0mThis is a error message from thread 018-09-2026 00:29:34 [38;5;117m[DEBUG]: [0mThis is a debug message from thread 2418-09-2026 00:29:34 [38;5;015m[INFO]: [0mThis is a info message from thread 1118-09-2026 00:29:34 [38;5;117m[DEBUG]: [0mThis is a debug message from thread 018-09-2026 00:29:34 [38;5;009m[ERROR]: [0mThis is a error message from thread 418-09-2026 00:29:34 [38;5;117m[DEBUG]: [0mThis is a debug message from thread 2518-09-2026 00:29:34 [38;5;117m[DEBUG]: [0mThis is a debug message from thread 1218-09-2026 00:29:34 [38;5;117m[DEBUG]: [0mThis is a debug message from thread 118-09-2026 00:29:34 [38;5;015m[INFO]: [0mThis is a info message from thread 718-09-2026 00:29:34 [38;5;015m[INFO]: [0mThis is a info message from thread 2418-09-2026 00:29:34 [38;5;117m[DEBUG]: [0mThis is a debug message from thread 218-09-2026 00:29:34 [38;5;015m[INFO]: [0mThis is a info message from thread 018-09-2026 00:29:34 [38;5;117m[DEBUG]: [0mThis is a debug message from thread 318-09-2026 00:29:34 [38;5;009m[ERROR]: [0mThis is a error message from thread 018-09-2026 00:29:34 [38;5;117m[DEBUG]: [0mThis is a debug message from thread 1718-09-2026 00:29:34 [38;5;015m[INFO]: [0mThis is a info message from thread 118-09-2026 00:29:34 [38;5;015m[INFO]: [0mThis is a info message from thread 1918-09-2026 00:29:34 [38;5;117m[DEBUG]: [0mThis is a debug message from thread 018-09-2026 00:29:34 [38;5;009m[ERROR]: [0mThis is a error message from thread 2418-09-2026 00:29:34 [38;5;015m[INFO]: [0mThis is a info message from thread 218-09-2026 00:29:34 [38;5;009m[ERROR]: [0mThis is a error message from thread 118-09-2026 00:29:34 [38;5;015m[INFO]: [0mThis is a info message from thread 2818-09-2026 00:29:34 [38;5;117m[DEBUG]: [0mThis is a debug message from thread 2418-09-2026 00:29:34 [38;5;009m[ERROR]: [0mThis is a error message from thread 2318-09-2026 00:29:34 [38;5;015m[INFO]: [0mThis is a info message from thread 1218-09-2026 00:29:34 [38;5;015m[INFO]: [0mThis is a info message from thread 318-09-2026 00:29:34 [38;5;009m[ERROR]: [0mThis is a error message from thread 2818-09-2026 00:29:34 [38;5;009m[ERROR]: [0mThis is a error message from thread 618-09-2026 00:29:34 [38;5;015m[INFO]: [0mThis is a info message from thread 1818-09-2026 00:29:34 [38;5;015m[INFO]: [0mThis is a info message from thread 018-09-2026 00:29:34 [38;5;009m[ERROR]: [0mThis is a error message from thread 318-09-2026 00:29:34 [38;5;015m[INFO]: [0mThis is a info message from thread 2918-09-2026 00:29:34 [38;5;117m[DEBUG]: [0mThis is a debug message from thread 918-09-2026 00:29:34 [38;5;117m[DEBUG]: [0mThis is a debug message from thread 2818-09-2026 00:29:34 [38;5;117m[DEBUG]: [0mThis is a debug message from thread 618-09-2026 00:29:34 [38;5;015m[INFO]: [0mThis is a info message from thread 618-09-2026 00:29:34 [38;5;009m[ERROR]: [0mThis is a error message from thread 1918-09-2026 00:29:34 [38;5;117m[DEBUG]: [0mThis is a debug message from thread 2318-09-2026 00:29:34 [38;5;015m[INFO]: [0mThis is a info message from thread 2818-09-2026 00:29:34 [38;5;117m[DEBUG]: [0mThis is a debug message from thread 2118-09-2026 00:29:34 [38;5;009m[ERROR]: [0mThis is a error message from thread 618-09-2026 00:29:34 [38;5;015m[INFO]: [0mThis is a info message from thread 518-09-2026 00:29:34 [38;5;009m[ERROR]: [0mThis is a error message from thread 718-09-2026 00:29:34 [38;5;117m[DEBUG]: [0mThis is a debug message from thread 1518-09-2026 00:29:34 [38;5;015m[INFO]: [0mThis is a info message from thread 1518-09-2026 00:29:34 [38;5;009m[ERROR]: [0mThis is a error message from thread 1818-09-2026 00:29:34 [38;5;015m[INFO]: [0mThis is a info message from thread 2318-09-2026 00:29:34 [38;5;015m[INFO]: [0mThis is a info message from thread 2018-09-2026 00:29:34 [38;5;009m[ERROR]: [0mThis is a error message from thread 1018-09-2026 00:29:34 [38;5;117m[DEBUG]: [0mThis is a debug message from thread 1618-09-2026 00:29:34 [38;5;009m[ERROR]: [0mThis is a error message from thread 2718-09-2026 00:29:34 [38;5;117m[DEBUG]: [0mThis is a debug message from thread 718-09-2026 00:29:34 [38;5;009m[ERROR]: [0mThis is a error message from thread 2218-09-2026 00:29:34 [38;5;117m[DEBUG]: [0mThis is a debug message from thread 1918-09-2026 00:29:34 [38;5;009m[ERROR]: [0mThis is a error message from thread 218-09-2026 00:29:34 [38;5;015m[INFO]: [0mThis is a info message from thread 2618-09-2026 00:29:34 [38;5;009m[ERROR]: [0mThis is a error message from thread 2318-09-2026 00:29:34 [38;5;117m[DEBUG]: [0mThis is a debug message from thread 218-09-2026 00:29:34 [38;5;015m[INFO]: [0mThis is a info message from thread 2418-09-2026 00:29:34 [38;5;015m[INFO]: [0mThis is a info message from thread 1918-09-2026 00:29:34 [38;5;015m[INFO]: [0mThis is a info message from thread 2518-09-2026 00:29:34 [38;5;015m[INFO]: [0mThis is a info message from thread 918-09-2026 00:29:34 [38;5;009m[ERROR]: [0mThis is a error message from thread 2818-09-2026 00:29:34 [38;5;015m[INFO]: [0mThis is a info message from thread 2118-09-2026 00:29:34 [38;5;015m[INFO]: [0mThis is a info message from thread 1718-09-2026 00:29:34 [38;5;009m[ERROR]: [0mThis is a error message from thread 1218-09-2026 00:29:34 [38;5;009m[ERROR]: [0mThis is a error message from thread 1918-09-2026 00:29:34 [38;5;009m[ERROR]: [0mThis is a error message from thread 518-09-2026 00:29:34 [38;5;117m[DEBUG]: [0mThis is a debug message from thread 818-09-2026 00:29:34 [38;5;009m[ERROR]: [0mThis is a error message from thread 2618-09-2026 00:29:34 [38;5;009m[ERROR]: [0mThis is a error message from thread 2118-09-2026 00:29:34 [38;5;117m[DEBUG]: [0mThis is a debug message from thread 1018-09-2026 00:29:34 [38;5;009m[ERROR]: [0mThis is a error message from thread 2418-09-2026 00:29:34 [38;5;009m[ERROR]: [0mThis is a error message from thread 018-09-2026 00:29:34 [38;5;117m[DEBUG]: [0mThis is a debug message from thread 1218-09-2026 00:29:34 [38;5;117m[DEBUG]: [0mThis is a debug message from thread 518-09-2026 00:29:34 [38;5;117m[DEBUG]: [0mThis is a debug message from thread 2818-09-2026 00:29:34 [38;5;009m[ERROR]: [0mThis is a error message from thread 2518-09-2026 00:29:34 [38;5;117m[DEBUG]: [0mThis is a debug message from thread 2718-09-2026 00:29:34 [38;5;117m[DEBUG]: [0mThis is a debug message from thread 2618-09-2026 00:29:34 [38;5;009m[ERROR]: [0mThis is a error message from thread 1718-09-2026 00:29:34 [38;5;015m[INFO]: [0mThis is a info message from thread 518-09-2026 00:29:34 [38;5;117m[DEBUG]: [0mThis is a debug message from thread 1818-09-2026 00:29:34 [38;5;009m[ERROR]: [0mThis is a error message from thread 2018-09-2026 00:29:34 [38;5;009m[ERROR]: [0mThis is a error message from thread 1118-09-2026 00:29:34 [38;5;117m[DEBUG]: [0mThis is a debug message from thread 418-09-2026 00:29:34 [38;5;117m[DEBUG]: [0mThis is a debug message from thread 1918-09-2026 00:29:34 [38;5;015m[INFO]: [0mThis is a info message from thread 818-09-2026 00:29:34 [38;5;015m[INFO]: [0mThis is a info message from thread 718-09-2026 00:29:34 [38;5;117m[DEBUG]: [0mThis is a debug message from thread 118-09-2026 00:29:34 [38;5;015m[INFO]: [0mThis is a info message from thread 1818-09-2026 00:29:34 [38;5;015m[INFO]: [0mThis is a info message from thread 418-09-2026 00:29:34 [38;5;015m[INFO]: [0mThis is a info message from thread 1618-09-2026 00:29:34 [38;5;117m[DEBUG]: [0mThis is a debug message from thread 618-09-2026 00:29:34 [38;5;117m[DEBUG]: [0mThis is a debug message from thread 018-09-2026 00:29:34 [38;5;009m[ERROR]: [0mThis is a error message from thread 818-09-2026 00:29:34 [38;5;009m[ERROR]: [0mThis is a error message from thread 2918-09-2026 00:29:34 [38;5;009m[ERROR]: [0mThis is a error message from thread 1518-09-2026 00:29:34 [38;5;117m[DEBUG]: [0mThis is a debug message from thread 2118-09-2026 00:29:34 [38;5;009m[ERROR]: [0mThis is a error message from thread 718-09-2026 00:29:34 [38;5;015m[INFO]: [0mThis is a info message from thread 118-09-2026 00:29:34 [38;5;117m[DEBUG]: [0mThis is a debug message from thread 2918-09-2026 00:29:34 [38;5;015m[INFO]: [0mThis is a info message from thread 2618-09-2026 00:29:34 [38;5;117m[DEBUG]: [0mThis is a debug message from thread 818-09-2026 00:29:34 [38;5;009m[ERROR]: [0mThis is a error message from thread 1318-09-2026 00:29:34 [38;5;015m[INFO]: [0mThis is a info message from thread 2818-09-2026 00:29:34 [38;5;015m[INFO]: [0mThis is a info message from thread 1218-09-2026 00:29:34 [38;5;117m[DEBUG]: [0mThis is a debug message from thread 1318-09-2026 00:29:34 [38;5;015m[INFO]: [0mThis is a info message from thread 1018-09-2026 00:29:34 [38;5;015m[INFO]: [0mThis is a info message from thread 1318-09-2026 00:29:34 [38;5;009m[ERROR]: [0mThis is a error message from thread 2818-09-2026 00:29:34 [38;5;015m[INFO]: [0mThis is a info message from thread 2118-09-2026 00:29:34 [38;5;009m[ERROR]: [0mThis is a error message from thread 1218-09-2026 00:29:34 [38;5;117m[DEBUG]: [0mThis is a debug message from thread 2818-09-2026 00:29:34 [38;5;009m[ERROR]: [0mThis is a error message from thread 518-09-2026 00:29:34 [38;5;117m[DEBUG]: [0mThis is a debug message from thread 2418-09-2026 00:29:34 [38;5;015m[INFO]: [0mThis is a info message from thread 218-09-2026 00:29:34 [38;5;015m[INFO]: [0mThis is a info message from thread 2418-09-2026 00:29:34 [38;5;009m[ERROR]: [0mThis is a error message from thread 1318-09-2026 00:29:34 [38;5;117m[DEBUG]: [0mThis is a debug message from thread 1318-09-2026 00:29:34 [38;5;015m[INFO]: [0mThis is a info message from thread 2818-09-2026 00:29:34 [38;5;117m[DEBUG]: [0mThis is a debug message from thread 1718-09-2026 00:29:34 [38;5;009m[ERROR]: [0mThis is a error message from thread 1818-09-2026 00:29:34 [38;5;015m[INFO]: [0mThis is a info message from thread 1318-09-2026 00:29:34 [38;5;117m[DEBUG]: [0mThis is a debug message from thread 1118-09-2026 00:29:34 [38;5;117m[DEBUG]: [0mThis is a debug message from thread 2018-09-2026 00:29:34 [38;5;117m[DEBUG]: [0mThis is a debug message from thread 1818-09-2026 00:29:34 [38;5;117m[DEBUG]: [0mThis is a debug message from thread 518-09-2026 00:29:34 [38;5;009m[ERROR]: [0mThis is a error message from thread 2418-09-2026 00:29:34 [38;5;015m[INFO]: [0mThis is a info message from thread 018-09-2026 00:29:34 [38;5;117m[DEBUG]: [0mThis is a debug message from thread 1518-09-2026 00:29:34 [38;5;015m[INFO]: [0mThis is a info message from thread 2018-09-2026 00:29:34 [38;5;009m[ERROR]: [0mThis is a error message from thread 1318-09-2026 00:29:34 [38;5;015m[INFO]: [0mThis is a info message from thread 518-09-2026 00:29:34 [38;5;009m[ERROR]: [0mThis is a error message from thread 2618-09-2026 00:29:34 [38;5;015m[INFO]: [0mThis is a info message from thread 2718-09-2026 00:29:34 [38;5;117m[DEBUG]: [0mThis is a debug message from thread 718-09-2026 00:29:34 [38;5;015m[INFO]: [0mThis is a info message from thread 2918-09-2026 00:29:34 [38;5;117m[DEBUG]: [0mThis is a debug message from thread 1418-09-2026 00:29:34 [38;5;009m[ERROR]: [0mThis is a error message from thread 018-09-2026 00:29:34 [38;5;009m[ERROR]: [0mThis is a error message from thread 518-09-2026 00:29:34 [38;5;009m[ERROR]: [0mThis is a error message from thread 418-09-2026 00:29:34 [38;5;117m[DEBUG]: [0mThis is a debug message from thread 2418-09-2026 00:29:34 [38;5;117m[DEBUG]: [0mThis is a debug message from thread 018-09-2026 00:29:34 [38;5;117m[DEBUG]: [0mThis is a debug message from thread 418-09-2026 00:29:34 [38;5;009m[ERROR]: [0mThis is a error message from thread 1018-09-2026 00:29:34 [38;5;009m[ERROR]: [0mThis is a error message from thread 118-09-2026 00:29:34 [38;5;009m[ERROR]: [0mThis is a error message from thread 2918-09-2026 00:29:34 [38;5;015m[INFO]: [0mThis is a info message from thread 718-09-2026 00:29:34 [38;5;117m[DEBUG]: [0mThis is a debug message from thread 518-09-2026 00:29:34 [38;5;117m[DEBUG]: [0mThis is a debug message from thread 118-09-2026 00:29:34 [38;5;009m[ERROR]: [0mThis is a error message from thread 718-09-2026 00:29:34 [38;5;015m[INFO]: [0mThis is a info message from thread 2418-09-2026 00:29:34 [38;5;015m[INFO]: [0mThis is a info message from thread 518-09-2026 00:29:34 [38;5;009m[ERROR]: [0mThis is a error message from thread 518-09-2026 00:29:34 [38;5;009m[ERROR]: [0mThis is a error message from thread 218-09-2026 00:29:34 [38;5;009m[ERROR]: [0mThis is a error message from thread 2418-09-2026 00:29:34 [38;5;117m[DEBUG]: [0mThis is a debug message from thread 218-09-2026 00:29:34 [38;5;117m[DEBUG]: [0mThis is a debug message from thread 518-09-2026 00:29:34 [38;5;015m[INFO]: [0mThis is a info message from thread 018-09-2026 00:29:34 [38;5;009m[ERROR]: [0mThis is a error message from thread 918-09-2026 00:29:34 [38;5;009m[ERROR]: [0mThis is a error message from thread 018-09-2026 00:29:34 [38;5;117m[DEBUG]: [0mThis is a debug message from thread 718-09-2026 00:29:34 [38;5;015m[INFO]: [0mThis is a info message from thread 1118-09-2026 00:29:34 [38;5;015m[INFO]: [0mThis is a info message from thread 718-09-2026 00:29:34 [38;5;015m[INFO]: [0mThis is a info message from thread 418-09-2026 00:29:34 [38;5;117m[DEBUG]: [0mThis is a debug message from thread 318-09-2026 00:29:34 [38;5;015m[INFO]: [0mThis is a info message from thread 1918-09-2026 00:29:34 [38;5;015m[INFO]: [0mThis is a info message from thread 1418-09-2026 00:29:34 [38;5;015m[INFO]: [0mThis is a info message from thread 118-09-2026 00:29:34 [38;5;009m[ERROR]: [0mThis is a error message from thread 1918-09-2026 00:29:34 [38;5;117m[DEBUG]: [0mThis is a debug message from thread 018-09-2026 00:29:34 [38;5;009m[ERROR]: [0mThis is a error message from thread 118-09-2026 00:29:34 [38;5;015m[INFO]: [0mThis is a info message from thread 1518-09-2026 00:29:34 [38;5;015m[INFO]: [0mThis is a info message from thread 1818-09-2026 00:29:34 [38;5;015m[INFO]: [0mThis is a info message from thread 618-09-2026 00:29:34 [38;5;009m[ERROR]: [0mThis is a error message from thread 2718-09-2026 00:29:34 [38;5;117m[DEBUG]: [0mThis is a debug message from thread 918-09-2026 00:29:34 [38;5;009m[ERROR]: [0mThis is a error message from thread 1418-09-2026 00:29:34 [38;5;117m[DEBUG]: [0mThis is a debug message from thread 2418-09-2026 00:29:34 [38;5;009m[ERROR]: [0mThis is a error message from thread 2018-09-2026 00:29:34 [38;5;009m[ERROR]: [0mThis is a error message from thread 1518-09-2026 00:29:34 [38;5;015m[INFO]: [0mThis is a info message from thread 218-09-2026 00:29:34 [38;5;009m[ERROR]: [0mThis is a error message from thread 1118-09-2026 00:29:34 [38;5;015m[INFO]: [0mThis is a info message from thread 018-09-2026 00:29:34 [38;5;009m[ERROR]: [0mThis is a error message from thread 1818-09-2026 00:29:34 [38;5;117m[DEBUG]: [0mThis is a debug message from thread 2318-09-2026 00:29:34 [38;5;009m[ERROR]: [0mThis is a error message from thread 2118-09-2026 00:29:34 [38;5;009m[ERROR]: [0mThis is a error message from thread 2818-09-2026 00:29:34 [38;5;117m[DEBUG]: [0mThis is a debug message from thread 1118-09-2026 00:29:34 [38;5;117m[DEBUG]: [0mThis is a debug message from thread 1518-09-2026 00:29:34 [38;5;117m[DEBUG]: [0mThis is a debug message from thread 2518-09-2026 00:29:34 [38;5;015m[INFO]: [0mThis is a info message from thread 1518-09-2026 00:29:34 [38;5;117m[DEBUG]: [0mThis is a debug message from thread 1318-09-2026 00:29:34 [38;5;015m[INFO]: [0mThis is a info message from thread 1718-09-2026 00:29:34 [38;5;117m[DEBUG]: [0mThis is a debug message from thread 2018-09-2026 00:29:34 [38;5;015m[INFO]: [0mThis is a info message from thread 818-09-2026 00:29:34 [38;5;009m[ERROR]: [0mThis is a error message from thread 718-09-2026 00:29:34 [38;5;117m[DEBUG]: [0mThis is a debug message from thread 2718-09-2026 00:29:34 [38;5;015m[INFO]: [0mThis is a info message from thread 1118-09-2026 00:29:34 [38;5;117m[DEBUG]: [0mThis is a debug message from thread 1918-09-2026 00:29:34 [38;5;117m[DEBUG]: [0mThis is a debug message from thread 2818-09-2026 00:29:34 [38;5;009m[ERROR]: [0mThis is a error message from thread 1518-09-2026 00:29:34 [38;5;015m[INFO]: [0mThis is a info message from thread 2018-09-2026 00:29:34 [38;5;117m[DEBUG]: [0mThis is a debug message from thread 1518-09-2026 00:29:34 [38;5;117m[DEBUG]: [0mThis is a debug message from thread 718-09-2026 00:29:34 [38;5;015m[INFO]: [0mThis is a info message from thread 1318-09-2026 00:29:34 [38;5;117m[DEBUG]: [0mThis is a debug message from thread 118-09-2026 00:29:34 [38;5;009m[ERROR]: [0mThis is a error message from thread 1318-09-2026 00:29:34 [38;5;015m[INFO]: [0mThis is a info message from thread 2518-09-2026 00:29:34 [38;5;015m[INFO]: [0mThis is a info message from thread 118-09-2026 00:29:34 [38;5;009m[ERROR]: [0mThis is a error message from thread 1718-09-2026 00:29:34 [38;5;009m[ERROR]: [0mThis is a error message from thread 2518-09-2026 00:29:34 [38;5;009m[ERROR]: [0mThis is a error message from thread 218-09-2026 00:29:34 [38;5;015m[INFO]: [0mThis is a info message from thread 2318-09-2026 00:29:34 [38;5;117m[DEBUG]: [0mThis is a debug message from thread 1218-09-2026 00:29:34 [38;5;009m[ERROR]: [0mThis is a error message from thread 2018-09-2026 00:29:34 [38;5;015m[INFO]: [0mThis is a info message from thread 518-09-2026 00:29:34 [38;5;117m[DEBUG]: [0mThis is a debug message from thread 1818-09-2026 00:29:34 [38;5;015m[INFO]: [0mThis is a info message from thread 2818-09-2026 00:29:34 [38;5;009m[ERROR]: [0mThis is a error message from thread 518-09-2026 00:29:34 [38;5;015m[INFO]: [0mThis is a info message from thread 918-09-2026 00:29:34 [38;5;117m[DEBUG]: [0mThis is a debug message from thread 518-09-2026 00:29:34 [38;5;117m[DEBUG]: [0mThis is a debug message from thread 2018-09-2026 00:29:34 [38;5;015m[INFO]: [0mThis is a info message from thread 318-09-2026 00:29:34 [38;5;015m[INFO]: [0mThis is a info message from thread 518-09-2026 00:29:34 [38;5;009m[ERROR]: [0mThis is a error message from thread 918-09-2026 00:29:34 [38;5;009m[ERROR]: [0mThis is a error message from thread 518-09-2026 00:29:34 [38;5;009m[ERROR]: [0mThis is a error message from thread 2818-09-2026 00:29:34 [38;5;015m[INFO]: [0mThis is a info message from thread 2018-09-2026 00:29:34 [38;5;009m[ERROR]: [0mThis is a error message from thread 818-09-2026 00:29:34 [38;5;117m[DEBUG]: [0mThis is a debug message from thread 918-09-2026 00:29:34 [38;5;009m[ERROR]: [0mThis is a error message from thread 2018-09-2026 00:29:34 [38;5;009m[ERROR]: [0mThis is a error message from thread 318-09-2026 00:29:34 [38;5;117m[DEBUG]: [0mThis is a debug message from thread 2018-09-2026 00:29:34 [38;5;117m[DEBUG]: [0mThis is a debug message from thread 2218-09-2026 00:29:34 [38;5;117m[DEBUG]: [0mThis is a debug message from thread 818-09-2026 00:29:34 [38;5;015m[INFO]: [0mThis is a info message from thread 718-09-2026 00:29:34 [38;5;015m[INFO]: [0mThis is a info message from thread 1918-09-2026 00:29:34 [38;5;117m[DEBUG]: [0mThis is a debug message from thread 1018-09-2026 00:29:34 [38;5;009m[ERROR]: [0mThis is a error message from thread 018-09-2026 00:29:34 [38;5;009m[ERROR]: [0mThis is a error message from thread 118-09-2026 00:29:34 [38;5;117m[DEBUG]: [0mThis is a debug message from thread 318-09-2026 00:29:34 [38;5;009m[ERROR]: [0mThis is a error message from thread 718-09-2026 00:29:34 [38;5;009m[ERROR]: [0mThis is a error message from thread 618-09-2026 00:29:34 [38;5;015m[INFO]: [0mThis is a info message from thread 2418-09-2026 00:29:34 [38;5;015m[INFO]: [0mThis is a info message from thread 818-09-2026 00:29:34 [38;5;117m[DEBUG]: [0mThis is a debug message from thread 2518-09-2026 00:29:34 [38;5;009m[ERROR]: [0mThis is a error message from thread 1918-09-2026 00:29:34 [38;5;015m[INFO]: [0mThis is a info message from thread 2218-09-2026 00:29:34 [38;5;015m[INFO]: [0mThis is a info message from thread 2018-09-2026 00:29:34 [38;5;117m[DEBUG]: [0mThis is a debug message from thread 2918-09-2026 00:29:34 [38;5;117m[DEBUG]: [0mThis is a debug message from thread 1718-09-2026 00:29:34 [38;5;009m[ERROR]: [0mThis is a error message from thread 818-09-2026 00:29:34 [38;5;117m[DEBUG]: [0mThis is a debug message from thread 2118-09-2026 00:29:34 [38;5;015m[INFO]: [0mThis is a info message from thread 318-09-2026 00:29:34 [38;5;117m[DEBUG]: [0mThis is a debug message from thread 818-09-2026 00:29:34 [38;5;009m[ERROR]: [0mThis is a error message from thread 2218-09-2026 00:29:34 [38;5;117m[DEBUG]: [0mThis is a debug message from thread 2218-09-2026 00:29:34 [38;5;117m[DEBUG]: [0mThis is a debug message from thread 618-09-2026 00:29:34 [38;5;117m[DEBUG]: [0mThis is a debug message from thread 1918-09-2026 00:29:34 [38;5;015m[INFO]: [0mThis is a info message from thread 2918-09-2026 00:29:34 [38;5;015m[INFO]: [0mThis is a info message from thread 818-09-2026 00:29:34 [38;5;009m[ERROR]: [0mThis is a error message from thread 2418-09-2026 00:29:34 [38;5;009m[ERROR]: [0mThis is a error message from thread 1618-09-2026 00:29:34 [38;5;117m[DEBUG]: [0mThis is a debug message from thread 1618-09-2026 00:29:34 [38;5;015m[INFO]: [0mThis is a info message from thread 1918-09-2026 00:29:34 [38;5;015m[INFO]: [0mThis is a info message from thread 618-09-2026 00:29:34 [38;5;009m[ERROR]: [0mThis is a error message from thread 1918-09-2026 00:29:34 [38;5;015m[INFO]: [0mThis is a info message from thread 1618-09-2026 00:29:34 [38;5;117m[DEBUG]: [0mThis is a debug message from thread 1918-09-2026 00:29:34 [38;5;117m[DEBUG]: [0mThis is a debug message from thread 718-09-2026 00:29:34 [38;5;009m[ERROR]: [0mThis is a error message from thread 318-09-2026 00:29:34 [38;5;015m[INFO]: [0mThis is a info message from thread 718-09-2026 00:29:34 [38;5;117m[DEBUG]: [0mThis is a debug message from thread 018-09-2026 00:29:34 [38;5;009m[ERROR]: [0mThis is a error message from thread 818-09-2026 00:29:34 [38;5;015m[INFO]: [0mThis is a info message from thread 2518-09-2026 00:29:34 [38;5;117m[DEBUG]: [0mThis is a debug message from thread 1418-09-2026 00:29:34 [38;5;009m[ERROR]: [0mThis is a error message from thread 618-09-2026 00:29:34 [38;5;009m[ERROR]: [0mThis is a error message from thread 418-09-2026 00:29:34 [38;5;015m[INFO]: [0mThis is a info message from thread 1218-09-2026 00:29:34 [38;5;015m[INFO]: [0mThis is a info message from thread 1518-09-2026 00:29:34 [38;5;117m[DEBUG]: [0mThis is a debug message from thread 818-09-2026 00:29:34 [38;5;015m[INFO]: [0mThis is a info message from thread 818-09-2026 00:29:34 [38;5;009m[ERROR]: [0mThis is a error message from thread 718-09-2026 00:29:34 [38;5;117m[DEBUG]: [0mThis is a debug message from thread 618-09-2026 00:29:34 [38;5;009m[ERROR]: [0mThis is a error message from thread 2018-09-2026 00:29:34 [38;5;015m[INFO]: [0mThis is a info message from thread 1418-09-2026 00:29:34 [38;5;117m[DEBUG]: [0mThis is a debug message from thread 718-09-2026 00:29:34 [38;5;009m[ERROR]: [0mThis is a error message from thread 1218-09-2026 00:29:34 [38;5;009m[ERROR]: [0mThis is a error message from thread 1518-09-2026 00:29:34 [38;5;009m[ERROR]: [0mThis is a error message from thread 2518-09-2026 00:29:34 [38;5;117m[DEBUG]: [0mThis is a debug message from thread 2418-09-2026 00:29:34 [38;5;117m[DEBUG]: [0mThis is a debug message from thread 2018-09-2026 00:29:34 [38;5;117m[DEBUG]: [0mThis is a debug message from thread 418-09-2026 00:29:34 [38;5;015m[INFO]: [0mThis is a info message from thread 2018-09-2026 00:29:34 [38;5;015m[INFO]: [0mThis is a info message from thread 618-09-2026 00:29:34 [38;5;009m[ERROR]: [0mThis is a error message from thread 1418-09-2026 00:29:34 [38;5;015m[INFO]: [0mThis is a info message from thread 418-09-2026 00:29:34 [38;5;015m[INFO]: [0mThis is a info message from thread 2718-09-2026 00:29:34 [38;5;009m[ERROR]: [0mThis is a error message from thread 818-09-2026 00:29:34 [38;5;009m[ERROR]: [0mThis is a error message from thread 618-09-2026 00:29:34 [38;5;009m[ERROR]: [0mThis is a error message from thread 2718-09-2026 00:29:34 [38;5;117m[DEBUG]: [0mThis is a debug message from thread 518-09-2026 00:29:34 [38;5;117m[DEBUG]: [0mThis is a debug message from thread 1518-09-2026 00:29:34 [38;5;117m[DEBUG]: [0mThis is a debug message from thread 2818-09-2026 00:29:34 [38;5;009m[ERROR]: [0mThis is a error message from thread 418-09-2026 00:29:34 [38;5;117m[DEBUG]: [0mThis is a debug message from thread 2618-09-2026 00:29:34 [38;5;015m[INFO]: [0mThis is a info message from thread 1818-09-2026 00:29:34 [38;5;117m[DEBUG]: [0mThis is a debug message from thread 318-09-2026 00:29:34 [38;5;117m[DEBUG]: [0mThis is a debug message from thread 618-09-2026 00:29:34 [38;5;015m[INFO]: [0mThis is a info message from thread 318-09-2026 00:29:34 [38;5;015m[INFO]: [0mThis is a info message from thread 618-09-2026 00:29:34 [38;5;009m[ERROR]: [0mThis is a error message from thread 318-09-2026 00:29:34 [38;5;015m[INFO]: [0mThis is a info message from thread 018-09-2026 00:29:34 [38;5;117m[DEBUG]: [0mThis is a debug message from thread 318-09-2026 00:29:34 [38;5;117m[DEBUG]: [0mThis is a debug message from thread 2718-09-2026 00:29:34 [38;5;015m[INFO]: [0mThis is a info message from thread 918-09-2026 00:29:34 [38;5;009m[ERROR]: [0mThis is a error message from thread 618-09-2026 00:29:34 [38;5;009m[ERROR]: [0mThis is a error message from thread 018-09-2026 00:29:34 [38;5;117m[DEBUG]: [0mThis is a debug message from thread 618-09-2026 00:29:34 [38;5;015m[INFO]: [0mThis is a info message from thread 318-09-2026 00:29:34 [38;5;009m[ERROR]: [0mThis is a error message from thread 918-09-2026 00:29:34 [38;5;117m[DEBUG]: [0mThis is a debug message from thread 018-09-2026 00:29:34 [38;5;015m[INFO]: [0mThis is a info message from thread 618-09-2026 00:29:34 [38;5;117m[DEBUG]: [0mThis is a debug message from thread 918-09-2026 00:29:34 [38;5;015m[INFO]: [0mThis is a info message from thread 018-09-2026 00:29:34 [38;5;015m[INFO]: [0mThis is a info message from thread 2718-09-2026 00:29:34 [38;5;015m[INFO]: [0mThis is a info message from thread 918-09-2026 00:29:34 [38;5;009m[ERROR]: [0mThis is a error message from thread 618-09-2026 00:29:34 [38;5;009m[ERROR]: [0mThis is a error message from thread 318-09-2026 00:29:34 [38;5;009m[ERROR]: [0mThis is a error message from thread 2018-09-2026 00:29:34 [38;5;015m[INFO]: [0mThis is a info message from thread 2218-09-2026 00:29:34 [38;5;009m[ERROR]: [0mThis is a error message from thread 1618-09-2026 00:29:34 [38;5;117m[DEBUG]: [0mThis is a debug message from thread 318-09-2026 00:29:34 [38;5;009m[ERROR]: [0mThis is a error message from thread 2318-09-2026 00:29:34 [38;5;015m[INFO]: [0mThis is a info message from thread 318-09-2026 00:29:34 [38;5;117m[DEBUG]: [0mThis is a debug message from thread 2318-09-2026 00:29:34 [38;5;009m[ERROR]: [0mThis is a error message from thread 318-09-2026 00:29:34 [38;5;009m[ERROR]: [0mThis is a error message from thread 2918-09-2026 00:29:34 [38;5;015m[INFO]: [0mThis is a info message from thread 1018-09-2026 00:29:34 [38;5;117m[DEBUG]: [0mThis is a debug message from thread 118-09-2026 00:29:34 [38;5;015m[INFO]: [0mThis is a info message from thread 2118-09-2026 00:29:34 [38;5;015m[INFO]: [0mThis is a info message from thread 2418-09-2026 00:29:34 [38;5;009m[ERROR]: [0mThis is a error message from thread 2218-09-2026 00:29:34 [38;5;117m[DEBUG]: [0mThis is a debug message from thread 1618-09-2026 00:29:34 [38;5;015m[INFO]: [0mThis is a info message from thread 2618-09-2026 00:29:34 [38;5;015m[INFO]: [0mThis is a info message from thread 1518-09-2026 00:29:34 [38;5;009m[ERROR]: [0mThis is a error message from thread 1018-09-2026 00:29:34 [38;5;117m[DEBUG]: [0mThis is a debug message from thread 218-09-2026 00:29:34 [38;5;009m[ERROR]: [0mThis is a error message from thread 018-09-2026 00:29:34 [38;5;117m[DEBUG]: [0mThis is a debug message from thread 618-09-2026 00:29:34 [38;5;009m[ERROR]: [0mThis is a error message from thread 918-09-2026 00:29:34 [38;5;009m[ERROR]: [0mThis is a error message from thread 2718-09-2026 00:29:34 [38;5;117m[DEBUG]: [0mThis is a debug message from thread 418-09-2026 00:29:34 [38;5;009m[ERROR]: [0mThis is a error message from thread 1518-09-2026 00:29:34 [38;5;117m[DEBUG]: [0mThis is a debug message from thread 918-09-2026 00:29:34 [38;5;015m[INFO]: [0mThis is a info message from thread 418-09-2026 00:29:34 [38;5;009m[ERROR]: [0mThis is a error message from thread 2418-09-2026 00:29:34 [38;5;015m[INFO]: [0mThis is a info message from thread 2818-09-2026 00:29:34 [38;5;117m[DEBUG]: [0mThis is a debug message from thread 1018-09-2026 00:29:34 [38;5;015m[INFO]: [0mThis is a info message from thread 918-09-2026 00:29:34 [38;5;009m[ERROR]: [0mThis is a error message from thread 2818-09-2026 00:29:34 [38;5;015m[INFO]: [0mThis is a info message from thread 1018-09-2026 00:29:34 [38;5;009m[ERROR]: [0mThis is a error message from thread 918-09-2026 00:29:34 [38;5;117m[DEBUG]: [0mThis is a debug message from thread 2818-09-2026 00:29:34 [38;5;117m[DEBUG]: [0mThis is a debug message from thread 918-09-2026 00:29:34 [38;5;015m[INFO]: [0mThis is a info message from thread 2818-09-2026 00:29:34 [38;5;009m[ERROR]: [0mThis is a error message from thread 1018-09-2026 00:29:34 [38;5;015m[INFO]: [0mThis is a info message from thread 918-09-2026 00:29:34 [38;5;009m[ERROR]: [0mThis is a error message from thread 2818-09-2026 00:29:34 [38;5;117m[DEBUG]: [0mThis is a debug message from thread 1018-09-2026 00:29:34 [38;5;009m[ERROR]: [0mThis is a error message from thread 918-09-2026 00:29:34 [38;5;117m[DEBUG]: [0mThis is a debug message from thread 1218-09-2026 00:29:34 [38;5;117m[DEBUG]: [0mThis is a debug message from thread 2818-09-2026 00:29:34 [38;5;015m[INFO]: [0mThis is a info message from thread 1018-09-2026 00:29:34 [38;5;015m[INFO]: [0mThis is a info message from thread 2818-09-2026 00:29:34 [38;5;009m[ERROR]: [0mThis is a error message from thread 1018-09-2026 00:29:34 [38;5;117m[DEBUG]: [0mThis is a debug message from thread 1318-09-2026 00:29:34 [38;5;117m[DEBUG]: [0mThis is a debug message from thread 1018-09-2026 00:29:34 [38;5;009m[ERROR]: [0mThis is a error message from thread 1118-09-2026 00:29:34 [38;5;117m[DEBUG]: [0mThis is a debug message from thread 2018-09-2026 00:29:34 [38;5;015m[INFO]: [0mThis is a info message from thread 1318-09-2026 00:29:34 [38;5;015m[INFO]: [0mThis is a info message from thread 618-09-2026 00:29:34 [38;5;117m[DEBUG]: [0mThis is a debug message from thread 018-09-2026 00:29:34 [38;5;009m[ERROR]: [0mThis is a error message from thread 1318-09-2026 00:29:34 [38;5;015m[INFO]: [0mThis is a info message from thread 2318-09-2026 00:29:34 [38;5;015m[INFO]: [0mThis is a info message from thread 018-09-2026 00:29:34 [38;5;009m[ERROR]: [0mThis is a error message from thread 1818-09-2026 00:29:34 [38;5;117m[DEBUG]: [0mThis is a debug message from thread 1318-09-2026 00:29:34 [38;5;009m[ERROR]: [0mThis is a error message from thread 2318-09-2026 00:29:34 [38;5;015m[INFO]: [0mThis is a info message from thread 218-09-2026 00:29:34 [38;5;015m[INFO]: [0mThis is a info message from thread 1918-09-2026 00:29:34 [38;5;117m[DEBUG]: [0mThis is a debug message from thread 2518-09-2026 00:29:34 [38;5;015m[INFO]: [0mThis is a info message from thread 1318-09-2026 00:29:34 [38;5;117m[DEBUG]: [0mThis is a debug message from thread 1818-09-2026 00:29:34 [38;5;009m[ERROR]: [0mThis is a error message from thread 1318-09-2026 00:29:34 [38;5;009m[ERROR]: [0mThis is a error message from thread 018-09-2026 00:29:34 [38;5;117m[DEBUG]: [0mThis is a debug message from thread 2318-09-2026 00:29:34 [38;5;117m[DEBUG]: [0mThis is a debug message from thread 1318-09-2026 00:29:34 [38;5;117m[DEBUG]: [0mThis is a debug message from thread 018-09-2026 00:29:34 [38;5;015m[INFO]: [0mThis is a info message from thread 2318-09-2026 00:29:34 [38;5;015m[INFO]: [0mThis is a info message from thread 1818-09-2026 00:29:34 [38;5;009m[ERROR]: [0mThis is a error message from thread 2318-09-2026 00:29:34 [38;5;015m[INFO]: [0mThis is a info message from thread 018-09-2026 00:29:34 [38;5;117m[DEBUG]: [0mThis is a debug message from thread 2318-09-2026 00:29:34 [38;5;015m[INFO]: [0mThis is a info message from thread 1318-09-2026 00:29:34 [38;5;009m[ERROR]: [0mThis is a error message from thread 018-09-2026 00:29:34 [38;5;009m[ERROR]: [0mThis is a error message from thread 218-09-2026 00:29:34 [38;5;009m[ERROR]: [0mThis is a error message from thread 1318-09-2026 00:29:34 [38;5;117m[DEBUG]: [0mThis is a debug message from thread 018-09-2026 00:29:34 [38;5;117m[DEBUG]: [0mThis is a debug message from thread 1318-09-2026 00:29:34 [38;5;009m[ERROR]: [0mThis is a error message from thread 618-09-2026 00:29:34 [38;5;015m[INFO]: [0mThis is a info message from thread 018-09-2026 00:29:34 [38;5;015m[INFO]: [0mThis is a info message from thread 2518-09-2026 00:29:34 [38;5;009m[ERROR]: [0mThis is a error message from thread 1918-09-2026 00:29:34 [38;5;015m[INFO]: [0mThis is a info message from thread 2018-09-2026 00:29:34 [38;5;117m[DEBUG]: [0mThis is a debug message from thread 2918-09-2026 00:29:34 [38;5;117m[DEBUG]: [0mThis is a debug message from thread 618-09-2026 00:29:34 [38;5;015m[INFO]: [0mThis is a info message from thread 518-09-2026 00:29:34 [38;5;015m[INFO]: [0mThis is a info message from thread 2318-09-2026 00:29:34 [38;5;009m[ERROR]: [0mThis is a error message from thread 1818-09-2026 00:29:34 [38;5;117m[DEBUG]: [0mThis is a debug message from thread 1918-09-2026 00:29:34 [38;5;117m[DEBUG]: [0mThis is a debug message from thread 1518-09-2026 00:29:34 [38;5;015m[INFO]: [0mThis is a info message from thread 2918-09-2026 00:29:34 [38;5;009m[ERROR]: [0mThis is a error message from thread 418-09-2026 00:29:34 [38;5;009m[ERROR]: [0mThis is a error message from thread 518-09-2026 00:29:34 [38;5;117m[DEBUG]: [0mThis is a debug message from thread 818-09-2026 00:29:34 [38;5;117m[DEBUG]: [0mThis is a debug message from thread 1418-09-2026 00:29:34 [38;5;117m[DEBUG]: [0mThis is a debug message from thread 518-09-2026 00:29:34 [38;5;117m[DEBUG]: [0mThis is a debug message from thread 318-09-2026 00:29:34 [38;5;117m[DEBUG]: [0mThis is a debug message from thread 418-09-2026 00:29:34 [38;5;015m[INFO]: [0mThis is a info message from thread 1618-09-2026 00:29:34 [38;5;117m[DEBUG]: [0mThis is a debug message from thread 2418-09-2026 00:29:34 [38;5;015m[INFO]: [0mThis is a info message from thread 1218-09-2026 00:29:34 [38;5;117m[DEBUG]: [0mThis is a debug message from thread 2218-09-2026 00:29:34 [38;5;117m[DEBUG]: [0mThis is a debug message from thread 1118-09-2026 00:29:34 [38;5;009m[ERROR]: [0mThis is a error message from thread 1218-09-2026 00:29:34 [38;5;015m[INFO]: [0mThis is a info message from thread 2218-09-2026 00:29:34 [38;5;117m[DEBUG]: [0mThis is a debug message from thread 2718-09-2026 00:29:34 [38;5;015m[INFO]: [0mThis is a info message from thread 1418-09-2026 00:29:34 [38;5;117m[DEBUG]: [0mThis is a debug message from thread 1218-09-2026 00:29:34 [38;5;015m[INFO]: [0mThis is a info message from thread 2718-09-2026 00:29:34 [38;5;009m[ERROR]: [0mThis is a error message from thread 2718-09-2026 00:29:34 [38;5;117m[DEBUG]: [0mThis is a debug message from thread 2718-09-2026 00:29:34 [38;5;015m[INFO]: [0mThis is a info message from thread 1118-09-2026 00:29:34 [38;5;009m[ERROR]: [0mThis is a error message from thread 1618-09-2026 00:29:34 [38;5;009m[ERROR]: [0mThis is a error message from thread 1118-09-2026 00:29:34 [38;5;015m[INFO]: [0mThis is a info message from thread 1718-09-2026 00:29:34 [38;5;015m[INFO]: [0mThis is a info message from thread 2718-09-2026 00:29:34 [38;5;009m[ERROR]: [0mThis is a error message from thread 2118-09-2026 00:29:34 [38;5;009m[ERROR]: [0mThis is a error message from thread 1418-09-2026 00:29:34 [38;5;009m[ERROR]: [0mThis is a error message from thread 1718-09-2026 00:29:34 [38;5;015m[INFO]: [0mThis is a info message from thread 1018-09-2026 00:29:34 [38;5;009m[ERROR]: [0mThis is a error message from thread 2718-09-2026 00:29:34 [38;5;117m[DEBUG]: [0mThis is a debug message from thread 2118-09-2026 00:29:34 [38;5;015m[INFO]: [0mThis is a info message from thread 1318-09-2026 00:29:34 [38;5;117m[DEBUG]: [0mThis is a debug message from thread 1118-09-2026 00:29:34 [38;5;117m[DEBUG]: [0mThis is a debug message from thread 1418-09-2026 00:29:34 [38;5;015m[INFO]: [0mThis is a info message from thread 518-09-2026 00:29:34 [38;5;009m[ERROR]: [0mThis is a error message from thread 2318-09-2026 00:29:34 [38;5;015m[INFO]: [0mThis is a info message from thread 1518-09-2026 00:29:34 [38;5;015m[INFO]: [0mThis is a info message from thread 718-09-2026 00:29:34 [38;5;015m[INFO]: [0mThis is a info message from thread 318-09-2026 00:29:34 [38;5;009m[ERROR]: [0mThis is a error message from thread 1018-09-2026 00:29:34 [38;5;117m[DEBUG]: [0mThis is a debug message from thread 218-09-2026 00:29:34 [38;5;009m[ERROR]: [0mThis is a error message from thread 2618-09-2026 00:29:34 [38;5;117m[DEBUG]: [0mThis is a debug message from thread 918-09-2026 00:29:34 [38;5;117m[DEBUG]: [0mThis is a debug message from thread 1718-09-2026 00:29:34 [38;5;009m[ERROR]: [0mThis is a error message from thread 1518-09-2026 00:29:34 [38;5;015m[INFO]: [0mThis is a info message from thread 418-09-2026 00:29:34 [38;5;117m[DEBUG]: [0mThis is a debug message from thread 1818-09-2026 00:29:34 [38;5;015m[INFO]: [0mThis is a info message from thread 918-09-2026 00:29:34 [38;5;015m[INFO]: [0mThis is a info message from thread 1418-09-2026 00:29:34 [38;5;015m[INFO]: [0mThis is a info message from thread 818-09-2026 00:29:34 [38;5;009m[ERROR]: [0mThis is a error message from thread 1318-09-2026 00:29:34 [38;5;117m[DEBUG]: [0mThis is a debug message from thread 1018-09-2026 00:29:34 [38;5;015m[INFO]: [0mThis is a info message from thread 1718-09-2026 00:29:34 [38;5;117m[DEBUG]: [0mThis is a debug message from thread 2618-09-2026 00:29:34 [38;5;009m[ERROR]: [0mThis is a error message from thread 918-09-2026 00:29:34 [38;5;015m[INFO]: [0mThis is a info message from thread 1818-09-2026 00:29:34 [38;5;009m[ERROR]: [0mThis is a error message from thread 1418-09-2026 00:29:34 [38;5;117m[DEBUG]: [0mThis is a debug message from thread 1518-09-2026 00:29:34 [38;5;015m[INFO]: [0mThis is a info message from thread 2618-09-2026 00:29:34 [38;5;009m[ERROR]: [0mThis is a error message from thread 018-09-2026 00:29:34 [38;5;009m[ERROR]: [0mThis is a error message from thread 2818-09-2026 00:29:34 [38;5;009m[ERROR]: [0mThis is a error message from thread 418-09-2026 00:29:34 [38;5;009m[ERROR]: [0mThis is a error message from thread 2618-09-2026 00:29:34 [38;5;009m[ERROR]: [0mThis is a error message from thread 2518-09-2026 00:29:34 [38;5;009m[ERROR]: [0mThis is a error message from thread 1818-09-2026 00:29:34 [38;5;009m[ERROR]: [0mThis is a error message from thread 818-09-2026 00:29:34 [38;5;015m[INFO]: [0mThis is a info message from thread 2418-09-2026 00:29:34 [38;5;117m[DEBUG]: [0mThis is a debug message from thread 918-09-2026 00:29:34 [38;5;117m[DEBUG]: [0mThis is a debug message from thread 818-09-2026 00:29:34 [38;5;015m[INFO]: [0mThis is a info message from thread 1518-09-2026 00:29:34 [38;5;009m[ERROR]: [0mThis is a error message from thread 2418-09-2026 00:29:34 [38;5;015m[INFO]: [0mThis is a info message from thread 118-09-2026 00:29:34 [38;5;117m[DEBUG]: [0mThis is a debug message from thread 2818-09-2026 00:29:34 [38;5;015m[INFO]: [0mThis is a info message from thread 918-09-2026 00:29:34 [38;5;009m[ERROR]: [0mThis is a error message from thread 118-09-2026 00:29:34 [38;5;117m[DEBUG]: [0mThis is a debug message from thread 2618-09-2026 00:29:34 [38;5;117m[DEBUG]: [0mThis is a debug message from thread 1318-09-2026 00:29:34 [38;5;015m[INFO]: [0mThis is a info message from thread 1918-09-2026 00:29:34 [38;5;009m[ERROR]: [0mThis is a error message from thread 2218-09-2026 00:29:34 [38;5;117m[DEBUG]: [0mThis is a debug message from thread 2518-09-2026 00:29:34 [38;5;009m[ERROR]: [0mThis is a error message from thread 518-09-2026 00:29:34 [38;5;015m[INFO]: [0mThis is a info message from thread 1118-09-2026 00:29:34 [38;5;015m[INFO]: [0mThis is a info message from thread 818-09-2026 00:29:34 [38;5;015m[INFO]: [0mThis is a info message from thread 2618-09-2026 00:29:34 [38;5;015m[INFO]: [0mThis is a info message from thread 2518-09-2026 00:29:34 [38;5;117m[DEBUG]: [0mThis is a debug message from thread 2418-09-2026 00:29:34 [38;5;009m[ERROR]: [0mThis is a error message from thread 818-09-2026 00:29:34 [38;5;009m[ERROR]: [0mThis is a error message from thread 1118-09-2026 00:29:34 [38;5;117m[DEBUG]: [0mThis is a debug message from thread 2218-09-2026 00:29:34 [38;5;015m[INFO]: [0mThis is a info message from thread 1318-09-2026 00:29:34 [38;5;009m[ERROR]: [0mThis is a error message from thread 1918-09-2026 00:29:34 [38;5;015m[INFO]: [0mThis is a info message from thread 618-09-2026 00:29:34 [38;5;015m[INFO]: [0mThis is a info message from thread 2218-09-2026 00:29:34 [38;5;117m[DEBUG]: [0mThis is a debug message from thread 018-09-2026 00:29:34 [38;5;117m[DEBUG]: [0mThis is a debug message from thread 818-09-2026 00:29:34 [38;5;117m[DEBUG]: [0mThis is a debug message from thread 1918-09-2026 00:29:34 [38;5;009m[ERROR]: [0mThis is a error message from thread 2518-09-2026 00:29:34 [38;5;015m[INFO]: [0mThis is a info message from thread 1018-09-2026 00:29:34 [38;5;117m[DEBUG]: [0mThis is a debug message from thread 1118-09-2026 00:29:34 [38;5;117m[DEBUG]: [0mThis is a debug message from thread 1618-09-2026 00:29:34 [38;5;009m[ERROR]: [0mThis is a error message from thread 1318-09-2026 00:29:34 [38;5;009m[ERROR]: [0mThis is a error message from thread 618-09-2026 00:29:34 [38;5;117m[DEBUG]: [0mThis is a debug message from thread 1418-09-2026 00:29:34 [38;5;015m[INFO]: [0mThis is a info message from thread 2118-09-2026 00:29:34 [38;5;015m[INFO]: [0mThis is a info message from thread 1118-09-2026 00:29:34 [38;5;009m[ERROR]: [0mThis is a error message from thread 2918-09-2026 00:29:34 [38;5;015m[INFO]: [0mThis is a info message from thread 1618-09-2026 00:29:34 [38;5;117m[DEBUG]: [0mThis is a debug message from thread 418-09-2026 00:29:34 [38;5;117m[DEBUG]: [0mThis is a debug message from thread 2318-09-2026 00:29:34 [38;5;117m[DEBUG]: [0mThis is a debug message from thread 518-09-2026 00:29:34 [38;5;117m[DEBUG]: [0mThis is a debug message from thread 618-09-2026 00:29:34 [38;5;009m[ERROR]: [0mThis is a error message from thread 718-09-2026 00:29:34 [38;5;009m[ERROR]: [0mThis is a error message from thread 2618-09-2026 00:29:34 [38;5;117m[DEBUG]: [0mThis is a debug message from thread 2518-09-2026 00:29:34 [38;5;015m[INFO]: [0mThis is a info message from thread 2318-09-2026 00:29:34 [38;5;015m[INFO]: [0mThis is a info message from thread 618-09-2026 00:29:34 [38;5;015m[INFO]: [0mThis is a info message from thread 818-09-2026 00:29:34 [38;5;117m[DEBUG]: [0mThis is a debug message from thread 2618-09-2026 00:29:34 [38;5;015m[INFO]: [0mThis is a info message from thread 1418-09-2026 00:29:34 [38;5;009m[ERROR]: [0mThis is a error message from thread 1718-09-2026 00:29:34 [38;5;015m[INFO]: [0mThis is a info message from thread 2518-09-2026 00:29:34 [38;5;009m[ERROR]: [0mThis is a error message from thread 1018-09-2026 00:29:34 [38;5;117m[DEBUG]: [0mThis is a debug message from thread 718-09-2026 00:29:34 [38;5;009m[ERROR]: [0mThis is a error message from thread 1518-09-2026 00:29:34 [38;5;015m[INFO]: [0mThis is a info message from thread 418-09-2026 00:29:34 [38;5;015m[INFO]: [0mThis is a info message from thread 1918-09-2026 00:29:34 [38;5;015m[INFO]: [0mThis is a info message from thread 2618-09-2026 00:29:34 [38;5;009m[ERROR]: [0mThis is a error message from thread 818-09-2026 00:29:34 [38;5;009m[ERROR]: [0mThis is a error message from thread 1418-09-2026 00:29:34 [38;5;009m[ERROR]: [0mThis is a error message from thread 2618-09-2026 00:29:34 [38;5;009m[ERROR]: [0mThis is a error message from thread 618-09-2026 00:29:34 [38;5;117m[DEBUG]: [0mThis is a debug message from thread 1318-09-2026 00:29:34 [38;5;015m[INFO]: [0mThis is a info message from thread 2418-09-2026 00:29:34 [38;5;009m[ERROR]: [0mThis is a error message from thread 1918-09-2026 00:29:34 [38;5;015m[INFO]: [0mThis is a info message from thread 218-09-2026 00:29:34 [38;5;009m[ERROR]: [0mThis is a error message from thread 2318-09-2026 00:29:34 [38;5;117m[DEBUG]: [0mThis is a debug message from thread 1518-09-2026 00:29:34 [38;5;117m[DEBUG]: [0mThis is a debug message from thread 2618-09-2026 00:29:34 [38;5;117m[DEBUG]: [0mThis is a debug message from thread 2318-09-2026 00:29:34 [38;5;117m[DEBUG]: [0mThis is a debug message from thread 2918-09-2026 00:29:34 [38;5;015m[INFO]: [0mThis is a info message from thread 2618-09-2026 00:29:34 [38;5;117m[DEBUG]: [0mThis is a debug message from thread 1718-09-2026 00:29:34 [38;5;117m[DEBUG]: [0mThis is a debug message from thread 1918-09-2026 00:29:34 [38;5;117m[DEBUG]: [0mThis is a debug message from thread 1018-09-2026 00:29:34 [38;5;009m[ERROR]: [0mThis is a error message from thread 2518-09-2026 00:29:34 [38;5;015m[INFO]: [0mThis is a info message from thread 718-09-2026 00:29:34 [38;5;009m[ERROR]: [0mThis is a error message from thread 1618-09-2026 00:29:34 [38;5;117m[DEBUG]: [0mThis is a debug message from thread 118-09-2026 00:29:34 [38;5;015m[INFO]: [0mThis is a info message from thread 1018-09-2026 00:29:34 [38;5;117m[DEBUG]: [0mThis is a debug message from thread 2518-09-2026 00:29:34 [38;5;009m[ERROR]: [0mThis is a error message from thread 2618-09-2026 00:29:34 [38;5;015m[INFO]: [0mThis is a info message from thread 1918-09-2026 00:29:34 [38;5;009m[ERROR]: [0mThis is a error message from thread 2118-09-2026 00:29:34 [38;5;009m[ERROR]: [0mThis is a error message from thread 318-09-2026 00:29:34 [38;5;117m[DEBUG]: [0mThis is a debug message from thread 318-09-2026 00:29:34 [38;5;015m[INFO]: [0mThis is a info message from thread 2918-09-2026 00:29:34 [38;5;009m[ERROR]: [0mThis is a error message from thread 1018-09-2026 00:29:34 [38;5;015m[INFO]: [0mThis is a info message from thread 318-09-2026 00:29:34 [38;5;015m[INFO]: [0mThis is a info message from thread 2818-09-2026 00:29:34 [38;5;009m[ERROR]: [0mThis is a error message from thread 2018-09-2026 00:29:34 [38;5;117m[DEBUG]: [0mThis is a debug message from thread 1818-09-2026 00:29:34 [38;5;009m[ERROR]: [0mThis is a error message from thread 218-09-2026 00:29:34 [38;5;117m[DEBUG]: [0mThis is a debug message from thread 618-09-2026 00:29:34 [38;5;009m[ERROR]: [0mThis is a error message from thread 2418-09-2026 00:29:34 [38;5;009m[ERROR]: [0mThis is a error message from thread 1918-09-2026 00:29:34 [38;5;009m[ERROR]: [0mThis is a error message from thread 2818-09-2026 00:29:34 [38;5;015m[INFO]: [0mThis is a info message from thread 2318-09-2026 00:29:34 [38;5;015m[INFO]: [0mThis is a info message from thread 1518-09-2026 00:29:34 [38;5;117m[DEBUG]: [0mThis is a debug message from thread 1918-09-2026 00:29:34 [38;5;117m[DEBUG]: [0mThis is a debug message from thread 2718-09-2026 00:29:34 [38;5;009m[ERROR]: [0mThis is a error message from thread 718-09-2026 00:29:34 [38;5;117m[DEBUG]: [0mThis is a debug message from thread 2818-09-2026 00:29:34 [38;5;117m[DEBUG]: [0mThis is a debug message from thread 2118-09-2026 00:29:34 [38;5;015m[INFO]: [0mThis is a info message from thread 1318-09-2026 00:29:34 [38;5;015m[INFO]: [0mThis is a info message from thread 618-09-2026 00:29:34 [38;5;015m[INFO]: [0mThis is a info message from thread 1918-09-2026 00:29:34 [38;5;009m[ERROR]: [0mThis is a error message from thread 2918-09-2026 00:29:34 [38;5;117m[DEBUG]: [0mThis is a debug message from thread 2418-09-2026 00:29:34 [38;5;009m[ERROR]: [0mThis is a error message from thread 1518-09-2026 00:29:34 [38;5;117m[DEBUG]: [0mThis is a debug message from thread 718-09-2026 00:29:34 [38;5;015m[INFO]: [0mThis is a info message from thread 118-09-2026 00:29:34 [38;5;117m[DEBUG]: [0mThis is a debug message from thread 1018-09-2026 00:29:34 [38;5;015m[INFO]: [0mThis is a info message from thread 518-09-2026 00:29:34 [38;5;009m[ERROR]: [0mThis is a error message from thread 1918-09-2026 00:29:34 [38;5;117m[DEBUG]: [0mThis is a debug message from thread 1618-09-2026 00:29:34 [38;5;009m[ERROR]: [0mThis is a error message from thread 1118-09-2026 00:29:34 [38;5;009m[ERROR]: [0mThis is a error message from thread 918-09-2026 00:29:34 [38;5;015m[INFO]: [0mThis is a info message from thread 2118-09-2026 00:29:34 [38;5;015m[INFO]: [0mThis is a info message from thread 1218-09-2026 00:29:34 [38;5;117m[DEBUG]: [0mThis is a debug message from thread 818-09-2026 00:29:34 [38;5;009m[ERROR]: [0mThis is a error message from thread 118-09-2026 00:29:34 [38;5;015m[INFO]: [0mThis is a info message from thread 718-09-2026 00:29:34 [38;5;117m[DEBUG]: [0mThis is a debug message from thread 1518-09-2026 00:29:34 [38;5;009m[ERROR]: [0mThis is a error message from thread 2118-09-2026 00:29:34 [38;5;117m[DEBUG]: [0mThis is a debug message from thread 118-09-2026 00:29:34 [38;5;009m[ERROR]: [0mThis is a error message from thread 1218-09-2026 00:29:34 [38;5;015m[INFO]: [0mThis is a info message from thread 818-09-2026 00:29:34 [38;5;117m[DEBUG]: [0mThis is a debug message from thread 2118-09-2026 00:29:34 [38;5;117m[DEBUG]: [0mThis is a debug message from thread 1218-09-2026 00:29:34 [38;5;117m[DEBUG]: [0mThis is a debug message from thread 918-09-2026 00:29:34 [38;5;015m[INFO]: [0mThis is a info message from thread 118-09-2026 00:29:34 [38;5;009m[ERROR]: [0mThis is a error message from thread 2318-09-2026 00:29:34 [38;5;009m[ERROR]: [0mThis is a error message from thread 718-09-2026 00:29:34 [38;5;009m[ERROR]: [0mThis is a error message from thread 518-09-2026 00:29:34 [38;5;015m[INFO]: [0mThis is a info message from thread 1618-09-2026 00:29:34 [38;5;015m[INFO]: [0mThis is a info message from thread 018-09-2026 00:29:34 [38;5;009m[ERROR]: [0mThis is a error message from thread 818-09-2026 00:29:34 [38;5;009m[ERROR]: [0mThis is a error message from thread 018-09-2026 00:29:34 [38;5;117m[DEBUG]: [0mThis is a debug message from thread 518-09-2026 00:29:34 [38;5;009m[ERROR]: [0mThis is a error message from thread 118-09-2026 00:29:34 [38;5;015m[INFO]: [0mThis is a info message from thread 2118-09-2026 00:29:34 [38;5;117m[DEBUG]: [0mThis is a debug message from thread 718-09-2026 00:29:34 [38;5;117m[DEBUG]: [0mThis is a debug message from thread 818-09-2026 00:29:34 [38;5;015m[INFO]: [0mThis is a info message from thread 518-09-2026 00:29:34 [38;5;117m[DEBUG]: [0mThis is a debug message from thread 1418-09-2026 00:29:34 [38;5;009m[ERROR]: [0mThis is a error message from thread 418-09-2026 00:29:34 [38;5;015m[INFO]: [0mThis is a info message from thread 1718-09-2026 00:29:34 [38;5;009m[ERROR]: [0mThis is a error message from thread 1618-09-2026 00:29:34 [38;5;015m[INFO]: [0mThis is a info message from thread 1518-09-2026 00:29:34 [38;5;117m[DEBUG]: [0mThis is a debug message from thread 118-09-2026 00:29:34 [38;5;015m[INFO]: [0mThis is a info message from thread 918-09-2026 00:29:34 [38;5;009m[ERROR]: [0mThis is a error message from thread 2118-09-2026 00:29:34 [38;5;009m[ERROR]: [0mThis is a error message from thread 1318-09-2026 00:29:34 [38;5;015m[INFO]: [0mThis is a info message from thread 1018-09-2026 00:29:34 [38;5;117m[DEBUG]: [0mThis is a debug message from thread 218-09-2026 00:29:34 [38;5;015m[INFO]: [0mThis is a info message from thread 118-09-2026 00:29:34 [38;5;015m[INFO]: [0mThis is a info message from thread 718-09-2026 00:29:34 [38;5;117m[DEBUG]: [0mThis is a debug message from thread 2618-09-2026 00:29:34 [38;5;015m[INFO]: [0mThis is a info message from thread 1418-09-2026 00:29:34 [38;5;009m[ERROR]: [0mThis is a error message from thread 118-09-2026 00:29:34 [38;5;117m[DEBUG]: [0mThis is a debug message from thread 1318-09-2026 00:29:34 [38;5;009m[ERROR]: [0mThis is a error message from thread 1418-09-2026 00:29:34 [38;5;015m[INFO]: [0mThis is a info message from thread 1318-09-2026 00:29:34 [38;5;117m[DEBUG]: [0mThis is a debug message from thread 418-09-2026 00:29:34 [38;5;117m[DEBUG]: [0mThis is a debug message from thread 1618-09-2026 00:29:34 [38;5;015m[INFO]: [0mThis is a info message from thread 2718-09-2026 00:29:34 [38;5;015m[INFO]: [0mThis is a info message from thread 2518-09-2026 00:29:34 [38;5;009m[ERROR]: [0mThis is a error message from thread 2718-09-2026 00:29:34 [38;5;117m[DEBUG]: [0mThis is a debug message from thread 2718-09-2026 00:29:34 [38;5;117m[DEBUG]: [0mThis is a debug message from thread 1418-09-2026 00:29:34 [38;5;015m[INFO]: [0mThis is a info message from thread 1618-09-2026 00:29:34 [38;5;009m[ERROR]: [0mThis is a error message from thread 1018-09-2026 00:29:34 [38;5;009m[ERROR]: [0mThis is a error message from thread 518-09-2026 00:29:34 [38;5;009m[ERROR]: [0mThis is a error message from thread 1618-09-2026 00:29:34 [38;5;015m[INFO]: [0mThis is a info message from thread 1418-09-2026 00:29:34 [38;5;117m[DEBUG]: [0mThis is a debug message from thread 1618-09-2026 00:29:34 [38;5;015m[INFO]: [0mThis is a info message from thread 2718-09-2026 00:29:34 [38;5;009m[ERROR]: [0mThis is a error message from thread 618-09-2026 00:29:34 [38;5;009m[ERROR]: [0mThis is a error message from thread 1418-09-2026 00:29:34 [38;5;009m[ERROR]: [0mThis is a error message from thread 1318-09-2026 00:29:34 [38;5;009m[ERROR]: [0mThis is a error message from thread 2518-09-2026 00:29:34 [38;5;117m[DEBUG]: [0mThis is a debug message from thread 618-09-2026 00:29:34 [38;5;117m[DEBUG]: [0mThis is a debug message from thread 118-09-2026 00:29:34 [38;5;117m[DEBUG]: [0mThis is a debug message from thread 1018-09-2026 00:29:34 [38;5;015m[INFO]: [0mThis is a info message from thread 1018-09-2026 00:29:34 [38;5;015m[INFO]: [0mThis is a info message from thread 418-09-2026 00:29:34 [38;5;015m[INFO]: [0mThis is a info message from thread 2818-09-2026 00:29:34 [38;5;009m[ERROR]: [0mThis is a error message from thread 2218-09-2026 00:29:34 [38;5;009m[ERROR]: [0mThis is a error message from thread 418-09-2026 00:29:34 [38;5;117m[DEBUG]: [0mThis is a debug message from thread 2518-09-2026 00:29:34 [38;5;009m[ERROR]: [0mThis is a error message from thread 1018-09-2026 00:29:34 [38;5;117m[DEBUG]: [0mThis is a debug message from thread 1418-09-2026 00:29:34 [38;5;117m[DEBUG]: [0mThis is a debug message from thread 1018-09-2026 00:29:34 [38;5;015m[INFO]: [0mThis is a info message from thread 118-09-2026 00:29:34 [38;5;015m[INFO]: [0mThis is a info message from thread 2418-09-2026 00:29:34 [38;5;015m[INFO]: [0mThis is a info message from thread 1618-09-2026 00:29:34 [38;5;009m[ERROR]: [0mThis is a error message from thread 2718-09-2026 00:29:34 [38;5;009m[ERROR]: [0mThis is a error message from thread 2818-09-2026 00:29:34 [38;5;117m[DEBUG]: [0mThis is a debug message from thread 1118-09-2026 00:29:34 [38;5;015m[INFO]: [0mThis is a info message from thread 1218-09-2026 00:29:34 [38;5;009m[ERROR]: [0mThis is a error message from thread 1618-09-2026 00:29:34 [38;5;117m[DEBUG]: [0mThis is a debug message from thread 1918-09-2026 00:29:34 [38;5;117m[DEBUG]: [0mThis is a debug message from thread 2018-09-2026 00:29:34 [38;5;117m[DEBUG]: [0mThis is a debug message from thread 2218-09-2026 00:29:34 [38;5;009m[ERROR]: [0mThis is a error message from thread 918-09-2026 00:29:34 [38;5;117m[DEBUG]: [0mThis is a debug message from thread 518-09-2026 00:29:34 [38;5;015m[INFO]: [0mThis is a info message from thread 1118-09-2026 00:29:34 [38;5;117m[DEBUG]: [0mThis is a debug message from thread 2318-09-2026 00:29:34 [38;5;009m[ERROR]: [0mThis is a error message from thread 1218-09-2026 00:29:34 [38;5;015m[INFO]: [0mThis is a info message from thread 2218-09-2026 00:29:34 [38;5;015m[INFO]: [0mThis is a info message from thread 2318-09-2026 00:29:34 [38;5;009m[ERROR]: [0mThis is a error message from thread 2318-09-2026 00:29:34 [38;5;117m[DEBUG]: [0mThis is a debug message from thread 918-09-2026 00:29:34 [38;5;015m[INFO]: [0mThis is a info message from thread 918-09-2026 00:29:34 [38;5;015m[INFO]: [0mThis is a info message from thread 518-09-2026 00:29:34 [38;5;009m[ERROR]: [0mThis is a error message from thread 518-09-2026 00:29:34 [38;5;117m[DEBUG]: [0mThis is a debug message from thread 2318-09-2026 00:29:34 [38;5;009m[ERROR]: [0mThis is a error message from thread 918-09-2026 00:29:34 [38;5;117m[DEBUG]: [0mThis is a debug message from thread 018-09-2026 00:29:34 [38;5;015m[INFO]: [0mThis is a info message from thread 2318-09-2026 00:29:34 [38;5;009m[ERROR]: [0mThis is a error message from thread 2318-09-2026 00:29:34 [38;5;117m[DEBUG]: [0mThis is a debug message from thread 518-09-2026 00:29:34 [38;5;117m[DEBUG]: [0mThis is a debug message from thread 418-09-2026 00:29:34 [38;5;009m[ERROR]: [0mThis is a error message from thread 2218-09-2026 00:29:34 [38;5;015m[INFO]: [0mThis is a info message from thread 418-09-2026 00:29:34 [38;5;117m[DEBUG]: [0mThis is a debug message from thread 2318-09-2026 00:29:34 [38;5;009m[ERROR]: [0mThis is a error message from thread 1118-09-2026 00:29:34 [38;5;117m[DEBUG]: [0mThis is a debug message from thread 2218-09-2026 00:29:34 [38;5;015m[INFO]: [0mThis is a info message from thread 018-09-2026 00:29:34 [38;5;015m[INFO]: [0mThis is a info message from thread 1918-09-2026 00:29:34 [38;5;015m[INFO]: [0mThis is a info message from thread 1418-09-2026 00:29:34 [38;5;015m[INFO]: [0mThis is a info message from thread 2218-09-2026 00:29:34 [38;5;009m[ERROR]: [0mThis is a error message from thread 1418-09-2026 00:29:34 [38;5;117m[DEBUG]: [0mThis is a debug message from thread 1118-09-2026 00:29:34 [38;5;009m[ERROR]: [0mThis is a error message from thread 718-09-2026 00:29:34 [38;5;117m[DEBUG]: [0mThis is a debug message from thread 2118-09-2026 00:29:34 [38;5;117m[DEBUG]: [0mThis is a debug message from thread 718-09-2026 00:29:34 [38;5;015m[INFO]: [0mThis is a info message from thread 2018-09-2026 00:29:34 [38;5;009m[ERROR]: [0mThis is a error message from thread 2218-09-2026 00:29:34 [38;5;009m[ERROR]: [0mThis is a error message from thread 1518-09-2026 00:29:34 [38;5;117m[DEBUG]: [0mThis is a debug message from thread 1418-09-2026 00:29:34 [38;5;117m[DEBUG]: [0mThis is a debug message from thread 1618-09-2026 00:29:34 [38;5;015m[INFO]: [0mThis is a info message from thread 618-09-2026 00:29:34 [38;5;009m[ERROR]: [0mThis is a error message from thread 2418-09-2026 00:29:34 [38;5;009m[ERROR]: [0mThis is a error message from thread 2018-09-2026 00:29:34 [38;5;009m[ERROR]: [0mThis is a error message from thread 1918-09-2026 00:29:34 [38;5;009m[ERROR]: [0mThis is a error message from thread 018-09-2026 00:29:34 [38;5;015m[INFO]: [0mThis is a info message from thread 1818-09-2026 00:29:34 [38;5;015m[INFO]: [0mThis is a info message from thread 1418-09-2026 00:29:34 [38;5;009m[ERROR]: [0mThis is a error message from thread 118-09-2026 00:29:34 [38;5;117m[DEBUG]: [0mThis is a debug message from thread 918-09-2026 00:29:34 [38;5;117m[DEBUG]: [0mThis is a debug message from thread 1918-09-2026 00:29:34 [38;5;117m[DEBUG]: [0mThis is a debug message from thread 2018-09-2026 00:29:34 [38;5;117m[DEBUG]: [0mThis is a debug message from thread 2218-09-2026 00:29:34 [38;5;009m[ERROR]: [0mThis is a error message from thread 1818-09-2026 00:29:34 [38;5;117m[DEBUG]: [0mThis is a debug message from thread 118-09-2026 00:29:34 [38;5;015m[INFO]: [0mThis is a info message from thread 218-09-2026 00:29:34 [38;5;015m[INFO]: [0mThis is a info message from thread 1618-09-2026 00:29:34 [38;5;009m[ERROR]: [0mThis is a error message from thread 318-09-2026 00:29:34 [38;5;015m[INFO]: [0mThis is a info message from thread 518-09-2026 00:29:34 [38;5;117m[DEBUG]: [0mThis is a debug message from thread 1518-09-2026 00:29:34 [38;5;015m[INFO]: [0mThis is a info message from thread 718-09-2026 00:29:34 [38;5;117m[DEBUG]: [0mThis is a debug message from thread 1818-09-2026 00:29:34 [38;5;015m[INFO]: [0mThis is a info message from thread 2618-09-2026 00:29:34 [38;5;117m[DEBUG]: [0mThis is a debug message from thread 2818-09-2026 00:29:34 [38;5;117m[DEBUG]: [0mThis is a debug message from thread 318-09-2026 00:29:34 [38;5;009m[ERROR]: [0mThis is a error message from thread 1418-09-2026 00:29:34 [38;5;009m[ERROR]: [0mThis is a error message from thread 2618-09-2026 00:29:34 [38;5;009m[ERROR]: [0mThis is a error message from thread 718-09-2026 00:29:34 [38;5;117m[DEBUG]: [0mThis is a debug message from thread 2618-09-2026 00:29:34 [38;5;009m[ERROR]: [0mThis is a error message from thread 218-09-2026 00:29:34 [38;5;015m[INFO]: [0mThis is a info message from thread 2318-09-2026 00:29:34 [38;5;015m[INFO]: [0mThis is a info message from thread 1018-09-2026 00:29:34 [38;5;117m[DEBUG]: [0mThis is a debug message from thread 1418-09-2026 00:29:34 [38;5;117m[DEBUG]: [0mThis is a debug message from thread 2718-09-2026 00:29:34 [38;5;015m[INFO]: [0mThis is a info message from thread 2118-09-2026 00:29:34 [38;5;015m[INFO]: [0mThis is a info message from thread 1918-09-2026 00:29:34 [38;5;015m[INFO]: [0mThis is a info message from thread 2718-09-2026 00:29:34 [38;5;117m[DEBUG]: [0mThis is a debug message from thread 218-09-2026 00:29:34 [38;5;009m[ERROR]: [0mThis is a error message from thread 2318-09-2026 00:29:34 [38;5;015m[INFO]: [0mThis is a info message from thread 2518-09-2026 00:29:34 [38;5;117m[DEBUG]: [0mThis is a debug message from thread 1218-09-2026 00:29:34 [38;5;015m[INFO]: [0mThis is a info message from thread 1418-09-2026 00:29:34 [38;5;009m[ERROR]: [0mThis is a error message from thread 1918-09-2026 00:29:34 [38;5;117m[DEBUG]: [0mThis is a debug message from thread 2318-09-2026 00:29:34 [38;5;009m[ERROR]: [0mThis is a error message from thread 2718-09-2026 00:29:34 [38;5;117m[DEBUG]: [0mThis is a debug message from thread 1918-09-2026 00:29:34 [38;5;009m[ERROR]: [0mThis is a error message from thread 2518-09-2026 00:29:34 [38;5;015m[INFO]: [0mThis is a info message from thread 1218-09-2026 00:29:34 [38;5;117m[DEBUG]: [0mThis is a debug message from thread 018-09-2026 00:29:34 [38;5;015m[INFO]: [0mThis is a info message from thread 818-09-2026 00:29:34 [38;5;117m[DEBUG]: [0mThis is a debug message from thread 1318-09-2026 00:29:34 [38;5;009m[ERROR]: [0mThis is a error message from thread 1218-09-2026 00:29:34 [38;5;009m[ERROR]: [0mThis is a error message from thread 1718-09-2026 00:29:34 [38;5;009m[ERROR]: [0mThis is a error message from thread 1418-09-2026 00:29:34 [38;5;015m[INFO]: [0mThis is a info message from thread 2618-09-2026 00:29:34 [38;5;015m[INFO]: [0mThis is a info message from thread 1818-09-2026 00:29:34 [38;5;117m[DEBUG]: [0mThis is a debug message from thread 1218-09-2026 00:29:34 [38;5;015m[INFO]: [0mThis is a info message from thread 018-09-2026 00:29:34 [38;5;009m[ERROR]: [0mThis is a error message from thread 1618-09-2026 00:29:34 [38;5;009m[ERROR]: [0mThis is a error message from thread 2618-09-2026 00:29:34 [38;5;009m[ERROR]: [0mThis is a error message from thread 1818-09-2026 00:29:34 [38;5;015m[INFO]: [0mThis is a info message from thread 2818-09-2026 00:29:34 [38;5;117m[DEBUG]: [0mThis is a debug message from thread 1418-09-2026 00:29:34 [38;5;015m[INFO]: [0mThis is a info message from thread 218-09-2026 00:29:34 [38;5;117m[DEBUG]: [0mThis is a debug message from thread 2618-09-2026 00:29:34 [38;5;009m[ERROR]: [0mThis is a error message from thread 1018-09-2026 00:29:34 [38;5;009m[ERROR]: [0mThis is a error message from thread 2818-09-2026 00:29:34 [38;5;015m[INFO]: [0mThis is a info message from thread 2618-09-2026 00:29:34 [38;5;117m[DEBUG]: [0mThis is a debug message from thread 1018-09-2026 00:29:34 [38;5;015m[INFO]: [0mThis is a info message from thread 1118-09-2026 00:29:34 [38;5;117m[DEBUG]: [0mThis is a debug message from thread 2818-09-2026 00:29:34 [38;5;009m[ERROR]: [0mThis is a error message from thread 1118-09-2026 00:29:34 [38;5;009m[ERROR]: [0mThis is a error message from thread 618-09-2026 00:29:34 [38;5;009m[ERROR]: [0mThis is a error message from thread 018-09-2026 00:29:34 [38;5;015m[INFO]: [0mThis is a info message from thread 1418-09-2026 00:29:34 [38;5;015m[INFO]: [0mThis is a info message from thread 1018-09-2026 00:29:34 [38;5;015m[INFO]: [0mThis is a info message from thread 2218-09-2026 00:29:34 [38;5;117m[DEBUG]: [0mThis is a debug message from thread 618-09-2026 00:29:34 [38;5;015m[INFO]: [0mThis is a info message from thread 918-09-2026 00:29:34 [38;5;117m[DEBUG]: [0mThis is a debug message from thread 718-09-2026 00:29:34 [38;5;117m[DEBUG]: [0mThis is a debug message from thread 018-09-2026 00:29:34 [38;5;015m[INFO]: [0mThis is a info message from thread 2318-09-2026 00:29:34 [38;5;009m[ERROR]: [0mThis is a error message from thread 1418-09-2026 00:29:34 [38;5;117m[DEBUG]: [0mThis is a debug message from thread 2718-09-2026 00:29:34 [38;5;009m[ERROR]: [0mThis is a error message from thread 2218-09-2026 00:29:34 [38;5;117m[DEBUG]: [0mThis is a debug message from thread 1618-09-2026 00:29:34 [38;5;117m[DEBUG]: [0mThis is a debug message from thread 1418-09-2026 00:29:34 [38;5;015m[INFO]: [0mThis is a info message from thread 018-09-2026 00:29:34 [38;5;009m[ERROR]: [0mThis is a error message from thread 2318-09-2026 00:29:34 [38;5;015m[INFO]: [0mThis is a info message from thread 1618-09-2026 00:29:34 [38;5;015m[INFO]: [0mThis is a info message from thread 1418-09-2026 00:29:34 [38;5;015m[INFO]: [0mThis is a info message from thread 718-09-2026 00:29:34 [38;5;015m[INFO]: [0mThis is a info message from thread 1318-09-2026 00:29:34 [38;5;015m[INFO]: [0mThis is a info message from thread 118-09-2026 00:29:34 [38;5;009m[ERROR]: [0mThis is a error message from thread 418-09-2026 00:29:34 [38;5;117m[DEBUG]: [0mThis is a debug message from thread 2318-09-2026 00:29:34 [38;5;009m[ERROR]: [0mThis is a error message from thread 018-09-2026 00:29:34 [38;5;009m[ERROR]: [0mThis is a error message from thread 118-09-2026 00:29:34 [38;5;117m[DEBUG]: [0mThis is a debug message from thread 418-09-2026 00:29:34 [38;5;117m[DEBUG]: [0mThis is a debug message from thread 2218-09-2026 00:29:34 [38;5;015m[INFO]: [0mThis is a info message from thread 418-09-2026 00:29:34 [38;5;117m[DEBUG]: [0mThis is a debug message from thread 2418-09-2026 00:29:34 [38;5;015m[INFO]: [0mThis is a info message from thread 2818-09-2026 00:29:34 [38;5;117m[DEBUG]: [0mThis is a debug message from thread 1818-09-2026 00:29:34 [38;5;009m[ERROR]: [0mThis is a error message from thread 2618-09-2026 00:29:34 [38;5;117m[DEBUG]: [0mThis is a debug message from thread 1118-09-2026 00:29:34 [38;5;117m[DEBUG]: [0mThis is a debug message from thread 018-09-2026 00:29:34 [38;5;009m[ERROR]: [0mThis is a error message from thread 418-09-2026 00:29:34 [38;5;015m[INFO]: [0mThis is a info message from thread 2318-09-2026 00:29:34 [38;5;009m[ERROR]: [0mThis is a error message from thread 1418-09-2026 00:29:34 [38;5;009m[ERROR]: [0mThis is a error message from thread 2118-09-2026 00:29:34 [38;5;117m[DEBUG]: [0mThis is a debug message from thread 2618-09-2026 00:29:34 [38;5;009m[ERROR]: [0mThis is a error message from thread 2818-09-2026 00:29:34 [38;5;015m[INFO]: [0mThis is a info message from thread 2418-09-2026 00:29:34 [38;5;015m[INFO]: [0mThis is a info message from thread 618-09-2026 00:29:34 [38;5;117m[DEBUG]: [0mThis is a debug message from thread 2118-09-2026 00:29:34 [38;5;009m[ERROR]: [0mThis is a error message from thread 818-09-2026 00:29:34 [38;5;015m[INFO]: [0mThis is a info message from thread 2618-09-2026 00:29:34 [38;5;009m[ERROR]: [0mThis is a error message from thread 2318-09-2026 00:29:34 [38;5;117m[DEBUG]: [0mThis is a debug message from thread 2818-09-2026 00:29:34 [38;5;009m[ERROR]: [0mThis is a error message from thread 918-09-2026 00:29:34 [38;5;009m[ERROR]: [0mThis is a error message from thread 718-09-2026 00:29:34 [38;5;009m[ERROR]: [0mThis is a error message from thread 618-09-2026 00:29:34 [38;5;117m[DEBUG]: [0mThis is a debug message from thread 818-09-2026 00:29:34 [38;5;117m[DEBUG]: [0mThis is a debug message from thread 1718-09-2026 00:29:34 [38;5;015m[INFO]: [0mThis is a info message from thread 2218-09-2026 00:29:34 [38;5;009m[ERROR]: [0mThis is a error message from thread 2418-09-2026 00:29:34 [38;5;117m[DEBUG]: [0mThis is a debug message from thread 118-09-2026 00:29:34 [38;5;117m[DEBUG]: [0mThis is a debug message from thread 2418-09-2026 00:29:34 [38;5;009m[ERROR]: [0mThis is a error message from thread 2618-09-2026 00:29:34 [38;5;015m[INFO]: [0mThis is a info message from thread 2718-09-2026 00:29:34 [38;5;015m[INFO]: [0mThis is a info message from thread 1918-09-2026 00:29:34 [38;5;117m[DEBUG]: [0mThis is a debug message from thread 918-09-2026 00:29:34 [38;5;015m[INFO]: [0mThis is a info message from thread 818-09-2026 00:29:34 [38;5;009m[ERROR]: [0mThis is a error message from thread 1618-09-2026 00:29:34 [38;5;015m[INFO]: [0mThis is a info message from thread 2118-09-2026 00:29:34 [38;5;009m[ERROR]: [0mThis is a error message from thread 518-09-2026 00:29:34 [38;5;015m[INFO]: [0mThis is a info message from thread 118-09-2026 00:29:34 [38;5;117m[DEBUG]: [0mThis is a debug message from thread 2518-09-2026 00:29:34 [38;5;117m[DEBUG]: [0mThis is a debug message from thread 518-09-2026 00:29:34 [38;5;009m[ERROR]: [0mThis is a error message from thread 218-09-2026 00:29:34 [38;5;015m[INFO]: [0mThis is a info message from thread 2518-09-2026 00:29:34 [38;5;015m[INFO]: [0mThis is a info message from thread 918-09-2026 00:29:34 [38;5;015m[INFO]: [0mThis is a info message from thread 1118-09-2026 00:29:34 [38;5;015m[INFO]: [0mThis is a info message from thread 018-09-2026 00:29:34 [38;5;009m[ERROR]: [0mThis is a error message from thread 118-09-2026 00:29:34 [38;5;117m[DEBUG]: [0mThis is a debug message from thread 418-09-2026 00:29:34 [38;5;015m[INFO]: [0mThis is a info message from thread 1818-09-2026 00:29:34 [38;5;117m[DEBUG]: [0mThis is a debug message from thread 1418-09-2026 00:29:34 [38;5;009m[ERROR]: [0mThis is a error message from thread 1818-09-2026 00:29:34 [38;5;009m[ERROR]: [0mThis is a error message from thread 2518-09-2026 00:29:34 [38;5;009m[ERROR]: [0mThis is a error message from thread 2118-09-2026 00:29:34 [38;5;009m[ERROR]: [0mThis is a error message from thread 1318-09-2026 00:29:34 [38;5;117m[DEBUG]: [0mThis is a debug message from thread 2318-09-2026 00:29:34 [38;5;117m[DEBUG]: [0mThis is a debug message from thread 118-09-2026 00:29:34 [38;5;117m[DEBUG]: [0mThis is a debug message from thread 718-09-2026 00:29:34 [38;5;117m[DEBUG]: [0mThis is a debug message from thread 1318-09-2026 00:29:34 [38;5;015m[INFO]: [0mThis is a info message from thread 1218-09-2026 00:29:34 [38;5;015m[INFO]: [0mThis is a info message from thread 118-09-2026 00:29:34 [38;5;117m[DEBUG]: [0mThis is a debug message from thread 2918-09-2026 00:29:34 [38;5;117m[DEBUG]: [0mThis is a debug message from thread 2518-09-2026 00:29:34 [38;5;009m[ERROR]: [0mThis is a error message from thread 818-09-2026 00:29:34 [38;5;015m[INFO]: [0mThis is a info message from thread 1518-09-2026 00:29:34 [38;5;009m[ERROR]: [0mThis is a error message from thread 2218-09-2026 00:29:34 [38;5;117m[DEBUG]: [0mThis is a debug message from thread 218-09-2026 00:29:34 [38;5;015m[INFO]: [0mThis is a info message from thread 518-09-2026 00:29:34 [38;5;015m[INFO]: [0mThis is a info message from thread 1318-09-2026 00:29:34 [38;5;117m[DEBUG]: [0mThis is a debug message from thread 618-09-2026 00:29:34 [38;5;015m[INFO]: [0mThis is a info message from thread 2518-09-2026 00:29:34 [38;5;015m[INFO]: [0mThis is a info message from thread 2818-09-2026 00:29:34 [38;5;015m[INFO]: [0mThis is a info message from thread 2418-09-2026 00:29:34 [38;5;015m[INFO]: [0mThis is a info message from thread 318-09-2026 00:29:34 [38;5;015m[INFO]: [0mThis is a info message from thread 2018-09-2026 00:29:34 [38;5;009m[ERROR]: [0mThis is a error message from thread 2718-09-2026 00:29:34 [38;5;009m[ERROR]: [0mThis is a error message from thread 2018-09-2026 00:29:34 [38;5;009m[ERROR]: [0mThis is a error message from thread 2818-09-2026 00:29:34 [38;5;117m[DEBUG]: [0mThis is a debug message from thread 2018-09-2026 00:29:34 [38;5;009m[ERROR]: [0mThis is a error message from thread 518-09-2026 00:29:34 [38;5;117m[DEBUG]: [0mThis is a debug message from thread 2718-09-2026 00:29:34 [38;5;117m[DEBUG]: [0mThis is a debug message from thread 2618-09-2026 00:29:34 [38;5;015m[INFO]: [0mThis is a info message from thread 2318-09-2026 00:29:34 [38;5;009m[ERROR]: [0mThis is a error message from thread 1318-09-2026 00:29:34 [38;5;015m[INFO]: [0mThis is a info message from thread 2718-09-2026 00:29:34 [38;5;015m[INFO]: [0mThis is a info message from thread 1718-09-2026 00:29:34 [38;5;009m[ERROR]: [0mThis is a error message from thread 1918-09-2026 00:29:34 [38;5;009m[ERROR]: [0mThis is a error message from thread 1118-09-2026 00:29:34 [38;5;117m[DEBUG]: [0mThis is a debug message from thread 1818-09-2026 00:29:34 [38;5;009m[ERROR]: [0mThis is a error message from thread 1718-09-2026 00:29:34 [38;5;009m[ERROR]: [0mThis is a error message from thread 1018-09-2026 00:29:34 [38;5;117m[DEBUG]: [0mThis is a debug message from thread 1318-09-2026 00:29:34 [38;5;117m[DEBUG]: [0mThis is a debug message from thread 1918-09-2026 00:29:34 [38;5;117m[DEBUG]: [0mThis is a debug message from thread 1018-09-2026 00:29:34 [38;5;117m[DEBUG]: [0mThis is a debug message from thread 518-09-2026 00:29:34 [38;5;009m[ERROR]: [0mThis is a error message from thread 2518-09-2026 00:29:34 [38;5;015m[INFO]: [0mThis is a info message from thread 518-09-2026 00:29:34 [38;5;015m[INFO]: [0mThis is a info message from thread 1418-09-2026 00:29:34 [38;5;009m[ERROR]: [0mThis is a error message from thread 918-09-2026 00:29:34 [38;5;009m[ERROR]: [0mThis is a error message from thread 1418-09-2026 00:29:34 [38;5;117m[DEBUG]: [0mThis is a debug message from thread 2518-09-2026 00:29:34 [38;5;009m[ERROR]: [0mThis is a error message from thread 518-09-2026 00:29:34 [38;5;117m[DEBUG]: [0mThis is a debug message from thread 2218-09-2026 00:29:34 [38;5;009m[ERROR]: [0mThis is a error message from thread 018-09-2026 00:29:34 [38;5;015m[INFO]: [0mThis is a info message from thread 1918-09-2026 00:29:34 [38;5;015m[INFO]: [0mThis is a info message from thread 1318-09-2026 00:29:34 [38;5;015m[INFO]: [0mThis is a info message from thread 618-09-2026 00:29:34 [38;5;009m[ERROR]: [0mThis is a error message from thread 2318-09-2026 00:29:34 [38;5;117m[DEBUG]: [0mThis is a debug message from thread 918-09-2026 00:29:34 [38;5;009m[ERROR]: [0mThis is a error message from thread 1918-09-2026 00:29:34 [38;5;117m[DEBUG]: [0mThis is a debug message from thread 018-09-2026 00:29:34 [38;5;009m[ERROR]: [0mThis is a error message from thread 118-09-2026 00:29:34 [38;5;117m[DEBUG]: [0mThis is a debug message from thread 518-09-2026 00:29:34 [38;5;117m[DEBUG]: [0mThis is a debug message from thread 1918-09-2026 00:29:34 [38;5;015m[INFO]: [0mThis is a info message from thread 918-09-2026 00:29:34 [38;5;117m[DEBUG]: [0mThis is a debug message from thread 818-09-2026 00:29:34 [38;5;015m[INFO]: [0mThis is a info message from thread 2618-09-2026 00:29:34 [38;5;117m[DEBUG]: [0mThis is a debug message from thread 1718-09-2026 00:29:34 [38;5;015m[INFO]: [0mThis is a info message from thread 2018-09-2026 00:29:34 [38;5;015m[INFO]: [0mThis is a info message from thread 418-09-2026 00:29:34 [38;5;015m[INFO]: [0mThis is a info message from thread 718-09-2026 00:29:34 [38;5;015m[INFO]: [0mThis is a info message from thread 2518-09-2026 00:29:34 [38;5;009m[ERROR]: [0mThis is a error message from thread 318-09-2026 00:29:34 [38;5;009m[ERROR]: [0mThis is a error message from thread 1518-09-2026 00:29:34 [38;5;117m[DEBUG]: [0mThis is a debug message from thread 2118-09-2026 00:29:34 [38;5;117m[DEBUG]: [0mThis is a debug message from thread 2818-09-2026 00:29:34 [38;5;015m[INFO]: [0mThis is a info message from thread 2218-09-2026 00:29:34 [38;5;009m[ERROR]: [0mThis is a error message from thread 2518-09-2026 00:29:34 [38;5;009m[ERROR]: [0mThis is a error message from thread 2418-09-2026 00:29:34 [38;5;009m[ERROR]: [0mThis is a error message from thread 1218-09-2026 00:29:34 [38;5;117m[DEBUG]: [0mThis is a debug message from thread 1618-09-2026 00:29:34 [38;5;117m[DEBUG]: [0mThis is a debug message from thread 1518-09-2026 00:29:34 [38;5;117m[DEBUG]: [0mThis is a debug message from thread 1418-09-2026 00:29:34 [38;5;117m[DEBUG]: [0mThis is a debug message from thread 318-09-2026 00:29:34 [38;5;015m[INFO]: [0mThis is a info message from thread 2118-09-2026 00:29:34 [38;5;117m[DEBUG]: [0mThis is a debug message from thread 1218-09-2026 00:29:34 [38;5;015m[INFO]: [0mThis is a info message from thread 2818-09-2026 00:29:34 [38;5;009m[ERROR]: [0mThis is a error message from thread 618-09-2026 00:29:34 [38;5;117m[DEBUG]: [0mThis is a debug message from thread 2418-09-2026 00:29:34 [38;5;117m[DEBUG]: [0mThis is a debug message from thread 618-09-2026 00:29:34 [38;5;009m[ERROR]: [0mThis is a error message from thread 718-09-2026 00:29:34 [38;5;117m[DEBUG]: [0mThis is a debug message from thread 118-09-2026 00:29:34 [38;5;015m[INFO]: [0mThis is a info message from thread 1218-09-2026 00:29:34 [38;5;009m[ERROR]: [0mThis is a error message from thread 2118-09-2026 00:29:34 [38;5;009m[ERROR]: [0mThis is a error message from thread 1318-09-2026 00:29:34 [38;5;015m[INFO]: [0mThis is a info message from thread 618-09-2026 00:29:34 [38;5;009m[ERROR]: [0mThis is a error message from thread 1218-09-2026 00:29:34 [38;5;015m[INFO]: [0mThis is a info message from thread 318-09-2026 00:29:34 [38;5;117m[DEBUG]: [0mThis is a debug message from thread 718-09-2026 00:29:34 [38;5;117m[DEBUG]: [0mThis is a debug message from thread 2518-09-2026 00:29:34 [38;5;015m[INFO]: [0mThis is a info message from thread 018-09-2026 00:29:34 [38;5;015m[INFO]: [0mThis is a info message from thread 1618-09-2026 00:29:34 [38;5;117m[DEBUG]: [0mThis is a debug message from thread 1218-09-2026 00:29:34 [38;5;015m[INFO]: [0mThis is a info message from thread 118-09-2026 00:29:34 [38;5;009m[ERROR]: [0mThis is a error message from thread 1618-09-2026 00:29:34 [38;5;015m[INFO]: [0mThis is a info message from thread 1218-09-2026 00:29:34 [38;5;009m[ERROR]: [0mThis is a error message from thread 118-09-2026 00:29:34 [38;5;015m[INFO]: [0mThis is a info message from thread 1418-09-2026 00:29:34 [38;5;015m[INFO]: [0mThis is a info message from thread 2918-09-2026 00:29:34 [38;5;015m[INFO]: [0mThis is a info message from thread 1018-09-2026 00:29:34 [38;5;009m[ERROR]: [0mThis is a error message from thread 018-09-2026 00:29:34 [38;5;117m[DEBUG]: [0mThis is a debug message from thread 1618-09-2026 00:29:34 [38;5;015m[INFO]: [0mThis is a info message from thread 718-09-2026 00:29:34 [38;5;015m[INFO]: [0mThis is a info message from thread 1818-09-2026 00:29:34 [38;5;009m[ERROR]: [0mThis is a error message from thread 918-09-2026 00:29:34 [38;5;009m[ERROR]: [0mThis is a error message from thread 2818-09-2026 00:29:34 [38;5;117m[DEBUG]: [0mThis is a debug message from thread 1118-09-2026 00:29:34 [38;5;117m[DEBUG]: [0mThis is a debug message from thread 118-09-2026 00:29:34 [38;5;009m[ERROR]: [0mThis is a error message from thread 1018-09-2026 00:29:34 [38;5;009m[ERROR]: [0mThis is a error message from thread 1418-09-2026 00:29:34 [38;5;117m[DEBUG]: [0mThis is a debug message from thread 1018-09-2026 00:29:34 [38;5;009m[ERROR]: [0mThis is a error message from thread 2918-09-2026 00:29:34 [38;5;015m[INFO]: [0mThis is a info message from thread 818-09-2026 00:29:34 [38;5;009m[ERROR]: [0mThis is a error message from thread 2618-09-2026 00:29:34 [38;5;117m[DEBUG]: [0mThis is a debug message from thread 2818-09-2026 00:29:34 [38;5;015m[INFO]: [0mThis is a info message from thread 2518-09-2026 00:29:34 [38;5;009m[ERROR]: [0mThis is a error message from thread 718-09-2026 00:29:34 [38;5;009m[ERROR]: [0mThis is a error message from thread 318-09-2026 00:29:34 [38;5;009m[ERROR]: [0mThis is a error message from thread 1218-09-2026 00:29:34 [38;5;015m[INFO]: [0mThis is a info message from thread 1018-09-2026 00:29:34 [38;5;117m[DEBUG]: [0mThis is a debug message from thread 318-09-2026 00:29:34 [38;5;015m[INFO]: [0mThis is a info message from thread 2818-09-2026 00:29:34 [38;5;117m[DEBUG]: [0mThis is a debug message from thread 2618-09-2026 00:29:34 [38;5;117m[DEBUG]: [0mThis is a debug message from thread 2918-09-2026 00:29:34 [38;5;117m[DEBUG]: [0mThis is a debug message from thread 1318-09-2026 00:29:34 [38;5;009m[ERROR]: [0mThis is a error message from thread 618-09-2026 00:29:34 [38;5;015m[INFO]: [0mThis is a info message from thread 1618-09-2026 00:29:34 [38;5;015m[INFO]: [0mThis is a info message from thread 118-09-2026 00:29:34 [38;5;015m[INFO]: [0mThis is a info message from thread 2918-09-2026 00:29:34 [38;5;117m[DEBUG]: [0mThis is a debug message from thread 718-09-2026 00:29:34 [38;5;015m[INFO]: [0mThis is a info message from thread 318-09-2026 00:29:34 [38;5;015m[INFO]: [0mThis is a info message from thread 2618-09-2026 00:29:34 [38;5;009m[ERROR]: [0mThis is a error message from thread 318-09-2026 00:29:34 [38;5;009m[ERROR]: [0mThis is a error message from thread 2918-09-2026 00:29:34 [38;5;009m[ERROR]: [0mThis is a error message from thread 1018-09-2026 00:29:34 [38;5;015m[INFO]: [0mThis is a info message from thread 718-09-2026 00:29:34 [38;5;117m[DEBUG]: [0mThis is a debug message from thread 2918-09-2026 00:29:34 [38;5;015m[INFO]: [0mThis is a info message from thread 2918-09-2026 00:29:34 [38;5;009m[ERROR]: [0mThis is a error message from thread 118-09-2026 00:29:34 [38;5;117m[DEBUG]: [0mThis is a debug message from thread 1418-09-2026 00:29:34 [38;5;117m[DEBUG]: [0mThis is a debug message from thread 2318-09-2026 00:29:34 [38;5;015m[INFO]: [0mThis is a info message from thread 218-09-2026 00:29:34 [38;5;009m[ERROR]: [0mThis is a error message from thread 718-09-2026 00:29:34 [38;5;009m[ERROR]: [0mThis is a error message from thread 2618-09-2026 00:29:34 [38;5;009m[ERROR]: [0mThis is a error message from thread 2918-09-2026 00:29:34 [38;5;015m[INFO]: [0mThis is a info message from thread 1918-09-2026 00:29:34 [38;5;117m[DEBUG]: [0mThis is a debug message from thread 1018-09-2026 00:29:34 [38;5;117m[DEBUG]: [0mThis is a debug message from thread 2618-09-2026 00:29:34 [38;5;117m[DEBUG]: [0mThis is a debug message from thread 1218-09-2026 00:29:34 [38;5;117m[DEBUG]: [0mThis is a debug message from thread 918-09-2026 00:29:34 [38;5;009m[ERROR]: [0mThis is a error message from thread 1818-09-2026 00:29:34 [38;5;009m[ERROR]: [0mThis is a error message from thread 2518-09-2026 00:29:34 [38;5;117m[DEBUG]: [0mThis is a debug message from thread 2918-09-2026 00:29:34 [38;5;015m[INFO]: [0mThis is a info message from thread 2618-09-2026 00:29:34 [38;5;015m[INFO]: [0mThis is a info message from thread 2918-09-2026 00:29:34 [38;5;117m[DEBUG]: [0mThis is a debug message from thread 2518-09-2026 00:29:34 [38;5;117m[DEBUG]: [0mThis is a debug message from thread 1818-09-2026 00:29:34 [38;5;009m[ERROR]: [0mThis is a error message from thread 2918-09-2026 00:29:34 [38;5;009m[ERROR]: [0mThis is a error message from thread 2618-09-2026 00:29:34 [38;5;009m[ERROR]: [0mThis is a error message from thread 2818-09-2026 00:29:34 [38;5;117m[DEBUG]: [0mThis is a debug message from thread 718-09-2026 00:29:34 [38;5;015m[INFO]: [0mThis is a info message from thread 1818-09-2026 00:29:34 [38;5;015m[INFO]: [0mThis is a info message from thread 1418-09-2026 00:29:34 [38;5;117m[DEBUG]: [0mThis is a debug message from thread 618-09-2026 00:29:34 [38;5;015m[INFO]: [0mThis is a info message from thread 2518-09-2026 00:29:34 [38;5;015m[INFO]: [0mThis is a info message from thread 718-09-2026 00:29:34 [38;5;015m[INFO]: [0mThis is a info message from thread 618-09-2026 00:29:34 [38;5;015m[INFO]: [0mThis is a info message from thread 2318-09-2026 00:29:34 [38;5;015m[INFO]: [0mThis is a info message from thread 1518-09-2026 00:29:34 [38;5;009m[ERROR]: [0mThis is a error message from thread 2518-09-2026 00:29:34 [38;5;009m[ERROR]: [0mThis is a error message from thread 1918-09-2026 00:29:34 [38;5;009m[ERROR]: [0mThis is a error message from thread 1418-09-2026 00:29:34 [38;5;009m[ERROR]: [0mThis is a error message from thread 1518-09-2026 00:29:34 [38;5;009m[ERROR]: [0mThis is a error message from thread 618-09-2026 00:29:34 [38;5;117m[DEBUG]: [0mThis is a debug message from thread 2518-09-2026 00:29:34 [38;5;009m[ERROR]: [0mThis is a error message from thread 2318-09-2026 00:29:34 [38;5;009m[ERROR]: [0mThis is a error message from thread 718-09-2026 00:29:34 [38;5;117m[DEBUG]: [0mThis is a debug message from thread 718-09-2026 00:29:34 [38;5;117m[DEBUG]: [0mThis is a debug message from thread 618-09-2026 00:29:34 [38;5;009m[ERROR]: [0mThis is a error message from thread 1818-09-2026 00:29:34 [38;5;015m[INFO]: [0mThis is a info message from thread 2518-09-2026 00:29:34 [38;5;117m[DEBUG]: [0mThis is a debug message from thread 2318-09-2026 00:29:34 [38;5;117m[DEBUG]: [0mThis is a debug message from thread 1418-09-2026 00:29:34 [38;5;015m[INFO]: [0mThis is a info message from thread 2318-09-2026 00:29:34 [38;5;009m[ERROR]: [0mThis is a error message from thread 2718-09-2026 00:29:34 [38;5;015m[INFO]: [0mThis is a info message from thread 518-09-2026 00:29:34 [38;5;015m[INFO]: [0mThis is a info message from thread 2418-09-2026 00:29:34 [38;5;117m[DEBUG]: [0mThis is a debug message from thread 1918-09-2026 00:29:34 [38;5;117m[DEBUG]: [0mThis is a debug message from thread 1818-09-2026 00:29:34 [38;5;009m[ERROR]: [0mThis is a error message from thread 2318-09-2026 00:29:34 [38;5;015m[INFO]: [0mThis is a info message from thread 1818-09-2026 00:29:34 [38;5;117m[DEBUG]: [0mThis is a debug message from thread 2318-09-2026 00:29:34 [38;5;117m[DEBUG]: [0mThis is a debug message from thread 2718-09-2026 00:29:34 [38;5;117m[DEBUG]: [0mThis is a debug message from thread 1518-09-2026 00:29:34 [38;5;117m[DEBUG]: [0mThis is a debug message from thread 2818-09-2026 00:29:34 [38;5;015m[INFO]: [0mThis is a info message from thread 1418-09-2026 00:29:34 [38;5;009m[ERROR]: [0mThis is a error message from thread 1818-09-2026 00:29:34 [38;5;015m[INFO]: [0mThis is a info message from thread 2318-09-2026 00:29:34 [38;5;009m[ERROR]: [0mThis is a error message from thread 2418-09-2026 00:29:34 [38;5;015m[INFO]: [0mThis is a info message from thread 2718-09-2026 00:29:34 [38;5;015m[INFO]: [0mThis is a info message from thread 1918-09-2026 00:29:34 [38;5;009m[ERROR]: [0mThis is a error message from thread 518-09-2026 00:29:34 [38;5;015m[INFO]: [0mThis is a info message from thread 1518-09-2026 00:29:34 [38;5;009m[ERROR]: [0mThis is a error message from thread 2318-09-2026 00:29:34 [38;5;009m[ERROR]: [0mThis is a error message from thread 2718-09-2026 00:29:34 [38;5;117m[DEBUG]: [0mThis is a debug message from thread 018-09-2026 00:29:34 [38;5;015m[INFO]: [0mThis is a info message from thread 918-09-2026 00:29:34 [38;5;009m[ERROR]: [0mThis is a error message from thread 1618-09-2026 00:29:34 [38;5;015m[INFO]: [0mThis is a info message from thread 1118-09-2026 00:29:34 [38;5;009m[ERROR]: [0mThis is a error message from thread 818-09-2026 00:29:34 [38;5;117m[DEBUG]: [0mThis is a debug message from thread 2318-09-2026 00:29:34 [38;5;009m[ERROR]: [0mThis is a error message from thread 218-09-2026 00:29:34 [38;5;117m[DEBUG]: [0mThis is a debug message from thread 2918-09-2026 00:29:34 [38;5;117m[DEBUG]: [0mThis is a debug message from thread 518-09-2026 00:29:34 [38;5;015m[INFO]: [0mThis is a info message from thread 2818-09-2026 00:29:34 [38;5;117m[DEBUG]: [0mThis is a debug message from thread 218-09-2026 00:29:34 [38;5;117m[DEBUG]: [0mThis is a debug message from thread 118-09-2026 00:29:34 [38;5;117m[DEBUG]: [0mThis is a debug message from thread 2118-09-2026 00:29:34 [38;5;015m[INFO]: [0mThis is a info message from thread 018-09-2026 00:29:34 [38;5;117m[DEBUG]: [0mThis is a debug message from thread 2718-09-2026 00:29:34 [38;5;009m[ERROR]: [0mThis is a error message from thread 2818-09-2026 00:29:34 [38;5;009m[ERROR]: [0mThis is a error message from thread 418-09-2026 00:29:34 [38;5;015m[INFO]: [0mThis is a info message from thread 1018-09-2026 00:29:34 [38;5;009m[ERROR]: [0mThis is a error message from thread 1118-09-2026 00:29:34 [38;5;009m[ERROR]: [0mThis is a error message from thread 1918-09-2026 00:29:34 [38;5;015m[INFO]: [0mThis is a info message from thread 1218-09-2026 00:29:34 [38;5;117m[DEBUG]: [0mThis is a debug message from thread 1118-09-2026 00:29:34 [38;5;009m[ERROR]: [0mThis is a error message from thread 918-09-2026 00:29:34 [38;5;015m[INFO]: [0mThis is a info message from thread 118-09-2026 00:29:34 [38;5;117m[DEBUG]: [0mThis is a debug message from thread 2818-09-2026 00:29:34 [38;5;009m[ERROR]: [0mThis is a error message from thread 1518-09-2026 00:29:34 [38;5;015m[INFO]: [0mThis is a info message from thread 218-09-2026 00:29:34 [38;5;117m[DEBUG]: [0mThis is a debug message from thread 1518-09-2026 00:29:34 [38;5;015m[INFO]: [0mThis is a info message from thread 2318-09-2026 00:29:34 [38;5;117m[DEBUG]: [0mThis is a debug message from thread 418-09-2026 00:29:34 [38;5;015m[INFO]: [0mThis is a info message from thread 718-09-2026 00:29:34 [38;5;009m[ERROR]: [0mThis is a error message from thread 218-09-2026 00:29:34 [38;5;009m[ERROR]: [0mThis is a error message from thread 1018-09-2026 00:29:34 [38;5;009m[ERROR]: [0mThis is a error message from thread 2218-09-2026 00:29:34 [38;5;015m[INFO]: [0mThis is a info message from thread 418-09-2026 00:29:34 [38;5;009m[ERROR]: [0mThis is a error message from thread 2018-09-2026 00:29:34 [38;5;009m[ERROR]: [0mThis is a error message from thread 018-09-2026 00:29:34 [38;5;015m[INFO]: [0mThis is a info message from thread 2918-09-2026 00:29:34 [38;5;117m[DEBUG]: [0mThis is a debug message from thread 318-09-2026 00:29:34 [38;5;009m[ERROR]: [0mThis is a error message from thread 2518-09-2026 00:29:34 [38;5;117m[DEBUG]: [0mThis is a debug message from thread 1818-09-2026 00:29:34 [38;5;009m[ERROR]: [0mThis is a error message from thread 118-09-2026 00:29:34 [38;5;117m[DEBUG]: [0mThis is a debug message from thread 2018-09-2026 00:29:34 [38;5;015m[INFO]: [0mThis is a info message from thread 618-09-2026 00:29:34 [38;5;009m[ERROR]: [0mThis is a error message from thread 1418-09-2026 00:29:34 [38;5;015m[INFO]: [0mThis is a info message from thread 1818-09-2026 00:29:34 [38;5;015m[INFO]: [0mThis is a info message from thread 2018-09-2026 00:29:34 [38;5;015m[INFO]: [0mThis is a info message from thread 318-09-2026 00:29:34 [38;5;117m[DEBUG]: [0mThis is a debug message from thread 2518-09-2026 00:29:34 [38;5;015m[INFO]: [0mThis is a info message from thread 2818-09-2026 00:29:34 [38;5;117m[DEBUG]: [0mThis is a debug message from thread 2418-09-2026 00:29:34 [38;5;117m[DEBUG]: [0mThis is a debug message from thread 818-09-2026 00:29:34 [38;5;015m[INFO]: [0mThis is a info message from thread 518-09-2026 00:29:34 [38;5;117m[DEBUG]: [0mThis is a debug message from thread 018-09-2026 00:29:34 [38;5;009m[ERROR]: [0mThis is a error message from thread 2018-09-2026 00:29:34 [38;5;117m[DEBUG]: [0mThis is a debug message from thread 118-09-2026 00:29:34 [38;5;015m[INFO]: [0mThis is a info message from thread 2118-09-2026 00:29:34 [38;5;015m[INFO]: [0mThis is a info message from thread 2418-09-2026 00:29:34 [38;5;117m[DEBUG]: [0mThis is a debug message from thread 1418-09-2026 00:29:34 [38;5;009m[ERROR]: [0mThis is a error message from thread 318-09-2026 00:29:34 [38;5;015m[INFO]: [0mThis is a info message from thread 2718-09-2026 00:29:34 [38;5;015m[INFO]: [0mThis is a info message from thread 1318-09-2026 00:29:34 [38;5;117m[DEBUG]: [0mThis is a debug message from thread 2218-09-2026 00:29:34 [38;5;009m[ERROR]: [0mThis is a error message from thread 2318-09-2026 00:29:34 [38;5;015m[INFO]: [0mThis is a info message from thread 2518-09-2026 00:29:34 [38;5;009m[ERROR]: [0mThis is a error message from thread 2118-09-2026 00:29:34 [38;5;015m[INFO]: [0mThis is a info message from thread 1418-09-2026 00:29:34 [38;5;117m[DEBUG]: [0mThis is a debug message from thread 2018-09-2026 00:29:34 [38;5;117m[DEBUG]: [0mThis is a debug message from thread 2118-09-2026 00:29:34 [38;5;015m[INFO]: [0mThis is a info message from thread 2118-09-2026 00:29:34 [38;5;015m[INFO]: [0mThis is a info message from thread 2018-09-2026 00:29:34 [38;5;009m[ERROR]: [0mThis is a error message from thread 1418-09-2026 00:29:34 [38;5;015m[INFO]: [0mThis is a info message from thread 818-09-2026 00:29:34 [38;5;117m[DEBUG]: [0mThis is a debug message from thread 318-09-2026 00:29:34 [38;5;117m[DEBUG]: [0mThis is a debug message from thread 2318-09-2026 00:29:34 [38;5;117m[DEBUG]: [0mThis is a debug message from thread 1418-09-2026 00:29:34 [38;5;117m[DEBUG]: [0mThis is a debug message from thread 2618-09-2026 00:29:34 [38;5;015m[INFO]: [0mThis is a info message from thread 318-09-2026 00:29:34 [38;5;009m[ERROR]: [0mThis is a error message from thread 2818-09-2026 00:29:34 [38;5;015m[INFO]: [0mThis is a info message from thread 018-09-2026 00:29:34 [38;5;009m[ERROR]: [0mThis is a error message from thread 2718-09-2026 00:29:34 [38;5;009m[ERROR]: [0mThis is a error message from thread 2018-09-2026 00:29:34 [38;5;117m[DEBUG]: [0mThis is a debug message from thread 1618-09-2026 00:29:34 [38;5;009m[ERROR]: [0mThis is a error message from thread 2518-09-2026 00:29:34 [38;5;009m[ERROR]: [0mThis is a error message from thread 818-09-2026 00:29:34 [38;5;009m[ERROR]: [0mThis is a error message from thread 618-09-2026 00:29:34 [38;5;015m[INFO]: [0mThis is a info message from thread 1418-09-2026 00:29:34 [38;5;009m[ERROR]: [0mThis is a error message from thread 418-09-2026 00:29:34 [38;5;009m[ERROR]: [0mThis is a error message from thread 2418-09-2026 00:29:34 [38;5;117m[DEBUG]: [0mThis is a debug message from thread 2418-09-2026 00:29:34 [38;5;117m[DEBUG]: [0mThis is a debug message from thread 2818-09-2026 00:29:34 [38;5;009m[ERROR]: [0mThis is a error message from thread 318-09-2026 00:29:34 [38;5;015m[INFO]: [0mThis is a info message from thread 2818-09-2026 00:29:34 [38;5;015m[INFO]: [0mThis is a info message from thread 2218-09-2026 00:29:34 [38;5;009m[ERROR]: [0mThis is a error message from thread 518-09-2026 00:29:34 [38;5;015m[INFO]: [0mThis is a info message from thread 2618-09-2026 00:29:34 [38;5;015m[INFO]: [0mThis is a info message from thread 118-09-2026 00:29:34 [38;5;015m[INFO]: [0mThis is a info message from thread 2318-09-2026 00:29:34 [38;5;009m[ERROR]: [0mThis is a error message from thread 2618-09-2026 00:29:34 [38;5;009m[ERROR]: [0mThis is a error message from thread 018-09-2026 00:29:34 [38;5;015m[INFO]: [0mThis is a info message from thread 1618-09-2026 00:29:34 [38;5;009m[ERROR]: [0mThis is a error message from thread 1818-09-2026 00:29:34 [38;5;117m[DEBUG]: [0mThis is a debug message from thread 418-09-2026 00:29:34 [38;5;117m[DEBUG]: [0mThis is a debug message from thread 818-09-2026 00:29:34 [38;5;117m[DEBUG]: [0mThis is a debug message from thread 1818-09-2026 00:29:34 [38;5;117m[DEBUG]: [0mThis is a debug message from thread 2718-09-2026 00:29:34 [38;5;009m[ERROR]: [0mThis is a error message from thread 1218-09-2026 00:29:34 [38;5;015m[INFO]: [0mThis is a info message from thread 2718-09-2026 00:29:34 [38;5;009m[ERROR]: [0mThis is a error message from thread 118-09-2026 00:29:34 [38;5;117m[DEBUG]: [0mThis is a debug message from thread 1918-09-2026 00:29:34 [38;5;009m[ERROR]: [0mThis is a error message from thread 718-09-2026 00:29:34 [38;5;009m[ERROR]: [0mThis is a error message from thread 1318-09-2026 00:29:34 [38;5;117m[DEBUG]: [0mThis is a debug message from thread 1318-09-2026 00:29:34 [38;5;015m[INFO]: [0mThis is a info message from thread 418-09-2026 00:29:34 [38;5;015m[INFO]: [0mThis is a info message from thread 1718-09-2026 00:29:34 [38;5;015m[INFO]: [0mThis is a info message from thread 2418-09-2026 00:29:34 [38;5;117m[DEBUG]: [0mThis is a debug message from thread 218-09-2026 00:29:34 [38;5;015m[INFO]: [0mThis is a info message from thread 818-09-2026 00:29:34 [38;5;009m[ERROR]: [0mThis is a error message from thread 2418-09-2026 00:29:34 [38;5;117m[DEBUG]: [0mThis is a debug message from thread 318-09-2026 00:29:34 [38;5;117m[DEBUG]: [0mThis is a debug message from thread 2018-09-2026 00:29:34 [38;5;015m[INFO]: [0mThis is a info message from thread 1318-09-2026 00:29:34 [38;5;117m[DEBUG]: [0mThis is a debug message from thread 118-09-2026 00:29:34 [38;5;009m[ERROR]: [0mThis is a error message from thread 818-09-2026 00:29:34 [38;5;009m[ERROR]: [0mThis is a error message from thread 1718-09-2026 00:29:34 [38;5;117m[DEBUG]: [0mThis is a debug message from thread 2418-09-2026 00:29:34 [38;5;117m[DEBUG]: [0mThis is a debug message from thread 2618-09-2026 00:29:34 [38;5;117m[DEBUG]: [0mThis is a debug message from thread 518-09-2026 00:29:34 [38;5;009m[ERROR]: [0mThis is a error message from thread 418-09-2026 00:29:34 [38;5;117m[DEBUG]: [0mThis is a debug message from thread 1718-09-2026 00:29:34 [38;5;009m[ERROR]: [0mThis is a error message from thread 1318-09-2026 00:29:34 [38;5;015m[INFO]: [0mThis is a info message from thread 2618-09-2026 00:29:34 [38;5;009m[ERROR]: [0mThis is a error message from thread 2318-09-2026 00:29:34 [38;5;009m[ERROR]: [0mThis is a error message from thread 2618-09-2026 00:29:34 [38;5;015m[INFO]: [0mThis is a info message from thread 318-09-2026 00:29:34 [38;5;117m[DEBUG]: [0mThis is a debug message from thread 418-09-2026 00:29:34 [38;5;117m[DEBUG]: [0mThis is a debug message from thread 818-09-2026 00:29:34 [38;5;009m[ERROR]: [0mThis is a error message from thread 318-09-2026 00:29:34 [38;5;009m[ERROR]: [0mThis is a error message from thread 1418-09-2026 00:29:34 [38;5;015m[INFO]: [0mThis is a info message from thread 1818-09-2026 00:29:34 [38;5;117m[DEBUG]: [0mThis is a debug message from thread 2618-09-2026 00:29:34 [38;5;015m[INFO]: [0mThis is a info message from thread 2018-09-2026 00:29:34 [38;5;015m[INFO]: [0mThis is a info message from thread 1718-09-2026 00:29:34 [38;5;015m[INFO]: [0mThis is a info message from thread 2618-09-2026 00:29:34 [38;5;009m[ERROR]: [0mThis is a error message from thread 2018-09-2026 00:29:34 [38;5;009m[ERROR]: [0mThis is a error message from thread 2118-09-2026 00:29:34 [38;5;117m[DEBUG]: [0mThis is a debug message from thread 618-09-2026 00:29:34 [38;5;015m[INFO]: [0mThis is a info message from thread 2418-09-2026 00:29:34 [38;5;015m[INFO]: [0mThis is a info message from thread 118-09-2026 00:29:34 [38;5;009m[ERROR]: [0mThis is a error message from thread 2418-09-2026 00:29:34 [38;5;015m[INFO]: [0mThis is a info message from thread 618-09-2026 00:29:34 [38;5;015m[INFO]: [0mThis is a info message from thread 818-09-2026 00:29:34 [38;5;117m[DEBUG]: [0mThis is a debug message from thread 2418-09-2026 00:29:34 [38;5;009m[ERROR]: [0mThis is a error message from thread 618-09-2026 00:29:34 [38;5;117m[DEBUG]: [0mThis is a debug message from thread 2018-09-2026 00:29:34 [38;5;009m[ERROR]: [0mThis is a error message from thread 818-09-2026 00:29:34 [38;5;117m[DEBUG]: [0mThis is a debug message from thread 718-09-2026 00:29:34 [38;5;117m[DEBUG]: [0mThis is a debug message from thread 1418-09-2026 00:29:34 [38;5;009m[ERROR]: [0mThis is a error message from thread 2218-09-2026 00:29:34 [38;5;015m[INFO]: [0mThis is a info message from thread 218-09-2026 00:29:34 [38;5;117m[DEBUG]: [0mThis is a debug message from thread 1318-09-2026 00:29:34 [38;5;009m[ERROR]: [0mThis is a error message from thread 1818-09-2026 00:29:34 [38;5;015m[INFO]: [0mThis is a info message from thread 1418-09-2026 00:29:34 [38;5;117m[DEBUG]: [0mThis is a debug message from thread 1218-09-2026 00:29:34 [38;5;117m[DEBUG]: [0mThis is a debug message from thread 318-09-2026 00:29:34 [38;5;009m[ERROR]: [0mThis is a error message from thread 2918-09-2026 00:29:34 [38;5;015m[INFO]: [0mThis is a info message from thread 2418-09-2026 00:29:34 [38;5;117m[DEBUG]: [0mThis is a debug message from thread 2918-09-2026 00:29:34 [38;5;009m[ERROR]: [0mThis is a error message from thread 1618-09-2026 00:29:34 [38;5;009m[ERROR]: [0mThis is a error message from thread 2418-09-2026 00:29:34 [38;5;009m[ERROR]: [0mThis is a error message from thread 2618-09-2026 00:29:34 [38;5;015m[INFO]: [0mThis is a info message from thread 518-09-2026 00:29:34 [38;5;009m[ERROR]: [0mThis is a error message from thread 518-09-2026 00:29:34 [38;5;117m[DEBUG]: [0mThis is a debug message from thread 1618-09-2026 00:29:34 [38;5;117m[DEBUG]: [0mThis is a debug message from thread 2418-09-2026 00:29:34 [38;5;117m[DEBUG]: [0mThis is a debug message from thread 518-09-2026 00:29:34 [38;5;009m[ERROR]: [0mThis is a error message from thread 1418-09-2026 00:29:34 [38;5;015m[INFO]: [0mThis is a info message from thread 2018-09-2026 00:29:34 [38;5;015m[INFO]: [0mThis is a info message from thread 2418-09-2026 00:29:34 [38;5;117m[DEBUG]: [0mThis is a debug message from thread 818-09-2026 00:29:34 [38;5;117m[DEBUG]: [0mThis is a debug message from thread 2518-09-2026 00:29:34 [38;5;015m[INFO]: [0mThis is a info message from thread 1618-09-2026 00:29:34 [38;5;015m[INFO]: [0mThis is a info message from thread 1918-09-2026 00:29:34 [38;5;015m[INFO]: [0mThis is a info message from thread 518-09-2026 00:29:34 [38;5;015m[INFO]: [0mThis is a info message from thread 418-09-2026 00:29:34 [38;5;009m[ERROR]: [0mThis is a error message from thread 118-09-2026 00:29:34 [38;5;009m[ERROR]: [0mThis is a error message from thread 2718-09-2026 00:29:34 [38;5;117m[DEBUG]: [0mThis is a debug message from thread 1018-09-2026 00:29:34 [38;5;009m[ERROR]: [0mThis is a error message from thread 1618-09-2026 00:29:34 [38;5;009m[ERROR]: [0mThis is a error message from thread 2418-09-2026 00:29:34 [38;5;117m[DEBUG]: [0mThis is a debug message from thread 618-09-2026 00:29:34 [38;5;015m[INFO]: [0mThis is a info message from thread 1318-09-2026 00:29:34 [38;5;015m[INFO]: [0mThis is a info message from thread 818-09-2026 00:29:34 [38;5;117m[DEBUG]: [0mThis is a debug message from thread 1818-09-2026 00:29:34 [38;5;009m[ERROR]: [0mThis is a error message from thread 2018-09-2026 00:29:34 [38;5;117m[DEBUG]: [0mThis is a debug message from thread 2218-09-2026 00:29:34 [38;5;015m[INFO]: [0mThis is a info message from thread 318-09-2026 00:29:34 [38;5;117m[DEBUG]: [0mThis is a debug message from thread 2018-09-2026 00:29:34 [38;5;015m[INFO]: [0mThis is a info message from thread 1018-09-2026 00:29:34 [38;5;015m[INFO]: [0mThis is a info message from thread 2018-09-2026 00:29:34 [38;5;015m[INFO]: [0mThis is a info message from thread 2518-09-2026 00:29:34 [38;5;009m[ERROR]: [0mThis is a error message from thread 1318-09-2026 00:29:34 [38;5;015m[INFO]: [0mThis is a info message from thread 2918-09-2026 00:29:34 [38;5;009m[ERROR]: [0mThis is a error message from thread 1018-09-2026 00:29:34 [38;5;009m[ERROR]: [0mThis is a error message from thread 1918-09-2026 00:29:34 [38;5;015m[INFO]: [0mThis is a info message from thread 1818-09-2026 00:29:34 [38;5;015m[INFO]: [0mThis is a info message from thread 2218-09-2026 00:29:34 [38;5;009m[ERROR]: [0mThis is a error message from thread 418-09-2026 00:29:34 [38;5;009m[ERROR]: [0mThis is a error message from thread 2018-09-2026 00:29:34 [38;5;117m[DEBUG]: [0mThis is a debug message from thread 2718-09-2026 00:29:34 [38;5;009m[ERROR]: [0mThis is a error message from thread 2518-09-2026 00:29:34 [38;5;009m[ERROR]: [0mThis is a error message from thread 2918-09-2026 00:29:34 [38;5;009m[ERROR]: [0mThis is a error message from thread 2818-09-2026 00:29:34 [38;5;117m[DEBUG]: [0mThis is a debug message from thread 118-09-2026 00:29:34 [38;5;117m[DEBUG]: [0mThis is a debug message from thread 418-09-2026 00:29:34 [38;5;009m[ERROR]: [0mThis is a error message from thread 1818-09-2026 00:29:34 [38;5;117m[DEBUG]: [0mThis is a debug message from thread 2518-09-2026 00:29:34 [38;5;117m[DEBUG]: [0mThis is a debug message from thread 1418-09-2026 00:29:34 [38;5;009m[ERROR]: [0mThis is a error message from thread 1718-09-2026 00:29:34 [38;5;117m[DEBUG]: [0mThis is a debug message from thread 2918-09-2026 00:29:34 [38;5;117m[DEBUG]: [0mThis is a debug message from thread 2618-09-2026 00:29:34 [38;5;015m[INFO]: [0mThis is a info message from thread 1518-09-2026 00:29:34 [38;5;015m[INFO]: [0mThis is a info message from thread 2918-09-2026 00:29:34 [38;5;009m[ERROR]: [0mThis is a error message from thread 318-09-2026 00:29:34 [38;5;117m[DEBUG]: [0mThis is a debug message from thread 2818-09-2026 00:29:34 [38;5;117m[DEBUG]: [0mThis is a debug message from thread 2318-09-2026 00:29:34 [38;5;009m[ERROR]: [0mThis is a error message from thread 2918-09-2026 00:29:34 [38;5;015m[INFO]: [0mThis is a info message from thread 1218-09-2026 00:29:34 [38;5;015m[INFO]: [0mThis is a info message from thread 418-09-2026 00:29:34 [38;5;009m[ERROR]: [0mThis is a error message from thread 1218-09-2026 00:29:34 [38;5;015m[INFO]: [0mThis is a info message from thread 2318-09-2026 00:29:34 [38;5;117m[DEBUG]: [0mThis is a debug message from thread 1318-09-2026 00:29:34 [38;5;117m[DEBUG]: [0mThis is a debug message from thread 2918-09-2026 00:29:34 [38;5;015m[INFO]: [0mThis is a info message from thread 1418-09-2026 00:29:34 [38;5;117m[DEBUG]: [0mThis is a debug message from thread 1818-09-2026 00:29:34 [38;5;009m[ERROR]: [0mThis is a error message from thread 1518-09-2026 00:29:34 [38;5;009m[ERROR]: [0mThis is a error message from thread 2318-09-2026 00:29:34 [38;5;117m[DEBUG]: [0mThis is a debug message from thread 1618-09-2026 00:29:34 [38;5;009m[ERROR]: [0mThis is a error message from thread 418-09-2026 00:29:34 [38;5;117m[DEBUG]: [0mThis is a debug message from thread 1518-09-2026 00:29:34 [38;5;015m[INFO]: [0mThis is a info message from thread 2818-09-2026 00:29:34 [38;5;117m[DEBUG]: [0mThis is a debug message from thread 1218-09-2026 00:29:34 [38;5;117m[DEBUG]: [0mThis is a debug message from thread 018-09-2026 00:29:34 [38;5;015m[INFO]: [0mThis is a info message from thread 1818-09-2026 00:29:34 [38;5;015m[INFO]: [0mThis is a info message from thread 618-09-2026 00:29:34 [38;5;117m[DEBUG]: [0mThis is a debug message from thread 318-09-2026 00:29:34 [38;5;009m[ERROR]: [0mThis is a error message from thread 218-09-2026 00:29:34 [38;5;117m[DEBUG]: [0mThis is a debug message from thread 1018-09-2026 00:29:34 [38;5;015m[INFO]: [0mThis is a info message from thread 1118-09-2026 00:29:34 [38;5;117m[DEBUG]: [0mThis is a debug message from thread 2118-09-2026 00:29:34 [38;5;117m[DEBUG]: [0mThis is a debug message from thread 2318-09-2026 00:29:34 [38;5;117m[DEBUG]: [0mThis is a debug message from thread 918-09-2026 00:29:34 [38;5;015m[INFO]: [0mThis is a info message from thread 2118-09-2026 00:29:34 [38;5;015m[INFO]: [0mThis is a info message from thread 1018-09-2026 00:29:34 [38;5;015m[INFO]: [0mThis is a info message from thread 918-09-2026 00:29:34 [38;5;117m[DEBUG]: [0mThis is a debug message from thread 218-09-2026 00:29:34 [38;5;009m[ERROR]: [0mThis is a error message from thread 2118-09-2026 00:29:34 [38;5;015m[INFO]: [0mThis is a info message from thread 1218-09-2026 00:29:34 [38;5;009m[ERROR]: [0mThis is a error message from thread 1118-09-2026 00:29:34 [38;5;009m[ERROR]: [0mThis is a error message from thread 518-09-2026 00:29:34 [38;5;009m[ERROR]: [0mThis is a error message from thread 1018-09-2026 00:29:34 [38;5;009m[ERROR]: [0mThis is a error message from thread 918-09-2026 00:29:34 [38;5;015m[INFO]: [0mThis is a info message from thread 118-09-2026 00:29:34 [38;5;015m[INFO]: [0mThis is a info message from thread 1318-09-2026 00:29:34 [38;5;015m[INFO]: [0mThis is a info message from thread 2918-09-2026 00:29:34 [38;5;117m[DEBUG]: [0mThis is a debug message from thread 418-09-2026 00:29:34 [38;5;009m[ERROR]: [0mThis is a error message from thread 2218-09-2026 00:29:34 [38;5;117m[DEBUG]: [0mThis is a debug message from thread 1718-09-2026 00:29:34 [38;5;009m[ERROR]: [0mThis is a error message from thread 118-09-2026 00:29:34 [38;5;117m[DEBUG]: [0mThis is a debug message from thread 918-09-2026 00:29:34 [38;5;009m[ERROR]: [0mThis is a error message from thread 2818-09-2026 00:29:34 [38;5;009m[ERROR]: [0mThis is a error message from thread 1318-09-2026 00:29:34 [38;5;015m[INFO]: [0mThis is a info message from thread 718-09-2026 00:29:34 [38;5;009m[ERROR]: [0mThis is a error message from thread 818-09-2026 00:29:34 [38;5;015m[INFO]: [0mThis is a info message from thread 2318-09-2026 00:29:34 [38;5;117m[DEBUG]: [0mThis is a debug message from thread 2818-09-2026 00:29:34 [38;5;117m[DEBUG]: [0mThis is a debug message from thread 2218-09-2026 00:29:34 [38;5;015m[INFO]: [0mThis is a info message from thread 018-09-2026 00:29:34 [38;5;117m[DEBUG]: [0mThis is a debug message from thread 2018-09-2026 00:29:34 [38;5;015m[INFO]: [0mThis is a info message from thread 318-09-2026 00:29:34 [38;5;117m[DEBUG]: [0mThis is a debug message from thread 2118-09-2026 00:29:34 [38;5;009m[ERROR]: [0mThis is a error message from thread 018-09-2026 00:29:34 [38;5;117m[DEBUG]: [0mThis is a debug message from thread 118-09-2026 00:29:34 [38;5;009m[ERROR]: [0mThis is a error message from thread 1418-09-2026 00:29:34 [38;5;015m[INFO]: [0mThis is a info message from thread 2718-09-2026 00:29:34 [38;5;009m[ERROR]: [0mThis is a error message from thread 618-09-2026 00:29:34 [38;5;015m[INFO]: [0mThis is a info message from thread 418-09-2026 00:29:34 [38;5;009m[ERROR]: [0mThis is a error message from thread 2718-09-2026 00:29:34 [38;5;015m[INFO]: [0mThis is a info message from thread 2218-09-2026 00:29:34 [38;5;117m[DEBUG]: [0mThis is a debug message from thread 618-09-2026 00:29:34 [38;5;015m[INFO]: [0mThis is a info message from thread 118-09-2026 00:29:34 [38;5;009m[ERROR]: [0mThis is a error message from thread 718-09-2026 00:29:34 [38;5;015m[INFO]: [0mThis is a info message from thread 2518-09-2026 00:29:34 [38;5;117m[DEBUG]: [0mThis is a debug message from thread 1418-09-2026 00:29:34 [38;5;117m[DEBUG]: [0mThis is a debug message from thread 718-09-2026 00:29:34 [38;5;117m[DEBUG]: [0mThis is a debug message from thread 518-09-2026 00:29:34 [38;5;009m[ERROR]: [0mThis is a error message from thread 418-09-2026 00:29:34 [38;5;009m[ERROR]: [0mThis is a error message from thread 2918-09-2026 00:29:34 [38;5;015m[INFO]: [0mThis is a info message from thread 918-09-2026 00:29:34 [38;5;015m[INFO]: [0mThis is a info message from thread 718-09-2026 00:29:34 [38;5;015m[INFO]: [0mThis is a info message from thread 518-09-2026 00:29:34 [38;5;117m[DEBUG]: [0mThis is a debug message from thread 418-09-2026 00:29:34 [38;5;009m[ERROR]: [0mThis is a error message from thread 918-09-2026 00:29:34 [38;5;009m[ERROR]: [0mThis is a error message from thread 2518-09-2026 00:29:34 [38;5;009m[ERROR]: [0mThis is a error message from thread 2218-09-2026 00:29:34 [38;5;009m[ERROR]: [0mThis is a error message from thread 518-09-2026 00:29:34 [38;5;015m[INFO]: [0mThis is a info message from thread 418-09-2026 00:29:34 [38;5;009m[ERROR]: [0mThis is a error message from thread 1218-09-2026 00:29:34 [38;5;117m[DEBUG]: [0mThis is a debug message from thread 1318-09-2026 00:29:34 [38;5;117m[DEBUG]: [0mThis is a debug message from thread 2918-09-2026 00:29:34 [38;5;117m[DEBUG]: [0mThis is a debug message from thread 518-09-2026 00:29:34 [38;5;117m[DEBUG]: [0mThis is a debug message from thread 918-09-2026 00:29:34 [38;5;015m[INFO]: [0mThis is a info message from thread 518-09-2026 00:29:34 [38;5;015m[INFO]: [0mThis is a info message from thread 2918-09-2026 00:29:34 [38;5;015m[INFO]: [0mThis is a info message from thread 2818-09-2026 00:29:34 [38;5;009m[ERROR]: [0mThis is a error message from thread 2918-09-2026 00:29:34 [38;5;117m[DEBUG]: [0mThis is a debug message from thread 1118-09-2026 00:29:34 [38;5;015m[INFO]: [0mThis is a info message from thread 918-09-2026 00:29:34 [38;5;015m[INFO]: [0mThis is a info message from thread 1118-09-2026 00:29:34 [38;5;009m[ERROR]: [0mThis is a error message from thread 918-09-2026 00:29:34 [38;5;117m[DEBUG]: [0mThis is a debug message from thread 1218-09-2026 00:29:34 [38;5;009m[ERROR]: [0mThis is a error message from thread 1118-09-2026 00:29:34 [38;5;015m[INFO]: [0mThis is a info message from thread 2118-09-2026 00:29:34 [38;5;117m[DEBUG]: [0mThis is a debug message from thread 918-09-2026 00:29:34 [38;5;015m[INFO]: [0mThis is a info message from thread 1318-09-2026 00:29:34 [38;5;009m[ERROR]: [0mThis is a error message from thread 2818-09-2026 00:29:34 [38;5;009m[ERROR]: [0mThis is a error message from thread 318-09-2026 00:29:34 [38;5;009m[ERROR]: [0mThis is a error message from thread 418-09-2026 00:29:34 [38;5;015m[INFO]: [0mThis is a info message from thread 2618-09-2026 00:29:34 [38;5;009m[ERROR]: [0mThis is a error message from thread 2118-09-2026 00:29:34 [38;5;015m[INFO]: [0mThis is a info message from thread 218-09-2026 00:29:34 [38;5;117m[DEBUG]: [0mThis is a debug message from thread 018-09-2026 00:29:34 [38;5;009m[ERROR]: [0mThis is a error message from thread 2318-09-2026 00:29:34 [38;5;015m[INFO]: [0mThis is a info message from thread 1218-09-2026 00:29:34 [38;5;117m[DEBUG]: [0mThis is a debug message from thread 1018-09-2026 00:29:34 [38;5;117m[DEBUG]: [0mThis is a debug message from thread 2218-09-2026 00:29:34 [38;5;117m[DEBUG]: [0mThis is a debug message from thread 1118-09-2026 00:29:34 [38;5;015m[INFO]: [0mThis is a info message from thread 618-09-2026 00:29:34 [38;5;117m[DEBUG]: [0mThis is a debug message from thread 1918-09-2026 00:29:34 [38;5;009m[ERROR]: [0mThis is a error message from thread 118-09-2026 00:29:34 [38;5;117m[DEBUG]: [0mThis is a debug message from thread 2118-09-2026 00:29:34 [38;5;117m[DEBUG]: [0mThis is a debug message from thread 318-09-2026 00:29:34 [38;5;117m[DEBUG]: [0mThis is a debug message from thread 418-09-2026 00:29:34 [38;5;009m[ERROR]: [0mThis is a error message from thread 718-09-2026 00:29:34 [38;5;117m[DEBUG]: [0mThis is a debug message from thread 2418-09-2026 00:29:34 [38;5;117m[DEBUG]: [0mThis is a debug message from thread 2918-09-2026 00:29:34 [38;5;015m[INFO]: [0mThis is a info message from thread 1118-09-2026 00:29:34 [38;5;117m[DEBUG]: [0mThis is a debug message from thread 118-09-2026 00:29:34 [38;5;015m[INFO]: [0mThis is a info message from thread 1418-09-2026 00:29:34 [38;5;015m[INFO]: [0mThis is a info message from thread 2018-09-2026 00:29:34 [38;5;117m[DEBUG]: [0mThis is a debug message from thread 718-09-2026 00:29:34 [38;5;015m[INFO]: [0mThis is a info message from thread 2118-09-2026 00:29:34 [38;5;009m[ERROR]: [0mThis is a error message from thread 1418-09-2026 00:29:34 [38;5;009m[ERROR]: [0mThis is a error message from thread 2018-09-2026 00:29:34 [38;5;015m[INFO]: [0mThis is a info message from thread 1618-09-2026 00:29:34 [38;5;009m[ERROR]: [0mThis is a error message from thread 618-09-2026 00:29:34 [38;5;117m[DEBUG]: [0mThis is a debug message from thread 2518-09-2026 00:29:34 [38;5;117m[DEBUG]: [0mThis is a debug message from thread 2818-09-2026 00:29:34 [38;5;009m[ERROR]: [0mThis is a error message from thread 1318-09-2026 00:29:34 [38;5;009m[ERROR]: [0mThis is a error message from thread 1118-09-2026 00:29:34 [38;5;117m[DEBUG]: [0mThis is a debug message from thread 618-09-2026 00:29:34 [38;5;015m[INFO]: [0mThis is a info message from thread 318-09-2026 00:29:34 [38;5;015m[INFO]: [0mThis is a info message from thread 2218-09-2026 00:29:34 [38;5;015m[INFO]: [0mThis is a info message from thread 718-09-2026 00:29:34 [38;5;015m[INFO]: [0mThis is a info message from thread 418-09-2026 00:29:34 [38;5;015m[INFO]: [0mThis is a info message from thread 018-09-2026 00:29:34 [38;5;009m[ERROR]: [0mThis is a error message from thread 218-09-2026 00:29:34 [38;5;015m[INFO]: [0mThis is a info message from thread 618-09-2026 00:29:34 [38;5;009m[ERROR]: [0mThis is a error message from thread 1818-09-2026 00:29:34 [38;5;009m[ERROR]: [0mThis is a error message from thread 418-09-2026 00:29:34 [38;5;015m[INFO]: [0mThis is a info message from thread 918-09-2026 00:29:34 [38;5;015m[INFO]: [0mThis is a info message from thread 1918-09-2026 00:29:34 [38;5;015m[INFO]: [0mThis is a info message from thread 2918-09-2026 00:29:34 [38;5;009m[ERROR]: [0mThis is a error message from thread 318-09-2026 00:29:34 [38;5;009m[ERROR]: [0mThis is a error message from thread 1218-09-2026 00:29:34 [38;5;009m[ERROR]: [0mThis is a error message from thread 518-09-2026 00:29:34 [38;5;009m[ERROR]: [0mThis is a error message from thread 2618-09-2026 00:29:34 [38;5;117m[DEBUG]: [0mThis is a debug message from thread 418-09-2026 00:29:34 [38;5;117m[DEBUG]: [0mThis is a debug message from thread 2618-09-2026 00:29:34 [38;5;015m[INFO]: [0mThis is a info message from thread 418-09-2026 00:29:34 [38;5;117m[DEBUG]: [0mThis is a debug message from thread 1118-09-2026 00:29:34 [38;5;009m[ERROR]: [0mThis is a error message from thread 918-09-2026 00:29:34 [38;5;009m[ERROR]: [0mThis is a error message from thread 418-09-2026 00:29:34 [38;5;015m[INFO]: [0mThis is a info message from thread 2618-09-2026 00:29:34 [38;5;117m[DEBUG]: [0mThis is a debug message from thread 418-09-2026 00:29:34 [38;5;009m[ERROR]: [0mThis is a error message from thread 1618-09-2026 00:29:34 [38;5;117m[DEBUG]: [0mThis is a debug message from thread 2318-09-2026 00:29:34 [38;5;009m[ERROR]: [0mThis is a error message from thread 2618-09-2026 00:29:34 [38;5;117m[DEBUG]: [0mThis is a debug message from thread 1618-09-2026 00:29:34 [38;5;015m[INFO]: [0mThis is a info message from thread 2318-09-2026 00:29:34 [38;5;009m[ERROR]: [0mThis is a error message from thread 1918-09-2026 00:29:34 [38;5;117m[DEBUG]: [0mThis is a debug message from thread 918-09-2026 00:29:34 [38;5;009m[ERROR]: [0mThis is a error message from thread 2318-09-2026 00:29:34 [38;5;117m[DEBUG]: [0mThis is a debug message from thread 2618-09-2026 00:29:34 [38;5;015m[INFO]: [0mThis is a info message from thread 1618-09-2026 00:29:34 [38;5;117m[DEBUG]: [0mThis is a debug message from thread 2318-09-2026 00:29:34 [38;5;117m[DEBUG]: [0mThis is a debug message from thread 1918-09-2026 00:29:34 [38;5;015m[INFO]: [0mThis is a info message from thread 2618-09-2026 00:29:34 [38;5;117m[DEBUG]: [0mThis is a debug message from thread 1318-09-2026 00:29:34 [38;5;015m[INFO]: [0mThis is a info message from thread 1918-09-2026 00:29:34 [38;5;009m[ERROR]: [0mThis is a error message from thread 718-09-2026 00:29:34 [38;5;015m[INFO]: [0mThis is a info message from thread 118-09-2026 00:29:34 [38;5;117m[DEBUG]: [0mThis is a debug message from thread 718-09-2026 00:29:34 [38;5;009m[ERROR]: [0mThis is a error message from thread 2118-09-2026 00:29:34 [38;5;015m[INFO]: [0mThis is a info message from thread 1718-09-2026 00:29:34 [38;5;015m[INFO]: [0mThis is a info message from thread 718-09-2026 00:29:34 [38;5;009m[ERROR]: [0mThis is a error message from thread 2918-09-2026 00:29:34 [38;5;009m[ERROR]: [0mThis is a error message from thread 718-09-2026 00:29:34 [38;5;009m[ERROR]: [0mThis is a error message from thread 1918-09-2026 00:29:34 [38;5;009m[ERROR]: [0mThis is a error message from thread 2218-09-2026 00:29:34 [38;5;015m[INFO]: [0mThis is a info message from thread 2518-09-2026 00:29:34 [38;5;117m[DEBUG]: [0mThis is a debug message from thread 218-09-2026 00:29:34 [38;5;117m[DEBUG]: [0mThis is a debug message from thread 718-09-2026 00:29:34 [38;5;117m[DEBUG]: [0mThis is a debug message from thread 2918-09-2026 00:29:34 [38;5;117m[DEBUG]: [0mThis is a debug message from thread 2218-09-2026 00:29:34 [38;5;117m[DEBUG]: [0mThis is a debug message from thread 518-09-2026 00:29:34 [38;5;015m[INFO]: [0mThis is a info message from thread 2218-09-2026 00:29:34 [38;5;015m[INFO]: [0mThis is a info message from thread 518-09-2026 00:29:34 [38;5;009m[ERROR]: [0mThis is a error message from thread 2518-09-2026 00:29:34 [38;5;009m[ERROR]: [0mThis is a error message from thread 2218-09-2026 00:29:34 [38;5;009m[ERROR]: [0mThis is a error message from thread 018-09-2026 00:29:34 [38;5;015m[INFO]: [0mThis is a info message from thread 718-09-2026 00:29:34 [38;5;117m[DEBUG]: [0mThis is a debug message from thread 018-09-2026 00:29:34 [38;5;015m[INFO]: [0mThis is a info message from thread 018-09-2026 00:29:34 [38;5;117m[DEBUG]: [0mThis is a debug message from thread 318-09-2026 00:29:34 [38;5;015m[INFO]: [0mThis is a info message from thread 1318-09-2026 00:29:34 [38;5;015m[INFO]: [0mThis is a info message from thread 2818-09-2026 00:29:34 [38;5;015m[INFO]: [0mThis is a info message from thread 1518-09-2026 00:29:34 [38;5;009m[ERROR]: [0mThis is a error message from thread 018-09-2026 00:29:34 [38;5;117m[DEBUG]: [0mThis is a debug message from thread 2518-09-2026 00:29:34 [38;5;015m[INFO]: [0mThis is a info message from thread 2418-09-2026 00:29:34 [38;5;009m[ERROR]: [0mThis is a error message from thread 1618-09-2026 00:29:34 [38;5;117m[DEBUG]: [0mThis is a debug message from thread 818-09-2026 00:29:34 [38;5;015m[INFO]: [0mThis is a info message from thread 418-09-2026 00:29:34 [38;5;117m[DEBUG]: [0mThis is a debug message from thread 2218-09-2026 00:29:34 [38;5;117m[DEBUG]: [0mThis is a debug message from thread 1918-09-2026 00:29:34 [38;5;009m[ERROR]: [0mThis is a error message from thread 718-09-2026 00:29:34 [38;5;117m[DEBUG]: [0mThis is a debug message from thread 1218-09-2026 00:29:34 [38;5;015m[INFO]: [0mThis is a info message from thread 1918-09-2026 00:29:34 [38;5;117m[DEBUG]: [0mThis is a debug message from thread 1418-09-2026 00:29:34 [38;5;009m[ERROR]: [0mThis is a error message from thread 1518-09-2026 00:29:34 [38;5;117m[DEBUG]: [0mThis is a debug message from thread 018-09-2026 00:29:34 [38;5;015m[INFO]: [0mThis is a info message from thread 2518-09-2026 00:29:34 [38;5;015m[INFO]: [0mThis is a info message from thread 2218-09-2026 00:29:34 [38;5;117m[DEBUG]: [0mThis is a debug message from thread 1618-09-2026 00:29:34 [38;5;117m[DEBUG]: [0mThis is a debug message from thread 1518-09-2026 00:29:34 [38;5;015m[INFO]: [0mThis is a info message from thread 918-09-2026 00:29:34 [38;5;009m[ERROR]: [0mThis is a error message from thread 118-09-2026 00:29:34 [38;5;117m[DEBUG]: [0mThis is a debug message from thread 118-09-2026 00:29:34 [38;5;015m[INFO]: [0mThis is a info message from thread 018-09-2026 00:29:34 [38;5;009m[ERROR]: [0mThis is a error message from thread 618-09-2026 00:29:34 [38;5;009m[ERROR]: [0mThis is a error message from thread 2518-09-2026 00:29:34 [38;5;009m[ERROR]: [0mThis is a error message from thread 918-09-2026 00:29:34 [38;5;015m[INFO]: [0mThis is a info message from thread 1518-09-2026 00:29:34 [38;5;117m[DEBUG]: [0mThis is a debug message from thread 1818-09-2026 00:29:34 [38;5;009m[ERROR]: [0mThis is a error message from thread 1518-09-2026 00:29:34 [38;5;117m[DEBUG]: [0mThis is a debug message from thread 618-09-2026 00:29:34 [38;5;009m[ERROR]: [0mThis is a error message from thread 1918-09-2026 00:29:34 [38;5;117m[DEBUG]: [0mThis is a debug message from thread 718-09-2026 00:29:34 [38;5;015m[INFO]: [0mThis is a info message from thread 1118-09-2026 00:29:34 [38;5;009m[ERROR]: [0mThis is a error message from thread 2218-09-2026 00:29:34 [38;5;117m[DEBUG]: [0mThis is a debug message from thread 2518-09-2026 00:29:34 [38;5;015m[INFO]: [0mThis is a info message from thread 318-09-2026 00:29:34 [38;5;009m[ERROR]: [0mThis is a error message from thread 1718-09-2026 00:29:34 [38;5;015m[INFO]: [0mThis is a info message from thread 618-09-2026 00:29:34 [38;5;117m[DEBUG]: [0mThis is a debug message from thread 1518-09-2026 00:29:34 [38;5;009m[ERROR]: [0mThis is a error message from thread 618-09-2026 00:29:34 [38;5;015m[INFO]: [0mThis is a info message from thread 1018-09-2026 00:29:34 [38;5;117m[DEBUG]: [0mThis is a debug message from thread 1918-09-2026 00:29:34 [38;5;015m[INFO]: [0mThis is a info message from thread 718-09-2026 00:29:34 [38;5;009m[ERROR]: [0mThis is a error message from thread 1018-09-2026 00:29:34 [38;5;009m[ERROR]: [0mThis is a error message from thread 018-09-2026 00:29:34 [38;5;117m[DEBUG]: [0mThis is a debug message from thread 1018-09-2026 00:29:34 [38;5;117m[DEBUG]: [0mThis is a debug message from thread 618-09-2026 00:29:34 [38;5;015m[INFO]: [0mThis is a info message from thread 1018-09-2026 00:29:34 [38;5;015m[INFO]: [0mThis is a info message from thread 218-09-2026 00:29:34 [38;5;009m[ERROR]: [0mThis is a error message from thread 718-09-2026 00:29:34 [38;5;117m[DEBUG]: [0mThis is a debug message from thread 918-09-2026 00:29:34 [38;5;015m[INFO]: [0mThis is a info message from thread 1518-09-2026 00:29:34 [38;5;015m[INFO]: [0mThis is a info message from thread 2918-09-2026 00:29:34 [38;5;015m[INFO]: [0mThis is a info message from thread 618-09-2026 00:29:34 [38;5;117m[DEBUG]: [0mThis is a debug message from thread 2218-09-2026 00:29:34 [38;5;009m[ERROR]: [0mThis is a error message from thread 218-09-2026 00:29:34 [38;5;117m[DEBUG]: [0mThis is a debug message from thread 2018-09-2026 00:29:34 [38;5;009m[ERROR]: [0mThis is a error message from thread 1018-09-2026 00:29:34 [38;5;117m[DEBUG]: [0mThis is a debug message from thread 218-09-2026 00:29:34 [38;5;117m[DEBUG]: [0mThis is a debug message from thread 1018-09-2026 00:29:34 [38;5;117m[DEBUG]: [0mThis is a debug message from thread 1718-09-2026 00:29:34 [38;5;009m[ERROR]: [0mThis is a error message from thread 618-09-2026 00:29:34 [38;5;015m[INFO]: [0mThis is a info message from thread 1018-09-2026 00:29:34 [38;5;015m[INFO]: [0mThis is a info message from thread 1718-09-2026 00:29:34 [38;5;117m[DEBUG]: [0mThis is a debug message from thread 018-09-2026 00:29:34 [38;5;009m[ERROR]: [0mThis is a error message from thread 2918-09-2026 00:29:34 [38;5;009m[ERROR]: [0mThis is a error message from thread 2618-09-2026 00:29:34 [38;5;009m[ERROR]: [0mThis is a error message from thread 2818-09-2026 00:29:34 [38;5;015m[INFO]: [0mThis is a info message from thread 1418-09-2026 00:29:34 [38;5;015m[INFO]: [0mThis is a info message from thread 818-09-2026 00:29:34 [38;5;015m[INFO]: [0mThis is a info message from thread 918-09-2026 00:29:34 [38;5;009m[ERROR]: [0mThis is a error message from thread 2418-09-2026 00:29:34 [38;5;015m[INFO]: [0mThis is a info message from thread 018-09-2026 00:29:34 [38;5;117m[DEBUG]: [0mThis is a debug message from thread 2918-09-2026 00:29:34 [38;5;117m[DEBUG]: [0mThis is a debug message from thread 2818-09-2026 00:29:34 [38;5;009m[ERROR]: [0mThis is a error message from thread 1118-09-2026 00:29:34 [38;5;117m[DEBUG]: [0mThis is a debug message from thread 1118-09-2026 00:29:34 [38;5;015m[INFO]: [0mThis is a info message from thread 218-09-2026 00:29:34 [38;5;009m[ERROR]: [0mThis is a error message from thread 918-09-2026 00:29:34 [38;5;117m[DEBUG]: [0mThis is a debug message from thread 2618-09-2026 00:29:34 [38;5;009m[ERROR]: [0mThis is a error message from thread 218-09-2026 00:29:34 [38;5;117m[DEBUG]: [0mThis is a debug message from thread 618-09-2026 00:29:34 [38;5;015m[INFO]: [0mThis is a info message from thread 118-09-2026 00:29:34 [38;5;117m[DEBUG]: [0mThis is a debug message from thread 2118-09-2026 00:29:34 [38;5;117m[DEBUG]: [0mThis is a debug message from thread 2718-09-2026 00:29:34 [38;5;117m[DEBUG]: [0mThis is a debug message from thread 2418-09-2026 00:29:34 [38;5;117m[DEBUG]: [0mThis is a debug message from thread 918-09-2026 00:29:34 [38;5;009m[ERROR]: [0mThis is a error message from thread 1018-09-2026 00:29:34 [38;5;015m[INFO]: [0mThis is a info message from thread 2418-09-2026 00:29:34 [38;5;015m[INFO]: [0mThis is a info message from thread 1918-09-2026 00:29:34 [38;5;117m[DEBUG]: [0mThis is a debug message from thread 218-09-2026 00:29:34 [38;5;009m[ERROR]: [0mThis is a error message from thread 318-09-2026 00:29:34 [38;5;015m[INFO]: [0mThis is a info message from thread 2718-09-2026 00:29:34 [38;5;117m[DEBUG]: [0mThis is a debug message from thread 718-09-2026 00:29:34 [38;5;015m[INFO]: [0mThis is a info message from thread 2218-09-2026 00:29:34 [38;5;015m[INFO]: [0mThis is a info message from thread 1218-09-2026 00:29:34 [38;5;009m[ERROR]: [0mThis is a error message from thread 2218-09-2026 00:29:34 [38;5;009m[ERROR]: [0mThis is a error message from thread 1518-09-2026 00:29:34 [38;5;009m[ERROR]: [0mThis is a error message from thread 118-09-2026 00:29:34 [38;5;117m[DEBUG]: [0mThis is a debug message from thread 2218-09-2026 00:29:34 [38;5;015m[INFO]: [0mThis is a info message from thread 918-09-2026 00:29:34 [38;5;015m[INFO]: [0mThis is a info message from thread 2918-09-2026 00:29:34 [38;5;009m[ERROR]: [0mThis is a error message from thread 2418-09-2026 00:29:34 [38;5;117m[DEBUG]: [0mThis is a debug message from thread 1518-09-2026 00:29:34 [38;5;009m[ERROR]: [0mThis is a error message from thread 1218-09-2026 00:29:34 [38;5;009m[ERROR]: [0mThis is a error message from thread 2918-09-2026 00:29:34 [38;5;015m[INFO]: [0mThis is a info message from thread 2118-09-2026 00:29:34 [38;5;009m[ERROR]: [0mThis is a error message from thread 818-09-2026 00:29:34 [38;5;015m[INFO]: [0mThis is a info message from thread 2018-09-2026 00:29:34 [38;5;009m[ERROR]: [0mThis is a error message from thread 2718-09-2026 00:29:34 [38;5;117m[DEBUG]: [0mThis is a debug message from thread 1018-09-2026 00:29:34 [38;5;015m[INFO]: [0mThis is a info message from thread 2218-09-2026 00:29:34 [38;5;015m[INFO]: [0mThis is a info message from thread 718-09-2026 00:29:34 [38;5;015m[INFO]: [0mThis is a info message from thread 1518-09-2026 00:29:34 [38;5;117m[DEBUG]: [0mThis is a debug message from thread 818-09-2026 00:29:34 [38;5;009m[ERROR]: [0mThis is a error message from thread 2218-09-2026 00:29:34 [38;5;015m[INFO]: [0mThis is a info message from thread 218-09-2026 00:29:34 [38;5;015m[INFO]: [0mThis is a info message from thread 1818-09-2026 00:29:34 [38;5;009m[ERROR]: [0mThis is a error message from thread 918-09-2026 00:29:34 [38;5;117m[DEBUG]: [0mThis is a debug message from thread 2718-09-2026 00:29:34 [38;5;117m[DEBUG]: [0mThis is a debug message from thread 318-09-2026 00:29:34 [38;5;015m[INFO]: [0mThis is a info message from thread 1118-09-2026 00:29:34 [38;5;015m[INFO]: [0mThis is a info message from thread 818-09-2026 00:29:34 [38;5;117m[DEBUG]: [0mThis is a debug message from thread 2218-09-2026 00:29:34 [38;5;009m[ERROR]: [0mThis is a error message from thread 1718-09-2026 00:29:34 [38;5;009m[ERROR]: [0mThis is a error message from thread 518-09-2026 00:29:34 [38;5;117m[DEBUG]: [0mThis is a debug message from thread 1218-09-2026 00:29:34 [38;5;117m[DEBUG]: [0mThis is a debug message from thread 2418-09-2026 00:29:34 [38;5;117m[DEBUG]: [0mThis is a debug message from thread 918-09-2026 00:29:34 [38;5;009m[ERROR]: [0mThis is a error message from thread 018-09-2026 00:29:34 [38;5;015m[INFO]: [0mThis is a info message from thread 2518-09-2026 00:29:34 [38;5;015m[INFO]: [0mThis is a info message from thread 2818-09-2026 00:29:34 [38;5;117m[DEBUG]: [0mThis is a debug message from thread 118-09-2026 00:29:34 [38;5;015m[INFO]: [0mThis is a info message from thread 2618-09-2026 00:29:34 [38;5;117m[DEBUG]: [0mThis is a debug message from thread 518-09-2026 00:29:34 [38;5;009m[ERROR]: [0mThis is a error message from thread 818-09-2026 00:29:34 [38;5;015m[INFO]: [0mThis is a info message from thread 2418-09-2026 00:29:34 [38;5;009m[ERROR]: [0mThis is a error message from thread 1418-09-2026 00:29:34 [38;5;009m[ERROR]: [0mThis is a error message from thread 2618-09-2026 00:29:34 [38;5;009m[ERROR]: [0mThis is a error message from thread 2818-09-2026 00:29:34 [38;5;015m[INFO]: [0mThis is a info message from thread 618-09-2026 00:29:34 [38;5;009m[ERROR]: [0mThis is a error message from thread 1918-09-2026 00:29:34 [38;5;117m[DEBUG]: [0mThis is a debug message from thread 818-09-2026 00:29:34 [38;5;117m[DEBUG]: [0mThis is a debug message from thread 018-09-2026 00:29:34 [38;5;117m[DEBUG]: [0mThis is a debug message from thread 1718-09-2026 00:29:34 [38;5;015m[INFO]: [0mThis is a info message from thread 2718-09-2026 00:29:34 [38;5;009m[ERROR]: [0mThis is a error message from thread 218-09-2026 00:29:34 [38;5;117m[DEBUG]: [0mThis is a debug message from thread 1918-09-2026 00:29:34 [38;5;015m[INFO]: [0mThis is a info message from thread 1918-09-2026 00:29:34 [38;5;009m[ERROR]: [0mThis is a error message from thread 618-09-2026 00:29:34 [38;5;015m[INFO]: [0mThis is a info message from thread 118-09-2026 00:29:34 [38;5;015m[INFO]: [0mThis is a info message from thread 1718-09-2026 00:29:34 [38;5;015m[INFO]: [0mThis is a info message from thread 018-09-2026 00:29:34 [38;5;015m[INFO]: [0mThis is a info message from thread 518-09-2026 00:29:34 [38;5;009m[ERROR]: [0mThis is a error message from thread 1918-09-2026 00:29:34 [38;5;009m[ERROR]: [0mThis is a error message from thread 118-09-2026 00:29:34 [38;5;009m[ERROR]: [0mThis is a error message from thread 518-09-2026 00:29:34 [38;5;009m[ERROR]: [0mThis is a error message from thread 718-09-2026 00:29:34 [38;5;117m[DEBUG]: [0mThis is a debug message from thread 1918-09-2026 00:29:34 [38;5;009m[ERROR]: [0mThis is a error message from thread 1818-09-2026 00:29:34 [38;5;015m[INFO]: [0mThis is a info message from thread 1618-09-2026 00:29:34 [38;5;015m[INFO]: [0mThis is a info message from thread 818-09-2026 00:29:34 [38;5;009m[ERROR]: [0mThis is a error message from thread 1718-09-2026 00:29:34 [38;5;009m[ERROR]: [0mThis is a error message from thread 818-09-2026 00:29:34 [38;5;117m[DEBUG]: [0mThis is a debug message from thread 818-09-2026 00:29:34 [38;5;015m[INFO]: [0mThis is a info message from thread 1218-09-2026 00:29:34 [38;5;117m[DEBUG]: [0mThis is a debug message from thread 1718-09-2026 00:29:34 [38;5;009m[ERROR]: [0mThis is a error message from thread 018-09-2026 00:29:34 [38;5;015m[INFO]: [0mThis is a info message from thread 1718-09-2026 00:29:34 [38;5;015m[INFO]: [0mThis is a info message from thread 818-09-2026 00:29:34 [38;5;009m[ERROR]: [0mThis is a error message from thread 2118-09-2026 00:29:34 [38;5;009m[ERROR]: [0mThis is a error message from thread 2418-09-2026 00:29:34 [38;5;009m[ERROR]: [0mThis is a error message from thread 418-09-2026 00:29:34 [38;5;015m[INFO]: [0mThis is a info message from thread 2218-09-2026 00:29:34 [38;5;117m[DEBUG]: [0mThis is a debug message from thread 2918-09-2026 00:29:34 [38;5;015m[INFO]: [0mThis is a info message from thread 2318-09-2026 00:29:34 [38;5;009m[ERROR]: [0mThis is a error message from thread 2718-09-2026 00:29:34 [38;5;009m[ERROR]: [0mThis is a error message from thread 1718-09-2026 00:29:34 [38;5;117m[DEBUG]: [0mThis is a debug message from thread 2618-09-2026 00:29:34 [38;5;009m[ERROR]: [0mThis is a error message from thread 1618-09-2026 00:29:34 [38;5;015m[INFO]: [0mThis is a info message from thread 318-09-2026 00:29:34 [38;5;117m[DEBUG]: [0mThis is a debug message from thread 2818-09-2026 00:29:34 [38;5;015m[INFO]: [0mThis is a info message from thread 2918-09-2026 00:29:34 [38;5;015m[INFO]: [0mThis is a info message from thread 918-09-2026 00:29:34 [38;5;117m[DEBUG]: [0mThis is a debug message from thread 2418-09-2026 00:29:34 [38;5;009m[ERROR]: [0mThis is a error message from thread 818-09-2026 00:29:34 [38;5;117m[DEBUG]: [0mThis is a debug message from thread 1718-09-2026 00:29:34 [38;5;117m[DEBUG]: [0mThis is a debug message from thread 418-09-2026 00:29:34 [38;5;009m[ERROR]: [0mThis is a error message from thread 318-09-2026 00:29:34 [38;5;117m[DEBUG]: [0mThis is a debug message from thread 018-09-2026 00:29:34 [38;5;117m[DEBUG]: [0mThis is a debug message from thread 1618-09-2026 00:29:34 [38;5;009m[ERROR]: [0mThis is a error message from thread 2018-09-2026 00:29:34 [38;5;117m[DEBUG]: [0mThis is a debug message from thread 1818-09-2026 00:29:34 [38;5;117m[DEBUG]: [0mThis is a debug message from thread 618-09-2026 00:29:34 [38;5;009m[ERROR]: [0mThis is a error message from thread 1118-09-2026 00:29:34 [38;5;117m[DEBUG]: [0mThis is a debug message from thread 1418-09-2026 00:29:34 [38;5;015m[INFO]: [0mThis is a info message from thread 1718-09-2026 00:29:34 [38;5;117m[DEBUG]: [0mThis is a debug message from thread 2018-09-2026 00:29:34 [38;5;117m[DEBUG]: [0mThis is a debug message from thread 2118-09-2026 00:29:34 [38;5;009m[ERROR]: [0mThis is a error message from thread 2518-09-2026 00:29:34 [38;5;117m[DEBUG]: [0mThis is a debug message from thread 718-09-2026 00:29:34 [38;5;015m[INFO]: [0mThis is a info message from thread 1418-09-2026 00:29:34 [38;5;015m[INFO]: [0mThis is a info message from thread 1618-09-2026 00:29:34 [38;5;117m[DEBUG]: [0mThis is a debug message from thread 2518-09-2026 00:29:34 [38;5;009m[ERROR]: [0mThis is a error message from thread 1718-09-2026 00:29:34 [38;5;009m[ERROR]: [0mThis is a error message from thread 1318-09-2026 00:29:34 [38;5;117m[DEBUG]: [0mThis is a debug message from thread 1118-09-2026 00:29:34 [38;5;009m[ERROR]: [0mThis is a error message from thread 1418-09-2026 00:29:34 [38;5;117m[DEBUG]: [0mThis is a debug message from thread 1318-09-2026 00:29:34 [38;5;015m[INFO]: [0mThis is a info message from thread 718-09-2026 00:29:34 [38;5;009m[ERROR]: [0mThis is a error message from thread 2318-09-2026 00:29:34 [38;5;015m[INFO]: [0mThis is a info message from thread 2518-09-2026 00:29:34 [38;5;117m[DEBUG]: [0mThis is a debug message from thread 2318-09-2026 00:29:34 [38;5;015m[INFO]: [0mThis is a info message from thread 1118-09-2026 00:29:34 [38;5;015m[INFO]: [0mThis is a info message from thread 2318-09-2026 00:29:34 [38;5;009m[ERROR]: [0mThis is a error message from thread 918-09-2026 00:29:34 [38;5;015m[INFO]: [0mThis is a info message from thread 618-09-2026 00:29:34 [38;5;015m[INFO]: [0mThis is a info message from thread 1318-09-2026 00:29:34 [38;5;117m[DEBUG]: [0mThis is a debug message from thread 918-09-2026 00:29:34 [38;5;009m[ERROR]: [0mThis is a error message from thread 1518-09-2026 00:29:34 [38;5;009m[ERROR]: [0mThis is a error message from thread 2218-09-2026 00:29:34 [38;5;009m[ERROR]: [0mThis is a error message from thread 1618-09-2026 00:29:34 [38;5;009m[ERROR]: [0mThis is a error message from thread 1318-09-2026 00:29:34 [38;5;009m[ERROR]: [0mThis is a error message from thread 718-09-2026 00:29:34 [38;5;009m[ERROR]: [0mThis is a error message from thread 1218-09-2026 00:29:34 [38;5;015m[INFO]: [0mThis is a info message from thread 018-09-2026 00:29:34 [38;5;015m[INFO]: [0mThis is a info message from thread 2118-09-2026 00:29:34 [38;5;117m[DEBUG]: [0mThis is a debug message from thread 1518-09-2026 00:29:34 [38;5;015m[INFO]: [0mThis is a info message from thread 2018-09-2026 00:29:34 [38;5;015m[INFO]: [0mThis is a info message from thread 418-09-2026 00:29:34 [38;5;117m[DEBUG]: [0mThis is a debug message from thread 318-09-2026 00:29:34 [38;5;117m[DEBUG]: [0mThis is a debug message from thread 2218-09-2026 00:29:34 [38;5;015m[INFO]: [0mThis is a info message from thread 1518-09-2026 00:29:34 [38;5;117m[DEBUG]: [0mThis is a debug message from thread 1618-09-2026 00:29:34 [38;5;015m[INFO]: [0mThis is a info message from thread 1018-09-2026 00:29:34 [38;5;117m[DEBUG]: [0mThis is a debug message from thread 1718-09-2026 00:29:34 [38;5;117m[DEBUG]: [0mThis is a debug message from thread 2718-09-2026 00:29:34 [38;5;015m[INFO]: [0mThis is a info message from thread 2718-09-2026 00:29:34 [38;5;009m[ERROR]: [0mThis is a error message from thread 1518-09-2026 00:29:34 [38;5;117m[DEBUG]: [0mThis is a debug message from thread 718-09-2026 00:29:34 [38;5;117m[DEBUG]: [0mThis is a debug message from thread 1318-09-2026 00:29:34 [38;5;009m[ERROR]: [0mThis is a error message from thread 2518-09-2026 00:29:34 [38;5;117m[DEBUG]: [0mThis is a debug message from thread 1418-09-2026 00:29:34 [38;5;015m[INFO]: [0mThis is a info message from thread 318-09-2026 00:29:34 [38;5;015m[INFO]: [0mThis is a info message from thread 1918-09-2026 00:29:34 [38;5;009m[ERROR]: [0mThis is a error message from thread 2718-09-2026 00:29:34 [38;5;117m[DEBUG]: [0mThis is a debug message from thread 2518-09-2026 00:29:34 [38;5;009m[ERROR]: [0mThis is a error message from thread 418-09-2026 00:29:34 [38;5;015m[INFO]: [0mThis is a info message from thread 1418-09-2026 00:29:34 [38;5;009m[ERROR]: [0mThis is a error message from thread 1418-09-2026 00:29:34 [38;5;015m[INFO]: [0mThis is a info message from thread 2418-09-2026 00:29:34 [38;5;117m[DEBUG]: [0mThis is a debug message from thread 1518-09-2026 00:29:34 [38;5;009m[ERROR]: [0mThis is a error message from thread 2418-09-2026 00:29:34 [38;5;015m[INFO]: [0mThis is a info message from thread 2218-09-2026 00:29:34 [38;5;117m[DEBUG]: [0mThis is a debug message from thread 1418-09-2026 00:29:34 [38;5;015m[INFO]: [0mThis is a info message from thread 2518-09-2026 00:29:34 [38;5;117m[DEBUG]: [0mThis is a debug message from thread 418-09-2026 00:29:34 [38;5;009m[ERROR]: [0mThis is a error message from thread 318-09-2026 00:29:34 [38;5;117m[DEBUG]: [0mThis is a debug message from thread 118-09-2026 00:29:34 [38;5;015m[INFO]: [0mThis is a info message from thread 118-09-2026 00:29:34 [38;5;015m[INFO]: [0mThis is a info message from thread 1518-09-2026 00:29:34 [38;5;015m[INFO]: [0mThis is a info message from thread 2818-09-2026 00:29:34 [38;5;015m[INFO]: [0mThis is a info message from thread 1418-09-2026 00:29:34 [38;5;009m[ERROR]: [0mThis is a error message from thread 118-09-2026 00:29:34 [38;5;117m[DEBUG]: [0mThis is a debug message from thread 318-09-2026 00:29:34 [38;5;015m[INFO]: [0mThis is a info message from thread 2618-09-2026 00:29:34 [38;5;015m[INFO]: [0mThis is a info message from thread 318-09-2026 00:29:34 [38;5;117m[DEBUG]: [0mThis is a debug message from thread 2418-09-2026 00:29:34 [38;5;117m[DEBUG]: [0mThis is a debug message from thread 118-09-2026 00:29:34 [38;5;015m[INFO]: [0mThis is a info message from thread 718-09-2026 00:29:34 [38;5;015m[INFO]: [0mThis is a info message from thread 118-09-2026 00:29:34 [38;5;015m[INFO]: [0mThis is a info message from thread 1318-09-2026 00:29:34 [38;5;117m[DEBUG]: [0mThis is a debug message from thread 818-09-2026 00:29:34 [38;5;009m[ERROR]: [0mThis is a error message from thread 2618-09-2026 00:29:34 [38;5;117m[DEBUG]: [0mThis is a debug message from thread 1218-09-2026 00:29:34 [38;5;009m[ERROR]: [0mThis is a error message from thread 2218-09-2026 00:29:34 [38;5;009m[ERROR]: [0mThis is a error message from thread 118-09-2026 00:29:34 [38;5;015m[INFO]: [0mThis is a info message from thread 1618-09-2026 00:29:34 [38;5;009m[ERROR]: [0mThis is a error message from thread 2318-09-2026 00:29:34 [38;5;009m[ERROR]: [0mThis is a error message from thread 1618-09-2026 00:29:34 [38;5;009m[ERROR]: [0mThis is a error message from thread 618-09-2026 00:29:34 [38;5;117m[DEBUG]: [0mThis is a debug message from thread 518-09-2026 00:29:34 [38;5;009m[ERROR]: [0mThis is a error message from thread 1118-09-2026 00:29:34 [38;5;117m[DEBUG]: [0mThis is a debug message from thread 618-09-2026 00:29:34 [38;5;009m[ERROR]: [0mThis is a error message from thread 1518-09-2026 00:29:34 [38;5;009m[ERROR]: [0mThis is a error message from thread 2518-09-2026 00:29:34 [38;5;117m[DEBUG]: [0mThis is a debug message from thread 1118-09-2026 00:29:34 [38;5;009m[ERROR]: [0mThis is a error message from thread 318-09-2026 00:29:34 [38;5;015m[INFO]: [0mThis is a info message from thread 618-09-2026 00:29:34 [38;5;009m[ERROR]: [0mThis is a error message from thread 1018-09-2026 00:29:34 [38;5;015m[INFO]: [0mThis is a info message from thread 1818-09-2026 00:29:34 [38;5;009m[ERROR]: [0mThis is a error message from thread 018-09-2026 00:29:34 [38;5;015m[INFO]: [0mThis is a info message from thread 2418-09-2026 00:29:34 [38;5;015m[INFO]: [0mThis is a info message from thread 1118-09-2026 00:29:34 [38;5;009m[ERROR]: [0mThis is a error message from thread 2118-09-2026 00:29:34 [38;5;009m[ERROR]: [0mThis is a error message from thread 1418-09-2026 00:29:34 [38;5;117m[DEBUG]: [0mThis is a debug message from thread 218-09-2026 00:29:34 [38;5;009m[ERROR]: [0mThis is a error message from thread 1918-09-2026 00:29:34 [38;5;117m[DEBUG]: [0mThis is a debug message from thread 1618-09-2026 00:29:34 [38;5;117m[DEBUG]: [0mThis is a debug message from thread 1018-09-2026 00:29:34 [38;5;015m[INFO]: [0mThis is a info message from thread 418-09-2026 00:29:34 [38;5;015m[INFO]: [0mThis is a info message from thread 918-09-2026 00:29:34 [38;5;117m[DEBUG]: [0mThis is a debug message from thread 2318-09-2026 00:29:34 [38;5;015m[INFO]: [0mThis is a info message from thread 818-09-2026 00:29:34 [38;5;117m[DEBUG]: [0mThis is a debug message from thread 2518-09-2026 00:29:34 [38;5;009m[ERROR]: [0mThis is a error message from thread 2018-09-2026 00:29:34 [38;5;117m[DEBUG]: [0mThis is a debug message from thread 1918-09-2026 00:29:34 [38;5;009m[ERROR]: [0mThis is a error message from thread 1818-09-2026 00:29:34 [38;5;015m[INFO]: [0mThis is a info message from thread 1918-09-2026 00:29:34 [38;5;015m[INFO]: [0mThis is a info message from thread 1618-09-2026 00:29:34 [38;5;009m[ERROR]: [0mThis is a error message from thread 1618-09-2026 00:29:34 [38;5;009m[ERROR]: [0mThis is a error message from thread 918-09-2026 00:29:34 [38;5;015m[INFO]: [0mThis is a info message from thread 2518-09-2026 00:29:34 [38;5;015m[INFO]: [0mThis is a info message from thread 1018-09-2026 00:29:34 [38;5;117m[DEBUG]: [0mThis is a debug message from thread 1418-09-2026 00:29:34 [38;5;009m[ERROR]: [0mThis is a error message from thread 1918-09-2026 00:29:34 [38;5;117m[DEBUG]: [0mThis is a debug message from thread 2018-09-2026 00:29:34 [38;5;117m[DEBUG]: [0mThis is a debug message from thread 1618-09-2026 00:29:34 [38;5;015m[INFO]: [0mThis is a info message from thread 1418-09-2026 00:29:34 [38;5;117m[DEBUG]: [0mThis is a debug message from thread 1818-09-2026 00:29:34 [38;5;117m[DEBUG]: [0mThis is a debug message from thread 2118-09-2026 00:29:34 [38;5;117m[DEBUG]: [0mThis is a debug message from thread 918-09-2026 00:29:34 [38;5;009m[ERROR]: [0mThis is a error message from thread 818-09-2026 00:29:34 [38;5;015m[INFO]: [0mThis is a info message from thread 2318-09-2026 00:29:34 [38;5;015m[INFO]: [0mThis is a info message from thread 1818-09-2026 00:29:34 [38;5;117m[DEBUG]: [0mThis is a debug message from thread 018-09-2026 00:29:34 [38;5;015m[INFO]: [0mThis is a info message from thread 2018-09-2026 00:29:34 [38;5;009m[ERROR]: [0mThis is a error message from thread 1118-09-2026 00:29:34 [38;5;117m[DEBUG]: [0mThis is a debug message from thread 318-09-2026 00:29:34 [38;5;015m[INFO]: [0mThis is a info message from thread 318-09-2026 00:29:34 [38;5;009m[ERROR]: [0mThis is a error message from thread 418-09-2026 00:29:34 [38;5;117m[DEBUG]: [0mThis is a debug message from thread 1918-09-2026 00:29:34 [38;5;015m[INFO]: [0mThis is a info message from thread 918-09-2026 00:29:34 [38;5;009m[ERROR]: [0mThis is a error message from thread 1818-09-2026 00:29:34 [38;5;009m[ERROR]: [0mThis is a error message from thread 2518-09-2026 00:29:34 [38;5;015m[INFO]: [0mThis is a info message from thread 1718-09-2026 00:29:34 [38;5;009m[ERROR]: [0mThis is a error message from thread 2318-09-2026 00:29:34 [38;5;009m[ERROR]: [0mThis is a error message from thread 2018-09-2026 00:29:34 [38;5;117m[DEBUG]: [0mThis is a debug message from thread 1818-09-2026 00:29:34 [38;5;009m[ERROR]: [0mThis is a error message from thread 618-09-2026 00:29:34 [38;5;117m[DEBUG]: [0mThis is a debug message from thread 2018-09-2026 00:29:34 [38;5;009m[ERROR]: [0mThis is a error message from thread 1718-09-2026 00:29:34 [38;5;117m[DEBUG]: [0mThis is a debug message from thread 2318-09-2026 00:29:34 [38;5;009m[ERROR]: [0mThis is a error message from thread 1018-09-2026 00:29:34 [38;5;009m[ERROR]: [0mThis is a error message from thread 318-09-2026 00:29:34 [38;5;009m[ERROR]: [0mThis is a error message from thread 1418-09-2026 00:29:34 [38;5;117m[DEBUG]: [0mThis is a debug message from thread 818-09-2026 00:29:34 [38;5;117m[DEBUG]: [0mThis is a debug message from thread 2218-09-2026 00:29:34 [38;5;015m[INFO]: [0mThis is a info message from thread 2218-09-2026 00:29:34 [38;5;117m[DEBUG]: [0mThis is a debug message from thread 318-09-2026 00:29:34 [38;5;015m[INFO]: [0mThis is a info message from thread 818-09-2026 00:29:34 [38;5;015m[INFO]: [0mThis is a info message from thread 318-09-2026 00:29:34 [38;5;117m[DEBUG]: [0mThis is a debug message from thread 1018-09-2026 00:29:34 [38;5;015m[INFO]: [0mThis is a info message from thread 2018-09-2026 00:29:34 [38;5;009m[ERROR]: [0mThis is a error message from thread 718-09-2026 00:29:34 [38;5;117m[DEBUG]: [0mThis is a debug message from thread 1718-09-2026 00:29:34 [38;5;117m[DEBUG]: [0mThis is a debug message from thread 2518-09-2026 00:29:34 [38;5;117m[DEBUG]: [0mThis is a debug message from thread 118-09-2026 00:29:34 [38;5;009m[ERROR]: [0mThis is a error message from thread 818-09-2026 00:29:34 [38;5;015m[INFO]: [0mThis is a info message from thread 1718-09-2026 00:29:34 [38;5;015m[INFO]: [0mThis is a info message from thread 1818-09-2026 00:29:34 [38;5;117m[DEBUG]: [0mThis is a debug message from thread 1118-09-2026 00:29:34 [38;5;015m[INFO]: [0mThis is a info message from thread 1018-09-2026 00:29:34 [38;5;015m[INFO]: [0mThis is a info message from thread 1118-09-2026 00:29:34 [38;5;009m[ERROR]: [0mThis is a error message from thread 318-09-2026 00:29:34 [38;5;009m[ERROR]: [0mThis is a error message from thread 2018-09-2026 00:29:34 [38;5;117m[DEBUG]: [0mThis is a debug message from thread 718-09-2026 00:29:34 [38;5;117m[DEBUG]: [0mThis is a debug message from thread 318-09-2026 00:29:34 [38;5;117m[DEBUG]: [0mThis is a debug message from thread 618-09-2026 00:29:34 [38;5;009m[ERROR]: [0mThis is a error message from thread 1318-09-2026 00:29:34 [38;5;117m[DEBUG]: [0mThis is a debug message from thread 1518-09-2026 00:29:34 [38;5;015m[INFO]: [0mThis is a info message from thread 2118-09-2026 00:29:34 [38;5;015m[INFO]: [0mThis is a info message from thread 218-09-2026 00:29:34 [38;5;015m[INFO]: [0mThis is a info message from thread 718-09-2026 00:29:34 [38;5;117m[DEBUG]: [0mThis is a debug message from thread 2718-09-2026 00:29:34 [38;5;015m[INFO]: [0mThis is a info message from thread 318-09-2026 00:29:34 [38;5;015m[INFO]: [0mThis is a info message from thread 518-09-2026 00:29:34 [38;5;015m[INFO]: [0mThis is a info message from thread 1518-09-2026 00:29:34 [38;5;015m[INFO]: [0mThis is a info message from thread 2718-09-2026 00:29:34 [38;5;009m[ERROR]: [0mThis is a error message from thread 1818-09-2026 00:29:34 [38;5;015m[INFO]: [0mThis is a info message from thread 2318-09-2026 00:29:34 [38;5;009m[ERROR]: [0mThis is a error message from thread 2818-09-2026 00:29:34 [38;5;117m[DEBUG]: [0mThis is a debug message from thread 2018-09-2026 00:29:34 [38;5;009m[ERROR]: [0mThis is a error message from thread 1118-09-2026 00:29:34 [38;5;009m[ERROR]: [0mThis is a error message from thread 2418-09-2026 00:29:34 [38;5;015m[INFO]: [0mThis is a info message from thread 1618-09-2026 00:29:34 [38;5;009m[ERROR]: [0mThis is a error message from thread 318-09-2026 00:29:34 [38;5;117m[DEBUG]: [0mThis is a debug message from thread 818-09-2026 00:29:34 [38;5;009m[ERROR]: [0mThis is a error message from thread 2718-09-2026 00:29:34 [38;5;009m[ERROR]: [0mThis is a error message from thread 718-09-2026 00:29:34 [38;5;015m[INFO]: [0mThis is a info message from thread 818-09-2026 00:29:34 [38;5;015m[INFO]: [0mThis is a info message from thread 2018-09-2026 00:29:34 [38;5;009m[ERROR]: [0mThis is a error message from thread 1018-09-2026 00:29:34 [38;5;117m[DEBUG]: [0mThis is a debug message from thread 1318-09-2026 00:29:34 [38;5;117m[DEBUG]: [0mThis is a debug message from thread 718-09-2026 00:29:34 [38;5;009m[ERROR]: [0mThis is a error message from thread 518-09-2026 00:29:34 [38;5;009m[ERROR]: [0mThis is a error message from thread 2018-09-2026 00:29:34 [38;5;117m[DEBUG]: [0mThis is a debug message from thread 1418-09-2026 00:29:34 [38;5;015m[INFO]: [0mThis is a info message from thread 018-09-2026 00:29:34 [38;5;117m[DEBUG]: [0mThis is a debug message from thread 1118-09-2026 00:29:34 [38;5;015m[INFO]: [0mThis is a info message from thread 1318-09-2026 00:29:34 [38;5;015m[INFO]: [0mThis is a info message from thread 618-09-2026 00:29:34 [38;5;117m[DEBUG]: [0mThis is a debug message from thread 1818-09-2026 00:29:34 [38;5;117m[DEBUG]: [0mThis is a debug message from thread 318-09-2026 00:29:34 [38;5;015m[INFO]: [0mThis is a info message from thread 1418-09-2026 00:29:34 [38;5;009m[ERROR]: [0mThis is a error message from thread 1318-09-2026 00:29:34 [38;5;009m[ERROR]: [0mThis is a error message from thread 618-09-2026 00:29:34 [38;5;015m[INFO]: [0mThis is a info message from thread 718-09-2026 00:29:34 [38;5;009m[ERROR]: [0mThis is a error message from thread 2118-09-2026 00:29:34 [38;5;015m[INFO]: [0mThis is a info message from thread 318-09-2026 00:29:34 [38;5;117m[DEBUG]: [0mThis is a debug message from thread 2418-09-2026 00:29:34 [38;5;009m[ERROR]: [0mThis is a error message from thread 2918-09-2026 00:29:34 [38;5;009m[ERROR]: [0mThis is a error message from thread 1418-09-2026 00:29:34 [38;5;117m[DEBUG]: [0mThis is a debug message from thread 1318-09-2026 00:29:34 [38;5;009m[ERROR]: [0mThis is a error message from thread 1618-09-2026 00:29:34 [38;5;015m[INFO]: [0mThis is a info message from thread 118-09-2026 00:29:34 [38;5;015m[INFO]: [0mThis is a info message from thread 1818-09-2026 00:29:34 [38;5;117m[DEBUG]: [0mThis is a debug message from thread 1018-09-2026 00:29:34 [38;5;117m[DEBUG]: [0mThis is a debug message from thread 618-09-2026 00:29:34 [38;5;117m[DEBUG]: [0mThis is a debug message from thread 2818-09-2026 00:29:34 [38;5;117m[DEBUG]: [0mThis is a debug message from thread 1418-09-2026 00:29:34 [38;5;015m[INFO]: [0mThis is a info message from thread 2818-09-2026 00:29:34 [38;5;015m[INFO]: [0mThis is a info message from thread 1018-09-2026 00:29:34 [38;5;015m[INFO]: [0mThis is a info message from thread 618-09-2026 00:29:34 [38;5;009m[ERROR]: [0mThis is a error message from thread 2818-09-2026 00:29:34 [38;5;015m[INFO]: [0mThis is a info message from thread 1418-09-2026 00:29:34 [38;5;009m[ERROR]: [0mThis is a error message from thread 1818-09-2026 00:29:34 [38;5;015m[INFO]: [0mThis is a info message from thread 2418-09-2026 00:29:34 [38;5;009m[ERROR]: [0mThis is a error message from thread 218-09-2026 00:29:34 [38;5;009m[ERROR]: [0mThis is a error message from thread 2318-09-2026 00:29:34 [38;5;015m[INFO]: [0mThis is a info message from thread 1218-09-2026 00:29:34 [38;5;009m[ERROR]: [0mThis is a error message from thread 1018-09-2026 00:29:34 [38;5;117m[DEBUG]: [0mThis is a debug message from thread 1018-09-2026 00:29:34 [38;5;117m[DEBUG]: [0mThis is a debug message from thread 2818-09-2026 00:29:34 [38;5;117m[DEBUG]: [0mThis is a debug message from thread 2318-09-2026 00:29:34 [38;5;009m[ERROR]: [0mThis is a error message from thread 718-09-2026 00:29:34 [38;5;015m[INFO]: [0mThis is a info message from thread 1018-09-2026 00:29:34 [38;5;117m[DEBUG]: [0mThis is a debug message from thread 1818-09-2026 00:29:34 [38;5;009m[ERROR]: [0mThis is a error message from thread 2418-09-2026 00:29:34 [38;5;009m[ERROR]: [0mThis is a error message from thread 318-09-2026 00:29:34 [38;5;009m[ERROR]: [0mThis is a error message from thread 1418-09-2026 00:29:34 [38;5;117m[DEBUG]: [0mThis is a debug message from thread 318-09-2026 00:29:34 [38;5;009m[ERROR]: [0mThis is a error message from thread 1018-09-2026 00:29:34 [38;5;015m[INFO]: [0mThis is a info message from thread 1818-09-2026 00:29:34 [38;5;015m[INFO]: [0mThis is a info message from thread 2818-09-2026 00:29:34 [38;5;117m[DEBUG]: [0mThis is a debug message from thread 218-09-2026 00:29:34 [38;5;015m[INFO]: [0mThis is a info message from thread 2318-09-2026 00:29:34 [38;5;009m[ERROR]: [0mThis is a error message from thread 1818-09-2026 00:29:34 [38;5;009m[ERROR]: [0mThis is a error message from thread 2818-09-2026 00:29:34 [38;5;009m[ERROR]: [0mThis is a error message from thread 2318-09-2026 00:29:34 [38;5;117m[DEBUG]: [0mThis is a debug message from thread 1018-09-2026 00:29:34 [38;5;117m[DEBUG]: [0mThis is a debug message from thread 1418-09-2026 00:29:34 [38;5;117m[DEBUG]: [0mThis is a debug message from thread 718-09-2026 00:29:34 [38;5;015m[INFO]: [0mThis is a info message from thread 1418-09-2026 00:29:34 [38;5;015m[INFO]: [0mThis is a info message from thread 318-09-2026 00:29:34 [38;5;117m[DEBUG]: [0mThis is a debug message from thread 1818-09-2026 00:29:34 [38;5;117m[DEBUG]: [0mThis is a debug message from thread 2318-09-2026 00:29:34 [38;5;015m[INFO]: [0mThis is a info message from thread 2318-09-2026 00:29:34 [38;5;015m[INFO]: [0mThis is a info message from thread 718-09-2026 00:29:34 [38;5;117m[DEBUG]: [0mThis is a debug message from thread 2818-09-2026 00:29:34 [38;5;117m[DEBUG]: [0mThis is a debug message from thread 1618-09-2026 00:29:34 [38;5;009m[ERROR]: [0mThis is a error message from thread 1218-09-2026 00:29:34 [38;5;009m[ERROR]: [0mThis is a error message from thread 1418-09-2026 00:29:34 [38;5;117m[DEBUG]: [0mThis is a debug message from thread 2418-09-2026 00:29:34 [38;5;015m[INFO]: [0mThis is a info message from thread 2418-09-2026 00:29:34 [38;5;015m[INFO]: [0mThis is a info message from thread 1818-09-2026 00:29:34 [38;5;015m[INFO]: [0mThis is a info message from thread 2818-09-2026 00:29:34 [38;5;117m[DEBUG]: [0mThis is a debug message from thread 1418-09-2026 00:29:34 [38;5;009m[ERROR]: [0mThis is a error message from thread 318-09-2026 00:29:34 [38;5;009m[ERROR]: [0mThis is a error message from thread 1518-09-2026 00:29:34 [38;5;117m[DEBUG]: [0mThis is a debug message from thread 318-09-2026 00:29:34 [38;5;009m[ERROR]: [0mThis is a error message from thread 618-09-2026 00:29:34 [38;5;015m[INFO]: [0mThis is a info message from thread 1018-09-2026 00:29:34 [38;5;009m[ERROR]: [0mThis is a error message from thread 718-09-2026 00:29:34 [38;5;009m[ERROR]: [0mThis is a error message from thread 1018-09-2026 00:29:34 [38;5;117m[DEBUG]: [0mThis is a debug message from thread 618-09-2026 00:29:34 [38;5;009m[ERROR]: [0mThis is a error message from thread 2418-09-2026 00:29:34 [38;5;117m[DEBUG]: [0mThis is a debug message from thread 2718-09-2026 00:29:34 [38;5;015m[INFO]: [0mThis is a info message from thread 1118-09-2026 00:29:34 [38;5;117m[DEBUG]: [0mThis is a debug message from thread 1218-09-2026 00:29:34 [38;5;009m[ERROR]: [0mThis is a error message from thread 2818-09-2026 00:29:34 [38;5;009m[ERROR]: [0mThis is a error message from thread 1818-09-2026 00:29:34 [38;5;015m[INFO]: [0mThis is a info message from thread 1618-09-2026 00:29:34 [38;5;117m[DEBUG]: [0mThis is a debug message from thread 2018-09-2026 00:29:34 [38;5;009m[ERROR]: [0mThis is a error message from thread 918-09-2026 00:29:34 [38;5;009m[ERROR]: [0mThis is a error message from thread 118-09-2026 00:29:34 [38;5;117m[DEBUG]: [0mThis is a debug message from thread 1018-09-2026 00:29:34 [38;5;015m[INFO]: [0mThis is a info message from thread 1218-09-2026 00:29:34 [38;5;117m[DEBUG]: [0mThis is a debug message from thread 1818-09-2026 00:29:34 [38;5;015m[INFO]: [0mThis is a info message from thread 618-09-2026 00:29:34 [38;5;117m[DEBUG]: [0mThis is a debug message from thread 1518-09-2026 00:29:34 [38;5;015m[INFO]: [0mThis is a info message from thread 1018-09-2026 00:29:34 [38;5;015m[INFO]: [0mThis is a info message from thread 2018-09-2026 00:29:34 [38;5;009m[ERROR]: [0mThis is a error message from thread 1718-09-2026 00:29:34 [38;5;009m[ERROR]: [0mThis is a error message from thread 618-09-2026 00:29:34 [38;5;009m[ERROR]: [0mThis is a error message from thread 018-09-2026 00:29:34 [38;5;117m[DEBUG]: [0mThis is a debug message from thread 1718-09-2026 00:29:34 [38;5;117m[DEBUG]: [0mThis is a debug message from thread 918-09-2026 00:29:34 [38;5;117m[DEBUG]: [0mThis is a debug message from thread 2418-09-2026 00:29:34 [38;5;015m[INFO]: [0mThis is a info message from thread 1818-09-2026 00:29:34 [38;5;015m[INFO]: [0mThis is a info message from thread 1718-09-2026 00:29:34 [38;5;009m[ERROR]: [0mThis is a error message from thread 1718-09-2026 00:29:34 [38;5;117m[DEBUG]: [0mThis is a debug message from thread 618-09-2026 00:29:34 [38;5;009m[ERROR]: [0mThis is a error message from thread 1818-09-2026 00:29:34 [38;5;015m[INFO]: [0mThis is a info message from thread 2418-09-2026 00:29:34 [38;5;009m[ERROR]: [0mThis is a error message from thread 1218-09-2026 00:29:34 [38;5;015m[INFO]: [0mThis is a info message from thread 918-09-2026 00:29:34 [38;5;117m[DEBUG]: [0mThis is a debug message from thread 1218-09-2026 00:29:34 [38;5;009m[ERROR]: [0mThis is a error message from thread 2418-09-2026 00:29:34 [38;5;015m[INFO]: [0mThis is a info message from thread 618-09-2026 00:29:34 [38;5;117m[DEBUG]: [0mThis is a debug message from thread 2418-09-2026 00:29:34 [38;5;009m[ERROR]: [0mThis is a error message from thread 2018-09-2026 00:29:34 [38;5;009m[ERROR]: [0mThis is a error message from thread 1018-09-2026 00:29:34 [38;5;117m[DEBUG]: [0mThis is a debug message from thread 1018-09-2026 00:29:34 [38;5;117m[DEBUG]: [0mThis is a debug message from thread 1818-09-2026 00:29:34 [38;5;015m[INFO]: [0mThis is a info message from thread 2418-09-2026 00:29:34 [38;5;015m[INFO]: [0mThis is a info message from thread 1818-09-2026 00:29:34 [38;5;015m[INFO]: [0mThis is a info message from thread 1018-09-2026 00:29:34 [38;5;009m[ERROR]: [0mThis is a error message from thread 618-09-2026 00:29:34 [38;5;117m[DEBUG]: [0mThis is a debug message from thread 2018-09-2026 00:29:34 [38;5;009m[ERROR]: [0mThis is a error message from thread 2418-09-2026 00:29:34 [38;5;009m[ERROR]: [0mThis is a error message from thread 818-09-2026 00:29:34 [38;5;015m[INFO]: [0mThis is a info message from thread 2018-09-2026 00:29:34 [38;5;117m[DEBUG]: [0mThis is a debug message from thread 2618-09-2026 00:29:34 [38;5;117m[DEBUG]: [0mThis is a debug message from thread 818-09-2026 00:29:34 [38;5;015m[INFO]: [0mThis is a info message from thread 218-09-2026 00:29:34 [38;5;009m[ERROR]: [0mThis is a error message from thread 2218-09-2026 00:29:34 [38;5;015m[INFO]: [0mThis is a info message from thread 2518-09-2026 00:29:34 [38;5;117m[DEBUG]: [0mThis is a debug message from thread 1718-09-2026 00:29:34 [38;5;009m[ERROR]: [0mThis is a error message from thread 1618-09-2026 00:29:34 [38;5;009m[ERROR]: [0mThis is a error message from thread 1018-09-2026 00:29:34 [38;5;117m[DEBUG]: [0mThis is a debug message from thread 2818-09-2026 00:29:34 [38;5;117m[DEBUG]: [0mThis is a debug message from thread 618-09-2026 00:29:34 [38;5;015m[INFO]: [0mThis is a info message from thread 1218-09-2026 00:29:34 [38;5;015m[INFO]: [0mThis is a info message from thread 1718-09-2026 00:29:34 [38;5;015m[INFO]: [0mThis is a info message from thread 2718-09-2026 00:29:34 [38;5;009m[ERROR]: [0mThis is a error message from thread 2718-09-2026 00:29:34 [38;5;117m[DEBUG]: [0mThis is a debug message from thread 1018-09-2026 00:29:34 [38;5;015m[INFO]: [0mThis is a info message from thread 2818-09-2026 00:29:34 [38;5;117m[DEBUG]: [0mThis is a debug message from thread 2218-09-2026 00:29:34 [38;5;015m[INFO]: [0mThis is a info message from thread 818-09-2026 00:29:34 [38;5;009m[ERROR]: [0mThis is a error message from thread 818-09-2026 00:29:34 [38;5;015m[INFO]: [0mThis is a info message from thread 2218-09-2026 00:29:34 [38;5;009m[ERROR]: [0mThis is a error message from thread 2518-09-2026 00:29:34 [38;5;009m[ERROR]: [0mThis is a error message from thread 2218-09-2026 00:29:34 [38;5;117m[DEBUG]: [0mThis is a debug message from thread 2218-09-2026 00:29:34 [38;5;117m[DEBUG]: [0mThis is a debug message from thread 2718-09-2026 00:29:34 [38;5;009m[ERROR]: [0mThis is a error message from thread 2818-09-2026 00:29:34 [38;5;117m[DEBUG]: [0mThis is a debug message from thread 818-09-2026 00:29:34 [38;5;117m[DEBUG]: [0mThis is a debug message from thread 018-09-2026 00:29:34 [38;5;117m[DEBUG]: [0mThis is a debug message from thread 418-09-2026 00:29:34 [38;5;015m[INFO]: [0mThis is a info message from thread 618-09-2026 00:29:34 [38;5;015m[INFO]: [0mThis is a info message from thread 1018-09-2026 00:29:34 [38;5;117m[DEBUG]: [0mThis is a debug message from thread 1618-09-2026 00:29:34 [38;5;015m[INFO]: [0mThis is a info message from thread 818-09-2026 00:29:34 [38;5;015m[INFO]: [0mThis is a info message from thread 1618-09-2026 00:29:34 [38;5;117m[DEBUG]: [0mThis is a debug message from thread 2918-09-2026 00:29:34 [38;5;009m[ERROR]: [0mThis is a error message from thread 1018-09-2026 00:29:34 [38;5;009m[ERROR]: [0mThis is a error message from thread 1718-09-2026 00:29:34 [38;5;117m[DEBUG]: [0mThis is a debug message from thread 2818-09-2026 00:29:34 [38;5;015m[INFO]: [0mThis is a info message from thread 2818-09-2026 00:29:34 [38;5;009m[ERROR]: [0mThis is a error message from thread 218-09-2026 00:29:34 [38;5;117m[DEBUG]: [0mThis is a debug message from thread 2518-09-2026 00:29:34 [38;5;015m[INFO]: [0mThis is a info message from thread 1318-09-2026 00:29:34 [38;5;117m[DEBUG]: [0mThis is a debug message from thread 2118-09-2026 00:29:34 [38;5;117m[DEBUG]: [0mThis is a debug message from thread 1018-09-2026 00:29:34 [38;5;009m[ERROR]: [0mThis is a error message from thread 1618-09-2026 00:29:34 [38;5;009m[ERROR]: [0mThis is a error message from thread 2818-09-2026 00:29:34 [38;5;009m[ERROR]: [0mThis is a error message from thread 1318-09-2026 00:29:34 [38;5;009m[ERROR]: [0mThis is a error message from thread 618-09-2026 00:29:34 [38;5;117m[DEBUG]: [0mThis is a debug message from thread 2818-09-2026 00:29:34 [38;5;015m[INFO]: [0mThis is a info message from thread 2918-09-2026 00:29:34 [38;5;015m[INFO]: [0mThis is a info message from thread 1018-09-2026 00:29:34 [38;5;117m[DEBUG]: [0mThis is a debug message from thread 1718-09-2026 00:29:34 [38;5;015m[INFO]: [0mThis is a info message from thread 2818-09-2026 00:29:34 [38;5;015m[INFO]: [0mThis is a info message from thread 418-09-2026 00:29:34 [38;5;015m[INFO]: [0mThis is a info message from thread 1418-09-2026 00:29:34 [38;5;117m[DEBUG]: [0mThis is a debug message from thread 218-09-2026 00:29:34 [38;5;015m[INFO]: [0mThis is a info message from thread 1718-09-2026 00:29:34 [38;5;009m[ERROR]: [0mThis is a error message from thread 2818-09-2026 00:29:34 [38;5;009m[ERROR]: [0mThis is a error message from thread 1018-09-2026 00:29:34 [38;5;117m[DEBUG]: [0mThis is a debug message from thread 518-09-2026 00:29:34 [38;5;009m[ERROR]: [0mThis is a error message from thread 1418-09-2026 00:29:34 [38;5;117m[DEBUG]: [0mThis is a debug message from thread 1618-09-2026 00:29:34 [38;5;015m[INFO]: [0mThis is a info message from thread 518-09-2026 00:29:34 [38;5;009m[ERROR]: [0mThis is a error message from thread 2918-09-2026 00:29:34 [38;5;117m[DEBUG]: [0mThis is a debug message from thread 1018-09-2026 00:29:34 [38;5;117m[DEBUG]: [0mThis is a debug message from thread 2818-09-2026 00:29:34 [38;5;009m[ERROR]: [0mThis is a error message from thread 518-09-2026 00:29:34 [38;5;009m[ERROR]: [0mThis is a error message from thread 418-09-2026 00:29:34 [38;5;117m[DEBUG]: [0mThis is a debug message from thread 2918-09-2026 00:29:34 [38;5;015m[INFO]: [0mThis is a info message from thread 2818-09-2026 00:29:34 [38;5;117m[DEBUG]: [0mThis is a debug message from thread 518-09-2026 00:29:34 [38;5;009m[ERROR]: [0mThis is a error message from thread 1718-09-2026 00:29:34 [38;5;117m[DEBUG]: [0mThis is a debug message from thread 1718-09-2026 00:29:34 [38;5;015m[INFO]: [0mThis is a info message from thread 1718-09-2026 00:29:34 [38;5;009m[ERROR]: [0mThis is a error message from thread 1718-09-2026 00:29:34 [38;5;009m[ERROR]: [0mThis is a error message from thread 2818-09-2026 00:29:34 [38;5;117m[DEBUG]: [0mThis is a debug message from thread 1718-09-2026 00:29:34 [38;5;015m[INFO]: [0mThis is a info message from thread 518-09-2026 00:29:34 [38;5;117m[DEBUG]: [0mThis is a debug message from thread 2818-09-2026 00:29:34 [38;5;015m[INFO]: [0mThis is a info message from thread 2918-09-2026 00:29:34 [38;5;015m[INFO]: [0mThis is a info message from thread 2818-09-2026 00:29:34 [38;5;015m[INFO]: [0mThis is a info message from thread 2118-09-2026 00:29:34 [38;5;009m[ERROR]: [0mThis is a error message from thread 2818-09-2026 00:29:34 [38;5;009m[ERROR]: [0mThis is a error message from thread 518-09-2026 00:29:34 [38;5;015m[INFO]: [0mThis is a info message from thread 218-09-2026 00:29:34 [38;5;015m[INFO]: [0mThis is a info message from thread 1018-09-2026 00:29:34 [38;5;015m[INFO]: [0mThis is a info message from thread 1618-09-2026 00:29:34 [38;5;009m[ERROR]: [0mThis is a error message from thread 1018-09-2026 00:29:34 [38;5;009m[ERROR]: [0mThis is a error message from thread 218-09-2026 00:29:34 [38;5;009m[ERROR]: [0mThis is a error message from thread 2018-09-2026 00:29:34 [38;5;015m[INFO]: [0mThis is a info message from thread 2518-09-2026 00:29:34 [38;5;117m[DEBUG]: [0mThis is a debug message from thread 2018-09-2026 00:29:34 [38;5;117m[DEBUG]: [0mThis is a debug message from thread 1418-09-2026 00:29:34 [38;5;015m[INFO]: [0mThis is a info message from thread 1418-09-2026 00:29:34 [38;5;117m[DEBUG]: [0mThis is a debug message from thread 218-09-2026 00:29:34 [38;5;117m[DEBUG]: [0mThis is a debug message from thread 2818-09-2026 00:29:34 [38;5;117m[DEBUG]: [0mThis is a debug message from thread 518-09-2026 00:29:34 [38;5;015m[INFO]: [0mThis is a info message from thread 1718-09-2026 00:29:34 [38;5;117m[DEBUG]: [0mThis is a debug message from thread 1018-09-2026 00:29:34 [38;5;015m[INFO]: [0mThis is a info message from thread 1018-09-2026 00:29:34 [38;5;015m[INFO]: [0mThis is a info message from thread 518-09-2026 00:29:34 [38;5;015m[INFO]: [0mThis is a info message from thread 2018-09-2026 00:29:34 [38;5;009m[ERROR]: [0mThis is a error message from thread 518-09-2026 00:29:34 [38;5;015m[INFO]: [0mThis is a info message from thread 2818-09-2026 00:29:34 [38;5;117m[DEBUG]: [0mThis is a debug message from thread 418-09-2026 00:29:34 [38;5;009m[ERROR]: [0mThis is a error message from thread 1618-09-2026 00:29:34 [38;5;009m[ERROR]: [0mThis is a error message from thread 1818-09-2026 00:29:34 [38;5;009m[ERROR]: [0mThis is a error message from thread 2818-09-2026 00:29:34 [38;5;015m[INFO]: [0mThis is a info message from thread 1918-09-2026 00:29:34 [38;5;009m[ERROR]: [0mThis is a error message from thread 2518-09-2026 00:29:34 [38;5;009m[ERROR]: [0mThis is a error message from thread 1718-09-2026 00:29:34 [38;5;015m[INFO]: [0mThis is a info message from thread 2218-09-2026 00:29:34 [38;5;117m[DEBUG]: [0mThis is a debug message from thread 2418-09-2026 00:29:34 [38;5;015m[INFO]: [0mThis is a info message from thread 018-09-2026 00:29:34 [38;5;015m[INFO]: [0mThis is a info message from thread 418-09-2026 00:29:34 [38;5;009m[ERROR]: [0mThis is a error message from thread 2918-09-2026 00:29:34 [38;5;117m[DEBUG]: [0mThis is a debug message from thread 2818-09-2026 00:29:34 [38;5;009m[ERROR]: [0mThis is a error message from thread 2218-09-2026 00:29:34 [38;5;009m[ERROR]: [0mThis is a error message from thread 1418-09-2026 00:29:34 [38;5;117m[DEBUG]: [0mThis is a debug message from thread 718-09-2026 00:29:34 [38;5;015m[INFO]: [0mThis is a info message from thread 1518-09-2026 00:29:34 [38;5;117m[DEBUG]: [0mThis is a debug message from thread 518-09-2026 00:29:34 [38;5;117m[DEBUG]: [0mThis is a debug message from thread 118-09-2026 00:29:34 [38;5;015m[INFO]: [0mThis is a info message from thread 2618-09-2026 00:29:34 [38;5;009m[ERROR]: [0mThis is a error message from thread 1218-09-2026 00:29:34 [38;5;117m[DEBUG]: [0mThis is a debug message from thread 618-09-2026 00:29:34 [38;5;015m[INFO]: [0mThis is a info message from thread 2718-09-2026 00:29:34 [38;5;009m[ERROR]: [0mThis is a error message from thread 2318-09-2026 00:29:34 [38;5;009m[ERROR]: [0mThis is a error message from thread 2018-09-2026 00:29:34 [38;5;117m[DEBUG]: [0mThis is a debug message from thread 2218-09-2026 00:29:34 [38;5;009m[ERROR]: [0mThis is a error message from thread 1118-09-2026 00:29:34 [38;5;117m[DEBUG]: [0mThis is a debug message from thread 2918-09-2026 00:29:34 [38;5;009m[ERROR]: [0mThis is a error message from thread 2618-09-2026 00:29:34 [38;5;009m[ERROR]: [0mThis is a error message from thread 2718-09-2026 00:29:34 [38;5;117m[DEBUG]: [0mThis is a debug message from thread 1818-09-2026 00:29:34 [38;5;015m[INFO]: [0mThis is a info message from thread 2218-09-2026 00:29:34 [38;5;015m[INFO]: [0mThis is a info message from thread 518-09-2026 00:29:34 [38;5;015m[INFO]: [0mThis is a info message from thread 2918-09-2026 00:29:34 [38;5;015m[INFO]: [0mThis is a info message from thread 218-09-2026 00:29:34 [38;5;015m[INFO]: [0mThis is a info message from thread 2418-09-2026 00:29:34 [38;5;117m[DEBUG]: [0mThis is a debug message from thread 2718-09-2026 00:29:34 [38;5;117m[DEBUG]: [0mThis is a debug message from thread 1718-09-2026 00:29:34 [38;5;117m[DEBUG]: [0mThis is a debug message from thread 2318-09-2026 00:29:34 [38;5;015m[INFO]: [0mThis is a info message from thread 318-09-2026 00:29:34 [38;5;015m[INFO]: [0mThis is a info message from thread 1718-09-2026 00:29:34 [38;5;015m[INFO]: [0mThis is a info message from thread 118-09-2026 00:29:34 [38;5;009m[ERROR]: [0mThis is a error message from thread 1918-09-2026 00:29:34 [38;5;009m[ERROR]: [0mThis is a error message from thread 2418-09-2026 00:29:34 [38;5;009m[ERROR]: [0mThis is a error message from thread 218-09-2026 00:29:34 [38;5;015m[INFO]: [0mThis is a info message from thread 2718-09-2026 00:29:34 [38;5;009m[ERROR]: [0mThis is a error message from thread 2918-09-2026 00:29:34 [38;5;117m[DEBUG]: [0mThis is a debug message from thread 1618-09-2026 00:29:34 [38;5;117m[DEBUG]: [0mThis is a debug message from thread 218-09-2026 00:29:34 [38;5;117m[DEBUG]: [0mThis is a debug message from thread 2418-09-2026 00:29:34 [38;5;009m[ERROR]: [0mThis is a error message from thread 1718-09-2026 00:29:34 [38;5;117m[DEBUG]: [0mThis is a debug message from thread 1318-09-2026 00:29:34 [38;5;009m[ERROR]: [0mThis is a error message from thread 2118-09-2026 00:29:34 [38;5;009m[ERROR]: [0mThis is a error message from thread 2218-09-2026 00:29:34 [38;5;009m[ERROR]: [0mThis is a error message from thread 1018-09-2026 00:29:34 [38;5;015m[INFO]: [0mThis is a info message from thread 2418-09-2026 00:29:34 [38;5;117m[DEBUG]: [0mThis is a debug message from thread 1118-09-2026 00:29:34 [38;5;117m[DEBUG]: [0mThis is a debug message from thread 1418-09-2026 00:29:34 [38;5;117m[DEBUG]: [0mThis is a debug message from thread 1218-09-2026 00:29:34 [38;5;009m[ERROR]: [0mThis is a error message from thread 118-09-2026 00:29:34 [38;5;117m[DEBUG]: [0mThis is a debug message from thread 2618-09-2026 00:29:34 [38;5;117m[DEBUG]: [0mThis is a debug message from thread 1718-09-2026 00:29:34 [38;5;015m[INFO]: [0mThis is a info message from thread 1818-09-2026 00:29:34 [38;5;015m[INFO]: [0mThis is a info message from thread 2318-09-2026 00:29:34 [38;5;009m[ERROR]: [0mThis is a error message from thread 818-09-2026 00:29:34 [38;5;015m[INFO]: [0mThis is a info message from thread 1218-09-2026 00:29:34 [38;5;117m[DEBUG]: [0mThis is a debug message from thread 2118-09-2026 00:29:34 [38;5;009m[ERROR]: [0mThis is a error message from thread 018-09-2026 00:29:34 [38;5;009m[ERROR]: [0mThis is a error message from thread 2418-09-2026 00:29:34 [38;5;117m[DEBUG]: [0mThis is a debug message from thread 1018-09-2026 00:29:34 [38;5;015m[INFO]: [0mThis is a info message from thread 1118-09-2026 00:29:34 [38;5;117m[DEBUG]: [0mThis is a debug message from thread 2018-09-2026 00:29:34 [38;5;009m[ERROR]: [0mThis is a error message from thread 518-09-2026 00:29:34 [38;5;117m[DEBUG]: [0mThis is a debug message from thread 1918-09-2026 00:29:34 [38;5;117m[DEBUG]: [0mThis is a debug message from thread 2918-09-2026 00:29:34 [38;5;117m[DEBUG]: [0mThis is a debug message from thread 2418-09-2026 00:29:34 [38;5;009m[ERROR]: [0mThis is a error message from thread 418-09-2026 00:29:34 [38;5;015m[INFO]: [0mThis is a info message from thread 1618-09-2026 00:29:34 [38;5;015m[INFO]: [0mThis is a info message from thread 2418-09-2026 00:29:34 [38;5;009m[ERROR]: [0mThis is a error message from thread 2418-09-2026 00:29:34 [38;5;009m[ERROR]: [0mThis is a error message from thread 1118-09-2026 00:29:34 [38;5;009m[ERROR]: [0mThis is a error message from thread 2318-09-2026 00:29:34 [38;5;009m[ERROR]: [0mThis is a error message from thread 1618-09-2026 00:29:34 [38;5;117m[DEBUG]: [0mThis is a debug message from thread 1118-09-2026 00:29:34 [38;5;009m[ERROR]: [0mThis is a error message from thread 318-09-2026 00:29:34 [38;5;117m[DEBUG]: [0mThis is a debug message from thread 418-09-2026 00:29:34 [38;5;117m[DEBUG]: [0mThis is a debug message from thread 518-09-2026 00:29:34 [38;5;117m[DEBUG]: [0mThis is a debug message from thread 2418-09-2026 00:29:34 [38;5;015m[INFO]: [0mThis is a info message from thread 618-09-2026 00:29:34 [38;5;015m[INFO]: [0mThis is a info message from thread 2418-09-2026 00:29:34 [38;5;117m[DEBUG]: [0mThis is a debug message from thread 318-09-2026 00:29:34 [38;5;009m[ERROR]: [0mThis is a error message from thread 618-09-2026 00:29:34 [38;5;015m[INFO]: [0mThis is a info message from thread 2018-09-2026 00:29:34 [38;5;009m[ERROR]: [0mThis is a error message from thread 918-09-2026 00:29:34 [38;5;015m[INFO]: [0mThis is a info message from thread 518-09-2026 00:29:34 [38;5;117m[DEBUG]: [0mThis is a debug message from thread 1618-09-2026 00:29:34 [38;5;117m[DEBUG]: [0mThis is a debug message from thread 2318-09-2026 00:29:34 [38;5;117m[DEBUG]: [0mThis is a debug message from thread 2518-09-2026 00:29:34 [38;5;015m[INFO]: [0mThis is a info message from thread 1118-09-2026 00:29:34 [38;5;015m[INFO]: [0mThis is a info message from thread 2818-09-2026 00:29:34 [38;5;015m[INFO]: [0mThis is a info message from thread 1318-09-2026 00:29:34 [38;5;015m[INFO]: [0mThis is a info message from thread 1418-09-2026 00:29:34 [38;5;015m[INFO]: [0mThis is a info message from thread 1918-09-2026 00:29:34 [38;5;117m[DEBUG]: [0mThis is a debug message from thread 818-09-2026 00:29:34 [38;5;015m[INFO]: [0mThis is a info message from thread 2118-09-2026 00:29:34 [38;5;009m[ERROR]: [0mThis is a error message from thread 1818-09-2026 00:29:34 [38;5;009m[ERROR]: [0mThis is a error message from thread 2818-09-2026 00:29:34 [38;5;015m[INFO]: [0mThis is a info message from thread 2918-09-2026 00:29:34 [38;5;015m[INFO]: [0mThis is a info message from thread 1718-09-2026 00:29:34 [38;5;009m[ERROR]: [0mThis is a error message from thread 2418-09-2026 00:29:34 [38;5;009m[ERROR]: [0mThis is a error message from thread 1918-09-2026 00:29:34 [38;5;117m[DEBUG]: [0mThis is a debug message from thread 118-09-2026 00:29:34 [38;5;117m[DEBUG]: [0mThis is a debug message from thread 2818-09-2026 00:29:34 [38;5;117m[DEBUG]: [0mThis is a debug message from thread 2418-09-2026 00:29:34 [38;5;117m[DEBUG]: [0mThis is a debug message from thread 018-09-2026 00:29:34 [38;5;015m[INFO]: [0mThis is a info message from thread 1018-09-2026 00:29:34 [38;5;009m[ERROR]: [0mThis is a error message from thread 1118-09-2026 00:29:34 [38;5;009m[ERROR]: [0mThis is a error message from thread 1318-09-2026 00:29:34 [38;5;117m[DEBUG]: [0mThis is a debug message from thread 918-09-2026 00:29:34 [38;5;015m[INFO]: [0mThis is a info message from thread 218-09-2026 00:29:34 [38;5;015m[INFO]: [0mThis is a info message from thread 918-09-2026 00:29:34 [38;5;015m[INFO]: [0mThis is a info message from thread 318-09-2026 00:29:34 [38;5;009m[ERROR]: [0mThis is a error message from thread 2018-09-2026 00:29:34 [38;5;009m[ERROR]: [0mThis is a error message from thread 918-09-2026 00:29:34 [38;5;009m[ERROR]: [0mThis is a error message from thread 2118-09-2026 00:29:34 [38;5;117m[DEBUG]: [0mThis is a debug message from thread 1818-09-2026 00:29:34 [38;5;015m[INFO]: [0mThis is a info message from thread 1818-09-2026 00:29:34 [38;5;117m[DEBUG]: [0mThis is a debug message from thread 918-09-2026 00:29:34 [38;5;009m[ERROR]: [0mThis is a error message from thread 1018-09-2026 00:29:34 [38;5;015m[INFO]: [0mThis is a info message from thread 2618-09-2026 00:29:34 [38;5;009m[ERROR]: [0mThis is a error message from thread 218-09-2026 00:29:34 [38;5;117m[DEBUG]: [0mThis is a debug message from thread 2118-09-2026 00:29:34 [38;5;015m[INFO]: [0mThis is a info message from thread 818-09-2026 00:29:34 [38;5;009m[ERROR]: [0mThis is a error message from thread 1818-09-2026 00:29:34 [38;5;009m[ERROR]: [0mThis is a error message from thread 818-09-2026 00:29:34 [38;5;009m[ERROR]: [0mThis is a error message from thread 1718-09-2026 00:29:34 [38;5;117m[DEBUG]: [0mThis is a debug message from thread 818-09-2026 00:29:34 [38;5;015m[INFO]: [0mThis is a info message from thread 2118-09-2026 00:29:34 [38;5;009m[ERROR]: [0mThis is a error message from thread 2118-09-2026 00:29:34 [38;5;009m[ERROR]: [0mThis is a error message from thread 2918-09-2026 00:29:34 [38;5;117m[DEBUG]: [0mThis is a debug message from thread 2918-09-2026 00:29:34 [38;5;117m[DEBUG]: [0mThis is a debug message from thread 1718-09-2026 00:29:34 [38;5;015m[INFO]: [0mThis is a info message from thread 2918-09-2026 00:29:34 [38;5;117m[DEBUG]: [0mThis is a debug message from thread 2118-09-2026 00:29:34 [38;5;015m[INFO]: [0mThis is a info message from thread 818-09-2026 00:29:34 [38;5;015m[INFO]: [0mThis is a info message from thread 2118-09-2026 00:29:34 [38;5;117m[DEBUG]: [0mThis is a debug message from thread 1018-09-2026 00:29:34 [38;5;009m[ERROR]: [0mThis is a error message from thread 2118-09-2026 00:29:34 [38;5;009m[ERROR]: [0mThis is a error message from thread 2918-09-2026 00:29:34 [38;5;015m[INFO]: [0mThis is a info message from thread 918-09-2026 00:29:34 [38;5;015m[INFO]: [0mThis is a info message from thread 1718-09-2026 00:29:34 [38;5;015m[INFO]: [0mThis is a info message from thread 1018-09-2026 00:29:34 [38;5;009m[ERROR]: [0mThis is a error message from thread 918-09-2026 00:29:34 [38;5;117m[DEBUG]: [0mThis is a debug message from thread 618-09-2026 00:29:34 [38;5;117m[DEBUG]: [0mThis is a debug message from thread 2118-09-2026 00:29:34 [38;5;009m[ERROR]: [0mThis is a error message from thread 818-09-2026 00:29:34 [38;5;015m[INFO]: [0mThis is a info message from thread 618-09-2026 00:29:34 [38;5;117m[DEBUG]: [0mThis is a debug message from thread 1818-09-2026 00:29:34 [38;5;009m[ERROR]: [0mThis is a error message from thread 1718-09-2026 00:29:34 [38;5;009m[ERROR]: [0mThis is a error message from thread 1518-09-2026 00:29:34 [38;5;117m[DEBUG]: [0mThis is a debug message from thread 1118-09-2026 00:29:34 [38;5;117m[DEBUG]: [0mThis is a debug message from thread 1518-09-2026 00:29:34 [38;5;117m[DEBUG]: [0mThis is a debug message from thread 1718-09-2026 00:29:34 [38;5;015m[INFO]: [0mThis is a info message from thread 2118-09-2026 00:29:34 [38;5;015m[INFO]: [0mThis is a info message from thread 1518-09-2026 00:29:34 [38;5;015m[INFO]: [0mThis is a info message from thread 1718-09-2026 00:29:34 [38;5;009m[ERROR]: [0mThis is a error message from thread 2618-09-2026 00:29:34 [38;5;009m[ERROR]: [0mThis is a error message from thread 1018-09-2026 00:29:34 [38;5;009m[ERROR]: [0mThis is a error message from thread 2718-09-2026 00:29:34 [38;5;015m[INFO]: [0mThis is a info message from thread 2318-09-2026 00:29:34 [38;5;009m[ERROR]: [0mThis is a error message from thread 2318-09-2026 00:29:34 [38;5;117m[DEBUG]: [0mThis is a debug message from thread 818-09-2026 00:29:34 [38;5;009m[ERROR]: [0mThis is a error message from thread 1718-09-2026 00:29:34 [38;5;009m[ERROR]: [0mThis is a error message from thread 618-09-2026 00:29:34 [38;5;015m[INFO]: [0mThis is a info message from thread 818-09-2026 00:29:34 [38;5;117m[DEBUG]: [0mThis is a debug message from thread 2318-09-2026 00:29:34 [38;5;009m[ERROR]: [0mThis is a error message from thread 1218-09-2026 00:29:34 [38;5;117m[DEBUG]: [0mThis is a debug message from thread 618-09-2026 00:29:34 [38;5;117m[DEBUG]: [0mThis is a debug message from thread 1918-09-2026 00:29:34 [38;5;015m[INFO]: [0mThis is a info message from thread 1118-09-2026 00:29:34 [38;5;015m[INFO]: [0mThis is a info message from thread 1618-09-2026 00:29:34 [38;5;015m[INFO]: [0mThis is a info message from thread 418-09-2026 00:29:34 [38;5;009m[ERROR]: [0mThis is a error message from thread 2118-09-2026 00:29:34 [38;5;009m[ERROR]: [0mThis is a error message from thread 1518-09-2026 00:29:34 [38;5;117m[DEBUG]: [0mThis is a debug message from thread 1518-09-2026 00:29:34 [38;5;015m[INFO]: [0mThis is a info message from thread 618-09-2026 00:29:34 [38;5;009m[ERROR]: [0mThis is a error message from thread 418-09-2026 00:29:34 [38;5;015m[INFO]: [0mThis is a info message from thread 1918-09-2026 00:29:34 [38;5;117m[DEBUG]: [0mThis is a debug message from thread 2218-09-2026 00:29:34 [38;5;015m[INFO]: [0mThis is a info message from thread 2318-09-2026 00:29:34 [38;5;015m[INFO]: [0mThis is a info message from thread 2818-09-2026 00:29:34 [38;5;117m[DEBUG]: [0mThis is a debug message from thread 1218-09-2026 00:29:34 [38;5;117m[DEBUG]: [0mThis is a debug message from thread 418-09-2026 00:29:34 [38;5;117m[DEBUG]: [0mThis is a debug message from thread 218-09-2026 00:29:34 [38;5;015m[INFO]: [0mThis is a info message from thread 2518-09-2026 00:29:34 [38;5;009m[ERROR]: [0mThis is a error message from thread 1118-09-2026 00:29:34 [38;5;117m[DEBUG]: [0mThis is a debug message from thread 1318-09-2026 00:29:34 [38;5;117m[DEBUG]: [0mThis is a debug message from thread 2918-09-2026 00:29:34 [38;5;015m[INFO]: [0mThis is a info message from thread 2218-09-2026 00:29:34 [38;5;009m[ERROR]: [0mThis is a error message from thread 618-09-2026 00:29:34 [38;5;009m[ERROR]: [0mThis is a error message from thread 2318-09-2026 00:29:34 [38;5;117m[DEBUG]: [0mThis is a debug message from thread 618-09-2026 00:29:34 [38;5;009m[ERROR]: [0mThis is a error message from thread 1618-09-2026 00:29:34 [38;5;117m[DEBUG]: [0mThis is a debug message from thread 2718-09-2026 00:29:34 [38;5;009m[ERROR]: [0mThis is a error message from thread 2518-09-2026 00:29:34 [38;5;117m[DEBUG]: [0mThis is a debug message from thread 918-09-2026 00:29:34 [38;5;117m[DEBUG]: [0mThis is a debug message from thread 2018-09-2026 00:29:34 [38;5;117m[DEBUG]: [0mThis is a debug message from thread 1018-09-2026 00:29:34 [38;5;117m[DEBUG]: [0mThis is a debug message from thread 1118-09-2026 00:29:34 [38;5;015m[INFO]: [0mThis is a info message from thread 1118-09-2026 00:29:34 [38;5;015m[INFO]: [0mThis is a info message from thread 2718-09-2026 00:29:34 [38;5;009m[ERROR]: [0mThis is a error message from thread 2718-09-2026 00:29:34 [38;5;015m[INFO]: [0mThis is a info message from thread 1218-09-2026 00:29:34 [38;5;009m[ERROR]: [0mThis is a error message from thread 1118-09-2026 00:29:34 [38;5;117m[DEBUG]: [0mThis is a debug message from thread 2618-09-2026 00:29:34 [38;5;015m[INFO]: [0mThis is a info message from thread 1018-09-2026 00:29:34 [38;5;009m[ERROR]: [0mThis is a error message from thread 2218-09-2026 00:29:34 [38;5;009m[ERROR]: [0mThis is a error message from thread 1018-09-2026 00:29:34 [38;5;015m[INFO]: [0mThis is a info message from thread 2418-09-2026 00:29:34 [38;5;117m[DEBUG]: [0mThis is a debug message from thread 1118-09-2026 00:29:34 [38;5;015m[INFO]: [0mThis is a info message from thread 2618-09-2026 00:29:34 [38;5;015m[INFO]: [0mThis is a info message from thread 2018-09-2026 00:29:34 [38;5;015m[INFO]: [0mThis is a info message from thread 1118-09-2026 00:29:34 [38;5;009m[ERROR]: [0mThis is a error message from thread 1218-09-2026 00:29:34 [38;5;117m[DEBUG]: [0mThis is a debug message from thread 1218-09-2026 00:29:34 [38;5;117m[DEBUG]: [0mThis is a debug message from thread 1018-09-2026 00:29:34 [38;5;015m[INFO]: [0mThis is a info message from thread 2918-09-2026 00:29:34 [38;5;009m[ERROR]: [0mThis is a error message from thread 1418-09-2026 00:29:34 [38;5;117m[DEBUG]: [0mThis is a debug message from thread 2718-09-2026 00:29:34 [38;5;009m[ERROR]: [0mThis is a error message from thread 2618-09-2026 00:29:34 [38;5;015m[INFO]: [0mThis is a info message from thread 1018-09-2026 00:29:34 [38;5;117m[DEBUG]: [0mThis is a debug message from thread 2118-09-2026 00:29:34 [38;5;009m[ERROR]: [0mThis is a error message from thread 1918-09-2026 00:29:34 [38;5;117m[DEBUG]: [0mThis is a debug message from thread 1918-09-2026 00:29:34 [38;5;015m[INFO]: [0mThis is a info message from thread 1918-09-2026 00:29:34 [38;5;009m[ERROR]: [0mThis is a error message from thread 1018-09-2026 00:29:34 [38;5;009m[ERROR]: [0mThis is a error message from thread 318-09-2026 00:29:34 [38;5;009m[ERROR]: [0mThis is a error message from thread 1918-09-2026 00:29:34 [38;5;015m[INFO]: [0mThis is a info message from thread 218-09-2026 00:29:34 [38;5;009m[ERROR]: [0mThis is a error message from thread 1118-09-2026 00:29:34 [38;5;015m[INFO]: [0mThis is a info message from thread 2118-09-2026 00:29:34 [38;5;015m[INFO]: [0mThis is a info message from thread 018-09-2026 00:29:34 [38;5;015m[INFO]: [0mThis is a info message from thread 1818-09-2026 00:29:34 [38;5;009m[ERROR]: [0mThis is a error message from thread 218-09-2026 00:29:34 [38;5;015m[INFO]: [0mThis is a info message from thread 1518-09-2026 00:29:34 [38;5;117m[DEBUG]: [0mThis is a debug message from thread 318-09-2026 00:29:34 [38;5;117m[DEBUG]: [0mThis is a debug message from thread 1118-09-2026 00:29:34 [38;5;117m[DEBUG]: [0mThis is a debug message from thread 2518-09-2026 00:29:34 [38;5;015m[INFO]: [0mThis is a info message from thread 118-09-2026 00:29:34 [38;5;009m[ERROR]: [0mThis is a error message from thread 1818-09-2026 00:29:34 [38;5;009m[ERROR]: [0mThis is a error message from thread 2918-09-2026 00:29:34 [38;5;015m[INFO]: [0mThis is a info message from thread 418-09-2026 00:29:34 [38;5;009m[ERROR]: [0mThis is a error message from thread 2418-09-2026 00:29:34 [38;5;015m[INFO]: [0mThis is a info message from thread 918-09-2026 00:29:34 [38;5;117m[DEBUG]: [0mThis is a debug message from thread 2218-09-2026 00:29:34 [38;5;015m[INFO]: [0mThis is a info message from thread 1318-09-2026 00:29:34 [38;5;009m[ERROR]: [0mThis is a error message from thread 2018-09-2026 00:29:34 [38;5;117m[DEBUG]: [0mThis is a debug message from thread 2918-09-2026 00:29:34 [38;5;117m[DEBUG]: [0mThis is a debug message from thread 2318-09-2026 00:29:34 [38;5;117m[DEBUG]: [0mThis is a debug message from thread 1418-09-2026 00:29:34 [38;5;015m[INFO]: [0mThis is a info message from thread 318-09-2026 00:29:34 [38;5;015m[INFO]: [0mThis is a info message from thread 1118-09-2026 00:29:34 [38;5;015m[INFO]: [0mThis is a info message from thread 2318-09-2026 00:29:34 [38;5;009m[ERROR]: [0mThis is a error message from thread 818-09-2026 00:29:34 [38;5;117m[DEBUG]: [0mThis is a debug message from thread 1718-09-2026 00:29:34 [38;5;117m[DEBUG]: [0mThis is a debug message from thread 1018-09-2026 00:29:34 [38;5;117m[DEBUG]: [0mThis is a debug message from thread 218-09-2026 00:29:34 [38;5;015m[INFO]: [0mThis is a info message from thread 1718-09-2026 00:29:34 [38;5;117m[DEBUG]: [0mThis is a debug message from thread 2018-09-2026 00:29:34 [38;5;015m[INFO]: [0mThis is a info message from thread 2718-09-2026 00:29:34 [38;5;009m[ERROR]: [0mThis is a error message from thread 018-09-2026 00:29:34 [38;5;009m[ERROR]: [0mThis is a error message from thread 2318-09-2026 00:29:34 [38;5;015m[INFO]: [0mThis is a info message from thread 1018-09-2026 00:29:34 [38;5;009m[ERROR]: [0mThis is a error message from thread 518-09-2026 00:29:34 [38;5;009m[ERROR]: [0mThis is a error message from thread 2118-09-2026 00:29:34 [38;5;009m[ERROR]: [0mThis is a error message from thread 1118-09-2026 00:29:34 [38;5;117m[DEBUG]: [0mThis is a debug message from thread 818-09-2026 00:29:34 [38;5;015m[INFO]: [0mThis is a info message from thread 218-09-2026 00:29:34 [38;5;117m[DEBUG]: [0mThis is a debug message from thread 1118-09-2026 00:29:34 [38;5;009m[ERROR]: [0mThis is a error message from thread 1718-09-2026 00:29:34 [38;5;009m[ERROR]: [0mThis is a error message from thread 2718-09-2026 00:29:34 [38;5;015m[INFO]: [0mThis is a info message from thread 718-09-2026 00:29:34 [38;5;015m[INFO]: [0mThis is a info message from thread 2918-09-2026 00:29:34 [38;5;015m[INFO]: [0mThis is a info message from thread 1118-09-2026 00:29:34 [38;5;009m[ERROR]: [0mThis is a error message from thread 2918-09-2026 00:29:34 [38;5;117m[DEBUG]: [0mThis is a debug message from thread 1818-09-2026 00:29:34 [38;5;009m[ERROR]: [0mThis is a error message from thread 418-09-2026 00:29:34 [38;5;009m[ERROR]: [0mThis is a error message from thread 1118-09-2026 00:29:34 [38;5;117m[DEBUG]: [0mThis is a debug message from thread 1718-09-2026 00:29:34 [38;5;117m[DEBUG]: [0mThis is a debug message from thread 1618-09-2026 00:29:34 [38;5;117m[DEBUG]: [0mThis is a debug message from thread 1118-09-2026 00:29:34 [38;5;009m[ERROR]: [0mThis is a error message from thread 1018-09-2026 00:29:34 [38;5;117m[DEBUG]: [0mThis is a debug message from thread 2418-09-2026 00:29:34 [38;5;015m[INFO]: [0mThis is a info message from thread 1118-09-2026 00:29:34 [38;5;117m[DEBUG]: [0mThis is a debug message from thread 2918-09-2026 00:29:34 [38;5;009m[ERROR]: [0mThis is a error message from thread 1118-09-2026 00:29:34 [38;5;117m[DEBUG]: [0mThis is a debug message from thread 2318-09-2026 00:29:34 [38;5;009m[ERROR]: [0mThis is a error message from thread 2818-09-2026 00:29:34 [38;5;015m[INFO]: [0mThis is a info message from thread 1718-09-2026 00:29:34 [38;5;015m[INFO]: [0mThis is a info message from thread 1618-09-2026 00:29:34 [38;5;117m[DEBUG]: [0mThis is a debug message from thread 418-09-2026 00:29:34 [38;5;009m[ERROR]: [0mThis is a error message from thread 1718-09-2026 00:29:34 [38;5;009m[ERROR]: [0mThis is a error message from thread 1618-09-2026 00:29:34 [38;5;009m[ERROR]: [0mThis is a error message from thread 1518-09-2026 00:29:34 [38;5;117m[DEBUG]: [0mThis is a debug message from thread 1918-09-2026 00:29:34 [38;5;015m[INFO]: [0mThis is a info message from thread 2518-09-2026 00:29:34 [38;5;015m[INFO]: [0mThis is a info message from thread 818-09-2026 00:29:34 [38;5;015m[INFO]: [0mThis is a info message from thread 2418-09-2026 00:29:34 [38;5;117m[DEBUG]: [0mThis is a debug message from thread 2818-09-2026 00:29:34 [38;5;117m[DEBUG]: [0mThis is a debug message from thread 1618-09-2026 00:29:34 [38;5;009m[ERROR]: [0mThis is a error message from thread 918-09-2026 00:29:34 [38;5;117m[DEBUG]: [0mThis is a debug message from thread 518-09-2026 00:29:34 [38;5;009m[ERROR]: [0mThis is a error message from thread 718-09-2026 00:29:34 [38;5;117m[DEBUG]: [0mThis is a debug message from thread 918-09-2026 00:29:34 [38;5;117m[DEBUG]: [0mThis is a debug message from thread 1518-09-2026 00:29:34 [38;5;015m[INFO]: [0mThis is a info message from thread 1818-09-2026 00:29:34 [38;5;009m[ERROR]: [0mThis is a error message from thread 2518-09-2026 00:29:34 [38;5;015m[INFO]: [0mThis is a info message from thread 1518-09-2026 00:29:34 [38;5;015m[INFO]: [0mThis is a info message from thread 2018-09-2026 00:29:34 [38;5;009m[ERROR]: [0mThis is a error message from thread 2418-09-2026 00:29:34 [38;5;009m[ERROR]: [0mThis is a error message from thread 118-09-2026 00:29:34 [38;5;009m[ERROR]: [0mThis is a error message from thread 1818-09-2026 00:29:34 [38;5;117m[DEBUG]: [0mThis is a debug message from thread 1718-09-2026 00:29:34 [38;5;009m[ERROR]: [0mThis is a error message from thread 218-09-2026 00:29:34 [38;5;117m[DEBUG]: [0mThis is a debug message from thread 2518-09-2026 00:29:34 [38;5;015m[INFO]: [0mThis is a info message from thread 2518-09-2026 00:29:34 [38;5;015m[INFO]: [0mThis is a info message from thread 1918-09-2026 00:29:34 [38;5;009m[ERROR]: [0mThis is a error message from thread 2018-09-2026 00:29:34 [38;5;015m[INFO]: [0mThis is a info message from thread 1718-09-2026 00:29:34 [38;5;009m[ERROR]: [0mThis is a error message from thread 1518-09-2026 00:29:34 [38;5;009m[ERROR]: [0mThis is a error message from thread 2518-09-2026 00:29:34 [38;5;009m[ERROR]: [0mThis is a error message from thread 1718-09-2026 00:29:34 [38;5;117m[DEBUG]: [0mThis is a debug message from thread 2518-09-2026 00:29:34 [38;5;117m[DEBUG]: [0mThis is a debug message from thread 2418-09-2026 00:29:34 [38;5;117m[DEBUG]: [0mThis is a debug message from thread 2718-09-2026 00:29:34 [38;5;009m[ERROR]: [0mThis is a error message from thread 818-09-2026 00:29:34 [38;5;117m[DEBUG]: [0mThis is a debug message from thread 1118-09-2026 00:29:34 [38;5;009m[ERROR]: [0mThis is a error message from thread 1318-09-2026 00:29:34 [38;5;015m[INFO]: [0mThis is a info message from thread 2318-09-2026 00:29:34 [38;5;015m[INFO]: [0mThis is a info message from thread 418-09-2026 00:29:34 [38;5;117m[DEBUG]: [0mThis is a debug message from thread 1818-09-2026 00:29:34 [38;5;015m[INFO]: [0mThis is a info message from thread 1418-09-2026 00:29:34 [38;5;117m[DEBUG]: [0mThis is a debug message from thread 2018-09-2026 00:29:34 [38;5;117m[DEBUG]: [0mThis is a debug message from thread 2618-09-2026 00:29:34 [38;5;009m[ERROR]: [0mThis is a error message from thread 1418-09-2026 00:29:34 [38;5;009m[ERROR]: [0mThis is a error message from thread 318-09-2026 00:29:34 [38;5;015m[INFO]: [0mThis is a info message from thread 1218-09-2026 00:29:34 [38;5;015m[INFO]: [0mThis is a info message from thread 1618-09-2026 00:29:34 [38;5;015m[INFO]: [0mThis is a info message from thread 2218-09-2026 00:29:34 [38;5;009m[ERROR]: [0mThis is a error message from thread 2318-09-2026 00:29:34 [38;5;117m[DEBUG]: [0mThis is a debug message from thread 318-09-2026 00:29:34 [38;5;117m[DEBUG]: [0mThis is a debug message from thread 2118-09-2026 00:29:34 [38;5;009m[ERROR]: [0mThis is a error message from thread 1918-09-2026 00:29:34 [38;5;009m[ERROR]: [0mThis is a error message from thread 2218-09-2026 00:29:34 [38;5;009m[ERROR]: [0mThis is a error message from thread 1618-09-2026 00:29:34 [38;5;015m[INFO]: [0mThis is a info message from thread 2818-09-2026 00:29:34 [38;5;117m[DEBUG]: [0mThis is a debug message from thread 018-09-2026 00:29:34 [38;5;015m[INFO]: [0mThis is a info message from thread 2618-09-2026 00:29:34 [38;5;117m[DEBUG]: [0mThis is a debug message from thread 1718-09-2026 00:29:34 [38;5;117m[DEBUG]: [0mThis is a debug message from thread 1318-09-2026 00:29:34 [38;5;015m[INFO]: [0mThis is a info message from thread 2718-09-2026 00:29:34 [38;5;015m[INFO]: [0mThis is a info message from thread 2418-09-2026 00:29:34 [38;5;009m[ERROR]: [0mThis is a error message from thread 2718-09-2026 00:29:34 [38;5;015m[INFO]: [0mThis is a info message from thread 318-09-2026 00:29:34 [38;5;117m[DEBUG]: [0mThis is a debug message from thread 1618-09-2026 00:29:34 [38;5;117m[DEBUG]: [0mThis is a debug message from thread 1918-09-2026 00:29:34 [38;5;015m[INFO]: [0mThis is a info message from thread 1918-09-2026 00:29:34 [38;5;009m[ERROR]: [0mThis is a error message from thread 318-09-2026 00:29:34 [38;5;009m[ERROR]: [0mThis is a error message from thread 1918-09-2026 00:29:34 [38;5;117m[DEBUG]: [0mThis is a debug message from thread 318-09-2026 00:29:34 [38;5;015m[INFO]: [0mThis is a info message from thread 1118-09-2026 00:29:34 [38;5;015m[INFO]: [0mThis is a info message from thread 318-09-2026 00:29:34 [38;5;117m[DEBUG]: [0mThis is a debug message from thread 2718-09-2026 00:29:34 [38;5;117m[DEBUG]: [0mThis is a debug message from thread 2218-09-2026 00:29:34 [38;5;015m[INFO]: [0mThis is a info message from thread 2118-09-2026 00:29:34 [38;5;009m[ERROR]: [0mThis is a error message from thread 2618-09-2026 00:29:34 [38;5;009m[ERROR]: [0mThis is a error message from thread 2118-09-2026 00:29:34 [38;5;117m[DEBUG]: [0mThis is a debug message from thread 2618-09-2026 00:29:34 [38;5;015m[INFO]: [0mThis is a info message from thread 918-09-2026 00:29:34 [38;5;009m[ERROR]: [0mThis is a error message from thread 918-09-2026 00:29:34 [38;5;009m[ERROR]: [0mThis is a error message from thread 318-09-2026 00:29:34 [38;5;117m[DEBUG]: [0mThis is a debug message from thread 2118-09-2026 00:29:34 [38;5;015m[INFO]: [0mThis is a info message from thread 018-09-2026 00:29:34 [38;5;015m[INFO]: [0mThis is a info message from thread 1618-09-2026 00:29:34 [38;5;117m[DEBUG]: [0mThis is a debug message from thread 918-09-2026 00:29:34 [38;5;009m[ERROR]: [0mThis is a error message from thread 1118-09-2026 00:29:34 [38;5;015m[INFO]: [0mThis is a info message from thread 918-09-2026 00:29:34 [38;5;015m[INFO]: [0mThis is a info message from thread 2218-09-2026 00:29:34 [38;5;015m[INFO]: [0mThis is a info message from thread 2118-09-2026 00:29:34 [38;5;009m[ERROR]: [0mThis is a error message from thread 2218-09-2026 00:29:34 [38;5;009m[ERROR]: [0mThis is a error message from thread 2118-09-2026 00:29:34 [38;5;015m[INFO]: [0mThis is a info message from thread 2518-09-2026 00:29:34 [38;5;117m[DEBUG]: [0mThis is a debug message from thread 318-09-2026 00:29:34 [38;5;009m[ERROR]: [0mThis is a error message from thread 2418-09-2026 00:29:34 [38;5;009m[ERROR]: [0mThis is a error message from thread 1618-09-2026 00:29:34 [38;5;117m[DEBUG]: [0mThis is a debug message from thread 1618-09-2026 00:29:34 [38;5;117m[DEBUG]: [0mThis is a debug message from thread 2118-09-2026 00:29:34 [38;5;009m[ERROR]: [0mThis is a error message from thread 918-09-2026 00:29:34 [38;5;015m[INFO]: [0mThis is a info message from thread 2118-09-2026 00:29:34 [38;5;009m[ERROR]: [0mThis is a error message from thread 2518-09-2026 00:29:34 [38;5;117m[DEBUG]: [0mThis is a debug message from thread 2218-09-2026 00:29:34 [38;5;117m[DEBUG]: [0mThis is a debug message from thread 2518-09-2026 00:29:34 [38;5;015m[INFO]: [0mThis is a info message from thread 2618-09-2026 00:29:34 [38;5;015m[INFO]: [0mThis is a info message from thread 318-09-2026 00:29:34 [38;5;015m[INFO]: [0mThis is a info message from thread 2518-09-2026 00:29:34 [38;5;117m[DEBUG]: [0mThis is a debug message from thread 1118-09-2026 00:29:34 [38;5;009m[ERROR]: [0mThis is a error message from thread 2118-09-2026 00:29:34 [38;5;015m[INFO]: [0mThis is a info message from thread 2218-09-2026 00:29:34 [38;5;117m[DEBUG]: [0mThis is a debug message from thread 2418-09-2026 00:29:34 [38;5;015m[INFO]: [0mThis is a info message from thread 1818-09-2026 00:29:34 [38;5;117m[DEBUG]: [0mThis is a debug message from thread 218-09-2026 00:29:34 [38;5;009m[ERROR]: [0mThis is a error message from thread 418-09-2026 00:29:34 [38;5;117m[DEBUG]: [0mThis is a debug message from thread 1518-09-2026 00:29:34 [38;5;117m[DEBUG]: [0mThis is a debug message from thread 718-09-2026 00:29:34 [38;5;117m[DEBUG]: [0mThis is a debug message from thread 918-09-2026 00:29:34 [38;5;009m[ERROR]: [0mThis is a error message from thread 318-09-2026 00:29:34 [38;5;015m[INFO]: [0mThis is a info message from thread 918-09-2026 00:29:34 [38;5;015m[INFO]: [0mThis is a info message from thread 2418-09-2026 00:29:34 [38;5;009m[ERROR]: [0mThis is a error message from thread 918-09-2026 00:29:34 [38;5;009m[ERROR]: [0mThis is a error message from thread 2418-09-2026 00:29:34 [38;5;117m[DEBUG]: [0mThis is a debug message from thread 318-09-2026 00:29:34 [38;5;015m[INFO]: [0mThis is a info message from thread 1118-09-2026 00:29:34 [38;5;009m[ERROR]: [0mThis is a error message from thread 2218-09-2026 00:29:34 [38;5;117m[DEBUG]: [0mThis is a debug message from thread 418-09-2026 00:29:34 [38;5;015m[INFO]: [0mThis is a info message from thread 2018-09-2026 00:29:34 [38;5;117m[DEBUG]: [0mThis is a debug message from thread 818-09-2026 00:29:34 [38;5;015m[INFO]: [0mThis is a info message from thread 218-09-2026 00:29:34 [38;5;117m[DEBUG]: [0mThis is a debug message from thread 918-09-2026 00:29:34 [38;5;117m[DEBUG]: [0mThis is a debug message from thread 1018-09-2026 00:29:34 [38;5;015m[INFO]: [0mThis is a info message from thread 718-09-2026 00:29:34 [38;5;009m[ERROR]: [0mThis is a error message from thread 2618-09-2026 00:29:34 [38;5;015m[INFO]: [0mThis is a info message from thread 918-09-2026 00:29:34 [38;5;015m[INFO]: [0mThis is a info message from thread 418-09-2026 00:29:34 [38;5;117m[DEBUG]: [0mThis is a debug message from thread 2418-09-2026 00:29:34 [38;5;117m[DEBUG]: [0mThis is a debug message from thread 2218-09-2026 00:29:34 [38;5;009m[ERROR]: [0mThis is a error message from thread 218-09-2026 00:29:34 [38;5;009m[ERROR]: [0mThis is a error message from thread 718-09-2026 00:29:34 [38;5;015m[INFO]: [0mThis is a info message from thread 1718-09-2026 00:29:34 [38;5;015m[INFO]: [0mThis is a info message from thread 2418-09-2026 00:29:34 [38;5;117m[DEBUG]: [0mThis is a debug message from thread 2618-09-2026 00:29:34 [38;5;015m[INFO]: [0mThis is a info message from thread 2718-09-2026 00:29:34 [38;5;009m[ERROR]: [0mThis is a error message from thread 918-09-2026 00:29:34 [38;5;015m[INFO]: [0mThis is a info message from thread 2918-09-2026 00:29:34 [38;5;009m[ERROR]: [0mThis is a error message from thread 2818-09-2026 00:29:34 [38;5;117m[DEBUG]: [0mThis is a debug message from thread 218-09-2026 00:29:34 [38;5;009m[ERROR]: [0mThis is a error message from thread 2918-09-2026 00:29:34 [38;5;015m[INFO]: [0mThis is a info message from thread 218-09-2026 00:29:34 [38;5;117m[DEBUG]: [0mThis is a debug message from thread 718-09-2026 00:29:34 [38;5;117m[DEBUG]: [0mThis is a debug message from thread 2918-09-2026 00:29:34 [38;5;009m[ERROR]: [0mThis is a error message from thread 1718-09-2026 00:29:34 [38;5;009m[ERROR]: [0mThis is a error message from thread 218-09-2026 00:29:34 [38;5;015m[INFO]: [0mThis is a info message from thread 2918-09-2026 00:29:34 [38;5;117m[DEBUG]: [0mThis is a debug message from thread 2118-09-2026 00:29:34 [38;5;015m[INFO]: [0mThis is a info message from thread 718-09-2026 00:29:34 [38;5;009m[ERROR]: [0mThis is a error message from thread 1818-09-2026 00:29:34 [38;5;009m[ERROR]: [0mThis is a error message from thread 2718-09-2026 00:29:34 [38;5;009m[ERROR]: [0mThis is a error message from thread 2418-09-2026 00:29:34 [38;5;009m[ERROR]: [0mThis is a error message from thread 2518-09-2026 00:29:34 [38;5;117m[DEBUG]: [0mThis is a debug message from thread 1918-09-2026 00:29:34 [38;5;117m[DEBUG]: [0mThis is a debug message from thread 2718-09-2026 00:29:34 [38;5;117m[DEBUG]: [0mThis is a debug message from thread 1718-09-2026 00:29:34 [38;5;015m[INFO]: [0mThis is a info message from thread 818-09-2026 00:29:34 [38;5;117m[DEBUG]: [0mThis is a debug message from thread 1818-09-2026 00:29:34 [38;5;009m[ERROR]: [0mThis is a error message from thread 2018-09-2026 00:29:34 [38;5;117m[DEBUG]: [0mThis is a debug message from thread 918-09-2026 00:29:34 [38;5;117m[DEBUG]: [0mThis is a debug message from thread 2518-09-2026 00:29:34 [38;5;009m[ERROR]: [0mThis is a error message from thread 1118-09-2026 00:29:34 [38;5;009m[ERROR]: [0mThis is a error message from thread 818-09-2026 00:29:34 [38;5;015m[INFO]: [0mThis is a info message from thread 2618-09-2026 00:29:34 [38;5;117m[DEBUG]: [0mThis is a debug message from thread 2818-09-2026 00:29:34 [38;5;117m[DEBUG]: [0mThis is a debug message from thread 1418-09-2026 00:29:34 [38;5;009m[ERROR]: [0mThis is a error message from thread 718-09-2026 00:29:34 [38;5;015m[INFO]: [0mThis is a info message from thread 518-09-2026 00:29:34 [38;5;117m[DEBUG]: [0mThis is a debug message from thread 2018-09-2026 00:29:34 [38;5;117m[DEBUG]: [0mThis is a debug message from thread 118-09-2026 00:29:34 [38;5;117m[DEBUG]: [0mThis is a debug message from thread 718-09-2026 00:29:34 [38;5;015m[INFO]: [0mThis is a info message from thread 618-09-2026 00:29:34 [38;5;117m[DEBUG]: [0mThis is a debug message from thread 818-09-2026 00:29:34 [38;5;015m[INFO]: [0mThis is a info message from thread 718-09-2026 00:29:34 [38;5;117m[DEBUG]: [0mThis is a debug message from thread 2318-09-2026 00:29:34 [38;5;117m[DEBUG]: [0mThis is a debug message from thread 1118-09-2026 00:29:34 [38;5;015m[INFO]: [0mThis is a info message from thread 1018-09-2026 00:29:34 [38;5;009m[ERROR]: [0mThis is a error message from thread 718-09-2026 00:29:34 [38;5;015m[INFO]: [0mThis is a info message from thread 2318-09-2026 00:29:34 [38;5;015m[INFO]: [0mThis is a info message from thread 2218-09-2026 00:29:34 [38;5;015m[INFO]: [0mThis is a info message from thread 2018-09-2026 00:29:34 [38;5;015m[INFO]: [0mThis is a info message from thread 118-09-2026 00:29:34 [38;5;015m[INFO]: [0mThis is a info message from thread 1118-09-2026 00:29:34 [38;5;015m[INFO]: [0mThis is a info message from thread 2718-09-2026 00:29:34 [38;5;117m[DEBUG]: [0mThis is a debug message from thread 2418-09-2026 00:29:34 [38;5;009m[ERROR]: [0mThis is a error message from thread 2618-09-2026 00:29:34 [38;5;015m[INFO]: [0mThis is a info message from thread 1418-09-2026 00:29:34 [38;5;117m[DEBUG]: [0mThis is a debug message from thread 718-09-2026 00:29:34 [38;5;015m[INFO]: [0mThis is a info message from thread 918-09-2026 00:29:34 [38;5;009m[ERROR]: [0mThis is a error message from thread 2018-09-2026 00:29:34 [38;5;015m[INFO]: [0mThis is a info message from thread 1318-09-2026 00:29:34 [38;5;009m[ERROR]: [0mThis is a error message from thread 018-09-2026 00:29:34 [38;5;009m[ERROR]: [0mThis is a error message from thread 1118-09-2026 00:29:34 [38;5;015m[INFO]: [0mThis is a info message from thread 1818-09-2026 00:29:34 [38;5;009m[ERROR]: [0mThis is a error message from thread 1018-09-2026 00:29:34 [38;5;015m[INFO]: [0mThis is a info message from thread 1518-09-2026 00:29:34 [38;5;009m[ERROR]: [0mThis is a error message from thread 418-09-2026 00:29:34 [38;5;015m[INFO]: [0mThis is a info message from thread 2118-09-2026 00:29:34 [38;5;117m[DEBUG]: [0mThis is a debug message from thread 1118-09-2026 00:29:34 [38;5;117m[DEBUG]: [0mThis is a debug message from thread 218-09-2026 00:29:34 [38;5;015m[INFO]: [0mThis is a info message from thread 1118-09-2026 00:29:34 [38;5;117m[DEBUG]: [0mThis is a debug message from thread 1018-09-2026 00:29:34 [38;5;117m[DEBUG]: [0mThis is a debug message from thread 018-09-2026 00:29:34 [38;5;015m[INFO]: [0mThis is a info message from thread 1918-09-2026 00:29:34 [38;5;009m[ERROR]: [0mThis is a error message from thread 1518-09-2026 00:29:34 [38;5;009m[ERROR]: [0mThis is a error message from thread 2218-09-2026 00:29:34 [38;5;009m[ERROR]: [0mThis is a error message from thread 2318-09-2026 00:29:34 [38;5;015m[INFO]: [0mThis is a info message from thread 1618-09-2026 00:29:34 [38;5;009m[ERROR]: [0mThis is a error message from thread 118-09-2026 00:29:34 [38;5;015m[INFO]: [0mThis is a info message from thread 1018-09-2026 00:29:34 [38;5;015m[INFO]: [0mThis is a info message from thread 018-09-2026 00:29:34 [38;5;009m[ERROR]: [0mThis is a error message from thread 1818-09-2026 00:29:34 [38;5;117m[DEBUG]: [0mThis is a debug message from thread 2618-09-2026 00:29:34 [38;5;117m[DEBUG]: [0mThis is a debug message from thread 1818-09-2026 00:29:34 [38;5;009m[ERROR]: [0mThis is a error message from thread 1318-09-2026 00:29:34 [38;5;117m[DEBUG]: [0mThis is a debug message from thread 2318-09-2026 00:29:34 [38;5;015m[INFO]: [0mThis is a info message from thread 2618-09-2026 00:29:34 [38;5;009m[ERROR]: [0mThis is a error message from thread 1918-09-2026 00:29:34 [38;5;015m[INFO]: [0mThis is a info message from thread 718-09-2026 00:29:34 [38;5;015m[INFO]: [0mThis is a info message from thread 1718-09-2026 00:29:34 [38;5;009m[ERROR]: [0mThis is a error message from thread 1618-09-2026 00:29:34 [38;5;117m[DEBUG]: [0mThis is a debug message from thread 418-09-2026 00:29:34 [38;5;009m[ERROR]: [0mThis is a error message from thread 1218-09-2026 00:29:34 [38;5;117m[DEBUG]: [0mThis is a debug message from thread 118-09-2026 00:29:34 [38;5;117m[DEBUG]: [0mThis is a debug message from thread 1918-09-2026 00:29:34 [38;5;015m[INFO]: [0mThis is a info message from thread 218-09-2026 00:29:34 [38;5;009m[ERROR]: [0mThis is a error message from thread 2718-09-2026 00:29:34 [38;5;117m[DEBUG]: [0mThis is a debug message from thread 1218-09-2026 00:29:34 [38;5;009m[ERROR]: [0mThis is a error message from thread 218-09-2026 00:29:34 [38;5;117m[DEBUG]: [0mThis is a debug message from thread 2718-09-2026 00:29:34 [38;5;015m[INFO]: [0mThis is a info message from thread 1218-09-2026 00:29:34 [38;5;009m[ERROR]: [0mThis is a error message from thread 2918-09-2026 00:29:34 [38;5;117m[DEBUG]: [0mThis is a debug message from thread 2218-09-2026 00:29:34 [38;5;117m[DEBUG]: [0mThis is a debug message from thread 2918-09-2026 00:29:34 [38;5;009m[ERROR]: [0mThis is a error message from thread 1218-09-2026 00:29:34 [38;5;015m[INFO]: [0mThis is a info message from thread 2218-09-2026 00:29:34 [38;5;015m[INFO]: [0mThis is a info message from thread 2918-09-2026 00:29:34 [38;5;117m[DEBUG]: [0mThis is a debug message from thread 1218-09-2026 00:29:34 [38;5;015m[INFO]: [0mThis is a info message from thread 2718-09-2026 00:29:34 [38;5;117m[DEBUG]: [0mThis is a debug message from thread 2018-09-2026 00:29:34 [38;5;117m[DEBUG]: [0mThis is a debug message from thread 218-09-2026 00:29:34 [38;5;009m[ERROR]: [0mThis is a error message from thread 2718-09-2026 00:29:34 [38;5;015m[INFO]: [0mThis is a info message from thread 2018-09-2026 00:29:34 [38;5;117m[DEBUG]: [0mThis is a debug message from thread 2718-09-2026 00:29:34 [38;5;009m[ERROR]: [0mThis is a error message from thread 2218-09-2026 00:29:34 [38;5;009m[ERROR]: [0mThis is a error message from thread 518-09-2026 00:29:34 [38;5;009m[ERROR]: [0mThis is a error message from thread 2918-09-2026 00:29:34 [38;5;015m[INFO]: [0mThis is a info message from thread 1818-09-2026 00:29:34 [38;5;117m[DEBUG]: [0mThis is a debug message from thread 2218-09-2026 00:29:34 [38;5;117m[DEBUG]: [0mThis is a debug message from thread 2918-09-2026 00:29:34 [38;5;015m[INFO]: [0mThis is a info message from thread 218-09-2026 00:29:34 [38;5;015m[INFO]: [0mThis is a info message from thread 2918-09-2026 00:29:34 [38;5;009m[ERROR]: [0mThis is a error message from thread 018-09-2026 00:29:34 [38;5;015m[INFO]: [0mThis is a info message from thread 2318-09-2026 00:29:34 [38;5;009m[ERROR]: [0mThis is a error message from thread 2018-09-2026 00:29:34 [38;5;015m[INFO]: [0mThis is a info message from thread 2218-09-2026 00:29:34 [38;5;117m[DEBUG]: [0mThis is a debug message from thread 1318-09-2026 00:29:34 [38;5;009m[ERROR]: [0mThis is a error message from thread 1418-09-2026 00:29:34 [38;5;009m[ERROR]: [0mThis is a error message from thread 218-09-2026 00:29:34 [38;5;009m[ERROR]: [0mThis is a error message from thread 618-09-2026 00:29:34 [38;5;009m[ERROR]: [0mThis is a error message from thread 2118-09-2026 00:29:34 [38;5;009m[ERROR]: [0mThis is a error message from thread 1818-09-2026 00:29:34 [38;5;015m[INFO]: [0mThis is a info message from thread 1918-09-2026 00:29:34 [38;5;015m[INFO]: [0mThis is a info message from thread 1318-09-2026 00:29:34 [38;5;117m[DEBUG]: [0mThis is a debug message from thread 518-09-2026 00:29:34 [38;5;117m[DEBUG]: [0mThis is a debug message from thread 1618-09-2026 00:29:34 [38;5;009m[ERROR]: [0mThis is a error message from thread 1318-09-2026 00:29:34 [38;5;015m[INFO]: [0mThis is a info message from thread 318-09-2026 00:29:34 [38;5;015m[INFO]: [0mThis is a info message from thread 2718-09-2026 00:29:34 [38;5;015m[INFO]: [0mThis is a info message from thread 1618-09-2026 00:29:34 [38;5;009m[ERROR]: [0mThis is a error message from thread 2718-09-2026 00:29:34 [38;5;009m[ERROR]: [0mThis is a error message from thread 318-09-2026 00:29:34 [38;5;117m[DEBUG]: [0mThis is a debug message from thread 618-09-2026 00:29:34 [38;5;015m[INFO]: [0mThis is a info message from thread 2518-09-2026 00:29:34 [38;5;117m[DEBUG]: [0mThis is a debug message from thread 318-09-2026 00:29:34 [38;5;009m[ERROR]: [0mThis is a error message from thread 2918-09-2026 00:29:34 [38;5;015m[INFO]: [0mThis is a info message from thread 418-09-2026 00:29:34 [38;5;015m[INFO]: [0mThis is a info message from thread 318-09-2026 00:29:34 [38;5;117m[DEBUG]: [0mThis is a debug message from thread 2918-09-2026 00:29:34 [38;5;009m[ERROR]: [0mThis is a error message from thread 418-09-2026 00:29:34 [38;5;015m[INFO]: [0mThis is a info message from thread 2918-09-2026 00:29:34 [38;5;009m[ERROR]: [0mThis is a error message from thread 1918-09-2026 00:29:34 [38;5;117m[DEBUG]: [0mThis is a debug message from thread 218-09-2026 00:29:34 [38;5;009m[ERROR]: [0mThis is a error message from thread 1718-09-2026 00:29:34 [38;5;009m[ERROR]: [0mThis is a error message from thread 2918-09-2026 00:29:34 [38;5;117m[DEBUG]: [0mThis is a debug message from thread 1818-09-2026 00:29:34 [38;5;117m[DEBUG]: [0mThis is a debug message from thread 1718-09-2026 00:29:34 [38;5;009m[ERROR]: [0mThis is a error message from thread 1618-09-2026 00:29:34 [38;5;117m[DEBUG]: [0mThis is a debug message from thread 418-09-2026 00:29:34 [38;5;009m[ERROR]: [0mThis is a error message from thread 318-09-2026 00:29:34 [38;5;117m[DEBUG]: [0mThis is a debug message from thread 2918-09-2026 00:29:34 [38;5;117m[DEBUG]: [0mThis is a debug message from thread 2018-09-2026 00:29:34 [38;5;117m[DEBUG]: [0mThis is a debug message from thread 1918-09-2026 00:29:34 [38;5;009m[ERROR]: [0mThis is a error message from thread 2618-09-2026 00:29:34 [38;5;009m[ERROR]: [0mThis is a error message from thread 1118-09-2026 00:29:34 [38;5;009m[ERROR]: [0mThis is a error message from thread 2518-09-2026 00:29:34 [38;5;009m[ERROR]: [0mThis is a error message from thread 2318-09-2026 00:29:34 [38;5;015m[INFO]: [0mThis is a info message from thread 1818-09-2026 00:29:34 [38;5;117m[DEBUG]: [0mThis is a debug message from thread 1518-09-2026 00:29:34 [38;5;015m[INFO]: [0mThis is a info message from thread 2418-09-2026 00:29:34 [38;5;117m[DEBUG]: [0mThis is a debug message from thread 1618-09-2026 00:29:34 [38;5;015m[INFO]: [0mThis is a info message from thread 2818-09-2026 00:29:34 [38;5;117m[DEBUG]: [0mThis is a debug message from thread 2618-09-2026 00:29:34 [38;5;009m[ERROR]: [0mThis is a error message from thread 918-09-2026 00:29:34 [38;5;015m[INFO]: [0mThis is a info message from thread 1718-09-2026 00:29:34 [38;5;009m[ERROR]: [0mThis is a error message from thread 1018-09-2026 00:29:34 [38;5;015m[INFO]: [0mThis is a info message from thread 818-09-2026 00:29:34 [38;5;117m[DEBUG]: [0mThis is a debug message from thread 1318-09-2026 00:29:34 [38;5;015m[INFO]: [0mThis is a info message from thread 1918-09-2026 00:29:34 [38;5;015m[INFO]: [0mThis is a info message from thread 118-09-2026 00:29:34 [38;5;009m[ERROR]: [0mThis is a error message from thread 1718-09-2026 00:29:34 [38;5;009m[ERROR]: [0mThis is a error message from thread 1818-09-2026 00:29:34 [38;5;117m[DEBUG]: [0mThis is a debug message from thread 2518-09-2026 00:29:34 [38;5;015m[INFO]: [0mThis is a info message from thread 218-09-2026 00:29:34 [38;5;009m[ERROR]: [0mThis is a error message from thread 2818-09-2026 00:29:34 [38;5;117m[DEBUG]: [0mThis is a debug message from thread 2318-09-2026 00:29:34 [38;5;009m[ERROR]: [0mThis is a error message from thread 718-09-2026 00:29:34 [38;5;015m[INFO]: [0mThis is a info message from thread 418-09-2026 00:29:34 [38;5;015m[INFO]: [0mThis is a info message from thread 518-09-2026 00:29:34 [38;5;015m[INFO]: [0mThis is a info message from thread 2018-09-2026 00:29:34 [38;5;117m[DEBUG]: [0mThis is a debug message from thread 918-09-2026 00:29:34 [38;5;009m[ERROR]: [0mThis is a error message from thread 818-09-2026 00:29:34 [38;5;015m[INFO]: [0mThis is a info message from thread 2518-09-2026 00:29:34 [38;5;015m[INFO]: [0mThis is a info message from thread 918-09-2026 00:29:34 [38;5;015m[INFO]: [0mThis is a info message from thread 2618-09-2026 00:29:34 [38;5;117m[DEBUG]: [0mThis is a debug message from thread 1118-09-2026 00:29:34 [38;5;009m[ERROR]: [0mThis is a error message from thread 2418-09-2026 00:29:34 [38;5;117m[DEBUG]: [0mThis is a debug message from thread 1018-09-2026 00:29:34 [38;5;117m[DEBUG]: [0mThis is a debug message from thread 818-09-2026 00:29:34 [38;5;009m[ERROR]: [0mThis is a error message from thread 918-09-2026 00:29:34 [38;5;009m[ERROR]: [0mThis is a error message from thread 2018-09-2026 00:29:34 [38;5;015m[INFO]: [0mThis is a info message from thread 2918-09-2026 00:29:34 [38;5;009m[ERROR]: [0mThis is a error message from thread 518-09-2026 00:29:34 [38;5;009m[ERROR]: [0mThis is a error message from thread 418-09-2026 00:29:34 [38;5;117m[DEBUG]: [0mThis is a debug message from thread 718-09-2026 00:29:34 [38;5;009m[ERROR]: [0mThis is a error message from thread 218-09-2026 00:29:34 [38;5;009m[ERROR]: [0mThis is a error message from thread 2618-09-2026 00:29:34 [38;5;015m[INFO]: [0mThis is a info message from thread 818-09-2026 00:29:34 [38;5;015m[INFO]: [0mThis is a info message from thread 718-09-2026 00:29:34 [38;5;015m[INFO]: [0mThis is a info message from thread 1318-09-2026 00:29:34 [38;5;117m[DEBUG]: [0mThis is a debug message from thread 518-09-2026 00:29:34 [38;5;009m[ERROR]: [0mThis is a error message from thread 2918-09-2026 00:29:34 [38;5;117m[DEBUG]: [0mThis is a debug message from thread 218-09-2026 00:29:34 [38;5;015m[INFO]: [0mThis is a info message from thread 1218-09-2026 00:29:34 [38;5;117m[DEBUG]: [0mThis is a debug message from thread 918-09-2026 00:29:34 [38;5;117m[DEBUG]: [0mThis is a debug message from thread 418-09-2026 00:29:34 [38;5;009m[ERROR]: [0mThis is a error message from thread 818-09-2026 00:29:34 [38;5;015m[INFO]: [0mThis is a info message from thread 518-09-2026 00:29:34 [38;5;009m[ERROR]: [0mThis is a error message from thread 1318-09-2026 00:29:34 [38;5;015m[INFO]: [0mThis is a info message from thread 418-09-2026 00:29:34 [38;5;117m[DEBUG]: [0mThis is a debug message from thread 2418-09-2026 00:29:34 [38;5;015m[INFO]: [0mThis is a info message from thread 1618-09-2026 00:29:34 [38;5;117m[DEBUG]: [0mThis is a debug message from thread 2618-09-2026 00:29:34 [38;5;117m[DEBUG]: [0mThis is a debug message from thread 818-09-2026 00:29:34 [38;5;015m[INFO]: [0mThis is a info message from thread 1118-09-2026 00:29:34 [38;5;117m[DEBUG]: [0mThis is a debug message from thread 1318-09-2026 00:29:34 [38;5;117m[DEBUG]: [0mThis is a debug message from thread 1818-09-2026 00:29:34 [38;5;117m[DEBUG]: [0mThis is a debug message from thread 318-09-2026 00:29:34 [38;5;009m[ERROR]: [0mThis is a error message from thread 1918-09-2026 00:29:34 [38;5;009m[ERROR]: [0mThis is a error message from thread 1618-09-2026 00:29:34 [38;5;009m[ERROR]: [0mThis is a error message from thread 2518-09-2026 00:29:34 [38;5;009m[ERROR]: [0mThis is a error message from thread 1218-09-2026 00:29:34 [38;5;015m[INFO]: [0mThis is a info message from thread 1018-09-2026 00:29:34 [38;5;117m[DEBUG]: [0mThis is a debug message from thread 2018-09-2026 00:29:34 [38;5;015m[INFO]: [0mThis is a info message from thread 218-09-2026 00:29:34 [38;5;009m[ERROR]: [0mThis is a error message from thread 118-09-2026 00:29:34 [38;5;009m[ERROR]: [0mThis is a error message from thread 218-09-2026 00:29:34 [38;5;015m[INFO]: [0mThis is a info message from thread 2418-09-2026 00:29:34 [38;5;117m[DEBUG]: [0mThis is a debug message from thread 2118-09-2026 00:29:34 [38;5;117m[DEBUG]: [0mThis is a debug message from thread 2918-09-2026 00:29:34 [38;5;015m[INFO]: [0mThis is a info message from thread 918-09-2026 00:29:34 [38;5;015m[INFO]: [0mThis is a info message from thread 2018-09-2026 00:29:34 [38;5;009m[ERROR]: [0mThis is a error message from thread 718-09-2026 00:29:34 [38;5;117m[DEBUG]: [0mThis is a debug message from thread 2718-09-2026 00:29:34 [38;5;015m[INFO]: [0mThis is a info message from thread 1518-09-2026 00:29:34 [38;5;009m[ERROR]: [0mThis is a error message from thread 2018-09-2026 00:29:34 [38;5;009m[ERROR]: [0mThis is a error message from thread 418-09-2026 00:29:34 [38;5;117m[DEBUG]: [0mThis is a debug message from thread 2018-09-2026 00:29:34 [38;5;009m[ERROR]: [0mThis is a error message from thread 1518-09-2026 00:29:34 [38;5;015m[INFO]: [0mThis is a info message from thread 2718-09-2026 00:29:34 [38;5;015m[INFO]: [0mThis is a info message from thread 2918-09-2026 00:29:34 [38;5;009m[ERROR]: [0mThis is a error message from thread 2718-09-2026 00:29:34 [38;5;117m[DEBUG]: [0mThis is a debug message from thread 1218-09-2026 00:29:34 [38;5;015m[INFO]: [0mThis is a info message from thread 2018-09-2026 00:29:34 [38;5;117m[DEBUG]: [0mThis is a debug message from thread 1518-09-2026 00:29:34 [38;5;015m[INFO]: [0mThis is a info message from thread 1518-09-2026 00:29:34 [38;5;117m[DEBUG]: [0mThis is a debug message from thread 2718-09-2026 00:29:34 [38;5;117m[DEBUG]: [0mThis is a debug message from thread 118-09-2026 00:29:34 [38;5;009m[ERROR]: [0mThis is a error message from thread 2418-09-2026 00:29:34 [38;5;009m[ERROR]: [0mThis is a error message from thread 2918-09-2026 00:29:34 [38;5;015m[INFO]: [0mThis is a info message from thread 1818-09-2026 00:29:34 [38;5;117m[DEBUG]: [0mThis is a debug message from thread 2418-09-2026 00:29:34 [38;5;117m[DEBUG]: [0mThis is a debug message from thread 2918-09-2026 00:29:34 [38;5;009m[ERROR]: [0mThis is a error message from thread 518-09-2026 00:29:34 [38;5;015m[INFO]: [0mThis is a info message from thread 1218-09-2026 00:29:34 [38;5;117m[DEBUG]: [0mThis is a debug message from thread 018-09-2026 00:29:34 [38;5;015m[INFO]: [0mThis is a info message from thread 2718-09-2026 00:29:34 [38;5;117m[DEBUG]: [0mThis is a debug message from thread 518-09-2026 00:29:34 [38;5;015m[INFO]: [0mThis is a info message from thread 018-09-2026 00:29:34 [38;5;015m[INFO]: [0mThis is a info message from thread 118-09-2026 00:29:34 [38;5;117m[DEBUG]: [0mThis is a debug message from thread 418-09-2026 00:29:34 [38;5;009m[ERROR]: [0mThis is a error message from thread 1218-09-2026 00:29:34 [38;5;015m[INFO]: [0mThis is a info message from thread 2618-09-2026 00:29:34 [38;5;015m[INFO]: [0mThis is a info message from thread 1318-09-2026 00:29:34 [38;5;009m[ERROR]: [0mThis is a error message from thread 118-09-2026 00:29:34 [38;5;009m[ERROR]: [0mThis is a error message from thread 2718-09-2026 00:29:34 [38;5;015m[INFO]: [0mThis is a info message from thread 2418-09-2026 00:29:34 [38;5;117m[DEBUG]: [0mThis is a debug message from thread 1618-09-2026 00:29:34 [38;5;009m[ERROR]: [0mThis is a error message from thread 1118-09-2026 00:29:34 [38;5;117m[DEBUG]: [0mThis is a debug message from thread 218-09-2026 00:29:34 [38;5;009m[ERROR]: [0mThis is a error message from thread 1818-09-2026 00:29:34 [38;5;117m[DEBUG]: [0mThis is a debug message from thread 2818-09-2026 00:29:34 [38;5;117m[DEBUG]: [0mThis is a debug message from thread 1818-09-2026 00:29:34 [38;5;009m[ERROR]: [0mThis is a error message from thread 2218-09-2026 00:29:34 [38;5;015m[INFO]: [0mThis is a info message from thread 2318-09-2026 00:29:34 [38;5;015m[INFO]: [0mThis is a info message from thread 518-09-2026 00:29:34 [38;5;117m[DEBUG]: [0mThis is a debug message from thread 1418-09-2026 00:29:34 [38;5;117m[DEBUG]: [0mThis is a debug message from thread 118-09-2026 00:29:34 [38;5;009m[ERROR]: [0mThis is a error message from thread 018-09-2026 00:29:34 [38;5;117m[DEBUG]: [0mThis is a debug message from thread 1718-09-2026 00:29:34 [38;5;117m[DEBUG]: [0mThis is a debug message from thread 1918-09-2026 00:29:34 [38;5;015m[INFO]: [0mThis is a info message from thread 318-09-2026 00:29:34 [38;5;009m[ERROR]: [0mThis is a error message from thread 2018-09-2026 00:29:34 [38;5;015m[INFO]: [0mThis is a info message from thread 818-09-2026 00:29:34 [38;5;009m[ERROR]: [0mThis is a error message from thread 318-09-2026 00:29:34 [38;5;117m[DEBUG]: [0mThis is a debug message from thread 2718-09-2026 00:29:34 [38;5;117m[DEBUG]: [0mThis is a debug message from thread 2218-09-2026 00:29:34 [38;5;015m[INFO]: [0mThis is a info message from thread 2818-09-2026 00:29:34 [38;5;117m[DEBUG]: [0mThis is a debug message from thread 018-09-2026 00:29:34 [38;5;015m[INFO]: [0mThis is a info message from thread 1718-09-2026 00:29:34 [38;5;117m[DEBUG]: [0mThis is a debug message from thread 318-09-2026 00:29:34 [38;5;117m[DEBUG]: [0mThis is a debug message from thread 718-09-2026 00:29:34 [38;5;015m[INFO]: [0mThis is a info message from thread 2118-09-2026 00:29:34 [38;5;015m[INFO]: [0mThis is a info message from thread 718-09-2026 00:29:34 [38;5;009m[ERROR]: [0mThis is a error message from thread 1518-09-2026 00:29:34 [38;5;015m[INFO]: [0mThis is a info message from thread 018-09-2026 00:29:34 [38;5;015m[INFO]: [0mThis is a info message from thread 1818-09-2026 00:29:34 [38;5;009m[ERROR]: [0mThis is a error message from thread 818-09-2026 00:29:34 [38;5;015m[INFO]: [0mThis is a info message from thread 2718-09-2026 00:29:34 [38;5;015m[INFO]: [0mThis is a info message from thread 318-09-2026 00:29:34 [38;5;009m[ERROR]: [0mThis is a error message from thread 1718-09-2026 00:29:34 [38;5;009m[ERROR]: [0mThis is a error message from thread 718-09-2026 00:29:34 [38;5;009m[ERROR]: [0mThis is a error message from thread 2118-09-2026 00:29:34 [38;5;117m[DEBUG]: [0mThis is a debug message from thread 2118-09-2026 00:29:34 [38;5;009m[ERROR]: [0mThis is a error message from thread 1818-09-2026 00:29:34 [38;5;117m[DEBUG]: [0mThis is a debug message from thread 718-09-2026 00:29:34 [38;5;117m[DEBUG]: [0mThis is a debug message from thread 1718-09-2026 00:29:34 [38;5;117m[DEBUG]: [0mThis is a debug message from thread 1518-09-2026 00:29:34 [38;5;015m[INFO]: [0mThis is a info message from thread 718-09-2026 00:29:34 [38;5;009m[ERROR]: [0mThis is a error message from thread 918-09-2026 00:29:34 [38;5;015m[INFO]: [0mThis is a info message from thread 1618-09-2026 00:29:34 [38;5;117m[DEBUG]: [0mThis is a debug message from thread 818-09-2026 00:29:34 [38;5;009m[ERROR]: [0mThis is a error message from thread 2718-09-2026 00:29:34 [38;5;015m[INFO]: [0mThis is a info message from thread 1718-09-2026 00:29:34 [38;5;015m[INFO]: [0mThis is a info message from thread 1518-09-2026 00:29:34 [38;5;015m[INFO]: [0mThis is a info message from thread 2118-09-2026 00:29:34 [38;5;009m[ERROR]: [0mThis is a error message from thread 518-09-2026 00:29:34 [38;5;117m[DEBUG]: [0mThis is a debug message from thread 1118-09-2026 00:29:34 [38;5;117m[DEBUG]: [0mThis is a debug message from thread 2718-09-2026 00:29:34 [38;5;009m[ERROR]: [0mThis is a error message from thread 2618-09-2026 00:29:34 [38;5;009m[ERROR]: [0mThis is a error message from thread 018-09-2026 00:29:34 [38;5;015m[INFO]: [0mThis is a info message from thread 1918-09-2026 00:29:34 [38;5;117m[DEBUG]: [0mThis is a debug message from thread 2518-09-2026 00:29:34 [38;5;015m[INFO]: [0mThis is a info message from thread 2218-09-2026 00:29:34 [38;5;117m[DEBUG]: [0mThis is a debug message from thread 518-09-2026 00:29:34 [38;5;015m[INFO]: [0mThis is a info message from thread 2718-09-2026 00:29:34 [38;5;015m[INFO]: [0mThis is a info message from thread 218-09-2026 00:29:34 [38;5;117m[DEBUG]: [0mThis is a debug message from thread 918-09-2026 00:29:34 [38;5;009m[ERROR]: [0mThis is a error message from thread 1518-09-2026 00:29:34 [38;5;015m[INFO]: [0mThis is a info message from thread 918-09-2026 00:29:34 [38;5;015m[INFO]: [0mThis is a info message from thread 118-09-2026 00:29:34 [38;5;015m[INFO]: [0mThis is a info message from thread 518-09-2026 00:29:34 [38;5;009m[ERROR]: [0mThis is a error message from thread 2718-09-2026 00:29:34 [38;5;009m[ERROR]: [0mThis is a error message from thread 1618-09-2026 00:29:34 [38;5;015m[INFO]: [0mThis is a info message from thread 1418-09-2026 00:29:34 [38;5;117m[DEBUG]: [0mThis is a debug message from thread 2618-09-2026 00:29:34 [38;5;015m[INFO]: [0mThis is a info message from thread 2918-09-2026 00:29:34 [38;5;015m[INFO]: [0mThis is a info message from thread 2518-09-2026 00:29:34 [38;5;015m[INFO]: [0mThis is a info message from thread 818-09-2026 00:29:34 [38;5;009m[ERROR]: [0mThis is a error message from thread 818-09-2026 00:29:34 [38;5;117m[DEBUG]: [0mThis is a debug message from thread 1518-09-2026 00:29:34 [38;5;009m[ERROR]: [0mThis is a error message from thread 218-09-2026 00:29:34 [38;5;117m[DEBUG]: [0mThis is a debug message from thread 2718-09-2026 00:29:34 [38;5;117m[DEBUG]: [0mThis is a debug message from thread 2018-09-2026 00:29:34 [38;5;009m[ERROR]: [0mThis is a error message from thread 2218-09-2026 00:29:34 [38;5;009m[ERROR]: [0mThis is a error message from thread 1318-09-2026 00:29:34 [38;5;009m[ERROR]: [0mThis is a error message from thread 718-09-2026 00:29:34 [38;5;015m[INFO]: [0mThis is a info message from thread 418-09-2026 00:29:34 [38;5;009m[ERROR]: [0mThis is a error message from thread 1918-09-2026 00:29:34 [38;5;117m[DEBUG]: [0mThis is a debug message from thread 818-09-2026 00:29:34 [38;5;117m[DEBUG]: [0mThis is a debug message from thread 1218-09-2026 00:29:34 [38;5;009m[ERROR]: [0mThis is a error message from thread 418-09-2026 00:29:34 [38;5;117m[DEBUG]: [0mThis is a debug message from thread 1818-09-2026 00:29:34 [38;5;015m[INFO]: [0mThis is a info message from thread 2718-09-2026 00:29:34 [38;5;015m[INFO]: [0mThis is a info message from thread 2018-09-2026 00:29:34 [38;5;009m[ERROR]: [0mThis is a error message from thread 918-09-2026 00:29:34 [38;5;117m[DEBUG]: [0mThis is a debug message from thread 218-09-2026 00:29:34 [38;5;009m[ERROR]: [0mThis is a error message from thread 2018-09-2026 00:29:34 [38;5;015m[INFO]: [0mThis is a info message from thread 618-09-2026 00:29:34 [38;5;009m[ERROR]: [0mThis is a error message from thread 2318-09-2026 00:29:34 [38;5;117m[DEBUG]: [0mThis is a debug message from thread 718-09-2026 00:29:34 [38;5;015m[INFO]: [0mThis is a info message from thread 1818-09-2026 00:29:34 [38;5;117m[DEBUG]: [0mThis is a debug message from thread 2018-09-2026 00:29:34 [38;5;015m[INFO]: [0mThis is a info message from thread 218-09-2026 00:29:34 [38;5;015m[INFO]: [0mThis is a info message from thread 1218-09-2026 00:29:34 [38;5;117m[DEBUG]: [0mThis is a debug message from thread 1618-09-2026 00:29:34 [38;5;015m[INFO]: [0mThis is a info message from thread 2618-09-2026 00:29:34 [38;5;009m[ERROR]: [0mThis is a error message from thread 2918-09-2026 00:29:34 [38;5;009m[ERROR]: [0mThis is a error message from thread 2618-09-2026 00:29:34 [38;5;117m[DEBUG]: [0mThis is a debug message from thread 018-09-2026 00:29:34 [38;5;015m[INFO]: [0mThis is a info message from thread 1618-09-2026 00:29:34 [38;5;015m[INFO]: [0mThis is a info message from thread 718-09-2026 00:29:34 [38;5;009m[ERROR]: [0mThis is a error message from thread 1018-09-2026 00:29:34 [38;5;009m[ERROR]: [0mThis is a error message from thread 1618-09-2026 00:29:34 [38;5;009m[ERROR]: [0mThis is a error message from thread 2718-09-2026 00:29:34 [38;5;009m[ERROR]: [0mThis is a error message from thread 618-09-2026 00:29:34 [38;5;009m[ERROR]: [0mThis is a error message from thread 1418-09-2026 00:29:34 [38;5;117m[DEBUG]: [0mThis is a debug message from thread 2918-09-2026 00:29:34 [38;5;117m[DEBUG]: [0mThis is a debug message from thread 2218-09-2026 00:29:34 [38;5;117m[DEBUG]: [0mThis is a debug message from thread 1418-09-2026 00:29:34 [38;5;009m[ERROR]: [0mThis is a error message from thread 218-09-2026 00:29:34 [38;5;117m[DEBUG]: [0mThis is a debug message from thread 1318-09-2026 00:29:34 [38;5;117m[DEBUG]: [0mThis is a debug message from thread 918-09-2026 00:29:34 [38;5;015m[INFO]: [0mThis is a info message from thread 818-09-2026 00:29:34 [38;5;009m[ERROR]: [0mThis is a error message from thread 2818-09-2026 00:29:34 [38;5;015m[INFO]: [0mThis is a info message from thread 1118-09-2026 00:29:34 [38;5;015m[INFO]: [0mThis is a info message from thread 2918-09-2026 00:29:34 [38;5;015m[INFO]: [0mThis is a info message from thread 1418-09-2026 00:29:34 [38;5;015m[INFO]: [0mThis is a info message from thread 2218-09-2026 00:29:34 [38;5;117m[DEBUG]: [0mThis is a debug message from thread 2318-09-2026 00:29:34 [38;5;117m[DEBUG]: [0mThis is a debug message from thread 2818-09-2026 00:29:34 [38;5;015m[INFO]: [0mThis is a info message from thread 918-09-2026 00:29:34 [38;5;009m[ERROR]: [0mThis is a error message from thread 1718-09-2026 00:29:34 [38;5;009m[ERROR]: [0mThis is a error message from thread 318-09-2026 00:29:34 [38;5;009m[ERROR]: [0mThis is a error message from thread 2218-09-2026 00:29:34 [38;5;009m[ERROR]: [0mThis is a error message from thread 1118-09-2026 00:29:34 [38;5;009m[ERROR]: [0mThis is a error message from thread 1818-09-2026 00:29:34 [38;5;009m[ERROR]: [0mThis is a error message from thread 518-09-2026 00:29:34 [38;5;009m[ERROR]: [0mThis is a error message from thread 918-09-2026 00:29:34 [38;5;009m[ERROR]: [0mThis is a error message from thread 2418-09-2026 00:29:34 [38;5;009m[ERROR]: [0mThis is a error message from thread 1218-09-2026 00:29:34 [38;5;117m[DEBUG]: [0mThis is a debug message from thread 2218-09-2026 00:29:34 [38;5;117m[DEBUG]: [0mThis is a debug message from thread 1018-09-2026 00:29:34 [38;5;117m[DEBUG]: [0mThis is a debug message from thread 918-09-2026 00:29:34 [38;5;117m[DEBUG]: [0mThis is a debug message from thread 518-09-2026 00:29:34 [38;5;117m[DEBUG]: [0mThis is a debug message from thread 618-09-2026 00:29:34 [38;5;015m[INFO]: [0mThis is a info message from thread 918-09-2026 00:29:34 [38;5;015m[INFO]: [0mThis is a info message from thread 518-09-2026 00:29:34 [38;5;009m[ERROR]: [0mThis is a error message from thread 918-09-2026 00:29:34 [38;5;009m[ERROR]: [0mThis is a error message from thread 518-09-2026 00:29:34 [38;5;009m[ERROR]: [0mThis is a error message from thread 2118-09-2026 00:29:34 [38;5;015m[INFO]: [0mThis is a info message from thread 618-09-2026 00:29:34 [38;5;117m[DEBUG]: [0mThis is a debug message from thread 518-09-2026 00:29:34 [38;5;117m[DEBUG]: [0mThis is a debug message from thread 2718-09-2026 00:29:34 [38;5;009m[ERROR]: [0mThis is a error message from thread 618-09-2026 00:29:34 [38;5;015m[INFO]: [0mThis is a info message from thread 518-09-2026 00:29:34 [38;5;015m[INFO]: [0mThis is a info message from thread 1318-09-2026 00:29:34 [38;5;009m[ERROR]: [0mThis is a error message from thread 818-09-2026 00:29:34 [38;5;117m[DEBUG]: [0mThis is a debug message from thread 618-09-2026 00:29:34 [38;5;009m[ERROR]: [0mThis is a error message from thread 518-09-2026 00:29:34 [38;5;009m[ERROR]: [0mThis is a error message from thread 118-09-2026 00:29:34 [38;5;117m[DEBUG]: [0mThis is a debug message from thread 318-09-2026 00:29:34 [38;5;015m[INFO]: [0mThis is a info message from thread 618-09-2026 00:29:34 [38;5;015m[INFO]: [0mThis is a info message from thread 318-09-2026 00:29:34 [38;5;117m[DEBUG]: [0mThis is a debug message from thread 2618-09-2026 00:29:34 [38;5;117m[DEBUG]: [0mThis is a debug message from thread 1118-09-2026 00:29:34 [38;5;117m[DEBUG]: [0mThis is a debug message from thread 1218-09-2026 00:29:34 [38;5;117m[DEBUG]: [0mThis is a debug message from thread 518-09-2026 00:29:34 [38;5;117m[DEBUG]: [0mThis is a debug message from thread 1918-09-2026 00:29:34 [38;5;015m[INFO]: [0mThis is a info message from thread 1218-09-2026 00:29:34 [38;5;009m[ERROR]: [0mThis is a error message from thread 2518-09-2026 00:29:34 [38;5;009m[ERROR]: [0mThis is a error message from thread 318-09-2026 00:29:34 [38;5;015m[INFO]: [0mThis is a info message from thread 1918-09-2026 00:29:34 [38;5;117m[DEBUG]: [0mThis is a debug message from thread 418-09-2026 00:29:34 [38;5;009m[ERROR]: [0mThis is a error message from thread 1418-09-2026 00:29:34 [38;5;117m[DEBUG]: [0mThis is a debug message from thread 318-09-2026 00:29:34 [38;5;015m[INFO]: [0mThis is a info message from thread 1518-09-2026 00:29:34 [38;5;015m[INFO]: [0mThis is a info message from thread 2818-09-2026 00:29:34 [38;5;015m[INFO]: [0mThis is a info message from thread 318-09-2026 00:29:34 [38;5;117m[DEBUG]: [0mThis is a debug message from thread 1418-09-2026 00:29:34 [38;5;015m[INFO]: [0mThis is a info message from thread 418-09-2026 00:29:34 [38;5;009m[ERROR]: [0mThis is a error message from thread 2818-09-2026 00:29:34 [38;5;117m[DEBUG]: [0mThis is a debug message from thread 1718-09-2026 00:29:34 [38;5;009m[ERROR]: [0mThis is a error message from thread 2918-09-2026 00:29:34 [38;5;117m[DEBUG]: [0mThis is a debug message from thread 118-09-2026 00:29:34 [38;5;015m[INFO]: [0mThis is a info message from thread 2718-09-2026 00:29:34 [38;5;117m[DEBUG]: [0mThis is a debug message from thread 2918-09-2026 00:29:34 [38;5;015m[INFO]: [0mThis is a info message from thread 118-09-2026 00:29:34 [38;5;015m[INFO]: [0mThis is a info message from thread 2918-09-2026 00:29:34 [38;5;009m[ERROR]: [0mThis is a error message from thread 2718-09-2026 00:29:34 [38;5;009m[ERROR]: [0mThis is a error message from thread 118-09-2026 00:29:34 [38;5;015m[INFO]: [0mThis is a info message from thread 1718-09-2026 00:29:34 [38;5;117m[DEBUG]: [0mThis is a debug message from thread 2718-09-2026 00:29:34 [38;5;009m[ERROR]: [0mThis is a error message from thread 2918-09-2026 00:29:34 [38;5;117m[DEBUG]: [0mThis is a debug message from thread 118-09-2026 00:29:34 [38;5;015m[INFO]: [0mThis is a info message from thread 2718-09-2026 00:29:34 [38;5;009m[ERROR]: [0mThis is a error message from thread 2718-09-2026 00:29:34 [38;5;015m[INFO]: [0mThis is a info message from thread 118-09-2026 00:29:34 [38;5;117m[DEBUG]: [0mThis is a debug message from thread 2718-09-2026 00:29:34 [38;5;117m[DEBUG]: [0mThis is a debug message from thread 2918-09-2026 00:29:34 [38;5;009m[ERROR]: [0mThis is a error message from thread 118-09-2026 00:29:34 [38;5;015m[INFO]: [0mThis is a info message from thread 2718-09-2026 00:29:34 [38;5;117m[DEBUG]: [0mThis is a debug message from thread 1618-09-2026 00:29:34 [38;5;015m[INFO]: [0mThis is a info message from thread 2918-09-2026 00:29:34 [38;5;009m[ERROR]: [0mThis is a error message from thread 1518-09-2026 00:29:34 [38;5;009m[ERROR]: [0mThis is a error message from thread 418-09-2026 00:29:34 [38;5;015m[INFO]: [0mThis is a info message from thread 1418-09-2026 00:29:34 [38;5;015m[INFO]: [0mThis is a info message from thread 2618-09-2026 00:29:34 [38;5;117m[DEBUG]: [0mThis is a debug message from thread 118-09-2026 00:29:34 [38;5;117m[DEBUG]: [0mThis is a debug message from thread 1818-09-2026 00:29:34 [38;5;015m[INFO]: [0mThis is a info message from thread 1118-09-2026 00:29:34 [38;5;015m[INFO]: [0mThis is a info message from thread 2318-09-2026 00:29:34 [38;5;009m[ERROR]: [0mThis is a error message from thread 2918-09-2026 00:29:34 [38;5;009m[ERROR]: [0mThis is a error message from thread 2718-09-2026 00:29:34 [38;5;117m[DEBUG]: [0mThis is a debug message from thread 818-09-2026 00:29:34 [38;5;015m[INFO]: [0mThis is a info message from thread 518-09-2026 00:29:34 [38;5;015m[INFO]: [0mThis is a info message from thread 2218-09-2026 00:29:34 [38;5;009m[ERROR]: [0mThis is a error message from thread 1218-09-2026 00:29:34 [38;5;009m[ERROR]: [0mThis is a error message from thread 1918-09-2026 00:29:34 [38;5;117m[DEBUG]: [0mThis is a debug message from thread 2418-09-2026 00:29:34 [38;5;117m[DEBUG]: [0mThis is a debug message from thread 1218-09-2026 00:29:34 [38;5;117m[DEBUG]: [0mThis is a debug message from thread 1918-09-2026 00:29:34 [38;5;009m[ERROR]: [0mThis is a error message from thread 718-09-2026 00:29:34 [38;5;009m[ERROR]: [0mThis is a error message from thread 518-09-2026 00:29:34 [38;5;117m[DEBUG]: [0mThis is a debug message from thread 2918-09-2026 00:29:34 [38;5;117m[DEBUG]: [0mThis is a debug message from thread 518-09-2026 00:29:34 [38;5;117m[DEBUG]: [0mThis is a debug message from thread 918-09-2026 00:29:34 [38;5;009m[ERROR]: [0mThis is a error message from thread 318-09-2026 00:29:34 [38;5;117m[DEBUG]: [0mThis is a debug message from thread 2118-09-2026 00:29:34 [38;5;015m[INFO]: [0mThis is a info message from thread 2418-09-2026 00:29:34 [38;5;015m[INFO]: [0mThis is a info message from thread 018-09-2026 00:29:34 [38;5;009m[ERROR]: [0mThis is a error message from thread 618-09-2026 00:29:34 [38;5;117m[DEBUG]: [0mThis is a debug message from thread 318-09-2026 00:29:34 [38;5;015m[INFO]: [0mThis is a info message from thread 1918-09-2026 00:29:34 [38;5;117m[DEBUG]: [0mThis is a debug message from thread 2518-09-2026 00:29:34 [38;5;015m[INFO]: [0mThis is a info message from thread 1218-09-2026 00:29:34 [38;5;117m[DEBUG]: [0mThis is a debug message from thread 2818-09-2026 00:29:34 [38;5;015m[INFO]: [0mThis is a info message from thread 2918-09-2026 00:29:34 [38;5;009m[ERROR]: [0mThis is a error message from thread 1118-09-2026 00:29:34 [38;5;009m[ERROR]: [0mThis is a error message from thread 1318-09-2026 00:29:34 [38;5;015m[INFO]: [0mThis is a info message from thread 2518-09-2026 00:29:34 [38;5;015m[INFO]: [0mThis is a info message from thread 2818-09-2026 00:29:34 [38;5;009m[ERROR]: [0mThis is a error message from thread 018-09-2026 00:29:34 [38;5;009m[ERROR]: [0mThis is a error message from thread 1218-09-2026 00:29:34 [38;5;117m[DEBUG]: [0mThis is a debug message from thread 1118-09-2026 00:29:34 [38;5;117m[DEBUG]: [0mThis is a debug message from thread 618-09-2026 00:29:34 [38;5;009m[ERROR]: [0mThis is a error message from thread 2318-09-2026 00:29:34 [38;5;117m[DEBUG]: [0mThis is a debug message from thread 018-09-2026 00:29:34 [38;5;015m[INFO]: [0mThis is a info message from thread 518-09-2026 00:29:34 [38;5;015m[INFO]: [0mThis is a info message from thread 618-09-2026 00:29:34 [38;5;009m[ERROR]: [0mThis is a error message from thread 2518-09-2026 00:29:34 [38;5;015m[INFO]: [0mThis is a info message from thread 118-09-2026 00:29:34 [38;5;015m[INFO]: [0mThis is a info message from thread 1818-09-2026 00:29:34 [38;5;009m[ERROR]: [0mThis is a error message from thread 618-09-2026 00:29:34 [38;5;009m[ERROR]: [0mThis is a error message from thread 2218-09-2026 00:29:34 [38;5;117m[DEBUG]: [0mThis is a debug message from thread 1218-09-2026 00:29:34 [38;5;117m[DEBUG]: [0mThis is a debug message from thread 1518-09-2026 00:29:34 [38;5;117m[DEBUG]: [0mThis is a debug message from thread 618-09-2026 00:29:34 [38;5;009m[ERROR]: [0mThis is a error message from thread 2918-09-2026 00:29:34 [38;5;015m[INFO]: [0mThis is a info message from thread 2018-09-2026 00:29:34 [38;5;009m[ERROR]: [0mThis is a error message from thread 1918-09-2026 00:29:34 [38;5;009m[ERROR]: [0mThis is a error message from thread 118-09-2026 00:29:34 [38;5;015m[INFO]: [0mThis is a info message from thread 018-09-2026 00:29:34 [38;5;009m[ERROR]: [0mThis is a error message from thread 2418-09-2026 00:29:34 [38;5;015m[INFO]: [0mThis is a info message from thread 318-09-2026 00:29:34 [38;5;117m[DEBUG]: [0mThis is a debug message from thread 1918-09-2026 00:29:34 [38;5;009m[ERROR]: [0mThis is a error message from thread 1718-09-2026 00:29:34 [38;5;015m[INFO]: [0mThis is a info message from thread 2118-09-2026 00:29:34 [38;5;015m[INFO]: [0mThis is a info message from thread 918-09-2026 00:29:34 [38;5;117m[DEBUG]: [0mThis is a debug message from thread 2518-09-2026 00:29:34 [38;5;117m[DEBUG]: [0mThis is a debug message from thread 1318-09-2026 00:29:34 [38;5;009m[ERROR]: [0mThis is a error message from thread 2618-09-2026 00:29:34 [38;5;117m[DEBUG]: [0mThis is a debug message from thread 2918-09-2026 00:29:34 [38;5;009m[ERROR]: [0mThis is a error message from thread 2018-09-2026 00:29:34 [38;5;009m[ERROR]: [0mThis is a error message from thread 918-09-2026 00:29:34 [38;5;117m[DEBUG]: [0mThis is a debug message from thread 2418-09-2026 00:29:34 [38;5;015m[INFO]: [0mThis is a info message from thread 1118-09-2026 00:29:34 [38;5;015m[INFO]: [0mThis is a info message from thread 1218-09-2026 00:29:34 [38;5;117m[DEBUG]: [0mThis is a debug message from thread 718-09-2026 00:29:34 [38;5;117m[DEBUG]: [0mThis is a debug message from thread 918-09-2026 00:29:34 [38;5;015m[INFO]: [0mThis is a info message from thread 2418-09-2026 00:29:34 [38;5;117m[DEBUG]: [0mThis is a debug message from thread 2618-09-2026 00:29:34 [38;5;117m[DEBUG]: [0mThis is a debug message from thread 2318-09-2026 00:29:34 [38;5;015m[INFO]: [0mThis is a info message from thread 1318-09-2026 00:29:34 [38;5;009m[ERROR]: [0mThis is a error message from thread 518-09-2026 00:29:34 [38;5;009m[ERROR]: [0mThis is a error message from thread 2418-09-2026 00:29:34 [38;5;117m[DEBUG]: [0mThis is a debug message from thread 418-09-2026 00:29:34 [38;5;009m[ERROR]: [0mThis is a error message from thread 1818-09-2026 00:29:34 [38;5;117m[DEBUG]: [0mThis is a debug message from thread 518-09-2026 00:29:34 [38;5;015m[INFO]: [0mThis is a info message from thread 918-09-2026 00:29:34 [38;5;009m[ERROR]: [0mThis is a error message from thread 1118-09-2026 00:29:34 [38;5;009m[ERROR]: [0mThis is a error message from thread 2118-09-2026 00:29:34 [38;5;117m[DEBUG]: [0mThis is a debug message from thread 2018-09-2026 00:29:34 [38;5;015m[INFO]: [0mThis is a info message from thread 2318-09-2026 00:29:34 [38;5;015m[INFO]: [0mThis is a info message from thread 2518-09-2026 00:29:34 [38;5;015m[INFO]: [0mThis is a info message from thread 518-09-2026 00:29:34 [38;5;117m[DEBUG]: [0mThis is a debug message from thread 2718-09-2026 00:29:34 [38;5;015m[INFO]: [0mThis is a info message from thread 818-09-2026 00:29:34 [38;5;009m[ERROR]: [0mThis is a error message from thread 2518-09-2026 00:29:34 [38;5;009m[ERROR]: [0mThis is a error message from thread 518-09-2026 00:29:34 [38;5;117m[DEBUG]: [0mThis is a debug message from thread 518-09-2026 00:29:34 [38;5;015m[INFO]: [0mThis is a info message from thread 418-09-2026 00:29:34 [38;5;009m[ERROR]: [0mThis is a error message from thread 1318-09-2026 00:29:34 [38;5;015m[INFO]: [0mThis is a info message from thread 1018-09-2026 00:29:34 [38;5;015m[INFO]: [0mThis is a info message from thread 2718-09-2026 00:29:34 [38;5;117m[DEBUG]: [0mThis is a debug message from thread 2518-09-2026 00:29:34 [38;5;009m[ERROR]: [0mThis is a error message from thread 2818-09-2026 00:29:34 [38;5;117m[DEBUG]: [0mThis is a debug message from thread 1318-09-2026 00:29:34 [38;5;015m[INFO]: [0mThis is a info message from thread 518-09-2026 00:29:34 [38;5;009m[ERROR]: [0mThis is a error message from thread 918-09-2026 00:29:34 [38;5;009m[ERROR]: [0mThis is a error message from thread 818-09-2026 00:29:34 [38;5;009m[ERROR]: [0mThis is a error message from thread 518-09-2026 00:29:34 [38;5;015m[INFO]: [0mThis is a info message from thread 2018-09-2026 00:29:34 [38;5;117m[DEBUG]: [0mThis is a debug message from thread 518-09-2026 00:29:34 [38;5;015m[INFO]: [0mThis is a info message from thread 518-09-2026 00:29:34 [38;5;009m[ERROR]: [0mThis is a error message from thread 418-09-2026 00:29:34 [38;5;015m[INFO]: [0mThis is a info message from thread 1618-09-2026 00:29:34 [38;5;117m[DEBUG]: [0mThis is a debug message from thread 818-09-2026 00:29:34 [38;5;009m[ERROR]: [0mThis is a error message from thread 518-09-2026 00:29:34 [38;5;009m[ERROR]: [0mThis is a error message from thread 2018-09-2026 00:29:34 [38;5;117m[DEBUG]: [0mThis is a debug message from thread 2018-09-2026 00:29:34 [38;5;117m[DEBUG]: [0mThis is a debug message from thread 1818-09-2026 00:29:34 [38;5;117m[DEBUG]: [0mThis is a debug message from thread 2818-09-2026 00:29:34 [38;5;009m[ERROR]: [0mThis is a error message from thread 2718-09-2026 00:29:34 [38;5;009m[ERROR]: [0mThis is a error message from thread 318-09-2026 00:29:34 [38;5;015m[INFO]: [0mThis is a info message from thread 2518-09-2026 00:29:34 [38;5;009m[ERROR]: [0mThis is a error message from thread 1618-09-2026 00:29:34 [38;5;015m[INFO]: [0mThis is a info message from thread 1918-09-2026 00:29:34 [38;5;117m[DEBUG]: [0mThis is a debug message from thread 318-09-2026 00:29:34 [38;5;015m[INFO]: [0mThis is a info message from thread 2818-09-2026 00:29:34 [38;5;117m[DEBUG]: [0mThis is a debug message from thread 418-09-2026 00:29:34 [38;5;117m[DEBUG]: [0mThis is a debug message from thread 1618-09-2026 00:29:34 [38;5;009m[ERROR]: [0mThis is a error message from thread 2518-09-2026 00:29:34 [38;5;117m[DEBUG]: [0mThis is a debug message from thread 518-09-2026 00:29:34 [38;5;015m[INFO]: [0mThis is a info message from thread 418-09-2026 00:29:34 [38;5;117m[DEBUG]: [0mThis is a debug message from thread 918-09-2026 00:29:34 [38;5;015m[INFO]: [0mThis is a info message from thread 518-09-2026 00:29:34 [38;5;009m[ERROR]: [0mThis is a error message from thread 018-09-2026 00:29:34 [38;5;117m[DEBUG]: [0mThis is a debug message from thread 2718-09-2026 00:29:34 [38;5;015m[INFO]: [0mThis is a info message from thread 918-09-2026 00:29:34 [38;5;009m[ERROR]: [0mThis is a error message from thread 418-09-2026 00:29:34 [38;5;015m[INFO]: [0mThis is a info message from thread 1618-09-2026 00:29:34 [38;5;117m[DEBUG]: [0mThis is a debug message from thread 2218-09-2026 00:29:34 [38;5;015m[INFO]: [0mThis is a info message from thread 2718-09-2026 00:29:34 [38;5;009m[ERROR]: [0mThis is a error message from thread 1218-09-2026 00:29:34 [38;5;015m[INFO]: [0mThis is a info message from thread 318-09-2026 00:29:34 [38;5;015m[INFO]: [0mThis is a info message from thread 618-09-2026 00:29:34 [38;5;117m[DEBUG]: [0mThis is a debug message from thread 2518-09-2026 00:29:34 [38;5;015m[INFO]: [0mThis is a info message from thread 2518-09-2026 00:29:34 [38;5;009m[ERROR]: [0mThis is a error message from thread 918-09-2026 00:29:34 [38;5;117m[DEBUG]: [0mThis is a debug message from thread 1218-09-2026 00:29:34 [38;5;117m[DEBUG]: [0mThis is a debug message from thread 1718-09-2026 00:29:34 [38;5;009m[ERROR]: [0mThis is a error message from thread 2718-09-2026 00:29:34 [38;5;015m[INFO]: [0mThis is a info message from thread 2018-09-2026 00:29:34 [38;5;009m[ERROR]: [0mThis is a error message from thread 2518-09-2026 00:29:34 [38;5;015m[INFO]: [0mThis is a info message from thread 1518-09-2026 00:29:34 [38;5;009m[ERROR]: [0mThis is a error message from thread 1918-09-2026 00:29:34 [38;5;009m[ERROR]: [0mThis is a error message from thread 318-09-2026 00:29:34 [38;5;009m[ERROR]: [0mThis is a error message from thread 1018-09-2026 00:29:34 [38;5;117m[DEBUG]: [0mThis is a debug message from thread 2118-09-2026 00:29:34 [38;5;117m[DEBUG]: [0mThis is a debug message from thread 1118-09-2026 00:29:34 [38;5;117m[DEBUG]: [0mThis is a debug message from thread 2718-09-2026 00:29:34 [38;5;015m[INFO]: [0mThis is a info message from thread 1818-09-2026 00:29:34 [38;5;117m[DEBUG]: [0mThis is a debug message from thread 118-09-2026 00:29:34 [38;5;009m[ERROR]: [0mThis is a error message from thread 1518-09-2026 00:29:34 [38;5;009m[ERROR]: [0mThis is a error message from thread 2018-09-2026 00:29:34 [38;5;117m[DEBUG]: [0mThis is a debug message from thread 2518-09-2026 00:29:34 [38;5;117m[DEBUG]: [0mThis is a debug message from thread 218-09-2026 00:29:34 [38;5;009m[ERROR]: [0mThis is a error message from thread 2318-09-2026 00:29:34 [38;5;117m[DEBUG]: [0mThis is a debug message from thread 2418-09-2026 00:29:34 [38;5;117m[DEBUG]: [0mThis is a debug message from thread 1018-09-2026 00:29:34 [38;5;015m[INFO]: [0mThis is a info message from thread 718-09-2026 00:29:34 [38;5;015m[INFO]: [0mThis is a info message from thread 818-09-2026 00:29:34 [38;5;009m[ERROR]: [0mThis is a error message from thread 2818-09-2026 00:29:34 [38;5;117m[DEBUG]: [0mThis is a debug message from thread 2018-09-2026 00:29:34 [38;5;015m[INFO]: [0mThis is a info message from thread 1018-09-2026 00:29:34 [38;5;009m[ERROR]: [0mThis is a error message from thread 618-09-2026 00:29:34 [38;5;117m[DEBUG]: [0mThis is a debug message from thread 2318-09-2026 00:29:34 [38;5;117m[DEBUG]: [0mThis is a debug message from thread 2818-09-2026 00:29:34 [38;5;009m[ERROR]: [0mThis is a error message from thread 1818-09-2026 00:29:34 [38;5;009m[ERROR]: [0mThis is a error message from thread 1618-09-2026 00:29:34 [38;5;009m[ERROR]: [0mThis is a error message from thread 518-09-2026 00:29:34 [38;5;009m[ERROR]: [0mThis is a error message from thread 1418-09-2026 00:29:34 [38;5;015m[INFO]: [0mThis is a info message from thread 2118-09-2026 00:29:34 [38;5;015m[INFO]: [0mThis is a info message from thread 1718-09-2026 00:29:34 [38;5;015m[INFO]: [0mThis is a info message from thread 118-09-2026 00:29:34 [38;5;117m[DEBUG]: [0mThis is a debug message from thread 1618-09-2026 00:29:34 [38;5;117m[DEBUG]: [0mThis is a debug message from thread 1418-09-2026 00:29:34 [38;5;117m[DEBUG]: [0mThis is a debug message from thread 418-09-2026 00:29:34 [38;5;009m[ERROR]: [0mThis is a error message from thread 1718-09-2026 00:29:34 [38;5;015m[INFO]: [0mThis is a info message from thread 418-09-2026 00:29:34 [38;5;015m[INFO]: [0mThis is a info message from thread 1618-09-2026 00:29:34 [38;5;009m[ERROR]: [0mThis is a error message from thread 418-09-2026 00:29:34 [38;5;015m[INFO]: [0mThis is a info message from thread 1218-09-2026 00:29:34 [38;5;015m[INFO]: [0mThis is a info message from thread 2618-09-2026 00:29:34 [38;5;117m[DEBUG]: [0mThis is a debug message from thread 1718-09-2026 00:29:34 [38;5;015m[INFO]: [0mThis is a info message from thread 2818-09-2026 00:29:34 [38;5;009m[ERROR]: [0mThis is a error message from thread 1618-09-2026 00:29:34 [38;5;009m[ERROR]: [0mThis is a error message from thread 818-09-2026 00:29:34 [38;5;117m[DEBUG]: [0mThis is a debug message from thread 618-09-2026 00:29:34 [38;5;117m[DEBUG]: [0mThis is a debug message from thread 1618-09-2026 00:29:34 [38;5;015m[INFO]: [0mThis is a info message from thread 1718-09-2026 00:29:34 [38;5;015m[INFO]: [0mThis is a info message from thread 2218-09-2026 00:29:34 [38;5;009m[ERROR]: [0mThis is a error message from thread 1718-09-2026 00:29:34 [38;5;015m[INFO]: [0mThis is a info message from thread 2918-09-2026 00:29:34 [38;5;015m[INFO]: [0mThis is a info message from thread 2718-09-2026 00:29:34 [38;5;009m[ERROR]: [0mThis is a error message from thread 1218-09-2026 00:29:34 [38;5;117m[DEBUG]: [0mThis is a debug message from thread 918-09-2026 00:29:34 [38;5;015m[INFO]: [0mThis is a info message from thread 1118-09-2026 00:29:34 [38;5;117m[DEBUG]: [0mThis is a debug message from thread 018-09-2026 00:29:34 [38;5;015m[INFO]: [0mThis is a info message from thread 2418-09-2026 00:29:34 [38;5;009m[ERROR]: [0mThis is a error message from thread 1118-09-2026 00:29:34 [38;5;009m[ERROR]: [0mThis is a error message from thread 2418-09-2026 00:29:34 [38;5;015m[INFO]: [0mThis is a info message from thread 918-09-2026 00:29:34 [38;5;015m[INFO]: [0mThis is a info message from thread 218-09-2026 00:29:34 [38;5;015m[INFO]: [0mThis is a info message from thread 2518-09-2026 00:29:34 [38;5;015m[INFO]: [0mThis is a info message from thread 2018-09-2026 00:29:34 [38;5;117m[DEBUG]: [0mThis is a debug message from thread 818-09-2026 00:29:34 [38;5;117m[DEBUG]: [0mThis is a debug message from thread 418-09-2026 00:29:34 [38;5;009m[ERROR]: [0mThis is a error message from thread 218-09-2026 00:29:34 [38;5;015m[INFO]: [0mThis is a info message from thread 018-09-2026 00:29:34 [38;5;117m[DEBUG]: [0mThis is a debug message from thread 218-09-2026 00:29:34 [38;5;015m[INFO]: [0mThis is a info message from thread 2318-09-2026 00:29:34 [38;5;009m[ERROR]: [0mThis is a error message from thread 2818-09-2026 00:29:34 [38;5;015m[INFO]: [0mThis is a info message from thread 818-09-2026 00:29:34 [38;5;015m[INFO]: [0mThis is a info message from thread 218-09-2026 00:29:34 [38;5;117m[DEBUG]: [0mThis is a debug message from thread 518-09-2026 00:29:34 [38;5;015m[INFO]: [0mThis is a info message from thread 518-09-2026 00:29:34 [38;5;117m[DEBUG]: [0mThis is a debug message from thread 2418-09-2026 00:29:34 [38;5;015m[INFO]: [0mThis is a info message from thread 418-09-2026 00:29:34 [38;5;009m[ERROR]: [0mThis is a error message from thread 2018-09-2026 00:29:34 [38;5;009m[ERROR]: [0mThis is a error message from thread 018-09-2026 00:29:34 [38;5;117m[DEBUG]: [0mThis is a debug message from thread 2818-09-2026 00:29:34 [38;5;009m[ERROR]: [0mThis is a error message from thread 2518-09-2026 00:29:34 [38;5;117m[DEBUG]: [0mThis is a debug message from thread 018-09-2026 00:29:34 [38;5;117m[DEBUG]: [0mThis is a debug message from thread 2018-09-2026 00:29:34 [38;5;015m[INFO]: [0mThis is a info message from thread 2818-09-2026 00:29:34 [38;5;117m[DEBUG]: [0mThis is a debug message from thread 1218-09-2026 00:29:34 [38;5;009m[ERROR]: [0mThis is a error message from thread 2818-09-2026 00:29:34 [38;5;015m[INFO]: [0mThis is a info message from thread 018-09-2026 00:29:34 [38;5;009m[ERROR]: [0mThis is a error message from thread 818-09-2026 00:29:34 [38;5;009m[ERROR]: [0mThis is a error message from thread 218-09-2026 00:29:34 [38;5;009m[ERROR]: [0mThis is a error message from thread 018-09-2026 00:29:34 [38;5;117m[DEBUG]: [0mThis is a debug message from thread 2518-09-2026 00:29:34 [38;5;015m[INFO]: [0mThis is a info message from thread 618-09-2026 00:29:34 [38;5;015m[INFO]: [0mThis is a info message from thread 1618-09-2026 00:29:34 [38;5;117m[DEBUG]: [0mThis is a debug message from thread 818-09-2026 00:29:34 [38;5;117m[DEBUG]: [0mThis is a debug message from thread 2818-09-2026 00:29:34 [38;5;015m[INFO]: [0mThis is a info message from thread 2818-09-2026 00:29:34 [38;5;117m[DEBUG]: [0mThis is a debug message from thread 018-09-2026 00:29:34 [38;5;117m[DEBUG]: [0mThis is a debug message from thread 218-09-2026 00:29:34 [38;5;117m[DEBUG]: [0mThis is a debug message from thread 1718-09-2026 00:29:34 [38;5;015m[INFO]: [0mThis is a info message from thread 218-09-2026 00:29:34 [38;5;015m[INFO]: [0mThis is a info message from thread 2018-09-2026 00:29:34 [38;5;015m[INFO]: [0mThis is a info message from thread 018-09-2026 00:29:34 [38;5;009m[ERROR]: [0mThis is a error message from thread 2818-09-2026 00:29:34 [38;5;009m[ERROR]: [0mThis is a error message from thread 018-09-2026 00:29:34 [38;5;009m[ERROR]: [0mThis is a error message from thread 418-09-2026 00:29:34 [38;5;117m[DEBUG]: [0mThis is a debug message from thread 1918-09-2026 00:29:34 [38;5;009m[ERROR]: [0mThis is a error message from thread 618-09-2026 00:29:34 [38;5;015m[INFO]: [0mThis is a info message from thread 1318-09-2026 00:29:34 [38;5;009m[ERROR]: [0mThis is a error message from thread 218-09-2026 00:29:34 [38;5;117m[DEBUG]: [0mThis is a debug message from thread 618-09-2026 00:29:34 [38;5;009m[ERROR]: [0mThis is a error message from thread 2018-09-2026 00:29:34 [38;5;009m[ERROR]: [0mThis is a error message from thread 2218-09-2026 00:29:34 [38;5;009m[ERROR]: [0mThis is a error message from thread 2718-09-2026 00:29:34 [38;5;009m[ERROR]: [0mThis is a error message from thread 2318-09-2026 00:29:34 [38;5;015m[INFO]: [0mThis is a info message from thread 1718-09-2026 00:29:34 [38;5;015m[INFO]: [0mThis is a info message from thread 1418-09-2026 00:29:34 [38;5;117m[DEBUG]: [0mThis is a debug message from thread 018-09-2026 00:29:34 [38;5;117m[DEBUG]: [0mThis is a debug message from thread 1818-09-2026 00:29:34 [38;5;009m[ERROR]: [0mThis is a error message from thread 918-09-2026 00:29:34 [38;5;117m[DEBUG]: [0mThis is a debug message from thread 2218-09-2026 00:29:34 [38;5;009m[ERROR]: [0mThis is a error message from thread 118-09-2026 00:29:34 [38;5;015m[INFO]: [0mThis is a info message from thread 018-09-2026 00:29:34 [38;5;015m[INFO]: [0mThis is a info message from thread 1818-09-2026 00:29:34 [38;5;009m[ERROR]: [0mThis is a error message from thread 018-09-2026 00:29:34 [38;5;009m[ERROR]: [0mThis is a error message from thread 1418-09-2026 00:29:34 [38;5;117m[DEBUG]: [0mThis is a debug message from thread 1418-09-2026 00:29:34 [38;5;117m[DEBUG]: [0mThis is a debug message from thread 118-09-2026 00:29:34 [38;5;009m[ERROR]: [0mThis is a error message from thread 1318-09-2026 00:29:34 [38;5;015m[INFO]: [0mThis is a info message from thread 1918-09-2026 00:29:34 [38;5;117m[DEBUG]: [0mThis is a debug message from thread 1118-09-2026 00:29:34 [38;5;009m[ERROR]: [0mThis is a error message from thread 1818-09-2026 00:29:34 [38;5;015m[INFO]: [0mThis is a info message from thread 618-09-2026 00:29:34 [38;5;015m[INFO]: [0mThis is a info message from thread 2518-09-2026 00:29:34 [38;5;009m[ERROR]: [0mThis is a error message from thread 1618-09-2026 00:29:34 [38;5;015m[INFO]: [0mThis is a info message from thread 818-09-2026 00:29:34 [38;5;009m[ERROR]: [0mThis is a error message from thread 2118-09-2026 00:29:34 [38;5;117m[DEBUG]: [0mThis is a debug message from thread 018-09-2026 00:29:34 [38;5;009m[ERROR]: [0mThis is a error message from thread 818-09-2026 00:29:34 [38;5;009m[ERROR]: [0mThis is a error message from thread 2618-09-2026 00:29:34 [38;5;015m[INFO]: [0mThis is a info message from thread 2218-09-2026 00:29:34 [38;5;015m[INFO]: [0mThis is a info message from thread 018-09-2026 00:29:34 [38;5;009m[ERROR]: [0mThis is a error message from thread 2918-09-2026 00:29:34 [38;5;117m[DEBUG]: [0mThis is a debug message from thread 1818-09-2026 00:29:34 [38;5;009m[ERROR]: [0mThis is a error message from thread 2518-09-2026 00:29:34 [38;5;117m[DEBUG]: [0mThis is a debug message from thread 2518-09-2026 00:29:34 [38;5;015m[INFO]: [0mThis is a info message from thread 2518-09-2026 00:29:34 [38;5;117m[DEBUG]: [0mThis is a debug message from thread 1618-09-2026 00:29:34 [38;5;009m[ERROR]: [0mThis is a error message from thread 018-09-2026 00:29:34 [38;5;015m[INFO]: [0mThis is a info message from thread 1818-09-2026 00:29:34 [38;5;009m[ERROR]: [0mThis is a error message from thread 618-09-2026 00:29:34 [38;5;009m[ERROR]: [0mThis is a error message from thread 1818-09-2026 00:29:34 [38;5;015m[INFO]: [0mThis is a info message from thread 1618-09-2026 00:29:34 [38;5;117m[DEBUG]: [0mThis is a debug message from thread 818-09-2026 00:29:34 [38;5;117m[DEBUG]: [0mThis is a debug message from thread 618-09-2026 00:29:34 [38;5;117m[DEBUG]: [0mThis is a debug message from thread 2618-09-2026 00:29:34 [38;5;015m[INFO]: [0mThis is a info message from thread 618-09-2026 00:29:34 [38;5;015m[INFO]: [0mThis is a info message from thread 818-09-2026 00:29:34 [38;5;009m[ERROR]: [0mThis is a error message from thread 1618-09-2026 00:29:34 [38;5;015m[INFO]: [0mThis is a info message from thread 1218-09-2026 00:29:34 [38;5;009m[ERROR]: [0mThis is a error message from thread 2218-09-2026 00:29:34 [38;5;009m[ERROR]: [0mThis is a error message from thread 1718-09-2026 00:29:34 [38;5;117m[DEBUG]: [0mThis is a debug message from thread 318-09-2026 00:29:34 [38;5;009m[ERROR]: [0mThis is a error message from thread 2518-09-2026 00:29:34 [38;5;117m[DEBUG]: [0mThis is a debug message from thread 2718-09-2026 00:29:34 [38;5;117m[DEBUG]: [0mThis is a debug message from thread 1718-09-2026 00:29:34 [38;5;015m[INFO]: [0mThis is a info message from thread 2718-09-2026 00:29:34 [38;5;117m[DEBUG]: [0mThis is a debug message from thread 2218-09-2026 00:29:34 [38;5;117m[DEBUG]: [0mThis is a debug message from thread 918-09-2026 00:29:34 [38;5;015m[INFO]: [0mThis is a info message from thread 1118-09-2026 00:29:34 [38;5;117m[DEBUG]: [0mThis is a debug message from thread 1618-09-2026 00:29:34 [38;5;009m[ERROR]: [0mThis is a error message from thread 1118-09-2026 00:29:34 [38;5;015m[INFO]: [0mThis is a info message from thread 1618-09-2026 00:29:34 [38;5;015m[INFO]: [0mThis is a info message from thread 918-09-2026 00:29:34 [38;5;009m[ERROR]: [0mThis is a error message from thread 818-09-2026 00:29:34 [38;5;015m[INFO]: [0mThis is a info message from thread 1718-09-2026 00:29:34 [38;5;015m[INFO]: [0mThis is a info message from thread 2218-09-2026 00:29:34 [38;5;009m[ERROR]: [0mThis is a error message from thread 2218-09-2026 00:29:34 [38;5;009m[ERROR]: [0mThis is a error message from thread 1018-09-2026 00:29:34 [38;5;117m[DEBUG]: [0mThis is a debug message from thread 218-09-2026 00:29:34 [38;5;015m[INFO]: [0mThis is a info message from thread 2618-09-2026 00:29:34 [38;5;009m[ERROR]: [0mThis is a error message from thread 2618-09-2026 00:29:34 [38;5;117m[DEBUG]: [0mThis is a debug message from thread 2518-09-2026 00:29:34 [38;5;117m[DEBUG]: [0mThis is a debug message from thread 418-09-2026 00:29:34 [38;5;117m[DEBUG]: [0mThis is a debug message from thread 1018-09-2026 00:29:34 [38;5;009m[ERROR]: [0mThis is a error message from thread 1618-09-2026 00:29:34 [38;5;117m[DEBUG]: [0mThis is a debug message from thread 2018-09-2026 00:29:34 [38;5;015m[INFO]: [0mThis is a info message from thread 218-09-2026 00:29:34 [38;5;009m[ERROR]: [0mThis is a error message from thread 518-09-2026 00:29:34 [38;5;117m[DEBUG]: [0mThis is a debug message from thread 518-09-2026 00:29:34 [38;5;015m[INFO]: [0mThis is a info message from thread 1018-09-2026 00:29:34 [38;5;015m[INFO]: [0mThis is a info message from thread 518-09-2026 00:29:34 [38;5;117m[DEBUG]: [0mThis is a debug message from thread 2218-09-2026 00:29:34 [38;5;009m[ERROR]: [0mThis is a error message from thread 218-09-2026 00:29:34 [38;5;015m[INFO]: [0mThis is a info message from thread 2218-09-2026 00:29:34 [38;5;015m[INFO]: [0mThis is a info message from thread 1418-09-2026 00:29:34 [38;5;117m[DEBUG]: [0mThis is a debug message from thread 1518-09-2026 00:29:34 [38;5;015m[INFO]: [0mThis is a info message from thread 418-09-2026 00:29:34 [38;5;009m[ERROR]: [0mThis is a error message from thread 1018-09-2026 00:29:34 [38;5;117m[DEBUG]: [0mThis is a debug message from thread 1618-09-2026 00:29:34 [38;5;015m[INFO]: [0mThis is a info message from thread 2018-09-2026 00:29:34 [38;5;009m[ERROR]: [0mThis is a error message from thread 718-09-2026 00:29:34 [38;5;117m[DEBUG]: [0mThis is a debug message from thread 1018-09-2026 00:29:34 [38;5;009m[ERROR]: [0mThis is a error message from thread 418-09-2026 00:29:34 [38;5;117m[DEBUG]: [0mThis is a debug message from thread 2918-09-2026 00:29:34 [38;5;117m[DEBUG]: [0mThis is a debug message from thread 218-09-2026 00:29:34 [38;5;117m[DEBUG]: [0mThis is a debug message from thread 2118-09-2026 00:29:34 [38;5;009m[ERROR]: [0mThis is a error message from thread 2018-09-2026 00:29:34 [38;5;117m[DEBUG]: [0mThis is a debug message from thread 1818-09-2026 00:29:34 [38;5;117m[DEBUG]: [0mThis is a debug message from thread 818-09-2026 00:29:34 [38;5;009m[ERROR]: [0mThis is a error message from thread 2718-09-2026 00:29:34 [38;5;117m[DEBUG]: [0mThis is a debug message from thread 2318-09-2026 00:29:34 [38;5;117m[DEBUG]: [0mThis is a debug message from thread 1118-09-2026 00:29:34 [38;5;117m[DEBUG]: [0mThis is a debug message from thread 718-09-2026 00:29:34 [38;5;009m[ERROR]: [0mThis is a error message from thread 618-09-2026 00:29:34 [38;5;009m[ERROR]: [0mThis is a error message from thread 918-09-2026 00:29:34 [38;5;015m[INFO]: [0mThis is a info message from thread 1018-09-2026 00:29:34 [38;5;015m[INFO]: [0mThis is a info message from thread 118-09-2026 00:29:34 [38;5;015m[INFO]: [0mThis is a info message from thread 2418-09-2026 00:29:34 [38;5;015m[INFO]: [0mThis is a info message from thread 2118-09-2026 00:29:34 [38;5;015m[INFO]: [0mThis is a info message from thread 1618-09-2026 00:29:34 [38;5;015m[INFO]: [0mThis is a info message from thread 1118-09-2026 00:29:34 [38;5;117m[DEBUG]: [0mThis is a debug message from thread 618-09-2026 00:29:34 [38;5;009m[ERROR]: [0mThis is a error message from thread 1018-09-2026 00:29:34 [38;5;117m[DEBUG]: [0mThis is a debug message from thread 918-09-2026 00:29:34 [38;5;009m[ERROR]: [0mThis is a error message from thread 1418-09-2026 00:29:34 [38;5;015m[INFO]: [0mThis is a info message from thread 2318-09-2026 00:29:34 [38;5;117m[DEBUG]: [0mThis is a debug message from thread 2818-09-2026 00:29:34 [38;5;117m[DEBUG]: [0mThis is a debug message from thread 018-09-2026 00:29:34 [38;5;117m[DEBUG]: [0mThis is a debug message from thread 418-09-2026 00:29:34 [38;5;009m[ERROR]: [0mThis is a error message from thread 2218-09-2026 00:29:34 [38;5;015m[INFO]: [0mThis is a info message from thread 318-09-2026 00:29:34 [38;5;117m[DEBUG]: [0mThis is a debug message from thread 1418-09-2026 00:29:34 [38;5;009m[ERROR]: [0mThis is a error message from thread 1118-09-2026 00:29:34 [38;5;117m[DEBUG]: [0mThis is a debug message from thread 1118-09-2026 00:29:34 [38;5;015m[INFO]: [0mThis is a info message from thread 918-09-2026 00:29:34 [38;5;117m[DEBUG]: [0mThis is a debug message from thread 2618-09-2026 00:29:34 [38;5;015m[INFO]: [0mThis is a info message from thread 2918-09-2026 00:29:34 [38;5;009m[ERROR]: [0mThis is a error message from thread 318-09-2026 00:29:34 [38;5;015m[INFO]: [0mThis is a info message from thread 418-09-2026 00:29:34 [38;5;117m[DEBUG]: [0mThis is a debug message from thread 318-09-2026 00:29:34 [38;5;015m[INFO]: [0mThis is a info message from thread 2618-09-2026 00:29:34 [38;5;009m[ERROR]: [0mThis is a error message from thread 2918-09-2026 00:29:34 [38;5;117m[DEBUG]: [0mThis is a debug message from thread 1018-09-2026 00:29:34 [38;5;009m[ERROR]: [0mThis is a error message from thread 518-09-2026 00:29:34 [38;5;009m[ERROR]: [0mThis is a error message from thread 418-09-2026 00:29:34 [38;5;009m[ERROR]: [0mThis is a error message from thread 1218-09-2026 00:29:34 [38;5;015m[INFO]: [0mThis is a info message from thread 318-09-2026 00:29:34 [38;5;015m[INFO]: [0mThis is a info message from thread 1418-09-2026 00:29:34 [38;5;009m[ERROR]: [0mThis is a error message from thread 2618-09-2026 00:29:34 [38;5;117m[DEBUG]: [0mThis is a debug message from thread 2918-09-2026 00:29:34 [38;5;117m[DEBUG]: [0mThis is a debug message from thread 418-09-2026 00:29:34 [38;5;009m[ERROR]: [0mThis is a error message from thread 918-09-2026 00:29:34 [38;5;009m[ERROR]: [0mThis is a error message from thread 318-09-2026 00:29:34 [38;5;015m[INFO]: [0mThis is a info message from thread 018-09-2026 00:29:34 [38;5;009m[ERROR]: [0mThis is a error message from thread 1918-09-2026 00:29:34 [38;5;015m[INFO]: [0mThis is a info message from thread 2818-09-2026 00:29:34 [38;5;117m[DEBUG]: [0mThis is a debug message from thread 1218-09-2026 00:29:34 [38;5;015m[INFO]: [0mThis is a info message from thread 1018-09-2026 00:29:34 [38;5;009m[ERROR]: [0mThis is a error message from thread 1418-09-2026 00:29:34 [38;5;015m[INFO]: [0mThis is a info message from thread 2518-09-2026 00:29:34 [38;5;117m[DEBUG]: [0mThis is a debug message from thread 2718-09-2026 00:29:34 [38;5;117m[DEBUG]: [0mThis is a debug message from thread 1918-09-2026 00:29:34 [38;5;009m[ERROR]: [0mThis is a error message from thread 1618-09-2026 00:29:34 [38;5;117m[DEBUG]: [0mThis is a debug message from thread 2218-09-2026 00:29:34 [38;5;117m[DEBUG]: [0mThis is a debug message from thread 318-09-2026 00:29:34 [38;5;015m[INFO]: [0mThis is a info message from thread 1818-09-2026 00:29:34 [38;5;009m[ERROR]: [0mThis is a error message from thread 1018-09-2026 00:29:34 [38;5;117m[DEBUG]: [0mThis is a debug message from thread 2618-09-2026 00:29:34 [38;5;009m[ERROR]: [0mThis is a error message from thread 2818-09-2026 00:29:34 [38;5;009m[ERROR]: [0mThis is a error message from thread 2318-09-2026 00:29:34 [38;5;009m[ERROR]: [0mThis is a error message from thread 018-09-2026 00:29:34 [38;5;015m[INFO]: [0mThis is a info message from thread 1918-09-2026 00:29:34 [38;5;117m[DEBUG]: [0mThis is a debug message from thread 2018-09-2026 00:29:34 [38;5;117m[DEBUG]: [0mThis is a debug message from thread 1318-09-2026 00:29:34 [38;5;015m[INFO]: [0mThis is a info message from thread 1118-09-2026 00:29:34 [38;5;009m[ERROR]: [0mThis is a error message from thread 1918-09-2026 00:29:34 [38;5;015m[INFO]: [0mThis is a info message from thread 2618-09-2026 00:29:34 [38;5;117m[DEBUG]: [0mThis is a debug message from thread 1918-09-2026 00:29:34 [38;5;015m[INFO]: [0mThis is a info message from thread 2018-09-2026 00:29:34 [38;5;009m[ERROR]: [0mThis is a error message from thread 1818-09-2026 00:29:34 [38;5;117m[DEBUG]: [0mThis is a debug message from thread 1618-09-2026 00:29:34 [38;5;015m[INFO]: [0mThis is a info message from thread 1618-09-2026 00:29:34 [38;5;117m[DEBUG]: [0mThis is a debug message from thread 018-09-2026 00:29:34 [38;5;009m[ERROR]: [0mThis is a error message from thread 2618-09-2026 00:29:34 [38;5;009m[ERROR]: [0mThis is a error message from thread 1118-09-2026 00:29:34 [38;5;015m[INFO]: [0mThis is a info message from thread 418-09-2026 00:29:34 [38;5;117m[DEBUG]: [0mThis is a debug message from thread 1818-09-2026 00:29:34 [38;5;117m[DEBUG]: [0mThis is a debug message from thread 918-09-2026 00:29:34 [38;5;009m[ERROR]: [0mThis is a error message from thread 1718-09-2026 00:29:34 [38;5;015m[INFO]: [0mThis is a info message from thread 1918-09-2026 00:29:34 [38;5;015m[INFO]: [0mThis is a info message from thread 018-09-2026 00:29:34 [38;5;009m[ERROR]: [0mThis is a error message from thread 2518-09-2026 00:29:34 [38;5;117m[DEBUG]: [0mThis is a debug message from thread 2618-09-2026 00:29:34 [38;5;009m[ERROR]: [0mThis is a error message from thread 1918-09-2026 00:29:34 [38;5;015m[INFO]: [0mThis is a info message from thread 1818-09-2026 00:29:34 [38;5;015m[INFO]: [0mThis is a info message from thread 918-09-2026 00:29:34 [38;5;009m[ERROR]: [0mThis is a error message from thread 1818-09-2026 00:29:34 [38;5;015m[INFO]: [0mThis is a info message from thread 318-09-2026 00:29:34 [38;5;015m[INFO]: [0mThis is a info message from thread 718-09-2026 00:29:34 [38;5;009m[ERROR]: [0mThis is a error message from thread 418-09-2026 00:29:34 [38;5;009m[ERROR]: [0mThis is a error message from thread 2118-09-2026 00:29:34 [38;5;015m[INFO]: [0mThis is a info message from thread 2618-09-2026 00:29:34 [38;5;117m[DEBUG]: [0mThis is a debug message from thread 2318-09-2026 00:29:34 [38;5;117m[DEBUG]: [0mThis is a debug message from thread 1418-09-2026 00:29:34 [38;5;117m[DEBUG]: [0mThis is a debug message from thread 1918-09-2026 00:29:34 [38;5;117m[DEBUG]: [0mThis is a debug message from thread 1818-09-2026 00:29:34 [38;5;015m[INFO]: [0mThis is a info message from thread 2718-09-2026 00:29:34 [38;5;117m[DEBUG]: [0mThis is a debug message from thread 418-09-2026 00:29:34 [38;5;117m[DEBUG]: [0mThis is a debug message from thread 2118-09-2026 00:29:34 [38;5;009m[ERROR]: [0mThis is a error message from thread 018-09-2026 00:29:34 [38;5;009m[ERROR]: [0mThis is a error message from thread 118-09-2026 00:29:34 [38;5;015m[INFO]: [0mThis is a info message from thread 818-09-2026 00:29:34 [38;5;009m[ERROR]: [0mThis is a error message from thread 918-09-2026 00:29:34 [38;5;015m[INFO]: [0mThis is a info message from thread 1818-09-2026 00:29:34 [38;5;015m[INFO]: [0mThis is a info message from thread 2118-09-2026 00:29:34 [38;5;009m[ERROR]: [0mThis is a error message from thread 718-09-2026 00:29:34 [38;5;009m[ERROR]: [0mThis is a error message from thread 2618-09-2026 00:29:34 [38;5;117m[DEBUG]: [0mThis is a debug message from thread 718-09-2026 00:29:34 [38;5;117m[DEBUG]: [0mThis is a debug message from thread 2518-09-2026 00:29:34 [38;5;015m[INFO]: [0mThis is a info message from thread 718-09-2026 00:29:34 [38;5;117m[DEBUG]: [0mThis is a debug message from thread 118-09-2026 00:29:34 [38;5;117m[DEBUG]: [0mThis is a debug message from thread 2618-09-2026 00:29:34 [38;5;015m[INFO]: [0mThis is a info message from thread 1218-09-2026 00:29:34 [38;5;117m[DEBUG]: [0mThis is a debug message from thread 018-09-2026 00:29:34 [38;5;015m[INFO]: [0mThis is a info message from thread 218-09-2026 00:29:34 [38;5;015m[INFO]: [0mThis is a info message from thread 618-09-2026 00:29:34 [38;5;009m[ERROR]: [0mThis is a error message from thread 218-09-2026 00:29:34 [38;5;015m[INFO]: [0mThis is a info message from thread 418-09-2026 00:29:34 [38;5;009m[ERROR]: [0mThis is a error message from thread 2018-09-2026 00:29:34 [38;5;009m[ERROR]: [0mThis is a error message from thread 2718-09-2026 00:29:34 [38;5;009m[ERROR]: [0mThis is a error message from thread 2118-09-2026 00:29:34 [38;5;009m[ERROR]: [0mThis is a error message from thread 818-09-2026 00:29:34 [38;5;117m[DEBUG]: [0mThis is a debug message from thread 2118-09-2026 00:29:34 [38;5;015m[INFO]: [0mThis is a info message from thread 118-09-2026 00:29:34 [38;5;015m[INFO]: [0mThis is a info message from thread 018-09-2026 00:29:34 [38;5;009m[ERROR]: [0mThis is a error message from thread 1218-09-2026 00:29:34 [38;5;015m[INFO]: [0mThis is a info message from thread 2618-09-2026 00:29:34 [38;5;117m[DEBUG]: [0mThis is a debug message from thread 218-09-2026 00:29:34 [38;5;117m[DEBUG]: [0mThis is a debug message from thread 818-09-2026 00:29:34 [38;5;117m[DEBUG]: [0mThis is a debug message from thread 518-09-2026 00:29:34 [38;5;015m[INFO]: [0mThis is a info message from thread 1318-09-2026 00:29:34 [38;5;117m[DEBUG]: [0mThis is a debug message from thread 2718-09-2026 00:29:34 [38;5;015m[INFO]: [0mThis is a info message from thread 2218-09-2026 00:29:34 [38;5;009m[ERROR]: [0mThis is a error message from thread 118-09-2026 00:29:34 [38;5;117m[DEBUG]: [0mThis is a debug message from thread 1718-09-2026 00:29:34 [38;5;117m[DEBUG]: [0mThis is a debug message from thread 118-09-2026 00:29:34 [38;5;015m[INFO]: [0mThis is a info message from thread 1718-09-2026 00:29:34 [38;5;009m[ERROR]: [0mThis is a error message from thread 2618-09-2026 00:29:34 [38;5;015m[INFO]: [0mThis is a info message from thread 118-09-2026 00:29:34 [38;5;117m[DEBUG]: [0mThis is a debug message from thread 2818-09-2026 00:29:34 [38;5;015m[INFO]: [0mThis is a info message from thread 1518-09-2026 00:29:34 [38;5;015m[INFO]: [0mThis is a info message from thread 2318-09-2026 00:29:34 [38;5;015m[INFO]: [0mThis is a info message from thread 1918-09-2026 00:29:34 [38;5;009m[ERROR]: [0mThis is a error message from thread 1718-09-2026 00:29:34 [38;5;009m[ERROR]: [0mThis is a error message from thread 1518-09-2026 00:29:34 [38;5;117m[DEBUG]: [0mThis is a debug message from thread 1018-09-2026 00:29:34 [38;5;009m[ERROR]: [0mThis is a error message from thread 1618-09-2026 00:29:34 [38;5;015m[INFO]: [0mThis is a info message from thread 218-09-2026 00:29:34 [38;5;009m[ERROR]: [0mThis is a error message from thread 418-09-2026 00:29:34 [38;5;009m[ERROR]: [0mThis is a error message from thread 118-09-2026 00:29:34 [38;5;015m[INFO]: [0mThis is a info message from thread 2118-09-2026 00:29:34 [38;5;117m[DEBUG]: [0mThis is a debug message from thread 1718-09-2026 00:29:34 [38;5;009m[ERROR]: [0mThis is a error message from thread 1918-09-2026 00:29:34 [38;5;015m[INFO]: [0mThis is a info message from thread 518-09-2026 00:29:34 [38;5;117m[DEBUG]: [0mThis is a debug message from thread 418-09-2026 00:29:34 [38;5;015m[INFO]: [0mThis is a info message from thread 2718-09-2026 00:29:34 [38;5;117m[DEBUG]: [0mThis is a debug message from thread 1918-09-2026 00:29:34 [38;5;015m[INFO]: [0mThis is a info message from thread 1018-09-2026 00:29:34 [38;5;117m[DEBUG]: [0mThis is a debug message from thread 2618-09-2026 00:29:34 [38;5;015m[INFO]: [0mThis is a info message from thread 418-09-2026 00:29:34 [38;5;117m[DEBUG]: [0mThis is a debug message from thread 1218-09-2026 00:29:34 [38;5;009m[ERROR]: [0mThis is a error message from thread 2718-09-2026 00:29:34 [38;5;117m[DEBUG]: [0mThis is a debug message from thread 118-09-2026 00:29:34 [38;5;015m[INFO]: [0mThis is a info message from thread 2618-09-2026 00:29:34 [38;5;009m[ERROR]: [0mThis is a error message from thread 418-09-2026 00:29:34 [38;5;015m[INFO]: [0mThis is a info message from thread 118-09-2026 00:29:34 [38;5;015m[INFO]: [0mThis is a info message from thread 1718-09-2026 00:29:34 [38;5;117m[DEBUG]: [0mThis is a debug message from thread 2018-09-2026 00:29:34 [38;5;015m[INFO]: [0mThis is a info message from thread 2018-09-2026 00:29:34 [38;5;009m[ERROR]: [0mThis is a error message from thread 1718-09-2026 00:29:34 [38;5;009m[ERROR]: [0mThis is a error message from thread 2018-09-2026 00:29:34 [38;5;009m[ERROR]: [0mThis is a error message from thread 2118-09-2026 00:29:34 [38;5;009m[ERROR]: [0mThis is a error message from thread 218-09-2026 00:29:34 [38;5;117m[DEBUG]: [0mThis is a debug message from thread 2118-09-2026 00:29:34 [38;5;117m[DEBUG]: [0mThis is a debug message from thread 418-09-2026 00:29:34 [38;5;009m[ERROR]: [0mThis is a error message from thread 1018-09-2026 00:29:34 [38;5;009m[ERROR]: [0mThis is a error message from thread 1318-09-2026 00:29:34 [38;5;117m[DEBUG]: [0mThis is a debug message from thread 1318-09-2026 00:29:34 [38;5;015m[INFO]: [0mThis is a info message from thread 1318-09-2026 00:29:34 [38;5;009m[ERROR]: [0mThis is a error message from thread 118-09-2026 00:29:34 [38;5;015m[INFO]: [0mThis is a info message from thread 1918-09-2026 00:29:34 [38;5;117m[DEBUG]: [0mThis is a debug message from thread 118-09-2026 00:29:34 [38;5;117m[DEBUG]: [0mThis is a debug message from thread 218-09-2026 00:29:34 [38;5;015m[INFO]: [0mThis is a info message from thread 418-09-2026 00:29:34 [38;5;009m[ERROR]: [0mThis is a error message from thread 2618-09-2026 00:29:34 [38;5;009m[ERROR]: [0mThis is a error message from thread 418-09-2026 00:29:34 [38;5;015m[INFO]: [0mThis is a info message from thread 118-09-2026 00:29:34 [38;5;117m[DEBUG]: [0mThis is a debug message from thread 1018-09-2026 00:29:34 [38;5;015m[INFO]: [0mThis is a info message from thread 2518-09-2026 00:29:34 [38;5;117m[DEBUG]: [0mThis is a debug message from thread 1118-09-2026 00:29:34 [38;5;009m[ERROR]: [0mThis is a error message from thread 2218-09-2026 00:29:34 [38;5;015m[INFO]: [0mThis is a info message from thread 218-09-2026 00:29:34 [38;5;009m[ERROR]: [0mThis is a error message from thread 118-09-2026 00:29:34 [38;5;015m[INFO]: [0mThis is a info message from thread 1018-09-2026 00:29:34 [38;5;009m[ERROR]: [0mThis is a error message from thread 1018-09-2026 00:29:34 [38;5;117m[DEBUG]: [0mThis is a debug message from thread 118-09-2026 00:29:34 [38;5;009m[ERROR]: [0mThis is a error message from thread 2518-09-2026 00:29:34 [38;5;117m[DEBUG]: [0mThis is a debug message from thread 418-09-2026 00:29:34 [38;5;015m[INFO]: [0mThis is a info message from thread 2118-09-2026 00:29:34 [38;5;009m[ERROR]: [0mThis is a error message from thread 1918-09-2026 00:29:34 [38;5;009m[ERROR]: [0mThis is a error message from thread 2118-09-2026 00:29:34 [38;5;009m[ERROR]: [0mThis is a error message from thread 518-09-2026 00:29:34 [38;5;009m[ERROR]: [0mThis is a error message from thread 618-09-2026 00:29:34 [38;5;117m[DEBUG]: [0mThis is a debug message from thread 2618-09-2026 00:29:34 [38;5;009m[ERROR]: [0mThis is a error message from thread 218-09-2026 00:29:34 [38;5;015m[INFO]: [0mThis is a info message from thread 2618-09-2026 00:29:34 [38;5;117m[DEBUG]: [0mThis is a debug message from thread 218-09-2026 00:29:34 [38;5;009m[ERROR]: [0mThis is a error message from thread 2618-09-2026 00:29:34 [38;5;117m[DEBUG]: [0mThis is a debug message from thread 1018-09-2026 00:29:34 [38;5;117m[DEBUG]: [0mThis is a debug message from thread 618-09-2026 00:29:34 [38;5;117m[DEBUG]: [0mThis is a debug message from thread 2618-09-2026 00:29:34 [38;5;015m[INFO]: [0mThis is a info message from thread 618-09-2026 00:29:34 [38;5;117m[DEBUG]: [0mThis is a debug message from thread 1918-09-2026 00:29:34 [38;5;117m[DEBUG]: [0mThis is a debug message from thread 2218-09-2026 00:29:34 [38;5;015m[INFO]: [0mThis is a info message from thread 1118-09-2026 00:29:34 [38;5;015m[INFO]: [0mThis is a info message from thread 2918-09-2026 00:29:34 [38;5;015m[INFO]: [0mThis is a info message from thread 118-09-2026 00:29:34 [38;5;009m[ERROR]: [0mThis is a error message from thread 2918-09-2026 00:29:34 [38;5;015m[INFO]: [0mThis is a info message from thread 1018-09-2026 00:29:34 [38;5;117m[DEBUG]: [0mThis is a debug message from thread 1718-09-2026 00:29:34 [38;5;015m[INFO]: [0mThis is a info message from thread 2818-09-2026 00:29:34 [38;5;015m[INFO]: [0mThis is a info message from thread 1718-09-2026 00:29:34 [38;5;015m[INFO]: [0mThis is a info message from thread 2218-09-2026 00:29:34 [38;5;009m[ERROR]: [0mThis is a error message from thread 118-09-2026 00:29:34 [38;5;015m[INFO]: [0mThis is a info message from thread 2618-09-2026 00:29:34 [38;5;117m[DEBUG]: [0mThis is a debug message from thread 2918-09-2026 00:29:34 [38;5;117m[DEBUG]: [0mThis is a debug message from thread 118-09-2026 00:29:34 [38;5;009m[ERROR]: [0mThis is a error message from thread 618-09-2026 00:29:34 [38;5;117m[DEBUG]: [0mThis is a debug message from thread 618-09-2026 00:29:34 [38;5;009m[ERROR]: [0mThis is a error message from thread 2618-09-2026 00:29:34 [38;5;009m[ERROR]: [0mThis is a error message from thread 1018-09-2026 00:29:34 [38;5;015m[INFO]: [0mThis is a info message from thread 2918-09-2026 00:29:34 [38;5;015m[INFO]: [0mThis is a info message from thread 118-09-2026 00:29:34 [38;5;009m[ERROR]: [0mThis is a error message from thread 2218-09-2026 00:29:34 [38;5;009m[ERROR]: [0mThis is a error message from thread 2818-09-2026 00:29:34 [38;5;117m[DEBUG]: [0mThis is a debug message from thread 2818-09-2026 00:29:34 [38;5;117m[DEBUG]: [0mThis is a debug message from thread 2118-09-2026 00:29:34 [38;5;009m[ERROR]: [0mThis is a error message from thread 118-09-2026 00:29:34 [38;5;117m[DEBUG]: [0mThis is a debug message from thread 1018-09-2026 00:29:34 [38;5;009m[ERROR]: [0mThis is a error message from thread 1718-09-2026 00:29:34 [38;5;009m[ERROR]: [0mThis is a error message from thread 718-09-2026 00:29:34 [38;5;015m[INFO]: [0mThis is a info message from thread 218-09-2026 00:29:34 [38;5;009m[ERROR]: [0mThis is a error message from thread 218-09-2026 00:29:34 [38;5;015m[INFO]: [0mThis is a info message from thread 618-09-2026 00:29:34 [38;5;117m[DEBUG]: [0mThis is a debug message from thread 218-09-2026 00:29:34 [38;5;117m[DEBUG]: [0mThis is a debug message from thread 1618-09-2026 00:29:34 [38;5;015m[INFO]: [0mThis is a info message from thread 2818-09-2026 00:29:34 [38;5;015m[INFO]: [0mThis is a info message from thread 218-09-2026 00:29:34 [38;5;117m[DEBUG]: [0mThis is a debug message from thread 2718-09-2026 00:29:34 [38;5;009m[ERROR]: [0mThis is a error message from thread 218-09-2026 00:29:34 [38;5;015m[INFO]: [0mThis is a info message from thread 1618-09-2026 00:29:34 [38;5;015m[INFO]: [0mThis is a info message from thread 2118-09-2026 00:29:34 [38;5;117m[DEBUG]: [0mThis is a debug message from thread 2518-09-2026 00:29:34 [38;5;117m[DEBUG]: [0mThis is a debug message from thread 518-09-2026 00:29:34 [38;5;015m[INFO]: [0mThis is a info message from thread 1918-09-2026 00:29:34 [38;5;015m[INFO]: [0mThis is a info message from thread 518-09-2026 00:29:34 [38;5;015m[INFO]: [0mThis is a info message from thread 1018-09-2026 00:29:34 [38;5;009m[ERROR]: [0mThis is a error message from thread 1918-09-2026 00:29:34 [38;5;117m[DEBUG]: [0mThis is a debug message from thread 918-09-2026 00:29:34 [38;5;015m[INFO]: [0mThis is a info message from thread 918-09-2026 00:29:34 [38;5;009m[ERROR]: [0mThis is a error message from thread 1018-09-2026 00:29:34 [38;5;117m[DEBUG]: [0mThis is a debug message from thread 718-09-2026 00:29:34 [38;5;117m[DEBUG]: [0mThis is a debug message from thread 1918-09-2026 00:29:34 [38;5;009m[ERROR]: [0mThis is a error message from thread 518-09-2026 00:29:34 [38;5;015m[INFO]: [0mThis is a info message from thread 718-09-2026 00:29:34 [38;5;009m[ERROR]: [0mThis is a error message from thread 2818-09-2026 00:29:34 [38;5;009m[ERROR]: [0mThis is a error message from thread 018-09-2026 00:29:34 [38;5;009m[ERROR]: [0mThis is a error message from thread 718-09-2026 00:29:34 [38;5;117m[DEBUG]: [0mThis is a debug message from thread 2218-09-2026 00:29:34 [38;5;009m[ERROR]: [0mThis is a error message from thread 918-09-2026 00:29:34 [38;5;117m[DEBUG]: [0mThis is a debug message from thread 018-09-2026 00:29:34 [38;5;015m[INFO]: [0mThis is a info message from thread 018-09-2026 00:29:34 [38;5;009m[ERROR]: [0mThis is a error message from thread 018-09-2026 00:29:34 [38;5;117m[DEBUG]: [0mThis is a debug message from thread 718-09-2026 00:29:34 [38;5;015m[INFO]: [0mThis is a info message from thread 718-09-2026 00:29:34 [38;5;117m[DEBUG]: [0mThis is a debug message from thread 918-09-2026 00:29:34 [38;5;117m[DEBUG]: [0mThis is a debug message from thread 1018-09-2026 00:29:34 [38;5;015m[INFO]: [0mThis is a info message from thread 918-09-2026 00:29:34 [38;5;015m[INFO]: [0mThis is a info message from thread 1018-09-2026 00:29:34 [38;5;009m[ERROR]: [0mThis is a error message from thread 1018-09-2026 00:29:34 [38;5;015m[INFO]: [0mThis is a info message from thread 2218-09-2026 00:29:34 [38;5;117m[DEBUG]: [0mThis is a debug message from thread 518-09-2026 00:29:34 [38;5;009m[ERROR]: [0mThis is a error message from thread 2218-09-2026 00:29:34 [38;5;015m[INFO]: [0mThis is a info message from thread 2518-09-2026 00:29:34 [38;5;009m[ERROR]: [0mThis is a error message from thread 1118-09-2026 00:29:34 [38;5;117m[DEBUG]: [0mThis is a debug message from thread 2618-09-2026 00:29:34 [38;5;015m[INFO]: [0mThis is a info message from thread 518-09-2026 00:29:34 [38;5;009m[ERROR]: [0mThis is a error message from thread 2118-09-2026 00:29:34 [38;5;009m[ERROR]: [0mThis is a error message from thread 318-09-2026 00:29:34 [38;5;009m[ERROR]: [0mThis is a error message from thread 718-09-2026 00:29:34 [38;5;117m[DEBUG]: [0mThis is a debug message from thread 1118-09-2026 00:29:34 [38;5;117m[DEBUG]: [0mThis is a debug message from thread 2018-09-2026 00:29:34 [38;5;009m[ERROR]: [0mThis is a error message from thread 1318-09-2026 00:29:34 [38;5;009m[ERROR]: [0mThis is a error message from thread 1818-09-2026 00:29:34 [38;5;015m[INFO]: [0mThis is a info message from thread 418-09-2026 00:29:34 [38;5;117m[DEBUG]: [0mThis is a debug message from thread 2818-09-2026 00:29:34 [38;5;009m[ERROR]: [0mThis is a error message from thread 918-09-2026 00:29:34 [38;5;009m[ERROR]: [0mThis is a error message from thread 2518-09-2026 00:29:34 [38;5;015m[INFO]: [0mThis is a info message from thread 1418-09-2026 00:29:34 [38;5;117m[DEBUG]: [0mThis is a debug message from thread 2518-09-2026 00:29:34 [38;5;015m[INFO]: [0mThis is a info message from thread 818-09-2026 00:29:34 [38;5;117m[DEBUG]: [0mThis is a debug message from thread 118-09-2026 00:29:34 [38;5;015m[INFO]: [0mThis is a info message from thread 1918-09-2026 00:29:34 [38;5;015m[INFO]: [0mThis is a info message from thread 2718-09-2026 00:29:34 [38;5;009m[ERROR]: [0mThis is a error message from thread 2318-09-2026 00:29:34 [38;5;117m[DEBUG]: [0mThis is a debug message from thread 1518-09-2026 00:29:34 [38;5;117m[DEBUG]: [0mThis is a debug message from thread 1818-09-2026 00:29:34 [38;5;117m[DEBUG]: [0mThis is a debug message from thread 918-09-2026 00:29:34 [38;5;117m[DEBUG]: [0mThis is a debug message from thread 2318-09-2026 00:29:34 [38;5;117m[DEBUG]: [0mThis is a debug message from thread 018-09-2026 00:29:34 [38;5;117m[DEBUG]: [0mThis is a debug message from thread 318-09-2026 00:29:34 [38;5;015m[INFO]: [0mThis is a info message from thread 1218-09-2026 00:29:34 [38;5;015m[INFO]: [0mThis is a info message from thread 1518-09-2026 00:29:34 [38;5;009m[ERROR]: [0mThis is a error message from thread 2418-09-2026 00:29:34 [38;5;015m[INFO]: [0mThis is a info message from thread 118-09-2026 00:29:34 [38;5;009m[ERROR]: [0mThis is a error message from thread 618-09-2026 00:29:34 [38;5;009m[ERROR]: [0mThis is a error message from thread 2718-09-2026 00:29:34 [38;5;117m[DEBUG]: [0mThis is a debug message from thread 1718-09-2026 00:29:34 [38;5;117m[DEBUG]: [0mThis is a debug message from thread 218-09-2026 00:29:34 [38;5;117m[DEBUG]: [0mThis is a debug message from thread 2218-09-2026 00:29:34 [38;5;015m[INFO]: [0mThis is a info message from thread 918-09-2026 00:29:34 [38;5;015m[INFO]: [0mThis is a info message from thread 018-09-2026 00:29:34 [38;5;117m[DEBUG]: [0mThis is a debug message from thread 2718-09-2026 00:29:34 [38;5;015m[INFO]: [0mThis is a info message from thread 2518-09-2026 00:29:34 [38;5;009m[ERROR]: [0mThis is a error message from thread 118-09-2026 00:29:34 [38;5;015m[INFO]: [0mThis is a info message from thread 218-09-2026 00:29:34 [38;5;009m[ERROR]: [0mThis is a error message from thread 518-09-2026 00:29:34 [38;5;009m[ERROR]: [0mThis is a error message from thread 1518-09-2026 00:29:34 [38;5;009m[ERROR]: [0mThis is a error message from thread 1418-09-2026 00:29:34 [38;5;009m[ERROR]: [0mThis is a error message from thread 818-09-2026 00:29:34 [38;5;117m[DEBUG]: [0mThis is a debug message from thread 1018-09-2026 00:29:34 [38;5;117m[DEBUG]: [0mThis is a debug message from thread 2118-09-2026 00:29:34 [38;5;015m[INFO]: [0mThis is a info message from thread 318-09-2026 00:29:34 [38;5;117m[DEBUG]: [0mThis is a debug message from thread 818-09-2026 00:29:34 [38;5;015m[INFO]: [0mThis is a info message from thread 1018-09-2026 00:29:34 [38;5;117m[DEBUG]: [0mThis is a debug message from thread 118-09-2026 00:29:34 [38;5;117m[DEBUG]: [0mThis is a debug message from thread 518-09-2026 00:29:34 [38;5;015m[INFO]: [0mThis is a info message from thread 2118-09-2026 00:29:34 [38;5;009m[ERROR]: [0mThis is a error message from thread 1018-09-2026 00:29:34 [38;5;117m[DEBUG]: [0mThis is a debug message from thread 1518-09-2026 00:29:34 [38;5;009m[ERROR]: [0mThis is a error message from thread 2118-09-2026 00:29:34 [38;5;009m[ERROR]: [0mThis is a error message from thread 218-09-2026 00:29:34 [38;5;009m[ERROR]: [0mThis is a error message from thread 418-09-2026 00:29:34 [38;5;009m[ERROR]: [0mThis is a error message from thread 1218-09-2026 00:29:34 [38;5;117m[DEBUG]: [0mThis is a debug message from thread 1418-09-2026 00:29:34 [38;5;009m[ERROR]: [0mThis is a error message from thread 1618-09-2026 00:29:34 [38;5;015m[INFO]: [0mThis is a info message from thread 1718-09-2026 00:29:34 [38;5;015m[INFO]: [0mThis is a info message from thread 518-09-2026 00:29:34 [38;5;117m[DEBUG]: [0mThis is a debug message from thread 418-09-2026 00:29:34 [38;5;015m[INFO]: [0mThis is a info message from thread 2818-09-2026 00:29:34 [38;5;117m[DEBUG]: [0mThis is a debug message from thread 2118-09-2026 00:29:34 [38;5;015m[INFO]: [0mThis is a info message from thread 1418-09-2026 00:29:34 [38;5;009m[ERROR]: [0mThis is a error message from thread 2818-09-2026 00:29:34 [38;5;117m[DEBUG]: [0mThis is a debug message from thread 2818-09-2026 00:29:34 [38;5;015m[INFO]: [0mThis is a info message from thread 1818-09-2026 00:29:34 [38;5;117m[DEBUG]: [0mThis is a debug message from thread 2418-09-2026 00:29:34 [38;5;009m[ERROR]: [0mThis is a error message from thread 1718-09-2026 00:29:34 [38;5;015m[INFO]: [0mThis is a info message from thread 2318-09-2026 00:29:34 [38;5;009m[ERROR]: [0mThis is a error message from thread 1918-09-2026 00:29:34 [38;5;015m[INFO]: [0mThis is a info message from thread 2818-09-2026 00:29:34 [38;5;117m[DEBUG]: [0mThis is a debug message from thread 1718-09-2026 00:29:34 [38;5;015m[INFO]: [0mThis is a info message from thread 1718-09-2026 00:29:34 [38;5;015m[INFO]: [0mThis is a info message from thread 1518-09-2026 00:29:34 [38;5;015m[INFO]: [0mThis is a info message from thread 2418-09-2026 00:29:34 [38;5;009m[ERROR]: [0mThis is a error message from thread 2418-09-2026 00:29:34 [38;5;015m[INFO]: [0mThis is a info message from thread 2118-09-2026 00:29:34 [38;5;009m[ERROR]: [0mThis is a error message from thread 2818-09-2026 00:29:34 [38;5;117m[DEBUG]: [0mThis is a debug message from thread 1318-09-2026 00:29:34 [38;5;117m[DEBUG]: [0mThis is a debug message from thread 1918-09-2026 00:29:34 [38;5;009m[ERROR]: [0mThis is a error message from thread 2918-09-2026 00:29:34 [38;5;009m[ERROR]: [0mThis is a error message from thread 2518-09-2026 00:29:34 [38;5;009m[ERROR]: [0mThis is a error message from thread 1718-09-2026 00:29:34 [38;5;015m[INFO]: [0mThis is a info message from thread 1318-09-2026 00:29:34 [38;5;117m[DEBUG]: [0mThis is a debug message from thread 1718-09-2026 00:29:34 [38;5;009m[ERROR]: [0mThis is a error message from thread 1318-09-2026 00:29:34 [38;5;015m[INFO]: [0mThis is a info message from thread 2718-09-2026 00:29:34 [38;5;009m[ERROR]: [0mThis is a error message from thread 1818-09-2026 00:29:34 [38;5;117m[DEBUG]: [0mThis is a debug message from thread 2918-09-2026 00:29:34 [38;5;015m[INFO]: [0mThis is a info message from thread 1718-09-2026 00:29:34 [38;5;015m[INFO]: [0mThis is a info message from thread 1118-09-2026 00:29:34 [38;5;117m[DEBUG]: [0mThis is a debug message from thread 2418-09-2026 00:29:34 [38;5;009m[ERROR]: [0mThis is a error message from thread 2318-09-2026 00:29:34 [38;5;009m[ERROR]: [0mThis is a error message from thread 1418-09-2026 00:29:34 [38;5;015m[INFO]: [0mThis is a info message from thread 2018-09-2026 00:29:34 [38;5;015m[INFO]: [0mThis is a info message from thread 1918-09-2026 00:29:34 [38;5;009m[ERROR]: [0mThis is a error message from thread 1118-09-2026 00:29:34 [38;5;117m[DEBUG]: [0mThis is a debug message from thread 718-09-2026 00:29:34 [38;5;117m[DEBUG]: [0mThis is a debug message from thread 218-09-2026 00:29:34 [38;5;117m[DEBUG]: [0mThis is a debug message from thread 2518-09-2026 00:29:34 [38;5;117m[DEBUG]: [0mThis is a debug message from thread 1318-09-2026 00:29:34 [38;5;015m[INFO]: [0mThis is a info message from thread 2518-09-2026 00:29:34 [38;5;015m[INFO]: [0mThis is a info message from thread 818-09-2026 00:29:34 [38;5;009m[ERROR]: [0mThis is a error message from thread 1918-09-2026 00:29:34 [38;5;009m[ERROR]: [0mThis is a error message from thread 1718-09-2026 00:29:34 [38;5;117m[DEBUG]: [0mThis is a debug message from thread 1718-09-2026 00:29:34 [38;5;117m[DEBUG]: [0mThis is a debug message from thread 1118-09-2026 00:29:34 [38;5;009m[ERROR]: [0mThis is a error message from thread 318-09-2026 00:29:34 [38;5;015m[INFO]: [0mThis is a info message from thread 1318-09-2026 00:29:34 [38;5;015m[INFO]: [0mThis is a info message from thread 418-09-2026 00:29:34 [38;5;117m[DEBUG]: [0mThis is a debug message from thread 1218-09-2026 00:29:34 [38;5;015m[INFO]: [0mThis is a info message from thread 1718-09-2026 00:29:34 [38;5;015m[INFO]: [0mThis is a info message from thread 2418-09-2026 00:29:34 [38;5;009m[ERROR]: [0mThis is a error message from thread 2118-09-2026 00:29:34 [38;5;117m[DEBUG]: [0mThis is a debug message from thread 1418-09-2026 00:29:34 [38;5;009m[ERROR]: [0mThis is a error message from thread 1518-09-2026 00:29:34 [38;5;015m[INFO]: [0mThis is a info message from thread 2218-09-2026 00:29:34 [38;5;117m[DEBUG]: [0mThis is a debug message from thread 1618-09-2026 00:29:34 [38;5;117m[DEBUG]: [0mThis is a debug message from thread 1818-09-2026 00:29:34 [38;5;009m[ERROR]: [0mThis is a error message from thread 918-09-2026 00:29:34 [38;5;117m[DEBUG]: [0mThis is a debug message from thread 2318-09-2026 00:29:34 [38;5;117m[DEBUG]: [0mThis is a debug message from thread 618-09-2026 00:29:34 [38;5;009m[ERROR]: [0mThis is a error message from thread 1318-09-2026 00:29:34 [38;5;009m[ERROR]: [0mThis is a error message from thread 818-09-2026 00:29:34 [38;5;117m[DEBUG]: [0mThis is a debug message from thread 1518-09-2026 00:29:34 [38;5;117m[DEBUG]: [0mThis is a debug message from thread 918-09-2026 00:29:34 [38;5;009m[ERROR]: [0mThis is a error message from thread 2418-09-2026 00:29:34 [38;5;015m[INFO]: [0mThis is a info message from thread 618-09-2026 00:29:34 [38;5;117m[DEBUG]: [0mThis is a debug message from thread 2118-09-2026 00:29:34 [38;5;117m[DEBUG]: [0mThis is a debug message from thread 818-09-2026 00:29:34 [38;5;015m[INFO]: [0mThis is a info message from thread 1818-09-2026 00:29:34 [38;5;015m[INFO]: [0mThis is a info message from thread 1418-09-2026 00:29:34 [38;5;015m[INFO]: [0mThis is a info message from thread 2918-09-2026 00:29:34 [38;5;015m[INFO]: [0mThis is a info message from thread 1518-09-2026 00:29:34 [38;5;009m[ERROR]: [0mThis is a error message from thread 1718-09-2026 00:29:34 [38;5;117m[DEBUG]: [0mThis is a debug message from thread 1718-09-2026 00:29:34 [38;5;015m[INFO]: [0mThis is a info message from thread 1218-09-2026 00:29:34 [38;5;015m[INFO]: [0mThis is a info message from thread 1718-09-2026 00:29:34 [38;5;009m[ERROR]: [0mThis is a error message from thread 1218-09-2026 00:29:34 [38;5;009m[ERROR]: [0mThis is a error message from thread 1718-09-2026 00:29:34 [38;5;009m[ERROR]: [0mThis is a error message from thread 418-09-2026 00:29:34 [38;5;117m[DEBUG]: [0mThis is a debug message from thread 1718-09-2026 00:29:34 [38;5;117m[DEBUG]: [0mThis is a debug message from thread 418-09-2026 00:29:34 [38;5;015m[INFO]: [0mThis is a info message from thread 1718-09-2026 00:29:34 [38;5;015m[INFO]: [0mThis is a info message from thread 2618-09-2026 00:29:34 [38;5;009m[ERROR]: [0mThis is a error message from thread 2618-09-2026 00:29:34 [38;5;117m[DEBUG]: [0mThis is a debug message from thread 2618-09-2026 00:29:34 [38;5;009m[ERROR]: [0mThis is a error message from thread 2018-09-2026 00:29:34 [38;5;015m[INFO]: [0mThis is a info message from thread 918-09-2026 00:29:34 [38;5;015m[INFO]: [0mThis is a info message from thread 2318-09-2026 00:29:34 [38;5;009m[ERROR]: [0mThis is a error message from thread 2318-09-2026 00:29:34 [38;5;009m[ERROR]: [0mThis is a error message from thread 2718-09-2026 00:29:34 [38;5;117m[DEBUG]: [0mThis is a debug message from thread 2318-09-2026 00:29:34 [38;5;015m[INFO]: [0mThis is a info message from thread 218-09-2026 00:29:34 [38;5;015m[INFO]: [0mThis is a info message from thread 2318-09-2026 00:29:34 [38;5;009m[ERROR]: [0mThis is a error message from thread 1818-09-2026 00:29:34 [38;5;009m[ERROR]: [0mThis is a error message from thread 218-09-2026 00:29:34 [38;5;009m[ERROR]: [0mThis is a error message from thread 2318-09-2026 00:29:34 [38;5;117m[DEBUG]: [0mThis is a debug message from thread 218-09-2026 00:29:34 [38;5;117m[DEBUG]: [0mThis is a debug message from thread 1818-09-2026 00:29:34 [38;5;015m[INFO]: [0mThis is a info message from thread 218-09-2026 00:29:34 [38;5;015m[INFO]: [0mThis is a info message from thread 818-09-2026 00:29:34 [38;5;117m[DEBUG]: [0mThis is a debug message from thread 2818-09-2026 00:29:34 [38;5;009m[ERROR]: [0mThis is a error message from thread 1518-09-2026 00:29:34 [38;5;015m[INFO]: [0mThis is a info message from thread 1818-09-2026 00:29:34 [38;5;015m[INFO]: [0mThis is a info message from thread 2118-09-2026 00:29:34 [38;5;015m[INFO]: [0mThis is a info message from thread 718-09-2026 00:29:34 [38;5;009m[ERROR]: [0mThis is a error message from thread 818-09-2026 00:29:34 [38;5;009m[ERROR]: [0mThis is a error message from thread 218-09-2026 00:29:34 [38;5;117m[DEBUG]: [0mThis is a debug message from thread 1218-09-2026 00:29:34 [38;5;009m[ERROR]: [0mThis is a error message from thread 2518-09-2026 00:29:34 [38;5;117m[DEBUG]: [0mThis is a debug message from thread 318-09-2026 00:29:34 [38;5;015m[INFO]: [0mThis is a info message from thread 418-09-2026 00:29:34 [38;5;117m[DEBUG]: [0mThis is a debug message from thread 1518-09-2026 00:29:34 [38;5;009m[ERROR]: [0mThis is a error message from thread 1718-09-2026 00:29:34 [38;5;009m[ERROR]: [0mThis is a error message from thread 018-09-2026 00:29:34 [38;5;015m[INFO]: [0mThis is a info message from thread 1618-09-2026 00:29:34 [38;5;009m[ERROR]: [0mThis is a error message from thread 2118-09-2026 00:29:34 [38;5;117m[DEBUG]: [0mThis is a debug message from thread 1718-09-2026 00:29:34 [38;5;117m[DEBUG]: [0mThis is a debug message from thread 018-09-2026 00:29:34 [38;5;117m[DEBUG]: [0mThis is a debug message from thread 2518-09-2026 00:29:34 [38;5;117m[DEBUG]: [0mThis is a debug message from thread 1318-09-2026 00:29:34 [38;5;015m[INFO]: [0mThis is a info message from thread 2618-09-2026 00:29:34 [38;5;015m[INFO]: [0mThis is a info message from thread 1218-09-2026 00:29:34 [38;5;117m[DEBUG]: [0mThis is a debug message from thread 2018-09-2026 00:29:34 [38;5;015m[INFO]: [0mThis is a info message from thread 1518-09-2026 00:29:34 [38;5;117m[DEBUG]: [0mThis is a debug message from thread 2718-09-2026 00:29:34 [38;5;009m[ERROR]: [0mThis is a error message from thread 1618-09-2026 00:29:34 [38;5;009m[ERROR]: [0mThis is a error message from thread 2918-09-2026 00:29:34 [38;5;009m[ERROR]: [0mThis is a error message from thread 418-09-2026 00:29:34 [38;5;009m[ERROR]: [0mThis is a error message from thread 2618-09-2026 00:29:34 [38;5;009m[ERROR]: [0mThis is a error message from thread 718-09-2026 00:29:34 [38;5;015m[INFO]: [0mThis is a info message from thread 1118-09-2026 00:29:34 [38;5;009m[ERROR]: [0mThis is a error message from thread 618-09-2026 00:29:34 [38;5;015m[INFO]: [0mThis is a info message from thread 318-09-2026 00:29:34 [38;5;015m[INFO]: [0mThis is a info message from thread 1718-09-2026 00:29:34 [38;5;117m[DEBUG]: [0mThis is a debug message from thread 1918-09-2026 00:29:34 [38;5;015m[INFO]: [0mThis is a info message from thread 118-09-2026 00:29:34 [38;5;009m[ERROR]: [0mThis is a error message from thread 1518-09-2026 00:29:34 [38;5;009m[ERROR]: [0mThis is a error message from thread 1118-09-2026 00:29:34 [38;5;117m[DEBUG]: [0mThis is a debug message from thread 618-09-2026 00:29:34 [38;5;015m[INFO]: [0mThis is a info message from thread 1318-09-2026 00:29:34 [38;5;009m[ERROR]: [0mThis is a error message from thread 318-09-2026 00:29:34 [38;5;015m[INFO]: [0mThis is a info message from thread 2018-09-2026 00:29:34 [38;5;117m[DEBUG]: [0mThis is a debug message from thread 2118-09-2026 00:29:34 [38;5;117m[DEBUG]: [0mThis is a debug message from thread 1518-09-2026 00:29:34 [38;5;117m[DEBUG]: [0mThis is a debug message from thread 318-09-2026 00:29:34 [38;5;117m[DEBUG]: [0mThis is a debug message from thread 418-09-2026 00:29:34 [38;5;117m[DEBUG]: [0mThis is a debug message from thread 1118-09-2026 00:29:34 [38;5;015m[INFO]: [0mThis is a info message from thread 1918-09-2026 00:29:34 [38;5;117m[DEBUG]: [0mThis is a debug message from thread 2618-09-2026 00:29:34 [38;5;009m[ERROR]: [0mThis is a error message from thread 1318-09-2026 00:29:34 [38;5;117m[DEBUG]: [0mThis is a debug message from thread 718-09-2026 00:29:34 [38;5;009m[ERROR]: [0mThis is a error message from thread 1218-09-2026 00:29:34 [38;5;117m[DEBUG]: [0mThis is a debug message from thread 2918-09-2026 00:29:34 [38;5;009m[ERROR]: [0mThis is a error message from thread 1718-09-2026 00:29:34 [38;5;015m[INFO]: [0mThis is a info message from thread 2818-09-2026 00:29:34 [38;5;015m[INFO]: [0mThis is a info message from thread 018-09-2026 00:29:34 [38;5;015m[INFO]: [0mThis is a info message from thread 2918-09-2026 00:29:34 [38;5;117m[DEBUG]: [0mThis is a debug message from thread 818-09-2026 00:29:34 [38;5;117m[DEBUG]: [0mThis is a debug message from thread 1618-09-2026 00:29:34 [38;5;015m[INFO]: [0mThis is a info message from thread 618-09-2026 00:29:34 [38;5;015m[INFO]: [0mThis is a info message from thread 1618-09-2026 00:29:34 [38;5;015m[INFO]: [0mThis is a info message from thread 2118-09-2026 00:29:34 [38;5;009m[ERROR]: [0mThis is a error message from thread 618-09-2026 00:29:34 [38;5;009m[ERROR]: [0mThis is a error message from thread 2918-09-2026 00:29:34 [38;5;009m[ERROR]: [0mThis is a error message from thread 018-09-2026 00:29:34 [38;5;117m[DEBUG]: [0mThis is a debug message from thread 1718-09-2026 00:29:34 [38;5;117m[DEBUG]: [0mThis is a debug message from thread 2318-09-2026 00:29:34 [38;5;009m[ERROR]: [0mThis is a error message from thread 1618-09-2026 00:29:34 [38;5;009m[ERROR]: [0mThis is a error message from thread 2818-09-2026 00:29:34 [38;5;009m[ERROR]: [0mThis is a error message from thread 118-09-2026 00:29:34 [38;5;117m[DEBUG]: [0mThis is a debug message from thread 618-09-2026 00:29:34 [38;5;015m[INFO]: [0mThis is a info message from thread 818-09-2026 00:29:34 [38;5;015m[INFO]: [0mThis is a info message from thread 718-09-2026 00:29:34 [38;5;009m[ERROR]: [0mThis is a error message from thread 2218-09-2026 00:29:34 [38;5;015m[INFO]: [0mThis is a info message from thread 2518-09-2026 00:29:34 [38;5;117m[DEBUG]: [0mThis is a debug message from thread 2918-09-2026 00:29:34 [38;5;009m[ERROR]: [0mThis is a error message from thread 518-09-2026 00:29:34 [38;5;009m[ERROR]: [0mThis is a error message from thread 1418-09-2026 00:29:34 [38;5;015m[INFO]: [0mThis is a info message from thread 2718-09-2026 00:29:34 [38;5;009m[ERROR]: [0mThis is a error message from thread 818-09-2026 00:29:34 [38;5;015m[INFO]: [0mThis is a info message from thread 1718-09-2026 00:29:34 [38;5;015m[INFO]: [0mThis is a info message from thread 2918-09-2026 00:29:34 [38;5;009m[ERROR]: [0mThis is a error message from thread 2718-09-2026 00:29:34 [38;5;009m[ERROR]: [0mThis is a error message from thread 2918-09-2026 00:29:34 [38;5;117m[DEBUG]: [0mThis is a debug message from thread 2818-09-2026 00:29:34 [38;5;117m[DEBUG]: [0mThis is a debug message from thread 818-09-2026 00:29:34 [38;5;117m[DEBUG]: [0mThis is a debug message from thread 2918-09-2026 00:29:34 [38;5;117m[DEBUG]: [0mThis is a debug message from thread 1318-09-2026 00:29:34 [38;5;117m[DEBUG]: [0mThis is a debug message from thread 1218-09-2026 00:29:34 [38;5;009m[ERROR]: [0mThis is a error message from thread 2118-09-2026 00:29:34 [38;5;015m[INFO]: [0mThis is a info message from thread 2818-09-2026 00:29:34 [38;5;015m[INFO]: [0mThis is a info message from thread 1518-09-2026 00:29:34 [38;5;117m[DEBUG]: [0mThis is a debug message from thread 1418-09-2026 00:29:34 [38;5;009m[ERROR]: [0mThis is a error message from thread 1518-09-2026 00:29:34 [38;5;015m[INFO]: [0mThis is a info message from thread 1318-09-2026 00:29:34 [38;5;015m[INFO]: [0mThis is a info message from thread 1418-09-2026 00:29:34 [38;5;117m[DEBUG]: [0mThis is a debug message from thread 1518-09-2026 00:29:34 [38;5;009m[ERROR]: [0mThis is a error message from thread 1418-09-2026 00:29:34 [38;5;015m[INFO]: [0mThis is a info message from thread 318-09-2026 00:29:34 [38;5;015m[INFO]: [0mThis is a info message from thread 2618-09-2026 00:29:34 [38;5;015m[INFO]: [0mThis is a info message from thread 2318-09-2026 00:29:34 [38;5;009m[ERROR]: [0mThis is a error message from thread 918-09-2026 00:29:34 [38;5;117m[DEBUG]: [0mThis is a debug message from thread 1018-09-2026 00:29:34 [38;5;117m[DEBUG]: [0mThis is a debug message from thread 2718-09-2026 00:29:34 [38;5;009m[ERROR]: [0mThis is a error message from thread 1918-09-2026 00:29:34 [38;5;015m[INFO]: [0mThis is a info message from thread 1518-09-2026 00:29:34 [38;5;015m[INFO]: [0mThis is a info message from thread 1018-09-2026 00:29:34 [38;5;117m[DEBUG]: [0mThis is a debug message from thread 1918-09-2026 00:29:34 [38;5;009m[ERROR]: [0mThis is a error message from thread 2818-09-2026 00:29:34 [38;5;009m[ERROR]: [0mThis is a error message from thread 1518-09-2026 00:29:34 [38;5;015m[INFO]: [0mThis is a info message from thread 2718-09-2026 00:29:34 [38;5;117m[DEBUG]: [0mThis is a debug message from thread 018-09-2026 00:29:34 [38;5;117m[DEBUG]: [0mThis is a debug message from thread 1418-09-2026 00:29:34 [38;5;117m[DEBUG]: [0mThis is a debug message from thread 918-09-2026 00:29:34 [38;5;117m[DEBUG]: [0mThis is a debug message from thread 1518-09-2026 00:29:34 [38;5;015m[INFO]: [0mThis is a info message from thread 1418-09-2026 00:29:34 [38;5;009m[ERROR]: [0mThis is a error message from thread 2518-09-2026 00:29:34 [38;5;015m[INFO]: [0mThis is a info message from thread 2918-09-2026 00:29:34 [38;5;117m[DEBUG]: [0mThis is a debug message from thread 2818-09-2026 00:29:34 [38;5;009m[ERROR]: [0mThis is a error message from thread 2318-09-2026 00:29:34 [38;5;009m[ERROR]: [0mThis is a error message from thread 2018-09-2026 00:29:34 [38;5;009m[ERROR]: [0mThis is a error message from thread 2718-09-2026 00:29:34 [38;5;015m[INFO]: [0mThis is a info message from thread 1518-09-2026 00:29:34 [38;5;009m[ERROR]: [0mThis is a error message from thread 2918-09-2026 00:29:34 [38;5;117m[DEBUG]: [0mThis is a debug message from thread 2018-09-2026 00:29:34 [38;5;117m[DEBUG]: [0mThis is a debug message from thread 2518-09-2026 00:29:34 [38;5;015m[INFO]: [0mThis is a info message from thread 018-09-2026 00:29:34 [38;5;015m[INFO]: [0mThis is a info message from thread 918-09-2026 00:29:34 [38;5;009m[ERROR]: [0mThis is a error message from thread 1018-09-2026 00:29:34 [38;5;015m[INFO]: [0mThis is a info message from thread 618-09-2026 00:29:34 [38;5;117m[DEBUG]: [0mThis is a debug message from thread 1018-09-2026 00:29:34 [38;5;009m[ERROR]: [0mThis is a error message from thread 018-09-2026 00:29:34 [38;5;009m[ERROR]: [0mThis is a error message from thread 1518-09-2026 00:29:34 [38;5;015m[INFO]: [0mThis is a info message from thread 818-09-2026 00:29:34 [38;5;015m[INFO]: [0mThis is a info message from thread 418-09-2026 00:29:34 [38;5;009m[ERROR]: [0mThis is a error message from thread 2618-09-2026 00:29:34 [38;5;009m[ERROR]: [0mThis is a error message from thread 918-09-2026 00:29:34 [38;5;117m[DEBUG]: [0mThis is a debug message from thread 1618-09-2026 00:29:34 [38;5;117m[DEBUG]: [0mThis is a debug message from thread 018-09-2026 00:29:34 [38;5;015m[INFO]: [0mThis is a info message from thread 018-09-2026 00:29:34 [38;5;015m[INFO]: [0mThis is a info message from thread 1018-09-2026 00:29:34 [38;5;009m[ERROR]: [0mThis is a error message from thread 618-09-2026 00:29:34 [38;5;117m[DEBUG]: [0mThis is a debug message from thread 618-09-2026 00:29:34 [38;5;009m[ERROR]: [0mThis is a error message from thread 018-09-2026 00:29:34 [38;5;015m[INFO]: [0mThis is a info message from thread 618-09-2026 00:29:34 [38;5;009m[ERROR]: [0mThis is a error message from thread 1018-09-2026 00:29:34 [38;5;009m[ERROR]: [0mThis is a error message from thread 1818-09-2026 00:29:34 [38;5;117m[DEBUG]: [0mThis is a debug message from thread 918-09-2026 00:29:34 [38;5;015m[INFO]: [0mThis is a info message from thread 2018-09-2026 00:29:34 [38;5;009m[ERROR]: [0mThis is a error message from thread 618-09-2026 00:29:34 [38;5;117m[DEBUG]: [0mThis is a debug message from thread 2418-09-2026 00:29:34 [38;5;117m[DEBUG]: [0mThis is a debug message from thread 618-09-2026 00:29:34 [38;5;009m[ERROR]: [0mThis is a error message from thread 1318-09-2026 00:29:34 [38;5;009m[ERROR]: [0mThis is a error message from thread 2018-09-2026 00:29:34 [38;5;009m[ERROR]: [0mThis is a error message from thread 1718-09-2026 00:29:34 [38;5;015m[INFO]: [0mThis is a info message from thread 1618-09-2026 00:29:34 [38;5;015m[INFO]: [0mThis is a info message from thread 1218-09-2026 00:29:34 [38;5;117m[DEBUG]: [0mThis is a debug message from thread 518-09-2026 00:29:34 [38;5;009m[ERROR]: [0mThis is a error message from thread 418-09-2026 00:29:34 [38;5;015m[INFO]: [0mThis is a info message from thread 2418-09-2026 00:29:34 [38;5;117m[DEBUG]: [0mThis is a debug message from thread 2018-09-2026 00:29:34 [38;5;015m[INFO]: [0mThis is a info message from thread 2018-09-2026 00:29:34 [38;5;009m[ERROR]: [0mThis is a error message from thread 2418-09-2026 00:29:34 [38;5;117m[DEBUG]: [0mThis is a debug message from thread 1718-09-2026 00:29:34 [38;5;117m[DEBUG]: [0mThis is a debug message from thread 418-09-2026 00:29:34 [38;5;015m[INFO]: [0mThis is a info message from thread 2518-09-2026 00:29:34 [38;5;117m[DEBUG]: [0mThis is a debug message from thread 2418-09-2026 00:29:34 [38;5;117m[DEBUG]: [0mThis is a debug message from thread 1018-09-2026 00:29:34 [38;5;009m[ERROR]: [0mThis is a error message from thread 1618-09-2026 00:29:34 [38;5;015m[INFO]: [0mThis is a info message from thread 618-09-2026 00:29:34 [38;5;015m[INFO]: [0mThis is a info message from thread 1718-09-2026 00:29:34 [38;5;009m[ERROR]: [0mThis is a error message from thread 618-09-2026 00:29:34 [38;5;009m[ERROR]: [0mThis is a error message from thread 1218-09-2026 00:29:34 [38;5;009m[ERROR]: [0mThis is a error message from thread 2018-09-2026 00:29:34 [38;5;015m[INFO]: [0mThis is a info message from thread 1018-09-2026 00:29:34 [38;5;015m[INFO]: [0mThis is a info message from thread 1118-09-2026 00:29:34 [38;5;117m[DEBUG]: [0mThis is a debug message from thread 618-09-2026 00:29:34 [38;5;117m[DEBUG]: [0mThis is a debug message from thread 1218-09-2026 00:29:34 [38;5;117m[DEBUG]: [0mThis is a debug message from thread 2218-09-2026 00:29:34 [38;5;015m[INFO]: [0mThis is a info message from thread 2418-09-2026 00:29:34 [38;5;009m[ERROR]: [0mThis is a error message from thread 1718-09-2026 00:29:34 [38;5;015m[INFO]: [0mThis is a info message from thread 418-09-2026 00:29:34 [38;5;117m[DEBUG]: [0mThis is a debug message from thread 1718-09-2026 00:29:34 [38;5;117m[DEBUG]: [0mThis is a debug message from thread 2318-09-2026 00:29:34 [38;5;009m[ERROR]: [0mThis is a error message from thread 1018-09-2026 00:29:34 [38;5;009m[ERROR]: [0mThis is a error message from thread 818-09-2026 00:29:34 [38;5;117m[DEBUG]: [0mThis is a debug message from thread 018-09-2026 00:29:34 [38;5;117m[DEBUG]: [0mThis is a debug message from thread 818-09-2026 00:29:34 [38;5;117m[DEBUG]: [0mThis is a debug message from thread 1818-09-2026 00:29:34 [38;5;009m[ERROR]: [0mThis is a error message from thread 2418-09-2026 00:29:34 [38;5;009m[ERROR]: [0mThis is a error message from thread 418-09-2026 00:29:34 [38;5;117m[DEBUG]: [0mThis is a debug message from thread 2018-09-2026 00:29:34 [38;5;015m[INFO]: [0mThis is a info message from thread 2018-09-2026 00:29:34 [38;5;015m[INFO]: [0mThis is a info message from thread 2318-09-2026 00:29:34 [38;5;117m[DEBUG]: [0mThis is a debug message from thread 1018-09-2026 00:29:34 [38;5;015m[INFO]: [0mThis is a info message from thread 1018-09-2026 00:29:34 [38;5;015m[INFO]: [0mThis is a info message from thread 618-09-2026 00:29:34 [38;5;015m[INFO]: [0mThis is a info message from thread 018-09-2026 00:29:34 [38;5;009m[ERROR]: [0mThis is a error message from thread 2518-09-2026 00:29:34 [38;5;117m[DEBUG]: [0mThis is a debug message from thread 2418-09-2026 00:29:34 [38;5;117m[DEBUG]: [0mThis is a debug message from thread 218-09-2026 00:29:34 [38;5;009m[ERROR]: [0mThis is a error message from thread 318-09-2026 00:29:34 [38;5;117m[DEBUG]: [0mThis is a debug message from thread 2918-09-2026 00:29:34 [38;5;015m[INFO]: [0mThis is a info message from thread 2918-09-2026 00:29:34 [38;5;015m[INFO]: [0mThis is a info message from thread 818-09-2026 00:29:34 [38;5;117m[DEBUG]: [0mThis is a debug message from thread 318-09-2026 00:29:34 [38;5;015m[INFO]: [0mThis is a info message from thread 918-09-2026 00:29:34 [38;5;015m[INFO]: [0mThis is a info message from thread 318-09-2026 00:29:34 [38;5;009m[ERROR]: [0mThis is a error message from thread 2318-09-2026 00:29:34 [38;5;009m[ERROR]: [0mThis is a error message from thread 018-09-2026 00:29:34 [38;5;009m[ERROR]: [0mThis is a error message from thread 818-09-2026 00:29:34 [38;5;009m[ERROR]: [0mThis is a error message from thread 318-09-2026 00:29:34 [38;5;117m[DEBUG]: [0mThis is a debug message from thread 2318-09-2026 00:29:34 [38;5;117m[DEBUG]: [0mThis is a debug message from thread 818-09-2026 00:29:34 [38;5;015m[INFO]: [0mThis is a info message from thread 2418-09-2026 00:29:34 [38;5;117m[DEBUG]: [0mThis is a debug message from thread 318-09-2026 00:29:34 [38;5;009m[ERROR]: [0mThis is a error message from thread 918-09-2026 00:29:34 [38;5;117m[DEBUG]: [0mThis is a debug message from thread 018-09-2026 00:29:34 [38;5;117m[DEBUG]: [0mThis is a debug message from thread 1318-09-2026 00:29:34 [38;5;009m[ERROR]: [0mThis is a error message from thread 2418-09-2026 00:29:34 [38;5;117m[DEBUG]: [0mThis is a debug message from thread 918-09-2026 00:29:34 [38;5;015m[INFO]: [0mThis is a info message from thread 018-09-2026 00:29:34 [38;5;015m[INFO]: [0mThis is a info message from thread 318-09-2026 00:29:34 [38;5;015m[INFO]: [0mThis is a info message from thread 918-09-2026 00:29:34 [38;5;117m[DEBUG]: [0mThis is a debug message from thread 118-09-2026 00:29:34 [38;5;009m[ERROR]: [0mThis is a error message from thread 918-09-2026 00:29:34 [38;5;117m[DEBUG]: [0mThis is a debug message from thread 918-09-2026 00:29:34 [38;5;117m[DEBUG]: [0mThis is a debug message from thread 2518-09-2026 00:29:34 [38;5;015m[INFO]: [0mThis is a info message from thread 1818-09-2026 00:29:34 [38;5;015m[INFO]: [0mThis is a info message from thread 1218-09-2026 00:29:34 [38;5;009m[ERROR]: [0mThis is a error message from thread 1418-09-2026 00:29:34 [38;5;117m[DEBUG]: [0mThis is a debug message from thread 1618-09-2026 00:29:34 [38;5;015m[INFO]: [0mThis is a info message from thread 2518-09-2026 00:29:34 [38;5;015m[INFO]: [0mThis is a info message from thread 1618-09-2026 00:29:34 [38;5;009m[ERROR]: [0mThis is a error message from thread 1218-09-2026 00:29:34 [38;5;009m[ERROR]: [0mThis is a error message from thread 018-09-2026 00:29:34 [38;5;009m[ERROR]: [0mThis is a error message from thread 1118-09-2026 00:29:34 [38;5;009m[ERROR]: [0mThis is a error message from thread 2518-09-2026 00:29:34 [38;5;009m[ERROR]: [0mThis is a error message from thread 2018-09-2026 00:29:34 [38;5;015m[INFO]: [0mThis is a info message from thread 1718-09-2026 00:29:34 [38;5;009m[ERROR]: [0mThis is a error message from thread 1718-09-2026 00:29:34 [38;5;117m[DEBUG]: [0mThis is a debug message from thread 1718-09-2026 00:29:34 [38;5;117m[DEBUG]: [0mThis is a debug message from thread 1218-09-2026 00:29:34 [38;5;009m[ERROR]: [0mThis is a error message from thread 1818-09-2026 00:29:34 [38;5;015m[INFO]: [0mThis is a info message from thread 918-09-2026 00:29:34 [38;5;015m[INFO]: [0mThis is a info message from thread 818-09-2026 00:29:34 [38;5;117m[DEBUG]: [0mThis is a debug message from thread 2518-09-2026 00:29:34 [38;5;009m[ERROR]: [0mThis is a error message from thread 718-09-2026 00:29:34 [38;5;117m[DEBUG]: [0mThis is a debug message from thread 018-09-2026 00:29:34 [38;5;015m[INFO]: [0mThis is a info message from thread 1318-09-2026 00:29:34 [38;5;015m[INFO]: [0mThis is a info message from thread 2518-09-2026 00:29:34 [38;5;009m[ERROR]: [0mThis is a error message from thread 1618-09-2026 00:29:34 [38;5;117m[DEBUG]: [0mThis is a debug message from thread 1818-09-2026 00:29:34 [38;5;009m[ERROR]: [0mThis is a error message from thread 2918-09-2026 00:29:34 [38;5;117m[DEBUG]: [0mThis is a debug message from thread 2018-09-2026 00:29:34 [38;5;015m[INFO]: [0mThis is a info message from thread 018-09-2026 00:29:34 [38;5;117m[DEBUG]: [0mThis is a debug message from thread 2618-09-2026 00:29:34 [38;5;015m[INFO]: [0mThis is a info message from thread 1918-09-2026 00:29:34 [38;5;117m[DEBUG]: [0mThis is a debug message from thread 2418-09-2026 00:29:34 [38;5;015m[INFO]: [0mThis is a info message from thread 1718-09-2026 00:29:34 [38;5;009m[ERROR]: [0mThis is a error message from thread 1018-09-2026 00:29:34 [38;5;117m[DEBUG]: [0mThis is a debug message from thread 418-09-2026 00:29:34 [38;5;009m[ERROR]: [0mThis is a error message from thread 818-09-2026 00:29:34 [38;5;009m[ERROR]: [0mThis is a error message from thread 618-09-2026 00:29:34 [38;5;015m[INFO]: [0mThis is a info message from thread 2618-09-2026 00:29:34 [38;5;015m[INFO]: [0mThis is a info message from thread 2318-09-2026 00:29:34 [38;5;117m[DEBUG]: [0mThis is a debug message from thread 718-09-2026 00:29:34 [38;5;117m[DEBUG]: [0mThis is a debug message from thread 1418-09-2026 00:29:34 [38;5;009m[ERROR]: [0mThis is a error message from thread 1918-09-2026 00:29:34 [38;5;117m[DEBUG]: [0mThis is a debug message from thread 2118-09-2026 00:29:34 [38;5;117m[DEBUG]: [0mThis is a debug message from thread 1118-09-2026 00:29:34 [38;5;009m[ERROR]: [0mThis is a error message from thread 2318-09-2026 00:29:34 [38;5;015m[INFO]: [0mThis is a info message from thread 518-09-2026 00:29:34 [38;5;015m[INFO]: [0mThis is a info message from thread 2218-09-2026 00:29:34 [38;5;117m[DEBUG]: [0mThis is a debug message from thread 1918-09-2026 00:29:34 [38;5;015m[INFO]: [0mThis is a info message from thread 218-09-2026 00:29:34 [38;5;117m[DEBUG]: [0mThis is a debug message from thread 618-09-2026 00:29:34 [38;5;117m[DEBUG]: [0mThis is a debug message from thread 1018-09-2026 00:29:34 [38;5;015m[INFO]: [0mThis is a info message from thread 2018-09-2026 00:29:34 [38;5;015m[INFO]: [0mThis is a info message from thread 1018-09-2026 00:29:34 [38;5;117m[DEBUG]: [0mThis is a debug message from thread 2318-09-2026 00:29:34 [38;5;009m[ERROR]: [0mThis is a error message from thread 218-09-2026 00:29:34 [38;5;015m[INFO]: [0mThis is a info message from thread 1918-09-2026 00:29:34 [38;5;009m[ERROR]: [0mThis is a error message from thread 1918-09-2026 00:29:34 [38;5;015m[INFO]: [0mThis is a info message from thread 2318-09-2026 00:29:34 [38;5;009m[ERROR]: [0mThis is a error message from thread 2018-09-2026 00:29:34 [38;5;117m[DEBUG]: [0mThis is a debug message from thread 218-09-2026 00:29:34 [38;5;117m[DEBUG]: [0mThis is a debug message from thread 818-09-2026 00:29:34 [38;5;015m[INFO]: [0mThis is a info message from thread 718-09-2026 00:29:34 [38;5;009m[ERROR]: [0mThis is a error message from thread 1018-09-2026 00:29:34 [38;5;015m[INFO]: [0mThis is a info message from thread 218-09-2026 00:29:34 [38;5;009m[ERROR]: [0mThis is a error message from thread 918-09-2026 00:29:34 [38;5;117m[DEBUG]: [0mThis is a debug message from thread 2718-09-2026 00:29:34 [38;5;117m[DEBUG]: [0mThis is a debug message from thread 918-09-2026 00:29:34 [38;5;117m[DEBUG]: [0mThis is a debug message from thread 1918-09-2026 00:29:34 [38;5;009m[ERROR]: [0mThis is a error message from thread 518-09-2026 00:29:34 [38;5;117m[DEBUG]: [0mThis is a debug message from thread 2018-09-2026 00:29:34 [38;5;015m[INFO]: [0mThis is a info message from thread 918-09-2026 00:29:34 [38;5;009m[ERROR]: [0mThis is a error message from thread 1318-09-2026 00:29:34 [38;5;009m[ERROR]: [0mThis is a error message from thread 1718-09-2026 00:29:34 [38;5;015m[INFO]: [0mThis is a info message from thread 1818-09-2026 00:29:34 [38;5;009m[ERROR]: [0mThis is a error message from thread 2218-09-2026 00:29:34 [38;5;015m[INFO]: [0mThis is a info message from thread 818-09-2026 00:29:34 [38;5;015m[INFO]: [0mThis is a info message from thread 618-09-2026 00:29:34 [38;5;015m[INFO]: [0mThis is a info message from thread 2118-09-2026 00:29:34 [38;5;009m[ERROR]: [0mThis is a error message from thread 318-09-2026 00:29:34 [38;5;117m[DEBUG]: [0mThis is a debug message from thread 2918-09-2026 00:29:34 [38;5;009m[ERROR]: [0mThis is a error message from thread 2618-09-2026 00:29:34 [38;5;009m[ERROR]: [0mThis is a error message from thread 1818-09-2026 00:29:34 [38;5;117m[DEBUG]: [0mThis is a debug message from thread 2218-09-2026 00:29:34 [38;5;015m[INFO]: [0mThis is a info message from thread 2818-09-2026 00:29:34 [38;5;117m[DEBUG]: [0mThis is a debug message from thread 1318-09-2026 00:29:34 [38;5;015m[INFO]: [0mThis is a info message from thread 1418-09-2026 00:29:34 [38;5;015m[INFO]: [0mThis is a info message from thread 2418-09-2026 00:29:34 [38;5;015m[INFO]: [0mThis is a info message from thread 418-09-2026 00:29:34 [38;5;009m[ERROR]: [0mThis is a error message from thread 218-09-2026 00:29:34 [38;5;015m[INFO]: [0mThis is a info message from thread 2718-09-2026 00:29:34 [38;5;009m[ERROR]: [0mThis is a error message from thread 818-09-2026 00:29:34 [38;5;015m[INFO]: [0mThis is a info message from thread 2018-09-2026 00:29:34 [38;5;015m[INFO]: [0mThis is a info message from thread 2918-09-2026 00:29:34 [38;5;117m[DEBUG]: [0mThis is a debug message from thread 1718-09-2026 00:29:34 [38;5;009m[ERROR]: [0mThis is a error message from thread 2118-09-2026 00:29:34 [38;5;009m[ERROR]: [0mThis is a error message from thread 2018-09-2026 00:29:34 [38;5;015m[INFO]: [0mThis is a info message from thread 2218-09-2026 00:29:34 [38;5;009m[ERROR]: [0mThis is a error message from thread 2318-09-2026 00:29:34 [38;5;117m[DEBUG]: [0mThis is a debug message from thread 2118-09-2026 00:29:34 [38;5;117m[DEBUG]: [0mThis is a debug message from thread 2318-09-2026 00:29:34 [38;5;009m[ERROR]: [0mThis is a error message from thread 418-09-2026 00:29:34 [38;5;117m[DEBUG]: [0mThis is a debug message from thread 1818-09-2026 00:29:34 [38;5;117m[DEBUG]: [0mThis is a debug message from thread 218-09-2026 00:29:34 [38;5;015m[INFO]: [0mThis is a info message from thread 1718-09-2026 00:29:34 [38;5;009m[ERROR]: [0mThis is a error message from thread 2218-09-2026 00:29:34 [38;5;117m[DEBUG]: [0mThis is a debug message from thread 1518-09-2026 00:29:34 [38;5;117m[DEBUG]: [0mThis is a debug message from thread 818-09-2026 00:29:34 [38;5;009m[ERROR]: [0mThis is a error message from thread 018-09-2026 00:29:34 [38;5;009m[ERROR]: [0mThis is a error message from thread 1718-09-2026 00:29:34 [38;5;009m[ERROR]: [0mThis is a error message from thread 718-09-2026 00:29:34 [38;5;117m[DEBUG]: [0mThis is a debug message from thread 518-09-2026 00:29:34 [38;5;015m[INFO]: [0mThis is a info message from thread 218-09-2026 00:29:34 [38;5;015m[INFO]: [0mThis is a info message from thread 1818-09-2026 00:29:34 [38;5;015m[INFO]: [0mThis is a info message from thread 1318-09-2026 00:29:34 [38;5;015m[INFO]: [0mThis is a info message from thread 1218-09-2026 00:29:34 [38;5;015m[INFO]: [0mThis is a info message from thread 1118-09-2026 00:29:34 [38;5;009m[ERROR]: [0mThis is a error message from thread 1418-09-2026 00:29:34 [38;5;009m[ERROR]: [0mThis is a error message from thread 2818-09-2026 00:29:34 [38;5;009m[ERROR]: [0mThis is a error message from thread 1218-09-2026 00:29:34 [38;5;015m[INFO]: [0mThis is a info message from thread 1518-09-2026 00:29:34 [38;5;117m[DEBUG]: [0mThis is a debug message from thread 2018-09-2026 00:29:34 [38;5;117m[DEBUG]: [0mThis is a debug message from thread 1418-09-2026 00:29:34 [38;5;009m[ERROR]: [0mThis is a error message from thread 218-09-2026 00:29:34 [38;5;117m[DEBUG]: [0mThis is a debug message from thread 318-09-2026 00:29:34 [38;5;117m[DEBUG]: [0mThis is a debug message from thread 018-09-2026 00:29:34 [38;5;009m[ERROR]: [0mThis is a error message from thread 1318-09-2026 00:29:34 [38;5;117m[DEBUG]: [0mThis is a debug message from thread 718-09-2026 00:29:34 [38;5;009m[ERROR]: [0mThis is a error message from thread 2518-09-2026 00:29:34 [38;5;117m[DEBUG]: [0mThis is a debug message from thread 218-09-2026 00:29:34 [38;5;015m[INFO]: [0mThis is a info message from thread 318-09-2026 00:29:34 [38;5;117m[DEBUG]: [0mThis is a debug message from thread 1318-09-2026 00:29:34 [38;5;009m[ERROR]: [0mThis is a error message from thread 318-09-2026 00:29:34 [38;5;009m[ERROR]: [0mThis is a error message from thread 1118-09-2026 00:29:34 [38;5;015m[INFO]: [0mThis is a info message from thread 118-09-2026 00:29:34 [38;5;009m[ERROR]: [0mThis is a error message from thread 2918-09-2026 00:29:34 [38;5;009m[ERROR]: [0mThis is a error message from thread 118-09-2026 00:29:34 [38;5;117m[DEBUG]: [0mThis is a debug message from thread 1218-09-2026 00:29:34 [38;5;015m[INFO]: [0mThis is a info message from thread 1318-09-2026 00:29:34 [38;5;015m[INFO]: [0mThis is a info message from thread 518-09-2026 00:29:34 [38;5;117m[DEBUG]: [0mThis is a debug message from thread 2818-09-2026 00:29:34 [38;5;117m[DEBUG]: [0mThis is a debug message from thread 2618-09-2026 00:29:34 [38;5;015m[INFO]: [0mThis is a info message from thread 1218-09-2026 00:29:34 [38;5;015m[INFO]: [0mThis is a info message from thread 218-09-2026 00:29:34 [38;5;117m[DEBUG]: [0mThis is a debug message from thread 2218-09-2026 00:29:34 [38;5;117m[DEBUG]: [0mThis is a debug message from thread 2518-09-2026 00:29:34 [38;5;117m[DEBUG]: [0mThis is a debug message from thread 1118-09-2026 00:29:34 [38;5;009m[ERROR]: [0mThis is a error message from thread 918-09-2026 00:29:34 [38;5;117m[DEBUG]: [0mThis is a debug message from thread 1018-09-2026 00:29:34 [38;5;117m[DEBUG]: [0mThis is a debug message from thread 1718-09-2026 00:29:34 [38;5;015m[INFO]: [0mThis is a info message from thread 2218-09-2026 00:29:34 [38;5;015m[INFO]: [0mThis is a info message from thread 718-09-2026 00:29:34 [38;5;117m[DEBUG]: [0mThis is a debug message from thread 318-09-2026 00:29:34 [38;5;009m[ERROR]: [0mThis is a error message from thread 2218-09-2026 00:29:34 [38;5;015m[INFO]: [0mThis is a info message from thread 2618-09-2026 00:29:34 [38;5;009m[ERROR]: [0mThis is a error message from thread 518-09-2026 00:29:34 [38;5;015m[INFO]: [0mThis is a info message from thread 1418-09-2026 00:29:34 [38;5;015m[INFO]: [0mThis is a info message from thread 318-09-2026 00:29:34 [38;5;117m[DEBUG]: [0mThis is a debug message from thread 2218-09-2026 00:29:34 [38;5;009m[ERROR]: [0mThis is a error message from thread 1318-09-2026 00:29:34 [38;5;009m[ERROR]: [0mThis is a error message from thread 718-09-2026 00:29:34 [38;5;117m[DEBUG]: [0mThis is a debug message from thread 1318-09-2026 00:29:34 [38;5;117m[DEBUG]: [0mThis is a debug message from thread 718-09-2026 00:29:34 [38;5;015m[INFO]: [0mThis is a info message from thread 2518-09-2026 00:29:34 [38;5;009m[ERROR]: [0mThis is a error message from thread 218-09-2026 00:29:34 [38;5;015m[INFO]: [0mThis is a info message from thread 1718-09-2026 00:29:34 [38;5;015m[INFO]: [0mThis is a info message from thread 2218-09-2026 00:29:34 [38;5;015m[INFO]: [0mThis is a info message from thread 2118-09-2026 00:29:34 [38;5;009m[ERROR]: [0mThis is a error message from thread 2118-09-2026 00:29:34 [38;5;015m[INFO]: [0mThis is a info message from thread 1318-09-2026 00:29:34 [38;5;009m[ERROR]: [0mThis is a error message from thread 2218-09-2026 00:29:34 [38;5;009m[ERROR]: [0mThis is a error message from thread 318-09-2026 00:29:34 [38;5;117m[DEBUG]: [0mThis is a debug message from thread 218-09-2026 00:29:34 [38;5;117m[DEBUG]: [0mThis is a debug message from thread 2218-09-2026 00:29:34 [38;5;009m[ERROR]: [0mThis is a error message from thread 1318-09-2026 00:29:34 [38;5;015m[INFO]: [0mThis is a info message from thread 1018-09-2026 00:29:34 [38;5;015m[INFO]: [0mThis is a info message from thread 2218-09-2026 00:29:34 [38;5;009m[ERROR]: [0mThis is a error message from thread 1518-09-2026 00:29:34 [38;5;009m[ERROR]: [0mThis is a error message from thread 1718-09-2026 00:29:34 [38;5;015m[INFO]: [0mThis is a info message from thread 718-09-2026 00:29:34 [38;5;009m[ERROR]: [0mThis is a error message from thread 2218-09-2026 00:29:34 [38;5;117m[DEBUG]: [0mThis is a debug message from thread 518-09-2026 00:29:34 [38;5;009m[ERROR]: [0mThis is a error message from thread 2418-09-2026 00:29:34 [38;5;117m[DEBUG]: [0mThis is a debug message from thread 1518-09-2026 00:29:34 [38;5;015m[INFO]: [0mThis is a info message from thread 818-09-2026 00:29:34 [38;5;009m[ERROR]: [0mThis is a error message from thread 1818-09-2026 00:29:34 [38;5;015m[INFO]: [0mThis is a info message from thread 2318-09-2026 00:29:34 [38;5;117m[DEBUG]: [0mThis is a debug message from thread 1318-09-2026 00:29:34 [38;5;117m[DEBUG]: [0mThis is a debug message from thread 2218-09-2026 00:29:34 [38;5;117m[DEBUG]: [0mThis is a debug message from thread 1718-09-2026 00:29:34 [38;5;015m[INFO]: [0mThis is a info message from thread 2018-09-2026 00:29:34 [38;5;009m[ERROR]: [0mThis is a error message from thread 818-09-2026 00:29:34 [38;5;117m[DEBUG]: [0mThis is a debug message from thread 318-09-2026 00:29:34 [38;5;117m[DEBUG]: [0mThis is a debug message from thread 2418-09-2026 00:29:34 [38;5;009m[ERROR]: [0mThis is a error message from thread 718-09-2026 00:29:34 [38;5;009m[ERROR]: [0mThis is a error message from thread 2318-09-2026 00:29:34 [38;5;015m[INFO]: [0mThis is a info message from thread 1518-09-2026 00:29:34 [38;5;117m[DEBUG]: [0mThis is a debug message from thread 2918-09-2026 00:29:34 [38;5;015m[INFO]: [0mThis is a info message from thread 518-09-2026 00:29:34 [38;5;015m[INFO]: [0mThis is a info message from thread 2218-09-2026 00:29:34 [38;5;117m[DEBUG]: [0mThis is a debug message from thread 118-09-2026 00:29:34 [38;5;117m[DEBUG]: [0mThis is a debug message from thread 1618-09-2026 00:29:34 [38;5;015m[INFO]: [0mThis is a info message from thread 1318-09-2026 00:29:34 [38;5;015m[INFO]: [0mThis is a info message from thread 2818-09-2026 00:29:34 [38;5;009m[ERROR]: [0mThis is a error message from thread 2218-09-2026 00:29:34 [38;5;015m[INFO]: [0mThis is a info message from thread 2418-09-2026 00:29:34 [38;5;009m[ERROR]: [0mThis is a error message from thread 618-09-2026 00:29:34 [38;5;009m[ERROR]: [0mThis is a error message from thread 1018-09-2026 00:29:34 [38;5;117m[DEBUG]: [0mThis is a debug message from thread 2218-09-2026 00:29:34 [38;5;015m[INFO]: [0mThis is a info message from thread 1918-09-2026 00:29:34 [38;5;015m[INFO]: [0mThis is a info message from thread 1718-09-2026 00:29:34 [38;5;015m[INFO]: [0mThis is a info message from thread 118-09-2026 00:29:34 [38;5;117m[DEBUG]: [0mThis is a debug message from thread 618-09-2026 00:29:34 [38;5;117m[DEBUG]: [0mThis is a debug message from thread 718-09-2026 00:29:34 [38;5;015m[INFO]: [0mThis is a info message from thread 218-09-2026 00:29:34 [38;5;009m[ERROR]: [0mThis is a error message from thread 118-09-2026 00:29:34 [38;5;009m[ERROR]: [0mThis is a error message from thread 2618-09-2026 00:29:34 [38;5;009m[ERROR]: [0mThis is a error message from thread 518-09-2026 00:29:34 [38;5;009m[ERROR]: [0mThis is a error message from thread 2518-09-2026 00:29:34 [38;5;015m[INFO]: [0mThis is a info message from thread 718-09-2026 00:29:34 [38;5;117m[DEBUG]: [0mThis is a debug message from thread 118-09-2026 00:29:34 [38;5;009m[ERROR]: [0mThis is a error message from thread 2418-09-2026 00:29:34 [38;5;117m[DEBUG]: [0mThis is a debug message from thread 2618-09-2026 00:29:34 [38;5;117m[DEBUG]: [0mThis is a debug message from thread 2318-09-2026 00:29:34 [38;5;015m[INFO]: [0mThis is a info message from thread 618-09-2026 00:29:34 [38;5;117m[DEBUG]: [0mThis is a debug message from thread 418-09-2026 00:29:34 [38;5;015m[INFO]: [0mThis is a info message from thread 2318-09-2026 00:29:34 [38;5;009m[ERROR]: [0mThis is a error message from thread 618-09-2026 00:29:34 [38;5;015m[INFO]: [0mThis is a info message from thread 118-09-2026 00:29:34 [38;5;015m[INFO]: [0mThis is a info message from thread 418-09-2026 00:29:34 [38;5;009m[ERROR]: [0mThis is a error message from thread 2018-09-2026 00:29:34 [38;5;015m[INFO]: [0mThis is a info message from thread 2218-09-2026 00:29:34 [38;5;009m[ERROR]: [0mThis is a error message from thread 1418-09-2026 00:29:34 [38;5;009m[ERROR]: [0mThis is a error message from thread 1218-09-2026 00:29:34 [38;5;117m[DEBUG]: [0mThis is a debug message from thread 1218-09-2026 00:29:34 [38;5;009m[ERROR]: [0mThis is a error message from thread 2218-09-2026 00:29:34 [38;5;117m[DEBUG]: [0mThis is a debug message from thread 1418-09-2026 00:29:34 [38;5;117m[DEBUG]: [0mThis is a debug message from thread 2018-09-2026 00:29:34 [38;5;009m[ERROR]: [0mThis is a error message from thread 1918-09-2026 00:29:34 [38;5;015m[INFO]: [0mThis is a info message from thread 1418-09-2026 00:29:34 [38;5;117m[DEBUG]: [0mThis is a debug message from thread 2218-09-2026 00:29:34 [38;5;117m[DEBUG]: [0mThis is a debug message from thread 618-09-2026 00:29:34 [38;5;015m[INFO]: [0mThis is a info message from thread 2618-09-2026 00:29:34 [38;5;117m[DEBUG]: [0mThis is a debug message from thread 518-09-2026 00:29:34 [38;5;015m[INFO]: [0mThis is a info message from thread 2218-09-2026 00:29:34 [38;5;117m[DEBUG]: [0mThis is a debug message from thread 2518-09-2026 00:29:34 [38;5;009m[ERROR]: [0mThis is a error message from thread 2318-09-2026 00:29:34 [38;5;009m[ERROR]: [0mThis is a error message from thread 118-09-2026 00:29:34 [38;5;015m[INFO]: [0mThis is a info message from thread 2018-09-2026 00:29:34 [38;5;009m[ERROR]: [0mThis is a error message from thread 418-09-2026 00:29:34 [38;5;015m[INFO]: [0mThis is a info message from thread 2518-09-2026 00:29:34 [38;5;117m[DEBUG]: [0mThis is a debug message from thread 818-09-2026 00:29:34 [38;5;117m[DEBUG]: [0mThis is a debug message from thread 2118-09-2026 00:29:34 [38;5;009m[ERROR]: [0mThis is a error message from thread 2618-09-2026 00:29:34 [38;5;009m[ERROR]: [0mThis is a error message from thread 2518-09-2026 00:29:34 [38;5;117m[DEBUG]: [0mThis is a debug message from thread 118-09-2026 00:29:34 [38;5;015m[INFO]: [0mThis is a info message from thread 2118-09-2026 00:29:34 [38;5;015m[INFO]: [0mThis is a info message from thread 518-09-2026 00:29:34 [38;5;117m[DEBUG]: [0mThis is a debug message from thread 418-09-2026 00:29:34 [38;5;117m[DEBUG]: [0mThis is a debug message from thread 2618-09-2026 00:29:34 [38;5;015m[INFO]: [0mThis is a info message from thread 118-09-2026 00:29:34 [38;5;117m[DEBUG]: [0mThis is a debug message from thread 2518-09-2026 00:29:34 [38;5;015m[INFO]: [0mThis is a info message from thread 818-09-2026 00:29:34 [38;5;009m[ERROR]: [0mThis is a error message from thread 118-09-2026 00:29:34 [38;5;015m[INFO]: [0mThis is a info message from thread 2618-09-2026 00:29:34 [38;5;009m[ERROR]: [0mThis is a error message from thread 2718-09-2026 00:29:34 [38;5;009m[ERROR]: [0mThis is a error message from thread 518-09-2026 00:29:34 [38;5;015m[INFO]: [0mThis is a info message from thread 2518-09-2026 00:29:34 [38;5;009m[ERROR]: [0mThis is a error message from thread 2618-09-2026 00:29:34 [38;5;009m[ERROR]: [0mThis is a error message from thread 2218-09-2026 00:29:34 [38;5;117m[DEBUG]: [0mThis is a debug message from thread 2318-09-2026 00:29:34 [38;5;117m[DEBUG]: [0mThis is a debug message from thread 2618-09-2026 00:29:34 [38;5;117m[DEBUG]: [0mThis is a debug message from thread 2718-09-2026 00:29:34 [38;5;117m[DEBUG]: [0mThis is a debug message from thread 518-09-2026 00:29:34 [38;5;015m[INFO]: [0mThis is a info message from thread 618-09-2026 00:29:34 [38;5;015m[INFO]: [0mThis is a info message from thread 518-09-2026 00:29:34 [38;5;009m[ERROR]: [0mThis is a error message from thread 618-09-2026 00:29:34 [38;5;009m[ERROR]: [0mThis is a error message from thread 2118-09-2026 00:29:34 [38;5;015m[INFO]: [0mThis is a info message from thread 2718-09-2026 00:29:34 [38;5;009m[ERROR]: [0mThis is a error message from thread 1318-09-2026 00:29:34 [38;5;015m[INFO]: [0mThis is a info message from thread 018-09-2026 00:29:34 [38;5;015m[INFO]: [0mThis is a info message from thread 1618-09-2026 00:29:34 [38;5;009m[ERROR]: [0mThis is a error message from thread 2818-09-2026 00:29:34 [38;5;015m[INFO]: [0mThis is a info message from thread 418-09-2026 00:29:34 [38;5;009m[ERROR]: [0mThis is a error message from thread 2718-09-2026 00:29:34 [38;5;009m[ERROR]: [0mThis is a error message from thread 1718-09-2026 00:29:34 [38;5;117m[DEBUG]: [0mThis is a debug message from thread 2818-09-2026 00:29:34 [38;5;117m[DEBUG]: [0mThis is a debug message from thread 118-09-2026 00:29:34 [38;5;015m[INFO]: [0mThis is a info message from thread 2918-09-2026 00:29:34 [38;5;015m[INFO]: [0mThis is a info message from thread 2318-09-2026 00:29:34 [38;5;015m[INFO]: [0mThis is a info message from thread 118-09-2026 00:29:34 [38;5;117m[DEBUG]: [0mThis is a debug message from thread 1018-09-2026 00:29:34 [38;5;009m[ERROR]: [0mThis is a error message from thread 418-09-2026 00:29:34 [38;5;009m[ERROR]: [0mThis is a error message from thread 2918-09-2026 00:29:34 [38;5;009m[ERROR]: [0mThis is a error message from thread 2018-09-2026 00:29:34 [38;5;009m[ERROR]: [0mThis is a error message from thread 2518-09-2026 00:29:34 [38;5;009m[ERROR]: [0mThis is a error message from thread 518-09-2026 00:29:34 [38;5;009m[ERROR]: [0mThis is a error message from thread 818-09-2026 00:29:34 [38;5;009m[ERROR]: [0mThis is a error message from thread 1518-09-2026 00:29:34 [38;5;015m[INFO]: [0mThis is a info message from thread 2618-09-2026 00:29:34 [38;5;015m[INFO]: [0mThis is a info message from thread 2818-09-2026 00:29:34 [38;5;117m[DEBUG]: [0mThis is a debug message from thread 618-09-2026 00:29:34 [38;5;015m[INFO]: [0mThis is a info message from thread 318-09-2026 00:29:34 [38;5;009m[ERROR]: [0mThis is a error message from thread 2318-09-2026 00:29:34 [38;5;015m[INFO]: [0mThis is a info message from thread 1018-09-2026 00:29:34 [38;5;009m[ERROR]: [0mThis is a error message from thread 1618-09-2026 00:29:34 [38;5;015m[INFO]: [0mThis is a info message from thread 1118-09-2026 00:29:34 [38;5;009m[ERROR]: [0mThis is a error message from thread 318-09-2026 00:29:34 [38;5;117m[DEBUG]: [0mThis is a debug message from thread 2118-09-2026 00:29:34 [38;5;117m[DEBUG]: [0mThis is a debug message from thread 2718-09-2026 00:29:34 [38;5;117m[DEBUG]: [0mThis is a debug message from thread 1518-09-2026 00:29:34 [38;5;015m[INFO]: [0mThis is a info message from thread 1218-09-2026 00:29:34 [38;5;117m[DEBUG]: [0mThis is a debug message from thread 418-09-2026 00:29:34 [38;5;009m[ERROR]: [0mThis is a error message from thread 718-09-2026 00:29:34 [38;5;009m[ERROR]: [0mThis is a error message from thread 1118-09-2026 00:29:34 [38;5;015m[INFO]: [0mThis is a info message from thread 2118-09-2026 00:29:34 [38;5;117m[DEBUG]: [0mThis is a debug message from thread 1118-09-2026 00:29:34 [38;5;117m[DEBUG]: [0mThis is a debug message from thread 818-09-2026 00:29:34 [38;5;009m[ERROR]: [0mThis is a error message from thread 2118-09-2026 00:29:34 [38;5;009m[ERROR]: [0mThis is a error message from thread 1418-09-2026 00:29:34 [38;5;015m[INFO]: [0mThis is a info message from thread 418-09-2026 00:29:34 [38;5;117m[DEBUG]: [0mThis is a debug message from thread 2118-09-2026 00:29:34 [38;5;015m[INFO]: [0mThis is a info message from thread 1118-09-2026 00:29:34 [38;5;117m[DEBUG]: [0mThis is a debug message from thread 2518-09-2026 00:29:34 [38;5;009m[ERROR]: [0mThis is a error message from thread 2818-09-2026 00:29:34 [38;5;009m[ERROR]: [0mThis is a error message from thread 1118-09-2026 00:29:34 [38;5;117m[DEBUG]: [0mThis is a debug message from thread 1418-09-2026 00:29:34 [38;5;117m[DEBUG]: [0mThis is a debug message from thread 2418-09-2026 00:29:34 [38;5;117m[DEBUG]: [0mThis is a debug message from thread 1618-09-2026 00:29:34 [38;5;015m[INFO]: [0mThis is a info message from thread 2518-09-2026 00:29:34 [38;5;015m[INFO]: [0mThis is a info message from thread 2118-09-2026 00:29:34 [38;5;117m[DEBUG]: [0mThis is a debug message from thread 2818-09-2026 00:29:34 [38;5;015m[INFO]: [0mThis is a info message from thread 618-09-2026 00:29:34 [38;5;009m[ERROR]: [0mThis is a error message from thread 1218-09-2026 00:29:34 [38;5;009m[ERROR]: [0mThis is a error message from thread 218-09-2026 00:29:34 [38;5;009m[ERROR]: [0mThis is a error message from thread 418-09-2026 00:29:34 [38;5;009m[ERROR]: [0mThis is a error message from thread 118-09-2026 00:29:34 [38;5;015m[INFO]: [0mThis is a info message from thread 2718-09-2026 00:29:34 [38;5;015m[INFO]: [0mThis is a info message from thread 818-09-2026 00:29:34 [38;5;009m[ERROR]: [0mThis is a error message from thread 618-09-2026 00:29:34 [38;5;117m[DEBUG]: [0mThis is a debug message from thread 2218-09-2026 00:29:34 [38;5;117m[DEBUG]: [0mThis is a debug message from thread 1218-09-2026 00:29:34 [38;5;117m[DEBUG]: [0mThis is a debug message from thread 118-09-2026 00:29:34 [38;5;117m[DEBUG]: [0mThis is a debug message from thread 418-09-2026 00:29:34 [38;5;117m[DEBUG]: [0mThis is a debug message from thread 218-09-2026 00:29:34 [38;5;015m[INFO]: [0mThis is a info message from thread 2818-09-2026 00:29:34 [38;5;009m[ERROR]: [0mThis is a error message from thread 818-09-2026 00:29:34 [38;5;117m[DEBUG]: [0mThis is a debug message from thread 1718-09-2026 00:29:34 [38;5;117m[DEBUG]: [0mThis is a debug message from thread 2318-09-2026 00:29:34 [38;5;009m[ERROR]: [0mThis is a error message from thread 2718-09-2026 00:29:34 [38;5;117m[DEBUG]: [0mThis is a debug message from thread 1318-09-2026 00:29:34 [38;5;015m[INFO]: [0mThis is a info message from thread 118-09-2026 00:29:34 [38;5;015m[INFO]: [0mThis is a info message from thread 1218-09-2026 00:29:34 [38;5;015m[INFO]: [0mThis is a info message from thread 1518-09-2026 00:29:34 [38;5;009m[ERROR]: [0mThis is a error message from thread 2818-09-2026 00:29:34 [38;5;015m[INFO]: [0mThis is a info message from thread 2418-09-2026 00:29:34 [38;5;009m[ERROR]: [0mThis is a error message from thread 1218-09-2026 00:29:34 [38;5;015m[INFO]: [0mThis is a info message from thread 1418-09-2026 00:29:34 [38;5;117m[DEBUG]: [0mThis is a debug message from thread 2718-09-2026 00:29:34 [38;5;009m[ERROR]: [0mThis is a error message from thread 018-09-2026 00:29:34 [38;5;015m[INFO]: [0mThis is a info message from thread 418-09-2026 00:29:34 [38;5;117m[DEBUG]: [0mThis is a debug message from thread 318-09-2026 00:29:34 [38;5;117m[DEBUG]: [0mThis is a debug message from thread 1218-09-2026 00:29:34 [38;5;117m[DEBUG]: [0mThis is a debug message from thread 2918-09-2026 00:29:34 [38;5;117m[DEBUG]: [0mThis is a debug message from thread 2018-09-2026 00:29:34 [38;5;009m[ERROR]: [0mThis is a error message from thread 2118-09-2026 00:29:34 [38;5;117m[DEBUG]: [0mThis is a debug message from thread 1818-09-2026 00:29:34 [38;5;117m[DEBUG]: [0mThis is a debug message from thread 618-09-2026 00:29:34 [38;5;015m[INFO]: [0mThis is a info message from thread 318-09-2026 00:29:34 [38;5;015m[INFO]: [0mThis is a info message from thread 2018-09-2026 00:29:34 [38;5;117m[DEBUG]: [0mThis is a debug message from thread 018-09-2026 00:29:34 [38;5;009m[ERROR]: [0mThis is a error message from thread 1018-09-2026 00:29:34 [38;5;015m[INFO]: [0mThis is a info message from thread 2218-09-2026 00:29:34 [38;5;015m[INFO]: [0mThis is a info message from thread 2318-09-2026 00:29:34 [38;5;015m[INFO]: [0mThis is a info message from thread 1818-09-2026 00:29:34 [38;5;009m[ERROR]: [0mThis is a error message from thread 2018-09-2026 00:29:34 [38;5;117m[DEBUG]: [0mThis is a debug message from thread 1918-09-2026 00:29:34 [38;5;009m[ERROR]: [0mThis is a error message from thread 2418-09-2026 00:29:34 [38;5;015m[INFO]: [0mThis is a info message from thread 1718-09-2026 00:29:34 [38;5;117m[DEBUG]: [0mThis is a debug message from thread 1118-09-2026 00:29:34 [38;5;015m[INFO]: [0mThis is a info message from thread 018-09-2026 00:29:34 [38;5;009m[ERROR]: [0mThis is a error message from thread 2318-09-2026 00:29:34 [38;5;009m[ERROR]: [0mThis is a error message from thread 1718-09-2026 00:29:34 [38;5;015m[INFO]: [0mThis is a info message from thread 1918-09-2026 00:29:34 [38;5;015m[INFO]: [0mThis is a info message from thread 1618-09-2026 00:29:34 [38;5;009m[ERROR]: [0mThis is a error message from thread 018-09-2026 00:29:34 [38;5;009m[ERROR]: [0mThis is a error message from thread 1618-09-2026 00:29:34 [38;5;009m[ERROR]: [0mThis is a error message from thread 2618-09-2026 00:29:34 [38;5;009m[ERROR]: [0mThis is a error message from thread 118-09-2026 00:29:34 [38;5;117m[DEBUG]: [0mThis is a debug message from thread 1618-09-2026 00:29:34 [38;5;015m[INFO]: [0mThis is a info message from thread 1218-09-2026 00:29:34 [38;5;009m[ERROR]: [0mThis is a error message from thread 1418-09-2026 00:29:34 [38;5;015m[INFO]: [0mThis is a info message from thread 1618-09-2026 00:29:34 [38;5;009m[ERROR]: [0mThis is a error message from thread 1218-09-2026 00:29:34 [38;5;015m[INFO]: [0mThis is a info message from thread 1318-09-2026 00:29:34 [38;5;009m[ERROR]: [0mThis is a error message from thread 1618-09-2026 00:29:34 [38;5;117m[DEBUG]: [0mThis is a debug message from thread 1218-09-2026 00:29:34 [38;5;117m[DEBUG]: [0mThis is a debug message from thread 2318-09-2026 00:29:34 [38;5;117m[DEBUG]: [0mThis is a debug message from thread 1018-09-2026 00:29:34 [38;5;117m[DEBUG]: [0mThis is a debug message from thread 718-09-2026 00:29:34 [38;5;117m[DEBUG]: [0mThis is a debug message from thread 1618-09-2026 00:29:34 [38;5;117m[DEBUG]: [0mThis is a debug message from thread 118-09-2026 00:29:34 [38;5;015m[INFO]: [0mThis is a info message from thread 1018-09-2026 00:29:34 [38;5;009m[ERROR]: [0mThis is a error message from thread 1318-09-2026 00:29:34 [38;5;015m[INFO]: [0mThis is a info message from thread 718-09-2026 00:29:34 [38;5;015m[INFO]: [0mThis is a info message from thread 2318-09-2026 00:29:34 [38;5;015m[INFO]: [0mThis is a info message from thread 218-09-2026 00:29:34 [38;5;009m[ERROR]: [0mThis is a error message from thread 1018-09-2026 00:29:34 [38;5;117m[DEBUG]: [0mThis is a debug message from thread 1318-09-2026 00:29:34 [38;5;117m[DEBUG]: [0mThis is a debug message from thread 2118-09-2026 00:29:34 [38;5;009m[ERROR]: [0mThis is a error message from thread 2218-09-2026 00:29:34 [38;5;015m[INFO]: [0mThis is a info message from thread 118-09-2026 00:29:34 [38;5;117m[DEBUG]: [0mThis is a debug message from thread 1418-09-2026 00:29:34 [38;5;117m[DEBUG]: [0mThis is a debug message from thread 2618-09-2026 00:29:34 [38;5;117m[DEBUG]: [0mThis is a debug message from thread 918-09-2026 00:29:34 [38;5;015m[INFO]: [0mThis is a info message from thread 1418-09-2026 00:29:34 [38;5;015m[INFO]: [0mThis is a info message from thread 918-09-2026 00:29:34 [38;5;009m[ERROR]: [0mThis is a error message from thread 1418-09-2026 00:29:34 [38;5;009m[ERROR]: [0mThis is a error message from thread 718-09-2026 00:29:34 [38;5;117m[DEBUG]: [0mThis is a debug message from thread 2018-09-2026 00:29:34 [38;5;117m[DEBUG]: [0mThis is a debug message from thread 1418-09-2026 00:29:34 [38;5;009m[ERROR]: [0mThis is a error message from thread 118-09-2026 00:29:34 [38;5;117m[DEBUG]: [0mThis is a debug message from thread 718-09-2026 00:29:34 [38;5;015m[INFO]: [0mThis is a info message from thread 2018-09-2026 00:29:34 [38;5;117m[DEBUG]: [0mThis is a debug message from thread 2218-09-2026 00:29:34 [38;5;015m[INFO]: [0mThis is a info message from thread 1418-09-2026 00:29:34 [38;5;015m[INFO]: [0mThis is a info message from thread 2218-09-2026 00:29:34 [38;5;015m[INFO]: [0mThis is a info message from thread 718-09-2026 00:29:34 [38;5;117m[DEBUG]: [0mThis is a debug message from thread 118-09-2026 00:29:34 [38;5;009m[ERROR]: [0mThis is a error message from thread 1418-09-2026 00:29:34 [38;5;009m[ERROR]: [0mThis is a error message from thread 2218-09-2026 00:29:34 [38;5;009m[ERROR]: [0mThis is a error message from thread 918-09-2026 00:29:34 [38;5;009m[ERROR]: [0mThis is a error message from thread 718-09-2026 00:29:34 [38;5;015m[INFO]: [0mThis is a info message from thread 2118-09-2026 00:29:34 [38;5;117m[DEBUG]: [0mThis is a debug message from thread 1418-09-2026 00:29:34 [38;5;009m[ERROR]: [0mThis is a error message from thread 1918-09-2026 00:29:34 [38;5;015m[INFO]: [0mThis is a info message from thread 118-09-2026 00:29:34 [38;5;015m[INFO]: [0mThis is a info message from thread 2718-09-2026 00:29:34 [38;5;009m[ERROR]: [0mThis is a error message from thread 2118-09-2026 00:29:34 [38;5;117m[DEBUG]: [0mThis is a debug message from thread 918-09-2026 00:29:34 [38;5;009m[ERROR]: [0mThis is a error message from thread 1818-09-2026 00:29:34 [38;5;009m[ERROR]: [0mThis is a error message from thread 418-09-2026 00:29:34 [38;5;009m[ERROR]: [0mThis is a error message from thread 118-09-2026 00:29:34 [38;5;117m[DEBUG]: [0mThis is a debug message from thread 1918-09-2026 00:29:34 [38;5;009m[ERROR]: [0mThis is a error message from thread 1518-09-2026 00:29:34 [38;5;117m[DEBUG]: [0mThis is a debug message from thread 818-09-2026 00:29:34 [38;5;117m[DEBUG]: [0mThis is a debug message from thread 418-09-2026 00:29:34 [38;5;015m[INFO]: [0mThis is a info message from thread 918-09-2026 00:29:34 [38;5;117m[DEBUG]: [0mThis is a debug message from thread 1818-09-2026 00:29:34 [38;5;015m[INFO]: [0mThis is a info message from thread 1818-09-2026 00:29:34 [38;5;009m[ERROR]: [0mThis is a error message from thread 918-09-2026 00:29:34 [38;5;009m[ERROR]: [0mThis is a error message from thread 2318-09-2026 00:29:34 [38;5;117m[DEBUG]: [0mThis is a debug message from thread 918-09-2026 00:29:34 [38;5;015m[INFO]: [0mThis is a info message from thread 918-09-2026 00:29:34 [38;5;009m[ERROR]: [0mThis is a error message from thread 2718-09-2026 00:29:34 [38;5;009m[ERROR]: [0mThis is a error message from thread 918-09-2026 00:29:34 [38;5;009m[ERROR]: [0mThis is a error message from thread 218-09-2026 00:29:34 [38;5;009m[ERROR]: [0mThis is a error message from thread 1818-09-2026 00:29:34 [38;5;117m[DEBUG]: [0mThis is a debug message from thread 018-09-2026 00:29:34 [38;5;117m[DEBUG]: [0mThis is a debug message from thread 218-09-2026 00:29:34 [38;5;117m[DEBUG]: [0mThis is a debug message from thread 1818-09-2026 00:29:34 [38;5;015m[INFO]: [0mThis is a info message from thread 618-09-2026 00:29:34 [38;5;117m[DEBUG]: [0mThis is a debug message from thread 2318-09-2026 00:29:34 [38;5;117m[DEBUG]: [0mThis is a debug message from thread 918-09-2026 00:29:34 [38;5;015m[INFO]: [0mThis is a info message from thread 1218-09-2026 00:29:34 [38;5;015m[INFO]: [0mThis is a info message from thread 1918-09-2026 00:29:34 [38;5;009m[ERROR]: [0mThis is a error message from thread 318-09-2026 00:29:34 [38;5;117m[DEBUG]: [0mThis is a debug message from thread 518-09-2026 00:29:34 [38;5;015m[INFO]: [0mThis is a info message from thread 1118-09-2026 00:29:34 [38;5;117m[DEBUG]: [0mThis is a debug message from thread 2718-09-2026 00:29:34 [38;5;015m[INFO]: [0mThis is a info message from thread 1818-09-2026 00:29:34 [38;5;015m[INFO]: [0mThis is a info message from thread 218-09-2026 00:29:34 [38;5;015m[INFO]: [0mThis is a info message from thread 2318-09-2026 00:29:34 [38;5;009m[ERROR]: [0mThis is a error message from thread 2018-09-2026 00:29:34 [38;5;117m[DEBUG]: [0mThis is a debug message from thread 1518-09-2026 00:29:34 [38;5;117m[DEBUG]: [0mThis is a debug message from thread 1018-09-2026 00:29:34 [38;5;015m[INFO]: [0mThis is a info message from thread 2918-09-2026 00:29:34 [38;5;117m[DEBUG]: [0mThis is a debug message from thread 2018-09-2026 00:29:34 [38;5;015m[INFO]: [0mThis is a info message from thread 918-09-2026 00:29:34 [38;5;015m[INFO]: [0mThis is a info message from thread 818-09-2026 00:29:34 [38;5;009m[ERROR]: [0mThis is a error message from thread 918-09-2026 00:29:34 [38;5;117m[DEBUG]: [0mThis is a debug message from thread 918-09-2026 00:29:34 [38;5;015m[INFO]: [0mThis is a info message from thread 1018-09-2026 00:29:34 [38;5;117m[DEBUG]: [0mThis is a debug message from thread 1718-09-2026 00:29:34 [38;5;009m[ERROR]: [0mThis is a error message from thread 1818-09-2026 00:29:34 [38;5;009m[ERROR]: [0mThis is a error message from thread 2918-09-2026 00:29:34 [38;5;009m[ERROR]: [0mThis is a error message from thread 618-09-2026 00:29:34 [38;5;015m[INFO]: [0mThis is a info message from thread 918-09-2026 00:29:34 [38;5;009m[ERROR]: [0mThis is a error message from thread 2318-09-2026 00:29:34 [38;5;117m[DEBUG]: [0mThis is a debug message from thread 318-09-2026 00:29:34 [38;5;015m[INFO]: [0mThis is a info message from thread 1718-09-2026 00:29:34 [38;5;009m[ERROR]: [0mThis is a error message from thread 1718-09-2026 00:29:34 [38;5;015m[INFO]: [0mThis is a info message from thread 2018-09-2026 00:29:34 [38;5;009m[ERROR]: [0mThis is a error message from thread 218-09-2026 00:29:34 [38;5;015m[INFO]: [0mThis is a info message from thread 518-09-2026 00:29:34 [38;5;117m[DEBUG]: [0mThis is a debug message from thread 218-09-2026 00:29:34 [38;5;009m[ERROR]: [0mThis is a error message from thread 918-09-2026 00:29:34 [38;5;015m[INFO]: [0mThis is a info message from thread 2718-09-2026 00:29:34 [38;5;015m[INFO]: [0mThis is a info message from thread 318-09-2026 00:29:34 [38;5;117m[DEBUG]: [0mThis is a debug message from thread 2318-09-2026 00:29:34 [38;5;009m[ERROR]: [0mThis is a error message from thread 1018-09-2026 00:29:34 [38;5;117m[DEBUG]: [0mThis is a debug message from thread 2218-09-2026 00:29:34 [38;5;117m[DEBUG]: [0mThis is a debug message from thread 1818-09-2026 00:29:34 [38;5;015m[INFO]: [0mThis is a info message from thread 2318-09-2026 00:29:34 [38;5;117m[DEBUG]: [0mThis is a debug message from thread 2918-09-2026 00:29:34 [38;5;009m[ERROR]: [0mThis is a error message from thread 2518-09-2026 00:29:34 [38;5;015m[INFO]: [0mThis is a info message from thread 218-09-2026 00:29:34 [38;5;117m[DEBUG]: [0mThis is a debug message from thread 918-09-2026 00:29:34 [38;5;117m[DEBUG]: [0mThis is a debug message from thread 2518-09-2026 00:29:34 [38;5;009m[ERROR]: [0mThis is a error message from thread 2018-09-2026 00:29:34 [38;5;015m[INFO]: [0mThis is a info message from thread 2518-09-2026 00:29:34 [38;5;015m[INFO]: [0mThis is a info message from thread 918-09-2026 00:29:34 [38;5;117m[DEBUG]: [0mThis is a debug message from thread 618-09-2026 00:29:34 [38;5;009m[ERROR]: [0mThis is a error message from thread 318-09-2026 00:29:34 [38;5;009m[ERROR]: [0mThis is a error message from thread 2318-09-2026 00:29:34 [38;5;117m[DEBUG]: [0mThis is a debug message from thread 1018-09-2026 00:29:34 [38;5;117m[DEBUG]: [0mThis is a debug message from thread 2418-09-2026 00:29:34 [38;5;117m[DEBUG]: [0mThis is a debug message from thread 2118-09-2026 00:29:34 [38;5;015m[INFO]: [0mThis is a info message from thread 2918-09-2026 00:29:34 [38;5;009m[ERROR]: [0mThis is a error message from thread 1918-09-2026 00:29:34 [38;5;009m[ERROR]: [0mThis is a error message from thread 2518-09-2026 00:29:34 [38;5;117m[DEBUG]: [0mThis is a debug message from thread 2818-09-2026 00:29:34 [38;5;015m[INFO]: [0mThis is a info message from thread 1318-09-2026 00:29:34 [38;5;015m[INFO]: [0mThis is a info message from thread 1018-09-2026 00:29:34 [38;5;015m[INFO]: [0mThis is a info message from thread 1818-09-2026 00:29:34 [38;5;009m[ERROR]: [0mThis is a error message from thread 1018-09-2026 00:29:34 [38;5;015m[INFO]: [0mThis is a info message from thread 418-09-2026 00:29:34 [38;5;015m[INFO]: [0mThis is a info message from thread 2418-09-2026 00:29:34 [38;5;009m[ERROR]: [0mThis is a error message from thread 1818-09-2026 00:29:34 [38;5;117m[DEBUG]: [0mThis is a debug message from thread 1018-09-2026 00:29:34 [38;5;015m[INFO]: [0mThis is a info message from thread 2118-09-2026 00:29:34 [38;5;009m[ERROR]: [0mThis is a error message from thread 918-09-2026 00:29:34 [38;5;117m[DEBUG]: [0mThis is a debug message from thread 2518-09-2026 00:29:34 [38;5;015m[INFO]: [0mThis is a info message from thread 1618-09-2026 00:29:34 [38;5;009m[ERROR]: [0mThis is a error message from thread 218-09-2026 00:29:34 [38;5;009m[ERROR]: [0mThis is a error message from thread 518-09-2026 00:29:34 [38;5;009m[ERROR]: [0mThis is a error message from thread 2418-09-2026 00:29:34 [38;5;117m[DEBUG]: [0mThis is a debug message from thread 518-09-2026 00:29:34 [38;5;117m[DEBUG]: [0mThis is a debug message from thread 918-09-2026 00:29:34 [38;5;015m[INFO]: [0mThis is a info message from thread 518-09-2026 00:29:34 [38;5;015m[INFO]: [0mThis is a info message from thread 918-09-2026 00:29:34 [38;5;117m[DEBUG]: [0mThis is a debug message from thread 1818-09-2026 00:29:34 [38;5;009m[ERROR]: [0mThis is a error message from thread 418-09-2026 00:29:34 [38;5;117m[DEBUG]: [0mThis is a debug message from thread 118-09-2026 00:29:34 [38;5;009m[ERROR]: [0mThis is a error message from thread 518-09-2026 00:29:34 [38;5;117m[DEBUG]: [0mThis is a debug message from thread 318-09-2026 00:29:34 [38;5;015m[INFO]: [0mThis is a info message from thread 118-09-2026 00:29:34 [38;5;117m[DEBUG]: [0mThis is a debug message from thread 418-09-2026 00:29:34 [38;5;009m[ERROR]: [0mThis is a error message from thread 918-09-2026 00:29:34 [38;5;009m[ERROR]: [0mThis is a error message from thread 1318-09-2026 00:29:34 [38;5;009m[ERROR]: [0mThis is a error message from thread 2918-09-2026 00:29:34 [38;5;015m[INFO]: [0mThis is a info message from thread 018-09-2026 00:29:34 [38;5;009m[ERROR]: [0mThis is a error message from thread 1118-09-2026 00:29:34 [38;5;117m[DEBUG]: [0mThis is a debug message from thread 2418-09-2026 00:29:34 [38;5;015m[INFO]: [0mThis is a info message from thread 1518-09-2026 00:29:34 [38;5;009m[ERROR]: [0mThis is a error message from thread 2118-09-2026 00:29:34 [38;5;117m[DEBUG]: [0mThis is a debug message from thread 518-09-2026 00:29:34 [38;5;117m[DEBUG]: [0mThis is a debug message from thread 2118-09-2026 00:29:34 [38;5;117m[DEBUG]: [0mThis is a debug message from thread 1718-09-2026 00:29:34 [38;5;117m[DEBUG]: [0mThis is a debug message from thread 1318-09-2026 00:29:34 [38;5;015m[INFO]: [0mThis is a info message from thread 2118-09-2026 00:29:34 [38;5;117m[DEBUG]: [0mThis is a debug message from thread 918-09-2026 00:29:34 [38;5;009m[ERROR]: [0mThis is a error message from thread 018-09-2026 00:29:34 [38;5;015m[INFO]: [0mThis is a info message from thread 318-09-2026 00:29:34 [38;5;015m[INFO]: [0mThis is a info message from thread 418-09-2026 00:29:34 [38;5;015m[INFO]: [0mThis is a info message from thread 518-09-2026 00:29:34 [38;5;015m[INFO]: [0mThis is a info message from thread 1318-09-2026 00:29:34 [38;5;009m[ERROR]: [0mThis is a error message from thread 318-09-2026 00:29:34 [38;5;015m[INFO]: [0mThis is a info message from thread 918-09-2026 00:29:34 [38;5;015m[INFO]: [0mThis is a info message from thread 1718-09-2026 00:29:34 [38;5;015m[INFO]: [0mThis is a info message from thread 2218-09-2026 00:29:34 [38;5;117m[DEBUG]: [0mThis is a debug message from thread 318-09-2026 00:29:34 [38;5;117m[DEBUG]: [0mThis is a debug message from thread 2918-09-2026 00:29:34 [38;5;117m[DEBUG]: [0mThis is a debug message from thread 018-09-2026 00:29:34 [38;5;009m[ERROR]: [0mThis is a error message from thread 518-09-2026 00:29:34 [38;5;015m[INFO]: [0mThis is a info message from thread 2618-09-2026 00:29:34 [38;5;015m[INFO]: [0mThis is a info message from thread 2418-09-2026 00:29:34 [38;5;009m[ERROR]: [0mThis is a error message from thread 2218-09-2026 00:29:34 [38;5;015m[INFO]: [0mThis is a info message from thread 018-09-2026 00:29:34 [38;5;009m[ERROR]: [0mThis is a error message from thread 418-09-2026 00:29:34 [38;5;009m[ERROR]: [0mThis is a error message from thread 2118-09-2026 00:29:34 [38;5;117m[DEBUG]: [0mThis is a debug message from thread 518-09-2026 00:29:34 [38;5;009m[ERROR]: [0mThis is a error message from thread 2618-09-2026 00:29:34 [38;5;117m[DEBUG]: [0mThis is a debug message from thread 2218-09-2026 00:29:34 [38;5;015m[INFO]: [0mThis is a info message from thread 318-09-2026 00:29:34 [38;5;117m[DEBUG]: [0mThis is a debug message from thread 2018-09-2026 00:29:34 [38;5;117m[DEBUG]: [0mThis is a debug message from thread 2618-09-2026 00:29:34 [38;5;009m[ERROR]: [0mThis is a error message from thread 1218-09-2026 00:29:34 [38;5;117m[DEBUG]: [0mThis is a debug message from thread 2318-09-2026 00:29:34 [38;5;015m[INFO]: [0mThis is a info message from thread 2918-09-2026 00:29:34 [38;5;015m[INFO]: [0mThis is a info message from thread 2618-09-2026 00:29:34 [38;5;117m[DEBUG]: [0mThis is a debug message from thread 2118-09-2026 00:29:34 [38;5;015m[INFO]: [0mThis is a info message from thread 618-09-2026 00:29:34 [38;5;117m[DEBUG]: [0mThis is a debug message from thread 718-09-2026 00:29:34 [38;5;009m[ERROR]: [0mThis is a error message from thread 318-09-2026 00:29:34 [38;5;015m[INFO]: [0mThis is a info message from thread 518-09-2026 00:29:34 [38;5;015m[INFO]: [0mThis is a info message from thread 1818-09-2026 00:29:34 [38;5;015m[INFO]: [0mThis is a info message from thread 2118-09-2026 00:29:34 [38;5;015m[INFO]: [0mThis is a info message from thread 1018-09-2026 00:29:34 [38;5;009m[ERROR]: [0mThis is a error message from thread 2918-09-2026 00:29:34 [38;5;015m[INFO]: [0mThis is a info message from thread 718-09-2026 00:29:34 [38;5;009m[ERROR]: [0mThis is a error message from thread 518-09-2026 00:29:34 [38;5;117m[DEBUG]: [0mThis is a debug message from thread 2918-09-2026 00:29:34 [38;5;015m[INFO]: [0mThis is a info message from thread 2818-09-2026 00:29:34 [38;5;009m[ERROR]: [0mThis is a error message from thread 1818-09-2026 00:29:34 [38;5;009m[ERROR]: [0mThis is a error message from thread 1018-09-2026 00:29:34 [38;5;015m[INFO]: [0mThis is a info message from thread 2318-09-2026 00:29:34 [38;5;009m[ERROR]: [0mThis is a error message from thread 018-09-2026 00:29:34 [38;5;117m[DEBUG]: [0mThis is a debug message from thread 518-09-2026 00:29:34 [38;5;009m[ERROR]: [0mThis is a error message from thread 2818-09-2026 00:29:34 [38;5;009m[ERROR]: [0mThis is a error message from thread 718-09-2026 00:29:34 [38;5;117m[DEBUG]: [0mThis is a debug message from thread 1818-09-2026 00:29:34 [38;5;009m[ERROR]: [0mThis is a error message from thread 2718-09-2026 00:29:34 [38;5;117m[DEBUG]: [0mThis is a debug message from thread 2818-09-2026 00:29:34 [38;5;117m[DEBUG]: [0mThis is a debug message from thread 1118-09-2026 00:29:34 [38;5;015m[INFO]: [0mThis is a info message from thread 2818-09-2026 00:29:34 [38;5;009m[ERROR]: [0mThis is a error message from thread 2318-09-2026 00:29:34 [38;5;117m[DEBUG]: [0mThis is a debug message from thread 318-09-2026 00:29:34 [38;5;015m[INFO]: [0mThis is a info message from thread 2518-09-2026 00:29:34 [38;5;009m[ERROR]: [0mThis is a error message from thread 818-09-2026 00:29:34 [38;5;015m[INFO]: [0mThis is a info message from thread 318-09-2026 00:29:34 [38;5;015m[INFO]: [0mThis is a info message from thread 2918-09-2026 00:29:34 [38;5;117m[DEBUG]: [0mThis is a debug message from thread 018-09-2026 00:29:34 [38;5;009m[ERROR]: [0mThis is a error message from thread 918-09-2026 00:29:34 [38;5;009m[ERROR]: [0mThis is a error message from thread 618-09-2026 00:29:34 [38;5;015m[INFO]: [0mThis is a info message from thread 2018-09-2026 00:29:34 [38;5;009m[ERROR]: [0mThis is a error message from thread 2918-09-2026 00:29:34 [38;5;009m[ERROR]: [0mThis is a error message from thread 1718-09-2026 00:29:34 [38;5;015m[INFO]: [0mThis is a info message from thread 1818-09-2026 00:29:34 [38;5;117m[DEBUG]: [0mThis is a debug message from thread 418-09-2026 00:29:34 [38;5;117m[DEBUG]: [0mThis is a debug message from thread 1918-09-2026 00:29:34 [38;5;117m[DEBUG]: [0mThis is a debug message from thread 2318-09-2026 00:29:34 [38;5;009m[ERROR]: [0mThis is a error message from thread 2418-09-2026 00:29:34 [38;5;117m[DEBUG]: [0mThis is a debug message from thread 918-09-2026 00:29:34 [38;5;009m[ERROR]: [0mThis is a error message from thread 1618-09-2026 00:29:34 [38;5;117m[DEBUG]: [0mThis is a debug message from thread 718-09-2026 00:29:34 [38;5;009m[ERROR]: [0mThis is a error message from thread 2118-09-2026 00:29:34 [38;5;117m[DEBUG]: [0mThis is a debug message from thread 2918-09-2026 00:29:34 [38;5;009m[ERROR]: [0mThis is a error message from thread 2818-09-2026 00:29:34 [38;5;009m[ERROR]: [0mThis is a error message from thread 2518-09-2026 00:29:34 [38;5;015m[INFO]: [0mThis is a info message from thread 1118-09-2026 00:29:34 [38;5;117m[DEBUG]: [0mThis is a debug message from thread 1218-09-2026 00:29:34 [38;5;117m[DEBUG]: [0mThis is a debug message from thread 1018-09-2026 00:29:34 [38;5;117m[DEBUG]: [0mThis is a debug message from thread 2518-09-2026 00:29:34 [38;5;117m[DEBUG]: [0mThis is a debug message from thread 1618-09-2026 00:29:34 [38;5;009m[ERROR]: [0mThis is a error message from thread 1518-09-2026 00:29:34 [38;5;009m[ERROR]: [0mThis is a error message from thread 318-09-2026 00:29:34 [38;5;015m[INFO]: [0mThis is a info message from thread 2518-09-2026 00:29:34 [38;5;015m[INFO]: [0mThis is a info message from thread 1618-09-2026 00:29:34 [38;5;009m[ERROR]: [0mThis is a error message from thread 1618-09-2026 00:29:34 [38;5;009m[ERROR]: [0mThis is a error message from thread 2518-09-2026 00:29:34 [38;5;117m[DEBUG]: [0mThis is a debug message from thread 1618-09-2026 00:29:34 [38;5;117m[DEBUG]: [0mThis is a debug message from thread 318-09-2026 00:29:34 [38;5;117m[DEBUG]: [0mThis is a debug message from thread 2518-09-2026 00:29:34 [38;5;015m[INFO]: [0mThis is a info message from thread 318-09-2026 00:29:34 [38;5;015m[INFO]: [0mThis is a info message from thread 518-09-2026 00:29:34 [38;5;009m[ERROR]: [0mThis is a error message from thread 2018-09-2026 00:29:34 [38;5;015m[INFO]: [0mThis is a info message from thread 1418-09-2026 00:29:34 [38;5;009m[ERROR]: [0mThis is a error message from thread 1318-09-2026 00:29:34 [38;5;009m[ERROR]: [0mThis is a error message from thread 1118-09-2026 00:29:34 [38;5;015m[INFO]: [0mThis is a info message from thread 718-09-2026 00:29:34 [38;5;015m[INFO]: [0mThis is a info message from thread 2218-09-2026 00:29:34 [38;5;009m[ERROR]: [0mThis is a error message from thread 1418-09-2026 00:29:34 [38;5;009m[ERROR]: [0mThis is a error message from thread 2618-09-2026 00:29:34 [38;5;015m[INFO]: [0mThis is a info message from thread 418-09-2026 00:29:34 [38;5;009m[ERROR]: [0mThis is a error message from thread 518-09-2026 00:29:34 [38;5;009m[ERROR]: [0mThis is a error message from thread 318-09-2026 00:29:34 [38;5;009m[ERROR]: [0mThis is a error message from thread 2218-09-2026 00:29:34 [38;5;117m[DEBUG]: [0mThis is a debug message from thread 2618-09-2026 00:29:34 [38;5;117m[DEBUG]: [0mThis is a debug message from thread 318-09-2026 00:29:34 [38;5;117m[DEBUG]: [0mThis is a debug message from thread 518-09-2026 00:29:34 [38;5;117m[DEBUG]: [0mThis is a debug message from thread 1718-09-2026 00:29:34 [38;5;117m[DEBUG]: [0mThis is a debug message from thread 218-09-2026 00:29:34 [38;5;009m[ERROR]: [0mThis is a error message from thread 718-09-2026 00:29:34 [38;5;117m[DEBUG]: [0mThis is a debug message from thread 718-09-2026 00:29:34 [38;5;015m[INFO]: [0mThis is a info message from thread 318-09-2026 00:29:34 [38;5;117m[DEBUG]: [0mThis is a debug message from thread 1318-09-2026 00:29:34 [38;5;117m[DEBUG]: [0mThis is a debug message from thread 1118-09-2026 00:29:34 [38;5;117m[DEBUG]: [0mThis is a debug message from thread 1418-09-2026 00:29:34 [38;5;009m[ERROR]: [0mThis is a error message from thread 1818-09-2026 00:29:34 [38;5;117m[DEBUG]: [0mThis is a debug message from thread 2418-09-2026 00:29:34 [38;5;117m[DEBUG]: [0mThis is a debug message from thread 818-09-2026 00:29:34 [38;5;015m[INFO]: [0mThis is a info message from thread 1718-09-2026 00:29:34 [38;5;015m[INFO]: [0mThis is a info message from thread 1318-09-2026 00:29:34 [38;5;009m[ERROR]: [0mThis is a error message from thread 318-09-2026 00:29:34 [38;5;015m[INFO]: [0mThis is a info message from thread 018-09-2026 00:29:34 [38;5;015m[INFO]: [0mThis is a info message from thread 2318-09-2026 00:29:34 [38;5;009m[ERROR]: [0mThis is a error message from thread 118-09-2026 00:29:34 [38;5;015m[INFO]: [0mThis is a info message from thread 718-09-2026 00:29:34 [38;5;117m[DEBUG]: [0mThis is a debug message from thread 118-09-2026 00:29:34 [38;5;015m[INFO]: [0mThis is a info message from thread 518-09-2026 00:29:34 [38;5;009m[ERROR]: [0mThis is a error message from thread 418-09-2026 00:29:34 [38;5;015m[INFO]: [0mThis is a info message from thread 2918-09-2026 00:29:34 [38;5;015m[INFO]: [0mThis is a info message from thread 1218-09-2026 00:29:34 [38;5;015m[INFO]: [0mThis is a info message from thread 1418-09-2026 00:29:34 [38;5;015m[INFO]: [0mThis is a info message from thread 1118-09-2026 00:29:34 [38;5;015m[INFO]: [0mThis is a info message from thread 2518-09-2026 00:29:34 [38;5;015m[INFO]: [0mThis is a info message from thread 2618-09-2026 00:29:34 [38;5;009m[ERROR]: [0mThis is a error message from thread 518-09-2026 00:29:34 [38;5;015m[INFO]: [0mThis is a info message from thread 1618-09-2026 00:29:34 [38;5;117m[DEBUG]: [0mThis is a debug message from thread 2118-09-2026 00:29:34 [38;5;009m[ERROR]: [0mThis is a error message from thread 018-09-2026 00:29:34 [38;5;117m[DEBUG]: [0mThis is a debug message from thread 518-09-2026 00:29:34 [38;5;009m[ERROR]: [0mThis is a error message from thread 2618-09-2026 00:29:34 [38;5;009m[ERROR]: [0mThis is a error message from thread 718-09-2026 00:29:34 [38;5;117m[DEBUG]: [0mThis is a debug message from thread 618-09-2026 00:29:34 [38;5;117m[DEBUG]: [0mThis is a debug message from thread 718-09-2026 00:29:34 [38;5;015m[INFO]: [0mThis is a info message from thread 518-09-2026 00:29:34 [38;5;015m[INFO]: [0mThis is a info message from thread 718-09-2026 00:29:34 [38;5;009m[ERROR]: [0mThis is a error message from thread 1118-09-2026 00:29:34 [38;5;009m[ERROR]: [0mThis is a error message from thread 1618-09-2026 00:29:34 [38;5;117m[DEBUG]: [0mThis is a debug message from thread 1518-09-2026 00:29:34 [38;5;117m[DEBUG]: [0mThis is a debug message from thread 2018-09-2026 00:29:34 [38;5;117m[DEBUG]: [0mThis is a debug message from thread 2618-09-2026 00:29:34 [38;5;009m[ERROR]: [0mThis is a error message from thread 1718-09-2026 00:29:34 [38;5;015m[INFO]: [0mThis is a info message from thread 218-09-2026 00:29:34 [38;5;009m[ERROR]: [0mThis is a error message from thread 1318-09-2026 00:29:34 [38;5;117m[DEBUG]: [0mThis is a debug message from thread 1618-09-2026 00:29:34 [38;5;015m[INFO]: [0mThis is a info message from thread 2018-09-2026 00:29:34 [38;5;009m[ERROR]: [0mThis is a error message from thread 1218-09-2026 00:29:34 [38;5;015m[INFO]: [0mThis is a info message from thread 2118-09-2026 00:29:34 [38;5;015m[INFO]: [0mThis is a info message from thread 2618-09-2026 00:29:34 [38;5;009m[ERROR]: [0mThis is a error message from thread 2018-09-2026 00:29:34 [38;5;117m[DEBUG]: [0mThis is a debug message from thread 418-09-2026 00:29:34 [38;5;009m[ERROR]: [0mThis is a error message from thread 1418-09-2026 00:29:34 [38;5;117m[DEBUG]: [0mThis is a debug message from thread 2718-09-2026 00:29:34 [38;5;015m[INFO]: [0mThis is a info message from thread 1018-09-2026 00:29:34 [38;5;009m[ERROR]: [0mThis is a error message from thread 718-09-2026 00:29:34 [38;5;117m[DEBUG]: [0mThis is a debug message from thread 1318-09-2026 00:29:34 [38;5;117m[DEBUG]: [0mThis is a debug message from thread 018-09-2026 00:29:34 [38;5;015m[INFO]: [0mThis is a info message from thread 118-09-2026 00:29:34 [38;5;117m[DEBUG]: [0mThis is a debug message from thread 1718-09-2026 00:29:34 [38;5;015m[INFO]: [0mThis is a info message from thread 418-09-2026 00:29:34 [38;5;009m[ERROR]: [0mThis is a error message from thread 2618-09-2026 00:29:34 [38;5;117m[DEBUG]: [0mThis is a debug message from thread 2818-09-2026 00:29:34 [38;5;117m[DEBUG]: [0mThis is a debug message from thread 2018-09-2026 00:29:34 [38;5;015m[INFO]: [0mThis is a info message from thread 018-09-2026 00:29:34 [38;5;117m[DEBUG]: [0mThis is a debug message from thread 2618-09-2026 00:29:34 [38;5;015m[INFO]: [0mThis is a info message from thread 1618-09-2026 00:29:34 [38;5;117m[DEBUG]: [0mThis is a debug message from thread 318-09-2026 00:29:34 [38;5;117m[DEBUG]: [0mThis is a debug message from thread 1118-09-2026 00:29:34 [38;5;009m[ERROR]: [0mThis is a error message from thread 2918-09-2026 00:29:34 [38;5;117m[DEBUG]: [0mThis is a debug message from thread 718-09-2026 00:29:34 [38;5;009m[ERROR]: [0mThis is a error message from thread 018-09-2026 00:29:34 [38;5;117m[DEBUG]: [0mThis is a debug message from thread 1418-09-2026 00:29:34 [38;5;009m[ERROR]: [0mThis is a error message from thread 2118-09-2026 00:29:34 [38;5;015m[INFO]: [0mThis is a info message from thread 818-09-2026 00:29:34 [38;5;015m[INFO]: [0mThis is a info message from thread 318-09-2026 00:29:34 [38;5;009m[ERROR]: [0mThis is a error message from thread 1018-09-2026 00:29:34 [38;5;009m[ERROR]: [0mThis is a error message from thread 118-09-2026 00:29:34 [38;5;015m[INFO]: [0mThis is a info message from thread 618-09-2026 00:29:34 [38;5;117m[DEBUG]: [0mThis is a debug message from thread 1818-09-2026 00:29:34 [38;5;009m[ERROR]: [0mThis is a error message from thread 518-09-2026 00:29:34 [38;5;009m[ERROR]: [0mThis is a error message from thread 2318-09-2026 00:29:34 [38;5;015m[INFO]: [0mThis is a info message from thread 1118-09-2026 00:29:34 [38;5;117m[DEBUG]: [0mThis is a debug message from thread 1218-09-2026 00:29:34 [38;5;117m[DEBUG]: [0mThis is a debug message from thread 2118-09-2026 00:29:34 [38;5;117m[DEBUG]: [0mThis is a debug message from thread 2918-09-2026 00:29:34 [38;5;015m[INFO]: [0mThis is a info message from thread 2718-09-2026 00:29:34 [38;5;015m[INFO]: [0mThis is a info message from thread 1918-09-2026 00:29:34 [38;5;009m[ERROR]: [0mThis is a error message from thread 1918-09-2026 00:29:34 [38;5;009m[ERROR]: [0mThis is a error message from thread 818-09-2026 00:29:34 [38;5;117m[DEBUG]: [0mThis is a debug message from thread 518-09-2026 00:29:34 [38;5;015m[INFO]: [0mThis is a info message from thread 518-09-2026 00:29:34 [38;5;009m[ERROR]: [0mThis is a error message from thread 318-09-2026 00:29:34 [38;5;117m[DEBUG]: [0mThis is a debug message from thread 818-09-2026 00:29:34 [38;5;009m[ERROR]: [0mThis is a error message from thread 518-09-2026 00:29:34 [38;5;015m[INFO]: [0mThis is a info message from thread 918-09-2026 00:29:34 [38;5;015m[INFO]: [0mThis is a info message from thread 1218-09-2026 00:29:34 [38;5;009m[ERROR]: [0mThis is a error message from thread 418-09-2026 00:29:34 [38;5;009m[ERROR]: [0mThis is a error message from thread 1218-09-2026 00:29:34 [38;5;117m[DEBUG]: [0mThis is a debug message from thread 318-09-2026 00:29:34 [38;5;117m[DEBUG]: [0mThis is a debug message from thread 418-09-2026 00:29:34 [38;5;015m[INFO]: [0mThis is a info message from thread 1318-09-2026 00:29:34 [38;5;015m[INFO]: [0mThis is a info message from thread 2118-09-2026 00:29:34 [38;5;015m[INFO]: [0mThis is a info message from thread 1718-09-2026 00:29:34 [38;5;009m[ERROR]: [0mThis is a error message from thread 1318-09-2026 00:29:34 [38;5;009m[ERROR]: [0mThis is a error message from thread 2118-09-2026 00:29:34 [38;5;009m[ERROR]: [0mThis is a error message from thread 1718-09-2026 00:29:34 [38;5;015m[INFO]: [0mThis is a info message from thread 2418-09-2026 00:29:34 [38;5;117m[DEBUG]: [0mThis is a debug message from thread 2318-09-2026 00:29:34 [38;5;015m[INFO]: [0mThis is a info message from thread 2318-09-2026 00:29:34 [38;5;117m[DEBUG]: [0mThis is a debug message from thread 1918-09-2026 00:29:34 [38;5;015m[INFO]: [0mThis is a info message from thread 418-09-2026 00:29:34 [38;5;015m[INFO]: [0mThis is a info message from thread 2018-09-2026 00:29:34 [38;5;009m[ERROR]: [0mThis is a error message from thread 2518-09-2026 00:29:34 [38;5;015m[INFO]: [0mThis is a info message from thread 1518-09-2026 00:29:34 [38;5;015m[INFO]: [0mThis is a info message from thread 318-09-2026 00:29:34 [38;5;009m[ERROR]: [0mThis is a error message from thread 2318-09-2026 00:29:34 [38;5;015m[INFO]: [0mThis is a info message from thread 2818-09-2026 00:29:34 [38;5;015m[INFO]: [0mThis is a info message from thread 1918-09-2026 00:29:34 [38;5;117m[DEBUG]: [0mThis is a debug message from thread 018-09-2026 00:29:34 [38;5;015m[INFO]: [0mThis is a info message from thread 2618-09-2026 00:29:34 [38;5;015m[INFO]: [0mThis is a info message from thread 718-09-2026 00:29:34 [38;5;015m[INFO]: [0mThis is a info message from thread 1418-09-2026 00:29:34 [38;5;015m[INFO]: [0mThis is a info message from thread 1818-09-2026 00:29:34 [38;5;117m[DEBUG]: [0mThis is a debug message from thread 518-09-2026 00:29:34 [38;5;015m[INFO]: [0mThis is a info message from thread 818-09-2026 00:29:34 [38;5;009m[ERROR]: [0mThis is a error message from thread 1918-09-2026 00:29:34 [38;5;009m[ERROR]: [0mThis is a error message from thread 1818-09-2026 00:29:34 [38;5;009m[ERROR]: [0mThis is a error message from thread 2418-09-2026 00:29:34 [38;5;009m[ERROR]: [0mThis is a error message from thread 1418-09-2026 00:29:34 [38;5;015m[INFO]: [0mThis is a info message from thread 018-09-2026 00:29:34 [38;5;009m[ERROR]: [0mThis is a error message from thread 318-09-2026 00:29:34 [38;5;009m[ERROR]: [0mThis is a error message from thread 918-09-2026 00:29:34 [38;5;117m[DEBUG]: [0mThis is a debug message from thread 1818-09-2026 00:29:34 [38;5;117m[DEBUG]: [0mThis is a debug message from thread 1418-09-2026 00:29:34 [38;5;117m[DEBUG]: [0mThis is a debug message from thread 2418-09-2026 00:29:34 [38;5;117m[DEBUG]: [0mThis is a debug message from thread 918-09-2026 00:29:34 [38;5;015m[INFO]: [0mThis is a info message from thread 1818-09-2026 00:29:34 [38;5;009m[ERROR]: [0mThis is a error message from thread 2818-09-2026 00:29:34 [38;5;117m[DEBUG]: [0mThis is a debug message from thread 1218-09-2026 00:29:34 [38;5;009m[ERROR]: [0mThis is a error message from thread 1818-09-2026 00:29:34 [38;5;015m[INFO]: [0mThis is a info message from thread 2418-09-2026 00:29:34 [38;5;117m[DEBUG]: [0mThis is a debug message from thread 318-09-2026 00:29:34 [38;5;009m[ERROR]: [0mThis is a error message from thread 818-09-2026 00:29:34 [38;5;009m[ERROR]: [0mThis is a error message from thread 018-09-2026 00:29:34 [38;5;015m[INFO]: [0mThis is a info message from thread 1418-09-2026 00:29:34 [38;5;009m[ERROR]: [0mThis is a error message from thread 2018-09-2026 00:29:34 [38;5;015m[INFO]: [0mThis is a info message from thread 518-09-2026 00:29:34 [38;5;117m[DEBUG]: [0mThis is a debug message from thread 2818-09-2026 00:29:34 [38;5;117m[DEBUG]: [0mThis is a debug message from thread 2118-09-2026 00:29:34 [38;5;015m[INFO]: [0mThis is a info message from thread 318-09-2026 00:29:34 [38;5;009m[ERROR]: [0mThis is a error message from thread 418-09-2026 00:29:34 [38;5;117m[DEBUG]: [0mThis is a debug message from thread 1818-09-2026 00:29:34 [38;5;117m[DEBUG]: [0mThis is a debug message from thread 018-09-2026 00:29:34 [38;5;015m[INFO]: [0mThis is a info message from thread 1218-09-2026 00:29:34 [38;5;015m[INFO]: [0mThis is a info message from thread 1818-09-2026 00:29:34 [38;5;009m[ERROR]: [0mThis is a error message from thread 518-09-2026 00:29:34 [38;5;009m[ERROR]: [0mThis is a error message from thread 1818-09-2026 00:29:34 [38;5;015m[INFO]: [0mThis is a info message from thread 2118-09-2026 00:29:34 [38;5;015m[INFO]: [0mThis is a info message from thread 018-09-2026 00:29:34 [38;5;117m[DEBUG]: [0mThis is a debug message from thread 2518-09-2026 00:29:34 [38;5;009m[ERROR]: [0mThis is a error message from thread 2118-09-2026 00:29:34 [38;5;009m[ERROR]: [0mThis is a error message from thread 1418-09-2026 00:29:34 [38;5;117m[DEBUG]: [0mThis is a debug message from thread 1318-09-2026 00:29:34 [38;5;117m[DEBUG]: [0mThis is a debug message from thread 1818-09-2026 00:29:34 [38;5;009m[ERROR]: [0mThis is a error message from thread 2618-09-2026 00:29:34 [38;5;117m[DEBUG]: [0mThis is a debug message from thread 118-09-2026 00:29:34 [38;5;117m[DEBUG]: [0mThis is a debug message from thread 1018-09-2026 00:29:34 [38;5;117m[DEBUG]: [0mThis is a debug message from thread 818-09-2026 00:29:34 [38;5;009m[ERROR]: [0mThis is a error message from thread 1118-09-2026 00:29:34 [38;5;009m[ERROR]: [0mThis is a error message from thread 618-09-2026 00:29:34 [38;5;009m[ERROR]: [0mThis is a error message from thread 218-09-2026 00:29:34 [38;5;117m[DEBUG]: [0mThis is a debug message from thread 1718-09-2026 00:29:34 [38;5;009m[ERROR]: [0mThis is a error message from thread 2418-09-2026 00:29:34 [38;5;015m[INFO]: [0mThis is a info message from thread 1718-09-2026 00:29:34 [38;5;015m[INFO]: [0mThis is a info message from thread 118-09-2026 00:29:34 [38;5;117m[DEBUG]: [0mThis is a debug message from thread 2018-09-2026 00:29:34 [38;5;117m[DEBUG]: [0mThis is a debug message from thread 2118-09-2026 00:29:34 [38;5;015m[INFO]: [0mThis is a info message from thread 2918-09-2026 00:29:34 [38;5;015m[INFO]: [0mThis is a info message from thread 2018-09-2026 00:29:34 [38;5;015m[INFO]: [0mThis is a info message from thread 2818-09-2026 00:29:34 [38;5;009m[ERROR]: [0mThis is a error message from thread 1718-09-2026 00:29:34 [38;5;009m[ERROR]: [0mThis is a error message from thread 2018-09-2026 00:29:34 [38;5;117m[DEBUG]: [0mThis is a debug message from thread 618-09-2026 00:29:34 [38;5;015m[INFO]: [0mThis is a info message from thread 2118-09-2026 00:29:34 [38;5;009m[ERROR]: [0mThis is a error message from thread 118-09-2026 00:29:34 [38;5;117m[DEBUG]: [0mThis is a debug message from thread 2318-09-2026 00:29:34 [38;5;117m[DEBUG]: [0mThis is a debug message from thread 118-09-2026 00:29:34 [38;5;117m[DEBUG]: [0mThis is a debug message from thread 1718-09-2026 00:29:34 [38;5;117m[DEBUG]: [0mThis is a debug message from thread 2018-09-2026 00:29:34 [38;5;015m[INFO]: [0mThis is a info message from thread 2318-09-2026 00:29:34 [38;5;015m[INFO]: [0mThis is a info message from thread 818-09-2026 00:29:34 [38;5;015m[INFO]: [0mThis is a info message from thread 618-09-2026 00:29:34 [38;5;009m[ERROR]: [0mThis is a error message from thread 318-09-2026 00:29:34 [38;5;015m[INFO]: [0mThis is a info message from thread 2518-09-2026 00:29:34 [38;5;015m[INFO]: [0mThis is a info message from thread 1718-09-2026 00:29:34 [38;5;009m[ERROR]: [0mThis is a error message from thread 2818-09-2026 00:29:34 [38;5;009m[ERROR]: [0mThis is a error message from thread 1618-09-2026 00:29:34 [38;5;009m[ERROR]: [0mThis is a error message from thread 2118-09-2026 00:29:34 [38;5;009m[ERROR]: [0mThis is a error message from thread 818-09-2026 00:29:34 [38;5;117m[DEBUG]: [0mThis is a debug message from thread 2118-09-2026 00:29:34 [38;5;117m[DEBUG]: [0mThis is a debug message from thread 1618-09-2026 00:29:34 [38;5;009m[ERROR]: [0mThis is a error message from thread 018-09-2026 00:29:34 [38;5;015m[INFO]: [0mThis is a info message from thread 2118-09-2026 00:29:34 [38;5;015m[INFO]: [0mThis is a info message from thread 1618-09-2026 00:29:34 [38;5;117m[DEBUG]: [0mThis is a debug message from thread 018-09-2026 00:29:34 [38;5;015m[INFO]: [0mThis is a info message from thread 1018-09-2026 00:29:34 [38;5;009m[ERROR]: [0mThis is a error message from thread 718-09-2026 00:29:34 [38;5;009m[ERROR]: [0mThis is a error message from thread 1218-09-2026 00:29:34 [38;5;009m[ERROR]: [0mThis is a error message from thread 1018-09-2026 00:29:34 [38;5;009m[ERROR]: [0mThis is a error message from thread 2918-09-2026 00:29:34 [38;5;015m[INFO]: [0mThis is a info message from thread 2018-09-2026 00:29:34 [38;5;009m[ERROR]: [0mThis is a error message from thread 1618-09-2026 00:29:34 [38;5;117m[DEBUG]: [0mThis is a debug message from thread 718-09-2026 00:29:34 [38;5;117m[DEBUG]: [0mThis is a debug message from thread 1218-09-2026 00:29:34 [38;5;117m[DEBUG]: [0mThis is a debug message from thread 1618-09-2026 00:29:34 [38;5;015m[INFO]: [0mThis is a info message from thread 718-09-2026 00:29:34 [38;5;117m[DEBUG]: [0mThis is a debug message from thread 2918-09-2026 00:29:34 [38;5;009m[ERROR]: [0mThis is a error message from thread 618-09-2026 00:29:34 [38;5;015m[INFO]: [0mThis is a info message from thread 118-09-2026 00:29:34 [38;5;009m[ERROR]: [0mThis is a error message from thread 718-09-2026 00:29:34 [38;5;015m[INFO]: [0mThis is a info message from thread 1218-09-2026 00:29:34 [38;5;009m[ERROR]: [0mThis is a error message from thread 118-09-2026 00:29:34 [38;5;117m[DEBUG]: [0mThis is a debug message from thread 618-09-2026 00:29:34 [38;5;015m[INFO]: [0mThis is a info message from thread 2918-09-2026 00:29:34 [38;5;015m[INFO]: [0mThis is a info message from thread 1818-09-2026 00:29:34 [38;5;009m[ERROR]: [0mThis is a error message from thread 1218-09-2026 00:29:34 [38;5;117m[DEBUG]: [0mThis is a debug message from thread 1118-09-2026 00:29:34 [38;5;009m[ERROR]: [0mThis is a error message from thread 1818-09-2026 00:29:34 [38;5;015m[INFO]: [0mThis is a info message from thread 618-09-2026 00:29:34 [38;5;117m[DEBUG]: [0mThis is a debug message from thread 1818-09-2026 00:29:34 [38;5;117m[DEBUG]: [0mThis is a debug message from thread 2618-09-2026 00:29:34 [38;5;009m[ERROR]: [0mThis is a error message from thread 2318-09-2026 00:29:34 [38;5;117m[DEBUG]: [0mThis is a debug message from thread 218-09-2026 00:29:34 [38;5;117m[DEBUG]: [0mThis is a debug message from thread 2418-09-2026 00:29:34 [38;5;009m[ERROR]: [0mThis is a error message from thread 2118-09-2026 00:29:34 [38;5;117m[DEBUG]: [0mThis is a debug message from thread 518-09-2026 00:29:34 [38;5;015m[INFO]: [0mThis is a info message from thread 2618-09-2026 00:29:34 [38;5;009m[ERROR]: [0mThis is a error message from thread 1718-09-2026 00:29:34 [38;5;015m[INFO]: [0mThis is a info message from thread 218-09-2026 00:29:34 [38;5;117m[DEBUG]: [0mThis is a debug message from thread 2118-09-2026 00:29:34 [38;5;009m[ERROR]: [0mThis is a error message from thread 2618-09-2026 00:29:34 [38;5;015m[INFO]: [0mThis is a info message from thread 2118-09-2026 00:29:34 [38;5;117m[DEBUG]: [0mThis is a debug message from thread 1718-09-2026 00:29:34 [38;5;117m[DEBUG]: [0mThis is a debug message from thread 2618-09-2026 00:29:34 [38;5;009m[ERROR]: [0mThis is a error message from thread 2118-09-2026 00:29:34 [38;5;117m[DEBUG]: [0mThis is a debug message from thread 2118-09-2026 00:29:34 [38;5;009m[ERROR]: [0mThis is a error message from thread 2018-09-2026 00:29:34 [38;5;015m[INFO]: [0mThis is a info message from thread 2118-09-2026 00:29:34 [38;5;117m[DEBUG]: [0mThis is a debug message from thread 118-09-2026 00:29:34 [38;5;009m[ERROR]: [0mThis is a error message from thread 2118-09-2026 00:29:34 [38;5;117m[DEBUG]: [0mThis is a debug message from thread 818-09-2026 00:29:34 [38;5;117m[DEBUG]: [0mThis is a debug message from thread 418-09-2026 00:29:34 [38;5;009m[ERROR]: [0mThis is a error message from thread 218-09-2026 00:29:34 [38;5;015m[INFO]: [0mThis is a info message from thread 2418-09-2026 00:29:34 [38;5;117m[DEBUG]: [0mThis is a debug message from thread 1018-09-2026 00:29:34 [38;5;015m[INFO]: [0mThis is a info message from thread 2618-09-2026 00:29:34 [38;5;015m[INFO]: [0mThis is a info message from thread 1318-09-2026 00:29:34 [38;5;015m[INFO]: [0mThis is a info message from thread 1718-09-2026 00:29:34 [38;5;015m[INFO]: [0mThis is a info message from thread 018-09-2026 00:29:34 [38;5;009m[ERROR]: [0mThis is a error message from thread 2418-09-2026 00:29:34 [38;5;015m[INFO]: [0mThis is a info message from thread 418-09-2026 00:29:34 [38;5;015m[INFO]: [0mThis is a info message from thread 118-09-2026 00:29:34 [38;5;009m[ERROR]: [0mThis is a error message from thread 2618-09-2026 00:29:34 [38;5;117m[DEBUG]: [0mThis is a debug message from thread 2118-09-2026 00:29:34 [38;5;117m[DEBUG]: [0mThis is a debug message from thread 2818-09-2026 00:29:34 [38;5;117m[DEBUG]: [0mThis is a debug message from thread 1918-09-2026 00:29:34 [38;5;117m[DEBUG]: [0mThis is a debug message from thread 2218-09-2026 00:29:34 [38;5;009m[ERROR]: [0mThis is a error message from thread 1318-09-2026 00:29:34 [38;5;117m[DEBUG]: [0mThis is a debug message from thread 2318-09-2026 00:29:34 [38;5;009m[ERROR]: [0mThis is a error message from thread 618-09-2026 00:29:34 [38;5;009m[ERROR]: [0mThis is a error message from thread 418-09-2026 00:29:34 [38;5;015m[INFO]: [0mThis is a info message from thread 2818-09-2026 00:29:34 [38;5;015m[INFO]: [0mThis is a info message from thread 1018-09-2026 00:29:34 [38;5;015m[INFO]: [0mThis is a info message from thread 2118-09-2026 00:29:34 [38;5;009m[ERROR]: [0mThis is a error message from thread 118-09-2026 00:29:34 [38;5;009m[ERROR]: [0mThis is a error message from thread 2818-09-2026 00:29:34 [38;5;015m[INFO]: [0mThis is a info message from thread 2318-09-2026 00:29:34 [38;5;009m[ERROR]: [0mThis is a error message from thread 1018-09-2026 00:29:34 [38;5;117m[DEBUG]: [0mThis is a debug message from thread 718-09-2026 00:29:34 [38;5;015m[INFO]: [0mThis is a info message from thread 518-09-2026 00:29:34 [38;5;015m[INFO]: [0mThis is a info message from thread 718-09-2026 00:29:34 [38;5;009m[ERROR]: [0mThis is a error message from thread 1518-09-2026 00:29:34 [38;5;009m[ERROR]: [0mThis is a error message from thread 2318-09-2026 00:29:34 [38;5;009m[ERROR]: [0mThis is a error message from thread 2718-09-2026 00:29:34 [38;5;117m[DEBUG]: [0mThis is a debug message from thread 2718-09-2026 00:29:34 [38;5;009m[ERROR]: [0mThis is a error message from thread 718-09-2026 00:29:34 [38;5;015m[INFO]: [0mThis is a info message from thread 2718-09-2026 00:29:34 [38;5;117m[DEBUG]: [0mThis is a debug message from thread 218-09-2026 00:29:34 [38;5;015m[INFO]: [0mThis is a info message from thread 1118-09-2026 00:29:34 [38;5;009m[ERROR]: [0mThis is a error message from thread 2518-09-2026 00:29:34 [38;5;009m[ERROR]: [0mThis is a error message from thread 018-09-2026 00:29:34 [38;5;117m[DEBUG]: [0mThis is a debug message from thread 2818-09-2026 00:29:34 [38;5;009m[ERROR]: [0mThis is a error message from thread 1718-09-2026 00:29:34 [38;5;009m[ERROR]: [0mThis is a error message from thread 2118-09-2026 00:29:34 [38;5;117m[DEBUG]: [0mThis is a debug message from thread 1518-09-2026 00:29:34 [38;5;117m[DEBUG]: [0mThis is a debug message from thread 2018-09-2026 00:29:34 [38;5;117m[DEBUG]: [0mThis is a debug message from thread 018-09-2026 00:29:34 [38;5;009m[ERROR]: [0mThis is a error message from thread 2918-09-2026 00:29:34 [38;5;009m[ERROR]: [0mThis is a error message from thread 1118-09-2026 00:29:34 [38;5;117m[DEBUG]: [0mThis is a debug message from thread 1718-09-2026 00:29:34 [38;5;117m[DEBUG]: [0mThis is a debug message from thread 2418-09-2026 00:29:34 [38;5;015m[INFO]: [0mThis is a info message from thread 818-09-2026 00:29:34 [38;5;117m[DEBUG]: [0mThis is a debug message from thread 2618-09-2026 00:29:34 [38;5;015m[INFO]: [0mThis is a info message from thread 1818-09-2026 00:29:34 [38;5;015m[INFO]: [0mThis is a info message from thread 2018-09-2026 00:29:34 [38;5;015m[INFO]: [0mThis is a info message from thread 1518-09-2026 00:29:34 [38;5;117m[DEBUG]: [0mThis is a debug message from thread 1118-09-2026 00:29:34 [38;5;015m[INFO]: [0mThis is a info message from thread 2818-09-2026 00:29:34 [38;5;117m[DEBUG]: [0mThis is a debug message from thread 2918-09-2026 00:29:34 [38;5;015m[INFO]: [0mThis is a info message from thread 018-09-2026 00:29:34 [38;5;117m[DEBUG]: [0mThis is a debug message from thread 1318-09-2026 00:29:34 [38;5;015m[INFO]: [0mThis is a info message from thread 918-09-2026 00:29:34 [38;5;015m[INFO]: [0mThis is a info message from thread 218-09-2026 00:29:34 [38;5;009m[ERROR]: [0mThis is a error message from thread 1518-09-2026 00:29:34 [38;5;117m[DEBUG]: [0mThis is a debug message from thread 1018-09-2026 00:29:34 [38;5;117m[DEBUG]: [0mThis is a debug message from thread 718-09-2026 00:29:34 [38;5;009m[ERROR]: [0mThis is a error message from thread 518-09-2026 00:29:34 [38;5;009m[ERROR]: [0mThis is a error message from thread 2718-09-2026 00:29:34 [38;5;117m[DEBUG]: [0mThis is a debug message from thread 1518-09-2026 00:29:34 [38;5;009m[ERROR]: [0mThis is a error message from thread 918-09-2026 00:29:34 [38;5;015m[INFO]: [0mThis is a info message from thread 1018-09-2026 00:29:34 [38;5;015m[INFO]: [0mThis is a info message from thread 2918-09-2026 00:29:34 [38;5;015m[INFO]: [0mThis is a info message from thread 2418-09-2026 00:29:34 [38;5;009m[ERROR]: [0mThis is a error message from thread 018-09-2026 00:29:34 [38;5;015m[INFO]: [0mThis is a info message from thread 2618-09-2026 00:29:34 [38;5;015m[INFO]: [0mThis is a info message from thread 1918-09-2026 00:29:34 [38;5;015m[INFO]: [0mThis is a info message from thread 2218-09-2026 00:29:34 [38;5;015m[INFO]: [0mThis is a info message from thread 1318-09-2026 00:29:34 [38;5;009m[ERROR]: [0mThis is a error message from thread 1818-09-2026 00:29:34 [38;5;117m[DEBUG]: [0mThis is a debug message from thread 518-09-2026 00:29:34 [38;5;117m[DEBUG]: [0mThis is a debug message from thread 2718-09-2026 00:29:34 [38;5;009m[ERROR]: [0mThis is a error message from thread 2218-09-2026 00:29:34 [38;5;117m[DEBUG]: [0mThis is a debug message from thread 318-09-2026 00:29:34 [38;5;009m[ERROR]: [0mThis is a error message from thread 2918-09-2026 00:29:34 [38;5;009m[ERROR]: [0mThis is a error message from thread 1918-09-2026 00:29:34 [38;5;117m[DEBUG]: [0mThis is a debug message from thread 1818-09-2026 00:29:34 [38;5;009m[ERROR]: [0mThis is a error message from thread 1318-09-2026 00:29:34 [38;5;117m[DEBUG]: [0mThis is a debug message from thread 018-09-2026 00:29:34 [38;5;117m[DEBUG]: [0mThis is a debug message from thread 1318-09-2026 00:29:34 [38;5;117m[DEBUG]: [0mThis is a debug message from thread 918-09-2026 00:29:34 [38;5;009m[ERROR]: [0mThis is a error message from thread 2418-09-2026 00:29:34 [38;5;009m[ERROR]: [0mThis is a error message from thread 818-09-2026 00:29:34 [38;5;117m[DEBUG]: [0mThis is a debug message from thread 1918-09-2026 00:29:34 [38;5;015m[INFO]: [0mThis is a info message from thread 018-09-2026 00:29:34 [38;5;015m[INFO]: [0mThis is a info message from thread 518-09-2026 00:29:34 [38;5;015m[INFO]: [0mThis is a info message from thread 1818-09-2026 00:29:34 [38;5;117m[DEBUG]: [0mThis is a debug message from thread 818-09-2026 00:29:34 [38;5;117m[DEBUG]: [0mThis is a debug message from thread 618-09-2026 00:29:34 [38;5;015m[INFO]: [0mThis is a info message from thread 1918-09-2026 00:29:34 [38;5;015m[INFO]: [0mThis is a info message from thread 918-09-2026 00:29:34 [38;5;015m[INFO]: [0mThis is a info message from thread 1718-09-2026 00:29:34 [38;5;009m[ERROR]: [0mThis is a error message from thread 1718-09-2026 00:29:34 [38;5;015m[INFO]: [0mThis is a info message from thread 2718-09-2026 00:29:34 [38;5;009m[ERROR]: [0mThis is a error message from thread 2718-09-2026 00:29:34 [38;5;009m[ERROR]: [0mThis is a error message from thread 1918-09-2026 00:29:34 [38;5;117m[DEBUG]: [0mThis is a debug message from thread 1718-09-2026 00:29:34 [38;5;117m[DEBUG]: [0mThis is a debug message from thread 2318-09-2026 00:29:34 [38;5;009m[ERROR]: [0mThis is a error message from thread 1818-09-2026 00:29:34 [38;5;015m[INFO]: [0mThis is a info message from thread 1318-09-2026 00:29:34 [38;5;009m[ERROR]: [0mThis is a error message from thread 518-09-2026 00:29:34 [38;5;117m[DEBUG]: [0mThis is a debug message from thread 418-09-2026 00:29:34 [38;5;009m[ERROR]: [0mThis is a error message from thread 1318-09-2026 00:29:34 [38;5;117m[DEBUG]: [0mThis is a debug message from thread 1918-09-2026 00:29:34 [38;5;015m[INFO]: [0mThis is a info message from thread 718-09-2026 00:29:34 [38;5;015m[INFO]: [0mThis is a info message from thread 1718-09-2026 00:29:34 [38;5;015m[INFO]: [0mThis is a info message from thread 1918-09-2026 00:29:34 [38;5;015m[INFO]: [0mThis is a info message from thread 618-09-2026 00:29:34 [38;5;117m[DEBUG]: [0mThis is a debug message from thread 2718-09-2026 00:29:34 [38;5;117m[DEBUG]: [0mThis is a debug message from thread 1818-09-2026 00:29:34 [38;5;117m[DEBUG]: [0mThis is a debug message from thread 2518-09-2026 00:29:34 [38;5;009m[ERROR]: [0mThis is a error message from thread 218-09-2026 00:29:34 [38;5;009m[ERROR]: [0mThis is a error message from thread 2818-09-2026 00:29:34 [38;5;009m[ERROR]: [0mThis is a error message from thread 918-09-2026 00:29:34 [38;5;009m[ERROR]: [0mThis is a error message from thread 1718-09-2026 00:29:34 [38;5;009m[ERROR]: [0mThis is a error message from thread 1918-09-2026 00:29:34 [38;5;015m[INFO]: [0mThis is a info message from thread 1518-09-2026 00:29:34 [38;5;009m[ERROR]: [0mThis is a error message from thread 2618-09-2026 00:29:34 [38;5;117m[DEBUG]: [0mThis is a debug message from thread 118-09-2026 00:29:34 [38;5;015m[INFO]: [0mThis is a info message from thread 2718-09-2026 00:29:34 [38;5;117m[DEBUG]: [0mThis is a debug message from thread 1718-09-2026 00:29:34 [38;5;009m[ERROR]: [0mThis is a error message from thread 2718-09-2026 00:29:34 [38;5;117m[DEBUG]: [0mThis is a debug message from thread 2118-09-2026 00:29:34 [38;5;117m[DEBUG]: [0mThis is a debug message from thread 2918-09-2026 00:29:34 [38;5;117m[DEBUG]: [0mThis is a debug message from thread 1918-09-2026 00:29:34 [38;5;009m[ERROR]: [0mThis is a error message from thread 1018-09-2026 00:29:34 [38;5;009m[ERROR]: [0mThis is a error message from thread 1518-09-2026 00:29:34 [38;5;015m[INFO]: [0mThis is a info message from thread 1618-09-2026 00:29:34 [38;5;009m[ERROR]: [0mThis is a error message from thread 618-09-2026 00:29:34 [38;5;009m[ERROR]: [0mThis is a error message from thread 018-09-2026 00:29:34 [38;5;015m[INFO]: [0mThis is a info message from thread 818-09-2026 00:29:34 [38;5;015m[INFO]: [0mThis is a info message from thread 318-09-2026 00:29:34 [38;5;117m[DEBUG]: [0mThis is a debug message from thread 1018-09-2026 00:29:34 [38;5;015m[INFO]: [0mThis is a info message from thread 1018-09-2026 00:29:34 [38;5;009m[ERROR]: [0mThis is a error message from thread 318-09-2026 00:29:34 [38;5;117m[DEBUG]: [0mThis is a debug message from thread 918-09-2026 00:29:34 [38;5;015m[INFO]: [0mThis is a info message from thread 1918-09-2026 00:29:34 [38;5;009m[ERROR]: [0mThis is a error message from thread 1018-09-2026 00:29:34 [38;5;009m[ERROR]: [0mThis is a error message from thread 1618-09-2026 00:29:34 [38;5;117m[DEBUG]: [0mThis is a debug message from thread 618-09-2026 00:29:34 [38;5;015m[INFO]: [0mThis is a info message from thread 918-09-2026 00:29:34 [38;5;015m[INFO]: [0mThis is a info message from thread 1118-09-2026 00:29:34 [38;5;117m[DEBUG]: [0mThis is a debug message from thread 1218-09-2026 00:29:34 [38;5;009m[ERROR]: [0mThis is a error message from thread 818-09-2026 00:29:34 [38;5;117m[DEBUG]: [0mThis is a debug message from thread 1518-09-2026 00:29:34 [38;5;015m[INFO]: [0mThis is a info message from thread 2118-09-2026 00:29:34 [38;5;117m[DEBUG]: [0mThis is a debug message from thread 818-09-2026 00:29:34 [38;5;117m[DEBUG]: [0mThis is a debug message from thread 1618-09-2026 00:29:34 [38;5;015m[INFO]: [0mThis is a info message from thread 1518-09-2026 00:29:34 [38;5;117m[DEBUG]: [0mThis is a debug message from thread 018-09-2026 00:29:34 [38;5;015m[INFO]: [0mThis is a info message from thread 1618-09-2026 00:29:34 [38;5;117m[DEBUG]: [0mThis is a debug message from thread 1318-09-2026 00:29:34 [38;5;117m[DEBUG]: [0mThis is a debug message from thread 2718-09-2026 00:29:34 [38;5;009m[ERROR]: [0mThis is a error message from thread 1118-09-2026 00:29:34 [38;5;015m[INFO]: [0mThis is a info message from thread 818-09-2026 00:29:34 [38;5;009m[ERROR]: [0mThis is a error message from thread 2118-09-2026 00:29:34 [38;5;117m[DEBUG]: [0mThis is a debug message from thread 2118-09-2026 00:29:34 [38;5;117m[DEBUG]: [0mThis is a debug message from thread 218-09-2026 00:29:34 [38;5;015m[INFO]: [0mThis is a info message from thread 1318-09-2026 00:29:34 [38;5;015m[INFO]: [0mThis is a info message from thread 618-09-2026 00:29:34 [38;5;015m[INFO]: [0mThis is a info message from thread 1718-09-2026 00:29:34 [38;5;117m[DEBUG]: [0mThis is a debug message from thread 2218-09-2026 00:29:34 [38;5;117m[DEBUG]: [0mThis is a debug message from thread 2618-09-2026 00:29:34 [38;5;015m[INFO]: [0mThis is a info message from thread 018-09-2026 00:29:34 [38;5;117m[DEBUG]: [0mThis is a debug message from thread 518-09-2026 00:29:34 [38;5;117m[DEBUG]: [0mThis is a debug message from thread 1118-09-2026 00:29:34 [38;5;009m[ERROR]: [0mThis is a error message from thread 1518-09-2026 00:29:34 [38;5;015m[INFO]: [0mThis is a info message from thread 2718-09-2026 00:29:34 [38;5;117m[DEBUG]: [0mThis is a debug message from thread 2818-09-2026 00:29:34 [38;5;009m[ERROR]: [0mThis is a error message from thread 818-09-2026 00:29:34 [38;5;015m[INFO]: [0mThis is a info message from thread 2118-09-2026 00:29:34 [38;5;009m[ERROR]: [0mThis is a error message from thread 1318-09-2026 00:29:34 [38;5;015m[INFO]: [0mThis is a info message from thread 1818-09-2026 00:29:34 [38;5;009m[ERROR]: [0mThis is a error message from thread 2718-09-2026 00:29:34 [38;5;009m[ERROR]: [0mThis is a error message from thread 718-09-2026 00:29:34 [38;5;015m[INFO]: [0mThis is a info message from thread 518-09-2026 00:29:34 [38;5;015m[INFO]: [0mThis is a info message from thread 2318-09-2026 00:29:34 [38;5;009m[ERROR]: [0mThis is a error message from thread 618-09-2026 00:29:34 [38;5;015m[INFO]: [0mThis is a info message from thread 2918-09-2026 00:29:34 [38;5;009m[ERROR]: [0mThis is a error message from thread 1818-09-2026 00:29:34 [38;5;117m[DEBUG]: [0mThis is a debug message from thread 1318-09-2026 00:29:34 [38;5;117m[DEBUG]: [0mThis is a debug message from thread 2718-09-2026 00:29:34 [38;5;009m[ERROR]: [0mThis is a error message from thread 2918-09-2026 00:29:34 [38;5;117m[DEBUG]: [0mThis is a debug message from thread 1818-09-2026 00:29:34 [38;5;009m[ERROR]: [0mThis is a error message from thread 2318-09-2026 00:29:34 [38;5;117m[DEBUG]: [0mThis is a debug message from thread 618-09-2026 00:29:34 [38;5;015m[INFO]: [0mThis is a info message from thread 1818-09-2026 00:29:34 [38;5;015m[INFO]: [0mThis is a info message from thread 2718-09-2026 00:29:34 [38;5;117m[DEBUG]: [0mThis is a debug message from thread 718-09-2026 00:29:34 [38;5;009m[ERROR]: [0mThis is a error message from thread 518-09-2026 00:29:34 [38;5;015m[INFO]: [0mThis is a info message from thread 618-09-2026 00:29:34 [38;5;009m[ERROR]: [0mThis is a error message from thread 018-09-2026 00:29:34 [38;5;117m[DEBUG]: [0mThis is a debug message from thread 518-09-2026 00:29:34 [38;5;015m[INFO]: [0mThis is a info message from thread 418-09-2026 00:29:34 [38;5;009m[ERROR]: [0mThis is a error message from thread 1618-09-2026 00:29:34 [38;5;117m[DEBUG]: [0mThis is a debug message from thread 2918-09-2026 00:29:34 [38;5;117m[DEBUG]: [0mThis is a debug message from thread 2318-09-2026 00:29:34 [38;5;117m[DEBUG]: [0mThis is a debug message from thread 1618-09-2026 00:29:34 [38;5;015m[INFO]: [0mThis is a info message from thread 1318-09-2026 00:29:34 [38;5;015m[INFO]: [0mThis is a info message from thread 1118-09-2026 00:29:34 [38;5;009m[ERROR]: [0mThis is a error message from thread 918-09-2026 00:29:34 [38;5;009m[ERROR]: [0mThis is a error message from thread 1818-09-2026 00:29:34 [38;5;009m[ERROR]: [0mThis is a error message from thread 418-09-2026 00:29:34 [38;5;015m[INFO]: [0mThis is a info message from thread 2918-09-2026 00:29:34 [38;5;117m[DEBUG]: [0mThis is a debug message from thread 018-09-2026 00:29:34 [38;5;117m[DEBUG]: [0mThis is a debug message from thread 418-09-2026 00:29:34 [38;5;015m[INFO]: [0mThis is a info message from thread 1618-09-2026 00:29:34 [38;5;117m[DEBUG]: [0mThis is a debug message from thread 1418-09-2026 00:29:34 [38;5;009m[ERROR]: [0mThis is a error message from thread 2118-09-2026 00:29:34 [38;5;117m[DEBUG]: [0mThis is a debug message from thread 318-09-2026 00:29:34 [38;5;009m[ERROR]: [0mThis is a error message from thread 1118-09-2026 00:29:34 [38;5;015m[INFO]: [0mThis is a info message from thread 118-09-2026 00:29:34 [38;5;009m[ERROR]: [0mThis is a error message from thread 1718-09-2026 00:29:34 [38;5;015m[INFO]: [0mThis is a info message from thread 2518-09-2026 00:29:34 [38;5;117m[DEBUG]: [0mThis is a debug message from thread 1718-09-2026 00:29:34 [38;5;015m[INFO]: [0mThis is a info message from thread 418-09-2026 00:29:34 [38;5;117m[DEBUG]: [0mThis is a debug message from thread 1118-09-2026 00:29:34 [38;5;009m[ERROR]: [0mThis is a error message from thread 418-09-2026 00:29:34 [38;5;015m[INFO]: [0mThis is a info message from thread 318-09-2026 00:29:34 [38;5;117m[DEBUG]: [0mThis is a debug message from thread 1518-09-2026 00:29:34 [38;5;117m[DEBUG]: [0mThis is a debug message from thread 418-09-2026 00:29:34 [38;5;015m[INFO]: [0mThis is a info message from thread 1418-09-2026 00:29:34 [38;5;009m[ERROR]: [0mThis is a error message from thread 118-09-2026 00:29:34 [38;5;009m[ERROR]: [0mThis is a error message from thread 1618-09-2026 00:29:34 [38;5;015m[INFO]: [0mThis is a info message from thread 418-09-2026 00:29:34 [38;5;009m[ERROR]: [0mThis is a error message from thread 1418-09-2026 00:29:34 [38;5;015m[INFO]: [0mThis is a info message from thread 718-09-2026 00:29:34 [38;5;117m[DEBUG]: [0mThis is a debug message from thread 118-09-2026 00:29:34 [38;5;009m[ERROR]: [0mThis is a error message from thread 2718-09-2026 00:29:34 [38;5;015m[INFO]: [0mThis is a info message from thread 518-09-2026 00:29:34 [38;5;117m[DEBUG]: [0mThis is a debug message from thread 918-09-2026 00:29:34 [38;5;009m[ERROR]: [0mThis is a error message from thread 2518-09-2026 00:29:34 [38;5;117m[DEBUG]: [0mThis is a debug message from thread 1418-09-2026 00:29:34 [38;5;009m[ERROR]: [0mThis is a error message from thread 2918-09-2026 00:29:34 [38;5;009m[ERROR]: [0mThis is a error message from thread 2018-09-2026 00:29:34 [38;5;117m[DEBUG]: [0mThis is a debug message from thread 2518-09-2026 00:29:34 [38;5;117m[DEBUG]: [0mThis is a debug message from thread 2718-09-2026 00:29:34 [38;5;117m[DEBUG]: [0mThis is a debug message from thread 2018-09-2026 00:29:34 [38;5;015m[INFO]: [0mThis is a info message from thread 218-09-2026 00:29:34 [38;5;009m[ERROR]: [0mThis is a error message from thread 1918-09-2026 00:29:34 [38;5;015m[INFO]: [0mThis is a info message from thread 2518-09-2026 00:29:34 [38;5;117m[DEBUG]: [0mThis is a debug message from thread 1918-09-2026 00:29:34 [38;5;009m[ERROR]: [0mThis is a error message from thread 718-09-2026 00:29:34 [38;5;009m[ERROR]: [0mThis is a error message from thread 318-09-2026 00:29:34 [38;5;015m[INFO]: [0mThis is a info message from thread 018-09-2026 00:29:34 [38;5;015m[INFO]: [0mThis is a info message from thread 1518-09-2026 00:29:34 [38;5;009m[ERROR]: [0mThis is a error message from thread 1518-09-2026 00:29:34 [38;5;117m[DEBUG]: [0mThis is a debug message from thread 318-09-2026 00:29:34 [38;5;015m[INFO]: [0mThis is a info message from thread 2018-09-2026 00:29:34 [38;5;015m[INFO]: [0mThis is a info message from thread 318-09-2026 00:29:34 [38;5;015m[INFO]: [0mThis is a info message from thread 2318-09-2026 00:29:34 [38;5;009m[ERROR]: [0mThis is a error message from thread 2018-09-2026 00:29:34 [38;5;009m[ERROR]: [0mThis is a error message from thread 2518-09-2026 00:29:34 [38;5;015m[INFO]: [0mThis is a info message from thread 2818-09-2026 00:29:34 [38;5;117m[DEBUG]: [0mThis is a debug message from thread 2518-09-2026 00:29:34 [38;5;015m[INFO]: [0mThis is a info message from thread 2718-09-2026 00:29:34 [38;5;015m[INFO]: [0mThis is a info message from thread 1918-09-2026 00:29:34 [38;5;015m[INFO]: [0mThis is a info message from thread 2218-09-2026 00:29:34 [38;5;009m[ERROR]: [0mThis is a error message from thread 318-09-2026 00:29:34 [38;5;117m[DEBUG]: [0mThis is a debug message from thread 2018-09-2026 00:29:34 [38;5;117m[DEBUG]: [0mThis is a debug message from thread 2918-09-2026 00:29:34 [38;5;015m[INFO]: [0mThis is a info message from thread 118-09-2026 00:29:34 [38;5;015m[INFO]: [0mThis is a info message from thread 918-09-2026 00:29:34 [38;5;117m[DEBUG]: [0mThis is a debug message from thread 1818-09-2026 00:29:34 [38;5;009m[ERROR]: [0mThis is a error message from thread 118-09-2026 00:29:34 [38;5;015m[INFO]: [0mThis is a info message from thread 2618-09-2026 00:29:34 [38;5;009m[ERROR]: [0mThis is a error message from thread 018-09-2026 00:29:34 [38;5;009m[ERROR]: [0mThis is a error message from thread 418-09-2026 00:29:34 [38;5;009m[ERROR]: [0mThis is a error message from thread 218-09-2026 00:29:34 [38;5;117m[DEBUG]: [0mThis is a debug message from thread 318-09-2026 00:29:34 [38;5;015m[INFO]: [0mThis is a info message from thread 2918-09-2026 00:29:34 [38;5;009m[ERROR]: [0mThis is a error message from thread 2218-09-2026 00:29:34 [38;5;117m[DEBUG]: [0mThis is a debug message from thread 718-09-2026 00:29:34 [38;5;009m[ERROR]: [0mThis is a error message from thread 1318-09-2026 00:29:34 [38;5;009m[ERROR]: [0mThis is a error message from thread 1918-09-2026 00:29:34 [38;5;117m[DEBUG]: [0mThis is a debug message from thread 1518-09-2026 00:29:34 [38;5;015m[INFO]: [0mThis is a info message from thread 2518-09-2026 00:29:34 [38;5;015m[INFO]: [0mThis is a info message from thread 318-09-2026 00:29:34 [38;5;015m[INFO]: [0mThis is a info message from thread 2018-09-2026 00:29:34 [38;5;117m[DEBUG]: [0mThis is a debug message from thread 2118-09-2026 00:29:34 [38;5;015m[INFO]: [0mThis is a info message from thread 1818-09-2026 00:29:34 [38;5;009m[ERROR]: [0mThis is a error message from thread 2018-09-2026 00:29:34 [38;5;015m[INFO]: [0mThis is a info message from thread 2118-09-2026 00:29:34 [38;5;009m[ERROR]: [0mThis is a error message from thread 318-09-2026 00:29:34 [38;5;117m[DEBUG]: [0mThis is a debug message from thread 2218-09-2026 00:29:34 [38;5;117m[DEBUG]: [0mThis is a debug message from thread 1318-09-2026 00:29:34 [38;5;117m[DEBUG]: [0mThis is a debug message from thread 318-09-2026 00:29:34 [38;5;117m[DEBUG]: [0mThis is a debug message from thread 2018-09-2026 00:29:34 [38;5;117m[DEBUG]: [0mThis is a debug message from thread 1618-09-2026 00:29:34 [38;5;015m[INFO]: [0mThis is a info message from thread 718-09-2026 00:29:34 [38;5;009m[ERROR]: [0mThis is a error message from thread 1818-09-2026 00:29:34 [38;5;117m[DEBUG]: [0mThis is a debug message from thread 818-09-2026 00:29:34 [38;5;015m[INFO]: [0mThis is a info message from thread 318-09-2026 00:29:34 [38;5;015m[INFO]: [0mThis is a info message from thread 2218-09-2026 00:29:34 [38;5;015m[INFO]: [0mThis is a info message from thread 1118-09-2026 00:29:34 [38;5;117m[DEBUG]: [0mThis is a debug message from thread 018-09-2026 00:29:34 [38;5;015m[INFO]: [0mThis is a info message from thread 1518-09-2026 00:29:34 [38;5;015m[INFO]: [0mThis is a info message from thread 1618-09-2026 00:29:34 [38;5;117m[DEBUG]: [0mThis is a debug message from thread 1818-09-2026 00:29:34 [38;5;009m[ERROR]: [0mThis is a error message from thread 2718-09-2026 00:29:34 [38;5;009m[ERROR]: [0mThis is a error message from thread 2318-09-2026 00:29:34 [38;5;117m[DEBUG]: [0mThis is a debug message from thread 218-09-2026 00:29:34 [38;5;015m[INFO]: [0mThis is a info message from thread 1218-09-2026 00:29:34 [38;5;009m[ERROR]: [0mThis is a error message from thread 1618-09-2026 00:29:34 [38;5;009m[ERROR]: [0mThis is a error message from thread 2218-09-2026 00:29:34 [38;5;117m[DEBUG]: [0mThis is a debug message from thread 1018-09-2026 00:29:34 [38;5;015m[INFO]: [0mThis is a info message from thread 018-09-2026 00:29:34 [38;5;009m[ERROR]: [0mThis is a error message from thread 1518-09-2026 00:29:34 [38;5;117m[DEBUG]: [0mThis is a debug message from thread 2318-09-2026 00:29:34 [38;5;009m[ERROR]: [0mThis is a error message from thread 018-09-2026 00:29:34 [38;5;009m[ERROR]: [0mThis is a error message from thread 1218-09-2026 00:29:34 [38;5;015m[INFO]: [0mThis is a info message from thread 1018-09-2026 00:29:34 [38;5;015m[INFO]: [0mThis is a info message from thread 1718-09-2026 00:29:34 [38;5;117m[DEBUG]: [0mThis is a debug message from thread 1518-09-2026 00:29:34 [38;5;009m[ERROR]: [0mThis is a error message from thread 2618-09-2026 00:29:34 [38;5;009m[ERROR]: [0mThis is a error message from thread 1018-09-2026 00:29:34 [38;5;117m[DEBUG]: [0mThis is a debug message from thread 2218-09-2026 00:29:34 [38;5;117m[DEBUG]: [0mThis is a debug message from thread 2418-09-2026 00:29:34 [38;5;117m[DEBUG]: [0mThis is a debug message from thread 118-09-2026 00:29:34 [38;5;117m[DEBUG]: [0mThis is a debug message from thread 018-09-2026 00:29:34 [38;5;015m[INFO]: [0mThis is a info message from thread 1418-09-2026 00:29:34 [38;5;009m[ERROR]: [0mThis is a error message from thread 918-09-2026 00:29:34 [38;5;009m[ERROR]: [0mThis is a error message from thread 2518-09-2026 00:29:34 [38;5;009m[ERROR]: [0mThis is a error message from thread 1718-09-2026 00:29:34 [38;5;015m[INFO]: [0mThis is a info message from thread 2418-09-2026 00:29:34 [38;5;015m[INFO]: [0mThis is a info message from thread 2018-09-2026 00:29:34 [38;5;015m[INFO]: [0mThis is a info message from thread 1318-09-2026 00:29:34 [38;5;015m[INFO]: [0mThis is a info message from thread 018-09-2026 00:29:34 [38;5;015m[INFO]: [0mThis is a info message from thread 2218-09-2026 00:29:34 [38;5;117m[DEBUG]: [0mThis is a debug message from thread 2618-09-2026 00:29:34 [38;5;117m[DEBUG]: [0mThis is a debug message from thread 2718-09-2026 00:29:34 [38;5;009m[ERROR]: [0mThis is a error message from thread 2418-09-2026 00:29:34 [38;5;117m[DEBUG]: [0mThis is a debug message from thread 1718-09-2026 00:29:34 [38;5;015m[INFO]: [0mThis is a info message from thread 818-09-2026 00:29:34 [38;5;009m[ERROR]: [0mThis is a error message from thread 2018-09-2026 00:29:34 [38;5;009m[ERROR]: [0mThis is a error message from thread 2218-09-2026 00:29:34 [38;5;009m[ERROR]: [0mThis is a error message from thread 818-09-2026 00:29:34 [38;5;117m[DEBUG]: [0mThis is a debug message from thread 1218-09-2026 00:29:34 [38;5;015m[INFO]: [0mThis is a info message from thread 2318-09-2026 00:29:34 [38;5;009m[ERROR]: [0mThis is a error message from thread 2118-09-2026 00:29:34 [38;5;117m[DEBUG]: [0mThis is a debug message from thread 2418-09-2026 00:29:34 [38;5;015m[INFO]: [0mThis is a info message from thread 118-09-2026 00:29:34 [38;5;015m[INFO]: [0mThis is a info message from thread 1218-09-2026 00:29:34 [38;5;015m[INFO]: [0mThis is a info message from thread 2718-09-2026 00:29:34 [38;5;117m[DEBUG]: [0mThis is a debug message from thread 2018-09-2026 00:29:34 [38;5;117m[DEBUG]: [0mThis is a debug message from thread 918-09-2026 00:29:34 [38;5;009m[ERROR]: [0mThis is a error message from thread 2818-09-2026 00:29:34 [38;5;009m[ERROR]: [0mThis is a error message from thread 2718-09-2026 00:29:34 [38;5;009m[ERROR]: [0mThis is a error message from thread 318-09-2026 00:29:34 [38;5;015m[INFO]: [0mThis is a info message from thread 918-09-2026 00:29:34 [38;5;009m[ERROR]: [0mThis is a error message from thread 118-09-2026 00:29:34 [38;5;009m[ERROR]: [0mThis is a error message from thread 1118-09-2026 00:29:34 [38;5;015m[INFO]: [0mThis is a info message from thread 2418-09-2026 00:29:34 [38;5;117m[DEBUG]: [0mThis is a debug message from thread 2818-09-2026 00:29:34 [38;5;117m[DEBUG]: [0mThis is a debug message from thread 1618-09-2026 00:29:34 [38;5;009m[ERROR]: [0mThis is a error message from thread 1418-09-2026 00:29:34 [38;5;015m[INFO]: [0mThis is a info message from thread 2018-09-2026 00:29:34 [38;5;009m[ERROR]: [0mThis is a error message from thread 2418-09-2026 00:29:34 [38;5;015m[INFO]: [0mThis is a info message from thread 2618-09-2026 00:29:34 [38;5;117m[DEBUG]: [0mThis is a debug message from thread 818-09-2026 00:29:34 [38;5;009m[ERROR]: [0mThis is a error message from thread 2618-09-2026 00:29:34 [38;5;009m[ERROR]: [0mThis is a error message from thread 518-09-2026 00:29:34 [38;5;117m[DEBUG]: [0mThis is a debug message from thread 2518-09-2026 00:29:34 [38;5;117m[DEBUG]: [0mThis is a debug message from thread 418-09-2026 00:29:34 [38;5;015m[INFO]: [0mThis is a info message from thread 2818-09-2026 00:29:34 [38;5;117m[DEBUG]: [0mThis is a debug message from thread 2418-09-2026 00:29:34 [38;5;117m[DEBUG]: [0mThis is a debug message from thread 2118-09-2026 00:29:34 [38;5;015m[INFO]: [0mThis is a info message from thread 818-09-2026 00:29:34 [38;5;117m[DEBUG]: [0mThis is a debug message from thread 2218-09-2026 00:29:34 [38;5;117m[DEBUG]: [0mThis is a debug message from thread 2618-09-2026 00:29:34 [38;5;117m[DEBUG]: [0mThis is a debug message from thread 1018-09-2026 00:29:34 [38;5;117m[DEBUG]: [0mThis is a debug message from thread 518-09-2026 00:29:34 [38;5;015m[INFO]: [0mThis is a info message from thread 418-09-2026 00:29:34 [38;5;009m[ERROR]: [0mThis is a error message from thread 718-09-2026 00:29:34 [38;5;009m[ERROR]: [0mThis is a error message from thread 2318-09-2026 00:29:34 [38;5;117m[DEBUG]: [0mThis is a debug message from thread 2718-09-2026 00:29:34 [38;5;117m[DEBUG]: [0mThis is a debug message from thread 1918-09-2026 00:29:34 [38;5;015m[INFO]: [0mThis is a info message from thread 2418-09-2026 00:29:34 [38;5;117m[DEBUG]: [0mThis is a debug message from thread 118-09-2026 00:29:34 [38;5;015m[INFO]: [0mThis is a info message from thread 1618-09-2026 00:29:34 [38;5;117m[DEBUG]: [0mThis is a debug message from thread 1118-09-2026 00:29:34 [38;5;117m[DEBUG]: [0mThis is a debug message from thread 318-09-2026 00:29:34 [38;5;117m[DEBUG]: [0mThis is a debug message from thread 2318-09-2026 00:29:34 [38;5;009m[ERROR]: [0mThis is a error message from thread 818-09-2026 00:29:34 [38;5;015m[INFO]: [0mThis is a info message from thread 1518-09-2026 00:29:34 [38;5;015m[INFO]: [0mThis is a info message from thread 2518-09-2026 00:29:34 [38;5;015m[INFO]: [0mThis is a info message from thread 318-09-2026 00:29:34 [38;5;015m[INFO]: [0mThis is a info message from thread 2718-09-2026 00:29:34 [38;5;009m[ERROR]: [0mThis is a error message from thread 2518-09-2026 00:29:34 [38;5;015m[INFO]: [0mThis is a info message from thread 1118-09-2026 00:29:34 [38;5;015m[INFO]: [0mThis is a info message from thread 2218-09-2026 00:29:34 [38;5;015m[INFO]: [0mThis is a info message from thread 2318-09-2026 00:29:34 [38;5;009m[ERROR]: [0mThis is a error message from thread 1618-09-2026 00:29:34 [38;5;009m[ERROR]: [0mThis is a error message from thread 318-09-2026 00:29:34 [38;5;117m[DEBUG]: [0mThis is a debug message from thread 2518-09-2026 00:29:34 [38;5;117m[DEBUG]: [0mThis is a debug message from thread 818-09-2026 00:29:34 [38;5;015m[INFO]: [0mThis is a info message from thread 2118-09-2026 00:29:34 [38;5;009m[ERROR]: [0mThis is a error message from thread 418-09-2026 00:29:34 [38;5;015m[INFO]: [0mThis is a info message from thread 2518-09-2026 00:29:34 [38;5;009m[ERROR]: [0mThis is a error message from thread 2718-09-2026 00:29:34 [38;5;015m[INFO]: [0mThis is a info message from thread 1718-09-2026 00:29:34 [38;5;015m[INFO]: [0mThis is a info message from thread 218-09-2026 00:29:34 [38;5;009m[ERROR]: [0mThis is a error message from thread 2518-09-2026 00:29:34 [38;5;009m[ERROR]: [0mThis is a error message from thread 2018-09-2026 00:29:34 [38;5;117m[DEBUG]: [0mThis is a debug message from thread 418-09-2026 00:29:34 [38;5;015m[INFO]: [0mThis is a info message from thread 1818-09-2026 00:29:34 [38;5;009m[ERROR]: [0mThis is a error message from thread 1318-09-2026 00:29:34 [38;5;009m[ERROR]: [0mThis is a error message from thread 1818-09-2026 00:29:34 [38;5;015m[INFO]: [0mThis is a info message from thread 2618-09-2026 00:29:34 [38;5;117m[DEBUG]: [0mThis is a debug message from thread 1818-09-2026 00:29:34 [38;5;015m[INFO]: [0mThis is a info message from thread 418-09-2026 00:29:34 [38;5;009m[ERROR]: [0mThis is a error message from thread 918-09-2026 00:29:34 [38;5;009m[ERROR]: [0mThis is a error message from thread 2618-09-2026 00:29:34 [38;5;009m[ERROR]: [0mThis is a error message from thread 1218-09-2026 00:29:34 [38;5;117m[DEBUG]: [0mThis is a debug message from thread 918-09-2026 00:29:34 [38;5;009m[ERROR]: [0mThis is a error message from thread 1718-09-2026 00:29:34 [38;5;015m[INFO]: [0mThis is a info message from thread 118-09-2026 00:29:34 [38;5;117m[DEBUG]: [0mThis is a debug message from thread 2518-09-2026 00:29:34 [38;5;009m[ERROR]: [0mThis is a error message from thread 418-09-2026 00:29:34 [38;5;117m[DEBUG]: [0mThis is a debug message from thread 2618-09-2026 00:29:34 [38;5;009m[ERROR]: [0mThis is a error message from thread 618-09-2026 00:29:34 [38;5;117m[DEBUG]: [0mThis is a debug message from thread 318-09-2026 00:29:34 [38;5;117m[DEBUG]: [0mThis is a debug message from thread 1418-09-2026 00:29:34 [38;5;009m[ERROR]: [0mThis is a error message from thread 2818-09-2026 00:29:34 [38;5;009m[ERROR]: [0mThis is a error message from thread 1118-09-2026 00:29:34 [38;5;117m[DEBUG]: [0mThis is a debug message from thread 1618-09-2026 00:29:34 [38;5;015m[INFO]: [0mThis is a info message from thread 818-09-2026 00:29:34 [38;5;009m[ERROR]: [0mThis is a error message from thread 2318-09-2026 00:29:34 [38;5;015m[INFO]: [0mThis is a info message from thread 2518-09-2026 00:29:34 [38;5;117m[DEBUG]: [0mThis is a debug message from thread 1218-09-2026 00:29:34 [38;5;117m[DEBUG]: [0mThis is a debug message from thread 1318-09-2026 00:29:34 [38;5;015m[INFO]: [0mThis is a info message from thread 2618-09-2026 00:29:34 [38;5;009m[ERROR]: [0mThis is a error message from thread 1518-09-2026 00:29:34 [38;5;009m[ERROR]: [0mThis is a error message from thread 818-09-2026 00:29:34 [38;5;015m[INFO]: [0mThis is a info message from thread 1618-09-2026 00:29:34 [38;5;015m[INFO]: [0mThis is a info message from thread 1818-09-2026 00:29:34 [38;5;117m[DEBUG]: [0mThis is a debug message from thread 1518-09-2026 00:29:34 [38;5;015m[INFO]: [0mThis is a info message from thread 318-09-2026 00:29:34 [38;5;117m[DEBUG]: [0mThis is a debug message from thread 818-09-2026 00:29:34 [38;5;015m[INFO]: [0mThis is a info message from thread 518-09-2026 00:29:34 [38;5;009m[ERROR]: [0mThis is a error message from thread 1618-09-2026 00:29:34 [38;5;009m[ERROR]: [0mThis is a error message from thread 118-09-2026 00:29:34 [38;5;009m[ERROR]: [0mThis is a error message from thread 218-09-2026 00:29:34 [38;5;117m[DEBUG]: [0mThis is a debug message from thread 2318-09-2026 00:29:34 [38;5;009m[ERROR]: [0mThis is a error message from thread 2918-09-2026 00:29:34 [38;5;009m[ERROR]: [0mThis is a error message from thread 318-09-2026 00:29:34 [38;5;015m[INFO]: [0mThis is a info message from thread 2318-09-2026 00:29:34 [38;5;015m[INFO]: [0mThis is a info message from thread 1018-09-2026 00:29:34 [38;5;117m[DEBUG]: [0mThis is a debug message from thread 618-09-2026 00:29:34 [38;5;009m[ERROR]: [0mThis is a error message from thread 518-09-2026 00:29:34 [38;5;117m[DEBUG]: [0mThis is a debug message from thread 418-09-2026 00:29:34 [38;5;009m[ERROR]: [0mThis is a error message from thread 1018-09-2026 00:29:34 [38;5;015m[INFO]: [0mThis is a info message from thread 618-09-2026 00:29:34 [38;5;117m[DEBUG]: [0mThis is a debug message from thread 2718-09-2026 00:29:34 [38;5;117m[DEBUG]: [0mThis is a debug message from thread 1118-09-2026 00:29:34 [38;5;117m[DEBUG]: [0mThis is a debug message from thread 2818-09-2026 00:29:34 [38;5;015m[INFO]: [0mThis is a info message from thread 918-09-2026 00:29:34 [38;5;015m[INFO]: [0mThis is a info message from thread 418-09-2026 00:29:34 [38;5;015m[INFO]: [0mThis is a info message from thread 2818-09-2026 00:29:34 [38;5;117m[DEBUG]: [0mThis is a debug message from thread 518-09-2026 00:29:34 [38;5;015m[INFO]: [0mThis is a info message from thread 1218-09-2026 00:29:34 [38;5;009m[ERROR]: [0mThis is a error message from thread 2818-09-2026 00:29:34 [38;5;117m[DEBUG]: [0mThis is a debug message from thread 1618-09-2026 00:29:34 [38;5;117m[DEBUG]: [0mThis is a debug message from thread 318-09-2026 00:29:34 [38;5;015m[INFO]: [0mThis is a info message from thread 1118-09-2026 00:29:34 [38;5;015m[INFO]: [0mThis is a info message from thread 518-09-2026 00:29:34 [38;5;009m[ERROR]: [0mThis is a error message from thread 918-09-2026 00:29:34 [38;5;015m[INFO]: [0mThis is a info message from thread 1318-09-2026 00:29:34 [38;5;117m[DEBUG]: [0mThis is a debug message from thread 2818-09-2026 00:29:34 [38;5;117m[DEBUG]: [0mThis is a debug message from thread 1718-09-2026 00:29:34 [38;5;009m[ERROR]: [0mThis is a error message from thread 018-09-2026 00:29:34 [38;5;009m[ERROR]: [0mThis is a error message from thread 2218-09-2026 00:29:34 [38;5;015m[INFO]: [0mThis is a info message from thread 1618-09-2026 00:29:34 [38;5;015m[INFO]: [0mThis is a info message from thread 2718-09-2026 00:29:34 [38;5;117m[DEBUG]: [0mThis is a debug message from thread 718-09-2026 00:29:34 [38;5;009m[ERROR]: [0mThis is a error message from thread 1218-09-2026 00:29:34 [38;5;117m[DEBUG]: [0mThis is a debug message from thread 1018-09-2026 00:29:34 [38;5;009m[ERROR]: [0mThis is a error message from thread 1818-09-2026 00:29:34 [38;5;117m[DEBUG]: [0mThis is a debug message from thread 018-09-2026 00:29:34 [38;5;009m[ERROR]: [0mThis is a error message from thread 2618-09-2026 00:29:34 [38;5;117m[DEBUG]: [0mThis is a debug message from thread 1218-09-2026 00:29:34 [38;5;117m[DEBUG]: [0mThis is a debug message from thread 2218-09-2026 00:29:34 [38;5;117m[DEBUG]: [0mThis is a debug message from thread 2918-09-2026 00:29:34 [38;5;015m[INFO]: [0mThis is a info message from thread 718-09-2026 00:29:34 [38;5;015m[INFO]: [0mThis is a info message from thread 318-09-2026 00:29:34 [38;5;015m[INFO]: [0mThis is a info message from thread 2818-09-2026 00:29:34 [38;5;009m[ERROR]: [0mThis is a error message from thread 1618-09-2026 00:29:34 [38;5;015m[INFO]: [0mThis is a info message from thread 2918-09-2026 00:29:34 [38;5;009m[ERROR]: [0mThis is a error message from thread 1318-09-2026 00:29:34 [38;5;009m[ERROR]: [0mThis is a error message from thread 1118-09-2026 00:29:34 [38;5;117m[DEBUG]: [0mThis is a debug message from thread 1818-09-2026 00:29:34 [38;5;015m[INFO]: [0mThis is a info message from thread 018-09-2026 00:29:34 [38;5;009m[ERROR]: [0mThis is a error message from thread 2918-09-2026 00:29:34 [38;5;117m[DEBUG]: [0mThis is a debug message from thread 2018-09-2026 00:29:34 [38;5;117m[DEBUG]: [0mThis is a debug message from thread 218-09-2026 00:29:34 [38;5;015m[INFO]: [0mThis is a info message from thread 1518-09-2026 00:29:34 [38;5;009m[ERROR]: [0mThis is a error message from thread 2418-09-2026 00:29:34 [38;5;009m[ERROR]: [0mThis is a error message from thread 2318-09-2026 00:29:34 [38;5;009m[ERROR]: [0mThis is a error message from thread 2818-09-2026 00:29:34 [38;5;015m[INFO]: [0mThis is a info message from thread 1818-09-2026 00:29:34 [38;5;117m[DEBUG]: [0mThis is a debug message from thread 1118-09-2026 00:29:34 [38;5;117m[DEBUG]: [0mThis is a debug message from thread 2318-09-2026 00:29:34 [38;5;117m[DEBUG]: [0mThis is a debug message from thread 2918-09-2026 00:29:34 [38;5;015m[INFO]: [0mThis is a info message from thread 2918-09-2026 00:29:34 [38;5;117m[DEBUG]: [0mThis is a debug message from thread 2418-09-2026 00:29:34 [38;5;015m[INFO]: [0mThis is a info message from thread 2318-09-2026 00:29:34 [38;5;009m[ERROR]: [0mThis is a error message from thread 2318-09-2026 00:29:34 [38;5;009m[ERROR]: [0mThis is a error message from thread 2918-09-2026 00:29:34 [38;5;009m[ERROR]: [0mThis is a error message from thread 1818-09-2026 00:29:34 [38;5;009m[ERROR]: [0mThis is a error message from thread 1518-09-2026 00:29:34 [38;5;009m[ERROR]: [0mThis is a error message from thread 718-09-2026 00:29:34 [38;5;015m[INFO]: [0mThis is a info message from thread 1918-09-2026 00:29:34 [38;5;009m[ERROR]: [0mThis is a error message from thread 2518-09-2026 00:29:34 [38;5;009m[ERROR]: [0mThis is a error message from thread 018-09-2026 00:29:34 [38;5;015m[INFO]: [0mThis is a info message from thread 1218-09-2026 00:29:34 [38;5;117m[DEBUG]: [0mThis is a debug message from thread 2518-09-2026 00:29:34 [38;5;117m[DEBUG]: [0mThis is a debug message from thread 118-09-2026 00:29:34 [38;5;117m[DEBUG]: [0mThis is a debug message from thread 1818-09-2026 00:29:34 [38;5;015m[INFO]: [0mThis is a info message from thread 818-09-2026 00:29:34 [38;5;009m[ERROR]: [0mThis is a error message from thread 618-09-2026 00:29:34 [38;5;117m[DEBUG]: [0mThis is a debug message from thread 718-09-2026 00:29:34 [38;5;015m[INFO]: [0mThis is a info message from thread 118-09-2026 00:29:34 [38;5;009m[ERROR]: [0mThis is a error message from thread 418-09-2026 00:29:34 [38;5;117m[DEBUG]: [0mThis is a debug message from thread 2818-09-2026 00:29:34 [38;5;009m[ERROR]: [0mThis is a error message from thread 2118-09-2026 00:29:34 [38;5;015m[INFO]: [0mThis is a info message from thread 218-09-2026 00:29:34 [38;5;015m[INFO]: [0mThis is a info message from thread 1018-09-2026 00:29:34 [38;5;009m[ERROR]: [0mThis is a error message from thread 118-09-2026 00:29:34 [38;5;009m[ERROR]: [0mThis is a error message from thread 318-09-2026 00:29:34 [38;5;009m[ERROR]: [0mThis is a error message from thread 2718-09-2026 00:29:34 [38;5;117m[DEBUG]: [0mThis is a debug message from thread 2618-09-2026 00:29:34 [38;5;015m[INFO]: [0mThis is a info message from thread 2218-09-2026 00:29:34 [38;5;015m[INFO]: [0mThis is a info message from thread 2018-09-2026 00:29:34 [38;5;009m[ERROR]: [0mThis is a error message from thread 518-09-2026 00:29:34 [38;5;117m[DEBUG]: [0mThis is a debug message from thread 2318-09-2026 00:29:34 [38;5;015m[INFO]: [0mThis is a info message from thread 1818-09-2026 00:29:34 [38;5;117m[DEBUG]: [0mThis is a debug message from thread 318-09-2026 00:29:34 [38;5;015m[INFO]: [0mThis is a info message from thread 2318-09-2026 00:29:34 [38;5;009m[ERROR]: [0mThis is a error message from thread 2218-09-2026 00:29:34 [38;5;009m[ERROR]: [0mThis is a error message from thread 1818-09-2026 00:29:34 [38;5;015m[INFO]: [0mThis is a info message from thread 1118-09-2026 00:29:34 [38;5;015m[INFO]: [0mThis is a info message from thread 2618-09-2026 00:29:34 [38;5;015m[INFO]: [0mThis is a info message from thread 718-09-2026 00:29:34 [38;5;009m[ERROR]: [0mThis is a error message from thread 2618-09-2026 00:29:34 [38;5;015m[INFO]: [0mThis is a info message from thread 318-09-2026 00:29:34 [38;5;009m[ERROR]: [0mThis is a error message from thread 1118-09-2026 00:29:34 [38;5;009m[ERROR]: [0mThis is a error message from thread 318-09-2026 00:29:34 [38;5;015m[INFO]: [0mThis is a info message from thread 2818-09-2026 00:29:34 [38;5;117m[DEBUG]: [0mThis is a debug message from thread 318-09-2026 00:29:34 [38;5;009m[ERROR]: [0mThis is a error message from thread 718-09-2026 00:29:34 [38;5;117m[DEBUG]: [0mThis is a debug message from thread 2618-09-2026 00:29:34 [38;5;015m[INFO]: [0mThis is a info message from thread 318-09-2026 00:29:34 [38;5;117m[DEBUG]: [0mThis is a debug message from thread 718-09-2026 00:29:34 [38;5;009m[ERROR]: [0mThis is a error message from thread 2818-09-2026 00:29:34 [38;5;117m[DEBUG]: [0mThis is a debug message from thread 1318-09-2026 00:29:34 [38;5;015m[INFO]: [0mThis is a info message from thread 718-09-2026 00:29:34 [38;5;009m[ERROR]: [0mThis is a error message from thread 318-09-2026 00:29:34 [38;5;015m[INFO]: [0mThis is a info message from thread 1318-09-2026 00:29:34 [38;5;009m[ERROR]: [0mThis is a error message from thread 718-09-2026 00:29:34 [38;5;117m[DEBUG]: [0mThis is a debug message from thread 718-09-2026 00:29:34 [38;5;117m[DEBUG]: [0mThis is a debug message from thread 318-09-2026 00:29:34 [38;5;015m[INFO]: [0mThis is a info message from thread 318-09-2026 00:29:34 [38;5;015m[INFO]: [0mThis is a info message from thread 2518-09-2026 00:29:34 [38;5;009m[ERROR]: [0mThis is a error message from thread 1318-09-2026 00:29:34 [38;5;117m[DEBUG]: [0mThis is a debug message from thread 1518-09-2026 00:29:34 [38;5;009m[ERROR]: [0mThis is a error message from thread 318-09-2026 00:29:34 [38;5;009m[ERROR]: [0mThis is a error message from thread 1918-09-2026 00:29:34 [38;5;117m[DEBUG]: [0mThis is a debug message from thread 2818-09-2026 00:29:34 [38;5;015m[INFO]: [0mThis is a info message from thread 1418-09-2026 00:29:34 [38;5;015m[INFO]: [0mThis is a info message from thread 1518-09-2026 00:29:34 [38;5;117m[DEBUG]: [0mThis is a debug message from thread 918-09-2026 00:29:34 [38;5;117m[DEBUG]: [0mThis is a debug message from thread 118-09-2026 00:29:34 [38;5;009m[ERROR]: [0mThis is a error message from thread 818-09-2026 00:29:34 [38;5;117m[DEBUG]: [0mThis is a debug message from thread 1918-09-2026 00:29:34 [38;5;009m[ERROR]: [0mThis is a error message from thread 1518-09-2026 00:29:34 [38;5;009m[ERROR]: [0mThis is a error message from thread 2018-09-2026 00:29:34 [38;5;117m[DEBUG]: [0mThis is a debug message from thread 618-09-2026 00:29:34 [38;5;015m[INFO]: [0mThis is a info message from thread 2818-09-2026 00:29:34 [38;5;009m[ERROR]: [0mThis is a error message from thread 1218-09-2026 00:29:34 [38;5;015m[INFO]: [0mThis is a info message from thread 918-09-2026 00:29:34 [38;5;117m[DEBUG]: [0mThis is a debug message from thread 1318-09-2026 00:29:34 [38;5;117m[DEBUG]: [0mThis is a debug message from thread 2218-09-2026 00:29:34 [38;5;117m[DEBUG]: [0mThis is a debug message from thread 1118-09-2026 00:29:34 [38;5;117m[DEBUG]: [0mThis is a debug message from thread 2718-09-2026 00:29:34 [38;5;015m[INFO]: [0mThis is a info message from thread 2418-09-2026 00:29:34 [38;5;015m[INFO]: [0mThis is a info message from thread 1918-09-2026 00:29:34 [38;5;015m[INFO]: [0mThis is a info message from thread 1318-09-2026 00:29:34 [38;5;009m[ERROR]: [0mThis is a error message from thread 1018-09-2026 00:29:34 [38;5;015m[INFO]: [0mThis is a info message from thread 2618-09-2026 00:29:34 [38;5;009m[ERROR]: [0mThis is a error message from thread 918-09-2026 00:29:34 [38;5;015m[INFO]: [0mThis is a info message from thread 1718-09-2026 00:29:34 [38;5;015m[INFO]: [0mThis is a info message from thread 2718-09-2026 00:29:34 [38;5;117m[DEBUG]: [0mThis is a debug message from thread 1818-09-2026 00:29:34 [38;5;009m[ERROR]: [0mThis is a error message from thread 2818-09-2026 00:29:34 [38;5;009m[ERROR]: [0mThis is a error message from thread 2718-09-2026 00:29:34 [38;5;117m[DEBUG]: [0mThis is a debug message from thread 1618-09-2026 00:29:34 [38;5;117m[DEBUG]: [0mThis is a debug message from thread 318-09-2026 00:29:34 [38;5;117m[DEBUG]: [0mThis is a debug message from thread 818-09-2026 00:29:34 [38;5;117m[DEBUG]: [0mThis is a debug message from thread 418-09-2026 00:29:34 [38;5;117m[DEBUG]: [0mThis is a debug message from thread 2718-09-2026 00:29:34 [38;5;117m[DEBUG]: [0mThis is a debug message from thread 1518-09-2026 00:29:34 [38;5;015m[INFO]: [0mThis is a info message from thread 618-09-2026 00:29:34 [38;5;009m[ERROR]: [0mThis is a error message from thread 1318-09-2026 00:29:34 [38;5;009m[ERROR]: [0mThis is a error message from thread 1718-09-2026 00:29:34 [38;5;015m[INFO]: [0mThis is a info message from thread 1518-09-2026 00:29:34 [38;5;009m[ERROR]: [0mThis is a error message from thread 2418-09-2026 00:29:34 [38;5;117m[DEBUG]: [0mThis is a debug message from thread 1718-09-2026 00:29:34 [38;5;015m[INFO]: [0mThis is a info message from thread 418-09-2026 00:29:34 [38;5;015m[INFO]: [0mThis is a info message from thread 2218-09-2026 00:29:34 [38;5;015m[INFO]: [0mThis is a info message from thread 2718-09-2026 00:29:34 [38;5;117m[DEBUG]: [0mThis is a debug message from thread 018-09-2026 00:29:34 [38;5;009m[ERROR]: [0mThis is a error message from thread 418-09-2026 00:29:34 [38;5;009m[ERROR]: [0mThis is a error message from thread 1518-09-2026 00:29:34 [38;5;015m[INFO]: [0mThis is a info message from thread 318-09-2026 00:29:34 [38;5;117m[DEBUG]: [0mThis is a debug message from thread 918-09-2026 00:29:34 [38;5;117m[DEBUG]: [0mThis is a debug message from thread 518-09-2026 00:29:34 [38;5;117m[DEBUG]: [0mThis is a debug message from thread 2818-09-2026 00:29:34 [38;5;015m[INFO]: [0mThis is a info message from thread 018-09-2026 00:29:34 [38;5;015m[INFO]: [0mThis is a info message from thread 1718-09-2026 00:29:34 [38;5;117m[DEBUG]: [0mThis is a debug message from thread 1518-09-2026 00:29:34 [38;5;009m[ERROR]: [0mThis is a error message from thread 1418-09-2026 00:29:34 [38;5;015m[INFO]: [0mThis is a info message from thread 1518-09-2026 00:29:34 [38;5;015m[INFO]: [0mThis is a info message from thread 1118-09-2026 00:29:34 [38;5;009m[ERROR]: [0mThis is a error message from thread 1918-09-2026 00:29:34 [38;5;117m[DEBUG]: [0mThis is a debug message from thread 2118-09-2026 00:29:34 [38;5;009m[ERROR]: [0mThis is a error message from thread 1118-09-2026 00:29:34 [38;5;117m[DEBUG]: [0mThis is a debug message from thread 1918-09-2026 00:29:34 [38;5;009m[ERROR]: [0mThis is a error message from thread 2618-09-2026 00:29:34 [38;5;009m[ERROR]: [0mThis is a error message from thread 1518-09-2026 00:29:34 [38;5;009m[ERROR]: [0mThis is a error message from thread 1718-09-2026 00:29:34 [38;5;015m[INFO]: [0mThis is a info message from thread 2118-09-2026 00:29:34 [38;5;117m[DEBUG]: [0mThis is a debug message from thread 1418-09-2026 00:29:34 [38;5;015m[INFO]: [0mThis is a info message from thread 2818-09-2026 00:29:34 [38;5;015m[INFO]: [0mThis is a info message from thread 1918-09-2026 00:29:34 [38;5;117m[DEBUG]: [0mThis is a debug message from thread 2418-09-2026 00:29:34 [38;5;015m[INFO]: [0mThis is a info message from thread 118-09-2026 00:29:34 [38;5;015m[INFO]: [0mThis is a info message from thread 1418-09-2026 00:29:34 [38;5;015m[INFO]: [0mThis is a info message from thread 2418-09-2026 00:29:34 [38;5;009m[ERROR]: [0mThis is a error message from thread 118-09-2026 00:29:34 [38;5;009m[ERROR]: [0mThis is a error message from thread 2118-09-2026 00:29:34 [38;5;009m[ERROR]: [0mThis is a error message from thread 2218-09-2026 00:29:34 [38;5;009m[ERROR]: [0mThis is a error message from thread 1418-09-2026 00:29:34 [38;5;117m[DEBUG]: [0mThis is a debug message from thread 2218-09-2026 00:29:34 [38;5;117m[DEBUG]: [0mThis is a debug message from thread 418-09-2026 00:29:34 [38;5;009m[ERROR]: [0mThis is a error message from thread 618-09-2026 00:29:34 [38;5;015m[INFO]: [0mThis is a info message from thread 818-09-2026 00:29:34 [38;5;015m[INFO]: [0mThis is a info message from thread 2218-09-2026 00:29:34 [38;5;009m[ERROR]: [0mThis is a error message from thread 2718-09-2026 00:29:34 [38;5;117m[DEBUG]: [0mThis is a debug message from thread 1418-09-2026 00:29:34 [38;5;117m[DEBUG]: [0mThis is a debug message from thread 2718-09-2026 00:29:34 [38;5;117m[DEBUG]: [0mThis is a debug message from thread 618-09-2026 00:29:34 [38;5;009m[ERROR]: [0mThis is a error message from thread 2218-09-2026 00:29:34 [38;5;009m[ERROR]: [0mThis is a error message from thread 018-09-2026 00:29:34 [38;5;015m[INFO]: [0mThis is a info message from thread 418-09-2026 00:29:34 [38;5;009m[ERROR]: [0mThis is a error message from thread 2518-09-2026 00:29:34 [38;5;117m[DEBUG]: [0mThis is a debug message from thread 2918-09-2026 00:29:34 [38;5;009m[ERROR]: [0mThis is a error message from thread 818-09-2026 00:29:34 [38;5;015m[INFO]: [0mThis is a info message from thread 2718-09-2026 00:29:34 [38;5;009m[ERROR]: [0mThis is a error message from thread 2318-09-2026 00:29:34 [38;5;117m[DEBUG]: [0mThis is a debug message from thread 118-09-2026 00:29:34 [38;5;015m[INFO]: [0mThis is a info message from thread 618-09-2026 00:29:34 [38;5;009m[ERROR]: [0mThis is a error message from thread 218-09-2026 00:29:34 [38;5;117m[DEBUG]: [0mThis is a debug message from thread 1018-09-2026 00:29:34 [38;5;117m[DEBUG]: [0mThis is a debug message from thread 2218-09-2026 00:29:34 [38;5;117m[DEBUG]: [0mThis is a debug message from thread 018-09-2026 00:29:34 [38;5;117m[DEBUG]: [0mThis is a debug message from thread 2318-09-2026 00:29:34 [38;5;015m[INFO]: [0mThis is a info message from thread 1618-09-2026 00:29:34 [38;5;015m[INFO]: [0mThis is a info message from thread 018-09-2026 00:29:34 [38;5;015m[INFO]: [0mThis is a info message from thread 2918-09-2026 00:29:34 [38;5;015m[INFO]: [0mThis is a info message from thread 2218-09-2026 00:29:34 [38;5;015m[INFO]: [0mThis is a info message from thread 2318-09-2026 00:29:34 [38;5;015m[INFO]: [0mThis is a info message from thread 1818-09-2026 00:29:34 [38;5;009m[ERROR]: [0mThis is a error message from thread 2718-09-2026 00:29:34 [38;5;009m[ERROR]: [0mThis is a error message from thread 018-09-2026 00:29:34 [38;5;117m[DEBUG]: [0mThis is a debug message from thread 1218-09-2026 00:29:34 [38;5;009m[ERROR]: [0mThis is a error message from thread 2218-09-2026 00:29:34 [38;5;117m[DEBUG]: [0mThis is a debug message from thread 1318-09-2026 00:29:34 [38;5;015m[INFO]: [0mThis is a info message from thread 1218-09-2026 00:29:34 [38;5;009m[ERROR]: [0mThis is a error message from thread 1818-09-2026 00:29:34 [38;5;009m[ERROR]: [0mThis is a error message from thread 2418-09-2026 00:29:34 [38;5;015m[INFO]: [0mThis is a info message from thread 118-09-2026 00:29:34 [38;5;117m[DEBUG]: [0mThis is a debug message from thread 818-09-2026 00:29:34 [38;5;117m[DEBUG]: [0mThis is a debug message from thread 218-09-2026 00:29:34 [38;5;015m[INFO]: [0mThis is a info message from thread 1318-09-2026 00:29:34 [38;5;117m[DEBUG]: [0mThis is a debug message from thread 2418-09-2026 00:29:34 [38;5;117m[DEBUG]: [0mThis is a debug message from thread 2518-09-2026 00:29:34 [38;5;009m[ERROR]: [0mThis is a error message from thread 2918-09-2026 00:29:34 [38;5;015m[INFO]: [0mThis is a info message from thread 818-09-2026 00:29:34 [38;5;009m[ERROR]: [0mThis is a error message from thread 118-09-2026 00:29:34 [38;5;009m[ERROR]: [0mThis is a error message from thread 818-09-2026 00:29:34 [38;5;117m[DEBUG]: [0mThis is a debug message from thread 818-09-2026 00:29:34 [38;5;117m[DEBUG]: [0mThis is a debug message from thread 2918-09-2026 00:29:34 [38;5;015m[INFO]: [0mThis is a info message from thread 818-09-2026 00:29:34 [38;5;015m[INFO]: [0mThis is a info message from thread 2518-09-2026 00:29:34 [38;5;117m[DEBUG]: [0mThis is a debug message from thread 118-09-2026 00:29:34 [38;5;009m[ERROR]: [0mThis is a error message from thread 2818-09-2026 00:29:34 [38;5;015m[INFO]: [0mThis is a info message from thread 118-09-2026 00:29:34 [38;5;117m[DEBUG]: [0mThis is a debug message from thread 2018-09-2026 00:29:34 [38;5;009m[ERROR]: [0mThis is a error message from thread 2518-09-2026 00:29:34 [38;5;117m[DEBUG]: [0mThis is a debug message from thread 2618-09-2026 00:29:34 [38;5;117m[DEBUG]: [0mThis is a debug message from thread 2718-09-2026 00:29:34 [38;5;015m[INFO]: [0mThis is a info message from thread 718-09-2026 00:29:34 [38;5;015m[INFO]: [0mThis is a info message from thread 2918-09-2026 00:29:34 [38;5;009m[ERROR]: [0mThis is a error message from thread 118-09-2026 00:29:34 [38;5;009m[ERROR]: [0mThis is a error message from thread 1218-09-2026 00:29:34 [38;5;009m[ERROR]: [0mThis is a error message from thread 2918-09-2026 00:29:34 [38;5;117m[DEBUG]: [0mThis is a debug message from thread 118-09-2026 00:29:34 [38;5;015m[INFO]: [0mThis is a info message from thread 2718-09-2026 00:29:34 [38;5;117m[DEBUG]: [0mThis is a debug message from thread 2518-09-2026 00:29:34 [38;5;015m[INFO]: [0mThis is a info message from thread 1418-09-2026 00:29:34 [38;5;117m[DEBUG]: [0mThis is a debug message from thread 018-09-2026 00:29:34 [38;5;015m[INFO]: [0mThis is a info message from thread 2518-09-2026 00:29:34 [38;5;015m[INFO]: [0mThis is a info message from thread 118-09-2026 00:29:34 [38;5;015m[INFO]: [0mThis is a info message from thread 018-09-2026 00:29:34 [38;5;117m[DEBUG]: [0mThis is a debug message from thread 1518-09-2026 00:29:34 [38;5;117m[DEBUG]: [0mThis is a debug message from thread 2118-09-2026 00:29:34 [38;5;015m[INFO]: [0mThis is a info message from thread 1018-09-2026 00:29:34 [38;5;009m[ERROR]: [0mThis is a error message from thread 018-09-2026 00:29:34 [38;5;009m[ERROR]: [0mThis is a error message from thread 318-09-2026 00:29:34 [38;5;117m[DEBUG]: [0mThis is a debug message from thread 318-09-2026 00:29:34 [38;5;015m[INFO]: [0mThis is a info message from thread 1518-09-2026 00:29:34 [38;5;015m[INFO]: [0mThis is a info message from thread 2118-09-2026 00:29:34 [38;5;015m[INFO]: [0mThis is a info message from thread 318-09-2026 00:29:34 [38;5;009m[ERROR]: [0mThis is a error message from thread 1518-09-2026 00:29:34 [38;5;117m[DEBUG]: [0mThis is a debug message from thread 018-09-2026 00:29:34 [38;5;009m[ERROR]: [0mThis is a error message from thread 618-09-2026 00:29:34 [38;5;117m[DEBUG]: [0mThis is a debug message from thread 1518-09-2026 00:29:34 [38;5;009m[ERROR]: [0mThis is a error message from thread 1618-09-2026 00:29:34 [38;5;009m[ERROR]: [0mThis is a error message from thread 2118-09-2026 00:29:34 [38;5;015m[INFO]: [0mThis is a info message from thread 018-09-2026 00:29:34 [38;5;009m[ERROR]: [0mThis is a error message from thread 1418-09-2026 00:29:34 [38;5;117m[DEBUG]: [0mThis is a debug message from thread 1218-09-2026 00:29:34 [38;5;117m[DEBUG]: [0mThis is a debug message from thread 2918-09-2026 00:29:34 [38;5;117m[DEBUG]: [0mThis is a debug message from thread 1118-09-2026 00:29:34 [38;5;015m[INFO]: [0mThis is a info message from thread 218-09-2026 00:29:34 [38;5;009m[ERROR]: [0mThis is a error message from thread 118-09-2026 00:29:34 [38;5;117m[DEBUG]: [0mThis is a debug message from thread 618-09-2026 00:29:34 [38;5;015m[INFO]: [0mThis is a info message from thread 918-09-2026 00:29:34 [38;5;009m[ERROR]: [0mThis is a error message from thread 1018-09-2026 00:29:34 [38;5;117m[DEBUG]: [0mThis is a debug message from thread 1618-09-2026 00:29:34 [38;5;009m[ERROR]: [0mThis is a error message from thread 718-09-2026 00:29:34 [38;5;117m[DEBUG]: [0mThis is a debug message from thread 718-09-2026 00:29:34 [38;5;015m[INFO]: [0mThis is a info message from thread 718-09-2026 00:29:34 [38;5;009m[ERROR]: [0mThis is a error message from thread 718-09-2026 00:29:34 [38;5;117m[DEBUG]: [0mThis is a debug message from thread 718-09-2026 00:29:34 [38;5;009m[ERROR]: [0mThis is a error message from thread 2318-09-2026 00:29:34 [38;5;015m[INFO]: [0mThis is a info message from thread 718-09-2026 00:29:34 [38;5;117m[DEBUG]: [0mThis is a debug message from thread 118-09-2026 00:29:34 [38;5;117m[DEBUG]: [0mThis is a debug message from thread 2318-09-2026 00:29:34 [38;5;009m[ERROR]: [0mThis is a error message from thread 718-09-2026 00:29:34 [38;5;009m[ERROR]: [0mThis is a error message from thread 818-09-2026 00:29:34 [38;5;117m[DEBUG]: [0mThis is a debug message from thread 718-09-2026 00:29:34 [38;5;117m[DEBUG]: [0mThis is a debug message from thread 818-09-2026 00:29:34 [38;5;015m[INFO]: [0mThis is a info message from thread 718-09-2026 00:29:34 [38;5;015m[INFO]: [0mThis is a info message from thread 518-09-2026 00:29:34 [38;5;015m[INFO]: [0mThis is a info message from thread 818-09-2026 00:29:34 [38;5;117m[DEBUG]: [0mThis is a debug message from thread 2218-09-2026 00:29:34 [38;5;009m[ERROR]: [0mThis is a error message from thread 518-09-2026 00:29:34 [38;5;009m[ERROR]: [0mThis is a error message from thread 818-09-2026 00:29:34 [38;5;015m[INFO]: [0mThis is a info message from thread 2918-09-2026 00:29:34 [38;5;117m[DEBUG]: [0mThis is a debug message from thread 518-09-2026 00:29:34 [38;5;015m[INFO]: [0mThis is a info message from thread 618-09-2026 00:29:34 [38;5;015m[INFO]: [0mThis is a info message from thread 518-09-2026 00:29:34 [38;5;009m[ERROR]: [0mThis is a error message from thread 2918-09-2026 00:29:34 [38;5;009m[ERROR]: [0mThis is a error message from thread 618-09-2026 00:29:34 [38;5;117m[DEBUG]: [0mThis is a debug message from thread 1418-09-2026 00:29:34 [38;5;009m[ERROR]: [0mThis is a error message from thread 518-09-2026 00:29:34 [38;5;117m[DEBUG]: [0mThis is a debug message from thread 2918-09-2026 00:29:34 [38;5;015m[INFO]: [0mThis is a info message from thread 1418-09-2026 00:29:34 [38;5;015m[INFO]: [0mThis is a info message from thread 2218-09-2026 00:29:34 [38;5;009m[ERROR]: [0mThis is a error message from thread 318-09-2026 00:29:34 [38;5;009m[ERROR]: [0mThis is a error message from thread 1918-09-2026 00:29:34 [38;5;117m[DEBUG]: [0mThis is a debug message from thread 2818-09-2026 00:29:34 [38;5;009m[ERROR]: [0mThis is a error message from thread 1418-09-2026 00:29:34 [38;5;015m[INFO]: [0mThis is a info message from thread 2818-09-2026 00:29:34 [38;5;009m[ERROR]: [0mThis is a error message from thread 1318-09-2026 00:29:34 [38;5;015m[INFO]: [0mThis is a info message from thread 2018-09-2026 00:29:34 [38;5;117m[DEBUG]: [0mThis is a debug message from thread 1318-09-2026 00:29:34 [38;5;015m[INFO]: [0mThis is a info message from thread 118-09-2026 00:29:34 [38;5;009m[ERROR]: [0mThis is a error message from thread 2018-09-2026 00:29:34 [38;5;117m[DEBUG]: [0mThis is a debug message from thread 318-09-2026 00:29:34 [38;5;117m[DEBUG]: [0mThis is a debug message from thread 2118-09-2026 00:29:34 [38;5;117m[DEBUG]: [0mThis is a debug message from thread 1018-09-2026 00:29:34 [38;5;009m[ERROR]: [0mThis is a error message from thread 118-09-2026 00:29:34 [38;5;117m[DEBUG]: [0mThis is a debug message from thread 2018-09-2026 00:29:34 [38;5;015m[INFO]: [0mThis is a info message from thread 2318-09-2026 00:29:34 [38;5;117m[DEBUG]: [0mThis is a debug message from thread 118-09-2026 00:29:34 [38;5;009m[ERROR]: [0mThis is a error message from thread 2318-09-2026 00:29:34 [38;5;009m[ERROR]: [0mThis is a error message from thread 018-09-2026 00:29:34 [38;5;015m[INFO]: [0mThis is a info message from thread 1118-09-2026 00:29:34 [38;5;015m[INFO]: [0mThis is a info message from thread 2118-09-2026 00:29:34 [38;5;015m[INFO]: [0mThis is a info message from thread 1018-09-2026 00:29:34 [38;5;117m[DEBUG]: [0mThis is a debug message from thread 018-09-2026 00:29:34 [38;5;015m[INFO]: [0mThis is a info message from thread 118-09-2026 00:29:34 [38;5;015m[INFO]: [0mThis is a info message from thread 1218-09-2026 00:29:34 [38;5;009m[ERROR]: [0mThis is a error message from thread 418-09-2026 00:29:34 [38;5;015m[INFO]: [0mThis is a info message from thread 2418-09-2026 00:29:34 [38;5;117m[DEBUG]: [0mThis is a debug message from thread 418-09-2026 00:29:34 [38;5;009m[ERROR]: [0mThis is a error message from thread 2418-09-2026 00:29:34 [38;5;117m[DEBUG]: [0mThis is a debug message from thread 518-09-2026 00:29:34 [38;5;117m[DEBUG]: [0mThis is a debug message from thread 2418-09-2026 00:29:34 [38;5;117m[DEBUG]: [0mThis is a debug message from thread 818-09-2026 00:29:34 [38;5;009m[ERROR]: [0mThis is a error message from thread 2218-09-2026 00:29:34 [38;5;009m[ERROR]: [0mThis is a error message from thread 2518-09-2026 00:29:34 [38;5;015m[INFO]: [0mThis is a info message from thread 2618-09-2026 00:29:34 [38;5;015m[INFO]: [0mThis is a info message from thread 418-09-2026 00:29:34 [38;5;009m[ERROR]: [0mThis is a error message from thread 418-09-2026 00:29:34 [38;5;015m[INFO]: [0mThis is a info message from thread 518-09-2026 00:29:34 [38;5;009m[ERROR]: [0mThis is a error message from thread 518-09-2026 00:29:34 [38;5;009m[ERROR]: [0mThis is a error message from thread 2618-09-2026 00:29:34 [38;5;117m[DEBUG]: [0mThis is a debug message from thread 518-09-2026 00:29:34 [38;5;015m[INFO]: [0mThis is a info message from thread 1618-09-2026 00:29:34 [38;5;117m[DEBUG]: [0mThis is a debug message from thread 2618-09-2026 00:29:34 [38;5;015m[INFO]: [0mThis is a info message from thread 818-09-2026 00:29:34 [38;5;117m[DEBUG]: [0mThis is a debug message from thread 2518-09-2026 00:29:34 [38;5;009m[ERROR]: [0mThis is a error message from thread 1118-09-2026 00:29:34 [38;5;009m[ERROR]: [0mThis is a error message from thread 2118-09-2026 00:29:34 [38;5;009m[ERROR]: [0mThis is a error message from thread 1618-09-2026 00:29:34 [38;5;015m[INFO]: [0mThis is a info message from thread 2518-09-2026 00:29:34 [38;5;117m[DEBUG]: [0mThis is a debug message from thread 1418-09-2026 00:29:34 [38;5;009m[ERROR]: [0mThis is a error message from thread 918-09-2026 00:29:34 [38;5;009m[ERROR]: [0mThis is a error message from thread 218-09-2026 00:29:34 [38;5;015m[INFO]: [0mThis is a info message from thread 018-09-2026 00:29:34 [38;5;117m[DEBUG]: [0mThis is a debug message from thread 2118-09-2026 00:29:34 [38;5;117m[DEBUG]: [0mThis is a debug message from thread 1118-09-2026 00:29:34 [38;5;117m[DEBUG]: [0mThis is a debug message from thread 1818-09-2026 00:29:34 [38;5;015m[INFO]: [0mThis is a info message from thread 1318-09-2026 00:29:34 [38;5;015m[INFO]: [0mThis is a info message from thread 1818-09-2026 00:29:34 [38;5;009m[ERROR]: [0mThis is a error message from thread 1318-09-2026 00:29:34 [38;5;015m[INFO]: [0mThis is a info message from thread 1118-09-2026 00:29:34 [38;5;009m[ERROR]: [0mThis is a error message from thread 2818-09-2026 00:29:34 [38;5;117m[DEBUG]: [0mThis is a debug message from thread 2318-09-2026 00:29:34 [38;5;015m[INFO]: [0mThis is a info message from thread 2018-09-2026 00:29:34 [38;5;015m[INFO]: [0mThis is a info message from thread 518-09-2026 00:29:34 [38;5;117m[DEBUG]: [0mThis is a debug message from thread 2218-09-2026 00:29:34 [38;5;015m[INFO]: [0mThis is a info message from thread 2418-09-2026 00:29:34 [38;5;015m[INFO]: [0mThis is a info message from thread 2318-09-2026 00:29:34 [38;5;009m[ERROR]: [0mThis is a error message from thread 518-09-2026 00:29:34 [38;5;117m[DEBUG]: [0mThis is a debug message from thread 1718-09-2026 00:29:34 [38;5;009m[ERROR]: [0mThis is a error message from thread 1818-09-2026 00:29:34 [38;5;009m[ERROR]: [0mThis is a error message from thread 2318-09-2026 00:29:34 [38;5;015m[INFO]: [0mThis is a info message from thread 1718-09-2026 00:29:34 [38;5;009m[ERROR]: [0mThis is a error message from thread 2018-09-2026 00:29:34 [38;5;009m[ERROR]: [0mThis is a error message from thread 1118-09-2026 00:29:34 [38;5;117m[DEBUG]: [0mThis is a debug message from thread 1118-09-2026 00:29:34 [38;5;015m[INFO]: [0mThis is a info message from thread 2618-09-2026 00:29:34 [38;5;009m[ERROR]: [0mThis is a error message from thread 2418-09-2026 00:29:34 [38;5;015m[INFO]: [0mThis is a info message from thread 1118-09-2026 00:29:34 [38;5;009m[ERROR]: [0mThis is a error message from thread 2618-09-2026 00:29:34 [38;5;009m[ERROR]: [0mThis is a error message from thread 1118-09-2026 00:29:34 [38;5;117m[DEBUG]: [0mThis is a debug message from thread 2618-09-2026 00:29:34 [38;5;015m[INFO]: [0mThis is a info message from thread 2218-09-2026 00:29:34 [38;5;117m[DEBUG]: [0mThis is a debug message from thread 1118-09-2026 00:29:34 [38;5;117m[DEBUG]: [0mThis is a debug message from thread 2418-09-2026 00:29:34 [38;5;117m[DEBUG]: [0mThis is a debug message from thread 1618-09-2026 00:29:34 [38;5;015m[INFO]: [0mThis is a info message from thread 1618-09-2026 00:29:34 [38;5;009m[ERROR]: [0mThis is a error message from thread 1718-09-2026 00:29:34 [38;5;009m[ERROR]: [0mThis is a error message from thread 1618-09-2026 00:29:34 [38;5;117m[DEBUG]: [0mThis is a debug message from thread 518-09-2026 00:29:34 [38;5;117m[DEBUG]: [0mThis is a debug message from thread 418-09-2026 00:29:34 [38;5;015m[INFO]: [0mThis is a info message from thread 2618-09-2026 00:29:34 [38;5;117m[DEBUG]: [0mThis is a debug message from thread 2318-09-2026 00:29:34 [38;5;117m[DEBUG]: [0mThis is a debug message from thread 1718-09-2026 00:29:34 [38;5;015m[INFO]: [0mThis is a info message from thread 2418-09-2026 00:29:34 [38;5;117m[DEBUG]: [0mThis is a debug message from thread 2018-09-2026 00:29:34 [38;5;117m[DEBUG]: [0mThis is a debug message from thread 1818-09-2026 00:29:34 [38;5;009m[ERROR]: [0mThis is a error message from thread 818-09-2026 00:29:34 [38;5;009m[ERROR]: [0mThis is a error message from thread 2418-09-2026 00:29:34 [38;5;015m[INFO]: [0mThis is a info message from thread 2318-09-2026 00:29:34 [38;5;009m[ERROR]: [0mThis is a error message from thread 718-09-2026 00:29:34 [38;5;009m[ERROR]: [0mThis is a error message from thread 2518-09-2026 00:29:34 [38;5;009m[ERROR]: [0mThis is a error message from thread 018-09-2026 00:29:34 [38;5;009m[ERROR]: [0mThis is a error message from thread 2718-09-2026 00:29:34 [38;5;015m[INFO]: [0mThis is a info message from thread 1718-09-2026 00:29:34 [38;5;015m[INFO]: [0mThis is a info message from thread 518-09-2026 00:29:34 [38;5;117m[DEBUG]: [0mThis is a debug message from thread 2518-09-2026 00:29:34 [38;5;009m[ERROR]: [0mThis is a error message from thread 2618-09-2026 00:29:34 [38;5;117m[DEBUG]: [0mThis is a debug message from thread 918-09-2026 00:29:34 [38;5;015m[INFO]: [0mThis is a info message from thread 2118-09-2026 00:29:34 [38;5;015m[INFO]: [0mThis is a info message from thread 1518-09-2026 00:29:34 [38;5;015m[INFO]: [0mThis is a info message from thread 2518-09-2026 00:29:34 [38;5;117m[DEBUG]: [0mThis is a debug message from thread 1918-09-2026 00:29:34 [38;5;117m[DEBUG]: [0mThis is a debug message from thread 218-09-2026 00:29:34 [38;5;015m[INFO]: [0mThis is a info message from thread 318-09-2026 00:29:34 [38;5;117m[DEBUG]: [0mThis is a debug message from thread 2818-09-2026 00:29:34 [38;5;015m[INFO]: [0mThis is a info message from thread 1918-09-2026 00:29:34 [38;5;015m[INFO]: [0mThis is a info message from thread 1118-09-2026 00:29:34 [38;5;009m[ERROR]: [0mThis is a error message from thread 2218-09-2026 00:29:34 [38;5;117m[DEBUG]: [0mThis is a debug message from thread 1318-09-2026 00:29:34 [38;5;117m[DEBUG]: [0mThis is a debug message from thread 018-09-2026 00:29:34 [38;5;117m[DEBUG]: [0mThis is a debug message from thread 1618-09-2026 00:29:34 [38;5;117m[DEBUG]: [0mThis is a debug message from thread 2618-09-2026 00:29:34 [38;5;015m[INFO]: [0mThis is a info message from thread 018-09-2026 00:29:34 [38;5;009m[ERROR]: [0mThis is a error message from thread 018-09-2026 00:29:34 [38;5;117m[DEBUG]: [0mThis is a debug message from thread 818-09-2026 00:29:34 [38;5;117m[DEBUG]: [0mThis is a debug message from thread 018-09-2026 00:29:34 [38;5;015m[INFO]: [0mThis is a info message from thread 2818-09-2026 00:29:34 [38;5;009m[ERROR]: [0mThis is a error message from thread 1918-09-2026 00:29:34 [38;5;015m[INFO]: [0mThis is a info message from thread 218-09-2026 00:29:34 [38;5;015m[INFO]: [0mThis is a info message from thread 1318-09-2026 00:29:34 [38;5;015m[INFO]: [0mThis is a info message from thread 418-09-2026 00:29:34 [38;5;009m[ERROR]: [0mThis is a error message from thread 1118-09-2026 00:29:34 [38;5;009m[ERROR]: [0mThis is a error message from thread 218-09-2026 00:29:34 [38;5;015m[INFO]: [0mThis is a info message from thread 1618-09-2026 00:29:34 [38;5;009m[ERROR]: [0mThis is a error message from thread 1618-09-2026 00:29:34 [38;5;009m[ERROR]: [0mThis is a error message from thread 2818-09-2026 00:29:34 [38;5;117m[DEBUG]: [0mThis is a debug message from thread 1918-09-2026 00:29:34 [38;5;117m[DEBUG]: [0mThis is a debug message from thread 718-09-2026 00:29:34 [38;5;009m[ERROR]: [0mThis is a error message from thread 1318-09-2026 00:29:34 [38;5;015m[INFO]: [0mThis is a info message from thread 2918-09-2026 00:29:34 [38;5;009m[ERROR]: [0mThis is a error message from thread 2918-09-2026 00:29:34 [38;5;015m[INFO]: [0mThis is a info message from thread 718-09-2026 00:29:34 [38;5;015m[INFO]: [0mThis is a info message from thread 018-09-2026 00:29:34 [38;5;117m[DEBUG]: [0mThis is a debug message from thread 218-09-2026 00:29:34 [38;5;009m[ERROR]: [0mThis is a error message from thread 418-09-2026 00:29:34 [38;5;009m[ERROR]: [0mThis is a error message from thread 2118-09-2026 00:29:34 [38;5;117m[DEBUG]: [0mThis is a debug message from thread 1318-09-2026 00:29:34 [38;5;009m[ERROR]: [0mThis is a error message from thread 2518-09-2026 00:29:34 [38;5;117m[DEBUG]: [0mThis is a debug message from thread 1118-09-2026 00:29:34 [38;5;009m[ERROR]: [0mThis is a error message from thread 118-09-2026 00:29:34 [38;5;009m[ERROR]: [0mThis is a error message from thread 018-09-2026 00:29:34 [38;5;015m[INFO]: [0mThis is a info message from thread 1818-09-2026 00:29:34 [38;5;117m[DEBUG]: [0mThis is a debug message from thread 418-09-2026 00:29:34 [38;5;117m[DEBUG]: [0mThis is a debug message from thread 2518-09-2026 00:29:34 [38;5;117m[DEBUG]: [0mThis is a debug message from thread 118-09-2026 00:29:34 [38;5;015m[INFO]: [0mThis is a info message from thread 1918-09-2026 00:29:34 [38;5;015m[INFO]: [0mThis is a info message from thread 1118-09-2026 00:29:34 [38;5;009m[ERROR]: [0mThis is a error message from thread 1518-09-2026 00:29:34 [38;5;117m[DEBUG]: [0mThis is a debug message from thread 2418-09-2026 00:29:34 [38;5;015m[INFO]: [0mThis is a info message from thread 1318-09-2026 00:29:34 [38;5;015m[INFO]: [0mThis is a info message from thread 118-09-2026 00:29:34 [38;5;009m[ERROR]: [0mThis is a error message from thread 518-09-2026 00:29:34 [38;5;009m[ERROR]: [0mThis is a error message from thread 1918-09-2026 00:29:34 [38;5;015m[INFO]: [0mThis is a info message from thread 2518-09-2026 00:29:34 [38;5;117m[DEBUG]: [0mThis is a debug message from thread 1618-09-2026 00:29:34 [38;5;009m[ERROR]: [0mThis is a error message from thread 1818-09-2026 00:29:34 [38;5;117m[DEBUG]: [0mThis is a debug message from thread 618-09-2026 00:29:34 [38;5;009m[ERROR]: [0mThis is a error message from thread 1318-09-2026 00:29:34 [38;5;015m[INFO]: [0mThis is a info message from thread 418-09-2026 00:29:34 [38;5;015m[INFO]: [0mThis is a info message from thread 218-09-2026 00:29:34 [38;5;009m[ERROR]: [0mThis is a error message from thread 1018-09-2026 00:29:34 [38;5;015m[INFO]: [0mThis is a info message from thread 1418-09-2026 00:29:34 [38;5;009m[ERROR]: [0mThis is a error message from thread 418-09-2026 00:29:34 [38;5;009m[ERROR]: [0mThis is a error message from thread 1418-09-2026 00:29:34 [38;5;015m[INFO]: [0mThis is a info message from thread 818-09-2026 00:29:34 [38;5;015m[INFO]: [0mThis is a info message from thread 1618-09-2026 00:29:34 [38;5;117m[DEBUG]: [0mThis is a debug message from thread 1918-09-2026 00:29:34 [38;5;009m[ERROR]: [0mThis is a error message from thread 818-09-2026 00:29:34 [38;5;117m[DEBUG]: [0mThis is a debug message from thread 818-09-2026 00:29:34 [38;5;117m[DEBUG]: [0mThis is a debug message from thread 1418-09-2026 00:29:34 [38;5;015m[INFO]: [0mThis is a info message from thread 818-09-2026 00:29:34 [38;5;009m[ERROR]: [0mThis is a error message from thread 818-09-2026 00:29:34 [38;5;117m[DEBUG]: [0mThis is a debug message from thread 418-09-2026 00:29:34 [38;5;015m[INFO]: [0mThis is a info message from thread 1418-09-2026 00:29:34 [38;5;015m[INFO]: [0mThis is a info message from thread 418-09-2026 00:29:34 [38;5;117m[DEBUG]: [0mThis is a debug message from thread 2718-09-2026 00:29:34 [38;5;117m[DEBUG]: [0mThis is a debug message from thread 1018-09-2026 00:29:34 [38;5;009m[ERROR]: [0mThis is a error message from thread 718-09-2026 00:29:34 [38;5;117m[DEBUG]: [0mThis is a debug message from thread 2118-09-2026 00:29:34 [38;5;015m[INFO]: [0mThis is a info message from thread 2718-09-2026 00:29:34 [38;5;117m[DEBUG]: [0mThis is a debug message from thread 718-09-2026 00:29:34 [38;5;117m[DEBUG]: [0mThis is a debug message from thread 2218-09-2026 00:29:34 [38;5;117m[DEBUG]: [0mThis is a debug message from thread 518-09-2026 00:29:34 [38;5;009m[ERROR]: [0mThis is a error message from thread 2718-09-2026 00:29:34 [38;5;009m[ERROR]: [0mThis is a error message from thread 118-09-2026 00:29:34 [38;5;009m[ERROR]: [0mThis is a error message from thread 2518-09-2026 00:29:34 [38;5;117m[DEBUG]: [0mThis is a debug message from thread 018-09-2026 00:29:34 [38;5;009m[ERROR]: [0mThis is a error message from thread 1718-09-2026 00:29:34 [38;5;117m[DEBUG]: [0mThis is a debug message from thread 118-09-2026 00:29:34 [38;5;117m[DEBUG]: [0mThis is a debug message from thread 818-09-2026 00:29:34 [38;5;117m[DEBUG]: [0mThis is a debug message from thread 2818-09-2026 00:29:34 [38;5;015m[INFO]: [0mThis is a info message from thread 2118-09-2026 00:29:34 [38;5;117m[DEBUG]: [0mThis is a debug message from thread 2518-09-2026 00:29:34 [38;5;015m[INFO]: [0mThis is a info message from thread 018-09-2026 00:29:34 [38;5;015m[INFO]: [0mThis is a info message from thread 818-09-2026 00:29:34 [38;5;117m[DEBUG]: [0mThis is a debug message from thread 2718-09-2026 00:29:34 [38;5;015m[INFO]: [0mThis is a info message from thread 2618-09-2026 00:29:34 [38;5;009m[ERROR]: [0mThis is a error message from thread 1418-09-2026 00:29:34 [38;5;015m[INFO]: [0mThis is a info message from thread 2418-09-2026 00:29:34 [38;5;009m[ERROR]: [0mThis is a error message from thread 2618-09-2026 00:29:34 [38;5;117m[DEBUG]: [0mThis is a debug message from thread 1318-09-2026 00:29:34 [38;5;009m[ERROR]: [0mThis is a error message from thread 018-09-2026 00:29:34 [38;5;009m[ERROR]: [0mThis is a error message from thread 1218-09-2026 00:29:34 [38;5;015m[INFO]: [0mThis is a info message from thread 1018-09-2026 00:29:34 [38;5;015m[INFO]: [0mThis is a info message from thread 2018-09-2026 00:29:34 [38;5;117m[DEBUG]: [0mThis is a debug message from thread 1218-09-2026 00:29:34 [38;5;015m[INFO]: [0mThis is a info message from thread 2718-09-2026 00:29:34 [38;5;009m[ERROR]: [0mThis is a error message from thread 1118-09-2026 00:29:34 [38;5;015m[INFO]: [0mThis is a info message from thread 2218-09-2026 00:29:34 [38;5;015m[INFO]: [0mThis is a info message from thread 518-09-2026 00:29:34 [38;5;015m[INFO]: [0mThis is a info message from thread 718-09-2026 00:29:34 [38;5;117m[DEBUG]: [0mThis is a debug message from thread 018-09-2026 00:29:34 [38;5;009m[ERROR]: [0mThis is a error message from thread 218-09-2026 00:29:34 [38;5;009m[ERROR]: [0mThis is a error message from thread 418-09-2026 00:29:34 [38;5;009m[ERROR]: [0mThis is a error message from thread 718-09-2026 00:29:34 [38;5;015m[INFO]: [0mThis is a info message from thread 018-09-2026 00:29:34 [38;5;117m[DEBUG]: [0mThis is a debug message from thread 2918-09-2026 00:29:34 [38;5;015m[INFO]: [0mThis is a info message from thread 2518-09-2026 00:29:34 [38;5;117m[DEBUG]: [0mThis is a debug message from thread 1118-09-2026 00:29:34 [38;5;117m[DEBUG]: [0mThis is a debug message from thread 718-09-2026 00:29:34 [38;5;117m[DEBUG]: [0mThis is a debug message from thread 1518-09-2026 00:29:34 [38;5;117m[DEBUG]: [0mThis is a debug message from thread 1818-09-2026 00:29:34 [38;5;015m[INFO]: [0mThis is a info message from thread 118-09-2026 00:29:34 [38;5;015m[INFO]: [0mThis is a info message from thread 1518-09-2026 00:29:34 [38;5;117m[DEBUG]: [0mThis is a debug message from thread 1718-09-2026 00:29:34 [38;5;015m[INFO]: [0mThis is a info message from thread 1118-09-2026 00:29:34 [38;5;009m[ERROR]: [0mThis is a error message from thread 1018-09-2026 00:29:34 [38;5;117m[DEBUG]: [0mThis is a debug message from thread 1418-09-2026 00:29:34 [38;5;117m[DEBUG]: [0mThis is a debug message from thread 418-09-2026 00:29:34 [38;5;015m[INFO]: [0mThis is a info message from thread 1418-09-2026 00:29:34 [38;5;009m[ERROR]: [0mThis is a error message from thread 318-09-2026 00:29:34 [38;5;015m[INFO]: [0mThis is a info message from thread 618-09-2026 00:29:34 [38;5;009m[ERROR]: [0mThis is a error message from thread 1618-09-2026 00:29:34 [38;5;009m[ERROR]: [0mThis is a error message from thread 818-09-2026 00:29:34 [38;5;009m[ERROR]: [0mThis is a error message from thread 1418-09-2026 00:29:34 [38;5;117m[DEBUG]: [0mThis is a debug message from thread 1018-09-2026 00:29:34 [38;5;009m[ERROR]: [0mThis is a error message from thread 2518-09-2026 00:29:34 [38;5;117m[DEBUG]: [0mThis is a debug message from thread 1618-09-2026 00:29:34 [38;5;117m[DEBUG]: [0mThis is a debug message from thread 2618-09-2026 00:29:34 [38;5;009m[ERROR]: [0mThis is a error message from thread 2318-09-2026 00:29:34 [38;5;015m[INFO]: [0mThis is a info message from thread 1718-09-2026 00:29:34 [38;5;009m[ERROR]: [0mThis is a error message from thread 1118-09-2026 00:29:34 [38;5;117m[DEBUG]: [0mThis is a debug message from thread 1418-09-2026 00:29:34 [38;5;015m[INFO]: [0mThis is a info message from thread 418-09-2026 00:29:34 [38;5;015m[INFO]: [0mThis is a info message from thread 1818-09-2026 00:29:34 [38;5;117m[DEBUG]: [0mThis is a debug message from thread 818-09-2026 00:29:34 [38;5;009m[ERROR]: [0mThis is a error message from thread 1718-09-2026 00:29:34 [38;5;009m[ERROR]: [0mThis is a error message from thread 1818-09-2026 00:29:34 [38;5;015m[INFO]: [0mThis is a info message from thread 1618-09-2026 00:29:34 [38;5;015m[INFO]: [0mThis is a info message from thread 2618-09-2026 00:29:34 [38;5;015m[INFO]: [0mThis is a info message from thread 1418-09-2026 00:29:34 [38;5;009m[ERROR]: [0mThis is a error message from thread 2718-09-2026 00:29:34 [38;5;015m[INFO]: [0mThis is a info message from thread 2918-09-2026 00:29:34 [38;5;117m[DEBUG]: [0mThis is a debug message from thread 2318-09-2026 00:29:34 [38;5;009m[ERROR]: [0mThis is a error message from thread 2018-09-2026 00:29:34 [38;5;009m[ERROR]: [0mThis is a error message from thread 018-09-2026 00:29:34 [38;5;009m[ERROR]: [0mThis is a error message from thread 1618-09-2026 00:29:34 [38;5;117m[DEBUG]: [0mThis is a debug message from thread 018-09-2026 00:29:34 [38;5;117m[DEBUG]: [0mThis is a debug message from thread 1718-09-2026 00:29:34 [38;5;009m[ERROR]: [0mThis is a error message from thread 2418-09-2026 00:29:34 [38;5;009m[ERROR]: [0mThis is a error message from thread 2918-09-2026 00:29:34 [38;5;015m[INFO]: [0mThis is a info message from thread 2318-09-2026 00:29:34 [38;5;015m[INFO]: [0mThis is a info message from thread 1718-09-2026 00:29:34 [38;5;009m[ERROR]: [0mThis is a error message from thread 2318-09-2026 00:29:34 [38;5;117m[DEBUG]: [0mThis is a debug message from thread 218-09-2026 00:29:34 [38;5;015m[INFO]: [0mThis is a info message from thread 018-09-2026 00:29:34 [38;5;015m[INFO]: [0mThis is a info message from thread 718-09-2026 00:29:34 [38;5;117m[DEBUG]: [0mThis is a debug message from thread 2318-09-2026 00:29:34 [38;5;015m[INFO]: [0mThis is a info message from thread 2318-09-2026 00:29:34 [38;5;009m[ERROR]: [0mThis is a error message from thread 718-09-2026 00:29:34 [38;5;009m[ERROR]: [0mThis is a error message from thread 1718-09-2026 00:29:34 [38;5;015m[INFO]: [0mThis is a info message from thread 1918-09-2026 00:29:34 [38;5;009m[ERROR]: [0mThis is a error message from thread 2218-09-2026 00:29:34 [38;5;009m[ERROR]: [0mThis is a error message from thread 1918-09-2026 00:29:34 [38;5;117m[DEBUG]: [0mThis is a debug message from thread 1718-09-2026 00:29:34 [38;5;015m[INFO]: [0mThis is a info message from thread 2818-09-2026 00:29:34 [38;5;117m[DEBUG]: [0mThis is a debug message from thread 1618-09-2026 00:29:34 [38;5;009m[ERROR]: [0mThis is a error message from thread 1418-09-2026 00:29:34 [38;5;117m[DEBUG]: [0mThis is a debug message from thread 1118-09-2026 00:29:34 [38;5;117m[DEBUG]: [0mThis is a debug message from thread 1918-09-2026 00:29:34 [38;5;009m[ERROR]: [0mThis is a error message from thread 1518-09-2026 00:29:34 [38;5;015m[INFO]: [0mThis is a info message from thread 1718-09-2026 00:29:34 [38;5;015m[INFO]: [0mThis is a info message from thread 1218-09-2026 00:29:34 [38;5;015m[INFO]: [0mThis is a info message from thread 1618-09-2026 00:29:34 [38;5;015m[INFO]: [0mThis is a info message from thread 1918-09-2026 00:29:34 [38;5;015m[INFO]: [0mThis is a info message from thread 918-09-2026 00:29:34 [38;5;117m[DEBUG]: [0mThis is a debug message from thread 1418-09-2026 00:29:34 [38;5;009m[ERROR]: [0mThis is a error message from thread 418-09-2026 00:29:34 [38;5;117m[DEBUG]: [0mThis is a debug message from thread 1818-09-2026 00:29:34 [38;5;009m[ERROR]: [0mThis is a error message from thread 2818-09-2026 00:29:34 [38;5;009m[ERROR]: [0mThis is a error message from thread 2618-09-2026 00:29:34 [38;5;117m[DEBUG]: [0mThis is a debug message from thread 2218-09-2026 00:29:34 [38;5;009m[ERROR]: [0mThis is a error message from thread 918-09-2026 00:29:34 [38;5;015m[INFO]: [0mThis is a info message from thread 1818-09-2026 00:29:34 [38;5;117m[DEBUG]: [0mThis is a debug message from thread 1518-09-2026 00:29:34 [38;5;009m[ERROR]: [0mThis is a error message from thread 1718-09-2026 00:29:34 [38;5;015m[INFO]: [0mThis is a info message from thread 2218-09-2026 00:29:34 [38;5;117m[DEBUG]: [0mThis is a debug message from thread 918-09-2026 00:29:34 [38;5;015m[INFO]: [0mThis is a info message from thread 1418-09-2026 00:29:34 [38;5;015m[INFO]: [0mThis is a info message from thread 218-09-2026 00:29:34 [38;5;009m[ERROR]: [0mThis is a error message from thread 2318-09-2026 00:29:34 [38;5;015m[INFO]: [0mThis is a info message from thread 918-09-2026 00:29:34 [38;5;015m[INFO]: [0mThis is a info message from thread 1518-09-2026 00:29:34 [38;5;009m[ERROR]: [0mThis is a error message from thread 1518-09-2026 00:29:34 [38;5;117m[DEBUG]: [0mThis is a debug message from thread 418-09-2026 00:29:34 [38;5;117m[DEBUG]: [0mThis is a debug message from thread 2618-09-2026 00:29:34 [38;5;117m[DEBUG]: [0mThis is a debug message from thread 1718-09-2026 00:29:34 [38;5;117m[DEBUG]: [0mThis is a debug message from thread 2318-09-2026 00:29:34 [38;5;009m[ERROR]: [0mThis is a error message from thread 218-09-2026 00:29:34 [38;5;009m[ERROR]: [0mThis is a error message from thread 018-09-2026 00:29:34 [38;5;009m[ERROR]: [0mThis is a error message from thread 1618-09-2026 00:29:34 [38;5;009m[ERROR]: [0mThis is a error message from thread 918-09-2026 00:29:34 [38;5;117m[DEBUG]: [0mThis is a debug message from thread 918-09-2026 00:29:34 [38;5;117m[DEBUG]: [0mThis is a debug message from thread 018-09-2026 00:29:34 [38;5;117m[DEBUG]: [0mThis is a debug message from thread 2718-09-2026 00:29:34 [38;5;117m[DEBUG]: [0mThis is a debug message from thread 2418-09-2026 00:29:34 [38;5;015m[INFO]: [0mThis is a info message from thread 2418-09-2026 00:29:34 [38;5;015m[INFO]: [0mThis is a info message from thread 018-09-2026 00:29:34 [38;5;015m[INFO]: [0mThis is a info message from thread 2718-09-2026 00:29:34 [38;5;009m[ERROR]: [0mThis is a error message from thread 1218-09-2026 00:29:34 [38;5;009m[ERROR]: [0mThis is a error message from thread 2718-09-2026 00:29:34 [38;5;009m[ERROR]: [0mThis is a error message from thread 118-09-2026 00:29:34 [38;5;015m[INFO]: [0mThis is a info message from thread 918-09-2026 00:29:34 [38;5;015m[INFO]: [0mThis is a info message from thread 2318-09-2026 00:29:34 [38;5;015m[INFO]: [0mThis is a info message from thread 1118-09-2026 00:29:34 [38;5;009m[ERROR]: [0mThis is a error message from thread 1418-09-2026 00:29:34 [38;5;015m[INFO]: [0mThis is a info message from thread 1018-09-2026 00:29:34 [38;5;117m[DEBUG]: [0mThis is a debug message from thread 2718-09-2026 00:29:34 [38;5;015m[INFO]: [0mThis is a info message from thread 1718-09-2026 00:29:34 [38;5;117m[DEBUG]: [0mThis is a debug message from thread 2918-09-2026 00:29:34 [38;5;009m[ERROR]: [0mThis is a error message from thread 1018-09-2026 00:29:34 [38;5;015m[INFO]: [0mThis is a info message from thread 818-09-2026 00:29:34 [38;5;117m[DEBUG]: [0mThis is a debug message from thread 1418-09-2026 00:29:34 [38;5;009m[ERROR]: [0mThis is a error message from thread 2118-09-2026 00:29:34 [38;5;015m[INFO]: [0mThis is a info message from thread 1318-09-2026 00:29:34 [38;5;009m[ERROR]: [0mThis is a error message from thread 1118-09-2026 00:29:34 [38;5;009m[ERROR]: [0mThis is a error message from thread 1318-09-2026 00:29:34 [38;5;009m[ERROR]: [0mThis is a error message from thread 518-09-2026 00:29:34 [38;5;117m[DEBUG]: [0mThis is a debug message from thread 2018-09-2026 00:29:34 [38;5;117m[DEBUG]: [0mThis is a debug message from thread 118-09-2026 00:29:34 [38;5;117m[DEBUG]: [0mThis is a debug message from thread 318-09-2026 00:29:34 [38;5;117m[DEBUG]: [0mThis is a debug message from thread 1118-09-2026 00:29:34 [38;5;015m[INFO]: [0mThis is a info message from thread 2018-09-2026 00:29:34 [38;5;009m[ERROR]: [0mThis is a error message from thread 2318-09-2026 00:29:34 [38;5;009m[ERROR]: [0mThis is a error message from thread 918-09-2026 00:29:34 [38;5;117m[DEBUG]: [0mThis is a debug message from thread 2118-09-2026 00:29:34 [38;5;015m[INFO]: [0mThis is a info message from thread 418-09-2026 00:29:34 [38;5;009m[ERROR]: [0mThis is a error message from thread 1918-09-2026 00:29:34 [38;5;015m[INFO]: [0mThis is a info message from thread 2618-09-2026 00:29:34 [38;5;117m[DEBUG]: [0mThis is a debug message from thread 2518-09-2026 00:29:34 [38;5;009m[ERROR]: [0mThis is a error message from thread 618-09-2026 00:29:34 [38;5;117m[DEBUG]: [0mThis is a debug message from thread 1518-09-2026 00:29:34 [38;5;009m[ERROR]: [0mThis is a error message from thread 1818-09-2026 00:29:34 [38;5;117m[DEBUG]: [0mThis is a debug message from thread 2818-09-2026 00:29:34 [38;5;009m[ERROR]: [0mThis is a error message from thread 2618-09-2026 00:29:34 [38;5;117m[DEBUG]: [0mThis is a debug message from thread 2318-09-2026 00:29:34 [38;5;015m[INFO]: [0mThis is a info message from thread 118-09-2026 00:29:34 [38;5;009m[ERROR]: [0mThis is a error message from thread 1718-09-2026 00:29:34 [38;5;117m[DEBUG]: [0mThis is a debug message from thread 1918-09-2026 00:29:34 [38;5;009m[ERROR]: [0mThis is a error message from thread 2418-09-2026 00:29:34 [38;5;015m[INFO]: [0mThis is a info message from thread 2518-09-2026 00:29:34 [38;5;009m[ERROR]: [0mThis is a error message from thread 418-09-2026 00:29:34 [38;5;009m[ERROR]: [0mThis is a error message from thread 2218-09-2026 00:29:34 [38;5;009m[ERROR]: [0mThis is a error message from thread 2018-09-2026 00:29:34 [38;5;117m[DEBUG]: [0mThis is a debug message from thread 1818-09-2026 00:29:34 [38;5;015m[INFO]: [0mThis is a info message from thread 2818-09-2026 00:29:34 [38;5;015m[INFO]: [0mThis is a info message from thread 1518-09-2026 00:29:34 [38;5;015m[INFO]: [0mThis is a info message from thread 1818-09-2026 00:29:34 [38;5;015m[INFO]: [0mThis is a info message from thread 1418-09-2026 00:29:34 [38;5;117m[DEBUG]: [0mThis is a debug message from thread 2618-09-2026 00:29:34 [38;5;117m[DEBUG]: [0mThis is a debug message from thread 618-09-2026 00:29:34 [38;5;117m[DEBUG]: [0mThis is a debug message from thread 2218-09-2026 00:29:34 [38;5;015m[INFO]: [0mThis is a info message from thread 2218-09-2026 00:29:34 [38;5;009m[ERROR]: [0mThis is a error message from thread 2218-09-2026 00:29:34 [38;5;015m[INFO]: [0mThis is a info message from thread 318-09-2026 00:29:34 [38;5;009m[ERROR]: [0mThis is a error message from thread 1418-09-2026 00:29:34 [38;5;009m[ERROR]: [0mThis is a error message from thread 2818-09-2026 00:29:34 [38;5;009m[ERROR]: [0mThis is a error message from thread 018-09-2026 00:29:34 [38;5;117m[DEBUG]: [0mThis is a debug message from thread 1018-09-2026 00:29:34 [38;5;117m[DEBUG]: [0mThis is a debug message from thread 1718-09-2026 00:29:34 [38;5;117m[DEBUG]: [0mThis is a debug message from thread 1418-09-2026 00:29:34 [38;5;015m[INFO]: [0mThis is a info message from thread 2318-09-2026 00:29:34 [38;5;009m[ERROR]: [0mThis is a error message from thread 1818-09-2026 00:29:34 [38;5;015m[INFO]: [0mThis is a info message from thread 2718-09-2026 00:29:34 [38;5;009m[ERROR]: [0mThis is a error message from thread 2318-09-2026 00:29:34 [38;5;117m[DEBUG]: [0mThis is a debug message from thread 2818-09-2026 00:29:34 [38;5;015m[INFO]: [0mThis is a info message from thread 2618-09-2026 00:29:34 [38;5;117m[DEBUG]: [0mThis is a debug message from thread 2218-09-2026 00:29:34 [38;5;117m[DEBUG]: [0mThis is a debug message from thread 1818-09-2026 00:29:34 [38;5;015m[INFO]: [0mThis is a info message from thread 2218-09-2026 00:29:34 [38;5;117m[DEBUG]: [0mThis is a debug message from thread 718-09-2026 00:29:34 [38;5;117m[DEBUG]: [0mThis is a debug message from thread 1218-09-2026 00:29:34 [38;5;117m[DEBUG]: [0mThis is a debug message from thread 1318-09-2026 00:29:34 [38;5;015m[INFO]: [0mThis is a info message from thread 1018-09-2026 00:29:34 [38;5;117m[DEBUG]: [0mThis is a debug message from thread 918-09-2026 00:29:34 [38;5;015m[INFO]: [0mThis is a info message from thread 1118-09-2026 00:29:34 [38;5;015m[INFO]: [0mThis is a info message from thread 2118-09-2026 00:29:34 [38;5;009m[ERROR]: [0mThis is a error message from thread 1118-09-2026 00:29:34 [38;5;015m[INFO]: [0mThis is a info message from thread 718-09-2026 00:29:34 [38;5;009m[ERROR]: [0mThis is a error message from thread 2118-09-2026 00:29:34 [38;5;117m[DEBUG]: [0mThis is a debug message from thread 2418-09-2026 00:29:34 [38;5;015m[INFO]: [0mThis is a info message from thread 1218-09-2026 00:29:34 [38;5;015m[INFO]: [0mThis is a info message from thread 2418-09-2026 00:29:34 [38;5;015m[INFO]: [0mThis is a info message from thread 918-09-2026 00:29:34 [38;5;009m[ERROR]: [0mThis is a error message from thread 2418-09-2026 00:29:34 [38;5;009m[ERROR]: [0mThis is a error message from thread 2218-09-2026 00:29:34 [38;5;009m[ERROR]: [0mThis is a error message from thread 918-09-2026 00:29:34 [38;5;117m[DEBUG]: [0mThis is a debug message from thread 1618-09-2026 00:29:34 [38;5;117m[DEBUG]: [0mThis is a debug message from thread 2018-09-2026 00:29:34 [38;5;009m[ERROR]: [0mThis is a error message from thread 1218-09-2026 00:29:34 [38;5;117m[DEBUG]: [0mThis is a debug message from thread 2118-09-2026 00:29:34 [38;5;015m[INFO]: [0mThis is a info message from thread 1818-09-2026 00:29:34 [38;5;009m[ERROR]: [0mThis is a error message from thread 1818-09-2026 00:29:34 [38;5;015m[INFO]: [0mThis is a info message from thread 2118-09-2026 00:29:34 [38;5;117m[DEBUG]: [0mThis is a debug message from thread 1818-09-2026 00:29:34 [38;5;009m[ERROR]: [0mThis is a error message from thread 2118-09-2026 00:29:34 [38;5;015m[INFO]: [0mThis is a info message from thread 1318-09-2026 00:29:34 [38;5;117m[DEBUG]: [0mThis is a debug message from thread 2118-09-2026 00:29:34 [38;5;015m[INFO]: [0mThis is a info message from thread 2118-09-2026 00:29:34 [38;5;117m[DEBUG]: [0mThis is a debug message from thread 1218-09-2026 00:29:34 [38;5;015m[INFO]: [0mThis is a info message from thread 1218-09-2026 00:29:34 [38;5;009m[ERROR]: [0mThis is a error message from thread 1218-09-2026 00:29:34 [38;5;009m[ERROR]: [0mThis is a error message from thread 1018-09-2026 00:29:34 [38;5;117m[DEBUG]: [0mThis is a debug message from thread 1218-09-2026 00:29:34 [38;5;009m[ERROR]: [0mThis is a error message from thread 2518-09-2026 00:29:34 [38;5;009m[ERROR]: [0mThis is a error message from thread 118-09-2026 00:29:34 [38;5;117m[DEBUG]: [0mThis is a debug message from thread 2418-09-2026 00:29:34 [38;5;015m[INFO]: [0mThis is a info message from thread 618-09-2026 00:29:34 [38;5;117m[DEBUG]: [0mThis is a debug message from thread 218-09-2026 00:29:34 [38;5;117m[DEBUG]: [0mThis is a debug message from thread 018-09-2026 00:29:34 [38;5;117m[DEBUG]: [0mThis is a debug message from thread 918-09-2026 00:29:34 [38;5;015m[INFO]: [0mThis is a info message from thread 218-09-2026 00:29:34 [38;5;117m[DEBUG]: [0mThis is a debug message from thread 2518-09-2026 00:29:34 [38;5;009m[ERROR]: [0mThis is a error message from thread 218-09-2026 00:29:34 [38;5;015m[INFO]: [0mThis is a info message from thread 918-09-2026 00:29:34 [38;5;015m[INFO]: [0mThis is a info message from thread 2818-09-2026 00:29:34 [38;5;015m[INFO]: [0mThis is a info message from thread 1818-09-2026 00:29:34 [38;5;117m[DEBUG]: [0mThis is a debug message from thread 1018-09-2026 00:29:34 [38;5;009m[ERROR]: [0mThis is a error message from thread 818-09-2026 00:29:34 [38;5;009m[ERROR]: [0mThis is a error message from thread 318-09-2026 00:29:34 [38;5;015m[INFO]: [0mThis is a info message from thread 1018-09-2026 00:29:34 [38;5;009m[ERROR]: [0mThis is a error message from thread 1518-09-2026 00:29:34 [38;5;117m[DEBUG]: [0mThis is a debug message from thread 218-09-2026 00:29:34 [38;5;015m[INFO]: [0mThis is a info message from thread 1618-09-2026 00:29:34 [38;5;117m[DEBUG]: [0mThis is a debug message from thread 418-09-2026 00:29:34 [38;5;117m[DEBUG]: [0mThis is a debug message from thread 2218-09-2026 00:29:34 [38;5;117m[DEBUG]: [0mThis is a debug message from thread 2318-09-2026 00:29:34 [38;5;009m[ERROR]: [0mThis is a error message from thread 2118-09-2026 00:29:34 [38;5;015m[INFO]: [0mThis is a info message from thread 218-09-2026 00:29:34 [38;5;015m[INFO]: [0mThis is a info message from thread 2418-09-2026 00:29:34 [38;5;117m[DEBUG]: [0mThis is a debug message from thread 1518-09-2026 00:29:34 [38;5;009m[ERROR]: [0mThis is a error message from thread 1818-09-2026 00:29:34 [38;5;117m[DEBUG]: [0mThis is a debug message from thread 518-09-2026 00:29:34 [38;5;015m[INFO]: [0mThis is a info message from thread 1518-09-2026 00:29:34 [38;5;015m[INFO]: [0mThis is a info message from thread 518-09-2026 00:29:34 [38;5;015m[INFO]: [0mThis is a info message from thread 2318-09-2026 00:29:34 [38;5;009m[ERROR]: [0mThis is a error message from thread 518-09-2026 00:29:34 [38;5;009m[ERROR]: [0mThis is a error message from thread 218-09-2026 00:29:34 [38;5;117m[DEBUG]: [0mThis is a debug message from thread 818-09-2026 00:29:34 [38;5;009m[ERROR]: [0mThis is a error message from thread 2418-09-2026 00:29:34 [38;5;015m[INFO]: [0mThis is a info message from thread 2218-09-2026 00:29:34 [38;5;009m[ERROR]: [0mThis is a error message from thread 1618-09-2026 00:29:34 [38;5;117m[DEBUG]: [0mThis is a debug message from thread 218-09-2026 00:29:34 [38;5;117m[DEBUG]: [0mThis is a debug message from thread 2418-09-2026 00:29:34 [38;5;015m[INFO]: [0mThis is a info message from thread 218-09-2026 00:29:34 [38;5;015m[INFO]: [0mThis is a info message from thread 1418-09-2026 00:29:34 [38;5;015m[INFO]: [0mThis is a info message from thread 2918-09-2026 00:29:34 [38;5;009m[ERROR]: [0mThis is a error message from thread 618-09-2026 00:29:34 [38;5;015m[INFO]: [0mThis is a info message from thread 2418-09-2026 00:29:34 [38;5;009m[ERROR]: [0mThis is a error message from thread 2818-09-2026 00:29:34 [38;5;117m[DEBUG]: [0mThis is a debug message from thread 1118-09-2026 00:29:34 [38;5;009m[ERROR]: [0mThis is a error message from thread 1018-09-2026 00:29:34 [38;5;009m[ERROR]: [0mThis is a error message from thread 2718-09-2026 00:29:34 [38;5;015m[INFO]: [0mThis is a info message from thread 1118-09-2026 00:29:34 [38;5;117m[DEBUG]: [0mThis is a debug message from thread 1618-09-2026 00:29:34 [38;5;009m[ERROR]: [0mThis is a error message from thread 1418-09-2026 00:29:34 [38;5;009m[ERROR]: [0mThis is a error message from thread 2618-09-2026 00:29:34 [38;5;009m[ERROR]: [0mThis is a error message from thread 1518-09-2026 00:29:34 [38;5;015m[INFO]: [0mThis is a info message from thread 1718-09-2026 00:29:34 [38;5;117m[DEBUG]: [0mThis is a debug message from thread 2118-09-2026 00:29:34 [38;5;117m[DEBUG]: [0mThis is a debug message from thread 1518-09-2026 00:29:34 [38;5;009m[ERROR]: [0mThis is a error message from thread 2918-09-2026 00:29:34 [38;5;015m[INFO]: [0mThis is a info message from thread 1618-09-2026 00:29:34 [38;5;015m[INFO]: [0mThis is a info message from thread 2018-09-2026 00:29:34 [38;5;009m[ERROR]: [0mThis is a error message from thread 1718-09-2026 00:29:34 [38;5;015m[INFO]: [0mThis is a info message from thread 1518-09-2026 00:29:34 [38;5;117m[DEBUG]: [0mThis is a debug message from thread 318-09-2026 00:29:34 [38;5;117m[DEBUG]: [0mThis is a debug message from thread 1018-09-2026 00:29:34 [38;5;117m[DEBUG]: [0mThis is a debug message from thread 2718-09-2026 00:29:34 [38;5;117m[DEBUG]: [0mThis is a debug message from thread 2818-09-2026 00:29:34 [38;5;015m[INFO]: [0mThis is a info message from thread 2818-09-2026 00:29:34 [38;5;015m[INFO]: [0mThis is a info message from thread 2118-09-2026 00:29:34 [38;5;009m[ERROR]: [0mThis is a error message from thread 918-09-2026 00:29:34 [38;5;009m[ERROR]: [0mThis is a error message from thread 2418-09-2026 00:29:34 [38;5;009m[ERROR]: [0mThis is a error message from thread 2218-09-2026 00:29:34 [38;5;117m[DEBUG]: [0mThis is a debug message from thread 1418-09-2026 00:29:34 [38;5;009m[ERROR]: [0mThis is a error message from thread 218-09-2026 00:29:34 [38;5;015m[INFO]: [0mThis is a info message from thread 418-09-2026 00:29:34 [38;5;117m[DEBUG]: [0mThis is a debug message from thread 2918-09-2026 00:29:34 [38;5;015m[INFO]: [0mThis is a info message from thread 1018-09-2026 00:29:34 [38;5;015m[INFO]: [0mThis is a info message from thread 2518-09-2026 00:29:34 [38;5;015m[INFO]: [0mThis is a info message from thread 318-09-2026 00:29:34 [38;5;117m[DEBUG]: [0mThis is a debug message from thread 618-09-2026 00:29:34 [38;5;117m[DEBUG]: [0mThis is a debug message from thread 1718-09-2026 00:29:34 [38;5;015m[INFO]: [0mThis is a info message from thread 618-09-2026 00:29:34 [38;5;117m[DEBUG]: [0mThis is a debug message from thread 2418-09-2026 00:29:34 [38;5;117m[DEBUG]: [0mThis is a debug message from thread 918-09-2026 00:29:34 [38;5;009m[ERROR]: [0mThis is a error message from thread 1518-09-2026 00:29:34 [38;5;015m[INFO]: [0mThis is a info message from thread 1918-09-2026 00:29:34 [38;5;015m[INFO]: [0mThis is a info message from thread 1218-09-2026 00:29:34 [38;5;117m[DEBUG]: [0mThis is a debug message from thread 1518-09-2026 00:29:34 [38;5;009m[ERROR]: [0mThis is a error message from thread 718-09-2026 00:29:34 [38;5;009m[ERROR]: [0mThis is a error message from thread 1018-09-2026 00:29:34 [38;5;015m[INFO]: [0mThis is a info message from thread 2918-09-2026 00:29:34 [38;5;015m[INFO]: [0mThis is a info message from thread 1518-09-2026 00:29:34 [38;5;009m[ERROR]: [0mThis is a error message from thread 1618-09-2026 00:29:34 [38;5;015m[INFO]: [0mThis is a info message from thread 918-09-2026 00:29:34 [38;5;015m[INFO]: [0mThis is a info message from thread 818-09-2026 00:29:34 [38;5;009m[ERROR]: [0mThis is a error message from thread 2318-09-2026 00:29:34 [38;5;009m[ERROR]: [0mThis is a error message from thread 1518-09-2026 00:29:34 [38;5;117m[DEBUG]: [0mThis is a debug message from thread 518-09-2026 00:29:34 [38;5;117m[DEBUG]: [0mThis is a debug message from thread 1618-09-2026 00:29:34 [38;5;009m[ERROR]: [0mThis is a error message from thread 418-09-2026 00:29:34 [38;5;009m[ERROR]: [0mThis is a error message from thread 918-09-2026 00:29:34 [38;5;117m[DEBUG]: [0mThis is a debug message from thread 718-09-2026 00:29:34 [38;5;009m[ERROR]: [0mThis is a error message from thread 1318-09-2026 00:29:34 [38;5;009m[ERROR]: [0mThis is a error message from thread 2818-09-2026 00:29:34 [38;5;117m[DEBUG]: [0mThis is a debug message from thread 2318-09-2026 00:29:34 [38;5;009m[ERROR]: [0mThis is a error message from thread 2518-09-2026 00:29:34 [38;5;117m[DEBUG]: [0mThis is a debug message from thread 218-09-2026 00:29:34 [38;5;015m[INFO]: [0mThis is a info message from thread 1718-09-2026 00:29:34 [38;5;015m[INFO]: [0mThis is a info message from thread 2418-09-2026 00:29:34 [38;5;117m[DEBUG]: [0mThis is a debug message from thread 2818-09-2026 00:29:34 [38;5;009m[ERROR]: [0mThis is a error message from thread 618-09-2026 00:29:34 [38;5;015m[INFO]: [0mThis is a info message from thread 1618-09-2026 00:29:34 [38;5;117m[DEBUG]: [0mThis is a debug message from thread 618-09-2026 00:29:34 [38;5;009m[ERROR]: [0mThis is a error message from thread 2418-09-2026 00:29:34 [38;5;009m[ERROR]: [0mThis is a error message from thread 318-09-2026 00:29:34 [38;5;009m[ERROR]: [0mThis is a error message from thread 1618-09-2026 00:29:34 [38;5;117m[DEBUG]: [0mThis is a debug message from thread 1318-09-2026 00:29:34 [38;5;009m[ERROR]: [0mThis is a error message from thread 2118-09-2026 00:29:34 [38;5;117m[DEBUG]: [0mThis is a debug message from thread 2418-09-2026 00:29:34 [38;5;015m[INFO]: [0mThis is a info message from thread 018-09-2026 00:29:34 [38;5;009m[ERROR]: [0mThis is a error message from thread 2018-09-2026 00:29:34 [38;5;117m[DEBUG]: [0mThis is a debug message from thread 2218-09-2026 00:29:34 [38;5;015m[INFO]: [0mThis is a info message from thread 2718-09-2026 00:29:34 [38;5;015m[INFO]: [0mThis is a info message from thread 2318-09-2026 00:29:34 [38;5;009m[ERROR]: [0mThis is a error message from thread 1718-09-2026 00:29:34 [38;5;117m[DEBUG]: [0mThis is a debug message from thread 2618-09-2026 00:29:34 [38;5;015m[INFO]: [0mThis is a info message from thread 218-09-2026 00:29:34 [38;5;117m[DEBUG]: [0mThis is a debug message from thread 2118-09-2026 00:29:34 [38;5;015m[INFO]: [0mThis is a info message from thread 1318-09-2026 00:29:34 [38;5;117m[DEBUG]: [0mThis is a debug message from thread 418-09-2026 00:29:34 [38;5;015m[INFO]: [0mThis is a info message from thread 2218-09-2026 00:29:34 [38;5;015m[INFO]: [0mThis is a info message from thread 518-09-2026 00:29:34 [38;5;009m[ERROR]: [0mThis is a error message from thread 2318-09-2026 00:29:34 [38;5;015m[INFO]: [0mThis is a info message from thread 2818-09-2026 00:29:34 [38;5;009m[ERROR]: [0mThis is a error message from thread 1918-09-2026 00:29:34 [38;5;015m[INFO]: [0mThis is a info message from thread 2418-09-2026 00:29:34 [38;5;009m[ERROR]: [0mThis is a error message from thread 1218-09-2026 00:29:34 [38;5;009m[ERROR]: [0mThis is a error message from thread 018-09-2026 00:29:34 [38;5;117m[DEBUG]: [0mThis is a debug message from thread 1518-09-2026 00:29:34 [38;5;117m[DEBUG]: [0mThis is a debug message from thread 1218-09-2026 00:29:34 [38;5;009m[ERROR]: [0mThis is a error message from thread 1318-09-2026 00:29:34 [38;5;117m[DEBUG]: [0mThis is a debug message from thread 318-09-2026 00:29:34 [38;5;009m[ERROR]: [0mThis is a error message from thread 1118-09-2026 00:29:34 [38;5;117m[DEBUG]: [0mThis is a debug message from thread 1818-09-2026 00:29:34 [38;5;015m[INFO]: [0mThis is a info message from thread 718-09-2026 00:29:34 [38;5;015m[INFO]: [0mThis is a info message from thread 318-09-2026 00:29:34 [38;5;009m[ERROR]: [0mThis is a error message from thread 818-09-2026 00:29:34 [38;5;117m[DEBUG]: [0mThis is a debug message from thread 2318-09-2026 00:29:34 [38;5;117m[DEBUG]: [0mThis is a debug message from thread 1118-09-2026 00:29:34 [38;5;015m[INFO]: [0mThis is a info message from thread 2318-09-2026 00:29:34 [38;5;117m[DEBUG]: [0mThis is a debug message from thread 1318-09-2026 00:29:34 [38;5;009m[ERROR]: [0mThis is a error message from thread 218-09-2026 00:29:34 [38;5;117m[DEBUG]: [0mThis is a debug message from thread 118-09-2026 00:29:34 [38;5;117m[DEBUG]: [0mThis is a debug message from thread 918-09-2026 00:29:34 [38;5;009m[ERROR]: [0mThis is a error message from thread 2318-09-2026 00:29:34 [38;5;117m[DEBUG]: [0mThis is a debug message from thread 2018-09-2026 00:29:34 [38;5;117m[DEBUG]: [0mThis is a debug message from thread 2318-09-2026 00:29:34 [38;5;009m[ERROR]: [0mThis is a error message from thread 2418-09-2026 00:29:34 [38;5;015m[INFO]: [0mThis is a info message from thread 1118-09-2026 00:29:34 [38;5;009m[ERROR]: [0mThis is a error message from thread 718-09-2026 00:29:34 [38;5;015m[INFO]: [0mThis is a info message from thread 2618-09-2026 00:29:34 [38;5;015m[INFO]: [0mThis is a info message from thread 618-09-2026 00:29:34 [38;5;009m[ERROR]: [0mThis is a error message from thread 318-09-2026 00:29:34 [38;5;015m[INFO]: [0mThis is a info message from thread 1318-09-2026 00:29:34 [38;5;117m[DEBUG]: [0mThis is a debug message from thread 2418-09-2026 00:29:34 [38;5;015m[INFO]: [0mThis is a info message from thread 2018-09-2026 00:29:34 [38;5;009m[ERROR]: [0mThis is a error message from thread 2818-09-2026 00:29:34 [38;5;015m[INFO]: [0mThis is a info message from thread 2318-09-2026 00:29:34 [38;5;015m[INFO]: [0mThis is a info message from thread 1418-09-2026 00:29:34 [38;5;009m[ERROR]: [0mThis is a error message from thread 1318-09-2026 00:29:34 [38;5;009m[ERROR]: [0mThis is a error message from thread 2018-09-2026 00:29:34 [38;5;009m[ERROR]: [0mThis is a error message from thread 1418-09-2026 00:29:34 [38;5;009m[ERROR]: [0mThis is a error message from thread 2318-09-2026 00:29:34 [38;5;117m[DEBUG]: [0mThis is a debug message from thread 1918-09-2026 00:29:34 [38;5;117m[DEBUG]: [0mThis is a debug message from thread 2518-09-2026 00:29:34 [38;5;015m[INFO]: [0mThis is a info message from thread 1918-09-2026 00:29:34 [38;5;009m[ERROR]: [0mThis is a error message from thread 1918-09-2026 00:29:34 [38;5;015m[INFO]: [0mThis is a info message from thread 2518-09-2026 00:29:34 [38;5;117m[DEBUG]: [0mThis is a debug message from thread 1918-09-2026 00:29:34 [38;5;117m[DEBUG]: [0mThis is a debug message from thread 2318-09-2026 00:29:34 [38;5;009m[ERROR]: [0mThis is a error message from thread 2218-09-2026 00:29:34 [38;5;117m[DEBUG]: [0mThis is a debug message from thread 2018-09-2026 00:29:34 [38;5;015m[INFO]: [0mThis is a info message from thread 1918-09-2026 00:29:34 [38;5;009m[ERROR]: [0mThis is a error message from thread 2518-09-2026 00:29:34 [38;5;015m[INFO]: [0mThis is a info message from thread 1218-09-2026 00:29:34 [38;5;009m[ERROR]: [0mThis is a error message from thread 2718-09-2026 00:29:34 [38;5;117m[DEBUG]: [0mThis is a debug message from thread 018-09-2026 00:29:34 [38;5;117m[DEBUG]: [0mThis is a debug message from thread 1718-09-2026 00:29:34 [38;5;117m[DEBUG]: [0mThis is a debug message from thread 818-09-2026 00:29:34 [38;5;117m[DEBUG]: [0mThis is a debug message from thread 1618-09-2026 00:29:34 [38;5;015m[INFO]: [0mThis is a info message from thread 2318-09-2026 00:29:34 [38;5;009m[ERROR]: [0mThis is a error message from thread 1118-09-2026 00:29:34 [38;5;117m[DEBUG]: [0mThis is a debug message from thread 2518-09-2026 00:29:34 [38;5;015m[INFO]: [0mThis is a info message from thread 1518-09-2026 00:29:34 [38;5;009m[ERROR]: [0mThis is a error message from thread 2918-09-2026 00:29:34 [38;5;015m[INFO]: [0mThis is a info message from thread 2518-09-2026 00:29:34 [38;5;117m[DEBUG]: [0mThis is a debug message from thread 718-09-2026 00:29:34 [38;5;009m[ERROR]: [0mThis is a error message from thread 2618-09-2026 00:29:34 [38;5;009m[ERROR]: [0mThis is a error message from thread 1518-09-2026 00:29:34 [38;5;015m[INFO]: [0mThis is a info message from thread 1818-09-2026 00:29:34 [38;5;009m[ERROR]: [0mThis is a error message from thread 1218-09-2026 00:29:34 [38;5;117m[DEBUG]: [0mThis is a debug message from thread 1118-09-2026 00:29:34 [38;5;015m[INFO]: [0mThis is a info message from thread 2118-09-2026 00:29:34 [38;5;117m[DEBUG]: [0mThis is a debug message from thread 1418-09-2026 00:29:34 [38;5;117m[DEBUG]: [0mThis is a debug message from thread 1018-09-2026 00:29:34 [38;5;015m[INFO]: [0mThis is a info message from thread 1618-09-2026 00:29:34 [38;5;009m[ERROR]: [0mThis is a error message from thread 2318-09-2026 00:29:34 [38;5;009m[ERROR]: [0mThis is a error message from thread 2518-09-2026 00:29:34 [38;5;015m[INFO]: [0mThis is a info message from thread 1018-09-2026 00:29:34 [38;5;015m[INFO]: [0mThis is a info message from thread 018-09-2026 00:29:34 [38;5;117m[DEBUG]: [0mThis is a debug message from thread 318-09-2026 00:29:34 [38;5;009m[ERROR]: [0mThis is a error message from thread 1818-09-2026 00:29:34 [38;5;015m[INFO]: [0mThis is a info message from thread 818-09-2026 00:29:34 [38;5;117m[DEBUG]: [0mThis is a debug message from thread 2518-09-2026 00:29:34 [38;5;015m[INFO]: [0mThis is a info message from thread 2418-09-2026 00:29:34 [38;5;117m[DEBUG]: [0mThis is a debug message from thread 2918-09-2026 00:29:34 [38;5;009m[ERROR]: [0mThis is a error message from thread 2118-09-2026 00:29:34 [38;5;117m[DEBUG]: [0mThis is a debug message from thread 2818-09-2026 00:29:34 [38;5;009m[ERROR]: [0mThis is a error message from thread 2418-09-2026 00:29:34 [38;5;009m[ERROR]: [0mThis is a error message from thread 1018-09-2026 00:29:34 [38;5;117m[DEBUG]: [0mThis is a debug message from thread 1218-09-2026 00:29:34 [38;5;015m[INFO]: [0mThis is a info message from thread 1118-09-2026 00:29:34 [38;5;117m[DEBUG]: [0mThis is a debug message from thread 218-09-2026 00:29:34 [38;5;015m[INFO]: [0mThis is a info message from thread 918-09-2026 00:29:34 [38;5;117m[DEBUG]: [0mThis is a debug message from thread 2618-09-2026 00:29:34 [38;5;117m[DEBUG]: [0mThis is a debug message from thread 1818-09-2026 00:29:34 [38;5;117m[DEBUG]: [0mThis is a debug message from thread 2418-09-2026 00:29:34 [38;5;009m[ERROR]: [0mThis is a error message from thread 518-09-2026 00:29:34 [38;5;117m[DEBUG]: [0mThis is a debug message from thread 2118-09-2026 00:29:34 [38;5;015m[INFO]: [0mThis is a info message from thread 718-09-2026 00:29:34 [38;5;015m[INFO]: [0mThis is a info message from thread 2018-09-2026 00:29:34 [38;5;117m[DEBUG]: [0mThis is a debug message from thread 1518-09-2026 00:29:34 [38;5;015m[INFO]: [0mThis is a info message from thread 1218-09-2026 00:29:34 [38;5;117m[DEBUG]: [0mThis is a debug message from thread 2318-09-2026 00:29:34 [38;5;015m[INFO]: [0mThis is a info message from thread 2818-09-2026 00:29:34 [38;5;015m[INFO]: [0mThis is a info message from thread 1718-09-2026 00:29:34 [38;5;009m[ERROR]: [0mThis is a error message from thread 818-09-2026 00:29:34 [38;5;009m[ERROR]: [0mThis is a error message from thread 1218-09-2026 00:29:34 [38;5;015m[INFO]: [0mThis is a info message from thread 2618-09-2026 00:29:34 [38;5;015m[INFO]: [0mThis is a info message from thread 1418-09-2026 00:29:34 [38;5;117m[DEBUG]: [0mThis is a debug message from thread 1018-09-2026 00:29:34 [38;5;117m[DEBUG]: [0mThis is a debug message from thread 1218-09-2026 00:29:34 [38;5;015m[INFO]: [0mThis is a info message from thread 2118-09-2026 00:29:34 [38;5;015m[INFO]: [0mThis is a info message from thread 2418-09-2026 00:29:34 [38;5;009m[ERROR]: [0mThis is a error message from thread 1418-09-2026 00:29:34 [38;5;009m[ERROR]: [0mThis is a error message from thread 2118-09-2026 00:29:34 [38;5;009m[ERROR]: [0mThis is a error message from thread 718-09-2026 00:29:34 [38;5;015m[INFO]: [0mThis is a info message from thread 1218-09-2026 00:29:34 [38;5;009m[ERROR]: [0mThis is a error message from thread 1618-09-2026 00:29:34 [38;5;015m[INFO]: [0mThis is a info message from thread 1518-09-2026 00:29:34 [38;5;009m[ERROR]: [0mThis is a error message from thread 018-09-2026 00:29:34 [38;5;015m[INFO]: [0mThis is a info message from thread 2318-09-2026 00:29:34 [38;5;015m[INFO]: [0mThis is a info message from thread 2918-09-2026 00:29:34 [38;5;117m[DEBUG]: [0mThis is a debug message from thread 2218-09-2026 00:29:34 [38;5;117m[DEBUG]: [0mThis is a debug message from thread 2118-09-2026 00:29:34 [38;5;015m[INFO]: [0mThis is a info message from thread 418-09-2026 00:29:34 [38;5;117m[DEBUG]: [0mThis is a debug message from thread 1418-09-2026 00:29:34 [38;5;009m[ERROR]: [0mThis is a error message from thread 2918-09-2026 00:29:34 [38;5;117m[DEBUG]: [0mThis is a debug message from thread 718-09-2026 00:29:34 [38;5;015m[INFO]: [0mThis is a info message from thread 1418-09-2026 00:29:34 [38;5;117m[DEBUG]: [0mThis is a debug message from thread 2718-09-2026 00:29:34 [38;5;117m[DEBUG]: [0mThis is a debug message from thread 2918-09-2026 00:29:34 [38;5;015m[INFO]: [0mThis is a info message from thread 2518-09-2026 00:29:34 [38;5;009m[ERROR]: [0mThis is a error message from thread 1718-09-2026 00:29:34 [38;5;117m[DEBUG]: [0mThis is a debug message from thread 518-09-2026 00:29:34 [38;5;009m[ERROR]: [0mThis is a error message from thread 2618-09-2026 00:29:34 [38;5;117m[DEBUG]: [0mThis is a debug message from thread 1318-09-2026 00:29:34 [38;5;117m[DEBUG]: [0mThis is a debug message from thread 2618-09-2026 00:29:34 [38;5;015m[INFO]: [0mThis is a info message from thread 218-09-2026 00:29:34 [38;5;015m[INFO]: [0mThis is a info message from thread 518-09-2026 00:29:34 [38;5;009m[ERROR]: [0mThis is a error message from thread 2018-09-2026 00:29:34 [38;5;015m[INFO]: [0mThis is a info message from thread 2718-09-2026 00:29:34 [38;5;009m[ERROR]: [0mThis is a error message from thread 1918-09-2026 00:29:34 [38;5;015m[INFO]: [0mThis is a info message from thread 2618-09-2026 00:29:34 [38;5;009m[ERROR]: [0mThis is a error message from thread 518-09-2026 00:29:34 [38;5;117m[DEBUG]: [0mThis is a debug message from thread 1918-09-2026 00:29:34 [38;5;015m[INFO]: [0mThis is a info message from thread 2118-09-2026 00:29:34 [38;5;009m[ERROR]: [0mThis is a error message from thread 2118-09-2026 00:29:34 [38;5;117m[DEBUG]: [0mThis is a debug message from thread 518-09-2026 00:29:34 [38;5;009m[ERROR]: [0mThis is a error message from thread 2618-09-2026 00:29:34 [38;5;117m[DEBUG]: [0mThis is a debug message from thread 2018-09-2026 00:29:34 [38;5;009m[ERROR]: [0mThis is a error message from thread 418-09-2026 00:29:34 [38;5;117m[DEBUG]: [0mThis is a debug message from thread 2618-09-2026 00:29:34 [38;5;015m[INFO]: [0mThis is a info message from thread 518-09-2026 00:29:34 [38;5;117m[DEBUG]: [0mThis is a debug message from thread 2118-09-2026 00:29:34 [38;5;009m[ERROR]: [0mThis is a error message from thread 2418-09-2026 00:29:34 [38;5;015m[INFO]: [0mThis is a info message from thread 2018-09-2026 00:29:34 [38;5;009m[ERROR]: [0mThis is a error message from thread 518-09-2026 00:29:34 [38;5;015m[INFO]: [0mThis is a info message from thread 118-09-2026 00:29:34 [38;5;117m[DEBUG]: [0mThis is a debug message from thread 418-09-2026 00:29:34 [38;5;015m[INFO]: [0mThis is a info message from thread 718-09-2026 00:29:34 [38;5;117m[DEBUG]: [0mThis is a debug message from thread 1618-09-2026 00:29:34 [38;5;009m[ERROR]: [0mThis is a error message from thread 118-09-2026 00:29:34 [38;5;009m[ERROR]: [0mThis is a error message from thread 918-09-2026 00:29:34 [38;5;009m[ERROR]: [0mThis is a error message from thread 2018-09-2026 00:29:34 [38;5;117m[DEBUG]: [0mThis is a debug message from thread 118-09-2026 00:29:34 [38;5;117m[DEBUG]: [0mThis is a debug message from thread 518-09-2026 00:29:34 [38;5;117m[DEBUG]: [0mThis is a debug message from thread 2018-09-2026 00:29:34 [38;5;015m[INFO]: [0mThis is a info message from thread 118-09-2026 00:29:34 [38;5;009m[ERROR]: [0mThis is a error message from thread 1118-09-2026 00:29:34 [38;5;015m[INFO]: [0mThis is a info message from thread 2018-09-2026 00:29:34 [38;5;009m[ERROR]: [0mThis is a error message from thread 2018-09-2026 00:29:34 [38;5;117m[DEBUG]: [0mThis is a debug message from thread 918-09-2026 00:29:34 [38;5;009m[ERROR]: [0mThis is a error message from thread 2518-09-2026 00:29:34 [38;5;117m[DEBUG]: [0mThis is a debug message from thread 1718-09-2026 00:29:34 [38;5;117m[DEBUG]: [0mThis is a debug message from thread 2518-09-2026 00:29:34 [38;5;117m[DEBUG]: [0mThis is a debug message from thread 2018-09-2026 00:29:34 [38;5;009m[ERROR]: [0mThis is a error message from thread 118-09-2026 00:29:34 [38;5;117m[DEBUG]: [0mThis is a debug message from thread 1118-09-2026 00:29:34 [38;5;015m[INFO]: [0mThis is a info message from thread 1718-09-2026 00:29:34 [38;5;009m[ERROR]: [0mThis is a error message from thread 2318-09-2026 00:29:34 [38;5;015m[INFO]: [0mThis is a info message from thread 318-09-2026 00:29:34 [38;5;015m[INFO]: [0mThis is a info message from thread 1618-09-2026 00:29:34 [38;5;009m[ERROR]: [0mThis is a error message from thread 1718-09-2026 00:29:34 [38;5;015m[INFO]: [0mThis is a info message from thread 2518-09-2026 00:29:34 [38;5;117m[DEBUG]: [0mThis is a debug message from thread 1718-09-2026 00:29:34 [38;5;009m[ERROR]: [0mThis is a error message from thread 1618-09-2026 00:29:34 [38;5;009m[ERROR]: [0mThis is a error message from thread 318-09-2026 00:29:34 [38;5;009m[ERROR]: [0mThis is a error message from thread 2518-09-2026 00:29:34 [38;5;009m[ERROR]: [0mThis is a error message from thread 2818-09-2026 00:29:34 [38;5;009m[ERROR]: [0mThis is a error message from thread 1418-09-2026 00:29:34 [38;5;015m[INFO]: [0mThis is a info message from thread 1118-09-2026 00:29:34 [38;5;117m[DEBUG]: [0mThis is a debug message from thread 818-09-2026 00:29:34 [38;5;015m[INFO]: [0mThis is a info message from thread 2018-09-2026 00:29:34 [38;5;015m[INFO]: [0mThis is a info message from thread 2218-09-2026 00:29:34 [38;5;117m[DEBUG]: [0mThis is a debug message from thread 2818-09-2026 00:29:34 [38;5;015m[INFO]: [0mThis is a info message from thread 1318-09-2026 00:29:34 [38;5;009m[ERROR]: [0mThis is a error message from thread 2218-09-2026 00:29:34 [38;5;015m[INFO]: [0mThis is a info message from thread 1818-09-2026 00:29:34 [38;5;117m[DEBUG]: [0mThis is a debug message from thread 018-09-2026 00:29:34 [38;5;009m[ERROR]: [0mThis is a error message from thread 1518-09-2026 00:29:34 [38;5;015m[INFO]: [0mThis is a info message from thread 2618-09-2026 00:29:34 [38;5;009m[ERROR]: [0mThis is a error message from thread 2718-09-2026 00:29:34 [38;5;015m[INFO]: [0mThis is a info message from thread 2118-09-2026 00:29:34 [38;5;009m[ERROR]: [0mThis is a error message from thread 718-09-2026 00:29:34 [38;5;009m[ERROR]: [0mThis is a error message from thread 1118-09-2026 00:29:34 [38;5;015m[INFO]: [0mThis is a info message from thread 2918-09-2026 00:29:34 [38;5;117m[DEBUG]: [0mThis is a debug message from thread 2218-09-2026 00:29:34 [38;5;117m[DEBUG]: [0mThis is a debug message from thread 1518-09-2026 00:29:34 [38;5;015m[INFO]: [0mThis is a info message from thread 418-09-2026 00:29:34 [38;5;015m[INFO]: [0mThis is a info message from thread 918-09-2026 00:29:34 [38;5;015m[INFO]: [0mThis is a info message from thread 518-09-2026 00:29:34 [38;5;117m[DEBUG]: [0mThis is a debug message from thread 318-09-2026 00:29:34 [38;5;015m[INFO]: [0mThis is a info message from thread 1518-09-2026 00:29:34 [38;5;117m[DEBUG]: [0mThis is a debug message from thread 1618-09-2026 00:29:34 [38;5;015m[INFO]: [0mThis is a info message from thread 2218-09-2026 00:29:34 [38;5;015m[INFO]: [0mThis is a info message from thread 1718-09-2026 00:29:34 [38;5;009m[ERROR]: [0mThis is a error message from thread 1518-09-2026 00:29:34 [38;5;009m[ERROR]: [0mThis is a error message from thread 1818-09-2026 00:29:34 [38;5;015m[INFO]: [0mThis is a info message from thread 318-09-2026 00:29:34 [38;5;009m[ERROR]: [0mThis is a error message from thread 218-09-2026 00:29:34 [38;5;117m[DEBUG]: [0mThis is a debug message from thread 2718-09-2026 00:29:34 [38;5;117m[DEBUG]: [0mThis is a debug message from thread 1818-09-2026 00:29:34 [38;5;117m[DEBUG]: [0mThis is a debug message from thread 218-09-2026 00:29:34 [38;5;009m[ERROR]: [0mThis is a error message from thread 318-09-2026 00:29:34 [38;5;009m[ERROR]: [0mThis is a error message from thread 1218-09-2026 00:29:34 [38;5;117m[DEBUG]: [0mThis is a debug message from thread 118-09-2026 00:29:34 [38;5;015m[INFO]: [0mThis is a info message from thread 1818-09-2026 00:29:34 [38;5;009m[ERROR]: [0mThis is a error message from thread 2218-09-2026 00:29:34 [38;5;117m[DEBUG]: [0mThis is a debug message from thread 2218-09-2026 00:29:34 [38;5;117m[DEBUG]: [0mThis is a debug message from thread 1218-09-2026 00:29:34 [38;5;117m[DEBUG]: [0mThis is a debug message from thread 318-09-2026 00:29:34 [38;5;117m[DEBUG]: [0mThis is a debug message from thread 2318-09-2026 00:29:34 [38;5;009m[ERROR]: [0mThis is a error message from thread 1818-09-2026 00:29:34 [38;5;015m[INFO]: [0mThis is a info message from thread 118-09-2026 00:29:34 [38;5;009m[ERROR]: [0mThis is a error message from thread 918-09-2026 00:29:34 [38;5;015m[INFO]: [0mThis is a info message from thread 2218-09-2026 00:29:34 [38;5;117m[DEBUG]: [0mThis is a debug message from thread 1818-09-2026 00:29:34 [38;5;009m[ERROR]: [0mThis is a error message from thread 518-09-2026 00:29:34 [38;5;015m[INFO]: [0mThis is a info message from thread 2318-09-2026 00:29:34 [38;5;117m[DEBUG]: [0mThis is a debug message from thread 718-09-2026 00:29:34 [38;5;009m[ERROR]: [0mThis is a error message from thread 2218-09-2026 00:29:34 [38;5;117m[DEBUG]: [0mThis is a debug message from thread 518-09-2026 00:29:34 [38;5;009m[ERROR]: [0mThis is a error message from thread 118-09-2026 00:29:34 [38;5;015m[INFO]: [0mThis is a info message from thread 1818-09-2026 00:29:34 [38;5;117m[DEBUG]: [0mThis is a debug message from thread 1418-09-2026 00:29:34 [38;5;117m[DEBUG]: [0mThis is a debug message from thread 918-09-2026 00:29:34 [38;5;009m[ERROR]: [0mThis is a error message from thread 2318-09-2026 00:29:34 [38;5;015m[INFO]: [0mThis is a info message from thread 518-09-2026 00:29:34 [38;5;117m[DEBUG]: [0mThis is a debug message from thread 2418-09-2026 00:29:34 [38;5;015m[INFO]: [0mThis is a info message from thread 1218-09-2026 00:29:34 [38;5;015m[INFO]: [0mThis is a info message from thread 718-09-2026 00:29:34 [38;5;015m[INFO]: [0mThis is a info message from thread 2718-09-2026 00:29:34 [38;5;009m[ERROR]: [0mThis is a error message from thread 2618-09-2026 00:29:34 [38;5;117m[DEBUG]: [0mThis is a debug message from thread 2218-09-2026 00:29:34 [38;5;009m[ERROR]: [0mThis is a error message from thread 2118-09-2026 00:29:34 [38;5;009m[ERROR]: [0mThis is a error message from thread 1818-09-2026 00:29:34 [38;5;117m[DEBUG]: [0mThis is a debug message from thread 2318-09-2026 00:29:34 [38;5;015m[INFO]: [0mThis is a info message from thread 1018-09-2026 00:29:34 [38;5;009m[ERROR]: [0mThis is a error message from thread 1318-09-2026 00:29:34 [38;5;009m[ERROR]: [0mThis is a error message from thread 1218-09-2026 00:29:34 [38;5;009m[ERROR]: [0mThis is a error message from thread 518-09-2026 00:29:34 [38;5;117m[DEBUG]: [0mThis is a debug message from thread 118-09-2026 00:29:34 [38;5;117m[DEBUG]: [0mThis is a debug message from thread 2118-09-2026 00:29:34 [38;5;015m[INFO]: [0mThis is a info message from thread 2318-09-2026 00:29:34 [38;5;117m[DEBUG]: [0mThis is a debug message from thread 518-09-2026 00:29:34 [38;5;015m[INFO]: [0mThis is a info message from thread 1618-09-2026 00:29:34 [38;5;009m[ERROR]: [0mThis is a error message from thread 1018-09-2026 00:29:34 [38;5;009m[ERROR]: [0mThis is a error message from thread 1618-09-2026 00:29:34 [38;5;117m[DEBUG]: [0mThis is a debug message from thread 1218-09-2026 00:29:34 [38;5;009m[ERROR]: [0mThis is a error message from thread 1718-09-2026 00:29:34 [38;5;015m[INFO]: [0mThis is a info message from thread 518-09-2026 00:29:34 [38;5;015m[INFO]: [0mThis is a info message from thread 318-09-2026 00:29:34 [38;5;009m[ERROR]: [0mThis is a error message from thread 418-09-2026 00:29:34 [38;5;117m[DEBUG]: [0mThis is a debug message from thread 2518-09-2026 00:29:34 [38;5;015m[INFO]: [0mThis is a info message from thread 1218-09-2026 00:29:34 [38;5;015m[INFO]: [0mThis is a info message from thread 1918-09-2026 00:29:34 [38;5;117m[DEBUG]: [0mThis is a debug message from thread 1718-09-2026 00:29:34 [38;5;117m[DEBUG]: [0mThis is a debug message from thread 1618-09-2026 00:29:34 [38;5;009m[ERROR]: [0mThis is a error message from thread 518-09-2026 00:29:34 [38;5;117m[DEBUG]: [0mThis is a debug message from thread 1318-09-2026 00:29:34 [38;5;015m[INFO]: [0mThis is a info message from thread 1718-09-2026 00:29:34 [38;5;117m[DEBUG]: [0mThis is a debug message from thread 2618-09-2026 00:29:34 [38;5;015m[INFO]: [0mThis is a info message from thread 2518-09-2026 00:29:34 [38;5;009m[ERROR]: [0mThis is a error message from thread 2518-09-2026 00:29:34 [38;5;009m[ERROR]: [0mThis is a error message from thread 318-09-2026 00:29:34 [38;5;009m[ERROR]: [0mThis is a error message from thread 1918-09-2026 00:29:34 [38;5;117m[DEBUG]: [0mThis is a debug message from thread 1918-09-2026 00:29:34 [38;5;009m[ERROR]: [0mThis is a error message from thread 1718-09-2026 00:29:34 [38;5;015m[INFO]: [0mThis is a info message from thread 1918-09-2026 00:29:34 [38;5;009m[ERROR]: [0mThis is a error message from thread 718-09-2026 00:29:34 [38;5;009m[ERROR]: [0mThis is a error message from thread 1218-09-2026 00:29:34 [38;5;015m[INFO]: [0mThis is a info message from thread 1318-09-2026 00:29:34 [38;5;117m[DEBUG]: [0mThis is a debug message from thread 518-09-2026 00:29:34 [38;5;015m[INFO]: [0mThis is a info message from thread 2818-09-2026 00:29:34 [38;5;009m[ERROR]: [0mThis is a error message from thread 618-09-2026 00:29:34 [38;5;117m[DEBUG]: [0mThis is a debug message from thread 618-09-2026 00:29:34 [38;5;015m[INFO]: [0mThis is a info message from thread 818-09-2026 00:29:34 [38;5;015m[INFO]: [0mThis is a info message from thread 118-09-2026 00:29:34 [38;5;015m[INFO]: [0mThis is a info message from thread 2418-09-2026 00:29:34 [38;5;009m[ERROR]: [0mThis is a error message from thread 2918-09-2026 00:29:34 [38;5;117m[DEBUG]: [0mThis is a debug message from thread 1818-09-2026 00:29:34 [38;5;009m[ERROR]: [0mThis is a error message from thread 2418-09-2026 00:29:34 [38;5;009m[ERROR]: [0mThis is a error message from thread 2318-09-2026 00:29:34 [38;5;015m[INFO]: [0mThis is a info message from thread 218-09-2026 00:29:34 [38;5;117m[DEBUG]: [0mThis is a debug message from thread 2418-09-2026 00:29:34 [38;5;117m[DEBUG]: [0mThis is a debug message from thread 1018-09-2026 00:29:34 [38;5;009m[ERROR]: [0mThis is a error message from thread 2818-09-2026 00:29:34 [38;5;015m[INFO]: [0mThis is a info message from thread 2418-09-2026 00:29:34 [38;5;117m[DEBUG]: [0mThis is a debug message from thread 2318-09-2026 00:29:34 [38;5;015m[INFO]: [0mThis is a info message from thread 2218-09-2026 00:29:34 [38;5;117m[DEBUG]: [0mThis is a debug message from thread 2518-09-2026 00:29:34 [38;5;015m[INFO]: [0mThis is a info message from thread 518-09-2026 00:29:34 [38;5;009m[ERROR]: [0mThis is a error message from thread 118-09-2026 00:29:34 [38;5;009m[ERROR]: [0mThis is a error message from thread 518-09-2026 00:29:34 [38;5;117m[DEBUG]: [0mThis is a debug message from thread 318-09-2026 00:29:34 [38;5;117m[DEBUG]: [0mThis is a debug message from thread 2818-09-2026 00:29:34 [38;5;117m[DEBUG]: [0mThis is a debug message from thread 418-09-2026 00:29:34 [38;5;015m[INFO]: [0mThis is a info message from thread 2618-09-2026 00:29:34 [38;5;015m[INFO]: [0mThis is a info message from thread 318-09-2026 00:29:34 [38;5;009m[ERROR]: [0mThis is a error message from thread 2718-09-2026 00:29:34 [38;5;015m[INFO]: [0mThis is a info message from thread 2818-09-2026 00:29:34 [38;5;015m[INFO]: [0mThis is a info message from thread 2118-09-2026 00:29:34 [38;5;117m[DEBUG]: [0mThis is a debug message from thread 1118-09-2026 00:29:34 [38;5;015m[INFO]: [0mThis is a info message from thread 2518-09-2026 00:29:34 [38;5;117m[DEBUG]: [0mThis is a debug message from thread 118-09-2026 00:29:34 [38;5;015m[INFO]: [0mThis is a info message from thread 1118-09-2026 00:29:34 [38;5;009m[ERROR]: [0mThis is a error message from thread 218-09-2026 00:29:34 [38;5;009m[ERROR]: [0mThis is a error message from thread 2018-09-2026 00:29:34 [38;5;009m[ERROR]: [0mThis is a error message from thread 2818-09-2026 00:29:34 [38;5;009m[ERROR]: [0mThis is a error message from thread 2618-09-2026 00:29:34 [38;5;009m[ERROR]: [0mThis is a error message from thread 318-09-2026 00:29:34 [38;5;015m[INFO]: [0mThis is a info message from thread 118-09-2026 00:29:34 [38;5;009m[ERROR]: [0mThis is a error message from thread 1118-09-2026 00:29:34 [38;5;117m[DEBUG]: [0mThis is a debug message from thread 1518-09-2026 00:29:34 [38;5;117m[DEBUG]: [0mThis is a debug message from thread 2018-09-2026 00:29:34 [38;5;117m[DEBUG]: [0mThis is a debug message from thread 218-09-2026 00:29:34 [38;5;009m[ERROR]: [0mThis is a error message from thread 2518-09-2026 00:29:34 [38;5;015m[INFO]: [0mThis is a info message from thread 018-09-2026 00:29:34 [38;5;117m[DEBUG]: [0mThis is a debug message from thread 1218-09-2026 00:29:34 [38;5;117m[DEBUG]: [0mThis is a debug message from thread 318-09-2026 00:29:34 [38;5;009m[ERROR]: [0mThis is a error message from thread 1318-09-2026 00:29:34 [38;5;015m[INFO]: [0mThis is a info message from thread 1018-09-2026 00:29:34 [38;5;015m[INFO]: [0mThis is a info message from thread 1618-09-2026 00:29:34 [38;5;015m[INFO]: [0mThis is a info message from thread 1218-09-2026 00:29:34 [38;5;117m[DEBUG]: [0mThis is a debug message from thread 1118-09-2026 00:29:34 [38;5;117m[DEBUG]: [0mThis is a debug message from thread 718-09-2026 00:29:34 [38;5;117m[DEBUG]: [0mThis is a debug message from thread 2918-09-2026 00:29:34 [38;5;015m[INFO]: [0mThis is a info message from thread 1518-09-2026 00:29:34 [38;5;009m[ERROR]: [0mThis is a error message from thread 1018-09-2026 00:29:34 [38;5;009m[ERROR]: [0mThis is a error message from thread 1518-09-2026 00:29:34 [38;5;015m[INFO]: [0mThis is a info message from thread 718-09-2026 00:29:34 [38;5;015m[INFO]: [0mThis is a info message from thread 2018-09-2026 00:29:34 [38;5;117m[DEBUG]: [0mThis is a debug message from thread 1518-09-2026 00:29:34 [38;5;015m[INFO]: [0mThis is a info message from thread 2318-09-2026 00:29:34 [38;5;009m[ERROR]: [0mThis is a error message from thread 1218-09-2026 00:29:34 [38;5;009m[ERROR]: [0mThis is a error message from thread 718-09-2026 00:29:34 [38;5;015m[INFO]: [0mThis is a info message from thread 318-09-2026 00:29:34 [38;5;009m[ERROR]: [0mThis is a error message from thread 2218-09-2026 00:29:34 [38;5;117m[DEBUG]: [0mThis is a debug message from thread 1218-09-2026 00:29:34 [38;5;009m[ERROR]: [0mThis is a error message from thread 2318-09-2026 00:29:34 [38;5;117m[DEBUG]: [0mThis is a debug message from thread 718-09-2026 00:29:34 [38;5;009m[ERROR]: [0mThis is a error message from thread 2018-09-2026 00:29:34 [38;5;015m[INFO]: [0mThis is a info message from thread 1518-09-2026 00:29:34 [38;5;015m[INFO]: [0mThis is a info message from thread 2918-09-2026 00:29:34 [38;5;117m[DEBUG]: [0mThis is a debug message from thread 2218-09-2026 00:29:34 [38;5;015m[INFO]: [0mThis is a info message from thread 1218-09-2026 00:29:34 [38;5;117m[DEBUG]: [0mThis is a debug message from thread 2718-09-2026 00:29:34 [38;5;015m[INFO]: [0mThis is a info message from thread 718-09-2026 00:29:34 [38;5;009m[ERROR]: [0mThis is a error message from thread 318-09-2026 00:29:34 [38;5;117m[DEBUG]: [0mThis is a debug message from thread 318-09-2026 00:29:34 [38;5;009m[ERROR]: [0mThis is a error message from thread 1218-09-2026 00:29:34 [38;5;009m[ERROR]: [0mThis is a error message from thread 718-09-2026 00:29:34 [38;5;117m[DEBUG]: [0mThis is a debug message from thread 1218-09-2026 00:29:34 [38;5;117m[DEBUG]: [0mThis is a debug message from thread 1018-09-2026 00:29:34 [38;5;015m[INFO]: [0mThis is a info message from thread 1818-09-2026 00:29:34 [38;5;015m[INFO]: [0mThis is a info message from thread 1118-09-2026 00:29:34 [38;5;117m[DEBUG]: [0mThis is a debug message from thread 718-09-2026 00:29:34 [38;5;009m[ERROR]: [0mThis is a error message from thread 2418-09-2026 00:29:34 [38;5;015m[INFO]: [0mThis is a info message from thread 218-09-2026 00:29:34 [38;5;117m[DEBUG]: [0mThis is a debug message from thread 2618-09-2026 00:29:34 [38;5;117m[DEBUG]: [0mThis is a debug message from thread 518-09-2026 00:29:34 [38;5;009m[ERROR]: [0mThis is a error message from thread 1918-09-2026 00:29:34 [38;5;015m[INFO]: [0mThis is a info message from thread 2618-09-2026 00:29:34 [38;5;009m[ERROR]: [0mThis is a error message from thread 2618-09-2026 00:29:34 [38;5;015m[INFO]: [0mThis is a info message from thread 2218-09-2026 00:29:34 [38;5;009m[ERROR]: [0mThis is a error message from thread 1818-09-2026 00:29:34 [38;5;117m[DEBUG]: [0mThis is a debug message from thread 2418-09-2026 00:29:34 [38;5;015m[INFO]: [0mThis is a info message from thread 918-09-2026 00:29:34 [38;5;015m[INFO]: [0mThis is a info message from thread 1018-09-2026 00:29:34 [38;5;009m[ERROR]: [0mThis is a error message from thread 918-09-2026 00:29:34 [38;5;117m[DEBUG]: [0mThis is a debug message from thread 918-09-2026 00:29:34 [38;5;015m[INFO]: [0mThis is a info message from thread 618-09-2026 00:29:34 [38;5;015m[INFO]: [0mThis is a info message from thread 418-09-2026 00:29:34 [38;5;117m[DEBUG]: [0mThis is a debug message from thread 2518-09-2026 00:29:34 [38;5;117m[DEBUG]: [0mThis is a debug message from thread 2018-09-2026 00:29:34 [38;5;009m[ERROR]: [0mThis is a error message from thread 1618-09-2026 00:29:34 [38;5;009m[ERROR]: [0mThis is a error message from thread 1118-09-2026 00:29:34 [38;5;009m[ERROR]: [0mThis is a error message from thread 218-09-2026 00:29:34 [38;5;117m[DEBUG]: [0mThis is a debug message from thread 218-09-2026 00:29:34 [38;5;117m[DEBUG]: [0mThis is a debug message from thread 2618-09-2026 00:29:34 [38;5;015m[INFO]: [0mThis is a info message from thread 2018-09-2026 00:29:34 [38;5;015m[INFO]: [0mThis is a info message from thread 918-09-2026 00:29:34 [38;5;009m[ERROR]: [0mThis is a error message from thread 2118-09-2026 00:29:34 [38;5;009m[ERROR]: [0mThis is a error message from thread 2218-09-2026 00:29:34 [38;5;117m[DEBUG]: [0mThis is a debug message from thread 1318-09-2026 00:29:34 [38;5;015m[INFO]: [0mThis is a info message from thread 2618-09-2026 00:29:34 [38;5;009m[ERROR]: [0mThis is a error message from thread 2618-09-2026 00:29:34 [38;5;009m[ERROR]: [0mThis is a error message from thread 618-09-2026 00:29:34 [38;5;009m[ERROR]: [0mThis is a error message from thread 2018-09-2026 00:29:34 [38;5;117m[DEBUG]: [0mThis is a debug message from thread 1618-09-2026 00:29:34 [38;5;015m[INFO]: [0mThis is a info message from thread 1218-09-2026 00:29:34 [38;5;009m[ERROR]: [0mThis is a error message from thread 018-09-2026 00:29:34 [38;5;015m[INFO]: [0mThis is a info message from thread 1318-09-2026 00:29:34 [38;5;009m[ERROR]: [0mThis is a error message from thread 118-09-2026 00:29:34 [38;5;117m[DEBUG]: [0mThis is a debug message from thread 1718-09-2026 00:29:34 [38;5;117m[DEBUG]: [0mThis is a debug message from thread 2218-09-2026 00:29:34 [38;5;117m[DEBUG]: [0mThis is a debug message from thread 2018-09-2026 00:29:34 [38;5;015m[INFO]: [0mThis is a info message from thread 2018-09-2026 00:29:34 [38;5;009m[ERROR]: [0mThis is a error message from thread 918-09-2026 00:29:34 [38;5;117m[DEBUG]: [0mThis is a debug message from thread 1818-09-2026 00:29:34 [38;5;009m[ERROR]: [0mThis is a error message from thread 1018-09-2026 00:29:34 [38;5;117m[DEBUG]: [0mThis is a debug message from thread 2118-09-2026 00:29:34 [38;5;117m[DEBUG]: [0mThis is a debug message from thread 118-09-2026 00:29:34 [38;5;015m[INFO]: [0mThis is a info message from thread 2218-09-2026 00:29:34 [38;5;015m[INFO]: [0mThis is a info message from thread 118-09-2026 00:29:34 [38;5;117m[DEBUG]: [0mThis is a debug message from thread 1018-09-2026 00:29:34 [38;5;009m[ERROR]: [0mThis is a error message from thread 1318-09-2026 00:29:34 [38;5;009m[ERROR]: [0mThis is a error message from thread 2018-09-2026 00:29:34 [38;5;009m[ERROR]: [0mThis is a error message from thread 2218-09-2026 00:29:34 [38;5;009m[ERROR]: [0mThis is a error message from thread 1218-09-2026 00:29:34 [38;5;117m[DEBUG]: [0mThis is a debug message from thread 1318-09-2026 00:29:34 [38;5;015m[INFO]: [0mThis is a info message from thread 1618-09-2026 00:29:34 [38;5;117m[DEBUG]: [0mThis is a debug message from thread 018-09-2026 00:29:34 [38;5;117m[DEBUG]: [0mThis is a debug message from thread 1918-09-2026 00:29:34 [38;5;009m[ERROR]: [0mThis is a error message from thread 1618-09-2026 00:29:34 [38;5;117m[DEBUG]: [0mThis is a debug message from thread 1218-09-2026 00:29:34 [38;5;117m[DEBUG]: [0mThis is a debug message from thread 1618-09-2026 00:29:34 [38;5;015m[INFO]: [0mThis is a info message from thread 2418-09-2026 00:29:34 [38;5;015m[INFO]: [0mThis is a info message from thread 1318-09-2026 00:29:34 [38;5;015m[INFO]: [0mThis is a info message from thread 1218-09-2026 00:29:34 [38;5;015m[INFO]: [0mThis is a info message from thread 2518-09-2026 00:29:34 [38;5;009m[ERROR]: [0mThis is a error message from thread 1318-09-2026 00:29:34 [38;5;009m[ERROR]: [0mThis is a error message from thread 2918-09-2026 00:29:34 [38;5;015m[INFO]: [0mThis is a info message from thread 1618-09-2026 00:29:34 [38;5;009m[ERROR]: [0mThis is a error message from thread 2418-09-2026 00:29:34 [38;5;009m[ERROR]: [0mThis is a error message from thread 2518-09-2026 00:29:34 [38;5;117m[DEBUG]: [0mThis is a debug message from thread 918-09-2026 00:29:34 [38;5;015m[INFO]: [0mThis is a info message from thread 1718-09-2026 00:29:34 [38;5;117m[DEBUG]: [0mThis is a debug message from thread 1318-09-2026 00:29:34 [38;5;015m[INFO]: [0mThis is a info message from thread 318-09-2026 00:29:34 [38;5;117m[DEBUG]: [0mThis is a debug message from thread 2918-09-2026 00:29:34 [38;5;117m[DEBUG]: [0mThis is a debug message from thread 2318-09-2026 00:29:34 [38;5;015m[INFO]: [0mThis is a info message from thread 1318-09-2026 00:29:34 [38;5;009m[ERROR]: [0mThis is a error message from thread 318-09-2026 00:29:34 [38;5;015m[INFO]: [0mThis is a info message from thread 2718-09-2026 00:29:34 [38;5;117m[DEBUG]: [0mThis is a debug message from thread 2518-09-2026 00:29:34 [38;5;015m[INFO]: [0mThis is a info message from thread 2918-09-2026 00:29:34 [38;5;009m[ERROR]: [0mThis is a error message from thread 118-09-2026 00:29:34 [38;5;015m[INFO]: [0mThis is a info message from thread 1418-09-2026 00:29:34 [38;5;117m[DEBUG]: [0mThis is a debug message from thread 2818-09-2026 00:29:34 [38;5;015m[INFO]: [0mThis is a info message from thread 918-09-2026 00:29:34 [38;5;117m[DEBUG]: [0mThis is a debug message from thread 2018-09-2026 00:29:34 [38;5;009m[ERROR]: [0mThis is a error message from thread 1318-09-2026 00:29:34 [38;5;117m[DEBUG]: [0mThis is a debug message from thread 2218-09-2026 00:29:34 [38;5;015m[INFO]: [0mThis is a info message from thread 718-09-2026 00:29:34 [38;5;009m[ERROR]: [0mThis is a error message from thread 2918-09-2026 00:29:34 [38;5;015m[INFO]: [0mThis is a info message from thread 2518-09-2026 00:29:34 [38;5;015m[INFO]: [0mThis is a info message from thread 1918-09-2026 00:29:34 [38;5;009m[ERROR]: [0mThis is a error message from thread 918-09-2026 00:29:34 [38;5;015m[INFO]: [0mThis is a info message from thread 1018-09-2026 00:29:34 [38;5;009m[ERROR]: [0mThis is a error message from thread 2718-09-2026 00:29:34 [38;5;009m[ERROR]: [0mThis is a error message from thread 1418-09-2026 00:29:34 [38;5;117m[DEBUG]: [0mThis is a debug message from thread 2618-09-2026 00:29:34 [38;5;009m[ERROR]: [0mThis is a error message from thread 1918-09-2026 00:29:34 [38;5;117m[DEBUG]: [0mThis is a debug message from thread 1318-09-2026 00:29:34 [38;5;015m[INFO]: [0mThis is a info message from thread 018-09-2026 00:29:34 [38;5;015m[INFO]: [0mThis is a info message from thread 2818-09-2026 00:29:34 [38;5;015m[INFO]: [0mThis is a info message from thread 518-09-2026 00:29:34 [38;5;009m[ERROR]: [0mThis is a error message from thread 818-09-2026 00:29:34 [38;5;117m[DEBUG]: [0mThis is a debug message from thread 2418-09-2026 00:29:34 [38;5;117m[DEBUG]: [0mThis is a debug message from thread 818-09-2026 00:29:34 [38;5;009m[ERROR]: [0mThis is a error message from thread 1218-09-2026 00:29:34 [38;5;009m[ERROR]: [0mThis is a error message from thread 1518-09-2026 00:29:34 [38;5;015m[INFO]: [0mThis is a info message from thread 2618-09-2026 00:29:34 [38;5;117m[DEBUG]: [0mThis is a debug message from thread 1218-09-2026 00:29:34 [38;5;117m[DEBUG]: [0mThis is a debug message from thread 1518-09-2026 00:29:34 [38;5;009m[ERROR]: [0mThis is a error message from thread 418-09-2026 00:29:34 [38;5;009m[ERROR]: [0mThis is a error message from thread 1618-09-2026 00:29:34 [38;5;117m[DEBUG]: [0mThis is a debug message from thread 2718-09-2026 00:29:34 [38;5;015m[INFO]: [0mThis is a info message from thread 1518-09-2026 00:29:34 [38;5;009m[ERROR]: [0mThis is a error message from thread 2818-09-2026 00:29:34 [38;5;117m[DEBUG]: [0mThis is a debug message from thread 1418-09-2026 00:29:34 [38;5;117m[DEBUG]: [0mThis is a debug message from thread 618-09-2026 00:29:34 [38;5;015m[INFO]: [0mThis is a info message from thread 1318-09-2026 00:29:34 [38;5;015m[INFO]: [0mThis is a info message from thread 218-09-2026 00:29:34 [38;5;117m[DEBUG]: [0mThis is a debug message from thread 118-09-2026 00:29:34 [38;5;015m[INFO]: [0mThis is a info message from thread 2718-09-2026 00:29:34 [38;5;015m[INFO]: [0mThis is a info message from thread 1818-09-2026 00:29:34 [38;5;015m[INFO]: [0mThis is a info message from thread 818-09-2026 00:29:34 [38;5;015m[INFO]: [0mThis is a info message from thread 1218-09-2026 00:29:34 [38;5;009m[ERROR]: [0mThis is a error message from thread 718-09-2026 00:29:34 [38;5;015m[INFO]: [0mThis is a info message from thread 1418-09-2026 00:29:34 [38;5;015m[INFO]: [0mThis is a info message from thread 618-09-2026 00:29:34 [38;5;009m[ERROR]: [0mThis is a error message from thread 1218-09-2026 00:29:34 [38;5;117m[DEBUG]: [0mThis is a debug message from thread 318-09-2026 00:29:34 [38;5;117m[DEBUG]: [0mThis is a debug message from thread 418-09-2026 00:29:34 [38;5;009m[ERROR]: [0mThis is a error message from thread 1718-09-2026 00:29:34 [38;5;009m[ERROR]: [0mThis is a error message from thread 1018-09-2026 00:29:34 [38;5;015m[INFO]: [0mThis is a info message from thread 2218-09-2026 00:29:34 [38;5;015m[INFO]: [0mThis is a info message from thread 418-09-2026 00:29:34 [38;5;117m[DEBUG]: [0mThis is a debug message from thread 1718-09-2026 00:29:34 [38;5;009m[ERROR]: [0mThis is a error message from thread 218-09-2026 00:29:34 [38;5;015m[INFO]: [0mThis is a info message from thread 1718-09-2026 00:29:34 [38;5;009m[ERROR]: [0mThis is a error message from thread 1318-09-2026 00:29:34 [38;5;117m[DEBUG]: [0mThis is a debug message from thread 2818-09-2026 00:29:34 [38;5;117m[DEBUG]: [0mThis is a debug message from thread 1318-09-2026 00:29:34 [38;5;117m[DEBUG]: [0mThis is a debug message from thread 1218-09-2026 00:29:34 [38;5;009m[ERROR]: [0mThis is a error message from thread 1818-09-2026 00:29:34 [38;5;015m[INFO]: [0mThis is a info message from thread 1318-09-2026 00:29:34 [38;5;117m[DEBUG]: [0mThis is a debug message from thread 1118-09-2026 00:29:34 [38;5;009m[ERROR]: [0mThis is a error message from thread 818-09-2026 00:29:34 [38;5;015m[INFO]: [0mThis is a info message from thread 2318-09-2026 00:29:34 [38;5;009m[ERROR]: [0mThis is a error message from thread 2218-09-2026 00:29:34 [38;5;117m[DEBUG]: [0mThis is a debug message from thread 1818-09-2026 00:29:34 [38;5;009m[ERROR]: [0mThis is a error message from thread 2318-09-2026 00:29:34 [38;5;009m[ERROR]: [0mThis is a error message from thread 1718-09-2026 00:29:34 [38;5;009m[ERROR]: [0mThis is a error message from thread 2718-09-2026 00:29:34 [38;5;117m[DEBUG]: [0mThis is a debug message from thread 218-09-2026 00:29:34 [38;5;015m[INFO]: [0mThis is a info message from thread 2018-09-2026 00:29:34 [38;5;117m[DEBUG]: [0mThis is a debug message from thread 1918-09-2026 00:29:34 [38;5;015m[INFO]: [0mThis is a info message from thread 218-09-2026 00:29:34 [38;5;009m[ERROR]: [0mThis is a error message from thread 218-09-2026 00:29:34 [38;5;117m[DEBUG]: [0mThis is a debug message from thread 2218-09-2026 00:29:34 [38;5;117m[DEBUG]: [0mThis is a debug message from thread 2318-09-2026 00:29:34 [38;5;015m[INFO]: [0mThis is a info message from thread 2218-09-2026 00:29:34 [38;5;015m[INFO]: [0mThis is a info message from thread 2818-09-2026 00:29:34 [38;5;009m[ERROR]: [0mThis is a error message from thread 2218-09-2026 00:29:34 [38;5;117m[DEBUG]: [0mThis is a debug message from thread 2718-09-2026 00:29:34 [38;5;117m[DEBUG]: [0mThis is a debug message from thread 1718-09-2026 00:29:34 [38;5;015m[INFO]: [0mThis is a info message from thread 1918-09-2026 00:29:34 [38;5;117m[DEBUG]: [0mThis is a debug message from thread 2218-09-2026 00:29:34 [38;5;015m[INFO]: [0mThis is a info message from thread 1218-09-2026 00:29:34 [38;5;015m[INFO]: [0mThis is a info message from thread 2318-09-2026 00:29:34 [38;5;117m[DEBUG]: [0mThis is a debug message from thread 818-09-2026 00:29:34 [38;5;015m[INFO]: [0mThis is a info message from thread 2418-09-2026 00:29:34 [38;5;009m[ERROR]: [0mThis is a error message from thread 018-09-2026 00:29:34 [38;5;009m[ERROR]: [0mThis is a error message from thread 2018-09-2026 00:29:34 [38;5;117m[DEBUG]: [0mThis is a debug message from thread 718-09-2026 00:29:34 [38;5;117m[DEBUG]: [0mThis is a debug message from thread 1018-09-2026 00:29:34 [38;5;009m[ERROR]: [0mThis is a error message from thread 518-09-2026 00:29:34 [38;5;117m[DEBUG]: [0mThis is a debug message from thread 2918-09-2026 00:29:34 [38;5;117m[DEBUG]: [0mThis is a debug message from thread 218-09-2026 00:29:34 [38;5;117m[DEBUG]: [0mThis is a debug message from thread 518-09-2026 00:29:34 [38;5;009m[ERROR]: [0mThis is a error message from thread 1218-09-2026 00:29:34 [38;5;015m[INFO]: [0mThis is a info message from thread 518-09-2026 00:29:34 [38;5;009m[ERROR]: [0mThis is a error message from thread 2318-09-2026 00:29:34 [38;5;015m[INFO]: [0mThis is a info message from thread 1718-09-2026 00:29:34 [38;5;015m[INFO]: [0mThis is a info message from thread 2718-09-2026 00:29:34 [38;5;009m[ERROR]: [0mThis is a error message from thread 1718-09-2026 00:29:34 [38;5;009m[ERROR]: [0mThis is a error message from thread 2418-09-2026 00:29:34 [38;5;009m[ERROR]: [0mThis is a error message from thread 1418-09-2026 00:29:34 [38;5;015m[INFO]: [0mThis is a info message from thread 218-09-2026 00:29:34 [38;5;015m[INFO]: [0mThis is a info message from thread 118-09-2026 00:29:34 [38;5;117m[DEBUG]: [0mThis is a debug message from thread 1718-09-2026 00:29:34 [38;5;015m[INFO]: [0mThis is a info message from thread 1818-09-2026 00:29:34 [38;5;009m[ERROR]: [0mThis is a error message from thread 418-09-2026 00:29:34 [38;5;117m[DEBUG]: [0mThis is a debug message from thread 2418-09-2026 00:29:34 [38;5;009m[ERROR]: [0mThis is a error message from thread 2818-09-2026 00:29:34 [38;5;117m[DEBUG]: [0mThis is a debug message from thread 1618-09-2026 00:29:34 [38;5;015m[INFO]: [0mThis is a info message from thread 2218-09-2026 00:29:34 [38;5;009m[ERROR]: [0mThis is a error message from thread 1918-09-2026 00:29:34 [38;5;009m[ERROR]: [0mThis is a error message from thread 618-09-2026 00:29:34 [38;5;009m[ERROR]: [0mThis is a error message from thread 1518-09-2026 00:29:34 [38;5;015m[INFO]: [0mThis is a info message from thread 1618-09-2026 00:29:34 [38;5;117m[DEBUG]: [0mThis is a debug message from thread 2818-09-2026 00:29:34 [38;5;009m[ERROR]: [0mThis is a error message from thread 1618-09-2026 00:29:34 [38;5;117m[DEBUG]: [0mThis is a debug message from thread 1218-09-2026 00:29:34 [38;5;015m[INFO]: [0mThis is a info message from thread 1218-09-2026 00:29:34 [38;5;015m[INFO]: [0mThis is a info message from thread 2818-09-2026 00:29:34 [38;5;009m[ERROR]: [0mThis is a error message from thread 2818-09-2026 00:29:34 [38;5;009m[ERROR]: [0mThis is a error message from thread 1218-09-2026 00:29:34 [38;5;009m[ERROR]: [0mThis is a error message from thread 2618-09-2026 00:29:34 [38;5;009m[ERROR]: [0mThis is a error message from thread 2518-09-2026 00:29:34 [38;5;117m[DEBUG]: [0mThis is a debug message from thread 1418-09-2026 00:29:34 [38;5;009m[ERROR]: [0mThis is a error message from thread 2218-09-2026 00:29:34 [38;5;117m[DEBUG]: [0mThis is a debug message from thread 2518-09-2026 00:29:34 [38;5;117m[DEBUG]: [0mThis is a debug message from thread 1618-09-2026 00:29:34 [38;5;015m[INFO]: [0mThis is a info message from thread 2118-09-2026 00:29:34 [38;5;117m[DEBUG]: [0mThis is a debug message from thread 1218-09-2026 00:29:34 [38;5;015m[INFO]: [0mThis is a info message from thread 1618-09-2026 00:29:34 [38;5;117m[DEBUG]: [0mThis is a debug message from thread 2318-09-2026 00:29:34 [38;5;117m[DEBUG]: [0mThis is a debug message from thread 1918-09-2026 00:29:34 [38;5;117m[DEBUG]: [0mThis is a debug message from thread 018-09-2026 00:29:34 [38;5;009m[ERROR]: [0mThis is a error message from thread 518-09-2026 00:29:34 [38;5;009m[ERROR]: [0mThis is a error message from thread 1618-09-2026 00:29:34 [38;5;015m[INFO]: [0mThis is a info message from thread 818-09-2026 00:29:34 [38;5;015m[INFO]: [0mThis is a info message from thread 2318-09-2026 00:29:34 [38;5;009m[ERROR]: [0mThis is a error message from thread 1318-09-2026 00:29:34 [38;5;009m[ERROR]: [0mThis is a error message from thread 2118-09-2026 00:29:34 [38;5;015m[INFO]: [0mThis is a info message from thread 1418-09-2026 00:29:34 [38;5;015m[INFO]: [0mThis is a info message from thread 718-09-2026 00:29:34 [38;5;117m[DEBUG]: [0mThis is a debug message from thread 2118-09-2026 00:29:34 [38;5;117m[DEBUG]: [0mThis is a debug message from thread 1518-09-2026 00:29:34 [38;5;117m[DEBUG]: [0mThis is a debug message from thread 1618-09-2026 00:29:34 [38;5;015m[INFO]: [0mThis is a info message from thread 1218-09-2026 00:29:34 [38;5;117m[DEBUG]: [0mThis is a debug message from thread 518-09-2026 00:29:34 [38;5;015m[INFO]: [0mThis is a info message from thread 1518-09-2026 00:29:34 [38;5;117m[DEBUG]: [0mThis is a debug message from thread 1318-09-2026 00:29:34 [38;5;009m[ERROR]: [0mThis is a error message from thread 1518-09-2026 00:29:34 [38;5;015m[INFO]: [0mThis is a info message from thread 1318-09-2026 00:29:34 [38;5;117m[DEBUG]: [0mThis is a debug message from thread 1518-09-2026 00:29:34 [38;5;009m[ERROR]: [0mThis is a error message from thread 2718-09-2026 00:29:34 [38;5;009m[ERROR]: [0mThis is a error message from thread 1318-09-2026 00:29:34 [38;5;009m[ERROR]: [0mThis is a error message from thread 2318-09-2026 00:29:34 [38;5;015m[INFO]: [0mThis is a info message from thread 1518-09-2026 00:29:34 [38;5;117m[DEBUG]: [0mThis is a debug message from thread 2718-09-2026 00:29:34 [38;5;009m[ERROR]: [0mThis is a error message from thread 218-09-2026 00:29:34 [38;5;015m[INFO]: [0mThis is a info message from thread 1118-09-2026 00:29:34 [38;5;009m[ERROR]: [0mThis is a error message from thread 1118-09-2026 00:29:34 [38;5;015m[INFO]: [0mThis is a info message from thread 2118-09-2026 00:29:34 [38;5;009m[ERROR]: [0mThis is a error message from thread 818-09-2026 00:29:34 [38;5;015m[INFO]: [0mThis is a info message from thread 1618-09-2026 00:29:34 [38;5;009m[ERROR]: [0mThis is a error message from thread 2118-09-2026 00:29:34 [38;5;117m[DEBUG]: [0mThis is a debug message from thread 1118-09-2026 00:29:34 [38;5;009m[ERROR]: [0mThis is a error message from thread 1518-09-2026 00:29:34 [38;5;015m[INFO]: [0mThis is a info message from thread 2718-09-2026 00:29:34 [38;5;015m[INFO]: [0mThis is a info message from thread 1118-09-2026 00:29:34 [38;5;117m[DEBUG]: [0mThis is a debug message from thread 218-09-2026 00:29:34 [38;5;015m[INFO]: [0mThis is a info message from thread 1718-09-2026 00:29:34 [38;5;015m[INFO]: [0mThis is a info message from thread 018-09-2026 00:29:34 [38;5;117m[DEBUG]: [0mThis is a debug message from thread 2118-09-2026 00:29:34 [38;5;009m[ERROR]: [0mThis is a error message from thread 1118-09-2026 00:29:34 [38;5;117m[DEBUG]: [0mThis is a debug message from thread 1118-09-2026 00:29:34 [38;5;015m[INFO]: [0mThis is a info message from thread 2118-09-2026 00:29:34 [38;5;015m[INFO]: [0mThis is a info message from thread 218-09-2026 00:29:34 [38;5;009m[ERROR]: [0mThis is a error message from thread 1818-09-2026 00:29:34 [38;5;117m[DEBUG]: [0mThis is a debug message from thread 2318-09-2026 00:29:34 [38;5;015m[INFO]: [0mThis is a info message from thread 1118-09-2026 00:29:34 [38;5;009m[ERROR]: [0mThis is a error message from thread 2118-09-2026 00:29:34 [38;5;009m[ERROR]: [0mThis is a error message from thread 1618-09-2026 00:29:34 [38;5;117m[DEBUG]: [0mThis is a debug message from thread 1618-09-2026 00:29:34 [38;5;015m[INFO]: [0mThis is a info message from thread 2318-09-2026 00:29:34 [38;5;117m[DEBUG]: [0mThis is a debug message from thread 1518-09-2026 00:29:34 [38;5;009m[ERROR]: [0mThis is a error message from thread 1118-09-2026 00:29:34 [38;5;009m[ERROR]: [0mThis is a error message from thread 018-09-2026 00:29:34 [38;5;015m[INFO]: [0mThis is a info message from thread 2418-09-2026 00:29:34 [38;5;015m[INFO]: [0mThis is a info message from thread 1018-09-2026 00:29:34 [38;5;117m[DEBUG]: [0mThis is a debug message from thread 418-09-2026 00:29:34 [38;5;015m[INFO]: [0mThis is a info message from thread 1518-09-2026 00:29:34 [38;5;117m[DEBUG]: [0mThis is a debug message from thread 2018-09-2026 00:29:34 [38;5;015m[INFO]: [0mThis is a info message from thread 318-09-2026 00:29:34 [38;5;015m[INFO]: [0mThis is a info message from thread 1918-09-2026 00:29:34 [38;5;117m[DEBUG]: [0mThis is a debug message from thread 918-09-2026 00:29:34 [38;5;009m[ERROR]: [0mThis is a error message from thread 1518-09-2026 00:29:34 [38;5;009m[ERROR]: [0mThis is a error message from thread 1418-09-2026 00:29:34 [38;5;015m[INFO]: [0mThis is a info message from thread 2518-09-2026 00:29:34 [38;5;015m[INFO]: [0mThis is a info message from thread 518-09-2026 00:29:34 [38;5;015m[INFO]: [0mThis is a info message from thread 2018-09-2026 00:29:34 [38;5;009m[ERROR]: [0mThis is a error message from thread 518-09-2026 00:29:34 [38;5;117m[DEBUG]: [0mThis is a debug message from thread 1318-09-2026 00:29:34 [38;5;009m[ERROR]: [0mThis is a error message from thread 318-09-2026 00:29:34 [38;5;009m[ERROR]: [0mThis is a error message from thread 2718-09-2026 00:29:34 [38;5;009m[ERROR]: [0mThis is a error message from thread 118-09-2026 00:29:34 [38;5;009m[ERROR]: [0mThis is a error message from thread 218-09-2026 00:29:34 [38;5;117m[DEBUG]: [0mThis is a debug message from thread 618-09-2026 00:29:34 [38;5;117m[DEBUG]: [0mThis is a debug message from thread 318-09-2026 00:29:34 [38;5;117m[DEBUG]: [0mThis is a debug message from thread 018-09-2026 00:29:34 [38;5;117m[DEBUG]: [0mThis is a debug message from thread 1818-09-2026 00:29:34 [38;5;117m[DEBUG]: [0mThis is a debug message from thread 518-09-2026 00:29:34 [38;5;009m[ERROR]: [0mThis is a error message from thread 2418-09-2026 00:29:34 [38;5;015m[INFO]: [0mThis is a info message from thread 618-09-2026 00:29:34 [38;5;015m[INFO]: [0mThis is a info message from thread 1318-09-2026 00:29:34 [38;5;009m[ERROR]: [0mThis is a error message from thread 1218-09-2026 00:29:34 [38;5;009m[ERROR]: [0mThis is a error message from thread 1318-09-2026 00:29:34 [38;5;117m[DEBUG]: [0mThis is a debug message from thread 1218-09-2026 00:29:34 [38;5;117m[DEBUG]: [0mThis is a debug message from thread 1318-09-2026 00:29:34 [38;5;117m[DEBUG]: [0mThis is a debug message from thread 2718-09-2026 00:29:34 [38;5;015m[INFO]: [0mThis is a info message from thread 1318-09-2026 00:29:34 [38;5;009m[ERROR]: [0mThis is a error message from thread 618-09-2026 00:29:34 [38;5;117m[DEBUG]: [0mThis is a debug message from thread 118-09-2026 00:29:34 [38;5;009m[ERROR]: [0mThis is a error message from thread 2018-09-2026 00:29:34 [38;5;015m[INFO]: [0mThis is a info message from thread 318-09-2026 00:29:34 [38;5;015m[INFO]: [0mThis is a info message from thread 1218-09-2026 00:29:34 [38;5;117m[DEBUG]: [0mThis is a debug message from thread 2618-09-2026 00:29:34 [38;5;009m[ERROR]: [0mThis is a error message from thread 718-09-2026 00:29:34 [38;5;117m[DEBUG]: [0mThis is a debug message from thread 2218-09-2026 00:29:34 [38;5;015m[INFO]: [0mThis is a info message from thread 118-09-2026 00:29:34 [38;5;015m[INFO]: [0mThis is a info message from thread 2218-09-2026 00:29:34 [38;5;009m[ERROR]: [0mThis is a error message from thread 1318-09-2026 00:29:34 [38;5;015m[INFO]: [0mThis is a info message from thread 1618-09-2026 00:29:34 [38;5;015m[INFO]: [0mThis is a info message from thread 2718-09-2026 00:29:34 [38;5;015m[INFO]: [0mThis is a info message from thread 1818-09-2026 00:29:34 [38;5;015m[INFO]: [0mThis is a info message from thread 2618-09-2026 00:29:34 [38;5;015m[INFO]: [0mThis is a info message from thread 018-09-2026 00:29:34 [38;5;009m[ERROR]: [0mThis is a error message from thread 1618-09-2026 00:29:34 [38;5;117m[DEBUG]: [0mThis is a debug message from thread 2018-09-2026 00:29:34 [38;5;009m[ERROR]: [0mThis is a error message from thread 1018-09-2026 00:29:34 [38;5;117m[DEBUG]: [0mThis is a debug message from thread 2818-09-2026 00:29:34 [38;5;015m[INFO]: [0mThis is a info message from thread 918-09-2026 00:29:34 [38;5;009m[ERROR]: [0mThis is a error message from thread 118-09-2026 00:29:34 [38;5;117m[DEBUG]: [0mThis is a debug message from thread 2418-09-2026 00:29:34 [38;5;117m[DEBUG]: [0mThis is a debug message from thread 118-09-2026 00:29:34 [38;5;015m[INFO]: [0mThis is a info message from thread 418-09-2026 00:29:34 [38;5;009m[ERROR]: [0mThis is a error message from thread 1918-09-2026 00:29:34 [38;5;117m[DEBUG]: [0mThis is a debug message from thread 818-09-2026 00:29:34 [38;5;009m[ERROR]: [0mThis is a error message from thread 1818-09-2026 00:29:34 [38;5;009m[ERROR]: [0mThis is a error message from thread 918-09-2026 00:29:34 [38;5;015m[INFO]: [0mThis is a info message from thread 2418-09-2026 00:29:34 [38;5;009m[ERROR]: [0mThis is a error message from thread 1718-09-2026 00:29:34 [38;5;015m[INFO]: [0mThis is a info message from thread 518-09-2026 00:29:34 [38;5;015m[INFO]: [0mThis is a info message from thread 118-09-2026 00:29:34 [38;5;015m[INFO]: [0mThis is a info message from thread 2018-09-2026 00:29:34 [38;5;015m[INFO]: [0mThis is a info message from thread 2818-09-2026 00:29:34 [38;5;009m[ERROR]: [0mThis is a error message from thread 2018-09-2026 00:29:34 [38;5;009m[ERROR]: [0mThis is a error message from thread 118-09-2026 00:29:34 [38;5;009m[ERROR]: [0mThis is a error message from thread 2818-09-2026 00:29:34 [38;5;009m[ERROR]: [0mThis is a error message from thread 2618-09-2026 00:29:34 [38;5;009m[ERROR]: [0mThis is a error message from thread 418-09-2026 00:29:34 [38;5;009m[ERROR]: [0mThis is a error message from thread 518-09-2026 00:29:34 [38;5;117m[DEBUG]: [0mThis is a debug message from thread 1818-09-2026 00:29:34 [38;5;117m[DEBUG]: [0mThis is a debug message from thread 2018-09-2026 00:29:34 [38;5;117m[DEBUG]: [0mThis is a debug message from thread 218-09-2026 00:29:34 [38;5;117m[DEBUG]: [0mThis is a debug message from thread 1018-09-2026 00:29:34 [38;5;117m[DEBUG]: [0mThis is a debug message from thread 118-09-2026 00:29:34 [38;5;009m[ERROR]: [0mThis is a error message from thread 2518-09-2026 00:29:34 [38;5;117m[DEBUG]: [0mThis is a debug message from thread 2618-09-2026 00:29:34 [38;5;117m[DEBUG]: [0mThis is a debug message from thread 618-09-2026 00:29:34 [38;5;117m[DEBUG]: [0mThis is a debug message from thread 418-09-2026 00:29:34 [38;5;009m[ERROR]: [0mThis is a error message from thread 2418-09-2026 00:29:34 [38;5;015m[INFO]: [0mThis is a info message from thread 118-09-2026 00:29:34 [38;5;009m[ERROR]: [0mThis is a error message from thread 2218-09-2026 00:29:34 [38;5;117m[DEBUG]: [0mThis is a debug message from thread 2418-09-2026 00:29:34 [38;5;117m[DEBUG]: [0mThis is a debug message from thread 1718-09-2026 00:29:34 [38;5;117m[DEBUG]: [0mThis is a debug message from thread 2218-09-2026 00:29:34 [38;5;117m[DEBUG]: [0mThis is a debug message from thread 1918-09-2026 00:29:34 [38;5;015m[INFO]: [0mThis is a info message from thread 2918-09-2026 00:29:34 [38;5;009m[ERROR]: [0mThis is a error message from thread 2918-09-2026 00:29:34 [38;5;015m[INFO]: [0mThis is a info message from thread 2618-09-2026 00:29:34 [38;5;117m[DEBUG]: [0mThis is a debug message from thread 518-09-2026 00:29:34 [38;5;015m[INFO]: [0mThis is a info message from thread 218-09-2026 00:29:34 [38;5;117m[DEBUG]: [0mThis is a debug message from thread 918-09-2026 00:29:34 [38;5;117m[DEBUG]: [0mThis is a debug message from thread 2118-09-2026 00:29:34 [38;5;117m[DEBUG]: [0mThis is a debug message from thread 1518-09-2026 00:29:34 [38;5;015m[INFO]: [0mThis is a info message from thread 1718-09-2026 00:29:34 [38;5;009m[ERROR]: [0mThis is a error message from thread 218-09-2026 00:29:34 [38;5;015m[INFO]: [0mThis is a info message from thread 2418-09-2026 00:29:34 [38;5;009m[ERROR]: [0mThis is a error message from thread 2618-09-2026 00:29:34 [38;5;117m[DEBUG]: [0mThis is a debug message from thread 1618-09-2026 00:29:34 [38;5;015m[INFO]: [0mThis is a info message from thread 2218-09-2026 00:29:34 [38;5;015m[INFO]: [0mThis is a info message from thread 518-09-2026 00:29:34 [38;5;117m[DEBUG]: [0mThis is a debug message from thread 2618-09-2026 00:29:34 [38;5;009m[ERROR]: [0mThis is a error message from thread 1218-09-2026 00:29:34 [38;5;117m[DEBUG]: [0mThis is a debug message from thread 1418-09-2026 00:29:34 [38;5;009m[ERROR]: [0mThis is a error message from thread 1718-09-2026 00:29:34 [38;5;009m[ERROR]: [0mThis is a error message from thread 2318-09-2026 00:29:34 [38;5;015m[INFO]: [0mThis is a info message from thread 918-09-2026 00:29:34 [38;5;009m[ERROR]: [0mThis is a error message from thread 518-09-2026 00:29:34 [38;5;117m[DEBUG]: [0mThis is a debug message from thread 218-09-2026 00:29:34 [38;5;117m[DEBUG]: [0mThis is a debug message from thread 1118-09-2026 00:29:34 [38;5;015m[INFO]: [0mThis is a info message from thread 1818-09-2026 00:29:34 [38;5;015m[INFO]: [0mThis is a info message from thread 1018-09-2026 00:29:34 [38;5;009m[ERROR]: [0mThis is a error message from thread 2718-09-2026 00:29:34 [38;5;015m[INFO]: [0mThis is a info message from thread 818-09-2026 00:29:34 [38;5;015m[INFO]: [0mThis is a info message from thread 2118-09-2026 00:29:34 [38;5;015m[INFO]: [0mThis is a info message from thread 418-09-2026 00:29:34 [38;5;117m[DEBUG]: [0mThis is a debug message from thread 1218-09-2026 00:29:34 [38;5;015m[INFO]: [0mThis is a info message from thread 1918-09-2026 00:29:34 [38;5;015m[INFO]: [0mThis is a info message from thread 218-09-2026 00:29:34 [38;5;117m[DEBUG]: [0mThis is a debug message from thread 518-09-2026 00:29:34 [38;5;117m[DEBUG]: [0mThis is a debug message from thread 1718-09-2026 00:29:34 [38;5;009m[ERROR]: [0mThis is a error message from thread 2118-09-2026 00:29:34 [38;5;009m[ERROR]: [0mThis is a error message from thread 1818-09-2026 00:29:34 [38;5;117m[DEBUG]: [0mThis is a debug message from thread 718-09-2026 00:29:34 [38;5;015m[INFO]: [0mThis is a info message from thread 718-09-2026 00:29:34 [38;5;009m[ERROR]: [0mThis is a error message from thread 818-09-2026 00:29:34 [38;5;117m[DEBUG]: [0mThis is a debug message from thread 2918-09-2026 00:29:34 [38;5;117m[DEBUG]: [0mThis is a debug message from thread 2118-09-2026 00:29:34 [38;5;015m[INFO]: [0mThis is a info message from thread 1718-09-2026 00:29:34 [38;5;009m[ERROR]: [0mThis is a error message from thread 418-09-2026 00:29:34 [38;5;015m[INFO]: [0mThis is a info message from thread 2118-09-2026 00:29:34 [38;5;009m[ERROR]: [0mThis is a error message from thread 2418-09-2026 00:29:34 [38;5;117m[DEBUG]: [0mThis is a debug message from thread 2418-09-2026 00:29:34 [38;5;009m[ERROR]: [0mThis is a error message from thread 218-09-2026 00:29:34 [38;5;009m[ERROR]: [0mThis is a error message from thread 718-09-2026 00:29:34 [38;5;117m[DEBUG]: [0mThis is a debug message from thread 2718-09-2026 00:29:34 [38;5;015m[INFO]: [0mThis is a info message from thread 2418-09-2026 00:29:34 [38;5;009m[ERROR]: [0mThis is a error message from thread 2118-09-2026 00:29:34 [38;5;009m[ERROR]: [0mThis is a error message from thread 018-09-2026 00:29:34 [38;5;009m[ERROR]: [0mThis is a error message from thread 2218-09-2026 00:29:34 [38;5;117m[DEBUG]: [0mThis is a debug message from thread 1318-09-2026 00:29:34 [38;5;009m[ERROR]: [0mThis is a error message from thread 918-09-2026 00:29:34 [38;5;015m[INFO]: [0mThis is a info message from thread 618-09-2026 00:29:34 [38;5;009m[ERROR]: [0mThis is a error message from thread 1918-09-2026 00:29:34 [38;5;117m[DEBUG]: [0mThis is a debug message from thread 218-09-2026 00:29:34 [38;5;009m[ERROR]: [0mThis is a error message from thread 2418-09-2026 00:29:34 [38;5;015m[INFO]: [0mThis is a info message from thread 2618-09-2026 00:29:34 [38;5;015m[INFO]: [0mThis is a info message from thread 2018-09-2026 00:29:34 [38;5;009m[ERROR]: [0mThis is a error message from thread 318-09-2026 00:29:34 [38;5;117m[DEBUG]: [0mThis is a debug message from thread 2418-09-2026 00:29:34 [38;5;015m[INFO]: [0mThis is a info message from thread 1618-09-2026 00:29:34 [38;5;009m[ERROR]: [0mThis is a error message from thread 618-09-2026 00:29:34 [38;5;117m[DEBUG]: [0mThis is a debug message from thread 2218-09-2026 00:29:34 [38;5;117m[DEBUG]: [0mThis is a debug message from thread 418-09-2026 00:29:34 [38;5;117m[DEBUG]: [0mThis is a debug message from thread 2818-09-2026 00:29:34 [38;5;009m[ERROR]: [0mThis is a error message from thread 1618-09-2026 00:29:34 [38;5;015m[INFO]: [0mThis is a info message from thread 418-09-2026 00:29:34 [38;5;015m[INFO]: [0mThis is a info message from thread 2218-09-2026 00:29:34 [38;5;117m[DEBUG]: [0mThis is a debug message from thread 318-09-2026 00:29:34 [38;5;009m[ERROR]: [0mThis is a error message from thread 2218-09-2026 00:29:34 [38;5;117m[DEBUG]: [0mThis is a debug message from thread 1918-09-2026 00:29:34 [38;5;015m[INFO]: [0mThis is a info message from thread 2418-09-2026 00:29:34 [38;5;015m[INFO]: [0mThis is a info message from thread 218-09-2026 00:29:34 [38;5;015m[INFO]: [0mThis is a info message from thread 2818-09-2026 00:29:34 [38;5;009m[ERROR]: [0mThis is a error message from thread 118-09-2026 00:29:34 [38;5;009m[ERROR]: [0mThis is a error message from thread 2418-09-2026 00:29:34 [38;5;009m[ERROR]: [0mThis is a error message from thread 418-09-2026 00:29:34 [38;5;117m[DEBUG]: [0mThis is a debug message from thread 1618-09-2026 00:29:34 [38;5;117m[DEBUG]: [0mThis is a debug message from thread 2318-09-2026 00:29:34 [38;5;009m[ERROR]: [0mThis is a error message from thread 218-09-2026 00:29:34 [38;5;117m[DEBUG]: [0mThis is a debug message from thread 118-09-2026 00:29:34 [38;5;117m[DEBUG]: [0mThis is a debug message from thread 218-09-2026 00:29:34 [38;5;015m[INFO]: [0mThis is a info message from thread 2318-09-2026 00:29:34 [38;5;009m[ERROR]: [0mThis is a error message from thread 2318-09-2026 00:29:34 [38;5;015m[INFO]: [0mThis is a info message from thread 1918-09-2026 00:29:34 [38;5;015m[INFO]: [0mThis is a info message from thread 1518-09-2026 00:29:34 [38;5;015m[INFO]: [0mThis is a info message from thread 318-09-2026 00:29:34 [38;5;009m[ERROR]: [0mThis is a error message from thread 2018-09-2026 00:29:34 [38;5;009m[ERROR]: [0mThis is a error message from thread 318-09-2026 00:29:34 [38;5;117m[DEBUG]: [0mThis is a debug message from thread 718-09-2026 00:29:34 [38;5;117m[DEBUG]: [0mThis is a debug message from thread 2318-09-2026 00:29:34 [38;5;015m[INFO]: [0mThis is a info message from thread 118-09-2026 00:29:34 [38;5;015m[INFO]: [0mThis is a info message from thread 2318-09-2026 00:29:34 [38;5;015m[INFO]: [0mThis is a info message from thread 1118-09-2026 00:29:34 [38;5;009m[ERROR]: [0mThis is a error message from thread 1918-09-2026 00:29:34 [38;5;009m[ERROR]: [0mThis is a error message from thread 1518-09-2026 00:29:34 [38;5;015m[INFO]: [0mThis is a info message from thread 1618-09-2026 00:29:34 [38;5;009m[ERROR]: [0mThis is a error message from thread 2318-09-2026 00:29:34 [38;5;117m[DEBUG]: [0mThis is a debug message from thread 1518-09-2026 00:29:34 [38;5;117m[DEBUG]: [0mThis is a debug message from thread 318-09-2026 00:29:34 [38;5;117m[DEBUG]: [0mThis is a debug message from thread 2218-09-2026 00:29:34 [38;5;009m[ERROR]: [0mThis is a error message from thread 118-09-2026 00:29:34 [38;5;117m[DEBUG]: [0mThis is a debug message from thread 2118-09-2026 00:29:34 [38;5;015m[INFO]: [0mThis is a info message from thread 1218-09-2026 00:29:34 [38;5;015m[INFO]: [0mThis is a info message from thread 1318-09-2026 00:29:34 [38;5;015m[INFO]: [0mThis is a info message from thread 1518-09-2026 00:29:34 [38;5;009m[ERROR]: [0mThis is a error message from thread 1318-09-2026 00:29:34 [38;5;015m[INFO]: [0mThis is a info message from thread 318-09-2026 00:29:34 [38;5;009m[ERROR]: [0mThis is a error message from thread 1218-09-2026 00:29:34 [38;5;009m[ERROR]: [0mThis is a error message from thread 2618-09-2026 00:29:34 [38;5;009m[ERROR]: [0mThis is a error message from thread 318-09-2026 00:29:34 [38;5;015m[INFO]: [0mThis is a info message from thread 2118-09-2026 00:29:34 [38;5;117m[DEBUG]: [0mThis is a debug message from thread 1218-09-2026 00:29:34 [38;5;009m[ERROR]: [0mThis is a error message from thread 2818-09-2026 00:29:34 [38;5;117m[DEBUG]: [0mThis is a debug message from thread 318-09-2026 00:29:34 [38;5;117m[DEBUG]: [0mThis is a debug message from thread 118-09-2026 00:29:34 [38;5;117m[DEBUG]: [0mThis is a debug message from thread 2318-09-2026 00:29:34 [38;5;015m[INFO]: [0mThis is a info message from thread 2318-09-2026 00:29:34 [38;5;009m[ERROR]: [0mThis is a error message from thread 1618-09-2026 00:29:34 [38;5;015m[INFO]: [0mThis is a info message from thread 118-09-2026 00:29:34 [38;5;117m[DEBUG]: [0mThis is a debug message from thread 1618-09-2026 00:29:34 [38;5;009m[ERROR]: [0mThis is a error message from thread 118-09-2026 00:29:34 [38;5;117m[DEBUG]: [0mThis is a debug message from thread 018-09-2026 00:29:34 [38;5;015m[INFO]: [0mThis is a info message from thread 1218-09-2026 00:29:34 [38;5;015m[INFO]: [0mThis is a info message from thread 318-09-2026 00:29:34 [38;5;117m[DEBUG]: [0mThis is a debug message from thread 418-09-2026 00:29:34 [38;5;015m[INFO]: [0mThis is a info message from thread 418-09-2026 00:29:34 [38;5;015m[INFO]: [0mThis is a info message from thread 018-09-2026 00:29:34 [38;5;009m[ERROR]: [0mThis is a error message from thread 1518-09-2026 00:29:34 [38;5;015m[INFO]: [0mThis is a info message from thread 1618-09-2026 00:29:34 [38;5;009m[ERROR]: [0mThis is a error message from thread 1618-09-2026 00:29:34 [38;5;009m[ERROR]: [0mThis is a error message from thread 018-09-2026 00:29:34 [38;5;009m[ERROR]: [0mThis is a error message from thread 2118-09-2026 00:29:34 [38;5;117m[DEBUG]: [0mThis is a debug message from thread 2018-09-2026 00:29:34 [38;5;015m[INFO]: [0mThis is a info message from thread 718-09-2026 00:29:34 [38;5;015m[INFO]: [0mThis is a info message from thread 518-09-2026 00:29:34 [38;5;015m[INFO]: [0mThis is a info message from thread 2218-09-2026 00:29:34 [38;5;009m[ERROR]: [0mThis is a error message from thread 2218-09-2026 00:29:34 [38;5;015m[INFO]: [0mThis is a info message from thread 2018-09-2026 00:29:34 [38;5;009m[ERROR]: [0mThis is a error message from thread 318-09-2026 00:29:34 [38;5;117m[DEBUG]: [0mThis is a debug message from thread 1818-09-2026 00:29:34 [38;5;009m[ERROR]: [0mThis is a error message from thread 718-09-2026 00:29:34 [38;5;117m[DEBUG]: [0mThis is a debug message from thread 618-09-2026 00:29:34 [38;5;117m[DEBUG]: [0mThis is a debug message from thread 1618-09-2026 00:29:34 [38;5;015m[INFO]: [0mThis is a info message from thread 618-09-2026 00:29:34 [38;5;009m[ERROR]: [0mThis is a error message from thread 2018-09-2026 00:29:34 [38;5;009m[ERROR]: [0mThis is a error message from thread 618-09-2026 00:29:34 [38;5;117m[DEBUG]: [0mThis is a debug message from thread 2518-09-2026 00:29:34 [38;5;015m[INFO]: [0mThis is a info message from thread 1618-09-2026 00:29:34 [38;5;009m[ERROR]: [0mThis is a error message from thread 1218-09-2026 00:29:34 [38;5;009m[ERROR]: [0mThis is a error message from thread 1118-09-2026 00:29:34 [38;5;015m[INFO]: [0mThis is a info message from thread 1818-09-2026 00:29:34 [38;5;015m[INFO]: [0mThis is a info message from thread 2718-09-2026 00:29:34 [38;5;117m[DEBUG]: [0mThis is a debug message from thread 1918-09-2026 00:29:34 [38;5;117m[DEBUG]: [0mThis is a debug message from thread 018-09-2026 00:29:34 [38;5;015m[INFO]: [0mThis is a info message from thread 1918-09-2026 00:29:34 [38;5;009m[ERROR]: [0mThis is a error message from thread 1718-09-2026 00:29:34 [38;5;009m[ERROR]: [0mThis is a error message from thread 2318-09-2026 00:29:34 [38;5;117m[DEBUG]: [0mThis is a debug message from thread 2418-09-2026 00:29:34 [38;5;009m[ERROR]: [0mThis is a error message from thread 1918-09-2026 00:29:34 [38;5;117m[DEBUG]: [0mThis is a debug message from thread 1518-09-2026 00:29:34 [38;5;009m[ERROR]: [0mThis is a error message from thread 418-09-2026 00:29:34 [38;5;117m[DEBUG]: [0mThis is a debug message from thread 2818-09-2026 00:29:34 [38;5;117m[DEBUG]: [0mThis is a debug message from thread 1318-09-2026 00:29:34 [38;5;015m[INFO]: [0mThis is a info message from thread 218-09-2026 00:29:34 [38;5;117m[DEBUG]: [0mThis is a debug message from thread 1118-09-2026 00:29:34 [38;5;009m[ERROR]: [0mThis is a error message from thread 1018-09-2026 00:29:34 [38;5;009m[ERROR]: [0mThis is a error message from thread 1818-09-2026 00:29:34 [38;5;117m[DEBUG]: [0mThis is a debug message from thread 318-09-2026 00:29:34 [38;5;009m[ERROR]: [0mThis is a error message from thread 218-09-2026 00:29:34 [38;5;117m[DEBUG]: [0mThis is a debug message from thread 1718-09-2026 00:29:34 [38;5;015m[INFO]: [0mThis is a info message from thread 2818-09-2026 00:29:34 [38;5;015m[INFO]: [0mThis is a info message from thread 2418-09-2026 00:29:34 [38;5;117m[DEBUG]: [0mThis is a debug message from thread 1918-09-2026 00:29:34 [38;5;117m[DEBUG]: [0mThis is a debug message from thread 1818-09-2026 00:29:34 [38;5;009m[ERROR]: [0mThis is a error message from thread 2818-09-2026 00:29:34 [38;5;009m[ERROR]: [0mThis is a error message from thread 2718-09-2026 00:29:34 [38;5;117m[DEBUG]: [0mThis is a debug message from thread 418-09-2026 00:29:34 [38;5;117m[DEBUG]: [0mThis is a debug message from thread 2618-09-2026 00:29:34 [38;5;117m[DEBUG]: [0mThis is a debug message from thread 2318-09-2026 00:29:34 [38;5;015m[INFO]: [0mThis is a info message from thread 2618-09-2026 00:29:34 [38;5;117m[DEBUG]: [0mThis is a debug message from thread 2718-09-2026 00:29:34 [38;5;015m[INFO]: [0mThis is a info message from thread 2318-09-2026 00:29:34 [38;5;117m[DEBUG]: [0mThis is a debug message from thread 2818-09-2026 00:29:34 [38;5;015m[INFO]: [0mThis is a info message from thread 2718-09-2026 00:29:34 [38;5;015m[INFO]: [0mThis is a info message from thread 418-09-2026 00:29:34 [38;5;015m[INFO]: [0mThis is a info message from thread 1718-09-2026 00:29:34 [38;5;009m[ERROR]: [0mThis is a error message from thread 2318-09-2026 00:29:34 [38;5;117m[DEBUG]: [0mThis is a debug message from thread 2018-09-2026 00:29:34 [38;5;009m[ERROR]: [0mThis is a error message from thread 2718-09-2026 00:29:34 [38;5;117m[DEBUG]: [0mThis is a debug message from thread 2318-09-2026 00:29:34 [38;5;015m[INFO]: [0mThis is a info message from thread 1918-09-2026 00:29:34 [38;5;117m[DEBUG]: [0mThis is a debug message from thread 2718-09-2026 00:29:34 [38;5;117m[DEBUG]: [0mThis is a debug message from thread 818-09-2026 00:29:34 [38;5;117m[DEBUG]: [0mThis is a debug message from thread 718-09-2026 00:29:34 [38;5;009m[ERROR]: [0mThis is a error message from thread 1718-09-2026 00:29:34 [38;5;015m[INFO]: [0mThis is a info message from thread 1418-09-2026 00:29:34 [38;5;015m[INFO]: [0mThis is a info message from thread 1518-09-2026 00:29:34 [38;5;015m[INFO]: [0mThis is a info message from thread 2718-09-2026 00:29:34 [38;5;009m[ERROR]: [0mThis is a error message from thread 418-09-2026 00:29:34 [38;5;015m[INFO]: [0mThis is a info message from thread 2018-09-2026 00:29:34 [38;5;009m[ERROR]: [0mThis is a error message from thread 1918-09-2026 00:29:34 [38;5;015m[INFO]: [0mThis is a info message from thread 718-09-2026 00:29:34 [38;5;009m[ERROR]: [0mThis is a error message from thread 518-09-2026 00:29:34 [38;5;009m[ERROR]: [0mThis is a error message from thread 2718-09-2026 00:29:34 [38;5;015m[INFO]: [0mThis is a info message from thread 2918-09-2026 00:29:34 [38;5;117m[DEBUG]: [0mThis is a debug message from thread 1218-09-2026 00:29:34 [38;5;015m[INFO]: [0mThis is a info message from thread 1318-09-2026 00:29:34 [38;5;117m[DEBUG]: [0mThis is a debug message from thread 1718-09-2026 00:29:34 [38;5;009m[ERROR]: [0mThis is a error message from thread 1518-09-2026 00:29:34 [38;5;015m[INFO]: [0mThis is a info message from thread 2518-09-2026 00:29:34 [38;5;009m[ERROR]: [0mThis is a error message from thread 2418-09-2026 00:29:34 [38;5;009m[ERROR]: [0mThis is a error message from thread 2918-09-2026 00:29:34 [38;5;117m[DEBUG]: [0mThis is a debug message from thread 2118-09-2026 00:29:34 [38;5;009m[ERROR]: [0mThis is a error message from thread 1618-09-2026 00:29:34 [38;5;117m[DEBUG]: [0mThis is a debug message from thread 1518-09-2026 00:29:34 [38;5;117m[DEBUG]: [0mThis is a debug message from thread 218-09-2026 00:29:34 [38;5;117m[DEBUG]: [0mThis is a debug message from thread 2718-09-2026 00:29:34 [38;5;015m[INFO]: [0mThis is a info message from thread 1218-09-2026 00:29:34 [38;5;117m[DEBUG]: [0mThis is a debug message from thread 618-09-2026 00:29:34 [38;5;009m[ERROR]: [0mThis is a error message from thread 2518-09-2026 00:29:34 [38;5;117m[DEBUG]: [0mThis is a debug message from thread 2218-09-2026 00:29:34 [38;5;009m[ERROR]: [0mThis is a error message from thread 1218-09-2026 00:29:34 [38;5;015m[INFO]: [0mThis is a info message from thread 2818-09-2026 00:29:34 [38;5;117m[DEBUG]: [0mThis is a debug message from thread 2918-09-2026 00:29:34 [38;5;117m[DEBUG]: [0mThis is a debug message from thread 1218-09-2026 00:29:34 [38;5;015m[INFO]: [0mThis is a info message from thread 2318-09-2026 00:29:34 [38;5;009m[ERROR]: [0mThis is a error message from thread 718-09-2026 00:29:34 [38;5;009m[ERROR]: [0mThis is a error message from thread 1318-09-2026 00:29:34 [38;5;117m[DEBUG]: [0mThis is a debug message from thread 1318-09-2026 00:29:34 [38;5;015m[INFO]: [0mThis is a info message from thread 1318-09-2026 00:29:34 [38;5;117m[DEBUG]: [0mThis is a debug message from thread 718-09-2026 00:29:34 [38;5;015m[INFO]: [0mThis is a info message from thread 2118-09-2026 00:29:34 [38;5;015m[INFO]: [0mThis is a info message from thread 1218-09-2026 00:29:34 [38;5;117m[DEBUG]: [0mThis is a debug message from thread 118-09-2026 00:29:34 [38;5;015m[INFO]: [0mThis is a info message from thread 018-09-2026 00:29:34 [38;5;009m[ERROR]: [0mThis is a error message from thread 018-09-2026 00:29:34 [38;5;117m[DEBUG]: [0mThis is a debug message from thread 2518-09-2026 00:29:34 [38;5;015m[INFO]: [0mThis is a info message from thread 1518-09-2026 00:29:34 [38;5;015m[INFO]: [0mThis is a info message from thread 718-09-2026 00:29:34 [38;5;009m[ERROR]: [0mThis is a error message from thread 2318-09-2026 00:29:34 [38;5;009m[ERROR]: [0mThis is a error message from thread 2018-09-2026 00:29:34 [38;5;117m[DEBUG]: [0mThis is a debug message from thread 1918-09-2026 00:29:34 [38;5;015m[INFO]: [0mThis is a info message from thread 2518-09-2026 00:29:34 [38;5;009m[ERROR]: [0mThis is a error message from thread 1518-09-2026 00:29:34 [38;5;117m[DEBUG]: [0mThis is a debug message from thread 2418-09-2026 00:29:34 [38;5;015m[INFO]: [0mThis is a info message from thread 1918-09-2026 00:29:34 [38;5;015m[INFO]: [0mThis is a info message from thread 1118-09-2026 00:29:34 [38;5;009m[ERROR]: [0mThis is a error message from thread 1418-09-2026 00:29:34 [38;5;009m[ERROR]: [0mThis is a error message from thread 1918-09-2026 00:29:34 [38;5;015m[INFO]: [0mThis is a info message from thread 118-09-2026 00:29:34 [38;5;009m[ERROR]: [0mThis is a error message from thread 1118-09-2026 00:29:34 [38;5;009m[ERROR]: [0mThis is a error message from thread 2518-09-2026 00:29:34 [38;5;009m[ERROR]: [0mThis is a error message from thread 118-09-2026 00:29:34 [38;5;009m[ERROR]: [0mThis is a error message from thread 1218-09-2026 00:29:34 [38;5;117m[DEBUG]: [0mThis is a debug message from thread 418-09-2026 00:29:34 [38;5;015m[INFO]: [0mThis is a info message from thread 618-09-2026 00:29:34 [38;5;117m[DEBUG]: [0mThis is a debug message from thread 018-09-2026 00:29:34 [38;5;015m[INFO]: [0mThis is a info message from thread 318-09-2026 00:29:34 [38;5;015m[INFO]: [0mThis is a info message from thread 418-09-2026 00:29:34 [38;5;117m[DEBUG]: [0mThis is a debug message from thread 918-09-2026 00:29:34 [38;5;015m[INFO]: [0mThis is a info message from thread 818-09-2026 00:29:34 [38;5;117m[DEBUG]: [0mThis is a debug message from thread 118-09-2026 00:29:34 [38;5;009m[ERROR]: [0mThis is a error message from thread 318-09-2026 00:29:34 [38;5;117m[DEBUG]: [0mThis is a debug message from thread 318-09-2026 00:29:34 [38;5;009m[ERROR]: [0mThis is a error message from thread 618-09-2026 00:29:34 [38;5;015m[INFO]: [0mThis is a info message from thread 318-09-2026 00:29:34 [38;5;117m[DEBUG]: [0mThis is a debug message from thread 618-09-2026 00:29:34 [38;5;015m[INFO]: [0mThis is a info message from thread 1718-09-2026 00:29:34 [38;5;117m[DEBUG]: [0mThis is a debug message from thread 1218-09-2026 00:29:34 [38;5;009m[ERROR]: [0mThis is a error message from thread 818-09-2026 00:29:34 [38;5;015m[INFO]: [0mThis is a info message from thread 018-09-2026 00:29:34 [38;5;009m[ERROR]: [0mThis is a error message from thread 318-09-2026 00:29:34 [38;5;015m[INFO]: [0mThis is a info message from thread 2418-09-2026 00:29:34 [38;5;015m[INFO]: [0mThis is a info message from thread 2918-09-2026 00:29:34 [38;5;015m[INFO]: [0mThis is a info message from thread 118-09-2026 00:29:34 [38;5;015m[INFO]: [0mThis is a info message from thread 1218-09-2026 00:29:34 [38;5;009m[ERROR]: [0mThis is a error message from thread 1318-09-2026 00:29:34 [38;5;009m[ERROR]: [0mThis is a error message from thread 2918-09-2026 00:29:34 [38;5;117m[DEBUG]: [0mThis is a debug message from thread 2918-09-2026 00:29:34 [38;5;009m[ERROR]: [0mThis is a error message from thread 1718-09-2026 00:29:34 [38;5;015m[INFO]: [0mThis is a info message from thread 618-09-2026 00:29:34 [38;5;009m[ERROR]: [0mThis is a error message from thread 118-09-2026 00:29:34 [38;5;009m[ERROR]: [0mThis is a error message from thread 618-09-2026 00:29:34 [38;5;117m[DEBUG]: [0mThis is a debug message from thread 118-09-2026 00:29:34 [38;5;117m[DEBUG]: [0mThis is a debug message from thread 318-09-2026 00:29:34 [38;5;009m[ERROR]: [0mThis is a error message from thread 2418-09-2026 00:29:34 [38;5;009m[ERROR]: [0mThis is a error message from thread 418-09-2026 00:29:34 [38;5;117m[DEBUG]: [0mThis is a debug message from thread 618-09-2026 00:29:34 [38;5;015m[INFO]: [0mThis is a info message from thread 618-09-2026 00:29:34 [38;5;117m[DEBUG]: [0mThis is a debug message from thread 418-09-2026 00:29:34 [38;5;015m[INFO]: [0mThis is a info message from thread 118-09-2026 00:29:34 [38;5;009m[ERROR]: [0mThis is a error message from thread 618-09-2026 00:29:34 [38;5;117m[DEBUG]: [0mThis is a debug message from thread 1718-09-2026 00:29:34 [38;5;015m[INFO]: [0mThis is a info message from thread 418-09-2026 00:29:34 [38;5;009m[ERROR]: [0mThis is a error message from thread 418-09-2026 00:29:34 [38;5;015m[INFO]: [0mThis is a info message from thread 2918-09-2026 00:29:34 [38;5;009m[ERROR]: [0mThis is a error message from thread 118-09-2026 00:29:34 [38;5;117m[DEBUG]: [0mThis is a debug message from thread 2418-09-2026 00:29:34 [38;5;117m[DEBUG]: [0mThis is a debug message from thread 2018-09-2026 00:29:34 [38;5;009m[ERROR]: [0mThis is a error message from thread 718-09-2026 00:29:34 [38;5;117m[DEBUG]: [0mThis is a debug message from thread 1118-09-2026 00:29:34 [38;5;117m[DEBUG]: [0mThis is a debug message from thread 1018-09-2026 00:29:34 [38;5;009m[ERROR]: [0mThis is a error message from thread 1218-09-2026 00:29:34 [38;5;015m[INFO]: [0mThis is a info message from thread 2218-09-2026 00:29:34 [38;5;117m[DEBUG]: [0mThis is a debug message from thread 118-09-2026 00:29:34 [38;5;117m[DEBUG]: [0mThis is a debug message from thread 1918-09-2026 00:29:34 [38;5;015m[INFO]: [0mThis is a info message from thread 2018-09-2026 00:29:34 [38;5;015m[INFO]: [0mThis is a info message from thread 1718-09-2026 00:29:34 [38;5;015m[INFO]: [0mThis is a info message from thread 118-09-2026 00:29:34 [38;5;015m[INFO]: [0mThis is a info message from thread 1918-09-2026 00:29:34 [38;5;117m[DEBUG]: [0mThis is a debug message from thread 1218-09-2026 00:29:34 [38;5;009m[ERROR]: [0mThis is a error message from thread 2918-09-2026 00:29:34 [38;5;015m[INFO]: [0mThis is a info message from thread 218-09-2026 00:29:34 [38;5;117m[DEBUG]: [0mThis is a debug message from thread 618-09-2026 00:29:34 [38;5;015m[INFO]: [0mThis is a info message from thread 1118-09-2026 00:29:34 [38;5;117m[DEBUG]: [0mThis is a debug message from thread 1518-09-2026 00:29:34 [38;5;009m[ERROR]: [0mThis is a error message from thread 2218-09-2026 00:29:34 [38;5;009m[ERROR]: [0mThis is a error message from thread 218-09-2026 00:29:34 [38;5;009m[ERROR]: [0mThis is a error message from thread 2818-09-2026 00:29:34 [38;5;009m[ERROR]: [0mThis is a error message from thread 118-09-2026 00:29:34 [38;5;117m[DEBUG]: [0mThis is a debug message from thread 2518-09-2026 00:29:34 [38;5;015m[INFO]: [0mThis is a info message from thread 2718-09-2026 00:29:34 [38;5;117m[DEBUG]: [0mThis is a debug message from thread 2918-09-2026 00:29:34 [38;5;009m[ERROR]: [0mThis is a error message from thread 2018-09-2026 00:29:34 [38;5;117m[DEBUG]: [0mThis is a debug message from thread 2218-09-2026 00:29:34 [38;5;117m[DEBUG]: [0mThis is a debug message from thread 218-09-2026 00:29:34 [38;5;015m[INFO]: [0mThis is a info message from thread 1518-09-2026 00:29:34 [38;5;015m[INFO]: [0mThis is a info message from thread 318-09-2026 00:29:34 [38;5;117m[DEBUG]: [0mThis is a debug message from thread 2818-09-2026 00:29:34 [38;5;117m[DEBUG]: [0mThis is a debug message from thread 1618-09-2026 00:29:34 [38;5;009m[ERROR]: [0mThis is a error message from thread 018-09-2026 00:29:34 [38;5;009m[ERROR]: [0mThis is a error message from thread 2718-09-2026 00:29:34 [38;5;015m[INFO]: [0mThis is a info message from thread 1818-09-2026 00:29:34 [38;5;009m[ERROR]: [0mThis is a error message from thread 2118-09-2026 00:29:34 [38;5;117m[DEBUG]: [0mThis is a debug message from thread 2018-09-2026 00:29:34 [38;5;015m[INFO]: [0mThis is a info message from thread 2918-09-2026 00:29:34 [38;5;015m[INFO]: [0mThis is a info message from thread 2418-09-2026 00:29:34 [38;5;117m[DEBUG]: [0mThis is a debug message from thread 818-09-2026 00:29:34 [38;5;015m[INFO]: [0mThis is a info message from thread 2218-09-2026 00:29:34 [38;5;015m[INFO]: [0mThis is a info message from thread 918-09-2026 00:29:34 [38;5;117m[DEBUG]: [0mThis is a debug message from thread 2718-09-2026 00:29:34 [38;5;009m[ERROR]: [0mThis is a error message from thread 2918-09-2026 00:29:34 [38;5;009m[ERROR]: [0mThis is a error message from thread 918-09-2026 00:29:34 [38;5;009m[ERROR]: [0mThis is a error message from thread 318-09-2026 00:29:34 [38;5;117m[DEBUG]: [0mThis is a debug message from thread 918-09-2026 00:29:34 [38;5;015m[INFO]: [0mThis is a info message from thread 1618-09-2026 00:29:34 [38;5;015m[INFO]: [0mThis is a info message from thread 918-09-2026 00:29:34 [38;5;117m[DEBUG]: [0mThis is a debug message from thread 718-09-2026 00:29:34 [38;5;015m[INFO]: [0mThis is a info message from thread 2818-09-2026 00:29:34 [38;5;009m[ERROR]: [0mThis is a error message from thread 2418-09-2026 00:29:34 [38;5;009m[ERROR]: [0mThis is a error message from thread 918-09-2026 00:29:34 [38;5;015m[INFO]: [0mThis is a info message from thread 718-09-2026 00:29:34 [38;5;015m[INFO]: [0mThis is a info message from thread 618-09-2026 00:29:34 [38;5;009m[ERROR]: [0mThis is a error message from thread 1818-09-2026 00:29:34 [38;5;117m[DEBUG]: [0mThis is a debug message from thread 418-09-2026 00:29:34 [38;5;015m[INFO]: [0mThis is a info message from thread 818-09-2026 00:29:34 [38;5;009m[ERROR]: [0mThis is a error message from thread 1118-09-2026 00:29:34 [38;5;009m[ERROR]: [0mThis is a error message from thread 618-09-2026 00:29:34 [38;5;117m[DEBUG]: [0mThis is a debug message from thread 1418-09-2026 00:29:34 [38;5;117m[DEBUG]: [0mThis is a debug message from thread 118-09-2026 00:29:34 [38;5;117m[DEBUG]: [0mThis is a debug message from thread 2918-09-2026 00:29:34 [38;5;009m[ERROR]: [0mThis is a error message from thread 2218-09-2026 00:29:34 [38;5;015m[INFO]: [0mThis is a info message from thread 218-09-2026 00:29:34 [38;5;117m[DEBUG]: [0mThis is a debug message from thread 318-09-2026 00:29:34 [38;5;015m[INFO]: [0mThis is a info message from thread 2718-09-2026 00:29:34 [38;5;009m[ERROR]: [0mThis is a error message from thread 1518-09-2026 00:29:34 [38;5;117m[DEBUG]: [0mThis is a debug message from thread 618-09-2026 00:29:34 [38;5;009m[ERROR]: [0mThis is a error message from thread 2618-09-2026 00:29:34 [38;5;117m[DEBUG]: [0mThis is a debug message from thread 2118-09-2026 00:29:34 [38;5;117m[DEBUG]: [0mThis is a debug message from thread 518-09-2026 00:29:34 [38;5;009m[ERROR]: [0mThis is a error message from thread 2818-09-2026 00:29:34 [38;5;015m[INFO]: [0mThis is a info message from thread 118-09-2026 00:29:34 [38;5;015m[INFO]: [0mThis is a info message from thread 1418-09-2026 00:29:34 [38;5;009m[ERROR]: [0mThis is a error message from thread 2718-09-2026 00:29:34 [38;5;015m[INFO]: [0mThis is a info message from thread 518-09-2026 00:29:34 [38;5;009m[ERROR]: [0mThis is a error message from thread 118-09-2026 00:29:34 [38;5;009m[ERROR]: [0mThis is a error message from thread 818-09-2026 00:29:34 [38;5;117m[DEBUG]: [0mThis is a debug message from thread 2618-09-2026 00:29:34 [38;5;015m[INFO]: [0mThis is a info message from thread 1018-09-2026 00:29:34 [38;5;117m[DEBUG]: [0mThis is a debug message from thread 2418-09-2026 00:29:34 [38;5;009m[ERROR]: [0mThis is a error message from thread 518-09-2026 00:29:34 [38;5;015m[INFO]: [0mThis is a info message from thread 2618-09-2026 00:29:34 [38;5;009m[ERROR]: [0mThis is a error message from thread 1418-09-2026 00:29:34 [38;5;009m[ERROR]: [0mThis is a error message from thread 2618-09-2026 00:29:34 [38;5;009m[ERROR]: [0mThis is a error message from thread 1018-09-2026 00:29:34 [38;5;015m[INFO]: [0mThis is a info message from thread 318-09-2026 00:29:34 [38;5;117m[DEBUG]: [0mThis is a debug message from thread 518-09-2026 00:29:34 [38;5;117m[DEBUG]: [0mThis is a debug message from thread 1418-09-2026 00:29:34 [38;5;117m[DEBUG]: [0mThis is a debug message from thread 2318-09-2026 00:29:34 [38;5;015m[INFO]: [0mThis is a info message from thread 2318-09-2026 00:29:34 [38;5;015m[INFO]: [0mThis is a info message from thread 2418-09-2026 00:29:34 [38;5;117m[DEBUG]: [0mThis is a debug message from thread 1018-09-2026 00:29:34 [38;5;015m[INFO]: [0mThis is a info message from thread 2518-09-2026 00:29:34 [38;5;015m[INFO]: [0mThis is a info message from thread 518-09-2026 00:29:34 [38;5;009m[ERROR]: [0mThis is a error message from thread 218-09-2026 00:29:34 [38;5;117m[DEBUG]: [0mThis is a debug message from thread 1818-09-2026 00:29:34 [38;5;117m[DEBUG]: [0mThis is a debug message from thread 2718-09-2026 00:29:34 [38;5;009m[ERROR]: [0mThis is a error message from thread 318-09-2026 00:29:34 [38;5;015m[INFO]: [0mThis is a info message from thread 2718-09-2026 00:29:34 [38;5;015m[INFO]: [0mThis is a info message from thread 1818-09-2026 00:29:34 [38;5;117m[DEBUG]: [0mThis is a debug message from thread 818-09-2026 00:29:34 [38;5;117m[DEBUG]: [0mThis is a debug message from thread 1518-09-2026 00:29:34 [38;5;009m[ERROR]: [0mThis is a error message from thread 718-09-2026 00:29:34 [38;5;015m[INFO]: [0mThis is a info message from thread 818-09-2026 00:29:34 [38;5;009m[ERROR]: [0mThis is a error message from thread 2518-09-2026 00:29:34 [38;5;009m[ERROR]: [0mThis is a error message from thread 2418-09-2026 00:29:34 [38;5;009m[ERROR]: [0mThis is a error message from thread 1818-09-2026 00:29:34 [38;5;009m[ERROR]: [0mThis is a error message from thread 2318-09-2026 00:29:34 [38;5;117m[DEBUG]: [0mThis is a debug message from thread 918-09-2026 00:29:34 [38;5;009m[ERROR]: [0mThis is a error message from thread 1718-09-2026 00:29:34 [38;5;015m[INFO]: [0mThis is a info message from thread 618-09-2026 00:29:34 [38;5;117m[DEBUG]: [0mThis is a debug message from thread 2818-09-2026 00:29:34 [38;5;117m[DEBUG]: [0mThis is a debug message from thread 2418-09-2026 00:29:34 [38;5;117m[DEBUG]: [0mThis is a debug message from thread 1318-09-2026 00:29:34 [38;5;015m[INFO]: [0mThis is a info message from thread 2118-09-2026 00:29:34 [38;5;015m[INFO]: [0mThis is a info message from thread 418-09-2026 00:29:34 [38;5;009m[ERROR]: [0mThis is a error message from thread 618-09-2026 00:29:34 [38;5;117m[DEBUG]: [0mThis is a debug message from thread 2618-09-2026 00:29:34 [38;5;015m[INFO]: [0mThis is a info message from thread 1218-09-2026 00:29:34 [38;5;009m[ERROR]: [0mThis is a error message from thread 418-09-2026 00:29:34 [38;5;015m[INFO]: [0mThis is a info message from thread 2418-09-2026 00:29:34 [38;5;015m[INFO]: [0mThis is a info message from thread 1318-09-2026 00:29:34 [38;5;117m[DEBUG]: [0mThis is a debug message from thread 418-09-2026 00:29:34 [38;5;009m[ERROR]: [0mThis is a error message from thread 2118-09-2026 00:29:34 [38;5;015m[INFO]: [0mThis is a info message from thread 1018-09-2026 00:29:34 [38;5;009m[ERROR]: [0mThis is a error message from thread 2418-09-2026 00:29:34 [38;5;117m[DEBUG]: [0mThis is a debug message from thread 2518-09-2026 00:29:34 [38;5;009m[ERROR]: [0mThis is a error message from thread 1018-09-2026 00:29:34 [38;5;015m[INFO]: [0mThis is a info message from thread 2618-09-2026 00:29:34 [38;5;117m[DEBUG]: [0mThis is a debug message from thread 2218-09-2026 00:29:34 [38;5;009m[ERROR]: [0mThis is a error message from thread 1918-09-2026 00:29:34 [38;5;015m[INFO]: [0mThis is a info message from thread 1418-09-2026 00:29:34 [38;5;009m[ERROR]: [0mThis is a error message from thread 2718-09-2026 00:29:34 [38;5;117m[DEBUG]: [0mThis is a debug message from thread 018-09-2026 00:29:34 [38;5;117m[DEBUG]: [0mThis is a debug message from thread 2718-09-2026 00:29:34 [38;5;117m[DEBUG]: [0mThis is a debug message from thread 1918-09-2026 00:29:34 [38;5;009m[ERROR]: [0mThis is a error message from thread 1218-09-2026 00:29:34 [38;5;015m[INFO]: [0mThis is a info message from thread 2518-09-2026 00:29:34 [38;5;117m[DEBUG]: [0mThis is a debug message from thread 318-09-2026 00:29:34 [38;5;015m[INFO]: [0mThis is a info message from thread 1918-09-2026 00:29:34 [38;5;117m[DEBUG]: [0mThis is a debug message from thread 1218-09-2026 00:29:34 [38;5;117m[DEBUG]: [0mThis is a debug message from thread 1118-09-2026 00:29:34 [38;5;015m[INFO]: [0mThis is a info message from thread 418-09-2026 00:29:34 [38;5;009m[ERROR]: [0mThis is a error message from thread 418-09-2026 00:29:34 [38;5;009m[ERROR]: [0mThis is a error message from thread 1318-09-2026 00:29:34 [38;5;117m[DEBUG]: [0mThis is a debug message from thread 1318-09-2026 00:29:34 [38;5;015m[INFO]: [0mThis is a info message from thread 1118-09-2026 00:29:34 [38;5;015m[INFO]: [0mThis is a info message from thread 018-09-2026 00:29:34 [38;5;015m[INFO]: [0mThis is a info message from thread 2718-09-2026 00:29:34 [38;5;117m[DEBUG]: [0mThis is a debug message from thread 2418-09-2026 00:29:34 [38;5;015m[INFO]: [0mThis is a info message from thread 2418-09-2026 00:29:34 [38;5;009m[ERROR]: [0mThis is a error message from thread 2718-09-2026 00:29:34 [38;5;015m[INFO]: [0mThis is a info message from thread 1318-09-2026 00:29:34 [38;5;117m[DEBUG]: [0mThis is a debug message from thread 418-09-2026 00:29:34 [38;5;009m[ERROR]: [0mThis is a error message from thread 2418-09-2026 00:29:34 [38;5;117m[DEBUG]: [0mThis is a debug message from thread 2718-09-2026 00:29:34 [38;5;117m[DEBUG]: [0mThis is a debug message from thread 2318-09-2026 00:29:34 [38;5;015m[INFO]: [0mThis is a info message from thread 318-09-2026 00:29:34 [38;5;009m[ERROR]: [0mThis is a error message from thread 1318-09-2026 00:29:34 [38;5;009m[ERROR]: [0mThis is a error message from thread 1618-09-2026 00:29:34 [38;5;009m[ERROR]: [0mThis is a error message from thread 2518-09-2026 00:29:34 [38;5;117m[DEBUG]: [0mThis is a debug message from thread 1818-09-2026 00:29:34 [38;5;015m[INFO]: [0mThis is a info message from thread 2218-09-2026 00:29:34 [38;5;015m[INFO]: [0mThis is a info message from thread 1518-09-2026 00:29:34 [38;5;015m[INFO]: [0mThis is a info message from thread 2718-09-2026 00:29:34 [38;5;117m[DEBUG]: [0mThis is a debug message from thread 2418-09-2026 00:29:34 [38;5;015m[INFO]: [0mThis is a info message from thread 1818-09-2026 00:29:34 [38;5;015m[INFO]: [0mThis is a info message from thread 2318-09-2026 00:29:34 [38;5;009m[ERROR]: [0mThis is a error message from thread 1418-09-2026 00:29:34 [38;5;117m[DEBUG]: [0mThis is a debug message from thread 218-09-2026 00:29:34 [38;5;117m[DEBUG]: [0mThis is a debug message from thread 718-09-2026 00:29:34 [38;5;015m[INFO]: [0mThis is a info message from thread 2018-09-2026 00:29:34 [38;5;117m[DEBUG]: [0mThis is a debug message from thread 2518-09-2026 00:29:34 [38;5;015m[INFO]: [0mThis is a info message from thread 718-09-2026 00:29:34 [38;5;015m[INFO]: [0mThis is a info message from thread 918-09-2026 00:29:34 [38;5;009m[ERROR]: [0mThis is a error message from thread 018-09-2026 00:29:34 [38;5;117m[DEBUG]: [0mThis is a debug message from thread 118-09-2026 00:29:34 [38;5;009m[ERROR]: [0mThis is a error message from thread 1818-09-2026 00:29:34 [38;5;009m[ERROR]: [0mThis is a error message from thread 2618-09-2026 00:29:34 [38;5;117m[DEBUG]: [0mThis is a debug message from thread 2118-09-2026 00:29:34 [38;5;015m[INFO]: [0mThis is a info message from thread 418-09-2026 00:29:34 [38;5;015m[INFO]: [0mThis is a info message from thread 2918-09-2026 00:29:34 [38;5;009m[ERROR]: [0mThis is a error message from thread 718-09-2026 00:29:34 [38;5;117m[DEBUG]: [0mThis is a debug message from thread 2618-09-2026 00:29:34 [38;5;117m[DEBUG]: [0mThis is a debug message from thread 018-09-2026 00:29:34 [38;5;015m[INFO]: [0mThis is a info message from thread 2618-09-2026 00:29:34 [38;5;009m[ERROR]: [0mThis is a error message from thread 2318-09-2026 00:29:34 [38;5;015m[INFO]: [0mThis is a info message from thread 2518-09-2026 00:29:34 [38;5;009m[ERROR]: [0mThis is a error message from thread 2618-09-2026 00:29:34 [38;5;117m[DEBUG]: [0mThis is a debug message from thread 2318-09-2026 00:29:34 [38;5;015m[INFO]: [0mThis is a info message from thread 018-09-2026 00:29:34 [38;5;009m[ERROR]: [0mThis is a error message from thread 1118-09-2026 00:29:34 [38;5;009m[ERROR]: [0mThis is a error message from thread 2918-09-2026 00:29:34 [38;5;009m[ERROR]: [0mThis is a error message from thread 2718-09-2026 00:29:34 [38;5;117m[DEBUG]: [0mThis is a debug message from thread 1318-09-2026 00:29:34 [38;5;015m[INFO]: [0mThis is a info message from thread 1218-09-2026 00:29:34 [38;5;117m[DEBUG]: [0mThis is a debug message from thread 618-09-2026 00:29:34 [38;5;015m[INFO]: [0mThis is a info message from thread 2318-09-2026 00:29:34 [38;5;117m[DEBUG]: [0mThis is a debug message from thread 1718-09-2026 00:29:34 [38;5;009m[ERROR]: [0mThis is a error message from thread 818-09-2026 00:29:34 [38;5;117m[DEBUG]: [0mThis is a debug message from thread 2618-09-2026 00:29:34 [38;5;117m[DEBUG]: [0mThis is a debug message from thread 818-09-2026 00:29:34 [38;5;117m[DEBUG]: [0mThis is a debug message from thread 1618-09-2026 00:29:34 [38;5;015m[INFO]: [0mThis is a info message from thread 1318-09-2026 00:29:34 [38;5;117m[DEBUG]: [0mThis is a debug message from thread 1418-09-2026 00:29:34 [38;5;015m[INFO]: [0mThis is a info message from thread 2418-09-2026 00:29:34 [38;5;009m[ERROR]: [0mThis is a error message from thread 2418-09-2026 00:29:34 [38;5;009m[ERROR]: [0mThis is a error message from thread 918-09-2026 00:29:34 [38;5;015m[INFO]: [0mThis is a info message from thread 618-09-2026 00:29:34 [38;5;009m[ERROR]: [0mThis is a error message from thread 018-09-2026 00:29:34 [38;5;009m[ERROR]: [0mThis is a error message from thread 2018-09-2026 00:29:34 [38;5;015m[INFO]: [0mThis is a info message from thread 2118-09-2026 00:29:34 [38;5;117m[DEBUG]: [0mThis is a debug message from thread 2418-09-2026 00:29:34 [38;5;009m[ERROR]: [0mThis is a error message from thread 1918-09-2026 00:29:34 [38;5;015m[INFO]: [0mThis is a info message from thread 818-09-2026 00:29:34 [38;5;117m[DEBUG]: [0mThis is a debug message from thread 918-09-2026 00:29:34 [38;5;015m[INFO]: [0mThis is a info message from thread 118-09-2026 00:29:34 [38;5;117m[DEBUG]: [0mThis is a debug message from thread 1818-09-2026 00:29:34 [38;5;015m[INFO]: [0mThis is a info message from thread 218-09-2026 00:29:34 [38;5;009m[ERROR]: [0mThis is a error message from thread 1518-09-2026 00:29:34 [38;5;009m[ERROR]: [0mThis is a error message from thread 818-09-2026 00:29:34 [38;5;009m[ERROR]: [0mThis is a error message from thread 2318-09-2026 00:29:34 [38;5;009m[ERROR]: [0mThis is a error message from thread 1218-09-2026 00:29:34 [38;5;009m[ERROR]: [0mThis is a error message from thread 618-09-2026 00:29:34 [38;5;015m[INFO]: [0mThis is a info message from thread 1618-09-2026 00:29:34 [38;5;009m[ERROR]: [0mThis is a error message from thread 518-09-2026 00:29:34 [38;5;117m[DEBUG]: [0mThis is a debug message from thread 1018-09-2026 00:29:34 [38;5;009m[ERROR]: [0mThis is a error message from thread 1318-09-2026 00:29:34 [38;5;015m[INFO]: [0mThis is a info message from thread 1818-09-2026 00:29:34 [38;5;117m[DEBUG]: [0mThis is a debug message from thread 718-09-2026 00:29:34 [38;5;009m[ERROR]: [0mThis is a error message from thread 118-09-2026 00:29:34 [38;5;009m[ERROR]: [0mThis is a error message from thread 1818-09-2026 00:29:34 [38;5;015m[INFO]: [0mThis is a info message from thread 2418-09-2026 00:29:34 [38;5;015m[INFO]: [0mThis is a info message from thread 1418-09-2026 00:29:34 [38;5;015m[INFO]: [0mThis is a info message from thread 2618-09-2026 00:29:34 [38;5;117m[DEBUG]: [0mThis is a debug message from thread 2318-09-2026 00:29:34 [38;5;009m[ERROR]: [0mThis is a error message from thread 318-09-2026 00:29:34 [38;5;015m[INFO]: [0mThis is a info message from thread 2818-09-2026 00:29:34 [38;5;117m[DEBUG]: [0mThis is a debug message from thread 1318-09-2026 00:29:34 [38;5;009m[ERROR]: [0mThis is a error message from thread 1418-09-2026 00:29:34 [38;5;117m[DEBUG]: [0mThis is a debug message from thread 2918-09-2026 00:29:34 [38;5;009m[ERROR]: [0mThis is a error message from thread 2618-09-2026 00:29:34 [38;5;009m[ERROR]: [0mThis is a error message from thread 418-09-2026 00:29:34 [38;5;015m[INFO]: [0mThis is a info message from thread 1318-09-2026 00:29:34 [38;5;009m[ERROR]: [0mThis is a error message from thread 1318-09-2026 00:29:34 [38;5;117m[DEBUG]: [0mThis is a debug message from thread 1418-09-2026 00:29:34 [38;5;015m[INFO]: [0mThis is a info message from thread 1418-09-2026 00:29:34 [38;5;009m[ERROR]: [0mThis is a error message from thread 2818-09-2026 00:29:34 [38;5;117m[DEBUG]: [0mThis is a debug message from thread 118-09-2026 00:29:34 [38;5;117m[DEBUG]: [0mThis is a debug message from thread 318-09-2026 00:29:34 [38;5;009m[ERROR]: [0mThis is a error message from thread 2118-09-2026 00:29:34 [38;5;117m[DEBUG]: [0mThis is a debug message from thread 2618-09-2026 00:29:34 [38;5;117m[DEBUG]: [0mThis is a debug message from thread 018-09-2026 00:29:34 [38;5;117m[DEBUG]: [0mThis is a debug message from thread 2718-09-2026 00:29:34 [38;5;117m[DEBUG]: [0mThis is a debug message from thread 418-09-2026 00:29:34 [38;5;015m[INFO]: [0mThis is a info message from thread 2318-09-2026 00:29:34 [38;5;015m[INFO]: [0mThis is a info message from thread 2918-09-2026 00:29:34 [38;5;009m[ERROR]: [0mThis is a error message from thread 2318-09-2026 00:29:34 [38;5;009m[ERROR]: [0mThis is a error message from thread 2918-09-2026 00:29:34 [38;5;009m[ERROR]: [0mThis is a error message from thread 2418-09-2026 00:29:34 [38;5;117m[DEBUG]: [0mThis is a debug message from thread 818-09-2026 00:29:34 [38;5;117m[DEBUG]: [0mThis is a debug message from thread 1318-09-2026 00:29:34 [38;5;117m[DEBUG]: [0mThis is a debug message from thread 2318-09-2026 00:29:34 [38;5;117m[DEBUG]: [0mThis is a debug message from thread 618-09-2026 00:29:34 [38;5;117m[DEBUG]: [0mThis is a debug message from thread 2018-09-2026 00:29:34 [38;5;015m[INFO]: [0mThis is a info message from thread 618-09-2026 00:29:34 [38;5;117m[DEBUG]: [0mThis is a debug message from thread 518-09-2026 00:29:34 [38;5;117m[DEBUG]: [0mThis is a debug message from thread 1818-09-2026 00:29:34 [38;5;009m[ERROR]: [0mThis is a error message from thread 618-09-2026 00:29:34 [38;5;015m[INFO]: [0mThis is a info message from thread 1818-09-2026 00:29:34 [38;5;009m[ERROR]: [0mThis is a error message from thread 1618-09-2026 00:29:34 [38;5;015m[INFO]: [0mThis is a info message from thread 1018-09-2026 00:29:34 [38;5;117m[DEBUG]: [0mThis is a debug message from thread 1618-09-2026 00:29:34 [38;5;015m[INFO]: [0mThis is a info message from thread 2318-09-2026 00:29:34 [38;5;015m[INFO]: [0mThis is a info message from thread 518-09-2026 00:29:34 [38;5;117m[DEBUG]: [0mThis is a debug message from thread 2418-09-2026 00:29:34 [38;5;009m[ERROR]: [0mThis is a error message from thread 518-09-2026 00:29:34 [38;5;015m[INFO]: [0mThis is a info message from thread 318-09-2026 00:29:34 [38;5;117m[DEBUG]: [0mThis is a debug message from thread 618-09-2026 00:29:34 [38;5;015m[INFO]: [0mThis is a info message from thread 1318-09-2026 00:29:34 [38;5;009m[ERROR]: [0mThis is a error message from thread 1418-09-2026 00:29:34 [38;5;009m[ERROR]: [0mThis is a error message from thread 2318-09-2026 00:29:34 [38;5;009m[ERROR]: [0mThis is a error message from thread 2218-09-2026 00:29:34 [38;5;009m[ERROR]: [0mThis is a error message from thread 1318-09-2026 00:29:34 [38;5;015m[INFO]: [0mThis is a info message from thread 118-09-2026 00:29:34 [38;5;009m[ERROR]: [0mThis is a error message from thread 118-09-2026 00:29:34 [38;5;117m[DEBUG]: [0mThis is a debug message from thread 2918-09-2026 00:29:34 [38;5;117m[DEBUG]: [0mThis is a debug message from thread 1318-09-2026 00:29:34 [38;5;117m[DEBUG]: [0mThis is a debug message from thread 1418-09-2026 00:29:34 [38;5;117m[DEBUG]: [0mThis is a debug message from thread 2218-09-2026 00:29:34 [38;5;117m[DEBUG]: [0mThis is a debug message from thread 2318-09-2026 00:29:34 [38;5;015m[INFO]: [0mThis is a info message from thread 1418-09-2026 00:29:34 [38;5;009m[ERROR]: [0mThis is a error message from thread 1418-09-2026 00:29:34 [38;5;015m[INFO]: [0mThis is a info message from thread 618-09-2026 00:29:34 [38;5;009m[ERROR]: [0mThis is a error message from thread 618-09-2026 00:29:34 [38;5;015m[INFO]: [0mThis is a info message from thread 2918-09-2026 00:29:34 [38;5;009m[ERROR]: [0mThis is a error message from thread 1818-09-2026 00:29:34 [38;5;015m[INFO]: [0mThis is a info message from thread 2318-09-2026 00:29:34 [38;5;015m[INFO]: [0mThis is a info message from thread 1618-09-2026 00:29:34 [38;5;117m[DEBUG]: [0mThis is a debug message from thread 618-09-2026 00:29:34 [38;5;009m[ERROR]: [0mThis is a error message from thread 318-09-2026 00:29:34 [38;5;015m[INFO]: [0mThis is a info message from thread 618-09-2026 00:29:34 [38;5;009m[ERROR]: [0mThis is a error message from thread 618-09-2026 00:29:34 [38;5;117m[DEBUG]: [0mThis is a debug message from thread 1818-09-2026 00:29:34 [38;5;009m[ERROR]: [0mThis is a error message from thread 1618-09-2026 00:29:34 [38;5;117m[DEBUG]: [0mThis is a debug message from thread 618-09-2026 00:29:34 [38;5;009m[ERROR]: [0mThis is a error message from thread 1018-09-2026 00:29:34 [38;5;117m[DEBUG]: [0mThis is a debug message from thread 1018-09-2026 00:29:34 [38;5;117m[DEBUG]: [0mThis is a debug message from thread 1618-09-2026 00:29:34 [38;5;009m[ERROR]: [0mThis is a error message from thread 2918-09-2026 00:29:34 [38;5;015m[INFO]: [0mThis is a info message from thread 1018-09-2026 00:29:34 [38;5;009m[ERROR]: [0mThis is a error message from thread 2318-09-2026 00:29:34 [38;5;117m[DEBUG]: [0mThis is a debug message from thread 2118-09-2026 00:29:34 [38;5;117m[DEBUG]: [0mThis is a debug message from thread 1918-09-2026 00:29:34 [38;5;015m[INFO]: [0mThis is a info message from thread 018-09-2026 00:29:34 [38;5;117m[DEBUG]: [0mThis is a debug message from thread 318-09-2026 00:29:34 [38;5;015m[INFO]: [0mThis is a info message from thread 918-09-2026 00:29:34 [38;5;117m[DEBUG]: [0mThis is a debug message from thread 1518-09-2026 00:29:34 [38;5;009m[ERROR]: [0mThis is a error message from thread 918-09-2026 00:29:34 [38;5;117m[DEBUG]: [0mThis is a debug message from thread 118-09-2026 00:29:34 [38;5;009m[ERROR]: [0mThis is a error message from thread 018-09-2026 00:29:34 [38;5;015m[INFO]: [0mThis is a info message from thread 1618-09-2026 00:29:34 [38;5;015m[INFO]: [0mThis is a info message from thread 2118-09-2026 00:29:34 [38;5;009m[ERROR]: [0mThis is a error message from thread 2118-09-2026 00:29:34 [38;5;009m[ERROR]: [0mThis is a error message from thread 1018-09-2026 00:29:34 [38;5;015m[INFO]: [0mThis is a info message from thread 318-09-2026 00:29:34 [38;5;117m[DEBUG]: [0mThis is a debug message from thread 2318-09-2026 00:29:34 [38;5;015m[INFO]: [0mThis is a info message from thread 2718-09-2026 00:29:34 [38;5;117m[DEBUG]: [0mThis is a debug message from thread 2118-09-2026 00:29:34 [38;5;015m[INFO]: [0mThis is a info message from thread 1918-09-2026 00:29:34 [38;5;015m[INFO]: [0mThis is a info message from thread 1318-09-2026 00:29:34 [38;5;015m[INFO]: [0mThis is a info message from thread 718-09-2026 00:29:34 [38;5;015m[INFO]: [0mThis is a info message from thread 1818-09-2026 00:29:34 [38;5;015m[INFO]: [0mThis is a info message from thread 2118-09-2026 00:29:34 [38;5;015m[INFO]: [0mThis is a info message from thread 818-09-2026 00:29:34 [38;5;009m[ERROR]: [0mThis is a error message from thread 1618-09-2026 00:29:34 [38;5;009m[ERROR]: [0mThis is a error message from thread 718-09-2026 00:29:34 [38;5;117m[DEBUG]: [0mThis is a debug message from thread 1118-09-2026 00:29:34 [38;5;117m[DEBUG]: [0mThis is a debug message from thread 1018-09-2026 00:29:34 [38;5;117m[DEBUG]: [0mThis is a debug message from thread 1618-09-2026 00:29:34 [38;5;009m[ERROR]: [0mThis is a error message from thread 2118-09-2026 00:29:34 [38;5;015m[INFO]: [0mThis is a info message from thread 1618-09-2026 00:29:34 [38;5;117m[DEBUG]: [0mThis is a debug message from thread 518-09-2026 00:29:34 [38;5;015m[INFO]: [0mThis is a info message from thread 2418-09-2026 00:29:34 [38;5;117m[DEBUG]: [0mThis is a debug message from thread 2918-09-2026 00:29:34 [38;5;015m[INFO]: [0mThis is a info message from thread 418-09-2026 00:29:34 [38;5;015m[INFO]: [0mThis is a info message from thread 1018-09-2026 00:29:34 [38;5;015m[INFO]: [0mThis is a info message from thread 2018-09-2026 00:29:34 [38;5;015m[INFO]: [0mThis is a info message from thread 2218-09-2026 00:29:34 [38;5;009m[ERROR]: [0mThis is a error message from thread 1618-09-2026 00:29:34 [38;5;015m[INFO]: [0mThis is a info message from thread 618-09-2026 00:29:34 [38;5;117m[DEBUG]: [0mThis is a debug message from thread 918-09-2026 00:29:34 [38;5;117m[DEBUG]: [0mThis is a debug message from thread 1218-09-2026 00:29:34 [38;5;015m[INFO]: [0mThis is a info message from thread 518-09-2026 00:29:34 [38;5;117m[DEBUG]: [0mThis is a debug message from thread 2818-09-2026 00:29:34 [38;5;015m[INFO]: [0mThis is a info message from thread 1218-09-2026 00:29:34 [38;5;015m[INFO]: [0mThis is a info message from thread 1718-09-2026 00:29:34 [38;5;009m[ERROR]: [0mThis is a error message from thread 518-09-2026 00:29:34 [38;5;009m[ERROR]: [0mThis is a error message from thread 1718-09-2026 00:29:34 [38;5;009m[ERROR]: [0mThis is a error message from thread 618-09-2026 00:29:34 [38;5;009m[ERROR]: [0mThis is a error message from thread 2418-09-2026 00:29:34 [38;5;009m[ERROR]: [0mThis is a error message from thread 1218-09-2026 00:29:34 [38;5;009m[ERROR]: [0mThis is a error message from thread 418-09-2026 00:29:34 [38;5;117m[DEBUG]: [0mThis is a debug message from thread 2418-09-2026 00:29:34 [38;5;009m[ERROR]: [0mThis is a error message from thread 818-09-2026 00:29:34 [38;5;009m[ERROR]: [0mThis is a error message from thread 1918-09-2026 00:29:34 [38;5;009m[ERROR]: [0mThis is a error message from thread 218-09-2026 00:29:34 [38;5;009m[ERROR]: [0mThis is a error message from thread 2018-09-2026 00:29:34 [38;5;117m[DEBUG]: [0mThis is a debug message from thread 2118-09-2026 00:29:34 [38;5;117m[DEBUG]: [0mThis is a debug message from thread 418-09-2026 00:29:34 [38;5;009m[ERROR]: [0mThis is a error message from thread 2718-09-2026 00:29:34 [38;5;009m[ERROR]: [0mThis is a error message from thread 1018-09-2026 00:29:34 [38;5;117m[DEBUG]: [0mThis is a debug message from thread 818-09-2026 00:29:34 [38;5;015m[INFO]: [0mThis is a info message from thread 2818-09-2026 00:29:34 [38;5;009m[ERROR]: [0mThis is a error message from thread 2518-09-2026 00:29:34 [38;5;015m[INFO]: [0mThis is a info message from thread 2418-09-2026 00:29:34 [38;5;117m[DEBUG]: [0mThis is a debug message from thread 1618-09-2026 00:29:34 [38;5;009m[ERROR]: [0mThis is a error message from thread 2218-09-2026 00:29:34 [38;5;117m[DEBUG]: [0mThis is a debug message from thread 518-09-2026 00:29:34 [38;5;117m[DEBUG]: [0mThis is a debug message from thread 618-09-2026 00:29:34 [38;5;117m[DEBUG]: [0mThis is a debug message from thread 2218-09-2026 00:29:34 [38;5;117m[DEBUG]: [0mThis is a debug message from thread 1718-09-2026 00:29:34 [38;5;015m[INFO]: [0mThis is a info message from thread 2218-09-2026 00:29:34 [38;5;117m[DEBUG]: [0mThis is a debug message from thread 2518-09-2026 00:29:34 [38;5;015m[INFO]: [0mThis is a info message from thread 2118-09-2026 00:29:34 [38;5;117m[DEBUG]: [0mThis is a debug message from thread 1918-09-2026 00:29:34 [38;5;009m[ERROR]: [0mThis is a error message from thread 2118-09-2026 00:29:34 [38;5;009m[ERROR]: [0mThis is a error message from thread 2418-09-2026 00:29:34 [38;5;117m[DEBUG]: [0mThis is a debug message from thread 2118-09-2026 00:29:34 [38;5;015m[INFO]: [0mThis is a info message from thread 818-09-2026 00:29:34 [38;5;015m[INFO]: [0mThis is a info message from thread 418-09-2026 00:29:34 [38;5;015m[INFO]: [0mThis is a info message from thread 2118-09-2026 00:29:34 [38;5;015m[INFO]: [0mThis is a info message from thread 2318-09-2026 00:29:34 [38;5;015m[INFO]: [0mThis is a info message from thread 918-09-2026 00:29:34 [38;5;117m[DEBUG]: [0mThis is a debug message from thread 718-09-2026 00:29:34 [38;5;015m[INFO]: [0mThis is a info message from thread 118-09-2026 00:29:34 [38;5;009m[ERROR]: [0mThis is a error message from thread 418-09-2026 00:29:34 [38;5;117m[DEBUG]: [0mThis is a debug message from thread 2418-09-2026 00:29:34 [38;5;009m[ERROR]: [0mThis is a error message from thread 918-09-2026 00:29:34 [38;5;015m[INFO]: [0mThis is a info message from thread 1618-09-2026 00:29:34 [38;5;009m[ERROR]: [0mThis is a error message from thread 818-09-2026 00:29:34 [38;5;015m[INFO]: [0mThis is a info message from thread 718-09-2026 00:29:34 [38;5;117m[DEBUG]: [0mThis is a debug message from thread 1418-09-2026 00:29:34 [38;5;015m[INFO]: [0mThis is a info message from thread 1718-09-2026 00:29:34 [38;5;015m[INFO]: [0mThis is a info message from thread 1418-09-2026 00:29:34 [38;5;015m[INFO]: [0mThis is a info message from thread 2518-09-2026 00:29:34 [38;5;117m[DEBUG]: [0mThis is a debug message from thread 418-09-2026 00:29:34 [38;5;009m[ERROR]: [0mThis is a error message from thread 2118-09-2026 00:29:34 [38;5;009m[ERROR]: [0mThis is a error message from thread 2818-09-2026 00:29:34 [38;5;015m[INFO]: [0mThis is a info message from thread 2418-09-2026 00:29:34 [38;5;117m[DEBUG]: [0mThis is a debug message from thread 2818-09-2026 00:29:34 [38;5;015m[INFO]: [0mThis is a info message from thread 418-09-2026 00:29:34 [38;5;009m[ERROR]: [0mThis is a error message from thread 2418-09-2026 00:29:34 [38;5;009m[ERROR]: [0mThis is a error message from thread 1818-09-2026 00:29:34 [38;5;009m[ERROR]: [0mThis is a error message from thread 2518-09-2026 00:29:34 [38;5;015m[INFO]: [0mThis is a info message from thread 1118-09-2026 00:29:34 [38;5;117m[DEBUG]: [0mThis is a debug message from thread 2018-09-2026 00:29:34 [38;5;015m[INFO]: [0mThis is a info message from thread 2918-09-2026 00:29:34 [38;5;117m[DEBUG]: [0mThis is a debug message from thread 218-09-2026 00:29:34 [38;5;009m[ERROR]: [0mThis is a error message from thread 418-09-2026 00:29:34 [38;5;117m[DEBUG]: [0mThis is a debug message from thread 818-09-2026 00:29:34 [38;5;009m[ERROR]: [0mThis is a error message from thread 1418-09-2026 00:29:34 [38;5;117m[DEBUG]: [0mThis is a debug message from thread 918-09-2026 00:29:34 [38;5;009m[ERROR]: [0mThis is a error message from thread 1118-09-2026 00:29:34 [38;5;009m[ERROR]: [0mThis is a error message from thread 318-09-2026 00:29:34 [38;5;117m[DEBUG]: [0mThis is a debug message from thread 1418-09-2026 00:29:34 [38;5;015m[INFO]: [0mThis is a info message from thread 1418-09-2026 00:29:34 [38;5;117m[DEBUG]: [0mThis is a debug message from thread 2418-09-2026 00:29:34 [38;5;015m[INFO]: [0mThis is a info message from thread 818-09-2026 00:29:34 [38;5;015m[INFO]: [0mThis is a info message from thread 218-09-2026 00:29:34 [38;5;009m[ERROR]: [0mThis is a error message from thread 818-09-2026 00:29:34 [38;5;009m[ERROR]: [0mThis is a error message from thread 218-09-2026 00:29:34 [38;5;117m[DEBUG]: [0mThis is a debug message from thread 2718-09-2026 00:29:34 [38;5;015m[INFO]: [0mThis is a info message from thread 2618-09-2026 00:29:34 [38;5;117m[DEBUG]: [0mThis is a debug message from thread 818-09-2026 00:29:34 [38;5;117m[DEBUG]: [0mThis is a debug message from thread 218-09-2026 00:29:34 [38;5;117m[DEBUG]: [0mThis is a debug message from thread 1818-09-2026 00:29:34 [38;5;009m[ERROR]: [0mThis is a error message from thread 118-09-2026 00:29:34 [38;5;009m[ERROR]: [0mThis is a error message from thread 1718-09-2026 00:29:34 [38;5;015m[INFO]: [0mThis is a info message from thread 1518-09-2026 00:29:34 [38;5;009m[ERROR]: [0mThis is a error message from thread 2918-09-2026 00:29:34 [38;5;009m[ERROR]: [0mThis is a error message from thread 2618-09-2026 00:29:34 [38;5;015m[INFO]: [0mThis is a info message from thread 2818-09-2026 00:29:34 [38;5;015m[INFO]: [0mThis is a info message from thread 218-09-2026 00:29:34 [38;5;015m[INFO]: [0mThis is a info message from thread 2018-09-2026 00:29:34 [38;5;117m[DEBUG]: [0mThis is a debug message from thread 2618-09-2026 00:29:34 [38;5;117m[DEBUG]: [0mThis is a debug message from thread 2518-09-2026 00:29:34 [38;5;009m[ERROR]: [0mThis is a error message from thread 2318-09-2026 00:29:34 [38;5;117m[DEBUG]: [0mThis is a debug message from thread 2918-09-2026 00:29:34 [38;5;015m[INFO]: [0mThis is a info message from thread 818-09-2026 00:29:34 [38;5;009m[ERROR]: [0mThis is a error message from thread 718-09-2026 00:29:34 [38;5;015m[INFO]: [0mThis is a info message from thread 2718-09-2026 00:29:34 [38;5;117m[DEBUG]: [0mThis is a debug message from thread 1718-09-2026 00:29:34 [38;5;015m[INFO]: [0mThis is a info message from thread 2618-09-2026 00:29:34 [38;5;117m[DEBUG]: [0mThis is a debug message from thread 2118-09-2026 00:29:34 [38;5;009m[ERROR]: [0mThis is a error message from thread 1418-09-2026 00:29:34 [38;5;015m[INFO]: [0mThis is a info message from thread 1818-09-2026 00:29:34 [38;5;015m[INFO]: [0mThis is a info message from thread 1718-09-2026 00:29:34 [38;5;015m[INFO]: [0mThis is a info message from thread 2118-09-2026 00:29:34 [38;5;009m[ERROR]: [0mThis is a error message from thread 2618-09-2026 00:29:34 [38;5;117m[DEBUG]: [0mThis is a debug message from thread 718-09-2026 00:29:34 [38;5;015m[INFO]: [0mThis is a info message from thread 2518-09-2026 00:29:34 [38;5;015m[INFO]: [0mThis is a info message from thread 718-09-2026 00:29:34 [38;5;009m[ERROR]: [0mThis is a error message from thread 2118-09-2026 00:29:34 [38;5;009m[ERROR]: [0mThis is a error message from thread 1318-09-2026 00:29:34 [38;5;009m[ERROR]: [0mThis is a error message from thread 2518-09-2026 00:29:34 [38;5;117m[DEBUG]: [0mThis is a debug message from thread 1218-09-2026 00:29:34 [38;5;117m[DEBUG]: [0mThis is a debug message from thread 1018-09-2026 00:29:34 [38;5;009m[ERROR]: [0mThis is a error message from thread 818-09-2026 00:29:34 [38;5;015m[INFO]: [0mThis is a info message from thread 918-09-2026 00:29:34 [38;5;009m[ERROR]: [0mThis is a error message from thread 1718-09-2026 00:29:34 [38;5;117m[DEBUG]: [0mThis is a debug message from thread 118-09-2026 00:29:34 [38;5;009m[ERROR]: [0mThis is a error message from thread 1618-09-2026 00:29:34 [38;5;015m[INFO]: [0mThis is a info message from thread 2918-09-2026 00:29:34 [38;5;117m[DEBUG]: [0mThis is a debug message from thread 2318-09-2026 00:29:34 [38;5;009m[ERROR]: [0mThis is a error message from thread 2018-09-2026 00:29:34 [38;5;117m[DEBUG]: [0mThis is a debug message from thread 1618-09-2026 00:29:34 [38;5;015m[INFO]: [0mThis is a info message from thread 1918-09-2026 00:29:34 [38;5;117m[DEBUG]: [0mThis is a debug message from thread 2518-09-2026 00:29:34 [38;5;015m[INFO]: [0mThis is a info message from thread 2418-09-2026 00:29:34 [38;5;009m[ERROR]: [0mThis is a error message from thread 218-09-2026 00:29:34 [38;5;009m[ERROR]: [0mThis is a error message from thread 1518-09-2026 00:29:34 [38;5;009m[ERROR]: [0mThis is a error message from thread 2818-09-2026 00:29:34 [38;5;009m[ERROR]: [0mThis is a error message from thread 2418-09-2026 00:29:34 [38;5;117m[DEBUG]: [0mThis is a debug message from thread 2618-09-2026 00:29:34 [38;5;009m[ERROR]: [0mThis is a error message from thread 2218-09-2026 00:29:34 [38;5;117m[DEBUG]: [0mThis is a debug message from thread 2018-09-2026 00:29:34 [38;5;117m[DEBUG]: [0mThis is a debug message from thread 418-09-2026 00:29:34 [38;5;009m[ERROR]: [0mThis is a error message from thread 918-09-2026 00:29:34 [38;5;009m[ERROR]: [0mThis is a error message from thread 1918-09-2026 00:29:34 [38;5;117m[DEBUG]: [0mThis is a debug message from thread 918-09-2026 00:29:34 [38;5;117m[DEBUG]: [0mThis is a debug message from thread 2418-09-2026 00:29:34 [38;5;117m[DEBUG]: [0mThis is a debug message from thread 018-09-2026 00:29:34 [38;5;117m[DEBUG]: [0mThis is a debug message from thread 318-09-2026 00:29:34 [38;5;015m[INFO]: [0mThis is a info message from thread 618-09-2026 00:29:34 [38;5;009m[ERROR]: [0mThis is a error message from thread 1818-09-2026 00:29:34 [38;5;015m[INFO]: [0mThis is a info message from thread 2518-09-2026 00:29:34 [38;5;015m[INFO]: [0mThis is a info message from thread 2018-09-2026 00:29:34 [38;5;009m[ERROR]: [0mThis is a error message from thread 2018-09-2026 00:29:34 [38;5;015m[INFO]: [0mThis is a info message from thread 2418-09-2026 00:29:34 [38;5;015m[INFO]: [0mThis is a info message from thread 2618-09-2026 00:29:34 [38;5;009m[ERROR]: [0mThis is a error message from thread 2418-09-2026 00:29:34 [38;5;015m[INFO]: [0mThis is a info message from thread 018-09-2026 00:29:34 [38;5;009m[ERROR]: [0mThis is a error message from thread 718-09-2026 00:29:34 [38;5;117m[DEBUG]: [0mThis is a debug message from thread 1418-09-2026 00:29:34 [38;5;009m[ERROR]: [0mThis is a error message from thread 2618-09-2026 00:29:34 [38;5;015m[INFO]: [0mThis is a info message from thread 1218-09-2026 00:29:34 [38;5;117m[DEBUG]: [0mThis is a debug message from thread 218-09-2026 00:29:34 [38;5;117m[DEBUG]: [0mThis is a debug message from thread 2818-09-2026 00:29:34 [38;5;009m[ERROR]: [0mThis is a error message from thread 2918-09-2026 00:29:34 [38;5;015m[INFO]: [0mThis is a info message from thread 318-09-2026 00:29:34 [38;5;015m[INFO]: [0mThis is a info message from thread 1618-09-2026 00:29:34 [38;5;117m[DEBUG]: [0mThis is a debug message from thread 718-09-2026 00:29:34 [38;5;009m[ERROR]: [0mThis is a error message from thread 2518-09-2026 00:29:34 [38;5;015m[INFO]: [0mThis is a info message from thread 118-09-2026 00:29:34 [38;5;009m[ERROR]: [0mThis is a error message from thread 018-09-2026 00:29:34 [38;5;117m[DEBUG]: [0mThis is a debug message from thread 2118-09-2026 00:29:34 [38;5;117m[DEBUG]: [0mThis is a debug message from thread 1718-09-2026 00:29:34 [38;5;117m[DEBUG]: [0mThis is a debug message from thread 1818-09-2026 00:29:34 [38;5;117m[DEBUG]: [0mThis is a debug message from thread 1318-09-2026 00:29:34 [38;5;015m[INFO]: [0mThis is a info message from thread 2118-09-2026 00:29:34 [38;5;015m[INFO]: [0mThis is a info message from thread 2818-09-2026 00:29:34 [38;5;117m[DEBUG]: [0mThis is a debug message from thread 2518-09-2026 00:29:34 [38;5;015m[INFO]: [0mThis is a info message from thread 1018-09-2026 00:29:34 [38;5;009m[ERROR]: [0mThis is a error message from thread 1618-09-2026 00:29:34 [38;5;009m[ERROR]: [0mThis is a error message from thread 2718-09-2026 00:29:34 [38;5;015m[INFO]: [0mThis is a info message from thread 418-09-2026 00:29:34 [38;5;117m[DEBUG]: [0mThis is a debug message from thread 2218-09-2026 00:29:34 [38;5;009m[ERROR]: [0mThis is a error message from thread 2118-09-2026 00:29:34 [38;5;117m[DEBUG]: [0mThis is a debug message from thread 2618-09-2026 00:29:34 [38;5;009m[ERROR]: [0mThis is a error message from thread 418-09-2026 00:29:34 [38;5;117m[DEBUG]: [0mThis is a debug message from thread 1618-09-2026 00:29:34 [38;5;117m[DEBUG]: [0mThis is a debug message from thread 018-09-2026 00:29:34 [38;5;009m[ERROR]: [0mThis is a error message from thread 1218-09-2026 00:29:34 [38;5;117m[DEBUG]: [0mThis is a debug message from thread 1918-09-2026 00:29:34 [38;5;015m[INFO]: [0mThis is a info message from thread 1418-09-2026 00:29:34 [38;5;009m[ERROR]: [0mThis is a error message from thread 1418-09-2026 00:29:34 [38;5;015m[INFO]: [0mThis is a info message from thread 1918-09-2026 00:29:34 [38;5;015m[INFO]: [0mThis is a info message from thread 1718-09-2026 00:29:34 [38;5;117m[DEBUG]: [0mThis is a debug message from thread 1218-09-2026 00:29:34 [38;5;117m[DEBUG]: [0mThis is a debug message from thread 2418-09-2026 00:29:34 [38;5;117m[DEBUG]: [0mThis is a debug message from thread 2018-09-2026 00:29:34 [38;5;015m[INFO]: [0mThis is a info message from thread 2418-09-2026 00:29:34 [38;5;117m[DEBUG]: [0mThis is a debug message from thread 418-09-2026 00:29:34 [38;5;009m[ERROR]: [0mThis is a error message from thread 618-09-2026 00:29:34 [38;5;009m[ERROR]: [0mThis is a error message from thread 318-09-2026 00:29:34 [38;5;015m[INFO]: [0mThis is a info message from thread 918-09-2026 00:29:34 [38;5;015m[INFO]: [0mThis is a info message from thread 218-09-2026 00:29:34 [38;5;009m[ERROR]: [0mThis is a error message from thread 1718-09-2026 00:29:34 [38;5;015m[INFO]: [0mThis is a info message from thread 2518-09-2026 00:29:34 [38;5;009m[ERROR]: [0mThis is a error message from thread 2418-09-2026 00:29:34 [38;5;009m[ERROR]: [0mThis is a error message from thread 118-09-2026 00:29:34 [38;5;117m[DEBUG]: [0mThis is a debug message from thread 618-09-2026 00:29:34 [38;5;009m[ERROR]: [0mThis is a error message from thread 2518-09-2026 00:29:34 [38;5;015m[INFO]: [0mThis is a info message from thread 418-09-2026 00:29:34 [38;5;015m[INFO]: [0mThis is a info message from thread 618-09-2026 00:29:34 [38;5;009m[ERROR]: [0mThis is a error message from thread 418-09-2026 00:29:34 [38;5;009m[ERROR]: [0mThis is a error message from thread 218-09-2026 00:29:34 [38;5;117m[DEBUG]: [0mThis is a debug message from thread 818-09-2026 00:29:34 [38;5;117m[DEBUG]: [0mThis is a debug message from thread 2118-09-2026 00:29:34 [38;5;015m[INFO]: [0mThis is a info message from thread 718-09-2026 00:29:34 [38;5;117m[DEBUG]: [0mThis is a debug message from thread 1718-09-2026 00:29:34 [38;5;117m[DEBUG]: [0mThis is a debug message from thread 1418-09-2026 00:29:34 [38;5;117m[DEBUG]: [0mThis is a debug message from thread 418-09-2026 00:29:34 [38;5;015m[INFO]: [0mThis is a info message from thread 2218-09-2026 00:29:34 [38;5;117m[DEBUG]: [0mThis is a debug message from thread 218-09-2026 00:29:34 [38;5;015m[INFO]: [0mThis is a info message from thread 2318-09-2026 00:29:34 [38;5;117m[DEBUG]: [0mThis is a debug message from thread 2918-09-2026 00:29:34 [38;5;009m[ERROR]: [0mThis is a error message from thread 2218-09-2026 00:29:34 [38;5;015m[INFO]: [0mThis is a info message from thread 1818-09-2026 00:29:34 [38;5;009m[ERROR]: [0mThis is a error message from thread 918-09-2026 00:29:34 [38;5;015m[INFO]: [0mThis is a info message from thread 218-09-2026 00:29:34 [38;5;117m[DEBUG]: [0mThis is a debug message from thread 2418-09-2026 00:29:34 [38;5;015m[INFO]: [0mThis is a info message from thread 2118-09-2026 00:29:34 [38;5;117m[DEBUG]: [0mThis is a debug message from thread 118-09-2026 00:29:34 [38;5;015m[INFO]: [0mThis is a info message from thread 1318-09-2026 00:29:34 [38;5;117m[DEBUG]: [0mThis is a debug message from thread 2718-09-2026 00:29:34 [38;5;015m[INFO]: [0mThis is a info message from thread 418-09-2026 00:29:34 [38;5;009m[ERROR]: [0mThis is a error message from thread 2318-09-2026 00:29:34 [38;5;117m[DEBUG]: [0mThis is a debug message from thread 318-09-2026 00:29:34 [38;5;009m[ERROR]: [0mThis is a error message from thread 2118-09-2026 00:29:34 [38;5;009m[ERROR]: [0mThis is a error message from thread 1318-09-2026 00:29:34 [38;5;015m[INFO]: [0mThis is a info message from thread 018-09-2026 00:29:34 [38;5;015m[INFO]: [0mThis is a info message from thread 818-09-2026 00:29:34 [38;5;117m[DEBUG]: [0mThis is a debug message from thread 2518-09-2026 00:29:34 [38;5;009m[ERROR]: [0mThis is a error message from thread 018-09-2026 00:29:34 [38;5;009m[ERROR]: [0mThis is a error message from thread 618-09-2026 00:29:34 [38;5;015m[INFO]: [0mThis is a info message from thread 2918-09-2026 00:29:34 [38;5;117m[DEBUG]: [0mThis is a debug message from thread 1318-09-2026 00:29:34 [38;5;009m[ERROR]: [0mThis is a error message from thread 818-09-2026 00:29:34 [38;5;009m[ERROR]: [0mThis is a error message from thread 218-09-2026 00:29:34 [38;5;015m[INFO]: [0mThis is a info message from thread 1718-09-2026 00:29:34 [38;5;015m[INFO]: [0mThis is a info message from thread 2618-09-2026 00:29:34 [38;5;117m[DEBUG]: [0mThis is a debug message from thread 618-09-2026 00:29:34 [38;5;009m[ERROR]: [0mThis is a error message from thread 2918-09-2026 00:29:34 [38;5;015m[INFO]: [0mThis is a info message from thread 2018-09-2026 00:29:34 [38;5;117m[DEBUG]: [0mThis is a debug message from thread 2918-09-2026 00:29:34 [38;5;117m[DEBUG]: [0mThis is a debug message from thread 218-09-2026 00:29:34 [38;5;117m[DEBUG]: [0mThis is a debug message from thread 818-09-2026 00:29:34 [38;5;015m[INFO]: [0mThis is a info message from thread 2918-09-2026 00:29:34 [38;5;117m[DEBUG]: [0mThis is a debug message from thread 2118-09-2026 00:29:34 [38;5;015m[INFO]: [0mThis is a info message from thread 1318-09-2026 00:29:34 [38;5;015m[INFO]: [0mThis is a info message from thread 218-09-2026 00:29:34 [38;5;015m[INFO]: [0mThis is a info message from thread 1418-09-2026 00:29:34 [38;5;009m[ERROR]: [0mThis is a error message from thread 2918-09-2026 00:29:34 [38;5;009m[ERROR]: [0mThis is a error message from thread 218-09-2026 00:29:34 [38;5;015m[INFO]: [0mThis is a info message from thread 2518-09-2026 00:29:34 [38;5;009m[ERROR]: [0mThis is a error message from thread 2518-09-2026 00:29:34 [38;5;117m[DEBUG]: [0mThis is a debug message from thread 218-09-2026 00:29:34 [38;5;009m[ERROR]: [0mThis is a error message from thread 2018-09-2026 00:29:34 [38;5;015m[INFO]: [0mThis is a info message from thread 218-09-2026 00:29:34 [38;5;117m[DEBUG]: [0mThis is a debug message from thread 2218-09-2026 00:29:34 [38;5;009m[ERROR]: [0mThis is a error message from thread 1718-09-2026 00:29:34 [38;5;009m[ERROR]: [0mThis is a error message from thread 1418-09-2026 00:29:34 [38;5;117m[DEBUG]: [0mThis is a debug message from thread 2018-09-2026 00:29:34 [38;5;009m[ERROR]: [0mThis is a error message from thread 218-09-2026 00:29:34 [38;5;015m[INFO]: [0mThis is a info message from thread 118-09-2026 00:29:34 [38;5;015m[INFO]: [0mThis is a info message from thread 518-09-2026 00:29:34 [38;5;009m[ERROR]: [0mThis is a error message from thread 718-09-2026 00:29:34 [38;5;117m[DEBUG]: [0mThis is a debug message from thread 2318-09-2026 00:29:34 [38;5;009m[ERROR]: [0mThis is a error message from thread 518-09-2026 00:29:34 [38;5;117m[DEBUG]: [0mThis is a debug message from thread 918-09-2026 00:29:34 [38;5;015m[INFO]: [0mThis is a info message from thread 2118-09-2026 00:29:34 [38;5;015m[INFO]: [0mThis is a info message from thread 1618-09-2026 00:29:34 [38;5;015m[INFO]: [0mThis is a info message from thread 2318-09-2026 00:29:34 [38;5;015m[INFO]: [0mThis is a info message from thread 918-09-2026 00:29:34 [38;5;009m[ERROR]: [0mThis is a error message from thread 1918-09-2026 00:29:34 [38;5;117m[DEBUG]: [0mThis is a debug message from thread 018-09-2026 00:29:34 [38;5;009m[ERROR]: [0mThis is a error message from thread 2118-09-2026 00:29:34 [38;5;009m[ERROR]: [0mThis is a error message from thread 918-09-2026 00:29:34 [38;5;117m[DEBUG]: [0mThis is a debug message from thread 2918-09-2026 00:29:34 [38;5;009m[ERROR]: [0mThis is a error message from thread 418-09-2026 00:29:34 [38;5;117m[DEBUG]: [0mThis is a debug message from thread 218-09-2026 00:29:34 [38;5;015m[INFO]: [0mThis is a info message from thread 1218-09-2026 00:29:34 [38;5;117m[DEBUG]: [0mThis is a debug message from thread 1718-09-2026 00:29:34 [38;5;117m[DEBUG]: [0mThis is a debug message from thread 2518-09-2026 00:29:34 [38;5;117m[DEBUG]: [0mThis is a debug message from thread 1118-09-2026 00:29:34 [38;5;117m[DEBUG]: [0mThis is a debug message from thread 1518-09-2026 00:29:34 [38;5;117m[DEBUG]: [0mThis is a debug message from thread 1918-09-2026 00:29:34 [38;5;015m[INFO]: [0mThis is a info message from thread 1118-09-2026 00:29:34 [38;5;117m[DEBUG]: [0mThis is a debug message from thread 918-09-2026 00:29:34 [38;5;015m[INFO]: [0mThis is a info message from thread 218-09-2026 00:29:34 [38;5;009m[ERROR]: [0mThis is a error message from thread 1318-09-2026 00:29:34 [38;5;117m[DEBUG]: [0mThis is a debug message from thread 2118-09-2026 00:29:34 [38;5;015m[INFO]: [0mThis is a info message from thread 1518-09-2026 00:29:34 [38;5;015m[INFO]: [0mThis is a info message from thread 918-09-2026 00:29:34 [38;5;015m[INFO]: [0mThis is a info message from thread 2918-09-2026 00:29:34 [38;5;015m[INFO]: [0mThis is a info message from thread 1718-09-2026 00:29:34 [38;5;015m[INFO]: [0mThis is a info message from thread 318-09-2026 00:29:34 [38;5;117m[DEBUG]: [0mThis is a debug message from thread 1418-09-2026 00:29:34 [38;5;009m[ERROR]: [0mThis is a error message from thread 1518-09-2026 00:29:34 [38;5;009m[ERROR]: [0mThis is a error message from thread 2318-09-2026 00:29:34 [38;5;009m[ERROR]: [0mThis is a error message from thread 1118-09-2026 00:29:34 [38;5;009m[ERROR]: [0mThis is a error message from thread 118-09-2026 00:29:34 [38;5;009m[ERROR]: [0mThis is a error message from thread 1718-09-2026 00:29:34 [38;5;009m[ERROR]: [0mThis is a error message from thread 918-09-2026 00:29:34 [38;5;015m[INFO]: [0mThis is a info message from thread 2118-09-2026 00:29:34 [38;5;015m[INFO]: [0mThis is a info message from thread 2218-09-2026 00:29:34 [38;5;117m[DEBUG]: [0mThis is a debug message from thread 118-09-2026 00:29:34 [38;5;117m[DEBUG]: [0mThis is a debug message from thread 1518-09-2026 00:29:34 [38;5;015m[INFO]: [0mThis is a info message from thread 2018-09-2026 00:29:34 [38;5;015m[INFO]: [0mThis is a info message from thread 118-09-2026 00:29:34 [38;5;009m[ERROR]: [0mThis is a error message from thread 2218-09-2026 00:29:34 [38;5;009m[ERROR]: [0mThis is a error message from thread 1018-09-2026 00:29:34 [38;5;015m[INFO]: [0mThis is a info message from thread 618-09-2026 00:29:34 [38;5;009m[ERROR]: [0mThis is a error message from thread 1618-09-2026 00:29:34 [38;5;015m[INFO]: [0mThis is a info message from thread 2518-09-2026 00:29:34 [38;5;009m[ERROR]: [0mThis is a error message from thread 2118-09-2026 00:29:34 [38;5;009m[ERROR]: [0mThis is a error message from thread 1818-09-2026 00:29:34 [38;5;015m[INFO]: [0mThis is a info message from thread 1418-09-2026 00:29:34 [38;5;117m[DEBUG]: [0mThis is a debug message from thread 1818-09-2026 00:29:34 [38;5;009m[ERROR]: [0mThis is a error message from thread 118-09-2026 00:29:34 [38;5;009m[ERROR]: [0mThis is a error message from thread 1418-09-2026 00:29:34 [38;5;117m[DEBUG]: [0mThis is a debug message from thread 1318-09-2026 00:29:34 [38;5;117m[DEBUG]: [0mThis is a debug message from thread 2218-09-2026 00:29:34 [38;5;009m[ERROR]: [0mThis is a error message from thread 2018-09-2026 00:29:34 [38;5;009m[ERROR]: [0mThis is a error message from thread 1218-09-2026 00:29:34 [38;5;117m[DEBUG]: [0mThis is a debug message from thread 2118-09-2026 00:29:34 [38;5;117m[DEBUG]: [0mThis is a debug message from thread 1018-09-2026 00:29:34 [38;5;015m[INFO]: [0mThis is a info message from thread 1818-09-2026 00:29:34 [38;5;015m[INFO]: [0mThis is a info message from thread 2218-09-2026 00:29:34 [38;5;015m[INFO]: [0mThis is a info message from thread 1518-09-2026 00:29:34 [38;5;117m[DEBUG]: [0mThis is a debug message from thread 1718-09-2026 00:29:34 [38;5;015m[INFO]: [0mThis is a info message from thread 1718-09-2026 00:29:34 [38;5;009m[ERROR]: [0mThis is a error message from thread 1718-09-2026 00:29:34 [38;5;117m[DEBUG]: [0mThis is a debug message from thread 1418-09-2026 00:29:34 [38;5;009m[ERROR]: [0mThis is a error message from thread 2218-09-2026 00:29:34 [38;5;117m[DEBUG]: [0mThis is a debug message from thread 1718-09-2026 00:29:34 [38;5;117m[DEBUG]: [0mThis is a debug message from thread 118-09-2026 00:29:34 [38;5;015m[INFO]: [0mThis is a info message from thread 118-09-2026 00:29:34 [38;5;009m[ERROR]: [0mThis is a error message from thread 1518-09-2026 00:29:34 [38;5;015m[INFO]: [0mThis is a info message from thread 2418-09-2026 00:29:34 [38;5;015m[INFO]: [0mThis is a info message from thread 1718-09-2026 00:29:34 [38;5;015m[INFO]: [0mThis is a info message from thread 1418-09-2026 00:29:34 [38;5;015m[INFO]: [0mThis is a info message from thread 1018-09-2026 00:29:34 [38;5;117m[DEBUG]: [0mThis is a debug message from thread 2318-09-2026 00:29:34 [38;5;009m[ERROR]: [0mThis is a error message from thread 118-09-2026 00:29:34 [38;5;009m[ERROR]: [0mThis is a error message from thread 1818-09-2026 00:29:34 [38;5;009m[ERROR]: [0mThis is a error message from thread 2418-09-2026 00:29:34 [38;5;117m[DEBUG]: [0mThis is a debug message from thread 118-09-2026 00:29:34 [38;5;015m[INFO]: [0mThis is a info message from thread 018-09-2026 00:29:34 [38;5;009m[ERROR]: [0mThis is a error message from thread 018-09-2026 00:29:34 [38;5;117m[DEBUG]: [0mThis is a debug message from thread 1818-09-2026 00:29:34 [38;5;015m[INFO]: [0mThis is a info message from thread 118-09-2026 00:29:34 [38;5;009m[ERROR]: [0mThis is a error message from thread 2618-09-2026 00:29:34 [38;5;015m[INFO]: [0mThis is a info message from thread 1818-09-2026 00:29:34 [38;5;117m[DEBUG]: [0mThis is a debug message from thread 2418-09-2026 00:29:34 [38;5;009m[ERROR]: [0mThis is a error message from thread 118-09-2026 00:29:34 [38;5;117m[DEBUG]: [0mThis is a debug message from thread 918-09-2026 00:29:34 [38;5;117m[DEBUG]: [0mThis is a debug message from thread 1118-09-2026 00:29:34 [38;5;009m[ERROR]: [0mThis is a error message from thread 318-09-2026 00:29:34 [38;5;015m[INFO]: [0mThis is a info message from thread 2418-09-2026 00:29:34 [38;5;015m[INFO]: [0mThis is a info message from thread 1118-09-2026 00:29:34 [38;5;015m[INFO]: [0mThis is a info message from thread 918-09-2026 00:29:34 [38;5;009m[ERROR]: [0mThis is a error message from thread 1818-09-2026 00:29:34 [38;5;117m[DEBUG]: [0mThis is a debug message from thread 1818-09-2026 00:29:34 [38;5;009m[ERROR]: [0mThis is a error message from thread 1418-09-2026 00:29:34 [38;5;117m[DEBUG]: [0mThis is a debug message from thread 2218-09-2026 00:29:34 [38;5;009m[ERROR]: [0mThis is a error message from thread 2518-09-2026 00:29:34 [38;5;117m[DEBUG]: [0mThis is a debug message from thread 2618-09-2026 00:29:34 [38;5;015m[INFO]: [0mThis is a info message from thread 1818-09-2026 00:29:34 [38;5;009m[ERROR]: [0mThis is a error message from thread 1118-09-2026 00:29:34 [38;5;117m[DEBUG]: [0mThis is a debug message from thread 1518-09-2026 00:29:34 [38;5;015m[INFO]: [0mThis is a info message from thread 1918-09-2026 00:29:34 [38;5;009m[ERROR]: [0mThis is a error message from thread 1818-09-2026 00:29:34 [38;5;117m[DEBUG]: [0mThis is a debug message from thread 318-09-2026 00:29:34 [38;5;015m[INFO]: [0mThis is a info message from thread 318-09-2026 00:29:34 [38;5;117m[DEBUG]: [0mThis is a debug message from thread 1118-09-2026 00:29:34 [38;5;015m[INFO]: [0mThis is a info message from thread 2118-09-2026 00:29:34 [38;5;015m[INFO]: [0mThis is a info message from thread 2218-09-2026 00:29:34 [38;5;009m[ERROR]: [0mThis is a error message from thread 918-09-2026 00:29:34 [38;5;009m[ERROR]: [0mThis is a error message from thread 1018-09-2026 00:29:34 [38;5;015m[INFO]: [0mThis is a info message from thread 818-09-2026 00:29:34 [38;5;117m[DEBUG]: [0mThis is a debug message from thread 518-09-2026 00:29:34 [38;5;015m[INFO]: [0mThis is a info message from thread 2718-09-2026 00:29:34 [38;5;009m[ERROR]: [0mThis is a error message from thread 1718-09-2026 00:29:34 [38;5;009m[ERROR]: [0mThis is a error message from thread 218-09-2026 00:29:34 [38;5;117m[DEBUG]: [0mThis is a debug message from thread 918-09-2026 00:29:34 [38;5;117m[DEBUG]: [0mThis is a debug message from thread 1718-09-2026 00:29:34 [38;5;015m[INFO]: [0mThis is a info message from thread 518-09-2026 00:29:34 [38;5;117m[DEBUG]: [0mThis is a debug message from thread 118-09-2026 00:29:34 [38;5;009m[ERROR]: [0mThis is a error message from thread 318-09-2026 00:29:34 [38;5;009m[ERROR]: [0mThis is a error message from thread 2718-09-2026 00:29:34 [38;5;117m[DEBUG]: [0mThis is a debug message from thread 2018-09-2026 00:29:34 [38;5;015m[INFO]: [0mThis is a info message from thread 1318-09-2026 00:29:34 [38;5;117m[DEBUG]: [0mThis is a debug message from thread 218-09-2026 00:29:34 [38;5;117m[DEBUG]: [0mThis is a debug message from thread 318-09-2026 00:29:34 [38;5;009m[ERROR]: [0mThis is a error message from thread 2818-09-2026 00:29:34 [38;5;117m[DEBUG]: [0mThis is a debug message from thread 2718-09-2026 00:29:34 [38;5;015m[INFO]: [0mThis is a info message from thread 2018-09-2026 00:29:34 [38;5;009m[ERROR]: [0mThis is a error message from thread 518-09-2026 00:29:34 [38;5;009m[ERROR]: [0mThis is a error message from thread 1318-09-2026 00:29:34 [38;5;015m[INFO]: [0mThis is a info message from thread 318-09-2026 00:29:34 [38;5;117m[DEBUG]: [0mThis is a debug message from thread 018-09-2026 00:29:34 [38;5;117m[DEBUG]: [0mThis is a debug message from thread 2818-09-2026 00:29:34 [38;5;015m[INFO]: [0mThis is a info message from thread 2818-09-2026 00:29:34 [38;5;015m[INFO]: [0mThis is a info message from thread 018-09-2026 00:29:34 [38;5;009m[ERROR]: [0mThis is a error message from thread 2018-09-2026 00:29:34 [38;5;117m[DEBUG]: [0mThis is a debug message from thread 1218-09-2026 00:29:34 [38;5;117m[DEBUG]: [0mThis is a debug message from thread 1618-09-2026 00:29:34 [38;5;117m[DEBUG]: [0mThis is a debug message from thread 2018-09-2026 00:29:34 [38;5;117m[DEBUG]: [0mThis is a debug message from thread 2518-09-2026 00:29:34 [38;5;009m[ERROR]: [0mThis is a error message from thread 2818-09-2026 00:29:34 [38;5;009m[ERROR]: [0mThis is a error message from thread 2418-09-2026 00:29:34 [38;5;015m[INFO]: [0mThis is a info message from thread 2518-09-2026 00:29:34 [38;5;117m[DEBUG]: [0mThis is a debug message from thread 2418-09-2026 00:29:34 [38;5;117m[DEBUG]: [0mThis is a debug message from thread 718-09-2026 00:29:34 [38;5;015m[INFO]: [0mThis is a info message from thread 1718-09-2026 00:29:34 [38;5;015m[INFO]: [0mThis is a info message from thread 2018-09-2026 00:29:34 [38;5;015m[INFO]: [0mThis is a info message from thread 1618-09-2026 00:29:34 [38;5;015m[INFO]: [0mThis is a info message from thread 2418-09-2026 00:29:34 [38;5;009m[ERROR]: [0mThis is a error message from thread 1718-09-2026 00:29:34 [38;5;015m[INFO]: [0mThis is a info message from thread 1518-09-2026 00:29:34 [38;5;009m[ERROR]: [0mThis is a error message from thread 2418-09-2026 00:29:34 [38;5;117m[DEBUG]: [0mThis is a debug message from thread 1718-09-2026 00:29:34 [38;5;015m[INFO]: [0mThis is a info message from thread 218-09-2026 00:29:34 [38;5;117m[DEBUG]: [0mThis is a debug message from thread 2418-09-2026 00:29:34 [38;5;015m[INFO]: [0mThis is a info message from thread 1718-09-2026 00:29:34 [38;5;009m[ERROR]: [0mThis is a error message from thread 218-09-2026 00:29:34 [38;5;015m[INFO]: [0mThis is a info message from thread 2418-09-2026 00:29:34 [38;5;117m[DEBUG]: [0mThis is a debug message from thread 218-09-2026 00:29:34 [38;5;009m[ERROR]: [0mThis is a error message from thread 318-09-2026 00:29:34 [38;5;009m[ERROR]: [0mThis is a error message from thread 1718-09-2026 00:29:34 [38;5;117m[DEBUG]: [0mThis is a debug message from thread 318-09-2026 00:29:34 [38;5;015m[INFO]: [0mThis is a info message from thread 218-09-2026 00:29:34 [38;5;117m[DEBUG]: [0mThis is a debug message from thread 1718-09-2026 00:29:34 [38;5;117m[DEBUG]: [0mThis is a debug message from thread 1318-09-2026 00:29:34 [38;5;009m[ERROR]: [0mThis is a error message from thread 218-09-2026 00:29:34 [38;5;117m[DEBUG]: [0mThis is a debug message from thread 1818-09-2026 00:29:34 [38;5;015m[INFO]: [0mThis is a info message from thread 1218-09-2026 00:29:34 [38;5;015m[INFO]: [0mThis is a info message from thread 318-09-2026 00:29:34 [38;5;015m[INFO]: [0mThis is a info message from thread 1318-09-2026 00:29:34 [38;5;117m[DEBUG]: [0mThis is a debug message from thread 218-09-2026 00:29:34 [38;5;009m[ERROR]: [0mThis is a error message from thread 318-09-2026 00:29:34 [38;5;117m[DEBUG]: [0mThis is a debug message from thread 318-09-2026 00:29:34 [38;5;015m[INFO]: [0mThis is a info message from thread 318-09-2026 00:29:34 [38;5;015m[INFO]: [0mThis is a info message from thread 218-09-2026 00:29:34 [38;5;117m[DEBUG]: [0mThis is a debug message from thread 1418-09-2026 00:29:34 [38;5;009m[ERROR]: [0mThis is a error message from thread 2518-09-2026 00:29:34 [38;5;009m[ERROR]: [0mThis is a error message from thread 318-09-2026 00:29:34 [38;5;117m[DEBUG]: [0mThis is a debug message from thread 2518-09-2026 00:29:34 [38;5;117m[DEBUG]: [0mThis is a debug message from thread 318-09-2026 00:29:34 [38;5;117m[DEBUG]: [0mThis is a debug message from thread 418-09-2026 00:29:34 [38;5;015m[INFO]: [0mThis is a info message from thread 2518-09-2026 00:29:34 [38;5;015m[INFO]: [0mThis is a info message from thread 1118-09-2026 00:29:34 [38;5;009m[ERROR]: [0mThis is a error message from thread 1218-09-2026 00:29:34 [38;5;015m[INFO]: [0mThis is a info message from thread 2318-09-2026 00:29:34 [38;5;015m[INFO]: [0mThis is a info message from thread 1818-09-2026 00:29:34 [38;5;009m[ERROR]: [0mThis is a error message from thread 1118-09-2026 00:29:34 [38;5;009m[ERROR]: [0mThis is a error message from thread 1518-09-2026 00:29:34 [38;5;015m[INFO]: [0mThis is a info message from thread 118-09-2026 00:29:34 [38;5;015m[INFO]: [0mThis is a info message from thread 2718-09-2026 00:29:34 [38;5;009m[ERROR]: [0mThis is a error message from thread 2918-09-2026 00:29:34 [38;5;009m[ERROR]: [0mThis is a error message from thread 2418-09-2026 00:29:34 [38;5;015m[INFO]: [0mThis is a info message from thread 718-09-2026 00:29:34 [38;5;009m[ERROR]: [0mThis is a error message from thread 1918-09-2026 00:29:34 [38;5;009m[ERROR]: [0mThis is a error message from thread 2318-09-2026 00:29:34 [38;5;015m[INFO]: [0mThis is a info message from thread 318-09-2026 00:29:34 [38;5;009m[ERROR]: [0mThis is a error message from thread 218-09-2026 00:29:34 [38;5;117m[DEBUG]: [0mThis is a debug message from thread 2918-09-2026 00:29:34 [38;5;015m[INFO]: [0mThis is a info message from thread 1718-09-2026 00:29:34 [38;5;009m[ERROR]: [0mThis is a error message from thread 2218-09-2026 00:29:34 [38;5;009m[ERROR]: [0mThis is a error message from thread 618-09-2026 00:29:34 [38;5;015m[INFO]: [0mThis is a info message from thread 418-09-2026 00:29:34 [38;5;015m[INFO]: [0mThis is a info message from thread 2618-09-2026 00:29:34 [38;5;009m[ERROR]: [0mThis is a error message from thread 818-09-2026 00:29:34 [38;5;117m[DEBUG]: [0mThis is a debug message from thread 2818-09-2026 00:29:34 [38;5;117m[DEBUG]: [0mThis is a debug message from thread 1518-09-2026 00:29:34 [38;5;009m[ERROR]: [0mThis is a error message from thread 2718-09-2026 00:29:34 [38;5;117m[DEBUG]: [0mThis is a debug message from thread 1018-09-2026 00:29:34 [38;5;009m[ERROR]: [0mThis is a error message from thread 718-09-2026 00:29:34 [38;5;009m[ERROR]: [0mThis is a error message from thread 1618-09-2026 00:29:34 [38;5;009m[ERROR]: [0mThis is a error message from thread 2018-09-2026 00:29:34 [38;5;117m[DEBUG]: [0mThis is a debug message from thread 1918-09-2026 00:29:34 [38;5;117m[DEBUG]: [0mThis is a debug message from thread 218-09-2026 00:29:34 [38;5;009m[ERROR]: [0mThis is a error message from thread 2118-09-2026 00:29:34 [38;5;009m[ERROR]: [0mThis is a error message from thread 118-09-2026 00:29:34 [38;5;117m[DEBUG]: [0mThis is a debug message from thread 2318-09-2026 00:29:34 [38;5;009m[ERROR]: [0mThis is a error message from thread 318-09-2026 00:29:34 [38;5;117m[DEBUG]: [0mThis is a debug message from thread 2118-09-2026 00:29:34 [38;5;015m[INFO]: [0mThis is a info message from thread 918-09-2026 00:29:34 [38;5;009m[ERROR]: [0mThis is a error message from thread 1318-09-2026 00:29:34 [38;5;015m[INFO]: [0mThis is a info message from thread 1918-09-2026 00:29:34 [38;5;009m[ERROR]: [0mThis is a error message from thread 918-09-2026 00:29:34 [38;5;117m[DEBUG]: [0mThis is a debug message from thread 118-09-2026 00:29:34 [38;5;117m[DEBUG]: [0mThis is a debug message from thread 2018-09-2026 00:29:34 [38;5;015m[INFO]: [0mThis is a info message from thread 218-09-2026 00:29:34 [38;5;015m[INFO]: [0mThis is a info message from thread 2118-09-2026 00:29:34 [38;5;015m[INFO]: [0mThis is a info message from thread 2018-09-2026 00:29:34 [38;5;009m[ERROR]: [0mThis is a error message from thread 2118-09-2026 00:29:34 [38;5;117m[DEBUG]: [0mThis is a debug message from thread 318-09-2026 00:29:34 [38;5;117m[DEBUG]: [0mThis is a debug message from thread 1218-09-2026 00:29:34 [38;5;009m[ERROR]: [0mThis is a error message from thread 2518-09-2026 00:29:34 [38;5;117m[DEBUG]: [0mThis is a debug message from thread 2218-09-2026 00:29:34 [38;5;117m[DEBUG]: [0mThis is a debug message from thread 918-09-2026 00:29:34 [38;5;009m[ERROR]: [0mThis is a error message from thread 1918-09-2026 00:29:34 [38;5;015m[INFO]: [0mThis is a info message from thread 118-09-2026 00:29:34 [38;5;009m[ERROR]: [0mThis is a error message from thread 1718-09-2026 00:29:34 [38;5;117m[DEBUG]: [0mThis is a debug message from thread 1318-09-2026 00:29:34 [38;5;117m[DEBUG]: [0mThis is a debug message from thread 1718-09-2026 00:29:34 [38;5;015m[INFO]: [0mThis is a info message from thread 1218-09-2026 00:29:34 [38;5;117m[DEBUG]: [0mThis is a debug message from thread 1118-09-2026 00:29:34 [38;5;009m[ERROR]: [0mThis is a error message from thread 118-09-2026 00:29:34 [38;5;009m[ERROR]: [0mThis is a error message from thread 2018-09-2026 00:29:34 [38;5;015m[INFO]: [0mThis is a info message from thread 1318-09-2026 00:29:34 [38;5;117m[DEBUG]: [0mThis is a debug message from thread 2518-09-2026 00:29:34 [38;5;015m[INFO]: [0mThis is a info message from thread 1418-09-2026 00:29:34 [38;5;015m[INFO]: [0mThis is a info message from thread 918-09-2026 00:29:34 [38;5;009m[ERROR]: [0mThis is a error message from thread 1218-09-2026 00:29:34 [38;5;015m[INFO]: [0mThis is a info message from thread 2218-09-2026 00:29:34 [38;5;015m[INFO]: [0mThis is a info message from thread 2818-09-2026 00:29:34 [38;5;117m[DEBUG]: [0mThis is a debug message from thread 2418-09-2026 00:29:34 [38;5;009m[ERROR]: [0mThis is a error message from thread 418-09-2026 00:29:34 [38;5;015m[INFO]: [0mThis is a info message from thread 2518-09-2026 00:29:34 [38;5;117m[DEBUG]: [0mThis is a debug message from thread 2018-09-2026 00:29:34 [38;5;015m[INFO]: [0mThis is a info message from thread 1518-09-2026 00:29:34 [38;5;015m[INFO]: [0mThis is a info message from thread 2018-09-2026 00:29:34 [38;5;015m[INFO]: [0mThis is a info message from thread 1018-09-2026 00:29:34 [38;5;117m[DEBUG]: [0mThis is a debug message from thread 418-09-2026 00:29:34 [38;5;015m[INFO]: [0mThis is a info message from thread 2918-09-2026 00:29:34 [38;5;009m[ERROR]: [0mThis is a error message from thread 1018-09-2026 00:29:34 [38;5;009m[ERROR]: [0mThis is a error message from thread 2018-09-2026 00:29:34 [38;5;015m[INFO]: [0mThis is a info message from thread 318-09-2026 00:29:34 [38;5;009m[ERROR]: [0mThis is a error message from thread 2518-09-2026 00:29:34 [38;5;009m[ERROR]: [0mThis is a error message from thread 2918-09-2026 00:29:34 [38;5;009m[ERROR]: [0mThis is a error message from thread 2818-09-2026 00:29:34 [38;5;117m[DEBUG]: [0mThis is a debug message from thread 1018-09-2026 00:29:34 [38;5;117m[DEBUG]: [0mThis is a debug message from thread 2918-09-2026 00:29:34 [38;5;009m[ERROR]: [0mThis is a error message from thread 1518-09-2026 00:29:34 [38;5;117m[DEBUG]: [0mThis is a debug message from thread 2518-09-2026 00:29:34 [38;5;015m[INFO]: [0mThis is a info message from thread 2418-09-2026 00:29:34 [38;5;015m[INFO]: [0mThis is a info message from thread 1718-09-2026 00:29:34 [38;5;009m[ERROR]: [0mThis is a error message from thread 918-09-2026 00:29:34 [38;5;009m[ERROR]: [0mThis is a error message from thread 318-09-2026 00:29:34 [38;5;015m[INFO]: [0mThis is a info message from thread 2918-09-2026 00:29:34 [38;5;117m[DEBUG]: [0mThis is a debug message from thread 2818-09-2026 00:29:34 [38;5;015m[INFO]: [0mThis is a info message from thread 2518-09-2026 00:29:34 [38;5;117m[DEBUG]: [0mThis is a debug message from thread 1518-09-2026 00:29:34 [38;5;117m[DEBUG]: [0mThis is a debug message from thread 918-09-2026 00:29:34 [38;5;009m[ERROR]: [0mThis is a error message from thread 2918-09-2026 00:29:34 [38;5;009m[ERROR]: [0mThis is a error message from thread 2518-09-2026 00:29:34 [38;5;009m[ERROR]: [0mThis is a error message from thread 1718-09-2026 00:29:34 [38;5;117m[DEBUG]: [0mThis is a debug message from thread 118-09-2026 00:29:34 [38;5;009m[ERROR]: [0mThis is a error message from thread 1318-09-2026 00:29:34 [38;5;015m[INFO]: [0mThis is a info message from thread 2818-09-2026 00:29:34 [38;5;009m[ERROR]: [0mThis is a error message from thread 2218-09-2026 00:29:34 [38;5;117m[DEBUG]: [0mThis is a debug message from thread 1918-09-2026 00:29:34 [38;5;009m[ERROR]: [0mThis is a error message from thread 2618-09-2026 00:29:34 [38;5;015m[INFO]: [0mThis is a info message from thread 1918-09-2026 00:29:34 [38;5;015m[INFO]: [0mThis is a info message from thread 1518-09-2026 00:29:34 [38;5;015m[INFO]: [0mThis is a info message from thread 1018-09-2026 00:29:34 [38;5;117m[DEBUG]: [0mThis is a debug message from thread 2118-09-2026 00:29:34 [38;5;117m[DEBUG]: [0mThis is a debug message from thread 818-09-2026 00:29:34 [38;5;117m[DEBUG]: [0mThis is a debug message from thread 2918-09-2026 00:29:34 [38;5;009m[ERROR]: [0mThis is a error message from thread 018-09-2026 00:29:34 [38;5;015m[INFO]: [0mThis is a info message from thread 2918-09-2026 00:29:34 [38;5;009m[ERROR]: [0mThis is a error message from thread 1018-09-2026 00:29:34 [38;5;015m[INFO]: [0mThis is a info message from thread 918-09-2026 00:29:34 [38;5;117m[DEBUG]: [0mThis is a debug message from thread 718-09-2026 00:29:34 [38;5;117m[DEBUG]: [0mThis is a debug message from thread 518-09-2026 00:29:34 [38;5;117m[DEBUG]: [0mThis is a debug message from thread 1718-09-2026 00:29:34 [38;5;015m[INFO]: [0mThis is a info message from thread 1718-09-2026 00:29:34 [38;5;117m[DEBUG]: [0mThis is a debug message from thread 318-09-2026 00:29:34 [38;5;015m[INFO]: [0mThis is a info message from thread 318-09-2026 00:29:34 [38;5;117m[DEBUG]: [0mThis is a debug message from thread 018-09-2026 00:29:34 [38;5;117m[DEBUG]: [0mThis is a debug message from thread 2018-09-2026 00:29:34 [38;5;009m[ERROR]: [0mThis is a error message from thread 2918-09-2026 00:29:34 [38;5;117m[DEBUG]: [0mThis is a debug message from thread 1018-09-2026 00:29:34 [38;5;015m[INFO]: [0mThis is a info message from thread 2018-09-2026 00:29:34 [38;5;117m[DEBUG]: [0mThis is a debug message from thread 2918-09-2026 00:29:34 [38;5;009m[ERROR]: [0mThis is a error message from thread 918-09-2026 00:29:34 [38;5;009m[ERROR]: [0mThis is a error message from thread 2018-09-2026 00:29:34 [38;5;015m[INFO]: [0mThis is a info message from thread 018-09-2026 00:29:34 [38;5;015m[INFO]: [0mThis is a info message from thread 518-09-2026 00:29:34 [38;5;015m[INFO]: [0mThis is a info message from thread 2918-09-2026 00:29:34 [38;5;117m[DEBUG]: [0mThis is a debug message from thread 2518-09-2026 00:29:34 [38;5;009m[ERROR]: [0mThis is a error message from thread 1918-09-2026 00:29:34 [38;5;117m[DEBUG]: [0mThis is a debug message from thread 2218-09-2026 00:29:34 [38;5;117m[DEBUG]: [0mThis is a debug message from thread 918-09-2026 00:29:34 [38;5;009m[ERROR]: [0mThis is a error message from thread 518-09-2026 00:29:34 [38;5;015m[INFO]: [0mThis is a info message from thread 718-09-2026 00:29:34 [38;5;015m[INFO]: [0mThis is a info message from thread 2218-09-2026 00:29:34 [38;5;015m[INFO]: [0mThis is a info message from thread 918-09-2026 00:29:34 [38;5;015m[INFO]: [0mThis is a info message from thread 1018-09-2026 00:29:34 [38;5;009m[ERROR]: [0mThis is a error message from thread 718-09-2026 00:29:34 [38;5;009m[ERROR]: [0mThis is a error message from thread 918-09-2026 00:29:34 [38;5;009m[ERROR]: [0mThis is a error message from thread 1018-09-2026 00:29:34 [38;5;117m[DEBUG]: [0mThis is a debug message from thread 718-09-2026 00:29:34 [38;5;117m[DEBUG]: [0mThis is a debug message from thread 918-09-2026 00:29:34 [38;5;117m[DEBUG]: [0mThis is a debug message from thread 1018-09-2026 00:29:34 [38;5;015m[INFO]: [0mThis is a info message from thread 718-09-2026 00:29:34 [38;5;015m[INFO]: [0mThis is a info message from thread 918-09-2026 00:29:34 [38;5;015m[INFO]: [0mThis is a info message from thread 1018-09-2026 00:29:34 [38;5;009m[ERROR]: [0mThis is a error message from thread 718-09-2026 00:29:34 [38;5;009m[ERROR]: [0mThis is a error message from thread 918-09-2026 00:29:34 [38;5;117m[DEBUG]: [0mThis is a debug message from thread 718-09-2026 00:29:34 [38;5;009m[ERROR]: [0mThis is a error message from thread 1018-09-2026 00:29:34 [38;5;117m[DEBUG]: [0mThis is a debug message from thread 918-09-2026 00:29:34 [38;5;117m[DEBUG]: [0mThis is a debug message from thread 2618-09-2026 00:29:34 [38;5;015m[INFO]: [0mThis is a info message from thread 1118-09-2026 00:29:34 [38;5;117m[DEBUG]: [0mThis is a debug message from thread 1018-09-2026 00:29:34 [38;5;015m[INFO]: [0mThis is a info message from thread 718-09-2026 00:29:34 [38;5;015m[INFO]: [0mThis is a info message from thread 2318-09-2026 00:29:34 [38;5;117m[DEBUG]: [0mThis is a debug message from thread 618-09-2026 00:29:34 [38;5;015m[INFO]: [0mThis is a info message from thread 1018-09-2026 00:29:34 [38;5;117m[DEBUG]: [0mThis is a debug message from thread 1618-09-2026 00:29:34 [38;5;015m[INFO]: [0mThis is a info message from thread 1618-09-2026 00:29:34 [38;5;009m[ERROR]: [0mThis is a error message from thread 1018-09-2026 00:29:34 [38;5;117m[DEBUG]: [0mThis is a debug message from thread 2718-09-2026 00:29:34 [38;5;015m[INFO]: [0mThis is a info message from thread 2118-09-2026 00:29:34 [38;5;117m[DEBUG]: [0mThis is a debug message from thread 1018-09-2026 00:29:34 [38;5;015m[INFO]: [0mThis is a info message from thread 418-09-2026 00:29:34 [38;5;015m[INFO]: [0mThis is a info message from thread 2718-09-2026 00:29:34 [38;5;009m[ERROR]: [0mThis is a error message from thread 018-09-2026 00:29:34 [38;5;009m[ERROR]: [0mThis is a error message from thread 218-09-2026 00:29:34 [38;5;009m[ERROR]: [0mThis is a error message from thread 2118-09-2026 00:29:34 [38;5;015m[INFO]: [0mThis is a info message from thread 2618-09-2026 00:29:34 [38;5;117m[DEBUG]: [0mThis is a debug message from thread 1918-09-2026 00:29:34 [38;5;009m[ERROR]: [0mThis is a error message from thread 2418-09-2026 00:29:34 [38;5;117m[DEBUG]: [0mThis is a debug message from thread 1318-09-2026 00:29:34 [38;5;009m[ERROR]: [0mThis is a error message from thread 2818-09-2026 00:29:34 [38;5;117m[DEBUG]: [0mThis is a debug message from thread 2118-09-2026 00:29:34 [38;5;009m[ERROR]: [0mThis is a error message from thread 1818-09-2026 00:29:34 [38;5;117m[DEBUG]: [0mThis is a debug message from thread 218-09-2026 00:29:34 [38;5;015m[INFO]: [0mThis is a info message from thread 918-09-2026 00:29:34 [38;5;009m[ERROR]: [0mThis is a error message from thread 1718-09-2026 00:29:34 [38;5;015m[INFO]: [0mThis is a info message from thread 818-09-2026 00:29:34 [38;5;015m[INFO]: [0mThis is a info message from thread 1318-09-2026 00:29:34 [38;5;009m[ERROR]: [0mThis is a error message from thread 2618-09-2026 00:29:34 [38;5;009m[ERROR]: [0mThis is a error message from thread 2218-09-2026 00:29:34 [38;5;117m[DEBUG]: [0mThis is a debug message from thread 2418-09-2026 00:29:34 [38;5;009m[ERROR]: [0mThis is a error message from thread 718-09-2026 00:29:34 [38;5;009m[ERROR]: [0mThis is a error message from thread 918-09-2026 00:29:34 [38;5;009m[ERROR]: [0mThis is a error message from thread 2718-09-2026 00:29:34 [38;5;009m[ERROR]: [0mThis is a error message from thread 2318-09-2026 00:29:34 [38;5;117m[DEBUG]: [0mThis is a debug message from thread 2818-09-2026 00:29:34 [38;5;015m[INFO]: [0mThis is a info message from thread 2118-09-2026 00:29:34 [38;5;009m[ERROR]: [0mThis is a error message from thread 318-09-2026 00:29:34 [38;5;009m[ERROR]: [0mThis is a error message from thread 1518-09-2026 00:29:34 [38;5;015m[INFO]: [0mThis is a info message from thread 1918-09-2026 00:29:34 [38;5;117m[DEBUG]: [0mThis is a debug message from thread 1518-09-2026 00:29:34 [38;5;009m[ERROR]: [0mThis is a error message from thread 1318-09-2026 00:29:34 [38;5;015m[INFO]: [0mThis is a info message from thread 618-09-2026 00:29:34 [38;5;117m[DEBUG]: [0mThis is a debug message from thread 918-09-2026 00:29:34 [38;5;009m[ERROR]: [0mThis is a error message from thread 818-09-2026 00:29:34 [38;5;009m[ERROR]: [0mThis is a error message from thread 1118-09-2026 00:29:34 [38;5;015m[INFO]: [0mThis is a info message from thread 118-09-2026 00:29:34 [38;5;009m[ERROR]: [0mThis is a error message from thread 118-09-2026 00:29:34 [38;5;117m[DEBUG]: [0mThis is a debug message from thread 118-09-2026 00:29:34 [38;5;015m[INFO]: [0mThis is a info message from thread 1518-09-2026 00:29:34 [38;5;009m[ERROR]: [0mThis is a error message from thread 2118-09-2026 00:29:34 [38;5;009m[ERROR]: [0mThis is a error message from thread 1518-09-2026 00:29:34 [38;5;117m[DEBUG]: [0mThis is a debug message from thread 2118-09-2026 00:29:34 [38;5;009m[ERROR]: [0mThis is a error message from thread 1618-09-2026 00:29:34 [38;5;009m[ERROR]: [0mThis is a error message from thread 618-09-2026 00:29:34 [38;5;117m[DEBUG]: [0mThis is a debug message from thread 518-09-2026 00:29:34 [38;5;015m[INFO]: [0mThis is a info message from thread 2418-09-2026 00:29:34 [38;5;015m[INFO]: [0mThis is a info message from thread 1018-09-2026 00:29:34 [38;5;117m[DEBUG]: [0mThis is a debug message from thread 2318-09-2026 00:29:34 [38;5;117m[DEBUG]: [0mThis is a debug message from thread 618-09-2026 00:29:34 [38;5;117m[DEBUG]: [0mThis is a debug message from thread 018-09-2026 00:29:34 [38;5;015m[INFO]: [0mThis is a info message from thread 2318-09-2026 00:29:34 [38;5;015m[INFO]: [0mThis is a info message from thread 618-09-2026 00:29:34 [38;5;015m[INFO]: [0mThis is a info message from thread 218-09-2026 00:29:34 [38;5;117m[DEBUG]: [0mThis is a debug message from thread 1818-09-2026 00:29:34 [38;5;117m[DEBUG]: [0mThis is a debug message from thread 1718-09-2026 00:29:34 [38;5;015m[INFO]: [0mThis is a info message from thread 2518-09-2026 00:29:34 [38;5;117m[DEBUG]: [0mThis is a debug message from thread 318-09-2026 00:29:34 [38;5;015m[INFO]: [0mThis is a info message from thread 2118-09-2026 00:29:34 [38;5;117m[DEBUG]: [0mThis is a debug message from thread 2718-09-2026 00:29:34 [38;5;015m[INFO]: [0mThis is a info message from thread 018-09-2026 00:29:34 [38;5;015m[INFO]: [0mThis is a info message from thread 118-09-2026 00:29:34 [38;5;009m[ERROR]: [0mThis is a error message from thread 1918-09-2026 00:29:34 [38;5;015m[INFO]: [0mThis is a info message from thread 1718-09-2026 00:29:34 [38;5;117m[DEBUG]: [0mThis is a debug message from thread 2018-09-2026 00:29:34 [38;5;015m[INFO]: [0mThis is a info message from thread 918-09-2026 00:29:34 [38;5;015m[INFO]: [0mThis is a info message from thread 1818-09-2026 00:29:34 [38;5;009m[ERROR]: [0mThis is a error message from thread 118-09-2026 00:29:34 [38;5;117m[DEBUG]: [0mThis is a debug message from thread 1218-09-2026 00:29:34 [38;5;117m[DEBUG]: [0mThis is a debug message from thread 1118-09-2026 00:29:34 [38;5;009m[ERROR]: [0mThis is a error message from thread 618-09-2026 00:29:34 [38;5;009m[ERROR]: [0mThis is a error message from thread 1018-09-2026 00:29:34 [38;5;009m[ERROR]: [0mThis is a error message from thread 2518-09-2026 00:29:34 [38;5;117m[DEBUG]: [0mThis is a debug message from thread 2218-09-2026 00:29:34 [38;5;009m[ERROR]: [0mThis is a error message from thread 918-09-2026 00:29:34 [38;5;117m[DEBUG]: [0mThis is a debug message from thread 1018-09-2026 00:29:34 [38;5;015m[INFO]: [0mThis is a info message from thread 318-09-2026 00:29:34 [38;5;117m[DEBUG]: [0mThis is a debug message from thread 918-09-2026 00:29:34 [38;5;117m[DEBUG]: [0mThis is a debug message from thread 1618-09-2026 00:29:34 [38;5;009m[ERROR]: [0mThis is a error message from thread 418-09-2026 00:29:34 [38;5;015m[INFO]: [0mThis is a info message from thread 2218-09-2026 00:29:34 [38;5;015m[INFO]: [0mThis is a info message from thread 1018-09-2026 00:29:34 [38;5;009m[ERROR]: [0mThis is a error message from thread 2918-09-2026 00:29:34 [38;5;009m[ERROR]: [0mThis is a error message from thread 018-09-2026 00:29:34 [38;5;015m[INFO]: [0mThis is a info message from thread 918-09-2026 00:29:34 [38;5;009m[ERROR]: [0mThis is a error message from thread 318-09-2026 00:29:34 [38;5;117m[DEBUG]: [0mThis is a debug message from thread 2618-09-2026 00:29:34 [38;5;117m[DEBUG]: [0mThis is a debug message from thread 2918-09-2026 00:29:34 [38;5;015m[INFO]: [0mThis is a info message from thread 2718-09-2026 00:29:34 [38;5;015m[INFO]: [0mThis is a info message from thread 2618-09-2026 00:29:34 [38;5;009m[ERROR]: [0mThis is a error message from thread 918-09-2026 00:29:34 [38;5;117m[DEBUG]: [0mThis is a debug message from thread 018-09-2026 00:29:34 [38;5;009m[ERROR]: [0mThis is a error message from thread 2118-09-2026 00:29:34 [38;5;117m[DEBUG]: [0mThis is a debug message from thread 1318-09-2026 00:29:34 [38;5;009m[ERROR]: [0mThis is a error message from thread 2418-09-2026 00:29:34 [38;5;009m[ERROR]: [0mThis is a error message from thread 1718-09-2026 00:29:34 [38;5;009m[ERROR]: [0mThis is a error message from thread 1018-09-2026 00:29:34 [38;5;117m[DEBUG]: [0mThis is a debug message from thread 2518-09-2026 00:29:34 [38;5;117m[DEBUG]: [0mThis is a debug message from thread 1718-09-2026 00:29:34 [38;5;117m[DEBUG]: [0mThis is a debug message from thread 618-09-2026 00:29:34 [38;5;009m[ERROR]: [0mThis is a error message from thread 1818-09-2026 00:29:34 [38;5;015m[INFO]: [0mThis is a info message from thread 1118-09-2026 00:29:34 [38;5;015m[INFO]: [0mThis is a info message from thread 518-09-2026 00:29:34 [38;5;117m[DEBUG]: [0mThis is a debug message from thread 1918-09-2026 00:29:34 [38;5;015m[INFO]: [0mThis is a info message from thread 2018-09-2026 00:29:34 [38;5;015m[INFO]: [0mThis is a info message from thread 2518-09-2026 00:29:34 [38;5;015m[INFO]: [0mThis is a info message from thread 018-09-2026 00:29:34 [38;5;117m[DEBUG]: [0mThis is a debug message from thread 2118-09-2026 00:29:34 [38;5;015m[INFO]: [0mThis is a info message from thread 1318-09-2026 00:29:34 [38;5;117m[DEBUG]: [0mThis is a debug message from thread 918-09-2026 00:29:34 [38;5;117m[DEBUG]: [0mThis is a debug message from thread 718-09-2026 00:29:34 [38;5;015m[INFO]: [0mThis is a info message from thread 2918-09-2026 00:29:34 [38;5;015m[INFO]: [0mThis is a info message from thread 1918-09-2026 00:29:34 [38;5;009m[ERROR]: [0mThis is a error message from thread 1918-09-2026 00:29:34 [38;5;117m[DEBUG]: [0mThis is a debug message from thread 1918-09-2026 00:29:34 [38;5;015m[INFO]: [0mThis is a info message from thread 1918-09-2026 00:29:34 [38;5;009m[ERROR]: [0mThis is a error message from thread 218-09-2026 00:29:34 [38;5;009m[ERROR]: [0mThis is a error message from thread 1918-09-2026 00:29:34 [38;5;009m[ERROR]: [0mThis is a error message from thread 1418-09-2026 00:29:34 [38;5;117m[DEBUG]: [0mThis is a debug message from thread 1518-09-2026 00:29:34 [38;5;117m[DEBUG]: [0mThis is a debug message from thread 1418-09-2026 00:29:34 [38;5;015m[INFO]: [0mThis is a info message from thread 1518-09-2026 00:29:34 [38;5;015m[INFO]: [0mThis is a info message from thread 1418-09-2026 00:29:34 [38;5;009m[ERROR]: [0mThis is a error message from thread 1518-09-2026 00:29:34 [38;5;009m[ERROR]: [0mThis is a error message from thread 1418-09-2026 00:29:34 [38;5;015m[INFO]: [0mThis is a info message from thread 1618-09-2026 00:29:34 [38;5;117m[DEBUG]: [0mThis is a debug message from thread 1418-09-2026 00:29:34 [38;5;009m[ERROR]: [0mThis is a error message from thread 2718-09-2026 00:29:34 [38;5;009m[ERROR]: [0mThis is a error message from thread 1618-09-2026 00:29:34 [38;5;117m[DEBUG]: [0mThis is a debug message from thread 2718-09-2026 00:29:34 [38;5;117m[DEBUG]: [0mThis is a debug message from thread 818-09-2026 00:29:34 [38;5;009m[ERROR]: [0mThis is a error message from thread 2518-09-2026 00:29:34 [38;5;015m[INFO]: [0mThis is a info message from thread 1418-09-2026 00:29:34 [38;5;015m[INFO]: [0mThis is a info message from thread 818-09-2026 00:29:34 [38;5;009m[ERROR]: [0mThis is a error message from thread 518-09-2026 00:29:34 [38;5;117m[DEBUG]: [0mThis is a debug message from thread 118-09-2026 00:29:34 [38;5;009m[ERROR]: [0mThis is a error message from thread 1418-09-2026 00:29:34 [38;5;117m[DEBUG]: [0mThis is a debug message from thread 518-09-2026 00:29:34 [38;5;015m[INFO]: [0mThis is a info message from thread 118-09-2026 00:29:34 [38;5;117m[DEBUG]: [0mThis is a debug message from thread 1418-09-2026 00:29:34 [38;5;015m[INFO]: [0mThis is a info message from thread 518-09-2026 00:29:34 [38;5;015m[INFO]: [0mThis is a info message from thread 1418-09-2026 00:29:34 [38;5;117m[DEBUG]: [0mThis is a debug message from thread 1818-09-2026 00:29:34 [38;5;009m[ERROR]: [0mThis is a error message from thread 118-09-2026 00:29:34 [38;5;009m[ERROR]: [0mThis is a error message from thread 2918-09-2026 00:29:34 [38;5;117m[DEBUG]: [0mThis is a debug message from thread 118-09-2026 00:29:34 [38;5;117m[DEBUG]: [0mThis is a debug message from thread 218-09-2026 00:29:34 [38;5;009m[ERROR]: [0mThis is a error message from thread 1418-09-2026 00:29:34 [38;5;117m[DEBUG]: [0mThis is a debug message from thread 2918-09-2026 00:29:34 [38;5;015m[INFO]: [0mThis is a info message from thread 118-09-2026 00:29:34 [38;5;009m[ERROR]: [0mThis is a error message from thread 2618-09-2026 00:29:34 [38;5;015m[INFO]: [0mThis is a info message from thread 2918-09-2026 00:29:34 [38;5;009m[ERROR]: [0mThis is a error message from thread 118-09-2026 00:29:34 [38;5;015m[INFO]: [0mThis is a info message from thread 1218-09-2026 00:29:34 [38;5;117m[DEBUG]: [0mThis is a debug message from thread 1418-09-2026 00:29:34 [38;5;015m[INFO]: [0mThis is a info message from thread 718-09-2026 00:29:34 [38;5;015m[INFO]: [0mThis is a info message from thread 2818-09-2026 00:29:34 [38;5;009m[ERROR]: [0mThis is a error message from thread 1118-09-2026 00:29:34 [38;5;015m[INFO]: [0mThis is a info message from thread 2718-09-2026 00:29:34 [38;5;009m[ERROR]: [0mThis is a error message from thread 1218-09-2026 00:29:34 [38;5;117m[DEBUG]: [0mThis is a debug message from thread 2518-09-2026 00:29:34 [38;5;009m[ERROR]: [0mThis is a error message from thread 718-09-2026 00:29:34 [38;5;009m[ERROR]: [0mThis is a error message from thread 2218-09-2026 00:29:34 [38;5;009m[ERROR]: [0mThis is a error message from thread 2018-09-2026 00:29:34 [38;5;117m[DEBUG]: [0mThis is a debug message from thread 1618-09-2026 00:29:34 [38;5;117m[DEBUG]: [0mThis is a debug message from thread 1118-09-2026 00:29:34 [38;5;009m[ERROR]: [0mThis is a error message from thread 018-09-2026 00:29:34 [38;5;009m[ERROR]: [0mThis is a error message from thread 818-09-2026 00:29:34 [38;5;015m[INFO]: [0mThis is a info message from thread 1618-09-2026 00:29:34 [38;5;117m[DEBUG]: [0mThis is a debug message from thread 818-09-2026 00:29:34 [38;5;009m[ERROR]: [0mThis is a error message from thread 1618-09-2026 00:29:34 [38;5;015m[INFO]: [0mThis is a info message from thread 1118-09-2026 00:29:34 [38;5;117m[DEBUG]: [0mThis is a debug message from thread 718-09-2026 00:29:34 [38;5;117m[DEBUG]: [0mThis is a debug message from thread 1018-09-2026 00:29:34 [38;5;015m[INFO]: [0mThis is a info message from thread 218-09-2026 00:29:34 [38;5;117m[DEBUG]: [0mThis is a debug message from thread 018-09-2026 00:29:34 [38;5;015m[INFO]: [0mThis is a info message from thread 1818-09-2026 00:29:34 [38;5;009m[ERROR]: [0mThis is a error message from thread 218-09-2026 00:29:34 [38;5;015m[INFO]: [0mThis is a info message from thread 018-09-2026 00:29:34 [38;5;009m[ERROR]: [0mThis is a error message from thread 1818-09-2026 00:29:34 [38;5;009m[ERROR]: [0mThis is a error message from thread 2318-09-2026 00:29:34 [38;5;009m[ERROR]: [0mThis is a error message from thread 2918-09-2026 00:29:34 [38;5;015m[INFO]: [0mThis is a info message from thread 1018-09-2026 00:29:34 [38;5;015m[INFO]: [0mThis is a info message from thread 918-09-2026 00:29:34 [38;5;015m[INFO]: [0mThis is a info message from thread 1718-09-2026 00:29:34 [38;5;117m[DEBUG]: [0mThis is a debug message from thread 2918-09-2026 00:29:34 [38;5;015m[INFO]: [0mThis is a info message from thread 2918-09-2026 00:29:34 [38;5;117m[DEBUG]: [0mThis is a debug message from thread 1518-09-2026 00:29:34 [38;5;009m[ERROR]: [0mThis is a error message from thread 1018-09-2026 00:29:34 [38;5;009m[ERROR]: [0mThis is a error message from thread 918-09-2026 00:29:34 [38;5;117m[DEBUG]: [0mThis is a debug message from thread 1018-09-2026 00:29:34 [38;5;117m[DEBUG]: [0mThis is a debug message from thread 2318-09-2026 00:29:34 [38;5;117m[DEBUG]: [0mThis is a debug message from thread 1818-09-2026 00:29:34 [38;5;117m[DEBUG]: [0mThis is a debug message from thread 918-09-2026 00:29:34 [38;5;009m[ERROR]: [0mThis is a error message from thread 2918-09-2026 00:29:34 [38;5;009m[ERROR]: [0mThis is a error message from thread 1718-09-2026 00:29:34 [38;5;009m[ERROR]: [0mThis is a error message from thread 018-09-2026 00:29:34 [38;5;015m[INFO]: [0mThis is a info message from thread 2318-09-2026 00:29:34 [38;5;117m[DEBUG]: [0mThis is a debug message from thread 118-09-2026 00:29:34 [38;5;015m[INFO]: [0mThis is a info message from thread 1818-09-2026 00:29:34 [38;5;117m[DEBUG]: [0mThis is a debug message from thread 2918-09-2026 00:29:34 [38;5;117m[DEBUG]: [0mThis is a debug message from thread 2218-09-2026 00:29:34 [38;5;117m[DEBUG]: [0mThis is a debug message from thread 018-09-2026 00:29:34 [38;5;117m[DEBUG]: [0mThis is a debug message from thread 2618-09-2026 00:29:34 [38;5;015m[INFO]: [0mThis is a info message from thread 118-09-2026 00:29:34 [38;5;009m[ERROR]: [0mThis is a error message from thread 2818-09-2026 00:29:34 [38;5;015m[INFO]: [0mThis is a info message from thread 2218-09-2026 00:29:34 [38;5;009m[ERROR]: [0mThis is a error message from thread 118-09-2026 00:29:34 [38;5;009m[ERROR]: [0mThis is a error message from thread 1818-09-2026 00:29:34 [38;5;015m[INFO]: [0mThis is a info message from thread 2618-09-2026 00:29:34 [38;5;009m[ERROR]: [0mThis is a error message from thread 2318-09-2026 00:29:34 [38;5;015m[INFO]: [0mThis is a info message from thread 018-09-2026 00:29:34 [38;5;117m[DEBUG]: [0mThis is a debug message from thread 1218-09-2026 00:29:34 [38;5;015m[INFO]: [0mThis is a info message from thread 2518-09-2026 00:29:34 [38;5;117m[DEBUG]: [0mThis is a debug message from thread 418-09-2026 00:29:34 [38;5;009m[ERROR]: [0mThis is a error message from thread 1318-09-2026 00:29:34 [38;5;015m[INFO]: [0mThis is a info message from thread 1518-09-2026 00:29:34 [38;5;015m[INFO]: [0mThis is a info message from thread 618-09-2026 00:29:34 [38;5;009m[ERROR]: [0mThis is a error message from thread 2618-09-2026 00:29:34 [38;5;009m[ERROR]: [0mThis is a error message from thread 518-09-2026 00:29:34 [38;5;117m[DEBUG]: [0mThis is a debug message from thread 2018-09-2026 00:29:34 [38;5;009m[ERROR]: [0mThis is a error message from thread 618-09-2026 00:29:34 [38;5;015m[INFO]: [0mThis is a info message from thread 818-09-2026 00:29:34 [38;5;015m[INFO]: [0mThis is a info message from thread 718-09-2026 00:29:34 [38;5;117m[DEBUG]: [0mThis is a debug message from thread 2318-09-2026 00:29:34 [38;5;009m[ERROR]: [0mThis is a error message from thread 2518-09-2026 00:29:34 [38;5;009m[ERROR]: [0mThis is a error message from thread 1118-09-2026 00:29:34 [38;5;117m[DEBUG]: [0mThis is a debug message from thread 1618-09-2026 00:29:34 [38;5;009m[ERROR]: [0mThis is a error message from thread 818-09-2026 00:29:34 [38;5;117m[DEBUG]: [0mThis is a debug message from thread 1318-09-2026 00:29:34 [38;5;009m[ERROR]: [0mThis is a error message from thread 718-09-2026 00:29:34 [38;5;015m[INFO]: [0mThis is a info message from thread 918-09-2026 00:29:34 [38;5;015m[INFO]: [0mThis is a info message from thread 1418-09-2026 00:29:34 [38;5;009m[ERROR]: [0mThis is a error message from thread 2718-09-2026 00:29:34 [38;5;015m[INFO]: [0mThis is a info message from thread 2018-09-2026 00:29:34 [38;5;015m[INFO]: [0mThis is a info message from thread 1618-09-2026 00:29:34 [38;5;015m[INFO]: [0mThis is a info message from thread 1318-09-2026 00:29:34 [38;5;117m[DEBUG]: [0mThis is a debug message from thread 718-09-2026 00:29:34 [38;5;015m[INFO]: [0mThis is a info message from thread 2318-09-2026 00:29:34 [38;5;009m[ERROR]: [0mThis is a error message from thread 1418-09-2026 00:29:34 [38;5;009m[ERROR]: [0mThis is a error message from thread 1618-09-2026 00:29:34 [38;5;015m[INFO]: [0mThis is a info message from thread 2118-09-2026 00:29:34 [38;5;117m[DEBUG]: [0mThis is a debug message from thread 2818-09-2026 00:29:34 [38;5;117m[DEBUG]: [0mThis is a debug message from thread 1418-09-2026 00:29:34 [38;5;009m[ERROR]: [0mThis is a error message from thread 1518-09-2026 00:29:34 [38;5;009m[ERROR]: [0mThis is a error message from thread 2018-09-2026 00:29:34 [38;5;117m[DEBUG]: [0mThis is a debug message from thread 218-09-2026 00:29:34 [38;5;117m[DEBUG]: [0mThis is a debug message from thread 1718-09-2026 00:29:34 [38;5;117m[DEBUG]: [0mThis is a debug message from thread 2618-09-2026 00:29:34 [38;5;117m[DEBUG]: [0mThis is a debug message from thread 2518-09-2026 00:29:34 [38;5;117m[DEBUG]: [0mThis is a debug message from thread 1618-09-2026 00:29:34 [38;5;009m[ERROR]: [0mThis is a error message from thread 1318-09-2026 00:29:34 [38;5;015m[INFO]: [0mThis is a info message from thread 718-09-2026 00:29:34 [38;5;117m[DEBUG]: [0mThis is a debug message from thread 518-09-2026 00:29:34 [38;5;117m[DEBUG]: [0mThis is a debug message from thread 118-09-2026 00:29:34 [38;5;015m[INFO]: [0mThis is a info message from thread 2518-09-2026 00:29:34 [38;5;117m[DEBUG]: [0mThis is a debug message from thread 2718-09-2026 00:29:34 [38;5;015m[INFO]: [0mThis is a info message from thread 1418-09-2026 00:29:34 [38;5;015m[INFO]: [0mThis is a info message from thread 2618-09-2026 00:29:34 [38;5;117m[DEBUG]: [0mThis is a debug message from thread 1918-09-2026 00:29:34 [38;5;009m[ERROR]: [0mThis is a error message from thread 718-09-2026 00:29:34 [38;5;015m[INFO]: [0mThis is a info message from thread 2918-09-2026 00:29:34 [38;5;117m[DEBUG]: [0mThis is a debug message from thread 818-09-2026 00:29:34 [38;5;009m[ERROR]: [0mThis is a error message from thread 2518-09-2026 00:29:34 [38;5;117m[DEBUG]: [0mThis is a debug message from thread 718-09-2026 00:29:34 [38;5;117m[DEBUG]: [0mThis is a debug message from thread 618-09-2026 00:29:34 [38;5;009m[ERROR]: [0mThis is a error message from thread 2318-09-2026 00:29:34 [38;5;117m[DEBUG]: [0mThis is a debug message from thread 2318-09-2026 00:29:34 [38;5;015m[INFO]: [0mThis is a info message from thread 718-09-2026 00:29:34 [38;5;009m[ERROR]: [0mThis is a error message from thread 2618-09-2026 00:29:34 [38;5;117m[DEBUG]: [0mThis is a debug message from thread 2518-09-2026 00:29:34 [38;5;117m[DEBUG]: [0mThis is a debug message from thread 1318-09-2026 00:29:34 [38;5;015m[INFO]: [0mThis is a info message from thread 618-09-2026 00:29:34 [38;5;015m[INFO]: [0mThis is a info message from thread 118-09-2026 00:29:34 [38;5;015m[INFO]: [0mThis is a info message from thread 1918-09-2026 00:29:34 [38;5;117m[DEBUG]: [0mThis is a debug message from thread 1518-09-2026 00:29:34 [38;5;009m[ERROR]: [0mThis is a error message from thread 118-09-2026 00:29:34 [38;5;015m[INFO]: [0mThis is a info message from thread 1518-09-2026 00:29:34 [38;5;015m[INFO]: [0mThis is a info message from thread 2518-09-2026 00:29:34 [38;5;009m[ERROR]: [0mThis is a error message from thread 718-09-2026 00:29:34 [38;5;009m[ERROR]: [0mThis is a error message from thread 1918-09-2026 00:29:34 [38;5;009m[ERROR]: [0mThis is a error message from thread 2518-09-2026 00:29:34 [38;5;015m[INFO]: [0mThis is a info message from thread 1318-09-2026 00:29:34 [38;5;015m[INFO]: [0mThis is a info message from thread 2818-09-2026 00:29:34 [38;5;009m[ERROR]: [0mThis is a error message from thread 918-09-2026 00:29:34 [38;5;015m[INFO]: [0mThis is a info message from thread 2718-09-2026 00:29:34 [38;5;117m[DEBUG]: [0mThis is a debug message from thread 718-09-2026 00:29:34 [38;5;009m[ERROR]: [0mThis is a error message from thread 1318-09-2026 00:29:34 [38;5;009m[ERROR]: [0mThis is a error message from thread 1518-09-2026 00:29:34 [38;5;117m[DEBUG]: [0mThis is a debug message from thread 1118-09-2026 00:29:34 [38;5;015m[INFO]: [0mThis is a info message from thread 718-09-2026 00:29:34 [38;5;015m[INFO]: [0mThis is a info message from thread 218-09-2026 00:29:34 [38;5;009m[ERROR]: [0mThis is a error message from thread 2118-09-2026 00:29:34 [38;5;015m[INFO]: [0mThis is a info message from thread 1018-09-2026 00:29:34 [38;5;009m[ERROR]: [0mThis is a error message from thread 2918-09-2026 00:29:34 [38;5;009m[ERROR]: [0mThis is a error message from thread 218-09-2026 00:29:34 [38;5;117m[DEBUG]: [0mThis is a debug message from thread 2918-09-2026 00:29:34 [38;5;117m[DEBUG]: [0mThis is a debug message from thread 2118-09-2026 00:29:34 [38;5;117m[DEBUG]: [0mThis is a debug message from thread 1918-09-2026 00:29:34 [38;5;009m[ERROR]: [0mThis is a error message from thread 1018-09-2026 00:29:34 [38;5;117m[DEBUG]: [0mThis is a debug message from thread 118-09-2026 00:29:34 [38;5;015m[INFO]: [0mThis is a info message from thread 1618-09-2026 00:29:34 [38;5;117m[DEBUG]: [0mThis is a debug message from thread 918-09-2026 00:29:34 [38;5;117m[DEBUG]: [0mThis is a debug message from thread 218-09-2026 00:29:34 [38;5;009m[ERROR]: [0mThis is a error message from thread 618-09-2026 00:29:34 [38;5;015m[INFO]: [0mThis is a info message from thread 118-09-2026 00:29:34 [38;5;117m[DEBUG]: [0mThis is a debug message from thread 2018-09-2026 00:29:34 [38;5;015m[INFO]: [0mThis is a info message from thread 518-09-2026 00:29:34 [38;5;015m[INFO]: [0mThis is a info message from thread 818-09-2026 00:29:34 [38;5;009m[ERROR]: [0mThis is a error message from thread 1418-09-2026 00:29:34 [38;5;015m[INFO]: [0mThis is a info message from thread 1918-09-2026 00:29:34 [38;5;117m[DEBUG]: [0mThis is a debug message from thread 2518-09-2026 00:29:34 [38;5;015m[INFO]: [0mThis is a info message from thread 218-09-2026 00:29:34 [38;5;009m[ERROR]: [0mThis is a error message from thread 018-09-2026 00:29:34 [38;5;117m[DEBUG]: [0mThis is a debug message from thread 1318-09-2026 00:29:34 [38;5;009m[ERROR]: [0mThis is a error message from thread 118-09-2026 00:29:34 [38;5;009m[ERROR]: [0mThis is a error message from thread 1918-09-2026 00:29:34 [38;5;015m[INFO]: [0mThis is a info message from thread 2018-09-2026 00:29:34 [38;5;009m[ERROR]: [0mThis is a error message from thread 2218-09-2026 00:29:34 [38;5;117m[DEBUG]: [0mThis is a debug message from thread 318-09-2026 00:29:34 [38;5;117m[DEBUG]: [0mThis is a debug message from thread 1418-09-2026 00:29:34 [38;5;117m[DEBUG]: [0mThis is a debug message from thread 618-09-2026 00:29:34 [38;5;009m[ERROR]: [0mThis is a error message from thread 2718-09-2026 00:29:34 [38;5;117m[DEBUG]: [0mThis is a debug message from thread 2618-09-2026 00:29:34 [38;5;015m[INFO]: [0mThis is a info message from thread 418-09-2026 00:29:34 [38;5;015m[INFO]: [0mThis is a info message from thread 1718-09-2026 00:29:34 [38;5;117m[DEBUG]: [0mThis is a debug message from thread 018-09-2026 00:29:34 [38;5;015m[INFO]: [0mThis is a info message from thread 2618-09-2026 00:29:34 [38;5;117m[DEBUG]: [0mThis is a debug message from thread 1818-09-2026 00:29:34 [38;5;009m[ERROR]: [0mThis is a error message from thread 2018-09-2026 00:29:34 [38;5;117m[DEBUG]: [0mThis is a debug message from thread 2718-09-2026 00:29:34 [38;5;117m[DEBUG]: [0mThis is a debug message from thread 1018-09-2026 00:29:34 [38;5;117m[DEBUG]: [0mThis is a debug message from thread 2218-09-2026 00:29:34 [38;5;117m[DEBUG]: [0mThis is a debug message from thread 1518-09-2026 00:29:34 [38;5;009m[ERROR]: [0mThis is a error message from thread 418-09-2026 00:29:34 [38;5;117m[DEBUG]: [0mThis is a debug message from thread 2018-09-2026 00:29:34 [38;5;117m[DEBUG]: [0mThis is a debug message from thread 418-09-2026 00:29:34 [38;5;015m[INFO]: [0mThis is a info message from thread 318-09-2026 00:29:34 [38;5;009m[ERROR]: [0mThis is a error message from thread 318-09-2026 00:29:34 [38;5;015m[INFO]: [0mThis is a info message from thread 2918-09-2026 00:29:34 [38;5;009m[ERROR]: [0mThis is a error message from thread 2918-09-2026 00:29:34 [38;5;117m[DEBUG]: [0mThis is a debug message from thread 2918-09-2026 00:29:34 [38;5;015m[INFO]: [0mThis is a info message from thread 1318-09-2026 00:29:34 [38;5;015m[INFO]: [0mThis is a info message from thread 2918-09-2026 00:29:34 [38;5;015m[INFO]: [0mThis is a info message from thread 1218-09-2026 00:29:34 [38;5;009m[ERROR]: [0mThis is a error message from thread 1318-09-2026 00:29:34 [38;5;009m[ERROR]: [0mThis is a error message from thread 2918-09-2026 00:29:34 [38;5;009m[ERROR]: [0mThis is a error message from thread 1218-09-2026 00:29:34 [38;5;117m[DEBUG]: [0mThis is a debug message from thread 2418-09-2026 00:29:34 [38;5;015m[INFO]: [0mThis is a info message from thread 1418-09-2026 00:29:34 [38;5;117m[DEBUG]: [0mThis is a debug message from thread 118-09-2026 00:29:34 [38;5;015m[INFO]: [0mThis is a info message from thread 2418-09-2026 00:29:34 [38;5;009m[ERROR]: [0mThis is a error message from thread 818-09-2026 00:29:34 [38;5;009m[ERROR]: [0mThis is a error message from thread 718-09-2026 00:29:34 [38;5;015m[INFO]: [0mThis is a info message from thread 118-09-2026 00:29:34 [38;5;015m[INFO]: [0mThis is a info message from thread 2718-09-2026 00:29:34 [38;5;117m[DEBUG]: [0mThis is a debug message from thread 818-09-2026 00:29:34 [38;5;009m[ERROR]: [0mThis is a error message from thread 2418-09-2026 00:29:34 [38;5;015m[INFO]: [0mThis is a info message from thread 018-09-2026 00:29:34 [38;5;117m[DEBUG]: [0mThis is a debug message from thread 718-09-2026 00:29:34 [38;5;009m[ERROR]: [0mThis is a error message from thread 218-09-2026 00:29:34 [38;5;015m[INFO]: [0mThis is a info message from thread 2018-09-2026 00:29:34 [38;5;015m[INFO]: [0mThis is a info message from thread 2218-09-2026 00:29:34 [38;5;015m[INFO]: [0mThis is a info message from thread 818-09-2026 00:29:34 [38;5;009m[ERROR]: [0mThis is a error message from thread 118-09-2026 00:29:34 [38;5;009m[ERROR]: [0mThis is a error message from thread 018-09-2026 00:29:34 [38;5;117m[DEBUG]: [0mThis is a debug message from thread 2418-09-2026 00:29:34 [38;5;117m[DEBUG]: [0mThis is a debug message from thread 218-09-2026 00:29:34 [38;5;117m[DEBUG]: [0mThis is a debug message from thread 1918-09-2026 00:29:34 [38;5;009m[ERROR]: [0mThis is a error message from thread 2018-09-2026 00:29:34 [38;5;117m[DEBUG]: [0mThis is a debug message from thread 2018-09-2026 00:29:34 [38;5;015m[INFO]: [0mThis is a info message from thread 618-09-2026 00:29:34 [38;5;015m[INFO]: [0mThis is a info message from thread 2018-09-2026 00:29:34 [38;5;009m[ERROR]: [0mThis is a error message from thread 618-09-2026 00:29:34 [38;5;117m[DEBUG]: [0mThis is a debug message from thread 1318-09-2026 00:29:34 [38;5;117m[DEBUG]: [0mThis is a debug message from thread 618-09-2026 00:29:34 [38;5;117m[DEBUG]: [0mThis is a debug message from thread 1218-09-2026 00:29:34 [38;5;015m[INFO]: [0mThis is a info message from thread 1318-09-2026 00:29:34 [38;5;015m[INFO]: [0mThis is a info message from thread 1218-09-2026 00:29:34 [38;5;009m[ERROR]: [0mThis is a error message from thread 1318-09-2026 00:29:34 [38;5;009m[ERROR]: [0mThis is a error message from thread 2618-09-2026 00:29:34 [38;5;009m[ERROR]: [0mThis is a error message from thread 1218-09-2026 00:29:34 [38;5;117m[DEBUG]: [0mThis is a debug message from thread 1318-09-2026 00:29:34 [38;5;117m[DEBUG]: [0mThis is a debug message from thread 1218-09-2026 00:29:34 [38;5;015m[INFO]: [0mThis is a info message from thread 1018-09-2026 00:29:34 [38;5;015m[INFO]: [0mThis is a info message from thread 1218-09-2026 00:29:34 [38;5;015m[INFO]: [0mThis is a info message from thread 1818-09-2026 00:29:34 [38;5;009m[ERROR]: [0mThis is a error message from thread 1018-09-2026 00:29:34 [38;5;117m[DEBUG]: [0mThis is a debug message from thread 2618-09-2026 00:29:34 [38;5;009m[ERROR]: [0mThis is a error message from thread 1818-09-2026 00:29:34 [38;5;015m[INFO]: [0mThis is a info message from thread 2518-09-2026 00:29:34 [38;5;015m[INFO]: [0mThis is a info message from thread 2618-09-2026 00:29:34 [38;5;117m[DEBUG]: [0mThis is a debug message from thread 318-09-2026 00:29:34 [38;5;009m[ERROR]: [0mThis is a error message from thread 818-09-2026 00:29:34 [38;5;117m[DEBUG]: [0mThis is a debug message from thread 1018-09-2026 00:29:34 [38;5;015m[INFO]: [0mThis is a info message from thread 918-09-2026 00:29:34 [38;5;117m[DEBUG]: [0mThis is a debug message from thread 818-09-2026 00:29:34 [38;5;009m[ERROR]: [0mThis is a error message from thread 918-09-2026 00:29:34 [38;5;015m[INFO]: [0mThis is a info message from thread 718-09-2026 00:29:34 [38;5;117m[DEBUG]: [0mThis is a debug message from thread 918-09-2026 00:29:34 [38;5;015m[INFO]: [0mThis is a info message from thread 318-09-2026 00:29:34 [38;5;015m[INFO]: [0mThis is a info message from thread 1918-09-2026 00:29:34 [38;5;015m[INFO]: [0mThis is a info message from thread 918-09-2026 00:29:34 [38;5;015m[INFO]: [0mThis is a info message from thread 1018-09-2026 00:29:34 [38;5;009m[ERROR]: [0mThis is a error message from thread 1918-09-2026 00:29:34 [38;5;009m[ERROR]: [0mThis is a error message from thread 1418-09-2026 00:29:34 [38;5;009m[ERROR]: [0mThis is a error message from thread 518-09-2026 00:29:34 [38;5;015m[INFO]: [0mThis is a info message from thread 1118-09-2026 00:29:34 [38;5;009m[ERROR]: [0mThis is a error message from thread 1618-09-2026 00:29:34 [38;5;117m[DEBUG]: [0mThis is a debug message from thread 1918-09-2026 00:29:34 [38;5;009m[ERROR]: [0mThis is a error message from thread 2618-09-2026 00:29:34 [38;5;015m[INFO]: [0mThis is a info message from thread 218-09-2026 00:29:34 [38;5;009m[ERROR]: [0mThis is a error message from thread 918-09-2026 00:29:34 [38;5;009m[ERROR]: [0mThis is a error message from thread 1718-09-2026 00:29:34 [38;5;009m[ERROR]: [0mThis is a error message from thread 1118-09-2026 00:29:34 [38;5;009m[ERROR]: [0mThis is a error message from thread 2018-09-2026 00:29:34 [38;5;009m[ERROR]: [0mThis is a error message from thread 2718-09-2026 00:29:34 [38;5;009m[ERROR]: [0mThis is a error message from thread 318-09-2026 00:29:34 [38;5;009m[ERROR]: [0mThis is a error message from thread 1218-09-2026 00:29:34 [38;5;117m[DEBUG]: [0mThis is a debug message from thread 918-09-2026 00:29:34 [38;5;117m[DEBUG]: [0mThis is a debug message from thread 1218-09-2026 00:29:34 [38;5;009m[ERROR]: [0mThis is a error message from thread 2518-09-2026 00:29:34 [38;5;009m[ERROR]: [0mThis is a error message from thread 1018-09-2026 00:29:34 [38;5;009m[ERROR]: [0mThis is a error message from thread 218-09-2026 00:29:34 [38;5;015m[INFO]: [0mThis is a info message from thread 618-09-2026 00:29:34 [38;5;117m[DEBUG]: [0mThis is a debug message from thread 1018-09-2026 00:29:34 [38;5;117m[DEBUG]: [0mThis is a debug message from thread 218-09-2026 00:29:34 [38;5;009m[ERROR]: [0mThis is a error message from thread 618-09-2026 00:29:34 [38;5;009m[ERROR]: [0mThis is a error message from thread 2218-09-2026 00:29:34 [38;5;117m[DEBUG]: [0mThis is a debug message from thread 618-09-2026 00:29:34 [38;5;117m[DEBUG]: [0mThis is a debug message from thread 2218-09-2026 00:29:34 [38;5;015m[INFO]: [0mThis is a info message from thread 618-09-2026 00:29:34 [38;5;015m[INFO]: [0mThis is a info message from thread 1018-09-2026 00:29:34 [38;5;015m[INFO]: [0mThis is a info message from thread 1318-09-2026 00:29:34 [38;5;015m[INFO]: [0mThis is a info message from thread 2218-09-2026 00:29:34 [38;5;009m[ERROR]: [0mThis is a error message from thread 1018-09-2026 00:29:34 [38;5;009m[ERROR]: [0mThis is a error message from thread 2218-09-2026 00:29:34 [38;5;117m[DEBUG]: [0mThis is a debug message from thread 1618-09-2026 00:29:34 [38;5;117m[DEBUG]: [0mThis is a debug message from thread 2218-09-2026 00:29:34 [38;5;015m[INFO]: [0mThis is a info message from thread 418-09-2026 00:29:34 [38;5;015m[INFO]: [0mThis is a info message from thread 2418-09-2026 00:29:34 [38;5;009m[ERROR]: [0mThis is a error message from thread 1318-09-2026 00:29:34 [38;5;009m[ERROR]: [0mThis is a error message from thread 2418-09-2026 00:29:34 [38;5;117m[DEBUG]: [0mThis is a debug message from thread 2718-09-2026 00:29:34 [38;5;117m[DEBUG]: [0mThis is a debug message from thread 318-09-2026 00:29:34 [38;5;015m[INFO]: [0mThis is a info message from thread 2218-09-2026 00:29:34 [38;5;117m[DEBUG]: [0mThis is a debug message from thread 2418-09-2026 00:29:34 [38;5;015m[INFO]: [0mThis is a info message from thread 2718-09-2026 00:29:34 [38;5;009m[ERROR]: [0mThis is a error message from thread 2218-09-2026 00:29:34 [38;5;015m[INFO]: [0mThis is a info message from thread 318-09-2026 00:29:34 [38;5;009m[ERROR]: [0mThis is a error message from thread 2718-09-2026 00:29:34 [38;5;117m[DEBUG]: [0mThis is a debug message from thread 2218-09-2026 00:29:34 [38;5;009m[ERROR]: [0mThis is a error message from thread 318-09-2026 00:29:34 [38;5;117m[DEBUG]: [0mThis is a debug message from thread 2718-09-2026 00:29:34 [38;5;015m[INFO]: [0mThis is a info message from thread 818-09-2026 00:29:34 [38;5;117m[DEBUG]: [0mThis is a debug message from thread 1118-09-2026 00:29:34 [38;5;117m[DEBUG]: [0mThis is a debug message from thread 2618-09-2026 00:29:34 [38;5;015m[INFO]: [0mThis is a info message from thread 2318-09-2026 00:29:34 [38;5;009m[ERROR]: [0mThis is a error message from thread 818-09-2026 00:29:34 [38;5;009m[ERROR]: [0mThis is a error message from thread 718-09-2026 00:29:34 [38;5;117m[DEBUG]: [0mThis is a debug message from thread 1718-09-2026 00:29:34 [38;5;015m[INFO]: [0mThis is a info message from thread 2718-09-2026 00:29:34 [38;5;117m[DEBUG]: [0mThis is a debug message from thread 2018-09-2026 00:29:34 [38;5;015m[INFO]: [0mThis is a info message from thread 1118-09-2026 00:29:34 [38;5;015m[INFO]: [0mThis is a info message from thread 1218-09-2026 00:29:34 [38;5;117m[DEBUG]: [0mThis is a debug message from thread 518-09-2026 00:29:34 [38;5;015m[INFO]: [0mThis is a info message from thread 1718-09-2026 00:29:34 [38;5;009m[ERROR]: [0mThis is a error message from thread 2318-09-2026 00:29:34 [38;5;117m[DEBUG]: [0mThis is a debug message from thread 2518-09-2026 00:29:34 [38;5;117m[DEBUG]: [0mThis is a debug message from thread 818-09-2026 00:29:34 [38;5;015m[INFO]: [0mThis is a info message from thread 2418-09-2026 00:29:34 [38;5;015m[INFO]: [0mThis is a info message from thread 2218-09-2026 00:29:34 [38;5;117m[DEBUG]: [0mThis is a debug message from thread 318-09-2026 00:29:34 [38;5;009m[ERROR]: [0mThis is a error message from thread 1118-09-2026 00:29:34 [38;5;015m[INFO]: [0mThis is a info message from thread 818-09-2026 00:29:34 [38;5;015m[INFO]: [0mThis is a info message from thread 318-09-2026 00:29:34 [38;5;009m[ERROR]: [0mThis is a error message from thread 2418-09-2026 00:29:34 [38;5;015m[INFO]: [0mThis is a info message from thread 2018-09-2026 00:29:34 [38;5;117m[DEBUG]: [0mThis is a debug message from thread 2418-09-2026 00:29:34 [38;5;117m[DEBUG]: [0mThis is a debug message from thread 718-09-2026 00:29:34 [38;5;009m[ERROR]: [0mThis is a error message from thread 318-09-2026 00:29:34 [38;5;117m[DEBUG]: [0mThis is a debug message from thread 1118-09-2026 00:29:34 [38;5;015m[INFO]: [0mThis is a info message from thread 718-09-2026 00:29:34 [38;5;117m[DEBUG]: [0mThis is a debug message from thread 2918-09-2026 00:29:34 [38;5;117m[DEBUG]: [0mThis is a debug message from thread 118-09-2026 00:29:34 [38;5;015m[INFO]: [0mThis is a info message from thread 1118-09-2026 00:29:34 [38;5;117m[DEBUG]: [0mThis is a debug message from thread 1418-09-2026 00:29:34 [38;5;015m[INFO]: [0mThis is a info message from thread 2918-09-2026 00:29:34 [38;5;117m[DEBUG]: [0mThis is a debug message from thread 318-09-2026 00:29:34 [38;5;015m[INFO]: [0mThis is a info message from thread 118-09-2026 00:29:34 [38;5;009m[ERROR]: [0mThis is a error message from thread 1118-09-2026 00:29:34 [38;5;009m[ERROR]: [0mThis is a error message from thread 718-09-2026 00:29:34 [38;5;015m[INFO]: [0mThis is a info message from thread 318-09-2026 00:29:34 [38;5;009m[ERROR]: [0mThis is a error message from thread 118-09-2026 00:29:34 [38;5;117m[DEBUG]: [0mThis is a debug message from thread 1118-09-2026 00:29:34 [38;5;117m[DEBUG]: [0mThis is a debug message from thread 718-09-2026 00:29:34 [38;5;117m[DEBUG]: [0mThis is a debug message from thread 118-09-2026 00:29:34 [38;5;015m[INFO]: [0mThis is a info message from thread 1118-09-2026 00:29:34 [38;5;015m[INFO]: [0mThis is a info message from thread 718-09-2026 00:29:34 [38;5;015m[INFO]: [0mThis is a info message from thread 118-09-2026 00:29:34 [38;5;009m[ERROR]: [0mThis is a error message from thread 318-09-2026 00:29:34 [38;5;009m[ERROR]: [0mThis is a error message from thread 1118-09-2026 00:29:34 [38;5;009m[ERROR]: [0mThis is a error message from thread 118-09-2026 00:29:34 [38;5;009m[ERROR]: [0mThis is a error message from thread 718-09-2026 00:29:34 [38;5;117m[DEBUG]: [0mThis is a debug message from thread 118-09-2026 00:29:34 [38;5;009m[ERROR]: [0mThis is a error message from thread 2918-09-2026 00:29:34 [38;5;117m[DEBUG]: [0mThis is a debug message from thread 1018-09-2026 00:29:34 [38;5;015m[INFO]: [0mThis is a info message from thread 2518-09-2026 00:29:34 [38;5;015m[INFO]: [0mThis is a info message from thread 118-09-2026 00:29:34 [38;5;009m[ERROR]: [0mThis is a error message from thread 2718-09-2026 00:29:34 [38;5;009m[ERROR]: [0mThis is a error message from thread 118-09-2026 00:29:34 [38;5;117m[DEBUG]: [0mThis is a debug message from thread 018-09-2026 00:29:34 [38;5;117m[DEBUG]: [0mThis is a debug message from thread 2718-09-2026 00:29:34 [38;5;117m[DEBUG]: [0mThis is a debug message from thread 1818-09-2026 00:29:34 [38;5;117m[DEBUG]: [0mThis is a debug message from thread 2318-09-2026 00:29:34 [38;5;015m[INFO]: [0mThis is a info message from thread 2618-09-2026 00:29:34 [38;5;117m[DEBUG]: [0mThis is a debug message from thread 118-09-2026 00:29:34 [38;5;015m[INFO]: [0mThis is a info message from thread 018-09-2026 00:29:34 [38;5;015m[INFO]: [0mThis is a info message from thread 2318-09-2026 00:29:34 [38;5;009m[ERROR]: [0mThis is a error message from thread 2218-09-2026 00:29:34 [38;5;009m[ERROR]: [0mThis is a error message from thread 418-09-2026 00:29:34 [38;5;117m[DEBUG]: [0mThis is a debug message from thread 1318-09-2026 00:29:34 [38;5;015m[INFO]: [0mThis is a info message from thread 1818-09-2026 00:29:34 [38;5;009m[ERROR]: [0mThis is a error message from thread 618-09-2026 00:29:34 [38;5;015m[INFO]: [0mThis is a info message from thread 918-09-2026 00:29:34 [38;5;015m[INFO]: [0mThis is a info message from thread 118-09-2026 00:29:34 [38;5;009m[ERROR]: [0mThis is a error message from thread 2018-09-2026 00:29:34 [38;5;117m[DEBUG]: [0mThis is a debug message from thread 318-09-2026 00:29:34 [38;5;015m[INFO]: [0mThis is a info message from thread 2718-09-2026 00:29:34 [38;5;009m[ERROR]: [0mThis is a error message from thread 918-09-2026 00:29:34 [38;5;015m[INFO]: [0mThis is a info message from thread 2418-09-2026 00:29:34 [38;5;117m[DEBUG]: [0mThis is a debug message from thread 718-09-2026 00:29:34 [38;5;009m[ERROR]: [0mThis is a error message from thread 2618-09-2026 00:29:34 [38;5;117m[DEBUG]: [0mThis is a debug message from thread 2018-09-2026 00:29:34 [38;5;117m[DEBUG]: [0mThis is a debug message from thread 1118-09-2026 00:29:34 [38;5;015m[INFO]: [0mThis is a info message from thread 2018-09-2026 00:29:34 [38;5;009m[ERROR]: [0mThis is a error message from thread 018-09-2026 00:29:34 [38;5;117m[DEBUG]: [0mThis is a debug message from thread 2218-09-2026 00:29:34 [38;5;015m[INFO]: [0mThis is a info message from thread 1418-09-2026 00:29:34 [38;5;009m[ERROR]: [0mThis is a error message from thread 118-09-2026 00:29:34 [38;5;015m[INFO]: [0mThis is a info message from thread 1918-09-2026 00:29:34 [38;5;015m[INFO]: [0mThis is a info message from thread 1518-09-2026 00:29:34 [38;5;009m[ERROR]: [0mThis is a error message from thread 2018-09-2026 00:29:34 [38;5;009m[ERROR]: [0mThis is a error message from thread 1818-09-2026 00:29:34 [38;5;015m[INFO]: [0mThis is a info message from thread 318-09-2026 00:29:34 [38;5;015m[INFO]: [0mThis is a info message from thread 718-09-2026 00:29:34 [38;5;009m[ERROR]: [0mThis is a error message from thread 2318-09-2026 00:29:34 [38;5;009m[ERROR]: [0mThis is a error message from thread 818-09-2026 00:29:34 [38;5;009m[ERROR]: [0mThis is a error message from thread 1718-09-2026 00:29:34 [38;5;009m[ERROR]: [0mThis is a error message from thread 2818-09-2026 00:29:34 [38;5;009m[ERROR]: [0mThis is a error message from thread 2418-09-2026 00:29:34 [38;5;117m[DEBUG]: [0mThis is a debug message from thread 2018-09-2026 00:29:34 [38;5;117m[DEBUG]: [0mThis is a debug message from thread 2618-09-2026 00:29:34 [38;5;015m[INFO]: [0mThis is a info message from thread 1618-09-2026 00:29:34 [38;5;015m[INFO]: [0mThis is a info message from thread 2018-09-2026 00:29:34 [38;5;015m[INFO]: [0mThis is a info message from thread 1118-09-2026 00:29:34 [38;5;117m[DEBUG]: [0mThis is a debug message from thread 118-09-2026 00:29:34 [38;5;015m[INFO]: [0mThis is a info message from thread 2218-09-2026 00:29:34 [38;5;015m[INFO]: [0mThis is a info message from thread 1018-09-2026 00:29:34 [38;5;009m[ERROR]: [0mThis is a error message from thread 1618-09-2026 00:29:34 [38;5;117m[DEBUG]: [0mThis is a debug message from thread 818-09-2026 00:29:34 [38;5;015m[INFO]: [0mThis is a info message from thread 218-09-2026 00:29:34 [38;5;009m[ERROR]: [0mThis is a error message from thread 2018-09-2026 00:29:34 [38;5;117m[DEBUG]: [0mThis is a debug message from thread 018-09-2026 00:29:34 [38;5;117m[DEBUG]: [0mThis is a debug message from thread 2018-09-2026 00:29:34 [38;5;009m[ERROR]: [0mThis is a error message from thread 2218-09-2026 00:29:34 [38;5;015m[INFO]: [0mThis is a info message from thread 2118-09-2026 00:29:34 [38;5;117m[DEBUG]: [0mThis is a debug message from thread 1618-09-2026 00:29:34 [38;5;015m[INFO]: [0mThis is a info message from thread 2618-09-2026 00:29:34 [38;5;117m[DEBUG]: [0mThis is a debug message from thread 2418-09-2026 00:29:34 [38;5;009m[ERROR]: [0mThis is a error message from thread 718-09-2026 00:29:34 [38;5;009m[ERROR]: [0mThis is a error message from thread 1018-09-2026 00:29:34 [38;5;117m[DEBUG]: [0mThis is a debug message from thread 2918-09-2026 00:29:34 [38;5;015m[INFO]: [0mThis is a info message from thread 2418-09-2026 00:29:34 [38;5;117m[DEBUG]: [0mThis is a debug message from thread 1818-09-2026 00:29:34 [38;5;009m[ERROR]: [0mThis is a error message from thread 1218-09-2026 00:29:34 [38;5;009m[ERROR]: [0mThis is a error message from thread 2618-09-2026 00:29:34 [38;5;015m[INFO]: [0mThis is a info message from thread 518-09-2026 00:29:34 [38;5;117m[DEBUG]: [0mThis is a debug message from thread 918-09-2026 00:29:34 [38;5;015m[INFO]: [0mThis is a info message from thread 2918-09-2026 00:29:34 [38;5;015m[INFO]: [0mThis is a info message from thread 818-09-2026 00:29:34 [38;5;015m[INFO]: [0mThis is a info message from thread 1618-09-2026 00:29:34 [38;5;117m[DEBUG]: [0mThis is a debug message from thread 2218-09-2026 00:29:34 [38;5;009m[ERROR]: [0mThis is a error message from thread 1118-09-2026 00:29:34 [38;5;117m[DEBUG]: [0mThis is a debug message from thread 2618-09-2026 00:29:34 [38;5;117m[DEBUG]: [0mThis is a debug message from thread 1718-09-2026 00:29:34 [38;5;117m[DEBUG]: [0mThis is a debug message from thread 2318-09-2026 00:29:34 [38;5;117m[DEBUG]: [0mThis is a debug message from thread 618-09-2026 00:29:34 [38;5;009m[ERROR]: [0mThis is a error message from thread 518-09-2026 00:29:34 [38;5;009m[ERROR]: [0mThis is a error message from thread 1418-09-2026 00:29:34 [38;5;009m[ERROR]: [0mThis is a error message from thread 1918-09-2026 00:29:34 [38;5;009m[ERROR]: [0mThis is a error message from thread 1618-09-2026 00:29:34 [38;5;015m[INFO]: [0mThis is a info message from thread 618-09-2026 00:29:34 [38;5;009m[ERROR]: [0mThis is a error message from thread 318-09-2026 00:29:34 [38;5;117m[DEBUG]: [0mThis is a debug message from thread 1918-09-2026 00:29:34 [38;5;117m[DEBUG]: [0mThis is a debug message from thread 1018-09-2026 00:29:34 [38;5;009m[ERROR]: [0mThis is a error message from thread 618-09-2026 00:29:34 [38;5;009m[ERROR]: [0mThis is a error message from thread 2118-09-2026 00:29:34 [38;5;117m[DEBUG]: [0mThis is a debug message from thread 618-09-2026 00:29:34 [38;5;009m[ERROR]: [0mThis is a error message from thread 2718-09-2026 00:29:34 [38;5;117m[DEBUG]: [0mThis is a debug message from thread 318-09-2026 00:29:34 [38;5;015m[INFO]: [0mThis is a info message from thread 318-09-2026 00:29:34 [38;5;117m[DEBUG]: [0mThis is a debug message from thread 718-09-2026 00:29:34 [38;5;009m[ERROR]: [0mThis is a error message from thread 318-09-2026 00:29:34 [38;5;015m[INFO]: [0mThis is a info message from thread 2618-09-2026 00:29:34 [38;5;009m[ERROR]: [0mThis is a error message from thread 818-09-2026 00:29:34 [38;5;117m[DEBUG]: [0mThis is a debug message from thread 2818-09-2026 00:29:34 [38;5;009m[ERROR]: [0mThis is a error message from thread 218-09-2026 00:29:34 [38;5;015m[INFO]: [0mThis is a info message from thread 118-09-2026 00:29:34 [38;5;015m[INFO]: [0mThis is a info message from thread 2018-09-2026 00:29:34 [38;5;117m[DEBUG]: [0mThis is a debug message from thread 2118-09-2026 00:29:34 [38;5;009m[ERROR]: [0mThis is a error message from thread 1518-09-2026 00:29:34 [38;5;009m[ERROR]: [0mThis is a error message from thread 2418-09-2026 00:29:34 [38;5;015m[INFO]: [0mThis is a info message from thread 2818-09-2026 00:29:34 [38;5;117m[DEBUG]: [0mThis is a debug message from thread 418-09-2026 00:29:34 [38;5;009m[ERROR]: [0mThis is a error message from thread 2818-09-2026 00:29:34 [38;5;015m[INFO]: [0mThis is a info message from thread 2118-09-2026 00:29:34 [38;5;117m[DEBUG]: [0mThis is a debug message from thread 818-09-2026 00:29:34 [38;5;117m[DEBUG]: [0mThis is a debug message from thread 2418-09-2026 00:29:34 [38;5;015m[INFO]: [0mThis is a info message from thread 2318-09-2026 00:29:34 [38;5;015m[INFO]: [0mThis is a info message from thread 1818-09-2026 00:29:34 [38;5;117m[DEBUG]: [0mThis is a debug message from thread 2818-09-2026 00:29:34 [38;5;117m[DEBUG]: [0mThis is a debug message from thread 1418-09-2026 00:29:34 [38;5;117m[DEBUG]: [0mThis is a debug message from thread 1618-09-2026 00:29:34 [38;5;015m[INFO]: [0mThis is a info message from thread 818-09-2026 00:29:34 [38;5;015m[INFO]: [0mThis is a info message from thread 1718-09-2026 00:29:34 [38;5;015m[INFO]: [0mThis is a info message from thread 1618-09-2026 00:29:34 [38;5;009m[ERROR]: [0mThis is a error message from thread 1618-09-2026 00:29:34 [38;5;015m[INFO]: [0mThis is a info message from thread 2818-09-2026 00:29:34 [38;5;015m[INFO]: [0mThis is a info message from thread 1418-09-2026 00:29:34 [38;5;009m[ERROR]: [0mThis is a error message from thread 1418-09-2026 00:29:34 [38;5;117m[DEBUG]: [0mThis is a debug message from thread 1618-09-2026 00:29:34 [38;5;009m[ERROR]: [0mThis is a error message from thread 2118-09-2026 00:29:34 [38;5;009m[ERROR]: [0mThis is a error message from thread 2018-09-2026 00:29:34 [38;5;015m[INFO]: [0mThis is a info message from thread 418-09-2026 00:29:34 [38;5;117m[DEBUG]: [0mThis is a debug message from thread 1418-09-2026 00:29:34 [38;5;015m[INFO]: [0mThis is a info message from thread 1418-09-2026 00:29:34 [38;5;117m[DEBUG]: [0mThis is a debug message from thread 218-09-2026 00:29:34 [38;5;009m[ERROR]: [0mThis is a error message from thread 1418-09-2026 00:29:34 [38;5;009m[ERROR]: [0mThis is a error message from thread 2518-09-2026 00:29:34 [38;5;009m[ERROR]: [0mThis is a error message from thread 418-09-2026 00:29:34 [38;5;117m[DEBUG]: [0mThis is a debug message from thread 2118-09-2026 00:29:34 [38;5;015m[INFO]: [0mThis is a info message from thread 2418-09-2026 00:29:34 [38;5;015m[INFO]: [0mThis is a info message from thread 2118-09-2026 00:29:34 [38;5;117m[DEBUG]: [0mThis is a debug message from thread 2018-09-2026 00:29:34 [38;5;015m[INFO]: [0mThis is a info message from thread 218-09-2026 00:29:34 [38;5;009m[ERROR]: [0mThis is a error message from thread 218-09-2026 00:29:34 [38;5;117m[DEBUG]: [0mThis is a debug message from thread 1418-09-2026 00:29:34 [38;5;117m[DEBUG]: [0mThis is a debug message from thread 418-09-2026 00:29:34 [38;5;009m[ERROR]: [0mThis is a error message from thread 118-09-2026 00:29:34 [38;5;117m[DEBUG]: [0mThis is a debug message from thread 2518-09-2026 00:29:34 [38;5;009m[ERROR]: [0mThis is a error message from thread 2118-09-2026 00:29:34 [38;5;015m[INFO]: [0mThis is a info message from thread 1018-09-2026 00:29:34 [38;5;117m[DEBUG]: [0mThis is a debug message from thread 2718-09-2026 00:29:34 [38;5;009m[ERROR]: [0mThis is a error message from thread 2418-09-2026 00:29:34 [38;5;015m[INFO]: [0mThis is a info message from thread 2718-09-2026 00:29:34 [38;5;117m[DEBUG]: [0mThis is a debug message from thread 318-09-2026 00:29:34 [38;5;009m[ERROR]: [0mThis is a error message from thread 2618-09-2026 00:29:34 [38;5;117m[DEBUG]: [0mThis is a debug message from thread 118-09-2026 00:29:34 [38;5;015m[INFO]: [0mThis is a info message from thread 718-09-2026 00:29:34 [38;5;015m[INFO]: [0mThis is a info message from thread 2518-09-2026 00:29:34 [38;5;117m[DEBUG]: [0mThis is a debug message from thread 518-09-2026 00:29:34 [38;5;015m[INFO]: [0mThis is a info message from thread 418-09-2026 00:29:34 [38;5;009m[ERROR]: [0mThis is a error message from thread 2918-09-2026 00:29:34 [38;5;009m[ERROR]: [0mThis is a error message from thread 2518-09-2026 00:29:34 [38;5;117m[DEBUG]: [0mThis is a debug message from thread 2418-09-2026 00:29:34 [38;5;117m[DEBUG]: [0mThis is a debug message from thread 2618-09-2026 00:29:34 [38;5;009m[ERROR]: [0mThis is a error message from thread 718-09-2026 00:29:34 [38;5;117m[DEBUG]: [0mThis is a debug message from thread 2518-09-2026 00:29:34 [38;5;015m[INFO]: [0mThis is a info message from thread 618-09-2026 00:29:34 [38;5;015m[INFO]: [0mThis is a info message from thread 2418-09-2026 00:29:34 [38;5;117m[DEBUG]: [0mThis is a debug message from thread 2918-09-2026 00:29:34 [38;5;117m[DEBUG]: [0mThis is a debug message from thread 1218-09-2026 00:29:34 [38;5;117m[DEBUG]: [0mThis is a debug message from thread 1518-09-2026 00:29:34 [38;5;015m[INFO]: [0mThis is a info message from thread 1918-09-2026 00:29:34 [38;5;015m[INFO]: [0mThis is a info message from thread 1518-09-2026 00:29:34 [38;5;015m[INFO]: [0mThis is a info message from thread 318-09-2026 00:29:34 [38;5;015m[INFO]: [0mThis is a info message from thread 2618-09-2026 00:29:34 [38;5;009m[ERROR]: [0mThis is a error message from thread 1918-09-2026 00:29:34 [38;5;015m[INFO]: [0mThis is a info message from thread 2918-09-2026 00:29:34 [38;5;009m[ERROR]: [0mThis is a error message from thread 1818-09-2026 00:29:34 [38;5;009m[ERROR]: [0mThis is a error message from thread 1518-09-2026 00:29:34 [38;5;015m[INFO]: [0mThis is a info message from thread 518-09-2026 00:29:34 [38;5;009m[ERROR]: [0mThis is a error message from thread 2818-09-2026 00:29:34 [38;5;117m[DEBUG]: [0mThis is a debug message from thread 1518-09-2026 00:29:34 [38;5;009m[ERROR]: [0mThis is a error message from thread 818-09-2026 00:29:34 [38;5;015m[INFO]: [0mThis is a info message from thread 1318-09-2026 00:29:34 [38;5;009m[ERROR]: [0mThis is a error message from thread 1318-09-2026 00:29:34 [38;5;117m[DEBUG]: [0mThis is a debug message from thread 1318-09-2026 00:29:34 [38;5;009m[ERROR]: [0mThis is a error message from thread 618-09-2026 00:29:34 [38;5;015m[INFO]: [0mThis is a info message from thread 018-09-2026 00:29:34 [38;5;117m[DEBUG]: [0mThis is a debug message from thread 618-09-2026 00:29:34 [38;5;009m[ERROR]: [0mThis is a error message from thread 018-09-2026 00:29:34 [38;5;015m[INFO]: [0mThis is a info message from thread 618-09-2026 00:29:34 [38;5;117m[DEBUG]: [0mThis is a debug message from thread 1118-09-2026 00:29:34 [38;5;009m[ERROR]: [0mThis is a error message from thread 618-09-2026 00:29:34 [38;5;015m[INFO]: [0mThis is a info message from thread 2518-09-2026 00:29:34 [38;5;015m[INFO]: [0mThis is a info message from thread 1118-09-2026 00:29:34 [38;5;117m[DEBUG]: [0mThis is a debug message from thread 618-09-2026 00:29:34 [38;5;009m[ERROR]: [0mThis is a error message from thread 2518-09-2026 00:29:34 [38;5;015m[INFO]: [0mThis is a info message from thread 918-09-2026 00:29:34 [38;5;015m[INFO]: [0mThis is a info message from thread 1418-09-2026 00:29:34 [38;5;009m[ERROR]: [0mThis is a error message from thread 918-09-2026 00:29:34 [38;5;015m[INFO]: [0mThis is a info message from thread 618-09-2026 00:29:34 [38;5;015m[INFO]: [0mThis is a info message from thread 1218-09-2026 00:29:34 [38;5;009m[ERROR]: [0mThis is a error message from thread 1018-09-2026 00:29:34 [38;5;009m[ERROR]: [0mThis is a error message from thread 1718-09-2026 00:29:34 [38;5;117m[DEBUG]: [0mThis is a debug message from thread 1018-09-2026 00:29:34 [38;5;009m[ERROR]: [0mThis is a error message from thread 2418-09-2026 00:29:34 [38;5;117m[DEBUG]: [0mThis is a debug message from thread 1918-09-2026 00:29:34 [38;5;117m[DEBUG]: [0mThis is a debug message from thread 2118-09-2026 00:29:34 [38;5;117m[DEBUG]: [0mThis is a debug message from thread 1718-09-2026 00:29:34 [38;5;009m[ERROR]: [0mThis is a error message from thread 1218-09-2026 00:29:34 [38;5;015m[INFO]: [0mThis is a info message from thread 118-09-2026 00:29:34 [38;5;015m[INFO]: [0mThis is a info message from thread 2118-09-2026 00:29:34 [38;5;009m[ERROR]: [0mThis is a error message from thread 318-09-2026 00:29:34 [38;5;117m[DEBUG]: [0mThis is a debug message from thread 1218-09-2026 00:29:34 [38;5;009m[ERROR]: [0mThis is a error message from thread 2918-09-2026 00:29:34 [38;5;015m[INFO]: [0mThis is a info message from thread 1218-09-2026 00:29:34 [38;5;009m[ERROR]: [0mThis is a error message from thread 518-09-2026 00:29:34 [38;5;015m[INFO]: [0mThis is a info message from thread 1618-09-2026 00:29:34 [38;5;117m[DEBUG]: [0mThis is a debug message from thread 718-09-2026 00:29:34 [38;5;009m[ERROR]: [0mThis is a error message from thread 1618-09-2026 00:29:34 [38;5;117m[DEBUG]: [0mThis is a debug message from thread 018-09-2026 00:29:34 [38;5;117m[DEBUG]: [0mThis is a debug message from thread 1618-09-2026 00:29:34 [38;5;009m[ERROR]: [0mThis is a error message from thread 1418-09-2026 00:29:34 [38;5;015m[INFO]: [0mThis is a info message from thread 018-09-2026 00:29:34 [38;5;117m[DEBUG]: [0mThis is a debug message from thread 918-09-2026 00:29:34 [38;5;117m[DEBUG]: [0mThis is a debug message from thread 1418-09-2026 00:29:34 [38;5;117m[DEBUG]: [0mThis is a debug message from thread 2518-09-2026 00:29:34 [38;5;015m[INFO]: [0mThis is a info message from thread 2218-09-2026 00:29:34 [38;5;009m[ERROR]: [0mThis is a error message from thread 618-09-2026 00:29:34 [38;5;015m[INFO]: [0mThis is a info message from thread 2518-09-2026 00:29:34 [38;5;117m[DEBUG]: [0mThis is a debug message from thread 218-09-2026 00:29:34 [38;5;009m[ERROR]: [0mThis is a error message from thread 2218-09-2026 00:29:34 [38;5;015m[INFO]: [0mThis is a info message from thread 218-09-2026 00:29:34 [38;5;009m[ERROR]: [0mThis is a error message from thread 418-09-2026 00:29:34 [38;5;117m[DEBUG]: [0mThis is a debug message from thread 618-09-2026 00:29:34 [38;5;009m[ERROR]: [0mThis is a error message from thread 218-09-2026 00:29:34 [38;5;009m[ERROR]: [0mThis is a error message from thread 2518-09-2026 00:29:34 [38;5;117m[DEBUG]: [0mThis is a debug message from thread 2218-09-2026 00:29:34 [38;5;117m[DEBUG]: [0mThis is a debug message from thread 2518-09-2026 00:29:34 [38;5;117m[DEBUG]: [0mThis is a debug message from thread 218-09-2026 00:29:34 [38;5;015m[INFO]: [0mThis is a info message from thread 2518-09-2026 00:29:34 [38;5;015m[INFO]: [0mThis is a info message from thread 1918-09-2026 00:29:34 [38;5;015m[INFO]: [0mThis is a info message from thread 2218-09-2026 00:29:34 [38;5;009m[ERROR]: [0mThis is a error message from thread 2218-09-2026 00:29:34 [38;5;015m[INFO]: [0mThis is a info message from thread 1418-09-2026 00:29:34 [38;5;009m[ERROR]: [0mThis is a error message from thread 1918-09-2026 00:29:34 [38;5;117m[DEBUG]: [0mThis is a debug message from thread 1918-09-2026 00:29:34 [38;5;009m[ERROR]: [0mThis is a error message from thread 2518-09-2026 00:29:34 [38;5;015m[INFO]: [0mThis is a info message from thread 1918-09-2026 00:29:34 [38;5;117m[DEBUG]: [0mThis is a debug message from thread 2518-09-2026 00:29:34 [38;5;117m[DEBUG]: [0mThis is a debug message from thread 2218-09-2026 00:29:34 [38;5;009m[ERROR]: [0mThis is a error message from thread 1918-09-2026 00:29:34 [38;5;009m[ERROR]: [0mThis is a error message from thread 2618-09-2026 00:29:34 [38;5;015m[INFO]: [0mThis is a info message from thread 618-09-2026 00:29:34 [38;5;117m[DEBUG]: [0mThis is a debug message from thread 2918-09-2026 00:29:34 [38;5;009m[ERROR]: [0mThis is a error message from thread 1218-09-2026 00:29:34 [38;5;117m[DEBUG]: [0mThis is a debug message from thread 2818-09-2026 00:29:34 [38;5;117m[DEBUG]: [0mThis is a debug message from thread 1818-09-2026 00:29:34 [38;5;009m[ERROR]: [0mThis is a error message from thread 2318-09-2026 00:29:34 [38;5;015m[INFO]: [0mThis is a info message from thread 218-09-2026 00:29:34 [38;5;015m[INFO]: [0mThis is a info message from thread 1318-09-2026 00:29:34 [38;5;009m[ERROR]: [0mThis is a error message from thread 1418-09-2026 00:29:34 [38;5;117m[DEBUG]: [0mThis is a debug message from thread 1918-09-2026 00:29:34 [38;5;117m[DEBUG]: [0mThis is a debug message from thread 1218-09-2026 00:29:34 [38;5;009m[ERROR]: [0mThis is a error message from thread 2718-09-2026 00:29:34 [38;5;009m[ERROR]: [0mThis is a error message from thread 218-09-2026 00:29:34 [38;5;015m[INFO]: [0mThis is a info message from thread 918-09-2026 00:29:34 [38;5;009m[ERROR]: [0mThis is a error message from thread 2118-09-2026 00:29:34 [38;5;117m[DEBUG]: [0mThis is a debug message from thread 818-09-2026 00:29:34 [38;5;117m[DEBUG]: [0mThis is a debug message from thread 2618-09-2026 00:29:34 [38;5;117m[DEBUG]: [0mThis is a debug message from thread 2418-09-2026 00:29:34 [38;5;015m[INFO]: [0mThis is a info message from thread 718-09-2026 00:29:34 [38;5;009m[ERROR]: [0mThis is a error message from thread 618-09-2026 00:29:34 [38;5;015m[INFO]: [0mThis is a info message from thread 2218-09-2026 00:29:34 [38;5;117m[DEBUG]: [0mThis is a debug message from thread 2718-09-2026 00:29:34 [38;5;009m[ERROR]: [0mThis is a error message from thread 118-09-2026 00:29:34 [38;5;015m[INFO]: [0mThis is a info message from thread 818-09-2026 00:29:34 [38;5;009m[ERROR]: [0mThis is a error message from thread 918-09-2026 00:29:34 [38;5;015m[INFO]: [0mThis is a info message from thread 2918-09-2026 00:29:34 [38;5;117m[DEBUG]: [0mThis is a debug message from thread 2118-09-2026 00:29:34 [38;5;009m[ERROR]: [0mThis is a error message from thread 2218-09-2026 00:29:34 [38;5;015m[INFO]: [0mThis is a info message from thread 1718-09-2026 00:29:34 [38;5;117m[DEBUG]: [0mThis is a debug message from thread 918-09-2026 00:29:34 [38;5;015m[INFO]: [0mThis is a info message from thread 2118-09-2026 00:29:34 [38;5;015m[INFO]: [0mThis is a info message from thread 1518-09-2026 00:29:34 [38;5;015m[INFO]: [0mThis is a info message from thread 918-09-2026 00:29:34 [38;5;015m[INFO]: [0mThis is a info message from thread 2418-09-2026 00:29:34 [38;5;117m[DEBUG]: [0mThis is a debug message from thread 2218-09-2026 00:29:34 [38;5;009m[ERROR]: [0mThis is a error message from thread 918-09-2026 00:29:34 [38;5;009m[ERROR]: [0mThis is a error message from thread 1518-09-2026 00:29:34 [38;5;117m[DEBUG]: [0mThis is a debug message from thread 618-09-2026 00:29:34 [38;5;009m[ERROR]: [0mThis is a error message from thread 2118-09-2026 00:29:34 [38;5;009m[ERROR]: [0mThis is a error message from thread 718-09-2026 00:29:34 [38;5;117m[DEBUG]: [0mThis is a debug message from thread 418-09-2026 00:29:34 [38;5;015m[INFO]: [0mThis is a info message from thread 1918-09-2026 00:29:34 [38;5;015m[INFO]: [0mThis is a info message from thread 2218-09-2026 00:29:34 [38;5;117m[DEBUG]: [0mThis is a debug message from thread 918-09-2026 00:29:34 [38;5;015m[INFO]: [0mThis is a info message from thread 1818-09-2026 00:29:34 [38;5;015m[INFO]: [0mThis is a info message from thread 2518-09-2026 00:29:34 [38;5;015m[INFO]: [0mThis is a info message from thread 918-09-2026 00:29:34 [38;5;117m[DEBUG]: [0mThis is a debug message from thread 2118-09-2026 00:29:34 [38;5;009m[ERROR]: [0mThis is a error message from thread 1118-09-2026 00:29:34 [38;5;009m[ERROR]: [0mThis is a error message from thread 1818-09-2026 00:29:34 [38;5;015m[INFO]: [0mThis is a info message from thread 618-09-2026 00:29:34 [38;5;015m[INFO]: [0mThis is a info message from thread 1618-09-2026 00:29:34 [38;5;009m[ERROR]: [0mThis is a error message from thread 1918-09-2026 00:29:34 [38;5;009m[ERROR]: [0mThis is a error message from thread 2218-09-2026 00:29:34 [38;5;015m[INFO]: [0mThis is a info message from thread 1018-09-2026 00:29:34 [38;5;015m[INFO]: [0mThis is a info message from thread 2818-09-2026 00:29:34 [38;5;117m[DEBUG]: [0mThis is a debug message from thread 318-09-2026 00:29:34 [38;5;009m[ERROR]: [0mThis is a error message from thread 2518-09-2026 00:29:34 [38;5;117m[DEBUG]: [0mThis is a debug message from thread 2318-09-2026 00:29:34 [38;5;117m[DEBUG]: [0mThis is a debug message from thread 1818-09-2026 00:29:34 [38;5;015m[INFO]: [0mThis is a info message from thread 418-09-2026 00:29:34 [38;5;009m[ERROR]: [0mThis is a error message from thread 418-09-2026 00:29:34 [38;5;009m[ERROR]: [0mThis is a error message from thread 2818-09-2026 00:29:34 [38;5;117m[DEBUG]: [0mThis is a debug message from thread 418-09-2026 00:29:34 [38;5;009m[ERROR]: [0mThis is a error message from thread 1318-09-2026 00:29:34 [38;5;117m[DEBUG]: [0mThis is a debug message from thread 1118-09-2026 00:29:34 [38;5;117m[DEBUG]: [0mThis is a debug message from thread 1418-09-2026 00:29:34 [38;5;015m[INFO]: [0mThis is a info message from thread 2618-09-2026 00:29:34 [38;5;009m[ERROR]: [0mThis is a error message from thread 618-09-2026 00:29:34 [38;5;009m[ERROR]: [0mThis is a error message from thread 818-09-2026 00:29:34 [38;5;117m[DEBUG]: [0mThis is a debug message from thread 2218-09-2026 00:29:34 [38;5;015m[INFO]: [0mThis is a info message from thread 318-09-2026 00:29:34 [38;5;009m[ERROR]: [0mThis is a error message from thread 1018-09-2026 00:29:34 [38;5;015m[INFO]: [0mThis is a info message from thread 1118-09-2026 00:29:34 [38;5;117m[DEBUG]: [0mThis is a debug message from thread 218-09-2026 00:29:34 [38;5;009m[ERROR]: [0mThis is a error message from thread 1718-09-2026 00:29:34 [38;5;117m[DEBUG]: [0mThis is a debug message from thread 1318-09-2026 00:29:34 [38;5;015m[INFO]: [0mThis is a info message from thread 1318-09-2026 00:29:34 [38;5;015m[INFO]: [0mThis is a info message from thread 2218-09-2026 00:29:34 [38;5;117m[DEBUG]: [0mThis is a debug message from thread 1718-09-2026 00:29:34 [38;5;009m[ERROR]: [0mThis is a error message from thread 1118-09-2026 00:29:34 [38;5;015m[INFO]: [0mThis is a info message from thread 218-09-2026 00:29:34 [38;5;117m[DEBUG]: [0mThis is a debug message from thread 1518-09-2026 00:29:34 [38;5;117m[DEBUG]: [0mThis is a debug message from thread 1018-09-2026 00:29:34 [38;5;015m[INFO]: [0mThis is a info message from thread 1718-09-2026 00:29:34 [38;5;009m[ERROR]: [0mThis is a error message from thread 318-09-2026 00:29:34 [38;5;015m[INFO]: [0mThis is a info message from thread 1218-09-2026 00:29:34 [38;5;015m[INFO]: [0mThis is a info message from thread 418-09-2026 00:29:34 [38;5;009m[ERROR]: [0mThis is a error message from thread 1718-09-2026 00:29:34 [38;5;117m[DEBUG]: [0mThis is a debug message from thread 1118-09-2026 00:29:34 [38;5;015m[INFO]: [0mThis is a info message from thread 1118-09-2026 00:29:34 [38;5;009m[ERROR]: [0mThis is a error message from thread 1218-09-2026 00:29:34 [38;5;015m[INFO]: [0mThis is a info message from thread 1018-09-2026 00:29:34 [38;5;117m[DEBUG]: [0mThis is a debug message from thread 1718-09-2026 00:29:34 [38;5;117m[DEBUG]: [0mThis is a debug message from thread 318-09-2026 00:29:34 [38;5;117m[DEBUG]: [0mThis is a debug message from thread 718-09-2026 00:29:34 [38;5;015m[INFO]: [0mThis is a info message from thread 2118-09-2026 00:29:34 [38;5;015m[INFO]: [0mThis is a info message from thread 318-09-2026 00:29:34 [38;5;117m[DEBUG]: [0mThis is a debug message from thread 618-09-2026 00:29:34 [38;5;009m[ERROR]: [0mThis is a error message from thread 918-09-2026 00:29:34 [38;5;009m[ERROR]: [0mThis is a error message from thread 218-09-2026 00:29:34 [38;5;015m[INFO]: [0mThis is a info message from thread 718-09-2026 00:29:34 [38;5;009m[ERROR]: [0mThis is a error message from thread 1618-09-2026 00:29:34 [38;5;117m[DEBUG]: [0mThis is a debug message from thread 518-09-2026 00:29:34 [38;5;009m[ERROR]: [0mThis is a error message from thread 318-09-2026 00:29:34 [38;5;117m[DEBUG]: [0mThis is a debug message from thread 1918-09-2026 00:29:34 [38;5;009m[ERROR]: [0mThis is a error message from thread 1018-09-2026 00:29:34 [38;5;015m[INFO]: [0mThis is a info message from thread 2718-09-2026 00:29:34 [38;5;009m[ERROR]: [0mThis is a error message from thread 018-09-2026 00:29:34 [38;5;117m[DEBUG]: [0mThis is a debug message from thread 1618-09-2026 00:29:34 [38;5;009m[ERROR]: [0mThis is a error message from thread 718-09-2026 00:29:34 [38;5;117m[DEBUG]: [0mThis is a debug message from thread 2518-09-2026 00:29:34 [38;5;015m[INFO]: [0mThis is a info message from thread 1618-09-2026 00:29:34 [38;5;117m[DEBUG]: [0mThis is a debug message from thread 1218-09-2026 00:29:34 [38;5;117m[DEBUG]: [0mThis is a debug message from thread 1018-09-2026 00:29:34 [38;5;117m[DEBUG]: [0mThis is a debug message from thread 718-09-2026 00:29:34 [38;5;117m[DEBUG]: [0mThis is a debug message from thread 318-09-2026 00:29:34 [38;5;015m[INFO]: [0mThis is a info message from thread 1918-09-2026 00:29:34 [38;5;015m[INFO]: [0mThis is a info message from thread 2518-09-2026 00:29:34 [38;5;015m[INFO]: [0mThis is a info message from thread 1418-09-2026 00:29:34 [38;5;015m[INFO]: [0mThis is a info message from thread 1018-09-2026 00:29:34 [38;5;009m[ERROR]: [0mThis is a error message from thread 1118-09-2026 00:29:34 [38;5;117m[DEBUG]: [0mThis is a debug message from thread 218-09-2026 00:29:34 [38;5;009m[ERROR]: [0mThis is a error message from thread 1318-09-2026 00:29:34 [38;5;015m[INFO]: [0mThis is a info message from thread 718-09-2026 00:29:34 [38;5;117m[DEBUG]: [0mThis is a debug message from thread 1118-09-2026 00:29:34 [38;5;117m[DEBUG]: [0mThis is a debug message from thread 1318-09-2026 00:29:34 [38;5;009m[ERROR]: [0mThis is a error message from thread 1018-09-2026 00:29:34 [38;5;117m[DEBUG]: [0mThis is a debug message from thread 1018-09-2026 00:29:34 [38;5;015m[INFO]: [0mThis is a info message from thread 1318-09-2026 00:29:34 [38;5;015m[INFO]: [0mThis is a info message from thread 318-09-2026 00:29:34 [38;5;015m[INFO]: [0mThis is a info message from thread 2018-09-2026 00:29:34 [38;5;015m[INFO]: [0mThis is a info message from thread 1218-09-2026 00:29:34 [38;5;015m[INFO]: [0mThis is a info message from thread 618-09-2026 00:29:34 [38;5;009m[ERROR]: [0mThis is a error message from thread 2118-09-2026 00:29:34 [38;5;015m[INFO]: [0mThis is a info message from thread 218-09-2026 00:29:34 [38;5;009m[ERROR]: [0mThis is a error message from thread 2018-09-2026 00:29:34 [38;5;009m[ERROR]: [0mThis is a error message from thread 418-09-2026 00:29:34 [38;5;009m[ERROR]: [0mThis is a error message from thread 1318-09-2026 00:29:34 [38;5;009m[ERROR]: [0mThis is a error message from thread 618-09-2026 00:29:34 [38;5;009m[ERROR]: [0mThis is a error message from thread 318-09-2026 00:29:34 [38;5;117m[DEBUG]: [0mThis is a debug message from thread 2118-09-2026 00:29:34 [38;5;009m[ERROR]: [0mThis is a error message from thread 218-09-2026 00:29:34 [38;5;117m[DEBUG]: [0mThis is a debug message from thread 318-09-2026 00:29:34 [38;5;009m[ERROR]: [0mThis is a error message from thread 1918-09-2026 00:29:34 [38;5;117m[DEBUG]: [0mThis is a debug message from thread 2018-09-2026 00:29:34 [38;5;117m[DEBUG]: [0mThis is a debug message from thread 618-09-2026 00:29:34 [38;5;015m[INFO]: [0mThis is a info message from thread 1018-09-2026 00:29:34 [38;5;009m[ERROR]: [0mThis is a error message from thread 1218-09-2026 00:29:34 [38;5;015m[INFO]: [0mThis is a info message from thread 618-09-2026 00:29:34 [38;5;009m[ERROR]: [0mThis is a error message from thread 2418-09-2026 00:29:34 [38;5;117m[DEBUG]: [0mThis is a debug message from thread 418-09-2026 00:29:34 [38;5;117m[DEBUG]: [0mThis is a debug message from thread 2418-09-2026 00:29:34 [38;5;117m[DEBUG]: [0mThis is a debug message from thread 1218-09-2026 00:29:34 [38;5;015m[INFO]: [0mThis is a info message from thread 2318-09-2026 00:29:34 [38;5;015m[INFO]: [0mThis is a info message from thread 1718-09-2026 00:29:34 [38;5;015m[INFO]: [0mThis is a info message from thread 318-09-2026 00:29:34 [38;5;015m[INFO]: [0mThis is a info message from thread 418-09-2026 00:29:34 [38;5;117m[DEBUG]: [0mThis is a debug message from thread 818-09-2026 00:29:34 [38;5;009m[ERROR]: [0mThis is a error message from thread 1718-09-2026 00:29:34 [38;5;015m[INFO]: [0mThis is a info message from thread 2418-09-2026 00:29:34 [38;5;117m[DEBUG]: [0mThis is a debug message from thread 918-09-2026 00:29:34 [38;5;015m[INFO]: [0mThis is a info message from thread 518-09-2026 00:29:34 [38;5;015m[INFO]: [0mThis is a info message from thread 2118-09-2026 00:29:34 [38;5;117m[DEBUG]: [0mThis is a debug message from thread 2818-09-2026 00:29:34 [38;5;015m[INFO]: [0mThis is a info message from thread 818-09-2026 00:29:34 [38;5;009m[ERROR]: [0mThis is a error message from thread 2718-09-2026 00:29:34 [38;5;015m[INFO]: [0mThis is a info message from thread 1518-09-2026 00:29:34 [38;5;015m[INFO]: [0mThis is a info message from thread 1218-09-2026 00:29:34 [38;5;009m[ERROR]: [0mThis is a error message from thread 2418-09-2026 00:29:34 [38;5;009m[ERROR]: [0mThis is a error message from thread 718-09-2026 00:29:34 [38;5;117m[DEBUG]: [0mThis is a debug message from thread 1718-09-2026 00:29:34 [38;5;117m[DEBUG]: [0mThis is a debug message from thread 2718-09-2026 00:29:34 [38;5;009m[ERROR]: [0mThis is a error message from thread 2118-09-2026 00:29:34 [38;5;009m[ERROR]: [0mThis is a error message from thread 818-09-2026 00:29:34 [38;5;015m[INFO]: [0mThis is a info message from thread 1118-09-2026 00:29:34 [38;5;009m[ERROR]: [0mThis is a error message from thread 1418-09-2026 00:29:34 [38;5;117m[DEBUG]: [0mThis is a debug message from thread 1418-09-2026 00:29:34 [38;5;117m[DEBUG]: [0mThis is a debug message from thread 2418-09-2026 00:29:34 [38;5;009m[ERROR]: [0mThis is a error message from thread 518-09-2026 00:29:34 [38;5;015m[INFO]: [0mThis is a info message from thread 2718-09-2026 00:29:34 [38;5;009m[ERROR]: [0mThis is a error message from thread 418-09-2026 00:29:34 [38;5;117m[DEBUG]: [0mThis is a debug message from thread 518-09-2026 00:29:34 [38;5;009m[ERROR]: [0mThis is a error message from thread 1518-09-2026 00:29:34 [38;5;015m[INFO]: [0mThis is a info message from thread 2818-09-2026 00:29:34 [38;5;009m[ERROR]: [0mThis is a error message from thread 1218-09-2026 00:29:34 [38;5;117m[DEBUG]: [0mThis is a debug message from thread 1218-09-2026 00:29:34 [38;5;117m[DEBUG]: [0mThis is a debug message from thread 418-09-2026 00:29:34 [38;5;117m[DEBUG]: [0mThis is a debug message from thread 1518-09-2026 00:29:34 [38;5;015m[INFO]: [0mThis is a info message from thread 1518-09-2026 00:29:34 [38;5;015m[INFO]: [0mThis is a info message from thread 1418-09-2026 00:29:34 [38;5;015m[INFO]: [0mThis is a info message from thread 2418-09-2026 00:29:34 [38;5;117m[DEBUG]: [0mThis is a debug message from thread 1318-09-2026 00:29:34 [38;5;015m[INFO]: [0mThis is a info message from thread 1318-09-2026 00:29:34 [38;5;009m[ERROR]: [0mThis is a error message from thread 1518-09-2026 00:29:34 [38;5;015m[INFO]: [0mThis is a info message from thread 518-09-2026 00:29:34 [38;5;015m[INFO]: [0mThis is a info message from thread 418-09-2026 00:29:34 [38;5;117m[DEBUG]: [0mThis is a debug message from thread 118-09-2026 00:29:34 [38;5;009m[ERROR]: [0mThis is a error message from thread 1318-09-2026 00:29:34 [38;5;009m[ERROR]: [0mThis is a error message from thread 1118-09-2026 00:29:34 [38;5;009m[ERROR]: [0mThis is a error message from thread 2818-09-2026 00:29:34 [38;5;009m[ERROR]: [0mThis is a error message from thread 2718-09-2026 00:29:34 [38;5;117m[DEBUG]: [0mThis is a debug message from thread 1118-09-2026 00:29:34 [38;5;009m[ERROR]: [0mThis is a error message from thread 618-09-2026 00:29:34 [38;5;015m[INFO]: [0mThis is a info message from thread 118-09-2026 00:29:34 [38;5;009m[ERROR]: [0mThis is a error message from thread 1018-09-2026 00:29:34 [38;5;009m[ERROR]: [0mThis is a error message from thread 2518-09-2026 00:29:34 [38;5;117m[DEBUG]: [0mThis is a debug message from thread 2818-09-2026 00:29:34 [38;5;117m[DEBUG]: [0mThis is a debug message from thread 2118-09-2026 00:29:34 [38;5;117m[DEBUG]: [0mThis is a debug message from thread 2518-09-2026 00:29:34 [38;5;015m[INFO]: [0mThis is a info message from thread 1118-09-2026 00:29:34 [38;5;117m[DEBUG]: [0mThis is a debug message from thread 2718-09-2026 00:29:34 [38;5;009m[ERROR]: [0mThis is a error message from thread 1418-09-2026 00:29:34 [38;5;015m[INFO]: [0mThis is a info message from thread 2018-09-2026 00:29:34 [38;5;117m[DEBUG]: [0mThis is a debug message from thread 618-09-2026 00:29:34 [38;5;117m[DEBUG]: [0mThis is a debug message from thread 018-09-2026 00:29:34 [38;5;117m[DEBUG]: [0mThis is a debug message from thread 1018-09-2026 00:29:34 [38;5;009m[ERROR]: [0mThis is a error message from thread 2218-09-2026 00:29:34 [38;5;117m[DEBUG]: [0mThis is a debug message from thread 1918-09-2026 00:29:34 [38;5;015m[INFO]: [0mThis is a info message from thread 2818-09-2026 00:29:34 [38;5;015m[INFO]: [0mThis is a info message from thread 1918-09-2026 00:29:34 [38;5;009m[ERROR]: [0mThis is a error message from thread 118-09-2026 00:29:34 [38;5;009m[ERROR]: [0mThis is a error message from thread 2318-09-2026 00:29:34 [38;5;009m[ERROR]: [0mThis is a error message from thread 1918-09-2026 00:29:34 [38;5;117m[DEBUG]: [0mThis is a debug message from thread 1418-09-2026 00:29:34 [38;5;009m[ERROR]: [0mThis is a error message from thread 2018-09-2026 00:29:34 [38;5;117m[DEBUG]: [0mThis is a debug message from thread 718-09-2026 00:29:34 [38;5;009m[ERROR]: [0mThis is a error message from thread 1118-09-2026 00:29:34 [38;5;015m[INFO]: [0mThis is a info message from thread 1418-09-2026 00:29:34 [38;5;015m[INFO]: [0mThis is a info message from thread 718-09-2026 00:29:34 [38;5;015m[INFO]: [0mThis is a info message from thread 018-09-2026 00:29:34 [38;5;117m[DEBUG]: [0mThis is a debug message from thread 818-09-2026 00:29:34 [38;5;015m[INFO]: [0mThis is a info message from thread 1218-09-2026 00:29:34 [38;5;009m[ERROR]: [0mThis is a error message from thread 1418-09-2026 00:29:34 [38;5;117m[DEBUG]: [0mThis is a debug message from thread 1418-09-2026 00:29:34 [38;5;117m[DEBUG]: [0mThis is a debug message from thread 1118-09-2026 00:29:34 [38;5;009m[ERROR]: [0mThis is a error message from thread 018-09-2026 00:29:34 [38;5;009m[ERROR]: [0mThis is a error message from thread 718-09-2026 00:29:34 [38;5;117m[DEBUG]: [0mThis is a debug message from thread 118-09-2026 00:29:34 [38;5;015m[INFO]: [0mThis is a info message from thread 618-09-2026 00:29:34 [38;5;015m[INFO]: [0mThis is a info message from thread 1118-09-2026 00:29:34 [38;5;009m[ERROR]: [0mThis is a error message from thread 2418-09-2026 00:29:34 [38;5;015m[INFO]: [0mThis is a info message from thread 1418-09-2026 00:29:34 [38;5;009m[ERROR]: [0mThis is a error message from thread 1218-09-2026 00:29:34 [38;5;015m[INFO]: [0mThis is a info message from thread 118-09-2026 00:29:34 [38;5;009m[ERROR]: [0mThis is a error message from thread 2918-09-2026 00:29:34 [38;5;117m[DEBUG]: [0mThis is a debug message from thread 018-09-2026 00:29:34 [38;5;009m[ERROR]: [0mThis is a error message from thread 1118-09-2026 00:29:34 [38;5;015m[INFO]: [0mThis is a info message from thread 1818-09-2026 00:29:34 [38;5;117m[DEBUG]: [0mThis is a debug message from thread 2918-09-2026 00:29:34 [38;5;117m[DEBUG]: [0mThis is a debug message from thread 1118-09-2026 00:29:34 [38;5;009m[ERROR]: [0mThis is a error message from thread 1418-09-2026 00:29:34 [38;5;009m[ERROR]: [0mThis is a error message from thread 1818-09-2026 00:29:34 [38;5;009m[ERROR]: [0mThis is a error message from thread 118-09-2026 00:29:34 [38;5;009m[ERROR]: [0mThis is a error message from thread 318-09-2026 00:29:34 [38;5;117m[DEBUG]: [0mThis is a debug message from thread 2018-09-2026 00:29:34 [38;5;009m[ERROR]: [0mThis is a error message from thread 1618-09-2026 00:29:34 [38;5;015m[INFO]: [0mThis is a info message from thread 918-09-2026 00:29:34 [38;5;015m[INFO]: [0mThis is a info message from thread 1718-09-2026 00:29:34 [38;5;015m[INFO]: [0mThis is a info message from thread 2118-09-2026 00:29:34 [38;5;015m[INFO]: [0mThis is a info message from thread 2718-09-2026 00:29:34 [38;5;009m[ERROR]: [0mThis is a error message from thread 2818-09-2026 00:29:34 [38;5;117m[DEBUG]: [0mThis is a debug message from thread 1918-09-2026 00:29:34 [38;5;009m[ERROR]: [0mThis is a error message from thread 418-09-2026 00:29:34 [38;5;117m[DEBUG]: [0mThis is a debug message from thread 1418-09-2026 00:29:34 [38;5;117m[DEBUG]: [0mThis is a debug message from thread 718-09-2026 00:29:34 [38;5;117m[DEBUG]: [0mThis is a debug message from thread 1218-09-2026 00:29:34 [38;5;009m[ERROR]: [0mThis is a error message from thread 518-09-2026 00:29:34 [38;5;117m[DEBUG]: [0mThis is a debug message from thread 1518-09-2026 00:29:34 [38;5;117m[DEBUG]: [0mThis is a debug message from thread 118-09-2026 00:29:34 [38;5;015m[INFO]: [0mThis is a info message from thread 1418-09-2026 00:29:34 [38;5;015m[INFO]: [0mThis is a info message from thread 1518-09-2026 00:29:34 [38;5;009m[ERROR]: [0mThis is a error message from thread 1518-09-2026 00:29:34 [38;5;117m[DEBUG]: [0mThis is a debug message from thread 1518-09-2026 00:29:34 [38;5;015m[INFO]: [0mThis is a info message from thread 1218-09-2026 00:29:34 [38;5;015m[INFO]: [0mThis is a info message from thread 2918-09-2026 00:29:34 [38;5;015m[INFO]: [0mThis is a info message from thread 1518-09-2026 00:29:34 [38;5;009m[ERROR]: [0mThis is a error message from thread 1518-09-2026 00:29:34 [38;5;009m[ERROR]: [0mThis is a error message from thread 2118-09-2026 00:29:34 [38;5;009m[ERROR]: [0mThis is a error message from thread 1418-09-2026 00:29:34 [38;5;015m[INFO]: [0mThis is a info message from thread 018-09-2026 00:29:34 [38;5;009m[ERROR]: [0mThis is a error message from thread 2918-09-2026 00:29:34 [38;5;117m[DEBUG]: [0mThis is a debug message from thread 2418-09-2026 00:29:34 [38;5;117m[DEBUG]: [0mThis is a debug message from thread 2318-09-2026 00:29:34 [38;5;117m[DEBUG]: [0mThis is a debug message from thread 518-09-2026 00:29:34 [38;5;117m[DEBUG]: [0mThis is a debug message from thread 1418-09-2026 00:29:34 [38;5;015m[INFO]: [0mThis is a info message from thread 1418-09-2026 00:29:34 [38;5;117m[DEBUG]: [0mThis is a debug message from thread 1518-09-2026 00:29:34 [38;5;009m[ERROR]: [0mThis is a error message from thread 1418-09-2026 00:29:34 [38;5;015m[INFO]: [0mThis is a info message from thread 518-09-2026 00:29:34 [38;5;009m[ERROR]: [0mThis is a error message from thread 518-09-2026 00:29:34 [38;5;117m[DEBUG]: [0mThis is a debug message from thread 1418-09-2026 00:29:34 [38;5;015m[INFO]: [0mThis is a info message from thread 118-09-2026 00:29:34 [38;5;009m[ERROR]: [0mThis is a error message from thread 2618-09-2026 00:29:34 [38;5;117m[DEBUG]: [0mThis is a debug message from thread 2118-09-2026 00:29:34 [38;5;015m[INFO]: [0mThis is a info message from thread 1418-09-2026 00:29:34 [38;5;117m[DEBUG]: [0mThis is a debug message from thread 218-09-2026 00:29:34 [38;5;009m[ERROR]: [0mThis is a error message from thread 118-09-2026 00:29:34 [38;5;015m[INFO]: [0mThis is a info message from thread 1118-09-2026 00:29:34 [38;5;009m[ERROR]: [0mThis is a error message from thread 1118-09-2026 00:29:34 [38;5;117m[DEBUG]: [0mThis is a debug message from thread 518-09-2026 00:29:34 [38;5;015m[INFO]: [0mThis is a info message from thread 218-09-2026 00:29:34 [38;5;015m[INFO]: [0mThis is a info message from thread 518-09-2026 00:29:34 [38;5;015m[INFO]: [0mThis is a info message from thread 818-09-2026 00:29:34 [38;5;117m[DEBUG]: [0mThis is a debug message from thread 2918-09-2026 00:29:34 [38;5;015m[INFO]: [0mThis is a info message from thread 718-09-2026 00:29:34 [38;5;117m[DEBUG]: [0mThis is a debug message from thread 1318-09-2026 00:29:34 [38;5;117m[DEBUG]: [0mThis is a debug message from thread 318-09-2026 00:29:34 [38;5;009m[ERROR]: [0mThis is a error message from thread 518-09-2026 00:29:34 [38;5;117m[DEBUG]: [0mThis is a debug message from thread 118-09-2026 00:29:34 [38;5;015m[INFO]: [0mThis is a info message from thread 2318-09-2026 00:29:34 [38;5;117m[DEBUG]: [0mThis is a debug message from thread 1818-09-2026 00:29:34 [38;5;009m[ERROR]: [0mThis is a error message from thread 618-09-2026 00:29:34 [38;5;009m[ERROR]: [0mThis is a error message from thread 1218-09-2026 00:29:34 [38;5;015m[INFO]: [0mThis is a info message from thread 2418-09-2026 00:29:34 [38;5;015m[INFO]: [0mThis is a info message from thread 2918-09-2026 00:29:34 [38;5;117m[DEBUG]: [0mThis is a debug message from thread 618-09-2026 00:29:34 [38;5;117m[DEBUG]: [0mThis is a debug message from thread 1218-09-2026 00:29:34 [38;5;015m[INFO]: [0mThis is a info message from thread 1518-09-2026 00:29:34 [38;5;015m[INFO]: [0mThis is a info message from thread 118-09-2026 00:29:34 [38;5;009m[ERROR]: [0mThis is a error message from thread 2418-09-2026 00:29:34 [38;5;015m[INFO]: [0mThis is a info message from thread 1818-09-2026 00:29:34 [38;5;009m[ERROR]: [0mThis is a error message from thread 118-09-2026 00:29:34 [38;5;009m[ERROR]: [0mThis is a error message from thread 018-09-2026 00:29:34 [38;5;015m[INFO]: [0mThis is a info message from thread 2518-09-2026 00:29:34 [38;5;009m[ERROR]: [0mThis is a error message from thread 818-09-2026 00:29:34 [38;5;009m[ERROR]: [0mThis is a error message from thread 218-09-2026 00:29:34 [38;5;117m[DEBUG]: [0mThis is a debug message from thread 118-09-2026 00:29:34 [38;5;009m[ERROR]: [0mThis is a error message from thread 1818-09-2026 00:29:34 [38;5;009m[ERROR]: [0mThis is a error message from thread 2918-09-2026 00:29:34 [38;5;009m[ERROR]: [0mThis is a error message from thread 1518-09-2026 00:29:34 [38;5;015m[INFO]: [0mThis is a info message from thread 1218-09-2026 00:29:34 [38;5;117m[DEBUG]: [0mThis is a debug message from thread 1518-09-2026 00:29:34 [38;5;015m[INFO]: [0mThis is a info message from thread 618-09-2026 00:29:34 [38;5;015m[INFO]: [0mThis is a info message from thread 118-09-2026 00:29:34 [38;5;117m[DEBUG]: [0mThis is a debug message from thread 1818-09-2026 00:29:34 [38;5;117m[DEBUG]: [0mThis is a debug message from thread 1618-09-2026 00:29:34 [38;5;015m[INFO]: [0mThis is a info message from thread 1618-09-2026 00:29:34 [38;5;009m[ERROR]: [0mThis is a error message from thread 118-09-2026 00:29:34 [38;5;117m[DEBUG]: [0mThis is a debug message from thread 2418-09-2026 00:29:34 [38;5;009m[ERROR]: [0mThis is a error message from thread 2518-09-2026 00:29:34 [38;5;117m[DEBUG]: [0mThis is a debug message from thread 218-09-2026 00:29:34 [38;5;009m[ERROR]: [0mThis is a error message from thread 618-09-2026 00:29:34 [38;5;009m[ERROR]: [0mThis is a error message from thread 1618-09-2026 00:29:34 [38;5;117m[DEBUG]: [0mThis is a debug message from thread 118-09-2026 00:29:34 [38;5;015m[INFO]: [0mThis is a info message from thread 1518-09-2026 00:29:34 [38;5;015m[INFO]: [0mThis is a info message from thread 1918-09-2026 00:29:34 [38;5;117m[DEBUG]: [0mThis is a debug message from thread 1118-09-2026 00:29:34 [38;5;117m[DEBUG]: [0mThis is a debug message from thread 2518-09-2026 00:29:34 [38;5;117m[DEBUG]: [0mThis is a debug message from thread 2618-09-2026 00:29:34 [38;5;009m[ERROR]: [0mThis is a error message from thread 1518-09-2026 00:29:34 [38;5;009m[ERROR]: [0mThis is a error message from thread 918-09-2026 00:29:34 [38;5;015m[INFO]: [0mThis is a info message from thread 2118-09-2026 00:29:34 [38;5;009m[ERROR]: [0mThis is a error message from thread 1418-09-2026 00:29:34 [38;5;117m[DEBUG]: [0mThis is a debug message from thread 1418-09-2026 00:29:34 [38;5;015m[INFO]: [0mThis is a info message from thread 2518-09-2026 00:29:34 [38;5;015m[INFO]: [0mThis is a info message from thread 1018-09-2026 00:29:34 [38;5;117m[DEBUG]: [0mThis is a debug message from thread 2218-09-2026 00:29:34 [38;5;015m[INFO]: [0mThis is a info message from thread 118-09-2026 00:29:34 [38;5;015m[INFO]: [0mThis is a info message from thread 1418-09-2026 00:29:34 [38;5;117m[DEBUG]: [0mThis is a debug message from thread 418-09-2026 00:29:34 [38;5;015m[INFO]: [0mThis is a info message from thread 1118-09-2026 00:29:34 [38;5;009m[ERROR]: [0mThis is a error message from thread 1118-09-2026 00:29:34 [38;5;009m[ERROR]: [0mThis is a error message from thread 1918-09-2026 00:29:34 [38;5;009m[ERROR]: [0mThis is a error message from thread 1018-09-2026 00:29:34 [38;5;009m[ERROR]: [0mThis is a error message from thread 1418-09-2026 00:29:34 [38;5;117m[DEBUG]: [0mThis is a debug message from thread 1518-09-2026 00:29:34 [38;5;117m[DEBUG]: [0mThis is a debug message from thread 1118-09-2026 00:29:34 [38;5;117m[DEBUG]: [0mThis is a debug message from thread 1918-09-2026 00:29:34 [38;5;117m[DEBUG]: [0mThis is a debug message from thread 1018-09-2026 00:29:34 [38;5;015m[INFO]: [0mThis is a info message from thread 2618-09-2026 00:29:34 [38;5;117m[DEBUG]: [0mThis is a debug message from thread 2918-09-2026 00:29:34 [38;5;009m[ERROR]: [0mThis is a error message from thread 2118-09-2026 00:29:34 [38;5;015m[INFO]: [0mThis is a info message from thread 1118-09-2026 00:29:34 [38;5;009m[ERROR]: [0mThis is a error message from thread 1218-09-2026 00:29:34 [38;5;015m[INFO]: [0mThis is a info message from thread 1918-09-2026 00:29:34 [38;5;117m[DEBUG]: [0mThis is a debug message from thread 2818-09-2026 00:29:34 [38;5;009m[ERROR]: [0mThis is a error message from thread 1918-09-2026 00:29:34 [38;5;009m[ERROR]: [0mThis is a error message from thread 2518-09-2026 00:29:34 [38;5;117m[DEBUG]: [0mThis is a debug message from thread 1218-09-2026 00:29:34 [38;5;009m[ERROR]: [0mThis is a error message from thread 2718-09-2026 00:29:34 [38;5;015m[INFO]: [0mThis is a info message from thread 1218-09-2026 00:29:34 [38;5;015m[INFO]: [0mThis is a info message from thread 2818-09-2026 00:29:34 [38;5;117m[DEBUG]: [0mThis is a debug message from thread 1418-09-2026 00:29:34 [38;5;117m[DEBUG]: [0mThis is a debug message from thread 518-09-2026 00:29:34 [38;5;117m[DEBUG]: [0mThis is a debug message from thread 1918-09-2026 00:29:34 [38;5;117m[DEBUG]: [0mThis is a debug message from thread 2718-09-2026 00:29:34 [38;5;015m[INFO]: [0mThis is a info message from thread 2718-09-2026 00:29:34 [38;5;009m[ERROR]: [0mThis is a error message from thread 2618-09-2026 00:29:34 [38;5;009m[ERROR]: [0mThis is a error message from thread 2818-09-2026 00:29:34 [38;5;009m[ERROR]: [0mThis is a error message from thread 718-09-2026 00:29:34 [38;5;117m[DEBUG]: [0mThis is a debug message from thread 2518-09-2026 00:29:34 [38;5;117m[DEBUG]: [0mThis is a debug message from thread 018-09-2026 00:29:34 [38;5;015m[INFO]: [0mThis is a info message from thread 1918-09-2026 00:29:34 [38;5;117m[DEBUG]: [0mThis is a debug message from thread 618-09-2026 00:29:34 [38;5;015m[INFO]: [0mThis is a info message from thread 218-09-2026 00:29:34 [38;5;009m[ERROR]: [0mThis is a error message from thread 1118-09-2026 00:29:34 [38;5;015m[INFO]: [0mThis is a info message from thread 618-09-2026 00:29:34 [38;5;009m[ERROR]: [0mThis is a error message from thread 618-09-2026 00:29:34 [38;5;117m[DEBUG]: [0mThis is a debug message from thread 818-09-2026 00:29:34 [38;5;009m[ERROR]: [0mThis is a error message from thread 1218-09-2026 00:29:34 [38;5;009m[ERROR]: [0mThis is a error message from thread 1918-09-2026 00:29:34 [38;5;117m[DEBUG]: [0mThis is a debug message from thread 1218-09-2026 00:29:34 [38;5;117m[DEBUG]: [0mThis is a debug message from thread 1118-09-2026 00:29:34 [38;5;117m[DEBUG]: [0mThis is a debug message from thread 1918-09-2026 00:29:34 [38;5;117m[DEBUG]: [0mThis is a debug message from thread 618-09-2026 00:29:34 [38;5;117m[DEBUG]: [0mThis is a debug message from thread 2618-09-2026 00:29:34 [38;5;015m[INFO]: [0mThis is a info message from thread 1818-09-2026 00:29:34 [38;5;015m[INFO]: [0mThis is a info message from thread 818-09-2026 00:29:34 [38;5;009m[ERROR]: [0mThis is a error message from thread 2318-09-2026 00:29:34 [38;5;117m[DEBUG]: [0mThis is a debug message from thread 1618-09-2026 00:29:34 [38;5;015m[INFO]: [0mThis is a info message from thread 2418-09-2026 00:29:34 [38;5;015m[INFO]: [0mThis is a info message from thread 018-09-2026 00:29:34 [38;5;015m[INFO]: [0mThis is a info message from thread 1918-09-2026 00:29:34 [38;5;009m[ERROR]: [0mThis is a error message from thread 218-09-2026 00:29:34 [38;5;015m[INFO]: [0mThis is a info message from thread 1618-09-2026 00:29:34 [38;5;009m[ERROR]: [0mThis is a error message from thread 1818-09-2026 00:29:34 [38;5;015m[INFO]: [0mThis is a info message from thread 2618-09-2026 00:29:34 [38;5;009m[ERROR]: [0mThis is a error message from thread 2618-09-2026 00:29:34 [38;5;117m[DEBUG]: [0mThis is a debug message from thread 1818-09-2026 00:29:34 [38;5;015m[INFO]: [0mThis is a info message from thread 1218-09-2026 00:29:34 [38;5;009m[ERROR]: [0mThis is a error message from thread 1218-09-2026 00:29:34 [38;5;117m[DEBUG]: [0mThis is a debug message from thread 1218-09-2026 00:29:34 [38;5;015m[INFO]: [0mThis is a info message from thread 1818-09-2026 00:29:34 [38;5;009m[ERROR]: [0mThis is a error message from thread 2418-09-2026 00:29:34 [38;5;009m[ERROR]: [0mThis is a error message from thread 1618-09-2026 00:29:34 [38;5;015m[INFO]: [0mThis is a info message from thread 618-09-2026 00:29:34 [38;5;015m[INFO]: [0mThis is a info message from thread 1418-09-2026 00:29:34 [38;5;009m[ERROR]: [0mThis is a error message from thread 118-09-2026 00:29:34 [38;5;009m[ERROR]: [0mThis is a error message from thread 818-09-2026 00:29:34 [38;5;117m[DEBUG]: [0mThis is a debug message from thread 818-09-2026 00:29:34 [38;5;015m[INFO]: [0mThis is a info message from thread 1018-09-2026 00:29:34 [38;5;117m[DEBUG]: [0mThis is a debug message from thread 1618-09-2026 00:29:34 [38;5;015m[INFO]: [0mThis is a info message from thread 418-09-2026 00:29:34 [38;5;009m[ERROR]: [0mThis is a error message from thread 1018-09-2026 00:29:34 [38;5;015m[INFO]: [0mThis is a info message from thread 2918-09-2026 00:29:34 [38;5;015m[INFO]: [0mThis is a info message from thread 1318-09-2026 00:29:34 [38;5;009m[ERROR]: [0mThis is a error message from thread 1318-09-2026 00:29:34 [38;5;117m[DEBUG]: [0mThis is a debug message from thread 1018-09-2026 00:29:34 [38;5;117m[DEBUG]: [0mThis is a debug message from thread 118-09-2026 00:29:34 [38;5;015m[INFO]: [0mThis is a info message from thread 1618-09-2026 00:29:34 [38;5;015m[INFO]: [0mThis is a info message from thread 2018-09-2026 00:29:34 [38;5;009m[ERROR]: [0mThis is a error message from thread 2718-09-2026 00:29:34 [38;5;015m[INFO]: [0mThis is a info message from thread 2518-09-2026 00:29:34 [38;5;015m[INFO]: [0mThis is a info message from thread 2218-09-2026 00:29:34 [38;5;009m[ERROR]: [0mThis is a error message from thread 2918-09-2026 00:29:34 [38;5;009m[ERROR]: [0mThis is a error message from thread 2518-09-2026 00:29:34 [38;5;015m[INFO]: [0mThis is a info message from thread 118-09-2026 00:29:34 [38;5;009m[ERROR]: [0mThis is a error message from thread 1618-09-2026 00:29:34 [38;5;015m[INFO]: [0mThis is a info message from thread 318-09-2026 00:29:34 [38;5;117m[DEBUG]: [0mThis is a debug message from thread 718-09-2026 00:29:34 [38;5;009m[ERROR]: [0mThis is a error message from thread 1718-09-2026 00:29:34 [38;5;009m[ERROR]: [0mThis is a error message from thread 1418-09-2026 00:29:34 [38;5;117m[DEBUG]: [0mThis is a debug message from thread 2618-09-2026 00:29:34 [38;5;117m[DEBUG]: [0mThis is a debug message from thread 1618-09-2026 00:29:34 [38;5;009m[ERROR]: [0mThis is a error message from thread 2018-09-2026 00:29:34 [38;5;117m[DEBUG]: [0mThis is a debug message from thread 2918-09-2026 00:29:34 [38;5;015m[INFO]: [0mThis is a info message from thread 1618-09-2026 00:29:34 [38;5;009m[ERROR]: [0mThis is a error message from thread 018-09-2026 00:29:34 [38;5;117m[DEBUG]: [0mThis is a debug message from thread 2518-09-2026 00:29:34 [38;5;015m[INFO]: [0mThis is a info message from thread 518-09-2026 00:29:34 [38;5;117m[DEBUG]: [0mThis is a debug message from thread 2818-09-2026 00:29:34 [38;5;015m[INFO]: [0mThis is a info message from thread 2918-09-2026 00:29:34 [38;5;117m[DEBUG]: [0mThis is a debug message from thread 1718-09-2026 00:29:34 [38;5;009m[ERROR]: [0mThis is a error message from thread 1818-09-2026 00:29:34 [38;5;015m[INFO]: [0mThis is a info message from thread 1018-09-2026 00:29:34 [38;5;117m[DEBUG]: [0mThis is a debug message from thread 1818-09-2026 00:29:34 [38;5;117m[DEBUG]: [0mThis is a debug message from thread 1418-09-2026 00:29:34 [38;5;009m[ERROR]: [0mThis is a error message from thread 2918-09-2026 00:29:34 [38;5;015m[INFO]: [0mThis is a info message from thread 1418-09-2026 00:29:34 [38;5;015m[INFO]: [0mThis is a info message from thread 1718-09-2026 00:29:34 [38;5;009m[ERROR]: [0mThis is a error message from thread 1618-09-2026 00:29:34 [38;5;009m[ERROR]: [0mThis is a error message from thread 1018-09-2026 00:29:34 [38;5;015m[INFO]: [0mThis is a info message from thread 1218-09-2026 00:29:34 [38;5;117m[DEBUG]: [0mThis is a debug message from thread 218-09-2026 00:29:34 [38;5;117m[DEBUG]: [0mThis is a debug message from thread 1018-09-2026 00:29:34 [38;5;117m[DEBUG]: [0mThis is a debug message from thread 2718-09-2026 00:29:34 [38;5;009m[ERROR]: [0mThis is a error message from thread 418-09-2026 00:29:34 [38;5;117m[DEBUG]: [0mThis is a debug message from thread 918-09-2026 00:29:34 [38;5;117m[DEBUG]: [0mThis is a debug message from thread 2918-09-2026 00:29:34 [38;5;015m[INFO]: [0mThis is a info message from thread 2918-09-2026 00:29:34 [38;5;015m[INFO]: [0mThis is a info message from thread 918-09-2026 00:29:34 [38;5;015m[INFO]: [0mThis is a info message from thread 218-09-2026 00:29:34 [38;5;015m[INFO]: [0mThis is a info message from thread 1518-09-2026 00:29:34 [38;5;015m[INFO]: [0mThis is a info message from thread 1018-09-2026 00:29:34 [38;5;009m[ERROR]: [0mThis is a error message from thread 218-09-2026 00:29:34 [38;5;009m[ERROR]: [0mThis is a error message from thread 2918-09-2026 00:29:34 [38;5;009m[ERROR]: [0mThis is a error message from thread 1918-09-2026 00:29:34 [38;5;009m[ERROR]: [0mThis is a error message from thread 918-09-2026 00:29:34 [38;5;009m[ERROR]: [0mThis is a error message from thread 518-09-2026 00:29:34 [38;5;015m[INFO]: [0mThis is a info message from thread 818-09-2026 00:29:34 [38;5;117m[DEBUG]: [0mThis is a debug message from thread 1918-09-2026 00:29:34 [38;5;117m[DEBUG]: [0mThis is a debug message from thread 518-09-2026 00:29:34 [38;5;117m[DEBUG]: [0mThis is a debug message from thread 2318-09-2026 00:29:34 [38;5;015m[INFO]: [0mThis is a info message from thread 2518-09-2026 00:29:34 [38;5;117m[DEBUG]: [0mThis is a debug message from thread 2018-09-2026 00:29:34 [38;5;015m[INFO]: [0mThis is a info message from thread 718-09-2026 00:29:34 [38;5;015m[INFO]: [0mThis is a info message from thread 2818-09-2026 00:29:34 [38;5;015m[INFO]: [0mThis is a info message from thread 2018-09-2026 00:29:34 [38;5;117m[DEBUG]: [0mThis is a debug message from thread 2918-09-2026 00:29:34 [38;5;117m[DEBUG]: [0mThis is a debug message from thread 918-09-2026 00:29:34 [38;5;009m[ERROR]: [0mThis is a error message from thread 2818-09-2026 00:29:34 [38;5;117m[DEBUG]: [0mThis is a debug message from thread 1318-09-2026 00:29:34 [38;5;009m[ERROR]: [0mThis is a error message from thread 2218-09-2026 00:29:34 [38;5;015m[INFO]: [0mThis is a info message from thread 1118-09-2026 00:29:34 [38;5;009m[ERROR]: [0mThis is a error message from thread 718-09-2026 00:29:34 [38;5;009m[ERROR]: [0mThis is a error message from thread 618-09-2026 00:29:34 [38;5;009m[ERROR]: [0mThis is a error message from thread 1718-09-2026 00:29:34 [38;5;117m[DEBUG]: [0mThis is a debug message from thread 2818-09-2026 00:29:34 [38;5;117m[DEBUG]: [0mThis is a debug message from thread 718-09-2026 00:29:34 [38;5;117m[DEBUG]: [0mThis is a debug message from thread 218-09-2026 00:29:34 [38;5;117m[DEBUG]: [0mThis is a debug message from thread 018-09-2026 00:29:34 [38;5;015m[INFO]: [0mThis is a info message from thread 2318-09-2026 00:29:34 [38;5;117m[DEBUG]: [0mThis is a debug message from thread 418-09-2026 00:29:34 [38;5;117m[DEBUG]: [0mThis is a debug message from thread 2218-09-2026 00:29:34 [38;5;117m[DEBUG]: [0mThis is a debug message from thread 1718-09-2026 00:29:34 [38;5;009m[ERROR]: [0mThis is a error message from thread 1118-09-2026 00:29:34 [38;5;015m[INFO]: [0mThis is a info message from thread 1918-09-2026 00:29:34 [38;5;015m[INFO]: [0mThis is a info message from thread 718-09-2026 00:29:34 [38;5;009m[ERROR]: [0mThis is a error message from thread 2018-09-2026 00:29:34 [38;5;015m[INFO]: [0mThis is a info message from thread 218-09-2026 00:29:34 [38;5;009m[ERROR]: [0mThis is a error message from thread 1018-09-2026 00:29:34 [38;5;015m[INFO]: [0mThis is a info message from thread 2618-09-2026 00:29:34 [38;5;015m[INFO]: [0mThis is a info message from thread 2218-09-2026 00:29:34 [38;5;015m[INFO]: [0mThis is a info message from thread 1318-09-2026 00:29:34 [38;5;117m[DEBUG]: [0mThis is a debug message from thread 1018-09-2026 00:29:34 [38;5;009m[ERROR]: [0mThis is a error message from thread 1918-09-2026 00:29:34 [38;5;015m[INFO]: [0mThis is a info message from thread 918-09-2026 00:29:34 [38;5;009m[ERROR]: [0mThis is a error message from thread 1418-09-2026 00:29:34 [38;5;117m[DEBUG]: [0mThis is a debug message from thread 618-09-2026 00:29:34 [38;5;009m[ERROR]: [0mThis is a error message from thread 218-09-2026 00:29:34 [38;5;009m[ERROR]: [0mThis is a error message from thread 818-09-2026 00:29:34 [38;5;015m[INFO]: [0mThis is a info message from thread 618-09-2026 00:29:34 [38;5;009m[ERROR]: [0mThis is a error message from thread 718-09-2026 00:29:34 [38;5;009m[ERROR]: [0mThis is a error message from thread 1318-09-2026 00:29:34 [38;5;117m[DEBUG]: [0mThis is a debug message from thread 2418-09-2026 00:29:34 [38;5;117m[DEBUG]: [0mThis is a debug message from thread 1918-09-2026 00:29:34 [38;5;015m[INFO]: [0mThis is a info message from thread 1718-09-2026 00:29:34 [38;5;117m[DEBUG]: [0mThis is a debug message from thread 1418-09-2026 00:29:34 [38;5;009m[ERROR]: [0mThis is a error message from thread 2518-09-2026 00:29:34 [38;5;015m[INFO]: [0mThis is a info message from thread 2718-09-2026 00:29:34 [38;5;117m[DEBUG]: [0mThis is a debug message from thread 1118-09-2026 00:29:34 [38;5;009m[ERROR]: [0mThis is a error message from thread 318-09-2026 00:29:34 [38;5;015m[INFO]: [0mThis is a info message from thread 2918-09-2026 00:29:34 [38;5;009m[ERROR]: [0mThis is a error message from thread 2718-09-2026 00:29:34 [38;5;009m[ERROR]: [0mThis is a error message from thread 618-09-2026 00:29:34 [38;5;015m[INFO]: [0mThis is a info message from thread 1118-09-2026 00:29:34 [38;5;117m[DEBUG]: [0mThis is a debug message from thread 2518-09-2026 00:29:34 [38;5;117m[DEBUG]: [0mThis is a debug message from thread 1318-09-2026 00:29:34 [38;5;117m[DEBUG]: [0mThis is a debug message from thread 1618-09-2026 00:29:34 [38;5;015m[INFO]: [0mThis is a info message from thread 518-09-2026 00:29:34 [38;5;015m[INFO]: [0mThis is a info message from thread 2818-09-2026 00:29:34 [38;5;009m[ERROR]: [0mThis is a error message from thread 1218-09-2026 00:29:34 [38;5;117m[DEBUG]: [0mThis is a debug message from thread 218-09-2026 00:29:34 [38;5;015m[INFO]: [0mThis is a info message from thread 1818-09-2026 00:29:34 [38;5;015m[INFO]: [0mThis is a info message from thread 1018-09-2026 00:29:34 [38;5;009m[ERROR]: [0mThis is a error message from thread 518-09-2026 00:29:34 [38;5;015m[INFO]: [0mThis is a info message from thread 018-09-2026 00:29:34 [38;5;015m[INFO]: [0mThis is a info message from thread 2518-09-2026 00:29:34 [38;5;009m[ERROR]: [0mThis is a error message from thread 1818-09-2026 00:29:34 [38;5;009m[ERROR]: [0mThis is a error message from thread 1118-09-2026 00:29:34 [38;5;009m[ERROR]: [0mThis is a error message from thread 1718-09-2026 00:29:34 [38;5;009m[ERROR]: [0mThis is a error message from thread 2818-09-2026 00:29:34 [38;5;117m[DEBUG]: [0mThis is a debug message from thread 1118-09-2026 00:29:34 [38;5;015m[INFO]: [0mThis is a info message from thread 1618-09-2026 00:29:34 [38;5;117m[DEBUG]: [0mThis is a debug message from thread 2118-09-2026 00:29:34 [38;5;117m[DEBUG]: [0mThis is a debug message from thread 2818-09-2026 00:29:34 [38;5;009m[ERROR]: [0mThis is a error message from thread 2618-09-2026 00:29:34 [38;5;009m[ERROR]: [0mThis is a error message from thread 1618-09-2026 00:29:34 [38;5;015m[INFO]: [0mThis is a info message from thread 2818-09-2026 00:29:34 [38;5;117m[DEBUG]: [0mThis is a debug message from thread 2618-09-2026 00:29:34 [38;5;117m[DEBUG]: [0mThis is a debug message from thread 1618-09-2026 00:29:34 [38;5;009m[ERROR]: [0mThis is a error message from thread 018-09-2026 00:29:34 [38;5;015m[INFO]: [0mThis is a info message from thread 1918-09-2026 00:29:34 [38;5;009m[ERROR]: [0mThis is a error message from thread 2918-09-2026 00:29:34 [38;5;009m[ERROR]: [0mThis is a error message from thread 2818-09-2026 00:29:34 [38;5;015m[INFO]: [0mThis is a info message from thread 1618-09-2026 00:29:34 [38;5;015m[INFO]: [0mThis is a info message from thread 2118-09-2026 00:29:34 [38;5;117m[DEBUG]: [0mThis is a debug message from thread 018-09-2026 00:29:34 [38;5;015m[INFO]: [0mThis is a info message from thread 018-09-2026 00:29:34 [38;5;009m[ERROR]: [0mThis is a error message from thread 2118-09-2026 00:29:34 [38;5;117m[DEBUG]: [0mThis is a debug message from thread 1818-09-2026 00:29:34 [38;5;117m[DEBUG]: [0mThis is a debug message from thread 2918-09-2026 00:29:34 [38;5;117m[DEBUG]: [0mThis is a debug message from thread 718-09-2026 00:29:34 [38;5;015m[INFO]: [0mThis is a info message from thread 1818-09-2026 00:29:34 [38;5;015m[INFO]: [0mThis is a info message from thread 718-09-2026 00:29:34 [38;5;009m[ERROR]: [0mThis is a error message from thread 1818-09-2026 00:29:34 [38;5;009m[ERROR]: [0mThis is a error message from thread 2218-09-2026 00:29:34 [38;5;009m[ERROR]: [0mThis is a error message from thread 718-09-2026 00:29:34 [38;5;009m[ERROR]: [0mThis is a error message from thread 1018-09-2026 00:29:34 [38;5;117m[DEBUG]: [0mThis is a debug message from thread 1818-09-2026 00:29:34 [38;5;117m[DEBUG]: [0mThis is a debug message from thread 2818-09-2026 00:29:34 [38;5;117m[DEBUG]: [0mThis is a debug message from thread 718-09-2026 00:29:34 [38;5;117m[DEBUG]: [0mThis is a debug message from thread 2218-09-2026 00:29:34 [38;5;015m[INFO]: [0mThis is a info message from thread 2618-09-2026 00:29:34 [38;5;117m[DEBUG]: [0mThis is a debug message from thread 1018-09-2026 00:29:34 [38;5;009m[ERROR]: [0mThis is a error message from thread 1618-09-2026 00:29:34 [38;5;009m[ERROR]: [0mThis is a error message from thread 2318-09-2026 00:29:34 [38;5;009m[ERROR]: [0mThis is a error message from thread 1918-09-2026 00:29:34 [38;5;117m[DEBUG]: [0mThis is a debug message from thread 2718-09-2026 00:29:34 [38;5;009m[ERROR]: [0mThis is a error message from thread 918-09-2026 00:29:34 [38;5;015m[INFO]: [0mThis is a info message from thread 1418-09-2026 00:29:34 [38;5;015m[INFO]: [0mThis is a info message from thread 2918-09-2026 00:29:34 [38;5;117m[DEBUG]: [0mThis is a debug message from thread 1218-09-2026 00:29:34 [38;5;117m[DEBUG]: [0mThis is a debug message from thread 818-09-2026 00:29:34 [38;5;015m[INFO]: [0mThis is a info message from thread 2418-09-2026 00:29:34 [38;5;015m[INFO]: [0mThis is a info message from thread 1118-09-2026 00:29:34 [38;5;015m[INFO]: [0mThis is a info message from thread 1318-09-2026 00:29:34 [38;5;009m[ERROR]: [0mThis is a error message from thread 1118-09-2026 00:29:34 [38;5;015m[INFO]: [0mThis is a info message from thread 818-09-2026 00:29:34 [38;5;117m[DEBUG]: [0mThis is a debug message from thread 918-09-2026 00:29:34 [38;5;009m[ERROR]: [0mThis is a error message from thread 2518-09-2026 00:29:34 [38;5;117m[DEBUG]: [0mThis is a debug message from thread 2118-09-2026 00:29:34 [38;5;015m[INFO]: [0mThis is a info message from thread 218-09-2026 00:29:34 [38;5;015m[INFO]: [0mThis is a info message from thread 2718-09-2026 00:29:34 [38;5;009m[ERROR]: [0mThis is a error message from thread 018-09-2026 00:29:34 [38;5;015m[INFO]: [0mThis is a info message from thread 918-09-2026 00:29:34 [38;5;117m[DEBUG]: [0mThis is a debug message from thread 2518-09-2026 00:29:34 [38;5;009m[ERROR]: [0mThis is a error message from thread 918-09-2026 00:29:34 [38;5;015m[INFO]: [0mThis is a info message from thread 718-09-2026 00:29:34 [38;5;117m[DEBUG]: [0mThis is a debug message from thread 1118-09-2026 00:29:34 [38;5;015m[INFO]: [0mThis is a info message from thread 2518-09-2026 00:29:34 [38;5;015m[INFO]: [0mThis is a info message from thread 2218-09-2026 00:29:34 [38;5;117m[DEBUG]: [0mThis is a debug message from thread 018-09-2026 00:29:34 [38;5;117m[DEBUG]: [0mThis is a debug message from thread 918-09-2026 00:29:34 [38;5;009m[ERROR]: [0mThis is a error message from thread 218-09-2026 00:29:34 [38;5;015m[INFO]: [0mThis is a info message from thread 018-09-2026 00:29:34 [38;5;015m[INFO]: [0mThis is a info message from thread 1118-09-2026 00:29:34 [38;5;117m[DEBUG]: [0mThis is a debug message from thread 218-09-2026 00:29:34 [38;5;009m[ERROR]: [0mThis is a error message from thread 2518-09-2026 00:29:34 [38;5;009m[ERROR]: [0mThis is a error message from thread 1418-09-2026 00:29:34 [38;5;117m[DEBUG]: [0mThis is a debug message from thread 618-09-2026 00:29:34 [38;5;015m[INFO]: [0mThis is a info message from thread 2118-09-2026 00:29:34 [38;5;117m[DEBUG]: [0mThis is a debug message from thread 1718-09-2026 00:29:34 [38;5;009m[ERROR]: [0mThis is a error message from thread 1118-09-2026 00:29:34 [38;5;117m[DEBUG]: [0mThis is a debug message from thread 2518-09-2026 00:29:34 [38;5;009m[ERROR]: [0mThis is a error message from thread 2118-09-2026 00:29:34 [38;5;015m[INFO]: [0mThis is a info message from thread 1218-09-2026 00:29:34 [38;5;009m[ERROR]: [0mThis is a error message from thread 2618-09-2026 00:29:34 [38;5;117m[DEBUG]: [0mThis is a debug message from thread 2018-09-2026 00:29:34 [38;5;117m[DEBUG]: [0mThis is a debug message from thread 2118-09-2026 00:29:34 [38;5;015m[INFO]: [0mThis is a info message from thread 218-09-2026 00:29:34 [38;5;015m[INFO]: [0mThis is a info message from thread 2818-09-2026 00:29:34 [38;5;009m[ERROR]: [0mThis is a error message from thread 118-09-2026 00:29:34 [38;5;009m[ERROR]: [0mThis is a error message from thread 2218-09-2026 00:29:34 [38;5;009m[ERROR]: [0mThis is a error message from thread 2918-09-2026 00:29:34 [38;5;009m[ERROR]: [0mThis is a error message from thread 2418-09-2026 00:29:34 [38;5;015m[INFO]: [0mThis is a info message from thread 2118-09-2026 00:29:34 [38;5;009m[ERROR]: [0mThis is a error message from thread 818-09-2026 00:29:34 [38;5;009m[ERROR]: [0mThis is a error message from thread 1318-09-2026 00:29:34 [38;5;015m[INFO]: [0mThis is a info message from thread 918-09-2026 00:29:34 [38;5;117m[DEBUG]: [0mThis is a debug message from thread 818-09-2026 00:29:34 [38;5;117m[DEBUG]: [0mThis is a debug message from thread 118-09-2026 00:29:34 [38;5;015m[INFO]: [0mThis is a info message from thread 1718-09-2026 00:29:34 [38;5;009m[ERROR]: [0mThis is a error message from thread 1518-09-2026 00:29:34 [38;5;015m[INFO]: [0mThis is a info message from thread 2018-09-2026 00:29:34 [38;5;009m[ERROR]: [0mThis is a error message from thread 018-09-2026 00:29:34 [38;5;117m[DEBUG]: [0mThis is a debug message from thread 2418-09-2026 00:29:34 [38;5;009m[ERROR]: [0mThis is a error message from thread 718-09-2026 00:29:34 [38;5;009m[ERROR]: [0mThis is a error message from thread 2818-09-2026 00:29:34 [38;5;009m[ERROR]: [0mThis is a error message from thread 918-09-2026 00:29:34 [38;5;117m[DEBUG]: [0mThis is a debug message from thread 2618-09-2026 00:29:34 [38;5;009m[ERROR]: [0mThis is a error message from thread 2018-09-2026 00:29:34 [38;5;015m[INFO]: [0mThis is a info message from thread 418-09-2026 00:29:34 [38;5;015m[INFO]: [0mThis is a info message from thread 2418-09-2026 00:29:34 [38;5;015m[INFO]: [0mThis is a info message from thread 118-09-2026 00:29:34 [38;5;015m[INFO]: [0mThis is a info message from thread 2518-09-2026 00:29:34 [38;5;117m[DEBUG]: [0mThis is a debug message from thread 018-09-2026 00:29:34 [38;5;117m[DEBUG]: [0mThis is a debug message from thread 718-09-2026 00:29:34 [38;5;015m[INFO]: [0mThis is a info message from thread 618-09-2026 00:29:34 [38;5;009m[ERROR]: [0mThis is a error message from thread 2718-09-2026 00:29:34 [38;5;117m[DEBUG]: [0mThis is a debug message from thread 2918-09-2026 00:29:34 [38;5;117m[DEBUG]: [0mThis is a debug message from thread 2018-09-2026 00:29:34 [38;5;117m[DEBUG]: [0mThis is a debug message from thread 1618-09-2026 00:29:34 [38;5;117m[DEBUG]: [0mThis is a debug message from thread 1318-09-2026 00:29:34 [38;5;009m[ERROR]: [0mThis is a error message from thread 1218-09-2026 00:29:34 [38;5;015m[INFO]: [0mThis is a info message from thread 1018-09-2026 00:29:34 [38;5;015m[INFO]: [0mThis is a info message from thread 1618-09-2026 00:29:34 [38;5;009m[ERROR]: [0mThis is a error message from thread 1718-09-2026 00:29:34 [38;5;117m[DEBUG]: [0mThis is a debug message from thread 1918-09-2026 00:29:34 [38;5;009m[ERROR]: [0mThis is a error message from thread 2118-09-2026 00:29:34 [38;5;015m[INFO]: [0mThis is a info message from thread 2918-09-2026 00:29:34 [38;5;009m[ERROR]: [0mThis is a error message from thread 2518-09-2026 00:29:34 [38;5;117m[DEBUG]: [0mThis is a debug message from thread 2318-09-2026 00:29:34 [38;5;015m[INFO]: [0mThis is a info message from thread 2018-09-2026 00:29:34 [38;5;117m[DEBUG]: [0mThis is a debug message from thread 1718-09-2026 00:29:34 [38;5;009m[ERROR]: [0mThis is a error message from thread 2918-09-2026 00:29:34 [38;5;015m[INFO]: [0mThis is a info message from thread 1718-09-2026 00:29:34 [38;5;015m[INFO]: [0mThis is a info message from thread 718-09-2026 00:29:34 [38;5;015m[INFO]: [0mThis is a info message from thread 2318-09-2026 00:29:34 [38;5;009m[ERROR]: [0mThis is a error message from thread 2018-09-2026 00:29:34 [38;5;117m[DEBUG]: [0mThis is a debug message from thread 2918-09-2026 00:29:34 [38;5;015m[INFO]: [0mThis is a info message from thread 1918-09-2026 00:29:34 [38;5;117m[DEBUG]: [0mThis is a debug message from thread 2118-09-2026 00:29:34 [38;5;009m[ERROR]: [0mThis is a error message from thread 1018-09-2026 00:29:34 [38;5;009m[ERROR]: [0mThis is a error message from thread 1718-09-2026 00:29:34 [38;5;117m[DEBUG]: [0mThis is a debug message from thread 2518-09-2026 00:29:34 [38;5;009m[ERROR]: [0mThis is a error message from thread 618-09-2026 00:29:34 [38;5;117m[DEBUG]: [0mThis is a debug message from thread 2018-09-2026 00:29:34 [38;5;117m[DEBUG]: [0mThis is a debug message from thread 1118-09-2026 00:29:34 [38;5;009m[ERROR]: [0mThis is a error message from thread 1618-09-2026 00:29:34 [38;5;117m[DEBUG]: [0mThis is a debug message from thread 1018-09-2026 00:29:34 [38;5;117m[DEBUG]: [0mThis is a debug message from thread 1418-09-2026 00:29:34 [38;5;117m[DEBUG]: [0mThis is a debug message from thread 918-09-2026 00:29:34 [38;5;117m[DEBUG]: [0mThis is a debug message from thread 2218-09-2026 00:29:34 [38;5;015m[INFO]: [0mThis is a info message from thread 1018-09-2026 00:29:34 [38;5;015m[INFO]: [0mThis is a info message from thread 1318-09-2026 00:29:34 [38;5;015m[INFO]: [0mThis is a info message from thread 818-09-2026 00:29:34 [38;5;009m[ERROR]: [0mThis is a error message from thread 1318-09-2026 00:29:34 [38;5;117m[DEBUG]: [0mThis is a debug message from thread 1618-09-2026 00:29:34 [38;5;117m[DEBUG]: [0mThis is a debug message from thread 1518-09-2026 00:29:34 [38;5;117m[DEBUG]: [0mThis is a debug message from thread 1318-09-2026 00:29:34 [38;5;117m[DEBUG]: [0mThis is a debug message from thread 318-09-2026 00:29:34 [38;5;015m[INFO]: [0mThis is a info message from thread 2218-09-2026 00:29:34 [38;5;015m[INFO]: [0mThis is a info message from thread 2518-09-2026 00:29:34 [38;5;117m[DEBUG]: [0mThis is a debug message from thread 518-09-2026 00:29:34 [38;5;015m[INFO]: [0mThis is a info message from thread 2118-09-2026 00:29:34 [38;5;117m[DEBUG]: [0mThis is a debug message from thread 1718-09-2026 00:29:34 [38;5;009m[ERROR]: [0mThis is a error message from thread 2218-09-2026 00:29:34 [38;5;015m[INFO]: [0mThis is a info message from thread 318-09-2026 00:29:34 [38;5;117m[DEBUG]: [0mThis is a debug message from thread 2718-09-2026 00:29:34 [38;5;009m[ERROR]: [0mThis is a error message from thread 718-09-2026 00:29:34 [38;5;009m[ERROR]: [0mThis is a error message from thread 2118-09-2026 00:29:34 [38;5;009m[ERROR]: [0mThis is a error message from thread 2318-09-2026 00:29:34 [38;5;015m[INFO]: [0mThis is a info message from thread 2718-09-2026 00:29:34 [38;5;117m[DEBUG]: [0mThis is a debug message from thread 2218-09-2026 00:29:34 [38;5;117m[DEBUG]: [0mThis is a debug message from thread 2318-09-2026 00:29:34 [38;5;015m[INFO]: [0mThis is a info message from thread 1718-09-2026 00:29:34 [38;5;015m[INFO]: [0mThis is a info message from thread 518-09-2026 00:29:34 [38;5;009m[ERROR]: [0mThis is a error message from thread 218-09-2026 00:29:34 [38;5;117m[DEBUG]: [0mThis is a debug message from thread 2118-09-2026 00:29:34 [38;5;015m[INFO]: [0mThis is a info message from thread 1618-09-2026 00:29:34 [38;5;009m[ERROR]: [0mThis is a error message from thread 518-09-2026 00:29:34 [38;5;015m[INFO]: [0mThis is a info message from thread 1518-09-2026 00:29:34 [38;5;117m[DEBUG]: [0mThis is a debug message from thread 518-09-2026 00:29:34 [38;5;009m[ERROR]: [0mThis is a error message from thread 1518-09-2026 00:29:34 [38;5;009m[ERROR]: [0mThis is a error message from thread 1618-09-2026 00:29:34 [38;5;009m[ERROR]: [0mThis is a error message from thread 318-09-2026 00:29:34 [38;5;009m[ERROR]: [0mThis is a error message from thread 2718-09-2026 00:29:34 [38;5;117m[DEBUG]: [0mThis is a debug message from thread 2718-09-2026 00:29:34 [38;5;117m[DEBUG]: [0mThis is a debug message from thread 1518-09-2026 00:29:34 [38;5;015m[INFO]: [0mThis is a info message from thread 2718-09-2026 00:29:34 [38;5;015m[INFO]: [0mThis is a info message from thread 2318-09-2026 00:29:34 [38;5;117m[DEBUG]: [0mThis is a debug message from thread 318-09-2026 00:29:34 [38;5;117m[DEBUG]: [0mThis is a debug message from thread 718-09-2026 00:29:34 [38;5;015m[INFO]: [0mThis is a info message from thread 2018-09-2026 00:29:34 [38;5;117m[DEBUG]: [0mThis is a debug message from thread 218-09-2026 00:29:34 [38;5;015m[INFO]: [0mThis is a info message from thread 2218-09-2026 00:29:34 [38;5;015m[INFO]: [0mThis is a info message from thread 2918-09-2026 00:29:34 [38;5;117m[DEBUG]: [0mThis is a debug message from thread 1618-09-2026 00:29:34 [38;5;117m[DEBUG]: [0mThis is a debug message from thread 618-09-2026 00:29:34 [38;5;015m[INFO]: [0mThis is a info message from thread 618-09-2026 00:29:34 [38;5;009m[ERROR]: [0mThis is a error message from thread 2318-09-2026 00:29:34 [38;5;015m[INFO]: [0mThis is a info message from thread 1818-09-2026 00:29:34 [38;5;009m[ERROR]: [0mThis is a error message from thread 2918-09-2026 00:29:34 [38;5;015m[INFO]: [0mThis is a info message from thread 1618-09-2026 00:29:34 [38;5;009m[ERROR]: [0mThis is a error message from thread 1918-09-2026 00:29:34 [38;5;009m[ERROR]: [0mThis is a error message from thread 2418-09-2026 00:29:34 [38;5;015m[INFO]: [0mThis is a info message from thread 1318-09-2026 00:29:34 [38;5;009m[ERROR]: [0mThis is a error message from thread 1818-09-2026 00:29:34 [38;5;117m[DEBUG]: [0mThis is a debug message from thread 2818-09-2026 00:29:34 [38;5;009m[ERROR]: [0mThis is a error message from thread 2518-09-2026 00:29:34 [38;5;009m[ERROR]: [0mThis is a error message from thread 2018-09-2026 00:29:34 [38;5;009m[ERROR]: [0mThis is a error message from thread 1318-09-2026 00:29:34 [38;5;009m[ERROR]: [0mThis is a error message from thread 1018-09-2026 00:29:34 [38;5;015m[INFO]: [0mThis is a info message from thread 718-09-2026 00:29:34 [38;5;015m[INFO]: [0mThis is a info message from thread 1518-09-2026 00:29:34 [38;5;015m[INFO]: [0mThis is a info message from thread 1418-09-2026 00:29:34 [38;5;009m[ERROR]: [0mThis is a error message from thread 418-09-2026 00:29:34 [38;5;015m[INFO]: [0mThis is a info message from thread 2818-09-2026 00:29:34 [38;5;117m[DEBUG]: [0mThis is a debug message from thread 1818-09-2026 00:29:34 [38;5;117m[DEBUG]: [0mThis is a debug message from thread 1318-09-2026 00:29:34 [38;5;009m[ERROR]: [0mThis is a error message from thread 818-09-2026 00:29:34 [38;5;117m[DEBUG]: [0mThis is a debug message from thread 1018-09-2026 00:29:34 [38;5;015m[INFO]: [0mThis is a info message from thread 318-09-2026 00:29:34 [38;5;015m[INFO]: [0mThis is a info message from thread 1118-09-2026 00:29:34 [38;5;015m[INFO]: [0mThis is a info message from thread 518-09-2026 00:29:34 [38;5;117m[DEBUG]: [0mThis is a debug message from thread 2318-09-2026 00:29:34 [38;5;015m[INFO]: [0mThis is a info message from thread 1018-09-2026 00:29:34 [38;5;015m[INFO]: [0mThis is a info message from thread 1318-09-2026 00:29:34 [38;5;009m[ERROR]: [0mThis is a error message from thread 618-09-2026 00:29:34 [38;5;009m[ERROR]: [0mThis is a error message from thread 2218-09-2026 00:29:34 [38;5;009m[ERROR]: [0mThis is a error message from thread 2818-09-2026 00:29:34 [38;5;015m[INFO]: [0mThis is a info message from thread 2118-09-2026 00:29:34 [38;5;009m[ERROR]: [0mThis is a error message from thread 2718-09-2026 00:29:34 [38;5;117m[DEBUG]: [0mThis is a debug message from thread 618-09-2026 00:29:34 [38;5;009m[ERROR]: [0mThis is a error message from thread 2118-09-2026 00:29:34 [38;5;117m[DEBUG]: [0mThis is a debug message from thread 2818-09-2026 00:29:34 [38;5;015m[INFO]: [0mThis is a info message from thread 618-09-2026 00:29:34 [38;5;015m[INFO]: [0mThis is a info message from thread 918-09-2026 00:29:34 [38;5;015m[INFO]: [0mThis is a info message from thread 2818-09-2026 00:29:34 [38;5;009m[ERROR]: [0mThis is a error message from thread 618-09-2026 00:29:34 [38;5;009m[ERROR]: [0mThis is a error message from thread 118-09-2026 00:29:34 [38;5;009m[ERROR]: [0mThis is a error message from thread 918-09-2026 00:29:34 [38;5;009m[ERROR]: [0mThis is a error message from thread 2818-09-2026 00:29:34 [38;5;117m[DEBUG]: [0mThis is a debug message from thread 118-09-2026 00:29:34 [38;5;117m[DEBUG]: [0mThis is a debug message from thread 918-09-2026 00:29:34 [38;5;117m[DEBUG]: [0mThis is a debug message from thread 2818-09-2026 00:29:34 [38;5;117m[DEBUG]: [0mThis is a debug message from thread 2518-09-2026 00:29:34 [38;5;015m[INFO]: [0mThis is a info message from thread 218-09-2026 00:29:34 [38;5;015m[INFO]: [0mThis is a info message from thread 2818-09-2026 00:29:34 [38;5;015m[INFO]: [0mThis is a info message from thread 118-09-2026 00:29:34 [38;5;015m[INFO]: [0mThis is a info message from thread 2618-09-2026 00:29:34 [38;5;009m[ERROR]: [0mThis is a error message from thread 218-09-2026 00:29:34 [38;5;015m[INFO]: [0mThis is a info message from thread 2518-09-2026 00:29:34 [38;5;009m[ERROR]: [0mThis is a error message from thread 2818-09-2026 00:29:34 [38;5;117m[DEBUG]: [0mThis is a debug message from thread 218-09-2026 00:29:34 [38;5;009m[ERROR]: [0mThis is a error message from thread 1318-09-2026 00:29:34 [38;5;009m[ERROR]: [0mThis is a error message from thread 2618-09-2026 00:29:34 [38;5;009m[ERROR]: [0mThis is a error message from thread 118-09-2026 00:29:34 [38;5;009m[ERROR]: [0mThis is a error message from thread 2518-09-2026 00:29:34 [38;5;117m[DEBUG]: [0mThis is a debug message from thread 1318-09-2026 00:29:34 [38;5;117m[DEBUG]: [0mThis is a debug message from thread 118-09-2026 00:29:34 [38;5;009m[ERROR]: [0mThis is a error message from thread 1018-09-2026 00:29:34 [38;5;117m[DEBUG]: [0mThis is a debug message from thread 2718-09-2026 00:29:34 [38;5;117m[DEBUG]: [0mThis is a debug message from thread 2518-09-2026 00:29:34 [38;5;117m[DEBUG]: [0mThis is a debug message from thread 2118-09-2026 00:29:34 [38;5;117m[DEBUG]: [0mThis is a debug message from thread 2818-09-2026 00:29:34 [38;5;009m[ERROR]: [0mThis is a error message from thread 518-09-2026 00:29:34 [38;5;015m[INFO]: [0mThis is a info message from thread 218-09-2026 00:29:34 [38;5;117m[DEBUG]: [0mThis is a debug message from thread 2218-09-2026 00:29:34 [38;5;015m[INFO]: [0mThis is a info message from thread 118-09-2026 00:29:34 [38;5;015m[INFO]: [0mThis is a info message from thread 2818-09-2026 00:29:34 [38;5;009m[ERROR]: [0mThis is a error message from thread 718-09-2026 00:29:34 [38;5;117m[DEBUG]: [0mThis is a debug message from thread 1918-09-2026 00:29:34 [38;5;015m[INFO]: [0mThis is a info message from thread 2318-09-2026 00:29:34 [38;5;015m[INFO]: [0mThis is a info message from thread 2518-09-2026 00:29:34 [38;5;117m[DEBUG]: [0mThis is a debug message from thread 2018-09-2026 00:29:34 [38;5;015m[INFO]: [0mThis is a info message from thread 2718-09-2026 00:29:34 [38;5;009m[ERROR]: [0mThis is a error message from thread 2518-09-2026 00:29:34 [38;5;015m[INFO]: [0mThis is a info message from thread 1918-09-2026 00:29:34 [38;5;015m[INFO]: [0mThis is a info message from thread 1318-09-2026 00:29:34 [38;5;117m[DEBUG]: [0mThis is a debug message from thread 518-09-2026 00:29:34 [38;5;009m[ERROR]: [0mThis is a error message from thread 1418-09-2026 00:29:34 [38;5;009m[ERROR]: [0mThis is a error message from thread 2718-09-2026 00:29:34 [38;5;015m[INFO]: [0mThis is a info message from thread 518-09-2026 00:29:34 [38;5;117m[DEBUG]: [0mThis is a debug message from thread 2918-09-2026 00:29:34 [38;5;015m[INFO]: [0mThis is a info message from thread 2018-09-2026 00:29:34 [38;5;117m[DEBUG]: [0mThis is a debug message from thread 418-09-2026 00:29:34 [38;5;117m[DEBUG]: [0mThis is a debug message from thread 2718-09-2026 00:29:34 [38;5;015m[INFO]: [0mThis is a info message from thread 018-09-2026 00:29:34 [38;5;015m[INFO]: [0mThis is a info message from thread 2918-09-2026 00:29:34 [38;5;015m[INFO]: [0mThis is a info message from thread 418-09-2026 00:29:34 [38;5;009m[ERROR]: [0mThis is a error message from thread 1918-09-2026 00:29:34 [38;5;009m[ERROR]: [0mThis is a error message from thread 1318-09-2026 00:29:34 [38;5;009m[ERROR]: [0mThis is a error message from thread 318-09-2026 00:29:34 [38;5;009m[ERROR]: [0mThis is a error message from thread 418-09-2026 00:29:34 [38;5;117m[DEBUG]: [0mThis is a debug message from thread 1318-09-2026 00:29:34 [38;5;117m[DEBUG]: [0mThis is a debug message from thread 1918-09-2026 00:29:34 [38;5;117m[DEBUG]: [0mThis is a debug message from thread 318-09-2026 00:29:34 [38;5;009m[ERROR]: [0mThis is a error message from thread 1618-09-2026 00:29:34 [38;5;117m[DEBUG]: [0mThis is a debug message from thread 418-09-2026 00:29:34 [38;5;015m[INFO]: [0mThis is a info message from thread 918-09-2026 00:29:34 [38;5;015m[INFO]: [0mThis is a info message from thread 2718-09-2026 00:29:34 [38;5;015m[INFO]: [0mThis is a info message from thread 418-09-2026 00:29:34 [38;5;117m[DEBUG]: [0mThis is a debug message from thread 1618-09-2026 00:29:34 [38;5;117m[DEBUG]: [0mThis is a debug message from thread 1218-09-2026 00:29:34 [38;5;009m[ERROR]: [0mThis is a error message from thread 418-09-2026 00:29:34 [38;5;009m[ERROR]: [0mThis is a error message from thread 1518-09-2026 00:29:34 [38;5;015m[INFO]: [0mThis is a info message from thread 1218-09-2026 00:29:34 [38;5;117m[DEBUG]: [0mThis is a debug message from thread 418-09-2026 00:29:34 [38;5;117m[DEBUG]: [0mThis is a debug message from thread 618-09-2026 00:29:34 [38;5;117m[DEBUG]: [0mThis is a debug message from thread 718-09-2026 00:29:34 [38;5;015m[INFO]: [0mThis is a info message from thread 1818-09-2026 00:29:34 [38;5;015m[INFO]: [0mThis is a info message from thread 1618-09-2026 00:29:34 [38;5;015m[INFO]: [0mThis is a info message from thread 1318-09-2026 00:29:34 [38;5;009m[ERROR]: [0mThis is a error message from thread 2318-09-2026 00:29:34 [38;5;009m[ERROR]: [0mThis is a error message from thread 1218-09-2026 00:29:34 [38;5;009m[ERROR]: [0mThis is a error message from thread 2018-09-2026 00:29:34 [38;5;117m[DEBUG]: [0mThis is a debug message from thread 818-09-2026 00:29:34 [38;5;009m[ERROR]: [0mThis is a error message from thread 1618-09-2026 00:29:34 [38;5;015m[INFO]: [0mThis is a info message from thread 718-09-2026 00:29:34 [38;5;117m[DEBUG]: [0mThis is a debug message from thread 2018-09-2026 00:29:34 [38;5;117m[DEBUG]: [0mThis is a debug message from thread 1518-09-2026 00:29:34 [38;5;015m[INFO]: [0mThis is a info message from thread 618-09-2026 00:29:34 [38;5;015m[INFO]: [0mThis is a info message from thread 418-09-2026 00:29:34 [38;5;117m[DEBUG]: [0mThis is a debug message from thread 2518-09-2026 00:29:34 [38;5;009m[ERROR]: [0mThis is a error message from thread 1818-09-2026 00:29:34 [38;5;009m[ERROR]: [0mThis is a error message from thread 2818-09-2026 00:29:34 [38;5;117m[DEBUG]: [0mThis is a debug message from thread 1618-09-2026 00:29:34 [38;5;009m[ERROR]: [0mThis is a error message from thread 918-09-2026 00:29:34 [38;5;009m[ERROR]: [0mThis is a error message from thread 1118-09-2026 00:29:34 [38;5;009m[ERROR]: [0mThis is a error message from thread 718-09-2026 00:29:34 [38;5;015m[INFO]: [0mThis is a info message from thread 2218-09-2026 00:29:34 [38;5;015m[INFO]: [0mThis is a info message from thread 2518-09-2026 00:29:34 [38;5;009m[ERROR]: [0mThis is a error message from thread 418-09-2026 00:29:34 [38;5;117m[DEBUG]: [0mThis is a debug message from thread 718-09-2026 00:29:34 [38;5;117m[DEBUG]: [0mThis is a debug message from thread 1018-09-2026 00:29:34 [38;5;015m[INFO]: [0mThis is a info message from thread 1618-09-2026 00:29:34 [38;5;009m[ERROR]: [0mThis is a error message from thread 518-09-2026 00:29:34 [38;5;015m[INFO]: [0mThis is a info message from thread 718-09-2026 00:29:34 [38;5;009m[ERROR]: [0mThis is a error message from thread 1618-09-2026 00:29:34 [38;5;117m[DEBUG]: [0mThis is a debug message from thread 2618-09-2026 00:29:34 [38;5;009m[ERROR]: [0mThis is a error message from thread 2918-09-2026 00:29:34 [38;5;117m[DEBUG]: [0mThis is a debug message from thread 1618-09-2026 00:29:34 [38;5;009m[ERROR]: [0mThis is a error message from thread 2518-09-2026 00:29:34 [38;5;015m[INFO]: [0mThis is a info message from thread 2018-09-2026 00:29:34 [38;5;009m[ERROR]: [0mThis is a error message from thread 018-09-2026 00:29:34 [38;5;009m[ERROR]: [0mThis is a error message from thread 2718-09-2026 00:29:34 [38;5;015m[INFO]: [0mThis is a info message from thread 318-09-2026 00:29:34 [38;5;009m[ERROR]: [0mThis is a error message from thread 2218-09-2026 00:29:34 [38;5;009m[ERROR]: [0mThis is a error message from thread 2018-09-2026 00:29:34 [38;5;015m[INFO]: [0mThis is a info message from thread 1618-09-2026 00:29:34 [38;5;117m[DEBUG]: [0mThis is a debug message from thread 2718-09-2026 00:29:34 [38;5;117m[DEBUG]: [0mThis is a debug message from thread 2018-09-2026 00:29:34 [38;5;117m[DEBUG]: [0mThis is a debug message from thread 1118-09-2026 00:29:34 [38;5;015m[INFO]: [0mThis is a info message from thread 2718-09-2026 00:29:34 [38;5;009m[ERROR]: [0mThis is a error message from thread 318-09-2026 00:29:34 [38;5;015m[INFO]: [0mThis is a info message from thread 1118-09-2026 00:29:34 [38;5;117m[DEBUG]: [0mThis is a debug message from thread 2818-09-2026 00:29:34 [38;5;015m[INFO]: [0mThis is a info message from thread 2018-09-2026 00:29:34 [38;5;015m[INFO]: [0mThis is a info message from thread 2818-09-2026 00:29:34 [38;5;015m[INFO]: [0mThis is a info message from thread 1518-09-2026 00:29:34 [38;5;015m[INFO]: [0mThis is a info message from thread 1018-09-2026 00:29:34 [38;5;009m[ERROR]: [0mThis is a error message from thread 1318-09-2026 00:29:34 [38;5;009m[ERROR]: [0mThis is a error message from thread 718-09-2026 00:29:34 [38;5;015m[INFO]: [0mThis is a info message from thread 2618-09-2026 00:29:34 [38;5;015m[INFO]: [0mThis is a info message from thread 2118-09-2026 00:29:34 [38;5;117m[DEBUG]: [0mThis is a debug message from thread 018-09-2026 00:29:34 [38;5;015m[INFO]: [0mThis is a info message from thread 818-09-2026 00:29:34 [38;5;009m[ERROR]: [0mThis is a error message from thread 2018-09-2026 00:29:34 [38;5;117m[DEBUG]: [0mThis is a debug message from thread 1418-09-2026 00:29:34 [38;5;117m[DEBUG]: [0mThis is a debug message from thread 1218-09-2026 00:29:34 [38;5;117m[DEBUG]: [0mThis is a debug message from thread 2218-09-2026 00:29:34 [38;5;009m[ERROR]: [0mThis is a error message from thread 1618-09-2026 00:29:34 [38;5;117m[DEBUG]: [0mThis is a debug message from thread 2418-09-2026 00:29:34 [38;5;009m[ERROR]: [0mThis is a error message from thread 1718-09-2026 00:29:34 [38;5;015m[INFO]: [0mThis is a info message from thread 1918-09-2026 00:29:34 [38;5;009m[ERROR]: [0mThis is a error message from thread 1018-09-2026 00:29:34 [38;5;117m[DEBUG]: [0mThis is a debug message from thread 418-09-2026 00:29:34 [38;5;117m[DEBUG]: [0mThis is a debug message from thread 2318-09-2026 00:29:34 [38;5;117m[DEBUG]: [0mThis is a debug message from thread 2018-09-2026 00:29:34 [38;5;009m[ERROR]: [0mThis is a error message from thread 2118-09-2026 00:29:34 [38;5;015m[INFO]: [0mThis is a info message from thread 018-09-2026 00:29:34 [38;5;009m[ERROR]: [0mThis is a error message from thread 218-09-2026 00:29:34 [38;5;009m[ERROR]: [0mThis is a error message from thread 2718-09-2026 00:29:34 [38;5;117m[DEBUG]: [0mThis is a debug message from thread 218-09-2026 00:29:34 [38;5;117m[DEBUG]: [0mThis is a debug message from thread 2118-09-2026 00:29:34 [38;5;015m[INFO]: [0mThis is a info message from thread 2018-09-2026 00:29:34 [38;5;117m[DEBUG]: [0mThis is a debug message from thread 1718-09-2026 00:29:34 [38;5;015m[INFO]: [0mThis is a info message from thread 1418-09-2026 00:29:34 [38;5;015m[INFO]: [0mThis is a info message from thread 1718-09-2026 00:29:34 [38;5;009m[ERROR]: [0mThis is a error message from thread 1918-09-2026 00:29:34 [38;5;009m[ERROR]: [0mThis is a error message from thread 2818-09-2026 00:29:34 [38;5;117m[DEBUG]: [0mThis is a debug message from thread 1018-09-2026 00:29:34 [38;5;009m[ERROR]: [0mThis is a error message from thread 1718-09-2026 00:29:34 [38;5;015m[INFO]: [0mThis is a info message from thread 418-09-2026 00:29:34 [38;5;009m[ERROR]: [0mThis is a error message from thread 018-09-2026 00:29:34 [38;5;015m[INFO]: [0mThis is a info message from thread 1018-09-2026 00:29:34 [38;5;117m[DEBUG]: [0mThis is a debug message from thread 018-09-2026 00:29:34 [38;5;009m[ERROR]: [0mThis is a error message from thread 1018-09-2026 00:29:34 [38;5;117m[DEBUG]: [0mThis is a debug message from thread 2518-09-2026 00:29:34 [38;5;117m[DEBUG]: [0mThis is a debug message from thread 2918-09-2026 00:29:34 [38;5;117m[DEBUG]: [0mThis is a debug message from thread 1018-09-2026 00:29:34 [38;5;117m[DEBUG]: [0mThis is a debug message from thread 1618-09-2026 00:29:34 [38;5;117m[DEBUG]: [0mThis is a debug message from thread 318-09-2026 00:29:34 [38;5;015m[INFO]: [0mThis is a info message from thread 1018-09-2026 00:29:34 [38;5;015m[INFO]: [0mThis is a info message from thread 018-09-2026 00:29:34 [38;5;009m[ERROR]: [0mThis is a error message from thread 418-09-2026 00:29:34 [38;5;009m[ERROR]: [0mThis is a error message from thread 1018-09-2026 00:29:34 [38;5;009m[ERROR]: [0mThis is a error message from thread 018-09-2026 00:29:34 [38;5;015m[INFO]: [0mThis is a info message from thread 218-09-2026 00:29:34 [38;5;015m[INFO]: [0mThis is a info message from thread 2118-09-2026 00:29:34 [38;5;015m[INFO]: [0mThis is a info message from thread 318-09-2026 00:29:34 [38;5;117m[DEBUG]: [0mThis is a debug message from thread 1318-09-2026 00:29:34 [38;5;009m[ERROR]: [0mThis is a error message from thread 818-09-2026 00:29:34 [38;5;009m[ERROR]: [0mThis is a error message from thread 118-09-2026 00:29:34 [38;5;009m[ERROR]: [0mThis is a error message from thread 618-09-2026 00:29:34 [38;5;117m[DEBUG]: [0mThis is a debug message from thread 2718-09-2026 00:29:34 [38;5;117m[DEBUG]: [0mThis is a debug message from thread 1718-09-2026 00:29:34 [38;5;117m[DEBUG]: [0mThis is a debug message from thread 018-09-2026 00:29:34 [38;5;009m[ERROR]: [0mThis is a error message from thread 2018-09-2026 00:29:34 [38;5;009m[ERROR]: [0mThis is a error message from thread 1418-09-2026 00:29:34 [38;5;015m[INFO]: [0mThis is a info message from thread 2918-09-2026 00:29:34 [38;5;117m[DEBUG]: [0mThis is a debug message from thread 518-09-2026 00:29:34 [38;5;015m[INFO]: [0mThis is a info message from thread 1218-09-2026 00:29:34 [38;5;117m[DEBUG]: [0mThis is a debug message from thread 418-09-2026 00:29:34 [38;5;117m[DEBUG]: [0mThis is a debug message from thread 2818-09-2026 00:29:34 [38;5;117m[DEBUG]: [0mThis is a debug message from thread 1918-09-2026 00:29:34 [38;5;117m[DEBUG]: [0mThis is a debug message from thread 818-09-2026 00:29:34 [38;5;009m[ERROR]: [0mThis is a error message from thread 218-09-2026 00:29:34 [38;5;015m[INFO]: [0mThis is a info message from thread 2518-09-2026 00:29:34 [38;5;117m[DEBUG]: [0mThis is a debug message from thread 618-09-2026 00:29:34 [38;5;117m[DEBUG]: [0mThis is a debug message from thread 918-09-2026 00:29:34 [38;5;015m[INFO]: [0mThis is a info message from thread 618-09-2026 00:29:34 [38;5;015m[INFO]: [0mThis is a info message from thread 1918-09-2026 00:29:34 [38;5;015m[INFO]: [0mThis is a info message from thread 818-09-2026 00:29:34 [38;5;015m[INFO]: [0mThis is a info message from thread 2318-09-2026 00:29:34 [38;5;009m[ERROR]: [0mThis is a error message from thread 2118-09-2026 00:29:34 [38;5;009m[ERROR]: [0mThis is a error message from thread 2518-09-2026 00:29:34 [38;5;015m[INFO]: [0mThis is a info message from thread 518-09-2026 00:29:34 [38;5;015m[INFO]: [0mThis is a info message from thread 1318-09-2026 00:29:34 [38;5;015m[INFO]: [0mThis is a info message from thread 2418-09-2026 00:29:34 [38;5;009m[ERROR]: [0mThis is a error message from thread 618-09-2026 00:29:34 [38;5;117m[DEBUG]: [0mThis is a debug message from thread 1018-09-2026 00:29:34 [38;5;009m[ERROR]: [0mThis is a error message from thread 518-09-2026 00:29:34 [38;5;117m[DEBUG]: [0mThis is a debug message from thread 2118-09-2026 00:29:34 [38;5;015m[INFO]: [0mThis is a info message from thread 1018-09-2026 00:29:34 [38;5;015m[INFO]: [0mThis is a info message from thread 918-09-2026 00:29:34 [38;5;009m[ERROR]: [0mThis is a error message from thread 2918-09-2026 00:29:34 [38;5;009m[ERROR]: [0mThis is a error message from thread 1318-09-2026 00:29:34 [38;5;117m[DEBUG]: [0mThis is a debug message from thread 618-09-2026 00:29:34 [38;5;117m[DEBUG]: [0mThis is a debug message from thread 218-09-2026 00:29:34 [38;5;015m[INFO]: [0mThis is a info message from thread 2818-09-2026 00:29:34 [38;5;117m[DEBUG]: [0mThis is a debug message from thread 718-09-2026 00:29:34 [38;5;117m[DEBUG]: [0mThis is a debug message from thread 518-09-2026 00:29:34 [38;5;009m[ERROR]: [0mThis is a error message from thread 2418-09-2026 00:29:34 [38;5;015m[INFO]: [0mThis is a info message from thread 018-09-2026 00:29:34 [38;5;117m[DEBUG]: [0mThis is a debug message from thread 1318-09-2026 00:29:34 [38;5;117m[DEBUG]: [0mThis is a debug message from thread 2518-09-2026 00:29:34 [38;5;015m[INFO]: [0mThis is a info message from thread 518-09-2026 00:29:34 [38;5;117m[DEBUG]: [0mThis is a debug message from thread 2918-09-2026 00:29:34 [38;5;117m[DEBUG]: [0mThis is a debug message from thread 2018-09-2026 00:29:34 [38;5;015m[INFO]: [0mThis is a info message from thread 418-09-2026 00:29:34 [38;5;009m[ERROR]: [0mThis is a error message from thread 018-09-2026 00:29:34 [38;5;009m[ERROR]: [0mThis is a error message from thread 518-09-2026 00:29:34 [38;5;009m[ERROR]: [0mThis is a error message from thread 1518-09-2026 00:29:34 [38;5;015m[INFO]: [0mThis is a info message from thread 2918-09-2026 00:29:34 [38;5;015m[INFO]: [0mThis is a info message from thread 718-09-2026 00:29:34 [38;5;117m[DEBUG]: [0mThis is a debug message from thread 118-09-2026 00:29:34 [38;5;015m[INFO]: [0mThis is a info message from thread 2018-09-2026 00:29:34 [38;5;117m[DEBUG]: [0mThis is a debug message from thread 018-09-2026 00:29:34 [38;5;009m[ERROR]: [0mThis is a error message from thread 1918-09-2026 00:29:34 [38;5;117m[DEBUG]: [0mThis is a debug message from thread 1418-09-2026 00:29:34 [38;5;015m[INFO]: [0mThis is a info message from thread 118-09-2026 00:29:34 [38;5;117m[DEBUG]: [0mThis is a debug message from thread 1918-09-2026 00:29:34 [38;5;117m[DEBUG]: [0mThis is a debug message from thread 1518-09-2026 00:29:34 [38;5;009m[ERROR]: [0mThis is a error message from thread 918-09-2026 00:29:34 [38;5;009m[ERROR]: [0mThis is a error message from thread 718-09-2026 00:29:34 [38;5;015m[INFO]: [0mThis is a info message from thread 618-09-2026 00:29:34 [38;5;117m[DEBUG]: [0mThis is a debug message from thread 918-09-2026 00:29:34 [38;5;015m[INFO]: [0mThis is a info message from thread 1418-09-2026 00:29:34 [38;5;009m[ERROR]: [0mThis is a error message from thread 2918-09-2026 00:29:34 [38;5;009m[ERROR]: [0mThis is a error message from thread 1018-09-2026 00:29:34 [38;5;015m[INFO]: [0mThis is a info message from thread 218-09-2026 00:29:34 [38;5;009m[ERROR]: [0mThis is a error message from thread 1418-09-2026 00:29:34 [38;5;117m[DEBUG]: [0mThis is a debug message from thread 2918-09-2026 00:29:34 [38;5;009m[ERROR]: [0mThis is a error message from thread 2818-09-2026 00:29:34 [38;5;117m[DEBUG]: [0mThis is a debug message from thread 1418-09-2026 00:29:34 [38;5;015m[INFO]: [0mThis is a info message from thread 2218-09-2026 00:29:34 [38;5;015m[INFO]: [0mThis is a info message from thread 2718-09-2026 00:29:34 [38;5;009m[ERROR]: [0mThis is a error message from thread 1118-09-2026 00:29:34 [38;5;009m[ERROR]: [0mThis is a error message from thread 2018-09-2026 00:29:34 [38;5;009m[ERROR]: [0mThis is a error message from thread 2218-09-2026 00:29:34 [38;5;009m[ERROR]: [0mThis is a error message from thread 2718-09-2026 00:29:34 [38;5;117m[DEBUG]: [0mThis is a debug message from thread 2218-09-2026 00:29:34 [38;5;015m[INFO]: [0mThis is a info message from thread 1318-09-2026 00:29:34 [38;5;015m[INFO]: [0mThis is a info message from thread 1418-09-2026 00:29:34 [38;5;117m[DEBUG]: [0mThis is a debug message from thread 2018-09-2026 00:29:34 [38;5;015m[INFO]: [0mThis is a info message from thread 2218-09-2026 00:29:34 [38;5;009m[ERROR]: [0mThis is a error message from thread 1318-09-2026 00:29:34 [38;5;117m[DEBUG]: [0mThis is a debug message from thread 2718-09-2026 00:29:34 [38;5;117m[DEBUG]: [0mThis is a debug message from thread 1318-09-2026 00:29:34 [38;5;015m[INFO]: [0mThis is a info message from thread 2018-09-2026 00:29:34 [38;5;015m[INFO]: [0mThis is a info message from thread 2718-09-2026 00:29:34 [38;5;009m[ERROR]: [0mThis is a error message from thread 2218-09-2026 00:29:34 [38;5;009m[ERROR]: [0mThis is a error message from thread 118-09-2026 00:29:34 [38;5;009m[ERROR]: [0mThis is a error message from thread 1418-09-2026 00:29:34 [38;5;117m[DEBUG]: [0mThis is a debug message from thread 2418-09-2026 00:29:34 [38;5;009m[ERROR]: [0mThis is a error message from thread 318-09-2026 00:29:34 [38;5;117m[DEBUG]: [0mThis is a debug message from thread 518-09-2026 00:29:34 [38;5;117m[DEBUG]: [0mThis is a debug message from thread 1118-09-2026 00:29:34 [38;5;015m[INFO]: [0mThis is a info message from thread 2418-09-2026 00:29:34 [38;5;015m[INFO]: [0mThis is a info message from thread 1618-09-2026 00:29:34 [38;5;117m[DEBUG]: [0mThis is a debug message from thread 118-09-2026 00:29:34 [38;5;015m[INFO]: [0mThis is a info message from thread 1518-09-2026 00:29:34 [38;5;009m[ERROR]: [0mThis is a error message from thread 1618-09-2026 00:29:34 [38;5;117m[DEBUG]: [0mThis is a debug message from thread 2218-09-2026 00:29:34 [38;5;015m[INFO]: [0mThis is a info message from thread 2118-09-2026 00:29:34 [38;5;009m[ERROR]: [0mThis is a error message from thread 418-09-2026 00:29:34 [38;5;117m[DEBUG]: [0mThis is a debug message from thread 1818-09-2026 00:29:34 [38;5;117m[DEBUG]: [0mThis is a debug message from thread 718-09-2026 00:29:34 [38;5;009m[ERROR]: [0mThis is a error message from thread 2118-09-2026 00:29:34 [38;5;015m[INFO]: [0mThis is a info message from thread 018-09-2026 00:29:34 [38;5;117m[DEBUG]: [0mThis is a debug message from thread 2818-09-2026 00:29:34 [38;5;015m[INFO]: [0mThis is a info message from thread 718-09-2026 00:29:34 [38;5;015m[INFO]: [0mThis is a info message from thread 1118-09-2026 00:29:34 [38;5;015m[INFO]: [0mThis is a info message from thread 2518-09-2026 00:29:34 [38;5;117m[DEBUG]: [0mThis is a debug message from thread 1418-09-2026 00:29:34 [38;5;015m[INFO]: [0mThis is a info message from thread 918-09-2026 00:29:34 [38;5;015m[INFO]: [0mThis is a info message from thread 1418-09-2026 00:29:34 [38;5;009m[ERROR]: [0mThis is a error message from thread 918-09-2026 00:29:34 [38;5;009m[ERROR]: [0mThis is a error message from thread 018-09-2026 00:29:34 [38;5;009m[ERROR]: [0mThis is a error message from thread 1418-09-2026 00:29:34 [38;5;009m[ERROR]: [0mThis is a error message from thread 818-09-2026 00:29:34 [38;5;009m[ERROR]: [0mThis is a error message from thread 218-09-2026 00:29:34 [38;5;009m[ERROR]: [0mThis is a error message from thread 2318-09-2026 00:29:34 [38;5;117m[DEBUG]: [0mThis is a debug message from thread 2118-09-2026 00:29:34 [38;5;009m[ERROR]: [0mThis is a error message from thread 1118-09-2026 00:29:34 [38;5;009m[ERROR]: [0mThis is a error message from thread 2618-09-2026 00:29:34 [38;5;117m[DEBUG]: [0mThis is a debug message from thread 318-09-2026 00:29:34 [38;5;015m[INFO]: [0mThis is a info message from thread 2218-09-2026 00:29:34 [38;5;015m[INFO]: [0mThis is a info message from thread 1818-09-2026 00:29:34 [38;5;015m[INFO]: [0mThis is a info message from thread 2918-09-2026 00:29:34 [38;5;117m[DEBUG]: [0mThis is a debug message from thread 1418-09-2026 00:29:34 [38;5;117m[DEBUG]: [0mThis is a debug message from thread 818-09-2026 00:29:34 [38;5;009m[ERROR]: [0mThis is a error message from thread 2018-09-2026 00:29:34 [38;5;015m[INFO]: [0mThis is a info message from thread 518-09-2026 00:29:34 [38;5;015m[INFO]: [0mThis is a info message from thread 2118-09-2026 00:29:34 [38;5;009m[ERROR]: [0mThis is a error message from thread 2718-09-2026 00:29:34 [38;5;009m[ERROR]: [0mThis is a error message from thread 1218-09-2026 00:29:34 [38;5;117m[DEBUG]: [0mThis is a debug message from thread 2618-09-2026 00:29:34 [38;5;009m[ERROR]: [0mThis is a error message from thread 1518-09-2026 00:29:34 [38;5;015m[INFO]: [0mThis is a info message from thread 118-09-2026 00:29:34 [38;5;009m[ERROR]: [0mThis is a error message from thread 2918-09-2026 00:29:34 [38;5;015m[INFO]: [0mThis is a info message from thread 1418-09-2026 00:29:34 [38;5;117m[DEBUG]: [0mThis is a debug message from thread 2018-09-2026 00:29:34 [38;5;015m[INFO]: [0mThis is a info message from thread 818-09-2026 00:29:34 [38;5;015m[INFO]: [0mThis is a info message from thread 1718-09-2026 00:29:34 [38;5;009m[ERROR]: [0mThis is a error message from thread 1418-09-2026 00:29:34 [38;5;015m[INFO]: [0mThis is a info message from thread 2018-09-2026 00:29:34 [38;5;117m[DEBUG]: [0mThis is a debug message from thread 1218-09-2026 00:29:34 [38;5;009m[ERROR]: [0mThis is a error message from thread 1718-09-2026 00:29:34 [38;5;009m[ERROR]: [0mThis is a error message from thread 2418-09-2026 00:29:34 [38;5;117m[DEBUG]: [0mThis is a debug message from thread 1618-09-2026 00:29:34 [38;5;117m[DEBUG]: [0mThis is a debug message from thread 2918-09-2026 00:29:34 [38;5;015m[INFO]: [0mThis is a info message from thread 1218-09-2026 00:29:34 [38;5;117m[DEBUG]: [0mThis is a debug message from thread 1718-09-2026 00:29:34 [38;5;117m[DEBUG]: [0mThis is a debug message from thread 218-09-2026 00:29:34 [38;5;117m[DEBUG]: [0mThis is a debug message from thread 418-09-2026 00:29:34 [38;5;009m[ERROR]: [0mThis is a error message from thread 818-09-2026 00:29:34 [38;5;117m[DEBUG]: [0mThis is a debug message from thread 2718-09-2026 00:29:34 [38;5;009m[ERROR]: [0mThis is a error message from thread 718-09-2026 00:29:34 [38;5;015m[INFO]: [0mThis is a info message from thread 2918-09-2026 00:29:34 [38;5;009m[ERROR]: [0mThis is a error message from thread 1218-09-2026 00:29:34 [38;5;015m[INFO]: [0mThis is a info message from thread 1718-09-2026 00:29:34 [38;5;015m[INFO]: [0mThis is a info message from thread 418-09-2026 00:29:34 [38;5;117m[DEBUG]: [0mThis is a debug message from thread 718-09-2026 00:29:34 [38;5;117m[DEBUG]: [0mThis is a debug message from thread 1018-09-2026 00:29:34 [38;5;009m[ERROR]: [0mThis is a error message from thread 2518-09-2026 00:29:34 [38;5;009m[ERROR]: [0mThis is a error message from thread 118-09-2026 00:29:34 [38;5;117m[DEBUG]: [0mThis is a debug message from thread 018-09-2026 00:29:34 [38;5;015m[INFO]: [0mThis is a info message from thread 1618-09-2026 00:29:34 [38;5;015m[INFO]: [0mThis is a info message from thread 218-09-2026 00:29:34 [38;5;015m[INFO]: [0mThis is a info message from thread 1018-09-2026 00:29:34 [38;5;015m[INFO]: [0mThis is a info message from thread 2818-09-2026 00:29:34 [38;5;117m[DEBUG]: [0mThis is a debug message from thread 918-09-2026 00:29:34 [38;5;015m[INFO]: [0mThis is a info message from thread 718-09-2026 00:29:34 [38;5;117m[DEBUG]: [0mThis is a debug message from thread 118-09-2026 00:29:34 [38;5;009m[ERROR]: [0mThis is a error message from thread 418-09-2026 00:29:34 [38;5;015m[INFO]: [0mThis is a info message from thread 1318-09-2026 00:29:34 [38;5;015m[INFO]: [0mThis is a info message from thread 918-09-2026 00:29:34 [38;5;009m[ERROR]: [0mThis is a error message from thread 1018-09-2026 00:29:34 [38;5;117m[DEBUG]: [0mThis is a debug message from thread 1118-09-2026 00:29:34 [38;5;009m[ERROR]: [0mThis is a error message from thread 2118-09-2026 00:29:34 [38;5;117m[DEBUG]: [0mThis is a debug message from thread 1418-09-2026 00:29:34 [38;5;015m[INFO]: [0mThis is a info message from thread 1418-09-2026 00:29:34 [38;5;009m[ERROR]: [0mThis is a error message from thread 918-09-2026 00:29:34 [38;5;117m[DEBUG]: [0mThis is a debug message from thread 418-09-2026 00:29:34 [38;5;009m[ERROR]: [0mThis is a error message from thread 1318-09-2026 00:29:34 [38;5;117m[DEBUG]: [0mThis is a debug message from thread 1518-09-2026 00:29:34 [38;5;117m[DEBUG]: [0mThis is a debug message from thread 1318-09-2026 00:29:34 [38;5;015m[INFO]: [0mThis is a info message from thread 418-09-2026 00:29:34 [38;5;009m[ERROR]: [0mThis is a error message from thread 418-09-2026 00:29:34 [38;5;015m[INFO]: [0mThis is a info message from thread 1318-09-2026 00:29:34 [38;5;117m[DEBUG]: [0mThis is a debug message from thread 418-09-2026 00:29:34 [38;5;015m[INFO]: [0mThis is a info message from thread 418-09-2026 00:29:34 [38;5;009m[ERROR]: [0mThis is a error message from thread 1418-09-2026 00:29:34 [38;5;015m[INFO]: [0mThis is a info message from thread 2618-09-2026 00:29:34 [38;5;117m[DEBUG]: [0mThis is a debug message from thread 918-09-2026 00:29:34 [38;5;117m[DEBUG]: [0mThis is a debug message from thread 2418-09-2026 00:29:34 [38;5;015m[INFO]: [0mThis is a info message from thread 918-09-2026 00:29:34 [38;5;009m[ERROR]: [0mThis is a error message from thread 618-09-2026 00:29:34 [38;5;015m[INFO]: [0mThis is a info message from thread 118-09-2026 00:29:34 [38;5;117m[DEBUG]: [0mThis is a debug message from thread 818-09-2026 00:29:34 [38;5;117m[DEBUG]: [0mThis is a debug message from thread 2518-09-2026 00:29:34 [38;5;009m[ERROR]: [0mThis is a error message from thread 2818-09-2026 00:29:34 [38;5;117m[DEBUG]: [0mThis is a debug message from thread 618-09-2026 00:29:34 [38;5;009m[ERROR]: [0mThis is a error message from thread 718-09-2026 00:29:34 [38;5;009m[ERROR]: [0mThis is a error message from thread 1818-09-2026 00:29:34 [38;5;009m[ERROR]: [0mThis is a error message from thread 918-09-2026 00:29:34 [38;5;009m[ERROR]: [0mThis is a error message from thread 2618-09-2026 00:29:34 [38;5;009m[ERROR]: [0mThis is a error message from thread 2218-09-2026 00:29:34 [38;5;015m[INFO]: [0mThis is a info message from thread 2518-09-2026 00:29:34 [38;5;009m[ERROR]: [0mThis is a error message from thread 1318-09-2026 00:29:34 [38;5;009m[ERROR]: [0mThis is a error message from thread 2018-09-2026 00:29:34 [38;5;015m[INFO]: [0mThis is a info message from thread 2718-09-2026 00:29:34 [38;5;117m[DEBUG]: [0mThis is a debug message from thread 2018-09-2026 00:29:34 [38;5;009m[ERROR]: [0mThis is a error message from thread 2918-09-2026 00:29:34 [38;5;117m[DEBUG]: [0mThis is a debug message from thread 2918-09-2026 00:29:34 [38;5;117m[DEBUG]: [0mThis is a debug message from thread 2818-09-2026 00:29:34 [38;5;009m[ERROR]: [0mThis is a error message from thread 418-09-2026 00:29:34 [38;5;015m[INFO]: [0mThis is a info message from thread 318-09-2026 00:29:34 [38;5;015m[INFO]: [0mThis is a info message from thread 818-09-2026 00:29:34 [38;5;009m[ERROR]: [0mThis is a error message from thread 818-09-2026 00:29:34 [38;5;009m[ERROR]: [0mThis is a error message from thread 118-09-2026 00:29:34 [38;5;015m[INFO]: [0mThis is a info message from thread 2018-09-2026 00:29:34 [38;5;117m[DEBUG]: [0mThis is a debug message from thread 818-09-2026 00:29:34 [38;5;015m[INFO]: [0mThis is a info message from thread 2818-09-2026 00:29:34 [38;5;117m[DEBUG]: [0mThis is a debug message from thread 1018-09-2026 00:29:34 [38;5;015m[INFO]: [0mThis is a info message from thread 018-09-2026 00:29:34 [38;5;009m[ERROR]: [0mThis is a error message from thread 018-09-2026 00:29:34 [38;5;009m[ERROR]: [0mThis is a error message from thread 2818-09-2026 00:29:34 [38;5;015m[INFO]: [0mThis is a info message from thread 818-09-2026 00:29:34 [38;5;009m[ERROR]: [0mThis is a error message from thread 818-09-2026 00:29:34 [38;5;117m[DEBUG]: [0mThis is a debug message from thread 418-09-2026 00:29:34 [38;5;117m[DEBUG]: [0mThis is a debug message from thread 1318-09-2026 00:29:34 [38;5;015m[INFO]: [0mThis is a info message from thread 1018-09-2026 00:29:34 [38;5;015m[INFO]: [0mThis is a info message from thread 1918-09-2026 00:29:34 [38;5;009m[ERROR]: [0mThis is a error message from thread 2018-09-2026 00:29:34 [38;5;117m[DEBUG]: [0mThis is a debug message from thread 2318-09-2026 00:29:34 [38;5;117m[DEBUG]: [0mThis is a debug message from thread 1218-09-2026 00:29:34 [38;5;015m[INFO]: [0mThis is a info message from thread 418-09-2026 00:29:34 [38;5;009m[ERROR]: [0mThis is a error message from thread 1918-09-2026 00:29:34 [38;5;117m[DEBUG]: [0mThis is a debug message from thread 2618-09-2026 00:29:34 [38;5;015m[INFO]: [0mThis is a info message from thread 1518-09-2026 00:29:34 [38;5;117m[DEBUG]: [0mThis is a debug message from thread 2118-09-2026 00:29:34 [38;5;015m[INFO]: [0mThis is a info message from thread 2618-09-2026 00:29:34 [38;5;015m[INFO]: [0mThis is a info message from thread 1318-09-2026 00:29:34 [38;5;117m[DEBUG]: [0mThis is a debug message from thread 2818-09-2026 00:29:34 [38;5;015m[INFO]: [0mThis is a info message from thread 2918-09-2026 00:29:34 [38;5;117m[DEBUG]: [0mThis is a debug message from thread 1918-09-2026 00:29:34 [38;5;015m[INFO]: [0mThis is a info message from thread 1118-09-2026 00:29:34 [38;5;015m[INFO]: [0mThis is a info message from thread 1218-09-2026 00:29:34 [38;5;117m[DEBUG]: [0mThis is a debug message from thread 1418-09-2026 00:29:34 [38;5;015m[INFO]: [0mThis is a info message from thread 2818-09-2026 00:29:34 [38;5;009m[ERROR]: [0mThis is a error message from thread 1118-09-2026 00:29:34 [38;5;117m[DEBUG]: [0mThis is a debug message from thread 2218-09-2026 00:29:34 [38;5;117m[DEBUG]: [0mThis is a debug message from thread 2018-09-2026 00:29:34 [38;5;009m[ERROR]: [0mThis is a error message from thread 1618-09-2026 00:29:34 [38;5;117m[DEBUG]: [0mThis is a debug message from thread 118-09-2026 00:29:34 [38;5;117m[DEBUG]: [0mThis is a debug message from thread 818-09-2026 00:29:34 [38;5;009m[ERROR]: [0mThis is a error message from thread 518-09-2026 00:29:34 [38;5;009m[ERROR]: [0mThis is a error message from thread 1218-09-2026 00:29:34 [38;5;015m[INFO]: [0mThis is a info message from thread 1918-09-2026 00:29:34 [38;5;117m[DEBUG]: [0mThis is a debug message from thread 018-09-2026 00:29:34 [38;5;117m[DEBUG]: [0mThis is a debug message from thread 718-09-2026 00:29:34 [38;5;015m[INFO]: [0mThis is a info message from thread 018-09-2026 00:29:34 [38;5;009m[ERROR]: [0mThis is a error message from thread 1918-09-2026 00:29:34 [38;5;009m[ERROR]: [0mThis is a error message from thread 2918-09-2026 00:29:34 [38;5;009m[ERROR]: [0mThis is a error message from thread 1318-09-2026 00:29:34 [38;5;117m[DEBUG]: [0mThis is a debug message from thread 1618-09-2026 00:29:34 [38;5;009m[ERROR]: [0mThis is a error message from thread 2518-09-2026 00:29:34 [38;5;015m[INFO]: [0mThis is a info message from thread 1418-09-2026 00:29:34 [38;5;009m[ERROR]: [0mThis is a error message from thread 318-09-2026 00:29:34 [38;5;015m[INFO]: [0mThis is a info message from thread 2318-09-2026 00:29:34 [38;5;015m[INFO]: [0mThis is a info message from thread 818-09-2026 00:29:34 [38;5;015m[INFO]: [0mThis is a info message from thread 2118-09-2026 00:29:34 [38;5;009m[ERROR]: [0mThis is a error message from thread 2618-09-2026 00:29:34 [38;5;009m[ERROR]: [0mThis is a error message from thread 018-09-2026 00:29:34 [38;5;009m[ERROR]: [0mThis is a error message from thread 2318-09-2026 00:29:34 [38;5;117m[DEBUG]: [0mThis is a debug message from thread 918-09-2026 00:29:34 [38;5;117m[DEBUG]: [0mThis is a debug message from thread 1218-09-2026 00:29:34 [38;5;117m[DEBUG]: [0mThis is a debug message from thread 2518-09-2026 00:29:34 [38;5;117m[DEBUG]: [0mThis is a debug message from thread 1318-09-2026 00:29:34 [38;5;009m[ERROR]: [0mThis is a error message from thread 1418-09-2026 00:29:34 [38;5;117m[DEBUG]: [0mThis is a debug message from thread 2618-09-2026 00:29:34 [38;5;009m[ERROR]: [0mThis is a error message from thread 818-09-2026 00:29:34 [38;5;009m[ERROR]: [0mThis is a error message from thread 2718-09-2026 00:29:34 [38;5;009m[ERROR]: [0mThis is a error message from thread 2118-09-2026 00:29:34 [38;5;117m[DEBUG]: [0mThis is a debug message from thread 818-09-2026 00:29:34 [38;5;117m[DEBUG]: [0mThis is a debug message from thread 018-09-2026 00:29:34 [38;5;117m[DEBUG]: [0mThis is a debug message from thread 2318-09-2026 00:29:34 [38;5;015m[INFO]: [0mThis is a info message from thread 1318-09-2026 00:29:34 [38;5;015m[INFO]: [0mThis is a info message from thread 1218-09-2026 00:29:34 [38;5;117m[DEBUG]: [0mThis is a debug message from thread 2918-09-2026 00:29:34 [38;5;009m[ERROR]: [0mThis is a error message from thread 1518-09-2026 00:29:34 [38;5;015m[INFO]: [0mThis is a info message from thread 2618-09-2026 00:29:34 [38;5;015m[INFO]: [0mThis is a info message from thread 2918-09-2026 00:29:34 [38;5;117m[DEBUG]: [0mThis is a debug message from thread 2718-09-2026 00:29:34 [38;5;009m[ERROR]: [0mThis is a error message from thread 1718-09-2026 00:29:34 [38;5;117m[DEBUG]: [0mThis is a debug message from thread 2118-09-2026 00:29:34 [38;5;117m[DEBUG]: [0mThis is a debug message from thread 1718-09-2026 00:29:34 [38;5;015m[INFO]: [0mThis is a info message from thread 2118-09-2026 00:29:34 [38;5;117m[DEBUG]: [0mThis is a debug message from thread 1518-09-2026 00:29:34 [38;5;117m[DEBUG]: [0mThis is a debug message from thread 1818-09-2026 00:29:34 [38;5;015m[INFO]: [0mThis is a info message from thread 618-09-2026 00:29:34 [38;5;015m[INFO]: [0mThis is a info message from thread 2418-09-2026 00:29:34 [38;5;009m[ERROR]: [0mThis is a error message from thread 1218-09-2026 00:29:34 [38;5;015m[INFO]: [0mThis is a info message from thread 018-09-2026 00:29:34 [38;5;009m[ERROR]: [0mThis is a error message from thread 1318-09-2026 00:29:34 [38;5;015m[INFO]: [0mThis is a info message from thread 2718-09-2026 00:29:34 [38;5;015m[INFO]: [0mThis is a info message from thread 118-09-2026 00:29:34 [38;5;015m[INFO]: [0mThis is a info message from thread 2218-09-2026 00:29:34 [38;5;117m[DEBUG]: [0mThis is a debug message from thread 1918-09-2026 00:29:34 [38;5;009m[ERROR]: [0mThis is a error message from thread 2418-09-2026 00:29:34 [38;5;009m[ERROR]: [0mThis is a error message from thread 2118-09-2026 00:29:34 [38;5;117m[DEBUG]: [0mThis is a debug message from thread 318-09-2026 00:29:34 [38;5;015m[INFO]: [0mThis is a info message from thread 1718-09-2026 00:29:34 [38;5;015m[INFO]: [0mThis is a info message from thread 818-09-2026 00:29:34 [38;5;015m[INFO]: [0mThis is a info message from thread 718-09-2026 00:29:34 [38;5;015m[INFO]: [0mThis is a info message from thread 2318-09-2026 00:29:34 [38;5;015m[INFO]: [0mThis is a info message from thread 918-09-2026 00:29:34 [38;5;117m[DEBUG]: [0mThis is a debug message from thread 2418-09-2026 00:29:34 [38;5;117m[DEBUG]: [0mThis is a debug message from thread 2118-09-2026 00:29:34 [38;5;009m[ERROR]: [0mThis is a error message from thread 818-09-2026 00:29:34 [38;5;009m[ERROR]: [0mThis is a error message from thread 1718-09-2026 00:29:34 [38;5;009m[ERROR]: [0mThis is a error message from thread 118-09-2026 00:29:34 [38;5;009m[ERROR]: [0mThis is a error message from thread 418-09-2026 00:29:34 [38;5;015m[INFO]: [0mThis is a info message from thread 2018-09-2026 00:29:34 [38;5;009m[ERROR]: [0mThis is a error message from thread 018-09-2026 00:29:34 [38;5;015m[INFO]: [0mThis is a info message from thread 1518-09-2026 00:29:34 [38;5;009m[ERROR]: [0mThis is a error message from thread 218-09-2026 00:29:34 [38;5;009m[ERROR]: [0mThis is a error message from thread 2918-09-2026 00:29:34 [38;5;009m[ERROR]: [0mThis is a error message from thread 2218-09-2026 00:29:34 [38;5;009m[ERROR]: [0mThis is a error message from thread 2318-09-2026 00:29:34 [38;5;117m[DEBUG]: [0mThis is a debug message from thread 1318-09-2026 00:29:34 [38;5;009m[ERROR]: [0mThis is a error message from thread 2018-09-2026 00:29:34 [38;5;015m[INFO]: [0mThis is a info message from thread 2418-09-2026 00:29:34 [38;5;009m[ERROR]: [0mThis is a error message from thread 1518-09-2026 00:29:34 [38;5;117m[DEBUG]: [0mThis is a debug message from thread 2918-09-2026 00:29:34 [38;5;117m[DEBUG]: [0mThis is a debug message from thread 418-09-2026 00:29:34 [38;5;117m[DEBUG]: [0mThis is a debug message from thread 2318-09-2026 00:29:34 [38;5;117m[DEBUG]: [0mThis is a debug message from thread 818-09-2026 00:29:34 [38;5;117m[DEBUG]: [0mThis is a debug message from thread 018-09-2026 00:29:34 [38;5;117m[DEBUG]: [0mThis is a debug message from thread 118-09-2026 00:29:34 [38;5;117m[DEBUG]: [0mThis is a debug message from thread 2218-09-2026 00:29:34 [38;5;015m[INFO]: [0mThis is a info message from thread 1318-09-2026 00:29:34 [38;5;009m[ERROR]: [0mThis is a error message from thread 2718-09-2026 00:29:34 [38;5;009m[ERROR]: [0mThis is a error message from thread 1018-09-2026 00:29:34 [38;5;015m[INFO]: [0mThis is a info message from thread 018-09-2026 00:29:34 [38;5;117m[DEBUG]: [0mThis is a debug message from thread 2718-09-2026 00:29:34 [38;5;117m[DEBUG]: [0mThis is a debug message from thread 1518-09-2026 00:29:34 [38;5;015m[INFO]: [0mThis is a info message from thread 2918-09-2026 00:29:34 [38;5;015m[INFO]: [0mThis is a info message from thread 1818-09-2026 00:29:34 [38;5;015m[INFO]: [0mThis is a info message from thread 1518-09-2026 00:29:34 [38;5;009m[ERROR]: [0mThis is a error message from thread 1318-09-2026 00:29:34 [38;5;015m[INFO]: [0mThis is a info message from thread 418-09-2026 00:29:34 [38;5;015m[INFO]: [0mThis is a info message from thread 2718-09-2026 00:29:34 [38;5;009m[ERROR]: [0mThis is a error message from thread 1818-09-2026 00:29:34 [38;5;015m[INFO]: [0mThis is a info message from thread 2318-09-2026 00:29:34 [38;5;015m[INFO]: [0mThis is a info message from thread 318-09-2026 00:29:34 [38;5;015m[INFO]: [0mThis is a info message from thread 1618-09-2026 00:29:34 [38;5;009m[ERROR]: [0mThis is a error message from thread 2618-09-2026 00:29:34 [38;5;009m[ERROR]: [0mThis is a error message from thread 2918-09-2026 00:29:34 [38;5;009m[ERROR]: [0mThis is a error message from thread 718-09-2026 00:29:34 [38;5;009m[ERROR]: [0mThis is a error message from thread 1618-09-2026 00:29:34 [38;5;117m[DEBUG]: [0mThis is a debug message from thread 1018-09-2026 00:29:34 [38;5;009m[ERROR]: [0mThis is a error message from thread 2718-09-2026 00:29:34 [38;5;117m[DEBUG]: [0mThis is a debug message from thread 1318-09-2026 00:29:34 [38;5;015m[INFO]: [0mThis is a info message from thread 118-09-2026 00:29:34 [38;5;117m[DEBUG]: [0mThis is a debug message from thread 2718-09-2026 00:29:34 [38;5;015m[INFO]: [0mThis is a info message from thread 2518-09-2026 00:29:34 [38;5;117m[DEBUG]: [0mThis is a debug message from thread 1818-09-2026 00:29:34 [38;5;117m[DEBUG]: [0mThis is a debug message from thread 218-09-2026 00:29:34 [38;5;015m[INFO]: [0mThis is a info message from thread 1318-09-2026 00:29:34 [38;5;117m[DEBUG]: [0mThis is a debug message from thread 1418-09-2026 00:29:34 [38;5;009m[ERROR]: [0mThis is a error message from thread 1318-09-2026 00:29:34 [38;5;015m[INFO]: [0mThis is a info message from thread 1018-09-2026 00:29:34 [38;5;117m[DEBUG]: [0mThis is a debug message from thread 2918-09-2026 00:29:34 [38;5;117m[DEBUG]: [0mThis is a debug message from thread 1318-09-2026 00:29:34 [38;5;009m[ERROR]: [0mThis is a error message from thread 2818-09-2026 00:29:34 [38;5;015m[INFO]: [0mThis is a info message from thread 1318-09-2026 00:29:34 [38;5;009m[ERROR]: [0mThis is a error message from thread 118-09-2026 00:29:34 [38;5;009m[ERROR]: [0mThis is a error message from thread 918-09-2026 00:29:34 [38;5;117m[DEBUG]: [0mThis is a debug message from thread 918-09-2026 00:29:34 [38;5;117m[DEBUG]: [0mThis is a debug message from thread 2818-09-2026 00:29:34 [38;5;009m[ERROR]: [0mThis is a error message from thread 418-09-2026 00:29:34 [38;5;009m[ERROR]: [0mThis is a error message from thread 1318-09-2026 00:29:34 [38;5;015m[INFO]: [0mThis is a info message from thread 1818-09-2026 00:29:34 [38;5;117m[DEBUG]: [0mThis is a debug message from thread 1318-09-2026 00:29:34 [38;5;117m[DEBUG]: [0mThis is a debug message from thread 2618-09-2026 00:29:34 [38;5;015m[INFO]: [0mThis is a info message from thread 2618-09-2026 00:29:34 [38;5;009m[ERROR]: [0mThis is a error message from thread 2618-09-2026 00:29:34 [38;5;117m[DEBUG]: [0mThis is a debug message from thread 1718-09-2026 00:29:34 [38;5;009m[ERROR]: [0mThis is a error message from thread 2518-09-2026 00:29:34 [38;5;015m[INFO]: [0mThis is a info message from thread 1318-09-2026 00:29:34 [38;5;015m[INFO]: [0mThis is a info message from thread 2818-09-2026 00:29:34 [38;5;009m[ERROR]: [0mThis is a error message from thread 1018-09-2026 00:29:34 [38;5;009m[ERROR]: [0mThis is a error message from thread 2818-09-2026 00:29:34 [38;5;117m[DEBUG]: [0mThis is a debug message from thread 1018-09-2026 00:29:34 [38;5;015m[INFO]: [0mThis is a info message from thread 1018-09-2026 00:29:34 [38;5;015m[INFO]: [0mThis is a info message from thread 2918-09-2026 00:29:34 [38;5;009m[ERROR]: [0mThis is a error message from thread 1818-09-2026 00:29:34 [38;5;117m[DEBUG]: [0mThis is a debug message from thread 418-09-2026 00:29:34 [38;5;015m[INFO]: [0mThis is a info message from thread 918-09-2026 00:29:34 [38;5;117m[DEBUG]: [0mThis is a debug message from thread 118-09-2026 00:29:34 [38;5;015m[INFO]: [0mThis is a info message from thread 2118-09-2026 00:29:34 [38;5;117m[DEBUG]: [0mThis is a debug message from thread 2018-09-2026 00:29:34 [38;5;009m[ERROR]: [0mThis is a error message from thread 2918-09-2026 00:29:34 [38;5;117m[DEBUG]: [0mThis is a debug message from thread 1218-09-2026 00:29:34 [38;5;117m[DEBUG]: [0mThis is a debug message from thread 1818-09-2026 00:29:34 [38;5;015m[INFO]: [0mThis is a info message from thread 1918-09-2026 00:29:34 [38;5;015m[INFO]: [0mThis is a info message from thread 2218-09-2026 00:29:34 [38;5;015m[INFO]: [0mThis is a info message from thread 818-09-2026 00:29:34 [38;5;117m[DEBUG]: [0mThis is a debug message from thread 2518-09-2026 00:29:34 [38;5;015m[INFO]: [0mThis is a info message from thread 418-09-2026 00:29:34 [38;5;117m[DEBUG]: [0mThis is a debug message from thread 518-09-2026 00:29:34 [38;5;009m[ERROR]: [0mThis is a error message from thread 418-09-2026 00:29:34 [38;5;117m[DEBUG]: [0mThis is a debug message from thread 2918-09-2026 00:29:34 [38;5;117m[DEBUG]: [0mThis is a debug message from thread 718-09-2026 00:29:34 [38;5;009m[ERROR]: [0mThis is a error message from thread 918-09-2026 00:29:34 [38;5;117m[DEBUG]: [0mThis is a debug message from thread 2818-09-2026 00:29:34 [38;5;009m[ERROR]: [0mThis is a error message from thread 2318-09-2026 00:29:34 [38;5;015m[INFO]: [0mThis is a info message from thread 1718-09-2026 00:29:34 [38;5;009m[ERROR]: [0mThis is a error message from thread 2218-09-2026 00:29:34 [38;5;117m[DEBUG]: [0mThis is a debug message from thread 918-09-2026 00:29:34 [38;5;009m[ERROR]: [0mThis is a error message from thread 1318-09-2026 00:29:34 [38;5;117m[DEBUG]: [0mThis is a debug message from thread 1618-09-2026 00:29:34 [38;5;015m[INFO]: [0mThis is a info message from thread 518-09-2026 00:29:34 [38;5;117m[DEBUG]: [0mThis is a debug message from thread 1318-09-2026 00:29:34 [38;5;015m[INFO]: [0mThis is a info message from thread 2918-09-2026 00:29:34 [38;5;117m[DEBUG]: [0mThis is a debug message from thread 418-09-2026 00:29:34 [38;5;009m[ERROR]: [0mThis is a error message from thread 318-09-2026 00:29:34 [38;5;015m[INFO]: [0mThis is a info message from thread 1218-09-2026 00:29:34 [38;5;009m[ERROR]: [0mThis is a error message from thread 1718-09-2026 00:29:34 [38;5;009m[ERROR]: [0mThis is a error message from thread 1918-09-2026 00:29:34 [38;5;015m[INFO]: [0mThis is a info message from thread 1618-09-2026 00:29:34 [38;5;009m[ERROR]: [0mThis is a error message from thread 2918-09-2026 00:29:34 [38;5;015m[INFO]: [0mThis is a info message from thread 118-09-2026 00:29:34 [38;5;015m[INFO]: [0mThis is a info message from thread 1318-09-2026 00:29:34 [38;5;009m[ERROR]: [0mThis is a error message from thread 1318-09-2026 00:29:34 [38;5;015m[INFO]: [0mThis is a info message from thread 918-09-2026 00:29:34 [38;5;117m[DEBUG]: [0mThis is a debug message from thread 1718-09-2026 00:29:34 [38;5;015m[INFO]: [0mThis is a info message from thread 718-09-2026 00:29:34 [38;5;117m[DEBUG]: [0mThis is a debug message from thread 1318-09-2026 00:29:34 [38;5;009m[ERROR]: [0mThis is a error message from thread 718-09-2026 00:29:34 [38;5;117m[DEBUG]: [0mThis is a debug message from thread 2918-09-2026 00:29:34 [38;5;009m[ERROR]: [0mThis is a error message from thread 918-09-2026 00:29:34 [38;5;009m[ERROR]: [0mThis is a error message from thread 618-09-2026 00:29:34 [38;5;117m[DEBUG]: [0mThis is a debug message from thread 2618-09-2026 00:29:34 [38;5;015m[INFO]: [0mThis is a info message from thread 2518-09-2026 00:29:34 [38;5;009m[ERROR]: [0mThis is a error message from thread 1618-09-2026 00:29:34 [38;5;015m[INFO]: [0mThis is a info message from thread 418-09-2026 00:29:34 [38;5;117m[DEBUG]: [0mThis is a debug message from thread 1918-09-2026 00:29:34 [38;5;117m[DEBUG]: [0mThis is a debug message from thread 918-09-2026 00:29:34 [38;5;009m[ERROR]: [0mThis is a error message from thread 118-09-2026 00:29:34 [38;5;009m[ERROR]: [0mThis is a error message from thread 018-09-2026 00:29:34 [38;5;015m[INFO]: [0mThis is a info message from thread 2918-09-2026 00:29:34 [38;5;015m[INFO]: [0mThis is a info message from thread 918-09-2026 00:29:34 [38;5;009m[ERROR]: [0mThis is a error message from thread 2118-09-2026 00:29:34 [38;5;117m[DEBUG]: [0mThis is a debug message from thread 018-09-2026 00:29:34 [38;5;117m[DEBUG]: [0mThis is a debug message from thread 1618-09-2026 00:29:34 [38;5;009m[ERROR]: [0mThis is a error message from thread 418-09-2026 00:29:34 [38;5;015m[INFO]: [0mThis is a info message from thread 2618-09-2026 00:29:34 [38;5;009m[ERROR]: [0mThis is a error message from thread 918-09-2026 00:29:34 [38;5;015m[INFO]: [0mThis is a info message from thread 1618-09-2026 00:29:34 [38;5;009m[ERROR]: [0mThis is a error message from thread 1618-09-2026 00:29:34 [38;5;015m[INFO]: [0mThis is a info message from thread 1918-09-2026 00:29:34 [38;5;009m[ERROR]: [0mThis is a error message from thread 2918-09-2026 00:29:34 [38;5;117m[DEBUG]: [0mThis is a debug message from thread 418-09-2026 00:29:34 [38;5;015m[INFO]: [0mThis is a info message from thread 218-09-2026 00:29:34 [38;5;015m[INFO]: [0mThis is a info message from thread 1818-09-2026 00:29:34 [38;5;015m[INFO]: [0mThis is a info message from thread 018-09-2026 00:29:34 [38;5;015m[INFO]: [0mThis is a info message from thread 418-09-2026 00:29:34 [38;5;117m[DEBUG]: [0mThis is a debug message from thread 118-09-2026 00:29:34 [38;5;117m[DEBUG]: [0mThis is a debug message from thread 1618-09-2026 00:29:34 [38;5;009m[ERROR]: [0mThis is a error message from thread 018-09-2026 00:29:34 [38;5;117m[DEBUG]: [0mThis is a debug message from thread 2918-09-2026 00:29:34 [38;5;009m[ERROR]: [0mThis is a error message from thread 418-09-2026 00:29:34 [38;5;015m[INFO]: [0mThis is a info message from thread 2718-09-2026 00:29:34 [38;5;117m[DEBUG]: [0mThis is a debug message from thread 418-09-2026 00:29:34 [38;5;015m[INFO]: [0mThis is a info message from thread 118-09-2026 00:29:34 [38;5;117m[DEBUG]: [0mThis is a debug message from thread 2218-09-2026 00:29:34 [38;5;015m[INFO]: [0mThis is a info message from thread 1418-09-2026 00:29:34 [38;5;009m[ERROR]: [0mThis is a error message from thread 2718-09-2026 00:29:34 [38;5;117m[DEBUG]: [0mThis is a debug message from thread 918-09-2026 00:29:34 [38;5;009m[ERROR]: [0mThis is a error message from thread 118-09-2026 00:29:34 [38;5;015m[INFO]: [0mThis is a info message from thread 1718-09-2026 00:29:34 [38;5;117m[DEBUG]: [0mThis is a debug message from thread 2318-09-2026 00:29:34 [38;5;009m[ERROR]: [0mThis is a error message from thread 1818-09-2026 00:29:34 [38;5;117m[DEBUG]: [0mThis is a debug message from thread 018-09-2026 00:29:34 [38;5;015m[INFO]: [0mThis is a info message from thread 2918-09-2026 00:29:34 [38;5;009m[ERROR]: [0mThis is a error message from thread 518-09-2026 00:29:34 [38;5;117m[DEBUG]: [0mThis is a debug message from thread 1818-09-2026 00:29:34 [38;5;015m[INFO]: [0mThis is a info message from thread 1618-09-2026 00:29:34 [38;5;117m[DEBUG]: [0mThis is a debug message from thread 318-09-2026 00:29:34 [38;5;009m[ERROR]: [0mThis is a error message from thread 1018-09-2026 00:29:34 [38;5;015m[INFO]: [0mThis is a info message from thread 018-09-2026 00:29:34 [38;5;009m[ERROR]: [0mThis is a error message from thread 2518-09-2026 00:29:34 [38;5;015m[INFO]: [0mThis is a info message from thread 418-09-2026 00:29:34 [38;5;009m[ERROR]: [0mThis is a error message from thread 1718-09-2026 00:29:34 [38;5;009m[ERROR]: [0mThis is a error message from thread 018-09-2026 00:29:34 [38;5;015m[INFO]: [0mThis is a info message from thread 918-09-2026 00:29:34 [38;5;009m[ERROR]: [0mThis is a error message from thread 1418-09-2026 00:29:34 [38;5;117m[DEBUG]: [0mThis is a debug message from thread 2518-09-2026 00:29:34 [38;5;117m[DEBUG]: [0mThis is a debug message from thread 518-09-2026 00:29:34 [38;5;117m[DEBUG]: [0mThis is a debug message from thread 1018-09-2026 00:29:34 [38;5;015m[INFO]: [0mThis is a info message from thread 2018-09-2026 00:29:34 [38;5;009m[ERROR]: [0mThis is a error message from thread 1218-09-2026 00:29:34 [38;5;117m[DEBUG]: [0mThis is a debug message from thread 118-09-2026 00:29:34 [38;5;009m[ERROR]: [0mThis is a error message from thread 2918-09-2026 00:29:34 [38;5;015m[INFO]: [0mThis is a info message from thread 1018-09-2026 00:29:34 [38;5;117m[DEBUG]: [0mThis is a debug message from thread 2918-09-2026 00:29:34 [38;5;117m[DEBUG]: [0mThis is a debug message from thread 618-09-2026 00:29:34 [38;5;009m[ERROR]: [0mThis is a error message from thread 818-09-2026 00:29:34 [38;5;117m[DEBUG]: [0mThis is a debug message from thread 1718-09-2026 00:29:34 [38;5;117m[DEBUG]: [0mThis is a debug message from thread 018-09-2026 00:29:34 [38;5;015m[INFO]: [0mThis is a info message from thread 018-09-2026 00:29:34 [38;5;009m[ERROR]: [0mThis is a error message from thread 918-09-2026 00:29:34 [38;5;009m[ERROR]: [0mThis is a error message from thread 1018-09-2026 00:29:34 [38;5;117m[DEBUG]: [0mThis is a debug message from thread 1118-09-2026 00:29:34 [38;5;009m[ERROR]: [0mThis is a error message from thread 1518-09-2026 00:29:34 [38;5;015m[INFO]: [0mThis is a info message from thread 1118-09-2026 00:29:34 [38;5;015m[INFO]: [0mThis is a info message from thread 2518-09-2026 00:29:34 [38;5;117m[DEBUG]: [0mThis is a debug message from thread 918-09-2026 00:29:34 [38;5;015m[INFO]: [0mThis is a info message from thread 2918-09-2026 00:29:34 [38;5;117m[DEBUG]: [0mThis is a debug message from thread 818-09-2026 00:29:34 [38;5;117m[DEBUG]: [0mThis is a debug message from thread 1218-09-2026 00:29:34 [38;5;117m[DEBUG]: [0mThis is a debug message from thread 1418-09-2026 00:29:34 [38;5;009m[ERROR]: [0mThis is a error message from thread 1118-09-2026 00:29:34 [38;5;015m[INFO]: [0mThis is a info message from thread 918-09-2026 00:29:34 [38;5;117m[DEBUG]: [0mThis is a debug message from thread 1518-09-2026 00:29:34 [38;5;117m[DEBUG]: [0mThis is a debug message from thread 1118-09-2026 00:29:34 [38;5;015m[INFO]: [0mThis is a info message from thread 118-09-2026 00:29:34 [38;5;117m[DEBUG]: [0mThis is a debug message from thread 1018-09-2026 00:29:34 [38;5;015m[INFO]: [0mThis is a info message from thread 618-09-2026 00:29:34 [38;5;015m[INFO]: [0mThis is a info message from thread 1118-09-2026 00:29:34 [38;5;015m[INFO]: [0mThis is a info message from thread 1518-09-2026 00:29:34 [38;5;015m[INFO]: [0mThis is a info message from thread 1018-09-2026 00:29:34 [38;5;117m[DEBUG]: [0mThis is a debug message from thread 2118-09-2026 00:29:34 [38;5;015m[INFO]: [0mThis is a info message from thread 818-09-2026 00:29:34 [38;5;015m[INFO]: [0mThis is a info message from thread 1218-09-2026 00:29:34 [38;5;009m[ERROR]: [0mThis is a error message from thread 618-09-2026 00:29:34 [38;5;009m[ERROR]: [0mThis is a error message from thread 1918-09-2026 00:29:34 [38;5;015m[INFO]: [0mThis is a info message from thread 2818-09-2026 00:29:34 [38;5;009m[ERROR]: [0mThis is a error message from thread 2918-09-2026 00:29:34 [38;5;015m[INFO]: [0mThis is a info message from thread 1418-09-2026 00:29:34 [38;5;009m[ERROR]: [0mThis is a error message from thread 1018-09-2026 00:29:34 [38;5;117m[DEBUG]: [0mThis is a debug message from thread 618-09-2026 00:29:34 [38;5;009m[ERROR]: [0mThis is a error message from thread 1518-09-2026 00:29:34 [38;5;117m[DEBUG]: [0mThis is a debug message from thread 1018-09-2026 00:29:34 [38;5;009m[ERROR]: [0mThis is a error message from thread 2518-09-2026 00:29:34 [38;5;009m[ERROR]: [0mThis is a error message from thread 2818-09-2026 00:29:34 [38;5;009m[ERROR]: [0mThis is a error message from thread 2418-09-2026 00:29:34 [38;5;009m[ERROR]: [0mThis is a error message from thread 118-09-2026 00:29:34 [38;5;015m[INFO]: [0mThis is a info message from thread 1318-09-2026 00:29:34 [38;5;009m[ERROR]: [0mThis is a error message from thread 1418-09-2026 00:29:34 [38;5;015m[INFO]: [0mThis is a info message from thread 618-09-2026 00:29:34 [38;5;009m[ERROR]: [0mThis is a error message from thread 818-09-2026 00:29:34 [38;5;117m[DEBUG]: [0mThis is a debug message from thread 1518-09-2026 00:29:34 [38;5;117m[DEBUG]: [0mThis is a debug message from thread 2418-09-2026 00:29:34 [38;5;009m[ERROR]: [0mThis is a error message from thread 1618-09-2026 00:29:34 [38;5;117m[DEBUG]: [0mThis is a debug message from thread 118-09-2026 00:29:34 [38;5;117m[DEBUG]: [0mThis is a debug message from thread 2918-09-2026 00:29:34 [38;5;015m[INFO]: [0mThis is a info message from thread 1818-09-2026 00:29:34 [38;5;015m[INFO]: [0mThis is a info message from thread 318-09-2026 00:29:34 [38;5;015m[INFO]: [0mThis is a info message from thread 1518-09-2026 00:29:34 [38;5;009m[ERROR]: [0mThis is a error message from thread 1318-09-2026 00:29:34 [38;5;117m[DEBUG]: [0mThis is a debug message from thread 1618-09-2026 00:29:34 [38;5;009m[ERROR]: [0mThis is a error message from thread 618-09-2026 00:29:34 [38;5;015m[INFO]: [0mThis is a info message from thread 1618-09-2026 00:29:34 [38;5;015m[INFO]: [0mThis is a info message from thread 2418-09-2026 00:29:34 [38;5;117m[DEBUG]: [0mThis is a debug message from thread 1418-09-2026 00:29:34 [38;5;009m[ERROR]: [0mThis is a error message from thread 1518-09-2026 00:29:34 [38;5;117m[DEBUG]: [0mThis is a debug message from thread 818-09-2026 00:29:34 [38;5;117m[DEBUG]: [0mThis is a debug message from thread 1518-09-2026 00:29:34 [38;5;015m[INFO]: [0mThis is a info message from thread 1018-09-2026 00:29:34 [38;5;117m[DEBUG]: [0mThis is a debug message from thread 1318-09-2026 00:29:34 [38;5;009m[ERROR]: [0mThis is a error message from thread 1018-09-2026 00:29:34 [38;5;009m[ERROR]: [0mThis is a error message from thread 1618-09-2026 00:29:34 [38;5;015m[INFO]: [0mThis is a info message from thread 2918-09-2026 00:29:34 [38;5;015m[INFO]: [0mThis is a info message from thread 518-09-2026 00:29:34 [38;5;117m[DEBUG]: [0mThis is a debug message from thread 618-09-2026 00:29:34 [38;5;117m[DEBUG]: [0mThis is a debug message from thread 1618-09-2026 00:29:34 [38;5;009m[ERROR]: [0mThis is a error message from thread 518-09-2026 00:29:34 [38;5;015m[INFO]: [0mThis is a info message from thread 818-09-2026 00:29:34 [38;5;015m[INFO]: [0mThis is a info message from thread 1518-09-2026 00:29:34 [38;5;117m[DEBUG]: [0mThis is a debug message from thread 718-09-2026 00:29:34 [38;5;117m[DEBUG]: [0mThis is a debug message from thread 518-09-2026 00:29:34 [38;5;015m[INFO]: [0mThis is a info message from thread 1318-09-2026 00:29:34 [38;5;009m[ERROR]: [0mThis is a error message from thread 1518-09-2026 00:29:34 [38;5;015m[INFO]: [0mThis is a info message from thread 718-09-2026 00:29:34 [38;5;117m[DEBUG]: [0mThis is a debug message from thread 1018-09-2026 00:29:34 [38;5;015m[INFO]: [0mThis is a info message from thread 1018-09-2026 00:29:34 [38;5;009m[ERROR]: [0mThis is a error message from thread 1818-09-2026 00:29:34 [38;5;009m[ERROR]: [0mThis is a error message from thread 718-09-2026 00:29:34 [38;5;015m[INFO]: [0mThis is a info message from thread 518-09-2026 00:29:34 [38;5;009m[ERROR]: [0mThis is a error message from thread 818-09-2026 00:29:34 [38;5;117m[DEBUG]: [0mThis is a debug message from thread 2718-09-2026 00:29:34 [38;5;009m[ERROR]: [0mThis is a error message from thread 518-09-2026 00:29:34 [38;5;015m[INFO]: [0mThis is a info message from thread 1418-09-2026 00:29:34 [38;5;117m[DEBUG]: [0mThis is a debug message from thread 1518-09-2026 00:29:34 [38;5;015m[INFO]: [0mThis is a info message from thread 118-09-2026 00:29:34 [38;5;009m[ERROR]: [0mThis is a error message from thread 1318-09-2026 00:29:34 [38;5;009m[ERROR]: [0mThis is a error message from thread 1118-09-2026 00:29:34 [38;5;009m[ERROR]: [0mThis is a error message from thread 2618-09-2026 00:29:34 [38;5;009m[ERROR]: [0mThis is a error message from thread 918-09-2026 00:29:34 [38;5;015m[INFO]: [0mThis is a info message from thread 1518-09-2026 00:29:34 [38;5;009m[ERROR]: [0mThis is a error message from thread 2918-09-2026 00:29:34 [38;5;117m[DEBUG]: [0mThis is a debug message from thread 2518-09-2026 00:29:34 [38;5;117m[DEBUG]: [0mThis is a debug message from thread 2618-09-2026 00:29:34 [38;5;117m[DEBUG]: [0mThis is a debug message from thread 1118-09-2026 00:29:34 [38;5;009m[ERROR]: [0mThis is a error message from thread 1218-09-2026 00:29:34 [38;5;009m[ERROR]: [0mThis is a error message from thread 418-09-2026 00:29:34 [38;5;117m[DEBUG]: [0mThis is a debug message from thread 918-09-2026 00:29:34 [38;5;015m[INFO]: [0mThis is a info message from thread 1718-09-2026 00:29:34 [38;5;009m[ERROR]: [0mThis is a error message from thread 1518-09-2026 00:29:34 [38;5;015m[INFO]: [0mThis is a info message from thread 2218-09-2026 00:29:34 [38;5;009m[ERROR]: [0mThis is a error message from thread 118-09-2026 00:29:34 [38;5;117m[DEBUG]: [0mThis is a debug message from thread 418-09-2026 00:29:34 [38;5;009m[ERROR]: [0mThis is a error message from thread 2018-09-2026 00:29:34 [38;5;117m[DEBUG]: [0mThis is a debug message from thread 518-09-2026 00:29:34 [38;5;015m[INFO]: [0mThis is a info message from thread 2718-09-2026 00:29:34 [38;5;009m[ERROR]: [0mThis is a error message from thread 1718-09-2026 00:29:34 [38;5;117m[DEBUG]: [0mThis is a debug message from thread 2018-09-2026 00:29:34 [38;5;117m[DEBUG]: [0mThis is a debug message from thread 1918-09-2026 00:29:34 [38;5;117m[DEBUG]: [0mThis is a debug message from thread 1518-09-2026 00:29:34 [38;5;009m[ERROR]: [0mThis is a error message from thread 1418-09-2026 00:29:34 [38;5;015m[INFO]: [0mThis is a info message from thread 418-09-2026 00:29:34 [38;5;015m[INFO]: [0mThis is a info message from thread 1118-09-2026 00:29:34 [38;5;117m[DEBUG]: [0mThis is a debug message from thread 118-09-2026 00:29:34 [38;5;117m[DEBUG]: [0mThis is a debug message from thread 1318-09-2026 00:29:34 [38;5;015m[INFO]: [0mThis is a info message from thread 2318-09-2026 00:29:34 [38;5;015m[INFO]: [0mThis is a info message from thread 2518-09-2026 00:29:34 [38;5;015m[INFO]: [0mThis is a info message from thread 2018-09-2026 00:29:34 [38;5;015m[INFO]: [0mThis is a info message from thread 1318-09-2026 00:29:34 [38;5;009m[ERROR]: [0mThis is a error message from thread 2318-09-2026 00:29:34 [38;5;009m[ERROR]: [0mThis is a error message from thread 418-09-2026 00:29:34 [38;5;015m[INFO]: [0mThis is a info message from thread 1918-09-2026 00:29:34 [38;5;117m[DEBUG]: [0mThis is a debug message from thread 1418-09-2026 00:29:34 [38;5;015m[INFO]: [0mThis is a info message from thread 918-09-2026 00:29:34 [38;5;117m[DEBUG]: [0mThis is a debug message from thread 2918-09-2026 00:29:34 [38;5;009m[ERROR]: [0mThis is a error message from thread 918-09-2026 00:29:34 [38;5;009m[ERROR]: [0mThis is a error message from thread 2018-09-2026 00:29:34 [38;5;117m[DEBUG]: [0mThis is a debug message from thread 418-09-2026 00:29:34 [38;5;009m[ERROR]: [0mThis is a error message from thread 218-09-2026 00:29:34 [38;5;009m[ERROR]: [0mThis is a error message from thread 1018-09-2026 00:29:34 [38;5;117m[DEBUG]: [0mThis is a debug message from thread 218-09-2026 00:29:34 [38;5;009m[ERROR]: [0mThis is a error message from thread 2218-09-2026 00:29:34 [38;5;015m[INFO]: [0mThis is a info message from thread 118-09-2026 00:29:34 [38;5;009m[ERROR]: [0mThis is a error message from thread 118-09-2026 00:29:34 [38;5;117m[DEBUG]: [0mThis is a debug message from thread 2218-09-2026 00:29:34 [38;5;009m[ERROR]: [0mThis is a error message from thread 2518-09-2026 00:29:34 [38;5;015m[INFO]: [0mThis is a info message from thread 1418-09-2026 00:29:34 [38;5;117m[DEBUG]: [0mThis is a debug message from thread 1018-09-2026 00:29:34 [38;5;015m[INFO]: [0mThis is a info message from thread 1018-09-2026 00:29:34 [38;5;015m[INFO]: [0mThis is a info message from thread 218-09-2026 00:29:34 [38;5;015m[INFO]: [0mThis is a info message from thread 618-09-2026 00:29:34 [38;5;015m[INFO]: [0mThis is a info message from thread 418-09-2026 00:29:34 [38;5;117m[DEBUG]: [0mThis is a debug message from thread 718-09-2026 00:29:34 [38;5;117m[DEBUG]: [0mThis is a debug message from thread 1718-09-2026 00:29:34 [38;5;009m[ERROR]: [0mThis is a error message from thread 018-09-2026 00:29:34 [38;5;009m[ERROR]: [0mThis is a error message from thread 1018-09-2026 00:29:34 [38;5;015m[INFO]: [0mThis is a info message from thread 718-09-2026 00:29:34 [38;5;009m[ERROR]: [0mThis is a error message from thread 418-09-2026 00:29:34 [38;5;015m[INFO]: [0mThis is a info message from thread 2218-09-2026 00:29:34 [38;5;117m[DEBUG]: [0mThis is a debug message from thread 2318-09-2026 00:29:34 [38;5;117m[DEBUG]: [0mThis is a debug message from thread 1018-09-2026 00:29:34 [38;5;015m[INFO]: [0mThis is a info message from thread 2318-09-2026 00:29:34 [38;5;015m[INFO]: [0mThis is a info message from thread 1018-09-2026 00:29:34 [38;5;117m[DEBUG]: [0mThis is a debug message from thread 118-09-2026 00:29:34 [38;5;009m[ERROR]: [0mThis is a error message from thread 1018-09-2026 00:29:34 [38;5;015m[INFO]: [0mThis is a info message from thread 118-09-2026 00:29:34 [38;5;117m[DEBUG]: [0mThis is a debug message from thread 2018-09-2026 00:29:34 [38;5;009m[ERROR]: [0mThis is a error message from thread 2218-09-2026 00:29:34 [38;5;117m[DEBUG]: [0mThis is a debug message from thread 1218-09-2026 00:29:34 [38;5;009m[ERROR]: [0mThis is a error message from thread 2318-09-2026 00:29:34 [38;5;009m[ERROR]: [0mThis is a error message from thread 318-09-2026 00:29:34 [38;5;117m[DEBUG]: [0mThis is a debug message from thread 2518-09-2026 00:29:34 [38;5;009m[ERROR]: [0mThis is a error message from thread 218-09-2026 00:29:34 [38;5;117m[DEBUG]: [0mThis is a debug message from thread 2818-09-2026 00:29:34 [38;5;015m[INFO]: [0mThis is a info message from thread 1218-09-2026 00:29:34 [38;5;117m[DEBUG]: [0mThis is a debug message from thread 2318-09-2026 00:29:34 [38;5;015m[INFO]: [0mThis is a info message from thread 2618-09-2026 00:29:34 [38;5;015m[INFO]: [0mThis is a info message from thread 518-09-2026 00:29:34 [38;5;009m[ERROR]: [0mThis is a error message from thread 1218-09-2026 00:29:34 [38;5;015m[INFO]: [0mThis is a info message from thread 2318-09-2026 00:29:34 [38;5;009m[ERROR]: [0mThis is a error message from thread 2718-09-2026 00:29:34 [38;5;117m[DEBUG]: [0mThis is a debug message from thread 2718-09-2026 00:29:34 [38;5;015m[INFO]: [0mThis is a info message from thread 2918-09-2026 00:29:34 [38;5;015m[INFO]: [0mThis is a info message from thread 1618-09-2026 00:29:34 [38;5;009m[ERROR]: [0mThis is a error message from thread 118-09-2026 00:29:34 [38;5;009m[ERROR]: [0mThis is a error message from thread 1418-09-2026 00:29:34 [38;5;009m[ERROR]: [0mThis is a error message from thread 718-09-2026 00:29:34 [38;5;117m[DEBUG]: [0mThis is a debug message from thread 918-09-2026 00:29:34 [38;5;117m[DEBUG]: [0mThis is a debug message from thread 718-09-2026 00:29:34 [38;5;009m[ERROR]: [0mThis is a error message from thread 518-09-2026 00:29:34 [38;5;015m[INFO]: [0mThis is a info message from thread 918-09-2026 00:29:34 [38;5;009m[ERROR]: [0mThis is a error message from thread 618-09-2026 00:29:34 [38;5;009m[ERROR]: [0mThis is a error message from thread 918-09-2026 00:29:34 [38;5;117m[DEBUG]: [0mThis is a debug message from thread 918-09-2026 00:29:34 [38;5;009m[ERROR]: [0mThis is a error message from thread 1618-09-2026 00:29:34 [38;5;015m[INFO]: [0mThis is a info message from thread 718-09-2026 00:29:34 [38;5;117m[DEBUG]: [0mThis is a debug message from thread 1818-09-2026 00:29:34 [38;5;009m[ERROR]: [0mThis is a error message from thread 718-09-2026 00:29:34 [38;5;117m[DEBUG]: [0mThis is a debug message from thread 818-09-2026 00:29:34 [38;5;117m[DEBUG]: [0mThis is a debug message from thread 518-09-2026 00:29:34 [38;5;015m[INFO]: [0mThis is a info message from thread 1818-09-2026 00:29:34 [38;5;117m[DEBUG]: [0mThis is a debug message from thread 718-09-2026 00:29:34 [38;5;117m[DEBUG]: [0mThis is a debug message from thread 2218-09-2026 00:29:34 [38;5;009m[ERROR]: [0mThis is a error message from thread 2918-09-2026 00:29:34 [38;5;117m[DEBUG]: [0mThis is a debug message from thread 218-09-2026 00:29:34 [38;5;015m[INFO]: [0mThis is a info message from thread 718-09-2026 00:29:34 [38;5;117m[DEBUG]: [0mThis is a debug message from thread 618-09-2026 00:29:34 [38;5;015m[INFO]: [0mThis is a info message from thread 2118-09-2026 00:29:34 [38;5;117m[DEBUG]: [0mThis is a debug message from thread 1018-09-2026 00:29:34 [38;5;117m[DEBUG]: [0mThis is a debug message from thread 418-09-2026 00:29:34 [38;5;009m[ERROR]: [0mThis is a error message from thread 2418-09-2026 00:29:34 [38;5;015m[INFO]: [0mThis is a info message from thread 1718-09-2026 00:29:34 [38;5;015m[INFO]: [0mThis is a info message from thread 1518-09-2026 00:29:34 [38;5;009m[ERROR]: [0mThis is a error message from thread 718-09-2026 00:29:34 [38;5;117m[DEBUG]: [0mThis is a debug message from thread 018-09-2026 00:29:34 [38;5;015m[INFO]: [0mThis is a info message from thread 618-09-2026 00:29:34 [38;5;015m[INFO]: [0mThis is a info message from thread 2518-09-2026 00:29:34 [38;5;015m[INFO]: [0mThis is a info message from thread 518-09-2026 00:29:34 [38;5;009m[ERROR]: [0mThis is a error message from thread 618-09-2026 00:29:34 [38;5;015m[INFO]: [0mThis is a info message from thread 018-09-2026 00:29:34 [38;5;015m[INFO]: [0mThis is a info message from thread 1018-09-2026 00:29:34 [38;5;009m[ERROR]: [0mThis is a error message from thread 018-09-2026 00:29:34 [38;5;009m[ERROR]: [0mThis is a error message from thread 1118-09-2026 00:29:34 [38;5;117m[DEBUG]: [0mThis is a debug message from thread 718-09-2026 00:29:34 [38;5;009m[ERROR]: [0mThis is a error message from thread 2518-09-2026 00:29:34 [38;5;009m[ERROR]: [0mThis is a error message from thread 2118-09-2026 00:29:34 [38;5;015m[INFO]: [0mThis is a info message from thread 2718-09-2026 00:29:34 [38;5;015m[INFO]: [0mThis is a info message from thread 918-09-2026 00:29:34 [38;5;117m[DEBUG]: [0mThis is a debug message from thread 318-09-2026 00:29:34 [38;5;117m[DEBUG]: [0mThis is a debug message from thread 1218-09-2026 00:29:34 [38;5;009m[ERROR]: [0mThis is a error message from thread 1318-09-2026 00:29:34 [38;5;009m[ERROR]: [0mThis is a error message from thread 2318-09-2026 00:29:34 [38;5;009m[ERROR]: [0mThis is a error message from thread 518-09-2026 00:29:34 [38;5;117m[DEBUG]: [0mThis is a debug message from thread 1418-09-2026 00:29:34 [38;5;117m[DEBUG]: [0mThis is a debug message from thread 1318-09-2026 00:29:34 [38;5;009m[ERROR]: [0mThis is a error message from thread 1018-09-2026 00:29:34 [38;5;015m[INFO]: [0mThis is a info message from thread 1218-09-2026 00:29:34 [38;5;117m[DEBUG]: [0mThis is a debug message from thread 118-09-2026 00:29:34 [38;5;009m[ERROR]: [0mThis is a error message from thread 1818-09-2026 00:29:34 [38;5;009m[ERROR]: [0mThis is a error message from thread 1218-09-2026 00:29:34 [38;5;015m[INFO]: [0mThis is a info message from thread 1318-09-2026 00:29:34 [38;5;015m[INFO]: [0mThis is a info message from thread 118-09-2026 00:29:34 [38;5;117m[DEBUG]: [0mThis is a debug message from thread 518-09-2026 00:29:34 [38;5;015m[INFO]: [0mThis is a info message from thread 1418-09-2026 00:29:34 [38;5;117m[DEBUG]: [0mThis is a debug message from thread 2318-09-2026 00:29:34 [38;5;009m[ERROR]: [0mThis is a error message from thread 118-09-2026 00:29:34 [38;5;015m[INFO]: [0mThis is a info message from thread 2218-09-2026 00:29:34 [38;5;117m[DEBUG]: [0mThis is a debug message from thread 1018-09-2026 00:29:34 [38;5;117m[DEBUG]: [0mThis is a debug message from thread 2518-09-2026 00:29:34 [38;5;117m[DEBUG]: [0mThis is a debug message from thread 2118-09-2026 00:29:34 [38;5;009m[ERROR]: [0mThis is a error message from thread 1318-09-2026 00:29:34 [38;5;117m[DEBUG]: [0mThis is a debug message from thread 1218-09-2026 00:29:34 [38;5;117m[DEBUG]: [0mThis is a debug message from thread 018-09-2026 00:29:34 [38;5;015m[INFO]: [0mThis is a info message from thread 1218-09-2026 00:29:34 [38;5;117m[DEBUG]: [0mThis is a debug message from thread 118-09-2026 00:29:34 [38;5;009m[ERROR]: [0mThis is a error message from thread 1418-09-2026 00:29:34 [38;5;117m[DEBUG]: [0mThis is a debug message from thread 2418-09-2026 00:29:34 [38;5;009m[ERROR]: [0mThis is a error message from thread 2218-09-2026 00:29:34 [38;5;117m[DEBUG]: [0mThis is a debug message from thread 1118-09-2026 00:29:34 [38;5;015m[INFO]: [0mThis is a info message from thread 418-09-2026 00:29:34 [38;5;009m[ERROR]: [0mThis is a error message from thread 1518-09-2026 00:29:34 [38;5;009m[ERROR]: [0mThis is a error message from thread 1718-09-2026 00:29:34 [38;5;009m[ERROR]: [0mThis is a error message from thread 2618-09-2026 00:29:34 [38;5;015m[INFO]: [0mThis is a info message from thread 018-09-2026 00:29:34 [38;5;117m[DEBUG]: [0mThis is a debug message from thread 1618-09-2026 00:29:34 [38;5;117m[DEBUG]: [0mThis is a debug message from thread 2218-09-2026 00:29:34 [38;5;015m[INFO]: [0mThis is a info message from thread 2018-09-2026 00:29:34 [38;5;015m[INFO]: [0mThis is a info message from thread 2418-09-2026 00:29:34 [38;5;015m[INFO]: [0mThis is a info message from thread 2118-09-2026 00:29:34 [38;5;009m[ERROR]: [0mThis is a error message from thread 1218-09-2026 00:29:34 [38;5;015m[INFO]: [0mThis is a info message from thread 518-09-2026 00:29:34 [38;5;009m[ERROR]: [0mThis is a error message from thread 2018-09-2026 00:29:34 [38;5;117m[DEBUG]: [0mThis is a debug message from thread 1518-09-2026 00:29:34 [38;5;015m[INFO]: [0mThis is a info message from thread 318-09-2026 00:29:34 [38;5;015m[INFO]: [0mThis is a info message from thread 118-09-2026 00:29:34 [38;5;009m[ERROR]: [0mThis is a error message from thread 2718-09-2026 00:29:34 [38;5;117m[DEBUG]: [0mThis is a debug message from thread 1218-09-2026 00:29:34 [38;5;015m[INFO]: [0mThis is a info message from thread 2518-09-2026 00:29:34 [38;5;015m[INFO]: [0mThis is a info message from thread 1518-09-2026 00:29:34 [38;5;009m[ERROR]: [0mThis is a error message from thread 118-09-2026 00:29:34 [38;5;009m[ERROR]: [0mThis is a error message from thread 2518-09-2026 00:29:34 [38;5;117m[DEBUG]: [0mThis is a debug message from thread 2518-09-2026 00:29:34 [38;5;117m[DEBUG]: [0mThis is a debug message from thread 118-09-2026 00:29:34 [38;5;015m[INFO]: [0mThis is a info message from thread 2218-09-2026 00:29:34 [38;5;009m[ERROR]: [0mThis is a error message from thread 2118-09-2026 00:29:34 [38;5;015m[INFO]: [0mThis is a info message from thread 1018-09-2026 00:29:34 [38;5;009m[ERROR]: [0mThis is a error message from thread 1018-09-2026 00:29:34 [38;5;015m[INFO]: [0mThis is a info message from thread 118-09-2026 00:29:34 [38;5;015m[INFO]: [0mThis is a info message from thread 2518-09-2026 00:29:34 [38;5;009m[ERROR]: [0mThis is a error message from thread 2218-09-2026 00:29:34 [38;5;117m[DEBUG]: [0mThis is a debug message from thread 2118-09-2026 00:29:34 [38;5;117m[DEBUG]: [0mThis is a debug message from thread 1018-09-2026 00:29:34 [38;5;117m[DEBUG]: [0mThis is a debug message from thread 1318-09-2026 00:29:34 [38;5;117m[DEBUG]: [0mThis is a debug message from thread 2018-09-2026 00:29:34 [38;5;009m[ERROR]: [0mThis is a error message from thread 018-09-2026 00:29:34 [38;5;009m[ERROR]: [0mThis is a error message from thread 318-09-2026 00:29:34 [38;5;117m[DEBUG]: [0mThis is a debug message from thread 2218-09-2026 00:29:34 [38;5;015m[INFO]: [0mThis is a info message from thread 1018-09-2026 00:29:34 [38;5;015m[INFO]: [0mThis is a info message from thread 2018-09-2026 00:29:34 [38;5;009m[ERROR]: [0mThis is a error message from thread 2418-09-2026 00:29:34 [38;5;015m[INFO]: [0mThis is a info message from thread 2118-09-2026 00:29:34 [38;5;015m[INFO]: [0mThis is a info message from thread 1318-09-2026 00:29:34 [38;5;117m[DEBUG]: [0mThis is a debug message from thread 1818-09-2026 00:29:34 [38;5;015m[INFO]: [0mThis is a info message from thread 218-09-2026 00:29:34 [38;5;117m[DEBUG]: [0mThis is a debug message from thread 318-09-2026 00:29:34 [38;5;009m[ERROR]: [0mThis is a error message from thread 118-09-2026 00:29:34 [38;5;009m[ERROR]: [0mThis is a error message from thread 2118-09-2026 00:29:34 [38;5;117m[DEBUG]: [0mThis is a debug message from thread 018-09-2026 00:29:34 [38;5;015m[INFO]: [0mThis is a info message from thread 1218-09-2026 00:29:34 [38;5;009m[ERROR]: [0mThis is a error message from thread 1918-09-2026 00:29:34 [38;5;009m[ERROR]: [0mThis is a error message from thread 1318-09-2026 00:29:34 [38;5;117m[DEBUG]: [0mThis is a debug message from thread 2118-09-2026 00:29:34 [38;5;015m[INFO]: [0mThis is a info message from thread 718-09-2026 00:29:34 [38;5;117m[DEBUG]: [0mThis is a debug message from thread 2918-09-2026 00:29:34 [38;5;015m[INFO]: [0mThis is a info message from thread 2918-09-2026 00:29:34 [38;5;009m[ERROR]: [0mThis is a error message from thread 718-09-2026 00:29:34 [38;5;009m[ERROR]: [0mThis is a error message from thread 1218-09-2026 00:29:34 [38;5;117m[DEBUG]: [0mThis is a debug message from thread 1318-09-2026 00:29:34 [38;5;117m[DEBUG]: [0mThis is a debug message from thread 1218-09-2026 00:29:34 [38;5;117m[DEBUG]: [0mThis is a debug message from thread 1918-09-2026 00:29:34 [38;5;015m[INFO]: [0mThis is a info message from thread 2318-09-2026 00:29:34 [38;5;117m[DEBUG]: [0mThis is a debug message from thread 2418-09-2026 00:29:34 [38;5;117m[DEBUG]: [0mThis is a debug message from thread 718-09-2026 00:29:34 [38;5;015m[INFO]: [0mThis is a info message from thread 1318-09-2026 00:29:34 [38;5;015m[INFO]: [0mThis is a info message from thread 718-09-2026 00:29:34 [38;5;009m[ERROR]: [0mThis is a error message from thread 2018-09-2026 00:29:34 [38;5;009m[ERROR]: [0mThis is a error message from thread 718-09-2026 00:29:34 [38;5;015m[INFO]: [0mThis is a info message from thread 1818-09-2026 00:29:34 [38;5;117m[DEBUG]: [0mThis is a debug message from thread 2018-09-2026 00:29:34 [38;5;009m[ERROR]: [0mThis is a error message from thread 1818-09-2026 00:29:34 [38;5;117m[DEBUG]: [0mThis is a debug message from thread 1818-09-2026 00:29:34 [38;5;015m[INFO]: [0mThis is a info message from thread 1818-09-2026 00:29:34 [38;5;117m[DEBUG]: [0mThis is a debug message from thread 718-09-2026 00:29:34 [38;5;009m[ERROR]: [0mThis is a error message from thread 1318-09-2026 00:29:34 [38;5;117m[DEBUG]: [0mThis is a debug message from thread 618-09-2026 00:29:34 [38;5;015m[INFO]: [0mThis is a info message from thread 2418-09-2026 00:29:34 [38;5;015m[INFO]: [0mThis is a info message from thread 2818-09-2026 00:29:34 [38;5;117m[DEBUG]: [0mThis is a debug message from thread 1418-09-2026 00:29:34 [38;5;015m[INFO]: [0mThis is a info message from thread 1118-09-2026 00:29:34 [38;5;009m[ERROR]: [0mThis is a error message from thread 2918-09-2026 00:29:34 [38;5;015m[INFO]: [0mThis is a info message from thread 1418-09-2026 00:29:34 [38;5;009m[ERROR]: [0mThis is a error message from thread 2818-09-2026 00:29:34 [38;5;015m[INFO]: [0mThis is a info message from thread 718-09-2026 00:29:34 [38;5;009m[ERROR]: [0mThis is a error message from thread 518-09-2026 00:29:34 [38;5;117m[DEBUG]: [0mThis is a debug message from thread 2718-09-2026 00:29:34 [38;5;117m[DEBUG]: [0mThis is a debug message from thread 2818-09-2026 00:29:34 [38;5;117m[DEBUG]: [0mThis is a debug message from thread 1318-09-2026 00:29:34 [38;5;009m[ERROR]: [0mThis is a error message from thread 1418-09-2026 00:29:34 [38;5;009m[ERROR]: [0mThis is a error message from thread 718-09-2026 00:29:34 [38;5;009m[ERROR]: [0mThis is a error message from thread 1018-09-2026 00:29:34 [38;5;009m[ERROR]: [0mThis is a error message from thread 2418-09-2026 00:29:34 [38;5;015m[INFO]: [0mThis is a info message from thread 2218-09-2026 00:29:34 [38;5;009m[ERROR]: [0mThis is a error message from thread 2518-09-2026 00:29:34 [38;5;015m[INFO]: [0mThis is a info message from thread 1918-09-2026 00:29:34 [38;5;009m[ERROR]: [0mThis is a error message from thread 1118-09-2026 00:29:34 [38;5;117m[DEBUG]: [0mThis is a debug message from thread 1418-09-2026 00:29:34 [38;5;117m[DEBUG]: [0mThis is a debug message from thread 1018-09-2026 00:29:34 [38;5;117m[DEBUG]: [0mThis is a debug message from thread 518-09-2026 00:29:34 [38;5;117m[DEBUG]: [0mThis is a debug message from thread 2418-09-2026 00:29:34 [38;5;117m[DEBUG]: [0mThis is a debug message from thread 2918-09-2026 00:29:34 [38;5;009m[ERROR]: [0mThis is a error message from thread 1918-09-2026 00:29:34 [38;5;015m[INFO]: [0mThis is a info message from thread 1418-09-2026 00:29:34 [38;5;015m[INFO]: [0mThis is a info message from thread 518-09-2026 00:29:34 [38;5;117m[DEBUG]: [0mThis is a debug message from thread 1918-09-2026 00:29:34 [38;5;015m[INFO]: [0mThis is a info message from thread 2918-09-2026 00:29:34 [38;5;015m[INFO]: [0mThis is a info message from thread 1918-09-2026 00:29:34 [38;5;009m[ERROR]: [0mThis is a error message from thread 1418-09-2026 00:29:34 [38;5;009m[ERROR]: [0mThis is a error message from thread 2918-09-2026 00:29:34 [38;5;009m[ERROR]: [0mThis is a error message from thread 518-09-2026 00:29:34 [38;5;015m[INFO]: [0mThis is a info message from thread 1618-09-2026 00:29:34 [38;5;015m[INFO]: [0mThis is a info message from thread 018-09-2026 00:29:34 [38;5;015m[INFO]: [0mThis is a info message from thread 1018-09-2026 00:29:34 [38;5;009m[ERROR]: [0mThis is a error message from thread 1818-09-2026 00:29:34 [38;5;117m[DEBUG]: [0mThis is a debug message from thread 1118-09-2026 00:29:34 [38;5;015m[INFO]: [0mThis is a info message from thread 2418-09-2026 00:29:34 [38;5;015m[INFO]: [0mThis is a info message from thread 2818-09-2026 00:29:34 [38;5;117m[DEBUG]: [0mThis is a debug message from thread 718-09-2026 00:29:34 [38;5;117m[DEBUG]: [0mThis is a debug message from thread 118-09-2026 00:29:34 [38;5;015m[INFO]: [0mThis is a info message from thread 818-09-2026 00:29:34 [38;5;015m[INFO]: [0mThis is a info message from thread 1318-09-2026 00:29:34 [38;5;009m[ERROR]: [0mThis is a error message from thread 1618-09-2026 00:29:34 [38;5;015m[INFO]: [0mThis is a info message from thread 2118-09-2026 00:29:34 [38;5;009m[ERROR]: [0mThis is a error message from thread 218-09-2026 00:29:34 [38;5;009m[ERROR]: [0mThis is a error message from thread 018-09-2026 00:29:34 [38;5;009m[ERROR]: [0mThis is a error message from thread 1018-09-2026 00:29:34 [38;5;015m[INFO]: [0mThis is a info message from thread 118-09-2026 00:29:34 [38;5;009m[ERROR]: [0mThis is a error message from thread 918-09-2026 00:29:34 [38;5;117m[DEBUG]: [0mThis is a debug message from thread 1018-09-2026 00:29:34 [38;5;117m[DEBUG]: [0mThis is a debug message from thread 518-09-2026 00:29:34 [38;5;009m[ERROR]: [0mThis is a error message from thread 118-09-2026 00:29:34 [38;5;015m[INFO]: [0mThis is a info message from thread 318-09-2026 00:29:34 [38;5;009m[ERROR]: [0mThis is a error message from thread 2318-09-2026 00:29:34 [38;5;015m[INFO]: [0mThis is a info message from thread 1218-09-2026 00:29:34 [38;5;015m[INFO]: [0mThis is a info message from thread 1118-09-2026 00:29:34 [38;5;117m[DEBUG]: [0mThis is a debug message from thread 2618-09-2026 00:29:34 [38;5;009m[ERROR]: [0mThis is a error message from thread 1918-09-2026 00:29:34 [38;5;117m[DEBUG]: [0mThis is a debug message from thread 1718-09-2026 00:29:34 [38;5;009m[ERROR]: [0mThis is a error message from thread 1518-09-2026 00:29:34 [38;5;015m[INFO]: [0mThis is a info message from thread 518-09-2026 00:29:34 [38;5;015m[INFO]: [0mThis is a info message from thread 2018-09-2026 00:29:34 [38;5;009m[ERROR]: [0mThis is a error message from thread 318-09-2026 00:29:34 [38;5;117m[DEBUG]: [0mThis is a debug message from thread 118-09-2026 00:29:34 [38;5;009m[ERROR]: [0mThis is a error message from thread 1218-09-2026 00:29:34 [38;5;009m[ERROR]: [0mThis is a error message from thread 2118-09-2026 00:29:34 [38;5;015m[INFO]: [0mThis is a info message from thread 1718-09-2026 00:29:34 [38;5;009m[ERROR]: [0mThis is a error message from thread 518-09-2026 00:29:34 [38;5;009m[ERROR]: [0mThis is a error message from thread 418-09-2026 00:29:34 [38;5;117m[DEBUG]: [0mThis is a debug message from thread 1418-09-2026 00:29:34 [38;5;117m[DEBUG]: [0mThis is a debug message from thread 318-09-2026 00:29:34 [38;5;117m[DEBUG]: [0mThis is a debug message from thread 1818-09-2026 00:29:34 [38;5;009m[ERROR]: [0mThis is a error message from thread 2218-09-2026 00:29:34 [38;5;117m[DEBUG]: [0mThis is a debug message from thread 2118-09-2026 00:29:34 [38;5;117m[DEBUG]: [0mThis is a debug message from thread 918-09-2026 00:29:34 [38;5;117m[DEBUG]: [0mThis is a debug message from thread 018-09-2026 00:29:34 [38;5;117m[DEBUG]: [0mThis is a debug message from thread 218-09-2026 00:29:34 [38;5;015m[INFO]: [0mThis is a info message from thread 2118-09-2026 00:29:34 [38;5;015m[INFO]: [0mThis is a info message from thread 2618-09-2026 00:29:34 [38;5;009m[ERROR]: [0mThis is a error message from thread 2818-09-2026 00:29:34 [38;5;009m[ERROR]: [0mThis is a error message from thread 818-09-2026 00:29:34 [38;5;015m[INFO]: [0mThis is a info message from thread 1418-09-2026 00:29:34 [38;5;117m[DEBUG]: [0mThis is a debug message from thread 2218-09-2026 00:29:34 [38;5;009m[ERROR]: [0mThis is a error message from thread 2118-09-2026 00:29:34 [38;5;015m[INFO]: [0mThis is a info message from thread 018-09-2026 00:29:34 [38;5;117m[DEBUG]: [0mThis is a debug message from thread 818-09-2026 00:29:34 [38;5;015m[INFO]: [0mThis is a info message from thread 718-09-2026 00:29:34 [38;5;117m[DEBUG]: [0mThis is a debug message from thread 2818-09-2026 00:29:34 [38;5;117m[DEBUG]: [0mThis is a debug message from thread 1918-09-2026 00:29:34 [38;5;009m[ERROR]: [0mThis is a error message from thread 2418-09-2026 00:29:34 [38;5;117m[DEBUG]: [0mThis is a debug message from thread 2118-09-2026 00:29:34 [38;5;117m[DEBUG]: [0mThis is a debug message from thread 418-09-2026 00:29:34 [38;5;015m[INFO]: [0mThis is a info message from thread 818-09-2026 00:29:34 [38;5;015m[INFO]: [0mThis is a info message from thread 2818-09-2026 00:29:34 [38;5;015m[INFO]: [0mThis is a info message from thread 2118-09-2026 00:29:34 [38;5;117m[DEBUG]: [0mThis is a debug message from thread 1518-09-2026 00:29:34 [38;5;015m[INFO]: [0mThis is a info message from thread 418-09-2026 00:29:34 [38;5;117m[DEBUG]: [0mThis is a debug message from thread 2318-09-2026 00:29:34 [38;5;015m[INFO]: [0mThis is a info message from thread 118-09-2026 00:29:34 [38;5;009m[ERROR]: [0mThis is a error message from thread 718-09-2026 00:29:34 [38;5;009m[ERROR]: [0mThis is a error message from thread 2118-09-2026 00:29:34 [38;5;009m[ERROR]: [0mThis is a error message from thread 418-09-2026 00:29:34 [38;5;015m[INFO]: [0mThis is a info message from thread 1518-09-2026 00:29:34 [38;5;117m[DEBUG]: [0mThis is a debug message from thread 2118-09-2026 00:29:34 [38;5;009m[ERROR]: [0mThis is a error message from thread 1518-09-2026 00:29:34 [38;5;117m[DEBUG]: [0mThis is a debug message from thread 1218-09-2026 00:29:34 [38;5;117m[DEBUG]: [0mThis is a debug message from thread 418-09-2026 00:29:34 [38;5;117m[DEBUG]: [0mThis is a debug message from thread 1518-09-2026 00:29:34 [38;5;015m[INFO]: [0mThis is a info message from thread 1218-09-2026 00:29:34 [38;5;015m[INFO]: [0mThis is a info message from thread 418-09-2026 00:29:34 [38;5;015m[INFO]: [0mThis is a info message from thread 1518-09-2026 00:29:34 [38;5;015m[INFO]: [0mThis is a info message from thread 218-09-2026 00:29:34 [38;5;009m[ERROR]: [0mThis is a error message from thread 1218-09-2026 00:29:34 [38;5;009m[ERROR]: [0mThis is a error message from thread 1518-09-2026 00:29:34 [38;5;117m[DEBUG]: [0mThis is a debug message from thread 1218-09-2026 00:29:34 [38;5;009m[ERROR]: [0mThis is a error message from thread 218-09-2026 00:29:34 [38;5;117m[DEBUG]: [0mThis is a debug message from thread 218-09-2026 00:29:34 [38;5;015m[INFO]: [0mThis is a info message from thread 918-09-2026 00:29:34 [38;5;015m[INFO]: [0mThis is a info message from thread 2318-09-2026 00:29:34 [38;5;117m[DEBUG]: [0mThis is a debug message from thread 2918-09-2026 00:29:34 [38;5;015m[INFO]: [0mThis is a info message from thread 218-09-2026 00:29:34 [38;5;117m[DEBUG]: [0mThis is a debug message from thread 1518-09-2026 00:29:34 [38;5;009m[ERROR]: [0mThis is a error message from thread 1718-09-2026 00:29:34 [38;5;117m[DEBUG]: [0mThis is a debug message from thread 718-09-2026 00:29:34 [38;5;117m[DEBUG]: [0mThis is a debug message from thread 2518-09-2026 00:29:34 [38;5;015m[INFO]: [0mThis is a info message from thread 1818-09-2026 00:29:34 [38;5;015m[INFO]: [0mThis is a info message from thread 2218-09-2026 00:29:34 [38;5;009m[ERROR]: [0mThis is a error message from thread 2018-09-2026 00:29:34 [38;5;009m[ERROR]: [0mThis is a error message from thread 2618-09-2026 00:29:34 [38;5;009m[ERROR]: [0mThis is a error message from thread 118-09-2026 00:29:34 [38;5;009m[ERROR]: [0mThis is a error message from thread 1818-09-2026 00:29:34 [38;5;009m[ERROR]: [0mThis is a error message from thread 1318-09-2026 00:29:34 [38;5;015m[INFO]: [0mThis is a info message from thread 1018-09-2026 00:29:34 [38;5;009m[ERROR]: [0mThis is a error message from thread 918-09-2026 00:29:34 [38;5;117m[DEBUG]: [0mThis is a debug message from thread 2018-09-2026 00:29:34 [38;5;015m[INFO]: [0mThis is a info message from thread 2918-09-2026 00:29:34 [38;5;117m[DEBUG]: [0mThis is a debug message from thread 118-09-2026 00:29:34 [38;5;009m[ERROR]: [0mThis is a error message from thread 2318-09-2026 00:29:34 [38;5;015m[INFO]: [0mThis is a info message from thread 718-09-2026 00:29:34 [38;5;009m[ERROR]: [0mThis is a error message from thread 1018-09-2026 00:29:34 [38;5;009m[ERROR]: [0mThis is a error message from thread 2918-09-2026 00:29:34 [38;5;117m[DEBUG]: [0mThis is a debug message from thread 918-09-2026 00:29:34 [38;5;117m[DEBUG]: [0mThis is a debug message from thread 1818-09-2026 00:29:34 [38;5;117m[DEBUG]: [0mThis is a debug message from thread 1018-09-2026 00:29:34 [38;5;015m[INFO]: [0mThis is a info message from thread 2018-09-2026 00:29:34 [38;5;015m[INFO]: [0mThis is a info message from thread 118-09-2026 00:29:34 [38;5;015m[INFO]: [0mThis is a info message from thread 1518-09-2026 00:29:34 [38;5;009m[ERROR]: [0mThis is a error message from thread 018-09-2026 00:29:34 [38;5;117m[DEBUG]: [0mThis is a debug message from thread 1318-09-2026 00:29:34 [38;5;117m[DEBUG]: [0mThis is a debug message from thread 018-09-2026 00:29:34 [38;5;117m[DEBUG]: [0mThis is a debug message from thread 2918-09-2026 00:29:34 [38;5;015m[INFO]: [0mThis is a info message from thread 018-09-2026 00:29:34 [38;5;015m[INFO]: [0mThis is a info message from thread 2718-09-2026 00:29:34 [38;5;009m[ERROR]: [0mThis is a error message from thread 1518-09-2026 00:29:34 [38;5;117m[DEBUG]: [0mThis is a debug message from thread 2618-09-2026 00:29:34 [38;5;117m[DEBUG]: [0mThis is a debug message from thread 1718-09-2026 00:29:34 [38;5;009m[ERROR]: [0mThis is a error message from thread 2218-09-2026 00:29:34 [38;5;117m[DEBUG]: [0mThis is a debug message from thread 2318-09-2026 00:29:34 [38;5;009m[ERROR]: [0mThis is a error message from thread 018-09-2026 00:29:34 [38;5;009m[ERROR]: [0mThis is a error message from thread 118-09-2026 00:29:34 [38;5;015m[INFO]: [0mThis is a info message from thread 918-09-2026 00:29:34 [38;5;117m[DEBUG]: [0mThis is a debug message from thread 118-09-2026 00:29:34 [38;5;009m[ERROR]: [0mThis is a error message from thread 718-09-2026 00:29:34 [38;5;015m[INFO]: [0mThis is a info message from thread 2618-09-2026 00:29:34 [38;5;009m[ERROR]: [0mThis is a error message from thread 2618-09-2026 00:29:34 [38;5;015m[INFO]: [0mThis is a info message from thread 1018-09-2026 00:29:34 [38;5;009m[ERROR]: [0mThis is a error message from thread 2018-09-2026 00:29:34 [38;5;009m[ERROR]: [0mThis is a error message from thread 818-09-2026 00:29:34 [38;5;117m[DEBUG]: [0mThis is a debug message from thread 2018-09-2026 00:29:34 [38;5;015m[INFO]: [0mThis is a info message from thread 2918-09-2026 00:29:34 [38;5;117m[DEBUG]: [0mThis is a debug message from thread 018-09-2026 00:29:34 [38;5;009m[ERROR]: [0mThis is a error message from thread 1018-09-2026 00:29:34 [38;5;015m[INFO]: [0mThis is a info message from thread 2518-09-2026 00:29:34 [38;5;117m[DEBUG]: [0mThis is a debug message from thread 718-09-2026 00:29:34 [38;5;015m[INFO]: [0mThis is a info message from thread 118-09-2026 00:29:34 [38;5;015m[INFO]: [0mThis is a info message from thread 618-09-2026 00:29:34 [38;5;009m[ERROR]: [0mThis is a error message from thread 2818-09-2026 00:29:34 [38;5;015m[INFO]: [0mThis is a info message from thread 2018-09-2026 00:29:34 [38;5;009m[ERROR]: [0mThis is a error message from thread 418-09-2026 00:29:34 [38;5;117m[DEBUG]: [0mThis is a debug message from thread 2418-09-2026 00:29:34 [38;5;015m[INFO]: [0mThis is a info message from thread 2118-09-2026 00:29:34 [38;5;009m[ERROR]: [0mThis is a error message from thread 1118-09-2026 00:29:34 [38;5;015m[INFO]: [0mThis is a info message from thread 1718-09-2026 00:29:34 [38;5;009m[ERROR]: [0mThis is a error message from thread 1718-09-2026 00:29:34 [38;5;009m[ERROR]: [0mThis is a error message from thread 618-09-2026 00:29:34 [38;5;009m[ERROR]: [0mThis is a error message from thread 2918-09-2026 00:29:34 [38;5;009m[ERROR]: [0mThis is a error message from thread 2718-09-2026 00:29:34 [38;5;009m[ERROR]: [0mThis is a error message from thread 918-09-2026 00:29:34 [38;5;009m[ERROR]: [0mThis is a error message from thread 2018-09-2026 00:29:34 [38;5;009m[ERROR]: [0mThis is a error message from thread 2118-09-2026 00:29:34 [38;5;117m[DEBUG]: [0mThis is a debug message from thread 1018-09-2026 00:29:34 [38;5;009m[ERROR]: [0mThis is a error message from thread 118-09-2026 00:29:34 [38;5;015m[INFO]: [0mThis is a info message from thread 1018-09-2026 00:29:34 [38;5;117m[DEBUG]: [0mThis is a debug message from thread 2918-09-2026 00:29:34 [38;5;117m[DEBUG]: [0mThis is a debug message from thread 2118-09-2026 00:29:34 [38;5;015m[INFO]: [0mThis is a info message from thread 2118-09-2026 00:29:34 [38;5;117m[DEBUG]: [0mThis is a debug message from thread 1118-09-2026 00:29:34 [38;5;009m[ERROR]: [0mThis is a error message from thread 2118-09-2026 00:29:34 [38;5;015m[INFO]: [0mThis is a info message from thread 2318-09-2026 00:29:34 [38;5;015m[INFO]: [0mThis is a info message from thread 2918-09-2026 00:29:34 [38;5;015m[INFO]: [0mThis is a info message from thread 718-09-2026 00:29:34 [38;5;015m[INFO]: [0mThis is a info message from thread 1918-09-2026 00:29:34 [38;5;009m[ERROR]: [0mThis is a error message from thread 718-09-2026 00:29:34 [38;5;015m[INFO]: [0mThis is a info message from thread 1218-09-2026 00:29:34 [38;5;117m[DEBUG]: [0mThis is a debug message from thread 2118-09-2026 00:29:34 [38;5;117m[DEBUG]: [0mThis is a debug message from thread 718-09-2026 00:29:34 [38;5;015m[INFO]: [0mThis is a info message from thread 718-09-2026 00:29:34 [38;5;015m[INFO]: [0mThis is a info message from thread 1118-09-2026 00:29:34 [38;5;009m[ERROR]: [0mThis is a error message from thread 1918-09-2026 00:29:34 [38;5;117m[DEBUG]: [0mThis is a debug message from thread 2718-09-2026 00:29:34 [38;5;009m[ERROR]: [0mThis is a error message from thread 718-09-2026 00:29:34 [38;5;015m[INFO]: [0mThis is a info message from thread 318-09-2026 00:29:34 [38;5;009m[ERROR]: [0mThis is a error message from thread 1018-09-2026 00:29:34 [38;5;009m[ERROR]: [0mThis is a error message from thread 1218-09-2026 00:29:34 [38;5;009m[ERROR]: [0mThis is a error message from thread 318-09-2026 00:29:34 [38;5;117m[DEBUG]: [0mThis is a debug message from thread 718-09-2026 00:29:34 [38;5;117m[DEBUG]: [0mThis is a debug message from thread 918-09-2026 00:29:34 [38;5;117m[DEBUG]: [0mThis is a debug message from thread 1518-09-2026 00:29:34 [38;5;015m[INFO]: [0mThis is a info message from thread 1318-09-2026 00:29:34 [38;5;015m[INFO]: [0mThis is a info message from thread 2718-09-2026 00:29:34 [38;5;015m[INFO]: [0mThis is a info message from thread 718-09-2026 00:29:34 [38;5;117m[DEBUG]: [0mThis is a debug message from thread 1018-09-2026 00:29:34 [38;5;117m[DEBUG]: [0mThis is a debug message from thread 818-09-2026 00:29:34 [38;5;117m[DEBUG]: [0mThis is a debug message from thread 1218-09-2026 00:29:34 [38;5;015m[INFO]: [0mThis is a info message from thread 1018-09-2026 00:29:34 [38;5;009m[ERROR]: [0mThis is a error message from thread 2718-09-2026 00:29:34 [38;5;117m[DEBUG]: [0mThis is a debug message from thread 118-09-2026 00:29:34 [38;5;015m[INFO]: [0mThis is a info message from thread 018-09-2026 00:29:34 [38;5;015m[INFO]: [0mThis is a info message from thread 118-09-2026 00:29:34 [38;5;015m[INFO]: [0mThis is a info message from thread 1218-09-2026 00:29:34 [38;5;015m[INFO]: [0mThis is a info message from thread 818-09-2026 00:29:34 [38;5;009m[ERROR]: [0mThis is a error message from thread 118-09-2026 00:29:34 [38;5;117m[DEBUG]: [0mThis is a debug message from thread 318-09-2026 00:29:34 [38;5;009m[ERROR]: [0mThis is a error message from thread 818-09-2026 00:29:34 [38;5;117m[DEBUG]: [0mThis is a debug message from thread 1718-09-2026 00:29:34 [38;5;117m[DEBUG]: [0mThis is a debug message from thread 2618-09-2026 00:29:34 [38;5;117m[DEBUG]: [0mThis is a debug message from thread 818-09-2026 00:29:34 [38;5;009m[ERROR]: [0mThis is a error message from thread 1018-09-2026 00:29:34 [38;5;015m[INFO]: [0mThis is a info message from thread 818-09-2026 00:29:34 [38;5;009m[ERROR]: [0mThis is a error message from thread 718-09-2026 00:29:34 [38;5;009m[ERROR]: [0mThis is a error message from thread 818-09-2026 00:29:34 [38;5;117m[DEBUG]: [0mThis is a debug message from thread 1018-09-2026 00:29:34 [38;5;117m[DEBUG]: [0mThis is a debug message from thread 618-09-2026 00:29:34 [38;5;117m[DEBUG]: [0mThis is a debug message from thread 2018-09-2026 00:29:34 [38;5;015m[INFO]: [0mThis is a info message from thread 618-09-2026 00:29:34 [38;5;015m[INFO]: [0mThis is a info message from thread 2018-09-2026 00:29:34 [38;5;009m[ERROR]: [0mThis is a error message from thread 2018-09-2026 00:29:34 [38;5;015m[INFO]: [0mThis is a info message from thread 2618-09-2026 00:29:34 [38;5;117m[DEBUG]: [0mThis is a debug message from thread 2018-09-2026 00:29:34 [38;5;009m[ERROR]: [0mThis is a error message from thread 2918-09-2026 00:29:34 [38;5;009m[ERROR]: [0mThis is a error message from thread 618-09-2026 00:29:34 [38;5;015m[INFO]: [0mThis is a info message from thread 2018-09-2026 00:29:34 [38;5;015m[INFO]: [0mThis is a info message from thread 1518-09-2026 00:29:34 [38;5;009m[ERROR]: [0mThis is a error message from thread 1218-09-2026 00:29:34 [38;5;015m[INFO]: [0mThis is a info message from thread 318-09-2026 00:29:34 [38;5;117m[DEBUG]: [0mThis is a debug message from thread 718-09-2026 00:29:34 [38;5;117m[DEBUG]: [0mThis is a debug message from thread 2918-09-2026 00:29:34 [38;5;117m[DEBUG]: [0mThis is a debug message from thread 1218-09-2026 00:29:34 [38;5;015m[INFO]: [0mThis is a info message from thread 2118-09-2026 00:29:34 [38;5;009m[ERROR]: [0mThis is a error message from thread 218-09-2026 00:29:34 [38;5;009m[ERROR]: [0mThis is a error message from thread 1418-09-2026 00:29:34 [38;5;015m[INFO]: [0mThis is a info message from thread 718-09-2026 00:29:34 [38;5;117m[DEBUG]: [0mThis is a debug message from thread 518-09-2026 00:29:34 [38;5;117m[DEBUG]: [0mThis is a debug message from thread 218-09-2026 00:29:34 [38;5;009m[ERROR]: [0mThis is a error message from thread 2018-09-2026 00:29:34 [38;5;015m[INFO]: [0mThis is a info message from thread 1218-09-2026 00:29:34 [38;5;015m[INFO]: [0mThis is a info message from thread 218-09-2026 00:29:34 [38;5;009m[ERROR]: [0mThis is a error message from thread 718-09-2026 00:29:34 [38;5;009m[ERROR]: [0mThis is a error message from thread 1118-09-2026 00:29:34 [38;5;009m[ERROR]: [0mThis is a error message from thread 1518-09-2026 00:29:34 [38;5;117m[DEBUG]: [0mThis is a debug message from thread 1118-09-2026 00:29:34 [38;5;009m[ERROR]: [0mThis is a error message from thread 2318-09-2026 00:29:34 [38;5;015m[INFO]: [0mThis is a info message from thread 2918-09-2026 00:29:34 [38;5;117m[DEBUG]: [0mThis is a debug message from thread 1618-09-2026 00:29:34 [38;5;117m[DEBUG]: [0mThis is a debug message from thread 1418-09-2026 00:29:34 [38;5;015m[INFO]: [0mThis is a info message from thread 918-09-2026 00:29:34 [38;5;015m[INFO]: [0mThis is a info message from thread 518-09-2026 00:29:34 [38;5;015m[INFO]: [0mThis is a info message from thread 1418-09-2026 00:29:34 [38;5;117m[DEBUG]: [0mThis is a debug message from thread 418-09-2026 00:29:34 [38;5;009m[ERROR]: [0mThis is a error message from thread 518-09-2026 00:29:34 [38;5;009m[ERROR]: [0mThis is a error message from thread 2918-09-2026 00:29:34 [38;5;117m[DEBUG]: [0mThis is a debug message from thread 2018-09-2026 00:29:34 [38;5;015m[INFO]: [0mThis is a info message from thread 418-09-2026 00:29:34 [38;5;117m[DEBUG]: [0mThis is a debug message from thread 2318-09-2026 00:29:34 [38;5;117m[DEBUG]: [0mThis is a debug message from thread 518-09-2026 00:29:34 [38;5;009m[ERROR]: [0mThis is a error message from thread 1218-09-2026 00:29:34 [38;5;015m[INFO]: [0mThis is a info message from thread 1118-09-2026 00:29:34 [38;5;009m[ERROR]: [0mThis is a error message from thread 1418-09-2026 00:29:34 [38;5;117m[DEBUG]: [0mThis is a debug message from thread 1418-09-2026 00:29:34 [38;5;015m[INFO]: [0mThis is a info message from thread 518-09-2026 00:29:34 [38;5;009m[ERROR]: [0mThis is a error message from thread 1318-09-2026 00:29:34 [38;5;015m[INFO]: [0mThis is a info message from thread 2018-09-2026 00:29:34 [38;5;117m[DEBUG]: [0mThis is a debug message from thread 1518-09-2026 00:29:34 [38;5;009m[ERROR]: [0mThis is a error message from thread 2018-09-2026 00:29:34 [38;5;009m[ERROR]: [0mThis is a error message from thread 018-09-2026 00:29:34 [38;5;015m[INFO]: [0mThis is a info message from thread 1518-09-2026 00:29:34 [38;5;015m[INFO]: [0mThis is a info message from thread 1418-09-2026 00:29:34 [38;5;015m[INFO]: [0mThis is a info message from thread 1018-09-2026 00:29:34 [38;5;117m[DEBUG]: [0mThis is a debug message from thread 818-09-2026 00:29:34 [38;5;009m[ERROR]: [0mThis is a error message from thread 2518-09-2026 00:29:34 [38;5;009m[ERROR]: [0mThis is a error message from thread 1018-09-2026 00:29:34 [38;5;009m[ERROR]: [0mThis is a error message from thread 2618-09-2026 00:29:34 [38;5;009m[ERROR]: [0mThis is a error message from thread 918-09-2026 00:29:34 [38;5;015m[INFO]: [0mThis is a info message from thread 1818-09-2026 00:29:34 [38;5;009m[ERROR]: [0mThis is a error message from thread 318-09-2026 00:29:34 [38;5;015m[INFO]: [0mThis is a info message from thread 1718-09-2026 00:29:34 [38;5;117m[DEBUG]: [0mThis is a debug message from thread 2618-09-2026 00:29:34 [38;5;117m[DEBUG]: [0mThis is a debug message from thread 018-09-2026 00:29:34 [38;5;117m[DEBUG]: [0mThis is a debug message from thread 1218-09-2026 00:29:34 [38;5;009m[ERROR]: [0mThis is a error message from thread 1518-09-2026 00:29:34 [38;5;009m[ERROR]: [0mThis is a error message from thread 218-09-2026 00:29:34 [38;5;015m[INFO]: [0mThis is a info message from thread 2618-09-2026 00:29:34 [38;5;015m[INFO]: [0mThis is a info message from thread 2318-09-2026 00:29:34 [38;5;015m[INFO]: [0mThis is a info message from thread 818-09-2026 00:29:34 [38;5;009m[ERROR]: [0mThis is a error message from thread 2618-09-2026 00:29:34 [38;5;009m[ERROR]: [0mThis is a error message from thread 1418-09-2026 00:29:34 [38;5;117m[DEBUG]: [0mThis is a debug message from thread 618-09-2026 00:29:34 [38;5;117m[DEBUG]: [0mThis is a debug message from thread 718-09-2026 00:29:34 [38;5;117m[DEBUG]: [0mThis is a debug message from thread 218-09-2026 00:29:34 [38;5;117m[DEBUG]: [0mThis is a debug message from thread 2018-09-2026 00:29:34 [38;5;117m[DEBUG]: [0mThis is a debug message from thread 2618-09-2026 00:29:34 [38;5;117m[DEBUG]: [0mThis is a debug message from thread 2918-09-2026 00:29:34 [38;5;015m[INFO]: [0mThis is a info message from thread 2418-09-2026 00:29:34 [38;5;015m[INFO]: [0mThis is a info message from thread 1218-09-2026 00:29:34 [38;5;009m[ERROR]: [0mThis is a error message from thread 818-09-2026 00:29:34 [38;5;009m[ERROR]: [0mThis is a error message from thread 2118-09-2026 00:29:34 [38;5;009m[ERROR]: [0mThis is a error message from thread 518-09-2026 00:29:34 [38;5;117m[DEBUG]: [0mThis is a debug message from thread 2218-09-2026 00:29:34 [38;5;015m[INFO]: [0mThis is a info message from thread 1618-09-2026 00:29:34 [38;5;117m[DEBUG]: [0mThis is a debug message from thread 918-09-2026 00:29:34 [38;5;015m[INFO]: [0mThis is a info message from thread 918-09-2026 00:29:34 [38;5;117m[DEBUG]: [0mThis is a debug message from thread 518-09-2026 00:29:34 [38;5;015m[INFO]: [0mThis is a info message from thread 2618-09-2026 00:29:34 [38;5;009m[ERROR]: [0mThis is a error message from thread 918-09-2026 00:29:34 [38;5;015m[INFO]: [0mThis is a info message from thread 2018-09-2026 00:29:34 [38;5;015m[INFO]: [0mThis is a info message from thread 518-09-2026 00:29:34 [38;5;015m[INFO]: [0mThis is a info message from thread 2218-09-2026 00:29:34 [38;5;009m[ERROR]: [0mThis is a error message from thread 2618-09-2026 00:29:34 [38;5;117m[DEBUG]: [0mThis is a debug message from thread 1018-09-2026 00:29:34 [38;5;117m[DEBUG]: [0mThis is a debug message from thread 1518-09-2026 00:29:34 [38;5;117m[DEBUG]: [0mThis is a debug message from thread 818-09-2026 00:29:34 [38;5;117m[DEBUG]: [0mThis is a debug message from thread 2618-09-2026 00:29:34 [38;5;015m[INFO]: [0mThis is a info message from thread 1018-09-2026 00:29:34 [38;5;117m[DEBUG]: [0mThis is a debug message from thread 1418-09-2026 00:29:34 [38;5;015m[INFO]: [0mThis is a info message from thread 1418-09-2026 00:29:34 [38;5;015m[INFO]: [0mThis is a info message from thread 2618-09-2026 00:29:34 [38;5;009m[ERROR]: [0mThis is a error message from thread 1018-09-2026 00:29:34 [38;5;009m[ERROR]: [0mThis is a error message from thread 1418-09-2026 00:29:34 [38;5;009m[ERROR]: [0mThis is a error message from thread 1218-09-2026 00:29:34 [38;5;009m[ERROR]: [0mThis is a error message from thread 2218-09-2026 00:29:34 [38;5;009m[ERROR]: [0mThis is a error message from thread 2018-09-2026 00:29:34 [38;5;009m[ERROR]: [0mThis is a error message from thread 2618-09-2026 00:29:34 [38;5;117m[DEBUG]: [0mThis is a debug message from thread 1018-09-2026 00:29:34 [38;5;015m[INFO]: [0mThis is a info message from thread 1018-09-2026 00:29:34 [38;5;117m[DEBUG]: [0mThis is a debug message from thread 1418-09-2026 00:29:34 [38;5;015m[INFO]: [0mThis is a info message from thread 1418-09-2026 00:29:34 [38;5;015m[INFO]: [0mThis is a info message from thread 818-09-2026 00:29:34 [38;5;009m[ERROR]: [0mThis is a error message from thread 1618-09-2026 00:29:34 [38;5;009m[ERROR]: [0mThis is a error message from thread 1018-09-2026 00:29:34 [38;5;117m[DEBUG]: [0mThis is a debug message from thread 2618-09-2026 00:29:34 [38;5;117m[DEBUG]: [0mThis is a debug message from thread 2218-09-2026 00:29:34 [38;5;015m[INFO]: [0mThis is a info message from thread 218-09-2026 00:29:34 [38;5;117m[DEBUG]: [0mThis is a debug message from thread 118-09-2026 00:29:34 [38;5;015m[INFO]: [0mThis is a info message from thread 1518-09-2026 00:29:34 [38;5;009m[ERROR]: [0mThis is a error message from thread 1118-09-2026 00:29:34 [38;5;117m[DEBUG]: [0mThis is a debug message from thread 1218-09-2026 00:29:34 [38;5;117m[DEBUG]: [0mThis is a debug message from thread 1118-09-2026 00:29:34 [38;5;015m[INFO]: [0mThis is a info message from thread 1118-09-2026 00:29:34 [38;5;015m[INFO]: [0mThis is a info message from thread 2618-09-2026 00:29:34 [38;5;009m[ERROR]: [0mThis is a error message from thread 1118-09-2026 00:29:34 [38;5;009m[ERROR]: [0mThis is a error message from thread 2618-09-2026 00:29:34 [38;5;117m[DEBUG]: [0mThis is a debug message from thread 1118-09-2026 00:29:34 [38;5;009m[ERROR]: [0mThis is a error message from thread 2318-09-2026 00:29:34 [38;5;009m[ERROR]: [0mThis is a error message from thread 1418-09-2026 00:29:34 [38;5;117m[DEBUG]: [0mThis is a debug message from thread 918-09-2026 00:29:34 [38;5;015m[INFO]: [0mThis is a info message from thread 1118-09-2026 00:29:34 [38;5;015m[INFO]: [0mThis is a info message from thread 2218-09-2026 00:29:34 [38;5;117m[DEBUG]: [0mThis is a debug message from thread 2018-09-2026 00:29:34 [38;5;009m[ERROR]: [0mThis is a error message from thread 218-09-2026 00:29:34 [38;5;117m[DEBUG]: [0mThis is a debug message from thread 2618-09-2026 00:29:34 [38;5;015m[INFO]: [0mThis is a info message from thread 618-09-2026 00:29:34 [38;5;009m[ERROR]: [0mThis is a error message from thread 1518-09-2026 00:29:34 [38;5;009m[ERROR]: [0mThis is a error message from thread 1118-09-2026 00:29:34 [38;5;117m[DEBUG]: [0mThis is a debug message from thread 1518-09-2026 00:29:34 [38;5;117m[DEBUG]: [0mThis is a debug message from thread 1118-09-2026 00:29:34 [38;5;117m[DEBUG]: [0mThis is a debug message from thread 2318-09-2026 00:29:34 [38;5;015m[INFO]: [0mThis is a info message from thread 918-09-2026 00:29:34 [38;5;117m[DEBUG]: [0mThis is a debug message from thread 1418-09-2026 00:29:34 [38;5;015m[INFO]: [0mThis is a info message from thread 1418-09-2026 00:29:34 [38;5;015m[INFO]: [0mThis is a info message from thread 1118-09-2026 00:29:34 [38;5;009m[ERROR]: [0mThis is a error message from thread 2218-09-2026 00:29:34 [38;5;117m[DEBUG]: [0mThis is a debug message from thread 218-09-2026 00:29:34 [38;5;015m[INFO]: [0mThis is a info message from thread 118-09-2026 00:29:34 [38;5;117m[DEBUG]: [0mThis is a debug message from thread 2218-09-2026 00:29:34 [38;5;009m[ERROR]: [0mThis is a error message from thread 118-09-2026 00:29:34 [38;5;009m[ERROR]: [0mThis is a error message from thread 1118-09-2026 00:29:34 [38;5;015m[INFO]: [0mThis is a info message from thread 1518-09-2026 00:29:34 [38;5;117m[DEBUG]: [0mThis is a debug message from thread 118-09-2026 00:29:34 [38;5;015m[INFO]: [0mThis is a info message from thread 718-09-2026 00:29:34 [38;5;009m[ERROR]: [0mThis is a error message from thread 418-09-2026 00:29:34 [38;5;009m[ERROR]: [0mThis is a error message from thread 1418-09-2026 00:29:34 [38;5;009m[ERROR]: [0mThis is a error message from thread 718-09-2026 00:29:34 [38;5;117m[DEBUG]: [0mThis is a debug message from thread 1118-09-2026 00:29:34 [38;5;117m[DEBUG]: [0mThis is a debug message from thread 1418-09-2026 00:29:34 [38;5;015m[INFO]: [0mThis is a info message from thread 1418-09-2026 00:29:34 [38;5;117m[DEBUG]: [0mThis is a debug message from thread 2718-09-2026 00:29:34 [38;5;015m[INFO]: [0mThis is a info message from thread 1118-09-2026 00:29:34 [38;5;009m[ERROR]: [0mThis is a error message from thread 1518-09-2026 00:29:34 [38;5;117m[DEBUG]: [0mThis is a debug message from thread 2518-09-2026 00:29:34 [38;5;117m[DEBUG]: [0mThis is a debug message from thread 1318-09-2026 00:29:34 [38;5;015m[INFO]: [0mThis is a info message from thread 2218-09-2026 00:29:34 [38;5;117m[DEBUG]: [0mThis is a debug message from thread 1518-09-2026 00:29:34 [38;5;009m[ERROR]: [0mThis is a error message from thread 1118-09-2026 00:29:34 [38;5;009m[ERROR]: [0mThis is a error message from thread 1718-09-2026 00:29:34 [38;5;117m[DEBUG]: [0mThis is a debug message from thread 1918-09-2026 00:29:34 [38;5;015m[INFO]: [0mThis is a info message from thread 118-09-2026 00:29:34 [38;5;117m[DEBUG]: [0mThis is a debug message from thread 418-09-2026 00:29:34 [38;5;015m[INFO]: [0mThis is a info message from thread 1518-09-2026 00:29:34 [38;5;117m[DEBUG]: [0mThis is a debug message from thread 1118-09-2026 00:29:34 [38;5;009m[ERROR]: [0mThis is a error message from thread 1518-09-2026 00:29:34 [38;5;015m[INFO]: [0mThis is a info message from thread 418-09-2026 00:29:34 [38;5;015m[INFO]: [0mThis is a info message from thread 2918-09-2026 00:29:34 [38;5;015m[INFO]: [0mThis is a info message from thread 018-09-2026 00:29:34 [38;5;015m[INFO]: [0mThis is a info message from thread 2518-09-2026 00:29:34 [38;5;015m[INFO]: [0mThis is a info message from thread 1318-09-2026 00:29:34 [38;5;015m[INFO]: [0mThis is a info message from thread 1918-09-2026 00:29:34 [38;5;015m[INFO]: [0mThis is a info message from thread 218-09-2026 00:29:34 [38;5;015m[INFO]: [0mThis is a info message from thread 1118-09-2026 00:29:34 [38;5;009m[ERROR]: [0mThis is a error message from thread 518-09-2026 00:29:34 [38;5;009m[ERROR]: [0mThis is a error message from thread 618-09-2026 00:29:34 [38;5;117m[DEBUG]: [0mThis is a debug message from thread 1518-09-2026 00:29:34 [38;5;009m[ERROR]: [0mThis is a error message from thread 1318-09-2026 00:29:34 [38;5;009m[ERROR]: [0mThis is a error message from thread 2518-09-2026 00:29:34 [38;5;009m[ERROR]: [0mThis is a error message from thread 2418-09-2026 00:29:34 [38;5;009m[ERROR]: [0mThis is a error message from thread 2918-09-2026 00:29:34 [38;5;009m[ERROR]: [0mThis is a error message from thread 818-09-2026 00:29:34 [38;5;009m[ERROR]: [0mThis is a error message from thread 918-09-2026 00:29:34 [38;5;117m[DEBUG]: [0mThis is a debug message from thread 618-09-2026 00:29:34 [38;5;009m[ERROR]: [0mThis is a error message from thread 018-09-2026 00:29:34 [38;5;117m[DEBUG]: [0mThis is a debug message from thread 318-09-2026 00:29:34 [38;5;117m[DEBUG]: [0mThis is a debug message from thread 918-09-2026 00:29:34 [38;5;117m[DEBUG]: [0mThis is a debug message from thread 518-09-2026 00:29:34 [38;5;117m[DEBUG]: [0mThis is a debug message from thread 1018-09-2026 00:29:34 [38;5;015m[INFO]: [0mThis is a info message from thread 2318-09-2026 00:29:34 [38;5;009m[ERROR]: [0mThis is a error message from thread 418-09-2026 00:29:34 [38;5;015m[INFO]: [0mThis is a info message from thread 618-09-2026 00:29:34 [38;5;009m[ERROR]: [0mThis is a error message from thread 1418-09-2026 00:29:34 [38;5;117m[DEBUG]: [0mThis is a debug message from thread 818-09-2026 00:29:34 [38;5;015m[INFO]: [0mThis is a info message from thread 818-09-2026 00:29:34 [38;5;015m[INFO]: [0mThis is a info message from thread 918-09-2026 00:29:34 [38;5;117m[DEBUG]: [0mThis is a debug message from thread 1318-09-2026 00:29:34 [38;5;009m[ERROR]: [0mThis is a error message from thread 2318-09-2026 00:29:34 [38;5;117m[DEBUG]: [0mThis is a debug message from thread 718-09-2026 00:29:34 [38;5;117m[DEBUG]: [0mThis is a debug message from thread 1418-09-2026 00:29:34 [38;5;015m[INFO]: [0mThis is a info message from thread 718-09-2026 00:29:34 [38;5;015m[INFO]: [0mThis is a info message from thread 1418-09-2026 00:29:34 [38;5;009m[ERROR]: [0mThis is a error message from thread 1418-09-2026 00:29:34 [38;5;009m[ERROR]: [0mThis is a error message from thread 118-09-2026 00:29:34 [38;5;009m[ERROR]: [0mThis is a error message from thread 918-09-2026 00:29:34 [38;5;009m[ERROR]: [0mThis is a error message from thread 1118-09-2026 00:29:34 [38;5;117m[DEBUG]: [0mThis is a debug message from thread 418-09-2026 00:29:34 [38;5;117m[DEBUG]: [0mThis is a debug message from thread 2518-09-2026 00:29:34 [38;5;117m[DEBUG]: [0mThis is a debug message from thread 2118-09-2026 00:29:34 [38;5;015m[INFO]: [0mThis is a info message from thread 518-09-2026 00:29:34 [38;5;117m[DEBUG]: [0mThis is a debug message from thread 1418-09-2026 00:29:34 [38;5;015m[INFO]: [0mThis is a info message from thread 1518-09-2026 00:29:34 [38;5;015m[INFO]: [0mThis is a info message from thread 1218-09-2026 00:29:34 [38;5;015m[INFO]: [0mThis is a info message from thread 2618-09-2026 00:29:34 [38;5;015m[INFO]: [0mThis is a info message from thread 2018-09-2026 00:29:34 [38;5;117m[DEBUG]: [0mThis is a debug message from thread 018-09-2026 00:29:34 [38;5;117m[DEBUG]: [0mThis is a debug message from thread 918-09-2026 00:29:34 [38;5;009m[ERROR]: [0mThis is a error message from thread 2618-09-2026 00:29:34 [38;5;117m[DEBUG]: [0mThis is a debug message from thread 2918-09-2026 00:29:34 [38;5;009m[ERROR]: [0mThis is a error message from thread 2018-09-2026 00:29:34 [38;5;117m[DEBUG]: [0mThis is a debug message from thread 1118-09-2026 00:29:34 [38;5;015m[INFO]: [0mThis is a info message from thread 918-09-2026 00:29:34 [38;5;009m[ERROR]: [0mThis is a error message from thread 518-09-2026 00:29:34 [38;5;009m[ERROR]: [0mThis is a error message from thread 1518-09-2026 00:29:34 [38;5;009m[ERROR]: [0mThis is a error message from thread 818-09-2026 00:29:34 [38;5;009m[ERROR]: [0mThis is a error message from thread 918-09-2026 00:29:34 [38;5;009m[ERROR]: [0mThis is a error message from thread 218-09-2026 00:29:34 [38;5;009m[ERROR]: [0mThis is a error message from thread 1818-09-2026 00:29:34 [38;5;015m[INFO]: [0mThis is a info message from thread 418-09-2026 00:29:34 [38;5;015m[INFO]: [0mThis is a info message from thread 1418-09-2026 00:29:34 [38;5;117m[DEBUG]: [0mThis is a debug message from thread 2418-09-2026 00:29:34 [38;5;117m[DEBUG]: [0mThis is a debug message from thread 1718-09-2026 00:29:34 [38;5;117m[DEBUG]: [0mThis is a debug message from thread 918-09-2026 00:29:34 [38;5;009m[ERROR]: [0mThis is a error message from thread 418-09-2026 00:29:34 [38;5;117m[DEBUG]: [0mThis is a debug message from thread 2018-09-2026 00:29:34 [38;5;117m[DEBUG]: [0mThis is a debug message from thread 418-09-2026 00:29:34 [38;5;117m[DEBUG]: [0mThis is a debug message from thread 818-09-2026 00:29:34 [38;5;117m[DEBUG]: [0mThis is a debug message from thread 518-09-2026 00:29:34 [38;5;117m[DEBUG]: [0mThis is a debug message from thread 2318-09-2026 00:29:34 [38;5;015m[INFO]: [0mThis is a info message from thread 1718-09-2026 00:29:34 [38;5;117m[DEBUG]: [0mThis is a debug message from thread 2618-09-2026 00:29:34 [38;5;117m[DEBUG]: [0mThis is a debug message from thread 1518-09-2026 00:29:34 [38;5;015m[INFO]: [0mThis is a info message from thread 418-09-2026 00:29:34 [38;5;009m[ERROR]: [0mThis is a error message from thread 1418-09-2026 00:29:34 [38;5;015m[INFO]: [0mThis is a info message from thread 1118-09-2026 00:29:34 [38;5;117m[DEBUG]: [0mThis is a debug message from thread 218-09-2026 00:29:34 [38;5;015m[INFO]: [0mThis is a info message from thread 818-09-2026 00:29:34 [38;5;009m[ERROR]: [0mThis is a error message from thread 818-09-2026 00:29:34 [38;5;117m[DEBUG]: [0mThis is a debug message from thread 818-09-2026 00:29:34 [38;5;015m[INFO]: [0mThis is a info message from thread 2618-09-2026 00:29:34 [38;5;015m[INFO]: [0mThis is a info message from thread 818-09-2026 00:29:34 [38;5;009m[ERROR]: [0mThis is a error message from thread 2618-09-2026 00:29:34 [38;5;009m[ERROR]: [0mThis is a error message from thread 818-09-2026 00:29:34 [38;5;009m[ERROR]: [0mThis is a error message from thread 418-09-2026 00:29:34 [38;5;117m[DEBUG]: [0mThis is a debug message from thread 1818-09-2026 00:29:34 [38;5;117m[DEBUG]: [0mThis is a debug message from thread 418-09-2026 00:29:34 [38;5;009m[ERROR]: [0mThis is a error message from thread 1718-09-2026 00:29:34 [38;5;009m[ERROR]: [0mThis is a error message from thread 1118-09-2026 00:29:34 [38;5;015m[INFO]: [0mThis is a info message from thread 2518-09-2026 00:29:34 [38;5;015m[INFO]: [0mThis is a info message from thread 2018-09-2026 00:29:34 [38;5;117m[DEBUG]: [0mThis is a debug message from thread 2618-09-2026 00:29:34 [38;5;009m[ERROR]: [0mThis is a error message from thread 2018-09-2026 00:29:34 [38;5;117m[DEBUG]: [0mThis is a debug message from thread 818-09-2026 00:29:34 [38;5;009m[ERROR]: [0mThis is a error message from thread 618-09-2026 00:29:34 [38;5;117m[DEBUG]: [0mThis is a debug message from thread 1718-09-2026 00:29:34 [38;5;015m[INFO]: [0mThis is a info message from thread 1718-09-2026 00:29:34 [38;5;009m[ERROR]: [0mThis is a error message from thread 1718-09-2026 00:29:34 [38;5;009m[ERROR]: [0mThis is a error message from thread 2518-09-2026 00:29:34 [38;5;117m[DEBUG]: [0mThis is a debug message from thread 2018-09-2026 00:29:34 [38;5;015m[INFO]: [0mThis is a info message from thread 2118-09-2026 00:29:34 [38;5;117m[DEBUG]: [0mThis is a debug message from thread 1418-09-2026 00:29:34 [38;5;015m[INFO]: [0mThis is a info message from thread 218-09-2026 00:29:34 [38;5;015m[INFO]: [0mThis is a info message from thread 918-09-2026 00:29:34 [38;5;015m[INFO]: [0mThis is a info message from thread 1418-09-2026 00:29:34 [38;5;009m[ERROR]: [0mThis is a error message from thread 1918-09-2026 00:29:34 [38;5;015m[INFO]: [0mThis is a info message from thread 818-09-2026 00:29:34 [38;5;009m[ERROR]: [0mThis is a error message from thread 218-09-2026 00:29:34 [38;5;015m[INFO]: [0mThis is a info message from thread 2018-09-2026 00:29:34 [38;5;015m[INFO]: [0mThis is a info message from thread 2318-09-2026 00:29:34 [38;5;015m[INFO]: [0mThis is a info message from thread 318-09-2026 00:29:34 [38;5;117m[DEBUG]: [0mThis is a debug message from thread 1918-09-2026 00:29:34 [38;5;009m[ERROR]: [0mThis is a error message from thread 818-09-2026 00:29:34 [38;5;015m[INFO]: [0mThis is a info message from thread 518-09-2026 00:29:34 [38;5;117m[DEBUG]: [0mThis is a debug message from thread 118-09-2026 00:29:34 [38;5;009m[ERROR]: [0mThis is a error message from thread 2318-09-2026 00:29:34 [38;5;117m[DEBUG]: [0mThis is a debug message from thread 2518-09-2026 00:29:34 [38;5;117m[DEBUG]: [0mThis is a debug message from thread 2318-09-2026 00:29:34 [38;5;009m[ERROR]: [0mThis is a error message from thread 318-09-2026 00:29:34 [38;5;009m[ERROR]: [0mThis is a error message from thread 1418-09-2026 00:29:34 [38;5;015m[INFO]: [0mThis is a info message from thread 418-09-2026 00:29:34 [38;5;015m[INFO]: [0mThis is a info message from thread 1018-09-2026 00:29:34 [38;5;015m[INFO]: [0mThis is a info message from thread 2318-09-2026 00:29:34 [38;5;009m[ERROR]: [0mThis is a error message from thread 1018-09-2026 00:29:34 [38;5;117m[DEBUG]: [0mThis is a debug message from thread 1118-09-2026 00:29:34 [38;5;117m[DEBUG]: [0mThis is a debug message from thread 218-09-2026 00:29:34 [38;5;009m[ERROR]: [0mThis is a error message from thread 918-09-2026 00:29:34 [38;5;009m[ERROR]: [0mThis is a error message from thread 2318-09-2026 00:29:34 [38;5;117m[DEBUG]: [0mThis is a debug message from thread 818-09-2026 00:29:34 [38;5;015m[INFO]: [0mThis is a info message from thread 2518-09-2026 00:29:34 [38;5;015m[INFO]: [0mThis is a info message from thread 218-09-2026 00:29:34 [38;5;117m[DEBUG]: [0mThis is a debug message from thread 2318-09-2026 00:29:34 [38;5;117m[DEBUG]: [0mThis is a debug message from thread 1018-09-2026 00:29:34 [38;5;117m[DEBUG]: [0mThis is a debug message from thread 318-09-2026 00:29:34 [38;5;015m[INFO]: [0mThis is a info message from thread 2318-09-2026 00:29:34 [38;5;015m[INFO]: [0mThis is a info message from thread 2618-09-2026 00:29:34 [38;5;009m[ERROR]: [0mThis is a error message from thread 2318-09-2026 00:29:34 [38;5;117m[DEBUG]: [0mThis is a debug message from thread 918-09-2026 00:29:34 [38;5;015m[INFO]: [0mThis is a info message from thread 918-09-2026 00:29:34 [38;5;009m[ERROR]: [0mThis is a error message from thread 218-09-2026 00:29:34 [38;5;015m[INFO]: [0mThis is a info message from thread 818-09-2026 00:29:34 [38;5;015m[INFO]: [0mThis is a info message from thread 1018-09-2026 00:29:34 [38;5;009m[ERROR]: [0mThis is a error message from thread 418-09-2026 00:29:34 [38;5;009m[ERROR]: [0mThis is a error message from thread 918-09-2026 00:29:34 [38;5;009m[ERROR]: [0mThis is a error message from thread 2618-09-2026 00:29:34 [38;5;117m[DEBUG]: [0mThis is a debug message from thread 918-09-2026 00:29:34 [38;5;015m[INFO]: [0mThis is a info message from thread 318-09-2026 00:29:34 [38;5;117m[DEBUG]: [0mThis is a debug message from thread 218-09-2026 00:29:34 [38;5;009m[ERROR]: [0mThis is a error message from thread 2218-09-2026 00:29:34 [38;5;015m[INFO]: [0mThis is a info message from thread 2918-09-2026 00:29:34 [38;5;009m[ERROR]: [0mThis is a error message from thread 318-09-2026 00:29:34 [38;5;117m[DEBUG]: [0mThis is a debug message from thread 2318-09-2026 00:29:34 [38;5;117m[DEBUG]: [0mThis is a debug message from thread 1618-09-2026 00:29:34 [38;5;015m[INFO]: [0mThis is a info message from thread 218-09-2026 00:29:34 [38;5;015m[INFO]: [0mThis is a info message from thread 1918-09-2026 00:29:34 [38;5;117m[DEBUG]: [0mThis is a debug message from thread 2618-09-2026 00:29:34 [38;5;009m[ERROR]: [0mThis is a error message from thread 2118-09-2026 00:29:34 [38;5;015m[INFO]: [0mThis is a info message from thread 918-09-2026 00:29:34 [38;5;117m[DEBUG]: [0mThis is a debug message from thread 318-09-2026 00:29:34 [38;5;117m[DEBUG]: [0mThis is a debug message from thread 2818-09-2026 00:29:34 [38;5;015m[INFO]: [0mThis is a info message from thread 1518-09-2026 00:29:34 [38;5;117m[DEBUG]: [0mThis is a debug message from thread 2218-09-2026 00:29:34 [38;5;009m[ERROR]: [0mThis is a error message from thread 1218-09-2026 00:29:34 [38;5;015m[INFO]: [0mThis is a info message from thread 1818-09-2026 00:29:34 [38;5;117m[DEBUG]: [0mThis is a debug message from thread 1418-09-2026 00:29:34 [38;5;009m[ERROR]: [0mThis is a error message from thread 2518-09-2026 00:29:34 [38;5;015m[INFO]: [0mThis is a info message from thread 2818-09-2026 00:29:34 [38;5;015m[INFO]: [0mThis is a info message from thread 1618-09-2026 00:29:34 [38;5;117m[DEBUG]: [0mThis is a debug message from thread 2118-09-2026 00:29:34 [38;5;009m[ERROR]: [0mThis is a error message from thread 518-09-2026 00:29:34 [38;5;015m[INFO]: [0mThis is a info message from thread 1418-09-2026 00:29:34 [38;5;117m[DEBUG]: [0mThis is a debug message from thread 2518-09-2026 00:29:34 [38;5;015m[INFO]: [0mThis is a info message from thread 2718-09-2026 00:29:34 [38;5;009m[ERROR]: [0mThis is a error message from thread 2818-09-2026 00:29:34 [38;5;009m[ERROR]: [0mThis is a error message from thread 218-09-2026 00:29:34 [38;5;015m[INFO]: [0mThis is a info message from thread 2218-09-2026 00:29:34 [38;5;015m[INFO]: [0mThis is a info message from thread 318-09-2026 00:29:34 [38;5;015m[INFO]: [0mThis is a info message from thread 2618-09-2026 00:29:34 [38;5;009m[ERROR]: [0mThis is a error message from thread 1818-09-2026 00:29:34 [38;5;015m[INFO]: [0mThis is a info message from thread 2418-09-2026 00:29:34 [38;5;117m[DEBUG]: [0mThis is a debug message from thread 2818-09-2026 00:29:34 [38;5;015m[INFO]: [0mThis is a info message from thread 2518-09-2026 00:29:34 [38;5;015m[INFO]: [0mThis is a info message from thread 2318-09-2026 00:29:34 [38;5;009m[ERROR]: [0mThis is a error message from thread 2718-09-2026 00:29:34 [38;5;117m[DEBUG]: [0mThis is a debug message from thread 518-09-2026 00:29:34 [38;5;009m[ERROR]: [0mThis is a error message from thread 2518-09-2026 00:29:34 [38;5;117m[DEBUG]: [0mThis is a debug message from thread 618-09-2026 00:29:34 [38;5;009m[ERROR]: [0mThis is a error message from thread 1618-09-2026 00:29:34 [38;5;117m[DEBUG]: [0mThis is a debug message from thread 2718-09-2026 00:29:34 [38;5;009m[ERROR]: [0mThis is a error message from thread 2018-09-2026 00:29:34 [38;5;015m[INFO]: [0mThis is a info message from thread 118-09-2026 00:29:34 [38;5;009m[ERROR]: [0mThis is a error message from thread 2618-09-2026 00:29:34 [38;5;009m[ERROR]: [0mThis is a error message from thread 1518-09-2026 00:29:34 [38;5;117m[DEBUG]: [0mThis is a debug message from thread 1618-09-2026 00:29:34 [38;5;117m[DEBUG]: [0mThis is a debug message from thread 2618-09-2026 00:29:34 [38;5;117m[DEBUG]: [0mThis is a debug message from thread 418-09-2026 00:29:34 [38;5;009m[ERROR]: [0mThis is a error message from thread 2318-09-2026 00:29:34 [38;5;015m[INFO]: [0mThis is a info message from thread 1118-09-2026 00:29:34 [38;5;009m[ERROR]: [0mThis is a error message from thread 118-09-2026 00:29:34 [38;5;015m[INFO]: [0mThis is a info message from thread 418-09-2026 00:29:34 [38;5;117m[DEBUG]: [0mThis is a debug message from thread 2518-09-2026 00:29:34 [38;5;009m[ERROR]: [0mThis is a error message from thread 1918-09-2026 00:29:34 [38;5;015m[INFO]: [0mThis is a info message from thread 2118-09-2026 00:29:34 [38;5;009m[ERROR]: [0mThis is a error message from thread 918-09-2026 00:29:34 [38;5;009m[ERROR]: [0mThis is a error message from thread 2418-09-2026 00:29:34 [38;5;009m[ERROR]: [0mThis is a error message from thread 1418-09-2026 00:29:34 [38;5;117m[DEBUG]: [0mThis is a debug message from thread 1218-09-2026 00:29:34 [38;5;117m[DEBUG]: [0mThis is a debug message from thread 1918-09-2026 00:29:34 [38;5;015m[INFO]: [0mThis is a info message from thread 1618-09-2026 00:29:34 [38;5;009m[ERROR]: [0mThis is a error message from thread 2918-09-2026 00:29:34 [38;5;009m[ERROR]: [0mThis is a error message from thread 1018-09-2026 00:29:34 [38;5;117m[DEBUG]: [0mThis is a debug message from thread 1818-09-2026 00:29:34 [38;5;117m[DEBUG]: [0mThis is a debug message from thread 2318-09-2026 00:29:34 [38;5;009m[ERROR]: [0mThis is a error message from thread 418-09-2026 00:29:34 [38;5;015m[INFO]: [0mThis is a info message from thread 1318-09-2026 00:29:34 [38;5;015m[INFO]: [0mThis is a info message from thread 2518-09-2026 00:29:34 [38;5;015m[INFO]: [0mThis is a info message from thread 1818-09-2026 00:29:34 [38;5;015m[INFO]: [0mThis is a info message from thread 1918-09-2026 00:29:34 [38;5;117m[DEBUG]: [0mThis is a debug message from thread 118-09-2026 00:29:34 [38;5;117m[DEBUG]: [0mThis is a debug message from thread 918-09-2026 00:29:34 [38;5;015m[INFO]: [0mThis is a info message from thread 118-09-2026 00:29:34 [38;5;009m[ERROR]: [0mThis is a error message from thread 1918-09-2026 00:29:34 [38;5;117m[DEBUG]: [0mThis is a debug message from thread 418-09-2026 00:29:34 [38;5;009m[ERROR]: [0mThis is a error message from thread 1618-09-2026 00:29:34 [38;5;009m[ERROR]: [0mThis is a error message from thread 118-09-2026 00:29:34 [38;5;015m[INFO]: [0mThis is a info message from thread 918-09-2026 00:29:34 [38;5;117m[DEBUG]: [0mThis is a debug message from thread 2018-09-2026 00:29:34 [38;5;117m[DEBUG]: [0mThis is a debug message from thread 1918-09-2026 00:29:34 [38;5;015m[INFO]: [0mThis is a info message from thread 018-09-2026 00:29:34 [38;5;009m[ERROR]: [0mThis is a error message from thread 1818-09-2026 00:29:34 [38;5;009m[ERROR]: [0mThis is a error message from thread 918-09-2026 00:29:34 [38;5;015m[INFO]: [0mThis is a info message from thread 1918-09-2026 00:29:34 [38;5;015m[INFO]: [0mThis is a info message from thread 418-09-2026 00:29:34 [38;5;117m[DEBUG]: [0mThis is a debug message from thread 118-09-2026 00:29:34 [38;5;117m[DEBUG]: [0mThis is a debug message from thread 1618-09-2026 00:29:34 [38;5;117m[DEBUG]: [0mThis is a debug message from thread 2918-09-2026 00:29:34 [38;5;015m[INFO]: [0mThis is a info message from thread 618-09-2026 00:29:34 [38;5;015m[INFO]: [0mThis is a info message from thread 2018-09-2026 00:29:34 [38;5;117m[DEBUG]: [0mThis is a debug message from thread 1818-09-2026 00:29:34 [38;5;117m[DEBUG]: [0mThis is a debug message from thread 918-09-2026 00:29:34 [38;5;009m[ERROR]: [0mThis is a error message from thread 618-09-2026 00:29:34 [38;5;009m[ERROR]: [0mThis is a error message from thread 418-09-2026 00:29:34 [38;5;009m[ERROR]: [0mThis is a error message from thread 018-09-2026 00:29:34 [38;5;015m[INFO]: [0mThis is a info message from thread 1818-09-2026 00:29:34 [38;5;009m[ERROR]: [0mThis is a error message from thread 2018-09-2026 00:29:34 [38;5;015m[INFO]: [0mThis is a info message from thread 918-09-2026 00:29:34 [38;5;009m[ERROR]: [0mThis is a error message from thread 1918-09-2026 00:29:34 [38;5;117m[DEBUG]: [0mThis is a debug message from thread 418-09-2026 00:29:34 [38;5;009m[ERROR]: [0mThis is a error message from thread 2218-09-2026 00:29:34 [38;5;015m[INFO]: [0mThis is a info message from thread 418-09-2026 00:29:34 [38;5;015m[INFO]: [0mThis is a info message from thread 2718-09-2026 00:29:34 [38;5;117m[DEBUG]: [0mThis is a debug message from thread 618-09-2026 00:29:34 [38;5;009m[ERROR]: [0mThis is a error message from thread 1818-09-2026 00:29:34 [38;5;015m[INFO]: [0mThis is a info message from thread 2918-09-2026 00:29:34 [38;5;117m[DEBUG]: [0mThis is a debug message from thread 1918-09-2026 00:29:34 [38;5;117m[DEBUG]: [0mThis is a debug message from thread 1518-09-2026 00:29:34 [38;5;117m[DEBUG]: [0mThis is a debug message from thread 218-09-2026 00:29:34 [38;5;015m[INFO]: [0mThis is a info message from thread 2618-09-2026 00:29:34 [38;5;009m[ERROR]: [0mThis is a error message from thread 818-09-2026 00:29:34 [38;5;015m[INFO]: [0mThis is a info message from thread 618-09-2026 00:29:34 [38;5;009m[ERROR]: [0mThis is a error message from thread 2718-09-2026 00:29:34 [38;5;009m[ERROR]: [0mThis is a error message from thread 2618-09-2026 00:29:34 [38;5;015m[INFO]: [0mThis is a info message from thread 1918-09-2026 00:29:34 [38;5;117m[DEBUG]: [0mThis is a debug message from thread 1718-09-2026 00:29:34 [38;5;117m[DEBUG]: [0mThis is a debug message from thread 2718-09-2026 00:29:34 [38;5;009m[ERROR]: [0mThis is a error message from thread 618-09-2026 00:29:34 [38;5;009m[ERROR]: [0mThis is a error message from thread 2918-09-2026 00:29:34 [38;5;015m[INFO]: [0mThis is a info message from thread 1718-09-2026 00:29:34 [38;5;015m[INFO]: [0mThis is a info message from thread 2318-09-2026 00:29:34 [38;5;117m[DEBUG]: [0mThis is a debug message from thread 2618-09-2026 00:29:34 [38;5;117m[DEBUG]: [0mThis is a debug message from thread 2918-09-2026 00:29:34 [38;5;009m[ERROR]: [0mThis is a error message from thread 318-09-2026 00:29:34 [38;5;009m[ERROR]: [0mThis is a error message from thread 718-09-2026 00:29:34 [38;5;117m[DEBUG]: [0mThis is a debug message from thread 2418-09-2026 00:29:34 [38;5;015m[INFO]: [0mThis is a info message from thread 118-09-2026 00:29:34 [38;5;009m[ERROR]: [0mThis is a error message from thread 1318-09-2026 00:29:34 [38;5;009m[ERROR]: [0mThis is a error message from thread 1918-09-2026 00:29:34 [38;5;009m[ERROR]: [0mThis is a error message from thread 118-09-2026 00:29:34 [38;5;015m[INFO]: [0mThis is a info message from thread 2918-09-2026 00:29:34 [38;5;009m[ERROR]: [0mThis is a error message from thread 418-09-2026 00:29:34 [38;5;009m[ERROR]: [0mThis is a error message from thread 2318-09-2026 00:29:34 [38;5;015m[INFO]: [0mThis is a info message from thread 2718-09-2026 00:29:34 [38;5;117m[DEBUG]: [0mThis is a debug message from thread 618-09-2026 00:29:34 [38;5;015m[INFO]: [0mThis is a info message from thread 518-09-2026 00:29:34 [38;5;117m[DEBUG]: [0mThis is a debug message from thread 2218-09-2026 00:29:34 [38;5;117m[DEBUG]: [0mThis is a debug message from thread 818-09-2026 00:29:34 [38;5;015m[INFO]: [0mThis is a info message from thread 218-09-2026 00:29:34 [38;5;015m[INFO]: [0mThis is a info message from thread 2618-09-2026 00:29:34 [38;5;015m[INFO]: [0mThis is a info message from thread 818-09-2026 00:29:34 [38;5;009m[ERROR]: [0mThis is a error message from thread 2618-09-2026 00:29:34 [38;5;117m[DEBUG]: [0mThis is a debug message from thread 318-09-2026 00:29:34 [38;5;009m[ERROR]: [0mThis is a error message from thread 1118-09-2026 00:29:34 [38;5;117m[DEBUG]: [0mThis is a debug message from thread 2618-09-2026 00:29:34 [38;5;015m[INFO]: [0mThis is a info message from thread 2418-09-2026 00:29:34 [38;5;009m[ERROR]: [0mThis is a error message from thread 1718-09-2026 00:29:34 [38;5;117m[DEBUG]: [0mThis is a debug message from thread 018-09-2026 00:29:34 [38;5;117m[DEBUG]: [0mThis is a debug message from thread 118-09-2026 00:29:34 [38;5;117m[DEBUG]: [0mThis is a debug message from thread 2318-09-2026 00:29:34 [38;5;015m[INFO]: [0mThis is a info message from thread 2618-09-2026 00:29:34 [38;5;009m[ERROR]: [0mThis is a error message from thread 2618-09-2026 00:29:34 [38;5;117m[DEBUG]: [0mThis is a debug message from thread 1918-09-2026 00:29:34 [38;5;117m[DEBUG]: [0mThis is a debug message from thread 1018-09-2026 00:29:34 [38;5;117m[DEBUG]: [0mThis is a debug message from thread 1118-09-2026 00:29:34 [38;5;015m[INFO]: [0mThis is a info message from thread 2818-09-2026 00:29:34 [38;5;015m[INFO]: [0mThis is a info message from thread 1618-09-2026 00:29:34 [38;5;009m[ERROR]: [0mThis is a error message from thread 2118-09-2026 00:29:34 [38;5;117m[DEBUG]: [0mThis is a debug message from thread 2618-09-2026 00:29:34 [38;5;117m[DEBUG]: [0mThis is a debug message from thread 1718-09-2026 00:29:34 [38;5;015m[INFO]: [0mThis is a info message from thread 2318-09-2026 00:29:34 [38;5;015m[INFO]: [0mThis is a info message from thread 1918-09-2026 00:29:34 [38;5;015m[INFO]: [0mThis is a info message from thread 1118-09-2026 00:29:34 [38;5;117m[DEBUG]: [0mThis is a debug message from thread 2118-09-2026 00:29:34 [38;5;015m[INFO]: [0mThis is a info message from thread 018-09-2026 00:29:34 [38;5;015m[INFO]: [0mThis is a info message from thread 1218-09-2026 00:29:34 [38;5;009m[ERROR]: [0mThis is a error message from thread 018-09-2026 00:29:34 [38;5;015m[INFO]: [0mThis is a info message from thread 2118-09-2026 00:29:34 [38;5;015m[INFO]: [0mThis is a info message from thread 1018-09-2026 00:29:34 [38;5;009m[ERROR]: [0mThis is a error message from thread 2318-09-2026 00:29:34 [38;5;015m[INFO]: [0mThis is a info message from thread 1718-09-2026 00:29:34 [38;5;009m[ERROR]: [0mThis is a error message from thread 2818-09-2026 00:29:34 [38;5;117m[DEBUG]: [0mThis is a debug message from thread 718-09-2026 00:29:34 [38;5;117m[DEBUG]: [0mThis is a debug message from thread 2318-09-2026 00:29:34 [38;5;009m[ERROR]: [0mThis is a error message from thread 1118-09-2026 00:29:34 [38;5;009m[ERROR]: [0mThis is a error message from thread 1018-09-2026 00:29:34 [38;5;117m[DEBUG]: [0mThis is a debug message from thread 018-09-2026 00:29:34 [38;5;117m[DEBUG]: [0mThis is a debug message from thread 1318-09-2026 00:29:34 [38;5;015m[INFO]: [0mThis is a info message from thread 718-09-2026 00:29:34 [38;5;117m[DEBUG]: [0mThis is a debug message from thread 2818-09-2026 00:29:34 [38;5;117m[DEBUG]: [0mThis is a debug message from thread 1018-09-2026 00:29:34 [38;5;117m[DEBUG]: [0mThis is a debug message from thread 1118-09-2026 00:29:34 [38;5;009m[ERROR]: [0mThis is a error message from thread 1218-09-2026 00:29:34 [38;5;009m[ERROR]: [0mThis is a error message from thread 2718-09-2026 00:29:34 [38;5;015m[INFO]: [0mThis is a info message from thread 2318-09-2026 00:29:34 [38;5;009m[ERROR]: [0mThis is a error message from thread 2418-09-2026 00:29:34 [38;5;009m[ERROR]: [0mThis is a error message from thread 218-09-2026 00:29:34 [38;5;009m[ERROR]: [0mThis is a error message from thread 518-09-2026 00:29:34 [38;5;009m[ERROR]: [0mThis is a error message from thread 718-09-2026 00:29:34 [38;5;117m[DEBUG]: [0mThis is a debug message from thread 518-09-2026 00:29:34 [38;5;015m[INFO]: [0mThis is a info message from thread 1018-09-2026 00:29:34 [38;5;015m[INFO]: [0mThis is a info message from thread 618-09-2026 00:29:34 [38;5;015m[INFO]: [0mThis is a info message from thread 2818-09-2026 00:29:34 [38;5;117m[DEBUG]: [0mThis is a debug message from thread 2018-09-2026 00:29:34 [38;5;009m[ERROR]: [0mThis is a error message from thread 1618-09-2026 00:29:34 [38;5;009m[ERROR]: [0mThis is a error message from thread 1018-09-2026 00:29:34 [38;5;117m[DEBUG]: [0mThis is a debug message from thread 2718-09-2026 00:29:34 [38;5;117m[DEBUG]: [0mThis is a debug message from thread 1018-09-2026 00:29:34 [38;5;009m[ERROR]: [0mThis is a error message from thread 618-09-2026 00:29:34 [38;5;117m[DEBUG]: [0mThis is a debug message from thread 1218-09-2026 00:29:34 [38;5;015m[INFO]: [0mThis is a info message from thread 2018-09-2026 00:29:34 [38;5;015m[INFO]: [0mThis is a info message from thread 1518-09-2026 00:29:34 [38;5;117m[DEBUG]: [0mThis is a debug message from thread 718-09-2026 00:29:34 [38;5;117m[DEBUG]: [0mThis is a debug message from thread 618-09-2026 00:29:34 [38;5;015m[INFO]: [0mThis is a info message from thread 1018-09-2026 00:29:34 [38;5;009m[ERROR]: [0mThis is a error message from thread 2118-09-2026 00:29:34 [38;5;015m[INFO]: [0mThis is a info message from thread 2218-09-2026 00:29:34 [38;5;015m[INFO]: [0mThis is a info message from thread 2718-09-2026 00:29:34 [38;5;009m[ERROR]: [0mThis is a error message from thread 818-09-2026 00:29:34 [38;5;009m[ERROR]: [0mThis is a error message from thread 2818-09-2026 00:29:34 [38;5;015m[INFO]: [0mThis is a info message from thread 1218-09-2026 00:29:34 [38;5;015m[INFO]: [0mThis is a info message from thread 718-09-2026 00:29:34 [38;5;009m[ERROR]: [0mThis is a error message from thread 918-09-2026 00:29:34 [38;5;015m[INFO]: [0mThis is a info message from thread 518-09-2026 00:29:34 [38;5;015m[INFO]: [0mThis is a info message from thread 118-09-2026 00:29:34 [38;5;009m[ERROR]: [0mThis is a error message from thread 2918-09-2026 00:29:34 [38;5;117m[DEBUG]: [0mThis is a debug message from thread 418-09-2026 00:29:34 [38;5;117m[DEBUG]: [0mThis is a debug message from thread 2918-09-2026 00:29:34 [38;5;009m[ERROR]: [0mThis is a error message from thread 1518-09-2026 00:29:34 [38;5;117m[DEBUG]: [0mThis is a debug message from thread 1618-09-2026 00:29:34 [38;5;117m[DEBUG]: [0mThis is a debug message from thread 2818-09-2026 00:29:34 [38;5;015m[INFO]: [0mThis is a info message from thread 2618-09-2026 00:29:34 [38;5;015m[INFO]: [0mThis is a info message from thread 2918-09-2026 00:29:34 [38;5;009m[ERROR]: [0mThis is a error message from thread 718-09-2026 00:29:34 [38;5;009m[ERROR]: [0mThis is a error message from thread 2918-09-2026 00:29:34 [38;5;009m[ERROR]: [0mThis is a error message from thread 2718-09-2026 00:29:34 [38;5;117m[DEBUG]: [0mThis is a debug message from thread 2118-09-2026 00:29:34 [38;5;009m[ERROR]: [0mThis is a error message from thread 1218-09-2026 00:29:34 [38;5;117m[DEBUG]: [0mThis is a debug message from thread 918-09-2026 00:29:34 [38;5;009m[ERROR]: [0mThis is a error message from thread 518-09-2026 00:29:34 [38;5;117m[DEBUG]: [0mThis is a debug message from thread 1518-09-2026 00:29:34 [38;5;015m[INFO]: [0mThis is a info message from thread 918-09-2026 00:29:34 [38;5;015m[INFO]: [0mThis is a info message from thread 2818-09-2026 00:29:34 [38;5;009m[ERROR]: [0mThis is a error message from thread 1918-09-2026 00:29:34 [38;5;009m[ERROR]: [0mThis is a error message from thread 1718-09-2026 00:29:34 [38;5;009m[ERROR]: [0mThis is a error message from thread 918-09-2026 00:29:34 [38;5;117m[DEBUG]: [0mThis is a debug message from thread 1918-09-2026 00:29:34 [38;5;117m[DEBUG]: [0mThis is a debug message from thread 718-09-2026 00:29:34 [38;5;117m[DEBUG]: [0mThis is a debug message from thread 2918-09-2026 00:29:34 [38;5;117m[DEBUG]: [0mThis is a debug message from thread 918-09-2026 00:29:34 [38;5;117m[DEBUG]: [0mThis is a debug message from thread 1218-09-2026 00:29:34 [38;5;015m[INFO]: [0mThis is a info message from thread 2118-09-2026 00:29:34 [38;5;015m[INFO]: [0mThis is a info message from thread 1918-09-2026 00:29:34 [38;5;015m[INFO]: [0mThis is a info message from thread 718-09-2026 00:29:34 [38;5;117m[DEBUG]: [0mThis is a debug message from thread 2718-09-2026 00:29:34 [38;5;015m[INFO]: [0mThis is a info message from thread 318-09-2026 00:29:34 [38;5;015m[INFO]: [0mThis is a info message from thread 1318-09-2026 00:29:34 [38;5;009m[ERROR]: [0mThis is a error message from thread 718-09-2026 00:29:34 [38;5;015m[INFO]: [0mThis is a info message from thread 1218-09-2026 00:29:34 [38;5;015m[INFO]: [0mThis is a info message from thread 1618-09-2026 00:29:34 [38;5;009m[ERROR]: [0mThis is a error message from thread 1318-09-2026 00:29:34 [38;5;009m[ERROR]: [0mThis is a error message from thread 1618-09-2026 00:29:34 [38;5;117m[DEBUG]: [0mThis is a debug message from thread 1318-09-2026 00:29:34 [38;5;009m[ERROR]: [0mThis is a error message from thread 318-09-2026 00:29:34 [38;5;009m[ERROR]: [0mThis is a error message from thread 2318-09-2026 00:29:34 [38;5;009m[ERROR]: [0mThis is a error message from thread 2118-09-2026 00:29:34 [38;5;015m[INFO]: [0mThis is a info message from thread 1118-09-2026 00:29:34 [38;5;015m[INFO]: [0mThis is a info message from thread 918-09-2026 00:29:34 [38;5;117m[DEBUG]: [0mThis is a debug message from thread 318-09-2026 00:29:34 [38;5;009m[ERROR]: [0mThis is a error message from thread 2518-09-2026 00:29:34 [38;5;117m[DEBUG]: [0mThis is a debug message from thread 2318-09-2026 00:29:34 [38;5;015m[INFO]: [0mThis is a info message from thread 618-09-2026 00:29:34 [38;5;015m[INFO]: [0mThis is a info message from thread 2318-09-2026 00:29:34 [38;5;009m[ERROR]: [0mThis is a error message from thread 618-09-2026 00:29:34 [38;5;015m[INFO]: [0mThis is a info message from thread 2718-09-2026 00:29:34 [38;5;015m[INFO]: [0mThis is a info message from thread 1518-09-2026 00:29:34 [38;5;117m[DEBUG]: [0mThis is a debug message from thread 718-09-2026 00:29:34 [38;5;009m[ERROR]: [0mThis is a error message from thread 2018-09-2026 00:29:34 [38;5;117m[DEBUG]: [0mThis is a debug message from thread 818-09-2026 00:29:34 [38;5;015m[INFO]: [0mThis is a info message from thread 718-09-2026 00:29:34 [38;5;009m[ERROR]: [0mThis is a error message from thread 1518-09-2026 00:29:34 [38;5;117m[DEBUG]: [0mThis is a debug message from thread 2018-09-2026 00:29:34 [38;5;015m[INFO]: [0mThis is a info message from thread 818-09-2026 00:29:34 [38;5;009m[ERROR]: [0mThis is a error message from thread 1218-09-2026 00:29:34 [38;5;009m[ERROR]: [0mThis is a error message from thread 918-09-2026 00:29:34 [38;5;117m[DEBUG]: [0mThis is a debug message from thread 1518-09-2026 00:29:34 [38;5;117m[DEBUG]: [0mThis is a debug message from thread 2518-09-2026 00:29:34 [38;5;117m[DEBUG]: [0mThis is a debug message from thread 918-09-2026 00:29:34 [38;5;009m[ERROR]: [0mThis is a error message from thread 818-09-2026 00:29:34 [38;5;009m[ERROR]: [0mThis is a error message from thread 2218-09-2026 00:29:34 [38;5;009m[ERROR]: [0mThis is a error message from thread 118-09-2026 00:29:34 [38;5;009m[ERROR]: [0mThis is a error message from thread 2618-09-2026 00:29:34 [38;5;015m[INFO]: [0mThis is a info message from thread 2018-09-2026 00:29:34 [38;5;117m[DEBUG]: [0mThis is a debug message from thread 2218-09-2026 00:29:34 [38;5;009m[ERROR]: [0mThis is a error message from thread 1918-09-2026 00:29:34 [38;5;117m[DEBUG]: [0mThis is a debug message from thread 1418-09-2026 00:29:34 [38;5;015m[INFO]: [0mThis is a info message from thread 918-09-2026 00:29:34 [38;5;015m[INFO]: [0mThis is a info message from thread 018-09-2026 00:29:34 [38;5;117m[DEBUG]: [0mThis is a debug message from thread 118-09-2026 00:29:34 [38;5;117m[DEBUG]: [0mThis is a debug message from thread 2618-09-2026 00:29:34 [38;5;117m[DEBUG]: [0mThis is a debug message from thread 1718-09-2026 00:29:34 [38;5;009m[ERROR]: [0mThis is a error message from thread 2018-09-2026 00:29:34 [38;5;015m[INFO]: [0mThis is a info message from thread 2918-09-2026 00:29:34 [38;5;009m[ERROR]: [0mThis is a error message from thread 918-09-2026 00:29:34 [38;5;015m[INFO]: [0mThis is a info message from thread 1318-09-2026 00:29:34 [38;5;117m[DEBUG]: [0mThis is a debug message from thread 818-09-2026 00:29:34 [38;5;009m[ERROR]: [0mThis is a error message from thread 718-09-2026 00:29:34 [38;5;009m[ERROR]: [0mThis is a error message from thread 2318-09-2026 00:29:34 [38;5;015m[INFO]: [0mThis is a info message from thread 318-09-2026 00:29:34 [38;5;015m[INFO]: [0mThis is a info message from thread 1518-09-2026 00:29:34 [38;5;117m[DEBUG]: [0mThis is a debug message from thread 918-09-2026 00:29:34 [38;5;117m[DEBUG]: [0mThis is a debug message from thread 1818-09-2026 00:29:34 [38;5;015m[INFO]: [0mThis is a info message from thread 818-09-2026 00:29:34 [38;5;117m[DEBUG]: [0mThis is a debug message from thread 1918-09-2026 00:29:34 [38;5;015m[INFO]: [0mThis is a info message from thread 1818-09-2026 00:29:34 [38;5;009m[ERROR]: [0mThis is a error message from thread 2818-09-2026 00:29:34 [38;5;117m[DEBUG]: [0mThis is a debug message from thread 2418-09-2026 00:29:34 [38;5;009m[ERROR]: [0mThis is a error message from thread 1018-09-2026 00:29:34 [38;5;009m[ERROR]: [0mThis is a error message from thread 1518-09-2026 00:29:34 [38;5;015m[INFO]: [0mThis is a info message from thread 2218-09-2026 00:29:34 [38;5;009m[ERROR]: [0mThis is a error message from thread 318-09-2026 00:29:34 [38;5;009m[ERROR]: [0mThis is a error message from thread 018-09-2026 00:29:34 [38;5;117m[DEBUG]: [0mThis is a debug message from thread 2818-09-2026 00:29:34 [38;5;015m[INFO]: [0mThis is a info message from thread 418-09-2026 00:29:34 [38;5;009m[ERROR]: [0mThis is a error message from thread 2918-09-2026 00:29:34 [38;5;117m[DEBUG]: [0mThis is a debug message from thread 318-09-2026 00:29:34 [38;5;015m[INFO]: [0mThis is a info message from thread 2518-09-2026 00:29:34 [38;5;015m[INFO]: [0mThis is a info message from thread 1718-09-2026 00:29:34 [38;5;015m[INFO]: [0mThis is a info message from thread 118-09-2026 00:29:34 [38;5;009m[ERROR]: [0mThis is a error message from thread 818-09-2026 00:29:34 [38;5;117m[DEBUG]: [0mThis is a debug message from thread 018-09-2026 00:29:34 [38;5;117m[DEBUG]: [0mThis is a debug message from thread 1518-09-2026 00:29:34 [38;5;009m[ERROR]: [0mThis is a error message from thread 1818-09-2026 00:29:34 [38;5;015m[INFO]: [0mThis is a info message from thread 018-09-2026 00:29:34 [38;5;117m[DEBUG]: [0mThis is a debug message from thread 2018-09-2026 00:29:34 [38;5;117m[DEBUG]: [0mThis is a debug message from thread 618-09-2026 00:29:34 [38;5;009m[ERROR]: [0mThis is a error message from thread 018-09-2026 00:29:34 [38;5;117m[DEBUG]: [0mThis is a debug message from thread 2118-09-2026 00:29:34 [38;5;117m[DEBUG]: [0mThis is a debug message from thread 018-09-2026 00:29:34 [38;5;009m[ERROR]: [0mThis is a error message from thread 2518-09-2026 00:29:34 [38;5;015m[INFO]: [0mThis is a info message from thread 318-09-2026 00:29:34 [38;5;117m[DEBUG]: [0mThis is a debug message from thread 1818-09-2026 00:29:34 [38;5;015m[INFO]: [0mThis is a info message from thread 018-09-2026 00:29:34 [38;5;117m[DEBUG]: [0mThis is a debug message from thread 1218-09-2026 00:29:34 [38;5;009m[ERROR]: [0mThis is a error message from thread 2218-09-2026 00:29:34 [38;5;117m[DEBUG]: [0mThis is a debug message from thread 2218-09-2026 00:29:34 [38;5;015m[INFO]: [0mThis is a info message from thread 1818-09-2026 00:29:34 [38;5;015m[INFO]: [0mThis is a info message from thread 2218-09-2026 00:29:34 [38;5;117m[DEBUG]: [0mThis is a debug message from thread 218-09-2026 00:29:34 [38;5;117m[DEBUG]: [0mThis is a debug message from thread 2518-09-2026 00:29:34 [38;5;015m[INFO]: [0mThis is a info message from thread 1418-09-2026 00:29:34 [38;5;015m[INFO]: [0mThis is a info message from thread 618-09-2026 00:29:34 [38;5;117m[DEBUG]: [0mThis is a debug message from thread 2318-09-2026 00:29:34 [38;5;117m[DEBUG]: [0mThis is a debug message from thread 518-09-2026 00:29:34 [38;5;009m[ERROR]: [0mThis is a error message from thread 1818-09-2026 00:29:34 [38;5;015m[INFO]: [0mThis is a info message from thread 518-09-2026 00:29:34 [38;5;015m[INFO]: [0mThis is a info message from thread 2518-09-2026 00:29:34 [38;5;009m[ERROR]: [0mThis is a error message from thread 518-09-2026 00:29:34 [38;5;015m[INFO]: [0mThis is a info message from thread 1518-09-2026 00:29:34 [38;5;117m[DEBUG]: [0mThis is a debug message from thread 1618-09-2026 00:29:34 [38;5;015m[INFO]: [0mThis is a info message from thread 2318-09-2026 00:29:34 [38;5;009m[ERROR]: [0mThis is a error message from thread 2218-09-2026 00:29:34 [38;5;009m[ERROR]: [0mThis is a error message from thread 318-09-2026 00:29:34 [38;5;009m[ERROR]: [0mThis is a error message from thread 618-09-2026 00:29:34 [38;5;117m[DEBUG]: [0mThis is a debug message from thread 718-09-2026 00:29:34 [38;5;015m[INFO]: [0mThis is a info message from thread 2818-09-2026 00:29:34 [38;5;117m[DEBUG]: [0mThis is a debug message from thread 518-09-2026 00:29:34 [38;5;015m[INFO]: [0mThis is a info message from thread 918-09-2026 00:29:34 [38;5;015m[INFO]: [0mThis is a info message from thread 2418-09-2026 00:29:34 [38;5;015m[INFO]: [0mThis is a info message from thread 2618-09-2026 00:29:34 [38;5;117m[DEBUG]: [0mThis is a debug message from thread 618-09-2026 00:29:34 [38;5;117m[DEBUG]: [0mThis is a debug message from thread 2918-09-2026 00:29:34 [38;5;009m[ERROR]: [0mThis is a error message from thread 2818-09-2026 00:29:34 [38;5;015m[INFO]: [0mThis is a info message from thread 2918-09-2026 00:29:34 [38;5;009m[ERROR]: [0mThis is a error message from thread 2618-09-2026 00:29:34 [38;5;009m[ERROR]: [0mThis is a error message from thread 018-09-2026 00:29:34 [38;5;015m[INFO]: [0mThis is a info message from thread 718-09-2026 00:29:34 [38;5;117m[DEBUG]: [0mThis is a debug message from thread 2818-09-2026 00:29:34 [38;5;009m[ERROR]: [0mThis is a error message from thread 1118-09-2026 00:29:34 [38;5;117m[DEBUG]: [0mThis is a debug message from thread 2218-09-2026 00:29:34 [38;5;009m[ERROR]: [0mThis is a error message from thread 2318-09-2026 00:29:34 [38;5;015m[INFO]: [0mThis is a info message from thread 2018-09-2026 00:29:34 [38;5;015m[INFO]: [0mThis is a info message from thread 2218-09-2026 00:29:34 [38;5;009m[ERROR]: [0mThis is a error message from thread 118-09-2026 00:29:34 [38;5;009m[ERROR]: [0mThis is a error message from thread 2918-09-2026 00:29:34 [38;5;117m[DEBUG]: [0mThis is a debug message from thread 1818-09-2026 00:29:34 [38;5;117m[DEBUG]: [0mThis is a debug message from thread 118-09-2026 00:29:34 [38;5;015m[INFO]: [0mThis is a info message from thread 618-09-2026 00:29:34 [38;5;009m[ERROR]: [0mThis is a error message from thread 918-09-2026 00:29:34 [38;5;117m[DEBUG]: [0mThis is a debug message from thread 018-09-2026 00:29:34 [38;5;009m[ERROR]: [0mThis is a error message from thread 1518-09-2026 00:29:34 [38;5;117m[DEBUG]: [0mThis is a debug message from thread 1518-09-2026 00:29:34 [38;5;009m[ERROR]: [0mThis is a error message from thread 2518-09-2026 00:29:34 [38;5;015m[INFO]: [0mThis is a info message from thread 018-09-2026 00:29:34 [38;5;015m[INFO]: [0mThis is a info message from thread 1518-09-2026 00:29:34 [38;5;009m[ERROR]: [0mThis is a error message from thread 618-09-2026 00:29:34 [38;5;009m[ERROR]: [0mThis is a error message from thread 2018-09-2026 00:29:34 [38;5;117m[DEBUG]: [0mThis is a debug message from thread 2018-09-2026 00:29:34 [38;5;117m[DEBUG]: [0mThis is a debug message from thread 2518-09-2026 00:29:34 [38;5;117m[DEBUG]: [0mThis is a debug message from thread 2618-09-2026 00:29:34 [38;5;015m[INFO]: [0mThis is a info message from thread 2018-09-2026 00:29:34 [38;5;015m[INFO]: [0mThis is a info message from thread 2518-09-2026 00:29:34 [38;5;009m[ERROR]: [0mThis is a error message from thread 018-09-2026 00:29:34 [38;5;117m[DEBUG]: [0mThis is a debug message from thread 2318-09-2026 00:29:34 [38;5;015m[INFO]: [0mThis is a info message from thread 218-09-2026 00:29:34 [38;5;009m[ERROR]: [0mThis is a error message from thread 2518-09-2026 00:29:34 [38;5;015m[INFO]: [0mThis is a info message from thread 1918-09-2026 00:29:34 [38;5;015m[INFO]: [0mThis is a info message from thread 2318-09-2026 00:29:34 [38;5;117m[DEBUG]: [0mThis is a debug message from thread 918-09-2026 00:29:34 [38;5;015m[INFO]: [0mThis is a info message from thread 2618-09-2026 00:29:34 [38;5;009m[ERROR]: [0mThis is a error message from thread 1518-09-2026 00:29:34 [38;5;117m[DEBUG]: [0mThis is a debug message from thread 2518-09-2026 00:29:34 [38;5;117m[DEBUG]: [0mThis is a debug message from thread 018-09-2026 00:29:34 [38;5;009m[ERROR]: [0mThis is a error message from thread 2618-09-2026 00:29:34 [38;5;015m[INFO]: [0mThis is a info message from thread 018-09-2026 00:29:34 [38;5;117m[DEBUG]: [0mThis is a debug message from thread 618-09-2026 00:29:34 [38;5;015m[INFO]: [0mThis is a info message from thread 118-09-2026 00:29:34 [38;5;015m[INFO]: [0mThis is a info message from thread 1218-09-2026 00:29:34 [38;5;117m[DEBUG]: [0mThis is a debug message from thread 818-09-2026 00:29:34 [38;5;009m[ERROR]: [0mThis is a error message from thread 2318-09-2026 00:29:34 [38;5;015m[INFO]: [0mThis is a info message from thread 2518-09-2026 00:29:34 [38;5;117m[DEBUG]: [0mThis is a debug message from thread 318-09-2026 00:29:34 [38;5;015m[INFO]: [0mThis is a info message from thread 1618-09-2026 00:29:34 [38;5;009m[ERROR]: [0mThis is a error message from thread 718-09-2026 00:29:34 [38;5;117m[DEBUG]: [0mThis is a debug message from thread 1118-09-2026 00:29:34 [38;5;009m[ERROR]: [0mThis is a error message from thread 1718-09-2026 00:29:34 [38;5;117m[DEBUG]: [0mThis is a debug message from thread 718-09-2026 00:29:34 [38;5;009m[ERROR]: [0mThis is a error message from thread 418-09-2026 00:29:34 [38;5;117m[DEBUG]: [0mThis is a debug message from thread 2318-09-2026 00:29:34 [38;5;015m[INFO]: [0mThis is a info message from thread 2818-09-2026 00:29:34 [38;5;009m[ERROR]: [0mThis is a error message from thread 018-09-2026 00:29:34 [38;5;117m[DEBUG]: [0mThis is a debug message from thread 2618-09-2026 00:29:34 [38;5;015m[INFO]: [0mThis is a info message from thread 1818-09-2026 00:29:34 [38;5;015m[INFO]: [0mThis is a info message from thread 818-09-2026 00:29:34 [38;5;009m[ERROR]: [0mThis is a error message from thread 1218-09-2026 00:29:34 [38;5;015m[INFO]: [0mThis is a info message from thread 2618-09-2026 00:29:34 [38;5;009m[ERROR]: [0mThis is a error message from thread 1918-09-2026 00:29:34 [38;5;117m[DEBUG]: [0mThis is a debug message from thread 2918-09-2026 00:29:34 [38;5;117m[DEBUG]: [0mThis is a debug message from thread 1518-09-2026 00:29:34 [38;5;117m[DEBUG]: [0mThis is a debug message from thread 418-09-2026 00:29:34 [38;5;117m[DEBUG]: [0mThis is a debug message from thread 1918-09-2026 00:29:34 [38;5;009m[ERROR]: [0mThis is a error message from thread 2418-09-2026 00:29:34 [38;5;009m[ERROR]: [0mThis is a error message from thread 1618-09-2026 00:29:34 [38;5;015m[INFO]: [0mThis is a info message from thread 1118-09-2026 00:29:34 [38;5;117m[DEBUG]: [0mThis is a debug message from thread 1618-09-2026 00:29:34 [38;5;117m[DEBUG]: [0mThis is a debug message from thread 018-09-2026 00:29:34 [38;5;117m[DEBUG]: [0mThis is a debug message from thread 2418-09-2026 00:29:34 [38;5;015m[INFO]: [0mThis is a info message from thread 1918-09-2026 00:29:34 [38;5;015m[INFO]: [0mThis is a info message from thread 1518-09-2026 00:29:34 [38;5;015m[INFO]: [0mThis is a info message from thread 2418-09-2026 00:29:34 [38;5;009m[ERROR]: [0mThis is a error message from thread 1918-09-2026 00:29:34 [38;5;009m[ERROR]: [0mThis is a error message from thread 1518-09-2026 00:29:34 [38;5;009m[ERROR]: [0mThis is a error message from thread 118-09-2026 00:29:34 [38;5;015m[INFO]: [0mThis is a info message from thread 1618-09-2026 00:29:34 [38;5;015m[INFO]: [0mThis is a info message from thread 018-09-2026 00:29:34 [38;5;015m[INFO]: [0mThis is a info message from thread 618-09-2026 00:29:34 [38;5;117m[DEBUG]: [0mThis is a debug message from thread 1918-09-2026 00:29:34 [38;5;015m[INFO]: [0mThis is a info message from thread 1918-09-2026 00:29:34 [38;5;015m[INFO]: [0mThis is a info message from thread 2918-09-2026 00:29:34 [38;5;009m[ERROR]: [0mThis is a error message from thread 2818-09-2026 00:29:34 [38;5;117m[DEBUG]: [0mThis is a debug message from thread 2818-09-2026 00:29:34 [38;5;015m[INFO]: [0mThis is a info message from thread 2818-09-2026 00:29:34 [38;5;009m[ERROR]: [0mThis is a error message from thread 618-09-2026 00:29:34 [38;5;009m[ERROR]: [0mThis is a error message from thread 1618-09-2026 00:29:34 [38;5;117m[DEBUG]: [0mThis is a debug message from thread 1518-09-2026 00:29:34 [38;5;015m[INFO]: [0mThis is a info message from thread 318-09-2026 00:29:34 [38;5;015m[INFO]: [0mThis is a info message from thread 2118-09-2026 00:29:34 [38;5;009m[ERROR]: [0mThis is a error message from thread 2018-09-2026 00:29:34 [38;5;015m[INFO]: [0mThis is a info message from thread 1518-09-2026 00:29:34 [38;5;009m[ERROR]: [0mThis is a error message from thread 318-09-2026 00:29:34 [38;5;009m[ERROR]: [0mThis is a error message from thread 018-09-2026 00:29:34 [38;5;117m[DEBUG]: [0mThis is a debug message from thread 1618-09-2026 00:29:34 [38;5;117m[DEBUG]: [0mThis is a debug message from thread 2018-09-2026 00:29:34 [38;5;015m[INFO]: [0mThis is a info message from thread 1618-09-2026 00:29:34 [38;5;015m[INFO]: [0mThis is a info message from thread 2018-09-2026 00:29:34 [38;5;009m[ERROR]: [0mThis is a error message from thread 1618-09-2026 00:29:34 [38;5;009m[ERROR]: [0mThis is a error message from thread 1918-09-2026 00:29:34 [38;5;117m[DEBUG]: [0mThis is a debug message from thread 318-09-2026 00:29:34 [38;5;009m[ERROR]: [0mThis is a error message from thread 1518-09-2026 00:29:34 [38;5;009m[ERROR]: [0mThis is a error message from thread 2118-09-2026 00:29:34 [38;5;117m[DEBUG]: [0mThis is a debug message from thread 1018-09-2026 00:29:34 [38;5;015m[INFO]: [0mThis is a info message from thread 318-09-2026 00:29:34 [38;5;117m[DEBUG]: [0mThis is a debug message from thread 1618-09-2026 00:29:34 [38;5;117m[DEBUG]: [0mThis is a debug message from thread 1518-09-2026 00:29:34 [38;5;117m[DEBUG]: [0mThis is a debug message from thread 1718-09-2026 00:29:34 [38;5;015m[INFO]: [0mThis is a info message from thread 1018-09-2026 00:29:34 [38;5;009m[ERROR]: [0mThis is a error message from thread 2418-09-2026 00:29:34 [38;5;117m[DEBUG]: [0mThis is a debug message from thread 2118-09-2026 00:29:34 [38;5;117m[DEBUG]: [0mThis is a debug message from thread 118-09-2026 00:29:34 [38;5;009m[ERROR]: [0mThis is a error message from thread 218-09-2026 00:29:34 [38;5;009m[ERROR]: [0mThis is a error message from thread 1318-09-2026 00:29:34 [38;5;015m[INFO]: [0mThis is a info message from thread 718-09-2026 00:29:34 [38;5;009m[ERROR]: [0mThis is a error message from thread 318-09-2026 00:29:34 [38;5;009m[ERROR]: [0mThis is a error message from thread 718-09-2026 00:29:34 [38;5;117m[DEBUG]: [0mThis is a debug message from thread 1918-09-2026 00:29:34 [38;5;117m[DEBUG]: [0mThis is a debug message from thread 718-09-2026 00:29:34 [38;5;009m[ERROR]: [0mThis is a error message from thread 1018-09-2026 00:29:34 [38;5;015m[INFO]: [0mThis is a info message from thread 418-09-2026 00:29:34 [38;5;009m[ERROR]: [0mThis is a error message from thread 1818-09-2026 00:29:34 [38;5;015m[INFO]: [0mThis is a info message from thread 718-09-2026 00:29:34 [38;5;015m[INFO]: [0mThis is a info message from thread 518-09-2026 00:29:34 [38;5;117m[DEBUG]: [0mThis is a debug message from thread 2418-09-2026 00:29:34 [38;5;117m[DEBUG]: [0mThis is a debug message from thread 218-09-2026 00:29:34 [38;5;009m[ERROR]: [0mThis is a error message from thread 2718-09-2026 00:29:34 [38;5;117m[DEBUG]: [0mThis is a debug message from thread 1018-09-2026 00:29:34 [38;5;117m[DEBUG]: [0mThis is a debug message from thread 318-09-2026 00:29:34 [38;5;009m[ERROR]: [0mThis is a error message from thread 718-09-2026 00:29:34 [38;5;009m[ERROR]: [0mThis is a error message from thread 2618-09-2026 00:29:34 [38;5;015m[INFO]: [0mThis is a info message from thread 2418-09-2026 00:29:34 [38;5;117m[DEBUG]: [0mThis is a debug message from thread 1818-09-2026 00:29:34 [38;5;015m[INFO]: [0mThis is a info message from thread 1818-09-2026 00:29:34 [38;5;117m[DEBUG]: [0mThis is a debug message from thread 2718-09-2026 00:29:34 [38;5;117m[DEBUG]: [0mThis is a debug message from thread 1318-09-2026 00:29:34 [38;5;117m[DEBUG]: [0mThis is a debug message from thread 718-09-2026 00:29:34 [38;5;009m[ERROR]: [0mThis is a error message from thread 1818-09-2026 00:29:34 [38;5;015m[INFO]: [0mThis is a info message from thread 1018-09-2026 00:29:34 [38;5;009m[ERROR]: [0mThis is a error message from thread 1118-09-2026 00:29:34 [38;5;009m[ERROR]: [0mThis is a error message from thread 518-09-2026 00:29:34 [38;5;015m[INFO]: [0mThis is a info message from thread 2718-09-2026 00:29:34 [38;5;009m[ERROR]: [0mThis is a error message from thread 2918-09-2026 00:29:34 [38;5;015m[INFO]: [0mThis is a info message from thread 1718-09-2026 00:29:34 [38;5;009m[ERROR]: [0mThis is a error message from thread 2718-09-2026 00:29:34 [38;5;009m[ERROR]: [0mThis is a error message from thread 1418-09-2026 00:29:34 [38;5;117m[DEBUG]: [0mThis is a debug message from thread 1818-09-2026 00:29:34 [38;5;117m[DEBUG]: [0mThis is a debug message from thread 2618-09-2026 00:29:34 [38;5;009m[ERROR]: [0mThis is a error message from thread 818-09-2026 00:29:34 [38;5;015m[INFO]: [0mThis is a info message from thread 1618-09-2026 00:29:34 [38;5;009m[ERROR]: [0mThis is a error message from thread 2218-09-2026 00:29:34 [38;5;015m[INFO]: [0mThis is a info message from thread 1518-09-2026 00:29:34 [38;5;015m[INFO]: [0mThis is a info message from thread 318-09-2026 00:29:34 [38;5;015m[INFO]: [0mThis is a info message from thread 2118-09-2026 00:29:34 [38;5;015m[INFO]: [0mThis is a info message from thread 1818-09-2026 00:29:34 [38;5;009m[ERROR]: [0mThis is a error message from thread 2118-09-2026 00:29:34 [38;5;015m[INFO]: [0mThis is a info message from thread 218-09-2026 00:29:34 [38;5;117m[DEBUG]: [0mThis is a debug message from thread 1118-09-2026 00:29:34 [38;5;009m[ERROR]: [0mThis is a error message from thread 2818-09-2026 00:29:34 [38;5;009m[ERROR]: [0mThis is a error message from thread 2418-09-2026 00:29:34 [38;5;117m[DEBUG]: [0mThis is a debug message from thread 2818-09-2026 00:29:34 [38;5;009m[ERROR]: [0mThis is a error message from thread 1818-09-2026 00:29:34 [38;5;015m[INFO]: [0mThis is a info message from thread 2618-09-2026 00:29:34 [38;5;117m[DEBUG]: [0mThis is a debug message from thread 2218-09-2026 00:29:34 [38;5;015m[INFO]: [0mThis is a info message from thread 1118-09-2026 00:29:34 [38;5;015m[INFO]: [0mThis is a info message from thread 2818-09-2026 00:29:34 [38;5;117m[DEBUG]: [0mThis is a debug message from thread 018-09-2026 00:29:34 [38;5;117m[DEBUG]: [0mThis is a debug message from thread 1818-09-2026 00:29:34 [38;5;009m[ERROR]: [0mThis is a error message from thread 218-09-2026 00:29:34 [38;5;117m[DEBUG]: [0mThis is a debug message from thread 618-09-2026 00:29:34 [38;5;117m[DEBUG]: [0mThis is a debug message from thread 2118-09-2026 00:29:34 [38;5;009m[ERROR]: [0mThis is a error message from thread 2818-09-2026 00:29:34 [38;5;009m[ERROR]: [0mThis is a error message from thread 1118-09-2026 00:29:34 [38;5;117m[DEBUG]: [0mThis is a debug message from thread 2418-09-2026 00:29:34 [38;5;015m[INFO]: [0mThis is a info message from thread 618-09-2026 00:29:34 [38;5;117m[DEBUG]: [0mThis is a debug message from thread 518-09-2026 00:29:34 [38;5;015m[INFO]: [0mThis is a info message from thread 1818-09-2026 00:29:34 [38;5;015m[INFO]: [0mThis is a info message from thread 2218-09-2026 00:29:34 [38;5;117m[DEBUG]: [0mThis is a debug message from thread 2818-09-2026 00:29:34 [38;5;009m[ERROR]: [0mThis is a error message from thread 618-09-2026 00:29:34 [38;5;015m[INFO]: [0mThis is a info message from thread 2418-09-2026 00:29:34 [38;5;009m[ERROR]: [0mThis is a error message from thread 2418-09-2026 00:29:34 [38;5;117m[DEBUG]: [0mThis is a debug message from thread 1118-09-2026 00:29:34 [38;5;117m[DEBUG]: [0mThis is a debug message from thread 618-09-2026 00:29:34 [38;5;009m[ERROR]: [0mThis is a error message from thread 1518-09-2026 00:29:34 [38;5;015m[INFO]: [0mThis is a info message from thread 2118-09-2026 00:29:34 [38;5;015m[INFO]: [0mThis is a info message from thread 2818-09-2026 00:29:34 [38;5;009m[ERROR]: [0mThis is a error message from thread 2118-09-2026 00:29:34 [38;5;015m[INFO]: [0mThis is a info message from thread 1318-09-2026 00:29:34 [38;5;015m[INFO]: [0mThis is a info message from thread 618-09-2026 00:29:34 [38;5;117m[DEBUG]: [0mThis is a debug message from thread 2118-09-2026 00:29:34 [38;5;009m[ERROR]: [0mThis is a error message from thread 2818-09-2026 00:29:34 [38;5;117m[DEBUG]: [0mThis is a debug message from thread 218-09-2026 00:29:34 [38;5;009m[ERROR]: [0mThis is a error message from thread 1318-09-2026 00:29:34 [38;5;009m[ERROR]: [0mThis is a error message from thread 1718-09-2026 00:29:34 [38;5;117m[DEBUG]: [0mThis is a debug message from thread 818-09-2026 00:29:34 [38;5;009m[ERROR]: [0mThis is a error message from thread 2218-09-2026 00:29:34 [38;5;009m[ERROR]: [0mThis is a error message from thread 618-09-2026 00:29:34 [38;5;009m[ERROR]: [0mThis is a error message from thread 1018-09-2026 00:29:34 [38;5;009m[ERROR]: [0mThis is a error message from thread 2518-09-2026 00:29:34 [38;5;015m[INFO]: [0mThis is a info message from thread 1118-09-2026 00:29:34 [38;5;009m[ERROR]: [0mThis is a error message from thread 2018-09-2026 00:29:34 [38;5;117m[DEBUG]: [0mThis is a debug message from thread 2418-09-2026 00:29:34 [38;5;015m[INFO]: [0mThis is a info message from thread 2318-09-2026 00:29:34 [38;5;117m[DEBUG]: [0mThis is a debug message from thread 2918-09-2026 00:29:34 [38;5;117m[DEBUG]: [0mThis is a debug message from thread 2818-09-2026 00:29:34 [38;5;009m[ERROR]: [0mThis is a error message from thread 2318-09-2026 00:29:34 [38;5;015m[INFO]: [0mThis is a info message from thread 518-09-2026 00:29:34 [38;5;117m[DEBUG]: [0mThis is a debug message from thread 1518-09-2026 00:29:34 [38;5;117m[DEBUG]: [0mThis is a debug message from thread 1318-09-2026 00:29:34 [38;5;015m[INFO]: [0mThis is a info message from thread 118-09-2026 00:29:34 [38;5;009m[ERROR]: [0mThis is a error message from thread 418-09-2026 00:29:34 [38;5;009m[ERROR]: [0mThis is a error message from thread 118-09-2026 00:29:34 [38;5;117m[DEBUG]: [0mThis is a debug message from thread 2518-09-2026 00:29:34 [38;5;117m[DEBUG]: [0mThis is a debug message from thread 2318-09-2026 00:29:34 [38;5;015m[INFO]: [0mThis is a info message from thread 1318-09-2026 00:29:34 [38;5;015m[INFO]: [0mThis is a info message from thread 2418-09-2026 00:29:34 [38;5;117m[DEBUG]: [0mThis is a debug message from thread 2018-09-2026 00:29:34 [38;5;117m[DEBUG]: [0mThis is a debug message from thread 2718-09-2026 00:29:34 [38;5;015m[INFO]: [0mThis is a info message from thread 2318-09-2026 00:29:34 [38;5;015m[INFO]: [0mThis is a info message from thread 218-09-2026 00:29:34 [38;5;015m[INFO]: [0mThis is a info message from thread 1518-09-2026 00:29:34 [38;5;117m[DEBUG]: [0mThis is a debug message from thread 618-09-2026 00:29:34 [38;5;009m[ERROR]: [0mThis is a error message from thread 1618-09-2026 00:29:34 [38;5;117m[DEBUG]: [0mThis is a debug message from thread 118-09-2026 00:29:34 [38;5;009m[ERROR]: [0mThis is a error message from thread 2418-09-2026 00:29:34 [38;5;117m[DEBUG]: [0mThis is a debug message from thread 1618-09-2026 00:29:34 [38;5;015m[INFO]: [0mThis is a info message from thread 2018-09-2026 00:29:34 [38;5;009m[ERROR]: [0mThis is a error message from thread 2318-09-2026 00:29:34 [38;5;015m[INFO]: [0mThis is a info message from thread 618-09-2026 00:29:34 [38;5;009m[ERROR]: [0mThis is a error message from thread 1818-09-2026 00:29:34 [38;5;015m[INFO]: [0mThis is a info message from thread 2818-09-2026 00:29:34 [38;5;009m[ERROR]: [0mThis is a error message from thread 318-09-2026 00:29:34 [38;5;117m[DEBUG]: [0mThis is a debug message from thread 418-09-2026 00:29:34 [38;5;009m[ERROR]: [0mThis is a error message from thread 2818-09-2026 00:29:34 [38;5;015m[INFO]: [0mThis is a info message from thread 2518-09-2026 00:29:34 [38;5;015m[INFO]: [0mThis is a info message from thread 1918-09-2026 00:29:34 [38;5;015m[INFO]: [0mThis is a info message from thread 2718-09-2026 00:29:34 [38;5;117m[DEBUG]: [0mThis is a debug message from thread 2818-09-2026 00:29:34 [38;5;117m[DEBUG]: [0mThis is a debug message from thread 2218-09-2026 00:29:34 [38;5;009m[ERROR]: [0mThis is a error message from thread 2618-09-2026 00:29:34 [38;5;015m[INFO]: [0mThis is a info message from thread 1618-09-2026 00:29:34 [38;5;015m[INFO]: [0mThis is a info message from thread 418-09-2026 00:29:34 [38;5;009m[ERROR]: [0mThis is a error message from thread 2518-09-2026 00:29:34 [38;5;015m[INFO]: [0mThis is a info message from thread 118-09-2026 00:29:34 [38;5;009m[ERROR]: [0mThis is a error message from thread 218-09-2026 00:29:34 [38;5;009m[ERROR]: [0mThis is a error message from thread 2718-09-2026 00:29:34 [38;5;117m[DEBUG]: [0mThis is a debug message from thread 2618-09-2026 00:29:34 [38;5;009m[ERROR]: [0mThis is a error message from thread 2018-09-2026 00:29:34 [38;5;117m[DEBUG]: [0mThis is a debug message from thread 1818-09-2026 00:29:34 [38;5;117m[DEBUG]: [0mThis is a debug message from thread 1018-09-2026 00:29:34 [38;5;009m[ERROR]: [0mThis is a error message from thread 1118-09-2026 00:29:34 [38;5;015m[INFO]: [0mThis is a info message from thread 818-09-2026 00:29:34 [38;5;015m[INFO]: [0mThis is a info message from thread 2918-09-2026 00:29:34 [38;5;117m[DEBUG]: [0mThis is a debug message from thread 218-09-2026 00:29:34 [38;5;117m[DEBUG]: [0mThis is a debug message from thread 1718-09-2026 00:29:34 [38;5;009m[ERROR]: [0mThis is a error message from thread 118-09-2026 00:29:34 [38;5;117m[DEBUG]: [0mThis is a debug message from thread 2718-09-2026 00:29:34 [38;5;015m[INFO]: [0mThis is a info message from thread 2818-09-2026 00:29:34 [38;5;009m[ERROR]: [0mThis is a error message from thread 1918-09-2026 00:29:34 [38;5;015m[INFO]: [0mThis is a info message from thread 718-09-2026 00:29:34 [38;5;015m[INFO]: [0mThis is a info message from thread 2218-09-2026 00:29:34 [38;5;009m[ERROR]: [0mThis is a error message from thread 518-09-2026 00:29:34 [38;5;117m[DEBUG]: [0mThis is a debug message from thread 1918-09-2026 00:29:34 [38;5;009m[ERROR]: [0mThis is a error message from thread 1518-09-2026 00:29:34 [38;5;117m[DEBUG]: [0mThis is a debug message from thread 118-09-2026 00:29:34 [38;5;117m[DEBUG]: [0mThis is a debug message from thread 2518-09-2026 00:29:34 [38;5;015m[INFO]: [0mThis is a info message from thread 2118-09-2026 00:29:34 [38;5;015m[INFO]: [0mThis is a info message from thread 1818-09-2026 00:29:34 [38;5;117m[DEBUG]: [0mThis is a debug message from thread 1118-09-2026 00:29:34 [38;5;015m[INFO]: [0mThis is a info message from thread 2718-09-2026 00:29:34 [38;5;009m[ERROR]: [0mThis is a error message from thread 618-09-2026 00:29:34 [38;5;009m[ERROR]: [0mThis is a error message from thread 2918-09-2026 00:29:34 [38;5;015m[INFO]: [0mThis is a info message from thread 2518-09-2026 00:29:34 [38;5;117m[DEBUG]: [0mThis is a debug message from thread 2418-09-2026 00:29:34 [38;5;117m[DEBUG]: [0mThis is a debug message from thread 618-09-2026 00:29:34 [38;5;015m[INFO]: [0mThis is a info message from thread 2418-09-2026 00:29:34 [38;5;015m[INFO]: [0mThis is a info message from thread 218-09-2026 00:29:34 [38;5;117m[DEBUG]: [0mThis is a debug message from thread 1518-09-2026 00:29:34 [38;5;015m[INFO]: [0mThis is a info message from thread 918-09-2026 00:29:34 [38;5;117m[DEBUG]: [0mThis is a debug message from thread 2018-09-2026 00:29:34 [38;5;015m[INFO]: [0mThis is a info message from thread 1518-09-2026 00:29:34 [38;5;009m[ERROR]: [0mThis is a error message from thread 2718-09-2026 00:29:34 [38;5;015m[INFO]: [0mThis is a info message from thread 2018-09-2026 00:29:34 [38;5;015m[INFO]: [0mThis is a info message from thread 2618-09-2026 00:29:34 [38;5;009m[ERROR]: [0mThis is a error message from thread 2218-09-2026 00:29:34 [38;5;117m[DEBUG]: [0mThis is a debug message from thread 2718-09-2026 00:29:34 [38;5;009m[ERROR]: [0mThis is a error message from thread 1518-09-2026 00:29:34 [38;5;117m[DEBUG]: [0mThis is a debug message from thread 318-09-2026 00:29:34 [38;5;009m[ERROR]: [0mThis is a error message from thread 218-09-2026 00:29:34 [38;5;117m[DEBUG]: [0mThis is a debug message from thread 2318-09-2026 00:29:34 [38;5;015m[INFO]: [0mThis is a info message from thread 2718-09-2026 00:29:34 [38;5;015m[INFO]: [0mThis is a info message from thread 318-09-2026 00:29:34 [38;5;117m[DEBUG]: [0mThis is a debug message from thread 2918-09-2026 00:29:34 [38;5;009m[ERROR]: [0mThis is a error message from thread 1618-09-2026 00:29:34 [38;5;015m[INFO]: [0mThis is a info message from thread 018-09-2026 00:29:34 [38;5;009m[ERROR]: [0mThis is a error message from thread 2718-09-2026 00:29:34 [38;5;015m[INFO]: [0mThis is a info message from thread 2918-09-2026 00:29:34 [38;5;009m[ERROR]: [0mThis is a error message from thread 318-09-2026 00:29:34 [38;5;015m[INFO]: [0mThis is a info message from thread 1918-09-2026 00:29:34 [38;5;009m[ERROR]: [0mThis is a error message from thread 2518-09-2026 00:29:34 [38;5;117m[DEBUG]: [0mThis is a debug message from thread 2718-09-2026 00:29:34 [38;5;009m[ERROR]: [0mThis is a error message from thread 1918-09-2026 00:29:34 [38;5;117m[DEBUG]: [0mThis is a debug message from thread 2518-09-2026 00:29:34 [38;5;015m[INFO]: [0mThis is a info message from thread 2718-09-2026 00:29:34 [38;5;117m[DEBUG]: [0mThis is a debug message from thread 1418-09-2026 00:29:34 [38;5;117m[DEBUG]: [0mThis is a debug message from thread 518-09-2026 00:29:34 [38;5;015m[INFO]: [0mThis is a info message from thread 2518-09-2026 00:29:34 [38;5;117m[DEBUG]: [0mThis is a debug message from thread 1918-09-2026 00:29:34 [38;5;009m[ERROR]: [0mThis is a error message from thread 2418-09-2026 00:29:34 [38;5;015m[INFO]: [0mThis is a info message from thread 618-09-2026 00:29:34 [38;5;015m[INFO]: [0mThis is a info message from thread 518-09-2026 00:29:34 [38;5;009m[ERROR]: [0mThis is a error message from thread 618-09-2026 00:29:34 [38;5;015m[INFO]: [0mThis is a info message from thread 1418-09-2026 00:29:34 [38;5;009m[ERROR]: [0mThis is a error message from thread 2618-09-2026 00:29:34 [38;5;009m[ERROR]: [0mThis is a error message from thread 1418-09-2026 00:29:34 [38;5;009m[ERROR]: [0mThis is a error message from thread 518-09-2026 00:29:34 [38;5;117m[DEBUG]: [0mThis is a debug message from thread 2418-09-2026 00:29:34 [38;5;009m[ERROR]: [0mThis is a error message from thread 918-09-2026 00:29:34 [38;5;015m[INFO]: [0mThis is a info message from thread 2418-09-2026 00:29:34 [38;5;117m[DEBUG]: [0mThis is a debug message from thread 218-09-2026 00:29:34 [38;5;009m[ERROR]: [0mThis is a error message from thread 2018-09-2026 00:29:34 [38;5;117m[DEBUG]: [0mThis is a debug message from thread 2618-09-2026 00:29:34 [38;5;117m[DEBUG]: [0mThis is a debug message from thread 1418-09-2026 00:29:34 [38;5;009m[ERROR]: [0mThis is a error message from thread 1318-09-2026 00:29:34 [38;5;117m[DEBUG]: [0mThis is a debug message from thread 1518-09-2026 00:29:34 [38;5;015m[INFO]: [0mThis is a info message from thread 2618-09-2026 00:29:34 [38;5;117m[DEBUG]: [0mThis is a debug message from thread 1318-09-2026 00:29:34 [38;5;117m[DEBUG]: [0mThis is a debug message from thread 318-09-2026 00:29:34 [38;5;117m[DEBUG]: [0mThis is a debug message from thread 1618-09-2026 00:29:34 [38;5;015m[INFO]: [0mThis is a info message from thread 1318-09-2026 00:29:34 [38;5;015m[INFO]: [0mThis is a info message from thread 1518-09-2026 00:29:34 [38;5;015m[INFO]: [0mThis is a info message from thread 1618-09-2026 00:29:34 [38;5;015m[INFO]: [0mThis is a info message from thread 318-09-2026 00:29:34 [38;5;009m[ERROR]: [0mThis is a error message from thread 1518-09-2026 00:29:34 [38;5;009m[ERROR]: [0mThis is a error message from thread 1318-09-2026 00:29:34 [38;5;009m[ERROR]: [0mThis is a error message from thread 318-09-2026 00:29:34 [38;5;117m[DEBUG]: [0mThis is a debug message from thread 1518-09-2026 00:29:34 [38;5;117m[DEBUG]: [0mThis is a debug message from thread 1318-09-2026 00:29:34 [38;5;117m[DEBUG]: [0mThis is a debug message from thread 318-09-2026 00:29:34 [38;5;015m[INFO]: [0mThis is a info message from thread 1518-09-2026 00:29:34 [38;5;009m[ERROR]: [0mThis is a error message from thread 1618-09-2026 00:29:34 [38;5;015m[INFO]: [0mThis is a info message from thread 118-09-2026 00:29:34 [38;5;009m[ERROR]: [0mThis is a error message from thread 2118-09-2026 00:29:34 [38;5;015m[INFO]: [0mThis is a info message from thread 1718-09-2026 00:29:34 [38;5;015m[INFO]: [0mThis is a info message from thread 318-09-2026 00:29:34 [38;5;009m[ERROR]: [0mThis is a error message from thread 2718-09-2026 00:29:34 [38;5;009m[ERROR]: [0mThis is a error message from thread 118-09-2026 00:29:34 [38;5;117m[DEBUG]: [0mThis is a debug message from thread 2118-09-2026 00:29:34 [38;5;117m[DEBUG]: [0mThis is a debug message from thread 2718-09-2026 00:29:34 [38;5;009m[ERROR]: [0mThis is a error message from thread 1818-09-2026 00:29:34 [38;5;009m[ERROR]: [0mThis is a error message from thread 1718-09-2026 00:29:34 [38;5;117m[DEBUG]: [0mThis is a debug message from thread 118-09-2026 00:29:34 [38;5;015m[INFO]: [0mThis is a info message from thread 2718-09-2026 00:29:34 [38;5;015m[INFO]: [0mThis is a info message from thread 2318-09-2026 00:29:34 [38;5;117m[DEBUG]: [0mThis is a debug message from thread 1618-09-2026 00:29:34 [38;5;009m[ERROR]: [0mThis is a error message from thread 018-09-2026 00:29:34 [38;5;015m[INFO]: [0mThis is a info message from thread 1018-09-2026 00:29:34 [38;5;009m[ERROR]: [0mThis is a error message from thread 718-09-2026 00:29:34 [38;5;009m[ERROR]: [0mThis is a error message from thread 2318-09-2026 00:29:34 [38;5;015m[INFO]: [0mThis is a info message from thread 1118-09-2026 00:29:34 [38;5;009m[ERROR]: [0mThis is a error message from thread 2418-09-2026 00:29:34 [38;5;009m[ERROR]: [0mThis is a error message from thread 1018-09-2026 00:29:34 [38;5;009m[ERROR]: [0mThis is a error message from thread 2718-09-2026 00:29:34 [38;5;009m[ERROR]: [0mThis is a error message from thread 418-09-2026 00:29:34 [38;5;009m[ERROR]: [0mThis is a error message from thread 318-09-2026 00:29:34 [38;5;009m[ERROR]: [0mThis is a error message from thread 2818-09-2026 00:29:34 [38;5;117m[DEBUG]: [0mThis is a debug message from thread 2318-09-2026 00:29:34 [38;5;117m[DEBUG]: [0mThis is a debug message from thread 918-09-2026 00:29:34 [38;5;009m[ERROR]: [0mThis is a error message from thread 2918-09-2026 00:29:34 [38;5;117m[DEBUG]: [0mThis is a debug message from thread 018-09-2026 00:29:34 [38;5;015m[INFO]: [0mThis is a info message from thread 1318-09-2026 00:29:34 [38;5;117m[DEBUG]: [0mThis is a debug message from thread 1818-09-2026 00:29:34 [38;5;117m[DEBUG]: [0mThis is a debug message from thread 718-09-2026 00:29:34 [38;5;015m[INFO]: [0mThis is a info message from thread 1418-09-2026 00:29:34 [38;5;117m[DEBUG]: [0mThis is a debug message from thread 418-09-2026 00:29:34 [38;5;015m[INFO]: [0mThis is a info message from thread 218-09-2026 00:29:34 [38;5;117m[DEBUG]: [0mThis is a debug message from thread 2218-09-2026 00:29:34 [38;5;117m[DEBUG]: [0mThis is a debug message from thread 2018-09-2026 00:29:34 [38;5;009m[ERROR]: [0mThis is a error message from thread 1118-09-2026 00:29:34 [38;5;117m[DEBUG]: [0mThis is a debug message from thread 2418-09-2026 00:29:34 [38;5;015m[INFO]: [0mThis is a info message from thread 018-09-2026 00:29:34 [38;5;015m[INFO]: [0mThis is a info message from thread 918-09-2026 00:29:34 [38;5;009m[ERROR]: [0mThis is a error message from thread 018-09-2026 00:29:34 [38;5;117m[DEBUG]: [0mThis is a debug message from thread 2718-09-2026 00:29:34 [38;5;117m[DEBUG]: [0mThis is a debug message from thread 018-09-2026 00:29:34 [38;5;015m[INFO]: [0mThis is a info message from thread 2018-09-2026 00:29:34 [38;5;015m[INFO]: [0mThis is a info message from thread 718-09-2026 00:29:34 [38;5;009m[ERROR]: [0mThis is a error message from thread 718-09-2026 00:29:34 [38;5;009m[ERROR]: [0mThis is a error message from thread 2518-09-2026 00:29:34 [38;5;015m[INFO]: [0mThis is a info message from thread 2718-09-2026 00:29:34 [38;5;015m[INFO]: [0mThis is a info message from thread 2218-09-2026 00:29:34 [38;5;015m[INFO]: [0mThis is a info message from thread 418-09-2026 00:29:34 [38;5;117m[DEBUG]: [0mThis is a debug message from thread 1118-09-2026 00:29:34 [38;5;009m[ERROR]: [0mThis is a error message from thread 2218-09-2026 00:29:34 [38;5;009m[ERROR]: [0mThis is a error message from thread 818-09-2026 00:29:34 [38;5;117m[DEBUG]: [0mThis is a debug message from thread 318-09-2026 00:29:34 [38;5;009m[ERROR]: [0mThis is a error message from thread 2018-09-2026 00:29:34 [38;5;009m[ERROR]: [0mThis is a error message from thread 1518-09-2026 00:29:34 [38;5;117m[DEBUG]: [0mThis is a debug message from thread 2818-09-2026 00:29:34 [38;5;015m[INFO]: [0mThis is a info message from thread 1118-09-2026 00:29:34 [38;5;117m[DEBUG]: [0mThis is a debug message from thread 1718-09-2026 00:29:34 [38;5;009m[ERROR]: [0mThis is a error message from thread 918-09-2026 00:29:34 [38;5;117m[DEBUG]: [0mThis is a debug message from thread 2018-09-2026 00:29:34 [38;5;009m[ERROR]: [0mThis is a error message from thread 2618-09-2026 00:29:34 [38;5;117m[DEBUG]: [0mThis is a debug message from thread 1018-09-2026 00:29:34 [38;5;009m[ERROR]: [0mThis is a error message from thread 2718-09-2026 00:29:34 [38;5;117m[DEBUG]: [0mThis is a debug message from thread 718-09-2026 00:29:34 [38;5;117m[DEBUG]: [0mThis is a debug message from thread 818-09-2026 00:29:34 [38;5;015m[INFO]: [0mThis is a info message from thread 1618-09-2026 00:29:34 [38;5;015m[INFO]: [0mThis is a info message from thread 118-09-2026 00:29:34 [38;5;015m[INFO]: [0mThis is a info message from thread 2018-09-2026 00:29:34 [38;5;117m[DEBUG]: [0mThis is a debug message from thread 918-09-2026 00:29:34 [38;5;015m[INFO]: [0mThis is a info message from thread 2318-09-2026 00:29:34 [38;5;015m[INFO]: [0mThis is a info message from thread 1818-09-2026 00:29:34 [38;5;015m[INFO]: [0mThis is a info message from thread 2418-09-2026 00:29:34 [38;5;009m[ERROR]: [0mThis is a error message from thread 1118-09-2026 00:29:34 [38;5;015m[INFO]: [0mThis is a info message from thread 918-09-2026 00:29:34 [38;5;117m[DEBUG]: [0mThis is a debug message from thread 518-09-2026 00:29:34 [38;5;117m[DEBUG]: [0mThis is a debug message from thread 1218-09-2026 00:29:34 [38;5;015m[INFO]: [0mThis is a info message from thread 1218-09-2026 00:29:34 [38;5;009m[ERROR]: [0mThis is a error message from thread 1618-09-2026 00:29:34 [38;5;009m[ERROR]: [0mThis is a error message from thread 418-09-2026 00:29:34 [38;5;015m[INFO]: [0mThis is a info message from thread 1718-09-2026 00:29:34 [38;5;009m[ERROR]: [0mThis is a error message from thread 1318-09-2026 00:29:34 [38;5;015m[INFO]: [0mThis is a info message from thread 018-09-2026 00:29:34 [38;5;009m[ERROR]: [0mThis is a error message from thread 2318-09-2026 00:29:34 [38;5;015m[INFO]: [0mThis is a info message from thread 2118-09-2026 00:29:34 [38;5;009m[ERROR]: [0mThis is a error message from thread 2018-09-2026 00:29:34 [38;5;117m[DEBUG]: [0mThis is a debug message from thread 1118-09-2026 00:29:34 [38;5;015m[INFO]: [0mThis is a info message from thread 1018-09-2026 00:29:34 [38;5;117m[DEBUG]: [0mThis is a debug message from thread 2918-09-2026 00:29:34 [38;5;117m[DEBUG]: [0mThis is a debug message from thread 2218-09-2026 00:29:34 [38;5;009m[ERROR]: [0mThis is a error message from thread 1018-09-2026 00:29:34 [38;5;117m[DEBUG]: [0mThis is a debug message from thread 2518-09-2026 00:29:34 [38;5;015m[INFO]: [0mThis is a info message from thread 2918-09-2026 00:29:34 [38;5;015m[INFO]: [0mThis is a info message from thread 2218-09-2026 00:29:34 [38;5;117m[DEBUG]: [0mThis is a debug message from thread 1618-09-2026 00:29:34 [38;5;117m[DEBUG]: [0mThis is a debug message from thread 1518-09-2026 00:29:34 [38;5;117m[DEBUG]: [0mThis is a debug message from thread 1018-09-2026 00:29:34 [38;5;015m[INFO]: [0mThis is a info message from thread 1018-09-2026 00:29:34 [38;5;009m[ERROR]: [0mThis is a error message from thread 2218-09-2026 00:29:34 [38;5;009m[ERROR]: [0mThis is a error message from thread 2918-09-2026 00:29:34 [38;5;009m[ERROR]: [0mThis is a error message from thread 2418-09-2026 00:29:34 [38;5;009m[ERROR]: [0mThis is a error message from thread 018-09-2026 00:29:34 [38;5;117m[DEBUG]: [0mThis is a debug message from thread 1318-09-2026 00:29:34 [38;5;009m[ERROR]: [0mThis is a error message from thread 1418-09-2026 00:29:34 [38;5;009m[ERROR]: [0mThis is a error message from thread 1818-09-2026 00:29:34 [38;5;009m[ERROR]: [0mThis is a error message from thread 2118-09-2026 00:29:34 [38;5;015m[INFO]: [0mThis is a info message from thread 2818-09-2026 00:29:34 [38;5;117m[DEBUG]: [0mThis is a debug message from thread 2218-09-2026 00:29:34 [38;5;009m[ERROR]: [0mThis is a error message from thread 918-09-2026 00:29:34 [38;5;015m[INFO]: [0mThis is a info message from thread 718-09-2026 00:29:34 [38;5;009m[ERROR]: [0mThis is a error message from thread 218-09-2026 00:29:34 [38;5;009m[ERROR]: [0mThis is a error message from thread 718-09-2026 00:29:34 [38;5;117m[DEBUG]: [0mThis is a debug message from thread 718-09-2026 00:29:34 [38;5;117m[DEBUG]: [0mThis is a debug message from thread 218-09-2026 00:29:34 [38;5;009m[ERROR]: [0mThis is a error message from thread 2818-09-2026 00:29:34 [38;5;117m[DEBUG]: [0mThis is a debug message from thread 1418-09-2026 00:29:34 [38;5;015m[INFO]: [0mThis is a info message from thread 1318-09-2026 00:29:34 [38;5;009m[ERROR]: [0mThis is a error message from thread 118-09-2026 00:29:34 [38;5;117m[DEBUG]: [0mThis is a debug message from thread 018-09-2026 00:29:34 [38;5;117m[DEBUG]: [0mThis is a debug message from thread 2918-09-2026 00:29:34 [38;5;015m[INFO]: [0mThis is a info message from thread 1118-09-2026 00:29:34 [38;5;015m[INFO]: [0mThis is a info message from thread 218-09-2026 00:29:34 [38;5;015m[INFO]: [0mThis is a info message from thread 018-09-2026 00:29:34 [38;5;009m[ERROR]: [0mThis is a error message from thread 018-09-2026 00:29:34 [38;5;117m[DEBUG]: [0mThis is a debug message from thread 918-09-2026 00:29:34 [38;5;015m[INFO]: [0mThis is a info message from thread 1418-09-2026 00:29:34 [38;5;015m[INFO]: [0mThis is a info message from thread 2218-09-2026 00:29:34 [38;5;015m[INFO]: [0mThis is a info message from thread 2918-09-2026 00:29:34 [38;5;117m[DEBUG]: [0mThis is a debug message from thread 018-09-2026 00:29:34 [38;5;009m[ERROR]: [0mThis is a error message from thread 1318-09-2026 00:29:34 [38;5;009m[ERROR]: [0mThis is a error message from thread 1118-09-2026 00:29:34 [38;5;009m[ERROR]: [0mThis is a error message from thread 1418-09-2026 00:29:34 [38;5;117m[DEBUG]: [0mThis is a debug message from thread 1318-09-2026 00:29:34 [38;5;117m[DEBUG]: [0mThis is a debug message from thread 618-09-2026 00:29:34 [38;5;015m[INFO]: [0mThis is a info message from thread 718-09-2026 00:29:34 [38;5;117m[DEBUG]: [0mThis is a debug message from thread 1818-09-2026 00:29:34 [38;5;015m[INFO]: [0mThis is a info message from thread 018-09-2026 00:29:34 [38;5;009m[ERROR]: [0mThis is a error message from thread 1718-09-2026 00:29:34 [38;5;015m[INFO]: [0mThis is a info message from thread 1318-09-2026 00:29:34 [38;5;015m[INFO]: [0mThis is a info message from thread 618-09-2026 00:29:34 [38;5;009m[ERROR]: [0mThis is a error message from thread 218-09-2026 00:29:34 [38;5;117m[DEBUG]: [0mThis is a debug message from thread 2318-09-2026 00:29:34 [38;5;117m[DEBUG]: [0mThis is a debug message from thread 1718-09-2026 00:29:34 [38;5;009m[ERROR]: [0mThis is a error message from thread 018-09-2026 00:29:34 [38;5;117m[DEBUG]: [0mThis is a debug message from thread 1418-09-2026 00:29:34 [38;5;015m[INFO]: [0mThis is a info message from thread 1918-09-2026 00:29:34 [38;5;009m[ERROR]: [0mThis is a error message from thread 618-09-2026 00:29:34 [38;5;009m[ERROR]: [0mThis is a error message from thread 1318-09-2026 00:29:34 [38;5;009m[ERROR]: [0mThis is a error message from thread 2218-09-2026 00:29:34 [38;5;009m[ERROR]: [0mThis is a error message from thread 1918-09-2026 00:29:34 [38;5;015m[INFO]: [0mThis is a info message from thread 918-09-2026 00:29:34 [38;5;117m[DEBUG]: [0mThis is a debug message from thread 1318-09-2026 00:29:34 [38;5;015m[INFO]: [0mThis is a info message from thread 518-09-2026 00:29:34 [38;5;117m[DEBUG]: [0mThis is a debug message from thread 618-09-2026 00:29:34 [38;5;117m[DEBUG]: [0mThis is a debug message from thread 218-09-2026 00:29:34 [38;5;117m[DEBUG]: [0mThis is a debug message from thread 018-09-2026 00:29:34 [38;5;117m[DEBUG]: [0mThis is a debug message from thread 2018-09-2026 00:29:34 [38;5;015m[INFO]: [0mThis is a info message from thread 1318-09-2026 00:29:34 [38;5;117m[DEBUG]: [0mThis is a debug message from thread 2218-09-2026 00:29:34 [38;5;009m[ERROR]: [0mThis is a error message from thread 918-09-2026 00:29:34 [38;5;015m[INFO]: [0mThis is a info message from thread 1518-09-2026 00:29:34 [38;5;015m[INFO]: [0mThis is a info message from thread 218-09-2026 00:29:34 [38;5;009m[ERROR]: [0mThis is a error message from thread 2918-09-2026 00:29:34 [38;5;117m[DEBUG]: [0mThis is a debug message from thread 1118-09-2026 00:29:34 [38;5;015m[INFO]: [0mThis is a info message from thread 1818-09-2026 00:29:34 [38;5;009m[ERROR]: [0mThis is a error message from thread 1518-09-2026 00:29:34 [38;5;015m[INFO]: [0mThis is a info message from thread 2218-09-2026 00:29:34 [38;5;015m[INFO]: [0mThis is a info message from thread 2518-09-2026 00:29:34 [38;5;015m[INFO]: [0mThis is a info message from thread 618-09-2026 00:29:34 [38;5;015m[INFO]: [0mThis is a info message from thread 318-09-2026 00:29:34 [38;5;117m[DEBUG]: [0mThis is a debug message from thread 2718-09-2026 00:29:34 [38;5;015m[INFO]: [0mThis is a info message from thread 2318-09-2026 00:29:34 [38;5;117m[DEBUG]: [0mThis is a debug message from thread 918-09-2026 00:29:34 [38;5;117m[DEBUG]: [0mThis is a debug message from thread 418-09-2026 00:29:34 [38;5;015m[INFO]: [0mThis is a info message from thread 818-09-2026 00:29:34 [38;5;117m[DEBUG]: [0mThis is a debug message from thread 2618-09-2026 00:29:34 [38;5;009m[ERROR]: [0mThis is a error message from thread 1818-09-2026 00:29:34 [38;5;015m[INFO]: [0mThis is a info message from thread 1718-09-2026 00:29:34 [38;5;015m[INFO]: [0mThis is a info message from thread 1618-09-2026 00:29:34 [38;5;117m[DEBUG]: [0mThis is a debug message from thread 1518-09-2026 00:29:34 [38;5;117m[DEBUG]: [0mThis is a debug message from thread 118-09-2026 00:29:34 [38;5;009m[ERROR]: [0mThis is a error message from thread 1618-09-2026 00:29:34 [38;5;015m[INFO]: [0mThis is a info message from thread 018-09-2026 00:29:34 [38;5;009m[ERROR]: [0mThis is a error message from thread 2218-09-2026 00:29:34 [38;5;009m[ERROR]: [0mThis is a error message from thread 818-09-2026 00:29:34 [38;5;015m[INFO]: [0mThis is a info message from thread 918-09-2026 00:29:34 [38;5;015m[INFO]: [0mThis is a info message from thread 2718-09-2026 00:29:34 [38;5;015m[INFO]: [0mThis is a info message from thread 2018-09-2026 00:29:34 [38;5;015m[INFO]: [0mThis is a info message from thread 1518-09-2026 00:29:34 [38;5;015m[INFO]: [0mThis is a info message from thread 2618-09-2026 00:29:34 [38;5;117m[DEBUG]: [0mThis is a debug message from thread 1618-09-2026 00:29:34 [38;5;015m[INFO]: [0mThis is a info message from thread 418-09-2026 00:29:34 [38;5;117m[DEBUG]: [0mThis is a debug message from thread 1818-09-2026 00:29:34 [38;5;117m[DEBUG]: [0mThis is a debug message from thread 2218-09-2026 00:29:34 [38;5;015m[INFO]: [0mThis is a info message from thread 1118-09-2026 00:29:34 [38;5;009m[ERROR]: [0mThis is a error message from thread 618-09-2026 00:29:34 [38;5;009m[ERROR]: [0mThis is a error message from thread 718-09-2026 00:29:34 [38;5;015m[INFO]: [0mThis is a info message from thread 2218-09-2026 00:29:34 [38;5;117m[DEBUG]: [0mThis is a debug message from thread 2118-09-2026 00:29:34 [38;5;009m[ERROR]: [0mThis is a error message from thread 2018-09-2026 00:29:34 [38;5;009m[ERROR]: [0mThis is a error message from thread 1118-09-2026 00:29:34 [38;5;117m[DEBUG]: [0mThis is a debug message from thread 818-09-2026 00:29:34 [38;5;117m[DEBUG]: [0mThis is a debug message from thread 2918-09-2026 00:29:34 [38;5;015m[INFO]: [0mThis is a info message from thread 1618-09-2026 00:29:34 [38;5;015m[INFO]: [0mThis is a info message from thread 2118-09-2026 00:29:34 [38;5;117m[DEBUG]: [0mThis is a debug message from thread 1118-09-2026 00:29:34 [38;5;009m[ERROR]: [0mThis is a error message from thread 418-09-2026 00:29:34 [38;5;009m[ERROR]: [0mThis is a error message from thread 1318-09-2026 00:29:34 [38;5;117m[DEBUG]: [0mThis is a debug message from thread 1318-09-2026 00:29:34 [38;5;015m[INFO]: [0mThis is a info message from thread 1318-09-2026 00:29:34 [38;5;117m[DEBUG]: [0mThis is a debug message from thread 618-09-2026 00:29:34 [38;5;117m[DEBUG]: [0mThis is a debug message from thread 418-09-2026 00:29:34 [38;5;117m[DEBUG]: [0mThis is a debug message from thread 1918-09-2026 00:29:34 [38;5;009m[ERROR]: [0mThis is a error message from thread 1318-09-2026 00:29:34 [38;5;117m[DEBUG]: [0mThis is a debug message from thread 2818-09-2026 00:29:34 [38;5;015m[INFO]: [0mThis is a info message from thread 1118-09-2026 00:29:34 [38;5;117m[DEBUG]: [0mThis is a debug message from thread 1318-09-2026 00:29:34 [38;5;009m[ERROR]: [0mThis is a error message from thread 1118-09-2026 00:29:34 [38;5;009m[ERROR]: [0mThis is a error message from thread 2318-09-2026 00:29:34 [38;5;117m[DEBUG]: [0mThis is a debug message from thread 718-09-2026 00:29:34 [38;5;117m[DEBUG]: [0mThis is a debug message from thread 1118-09-2026 00:29:34 [38;5;009m[ERROR]: [0mThis is a error message from thread 2118-09-2026 00:29:34 [38;5;009m[ERROR]: [0mThis is a error message from thread 2518-09-2026 00:29:34 [38;5;009m[ERROR]: [0mThis is a error message from thread 1018-09-2026 00:29:34 [38;5;015m[INFO]: [0mThis is a info message from thread 718-09-2026 00:29:34 [38;5;015m[INFO]: [0mThis is a info message from thread 1818-09-2026 00:29:34 [38;5;015m[INFO]: [0mThis is a info message from thread 1318-09-2026 00:29:34 [38;5;117m[DEBUG]: [0mThis is a debug message from thread 2118-09-2026 00:29:34 [38;5;015m[INFO]: [0mThis is a info message from thread 1118-09-2026 00:29:34 [38;5;117m[DEBUG]: [0mThis is a debug message from thread 1018-09-2026 00:29:34 [38;5;009m[ERROR]: [0mThis is a error message from thread 1818-09-2026 00:29:34 [38;5;117m[DEBUG]: [0mThis is a debug message from thread 2318-09-2026 00:29:34 [38;5;015m[INFO]: [0mThis is a info message from thread 418-09-2026 00:29:34 [38;5;117m[DEBUG]: [0mThis is a debug message from thread 2418-09-2026 00:29:34 [38;5;009m[ERROR]: [0mThis is a error message from thread 1118-09-2026 00:29:34 [38;5;015m[INFO]: [0mThis is a info message from thread 2318-09-2026 00:29:34 [38;5;117m[DEBUG]: [0mThis is a debug message from thread 1118-09-2026 00:29:34 [38;5;015m[INFO]: [0mThis is a info message from thread 2418-09-2026 00:29:34 [38;5;009m[ERROR]: [0mThis is a error message from thread 918-09-2026 00:29:34 [38;5;015m[INFO]: [0mThis is a info message from thread 1118-09-2026 00:29:34 [38;5;009m[ERROR]: [0mThis is a error message from thread 2418-09-2026 00:29:34 [38;5;009m[ERROR]: [0mThis is a error message from thread 2218-09-2026 00:29:34 [38;5;117m[DEBUG]: [0mThis is a debug message from thread 2418-09-2026 00:29:34 [38;5;009m[ERROR]: [0mThis is a error message from thread 1218-09-2026 00:29:34 [38;5;015m[INFO]: [0mThis is a info message from thread 818-09-2026 00:29:34 [38;5;009m[ERROR]: [0mThis is a error message from thread 2318-09-2026 00:29:34 [38;5;009m[ERROR]: [0mThis is a error message from thread 1518-09-2026 00:29:34 [38;5;009m[ERROR]: [0mThis is a error message from thread 518-09-2026 00:29:34 [38;5;015m[INFO]: [0mThis is a info message from thread 118-09-2026 00:29:34 [38;5;117m[DEBUG]: [0mThis is a debug message from thread 1518-09-2026 00:29:34 [38;5;117m[DEBUG]: [0mThis is a debug message from thread 518-09-2026 00:29:34 [38;5;015m[INFO]: [0mThis is a info message from thread 1418-09-2026 00:29:34 [38;5;009m[ERROR]: [0mThis is a error message from thread 718-09-2026 00:29:34 [38;5;009m[ERROR]: [0mThis is a error message from thread 118-09-2026 00:29:34 [38;5;015m[INFO]: [0mThis is a info message from thread 2918-09-2026 00:29:34 [38;5;009m[ERROR]: [0mThis is a error message from thread 1718-09-2026 00:29:34 [38;5;015m[INFO]: [0mThis is a info message from thread 1018-09-2026 00:29:34 [38;5;009m[ERROR]: [0mThis is a error message from thread 1618-09-2026 00:29:34 [38;5;117m[DEBUG]: [0mThis is a debug message from thread 1818-09-2026 00:29:34 [38;5;015m[INFO]: [0mThis is a info message from thread 518-09-2026 00:29:34 [38;5;117m[DEBUG]: [0mThis is a debug message from thread 718-09-2026 00:29:34 [38;5;117m[DEBUG]: [0mThis is a debug message from thread 2018-09-2026 00:29:34 [38;5;117m[DEBUG]: [0mThis is a debug message from thread 118-09-2026 00:29:34 [38;5;009m[ERROR]: [0mThis is a error message from thread 1418-09-2026 00:29:34 [38;5;009m[ERROR]: [0mThis is a error message from thread 2618-09-2026 00:29:34 [38;5;015m[INFO]: [0mThis is a info message from thread 1818-09-2026 00:29:34 [38;5;009m[ERROR]: [0mThis is a error message from thread 2918-09-2026 00:29:34 [38;5;015m[INFO]: [0mThis is a info message from thread 2118-09-2026 00:29:34 [38;5;117m[DEBUG]: [0mThis is a debug message from thread 1618-09-2026 00:29:34 [38;5;015m[INFO]: [0mThis is a info message from thread 2418-09-2026 00:29:34 [38;5;117m[DEBUG]: [0mThis is a debug message from thread 1718-09-2026 00:29:34 [38;5;009m[ERROR]: [0mThis is a error message from thread 1118-09-2026 00:29:34 [38;5;015m[INFO]: [0mThis is a info message from thread 618-09-2026 00:29:34 [38;5;009m[ERROR]: [0mThis is a error message from thread 2118-09-2026 00:29:34 [38;5;015m[INFO]: [0mThis is a info message from thread 1518-09-2026 00:29:34 [38;5;009m[ERROR]: [0mThis is a error message from thread 2718-09-2026 00:29:34 [38;5;117m[DEBUG]: [0mThis is a debug message from thread 1118-09-2026 00:29:34 [38;5;009m[ERROR]: [0mThis is a error message from thread 2418-09-2026 00:29:34 [38;5;117m[DEBUG]: [0mThis is a debug message from thread 2118-09-2026 00:29:34 [38;5;015m[INFO]: [0mThis is a info message from thread 1618-09-2026 00:29:34 [38;5;009m[ERROR]: [0mThis is a error message from thread 1818-09-2026 00:29:34 [38;5;009m[ERROR]: [0mThis is a error message from thread 1318-09-2026 00:29:34 [38;5;117m[DEBUG]: [0mThis is a debug message from thread 1418-09-2026 00:29:34 [38;5;117m[DEBUG]: [0mThis is a debug message from thread 2418-09-2026 00:29:34 [38;5;117m[DEBUG]: [0mThis is a debug message from thread 2518-09-2026 00:29:34 [38;5;015m[INFO]: [0mThis is a info message from thread 1418-09-2026 00:29:34 [38;5;015m[INFO]: [0mThis is a info message from thread 2118-09-2026 00:29:34 [38;5;009m[ERROR]: [0mThis is a error message from thread 2118-09-2026 00:29:34 [38;5;015m[INFO]: [0mThis is a info message from thread 2418-09-2026 00:29:34 [38;5;117m[DEBUG]: [0mThis is a debug message from thread 1318-09-2026 00:29:34 [38;5;009m[ERROR]: [0mThis is a error message from thread 818-09-2026 00:29:34 [38;5;117m[DEBUG]: [0mThis is a debug message from thread 2118-09-2026 00:29:34 [38;5;015m[INFO]: [0mThis is a info message from thread 2518-09-2026 00:29:34 [38;5;015m[INFO]: [0mThis is a info message from thread 1318-09-2026 00:29:34 [38;5;015m[INFO]: [0mThis is a info message from thread 1718-09-2026 00:29:34 [38;5;117m[DEBUG]: [0mThis is a debug message from thread 818-09-2026 00:29:34 [38;5;009m[ERROR]: [0mThis is a error message from thread 418-09-2026 00:29:34 [38;5;015m[INFO]: [0mThis is a info message from thread 718-09-2026 00:29:34 [38;5;009m[ERROR]: [0mThis is a error message from thread 2518-09-2026 00:29:34 [38;5;117m[DEBUG]: [0mThis is a debug message from thread 2218-09-2026 00:29:34 [38;5;117m[DEBUG]: [0mThis is a debug message from thread 2918-09-2026 00:29:34 [38;5;015m[INFO]: [0mThis is a info message from thread 2018-09-2026 00:29:34 [38;5;117m[DEBUG]: [0mThis is a debug message from thread 2518-09-2026 00:29:34 [38;5;117m[DEBUG]: [0mThis is a debug message from thread 918-09-2026 00:29:34 [38;5;009m[ERROR]: [0mThis is a error message from thread 2018-09-2026 00:29:34 [38;5;117m[DEBUG]: [0mThis is a debug message from thread 1818-09-2026 00:29:34 [38;5;117m[DEBUG]: [0mThis is a debug message from thread 1218-09-2026 00:29:34 [38;5;009m[ERROR]: [0mThis is a error message from thread 318-09-2026 00:29:34 [38;5;009m[ERROR]: [0mThis is a error message from thread 2418-09-2026 00:29:34 [38;5;009m[ERROR]: [0mThis is a error message from thread 718-09-2026 00:29:34 [38;5;015m[INFO]: [0mThis is a info message from thread 2918-09-2026 00:29:34 [38;5;015m[INFO]: [0mThis is a info message from thread 1818-09-2026 00:29:34 [38;5;117m[DEBUG]: [0mThis is a debug message from thread 318-09-2026 00:29:34 [38;5;117m[DEBUG]: [0mThis is a debug message from thread 2018-09-2026 00:29:34 [38;5;015m[INFO]: [0mThis is a info message from thread 1218-09-2026 00:29:34 [38;5;009m[ERROR]: [0mThis is a error message from thread 218-09-2026 00:29:34 [38;5;009m[ERROR]: [0mThis is a error message from thread 518-09-2026 00:29:34 [38;5;009m[ERROR]: [0mThis is a error message from thread 1718-09-2026 00:29:34 [38;5;009m[ERROR]: [0mThis is a error message from thread 2918-09-2026 00:29:34 [38;5;015m[INFO]: [0mThis is a info message from thread 2018-09-2026 00:29:34 [38;5;015m[INFO]: [0mThis is a info message from thread 318-09-2026 00:29:34 [38;5;117m[DEBUG]: [0mThis is a debug message from thread 1718-09-2026 00:29:34 [38;5;117m[DEBUG]: [0mThis is a debug message from thread 518-09-2026 00:29:34 [38;5;117m[DEBUG]: [0mThis is a debug message from thread 218-09-2026 00:29:34 [38;5;009m[ERROR]: [0mThis is a error message from thread 2018-09-2026 00:29:34 [38;5;015m[INFO]: [0mThis is a info message from thread 118-09-2026 00:29:34 [38;5;117m[DEBUG]: [0mThis is a debug message from thread 2918-09-2026 00:29:34 [38;5;009m[ERROR]: [0mThis is a error message from thread 118-09-2026 00:29:34 [38;5;117m[DEBUG]: [0mThis is a debug message from thread 2718-09-2026 00:29:34 [38;5;015m[INFO]: [0mThis is a info message from thread 1118-09-2026 00:29:34 [38;5;117m[DEBUG]: [0mThis is a debug message from thread 2018-09-2026 00:29:34 [38;5;117m[DEBUG]: [0mThis is a debug message from thread 118-09-2026 00:29:34 [38;5;009m[ERROR]: [0mThis is a error message from thread 1118-09-2026 00:29:34 [38;5;015m[INFO]: [0mThis is a info message from thread 2018-09-2026 00:29:34 [38;5;117m[DEBUG]: [0mThis is a debug message from thread 1118-09-2026 00:29:34 [38;5;015m[INFO]: [0mThis is a info message from thread 118-09-2026 00:29:34 [38;5;015m[INFO]: [0mThis is a info message from thread 2718-09-2026 00:29:34 [38;5;015m[INFO]: [0mThis is a info message from thread 2518-09-2026 00:29:34 [38;5;009m[ERROR]: [0mThis is a error message from thread 2718-09-2026 00:29:34 [38;5;015m[INFO]: [0mThis is a info message from thread 218-09-2026 00:29:34 [38;5;015m[INFO]: [0mThis is a info message from thread 1718-09-2026 00:29:34 [38;5;015m[INFO]: [0mThis is a info message from thread 2218-09-2026 00:29:34 [38;5;009m[ERROR]: [0mThis is a error message from thread 1718-09-2026 00:29:34 [38;5;009m[ERROR]: [0mThis is a error message from thread 2518-09-2026 00:29:34 [38;5;009m[ERROR]: [0mThis is a error message from thread 118-09-2026 00:29:34 [38;5;117m[DEBUG]: [0mThis is a debug message from thread 118-09-2026 00:29:34 [38;5;015m[INFO]: [0mThis is a info message from thread 2118-09-2026 00:29:34 [38;5;009m[ERROR]: [0mThis is a error message from thread 2218-09-2026 00:29:34 [38;5;015m[INFO]: [0mThis is a info message from thread 118-09-2026 00:29:34 [38;5;015m[INFO]: [0mThis is a info message from thread 1118-09-2026 00:29:34 [38;5;117m[DEBUG]: [0mThis is a debug message from thread 2618-09-2026 00:29:34 [38;5;015m[INFO]: [0mThis is a info message from thread 1918-09-2026 00:29:34 [38;5;009m[ERROR]: [0mThis is a error message from thread 118-09-2026 00:29:34 [38;5;009m[ERROR]: [0mThis is a error message from thread 1518-09-2026 00:29:34 [38;5;117m[DEBUG]: [0mThis is a debug message from thread 2518-09-2026 00:29:34 [38;5;117m[DEBUG]: [0mThis is a debug message from thread 118-09-2026 00:29:34 [38;5;009m[ERROR]: [0mThis is a error message from thread 1118-09-2026 00:29:34 [38;5;015m[INFO]: [0mThis is a info message from thread 118-09-2026 00:29:34 [38;5;015m[INFO]: [0mThis is a info message from thread 818-09-2026 00:29:34 [38;5;117m[DEBUG]: [0mThis is a debug message from thread 418-09-2026 00:29:34 [38;5;015m[INFO]: [0mThis is a info message from thread 2518-09-2026 00:29:34 [38;5;015m[INFO]: [0mThis is a info message from thread 918-09-2026 00:29:34 [38;5;117m[DEBUG]: [0mThis is a debug message from thread 2418-09-2026 00:29:34 [38;5;009m[ERROR]: [0mThis is a error message from thread 1618-09-2026 00:29:34 [38;5;009m[ERROR]: [0mThis is a error message from thread 018-09-2026 00:29:34 [38;5;009m[ERROR]: [0mThis is a error message from thread 1418-09-2026 00:29:34 [38;5;009m[ERROR]: [0mThis is a error message from thread 1318-09-2026 00:29:34 [38;5;117m[DEBUG]: [0mThis is a debug message from thread 1618-09-2026 00:29:34 [38;5;009m[ERROR]: [0mThis is a error message from thread 1818-09-2026 00:29:34 [38;5;009m[ERROR]: [0mThis is a error message from thread 1018-09-2026 00:29:34 [38;5;009m[ERROR]: [0mThis is a error message from thread 618-09-2026 00:29:34 [38;5;015m[INFO]: [0mThis is a info message from thread 418-09-2026 00:29:34 [38;5;009m[ERROR]: [0mThis is a error message from thread 318-09-2026 00:29:34 [38;5;015m[INFO]: [0mThis is a info message from thread 1618-09-2026 00:29:34 [38;5;015m[INFO]: [0mThis is a info message from thread 2918-09-2026 00:29:34 [38;5;117m[DEBUG]: [0mThis is a debug message from thread 1318-09-2026 00:29:34 [38;5;009m[ERROR]: [0mThis is a error message from thread 2018-09-2026 00:29:34 [38;5;015m[INFO]: [0mThis is a info message from thread 2418-09-2026 00:29:34 [38;5;117m[DEBUG]: [0mThis is a debug message from thread 1418-09-2026 00:29:34 [38;5;015m[INFO]: [0mThis is a info message from thread 2818-09-2026 00:29:34 [38;5;009m[ERROR]: [0mThis is a error message from thread 1618-09-2026 00:29:34 [38;5;015m[INFO]: [0mThis is a info message from thread 518-09-2026 00:29:34 [38;5;009m[ERROR]: [0mThis is a error message from thread 218-09-2026 00:29:34 [38;5;009m[ERROR]: [0mThis is a error message from thread 2118-09-2026 00:29:34 [38;5;009m[ERROR]: [0mThis is a error message from thread 418-09-2026 00:29:34 [38;5;117m[DEBUG]: [0mThis is a debug message from thread 318-09-2026 00:29:34 [38;5;117m[DEBUG]: [0mThis is a debug message from thread 1718-09-2026 00:29:34 [38;5;015m[INFO]: [0mThis is a info message from thread 1418-09-2026 00:29:34 [38;5;117m[DEBUG]: [0mThis is a debug message from thread 418-09-2026 00:29:34 [38;5;009m[ERROR]: [0mThis is a error message from thread 2918-09-2026 00:29:34 [38;5;015m[INFO]: [0mThis is a info message from thread 1718-09-2026 00:29:34 [38;5;009m[ERROR]: [0mThis is a error message from thread 1918-09-2026 00:29:34 [38;5;117m[DEBUG]: [0mThis is a debug message from thread 1618-09-2026 00:29:34 [38;5;117m[DEBUG]: [0mThis is a debug message from thread 1918-09-2026 00:29:34 [38;5;117m[DEBUG]: [0mThis is a debug message from thread 218-09-2026 00:29:34 [38;5;015m[INFO]: [0mThis is a info message from thread 418-09-2026 00:29:34 [38;5;117m[DEBUG]: [0mThis is a debug message from thread 2918-09-2026 00:29:34 [38;5;009m[ERROR]: [0mThis is a error message from thread 2418-09-2026 00:29:34 [38;5;009m[ERROR]: [0mThis is a error message from thread 418-09-2026 00:29:34 [38;5;117m[DEBUG]: [0mThis is a debug message from thread 2718-09-2026 00:29:34 [38;5;009m[ERROR]: [0mThis is a error message from thread 1418-09-2026 00:29:34 [38;5;009m[ERROR]: [0mThis is a error message from thread 1718-09-2026 00:29:34 [38;5;009m[ERROR]: [0mThis is a error message from thread 1218-09-2026 00:29:34 [38;5;117m[DEBUG]: [0mThis is a debug message from thread 718-09-2026 00:29:34 [38;5;117m[DEBUG]: [0mThis is a debug message from thread 1018-09-2026 00:29:34 [38;5;015m[INFO]: [0mThis is a info message from thread 2718-09-2026 00:29:34 [38;5;009m[ERROR]: [0mThis is a error message from thread 918-09-2026 00:29:34 [38;5;015m[INFO]: [0mThis is a info message from thread 218-09-2026 00:29:34 [38;5;015m[INFO]: [0mThis is a info message from thread 1318-09-2026 00:29:34 [38;5;015m[INFO]: [0mThis is a info message from thread 1618-09-2026 00:29:34 [38;5;117m[DEBUG]: [0mThis is a debug message from thread 1718-09-2026 00:29:34 [38;5;117m[DEBUG]: [0mThis is a debug message from thread 1418-09-2026 00:29:34 [38;5;009m[ERROR]: [0mThis is a error message from thread 2718-09-2026 00:29:34 [38;5;117m[DEBUG]: [0mThis is a debug message from thread 2218-09-2026 00:29:34 [38;5;117m[DEBUG]: [0mThis is a debug message from thread 1218-09-2026 00:29:34 [38;5;009m[ERROR]: [0mThis is a error message from thread 818-09-2026 00:29:34 [38;5;009m[ERROR]: [0mThis is a error message from thread 2818-09-2026 00:29:34 [38;5;117m[DEBUG]: [0mThis is a debug message from thread 2018-09-2026 00:29:34 [38;5;015m[INFO]: [0mThis is a info message from thread 1718-09-2026 00:29:34 [38;5;009m[ERROR]: [0mThis is a error message from thread 518-09-2026 00:29:34 [38;5;117m[DEBUG]: [0mThis is a debug message from thread 2318-09-2026 00:29:34 [38;5;015m[INFO]: [0mThis is a info message from thread 1418-09-2026 00:29:34 [38;5;015m[INFO]: [0mThis is a info message from thread 1218-09-2026 00:29:34 [38;5;009m[ERROR]: [0mThis is a error message from thread 218-09-2026 00:29:34 [38;5;009m[ERROR]: [0mThis is a error message from thread 1418-09-2026 00:29:34 [38;5;117m[DEBUG]: [0mThis is a debug message from thread 1118-09-2026 00:29:34 [38;5;015m[INFO]: [0mThis is a info message from thread 2318-09-2026 00:29:34 [38;5;015m[INFO]: [0mThis is a info message from thread 1018-09-2026 00:29:34 [38;5;009m[ERROR]: [0mThis is a error message from thread 1218-09-2026 00:29:34 [38;5;015m[INFO]: [0mThis is a info message from thread 2018-09-2026 00:29:34 [38;5;117m[DEBUG]: [0mThis is a debug message from thread 218-09-2026 00:29:34 [38;5;117m[DEBUG]: [0mThis is a debug message from thread 1518-09-2026 00:29:34 [38;5;009m[ERROR]: [0mThis is a error message from thread 2518-09-2026 00:29:34 [38;5;009m[ERROR]: [0mThis is a error message from thread 118-09-2026 00:29:34 [38;5;117m[DEBUG]: [0mThis is a debug message from thread 2718-09-2026 00:29:34 [38;5;015m[INFO]: [0mThis is a info message from thread 718-09-2026 00:29:34 [38;5;009m[ERROR]: [0mThis is a error message from thread 2018-09-2026 00:29:34 [38;5;117m[DEBUG]: [0mThis is a debug message from thread 1818-09-2026 00:29:34 [38;5;117m[DEBUG]: [0mThis is a debug message from thread 2418-09-2026 00:29:34 [38;5;117m[DEBUG]: [0mThis is a debug message from thread 1218-09-2026 00:29:34 [38;5;117m[DEBUG]: [0mThis is a debug message from thread 1418-09-2026 00:29:34 [38;5;015m[INFO]: [0mThis is a info message from thread 2718-09-2026 00:29:34 [38;5;015m[INFO]: [0mThis is a info message from thread 1518-09-2026 00:29:34 [38;5;117m[DEBUG]: [0mThis is a debug message from thread 2118-09-2026 00:29:34 [38;5;117m[DEBUG]: [0mThis is a debug message from thread 018-09-2026 00:29:34 [38;5;009m[ERROR]: [0mThis is a error message from thread 1518-09-2026 00:29:34 [38;5;117m[DEBUG]: [0mThis is a debug message from thread 118-09-2026 00:29:34 [38;5;015m[INFO]: [0mThis is a info message from thread 218-09-2026 00:29:34 [38;5;015m[INFO]: [0mThis is a info message from thread 1818-09-2026 00:29:34 [38;5;117m[DEBUG]: [0mThis is a debug message from thread 918-09-2026 00:29:34 [38;5;009m[ERROR]: [0mThis is a error message from thread 1718-09-2026 00:29:34 [38;5;117m[DEBUG]: [0mThis is a debug message from thread 1518-09-2026 00:29:34 [38;5;009m[ERROR]: [0mThis is a error message from thread 218-09-2026 00:29:34 [38;5;015m[INFO]: [0mThis is a info message from thread 2418-09-2026 00:29:34 [38;5;117m[DEBUG]: [0mThis is a debug message from thread 418-09-2026 00:29:34 [38;5;009m[ERROR]: [0mThis is a error message from thread 1018-09-2026 00:29:34 [38;5;009m[ERROR]: [0mThis is a error message from thread 1618-09-2026 00:29:34 [38;5;015m[INFO]: [0mThis is a info message from thread 2918-09-2026 00:29:34 [38;5;117m[DEBUG]: [0mThis is a debug message from thread 618-09-2026 00:29:34 [38;5;015m[INFO]: [0mThis is a info message from thread 318-09-2026 00:29:34 [38;5;015m[INFO]: [0mThis is a info message from thread 1118-09-2026 00:29:34 [38;5;015m[INFO]: [0mThis is a info message from thread 118-09-2026 00:29:34 [38;5;009m[ERROR]: [0mThis is a error message from thread 1818-09-2026 00:29:34 [38;5;117m[DEBUG]: [0mThis is a debug message from thread 518-09-2026 00:29:34 [38;5;015m[INFO]: [0mThis is a info message from thread 418-09-2026 00:29:34 [38;5;015m[INFO]: [0mThis is a info message from thread 1218-09-2026 00:29:34 [38;5;009m[ERROR]: [0mThis is a error message from thread 318-09-2026 00:29:34 [38;5;117m[DEBUG]: [0mThis is a debug message from thread 218-09-2026 00:29:34 [38;5;117m[DEBUG]: [0mThis is a debug message from thread 1818-09-2026 00:29:34 [38;5;009m[ERROR]: [0mThis is a error message from thread 1118-09-2026 00:29:34 [38;5;009m[ERROR]: [0mThis is a error message from thread 418-09-2026 00:29:34 [38;5;117m[DEBUG]: [0mThis is a debug message from thread 1618-09-2026 00:29:34 [38;5;015m[INFO]: [0mThis is a info message from thread 918-09-2026 00:29:34 [38;5;117m[DEBUG]: [0mThis is a debug message from thread 1118-09-2026 00:29:34 [38;5;009m[ERROR]: [0mThis is a error message from thread 1218-09-2026 00:29:34 [38;5;015m[INFO]: [0mThis is a info message from thread 1418-09-2026 00:29:34 [38;5;117m[DEBUG]: [0mThis is a debug message from thread 418-09-2026 00:29:34 [38;5;117m[DEBUG]: [0mThis is a debug message from thread 1718-09-2026 00:29:34 [38;5;015m[INFO]: [0mThis is a info message from thread 018-09-2026 00:29:34 [38;5;117m[DEBUG]: [0mThis is a debug message from thread 318-09-2026 00:29:34 [38;5;009m[ERROR]: [0mThis is a error message from thread 018-09-2026 00:29:34 [38;5;015m[INFO]: [0mThis is a info message from thread 318-09-2026 00:29:34 [38;5;015m[INFO]: [0mThis is a info message from thread 1618-09-2026 00:29:34 [38;5;015m[INFO]: [0mThis is a info message from thread 1718-09-2026 00:29:34 [38;5;009m[ERROR]: [0mThis is a error message from thread 1718-09-2026 00:29:34 [38;5;015m[INFO]: [0mThis is a info message from thread 1818-09-2026 00:29:34 [38;5;117m[DEBUG]: [0mThis is a debug message from thread 018-09-2026 00:29:34 [38;5;009m[ERROR]: [0mThis is a error message from thread 1618-09-2026 00:29:34 [38;5;009m[ERROR]: [0mThis is a error message from thread 2318-09-2026 00:29:34 [38;5;015m[INFO]: [0mThis is a info message from thread 2118-09-2026 00:29:34 [38;5;009m[ERROR]: [0mThis is a error message from thread 918-09-2026 00:29:34 [38;5;009m[ERROR]: [0mThis is a error message from thread 1318-09-2026 00:29:34 [38;5;009m[ERROR]: [0mThis is a error message from thread 2718-09-2026 00:29:34 [38;5;117m[DEBUG]: [0mThis is a debug message from thread 1218-09-2026 00:29:34 [38;5;117m[DEBUG]: [0mThis is a debug message from thread 1618-09-2026 00:29:34 [38;5;015m[INFO]: [0mThis is a info message from thread 418-09-2026 00:29:34 [38;5;117m[DEBUG]: [0mThis is a debug message from thread 2318-09-2026 00:29:34 [38;5;015m[INFO]: [0mThis is a info message from thread 2318-09-2026 00:29:34 [38;5;009m[ERROR]: [0mThis is a error message from thread 2118-09-2026 00:29:34 [38;5;009m[ERROR]: [0mThis is a error message from thread 2418-09-2026 00:29:34 [38;5;117m[DEBUG]: [0mThis is a debug message from thread 1718-09-2026 00:29:34 [38;5;009m[ERROR]: [0mThis is a error message from thread 1818-09-2026 00:29:34 [38;5;117m[DEBUG]: [0mThis is a debug message from thread 818-09-2026 00:29:34 [38;5;009m[ERROR]: [0mThis is a error message from thread 118-09-2026 00:29:34 [38;5;117m[DEBUG]: [0mThis is a debug message from thread 918-09-2026 00:29:34 [38;5;117m[DEBUG]: [0mThis is a debug message from thread 2818-09-2026 00:29:34 [38;5;015m[INFO]: [0mThis is a info message from thread 518-09-2026 00:29:34 [38;5;117m[DEBUG]: [0mThis is a debug message from thread 2718-09-2026 00:29:34 [38;5;015m[INFO]: [0mThis is a info message from thread 1118-09-2026 00:29:34 [38;5;015m[INFO]: [0mThis is a info message from thread 1218-09-2026 00:29:34 [38;5;015m[INFO]: [0mThis is a info message from thread 218-09-2026 00:29:34 [38;5;015m[INFO]: [0mThis is a info message from thread 2618-09-2026 00:29:34 [38;5;015m[INFO]: [0mThis is a info message from thread 2218-09-2026 00:29:34 [38;5;015m[INFO]: [0mThis is a info message from thread 2818-09-2026 00:29:34 [38;5;009m[ERROR]: [0mThis is a error message from thread 1218-09-2026 00:29:34 [38;5;015m[INFO]: [0mThis is a info message from thread 1518-09-2026 00:29:34 [38;5;117m[DEBUG]: [0mThis is a debug message from thread 2518-09-2026 00:29:34 [38;5;009m[ERROR]: [0mThis is a error message from thread 1118-09-2026 00:29:34 [38;5;009m[ERROR]: [0mThis is a error message from thread 2618-09-2026 00:29:34 [38;5;009m[ERROR]: [0mThis is a error message from thread 2318-09-2026 00:29:34 [38;5;009m[ERROR]: [0mThis is a error message from thread 2218-09-2026 00:29:34 [38;5;009m[ERROR]: [0mThis is a error message from thread 318-09-2026 00:29:34 [38;5;015m[INFO]: [0mThis is a info message from thread 018-09-2026 00:29:34 [38;5;009m[ERROR]: [0mThis is a error message from thread 518-09-2026 00:29:34 [38;5;015m[INFO]: [0mThis is a info message from thread 1618-09-2026 00:29:34 [38;5;015m[INFO]: [0mThis is a info message from thread 1718-09-2026 00:29:34 [38;5;117m[DEBUG]: [0mThis is a debug message from thread 1218-09-2026 00:29:34 [38;5;015m[INFO]: [0mThis is a info message from thread 2718-09-2026 00:29:34 [38;5;015m[INFO]: [0mThis is a info message from thread 2518-09-2026 00:29:34 [38;5;117m[DEBUG]: [0mThis is a debug message from thread 2618-09-2026 00:29:34 [38;5;117m[DEBUG]: [0mThis is a debug message from thread 1818-09-2026 00:29:34 [38;5;009m[ERROR]: [0mThis is a error message from thread 1718-09-2026 00:29:34 [38;5;009m[ERROR]: [0mThis is a error message from thread 1518-09-2026 00:29:34 [38;5;015m[INFO]: [0mThis is a info message from thread 2618-09-2026 00:29:34 [38;5;015m[INFO]: [0mThis is a info message from thread 1218-09-2026 00:29:34 [38;5;009m[ERROR]: [0mThis is a error message from thread 2518-09-2026 00:29:34 [38;5;009m[ERROR]: [0mThis is a error message from thread 2818-09-2026 00:29:34 [38;5;009m[ERROR]: [0mThis is a error message from thread 1218-09-2026 00:29:34 [38;5;117m[DEBUG]: [0mThis is a debug message from thread 1118-09-2026 00:29:34 [38;5;117m[DEBUG]: [0mThis is a debug message from thread 1218-09-2026 00:29:34 [38;5;117m[DEBUG]: [0mThis is a debug message from thread 2818-09-2026 00:29:34 [38;5;015m[INFO]: [0mThis is a info message from thread 1218-09-2026 00:29:34 [38;5;015m[INFO]: [0mThis is a info message from thread 1118-09-2026 00:29:34 [38;5;117m[DEBUG]: [0mThis is a debug message from thread 2518-09-2026 00:29:34 [38;5;009m[ERROR]: [0mThis is a error message from thread 018-09-2026 00:29:34 [38;5;015m[INFO]: [0mThis is a info message from thread 2818-09-2026 00:29:34 [38;5;009m[ERROR]: [0mThis is a error message from thread 1118-09-2026 00:29:34 [38;5;009m[ERROR]: [0mThis is a error message from thread 1218-09-2026 00:29:34 [38;5;009m[ERROR]: [0mThis is a error message from thread 1618-09-2026 00:29:34 [38;5;117m[DEBUG]: [0mThis is a debug message from thread 2418-09-2026 00:29:34 [38;5;009m[ERROR]: [0mThis is a error message from thread 2718-09-2026 00:29:34 [38;5;117m[DEBUG]: [0mThis is a debug message from thread 1518-09-2026 00:29:34 [38;5;015m[INFO]: [0mThis is a info message from thread 1518-09-2026 00:29:34 [38;5;117m[DEBUG]: [0mThis is a debug message from thread 018-09-2026 00:29:34 [38;5;117m[DEBUG]: [0mThis is a debug message from thread 1718-09-2026 00:29:34 [38;5;117m[DEBUG]: [0mThis is a debug message from thread 1618-09-2026 00:29:34 [38;5;015m[INFO]: [0mThis is a info message from thread 2518-09-2026 00:29:34 [38;5;015m[INFO]: [0mThis is a info message from thread 2418-09-2026 00:29:34 [38;5;015m[INFO]: [0mThis is a info message from thread 818-09-2026 00:29:34 [38;5;009m[ERROR]: [0mThis is a error message from thread 418-09-2026 00:29:34 [38;5;015m[INFO]: [0mThis is a info message from thread 018-09-2026 00:29:34 [38;5;009m[ERROR]: [0mThis is a error message from thread 1518-09-2026 00:29:34 [38;5;117m[DEBUG]: [0mThis is a debug message from thread 1118-09-2026 00:29:34 [38;5;009m[ERROR]: [0mThis is a error message from thread 2418-09-2026 00:29:34 [38;5;117m[DEBUG]: [0mThis is a debug message from thread 1518-09-2026 00:29:34 [38;5;117m[DEBUG]: [0mThis is a debug message from thread 2418-09-2026 00:29:34 [38;5;009m[ERROR]: [0mThis is a error message from thread 2518-09-2026 00:29:34 [38;5;117m[DEBUG]: [0mThis is a debug message from thread 2718-09-2026 00:29:34 [38;5;009m[ERROR]: [0mThis is a error message from thread 818-09-2026 00:29:34 [38;5;117m[DEBUG]: [0mThis is a debug message from thread 418-09-2026 00:29:34 [38;5;015m[INFO]: [0mThis is a info message from thread 1518-09-2026 00:29:34 [38;5;015m[INFO]: [0mThis is a info message from thread 1718-09-2026 00:29:34 [38;5;117m[DEBUG]: [0mThis is a debug message from thread 1018-09-2026 00:29:34 [38;5;009m[ERROR]: [0mThis is a error message from thread 1518-09-2026 00:29:34 [38;5;117m[DEBUG]: [0mThis is a debug message from thread 2518-09-2026 00:29:34 [38;5;015m[INFO]: [0mThis is a info message from thread 1618-09-2026 00:29:34 [38;5;009m[ERROR]: [0mThis is a error message from thread 1718-09-2026 00:29:34 [38;5;015m[INFO]: [0mThis is a info message from thread 2518-09-2026 00:29:34 [38;5;117m[DEBUG]: [0mThis is a debug message from thread 1518-09-2026 00:29:34 [38;5;009m[ERROR]: [0mThis is a error message from thread 2518-09-2026 00:29:34 [38;5;015m[INFO]: [0mThis is a info message from thread 1118-09-2026 00:29:34 [38;5;015m[INFO]: [0mThis is a info message from thread 1518-09-2026 00:29:34 [38;5;009m[ERROR]: [0mThis is a error message from thread 018-09-2026 00:29:34 [38;5;015m[INFO]: [0mThis is a info message from thread 2418-09-2026 00:29:34 [38;5;015m[INFO]: [0mThis is a info message from thread 2718-09-2026 00:29:34 [38;5;117m[DEBUG]: [0mThis is a debug message from thread 818-09-2026 00:29:34 [38;5;015m[INFO]: [0mThis is a info message from thread 1018-09-2026 00:29:34 [38;5;009m[ERROR]: [0mThis is a error message from thread 1518-09-2026 00:29:34 [38;5;009m[ERROR]: [0mThis is a error message from thread 1118-09-2026 00:29:34 [38;5;117m[DEBUG]: [0mThis is a debug message from thread 2518-09-2026 00:29:34 [38;5;015m[INFO]: [0mThis is a info message from thread 418-09-2026 00:29:34 [38;5;117m[DEBUG]: [0mThis is a debug message from thread 1518-09-2026 00:29:34 [38;5;117m[DEBUG]: [0mThis is a debug message from thread 1718-09-2026 00:29:34 [38;5;009m[ERROR]: [0mThis is a error message from thread 2418-09-2026 00:29:34 [38;5;117m[DEBUG]: [0mThis is a debug message from thread 1118-09-2026 00:29:34 [38;5;015m[INFO]: [0mThis is a info message from thread 1718-09-2026 00:29:34 [38;5;015m[INFO]: [0mThis is a info message from thread 1518-09-2026 00:29:34 [38;5;009m[ERROR]: [0mThis is a error message from thread 418-09-2026 00:29:34 [38;5;117m[DEBUG]: [0mThis is a debug message from thread 1318-09-2026 00:29:34 [38;5;015m[INFO]: [0mThis is a info message from thread 2518-09-2026 00:29:34 [38;5;009m[ERROR]: [0mThis is a error message from thread 2518-09-2026 00:29:34 [38;5;009m[ERROR]: [0mThis is a error message from thread 1018-09-2026 00:29:34 [38;5;015m[INFO]: [0mThis is a info message from thread 1318-09-2026 00:29:34 [38;5;015m[INFO]: [0mThis is a info message from thread 818-09-2026 00:29:34 [38;5;009m[ERROR]: [0mThis is a error message from thread 2718-09-2026 00:29:34 [38;5;009m[ERROR]: [0mThis is a error message from thread 1318-09-2026 00:29:34 [38;5;009m[ERROR]: [0mThis is a error message from thread 1418-09-2026 00:29:34 [38;5;009m[ERROR]: [0mThis is a error message from thread 1718-09-2026 00:29:34 [38;5;117m[DEBUG]: [0mThis is a debug message from thread 118-09-2026 00:29:34 [38;5;117m[DEBUG]: [0mThis is a debug message from thread 518-09-2026 00:29:34 [38;5;009m[ERROR]: [0mThis is a error message from thread 218-09-2026 00:29:34 [38;5;117m[DEBUG]: [0mThis is a debug message from thread 2318-09-2026 00:29:34 [38;5;009m[ERROR]: [0mThis is a error message from thread 818-09-2026 00:29:34 [38;5;009m[ERROR]: [0mThis is a error message from thread 2818-09-2026 00:29:34 [38;5;009m[ERROR]: [0mThis is a error message from thread 2918-09-2026 00:29:34 [38;5;117m[DEBUG]: [0mThis is a debug message from thread 1218-09-2026 00:29:34 [38;5;117m[DEBUG]: [0mThis is a debug message from thread 1318-09-2026 00:29:34 [38;5;117m[DEBUG]: [0mThis is a debug message from thread 2818-09-2026 00:29:34 [38;5;117m[DEBUG]: [0mThis is a debug message from thread 2118-09-2026 00:29:34 [38;5;117m[DEBUG]: [0mThis is a debug message from thread 1418-09-2026 00:29:34 [38;5;117m[DEBUG]: [0mThis is a debug message from thread 2218-09-2026 00:29:34 [38;5;117m[DEBUG]: [0mThis is a debug message from thread 2918-09-2026 00:29:34 [38;5;117m[DEBUG]: [0mThis is a debug message from thread 218-09-2026 00:29:34 [38;5;015m[INFO]: [0mThis is a info message from thread 2118-09-2026 00:29:34 [38;5;009m[ERROR]: [0mThis is a error message from thread 1618-09-2026 00:29:34 [38;5;015m[INFO]: [0mThis is a info message from thread 1318-09-2026 00:29:34 [38;5;015m[INFO]: [0mThis is a info message from thread 618-09-2026 00:29:34 [38;5;015m[INFO]: [0mThis is a info message from thread 518-09-2026 00:29:34 [38;5;015m[INFO]: [0mThis is a info message from thread 1218-09-2026 00:29:34 [38;5;117m[DEBUG]: [0mThis is a debug message from thread 318-09-2026 00:29:34 [38;5;009m[ERROR]: [0mThis is a error message from thread 2118-09-2026 00:29:34 [38;5;117m[DEBUG]: [0mThis is a debug message from thread 2418-09-2026 00:29:34 [38;5;015m[INFO]: [0mThis is a info message from thread 1818-09-2026 00:29:34 [38;5;015m[INFO]: [0mThis is a info message from thread 2218-09-2026 00:29:34 [38;5;009m[ERROR]: [0mThis is a error message from thread 1318-09-2026 00:29:34 [38;5;009m[ERROR]: [0mThis is a error message from thread 618-09-2026 00:29:34 [38;5;117m[DEBUG]: [0mThis is a debug message from thread 1618-09-2026 00:29:34 [38;5;015m[INFO]: [0mThis is a info message from thread 1418-09-2026 00:29:34 [38;5;117m[DEBUG]: [0mThis is a debug message from thread 2118-09-2026 00:29:34 [38;5;015m[INFO]: [0mThis is a info message from thread 2418-09-2026 00:29:34 [38;5;015m[INFO]: [0mThis is a info message from thread 2818-09-2026 00:29:34 [38;5;015m[INFO]: [0mThis is a info message from thread 1118-09-2026 00:29:34 [38;5;015m[INFO]: [0mThis is a info message from thread 1918-09-2026 00:29:34 [38;5;009m[ERROR]: [0mThis is a error message from thread 718-09-2026 00:29:34 [38;5;009m[ERROR]: [0mThis is a error message from thread 2218-09-2026 00:29:34 [38;5;015m[INFO]: [0mThis is a info message from thread 318-09-2026 00:29:34 [38;5;009m[ERROR]: [0mThis is a error message from thread 1118-09-2026 00:29:34 [38;5;009m[ERROR]: [0mThis is a error message from thread 1918-09-2026 00:29:34 [38;5;009m[ERROR]: [0mThis is a error message from thread 518-09-2026 00:29:34 [38;5;009m[ERROR]: [0mThis is a error message from thread 1818-09-2026 00:29:34 [38;5;117m[DEBUG]: [0mThis is a debug message from thread 1318-09-2026 00:29:34 [38;5;117m[DEBUG]: [0mThis is a debug message from thread 418-09-2026 00:29:34 [38;5;015m[INFO]: [0mThis is a info message from thread 918-09-2026 00:29:34 [38;5;009m[ERROR]: [0mThis is a error message from thread 2618-09-2026 00:29:34 [38;5;117m[DEBUG]: [0mThis is a debug message from thread 1918-09-2026 00:29:34 [38;5;117m[DEBUG]: [0mThis is a debug message from thread 1118-09-2026 00:29:34 [38;5;117m[DEBUG]: [0mThis is a debug message from thread 2718-09-2026 00:29:34 [38;5;015m[INFO]: [0mThis is a info message from thread 118-09-2026 00:29:34 [38;5;015m[INFO]: [0mThis is a info message from thread 418-09-2026 00:29:34 [38;5;015m[INFO]: [0mThis is a info message from thread 2718-09-2026 00:29:34 [38;5;117m[DEBUG]: [0mThis is a debug message from thread 2018-09-2026 00:29:34 [38;5;009m[ERROR]: [0mThis is a error message from thread 118-09-2026 00:29:34 [38;5;009m[ERROR]: [0mThis is a error message from thread 418-09-2026 00:29:34 [38;5;009m[ERROR]: [0mThis is a error message from thread 1418-09-2026 00:29:34 [38;5;117m[DEBUG]: [0mThis is a debug message from thread 418-09-2026 00:29:34 [38;5;117m[DEBUG]: [0mThis is a debug message from thread 118-09-2026 00:29:34 [38;5;015m[INFO]: [0mThis is a info message from thread 118-09-2026 00:29:34 [38;5;117m[DEBUG]: [0mThis is a debug message from thread 2518-09-2026 00:29:34 [38;5;117m[DEBUG]: [0mThis is a debug message from thread 1418-09-2026 00:29:34 [38;5;015m[INFO]: [0mThis is a info message from thread 1618-09-2026 00:29:34 [38;5;117m[DEBUG]: [0mThis is a debug message from thread 1018-09-2026 00:29:34 [38;5;009m[ERROR]: [0mThis is a error message from thread 118-09-2026 00:29:34 [38;5;117m[DEBUG]: [0mThis is a debug message from thread 718-09-2026 00:29:34 [38;5;015m[INFO]: [0mThis is a info message from thread 1418-09-2026 00:29:34 [38;5;117m[DEBUG]: [0mThis is a debug message from thread 118-09-2026 00:29:34 [38;5;009m[ERROR]: [0mThis is a error message from thread 1418-09-2026 00:29:34 [38;5;015m[INFO]: [0mThis is a info message from thread 718-09-2026 00:29:34 [38;5;117m[DEBUG]: [0mThis is a debug message from thread 1718-09-2026 00:29:34 [38;5;015m[INFO]: [0mThis is a info message from thread 2518-09-2026 00:29:34 [38;5;009m[ERROR]: [0mThis is a error message from thread 2818-09-2026 00:29:34 [38;5;015m[INFO]: [0mThis is a info message from thread 118-09-2026 00:29:34 [38;5;015m[INFO]: [0mThis is a info message from thread 1718-09-2026 00:29:34 [38;5;009m[ERROR]: [0mThis is a error message from thread 2518-09-2026 00:29:34 [38;5;117m[DEBUG]: [0mThis is a debug message from thread 2818-09-2026 00:29:34 [38;5;117m[DEBUG]: [0mThis is a debug message from thread 2518-09-2026 00:29:34 [38;5;117m[DEBUG]: [0mThis is a debug message from thread 1418-09-2026 00:29:34 [38;5;117m[DEBUG]: [0mThis is a debug message from thread 618-09-2026 00:29:34 [38;5;009m[ERROR]: [0mThis is a error message from thread 718-09-2026 00:29:34 [38;5;015m[INFO]: [0mThis is a info message from thread 618-09-2026 00:29:34 [38;5;117m[DEBUG]: [0mThis is a debug message from thread 718-09-2026 00:29:34 [38;5;009m[ERROR]: [0mThis is a error message from thread 618-09-2026 00:29:34 [38;5;015m[INFO]: [0mThis is a info message from thread 1418-09-2026 00:29:34 [38;5;015m[INFO]: [0mThis is a info message from thread 718-09-2026 00:29:34 [38;5;117m[DEBUG]: [0mThis is a debug message from thread 618-09-2026 00:29:34 [38;5;009m[ERROR]: [0mThis is a error message from thread 1418-09-2026 00:29:34 [38;5;009m[ERROR]: [0mThis is a error message from thread 1718-09-2026 00:29:34 [38;5;117m[DEBUG]: [0mThis is a debug message from thread 518-09-2026 00:29:34 [38;5;015m[INFO]: [0mThis is a info message from thread 2818-09-2026 00:29:34 [38;5;015m[INFO]: [0mThis is a info message from thread 1018-09-2026 00:29:34 [38;5;015m[INFO]: [0mThis is a info message from thread 2918-09-2026 00:29:34 [38;5;117m[DEBUG]: [0mThis is a debug message from thread 1418-09-2026 00:29:34 [38;5;009m[ERROR]: [0mThis is a error message from thread 2918-09-2026 00:29:34 [38;5;015m[INFO]: [0mThis is a info message from thread 1418-09-2026 00:29:34 [38;5;117m[DEBUG]: [0mThis is a debug message from thread 2918-09-2026 00:29:34 [38;5;009m[ERROR]: [0mThis is a error message from thread 118-09-2026 00:29:34 [38;5;015m[INFO]: [0mThis is a info message from thread 518-09-2026 00:29:34 [38;5;009m[ERROR]: [0mThis is a error message from thread 2818-09-2026 00:29:34 [38;5;117m[DEBUG]: [0mThis is a debug message from thread 1718-09-2026 00:29:34 [38;5;117m[DEBUG]: [0mThis is a debug message from thread 118-09-2026 00:29:34 [38;5;009m[ERROR]: [0mThis is a error message from thread 918-09-2026 00:29:34 [38;5;117m[DEBUG]: [0mThis is a debug message from thread 2618-09-2026 00:29:34 [38;5;015m[INFO]: [0mThis is a info message from thread 218-09-2026 00:29:34 [38;5;009m[ERROR]: [0mThis is a error message from thread 1218-09-2026 00:29:34 [38;5;009m[ERROR]: [0mThis is a error message from thread 518-09-2026 00:29:34 [38;5;009m[ERROR]: [0mThis is a error message from thread 1018-09-2026 00:29:34 [38;5;117m[DEBUG]: [0mThis is a debug message from thread 818-09-2026 00:29:34 [38;5;015m[INFO]: [0mThis is a info message from thread 2618-09-2026 00:29:34 [38;5;117m[DEBUG]: [0mThis is a debug message from thread 1818-09-2026 00:29:34 [38;5;009m[ERROR]: [0mThis is a error message from thread 1418-09-2026 00:29:34 [38;5;009m[ERROR]: [0mThis is a error message from thread 318-09-2026 00:29:34 [38;5;015m[INFO]: [0mThis is a info message from thread 1918-09-2026 00:29:34 [38;5;009m[ERROR]: [0mThis is a error message from thread 2718-09-2026 00:29:34 [38;5;015m[INFO]: [0mThis is a info message from thread 118-09-2026 00:29:34 [38;5;117m[DEBUG]: [0mThis is a debug message from thread 518-09-2026 00:29:34 [38;5;117m[DEBUG]: [0mThis is a debug message from thread 1418-09-2026 00:29:34 [38;5;009m[ERROR]: [0mThis is a error message from thread 1518-09-2026 00:29:34 [38;5;015m[INFO]: [0mThis is a info message from thread 418-09-2026 00:29:34 [38;5;117m[DEBUG]: [0mThis is a debug message from thread 2218-09-2026 00:29:34 [38;5;117m[DEBUG]: [0mThis is a debug message from thread 018-09-2026 00:29:34 [38;5;015m[INFO]: [0mThis is a info message from thread 1418-09-2026 00:29:34 [38;5;009m[ERROR]: [0mThis is a error message from thread 1618-09-2026 00:29:34 [38;5;117m[DEBUG]: [0mThis is a debug message from thread 2718-09-2026 00:29:34 [38;5;009m[ERROR]: [0mThis is a error message from thread 118-09-2026 00:29:34 [38;5;009m[ERROR]: [0mThis is a error message from thread 418-09-2026 00:29:34 [38;5;117m[DEBUG]: [0mThis is a debug message from thread 1618-09-2026 00:29:34 [38;5;015m[INFO]: [0mThis is a info message from thread 518-09-2026 00:29:34 [38;5;117m[DEBUG]: [0mThis is a debug message from thread 118-09-2026 00:29:34 [38;5;015m[INFO]: [0mThis is a info message from thread 118-09-2026 00:29:34 [38;5;009m[ERROR]: [0mThis is a error message from thread 518-09-2026 00:29:34 [38;5;015m[INFO]: [0mThis is a info message from thread 1618-09-2026 00:29:34 [38;5;117m[DEBUG]: [0mThis is a debug message from thread 2818-09-2026 00:29:34 [38;5;009m[ERROR]: [0mThis is a error message from thread 1418-09-2026 00:29:34 [38;5;015m[INFO]: [0mThis is a info message from thread 1318-09-2026 00:29:34 [38;5;117m[DEBUG]: [0mThis is a debug message from thread 518-09-2026 00:29:34 [38;5;015m[INFO]: [0mThis is a info message from thread 2718-09-2026 00:29:34 [38;5;009m[ERROR]: [0mThis is a error message from thread 1318-09-2026 00:29:34 [38;5;015m[INFO]: [0mThis is a info message from thread 2518-09-2026 00:29:34 [38;5;009m[ERROR]: [0mThis is a error message from thread 2518-09-2026 00:29:34 [38;5;015m[INFO]: [0mThis is a info message from thread 618-09-2026 00:29:34 [38;5;015m[INFO]: [0mThis is a info message from thread 018-09-2026 00:29:34 [38;5;117m[DEBUG]: [0mThis is a debug message from thread 1318-09-2026 00:29:34 [38;5;015m[INFO]: [0mThis is a info message from thread 1118-09-2026 00:29:34 [38;5;015m[INFO]: [0mThis is a info message from thread 518-09-2026 00:29:34 [38;5;009m[ERROR]: [0mThis is a error message from thread 618-09-2026 00:29:34 [38;5;009m[ERROR]: [0mThis is a error message from thread 1118-09-2026 00:29:34 [38;5;009m[ERROR]: [0mThis is a error message from thread 518-09-2026 00:29:34 [38;5;015m[INFO]: [0mThis is a info message from thread 1318-09-2026 00:29:34 [38;5;009m[ERROR]: [0mThis is a error message from thread 1318-09-2026 00:29:34 [38;5;009m[ERROR]: [0mThis is a error message from thread 718-09-2026 00:29:34 [38;5;015m[INFO]: [0mThis is a info message from thread 1818-09-2026 00:29:34 [38;5;009m[ERROR]: [0mThis is a error message from thread 118-09-2026 00:29:34 [38;5;015m[INFO]: [0mThis is a info message from thread 2218-09-2026 00:29:34 [38;5;009m[ERROR]: [0mThis is a error message from thread 2718-09-2026 00:29:34 [38;5;117m[DEBUG]: [0mThis is a debug message from thread 118-09-2026 00:29:34 [38;5;015m[INFO]: [0mThis is a info message from thread 2918-09-2026 00:29:34 [38;5;117m[DEBUG]: [0mThis is a debug message from thread 1118-09-2026 00:29:34 [38;5;009m[ERROR]: [0mThis is a error message from thread 2218-09-2026 00:29:34 [38;5;009m[ERROR]: [0mThis is a error message from thread 1618-09-2026 00:29:34 [38;5;009m[ERROR]: [0mThis is a error message from thread 218-09-2026 00:29:34 [38;5;117m[DEBUG]: [0mThis is a debug message from thread 2518-09-2026 00:29:34 [38;5;117m[DEBUG]: [0mThis is a debug message from thread 418-09-2026 00:29:34 [38;5;117m[DEBUG]: [0mThis is a debug message from thread 318-09-2026 00:29:34 [38;5;117m[DEBUG]: [0mThis is a debug message from thread 718-09-2026 00:29:34 [38;5;117m[DEBUG]: [0mThis is a debug message from thread 1318-09-2026 00:29:34 [38;5;117m[DEBUG]: [0mThis is a debug message from thread 1018-09-2026 00:29:34 [38;5;117m[DEBUG]: [0mThis is a debug message from thread 618-09-2026 00:29:34 [38;5;009m[ERROR]: [0mThis is a error message from thread 2418-09-2026 00:29:34 [38;5;117m[DEBUG]: [0mThis is a debug message from thread 1218-09-2026 00:29:34 [38;5;117m[DEBUG]: [0mThis is a debug message from thread 2418-09-2026 00:29:34 [38;5;015m[INFO]: [0mThis is a info message from thread 718-09-2026 00:29:34 [38;5;015m[INFO]: [0mThis is a info message from thread 2418-09-2026 00:29:34 [38;5;015m[INFO]: [0mThis is a info message from thread 1318-09-2026 00:29:34 [38;5;117m[DEBUG]: [0mThis is a debug message from thread 218-09-2026 00:29:34 [38;5;009m[ERROR]: [0mThis is a error message from thread 1318-09-2026 00:29:34 [38;5;015m[INFO]: [0mThis is a info message from thread 1018-09-2026 00:29:34 [38;5;009m[ERROR]: [0mThis is a error message from thread 2418-09-2026 00:29:34 [38;5;117m[DEBUG]: [0mThis is a debug message from thread 1518-09-2026 00:29:34 [38;5;117m[DEBUG]: [0mThis is a debug message from thread 1418-09-2026 00:29:34 [38;5;015m[INFO]: [0mThis is a info message from thread 1418-09-2026 00:29:34 [38;5;009m[ERROR]: [0mThis is a error message from thread 1418-09-2026 00:29:34 [38;5;009m[ERROR]: [0mThis is a error message from thread 718-09-2026 00:29:34 [38;5;009m[ERROR]: [0mThis is a error message from thread 2918-09-2026 00:29:34 [38;5;117m[DEBUG]: [0mThis is a debug message from thread 518-09-2026 00:29:34 [38;5;015m[INFO]: [0mThis is a info message from thread 118-09-2026 00:29:34 [38;5;015m[INFO]: [0mThis is a info message from thread 218-09-2026 00:29:34 [38;5;117m[DEBUG]: [0mThis is a debug message from thread 918-09-2026 00:29:34 [38;5;009m[ERROR]: [0mThis is a error message from thread 118-09-2026 00:29:34 [38;5;015m[INFO]: [0mThis is a info message from thread 2818-09-2026 00:29:34 [38;5;015m[INFO]: [0mThis is a info message from thread 2018-09-2026 00:29:34 [38;5;015m[INFO]: [0mThis is a info message from thread 918-09-2026 00:29:34 [38;5;009m[ERROR]: [0mThis is a error message from thread 2018-09-2026 00:29:34 [38;5;009m[ERROR]: [0mThis is a error message from thread 1018-09-2026 00:29:34 [38;5;117m[DEBUG]: [0mThis is a debug message from thread 1618-09-2026 00:29:34 [38;5;117m[DEBUG]: [0mThis is a debug message from thread 1018-09-2026 00:29:34 [38;5;015m[INFO]: [0mThis is a info message from thread 2518-09-2026 00:29:34 [38;5;009m[ERROR]: [0mThis is a error message from thread 2618-09-2026 00:29:34 [38;5;009m[ERROR]: [0mThis is a error message from thread 2818-09-2026 00:29:34 [38;5;009m[ERROR]: [0mThis is a error message from thread 218-09-2026 00:29:34 [38;5;015m[INFO]: [0mThis is a info message from thread 1718-09-2026 00:29:34 [38;5;015m[INFO]: [0mThis is a info message from thread 818-09-2026 00:29:34 [38;5;015m[INFO]: [0mThis is a info message from thread 318-09-2026 00:29:34 [38;5;009m[ERROR]: [0mThis is a error message from thread 1918-09-2026 00:29:34 [38;5;117m[DEBUG]: [0mThis is a debug message from thread 2618-09-2026 00:29:34 [38;5;117m[DEBUG]: [0mThis is a debug message from thread 718-09-2026 00:29:34 [38;5;015m[INFO]: [0mThis is a info message from thread 2618-09-2026 00:29:34 [38;5;015m[INFO]: [0mThis is a info message from thread 1618-09-2026 00:29:34 [38;5;009m[ERROR]: [0mThis is a error message from thread 818-09-2026 00:29:34 [38;5;117m[DEBUG]: [0mThis is a debug message from thread 2718-09-2026 00:29:34 [38;5;015m[INFO]: [0mThis is a info message from thread 2318-09-2026 00:29:34 [38;5;015m[INFO]: [0mThis is a info message from thread 618-09-2026 00:29:34 [38;5;117m[DEBUG]: [0mThis is a debug message from thread 2818-09-2026 00:29:34 [38;5;117m[DEBUG]: [0mThis is a debug message from thread 1318-09-2026 00:29:34 [38;5;117m[DEBUG]: [0mThis is a debug message from thread 1418-09-2026 00:29:34 [38;5;009m[ERROR]: [0mThis is a error message from thread 1618-09-2026 00:29:34 [38;5;009m[ERROR]: [0mThis is a error message from thread 2518-09-2026 00:29:34 [38;5;117m[DEBUG]: [0mThis is a debug message from thread 2418-09-2026 00:29:34 [38;5;015m[INFO]: [0mThis is a info message from thread 1518-09-2026 00:29:34 [38;5;009m[ERROR]: [0mThis is a error message from thread 2618-09-2026 00:29:34 [38;5;009m[ERROR]: [0mThis is a error message from thread 2318-09-2026 00:29:34 [38;5;117m[DEBUG]: [0mThis is a debug message from thread 1618-09-2026 00:29:34 [38;5;015m[INFO]: [0mThis is a info message from thread 1118-09-2026 00:29:34 [38;5;117m[DEBUG]: [0mThis is a debug message from thread 2318-09-2026 00:29:34 [38;5;009m[ERROR]: [0mThis is a error message from thread 1518-09-2026 00:29:34 [38;5;117m[DEBUG]: [0mThis is a debug message from thread 2018-09-2026 00:29:34 [38;5;015m[INFO]: [0mThis is a info message from thread 518-09-2026 00:29:34 [38;5;015m[INFO]: [0mThis is a info message from thread 2818-09-2026 00:29:34 [38;5;009m[ERROR]: [0mThis is a error message from thread 918-09-2026 00:29:34 [38;5;117m[DEBUG]: [0mThis is a debug message from thread 2518-09-2026 00:29:34 [38;5;015m[INFO]: [0mThis is a info message from thread 1418-09-2026 00:29:34 [38;5;009m[ERROR]: [0mThis is a error message from thread 1418-09-2026 00:29:34 [38;5;009m[ERROR]: [0mThis is a error message from thread 618-09-2026 00:29:34 [38;5;009m[ERROR]: [0mThis is a error message from thread 518-09-2026 00:29:34 [38;5;015m[INFO]: [0mThis is a info message from thread 2318-09-2026 00:29:34 [38;5;117m[DEBUG]: [0mThis is a debug message from thread 1518-09-2026 00:29:34 [38;5;117m[DEBUG]: [0mThis is a debug message from thread 618-09-2026 00:29:34 [38;5;117m[DEBUG]: [0mThis is a debug message from thread 118-09-2026 00:29:34 [38;5;117m[DEBUG]: [0mThis is a debug message from thread 518-09-2026 00:29:34 [38;5;015m[INFO]: [0mThis is a info message from thread 618-09-2026 00:29:34 [38;5;015m[INFO]: [0mThis is a info message from thread 118-09-2026 00:29:34 [38;5;009m[ERROR]: [0mThis is a error message from thread 118-09-2026 00:29:34 [38;5;009m[ERROR]: [0mThis is a error message from thread 618-09-2026 00:29:34 [38;5;015m[INFO]: [0mThis is a info message from thread 1518-09-2026 00:29:34 [38;5;009m[ERROR]: [0mThis is a error message from thread 1718-09-2026 00:29:34 [38;5;009m[ERROR]: [0mThis is a error message from thread 1518-09-2026 00:29:34 [38;5;117m[DEBUG]: [0mThis is a debug message from thread 1418-09-2026 00:29:34 [38;5;015m[INFO]: [0mThis is a info message from thread 2418-09-2026 00:29:34 [38;5;015m[INFO]: [0mThis is a info message from thread 718-09-2026 00:29:34 [38;5;015m[INFO]: [0mThis is a info message from thread 1418-09-2026 00:29:34 [38;5;117m[DEBUG]: [0mThis is a debug message from thread 118-09-2026 00:29:34 [38;5;117m[DEBUG]: [0mThis is a debug message from thread 818-09-2026 00:29:34 [38;5;015m[INFO]: [0mThis is a info message from thread 2718-09-2026 00:29:34 [38;5;117m[DEBUG]: [0mThis is a debug message from thread 1518-09-2026 00:29:34 [38;5;009m[ERROR]: [0mThis is a error message from thread 1818-09-2026 00:29:34 [38;5;009m[ERROR]: [0mThis is a error message from thread 018-09-2026 00:29:34 [38;5;117m[DEBUG]: [0mThis is a debug message from thread 2918-09-2026 00:29:34 [38;5;015m[INFO]: [0mThis is a info message from thread 1318-09-2026 00:29:34 [38;5;015m[INFO]: [0mThis is a info message from thread 2918-09-2026 00:29:34 [38;5;015m[INFO]: [0mThis is a info message from thread 818-09-2026 00:29:34 [38;5;015m[INFO]: [0mThis is a info message from thread 2018-09-2026 00:29:34 [38;5;117m[DEBUG]: [0mThis is a debug message from thread 2618-09-2026 00:29:34 [38;5;015m[INFO]: [0mThis is a info message from thread 518-09-2026 00:29:34 [38;5;015m[INFO]: [0mThis is a info message from thread 118-09-2026 00:29:34 [38;5;009m[ERROR]: [0mThis is a error message from thread 318-09-2026 00:29:34 [38;5;009m[ERROR]: [0mThis is a error message from thread 2918-09-2026 00:29:34 [38;5;009m[ERROR]: [0mThis is a error message from thread 718-09-2026 00:29:34 [38;5;117m[DEBUG]: [0mThis is a debug message from thread 2918-09-2026 00:29:34 [38;5;015m[INFO]: [0mThis is a info message from thread 2118-09-2026 00:29:34 [38;5;117m[DEBUG]: [0mThis is a debug message from thread 1918-09-2026 00:29:34 [38;5;009m[ERROR]: [0mThis is a error message from thread 2118-09-2026 00:29:34 [38;5;015m[INFO]: [0mThis is a info message from thread 1218-09-2026 00:29:34 [38;5;009m[ERROR]: [0mThis is a error message from thread 818-09-2026 00:29:34 [38;5;009m[ERROR]: [0mThis is a error message from thread 2318-09-2026 00:29:34 [38;5;015m[INFO]: [0mThis is a info message from thread 2618-09-2026 00:29:34 [38;5;117m[DEBUG]: [0mThis is a debug message from thread 2118-09-2026 00:29:34 [38;5;015m[INFO]: [0mThis is a info message from thread 2518-09-2026 00:29:34 [38;5;117m[DEBUG]: [0mThis is a debug message from thread 718-09-2026 00:29:34 [38;5;009m[ERROR]: [0mThis is a error message from thread 2418-09-2026 00:29:34 [38;5;009m[ERROR]: [0mThis is a error message from thread 2518-09-2026 00:29:34 [38;5;117m[DEBUG]: [0mThis is a debug message from thread 818-09-2026 00:29:34 [38;5;117m[DEBUG]: [0mThis is a debug message from thread 2218-09-2026 00:29:34 [38;5;015m[INFO]: [0mThis is a info message from thread 418-09-2026 00:29:34 [38;5;015m[INFO]: [0mThis is a info message from thread 718-09-2026 00:29:34 [38;5;009m[ERROR]: [0mThis is a error message from thread 2818-09-2026 00:29:34 [38;5;009m[ERROR]: [0mThis is a error message from thread 718-09-2026 00:29:34 [38;5;117m[DEBUG]: [0mThis is a debug message from thread 2818-09-2026 00:29:34 [38;5;117m[DEBUG]: [0mThis is a debug message from thread 218-09-2026 00:29:34 [38;5;015m[INFO]: [0mThis is a info message from thread 818-09-2026 00:29:34 [38;5;015m[INFO]: [0mThis is a info message from thread 1018-09-2026 00:29:34 [38;5;015m[INFO]: [0mThis is a info message from thread 2218-09-2026 00:29:34 [38;5;117m[DEBUG]: [0mThis is a debug message from thread 2418-09-2026 00:29:34 [38;5;117m[DEBUG]: [0mThis is a debug message from thread 018-09-2026 00:29:34 [38;5;009m[ERROR]: [0mThis is a error message from thread 2218-09-2026 00:29:34 [38;5;015m[INFO]: [0mThis is a info message from thread 2418-09-2026 00:29:34 [38;5;015m[INFO]: [0mThis is a info message from thread 2818-09-2026 00:29:34 [38;5;009m[ERROR]: [0mThis is a error message from thread 818-09-2026 00:29:34 [38;5;117m[DEBUG]: [0mThis is a debug message from thread 718-09-2026 00:29:34 [38;5;117m[DEBUG]: [0mThis is a debug message from thread 818-09-2026 00:29:34 [38;5;009m[ERROR]: [0mThis is a error message from thread 2618-09-2026 00:29:34 [38;5;009m[ERROR]: [0mThis is a error message from thread 2718-09-2026 00:29:34 [38;5;009m[ERROR]: [0mThis is a error message from thread 2818-09-2026 00:29:34 [38;5;015m[INFO]: [0mThis is a info message from thread 718-09-2026 00:29:34 [38;5;117m[DEBUG]: [0mThis is a debug message from thread 2218-09-2026 00:29:34 [38;5;015m[INFO]: [0mThis is a info message from thread 018-09-2026 00:29:34 [38;5;015m[INFO]: [0mThis is a info message from thread 2218-09-2026 00:29:34 [38;5;009m[ERROR]: [0mThis is a error message from thread 2218-09-2026 00:29:34 [38;5;015m[INFO]: [0mThis is a info message from thread 2118-09-2026 00:29:34 [38;5;117m[DEBUG]: [0mThis is a debug message from thread 2818-09-2026 00:29:34 [38;5;015m[INFO]: [0mThis is a info message from thread 2918-09-2026 00:29:34 [38;5;117m[DEBUG]: [0mThis is a debug message from thread 2218-09-2026 00:29:34 [38;5;009m[ERROR]: [0mThis is a error message from thread 718-09-2026 00:29:34 [38;5;015m[INFO]: [0mThis is a info message from thread 818-09-2026 00:29:34 [38;5;015m[INFO]: [0mThis is a info message from thread 2818-09-2026 00:29:34 [38;5;009m[ERROR]: [0mThis is a error message from thread 818-09-2026 00:29:34 [38;5;009m[ERROR]: [0mThis is a error message from thread 2918-09-2026 00:29:34 [38;5;117m[DEBUG]: [0mThis is a debug message from thread 718-09-2026 00:29:34 [38;5;117m[DEBUG]: [0mThis is a debug message from thread 818-09-2026 00:29:34 [38;5;015m[INFO]: [0mThis is a info message from thread 718-09-2026 00:29:34 [38;5;009m[ERROR]: [0mThis is a error message from thread 2118-09-2026 00:29:34 [38;5;117m[DEBUG]: [0mThis is a debug message from thread 2618-09-2026 00:29:34 [38;5;015m[INFO]: [0mThis is a info message from thread 1518-09-2026 00:29:34 [38;5;117m[DEBUG]: [0mThis is a debug message from thread 2318-09-2026 00:29:34 [38;5;009m[ERROR]: [0mThis is a error message from thread 1318-09-2026 00:29:34 [38;5;009m[ERROR]: [0mThis is a error message from thread 518-09-2026 00:29:34 [38;5;015m[INFO]: [0mThis is a info message from thread 1918-09-2026 00:29:34 [38;5;009m[ERROR]: [0mThis is a error message from thread 718-09-2026 00:29:34 [38;5;009m[ERROR]: [0mThis is a error message from thread 2418-09-2026 00:29:34 [38;5;015m[INFO]: [0mThis is a info message from thread 818-09-2026 00:29:34 [38;5;015m[INFO]: [0mThis is a info message from thread 2218-09-2026 00:29:34 [38;5;009m[ERROR]: [0mThis is a error message from thread 1018-09-2026 00:29:34 [38;5;009m[ERROR]: [0mThis is a error message from thread 2018-09-2026 00:29:34 [38;5;117m[DEBUG]: [0mThis is a debug message from thread 718-09-2026 00:29:34 [38;5;009m[ERROR]: [0mThis is a error message from thread 1518-09-2026 00:29:34 [38;5;117m[DEBUG]: [0mThis is a debug message from thread 1518-09-2026 00:29:34 [38;5;015m[INFO]: [0mThis is a info message from thread 2618-09-2026 00:29:34 [38;5;009m[ERROR]: [0mThis is a error message from thread 2618-09-2026 00:29:34 [38;5;117m[DEBUG]: [0mThis is a debug message from thread 2918-09-2026 00:29:34 [38;5;117m[DEBUG]: [0mThis is a debug message from thread 2618-09-2026 00:29:34 [38;5;015m[INFO]: [0mThis is a info message from thread 2918-09-2026 00:29:34 [38;5;009m[ERROR]: [0mThis is a error message from thread 2218-09-2026 00:29:34 [38;5;015m[INFO]: [0mThis is a info message from thread 718-09-2026 00:29:34 [38;5;117m[DEBUG]: [0mThis is a debug message from thread 318-09-2026 00:29:34 [38;5;117m[DEBUG]: [0mThis is a debug message from thread 2218-09-2026 00:29:34 [38;5;015m[INFO]: [0mThis is a info message from thread 2618-09-2026 00:29:34 [38;5;015m[INFO]: [0mThis is a info message from thread 2218-09-2026 00:29:34 [38;5;009m[ERROR]: [0mThis is a error message from thread 718-09-2026 00:29:34 [38;5;015m[INFO]: [0mThis is a info message from thread 318-09-2026 00:29:34 [38;5;009m[ERROR]: [0mThis is a error message from thread 118-09-2026 00:29:34 [38;5;117m[DEBUG]: [0mThis is a debug message from thread 718-09-2026 00:29:34 [38;5;117m[DEBUG]: [0mThis is a debug message from thread 1018-09-2026 00:29:34 [38;5;009m[ERROR]: [0mThis is a error message from thread 2618-09-2026 00:29:34 [38;5;009m[ERROR]: [0mThis is a error message from thread 2918-09-2026 00:29:34 [38;5;117m[DEBUG]: [0mThis is a debug message from thread 518-09-2026 00:29:34 [38;5;015m[INFO]: [0mThis is a info message from thread 1618-09-2026 00:29:34 [38;5;117m[DEBUG]: [0mThis is a debug message from thread 918-09-2026 00:29:34 [38;5;015m[INFO]: [0mThis is a info message from thread 2318-09-2026 00:29:34 [38;5;009m[ERROR]: [0mThis is a error message from thread 1218-09-2026 00:29:34 [38;5;117m[DEBUG]: [0mThis is a debug message from thread 118-09-2026 00:29:34 [38;5;117m[DEBUG]: [0mThis is a debug message from thread 2918-09-2026 00:29:34 [38;5;117m[DEBUG]: [0mThis is a debug message from thread 618-09-2026 00:29:34 [38;5;015m[INFO]: [0mThis is a info message from thread 518-09-2026 00:29:34 [38;5;009m[ERROR]: [0mThis is a error message from thread 1618-09-2026 00:29:34 [38;5;009m[ERROR]: [0mThis is a error message from thread 518-09-2026 00:29:34 [38;5;015m[INFO]: [0mThis is a info message from thread 918-09-2026 00:29:34 [38;5;009m[ERROR]: [0mThis is a error message from thread 418-09-2026 00:29:34 [38;5;117m[DEBUG]: [0mThis is a debug message from thread 418-09-2026 00:29:34 [38;5;015m[INFO]: [0mThis is a info message from thread 118-09-2026 00:29:34 [38;5;015m[INFO]: [0mThis is a info message from thread 418-09-2026 00:29:34 [38;5;009m[ERROR]: [0mThis is a error message from thread 018-09-2026 00:29:34 [38;5;015m[INFO]: [0mThis is a info message from thread 2918-09-2026 00:29:34 [38;5;009m[ERROR]: [0mThis is a error message from thread 918-09-2026 00:29:34 [38;5;015m[INFO]: [0mThis is a info message from thread 1018-09-2026 00:29:34 [38;5;117m[DEBUG]: [0mThis is a debug message from thread 518-09-2026 00:29:34 [38;5;015m[INFO]: [0mThis is a info message from thread 518-09-2026 00:29:34 [38;5;117m[DEBUG]: [0mThis is a debug message from thread 2618-09-2026 00:29:34 [38;5;009m[ERROR]: [0mThis is a error message from thread 118-09-2026 00:29:34 [38;5;009m[ERROR]: [0mThis is a error message from thread 2818-09-2026 00:29:34 [38;5;015m[INFO]: [0mThis is a info message from thread 618-09-2026 00:29:34 [38;5;015m[INFO]: [0mThis is a info message from thread 2618-09-2026 00:29:34 [38;5;117m[DEBUG]: [0mThis is a debug message from thread 018-09-2026 00:29:34 [38;5;117m[DEBUG]: [0mThis is a debug message from thread 118-09-2026 00:29:34 [38;5;117m[DEBUG]: [0mThis is a debug message from thread 2718-09-2026 00:29:34 [38;5;009m[ERROR]: [0mThis is a error message from thread 1018-09-2026 00:29:34 [38;5;015m[INFO]: [0mThis is a info message from thread 2718-09-2026 00:29:34 [38;5;015m[INFO]: [0mThis is a info message from thread 118-09-2026 00:29:34 [38;5;117m[DEBUG]: [0mThis is a debug message from thread 918-09-2026 00:29:34 [38;5;009m[ERROR]: [0mThis is a error message from thread 118-09-2026 00:29:34 [38;5;015m[INFO]: [0mThis is a info message from thread 018-09-2026 00:29:34 [38;5;117m[DEBUG]: [0mThis is a debug message from thread 2818-09-2026 00:29:34 [38;5;117m[DEBUG]: [0mThis is a debug message from thread 118-09-2026 00:29:34 [38;5;117m[DEBUG]: [0mThis is a debug message from thread 1818-09-2026 00:29:34 [38;5;117m[DEBUG]: [0mThis is a debug message from thread 2118-09-2026 00:29:34 [38;5;117m[DEBUG]: [0mThis is a debug message from thread 1018-09-2026 00:29:34 [38;5;009m[ERROR]: [0mThis is a error message from thread 2618-09-2026 00:29:34 [38;5;015m[INFO]: [0mThis is a info message from thread 1018-09-2026 00:29:34 [38;5;015m[INFO]: [0mThis is a info message from thread 118-09-2026 00:29:34 [38;5;009m[ERROR]: [0mThis is a error message from thread 018-09-2026 00:29:34 [38;5;015m[INFO]: [0mThis is a info message from thread 1518-09-2026 00:29:34 [38;5;009m[ERROR]: [0mThis is a error message from thread 118-09-2026 00:29:34 [38;5;009m[ERROR]: [0mThis is a error message from thread 318-09-2026 00:29:34 [38;5;117m[DEBUG]: [0mThis is a debug message from thread 1718-09-2026 00:29:34 [38;5;015m[INFO]: [0mThis is a info message from thread 2118-09-2026 00:29:34 [38;5;015m[INFO]: [0mThis is a info message from thread 718-09-2026 00:29:34 [38;5;009m[ERROR]: [0mThis is a error message from thread 2318-09-2026 00:29:34 [38;5;117m[DEBUG]: [0mThis is a debug message from thread 2518-09-2026 00:29:34 [38;5;009m[ERROR]: [0mThis is a error message from thread 2118-09-2026 00:29:34 [38;5;009m[ERROR]: [0mThis is a error message from thread 2918-09-2026 00:29:34 [38;5;117m[DEBUG]: [0mThis is a debug message from thread 318-09-2026 00:29:34 [38;5;009m[ERROR]: [0mThis is a error message from thread 1518-09-2026 00:29:34 [38;5;117m[DEBUG]: [0mThis is a debug message from thread 018-09-2026 00:29:34 [38;5;117m[DEBUG]: [0mThis is a debug message from thread 2618-09-2026 00:29:34 [38;5;117m[DEBUG]: [0mThis is a debug message from thread 1518-09-2026 00:29:34 [38;5;015m[INFO]: [0mThis is a info message from thread 2518-09-2026 00:29:34 [38;5;009m[ERROR]: [0mThis is a error message from thread 418-09-2026 00:29:34 [38;5;009m[ERROR]: [0mThis is a error message from thread 1018-09-2026 00:29:34 [38;5;117m[DEBUG]: [0mThis is a debug message from thread 1618-09-2026 00:29:34 [38;5;009m[ERROR]: [0mThis is a error message from thread 1918-09-2026 00:29:34 [38;5;117m[DEBUG]: [0mThis is a debug message from thread 418-09-2026 00:29:34 [38;5;009m[ERROR]: [0mThis is a error message from thread 818-09-2026 00:29:34 [38;5;009m[ERROR]: [0mThis is a error message from thread 518-09-2026 00:29:34 [38;5;117m[DEBUG]: [0mThis is a debug message from thread 1218-09-2026 00:29:34 [38;5;117m[DEBUG]: [0mThis is a debug message from thread 818-09-2026 00:29:34 [38;5;009m[ERROR]: [0mThis is a error message from thread 2518-09-2026 00:29:34 [38;5;015m[INFO]: [0mThis is a info message from thread 918-09-2026 00:29:34 [38;5;117m[DEBUG]: [0mThis is a debug message from thread 1018-09-2026 00:29:34 [38;5;009m[ERROR]: [0mThis is a error message from thread 2218-09-2026 00:29:34 [38;5;015m[INFO]: [0mThis is a info message from thread 1818-09-2026 00:29:34 [38;5;117m[DEBUG]: [0mThis is a debug message from thread 1318-09-2026 00:29:34 [38;5;009m[ERROR]: [0mThis is a error message from thread 1818-09-2026 00:29:34 [38;5;117m[DEBUG]: [0mThis is a debug message from thread 2918-09-2026 00:29:34 [38;5;009m[ERROR]: [0mThis is a error message from thread 2718-09-2026 00:29:34 [38;5;117m[DEBUG]: [0mThis is a debug message from thread 2318-09-2026 00:29:34 [38;5;117m[DEBUG]: [0mThis is a debug message from thread 518-09-2026 00:29:34 [38;5;009m[ERROR]: [0mThis is a error message from thread 618-09-2026 00:29:34 [38;5;015m[INFO]: [0mThis is a info message from thread 1618-09-2026 00:29:34 [38;5;015m[INFO]: [0mThis is a info message from thread 018-09-2026 00:29:34 [38;5;015m[INFO]: [0mThis is a info message from thread 818-09-2026 00:29:34 [38;5;015m[INFO]: [0mThis is a info message from thread 2818-09-2026 00:29:34 [38;5;117m[DEBUG]: [0mThis is a debug message from thread 2418-09-2026 00:29:34 [38;5;009m[ERROR]: [0mThis is a error message from thread 1618-09-2026 00:29:34 [38;5;117m[DEBUG]: [0mThis is a debug message from thread 2518-09-2026 00:29:34 [38;5;015m[INFO]: [0mThis is a info message from thread 2518-09-2026 00:29:34 [38;5;009m[ERROR]: [0mThis is a error message from thread 818-09-2026 00:29:34 [38;5;009m[ERROR]: [0mThis is a error message from thread 2518-09-2026 00:29:34 [38;5;009m[ERROR]: [0mThis is a error message from thread 018-09-2026 00:29:34 [38;5;015m[INFO]: [0mThis is a info message from thread 1018-09-2026 00:29:34 [38;5;117m[DEBUG]: [0mThis is a debug message from thread 618-09-2026 00:29:34 [38;5;015m[INFO]: [0mThis is a info message from thread 1718-09-2026 00:29:34 [38;5;009m[ERROR]: [0mThis is a error message from thread 918-09-2026 00:29:34 [38;5;117m[DEBUG]: [0mThis is a debug message from thread 818-09-2026 00:29:34 [38;5;117m[DEBUG]: [0mThis is a debug message from thread 018-09-2026 00:29:34 [38;5;117m[DEBUG]: [0mThis is a debug message from thread 2018-09-2026 00:29:34 [38;5;015m[INFO]: [0mThis is a info message from thread 2618-09-2026 00:29:34 [38;5;117m[DEBUG]: [0mThis is a debug message from thread 118-09-2026 00:29:34 [38;5;009m[ERROR]: [0mThis is a error message from thread 1018-09-2026 00:29:34 [38;5;117m[DEBUG]: [0mThis is a debug message from thread 2718-09-2026 00:29:34 [38;5;117m[DEBUG]: [0mThis is a debug message from thread 1918-09-2026 00:29:34 [38;5;117m[DEBUG]: [0mThis is a debug message from thread 1818-09-2026 00:29:34 [38;5;015m[INFO]: [0mThis is a info message from thread 2418-09-2026 00:29:34 [38;5;015m[INFO]: [0mThis is a info message from thread 818-09-2026 00:29:34 [38;5;117m[DEBUG]: [0mThis is a debug message from thread 918-09-2026 00:29:34 [38;5;015m[INFO]: [0mThis is a info message from thread 218-09-2026 00:29:34 [38;5;015m[INFO]: [0mThis is a info message from thread 1318-09-2026 00:29:34 [38;5;015m[INFO]: [0mThis is a info message from thread 2318-09-2026 00:29:34 [38;5;015m[INFO]: [0mThis is a info message from thread 318-09-2026 00:29:34 [38;5;015m[INFO]: [0mThis is a info message from thread 2018-09-2026 00:29:34 [38;5;009m[ERROR]: [0mThis is a error message from thread 818-09-2026 00:29:34 [38;5;009m[ERROR]: [0mThis is a error message from thread 218-09-2026 00:29:34 [38;5;009m[ERROR]: [0mThis is a error message from thread 318-09-2026 00:29:34 [38;5;117m[DEBUG]: [0mThis is a debug message from thread 318-09-2026 00:29:34 [38;5;009m[ERROR]: [0mThis is a error message from thread 2318-09-2026 00:29:34 [38;5;015m[INFO]: [0mThis is a info message from thread 318-09-2026 00:29:34 [38;5;117m[DEBUG]: [0mThis is a debug message from thread 2118-09-2026 00:29:34 [38;5;009m[ERROR]: [0mThis is a error message from thread 318-09-2026 00:29:34 [38;5;009m[ERROR]: [0mThis is a error message from thread 2418-09-2026 00:29:34 [38;5;117m[DEBUG]: [0mThis is a debug message from thread 2318-09-2026 00:29:34 [38;5;117m[DEBUG]: [0mThis is a debug message from thread 218-09-2026 00:29:34 [38;5;015m[INFO]: [0mThis is a info message from thread 2118-09-2026 00:29:34 [38;5;015m[INFO]: [0mThis is a info message from thread 2318-09-2026 00:29:34 [38;5;015m[INFO]: [0mThis is a info message from thread 218-09-2026 00:29:34 [38;5;009m[ERROR]: [0mThis is a error message from thread 2318-09-2026 00:29:34 [38;5;015m[INFO]: [0mThis is a info message from thread 918-09-2026 00:29:34 [38;5;117m[DEBUG]: [0mThis is a debug message from thread 318-09-2026 00:29:34 [38;5;009m[ERROR]: [0mThis is a error message from thread 1718-09-2026 00:29:34 [38;5;015m[INFO]: [0mThis is a info message from thread 518-09-2026 00:29:34 [38;5;009m[ERROR]: [0mThis is a error message from thread 218-09-2026 00:29:34 [38;5;015m[INFO]: [0mThis is a info message from thread 2918-09-2026 00:29:34 [38;5;009m[ERROR]: [0mThis is a error message from thread 1118-09-2026 00:29:34 [38;5;015m[INFO]: [0mThis is a info message from thread 418-09-2026 00:29:34 [38;5;009m[ERROR]: [0mThis is a error message from thread 2618-09-2026 00:29:34 [38;5;117m[DEBUG]: [0mThis is a debug message from thread 1018-09-2026 00:29:34 [38;5;009m[ERROR]: [0mThis is a error message from thread 2918-09-2026 00:29:34 [38;5;015m[INFO]: [0mThis is a info message from thread 1018-09-2026 00:29:34 [38;5;009m[ERROR]: [0mThis is a error message from thread 2118-09-2026 00:29:34 [38;5;015m[INFO]: [0mThis is a info message from thread 618-09-2026 00:29:34 [38;5;009m[ERROR]: [0mThis is a error message from thread 2018-09-2026 00:29:34 [38;5;117m[DEBUG]: [0mThis is a debug message from thread 1118-09-2026 00:29:34 [38;5;009m[ERROR]: [0mThis is a error message from thread 918-09-2026 00:29:34 [38;5;015m[INFO]: [0mThis is a info message from thread 318-09-2026 00:29:34 [38;5;117m[DEBUG]: [0mThis is a debug message from thread 218-09-2026 00:29:34 [38;5;117m[DEBUG]: [0mThis is a debug message from thread 2018-09-2026 00:29:34 [38;5;009m[ERROR]: [0mThis is a error message from thread 418-09-2026 00:29:34 [38;5;015m[INFO]: [0mThis is a info message from thread 1218-09-2026 00:29:34 [38;5;009m[ERROR]: [0mThis is a error message from thread 1418-09-2026 00:29:34 [38;5;117m[DEBUG]: [0mThis is a debug message from thread 2418-09-2026 00:29:34 [38;5;015m[INFO]: [0mThis is a info message from thread 1818-09-2026 00:29:34 [38;5;117m[DEBUG]: [0mThis is a debug message from thread 418-09-2026 00:29:34 [38;5;009m[ERROR]: [0mThis is a error message from thread 518-09-2026 00:29:34 [38;5;015m[INFO]: [0mThis is a info message from thread 2718-09-2026 00:29:34 [38;5;117m[DEBUG]: [0mThis is a debug message from thread 2318-09-2026 00:29:34 [38;5;117m[DEBUG]: [0mThis is a debug message from thread 1418-09-2026 00:29:34 [38;5;015m[INFO]: [0mThis is a info message from thread 2418-09-2026 00:29:34 [38;5;009m[ERROR]: [0mThis is a error message from thread 1218-09-2026 00:29:34 [38;5;009m[ERROR]: [0mThis is a error message from thread 1818-09-2026 00:29:34 [38;5;015m[INFO]: [0mThis is a info message from thread 2018-09-2026 00:29:34 [38;5;015m[INFO]: [0mThis is a info message from thread 1518-09-2026 00:29:34 [38;5;117m[DEBUG]: [0mThis is a debug message from thread 2618-09-2026 00:29:34 [38;5;009m[ERROR]: [0mThis is a error message from thread 2418-09-2026 00:29:34 [38;5;009m[ERROR]: [0mThis is a error message from thread 2718-09-2026 00:29:34 [38;5;015m[INFO]: [0mThis is a info message from thread 1418-09-2026 00:29:34 [38;5;009m[ERROR]: [0mThis is a error message from thread 2818-09-2026 00:29:34 [38;5;117m[DEBUG]: [0mThis is a debug message from thread 2918-09-2026 00:29:34 [38;5;009m[ERROR]: [0mThis is a error message from thread 1418-09-2026 00:29:34 [38;5;015m[INFO]: [0mThis is a info message from thread 1918-09-2026 00:29:34 [38;5;117m[DEBUG]: [0mThis is a debug message from thread 918-09-2026 00:29:34 [38;5;015m[INFO]: [0mThis is a info message from thread 018-09-2026 00:29:34 [38;5;015m[INFO]: [0mThis is a info message from thread 2318-09-2026 00:29:34 [38;5;015m[INFO]: [0mThis is a info message from thread 418-09-2026 00:29:34 [38;5;009m[ERROR]: [0mThis is a error message from thread 1518-09-2026 00:29:34 [38;5;117m[DEBUG]: [0mThis is a debug message from thread 1818-09-2026 00:29:34 [38;5;117m[DEBUG]: [0mThis is a debug message from thread 2418-09-2026 00:29:34 [38;5;009m[ERROR]: [0mThis is a error message from thread 2018-09-2026 00:29:34 [38;5;117m[DEBUG]: [0mThis is a debug message from thread 1418-09-2026 00:29:34 [38;5;117m[DEBUG]: [0mThis is a debug message from thread 2818-09-2026 00:29:34 [38;5;015m[INFO]: [0mThis is a info message from thread 918-09-2026 00:29:34 [38;5;117m[DEBUG]: [0mThis is a debug message from thread 1518-09-2026 00:29:34 [38;5;117m[DEBUG]: [0mThis is a debug message from thread 2018-09-2026 00:29:34 [38;5;015m[INFO]: [0mThis is a info message from thread 1418-09-2026 00:29:34 [38;5;009m[ERROR]: [0mThis is a error message from thread 2318-09-2026 00:29:34 [38;5;009m[ERROR]: [0mThis is a error message from thread 1418-09-2026 00:29:34 [38;5;009m[ERROR]: [0mThis is a error message from thread 918-09-2026 00:29:34 [38;5;117m[DEBUG]: [0mThis is a debug message from thread 1418-09-2026 00:29:34 [38;5;009m[ERROR]: [0mThis is a error message from thread 018-09-2026 00:29:34 [38;5;015m[INFO]: [0mThis is a info message from thread 1518-09-2026 00:29:34 [38;5;015m[INFO]: [0mThis is a info message from thread 1418-09-2026 00:29:34 [38;5;117m[DEBUG]: [0mThis is a debug message from thread 918-09-2026 00:29:34 [38;5;009m[ERROR]: [0mThis is a error message from thread 1418-09-2026 00:29:34 [38;5;015m[INFO]: [0mThis is a info message from thread 1818-09-2026 00:29:34 [38;5;117m[DEBUG]: [0mThis is a debug message from thread 018-09-2026 00:29:34 [38;5;015m[INFO]: [0mThis is a info message from thread 018-09-2026 00:29:34 [38;5;009m[ERROR]: [0mThis is a error message from thread 1918-09-2026 00:29:34 [38;5;009m[ERROR]: [0mThis is a error message from thread 018-09-2026 00:29:34 [38;5;117m[DEBUG]: [0mThis is a debug message from thread 1418-09-2026 00:29:34 [38;5;015m[INFO]: [0mThis is a info message from thread 2018-09-2026 00:29:34 [38;5;015m[INFO]: [0mThis is a info message from thread 918-09-2026 00:29:34 [38;5;009m[ERROR]: [0mThis is a error message from thread 1818-09-2026 00:29:34 [38;5;009m[ERROR]: [0mThis is a error message from thread 618-09-2026 00:29:34 [38;5;015m[INFO]: [0mThis is a info message from thread 218-09-2026 00:29:34 [38;5;009m[ERROR]: [0mThis is a error message from thread 1518-09-2026 00:29:34 [38;5;117m[DEBUG]: [0mThis is a debug message from thread 1918-09-2026 00:29:34 [38;5;009m[ERROR]: [0mThis is a error message from thread 218-09-2026 00:29:34 [38;5;117m[DEBUG]: [0mThis is a debug message from thread 1818-09-2026 00:29:34 [38;5;009m[ERROR]: [0mThis is a error message from thread 2018-09-2026 00:29:34 [38;5;015m[INFO]: [0mThis is a info message from thread 1418-09-2026 00:29:34 [38;5;015m[INFO]: [0mThis is a info message from thread 1818-09-2026 00:29:34 [38;5;009m[ERROR]: [0mThis is a error message from thread 1818-09-2026 00:29:34 [38;5;009m[ERROR]: [0mThis is a error message from thread 918-09-2026 00:29:34 [38;5;117m[DEBUG]: [0mThis is a debug message from thread 2518-09-2026 00:29:34 [38;5;015m[INFO]: [0mThis is a info message from thread 118-09-2026 00:29:34 [38;5;117m[DEBUG]: [0mThis is a debug message from thread 618-09-2026 00:29:34 [38;5;117m[DEBUG]: [0mThis is a debug message from thread 2018-09-2026 00:29:34 [38;5;009m[ERROR]: [0mThis is a error message from thread 1418-09-2026 00:29:34 [38;5;117m[DEBUG]: [0mThis is a debug message from thread 2118-09-2026 00:29:34 [38;5;117m[DEBUG]: [0mThis is a debug message from thread 918-09-2026 00:29:34 [38;5;117m[DEBUG]: [0mThis is a debug message from thread 2718-09-2026 00:29:34 [38;5;015m[INFO]: [0mThis is a info message from thread 2718-09-2026 00:29:34 [38;5;117m[DEBUG]: [0mThis is a debug message from thread 1418-09-2026 00:29:34 [38;5;009m[ERROR]: [0mThis is a error message from thread 2718-09-2026 00:29:34 [38;5;117m[DEBUG]: [0mThis is a debug message from thread 2718-09-2026 00:29:34 [38;5;117m[DEBUG]: [0mThis is a debug message from thread 218-09-2026 00:29:34 [38;5;015m[INFO]: [0mThis is a info message from thread 918-09-2026 00:29:34 [38;5;009m[ERROR]: [0mThis is a error message from thread 918-09-2026 00:29:34 [38;5;015m[INFO]: [0mThis is a info message from thread 2018-09-2026 00:29:34 [38;5;015m[INFO]: [0mThis is a info message from thread 2818-09-2026 00:29:34 [38;5;015m[INFO]: [0mThis is a info message from thread 618-09-2026 00:29:34 [38;5;015m[INFO]: [0mThis is a info message from thread 1418-09-2026 00:29:34 [38;5;009m[ERROR]: [0mThis is a error message from thread 618-09-2026 00:29:34 [38;5;009m[ERROR]: [0mThis is a error message from thread 1418-09-2026 00:29:34 [38;5;117m[DEBUG]: [0mThis is a debug message from thread 918-09-2026 00:29:34 [38;5;015m[INFO]: [0mThis is a info message from thread 2518-09-2026 00:29:34 [38;5;009m[ERROR]: [0mThis is a error message from thread 1018-09-2026 00:29:34 [38;5;117m[DEBUG]: [0mThis is a debug message from thread 1718-09-2026 00:29:34 [38;5;009m[ERROR]: [0mThis is a error message from thread 2818-09-2026 00:29:34 [38;5;009m[ERROR]: [0mThis is a error message from thread 1318-09-2026 00:29:34 [38;5;009m[ERROR]: [0mThis is a error message from thread 118-09-2026 00:29:34 [38;5;009m[ERROR]: [0mThis is a error message from thread 2518-09-2026 00:29:34 [38;5;117m[DEBUG]: [0mThis is a debug message from thread 1018-09-2026 00:29:34 [38;5;117m[DEBUG]: [0mThis is a debug message from thread 118-09-2026 00:29:34 [38;5;117m[DEBUG]: [0mThis is a debug message from thread 1418-09-2026 00:29:34 [38;5;117m[DEBUG]: [0mThis is a debug message from thread 2818-09-2026 00:29:34 [38;5;015m[INFO]: [0mThis is a info message from thread 1018-09-2026 00:29:34 [38;5;009m[ERROR]: [0mThis is a error message from thread 2018-09-2026 00:29:34 [38;5;009m[ERROR]: [0mThis is a error message from thread 718-09-2026 00:29:34 [38;5;015m[INFO]: [0mThis is a info message from thread 1418-09-2026 00:29:34 [38;5;117m[DEBUG]: [0mThis is a debug message from thread 2218-09-2026 00:29:34 [38;5;015m[INFO]: [0mThis is a info message from thread 218-09-2026 00:29:34 [38;5;015m[INFO]: [0mThis is a info message from thread 1918-09-2026 00:29:34 [38;5;117m[DEBUG]: [0mThis is a debug message from thread 1218-09-2026 00:29:34 [38;5;009m[ERROR]: [0mThis is a error message from thread 418-09-2026 00:29:34 [38;5;117m[DEBUG]: [0mThis is a debug message from thread 018-09-2026 00:29:34 [38;5;117m[DEBUG]: [0mThis is a debug message from thread 2318-09-2026 00:29:34 [38;5;015m[INFO]: [0mThis is a info message from thread 2218-09-2026 00:29:34 [38;5;015m[INFO]: [0mThis is a info message from thread 2418-09-2026 00:29:34 [38;5;009m[ERROR]: [0mThis is a error message from thread 218-09-2026 00:29:34 [38;5;015m[INFO]: [0mThis is a info message from thread 2818-09-2026 00:29:34 [38;5;015m[INFO]: [0mThis is a info message from thread 2718-09-2026 00:29:34 [38;5;015m[INFO]: [0mThis is a info message from thread 2618-09-2026 00:29:34 [38;5;015m[INFO]: [0mThis is a info message from thread 1218-09-2026 00:29:34 [38;5;009m[ERROR]: [0mThis is a error message from thread 2218-09-2026 00:29:34 [38;5;117m[DEBUG]: [0mThis is a debug message from thread 1318-09-2026 00:29:34 [38;5;015m[INFO]: [0mThis is a info message from thread 1718-09-2026 00:29:34 [38;5;117m[DEBUG]: [0mThis is a debug message from thread 1518-09-2026 00:29:34 [38;5;009m[ERROR]: [0mThis is a error message from thread 2818-09-2026 00:29:34 [38;5;009m[ERROR]: [0mThis is a error message from thread 1718-09-2026 00:29:34 [38;5;015m[INFO]: [0mThis is a info message from thread 2318-09-2026 00:29:34 [38;5;117m[DEBUG]: [0mThis is a debug message from thread 2018-09-2026 00:29:34 [38;5;009m[ERROR]: [0mThis is a error message from thread 2718-09-2026 00:29:34 [38;5;015m[INFO]: [0mThis is a info message from thread 118-09-2026 00:29:34 [38;5;009m[ERROR]: [0mThis is a error message from thread 118-09-2026 00:29:34 [38;5;015m[INFO]: [0mThis is a info message from thread 918-09-2026 00:29:34 [38;5;117m[DEBUG]: [0mThis is a debug message from thread 218-09-2026 00:29:34 [38;5;009m[ERROR]: [0mThis is a error message from thread 1218-09-2026 00:29:34 [38;5;117m[DEBUG]: [0mThis is a debug message from thread 1718-09-2026 00:29:34 [38;5;015m[INFO]: [0mThis is a info message from thread 2018-09-2026 00:29:34 [38;5;117m[DEBUG]: [0mThis is a debug message from thread 2218-09-2026 00:29:34 [38;5;015m[INFO]: [0mThis is a info message from thread 1518-09-2026 00:29:34 [38;5;015m[INFO]: [0mThis is a info message from thread 1718-09-2026 00:29:34 [38;5;009m[ERROR]: [0mThis is a error message from thread 2018-09-2026 00:29:34 [38;5;117m[DEBUG]: [0mThis is a debug message from thread 2718-09-2026 00:29:34 [38;5;117m[DEBUG]: [0mThis is a debug message from thread 2018-09-2026 00:29:34 [38;5;015m[INFO]: [0mThis is a info message from thread 2218-09-2026 00:29:34 [38;5;117m[DEBUG]: [0mThis is a debug message from thread 1218-09-2026 00:29:34 [38;5;117m[DEBUG]: [0mThis is a debug message from thread 2818-09-2026 00:29:34 [38;5;009m[ERROR]: [0mThis is a error message from thread 1718-09-2026 00:29:34 [38;5;009m[ERROR]: [0mThis is a error message from thread 918-09-2026 00:29:34 [38;5;015m[INFO]: [0mThis is a info message from thread 218-09-2026 00:29:34 [38;5;015m[INFO]: [0mThis is a info message from thread 2018-09-2026 00:29:34 [38;5;117m[DEBUG]: [0mThis is a debug message from thread 1718-09-2026 00:29:34 [38;5;015m[INFO]: [0mThis is a info message from thread 2818-09-2026 00:29:34 [38;5;009m[ERROR]: [0mThis is a error message from thread 2318-09-2026 00:29:34 [38;5;015m[INFO]: [0mThis is a info message from thread 1718-09-2026 00:29:34 [38;5;009m[ERROR]: [0mThis is a error message from thread 2218-09-2026 00:29:34 [38;5;009m[ERROR]: [0mThis is a error message from thread 1518-09-2026 00:29:34 [38;5;009m[ERROR]: [0mThis is a error message from thread 218-09-2026 00:29:34 [38;5;009m[ERROR]: [0mThis is a error message from thread 318-09-2026 00:29:34 [38;5;117m[DEBUG]: [0mThis is a debug message from thread 118-09-2026 00:29:34 [38;5;015m[INFO]: [0mThis is a info message from thread 2718-09-2026 00:29:34 [38;5;117m[DEBUG]: [0mThis is a debug message from thread 218-09-2026 00:29:34 [38;5;117m[DEBUG]: [0mThis is a debug message from thread 2318-09-2026 00:29:34 [38;5;117m[DEBUG]: [0mThis is a debug message from thread 818-09-2026 00:29:34 [38;5;117m[DEBUG]: [0mThis is a debug message from thread 2218-09-2026 00:29:34 [38;5;009m[ERROR]: [0mThis is a error message from thread 1718-09-2026 00:29:34 [38;5;117m[DEBUG]: [0mThis is a debug message from thread 318-09-2026 00:29:34 [38;5;009m[ERROR]: [0mThis is a error message from thread 2018-09-2026 00:29:34 [38;5;117m[DEBUG]: [0mThis is a debug message from thread 518-09-2026 00:29:34 [38;5;015m[INFO]: [0mThis is a info message from thread 218-09-2026 00:29:34 [38;5;117m[DEBUG]: [0mThis is a debug message from thread 1518-09-2026 00:29:34 [38;5;015m[INFO]: [0mThis is a info message from thread 2918-09-2026 00:29:34 [38;5;015m[INFO]: [0mThis is a info message from thread 818-09-2026 00:29:34 [38;5;117m[DEBUG]: [0mThis is a debug message from thread 2018-09-2026 00:29:34 [38;5;015m[INFO]: [0mThis is a info message from thread 2318-09-2026 00:29:34 [38;5;117m[DEBUG]: [0mThis is a debug message from thread 1718-09-2026 00:29:34 [38;5;009m[ERROR]: [0mThis is a error message from thread 2718-09-2026 00:29:34 [38;5;009m[ERROR]: [0mThis is a error message from thread 818-09-2026 00:29:34 [38;5;015m[INFO]: [0mThis is a info message from thread 2018-09-2026 00:29:34 [38;5;015m[INFO]: [0mThis is a info message from thread 1518-09-2026 00:29:34 [38;5;009m[ERROR]: [0mThis is a error message from thread 218-09-2026 00:29:34 [38;5;009m[ERROR]: [0mThis is a error message from thread 2918-09-2026 00:29:34 [38;5;117m[DEBUG]: [0mThis is a debug message from thread 1818-09-2026 00:29:34 [38;5;015m[INFO]: [0mThis is a info message from thread 1718-09-2026 00:29:34 [38;5;117m[DEBUG]: [0mThis is a debug message from thread 2918-09-2026 00:29:34 [38;5;009m[ERROR]: [0mThis is a error message from thread 1518-09-2026 00:29:34 [38;5;015m[INFO]: [0mThis is a info message from thread 018-09-2026 00:29:34 [38;5;009m[ERROR]: [0mThis is a error message from thread 2318-09-2026 00:29:34 [38;5;015m[INFO]: [0mThis is a info message from thread 1818-09-2026 00:29:34 [38;5;009m[ERROR]: [0mThis is a error message from thread 1718-09-2026 00:29:34 [38;5;117m[DEBUG]: [0mThis is a debug message from thread 818-09-2026 00:29:34 [38;5;117m[DEBUG]: [0mThis is a debug message from thread 718-09-2026 00:29:34 [38;5;117m[DEBUG]: [0mThis is a debug message from thread 2518-09-2026 00:29:34 [38;5;009m[ERROR]: [0mThis is a error message from thread 018-09-2026 00:29:34 [38;5;117m[DEBUG]: [0mThis is a debug message from thread 1718-09-2026 00:29:34 [38;5;015m[INFO]: [0mThis is a info message from thread 2518-09-2026 00:29:34 [38;5;015m[INFO]: [0mThis is a info message from thread 2918-09-2026 00:29:34 [38;5;009m[ERROR]: [0mThis is a error message from thread 1918-09-2026 00:29:34 [38;5;117m[DEBUG]: [0mThis is a debug message from thread 418-09-2026 00:29:34 [38;5;015m[INFO]: [0mThis is a info message from thread 518-09-2026 00:29:34 [38;5;117m[DEBUG]: [0mThis is a debug message from thread 018-09-2026 00:29:34 [38;5;117m[DEBUG]: [0mThis is a debug message from thread 2318-09-2026 00:29:34 [38;5;009m[ERROR]: [0mThis is a error message from thread 2618-09-2026 00:29:34 [38;5;015m[INFO]: [0mThis is a info message from thread 418-09-2026 00:29:34 [38;5;015m[INFO]: [0mThis is a info message from thread 1318-09-2026 00:29:34 [38;5;015m[INFO]: [0mThis is a info message from thread 2318-09-2026 00:29:34 [38;5;015m[INFO]: [0mThis is a info message from thread 1218-09-2026 00:29:34 [38;5;015m[INFO]: [0mThis is a info message from thread 1718-09-2026 00:29:34 [38;5;117m[DEBUG]: [0mThis is a debug message from thread 918-09-2026 00:29:34 [38;5;009m[ERROR]: [0mThis is a error message from thread 2818-09-2026 00:29:34 [38;5;015m[INFO]: [0mThis is a info message from thread 1118-09-2026 00:29:34 [38;5;117m[DEBUG]: [0mThis is a debug message from thread 1918-09-2026 00:29:34 [38;5;015m[INFO]: [0mThis is a info message from thread 118-09-2026 00:29:34 [38;5;015m[INFO]: [0mThis is a info message from thread 2118-09-2026 00:29:34 [38;5;015m[INFO]: [0mThis is a info message from thread 318-09-2026 00:29:34 [38;5;009m[ERROR]: [0mThis is a error message from thread 418-09-2026 00:29:34 [38;5;009m[ERROR]: [0mThis is a error message from thread 1218-09-2026 00:29:34 [38;5;009m[ERROR]: [0mThis is a error message from thread 1118-09-2026 00:29:34 [38;5;009m[ERROR]: [0mThis is a error message from thread 118-09-2026 00:29:34 [38;5;117m[DEBUG]: [0mThis is a debug message from thread 1218-09-2026 00:29:34 [38;5;117m[DEBUG]: [0mThis is a debug message from thread 1518-09-2026 00:29:34 [38;5;015m[INFO]: [0mThis is a info message from thread 1218-09-2026 00:29:34 [38;5;117m[DEBUG]: [0mThis is a debug message from thread 2818-09-2026 00:29:34 [38;5;009m[ERROR]: [0mThis is a error message from thread 1718-09-2026 00:29:34 [38;5;009m[ERROR]: [0mThis is a error message from thread 1818-09-2026 00:29:34 [38;5;009m[ERROR]: [0mThis is a error message from thread 2318-09-2026 00:29:34 [38;5;009m[ERROR]: [0mThis is a error message from thread 1218-09-2026 00:29:34 [38;5;009m[ERROR]: [0mThis is a error message from thread 1018-09-2026 00:29:34 [38;5;117m[DEBUG]: [0mThis is a debug message from thread 2718-09-2026 00:29:34 [38;5;015m[INFO]: [0mThis is a info message from thread 918-09-2026 00:29:34 [38;5;015m[INFO]: [0mThis is a info message from thread 718-09-2026 00:29:34 [38;5;009m[ERROR]: [0mThis is a error message from thread 2918-09-2026 00:29:34 [38;5;009m[ERROR]: [0mThis is a error message from thread 2418-09-2026 00:29:34 [38;5;117m[DEBUG]: [0mThis is a debug message from thread 118-09-2026 00:29:34 [38;5;009m[ERROR]: [0mThis is a error message from thread 1418-09-2026 00:29:34 [38;5;009m[ERROR]: [0mThis is a error message from thread 1318-09-2026 00:29:34 [38;5;117m[DEBUG]: [0mThis is a debug message from thread 1218-09-2026 00:29:34 [38;5;117m[DEBUG]: [0mThis is a debug message from thread 2418-09-2026 00:29:34 [38;5;117m[DEBUG]: [0mThis is a debug message from thread 2618-09-2026 00:29:34 [38;5;015m[INFO]: [0mThis is a info message from thread 1218-09-2026 00:29:34 [38;5;015m[INFO]: [0mThis is a info message from thread 118-09-2026 00:29:34 [38;5;117m[DEBUG]: [0mThis is a debug message from thread 1318-09-2026 00:29:34 [38;5;009m[ERROR]: [0mThis is a error message from thread 718-09-2026 00:29:34 [38;5;015m[INFO]: [0mThis is a info message from thread 018-09-2026 00:29:34 [38;5;015m[INFO]: [0mThis is a info message from thread 2418-09-2026 00:29:34 [38;5;015m[INFO]: [0mThis is a info message from thread 1318-09-2026 00:29:34 [38;5;009m[ERROR]: [0mThis is a error message from thread 918-09-2026 00:29:34 [38;5;117m[DEBUG]: [0mThis is a debug message from thread 2318-09-2026 00:29:34 [38;5;009m[ERROR]: [0mThis is a error message from thread 2418-09-2026 00:29:34 [38;5;015m[INFO]: [0mThis is a info message from thread 2718-09-2026 00:29:34 [38;5;009m[ERROR]: [0mThis is a error message from thread 1318-09-2026 00:29:34 [38;5;009m[ERROR]: [0mThis is a error message from thread 018-09-2026 00:29:34 [38;5;117m[DEBUG]: [0mThis is a debug message from thread 1118-09-2026 00:29:34 [38;5;117m[DEBUG]: [0mThis is a debug message from thread 2418-09-2026 00:29:34 [38;5;117m[DEBUG]: [0mThis is a debug message from thread 1018-09-2026 00:29:34 [38;5;009m[ERROR]: [0mThis is a error message from thread 1218-09-2026 00:29:34 [38;5;009m[ERROR]: [0mThis is a error message from thread 2718-09-2026 00:29:34 [38;5;015m[INFO]: [0mThis is a info message from thread 2418-09-2026 00:29:34 [38;5;117m[DEBUG]: [0mThis is a debug message from thread 918-09-2026 00:29:34 [38;5;009m[ERROR]: [0mThis is a error message from thread 2018-09-2026 00:29:34 [38;5;117m[DEBUG]: [0mThis is a debug message from thread 1218-09-2026 00:29:34 [38;5;117m[DEBUG]: [0mThis is a debug message from thread 1718-09-2026 00:29:34 [38;5;015m[INFO]: [0mThis is a info message from thread 1118-09-2026 00:29:34 [38;5;117m[DEBUG]: [0mThis is a debug message from thread 2018-09-2026 00:29:34 [38;5;009m[ERROR]: [0mThis is a error message from thread 2418-09-2026 00:29:34 [38;5;015m[INFO]: [0mThis is a info message from thread 1018-09-2026 00:29:34 [38;5;009m[ERROR]: [0mThis is a error message from thread 118-09-2026 00:29:34 [38;5;015m[INFO]: [0mThis is a info message from thread 1518-09-2026 00:29:34 [38;5;015m[INFO]: [0mThis is a info message from thread 2818-09-2026 00:29:34 [38;5;117m[DEBUG]: [0mThis is a debug message from thread 1618-09-2026 00:29:34 [38;5;015m[INFO]: [0mThis is a info message from thread 1618-09-2026 00:29:34 [38;5;117m[DEBUG]: [0mThis is a debug message from thread 2718-09-2026 00:29:34 [38;5;117m[DEBUG]: [0mThis is a debug message from thread 2418-09-2026 00:29:34 [38;5;009m[ERROR]: [0mThis is a error message from thread 518-09-2026 00:29:34 [38;5;015m[INFO]: [0mThis is a info message from thread 2318-09-2026 00:29:34 [38;5;015m[INFO]: [0mThis is a info message from thread 818-09-2026 00:29:34 [38;5;009m[ERROR]: [0mThis is a error message from thread 318-09-2026 00:29:34 [38;5;117m[DEBUG]: [0mThis is a debug message from thread 1818-09-2026 00:29:34 [38;5;015m[INFO]: [0mThis is a info message from thread 2018-09-2026 00:29:34 [38;5;015m[INFO]: [0mThis is a info message from thread 1818-09-2026 00:29:34 [38;5;015m[INFO]: [0mThis is a info message from thread 2418-09-2026 00:29:34 [38;5;117m[DEBUG]: [0mThis is a debug message from thread 518-09-2026 00:29:34 [38;5;015m[INFO]: [0mThis is a info message from thread 518-09-2026 00:29:34 [38;5;009m[ERROR]: [0mThis is a error message from thread 2418-09-2026 00:29:34 [38;5;009m[ERROR]: [0mThis is a error message from thread 1818-09-2026 00:29:34 [38;5;015m[INFO]: [0mThis is a info message from thread 2718-09-2026 00:29:34 [38;5;009m[ERROR]: [0mThis is a error message from thread 1518-09-2026 00:29:34 [38;5;009m[ERROR]: [0mThis is a error message from thread 2318-09-2026 00:29:34 [38;5;117m[DEBUG]: [0mThis is a debug message from thread 1818-09-2026 00:29:34 [38;5;117m[DEBUG]: [0mThis is a debug message from thread 2418-09-2026 00:29:34 [38;5;009m[ERROR]: [0mThis is a error message from thread 818-09-2026 00:29:34 [38;5;009m[ERROR]: [0mThis is a error message from thread 2518-09-2026 00:29:34 [38;5;117m[DEBUG]: [0mThis is a debug message from thread 818-09-2026 00:29:34 [38;5;009m[ERROR]: [0mThis is a error message from thread 2818-09-2026 00:29:34 [38;5;015m[INFO]: [0mThis is a info message from thread 1818-09-2026 00:29:34 [38;5;117m[DEBUG]: [0mThis is a debug message from thread 618-09-2026 00:29:34 [38;5;117m[DEBUG]: [0mThis is a debug message from thread 2518-09-2026 00:29:34 [38;5;117m[DEBUG]: [0mThis is a debug message from thread 2918-09-2026 00:29:34 [38;5;015m[INFO]: [0mThis is a info message from thread 818-09-2026 00:29:34 [38;5;117m[DEBUG]: [0mThis is a debug message from thread 318-09-2026 00:29:34 [38;5;015m[INFO]: [0mThis is a info message from thread 1918-09-2026 00:29:34 [38;5;117m[DEBUG]: [0mThis is a debug message from thread 2818-09-2026 00:29:34 [38;5;009m[ERROR]: [0mThis is a error message from thread 1818-09-2026 00:29:34 [38;5;015m[INFO]: [0mThis is a info message from thread 2518-09-2026 00:29:34 [38;5;015m[INFO]: [0mThis is a info message from thread 618-09-2026 00:29:34 [38;5;015m[INFO]: [0mThis is a info message from thread 918-09-2026 00:29:34 [38;5;015m[INFO]: [0mThis is a info message from thread 2818-09-2026 00:29:34 [38;5;015m[INFO]: [0mThis is a info message from thread 318-09-2026 00:29:34 [38;5;117m[DEBUG]: [0mThis is a debug message from thread 418-09-2026 00:29:34 [38;5;009m[ERROR]: [0mThis is a error message from thread 618-09-2026 00:29:34 [38;5;009m[ERROR]: [0mThis is a error message from thread 2518-09-2026 00:29:34 [38;5;117m[DEBUG]: [0mThis is a debug message from thread 218-09-2026 00:29:34 [38;5;009m[ERROR]: [0mThis is a error message from thread 518-09-2026 00:29:34 [38;5;009m[ERROR]: [0mThis is a error message from thread 2718-09-2026 00:29:34 [38;5;117m[DEBUG]: [0mThis is a debug message from thread 2518-09-2026 00:29:34 [38;5;009m[ERROR]: [0mThis is a error message from thread 2818-09-2026 00:29:34 [38;5;015m[INFO]: [0mThis is a info message from thread 418-09-2026 00:29:34 [38;5;117m[DEBUG]: [0mThis is a debug message from thread 2718-09-2026 00:29:34 [38;5;015m[INFO]: [0mThis is a info message from thread 2518-09-2026 00:29:34 [38;5;015m[INFO]: [0mThis is a info message from thread 2418-09-2026 00:29:34 [38;5;117m[DEBUG]: [0mThis is a debug message from thread 618-09-2026 00:29:34 [38;5;117m[DEBUG]: [0mThis is a debug message from thread 1318-09-2026 00:29:34 [38;5;117m[DEBUG]: [0mThis is a debug message from thread 2318-09-2026 00:29:34 [38;5;015m[INFO]: [0mThis is a info message from thread 1718-09-2026 00:29:34 [38;5;015m[INFO]: [0mThis is a info message from thread 2918-09-2026 00:29:34 [38;5;009m[ERROR]: [0mThis is a error message from thread 418-09-2026 00:29:34 [38;5;117m[DEBUG]: [0mThis is a debug message from thread 1518-09-2026 00:29:34 [38;5;117m[DEBUG]: [0mThis is a debug message from thread 1818-09-2026 00:29:34 [38;5;015m[INFO]: [0mThis is a info message from thread 2318-09-2026 00:29:34 [38;5;009m[ERROR]: [0mThis is a error message from thread 2918-09-2026 00:29:34 [38;5;009m[ERROR]: [0mThis is a error message from thread 818-09-2026 00:29:34 [38;5;015m[INFO]: [0mThis is a info message from thread 1318-09-2026 00:29:34 [38;5;009m[ERROR]: [0mThis is a error message from thread 918-09-2026 00:29:34 [38;5;117m[DEBUG]: [0mThis is a debug message from thread 2918-09-2026 00:29:34 [38;5;117m[DEBUG]: [0mThis is a debug message from thread 818-09-2026 00:29:34 [38;5;009m[ERROR]: [0mThis is a error message from thread 2318-09-2026 00:29:34 [38;5;117m[DEBUG]: [0mThis is a debug message from thread 2818-09-2026 00:29:34 [38;5;015m[INFO]: [0mThis is a info message from thread 2218-09-2026 00:29:34 [38;5;009m[ERROR]: [0mThis is a error message from thread 1918-09-2026 00:29:34 [38;5;009m[ERROR]: [0mThis is a error message from thread 1318-09-2026 00:29:34 [38;5;015m[INFO]: [0mThis is a info message from thread 2918-09-2026 00:29:34 [38;5;117m[DEBUG]: [0mThis is a debug message from thread 1918-09-2026 00:29:34 [38;5;117m[DEBUG]: [0mThis is a debug message from thread 118-09-2026 00:29:34 [38;5;009m[ERROR]: [0mThis is a error message from thread 2018-09-2026 00:29:34 [38;5;009m[ERROR]: [0mThis is a error message from thread 1618-09-2026 00:29:34 [38;5;117m[DEBUG]: [0mThis is a debug message from thread 418-09-2026 00:29:34 [38;5;015m[INFO]: [0mThis is a info message from thread 2818-09-2026 00:29:34 [38;5;015m[INFO]: [0mThis is a info message from thread 2718-09-2026 00:29:34 [38;5;009m[ERROR]: [0mThis is a error message from thread 1018-09-2026 00:29:34 [38;5;117m[DEBUG]: [0mThis is a debug message from thread 2018-09-2026 00:29:34 [38;5;117m[DEBUG]: [0mThis is a debug message from thread 1618-09-2026 00:29:34 [38;5;015m[INFO]: [0mThis is a info message from thread 418-09-2026 00:29:34 [38;5;009m[ERROR]: [0mThis is a error message from thread 2818-09-2026 00:29:34 [38;5;009m[ERROR]: [0mThis is a error message from thread 2718-09-2026 00:29:34 [38;5;015m[INFO]: [0mThis is a info message from thread 1618-09-2026 00:29:34 [38;5;117m[DEBUG]: [0mThis is a debug message from thread 2818-09-2026 00:29:34 [38;5;015m[INFO]: [0mThis is a info message from thread 1518-09-2026 00:29:34 [38;5;015m[INFO]: [0mThis is a info message from thread 2018-09-2026 00:29:34 [38;5;117m[DEBUG]: [0mThis is a debug message from thread 1018-09-2026 00:29:34 [38;5;009m[ERROR]: [0mThis is a error message from thread 2018-09-2026 00:29:34 [38;5;117m[DEBUG]: [0mThis is a debug message from thread 2718-09-2026 00:29:34 [38;5;015m[INFO]: [0mThis is a info message from thread 818-09-2026 00:29:34 [38;5;015m[INFO]: [0mThis is a info message from thread 118-09-2026 00:29:34 [38;5;015m[INFO]: [0mThis is a info message from thread 2718-09-2026 00:29:34 [38;5;009m[ERROR]: [0mThis is a error message from thread 1518-09-2026 00:29:34 [38;5;009m[ERROR]: [0mThis is a error message from thread 118-09-2026 00:29:34 [38;5;015m[INFO]: [0mThis is a info message from thread 2618-09-2026 00:29:34 [38;5;015m[INFO]: [0mThis is a info message from thread 2818-09-2026 00:29:34 [38;5;117m[DEBUG]: [0mThis is a debug message from thread 118-09-2026 00:29:34 [38;5;009m[ERROR]: [0mThis is a error message from thread 2218-09-2026 00:29:34 [38;5;009m[ERROR]: [0mThis is a error message from thread 2518-09-2026 00:29:34 [38;5;009m[ERROR]: [0mThis is a error message from thread 2718-09-2026 00:29:34 [38;5;009m[ERROR]: [0mThis is a error message from thread 2118-09-2026 00:29:34 [38;5;117m[DEBUG]: [0mThis is a debug message from thread 2218-09-2026 00:29:34 [38;5;117m[DEBUG]: [0mThis is a debug message from thread 1418-09-2026 00:29:34 [38;5;015m[INFO]: [0mThis is a info message from thread 2218-09-2026 00:29:34 [38;5;117m[DEBUG]: [0mThis is a debug message from thread 2518-09-2026 00:29:34 [38;5;015m[INFO]: [0mThis is a info message from thread 1218-09-2026 00:29:34 [38;5;015m[INFO]: [0mThis is a info message from thread 2518-09-2026 00:29:34 [38;5;015m[INFO]: [0mThis is a info message from thread 1818-09-2026 00:29:34 [38;5;117m[DEBUG]: [0mThis is a debug message from thread 2718-09-2026 00:29:34 [38;5;009m[ERROR]: [0mThis is a error message from thread 1818-09-2026 00:29:34 [38;5;009m[ERROR]: [0mThis is a error message from thread 2618-09-2026 00:29:34 [38;5;015m[INFO]: [0mThis is a info message from thread 2718-09-2026 00:29:34 [38;5;015m[INFO]: [0mThis is a info message from thread 118-09-2026 00:29:34 [38;5;009m[ERROR]: [0mThis is a error message from thread 1218-09-2026 00:29:34 [38;5;009m[ERROR]: [0mThis is a error message from thread 2518-09-2026 00:29:34 [38;5;117m[DEBUG]: [0mThis is a debug message from thread 1818-09-2026 00:29:34 [38;5;009m[ERROR]: [0mThis is a error message from thread 1718-09-2026 00:29:34 [38;5;015m[INFO]: [0mThis is a info message from thread 1418-09-2026 00:29:34 [38;5;117m[DEBUG]: [0mThis is a debug message from thread 518-09-2026 00:29:34 [38;5;117m[DEBUG]: [0mThis is a debug message from thread 718-09-2026 00:29:34 [38;5;009m[ERROR]: [0mThis is a error message from thread 2818-09-2026 00:29:34 [38;5;117m[DEBUG]: [0mThis is a debug message from thread 2118-09-2026 00:29:34 [38;5;117m[DEBUG]: [0mThis is a debug message from thread 1518-09-2026 00:29:34 [38;5;117m[DEBUG]: [0mThis is a debug message from thread 2818-09-2026 00:29:34 [38;5;117m[DEBUG]: [0mThis is a debug message from thread 918-09-2026 00:29:34 [38;5;015m[INFO]: [0mThis is a info message from thread 1918-09-2026 00:29:34 [38;5;117m[DEBUG]: [0mThis is a debug message from thread 2618-09-2026 00:29:34 [38;5;015m[INFO]: [0mThis is a info message from thread 718-09-2026 00:29:34 [38;5;117m[DEBUG]: [0mThis is a debug message from thread 2518-09-2026 00:29:34 [38;5;015m[INFO]: [0mThis is a info message from thread 1518-09-2026 00:29:34 [38;5;009m[ERROR]: [0mThis is a error message from thread 718-09-2026 00:29:34 [38;5;015m[INFO]: [0mThis is a info message from thread 918-09-2026 00:29:34 [38;5;117m[DEBUG]: [0mThis is a debug message from thread 018-09-2026 00:29:34 [38;5;009m[ERROR]: [0mThis is a error message from thread 2918-09-2026 00:29:34 [38;5;015m[INFO]: [0mThis is a info message from thread 618-09-2026 00:29:34 [38;5;009m[ERROR]: [0mThis is a error message from thread 1418-09-2026 00:29:34 [38;5;015m[INFO]: [0mThis is a info message from thread 018-09-2026 00:29:34 [38;5;015m[INFO]: [0mThis is a info message from thread 2618-09-2026 00:29:34 [38;5;015m[INFO]: [0mThis is a info message from thread 1018-09-2026 00:29:34 [38;5;009m[ERROR]: [0mThis is a error message from thread 1118-09-2026 00:29:34 [38;5;009m[ERROR]: [0mThis is a error message from thread 918-09-2026 00:29:34 [38;5;117m[DEBUG]: [0mThis is a debug message from thread 1318-09-2026 00:29:34 [38;5;009m[ERROR]: [0mThis is a error message from thread 318-09-2026 00:29:34 [38;5;009m[ERROR]: [0mThis is a error message from thread 2418-09-2026 00:29:34 [38;5;009m[ERROR]: [0mThis is a error message from thread 1618-09-2026 00:29:34 [38;5;009m[ERROR]: [0mThis is a error message from thread 618-09-2026 00:29:34 [38;5;009m[ERROR]: [0mThis is a error message from thread 1518-09-2026 00:29:34 [38;5;009m[ERROR]: [0mThis is a error message from thread 418-09-2026 00:29:34 [38;5;117m[DEBUG]: [0mThis is a debug message from thread 1218-09-2026 00:29:34 [38;5;009m[ERROR]: [0mThis is a error message from thread 2218-09-2026 00:29:34 [38;5;009m[ERROR]: [0mThis is a error message from thread 1018-09-2026 00:29:34 [38;5;117m[DEBUG]: [0mThis is a debug message from thread 418-09-2026 00:29:34 [38;5;009m[ERROR]: [0mThis is a error message from thread 2618-09-2026 00:29:34 [38;5;117m[DEBUG]: [0mThis is a debug message from thread 618-09-2026 00:29:34 [38;5;015m[INFO]: [0mThis is a info message from thread 1318-09-2026 00:29:34 [38;5;117m[DEBUG]: [0mThis is a debug message from thread 1118-09-2026 00:29:34 [38;5;117m[DEBUG]: [0mThis is a debug message from thread 2318-09-2026 00:29:34 [38;5;009m[ERROR]: [0mThis is a error message from thread 818-09-2026 00:29:34 [38;5;117m[DEBUG]: [0mThis is a debug message from thread 1618-09-2026 00:29:34 [38;5;117m[DEBUG]: [0mThis is a debug message from thread 2918-09-2026 00:29:34 [38;5;009m[ERROR]: [0mThis is a error message from thread 2718-09-2026 00:29:34 [38;5;015m[INFO]: [0mThis is a info message from thread 2818-09-2026 00:29:34 [38;5;015m[INFO]: [0mThis is a info message from thread 1618-09-2026 00:29:34 [38;5;117m[DEBUG]: [0mThis is a debug message from thread 1018-09-2026 00:29:34 [38;5;015m[INFO]: [0mThis is a info message from thread 1818-09-2026 00:29:34 [38;5;117m[DEBUG]: [0mThis is a debug message from thread 718-09-2026 00:29:34 [38;5;009m[ERROR]: [0mThis is a error message from thread 1318-09-2026 00:29:34 [38;5;015m[INFO]: [0mThis is a info message from thread 2118-09-2026 00:29:34 [38;5;015m[INFO]: [0mThis is a info message from thread 2518-09-2026 00:29:34 [38;5;015m[INFO]: [0mThis is a info message from thread 618-09-2026 00:29:34 [38;5;015m[INFO]: [0mThis is a info message from thread 2318-09-2026 00:29:34 [38;5;009m[ERROR]: [0mThis is a error message from thread 1918-09-2026 00:29:34 [38;5;009m[ERROR]: [0mThis is a error message from thread 1618-09-2026 00:29:34 [38;5;009m[ERROR]: [0mThis is a error message from thread 2818-09-2026 00:29:34 [38;5;015m[INFO]: [0mThis is a info message from thread 1218-09-2026 00:29:34 [38;5;117m[DEBUG]: [0mThis is a debug message from thread 1518-09-2026 00:29:34 [38;5;009m[ERROR]: [0mThis is a error message from thread 018-09-2026 00:29:34 [38;5;009m[ERROR]: [0mThis is a error message from thread 2518-09-2026 00:29:34 [38;5;117m[DEBUG]: [0mThis is a debug message from thread 2518-09-2026 00:29:34 [38;5;117m[DEBUG]: [0mThis is a debug message from thread 2818-09-2026 00:29:34 [38;5;117m[DEBUG]: [0mThis is a debug message from thread 018-09-2026 00:29:34 [38;5;015m[INFO]: [0mThis is a info message from thread 1018-09-2026 00:29:34 [38;5;009m[ERROR]: [0mThis is a error message from thread 1218-09-2026 00:29:34 [38;5;015m[INFO]: [0mThis is a info message from thread 018-09-2026 00:29:34 [38;5;117m[DEBUG]: [0mThis is a debug message from thread 1418-09-2026 00:29:34 [38;5;117m[DEBUG]: [0mThis is a debug message from thread 318-09-2026 00:29:34 [38;5;009m[ERROR]: [0mThis is a error message from thread 2318-09-2026 00:29:34 [38;5;009m[ERROR]: [0mThis is a error message from thread 2118-09-2026 00:29:34 [38;5;015m[INFO]: [0mThis is a info message from thread 418-09-2026 00:29:34 [38;5;015m[INFO]: [0mThis is a info message from thread 318-09-2026 00:29:34 [38;5;015m[INFO]: [0mThis is a info message from thread 2518-09-2026 00:29:34 [38;5;117m[DEBUG]: [0mThis is a debug message from thread 818-09-2026 00:29:34 [38;5;117m[DEBUG]: [0mThis is a debug message from thread 2418-09-2026 00:29:34 [38;5;117m[DEBUG]: [0mThis is a debug message from thread 1618-09-2026 00:29:34 [38;5;117m[DEBUG]: [0mThis is a debug message from thread 2118-09-2026 00:29:34 [38;5;117m[DEBUG]: [0mThis is a debug message from thread 2618-09-2026 00:29:34 [38;5;015m[INFO]: [0mThis is a info message from thread 2118-09-2026 00:29:34 [38;5;117m[DEBUG]: [0mThis is a debug message from thread 1718-09-2026 00:29:34 [38;5;117m[DEBUG]: [0mThis is a debug message from thread 2018-09-2026 00:29:34 [38;5;009m[ERROR]: [0mThis is a error message from thread 1818-09-2026 00:29:34 [38;5;015m[INFO]: [0mThis is a info message from thread 2418-09-2026 00:29:34 [38;5;015m[INFO]: [0mThis is a info message from thread 2818-09-2026 00:29:34 [38;5;117m[DEBUG]: [0mThis is a debug message from thread 1818-09-2026 00:29:34 [38;5;117m[DEBUG]: [0mThis is a debug message from thread 1918-09-2026 00:29:34 [38;5;015m[INFO]: [0mThis is a info message from thread 1618-09-2026 00:29:34 [38;5;117m[DEBUG]: [0mThis is a debug message from thread 1218-09-2026 00:29:34 [38;5;117m[DEBUG]: [0mThis is a debug message from thread 2318-09-2026 00:29:34 [38;5;009m[ERROR]: [0mThis is a error message from thread 1618-09-2026 00:29:34 [38;5;015m[INFO]: [0mThis is a info message from thread 1918-09-2026 00:29:34 [38;5;015m[INFO]: [0mThis is a info message from thread 2318-09-2026 00:29:34 [38;5;015m[INFO]: [0mThis is a info message from thread 1518-09-2026 00:29:34 [38;5;009m[ERROR]: [0mThis is a error message from thread 2418-09-2026 00:29:34 [38;5;015m[INFO]: [0mThis is a info message from thread 818-09-2026 00:29:34 [38;5;009m[ERROR]: [0mThis is a error message from thread 2818-09-2026 00:29:34 [38;5;009m[ERROR]: [0mThis is a error message from thread 618-09-2026 00:29:34 [38;5;015m[INFO]: [0mThis is a info message from thread 2018-09-2026 00:29:34 [38;5;117m[DEBUG]: [0mThis is a debug message from thread 1618-09-2026 00:29:34 [38;5;009m[ERROR]: [0mThis is a error message from thread 2318-09-2026 00:29:34 [38;5;009m[ERROR]: [0mThis is a error message from thread 1918-09-2026 00:29:34 [38;5;015m[INFO]: [0mThis is a info message from thread 2918-09-2026 00:29:34 [38;5;117m[DEBUG]: [0mThis is a debug message from thread 2418-09-2026 00:29:34 [38;5;117m[DEBUG]: [0mThis is a debug message from thread 618-09-2026 00:29:34 [38;5;015m[INFO]: [0mThis is a info message from thread 1718-09-2026 00:29:34 [38;5;015m[INFO]: [0mThis is a info message from thread 1218-09-2026 00:29:34 [38;5;015m[INFO]: [0mThis is a info message from thread 718-09-2026 00:29:34 [38;5;117m[DEBUG]: [0mThis is a debug message from thread 918-09-2026 00:29:34 [38;5;009m[ERROR]: [0mThis is a error message from thread 718-09-2026 00:29:34 [38;5;015m[INFO]: [0mThis is a info message from thread 1618-09-2026 00:29:34 [38;5;117m[DEBUG]: [0mThis is a debug message from thread 718-09-2026 00:29:34 [38;5;117m[DEBUG]: [0mThis is a debug message from thread 1918-09-2026 00:29:34 [38;5;117m[DEBUG]: [0mThis is a debug message from thread 2318-09-2026 00:29:34 [38;5;009m[ERROR]: [0mThis is a error message from thread 2018-09-2026 00:29:34 [38;5;015m[INFO]: [0mThis is a info message from thread 2418-09-2026 00:29:34 [38;5;015m[INFO]: [0mThis is a info message from thread 618-09-2026 00:29:34 [38;5;117m[DEBUG]: [0mThis is a debug message from thread 2018-09-2026 00:29:34 [38;5;015m[INFO]: [0mThis is a info message from thread 2018-09-2026 00:29:34 [38;5;009m[ERROR]: [0mThis is a error message from thread 2018-09-2026 00:29:34 [38;5;009m[ERROR]: [0mThis is a error message from thread 2418-09-2026 00:29:34 [38;5;117m[DEBUG]: [0mThis is a debug message from thread 2418-09-2026 00:29:34 [38;5;015m[INFO]: [0mThis is a info message from thread 918-09-2026 00:29:34 [38;5;015m[INFO]: [0mThis is a info message from thread 718-09-2026 00:29:34 [38;5;117m[DEBUG]: [0mThis is a debug message from thread 2018-09-2026 00:29:34 [38;5;009m[ERROR]: [0mThis is a error message from thread 1618-09-2026 00:29:34 [38;5;009m[ERROR]: [0mThis is a error message from thread 618-09-2026 00:29:34 [38;5;015m[INFO]: [0mThis is a info message from thread 2418-09-2026 00:29:34 [38;5;009m[ERROR]: [0mThis is a error message from thread 918-09-2026 00:29:34 [38;5;015m[INFO]: [0mThis is a info message from thread 2318-09-2026 00:29:34 [38;5;009m[ERROR]: [0mThis is a error message from thread 718-09-2026 00:29:34 [38;5;009m[ERROR]: [0mThis is a error message from thread 2418-09-2026 00:29:34 [38;5;015m[INFO]: [0mThis is a info message from thread 1418-09-2026 00:29:34 [38;5;009m[ERROR]: [0mThis is a error message from thread 418-09-2026 00:29:34 [38;5;117m[DEBUG]: [0mThis is a debug message from thread 2218-09-2026 00:29:34 [38;5;117m[DEBUG]: [0mThis is a debug message from thread 2418-09-2026 00:29:34 [38;5;117m[DEBUG]: [0mThis is a debug message from thread 618-09-2026 00:29:34 [38;5;009m[ERROR]: [0mThis is a error message from thread 1418-09-2026 00:29:34 [38;5;015m[INFO]: [0mThis is a info message from thread 2418-09-2026 00:29:34 [38;5;117m[DEBUG]: [0mThis is a debug message from thread 418-09-2026 00:29:34 [38;5;117m[DEBUG]: [0mThis is a debug message from thread 918-09-2026 00:29:34 [38;5;015m[INFO]: [0mThis is a info message from thread 2218-09-2026 00:29:34 [38;5;009m[ERROR]: [0mThis is a error message from thread 118-09-2026 00:29:34 [38;5;117m[DEBUG]: [0mThis is a debug message from thread 1618-09-2026 00:29:34 [38;5;117m[DEBUG]: [0mThis is a debug message from thread 718-09-2026 00:29:34 [38;5;009m[ERROR]: [0mThis is a error message from thread 2218-09-2026 00:29:34 [38;5;015m[INFO]: [0mThis is a info message from thread 2018-09-2026 00:29:34 [38;5;117m[DEBUG]: [0mThis is a debug message from thread 2718-09-2026 00:29:34 [38;5;117m[DEBUG]: [0mThis is a debug message from thread 1418-09-2026 00:29:34 [38;5;015m[INFO]: [0mThis is a info message from thread 1818-09-2026 00:29:34 [38;5;009m[ERROR]: [0mThis is a error message from thread 1518-09-2026 00:29:34 [38;5;015m[INFO]: [0mThis is a info message from thread 1918-09-2026 00:29:34 [38;5;009m[ERROR]: [0mThis is a error message from thread 2518-09-2026 00:29:34 [38;5;015m[INFO]: [0mThis is a info message from thread 1118-09-2026 00:29:34 [38;5;015m[INFO]: [0mThis is a info message from thread 618-09-2026 00:29:34 [38;5;009m[ERROR]: [0mThis is a error message from thread 1118-09-2026 00:29:34 [38;5;117m[DEBUG]: [0mThis is a debug message from thread 2518-09-2026 00:29:34 [38;5;117m[DEBUG]: [0mThis is a debug message from thread 1318-09-2026 00:29:34 [38;5;009m[ERROR]: [0mThis is a error message from thread 2318-09-2026 00:29:34 [38;5;015m[INFO]: [0mThis is a info message from thread 1618-09-2026 00:29:34 [38;5;117m[DEBUG]: [0mThis is a debug message from thread 2818-09-2026 00:29:34 [38;5;009m[ERROR]: [0mThis is a error message from thread 818-09-2026 00:29:34 [38;5;015m[INFO]: [0mThis is a info message from thread 1418-09-2026 00:29:34 [38;5;009m[ERROR]: [0mThis is a error message from thread 1018-09-2026 00:29:34 [38;5;009m[ERROR]: [0mThis is a error message from thread 1818-09-2026 00:29:34 [38;5;009m[ERROR]: [0mThis is a error message from thread 1618-09-2026 00:29:34 [38;5;009m[ERROR]: [0mThis is a error message from thread 1918-09-2026 00:29:34 [38;5;117m[DEBUG]: [0mThis is a debug message from thread 1118-09-2026 00:29:34 [38;5;015m[INFO]: [0mThis is a info message from thread 418-09-2026 00:29:34 [38;5;015m[INFO]: [0mThis is a info message from thread 2518-09-2026 00:29:34 [38;5;009m[ERROR]: [0mThis is a error message from thread 1718-09-2026 00:29:34 [38;5;015m[INFO]: [0mThis is a info message from thread 2618-09-2026 00:29:34 [38;5;117m[DEBUG]: [0mThis is a debug message from thread 1818-09-2026 00:29:34 [38;5;009m[ERROR]: [0mThis is a error message from thread 1218-09-2026 00:29:34 [38;5;117m[DEBUG]: [0mThis is a debug message from thread 1518-09-2026 00:29:34 [38;5;015m[INFO]: [0mThis is a info message from thread 2818-09-2026 00:29:34 [38;5;015m[INFO]: [0mThis is a info message from thread 1818-09-2026 00:29:34 [38;5;117m[DEBUG]: [0mThis is a debug message from thread 2218-09-2026 00:29:34 [38;5;009m[ERROR]: [0mThis is a error message from thread 418-09-2026 00:29:34 [38;5;009m[ERROR]: [0mThis is a error message from thread 2918-09-2026 00:29:34 [38;5;009m[ERROR]: [0mThis is a error message from thread 2018-09-2026 00:29:34 [38;5;009m[ERROR]: [0mThis is a error message from thread 1418-09-2026 00:29:34 [38;5;117m[DEBUG]: [0mThis is a debug message from thread 2318-09-2026 00:29:34 [38;5;009m[ERROR]: [0mThis is a error message from thread 2518-09-2026 00:29:34 [38;5;015m[INFO]: [0mThis is a info message from thread 518-09-2026 00:29:34 [38;5;117m[DEBUG]: [0mThis is a debug message from thread 118-09-2026 00:29:34 [38;5;015m[INFO]: [0mThis is a info message from thread 2318-09-2026 00:29:34 [38;5;117m[DEBUG]: [0mThis is a debug message from thread 2918-09-2026 00:29:34 [38;5;015m[INFO]: [0mThis is a info message from thread 718-09-2026 00:29:34 [38;5;009m[ERROR]: [0mThis is a error message from thread 2418-09-2026 00:29:34 [38;5;015m[INFO]: [0mThis is a info message from thread 1118-09-2026 00:29:34 [38;5;117m[DEBUG]: [0mThis is a debug message from thread 1618-09-2026 00:29:34 [38;5;117m[DEBUG]: [0mThis is a debug message from thread 2518-09-2026 00:29:34 [38;5;009m[ERROR]: [0mThis is a error message from thread 2118-09-2026 00:29:34 [38;5;117m[DEBUG]: [0mThis is a debug message from thread 1218-09-2026 00:29:34 [38;5;015m[INFO]: [0mThis is a info message from thread 2718-09-2026 00:29:34 [38;5;015m[INFO]: [0mThis is a info message from thread 1618-09-2026 00:29:34 [38;5;009m[ERROR]: [0mThis is a error message from thread 2318-09-2026 00:29:34 [38;5;117m[DEBUG]: [0mThis is a debug message from thread 2118-09-2026 00:29:34 [38;5;009m[ERROR]: [0mThis is a error message from thread 2818-09-2026 00:29:34 [38;5;117m[DEBUG]: [0mThis is a debug message from thread 1418-09-2026 00:29:34 [38;5;009m[ERROR]: [0mThis is a error message from thread 018-09-2026 00:29:34 [38;5;009m[ERROR]: [0mThis is a error message from thread 2718-09-2026 00:29:34 [38;5;009m[ERROR]: [0mThis is a error message from thread 1818-09-2026 00:29:34 [38;5;015m[INFO]: [0mThis is a info message from thread 1418-09-2026 00:29:34 [38;5;015m[INFO]: [0mThis is a info message from thread 2118-09-2026 00:29:34 [38;5;015m[INFO]: [0mThis is a info message from thread 2918-09-2026 00:29:34 [38;5;009m[ERROR]: [0mThis is a error message from thread 2118-09-2026 00:29:34 [38;5;117m[DEBUG]: [0mThis is a debug message from thread 1018-09-2026 00:29:34 [38;5;009m[ERROR]: [0mThis is a error message from thread 618-09-2026 00:29:34 [38;5;009m[ERROR]: [0mThis is a error message from thread 1418-09-2026 00:29:34 [38;5;015m[INFO]: [0mThis is a info message from thread 2218-09-2026 00:29:34 [38;5;117m[DEBUG]: [0mThis is a debug message from thread 818-09-2026 00:29:34 [38;5;009m[ERROR]: [0mThis is a error message from thread 718-09-2026 00:29:34 [38;5;117m[DEBUG]: [0mThis is a debug message from thread 1818-09-2026 00:29:34 [38;5;015m[INFO]: [0mThis is a info message from thread 118-09-2026 00:29:34 [38;5;117m[DEBUG]: [0mThis is a debug message from thread 2418-09-2026 00:29:34 [38;5;015m[INFO]: [0mThis is a info message from thread 1018-09-2026 00:29:34 [38;5;117m[DEBUG]: [0mThis is a debug message from thread 1418-09-2026 00:29:34 [38;5;117m[DEBUG]: [0mThis is a debug message from thread 718-09-2026 00:29:34 [38;5;015m[INFO]: [0mThis is a info message from thread 1418-09-2026 00:29:34 [38;5;015m[INFO]: [0mThis is a info message from thread 1818-09-2026 00:29:34 [38;5;009m[ERROR]: [0mThis is a error message from thread 1018-09-2026 00:29:34 [38;5;009m[ERROR]: [0mThis is a error message from thread 1118-09-2026 00:29:34 [38;5;015m[INFO]: [0mThis is a info message from thread 1518-09-2026 00:29:34 [38;5;009m[ERROR]: [0mThis is a error message from thread 118-09-2026 00:29:34 [38;5;117m[DEBUG]: [0mThis is a debug message from thread 2818-09-2026 00:29:34 [38;5;117m[DEBUG]: [0mThis is a debug message from thread 2318-09-2026 00:29:34 [38;5;009m[ERROR]: [0mThis is a error message from thread 1818-09-2026 00:29:34 [38;5;117m[DEBUG]: [0mThis is a debug message from thread 618-09-2026 00:29:34 [38;5;015m[INFO]: [0mThis is a info message from thread 218-09-2026 00:29:34 [38;5;015m[INFO]: [0mThis is a info message from thread 1218-09-2026 00:29:34 [38;5;009m[ERROR]: [0mThis is a error message from thread 318-09-2026 00:29:34 [38;5;117m[DEBUG]: [0mThis is a debug message from thread 2118-09-2026 00:29:34 [38;5;117m[DEBUG]: [0mThis is a debug message from thread 2018-09-2026 00:29:34 [38;5;009m[ERROR]: [0mThis is a error message from thread 2218-09-2026 00:29:34 [38;5;009m[ERROR]: [0mThis is a error message from thread 218-09-2026 00:29:34 [38;5;015m[INFO]: [0mThis is a info message from thread 2118-09-2026 00:29:34 [38;5;117m[DEBUG]: [0mThis is a debug message from thread 1818-09-2026 00:29:34 [38;5;117m[DEBUG]: [0mThis is a debug message from thread 218-09-2026 00:29:34 [38;5;117m[DEBUG]: [0mThis is a debug message from thread 318-09-2026 00:29:34 [38;5;015m[INFO]: [0mThis is a info message from thread 2518-09-2026 00:29:34 [38;5;015m[INFO]: [0mThis is a info message from thread 2318-09-2026 00:29:34 [38;5;015m[INFO]: [0mThis is a info message from thread 618-09-2026 00:29:34 [38;5;009m[ERROR]: [0mThis is a error message from thread 1618-09-2026 00:29:34 [38;5;015m[INFO]: [0mThis is a info message from thread 2018-09-2026 00:29:34 [38;5;015m[INFO]: [0mThis is a info message from thread 218-09-2026 00:29:34 [38;5;015m[INFO]: [0mThis is a info message from thread 1818-09-2026 00:29:34 [38;5;117m[DEBUG]: [0mThis is a debug message from thread 118-09-2026 00:29:34 [38;5;117m[DEBUG]: [0mThis is a debug message from thread 1618-09-2026 00:29:34 [38;5;015m[INFO]: [0mThis is a info message from thread 718-09-2026 00:29:34 [38;5;009m[ERROR]: [0mThis is a error message from thread 2118-09-2026 00:29:34 [38;5;015m[INFO]: [0mThis is a info message from thread 318-09-2026 00:29:34 [38;5;117m[DEBUG]: [0mThis is a debug message from thread 1018-09-2026 00:29:34 [38;5;009m[ERROR]: [0mThis is a error message from thread 2918-09-2026 00:29:34 [38;5;009m[ERROR]: [0mThis is a error message from thread 518-09-2026 00:29:34 [38;5;009m[ERROR]: [0mThis is a error message from thread 2318-09-2026 00:29:34 [38;5;009m[ERROR]: [0mThis is a error message from thread 718-09-2026 00:29:34 [38;5;117m[DEBUG]: [0mThis is a debug message from thread 2118-09-2026 00:29:34 [38;5;009m[ERROR]: [0mThis is a error message from thread 218-09-2026 00:29:34 [38;5;117m[DEBUG]: [0mThis is a debug message from thread 718-09-2026 00:29:34 [38;5;015m[INFO]: [0mThis is a info message from thread 818-09-2026 00:29:34 [38;5;015m[INFO]: [0mThis is a info message from thread 1018-09-2026 00:29:34 [38;5;015m[INFO]: [0mThis is a info message from thread 1618-09-2026 00:29:34 [38;5;117m[DEBUG]: [0mThis is a debug message from thread 2218-09-2026 00:29:34 [38;5;015m[INFO]: [0mThis is a info message from thread 1318-09-2026 00:29:34 [38;5;009m[ERROR]: [0mThis is a error message from thread 318-09-2026 00:29:34 [38;5;015m[INFO]: [0mThis is a info message from thread 2118-09-2026 00:29:34 [38;5;117m[DEBUG]: [0mThis is a debug message from thread 2718-09-2026 00:29:34 [38;5;117m[DEBUG]: [0mThis is a debug message from thread 018-09-2026 00:29:34 [38;5;117m[DEBUG]: [0mThis is a debug message from thread 218-09-2026 00:29:34 [38;5;009m[ERROR]: [0mThis is a error message from thread 2118-09-2026 00:29:34 [38;5;015m[INFO]: [0mThis is a info message from thread 2218-09-2026 00:29:34 [38;5;009m[ERROR]: [0mThis is a error message from thread 1618-09-2026 00:29:34 [38;5;117m[DEBUG]: [0mThis is a debug message from thread 2118-09-2026 00:29:34 [38;5;009m[ERROR]: [0mThis is a error message from thread 1418-09-2026 00:29:34 [38;5;117m[DEBUG]: [0mThis is a debug message from thread 1118-09-2026 00:29:34 [38;5;117m[DEBUG]: [0mThis is a debug message from thread 1718-09-2026 00:29:34 [38;5;009m[ERROR]: [0mThis is a error message from thread 1818-09-2026 00:29:34 [38;5;009m[ERROR]: [0mThis is a error message from thread 2518-09-2026 00:29:34 [38;5;015m[INFO]: [0mThis is a info message from thread 2818-09-2026 00:29:34 [38;5;009m[ERROR]: [0mThis is a error message from thread 1318-09-2026 00:29:34 [38;5;009m[ERROR]: [0mThis is a error message from thread 2818-09-2026 00:29:34 [38;5;015m[INFO]: [0mThis is a info message from thread 1118-09-2026 00:29:34 [38;5;009m[ERROR]: [0mThis is a error message from thread 2018-09-2026 00:29:34 [38;5;009m[ERROR]: [0mThis is a error message from thread 818-09-2026 00:29:34 [38;5;015m[INFO]: [0mThis is a info message from thread 218-09-2026 00:29:34 [38;5;009m[ERROR]: [0mThis is a error message from thread 2218-09-2026 00:29:34 [38;5;015m[INFO]: [0mThis is a info message from thread 2118-09-2026 00:29:34 [38;5;009m[ERROR]: [0mThis is a error message from thread 1018-09-2026 00:29:34 [38;5;117m[DEBUG]: [0mThis is a debug message from thread 1418-09-2026 00:29:34 [38;5;015m[INFO]: [0mThis is a info message from thread 1718-09-2026 00:29:34 [38;5;009m[ERROR]: [0mThis is a error message from thread 2118-09-2026 00:29:34 [38;5;117m[DEBUG]: [0mThis is a debug message from thread 1018-09-2026 00:29:34 [38;5;015m[INFO]: [0mThis is a info message from thread 2718-09-2026 00:29:34 [38;5;009m[ERROR]: [0mThis is a error message from thread 2718-09-2026 00:29:34 [38;5;015m[INFO]: [0mThis is a info message from thread 1418-09-2026 00:29:34 [38;5;117m[DEBUG]: [0mThis is a debug message from thread 2118-09-2026 00:29:34 [38;5;117m[DEBUG]: [0mThis is a debug message from thread 2718-09-2026 00:29:34 [38;5;009m[ERROR]: [0mThis is a error message from thread 1718-09-2026 00:29:34 [38;5;015m[INFO]: [0mThis is a info message from thread 2118-09-2026 00:29:34 [38;5;117m[DEBUG]: [0mThis is a debug message from thread 1718-09-2026 00:29:34 [38;5;117m[DEBUG]: [0mThis is a debug message from thread 1818-09-2026 00:29:34 [38;5;015m[INFO]: [0mThis is a info message from thread 1718-09-2026 00:29:34 [38;5;015m[INFO]: [0mThis is a info message from thread 1818-09-2026 00:29:34 [38;5;009m[ERROR]: [0mThis is a error message from thread 1418-09-2026 00:29:34 [38;5;009m[ERROR]: [0mThis is a error message from thread 1818-09-2026 00:29:34 [38;5;015m[INFO]: [0mThis is a info message from thread 2718-09-2026 00:29:34 [38;5;009m[ERROR]: [0mThis is a error message from thread 2118-09-2026 00:29:34 [38;5;009m[ERROR]: [0mThis is a error message from thread 2718-09-2026 00:29:34 [38;5;117m[DEBUG]: [0mThis is a debug message from thread 1418-09-2026 00:29:34 [38;5;009m[ERROR]: [0mThis is a error message from thread 1718-09-2026 00:29:34 [38;5;117m[DEBUG]: [0mThis is a debug message from thread 2218-09-2026 00:29:34 [38;5;117m[DEBUG]: [0mThis is a debug message from thread 1318-09-2026 00:29:34 [38;5;117m[DEBUG]: [0mThis is a debug message from thread 818-09-2026 00:29:34 [38;5;015m[INFO]: [0mThis is a info message from thread 918-09-2026 00:29:34 [38;5;117m[DEBUG]: [0mThis is a debug message from thread 2718-09-2026 00:29:34 [38;5;015m[INFO]: [0mThis is a info message from thread 1018-09-2026 00:29:34 [38;5;117m[DEBUG]: [0mThis is a debug message from thread 2118-09-2026 00:29:34 [38;5;117m[DEBUG]: [0mThis is a debug message from thread 2518-09-2026 00:29:34 [38;5;015m[INFO]: [0mThis is a info message from thread 2218-09-2026 00:29:34 [38;5;009m[ERROR]: [0mThis is a error message from thread 918-09-2026 00:29:34 [38;5;015m[INFO]: [0mThis is a info message from thread 2518-09-2026 00:29:34 [38;5;015m[INFO]: [0mThis is a info message from thread 818-09-2026 00:29:34 [38;5;015m[INFO]: [0mThis is a info message from thread 2118-09-2026 00:29:34 [38;5;015m[INFO]: [0mThis is a info message from thread 1418-09-2026 00:29:34 [38;5;009m[ERROR]: [0mThis is a error message from thread 1218-09-2026 00:29:34 [38;5;117m[DEBUG]: [0mThis is a debug message from thread 318-09-2026 00:29:34 [38;5;117m[DEBUG]: [0mThis is a debug message from thread 1918-09-2026 00:29:34 [38;5;117m[DEBUG]: [0mThis is a debug message from thread 518-09-2026 00:29:34 [38;5;117m[DEBUG]: [0mThis is a debug message from thread 2318-09-2026 00:29:34 [38;5;009m[ERROR]: [0mThis is a error message from thread 2118-09-2026 00:29:34 [38;5;009m[ERROR]: [0mThis is a error message from thread 1518-09-2026 00:29:34 [38;5;117m[DEBUG]: [0mThis is a debug message from thread 2918-09-2026 00:29:34 [38;5;009m[ERROR]: [0mThis is a error message from thread 618-09-2026 00:29:34 [38;5;009m[ERROR]: [0mThis is a error message from thread 1118-09-2026 00:29:34 [38;5;009m[ERROR]: [0mThis is a error message from thread 2218-09-2026 00:29:34 [38;5;009m[ERROR]: [0mThis is a error message from thread 2518-09-2026 00:29:34 [38;5;015m[INFO]: [0mThis is a info message from thread 1318-09-2026 00:29:34 [38;5;015m[INFO]: [0mThis is a info message from thread 1918-09-2026 00:29:34 [38;5;117m[DEBUG]: [0mThis is a debug message from thread 2118-09-2026 00:29:34 [38;5;009m[ERROR]: [0mThis is a error message from thread 2618-09-2026 00:29:34 [38;5;015m[INFO]: [0mThis is a info message from thread 118-09-2026 00:29:34 [38;5;117m[DEBUG]: [0mThis is a debug message from thread 2218-09-2026 00:29:34 [38;5;015m[INFO]: [0mThis is a info message from thread 2918-09-2026 00:29:34 [38;5;015m[INFO]: [0mThis is a info message from thread 2718-09-2026 00:29:34 [38;5;117m[DEBUG]: [0mThis is a debug message from thread 2618-09-2026 00:29:34 [38;5;009m[ERROR]: [0mThis is a error message from thread 1918-09-2026 00:29:34 [38;5;117m[DEBUG]: [0mThis is a debug message from thread 1118-09-2026 00:29:34 [38;5;117m[DEBUG]: [0mThis is a debug message from thread 918-09-2026 00:29:34 [38;5;009m[ERROR]: [0mThis is a error message from thread 218-09-2026 00:29:34 [38;5;015m[INFO]: [0mThis is a info message from thread 2118-09-2026 00:29:34 [38;5;009m[ERROR]: [0mThis is a error message from thread 1318-09-2026 00:29:34 [38;5;009m[ERROR]: [0mThis is a error message from thread 818-09-2026 00:29:34 [38;5;117m[DEBUG]: [0mThis is a debug message from thread 1918-09-2026 00:29:34 [38;5;117m[DEBUG]: [0mThis is a debug message from thread 1618-09-2026 00:29:34 [38;5;117m[DEBUG]: [0mThis is a debug message from thread 418-09-2026 00:29:34 [38;5;015m[INFO]: [0mThis is a info message from thread 2218-09-2026 00:29:34 [38;5;015m[INFO]: [0mThis is a info message from thread 2318-09-2026 00:29:34 [38;5;015m[INFO]: [0mThis is a info message from thread 1618-09-2026 00:29:34 [38;5;009m[ERROR]: [0mThis is a error message from thread 1618-09-2026 00:29:34 [38;5;009m[ERROR]: [0mThis is a error message from thread 1018-09-2026 00:29:34 [38;5;117m[DEBUG]: [0mThis is a debug message from thread 1018-09-2026 00:29:34 [38;5;117m[DEBUG]: [0mThis is a debug message from thread 1618-09-2026 00:29:34 [38;5;117m[DEBUG]: [0mThis is a debug message from thread 1318-09-2026 00:29:34 [38;5;015m[INFO]: [0mThis is a info message from thread 1918-09-2026 00:29:34 [38;5;009m[ERROR]: [0mThis is a error message from thread 2218-09-2026 00:29:34 [38;5;015m[INFO]: [0mThis is a info message from thread 918-09-2026 00:29:34 [38;5;117m[DEBUG]: [0mThis is a debug message from thread 818-09-2026 00:29:34 [38;5;015m[INFO]: [0mThis is a info message from thread 1318-09-2026 00:29:34 [38;5;009m[ERROR]: [0mThis is a error message from thread 1318-09-2026 00:29:34 [38;5;117m[DEBUG]: [0mThis is a debug message from thread 1318-09-2026 00:29:34 [38;5;015m[INFO]: [0mThis is a info message from thread 1618-09-2026 00:29:34 [38;5;015m[INFO]: [0mThis is a info message from thread 818-09-2026 00:29:34 [38;5;015m[INFO]: [0mThis is a info message from thread 1018-09-2026 00:29:34 [38;5;009m[ERROR]: [0mThis is a error message from thread 1018-09-2026 00:29:34 [38;5;117m[DEBUG]: [0mThis is a debug message from thread 2218-09-2026 00:29:34 [38;5;117m[DEBUG]: [0mThis is a debug message from thread 1018-09-2026 00:29:34 [38;5;009m[ERROR]: [0mThis is a error message from thread 2318-09-2026 00:29:34 [38;5;009m[ERROR]: [0mThis is a error message from thread 1618-09-2026 00:29:34 [38;5;015m[INFO]: [0mThis is a info message from thread 718-09-2026 00:29:34 [38;5;015m[INFO]: [0mThis is a info message from thread 2218-09-2026 00:29:34 [38;5;015m[INFO]: [0mThis is a info message from thread 2618-09-2026 00:29:34 [38;5;009m[ERROR]: [0mThis is a error message from thread 1918-09-2026 00:29:34 [38;5;009m[ERROR]: [0mThis is a error message from thread 2218-09-2026 00:29:34 [38;5;117m[DEBUG]: [0mThis is a debug message from thread 2218-09-2026 00:29:34 [38;5;009m[ERROR]: [0mThis is a error message from thread 718-09-2026 00:29:34 [38;5;117m[DEBUG]: [0mThis is a debug message from thread 2318-09-2026 00:29:34 [38;5;009m[ERROR]: [0mThis is a error message from thread 2618-09-2026 00:29:34 [38;5;117m[DEBUG]: [0mThis is a debug message from thread 718-09-2026 00:29:34 [38;5;117m[DEBUG]: [0mThis is a debug message from thread 1618-09-2026 00:29:34 [38;5;117m[DEBUG]: [0mThis is a debug message from thread 2018-09-2026 00:29:34 [38;5;015m[INFO]: [0mThis is a info message from thread 1018-09-2026 00:29:34 [38;5;015m[INFO]: [0mThis is a info message from thread 1618-09-2026 00:29:34 [38;5;015m[INFO]: [0mThis is a info message from thread 1318-09-2026 00:29:34 [38;5;015m[INFO]: [0mThis is a info message from thread 2418-09-2026 00:29:34 [38;5;009m[ERROR]: [0mThis is a error message from thread 818-09-2026 00:29:34 [38;5;015m[INFO]: [0mThis is a info message from thread 018-09-2026 00:29:34 [38;5;117m[DEBUG]: [0mThis is a debug message from thread 218-09-2026 00:29:34 [38;5;009m[ERROR]: [0mThis is a error message from thread 1418-09-2026 00:29:34 [38;5;117m[DEBUG]: [0mThis is a debug message from thread 2818-09-2026 00:29:34 [38;5;009m[ERROR]: [0mThis is a error message from thread 018-09-2026 00:29:34 [38;5;015m[INFO]: [0mThis is a info message from thread 218-09-2026 00:29:34 [38;5;015m[INFO]: [0mThis is a info message from thread 2818-09-2026 00:29:34 [38;5;015m[INFO]: [0mThis is a info message from thread 318-09-2026 00:29:34 [38;5;117m[DEBUG]: [0mThis is a debug message from thread 018-09-2026 00:29:34 [38;5;009m[ERROR]: [0mThis is a error message from thread 218-09-2026 00:29:34 [38;5;009m[ERROR]: [0mThis is a error message from thread 2818-09-2026 00:29:34 [38;5;009m[ERROR]: [0mThis is a error message from thread 318-09-2026 00:29:34 [38;5;015m[INFO]: [0mThis is a info message from thread 018-09-2026 00:29:34 [38;5;117m[DEBUG]: [0mThis is a debug message from thread 2818-09-2026 00:29:34 [38;5;117m[DEBUG]: [0mThis is a debug message from thread 1518-09-2026 00:29:34 [38;5;117m[DEBUG]: [0mThis is a debug message from thread 318-09-2026 00:29:34 [38;5;117m[DEBUG]: [0mThis is a debug message from thread 1218-09-2026 00:29:34 [38;5;009m[ERROR]: [0mThis is a error message from thread 2718-09-2026 00:29:34 [38;5;117m[DEBUG]: [0mThis is a debug message from thread 1818-09-2026 00:29:34 [38;5;009m[ERROR]: [0mThis is a error message from thread 2918-09-2026 00:29:34 [38;5;009m[ERROR]: [0mThis is a error message from thread 2118-09-2026 00:29:34 [38;5;015m[INFO]: [0mThis is a info message from thread 1818-09-2026 00:29:34 [38;5;009m[ERROR]: [0mThis is a error message from thread 2418-09-2026 00:29:34 [38;5;015m[INFO]: [0mThis is a info message from thread 518-09-2026 00:29:34 [38;5;117m[DEBUG]: [0mThis is a debug message from thread 2418-09-2026 00:29:34 [38;5;009m[ERROR]: [0mThis is a error message from thread 518-09-2026 00:29:34 [38;5;015m[INFO]: [0mThis is a info message from thread 2418-09-2026 00:29:34 [38;5;117m[DEBUG]: [0mThis is a debug message from thread 2118-09-2026 00:29:34 [38;5;117m[DEBUG]: [0mThis is a debug message from thread 518-09-2026 00:29:34 [38;5;015m[INFO]: [0mThis is a info message from thread 718-09-2026 00:29:34 [38;5;117m[DEBUG]: [0mThis is a debug message from thread 1418-09-2026 00:29:34 [38;5;015m[INFO]: [0mThis is a info message from thread 418-09-2026 00:29:34 [38;5;009m[ERROR]: [0mThis is a error message from thread 1318-09-2026 00:29:34 [38;5;015m[INFO]: [0mThis is a info message from thread 518-09-2026 00:29:34 [38;5;015m[INFO]: [0mThis is a info message from thread 2318-09-2026 00:29:34 [38;5;009m[ERROR]: [0mThis is a error message from thread 418-09-2026 00:29:34 [38;5;015m[INFO]: [0mThis is a info message from thread 2818-09-2026 00:29:34 [38;5;009m[ERROR]: [0mThis is a error message from thread 518-09-2026 00:29:34 [38;5;117m[DEBUG]: [0mThis is a debug message from thread 2918-09-2026 00:29:34 [38;5;117m[DEBUG]: [0mThis is a debug message from thread 1318-09-2026 00:29:34 [38;5;117m[DEBUG]: [0mThis is a debug message from thread 2518-09-2026 00:29:34 [38;5;015m[INFO]: [0mThis is a info message from thread 1518-09-2026 00:29:34 [38;5;009m[ERROR]: [0mThis is a error message from thread 2818-09-2026 00:29:34 [38;5;117m[DEBUG]: [0mThis is a debug message from thread 418-09-2026 00:29:34 [38;5;009m[ERROR]: [0mThis is a error message from thread 118-09-2026 00:29:34 [38;5;117m[DEBUG]: [0mThis is a debug message from thread 1918-09-2026 00:29:34 [38;5;009m[ERROR]: [0mThis is a error message from thread 2418-09-2026 00:29:34 [38;5;009m[ERROR]: [0mThis is a error message from thread 718-09-2026 00:29:34 [38;5;117m[DEBUG]: [0mThis is a debug message from thread 218-09-2026 00:29:34 [38;5;015m[INFO]: [0mThis is a info message from thread 2918-09-2026 00:29:34 [38;5;015m[INFO]: [0mThis is a info message from thread 1218-09-2026 00:29:34 [38;5;015m[INFO]: [0mThis is a info message from thread 1918-09-2026 00:29:34 [38;5;009m[ERROR]: [0mThis is a error message from thread 918-09-2026 00:29:34 [38;5;015m[INFO]: [0mThis is a info message from thread 418-09-2026 00:29:34 [38;5;015m[INFO]: [0mThis is a info message from thread 1318-09-2026 00:29:34 [38;5;009m[ERROR]: [0mThis is a error message from thread 1518-09-2026 00:29:34 [38;5;015m[INFO]: [0mThis is a info message from thread 2518-09-2026 00:29:34 [38;5;015m[INFO]: [0mThis is a info message from thread 2018-09-2026 00:29:34 [38;5;117m[DEBUG]: [0mThis is a debug message from thread 818-09-2026 00:29:34 [38;5;117m[DEBUG]: [0mThis is a debug message from thread 918-09-2026 00:29:34 [38;5;009m[ERROR]: [0mThis is a error message from thread 1218-09-2026 00:29:34 [38;5;117m[DEBUG]: [0mThis is a debug message from thread 618-09-2026 00:29:34 [38;5;009m[ERROR]: [0mThis is a error message from thread 1018-09-2026 00:29:34 [38;5;009m[ERROR]: [0mThis is a error message from thread 2318-09-2026 00:29:34 [38;5;015m[INFO]: [0mThis is a info message from thread 1418-09-2026 00:29:34 [38;5;009m[ERROR]: [0mThis is a error message from thread 1318-09-2026 00:29:34 [38;5;117m[DEBUG]: [0mThis is a debug message from thread 2318-09-2026 00:29:34 [38;5;009m[ERROR]: [0mThis is a error message from thread 2918-09-2026 00:29:34 [38;5;009m[ERROR]: [0mThis is a error message from thread 2018-09-2026 00:29:34 [38;5;015m[INFO]: [0mThis is a info message from thread 1118-09-2026 00:29:34 [38;5;015m[INFO]: [0mThis is a info message from thread 218-09-2026 00:29:34 [38;5;117m[DEBUG]: [0mThis is a debug message from thread 2918-09-2026 00:29:34 [38;5;117m[DEBUG]: [0mThis is a debug message from thread 718-09-2026 00:29:34 [38;5;117m[DEBUG]: [0mThis is a debug message from thread 1518-09-2026 00:29:34 [38;5;009m[ERROR]: [0mThis is a error message from thread 2518-09-2026 00:29:34 [38;5;117m[DEBUG]: [0mThis is a debug message from thread 2718-09-2026 00:29:34 [38;5;015m[INFO]: [0mThis is a info message from thread 2718-09-2026 00:29:34 [38;5;117m[DEBUG]: [0mThis is a debug message from thread 2018-09-2026 00:29:34 [38;5;009m[ERROR]: [0mThis is a error message from thread 1118-09-2026 00:29:34 [38;5;009m[ERROR]: [0mThis is a error message from thread 2718-09-2026 00:29:34 [38;5;015m[INFO]: [0mThis is a info message from thread 718-09-2026 00:29:34 [38;5;015m[INFO]: [0mThis is a info message from thread 2018-09-2026 00:29:34 [38;5;015m[INFO]: [0mThis is a info message from thread 2318-09-2026 00:29:34 [38;5;117m[DEBUG]: [0mThis is a debug message from thread 2418-09-2026 00:29:34 [38;5;015m[INFO]: [0mThis is a info message from thread 918-09-2026 00:29:34 [38;5;015m[INFO]: [0mThis is a info message from thread 2418-09-2026 00:29:34 [38;5;117m[DEBUG]: [0mThis is a debug message from thread 1118-09-2026 00:29:34 [38;5;009m[ERROR]: [0mThis is a error message from thread 2418-09-2026 00:29:34 [38;5;009m[ERROR]: [0mThis is a error message from thread 918-09-2026 00:29:34 [38;5;009m[ERROR]: [0mThis is a error message from thread 2018-09-2026 00:29:34 [38;5;117m[DEBUG]: [0mThis is a debug message from thread 1018-09-2026 00:29:34 [38;5;015m[INFO]: [0mThis is a info message from thread 318-09-2026 00:29:34 [38;5;009m[ERROR]: [0mThis is a error message from thread 1818-09-2026 00:29:34 [38;5;009m[ERROR]: [0mThis is a error message from thread 318-09-2026 00:29:34 [38;5;117m[DEBUG]: [0mThis is a debug message from thread 518-09-2026 00:29:34 [38;5;117m[DEBUG]: [0mThis is a debug message from thread 2718-09-2026 00:29:34 [38;5;009m[ERROR]: [0mThis is a error message from thread 018-09-2026 00:29:34 [38;5;015m[INFO]: [0mThis is a info message from thread 518-09-2026 00:29:34 [38;5;117m[DEBUG]: [0mThis is a debug message from thread 318-09-2026 00:29:34 [38;5;009m[ERROR]: [0mThis is a error message from thread 1918-09-2026 00:29:34 [38;5;009m[ERROR]: [0mThis is a error message from thread 718-09-2026 00:29:34 [38;5;009m[ERROR]: [0mThis is a error message from thread 518-09-2026 00:29:34 [38;5;117m[DEBUG]: [0mThis is a debug message from thread 2618-09-2026 00:29:34 [38;5;117m[DEBUG]: [0mThis is a debug message from thread 018-09-2026 00:29:34 [38;5;015m[INFO]: [0mThis is a info message from thread 2718-09-2026 00:29:34 [38;5;009m[ERROR]: [0mThis is a error message from thread 1418-09-2026 00:29:34 [38;5;009m[ERROR]: [0mThis is a error message from thread 2318-09-2026 00:29:34 [38;5;015m[INFO]: [0mThis is a info message from thread 1018-09-2026 00:29:34 [38;5;117m[DEBUG]: [0mThis is a debug message from thread 2418-09-2026 00:29:34 [38;5;117m[DEBUG]: [0mThis is a debug message from thread 118-09-2026 00:29:34 [38;5;015m[INFO]: [0mThis is a info message from thread 2618-09-2026 00:29:34 [38;5;015m[INFO]: [0mThis is a info message from thread 2918-09-2026 00:29:34 [38;5;117m[DEBUG]: [0mThis is a debug message from thread 918-09-2026 00:29:34 [38;5;009m[ERROR]: [0mThis is a error message from thread 2918-09-2026 00:29:34 [38;5;009m[ERROR]: [0mThis is a error message from thread 2618-09-2026 00:29:34 [38;5;009m[ERROR]: [0mThis is a error message from thread 418-09-2026 00:29:34 [38;5;117m[DEBUG]: [0mThis is a debug message from thread 1818-09-2026 00:29:34 [38;5;009m[ERROR]: [0mThis is a error message from thread 1618-09-2026 00:29:34 [38;5;117m[DEBUG]: [0mThis is a debug message from thread 2618-09-2026 00:29:34 [38;5;009m[ERROR]: [0mThis is a error message from thread 1018-09-2026 00:29:34 [38;5;117m[DEBUG]: [0mThis is a debug message from thread 1318-09-2026 00:29:34 [38;5;015m[INFO]: [0mThis is a info message from thread 1818-09-2026 00:29:34 [38;5;015m[INFO]: [0mThis is a info message from thread 318-09-2026 00:29:34 [38;5;117m[DEBUG]: [0mThis is a debug message from thread 2518-09-2026 00:29:34 [38;5;117m[DEBUG]: [0mThis is a debug message from thread 2818-09-2026 00:29:34 [38;5;015m[INFO]: [0mThis is a info message from thread 2118-09-2026 00:29:34 [38;5;009m[ERROR]: [0mThis is a error message from thread 318-09-2026 00:29:34 [38;5;015m[INFO]: [0mThis is a info message from thread 2518-09-2026 00:29:34 [38;5;009m[ERROR]: [0mThis is a error message from thread 2118-09-2026 00:29:34 [38;5;117m[DEBUG]: [0mThis is a debug message from thread 318-09-2026 00:29:34 [38;5;009m[ERROR]: [0mThis is a error message from thread 2518-09-2026 00:29:34 [38;5;015m[INFO]: [0mThis is a info message from thread 2618-09-2026 00:29:34 [38;5;117m[DEBUG]: [0mThis is a debug message from thread 2018-09-2026 00:29:34 [38;5;117m[DEBUG]: [0mThis is a debug message from thread 1418-09-2026 00:29:34 [38;5;015m[INFO]: [0mThis is a info message from thread 318-09-2026 00:29:34 [38;5;117m[DEBUG]: [0mThis is a debug message from thread 2518-09-2026 00:29:34 [38;5;117m[DEBUG]: [0mThis is a debug message from thread 2318-09-2026 00:29:34 [38;5;117m[DEBUG]: [0mThis is a debug message from thread 718-09-2026 00:29:34 [38;5;009m[ERROR]: [0mThis is a error message from thread 2618-09-2026 00:29:34 [38;5;009m[ERROR]: [0mThis is a error message from thread 218-09-2026 00:29:34 [38;5;015m[INFO]: [0mThis is a info message from thread 1518-09-2026 00:29:34 [38;5;117m[DEBUG]: [0mThis is a debug message from thread 418-09-2026 00:29:34 [38;5;015m[INFO]: [0mThis is a info message from thread 2018-09-2026 00:29:34 [38;5;117m[DEBUG]: [0mThis is a debug message from thread 218-09-2026 00:29:34 [38;5;117m[DEBUG]: [0mThis is a debug message from thread 1918-09-2026 00:29:34 [38;5;117m[DEBUG]: [0mThis is a debug message from thread 2918-09-2026 00:29:34 [38;5;015m[INFO]: [0mThis is a info message from thread 1418-09-2026 00:29:34 [38;5;015m[INFO]: [0mThis is a info message from thread 2518-09-2026 00:29:34 [38;5;009m[ERROR]: [0mThis is a error message from thread 1518-09-2026 00:29:34 [38;5;015m[INFO]: [0mThis is a info message from thread 2818-09-2026 00:29:34 [38;5;009m[ERROR]: [0mThis is a error message from thread 1818-09-2026 00:29:34 [38;5;015m[INFO]: [0mThis is a info message from thread 2418-09-2026 00:29:34 [38;5;009m[ERROR]: [0mThis is a error message from thread 1418-09-2026 00:29:34 [38;5;015m[INFO]: [0mThis is a info message from thread 718-09-2026 00:29:34 [38;5;015m[INFO]: [0mThis is a info message from thread 418-09-2026 00:29:34 [38;5;117m[DEBUG]: [0mThis is a debug message from thread 1818-09-2026 00:29:34 [38;5;117m[DEBUG]: [0mThis is a debug message from thread 1618-09-2026 00:29:34 [38;5;117m[DEBUG]: [0mThis is a debug message from thread 1418-09-2026 00:29:34 [38;5;015m[INFO]: [0mThis is a info message from thread 2918-09-2026 00:29:34 [38;5;009m[ERROR]: [0mThis is a error message from thread 2818-09-2026 00:29:34 [38;5;009m[ERROR]: [0mThis is a error message from thread 718-09-2026 00:29:34 [38;5;009m[ERROR]: [0mThis is a error message from thread 418-09-2026 00:29:34 [38;5;015m[INFO]: [0mThis is a info message from thread 1818-09-2026 00:29:34 [38;5;015m[INFO]: [0mThis is a info message from thread 1118-09-2026 00:29:34 [38;5;117m[DEBUG]: [0mThis is a debug message from thread 2118-09-2026 00:29:34 [38;5;015m[INFO]: [0mThis is a info message from thread 1418-09-2026 00:29:34 [38;5;015m[INFO]: [0mThis is a info message from thread 018-09-2026 00:29:34 [38;5;009m[ERROR]: [0mThis is a error message from thread 1118-09-2026 00:29:34 [38;5;015m[INFO]: [0mThis is a info message from thread 2118-09-2026 00:29:34 [38;5;117m[DEBUG]: [0mThis is a debug message from thread 418-09-2026 00:29:34 [38;5;117m[DEBUG]: [0mThis is a debug message from thread 1718-09-2026 00:29:34 [38;5;117m[DEBUG]: [0mThis is a debug message from thread 718-09-2026 00:29:34 [38;5;009m[ERROR]: [0mThis is a error message from thread 2718-09-2026 00:29:34 [38;5;117m[DEBUG]: [0mThis is a debug message from thread 2818-09-2026 00:29:34 [38;5;015m[INFO]: [0mThis is a info message from thread 1618-09-2026 00:29:34 [38;5;015m[INFO]: [0mThis is a info message from thread 718-09-2026 00:29:34 [38;5;009m[ERROR]: [0mThis is a error message from thread 2118-09-2026 00:29:34 [38;5;009m[ERROR]: [0mThis is a error message from thread 018-09-2026 00:29:34 [38;5;015m[INFO]: [0mThis is a info message from thread 218-09-2026 00:29:34 [38;5;009m[ERROR]: [0mThis is a error message from thread 1618-09-2026 00:29:34 [38;5;015m[INFO]: [0mThis is a info message from thread 818-09-2026 00:29:34 [38;5;117m[DEBUG]: [0mThis is a debug message from thread 1518-09-2026 00:29:34 [38;5;117m[DEBUG]: [0mThis is a debug message from thread 1218-09-2026 00:29:34 [38;5;015m[INFO]: [0mThis is a info message from thread 418-09-2026 00:29:34 [38;5;015m[INFO]: [0mThis is a info message from thread 118-09-2026 00:29:34 [38;5;009m[ERROR]: [0mThis is a error message from thread 318-09-2026 00:29:34 [38;5;015m[INFO]: [0mThis is a info message from thread 918-09-2026 00:29:34 [38;5;009m[ERROR]: [0mThis is a error message from thread 218-09-2026 00:29:34 [38;5;009m[ERROR]: [0mThis is a error message from thread 718-09-2026 00:29:34 [38;5;117m[DEBUG]: [0mThis is a debug message from thread 018-09-2026 00:29:34 [38;5;015m[INFO]: [0mThis is a info message from thread 2818-09-2026 00:29:34 [38;5;015m[INFO]: [0mThis is a info message from thread 1218-09-2026 00:29:34 [38;5;117m[DEBUG]: [0mThis is a debug message from thread 2718-09-2026 00:29:34 [38;5;117m[DEBUG]: [0mThis is a debug message from thread 1618-09-2026 00:29:34 [38;5;015m[INFO]: [0mThis is a info message from thread 1718-09-2026 00:29:34 [38;5;015m[INFO]: [0mThis is a info message from thread 618-09-2026 00:29:34 [38;5;015m[INFO]: [0mThis is a info message from thread 1918-09-2026 00:29:34 [38;5;009m[ERROR]: [0mThis is a error message from thread 1818-09-2026 00:29:34 [38;5;009m[ERROR]: [0mThis is a error message from thread 418-09-2026 00:29:34 [38;5;015m[INFO]: [0mThis is a info message from thread 018-09-2026 00:29:34 [38;5;117m[DEBUG]: [0mThis is a debug message from thread 1118-09-2026 00:29:34 [38;5;009m[ERROR]: [0mThis is a error message from thread 2518-09-2026 00:29:34 [38;5;009m[ERROR]: [0mThis is a error message from thread 1718-09-2026 00:29:34 [38;5;009m[ERROR]: [0mThis is a error message from thread 1418-09-2026 00:29:34 [38;5;015m[INFO]: [0mThis is a info message from thread 1318-09-2026 00:29:34 [38;5;009m[ERROR]: [0mThis is a error message from thread 918-09-2026 00:29:34 [38;5;009m[ERROR]: [0mThis is a error message from thread 2018-09-2026 00:29:34 [38;5;015m[INFO]: [0mThis is a info message from thread 2718-09-2026 00:29:34 [38;5;015m[INFO]: [0mThis is a info message from thread 2218-09-2026 00:29:34 [38;5;117m[DEBUG]: [0mThis is a debug message from thread 2618-09-2026 00:29:34 [38;5;117m[DEBUG]: [0mThis is a debug message from thread 918-09-2026 00:29:34 [38;5;009m[ERROR]: [0mThis is a error message from thread 2918-09-2026 00:29:34 [38;5;117m[DEBUG]: [0mThis is a debug message from thread 718-09-2026 00:29:34 [38;5;009m[ERROR]: [0mThis is a error message from thread 618-09-2026 00:29:34 [38;5;015m[INFO]: [0mThis is a info message from thread 718-09-2026 00:29:34 [38;5;009m[ERROR]: [0mThis is a error message from thread 2418-09-2026 00:29:34 [38;5;015m[INFO]: [0mThis is a info message from thread 918-09-2026 00:29:34 [38;5;009m[ERROR]: [0mThis is a error message from thread 718-09-2026 00:29:34 [38;5;009m[ERROR]: [0mThis is a error message from thread 1318-09-2026 00:29:34 [38;5;009m[ERROR]: [0mThis is a error message from thread 818-09-2026 00:29:34 [38;5;117m[DEBUG]: [0mThis is a debug message from thread 818-09-2026 00:29:34 [38;5;117m[DEBUG]: [0mThis is a debug message from thread 2918-09-2026 00:29:34 [38;5;015m[INFO]: [0mThis is a info message from thread 818-09-2026 00:29:34 [38;5;117m[DEBUG]: [0mThis is a debug message from thread 1018-09-2026 00:29:34 [38;5;117m[DEBUG]: [0mThis is a debug message from thread 718-09-2026 00:29:34 [38;5;015m[INFO]: [0mThis is a info message from thread 1018-09-2026 00:29:34 [38;5;117m[DEBUG]: [0mThis is a debug message from thread 2418-09-2026 00:29:34 [38;5;015m[INFO]: [0mThis is a info message from thread 2418-09-2026 00:29:34 [38;5;009m[ERROR]: [0mThis is a error message from thread 818-09-2026 00:29:34 [38;5;009m[ERROR]: [0mThis is a error message from thread 1018-09-2026 00:29:34 [38;5;015m[INFO]: [0mThis is a info message from thread 2618-09-2026 00:29:34 [38;5;117m[DEBUG]: [0mThis is a debug message from thread 818-09-2026 00:29:34 [38;5;117m[DEBUG]: [0mThis is a debug message from thread 2118-09-2026 00:29:34 [38;5;117m[DEBUG]: [0mThis is a debug message from thread 518-09-2026 00:29:34 [38;5;117m[DEBUG]: [0mThis is a debug message from thread 318-09-2026 00:29:34 [38;5;009m[ERROR]: [0mThis is a error message from thread 1218-09-2026 00:29:34 [38;5;015m[INFO]: [0mThis is a info message from thread 1118-09-2026 00:29:34 [38;5;015m[INFO]: [0mThis is a info message from thread 2118-09-2026 00:29:34 [38;5;117m[DEBUG]: [0mThis is a debug message from thread 1818-09-2026 00:29:34 [38;5;009m[ERROR]: [0mThis is a error message from thread 118-09-2026 00:29:34 [38;5;009m[ERROR]: [0mThis is a error message from thread 2118-09-2026 00:29:34 [38;5;117m[DEBUG]: [0mThis is a debug message from thread 1218-09-2026 00:29:34 [38;5;009m[ERROR]: [0mThis is a error message from thread 1118-09-2026 00:29:34 [38;5;117m[DEBUG]: [0mThis is a debug message from thread 2018-09-2026 00:29:34 [38;5;009m[ERROR]: [0mThis is a error message from thread 2618-09-2026 00:29:34 [38;5;117m[DEBUG]: [0mThis is a debug message from thread 1318-09-2026 00:29:34 [38;5;015m[INFO]: [0mThis is a info message from thread 2318-09-2026 00:29:34 [38;5;015m[INFO]: [0mThis is a info message from thread 1218-09-2026 00:29:34 [38;5;015m[INFO]: [0mThis is a info message from thread 2018-09-2026 00:29:34 [38;5;117m[DEBUG]: [0mThis is a debug message from thread 1118-09-2026 00:29:34 [38;5;015m[INFO]: [0mThis is a info message from thread 2918-09-2026 00:29:34 [38;5;015m[INFO]: [0mThis is a info message from thread 518-09-2026 00:29:34 [38;5;015m[INFO]: [0mThis is a info message from thread 1618-09-2026 00:29:34 [38;5;015m[INFO]: [0mThis is a info message from thread 318-09-2026 00:29:34 [38;5;117m[DEBUG]: [0mThis is a debug message from thread 418-09-2026 00:29:34 [38;5;009m[ERROR]: [0mThis is a error message from thread 2918-09-2026 00:29:34 [38;5;015m[INFO]: [0mThis is a info message from thread 1518-09-2026 00:29:34 [38;5;009m[ERROR]: [0mThis is a error message from thread 2718-09-2026 00:29:34 [38;5;009m[ERROR]: [0mThis is a error message from thread 518-09-2026 00:29:34 [38;5;117m[DEBUG]: [0mThis is a debug message from thread 2618-09-2026 00:29:34 [38;5;117m[DEBUG]: [0mThis is a debug message from thread 618-09-2026 00:29:34 [38;5;015m[INFO]: [0mThis is a info message from thread 1118-09-2026 00:29:34 [38;5;117m[DEBUG]: [0mThis is a debug message from thread 2918-09-2026 00:29:34 [38;5;015m[INFO]: [0mThis is a info message from thread 418-09-2026 00:29:34 [38;5;117m[DEBUG]: [0mThis is a debug message from thread 218-09-2026 00:29:34 [38;5;009m[ERROR]: [0mThis is a error message from thread 1518-09-2026 00:29:34 [38;5;015m[INFO]: [0mThis is a info message from thread 718-09-2026 00:29:34 [38;5;117m[DEBUG]: [0mThis is a debug message from thread 1018-09-2026 00:29:34 [38;5;117m[DEBUG]: [0mThis is a debug message from thread 1718-09-2026 00:29:34 [38;5;009m[ERROR]: [0mThis is a error message from thread 1618-09-2026 00:29:34 [38;5;009m[ERROR]: [0mThis is a error message from thread 1118-09-2026 00:29:34 [38;5;009m[ERROR]: [0mThis is a error message from thread 2318-09-2026 00:29:34 [38;5;015m[INFO]: [0mThis is a info message from thread 2918-09-2026 00:29:34 [38;5;015m[INFO]: [0mThis is a info message from thread 1318-09-2026 00:29:34 [38;5;015m[INFO]: [0mThis is a info message from thread 218-09-2026 00:29:34 [38;5;117m[DEBUG]: [0mThis is a debug message from thread 2518-09-2026 00:29:34 [38;5;015m[INFO]: [0mThis is a info message from thread 818-09-2026 00:29:34 [38;5;009m[ERROR]: [0mThis is a error message from thread 418-09-2026 00:29:34 [38;5;117m[DEBUG]: [0mThis is a debug message from thread 1618-09-2026 00:29:34 [38;5;015m[INFO]: [0mThis is a info message from thread 1818-09-2026 00:29:34 [38;5;117m[DEBUG]: [0mThis is a debug message from thread 418-09-2026 00:29:34 [38;5;009m[ERROR]: [0mThis is a error message from thread 2918-09-2026 00:29:34 [38;5;117m[DEBUG]: [0mThis is a debug message from thread 1418-09-2026 00:29:34 [38;5;009m[ERROR]: [0mThis is a error message from thread 1318-09-2026 00:29:34 [38;5;009m[ERROR]: [0mThis is a error message from thread 818-09-2026 00:29:34 [38;5;015m[INFO]: [0mThis is a info message from thread 1018-09-2026 00:29:34 [38;5;009m[ERROR]: [0mThis is a error message from thread 218-09-2026 00:29:34 [38;5;117m[DEBUG]: [0mThis is a debug message from thread 118-09-2026 00:29:34 [38;5;015m[INFO]: [0mThis is a info message from thread 418-09-2026 00:29:34 [38;5;117m[DEBUG]: [0mThis is a debug message from thread 2118-09-2026 00:29:34 [38;5;009m[ERROR]: [0mThis is a error message from thread 2218-09-2026 00:29:34 [38;5;009m[ERROR]: [0mThis is a error message from thread 018-09-2026 00:29:34 [38;5;015m[INFO]: [0mThis is a info message from thread 2118-09-2026 00:29:34 [38;5;009m[ERROR]: [0mThis is a error message from thread 1018-09-2026 00:29:34 [38;5;117m[DEBUG]: [0mThis is a debug message from thread 818-09-2026 00:29:34 [38;5;015m[INFO]: [0mThis is a info message from thread 118-09-2026 00:29:34 [38;5;009m[ERROR]: [0mThis is a error message from thread 2018-09-2026 00:29:34 [38;5;117m[DEBUG]: [0mThis is a debug message from thread 1318-09-2026 00:29:34 [38;5;009m[ERROR]: [0mThis is a error message from thread 1218-09-2026 00:29:34 [38;5;015m[INFO]: [0mThis is a info message from thread 1418-09-2026 00:29:34 [38;5;009m[ERROR]: [0mThis is a error message from thread 2418-09-2026 00:29:34 [38;5;009m[ERROR]: [0mThis is a error message from thread 1818-09-2026 00:29:34 [38;5;009m[ERROR]: [0mThis is a error message from thread 118-09-2026 00:29:34 [38;5;015m[INFO]: [0mThis is a info message from thread 1318-09-2026 00:29:34 [38;5;009m[ERROR]: [0mThis is a error message from thread 2118-09-2026 00:29:34 [38;5;009m[ERROR]: [0mThis is a error message from thread 1418-09-2026 00:29:34 [38;5;117m[DEBUG]: [0mThis is a debug message from thread 2718-09-2026 00:29:34 [38;5;117m[DEBUG]: [0mThis is a debug message from thread 1418-09-2026 00:29:34 [38;5;015m[INFO]: [0mThis is a info message from thread 1618-09-2026 00:29:34 [38;5;009m[ERROR]: [0mThis is a error message from thread 1618-09-2026 00:29:34 [38;5;009m[ERROR]: [0mThis is a error message from thread 1918-09-2026 00:29:34 [38;5;009m[ERROR]: [0mThis is a error message from thread 718-09-2026 00:29:34 [38;5;015m[INFO]: [0mThis is a info message from thread 2718-09-2026 00:29:34 [38;5;117m[DEBUG]: [0mThis is a debug message from thread 2918-09-2026 00:29:34 [38;5;117m[DEBUG]: [0mThis is a debug message from thread 2418-09-2026 00:29:34 [38;5;117m[DEBUG]: [0mThis is a debug message from thread 1818-09-2026 00:29:34 [38;5;117m[DEBUG]: [0mThis is a debug message from thread 1118-09-2026 00:29:34 [38;5;117m[DEBUG]: [0mThis is a debug message from thread 518-09-2026 00:29:34 [38;5;117m[DEBUG]: [0mThis is a debug message from thread 1918-09-2026 00:29:34 [38;5;117m[DEBUG]: [0mThis is a debug message from thread 1618-09-2026 00:29:34 [38;5;117m[DEBUG]: [0mThis is a debug message from thread 718-09-2026 00:29:34 [38;5;015m[INFO]: [0mThis is a info message from thread 1918-09-2026 00:29:34 [38;5;117m[DEBUG]: [0mThis is a debug message from thread 218-09-2026 00:29:34 [38;5;117m[DEBUG]: [0mThis is a debug message from thread 018-09-2026 00:29:34 [38;5;009m[ERROR]: [0mThis is a error message from thread 2718-09-2026 00:29:34 [38;5;015m[INFO]: [0mThis is a info message from thread 218-09-2026 00:29:34 [38;5;015m[INFO]: [0mThis is a info message from thread 2618-09-2026 00:29:34 [38;5;015m[INFO]: [0mThis is a info message from thread 018-09-2026 00:29:34 [38;5;009m[ERROR]: [0mThis is a error message from thread 218-09-2026 00:29:34 [38;5;009m[ERROR]: [0mThis is a error message from thread 2618-09-2026 00:29:34 [38;5;117m[DEBUG]: [0mThis is a debug message from thread 2618-09-2026 00:29:34 [38;5;117m[DEBUG]: [0mThis is a debug message from thread 218-09-2026 00:29:34 [38;5;117m[DEBUG]: [0mThis is a debug message from thread 2218-09-2026 00:29:34 [38;5;015m[INFO]: [0mThis is a info message from thread 1818-09-2026 00:29:34 [38;5;015m[INFO]: [0mThis is a info message from thread 2518-09-2026 00:29:34 [38;5;015m[INFO]: [0mThis is a info message from thread 2918-09-2026 00:29:34 [38;5;015m[INFO]: [0mThis is a info message from thread 2618-09-2026 00:29:34 [38;5;015m[INFO]: [0mThis is a info message from thread 2218-09-2026 00:29:34 [38;5;117m[DEBUG]: [0mThis is a debug message from thread 2718-09-2026 00:29:34 [38;5;009m[ERROR]: [0mThis is a error message from thread 318-09-2026 00:29:34 [38;5;009m[ERROR]: [0mThis is a error message from thread 418-09-2026 00:29:34 [38;5;015m[INFO]: [0mThis is a info message from thread 218-09-2026 00:29:34 [38;5;117m[DEBUG]: [0mThis is a debug message from thread 2318-09-2026 00:29:34 [38;5;009m[ERROR]: [0mThis is a error message from thread 1318-09-2026 00:29:34 [38;5;015m[INFO]: [0mThis is a info message from thread 818-09-2026 00:29:34 [38;5;117m[DEBUG]: [0mThis is a debug message from thread 118-09-2026 00:29:34 [38;5;117m[DEBUG]: [0mThis is a debug message from thread 2118-09-2026 00:29:34 [38;5;009m[ERROR]: [0mThis is a error message from thread 2618-09-2026 00:29:34 [38;5;015m[INFO]: [0mThis is a info message from thread 1418-09-2026 00:29:34 [38;5;117m[DEBUG]: [0mThis is a debug message from thread 2618-09-2026 00:29:34 [38;5;009m[ERROR]: [0mThis is a error message from thread 1418-09-2026 00:29:34 [38;5;015m[INFO]: [0mThis is a info message from thread 2618-09-2026 00:29:34 [38;5;117m[DEBUG]: [0mThis is a debug message from thread 418-09-2026 00:29:34 [38;5;009m[ERROR]: [0mThis is a error message from thread 2618-09-2026 00:29:34 [38;5;009m[ERROR]: [0mThis is a error message from thread 818-09-2026 00:29:34 [38;5;117m[DEBUG]: [0mThis is a debug message from thread 1418-09-2026 00:29:34 [38;5;015m[INFO]: [0mThis is a info message from thread 2118-09-2026 00:29:34 [38;5;009m[ERROR]: [0mThis is a error message from thread 218-09-2026 00:29:34 [38;5;015m[INFO]: [0mThis is a info message from thread 1418-09-2026 00:29:34 [38;5;117m[DEBUG]: [0mThis is a debug message from thread 2618-09-2026 00:29:34 [38;5;009m[ERROR]: [0mThis is a error message from thread 2218-09-2026 00:29:34 [38;5;009m[ERROR]: [0mThis is a error message from thread 1418-09-2026 00:29:34 [38;5;015m[INFO]: [0mThis is a info message from thread 2618-09-2026 00:29:34 [38;5;117m[DEBUG]: [0mThis is a debug message from thread 1018-09-2026 00:29:34 [38;5;015m[INFO]: [0mThis is a info message from thread 118-09-2026 00:29:34 [38;5;009m[ERROR]: [0mThis is a error message from thread 118-09-2026 00:29:34 [38;5;015m[INFO]: [0mThis is a info message from thread 1018-09-2026 00:29:34 [38;5;009m[ERROR]: [0mThis is a error message from thread 2618-09-2026 00:29:34 [38;5;015m[INFO]: [0mThis is a info message from thread 2718-09-2026 00:29:34 [38;5;009m[ERROR]: [0mThis is a error message from thread 918-09-2026 00:29:34 [38;5;117m[DEBUG]: [0mThis is a debug message from thread 818-09-2026 00:29:34 [38;5;117m[DEBUG]: [0mThis is a debug message from thread 118-09-2026 00:29:34 [38;5;117m[DEBUG]: [0mThis is a debug message from thread 218-09-2026 00:29:34 [38;5;009m[ERROR]: [0mThis is a error message from thread 2818-09-2026 00:29:34 [38;5;117m[DEBUG]: [0mThis is a debug message from thread 1418-09-2026 00:29:34 [38;5;009m[ERROR]: [0mThis is a error message from thread 2518-09-2026 00:29:34 [38;5;117m[DEBUG]: [0mThis is a debug message from thread 2618-09-2026 00:29:34 [38;5;117m[DEBUG]: [0mThis is a debug message from thread 918-09-2026 00:29:34 [38;5;015m[INFO]: [0mThis is a info message from thread 1418-09-2026 00:29:34 [38;5;117m[DEBUG]: [0mThis is a debug message from thread 2018-09-2026 00:29:34 [38;5;015m[INFO]: [0mThis is a info message from thread 618-09-2026 00:29:34 [38;5;117m[DEBUG]: [0mThis is a debug message from thread 2818-09-2026 00:29:34 [38;5;117m[DEBUG]: [0mThis is a debug message from thread 318-09-2026 00:29:34 [38;5;015m[INFO]: [0mThis is a info message from thread 818-09-2026 00:29:34 [38;5;015m[INFO]: [0mThis is a info message from thread 1118-09-2026 00:29:34 [38;5;015m[INFO]: [0mThis is a info message from thread 1618-09-2026 00:29:34 [38;5;015m[INFO]: [0mThis is a info message from thread 318-09-2026 00:29:34 [38;5;009m[ERROR]: [0mThis is a error message from thread 818-09-2026 00:29:34 [38;5;117m[DEBUG]: [0mThis is a debug message from thread 1518-09-2026 00:29:34 [38;5;009m[ERROR]: [0mThis is a error message from thread 1618-09-2026 00:29:34 [38;5;015m[INFO]: [0mThis is a info message from thread 1518-09-2026 00:29:34 [38;5;009m[ERROR]: [0mThis is a error message from thread 1418-09-2026 00:29:34 [38;5;009m[ERROR]: [0mThis is a error message from thread 318-09-2026 00:29:34 [38;5;117m[DEBUG]: [0mThis is a debug message from thread 2218-09-2026 00:29:34 [38;5;015m[INFO]: [0mThis is a info message from thread 218-09-2026 00:29:34 [38;5;015m[INFO]: [0mThis is a info message from thread 2618-09-2026 00:29:34 [38;5;009m[ERROR]: [0mThis is a error message from thread 2618-09-2026 00:29:34 [38;5;117m[DEBUG]: [0mThis is a debug message from thread 1418-09-2026 00:29:34 [38;5;009m[ERROR]: [0mThis is a error message from thread 1918-09-2026 00:29:34 [38;5;117m[DEBUG]: [0mThis is a debug message from thread 2618-09-2026 00:29:34 [38;5;009m[ERROR]: [0mThis is a error message from thread 618-09-2026 00:29:34 [38;5;009m[ERROR]: [0mThis is a error message from thread 018-09-2026 00:29:34 [38;5;009m[ERROR]: [0mThis is a error message from thread 2918-09-2026 00:29:34 [38;5;015m[INFO]: [0mThis is a info message from thread 2418-09-2026 00:29:34 [38;5;009m[ERROR]: [0mThis is a error message from thread 1518-09-2026 00:29:34 [38;5;009m[ERROR]: [0mThis is a error message from thread 1818-09-2026 00:29:34 [38;5;009m[ERROR]: [0mThis is a error message from thread 218-09-2026 00:29:34 [38;5;015m[INFO]: [0mThis is a info message from thread 2318-09-2026 00:29:34 [38;5;015m[INFO]: [0mThis is a info message from thread 1718-09-2026 00:29:34 [38;5;009m[ERROR]: [0mThis is a error message from thread 2118-09-2026 00:29:34 [38;5;009m[ERROR]: [0mThis is a error message from thread 2418-09-2026 00:29:34 [38;5;015m[INFO]: [0mThis is a info message from thread 418-09-2026 00:29:34 [38;5;117m[DEBUG]: [0mThis is a debug message from thread 2518-09-2026 00:29:34 [38;5;117m[DEBUG]: [0mThis is a debug message from thread 018-09-2026 00:29:34 [38;5;117m[DEBUG]: [0mThis is a debug message from thread 318-09-2026 00:29:34 [38;5;117m[DEBUG]: [0mThis is a debug message from thread 1318-09-2026 00:29:34 [38;5;117m[DEBUG]: [0mThis is a debug message from thread 618-09-2026 00:29:34 [38;5;009m[ERROR]: [0mThis is a error message from thread 2718-09-2026 00:29:34 [38;5;117m[DEBUG]: [0mThis is a debug message from thread 2718-09-2026 00:29:34 [38;5;117m[DEBUG]: [0mThis is a debug message from thread 1518-09-2026 00:29:34 [38;5;009m[ERROR]: [0mThis is a error message from thread 418-09-2026 00:29:34 [38;5;117m[DEBUG]: [0mThis is a debug message from thread 2418-09-2026 00:29:34 [38;5;015m[INFO]: [0mThis is a info message from thread 2018-09-2026 00:29:34 [38;5;009m[ERROR]: [0mThis is a error message from thread 1118-09-2026 00:29:34 [38;5;117m[DEBUG]: [0mThis is a debug message from thread 1118-09-2026 00:29:34 [38;5;009m[ERROR]: [0mThis is a error message from thread 1718-09-2026 00:29:34 [38;5;015m[INFO]: [0mThis is a info message from thread 1518-09-2026 00:29:34 [38;5;015m[INFO]: [0mThis is a info message from thread 918-09-2026 00:29:34 [38;5;117m[DEBUG]: [0mThis is a debug message from thread 1718-09-2026 00:29:34 [38;5;117m[DEBUG]: [0mThis is a debug message from thread 418-09-2026 00:29:34 [38;5;015m[INFO]: [0mThis is a info message from thread 1718-09-2026 00:29:34 [38;5;117m[DEBUG]: [0mThis is a debug message from thread 218-09-2026 00:29:34 [38;5;015m[INFO]: [0mThis is a info message from thread 418-09-2026 00:29:34 [38;5;009m[ERROR]: [0mThis is a error message from thread 1518-09-2026 00:29:34 [38;5;015m[INFO]: [0mThis is a info message from thread 018-09-2026 00:29:34 [38;5;015m[INFO]: [0mThis is a info message from thread 2218-09-2026 00:29:34 [38;5;015m[INFO]: [0mThis is a info message from thread 2618-09-2026 00:29:34 [38;5;117m[DEBUG]: [0mThis is a debug message from thread 1818-09-2026 00:29:34 [38;5;117m[DEBUG]: [0mThis is a debug message from thread 1518-09-2026 00:29:34 [38;5;015m[INFO]: [0mThis is a info message from thread 2518-09-2026 00:29:34 [38;5;015m[INFO]: [0mThis is a info message from thread 318-09-2026 00:29:34 [38;5;015m[INFO]: [0mThis is a info message from thread 2418-09-2026 00:29:34 [38;5;015m[INFO]: [0mThis is a info message from thread 2818-09-2026 00:29:34 [38;5;015m[INFO]: [0mThis is a info message from thread 218-09-2026 00:29:34 [38;5;009m[ERROR]: [0mThis is a error message from thread 2018-09-2026 00:29:34 [38;5;009m[ERROR]: [0mThis is a error message from thread 2518-09-2026 00:29:34 [38;5;009m[ERROR]: [0mThis is a error message from thread 2818-09-2026 00:29:34 [38;5;117m[DEBUG]: [0mThis is a debug message from thread 2018-09-2026 00:29:34 [38;5;117m[DEBUG]: [0mThis is a debug message from thread 2518-09-2026 00:29:34 [38;5;009m[ERROR]: [0mThis is a error message from thread 418-09-2026 00:29:34 [38;5;009m[ERROR]: [0mThis is a error message from thread 918-09-2026 00:29:34 [38;5;009m[ERROR]: [0mThis is a error message from thread 1718-09-2026 00:29:34 [38;5;015m[INFO]: [0mThis is a info message from thread 1418-09-2026 00:29:34 [38;5;015m[INFO]: [0mThis is a info message from thread 1118-09-2026 00:29:34 [38;5;117m[DEBUG]: [0mThis is a debug message from thread 1918-09-2026 00:29:34 [38;5;117m[DEBUG]: [0mThis is a debug message from thread 918-09-2026 00:29:34 [38;5;117m[DEBUG]: [0mThis is a debug message from thread 2918-09-2026 00:29:34 [38;5;117m[DEBUG]: [0mThis is a debug message from thread 1618-09-2026 00:29:34 [38;5;015m[INFO]: [0mThis is a info message from thread 518-09-2026 00:29:34 [38;5;009m[ERROR]: [0mThis is a error message from thread 2418-09-2026 00:29:34 [38;5;117m[DEBUG]: [0mThis is a debug message from thread 1218-09-2026 00:29:34 [38;5;117m[DEBUG]: [0mThis is a debug message from thread 1718-09-2026 00:29:34 [38;5;009m[ERROR]: [0mThis is a error message from thread 2618-09-2026 00:29:34 [38;5;015m[INFO]: [0mThis is a info message from thread 718-09-2026 00:29:34 [38;5;009m[ERROR]: [0mThis is a error message from thread 1118-09-2026 00:29:34 [38;5;009m[ERROR]: [0mThis is a error message from thread 218-09-2026 00:29:34 [38;5;015m[INFO]: [0mThis is a info message from thread 1218-09-2026 00:29:34 [38;5;009m[ERROR]: [0mThis is a error message from thread 518-09-2026 00:29:34 [38;5;015m[INFO]: [0mThis is a info message from thread 1618-09-2026 00:29:34 [38;5;009m[ERROR]: [0mThis is a error message from thread 018-09-2026 00:29:34 [38;5;009m[ERROR]: [0mThis is a error message from thread 1418-09-2026 00:29:34 [38;5;015m[INFO]: [0mThis is a info message from thread 1718-09-2026 00:29:34 [38;5;009m[ERROR]: [0mThis is a error message from thread 1718-09-2026 00:29:34 [38;5;117m[DEBUG]: [0mThis is a debug message from thread 2618-09-2026 00:29:34 [38;5;117m[DEBUG]: [0mThis is a debug message from thread 218-09-2026 00:29:34 [38;5;117m[DEBUG]: [0mThis is a debug message from thread 518-09-2026 00:29:34 [38;5;117m[DEBUG]: [0mThis is a debug message from thread 1718-09-2026 00:29:34 [38;5;009m[ERROR]: [0mThis is a error message from thread 1218-09-2026 00:29:34 [38;5;009m[ERROR]: [0mThis is a error message from thread 718-09-2026 00:29:34 [38;5;009m[ERROR]: [0mThis is a error message from thread 1018-09-2026 00:29:34 [38;5;015m[INFO]: [0mThis is a info message from thread 2618-09-2026 00:29:34 [38;5;015m[INFO]: [0mThis is a info message from thread 1918-09-2026 00:29:34 [38;5;015m[INFO]: [0mThis is a info message from thread 118-09-2026 00:29:34 [38;5;015m[INFO]: [0mThis is a info message from thread 2718-09-2026 00:29:34 [38;5;009m[ERROR]: [0mThis is a error message from thread 2218-09-2026 00:29:34 [38;5;009m[ERROR]: [0mThis is a error message from thread 1918-09-2026 00:29:34 [38;5;009m[ERROR]: [0mThis is a error message from thread 2618-09-2026 00:29:34 [38;5;117m[DEBUG]: [0mThis is a debug message from thread 1418-09-2026 00:29:34 [38;5;015m[INFO]: [0mThis is a info message from thread 1818-09-2026 00:29:34 [38;5;015m[INFO]: [0mThis is a info message from thread 1518-09-2026 00:29:34 [38;5;117m[DEBUG]: [0mThis is a debug message from thread 1918-09-2026 00:29:34 [38;5;015m[INFO]: [0mThis is a info message from thread 2018-09-2026 00:29:34 [38;5;117m[DEBUG]: [0mThis is a debug message from thread 2818-09-2026 00:29:34 [38;5;009m[ERROR]: [0mThis is a error message from thread 318-09-2026 00:29:34 [38;5;015m[INFO]: [0mThis is a info message from thread 2818-09-2026 00:29:34 [38;5;015m[INFO]: [0mThis is a info message from thread 218-09-2026 00:29:34 [38;5;009m[ERROR]: [0mThis is a error message from thread 1518-09-2026 00:29:34 [38;5;015m[INFO]: [0mThis is a info message from thread 1718-09-2026 00:29:34 [38;5;117m[DEBUG]: [0mThis is a debug message from thread 1518-09-2026 00:29:34 [38;5;015m[INFO]: [0mThis is a info message from thread 918-09-2026 00:29:34 [38;5;117m[DEBUG]: [0mThis is a debug message from thread 2118-09-2026 00:29:34 [38;5;015m[INFO]: [0mThis is a info message from thread 2918-09-2026 00:29:34 [38;5;009m[ERROR]: [0mThis is a error message from thread 2018-09-2026 00:29:34 [38;5;117m[DEBUG]: [0mThis is a debug message from thread 2618-09-2026 00:29:34 [38;5;015m[INFO]: [0mThis is a info message from thread 518-09-2026 00:29:34 [38;5;009m[ERROR]: [0mThis is a error message from thread 1618-09-2026 00:29:34 [38;5;009m[ERROR]: [0mThis is a error message from thread 1718-09-2026 00:29:34 [38;5;015m[INFO]: [0mThis is a info message from thread 1418-09-2026 00:29:34 [38;5;009m[ERROR]: [0mThis is a error message from thread 918-09-2026 00:29:34 [38;5;117m[DEBUG]: [0mThis is a debug message from thread 2418-09-2026 00:29:34 [38;5;117m[DEBUG]: [0mThis is a debug message from thread 018-09-2026 00:29:34 [38;5;117m[DEBUG]: [0mThis is a debug message from thread 1118-09-2026 00:29:34 [38;5;009m[ERROR]: [0mThis is a error message from thread 118-09-2026 00:29:34 [38;5;117m[DEBUG]: [0mThis is a debug message from thread 718-09-2026 00:29:34 [38;5;015m[INFO]: [0mThis is a info message from thread 1518-09-2026 00:29:34 [38;5;117m[DEBUG]: [0mThis is a debug message from thread 1618-09-2026 00:29:34 [38;5;009m[ERROR]: [0mThis is a error message from thread 1518-09-2026 00:29:34 [38;5;009m[ERROR]: [0mThis is a error message from thread 2818-09-2026 00:29:34 [38;5;117m[DEBUG]: [0mThis is a debug message from thread 318-09-2026 00:29:34 [38;5;117m[DEBUG]: [0mThis is a debug message from thread 918-09-2026 00:29:34 [38;5;117m[DEBUG]: [0mThis is a debug message from thread 118-09-2026 00:29:34 [38;5;117m[DEBUG]: [0mThis is a debug message from thread 2818-09-2026 00:29:34 [38;5;015m[INFO]: [0mThis is a info message from thread 1618-09-2026 00:29:34 [38;5;009m[ERROR]: [0mThis is a error message from thread 1418-09-2026 00:29:34 [38;5;117m[DEBUG]: [0mThis is a debug message from thread 1218-09-2026 00:29:34 [38;5;117m[DEBUG]: [0mThis is a debug message from thread 1018-09-2026 00:29:34 [38;5;009m[ERROR]: [0mThis is a error message from thread 2318-09-2026 00:29:34 [38;5;015m[INFO]: [0mThis is a info message from thread 1018-09-2026 00:29:34 [38;5;117m[DEBUG]: [0mThis is a debug message from thread 1718-09-2026 00:29:34 [38;5;009m[ERROR]: [0mThis is a error message from thread 1618-09-2026 00:29:34 [38;5;117m[DEBUG]: [0mThis is a debug message from thread 1518-09-2026 00:29:34 [38;5;015m[INFO]: [0mThis is a info message from thread 618-09-2026 00:29:34 [38;5;015m[INFO]: [0mThis is a info message from thread 1118-09-2026 00:29:34 [38;5;117m[DEBUG]: [0mThis is a debug message from thread 2318-09-2026 00:29:34 [38;5;117m[DEBUG]: [0mThis is a debug message from thread 1418-09-2026 00:29:34 [38;5;117m[DEBUG]: [0mThis is a debug message from thread 418-09-2026 00:29:34 [38;5;015m[INFO]: [0mThis is a info message from thread 2618-09-2026 00:29:34 [38;5;117m[DEBUG]: [0mThis is a debug message from thread 1618-09-2026 00:29:34 [38;5;015m[INFO]: [0mThis is a info message from thread 1718-09-2026 00:29:34 [38;5;015m[INFO]: [0mThis is a info message from thread 018-09-2026 00:29:34 [38;5;015m[INFO]: [0mThis is a info message from thread 1618-09-2026 00:29:34 [38;5;015m[INFO]: [0mThis is a info message from thread 418-09-2026 00:29:34 [38;5;015m[INFO]: [0mThis is a info message from thread 1418-09-2026 00:29:34 [38;5;009m[ERROR]: [0mThis is a error message from thread 2718-09-2026 00:29:34 [38;5;009m[ERROR]: [0mThis is a error message from thread 1718-09-2026 00:29:34 [38;5;009m[ERROR]: [0mThis is a error message from thread 1618-09-2026 00:29:34 [38;5;015m[INFO]: [0mThis is a info message from thread 2118-09-2026 00:29:34 [38;5;009m[ERROR]: [0mThis is a error message from thread 1118-09-2026 00:29:34 [38;5;015m[INFO]: [0mThis is a info message from thread 718-09-2026 00:29:34 [38;5;009m[ERROR]: [0mThis is a error message from thread 618-09-2026 00:29:34 [38;5;117m[DEBUG]: [0mThis is a debug message from thread 1718-09-2026 00:29:34 [38;5;009m[ERROR]: [0mThis is a error message from thread 2918-09-2026 00:29:34 [38;5;015m[INFO]: [0mThis is a info message from thread 1318-09-2026 00:29:34 [38;5;117m[DEBUG]: [0mThis is a debug message from thread 2718-09-2026 00:29:34 [38;5;117m[DEBUG]: [0mThis is a debug message from thread 1618-09-2026 00:29:34 [38;5;015m[INFO]: [0mThis is a info message from thread 2718-09-2026 00:29:34 [38;5;015m[INFO]: [0mThis is a info message from thread 918-09-2026 00:29:34 [38;5;009m[ERROR]: [0mThis is a error message from thread 1318-09-2026 00:29:34 [38;5;117m[DEBUG]: [0mThis is a debug message from thread 618-09-2026 00:29:34 [38;5;015m[INFO]: [0mThis is a info message from thread 1718-09-2026 00:29:34 [38;5;117m[DEBUG]: [0mThis is a debug message from thread 2918-09-2026 00:29:34 [38;5;009m[ERROR]: [0mThis is a error message from thread 418-09-2026 00:29:34 [38;5;117m[DEBUG]: [0mThis is a debug message from thread 818-09-2026 00:29:34 [38;5;015m[INFO]: [0mThis is a info message from thread 1518-09-2026 00:29:34 [38;5;009m[ERROR]: [0mThis is a error message from thread 718-09-2026 00:29:34 [38;5;009m[ERROR]: [0mThis is a error message from thread 2118-09-2026 00:29:34 [38;5;009m[ERROR]: [0mThis is a error message from thread 2718-09-2026 00:29:34 [38;5;009m[ERROR]: [0mThis is a error message from thread 1518-09-2026 00:29:34 [38;5;117m[DEBUG]: [0mThis is a debug message from thread 2118-09-2026 00:29:34 [38;5;009m[ERROR]: [0mThis is a error message from thread 218-09-2026 00:29:34 [38;5;117m[DEBUG]: [0mThis is a debug message from thread 2718-09-2026 00:29:34 [38;5;015m[INFO]: [0mThis is a info message from thread 2118-09-2026 00:29:34 [38;5;009m[ERROR]: [0mThis is a error message from thread 918-09-2026 00:29:34 [38;5;009m[ERROR]: [0mThis is a error message from thread 518-09-2026 00:29:34 [38;5;015m[INFO]: [0mThis is a info message from thread 2718-09-2026 00:29:34 [38;5;015m[INFO]: [0mThis is a info message from thread 2318-09-2026 00:29:34 [38;5;015m[INFO]: [0mThis is a info message from thread 1618-09-2026 00:29:34 [38;5;009m[ERROR]: [0mThis is a error message from thread 2318-09-2026 00:29:34 [38;5;015m[INFO]: [0mThis is a info message from thread 1918-09-2026 00:29:34 [38;5;009m[ERROR]: [0mThis is a error message from thread 1618-09-2026 00:29:34 [38;5;117m[DEBUG]: [0mThis is a debug message from thread 518-09-2026 00:29:34 [38;5;009m[ERROR]: [0mThis is a error message from thread 1918-09-2026 00:29:34 [38;5;117m[DEBUG]: [0mThis is a debug message from thread 1618-09-2026 00:29:34 [38;5;015m[INFO]: [0mThis is a info message from thread 518-09-2026 00:29:34 [38;5;117m[DEBUG]: [0mThis is a debug message from thread 418-09-2026 00:29:34 [38;5;015m[INFO]: [0mThis is a info message from thread 1618-09-2026 00:29:34 [38;5;117m[DEBUG]: [0mThis is a debug message from thread 2018-09-2026 00:29:34 [38;5;009m[ERROR]: [0mThis is a error message from thread 1618-09-2026 00:29:34 [38;5;015m[INFO]: [0mThis is a info message from thread 118-09-2026 00:29:34 [38;5;117m[DEBUG]: [0mThis is a debug message from thread 1618-09-2026 00:29:34 [38;5;015m[INFO]: [0mThis is a info message from thread 2018-09-2026 00:29:34 [38;5;015m[INFO]: [0mThis is a info message from thread 2418-09-2026 00:29:34 [38;5;015m[INFO]: [0mThis is a info message from thread 2518-09-2026 00:29:34 [38;5;009m[ERROR]: [0mThis is a error message from thread 2018-09-2026 00:29:34 [38;5;009m[ERROR]: [0mThis is a error message from thread 2418-09-2026 00:29:34 [38;5;117m[DEBUG]: [0mThis is a debug message from thread 718-09-2026 00:29:34 [38;5;015m[INFO]: [0mThis is a info message from thread 818-09-2026 00:29:34 [38;5;117m[DEBUG]: [0mThis is a debug message from thread 2418-09-2026 00:29:34 [38;5;009m[ERROR]: [0mThis is a error message from thread 818-09-2026 00:29:34 [38;5;117m[DEBUG]: [0mThis is a debug message from thread 218-09-2026 00:29:34 [38;5;015m[INFO]: [0mThis is a info message from thread 2418-09-2026 00:29:34 [38;5;009m[ERROR]: [0mThis is a error message from thread 2718-09-2026 00:29:34 [38;5;015m[INFO]: [0mThis is a info message from thread 218-09-2026 00:29:34 [38;5;117m[DEBUG]: [0mThis is a debug message from thread 818-09-2026 00:29:34 [38;5;009m[ERROR]: [0mThis is a error message from thread 2418-09-2026 00:29:34 [38;5;015m[INFO]: [0mThis is a info message from thread 818-09-2026 00:29:34 [38;5;009m[ERROR]: [0mThis is a error message from thread 218-09-2026 00:29:34 [38;5;009m[ERROR]: [0mThis is a error message from thread 818-09-2026 00:29:34 [38;5;117m[DEBUG]: [0mThis is a debug message from thread 2018-09-2026 00:29:34 [38;5;015m[INFO]: [0mThis is a info message from thread 718-09-2026 00:29:34 [38;5;015m[INFO]: [0mThis is a info message from thread 2018-09-2026 00:29:34 [38;5;015m[INFO]: [0mThis is a info message from thread 1618-09-2026 00:29:34 [38;5;009m[ERROR]: [0mThis is a error message from thread 718-09-2026 00:29:34 [38;5;117m[DEBUG]: [0mThis is a debug message from thread 2718-09-2026 00:29:34 [38;5;009m[ERROR]: [0mThis is a error message from thread 1818-09-2026 00:29:34 [38;5;117m[DEBUG]: [0mThis is a debug message from thread 718-09-2026 00:29:34 [38;5;009m[ERROR]: [0mThis is a error message from thread 2118-09-2026 00:29:34 [38;5;117m[DEBUG]: [0mThis is a debug message from thread 218-09-2026 00:29:34 [38;5;117m[DEBUG]: [0mThis is a debug message from thread 2418-09-2026 00:29:34 [38;5;117m[DEBUG]: [0mThis is a debug message from thread 818-09-2026 00:29:34 [38;5;117m[DEBUG]: [0mThis is a debug message from thread 2218-09-2026 00:29:34 [38;5;009m[ERROR]: [0mThis is a error message from thread 1418-09-2026 00:29:34 [38;5;009m[ERROR]: [0mThis is a error message from thread 018-09-2026 00:29:34 [38;5;009m[ERROR]: [0mThis is a error message from thread 2018-09-2026 00:29:34 [38;5;009m[ERROR]: [0mThis is a error message from thread 1018-09-2026 00:29:34 [38;5;009m[ERROR]: [0mThis is a error message from thread 1618-09-2026 00:29:34 [38;5;009m[ERROR]: [0mThis is a error message from thread 518-09-2026 00:29:34 [38;5;009m[ERROR]: [0mThis is a error message from thread 2618-09-2026 00:29:34 [38;5;117m[DEBUG]: [0mThis is a debug message from thread 2018-09-2026 00:29:34 [38;5;117m[DEBUG]: [0mThis is a debug message from thread 1118-09-2026 00:29:34 [38;5;015m[INFO]: [0mThis is a info message from thread 2218-09-2026 00:29:34 [38;5;015m[INFO]: [0mThis is a info message from thread 318-09-2026 00:29:34 [38;5;009m[ERROR]: [0mThis is a error message from thread 118-09-2026 00:29:34 [38;5;117m[DEBUG]: [0mThis is a debug message from thread 1518-09-2026 00:29:34 [38;5;117m[DEBUG]: [0mThis is a debug message from thread 2318-09-2026 00:29:34 [38;5;015m[INFO]: [0mThis is a info message from thread 2018-09-2026 00:29:34 [38;5;117m[DEBUG]: [0mThis is a debug message from thread 1418-09-2026 00:29:34 [38;5;015m[INFO]: [0mThis is a info message from thread 2418-09-2026 00:29:34 [38;5;117m[DEBUG]: [0mThis is a debug message from thread 2118-09-2026 00:29:34 [38;5;015m[INFO]: [0mThis is a info message from thread 718-09-2026 00:29:34 [38;5;015m[INFO]: [0mThis is a info message from thread 2818-09-2026 00:29:34 [38;5;015m[INFO]: [0mThis is a info message from thread 818-09-2026 00:29:34 [38;5;009m[ERROR]: [0mThis is a error message from thread 2518-09-2026 00:29:34 [38;5;015m[INFO]: [0mThis is a info message from thread 1118-09-2026 00:29:34 [38;5;015m[INFO]: [0mThis is a info message from thread 1218-09-2026 00:29:34 [38;5;009m[ERROR]: [0mThis is a error message from thread 2818-09-2026 00:29:34 [38;5;117m[DEBUG]: [0mThis is a debug message from thread 1818-09-2026 00:29:34 [38;5;015m[INFO]: [0mThis is a info message from thread 2918-09-2026 00:29:34 [38;5;015m[INFO]: [0mThis is a info message from thread 1518-09-2026 00:29:34 [38;5;015m[INFO]: [0mThis is a info message from thread 2118-09-2026 00:29:34 [38;5;009m[ERROR]: [0mThis is a error message from thread 2918-09-2026 00:29:34 [38;5;009m[ERROR]: [0mThis is a error message from thread 1718-09-2026 00:29:34 [38;5;009m[ERROR]: [0mThis is a error message from thread 2018-09-2026 00:29:34 [38;5;009m[ERROR]: [0mThis is a error message from thread 2218-09-2026 00:29:34 [38;5;117m[DEBUG]: [0mThis is a debug message from thread 2518-09-2026 00:29:34 [38;5;117m[DEBUG]: [0mThis is a debug message from thread 2218-09-2026 00:29:34 [38;5;117m[DEBUG]: [0mThis is a debug message from thread 018-09-2026 00:29:34 [38;5;117m[DEBUG]: [0mThis is a debug message from thread 2018-09-2026 00:29:34 [38;5;015m[INFO]: [0mThis is a info message from thread 1818-09-2026 00:29:34 [38;5;117m[DEBUG]: [0mThis is a debug message from thread 2918-09-2026 00:29:34 [38;5;015m[INFO]: [0mThis is a info message from thread 218-09-2026 00:29:34 [38;5;015m[INFO]: [0mThis is a info message from thread 2518-09-2026 00:29:34 [38;5;009m[ERROR]: [0mThis is a error message from thread 218-09-2026 00:29:34 [38;5;117m[DEBUG]: [0mThis is a debug message from thread 2618-09-2026 00:29:34 [38;5;117m[DEBUG]: [0mThis is a debug message from thread 118-09-2026 00:29:34 [38;5;015m[INFO]: [0mThis is a info message from thread 2018-09-2026 00:29:34 [38;5;009m[ERROR]: [0mThis is a error message from thread 1818-09-2026 00:29:34 [38;5;015m[INFO]: [0mThis is a info message from thread 2918-09-2026 00:29:34 [38;5;009m[ERROR]: [0mThis is a error message from thread 2518-09-2026 00:29:34 [38;5;117m[DEBUG]: [0mThis is a debug message from thread 1318-09-2026 00:29:34 [38;5;009m[ERROR]: [0mThis is a error message from thread 1218-09-2026 00:29:34 [38;5;009m[ERROR]: [0mThis is a error message from thread 2018-09-2026 00:29:34 [38;5;009m[ERROR]: [0mThis is a error message from thread 2918-09-2026 00:29:34 [38;5;009m[ERROR]: [0mThis is a error message from thread 318-09-2026 00:29:34 [38;5;117m[DEBUG]: [0mThis is a debug message from thread 518-09-2026 00:29:34 [38;5;015m[INFO]: [0mThis is a info message from thread 018-09-2026 00:29:34 [38;5;015m[INFO]: [0mThis is a info message from thread 2318-09-2026 00:29:34 [38;5;117m[DEBUG]: [0mThis is a debug message from thread 218-09-2026 00:29:34 [38;5;117m[DEBUG]: [0mThis is a debug message from thread 1818-09-2026 00:29:34 [38;5;015m[INFO]: [0mThis is a info message from thread 418-09-2026 00:29:34 [38;5;015m[INFO]: [0mThis is a info message from thread 618-09-2026 00:29:34 [38;5;117m[DEBUG]: [0mThis is a debug message from thread 2518-09-2026 00:29:34 [38;5;117m[DEBUG]: [0mThis is a debug message from thread 1218-09-2026 00:29:34 [38;5;015m[INFO]: [0mThis is a info message from thread 2718-09-2026 00:29:34 [38;5;009m[ERROR]: [0mThis is a error message from thread 618-09-2026 00:29:34 [38;5;015m[INFO]: [0mThis is a info message from thread 518-09-2026 00:29:34 [38;5;015m[INFO]: [0mThis is a info message from thread 1218-09-2026 00:29:34 [38;5;015m[INFO]: [0mThis is a info message from thread 2618-09-2026 00:29:34 [38;5;117m[DEBUG]: [0mThis is a debug message from thread 1618-09-2026 00:29:34 [38;5;009m[ERROR]: [0mThis is a error message from thread 718-09-2026 00:29:34 [38;5;009m[ERROR]: [0mThis is a error message from thread 1118-09-2026 00:29:34 [38;5;117m[DEBUG]: [0mThis is a debug message from thread 2018-09-2026 00:29:34 [38;5;117m[DEBUG]: [0mThis is a debug message from thread 1018-09-2026 00:29:34 [38;5;009m[ERROR]: [0mThis is a error message from thread 1518-09-2026 00:29:34 [38;5;015m[INFO]: [0mThis is a info message from thread 1418-09-2026 00:29:34 [38;5;009m[ERROR]: [0mThis is a error message from thread 2718-09-2026 00:29:34 [38;5;015m[INFO]: [0mThis is a info message from thread 2018-09-2026 00:29:34 [38;5;117m[DEBUG]: [0mThis is a debug message from thread 2818-09-2026 00:29:34 [38;5;009m[ERROR]: [0mThis is a error message from thread 2118-09-2026 00:29:34 [38;5;015m[INFO]: [0mThis is a info message from thread 2518-09-2026 00:29:34 [38;5;009m[ERROR]: [0mThis is a error message from thread 2518-09-2026 00:29:34 [38;5;117m[DEBUG]: [0mThis is a debug message from thread 2118-09-2026 00:29:34 [38;5;117m[DEBUG]: [0mThis is a debug message from thread 2518-09-2026 00:29:34 [38;5;015m[INFO]: [0mThis is a info message from thread 2518-09-2026 00:29:34 [38;5;117m[DEBUG]: [0mThis is a debug message from thread 1118-09-2026 00:29:34 [38;5;015m[INFO]: [0mThis is a info message from thread 2118-09-2026 00:29:34 [38;5;015m[INFO]: [0mThis is a info message from thread 1118-09-2026 00:29:34 [38;5;117m[DEBUG]: [0mThis is a debug message from thread 718-09-2026 00:29:34 [38;5;015m[INFO]: [0mThis is a info message from thread 2818-09-2026 00:29:34 [38;5;009m[ERROR]: [0mThis is a error message from thread 2018-09-2026 00:29:34 [38;5;009m[ERROR]: [0mThis is a error message from thread 2118-09-2026 00:29:34 [38;5;015m[INFO]: [0mThis is a info message from thread 2218-09-2026 00:29:34 [38;5;009m[ERROR]: [0mThis is a error message from thread 1218-09-2026 00:29:34 [38;5;015m[INFO]: [0mThis is a info message from thread 118-09-2026 00:29:34 [38;5;015m[INFO]: [0mThis is a info message from thread 1318-09-2026 00:29:34 [38;5;117m[DEBUG]: [0mThis is a debug message from thread 2018-09-2026 00:29:34 [38;5;009m[ERROR]: [0mThis is a error message from thread 2618-09-2026 00:29:34 [38;5;009m[ERROR]: [0mThis is a error message from thread 2518-09-2026 00:29:34 [38;5;117m[DEBUG]: [0mThis is a debug message from thread 1518-09-2026 00:29:34 [38;5;009m[ERROR]: [0mThis is a error message from thread 2418-09-2026 00:29:34 [38;5;009m[ERROR]: [0mThis is a error message from thread 018-09-2026 00:29:34 [38;5;117m[DEBUG]: [0mThis is a debug message from thread 1218-09-2026 00:29:34 [38;5;009m[ERROR]: [0mThis is a error message from thread 2218-09-2026 00:29:34 [38;5;117m[DEBUG]: [0mThis is a debug message from thread 2118-09-2026 00:29:34 [38;5;117m[DEBUG]: [0mThis is a debug message from thread 2518-09-2026 00:29:34 [38;5;117m[DEBUG]: [0mThis is a debug message from thread 2418-09-2026 00:29:34 [38;5;117m[DEBUG]: [0mThis is a debug message from thread 018-09-2026 00:29:34 [38;5;015m[INFO]: [0mThis is a info message from thread 2418-09-2026 00:29:34 [38;5;117m[DEBUG]: [0mThis is a debug message from thread 918-09-2026 00:29:34 [38;5;015m[INFO]: [0mThis is a info message from thread 1518-09-2026 00:29:34 [38;5;009m[ERROR]: [0mThis is a error message from thread 1418-09-2026 00:29:34 [38;5;015m[INFO]: [0mThis is a info message from thread 2118-09-2026 00:29:34 [38;5;117m[DEBUG]: [0mThis is a debug message from thread 2218-09-2026 00:29:34 [38;5;015m[INFO]: [0mThis is a info message from thread 218-09-2026 00:29:34 [38;5;015m[INFO]: [0mThis is a info message from thread 918-09-2026 00:29:34 [38;5;009m[ERROR]: [0mThis is a error message from thread 218-09-2026 00:29:34 [38;5;015m[INFO]: [0mThis is a info message from thread 2218-09-2026 00:29:34 [38;5;009m[ERROR]: [0mThis is a error message from thread 418-09-2026 00:29:34 [38;5;015m[INFO]: [0mThis is a info message from thread 1218-09-2026 00:29:34 [38;5;009m[ERROR]: [0mThis is a error message from thread 518-09-2026 00:29:34 [38;5;015m[INFO]: [0mThis is a info message from thread 1818-09-2026 00:29:34 [38;5;009m[ERROR]: [0mThis is a error message from thread 2318-09-2026 00:29:34 [38;5;009m[ERROR]: [0mThis is a error message from thread 818-09-2026 00:29:34 [38;5;117m[DEBUG]: [0mThis is a debug message from thread 2918-09-2026 00:29:34 [38;5;015m[INFO]: [0mThis is a info message from thread 1018-09-2026 00:29:34 [38;5;009m[ERROR]: [0mThis is a error message from thread 2118-09-2026 00:29:34 [38;5;117m[DEBUG]: [0mThis is a debug message from thread 818-09-2026 00:29:34 [38;5;015m[INFO]: [0mThis is a info message from thread 1618-09-2026 00:29:34 [38;5;009m[ERROR]: [0mThis is a error message from thread 2218-09-2026 00:29:34 [38;5;117m[DEBUG]: [0mThis is a debug message from thread 518-09-2026 00:29:34 [38;5;117m[DEBUG]: [0mThis is a debug message from thread 1718-09-2026 00:29:34 [38;5;015m[INFO]: [0mThis is a info message from thread 718-09-2026 00:29:34 [38;5;117m[DEBUG]: [0mThis is a debug message from thread 418-09-2026 00:29:34 [38;5;015m[INFO]: [0mThis is a info message from thread 2918-09-2026 00:29:34 [38;5;015m[INFO]: [0mThis is a info message from thread 818-09-2026 00:29:34 [38;5;117m[DEBUG]: [0mThis is a debug message from thread 218-09-2026 00:29:34 [38;5;117m[DEBUG]: [0mThis is a debug message from thread 618-09-2026 00:29:34 [38;5;009m[ERROR]: [0mThis is a error message from thread 818-09-2026 00:29:34 [38;5;009m[ERROR]: [0mThis is a error message from thread 1618-09-2026 00:29:34 [38;5;117m[DEBUG]: [0mThis is a debug message from thread 2718-09-2026 00:29:34 [38;5;015m[INFO]: [0mThis is a info message from thread 218-09-2026 00:29:34 [38;5;117m[DEBUG]: [0mThis is a debug message from thread 2618-09-2026 00:29:34 [38;5;009m[ERROR]: [0mThis is a error message from thread 718-09-2026 00:29:34 [38;5;009m[ERROR]: [0mThis is a error message from thread 2918-09-2026 00:29:34 [38;5;009m[ERROR]: [0mThis is a error message from thread 1318-09-2026 00:29:34 [38;5;117m[DEBUG]: [0mThis is a debug message from thread 2318-09-2026 00:29:34 [38;5;117m[DEBUG]: [0mThis is a debug message from thread 818-09-2026 00:29:34 [38;5;009m[ERROR]: [0mThis is a error message from thread 118-09-2026 00:29:34 [38;5;015m[INFO]: [0mThis is a info message from thread 2518-09-2026 00:29:34 [38;5;009m[ERROR]: [0mThis is a error message from thread 1118-09-2026 00:29:34 [38;5;015m[INFO]: [0mThis is a info message from thread 2018-09-2026 00:29:34 [38;5;015m[INFO]: [0mThis is a info message from thread 418-09-2026 00:29:34 [38;5;117m[DEBUG]: [0mThis is a debug message from thread 2918-09-2026 00:29:34 [38;5;117m[DEBUG]: [0mThis is a debug message from thread 1618-09-2026 00:29:34 [38;5;015m[INFO]: [0mThis is a info message from thread 2618-09-2026 00:29:34 [38;5;117m[DEBUG]: [0mThis is a debug message from thread 1918-09-2026 00:29:34 [38;5;009m[ERROR]: [0mThis is a error message from thread 918-09-2026 00:29:34 [38;5;015m[INFO]: [0mThis is a info message from thread 518-09-2026 00:29:34 [38;5;015m[INFO]: [0mThis is a info message from thread 1918-09-2026 00:29:34 [38;5;009m[ERROR]: [0mThis is a error message from thread 518-09-2026 00:29:34 [38;5;009m[ERROR]: [0mThis is a error message from thread 2618-09-2026 00:29:34 [38;5;117m[DEBUG]: [0mThis is a debug message from thread 918-09-2026 00:29:34 [38;5;015m[INFO]: [0mThis is a info message from thread 818-09-2026 00:29:34 [38;5;009m[ERROR]: [0mThis is a error message from thread 2518-09-2026 00:29:34 [38;5;117m[DEBUG]: [0mThis is a debug message from thread 2618-09-2026 00:29:34 [38;5;009m[ERROR]: [0mThis is a error message from thread 1918-09-2026 00:29:34 [38;5;009m[ERROR]: [0mThis is a error message from thread 1018-09-2026 00:29:34 [38;5;015m[INFO]: [0mThis is a info message from thread 1618-09-2026 00:29:34 [38;5;009m[ERROR]: [0mThis is a error message from thread 1518-09-2026 00:29:34 [38;5;009m[ERROR]: [0mThis is a error message from thread 418-09-2026 00:29:34 [38;5;117m[DEBUG]: [0mThis is a debug message from thread 2518-09-2026 00:29:34 [38;5;117m[DEBUG]: [0mThis is a debug message from thread 118-09-2026 00:29:34 [38;5;117m[DEBUG]: [0mThis is a debug message from thread 1918-09-2026 00:29:34 [38;5;117m[DEBUG]: [0mThis is a debug message from thread 1518-09-2026 00:29:34 [38;5;117m[DEBUG]: [0mThis is a debug message from thread 518-09-2026 00:29:34 [38;5;015m[INFO]: [0mThis is a info message from thread 2618-09-2026 00:29:34 [38;5;015m[INFO]: [0mThis is a info message from thread 018-09-2026 00:29:34 [38;5;009m[ERROR]: [0mThis is a error message from thread 2618-09-2026 00:29:34 [38;5;117m[DEBUG]: [0mThis is a debug message from thread 418-09-2026 00:29:34 [38;5;009m[ERROR]: [0mThis is a error message from thread 1218-09-2026 00:29:34 [38;5;015m[INFO]: [0mThis is a info message from thread 1518-09-2026 00:29:34 [38;5;015m[INFO]: [0mThis is a info message from thread 118-09-2026 00:29:34 [38;5;009m[ERROR]: [0mThis is a error message from thread 2818-09-2026 00:29:34 [38;5;009m[ERROR]: [0mThis is a error message from thread 2018-09-2026 00:29:34 [38;5;015m[INFO]: [0mThis is a info message from thread 2918-09-2026 00:29:34 [38;5;015m[INFO]: [0mThis is a info message from thread 418-09-2026 00:29:34 [38;5;009m[ERROR]: [0mThis is a error message from thread 1818-09-2026 00:29:34 [38;5;117m[DEBUG]: [0mThis is a debug message from thread 2118-09-2026 00:29:34 [38;5;009m[ERROR]: [0mThis is a error message from thread 2418-09-2026 00:29:34 [38;5;015m[INFO]: [0mThis is a info message from thread 2518-09-2026 00:29:34 [38;5;009m[ERROR]: [0mThis is a error message from thread 1518-09-2026 00:29:34 [38;5;117m[DEBUG]: [0mThis is a debug message from thread 1118-09-2026 00:29:34 [38;5;117m[DEBUG]: [0mThis is a debug message from thread 2218-09-2026 00:29:34 [38;5;009m[ERROR]: [0mThis is a error message from thread 018-09-2026 00:29:34 [38;5;117m[DEBUG]: [0mThis is a debug message from thread 1818-09-2026 00:29:34 [38;5;117m[DEBUG]: [0mThis is a debug message from thread 2618-09-2026 00:29:34 [38;5;117m[DEBUG]: [0mThis is a debug message from thread 2018-09-2026 00:29:34 [38;5;015m[INFO]: [0mThis is a info message from thread 518-09-2026 00:29:34 [38;5;117m[DEBUG]: [0mThis is a debug message from thread 318-09-2026 00:29:34 [38;5;015m[INFO]: [0mThis is a info message from thread 2218-09-2026 00:29:34 [38;5;009m[ERROR]: [0mThis is a error message from thread 418-09-2026 00:29:34 [38;5;015m[INFO]: [0mThis is a info message from thread 2618-09-2026 00:29:34 [38;5;117m[DEBUG]: [0mThis is a debug message from thread 018-09-2026 00:29:34 [38;5;015m[INFO]: [0mThis is a info message from thread 2018-09-2026 00:29:34 [38;5;117m[DEBUG]: [0mThis is a debug message from thread 1518-09-2026 00:29:34 [38;5;117m[DEBUG]: [0mThis is a debug message from thread 1318-09-2026 00:29:34 [38;5;015m[INFO]: [0mThis is a info message from thread 918-09-2026 00:29:34 [38;5;009m[ERROR]: [0mThis is a error message from thread 218-09-2026 00:29:34 [38;5;015m[INFO]: [0mThis is a info message from thread 2718-09-2026 00:29:34 [38;5;015m[INFO]: [0mThis is a info message from thread 1318-09-2026 00:29:34 [38;5;009m[ERROR]: [0mThis is a error message from thread 818-09-2026 00:29:34 [38;5;009m[ERROR]: [0mThis is a error message from thread 918-09-2026 00:29:34 [38;5;117m[DEBUG]: [0mThis is a debug message from thread 1218-09-2026 00:29:34 [38;5;117m[DEBUG]: [0mThis is a debug message from thread 2818-09-2026 00:29:34 [38;5;009m[ERROR]: [0mThis is a error message from thread 2018-09-2026 00:29:34 [38;5;009m[ERROR]: [0mThis is a error message from thread 2718-09-2026 00:29:34 [38;5;009m[ERROR]: [0mThis is a error message from thread 2218-09-2026 00:29:34 [38;5;009m[ERROR]: [0mThis is a error message from thread 2618-09-2026 00:29:34 [38;5;009m[ERROR]: [0mThis is a error message from thread 1318-09-2026 00:29:34 [38;5;117m[DEBUG]: [0mThis is a debug message from thread 1418-09-2026 00:29:34 [38;5;117m[DEBUG]: [0mThis is a debug message from thread 1318-09-2026 00:29:34 [38;5;015m[INFO]: [0mThis is a info message from thread 2318-09-2026 00:29:34 [38;5;117m[DEBUG]: [0mThis is a debug message from thread 818-09-2026 00:29:34 [38;5;009m[ERROR]: [0mThis is a error message from thread 2918-09-2026 00:29:34 [38;5;117m[DEBUG]: [0mThis is a debug message from thread 218-09-2026 00:29:34 [38;5;117m[DEBUG]: [0mThis is a debug message from thread 2918-09-2026 00:29:34 [38;5;117m[DEBUG]: [0mThis is a debug message from thread 2218-09-2026 00:29:34 [38;5;015m[INFO]: [0mThis is a info message from thread 1318-09-2026 00:29:34 [38;5;117m[DEBUG]: [0mThis is a debug message from thread 2618-09-2026 00:29:34 [38;5;015m[INFO]: [0mThis is a info message from thread 818-09-2026 00:29:34 [38;5;015m[INFO]: [0mThis is a info message from thread 2118-09-2026 00:29:34 [38;5;009m[ERROR]: [0mThis is a error message from thread 2118-09-2026 00:29:34 [38;5;009m[ERROR]: [0mThis is a error message from thread 818-09-2026 00:29:34 [38;5;015m[INFO]: [0mThis is a info message from thread 2618-09-2026 00:29:34 [38;5;009m[ERROR]: [0mThis is a error message from thread 2518-09-2026 00:29:34 [38;5;117m[DEBUG]: [0mThis is a debug message from thread 2018-09-2026 00:29:34 [38;5;015m[INFO]: [0mThis is a info message from thread 2918-09-2026 00:29:34 [38;5;009m[ERROR]: [0mThis is a error message from thread 1318-09-2026 00:29:34 [38;5;015m[INFO]: [0mThis is a info message from thread 2818-09-2026 00:29:34 [38;5;117m[DEBUG]: [0mThis is a debug message from thread 2418-09-2026 00:29:34 [38;5;009m[ERROR]: [0mThis is a error message from thread 2618-09-2026 00:29:34 [38;5;015m[INFO]: [0mThis is a info message from thread 2018-09-2026 00:29:34 [38;5;015m[INFO]: [0mThis is a info message from thread 1218-09-2026 00:29:34 [38;5;015m[INFO]: [0mThis is a info message from thread 1418-09-2026 00:29:34 [38;5;117m[DEBUG]: [0mThis is a debug message from thread 2618-09-2026 00:29:34 [38;5;117m[DEBUG]: [0mThis is a debug message from thread 818-09-2026 00:29:34 [38;5;009m[ERROR]: [0mThis is a error message from thread 2018-09-2026 00:29:34 [38;5;009m[ERROR]: [0mThis is a error message from thread 2818-09-2026 00:29:34 [38;5;009m[ERROR]: [0mThis is a error message from thread 1418-09-2026 00:29:34 [38;5;117m[DEBUG]: [0mThis is a debug message from thread 2518-09-2026 00:29:34 [38;5;015m[INFO]: [0mThis is a info message from thread 2618-09-2026 00:29:34 [38;5;015m[INFO]: [0mThis is a info message from thread 2418-09-2026 00:29:34 [38;5;117m[DEBUG]: [0mThis is a debug message from thread 2018-09-2026 00:29:34 [38;5;009m[ERROR]: [0mThis is a error message from thread 2618-09-2026 00:29:34 [38;5;015m[INFO]: [0mThis is a info message from thread 1718-09-2026 00:29:34 [38;5;015m[INFO]: [0mThis is a info message from thread 618-09-2026 00:29:34 [38;5;009m[ERROR]: [0mThis is a error message from thread 1718-09-2026 00:29:34 [38;5;009m[ERROR]: [0mThis is a error message from thread 2318-09-2026 00:29:34 [38;5;117m[DEBUG]: [0mThis is a debug message from thread 2818-09-2026 00:29:34 [38;5;015m[INFO]: [0mThis is a info message from thread 1818-09-2026 00:29:34 [38;5;015m[INFO]: [0mThis is a info message from thread 2218-09-2026 00:29:34 [38;5;117m[DEBUG]: [0mThis is a debug message from thread 2618-09-2026 00:29:34 [38;5;009m[ERROR]: [0mThis is a error message from thread 2418-09-2026 00:29:34 [38;5;117m[DEBUG]: [0mThis is a debug message from thread 1018-09-2026 00:29:34 [38;5;009m[ERROR]: [0mThis is a error message from thread 2218-09-2026 00:29:34 [38;5;117m[DEBUG]: [0mThis is a debug message from thread 1418-09-2026 00:29:34 [38;5;015m[INFO]: [0mThis is a info message from thread 2818-09-2026 00:29:34 [38;5;015m[INFO]: [0mThis is a info message from thread 218-09-2026 00:29:34 [38;5;117m[DEBUG]: [0mThis is a debug message from thread 1318-09-2026 00:29:34 [38;5;009m[ERROR]: [0mThis is a error message from thread 518-09-2026 00:29:34 [38;5;015m[INFO]: [0mThis is a info message from thread 2618-09-2026 00:29:34 [38;5;117m[DEBUG]: [0mThis is a debug message from thread 2418-09-2026 00:29:34 [38;5;015m[INFO]: [0mThis is a info message from thread 818-09-2026 00:29:34 [38;5;015m[INFO]: [0mThis is a info message from thread 2018-09-2026 00:29:34 [38;5;117m[DEBUG]: [0mThis is a debug message from thread 1718-09-2026 00:29:34 [38;5;015m[INFO]: [0mThis is a info message from thread 1918-09-2026 00:29:34 [38;5;015m[INFO]: [0mThis is a info message from thread 1718-09-2026 00:29:34 [38;5;015m[INFO]: [0mThis is a info message from thread 2418-09-2026 00:29:34 [38;5;009m[ERROR]: [0mThis is a error message from thread 2018-09-2026 00:29:34 [38;5;009m[ERROR]: [0mThis is a error message from thread 2618-09-2026 00:29:34 [38;5;015m[INFO]: [0mThis is a info message from thread 1418-09-2026 00:29:34 [38;5;117m[DEBUG]: [0mThis is a debug message from thread 2318-09-2026 00:29:34 [38;5;009m[ERROR]: [0mThis is a error message from thread 2418-09-2026 00:29:34 [38;5;117m[DEBUG]: [0mThis is a debug message from thread 2018-09-2026 00:29:34 [38;5;015m[INFO]: [0mThis is a info message from thread 2518-09-2026 00:29:34 [38;5;009m[ERROR]: [0mThis is a error message from thread 1818-09-2026 00:29:34 [38;5;117m[DEBUG]: [0mThis is a debug message from thread 1818-09-2026 00:29:34 [38;5;009m[ERROR]: [0mThis is a error message from thread 2518-09-2026 00:29:34 [38;5;009m[ERROR]: [0mThis is a error message from thread 1618-09-2026 00:29:34 [38;5;015m[INFO]: [0mThis is a info message from thread 2018-09-2026 00:29:34 [38;5;117m[DEBUG]: [0mThis is a debug message from thread 1618-09-2026 00:29:34 [38;5;117m[DEBUG]: [0mThis is a debug message from thread 2518-09-2026 00:29:34 [38;5;117m[DEBUG]: [0mThis is a debug message from thread 2218-09-2026 00:29:34 [38;5;015m[INFO]: [0mThis is a info message from thread 1618-09-2026 00:29:34 [38;5;009m[ERROR]: [0mThis is a error message from thread 2018-09-2026 00:29:34 [38;5;117m[DEBUG]: [0mThis is a debug message from thread 718-09-2026 00:29:34 [38;5;009m[ERROR]: [0mThis is a error message from thread 1918-09-2026 00:29:34 [38;5;009m[ERROR]: [0mThis is a error message from thread 1618-09-2026 00:29:34 [38;5;015m[INFO]: [0mThis is a info message from thread 2518-09-2026 00:29:34 [38;5;015m[INFO]: [0mThis is a info message from thread 2218-09-2026 00:29:34 [38;5;015m[INFO]: [0mThis is a info message from thread 718-09-2026 00:29:34 [38;5;117m[DEBUG]: [0mThis is a debug message from thread 2418-09-2026 00:29:34 [38;5;117m[DEBUG]: [0mThis is a debug message from thread 518-09-2026 00:29:34 [38;5;117m[DEBUG]: [0mThis is a debug message from thread 1618-09-2026 00:29:34 [38;5;015m[INFO]: [0mThis is a info message from thread 2418-09-2026 00:29:34 [38;5;015m[INFO]: [0mThis is a info message from thread 1618-09-2026 00:29:34 [38;5;009m[ERROR]: [0mThis is a error message from thread 2418-09-2026 00:29:34 [38;5;117m[DEBUG]: [0mThis is a debug message from thread 2018-09-2026 00:29:34 [38;5;009m[ERROR]: [0mThis is a error message from thread 2518-09-2026 00:29:34 [38;5;009m[ERROR]: [0mThis is a error message from thread 718-09-2026 00:29:34 [38;5;015m[INFO]: [0mThis is a info message from thread 1318-09-2026 00:29:34 [38;5;015m[INFO]: [0mThis is a info message from thread 1818-09-2026 00:29:34 [38;5;117m[DEBUG]: [0mThis is a debug message from thread 1918-09-2026 00:29:34 [38;5;117m[DEBUG]: [0mThis is a debug message from thread 2518-09-2026 00:29:34 [38;5;015m[INFO]: [0mThis is a info message from thread 1918-09-2026 00:29:34 [38;5;015m[INFO]: [0mThis is a info message from thread 1118-09-2026 00:29:34 [38;5;009m[ERROR]: [0mThis is a error message from thread 1618-09-2026 00:29:34 [38;5;015m[INFO]: [0mThis is a info message from thread 1518-09-2026 00:29:34 [38;5;117m[DEBUG]: [0mThis is a debug message from thread 2418-09-2026 00:29:34 [38;5;009m[ERROR]: [0mThis is a error message from thread 118-09-2026 00:29:34 [38;5;009m[ERROR]: [0mThis is a error message from thread 1418-09-2026 00:29:34 [38;5;015m[INFO]: [0mThis is a info message from thread 2318-09-2026 00:29:34 [38;5;015m[INFO]: [0mThis is a info message from thread 2518-09-2026 00:29:34 [38;5;009m[ERROR]: [0mThis is a error message from thread 2818-09-2026 00:29:34 [38;5;009m[ERROR]: [0mThis is a error message from thread 1318-09-2026 00:29:34 [38;5;015m[INFO]: [0mThis is a info message from thread 518-09-2026 00:29:34 [38;5;117m[DEBUG]: [0mThis is a debug message from thread 2718-09-2026 00:29:34 [38;5;009m[ERROR]: [0mThis is a error message from thread 1918-09-2026 00:29:34 [38;5;117m[DEBUG]: [0mThis is a debug message from thread 1618-09-2026 00:29:34 [38;5;009m[ERROR]: [0mThis is a error message from thread 518-09-2026 00:29:34 [38;5;009m[ERROR]: [0mThis is a error message from thread 1518-09-2026 00:29:34 [38;5;015m[INFO]: [0mThis is a info message from thread 1618-09-2026 00:29:34 [38;5;015m[INFO]: [0mThis is a info message from thread 2418-09-2026 00:29:34 [38;5;015m[INFO]: [0mThis is a info message from thread 1018-09-2026 00:29:34 [38;5;117m[DEBUG]: [0mThis is a debug message from thread 1418-09-2026 00:29:34 [38;5;009m[ERROR]: [0mThis is a error message from thread 1618-09-2026 00:29:34 [38;5;009m[ERROR]: [0mThis is a error message from thread 2918-09-2026 00:29:34 [38;5;009m[ERROR]: [0mThis is a error message from thread 2418-09-2026 00:29:34 [38;5;117m[DEBUG]: [0mThis is a debug message from thread 2818-09-2026 00:29:34 [38;5;117m[DEBUG]: [0mThis is a debug message from thread 1918-09-2026 00:29:34 [38;5;009m[ERROR]: [0mThis is a error message from thread 618-09-2026 00:29:34 [38;5;117m[DEBUG]: [0mThis is a debug message from thread 1518-09-2026 00:29:34 [38;5;117m[DEBUG]: [0mThis is a debug message from thread 1618-09-2026 00:29:34 [38;5;009m[ERROR]: [0mThis is a error message from thread 1218-09-2026 00:29:34 [38;5;117m[DEBUG]: [0mThis is a debug message from thread 118-09-2026 00:29:34 [38;5;015m[INFO]: [0mThis is a info message from thread 1618-09-2026 00:29:34 [38;5;015m[INFO]: [0mThis is a info message from thread 118-09-2026 00:29:34 [38;5;009m[ERROR]: [0mThis is a error message from thread 118-09-2026 00:29:34 [38;5;015m[INFO]: [0mThis is a info message from thread 1418-09-2026 00:29:34 [38;5;117m[DEBUG]: [0mThis is a debug message from thread 2418-09-2026 00:29:34 [38;5;009m[ERROR]: [0mThis is a error message from thread 1418-09-2026 00:29:34 [38;5;009m[ERROR]: [0mThis is a error message from thread 2318-09-2026 00:29:34 [38;5;117m[DEBUG]: [0mThis is a debug message from thread 1318-09-2026 00:29:34 [38;5;015m[INFO]: [0mThis is a info message from thread 1518-09-2026 00:29:34 [38;5;117m[DEBUG]: [0mThis is a debug message from thread 118-09-2026 00:29:34 [38;5;015m[INFO]: [0mThis is a info message from thread 018-09-2026 00:29:34 [38;5;015m[INFO]: [0mThis is a info message from thread 118-09-2026 00:29:34 [38;5;009m[ERROR]: [0mThis is a error message from thread 2518-09-2026 00:29:34 [38;5;009m[ERROR]: [0mThis is a error message from thread 218-09-2026 00:29:34 [38;5;117m[DEBUG]: [0mThis is a debug message from thread 2318-09-2026 00:29:34 [38;5;009m[ERROR]: [0mThis is a error message from thread 1718-09-2026 00:29:34 [38;5;117m[DEBUG]: [0mThis is a debug message from thread 718-09-2026 00:29:34 [38;5;009m[ERROR]: [0mThis is a error message from thread 118-09-2026 00:29:34 [38;5;117m[DEBUG]: [0mThis is a debug message from thread 918-09-2026 00:29:34 [38;5;117m[DEBUG]: [0mThis is a debug message from thread 2618-09-2026 00:29:34 [38;5;015m[INFO]: [0mThis is a info message from thread 718-09-2026 00:29:34 [38;5;009m[ERROR]: [0mThis is a error message from thread 718-09-2026 00:29:34 [38;5;015m[INFO]: [0mThis is a info message from thread 2418-09-2026 00:29:34 [38;5;015m[INFO]: [0mThis is a info message from thread 1318-09-2026 00:29:34 [38;5;117m[DEBUG]: [0mThis is a debug message from thread 518-09-2026 00:29:34 [38;5;009m[ERROR]: [0mThis is a error message from thread 1618-09-2026 00:29:34 [38;5;117m[DEBUG]: [0mThis is a debug message from thread 1418-09-2026 00:29:34 [38;5;117m[DEBUG]: [0mThis is a debug message from thread 2918-09-2026 00:29:34 [38;5;117m[DEBUG]: [0mThis is a debug message from thread 1718-09-2026 00:29:34 [38;5;015m[INFO]: [0mThis is a info message from thread 1418-09-2026 00:29:34 [38;5;015m[INFO]: [0mThis is a info message from thread 2918-09-2026 00:29:34 [38;5;015m[INFO]: [0mThis is a info message from thread 2318-09-2026 00:29:34 [38;5;009m[ERROR]: [0mThis is a error message from thread 1518-09-2026 00:29:34 [38;5;117m[DEBUG]: [0mThis is a debug message from thread 418-09-2026 00:29:34 [38;5;015m[INFO]: [0mThis is a info message from thread 2618-09-2026 00:29:34 [38;5;117m[DEBUG]: [0mThis is a debug message from thread 718-09-2026 00:29:34 [38;5;009m[ERROR]: [0mThis is a error message from thread 2918-09-2026 00:29:34 [38;5;015m[INFO]: [0mThis is a info message from thread 318-09-2026 00:29:34 [38;5;117m[DEBUG]: [0mThis is a debug message from thread 118-09-2026 00:29:34 [38;5;009m[ERROR]: [0mThis is a error message from thread 2318-09-2026 00:29:34 [38;5;009m[ERROR]: [0mThis is a error message from thread 318-09-2026 00:29:34 [38;5;015m[INFO]: [0mThis is a info message from thread 918-09-2026 00:29:34 [38;5;117m[DEBUG]: [0mThis is a debug message from thread 218-09-2026 00:29:34 [38;5;015m[INFO]: [0mThis is a info message from thread 2018-09-2026 00:29:34 [38;5;009m[ERROR]: [0mThis is a error message from thread 1818-09-2026 00:29:34 [38;5;009m[ERROR]: [0mThis is a error message from thread 2618-09-2026 00:29:34 [38;5;015m[INFO]: [0mThis is a info message from thread 2718-09-2026 00:29:34 [38;5;015m[INFO]: [0mThis is a info message from thread 218-09-2026 00:29:34 [38;5;015m[INFO]: [0mThis is a info message from thread 418-09-2026 00:29:34 [38;5;117m[DEBUG]: [0mThis is a debug message from thread 1518-09-2026 00:29:34 [38;5;015m[INFO]: [0mThis is a info message from thread 718-09-2026 00:29:34 [38;5;117m[DEBUG]: [0mThis is a debug message from thread 2618-09-2026 00:29:34 [38;5;009m[ERROR]: [0mThis is a error message from thread 918-09-2026 00:29:34 [38;5;117m[DEBUG]: [0mThis is a debug message from thread 2318-09-2026 00:29:34 [38;5;009m[ERROR]: [0mThis is a error message from thread 218-09-2026 00:29:34 [38;5;117m[DEBUG]: [0mThis is a debug message from thread 1818-09-2026 00:29:34 [38;5;009m[ERROR]: [0mThis is a error message from thread 2718-09-2026 00:29:34 [38;5;015m[INFO]: [0mThis is a info message from thread 1818-09-2026 00:29:34 [38;5;015m[INFO]: [0mThis is a info message from thread 2818-09-2026 00:29:34 [38;5;009m[ERROR]: [0mThis is a error message from thread 418-09-2026 00:29:34 [38;5;117m[DEBUG]: [0mThis is a debug message from thread 218-09-2026 00:29:34 [38;5;015m[INFO]: [0mThis is a info message from thread 2618-09-2026 00:29:34 [38;5;015m[INFO]: [0mThis is a info message from thread 1518-09-2026 00:29:34 [38;5;015m[INFO]: [0mThis is a info message from thread 2318-09-2026 00:29:34 [38;5;009m[ERROR]: [0mThis is a error message from thread 2218-09-2026 00:29:34 [38;5;009m[ERROR]: [0mThis is a error message from thread 2818-09-2026 00:29:34 [38;5;117m[DEBUG]: [0mThis is a debug message from thread 2718-09-2026 00:29:34 [38;5;117m[DEBUG]: [0mThis is a debug message from thread 2118-09-2026 00:29:34 [38;5;009m[ERROR]: [0mThis is a error message from thread 1518-09-2026 00:29:34 [38;5;009m[ERROR]: [0mThis is a error message from thread 2618-09-2026 00:29:34 [38;5;009m[ERROR]: [0mThis is a error message from thread 718-09-2026 00:29:34 [38;5;015m[INFO]: [0mThis is a info message from thread 118-09-2026 00:29:34 [38;5;117m[DEBUG]: [0mThis is a debug message from thread 2218-09-2026 00:29:34 [38;5;009m[ERROR]: [0mThis is a error message from thread 2318-09-2026 00:29:34 [38;5;117m[DEBUG]: [0mThis is a debug message from thread 2818-09-2026 00:29:34 [38;5;009m[ERROR]: [0mThis is a error message from thread 118-09-2026 00:29:34 [38;5;015m[INFO]: [0mThis is a info message from thread 2718-09-2026 00:29:34 [38;5;117m[DEBUG]: [0mThis is a debug message from thread 718-09-2026 00:29:34 [38;5;015m[INFO]: [0mThis is a info message from thread 2118-09-2026 00:29:34 [38;5;015m[INFO]: [0mThis is a info message from thread 2818-09-2026 00:29:34 [38;5;009m[ERROR]: [0mThis is a error message from thread 2118-09-2026 00:29:34 [38;5;015m[INFO]: [0mThis is a info message from thread 718-09-2026 00:29:34 [38;5;009m[ERROR]: [0mThis is a error message from thread 2818-09-2026 00:29:34 [38;5;015m[INFO]: [0mThis is a info message from thread 518-09-2026 00:29:34 [38;5;117m[DEBUG]: [0mThis is a debug message from thread 1618-09-2026 00:29:34 [38;5;117m[DEBUG]: [0mThis is a debug message from thread 2118-09-2026 00:29:34 [38;5;009m[ERROR]: [0mThis is a error message from thread 1418-09-2026 00:29:34 [38;5;009m[ERROR]: [0mThis is a error message from thread 2418-09-2026 00:29:34 [38;5;117m[DEBUG]: [0mThis is a debug message from thread 2918-09-2026 00:29:34 [38;5;009m[ERROR]: [0mThis is a error message from thread 1118-09-2026 00:29:34 [38;5;117m[DEBUG]: [0mThis is a debug message from thread 318-09-2026 00:29:34 [38;5;117m[DEBUG]: [0mThis is a debug message from thread 2418-09-2026 00:29:34 [38;5;015m[INFO]: [0mThis is a info message from thread 1718-09-2026 00:29:34 [38;5;009m[ERROR]: [0mThis is a error message from thread 518-09-2026 00:29:34 [38;5;009m[ERROR]: [0mThis is a error message from thread 2018-09-2026 00:29:34 [38;5;117m[DEBUG]: [0mThis is a debug message from thread 118-09-2026 00:29:34 [38;5;015m[INFO]: [0mThis is a info message from thread 1918-09-2026 00:29:34 [38;5;117m[DEBUG]: [0mThis is a debug message from thread 418-09-2026 00:29:34 [38;5;117m[DEBUG]: [0mThis is a debug message from thread 918-09-2026 00:29:34 [38;5;117m[DEBUG]: [0mThis is a debug message from thread 618-09-2026 00:29:34 [38;5;015m[INFO]: [0mThis is a info message from thread 318-09-2026 00:29:34 [38;5;015m[INFO]: [0mThis is a info message from thread 2218-09-2026 00:29:34 [38;5;117m[DEBUG]: [0mThis is a debug message from thread 1518-09-2026 00:29:34 [38;5;009m[ERROR]: [0mThis is a error message from thread 1018-09-2026 00:29:34 [38;5;015m[INFO]: [0mThis is a info message from thread 418-09-2026 00:29:34 [38;5;015m[INFO]: [0mThis is a info message from thread 118-09-2026 00:29:34 [38;5;117m[DEBUG]: [0mThis is a debug message from thread 518-09-2026 00:29:34 [38;5;117m[DEBUG]: [0mThis is a debug message from thread 2618-09-2026 00:29:34 [38;5;117m[DEBUG]: [0mThis is a debug message from thread 2518-09-2026 00:29:34 [38;5;015m[INFO]: [0mThis is a info message from thread 1518-09-2026 00:29:34 [38;5;009m[ERROR]: [0mThis is a error message from thread 2218-09-2026 00:29:34 [38;5;015m[INFO]: [0mThis is a info message from thread 2418-09-2026 00:29:34 [38;5;009m[ERROR]: [0mThis is a error message from thread 1918-09-2026 00:29:34 [38;5;009m[ERROR]: [0mThis is a error message from thread 2418-09-2026 00:29:34 [38;5;009m[ERROR]: [0mThis is a error message from thread 118-09-2026 00:29:34 [38;5;009m[ERROR]: [0mThis is a error message from thread 1518-09-2026 00:29:34 [38;5;015m[INFO]: [0mThis is a info message from thread 2618-09-2026 00:29:34 [38;5;009m[ERROR]: [0mThis is a error message from thread 318-09-2026 00:29:34 [38;5;117m[DEBUG]: [0mThis is a debug message from thread 1918-09-2026 00:29:34 [38;5;117m[DEBUG]: [0mThis is a debug message from thread 2018-09-2026 00:29:34 [38;5;117m[DEBUG]: [0mThis is a debug message from thread 2318-09-2026 00:29:34 [38;5;117m[DEBUG]: [0mThis is a debug message from thread 118-09-2026 00:29:34 [38;5;117m[DEBUG]: [0mThis is a debug message from thread 1218-09-2026 00:29:34 [38;5;009m[ERROR]: [0mThis is a error message from thread 818-09-2026 00:29:34 [38;5;009m[ERROR]: [0mThis is a error message from thread 2618-09-2026 00:29:34 [38;5;009m[ERROR]: [0mThis is a error message from thread 2718-09-2026 00:29:34 [38;5;015m[INFO]: [0mThis is a info message from thread 2018-09-2026 00:29:34 [38;5;117m[DEBUG]: [0mThis is a debug message from thread 318-09-2026 00:29:34 [38;5;117m[DEBUG]: [0mThis is a debug message from thread 818-09-2026 00:29:34 [38;5;015m[INFO]: [0mThis is a info message from thread 1218-09-2026 00:29:34 [38;5;117m[DEBUG]: [0mThis is a debug message from thread 1018-09-2026 00:29:34 [38;5;117m[DEBUG]: [0mThis is a debug message from thread 2718-09-2026 00:29:34 [38;5;015m[INFO]: [0mThis is a info message from thread 318-09-2026 00:29:34 [38;5;009m[ERROR]: [0mThis is a error message from thread 2018-09-2026 00:29:34 [38;5;009m[ERROR]: [0mThis is a error message from thread 1218-09-2026 00:29:34 [38;5;015m[INFO]: [0mThis is a info message from thread 1918-09-2026 00:29:34 [38;5;009m[ERROR]: [0mThis is a error message from thread 318-09-2026 00:29:34 [38;5;009m[ERROR]: [0mThis is a error message from thread 1318-09-2026 00:29:34 [38;5;015m[INFO]: [0mThis is a info message from thread 2718-09-2026 00:29:34 [38;5;117m[DEBUG]: [0mThis is a debug message from thread 318-09-2026 00:29:34 [38;5;117m[DEBUG]: [0mThis is a debug message from thread 2618-09-2026 00:29:34 [38;5;015m[INFO]: [0mThis is a info message from thread 318-09-2026 00:29:34 [38;5;117m[DEBUG]: [0mThis is a debug message from thread 1218-09-2026 00:29:34 [38;5;009m[ERROR]: [0mThis is a error message from thread 1718-09-2026 00:29:34 [38;5;015m[INFO]: [0mThis is a info message from thread 2618-09-2026 00:29:34 [38;5;117m[DEBUG]: [0mThis is a debug message from thread 1418-09-2026 00:29:34 [38;5;009m[ERROR]: [0mThis is a error message from thread 318-09-2026 00:29:34 [38;5;015m[INFO]: [0mThis is a info message from thread 1218-09-2026 00:29:34 [38;5;015m[INFO]: [0mThis is a info message from thread 618-09-2026 00:29:34 [38;5;117m[DEBUG]: [0mThis is a debug message from thread 2418-09-2026 00:29:34 [38;5;015m[INFO]: [0mThis is a info message from thread 2318-09-2026 00:29:34 [38;5;117m[DEBUG]: [0mThis is a debug message from thread 1118-09-2026 00:29:34 [38;5;117m[DEBUG]: [0mThis is a debug message from thread 2218-09-2026 00:29:34 [38;5;117m[DEBUG]: [0mThis is a debug message from thread 1318-09-2026 00:29:34 [38;5;015m[INFO]: [0mThis is a info message from thread 2418-09-2026 00:29:34 [38;5;009m[ERROR]: [0mThis is a error message from thread 1818-09-2026 00:29:34 [38;5;009m[ERROR]: [0mThis is a error message from thread 2418-09-2026 00:29:34 [38;5;009m[ERROR]: [0mThis is a error message from thread 718-09-2026 00:29:34 [38;5;015m[INFO]: [0mThis is a info message from thread 1018-09-2026 00:29:34 [38;5;117m[DEBUG]: [0mThis is a debug message from thread 1818-09-2026 00:29:34 [38;5;009m[ERROR]: [0mThis is a error message from thread 1018-09-2026 00:29:34 [38;5;015m[INFO]: [0mThis is a info message from thread 1818-09-2026 00:29:34 [38;5;117m[DEBUG]: [0mThis is a debug message from thread 1018-09-2026 00:29:34 [38;5;009m[ERROR]: [0mThis is a error message from thread 2318-09-2026 00:29:34 [38;5;015m[INFO]: [0mThis is a info message from thread 1418-09-2026 00:29:34 [38;5;117m[DEBUG]: [0mThis is a debug message from thread 718-09-2026 00:29:34 [38;5;117m[DEBUG]: [0mThis is a debug message from thread 2018-09-2026 00:29:34 [38;5;015m[INFO]: [0mThis is a info message from thread 818-09-2026 00:29:34 [38;5;015m[INFO]: [0mThis is a info message from thread 718-09-2026 00:29:34 [38;5;009m[ERROR]: [0mThis is a error message from thread 1418-09-2026 00:29:34 [38;5;015m[INFO]: [0mThis is a info message from thread 2518-09-2026 00:29:34 [38;5;009m[ERROR]: [0mThis is a error message from thread 418-09-2026 00:29:34 [38;5;015m[INFO]: [0mThis is a info message from thread 2018-09-2026 00:29:34 [38;5;117m[DEBUG]: [0mThis is a debug message from thread 418-09-2026 00:29:34 [38;5;117m[DEBUG]: [0mThis is a debug message from thread 1518-09-2026 00:29:34 [38;5;009m[ERROR]: [0mThis is a error message from thread 1918-09-2026 00:29:34 [38;5;117m[DEBUG]: [0mThis is a debug message from thread 318-09-2026 00:29:34 [38;5;009m[ERROR]: [0mThis is a error message from thread 018-09-2026 00:29:34 [38;5;015m[INFO]: [0mThis is a info message from thread 218-09-2026 00:29:34 [38;5;015m[INFO]: [0mThis is a info message from thread 2918-09-2026 00:29:34 [38;5;117m[DEBUG]: [0mThis is a debug message from thread 2818-09-2026 00:29:34 [38;5;009m[ERROR]: [0mThis is a error message from thread 2618-09-2026 00:29:34 [38;5;015m[INFO]: [0mThis is a info message from thread 1518-09-2026 00:29:34 [38;5;015m[INFO]: [0mThis is a info message from thread 2218-09-2026 00:29:34 [38;5;015m[INFO]: [0mThis is a info message from thread 1618-09-2026 00:29:34 [38;5;015m[INFO]: [0mThis is a info message from thread 2118-09-2026 00:29:34 [38;5;117m[DEBUG]: [0mThis is a debug message from thread 2418-09-2026 00:29:34 [38;5;015m[INFO]: [0mThis is a info message from thread 118-09-2026 00:29:34 [38;5;015m[INFO]: [0mThis is a info message from thread 2418-09-2026 00:29:34 [38;5;009m[ERROR]: [0mThis is a error message from thread 2718-09-2026 00:29:34 [38;5;009m[ERROR]: [0mThis is a error message from thread 1518-09-2026 00:29:34 [38;5;009m[ERROR]: [0mThis is a error message from thread 218-09-2026 00:29:34 [38;5;009m[ERROR]: [0mThis is a error message from thread 2518-09-2026 00:29:34 [38;5;015m[INFO]: [0mThis is a info message from thread 518-09-2026 00:29:34 [38;5;009m[ERROR]: [0mThis is a error message from thread 718-09-2026 00:29:34 [38;5;009m[ERROR]: [0mThis is a error message from thread 2018-09-2026 00:29:34 [38;5;015m[INFO]: [0mThis is a info message from thread 418-09-2026 00:29:34 [38;5;117m[DEBUG]: [0mThis is a debug message from thread 1418-09-2026 00:29:34 [38;5;117m[DEBUG]: [0mThis is a debug message from thread 218-09-2026 00:29:34 [38;5;009m[ERROR]: [0mThis is a error message from thread 2418-09-2026 00:29:34 [38;5;117m[DEBUG]: [0mThis is a debug message from thread 1718-09-2026 00:29:34 [38;5;117m[DEBUG]: [0mThis is a debug message from thread 2018-09-2026 00:29:34 [38;5;009m[ERROR]: [0mThis is a error message from thread 118-09-2026 00:29:34 [38;5;009m[ERROR]: [0mThis is a error message from thread 818-09-2026 00:29:34 [38;5;015m[INFO]: [0mThis is a info message from thread 1018-09-2026 00:29:34 [38;5;117m[DEBUG]: [0mThis is a debug message from thread 2418-09-2026 00:29:34 [38;5;117m[DEBUG]: [0mThis is a debug message from thread 1518-09-2026 00:29:34 [38;5;117m[DEBUG]: [0mThis is a debug message from thread 1918-09-2026 00:29:34 [38;5;015m[INFO]: [0mThis is a info message from thread 1518-09-2026 00:29:34 [38;5;009m[ERROR]: [0mThis is a error message from thread 418-09-2026 00:29:34 [38;5;015m[INFO]: [0mThis is a info message from thread 918-09-2026 00:29:34 [38;5;009m[ERROR]: [0mThis is a error message from thread 1518-09-2026 00:29:34 [38;5;117m[DEBUG]: [0mThis is a debug message from thread 818-09-2026 00:29:34 [38;5;009m[ERROR]: [0mThis is a error message from thread 2918-09-2026 00:29:34 [38;5;015m[INFO]: [0mThis is a info message from thread 1118-09-2026 00:29:34 [38;5;015m[INFO]: [0mThis is a info message from thread 2018-09-2026 00:29:34 [38;5;009m[ERROR]: [0mThis is a error message from thread 1818-09-2026 00:29:34 [38;5;009m[ERROR]: [0mThis is a error message from thread 918-09-2026 00:29:34 [38;5;009m[ERROR]: [0mThis is a error message from thread 2118-09-2026 00:29:34 [38;5;117m[DEBUG]: [0mThis is a debug message from thread 2918-09-2026 00:29:34 [38;5;015m[INFO]: [0mThis is a info message from thread 2818-09-2026 00:29:34 [38;5;117m[DEBUG]: [0mThis is a debug message from thread 1518-09-2026 00:29:34 [38;5;117m[DEBUG]: [0mThis is a debug message from thread 2518-09-2026 00:29:34 [38;5;015m[INFO]: [0mThis is a info message from thread 218-09-2026 00:29:34 [38;5;009m[ERROR]: [0mThis is a error message from thread 1018-09-2026 00:29:34 [38;5;015m[INFO]: [0mThis is a info message from thread 2418-09-2026 00:29:34 [38;5;117m[DEBUG]: [0mThis is a debug message from thread 718-09-2026 00:29:34 [38;5;009m[ERROR]: [0mThis is a error message from thread 2418-09-2026 00:29:34 [38;5;117m[DEBUG]: [0mThis is a debug message from thread 118-09-2026 00:29:34 [38;5;015m[INFO]: [0mThis is a info message from thread 1418-09-2026 00:29:34 [38;5;117m[DEBUG]: [0mThis is a debug message from thread 2718-09-2026 00:29:34 [38;5;015m[INFO]: [0mThis is a info message from thread 318-09-2026 00:29:34 [38;5;015m[INFO]: [0mThis is a info message from thread 718-09-2026 00:29:34 [38;5;009m[ERROR]: [0mThis is a error message from thread 218-09-2026 00:29:34 [38;5;015m[INFO]: [0mThis is a info message from thread 1518-09-2026 00:29:34 [38;5;015m[INFO]: [0mThis is a info message from thread 2518-09-2026 00:29:34 [38;5;015m[INFO]: [0mThis is a info message from thread 118-09-2026 00:29:34 [38;5;009m[ERROR]: [0mThis is a error message from thread 518-09-2026 00:29:34 [38;5;117m[DEBUG]: [0mThis is a debug message from thread 2118-09-2026 00:29:34 [38;5;015m[INFO]: [0mThis is a info message from thread 1318-09-2026 00:29:34 [38;5;009m[ERROR]: [0mThis is a error message from thread 2218-09-2026 00:29:34 [38;5;009m[ERROR]: [0mThis is a error message from thread 1518-09-2026 00:29:34 [38;5;117m[DEBUG]: [0mThis is a debug message from thread 418-09-2026 00:29:34 [38;5;117m[DEBUG]: [0mThis is a debug message from thread 918-09-2026 00:29:34 [38;5;015m[INFO]: [0mThis is a info message from thread 2918-09-2026 00:29:34 [38;5;009m[ERROR]: [0mThis is a error message from thread 118-09-2026 00:29:34 [38;5;117m[DEBUG]: [0mThis is a debug message from thread 1518-09-2026 00:29:34 [38;5;015m[INFO]: [0mThis is a info message from thread 918-09-2026 00:29:34 [38;5;015m[INFO]: [0mThis is a info message from thread 2118-09-2026 00:29:34 [38;5;009m[ERROR]: [0mThis is a error message from thread 1218-09-2026 00:29:34 [38;5;009m[ERROR]: [0mThis is a error message from thread 1318-09-2026 00:29:34 [38;5;015m[INFO]: [0mThis is a info message from thread 418-09-2026 00:29:34 [38;5;009m[ERROR]: [0mThis is a error message from thread 618-09-2026 00:29:34 [38;5;009m[ERROR]: [0mThis is a error message from thread 418-09-2026 00:29:34 [38;5;009m[ERROR]: [0mThis is a error message from thread 2118-09-2026 00:29:34 [38;5;117m[DEBUG]: [0mThis is a debug message from thread 2118-09-2026 00:29:34 [38;5;015m[INFO]: [0mThis is a info message from thread 2118-09-2026 00:29:34 [38;5;009m[ERROR]: [0mThis is a error message from thread 2118-09-2026 00:29:34 [38;5;117m[DEBUG]: [0mThis is a debug message from thread 2618-09-2026 00:29:34 [38;5;117m[DEBUG]: [0mThis is a debug message from thread 118-09-2026 00:29:34 [38;5;009m[ERROR]: [0mThis is a error message from thread 2918-09-2026 00:29:34 [38;5;009m[ERROR]: [0mThis is a error message from thread 918-09-2026 00:29:34 [38;5;117m[DEBUG]: [0mThis is a debug message from thread 918-09-2026 00:29:34 [38;5;015m[INFO]: [0mThis is a info message from thread 918-09-2026 00:29:34 [38;5;009m[ERROR]: [0mThis is a error message from thread 2018-09-2026 00:29:34 [38;5;009m[ERROR]: [0mThis is a error message from thread 918-09-2026 00:29:34 [38;5;117m[DEBUG]: [0mThis is a debug message from thread 1018-09-2026 00:29:34 [38;5;117m[DEBUG]: [0mThis is a debug message from thread 2018-09-2026 00:29:34 [38;5;117m[DEBUG]: [0mThis is a debug message from thread 918-09-2026 00:29:34 [38;5;015m[INFO]: [0mThis is a info message from thread 1018-09-2026 00:29:34 [38;5;015m[INFO]: [0mThis is a info message from thread 918-09-2026 00:29:34 [38;5;009m[ERROR]: [0mThis is a error message from thread 1018-09-2026 00:29:34 [38;5;015m[INFO]: [0mThis is a info message from thread 1518-09-2026 00:29:34 [38;5;015m[INFO]: [0mThis is a info message from thread 2718-09-2026 00:29:34 [38;5;009m[ERROR]: [0mThis is a error message from thread 918-09-2026 00:29:34 [38;5;009m[ERROR]: [0mThis is a error message from thread 2718-09-2026 00:29:34 [38;5;117m[DEBUG]: [0mThis is a debug message from thread 918-09-2026 00:29:34 [38;5;009m[ERROR]: [0mThis is a error message from thread 1118-09-2026 00:29:34 [38;5;117m[DEBUG]: [0mThis is a debug message from thread 218-09-2026 00:29:34 [38;5;009m[ERROR]: [0mThis is a error message from thread 2818-09-2026 00:29:34 [38;5;117m[DEBUG]: [0mThis is a debug message from thread 2218-09-2026 00:29:34 [38;5;117m[DEBUG]: [0mThis is a debug message from thread 1118-09-2026 00:29:34 [38;5;009m[ERROR]: [0mThis is a error message from thread 1518-09-2026 00:29:34 [38;5;015m[INFO]: [0mThis is a info message from thread 918-09-2026 00:29:34 [38;5;015m[INFO]: [0mThis is a info message from thread 818-09-2026 00:29:34 [38;5;015m[INFO]: [0mThis is a info message from thread 1118-09-2026 00:29:34 [38;5;117m[DEBUG]: [0mThis is a debug message from thread 1218-09-2026 00:29:34 [38;5;009m[ERROR]: [0mThis is a error message from thread 718-09-2026 00:29:34 [38;5;015m[INFO]: [0mThis is a info message from thread 1218-09-2026 00:29:34 [38;5;009m[ERROR]: [0mThis is a error message from thread 818-09-2026 00:29:34 [38;5;009m[ERROR]: [0mThis is a error message from thread 918-09-2026 00:29:34 [38;5;117m[DEBUG]: [0mThis is a debug message from thread 718-09-2026 00:29:34 [38;5;117m[DEBUG]: [0mThis is a debug message from thread 918-09-2026 00:29:34 [38;5;009m[ERROR]: [0mThis is a error message from thread 1218-09-2026 00:29:34 [38;5;117m[DEBUG]: [0mThis is a debug message from thread 818-09-2026 00:29:34 [38;5;117m[DEBUG]: [0mThis is a debug message from thread 418-09-2026 00:29:34 [38;5;015m[INFO]: [0mThis is a info message from thread 718-09-2026 00:29:34 [38;5;117m[DEBUG]: [0mThis is a debug message from thread 2818-09-2026 00:29:34 [38;5;015m[INFO]: [0mThis is a info message from thread 418-09-2026 00:29:34 [38;5;009m[ERROR]: [0mThis is a error message from thread 2518-09-2026 00:29:34 [38;5;117m[DEBUG]: [0mThis is a debug message from thread 2118-09-2026 00:29:34 [38;5;009m[ERROR]: [0mThis is a error message from thread 418-09-2026 00:29:34 [38;5;117m[DEBUG]: [0mThis is a debug message from thread 418-09-2026 00:29:34 [38;5;117m[DEBUG]: [0mThis is a debug message from thread 2518-09-2026 00:29:34 [38;5;015m[INFO]: [0mThis is a info message from thread 2118-09-2026 00:29:34 [38;5;015m[INFO]: [0mThis is a info message from thread 418-09-2026 00:29:34 [38;5;009m[ERROR]: [0mThis is a error message from thread 1418-09-2026 00:29:34 [38;5;009m[ERROR]: [0mThis is a error message from thread 718-09-2026 00:29:34 [38;5;015m[INFO]: [0mThis is a info message from thread 2618-09-2026 00:29:34 [38;5;117m[DEBUG]: [0mThis is a debug message from thread 1418-09-2026 00:29:34 [38;5;117m[DEBUG]: [0mThis is a debug message from thread 2418-09-2026 00:29:34 [38;5;117m[DEBUG]: [0mThis is a debug message from thread 1818-09-2026 00:29:34 [38;5;117m[DEBUG]: [0mThis is a debug message from thread 718-09-2026 00:29:34 [38;5;015m[INFO]: [0mThis is a info message from thread 918-09-2026 00:29:34 [38;5;015m[INFO]: [0mThis is a info message from thread 1818-09-2026 00:29:34 [38;5;009m[ERROR]: [0mThis is a error message from thread 2618-09-2026 00:29:34 [38;5;015m[INFO]: [0mThis is a info message from thread 718-09-2026 00:29:34 [38;5;117m[DEBUG]: [0mThis is a debug message from thread 018-09-2026 00:29:34 [38;5;117m[DEBUG]: [0mThis is a debug message from thread 2718-09-2026 00:29:34 [38;5;015m[INFO]: [0mThis is a info message from thread 2018-09-2026 00:29:34 [38;5;015m[INFO]: [0mThis is a info message from thread 118-09-2026 00:29:34 [38;5;117m[DEBUG]: [0mThis is a debug message from thread 1018-09-2026 00:29:34 [38;5;117m[DEBUG]: [0mThis is a debug message from thread 2318-09-2026 00:29:34 [38;5;015m[INFO]: [0mThis is a info message from thread 1718-09-2026 00:29:34 [38;5;009m[ERROR]: [0mThis is a error message from thread 1618-09-2026 00:29:34 [38;5;117m[DEBUG]: [0mThis is a debug message from thread 618-09-2026 00:29:34 [38;5;015m[INFO]: [0mThis is a info message from thread 1918-09-2026 00:29:34 [38;5;009m[ERROR]: [0mThis is a error message from thread 1818-09-2026 00:29:34 [38;5;015m[INFO]: [0mThis is a info message from thread 2818-09-2026 00:29:34 [38;5;117m[DEBUG]: [0mThis is a debug message from thread 2618-09-2026 00:29:34 [38;5;117m[DEBUG]: [0mThis is a debug message from thread 1618-09-2026 00:29:34 [38;5;015m[INFO]: [0mThis is a info message from thread 2518-09-2026 00:29:34 [38;5;015m[INFO]: [0mThis is a info message from thread 1418-09-2026 00:29:34 [38;5;015m[INFO]: [0mThis is a info message from thread 2218-09-2026 00:29:34 [38;5;009m[ERROR]: [0mThis is a error message from thread 1918-09-2026 00:29:34 [38;5;009m[ERROR]: [0mThis is a error message from thread 318-09-2026 00:29:34 [38;5;009m[ERROR]: [0mThis is a error message from thread 118-09-2026 00:29:34 [38;5;015m[INFO]: [0mThis is a info message from thread 2418-09-2026 00:29:34 [38;5;117m[DEBUG]: [0mThis is a debug message from thread 1318-09-2026 00:29:34 [38;5;117m[DEBUG]: [0mThis is a debug message from thread 518-09-2026 00:29:34 [38;5;015m[INFO]: [0mThis is a info message from thread 018-09-2026 00:29:34 [38;5;015m[INFO]: [0mThis is a info message from thread 2718-09-2026 00:29:34 [38;5;009m[ERROR]: [0mThis is a error message from thread 2818-09-2026 00:29:34 [38;5;009m[ERROR]: [0mThis is a error message from thread 718-09-2026 00:29:34 [38;5;015m[INFO]: [0mThis is a info message from thread 218-09-2026 00:29:34 [38;5;009m[ERROR]: [0mThis is a error message from thread 1118-09-2026 00:29:34 [38;5;117m[DEBUG]: [0mThis is a debug message from thread 118-09-2026 00:29:34 [38;5;009m[ERROR]: [0mThis is a error message from thread 018-09-2026 00:29:34 [38;5;117m[DEBUG]: [0mThis is a debug message from thread 2818-09-2026 00:29:34 [38;5;117m[DEBUG]: [0mThis is a debug message from thread 018-09-2026 00:29:34 [38;5;009m[ERROR]: [0mThis is a error message from thread 2718-09-2026 00:29:34 [38;5;009m[ERROR]: [0mThis is a error message from thread 2018-09-2026 00:29:34 [38;5;009m[ERROR]: [0mThis is a error message from thread 1418-09-2026 00:29:34 [38;5;015m[INFO]: [0mThis is a info message from thread 2818-09-2026 00:29:34 [38;5;117m[DEBUG]: [0mThis is a debug message from thread 1118-09-2026 00:29:34 [38;5;015m[INFO]: [0mThis is a info message from thread 1118-09-2026 00:29:34 [38;5;015m[INFO]: [0mThis is a info message from thread 118-09-2026 00:29:34 [38;5;015m[INFO]: [0mThis is a info message from thread 1318-09-2026 00:29:34 [38;5;009m[ERROR]: [0mThis is a error message from thread 218-09-2026 00:29:34 [38;5;117m[DEBUG]: [0mThis is a debug message from thread 1518-09-2026 00:29:34 [38;5;009m[ERROR]: [0mThis is a error message from thread 2818-09-2026 00:29:34 [38;5;117m[DEBUG]: [0mThis is a debug message from thread 1218-09-2026 00:29:34 [38;5;117m[DEBUG]: [0mThis is a debug message from thread 718-09-2026 00:29:34 [38;5;015m[INFO]: [0mThis is a info message from thread 1518-09-2026 00:29:34 [38;5;117m[DEBUG]: [0mThis is a debug message from thread 2718-09-2026 00:29:34 [38;5;117m[DEBUG]: [0mThis is a debug message from thread 218-09-2026 00:29:34 [38;5;117m[DEBUG]: [0mThis is a debug message from thread 2018-09-2026 00:29:34 [38;5;015m[INFO]: [0mThis is a info message from thread 1018-09-2026 00:29:34 [38;5;009m[ERROR]: [0mThis is a error message from thread 1518-09-2026 00:29:34 [38;5;015m[INFO]: [0mThis is a info message from thread 1218-09-2026 00:29:34 [38;5;015m[INFO]: [0mThis is a info message from thread 2018-09-2026 00:29:34 [38;5;009m[ERROR]: [0mThis is a error message from thread 418-09-2026 00:29:34 [38;5;015m[INFO]: [0mThis is a info message from thread 2718-09-2026 00:29:34 [38;5;009m[ERROR]: [0mThis is a error message from thread 1718-09-2026 00:29:34 [38;5;117m[DEBUG]: [0mThis is a debug message from thread 1518-09-2026 00:29:34 [38;5;117m[DEBUG]: [0mThis is a debug message from thread 418-09-2026 00:29:34 [38;5;009m[ERROR]: [0mThis is a error message from thread 1018-09-2026 00:29:34 [38;5;117m[DEBUG]: [0mThis is a debug message from thread 1718-09-2026 00:29:34 [38;5;009m[ERROR]: [0mThis is a error message from thread 2118-09-2026 00:29:34 [38;5;015m[INFO]: [0mThis is a info message from thread 1718-09-2026 00:29:34 [38;5;009m[ERROR]: [0mThis is a error message from thread 918-09-2026 00:29:34 [38;5;015m[INFO]: [0mThis is a info message from thread 2618-09-2026 00:29:34 [38;5;117m[DEBUG]: [0mThis is a debug message from thread 1018-09-2026 00:29:34 [38;5;009m[ERROR]: [0mThis is a error message from thread 2218-09-2026 00:29:34 [38;5;117m[DEBUG]: [0mThis is a debug message from thread 2218-09-2026 00:29:34 [38;5;009m[ERROR]: [0mThis is a error message from thread 1318-09-2026 00:29:34 [38;5;015m[INFO]: [0mThis is a info message from thread 1018-09-2026 00:29:34 [38;5;009m[ERROR]: [0mThis is a error message from thread 1018-09-2026 00:29:34 [38;5;009m[ERROR]: [0mThis is a error message from thread 2018-09-2026 00:29:34 [38;5;015m[INFO]: [0mThis is a info message from thread 2218-09-2026 00:29:34 [38;5;009m[ERROR]: [0mThis is a error message from thread 2618-09-2026 00:29:34 [38;5;117m[DEBUG]: [0mThis is a debug message from thread 1018-09-2026 00:29:34 [38;5;015m[INFO]: [0mThis is a info message from thread 718-09-2026 00:29:34 [38;5;015m[INFO]: [0mThis is a info message from thread 218-09-2026 00:29:34 [38;5;009m[ERROR]: [0mThis is a error message from thread 2518-09-2026 00:29:34 [38;5;117m[DEBUG]: [0mThis is a debug message from thread 2018-09-2026 00:29:34 [38;5;009m[ERROR]: [0mThis is a error message from thread 218-09-2026 00:29:34 [38;5;117m[DEBUG]: [0mThis is a debug message from thread 1318-09-2026 00:29:34 [38;5;015m[INFO]: [0mThis is a info message from thread 2018-09-2026 00:29:34 [38;5;117m[DEBUG]: [0mThis is a debug message from thread 2618-09-2026 00:29:34 [38;5;015m[INFO]: [0mThis is a info message from thread 2618-09-2026 00:29:34 [38;5;009m[ERROR]: [0mThis is a error message from thread 2418-09-2026 00:29:34 [38;5;117m[DEBUG]: [0mThis is a debug message from thread 2518-09-2026 00:29:34 [38;5;015m[INFO]: [0mThis is a info message from thread 018-09-2026 00:29:34 [38;5;015m[INFO]: [0mThis is a info message from thread 818-09-2026 00:29:34 [38;5;015m[INFO]: [0mThis is a info message from thread 418-09-2026 00:29:34 [38;5;015m[INFO]: [0mThis is a info message from thread 2518-09-2026 00:29:34 [38;5;117m[DEBUG]: [0mThis is a debug message from thread 218-09-2026 00:29:34 [38;5;117m[DEBUG]: [0mThis is a debug message from thread 2418-09-2026 00:29:34 [38;5;117m[DEBUG]: [0mThis is a debug message from thread 2818-09-2026 00:29:34 [38;5;009m[ERROR]: [0mThis is a error message from thread 1718-09-2026 00:29:34 [38;5;009m[ERROR]: [0mThis is a error message from thread 118-09-2026 00:29:34 [38;5;009m[ERROR]: [0mThis is a error message from thread 818-09-2026 00:29:34 [38;5;117m[DEBUG]: [0mThis is a debug message from thread 1418-09-2026 00:29:34 [38;5;117m[DEBUG]: [0mThis is a debug message from thread 2918-09-2026 00:29:34 [38;5;009m[ERROR]: [0mThis is a error message from thread 1118-09-2026 00:29:34 [38;5;015m[INFO]: [0mThis is a info message from thread 1018-09-2026 00:29:34 [38;5;117m[DEBUG]: [0mThis is a debug message from thread 1718-09-2026 00:29:34 [38;5;009m[ERROR]: [0mThis is a error message from thread 418-09-2026 00:29:34 [38;5;015m[INFO]: [0mThis is a info message from thread 218-09-2026 00:29:34 [38;5;117m[DEBUG]: [0mThis is a debug message from thread 1818-09-2026 00:29:34 [38;5;009m[ERROR]: [0mThis is a error message from thread 1218-09-2026 00:29:34 [38;5;015m[INFO]: [0mThis is a info message from thread 2418-09-2026 00:29:34 [38;5;009m[ERROR]: [0mThis is a error message from thread 2718-09-2026 00:29:34 [38;5;117m[DEBUG]: [0mThis is a debug message from thread 2718-09-2026 00:29:34 [38;5;015m[INFO]: [0mThis is a info message from thread 618-09-2026 00:29:34 [38;5;117m[DEBUG]: [0mThis is a debug message from thread 1218-09-2026 00:29:34 [38;5;009m[ERROR]: [0mThis is a error message from thread 1018-09-2026 00:29:34 [38;5;015m[INFO]: [0mThis is a info message from thread 1718-09-2026 00:29:34 [38;5;117m[DEBUG]: [0mThis is a debug message from thread 918-09-2026 00:29:34 [38;5;015m[INFO]: [0mThis is a info message from thread 2718-09-2026 00:29:34 [38;5;015m[INFO]: [0mThis is a info message from thread 1218-09-2026 00:29:34 [38;5;117m[DEBUG]: [0mThis is a debug message from thread 418-09-2026 00:29:34 [38;5;015m[INFO]: [0mThis is a info message from thread 1618-09-2026 00:29:34 [38;5;015m[INFO]: [0mThis is a info message from thread 1518-09-2026 00:29:34 [38;5;015m[INFO]: [0mThis is a info message from thread 2318-09-2026 00:29:34 [38;5;117m[DEBUG]: [0mThis is a debug message from thread 2118-09-2026 00:29:34 [38;5;009m[ERROR]: [0mThis is a error message from thread 2418-09-2026 00:29:34 [38;5;009m[ERROR]: [0mThis is a error message from thread 1718-09-2026 00:29:34 [38;5;009m[ERROR]: [0mThis is a error message from thread 2718-09-2026 00:29:34 [38;5;015m[INFO]: [0mThis is a info message from thread 518-09-2026 00:29:34 [38;5;009m[ERROR]: [0mThis is a error message from thread 2218-09-2026 00:29:34 [38;5;009m[ERROR]: [0mThis is a error message from thread 218-09-2026 00:29:34 [38;5;009m[ERROR]: [0mThis is a error message from thread 718-09-2026 00:29:34 [38;5;117m[DEBUG]: [0mThis is a debug message from thread 318-09-2026 00:29:34 [38;5;015m[INFO]: [0mThis is a info message from thread 2818-09-2026 00:29:34 [38;5;015m[INFO]: [0mThis is a info message from thread 2118-09-2026 00:29:34 [38;5;117m[DEBUG]: [0mThis is a debug message from thread 2718-09-2026 00:29:34 [38;5;015m[INFO]: [0mThis is a info message from thread 418-09-2026 00:29:34 [38;5;117m[DEBUG]: [0mThis is a debug message from thread 2418-09-2026 00:29:34 [38;5;015m[INFO]: [0mThis is a info message from thread 1418-09-2026 00:29:34 [38;5;117m[DEBUG]: [0mThis is a debug message from thread 1718-09-2026 00:29:34 [38;5;117m[DEBUG]: [0mThis is a debug message from thread 1918-09-2026 00:29:34 [38;5;009m[ERROR]: [0mThis is a error message from thread 2118-09-2026 00:29:34 [38;5;009m[ERROR]: [0mThis is a error message from thread 2518-09-2026 00:29:34 [38;5;009m[ERROR]: [0mThis is a error message from thread 018-09-2026 00:29:34 [38;5;015m[INFO]: [0mThis is a info message from thread 318-09-2026 00:29:34 [38;5;009m[ERROR]: [0mThis is a error message from thread 1418-09-2026 00:29:34 [38;5;009m[ERROR]: [0mThis is a error message from thread 2018-09-2026 00:29:34 [38;5;015m[INFO]: [0mThis is a info message from thread 2418-09-2026 00:29:34 [38;5;015m[INFO]: [0mThis is a info message from thread 1718-09-2026 00:29:34 [38;5;117m[DEBUG]: [0mThis is a debug message from thread 718-09-2026 00:29:34 [38;5;009m[ERROR]: [0mThis is a error message from thread 1718-09-2026 00:29:34 [38;5;117m[DEBUG]: [0mThis is a debug message from thread 2518-09-2026 00:29:34 [38;5;009m[ERROR]: [0mThis is a error message from thread 418-09-2026 00:29:34 [38;5;009m[ERROR]: [0mThis is a error message from thread 318-09-2026 00:29:34 [38;5;009m[ERROR]: [0mThis is a error message from thread 1218-09-2026 00:29:34 [38;5;015m[INFO]: [0mThis is a info message from thread 1318-09-2026 00:29:34 [38;5;015m[INFO]: [0mThis is a info message from thread 718-09-2026 00:29:34 [38;5;009m[ERROR]: [0mThis is a error message from thread 2418-09-2026 00:29:34 [38;5;015m[INFO]: [0mThis is a info message from thread 2518-09-2026 00:29:34 [38;5;117m[DEBUG]: [0mThis is a debug message from thread 1418-09-2026 00:29:34 [38;5;117m[DEBUG]: [0mThis is a debug message from thread 1218-09-2026 00:29:34 [38;5;009m[ERROR]: [0mThis is a error message from thread 1518-09-2026 00:29:34 [38;5;009m[ERROR]: [0mThis is a error message from thread 718-09-2026 00:29:34 [38;5;015m[INFO]: [0mThis is a info message from thread 1418-09-2026 00:29:34 [38;5;015m[INFO]: [0mThis is a info message from thread 1218-09-2026 00:29:34 [38;5;117m[DEBUG]: [0mThis is a debug message from thread 318-09-2026 00:29:34 [38;5;015m[INFO]: [0mThis is a info message from thread 318-09-2026 00:29:34 [38;5;009m[ERROR]: [0mThis is a error message from thread 1418-09-2026 00:29:34 [38;5;117m[DEBUG]: [0mThis is a debug message from thread 2118-09-2026 00:29:34 [38;5;117m[DEBUG]: [0mThis is a debug message from thread 118-09-2026 00:29:34 [38;5;015m[INFO]: [0mThis is a info message from thread 2718-09-2026 00:29:34 [38;5;117m[DEBUG]: [0mThis is a debug message from thread 018-09-2026 00:29:34 [38;5;015m[INFO]: [0mThis is a info message from thread 118-09-2026 00:29:34 [38;5;117m[DEBUG]: [0mThis is a debug message from thread 1518-09-2026 00:29:34 [38;5;117m[DEBUG]: [0mThis is a debug message from thread 1418-09-2026 00:29:34 [38;5;009m[ERROR]: [0mThis is a error message from thread 2518-09-2026 00:29:34 [38;5;117m[DEBUG]: [0mThis is a debug message from thread 718-09-2026 00:29:34 [38;5;015m[INFO]: [0mThis is a info message from thread 018-09-2026 00:29:34 [38;5;117m[DEBUG]: [0mThis is a debug message from thread 818-09-2026 00:29:34 [38;5;117m[DEBUG]: [0mThis is a debug message from thread 1118-09-2026 00:29:34 [38;5;015m[INFO]: [0mThis is a info message from thread 1518-09-2026 00:29:34 [38;5;009m[ERROR]: [0mThis is a error message from thread 1518-09-2026 00:29:34 [38;5;015m[INFO]: [0mThis is a info message from thread 818-09-2026 00:29:34 [38;5;117m[DEBUG]: [0mThis is a debug message from thread 2518-09-2026 00:29:34 [38;5;015m[INFO]: [0mThis is a info message from thread 1418-09-2026 00:29:34 [38;5;015m[INFO]: [0mThis is a info message from thread 718-09-2026 00:29:34 [38;5;117m[DEBUG]: [0mThis is a debug message from thread 1018-09-2026 00:29:34 [38;5;009m[ERROR]: [0mThis is a error message from thread 1418-09-2026 00:29:34 [38;5;117m[DEBUG]: [0mThis is a debug message from thread 2018-09-2026 00:29:34 [38;5;117m[DEBUG]: [0mThis is a debug message from thread 2218-09-2026 00:29:34 [38;5;015m[INFO]: [0mThis is a info message from thread 2018-09-2026 00:29:34 [38;5;015m[INFO]: [0mThis is a info message from thread 1018-09-2026 00:29:34 [38;5;009m[ERROR]: [0mThis is a error message from thread 818-09-2026 00:29:34 [38;5;117m[DEBUG]: [0mThis is a debug message from thread 1718-09-2026 00:29:34 [38;5;015m[INFO]: [0mThis is a info message from thread 1118-09-2026 00:29:34 [38;5;015m[INFO]: [0mThis is a info message from thread 1818-09-2026 00:29:34 [38;5;015m[INFO]: [0mThis is a info message from thread 2518-09-2026 00:29:34 [38;5;015m[INFO]: [0mThis is a info message from thread 1918-09-2026 00:29:34 [38;5;117m[DEBUG]: [0mThis is a debug message from thread 418-09-2026 00:29:34 [38;5;009m[ERROR]: [0mThis is a error message from thread 1218-09-2026 00:29:34 [38;5;009m[ERROR]: [0mThis is a error message from thread 718-09-2026 00:29:34 [38;5;009m[ERROR]: [0mThis is a error message from thread 1018-09-2026 00:29:34 [38;5;009m[ERROR]: [0mThis is a error message from thread 1918-09-2026 00:29:34 [38;5;009m[ERROR]: [0mThis is a error message from thread 618-09-2026 00:29:34 [38;5;009m[ERROR]: [0mThis is a error message from thread 118-09-2026 00:29:34 [38;5;015m[INFO]: [0mThis is a info message from thread 918-09-2026 00:29:34 [38;5;009m[ERROR]: [0mThis is a error message from thread 2318-09-2026 00:29:34 [38;5;117m[DEBUG]: [0mThis is a debug message from thread 1018-09-2026 00:29:34 [38;5;009m[ERROR]: [0mThis is a error message from thread 2518-09-2026 00:29:34 [38;5;117m[DEBUG]: [0mThis is a debug message from thread 2518-09-2026 00:29:34 [38;5;117m[DEBUG]: [0mThis is a debug message from thread 1218-09-2026 00:29:34 [38;5;117m[DEBUG]: [0mThis is a debug message from thread 118-09-2026 00:29:34 [38;5;009m[ERROR]: [0mThis is a error message from thread 318-09-2026 00:29:34 [38;5;009m[ERROR]: [0mThis is a error message from thread 2018-09-2026 00:29:34 [38;5;117m[DEBUG]: [0mThis is a debug message from thread 218-09-2026 00:29:34 [38;5;009m[ERROR]: [0mThis is a error message from thread 2818-09-2026 00:29:34 [38;5;117m[DEBUG]: [0mThis is a debug message from thread 2818-09-2026 00:29:34 [38;5;015m[INFO]: [0mThis is a info message from thread 1218-09-2026 00:29:34 [38;5;009m[ERROR]: [0mThis is a error message from thread 1118-09-2026 00:29:34 [38;5;015m[INFO]: [0mThis is a info message from thread 2518-09-2026 00:29:34 [38;5;117m[DEBUG]: [0mThis is a debug message from thread 818-09-2026 00:29:34 [38;5;009m[ERROR]: [0mThis is a error message from thread 1218-09-2026 00:29:34 [38;5;117m[DEBUG]: [0mThis is a debug message from thread 1218-09-2026 00:29:34 [38;5;015m[INFO]: [0mThis is a info message from thread 1218-09-2026 00:29:34 [38;5;009m[ERROR]: [0mThis is a error message from thread 1218-09-2026 00:29:34 [38;5;015m[INFO]: [0mThis is a info message from thread 818-09-2026 00:29:34 [38;5;009m[ERROR]: [0mThis is a error message from thread 1318-09-2026 00:29:34 [38;5;009m[ERROR]: [0mThis is a error message from thread 2518-09-2026 00:29:34 [38;5;117m[DEBUG]: [0mThis is a debug message from thread 2418-09-2026 00:29:34 [38;5;015m[INFO]: [0mThis is a info message from thread 1018-09-2026 00:29:34 [38;5;015m[INFO]: [0mThis is a info message from thread 218-09-2026 00:29:34 [38;5;117m[DEBUG]: [0mThis is a debug message from thread 1318-09-2026 00:29:34 [38;5;015m[INFO]: [0mThis is a info message from thread 2918-09-2026 00:29:34 [38;5;117m[DEBUG]: [0mThis is a debug message from thread 1918-09-2026 00:29:34 [38;5;015m[INFO]: [0mThis is a info message from thread 2818-09-2026 00:29:34 [38;5;117m[DEBUG]: [0mThis is a debug message from thread 1218-09-2026 00:29:34 [38;5;117m[DEBUG]: [0mThis is a debug message from thread 1118-09-2026 00:29:34 [38;5;015m[INFO]: [0mThis is a info message from thread 118-09-2026 00:29:34 [38;5;009m[ERROR]: [0mThis is a error message from thread 218-09-2026 00:29:34 [38;5;009m[ERROR]: [0mThis is a error message from thread 2918-09-2026 00:29:34 [38;5;009m[ERROR]: [0mThis is a error message from thread 818-09-2026 00:29:34 [38;5;117m[DEBUG]: [0mThis is a debug message from thread 818-09-2026 00:29:34 [38;5;015m[INFO]: [0mThis is a info message from thread 2418-09-2026 00:29:34 [38;5;015m[INFO]: [0mThis is a info message from thread 1118-09-2026 00:29:34 [38;5;015m[INFO]: [0mThis is a info message from thread 818-09-2026 00:29:34 [38;5;009m[ERROR]: [0mThis is a error message from thread 1118-09-2026 00:29:34 [38;5;015m[INFO]: [0mThis is a info message from thread 1218-09-2026 00:29:34 [38;5;117m[DEBUG]: [0mThis is a debug message from thread 1118-09-2026 00:29:34 [38;5;117m[DEBUG]: [0mThis is a debug message from thread 218-09-2026 00:29:34 [38;5;117m[DEBUG]: [0mThis is a debug message from thread 2518-09-2026 00:29:34 [38;5;009m[ERROR]: [0mThis is a error message from thread 818-09-2026 00:29:34 [38;5;009m[ERROR]: [0mThis is a error message from thread 2818-09-2026 00:29:34 [38;5;117m[DEBUG]: [0mThis is a debug message from thread 2818-09-2026 00:29:34 [38;5;015m[INFO]: [0mThis is a info message from thread 2518-09-2026 00:29:34 [38;5;009m[ERROR]: [0mThis is a error message from thread 2418-09-2026 00:29:34 [38;5;015m[INFO]: [0mThis is a info message from thread 1918-09-2026 00:29:34 [38;5;117m[DEBUG]: [0mThis is a debug message from thread 2418-09-2026 00:29:34 [38;5;009m[ERROR]: [0mThis is a error message from thread 1218-09-2026 00:29:34 [38;5;117m[DEBUG]: [0mThis is a debug message from thread 818-09-2026 00:29:34 [38;5;009m[ERROR]: [0mThis is a error message from thread 1018-09-2026 00:29:34 [38;5;015m[INFO]: [0mThis is a info message from thread 2418-09-2026 00:29:34 [38;5;015m[INFO]: [0mThis is a info message from thread 2818-09-2026 00:29:34 [38;5;015m[INFO]: [0mThis is a info message from thread 818-09-2026 00:29:34 [38;5;009m[ERROR]: [0mThis is a error message from thread 2518-09-2026 00:29:34 [38;5;009m[ERROR]: [0mThis is a error message from thread 1918-09-2026 00:29:34 [38;5;117m[DEBUG]: [0mThis is a debug message from thread 2518-09-2026 00:29:34 [38;5;117m[DEBUG]: [0mThis is a debug message from thread 2918-09-2026 00:29:34 [38;5;009m[ERROR]: [0mThis is a error message from thread 2418-09-2026 00:29:34 [38;5;009m[ERROR]: [0mThis is a error message from thread 2818-09-2026 00:29:34 [38;5;117m[DEBUG]: [0mThis is a debug message from thread 2318-09-2026 00:29:34 [38;5;117m[DEBUG]: [0mThis is a debug message from thread 2418-09-2026 00:29:34 [38;5;015m[INFO]: [0mThis is a info message from thread 1118-09-2026 00:29:34 [38;5;117m[DEBUG]: [0mThis is a debug message from thread 1918-09-2026 00:29:34 [38;5;009m[ERROR]: [0mThis is a error message from thread 2618-09-2026 00:29:34 [38;5;009m[ERROR]: [0mThis is a error message from thread 1818-09-2026 00:29:34 [38;5;015m[INFO]: [0mThis is a info message from thread 2518-09-2026 00:29:34 [38;5;015m[INFO]: [0mThis is a info message from thread 2918-09-2026 00:29:34 [38;5;117m[DEBUG]: [0mThis is a debug message from thread 1518-09-2026 00:29:34 [38;5;009m[ERROR]: [0mThis is a error message from thread 2918-09-2026 00:29:34 [38;5;009m[ERROR]: [0mThis is a error message from thread 118-09-2026 00:29:34 [38;5;015m[INFO]: [0mThis is a info message from thread 218-09-2026 00:29:34 [38;5;009m[ERROR]: [0mThis is a error message from thread 1118-09-2026 00:29:34 [38;5;009m[ERROR]: [0mThis is a error message from thread 218-09-2026 00:29:34 [38;5;117m[DEBUG]: [0mThis is a debug message from thread 1018-09-2026 00:29:34 [38;5;015m[INFO]: [0mThis is a info message from thread 1518-09-2026 00:29:34 [38;5;015m[INFO]: [0mThis is a info message from thread 2218-09-2026 00:29:34 [38;5;117m[DEBUG]: [0mThis is a debug message from thread 2618-09-2026 00:29:34 [38;5;117m[DEBUG]: [0mThis is a debug message from thread 2918-09-2026 00:29:34 [38;5;015m[INFO]: [0mThis is a info message from thread 2418-09-2026 00:29:34 [38;5;015m[INFO]: [0mThis is a info message from thread 1918-09-2026 00:29:34 [38;5;015m[INFO]: [0mThis is a info message from thread 2918-09-2026 00:29:34 [38;5;117m[DEBUG]: [0mThis is a debug message from thread 2818-09-2026 00:29:34 [38;5;009m[ERROR]: [0mThis is a error message from thread 918-09-2026 00:29:34 [38;5;015m[INFO]: [0mThis is a info message from thread 2118-09-2026 00:29:34 [38;5;015m[INFO]: [0mThis is a info message from thread 2618-09-2026 00:29:34 [38;5;015m[INFO]: [0mThis is a info message from thread 2818-09-2026 00:29:34 [38;5;117m[DEBUG]: [0mThis is a debug message from thread 318-09-2026 00:29:34 [38;5;015m[INFO]: [0mThis is a info message from thread 318-09-2026 00:29:34 [38;5;009m[ERROR]: [0mThis is a error message from thread 2418-09-2026 00:29:34 [38;5;117m[DEBUG]: [0mThis is a debug message from thread 918-09-2026 00:29:34 [38;5;009m[ERROR]: [0mThis is a error message from thread 2518-09-2026 00:29:34 [38;5;009m[ERROR]: [0mThis is a error message from thread 2918-09-2026 00:29:34 [38;5;009m[ERROR]: [0mThis is a error message from thread 2718-09-2026 00:29:34 [38;5;009m[ERROR]: [0mThis is a error message from thread 2618-09-2026 00:29:34 [38;5;117m[DEBUG]: [0mThis is a debug message from thread 2418-09-2026 00:29:34 [38;5;015m[INFO]: [0mThis is a info message from thread 2418-09-2026 00:29:34 [38;5;117m[DEBUG]: [0mThis is a debug message from thread 2718-09-2026 00:29:34 [38;5;015m[INFO]: [0mThis is a info message from thread 918-09-2026 00:29:34 [38;5;015m[INFO]: [0mThis is a info message from thread 1018-09-2026 00:29:34 [38;5;009m[ERROR]: [0mThis is a error message from thread 2418-09-2026 00:29:34 [38;5;009m[ERROR]: [0mThis is a error message from thread 2118-09-2026 00:29:34 [38;5;117m[DEBUG]: [0mThis is a debug message from thread 2918-09-2026 00:29:34 [38;5;117m[DEBUG]: [0mThis is a debug message from thread 1118-09-2026 00:29:34 [38;5;009m[ERROR]: [0mThis is a error message from thread 018-09-2026 00:29:34 [38;5;009m[ERROR]: [0mThis is a error message from thread 518-09-2026 00:29:34 [38;5;117m[DEBUG]: [0mThis is a debug message from thread 718-09-2026 00:29:34 [38;5;117m[DEBUG]: [0mThis is a debug message from thread 1418-09-2026 00:29:34 [38;5;009m[ERROR]: [0mThis is a error message from thread 1018-09-2026 00:29:34 [38;5;117m[DEBUG]: [0mThis is a debug message from thread 518-09-2026 00:29:34 [38;5;009m[ERROR]: [0mThis is a error message from thread 1618-09-2026 00:29:34 [38;5;009m[ERROR]: [0mThis is a error message from thread 2818-09-2026 00:29:34 [38;5;009m[ERROR]: [0mThis is a error message from thread 818-09-2026 00:29:34 [38;5;117m[DEBUG]: [0mThis is a debug message from thread 2018-09-2026 00:29:34 [38;5;117m[DEBUG]: [0mThis is a debug message from thread 018-09-2026 00:29:34 [38;5;009m[ERROR]: [0mThis is a error message from thread 1518-09-2026 00:29:34 [38;5;117m[DEBUG]: [0mThis is a debug message from thread 618-09-2026 00:29:34 [38;5;117m[DEBUG]: [0mThis is a debug message from thread 1218-09-2026 00:29:34 [38;5;009m[ERROR]: [0mThis is a error message from thread 2218-09-2026 00:29:34 [38;5;117m[DEBUG]: [0mThis is a debug message from thread 1018-09-2026 00:29:34 [38;5;015m[INFO]: [0mThis is a info message from thread 618-09-2026 00:29:34 [38;5;015m[INFO]: [0mThis is a info message from thread 518-09-2026 00:29:34 [38;5;117m[DEBUG]: [0mThis is a debug message from thread 2518-09-2026 00:29:34 [38;5;009m[ERROR]: [0mThis is a error message from thread 518-09-2026 00:29:34 [38;5;015m[INFO]: [0mThis is a info message from thread 1018-09-2026 00:29:34 [38;5;009m[ERROR]: [0mThis is a error message from thread 618-09-2026 00:29:34 [38;5;117m[DEBUG]: [0mThis is a debug message from thread 1618-09-2026 00:29:34 [38;5;117m[DEBUG]: [0mThis is a debug message from thread 618-09-2026 00:29:34 [38;5;117m[DEBUG]: [0mThis is a debug message from thread 2418-09-2026 00:29:34 [38;5;117m[DEBUG]: [0mThis is a debug message from thread 2818-09-2026 00:29:34 [38;5;117m[DEBUG]: [0mThis is a debug message from thread 2618-09-2026 00:29:34 [38;5;009m[ERROR]: [0mThis is a error message from thread 1018-09-2026 00:29:34 [38;5;117m[DEBUG]: [0mThis is a debug message from thread 218-09-2026 00:29:34 [38;5;015m[INFO]: [0mThis is a info message from thread 218-09-2026 00:29:34 [38;5;015m[INFO]: [0mThis is a info message from thread 718-09-2026 00:29:34 [38;5;015m[INFO]: [0mThis is a info message from thread 2018-09-2026 00:29:34 [38;5;117m[DEBUG]: [0mThis is a debug message from thread 818-09-2026 00:29:34 [38;5;009m[ERROR]: [0mThis is a error message from thread 1918-09-2026 00:29:34 [38;5;117m[DEBUG]: [0mThis is a debug message from thread 1018-09-2026 00:29:34 [38;5;015m[INFO]: [0mThis is a info message from thread 2518-09-2026 00:29:34 [38;5;015m[INFO]: [0mThis is a info message from thread 1118-09-2026 00:29:34 [38;5;117m[DEBUG]: [0mThis is a debug message from thread 1818-09-2026 00:29:34 [38;5;015m[INFO]: [0mThis is a info message from thread 618-09-2026 00:29:34 [38;5;015m[INFO]: [0mThis is a info message from thread 818-09-2026 00:29:34 [38;5;009m[ERROR]: [0mThis is a error message from thread 318-09-2026 00:29:34 [38;5;015m[INFO]: [0mThis is a info message from thread 1418-09-2026 00:29:34 [38;5;015m[INFO]: [0mThis is a info message from thread 1018-09-2026 00:29:34 [38;5;009m[ERROR]: [0mThis is a error message from thread 1118-09-2026 00:29:34 [38;5;117m[DEBUG]: [0mThis is a debug message from thread 1918-09-2026 00:29:34 [38;5;117m[DEBUG]: [0mThis is a debug message from thread 1118-09-2026 00:29:34 [38;5;009m[ERROR]: [0mThis is a error message from thread 918-09-2026 00:29:34 [38;5;015m[INFO]: [0mThis is a info message from thread 2818-09-2026 00:29:34 [38;5;015m[INFO]: [0mThis is a info message from thread 418-09-2026 00:29:34 [38;5;015m[INFO]: [0mThis is a info message from thread 1718-09-2026 00:29:34 [38;5;015m[INFO]: [0mThis is a info message from thread 2318-09-2026 00:29:34 [38;5;015m[INFO]: [0mThis is a info message from thread 1118-09-2026 00:29:34 [38;5;015m[INFO]: [0mThis is a info message from thread 018-09-2026 00:29:34 [38;5;117m[DEBUG]: [0mThis is a debug message from thread 118-09-2026 00:29:34 [38;5;117m[DEBUG]: [0mThis is a debug message from thread 518-09-2026 00:29:34 [38;5;015m[INFO]: [0mThis is a info message from thread 2418-09-2026 00:29:34 [38;5;015m[INFO]: [0mThis is a info message from thread 118-09-2026 00:29:34 [38;5;117m[DEBUG]: [0mThis is a debug message from thread 1518-09-2026 00:29:34 [38;5;009m[ERROR]: [0mThis is a error message from thread 218-09-2026 00:29:34 [38;5;009m[ERROR]: [0mThis is a error message from thread 718-09-2026 00:29:34 [38;5;015m[INFO]: [0mThis is a info message from thread 1818-09-2026 00:29:34 [38;5;009m[ERROR]: [0mThis is a error message from thread 018-09-2026 00:29:34 [38;5;009m[ERROR]: [0mThis is a error message from thread 118-09-2026 00:29:34 [38;5;009m[ERROR]: [0mThis is a error message from thread 2018-09-2026 00:29:34 [38;5;009m[ERROR]: [0mThis is a error message from thread 1718-09-2026 00:29:34 [38;5;117m[DEBUG]: [0mThis is a debug message from thread 718-09-2026 00:29:34 [38;5;009m[ERROR]: [0mThis is a error message from thread 1418-09-2026 00:29:34 [38;5;009m[ERROR]: [0mThis is a error message from thread 418-09-2026 00:29:34 [38;5;117m[DEBUG]: [0mThis is a debug message from thread 118-09-2026 00:29:34 [38;5;117m[DEBUG]: [0mThis is a debug message from thread 1418-09-2026 00:29:34 [38;5;009m[ERROR]: [0mThis is a error message from thread 2418-09-2026 00:29:34 [38;5;117m[DEBUG]: [0mThis is a debug message from thread 918-09-2026 00:29:34 [38;5;015m[INFO]: [0mThis is a info message from thread 1618-09-2026 00:29:34 [38;5;009m[ERROR]: [0mThis is a error message from thread 2318-09-2026 00:29:34 [38;5;015m[INFO]: [0mThis is a info message from thread 2618-09-2026 00:29:34 [38;5;015m[INFO]: [0mThis is a info message from thread 118-09-2026 00:29:34 [38;5;117m[DEBUG]: [0mThis is a debug message from thread 218-09-2026 00:29:34 [38;5;009m[ERROR]: [0mThis is a error message from thread 2818-09-2026 00:29:34 [38;5;015m[INFO]: [0mThis is a info message from thread 1418-09-2026 00:29:34 [38;5;015m[INFO]: [0mThis is a info message from thread 918-09-2026 00:29:34 [38;5;015m[INFO]: [0mThis is a info message from thread 2718-09-2026 00:29:34 [38;5;015m[INFO]: [0mThis is a info message from thread 1518-09-2026 00:29:34 [38;5;117m[DEBUG]: [0mThis is a debug message from thread 018-09-2026 00:29:34 [38;5;015m[INFO]: [0mThis is a info message from thread 218-09-2026 00:29:34 [38;5;009m[ERROR]: [0mThis is a error message from thread 2718-09-2026 00:29:34 [38;5;009m[ERROR]: [0mThis is a error message from thread 1418-09-2026 00:29:34 [38;5;117m[DEBUG]: [0mThis is a debug message from thread 2718-09-2026 00:29:34 [38;5;015m[INFO]: [0mThis is a info message from thread 1218-09-2026 00:29:34 [38;5;015m[INFO]: [0mThis is a info message from thread 2718-09-2026 00:29:34 [38;5;117m[DEBUG]: [0mThis is a debug message from thread 1718-09-2026 00:29:34 [38;5;009m[ERROR]: [0mThis is a error message from thread 2718-09-2026 00:29:34 [38;5;117m[DEBUG]: [0mThis is a debug message from thread 2118-09-2026 00:29:34 [38;5;015m[INFO]: [0mThis is a info message from thread 518-09-2026 00:29:34 [38;5;117m[DEBUG]: [0mThis is a debug message from thread 2818-09-2026 00:29:34 [38;5;015m[INFO]: [0mThis is a info message from thread 1718-09-2026 00:29:34 [38;5;009m[ERROR]: [0mThis is a error message from thread 1518-09-2026 00:29:34 [38;5;009m[ERROR]: [0mThis is a error message from thread 918-09-2026 00:29:34 [38;5;009m[ERROR]: [0mThis is a error message from thread 618-09-2026 00:29:34 [38;5;015m[INFO]: [0mThis is a info message from thread 1918-09-2026 00:29:34 [38;5;009m[ERROR]: [0mThis is a error message from thread 518-09-2026 00:29:34 [38;5;009m[ERROR]: [0mThis is a error message from thread 1118-09-2026 00:29:34 [38;5;117m[DEBUG]: [0mThis is a debug message from thread 2718-09-2026 00:29:34 [38;5;117m[DEBUG]: [0mThis is a debug message from thread 1118-09-2026 00:29:34 [38;5;117m[DEBUG]: [0mThis is a debug message from thread 1518-09-2026 00:29:34 [38;5;009m[ERROR]: [0mThis is a error message from thread 818-09-2026 00:29:34 [38;5;015m[INFO]: [0mThis is a info message from thread 2918-09-2026 00:29:34 [38;5;117m[DEBUG]: [0mThis is a debug message from thread 818-09-2026 00:29:34 [38;5;015m[INFO]: [0mThis is a info message from thread 818-09-2026 00:29:34 [38;5;015m[INFO]: [0mThis is a info message from thread 1518-09-2026 00:29:34 [38;5;117m[DEBUG]: [0mThis is a debug message from thread 618-09-2026 00:29:34 [38;5;117m[DEBUG]: [0mThis is a debug message from thread 2418-09-2026 00:29:34 [38;5;009m[ERROR]: [0mThis is a error message from thread 218-09-2026 00:29:34 [38;5;009m[ERROR]: [0mThis is a error message from thread 1618-09-2026 00:29:34 [38;5;117m[DEBUG]: [0mThis is a debug message from thread 1418-09-2026 00:29:34 [38;5;009m[ERROR]: [0mThis is a error message from thread 818-09-2026 00:29:34 [38;5;117m[DEBUG]: [0mThis is a debug message from thread 318-09-2026 00:29:34 [38;5;117m[DEBUG]: [0mThis is a debug message from thread 418-09-2026 00:29:34 [38;5;015m[INFO]: [0mThis is a info message from thread 2118-09-2026 00:29:34 [38;5;009m[ERROR]: [0mThis is a error message from thread 2518-09-2026 00:29:34 [38;5;015m[INFO]: [0mThis is a info message from thread 2818-09-2026 00:29:34 [38;5;009m[ERROR]: [0mThis is a error message from thread 1518-09-2026 00:29:34 [38;5;117m[DEBUG]: [0mThis is a debug message from thread 2518-09-2026 00:29:34 [38;5;009m[ERROR]: [0mThis is a error message from thread 1918-09-2026 00:29:34 [38;5;009m[ERROR]: [0mThis is a error message from thread 2118-09-2026 00:29:34 [38;5;117m[DEBUG]: [0mThis is a debug message from thread 1518-09-2026 00:29:34 [38;5;015m[INFO]: [0mThis is a info message from thread 318-09-2026 00:29:34 [38;5;009m[ERROR]: [0mThis is a error message from thread 1018-09-2026 00:29:34 [38;5;117m[DEBUG]: [0mThis is a debug message from thread 818-09-2026 00:29:34 [38;5;015m[INFO]: [0mThis is a info message from thread 2418-09-2026 00:29:34 [38;5;015m[INFO]: [0mThis is a info message from thread 2518-09-2026 00:29:34 [38;5;015m[INFO]: [0mThis is a info message from thread 1518-09-2026 00:29:34 [38;5;015m[INFO]: [0mThis is a info message from thread 1418-09-2026 00:29:34 [38;5;009m[ERROR]: [0mThis is a error message from thread 318-09-2026 00:29:34 [38;5;009m[ERROR]: [0mThis is a error message from thread 2518-09-2026 00:29:34 [38;5;117m[DEBUG]: [0mThis is a debug message from thread 2118-09-2026 00:29:34 [38;5;015m[INFO]: [0mThis is a info message from thread 718-09-2026 00:29:34 [38;5;009m[ERROR]: [0mThis is a error message from thread 2418-09-2026 00:29:34 [38;5;015m[INFO]: [0mThis is a info message from thread 1118-09-2026 00:29:34 [38;5;117m[DEBUG]: [0mThis is a debug message from thread 2218-09-2026 00:29:34 [38;5;117m[DEBUG]: [0mThis is a debug message from thread 318-09-2026 00:29:34 [38;5;009m[ERROR]: [0mThis is a error message from thread 118-09-2026 00:29:34 [38;5;015m[INFO]: [0mThis is a info message from thread 018-09-2026 00:29:34 [38;5;117m[DEBUG]: [0mThis is a debug message from thread 118-09-2026 00:29:34 [38;5;009m[ERROR]: [0mThis is a error message from thread 718-09-2026 00:29:34 [38;5;015m[INFO]: [0mThis is a info message from thread 1318-09-2026 00:29:34 [38;5;015m[INFO]: [0mThis is a info message from thread 118-09-2026 00:29:34 [38;5;117m[DEBUG]: [0mThis is a debug message from thread 2418-09-2026 00:29:34 [38;5;015m[INFO]: [0mThis is a info message from thread 418-09-2026 00:29:34 [38;5;117m[DEBUG]: [0mThis is a debug message from thread 218-09-2026 00:29:34 [38;5;117m[DEBUG]: [0mThis is a debug message from thread 2518-09-2026 00:29:34 [38;5;009m[ERROR]: [0mThis is a error message from thread 418-09-2026 00:29:34 [38;5;009m[ERROR]: [0mThis is a error message from thread 1218-09-2026 00:29:34 [38;5;009m[ERROR]: [0mThis is a error message from thread 1718-09-2026 00:29:34 [38;5;009m[ERROR]: [0mThis is a error message from thread 2818-09-2026 00:29:34 [38;5;009m[ERROR]: [0mThis is a error message from thread 118-09-2026 00:29:34 [38;5;015m[INFO]: [0mThis is a info message from thread 318-09-2026 00:29:34 [38;5;117m[DEBUG]: [0mThis is a debug message from thread 2018-09-2026 00:29:34 [38;5;117m[DEBUG]: [0mThis is a debug message from thread 918-09-2026 00:29:34 [38;5;117m[DEBUG]: [0mThis is a debug message from thread 1918-09-2026 00:29:34 [38;5;009m[ERROR]: [0mThis is a error message from thread 1518-09-2026 00:29:34 [38;5;117m[DEBUG]: [0mThis is a debug message from thread 2818-09-2026 00:29:34 [38;5;117m[DEBUG]: [0mThis is a debug message from thread 118-09-2026 00:29:34 [38;5;015m[INFO]: [0mThis is a info message from thread 618-09-2026 00:29:34 [38;5;117m[DEBUG]: [0mThis is a debug message from thread 1218-09-2026 00:29:34 [38;5;009m[ERROR]: [0mThis is a error message from thread 2618-09-2026 00:29:34 [38;5;015m[INFO]: [0mThis is a info message from thread 118-09-2026 00:29:34 [38;5;117m[DEBUG]: [0mThis is a debug message from thread 518-09-2026 00:29:34 [38;5;117m[DEBUG]: [0mThis is a debug message from thread 1718-09-2026 00:29:34 [38;5;009m[ERROR]: [0mThis is a error message from thread 1318-09-2026 00:29:34 [38;5;117m[DEBUG]: [0mThis is a debug message from thread 2318-09-2026 00:29:34 [38;5;117m[DEBUG]: [0mThis is a debug message from thread 1518-09-2026 00:29:34 [38;5;009m[ERROR]: [0mThis is a error message from thread 618-09-2026 00:29:34 [38;5;117m[DEBUG]: [0mThis is a debug message from thread 1618-09-2026 00:29:34 [38;5;015m[INFO]: [0mThis is a info message from thread 1518-09-2026 00:29:34 [38;5;015m[INFO]: [0mThis is a info message from thread 2518-09-2026 00:29:34 [38;5;015m[INFO]: [0mThis is a info message from thread 2318-09-2026 00:29:34 [38;5;015m[INFO]: [0mThis is a info message from thread 1218-09-2026 00:29:34 [38;5;009m[ERROR]: [0mThis is a error message from thread 018-09-2026 00:29:34 [38;5;009m[ERROR]: [0mThis is a error message from thread 1418-09-2026 00:29:34 [38;5;009m[ERROR]: [0mThis is a error message from thread 318-09-2026 00:29:34 [38;5;009m[ERROR]: [0mThis is a error message from thread 2318-09-2026 00:29:34 [38;5;117m[DEBUG]: [0mThis is a debug message from thread 618-09-2026 00:29:34 [38;5;015m[INFO]: [0mThis is a info message from thread 2018-09-2026 00:29:34 [38;5;015m[INFO]: [0mThis is a info message from thread 2718-09-2026 00:29:34 [38;5;015m[INFO]: [0mThis is a info message from thread 1618-09-2026 00:29:34 [38;5;117m[DEBUG]: [0mThis is a debug message from thread 718-09-2026 00:29:34 [38;5;009m[ERROR]: [0mThis is a error message from thread 2518-09-2026 00:29:34 [38;5;009m[ERROR]: [0mThis is a error message from thread 1518-09-2026 00:29:34 [38;5;009m[ERROR]: [0mThis is a error message from thread 1818-09-2026 00:29:34 [38;5;117m[DEBUG]: [0mThis is a debug message from thread 018-09-2026 00:29:34 [38;5;015m[INFO]: [0mThis is a info message from thread 718-09-2026 00:29:34 [38;5;117m[DEBUG]: [0mThis is a debug message from thread 318-09-2026 00:29:34 [38;5;117m[DEBUG]: [0mThis is a debug message from thread 418-09-2026 00:29:34 [38;5;117m[DEBUG]: [0mThis is a debug message from thread 1318-09-2026 00:29:34 [38;5;015m[INFO]: [0mThis is a info message from thread 2118-09-2026 00:29:34 [38;5;009m[ERROR]: [0mThis is a error message from thread 1618-09-2026 00:29:34 [38;5;009m[ERROR]: [0mThis is a error message from thread 718-09-2026 00:29:34 [38;5;009m[ERROR]: [0mThis is a error message from thread 2118-09-2026 00:29:34 [38;5;015m[INFO]: [0mThis is a info message from thread 418-09-2026 00:29:34 [38;5;015m[INFO]: [0mThis is a info message from thread 918-09-2026 00:29:34 [38;5;117m[DEBUG]: [0mThis is a debug message from thread 1818-09-2026 00:29:34 [38;5;009m[ERROR]: [0mThis is a error message from thread 1118-09-2026 00:29:34 [38;5;117m[DEBUG]: [0mThis is a debug message from thread 1618-09-2026 00:29:34 [38;5;009m[ERROR]: [0mThis is a error message from thread 2918-09-2026 00:29:34 [38;5;117m[DEBUG]: [0mThis is a debug message from thread 1518-09-2026 00:29:34 [38;5;117m[DEBUG]: [0mThis is a debug message from thread 2118-09-2026 00:29:34 [38;5;009m[ERROR]: [0mThis is a error message from thread 2718-09-2026 00:29:34 [38;5;015m[INFO]: [0mThis is a info message from thread 218-09-2026 00:29:34 [38;5;015m[INFO]: [0mThis is a info message from thread 518-09-2026 00:29:34 [38;5;009m[ERROR]: [0mThis is a error message from thread 418-09-2026 00:29:34 [38;5;015m[INFO]: [0mThis is a info message from thread 1818-09-2026 00:29:34 [38;5;015m[INFO]: [0mThis is a info message from thread 618-09-2026 00:29:34 [38;5;117m[DEBUG]: [0mThis is a debug message from thread 418-09-2026 00:29:34 [38;5;015m[INFO]: [0mThis is a info message from thread 2118-09-2026 00:29:34 [38;5;015m[INFO]: [0mThis is a info message from thread 318-09-2026 00:29:34 [38;5;009m[ERROR]: [0mThis is a error message from thread 1818-09-2026 00:29:34 [38;5;117m[DEBUG]: [0mThis is a debug message from thread 2718-09-2026 00:29:34 [38;5;009m[ERROR]: [0mThis is a error message from thread 618-09-2026 00:29:34 [38;5;117m[DEBUG]: [0mThis is a debug message from thread 2318-09-2026 00:29:34 [38;5;015m[INFO]: [0mThis is a info message from thread 418-09-2026 00:29:34 [38;5;117m[DEBUG]: [0mThis is a debug message from thread 1418-09-2026 00:29:34 [38;5;117m[DEBUG]: [0mThis is a debug message from thread 1818-09-2026 00:29:34 [38;5;009m[ERROR]: [0mThis is a error message from thread 318-09-2026 00:29:34 [38;5;015m[INFO]: [0mThis is a info message from thread 2218-09-2026 00:29:34 [38;5;015m[INFO]: [0mThis is a info message from thread 018-09-2026 00:29:34 [38;5;117m[DEBUG]: [0mThis is a debug message from thread 618-09-2026 00:29:34 [38;5;015m[INFO]: [0mThis is a info message from thread 2418-09-2026 00:29:34 [38;5;009m[ERROR]: [0mThis is a error message from thread 118-09-2026 00:29:34 [38;5;015m[INFO]: [0mThis is a info message from thread 1718-09-2026 00:29:34 [38;5;015m[INFO]: [0mThis is a info message from thread 2318-09-2026 00:29:34 [38;5;015m[INFO]: [0mThis is a info message from thread 2818-09-2026 00:29:34 [38;5;117m[DEBUG]: [0mThis is a debug message from thread 2518-09-2026 00:29:34 [38;5;015m[INFO]: [0mThis is a info message from thread 1818-09-2026 00:29:34 [38;5;117m[DEBUG]: [0mThis is a debug message from thread 318-09-2026 00:29:34 [38;5;009m[ERROR]: [0mThis is a error message from thread 2018-09-2026 00:29:34 [38;5;009m[ERROR]: [0mThis is a error message from thread 1218-09-2026 00:29:34 [38;5;117m[DEBUG]: [0mThis is a debug message from thread 2918-09-2026 00:29:34 [38;5;015m[INFO]: [0mThis is a info message from thread 1518-09-2026 00:29:34 [38;5;117m[DEBUG]: [0mThis is a debug message from thread 118-09-2026 00:29:34 [38;5;117m[DEBUG]: [0mThis is a debug message from thread 1018-09-2026 00:29:34 [38;5;009m[ERROR]: [0mThis is a error message from thread 2218-09-2026 00:29:34 [38;5;009m[ERROR]: [0mThis is a error message from thread 2318-09-2026 00:29:34 [38;5;015m[INFO]: [0mThis is a info message from thread 1018-09-2026 00:29:34 [38;5;117m[DEBUG]: [0mThis is a debug message from thread 718-09-2026 00:29:34 [38;5;015m[INFO]: [0mThis is a info message from thread 2718-09-2026 00:29:34 [38;5;015m[INFO]: [0mThis is a info message from thread 2918-09-2026 00:29:34 [38;5;009m[ERROR]: [0mThis is a error message from thread 2918-09-2026 00:29:34 [38;5;117m[DEBUG]: [0mThis is a debug message from thread 2318-09-2026 00:29:34 [38;5;009m[ERROR]: [0mThis is a error message from thread 418-09-2026 00:29:34 [38;5;117m[DEBUG]: [0mThis is a debug message from thread 2618-09-2026 00:29:34 [38;5;009m[ERROR]: [0mThis is a error message from thread 1518-09-2026 00:29:34 [38;5;009m[ERROR]: [0mThis is a error message from thread 1718-09-2026 00:29:34 [38;5;015m[INFO]: [0mThis is a info message from thread 118-09-2026 00:29:34 [38;5;015m[INFO]: [0mThis is a info message from thread 2318-09-2026 00:29:34 [38;5;009m[ERROR]: [0mThis is a error message from thread 2118-09-2026 00:29:34 [38;5;009m[ERROR]: [0mThis is a error message from thread 1018-09-2026 00:29:34 [38;5;117m[DEBUG]: [0mThis is a debug message from thread 1018-09-2026 00:29:34 [38;5;117m[DEBUG]: [0mThis is a debug message from thread 2918-09-2026 00:29:34 [38;5;117m[DEBUG]: [0mThis is a debug message from thread 418-09-2026 00:29:34 [38;5;009m[ERROR]: [0mThis is a error message from thread 2418-09-2026 00:29:34 [38;5;009m[ERROR]: [0mThis is a error message from thread 2818-09-2026 00:29:34 [38;5;015m[INFO]: [0mThis is a info message from thread 1018-09-2026 00:29:34 [38;5;015m[INFO]: [0mThis is a info message from thread 618-09-2026 00:29:34 [38;5;117m[DEBUG]: [0mThis is a debug message from thread 2218-09-2026 00:29:34 [38;5;009m[ERROR]: [0mThis is a error message from thread 2318-09-2026 00:29:34 [38;5;009m[ERROR]: [0mThis is a error message from thread 1018-09-2026 00:29:34 [38;5;015m[INFO]: [0mThis is a info message from thread 2218-09-2026 00:29:34 [38;5;009m[ERROR]: [0mThis is a error message from thread 618-09-2026 00:29:34 [38;5;117m[DEBUG]: [0mThis is a debug message from thread 2818-09-2026 00:29:34 [38;5;117m[DEBUG]: [0mThis is a debug message from thread 2118-09-2026 00:29:34 [38;5;015m[INFO]: [0mThis is a info message from thread 2818-09-2026 00:29:34 [38;5;015m[INFO]: [0mThis is a info message from thread 2118-09-2026 00:29:34 [38;5;009m[ERROR]: [0mThis is a error message from thread 2718-09-2026 00:29:34 [38;5;009m[ERROR]: [0mThis is a error message from thread 2118-09-2026 00:29:34 [38;5;009m[ERROR]: [0mThis is a error message from thread 118-09-2026 00:29:34 [38;5;015m[INFO]: [0mThis is a info message from thread 818-09-2026 00:29:34 [38;5;117m[DEBUG]: [0mThis is a debug message from thread 118-09-2026 00:29:34 [38;5;009m[ERROR]: [0mThis is a error message from thread 218-09-2026 00:29:34 [38;5;117m[DEBUG]: [0mThis is a debug message from thread 2118-09-2026 00:29:34 [38;5;117m[DEBUG]: [0mThis is a debug message from thread 218-09-2026 00:29:34 [38;5;009m[ERROR]: [0mThis is a error message from thread 518-09-2026 00:29:34 [38;5;117m[DEBUG]: [0mThis is a debug message from thread 2018-09-2026 00:29:34 [38;5;015m[INFO]: [0mThis is a info message from thread 218-09-2026 00:29:34 [38;5;009m[ERROR]: [0mThis is a error message from thread 1818-09-2026 00:29:34 [38;5;015m[INFO]: [0mThis is a info message from thread 2118-09-2026 00:29:34 [38;5;015m[INFO]: [0mThis is a info message from thread 1318-09-2026 00:29:34 [38;5;117m[DEBUG]: [0mThis is a debug message from thread 1818-09-2026 00:29:34 [38;5;015m[INFO]: [0mThis is a info message from thread 1918-09-2026 00:29:34 [38;5;117m[DEBUG]: [0mThis is a debug message from thread 1718-09-2026 00:29:34 [38;5;009m[ERROR]: [0mThis is a error message from thread 1918-09-2026 00:29:34 [38;5;015m[INFO]: [0mThis is a info message from thread 2018-09-2026 00:29:34 [38;5;117m[DEBUG]: [0mThis is a debug message from thread 1918-09-2026 00:29:34 [38;5;015m[INFO]: [0mThis is a info message from thread 1718-09-2026 00:29:34 [38;5;015m[INFO]: [0mThis is a info message from thread 418-09-2026 00:29:34 [38;5;015m[INFO]: [0mThis is a info message from thread 1918-09-2026 00:29:34 [38;5;009m[ERROR]: [0mThis is a error message from thread 2018-09-2026 00:29:34 [38;5;009m[ERROR]: [0mThis is a error message from thread 218-09-2026 00:29:34 [38;5;015m[INFO]: [0mThis is a info message from thread 1818-09-2026 00:29:34 [38;5;009m[ERROR]: [0mThis is a error message from thread 1318-09-2026 00:29:34 [38;5;117m[DEBUG]: [0mThis is a debug message from thread 1018-09-2026 00:29:34 [38;5;009m[ERROR]: [0mThis is a error message from thread 1818-09-2026 00:29:34 [38;5;015m[INFO]: [0mThis is a info message from thread 1018-09-2026 00:29:34 [38;5;117m[DEBUG]: [0mThis is a debug message from thread 1318-09-2026 00:29:34 [38;5;117m[DEBUG]: [0mThis is a debug message from thread 1818-09-2026 00:29:34 [38;5;009m[ERROR]: [0mThis is a error message from thread 1918-09-2026 00:29:34 [38;5;015m[INFO]: [0mThis is a info message from thread 1318-09-2026 00:29:34 [38;5;015m[INFO]: [0mThis is a info message from thread 1818-09-2026 00:29:34 [38;5;117m[DEBUG]: [0mThis is a debug message from thread 2018-09-2026 00:29:34 [38;5;009m[ERROR]: [0mThis is a error message from thread 418-09-2026 00:29:34 [38;5;009m[ERROR]: [0mThis is a error message from thread 1718-09-2026 00:29:34 [38;5;009m[ERROR]: [0mThis is a error message from thread 1018-09-2026 00:29:34 [38;5;015m[INFO]: [0mThis is a info message from thread 2018-09-2026 00:29:34 [38;5;015m[INFO]: [0mThis is a info message from thread 1618-09-2026 00:29:34 [38;5;117m[DEBUG]: [0mThis is a debug message from thread 2418-09-2026 00:29:34 [38;5;117m[DEBUG]: [0mThis is a debug message from thread 218-09-2026 00:29:34 [38;5;009m[ERROR]: [0mThis is a error message from thread 1618-09-2026 00:29:34 [38;5;015m[INFO]: [0mThis is a info message from thread 2518-09-2026 00:29:34 [38;5;009m[ERROR]: [0mThis is a error message from thread 918-09-2026 00:29:34 [38;5;009m[ERROR]: [0mThis is a error message from thread 2018-09-2026 00:29:34 [38;5;117m[DEBUG]: [0mThis is a debug message from thread 418-09-2026 00:29:34 [38;5;117m[DEBUG]: [0mThis is a debug message from thread 1518-09-2026 00:29:34 [38;5;117m[DEBUG]: [0mThis is a debug message from thread 2318-09-2026 00:29:34 [38;5;009m[ERROR]: [0mThis is a error message from thread 2218-09-2026 00:29:34 [38;5;015m[INFO]: [0mThis is a info message from thread 1418-09-2026 00:29:34 [38;5;015m[INFO]: [0mThis is a info message from thread 318-09-2026 00:29:34 [38;5;015m[INFO]: [0mThis is a info message from thread 2918-09-2026 00:29:34 [38;5;015m[INFO]: [0mThis is a info message from thread 118-09-2026 00:29:34 [38;5;117m[DEBUG]: [0mThis is a debug message from thread 1218-09-2026 00:29:34 [38;5;015m[INFO]: [0mThis is a info message from thread 2318-09-2026 00:29:34 [38;5;009m[ERROR]: [0mThis is a error message from thread 318-09-2026 00:29:34 [38;5;009m[ERROR]: [0mThis is a error message from thread 018-09-2026 00:29:34 [38;5;117m[DEBUG]: [0mThis is a debug message from thread 518-09-2026 00:29:34 [38;5;117m[DEBUG]: [0mThis is a debug message from thread 918-09-2026 00:29:34 [38;5;015m[INFO]: [0mThis is a info message from thread 2618-09-2026 00:29:34 [38;5;117m[DEBUG]: [0mThis is a debug message from thread 1018-09-2026 00:29:34 [38;5;009m[ERROR]: [0mThis is a error message from thread 2318-09-2026 00:29:34 [38;5;009m[ERROR]: [0mThis is a error message from thread 1318-09-2026 00:29:34 [38;5;009m[ERROR]: [0mThis is a error message from thread 2818-09-2026 00:29:34 [38;5;117m[DEBUG]: [0mThis is a debug message from thread 1318-09-2026 00:29:34 [38;5;015m[INFO]: [0mThis is a info message from thread 1218-09-2026 00:29:34 [38;5;015m[INFO]: [0mThis is a info message from thread 218-09-2026 00:29:34 [38;5;015m[INFO]: [0mThis is a info message from thread 418-09-2026 00:29:34 [38;5;009m[ERROR]: [0mThis is a error message from thread 418-09-2026 00:29:34 [38;5;015m[INFO]: [0mThis is a info message from thread 1518-09-2026 00:29:34 [38;5;117m[DEBUG]: [0mThis is a debug message from thread 2718-09-2026 00:29:34 [38;5;015m[INFO]: [0mThis is a info message from thread 2718-09-2026 00:29:34 [38;5;009m[ERROR]: [0mThis is a error message from thread 1818-09-2026 00:29:34 [38;5;015m[INFO]: [0mThis is a info message from thread 518-09-2026 00:29:34 [38;5;009m[ERROR]: [0mThis is a error message from thread 2718-09-2026 00:29:34 [38;5;015m[INFO]: [0mThis is a info message from thread 918-09-2026 00:29:34 [38;5;009m[ERROR]: [0mThis is a error message from thread 1418-09-2026 00:29:34 [38;5;117m[DEBUG]: [0mThis is a debug message from thread 2218-09-2026 00:29:34 [38;5;117m[DEBUG]: [0mThis is a debug message from thread 2718-09-2026 00:29:34 [38;5;015m[INFO]: [0mThis is a info message from thread 1318-09-2026 00:29:34 [38;5;117m[DEBUG]: [0mThis is a debug message from thread 2818-09-2026 00:29:34 [38;5;117m[DEBUG]: [0mThis is a debug message from thread 1418-09-2026 00:29:34 [38;5;009m[ERROR]: [0mThis is a error message from thread 2518-09-2026 00:29:34 [38;5;009m[ERROR]: [0mThis is a error message from thread 1318-09-2026 00:29:34 [38;5;009m[ERROR]: [0mThis is a error message from thread 118-09-2026 00:29:34 [38;5;015m[INFO]: [0mThis is a info message from thread 2818-09-2026 00:29:34 [38;5;009m[ERROR]: [0mThis is a error message from thread 518-09-2026 00:29:34 [38;5;009m[ERROR]: [0mThis is a error message from thread 2118-09-2026 00:29:34 [38;5;015m[INFO]: [0mThis is a info message from thread 2418-09-2026 00:29:34 [38;5;117m[DEBUG]: [0mThis is a debug message from thread 2118-09-2026 00:29:34 [38;5;117m[DEBUG]: [0mThis is a debug message from thread 1118-09-2026 00:29:34 [38;5;117m[DEBUG]: [0mThis is a debug message from thread 118-09-2026 00:29:34 [38;5;009m[ERROR]: [0mThis is a error message from thread 2918-09-2026 00:29:34 [38;5;117m[DEBUG]: [0mThis is a debug message from thread 418-09-2026 00:29:34 [38;5;015m[INFO]: [0mThis is a info message from thread 2718-09-2026 00:29:34 [38;5;009m[ERROR]: [0mThis is a error message from thread 2418-09-2026 00:29:34 [38;5;117m[DEBUG]: [0mThis is a debug message from thread 1918-09-2026 00:29:34 [38;5;117m[DEBUG]: [0mThis is a debug message from thread 2518-09-2026 00:29:34 [38;5;015m[INFO]: [0mThis is a info message from thread 1918-09-2026 00:29:34 [38;5;117m[DEBUG]: [0mThis is a debug message from thread 618-09-2026 00:29:34 [38;5;009m[ERROR]: [0mThis is a error message from thread 2618-09-2026 00:29:34 [38;5;015m[INFO]: [0mThis is a info message from thread 118-09-2026 00:29:34 [38;5;117m[DEBUG]: [0mThis is a debug message from thread 318-09-2026 00:29:34 [38;5;015m[INFO]: [0mThis is a info message from thread 2118-09-2026 00:29:34 [38;5;015m[INFO]: [0mThis is a info message from thread 618-09-2026 00:29:34 [38;5;009m[ERROR]: [0mThis is a error message from thread 118-09-2026 00:29:34 [38;5;015m[INFO]: [0mThis is a info message from thread 418-09-2026 00:29:34 [38;5;015m[INFO]: [0mThis is a info message from thread 1118-09-2026 00:29:34 [38;5;117m[DEBUG]: [0mThis is a debug message from thread 2618-09-2026 00:29:34 [38;5;015m[INFO]: [0mThis is a info message from thread 1418-09-2026 00:29:34 [38;5;015m[INFO]: [0mThis is a info message from thread 2618-09-2026 00:29:34 [38;5;009m[ERROR]: [0mThis is a error message from thread 2718-09-2026 00:29:34 [38;5;009m[ERROR]: [0mThis is a error message from thread 2818-09-2026 00:29:34 [38;5;117m[DEBUG]: [0mThis is a debug message from thread 118-09-2026 00:29:34 [38;5;009m[ERROR]: [0mThis is a error message from thread 218-09-2026 00:29:34 [38;5;015m[INFO]: [0mThis is a info message from thread 118-09-2026 00:29:34 [38;5;009m[ERROR]: [0mThis is a error message from thread 1418-09-2026 00:29:34 [38;5;009m[ERROR]: [0mThis is a error message from thread 2618-09-2026 00:29:34 [38;5;009m[ERROR]: [0mThis is a error message from thread 1118-09-2026 00:29:34 [38;5;009m[ERROR]: [0mThis is a error message from thread 2118-09-2026 00:29:34 [38;5;117m[DEBUG]: [0mThis is a debug message from thread 2618-09-2026 00:29:34 [38;5;015m[INFO]: [0mThis is a info message from thread 2618-09-2026 00:29:34 [38;5;117m[DEBUG]: [0mThis is a debug message from thread 2818-09-2026 00:29:34 [38;5;009m[ERROR]: [0mThis is a error message from thread 818-09-2026 00:29:34 [38;5;117m[DEBUG]: [0mThis is a debug message from thread 218-09-2026 00:29:34 [38;5;117m[DEBUG]: [0mThis is a debug message from thread 1118-09-2026 00:29:34 [38;5;117m[DEBUG]: [0mThis is a debug message from thread 2118-09-2026 00:29:34 [38;5;015m[INFO]: [0mThis is a info message from thread 2818-09-2026 00:29:34 [38;5;015m[INFO]: [0mThis is a info message from thread 2118-09-2026 00:29:34 [38;5;009m[ERROR]: [0mThis is a error message from thread 118-09-2026 00:29:34 [38;5;015m[INFO]: [0mThis is a info message from thread 1118-09-2026 00:29:34 [38;5;117m[DEBUG]: [0mThis is a debug message from thread 1718-09-2026 00:29:34 [38;5;009m[ERROR]: [0mThis is a error message from thread 1218-09-2026 00:29:34 [38;5;009m[ERROR]: [0mThis is a error message from thread 918-09-2026 00:29:34 [38;5;117m[DEBUG]: [0mThis is a debug message from thread 2018-09-2026 00:29:34 [38;5;117m[DEBUG]: [0mThis is a debug message from thread 2718-09-2026 00:29:34 [38;5;009m[ERROR]: [0mThis is a error message from thread 1918-09-2026 00:29:34 [38;5;117m[DEBUG]: [0mThis is a debug message from thread 518-09-2026 00:29:34 [38;5;015m[INFO]: [0mThis is a info message from thread 1718-09-2026 00:29:34 [38;5;009m[ERROR]: [0mThis is a error message from thread 2818-09-2026 00:29:34 [38;5;117m[DEBUG]: [0mThis is a debug message from thread 1218-09-2026 00:29:34 [38;5;117m[DEBUG]: [0mThis is a debug message from thread 1318-09-2026 00:29:34 [38;5;009m[ERROR]: [0mThis is a error message from thread 1718-09-2026 00:29:34 [38;5;117m[DEBUG]: [0mThis is a debug message from thread 818-09-2026 00:29:34 [38;5;015m[INFO]: [0mThis is a info message from thread 1318-09-2026 00:29:34 [38;5;015m[INFO]: [0mThis is a info message from thread 718-09-2026 00:29:34 [38;5;117m[DEBUG]: [0mThis is a debug message from thread 2318-09-2026 00:29:34 [38;5;117m[DEBUG]: [0mThis is a debug message from thread 1918-09-2026 00:29:34 [38;5;009m[ERROR]: [0mThis is a error message from thread 718-09-2026 00:29:34 [38;5;015m[INFO]: [0mThis is a info message from thread 1218-09-2026 00:29:34 [38;5;117m[DEBUG]: [0mThis is a debug message from thread 2418-09-2026 00:29:34 [38;5;117m[DEBUG]: [0mThis is a debug message from thread 1718-09-2026 00:29:34 [38;5;015m[INFO]: [0mThis is a info message from thread 218-09-2026 00:29:34 [38;5;117m[DEBUG]: [0mThis is a debug message from thread 018-09-2026 00:29:34 [38;5;015m[INFO]: [0mThis is a info message from thread 1718-09-2026 00:29:34 [38;5;009m[ERROR]: [0mThis is a error message from thread 1318-09-2026 00:29:34 [38;5;015m[INFO]: [0mThis is a info message from thread 018-09-2026 00:29:34 [38;5;015m[INFO]: [0mThis is a info message from thread 2218-09-2026 00:29:34 [38;5;009m[ERROR]: [0mThis is a error message from thread 1218-09-2026 00:29:34 [38;5;015m[INFO]: [0mThis is a info message from thread 2418-09-2026 00:29:34 [38;5;015m[INFO]: [0mThis is a info message from thread 1918-09-2026 00:29:34 [38;5;009m[ERROR]: [0mThis is a error message from thread 2218-09-2026 00:29:34 [38;5;117m[DEBUG]: [0mThis is a debug message from thread 1618-09-2026 00:29:34 [38;5;009m[ERROR]: [0mThis is a error message from thread 018-09-2026 00:29:34 [38;5;009m[ERROR]: [0mThis is a error message from thread 618-09-2026 00:29:34 [38;5;117m[DEBUG]: [0mThis is a debug message from thread 1318-09-2026 00:29:34 [38;5;009m[ERROR]: [0mThis is a error message from thread 1718-09-2026 00:29:34 [38;5;117m[DEBUG]: [0mThis is a debug message from thread 2218-09-2026 00:29:34 [38;5;009m[ERROR]: [0mThis is a error message from thread 1918-09-2026 00:29:34 [38;5;117m[DEBUG]: [0mThis is a debug message from thread 1918-09-2026 00:29:34 [38;5;009m[ERROR]: [0mThis is a error message from thread 218-09-2026 00:29:34 [38;5;117m[DEBUG]: [0mThis is a debug message from thread 618-09-2026 00:29:34 [38;5;117m[DEBUG]: [0mThis is a debug message from thread 1418-09-2026 00:29:34 [38;5;117m[DEBUG]: [0mThis is a debug message from thread 1718-09-2026 00:29:34 [38;5;015m[INFO]: [0mThis is a info message from thread 318-09-2026 00:29:34 [38;5;015m[INFO]: [0mThis is a info message from thread 1318-09-2026 00:29:34 [38;5;015m[INFO]: [0mThis is a info message from thread 1418-09-2026 00:29:34 [38;5;009m[ERROR]: [0mThis is a error message from thread 1118-09-2026 00:29:34 [38;5;117m[DEBUG]: [0mThis is a debug message from thread 1218-09-2026 00:29:34 [38;5;015m[INFO]: [0mThis is a info message from thread 2018-09-2026 00:29:34 [38;5;117m[DEBUG]: [0mThis is a debug message from thread 2918-09-2026 00:29:34 [38;5;009m[ERROR]: [0mThis is a error message from thread 2118-09-2026 00:29:34 [38;5;015m[INFO]: [0mThis is a info message from thread 1018-09-2026 00:29:34 [38;5;117m[DEBUG]: [0mThis is a debug message from thread 1118-09-2026 00:29:34 [38;5;015m[INFO]: [0mThis is a info message from thread 1918-09-2026 00:29:34 [38;5;009m[ERROR]: [0mThis is a error message from thread 1018-09-2026 00:29:34 [38;5;009m[ERROR]: [0mThis is a error message from thread 2418-09-2026 00:29:34 [38;5;117m[DEBUG]: [0mThis is a debug message from thread 118-09-2026 00:29:34 [38;5;015m[INFO]: [0mThis is a info message from thread 1618-09-2026 00:29:34 [38;5;117m[DEBUG]: [0mThis is a debug message from thread 2118-09-2026 00:29:34 [38;5;015m[INFO]: [0mThis is a info message from thread 618-09-2026 00:29:34 [38;5;009m[ERROR]: [0mThis is a error message from thread 2018-09-2026 00:29:34 [38;5;117m[DEBUG]: [0mThis is a debug message from thread 918-09-2026 00:29:34 [38;5;009m[ERROR]: [0mThis is a error message from thread 1618-09-2026 00:29:34 [38;5;009m[ERROR]: [0mThis is a error message from thread 1318-09-2026 00:29:34 [38;5;015m[INFO]: [0mThis is a info message from thread 1118-09-2026 00:29:34 [38;5;009m[ERROR]: [0mThis is a error message from thread 318-09-2026 00:29:34 [38;5;117m[DEBUG]: [0mThis is a debug message from thread 718-09-2026 00:29:34 [38;5;015m[INFO]: [0mThis is a info message from thread 918-09-2026 00:29:34 [38;5;015m[INFO]: [0mThis is a info message from thread 518-09-2026 00:29:34 [38;5;009m[ERROR]: [0mThis is a error message from thread 518-09-2026 00:29:34 [38;5;117m[DEBUG]: [0mThis is a debug message from thread 218-09-2026 00:29:34 [38;5;009m[ERROR]: [0mThis is a error message from thread 1118-09-2026 00:29:34 [38;5;015m[INFO]: [0mThis is a info message from thread 818-09-2026 00:29:34 [38;5;015m[INFO]: [0mThis is a info message from thread 118-09-2026 00:29:34 [38;5;009m[ERROR]: [0mThis is a error message from thread 1918-09-2026 00:29:34 [38;5;117m[DEBUG]: [0mThis is a debug message from thread 318-09-2026 00:29:34 [38;5;015m[INFO]: [0mThis is a info message from thread 718-09-2026 00:29:34 [38;5;117m[DEBUG]: [0mThis is a debug message from thread 1018-09-2026 00:29:34 [38;5;015m[INFO]: [0mThis is a info message from thread 2718-09-2026 00:29:34 [38;5;117m[DEBUG]: [0mThis is a debug message from thread 2018-09-2026 00:29:34 [38;5;009m[ERROR]: [0mThis is a error message from thread 1518-09-2026 00:29:34 [38;5;009m[ERROR]: [0mThis is a error message from thread 118-09-2026 00:29:34 [38;5;009m[ERROR]: [0mThis is a error message from thread 918-09-2026 00:29:34 [38;5;015m[INFO]: [0mThis is a info message from thread 2318-09-2026 00:29:34 [38;5;117m[DEBUG]: [0mThis is a debug message from thread 2818-09-2026 00:29:34 [38;5;117m[DEBUG]: [0mThis is a debug message from thread 518-09-2026 00:29:34 [38;5;015m[INFO]: [0mThis is a info message from thread 2218-09-2026 00:29:34 [38;5;117m[DEBUG]: [0mThis is a debug message from thread 118-09-2026 00:29:34 [38;5;015m[INFO]: [0mThis is a info message from thread 1218-09-2026 00:29:34 [38;5;015m[INFO]: [0mThis is a info message from thread 2918-09-2026 00:29:34 [38;5;117m[DEBUG]: [0mThis is a debug message from thread 1618-09-2026 00:29:34 [38;5;117m[DEBUG]: [0mThis is a debug message from thread 2418-09-2026 00:29:34 [38;5;009m[ERROR]: [0mThis is a error message from thread 2618-09-2026 00:29:34 [38;5;117m[DEBUG]: [0mThis is a debug message from thread 1818-09-2026 00:29:34 [38;5;015m[INFO]: [0mThis is a info message from thread 1618-09-2026 00:29:34 [38;5;015m[INFO]: [0mThis is a info message from thread 118-09-2026 00:29:34 [38;5;015m[INFO]: [0mThis is a info message from thread 2818-09-2026 00:29:34 [38;5;009m[ERROR]: [0mThis is a error message from thread 1418-09-2026 00:29:34 [38;5;117m[DEBUG]: [0mThis is a debug message from thread 918-09-2026 00:29:34 [38;5;009m[ERROR]: [0mThis is a error message from thread 618-09-2026 00:29:34 [38;5;117m[DEBUG]: [0mThis is a debug message from thread 018-09-2026 00:29:34 [38;5;015m[INFO]: [0mThis is a info message from thread 218-09-2026 00:29:34 [38;5;009m[ERROR]: [0mThis is a error message from thread 118-09-2026 00:29:34 [38;5;009m[ERROR]: [0mThis is a error message from thread 2718-09-2026 00:29:34 [38;5;117m[DEBUG]: [0mThis is a debug message from thread 1918-09-2026 00:29:34 [38;5;117m[DEBUG]: [0mThis is a debug message from thread 2718-09-2026 00:29:34 [38;5;015m[INFO]: [0mThis is a info message from thread 1018-09-2026 00:29:34 [38;5;015m[INFO]: [0mThis is a info message from thread 1918-09-2026 00:29:34 [38;5;009m[ERROR]: [0mThis is a error message from thread 718-09-2026 00:29:34 [38;5;117m[DEBUG]: [0mThis is a debug message from thread 1318-09-2026 00:29:34 [38;5;015m[INFO]: [0mThis is a info message from thread 2118-09-2026 00:29:34 [38;5;015m[INFO]: [0mThis is a info message from thread 018-09-2026 00:29:34 [38;5;009m[ERROR]: [0mThis is a error message from thread 818-09-2026 00:29:34 [38;5;015m[INFO]: [0mThis is a info message from thread 2418-09-2026 00:29:34 [38;5;117m[DEBUG]: [0mThis is a debug message from thread 1418-09-2026 00:29:34 [38;5;015m[INFO]: [0mThis is a info message from thread 318-09-2026 00:29:34 [38;5;117m[DEBUG]: [0mThis is a debug message from thread 818-09-2026 00:29:34 [38;5;117m[DEBUG]: [0mThis is a debug message from thread 618-09-2026 00:29:34 [38;5;009m[ERROR]: [0mThis is a error message from thread 418-09-2026 00:29:34 [38;5;009m[ERROR]: [0mThis is a error message from thread 2218-09-2026 00:29:34 [38;5;009m[ERROR]: [0mThis is a error message from thread 2918-09-2026 00:29:34 [38;5;015m[INFO]: [0mThis is a info message from thread 1818-09-2026 00:29:34 [38;5;009m[ERROR]: [0mThis is a error message from thread 2318-09-2026 00:29:34 [38;5;117m[DEBUG]: [0mThis is a debug message from thread 1518-09-2026 00:29:34 [38;5;015m[INFO]: [0mThis is a info message from thread 818-09-2026 00:29:34 [38;5;009m[ERROR]: [0mThis is a error message from thread 818-09-2026 00:29:34 [38;5;117m[DEBUG]: [0mThis is a debug message from thread 718-09-2026 00:29:34 [38;5;117m[DEBUG]: [0mThis is a debug message from thread 418-09-2026 00:29:34 [38;5;015m[INFO]: [0mThis is a info message from thread 418-09-2026 00:29:34 [38;5;015m[INFO]: [0mThis is a info message from thread 618-09-2026 00:29:34 [38;5;015m[INFO]: [0mThis is a info message from thread 1418-09-2026 00:29:34 [38;5;015m[INFO]: [0mThis is a info message from thread 1318-09-2026 00:29:34 [38;5;009m[ERROR]: [0mThis is a error message from thread 2118-09-2026 00:29:34 [38;5;009m[ERROR]: [0mThis is a error message from thread 1418-09-2026 00:29:34 [38;5;009m[ERROR]: [0mThis is a error message from thread 018-09-2026 00:29:34 [38;5;117m[DEBUG]: [0mThis is a debug message from thread 018-09-2026 00:29:34 [38;5;009m[ERROR]: [0mThis is a error message from thread 418-09-2026 00:29:34 [38;5;015m[INFO]: [0mThis is a info message from thread 1718-09-2026 00:29:34 [38;5;009m[ERROR]: [0mThis is a error message from thread 318-09-2026 00:29:34 [38;5;015m[INFO]: [0mThis is a info message from thread 718-09-2026 00:29:34 [38;5;117m[DEBUG]: [0mThis is a debug message from thread 118-09-2026 00:29:34 [38;5;009m[ERROR]: [0mThis is a error message from thread 1218-09-2026 00:29:34 [38;5;117m[DEBUG]: [0mThis is a debug message from thread 2618-09-2026 00:29:34 [38;5;015m[INFO]: [0mThis is a info message from thread 018-09-2026 00:29:34 [38;5;117m[DEBUG]: [0mThis is a debug message from thread 318-09-2026 00:29:34 [38;5;009m[ERROR]: [0mThis is a error message from thread 1718-09-2026 00:29:34 [38;5;009m[ERROR]: [0mThis is a error message from thread 618-09-2026 00:29:34 [38;5;009m[ERROR]: [0mThis is a error message from thread 2818-09-2026 00:29:34 [38;5;015m[INFO]: [0mThis is a info message from thread 318-09-2026 00:29:34 [38;5;015m[INFO]: [0mThis is a info message from thread 2718-09-2026 00:29:34 [38;5;117m[DEBUG]: [0mThis is a debug message from thread 1718-09-2026 00:29:34 [38;5;009m[ERROR]: [0mThis is a error message from thread 318-09-2026 00:29:34 [38;5;015m[INFO]: [0mThis is a info message from thread 2618-09-2026 00:29:34 [38;5;015m[INFO]: [0mThis is a info message from thread 518-09-2026 00:29:34 [38;5;009m[ERROR]: [0mThis is a error message from thread 1618-09-2026 00:29:34 [38;5;015m[INFO]: [0mThis is a info message from thread 118-09-2026 00:29:34 [38;5;117m[DEBUG]: [0mThis is a debug message from thread 2818-09-2026 00:29:34 [38;5;117m[DEBUG]: [0mThis is a debug message from thread 318-09-2026 00:29:34 [38;5;117m[DEBUG]: [0mThis is a debug message from thread 418-09-2026 00:29:34 [38;5;015m[INFO]: [0mThis is a info message from thread 1518-09-2026 00:29:34 [38;5;117m[DEBUG]: [0mThis is a debug message from thread 1118-09-2026 00:29:34 [38;5;009m[ERROR]: [0mThis is a error message from thread 718-09-2026 00:29:34 [38;5;015m[INFO]: [0mThis is a info message from thread 2818-09-2026 00:29:34 [38;5;009m[ERROR]: [0mThis is a error message from thread 218-09-2026 00:29:34 [38;5;009m[ERROR]: [0mThis is a error message from thread 1018-09-2026 00:29:34 [38;5;015m[INFO]: [0mThis is a info message from thread 318-09-2026 00:29:34 [38;5;015m[INFO]: [0mThis is a info message from thread 918-09-2026 00:29:34 [38;5;117m[DEBUG]: [0mThis is a debug message from thread 1618-09-2026 00:29:34 [38;5;015m[INFO]: [0mThis is a info message from thread 418-09-2026 00:29:34 [38;5;009m[ERROR]: [0mThis is a error message from thread 1518-09-2026 00:29:34 [38;5;117m[DEBUG]: [0mThis is a debug message from thread 2218-09-2026 00:29:34 [38;5;009m[ERROR]: [0mThis is a error message from thread 1318-09-2026 00:29:34 [38;5;117m[DEBUG]: [0mThis is a debug message from thread 718-09-2026 00:29:34 [38;5;015m[INFO]: [0mThis is a info message from thread 2018-09-2026 00:29:34 [38;5;009m[ERROR]: [0mThis is a error message from thread 418-09-2026 00:29:34 [38;5;117m[DEBUG]: [0mThis is a debug message from thread 1218-09-2026 00:29:34 [38;5;009m[ERROR]: [0mThis is a error message from thread 2018-09-2026 00:29:34 [38;5;009m[ERROR]: [0mThis is a error message from thread 918-09-2026 00:29:34 [38;5;009m[ERROR]: [0mThis is a error message from thread 2618-09-2026 00:29:34 [38;5;117m[DEBUG]: [0mThis is a debug message from thread 1018-09-2026 00:29:34 [38;5;117m[DEBUG]: [0mThis is a debug message from thread 618-09-2026 00:29:34 [38;5;009m[ERROR]: [0mThis is a error message from thread 2418-09-2026 00:29:34 [38;5;117m[DEBUG]: [0mThis is a debug message from thread 2118-09-2026 00:29:34 [38;5;117m[DEBUG]: [0mThis is a debug message from thread 1318-09-2026 00:29:34 [38;5;009m[ERROR]: [0mThis is a error message from thread 1818-09-2026 00:29:34 [38;5;117m[DEBUG]: [0mThis is a debug message from thread 2918-09-2026 00:29:34 [38;5;015m[INFO]: [0mThis is a info message from thread 1218-09-2026 00:29:34 [38;5;117m[DEBUG]: [0mThis is a debug message from thread 218-09-2026 00:29:34 [38;5;117m[DEBUG]: [0mThis is a debug message from thread 2018-09-2026 00:29:34 [38;5;015m[INFO]: [0mThis is a info message from thread 1318-09-2026 00:29:34 [38;5;117m[DEBUG]: [0mThis is a debug message from thread 2618-09-2026 00:29:34 [38;5;015m[INFO]: [0mThis is a info message from thread 2618-09-2026 00:29:34 [38;5;117m[DEBUG]: [0mThis is a debug message from thread 1818-09-2026 00:29:34 [38;5;015m[INFO]: [0mThis is a info message from thread 2918-09-2026 00:29:34 [38;5;015m[INFO]: [0mThis is a info message from thread 1018-09-2026 00:29:34 [38;5;009m[ERROR]: [0mThis is a error message from thread 1318-09-2026 00:29:34 [38;5;009m[ERROR]: [0mThis is a error message from thread 2918-09-2026 00:29:34 [38;5;009m[ERROR]: [0mThis is a error message from thread 1018-09-2026 00:29:34 [38;5;015m[INFO]: [0mThis is a info message from thread 2018-09-2026 00:29:34 [38;5;117m[DEBUG]: [0mThis is a debug message from thread 1018-09-2026 00:29:34 [38;5;009m[ERROR]: [0mThis is a error message from thread 1918-09-2026 00:29:34 [38;5;117m[DEBUG]: [0mThis is a debug message from thread 2918-09-2026 00:29:34 [38;5;009m[ERROR]: [0mThis is a error message from thread 2718-09-2026 00:29:34 [38;5;009m[ERROR]: [0mThis is a error message from thread 118-09-2026 00:29:34 [38;5;009m[ERROR]: [0mThis is a error message from thread 518-09-2026 00:29:34 [38;5;117m[DEBUG]: [0mThis is a debug message from thread 2718-09-2026 00:29:34 [38;5;015m[INFO]: [0mThis is a info message from thread 2918-09-2026 00:29:34 [38;5;117m[DEBUG]: [0mThis is a debug message from thread 518-09-2026 00:29:34 [38;5;015m[INFO]: [0mThis is a info message from thread 1018-09-2026 00:29:34 [38;5;009m[ERROR]: [0mThis is a error message from thread 2818-09-2026 00:29:34 [38;5;015m[INFO]: [0mThis is a info message from thread 718-09-2026 00:29:34 [38;5;009m[ERROR]: [0mThis is a error message from thread 2918-09-2026 00:29:34 [38;5;117m[DEBUG]: [0mThis is a debug message from thread 1918-09-2026 00:29:34 [38;5;015m[INFO]: [0mThis is a info message from thread 518-09-2026 00:29:34 [38;5;117m[DEBUG]: [0mThis is a debug message from thread 818-09-2026 00:29:34 [38;5;117m[DEBUG]: [0mThis is a debug message from thread 2818-09-2026 00:29:34 [38;5;009m[ERROR]: [0mThis is a error message from thread 1018-09-2026 00:29:34 [38;5;117m[DEBUG]: [0mThis is a debug message from thread 1018-09-2026 00:29:34 [38;5;015m[INFO]: [0mThis is a info message from thread 1818-09-2026 00:29:34 [38;5;015m[INFO]: [0mThis is a info message from thread 2518-09-2026 00:29:34 [38;5;015m[INFO]: [0mThis is a info message from thread 2818-09-2026 00:29:34 [38;5;015m[INFO]: [0mThis is a info message from thread 818-09-2026 00:29:34 [38;5;117m[DEBUG]: [0mThis is a debug message from thread 418-09-2026 00:29:34 [38;5;117m[DEBUG]: [0mThis is a debug message from thread 2918-09-2026 00:29:34 [38;5;117m[DEBUG]: [0mThis is a debug message from thread 2418-09-2026 00:29:34 [38;5;015m[INFO]: [0mThis is a info message from thread 2918-09-2026 00:29:34 [38;5;009m[ERROR]: [0mThis is a error message from thread 818-09-2026 00:29:34 [38;5;009m[ERROR]: [0mThis is a error message from thread 2018-09-2026 00:29:34 [38;5;117m[DEBUG]: [0mThis is a debug message from thread 118-09-2026 00:29:34 [38;5;009m[ERROR]: [0mThis is a error message from thread 2618-09-2026 00:29:34 [38;5;015m[INFO]: [0mThis is a info message from thread 2118-09-2026 00:29:34 [38;5;009m[ERROR]: [0mThis is a error message from thread 2818-09-2026 00:29:34 [38;5;117m[DEBUG]: [0mThis is a debug message from thread 818-09-2026 00:29:34 [38;5;015m[INFO]: [0mThis is a info message from thread 1718-09-2026 00:29:34 [38;5;117m[DEBUG]: [0mThis is a debug message from thread 1318-09-2026 00:29:34 [38;5;009m[ERROR]: [0mThis is a error message from thread 1718-09-2026 00:29:34 [38;5;015m[INFO]: [0mThis is a info message from thread 1118-09-2026 00:29:34 [38;5;117m[DEBUG]: [0mThis is a debug message from thread 918-09-2026 00:29:34 [38;5;015m[INFO]: [0mThis is a info message from thread 618-09-2026 00:29:34 [38;5;009m[ERROR]: [0mThis is a error message from thread 1118-09-2026 00:29:34 [38;5;009m[ERROR]: [0mThis is a error message from thread 2518-09-2026 00:29:34 [38;5;117m[DEBUG]: [0mThis is a debug message from thread 2818-09-2026 00:29:34 [38;5;009m[ERROR]: [0mThis is a error message from thread 618-09-2026 00:29:34 [38;5;117m[DEBUG]: [0mThis is a debug message from thread 1418-09-2026 00:29:34 [38;5;009m[ERROR]: [0mThis is a error message from thread 1218-09-2026 00:29:34 [38;5;117m[DEBUG]: [0mThis is a debug message from thread 618-09-2026 00:29:34 [38;5;009m[ERROR]: [0mThis is a error message from thread 2918-09-2026 00:29:34 [38;5;015m[INFO]: [0mThis is a info message from thread 1918-09-2026 00:29:34 [38;5;015m[INFO]: [0mThis is a info message from thread 618-09-2026 00:29:34 [38;5;009m[ERROR]: [0mThis is a error message from thread 1818-09-2026 00:29:34 [38;5;015m[INFO]: [0mThis is a info message from thread 1618-09-2026 00:29:34 [38;5;117m[DEBUG]: [0mThis is a debug message from thread 2318-09-2026 00:29:34 [38;5;015m[INFO]: [0mThis is a info message from thread 2818-09-2026 00:29:34 [38;5;009m[ERROR]: [0mThis is a error message from thread 318-09-2026 00:29:34 [38;5;009m[ERROR]: [0mThis is a error message from thread 518-09-2026 00:29:34 [38;5;009m[ERROR]: [0mThis is a error message from thread 2118-09-2026 00:29:34 [38;5;117m[DEBUG]: [0mThis is a debug message from thread 2918-09-2026 00:29:34 [38;5;117m[DEBUG]: [0mThis is a debug message from thread 1718-09-2026 00:29:34 [38;5;009m[ERROR]: [0mThis is a error message from thread 1918-09-2026 00:29:34 [38;5;117m[DEBUG]: [0mThis is a debug message from thread 518-09-2026 00:29:34 [38;5;009m[ERROR]: [0mThis is a error message from thread 618-09-2026 00:29:34 [38;5;117m[DEBUG]: [0mThis is a debug message from thread 1818-09-2026 00:29:34 [38;5;009m[ERROR]: [0mThis is a error message from thread 1618-09-2026 00:29:34 [38;5;117m[DEBUG]: [0mThis is a debug message from thread 2518-09-2026 00:29:34 [38;5;117m[DEBUG]: [0mThis is a debug message from thread 1118-09-2026 00:29:34 [38;5;015m[INFO]: [0mThis is a info message from thread 118-09-2026 00:29:34 [38;5;009m[ERROR]: [0mThis is a error message from thread 018-09-2026 00:29:34 [38;5;015m[INFO]: [0mThis is a info message from thread 2418-09-2026 00:29:34 [38;5;015m[INFO]: [0mThis is a info message from thread 1418-09-2026 00:29:34 [38;5;117m[DEBUG]: [0mThis is a debug message from thread 2018-09-2026 00:29:34 [38;5;117m[DEBUG]: [0mThis is a debug message from thread 1518-09-2026 00:29:34 [38;5;015m[INFO]: [0mThis is a info message from thread 2218-09-2026 00:29:34 [38;5;015m[INFO]: [0mThis is a info message from thread 1718-09-2026 00:29:34 [38;5;015m[INFO]: [0mThis is a info message from thread 518-09-2026 00:29:34 [38;5;009m[ERROR]: [0mThis is a error message from thread 2818-09-2026 00:29:34 [38;5;117m[DEBUG]: [0mThis is a debug message from thread 018-09-2026 00:29:34 [38;5;015m[INFO]: [0mThis is a info message from thread 2018-09-2026 00:29:34 [38;5;009m[ERROR]: [0mThis is a error message from thread 518-09-2026 00:29:34 [38;5;015m[INFO]: [0mThis is a info message from thread 2718-09-2026 00:29:34 [38;5;015m[INFO]: [0mThis is a info message from thread 1318-09-2026 00:29:34 [38;5;117m[DEBUG]: [0mThis is a debug message from thread 1218-09-2026 00:29:34 [38;5;015m[INFO]: [0mThis is a info message from thread 918-09-2026 00:29:34 [38;5;117m[DEBUG]: [0mThis is a debug message from thread 2618-09-2026 00:29:34 [38;5;015m[INFO]: [0mThis is a info message from thread 418-09-2026 00:29:34 [38;5;009m[ERROR]: [0mThis is a error message from thread 2018-09-2026 00:29:34 [38;5;015m[INFO]: [0mThis is a info message from thread 1118-09-2026 00:29:34 [38;5;117m[DEBUG]: [0mThis is a debug message from thread 1918-09-2026 00:29:34 [38;5;015m[INFO]: [0mThis is a info message from thread 1918-09-2026 00:29:34 [38;5;117m[DEBUG]: [0mThis is a debug message from thread 2118-09-2026 00:29:34 [38;5;015m[INFO]: [0mThis is a info message from thread 1218-09-2026 00:29:34 [38;5;015m[INFO]: [0mThis is a info message from thread 2618-09-2026 00:29:34 [38;5;009m[ERROR]: [0mThis is a error message from thread 1118-09-2026 00:29:34 [38;5;117m[DEBUG]: [0mThis is a debug message from thread 318-09-2026 00:29:34 [38;5;009m[ERROR]: [0mThis is a error message from thread 918-09-2026 00:29:34 [38;5;009m[ERROR]: [0mThis is a error message from thread 118-09-2026 00:29:34 [38;5;009m[ERROR]: [0mThis is a error message from thread 1718-09-2026 00:29:34 [38;5;015m[INFO]: [0mThis is a info message from thread 218-09-2026 00:29:34 [38;5;117m[DEBUG]: [0mThis is a debug message from thread 2018-09-2026 00:29:34 [38;5;015m[INFO]: [0mThis is a info message from thread 2518-09-2026 00:29:34 [38;5;015m[INFO]: [0mThis is a info message from thread 818-09-2026 00:29:34 [38;5;015m[INFO]: [0mThis is a info message from thread 018-09-2026 00:29:34 [38;5;009m[ERROR]: [0mThis is a error message from thread 2518-09-2026 00:29:34 [38;5;117m[DEBUG]: [0mThis is a debug message from thread 118-09-2026 00:29:34 [38;5;015m[INFO]: [0mThis is a info message from thread 1818-09-2026 00:29:34 [38;5;009m[ERROR]: [0mThis is a error message from thread 218-09-2026 00:29:34 [38;5;015m[INFO]: [0mThis is a info message from thread 2018-09-2026 00:29:34 [38;5;117m[DEBUG]: [0mThis is a debug message from thread 1618-09-2026 00:29:34 [38;5;009m[ERROR]: [0mThis is a error message from thread 418-09-2026 00:29:34 [38;5;015m[INFO]: [0mThis is a info message from thread 2918-09-2026 00:29:34 [38;5;009m[ERROR]: [0mThis is a error message from thread 2618-09-2026 00:29:34 [38;5;009m[ERROR]: [0mThis is a error message from thread 018-09-2026 00:29:34 [38;5;117m[DEBUG]: [0mThis is a debug message from thread 918-09-2026 00:29:34 [38;5;009m[ERROR]: [0mThis is a error message from thread 2718-09-2026 00:29:34 [38;5;015m[INFO]: [0mThis is a info message from thread 318-09-2026 00:29:34 [38;5;117m[DEBUG]: [0mThis is a debug message from thread 1718-09-2026 00:29:34 [38;5;009m[ERROR]: [0mThis is a error message from thread 1218-09-2026 00:29:34 [38;5;009m[ERROR]: [0mThis is a error message from thread 2418-09-2026 00:29:34 [38;5;009m[ERROR]: [0mThis is a error message from thread 2018-09-2026 00:29:34 [38;5;117m[DEBUG]: [0mThis is a debug message from thread 2418-09-2026 00:29:34 [38;5;117m[DEBUG]: [0mThis is a debug message from thread 618-09-2026 00:29:34 [38;5;015m[INFO]: [0mThis is a info message from thread 118-09-2026 00:29:34 [38;5;015m[INFO]: [0mThis is a info message from thread 1718-09-2026 00:29:34 [38;5;117m[DEBUG]: [0mThis is a debug message from thread 2718-09-2026 00:29:34 [38;5;117m[DEBUG]: [0mThis is a debug message from thread 2618-09-2026 00:29:34 [38;5;015m[INFO]: [0mThis is a info message from thread 2618-09-2026 00:29:34 [38;5;009m[ERROR]: [0mThis is a error message from thread 318-09-2026 00:29:34 [38;5;117m[DEBUG]: [0mThis is a debug message from thread 1218-09-2026 00:29:34 [38;5;009m[ERROR]: [0mThis is a error message from thread 118-09-2026 00:29:34 [38;5;009m[ERROR]: [0mThis is a error message from thread 1418-09-2026 00:29:34 [38;5;117m[DEBUG]: [0mThis is a debug message from thread 2018-09-2026 00:29:34 [38;5;009m[ERROR]: [0mThis is a error message from thread 2618-09-2026 00:29:34 [38;5;015m[INFO]: [0mThis is a info message from thread 2118-09-2026 00:29:34 [38;5;015m[INFO]: [0mThis is a info message from thread 1218-09-2026 00:29:34 [38;5;015m[INFO]: [0mThis is a info message from thread 1018-09-2026 00:29:34 [38;5;015m[INFO]: [0mThis is a info message from thread 2718-09-2026 00:29:34 [38;5;117m[DEBUG]: [0mThis is a debug message from thread 1418-09-2026 00:29:34 [38;5;015m[INFO]: [0mThis is a info message from thread 1518-09-2026 00:29:34 [38;5;117m[DEBUG]: [0mThis is a debug message from thread 118-09-2026 00:29:34 [38;5;117m[DEBUG]: [0mThis is a debug message from thread 2818-09-2026 00:29:34 [38;5;009m[ERROR]: [0mThis is a error message from thread 1018-09-2026 00:29:34 [38;5;009m[ERROR]: [0mThis is a error message from thread 1318-09-2026 00:29:34 [38;5;015m[INFO]: [0mThis is a info message from thread 2018-09-2026 00:29:34 [38;5;009m[ERROR]: [0mThis is a error message from thread 1818-09-2026 00:29:34 [38;5;009m[ERROR]: [0mThis is a error message from thread 1918-09-2026 00:29:34 [38;5;015m[INFO]: [0mThis is a info message from thread 918-09-2026 00:29:34 [38;5;015m[INFO]: [0mThis is a info message from thread 118-09-2026 00:29:34 [38;5;117m[DEBUG]: [0mThis is a debug message from thread 2518-09-2026 00:29:34 [38;5;009m[ERROR]: [0mThis is a error message from thread 2718-09-2026 00:29:34 [38;5;117m[DEBUG]: [0mThis is a debug message from thread 1318-09-2026 00:29:34 [38;5;015m[INFO]: [0mThis is a info message from thread 2518-09-2026 00:29:34 [38;5;117m[DEBUG]: [0mThis is a debug message from thread 418-09-2026 00:29:34 [38;5;117m[DEBUG]: [0mThis is a debug message from thread 318-09-2026 00:29:34 [38;5;009m[ERROR]: [0mThis is a error message from thread 1718-09-2026 00:29:34 [38;5;015m[INFO]: [0mThis is a info message from thread 1318-09-2026 00:29:34 [38;5;117m[DEBUG]: [0mThis is a debug message from thread 2618-09-2026 00:29:34 [38;5;009m[ERROR]: [0mThis is a error message from thread 118-09-2026 00:29:34 [38;5;009m[ERROR]: [0mThis is a error message from thread 918-09-2026 00:29:34 [38;5;015m[INFO]: [0mThis is a info message from thread 2318-09-2026 00:29:34 [38;5;009m[ERROR]: [0mThis is a error message from thread 2018-09-2026 00:29:34 [38;5;015m[INFO]: [0mThis is a info message from thread 2618-09-2026 00:29:34 [38;5;015m[INFO]: [0mThis is a info message from thread 1618-09-2026 00:29:34 [38;5;117m[DEBUG]: [0mThis is a debug message from thread 1018-09-2026 00:29:34 [38;5;117m[DEBUG]: [0mThis is a debug message from thread 118-09-2026 00:29:34 [38;5;009m[ERROR]: [0mThis is a error message from thread 2218-09-2026 00:29:34 [38;5;015m[INFO]: [0mThis is a info message from thread 318-09-2026 00:29:34 [38;5;009m[ERROR]: [0mThis is a error message from thread 818-09-2026 00:29:34 [38;5;015m[INFO]: [0mThis is a info message from thread 618-09-2026 00:29:34 [38;5;015m[INFO]: [0mThis is a info message from thread 2818-09-2026 00:29:34 [38;5;015m[INFO]: [0mThis is a info message from thread 118-09-2026 00:29:34 [38;5;117m[DEBUG]: [0mThis is a debug message from thread 2218-09-2026 00:29:34 [38;5;015m[INFO]: [0mThis is a info message from thread 1018-09-2026 00:29:34 [38;5;117m[DEBUG]: [0mThis is a debug message from thread 2718-09-2026 00:29:34 [38;5;015m[INFO]: [0mThis is a info message from thread 2718-09-2026 00:29:34 [38;5;009m[ERROR]: [0mThis is a error message from thread 118-09-2026 00:29:34 [38;5;117m[DEBUG]: [0mThis is a debug message from thread 118-09-2026 00:29:34 [38;5;015m[INFO]: [0mThis is a info message from thread 418-09-2026 00:29:34 [38;5;015m[INFO]: [0mThis is a info message from thread 118-09-2026 00:29:34 [38;5;009m[ERROR]: [0mThis is a error message from thread 2118-09-2026 00:29:34 [38;5;015m[INFO]: [0mThis is a info message from thread 2218-09-2026 00:29:34 [38;5;009m[ERROR]: [0mThis is a error message from thread 1618-09-2026 00:29:34 [38;5;009m[ERROR]: [0mThis is a error message from thread 2218-09-2026 00:29:34 [38;5;009m[ERROR]: [0mThis is a error message from thread 2818-09-2026 00:29:34 [38;5;009m[ERROR]: [0mThis is a error message from thread 618-09-2026 00:29:34 [38;5;009m[ERROR]: [0mThis is a error message from thread 418-09-2026 00:29:34 [38;5;009m[ERROR]: [0mThis is a error message from thread 1018-09-2026 00:29:34 [38;5;117m[DEBUG]: [0mThis is a debug message from thread 2218-09-2026 00:29:34 [38;5;009m[ERROR]: [0mThis is a error message from thread 118-09-2026 00:29:34 [38;5;009m[ERROR]: [0mThis is a error message from thread 1218-09-2026 00:29:34 [38;5;117m[DEBUG]: [0mThis is a debug message from thread 918-09-2026 00:29:34 [38;5;117m[DEBUG]: [0mThis is a debug message from thread 518-09-2026 00:29:34 [38;5;117m[DEBUG]: [0mThis is a debug message from thread 2118-09-2026 00:29:34 [38;5;117m[DEBUG]: [0mThis is a debug message from thread 1818-09-2026 00:29:34 [38;5;117m[DEBUG]: [0mThis is a debug message from thread 1718-09-2026 00:29:34 [38;5;117m[DEBUG]: [0mThis is a debug message from thread 218-09-2026 00:29:34 [38;5;117m[DEBUG]: [0mThis is a debug message from thread 2018-09-2026 00:29:34 [38;5;009m[ERROR]: [0mThis is a error message from thread 2618-09-2026 00:29:34 [38;5;009m[ERROR]: [0mThis is a error message from thread 1318-09-2026 00:29:34 [38;5;015m[INFO]: [0mThis is a info message from thread 518-09-2026 00:29:34 [38;5;117m[DEBUG]: [0mThis is a debug message from thread 118-09-2026 00:29:34 [38;5;015m[INFO]: [0mThis is a info message from thread 2018-09-2026 00:29:34 [38;5;117m[DEBUG]: [0mThis is a debug message from thread 1318-09-2026 00:29:34 [38;5;117m[DEBUG]: [0mThis is a debug message from thread 1218-09-2026 00:29:34 [38;5;117m[DEBUG]: [0mThis is a debug message from thread 1018-09-2026 00:29:34 [38;5;015m[INFO]: [0mThis is a info message from thread 1318-09-2026 00:29:34 [38;5;009m[ERROR]: [0mThis is a error message from thread 2018-09-2026 00:29:34 [38;5;015m[INFO]: [0mThis is a info message from thread 2218-09-2026 00:29:34 [38;5;117m[DEBUG]: [0mThis is a debug message from thread 2018-09-2026 00:29:34 [38;5;015m[INFO]: [0mThis is a info message from thread 118-09-2026 00:29:34 [38;5;009m[ERROR]: [0mThis is a error message from thread 518-09-2026 00:29:34 [38;5;015m[INFO]: [0mThis is a info message from thread 1218-09-2026 00:29:34 [38;5;009m[ERROR]: [0mThis is a error message from thread 1318-09-2026 00:29:34 [38;5;015m[INFO]: [0mThis is a info message from thread 218-09-2026 00:29:34 [38;5;015m[INFO]: [0mThis is a info message from thread 2018-09-2026 00:29:34 [38;5;015m[INFO]: [0mThis is a info message from thread 1018-09-2026 00:29:34 [38;5;009m[ERROR]: [0mThis is a error message from thread 2918-09-2026 00:29:34 [38;5;009m[ERROR]: [0mThis is a error message from thread 718-09-2026 00:29:34 [38;5;015m[INFO]: [0mThis is a info message from thread 2118-09-2026 00:29:34 [38;5;009m[ERROR]: [0mThis is a error message from thread 218-09-2026 00:29:34 [38;5;117m[DEBUG]: [0mThis is a debug message from thread 518-09-2026 00:29:34 [38;5;009m[ERROR]: [0mThis is a error message from thread 118-09-2026 00:29:34 [38;5;117m[DEBUG]: [0mThis is a debug message from thread 718-09-2026 00:29:34 [38;5;117m[DEBUG]: [0mThis is a debug message from thread 1918-09-2026 00:29:34 [38;5;015m[INFO]: [0mThis is a info message from thread 1418-09-2026 00:29:34 [38;5;009m[ERROR]: [0mThis is a error message from thread 2218-09-2026 00:29:34 [38;5;015m[INFO]: [0mThis is a info message from thread 718-09-2026 00:29:34 [38;5;009m[ERROR]: [0mThis is a error message from thread 2518-09-2026 00:29:34 [38;5;009m[ERROR]: [0mThis is a error message from thread 718-09-2026 00:29:34 [38;5;009m[ERROR]: [0mThis is a error message from thread 2118-09-2026 00:29:34 [38;5;009m[ERROR]: [0mThis is a error message from thread 2718-09-2026 00:29:34 [38;5;015m[INFO]: [0mThis is a info message from thread 518-09-2026 00:29:34 [38;5;117m[DEBUG]: [0mThis is a debug message from thread 2918-09-2026 00:29:34 [38;5;117m[DEBUG]: [0mThis is a debug message from thread 2518-09-2026 00:29:34 [38;5;117m[DEBUG]: [0mThis is a debug message from thread 1118-09-2026 00:29:34 [38;5;009m[ERROR]: [0mThis is a error message from thread 1018-09-2026 00:29:34 [38;5;117m[DEBUG]: [0mThis is a debug message from thread 1018-09-2026 00:29:34 [38;5;117m[DEBUG]: [0mThis is a debug message from thread 2218-09-2026 00:29:34 [38;5;015m[INFO]: [0mThis is a info message from thread 2218-09-2026 00:29:34 [38;5;009m[ERROR]: [0mThis is a error message from thread 2218-09-2026 00:29:34 [38;5;015m[INFO]: [0mThis is a info message from thread 2518-09-2026 00:29:34 [38;5;117m[DEBUG]: [0mThis is a debug message from thread 2718-09-2026 00:29:34 [38;5;009m[ERROR]: [0mThis is a error message from thread 2318-09-2026 00:29:34 [38;5;009m[ERROR]: [0mThis is a error message from thread 518-09-2026 00:29:34 [38;5;117m[DEBUG]: [0mThis is a debug message from thread 418-09-2026 00:29:34 [38;5;015m[INFO]: [0mThis is a info message from thread 1018-09-2026 00:29:34 [38;5;117m[DEBUG]: [0mThis is a debug message from thread 2318-09-2026 00:29:34 [38;5;015m[INFO]: [0mThis is a info message from thread 418-09-2026 00:29:34 [38;5;015m[INFO]: [0mThis is a info message from thread 2318-09-2026 00:29:34 [38;5;009m[ERROR]: [0mThis is a error message from thread 2318-09-2026 00:29:34 [38;5;117m[DEBUG]: [0mThis is a debug message from thread 2318-09-2026 00:29:34 [38;5;009m[ERROR]: [0mThis is a error message from thread 418-09-2026 00:29:34 [38;5;015m[INFO]: [0mThis is a info message from thread 1118-09-2026 00:29:34 [38;5;015m[INFO]: [0mThis is a info message from thread 2718-09-2026 00:29:34 [38;5;117m[DEBUG]: [0mThis is a debug message from thread 418-09-2026 00:29:34 [38;5;015m[INFO]: [0mThis is a info message from thread 1918-09-2026 00:29:34 [38;5;117m[DEBUG]: [0mThis is a debug message from thread 2218-09-2026 00:29:34 [38;5;009m[ERROR]: [0mThis is a error message from thread 1918-09-2026 00:29:34 [38;5;009m[ERROR]: [0mThis is a error message from thread 1118-09-2026 00:29:34 [38;5;015m[INFO]: [0mThis is a info message from thread 1818-09-2026 00:29:34 [38;5;009m[ERROR]: [0mThis is a error message from thread 1218-09-2026 00:29:34 [38;5;117m[DEBUG]: [0mThis is a debug message from thread 1918-09-2026 00:29:34 [38;5;015m[INFO]: [0mThis is a info message from thread 2918-09-2026 00:29:34 [38;5;117m[DEBUG]: [0mThis is a debug message from thread 1618-09-2026 00:29:34 [38;5;015m[INFO]: [0mThis is a info message from thread 1718-09-2026 00:29:34 [38;5;009m[ERROR]: [0mThis is a error message from thread 2918-09-2026 00:29:34 [38;5;009m[ERROR]: [0mThis is a error message from thread 2018-09-2026 00:29:34 [38;5;009m[ERROR]: [0mThis is a error message from thread 318-09-2026 00:29:34 [38;5;009m[ERROR]: [0mThis is a error message from thread 1818-09-2026 00:29:34 [38;5;117m[DEBUG]: [0mThis is a debug message from thread 2818-09-2026 00:29:34 [38;5;015m[INFO]: [0mThis is a info message from thread 1918-09-2026 00:29:34 [38;5;117m[DEBUG]: [0mThis is a debug message from thread 318-09-2026 00:29:34 [38;5;015m[INFO]: [0mThis is a info message from thread 2318-09-2026 00:29:34 [38;5;009m[ERROR]: [0mThis is a error message from thread 1518-09-2026 00:29:34 [38;5;117m[DEBUG]: [0mThis is a debug message from thread 1118-09-2026 00:29:34 [38;5;117m[DEBUG]: [0mThis is a debug message from thread 2618-09-2026 00:29:34 [38;5;009m[ERROR]: [0mThis is a error message from thread 1918-09-2026 00:29:34 [38;5;117m[DEBUG]: [0mThis is a debug message from thread 1218-09-2026 00:29:34 [38;5;117m[DEBUG]: [0mThis is a debug message from thread 518-09-2026 00:29:34 [38;5;117m[DEBUG]: [0mThis is a debug message from thread 2018-09-2026 00:29:34 [38;5;009m[ERROR]: [0mThis is a error message from thread 1418-09-2026 00:29:34 [38;5;117m[DEBUG]: [0mThis is a debug message from thread 718-09-2026 00:29:34 [38;5;015m[INFO]: [0mThis is a info message from thread 318-09-2026 00:29:34 [38;5;015m[INFO]: [0mThis is a info message from thread 418-09-2026 00:29:34 [38;5;015m[INFO]: [0mThis is a info message from thread 1118-09-2026 00:29:34 [38;5;117m[DEBUG]: [0mThis is a debug message from thread 1318-09-2026 00:29:34 [38;5;009m[ERROR]: [0mThis is a error message from thread 1118-09-2026 00:29:34 [38;5;015m[INFO]: [0mThis is a info message from thread 1218-09-2026 00:29:34 [38;5;009m[ERROR]: [0mThis is a error message from thread 318-09-2026 00:29:34 [38;5;117m[DEBUG]: [0mThis is a debug message from thread 018-09-2026 00:29:34 [38;5;009m[ERROR]: [0mThis is a error message from thread 2518-09-2026 00:29:34 [38;5;015m[INFO]: [0mThis is a info message from thread 2018-09-2026 00:29:34 [38;5;015m[INFO]: [0mThis is a info message from thread 018-09-2026 00:29:34 [38;5;117m[DEBUG]: [0mThis is a debug message from thread 2118-09-2026 00:29:34 [38;5;117m[DEBUG]: [0mThis is a debug message from thread 1918-09-2026 00:29:34 [38;5;015m[INFO]: [0mThis is a info message from thread 2118-09-2026 00:29:34 [38;5;117m[DEBUG]: [0mThis is a debug message from thread 1418-09-2026 00:29:34 [38;5;117m[DEBUG]: [0mThis is a debug message from thread 318-09-2026 00:29:34 [38;5;015m[INFO]: [0mThis is a info message from thread 2218-09-2026 00:29:34 [38;5;009m[ERROR]: [0mThis is a error message from thread 2318-09-2026 00:29:34 [38;5;009m[ERROR]: [0mThis is a error message from thread 2018-09-2026 00:29:34 [38;5;117m[DEBUG]: [0mThis is a debug message from thread 1118-09-2026 00:29:34 [38;5;117m[DEBUG]: [0mThis is a debug message from thread 2918-09-2026 00:29:34 [38;5;015m[INFO]: [0mThis is a info message from thread 1118-09-2026 00:29:34 [38;5;117m[DEBUG]: [0mThis is a debug message from thread 2018-09-2026 00:29:34 [38;5;009m[ERROR]: [0mThis is a error message from thread 2218-09-2026 00:29:34 [38;5;015m[INFO]: [0mThis is a info message from thread 318-09-2026 00:29:34 [38;5;015m[INFO]: [0mThis is a info message from thread 2018-09-2026 00:29:34 [38;5;009m[ERROR]: [0mThis is a error message from thread 1218-09-2026 00:29:34 [38;5;015m[INFO]: [0mThis is a info message from thread 1418-09-2026 00:29:34 [38;5;117m[DEBUG]: [0mThis is a debug message from thread 2218-09-2026 00:29:34 [38;5;015m[INFO]: [0mThis is a info message from thread 2918-09-2026 00:29:34 [38;5;009m[ERROR]: [0mThis is a error message from thread 2018-09-2026 00:29:34 [38;5;009m[ERROR]: [0mThis is a error message from thread 2118-09-2026 00:29:34 [38;5;117m[DEBUG]: [0mThis is a debug message from thread 2318-09-2026 00:29:34 [38;5;117m[DEBUG]: [0mThis is a debug message from thread 218-09-2026 00:29:34 [38;5;117m[DEBUG]: [0mThis is a debug message from thread 2018-09-2026 00:29:34 [38;5;009m[ERROR]: [0mThis is a error message from thread 1118-09-2026 00:29:34 [38;5;015m[INFO]: [0mThis is a info message from thread 1618-09-2026 00:29:34 [38;5;015m[INFO]: [0mThis is a info message from thread 218-09-2026 00:29:34 [38;5;015m[INFO]: [0mThis is a info message from thread 2218-09-2026 00:29:34 [38;5;117m[DEBUG]: [0mThis is a debug message from thread 2518-09-2026 00:29:34 [38;5;117m[DEBUG]: [0mThis is a debug message from thread 2118-09-2026 00:29:34 [38;5;117m[DEBUG]: [0mThis is a debug message from thread 1218-09-2026 00:29:34 [38;5;009m[ERROR]: [0mThis is a error message from thread 2218-09-2026 00:29:34 [38;5;015m[INFO]: [0mThis is a info message from thread 1218-09-2026 00:29:34 [38;5;117m[DEBUG]: [0mThis is a debug message from thread 2218-09-2026 00:29:34 [38;5;117m[DEBUG]: [0mThis is a debug message from thread 1118-09-2026 00:29:34 [38;5;015m[INFO]: [0mThis is a info message from thread 2018-09-2026 00:29:34 [38;5;009m[ERROR]: [0mThis is a error message from thread 1218-09-2026 00:29:34 [38;5;015m[INFO]: [0mThis is a info message from thread 2218-09-2026 00:29:34 [38;5;117m[DEBUG]: [0mThis is a debug message from thread 118-09-2026 00:29:34 [38;5;015m[INFO]: [0mThis is a info message from thread 2318-09-2026 00:29:34 [38;5;009m[ERROR]: [0mThis is a error message from thread 1018-09-2026 00:29:34 [38;5;117m[DEBUG]: [0mThis is a debug message from thread 1518-09-2026 00:29:34 [38;5;009m[ERROR]: [0mThis is a error message from thread 2018-09-2026 00:29:34 [38;5;015m[INFO]: [0mThis is a info message from thread 118-09-2026 00:29:34 [38;5;009m[ERROR]: [0mThis is a error message from thread 1418-09-2026 00:29:34 [38;5;009m[ERROR]: [0mThis is a error message from thread 218-09-2026 00:29:34 [38;5;009m[ERROR]: [0mThis is a error message from thread 2318-09-2026 00:29:34 [38;5;009m[ERROR]: [0mThis is a error message from thread 318-09-2026 00:29:34 [38;5;015m[INFO]: [0mThis is a info message from thread 2818-09-2026 00:29:34 [38;5;009m[ERROR]: [0mThis is a error message from thread 418-09-2026 00:29:34 [38;5;015m[INFO]: [0mThis is a info message from thread 1518-09-2026 00:29:34 [38;5;117m[DEBUG]: [0mThis is a debug message from thread 1018-09-2026 00:29:34 [38;5;015m[INFO]: [0mThis is a info message from thread 1018-09-2026 00:29:34 [38;5;117m[DEBUG]: [0mThis is a debug message from thread 2018-09-2026 00:29:34 [38;5;015m[INFO]: [0mThis is a info message from thread 918-09-2026 00:29:34 [38;5;117m[DEBUG]: [0mThis is a debug message from thread 318-09-2026 00:29:34 [38;5;015m[INFO]: [0mThis is a info message from thread 2118-09-2026 00:29:34 [38;5;009m[ERROR]: [0mThis is a error message from thread 1518-09-2026 00:29:34 [38;5;117m[DEBUG]: [0mThis is a debug message from thread 418-09-2026 00:29:34 [38;5;009m[ERROR]: [0mThis is a error message from thread 1018-09-2026 00:29:34 [38;5;015m[INFO]: [0mThis is a info message from thread 318-09-2026 00:29:34 [38;5;117m[DEBUG]: [0mThis is a debug message from thread 218-09-2026 00:29:34 [38;5;015m[INFO]: [0mThis is a info message from thread 1918-09-2026 00:29:34 [38;5;009m[ERROR]: [0mThis is a error message from thread 318-09-2026 00:29:34 [38;5;015m[INFO]: [0mThis is a info message from thread 418-09-2026 00:29:34 [38;5;009m[ERROR]: [0mThis is a error message from thread 2118-09-2026 00:29:34 [38;5;015m[INFO]: [0mThis is a info message from thread 2418-09-2026 00:29:34 [38;5;015m[INFO]: [0mThis is a info message from thread 1318-09-2026 00:29:34 [38;5;009m[ERROR]: [0mThis is a error message from thread 2918-09-2026 00:29:34 [38;5;009m[ERROR]: [0mThis is a error message from thread 1918-09-2026 00:29:34 [38;5;117m[DEBUG]: [0mThis is a debug message from thread 1518-09-2026 00:29:34 [38;5;015m[INFO]: [0mThis is a info message from thread 218-09-2026 00:29:34 [38;5;117m[DEBUG]: [0mThis is a debug message from thread 818-09-2026 00:29:34 [38;5;009m[ERROR]: [0mThis is a error message from thread 2218-09-2026 00:29:34 [38;5;015m[INFO]: [0mThis is a info message from thread 2518-09-2026 00:29:34 [38;5;117m[DEBUG]: [0mThis is a debug message from thread 1218-09-2026 00:29:34 [38;5;009m[ERROR]: [0mThis is a error message from thread 1318-09-2026 00:29:34 [38;5;117m[DEBUG]: [0mThis is a debug message from thread 318-09-2026 00:29:34 [38;5;117m[DEBUG]: [0mThis is a debug message from thread 1918-09-2026 00:29:34 [38;5;015m[INFO]: [0mThis is a info message from thread 818-09-2026 00:29:34 [38;5;015m[INFO]: [0mThis is a info message from thread 1518-09-2026 00:29:34 [38;5;015m[INFO]: [0mThis is a info message from thread 318-09-2026 00:29:34 [38;5;009m[ERROR]: [0mThis is a error message from thread 818-09-2026 00:29:34 [38;5;117m[DEBUG]: [0mThis is a debug message from thread 1318-09-2026 00:29:34 [38;5;015m[INFO]: [0mThis is a info message from thread 1218-09-2026 00:29:34 [38;5;009m[ERROR]: [0mThis is a error message from thread 1518-09-2026 00:29:34 [38;5;015m[INFO]: [0mThis is a info message from thread 518-09-2026 00:29:34 [38;5;117m[DEBUG]: [0mThis is a debug message from thread 1818-09-2026 00:29:34 [38;5;009m[ERROR]: [0mThis is a error message from thread 2418-09-2026 00:29:34 [38;5;009m[ERROR]: [0mThis is a error message from thread 218-09-2026 00:29:34 [38;5;015m[INFO]: [0mThis is a info message from thread 1118-09-2026 00:29:34 [38;5;015m[INFO]: [0mThis is a info message from thread 1318-09-2026 00:29:34 [38;5;009m[ERROR]: [0mThis is a error message from thread 518-09-2026 00:29:34 [38;5;015m[INFO]: [0mThis is a info message from thread 1818-09-2026 00:29:34 [38;5;009m[ERROR]: [0mThis is a error message from thread 1218-09-2026 00:29:34 [38;5;117m[DEBUG]: [0mThis is a debug message from thread 2218-09-2026 00:29:34 [38;5;117m[DEBUG]: [0mThis is a debug message from thread 518-09-2026 00:29:34 [38;5;117m[DEBUG]: [0mThis is a debug message from thread 218-09-2026 00:29:34 [38;5;009m[ERROR]: [0mThis is a error message from thread 1318-09-2026 00:29:34 [38;5;117m[DEBUG]: [0mThis is a debug message from thread 1218-09-2026 00:29:34 [38;5;015m[INFO]: [0mThis is a info message from thread 518-09-2026 00:29:34 [38;5;015m[INFO]: [0mThis is a info message from thread 718-09-2026 00:29:34 [38;5;117m[DEBUG]: [0mThis is a debug message from thread 1518-09-2026 00:29:34 [38;5;009m[ERROR]: [0mThis is a error message from thread 018-09-2026 00:29:34 [38;5;009m[ERROR]: [0mThis is a error message from thread 1718-09-2026 00:29:34 [38;5;009m[ERROR]: [0mThis is a error message from thread 1118-09-2026 00:29:34 [38;5;009m[ERROR]: [0mThis is a error message from thread 718-09-2026 00:29:34 [38;5;015m[INFO]: [0mThis is a info message from thread 1218-09-2026 00:29:34 [38;5;117m[DEBUG]: [0mThis is a debug message from thread 1318-09-2026 00:29:34 [38;5;009m[ERROR]: [0mThis is a error message from thread 518-09-2026 00:29:34 [38;5;117m[DEBUG]: [0mThis is a debug message from thread 1718-09-2026 00:29:34 [38;5;009m[ERROR]: [0mThis is a error message from thread 1218-09-2026 00:29:34 [38;5;117m[DEBUG]: [0mThis is a debug message from thread 518-09-2026 00:29:34 [38;5;015m[INFO]: [0mThis is a info message from thread 518-09-2026 00:29:34 [38;5;117m[DEBUG]: [0mThis is a debug message from thread 018-09-2026 00:29:34 [38;5;117m[DEBUG]: [0mThis is a debug message from thread 1118-09-2026 00:29:34 [38;5;117m[DEBUG]: [0mThis is a debug message from thread 1218-09-2026 00:29:34 [38;5;009m[ERROR]: [0mThis is a error message from thread 518-09-2026 00:29:34 [38;5;015m[INFO]: [0mThis is a info message from thread 018-09-2026 00:29:34 [38;5;015m[INFO]: [0mThis is a info message from thread 218-09-2026 00:29:34 [38;5;015m[INFO]: [0mThis is a info message from thread 1318-09-2026 00:29:34 [38;5;015m[INFO]: [0mThis is a info message from thread 1118-09-2026 00:29:34 [38;5;009m[ERROR]: [0mThis is a error message from thread 2818-09-2026 00:29:34 [38;5;015m[INFO]: [0mThis is a info message from thread 1718-09-2026 00:29:34 [38;5;009m[ERROR]: [0mThis is a error message from thread 418-09-2026 00:29:34 [38;5;009m[ERROR]: [0mThis is a error message from thread 918-09-2026 00:29:34 [38;5;015m[INFO]: [0mThis is a info message from thread 2218-09-2026 00:29:34 [38;5;117m[DEBUG]: [0mThis is a debug message from thread 1018-09-2026 00:29:34 [38;5;117m[DEBUG]: [0mThis is a debug message from thread 1418-09-2026 00:29:34 [38;5;117m[DEBUG]: [0mThis is a debug message from thread 518-09-2026 00:29:34 [38;5;009m[ERROR]: [0mThis is a error message from thread 2718-09-2026 00:29:34 [38;5;117m[DEBUG]: [0mThis is a debug message from thread 818-09-2026 00:29:34 [38;5;015m[INFO]: [0mThis is a info message from thread 818-09-2026 00:29:34 [38;5;009m[ERROR]: [0mThis is a error message from thread 1618-09-2026 00:29:34 [38;5;117m[DEBUG]: [0mThis is a debug message from thread 718-09-2026 00:29:34 [38;5;117m[DEBUG]: [0mThis is a debug message from thread 918-09-2026 00:29:34 [38;5;015m[INFO]: [0mThis is a info message from thread 518-09-2026 00:29:34 [38;5;015m[INFO]: [0mThis is a info message from thread 1018-09-2026 00:29:34 [38;5;009m[ERROR]: [0mThis is a error message from thread 1118-09-2026 00:29:34 [38;5;009m[ERROR]: [0mThis is a error message from thread 518-09-2026 00:29:34 [38;5;009m[ERROR]: [0mThis is a error message from thread 2218-09-2026 00:29:34 [38;5;117m[DEBUG]: [0mThis is a debug message from thread 518-09-2026 00:29:34 [38;5;117m[DEBUG]: [0mThis is a debug message from thread 418-09-2026 00:29:34 [38;5;015m[INFO]: [0mThis is a info message from thread 718-09-2026 00:29:34 [38;5;015m[INFO]: [0mThis is a info message from thread 518-09-2026 00:29:34 [38;5;009m[ERROR]: [0mThis is a error message from thread 2518-09-2026 00:29:34 [38;5;015m[INFO]: [0mThis is a info message from thread 1918-09-2026 00:29:34 [38;5;117m[DEBUG]: [0mThis is a debug message from thread 2118-09-2026 00:29:34 [38;5;015m[INFO]: [0mThis is a info message from thread 1418-09-2026 00:29:34 [38;5;117m[DEBUG]: [0mThis is a debug message from thread 2718-09-2026 00:29:34 [38;5;009m[ERROR]: [0mThis is a error message from thread 1918-09-2026 00:29:34 [38;5;117m[DEBUG]: [0mThis is a debug message from thread 2418-09-2026 00:29:34 [38;5;117m[DEBUG]: [0mThis is a debug message from thread 2518-09-2026 00:29:34 [38;5;009m[ERROR]: [0mThis is a error message from thread 518-09-2026 00:29:34 [38;5;015m[INFO]: [0mThis is a info message from thread 1518-09-2026 00:29:34 [38;5;009m[ERROR]: [0mThis is a error message from thread 818-09-2026 00:29:34 [38;5;015m[INFO]: [0mThis is a info message from thread 2118-09-2026 00:29:34 [38;5;015m[INFO]: [0mThis is a info message from thread 2518-09-2026 00:29:34 [38;5;117m[DEBUG]: [0mThis is a debug message from thread 518-09-2026 00:29:34 [38;5;117m[DEBUG]: [0mThis is a debug message from thread 1918-09-2026 00:29:34 [38;5;117m[DEBUG]: [0mThis is a debug message from thread 2218-09-2026 00:29:34 [38;5;015m[INFO]: [0mThis is a info message from thread 1918-09-2026 00:29:34 [38;5;015m[INFO]: [0mThis is a info message from thread 2218-09-2026 00:29:34 [38;5;015m[INFO]: [0mThis is a info message from thread 2718-09-2026 00:29:34 [38;5;009m[ERROR]: [0mThis is a error message from thread 1718-09-2026 00:29:34 [38;5;117m[DEBUG]: [0mThis is a debug message from thread 2918-09-2026 00:29:34 [38;5;015m[INFO]: [0mThis is a info message from thread 2918-09-2026 00:29:34 [38;5;015m[INFO]: [0mThis is a info message from thread 518-09-2026 00:29:34 [38;5;117m[DEBUG]: [0mThis is a debug message from thread 1718-09-2026 00:29:34 [38;5;117m[DEBUG]: [0mThis is a debug message from thread 818-09-2026 00:29:34 [38;5;009m[ERROR]: [0mThis is a error message from thread 518-09-2026 00:29:34 [38;5;009m[ERROR]: [0mThis is a error message from thread 718-09-2026 00:29:34 [38;5;117m[DEBUG]: [0mThis is a debug message from thread 1118-09-2026 00:29:34 [38;5;009m[ERROR]: [0mThis is a error message from thread 2718-09-2026 00:29:34 [38;5;009m[ERROR]: [0mThis is a error message from thread 2218-09-2026 00:29:34 [38;5;117m[DEBUG]: [0mThis is a debug message from thread 1618-09-2026 00:29:34 [38;5;009m[ERROR]: [0mThis is a error message from thread 1418-09-2026 00:29:34 [38;5;015m[INFO]: [0mThis is a info message from thread 818-09-2026 00:29:34 [38;5;117m[DEBUG]: [0mThis is a debug message from thread 618-09-2026 00:29:34 [38;5;117m[DEBUG]: [0mThis is a debug message from thread 2218-09-2026 00:29:34 [38;5;009m[ERROR]: [0mThis is a error message from thread 1018-09-2026 00:29:34 [38;5;009m[ERROR]: [0mThis is a error message from thread 1318-09-2026 00:29:34 [38;5;009m[ERROR]: [0mThis is a error message from thread 2918-09-2026 00:29:34 [38;5;015m[INFO]: [0mThis is a info message from thread 1718-09-2026 00:29:34 [38;5;009m[ERROR]: [0mThis is a error message from thread 1718-09-2026 00:29:34 [38;5;009m[ERROR]: [0mThis is a error message from thread 818-09-2026 00:29:34 [38;5;009m[ERROR]: [0mThis is a error message from thread 1818-09-2026 00:29:34 [38;5;009m[ERROR]: [0mThis is a error message from thread 2118-09-2026 00:29:34 [38;5;117m[DEBUG]: [0mThis is a debug message from thread 718-09-2026 00:29:34 [38;5;015m[INFO]: [0mThis is a info message from thread 2218-09-2026 00:29:34 [38;5;117m[DEBUG]: [0mThis is a debug message from thread 1818-09-2026 00:29:34 [38;5;117m[DEBUG]: [0mThis is a debug message from thread 2118-09-2026 00:29:34 [38;5;015m[INFO]: [0mThis is a info message from thread 2618-09-2026 00:29:34 [38;5;009m[ERROR]: [0mThis is a error message from thread 2218-09-2026 00:29:34 [38;5;117m[DEBUG]: [0mThis is a debug message from thread 818-09-2026 00:29:34 [38;5;117m[DEBUG]: [0mThis is a debug message from thread 2918-09-2026 00:29:34 [38;5;015m[INFO]: [0mThis is a info message from thread 2918-09-2026 00:29:34 [38;5;117m[DEBUG]: [0mThis is a debug message from thread 1018-09-2026 00:29:34 [38;5;117m[DEBUG]: [0mThis is a debug message from thread 1418-09-2026 00:29:34 [38;5;009m[ERROR]: [0mThis is a error message from thread 2918-09-2026 00:29:34 [38;5;015m[INFO]: [0mThis is a info message from thread 2118-09-2026 00:29:34 [38;5;015m[INFO]: [0mThis is a info message from thread 1818-09-2026 00:29:34 [38;5;015m[INFO]: [0mThis is a info message from thread 1418-09-2026 00:29:34 [38;5;015m[INFO]: [0mThis is a info message from thread 818-09-2026 00:29:34 [38;5;015m[INFO]: [0mThis is a info message from thread 1118-09-2026 00:29:34 [38;5;009m[ERROR]: [0mThis is a error message from thread 1818-09-2026 00:29:34 [38;5;015m[INFO]: [0mThis is a info message from thread 718-09-2026 00:29:34 [38;5;009m[ERROR]: [0mThis is a error message from thread 2518-09-2026 00:29:34 [38;5;015m[INFO]: [0mThis is a info message from thread 418-09-2026 00:29:34 [38;5;009m[ERROR]: [0mThis is a error message from thread 418-09-2026 00:29:34 [38;5;009m[ERROR]: [0mThis is a error message from thread 818-09-2026 00:29:34 [38;5;009m[ERROR]: [0mThis is a error message from thread 718-09-2026 00:29:34 [38;5;117m[DEBUG]: [0mThis is a debug message from thread 818-09-2026 00:29:34 [38;5;015m[INFO]: [0mThis is a info message from thread 1018-09-2026 00:29:34 [38;5;117m[DEBUG]: [0mThis is a debug message from thread 2518-09-2026 00:29:34 [38;5;015m[INFO]: [0mThis is a info message from thread 818-09-2026 00:29:34 [38;5;117m[DEBUG]: [0mThis is a debug message from thread 1318-09-2026 00:29:34 [38;5;117m[DEBUG]: [0mThis is a debug message from thread 418-09-2026 00:29:34 [38;5;009m[ERROR]: [0mThis is a error message from thread 118-09-2026 00:29:34 [38;5;117m[DEBUG]: [0mThis is a debug message from thread 1818-09-2026 00:29:34 [38;5;015m[INFO]: [0mThis is a info message from thread 1318-09-2026 00:29:34 [38;5;015m[INFO]: [0mThis is a info message from thread 1218-09-2026 00:29:34 [38;5;117m[DEBUG]: [0mThis is a debug message from thread 2218-09-2026 00:29:34 [38;5;117m[DEBUG]: [0mThis is a debug message from thread 2918-09-2026 00:29:34 [38;5;015m[INFO]: [0mThis is a info message from thread 1818-09-2026 00:29:34 [38;5;117m[DEBUG]: [0mThis is a debug message from thread 2318-09-2026 00:29:34 [38;5;117m[DEBUG]: [0mThis is a debug message from thread 718-09-2026 00:29:34 [38;5;009m[ERROR]: [0mThis is a error message from thread 818-09-2026 00:29:34 [38;5;015m[INFO]: [0mThis is a info message from thread 2518-09-2026 00:29:34 [38;5;117m[DEBUG]: [0mThis is a debug message from thread 118-09-2026 00:29:34 [38;5;015m[INFO]: [0mThis is a info message from thread 418-09-2026 00:29:34 [38;5;015m[INFO]: [0mThis is a info message from thread 2918-09-2026 00:29:34 [38;5;009m[ERROR]: [0mThis is a error message from thread 1818-09-2026 00:29:34 [38;5;015m[INFO]: [0mThis is a info message from thread 118-09-2026 00:29:34 [38;5;009m[ERROR]: [0mThis is a error message from thread 1318-09-2026 00:29:34 [38;5;117m[DEBUG]: [0mThis is a debug message from thread 1818-09-2026 00:29:34 [38;5;015m[INFO]: [0mThis is a info message from thread 2318-09-2026 00:29:34 [38;5;015m[INFO]: [0mThis is a info message from thread 2218-09-2026 00:29:34 [38;5;009m[ERROR]: [0mThis is a error message from thread 1218-09-2026 00:29:34 [38;5;009m[ERROR]: [0mThis is a error message from thread 2518-09-2026 00:29:34 [38;5;117m[DEBUG]: [0mThis is a debug message from thread 2518-09-2026 00:29:34 [38;5;009m[ERROR]: [0mThis is a error message from thread 2918-09-2026 00:29:34 [38;5;009m[ERROR]: [0mThis is a error message from thread 418-09-2026 00:29:34 [38;5;009m[ERROR]: [0mThis is a error message from thread 118-09-2026 00:29:34 [38;5;009m[ERROR]: [0mThis is a error message from thread 318-09-2026 00:29:34 [38;5;009m[ERROR]: [0mThis is a error message from thread 2318-09-2026 00:29:34 [38;5;117m[DEBUG]: [0mThis is a debug message from thread 1218-09-2026 00:29:34 [38;5;015m[INFO]: [0mThis is a info message from thread 2518-09-2026 00:29:34 [38;5;009m[ERROR]: [0mThis is a error message from thread 2518-09-2026 00:29:34 [38;5;117m[DEBUG]: [0mThis is a debug message from thread 2918-09-2026 00:29:34 [38;5;117m[DEBUG]: [0mThis is a debug message from thread 418-09-2026 00:29:34 [38;5;009m[ERROR]: [0mThis is a error message from thread 018-09-2026 00:29:34 [38;5;117m[DEBUG]: [0mThis is a debug message from thread 018-09-2026 00:29:34 [38;5;015m[INFO]: [0mThis is a info message from thread 018-09-2026 00:29:34 [38;5;015m[INFO]: [0mThis is a info message from thread 418-09-2026 00:29:34 [38;5;117m[DEBUG]: [0mThis is a debug message from thread 2318-09-2026 00:29:34 [38;5;117m[DEBUG]: [0mThis is a debug message from thread 1718-09-2026 00:29:34 [38;5;009m[ERROR]: [0mThis is a error message from thread 018-09-2026 00:29:34 [38;5;015m[INFO]: [0mThis is a info message from thread 2918-09-2026 00:29:34 [38;5;009m[ERROR]: [0mThis is a error message from thread 2618-09-2026 00:29:34 [38;5;117m[DEBUG]: [0mThis is a debug message from thread 2518-09-2026 00:29:34 [38;5;117m[DEBUG]: [0mThis is a debug message from thread 118-09-2026 00:29:34 [38;5;015m[INFO]: [0mThis is a info message from thread 1218-09-2026 00:29:34 [38;5;015m[INFO]: [0mThis is a info message from thread 2318-09-2026 00:29:34 [38;5;009m[ERROR]: [0mThis is a error message from thread 1218-09-2026 00:29:34 [38;5;015m[INFO]: [0mThis is a info message from thread 2518-09-2026 00:29:34 [38;5;117m[DEBUG]: [0mThis is a debug message from thread 318-09-2026 00:29:34 [38;5;117m[DEBUG]: [0mThis is a debug message from thread 2618-09-2026 00:29:34 [38;5;009m[ERROR]: [0mThis is a error message from thread 2918-09-2026 00:29:34 [38;5;009m[ERROR]: [0mThis is a error message from thread 2518-09-2026 00:29:34 [38;5;015m[INFO]: [0mThis is a info message from thread 118-09-2026 00:29:34 [38;5;009m[ERROR]: [0mThis is a error message from thread 1518-09-2026 00:29:34 [38;5;009m[ERROR]: [0mThis is a error message from thread 218-09-2026 00:29:34 [38;5;009m[ERROR]: [0mThis is a error message from thread 2218-09-2026 00:29:34 [38;5;015m[INFO]: [0mThis is a info message from thread 918-09-2026 00:29:34 [38;5;009m[ERROR]: [0mThis is a error message from thread 1918-09-2026 00:29:34 [38;5;015m[INFO]: [0mThis is a info message from thread 2618-09-2026 00:29:34 [38;5;117m[DEBUG]: [0mThis is a debug message from thread 1918-09-2026 00:29:34 [38;5;009m[ERROR]: [0mThis is a error message from thread 118-09-2026 00:29:34 [38;5;117m[DEBUG]: [0mThis is a debug message from thread 518-09-2026 00:29:34 [38;5;009m[ERROR]: [0mThis is a error message from thread 2318-09-2026 00:29:34 [38;5;117m[DEBUG]: [0mThis is a debug message from thread 2918-09-2026 00:29:34 [38;5;117m[DEBUG]: [0mThis is a debug message from thread 2218-09-2026 00:29:34 [38;5;009m[ERROR]: [0mThis is a error message from thread 918-09-2026 00:29:34 [38;5;117m[DEBUG]: [0mThis is a debug message from thread 2518-09-2026 00:29:34 [38;5;117m[DEBUG]: [0mThis is a debug message from thread 2718-09-2026 00:29:34 [38;5;015m[INFO]: [0mThis is a info message from thread 518-09-2026 00:29:34 [38;5;015m[INFO]: [0mThis is a info message from thread 2718-09-2026 00:29:34 [38;5;117m[DEBUG]: [0mThis is a debug message from thread 918-09-2026 00:29:34 [38;5;015m[INFO]: [0mThis is a info message from thread 618-09-2026 00:29:34 [38;5;117m[DEBUG]: [0mThis is a debug message from thread 118-09-2026 00:29:34 [38;5;015m[INFO]: [0mThis is a info message from thread 2918-09-2026 00:29:34 [38;5;009m[ERROR]: [0mThis is a error message from thread 518-09-2026 00:29:34 [38;5;015m[INFO]: [0mThis is a info message from thread 118-09-2026 00:29:34 [38;5;009m[ERROR]: [0mThis is a error message from thread 2718-09-2026 00:29:34 [38;5;009m[ERROR]: [0mThis is a error message from thread 618-09-2026 00:29:34 [38;5;015m[INFO]: [0mThis is a info message from thread 2518-09-2026 00:29:34 [38;5;117m[DEBUG]: [0mThis is a debug message from thread 618-09-2026 00:29:34 [38;5;015m[INFO]: [0mThis is a info message from thread 918-09-2026 00:29:34 [38;5;117m[DEBUG]: [0mThis is a debug message from thread 2318-09-2026 00:29:34 [38;5;015m[INFO]: [0mThis is a info message from thread 618-09-2026 00:29:34 [38;5;009m[ERROR]: [0mThis is a error message from thread 1018-09-2026 00:29:34 [38;5;015m[INFO]: [0mThis is a info message from thread 2218-09-2026 00:29:34 [38;5;009m[ERROR]: [0mThis is a error message from thread 2518-09-2026 00:29:34 [38;5;117m[DEBUG]: [0mThis is a debug message from thread 1018-09-2026 00:29:34 [38;5;009m[ERROR]: [0mThis is a error message from thread 2118-09-2026 00:29:34 [38;5;009m[ERROR]: [0mThis is a error message from thread 2618-09-2026 00:29:34 [38;5;117m[DEBUG]: [0mThis is a debug message from thread 2518-09-2026 00:29:34 [38;5;117m[DEBUG]: [0mThis is a debug message from thread 1318-09-2026 00:29:34 [38;5;009m[ERROR]: [0mThis is a error message from thread 2218-09-2026 00:29:34 [38;5;015m[INFO]: [0mThis is a info message from thread 1718-09-2026 00:29:34 [38;5;015m[INFO]: [0mThis is a info message from thread 1018-09-2026 00:29:34 [38;5;117m[DEBUG]: [0mThis is a debug message from thread 2118-09-2026 00:29:34 [38;5;015m[INFO]: [0mThis is a info message from thread 2118-09-2026 00:29:34 [38;5;015m[INFO]: [0mThis is a info message from thread 2518-09-2026 00:29:34 [38;5;009m[ERROR]: [0mThis is a error message from thread 1418-09-2026 00:29:34 [38;5;009m[ERROR]: [0mThis is a error message from thread 418-09-2026 00:29:34 [38;5;117m[DEBUG]: [0mThis is a debug message from thread 418-09-2026 00:29:34 [38;5;117m[DEBUG]: [0mThis is a debug message from thread 2218-09-2026 00:29:34 [38;5;009m[ERROR]: [0mThis is a error message from thread 1018-09-2026 00:29:34 [38;5;117m[DEBUG]: [0mThis is a debug message from thread 1418-09-2026 00:29:34 [38;5;009m[ERROR]: [0mThis is a error message from thread 918-09-2026 00:29:34 [38;5;009m[ERROR]: [0mThis is a error message from thread 2118-09-2026 00:29:34 [38;5;015m[INFO]: [0mThis is a info message from thread 1418-09-2026 00:29:34 [38;5;117m[DEBUG]: [0mThis is a debug message from thread 1218-09-2026 00:29:34 [38;5;117m[DEBUG]: [0mThis is a debug message from thread 2718-09-2026 00:29:34 [38;5;009m[ERROR]: [0mThis is a error message from thread 2918-09-2026 00:29:34 [38;5;015m[INFO]: [0mThis is a info message from thread 2318-09-2026 00:29:34 [38;5;009m[ERROR]: [0mThis is a error message from thread 1118-09-2026 00:29:34 [38;5;009m[ERROR]: [0mThis is a error message from thread 2518-09-2026 00:29:34 [38;5;117m[DEBUG]: [0mThis is a debug message from thread 2918-09-2026 00:29:34 [38;5;117m[DEBUG]: [0mThis is a debug message from thread 518-09-2026 00:29:34 [38;5;015m[INFO]: [0mThis is a info message from thread 1918-09-2026 00:29:34 [38;5;117m[DEBUG]: [0mThis is a debug message from thread 1518-09-2026 00:29:34 [38;5;015m[INFO]: [0mThis is a info message from thread 1618-09-2026 00:29:34 [38;5;015m[INFO]: [0mThis is a info message from thread 2218-09-2026 00:29:34 [38;5;009m[ERROR]: [0mThis is a error message from thread 118-09-2026 00:29:34 [38;5;015m[INFO]: [0mThis is a info message from thread 318-09-2026 00:29:34 [38;5;117m[DEBUG]: [0mThis is a debug message from thread 218-09-2026 00:29:34 [38;5;015m[INFO]: [0mThis is a info message from thread 518-09-2026 00:29:34 [38;5;117m[DEBUG]: [0mThis is a debug message from thread 2518-09-2026 00:29:34 [38;5;015m[INFO]: [0mThis is a info message from thread 718-09-2026 00:29:34 [38;5;117m[DEBUG]: [0mThis is a debug message from thread 2618-09-2026 00:29:34 [38;5;009m[ERROR]: [0mThis is a error message from thread 618-09-2026 00:29:34 [38;5;015m[INFO]: [0mThis is a info message from thread 2518-09-2026 00:29:34 [38;5;117m[DEBUG]: [0mThis is a debug message from thread 118-09-2026 00:29:34 [38;5;015m[INFO]: [0mThis is a info message from thread 1818-09-2026 00:29:34 [38;5;009m[ERROR]: [0mThis is a error message from thread 1818-09-2026 00:29:34 [38;5;009m[ERROR]: [0mThis is a error message from thread 2518-09-2026 00:29:34 [38;5;117m[DEBUG]: [0mThis is a debug message from thread 1818-09-2026 00:29:34 [38;5;015m[INFO]: [0mThis is a info message from thread 1518-09-2026 00:29:34 [38;5;117m[DEBUG]: [0mThis is a debug message from thread 1018-09-2026 00:29:34 [38;5;015m[INFO]: [0mThis is a info message from thread 2018-09-2026 00:29:34 [38;5;009m[ERROR]: [0mThis is a error message from thread 2218-09-2026 00:29:34 [38;5;117m[DEBUG]: [0mThis is a debug message from thread 2118-09-2026 00:29:34 [38;5;117m[DEBUG]: [0mThis is a debug message from thread 2518-09-2026 00:29:34 [38;5;009m[ERROR]: [0mThis is a error message from thread 318-09-2026 00:29:34 [38;5;015m[INFO]: [0mThis is a info message from thread 1818-09-2026 00:29:34 [38;5;117m[DEBUG]: [0mThis is a debug message from thread 318-09-2026 00:29:34 [38;5;009m[ERROR]: [0mThis is a error message from thread 718-09-2026 00:29:34 [38;5;015m[INFO]: [0mThis is a info message from thread 1018-09-2026 00:29:34 [38;5;117m[DEBUG]: [0mThis is a debug message from thread 1118-09-2026 00:29:34 [38;5;015m[INFO]: [0mThis is a info message from thread 2518-09-2026 00:29:34 [38;5;009m[ERROR]: [0mThis is a error message from thread 1018-09-2026 00:29:34 [38;5;015m[INFO]: [0mThis is a info message from thread 2418-09-2026 00:29:34 [38;5;117m[DEBUG]: [0mThis is a debug message from thread 1018-09-2026 00:29:34 [38;5;015m[INFO]: [0mThis is a info message from thread 218-09-2026 00:29:34 [38;5;009m[ERROR]: [0mThis is a error message from thread 218-09-2026 00:29:34 [38;5;009m[ERROR]: [0mThis is a error message from thread 2418-09-2026 00:29:34 [38;5;015m[INFO]: [0mThis is a info message from thread 318-09-2026 00:29:34 [38;5;009m[ERROR]: [0mThis is a error message from thread 318-09-2026 00:29:34 [38;5;009m[ERROR]: [0mThis is a error message from thread 2518-09-2026 00:29:34 [38;5;117m[DEBUG]: [0mThis is a debug message from thread 318-09-2026 00:29:34 [38;5;009m[ERROR]: [0mThis is a error message from thread 1518-09-2026 00:29:34 [38;5;015m[INFO]: [0mThis is a info message from thread 418-09-2026 00:29:34 [38;5;117m[DEBUG]: [0mThis is a debug message from thread 2818-09-2026 00:29:34 [38;5;117m[DEBUG]: [0mThis is a debug message from thread 2218-09-2026 00:29:34 [38;5;015m[INFO]: [0mThis is a info message from thread 2118-09-2026 00:29:34 [38;5;015m[INFO]: [0mThis is a info message from thread 318-09-2026 00:29:34 [38;5;015m[INFO]: [0mThis is a info message from thread 1218-09-2026 00:29:34 [38;5;015m[INFO]: [0mThis is a info message from thread 1318-09-2026 00:29:34 [38;5;009m[ERROR]: [0mThis is a error message from thread 1318-09-2026 00:29:34 [38;5;117m[DEBUG]: [0mThis is a debug message from thread 718-09-2026 00:29:34 [38;5;009m[ERROR]: [0mThis is a error message from thread 2018-09-2026 00:29:34 [38;5;009m[ERROR]: [0mThis is a error message from thread 318-09-2026 00:29:34 [38;5;117m[DEBUG]: [0mThis is a debug message from thread 1318-09-2026 00:29:34 [38;5;009m[ERROR]: [0mThis is a error message from thread 1218-09-2026 00:29:34 [38;5;009m[ERROR]: [0mThis is a error message from thread 1418-09-2026 00:29:34 [38;5;117m[DEBUG]: [0mThis is a debug message from thread 2518-09-2026 00:29:34 [38;5;015m[INFO]: [0mThis is a info message from thread 718-09-2026 00:29:34 [38;5;015m[INFO]: [0mThis is a info message from thread 2518-09-2026 00:29:34 [38;5;009m[ERROR]: [0mThis is a error message from thread 718-09-2026 00:29:34 [38;5;009m[ERROR]: [0mThis is a error message from thread 2518-09-2026 00:29:34 [38;5;117m[DEBUG]: [0mThis is a debug message from thread 218-09-2026 00:29:34 [38;5;015m[INFO]: [0mThis is a info message from thread 2218-09-2026 00:29:34 [38;5;117m[DEBUG]: [0mThis is a debug message from thread 018-09-2026 00:29:34 [38;5;009m[ERROR]: [0mThis is a error message from thread 518-09-2026 00:29:34 [38;5;015m[INFO]: [0mThis is a info message from thread 118-09-2026 00:29:34 [38;5;009m[ERROR]: [0mThis is a error message from thread 1718-09-2026 00:29:34 [38;5;015m[INFO]: [0mThis is a info message from thread 2918-09-2026 00:29:34 [38;5;117m[DEBUG]: [0mThis is a debug message from thread 718-09-2026 00:29:34 [38;5;117m[DEBUG]: [0mThis is a debug message from thread 1218-09-2026 00:29:34 [38;5;015m[INFO]: [0mThis is a info message from thread 1118-09-2026 00:29:34 [38;5;009m[ERROR]: [0mThis is a error message from thread 2918-09-2026 00:29:34 [38;5;015m[INFO]: [0mThis is a info message from thread 2618-09-2026 00:29:34 [38;5;117m[DEBUG]: [0mThis is a debug message from thread 1718-09-2026 00:29:34 [38;5;009m[ERROR]: [0mThis is a error message from thread 1118-09-2026 00:29:34 [38;5;117m[DEBUG]: [0mThis is a debug message from thread 2918-09-2026 00:29:34 [38;5;117m[DEBUG]: [0mThis is a debug message from thread 2418-09-2026 00:29:34 [38;5;117m[DEBUG]: [0mThis is a debug message from thread 1518-09-2026 00:29:34 [38;5;117m[DEBUG]: [0mThis is a debug message from thread 918-09-2026 00:29:34 [38;5;117m[DEBUG]: [0mThis is a debug message from thread 1418-09-2026 00:29:34 [38;5;117m[DEBUG]: [0mThis is a debug message from thread 318-09-2026 00:29:34 [38;5;009m[ERROR]: [0mThis is a error message from thread 1618-09-2026 00:29:34 [38;5;015m[INFO]: [0mThis is a info message from thread 318-09-2026 00:29:34 [38;5;015m[INFO]: [0mThis is a info message from thread 2918-09-2026 00:29:34 [38;5;117m[DEBUG]: [0mThis is a debug message from thread 1118-09-2026 00:29:34 [38;5;015m[INFO]: [0mThis is a info message from thread 2418-09-2026 00:29:34 [38;5;015m[INFO]: [0mThis is a info message from thread 918-09-2026 00:29:34 [38;5;117m[DEBUG]: [0mThis is a debug message from thread 518-09-2026 00:29:34 [38;5;009m[ERROR]: [0mThis is a error message from thread 918-09-2026 00:29:34 [38;5;009m[ERROR]: [0mThis is a error message from thread 318-09-2026 00:29:34 [38;5;015m[INFO]: [0mThis is a info message from thread 1118-09-2026 00:29:34 [38;5;009m[ERROR]: [0mThis is a error message from thread 2218-09-2026 00:29:34 [38;5;015m[INFO]: [0mThis is a info message from thread 1518-09-2026 00:29:34 [38;5;015m[INFO]: [0mThis is a info message from thread 218-09-2026 00:29:34 [38;5;009m[ERROR]: [0mThis is a error message from thread 2618-09-2026 00:29:34 [38;5;009m[ERROR]: [0mThis is a error message from thread 1118-09-2026 00:29:34 [38;5;015m[INFO]: [0mThis is a info message from thread 2718-09-2026 00:29:34 [38;5;117m[DEBUG]: [0mThis is a debug message from thread 318-09-2026 00:29:34 [38;5;009m[ERROR]: [0mThis is a error message from thread 2918-09-2026 00:29:34 [38;5;015m[INFO]: [0mThis is a info message from thread 1418-09-2026 00:29:34 [38;5;117m[DEBUG]: [0mThis is a debug message from thread 2218-09-2026 00:29:34 [38;5;117m[DEBUG]: [0mThis is a debug message from thread 818-09-2026 00:29:34 [38;5;015m[INFO]: [0mThis is a info message from thread 2218-09-2026 00:29:34 [38;5;009m[ERROR]: [0mThis is a error message from thread 2218-09-2026 00:29:34 [38;5;009m[ERROR]: [0mThis is a error message from thread 2718-09-2026 00:29:34 [38;5;117m[DEBUG]: [0mThis is a debug message from thread 1118-09-2026 00:29:34 [38;5;015m[INFO]: [0mThis is a info message from thread 2818-09-2026 00:29:34 [38;5;015m[INFO]: [0mThis is a info message from thread 1718-09-2026 00:29:34 [38;5;009m[ERROR]: [0mThis is a error message from thread 2818-09-2026 00:29:34 [38;5;117m[DEBUG]: [0mThis is a debug message from thread 2818-09-2026 00:29:34 [38;5;117m[DEBUG]: [0mThis is a debug message from thread 2618-09-2026 00:29:34 [38;5;009m[ERROR]: [0mThis is a error message from thread 1518-09-2026 00:29:34 [38;5;117m[DEBUG]: [0mThis is a debug message from thread 2518-09-2026 00:29:34 [38;5;015m[INFO]: [0mThis is a info message from thread 2818-09-2026 00:29:34 [38;5;009m[ERROR]: [0mThis is a error message from thread 1418-09-2026 00:29:34 [38;5;117m[DEBUG]: [0mThis is a debug message from thread 2918-09-2026 00:29:34 [38;5;015m[INFO]: [0mThis is a info message from thread 1118-09-2026 00:29:34 [38;5;009m[ERROR]: [0mThis is a error message from thread 2418-09-2026 00:29:34 [38;5;015m[INFO]: [0mThis is a info message from thread 1218-09-2026 00:29:34 [38;5;009m[ERROR]: [0mThis is a error message from thread 1918-09-2026 00:29:34 [38;5;009m[ERROR]: [0mThis is a error message from thread 418-09-2026 00:29:34 [38;5;117m[DEBUG]: [0mThis is a debug message from thread 1918-09-2026 00:29:34 [38;5;009m[ERROR]: [0mThis is a error message from thread 1118-09-2026 00:29:34 [38;5;015m[INFO]: [0mThis is a info message from thread 2618-09-2026 00:29:34 [38;5;117m[DEBUG]: [0mThis is a debug message from thread 1518-09-2026 00:29:34 [38;5;009m[ERROR]: [0mThis is a error message from thread 2118-09-2026 00:29:34 [38;5;009m[ERROR]: [0mThis is a error message from thread 1718-09-2026 00:29:34 [38;5;117m[DEBUG]: [0mThis is a debug message from thread 2218-09-2026 00:29:34 [38;5;009m[ERROR]: [0mThis is a error message from thread 1818-09-2026 00:29:34 [38;5;015m[INFO]: [0mThis is a info message from thread 518-09-2026 00:29:34 [38;5;117m[DEBUG]: [0mThis is a debug message from thread 2018-09-2026 00:29:34 [38;5;015m[INFO]: [0mThis is a info message from thread 1318-09-2026 00:29:34 [38;5;009m[ERROR]: [0mThis is a error message from thread 118-09-2026 00:29:34 [38;5;015m[INFO]: [0mThis is a info message from thread 318-09-2026 00:29:34 [38;5;117m[DEBUG]: [0mThis is a debug message from thread 2718-09-2026 00:29:34 [38;5;117m[DEBUG]: [0mThis is a debug message from thread 1418-09-2026 00:29:34 [38;5;009m[ERROR]: [0mThis is a error message from thread 1318-09-2026 00:29:34 [38;5;015m[INFO]: [0mThis is a info message from thread 718-09-2026 00:29:34 [38;5;117m[DEBUG]: [0mThis is a debug message from thread 118-09-2026 00:29:34 [38;5;015m[INFO]: [0mThis is a info message from thread 1018-09-2026 00:29:34 [38;5;009m[ERROR]: [0mThis is a error message from thread 518-09-2026 00:29:34 [38;5;015m[INFO]: [0mThis is a info message from thread 2518-09-2026 00:29:34 [38;5;009m[ERROR]: [0mThis is a error message from thread 1218-09-2026 00:29:34 [38;5;117m[DEBUG]: [0mThis is a debug message from thread 1118-09-2026 00:29:34 [38;5;009m[ERROR]: [0mThis is a error message from thread 1018-09-2026 00:29:34 [38;5;117m[DEBUG]: [0mThis is a debug message from thread 1718-09-2026 00:29:34 [38;5;117m[DEBUG]: [0mThis is a debug message from thread 2418-09-2026 00:29:34 [38;5;117m[DEBUG]: [0mThis is a debug message from thread 618-09-2026 00:29:34 [38;5;009m[ERROR]: [0mThis is a error message from thread 2818-09-2026 00:29:34 [38;5;015m[INFO]: [0mThis is a info message from thread 1718-09-2026 00:29:34 [38;5;117m[DEBUG]: [0mThis is a debug message from thread 418-09-2026 00:29:34 [38;5;015m[INFO]: [0mThis is a info message from thread 2418-09-2026 00:29:34 [38;5;117m[DEBUG]: [0mThis is a debug message from thread 1618-09-2026 00:29:34 [38;5;015m[INFO]: [0mThis is a info message from thread 818-09-2026 00:29:34 [38;5;009m[ERROR]: [0mThis is a error message from thread 218-09-2026 00:29:34 [38;5;015m[INFO]: [0mThis is a info message from thread 1918-09-2026 00:29:34 [38;5;009m[ERROR]: [0mThis is a error message from thread 1718-09-2026 00:29:34 [38;5;009m[ERROR]: [0mThis is a error message from thread 318-09-2026 00:29:34 [38;5;015m[INFO]: [0mThis is a info message from thread 2918-09-2026 00:29:34 [38;5;015m[INFO]: [0mThis is a info message from thread 2218-09-2026 00:29:34 [38;5;015m[INFO]: [0mThis is a info message from thread 2018-09-2026 00:29:34 [38;5;117m[DEBUG]: [0mThis is a debug message from thread 2818-09-2026 00:29:34 [38;5;009m[ERROR]: [0mThis is a error message from thread 2218-09-2026 00:29:34 [38;5;009m[ERROR]: [0mThis is a error message from thread 2918-09-2026 00:29:34 [38;5;015m[INFO]: [0mThis is a info message from thread 2818-09-2026 00:29:34 [38;5;009m[ERROR]: [0mThis is a error message from thread 718-09-2026 00:29:34 [38;5;117m[DEBUG]: [0mThis is a debug message from thread 1718-09-2026 00:29:34 [38;5;015m[INFO]: [0mThis is a info message from thread 418-09-2026 00:29:34 [38;5;009m[ERROR]: [0mThis is a error message from thread 2618-09-2026 00:29:34 [38;5;117m[DEBUG]: [0mThis is a debug message from thread 1318-09-2026 00:29:34 [38;5;117m[DEBUG]: [0mThis is a debug message from thread 218-09-2026 00:29:34 [38;5;117m[DEBUG]: [0mThis is a debug message from thread 1818-09-2026 00:29:34 [38;5;015m[INFO]: [0mThis is a info message from thread 1718-09-2026 00:29:34 [38;5;009m[ERROR]: [0mThis is a error message from thread 1918-09-2026 00:29:34 [38;5;117m[DEBUG]: [0mThis is a debug message from thread 2618-09-2026 00:29:34 [38;5;117m[DEBUG]: [0mThis is a debug message from thread 1918-09-2026 00:29:34 [38;5;009m[ERROR]: [0mThis is a error message from thread 2018-09-2026 00:29:34 [38;5;009m[ERROR]: [0mThis is a error message from thread 2818-09-2026 00:29:34 [38;5;117m[DEBUG]: [0mThis is a debug message from thread 718-09-2026 00:29:34 [38;5;117m[DEBUG]: [0mThis is a debug message from thread 318-09-2026 00:29:34 [38;5;009m[ERROR]: [0mThis is a error message from thread 1718-09-2026 00:29:34 [38;5;015m[INFO]: [0mThis is a info message from thread 1918-09-2026 00:29:34 [38;5;015m[INFO]: [0mThis is a info message from thread 718-09-2026 00:29:34 [38;5;015m[INFO]: [0mThis is a info message from thread 118-09-2026 00:29:34 [38;5;009m[ERROR]: [0mThis is a error message from thread 2418-09-2026 00:29:34 [38;5;015m[INFO]: [0mThis is a info message from thread 2618-09-2026 00:29:34 [38;5;009m[ERROR]: [0mThis is a error message from thread 418-09-2026 00:29:34 [38;5;015m[INFO]: [0mThis is a info message from thread 2718-09-2026 00:29:34 [38;5;117m[DEBUG]: [0mThis is a debug message from thread 1218-09-2026 00:29:34 [38;5;009m[ERROR]: [0mThis is a error message from thread 2718-09-2026 00:29:34 [38;5;117m[DEBUG]: [0mThis is a debug message from thread 2718-09-2026 00:29:34 [38;5;009m[ERROR]: [0mThis is a error message from thread 1918-09-2026 00:29:34 [38;5;015m[INFO]: [0mThis is a info message from thread 318-09-2026 00:29:34 [38;5;117m[DEBUG]: [0mThis is a debug message from thread 2818-09-2026 00:29:34 [38;5;117m[DEBUG]: [0mThis is a debug message from thread 2918-09-2026 00:29:34 [38;5;117m[DEBUG]: [0mThis is a debug message from thread 2118-09-2026 00:29:34 [38;5;009m[ERROR]: [0mThis is a error message from thread 2318-09-2026 00:29:34 [38;5;015m[INFO]: [0mThis is a info message from thread 618-09-2026 00:29:34 [38;5;117m[DEBUG]: [0mThis is a debug message from thread 2218-09-2026 00:29:34 [38;5;015m[INFO]: [0mThis is a info message from thread 2918-09-2026 00:29:34 [38;5;015m[INFO]: [0mThis is a info message from thread 2718-09-2026 00:29:34 [38;5;015m[INFO]: [0mThis is a info message from thread 1618-09-2026 00:29:34 [38;5;015m[INFO]: [0mThis is a info message from thread 2818-09-2026 00:29:34 [38;5;117m[DEBUG]: [0mThis is a debug message from thread 2018-09-2026 00:29:34 [38;5;015m[INFO]: [0mThis is a info message from thread 1218-09-2026 00:29:34 [38;5;117m[DEBUG]: [0mThis is a debug message from thread 918-09-2026 00:29:34 [38;5;015m[INFO]: [0mThis is a info message from thread 1118-09-2026 00:29:34 [38;5;117m[DEBUG]: [0mThis is a debug message from thread 1718-09-2026 00:29:34 [38;5;015m[INFO]: [0mThis is a info message from thread 918-09-2026 00:29:34 [38;5;015m[INFO]: [0mThis is a info message from thread 2218-09-2026 00:29:34 [38;5;009m[ERROR]: [0mThis is a error message from thread 118-09-2026 00:29:34 [38;5;009m[ERROR]: [0mThis is a error message from thread 918-09-2026 00:29:34 [38;5;117m[DEBUG]: [0mThis is a debug message from thread 918-09-2026 00:29:34 [38;5;015m[INFO]: [0mThis is a info message from thread 918-09-2026 00:29:34 [38;5;009m[ERROR]: [0mThis is a error message from thread 2218-09-2026 00:29:34 [38;5;009m[ERROR]: [0mThis is a error message from thread 2818-09-2026 00:29:34 [38;5;117m[DEBUG]: [0mThis is a debug message from thread 2418-09-2026 00:29:34 [38;5;009m[ERROR]: [0mThis is a error message from thread 318-09-2026 00:29:34 [38;5;009m[ERROR]: [0mThis is a error message from thread 2618-09-2026 00:29:34 [38;5;117m[DEBUG]: [0mThis is a debug message from thread 418-09-2026 00:29:34 [38;5;009m[ERROR]: [0mThis is a error message from thread 2518-09-2026 00:29:34 [38;5;015m[INFO]: [0mThis is a info message from thread 1518-09-2026 00:29:34 [38;5;015m[INFO]: [0mThis is a info message from thread 2418-09-2026 00:29:34 [38;5;009m[ERROR]: [0mThis is a error message from thread 1518-09-2026 00:29:34 [38;5;117m[DEBUG]: [0mThis is a debug message from thread 1918-09-2026 00:29:34 [38;5;015m[INFO]: [0mThis is a info message from thread 2018-09-2026 00:29:34 [38;5;009m[ERROR]: [0mThis is a error message from thread 1218-09-2026 00:29:34 [38;5;009m[ERROR]: [0mThis is a error message from thread 2718-09-2026 00:29:34 [38;5;015m[INFO]: [0mThis is a info message from thread 1918-09-2026 00:29:34 [38;5;117m[DEBUG]: [0mThis is a debug message from thread 318-09-2026 00:29:34 [38;5;117m[DEBUG]: [0mThis is a debug message from thread 1518-09-2026 00:29:34 [38;5;009m[ERROR]: [0mThis is a error message from thread 2418-09-2026 00:29:34 [38;5;015m[INFO]: [0mThis is a info message from thread 418-09-2026 00:29:34 [38;5;009m[ERROR]: [0mThis is a error message from thread 2018-09-2026 00:29:34 [38;5;009m[ERROR]: [0mThis is a error message from thread 818-09-2026 00:29:34 [38;5;117m[DEBUG]: [0mThis is a debug message from thread 2818-09-2026 00:29:34 [38;5;117m[DEBUG]: [0mThis is a debug message from thread 1218-09-2026 00:29:34 [38;5;117m[DEBUG]: [0mThis is a debug message from thread 2018-09-2026 00:29:34 [38;5;117m[DEBUG]: [0mThis is a debug message from thread 2318-09-2026 00:29:34 [38;5;009m[ERROR]: [0mThis is a error message from thread 1918-09-2026 00:29:34 [38;5;015m[INFO]: [0mThis is a info message from thread 018-09-2026 00:29:34 [38;5;015m[INFO]: [0mThis is a info message from thread 318-09-2026 00:29:34 [38;5;009m[ERROR]: [0mThis is a error message from thread 418-09-2026 00:29:34 [38;5;117m[DEBUG]: [0mThis is a debug message from thread 1918-09-2026 00:29:34 [38;5;015m[INFO]: [0mThis is a info message from thread 2318-09-2026 00:29:34 [38;5;015m[INFO]: [0mThis is a info message from thread 1818-09-2026 00:29:34 [38;5;015m[INFO]: [0mThis is a info message from thread 1918-09-2026 00:29:34 [38;5;015m[INFO]: [0mThis is a info message from thread 1218-09-2026 00:29:34 [38;5;117m[DEBUG]: [0mThis is a debug message from thread 2718-09-2026 00:29:34 [38;5;015m[INFO]: [0mThis is a info message from thread 2818-09-2026 00:29:34 [38;5;009m[ERROR]: [0mThis is a error message from thread 018-09-2026 00:29:34 [38;5;117m[DEBUG]: [0mThis is a debug message from thread 118-09-2026 00:29:34 [38;5;117m[DEBUG]: [0mThis is a debug message from thread 818-09-2026 00:29:34 [38;5;009m[ERROR]: [0mThis is a error message from thread 1918-09-2026 00:29:34 [38;5;009m[ERROR]: [0mThis is a error message from thread 1118-09-2026 00:29:34 [38;5;117m[DEBUG]: [0mThis is a debug message from thread 1918-09-2026 00:29:34 [38;5;015m[INFO]: [0mThis is a info message from thread 1418-09-2026 00:29:34 [38;5;117m[DEBUG]: [0mThis is a debug message from thread 1118-09-2026 00:29:34 [38;5;009m[ERROR]: [0mThis is a error message from thread 1418-09-2026 00:29:34 [38;5;117m[DEBUG]: [0mThis is a debug message from thread 018-09-2026 00:29:34 [38;5;015m[INFO]: [0mThis is a info message from thread 1918-09-2026 00:29:34 [38;5;117m[DEBUG]: [0mThis is a debug message from thread 418-09-2026 00:29:34 [38;5;009m[ERROR]: [0mThis is a error message from thread 1918-09-2026 00:29:34 [38;5;015m[INFO]: [0mThis is a info message from thread 018-09-2026 00:29:34 [38;5;015m[INFO]: [0mThis is a info message from thread 1118-09-2026 00:29:34 [38;5;015m[INFO]: [0mThis is a info message from thread 118-09-2026 00:29:34 [38;5;009m[ERROR]: [0mThis is a error message from thread 1118-09-2026 00:29:34 [38;5;009m[ERROR]: [0mThis is a error message from thread 318-09-2026 00:29:34 [38;5;009m[ERROR]: [0mThis is a error message from thread 1818-09-2026 00:29:34 [38;5;117m[DEBUG]: [0mThis is a debug message from thread 1818-09-2026 00:29:34 [38;5;117m[DEBUG]: [0mThis is a debug message from thread 1918-09-2026 00:29:34 [38;5;009m[ERROR]: [0mThis is a error message from thread 2818-09-2026 00:29:34 [38;5;009m[ERROR]: [0mThis is a error message from thread 2318-09-2026 00:29:34 [38;5;015m[INFO]: [0mThis is a info message from thread 2718-09-2026 00:29:34 [38;5;009m[ERROR]: [0mThis is a error message from thread 018-09-2026 00:29:34 [38;5;015m[INFO]: [0mThis is a info message from thread 818-09-2026 00:29:34 [38;5;117m[DEBUG]: [0mThis is a debug message from thread 018-09-2026 00:29:34 [38;5;117m[DEBUG]: [0mThis is a debug message from thread 1018-09-2026 00:29:34 [38;5;117m[DEBUG]: [0mThis is a debug message from thread 2818-09-2026 00:29:34 [38;5;015m[INFO]: [0mThis is a info message from thread 1918-09-2026 00:29:34 [38;5;009m[ERROR]: [0mThis is a error message from thread 1918-09-2026 00:29:34 [38;5;015m[INFO]: [0mThis is a info message from thread 1818-09-2026 00:29:34 [38;5;117m[DEBUG]: [0mThis is a debug message from thread 1418-09-2026 00:29:34 [38;5;009m[ERROR]: [0mThis is a error message from thread 2718-09-2026 00:29:34 [38;5;015m[INFO]: [0mThis is a info message from thread 018-09-2026 00:29:34 [38;5;015m[INFO]: [0mThis is a info message from thread 1418-09-2026 00:29:34 [38;5;009m[ERROR]: [0mThis is a error message from thread 1818-09-2026 00:29:34 [38;5;015m[INFO]: [0mThis is a info message from thread 2118-09-2026 00:29:34 [38;5;009m[ERROR]: [0mThis is a error message from thread 2118-09-2026 00:29:34 [38;5;117m[DEBUG]: [0mThis is a debug message from thread 1918-09-2026 00:29:34 [38;5;009m[ERROR]: [0mThis is a error message from thread 118-09-2026 00:29:34 [38;5;009m[ERROR]: [0mThis is a error message from thread 718-09-2026 00:29:34 [38;5;015m[INFO]: [0mThis is a info message from thread 1918-09-2026 00:29:34 [38;5;009m[ERROR]: [0mThis is a error message from thread 018-09-2026 00:29:34 [38;5;015m[INFO]: [0mThis is a info message from thread 1718-09-2026 00:29:34 [38;5;009m[ERROR]: [0mThis is a error message from thread 818-09-2026 00:29:34 [38;5;009m[ERROR]: [0mThis is a error message from thread 1418-09-2026 00:29:34 [38;5;009m[ERROR]: [0mThis is a error message from thread 1918-09-2026 00:29:34 [38;5;117m[DEBUG]: [0mThis is a debug message from thread 718-09-2026 00:29:34 [38;5;117m[DEBUG]: [0mThis is a debug message from thread 818-09-2026 00:29:34 [38;5;117m[DEBUG]: [0mThis is a debug message from thread 1118-09-2026 00:29:34 [38;5;009m[ERROR]: [0mThis is a error message from thread 1718-09-2026 00:29:34 [38;5;015m[INFO]: [0mThis is a info message from thread 1118-09-2026 00:29:34 [38;5;117m[DEBUG]: [0mThis is a debug message from thread 1918-09-2026 00:29:34 [38;5;117m[DEBUG]: [0mThis is a debug message from thread 2718-09-2026 00:29:34 [38;5;015m[INFO]: [0mThis is a info message from thread 818-09-2026 00:29:34 [38;5;117m[DEBUG]: [0mThis is a debug message from thread 1418-09-2026 00:29:34 [38;5;009m[ERROR]: [0mThis is a error message from thread 1118-09-2026 00:29:34 [38;5;015m[INFO]: [0mThis is a info message from thread 1918-09-2026 00:29:34 [38;5;117m[DEBUG]: [0mThis is a debug message from thread 1818-09-2026 00:29:34 [38;5;117m[DEBUG]: [0mThis is a debug message from thread 118-09-2026 00:29:34 [38;5;009m[ERROR]: [0mThis is a error message from thread 2918-09-2026 00:29:34 [38;5;009m[ERROR]: [0mThis is a error message from thread 618-09-2026 00:29:34 [38;5;117m[DEBUG]: [0mThis is a debug message from thread 518-09-2026 00:29:34 [38;5;015m[INFO]: [0mThis is a info message from thread 1318-09-2026 00:29:34 [38;5;015m[INFO]: [0mThis is a info message from thread 218-09-2026 00:29:34 [38;5;015m[INFO]: [0mThis is a info message from thread 118-09-2026 00:29:34 [38;5;009m[ERROR]: [0mThis is a error message from thread 1918-09-2026 00:29:34 [38;5;015m[INFO]: [0mThis is a info message from thread 1418-09-2026 00:29:34 [38;5;009m[ERROR]: [0mThis is a error message from thread 1318-09-2026 00:29:34 [38;5;117m[DEBUG]: [0mThis is a debug message from thread 2918-09-2026 00:29:34 [38;5;009m[ERROR]: [0mThis is a error message from thread 1418-09-2026 00:29:34 [38;5;117m[DEBUG]: [0mThis is a debug message from thread 1918-09-2026 00:29:34 [38;5;015m[INFO]: [0mThis is a info message from thread 2018-09-2026 00:29:34 [38;5;015m[INFO]: [0mThis is a info message from thread 2718-09-2026 00:29:34 [38;5;009m[ERROR]: [0mThis is a error message from thread 2018-09-2026 00:29:34 [38;5;117m[DEBUG]: [0mThis is a debug message from thread 1318-09-2026 00:29:34 [38;5;117m[DEBUG]: [0mThis is a debug message from thread 1118-09-2026 00:29:34 [38;5;117m[DEBUG]: [0mThis is a debug message from thread 1418-09-2026 00:29:34 [38;5;015m[INFO]: [0mThis is a info message from thread 718-09-2026 00:29:34 [38;5;009m[ERROR]: [0mThis is a error message from thread 718-09-2026 00:29:34 [38;5;015m[INFO]: [0mThis is a info message from thread 1418-09-2026 00:29:34 [38;5;117m[DEBUG]: [0mThis is a debug message from thread 1718-09-2026 00:29:34 [38;5;117m[DEBUG]: [0mThis is a debug message from thread 2118-09-2026 00:29:34 [38;5;009m[ERROR]: [0mThis is a error message from thread 118-09-2026 00:29:34 [38;5;009m[ERROR]: [0mThis is a error message from thread 1418-09-2026 00:29:34 [38;5;117m[DEBUG]: [0mThis is a debug message from thread 2518-09-2026 00:29:34 [38;5;009m[ERROR]: [0mThis is a error message from thread 1218-09-2026 00:29:34 [38;5;117m[DEBUG]: [0mThis is a debug message from thread 2318-09-2026 00:29:34 [38;5;015m[INFO]: [0mThis is a info message from thread 2118-09-2026 00:29:34 [38;5;117m[DEBUG]: [0mThis is a debug message from thread 318-09-2026 00:29:34 [38;5;117m[DEBUG]: [0mThis is a debug message from thread 718-09-2026 00:29:34 [38;5;117m[DEBUG]: [0mThis is a debug message from thread 118-09-2026 00:29:34 [38;5;015m[INFO]: [0mThis is a info message from thread 2818-09-2026 00:29:34 [38;5;117m[DEBUG]: [0mThis is a debug message from thread 1218-09-2026 00:29:34 [38;5;015m[INFO]: [0mThis is a info message from thread 518-09-2026 00:29:34 [38;5;117m[DEBUG]: [0mThis is a debug message from thread 018-09-2026 00:29:34 [38;5;009m[ERROR]: [0mThis is a error message from thread 918-09-2026 00:29:34 [38;5;009m[ERROR]: [0mThis is a error message from thread 1618-09-2026 00:29:34 [38;5;009m[ERROR]: [0mThis is a error message from thread 2118-09-2026 00:29:34 [38;5;015m[INFO]: [0mThis is a info message from thread 118-09-2026 00:29:34 [38;5;009m[ERROR]: [0mThis is a error message from thread 2718-09-2026 00:29:34 [38;5;117m[DEBUG]: [0mThis is a debug message from thread 2418-09-2026 00:29:34 [38;5;015m[INFO]: [0mThis is a info message from thread 1518-09-2026 00:29:34 [38;5;015m[INFO]: [0mThis is a info message from thread 018-09-2026 00:29:34 [38;5;015m[INFO]: [0mThis is a info message from thread 2318-09-2026 00:29:34 [38;5;015m[INFO]: [0mThis is a info message from thread 2918-09-2026 00:29:34 [38;5;009m[ERROR]: [0mThis is a error message from thread 018-09-2026 00:29:34 [38;5;117m[DEBUG]: [0mThis is a debug message from thread 618-09-2026 00:29:34 [38;5;117m[DEBUG]: [0mThis is a debug message from thread 2118-09-2026 00:29:34 [38;5;009m[ERROR]: [0mThis is a error message from thread 518-09-2026 00:29:34 [38;5;009m[ERROR]: [0mThis is a error message from thread 118-09-2026 00:29:34 [38;5;015m[INFO]: [0mThis is a info message from thread 318-09-2026 00:29:34 [38;5;015m[INFO]: [0mThis is a info message from thread 1718-09-2026 00:29:34 [38;5;015m[INFO]: [0mThis is a info message from thread 1918-09-2026 00:29:34 [38;5;015m[INFO]: [0mThis is a info message from thread 1018-09-2026 00:29:34 [38;5;009m[ERROR]: [0mThis is a error message from thread 2318-09-2026 00:29:34 [38;5;117m[DEBUG]: [0mThis is a debug message from thread 2718-09-2026 00:29:34 [38;5;009m[ERROR]: [0mThis is a error message from thread 1018-09-2026 00:29:34 [38;5;117m[DEBUG]: [0mThis is a debug message from thread 2318-09-2026 00:29:34 [38;5;117m[DEBUG]: [0mThis is a debug message from thread 118-09-2026 00:29:34 [38;5;009m[ERROR]: [0mThis is a error message from thread 1918-09-2026 00:29:34 [38;5;009m[ERROR]: [0mThis is a error message from thread 1718-09-2026 00:29:34 [38;5;117m[DEBUG]: [0mThis is a debug message from thread 1918-09-2026 00:29:34 [38;5;015m[INFO]: [0mThis is a info message from thread 1918-09-2026 00:29:34 [38;5;015m[INFO]: [0mThis is a info message from thread 2718-09-2026 00:29:34 [38;5;117m[DEBUG]: [0mThis is a debug message from thread 518-09-2026 00:29:34 [38;5;009m[ERROR]: [0mThis is a error message from thread 1518-09-2026 00:29:34 [38;5;015m[INFO]: [0mThis is a info message from thread 418-09-2026 00:29:34 [38;5;009m[ERROR]: [0mThis is a error message from thread 1918-09-2026 00:29:34 [38;5;117m[DEBUG]: [0mThis is a debug message from thread 1918-09-2026 00:29:34 [38;5;009m[ERROR]: [0mThis is a error message from thread 418-09-2026 00:29:34 [38;5;015m[INFO]: [0mThis is a info message from thread 518-09-2026 00:29:34 [38;5;117m[DEBUG]: [0mThis is a debug message from thread 1718-09-2026 00:29:34 [38;5;015m[INFO]: [0mThis is a info message from thread 1818-09-2026 00:29:34 [38;5;009m[ERROR]: [0mThis is a error message from thread 318-09-2026 00:29:34 [38;5;117m[DEBUG]: [0mThis is a debug message from thread 418-09-2026 00:29:34 [38;5;009m[ERROR]: [0mThis is a error message from thread 518-09-2026 00:29:34 [38;5;015m[INFO]: [0mThis is a info message from thread 1318-09-2026 00:29:34 [38;5;009m[ERROR]: [0mThis is a error message from thread 2918-09-2026 00:29:34 [38;5;015m[INFO]: [0mThis is a info message from thread 118-09-2026 00:29:34 [38;5;015m[INFO]: [0mThis is a info message from thread 2118-09-2026 00:29:34 [38;5;117m[DEBUG]: [0mThis is a debug message from thread 1518-09-2026 00:29:34 [38;5;117m[DEBUG]: [0mThis is a debug message from thread 2918-09-2026 00:29:34 [38;5;015m[INFO]: [0mThis is a info message from thread 2918-09-2026 00:29:34 [38;5;009m[ERROR]: [0mThis is a error message from thread 118-09-2026 00:29:34 [38;5;015m[INFO]: [0mThis is a info message from thread 1518-09-2026 00:29:34 [38;5;009m[ERROR]: [0mThis is a error message from thread 2118-09-2026 00:29:34 [38;5;117m[DEBUG]: [0mThis is a debug message from thread 318-09-2026 00:29:34 [38;5;117m[DEBUG]: [0mThis is a debug message from thread 2618-09-2026 00:29:34 [38;5;015m[INFO]: [0mThis is a info message from thread 418-09-2026 00:29:34 [38;5;009m[ERROR]: [0mThis is a error message from thread 1818-09-2026 00:29:34 [38;5;117m[DEBUG]: [0mThis is a debug message from thread 2218-09-2026 00:29:34 [38;5;117m[DEBUG]: [0mThis is a debug message from thread 1818-09-2026 00:29:34 [38;5;117m[DEBUG]: [0mThis is a debug message from thread 518-09-2026 00:29:34 [38;5;117m[DEBUG]: [0mThis is a debug message from thread 2118-09-2026 00:29:34 [38;5;117m[DEBUG]: [0mThis is a debug message from thread 118-09-2026 00:29:34 [38;5;015m[INFO]: [0mThis is a info message from thread 2118-09-2026 00:29:34 [38;5;015m[INFO]: [0mThis is a info message from thread 1818-09-2026 00:29:34 [38;5;009m[ERROR]: [0mThis is a error message from thread 1818-09-2026 00:29:34 [38;5;015m[INFO]: [0mThis is a info message from thread 118-09-2026 00:29:34 [38;5;009m[ERROR]: [0mThis is a error message from thread 818-09-2026 00:29:34 [38;5;009m[ERROR]: [0mThis is a error message from thread 1518-09-2026 00:29:34 [38;5;009m[ERROR]: [0mThis is a error message from thread 2118-09-2026 00:29:34 [38;5;015m[INFO]: [0mThis is a info message from thread 518-09-2026 00:29:34 [38;5;009m[ERROR]: [0mThis is a error message from thread 2818-09-2026 00:29:34 [38;5;117m[DEBUG]: [0mThis is a debug message from thread 1818-09-2026 00:29:34 [38;5;009m[ERROR]: [0mThis is a error message from thread 418-09-2026 00:29:34 [38;5;117m[DEBUG]: [0mThis is a debug message from thread 2818-09-2026 00:29:34 [38;5;015m[INFO]: [0mThis is a info message from thread 2818-09-2026 00:29:34 [38;5;009m[ERROR]: [0mThis is a error message from thread 2818-09-2026 00:29:34 [38;5;015m[INFO]: [0mThis is a info message from thread 1818-09-2026 00:29:34 [38;5;009m[ERROR]: [0mThis is a error message from thread 518-09-2026 00:29:34 [38;5;117m[DEBUG]: [0mThis is a debug message from thread 2818-09-2026 00:29:34 [38;5;015m[INFO]: [0mThis is a info message from thread 2818-09-2026 00:29:34 [38;5;009m[ERROR]: [0mThis is a error message from thread 2818-09-2026 00:29:34 [38;5;117m[DEBUG]: [0mThis is a debug message from thread 418-09-2026 00:29:34 [38;5;117m[DEBUG]: [0mThis is a debug message from thread 518-09-2026 00:29:34 [38;5;009m[ERROR]: [0mThis is a error message from thread 2718-09-2026 00:29:34 [38;5;009m[ERROR]: [0mThis is a error message from thread 1818-09-2026 00:29:34 [38;5;015m[INFO]: [0mThis is a info message from thread 2218-09-2026 00:29:34 [38;5;015m[INFO]: [0mThis is a info message from thread 1118-09-2026 00:29:34 [38;5;009m[ERROR]: [0mThis is a error message from thread 2218-09-2026 00:29:34 [38;5;117m[DEBUG]: [0mThis is a debug message from thread 1518-09-2026 00:29:34 [38;5;015m[INFO]: [0mThis is a info message from thread 2418-09-2026 00:29:34 [38;5;117m[DEBUG]: [0mThis is a debug message from thread 2118-09-2026 00:29:34 [38;5;015m[INFO]: [0mThis is a info message from thread 318-09-2026 00:29:34 [38;5;015m[INFO]: [0mThis is a info message from thread 718-09-2026 00:29:34 [38;5;015m[INFO]: [0mThis is a info message from thread 1518-09-2026 00:29:34 [38;5;009m[ERROR]: [0mThis is a error message from thread 1518-09-2026 00:29:34 [38;5;015m[INFO]: [0mThis is a info message from thread 518-09-2026 00:29:34 [38;5;117m[DEBUG]: [0mThis is a debug message from thread 1818-09-2026 00:29:34 [38;5;117m[DEBUG]: [0mThis is a debug message from thread 1418-09-2026 00:29:34 [38;5;015m[INFO]: [0mThis is a info message from thread 1818-09-2026 00:29:34 [38;5;117m[DEBUG]: [0mThis is a debug message from thread 2718-09-2026 00:29:34 [38;5;015m[INFO]: [0mThis is a info message from thread 418-09-2026 00:29:34 [38;5;009m[ERROR]: [0mThis is a error message from thread 518-09-2026 00:29:34 [38;5;117m[DEBUG]: [0mThis is a debug message from thread 2218-09-2026 00:29:34 [38;5;117m[DEBUG]: [0mThis is a debug message from thread 018-09-2026 00:29:34 [38;5;009m[ERROR]: [0mThis is a error message from thread 2918-09-2026 00:29:34 [38;5;117m[DEBUG]: [0mThis is a debug message from thread 818-09-2026 00:29:34 [38;5;117m[DEBUG]: [0mThis is a debug message from thread 918-09-2026 00:29:34 [38;5;009m[ERROR]: [0mThis is a error message from thread 318-09-2026 00:29:34 [38;5;015m[INFO]: [0mThis is a info message from thread 1918-09-2026 00:29:34 [38;5;117m[DEBUG]: [0mThis is a debug message from thread 318-09-2026 00:29:34 [38;5;117m[DEBUG]: [0mThis is a debug message from thread 2918-09-2026 00:29:34 [38;5;015m[INFO]: [0mThis is a info message from thread 818-09-2026 00:29:34 [38;5;117m[DEBUG]: [0mThis is a debug message from thread 518-09-2026 00:29:34 [38;5;015m[INFO]: [0mThis is a info message from thread 018-09-2026 00:29:34 [38;5;117m[DEBUG]: [0mThis is a debug message from thread 1518-09-2026 00:29:34 [38;5;117m[DEBUG]: [0mThis is a debug message from thread 2018-09-2026 00:29:34 [38;5;117m[DEBUG]: [0mThis is a debug message from thread 1018-09-2026 00:29:34 [38;5;015m[INFO]: [0mThis is a info message from thread 1018-09-2026 00:29:34 [38;5;015m[INFO]: [0mThis is a info message from thread 318-09-2026 00:29:34 [38;5;015m[INFO]: [0mThis is a info message from thread 2218-09-2026 00:29:34 [38;5;009m[ERROR]: [0mThis is a error message from thread 1918-09-2026 00:29:34 [38;5;009m[ERROR]: [0mThis is a error message from thread 018-09-2026 00:29:34 [38;5;015m[INFO]: [0mThis is a info message from thread 518-09-2026 00:29:34 [38;5;009m[ERROR]: [0mThis is a error message from thread 518-09-2026 00:29:34 [38;5;117m[DEBUG]: [0mThis is a debug message from thread 018-09-2026 00:29:34 [38;5;015m[INFO]: [0mThis is a info message from thread 918-09-2026 00:29:34 [38;5;015m[INFO]: [0mThis is a info message from thread 2718-09-2026 00:29:34 [38;5;015m[INFO]: [0mThis is a info message from thread 1718-09-2026 00:29:34 [38;5;015m[INFO]: [0mThis is a info message from thread 2518-09-2026 00:29:34 [38;5;015m[INFO]: [0mThis is a info message from thread 2918-09-2026 00:29:34 [38;5;009m[ERROR]: [0mThis is a error message from thread 1718-09-2026 00:29:34 [38;5;009m[ERROR]: [0mThis is a error message from thread 2518-09-2026 00:29:34 [38;5;009m[ERROR]: [0mThis is a error message from thread 2218-09-2026 00:29:34 [38;5;009m[ERROR]: [0mThis is a error message from thread 1018-09-2026 00:29:34 [38;5;117m[DEBUG]: [0mThis is a debug message from thread 2218-09-2026 00:29:34 [38;5;009m[ERROR]: [0mThis is a error message from thread 818-09-2026 00:29:34 [38;5;015m[INFO]: [0mThis is a info message from thread 1518-09-2026 00:29:34 [38;5;009m[ERROR]: [0mThis is a error message from thread 918-09-2026 00:29:34 [38;5;117m[DEBUG]: [0mThis is a debug message from thread 1618-09-2026 00:29:34 [38;5;009m[ERROR]: [0mThis is a error message from thread 318-09-2026 00:29:34 [38;5;009m[ERROR]: [0mThis is a error message from thread 1518-09-2026 00:29:34 [38;5;009m[ERROR]: [0mThis is a error message from thread 718-09-2026 00:29:34 [38;5;117m[DEBUG]: [0mThis is a debug message from thread 1018-09-2026 00:29:34 [38;5;117m[DEBUG]: [0mThis is a debug message from thread 918-09-2026 00:29:34 [38;5;117m[DEBUG]: [0mThis is a debug message from thread 2518-09-2026 00:29:34 [38;5;015m[INFO]: [0mThis is a info message from thread 918-09-2026 00:29:34 [38;5;117m[DEBUG]: [0mThis is a debug message from thread 2818-09-2026 00:29:34 [38;5;117m[DEBUG]: [0mThis is a debug message from thread 1718-09-2026 00:29:34 [38;5;015m[INFO]: [0mThis is a info message from thread 018-09-2026 00:29:34 [38;5;015m[INFO]: [0mThis is a info message from thread 2518-09-2026 00:29:34 [38;5;015m[INFO]: [0mThis is a info message from thread 2218-09-2026 00:29:34 [38;5;015m[INFO]: [0mThis is a info message from thread 1718-09-2026 00:29:34 [38;5;009m[ERROR]: [0mThis is a error message from thread 2518-09-2026 00:29:34 [38;5;117m[DEBUG]: [0mThis is a debug message from thread 718-09-2026 00:29:34 [38;5;009m[ERROR]: [0mThis is a error message from thread 1118-09-2026 00:29:34 [38;5;015m[INFO]: [0mThis is a info message from thread 1418-09-2026 00:29:34 [38;5;117m[DEBUG]: [0mThis is a debug message from thread 1518-09-2026 00:29:34 [38;5;009m[ERROR]: [0mThis is a error message from thread 018-09-2026 00:29:34 [38;5;015m[INFO]: [0mThis is a info message from thread 2818-09-2026 00:29:34 [38;5;117m[DEBUG]: [0mThis is a debug message from thread 518-09-2026 00:29:34 [38;5;117m[DEBUG]: [0mThis is a debug message from thread 1118-09-2026 00:29:34 [38;5;117m[DEBUG]: [0mThis is a debug message from thread 2518-09-2026 00:29:34 [38;5;015m[INFO]: [0mThis is a info message from thread 618-09-2026 00:29:34 [38;5;009m[ERROR]: [0mThis is a error message from thread 918-09-2026 00:29:34 [38;5;117m[DEBUG]: [0mThis is a debug message from thread 318-09-2026 00:29:34 [38;5;009m[ERROR]: [0mThis is a error message from thread 2218-09-2026 00:29:34 [38;5;015m[INFO]: [0mThis is a info message from thread 2518-09-2026 00:29:34 [38;5;009m[ERROR]: [0mThis is a error message from thread 2818-09-2026 00:29:34 [38;5;015m[INFO]: [0mThis is a info message from thread 518-09-2026 00:29:34 [38;5;015m[INFO]: [0mThis is a info message from thread 2118-09-2026 00:29:34 [38;5;117m[DEBUG]: [0mThis is a debug message from thread 018-09-2026 00:29:34 [38;5;117m[DEBUG]: [0mThis is a debug message from thread 918-09-2026 00:29:34 [38;5;009m[ERROR]: [0mThis is a error message from thread 418-09-2026 00:29:34 [38;5;015m[INFO]: [0mThis is a info message from thread 1518-09-2026 00:29:34 [38;5;117m[DEBUG]: [0mThis is a debug message from thread 2218-09-2026 00:29:34 [38;5;009m[ERROR]: [0mThis is a error message from thread 1818-09-2026 00:29:34 [38;5;009m[ERROR]: [0mThis is a error message from thread 218-09-2026 00:29:34 [38;5;015m[INFO]: [0mThis is a info message from thread 318-09-2026 00:29:34 [38;5;117m[DEBUG]: [0mThis is a debug message from thread 1818-09-2026 00:29:34 [38;5;117m[DEBUG]: [0mThis is a debug message from thread 818-09-2026 00:29:34 [38;5;009m[ERROR]: [0mThis is a error message from thread 518-09-2026 00:29:34 [38;5;015m[INFO]: [0mThis is a info message from thread 918-09-2026 00:29:34 [38;5;117m[DEBUG]: [0mThis is a debug message from thread 518-09-2026 00:29:34 [38;5;015m[INFO]: [0mThis is a info message from thread 1218-09-2026 00:29:34 [38;5;009m[ERROR]: [0mThis is a error message from thread 2418-09-2026 00:29:34 [38;5;009m[ERROR]: [0mThis is a error message from thread 2718-09-2026 00:29:34 [38;5;117m[DEBUG]: [0mThis is a debug message from thread 218-09-2026 00:29:34 [38;5;015m[INFO]: [0mThis is a info message from thread 018-09-2026 00:29:34 [38;5;015m[INFO]: [0mThis is a info message from thread 718-09-2026 00:29:34 [38;5;015m[INFO]: [0mThis is a info message from thread 818-09-2026 00:29:34 [38;5;009m[ERROR]: [0mThis is a error message from thread 318-09-2026 00:29:34 [38;5;009m[ERROR]: [0mThis is a error message from thread 918-09-2026 00:29:34 [38;5;009m[ERROR]: [0mThis is a error message from thread 818-09-2026 00:29:34 [38;5;117m[DEBUG]: [0mThis is a debug message from thread 2718-09-2026 00:29:34 [38;5;009m[ERROR]: [0mThis is a error message from thread 1218-09-2026 00:29:34 [38;5;117m[DEBUG]: [0mThis is a debug message from thread 918-09-2026 00:29:34 [38;5;009m[ERROR]: [0mThis is a error message from thread 1518-09-2026 00:29:34 [38;5;009m[ERROR]: [0mThis is a error message from thread 1318-09-2026 00:29:34 [38;5;009m[ERROR]: [0mThis is a error message from thread 2918-09-2026 00:29:34 [38;5;015m[INFO]: [0mThis is a info message from thread 1618-09-2026 00:29:34 [38;5;015m[INFO]: [0mThis is a info message from thread 518-09-2026 00:29:34 [38;5;015m[INFO]: [0mThis is a info message from thread 918-09-2026 00:29:34 [38;5;117m[DEBUG]: [0mThis is a debug message from thread 1218-09-2026 00:29:34 [38;5;009m[ERROR]: [0mThis is a error message from thread 018-09-2026 00:29:34 [38;5;117m[DEBUG]: [0mThis is a debug message from thread 2918-09-2026 00:29:34 [38;5;015m[INFO]: [0mThis is a info message from thread 2318-09-2026 00:29:34 [38;5;015m[INFO]: [0mThis is a info message from thread 2618-09-2026 00:29:34 [38;5;117m[DEBUG]: [0mThis is a debug message from thread 818-09-2026 00:29:34 [38;5;015m[INFO]: [0mThis is a info message from thread 2018-09-2026 00:29:34 [38;5;015m[INFO]: [0mThis is a info message from thread 2718-09-2026 00:29:34 [38;5;009m[ERROR]: [0mThis is a error message from thread 618-09-2026 00:29:34 [38;5;009m[ERROR]: [0mThis is a error message from thread 1418-09-2026 00:29:34 [38;5;009m[ERROR]: [0mThis is a error message from thread 2518-09-2026 00:29:34 [38;5;117m[DEBUG]: [0mThis is a debug message from thread 1518-09-2026 00:29:34 [38;5;009m[ERROR]: [0mThis is a error message from thread 2118-09-2026 00:29:34 [38;5;015m[INFO]: [0mThis is a info message from thread 2918-09-2026 00:29:34 [38;5;015m[INFO]: [0mThis is a info message from thread 1218-09-2026 00:29:34 [38;5;009m[ERROR]: [0mThis is a error message from thread 118-09-2026 00:29:34 [38;5;009m[ERROR]: [0mThis is a error message from thread 2918-09-2026 00:29:34 [38;5;015m[INFO]: [0mThis is a info message from thread 1818-09-2026 00:29:34 [38;5;117m[DEBUG]: [0mThis is a debug message from thread 2918-09-2026 00:29:34 [38;5;117m[DEBUG]: [0mThis is a debug message from thread 2118-09-2026 00:29:34 [38;5;015m[INFO]: [0mThis is a info message from thread 818-09-2026 00:29:34 [38;5;009m[ERROR]: [0mThis is a error message from thread 2618-09-2026 00:29:34 [38;5;117m[DEBUG]: [0mThis is a debug message from thread 2518-09-2026 00:29:34 [38;5;117m[DEBUG]: [0mThis is a debug message from thread 018-09-2026 00:29:34 [38;5;015m[INFO]: [0mThis is a info message from thread 2218-09-2026 00:29:34 [38;5;009m[ERROR]: [0mThis is a error message from thread 1818-09-2026 00:29:34 [38;5;009m[ERROR]: [0mThis is a error message from thread 718-09-2026 00:29:34 [38;5;117m[DEBUG]: [0mThis is a debug message from thread 1918-09-2026 00:29:34 [38;5;117m[DEBUG]: [0mThis is a debug message from thread 2818-09-2026 00:29:34 [38;5;015m[INFO]: [0mThis is a info message from thread 2118-09-2026 00:29:34 [38;5;117m[DEBUG]: [0mThis is a debug message from thread 118-09-2026 00:29:34 [38;5;009m[ERROR]: [0mThis is a error message from thread 1218-09-2026 00:29:34 [38;5;009m[ERROR]: [0mThis is a error message from thread 2318-09-2026 00:29:34 [38;5;009m[ERROR]: [0mThis is a error message from thread 1618-09-2026 00:29:34 [38;5;015m[INFO]: [0mThis is a info message from thread 118-09-2026 00:29:34 [38;5;117m[DEBUG]: [0mThis is a debug message from thread 2618-09-2026 00:29:34 [38;5;117m[DEBUG]: [0mThis is a debug message from thread 2318-09-2026 00:29:34 [38;5;015m[INFO]: [0mThis is a info message from thread 1918-09-2026 00:29:34 [38;5;009m[ERROR]: [0mThis is a error message from thread 1718-09-2026 00:29:34 [38;5;015m[INFO]: [0mThis is a info message from thread 1518-09-2026 00:29:34 [38;5;117m[DEBUG]: [0mThis is a debug message from thread 2418-09-2026 00:29:34 [38;5;009m[ERROR]: [0mThis is a error message from thread 518-09-2026 00:29:34 [38;5;117m[DEBUG]: [0mThis is a debug message from thread 1618-09-2026 00:29:34 [38;5;015m[INFO]: [0mThis is a info message from thread 018-09-2026 00:29:34 [38;5;015m[INFO]: [0mThis is a info message from thread 2418-09-2026 00:29:34 [38;5;009m[ERROR]: [0mThis is a error message from thread 118-09-2026 00:29:34 [38;5;015m[INFO]: [0mThis is a info message from thread 2318-09-2026 00:29:34 [38;5;117m[DEBUG]: [0mThis is a debug message from thread 1318-09-2026 00:29:34 [38;5;117m[DEBUG]: [0mThis is a debug message from thread 518-09-2026 00:29:34 [38;5;009m[ERROR]: [0mThis is a error message from thread 2418-09-2026 00:29:34 [38;5;015m[INFO]: [0mThis is a info message from thread 2818-09-2026 00:29:34 [38;5;009m[ERROR]: [0mThis is a error message from thread 2818-09-2026 00:29:34 [38;5;009m[ERROR]: [0mThis is a error message from thread 018-09-2026 00:29:34 [38;5;015m[INFO]: [0mThis is a info message from thread 1018-09-2026 00:29:34 [38;5;015m[INFO]: [0mThis is a info message from thread 1318-09-2026 00:29:34 [38;5;009m[ERROR]: [0mThis is a error message from thread 1318-09-2026 00:29:34 [38;5;117m[DEBUG]: [0mThis is a debug message from thread 2418-09-2026 00:29:34 [38;5;009m[ERROR]: [0mThis is a error message from thread 1518-09-2026 00:29:34 [38;5;009m[ERROR]: [0mThis is a error message from thread 1018-09-2026 00:29:34 [38;5;117m[DEBUG]: [0mThis is a debug message from thread 2818-09-2026 00:29:34 [38;5;009m[ERROR]: [0mThis is a error message from thread 2218-09-2026 00:29:34 [38;5;015m[INFO]: [0mThis is a info message from thread 1618-09-2026 00:29:34 [38;5;009m[ERROR]: [0mThis is a error message from thread 2318-09-2026 00:29:34 [38;5;015m[INFO]: [0mThis is a info message from thread 518-09-2026 00:29:34 [38;5;015m[INFO]: [0mThis is a info message from thread 2818-09-2026 00:29:34 [38;5;009m[ERROR]: [0mThis is a error message from thread 2718-09-2026 00:29:34 [38;5;015m[INFO]: [0mThis is a info message from thread 2418-09-2026 00:29:34 [38;5;117m[DEBUG]: [0mThis is a debug message from thread 1718-09-2026 00:29:34 [38;5;117m[DEBUG]: [0mThis is a debug message from thread 1018-09-2026 00:29:34 [38;5;117m[DEBUG]: [0mThis is a debug message from thread 1518-09-2026 00:29:34 [38;5;009m[ERROR]: [0mThis is a error message from thread 518-09-2026 00:29:34 [38;5;117m[DEBUG]: [0mThis is a debug message from thread 2718-09-2026 00:29:34 [38;5;117m[DEBUG]: [0mThis is a debug message from thread 2318-09-2026 00:29:34 [38;5;117m[DEBUG]: [0mThis is a debug message from thread 518-09-2026 00:29:34 [38;5;015m[INFO]: [0mThis is a info message from thread 2718-09-2026 00:29:34 [38;5;015m[INFO]: [0mThis is a info message from thread 2318-09-2026 00:29:34 [38;5;015m[INFO]: [0mThis is a info message from thread 1718-09-2026 00:29:34 [38;5;117m[DEBUG]: [0mThis is a debug message from thread 2218-09-2026 00:29:34 [38;5;009m[ERROR]: [0mThis is a error message from thread 1718-09-2026 00:29:34 [38;5;117m[DEBUG]: [0mThis is a debug message from thread 118-09-2026 00:29:34 [38;5;015m[INFO]: [0mThis is a info message from thread 1518-09-2026 00:29:34 [38;5;117m[DEBUG]: [0mThis is a debug message from thread 1818-09-2026 00:29:34 [38;5;117m[DEBUG]: [0mThis is a debug message from thread 318-09-2026 00:29:34 [38;5;015m[INFO]: [0mThis is a info message from thread 518-09-2026 00:29:34 [38;5;015m[INFO]: [0mThis is a info message from thread 118-09-2026 00:29:34 [38;5;015m[INFO]: [0mThis is a info message from thread 1018-09-2026 00:29:34 [38;5;117m[DEBUG]: [0mThis is a debug message from thread 018-09-2026 00:29:34 [38;5;015m[INFO]: [0mThis is a info message from thread 218-09-2026 00:29:34 [38;5;117m[DEBUG]: [0mThis is a debug message from thread 418-09-2026 00:29:34 [38;5;015m[INFO]: [0mThis is a info message from thread 1818-09-2026 00:29:34 [38;5;009m[ERROR]: [0mThis is a error message from thread 1518-09-2026 00:29:34 [38;5;015m[INFO]: [0mThis is a info message from thread 2518-09-2026 00:29:34 [38;5;015m[INFO]: [0mThis is a info message from thread 2218-09-2026 00:29:34 [38;5;009m[ERROR]: [0mThis is a error message from thread 518-09-2026 00:29:34 [38;5;009m[ERROR]: [0mThis is a error message from thread 1618-09-2026 00:29:34 [38;5;117m[DEBUG]: [0mThis is a debug message from thread 1518-09-2026 00:29:34 [38;5;009m[ERROR]: [0mThis is a error message from thread 1818-09-2026 00:29:34 [38;5;117m[DEBUG]: [0mThis is a debug message from thread 618-09-2026 00:29:34 [38;5;015m[INFO]: [0mThis is a info message from thread 018-09-2026 00:29:34 [38;5;009m[ERROR]: [0mThis is a error message from thread 2118-09-2026 00:29:34 [38;5;117m[DEBUG]: [0mThis is a debug message from thread 1818-09-2026 00:29:34 [38;5;015m[INFO]: [0mThis is a info message from thread 418-09-2026 00:29:34 [38;5;117m[DEBUG]: [0mThis is a debug message from thread 1318-09-2026 00:29:34 [38;5;009m[ERROR]: [0mThis is a error message from thread 118-09-2026 00:29:34 [38;5;015m[INFO]: [0mThis is a info message from thread 1818-09-2026 00:29:34 [38;5;009m[ERROR]: [0mThis is a error message from thread 2518-09-2026 00:29:34 [38;5;117m[DEBUG]: [0mThis is a debug message from thread 2118-09-2026 00:29:34 [38;5;009m[ERROR]: [0mThis is a error message from thread 018-09-2026 00:29:34 [38;5;009m[ERROR]: [0mThis is a error message from thread 2718-09-2026 00:29:34 [38;5;015m[INFO]: [0mThis is a info message from thread 2918-09-2026 00:29:34 [38;5;009m[ERROR]: [0mThis is a error message from thread 418-09-2026 00:29:34 [38;5;009m[ERROR]: [0mThis is a error message from thread 2018-09-2026 00:29:34 [38;5;015m[INFO]: [0mThis is a info message from thread 1318-09-2026 00:29:34 [38;5;009m[ERROR]: [0mThis is a error message from thread 2818-09-2026 00:29:34 [38;5;015m[INFO]: [0mThis is a info message from thread 1518-09-2026 00:29:34 [38;5;009m[ERROR]: [0mThis is a error message from thread 1818-09-2026 00:29:34 [38;5;117m[DEBUG]: [0mThis is a debug message from thread 1818-09-2026 00:29:34 [38;5;009m[ERROR]: [0mThis is a error message from thread 2318-09-2026 00:29:34 [38;5;117m[DEBUG]: [0mThis is a debug message from thread 118-09-2026 00:29:34 [38;5;117m[DEBUG]: [0mThis is a debug message from thread 2318-09-2026 00:29:34 [38;5;015m[INFO]: [0mThis is a info message from thread 118-09-2026 00:29:34 [38;5;117m[DEBUG]: [0mThis is a debug message from thread 2518-09-2026 00:29:34 [38;5;117m[DEBUG]: [0mThis is a debug message from thread 1618-09-2026 00:29:34 [38;5;015m[INFO]: [0mThis is a info message from thread 2618-09-2026 00:29:34 [38;5;015m[INFO]: [0mThis is a info message from thread 2518-09-2026 00:29:34 [38;5;015m[INFO]: [0mThis is a info message from thread 1618-09-2026 00:29:34 [38;5;009m[ERROR]: [0mThis is a error message from thread 2618-09-2026 00:29:34 [38;5;009m[ERROR]: [0mThis is a error message from thread 2518-09-2026 00:29:34 [38;5;117m[DEBUG]: [0mThis is a debug message from thread 2618-09-2026 00:29:34 [38;5;009m[ERROR]: [0mThis is a error message from thread 1618-09-2026 00:29:34 [38;5;117m[DEBUG]: [0mThis is a debug message from thread 2518-09-2026 00:29:34 [38;5;117m[DEBUG]: [0mThis is a debug message from thread 1618-09-2026 00:29:34 [38;5;015m[INFO]: [0mThis is a info message from thread 2618-09-2026 00:29:34 [38;5;015m[INFO]: [0mThis is a info message from thread 2518-09-2026 00:29:34 [38;5;015m[INFO]: [0mThis is a info message from thread 1618-09-2026 00:29:34 [38;5;009m[ERROR]: [0mThis is a error message from thread 2618-09-2026 00:29:34 [38;5;009m[ERROR]: [0mThis is a error message from thread 2518-09-2026 00:29:34 [38;5;009m[ERROR]: [0mThis is a error message from thread 1618-09-2026 00:29:34 [38;5;117m[DEBUG]: [0mThis is a debug message from thread 2618-09-2026 00:29:34 [38;5;117m[DEBUG]: [0mThis is a debug message from thread 2518-09-2026 00:29:34 [38;5;117m[DEBUG]: [0mThis is a debug message from thread 1618-09-2026 00:29:34 [38;5;117m[DEBUG]: [0mThis is a debug message from thread 718-09-2026 00:29:34 [38;5;015m[INFO]: [0mThis is a info message from thread 2618-09-2026 00:29:34 [38;5;015m[INFO]: [0mThis is a info message from thread 2518-09-2026 00:29:34 [38;5;015m[INFO]: [0mThis is a info message from thread 1618-09-2026 00:29:34 [38;5;009m[ERROR]: [0mThis is a error message from thread 2618-09-2026 00:29:34 [38;5;015m[INFO]: [0mThis is a info message from thread 718-09-2026 00:29:34 [38;5;009m[ERROR]: [0mThis is a error message from thread 2518-09-2026 00:29:34 [38;5;009m[ERROR]: [0mThis is a error message from thread 718-09-2026 00:29:34 [38;5;117m[DEBUG]: [0mThis is a debug message from thread 2618-09-2026 00:29:34 [38;5;009m[ERROR]: [0mThis is a error message from thread 1618-09-2026 00:29:34 [38;5;015m[INFO]: [0mThis is a info message from thread 2118-09-2026 00:29:34 [38;5;015m[INFO]: [0mThis is a info message from thread 2618-09-2026 00:29:34 [38;5;117m[DEBUG]: [0mThis is a debug message from thread 718-09-2026 00:29:34 [38;5;009m[ERROR]: [0mThis is a error message from thread 2118-09-2026 00:29:34 [38;5;015m[INFO]: [0mThis is a info message from thread 1818-09-2026 00:29:34 [38;5;009m[ERROR]: [0mThis is a error message from thread 1018-09-2026 00:29:34 [38;5;009m[ERROR]: [0mThis is a error message from thread 2618-09-2026 00:29:34 [38;5;117m[DEBUG]: [0mThis is a debug message from thread 2118-09-2026 00:29:34 [38;5;009m[ERROR]: [0mThis is a error message from thread 218-09-2026 00:29:34 [38;5;009m[ERROR]: [0mThis is a error message from thread 118-09-2026 00:29:34 [38;5;009m[ERROR]: [0mThis is a error message from thread 1918-09-2026 00:29:34 [38;5;117m[DEBUG]: [0mThis is a debug message from thread 218-09-2026 00:29:34 [38;5;009m[ERROR]: [0mThis is a error message from thread 2418-09-2026 00:29:34 [38;5;009m[ERROR]: [0mThis is a error message from thread 1318-09-2026 00:29:34 [38;5;117m[DEBUG]: [0mThis is a debug message from thread 1718-09-2026 00:29:34 [38;5;117m[DEBUG]: [0mThis is a debug message from thread 1918-09-2026 00:29:34 [38;5;117m[DEBUG]: [0mThis is a debug message from thread 2018-09-2026 00:29:34 [38;5;015m[INFO]: [0mThis is a info message from thread 218-09-2026 00:29:34 [38;5;015m[INFO]: [0mThis is a info message from thread 1918-09-2026 00:29:34 [38;5;015m[INFO]: [0mThis is a info message from thread 2118-09-2026 00:29:34 [38;5;015m[INFO]: [0mThis is a info message from thread 1718-09-2026 00:29:34 [38;5;117m[DEBUG]: [0mThis is a debug message from thread 418-09-2026 00:29:34 [38;5;117m[DEBUG]: [0mThis is a debug message from thread 2418-09-2026 00:29:34 [38;5;117m[DEBUG]: [0mThis is a debug message from thread 1018-09-2026 00:29:34 [38;5;009m[ERROR]: [0mThis is a error message from thread 2918-09-2026 00:29:34 [38;5;015m[INFO]: [0mThis is a info message from thread 1118-09-2026 00:29:34 [38;5;015m[INFO]: [0mThis is a info message from thread 2318-09-2026 00:29:34 [38;5;009m[ERROR]: [0mThis is a error message from thread 1918-09-2026 00:29:34 [38;5;117m[DEBUG]: [0mThis is a debug message from thread 1918-09-2026 00:29:34 [38;5;117m[DEBUG]: [0mThis is a debug message from thread 518-09-2026 00:29:34 [38;5;015m[INFO]: [0mThis is a info message from thread 2418-09-2026 00:29:34 [38;5;117m[DEBUG]: [0mThis is a debug message from thread 2718-09-2026 00:29:34 [38;5;015m[INFO]: [0mThis is a info message from thread 418-09-2026 00:29:34 [38;5;015m[INFO]: [0mThis is a info message from thread 1018-09-2026 00:29:34 [38;5;009m[ERROR]: [0mThis is a error message from thread 2318-09-2026 00:29:34 [38;5;015m[INFO]: [0mThis is a info message from thread 2018-09-2026 00:29:34 [38;5;117m[DEBUG]: [0mThis is a debug message from thread 2918-09-2026 00:29:34 [38;5;009m[ERROR]: [0mThis is a error message from thread 1118-09-2026 00:29:34 [38;5;117m[DEBUG]: [0mThis is a debug message from thread 2518-09-2026 00:29:34 [38;5;015m[INFO]: [0mThis is a info message from thread 2718-09-2026 00:29:34 [38;5;009m[ERROR]: [0mThis is a error message from thread 2018-09-2026 00:29:34 [38;5;009m[ERROR]: [0mThis is a error message from thread 2418-09-2026 00:29:34 [38;5;117m[DEBUG]: [0mThis is a debug message from thread 2018-09-2026 00:29:34 [38;5;117m[DEBUG]: [0mThis is a debug message from thread 1618-09-2026 00:29:34 [38;5;009m[ERROR]: [0mThis is a error message from thread 1018-09-2026 00:29:34 [38;5;015m[INFO]: [0mThis is a info message from thread 1918-09-2026 00:29:34 [38;5;015m[INFO]: [0mThis is a info message from thread 318-09-2026 00:29:34 [38;5;117m[DEBUG]: [0mThis is a debug message from thread 2418-09-2026 00:29:34 [38;5;117m[DEBUG]: [0mThis is a debug message from thread 2318-09-2026 00:29:34 [38;5;009m[ERROR]: [0mThis is a error message from thread 2218-09-2026 00:29:34 [38;5;015m[INFO]: [0mThis is a info message from thread 618-09-2026 00:29:34 [38;5;015m[INFO]: [0mThis is a info message from thread 1618-09-2026 00:29:34 [38;5;009m[ERROR]: [0mThis is a error message from thread 1918-09-2026 00:29:34 [38;5;117m[DEBUG]: [0mThis is a debug message from thread 2218-09-2026 00:29:34 [38;5;009m[ERROR]: [0mThis is a error message from thread 318-09-2026 00:29:34 [38;5;117m[DEBUG]: [0mThis is a debug message from thread 2818-09-2026 00:29:34 [38;5;117m[DEBUG]: [0mThis is a debug message from thread 1118-09-2026 00:29:34 [38;5;009m[ERROR]: [0mThis is a error message from thread 818-09-2026 00:29:34 [38;5;015m[INFO]: [0mThis is a info message from thread 2818-09-2026 00:29:34 [38;5;009m[ERROR]: [0mThis is a error message from thread 618-09-2026 00:29:34 [38;5;117m[DEBUG]: [0mThis is a debug message from thread 1918-09-2026 00:29:34 [38;5;117m[DEBUG]: [0mThis is a debug message from thread 2618-09-2026 00:29:34 [38;5;015m[INFO]: [0mThis is a info message from thread 2018-09-2026 00:29:34 [38;5;015m[INFO]: [0mThis is a info message from thread 2218-09-2026 00:29:34 [38;5;015m[INFO]: [0mThis is a info message from thread 1918-09-2026 00:29:34 [38;5;117m[DEBUG]: [0mThis is a debug message from thread 1018-09-2026 00:29:34 [38;5;009m[ERROR]: [0mThis is a error message from thread 918-09-2026 00:29:34 [38;5;009m[ERROR]: [0mThis is a error message from thread 2218-09-2026 00:29:34 [38;5;117m[DEBUG]: [0mThis is a debug message from thread 918-09-2026 00:29:34 [38;5;015m[INFO]: [0mThis is a info message from thread 2618-09-2026 00:29:34 [38;5;009m[ERROR]: [0mThis is a error message from thread 1618-09-2026 00:29:34 [38;5;015m[INFO]: [0mThis is a info message from thread 1118-09-2026 00:29:34 [38;5;009m[ERROR]: [0mThis is a error message from thread 2818-09-2026 00:29:34 [38;5;117m[DEBUG]: [0mThis is a debug message from thread 818-09-2026 00:29:34 [38;5;009m[ERROR]: [0mThis is a error message from thread 2718-09-2026 00:29:34 [38;5;117m[DEBUG]: [0mThis is a debug message from thread 2218-09-2026 00:29:34 [38;5;015m[INFO]: [0mThis is a info message from thread 2918-09-2026 00:29:34 [38;5;015m[INFO]: [0mThis is a info message from thread 1018-09-2026 00:29:34 [38;5;015m[INFO]: [0mThis is a info message from thread 818-09-2026 00:29:34 [38;5;117m[DEBUG]: [0mThis is a debug message from thread 1318-09-2026 00:29:34 [38;5;117m[DEBUG]: [0mThis is a debug message from thread 1218-09-2026 00:29:34 [38;5;117m[DEBUG]: [0mThis is a debug message from thread 2818-09-2026 00:29:34 [38;5;015m[INFO]: [0mThis is a info message from thread 918-09-2026 00:29:34 [38;5;015m[INFO]: [0mThis is a info message from thread 1218-09-2026 00:29:34 [38;5;009m[ERROR]: [0mThis is a error message from thread 1118-09-2026 00:29:34 [38;5;009m[ERROR]: [0mThis is a error message from thread 1218-09-2026 00:29:34 [38;5;117m[DEBUG]: [0mThis is a debug message from thread 618-09-2026 00:29:34 [38;5;015m[INFO]: [0mThis is a info message from thread 2218-09-2026 00:29:34 [38;5;015m[INFO]: [0mThis is a info message from thread 1318-09-2026 00:29:34 [38;5;009m[ERROR]: [0mThis is a error message from thread 918-09-2026 00:29:34 [38;5;009m[ERROR]: [0mThis is a error message from thread 1318-09-2026 00:29:34 [38;5;117m[DEBUG]: [0mThis is a debug message from thread 1118-09-2026 00:29:34 [38;5;117m[DEBUG]: [0mThis is a debug message from thread 1318-09-2026 00:29:34 [38;5;015m[INFO]: [0mThis is a info message from thread 1318-09-2026 00:29:34 [38;5;009m[ERROR]: [0mThis is a error message from thread 1018-09-2026 00:29:34 [38;5;009m[ERROR]: [0mThis is a error message from thread 2918-09-2026 00:29:34 [38;5;117m[DEBUG]: [0mThis is a debug message from thread 1018-09-2026 00:29:34 [38;5;009m[ERROR]: [0mThis is a error message from thread 1918-09-2026 00:29:34 [38;5;009m[ERROR]: [0mThis is a error message from thread 2218-09-2026 00:29:34 [38;5;009m[ERROR]: [0mThis is a error message from thread 818-09-2026 00:29:34 [38;5;117m[DEBUG]: [0mThis is a debug message from thread 2918-09-2026 00:29:34 [38;5;009m[ERROR]: [0mThis is a error message from thread 1318-09-2026 00:29:34 [38;5;015m[INFO]: [0mThis is a info message from thread 2418-09-2026 00:29:34 [38;5;009m[ERROR]: [0mThis is a error message from thread 418-09-2026 00:29:34 [38;5;117m[DEBUG]: [0mThis is a debug message from thread 1918-09-2026 00:29:34 [38;5;009m[ERROR]: [0mThis is a error message from thread 1518-09-2026 00:29:34 [38;5;117m[DEBUG]: [0mThis is a debug message from thread 918-09-2026 00:29:34 [38;5;015m[INFO]: [0mThis is a info message from thread 2318-09-2026 00:29:34 [38;5;009m[ERROR]: [0mThis is a error message from thread 2418-09-2026 00:29:34 [38;5;117m[DEBUG]: [0mThis is a debug message from thread 318-09-2026 00:29:34 [38;5;009m[ERROR]: [0mThis is a error message from thread 218-09-2026 00:29:34 [38;5;009m[ERROR]: [0mThis is a error message from thread 1818-09-2026 00:29:34 [38;5;117m[DEBUG]: [0mThis is a debug message from thread 218-09-2026 00:29:34 [38;5;117m[DEBUG]: [0mThis is a debug message from thread 1318-09-2026 00:29:34 [38;5;015m[INFO]: [0mThis is a info message from thread 2818-09-2026 00:29:34 [38;5;117m[DEBUG]: [0mThis is a debug message from thread 418-09-2026 00:29:34 [38;5;015m[INFO]: [0mThis is a info message from thread 1918-09-2026 00:29:34 [38;5;015m[INFO]: [0mThis is a info message from thread 1018-09-2026 00:29:34 [38;5;117m[DEBUG]: [0mThis is a debug message from thread 1818-09-2026 00:29:34 [38;5;117m[DEBUG]: [0mThis is a debug message from thread 1618-09-2026 00:29:34 [38;5;009m[ERROR]: [0mThis is a error message from thread 2318-09-2026 00:29:34 [38;5;015m[INFO]: [0mThis is a info message from thread 1818-09-2026 00:29:34 [38;5;009m[ERROR]: [0mThis is a error message from thread 1718-09-2026 00:29:34 [38;5;009m[ERROR]: [0mThis is a error message from thread 2118-09-2026 00:29:34 [38;5;117m[DEBUG]: [0mThis is a debug message from thread 2318-09-2026 00:29:34 [38;5;009m[ERROR]: [0mThis is a error message from thread 2818-09-2026 00:29:34 [38;5;117m[DEBUG]: [0mThis is a debug message from thread 2418-09-2026 00:29:34 [38;5;009m[ERROR]: [0mThis is a error message from thread 2618-09-2026 00:29:34 [38;5;117m[DEBUG]: [0mThis is a debug message from thread 1518-09-2026 00:29:34 [38;5;015m[INFO]: [0mThis is a info message from thread 1318-09-2026 00:29:34 [38;5;117m[DEBUG]: [0mThis is a debug message from thread 1218-09-2026 00:29:34 [38;5;009m[ERROR]: [0mThis is a error message from thread 1018-09-2026 00:29:34 [38;5;015m[INFO]: [0mThis is a info message from thread 2318-09-2026 00:29:34 [38;5;015m[INFO]: [0mThis is a info message from thread 2418-09-2026 00:29:34 [38;5;117m[DEBUG]: [0mThis is a debug message from thread 818-09-2026 00:29:34 [38;5;015m[INFO]: [0mThis is a info message from thread 818-09-2026 00:29:34 [38;5;117m[DEBUG]: [0mThis is a debug message from thread 2818-09-2026 00:29:34 [38;5;009m[ERROR]: [0mThis is a error message from thread 2418-09-2026 00:29:34 [38;5;117m[DEBUG]: [0mThis is a debug message from thread 1718-09-2026 00:29:34 [38;5;117m[DEBUG]: [0mThis is a debug message from thread 2418-09-2026 00:29:34 [38;5;009m[ERROR]: [0mThis is a error message from thread 818-09-2026 00:29:34 [38;5;015m[INFO]: [0mThis is a info message from thread 1218-09-2026 00:29:34 [38;5;009m[ERROR]: [0mThis is a error message from thread 1218-09-2026 00:29:34 [38;5;117m[DEBUG]: [0mThis is a debug message from thread 1218-09-2026 00:29:34 [38;5;117m[DEBUG]: [0mThis is a debug message from thread 818-09-2026 00:29:34 [38;5;015m[INFO]: [0mThis is a info message from thread 1718-09-2026 00:29:34 [38;5;015m[INFO]: [0mThis is a info message from thread 918-09-2026 00:29:34 [38;5;015m[INFO]: [0mThis is a info message from thread 1218-09-2026 00:29:34 [38;5;117m[DEBUG]: [0mThis is a debug message from thread 1018-09-2026 00:29:34 [38;5;009m[ERROR]: [0mThis is a error message from thread 2318-09-2026 00:29:34 [38;5;015m[INFO]: [0mThis is a info message from thread 518-09-2026 00:29:34 [38;5;015m[INFO]: [0mThis is a info message from thread 618-09-2026 00:29:34 [38;5;117m[DEBUG]: [0mThis is a debug message from thread 2718-09-2026 00:29:34 [38;5;117m[DEBUG]: [0mThis is a debug message from thread 018-09-2026 00:29:34 [38;5;015m[INFO]: [0mThis is a info message from thread 718-09-2026 00:29:34 [38;5;015m[INFO]: [0mThis is a info message from thread 2418-09-2026 00:29:34 [38;5;009m[ERROR]: [0mThis is a error message from thread 1718-09-2026 00:29:34 [38;5;117m[DEBUG]: [0mThis is a debug message from thread 2318-09-2026 00:29:34 [38;5;015m[INFO]: [0mThis is a info message from thread 818-09-2026 00:29:34 [38;5;015m[INFO]: [0mThis is a info message from thread 2918-09-2026 00:29:34 [38;5;015m[INFO]: [0mThis is a info message from thread 1118-09-2026 00:29:34 [38;5;117m[DEBUG]: [0mThis is a debug message from thread 2218-09-2026 00:29:34 [38;5;117m[DEBUG]: [0mThis is a debug message from thread 2618-09-2026 00:29:34 [38;5;117m[DEBUG]: [0mThis is a debug message from thread 1418-09-2026 00:29:34 [38;5;015m[INFO]: [0mThis is a info message from thread 1418-09-2026 00:29:34 [38;5;015m[INFO]: [0mThis is a info message from thread 1018-09-2026 00:29:34 [38;5;009m[ERROR]: [0mThis is a error message from thread 518-09-2026 00:29:34 [38;5;009m[ERROR]: [0mThis is a error message from thread 1018-09-2026 00:29:34 [38;5;117m[DEBUG]: [0mThis is a debug message from thread 518-09-2026 00:29:34 [38;5;117m[DEBUG]: [0mThis is a debug message from thread 1018-09-2026 00:29:34 [38;5;015m[INFO]: [0mThis is a info message from thread 518-09-2026 00:29:34 [38;5;117m[DEBUG]: [0mThis is a debug message from thread 118-09-2026 00:29:34 [38;5;015m[INFO]: [0mThis is a info message from thread 318-09-2026 00:29:34 [38;5;009m[ERROR]: [0mThis is a error message from thread 2018-09-2026 00:29:34 [38;5;015m[INFO]: [0mThis is a info message from thread 418-09-2026 00:29:34 [38;5;015m[INFO]: [0mThis is a info message from thread 2818-09-2026 00:29:34 [38;5;015m[INFO]: [0mThis is a info message from thread 218-09-2026 00:29:34 [38;5;009m[ERROR]: [0mThis is a error message from thread 1818-09-2026 00:29:34 [38;5;009m[ERROR]: [0mThis is a error message from thread 218-09-2026 00:29:34 [38;5;015m[INFO]: [0mThis is a info message from thread 2518-09-2026 00:29:34 [38;5;015m[INFO]: [0mThis is a info message from thread 1518-09-2026 00:29:34 [38;5;117m[DEBUG]: [0mThis is a debug message from thread 218-09-2026 00:29:34 [38;5;009m[ERROR]: [0mThis is a error message from thread 2518-09-2026 00:29:34 [38;5;009m[ERROR]: [0mThis is a error message from thread 1518-09-2026 00:29:34 [38;5;117m[DEBUG]: [0mThis is a debug message from thread 2518-09-2026 00:29:34 [38;5;009m[ERROR]: [0mThis is a error message from thread 1318-09-2026 00:29:34 [38;5;117m[DEBUG]: [0mThis is a debug message from thread 1518-09-2026 00:29:34 [38;5;015m[INFO]: [0mThis is a info message from thread 1618-09-2026 00:29:34 [38;5;117m[DEBUG]: [0mThis is a debug message from thread 1318-09-2026 00:29:34 [38;5;015m[INFO]: [0mThis is a info message from thread 1518-09-2026 00:29:34 [38;5;015m[INFO]: [0mThis is a info message from thread 1318-09-2026 00:29:34 [38;5;117m[DEBUG]: [0mThis is a debug message from thread 1718-09-2026 00:29:34 [38;5;015m[INFO]: [0mThis is a info message from thread 2618-09-2026 00:29:34 [38;5;009m[ERROR]: [0mThis is a error message from thread 1118-09-2026 00:29:34 [38;5;009m[ERROR]: [0mThis is a error message from thread 1618-09-2026 00:29:34 [38;5;015m[INFO]: [0mThis is a info message from thread 1718-09-2026 00:29:34 [38;5;009m[ERROR]: [0mThis is a error message from thread 1318-09-2026 00:29:34 [38;5;009m[ERROR]: [0mThis is a error message from thread 2618-09-2026 00:29:34 [38;5;117m[DEBUG]: [0mThis is a debug message from thread 1618-09-2026 00:29:34 [38;5;117m[DEBUG]: [0mThis is a debug message from thread 1118-09-2026 00:29:34 [38;5;009m[ERROR]: [0mThis is a error message from thread 1718-09-2026 00:29:34 [38;5;009m[ERROR]: [0mThis is a error message from thread 1218-09-2026 00:29:34 [38;5;117m[DEBUG]: [0mThis is a debug message from thread 2618-09-2026 00:29:34 [38;5;015m[INFO]: [0mThis is a info message from thread 1118-09-2026 00:29:34 [38;5;117m[DEBUG]: [0mThis is a debug message from thread 1218-09-2026 00:29:34 [38;5;009m[ERROR]: [0mThis is a error message from thread 1918-09-2026 00:29:34 [38;5;009m[ERROR]: [0mThis is a error message from thread 1118-09-2026 00:29:34 [38;5;117m[DEBUG]: [0mThis is a debug message from thread 1718-09-2026 00:29:34 [38;5;117m[DEBUG]: [0mThis is a debug message from thread 1918-09-2026 00:29:34 [38;5;117m[DEBUG]: [0mThis is a debug message from thread 1118-09-2026 00:29:34 [38;5;009m[ERROR]: [0mThis is a error message from thread 518-09-2026 00:29:34 [38;5;015m[INFO]: [0mThis is a info message from thread 1718-09-2026 00:29:34 [38;5;015m[INFO]: [0mThis is a info message from thread 1118-09-2026 00:29:34 [38;5;009m[ERROR]: [0mThis is a error message from thread 618-09-2026 00:29:34 [38;5;009m[ERROR]: [0mThis is a error message from thread 1718-09-2026 00:29:34 [38;5;015m[INFO]: [0mThis is a info message from thread 018-09-2026 00:29:34 [38;5;009m[ERROR]: [0mThis is a error message from thread 2818-09-2026 00:29:34 [38;5;117m[DEBUG]: [0mThis is a debug message from thread 1818-09-2026 00:29:34 [38;5;009m[ERROR]: [0mThis is a error message from thread 1118-09-2026 00:29:34 [38;5;015m[INFO]: [0mThis is a info message from thread 218-09-2026 00:29:34 [38;5;117m[DEBUG]: [0mThis is a debug message from thread 1118-09-2026 00:29:34 [38;5;117m[DEBUG]: [0mThis is a debug message from thread 2818-09-2026 00:29:34 [38;5;009m[ERROR]: [0mThis is a error message from thread 1418-09-2026 00:29:34 [38;5;117m[DEBUG]: [0mThis is a debug message from thread 618-09-2026 00:29:34 [38;5;015m[INFO]: [0mThis is a info message from thread 2818-09-2026 00:29:34 [38;5;117m[DEBUG]: [0mThis is a debug message from thread 1418-09-2026 00:29:34 [38;5;015m[INFO]: [0mThis is a info message from thread 1618-09-2026 00:29:34 [38;5;009m[ERROR]: [0mThis is a error message from thread 1518-09-2026 00:29:34 [38;5;009m[ERROR]: [0mThis is a error message from thread 218-09-2026 00:29:34 [38;5;015m[INFO]: [0mThis is a info message from thread 1418-09-2026 00:29:34 [38;5;009m[ERROR]: [0mThis is a error message from thread 1618-09-2026 00:29:34 [38;5;117m[DEBUG]: [0mThis is a debug message from thread 1318-09-2026 00:29:34 [38;5;015m[INFO]: [0mThis is a info message from thread 2318-09-2026 00:29:34 [38;5;015m[INFO]: [0mThis is a info message from thread 2218-09-2026 00:29:34 [38;5;009m[ERROR]: [0mThis is a error message from thread 1418-09-2026 00:29:34 [38;5;015m[INFO]: [0mThis is a info message from thread 618-09-2026 00:29:34 [38;5;015m[INFO]: [0mThis is a info message from thread 1918-09-2026 00:29:34 [38;5;009m[ERROR]: [0mThis is a error message from thread 2918-09-2026 00:29:34 [38;5;015m[INFO]: [0mThis is a info message from thread 2518-09-2026 00:29:34 [38;5;117m[DEBUG]: [0mThis is a debug message from thread 1418-09-2026 00:29:34 [38;5;009m[ERROR]: [0mThis is a error message from thread 1918-09-2026 00:29:34 [38;5;117m[DEBUG]: [0mThis is a debug message from thread 2118-09-2026 00:29:34 [38;5;015m[INFO]: [0mThis is a info message from thread 2618-09-2026 00:29:34 [38;5;009m[ERROR]: [0mThis is a error message from thread 2518-09-2026 00:29:34 [38;5;009m[ERROR]: [0mThis is a error message from thread 618-09-2026 00:29:34 [38;5;009m[ERROR]: [0mThis is a error message from thread 2218-09-2026 00:29:34 [38;5;015m[INFO]: [0mThis is a info message from thread 1218-09-2026 00:29:34 [38;5;015m[INFO]: [0mThis is a info message from thread 1018-09-2026 00:29:34 [38;5;117m[DEBUG]: [0mThis is a debug message from thread 1618-09-2026 00:29:34 [38;5;117m[DEBUG]: [0mThis is a debug message from thread 1718-09-2026 00:29:34 [38;5;117m[DEBUG]: [0mThis is a debug message from thread 1918-09-2026 00:29:34 [38;5;009m[ERROR]: [0mThis is a error message from thread 2618-09-2026 00:29:34 [38;5;117m[DEBUG]: [0mThis is a debug message from thread 218-09-2026 00:29:34 [38;5;117m[DEBUG]: [0mThis is a debug message from thread 2918-09-2026 00:29:34 [38;5;117m[DEBUG]: [0mThis is a debug message from thread 518-09-2026 00:29:34 [38;5;015m[INFO]: [0mThis is a info message from thread 118-09-2026 00:29:34 [38;5;117m[DEBUG]: [0mThis is a debug message from thread 2218-09-2026 00:29:34 [38;5;015m[INFO]: [0mThis is a info message from thread 1718-09-2026 00:29:34 [38;5;117m[DEBUG]: [0mThis is a debug message from thread 1518-09-2026 00:29:34 [38;5;009m[ERROR]: [0mThis is a error message from thread 418-09-2026 00:29:34 [38;5;015m[INFO]: [0mThis is a info message from thread 1318-09-2026 00:29:34 [38;5;009m[ERROR]: [0mThis is a error message from thread 1018-09-2026 00:29:34 [38;5;009m[ERROR]: [0mThis is a error message from thread 2418-09-2026 00:29:34 [38;5;009m[ERROR]: [0mThis is a error message from thread 018-09-2026 00:29:34 [38;5;015m[INFO]: [0mThis is a info message from thread 2918-09-2026 00:29:34 [38;5;015m[INFO]: [0mThis is a info message from thread 1518-09-2026 00:29:34 [38;5;015m[INFO]: [0mThis is a info message from thread 2218-09-2026 00:29:34 [38;5;117m[DEBUG]: [0mThis is a debug message from thread 418-09-2026 00:29:34 [38;5;009m[ERROR]: [0mThis is a error message from thread 1318-09-2026 00:29:34 [38;5;009m[ERROR]: [0mThis is a error message from thread 2918-09-2026 00:29:34 [38;5;117m[DEBUG]: [0mThis is a debug message from thread 2418-09-2026 00:29:34 [38;5;117m[DEBUG]: [0mThis is a debug message from thread 018-09-2026 00:29:34 [38;5;117m[DEBUG]: [0mThis is a debug message from thread 1018-09-2026 00:29:34 [38;5;015m[INFO]: [0mThis is a info message from thread 518-09-2026 00:29:34 [38;5;009m[ERROR]: [0mThis is a error message from thread 1518-09-2026 00:29:34 [38;5;009m[ERROR]: [0mThis is a error message from thread 1718-09-2026 00:29:34 [38;5;015m[INFO]: [0mThis is a info message from thread 418-09-2026 00:29:34 [38;5;117m[DEBUG]: [0mThis is a debug message from thread 2918-09-2026 00:29:34 [38;5;117m[DEBUG]: [0mThis is a debug message from thread 1718-09-2026 00:29:34 [38;5;015m[INFO]: [0mThis is a info message from thread 2418-09-2026 00:29:34 [38;5;015m[INFO]: [0mThis is a info message from thread 2918-09-2026 00:29:34 [38;5;009m[ERROR]: [0mThis is a error message from thread 2418-09-2026 00:29:34 [38;5;117m[DEBUG]: [0mThis is a debug message from thread 1518-09-2026 00:29:34 [38;5;009m[ERROR]: [0mThis is a error message from thread 118-09-2026 00:29:34 [38;5;117m[DEBUG]: [0mThis is a debug message from thread 1318-09-2026 00:29:34 [38;5;015m[INFO]: [0mThis is a info message from thread 2718-09-2026 00:29:34 [38;5;015m[INFO]: [0mThis is a info message from thread 1518-09-2026 00:29:34 [38;5;009m[ERROR]: [0mThis is a error message from thread 1518-09-2026 00:29:34 [38;5;009m[ERROR]: [0mThis is a error message from thread 2918-09-2026 00:29:34 [38;5;009m[ERROR]: [0mThis is a error message from thread 2718-09-2026 00:29:34 [38;5;009m[ERROR]: [0mThis is a error message from thread 418-09-2026 00:29:34 [38;5;117m[DEBUG]: [0mThis is a debug message from thread 1518-09-2026 00:29:34 [38;5;117m[DEBUG]: [0mThis is a debug message from thread 2718-09-2026 00:29:34 [38;5;015m[INFO]: [0mThis is a info message from thread 1018-09-2026 00:29:34 [38;5;117m[DEBUG]: [0mThis is a debug message from thread 118-09-2026 00:29:34 [38;5;015m[INFO]: [0mThis is a info message from thread 1318-09-2026 00:29:34 [38;5;015m[INFO]: [0mThis is a info message from thread 018-09-2026 00:29:34 [38;5;015m[INFO]: [0mThis is a info message from thread 1118-09-2026 00:29:34 [38;5;117m[DEBUG]: [0mThis is a debug message from thread 418-09-2026 00:29:34 [38;5;009m[ERROR]: [0mThis is a error message from thread 1018-09-2026 00:29:34 [38;5;117m[DEBUG]: [0mThis is a debug message from thread 2918-09-2026 00:29:34 [38;5;009m[ERROR]: [0mThis is a error message from thread 1318-09-2026 00:29:34 [38;5;009m[ERROR]: [0mThis is a error message from thread 2218-09-2026 00:29:34 [38;5;009m[ERROR]: [0mThis is a error message from thread 1118-09-2026 00:29:34 [38;5;117m[DEBUG]: [0mThis is a debug message from thread 2418-09-2026 00:29:34 [38;5;015m[INFO]: [0mThis is a info message from thread 2918-09-2026 00:29:34 [38;5;117m[DEBUG]: [0mThis is a debug message from thread 1118-09-2026 00:29:34 [38;5;009m[ERROR]: [0mThis is a error message from thread 018-09-2026 00:29:34 [38;5;009m[ERROR]: [0mThis is a error message from thread 818-09-2026 00:29:34 [38;5;015m[INFO]: [0mThis is a info message from thread 1418-09-2026 00:29:34 [38;5;015m[INFO]: [0mThis is a info message from thread 2418-09-2026 00:29:34 [38;5;117m[DEBUG]: [0mThis is a debug message from thread 2618-09-2026 00:29:34 [38;5;009m[ERROR]: [0mThis is a error message from thread 2918-09-2026 00:29:34 [38;5;015m[INFO]: [0mThis is a info message from thread 1618-09-2026 00:29:34 [38;5;015m[INFO]: [0mThis is a info message from thread 1118-09-2026 00:29:34 [38;5;015m[INFO]: [0mThis is a info message from thread 218-09-2026 00:29:34 [38;5;117m[DEBUG]: [0mThis is a debug message from thread 1018-09-2026 00:29:34 [38;5;009m[ERROR]: [0mThis is a error message from thread 1418-09-2026 00:29:34 [38;5;117m[DEBUG]: [0mThis is a debug message from thread 618-09-2026 00:29:34 [38;5;015m[INFO]: [0mThis is a info message from thread 1918-09-2026 00:29:34 [38;5;009m[ERROR]: [0mThis is a error message from thread 718-09-2026 00:29:34 [38;5;117m[DEBUG]: [0mThis is a debug message from thread 2018-09-2026 00:29:34 [38;5;009m[ERROR]: [0mThis is a error message from thread 2318-09-2026 00:29:34 [38;5;117m[DEBUG]: [0mThis is a debug message from thread 1418-09-2026 00:29:34 [38;5;009m[ERROR]: [0mThis is a error message from thread 1118-09-2026 00:29:34 [38;5;009m[ERROR]: [0mThis is a error message from thread 1918-09-2026 00:29:34 [38;5;015m[INFO]: [0mThis is a info message from thread 418-09-2026 00:29:34 [38;5;117m[DEBUG]: [0mThis is a debug message from thread 2218-09-2026 00:29:34 [38;5;015m[INFO]: [0mThis is a info message from thread 2218-09-2026 00:29:34 [38;5;009m[ERROR]: [0mThis is a error message from thread 2218-09-2026 00:29:34 [38;5;015m[INFO]: [0mThis is a info message from thread 2018-09-2026 00:29:34 [38;5;009m[ERROR]: [0mThis is a error message from thread 418-09-2026 00:29:34 [38;5;015m[INFO]: [0mThis is a info message from thread 2618-09-2026 00:29:34 [38;5;009m[ERROR]: [0mThis is a error message from thread 2018-09-2026 00:29:34 [38;5;117m[DEBUG]: [0mThis is a debug message from thread 2018-09-2026 00:29:34 [38;5;117m[DEBUG]: [0mThis is a debug message from thread 418-09-2026 00:29:34 [38;5;117m[DEBUG]: [0mThis is a debug message from thread 2218-09-2026 00:29:34 [38;5;117m[DEBUG]: [0mThis is a debug message from thread 1118-09-2026 00:29:34 [38;5;009m[ERROR]: [0mThis is a error message from thread 218-09-2026 00:29:34 [38;5;015m[INFO]: [0mThis is a info message from thread 1118-09-2026 00:29:34 [38;5;117m[DEBUG]: [0mThis is a debug message from thread 818-09-2026 00:29:34 [38;5;117m[DEBUG]: [0mThis is a debug message from thread 1918-09-2026 00:29:34 [38;5;015m[INFO]: [0mThis is a info message from thread 1018-09-2026 00:29:34 [38;5;009m[ERROR]: [0mThis is a error message from thread 1118-09-2026 00:29:34 [38;5;015m[INFO]: [0mThis is a info message from thread 1818-09-2026 00:29:34 [38;5;015m[INFO]: [0mThis is a info message from thread 2218-09-2026 00:29:34 [38;5;015m[INFO]: [0mThis is a info message from thread 118-09-2026 00:29:34 [38;5;015m[INFO]: [0mThis is a info message from thread 618-09-2026 00:29:34 [38;5;015m[INFO]: [0mThis is a info message from thread 818-09-2026 00:29:34 [38;5;009m[ERROR]: [0mThis is a error message from thread 2818-09-2026 00:29:34 [38;5;009m[ERROR]: [0mThis is a error message from thread 118-09-2026 00:29:34 [38;5;117m[DEBUG]: [0mThis is a debug message from thread 018-09-2026 00:29:34 [38;5;009m[ERROR]: [0mThis is a error message from thread 1818-09-2026 00:29:34 [38;5;117m[DEBUG]: [0mThis is a debug message from thread 218-09-2026 00:29:34 [38;5;015m[INFO]: [0mThis is a info message from thread 418-09-2026 00:29:34 [38;5;009m[ERROR]: [0mThis is a error message from thread 818-09-2026 00:29:34 [38;5;009m[ERROR]: [0mThis is a error message from thread 1618-09-2026 00:29:34 [38;5;117m[DEBUG]: [0mThis is a debug message from thread 1318-09-2026 00:29:34 [38;5;117m[DEBUG]: [0mThis is a debug message from thread 2518-09-2026 00:29:34 [38;5;009m[ERROR]: [0mThis is a error message from thread 618-09-2026 00:29:34 [38;5;015m[INFO]: [0mThis is a info message from thread 1718-09-2026 00:29:34 [38;5;015m[INFO]: [0mThis is a info message from thread 018-09-2026 00:29:34 [38;5;015m[INFO]: [0mThis is a info message from thread 2518-09-2026 00:29:34 [38;5;009m[ERROR]: [0mThis is a error message from thread 1218-09-2026 00:29:34 [38;5;117m[DEBUG]: [0mThis is a debug message from thread 1618-09-2026 00:29:34 [38;5;009m[ERROR]: [0mThis is a error message from thread 2518-09-2026 00:29:34 [38;5;009m[ERROR]: [0mThis is a error message from thread 1718-09-2026 00:29:34 [38;5;117m[DEBUG]: [0mThis is a debug message from thread 2818-09-2026 00:29:34 [38;5;015m[INFO]: [0mThis is a info message from thread 1418-09-2026 00:29:34 [38;5;015m[INFO]: [0mThis is a info message from thread 2018-09-2026 00:29:34 [38;5;117m[DEBUG]: [0mThis is a debug message from thread 1118-09-2026 00:29:34 [38;5;015m[INFO]: [0mThis is a info message from thread 1618-09-2026 00:29:34 [38;5;117m[DEBUG]: [0mThis is a debug message from thread 2918-09-2026 00:29:34 [38;5;117m[DEBUG]: [0mThis is a debug message from thread 2518-09-2026 00:29:34 [38;5;015m[INFO]: [0mThis is a info message from thread 1318-09-2026 00:29:34 [38;5;117m[DEBUG]: [0mThis is a debug message from thread 118-09-2026 00:29:34 [38;5;009m[ERROR]: [0mThis is a error message from thread 1618-09-2026 00:29:34 [38;5;015m[INFO]: [0mThis is a info message from thread 118-09-2026 00:29:34 [38;5;009m[ERROR]: [0mThis is a error message from thread 1418-09-2026 00:29:34 [38;5;015m[INFO]: [0mThis is a info message from thread 1918-09-2026 00:29:34 [38;5;015m[INFO]: [0mThis is a info message from thread 2518-09-2026 00:29:34 [38;5;009m[ERROR]: [0mThis is a error message from thread 2018-09-2026 00:29:34 [38;5;015m[INFO]: [0mThis is a info message from thread 1118-09-2026 00:29:34 [38;5;117m[DEBUG]: [0mThis is a debug message from thread 1218-09-2026 00:29:34 [38;5;015m[INFO]: [0mThis is a info message from thread 2718-09-2026 00:29:34 [38;5;015m[INFO]: [0mThis is a info message from thread 1218-09-2026 00:29:34 [38;5;009m[ERROR]: [0mThis is a error message from thread 518-09-2026 00:29:34 [38;5;015m[INFO]: [0mThis is a info message from thread 2118-09-2026 00:29:34 [38;5;009m[ERROR]: [0mThis is a error message from thread 2118-09-2026 00:29:34 [38;5;009m[ERROR]: [0mThis is a error message from thread 1118-09-2026 00:29:34 [38;5;117m[DEBUG]: [0mThis is a debug message from thread 518-09-2026 00:29:34 [38;5;009m[ERROR]: [0mThis is a error message from thread 318-09-2026 00:29:34 [38;5;009m[ERROR]: [0mThis is a error message from thread 2218-09-2026 00:29:34 [38;5;009m[ERROR]: [0mThis is a error message from thread 018-09-2026 00:29:34 [38;5;015m[INFO]: [0mThis is a info message from thread 518-09-2026 00:29:34 [38;5;009m[ERROR]: [0mThis is a error message from thread 518-09-2026 00:29:34 [38;5;117m[DEBUG]: [0mThis is a debug message from thread 1118-09-2026 00:29:34 [38;5;117m[DEBUG]: [0mThis is a debug message from thread 1618-09-2026 00:29:34 [38;5;009m[ERROR]: [0mThis is a error message from thread 118-09-2026 00:29:34 [38;5;009m[ERROR]: [0mThis is a error message from thread 2618-09-2026 00:29:34 [38;5;117m[DEBUG]: [0mThis is a debug message from thread 2618-09-2026 00:29:34 [38;5;117m[DEBUG]: [0mThis is a debug message from thread 1418-09-2026 00:29:34 [38;5;117m[DEBUG]: [0mThis is a debug message from thread 118-09-2026 00:29:34 [38;5;015m[INFO]: [0mThis is a info message from thread 1618-09-2026 00:29:34 [38;5;015m[INFO]: [0mThis is a info message from thread 2618-09-2026 00:29:34 [38;5;009m[ERROR]: [0mThis is a error message from thread 2618-09-2026 00:29:34 [38;5;009m[ERROR]: [0mThis is a error message from thread 2718-09-2026 00:29:34 [38;5;015m[INFO]: [0mThis is a info message from thread 1118-09-2026 00:29:34 [38;5;009m[ERROR]: [0mThis is a error message from thread 2418-09-2026 00:29:34 [38;5;015m[INFO]: [0mThis is a info message from thread 1518-09-2026 00:29:34 [38;5;117m[DEBUG]: [0mThis is a debug message from thread 2118-09-2026 00:29:34 [38;5;117m[DEBUG]: [0mThis is a debug message from thread 318-09-2026 00:29:34 [38;5;009m[ERROR]: [0mThis is a error message from thread 1118-09-2026 00:29:34 [38;5;117m[DEBUG]: [0mThis is a debug message from thread 2218-09-2026 00:29:34 [38;5;015m[INFO]: [0mThis is a info message from thread 318-09-2026 00:29:34 [38;5;015m[INFO]: [0mThis is a info message from thread 118-09-2026 00:29:34 [38;5;009m[ERROR]: [0mThis is a error message from thread 1618-09-2026 00:29:34 [38;5;015m[INFO]: [0mThis is a info message from thread 2818-09-2026 00:29:34 [38;5;117m[DEBUG]: [0mThis is a debug message from thread 018-09-2026 00:29:34 [38;5;009m[ERROR]: [0mThis is a error message from thread 1518-09-2026 00:29:34 [38;5;009m[ERROR]: [0mThis is a error message from thread 918-09-2026 00:29:34 [38;5;015m[INFO]: [0mThis is a info message from thread 1418-09-2026 00:29:34 [38;5;117m[DEBUG]: [0mThis is a debug message from thread 1818-09-2026 00:29:34 [38;5;117m[DEBUG]: [0mThis is a debug message from thread 818-09-2026 00:29:34 [38;5;117m[DEBUG]: [0mThis is a debug message from thread 1518-09-2026 00:29:34 [38;5;009m[ERROR]: [0mThis is a error message from thread 318-09-2026 00:29:34 [38;5;117m[DEBUG]: [0mThis is a debug message from thread 918-09-2026 00:29:34 [38;5;117m[DEBUG]: [0mThis is a debug message from thread 2418-09-2026 00:29:34 [38;5;009m[ERROR]: [0mThis is a error message from thread 2818-09-2026 00:29:34 [38;5;117m[DEBUG]: [0mThis is a debug message from thread 2618-09-2026 00:29:34 [38;5;117m[DEBUG]: [0mThis is a debug message from thread 1618-09-2026 00:29:34 [38;5;015m[INFO]: [0mThis is a info message from thread 2918-09-2026 00:29:34 [38;5;117m[DEBUG]: [0mThis is a debug message from thread 718-09-2026 00:29:34 [38;5;117m[DEBUG]: [0mThis is a debug message from thread 2318-09-2026 00:29:34 [38;5;117m[DEBUG]: [0mThis is a debug message from thread 318-09-2026 00:29:34 [38;5;015m[INFO]: [0mThis is a info message from thread 718-09-2026 00:29:34 [38;5;015m[INFO]: [0mThis is a info message from thread 1518-09-2026 00:29:34 [38;5;015m[INFO]: [0mThis is a info message from thread 2418-09-2026 00:29:34 [38;5;015m[INFO]: [0mThis is a info message from thread 2618-09-2026 00:29:34 [38;5;117m[DEBUG]: [0mThis is a debug message from thread 1118-09-2026 00:29:34 [38;5;117m[DEBUG]: [0mThis is a debug message from thread 2718-09-2026 00:29:34 [38;5;015m[INFO]: [0mThis is a info message from thread 918-09-2026 00:29:34 [38;5;015m[INFO]: [0mThis is a info message from thread 2318-09-2026 00:29:34 [38;5;009m[ERROR]: [0mThis is a error message from thread 2418-09-2026 00:29:34 [38;5;009m[ERROR]: [0mThis is a error message from thread 1518-09-2026 00:29:34 [38;5;015m[INFO]: [0mThis is a info message from thread 318-09-2026 00:29:34 [38;5;009m[ERROR]: [0mThis is a error message from thread 718-09-2026 00:29:34 [38;5;009m[ERROR]: [0mThis is a error message from thread 418-09-2026 00:29:34 [38;5;015m[INFO]: [0mThis is a info message from thread 1818-09-2026 00:29:34 [38;5;015m[INFO]: [0mThis is a info message from thread 1118-09-2026 00:29:34 [38;5;117m[DEBUG]: [0mThis is a debug message from thread 2818-09-2026 00:29:34 [38;5;015m[INFO]: [0mThis is a info message from thread 2718-09-2026 00:29:34 [38;5;009m[ERROR]: [0mThis is a error message from thread 1118-09-2026 00:29:34 [38;5;009m[ERROR]: [0mThis is a error message from thread 318-09-2026 00:29:34 [38;5;117m[DEBUG]: [0mThis is a debug message from thread 718-09-2026 00:29:34 [38;5;009m[ERROR]: [0mThis is a error message from thread 2318-09-2026 00:29:34 [38;5;117m[DEBUG]: [0mThis is a debug message from thread 1518-09-2026 00:29:34 [38;5;009m[ERROR]: [0mThis is a error message from thread 118-09-2026 00:29:34 [38;5;117m[DEBUG]: [0mThis is a debug message from thread 1118-09-2026 00:29:34 [38;5;117m[DEBUG]: [0mThis is a debug message from thread 2318-09-2026 00:29:34 [38;5;015m[INFO]: [0mThis is a info message from thread 2218-09-2026 00:29:34 [38;5;009m[ERROR]: [0mThis is a error message from thread 1918-09-2026 00:29:34 [38;5;009m[ERROR]: [0mThis is a error message from thread 1018-09-2026 00:29:34 [38;5;117m[DEBUG]: [0mThis is a debug message from thread 618-09-2026 00:29:34 [38;5;117m[DEBUG]: [0mThis is a debug message from thread 518-09-2026 00:29:34 [38;5;009m[ERROR]: [0mThis is a error message from thread 1418-09-2026 00:29:34 [38;5;015m[INFO]: [0mThis is a info message from thread 1518-09-2026 00:29:34 [38;5;117m[DEBUG]: [0mThis is a debug message from thread 1018-09-2026 00:29:34 [38;5;015m[INFO]: [0mThis is a info message from thread 518-09-2026 00:29:34 [38;5;117m[DEBUG]: [0mThis is a debug message from thread 118-09-2026 00:29:34 [38;5;009m[ERROR]: [0mThis is a error message from thread 2218-09-2026 00:29:34 [38;5;015m[INFO]: [0mThis is a info message from thread 2318-09-2026 00:29:34 [38;5;009m[ERROR]: [0mThis is a error message from thread 2318-09-2026 00:29:34 [38;5;015m[INFO]: [0mThis is a info message from thread 618-09-2026 00:29:34 [38;5;117m[DEBUG]: [0mThis is a debug message from thread 1918-09-2026 00:29:34 [38;5;009m[ERROR]: [0mThis is a error message from thread 618-09-2026 00:29:34 [38;5;009m[ERROR]: [0mThis is a error message from thread 1518-09-2026 00:29:34 [38;5;117m[DEBUG]: [0mThis is a debug message from thread 2418-09-2026 00:29:34 [38;5;015m[INFO]: [0mThis is a info message from thread 118-09-2026 00:29:34 [38;5;117m[DEBUG]: [0mThis is a debug message from thread 1518-09-2026 00:29:34 [38;5;117m[DEBUG]: [0mThis is a debug message from thread 1418-09-2026 00:29:34 [38;5;009m[ERROR]: [0mThis is a error message from thread 2518-09-2026 00:29:34 [38;5;015m[INFO]: [0mThis is a info message from thread 818-09-2026 00:29:34 [38;5;009m[ERROR]: [0mThis is a error message from thread 2918-09-2026 00:29:34 [38;5;015m[INFO]: [0mThis is a info message from thread 1018-09-2026 00:29:34 [38;5;009m[ERROR]: [0mThis is a error message from thread 118-09-2026 00:29:34 [38;5;015m[INFO]: [0mThis is a info message from thread 1418-09-2026 00:29:34 [38;5;015m[INFO]: [0mThis is a info message from thread 018-09-2026 00:29:34 [38;5;117m[DEBUG]: [0mThis is a debug message from thread 618-09-2026 00:29:34 [38;5;015m[INFO]: [0mThis is a info message from thread 1618-09-2026 00:29:34 [38;5;117m[DEBUG]: [0mThis is a debug message from thread 2518-09-2026 00:29:34 [38;5;015m[INFO]: [0mThis is a info message from thread 618-09-2026 00:29:34 [38;5;015m[INFO]: [0mThis is a info message from thread 1118-09-2026 00:29:34 [38;5;015m[INFO]: [0mThis is a info message from thread 1518-09-2026 00:29:34 [38;5;009m[ERROR]: [0mThis is a error message from thread 2618-09-2026 00:29:34 [38;5;009m[ERROR]: [0mThis is a error message from thread 1418-09-2026 00:29:34 [38;5;117m[DEBUG]: [0mThis is a debug message from thread 2018-09-2026 00:29:34 [38;5;015m[INFO]: [0mThis is a info message from thread 2118-09-2026 00:29:34 [38;5;009m[ERROR]: [0mThis is a error message from thread 018-09-2026 00:29:34 [38;5;009m[ERROR]: [0mThis is a error message from thread 1118-09-2026 00:29:34 [38;5;015m[INFO]: [0mThis is a info message from thread 2518-09-2026 00:29:34 [38;5;117m[DEBUG]: [0mThis is a debug message from thread 118-09-2026 00:29:34 [38;5;009m[ERROR]: [0mThis is a error message from thread 2518-09-2026 00:29:34 [38;5;117m[DEBUG]: [0mThis is a debug message from thread 1118-09-2026 00:29:34 [38;5;009m[ERROR]: [0mThis is a error message from thread 2118-09-2026 00:29:34 [38;5;009m[ERROR]: [0mThis is a error message from thread 1518-09-2026 00:29:34 [38;5;117m[DEBUG]: [0mThis is a debug message from thread 018-09-2026 00:29:34 [38;5;015m[INFO]: [0mThis is a info message from thread 1118-09-2026 00:29:34 [38;5;117m[DEBUG]: [0mThis is a debug message from thread 1718-09-2026 00:29:34 [38;5;117m[DEBUG]: [0mThis is a debug message from thread 2118-09-2026 00:29:34 [38;5;015m[INFO]: [0mThis is a info message from thread 2018-09-2026 00:29:34 [38;5;117m[DEBUG]: [0mThis is a debug message from thread 2618-09-2026 00:29:34 [38;5;009m[ERROR]: [0mThis is a error message from thread 1118-09-2026 00:29:34 [38;5;009m[ERROR]: [0mThis is a error message from thread 918-09-2026 00:29:34 [38;5;009m[ERROR]: [0mThis is a error message from thread 2018-09-2026 00:29:34 [38;5;009m[ERROR]: [0mThis is a error message from thread 818-09-2026 00:29:34 [38;5;117m[DEBUG]: [0mThis is a debug message from thread 918-09-2026 00:29:34 [38;5;117m[DEBUG]: [0mThis is a debug message from thread 2218-09-2026 00:29:34 [38;5;117m[DEBUG]: [0mThis is a debug message from thread 2018-09-2026 00:29:34 [38;5;015m[INFO]: [0mThis is a info message from thread 718-09-2026 00:29:34 [38;5;009m[ERROR]: [0mThis is a error message from thread 1318-09-2026 00:29:34 [38;5;009m[ERROR]: [0mThis is a error message from thread 1218-09-2026 00:29:34 [38;5;009m[ERROR]: [0mThis is a error message from thread 718-09-2026 00:29:34 [38;5;015m[INFO]: [0mThis is a info message from thread 2018-09-2026 00:29:34 [38;5;117m[DEBUG]: [0mThis is a debug message from thread 2518-09-2026 00:29:34 [38;5;015m[INFO]: [0mThis is a info message from thread 2418-09-2026 00:29:34 [38;5;117m[DEBUG]: [0mThis is a debug message from thread 1218-09-2026 00:29:34 [38;5;015m[INFO]: [0mThis is a info message from thread 118-09-2026 00:29:34 [38;5;117m[DEBUG]: [0mThis is a debug message from thread 718-09-2026 00:29:34 [38;5;015m[INFO]: [0mThis is a info message from thread 2218-09-2026 00:29:34 [38;5;117m[DEBUG]: [0mThis is a debug message from thread 818-09-2026 00:29:34 [38;5;009m[ERROR]: [0mThis is a error message from thread 1618-09-2026 00:29:34 [38;5;117m[DEBUG]: [0mThis is a debug message from thread 1118-09-2026 00:29:34 [38;5;117m[DEBUG]: [0mThis is a debug message from thread 1418-09-2026 00:29:34 [38;5;015m[INFO]: [0mThis is a info message from thread 918-09-2026 00:29:34 [38;5;009m[ERROR]: [0mThis is a error message from thread 918-09-2026 00:29:34 [38;5;009m[ERROR]: [0mThis is a error message from thread 2218-09-2026 00:29:34 [38;5;009m[ERROR]: [0mThis is a error message from thread 2018-09-2026 00:29:34 [38;5;015m[INFO]: [0mThis is a info message from thread 2518-09-2026 00:29:34 [38;5;117m[DEBUG]: [0mThis is a debug message from thread 918-09-2026 00:29:34 [38;5;015m[INFO]: [0mThis is a info message from thread 1418-09-2026 00:29:34 [38;5;009m[ERROR]: [0mThis is a error message from thread 2518-09-2026 00:29:34 [38;5;015m[INFO]: [0mThis is a info message from thread 818-09-2026 00:29:34 [38;5;117m[DEBUG]: [0mThis is a debug message from thread 2518-09-2026 00:29:34 [38;5;015m[INFO]: [0mThis is a info message from thread 1218-09-2026 00:29:34 [38;5;117m[DEBUG]: [0mThis is a debug message from thread 2018-09-2026 00:29:34 [38;5;015m[INFO]: [0mThis is a info message from thread 918-09-2026 00:29:34 [38;5;015m[INFO]: [0mThis is a info message from thread 2518-09-2026 00:29:34 [38;5;117m[DEBUG]: [0mThis is a debug message from thread 2218-09-2026 00:29:34 [38;5;009m[ERROR]: [0mThis is a error message from thread 2418-09-2026 00:29:34 [38;5;009m[ERROR]: [0mThis is a error message from thread 1418-09-2026 00:29:34 [38;5;009m[ERROR]: [0mThis is a error message from thread 918-09-2026 00:29:34 [38;5;009m[ERROR]: [0mThis is a error message from thread 1218-09-2026 00:29:34 [38;5;009m[ERROR]: [0mThis is a error message from thread 118-09-2026 00:29:34 [38;5;117m[DEBUG]: [0mThis is a debug message from thread 318-09-2026 00:29:34 [38;5;015m[INFO]: [0mThis is a info message from thread 2018-09-2026 00:29:34 [38;5;015m[INFO]: [0mThis is a info message from thread 718-09-2026 00:29:34 [38;5;009m[ERROR]: [0mThis is a error message from thread 2018-09-2026 00:29:34 [38;5;015m[INFO]: [0mThis is a info message from thread 218-09-2026 00:29:34 [38;5;009m[ERROR]: [0mThis is a error message from thread 2518-09-2026 00:29:34 [38;5;117m[DEBUG]: [0mThis is a debug message from thread 1218-09-2026 00:29:34 [38;5;009m[ERROR]: [0mThis is a error message from thread 718-09-2026 00:29:34 [38;5;015m[INFO]: [0mThis is a info message from thread 1118-09-2026 00:29:34 [38;5;117m[DEBUG]: [0mThis is a debug message from thread 2518-09-2026 00:29:34 [38;5;009m[ERROR]: [0mThis is a error message from thread 1118-09-2026 00:29:34 [38;5;009m[ERROR]: [0mThis is a error message from thread 218-09-2026 00:29:34 [38;5;117m[DEBUG]: [0mThis is a debug message from thread 418-09-2026 00:29:34 [38;5;009m[ERROR]: [0mThis is a error message from thread 2718-09-2026 00:29:34 [38;5;015m[INFO]: [0mThis is a info message from thread 318-09-2026 00:29:34 [38;5;015m[INFO]: [0mThis is a info message from thread 2818-09-2026 00:29:34 [38;5;117m[DEBUG]: [0mThis is a debug message from thread 1518-09-2026 00:29:34 [38;5;117m[DEBUG]: [0mThis is a debug message from thread 2418-09-2026 00:29:34 [38;5;009m[ERROR]: [0mThis is a error message from thread 2818-09-2026 00:29:34 [38;5;009m[ERROR]: [0mThis is a error message from thread 1818-09-2026 00:29:34 [38;5;009m[ERROR]: [0mThis is a error message from thread 518-09-2026 00:29:34 [38;5;117m[DEBUG]: [0mThis is a debug message from thread 2718-09-2026 00:29:34 [38;5;015m[INFO]: [0mThis is a info message from thread 418-09-2026 00:29:34 [38;5;009m[ERROR]: [0mThis is a error message from thread 418-09-2026 00:29:34 [38;5;015m[INFO]: [0mThis is a info message from thread 2518-09-2026 00:29:34 [38;5;009m[ERROR]: [0mThis is a error message from thread 2518-09-2026 00:29:34 [38;5;117m[DEBUG]: [0mThis is a debug message from thread 2818-09-2026 00:29:34 [38;5;117m[DEBUG]: [0mThis is a debug message from thread 1818-09-2026 00:29:34 [38;5;015m[INFO]: [0mThis is a info message from thread 2818-09-2026 00:29:34 [38;5;009m[ERROR]: [0mThis is a error message from thread 2818-09-2026 00:29:34 [38;5;009m[ERROR]: [0mThis is a error message from thread 618-09-2026 00:29:34 [38;5;015m[INFO]: [0mThis is a info message from thread 2718-09-2026 00:29:34 [38;5;117m[DEBUG]: [0mThis is a debug message from thread 2518-09-2026 00:29:34 [38;5;117m[DEBUG]: [0mThis is a debug message from thread 418-09-2026 00:29:34 [38;5;015m[INFO]: [0mThis is a info message from thread 2418-09-2026 00:29:34 [38;5;009m[ERROR]: [0mThis is a error message from thread 318-09-2026 00:29:34 [38;5;117m[DEBUG]: [0mThis is a debug message from thread 618-09-2026 00:29:34 [38;5;117m[DEBUG]: [0mThis is a debug message from thread 2818-09-2026 00:29:34 [38;5;015m[INFO]: [0mThis is a info message from thread 2818-09-2026 00:29:34 [38;5;009m[ERROR]: [0mThis is a error message from thread 2818-09-2026 00:29:34 [38;5;015m[INFO]: [0mThis is a info message from thread 618-09-2026 00:29:34 [38;5;015m[INFO]: [0mThis is a info message from thread 2518-09-2026 00:29:34 [38;5;015m[INFO]: [0mThis is a info message from thread 1818-09-2026 00:29:34 [38;5;117m[DEBUG]: [0mThis is a debug message from thread 1318-09-2026 00:29:34 [38;5;009m[ERROR]: [0mThis is a error message from thread 2518-09-2026 00:29:34 [38;5;117m[DEBUG]: [0mThis is a debug message from thread 718-09-2026 00:29:34 [38;5;117m[DEBUG]: [0mThis is a debug message from thread 1118-09-2026 00:29:34 [38;5;015m[INFO]: [0mThis is a info message from thread 2118-09-2026 00:29:34 [38;5;117m[DEBUG]: [0mThis is a debug message from thread 2918-09-2026 00:29:34 [38;5;015m[INFO]: [0mThis is a info message from thread 1218-09-2026 00:29:34 [38;5;117m[DEBUG]: [0mThis is a debug message from thread 918-09-2026 00:29:34 [38;5;015m[INFO]: [0mThis is a info message from thread 1718-09-2026 00:29:34 [38;5;009m[ERROR]: [0mThis is a error message from thread 1018-09-2026 00:29:34 [38;5;117m[DEBUG]: [0mThis is a debug message from thread 2318-09-2026 00:29:34 [38;5;117m[DEBUG]: [0mThis is a debug message from thread 318-09-2026 00:29:34 [38;5;009m[ERROR]: [0mThis is a error message from thread 1218-09-2026 00:29:34 [38;5;015m[INFO]: [0mThis is a info message from thread 418-09-2026 00:29:34 [38;5;009m[ERROR]: [0mThis is a error message from thread 2718-09-2026 00:29:34 [38;5;009m[ERROR]: [0mThis is a error message from thread 2118-09-2026 00:29:34 [38;5;117m[DEBUG]: [0mThis is a debug message from thread 1218-09-2026 00:29:34 [38;5;009m[ERROR]: [0mThis is a error message from thread 418-09-2026 00:29:34 [38;5;117m[DEBUG]: [0mThis is a debug message from thread 2118-09-2026 00:29:34 [38;5;015m[INFO]: [0mThis is a info message from thread 1118-09-2026 00:29:34 [38;5;015m[INFO]: [0mThis is a info message from thread 2118-09-2026 00:29:34 [38;5;009m[ERROR]: [0mThis is a error message from thread 2418-09-2026 00:29:34 [38;5;015m[INFO]: [0mThis is a info message from thread 2318-09-2026 00:29:34 [38;5;015m[INFO]: [0mThis is a info message from thread 318-09-2026 00:29:34 [38;5;117m[DEBUG]: [0mThis is a debug message from thread 2718-09-2026 00:29:34 [38;5;009m[ERROR]: [0mThis is a error message from thread 2118-09-2026 00:29:34 [38;5;117m[DEBUG]: [0mThis is a debug message from thread 2818-09-2026 00:29:34 [38;5;009m[ERROR]: [0mThis is a error message from thread 1118-09-2026 00:29:34 [38;5;015m[INFO]: [0mThis is a info message from thread 2218-09-2026 00:29:34 [38;5;015m[INFO]: [0mThis is a info message from thread 718-09-2026 00:29:34 [38;5;009m[ERROR]: [0mThis is a error message from thread 2218-09-2026 00:29:34 [38;5;009m[ERROR]: [0mThis is a error message from thread 2318-09-2026 00:29:34 [38;5;015m[INFO]: [0mThis is a info message from thread 2818-09-2026 00:29:34 [38;5;009m[ERROR]: [0mThis is a error message from thread 318-09-2026 00:29:34 [38;5;009m[ERROR]: [0mThis is a error message from thread 718-09-2026 00:29:34 [38;5;117m[DEBUG]: [0mThis is a debug message from thread 418-09-2026 00:29:34 [38;5;117m[DEBUG]: [0mThis is a debug message from thread 2218-09-2026 00:29:34 [38;5;015m[INFO]: [0mThis is a info message from thread 2218-09-2026 00:29:34 [38;5;117m[DEBUG]: [0mThis is a debug message from thread 718-09-2026 00:29:34 [38;5;015m[INFO]: [0mThis is a info message from thread 418-09-2026 00:29:34 [38;5;117m[DEBUG]: [0mThis is a debug message from thread 2118-09-2026 00:29:34 [38;5;015m[INFO]: [0mThis is a info message from thread 2618-09-2026 00:29:34 [38;5;117m[DEBUG]: [0mThis is a debug message from thread 2318-09-2026 00:29:34 [38;5;009m[ERROR]: [0mThis is a error message from thread 418-09-2026 00:29:34 [38;5;015m[INFO]: [0mThis is a info message from thread 2318-09-2026 00:29:34 [38;5;009m[ERROR]: [0mThis is a error message from thread 2818-09-2026 00:29:34 [38;5;117m[DEBUG]: [0mThis is a debug message from thread 318-09-2026 00:29:34 [38;5;009m[ERROR]: [0mThis is a error message from thread 2218-09-2026 00:29:34 [38;5;117m[DEBUG]: [0mThis is a debug message from thread 1018-09-2026 00:29:34 [38;5;009m[ERROR]: [0mThis is a error message from thread 2318-09-2026 00:29:34 [38;5;009m[ERROR]: [0mThis is a error message from thread 818-09-2026 00:29:34 [38;5;117m[DEBUG]: [0mThis is a debug message from thread 2418-09-2026 00:29:34 [38;5;015m[INFO]: [0mThis is a info message from thread 2118-09-2026 00:29:34 [38;5;117m[DEBUG]: [0mThis is a debug message from thread 418-09-2026 00:29:34 [38;5;009m[ERROR]: [0mThis is a error message from thread 2118-09-2026 00:29:34 [38;5;015m[INFO]: [0mThis is a info message from thread 2418-09-2026 00:29:34 [38;5;117m[DEBUG]: [0mThis is a debug message from thread 818-09-2026 00:29:34 [38;5;009m[ERROR]: [0mThis is a error message from thread 618-09-2026 00:29:34 [38;5;015m[INFO]: [0mThis is a info message from thread 718-09-2026 00:29:34 [38;5;117m[DEBUG]: [0mThis is a debug message from thread 2318-09-2026 00:29:34 [38;5;015m[INFO]: [0mThis is a info message from thread 818-09-2026 00:29:34 [38;5;015m[INFO]: [0mThis is a info message from thread 1918-09-2026 00:29:34 [38;5;009m[ERROR]: [0mThis is a error message from thread 1718-09-2026 00:29:34 [38;5;015m[INFO]: [0mThis is a info message from thread 1518-09-2026 00:29:34 [38;5;117m[DEBUG]: [0mThis is a debug message from thread 1118-09-2026 00:29:34 [38;5;015m[INFO]: [0mThis is a info message from thread 1018-09-2026 00:29:34 [38;5;117m[DEBUG]: [0mThis is a debug message from thread 2518-09-2026 00:29:34 [38;5;015m[INFO]: [0mThis is a info message from thread 2318-09-2026 00:29:34 [38;5;009m[ERROR]: [0mThis is a error message from thread 2618-09-2026 00:29:34 [38;5;117m[DEBUG]: [0mThis is a debug message from thread 1418-09-2026 00:29:34 [38;5;117m[DEBUG]: [0mThis is a debug message from thread 1618-09-2026 00:29:34 [38;5;117m[DEBUG]: [0mThis is a debug message from thread 2818-09-2026 00:29:34 [38;5;117m[DEBUG]: [0mThis is a debug message from thread 218-09-2026 00:29:34 [38;5;009m[ERROR]: [0mThis is a error message from thread 1018-09-2026 00:29:34 [38;5;015m[INFO]: [0mThis is a info message from thread 1618-09-2026 00:29:34 [38;5;015m[INFO]: [0mThis is a info message from thread 218-09-2026 00:29:34 [38;5;015m[INFO]: [0mThis is a info message from thread 2518-09-2026 00:29:34 [38;5;009m[ERROR]: [0mThis is a error message from thread 718-09-2026 00:29:34 [38;5;009m[ERROR]: [0mThis is a error message from thread 2518-09-2026 00:29:34 [38;5;015m[INFO]: [0mThis is a info message from thread 1418-09-2026 00:29:34 [38;5;009m[ERROR]: [0mThis is a error message from thread 1618-09-2026 00:29:34 [38;5;009m[ERROR]: [0mThis is a error message from thread 218-09-2026 00:29:34 [38;5;117m[DEBUG]: [0mThis is a debug message from thread 1618-09-2026 00:29:34 [38;5;117m[DEBUG]: [0mThis is a debug message from thread 2618-09-2026 00:29:34 [38;5;117m[DEBUG]: [0mThis is a debug message from thread 718-09-2026 00:29:34 [38;5;015m[INFO]: [0mThis is a info message from thread 718-09-2026 00:29:34 [38;5;015m[INFO]: [0mThis is a info message from thread 2618-09-2026 00:29:34 [38;5;009m[ERROR]: [0mThis is a error message from thread 2618-09-2026 00:29:34 [38;5;117m[DEBUG]: [0mThis is a debug message from thread 2218-09-2026 00:29:34 [38;5;015m[INFO]: [0mThis is a info message from thread 2818-09-2026 00:29:34 [38;5;009m[ERROR]: [0mThis is a error message from thread 2818-09-2026 00:29:34 [38;5;117m[DEBUG]: [0mThis is a debug message from thread 2518-09-2026 00:29:34 [38;5;117m[DEBUG]: [0mThis is a debug message from thread 2618-09-2026 00:29:34 [38;5;009m[ERROR]: [0mThis is a error message from thread 1418-09-2026 00:29:34 [38;5;117m[DEBUG]: [0mThis is a debug message from thread 218-09-2026 00:29:34 [38;5;009m[ERROR]: [0mThis is a error message from thread 2318-09-2026 00:29:34 [38;5;015m[INFO]: [0mThis is a info message from thread 1618-09-2026 00:29:34 [38;5;015m[INFO]: [0mThis is a info message from thread 2518-09-2026 00:29:34 [38;5;015m[INFO]: [0mThis is a info message from thread 218-09-2026 00:29:34 [38;5;117m[DEBUG]: [0mThis is a debug message from thread 2318-09-2026 00:29:34 [38;5;117m[DEBUG]: [0mThis is a debug message from thread 2818-09-2026 00:29:34 [38;5;015m[INFO]: [0mThis is a info message from thread 2218-09-2026 00:29:34 [38;5;009m[ERROR]: [0mThis is a error message from thread 718-09-2026 00:29:34 [38;5;009m[ERROR]: [0mThis is a error message from thread 2418-09-2026 00:29:34 [38;5;117m[DEBUG]: [0mThis is a debug message from thread 1418-09-2026 00:29:34 [38;5;117m[DEBUG]: [0mThis is a debug message from thread 518-09-2026 00:29:34 [38;5;015m[INFO]: [0mThis is a info message from thread 018-09-2026 00:29:34 [38;5;015m[INFO]: [0mThis is a info message from thread 1318-09-2026 00:29:34 [38;5;015m[INFO]: [0mThis is a info message from thread 2818-09-2026 00:29:34 [38;5;009m[ERROR]: [0mThis is a error message from thread 018-09-2026 00:29:34 [38;5;015m[INFO]: [0mThis is a info message from thread 918-09-2026 00:29:34 [38;5;117m[DEBUG]: [0mThis is a debug message from thread 718-09-2026 00:29:34 [38;5;009m[ERROR]: [0mThis is a error message from thread 1518-09-2026 00:29:34 [38;5;117m[DEBUG]: [0mThis is a debug message from thread 018-09-2026 00:29:34 [38;5;015m[INFO]: [0mThis is a info message from thread 1418-09-2026 00:29:34 [38;5;015m[INFO]: [0mThis is a info message from thread 2718-09-2026 00:29:34 [38;5;015m[INFO]: [0mThis is a info message from thread 318-09-2026 00:29:34 [38;5;009m[ERROR]: [0mThis is a error message from thread 2818-09-2026 00:29:34 [38;5;015m[INFO]: [0mThis is a info message from thread 2318-09-2026 00:29:34 [38;5;015m[INFO]: [0mThis is a info message from thread 718-09-2026 00:29:34 [38;5;009m[ERROR]: [0mThis is a error message from thread 2218-09-2026 00:29:34 [38;5;117m[DEBUG]: [0mThis is a debug message from thread 2418-09-2026 00:29:34 [38;5;015m[INFO]: [0mThis is a info message from thread 2418-09-2026 00:29:34 [38;5;117m[DEBUG]: [0mThis is a debug message from thread 2218-09-2026 00:29:34 [38;5;009m[ERROR]: [0mThis is a error message from thread 2718-09-2026 00:29:34 [38;5;009m[ERROR]: [0mThis is a error message from thread 718-09-2026 00:29:34 [38;5;009m[ERROR]: [0mThis is a error message from thread 318-09-2026 00:29:34 [38;5;009m[ERROR]: [0mThis is a error message from thread 2318-09-2026 00:29:34 [38;5;117m[DEBUG]: [0mThis is a debug message from thread 118-09-2026 00:29:34 [38;5;009m[ERROR]: [0mThis is a error message from thread 918-09-2026 00:29:34 [38;5;009m[ERROR]: [0mThis is a error message from thread 1418-09-2026 00:29:34 [38;5;009m[ERROR]: [0mThis is a error message from thread 818-09-2026 00:29:34 [38;5;015m[INFO]: [0mThis is a info message from thread 118-09-2026 00:29:34 [38;5;015m[INFO]: [0mThis is a info message from thread 2218-09-2026 00:29:34 [38;5;117m[DEBUG]: [0mThis is a debug message from thread 1718-09-2026 00:29:34 [38;5;015m[INFO]: [0mThis is a info message from thread 018-09-2026 00:29:34 [38;5;117m[DEBUG]: [0mThis is a debug message from thread 2818-09-2026 00:29:34 [38;5;009m[ERROR]: [0mThis is a error message from thread 118-09-2026 00:29:34 [38;5;117m[DEBUG]: [0mThis is a debug message from thread 918-09-2026 00:29:34 [38;5;117m[DEBUG]: [0mThis is a debug message from thread 118-09-2026 00:29:34 [38;5;117m[DEBUG]: [0mThis is a debug message from thread 718-09-2026 00:29:34 [38;5;015m[INFO]: [0mThis is a info message from thread 1718-09-2026 00:29:34 [38;5;117m[DEBUG]: [0mThis is a debug message from thread 2718-09-2026 00:29:34 [38;5;009m[ERROR]: [0mThis is a error message from thread 1718-09-2026 00:29:34 [38;5;015m[INFO]: [0mThis is a info message from thread 2718-09-2026 00:29:34 [38;5;117m[DEBUG]: [0mThis is a debug message from thread 1718-09-2026 00:29:34 [38;5;117m[DEBUG]: [0mThis is a debug message from thread 818-09-2026 00:29:34 [38;5;015m[INFO]: [0mThis is a info message from thread 918-09-2026 00:29:34 [38;5;009m[ERROR]: [0mThis is a error message from thread 018-09-2026 00:29:34 [38;5;015m[INFO]: [0mThis is a info message from thread 118-09-2026 00:29:34 [38;5;009m[ERROR]: [0mThis is a error message from thread 918-09-2026 00:29:34 [38;5;015m[INFO]: [0mThis is a info message from thread 818-09-2026 00:29:34 [38;5;009m[ERROR]: [0mThis is a error message from thread 818-09-2026 00:29:34 [38;5;117m[DEBUG]: [0mThis is a debug message from thread 918-09-2026 00:29:34 [38;5;015m[INFO]: [0mThis is a info message from thread 718-09-2026 00:29:34 [38;5;009m[ERROR]: [0mThis is a error message from thread 118-09-2026 00:29:34 [38;5;117m[DEBUG]: [0mThis is a debug message from thread 1418-09-2026 00:29:34 [38;5;015m[INFO]: [0mThis is a info message from thread 418-09-2026 00:29:34 [38;5;015m[INFO]: [0mThis is a info message from thread 1118-09-2026 00:29:34 [38;5;117m[DEBUG]: [0mThis is a debug message from thread 1518-09-2026 00:29:34 [38;5;015m[INFO]: [0mThis is a info message from thread 1218-09-2026 00:29:34 [38;5;009m[ERROR]: [0mThis is a error message from thread 2218-09-2026 00:29:34 [38;5;009m[ERROR]: [0mThis is a error message from thread 2718-09-2026 00:29:34 [38;5;015m[INFO]: [0mThis is a info message from thread 2818-09-2026 00:29:34 [38;5;117m[DEBUG]: [0mThis is a debug message from thread 118-09-2026 00:29:34 [38;5;117m[DEBUG]: [0mThis is a debug message from thread 2118-09-2026 00:29:34 [38;5;009m[ERROR]: [0mThis is a error message from thread 1818-09-2026 00:29:34 [38;5;009m[ERROR]: [0mThis is a error message from thread 1218-09-2026 00:29:34 [38;5;117m[DEBUG]: [0mThis is a debug message from thread 2218-09-2026 00:29:34 [38;5;117m[DEBUG]: [0mThis is a debug message from thread 618-09-2026 00:29:34 [38;5;009m[ERROR]: [0mThis is a error message from thread 218-09-2026 00:29:34 [38;5;009m[ERROR]: [0mThis is a error message from thread 718-09-2026 00:29:34 [38;5;117m[DEBUG]: [0mThis is a debug message from thread 1818-09-2026 00:29:34 [38;5;117m[DEBUG]: [0mThis is a debug message from thread 218-09-2026 00:29:34 [38;5;009m[ERROR]: [0mThis is a error message from thread 1918-09-2026 00:29:34 [38;5;015m[INFO]: [0mThis is a info message from thread 218-09-2026 00:29:34 [38;5;117m[DEBUG]: [0mThis is a debug message from thread 2718-09-2026 00:29:34 [38;5;015m[INFO]: [0mThis is a info message from thread 518-09-2026 00:29:34 [38;5;009m[ERROR]: [0mThis is a error message from thread 2518-09-2026 00:29:34 [38;5;015m[INFO]: [0mThis is a info message from thread 2718-09-2026 00:29:34 [38;5;009m[ERROR]: [0mThis is a error message from thread 2718-09-2026 00:29:34 [38;5;117m[DEBUG]: [0mThis is a debug message from thread 1218-09-2026 00:29:34 [38;5;015m[INFO]: [0mThis is a info message from thread 1218-09-2026 00:29:34 [38;5;009m[ERROR]: [0mThis is a error message from thread 2818-09-2026 00:29:34 [38;5;015m[INFO]: [0mThis is a info message from thread 2218-09-2026 00:29:34 [38;5;015m[INFO]: [0mThis is a info message from thread 618-09-2026 00:29:34 [38;5;009m[ERROR]: [0mThis is a error message from thread 218-09-2026 00:29:34 [38;5;117m[DEBUG]: [0mThis is a debug message from thread 218-09-2026 00:29:34 [38;5;117m[DEBUG]: [0mThis is a debug message from thread 2518-09-2026 00:29:34 [38;5;117m[DEBUG]: [0mThis is a debug message from thread 318-09-2026 00:29:34 [38;5;009m[ERROR]: [0mThis is a error message from thread 618-09-2026 00:29:34 [38;5;009m[ERROR]: [0mThis is a error message from thread 1118-09-2026 00:29:34 [38;5;015m[INFO]: [0mThis is a info message from thread 218-09-2026 00:29:34 [38;5;117m[DEBUG]: [0mThis is a debug message from thread 2318-09-2026 00:29:34 [38;5;117m[DEBUG]: [0mThis is a debug message from thread 618-09-2026 00:29:34 [38;5;015m[INFO]: [0mThis is a info message from thread 1718-09-2026 00:29:34 [38;5;015m[INFO]: [0mThis is a info message from thread 2318-09-2026 00:29:34 [38;5;117m[DEBUG]: [0mThis is a debug message from thread 2718-09-2026 00:29:34 [38;5;015m[INFO]: [0mThis is a info message from thread 1418-09-2026 00:29:34 [38;5;015m[INFO]: [0mThis is a info message from thread 2518-09-2026 00:29:34 [38;5;015m[INFO]: [0mThis is a info message from thread 618-09-2026 00:29:34 [38;5;117m[DEBUG]: [0mThis is a debug message from thread 718-09-2026 00:29:34 [38;5;009m[ERROR]: [0mThis is a error message from thread 2318-09-2026 00:29:34 [38;5;009m[ERROR]: [0mThis is a error message from thread 218-09-2026 00:29:34 [38;5;009m[ERROR]: [0mThis is a error message from thread 2418-09-2026 00:29:34 [38;5;015m[INFO]: [0mThis is a info message from thread 2618-09-2026 00:29:34 [38;5;009m[ERROR]: [0mThis is a error message from thread 2518-09-2026 00:29:34 [38;5;009m[ERROR]: [0mThis is a error message from thread 2618-09-2026 00:29:34 [38;5;117m[DEBUG]: [0mThis is a debug message from thread 2418-09-2026 00:29:34 [38;5;117m[DEBUG]: [0mThis is a debug message from thread 2618-09-2026 00:29:34 [38;5;117m[DEBUG]: [0mThis is a debug message from thread 2518-09-2026 00:29:34 [38;5;009m[ERROR]: [0mThis is a error message from thread 1718-09-2026 00:29:34 [38;5;009m[ERROR]: [0mThis is a error message from thread 618-09-2026 00:29:34 [38;5;117m[DEBUG]: [0mThis is a debug message from thread 1718-09-2026 00:29:34 [38;5;009m[ERROR]: [0mThis is a error message from thread 1618-09-2026 00:29:34 [38;5;015m[INFO]: [0mThis is a info message from thread 2618-09-2026 00:29:34 [38;5;117m[DEBUG]: [0mThis is a debug message from thread 2318-09-2026 00:29:34 [38;5;117m[DEBUG]: [0mThis is a debug message from thread 618-09-2026 00:29:34 [38;5;015m[INFO]: [0mThis is a info message from thread 2918-09-2026 00:29:34 [38;5;117m[DEBUG]: [0mThis is a debug message from thread 2818-09-2026 00:29:34 [38;5;009m[ERROR]: [0mThis is a error message from thread 1318-09-2026 00:29:34 [38;5;015m[INFO]: [0mThis is a info message from thread 718-09-2026 00:29:34 [38;5;117m[DEBUG]: [0mThis is a debug message from thread 1918-09-2026 00:29:34 [38;5;117m[DEBUG]: [0mThis is a debug message from thread 1018-09-2026 00:29:34 [38;5;009m[ERROR]: [0mThis is a error message from thread 518-09-2026 00:29:34 [38;5;117m[DEBUG]: [0mThis is a debug message from thread 1318-09-2026 00:29:34 [38;5;009m[ERROR]: [0mThis is a error message from thread 718-09-2026 00:29:34 [38;5;117m[DEBUG]: [0mThis is a debug message from thread 818-09-2026 00:29:34 [38;5;117m[DEBUG]: [0mThis is a debug message from thread 218-09-2026 00:29:34 [38;5;015m[INFO]: [0mThis is a info message from thread 2118-09-2026 00:29:34 [38;5;009m[ERROR]: [0mThis is a error message from thread 2618-09-2026 00:29:34 [38;5;009m[ERROR]: [0mThis is a error message from thread 2118-09-2026 00:29:34 [38;5;117m[DEBUG]: [0mThis is a debug message from thread 1118-09-2026 00:29:34 [38;5;117m[DEBUG]: [0mThis is a debug message from thread 718-09-2026 00:29:34 [38;5;015m[INFO]: [0mThis is a info message from thread 618-09-2026 00:29:34 [38;5;009m[ERROR]: [0mThis is a error message from thread 2218-09-2026 00:29:34 [38;5;015m[INFO]: [0mThis is a info message from thread 2818-09-2026 00:29:34 [38;5;015m[INFO]: [0mThis is a info message from thread 218-09-2026 00:29:34 [38;5;015m[INFO]: [0mThis is a info message from thread 1718-09-2026 00:29:34 [38;5;015m[INFO]: [0mThis is a info message from thread 1318-09-2026 00:29:34 [38;5;117m[DEBUG]: [0mThis is a debug message from thread 2118-09-2026 00:29:34 [38;5;117m[DEBUG]: [0mThis is a debug message from thread 2618-09-2026 00:29:34 [38;5;015m[INFO]: [0mThis is a info message from thread 1118-09-2026 00:29:34 [38;5;009m[ERROR]: [0mThis is a error message from thread 1318-09-2026 00:29:34 [38;5;117m[DEBUG]: [0mThis is a debug message from thread 1318-09-2026 00:29:34 [38;5;015m[INFO]: [0mThis is a info message from thread 818-09-2026 00:29:34 [38;5;015m[INFO]: [0mThis is a info message from thread 2618-09-2026 00:29:34 [38;5;015m[INFO]: [0mThis is a info message from thread 2118-09-2026 00:29:34 [38;5;009m[ERROR]: [0mThis is a error message from thread 1418-09-2026 00:29:34 [38;5;009m[ERROR]: [0mThis is a error message from thread 2618-09-2026 00:29:34 [38;5;009m[ERROR]: [0mThis is a error message from thread 2118-09-2026 00:29:34 [38;5;117m[DEBUG]: [0mThis is a debug message from thread 2218-09-2026 00:29:34 [38;5;009m[ERROR]: [0mThis is a error message from thread 218-09-2026 00:29:34 [38;5;009m[ERROR]: [0mThis is a error message from thread 618-09-2026 00:29:34 [38;5;117m[DEBUG]: [0mThis is a debug message from thread 2118-09-2026 00:29:34 [38;5;015m[INFO]: [0mThis is a info message from thread 2718-09-2026 00:29:34 [38;5;009m[ERROR]: [0mThis is a error message from thread 1718-09-2026 00:29:34 [38;5;015m[INFO]: [0mThis is a info message from thread 2518-09-2026 00:29:34 [38;5;015m[INFO]: [0mThis is a info message from thread 718-09-2026 00:29:34 [38;5;015m[INFO]: [0mThis is a info message from thread 1018-09-2026 00:29:34 [38;5;009m[ERROR]: [0mThis is a error message from thread 2718-09-2026 00:29:34 [38;5;015m[INFO]: [0mThis is a info message from thread 1318-09-2026 00:29:34 [38;5;117m[DEBUG]: [0mThis is a debug message from thread 218-09-2026 00:29:34 [38;5;009m[ERROR]: [0mThis is a error message from thread 2518-09-2026 00:29:34 [38;5;117m[DEBUG]: [0mThis is a debug message from thread 018-09-2026 00:29:34 [38;5;009m[ERROR]: [0mThis is a error message from thread 1018-09-2026 00:29:34 [38;5;015m[INFO]: [0mThis is a info message from thread 2118-09-2026 00:29:34 [38;5;117m[DEBUG]: [0mThis is a debug message from thread 518-09-2026 00:29:34 [38;5;009m[ERROR]: [0mThis is a error message from thread 1318-09-2026 00:29:34 [38;5;015m[INFO]: [0mThis is a info message from thread 318-09-2026 00:29:34 [38;5;015m[INFO]: [0mThis is a info message from thread 2418-09-2026 00:29:34 [38;5;117m[DEBUG]: [0mThis is a debug message from thread 1318-09-2026 00:29:34 [38;5;117m[DEBUG]: [0mThis is a debug message from thread 1718-09-2026 00:29:34 [38;5;009m[ERROR]: [0mThis is a error message from thread 2118-09-2026 00:29:34 [38;5;015m[INFO]: [0mThis is a info message from thread 218-09-2026 00:29:34 [38;5;117m[DEBUG]: [0mThis is a debug message from thread 2118-09-2026 00:29:34 [38;5;117m[DEBUG]: [0mThis is a debug message from thread 1418-09-2026 00:29:34 [38;5;009m[ERROR]: [0mThis is a error message from thread 318-09-2026 00:29:34 [38;5;015m[INFO]: [0mThis is a info message from thread 2218-09-2026 00:29:34 [38;5;117m[DEBUG]: [0mThis is a debug message from thread 318-09-2026 00:29:34 [38;5;015m[INFO]: [0mThis is a info message from thread 018-09-2026 00:29:34 [38;5;117m[DEBUG]: [0mThis is a debug message from thread 2018-09-2026 00:29:34 [38;5;015m[INFO]: [0mThis is a info message from thread 318-09-2026 00:29:34 [38;5;009m[ERROR]: [0mThis is a error message from thread 2918-09-2026 00:29:34 [38;5;117m[DEBUG]: [0mThis is a debug message from thread 2518-09-2026 00:29:34 [38;5;009m[ERROR]: [0mThis is a error message from thread 218-09-2026 00:29:34 [38;5;117m[DEBUG]: [0mThis is a debug message from thread 618-09-2026 00:29:34 [38;5;009m[ERROR]: [0mThis is a error message from thread 818-09-2026 00:29:34 [38;5;009m[ERROR]: [0mThis is a error message from thread 018-09-2026 00:29:34 [38;5;015m[INFO]: [0mThis is a info message from thread 2518-09-2026 00:29:34 [38;5;009m[ERROR]: [0mThis is a error message from thread 318-09-2026 00:29:34 [38;5;015m[INFO]: [0mThis is a info message from thread 118-09-2026 00:29:34 [38;5;117m[DEBUG]: [0mThis is a debug message from thread 1618-09-2026 00:29:34 [38;5;015m[INFO]: [0mThis is a info message from thread 1818-09-2026 00:29:34 [38;5;009m[ERROR]: [0mThis is a error message from thread 718-09-2026 00:29:34 [38;5;009m[ERROR]: [0mThis is a error message from thread 1218-09-2026 00:29:34 [38;5;009m[ERROR]: [0mThis is a error message from thread 2418-09-2026 00:29:34 [38;5;009m[ERROR]: [0mThis is a error message from thread 2818-09-2026 00:29:34 [38;5;009m[ERROR]: [0mThis is a error message from thread 2518-09-2026 00:29:34 [38;5;117m[DEBUG]: [0mThis is a debug message from thread 2618-09-2026 00:29:34 [38;5;015m[INFO]: [0mThis is a info message from thread 2118-09-2026 00:29:34 [38;5;117m[DEBUG]: [0mThis is a debug message from thread 718-09-2026 00:29:34 [38;5;117m[DEBUG]: [0mThis is a debug message from thread 318-09-2026 00:29:34 [38;5;015m[INFO]: [0mThis is a info message from thread 2618-09-2026 00:29:34 [38;5;117m[DEBUG]: [0mThis is a debug message from thread 2818-09-2026 00:29:34 [38;5;117m[DEBUG]: [0mThis is a debug message from thread 2518-09-2026 00:29:34 [38;5;009m[ERROR]: [0mThis is a error message from thread 118-09-2026 00:29:34 [38;5;009m[ERROR]: [0mThis is a error message from thread 2618-09-2026 00:29:34 [38;5;117m[DEBUG]: [0mThis is a debug message from thread 2418-09-2026 00:29:34 [38;5;015m[INFO]: [0mThis is a info message from thread 318-09-2026 00:29:34 [38;5;009m[ERROR]: [0mThis is a error message from thread 1818-09-2026 00:29:34 [38;5;015m[INFO]: [0mThis is a info message from thread 718-09-2026 00:29:34 [38;5;009m[ERROR]: [0mThis is a error message from thread 318-09-2026 00:29:34 [38;5;015m[INFO]: [0mThis is a info message from thread 2418-09-2026 00:29:34 [38;5;009m[ERROR]: [0mThis is a error message from thread 2418-09-2026 00:29:34 [38;5;009m[ERROR]: [0mThis is a error message from thread 418-09-2026 00:29:34 [38;5;009m[ERROR]: [0mThis is a error message from thread 2118-09-2026 00:29:34 [38;5;015m[INFO]: [0mThis is a info message from thread 918-09-2026 00:29:34 [38;5;117m[DEBUG]: [0mThis is a debug message from thread 2718-09-2026 00:29:34 [38;5;117m[DEBUG]: [0mThis is a debug message from thread 318-09-2026 00:29:34 [38;5;117m[DEBUG]: [0mThis is a debug message from thread 2618-09-2026 00:29:34 [38;5;117m[DEBUG]: [0mThis is a debug message from thread 818-09-2026 00:29:34 [38;5;015m[INFO]: [0mThis is a info message from thread 618-09-2026 00:29:34 [38;5;015m[INFO]: [0mThis is a info message from thread 2518-09-2026 00:29:34 [38;5;117m[DEBUG]: [0mThis is a debug message from thread 018-09-2026 00:29:34 [38;5;015m[INFO]: [0mThis is a info message from thread 1918-09-2026 00:29:34 [38;5;117m[DEBUG]: [0mThis is a debug message from thread 418-09-2026 00:29:34 [38;5;015m[INFO]: [0mThis is a info message from thread 1518-09-2026 00:29:34 [38;5;117m[DEBUG]: [0mThis is a debug message from thread 1018-09-2026 00:29:34 [38;5;015m[INFO]: [0mThis is a info message from thread 2618-09-2026 00:29:34 [38;5;009m[ERROR]: [0mThis is a error message from thread 718-09-2026 00:29:34 [38;5;015m[INFO]: [0mThis is a info message from thread 318-09-2026 00:29:34 [38;5;009m[ERROR]: [0mThis is a error message from thread 2518-09-2026 00:29:34 [38;5;015m[INFO]: [0mThis is a info message from thread 2718-09-2026 00:29:34 [38;5;009m[ERROR]: [0mThis is a error message from thread 318-09-2026 00:29:34 [38;5;009m[ERROR]: [0mThis is a error message from thread 918-09-2026 00:29:34 [38;5;009m[ERROR]: [0mThis is a error message from thread 1518-09-2026 00:29:34 [38;5;117m[DEBUG]: [0mThis is a debug message from thread 918-09-2026 00:29:34 [38;5;117m[DEBUG]: [0mThis is a debug message from thread 2918-09-2026 00:29:34 [38;5;117m[DEBUG]: [0mThis is a debug message from thread 318-09-2026 00:29:34 [38;5;015m[INFO]: [0mThis is a info message from thread 2918-09-2026 00:29:34 [38;5;015m[INFO]: [0mThis is a info message from thread 318-09-2026 00:29:34 [38;5;009m[ERROR]: [0mThis is a error message from thread 2918-09-2026 00:29:34 [38;5;009m[ERROR]: [0mThis is a error message from thread 318-09-2026 00:29:34 [38;5;015m[INFO]: [0mThis is a info message from thread 918-09-2026 00:29:34 [38;5;117m[DEBUG]: [0mThis is a debug message from thread 2918-09-2026 00:29:34 [38;5;117m[DEBUG]: [0mThis is a debug message from thread 1518-09-2026 00:29:34 [38;5;009m[ERROR]: [0mThis is a error message from thread 2718-09-2026 00:29:34 [38;5;117m[DEBUG]: [0mThis is a debug message from thread 318-09-2026 00:29:34 [38;5;015m[INFO]: [0mThis is a info message from thread 2918-09-2026 00:29:34 [38;5;117m[DEBUG]: [0mThis is a debug message from thread 718-09-2026 00:29:34 [38;5;009m[ERROR]: [0mThis is a error message from thread 1918-09-2026 00:29:34 [38;5;015m[INFO]: [0mThis is a info message from thread 518-09-2026 00:29:34 [38;5;015m[INFO]: [0mThis is a info message from thread 2018-09-2026 00:29:34 [38;5;117m[DEBUG]: [0mThis is a debug message from thread 2118-09-2026 00:29:34 [38;5;015m[INFO]: [0mThis is a info message from thread 1518-09-2026 00:29:34 [38;5;015m[INFO]: [0mThis is a info message from thread 718-09-2026 00:29:34 [38;5;009m[ERROR]: [0mThis is a error message from thread 2918-09-2026 00:29:34 [38;5;117m[DEBUG]: [0mThis is a debug message from thread 2718-09-2026 00:29:34 [38;5;015m[INFO]: [0mThis is a info message from thread 2118-09-2026 00:29:34 [38;5;009m[ERROR]: [0mThis is a error message from thread 518-09-2026 00:29:34 [38;5;117m[DEBUG]: [0mThis is a debug message from thread 1218-09-2026 00:29:34 [38;5;009m[ERROR]: [0mThis is a error message from thread 918-09-2026 00:29:34 [38;5;117m[DEBUG]: [0mThis is a debug message from thread 1918-09-2026 00:29:34 [38;5;117m[DEBUG]: [0mThis is a debug message from thread 218-09-2026 00:29:34 [38;5;015m[INFO]: [0mThis is a info message from thread 1418-09-2026 00:29:34 [38;5;015m[INFO]: [0mThis is a info message from thread 2318-09-2026 00:29:34 [38;5;015m[INFO]: [0mThis is a info message from thread 818-09-2026 00:29:34 [38;5;117m[DEBUG]: [0mThis is a debug message from thread 118-09-2026 00:29:34 [38;5;015m[INFO]: [0mThis is a info message from thread 2818-09-2026 00:29:34 [38;5;015m[INFO]: [0mThis is a info message from thread 1918-09-2026 00:29:34 [38;5;009m[ERROR]: [0mThis is a error message from thread 2818-09-2026 00:29:34 [38;5;015m[INFO]: [0mThis is a info message from thread 218-09-2026 00:29:34 [38;5;117m[DEBUG]: [0mThis is a debug message from thread 1818-09-2026 00:29:34 [38;5;015m[INFO]: [0mThis is a info message from thread 1218-09-2026 00:29:34 [38;5;117m[DEBUG]: [0mThis is a debug message from thread 518-09-2026 00:29:34 [38;5;015m[INFO]: [0mThis is a info message from thread 2718-09-2026 00:29:34 [38;5;015m[INFO]: [0mThis is a info message from thread 118-09-2026 00:29:34 [38;5;009m[ERROR]: [0mThis is a error message from thread 2118-09-2026 00:29:34 [38;5;117m[DEBUG]: [0mThis is a debug message from thread 2118-09-2026 00:29:34 [38;5;015m[INFO]: [0mThis is a info message from thread 1318-09-2026 00:29:34 [38;5;009m[ERROR]: [0mThis is a error message from thread 2618-09-2026 00:29:34 [38;5;009m[ERROR]: [0mThis is a error message from thread 1418-09-2026 00:29:34 [38;5;117m[DEBUG]: [0mThis is a debug message from thread 2818-09-2026 00:29:34 [38;5;009m[ERROR]: [0mThis is a error message from thread 118-09-2026 00:29:34 [38;5;015m[INFO]: [0mThis is a info message from thread 2818-09-2026 00:29:34 [38;5;009m[ERROR]: [0mThis is a error message from thread 1318-09-2026 00:29:34 [38;5;009m[ERROR]: [0mThis is a error message from thread 2718-09-2026 00:29:34 [38;5;117m[DEBUG]: [0mThis is a debug message from thread 1418-09-2026 00:29:34 [38;5;015m[INFO]: [0mThis is a info message from thread 2118-09-2026 00:29:34 [38;5;117m[DEBUG]: [0mThis is a debug message from thread 1318-09-2026 00:29:34 [38;5;117m[DEBUG]: [0mThis is a debug message from thread 2418-09-2026 00:29:34 [38;5;009m[ERROR]: [0mThis is a error message from thread 1918-09-2026 00:29:34 [38;5;015m[INFO]: [0mThis is a info message from thread 1318-09-2026 00:29:34 [38;5;117m[DEBUG]: [0mThis is a debug message from thread 2718-09-2026 00:29:34 [38;5;015m[INFO]: [0mThis is a info message from thread 1418-09-2026 00:29:34 [38;5;117m[DEBUG]: [0mThis is a debug message from thread 1918-09-2026 00:29:34 [38;5;117m[DEBUG]: [0mThis is a debug message from thread 2618-09-2026 00:29:34 [38;5;009m[ERROR]: [0mThis is a error message from thread 2118-09-2026 00:29:34 [38;5;015m[INFO]: [0mThis is a info message from thread 2418-09-2026 00:29:34 [38;5;015m[INFO]: [0mThis is a info message from thread 1718-09-2026 00:29:34 [38;5;009m[ERROR]: [0mThis is a error message from thread 218-09-2026 00:29:34 [38;5;015m[INFO]: [0mThis is a info message from thread 1918-09-2026 00:29:34 [38;5;015m[INFO]: [0mThis is a info message from thread 518-09-2026 00:29:34 [38;5;009m[ERROR]: [0mThis is a error message from thread 1718-09-2026 00:29:34 [38;5;117m[DEBUG]: [0mThis is a debug message from thread 1718-09-2026 00:29:34 [38;5;009m[ERROR]: [0mThis is a error message from thread 1918-09-2026 00:29:34 [38;5;015m[INFO]: [0mThis is a info message from thread 2618-09-2026 00:29:34 [38;5;015m[INFO]: [0mThis is a info message from thread 418-09-2026 00:29:34 [38;5;009m[ERROR]: [0mThis is a error message from thread 1418-09-2026 00:29:34 [38;5;015m[INFO]: [0mThis is a info message from thread 1718-09-2026 00:29:34 [38;5;009m[ERROR]: [0mThis is a error message from thread 1218-09-2026 00:29:34 [38;5;015m[INFO]: [0mThis is a info message from thread 1018-09-2026 00:29:34 [38;5;009m[ERROR]: [0mThis is a error message from thread 2218-09-2026 00:29:34 [38;5;117m[DEBUG]: [0mThis is a debug message from thread 218-09-2026 00:29:34 [38;5;009m[ERROR]: [0mThis is a error message from thread 1718-09-2026 00:29:34 [38;5;117m[DEBUG]: [0mThis is a debug message from thread 2218-09-2026 00:29:34 [38;5;009m[ERROR]: [0mThis is a error message from thread 1118-09-2026 00:29:34 [38;5;009m[ERROR]: [0mThis is a error message from thread 2018-09-2026 00:29:34 [38;5;117m[DEBUG]: [0mThis is a debug message from thread 2518-09-2026 00:29:34 [38;5;117m[DEBUG]: [0mThis is a debug message from thread 2018-09-2026 00:29:34 [38;5;009m[ERROR]: [0mThis is a error message from thread 418-09-2026 00:29:34 [38;5;015m[INFO]: [0mThis is a info message from thread 2018-09-2026 00:29:34 [38;5;117m[DEBUG]: [0mThis is a debug message from thread 1118-09-2026 00:29:34 [38;5;015m[INFO]: [0mThis is a info message from thread 2218-09-2026 00:29:34 [38;5;117m[DEBUG]: [0mThis is a debug message from thread 1218-09-2026 00:29:34 [38;5;015m[INFO]: [0mThis is a info message from thread 1118-09-2026 00:29:34 [38;5;009m[ERROR]: [0mThis is a error message from thread 2218-09-2026 00:29:34 [38;5;117m[DEBUG]: [0mThis is a debug message from thread 118-09-2026 00:29:34 [38;5;009m[ERROR]: [0mThis is a error message from thread 2618-09-2026 00:29:34 [38;5;117m[DEBUG]: [0mThis is a debug message from thread 2118-09-2026 00:29:34 [38;5;009m[ERROR]: [0mThis is a error message from thread 1018-09-2026 00:29:34 [38;5;015m[INFO]: [0mThis is a info message from thread 318-09-2026 00:29:34 [38;5;015m[INFO]: [0mThis is a info message from thread 2518-09-2026 00:29:34 [38;5;009m[ERROR]: [0mThis is a error message from thread 318-09-2026 00:29:34 [38;5;009m[ERROR]: [0mThis is a error message from thread 1518-09-2026 00:29:34 [38;5;015m[INFO]: [0mThis is a info message from thread 218-09-2026 00:29:34 [38;5;117m[DEBUG]: [0mThis is a debug message from thread 1018-09-2026 00:29:34 [38;5;009m[ERROR]: [0mThis is a error message from thread 1118-09-2026 00:29:34 [38;5;009m[ERROR]: [0mThis is a error message from thread 2018-09-2026 00:29:34 [38;5;015m[INFO]: [0mThis is a info message from thread 118-09-2026 00:29:34 [38;5;117m[DEBUG]: [0mThis is a debug message from thread 318-09-2026 00:29:34 [38;5;117m[DEBUG]: [0mThis is a debug message from thread 1518-09-2026 00:29:34 [38;5;015m[INFO]: [0mThis is a info message from thread 1618-09-2026 00:29:34 [38;5;009m[ERROR]: [0mThis is a error message from thread 2518-09-2026 00:29:34 [38;5;015m[INFO]: [0mThis is a info message from thread 1218-09-2026 00:29:34 [38;5;117m[DEBUG]: [0mThis is a debug message from thread 2018-09-2026 00:29:34 [38;5;015m[INFO]: [0mThis is a info message from thread 2018-09-2026 00:29:34 [38;5;009m[ERROR]: [0mThis is a error message from thread 1618-09-2026 00:29:34 [38;5;117m[DEBUG]: [0mThis is a debug message from thread 1118-09-2026 00:29:34 [38;5;117m[DEBUG]: [0mThis is a debug message from thread 2518-09-2026 00:29:34 [38;5;009m[ERROR]: [0mThis is a error message from thread 118-09-2026 00:29:34 [38;5;009m[ERROR]: [0mThis is a error message from thread 2018-09-2026 00:29:34 [38;5;015m[INFO]: [0mThis is a info message from thread 2518-09-2026 00:29:34 [38;5;009m[ERROR]: [0mThis is a error message from thread 2418-09-2026 00:29:34 [38;5;117m[DEBUG]: [0mThis is a debug message from thread 1918-09-2026 00:29:34 [38;5;015m[INFO]: [0mThis is a info message from thread 1518-09-2026 00:29:34 [38;5;015m[INFO]: [0mThis is a info message from thread 1118-09-2026 00:29:34 [38;5;015m[INFO]: [0mThis is a info message from thread 2118-09-2026 00:29:34 [38;5;117m[DEBUG]: [0mThis is a debug message from thread 1618-09-2026 00:29:34 [38;5;009m[ERROR]: [0mThis is a error message from thread 1518-09-2026 00:29:34 [38;5;015m[INFO]: [0mThis is a info message from thread 1618-09-2026 00:29:34 [38;5;009m[ERROR]: [0mThis is a error message from thread 1218-09-2026 00:29:34 [38;5;117m[DEBUG]: [0mThis is a debug message from thread 2918-09-2026 00:29:34 [38;5;009m[ERROR]: [0mThis is a error message from thread 2518-09-2026 00:29:34 [38;5;015m[INFO]: [0mThis is a info message from thread 1918-09-2026 00:29:34 [38;5;009m[ERROR]: [0mThis is a error message from thread 718-09-2026 00:29:34 [38;5;117m[DEBUG]: [0mThis is a debug message from thread 418-09-2026 00:29:34 [38;5;117m[DEBUG]: [0mThis is a debug message from thread 1218-09-2026 00:29:34 [38;5;117m[DEBUG]: [0mThis is a debug message from thread 2218-09-2026 00:29:34 [38;5;009m[ERROR]: [0mThis is a error message from thread 1118-09-2026 00:29:34 [38;5;015m[INFO]: [0mThis is a info message from thread 1018-09-2026 00:29:34 [38;5;117m[DEBUG]: [0mThis is a debug message from thread 1518-09-2026 00:29:34 [38;5;015m[INFO]: [0mThis is a info message from thread 318-09-2026 00:29:34 [38;5;015m[INFO]: [0mThis is a info message from thread 018-09-2026 00:29:34 [38;5;015m[INFO]: [0mThis is a info message from thread 1518-09-2026 00:29:34 [38;5;015m[INFO]: [0mThis is a info message from thread 1218-09-2026 00:29:34 [38;5;009m[ERROR]: [0mThis is a error message from thread 1018-09-2026 00:29:34 [38;5;009m[ERROR]: [0mThis is a error message from thread 2318-09-2026 00:29:34 [38;5;009m[ERROR]: [0mThis is a error message from thread 1218-09-2026 00:29:34 [38;5;009m[ERROR]: [0mThis is a error message from thread 1518-09-2026 00:29:34 [38;5;117m[DEBUG]: [0mThis is a debug message from thread 1518-09-2026 00:29:34 [38;5;015m[INFO]: [0mThis is a info message from thread 2218-09-2026 00:29:34 [38;5;117m[DEBUG]: [0mThis is a debug message from thread 2318-09-2026 00:29:34 [38;5;117m[DEBUG]: [0mThis is a debug message from thread 2018-09-2026 00:29:34 [38;5;009m[ERROR]: [0mThis is a error message from thread 2218-09-2026 00:29:34 [38;5;015m[INFO]: [0mThis is a info message from thread 2318-09-2026 00:29:34 [38;5;117m[DEBUG]: [0mThis is a debug message from thread 918-09-2026 00:29:34 [38;5;009m[ERROR]: [0mThis is a error message from thread 1318-09-2026 00:29:34 [38;5;009m[ERROR]: [0mThis is a error message from thread 2318-09-2026 00:29:34 [38;5;015m[INFO]: [0mThis is a info message from thread 2918-09-2026 00:29:34 [38;5;117m[DEBUG]: [0mThis is a debug message from thread 1118-09-2026 00:29:34 [38;5;117m[DEBUG]: [0mThis is a debug message from thread 718-09-2026 00:29:34 [38;5;009m[ERROR]: [0mThis is a error message from thread 518-09-2026 00:29:34 [38;5;117m[DEBUG]: [0mThis is a debug message from thread 2318-09-2026 00:29:34 [38;5;009m[ERROR]: [0mThis is a error message from thread 618-09-2026 00:29:34 [38;5;015m[INFO]: [0mThis is a info message from thread 2018-09-2026 00:29:34 [38;5;117m[DEBUG]: [0mThis is a debug message from thread 1218-09-2026 00:29:34 [38;5;015m[INFO]: [0mThis is a info message from thread 918-09-2026 00:29:34 [38;5;015m[INFO]: [0mThis is a info message from thread 1218-09-2026 00:29:34 [38;5;009m[ERROR]: [0mThis is a error message from thread 918-09-2026 00:29:34 [38;5;117m[DEBUG]: [0mThis is a debug message from thread 618-09-2026 00:29:34 [38;5;015m[INFO]: [0mThis is a info message from thread 2718-09-2026 00:29:34 [38;5;009m[ERROR]: [0mThis is a error message from thread 2918-09-2026 00:29:34 [38;5;015m[INFO]: [0mThis is a info message from thread 718-09-2026 00:29:34 [38;5;117m[DEBUG]: [0mThis is a debug message from thread 2418-09-2026 00:29:34 [38;5;117m[DEBUG]: [0mThis is a debug message from thread 118-09-2026 00:29:34 [38;5;015m[INFO]: [0mThis is a info message from thread 618-09-2026 00:29:34 [38;5;015m[INFO]: [0mThis is a info message from thread 2418-09-2026 00:29:34 [38;5;117m[DEBUG]: [0mThis is a debug message from thread 1318-09-2026 00:29:34 [38;5;117m[DEBUG]: [0mThis is a debug message from thread 1418-09-2026 00:29:34 [38;5;009m[ERROR]: [0mThis is a error message from thread 2418-09-2026 00:29:34 [38;5;009m[ERROR]: [0mThis is a error message from thread 2018-09-2026 00:29:34 [38;5;015m[INFO]: [0mThis is a info message from thread 1418-09-2026 00:29:34 [38;5;009m[ERROR]: [0mThis is a error message from thread 2718-09-2026 00:29:34 [38;5;015m[INFO]: [0mThis is a info message from thread 1118-09-2026 00:29:34 [38;5;009m[ERROR]: [0mThis is a error message from thread 1218-09-2026 00:29:34 [38;5;117m[DEBUG]: [0mThis is a debug message from thread 2618-09-2026 00:29:34 [38;5;117m[DEBUG]: [0mThis is a debug message from thread 2518-09-2026 00:29:34 [38;5;009m[ERROR]: [0mThis is a error message from thread 618-09-2026 00:29:34 [38;5;009m[ERROR]: [0mThis is a error message from thread 1418-09-2026 00:29:34 [38;5;009m[ERROR]: [0mThis is a error message from thread 818-09-2026 00:29:34 [38;5;015m[INFO]: [0mThis is a info message from thread 1818-09-2026 00:29:34 [38;5;117m[DEBUG]: [0mThis is a debug message from thread 618-09-2026 00:29:34 [38;5;009m[ERROR]: [0mThis is a error message from thread 1118-09-2026 00:29:34 [38;5;015m[INFO]: [0mThis is a info message from thread 2618-09-2026 00:29:34 [38;5;117m[DEBUG]: [0mThis is a debug message from thread 2918-09-2026 00:29:34 [38;5;009m[ERROR]: [0mThis is a error message from thread 2118-09-2026 00:29:34 [38;5;117m[DEBUG]: [0mThis is a debug message from thread 1718-09-2026 00:29:34 [38;5;015m[INFO]: [0mThis is a info message from thread 2518-09-2026 00:29:34 [38;5;015m[INFO]: [0mThis is a info message from thread 418-09-2026 00:29:34 [38;5;117m[DEBUG]: [0mThis is a debug message from thread 1018-09-2026 00:29:34 [38;5;117m[DEBUG]: [0mThis is a debug message from thread 918-09-2026 00:29:34 [38;5;015m[INFO]: [0mThis is a info message from thread 1018-09-2026 00:29:34 [38;5;117m[DEBUG]: [0mThis is a debug message from thread 2218-09-2026 00:29:34 [38;5;009m[ERROR]: [0mThis is a error message from thread 2618-09-2026 00:29:34 [38;5;009m[ERROR]: [0mThis is a error message from thread 418-09-2026 00:29:34 [38;5;015m[INFO]: [0mThis is a info message from thread 118-09-2026 00:29:34 [38;5;117m[DEBUG]: [0mThis is a debug message from thread 2618-09-2026 00:29:34 [38;5;015m[INFO]: [0mThis is a info message from thread 2918-09-2026 00:29:34 [38;5;009m[ERROR]: [0mThis is a error message from thread 718-09-2026 00:29:34 [38;5;015m[INFO]: [0mThis is a info message from thread 2618-09-2026 00:29:34 [38;5;009m[ERROR]: [0mThis is a error message from thread 1618-09-2026 00:29:34 [38;5;117m[DEBUG]: [0mThis is a debug message from thread 2418-09-2026 00:29:34 [38;5;015m[INFO]: [0mThis is a info message from thread 2218-09-2026 00:29:34 [38;5;015m[INFO]: [0mThis is a info message from thread 2418-09-2026 00:29:34 [38;5;015m[INFO]: [0mThis is a info message from thread 618-09-2026 00:29:34 [38;5;117m[DEBUG]: [0mThis is a debug message from thread 1218-09-2026 00:29:34 [38;5;117m[DEBUG]: [0mThis is a debug message from thread 1118-09-2026 00:29:34 [38;5;009m[ERROR]: [0mThis is a error message from thread 618-09-2026 00:29:34 [38;5;117m[DEBUG]: [0mThis is a debug message from thread 1618-09-2026 00:29:34 [38;5;009m[ERROR]: [0mThis is a error message from thread 2418-09-2026 00:29:34 [38;5;009m[ERROR]: [0mThis is a error message from thread 318-09-2026 00:29:34 [38;5;009m[ERROR]: [0mThis is a error message from thread 2918-09-2026 00:29:34 [38;5;117m[DEBUG]: [0mThis is a debug message from thread 318-09-2026 00:29:34 [38;5;015m[INFO]: [0mThis is a info message from thread 1118-09-2026 00:29:34 [38;5;015m[INFO]: [0mThis is a info message from thread 318-09-2026 00:29:34 [38;5;117m[DEBUG]: [0mThis is a debug message from thread 618-09-2026 00:29:34 [38;5;009m[ERROR]: [0mThis is a error message from thread 318-09-2026 00:29:34 [38;5;015m[INFO]: [0mThis is a info message from thread 618-09-2026 00:29:34 [38;5;117m[DEBUG]: [0mThis is a debug message from thread 2418-09-2026 00:29:34 [38;5;009m[ERROR]: [0mThis is a error message from thread 2618-09-2026 00:29:34 [38;5;117m[DEBUG]: [0mThis is a debug message from thread 2718-09-2026 00:29:34 [38;5;117m[DEBUG]: [0mThis is a debug message from thread 2918-09-2026 00:29:34 [38;5;015m[INFO]: [0mThis is a info message from thread 1618-09-2026 00:29:34 [38;5;117m[DEBUG]: [0mThis is a debug message from thread 2018-09-2026 00:29:34 [38;5;009m[ERROR]: [0mThis is a error message from thread 1618-09-2026 00:29:34 [38;5;117m[DEBUG]: [0mThis is a debug message from thread 1418-09-2026 00:29:34 [38;5;015m[INFO]: [0mThis is a info message from thread 1218-09-2026 00:29:34 [38;5;117m[DEBUG]: [0mThis is a debug message from thread 418-09-2026 00:29:34 [38;5;117m[DEBUG]: [0mThis is a debug message from thread 518-09-2026 00:29:34 [38;5;009m[ERROR]: [0mThis is a error message from thread 118-09-2026 00:29:34 [38;5;015m[INFO]: [0mThis is a info message from thread 918-09-2026 00:29:34 [38;5;015m[INFO]: [0mThis is a info message from thread 1418-09-2026 00:29:34 [38;5;009m[ERROR]: [0mThis is a error message from thread 2218-09-2026 00:29:34 [38;5;009m[ERROR]: [0mThis is a error message from thread 2518-09-2026 00:29:34 [38;5;015m[INFO]: [0mThis is a info message from thread 2918-09-2026 00:29:34 [38;5;117m[DEBUG]: [0mThis is a debug message from thread 2118-09-2026 00:29:34 [38;5;015m[INFO]: [0mThis is a info message from thread 518-09-2026 00:29:34 [38;5;009m[ERROR]: [0mThis is a error message from thread 918-09-2026 00:29:34 [38;5;009m[ERROR]: [0mThis is a error message from thread 1418-09-2026 00:29:34 [38;5;117m[DEBUG]: [0mThis is a debug message from thread 2218-09-2026 00:29:34 [38;5;009m[ERROR]: [0mThis is a error message from thread 518-09-2026 00:29:34 [38;5;117m[DEBUG]: [0mThis is a debug message from thread 518-09-2026 00:29:34 [38;5;117m[DEBUG]: [0mThis is a debug message from thread 918-09-2026 00:29:34 [38;5;015m[INFO]: [0mThis is a info message from thread 2218-09-2026 00:29:34 [38;5;015m[INFO]: [0mThis is a info message from thread 2118-09-2026 00:29:34 [38;5;015m[INFO]: [0mThis is a info message from thread 418-09-2026 00:29:34 [38;5;009m[ERROR]: [0mThis is a error message from thread 1218-09-2026 00:29:34 [38;5;009m[ERROR]: [0mThis is a error message from thread 2218-09-2026 00:29:34 [38;5;009m[ERROR]: [0mThis is a error message from thread 2118-09-2026 00:29:34 [38;5;117m[DEBUG]: [0mThis is a debug message from thread 2218-09-2026 00:29:34 [38;5;009m[ERROR]: [0mThis is a error message from thread 2918-09-2026 00:29:34 [38;5;117m[DEBUG]: [0mThis is a debug message from thread 2918-09-2026 00:29:34 [38;5;015m[INFO]: [0mThis is a info message from thread 2918-09-2026 00:29:34 [38;5;117m[DEBUG]: [0mThis is a debug message from thread 2118-09-2026 00:29:34 [38;5;117m[DEBUG]: [0mThis is a debug message from thread 118-09-2026 00:29:34 [38;5;015m[INFO]: [0mThis is a info message from thread 2418-09-2026 00:29:34 [38;5;117m[DEBUG]: [0mThis is a debug message from thread 1218-09-2026 00:29:34 [38;5;015m[INFO]: [0mThis is a info message from thread 2118-09-2026 00:29:34 [38;5;015m[INFO]: [0mThis is a info message from thread 518-09-2026 00:29:34 [38;5;009m[ERROR]: [0mThis is a error message from thread 1018-09-2026 00:29:34 [38;5;009m[ERROR]: [0mThis is a error message from thread 518-09-2026 00:29:34 [38;5;009m[ERROR]: [0mThis is a error message from thread 2918-09-2026 00:29:34 [38;5;117m[DEBUG]: [0mThis is a debug message from thread 518-09-2026 00:29:34 [38;5;117m[DEBUG]: [0mThis is a debug message from thread 2918-09-2026 00:29:34 [38;5;015m[INFO]: [0mThis is a info message from thread 2218-09-2026 00:29:34 [38;5;117m[DEBUG]: [0mThis is a debug message from thread 818-09-2026 00:29:34 [38;5;015m[INFO]: [0mThis is a info message from thread 118-09-2026 00:29:34 [38;5;117m[DEBUG]: [0mThis is a debug message from thread 1018-09-2026 00:29:34 [38;5;009m[ERROR]: [0mThis is a error message from thread 118-09-2026 00:29:34 [38;5;117m[DEBUG]: [0mThis is a debug message from thread 1618-09-2026 00:29:34 [38;5;015m[INFO]: [0mThis is a info message from thread 918-09-2026 00:29:34 [38;5;117m[DEBUG]: [0mThis is a debug message from thread 2518-09-2026 00:29:34 [38;5;009m[ERROR]: [0mThis is a error message from thread 018-09-2026 00:29:34 [38;5;009m[ERROR]: [0mThis is a error message from thread 2418-09-2026 00:29:34 [38;5;015m[INFO]: [0mThis is a info message from thread 2018-09-2026 00:29:34 [38;5;015m[INFO]: [0mThis is a info message from thread 1218-09-2026 00:29:34 [38;5;009m[ERROR]: [0mThis is a error message from thread 2218-09-2026 00:29:34 [38;5;009m[ERROR]: [0mThis is a error message from thread 1818-09-2026 00:29:34 [38;5;117m[DEBUG]: [0mThis is a debug message from thread 2618-09-2026 00:29:34 [38;5;015m[INFO]: [0mThis is a info message from thread 1518-09-2026 00:29:34 [38;5;015m[INFO]: [0mThis is a info message from thread 818-09-2026 00:29:34 [38;5;015m[INFO]: [0mThis is a info message from thread 518-09-2026 00:29:34 [38;5;009m[ERROR]: [0mThis is a error message from thread 1518-09-2026 00:29:34 [38;5;015m[INFO]: [0mThis is a info message from thread 2318-09-2026 00:29:34 [38;5;015m[INFO]: [0mThis is a info message from thread 2518-09-2026 00:29:34 [38;5;015m[INFO]: [0mThis is a info message from thread 1718-09-2026 00:29:34 [38;5;015m[INFO]: [0mThis is a info message from thread 2618-09-2026 00:29:34 [38;5;015m[INFO]: [0mThis is a info message from thread 1018-09-2026 00:29:34 [38;5;009m[ERROR]: [0mThis is a error message from thread 2318-09-2026 00:29:34 [38;5;015m[INFO]: [0mThis is a info message from thread 1318-09-2026 00:29:34 [38;5;117m[DEBUG]: [0mThis is a debug message from thread 718-09-2026 00:29:34 [38;5;009m[ERROR]: [0mThis is a error message from thread 818-09-2026 00:29:34 [38;5;015m[INFO]: [0mThis is a info message from thread 718-09-2026 00:29:34 [38;5;009m[ERROR]: [0mThis is a error message from thread 1218-09-2026 00:29:34 [38;5;117m[DEBUG]: [0mThis is a debug message from thread 1818-09-2026 00:29:34 [38;5;015m[INFO]: [0mThis is a info message from thread 2918-09-2026 00:29:34 [38;5;009m[ERROR]: [0mThis is a error message from thread 1018-09-2026 00:29:34 [38;5;117m[DEBUG]: [0mThis is a debug message from thread 2218-09-2026 00:29:34 [38;5;009m[ERROR]: [0mThis is a error message from thread 718-09-2026 00:29:34 [38;5;117m[DEBUG]: [0mThis is a debug message from thread 1018-09-2026 00:29:34 [38;5;117m[DEBUG]: [0mThis is a debug message from thread 118-09-2026 00:29:34 [38;5;117m[DEBUG]: [0mThis is a debug message from thread 2318-09-2026 00:29:34 [38;5;015m[INFO]: [0mThis is a info message from thread 1018-09-2026 00:29:34 [38;5;015m[INFO]: [0mThis is a info message from thread 1618-09-2026 00:29:34 [38;5;009m[ERROR]: [0mThis is a error message from thread 2818-09-2026 00:29:34 [38;5;009m[ERROR]: [0mThis is a error message from thread 918-09-2026 00:29:34 [38;5;015m[INFO]: [0mThis is a info message from thread 118-09-2026 00:29:34 [38;5;009m[ERROR]: [0mThis is a error message from thread 2918-09-2026 00:29:34 [38;5;117m[DEBUG]: [0mThis is a debug message from thread 918-09-2026 00:29:34 [38;5;009m[ERROR]: [0mThis is a error message from thread 1118-09-2026 00:29:34 [38;5;009m[ERROR]: [0mThis is a error message from thread 1618-09-2026 00:29:34 [38;5;015m[INFO]: [0mThis is a info message from thread 918-09-2026 00:29:34 [38;5;117m[DEBUG]: [0mThis is a debug message from thread 2818-09-2026 00:29:34 [38;5;009m[ERROR]: [0mThis is a error message from thread 1018-09-2026 00:29:34 [38;5;009m[ERROR]: [0mThis is a error message from thread 518-09-2026 00:29:34 [38;5;009m[ERROR]: [0mThis is a error message from thread 918-09-2026 00:29:34 [38;5;117m[DEBUG]: [0mThis is a debug message from thread 1118-09-2026 00:29:34 [38;5;009m[ERROR]: [0mThis is a error message from thread 118-09-2026 00:29:34 [38;5;117m[DEBUG]: [0mThis is a debug message from thread 2918-09-2026 00:29:34 [38;5;015m[INFO]: [0mThis is a info message from thread 2918-09-2026 00:29:34 [38;5;117m[DEBUG]: [0mThis is a debug message from thread 1018-09-2026 00:29:34 [38;5;009m[ERROR]: [0mThis is a error message from thread 2918-09-2026 00:29:34 [38;5;009m[ERROR]: [0mThis is a error message from thread 2518-09-2026 00:29:34 [38;5;015m[INFO]: [0mThis is a info message from thread 2818-09-2026 00:29:34 [38;5;117m[DEBUG]: [0mThis is a debug message from thread 118-09-2026 00:29:34 [38;5;009m[ERROR]: [0mThis is a error message from thread 418-09-2026 00:29:34 [38;5;015m[INFO]: [0mThis is a info message from thread 118-09-2026 00:29:34 [38;5;015m[INFO]: [0mThis is a info message from thread 1818-09-2026 00:29:34 [38;5;009m[ERROR]: [0mThis is a error message from thread 1918-09-2026 00:29:34 [38;5;009m[ERROR]: [0mThis is a error message from thread 2018-09-2026 00:29:34 [38;5;117m[DEBUG]: [0mThis is a debug message from thread 318-09-2026 00:29:34 [38;5;117m[DEBUG]: [0mThis is a debug message from thread 2518-09-2026 00:29:34 [38;5;009m[ERROR]: [0mThis is a error message from thread 2818-09-2026 00:29:34 [38;5;117m[DEBUG]: [0mThis is a debug message from thread 418-09-2026 00:29:34 [38;5;117m[DEBUG]: [0mThis is a debug message from thread 918-09-2026 00:29:34 [38;5;117m[DEBUG]: [0mThis is a debug message from thread 518-09-2026 00:29:34 [38;5;015m[INFO]: [0mThis is a info message from thread 918-09-2026 00:29:34 [38;5;009m[ERROR]: [0mThis is a error message from thread 1818-09-2026 00:29:34 [38;5;117m[DEBUG]: [0mThis is a debug message from thread 1818-09-2026 00:29:34 [38;5;015m[INFO]: [0mThis is a info message from thread 318-09-2026 00:29:34 [38;5;015m[INFO]: [0mThis is a info message from thread 518-09-2026 00:29:34 [38;5;015m[INFO]: [0mThis is a info message from thread 2718-09-2026 00:29:34 [38;5;015m[INFO]: [0mThis is a info message from thread 1818-09-2026 00:29:34 [38;5;009m[ERROR]: [0mThis is a error message from thread 2718-09-2026 00:29:34 [38;5;009m[ERROR]: [0mThis is a error message from thread 118-09-2026 00:29:34 [38;5;117m[DEBUG]: [0mThis is a debug message from thread 2418-09-2026 00:29:34 [38;5;009m[ERROR]: [0mThis is a error message from thread 1818-09-2026 00:29:34 [38;5;009m[ERROR]: [0mThis is a error message from thread 218-09-2026 00:29:34 [38;5;009m[ERROR]: [0mThis is a error message from thread 318-09-2026 00:29:34 [38;5;117m[DEBUG]: [0mThis is a debug message from thread 318-09-2026 00:29:34 [38;5;015m[INFO]: [0mThis is a info message from thread 318-09-2026 00:29:34 [38;5;009m[ERROR]: [0mThis is a error message from thread 518-09-2026 00:29:34 [38;5;117m[DEBUG]: [0mThis is a debug message from thread 1918-09-2026 00:29:34 [38;5;117m[DEBUG]: [0mThis is a debug message from thread 2918-09-2026 00:29:34 [38;5;015m[INFO]: [0mThis is a info message from thread 2918-09-2026 00:29:34 [38;5;117m[DEBUG]: [0mThis is a debug message from thread 2018-09-2026 00:29:34 [38;5;009m[ERROR]: [0mThis is a error message from thread 318-09-2026 00:29:34 [38;5;015m[INFO]: [0mThis is a info message from thread 2418-09-2026 00:29:34 [38;5;117m[DEBUG]: [0mThis is a debug message from thread 2718-09-2026 00:29:34 [38;5;009m[ERROR]: [0mThis is a error message from thread 2618-09-2026 00:29:34 [38;5;117m[DEBUG]: [0mThis is a debug message from thread 1218-09-2026 00:29:34 [38;5;117m[DEBUG]: [0mThis is a debug message from thread 1818-09-2026 00:29:34 [38;5;015m[INFO]: [0mThis is a info message from thread 2718-09-2026 00:29:34 [38;5;117m[DEBUG]: [0mThis is a debug message from thread 018-09-2026 00:29:34 [38;5;015m[INFO]: [0mThis is a info message from thread 1018-09-2026 00:29:34 [38;5;015m[INFO]: [0mThis is a info message from thread 1918-09-2026 00:29:34 [38;5;117m[DEBUG]: [0mThis is a debug message from thread 2618-09-2026 00:29:34 [38;5;015m[INFO]: [0mThis is a info message from thread 2018-09-2026 00:29:34 [38;5;015m[INFO]: [0mThis is a info message from thread 1818-09-2026 00:29:34 [38;5;015m[INFO]: [0mThis is a info message from thread 2618-09-2026 00:29:34 [38;5;009m[ERROR]: [0mThis is a error message from thread 2018-09-2026 00:29:34 [38;5;015m[INFO]: [0mThis is a info message from thread 018-09-2026 00:29:34 [38;5;009m[ERROR]: [0mThis is a error message from thread 2618-09-2026 00:29:34 [38;5;015m[INFO]: [0mThis is a info message from thread 418-09-2026 00:29:34 [38;5;117m[DEBUG]: [0mThis is a debug message from thread 2818-09-2026 00:29:34 [38;5;015m[INFO]: [0mThis is a info message from thread 2218-09-2026 00:29:34 [38;5;117m[DEBUG]: [0mThis is a debug message from thread 518-09-2026 00:29:34 [38;5;009m[ERROR]: [0mThis is a error message from thread 2218-09-2026 00:29:34 [38;5;015m[INFO]: [0mThis is a info message from thread 1118-09-2026 00:29:34 [38;5;117m[DEBUG]: [0mThis is a debug message from thread 318-09-2026 00:29:34 [38;5;009m[ERROR]: [0mThis is a error message from thread 1718-09-2026 00:29:34 [38;5;117m[DEBUG]: [0mThis is a debug message from thread 2618-09-2026 00:29:34 [38;5;015m[INFO]: [0mThis is a info message from thread 2818-09-2026 00:29:34 [38;5;015m[INFO]: [0mThis is a info message from thread 518-09-2026 00:29:34 [38;5;009m[ERROR]: [0mThis is a error message from thread 2418-09-2026 00:29:34 [38;5;117m[DEBUG]: [0mThis is a debug message from thread 2018-09-2026 00:29:34 [38;5;009m[ERROR]: [0mThis is a error message from thread 1318-09-2026 00:29:34 [38;5;015m[INFO]: [0mThis is a info message from thread 2518-09-2026 00:29:34 [38;5;117m[DEBUG]: [0mThis is a debug message from thread 118-09-2026 00:29:34 [38;5;117m[DEBUG]: [0mThis is a debug message from thread 2218-09-2026 00:29:34 [38;5;015m[INFO]: [0mThis is a info message from thread 2618-09-2026 00:29:34 [38;5;015m[INFO]: [0mThis is a info message from thread 2218-09-2026 00:29:34 [38;5;009m[ERROR]: [0mThis is a error message from thread 2618-09-2026 00:29:34 [38;5;009m[ERROR]: [0mThis is a error message from thread 2218-09-2026 00:29:34 [38;5;009m[ERROR]: [0mThis is a error message from thread 1818-09-2026 00:29:34 [38;5;009m[ERROR]: [0mThis is a error message from thread 418-09-2026 00:29:34 [38;5;015m[INFO]: [0mThis is a info message from thread 318-09-2026 00:29:34 [38;5;009m[ERROR]: [0mThis is a error message from thread 1918-09-2026 00:29:34 [38;5;009m[ERROR]: [0mThis is a error message from thread 518-09-2026 00:29:34 [38;5;009m[ERROR]: [0mThis is a error message from thread 2118-09-2026 00:29:34 [38;5;117m[DEBUG]: [0mThis is a debug message from thread 218-09-2026 00:29:34 [38;5;117m[DEBUG]: [0mThis is a debug message from thread 418-09-2026 00:29:34 [38;5;117m[DEBUG]: [0mThis is a debug message from thread 2218-09-2026 00:29:34 [38;5;009m[ERROR]: [0mThis is a error message from thread 318-09-2026 00:29:34 [38;5;117m[DEBUG]: [0mThis is a debug message from thread 2118-09-2026 00:29:34 [38;5;009m[ERROR]: [0mThis is a error message from thread 918-09-2026 00:29:34 [38;5;015m[INFO]: [0mThis is a info message from thread 2118-09-2026 00:29:34 [38;5;015m[INFO]: [0mThis is a info message from thread 2218-09-2026 00:29:34 [38;5;015m[INFO]: [0mThis is a info message from thread 2018-09-2026 00:29:34 [38;5;117m[DEBUG]: [0mThis is a debug message from thread 518-09-2026 00:29:34 [38;5;015m[INFO]: [0mThis is a info message from thread 218-09-2026 00:29:34 [38;5;015m[INFO]: [0mThis is a info message from thread 2318-09-2026 00:29:34 [38;5;009m[ERROR]: [0mThis is a error message from thread 2718-09-2026 00:29:34 [38;5;117m[DEBUG]: [0mThis is a debug message from thread 1618-09-2026 00:29:34 [38;5;117m[DEBUG]: [0mThis is a debug message from thread 818-09-2026 00:29:34 [38;5;009m[ERROR]: [0mThis is a error message from thread 2018-09-2026 00:29:34 [38;5;009m[ERROR]: [0mThis is a error message from thread 2318-09-2026 00:29:34 [38;5;117m[DEBUG]: [0mThis is a debug message from thread 2018-09-2026 00:29:34 [38;5;015m[INFO]: [0mThis is a info message from thread 2018-09-2026 00:29:34 [38;5;009m[ERROR]: [0mThis is a error message from thread 2218-09-2026 00:29:34 [38;5;015m[INFO]: [0mThis is a info message from thread 818-09-2026 00:29:34 [38;5;009m[ERROR]: [0mThis is a error message from thread 2018-09-2026 00:29:34 [38;5;117m[DEBUG]: [0mThis is a debug message from thread 2018-09-2026 00:29:34 [38;5;117m[DEBUG]: [0mThis is a debug message from thread 2218-09-2026 00:29:34 [38;5;117m[DEBUG]: [0mThis is a debug message from thread 318-09-2026 00:29:34 [38;5;015m[INFO]: [0mThis is a info message from thread 1618-09-2026 00:29:34 [38;5;117m[DEBUG]: [0mThis is a debug message from thread 1518-09-2026 00:29:34 [38;5;117m[DEBUG]: [0mThis is a debug message from thread 1918-09-2026 00:29:34 [38;5;117m[DEBUG]: [0mThis is a debug message from thread 718-09-2026 00:29:34 [38;5;117m[DEBUG]: [0mThis is a debug message from thread 2318-09-2026 00:29:34 [38;5;009m[ERROR]: [0mThis is a error message from thread 818-09-2026 00:29:34 [38;5;009m[ERROR]: [0mThis is a error message from thread 218-09-2026 00:29:34 [38;5;117m[DEBUG]: [0mThis is a debug message from thread 2418-09-2026 00:29:34 [38;5;015m[INFO]: [0mThis is a info message from thread 2318-09-2026 00:29:34 [38;5;117m[DEBUG]: [0mThis is a debug message from thread 2618-09-2026 00:29:34 [38;5;009m[ERROR]: [0mThis is a error message from thread 2818-09-2026 00:29:34 [38;5;009m[ERROR]: [0mThis is a error message from thread 1018-09-2026 00:29:34 [38;5;015m[INFO]: [0mThis is a info message from thread 1518-09-2026 00:29:34 [38;5;015m[INFO]: [0mThis is a info message from thread 2018-09-2026 00:29:34 [38;5;117m[DEBUG]: [0mThis is a debug message from thread 2718-09-2026 00:29:34 [38;5;117m[DEBUG]: [0mThis is a debug message from thread 2818-09-2026 00:29:34 [38;5;117m[DEBUG]: [0mThis is a debug message from thread 218-09-2026 00:29:34 [38;5;015m[INFO]: [0mThis is a info message from thread 2418-09-2026 00:29:34 [38;5;117m[DEBUG]: [0mThis is a debug message from thread 818-09-2026 00:29:34 [38;5;009m[ERROR]: [0mThis is a error message from thread 2418-09-2026 00:29:34 [38;5;009m[ERROR]: [0mThis is a error message from thread 2318-09-2026 00:29:34 [38;5;009m[ERROR]: [0mThis is a error message from thread 1518-09-2026 00:29:34 [38;5;117m[DEBUG]: [0mThis is a debug message from thread 2418-09-2026 00:29:34 [38;5;015m[INFO]: [0mThis is a info message from thread 818-09-2026 00:29:34 [38;5;015m[INFO]: [0mThis is a info message from thread 2418-09-2026 00:29:34 [38;5;009m[ERROR]: [0mThis is a error message from thread 2418-09-2026 00:29:34 [38;5;009m[ERROR]: [0mThis is a error message from thread 818-09-2026 00:29:34 [38;5;117m[DEBUG]: [0mThis is a debug message from thread 2318-09-2026 00:29:34 [38;5;117m[DEBUG]: [0mThis is a debug message from thread 818-09-2026 00:29:34 [38;5;015m[INFO]: [0mThis is a info message from thread 218-09-2026 00:29:34 [38;5;015m[INFO]: [0mThis is a info message from thread 718-09-2026 00:29:34 [38;5;117m[DEBUG]: [0mThis is a debug message from thread 1018-09-2026 00:29:34 [38;5;009m[ERROR]: [0mThis is a error message from thread 1118-09-2026 00:29:34 [38;5;015m[INFO]: [0mThis is a info message from thread 2818-09-2026 00:29:34 [38;5;009m[ERROR]: [0mThis is a error message from thread 2018-09-2026 00:29:34 [38;5;015m[INFO]: [0mThis is a info message from thread 2318-09-2026 00:29:34 [38;5;009m[ERROR]: [0mThis is a error message from thread 2318-09-2026 00:29:34 [38;5;117m[DEBUG]: [0mThis is a debug message from thread 1118-09-2026 00:29:34 [38;5;015m[INFO]: [0mThis is a info message from thread 1918-09-2026 00:29:34 [38;5;009m[ERROR]: [0mThis is a error message from thread 1918-09-2026 00:29:34 [38;5;015m[INFO]: [0mThis is a info message from thread 1018-09-2026 00:29:34 [38;5;117m[DEBUG]: [0mThis is a debug message from thread 1918-09-2026 00:29:34 [38;5;117m[DEBUG]: [0mThis is a debug message from thread 1518-09-2026 00:29:34 [38;5;015m[INFO]: [0mThis is a info message from thread 818-09-2026 00:29:34 [38;5;009m[ERROR]: [0mThis is a error message from thread 2518-09-2026 00:29:34 [38;5;009m[ERROR]: [0mThis is a error message from thread 018-09-2026 00:29:34 [38;5;009m[ERROR]: [0mThis is a error message from thread 718-09-2026 00:29:34 [38;5;009m[ERROR]: [0mThis is a error message from thread 2818-09-2026 00:29:34 [38;5;117m[DEBUG]: [0mThis is a debug message from thread 018-09-2026 00:29:34 [38;5;015m[INFO]: [0mThis is a info message from thread 1518-09-2026 00:29:34 [38;5;009m[ERROR]: [0mThis is a error message from thread 618-09-2026 00:29:34 [38;5;015m[INFO]: [0mThis is a info message from thread 2618-09-2026 00:29:34 [38;5;009m[ERROR]: [0mThis is a error message from thread 218-09-2026 00:29:34 [38;5;015m[INFO]: [0mThis is a info message from thread 418-09-2026 00:29:34 [38;5;015m[INFO]: [0mThis is a info message from thread 018-09-2026 00:29:34 [38;5;117m[DEBUG]: [0mThis is a debug message from thread 2318-09-2026 00:29:34 [38;5;117m[DEBUG]: [0mThis is a debug message from thread 718-09-2026 00:29:34 [38;5;117m[DEBUG]: [0mThis is a debug message from thread 2018-09-2026 00:29:34 [38;5;015m[INFO]: [0mThis is a info message from thread 2318-09-2026 00:29:34 [38;5;009m[ERROR]: [0mThis is a error message from thread 018-09-2026 00:29:34 [38;5;117m[DEBUG]: [0mThis is a debug message from thread 618-09-2026 00:29:34 [38;5;009m[ERROR]: [0mThis is a error message from thread 1518-09-2026 00:29:34 [38;5;009m[ERROR]: [0mThis is a error message from thread 1018-09-2026 00:29:34 [38;5;117m[DEBUG]: [0mThis is a debug message from thread 1318-09-2026 00:29:34 [38;5;117m[DEBUG]: [0mThis is a debug message from thread 1718-09-2026 00:29:34 [38;5;009m[ERROR]: [0mThis is a error message from thread 2118-09-2026 00:29:34 [38;5;009m[ERROR]: [0mThis is a error message from thread 418-09-2026 00:29:34 [38;5;015m[INFO]: [0mThis is a info message from thread 618-09-2026 00:29:34 [38;5;009m[ERROR]: [0mThis is a error message from thread 618-09-2026 00:29:34 [38;5;015m[INFO]: [0mThis is a info message from thread 2018-09-2026 00:29:34 [38;5;117m[DEBUG]: [0mThis is a debug message from thread 2118-09-2026 00:29:34 [38;5;015m[INFO]: [0mThis is a info message from thread 1318-09-2026 00:29:34 [38;5;117m[DEBUG]: [0mThis is a debug message from thread 018-09-2026 00:29:34 [38;5;015m[INFO]: [0mThis is a info message from thread 018-09-2026 00:29:34 [38;5;117m[DEBUG]: [0mThis is a debug message from thread 1518-09-2026 00:29:34 [38;5;015m[INFO]: [0mThis is a info message from thread 1118-09-2026 00:29:34 [38;5;015m[INFO]: [0mThis is a info message from thread 2718-09-2026 00:29:34 [38;5;015m[INFO]: [0mThis is a info message from thread 718-09-2026 00:29:34 [38;5;117m[DEBUG]: [0mThis is a debug message from thread 1418-09-2026 00:29:34 [38;5;009m[ERROR]: [0mThis is a error message from thread 2018-09-2026 00:29:34 [38;5;015m[INFO]: [0mThis is a info message from thread 1918-09-2026 00:29:34 [38;5;009m[ERROR]: [0mThis is a error message from thread 2618-09-2026 00:29:34 [38;5;009m[ERROR]: [0mThis is a error message from thread 2718-09-2026 00:29:34 [38;5;015m[INFO]: [0mThis is a info message from thread 318-09-2026 00:29:34 [38;5;009m[ERROR]: [0mThis is a error message from thread 1918-09-2026 00:29:34 [38;5;117m[DEBUG]: [0mThis is a debug message from thread 418-09-2026 00:29:34 [38;5;009m[ERROR]: [0mThis is a error message from thread 1118-09-2026 00:29:34 [38;5;009m[ERROR]: [0mThis is a error message from thread 318-09-2026 00:29:34 [38;5;117m[DEBUG]: [0mThis is a debug message from thread 2018-09-2026 00:29:34 [38;5;015m[INFO]: [0mThis is a info message from thread 1418-09-2026 00:29:34 [38;5;117m[DEBUG]: [0mThis is a debug message from thread 1918-09-2026 00:29:34 [38;5;117m[DEBUG]: [0mThis is a debug message from thread 1018-09-2026 00:29:34 [38;5;117m[DEBUG]: [0mThis is a debug message from thread 318-09-2026 00:29:34 [38;5;117m[DEBUG]: [0mThis is a debug message from thread 218-09-2026 00:29:34 [38;5;015m[INFO]: [0mThis is a info message from thread 2018-09-2026 00:29:34 [38;5;015m[INFO]: [0mThis is a info message from thread 518-09-2026 00:29:34 [38;5;009m[ERROR]: [0mThis is a error message from thread 718-09-2026 00:29:34 [38;5;117m[DEBUG]: [0mThis is a debug message from thread 2718-09-2026 00:29:34 [38;5;015m[INFO]: [0mThis is a info message from thread 318-09-2026 00:29:34 [38;5;015m[INFO]: [0mThis is a info message from thread 1018-09-2026 00:29:34 [38;5;009m[ERROR]: [0mThis is a error message from thread 318-09-2026 00:29:34 [38;5;015m[INFO]: [0mThis is a info message from thread 1918-09-2026 00:29:34 [38;5;009m[ERROR]: [0mThis is a error message from thread 1018-09-2026 00:29:34 [38;5;117m[DEBUG]: [0mThis is a debug message from thread 918-09-2026 00:29:34 [38;5;015m[INFO]: [0mThis is a info message from thread 1518-09-2026 00:29:34 [38;5;117m[DEBUG]: [0mThis is a debug message from thread 318-09-2026 00:29:34 [38;5;015m[INFO]: [0mThis is a info message from thread 2218-09-2026 00:29:34 [38;5;009m[ERROR]: [0mThis is a error message from thread 1318-09-2026 00:29:34 [38;5;009m[ERROR]: [0mThis is a error message from thread 518-09-2026 00:29:34 [38;5;015m[INFO]: [0mThis is a info message from thread 918-09-2026 00:29:34 [38;5;015m[INFO]: [0mThis is a info message from thread 218-09-2026 00:29:34 [38;5;009m[ERROR]: [0mThis is a error message from thread 1518-09-2026 00:29:34 [38;5;015m[INFO]: [0mThis is a info message from thread 318-09-2026 00:29:34 [38;5;009m[ERROR]: [0mThis is a error message from thread 318-09-2026 00:29:34 [38;5;117m[DEBUG]: [0mThis is a debug message from thread 1318-09-2026 00:29:34 [38;5;117m[DEBUG]: [0mThis is a debug message from thread 518-09-2026 00:29:34 [38;5;009m[ERROR]: [0mThis is a error message from thread 218-09-2026 00:29:34 [38;5;009m[ERROR]: [0mThis is a error message from thread 1618-09-2026 00:29:34 [38;5;009m[ERROR]: [0mThis is a error message from thread 018-09-2026 00:29:34 [38;5;117m[DEBUG]: [0mThis is a debug message from thread 1018-09-2026 00:29:34 [38;5;015m[INFO]: [0mThis is a info message from thread 118-09-2026 00:29:34 [38;5;015m[INFO]: [0mThis is a info message from thread 1218-09-2026 00:29:34 [38;5;015m[INFO]: [0mThis is a info message from thread 2118-09-2026 00:29:34 [38;5;117m[DEBUG]: [0mThis is a debug message from thread 2418-09-2026 00:29:34 [38;5;015m[INFO]: [0mThis is a info message from thread 1318-09-2026 00:29:34 [38;5;009m[ERROR]: [0mThis is a error message from thread 1418-09-2026 00:29:34 [38;5;117m[DEBUG]: [0mThis is a debug message from thread 218-09-2026 00:29:34 [38;5;009m[ERROR]: [0mThis is a error message from thread 2918-09-2026 00:29:34 [38;5;117m[DEBUG]: [0mThis is a debug message from thread 018-09-2026 00:29:34 [38;5;009m[ERROR]: [0mThis is a error message from thread 118-09-2026 00:29:34 [38;5;015m[INFO]: [0mThis is a info message from thread 518-09-2026 00:29:34 [38;5;015m[INFO]: [0mThis is a info message from thread 1018-09-2026 00:29:34 [38;5;009m[ERROR]: [0mThis is a error message from thread 2118-09-2026 00:29:34 [38;5;117m[DEBUG]: [0mThis is a debug message from thread 618-09-2026 00:29:34 [38;5;117m[DEBUG]: [0mThis is a debug message from thread 118-09-2026 00:29:34 [38;5;117m[DEBUG]: [0mThis is a debug message from thread 2918-09-2026 00:29:34 [38;5;009m[ERROR]: [0mThis is a error message from thread 518-09-2026 00:29:34 [38;5;117m[DEBUG]: [0mThis is a debug message from thread 2118-09-2026 00:29:34 [38;5;117m[DEBUG]: [0mThis is a debug message from thread 1418-09-2026 00:29:34 [38;5;015m[INFO]: [0mThis is a info message from thread 2118-09-2026 00:29:34 [38;5;015m[INFO]: [0mThis is a info message from thread 118-09-2026 00:29:34 [38;5;009m[ERROR]: [0mThis is a error message from thread 1018-09-2026 00:29:34 [38;5;015m[INFO]: [0mThis is a info message from thread 618-09-2026 00:29:34 [38;5;009m[ERROR]: [0mThis is a error message from thread 118-09-2026 00:29:34 [38;5;117m[DEBUG]: [0mThis is a debug message from thread 1018-09-2026 00:29:34 [38;5;015m[INFO]: [0mThis is a info message from thread 2918-09-2026 00:29:34 [38;5;015m[INFO]: [0mThis is a info message from thread 218-09-2026 00:29:34 [38;5;015m[INFO]: [0mThis is a info message from thread 2418-09-2026 00:29:34 [38;5;015m[INFO]: [0mThis is a info message from thread 1018-09-2026 00:29:34 [38;5;009m[ERROR]: [0mThis is a error message from thread 218-09-2026 00:29:34 [38;5;009m[ERROR]: [0mThis is a error message from thread 1018-09-2026 00:29:34 [38;5;009m[ERROR]: [0mThis is a error message from thread 618-09-2026 00:29:34 [38;5;117m[DEBUG]: [0mThis is a debug message from thread 218-09-2026 00:29:34 [38;5;117m[DEBUG]: [0mThis is a debug message from thread 2618-09-2026 00:29:34 [38;5;117m[DEBUG]: [0mThis is a debug message from thread 1018-09-2026 00:29:34 [38;5;117m[DEBUG]: [0mThis is a debug message from thread 618-09-2026 00:29:34 [38;5;117m[DEBUG]: [0mThis is a debug message from thread 1818-09-2026 00:29:34 [38;5;117m[DEBUG]: [0mThis is a debug message from thread 518-09-2026 00:29:34 [38;5;117m[DEBUG]: [0mThis is a debug message from thread 318-09-2026 00:29:34 [38;5;015m[INFO]: [0mThis is a info message from thread 1418-09-2026 00:29:34 [38;5;015m[INFO]: [0mThis is a info message from thread 018-09-2026 00:29:34 [38;5;015m[INFO]: [0mThis is a info message from thread 2618-09-2026 00:29:34 [38;5;117m[DEBUG]: [0mThis is a debug message from thread 1618-09-2026 00:29:34 [38;5;009m[ERROR]: [0mThis is a error message from thread 2118-09-2026 00:29:34 [38;5;117m[DEBUG]: [0mThis is a debug message from thread 1518-09-2026 00:29:34 [38;5;015m[INFO]: [0mThis is a info message from thread 618-09-2026 00:29:34 [38;5;015m[INFO]: [0mThis is a info message from thread 1818-09-2026 00:29:34 [38;5;009m[ERROR]: [0mThis is a error message from thread 2418-09-2026 00:29:34 [38;5;015m[INFO]: [0mThis is a info message from thread 1718-09-2026 00:29:34 [38;5;009m[ERROR]: [0mThis is a error message from thread 2018-09-2026 00:29:34 [38;5;009m[ERROR]: [0mThis is a error message from thread 1318-09-2026 00:29:34 [38;5;015m[INFO]: [0mThis is a info message from thread 318-09-2026 00:29:34 [38;5;015m[INFO]: [0mThis is a info message from thread 1518-09-2026 00:29:34 [38;5;009m[ERROR]: [0mThis is a error message from thread 018-09-2026 00:29:34 [38;5;015m[INFO]: [0mThis is a info message from thread 2718-09-2026 00:29:34 [38;5;009m[ERROR]: [0mThis is a error message from thread 2718-09-2026 00:29:34 [38;5;117m[DEBUG]: [0mThis is a debug message from thread 2018-09-2026 00:29:34 [38;5;009m[ERROR]: [0mThis is a error message from thread 318-09-2026 00:29:34 [38;5;015m[INFO]: [0mThis is a info message from thread 218-09-2026 00:29:34 [38;5;117m[DEBUG]: [0mThis is a debug message from thread 2718-09-2026 00:29:34 [38;5;117m[DEBUG]: [0mThis is a debug message from thread 118-09-2026 00:29:34 [38;5;117m[DEBUG]: [0mThis is a debug message from thread 2118-09-2026 00:29:34 [38;5;009m[ERROR]: [0mThis is a error message from thread 1518-09-2026 00:29:34 [38;5;117m[DEBUG]: [0mThis is a debug message from thread 2518-09-2026 00:29:34 [38;5;009m[ERROR]: [0mThis is a error message from thread 2318-09-2026 00:29:34 [38;5;117m[DEBUG]: [0mThis is a debug message from thread 2318-09-2026 00:29:34 [38;5;015m[INFO]: [0mThis is a info message from thread 2318-09-2026 00:29:34 [38;5;117m[DEBUG]: [0mThis is a debug message from thread 318-09-2026 00:29:34 [38;5;009m[ERROR]: [0mThis is a error message from thread 218-09-2026 00:29:34 [38;5;009m[ERROR]: [0mThis is a error message from thread 1718-09-2026 00:29:34 [38;5;009m[ERROR]: [0mThis is a error message from thread 818-09-2026 00:29:34 [38;5;117m[DEBUG]: [0mThis is a debug message from thread 1518-09-2026 00:29:34 [38;5;015m[INFO]: [0mThis is a info message from thread 318-09-2026 00:29:34 [38;5;015m[INFO]: [0mThis is a info message from thread 118-09-2026 00:29:34 [38;5;117m[DEBUG]: [0mThis is a debug message from thread 2818-09-2026 00:29:34 [38;5;009m[ERROR]: [0mThis is a error message from thread 1418-09-2026 00:29:34 [38;5;015m[INFO]: [0mThis is a info message from thread 2818-09-2026 00:29:34 [38;5;117m[DEBUG]: [0mThis is a debug message from thread 818-09-2026 00:29:34 [38;5;015m[INFO]: [0mThis is a info message from thread 1518-09-2026 00:29:34 [38;5;117m[DEBUG]: [0mThis is a debug message from thread 218-09-2026 00:29:34 [38;5;009m[ERROR]: [0mThis is a error message from thread 1918-09-2026 00:29:34 [38;5;009m[ERROR]: [0mThis is a error message from thread 2818-09-2026 00:29:34 [38;5;117m[DEBUG]: [0mThis is a debug message from thread 018-09-2026 00:29:34 [38;5;015m[INFO]: [0mThis is a info message from thread 518-09-2026 00:29:34 [38;5;009m[ERROR]: [0mThis is a error message from thread 318-09-2026 00:29:34 [38;5;015m[INFO]: [0mThis is a info message from thread 818-09-2026 00:29:34 [38;5;015m[INFO]: [0mThis is a info message from thread 2718-09-2026 00:29:34 [38;5;015m[INFO]: [0mThis is a info message from thread 418-09-2026 00:29:34 [38;5;117m[DEBUG]: [0mThis is a debug message from thread 1418-09-2026 00:29:34 [38;5;015m[INFO]: [0mThis is a info message from thread 1018-09-2026 00:29:34 [38;5;015m[INFO]: [0mThis is a info message from thread 218-09-2026 00:29:34 [38;5;015m[INFO]: [0mThis is a info message from thread 018-09-2026 00:29:34 [38;5;009m[ERROR]: [0mThis is a error message from thread 818-09-2026 00:29:34 [38;5;117m[DEBUG]: [0mThis is a debug message from thread 2818-09-2026 00:29:34 [38;5;009m[ERROR]: [0mThis is a error message from thread 1018-09-2026 00:29:34 [38;5;015m[INFO]: [0mThis is a info message from thread 1418-09-2026 00:29:34 [38;5;009m[ERROR]: [0mThis is a error message from thread 218-09-2026 00:29:34 [38;5;117m[DEBUG]: [0mThis is a debug message from thread 818-09-2026 00:29:34 [38;5;117m[DEBUG]: [0mThis is a debug message from thread 1718-09-2026 00:29:34 [38;5;117m[DEBUG]: [0mThis is a debug message from thread 218-09-2026 00:29:34 [38;5;015m[INFO]: [0mThis is a info message from thread 818-09-2026 00:29:34 [38;5;009m[ERROR]: [0mThis is a error message from thread 2718-09-2026 00:29:34 [38;5;015m[INFO]: [0mThis is a info message from thread 2118-09-2026 00:29:34 [38;5;009m[ERROR]: [0mThis is a error message from thread 1418-09-2026 00:29:34 [38;5;009m[ERROR]: [0mThis is a error message from thread 018-09-2026 00:29:34 [38;5;117m[DEBUG]: [0mThis is a debug message from thread 718-09-2026 00:29:34 [38;5;009m[ERROR]: [0mThis is a error message from thread 2118-09-2026 00:29:34 [38;5;117m[DEBUG]: [0mThis is a debug message from thread 1418-09-2026 00:29:34 [38;5;015m[INFO]: [0mThis is a info message from thread 218-09-2026 00:29:34 [38;5;015m[INFO]: [0mThis is a info message from thread 1418-09-2026 00:29:34 [38;5;117m[DEBUG]: [0mThis is a debug message from thread 318-09-2026 00:29:34 [38;5;009m[ERROR]: [0mThis is a error message from thread 818-09-2026 00:29:34 [38;5;117m[DEBUG]: [0mThis is a debug message from thread 2118-09-2026 00:29:34 [38;5;015m[INFO]: [0mThis is a info message from thread 1718-09-2026 00:29:34 [38;5;015m[INFO]: [0mThis is a info message from thread 318-09-2026 00:29:34 [38;5;117m[DEBUG]: [0mThis is a debug message from thread 1118-09-2026 00:29:34 [38;5;009m[ERROR]: [0mThis is a error message from thread 218-09-2026 00:29:34 [38;5;117m[DEBUG]: [0mThis is a debug message from thread 818-09-2026 00:29:34 [38;5;009m[ERROR]: [0mThis is a error message from thread 1418-09-2026 00:29:34 [38;5;015m[INFO]: [0mThis is a info message from thread 818-09-2026 00:29:34 [38;5;117m[DEBUG]: [0mThis is a debug message from thread 2718-09-2026 00:29:34 [38;5;009m[ERROR]: [0mThis is a error message from thread 2318-09-2026 00:29:34 [38;5;009m[ERROR]: [0mThis is a error message from thread 2618-09-2026 00:29:34 [38;5;117m[DEBUG]: [0mThis is a debug message from thread 1418-09-2026 00:29:34 [38;5;015m[INFO]: [0mThis is a info message from thread 2718-09-2026 00:29:34 [38;5;015m[INFO]: [0mThis is a info message from thread 2118-09-2026 00:29:34 [38;5;015m[INFO]: [0mThis is a info message from thread 2518-09-2026 00:29:34 [38;5;009m[ERROR]: [0mThis is a error message from thread 118-09-2026 00:29:34 [38;5;009m[ERROR]: [0mThis is a error message from thread 2918-09-2026 00:29:34 [38;5;117m[DEBUG]: [0mThis is a debug message from thread 018-09-2026 00:29:34 [38;5;009m[ERROR]: [0mThis is a error message from thread 818-09-2026 00:29:34 [38;5;117m[DEBUG]: [0mThis is a debug message from thread 2318-09-2026 00:29:34 [38;5;117m[DEBUG]: [0mThis is a debug message from thread 818-09-2026 00:29:34 [38;5;015m[INFO]: [0mThis is a info message from thread 818-09-2026 00:29:34 [38;5;009m[ERROR]: [0mThis is a error message from thread 818-09-2026 00:29:34 [38;5;015m[INFO]: [0mThis is a info message from thread 1118-09-2026 00:29:34 [38;5;009m[ERROR]: [0mThis is a error message from thread 1218-09-2026 00:29:34 [38;5;015m[INFO]: [0mThis is a info message from thread 1618-09-2026 00:29:34 [38;5;015m[INFO]: [0mThis is a info message from thread 2818-09-2026 00:29:34 [38;5;015m[INFO]: [0mThis is a info message from thread 718-09-2026 00:29:34 [38;5;117m[DEBUG]: [0mThis is a debug message from thread 818-09-2026 00:29:34 [38;5;015m[INFO]: [0mThis is a info message from thread 1418-09-2026 00:29:34 [38;5;009m[ERROR]: [0mThis is a error message from thread 318-09-2026 00:29:34 [38;5;009m[ERROR]: [0mThis is a error message from thread 2718-09-2026 00:29:34 [38;5;117m[DEBUG]: [0mThis is a debug message from thread 118-09-2026 00:29:34 [38;5;009m[ERROR]: [0mThis is a error message from thread 1718-09-2026 00:29:34 [38;5;117m[DEBUG]: [0mThis is a debug message from thread 1218-09-2026 00:29:34 [38;5;009m[ERROR]: [0mThis is a error message from thread 2218-09-2026 00:29:34 [38;5;117m[DEBUG]: [0mThis is a debug message from thread 2718-09-2026 00:29:34 [38;5;117m[DEBUG]: [0mThis is a debug message from thread 318-09-2026 00:29:34 [38;5;015m[INFO]: [0mThis is a info message from thread 2718-09-2026 00:29:34 [38;5;009m[ERROR]: [0mThis is a error message from thread 1418-09-2026 00:29:34 [38;5;015m[INFO]: [0mThis is a info message from thread 818-09-2026 00:29:34 [38;5;009m[ERROR]: [0mThis is a error message from thread 2718-09-2026 00:29:34 [38;5;009m[ERROR]: [0mThis is a error message from thread 2818-09-2026 00:29:34 [38;5;015m[INFO]: [0mThis is a info message from thread 1218-09-2026 00:29:34 [38;5;117m[DEBUG]: [0mThis is a debug message from thread 2218-09-2026 00:29:34 [38;5;009m[ERROR]: [0mThis is a error message from thread 718-09-2026 00:29:34 [38;5;009m[ERROR]: [0mThis is a error message from thread 818-09-2026 00:29:34 [38;5;117m[DEBUG]: [0mThis is a debug message from thread 818-09-2026 00:29:34 [38;5;117m[DEBUG]: [0mThis is a debug message from thread 2718-09-2026 00:29:34 [38;5;117m[DEBUG]: [0mThis is a debug message from thread 1418-09-2026 00:29:34 [38;5;015m[INFO]: [0mThis is a info message from thread 118-09-2026 00:29:34 [38;5;015m[INFO]: [0mThis is a info message from thread 2218-09-2026 00:29:34 [38;5;117m[DEBUG]: [0mThis is a debug message from thread 718-09-2026 00:29:34 [38;5;009m[ERROR]: [0mThis is a error message from thread 2218-09-2026 00:29:34 [38;5;015m[INFO]: [0mThis is a info message from thread 818-09-2026 00:29:34 [38;5;009m[ERROR]: [0mThis is a error message from thread 118-09-2026 00:29:34 [38;5;117m[DEBUG]: [0mThis is a debug message from thread 1318-09-2026 00:29:34 [38;5;009m[ERROR]: [0mThis is a error message from thread 1118-09-2026 00:29:34 [38;5;117m[DEBUG]: [0mThis is a debug message from thread 218-09-2026 00:29:34 [38;5;009m[ERROR]: [0mThis is a error message from thread 1818-09-2026 00:29:34 [38;5;015m[INFO]: [0mThis is a info message from thread 1318-09-2026 00:29:34 [38;5;117m[DEBUG]: [0mThis is a debug message from thread 2818-09-2026 00:29:34 [38;5;009m[ERROR]: [0mThis is a error message from thread 518-09-2026 00:29:34 [38;5;015m[INFO]: [0mThis is a info message from thread 1418-09-2026 00:29:34 [38;5;015m[INFO]: [0mThis is a info message from thread 318-09-2026 00:29:34 [38;5;009m[ERROR]: [0mThis is a error message from thread 318-09-2026 00:29:34 [38;5;015m[INFO]: [0mThis is a info message from thread 2718-09-2026 00:29:34 [38;5;009m[ERROR]: [0mThis is a error message from thread 1418-09-2026 00:29:34 [38;5;009m[ERROR]: [0mThis is a error message from thread 818-09-2026 00:29:34 [38;5;009m[ERROR]: [0mThis is a error message from thread 2518-09-2026 00:29:34 [38;5;117m[DEBUG]: [0mThis is a debug message from thread 318-09-2026 00:29:34 [38;5;117m[DEBUG]: [0mThis is a debug message from thread 818-09-2026 00:29:34 [38;5;117m[DEBUG]: [0mThis is a debug message from thread 1118-09-2026 00:29:34 [38;5;015m[INFO]: [0mThis is a info message from thread 318-09-2026 00:29:34 [38;5;009m[ERROR]: [0mThis is a error message from thread 418-09-2026 00:29:34 [38;5;009m[ERROR]: [0mThis is a error message from thread 618-09-2026 00:29:34 [38;5;009m[ERROR]: [0mThis is a error message from thread 318-09-2026 00:29:34 [38;5;009m[ERROR]: [0mThis is a error message from thread 918-09-2026 00:29:34 [38;5;009m[ERROR]: [0mThis is a error message from thread 1318-09-2026 00:29:34 [38;5;015m[INFO]: [0mThis is a info message from thread 2318-09-2026 00:29:34 [38;5;117m[DEBUG]: [0mThis is a debug message from thread 518-09-2026 00:29:34 [38;5;117m[DEBUG]: [0mThis is a debug message from thread 418-09-2026 00:29:34 [38;5;117m[DEBUG]: [0mThis is a debug message from thread 918-09-2026 00:29:34 [38;5;015m[INFO]: [0mThis is a info message from thread 2018-09-2026 00:29:34 [38;5;117m[DEBUG]: [0mThis is a debug message from thread 2918-09-2026 00:29:34 [38;5;117m[DEBUG]: [0mThis is a debug message from thread 318-09-2026 00:29:34 [38;5;015m[INFO]: [0mThis is a info message from thread 918-09-2026 00:29:34 [38;5;009m[ERROR]: [0mThis is a error message from thread 2018-09-2026 00:29:34 [38;5;015m[INFO]: [0mThis is a info message from thread 318-09-2026 00:29:34 [38;5;117m[DEBUG]: [0mThis is a debug message from thread 2018-09-2026 00:29:34 [38;5;009m[ERROR]: [0mThis is a error message from thread 918-09-2026 00:29:34 [38;5;015m[INFO]: [0mThis is a info message from thread 2018-09-2026 00:29:34 [38;5;009m[ERROR]: [0mThis is a error message from thread 2018-09-2026 00:29:34 [38;5;015m[INFO]: [0mThis is a info message from thread 718-09-2026 00:29:34 [38;5;009m[ERROR]: [0mThis is a error message from thread 2318-09-2026 00:29:34 [38;5;117m[DEBUG]: [0mThis is a debug message from thread 2318-09-2026 00:29:34 [38;5;015m[INFO]: [0mThis is a info message from thread 2318-09-2026 00:29:34 [38;5;117m[DEBUG]: [0mThis is a debug message from thread 918-09-2026 00:29:34 [38;5;015m[INFO]: [0mThis is a info message from thread 1118-09-2026 00:29:34 [38;5;009m[ERROR]: [0mThis is a error message from thread 1518-09-2026 00:29:34 [38;5;009m[ERROR]: [0mThis is a error message from thread 318-09-2026 00:29:34 [38;5;009m[ERROR]: [0mThis is a error message from thread 2118-09-2026 00:29:34 [38;5;117m[DEBUG]: [0mThis is a debug message from thread 1918-09-2026 00:29:34 [38;5;009m[ERROR]: [0mThis is a error message from thread 1118-09-2026 00:29:34 [38;5;015m[INFO]: [0mThis is a info message from thread 818-09-2026 00:29:34 [38;5;015m[INFO]: [0mThis is a info message from thread 2818-09-2026 00:29:34 [38;5;015m[INFO]: [0mThis is a info message from thread 418-09-2026 00:29:34 [38;5;009m[ERROR]: [0mThis is a error message from thread 2818-09-2026 00:29:34 [38;5;015m[INFO]: [0mThis is a info message from thread 918-09-2026 00:29:34 [38;5;117m[DEBUG]: [0mThis is a debug message from thread 318-09-2026 00:29:34 [38;5;015m[INFO]: [0mThis is a info message from thread 318-09-2026 00:29:34 [38;5;117m[DEBUG]: [0mThis is a debug message from thread 2018-09-2026 00:29:34 [38;5;015m[INFO]: [0mThis is a info message from thread 2018-09-2026 00:29:34 [38;5;009m[ERROR]: [0mThis is a error message from thread 918-09-2026 00:29:34 [38;5;117m[DEBUG]: [0mThis is a debug message from thread 618-09-2026 00:29:34 [38;5;117m[DEBUG]: [0mThis is a debug message from thread 1718-09-2026 00:29:34 [38;5;117m[DEBUG]: [0mThis is a debug message from thread 1518-09-2026 00:29:34 [38;5;117m[DEBUG]: [0mThis is a debug message from thread 2118-09-2026 00:29:34 [38;5;117m[DEBUG]: [0mThis is a debug message from thread 1118-09-2026 00:29:34 [38;5;009m[ERROR]: [0mThis is a error message from thread 418-09-2026 00:29:34 [38;5;015m[INFO]: [0mThis is a info message from thread 2118-09-2026 00:29:34 [38;5;117m[DEBUG]: [0mThis is a debug message from thread 918-09-2026 00:29:34 [38;5;015m[INFO]: [0mThis is a info message from thread 2918-09-2026 00:29:34 [38;5;015m[INFO]: [0mThis is a info message from thread 1518-09-2026 00:29:34 [38;5;009m[ERROR]: [0mThis is a error message from thread 2118-09-2026 00:29:34 [38;5;117m[DEBUG]: [0mThis is a debug message from thread 118-09-2026 00:29:34 [38;5;117m[DEBUG]: [0mThis is a debug message from thread 2818-09-2026 00:29:34 [38;5;117m[DEBUG]: [0mThis is a debug message from thread 1418-09-2026 00:29:34 [38;5;009m[ERROR]: [0mThis is a error message from thread 2718-09-2026 00:29:34 [38;5;117m[DEBUG]: [0mThis is a debug message from thread 418-09-2026 00:29:34 [38;5;117m[DEBUG]: [0mThis is a debug message from thread 2518-09-2026 00:29:34 [38;5;015m[INFO]: [0mThis is a info message from thread 618-09-2026 00:29:34 [38;5;117m[DEBUG]: [0mThis is a debug message from thread 2718-09-2026 00:29:34 [38;5;117m[DEBUG]: [0mThis is a debug message from thread 1318-09-2026 00:29:34 [38;5;015m[INFO]: [0mThis is a info message from thread 118-09-2026 00:29:34 [38;5;015m[INFO]: [0mThis is a info message from thread 2518-09-2026 00:29:34 [38;5;117m[DEBUG]: [0mThis is a debug message from thread 2118-09-2026 00:29:34 [38;5;015m[INFO]: [0mThis is a info message from thread 2818-09-2026 00:29:34 [38;5;009m[ERROR]: [0mThis is a error message from thread 618-09-2026 00:29:34 [38;5;015m[INFO]: [0mThis is a info message from thread 1318-09-2026 00:29:34 [38;5;015m[INFO]: [0mThis is a info message from thread 2118-09-2026 00:29:34 [38;5;009m[ERROR]: [0mThis is a error message from thread 1318-09-2026 00:29:34 [38;5;009m[ERROR]: [0mThis is a error message from thread 118-09-2026 00:29:34 [38;5;009m[ERROR]: [0mThis is a error message from thread 2318-09-2026 00:29:34 [38;5;015m[INFO]: [0mThis is a info message from thread 918-09-2026 00:29:34 [38;5;117m[DEBUG]: [0mThis is a debug message from thread 2318-09-2026 00:29:34 [38;5;015m[INFO]: [0mThis is a info message from thread 518-09-2026 00:29:34 [38;5;009m[ERROR]: [0mThis is a error message from thread 1518-09-2026 00:29:34 [38;5;015m[INFO]: [0mThis is a info message from thread 1918-09-2026 00:29:34 [38;5;015m[INFO]: [0mThis is a info message from thread 1718-09-2026 00:29:34 [38;5;015m[INFO]: [0mThis is a info message from thread 1118-09-2026 00:29:34 [38;5;009m[ERROR]: [0mThis is a error message from thread 2818-09-2026 00:29:34 [38;5;117m[DEBUG]: [0mThis is a debug message from thread 2618-09-2026 00:29:34 [38;5;117m[DEBUG]: [0mThis is a debug message from thread 2418-09-2026 00:29:34 [38;5;009m[ERROR]: [0mThis is a error message from thread 1218-09-2026 00:29:34 [38;5;117m[DEBUG]: [0mThis is a debug message from thread 618-09-2026 00:29:34 [38;5;009m[ERROR]: [0mThis is a error message from thread 918-09-2026 00:29:34 [38;5;009m[ERROR]: [0mThis is a error message from thread 518-09-2026 00:29:34 [38;5;117m[DEBUG]: [0mThis is a debug message from thread 918-09-2026 00:29:34 [38;5;015m[INFO]: [0mThis is a info message from thread 2418-09-2026 00:29:34 [38;5;009m[ERROR]: [0mThis is a error message from thread 718-09-2026 00:29:34 [38;5;009m[ERROR]: [0mThis is a error message from thread 818-09-2026 00:29:34 [38;5;117m[DEBUG]: [0mThis is a debug message from thread 518-09-2026 00:29:34 [38;5;009m[ERROR]: [0mThis is a error message from thread 2018-09-2026 00:29:34 [38;5;117m[DEBUG]: [0mThis is a debug message from thread 1818-09-2026 00:29:34 [38;5;015m[INFO]: [0mThis is a info message from thread 518-09-2026 00:29:34 [38;5;015m[INFO]: [0mThis is a info message from thread 1818-09-2026 00:29:34 [38;5;009m[ERROR]: [0mThis is a error message from thread 1918-09-2026 00:29:34 [38;5;117m[DEBUG]: [0mThis is a debug message from thread 2018-09-2026 00:29:34 [38;5;015m[INFO]: [0mThis is a info message from thread 618-09-2026 00:29:34 [38;5;009m[ERROR]: [0mThis is a error message from thread 2418-09-2026 00:29:34 [38;5;117m[DEBUG]: [0mThis is a debug message from thread 1518-09-2026 00:29:34 [38;5;009m[ERROR]: [0mThis is a error message from thread 518-09-2026 00:29:34 [38;5;009m[ERROR]: [0mThis is a error message from thread 1818-09-2026 00:29:34 [38;5;009m[ERROR]: [0mThis is a error message from thread 2918-09-2026 00:29:34 [38;5;117m[DEBUG]: [0mThis is a debug message from thread 818-09-2026 00:29:34 [38;5;009m[ERROR]: [0mThis is a error message from thread 1618-09-2026 00:29:34 [38;5;117m[DEBUG]: [0mThis is a debug message from thread 118-09-2026 00:29:34 [38;5;117m[DEBUG]: [0mThis is a debug message from thread 518-09-2026 00:29:34 [38;5;117m[DEBUG]: [0mThis is a debug message from thread 1318-09-2026 00:29:34 [38;5;009m[ERROR]: [0mThis is a error message from thread 618-09-2026 00:29:34 [38;5;117m[DEBUG]: [0mThis is a debug message from thread 1918-09-2026 00:29:34 [38;5;117m[DEBUG]: [0mThis is a debug message from thread 718-09-2026 00:29:34 [38;5;117m[DEBUG]: [0mThis is a debug message from thread 2818-09-2026 00:29:34 [38;5;117m[DEBUG]: [0mThis is a debug message from thread 1218-09-2026 00:29:34 [38;5;015m[INFO]: [0mThis is a info message from thread 1518-09-2026 00:29:34 [38;5;015m[INFO]: [0mThis is a info message from thread 018-09-2026 00:29:34 [38;5;015m[INFO]: [0mThis is a info message from thread 718-09-2026 00:29:34 [38;5;015m[INFO]: [0mThis is a info message from thread 418-09-2026 00:29:34 [38;5;015m[INFO]: [0mThis is a info message from thread 2318-09-2026 00:29:34 [38;5;009m[ERROR]: [0mThis is a error message from thread 2118-09-2026 00:29:34 [38;5;015m[INFO]: [0mThis is a info message from thread 1918-09-2026 00:29:34 [38;5;009m[ERROR]: [0mThis is a error message from thread 2518-09-2026 00:29:34 [38;5;117m[DEBUG]: [0mThis is a debug message from thread 1618-09-2026 00:29:34 [38;5;015m[INFO]: [0mThis is a info message from thread 2018-09-2026 00:29:34 [38;5;015m[INFO]: [0mThis is a info message from thread 1618-09-2026 00:29:34 [38;5;015m[INFO]: [0mThis is a info message from thread 818-09-2026 00:29:34 [38;5;015m[INFO]: [0mThis is a info message from thread 2618-09-2026 00:29:34 [38;5;015m[INFO]: [0mThis is a info message from thread 1418-09-2026 00:29:34 [38;5;009m[ERROR]: [0mThis is a error message from thread 2318-09-2026 00:29:34 [38;5;009m[ERROR]: [0mThis is a error message from thread 718-09-2026 00:29:34 [38;5;009m[ERROR]: [0mThis is a error message from thread 318-09-2026 00:29:34 [38;5;117m[DEBUG]: [0mThis is a debug message from thread 718-09-2026 00:29:34 [38;5;009m[ERROR]: [0mThis is a error message from thread 1718-09-2026 00:29:34 [38;5;117m[DEBUG]: [0mThis is a debug message from thread 1818-09-2026 00:29:34 [38;5;009m[ERROR]: [0mThis is a error message from thread 418-09-2026 00:29:34 [38;5;015m[INFO]: [0mThis is a info message from thread 518-09-2026 00:29:34 [38;5;009m[ERROR]: [0mThis is a error message from thread 1918-09-2026 00:29:34 [38;5;117m[DEBUG]: [0mThis is a debug message from thread 2118-09-2026 00:29:34 [38;5;117m[DEBUG]: [0mThis is a debug message from thread 1718-09-2026 00:29:34 [38;5;117m[DEBUG]: [0mThis is a debug message from thread 2518-09-2026 00:29:34 [38;5;015m[INFO]: [0mThis is a info message from thread 1718-09-2026 00:29:34 [38;5;015m[INFO]: [0mThis is a info message from thread 718-09-2026 00:29:34 [38;5;117m[DEBUG]: [0mThis is a debug message from thread 1918-09-2026 00:29:34 [38;5;015m[INFO]: [0mThis is a info message from thread 1918-09-2026 00:29:34 [38;5;015m[INFO]: [0mThis is a info message from thread 1818-09-2026 00:29:34 [38;5;009m[ERROR]: [0mThis is a error message from thread 1918-09-2026 00:29:34 [38;5;117m[DEBUG]: [0mThis is a debug message from thread 2918-09-2026 00:29:34 [38;5;117m[DEBUG]: [0mThis is a debug message from thread 1918-09-2026 00:29:34 [38;5;009m[ERROR]: [0mThis is a error message from thread 518-09-2026 00:29:34 [38;5;009m[ERROR]: [0mThis is a error message from thread 1718-09-2026 00:29:34 [38;5;009m[ERROR]: [0mThis is a error message from thread 1818-09-2026 00:29:34 [38;5;009m[ERROR]: [0mThis is a error message from thread 1118-09-2026 00:29:34 [38;5;117m[DEBUG]: [0mThis is a debug message from thread 2318-09-2026 00:29:34 [38;5;117m[DEBUG]: [0mThis is a debug message from thread 518-09-2026 00:29:34 [38;5;117m[DEBUG]: [0mThis is a debug message from thread 2218-09-2026 00:29:34 [38;5;015m[INFO]: [0mThis is a info message from thread 2518-09-2026 00:29:34 [38;5;117m[DEBUG]: [0mThis is a debug message from thread 1018-09-2026 00:29:34 [38;5;015m[INFO]: [0mThis is a info message from thread 218-09-2026 00:29:34 [38;5;009m[ERROR]: [0mThis is a error message from thread 1618-09-2026 00:29:34 [38;5;015m[INFO]: [0mThis is a info message from thread 2318-09-2026 00:29:34 [38;5;015m[INFO]: [0mThis is a info message from thread 1318-09-2026 00:29:34 [38;5;009m[ERROR]: [0mThis is a error message from thread 1518-09-2026 00:29:34 [38;5;015m[INFO]: [0mThis is a info message from thread 2818-09-2026 00:29:34 [38;5;015m[INFO]: [0mThis is a info message from thread 2218-09-2026 00:29:34 [38;5;117m[DEBUG]: [0mThis is a debug message from thread 1618-09-2026 00:29:34 [38;5;009m[ERROR]: [0mThis is a error message from thread 2018-09-2026 00:29:34 [38;5;015m[INFO]: [0mThis is a info message from thread 118-09-2026 00:29:34 [38;5;015m[INFO]: [0mThis is a info message from thread 1018-09-2026 00:29:34 [38;5;009m[ERROR]: [0mThis is a error message from thread 2518-09-2026 00:29:34 [38;5;009m[ERROR]: [0mThis is a error message from thread 118-09-2026 00:29:34 [38;5;009m[ERROR]: [0mThis is a error message from thread 1318-09-2026 00:29:34 [38;5;009m[ERROR]: [0mThis is a error message from thread 2818-09-2026 00:29:34 [38;5;009m[ERROR]: [0mThis is a error message from thread 1018-09-2026 00:29:34 [38;5;117m[DEBUG]: [0mThis is a debug message from thread 1018-09-2026 00:29:34 [38;5;117m[DEBUG]: [0mThis is a debug message from thread 1318-09-2026 00:29:34 [38;5;117m[DEBUG]: [0mThis is a debug message from thread 318-09-2026 00:29:34 [38;5;117m[DEBUG]: [0mThis is a debug message from thread 618-09-2026 00:29:34 [38;5;015m[INFO]: [0mThis is a info message from thread 918-09-2026 00:29:34 [38;5;009m[ERROR]: [0mThis is a error message from thread 2318-09-2026 00:29:34 [38;5;015m[INFO]: [0mThis is a info message from thread 2118-09-2026 00:29:34 [38;5;015m[INFO]: [0mThis is a info message from thread 518-09-2026 00:29:34 [38;5;015m[INFO]: [0mThis is a info message from thread 1618-09-2026 00:29:34 [38;5;009m[ERROR]: [0mThis is a error message from thread 518-09-2026 00:29:34 [38;5;117m[DEBUG]: [0mThis is a debug message from thread 2818-09-2026 00:29:34 [38;5;015m[INFO]: [0mThis is a info message from thread 1318-09-2026 00:29:34 [38;5;117m[DEBUG]: [0mThis is a debug message from thread 518-09-2026 00:29:34 [38;5;009m[ERROR]: [0mThis is a error message from thread 218-09-2026 00:29:34 [38;5;015m[INFO]: [0mThis is a info message from thread 2818-09-2026 00:29:34 [38;5;009m[ERROR]: [0mThis is a error message from thread 918-09-2026 00:29:34 [38;5;117m[DEBUG]: [0mThis is a debug message from thread 418-09-2026 00:29:34 [38;5;009m[ERROR]: [0mThis is a error message from thread 718-09-2026 00:29:34 [38;5;117m[DEBUG]: [0mThis is a debug message from thread 1818-09-2026 00:29:34 [38;5;117m[DEBUG]: [0mThis is a debug message from thread 2518-09-2026 00:29:34 [38;5;015m[INFO]: [0mThis is a info message from thread 1818-09-2026 00:29:34 [38;5;015m[INFO]: [0mThis is a info message from thread 518-09-2026 00:29:34 [38;5;009m[ERROR]: [0mThis is a error message from thread 1818-09-2026 00:29:34 [38;5;117m[DEBUG]: [0mThis is a debug message from thread 1118-09-2026 00:29:34 [38;5;009m[ERROR]: [0mThis is a error message from thread 2818-09-2026 00:29:34 [38;5;117m[DEBUG]: [0mThis is a debug message from thread 2818-09-2026 00:29:34 [38;5;015m[INFO]: [0mThis is a info message from thread 418-09-2026 00:29:34 [38;5;015m[INFO]: [0mThis is a info message from thread 2718-09-2026 00:29:34 [38;5;009m[ERROR]: [0mThis is a error message from thread 2218-09-2026 00:29:34 [38;5;117m[DEBUG]: [0mThis is a debug message from thread 918-09-2026 00:29:34 [38;5;117m[DEBUG]: [0mThis is a debug message from thread 2418-09-2026 00:29:34 [38;5;009m[ERROR]: [0mThis is a error message from thread 518-09-2026 00:29:34 [38;5;009m[ERROR]: [0mThis is a error message from thread 418-09-2026 00:29:34 [38;5;117m[DEBUG]: [0mThis is a debug message from thread 2018-09-2026 00:29:34 [38;5;009m[ERROR]: [0mThis is a error message from thread 2618-09-2026 00:29:34 [38;5;009m[ERROR]: [0mThis is a error message from thread 1618-09-2026 00:29:34 [38;5;015m[INFO]: [0mThis is a info message from thread 1018-09-2026 00:29:34 [38;5;117m[DEBUG]: [0mThis is a debug message from thread 2318-09-2026 00:29:34 [38;5;009m[ERROR]: [0mThis is a error message from thread 1018-09-2026 00:29:34 [38;5;009m[ERROR]: [0mThis is a error message from thread 018-09-2026 00:29:34 [38;5;117m[DEBUG]: [0mThis is a debug message from thread 718-09-2026 00:29:34 [38;5;117m[DEBUG]: [0mThis is a debug message from thread 1518-09-2026 00:29:34 [38;5;015m[INFO]: [0mThis is a info message from thread 1218-09-2026 00:29:34 [38;5;015m[INFO]: [0mThis is a info message from thread 2318-09-2026 00:29:34 [38;5;117m[DEBUG]: [0mThis is a debug message from thread 2218-09-2026 00:29:34 [38;5;009m[ERROR]: [0mThis is a error message from thread 818-09-2026 00:29:34 [38;5;009m[ERROR]: [0mThis is a error message from thread 2118-09-2026 00:29:34 [38;5;009m[ERROR]: [0mThis is a error message from thread 1318-09-2026 00:29:34 [38;5;015m[INFO]: [0mThis is a info message from thread 2918-09-2026 00:29:34 [38;5;117m[DEBUG]: [0mThis is a debug message from thread 1618-09-2026 00:29:34 [38;5;015m[INFO]: [0mThis is a info message from thread 318-09-2026 00:29:34 [38;5;009m[ERROR]: [0mThis is a error message from thread 2318-09-2026 00:29:34 [38;5;015m[INFO]: [0mThis is a info message from thread 2218-09-2026 00:29:34 [38;5;117m[DEBUG]: [0mThis is a debug message from thread 2318-09-2026 00:29:34 [38;5;015m[INFO]: [0mThis is a info message from thread 1618-09-2026 00:29:34 [38;5;117m[DEBUG]: [0mThis is a debug message from thread 2618-09-2026 00:29:34 [38;5;117m[DEBUG]: [0mThis is a debug message from thread 2118-09-2026 00:29:34 [38;5;015m[INFO]: [0mThis is a info message from thread 1518-09-2026 00:29:34 [38;5;015m[INFO]: [0mThis is a info message from thread 2118-09-2026 00:29:34 [38;5;009m[ERROR]: [0mThis is a error message from thread 2918-09-2026 00:29:34 [38;5;009m[ERROR]: [0mThis is a error message from thread 1518-09-2026 00:29:34 [38;5;015m[INFO]: [0mThis is a info message from thread 1118-09-2026 00:29:34 [38;5;009m[ERROR]: [0mThis is a error message from thread 1118-09-2026 00:29:34 [38;5;015m[INFO]: [0mThis is a info message from thread 2618-09-2026 00:29:34 [38;5;009m[ERROR]: [0mThis is a error message from thread 1618-09-2026 00:29:34 [38;5;117m[DEBUG]: [0mThis is a debug message from thread 418-09-2026 00:29:34 [38;5;015m[INFO]: [0mThis is a info message from thread 2318-09-2026 00:29:34 [38;5;009m[ERROR]: [0mThis is a error message from thread 2118-09-2026 00:29:34 [38;5;009m[ERROR]: [0mThis is a error message from thread 2218-09-2026 00:29:34 [38;5;009m[ERROR]: [0mThis is a error message from thread 1218-09-2026 00:29:34 [38;5;015m[INFO]: [0mThis is a info message from thread 618-09-2026 00:29:34 [38;5;117m[DEBUG]: [0mThis is a debug message from thread 2918-09-2026 00:29:34 [38;5;117m[DEBUG]: [0mThis is a debug message from thread 1118-09-2026 00:29:34 [38;5;015m[INFO]: [0mThis is a info message from thread 2518-09-2026 00:29:34 [38;5;009m[ERROR]: [0mThis is a error message from thread 2618-09-2026 00:29:34 [38;5;117m[DEBUG]: [0mThis is a debug message from thread 218-09-2026 00:29:34 [38;5;015m[INFO]: [0mThis is a info message from thread 918-09-2026 00:29:34 [38;5;009m[ERROR]: [0mThis is a error message from thread 2318-09-2026 00:29:34 [38;5;015m[INFO]: [0mThis is a info message from thread 2818-09-2026 00:29:34 [38;5;009m[ERROR]: [0mThis is a error message from thread 2718-09-2026 00:29:34 [38;5;117m[DEBUG]: [0mThis is a debug message from thread 518-09-2026 00:29:34 [38;5;015m[INFO]: [0mThis is a info message from thread 418-09-2026 00:29:34 [38;5;117m[DEBUG]: [0mThis is a debug message from thread 1618-09-2026 00:29:34 [38;5;009m[ERROR]: [0mThis is a error message from thread 2818-09-2026 00:29:34 [38;5;117m[DEBUG]: [0mThis is a debug message from thread 2618-09-2026 00:29:34 [38;5;015m[INFO]: [0mThis is a info message from thread 518-09-2026 00:29:34 [38;5;117m[DEBUG]: [0mThis is a debug message from thread 2818-09-2026 00:29:34 [38;5;015m[INFO]: [0mThis is a info message from thread 2618-09-2026 00:29:34 [38;5;009m[ERROR]: [0mThis is a error message from thread 1418-09-2026 00:29:34 [38;5;117m[DEBUG]: [0mThis is a debug message from thread 818-09-2026 00:29:34 [38;5;009m[ERROR]: [0mThis is a error message from thread 518-09-2026 00:29:34 [38;5;117m[DEBUG]: [0mThis is a debug message from thread 2718-09-2026 00:29:34 [38;5;117m[DEBUG]: [0mThis is a debug message from thread 1018-09-2026 00:29:34 [38;5;117m[DEBUG]: [0mThis is a debug message from thread 118-09-2026 00:29:34 [38;5;117m[DEBUG]: [0mThis is a debug message from thread 1718-09-2026 00:29:34 [38;5;117m[DEBUG]: [0mThis is a debug message from thread 1418-09-2026 00:29:34 [38;5;009m[ERROR]: [0mThis is a error message from thread 918-09-2026 00:29:34 [38;5;117m[DEBUG]: [0mThis is a debug message from thread 1318-09-2026 00:29:34 [38;5;015m[INFO]: [0mThis is a info message from thread 1418-09-2026 00:29:34 [38;5;015m[INFO]: [0mThis is a info message from thread 1018-09-2026 00:29:34 [38;5;009m[ERROR]: [0mThis is a error message from thread 618-09-2026 00:29:34 [38;5;015m[INFO]: [0mThis is a info message from thread 2718-09-2026 00:29:34 [38;5;009m[ERROR]: [0mThis is a error message from thread 2718-09-2026 00:29:34 [38;5;015m[INFO]: [0mThis is a info message from thread 2818-09-2026 00:29:34 [38;5;015m[INFO]: [0mThis is a info message from thread 1618-09-2026 00:29:34 [38;5;009m[ERROR]: [0mThis is a error message from thread 1418-09-2026 00:29:34 [38;5;015m[INFO]: [0mThis is a info message from thread 1318-09-2026 00:29:34 [38;5;117m[DEBUG]: [0mThis is a debug message from thread 2718-09-2026 00:29:34 [38;5;117m[DEBUG]: [0mThis is a debug message from thread 918-09-2026 00:29:34 [38;5;015m[INFO]: [0mThis is a info message from thread 1918-09-2026 00:29:34 [38;5;009m[ERROR]: [0mThis is a error message from thread 1618-09-2026 00:29:34 [38;5;009m[ERROR]: [0mThis is a error message from thread 2818-09-2026 00:29:34 [38;5;009m[ERROR]: [0mThis is a error message from thread 318-09-2026 00:29:34 [38;5;009m[ERROR]: [0mThis is a error message from thread 1018-09-2026 00:29:34 [38;5;015m[INFO]: [0mThis is a info message from thread 2718-09-2026 00:29:34 [38;5;117m[DEBUG]: [0mThis is a debug message from thread 1418-09-2026 00:29:34 [38;5;117m[DEBUG]: [0mThis is a debug message from thread 1618-09-2026 00:29:34 [38;5;015m[INFO]: [0mThis is a info message from thread 1618-09-2026 00:29:34 [38;5;009m[ERROR]: [0mThis is a error message from thread 2718-09-2026 00:29:34 [38;5;009m[ERROR]: [0mThis is a error message from thread 1618-09-2026 00:29:34 [38;5;009m[ERROR]: [0mThis is a error message from thread 1918-09-2026 00:29:34 [38;5;117m[DEBUG]: [0mThis is a debug message from thread 1018-09-2026 00:29:34 [38;5;009m[ERROR]: [0mThis is a error message from thread 1318-09-2026 00:29:34 [38;5;117m[DEBUG]: [0mThis is a debug message from thread 1818-09-2026 00:29:34 [38;5;117m[DEBUG]: [0mThis is a debug message from thread 1918-09-2026 00:29:34 [38;5;015m[INFO]: [0mThis is a info message from thread 918-09-2026 00:29:34 [38;5;117m[DEBUG]: [0mThis is a debug message from thread 1318-09-2026 00:29:34 [38;5;117m[DEBUG]: [0mThis is a debug message from thread 2218-09-2026 00:29:34 [38;5;015m[INFO]: [0mThis is a info message from thread 218-09-2026 00:29:34 [38;5;009m[ERROR]: [0mThis is a error message from thread 2618-09-2026 00:29:34 [38;5;117m[DEBUG]: [0mThis is a debug message from thread 618-09-2026 00:29:34 [38;5;015m[INFO]: [0mThis is a info message from thread 2418-09-2026 00:29:34 [38;5;015m[INFO]: [0mThis is a info message from thread 2218-09-2026 00:29:34 [38;5;117m[DEBUG]: [0mThis is a debug message from thread 2718-09-2026 00:29:34 [38;5;009m[ERROR]: [0mThis is a error message from thread 2518-09-2026 00:29:34 [38;5;015m[INFO]: [0mThis is a info message from thread 1918-09-2026 00:29:34 [38;5;009m[ERROR]: [0mThis is a error message from thread 2418-09-2026 00:29:34 [38;5;009m[ERROR]: [0mThis is a error message from thread 218-09-2026 00:29:34 [38;5;009m[ERROR]: [0mThis is a error message from thread 2218-09-2026 00:29:34 [38;5;117m[DEBUG]: [0mThis is a debug message from thread 2218-09-2026 00:29:34 [38;5;015m[INFO]: [0mThis is a info message from thread 2218-09-2026 00:29:34 [38;5;117m[DEBUG]: [0mThis is a debug message from thread 2418-09-2026 00:29:34 [38;5;015m[INFO]: [0mThis is a info message from thread 618-09-2026 00:29:34 [38;5;015m[INFO]: [0mThis is a info message from thread 2718-09-2026 00:29:34 [38;5;117m[DEBUG]: [0mThis is a debug message from thread 1618-09-2026 00:29:34 [38;5;009m[ERROR]: [0mThis is a error message from thread 618-09-2026 00:29:34 [38;5;015m[INFO]: [0mThis is a info message from thread 1418-09-2026 00:29:34 [38;5;117m[DEBUG]: [0mThis is a debug message from thread 618-09-2026 00:29:34 [38;5;117m[DEBUG]: [0mThis is a debug message from thread 2518-09-2026 00:29:34 [38;5;015m[INFO]: [0mThis is a info message from thread 2018-09-2026 00:29:34 [38;5;009m[ERROR]: [0mThis is a error message from thread 1918-09-2026 00:29:34 [38;5;117m[DEBUG]: [0mThis is a debug message from thread 2618-09-2026 00:29:34 [38;5;015m[INFO]: [0mThis is a info message from thread 1618-09-2026 00:29:34 [38;5;009m[ERROR]: [0mThis is a error message from thread 1418-09-2026 00:29:34 [38;5;117m[DEBUG]: [0mThis is a debug message from thread 218-09-2026 00:29:34 [38;5;015m[INFO]: [0mThis is a info message from thread 2518-09-2026 00:29:34 [38;5;009m[ERROR]: [0mThis is a error message from thread 2718-09-2026 00:29:34 [38;5;009m[ERROR]: [0mThis is a error message from thread 418-09-2026 00:29:34 [38;5;015m[INFO]: [0mThis is a info message from thread 2418-09-2026 00:29:34 [38;5;015m[INFO]: [0mThis is a info message from thread 618-09-2026 00:29:34 [38;5;015m[INFO]: [0mThis is a info message from thread 1118-09-2026 00:29:34 [38;5;009m[ERROR]: [0mThis is a error message from thread 1618-09-2026 00:29:34 [38;5;015m[INFO]: [0mThis is a info message from thread 2618-09-2026 00:29:34 [38;5;117m[DEBUG]: [0mThis is a debug message from thread 1418-09-2026 00:29:34 [38;5;009m[ERROR]: [0mThis is a error message from thread 2018-09-2026 00:29:34 [38;5;117m[DEBUG]: [0mThis is a debug message from thread 018-09-2026 00:29:34 [38;5;015m[INFO]: [0mThis is a info message from thread 118-09-2026 00:29:34 [38;5;015m[INFO]: [0mThis is a info message from thread 1718-09-2026 00:29:34 [38;5;009m[ERROR]: [0mThis is a error message from thread 618-09-2026 00:29:34 [38;5;117m[DEBUG]: [0mThis is a debug message from thread 1918-09-2026 00:29:34 [38;5;117m[DEBUG]: [0mThis is a debug message from thread 1618-09-2026 00:29:34 [38;5;009m[ERROR]: [0mThis is a error message from thread 118-09-2026 00:29:34 [38;5;117m[DEBUG]: [0mThis is a debug message from thread 118-09-2026 00:29:34 [38;5;009m[ERROR]: [0mThis is a error message from thread 1718-09-2026 00:29:34 [38;5;015m[INFO]: [0mThis is a info message from thread 1418-09-2026 00:29:34 [38;5;117m[DEBUG]: [0mThis is a debug message from thread 418-09-2026 00:29:34 [38;5;117m[DEBUG]: [0mThis is a debug message from thread 2018-09-2026 00:29:34 [38;5;009m[ERROR]: [0mThis is a error message from thread 2418-09-2026 00:29:34 [38;5;009m[ERROR]: [0mThis is a error message from thread 1418-09-2026 00:29:34 [38;5;015m[INFO]: [0mThis is a info message from thread 1618-09-2026 00:29:34 [38;5;015m[INFO]: [0mThis is a info message from thread 1918-09-2026 00:29:34 [38;5;009m[ERROR]: [0mThis is a error message from thread 2518-09-2026 00:29:34 [38;5;117m[DEBUG]: [0mThis is a debug message from thread 1418-09-2026 00:29:34 [38;5;117m[DEBUG]: [0mThis is a debug message from thread 618-09-2026 00:29:34 [38;5;009m[ERROR]: [0mThis is a error message from thread 1118-09-2026 00:29:34 [38;5;015m[INFO]: [0mThis is a info message from thread 818-09-2026 00:29:34 [38;5;015m[INFO]: [0mThis is a info message from thread 2018-09-2026 00:29:34 [38;5;015m[INFO]: [0mThis is a info message from thread 018-09-2026 00:29:34 [38;5;015m[INFO]: [0mThis is a info message from thread 118-09-2026 00:29:34 [38;5;117m[DEBUG]: [0mThis is a debug message from thread 2518-09-2026 00:29:34 [38;5;009m[ERROR]: [0mThis is a error message from thread 2018-09-2026 00:29:34 [38;5;015m[INFO]: [0mThis is a info message from thread 2918-09-2026 00:29:34 [38;5;009m[ERROR]: [0mThis is a error message from thread 018-09-2026 00:29:34 [38;5;117m[DEBUG]: [0mThis is a debug message from thread 1518-09-2026 00:29:34 [38;5;117m[DEBUG]: [0mThis is a debug message from thread 2818-09-2026 00:29:34 [38;5;117m[DEBUG]: [0mThis is a debug message from thread 318-09-2026 00:29:34 [38;5;117m[DEBUG]: [0mThis is a debug message from thread 2318-09-2026 00:29:34 [38;5;117m[DEBUG]: [0mThis is a debug message from thread 2718-09-2026 00:29:34 [38;5;117m[DEBUG]: [0mThis is a debug message from thread 018-09-2026 00:29:34 [38;5;009m[ERROR]: [0mThis is a error message from thread 1618-09-2026 00:29:34 [38;5;117m[DEBUG]: [0mThis is a debug message from thread 2018-09-2026 00:29:34 [38;5;015m[INFO]: [0mThis is a info message from thread 2318-09-2026 00:29:34 [38;5;009m[ERROR]: [0mThis is a error message from thread 118-09-2026 00:29:34 [38;5;015m[INFO]: [0mThis is a info message from thread 1518-09-2026 00:29:34 [38;5;015m[INFO]: [0mThis is a info message from thread 2818-09-2026 00:29:34 [38;5;015m[INFO]: [0mThis is a info message from thread 1818-09-2026 00:29:34 [38;5;015m[INFO]: [0mThis is a info message from thread 2018-09-2026 00:29:34 [38;5;117m[DEBUG]: [0mThis is a debug message from thread 1718-09-2026 00:29:34 [38;5;015m[INFO]: [0mThis is a info message from thread 1018-09-2026 00:29:34 [38;5;009m[ERROR]: [0mThis is a error message from thread 2918-09-2026 00:29:34 [38;5;009m[ERROR]: [0mThis is a error message from thread 2018-09-2026 00:29:34 [38;5;117m[DEBUG]: [0mThis is a debug message from thread 2918-09-2026 00:29:34 [38;5;009m[ERROR]: [0mThis is a error message from thread 1018-09-2026 00:29:34 [38;5;117m[DEBUG]: [0mThis is a debug message from thread 2018-09-2026 00:29:34 [38;5;117m[DEBUG]: [0mThis is a debug message from thread 1018-09-2026 00:29:34 [38;5;015m[INFO]: [0mThis is a info message from thread 1318-09-2026 00:29:34 [38;5;009m[ERROR]: [0mThis is a error message from thread 2218-09-2026 00:29:34 [38;5;009m[ERROR]: [0mThis is a error message from thread 2318-09-2026 00:29:34 [38;5;117m[DEBUG]: [0mThis is a debug message from thread 2218-09-2026 00:29:34 [38;5;009m[ERROR]: [0mThis is a error message from thread 1818-09-2026 00:29:34 [38;5;015m[INFO]: [0mThis is a info message from thread 1018-09-2026 00:29:34 [38;5;015m[INFO]: [0mThis is a info message from thread 2018-09-2026 00:29:34 [38;5;009m[ERROR]: [0mThis is a error message from thread 1518-09-2026 00:29:34 [38;5;015m[INFO]: [0mThis is a info message from thread 1718-09-2026 00:29:34 [38;5;009m[ERROR]: [0mThis is a error message from thread 1718-09-2026 00:29:34 [38;5;015m[INFO]: [0mThis is a info message from thread 018-09-2026 00:29:34 [38;5;009m[ERROR]: [0mThis is a error message from thread 018-09-2026 00:29:34 [38;5;117m[DEBUG]: [0mThis is a debug message from thread 1718-09-2026 00:29:34 [38;5;117m[DEBUG]: [0mThis is a debug message from thread 2318-09-2026 00:29:34 [38;5;015m[INFO]: [0mThis is a info message from thread 1718-09-2026 00:29:34 [38;5;009m[ERROR]: [0mThis is a error message from thread 1018-09-2026 00:29:34 [38;5;009m[ERROR]: [0mThis is a error message from thread 918-09-2026 00:29:34 [38;5;117m[DEBUG]: [0mThis is a debug message from thread 1018-09-2026 00:29:34 [38;5;009m[ERROR]: [0mThis is a error message from thread 2018-09-2026 00:29:34 [38;5;117m[DEBUG]: [0mThis is a debug message from thread 2418-09-2026 00:29:34 [38;5;015m[INFO]: [0mThis is a info message from thread 618-09-2026 00:29:34 [38;5;015m[INFO]: [0mThis is a info message from thread 218-09-2026 00:29:34 [38;5;009m[ERROR]: [0mThis is a error message from thread 1718-09-2026 00:29:34 [38;5;015m[INFO]: [0mThis is a info message from thread 418-09-2026 00:29:34 [38;5;015m[INFO]: [0mThis is a info message from thread 1418-09-2026 00:29:34 [38;5;009m[ERROR]: [0mThis is a error message from thread 1318-09-2026 00:29:34 [38;5;117m[DEBUG]: [0mThis is a debug message from thread 518-09-2026 00:29:34 [38;5;015m[INFO]: [0mThis is a info message from thread 2218-09-2026 00:29:34 [38;5;117m[DEBUG]: [0mThis is a debug message from thread 2118-09-2026 00:29:34 [38;5;117m[DEBUG]: [0mThis is a debug message from thread 1118-09-2026 00:29:34 [38;5;009m[ERROR]: [0mThis is a error message from thread 2218-09-2026 00:29:34 [38;5;009m[ERROR]: [0mThis is a error message from thread 418-09-2026 00:29:34 [38;5;117m[DEBUG]: [0mThis is a debug message from thread 2218-09-2026 00:29:34 [38;5;015m[INFO]: [0mThis is a info message from thread 518-09-2026 00:29:34 [38;5;009m[ERROR]: [0mThis is a error message from thread 618-09-2026 00:29:34 [38;5;015m[INFO]: [0mThis is a info message from thread 2518-09-2026 00:29:34 [38;5;009m[ERROR]: [0mThis is a error message from thread 218-09-2026 00:29:34 [38;5;117m[DEBUG]: [0mThis is a debug message from thread 218-09-2026 00:29:34 [38;5;117m[DEBUG]: [0mThis is a debug message from thread 418-09-2026 00:29:34 [38;5;117m[DEBUG]: [0mThis is a debug message from thread 918-09-2026 00:29:34 [38;5;015m[INFO]: [0mThis is a info message from thread 2318-09-2026 00:29:34 [38;5;015m[INFO]: [0mThis is a info message from thread 2118-09-2026 00:29:34 [38;5;009m[ERROR]: [0mThis is a error message from thread 2318-09-2026 00:29:34 [38;5;015m[INFO]: [0mThis is a info message from thread 718-09-2026 00:29:34 [38;5;009m[ERROR]: [0mThis is a error message from thread 2618-09-2026 00:29:34 [38;5;117m[DEBUG]: [0mThis is a debug message from thread 118-09-2026 00:29:34 [38;5;015m[INFO]: [0mThis is a info message from thread 118-09-2026 00:29:34 [38;5;117m[DEBUG]: [0mThis is a debug message from thread 1718-09-2026 00:29:34 [38;5;015m[INFO]: [0mThis is a info message from thread 418-09-2026 00:29:34 [38;5;015m[INFO]: [0mThis is a info message from thread 1118-09-2026 00:29:34 [38;5;009m[ERROR]: [0mThis is a error message from thread 2818-09-2026 00:29:34 [38;5;015m[INFO]: [0mThis is a info message from thread 2918-09-2026 00:29:34 [38;5;015m[INFO]: [0mThis is a info message from thread 218-09-2026 00:29:34 [38;5;009m[ERROR]: [0mThis is a error message from thread 418-09-2026 00:29:34 [38;5;015m[INFO]: [0mThis is a info message from thread 918-09-2026 00:29:34 [38;5;015m[INFO]: [0mThis is a info message from thread 2718-09-2026 00:29:34 [38;5;117m[DEBUG]: [0mThis is a debug message from thread 1218-09-2026 00:29:34 [38;5;117m[DEBUG]: [0mThis is a debug message from thread 018-09-2026 00:29:34 [38;5;117m[DEBUG]: [0mThis is a debug message from thread 2018-09-2026 00:29:34 [38;5;015m[INFO]: [0mThis is a info message from thread 2218-09-2026 00:29:34 [38;5;117m[DEBUG]: [0mThis is a debug message from thread 1818-09-2026 00:29:34 [38;5;015m[INFO]: [0mThis is a info message from thread 2418-09-2026 00:29:34 [38;5;015m[INFO]: [0mThis is a info message from thread 1218-09-2026 00:29:34 [38;5;009m[ERROR]: [0mThis is a error message from thread 218-09-2026 00:29:34 [38;5;009m[ERROR]: [0mThis is a error message from thread 2518-09-2026 00:29:34 [38;5;117m[DEBUG]: [0mThis is a debug message from thread 1318-09-2026 00:29:34 [38;5;117m[DEBUG]: [0mThis is a debug message from thread 2518-09-2026 00:29:34 [38;5;015m[INFO]: [0mThis is a info message from thread 1018-09-2026 00:29:34 [38;5;009m[ERROR]: [0mThis is a error message from thread 1218-09-2026 00:29:34 [38;5;009m[ERROR]: [0mThis is a error message from thread 518-09-2026 00:29:34 [38;5;009m[ERROR]: [0mThis is a error message from thread 1118-09-2026 00:29:34 [38;5;015m[INFO]: [0mThis is a info message from thread 1318-09-2026 00:29:34 [38;5;015m[INFO]: [0mThis is a info message from thread 2018-09-2026 00:29:34 [38;5;117m[DEBUG]: [0mThis is a debug message from thread 218-09-2026 00:29:34 [38;5;015m[INFO]: [0mThis is a info message from thread 2518-09-2026 00:29:34 [38;5;009m[ERROR]: [0mThis is a error message from thread 2418-09-2026 00:29:34 [38;5;009m[ERROR]: [0mThis is a error message from thread 2918-09-2026 00:29:34 [38;5;015m[INFO]: [0mThis is a info message from thread 1818-09-2026 00:29:34 [38;5;009m[ERROR]: [0mThis is a error message from thread 2518-09-2026 00:29:34 [38;5;009m[ERROR]: [0mThis is a error message from thread 2018-09-2026 00:29:34 [38;5;009m[ERROR]: [0mThis is a error message from thread 118-09-2026 00:29:34 [38;5;117m[DEBUG]: [0mThis is a debug message from thread 1118-09-2026 00:29:34 [38;5;117m[DEBUG]: [0mThis is a debug message from thread 2418-09-2026 00:29:34 [38;5;009m[ERROR]: [0mThis is a error message from thread 1318-09-2026 00:29:34 [38;5;015m[INFO]: [0mThis is a info message from thread 018-09-2026 00:29:34 [38;5;015m[INFO]: [0mThis is a info message from thread 2418-09-2026 00:29:34 [38;5;117m[DEBUG]: [0mThis is a debug message from thread 2018-09-2026 00:29:34 [38;5;015m[INFO]: [0mThis is a info message from thread 1118-09-2026 00:29:34 [38;5;009m[ERROR]: [0mThis is a error message from thread 1818-09-2026 00:29:34 [38;5;009m[ERROR]: [0mThis is a error message from thread 1018-09-2026 00:29:34 [38;5;117m[DEBUG]: [0mThis is a debug message from thread 1018-09-2026 00:29:34 [38;5;015m[INFO]: [0mThis is a info message from thread 1018-09-2026 00:29:34 [38;5;009m[ERROR]: [0mThis is a error message from thread 2418-09-2026 00:29:34 [38;5;117m[DEBUG]: [0mThis is a debug message from thread 2918-09-2026 00:29:34 [38;5;117m[DEBUG]: [0mThis is a debug message from thread 2518-09-2026 00:29:34 [38;5;015m[INFO]: [0mThis is a info message from thread 2918-09-2026 00:29:34 [38;5;009m[ERROR]: [0mThis is a error message from thread 1418-09-2026 00:29:34 [38;5;009m[ERROR]: [0mThis is a error message from thread 2118-09-2026 00:29:34 [38;5;117m[DEBUG]: [0mThis is a debug message from thread 118-09-2026 00:29:34 [38;5;009m[ERROR]: [0mThis is a error message from thread 1918-09-2026 00:29:34 [38;5;117m[DEBUG]: [0mThis is a debug message from thread 1418-09-2026 00:29:34 [38;5;015m[INFO]: [0mThis is a info message from thread 2018-09-2026 00:29:34 [38;5;009m[ERROR]: [0mThis is a error message from thread 1118-09-2026 00:29:34 [38;5;117m[DEBUG]: [0mThis is a debug message from thread 1318-09-2026 00:29:34 [38;5;009m[ERROR]: [0mThis is a error message from thread 1018-09-2026 00:29:34 [38;5;009m[ERROR]: [0mThis is a error message from thread 018-09-2026 00:29:34 [38;5;009m[ERROR]: [0mThis is a error message from thread 2918-09-2026 00:29:34 [38;5;015m[INFO]: [0mThis is a info message from thread 118-09-2026 00:29:34 [38;5;117m[DEBUG]: [0mThis is a debug message from thread 1118-09-2026 00:29:34 [38;5;015m[INFO]: [0mThis is a info message from thread 1418-09-2026 00:29:34 [38;5;009m[ERROR]: [0mThis is a error message from thread 118-09-2026 00:29:34 [38;5;009m[ERROR]: [0mThis is a error message from thread 718-09-2026 00:29:34 [38;5;117m[DEBUG]: [0mThis is a debug message from thread 1018-09-2026 00:29:34 [38;5;117m[DEBUG]: [0mThis is a debug message from thread 2418-09-2026 00:29:34 [38;5;117m[DEBUG]: [0mThis is a debug message from thread 018-09-2026 00:29:34 [38;5;117m[DEBUG]: [0mThis is a debug message from thread 118-09-2026 00:29:34 [38;5;015m[INFO]: [0mThis is a info message from thread 018-09-2026 00:29:34 [38;5;015m[INFO]: [0mThis is a info message from thread 1118-09-2026 00:29:34 [38;5;117m[DEBUG]: [0mThis is a debug message from thread 1518-09-2026 00:29:34 [38;5;015m[INFO]: [0mThis is a info message from thread 1518-09-2026 00:29:34 [38;5;009m[ERROR]: [0mThis is a error message from thread 018-09-2026 00:29:34 [38;5;009m[ERROR]: [0mThis is a error message from thread 1418-09-2026 00:29:34 [38;5;117m[DEBUG]: [0mThis is a debug message from thread 2118-09-2026 00:29:34 [38;5;015m[INFO]: [0mThis is a info message from thread 118-09-2026 00:29:34 [38;5;015m[INFO]: [0mThis is a info message from thread 2518-09-2026 00:29:34 [38;5;117m[DEBUG]: [0mThis is a debug message from thread 518-09-2026 00:29:34 [38;5;015m[INFO]: [0mThis is a info message from thread 2418-09-2026 00:29:34 [38;5;117m[DEBUG]: [0mThis is a debug message from thread 718-09-2026 00:29:34 [38;5;015m[INFO]: [0mThis is a info message from thread 718-09-2026 00:29:34 [38;5;009m[ERROR]: [0mThis is a error message from thread 1118-09-2026 00:29:34 [38;5;009m[ERROR]: [0mThis is a error message from thread 118-09-2026 00:29:34 [38;5;117m[DEBUG]: [0mThis is a debug message from thread 018-09-2026 00:29:34 [38;5;015m[INFO]: [0mThis is a info message from thread 2118-09-2026 00:29:34 [38;5;009m[ERROR]: [0mThis is a error message from thread 1518-09-2026 00:29:34 [38;5;117m[DEBUG]: [0mThis is a debug message from thread 1618-09-2026 00:29:34 [38;5;009m[ERROR]: [0mThis is a error message from thread 818-09-2026 00:29:34 [38;5;117m[DEBUG]: [0mThis is a debug message from thread 1418-09-2026 00:29:34 [38;5;117m[DEBUG]: [0mThis is a debug message from thread 1918-09-2026 00:29:34 [38;5;117m[DEBUG]: [0mThis is a debug message from thread 1818-09-2026 00:29:34 [38;5;009m[ERROR]: [0mThis is a error message from thread 2418-09-2026 00:29:34 [38;5;117m[DEBUG]: [0mThis is a debug message from thread 2418-09-2026 00:29:34 [38;5;015m[INFO]: [0mThis is a info message from thread 1018-09-2026 00:29:34 [38;5;117m[DEBUG]: [0mThis is a debug message from thread 1518-09-2026 00:29:34 [38;5;015m[INFO]: [0mThis is a info message from thread 1618-09-2026 00:29:34 [38;5;117m[DEBUG]: [0mThis is a debug message from thread 118-09-2026 00:29:34 [38;5;015m[INFO]: [0mThis is a info message from thread 518-09-2026 00:29:34 [38;5;117m[DEBUG]: [0mThis is a debug message from thread 1118-09-2026 00:29:34 [38;5;015m[INFO]: [0mThis is a info message from thread 1818-09-2026 00:29:34 [38;5;009m[ERROR]: [0mThis is a error message from thread 1818-09-2026 00:29:34 [38;5;009m[ERROR]: [0mThis is a error message from thread 2118-09-2026 00:29:34 [38;5;117m[DEBUG]: [0mThis is a debug message from thread 1818-09-2026 00:29:34 [38;5;117m[DEBUG]: [0mThis is a debug message from thread 2118-09-2026 00:29:34 [38;5;015m[INFO]: [0mThis is a info message from thread 2418-09-2026 00:29:34 [38;5;009m[ERROR]: [0mThis is a error message from thread 1618-09-2026 00:29:34 [38;5;117m[DEBUG]: [0mThis is a debug message from thread 1618-09-2026 00:29:34 [38;5;015m[INFO]: [0mThis is a info message from thread 1118-09-2026 00:29:34 [38;5;015m[INFO]: [0mThis is a info message from thread 1518-09-2026 00:29:34 [38;5;009m[ERROR]: [0mThis is a error message from thread 2018-09-2026 00:29:34 [38;5;015m[INFO]: [0mThis is a info message from thread 318-09-2026 00:29:34 [38;5;009m[ERROR]: [0mThis is a error message from thread 2418-09-2026 00:29:34 [38;5;015m[INFO]: [0mThis is a info message from thread 1818-09-2026 00:29:34 [38;5;117m[DEBUG]: [0mThis is a debug message from thread 2918-09-2026 00:29:34 [38;5;117m[DEBUG]: [0mThis is a debug message from thread 1218-09-2026 00:29:34 [38;5;015m[INFO]: [0mThis is a info message from thread 118-09-2026 00:29:34 [38;5;117m[DEBUG]: [0mThis is a debug message from thread 2018-09-2026 00:29:34 [38;5;015m[INFO]: [0mThis is a info message from thread 2918-09-2026 00:29:34 [38;5;015m[INFO]: [0mThis is a info message from thread 218-09-2026 00:29:34 [38;5;015m[INFO]: [0mThis is a info message from thread 2118-09-2026 00:29:34 [38;5;009m[ERROR]: [0mThis is a error message from thread 1118-09-2026 00:29:34 [38;5;015m[INFO]: [0mThis is a info message from thread 018-09-2026 00:29:34 [38;5;117m[DEBUG]: [0mThis is a debug message from thread 1118-09-2026 00:29:34 [38;5;117m[DEBUG]: [0mThis is a debug message from thread 2418-09-2026 00:29:34 [38;5;009m[ERROR]: [0mThis is a error message from thread 1818-09-2026 00:29:34 [38;5;009m[ERROR]: [0mThis is a error message from thread 2118-09-2026 00:29:34 [38;5;009m[ERROR]: [0mThis is a error message from thread 2218-09-2026 00:29:34 [38;5;009m[ERROR]: [0mThis is a error message from thread 018-09-2026 00:29:34 [38;5;117m[DEBUG]: [0mThis is a debug message from thread 2118-09-2026 00:29:34 [38;5;015m[INFO]: [0mThis is a info message from thread 2018-09-2026 00:29:34 [38;5;009m[ERROR]: [0mThis is a error message from thread 318-09-2026 00:29:34 [38;5;117m[DEBUG]: [0mThis is a debug message from thread 1818-09-2026 00:29:34 [38;5;117m[DEBUG]: [0mThis is a debug message from thread 318-09-2026 00:29:34 [38;5;117m[DEBUG]: [0mThis is a debug message from thread 418-09-2026 00:29:34 [38;5;015m[INFO]: [0mThis is a info message from thread 318-09-2026 00:29:34 [38;5;015m[INFO]: [0mThis is a info message from thread 1818-09-2026 00:29:34 [38;5;015m[INFO]: [0mThis is a info message from thread 2118-09-2026 00:29:34 [38;5;117m[DEBUG]: [0mThis is a debug message from thread 2218-09-2026 00:29:34 [38;5;117m[DEBUG]: [0mThis is a debug message from thread 018-09-2026 00:29:34 [38;5;015m[INFO]: [0mThis is a info message from thread 418-09-2026 00:29:34 [38;5;009m[ERROR]: [0mThis is a error message from thread 218-09-2026 00:29:34 [38;5;009m[ERROR]: [0mThis is a error message from thread 1818-09-2026 00:29:34 [38;5;009m[ERROR]: [0mThis is a error message from thread 2018-09-2026 00:29:34 [38;5;117m[DEBUG]: [0mThis is a debug message from thread 218-09-2026 00:29:34 [38;5;009m[ERROR]: [0mThis is a error message from thread 2918-09-2026 00:29:34 [38;5;015m[INFO]: [0mThis is a info message from thread 1318-09-2026 00:29:34 [38;5;009m[ERROR]: [0mThis is a error message from thread 2118-09-2026 00:29:34 [38;5;117m[DEBUG]: [0mThis is a debug message from thread 2018-09-2026 00:29:34 [38;5;015m[INFO]: [0mThis is a info message from thread 2418-09-2026 00:29:34 [38;5;015m[INFO]: [0mThis is a info message from thread 2218-09-2026 00:29:34 [38;5;117m[DEBUG]: [0mThis is a debug message from thread 2118-09-2026 00:29:34 [38;5;015m[INFO]: [0mThis is a info message from thread 2018-09-2026 00:29:34 [38;5;015m[INFO]: [0mThis is a info message from thread 2118-09-2026 00:29:34 [38;5;009m[ERROR]: [0mThis is a error message from thread 2218-09-2026 00:29:34 [38;5;009m[ERROR]: [0mThis is a error message from thread 2118-09-2026 00:29:34 [38;5;009m[ERROR]: [0mThis is a error message from thread 718-09-2026 00:29:34 [38;5;015m[INFO]: [0mThis is a info message from thread 1718-09-2026 00:29:34 [38;5;009m[ERROR]: [0mThis is a error message from thread 2418-09-2026 00:29:34 [38;5;117m[DEBUG]: [0mThis is a debug message from thread 818-09-2026 00:29:34 [38;5;009m[ERROR]: [0mThis is a error message from thread 2518-09-2026 00:29:34 [38;5;009m[ERROR]: [0mThis is a error message from thread 2018-09-2026 00:29:34 [38;5;009m[ERROR]: [0mThis is a error message from thread 1518-09-2026 00:29:34 [38;5;117m[DEBUG]: [0mThis is a debug message from thread 2418-09-2026 00:29:34 [38;5;015m[INFO]: [0mThis is a info message from thread 1918-09-2026 00:29:34 [38;5;117m[DEBUG]: [0mThis is a debug message from thread 2918-09-2026 00:29:34 [38;5;117m[DEBUG]: [0mThis is a debug message from thread 2118-09-2026 00:29:34 [38;5;015m[INFO]: [0mThis is a info message from thread 018-09-2026 00:29:34 [38;5;015m[INFO]: [0mThis is a info message from thread 1118-09-2026 00:29:34 [38;5;015m[INFO]: [0mThis is a info message from thread 2418-09-2026 00:29:34 [38;5;015m[INFO]: [0mThis is a info message from thread 818-09-2026 00:29:34 [38;5;009m[ERROR]: [0mThis is a error message from thread 018-09-2026 00:29:34 [38;5;015m[INFO]: [0mThis is a info message from thread 1418-09-2026 00:29:34 [38;5;117m[DEBUG]: [0mThis is a debug message from thread 1818-09-2026 00:29:34 [38;5;117m[DEBUG]: [0mThis is a debug message from thread 718-09-2026 00:29:34 [38;5;009m[ERROR]: [0mThis is a error message from thread 118-09-2026 00:29:34 [38;5;015m[INFO]: [0mThis is a info message from thread 2918-09-2026 00:29:34 [38;5;009m[ERROR]: [0mThis is a error message from thread 318-09-2026 00:29:34 [38;5;117m[DEBUG]: [0mThis is a debug message from thread 2018-09-2026 00:29:34 [38;5;117m[DEBUG]: [0mThis is a debug message from thread 2318-09-2026 00:29:34 [38;5;009m[ERROR]: [0mThis is a error message from thread 1418-09-2026 00:29:34 [38;5;117m[DEBUG]: [0mThis is a debug message from thread 1518-09-2026 00:29:34 [38;5;117m[DEBUG]: [0mThis is a debug message from thread 018-09-2026 00:29:34 [38;5;009m[ERROR]: [0mThis is a error message from thread 1118-09-2026 00:29:34 [38;5;117m[DEBUG]: [0mThis is a debug message from thread 1418-09-2026 00:29:34 [38;5;015m[INFO]: [0mThis is a info message from thread 2318-09-2026 00:29:34 [38;5;015m[INFO]: [0mThis is a info message from thread 2018-09-2026 00:29:34 [38;5;117m[DEBUG]: [0mThis is a debug message from thread 1118-09-2026 00:29:34 [38;5;009m[ERROR]: [0mThis is a error message from thread 2318-09-2026 00:29:34 [38;5;009m[ERROR]: [0mThis is a error message from thread 2018-09-2026 00:29:34 [38;5;015m[INFO]: [0mThis is a info message from thread 718-09-2026 00:29:34 [38;5;117m[DEBUG]: [0mThis is a debug message from thread 118-09-2026 00:29:34 [38;5;009m[ERROR]: [0mThis is a error message from thread 2918-09-2026 00:29:34 [38;5;015m[INFO]: [0mThis is a info message from thread 118-09-2026 00:29:34 [38;5;117m[DEBUG]: [0mThis is a debug message from thread 2318-09-2026 00:29:34 [38;5;015m[INFO]: [0mThis is a info message from thread 1118-09-2026 00:29:34 [38;5;009m[ERROR]: [0mThis is a error message from thread 518-09-2026 00:29:34 [38;5;117m[DEBUG]: [0mThis is a debug message from thread 2618-09-2026 00:29:34 [38;5;015m[INFO]: [0mThis is a info message from thread 018-09-2026 00:29:34 [38;5;009m[ERROR]: [0mThis is a error message from thread 1118-09-2026 00:29:34 [38;5;015m[INFO]: [0mThis is a info message from thread 1518-09-2026 00:29:34 [38;5;009m[ERROR]: [0mThis is a error message from thread 118-09-2026 00:29:34 [38;5;015m[INFO]: [0mThis is a info message from thread 2618-09-2026 00:29:34 [38;5;117m[DEBUG]: [0mThis is a debug message from thread 1118-09-2026 00:29:34 [38;5;009m[ERROR]: [0mThis is a error message from thread 718-09-2026 00:29:34 [38;5;117m[DEBUG]: [0mThis is a debug message from thread 118-09-2026 00:29:34 [38;5;009m[ERROR]: [0mThis is a error message from thread 418-09-2026 00:29:34 [38;5;117m[DEBUG]: [0mThis is a debug message from thread 2018-09-2026 00:29:34 [38;5;009m[ERROR]: [0mThis is a error message from thread 1018-09-2026 00:29:34 [38;5;015m[INFO]: [0mThis is a info message from thread 1118-09-2026 00:29:34 [38;5;117m[DEBUG]: [0mThis is a debug message from thread 418-09-2026 00:29:34 [38;5;009m[ERROR]: [0mThis is a error message from thread 2618-09-2026 00:29:34 [38;5;015m[INFO]: [0mThis is a info message from thread 2118-09-2026 00:29:34 [38;5;009m[ERROR]: [0mThis is a error message from thread 1718-09-2026 00:29:34 [38;5;117m[DEBUG]: [0mThis is a debug message from thread 318-09-2026 00:29:34 [38;5;117m[DEBUG]: [0mThis is a debug message from thread 2218-09-2026 00:29:34 [38;5;009m[ERROR]: [0mThis is a error message from thread 1118-09-2026 00:29:34 [38;5;117m[DEBUG]: [0mThis is a debug message from thread 1018-09-2026 00:29:34 [38;5;015m[INFO]: [0mThis is a info message from thread 1018-09-2026 00:29:34 [38;5;117m[DEBUG]: [0mThis is a debug message from thread 718-09-2026 00:29:34 [38;5;015m[INFO]: [0mThis is a info message from thread 418-09-2026 00:29:34 [38;5;117m[DEBUG]: [0mThis is a debug message from thread 1718-09-2026 00:29:34 [38;5;117m[DEBUG]: [0mThis is a debug message from thread 518-09-2026 00:29:34 [38;5;009m[ERROR]: [0mThis is a error message from thread 018-09-2026 00:29:34 [38;5;015m[INFO]: [0mThis is a info message from thread 1218-09-2026 00:29:34 [38;5;015m[INFO]: [0mThis is a info message from thread 518-09-2026 00:29:34 [38;5;117m[DEBUG]: [0mThis is a debug message from thread 2618-09-2026 00:29:34 [38;5;117m[DEBUG]: [0mThis is a debug message from thread 1118-09-2026 00:29:34 [38;5;009m[ERROR]: [0mThis is a error message from thread 1918-09-2026 00:29:34 [38;5;009m[ERROR]: [0mThis is a error message from thread 2418-09-2026 00:29:34 [38;5;009m[ERROR]: [0mThis is a error message from thread 1318-09-2026 00:29:34 [38;5;009m[ERROR]: [0mThis is a error message from thread 2118-09-2026 00:29:34 [38;5;015m[INFO]: [0mThis is a info message from thread 718-09-2026 00:29:34 [38;5;015m[INFO]: [0mThis is a info message from thread 1818-09-2026 00:29:34 [38;5;015m[INFO]: [0mThis is a info message from thread 2618-09-2026 00:29:34 [38;5;015m[INFO]: [0mThis is a info message from thread 1118-09-2026 00:29:34 [38;5;009m[ERROR]: [0mThis is a error message from thread 918-09-2026 00:29:34 [38;5;009m[ERROR]: [0mThis is a error message from thread 1118-09-2026 00:29:34 [38;5;015m[INFO]: [0mThis is a info message from thread 1618-09-2026 00:29:34 [38;5;015m[INFO]: [0mThis is a info message from thread 318-09-2026 00:29:34 [38;5;009m[ERROR]: [0mThis is a error message from thread 1218-09-2026 00:29:34 [38;5;117m[DEBUG]: [0mThis is a debug message from thread 1318-09-2026 00:29:34 [38;5;117m[DEBUG]: [0mThis is a debug message from thread 018-09-2026 00:29:34 [38;5;117m[DEBUG]: [0mThis is a debug message from thread 918-09-2026 00:29:34 [38;5;009m[ERROR]: [0mThis is a error message from thread 818-09-2026 00:29:34 [38;5;009m[ERROR]: [0mThis is a error message from thread 1618-09-2026 00:29:34 [38;5;009m[ERROR]: [0mThis is a error message from thread 1818-09-2026 00:29:34 [38;5;009m[ERROR]: [0mThis is a error message from thread 1518-09-2026 00:29:34 [38;5;009m[ERROR]: [0mThis is a error message from thread 718-09-2026 00:29:34 [38;5;117m[DEBUG]: [0mThis is a debug message from thread 1218-09-2026 00:29:34 [38;5;117m[DEBUG]: [0mThis is a debug message from thread 2518-09-2026 00:29:34 [38;5;117m[DEBUG]: [0mThis is a debug message from thread 1618-09-2026 00:29:34 [38;5;117m[DEBUG]: [0mThis is a debug message from thread 818-09-2026 00:29:34 [38;5;117m[DEBUG]: [0mThis is a debug message from thread 1118-09-2026 00:29:34 [38;5;015m[INFO]: [0mThis is a info message from thread 2318-09-2026 00:29:34 [38;5;015m[INFO]: [0mThis is a info message from thread 1118-09-2026 00:29:34 [38;5;015m[INFO]: [0mThis is a info message from thread 818-09-2026 00:29:34 [38;5;009m[ERROR]: [0mThis is a error message from thread 2618-09-2026 00:29:34 [38;5;009m[ERROR]: [0mThis is a error message from thread 318-09-2026 00:29:34 [38;5;015m[INFO]: [0mThis is a info message from thread 1218-09-2026 00:29:34 [38;5;015m[INFO]: [0mThis is a info message from thread 1618-09-2026 00:29:34 [38;5;117m[DEBUG]: [0mThis is a debug message from thread 1818-09-2026 00:29:34 [38;5;009m[ERROR]: [0mThis is a error message from thread 1618-09-2026 00:29:34 [38;5;015m[INFO]: [0mThis is a info message from thread 1818-09-2026 00:29:34 [38;5;117m[DEBUG]: [0mThis is a debug message from thread 2618-09-2026 00:29:34 [38;5;009m[ERROR]: [0mThis is a error message from thread 818-09-2026 00:29:34 [38;5;009m[ERROR]: [0mThis is a error message from thread 2318-09-2026 00:29:34 [38;5;015m[INFO]: [0mThis is a info message from thread 2218-09-2026 00:29:34 [38;5;015m[INFO]: [0mThis is a info message from thread 1318-09-2026 00:29:34 [38;5;117m[DEBUG]: [0mThis is a debug message from thread 718-09-2026 00:29:34 [38;5;009m[ERROR]: [0mThis is a error message from thread 1818-09-2026 00:29:34 [38;5;117m[DEBUG]: [0mThis is a debug message from thread 318-09-2026 00:29:34 [38;5;117m[DEBUG]: [0mThis is a debug message from thread 1818-09-2026 00:29:34 [38;5;117m[DEBUG]: [0mThis is a debug message from thread 818-09-2026 00:29:34 [38;5;117m[DEBUG]: [0mThis is a debug message from thread 1618-09-2026 00:29:34 [38;5;015m[INFO]: [0mThis is a info message from thread 1818-09-2026 00:29:34 [38;5;009m[ERROR]: [0mThis is a error message from thread 418-09-2026 00:29:34 [38;5;009m[ERROR]: [0mThis is a error message from thread 2218-09-2026 00:29:34 [38;5;009m[ERROR]: [0mThis is a error message from thread 1218-09-2026 00:29:34 [38;5;015m[INFO]: [0mThis is a info message from thread 718-09-2026 00:29:34 [38;5;009m[ERROR]: [0mThis is a error message from thread 1018-09-2026 00:29:34 [38;5;117m[DEBUG]: [0mThis is a debug message from thread 2918-09-2026 00:29:34 [38;5;117m[DEBUG]: [0mThis is a debug message from thread 418-09-2026 00:29:34 [38;5;015m[INFO]: [0mThis is a info message from thread 2518-09-2026 00:29:34 [38;5;117m[DEBUG]: [0mThis is a debug message from thread 618-09-2026 00:29:34 [38;5;009m[ERROR]: [0mThis is a error message from thread 518-09-2026 00:29:34 [38;5;117m[DEBUG]: [0mThis is a debug message from thread 2118-09-2026 00:29:34 [38;5;015m[INFO]: [0mThis is a info message from thread 918-09-2026 00:29:34 [38;5;117m[DEBUG]: [0mThis is a debug message from thread 1218-09-2026 00:29:34 [38;5;009m[ERROR]: [0mThis is a error message from thread 2518-09-2026 00:29:34 [38;5;117m[DEBUG]: [0mThis is a debug message from thread 1018-09-2026 00:29:34 [38;5;015m[INFO]: [0mThis is a info message from thread 2618-09-2026 00:29:34 [38;5;117m[DEBUG]: [0mThis is a debug message from thread 518-09-2026 00:29:34 [38;5;015m[INFO]: [0mThis is a info message from thread 018-09-2026 00:29:34 [38;5;009m[ERROR]: [0mThis is a error message from thread 2618-09-2026 00:29:34 [38;5;015m[INFO]: [0mThis is a info message from thread 1718-09-2026 00:29:34 [38;5;015m[INFO]: [0mThis is a info message from thread 1018-09-2026 00:29:34 [38;5;009m[ERROR]: [0mThis is a error message from thread 918-09-2026 00:29:34 [38;5;015m[INFO]: [0mThis is a info message from thread 618-09-2026 00:29:34 [38;5;009m[ERROR]: [0mThis is a error message from thread 1718-09-2026 00:29:34 [38;5;117m[DEBUG]: [0mThis is a debug message from thread 918-09-2026 00:29:34 [38;5;009m[ERROR]: [0mThis is a error message from thread 718-09-2026 00:29:34 [38;5;117m[DEBUG]: [0mThis is a debug message from thread 2518-09-2026 00:29:34 [38;5;015m[INFO]: [0mThis is a info message from thread 1218-09-2026 00:29:34 [38;5;015m[INFO]: [0mThis is a info message from thread 518-09-2026 00:29:34 [38;5;117m[DEBUG]: [0mThis is a debug message from thread 2618-09-2026 00:29:34 [38;5;009m[ERROR]: [0mThis is a error message from thread 1118-09-2026 00:29:34 [38;5;015m[INFO]: [0mThis is a info message from thread 1418-09-2026 00:29:34 [38;5;015m[INFO]: [0mThis is a info message from thread 2018-09-2026 00:29:34 [38;5;015m[INFO]: [0mThis is a info message from thread 2618-09-2026 00:29:34 [38;5;009m[ERROR]: [0mThis is a error message from thread 1418-09-2026 00:29:34 [38;5;015m[INFO]: [0mThis is a info message from thread 2118-09-2026 00:29:34 [38;5;117m[DEBUG]: [0mThis is a debug message from thread 1918-09-2026 00:29:34 [38;5;117m[DEBUG]: [0mThis is a debug message from thread 1718-09-2026 00:29:34 [38;5;009m[ERROR]: [0mThis is a error message from thread 518-09-2026 00:29:34 [38;5;009m[ERROR]: [0mThis is a error message from thread 2118-09-2026 00:29:34 [38;5;117m[DEBUG]: [0mThis is a debug message from thread 1118-09-2026 00:29:34 [38;5;009m[ERROR]: [0mThis is a error message from thread 2618-09-2026 00:29:34 [38;5;009m[ERROR]: [0mThis is a error message from thread 2018-09-2026 00:29:34 [38;5;009m[ERROR]: [0mThis is a error message from thread 1218-09-2026 00:29:34 [38;5;015m[INFO]: [0mThis is a info message from thread 2518-09-2026 00:29:34 [38;5;117m[DEBUG]: [0mThis is a debug message from thread 518-09-2026 00:29:34 [38;5;117m[DEBUG]: [0mThis is a debug message from thread 2118-09-2026 00:29:34 [38;5;009m[ERROR]: [0mThis is a error message from thread 018-09-2026 00:29:34 [38;5;015m[INFO]: [0mThis is a info message from thread 1118-09-2026 00:29:34 [38;5;117m[DEBUG]: [0mThis is a debug message from thread 2618-09-2026 00:29:34 [38;5;009m[ERROR]: [0mThis is a error message from thread 1118-09-2026 00:29:34 [38;5;117m[DEBUG]: [0mThis is a debug message from thread 1218-09-2026 00:29:34 [38;5;117m[DEBUG]: [0mThis is a debug message from thread 2318-09-2026 00:29:34 [38;5;009m[ERROR]: [0mThis is a error message from thread 2518-09-2026 00:29:34 [38;5;015m[INFO]: [0mThis is a info message from thread 318-09-2026 00:29:34 [38;5;015m[INFO]: [0mThis is a info message from thread 2318-09-2026 00:29:34 [38;5;015m[INFO]: [0mThis is a info message from thread 518-09-2026 00:29:34 [38;5;117m[DEBUG]: [0mThis is a debug message from thread 2418-09-2026 00:29:34 [38;5;015m[INFO]: [0mThis is a info message from thread 818-09-2026 00:29:34 [38;5;117m[DEBUG]: [0mThis is a debug message from thread 1118-09-2026 00:29:34 [38;5;015m[INFO]: [0mThis is a info message from thread 2918-09-2026 00:29:34 [38;5;009m[ERROR]: [0mThis is a error message from thread 2318-09-2026 00:29:34 [38;5;015m[INFO]: [0mThis is a info message from thread 1618-09-2026 00:29:34 [38;5;009m[ERROR]: [0mThis is a error message from thread 1018-09-2026 00:29:34 [38;5;015m[INFO]: [0mThis is a info message from thread 2118-09-2026 00:29:34 [38;5;009m[ERROR]: [0mThis is a error message from thread 518-09-2026 00:29:34 [38;5;117m[DEBUG]: [0mThis is a debug message from thread 2218-09-2026 00:29:34 [38;5;117m[DEBUG]: [0mThis is a debug message from thread 1518-09-2026 00:29:34 [38;5;009m[ERROR]: [0mThis is a error message from thread 2118-09-2026 00:29:34 [38;5;015m[INFO]: [0mThis is a info message from thread 1218-09-2026 00:29:34 [38;5;009m[ERROR]: [0mThis is a error message from thread 2918-09-2026 00:29:34 [38;5;009m[ERROR]: [0mThis is a error message from thread 818-09-2026 00:29:34 [38;5;117m[DEBUG]: [0mThis is a debug message from thread 1418-09-2026 00:29:34 [38;5;015m[INFO]: [0mThis is a info message from thread 1718-09-2026 00:29:34 [38;5;015m[INFO]: [0mThis is a info message from thread 2218-09-2026 00:29:34 [38;5;117m[DEBUG]: [0mThis is a debug message from thread 2918-09-2026 00:29:34 [38;5;117m[DEBUG]: [0mThis is a debug message from thread 2318-09-2026 00:29:34 [38;5;015m[INFO]: [0mThis is a info message from thread 1118-09-2026 00:29:34 [38;5;009m[ERROR]: [0mThis is a error message from thread 1218-09-2026 00:29:34 [38;5;015m[INFO]: [0mThis is a info message from thread 2918-09-2026 00:29:34 [38;5;117m[DEBUG]: [0mThis is a debug message from thread 1218-09-2026 00:29:34 [38;5;009m[ERROR]: [0mThis is a error message from thread 1118-09-2026 00:29:34 [38;5;015m[INFO]: [0mThis is a info message from thread 2318-09-2026 00:29:34 [38;5;009m[ERROR]: [0mThis is a error message from thread 1718-09-2026 00:29:34 [38;5;009m[ERROR]: [0mThis is a error message from thread 2218-09-2026 00:29:34 [38;5;009m[ERROR]: [0mThis is a error message from thread 2318-09-2026 00:29:34 [38;5;117m[DEBUG]: [0mThis is a debug message from thread 2218-09-2026 00:29:34 [38;5;015m[INFO]: [0mThis is a info message from thread 1218-09-2026 00:29:34 [38;5;015m[INFO]: [0mThis is a info message from thread 1918-09-2026 00:29:34 [38;5;117m[DEBUG]: [0mThis is a debug message from thread 1718-09-2026 00:29:34 [38;5;117m[DEBUG]: [0mThis is a debug message from thread 2318-09-2026 00:29:34 [38;5;117m[DEBUG]: [0mThis is a debug message from thread 2818-09-2026 00:29:34 [38;5;117m[DEBUG]: [0mThis is a debug message from thread 2118-09-2026 00:29:34 [38;5;015m[INFO]: [0mThis is a info message from thread 2218-09-2026 00:29:34 [38;5;117m[DEBUG]: [0mThis is a debug message from thread 1118-09-2026 00:29:34 [38;5;009m[ERROR]: [0mThis is a error message from thread 1318-09-2026 00:29:34 [38;5;015m[INFO]: [0mThis is a info message from thread 2818-09-2026 00:29:34 [38;5;117m[DEBUG]: [0mThis is a debug message from thread 2018-09-2026 00:29:34 [38;5;009m[ERROR]: [0mThis is a error message from thread 2718-09-2026 00:29:34 [38;5;015m[INFO]: [0mThis is a info message from thread 1118-09-2026 00:29:34 [38;5;117m[DEBUG]: [0mThis is a debug message from thread 518-09-2026 00:29:34 [38;5;117m[DEBUG]: [0mThis is a debug message from thread 018-09-2026 00:29:34 [38;5;015m[INFO]: [0mThis is a info message from thread 118-09-2026 00:29:34 [38;5;015m[INFO]: [0mThis is a info message from thread 2418-09-2026 00:29:34 [38;5;117m[DEBUG]: [0mThis is a debug message from thread 2518-09-2026 00:29:34 [38;5;117m[DEBUG]: [0mThis is a debug message from thread 1018-09-2026 00:29:34 [38;5;015m[INFO]: [0mThis is a info message from thread 1718-09-2026 00:29:34 [38;5;117m[DEBUG]: [0mThis is a debug message from thread 818-09-2026 00:29:34 [38;5;015m[INFO]: [0mThis is a info message from thread 2618-09-2026 00:29:34 [38;5;009m[ERROR]: [0mThis is a error message from thread 1618-09-2026 00:29:34 [38;5;015m[INFO]: [0mThis is a info message from thread 018-09-2026 00:29:34 [38;5;015m[INFO]: [0mThis is a info message from thread 2018-09-2026 00:29:34 [38;5;015m[INFO]: [0mThis is a info message from thread 1518-09-2026 00:29:34 [38;5;009m[ERROR]: [0mThis is a error message from thread 2418-09-2026 00:29:34 [38;5;009m[ERROR]: [0mThis is a error message from thread 1518-09-2026 00:29:34 [38;5;009m[ERROR]: [0mThis is a error message from thread 2218-09-2026 00:29:34 [38;5;117m[DEBUG]: [0mThis is a debug message from thread 2218-09-2026 00:29:34 [38;5;009m[ERROR]: [0mThis is a error message from thread 2618-09-2026 00:29:34 [38;5;015m[INFO]: [0mThis is a info message from thread 2218-09-2026 00:29:34 [38;5;009m[ERROR]: [0mThis is a error message from thread 018-09-2026 00:29:34 [38;5;015m[INFO]: [0mThis is a info message from thread 1018-09-2026 00:29:34 [38;5;117m[DEBUG]: [0mThis is a debug message from thread 1518-09-2026 00:29:34 [38;5;009m[ERROR]: [0mThis is a error message from thread 2218-09-2026 00:29:34 [38;5;009m[ERROR]: [0mThis is a error message from thread 1718-09-2026 00:29:34 [38;5;009m[ERROR]: [0mThis is a error message from thread 118-09-2026 00:29:34 [38;5;117m[DEBUG]: [0mThis is a debug message from thread 2618-09-2026 00:29:34 [38;5;117m[DEBUG]: [0mThis is a debug message from thread 1718-09-2026 00:29:34 [38;5;117m[DEBUG]: [0mThis is a debug message from thread 1618-09-2026 00:29:34 [38;5;015m[INFO]: [0mThis is a info message from thread 1518-09-2026 00:29:34 [38;5;117m[DEBUG]: [0mThis is a debug message from thread 2218-09-2026 00:29:34 [38;5;015m[INFO]: [0mThis is a info message from thread 1418-09-2026 00:29:34 [38;5;009m[ERROR]: [0mThis is a error message from thread 1018-09-2026 00:29:34 [38;5;117m[DEBUG]: [0mThis is a debug message from thread 2418-09-2026 00:29:34 [38;5;009m[ERROR]: [0mThis is a error message from thread 1518-09-2026 00:29:34 [38;5;015m[INFO]: [0mThis is a info message from thread 2618-09-2026 00:29:34 [38;5;117m[DEBUG]: [0mThis is a debug message from thread 1518-09-2026 00:29:34 [38;5;009m[ERROR]: [0mThis is a error message from thread 2618-09-2026 00:29:34 [38;5;015m[INFO]: [0mThis is a info message from thread 2218-09-2026 00:29:34 [38;5;117m[DEBUG]: [0mThis is a debug message from thread 118-09-2026 00:29:34 [38;5;015m[INFO]: [0mThis is a info message from thread 1518-09-2026 00:29:34 [38;5;015m[INFO]: [0mThis is a info message from thread 118-09-2026 00:29:34 [38;5;015m[INFO]: [0mThis is a info message from thread 2418-09-2026 00:29:34 [38;5;117m[DEBUG]: [0mThis is a debug message from thread 1018-09-2026 00:29:34 [38;5;009m[ERROR]: [0mThis is a error message from thread 118-09-2026 00:29:34 [38;5;009m[ERROR]: [0mThis is a error message from thread 2218-09-2026 00:29:34 [38;5;015m[INFO]: [0mThis is a info message from thread 518-09-2026 00:29:34 [38;5;117m[DEBUG]: [0mThis is a debug message from thread 018-09-2026 00:29:34 [38;5;009m[ERROR]: [0mThis is a error message from thread 1518-09-2026 00:29:34 [38;5;117m[DEBUG]: [0mThis is a debug message from thread 1518-09-2026 00:29:34 [38;5;015m[INFO]: [0mThis is a info message from thread 1018-09-2026 00:29:34 [38;5;015m[INFO]: [0mThis is a info message from thread 818-09-2026 00:29:34 [38;5;015m[INFO]: [0mThis is a info message from thread 1518-09-2026 00:29:34 [38;5;015m[INFO]: [0mThis is a info message from thread 2118-09-2026 00:29:34 [38;5;009m[ERROR]: [0mThis is a error message from thread 1418-09-2026 00:29:34 [38;5;009m[ERROR]: [0mThis is a error message from thread 1918-09-2026 00:29:34 [38;5;015m[INFO]: [0mThis is a info message from thread 2518-09-2026 00:29:34 [38;5;015m[INFO]: [0mThis is a info message from thread 018-09-2026 00:29:34 [38;5;009m[ERROR]: [0mThis is a error message from thread 1218-09-2026 00:29:34 [38;5;009m[ERROR]: [0mThis is a error message from thread 818-09-2026 00:29:34 [38;5;009m[ERROR]: [0mThis is a error message from thread 518-09-2026 00:29:34 [38;5;009m[ERROR]: [0mThis is a error message from thread 1518-09-2026 00:29:34 [38;5;117m[DEBUG]: [0mThis is a debug message from thread 718-09-2026 00:29:34 [38;5;009m[ERROR]: [0mThis is a error message from thread 2918-09-2026 00:29:34 [38;5;015m[INFO]: [0mThis is a info message from thread 218-09-2026 00:29:34 [38;5;117m[DEBUG]: [0mThis is a debug message from thread 1518-09-2026 00:29:34 [38;5;009m[ERROR]: [0mThis is a error message from thread 2118-09-2026 00:29:34 [38;5;009m[ERROR]: [0mThis is a error message from thread 018-09-2026 00:29:34 [38;5;015m[INFO]: [0mThis is a info message from thread 1518-09-2026 00:29:34 [38;5;117m[DEBUG]: [0mThis is a debug message from thread 1918-09-2026 00:29:34 [38;5;117m[DEBUG]: [0mThis is a debug message from thread 2918-09-2026 00:29:34 [38;5;015m[INFO]: [0mThis is a info message from thread 718-09-2026 00:29:34 [38;5;009m[ERROR]: [0mThis is a error message from thread 1518-09-2026 00:29:34 [38;5;117m[DEBUG]: [0mThis is a debug message from thread 2118-09-2026 00:29:34 [38;5;009m[ERROR]: [0mThis is a error message from thread 718-09-2026 00:29:34 [38;5;015m[INFO]: [0mThis is a info message from thread 918-09-2026 00:29:34 [38;5;009m[ERROR]: [0mThis is a error message from thread 918-09-2026 00:29:34 [38;5;015m[INFO]: [0mThis is a info message from thread 2118-09-2026 00:29:34 [38;5;117m[DEBUG]: [0mThis is a debug message from thread 718-09-2026 00:29:34 [38;5;015m[INFO]: [0mThis is a info message from thread 2918-09-2026 00:29:34 [38;5;117m[DEBUG]: [0mThis is a debug message from thread 1218-09-2026 00:29:34 [38;5;015m[INFO]: [0mThis is a info message from thread 1918-09-2026 00:29:34 [38;5;015m[INFO]: [0mThis is a info message from thread 2318-09-2026 00:29:34 [38;5;117m[DEBUG]: [0mThis is a debug message from thread 018-09-2026 00:29:34 [38;5;009m[ERROR]: [0mThis is a error message from thread 318-09-2026 00:29:34 [38;5;117m[DEBUG]: [0mThis is a debug message from thread 1518-09-2026 00:29:34 [38;5;009m[ERROR]: [0mThis is a error message from thread 1818-09-2026 00:29:34 [38;5;009m[ERROR]: [0mThis is a error message from thread 1918-09-2026 00:29:34 [38;5;117m[DEBUG]: [0mThis is a debug message from thread 518-09-2026 00:29:34 [38;5;009m[ERROR]: [0mThis is a error message from thread 2018-09-2026 00:29:34 [38;5;009m[ERROR]: [0mThis is a error message from thread 2318-09-2026 00:29:34 [38;5;117m[DEBUG]: [0mThis is a debug message from thread 918-09-2026 00:29:34 [38;5;015m[INFO]: [0mThis is a info message from thread 1718-09-2026 00:29:34 [38;5;117m[DEBUG]: [0mThis is a debug message from thread 1918-09-2026 00:29:34 [38;5;009m[ERROR]: [0mThis is a error message from thread 1018-09-2026 00:29:34 [38;5;117m[DEBUG]: [0mThis is a debug message from thread 818-09-2026 00:29:34 [38;5;015m[INFO]: [0mThis is a info message from thread 018-09-2026 00:29:34 [38;5;117m[DEBUG]: [0mThis is a debug message from thread 1018-09-2026 00:29:34 [38;5;117m[DEBUG]: [0mThis is a debug message from thread 2318-09-2026 00:29:34 [38;5;015m[INFO]: [0mThis is a info message from thread 1218-09-2026 00:29:34 [38;5;009m[ERROR]: [0mThis is a error message from thread 1718-09-2026 00:29:34 [38;5;009m[ERROR]: [0mThis is a error message from thread 1218-09-2026 00:29:34 [38;5;009m[ERROR]: [0mThis is a error message from thread 2418-09-2026 00:29:34 [38;5;117m[DEBUG]: [0mThis is a debug message from thread 1818-09-2026 00:29:34 [38;5;117m[DEBUG]: [0mThis is a debug message from thread 2618-09-2026 00:29:34 [38;5;015m[INFO]: [0mThis is a info message from thread 1918-09-2026 00:29:34 [38;5;015m[INFO]: [0mThis is a info message from thread 518-09-2026 00:29:34 [38;5;117m[DEBUG]: [0mThis is a debug message from thread 1218-09-2026 00:29:34 [38;5;015m[INFO]: [0mThis is a info message from thread 2618-09-2026 00:29:34 [38;5;117m[DEBUG]: [0mThis is a debug message from thread 2418-09-2026 00:29:34 [38;5;009m[ERROR]: [0mThis is a error message from thread 618-09-2026 00:29:34 [38;5;015m[INFO]: [0mThis is a info message from thread 1218-09-2026 00:29:34 [38;5;015m[INFO]: [0mThis is a info message from thread 1018-09-2026 00:29:34 [38;5;009m[ERROR]: [0mThis is a error message from thread 2618-09-2026 00:29:34 [38;5;117m[DEBUG]: [0mThis is a debug message from thread 618-09-2026 00:29:34 [38;5;015m[INFO]: [0mThis is a info message from thread 2418-09-2026 00:29:34 [38;5;009m[ERROR]: [0mThis is a error message from thread 2418-09-2026 00:29:34 [38;5;117m[DEBUG]: [0mThis is a debug message from thread 2418-09-2026 00:29:34 [38;5;015m[INFO]: [0mThis is a info message from thread 618-09-2026 00:29:34 [38;5;015m[INFO]: [0mThis is a info message from thread 1818-09-2026 00:29:34 [38;5;009m[ERROR]: [0mThis is a error message from thread 018-09-2026 00:29:34 [38;5;117m[DEBUG]: [0mThis is a debug message from thread 2718-09-2026 00:29:34 [38;5;117m[DEBUG]: [0mThis is a debug message from thread 2218-09-2026 00:29:34 [38;5;015m[INFO]: [0mThis is a info message from thread 1518-09-2026 00:29:34 [38;5;015m[INFO]: [0mThis is a info message from thread 918-09-2026 00:29:34 [38;5;009m[ERROR]: [0mThis is a error message from thread 2918-09-2026 00:29:34 [38;5;009m[ERROR]: [0mThis is a error message from thread 1218-09-2026 00:29:34 [38;5;117m[DEBUG]: [0mThis is a debug message from thread 018-09-2026 00:29:34 [38;5;117m[DEBUG]: [0mThis is a debug message from thread 2918-09-2026 00:29:34 [38;5;009m[ERROR]: [0mThis is a error message from thread 618-09-2026 00:29:34 [38;5;015m[INFO]: [0mThis is a info message from thread 2418-09-2026 00:29:34 [38;5;009m[ERROR]: [0mThis is a error message from thread 1118-09-2026 00:29:34 [38;5;009m[ERROR]: [0mThis is a error message from thread 1818-09-2026 00:29:34 [38;5;009m[ERROR]: [0mThis is a error message from thread 918-09-2026 00:29:34 [38;5;015m[INFO]: [0mThis is a info message from thread 2718-09-2026 00:29:34 [38;5;117m[DEBUG]: [0mThis is a debug message from thread 118-09-2026 00:29:34 [38;5;117m[DEBUG]: [0mThis is a debug message from thread 618-09-2026 00:29:34 [38;5;015m[INFO]: [0mThis is a info message from thread 118-09-2026 00:29:34 [38;5;117m[DEBUG]: [0mThis is a debug message from thread 1818-09-2026 00:29:34 [38;5;009m[ERROR]: [0mThis is a error message from thread 2418-09-2026 00:29:34 [38;5;117m[DEBUG]: [0mThis is a debug message from thread 1218-09-2026 00:29:34 [38;5;009m[ERROR]: [0mThis is a error message from thread 2718-09-2026 00:29:34 [38;5;015m[INFO]: [0mThis is a info message from thread 618-09-2026 00:29:34 [38;5;015m[INFO]: [0mThis is a info message from thread 2918-09-2026 00:29:34 [38;5;015m[INFO]: [0mThis is a info message from thread 018-09-2026 00:29:34 [38;5;117m[DEBUG]: [0mThis is a debug message from thread 318-09-2026 00:29:34 [38;5;117m[DEBUG]: [0mThis is a debug message from thread 2718-09-2026 00:29:34 [38;5;009m[ERROR]: [0mThis is a error message from thread 2918-09-2026 00:29:34 [38;5;015m[INFO]: [0mThis is a info message from thread 1218-09-2026 00:29:34 [38;5;009m[ERROR]: [0mThis is a error message from thread 618-09-2026 00:29:34 [38;5;009m[ERROR]: [0mThis is a error message from thread 018-09-2026 00:29:34 [38;5;117m[DEBUG]: [0mThis is a debug message from thread 2918-09-2026 00:29:34 [38;5;117m[DEBUG]: [0mThis is a debug message from thread 018-09-2026 00:29:34 [38;5;009m[ERROR]: [0mThis is a error message from thread 2818-09-2026 00:29:34 [38;5;015m[INFO]: [0mThis is a info message from thread 818-09-2026 00:29:34 [38;5;009m[ERROR]: [0mThis is a error message from thread 2518-09-2026 00:29:34 [38;5;117m[DEBUG]: [0mThis is a debug message from thread 618-09-2026 00:29:34 [38;5;009m[ERROR]: [0mThis is a error message from thread 1518-09-2026 00:29:34 [38;5;015m[INFO]: [0mThis is a info message from thread 018-09-2026 00:29:34 [38;5;015m[INFO]: [0mThis is a info message from thread 2318-09-2026 00:29:34 [38;5;009m[ERROR]: [0mThis is a error message from thread 118-09-2026 00:29:34 [38;5;009m[ERROR]: [0mThis is a error message from thread 018-09-2026 00:29:34 [38;5;015m[INFO]: [0mThis is a info message from thread 318-09-2026 00:29:34 [38;5;117m[DEBUG]: [0mThis is a debug message from thread 1518-09-2026 00:29:34 [38;5;117m[DEBUG]: [0mThis is a debug message from thread 018-09-2026 00:29:34 [38;5;009m[ERROR]: [0mThis is a error message from thread 2118-09-2026 00:29:34 [38;5;009m[ERROR]: [0mThis is a error message from thread 2318-09-2026 00:29:34 [38;5;117m[DEBUG]: [0mThis is a debug message from thread 2018-09-2026 00:29:34 [38;5;117m[DEBUG]: [0mThis is a debug message from thread 2118-09-2026 00:29:34 [38;5;015m[INFO]: [0mThis is a info message from thread 018-09-2026 00:29:34 [38;5;117m[DEBUG]: [0mThis is a debug message from thread 918-09-2026 00:29:34 [38;5;117m[DEBUG]: [0mThis is a debug message from thread 1418-09-2026 00:29:34 [38;5;015m[INFO]: [0mThis is a info message from thread 1518-09-2026 00:29:34 [38;5;015m[INFO]: [0mThis is a info message from thread 918-09-2026 00:29:34 [38;5;117m[DEBUG]: [0mThis is a debug message from thread 2618-09-2026 00:29:34 [38;5;015m[INFO]: [0mThis is a info message from thread 2218-09-2026 00:29:34 [38;5;015m[INFO]: [0mThis is a info message from thread 2018-09-2026 00:29:34 [38;5;015m[INFO]: [0mThis is a info message from thread 2118-09-2026 00:29:34 [38;5;117m[DEBUG]: [0mThis is a debug message from thread 2418-09-2026 00:29:34 [38;5;009m[ERROR]: [0mThis is a error message from thread 2018-09-2026 00:29:34 [38;5;015m[INFO]: [0mThis is a info message from thread 618-09-2026 00:29:34 [38;5;009m[ERROR]: [0mThis is a error message from thread 918-09-2026 00:29:34 [38;5;009m[ERROR]: [0mThis is a error message from thread 1518-09-2026 00:29:34 [38;5;009m[ERROR]: [0mThis is a error message from thread 618-09-2026 00:29:34 [38;5;015m[INFO]: [0mThis is a info message from thread 418-09-2026 00:29:34 [38;5;009m[ERROR]: [0mThis is a error message from thread 2118-09-2026 00:29:34 [38;5;015m[INFO]: [0mThis is a info message from thread 1818-09-2026 00:29:34 [38;5;009m[ERROR]: [0mThis is a error message from thread 1918-09-2026 00:29:34 [38;5;009m[ERROR]: [0mThis is a error message from thread 218-09-2026 00:29:34 [38;5;117m[DEBUG]: [0mThis is a debug message from thread 2018-09-2026 00:29:34 [38;5;117m[DEBUG]: [0mThis is a debug message from thread 1518-09-2026 00:29:34 [38;5;009m[ERROR]: [0mThis is a error message from thread 2218-09-2026 00:29:34 [38;5;015m[INFO]: [0mThis is a info message from thread 2918-09-2026 00:29:34 [38;5;117m[DEBUG]: [0mThis is a debug message from thread 1918-09-2026 00:29:34 [38;5;015m[INFO]: [0mThis is a info message from thread 2018-09-2026 00:29:34 [38;5;009m[ERROR]: [0mThis is a error message from thread 2018-09-2026 00:29:34 [38;5;117m[DEBUG]: [0mThis is a debug message from thread 2318-09-2026 00:29:34 [38;5;015m[INFO]: [0mThis is a info message from thread 718-09-2026 00:29:34 [38;5;009m[ERROR]: [0mThis is a error message from thread 818-09-2026 00:29:34 [38;5;117m[DEBUG]: [0mThis is a debug message from thread 2218-09-2026 00:29:34 [38;5;117m[DEBUG]: [0mThis is a debug message from thread 2518-09-2026 00:29:34 [38;5;015m[INFO]: [0mThis is a info message from thread 1918-09-2026 00:29:34 [38;5;009m[ERROR]: [0mThis is a error message from thread 2918-09-2026 00:29:34 [38;5;009m[ERROR]: [0mThis is a error message from thread 1218-09-2026 00:29:34 [38;5;015m[INFO]: [0mThis is a info message from thread 2518-09-2026 00:29:34 [38;5;009m[ERROR]: [0mThis is a error message from thread 418-09-2026 00:29:34 [38;5;117m[DEBUG]: [0mThis is a debug message from thread 618-09-2026 00:29:34 [38;5;015m[INFO]: [0mThis is a info message from thread 2318-09-2026 00:29:34 [38;5;009m[ERROR]: [0mThis is a error message from thread 518-09-2026 00:29:34 [38;5;009m[ERROR]: [0mThis is a error message from thread 1918-09-2026 00:29:34 [38;5;015m[INFO]: [0mThis is a info message from thread 1518-09-2026 00:29:34 [38;5;015m[INFO]: [0mThis is a info message from thread 2618-09-2026 00:29:34 [38;5;117m[DEBUG]: [0mThis is a debug message from thread 1118-09-2026 00:29:34 [38;5;117m[DEBUG]: [0mThis is a debug message from thread 1318-09-2026 00:29:34 [38;5;117m[DEBUG]: [0mThis is a debug message from thread 218-09-2026 00:29:34 [38;5;009m[ERROR]: [0mThis is a error message from thread 318-09-2026 00:29:34 [38;5;015m[INFO]: [0mThis is a info message from thread 1118-09-2026 00:29:34 [38;5;015m[INFO]: [0mThis is a info message from thread 1418-09-2026 00:29:34 [38;5;015m[INFO]: [0mThis is a info message from thread 218-09-2026 00:29:34 [38;5;117m[DEBUG]: [0mThis is a debug message from thread 518-09-2026 00:29:34 [38;5;117m[DEBUG]: [0mThis is a debug message from thread 2118-09-2026 00:29:34 [38;5;117m[DEBUG]: [0mThis is a debug message from thread 918-09-2026 00:29:34 [38;5;117m[DEBUG]: [0mThis is a debug message from thread 1918-09-2026 00:29:34 [38;5;015m[INFO]: [0mThis is a info message from thread 1318-09-2026 00:29:34 [38;5;009m[ERROR]: [0mThis is a error message from thread 1818-09-2026 00:29:34 [38;5;015m[INFO]: [0mThis is a info message from thread 518-09-2026 00:29:34 [38;5;117m[DEBUG]: [0mThis is a debug message from thread 1818-09-2026 00:29:34 [38;5;015m[INFO]: [0mThis is a info message from thread 1818-09-2026 00:29:34 [38;5;117m[DEBUG]: [0mThis is a debug message from thread 318-09-2026 00:29:34 [38;5;009m[ERROR]: [0mThis is a error message from thread 518-09-2026 00:29:34 [38;5;009m[ERROR]: [0mThis is a error message from thread 1318-09-2026 00:29:34 [38;5;015m[INFO]: [0mThis is a info message from thread 1618-09-2026 00:29:34 [38;5;009m[ERROR]: [0mThis is a error message from thread 1118-09-2026 00:29:34 [38;5;015m[INFO]: [0mThis is a info message from thread 2118-09-2026 00:29:34 [38;5;117m[DEBUG]: [0mThis is a debug message from thread 2918-09-2026 00:29:34 [38;5;009m[ERROR]: [0mThis is a error message from thread 218-09-2026 00:29:34 [38;5;117m[DEBUG]: [0mThis is a debug message from thread 1118-09-2026 00:29:34 [38;5;117m[DEBUG]: [0mThis is a debug message from thread 418-09-2026 00:29:34 [38;5;009m[ERROR]: [0mThis is a error message from thread 2118-09-2026 00:29:34 [38;5;009m[ERROR]: [0mThis is a error message from thread 1818-09-2026 00:29:34 [38;5;009m[ERROR]: [0mThis is a error message from thread 1618-09-2026 00:29:34 [38;5;117m[DEBUG]: [0mThis is a debug message from thread 1618-09-2026 00:29:34 [38;5;117m[DEBUG]: [0mThis is a debug message from thread 1818-09-2026 00:29:34 [38;5;015m[INFO]: [0mThis is a info message from thread 1818-09-2026 00:29:34 [38;5;117m[DEBUG]: [0mThis is a debug message from thread 1318-09-2026 00:29:34 [38;5;009m[ERROR]: [0mThis is a error message from thread 1818-09-2026 00:29:34 [38;5;015m[INFO]: [0mThis is a info message from thread 918-09-2026 00:29:34 [38;5;015m[INFO]: [0mThis is a info message from thread 418-09-2026 00:29:34 [38;5;015m[INFO]: [0mThis is a info message from thread 318-09-2026 00:29:34 [38;5;015m[INFO]: [0mThis is a info message from thread 1618-09-2026 00:29:34 [38;5;015m[INFO]: [0mThis is a info message from thread 618-09-2026 00:29:34 [38;5;009m[ERROR]: [0mThis is a error message from thread 1618-09-2026 00:29:34 [38;5;015m[INFO]: [0mThis is a info message from thread 1118-09-2026 00:29:34 [38;5;015m[INFO]: [0mThis is a info message from thread 1318-09-2026 00:29:34 [38;5;117m[DEBUG]: [0mThis is a debug message from thread 218-09-2026 00:29:34 [38;5;009m[ERROR]: [0mThis is a error message from thread 1118-09-2026 00:29:34 [38;5;117m[DEBUG]: [0mThis is a debug message from thread 1818-09-2026 00:29:34 [38;5;117m[DEBUG]: [0mThis is a debug message from thread 2118-09-2026 00:29:34 [38;5;015m[INFO]: [0mThis is a info message from thread 2118-09-2026 00:29:34 [38;5;009m[ERROR]: [0mThis is a error message from thread 318-09-2026 00:29:34 [38;5;009m[ERROR]: [0mThis is a error message from thread 418-09-2026 00:29:34 [38;5;015m[INFO]: [0mThis is a info message from thread 1818-09-2026 00:29:34 [38;5;015m[INFO]: [0mThis is a info message from thread 2418-09-2026 00:29:34 [38;5;009m[ERROR]: [0mThis is a error message from thread 2318-09-2026 00:29:34 [38;5;009m[ERROR]: [0mThis is a error message from thread 918-09-2026 00:29:34 [38;5;015m[INFO]: [0mThis is a info message from thread 2718-09-2026 00:29:34 [38;5;009m[ERROR]: [0mThis is a error message from thread 618-09-2026 00:29:34 [38;5;009m[ERROR]: [0mThis is a error message from thread 2718-09-2026 00:29:34 [38;5;117m[DEBUG]: [0mThis is a debug message from thread 1618-09-2026 00:29:34 [38;5;117m[DEBUG]: [0mThis is a debug message from thread 418-09-2026 00:29:34 [38;5;117m[DEBUG]: [0mThis is a debug message from thread 918-09-2026 00:29:34 [38;5;015m[INFO]: [0mThis is a info message from thread 2218-09-2026 00:29:34 [38;5;015m[INFO]: [0mThis is a info message from thread 2918-09-2026 00:29:34 [38;5;015m[INFO]: [0mThis is a info message from thread 218-09-2026 00:29:34 [38;5;015m[INFO]: [0mThis is a info message from thread 1618-09-2026 00:29:34 [38;5;009m[ERROR]: [0mThis is a error message from thread 2918-09-2026 00:29:34 [38;5;015m[INFO]: [0mThis is a info message from thread 418-09-2026 00:29:34 [38;5;015m[INFO]: [0mThis is a info message from thread 918-09-2026 00:29:34 [38;5;117m[DEBUG]: [0mThis is a debug message from thread 618-09-2026 00:29:34 [38;5;009m[ERROR]: [0mThis is a error message from thread 018-09-2026 00:29:34 [38;5;009m[ERROR]: [0mThis is a error message from thread 2418-09-2026 00:29:34 [38;5;117m[DEBUG]: [0mThis is a debug message from thread 118-09-2026 00:29:34 [38;5;117m[DEBUG]: [0mThis is a debug message from thread 518-09-2026 00:29:34 [38;5;117m[DEBUG]: [0mThis is a debug message from thread 1218-09-2026 00:29:34 [38;5;117m[DEBUG]: [0mThis is a debug message from thread 018-09-2026 00:29:34 [38;5;015m[INFO]: [0mThis is a info message from thread 518-09-2026 00:29:34 [38;5;117m[DEBUG]: [0mThis is a debug message from thread 2718-09-2026 00:29:34 [38;5;015m[INFO]: [0mThis is a info message from thread 1218-09-2026 00:29:34 [38;5;009m[ERROR]: [0mThis is a error message from thread 1018-09-2026 00:29:34 [38;5;117m[DEBUG]: [0mThis is a debug message from thread 1118-09-2026 00:29:34 [38;5;009m[ERROR]: [0mThis is a error message from thread 1318-09-2026 00:29:34 [38;5;117m[DEBUG]: [0mThis is a debug message from thread 1718-09-2026 00:29:34 [38;5;117m[DEBUG]: [0mThis is a debug message from thread 2318-09-2026 00:29:34 [38;5;009m[ERROR]: [0mThis is a error message from thread 2218-09-2026 00:29:34 [38;5;009m[ERROR]: [0mThis is a error message from thread 918-09-2026 00:29:34 [38;5;009m[ERROR]: [0mThis is a error message from thread 718-09-2026 00:29:34 [38;5;009m[ERROR]: [0mThis is a error message from thread 1218-09-2026 00:29:34 [38;5;117m[DEBUG]: [0mThis is a debug message from thread 1318-09-2026 00:29:34 [38;5;117m[DEBUG]: [0mThis is a debug message from thread 818-09-2026 00:29:34 [38;5;015m[INFO]: [0mThis is a info message from thread 2718-09-2026 00:29:34 [38;5;009m[ERROR]: [0mThis is a error message from thread 1818-09-2026 00:29:34 [38;5;015m[INFO]: [0mThis is a info message from thread 1118-09-2026 00:29:34 [38;5;117m[DEBUG]: [0mThis is a debug message from thread 2218-09-2026 00:29:34 [38;5;015m[INFO]: [0mThis is a info message from thread 1318-09-2026 00:29:34 [38;5;009m[ERROR]: [0mThis is a error message from thread 418-09-2026 00:29:34 [38;5;009m[ERROR]: [0mThis is a error message from thread 1518-09-2026 00:29:34 [38;5;009m[ERROR]: [0mThis is a error message from thread 2618-09-2026 00:29:34 [38;5;015m[INFO]: [0mThis is a info message from thread 2218-09-2026 00:29:34 [38;5;009m[ERROR]: [0mThis is a error message from thread 518-09-2026 00:29:34 [38;5;117m[DEBUG]: [0mThis is a debug message from thread 1218-09-2026 00:29:34 [38;5;015m[INFO]: [0mThis is a info message from thread 618-09-2026 00:29:34 [38;5;117m[DEBUG]: [0mThis is a debug message from thread 1018-09-2026 00:29:34 [38;5;117m[DEBUG]: [0mThis is a debug message from thread 2418-09-2026 00:29:34 [38;5;117m[DEBUG]: [0mThis is a debug message from thread 2018-09-2026 00:29:34 [38;5;117m[DEBUG]: [0mThis is a debug message from thread 2918-09-2026 00:29:34 [38;5;009m[ERROR]: [0mThis is a error message from thread 2518-09-2026 00:29:34 [38;5;015m[INFO]: [0mThis is a info message from thread 118-09-2026 00:29:34 [38;5;009m[ERROR]: [0mThis is a error message from thread 2118-09-2026 00:29:34 [38;5;009m[ERROR]: [0mThis is a error message from thread 1118-09-2026 00:29:34 [38;5;009m[ERROR]: [0mThis is a error message from thread 1618-09-2026 00:29:34 [38;5;117m[DEBUG]: [0mThis is a debug message from thread 918-09-2026 00:29:34 [38;5;117m[DEBUG]: [0mThis is a debug message from thread 318-09-2026 00:29:34 [38;5;015m[INFO]: [0mThis is a info message from thread 918-09-2026 00:29:34 [38;5;117m[DEBUG]: [0mThis is a debug message from thread 2118-09-2026 00:29:34 [38;5;117m[DEBUG]: [0mThis is a debug message from thread 2518-09-2026 00:29:34 [38;5;015m[INFO]: [0mThis is a info message from thread 1918-09-2026 00:29:34 [38;5;015m[INFO]: [0mThis is a info message from thread 2518-09-2026 00:29:34 [38;5;015m[INFO]: [0mThis is a info message from thread 2118-09-2026 00:29:34 [38;5;009m[ERROR]: [0mThis is a error message from thread 2118-09-2026 00:29:34 [38;5;009m[ERROR]: [0mThis is a error message from thread 218-09-2026 00:29:34 [38;5;117m[DEBUG]: [0mThis is a debug message from thread 2118-09-2026 00:29:34 [38;5;009m[ERROR]: [0mThis is a error message from thread 2518-09-2026 00:29:34 [38;5;009m[ERROR]: [0mThis is a error message from thread 1918-09-2026 00:29:34 [38;5;009m[ERROR]: [0mThis is a error message from thread 918-09-2026 00:29:34 [38;5;015m[INFO]: [0mThis is a info message from thread 2918-09-2026 00:29:34 [38;5;117m[DEBUG]: [0mThis is a debug message from thread 518-09-2026 00:29:34 [38;5;117m[DEBUG]: [0mThis is a debug message from thread 2818-09-2026 00:29:34 [38;5;117m[DEBUG]: [0mThis is a debug message from thread 418-09-2026 00:29:34 [38;5;015m[INFO]: [0mThis is a info message from thread 2018-09-2026 00:29:34 [38;5;009m[ERROR]: [0mThis is a error message from thread 2718-09-2026 00:29:34 [38;5;015m[INFO]: [0mThis is a info message from thread 2118-09-2026 00:29:34 [38;5;117m[DEBUG]: [0mThis is a debug message from thread 1918-09-2026 00:29:34 [38;5;009m[ERROR]: [0mThis is a error message from thread 2918-09-2026 00:29:34 [38;5;009m[ERROR]: [0mThis is a error message from thread 1418-09-2026 00:29:34 [38;5;015m[INFO]: [0mThis is a info message from thread 2318-09-2026 00:29:34 [38;5;009m[ERROR]: [0mThis is a error message from thread 2018-09-2026 00:29:34 [38;5;015m[INFO]: [0mThis is a info message from thread 1918-09-2026 00:29:34 [38;5;117m[DEBUG]: [0mThis is a debug message from thread 218-09-2026 00:29:34 [38;5;117m[DEBUG]: [0mThis is a debug message from thread 2518-09-2026 00:29:34 [38;5;009m[ERROR]: [0mThis is a error message from thread 118-09-2026 00:29:34 [38;5;117m[DEBUG]: [0mThis is a debug message from thread 2918-09-2026 00:29:34 [38;5;117m[DEBUG]: [0mThis is a debug message from thread 918-09-2026 00:29:34 [38;5;009m[ERROR]: [0mThis is a error message from thread 2118-09-2026 00:29:34 [38;5;015m[INFO]: [0mThis is a info message from thread 818-09-2026 00:29:34 [38;5;015m[INFO]: [0mThis is a info message from thread 2918-09-2026 00:29:34 [38;5;117m[DEBUG]: [0mThis is a debug message from thread 1618-09-2026 00:29:34 [38;5;015m[INFO]: [0mThis is a info message from thread 218-09-2026 00:29:34 [38;5;015m[INFO]: [0mThis is a info message from thread 1018-09-2026 00:29:34 [38;5;009m[ERROR]: [0mThis is a error message from thread 1918-09-2026 00:29:34 [38;5;117m[DEBUG]: [0mThis is a debug message from thread 2018-09-2026 00:29:34 [38;5;015m[INFO]: [0mThis is a info message from thread 518-09-2026 00:29:34 [38;5;117m[DEBUG]: [0mThis is a debug message from thread 1918-09-2026 00:29:34 [38;5;015m[INFO]: [0mThis is a info message from thread 2518-09-2026 00:29:34 [38;5;117m[DEBUG]: [0mThis is a debug message from thread 2118-09-2026 00:29:34 [38;5;015m[INFO]: [0mThis is a info message from thread 318-09-2026 00:29:34 [38;5;117m[DEBUG]: [0mThis is a debug message from thread 1818-09-2026 00:29:34 [38;5;117m[DEBUG]: [0mThis is a debug message from thread 2718-09-2026 00:29:34 [38;5;117m[DEBUG]: [0mThis is a debug message from thread 1118-09-2026 00:29:34 [38;5;009m[ERROR]: [0mThis is a error message from thread 2918-09-2026 00:29:34 [38;5;015m[INFO]: [0mThis is a info message from thread 018-09-2026 00:29:34 [38;5;009m[ERROR]: [0mThis is a error message from thread 618-09-2026 00:29:34 [38;5;015m[INFO]: [0mThis is a info message from thread 918-09-2026 00:29:34 [38;5;015m[INFO]: [0mThis is a info message from thread 2018-09-2026 00:29:34 [38;5;015m[INFO]: [0mThis is a info message from thread 1618-09-2026 00:29:34 [38;5;015m[INFO]: [0mThis is a info message from thread 2818-09-2026 00:29:34 [38;5;015m[INFO]: [0mThis is a info message from thread 2118-09-2026 00:29:34 [38;5;009m[ERROR]: [0mThis is a error message from thread 518-09-2026 00:29:34 [38;5;015m[INFO]: [0mThis is a info message from thread 1818-09-2026 00:29:34 [38;5;015m[INFO]: [0mThis is a info message from thread 2418-09-2026 00:29:34 [38;5;015m[INFO]: [0mThis is a info message from thread 1118-09-2026 00:29:34 [38;5;009m[ERROR]: [0mThis is a error message from thread 2018-09-2026 00:29:34 [38;5;117m[DEBUG]: [0mThis is a debug message from thread 1418-09-2026 00:29:34 [38;5;117m[DEBUG]: [0mThis is a debug message from thread 1518-09-2026 00:29:34 [38;5;117m[DEBUG]: [0mThis is a debug message from thread 518-09-2026 00:29:34 [38;5;009m[ERROR]: [0mThis is a error message from thread 918-09-2026 00:29:34 [38;5;009m[ERROR]: [0mThis is a error message from thread 1618-09-2026 00:29:34 [38;5;117m[DEBUG]: [0mThis is a debug message from thread 718-09-2026 00:29:34 [38;5;117m[DEBUG]: [0mThis is a debug message from thread 2018-09-2026 00:29:34 [38;5;009m[ERROR]: [0mThis is a error message from thread 1818-09-2026 00:29:34 [38;5;009m[ERROR]: [0mThis is a error message from thread 2518-09-2026 00:29:34 [38;5;117m[DEBUG]: [0mThis is a debug message from thread 2618-09-2026 00:29:34 [38;5;009m[ERROR]: [0mThis is a error message from thread 1318-09-2026 00:29:34 [38;5;009m[ERROR]: [0mThis is a error message from thread 1118-09-2026 00:29:34 [38;5;015m[INFO]: [0mThis is a info message from thread 2718-09-2026 00:29:34 [38;5;009m[ERROR]: [0mThis is a error message from thread 018-09-2026 00:29:34 [38;5;015m[INFO]: [0mThis is a info message from thread 2018-09-2026 00:29:34 [38;5;009m[ERROR]: [0mThis is a error message from thread 2718-09-2026 00:29:34 [38;5;117m[DEBUG]: [0mThis is a debug message from thread 918-09-2026 00:29:34 [38;5;015m[INFO]: [0mThis is a info message from thread 1918-09-2026 00:29:34 [38;5;015m[INFO]: [0mThis is a info message from thread 418-09-2026 00:29:34 [38;5;117m[DEBUG]: [0mThis is a debug message from thread 618-09-2026 00:29:34 [38;5;117m[DEBUG]: [0mThis is a debug message from thread 2918-09-2026 00:29:34 [38;5;117m[DEBUG]: [0mThis is a debug message from thread 1818-09-2026 00:29:34 [38;5;117m[DEBUG]: [0mThis is a debug message from thread 018-09-2026 00:29:34 [38;5;117m[DEBUG]: [0mThis is a debug message from thread 2718-09-2026 00:29:34 [38;5;015m[INFO]: [0mThis is a info message from thread 1418-09-2026 00:29:34 [38;5;009m[ERROR]: [0mThis is a error message from thread 818-09-2026 00:29:34 [38;5;009m[ERROR]: [0mThis is a error message from thread 1418-09-2026 00:29:34 [38;5;117m[DEBUG]: [0mThis is a debug message from thread 1118-09-2026 00:29:34 [38;5;015m[INFO]: [0mThis is a info message from thread 618-09-2026 00:29:34 [38;5;015m[INFO]: [0mThis is a info message from thread 018-09-2026 00:29:34 [38;5;117m[DEBUG]: [0mThis is a debug message from thread 1618-09-2026 00:29:34 [38;5;009m[ERROR]: [0mThis is a error message from thread 018-09-2026 00:29:34 [38;5;015m[INFO]: [0mThis is a info message from thread 918-09-2026 00:29:34 [38;5;015m[INFO]: [0mThis is a info message from thread 1218-09-2026 00:29:34 [38;5;117m[DEBUG]: [0mThis is a debug message from thread 1418-09-2026 00:29:34 [38;5;009m[ERROR]: [0mThis is a error message from thread 918-09-2026 00:29:34 [38;5;015m[INFO]: [0mThis is a info message from thread 2718-09-2026 00:29:34 [38;5;015m[INFO]: [0mThis is a info message from thread 1118-09-2026 00:29:34 [38;5;117m[DEBUG]: [0mThis is a debug message from thread 818-09-2026 00:29:34 [38;5;009m[ERROR]: [0mThis is a error message from thread 1218-09-2026 00:29:34 [38;5;117m[DEBUG]: [0mThis is a debug message from thread 918-09-2026 00:29:34 [38;5;009m[ERROR]: [0mThis is a error message from thread 2218-09-2026 00:29:34 [38;5;015m[INFO]: [0mThis is a info message from thread 718-09-2026 00:29:34 [38;5;015m[INFO]: [0mThis is a info message from thread 918-09-2026 00:29:34 [38;5;117m[DEBUG]: [0mThis is a debug message from thread 1218-09-2026 00:29:34 [38;5;015m[INFO]: [0mThis is a info message from thread 1218-09-2026 00:29:34 [38;5;009m[ERROR]: [0mThis is a error message from thread 918-09-2026 00:29:34 [38;5;009m[ERROR]: [0mThis is a error message from thread 1118-09-2026 00:29:34 [38;5;015m[INFO]: [0mThis is a info message from thread 1618-09-2026 00:29:34 [38;5;117m[DEBUG]: [0mThis is a debug message from thread 018-09-2026 00:29:34 [38;5;015m[INFO]: [0mThis is a info message from thread 2618-09-2026 00:29:34 [38;5;009m[ERROR]: [0mThis is a error message from thread 1218-09-2026 00:29:34 [38;5;015m[INFO]: [0mThis is a info message from thread 518-09-2026 00:29:34 [38;5;015m[INFO]: [0mThis is a info message from thread 1818-09-2026 00:29:34 [38;5;117m[DEBUG]: [0mThis is a debug message from thread 2218-09-2026 00:29:34 [38;5;015m[INFO]: [0mThis is a info message from thread 2218-09-2026 00:29:34 [38;5;117m[DEBUG]: [0mThis is a debug message from thread 918-09-2026 00:29:34 [38;5;009m[ERROR]: [0mThis is a error message from thread 2718-09-2026 00:29:34 [38;5;009m[ERROR]: [0mThis is a error message from thread 2218-09-2026 00:29:34 [38;5;015m[INFO]: [0mThis is a info message from thread 018-09-2026 00:29:34 [38;5;117m[DEBUG]: [0mThis is a debug message from thread 1118-09-2026 00:29:34 [38;5;117m[DEBUG]: [0mThis is a debug message from thread 2718-09-2026 00:29:34 [38;5;015m[INFO]: [0mThis is a info message from thread 918-09-2026 00:29:34 [38;5;009m[ERROR]: [0mThis is a error message from thread 2618-09-2026 00:29:34 [38;5;009m[ERROR]: [0mThis is a error message from thread 1018-09-2026 00:29:34 [38;5;009m[ERROR]: [0mThis is a error message from thread 518-09-2026 00:29:34 [38;5;009m[ERROR]: [0mThis is a error message from thread 1918-09-2026 00:29:34 [38;5;117m[DEBUG]: [0mThis is a debug message from thread 518-09-2026 00:29:34 [38;5;015m[INFO]: [0mThis is a info message from thread 2718-09-2026 00:29:34 [38;5;015m[INFO]: [0mThis is a info message from thread 1118-09-2026 00:29:34 [38;5;117m[DEBUG]: [0mThis is a debug message from thread 2618-09-2026 00:29:34 [38;5;009m[ERROR]: [0mThis is a error message from thread 918-09-2026 00:29:34 [38;5;009m[ERROR]: [0mThis is a error message from thread 2418-09-2026 00:29:34 [38;5;015m[INFO]: [0mThis is a info message from thread 818-09-2026 00:29:34 [38;5;009m[ERROR]: [0mThis is a error message from thread 1118-09-2026 00:29:34 [38;5;117m[DEBUG]: [0mThis is a debug message from thread 1018-09-2026 00:29:34 [38;5;015m[INFO]: [0mThis is a info message from thread 518-09-2026 00:29:34 [38;5;009m[ERROR]: [0mThis is a error message from thread 2318-09-2026 00:29:34 [38;5;117m[DEBUG]: [0mThis is a debug message from thread 2518-09-2026 00:29:34 [38;5;117m[DEBUG]: [0mThis is a debug message from thread 1218-09-2026 00:29:34 [38;5;009m[ERROR]: [0mThis is a error message from thread 2018-09-2026 00:29:34 [38;5;117m[DEBUG]: [0mThis is a debug message from thread 1118-09-2026 00:29:34 [38;5;117m[DEBUG]: [0mThis is a debug message from thread 118-09-2026 00:29:34 [38;5;117m[DEBUG]: [0mThis is a debug message from thread 2218-09-2026 00:29:34 [38;5;009m[ERROR]: [0mThis is a error message from thread 018-09-2026 00:29:34 [38;5;009m[ERROR]: [0mThis is a error message from thread 818-09-2026 00:29:34 [38;5;015m[INFO]: [0mThis is a info message from thread 1018-09-2026 00:29:34 [38;5;117m[DEBUG]: [0mThis is a debug message from thread 2318-09-2026 00:29:34 [38;5;117m[DEBUG]: [0mThis is a debug message from thread 1318-09-2026 00:29:34 [38;5;015m[INFO]: [0mThis is a info message from thread 1218-09-2026 00:29:34 [38;5;009m[ERROR]: [0mThis is a error message from thread 1818-09-2026 00:29:34 [38;5;009m[ERROR]: [0mThis is a error message from thread 418-09-2026 00:29:34 [38;5;117m[DEBUG]: [0mThis is a debug message from thread 2418-09-2026 00:29:34 [38;5;009m[ERROR]: [0mThis is a error message from thread 518-09-2026 00:29:34 [38;5;117m[DEBUG]: [0mThis is a debug message from thread 2018-09-2026 00:29:34 [38;5;117m[DEBUG]: [0mThis is a debug message from thread 018-09-2026 00:29:34 [38;5;117m[DEBUG]: [0mThis is a debug message from thread 818-09-2026 00:29:34 [38;5;009m[ERROR]: [0mThis is a error message from thread 618-09-2026 00:29:34 [38;5;117m[DEBUG]: [0mThis is a debug message from thread 518-09-2026 00:29:34 [38;5;015m[INFO]: [0mThis is a info message from thread 2618-09-2026 00:29:34 [38;5;015m[INFO]: [0mThis is a info message from thread 2418-09-2026 00:29:34 [38;5;015m[INFO]: [0mThis is a info message from thread 1718-09-2026 00:29:34 [38;5;009m[ERROR]: [0mThis is a error message from thread 1218-09-2026 00:29:34 [38;5;117m[DEBUG]: [0mThis is a debug message from thread 1218-09-2026 00:29:34 [38;5;015m[INFO]: [0mThis is a info message from thread 518-09-2026 00:29:34 [38;5;117m[DEBUG]: [0mThis is a debug message from thread 1818-09-2026 00:29:34 [38;5;009m[ERROR]: [0mThis is a error message from thread 318-09-2026 00:29:34 [38;5;009m[ERROR]: [0mThis is a error message from thread 2818-09-2026 00:29:34 [38;5;117m[DEBUG]: [0mThis is a debug message from thread 1918-09-2026 00:29:34 [38;5;009m[ERROR]: [0mThis is a error message from thread 1618-09-2026 00:29:34 [38;5;015m[INFO]: [0mThis is a info message from thread 118-09-2026 00:29:34 [38;5;009m[ERROR]: [0mThis is a error message from thread 1718-09-2026 00:29:34 [38;5;015m[INFO]: [0mThis is a info message from thread 1218-09-2026 00:29:34 [38;5;015m[INFO]: [0mThis is a info message from thread 1418-09-2026 00:29:34 [38;5;009m[ERROR]: [0mThis is a error message from thread 1018-09-2026 00:29:34 [38;5;015m[INFO]: [0mThis is a info message from thread 1918-09-2026 00:29:34 [38;5;009m[ERROR]: [0mThis is a error message from thread 518-09-2026 00:29:34 [38;5;009m[ERROR]: [0mThis is a error message from thread 1918-09-2026 00:29:34 [38;5;009m[ERROR]: [0mThis is a error message from thread 1218-09-2026 00:29:34 [38;5;117m[DEBUG]: [0mThis is a debug message from thread 418-09-2026 00:29:34 [38;5;117m[DEBUG]: [0mThis is a debug message from thread 1718-09-2026 00:29:34 [38;5;009m[ERROR]: [0mThis is a error message from thread 2618-09-2026 00:29:34 [38;5;117m[DEBUG]: [0mThis is a debug message from thread 1018-09-2026 00:29:34 [38;5;117m[DEBUG]: [0mThis is a debug message from thread 518-09-2026 00:29:34 [38;5;117m[DEBUG]: [0mThis is a debug message from thread 2618-09-2026 00:29:34 [38;5;015m[INFO]: [0mThis is a info message from thread 2918-09-2026 00:29:34 [38;5;015m[INFO]: [0mThis is a info message from thread 1718-09-2026 00:29:34 [38;5;009m[ERROR]: [0mThis is a error message from thread 2918-09-2026 00:29:34 [38;5;015m[INFO]: [0mThis is a info message from thread 018-09-2026 00:29:34 [38;5;117m[DEBUG]: [0mThis is a debug message from thread 1918-09-2026 00:29:34 [38;5;015m[INFO]: [0mThis is a info message from thread 1918-09-2026 00:29:34 [38;5;015m[INFO]: [0mThis is a info message from thread 2318-09-2026 00:29:34 [38;5;009m[ERROR]: [0mThis is a error message from thread 218-09-2026 00:29:34 [38;5;117m[DEBUG]: [0mThis is a debug message from thread 318-09-2026 00:29:34 [38;5;009m[ERROR]: [0mThis is a error message from thread 2718-09-2026 00:29:34 [38;5;009m[ERROR]: [0mThis is a error message from thread 2318-09-2026 00:29:34 [38;5;015m[INFO]: [0mThis is a info message from thread 1018-09-2026 00:29:34 [38;5;117m[DEBUG]: [0mThis is a debug message from thread 2718-09-2026 00:29:34 [38;5;117m[DEBUG]: [0mThis is a debug message from thread 2918-09-2026 00:29:34 [38;5;015m[INFO]: [0mThis is a info message from thread 1518-09-2026 00:29:34 [38;5;117m[DEBUG]: [0mThis is a debug message from thread 1618-09-2026 00:29:34 [38;5;015m[INFO]: [0mThis is a info message from thread 418-09-2026 00:29:34 [38;5;015m[INFO]: [0mThis is a info message from thread 1618-09-2026 00:29:34 [38;5;015m[INFO]: [0mThis is a info message from thread 2018-09-2026 00:29:34 [38;5;009m[ERROR]: [0mThis is a error message from thread 1418-09-2026 00:29:34 [38;5;009m[ERROR]: [0mThis is a error message from thread 2018-09-2026 00:29:34 [38;5;117m[DEBUG]: [0mThis is a debug message from thread 618-09-2026 00:29:34 [38;5;015m[INFO]: [0mThis is a info message from thread 2618-09-2026 00:29:34 [38;5;117m[DEBUG]: [0mThis is a debug message from thread 2018-09-2026 00:29:34 [38;5;015m[INFO]: [0mThis is a info message from thread 1318-09-2026 00:29:34 [38;5;015m[INFO]: [0mThis is a info message from thread 618-09-2026 00:29:34 [38;5;009m[ERROR]: [0mThis is a error message from thread 1718-09-2026 00:29:34 [38;5;117m[DEBUG]: [0mThis is a debug message from thread 2818-09-2026 00:29:34 [38;5;015m[INFO]: [0mThis is a info message from thread 818-09-2026 00:29:34 [38;5;009m[ERROR]: [0mThis is a error message from thread 1318-09-2026 00:29:34 [38;5;009m[ERROR]: [0mThis is a error message from thread 2418-09-2026 00:29:34 [38;5;009m[ERROR]: [0mThis is a error message from thread 1918-09-2026 00:29:34 [38;5;117m[DEBUG]: [0mThis is a debug message from thread 218-09-2026 00:29:34 [38;5;009m[ERROR]: [0mThis is a error message from thread 818-09-2026 00:29:34 [38;5;117m[DEBUG]: [0mThis is a debug message from thread 2418-09-2026 00:29:34 [38;5;117m[DEBUG]: [0mThis is a debug message from thread 1218-09-2026 00:29:34 [38;5;117m[DEBUG]: [0mThis is a debug message from thread 1918-09-2026 00:29:34 [38;5;015m[INFO]: [0mThis is a info message from thread 218-09-2026 00:29:34 [38;5;117m[DEBUG]: [0mThis is a debug message from thread 2318-09-2026 00:29:34 [38;5;117m[DEBUG]: [0mThis is a debug message from thread 1718-09-2026 00:29:34 [38;5;015m[INFO]: [0mThis is a info message from thread 1218-09-2026 00:29:34 [38;5;015m[INFO]: [0mThis is a info message from thread 2418-09-2026 00:29:34 [38;5;015m[INFO]: [0mThis is a info message from thread 1918-09-2026 00:29:34 [38;5;015m[INFO]: [0mThis is a info message from thread 1718-09-2026 00:29:34 [38;5;009m[ERROR]: [0mThis is a error message from thread 218-09-2026 00:29:34 [38;5;009m[ERROR]: [0mThis is a error message from thread 2418-09-2026 00:29:34 [38;5;009m[ERROR]: [0mThis is a error message from thread 1718-09-2026 00:29:34 [38;5;117m[DEBUG]: [0mThis is a debug message from thread 218-09-2026 00:29:34 [38;5;015m[INFO]: [0mThis is a info message from thread 1118-09-2026 00:29:34 [38;5;015m[INFO]: [0mThis is a info message from thread 2918-09-2026 00:29:34 [38;5;117m[DEBUG]: [0mThis is a debug message from thread 2418-09-2026 00:29:34 [38;5;117m[DEBUG]: [0mThis is a debug message from thread 1718-09-2026 00:29:34 [38;5;009m[ERROR]: [0mThis is a error message from thread 418-09-2026 00:29:34 [38;5;015m[INFO]: [0mThis is a info message from thread 2018-09-2026 00:29:34 [38;5;009m[ERROR]: [0mThis is a error message from thread 1518-09-2026 00:29:34 [38;5;015m[INFO]: [0mThis is a info message from thread 2818-09-2026 00:29:34 [38;5;117m[DEBUG]: [0mThis is a debug message from thread 918-09-2026 00:29:34 [38;5;015m[INFO]: [0mThis is a info message from thread 1718-09-2026 00:29:34 [38;5;015m[INFO]: [0mThis is a info message from thread 2518-09-2026 00:29:34 [38;5;009m[ERROR]: [0mThis is a error message from thread 1018-09-2026 00:29:34 [38;5;117m[DEBUG]: [0mThis is a debug message from thread 1318-09-2026 00:29:34 [38;5;009m[ERROR]: [0mThis is a error message from thread 2818-09-2026 00:29:34 [38;5;009m[ERROR]: [0mThis is a error message from thread 2118-09-2026 00:29:34 [38;5;009m[ERROR]: [0mThis is a error message from thread 618-09-2026 00:29:34 [38;5;117m[DEBUG]: [0mThis is a debug message from thread 1518-09-2026 00:29:34 [38;5;015m[INFO]: [0mThis is a info message from thread 2718-09-2026 00:29:34 [38;5;117m[DEBUG]: [0mThis is a debug message from thread 1018-09-2026 00:29:34 [38;5;015m[INFO]: [0mThis is a info message from thread 918-09-2026 00:29:34 [38;5;015m[INFO]: [0mThis is a info message from thread 2318-09-2026 00:29:34 [38;5;009m[ERROR]: [0mThis is a error message from thread 1118-09-2026 00:29:34 [38;5;009m[ERROR]: [0mThis is a error message from thread 1718-09-2026 00:29:34 [38;5;009m[ERROR]: [0mThis is a error message from thread 718-09-2026 00:29:34 [38;5;015m[INFO]: [0mThis is a info message from thread 1518-09-2026 00:29:34 [38;5;117m[DEBUG]: [0mThis is a debug message from thread 2818-09-2026 00:29:34 [38;5;009m[ERROR]: [0mThis is a error message from thread 1218-09-2026 00:29:34 [38;5;015m[INFO]: [0mThis is a info message from thread 1018-09-2026 00:29:34 [38;5;009m[ERROR]: [0mThis is a error message from thread 1518-09-2026 00:29:34 [38;5;009m[ERROR]: [0mThis is a error message from thread 018-09-2026 00:29:34 [38;5;015m[INFO]: [0mThis is a info message from thread 218-09-2026 00:29:34 [38;5;117m[DEBUG]: [0mThis is a debug message from thread 718-09-2026 00:29:34 [38;5;009m[ERROR]: [0mThis is a error message from thread 118-09-2026 00:29:34 [38;5;015m[INFO]: [0mThis is a info message from thread 2418-09-2026 00:29:34 [38;5;009m[ERROR]: [0mThis is a error message from thread 1018-09-2026 00:29:34 [38;5;009m[ERROR]: [0mThis is a error message from thread 218-09-2026 00:29:34 [38;5;009m[ERROR]: [0mThis is a error message from thread 2918-09-2026 00:29:34 [38;5;015m[INFO]: [0mThis is a info message from thread 2818-09-2026 00:29:34 [38;5;117m[DEBUG]: [0mThis is a debug message from thread 1518-09-2026 00:29:34 [38;5;009m[ERROR]: [0mThis is a error message from thread 2318-09-2026 00:29:34 [38;5;117m[DEBUG]: [0mThis is a debug message from thread 1018-09-2026 00:29:34 [38;5;015m[INFO]: [0mThis is a info message from thread 1518-09-2026 00:29:34 [38;5;009m[ERROR]: [0mThis is a error message from thread 2418-09-2026 00:29:34 [38;5;009m[ERROR]: [0mThis is a error message from thread 1618-09-2026 00:29:34 [38;5;117m[DEBUG]: [0mThis is a debug message from thread 1618-09-2026 00:29:34 [38;5;015m[INFO]: [0mThis is a info message from thread 718-09-2026 00:29:34 [38;5;015m[INFO]: [0mThis is a info message from thread 1018-09-2026 00:29:34 [38;5;009m[ERROR]: [0mThis is a error message from thread 1518-09-2026 00:29:34 [38;5;117m[DEBUG]: [0mThis is a debug message from thread 218-09-2026 00:29:34 [38;5;117m[DEBUG]: [0mThis is a debug message from thread 2918-09-2026 00:29:34 [38;5;015m[INFO]: [0mThis is a info message from thread 1618-09-2026 00:29:34 [38;5;117m[DEBUG]: [0mThis is a debug message from thread 1418-09-2026 00:29:34 [38;5;117m[DEBUG]: [0mThis is a debug message from thread 2318-09-2026 00:29:34 [38;5;009m[ERROR]: [0mThis is a error message from thread 718-09-2026 00:29:34 [38;5;117m[DEBUG]: [0mThis is a debug message from thread 118-09-2026 00:29:34 [38;5;015m[INFO]: [0mThis is a info message from thread 1418-09-2026 00:29:34 [38;5;117m[DEBUG]: [0mThis is a debug message from thread 1718-09-2026 00:29:34 [38;5;117m[DEBUG]: [0mThis is a debug message from thread 818-09-2026 00:29:34 [38;5;009m[ERROR]: [0mThis is a error message from thread 2818-09-2026 00:29:34 [38;5;015m[INFO]: [0mThis is a info message from thread 818-09-2026 00:29:34 [38;5;015m[INFO]: [0mThis is a info message from thread 218-09-2026 00:29:34 [38;5;015m[INFO]: [0mThis is a info message from thread 118-09-2026 00:29:34 [38;5;009m[ERROR]: [0mThis is a error message from thread 2518-09-2026 00:29:34 [38;5;117m[DEBUG]: [0mThis is a debug message from thread 1518-09-2026 00:29:34 [38;5;117m[DEBUG]: [0mThis is a debug message from thread 718-09-2026 00:29:34 [38;5;117m[DEBUG]: [0mThis is a debug message from thread 2818-09-2026 00:29:34 [38;5;015m[INFO]: [0mThis is a info message from thread 2818-09-2026 00:29:34 [38;5;009m[ERROR]: [0mThis is a error message from thread 818-09-2026 00:29:34 [38;5;015m[INFO]: [0mThis is a info message from thread 2318-09-2026 00:29:34 [38;5;117m[DEBUG]: [0mThis is a debug message from thread 2518-09-2026 00:29:34 [38;5;009m[ERROR]: [0mThis is a error message from thread 218-09-2026 00:29:34 [38;5;117m[DEBUG]: [0mThis is a debug message from thread 818-09-2026 00:29:34 [38;5;009m[ERROR]: [0mThis is a error message from thread 2818-09-2026 00:29:34 [38;5;009m[ERROR]: [0mThis is a error message from thread 118-09-2026 00:29:34 [38;5;009m[ERROR]: [0mThis is a error message from thread 2718-09-2026 00:29:34 [38;5;015m[INFO]: [0mThis is a info message from thread 1718-09-2026 00:29:34 [38;5;117m[DEBUG]: [0mThis is a debug message from thread 2818-09-2026 00:29:34 [38;5;009m[ERROR]: [0mThis is a error message from thread 1418-09-2026 00:29:34 [38;5;015m[INFO]: [0mThis is a info message from thread 2218-09-2026 00:29:34 [38;5;015m[INFO]: [0mThis is a info message from thread 518-09-2026 00:29:34 [38;5;009m[ERROR]: [0mThis is a error message from thread 2318-09-2026 00:29:34 [38;5;015m[INFO]: [0mThis is a info message from thread 818-09-2026 00:29:34 [38;5;117m[DEBUG]: [0mThis is a debug message from thread 218-09-2026 00:29:34 [38;5;015m[INFO]: [0mThis is a info message from thread 218-09-2026 00:29:34 [38;5;117m[DEBUG]: [0mThis is a debug message from thread 118-09-2026 00:29:34 [38;5;009m[ERROR]: [0mThis is a error message from thread 518-09-2026 00:29:34 [38;5;009m[ERROR]: [0mThis is a error message from thread 218-09-2026 00:29:34 [38;5;009m[ERROR]: [0mThis is a error message from thread 818-09-2026 00:29:34 [38;5;015m[INFO]: [0mThis is a info message from thread 2818-09-2026 00:29:34 [38;5;117m[DEBUG]: [0mThis is a debug message from thread 1118-09-2026 00:29:34 [38;5;015m[INFO]: [0mThis is a info message from thread 118-09-2026 00:29:34 [38;5;015m[INFO]: [0mThis is a info message from thread 2918-09-2026 00:29:34 [38;5;009m[ERROR]: [0mThis is a error message from thread 2218-09-2026 00:29:34 [38;5;117m[DEBUG]: [0mThis is a debug message from thread 2718-09-2026 00:29:34 [38;5;117m[DEBUG]: [0mThis is a debug message from thread 218-09-2026 00:29:34 [38;5;117m[DEBUG]: [0mThis is a debug message from thread 518-09-2026 00:29:34 [38;5;015m[INFO]: [0mThis is a info message from thread 218-09-2026 00:29:34 [38;5;009m[ERROR]: [0mThis is a error message from thread 1018-09-2026 00:29:34 [38;5;117m[DEBUG]: [0mThis is a debug message from thread 2218-09-2026 00:29:34 [38;5;117m[DEBUG]: [0mThis is a debug message from thread 1418-09-2026 00:29:34 [38;5;117m[DEBUG]: [0mThis is a debug message from thread 2318-09-2026 00:29:34 [38;5;117m[DEBUG]: [0mThis is a debug message from thread 1018-09-2026 00:29:34 [38;5;009m[ERROR]: [0mThis is a error message from thread 2818-09-2026 00:29:34 [38;5;009m[ERROR]: [0mThis is a error message from thread 1718-09-2026 00:29:34 [38;5;015m[INFO]: [0mThis is a info message from thread 2218-09-2026 00:29:34 [38;5;009m[ERROR]: [0mThis is a error message from thread 1918-09-2026 00:29:34 [38;5;009m[ERROR]: [0mThis is a error message from thread 118-09-2026 00:29:34 [38;5;015m[INFO]: [0mThis is a info message from thread 1418-09-2026 00:29:34 [38;5;117m[DEBUG]: [0mThis is a debug message from thread 2118-09-2026 00:29:34 [38;5;117m[DEBUG]: [0mThis is a debug message from thread 1218-09-2026 00:29:34 [38;5;015m[INFO]: [0mThis is a info message from thread 1018-09-2026 00:29:34 [38;5;117m[DEBUG]: [0mThis is a debug message from thread 1718-09-2026 00:29:34 [38;5;117m[DEBUG]: [0mThis is a debug message from thread 2818-09-2026 00:29:34 [38;5;015m[INFO]: [0mThis is a info message from thread 2118-09-2026 00:29:34 [38;5;009m[ERROR]: [0mThis is a error message from thread 1418-09-2026 00:29:34 [38;5;117m[DEBUG]: [0mThis is a debug message from thread 118-09-2026 00:29:34 [38;5;015m[INFO]: [0mThis is a info message from thread 1718-09-2026 00:29:34 [38;5;015m[INFO]: [0mThis is a info message from thread 118-09-2026 00:29:34 [38;5;015m[INFO]: [0mThis is a info message from thread 2818-09-2026 00:29:34 [38;5;009m[ERROR]: [0mThis is a error message from thread 1018-09-2026 00:29:34 [38;5;117m[DEBUG]: [0mThis is a debug message from thread 618-09-2026 00:29:34 [38;5;015m[INFO]: [0mThis is a info message from thread 2318-09-2026 00:29:34 [38;5;009m[ERROR]: [0mThis is a error message from thread 218-09-2026 00:29:34 [38;5;009m[ERROR]: [0mThis is a error message from thread 2318-09-2026 00:29:34 [38;5;009m[ERROR]: [0mThis is a error message from thread 1718-09-2026 00:29:34 [38;5;015m[INFO]: [0mThis is a info message from thread 1218-09-2026 00:29:34 [38;5;015m[INFO]: [0mThis is a info message from thread 1818-09-2026 00:29:34 [38;5;117m[DEBUG]: [0mThis is a debug message from thread 218-09-2026 00:29:34 [38;5;117m[DEBUG]: [0mThis is a debug message from thread 1018-09-2026 00:29:34 [38;5;117m[DEBUG]: [0mThis is a debug message from thread 1718-09-2026 00:29:34 [38;5;009m[ERROR]: [0mThis is a error message from thread 2118-09-2026 00:29:34 [38;5;117m[DEBUG]: [0mThis is a debug message from thread 2418-09-2026 00:29:34 [38;5;015m[INFO]: [0mThis is a info message from thread 618-09-2026 00:29:34 [38;5;015m[INFO]: [0mThis is a info message from thread 218-09-2026 00:29:34 [38;5;009m[ERROR]: [0mThis is a error message from thread 1818-09-2026 00:29:34 [38;5;117m[DEBUG]: [0mThis is a debug message from thread 1418-09-2026 00:29:34 [38;5;015m[INFO]: [0mThis is a info message from thread 1718-09-2026 00:29:34 [38;5;015m[INFO]: [0mThis is a info message from thread 2418-09-2026 00:29:34 [38;5;009m[ERROR]: [0mThis is a error message from thread 618-09-2026 00:29:34 [38;5;009m[ERROR]: [0mThis is a error message from thread 1218-09-2026 00:29:34 [38;5;009m[ERROR]: [0mThis is a error message from thread 1618-09-2026 00:29:34 [38;5;009m[ERROR]: [0mThis is a error message from thread 2218-09-2026 00:29:34 [38;5;015m[INFO]: [0mThis is a info message from thread 1418-09-2026 00:29:34 [38;5;117m[DEBUG]: [0mThis is a debug message from thread 1618-09-2026 00:29:34 [38;5;117m[DEBUG]: [0mThis is a debug message from thread 618-09-2026 00:29:34 [38;5;009m[ERROR]: [0mThis is a error message from thread 2418-09-2026 00:29:34 [38;5;015m[INFO]: [0mThis is a info message from thread 1618-09-2026 00:29:34 [38;5;117m[DEBUG]: [0mThis is a debug message from thread 2118-09-2026 00:29:34 [38;5;117m[DEBUG]: [0mThis is a debug message from thread 1218-09-2026 00:29:34 [38;5;009m[ERROR]: [0mThis is a error message from thread 1718-09-2026 00:29:34 [38;5;009m[ERROR]: [0mThis is a error message from thread 218-09-2026 00:29:34 [38;5;015m[INFO]: [0mThis is a info message from thread 1318-09-2026 00:29:34 [38;5;117m[DEBUG]: [0mThis is a debug message from thread 2218-09-2026 00:29:34 [38;5;009m[ERROR]: [0mThis is a error message from thread 1418-09-2026 00:29:34 [38;5;015m[INFO]: [0mThis is a info message from thread 1218-09-2026 00:29:34 [38;5;015m[INFO]: [0mThis is a info message from thread 618-09-2026 00:29:34 [38;5;009m[ERROR]: [0mThis is a error message from thread 1318-09-2026 00:29:34 [38;5;015m[INFO]: [0mThis is a info message from thread 1018-09-2026 00:29:34 [38;5;015m[INFO]: [0mThis is a info message from thread 2218-09-2026 00:29:34 [38;5;117m[DEBUG]: [0mThis is a debug message from thread 418-09-2026 00:29:34 [38;5;117m[DEBUG]: [0mThis is a debug message from thread 1818-09-2026 00:29:34 [38;5;015m[INFO]: [0mThis is a info message from thread 2518-09-2026 00:29:34 [38;5;009m[ERROR]: [0mThis is a error message from thread 2918-09-2026 00:29:34 [38;5;009m[ERROR]: [0mThis is a error message from thread 1218-09-2026 00:29:34 [38;5;117m[DEBUG]: [0mThis is a debug message from thread 1418-09-2026 00:29:34 [38;5;117m[DEBUG]: [0mThis is a debug message from thread 1718-09-2026 00:29:34 [38;5;009m[ERROR]: [0mThis is a error message from thread 2218-09-2026 00:29:34 [38;5;117m[DEBUG]: [0mThis is a debug message from thread 1318-09-2026 00:29:34 [38;5;015m[INFO]: [0mThis is a info message from thread 1318-09-2026 00:29:34 [38;5;117m[DEBUG]: [0mThis is a debug message from thread 1218-09-2026 00:29:34 [38;5;009m[ERROR]: [0mThis is a error message from thread 618-09-2026 00:29:34 [38;5;009m[ERROR]: [0mThis is a error message from thread 1018-09-2026 00:29:34 [38;5;117m[DEBUG]: [0mThis is a debug message from thread 1018-09-2026 00:29:34 [38;5;117m[DEBUG]: [0mThis is a debug message from thread 2218-09-2026 00:29:34 [38;5;015m[INFO]: [0mThis is a info message from thread 418-09-2026 00:29:34 [38;5;015m[INFO]: [0mThis is a info message from thread 2218-09-2026 00:29:34 [38;5;015m[INFO]: [0mThis is a info message from thread 1718-09-2026 00:29:34 [38;5;009m[ERROR]: [0mThis is a error message from thread 2518-09-2026 00:29:34 [38;5;009m[ERROR]: [0mThis is a error message from thread 1318-09-2026 00:29:34 [38;5;009m[ERROR]: [0mThis is a error message from thread 2218-09-2026 00:29:34 [38;5;009m[ERROR]: [0mThis is a error message from thread 418-09-2026 00:29:34 [38;5;009m[ERROR]: [0mThis is a error message from thread 2818-09-2026 00:29:34 [38;5;009m[ERROR]: [0mThis is a error message from thread 1718-09-2026 00:29:34 [38;5;009m[ERROR]: [0mThis is a error message from thread 2018-09-2026 00:29:34 [38;5;117m[DEBUG]: [0mThis is a debug message from thread 218-09-2026 00:29:34 [38;5;015m[INFO]: [0mThis is a info message from thread 1218-09-2026 00:29:34 [38;5;015m[INFO]: [0mThis is a info message from thread 518-09-2026 00:29:34 [38;5;015m[INFO]: [0mThis is a info message from thread 1418-09-2026 00:29:34 [38;5;117m[DEBUG]: [0mThis is a debug message from thread 1318-09-2026 00:29:34 [38;5;117m[DEBUG]: [0mThis is a debug message from thread 2218-09-2026 00:29:34 [38;5;117m[DEBUG]: [0mThis is a debug message from thread 2518-09-2026 00:29:34 [38;5;015m[INFO]: [0mThis is a info message from thread 1818-09-2026 00:29:34 [38;5;015m[INFO]: [0mThis is a info message from thread 1018-09-2026 00:29:34 [38;5;009m[ERROR]: [0mThis is a error message from thread 518-09-2026 00:29:34 [38;5;117m[DEBUG]: [0mThis is a debug message from thread 2018-09-2026 00:29:34 [38;5;117m[DEBUG]: [0mThis is a debug message from thread 2818-09-2026 00:29:34 [38;5;015m[INFO]: [0mThis is a info message from thread 1318-09-2026 00:29:34 [38;5;015m[INFO]: [0mThis is a info message from thread 2218-09-2026 00:29:34 [38;5;117m[DEBUG]: [0mThis is a debug message from thread 518-09-2026 00:29:34 [38;5;009m[ERROR]: [0mThis is a error message from thread 1018-09-2026 00:29:34 [38;5;009m[ERROR]: [0mThis is a error message from thread 1318-09-2026 00:29:34 [38;5;009m[ERROR]: [0mThis is a error message from thread 2218-09-2026 00:29:34 [38;5;117m[DEBUG]: [0mThis is a debug message from thread 1718-09-2026 00:29:34 [38;5;009m[ERROR]: [0mThis is a error message from thread 1818-09-2026 00:29:34 [38;5;015m[INFO]: [0mThis is a info message from thread 2518-09-2026 00:29:34 [38;5;009m[ERROR]: [0mThis is a error message from thread 918-09-2026 00:29:34 [38;5;015m[INFO]: [0mThis is a info message from thread 1118-09-2026 00:29:34 [38;5;009m[ERROR]: [0mThis is a error message from thread 1418-09-2026 00:29:34 [38;5;117m[DEBUG]: [0mThis is a debug message from thread 918-09-2026 00:29:34 [38;5;117m[DEBUG]: [0mThis is a debug message from thread 1018-09-2026 00:29:34 [38;5;117m[DEBUG]: [0mThis is a debug message from thread 1318-09-2026 00:29:34 [38;5;117m[DEBUG]: [0mThis is a debug message from thread 2218-09-2026 00:29:34 [38;5;117m[DEBUG]: [0mThis is a debug message from thread 1818-09-2026 00:29:34 [38;5;015m[INFO]: [0mThis is a info message from thread 918-09-2026 00:29:34 [38;5;015m[INFO]: [0mThis is a info message from thread 1018-09-2026 00:29:34 [38;5;015m[INFO]: [0mThis is a info message from thread 2218-09-2026 00:29:34 [38;5;015m[INFO]: [0mThis is a info message from thread 718-09-2026 00:29:34 [38;5;117m[DEBUG]: [0mThis is a debug message from thread 018-09-2026 00:29:34 [38;5;015m[INFO]: [0mThis is a info message from thread 2818-09-2026 00:29:34 [38;5;009m[ERROR]: [0mThis is a error message from thread 1018-09-2026 00:29:34 [38;5;015m[INFO]: [0mThis is a info message from thread 1718-09-2026 00:29:34 [38;5;009m[ERROR]: [0mThis is a error message from thread 2518-09-2026 00:29:34 [38;5;009m[ERROR]: [0mThis is a error message from thread 118-09-2026 00:29:34 [38;5;009m[ERROR]: [0mThis is a error message from thread 1218-09-2026 00:29:34 [38;5;015m[INFO]: [0mThis is a info message from thread 1818-09-2026 00:29:34 [38;5;117m[DEBUG]: [0mThis is a debug message from thread 818-09-2026 00:29:34 [38;5;009m[ERROR]: [0mThis is a error message from thread 1618-09-2026 00:29:34 [38;5;117m[DEBUG]: [0mThis is a debug message from thread 2418-09-2026 00:29:34 [38;5;015m[INFO]: [0mThis is a info message from thread 2418-09-2026 00:29:34 [38;5;117m[DEBUG]: [0mThis is a debug message from thread 2518-09-2026 00:29:34 [38;5;015m[INFO]: [0mThis is a info message from thread 018-09-2026 00:29:34 [38;5;015m[INFO]: [0mThis is a info message from thread 818-09-2026 00:29:34 [38;5;117m[DEBUG]: [0mThis is a debug message from thread 1618-09-2026 00:29:34 [38;5;117m[DEBUG]: [0mThis is a debug message from thread 118-09-2026 00:29:34 [38;5;117m[DEBUG]: [0mThis is a debug message from thread 1018-09-2026 00:29:34 [38;5;009m[ERROR]: [0mThis is a error message from thread 2418-09-2026 00:29:34 [38;5;009m[ERROR]: [0mThis is a error message from thread 018-09-2026 00:29:34 [38;5;015m[INFO]: [0mThis is a info message from thread 118-09-2026 00:29:34 [38;5;009m[ERROR]: [0mThis is a error message from thread 1818-09-2026 00:29:34 [38;5;015m[INFO]: [0mThis is a info message from thread 1018-09-2026 00:29:34 [38;5;015m[INFO]: [0mThis is a info message from thread 2518-09-2026 00:29:34 [38;5;117m[DEBUG]: [0mThis is a debug message from thread 2418-09-2026 00:29:34 [38;5;009m[ERROR]: [0mThis is a error message from thread 118-09-2026 00:29:34 [38;5;009m[ERROR]: [0mThis is a error message from thread 818-09-2026 00:29:34 [38;5;009m[ERROR]: [0mThis is a error message from thread 2618-09-2026 00:29:34 [38;5;015m[INFO]: [0mThis is a info message from thread 2118-09-2026 00:29:34 [38;5;117m[DEBUG]: [0mThis is a debug message from thread 1218-09-2026 00:29:34 [38;5;009m[ERROR]: [0mThis is a error message from thread 2518-09-2026 00:29:34 [38;5;117m[DEBUG]: [0mThis is a debug message from thread 2618-09-2026 00:29:34 [38;5;015m[INFO]: [0mThis is a info message from thread 2418-09-2026 00:29:34 [38;5;117m[DEBUG]: [0mThis is a debug message from thread 118-09-2026 00:29:34 [38;5;009m[ERROR]: [0mThis is a error message from thread 1018-09-2026 00:29:34 [38;5;009m[ERROR]: [0mThis is a error message from thread 2418-09-2026 00:29:34 [38;5;117m[DEBUG]: [0mThis is a debug message from thread 1818-09-2026 00:29:34 [38;5;015m[INFO]: [0mThis is a info message from thread 1218-09-2026 00:29:34 [38;5;015m[INFO]: [0mThis is a info message from thread 2618-09-2026 00:29:34 [38;5;015m[INFO]: [0mThis is a info message from thread 118-09-2026 00:29:34 [38;5;009m[ERROR]: [0mThis is a error message from thread 2618-09-2026 00:29:34 [38;5;009m[ERROR]: [0mThis is a error message from thread 1718-09-2026 00:29:34 [38;5;117m[DEBUG]: [0mThis is a debug message from thread 1418-09-2026 00:29:34 [38;5;117m[DEBUG]: [0mThis is a debug message from thread 418-09-2026 00:29:34 [38;5;117m[DEBUG]: [0mThis is a debug message from thread 818-09-2026 00:29:34 [38;5;009m[ERROR]: [0mThis is a error message from thread 2118-09-2026 00:29:34 [38;5;117m[DEBUG]: [0mThis is a debug message from thread 2618-09-2026 00:29:34 [38;5;117m[DEBUG]: [0mThis is a debug message from thread 1018-09-2026 00:29:34 [38;5;015m[INFO]: [0mThis is a info message from thread 2018-09-2026 00:29:34 [38;5;117m[DEBUG]: [0mThis is a debug message from thread 618-09-2026 00:29:34 [38;5;015m[INFO]: [0mThis is a info message from thread 818-09-2026 00:29:34 [38;5;009m[ERROR]: [0mThis is a error message from thread 2018-09-2026 00:29:34 [38;5;009m[ERROR]: [0mThis is a error message from thread 1218-09-2026 00:29:34 [38;5;015m[INFO]: [0mThis is a info message from thread 1018-09-2026 00:29:34 [38;5;015m[INFO]: [0mThis is a info message from thread 2718-09-2026 00:29:34 [38;5;117m[DEBUG]: [0mThis is a debug message from thread 1918-09-2026 00:29:34 [38;5;009m[ERROR]: [0mThis is a error message from thread 718-09-2026 00:29:34 [38;5;015m[INFO]: [0mThis is a info message from thread 518-09-2026 00:29:34 [38;5;009m[ERROR]: [0mThis is a error message from thread 818-09-2026 00:29:34 [38;5;117m[DEBUG]: [0mThis is a debug message from thread 2018-09-2026 00:29:34 [38;5;117m[DEBUG]: [0mThis is a debug message from thread 818-09-2026 00:29:34 [38;5;015m[INFO]: [0mThis is a info message from thread 418-09-2026 00:29:34 [38;5;117m[DEBUG]: [0mThis is a debug message from thread 1718-09-2026 00:29:34 [38;5;117m[DEBUG]: [0mThis is a debug message from thread 1218-09-2026 00:29:34 [38;5;015m[INFO]: [0mThis is a info message from thread 2018-09-2026 00:29:34 [38;5;009m[ERROR]: [0mThis is a error message from thread 2018-09-2026 00:29:34 [38;5;015m[INFO]: [0mThis is a info message from thread 1218-09-2026 00:29:34 [38;5;009m[ERROR]: [0mThis is a error message from thread 1218-09-2026 00:29:34 [38;5;015m[INFO]: [0mThis is a info message from thread 818-09-2026 00:29:34 [38;5;117m[DEBUG]: [0mThis is a debug message from thread 2018-09-2026 00:29:34 [38;5;015m[INFO]: [0mThis is a info message from thread 1918-09-2026 00:29:34 [38;5;117m[DEBUG]: [0mThis is a debug message from thread 1218-09-2026 00:29:34 [38;5;009m[ERROR]: [0mThis is a error message from thread 518-09-2026 00:29:34 [38;5;009m[ERROR]: [0mThis is a error message from thread 2718-09-2026 00:29:34 [38;5;009m[ERROR]: [0mThis is a error message from thread 1018-09-2026 00:29:34 [38;5;009m[ERROR]: [0mThis is a error message from thread 418-09-2026 00:29:34 [38;5;009m[ERROR]: [0mThis is a error message from thread 818-09-2026 00:29:34 [38;5;015m[INFO]: [0mThis is a info message from thread 1718-09-2026 00:29:34 [38;5;009m[ERROR]: [0mThis is a error message from thread 1118-09-2026 00:29:34 [38;5;015m[INFO]: [0mThis is a info message from thread 1318-09-2026 00:29:34 [38;5;015m[INFO]: [0mThis is a info message from thread 2018-09-2026 00:29:34 [38;5;117m[DEBUG]: [0mThis is a debug message from thread 1118-09-2026 00:29:34 [38;5;009m[ERROR]: [0mThis is a error message from thread 118-09-2026 00:29:34 [38;5;009m[ERROR]: [0mThis is a error message from thread 2218-09-2026 00:29:34 [38;5;117m[DEBUG]: [0mThis is a debug message from thread 518-09-2026 00:29:34 [38;5;009m[ERROR]: [0mThis is a error message from thread 2818-09-2026 00:29:34 [38;5;117m[DEBUG]: [0mThis is a debug message from thread 2718-09-2026 00:29:34 [38;5;009m[ERROR]: [0mThis is a error message from thread 1718-09-2026 00:29:34 [38;5;117m[DEBUG]: [0mThis is a debug message from thread 1718-09-2026 00:29:34 [38;5;117m[DEBUG]: [0mThis is a debug message from thread 818-09-2026 00:29:34 [38;5;015m[INFO]: [0mThis is a info message from thread 318-09-2026 00:29:34 [38;5;015m[INFO]: [0mThis is a info message from thread 1718-09-2026 00:29:34 [38;5;009m[ERROR]: [0mThis is a error message from thread 2018-09-2026 00:29:34 [38;5;117m[DEBUG]: [0mThis is a debug message from thread 1018-09-2026 00:29:34 [38;5;015m[INFO]: [0mThis is a info message from thread 1118-09-2026 00:29:34 [38;5;117m[DEBUG]: [0mThis is a debug message from thread 018-09-2026 00:29:34 [38;5;009m[ERROR]: [0mThis is a error message from thread 318-09-2026 00:29:34 [38;5;117m[DEBUG]: [0mThis is a debug message from thread 2418-09-2026 00:29:34 [38;5;009m[ERROR]: [0mThis is a error message from thread 1118-09-2026 00:29:34 [38;5;015m[INFO]: [0mThis is a info message from thread 2718-09-2026 00:29:34 [38;5;117m[DEBUG]: [0mThis is a debug message from thread 118-09-2026 00:29:34 [38;5;015m[INFO]: [0mThis is a info message from thread 1518-09-2026 00:29:34 [38;5;015m[INFO]: [0mThis is a info message from thread 218-09-2026 00:29:34 [38;5;015m[INFO]: [0mThis is a info message from thread 018-09-2026 00:29:34 [38;5;117m[DEBUG]: [0mThis is a debug message from thread 718-09-2026 00:29:34 [38;5;015m[INFO]: [0mThis is a info message from thread 1218-09-2026 00:29:34 [38;5;009m[ERROR]: [0mThis is a error message from thread 218-09-2026 00:29:34 [38;5;015m[INFO]: [0mThis is a info message from thread 1418-09-2026 00:29:34 [38;5;009m[ERROR]: [0mThis is a error message from thread 018-09-2026 00:29:34 [38;5;015m[INFO]: [0mThis is a info message from thread 618-09-2026 00:29:34 [38;5;015m[INFO]: [0mThis is a info message from thread 2618-09-2026 00:29:34 [38;5;015m[INFO]: [0mThis is a info message from thread 1818-09-2026 00:29:34 [38;5;009m[ERROR]: [0mThis is a error message from thread 2618-09-2026 00:29:34 [38;5;117m[DEBUG]: [0mThis is a debug message from thread 218-09-2026 00:29:34 [38;5;015m[INFO]: [0mThis is a info message from thread 118-09-2026 00:29:34 [38;5;117m[DEBUG]: [0mThis is a debug message from thread 318-09-2026 00:29:34 [38;5;117m[DEBUG]: [0mThis is a debug message from thread 2018-09-2026 00:29:34 [38;5;009m[ERROR]: [0mThis is a error message from thread 618-09-2026 00:29:34 [38;5;117m[DEBUG]: [0mThis is a debug message from thread 018-09-2026 00:29:34 [38;5;009m[ERROR]: [0mThis is a error message from thread 2718-09-2026 00:29:34 [38;5;015m[INFO]: [0mThis is a info message from thread 218-09-2026 00:29:34 [38;5;009m[ERROR]: [0mThis is a error message from thread 1918-09-2026 00:29:34 [38;5;009m[ERROR]: [0mThis is a error message from thread 118-09-2026 00:29:34 [38;5;009m[ERROR]: [0mThis is a error message from thread 918-09-2026 00:29:34 [38;5;117m[DEBUG]: [0mThis is a debug message from thread 618-09-2026 00:29:34 [38;5;015m[INFO]: [0mThis is a info message from thread 018-09-2026 00:29:34 [38;5;015m[INFO]: [0mThis is a info message from thread 318-09-2026 00:29:34 [38;5;009m[ERROR]: [0mThis is a error message from thread 1318-09-2026 00:29:34 [38;5;009m[ERROR]: [0mThis is a error message from thread 018-09-2026 00:29:34 [38;5;117m[DEBUG]: [0mThis is a debug message from thread 2218-09-2026 00:29:34 [38;5;009m[ERROR]: [0mThis is a error message from thread 1218-09-2026 00:29:34 [38;5;015m[INFO]: [0mThis is a info message from thread 2018-09-2026 00:29:34 [38;5;117m[DEBUG]: [0mThis is a debug message from thread 418-09-2026 00:29:34 [38;5;015m[INFO]: [0mThis is a info message from thread 1618-09-2026 00:29:34 [38;5;117m[DEBUG]: [0mThis is a debug message from thread 118-09-2026 00:29:34 [38;5;009m[ERROR]: [0mThis is a error message from thread 2018-09-2026 00:29:34 [38;5;009m[ERROR]: [0mThis is a error message from thread 1718-09-2026 00:29:34 [38;5;117m[DEBUG]: [0mThis is a debug message from thread 2318-09-2026 00:29:34 [38;5;015m[INFO]: [0mThis is a info message from thread 2218-09-2026 00:29:34 [38;5;015m[INFO]: [0mThis is a info message from thread 118-09-2026 00:29:34 [38;5;015m[INFO]: [0mThis is a info message from thread 718-09-2026 00:29:34 [38;5;015m[INFO]: [0mThis is a info message from thread 2418-09-2026 00:29:34 [38;5;117m[DEBUG]: [0mThis is a debug message from thread 2018-09-2026 00:29:34 [38;5;015m[INFO]: [0mThis is a info message from thread 818-09-2026 00:29:34 [38;5;009m[ERROR]: [0mThis is a error message from thread 2218-09-2026 00:29:34 [38;5;009m[ERROR]: [0mThis is a error message from thread 218-09-2026 00:29:34 [38;5;009m[ERROR]: [0mThis is a error message from thread 718-09-2026 00:29:34 [38;5;117m[DEBUG]: [0mThis is a debug message from thread 2118-09-2026 00:29:34 [38;5;009m[ERROR]: [0mThis is a error message from thread 318-09-2026 00:29:34 [38;5;117m[DEBUG]: [0mThis is a debug message from thread 918-09-2026 00:29:34 [38;5;009m[ERROR]: [0mThis is a error message from thread 1518-09-2026 00:29:34 [38;5;117m[DEBUG]: [0mThis is a debug message from thread 2218-09-2026 00:29:34 [38;5;117m[DEBUG]: [0mThis is a debug message from thread 1318-09-2026 00:29:34 [38;5;117m[DEBUG]: [0mThis is a debug message from thread 2518-09-2026 00:29:34 [38;5;117m[DEBUG]: [0mThis is a debug message from thread 318-09-2026 00:29:34 [38;5;015m[INFO]: [0mThis is a info message from thread 2118-09-2026 00:29:34 [38;5;117m[DEBUG]: [0mThis is a debug message from thread 2618-09-2026 00:29:34 [38;5;015m[INFO]: [0mThis is a info message from thread 418-09-2026 00:29:34 [38;5;009m[ERROR]: [0mThis is a error message from thread 118-09-2026 00:29:34 [38;5;015m[INFO]: [0mThis is a info message from thread 2018-09-2026 00:29:34 [38;5;117m[DEBUG]: [0mThis is a debug message from thread 2818-09-2026 00:29:34 [38;5;009m[ERROR]: [0mThis is a error message from thread 2018-09-2026 00:29:34 [38;5;015m[INFO]: [0mThis is a info message from thread 2518-09-2026 00:29:34 [38;5;009m[ERROR]: [0mThis is a error message from thread 2118-09-2026 00:29:34 [38;5;015m[INFO]: [0mThis is a info message from thread 2618-09-2026 00:29:34 [38;5;117m[DEBUG]: [0mThis is a debug message from thread 1518-09-2026 00:29:34 [38;5;117m[DEBUG]: [0mThis is a debug message from thread 2018-09-2026 00:29:34 [38;5;009m[ERROR]: [0mThis is a error message from thread 418-09-2026 00:29:34 [38;5;015m[INFO]: [0mThis is a info message from thread 318-09-2026 00:29:34 [38;5;009m[ERROR]: [0mThis is a error message from thread 2618-09-2026 00:29:34 [38;5;015m[INFO]: [0mThis is a info message from thread 2018-09-2026 00:29:34 [38;5;015m[INFO]: [0mThis is a info message from thread 1318-09-2026 00:29:34 [38;5;009m[ERROR]: [0mThis is a error message from thread 2518-09-2026 00:29:34 [38;5;117m[DEBUG]: [0mThis is a debug message from thread 2518-09-2026 00:29:34 [38;5;009m[ERROR]: [0mThis is a error message from thread 1318-09-2026 00:29:34 [38;5;009m[ERROR]: [0mThis is a error message from thread 1618-09-2026 00:29:34 [38;5;015m[INFO]: [0mThis is a info message from thread 618-09-2026 00:29:34 [38;5;009m[ERROR]: [0mThis is a error message from thread 1818-09-2026 00:29:34 [38;5;009m[ERROR]: [0mThis is a error message from thread 2018-09-2026 00:29:34 [38;5;015m[INFO]: [0mThis is a info message from thread 1518-09-2026 00:29:34 [38;5;117m[DEBUG]: [0mThis is a debug message from thread 1918-09-2026 00:29:34 [38;5;117m[DEBUG]: [0mThis is a debug message from thread 118-09-2026 00:29:34 [38;5;117m[DEBUG]: [0mThis is a debug message from thread 2918-09-2026 00:29:34 [38;5;117m[DEBUG]: [0mThis is a debug message from thread 1718-09-2026 00:29:34 [38;5;117m[DEBUG]: [0mThis is a debug message from thread 1218-09-2026 00:29:34 [38;5;117m[DEBUG]: [0mThis is a debug message from thread 218-09-2026 00:29:34 [38;5;015m[INFO]: [0mThis is a info message from thread 1218-09-2026 00:29:34 [38;5;015m[INFO]: [0mThis is a info message from thread 1018-09-2026 00:29:34 [38;5;009m[ERROR]: [0mThis is a error message from thread 818-09-2026 00:29:34 [38;5;009m[ERROR]: [0mThis is a error message from thread 1518-09-2026 00:29:34 [38;5;015m[INFO]: [0mThis is a info message from thread 1918-09-2026 00:29:34 [38;5;117m[DEBUG]: [0mThis is a debug message from thread 2718-09-2026 00:29:34 [38;5;117m[DEBUG]: [0mThis is a debug message from thread 2018-09-2026 00:29:34 [38;5;015m[INFO]: [0mThis is a info message from thread 118-09-2026 00:29:34 [38;5;009m[ERROR]: [0mThis is a error message from thread 1218-09-2026 00:29:34 [38;5;117m[DEBUG]: [0mThis is a debug message from thread 018-09-2026 00:29:34 [38;5;117m[DEBUG]: [0mThis is a debug message from thread 2118-09-2026 00:29:34 [38;5;009m[ERROR]: [0mThis is a error message from thread 1418-09-2026 00:29:34 [38;5;009m[ERROR]: [0mThis is a error message from thread 1918-09-2026 00:29:34 [38;5;015m[INFO]: [0mThis is a info message from thread 2018-09-2026 00:29:34 [38;5;015m[INFO]: [0mThis is a info message from thread 2718-09-2026 00:29:34 [38;5;117m[DEBUG]: [0mThis is a debug message from thread 718-09-2026 00:29:34 [38;5;009m[ERROR]: [0mThis is a error message from thread 118-09-2026 00:29:34 [38;5;117m[DEBUG]: [0mThis is a debug message from thread 1918-09-2026 00:29:34 [38;5;117m[DEBUG]: [0mThis is a debug message from thread 2618-09-2026 00:29:34 [38;5;015m[INFO]: [0mThis is a info message from thread 518-09-2026 00:29:34 [38;5;015m[INFO]: [0mThis is a info message from thread 2518-09-2026 00:29:34 [38;5;009m[ERROR]: [0mThis is a error message from thread 2018-09-2026 00:29:34 [38;5;117m[DEBUG]: [0mThis is a debug message from thread 1218-09-2026 00:29:34 [38;5;117m[DEBUG]: [0mThis is a debug message from thread 1818-09-2026 00:29:34 [38;5;015m[INFO]: [0mThis is a info message from thread 1918-09-2026 00:29:34 [38;5;015m[INFO]: [0mThis is a info message from thread 2618-09-2026 00:29:34 [38;5;015m[INFO]: [0mThis is a info message from thread 218-09-2026 00:29:34 [38;5;117m[DEBUG]: [0mThis is a debug message from thread 118-09-2026 00:29:34 [38;5;117m[DEBUG]: [0mThis is a debug message from thread 2018-09-2026 00:29:34 [38;5;117m[DEBUG]: [0mThis is a debug message from thread 1318-09-2026 00:29:34 [38;5;117m[DEBUG]: [0mThis is a debug message from thread 418-09-2026 00:29:34 [38;5;015m[INFO]: [0mThis is a info message from thread 2018-09-2026 00:29:34 [38;5;009m[ERROR]: [0mThis is a error message from thread 2518-09-2026 00:29:34 [38;5;009m[ERROR]: [0mThis is a error message from thread 2618-09-2026 00:29:34 [38;5;015m[INFO]: [0mThis is a info message from thread 2918-09-2026 00:29:34 [38;5;015m[INFO]: [0mThis is a info message from thread 418-09-2026 00:29:34 [38;5;015m[INFO]: [0mThis is a info message from thread 2318-09-2026 00:29:34 [38;5;117m[DEBUG]: [0mThis is a debug message from thread 2518-09-2026 00:29:34 [38;5;117m[DEBUG]: [0mThis is a debug message from thread 2618-09-2026 00:29:34 [38;5;009m[ERROR]: [0mThis is a error message from thread 418-09-2026 00:29:34 [38;5;015m[INFO]: [0mThis is a info message from thread 1218-09-2026 00:29:34 [38;5;009m[ERROR]: [0mThis is a error message from thread 218-09-2026 00:29:34 [38;5;009m[ERROR]: [0mThis is a error message from thread 618-09-2026 00:29:34 [38;5;009m[ERROR]: [0mThis is a error message from thread 2018-09-2026 00:29:34 [38;5;117m[DEBUG]: [0mThis is a debug message from thread 818-09-2026 00:29:34 [38;5;015m[INFO]: [0mThis is a info message from thread 1818-09-2026 00:29:34 [38;5;009m[ERROR]: [0mThis is a error message from thread 2318-09-2026 00:29:34 [38;5;117m[DEBUG]: [0mThis is a debug message from thread 2018-09-2026 00:29:34 [38;5;015m[INFO]: [0mThis is a info message from thread 2618-09-2026 00:29:34 [38;5;015m[INFO]: [0mThis is a info message from thread 718-09-2026 00:29:34 [38;5;117m[DEBUG]: [0mThis is a debug message from thread 418-09-2026 00:29:34 [38;5;009m[ERROR]: [0mThis is a error message from thread 2618-09-2026 00:29:34 [38;5;015m[INFO]: [0mThis is a info message from thread 2818-09-2026 00:29:34 [38;5;117m[DEBUG]: [0mThis is a debug message from thread 1118-09-2026 00:29:34 [38;5;117m[DEBUG]: [0mThis is a debug message from thread 2318-09-2026 00:29:34 [38;5;015m[INFO]: [0mThis is a info message from thread 2018-09-2026 00:29:34 [38;5;117m[DEBUG]: [0mThis is a debug message from thread 618-09-2026 00:29:34 [38;5;015m[INFO]: [0mThis is a info message from thread 2118-09-2026 00:29:34 [38;5;117m[DEBUG]: [0mThis is a debug message from thread 1518-09-2026 00:29:34 [38;5;009m[ERROR]: [0mThis is a error message from thread 2818-09-2026 00:29:34 [38;5;117m[DEBUG]: [0mThis is a debug message from thread 2618-09-2026 00:29:34 [38;5;009m[ERROR]: [0mThis is a error message from thread 2018-09-2026 00:29:34 [38;5;015m[INFO]: [0mThis is a info message from thread 1518-09-2026 00:29:34 [38;5;015m[INFO]: [0mThis is a info message from thread 418-09-2026 00:29:34 [38;5;009m[ERROR]: [0mThis is a error message from thread 2118-09-2026 00:29:34 [38;5;015m[INFO]: [0mThis is a info message from thread 1118-09-2026 00:29:34 [38;5;009m[ERROR]: [0mThis is a error message from thread 418-09-2026 00:29:34 [38;5;015m[INFO]: [0mThis is a info message from thread 018-09-2026 00:29:34 [38;5;009m[ERROR]: [0mThis is a error message from thread 1518-09-2026 00:29:34 [38;5;117m[DEBUG]: [0mThis is a debug message from thread 2018-09-2026 00:29:34 [38;5;009m[ERROR]: [0mThis is a error message from thread 1218-09-2026 00:29:34 [38;5;009m[ERROR]: [0mThis is a error message from thread 018-09-2026 00:29:34 [38;5;117m[DEBUG]: [0mThis is a debug message from thread 2118-09-2026 00:29:34 [38;5;117m[DEBUG]: [0mThis is a debug message from thread 1218-09-2026 00:29:34 [38;5;015m[INFO]: [0mThis is a info message from thread 1218-09-2026 00:29:34 [38;5;117m[DEBUG]: [0mThis is a debug message from thread 418-09-2026 00:29:34 [38;5;015m[INFO]: [0mThis is a info message from thread 2118-09-2026 00:29:34 [38;5;015m[INFO]: [0mThis is a info message from thread 418-09-2026 00:29:34 [38;5;015m[INFO]: [0mThis is a info message from thread 2018-09-2026 00:29:34 [38;5;009m[ERROR]: [0mThis is a error message from thread 2118-09-2026 00:29:34 [38;5;117m[DEBUG]: [0mThis is a debug message from thread 018-09-2026 00:29:34 [38;5;009m[ERROR]: [0mThis is a error message from thread 1118-09-2026 00:29:34 [38;5;015m[INFO]: [0mThis is a info message from thread 2618-09-2026 00:29:34 [38;5;015m[INFO]: [0mThis is a info message from thread 2318-09-2026 00:29:34 [38;5;009m[ERROR]: [0mThis is a error message from thread 1218-09-2026 00:29:34 [38;5;015m[INFO]: [0mThis is a info message from thread 018-09-2026 00:29:34 [38;5;117m[DEBUG]: [0mThis is a debug message from thread 2818-09-2026 00:29:34 [38;5;009m[ERROR]: [0mThis is a error message from thread 2618-09-2026 00:29:34 [38;5;015m[INFO]: [0mThis is a info message from thread 1718-09-2026 00:29:34 [38;5;117m[DEBUG]: [0mThis is a debug message from thread 1218-09-2026 00:29:34 [38;5;009m[ERROR]: [0mThis is a error message from thread 018-09-2026 00:29:34 [38;5;117m[DEBUG]: [0mThis is a debug message from thread 1118-09-2026 00:29:34 [38;5;015m[INFO]: [0mThis is a info message from thread 618-09-2026 00:29:34 [38;5;009m[ERROR]: [0mThis is a error message from thread 2718-09-2026 00:29:34 [38;5;117m[DEBUG]: [0mThis is a debug message from thread 2718-09-2026 00:29:34 [38;5;015m[INFO]: [0mThis is a info message from thread 2818-09-2026 00:29:34 [38;5;009m[ERROR]: [0mThis is a error message from thread 2018-09-2026 00:29:34 [38;5;009m[ERROR]: [0mThis is a error message from thread 2318-09-2026 00:29:34 [38;5;015m[INFO]: [0mThis is a info message from thread 1118-09-2026 00:29:34 [38;5;009m[ERROR]: [0mThis is a error message from thread 618-09-2026 00:29:34 [38;5;117m[DEBUG]: [0mThis is a debug message from thread 018-09-2026 00:29:34 [38;5;009m[ERROR]: [0mThis is a error message from thread 2818-09-2026 00:29:34 [38;5;015m[INFO]: [0mThis is a info message from thread 2718-09-2026 00:29:34 [38;5;117m[DEBUG]: [0mThis is a debug message from thread 1418-09-2026 00:29:34 [38;5;015m[INFO]: [0mThis is a info message from thread 018-09-2026 00:29:34 [38;5;009m[ERROR]: [0mThis is a error message from thread 2718-09-2026 00:29:34 [38;5;009m[ERROR]: [0mThis is a error message from thread 318-09-2026 00:29:34 [38;5;009m[ERROR]: [0mThis is a error message from thread 1118-09-2026 00:29:34 [38;5;009m[ERROR]: [0mThis is a error message from thread 718-09-2026 00:29:34 [38;5;009m[ERROR]: [0mThis is a error message from thread 1818-09-2026 00:29:34 [38;5;117m[DEBUG]: [0mThis is a debug message from thread 2618-09-2026 00:29:34 [38;5;117m[DEBUG]: [0mThis is a debug message from thread 2018-09-2026 00:29:34 [38;5;009m[ERROR]: [0mThis is a error message from thread 1018-09-2026 00:29:34 [38;5;009m[ERROR]: [0mThis is a error message from thread 018-09-2026 00:29:34 [38;5;117m[DEBUG]: [0mThis is a debug message from thread 318-09-2026 00:29:34 [38;5;015m[INFO]: [0mThis is a info message from thread 118-09-2026 00:29:34 [38;5;015m[INFO]: [0mThis is a info message from thread 2518-09-2026 00:29:34 [38;5;117m[DEBUG]: [0mThis is a debug message from thread 2318-09-2026 00:29:34 [38;5;117m[DEBUG]: [0mThis is a debug message from thread 1118-09-2026 00:29:34 [38;5;117m[DEBUG]: [0mThis is a debug message from thread 218-09-2026 00:29:34 [38;5;009m[ERROR]: [0mThis is a error message from thread 2418-09-2026 00:29:34 [38;5;015m[INFO]: [0mThis is a info message from thread 1118-09-2026 00:29:34 [38;5;117m[DEBUG]: [0mThis is a debug message from thread 018-09-2026 00:29:34 [38;5;009m[ERROR]: [0mThis is a error message from thread 2918-09-2026 00:29:34 [38;5;015m[INFO]: [0mThis is a info message from thread 1418-09-2026 00:29:34 [38;5;015m[INFO]: [0mThis is a info message from thread 1218-09-2026 00:29:34 [38;5;117m[DEBUG]: [0mThis is a debug message from thread 1518-09-2026 00:29:34 [38;5;015m[INFO]: [0mThis is a info message from thread 2318-09-2026 00:29:34 [38;5;117m[DEBUG]: [0mThis is a debug message from thread 1618-09-2026 00:29:34 [38;5;117m[DEBUG]: [0mThis is a debug message from thread 1018-09-2026 00:29:34 [38;5;009m[ERROR]: [0mThis is a error message from thread 1118-09-2026 00:29:34 [38;5;015m[INFO]: [0mThis is a info message from thread 1518-09-2026 00:29:34 [38;5;009m[ERROR]: [0mThis is a error message from thread 118-09-2026 00:29:34 [38;5;009m[ERROR]: [0mThis is a error message from thread 2518-09-2026 00:29:34 [38;5;009m[ERROR]: [0mThis is a error message from thread 1918-09-2026 00:29:34 [38;5;117m[DEBUG]: [0mThis is a debug message from thread 2518-09-2026 00:29:34 [38;5;015m[INFO]: [0mThis is a info message from thread 018-09-2026 00:29:34 [38;5;009m[ERROR]: [0mThis is a error message from thread 418-09-2026 00:29:34 [38;5;009m[ERROR]: [0mThis is a error message from thread 1218-09-2026 00:29:34 [38;5;009m[ERROR]: [0mThis is a error message from thread 1518-09-2026 00:29:34 [38;5;117m[DEBUG]: [0mThis is a debug message from thread 2818-09-2026 00:29:34 [38;5;117m[DEBUG]: [0mThis is a debug message from thread 1518-09-2026 00:29:34 [38;5;117m[DEBUG]: [0mThis is a debug message from thread 1918-09-2026 00:29:34 [38;5;117m[DEBUG]: [0mThis is a debug message from thread 1118-09-2026 00:29:34 [38;5;117m[DEBUG]: [0mThis is a debug message from thread 418-09-2026 00:29:34 [38;5;009m[ERROR]: [0mThis is a error message from thread 518-09-2026 00:29:34 [38;5;015m[INFO]: [0mThis is a info message from thread 2518-09-2026 00:29:34 [38;5;009m[ERROR]: [0mThis is a error message from thread 018-09-2026 00:29:34 [38;5;117m[DEBUG]: [0mThis is a debug message from thread 2918-09-2026 00:29:34 [38;5;009m[ERROR]: [0mThis is a error message from thread 2518-09-2026 00:29:34 [38;5;015m[INFO]: [0mThis is a info message from thread 218-09-2026 00:29:34 [38;5;117m[DEBUG]: [0mThis is a debug message from thread 018-09-2026 00:29:34 [38;5;015m[INFO]: [0mThis is a info message from thread 1918-09-2026 00:29:34 [38;5;015m[INFO]: [0mThis is a info message from thread 2918-09-2026 00:29:34 [38;5;015m[INFO]: [0mThis is a info message from thread 418-09-2026 00:29:34 [38;5;117m[DEBUG]: [0mThis is a debug message from thread 718-09-2026 00:29:34 [38;5;015m[INFO]: [0mThis is a info message from thread 018-09-2026 00:29:34 [38;5;009m[ERROR]: [0mThis is a error message from thread 1718-09-2026 00:29:34 [38;5;015m[INFO]: [0mThis is a info message from thread 1318-09-2026 00:29:34 [38;5;117m[DEBUG]: [0mThis is a debug message from thread 2518-09-2026 00:29:34 [38;5;009m[ERROR]: [0mThis is a error message from thread 2918-09-2026 00:29:34 [38;5;015m[INFO]: [0mThis is a info message from thread 818-09-2026 00:29:34 [38;5;117m[DEBUG]: [0mThis is a debug message from thread 2418-09-2026 00:29:34 [38;5;009m[ERROR]: [0mThis is a error message from thread 1418-09-2026 00:29:34 [38;5;015m[INFO]: [0mThis is a info message from thread 1118-09-2026 00:29:34 [38;5;117m[DEBUG]: [0mThis is a debug message from thread 2918-09-2026 00:29:34 [38;5;015m[INFO]: [0mThis is a info message from thread 318-09-2026 00:29:34 [38;5;015m[INFO]: [0mThis is a info message from thread 2218-09-2026 00:29:34 [38;5;117m[DEBUG]: [0mThis is a debug message from thread 2718-09-2026 00:29:34 [38;5;117m[DEBUG]: [0mThis is a debug message from thread 118-09-2026 00:29:34 [38;5;009m[ERROR]: [0mThis is a error message from thread 018-09-2026 00:29:34 [38;5;015m[INFO]: [0mThis is a info message from thread 2418-09-2026 00:29:34 [38;5;117m[DEBUG]: [0mThis is a debug message from thread 1418-09-2026 00:29:34 [38;5;009m[ERROR]: [0mThis is a error message from thread 1118-09-2026 00:29:34 [38;5;117m[DEBUG]: [0mThis is a debug message from thread 1818-09-2026 00:29:34 [38;5;009m[ERROR]: [0mThis is a error message from thread 1318-09-2026 00:29:34 [38;5;009m[ERROR]: [0mThis is a error message from thread 1918-09-2026 00:29:34 [38;5;015m[INFO]: [0mThis is a info message from thread 118-09-2026 00:29:34 [38;5;117m[DEBUG]: [0mThis is a debug message from thread 018-09-2026 00:29:34 [38;5;117m[DEBUG]: [0mThis is a debug message from thread 2118-09-2026 00:29:34 [38;5;015m[INFO]: [0mThis is a info message from thread 018-09-2026 00:29:34 [38;5;015m[INFO]: [0mThis is a info message from thread 1818-09-2026 00:29:34 [38;5;009m[ERROR]: [0mThis is a error message from thread 418-09-2026 00:29:34 [38;5;009m[ERROR]: [0mThis is a error message from thread 218-09-2026 00:29:34 [38;5;009m[ERROR]: [0mThis is a error message from thread 118-09-2026 00:29:34 [38;5;009m[ERROR]: [0mThis is a error message from thread 2218-09-2026 00:29:34 [38;5;015m[INFO]: [0mThis is a info message from thread 1418-09-2026 00:29:34 [38;5;117m[DEBUG]: [0mThis is a debug message from thread 618-09-2026 00:29:34 [38;5;015m[INFO]: [0mThis is a info message from thread 2018-09-2026 00:29:34 [38;5;117m[DEBUG]: [0mThis is a debug message from thread 418-09-2026 00:29:34 [38;5;015m[INFO]: [0mThis is a info message from thread 1618-09-2026 00:29:34 [38;5;117m[DEBUG]: [0mThis is a debug message from thread 1718-09-2026 00:29:34 [38;5;015m[INFO]: [0mThis is a info message from thread 618-09-2026 00:29:34 [38;5;117m[DEBUG]: [0mThis is a debug message from thread 2218-09-2026 00:29:34 [38;5;015m[INFO]: [0mThis is a info message from thread 1518-09-2026 00:29:34 [38;5;015m[INFO]: [0mThis is a info message from thread 2718-09-2026 00:29:34 [38;5;117m[DEBUG]: [0mThis is a debug message from thread 118-09-2026 00:29:34 [38;5;009m[ERROR]: [0mThis is a error message from thread 2018-09-2026 00:29:34 [38;5;009m[ERROR]: [0mThis is a error message from thread 318-09-2026 00:29:34 [38;5;009m[ERROR]: [0mThis is a error message from thread 618-09-2026 00:29:34 [38;5;117m[DEBUG]: [0mThis is a debug message from thread 218-09-2026 00:29:34 [38;5;015m[INFO]: [0mThis is a info message from thread 2218-09-2026 00:29:34 [38;5;015m[INFO]: [0mThis is a info message from thread 1018-09-2026 00:29:34 [38;5;009m[ERROR]: [0mThis is a error message from thread 818-09-2026 00:29:34 [38;5;009m[ERROR]: [0mThis is a error message from thread 1518-09-2026 00:29:34 [38;5;015m[INFO]: [0mThis is a info message from thread 418-09-2026 00:29:34 [38;5;009m[ERROR]: [0mThis is a error message from thread 2218-09-2026 00:29:34 [38;5;009m[ERROR]: [0mThis is a error message from thread 1018-09-2026 00:29:34 [38;5;117m[DEBUG]: [0mThis is a debug message from thread 2218-09-2026 00:29:34 [38;5;009m[ERROR]: [0mThis is a error message from thread 2718-09-2026 00:29:34 [38;5;117m[DEBUG]: [0mThis is a debug message from thread 1318-09-2026 00:29:34 [38;5;117m[DEBUG]: [0mThis is a debug message from thread 1018-09-2026 00:29:34 [38;5;015m[INFO]: [0mThis is a info message from thread 2218-09-2026 00:29:34 [38;5;015m[INFO]: [0mThis is a info message from thread 2618-09-2026 00:29:34 [38;5;117m[DEBUG]: [0mThis is a debug message from thread 1518-09-2026 00:29:34 [38;5;117m[DEBUG]: [0mThis is a debug message from thread 818-09-2026 00:29:34 [38;5;015m[INFO]: [0mThis is a info message from thread 2918-09-2026 00:29:34 [38;5;117m[DEBUG]: [0mThis is a debug message from thread 1118-09-2026 00:29:34 [38;5;015m[INFO]: [0mThis is a info message from thread 1318-09-2026 00:29:34 [38;5;009m[ERROR]: [0mThis is a error message from thread 2418-09-2026 00:29:34 [38;5;117m[DEBUG]: [0mThis is a debug message from thread 518-09-2026 00:29:34 [38;5;009m[ERROR]: [0mThis is a error message from thread 2218-09-2026 00:29:34 [38;5;117m[DEBUG]: [0mThis is a debug message from thread 2418-09-2026 00:29:34 [38;5;009m[ERROR]: [0mThis is a error message from thread 418-09-2026 00:29:34 [38;5;015m[INFO]: [0mThis is a info message from thread 1518-09-2026 00:29:34 [38;5;117m[DEBUG]: [0mThis is a debug message from thread 418-09-2026 00:29:34 [38;5;009m[ERROR]: [0mThis is a error message from thread 1318-09-2026 00:29:34 [38;5;009m[ERROR]: [0mThis is a error message from thread 2918-09-2026 00:29:34 [38;5;015m[INFO]: [0mThis is a info message from thread 418-09-2026 00:29:34 [38;5;117m[DEBUG]: [0mThis is a debug message from thread 1318-09-2026 00:29:34 [38;5;117m[DEBUG]: [0mThis is a debug message from thread 618-09-2026 00:29:34 [38;5;009m[ERROR]: [0mThis is a error message from thread 2618-09-2026 00:29:34 [38;5;015m[INFO]: [0mThis is a info message from thread 2418-09-2026 00:29:34 [38;5;009m[ERROR]: [0mThis is a error message from thread 418-09-2026 00:29:34 [38;5;015m[INFO]: [0mThis is a info message from thread 1318-09-2026 00:29:34 [38;5;015m[INFO]: [0mThis is a info message from thread 718-09-2026 00:29:34 [38;5;117m[DEBUG]: [0mThis is a debug message from thread 418-09-2026 00:29:34 [38;5;015m[INFO]: [0mThis is a info message from thread 1118-09-2026 00:29:34 [38;5;117m[DEBUG]: [0mThis is a debug message from thread 2218-09-2026 00:29:34 [38;5;015m[INFO]: [0mThis is a info message from thread 618-09-2026 00:29:34 [38;5;015m[INFO]: [0mThis is a info message from thread 2518-09-2026 00:29:34 [38;5;117m[DEBUG]: [0mThis is a debug message from thread 2918-09-2026 00:29:34 [38;5;015m[INFO]: [0mThis is a info message from thread 2218-09-2026 00:29:34 [38;5;015m[INFO]: [0mThis is a info message from thread 418-09-2026 00:29:34 [38;5;009m[ERROR]: [0mThis is a error message from thread 1118-09-2026 00:29:34 [38;5;009m[ERROR]: [0mThis is a error message from thread 2418-09-2026 00:29:34 [38;5;009m[ERROR]: [0mThis is a error message from thread 1318-09-2026 00:29:34 [38;5;117m[DEBUG]: [0mThis is a debug message from thread 2618-09-2026 00:29:34 [38;5;009m[ERROR]: [0mThis is a error message from thread 718-09-2026 00:29:34 [38;5;009m[ERROR]: [0mThis is a error message from thread 2218-09-2026 00:29:34 [38;5;117m[DEBUG]: [0mThis is a debug message from thread 718-09-2026 00:29:34 [38;5;009m[ERROR]: [0mThis is a error message from thread 2518-09-2026 00:29:34 [38;5;117m[DEBUG]: [0mThis is a debug message from thread 2218-09-2026 00:29:34 [38;5;015m[INFO]: [0mThis is a info message from thread 718-09-2026 00:29:34 [38;5;009m[ERROR]: [0mThis is a error message from thread 1818-09-2026 00:29:34 [38;5;009m[ERROR]: [0mThis is a error message from thread 618-09-2026 00:29:34 [38;5;009m[ERROR]: [0mThis is a error message from thread 718-09-2026 00:29:34 [38;5;009m[ERROR]: [0mThis is a error message from thread 418-09-2026 00:29:34 [38;5;117m[DEBUG]: [0mThis is a debug message from thread 2018-09-2026 00:29:34 [38;5;015m[INFO]: [0mThis is a info message from thread 2818-09-2026 00:29:34 [38;5;117m[DEBUG]: [0mThis is a debug message from thread 1218-09-2026 00:29:34 [38;5;009m[ERROR]: [0mThis is a error message from thread 018-09-2026 00:29:34 [38;5;117m[DEBUG]: [0mThis is a debug message from thread 318-09-2026 00:29:34 [38;5;117m[DEBUG]: [0mThis is a debug message from thread 1918-09-2026 00:29:34 [38;5;015m[INFO]: [0mThis is a info message from thread 2218-09-2026 00:29:34 [38;5;117m[DEBUG]: [0mThis is a debug message from thread 618-09-2026 00:29:34 [38;5;009m[ERROR]: [0mThis is a error message from thread 2818-09-2026 00:29:34 [38;5;117m[DEBUG]: [0mThis is a debug message from thread 718-09-2026 00:29:34 [38;5;015m[INFO]: [0mThis is a info message from thread 318-09-2026 00:29:34 [38;5;117m[DEBUG]: [0mThis is a debug message from thread 1818-09-2026 00:29:34 [38;5;015m[INFO]: [0mThis is a info message from thread 1718-09-2026 00:29:34 [38;5;117m[DEBUG]: [0mThis is a debug message from thread 2818-09-2026 00:29:34 [38;5;015m[INFO]: [0mThis is a info message from thread 218-09-2026 00:29:34 [38;5;009m[ERROR]: [0mThis is a error message from thread 1418-09-2026 00:29:34 [38;5;015m[INFO]: [0mThis is a info message from thread 618-09-2026 00:29:34 [38;5;015m[INFO]: [0mThis is a info message from thread 2818-09-2026 00:29:34 [38;5;015m[INFO]: [0mThis is a info message from thread 718-09-2026 00:29:34 [38;5;015m[INFO]: [0mThis is a info message from thread 1918-09-2026 00:29:34 [38;5;009m[ERROR]: [0mThis is a error message from thread 2218-09-2026 00:29:34 [38;5;009m[ERROR]: [0mThis is a error message from thread 318-09-2026 00:29:34 [38;5;009m[ERROR]: [0mThis is a error message from thread 618-09-2026 00:29:34 [38;5;117m[DEBUG]: [0mThis is a debug message from thread 1418-09-2026 00:29:34 [38;5;117m[DEBUG]: [0mThis is a debug message from thread 418-09-2026 00:29:34 [38;5;009m[ERROR]: [0mThis is a error message from thread 1918-09-2026 00:29:34 [38;5;009m[ERROR]: [0mThis is a error message from thread 218-09-2026 00:29:34 [38;5;015m[INFO]: [0mThis is a info message from thread 1018-09-2026 00:29:34 [38;5;015m[INFO]: [0mThis is a info message from thread 818-09-2026 00:29:34 [38;5;117m[DEBUG]: [0mThis is a debug message from thread 318-09-2026 00:29:34 [38;5;117m[DEBUG]: [0mThis is a debug message from thread 218-09-2026 00:29:34 [38;5;009m[ERROR]: [0mThis is a error message from thread 1618-09-2026 00:29:34 [38;5;117m[DEBUG]: [0mThis is a debug message from thread 2218-09-2026 00:29:34 [38;5;009m[ERROR]: [0mThis is a error message from thread 1718-09-2026 00:29:34 [38;5;009m[ERROR]: [0mThis is a error message from thread 818-09-2026 00:29:34 [38;5;015m[INFO]: [0mThis is a info message from thread 418-09-2026 00:29:34 [38;5;015m[INFO]: [0mThis is a info message from thread 218-09-2026 00:29:34 [38;5;009m[ERROR]: [0mThis is a error message from thread 1018-09-2026 00:29:34 [38;5;015m[INFO]: [0mThis is a info message from thread 518-09-2026 00:29:34 [38;5;009m[ERROR]: [0mThis is a error message from thread 1518-09-2026 00:29:34 [38;5;117m[DEBUG]: [0mThis is a debug message from thread 1318-09-2026 00:29:34 [38;5;015m[INFO]: [0mThis is a info message from thread 2118-09-2026 00:29:34 [38;5;015m[INFO]: [0mThis is a info message from thread 2218-09-2026 00:29:34 [38;5;009m[ERROR]: [0mThis is a error message from thread 2118-09-2026 00:29:34 [38;5;117m[DEBUG]: [0mThis is a debug message from thread 1618-09-2026 00:29:34 [38;5;015m[INFO]: [0mThis is a info message from thread 1318-09-2026 00:29:34 [38;5;117m[DEBUG]: [0mThis is a debug message from thread 2518-09-2026 00:29:34 [38;5;009m[ERROR]: [0mThis is a error message from thread 2318-09-2026 00:29:34 [38;5;117m[DEBUG]: [0mThis is a debug message from thread 2418-09-2026 00:29:34 [38;5;117m[DEBUG]: [0mThis is a debug message from thread 018-09-2026 00:29:34 [38;5;015m[INFO]: [0mThis is a info message from thread 918-09-2026 00:29:34 [38;5;015m[INFO]: [0mThis is a info message from thread 2018-09-2026 00:29:34 [38;5;117m[DEBUG]: [0mThis is a debug message from thread 1018-09-2026 00:29:34 [38;5;009m[ERROR]: [0mThis is a error message from thread 718-09-2026 00:29:34 [38;5;015m[INFO]: [0mThis is a info message from thread 1818-09-2026 00:29:34 [38;5;015m[INFO]: [0mThis is a info message from thread 1218-09-2026 00:29:34 [38;5;009m[ERROR]: [0mThis is a error message from thread 1318-09-2026 00:29:34 [38;5;117m[DEBUG]: [0mThis is a debug message from thread 718-09-2026 00:29:34 [38;5;117m[DEBUG]: [0mThis is a debug message from thread 1918-09-2026 00:29:34 [38;5;009m[ERROR]: [0mThis is a error message from thread 918-09-2026 00:29:34 [38;5;009m[ERROR]: [0mThis is a error message from thread 2018-09-2026 00:29:34 [38;5;009m[ERROR]: [0mThis is a error message from thread 1818-09-2026 00:29:34 [38;5;015m[INFO]: [0mThis is a info message from thread 2618-09-2026 00:29:34 [38;5;117m[DEBUG]: [0mThis is a debug message from thread 1318-09-2026 00:29:34 [38;5;015m[INFO]: [0mThis is a info message from thread 018-09-2026 00:29:34 [38;5;015m[INFO]: [0mThis is a info message from thread 718-09-2026 00:29:34 [38;5;117m[DEBUG]: [0mThis is a debug message from thread 2318-09-2026 00:29:34 [38;5;009m[ERROR]: [0mThis is a error message from thread 2618-09-2026 00:29:34 [38;5;117m[DEBUG]: [0mThis is a debug message from thread 1818-09-2026 00:29:34 [38;5;117m[DEBUG]: [0mThis is a debug message from thread 618-09-2026 00:29:34 [38;5;015m[INFO]: [0mThis is a info message from thread 1918-09-2026 00:29:34 [38;5;015m[INFO]: [0mThis is a info message from thread 1318-09-2026 00:29:34 [38;5;117m[DEBUG]: [0mThis is a debug message from thread 1518-09-2026 00:29:34 [38;5;009m[ERROR]: [0mThis is a error message from thread 218-09-2026 00:29:34 [38;5;015m[INFO]: [0mThis is a info message from thread 2318-09-2026 00:29:34 [38;5;117m[DEBUG]: [0mThis is a debug message from thread 2618-09-2026 00:29:34 [38;5;015m[INFO]: [0mThis is a info message from thread 618-09-2026 00:29:34 [38;5;117m[DEBUG]: [0mThis is a debug message from thread 218-09-2026 00:29:34 [38;5;015m[INFO]: [0mThis is a info message from thread 1818-09-2026 00:29:34 [38;5;117m[DEBUG]: [0mThis is a debug message from thread 818-09-2026 00:29:34 [38;5;009m[ERROR]: [0mThis is a error message from thread 618-09-2026 00:29:34 [38;5;009m[ERROR]: [0mThis is a error message from thread 2218-09-2026 00:29:34 [38;5;009m[ERROR]: [0mThis is a error message from thread 418-09-2026 00:29:34 [38;5;009m[ERROR]: [0mThis is a error message from thread 1818-09-2026 00:29:34 [38;5;015m[INFO]: [0mThis is a info message from thread 218-09-2026 00:29:34 [38;5;117m[DEBUG]: [0mThis is a debug message from thread 618-09-2026 00:29:34 [38;5;117m[DEBUG]: [0mThis is a debug message from thread 1818-09-2026 00:29:34 [38;5;117m[DEBUG]: [0mThis is a debug message from thread 418-09-2026 00:29:34 [38;5;015m[INFO]: [0mThis is a info message from thread 1818-09-2026 00:29:34 [38;5;015m[INFO]: [0mThis is a info message from thread 818-09-2026 00:29:34 [38;5;015m[INFO]: [0mThis is a info message from thread 1618-09-2026 00:29:34 [38;5;009m[ERROR]: [0mThis is a error message from thread 718-09-2026 00:29:34 [38;5;009m[ERROR]: [0mThis is a error message from thread 1818-09-2026 00:29:34 [38;5;009m[ERROR]: [0mThis is a error message from thread 2318-09-2026 00:29:34 [38;5;015m[INFO]: [0mThis is a info message from thread 1018-09-2026 00:29:34 [38;5;117m[DEBUG]: [0mThis is a debug message from thread 1718-09-2026 00:29:34 [38;5;009m[ERROR]: [0mThis is a error message from thread 1318-09-2026 00:29:34 [38;5;117m[DEBUG]: [0mThis is a debug message from thread 1318-09-2026 00:29:34 [38;5;015m[INFO]: [0mThis is a info message from thread 618-09-2026 00:29:34 [38;5;117m[DEBUG]: [0mThis is a debug message from thread 2118-09-2026 00:29:34 [38;5;009m[ERROR]: [0mThis is a error message from thread 1018-09-2026 00:29:34 [38;5;015m[INFO]: [0mThis is a info message from thread 2118-09-2026 00:29:34 [38;5;015m[INFO]: [0mThis is a info message from thread 118-09-2026 00:29:34 [38;5;015m[INFO]: [0mThis is a info message from thread 2418-09-2026 00:29:34 [38;5;117m[DEBUG]: [0mThis is a debug message from thread 1818-09-2026 00:29:34 [38;5;009m[ERROR]: [0mThis is a error message from thread 618-09-2026 00:29:34 [38;5;117m[DEBUG]: [0mThis is a debug message from thread 2718-09-2026 00:29:34 [38;5;117m[DEBUG]: [0mThis is a debug message from thread 2218-09-2026 00:29:34 [38;5;015m[INFO]: [0mThis is a info message from thread 418-09-2026 00:29:34 [38;5;117m[DEBUG]: [0mThis is a debug message from thread 2318-09-2026 00:29:34 [38;5;117m[DEBUG]: [0mThis is a debug message from thread 618-09-2026 00:29:34 [38;5;015m[INFO]: [0mThis is a info message from thread 1818-09-2026 00:29:34 [38;5;015m[INFO]: [0mThis is a info message from thread 2318-09-2026 00:29:34 [38;5;009m[ERROR]: [0mThis is a error message from thread 2318-09-2026 00:29:34 [38;5;015m[INFO]: [0mThis is a info message from thread 2718-09-2026 00:29:34 [38;5;009m[ERROR]: [0mThis is a error message from thread 1618-09-2026 00:29:34 [38;5;015m[INFO]: [0mThis is a info message from thread 2218-09-2026 00:29:34 [38;5;009m[ERROR]: [0mThis is a error message from thread 418-09-2026 00:29:34 [38;5;015m[INFO]: [0mThis is a info message from thread 1318-09-2026 00:29:34 [38;5;009m[ERROR]: [0mThis is a error message from thread 1818-09-2026 00:29:34 [38;5;117m[DEBUG]: [0mThis is a debug message from thread 1818-09-2026 00:29:34 [38;5;009m[ERROR]: [0mThis is a error message from thread 2418-09-2026 00:29:34 [38;5;009m[ERROR]: [0mThis is a error message from thread 2218-09-2026 00:29:34 [38;5;117m[DEBUG]: [0mThis is a debug message from thread 2318-09-2026 00:29:34 [38;5;015m[INFO]: [0mThis is a info message from thread 1818-09-2026 00:29:34 [38;5;009m[ERROR]: [0mThis is a error message from thread 2118-09-2026 00:29:34 [38;5;009m[ERROR]: [0mThis is a error message from thread 1818-09-2026 00:29:34 [38;5;015m[INFO]: [0mThis is a info message from thread 618-09-2026 00:29:34 [38;5;015m[INFO]: [0mThis is a info message from thread 2518-09-2026 00:29:34 [38;5;015m[INFO]: [0mThis is a info message from thread 318-09-2026 00:29:34 [38;5;117m[DEBUG]: [0mThis is a debug message from thread 2218-09-2026 00:29:34 [38;5;117m[DEBUG]: [0mThis is a debug message from thread 418-09-2026 00:29:34 [38;5;015m[INFO]: [0mThis is a info message from thread 2218-09-2026 00:29:34 [38;5;117m[DEBUG]: [0mThis is a debug message from thread 1818-09-2026 00:29:34 [38;5;015m[INFO]: [0mThis is a info message from thread 1818-09-2026 00:29:34 [38;5;009m[ERROR]: [0mThis is a error message from thread 2218-09-2026 00:29:34 [38;5;009m[ERROR]: [0mThis is a error message from thread 1318-09-2026 00:29:34 [38;5;117m[DEBUG]: [0mThis is a debug message from thread 2218-09-2026 00:29:34 [38;5;117m[DEBUG]: [0mThis is a debug message from thread 2118-09-2026 00:29:34 [38;5;015m[INFO]: [0mThis is a info message from thread 418-09-2026 00:29:34 [38;5;015m[INFO]: [0mThis is a info message from thread 2318-09-2026 00:29:34 [38;5;009m[ERROR]: [0mThis is a error message from thread 2318-09-2026 00:29:34 [38;5;009m[ERROR]: [0mThis is a error message from thread 618-09-2026 00:29:34 [38;5;009m[ERROR]: [0mThis is a error message from thread 2518-09-2026 00:29:34 [38;5;009m[ERROR]: [0mThis is a error message from thread 318-09-2026 00:29:34 [38;5;117m[DEBUG]: [0mThis is a debug message from thread 918-09-2026 00:29:34 [38;5;009m[ERROR]: [0mThis is a error message from thread 418-09-2026 00:29:34 [38;5;009m[ERROR]: [0mThis is a error message from thread 818-09-2026 00:29:34 [38;5;015m[INFO]: [0mThis is a info message from thread 918-09-2026 00:29:34 [38;5;117m[DEBUG]: [0mThis is a debug message from thread 1318-09-2026 00:29:34 [38;5;117m[DEBUG]: [0mThis is a debug message from thread 418-09-2026 00:29:34 [38;5;009m[ERROR]: [0mThis is a error message from thread 2718-09-2026 00:29:34 [38;5;009m[ERROR]: [0mThis is a error message from thread 1818-09-2026 00:29:34 [38;5;009m[ERROR]: [0mThis is a error message from thread 2818-09-2026 00:29:34 [38;5;015m[INFO]: [0mThis is a info message from thread 2918-09-2026 00:29:34 [38;5;015m[INFO]: [0mThis is a info message from thread 2118-09-2026 00:29:34 [38;5;015m[INFO]: [0mThis is a info message from thread 418-09-2026 00:29:34 [38;5;117m[DEBUG]: [0mThis is a debug message from thread 2318-09-2026 00:29:34 [38;5;009m[ERROR]: [0mThis is a error message from thread 118-09-2026 00:29:34 [38;5;117m[DEBUG]: [0mThis is a debug message from thread 2718-09-2026 00:29:34 [38;5;009m[ERROR]: [0mThis is a error message from thread 518-09-2026 00:29:34 [38;5;117m[DEBUG]: [0mThis is a debug message from thread 2418-09-2026 00:29:34 [38;5;015m[INFO]: [0mThis is a info message from thread 2218-09-2026 00:29:34 [38;5;009m[ERROR]: [0mThis is a error message from thread 418-09-2026 00:29:34 [38;5;117m[DEBUG]: [0mThis is a debug message from thread 1118-09-2026 00:29:34 [38;5;015m[INFO]: [0mThis is a info message from thread 2318-09-2026 00:29:34 [38;5;117m[DEBUG]: [0mThis is a debug message from thread 2518-09-2026 00:29:34 [38;5;009m[ERROR]: [0mThis is a error message from thread 2318-09-2026 00:29:34 [38;5;117m[DEBUG]: [0mThis is a debug message from thread 418-09-2026 00:29:34 [38;5;015m[INFO]: [0mThis is a info message from thread 2518-09-2026 00:29:34 [38;5;117m[DEBUG]: [0mThis is a debug message from thread 618-09-2026 00:29:34 [38;5;015m[INFO]: [0mThis is a info message from thread 1718-09-2026 00:29:34 [38;5;117m[DEBUG]: [0mThis is a debug message from thread 2318-09-2026 00:29:34 [38;5;009m[ERROR]: [0mThis is a error message from thread 2218-09-2026 00:29:34 [38;5;117m[DEBUG]: [0mThis is a debug message from thread 1818-09-2026 00:29:34 [38;5;117m[DEBUG]: [0mThis is a debug message from thread 318-09-2026 00:29:34 [38;5;117m[DEBUG]: [0mThis is a debug message from thread 718-09-2026 00:29:34 [38;5;009m[ERROR]: [0mThis is a error message from thread 2918-09-2026 00:29:34 [38;5;009m[ERROR]: [0mThis is a error message from thread 2118-09-2026 00:29:34 [38;5;015m[INFO]: [0mThis is a info message from thread 318-09-2026 00:29:34 [38;5;009m[ERROR]: [0mThis is a error message from thread 1218-09-2026 00:29:34 [38;5;009m[ERROR]: [0mThis is a error message from thread 318-09-2026 00:29:34 [38;5;009m[ERROR]: [0mThis is a error message from thread 918-09-2026 00:29:34 [38;5;009m[ERROR]: [0mThis is a error message from thread 018-09-2026 00:29:34 [38;5;015m[INFO]: [0mThis is a info message from thread 2718-09-2026 00:29:34 [38;5;009m[ERROR]: [0mThis is a error message from thread 2718-09-2026 00:29:34 [38;5;009m[ERROR]: [0mThis is a error message from thread 1718-09-2026 00:29:34 [38;5;117m[DEBUG]: [0mThis is a debug message from thread 018-09-2026 00:29:34 [38;5;015m[INFO]: [0mThis is a info message from thread 1118-09-2026 00:29:34 [38;5;015m[INFO]: [0mThis is a info message from thread 2318-09-2026 00:29:34 [38;5;117m[DEBUG]: [0mThis is a debug message from thread 918-09-2026 00:29:34 [38;5;009m[ERROR]: [0mThis is a error message from thread 1118-09-2026 00:29:34 [38;5;117m[DEBUG]: [0mThis is a debug message from thread 2118-09-2026 00:29:34 [38;5;015m[INFO]: [0mThis is a info message from thread 718-09-2026 00:29:34 [38;5;015m[INFO]: [0mThis is a info message from thread 2118-09-2026 00:29:34 [38;5;009m[ERROR]: [0mThis is a error message from thread 1918-09-2026 00:29:34 [38;5;009m[ERROR]: [0mThis is a error message from thread 218-09-2026 00:29:34 [38;5;117m[DEBUG]: [0mThis is a debug message from thread 2718-09-2026 00:29:34 [38;5;117m[DEBUG]: [0mThis is a debug message from thread 1218-09-2026 00:29:34 [38;5;015m[INFO]: [0mThis is a info message from thread 018-09-2026 00:29:34 [38;5;117m[DEBUG]: [0mThis is a debug message from thread 1618-09-2026 00:29:34 [38;5;117m[DEBUG]: [0mThis is a debug message from thread 218-09-2026 00:29:34 [38;5;009m[ERROR]: [0mThis is a error message from thread 2318-09-2026 00:29:34 [38;5;117m[DEBUG]: [0mThis is a debug message from thread 2818-09-2026 00:29:34 [38;5;117m[DEBUG]: [0mThis is a debug message from thread 518-09-2026 00:29:34 [38;5;015m[INFO]: [0mThis is a info message from thread 618-09-2026 00:29:34 [38;5;015m[INFO]: [0mThis is a info message from thread 418-09-2026 00:29:34 [38;5;015m[INFO]: [0mThis is a info message from thread 2818-09-2026 00:29:34 [38;5;117m[DEBUG]: [0mThis is a debug message from thread 2018-09-2026 00:29:34 [38;5;117m[DEBUG]: [0mThis is a debug message from thread 1718-09-2026 00:29:34 [38;5;015m[INFO]: [0mThis is a info message from thread 2718-09-2026 00:29:34 [38;5;009m[ERROR]: [0mThis is a error message from thread 618-09-2026 00:29:34 [38;5;009m[ERROR]: [0mThis is a error message from thread 2518-09-2026 00:29:34 [38;5;015m[INFO]: [0mThis is a info message from thread 1218-09-2026 00:29:34 [38;5;117m[DEBUG]: [0mThis is a debug message from thread 118-09-2026 00:29:34 [38;5;015m[INFO]: [0mThis is a info message from thread 918-09-2026 00:29:34 [38;5;015m[INFO]: [0mThis is a info message from thread 1318-09-2026 00:29:34 [38;5;009m[ERROR]: [0mThis is a error message from thread 2718-09-2026 00:29:34 [38;5;015m[INFO]: [0mThis is a info message from thread 218-09-2026 00:29:34 [38;5;117m[DEBUG]: [0mThis is a debug message from thread 618-09-2026 00:29:34 [38;5;009m[ERROR]: [0mThis is a error message from thread 018-09-2026 00:29:34 [38;5;015m[INFO]: [0mThis is a info message from thread 2018-09-2026 00:29:34 [38;5;009m[ERROR]: [0mThis is a error message from thread 2018-09-2026 00:29:34 [38;5;117m[DEBUG]: [0mThis is a debug message from thread 2518-09-2026 00:29:34 [38;5;009m[ERROR]: [0mThis is a error message from thread 218-09-2026 00:29:34 [38;5;015m[INFO]: [0mThis is a info message from thread 618-09-2026 00:29:34 [38;5;009m[ERROR]: [0mThis is a error message from thread 918-09-2026 00:29:34 [38;5;009m[ERROR]: [0mThis is a error message from thread 1218-09-2026 00:29:34 [38;5;015m[INFO]: [0mThis is a info message from thread 2518-09-2026 00:29:34 [38;5;117m[DEBUG]: [0mThis is a debug message from thread 218-09-2026 00:29:34 [38;5;117m[DEBUG]: [0mThis is a debug message from thread 2018-09-2026 00:29:34 [38;5;009m[ERROR]: [0mThis is a error message from thread 1318-09-2026 00:29:34 [38;5;117m[DEBUG]: [0mThis is a debug message from thread 1318-09-2026 00:29:34 [38;5;009m[ERROR]: [0mThis is a error message from thread 618-09-2026 00:29:34 [38;5;117m[DEBUG]: [0mThis is a debug message from thread 918-09-2026 00:29:34 [38;5;117m[DEBUG]: [0mThis is a debug message from thread 1218-09-2026 00:29:34 [38;5;117m[DEBUG]: [0mThis is a debug message from thread 1118-09-2026 00:29:34 [38;5;117m[DEBUG]: [0mThis is a debug message from thread 2718-09-2026 00:29:34 [38;5;015m[INFO]: [0mThis is a info message from thread 518-09-2026 00:29:34 [38;5;015m[INFO]: [0mThis is a info message from thread 218-09-2026 00:29:34 [38;5;009m[ERROR]: [0mThis is a error message from thread 2518-09-2026 00:29:34 [38;5;015m[INFO]: [0mThis is a info message from thread 1318-09-2026 00:29:34 [38;5;015m[INFO]: [0mThis is a info message from thread 918-09-2026 00:29:34 [38;5;015m[INFO]: [0mThis is a info message from thread 2018-09-2026 00:29:34 [38;5;015m[INFO]: [0mThis is a info message from thread 1118-09-2026 00:29:34 [38;5;009m[ERROR]: [0mThis is a error message from thread 218-09-2026 00:29:34 [38;5;009m[ERROR]: [0mThis is a error message from thread 918-09-2026 00:29:34 [38;5;117m[DEBUG]: [0mThis is a debug message from thread 218-09-2026 00:29:34 [38;5;009m[ERROR]: [0mThis is a error message from thread 2118-09-2026 00:29:34 [38;5;015m[INFO]: [0mThis is a info message from thread 1218-09-2026 00:29:34 [38;5;117m[DEBUG]: [0mThis is a debug message from thread 018-09-2026 00:29:34 [38;5;015m[INFO]: [0mThis is a info message from thread 118-09-2026 00:29:34 [38;5;009m[ERROR]: [0mThis is a error message from thread 1118-09-2026 00:29:34 [38;5;117m[DEBUG]: [0mThis is a debug message from thread 618-09-2026 00:29:34 [38;5;009m[ERROR]: [0mThis is a error message from thread 2018-09-2026 00:29:34 [38;5;015m[INFO]: [0mThis is a info message from thread 2418-09-2026 00:29:34 [38;5;015m[INFO]: [0mThis is a info message from thread 1418-09-2026 00:29:34 [38;5;117m[DEBUG]: [0mThis is a debug message from thread 1118-09-2026 00:29:34 [38;5;009m[ERROR]: [0mThis is a error message from thread 1218-09-2026 00:29:34 [38;5;117m[DEBUG]: [0mThis is a debug message from thread 2518-09-2026 00:29:34 [38;5;117m[DEBUG]: [0mThis is a debug message from thread 2118-09-2026 00:29:34 [38;5;009m[ERROR]: [0mThis is a error message from thread 118-09-2026 00:29:34 [38;5;117m[DEBUG]: [0mThis is a debug message from thread 2018-09-2026 00:29:34 [38;5;015m[INFO]: [0mThis is a info message from thread 018-09-2026 00:29:34 [38;5;015m[INFO]: [0mThis is a info message from thread 1118-09-2026 00:29:34 [38;5;009m[ERROR]: [0mThis is a error message from thread 718-09-2026 00:29:34 [38;5;015m[INFO]: [0mThis is a info message from thread 2118-09-2026 00:29:34 [38;5;015m[INFO]: [0mThis is a info message from thread 2618-09-2026 00:29:34 [38;5;117m[DEBUG]: [0mThis is a debug message from thread 2218-09-2026 00:29:34 [38;5;009m[ERROR]: [0mThis is a error message from thread 418-09-2026 00:29:34 [38;5;015m[INFO]: [0mThis is a info message from thread 1718-09-2026 00:29:34 [38;5;009m[ERROR]: [0mThis is a error message from thread 2118-09-2026 00:29:34 [38;5;117m[DEBUG]: [0mThis is a debug message from thread 318-09-2026 00:29:34 [38;5;117m[DEBUG]: [0mThis is a debug message from thread 418-09-2026 00:29:34 [38;5;117m[DEBUG]: [0mThis is a debug message from thread 2318-09-2026 00:29:34 [38;5;009m[ERROR]: [0mThis is a error message from thread 518-09-2026 00:29:34 [38;5;009m[ERROR]: [0mThis is a error message from thread 2618-09-2026 00:29:34 [38;5;015m[INFO]: [0mThis is a info message from thread 2318-09-2026 00:29:34 [38;5;117m[DEBUG]: [0mThis is a debug message from thread 718-09-2026 00:29:34 [38;5;015m[INFO]: [0mThis is a info message from thread 418-09-2026 00:29:34 [38;5;117m[DEBUG]: [0mThis is a debug message from thread 2118-09-2026 00:29:34 [38;5;009m[ERROR]: [0mThis is a error message from thread 2318-09-2026 00:29:34 [38;5;015m[INFO]: [0mThis is a info message from thread 2118-09-2026 00:29:34 [38;5;117m[DEBUG]: [0mThis is a debug message from thread 2618-09-2026 00:29:34 [38;5;009m[ERROR]: [0mThis is a error message from thread 1118-09-2026 00:29:34 [38;5;117m[DEBUG]: [0mThis is a debug message from thread 118-09-2026 00:29:34 [38;5;015m[INFO]: [0mThis is a info message from thread 2218-09-2026 00:29:34 [38;5;117m[DEBUG]: [0mThis is a debug message from thread 1118-09-2026 00:29:34 [38;5;015m[INFO]: [0mThis is a info message from thread 118-09-2026 00:29:34 [38;5;009m[ERROR]: [0mThis is a error message from thread 418-09-2026 00:29:34 [38;5;009m[ERROR]: [0mThis is a error message from thread 118-09-2026 00:29:34 [38;5;015m[INFO]: [0mThis is a info message from thread 718-09-2026 00:29:34 [38;5;015m[INFO]: [0mThis is a info message from thread 2618-09-2026 00:29:34 [38;5;015m[INFO]: [0mThis is a info message from thread 1818-09-2026 00:29:34 [38;5;015m[INFO]: [0mThis is a info message from thread 1518-09-2026 00:29:34 [38;5;009m[ERROR]: [0mThis is a error message from thread 2818-09-2026 00:29:34 [38;5;117m[DEBUG]: [0mThis is a debug message from thread 1918-09-2026 00:29:34 [38;5;009m[ERROR]: [0mThis is a error message from thread 1818-09-2026 00:29:34 [38;5;117m[DEBUG]: [0mThis is a debug message from thread 818-09-2026 00:29:34 [38;5;117m[DEBUG]: [0mThis is a debug message from thread 1818-09-2026 00:29:34 [38;5;117m[DEBUG]: [0mThis is a debug message from thread 2818-09-2026 00:29:34 [38;5;015m[INFO]: [0mThis is a info message from thread 1118-09-2026 00:29:34 [38;5;009m[ERROR]: [0mThis is a error message from thread 2618-09-2026 00:29:34 [38;5;009m[ERROR]: [0mThis is a error message from thread 1318-09-2026 00:29:34 [38;5;015m[INFO]: [0mThis is a info message from thread 818-09-2026 00:29:34 [38;5;009m[ERROR]: [0mThis is a error message from thread 1418-09-2026 00:29:34 [38;5;117m[DEBUG]: [0mThis is a debug message from thread 518-09-2026 00:29:34 [38;5;015m[INFO]: [0mThis is a info message from thread 2018-09-2026 00:29:34 [38;5;117m[DEBUG]: [0mThis is a debug message from thread 2318-09-2026 00:29:34 [38;5;009m[ERROR]: [0mThis is a error message from thread 2418-09-2026 00:29:34 [38;5;117m[DEBUG]: [0mThis is a debug message from thread 1218-09-2026 00:29:34 [38;5;015m[INFO]: [0mThis is a info message from thread 1918-09-2026 00:29:34 [38;5;009m[ERROR]: [0mThis is a error message from thread 018-09-2026 00:29:34 [38;5;117m[DEBUG]: [0mThis is a debug message from thread 1418-09-2026 00:29:34 [38;5;015m[INFO]: [0mThis is a info message from thread 2518-09-2026 00:29:34 [38;5;009m[ERROR]: [0mThis is a error message from thread 2018-09-2026 00:29:34 [38;5;009m[ERROR]: [0mThis is a error message from thread 2118-09-2026 00:29:34 [38;5;009m[ERROR]: [0mThis is a error message from thread 1718-09-2026 00:29:34 [38;5;015m[INFO]: [0mThis is a info message from thread 318-09-2026 00:29:34 [38;5;009m[ERROR]: [0mThis is a error message from thread 1918-09-2026 00:29:34 [38;5;015m[INFO]: [0mThis is a info message from thread 1218-09-2026 00:29:34 [38;5;015m[INFO]: [0mThis is a info message from thread 2318-09-2026 00:29:34 [38;5;015m[INFO]: [0mThis is a info message from thread 1418-09-2026 00:29:34 [38;5;117m[DEBUG]: [0mThis is a debug message from thread 2018-09-2026 00:29:34 [38;5;117m[DEBUG]: [0mThis is a debug message from thread 1718-09-2026 00:29:34 [38;5;009m[ERROR]: [0mThis is a error message from thread 318-09-2026 00:29:34 [38;5;117m[DEBUG]: [0mThis is a debug message from thread 2118-09-2026 00:29:34 [38;5;015m[INFO]: [0mThis is a info message from thread 2118-09-2026 00:29:34 [38;5;015m[INFO]: [0mThis is a info message from thread 2018-09-2026 00:29:34 [38;5;117m[DEBUG]: [0mThis is a debug message from thread 1918-09-2026 00:29:34 [38;5;009m[ERROR]: [0mThis is a error message from thread 2118-09-2026 00:29:34 [38;5;117m[DEBUG]: [0mThis is a debug message from thread 1318-09-2026 00:29:34 [38;5;015m[INFO]: [0mThis is a info message from thread 1918-09-2026 00:29:34 [38;5;009m[ERROR]: [0mThis is a error message from thread 2018-09-2026 00:29:34 [38;5;009m[ERROR]: [0mThis is a error message from thread 2318-09-2026 00:29:34 [38;5;117m[DEBUG]: [0mThis is a debug message from thread 318-09-2026 00:29:34 [38;5;009m[ERROR]: [0mThis is a error message from thread 1518-09-2026 00:29:34 [38;5;015m[INFO]: [0mThis is a info message from thread 318-09-2026 00:29:34 [38;5;117m[DEBUG]: [0mThis is a debug message from thread 2118-09-2026 00:29:34 [38;5;015m[INFO]: [0mThis is a info message from thread 2118-09-2026 00:29:34 [38;5;009m[ERROR]: [0mThis is a error message from thread 2118-09-2026 00:29:34 [38;5;009m[ERROR]: [0mThis is a error message from thread 318-09-2026 00:29:34 [38;5;015m[INFO]: [0mThis is a info message from thread 1818-09-2026 00:29:34 [38;5;015m[INFO]: [0mThis is a info message from thread 1718-09-2026 00:29:34 [38;5;009m[ERROR]: [0mThis is a error message from thread 1918-09-2026 00:29:34 [38;5;009m[ERROR]: [0mThis is a error message from thread 718-09-2026 00:29:34 [38;5;117m[DEBUG]: [0mThis is a debug message from thread 318-09-2026 00:29:34 [38;5;117m[DEBUG]: [0mThis is a debug message from thread 1518-09-2026 00:29:34 [38;5;117m[DEBUG]: [0mThis is a debug message from thread 418-09-2026 00:29:34 [38;5;015m[INFO]: [0mThis is a info message from thread 1518-09-2026 00:29:34 [38;5;015m[INFO]: [0mThis is a info message from thread 1318-09-2026 00:29:34 [38;5;009m[ERROR]: [0mThis is a error message from thread 1718-09-2026 00:29:34 [38;5;117m[DEBUG]: [0mThis is a debug message from thread 1918-09-2026 00:29:34 [38;5;015m[INFO]: [0mThis is a info message from thread 1918-09-2026 00:29:34 [38;5;117m[DEBUG]: [0mThis is a debug message from thread 718-09-2026 00:29:34 [38;5;117m[DEBUG]: [0mThis is a debug message from thread 2018-09-2026 00:29:34 [38;5;009m[ERROR]: [0mThis is a error message from thread 1218-09-2026 00:29:34 [38;5;009m[ERROR]: [0mThis is a error message from thread 1118-09-2026 00:29:34 [38;5;015m[INFO]: [0mThis is a info message from thread 218-09-2026 00:29:34 [38;5;117m[DEBUG]: [0mThis is a debug message from thread 018-09-2026 00:29:34 [38;5;015m[INFO]: [0mThis is a info message from thread 2018-09-2026 00:29:34 [38;5;117m[DEBUG]: [0mThis is a debug message from thread 1718-09-2026 00:29:34 [38;5;009m[ERROR]: [0mThis is a error message from thread 1318-09-2026 00:29:34 [38;5;117m[DEBUG]: [0mThis is a debug message from thread 918-09-2026 00:29:34 [38;5;117m[DEBUG]: [0mThis is a debug message from thread 2618-09-2026 00:29:34 [38;5;009m[ERROR]: [0mThis is a error message from thread 1918-09-2026 00:29:34 [38;5;015m[INFO]: [0mThis is a info message from thread 618-09-2026 00:29:34 [38;5;009m[ERROR]: [0mThis is a error message from thread 2018-09-2026 00:29:34 [38;5;015m[INFO]: [0mThis is a info message from thread 2618-09-2026 00:29:34 [38;5;009m[ERROR]: [0mThis is a error message from thread 618-09-2026 00:29:34 [38;5;009m[ERROR]: [0mThis is a error message from thread 218-09-2026 00:29:34 [38;5;015m[INFO]: [0mThis is a info message from thread 2718-09-2026 00:29:34 [38;5;015m[INFO]: [0mThis is a info message from thread 518-09-2026 00:29:34 [38;5;015m[INFO]: [0mThis is a info message from thread 718-09-2026 00:29:34 [38;5;009m[ERROR]: [0mThis is a error message from thread 1818-09-2026 00:29:34 [38;5;117m[DEBUG]: [0mThis is a debug message from thread 1918-09-2026 00:29:34 [38;5;117m[DEBUG]: [0mThis is a debug message from thread 1218-09-2026 00:29:34 [38;5;117m[DEBUG]: [0mThis is a debug message from thread 618-09-2026 00:29:34 [38;5;117m[DEBUG]: [0mThis is a debug message from thread 2418-09-2026 00:29:34 [38;5;009m[ERROR]: [0mThis is a error message from thread 2218-09-2026 00:29:34 [38;5;009m[ERROR]: [0mThis is a error message from thread 2618-09-2026 00:29:34 [38;5;015m[INFO]: [0mThis is a info message from thread 918-09-2026 00:29:34 [38;5;117m[DEBUG]: [0mThis is a debug message from thread 2218-09-2026 00:29:34 [38;5;015m[INFO]: [0mThis is a info message from thread 2218-09-2026 00:29:34 [38;5;009m[ERROR]: [0mThis is a error message from thread 2718-09-2026 00:29:34 [38;5;117m[DEBUG]: [0mThis is a debug message from thread 2618-09-2026 00:29:34 [38;5;015m[INFO]: [0mThis is a info message from thread 618-09-2026 00:29:34 [38;5;009m[ERROR]: [0mThis is a error message from thread 918-09-2026 00:29:34 [38;5;009m[ERROR]: [0mThis is a error message from thread 618-09-2026 00:29:34 [38;5;015m[INFO]: [0mThis is a info message from thread 1918-09-2026 00:29:34 [38;5;117m[DEBUG]: [0mThis is a debug message from thread 2918-09-2026 00:29:34 [38;5;117m[DEBUG]: [0mThis is a debug message from thread 618-09-2026 00:29:34 [38;5;015m[INFO]: [0mThis is a info message from thread 618-09-2026 00:29:34 [38;5;009m[ERROR]: [0mThis is a error message from thread 2218-09-2026 00:29:34 [38;5;117m[DEBUG]: [0mThis is a debug message from thread 918-09-2026 00:29:34 [38;5;015m[INFO]: [0mThis is a info message from thread 2918-09-2026 00:29:34 [38;5;117m[DEBUG]: [0mThis is a debug message from thread 2218-09-2026 00:29:34 [38;5;009m[ERROR]: [0mThis is a error message from thread 618-09-2026 00:29:34 [38;5;015m[INFO]: [0mThis is a info message from thread 2418-09-2026 00:29:34 [38;5;117m[DEBUG]: [0mThis is a debug message from thread 618-09-2026 00:29:34 [38;5;015m[INFO]: [0mThis is a info message from thread 918-09-2026 00:29:34 [38;5;009m[ERROR]: [0mThis is a error message from thread 2918-09-2026 00:29:34 [38;5;015m[INFO]: [0mThis is a info message from thread 618-09-2026 00:29:34 [38;5;117m[DEBUG]: [0mThis is a debug message from thread 2918-09-2026 00:29:34 [38;5;015m[INFO]: [0mThis is a info message from thread 1218-09-2026 00:29:34 [38;5;117m[DEBUG]: [0mThis is a debug message from thread 1818-09-2026 00:29:34 [38;5;117m[DEBUG]: [0mThis is a debug message from thread 2318-09-2026 00:29:34 [38;5;009m[ERROR]: [0mThis is a error message from thread 618-09-2026 00:29:34 [38;5;009m[ERROR]: [0mThis is a error message from thread 1518-09-2026 00:29:34 [38;5;009m[ERROR]: [0mThis is a error message from thread 2518-09-2026 00:29:34 [38;5;009m[ERROR]: [0mThis is a error message from thread 918-09-2026 00:29:34 [38;5;009m[ERROR]: [0mThis is a error message from thread 718-09-2026 00:29:34 [38;5;117m[DEBUG]: [0mThis is a debug message from thread 2718-09-2026 00:29:34 [38;5;009m[ERROR]: [0mThis is a error message from thread 818-09-2026 00:29:34 [38;5;015m[INFO]: [0mThis is a info message from thread 418-09-2026 00:29:34 [38;5;009m[ERROR]: [0mThis is a error message from thread 518-09-2026 00:29:34 [38;5;117m[DEBUG]: [0mThis is a debug message from thread 818-09-2026 00:29:34 [38;5;015m[INFO]: [0mThis is a info message from thread 2318-09-2026 00:29:34 [38;5;009m[ERROR]: [0mThis is a error message from thread 418-09-2026 00:29:34 [38;5;015m[INFO]: [0mThis is a info message from thread 2818-09-2026 00:29:34 [38;5;009m[ERROR]: [0mThis is a error message from thread 1218-09-2026 00:29:34 [38;5;117m[DEBUG]: [0mThis is a debug message from thread 1518-09-2026 00:29:34 [38;5;117m[DEBUG]: [0mThis is a debug message from thread 2518-09-2026 00:29:34 [38;5;117m[DEBUG]: [0mThis is a debug message from thread 918-09-2026 00:29:34 [38;5;117m[DEBUG]: [0mThis is a debug message from thread 418-09-2026 00:29:34 [38;5;015m[INFO]: [0mThis is a info message from thread 318-09-2026 00:29:34 [38;5;009m[ERROR]: [0mThis is a error message from thread 318-09-2026 00:29:34 [38;5;015m[INFO]: [0mThis is a info message from thread 418-09-2026 00:29:34 [38;5;015m[INFO]: [0mThis is a info message from thread 1618-09-2026 00:29:34 [38;5;015m[INFO]: [0mThis is a info message from thread 1818-09-2026 00:29:34 [38;5;009m[ERROR]: [0mThis is a error message from thread 418-09-2026 00:29:34 [38;5;117m[DEBUG]: [0mThis is a debug message from thread 318-09-2026 00:29:34 [38;5;015m[INFO]: [0mThis is a info message from thread 2518-09-2026 00:29:34 [38;5;015m[INFO]: [0mThis is a info message from thread 1518-09-2026 00:29:34 [38;5;117m[DEBUG]: [0mThis is a debug message from thread 618-09-2026 00:29:34 [38;5;117m[DEBUG]: [0mThis is a debug message from thread 718-09-2026 00:29:34 [38;5;015m[INFO]: [0mThis is a info message from thread 1718-09-2026 00:29:34 [38;5;015m[INFO]: [0mThis is a info message from thread 818-09-2026 00:29:34 [38;5;117m[DEBUG]: [0mThis is a debug message from thread 1218-09-2026 00:29:34 [38;5;009m[ERROR]: [0mThis is a error message from thread 1518-09-2026 00:29:34 [38;5;015m[INFO]: [0mThis is a info message from thread 318-09-2026 00:29:34 [38;5;117m[DEBUG]: [0mThis is a debug message from thread 218-09-2026 00:29:34 [38;5;117m[DEBUG]: [0mThis is a debug message from thread 1518-09-2026 00:29:34 [38;5;117m[DEBUG]: [0mThis is a debug message from thread 1118-09-2026 00:29:34 [38;5;015m[INFO]: [0mThis is a info message from thread 718-09-2026 00:29:34 [38;5;009m[ERROR]: [0mThis is a error message from thread 1818-09-2026 00:29:34 [38;5;117m[DEBUG]: [0mThis is a debug message from thread 2018-09-2026 00:29:34 [38;5;015m[INFO]: [0mThis is a info message from thread 218-09-2026 00:29:34 [38;5;015m[INFO]: [0mThis is a info message from thread 1118-09-2026 00:29:34 [38;5;009m[ERROR]: [0mThis is a error message from thread 318-09-2026 00:29:34 [38;5;117m[DEBUG]: [0mThis is a debug message from thread 318-09-2026 00:29:34 [38;5;015m[INFO]: [0mThis is a info message from thread 1518-09-2026 00:29:34 [38;5;009m[ERROR]: [0mThis is a error message from thread 1118-09-2026 00:29:34 [38;5;117m[DEBUG]: [0mThis is a debug message from thread 1118-09-2026 00:29:34 [38;5;015m[INFO]: [0mThis is a info message from thread 2018-09-2026 00:29:34 [38;5;009m[ERROR]: [0mThis is a error message from thread 218-09-2026 00:29:34 [38;5;015m[INFO]: [0mThis is a info message from thread 2918-09-2026 00:29:34 [38;5;009m[ERROR]: [0mThis is a error message from thread 1918-09-2026 00:29:34 [38;5;015m[INFO]: [0mThis is a info message from thread 618-09-2026 00:29:34 [38;5;009m[ERROR]: [0mThis is a error message from thread 718-09-2026 00:29:34 [38;5;015m[INFO]: [0mThis is a info message from thread 1218-09-2026 00:29:34 [38;5;015m[INFO]: [0mThis is a info message from thread 2718-09-2026 00:29:34 [38;5;015m[INFO]: [0mThis is a info message from thread 2618-09-2026 00:29:34 [38;5;117m[DEBUG]: [0mThis is a debug message from thread 1918-09-2026 00:29:34 [38;5;117m[DEBUG]: [0mThis is a debug message from thread 218-09-2026 00:29:34 [38;5;117m[DEBUG]: [0mThis is a debug message from thread 1018-09-2026 00:29:34 [38;5;015m[INFO]: [0mThis is a info message from thread 218-09-2026 00:29:34 [38;5;009m[ERROR]: [0mThis is a error message from thread 2918-09-2026 00:29:34 [38;5;009m[ERROR]: [0mThis is a error message from thread 1518-09-2026 00:29:34 [38;5;009m[ERROR]: [0mThis is a error message from thread 2618-09-2026 00:29:34 [38;5;117m[DEBUG]: [0mThis is a debug message from thread 2918-09-2026 00:29:34 [38;5;009m[ERROR]: [0mThis is a error message from thread 1218-09-2026 00:29:34 [38;5;117m[DEBUG]: [0mThis is a debug message from thread 1818-09-2026 00:29:34 [38;5;117m[DEBUG]: [0mThis is a debug message from thread 718-09-2026 00:29:34 [38;5;009m[ERROR]: [0mThis is a error message from thread 818-09-2026 00:29:34 [38;5;117m[DEBUG]: [0mThis is a debug message from thread 2618-09-2026 00:29:34 [38;5;009m[ERROR]: [0mThis is a error message from thread 618-09-2026 00:29:34 [38;5;015m[INFO]: [0mThis is a info message from thread 718-09-2026 00:29:34 [38;5;015m[INFO]: [0mThis is a info message from thread 1018-09-2026 00:29:34 [38;5;015m[INFO]: [0mThis is a info message from thread 2918-09-2026 00:29:34 [38;5;117m[DEBUG]: [0mThis is a debug message from thread 1218-09-2026 00:29:34 [38;5;009m[ERROR]: [0mThis is a error message from thread 2418-09-2026 00:29:34 [38;5;117m[DEBUG]: [0mThis is a debug message from thread 1518-09-2026 00:29:34 [38;5;009m[ERROR]: [0mThis is a error message from thread 718-09-2026 00:29:34 [38;5;117m[DEBUG]: [0mThis is a debug message from thread 818-09-2026 00:29:34 [38;5;117m[DEBUG]: [0mThis is a debug message from thread 718-09-2026 00:29:34 [38;5;009m[ERROR]: [0mThis is a error message from thread 1018-09-2026 00:29:34 [38;5;009m[ERROR]: [0mThis is a error message from thread 2918-09-2026 00:29:34 [38;5;015m[INFO]: [0mThis is a info message from thread 2618-09-2026 00:29:34 [38;5;117m[DEBUG]: [0mThis is a debug message from thread 618-09-2026 00:29:34 [38;5;117m[DEBUG]: [0mThis is a debug message from thread 2118-09-2026 00:29:34 [38;5;015m[INFO]: [0mThis is a info message from thread 618-09-2026 00:29:34 [38;5;009m[ERROR]: [0mThis is a error message from thread 2818-09-2026 00:29:34 [38;5;009m[ERROR]: [0mThis is a error message from thread 2618-09-2026 00:29:34 [38;5;009m[ERROR]: [0mThis is a error message from thread 2318-09-2026 00:29:34 [38;5;015m[INFO]: [0mThis is a info message from thread 718-09-2026 00:29:34 [38;5;015m[INFO]: [0mThis is a info message from thread 818-09-2026 00:29:34 [38;5;015m[INFO]: [0mThis is a info message from thread 1218-09-2026 00:29:34 [38;5;117m[DEBUG]: [0mThis is a debug message from thread 1018-09-2026 00:29:34 [38;5;015m[INFO]: [0mThis is a info message from thread 1518-09-2026 00:29:34 [38;5;117m[DEBUG]: [0mThis is a debug message from thread 2318-09-2026 00:29:34 [38;5;009m[ERROR]: [0mThis is a error message from thread 1518-09-2026 00:29:34 [38;5;117m[DEBUG]: [0mThis is a debug message from thread 2918-09-2026 00:29:34 [38;5;117m[DEBUG]: [0mThis is a debug message from thread 2618-09-2026 00:29:34 [38;5;009m[ERROR]: [0mThis is a error message from thread 718-09-2026 00:29:34 [38;5;015m[INFO]: [0mThis is a info message from thread 2318-09-2026 00:29:34 [38;5;009m[ERROR]: [0mThis is a error message from thread 1618-09-2026 00:29:34 [38;5;117m[DEBUG]: [0mThis is a debug message from thread 118-09-2026 00:29:34 [38;5;009m[ERROR]: [0mThis is a error message from thread 818-09-2026 00:29:34 [38;5;015m[INFO]: [0mThis is a info message from thread 1118-09-2026 00:29:34 [38;5;117m[DEBUG]: [0mThis is a debug message from thread 1618-09-2026 00:29:34 [38;5;015m[INFO]: [0mThis is a info message from thread 118-09-2026 00:29:34 [38;5;009m[ERROR]: [0mThis is a error message from thread 2318-09-2026 00:29:34 [38;5;015m[INFO]: [0mThis is a info message from thread 1018-09-2026 00:29:34 [38;5;117m[DEBUG]: [0mThis is a debug message from thread 1518-09-2026 00:29:34 [38;5;015m[INFO]: [0mThis is a info message from thread 1618-09-2026 00:29:34 [38;5;009m[ERROR]: [0mThis is a error message from thread 118-09-2026 00:29:34 [38;5;117m[DEBUG]: [0mThis is a debug message from thread 2318-09-2026 00:29:34 [38;5;009m[ERROR]: [0mThis is a error message from thread 1618-09-2026 00:29:34 [38;5;117m[DEBUG]: [0mThis is a debug message from thread 1618-09-2026 00:29:34 [38;5;009m[ERROR]: [0mThis is a error message from thread 1118-09-2026 00:29:34 [38;5;117m[DEBUG]: [0mThis is a debug message from thread 118-09-2026 00:29:34 [38;5;015m[INFO]: [0mThis is a info message from thread 1618-09-2026 00:29:34 [38;5;117m[DEBUG]: [0mThis is a debug message from thread 718-09-2026 00:29:34 [38;5;009m[ERROR]: [0mThis is a error message from thread 618-09-2026 00:29:34 [38;5;015m[INFO]: [0mThis is a info message from thread 118-09-2026 00:29:34 [38;5;009m[ERROR]: [0mThis is a error message from thread 1218-09-2026 00:29:34 [38;5;015m[INFO]: [0mThis is a info message from thread 718-09-2026 00:29:34 [38;5;015m[INFO]: [0mThis is a info message from thread 2318-09-2026 00:29:34 [38;5;117m[DEBUG]: [0mThis is a debug message from thread 1118-09-2026 00:29:34 [38;5;009m[ERROR]: [0mThis is a error message from thread 1618-09-2026 00:29:34 [38;5;009m[ERROR]: [0mThis is a error message from thread 2018-09-2026 00:29:34 [38;5;009m[ERROR]: [0mThis is a error message from thread 118-09-2026 00:29:34 [38;5;015m[INFO]: [0mThis is a info message from thread 318-09-2026 00:29:34 [38;5;015m[INFO]: [0mThis is a info message from thread 1518-09-2026 00:29:34 [38;5;015m[INFO]: [0mThis is a info message from thread 1818-09-2026 00:29:34 [38;5;009m[ERROR]: [0mThis is a error message from thread 718-09-2026 00:29:34 [38;5;015m[INFO]: [0mThis is a info message from thread 2218-09-2026 00:29:34 [38;5;117m[DEBUG]: [0mThis is a debug message from thread 518-09-2026 00:29:34 [38;5;009m[ERROR]: [0mThis is a error message from thread 318-09-2026 00:29:34 [38;5;009m[ERROR]: [0mThis is a error message from thread 1418-09-2026 00:29:34 [38;5;009m[ERROR]: [0mThis is a error message from thread 2218-09-2026 00:29:34 [38;5;117m[DEBUG]: [0mThis is a debug message from thread 318-09-2026 00:29:34 [38;5;117m[DEBUG]: [0mThis is a debug message from thread 2218-09-2026 00:29:34 [38;5;009m[ERROR]: [0mThis is a error message from thread 2518-09-2026 00:29:34 [38;5;117m[DEBUG]: [0mThis is a debug message from thread 618-09-2026 00:29:34 [38;5;009m[ERROR]: [0mThis is a error message from thread 1018-09-2026 00:29:34 [38;5;117m[DEBUG]: [0mThis is a debug message from thread 718-09-2026 00:29:34 [38;5;015m[INFO]: [0mThis is a info message from thread 718-09-2026 00:29:34 [38;5;015m[INFO]: [0mThis is a info message from thread 618-09-2026 00:29:34 [38;5;117m[DEBUG]: [0mThis is a debug message from thread 118-09-2026 00:29:34 [38;5;015m[INFO]: [0mThis is a info message from thread 2218-09-2026 00:29:34 [38;5;009m[ERROR]: [0mThis is a error message from thread 1818-09-2026 00:29:34 [38;5;009m[ERROR]: [0mThis is a error message from thread 1518-09-2026 00:29:34 [38;5;015m[INFO]: [0mThis is a info message from thread 318-09-2026 00:29:34 [38;5;015m[INFO]: [0mThis is a info message from thread 118-09-2026 00:29:34 [38;5;009m[ERROR]: [0mThis is a error message from thread 2218-09-2026 00:29:34 [38;5;009m[ERROR]: [0mThis is a error message from thread 618-09-2026 00:29:34 [38;5;015m[INFO]: [0mThis is a info message from thread 018-09-2026 00:29:34 [38;5;015m[INFO]: [0mThis is a info message from thread 2918-09-2026 00:29:34 [38;5;117m[DEBUG]: [0mThis is a debug message from thread 2018-09-2026 00:29:34 [38;5;009m[ERROR]: [0mThis is a error message from thread 218-09-2026 00:29:34 [38;5;117m[DEBUG]: [0mThis is a debug message from thread 2818-09-2026 00:29:34 [38;5;117m[DEBUG]: [0mThis is a debug message from thread 1018-09-2026 00:29:34 [38;5;009m[ERROR]: [0mThis is a error message from thread 018-09-2026 00:29:34 [38;5;117m[DEBUG]: [0mThis is a debug message from thread 1518-09-2026 00:29:34 [38;5;009m[ERROR]: [0mThis is a error message from thread 118-09-2026 00:29:34 [38;5;015m[INFO]: [0mThis is a info message from thread 918-09-2026 00:29:34 [38;5;117m[DEBUG]: [0mThis is a debug message from thread 118-09-2026 00:29:34 [38;5;009m[ERROR]: [0mThis is a error message from thread 2918-09-2026 00:29:34 [38;5;015m[INFO]: [0mThis is a info message from thread 118-09-2026 00:29:34 [38;5;009m[ERROR]: [0mThis is a error message from thread 918-09-2026 00:29:34 [38;5;117m[DEBUG]: [0mThis is a debug message from thread 918-09-2026 00:29:34 [38;5;009m[ERROR]: [0mThis is a error message from thread 118-09-2026 00:29:34 [38;5;117m[DEBUG]: [0mThis is a debug message from thread 2218-09-2026 00:29:34 [38;5;117m[DEBUG]: [0mThis is a debug message from thread 118-09-2026 00:29:34 [38;5;015m[INFO]: [0mThis is a info message from thread 1518-09-2026 00:29:34 [38;5;015m[INFO]: [0mThis is a info message from thread 2218-09-2026 00:29:34 [38;5;015m[INFO]: [0mThis is a info message from thread 118-09-2026 00:29:34 [38;5;015m[INFO]: [0mThis is a info message from thread 918-09-2026 00:29:34 [38;5;117m[DEBUG]: [0mThis is a debug message from thread 218-09-2026 00:29:34 [38;5;015m[INFO]: [0mThis is a info message from thread 518-09-2026 00:29:34 [38;5;009m[ERROR]: [0mThis is a error message from thread 2218-09-2026 00:29:34 [38;5;009m[ERROR]: [0mThis is a error message from thread 118-09-2026 00:29:34 [38;5;015m[INFO]: [0mThis is a info message from thread 2018-09-2026 00:29:34 [38;5;009m[ERROR]: [0mThis is a error message from thread 918-09-2026 00:29:34 [38;5;117m[DEBUG]: [0mThis is a debug message from thread 118-09-2026 00:29:34 [38;5;117m[DEBUG]: [0mThis is a debug message from thread 2918-09-2026 00:29:34 [38;5;015m[INFO]: [0mThis is a info message from thread 118-09-2026 00:29:34 [38;5;015m[INFO]: [0mThis is a info message from thread 2918-09-2026 00:29:34 [38;5;009m[ERROR]: [0mThis is a error message from thread 1518-09-2026 00:29:34 [38;5;117m[DEBUG]: [0mThis is a debug message from thread 418-09-2026 00:29:34 [38;5;117m[DEBUG]: [0mThis is a debug message from thread 018-09-2026 00:29:34 [38;5;009m[ERROR]: [0mThis is a error message from thread 2018-09-2026 00:29:34 [38;5;015m[INFO]: [0mThis is a info message from thread 1018-09-2026 00:29:34 [38;5;009m[ERROR]: [0mThis is a error message from thread 118-09-2026 00:29:34 [38;5;015m[INFO]: [0mThis is a info message from thread 2118-09-2026 00:29:34 [38;5;015m[INFO]: [0mThis is a info message from thread 218-09-2026 00:29:34 [38;5;117m[DEBUG]: [0mThis is a debug message from thread 1318-09-2026 00:29:34 [38;5;015m[INFO]: [0mThis is a info message from thread 418-09-2026 00:29:34 [38;5;117m[DEBUG]: [0mThis is a debug message from thread 118-09-2026 00:29:34 [38;5;015m[INFO]: [0mThis is a info message from thread 118-09-2026 00:29:34 [38;5;015m[INFO]: [0mThis is a info message from thread 1318-09-2026 00:29:34 [38;5;117m[DEBUG]: [0mThis is a debug message from thread 618-09-2026 00:29:34 [38;5;117m[DEBUG]: [0mThis is a debug message from thread 2418-09-2026 00:29:34 [38;5;009m[ERROR]: [0mThis is a error message from thread 2918-09-2026 00:29:34 [38;5;009m[ERROR]: [0mThis is a error message from thread 518-09-2026 00:29:34 [38;5;009m[ERROR]: [0mThis is a error message from thread 218-09-2026 00:29:34 [38;5;009m[ERROR]: [0mThis is a error message from thread 1718-09-2026 00:29:34 [38;5;009m[ERROR]: [0mThis is a error message from thread 2118-09-2026 00:29:34 [38;5;009m[ERROR]: [0mThis is a error message from thread 2718-09-2026 00:29:34 [38;5;009m[ERROR]: [0mThis is a error message from thread 118-09-2026 00:29:34 [38;5;009m[ERROR]: [0mThis is a error message from thread 318-09-2026 00:29:34 [38;5;009m[ERROR]: [0mThis is a error message from thread 1018-09-2026 00:29:34 [38;5;117m[DEBUG]: [0mThis is a debug message from thread 1418-09-2026 00:29:34 [38;5;009m[ERROR]: [0mThis is a error message from thread 418-09-2026 00:29:34 [38;5;117m[DEBUG]: [0mThis is a debug message from thread 2718-09-2026 00:29:34 [38;5;117m[DEBUG]: [0mThis is a debug message from thread 118-09-2026 00:29:34 [38;5;015m[INFO]: [0mThis is a info message from thread 2718-09-2026 00:29:34 [38;5;117m[DEBUG]: [0mThis is a debug message from thread 1618-09-2026 00:29:34 [38;5;117m[DEBUG]: [0mThis is a debug message from thread 2518-09-2026 00:29:34 [38;5;117m[DEBUG]: [0mThis is a debug message from thread 218-09-2026 00:29:34 [38;5;117m[DEBUG]: [0mThis is a debug message from thread 2118-09-2026 00:29:34 [38;5;015m[INFO]: [0mThis is a info message from thread 2518-09-2026 00:29:34 [38;5;117m[DEBUG]: [0mThis is a debug message from thread 318-09-2026 00:29:34 [38;5;117m[DEBUG]: [0mThis is a debug message from thread 1218-09-2026 00:29:34 [38;5;117m[DEBUG]: [0mThis is a debug message from thread 1018-09-2026 00:29:34 [38;5;015m[INFO]: [0mThis is a info message from thread 1618-09-2026 00:29:34 [38;5;015m[INFO]: [0mThis is a info message from thread 218-09-2026 00:29:34 [38;5;009m[ERROR]: [0mThis is a error message from thread 2318-09-2026 00:29:34 [38;5;117m[DEBUG]: [0mThis is a debug message from thread 1718-09-2026 00:29:34 [38;5;117m[DEBUG]: [0mThis is a debug message from thread 1518-09-2026 00:29:34 [38;5;117m[DEBUG]: [0mThis is a debug message from thread 418-09-2026 00:29:34 [38;5;015m[INFO]: [0mThis is a info message from thread 1718-09-2026 00:29:34 [38;5;015m[INFO]: [0mThis is a info message from thread 318-09-2026 00:29:34 [38;5;015m[INFO]: [0mThis is a info message from thread 1918-09-2026 00:29:34 [38;5;009m[ERROR]: [0mThis is a error message from thread 1618-09-2026 00:29:34 [38;5;009m[ERROR]: [0mThis is a error message from thread 718-09-2026 00:29:34 [38;5;009m[ERROR]: [0mThis is a error message from thread 2718-09-2026 00:29:34 [38;5;117m[DEBUG]: [0mThis is a debug message from thread 718-09-2026 00:29:34 [38;5;009m[ERROR]: [0mThis is a error message from thread 1918-09-2026 00:29:34 [38;5;015m[INFO]: [0mThis is a info message from thread 1518-09-2026 00:29:34 [38;5;015m[INFO]: [0mThis is a info message from thread 1018-09-2026 00:29:34 [38;5;117m[DEBUG]: [0mThis is a debug message from thread 2718-09-2026 00:29:34 [38;5;009m[ERROR]: [0mThis is a error message from thread 1018-09-2026 00:29:34 [38;5;009m[ERROR]: [0mThis is a error message from thread 218-09-2026 00:29:34 [38;5;015m[INFO]: [0mThis is a info message from thread 2718-09-2026 00:29:34 [38;5;009m[ERROR]: [0mThis is a error message from thread 318-09-2026 00:29:34 [38;5;015m[INFO]: [0mThis is a info message from thread 2118-09-2026 00:29:34 [38;5;117m[DEBUG]: [0mThis is a debug message from thread 518-09-2026 00:29:34 [38;5;117m[DEBUG]: [0mThis is a debug message from thread 1818-09-2026 00:29:34 [38;5;117m[DEBUG]: [0mThis is a debug message from thread 218-09-2026 00:29:34 [38;5;015m[INFO]: [0mThis is a info message from thread 2818-09-2026 00:29:34 [38;5;117m[DEBUG]: [0mThis is a debug message from thread 2218-09-2026 00:29:34 [38;5;117m[DEBUG]: [0mThis is a debug message from thread 1018-09-2026 00:29:34 [38;5;009m[ERROR]: [0mThis is a error message from thread 2718-09-2026 00:29:34 [38;5;117m[DEBUG]: [0mThis is a debug message from thread 918-09-2026 00:29:34 [38;5;009m[ERROR]: [0mThis is a error message from thread 1318-09-2026 00:29:34 [38;5;117m[DEBUG]: [0mThis is a debug message from thread 2018-09-2026 00:29:34 [38;5;015m[INFO]: [0mThis is a info message from thread 1118-09-2026 00:29:34 [38;5;015m[INFO]: [0mThis is a info message from thread 018-09-2026 00:29:34 [38;5;015m[INFO]: [0mThis is a info message from thread 2418-09-2026 00:29:34 [38;5;009m[ERROR]: [0mThis is a error message from thread 2518-09-2026 00:29:34 [38;5;015m[INFO]: [0mThis is a info message from thread 718-09-2026 00:29:34 [38;5;117m[DEBUG]: [0mThis is a debug message from thread 1918-09-2026 00:29:34 [38;5;015m[INFO]: [0mThis is a info message from thread 1418-09-2026 00:29:34 [38;5;015m[INFO]: [0mThis is a info message from thread 518-09-2026 00:29:34 [38;5;015m[INFO]: [0mThis is a info message from thread 618-09-2026 00:29:34 [38;5;009m[ERROR]: [0mThis is a error message from thread 018-09-2026 00:29:34 [38;5;117m[DEBUG]: [0mThis is a debug message from thread 318-09-2026 00:29:34 [38;5;117m[DEBUG]: [0mThis is a debug message from thread 2518-09-2026 00:29:34 [38;5;117m[DEBUG]: [0mThis is a debug message from thread 1318-09-2026 00:29:34 [38;5;009m[ERROR]: [0mThis is a error message from thread 1118-09-2026 00:29:34 [38;5;009m[ERROR]: [0mThis is a error message from thread 2818-09-2026 00:29:34 [38;5;015m[INFO]: [0mThis is a info message from thread 2018-09-2026 00:29:34 [38;5;009m[ERROR]: [0mThis is a error message from thread 718-09-2026 00:29:34 [38;5;117m[DEBUG]: [0mThis is a debug message from thread 018-09-2026 00:29:34 [38;5;009m[ERROR]: [0mThis is a error message from thread 1418-09-2026 00:29:34 [38;5;009m[ERROR]: [0mThis is a error message from thread 2018-09-2026 00:29:34 [38;5;015m[INFO]: [0mThis is a info message from thread 018-09-2026 00:29:34 [38;5;009m[ERROR]: [0mThis is a error message from thread 018-09-2026 00:29:34 [38;5;117m[DEBUG]: [0mThis is a debug message from thread 1118-09-2026 00:29:34 [38;5;117m[DEBUG]: [0mThis is a debug message from thread 2018-09-2026 00:29:34 [38;5;117m[DEBUG]: [0mThis is a debug message from thread 2818-09-2026 00:29:34 [38;5;015m[INFO]: [0mThis is a info message from thread 2518-09-2026 00:29:34 [38;5;117m[DEBUG]: [0mThis is a debug message from thread 718-09-2026 00:29:34 [38;5;009m[ERROR]: [0mThis is a error message from thread 2518-09-2026 00:29:34 [38;5;015m[INFO]: [0mThis is a info message from thread 1318-09-2026 00:29:34 [38;5;015m[INFO]: [0mThis is a info message from thread 718-09-2026 00:29:34 [38;5;015m[INFO]: [0mThis is a info message from thread 2018-09-2026 00:29:34 [38;5;009m[ERROR]: [0mThis is a error message from thread 718-09-2026 00:29:34 [38;5;015m[INFO]: [0mThis is a info message from thread 2818-09-2026 00:29:34 [38;5;015m[INFO]: [0mThis is a info message from thread 1918-09-2026 00:29:34 [38;5;009m[ERROR]: [0mThis is a error message from thread 2118-09-2026 00:29:34 [38;5;015m[INFO]: [0mThis is a info message from thread 1118-09-2026 00:29:34 [38;5;015m[INFO]: [0mThis is a info message from thread 2218-09-2026 00:29:34 [38;5;009m[ERROR]: [0mThis is a error message from thread 1318-09-2026 00:29:34 [38;5;117m[DEBUG]: [0mThis is a debug message from thread 1418-09-2026 00:29:34 [38;5;009m[ERROR]: [0mThis is a error message from thread 2018-09-2026 00:29:34 [38;5;117m[DEBUG]: [0mThis is a debug message from thread 2018-09-2026 00:29:34 [38;5;117m[DEBUG]: [0mThis is a debug message from thread 2118-09-2026 00:29:34 [38;5;009m[ERROR]: [0mThis is a error message from thread 2218-09-2026 00:29:34 [38;5;009m[ERROR]: [0mThis is a error message from thread 2818-09-2026 00:29:34 [38;5;117m[DEBUG]: [0mThis is a debug message from thread 718-09-2026 00:29:34 [38;5;009m[ERROR]: [0mThis is a error message from thread 518-09-2026 00:29:34 [38;5;015m[INFO]: [0mThis is a info message from thread 1418-09-2026 00:29:34 [38;5;117m[DEBUG]: [0mThis is a debug message from thread 2818-09-2026 00:29:34 [38;5;015m[INFO]: [0mThis is a info message from thread 718-09-2026 00:29:34 [38;5;117m[DEBUG]: [0mThis is a debug message from thread 2918-09-2026 00:29:34 [38;5;117m[DEBUG]: [0mThis is a debug message from thread 818-09-2026 00:29:34 [38;5;009m[ERROR]: [0mThis is a error message from thread 1118-09-2026 00:29:34 [38;5;117m[DEBUG]: [0mThis is a debug message from thread 1618-09-2026 00:29:34 [38;5;015m[INFO]: [0mThis is a info message from thread 2818-09-2026 00:29:34 [38;5;009m[ERROR]: [0mThis is a error message from thread 718-09-2026 00:29:34 [38;5;015m[INFO]: [0mThis is a info message from thread 218-09-2026 00:29:34 [38;5;117m[DEBUG]: [0mThis is a debug message from thread 1318-09-2026 00:29:34 [38;5;117m[DEBUG]: [0mThis is a debug message from thread 2218-09-2026 00:29:34 [38;5;015m[INFO]: [0mThis is a info message from thread 2018-09-2026 00:29:34 [38;5;015m[INFO]: [0mThis is a info message from thread 2218-09-2026 00:29:34 [38;5;009m[ERROR]: [0mThis is a error message from thread 2418-09-2026 00:29:34 [38;5;015m[INFO]: [0mThis is a info message from thread 2118-09-2026 00:29:34 [38;5;015m[INFO]: [0mThis is a info message from thread 1318-09-2026 00:29:34 [38;5;015m[INFO]: [0mThis is a info message from thread 2918-09-2026 00:29:34 [38;5;117m[DEBUG]: [0mThis is a debug message from thread 1118-09-2026 00:29:34 [38;5;117m[DEBUG]: [0mThis is a debug message from thread 2718-09-2026 00:29:34 [38;5;117m[DEBUG]: [0mThis is a debug message from thread 2418-09-2026 00:29:34 [38;5;009m[ERROR]: [0mThis is a error message from thread 1918-09-2026 00:29:34 [38;5;015m[INFO]: [0mThis is a info message from thread 918-09-2026 00:29:34 [38;5;015m[INFO]: [0mThis is a info message from thread 418-09-2026 00:29:34 [38;5;117m[DEBUG]: [0mThis is a debug message from thread 518-09-2026 00:29:34 [38;5;009m[ERROR]: [0mThis is a error message from thread 2818-09-2026 00:29:34 [38;5;015m[INFO]: [0mThis is a info message from thread 1018-09-2026 00:29:34 [38;5;015m[INFO]: [0mThis is a info message from thread 1218-09-2026 00:29:34 [38;5;015m[INFO]: [0mThis is a info message from thread 2618-09-2026 00:29:34 [38;5;117m[DEBUG]: [0mThis is a debug message from thread 1918-09-2026 00:29:34 [38;5;117m[DEBUG]: [0mThis is a debug message from thread 2318-09-2026 00:29:34 [38;5;009m[ERROR]: [0mThis is a error message from thread 1718-09-2026 00:29:34 [38;5;009m[ERROR]: [0mThis is a error message from thread 418-09-2026 00:29:34 [38;5;015m[INFO]: [0mThis is a info message from thread 1918-09-2026 00:29:34 [38;5;009m[ERROR]: [0mThis is a error message from thread 918-09-2026 00:29:34 [38;5;117m[DEBUG]: [0mThis is a debug message from thread 1718-09-2026 00:29:34 [38;5;117m[DEBUG]: [0mThis is a debug message from thread 2818-09-2026 00:29:34 [38;5;009m[ERROR]: [0mThis is a error message from thread 1918-09-2026 00:29:34 [38;5;009m[ERROR]: [0mThis is a error message from thread 1518-09-2026 00:29:34 [38;5;009m[ERROR]: [0mThis is a error message from thread 1018-09-2026 00:29:34 [38;5;117m[DEBUG]: [0mThis is a debug message from thread 1918-09-2026 00:29:34 [38;5;117m[DEBUG]: [0mThis is a debug message from thread 018-09-2026 00:29:34 [38;5;117m[DEBUG]: [0mThis is a debug message from thread 918-09-2026 00:29:34 [38;5;117m[DEBUG]: [0mThis is a debug message from thread 418-09-2026 00:29:34 [38;5;015m[INFO]: [0mThis is a info message from thread 1718-09-2026 00:29:34 [38;5;009m[ERROR]: [0mThis is a error message from thread 1218-09-2026 00:29:34 [38;5;117m[DEBUG]: [0mThis is a debug message from thread 2518-09-2026 00:29:34 [38;5;015m[INFO]: [0mThis is a info message from thread 2318-09-2026 00:29:34 [38;5;015m[INFO]: [0mThis is a info message from thread 318-09-2026 00:29:34 [38;5;015m[INFO]: [0mThis is a info message from thread 1618-09-2026 00:29:34 [38;5;009m[ERROR]: [0mThis is a error message from thread 2018-09-2026 00:29:34 [38;5;015m[INFO]: [0mThis is a info message from thread 918-09-2026 00:29:34 [38;5;117m[DEBUG]: [0mThis is a debug message from thread 1518-09-2026 00:29:34 [38;5;117m[DEBUG]: [0mThis is a debug message from thread 1218-09-2026 00:29:34 [38;5;015m[INFO]: [0mThis is a info message from thread 1918-09-2026 00:29:34 [38;5;015m[INFO]: [0mThis is a info message from thread 1518-09-2026 00:29:34 [38;5;015m[INFO]: [0mThis is a info message from thread 818-09-2026 00:29:34 [38;5;009m[ERROR]: [0mThis is a error message from thread 218-09-2026 00:29:34 [38;5;015m[INFO]: [0mThis is a info message from thread 518-09-2026 00:29:34 [38;5;117m[DEBUG]: [0mThis is a debug message from thread 2018-09-2026 00:29:34 [38;5;015m[INFO]: [0mThis is a info message from thread 2818-09-2026 00:29:34 [38;5;015m[INFO]: [0mThis is a info message from thread 418-09-2026 00:29:34 [38;5;015m[INFO]: [0mThis is a info message from thread 1218-09-2026 00:29:34 [38;5;117m[DEBUG]: [0mThis is a debug message from thread 718-09-2026 00:29:34 [38;5;015m[INFO]: [0mThis is a info message from thread 1118-09-2026 00:29:34 [38;5;009m[ERROR]: [0mThis is a error message from thread 1418-09-2026 00:29:34 [38;5;009m[ERROR]: [0mThis is a error message from thread 818-09-2026 00:29:34 [38;5;015m[INFO]: [0mThis is a info message from thread 118-09-2026 00:29:34 [38;5;009m[ERROR]: [0mThis is a error message from thread 2318-09-2026 00:29:34 [38;5;009m[ERROR]: [0mThis is a error message from thread 1918-09-2026 00:29:34 [38;5;009m[ERROR]: [0mThis is a error message from thread 2818-09-2026 00:29:34 [38;5;009m[ERROR]: [0mThis is a error message from thread 618-09-2026 00:29:34 [38;5;009m[ERROR]: [0mThis is a error message from thread 118-09-2026 00:29:34 [38;5;117m[DEBUG]: [0mThis is a debug message from thread 2818-09-2026 00:29:34 [38;5;009m[ERROR]: [0mThis is a error message from thread 1218-09-2026 00:29:34 [38;5;117m[DEBUG]: [0mThis is a debug message from thread 818-09-2026 00:29:34 [38;5;009m[ERROR]: [0mThis is a error message from thread 1118-09-2026 00:29:34 [38;5;117m[DEBUG]: [0mThis is a debug message from thread 1918-09-2026 00:29:34 [38;5;117m[DEBUG]: [0mThis is a debug message from thread 618-09-2026 00:29:34 [38;5;117m[DEBUG]: [0mThis is a debug message from thread 118-09-2026 00:29:34 [38;5;009m[ERROR]: [0mThis is a error message from thread 2618-09-2026 00:29:34 [38;5;015m[INFO]: [0mThis is a info message from thread 2818-09-2026 00:29:34 [38;5;015m[INFO]: [0mThis is a info message from thread 118-09-2026 00:29:34 [38;5;015m[INFO]: [0mThis is a info message from thread 718-09-2026 00:29:34 [38;5;015m[INFO]: [0mThis is a info message from thread 818-09-2026 00:29:34 [38;5;009m[ERROR]: [0mThis is a error message from thread 118-09-2026 00:29:34 [38;5;015m[INFO]: [0mThis is a info message from thread 618-09-2026 00:29:34 [38;5;009m[ERROR]: [0mThis is a error message from thread 2818-09-2026 00:29:34 [38;5;009m[ERROR]: [0mThis is a error message from thread 418-09-2026 00:29:34 [38;5;117m[DEBUG]: [0mThis is a debug message from thread 1018-09-2026 00:29:34 [38;5;009m[ERROR]: [0mThis is a error message from thread 718-09-2026 00:29:34 [38;5;009m[ERROR]: [0mThis is a error message from thread 2218-09-2026 00:29:34 [38;5;117m[DEBUG]: [0mThis is a debug message from thread 1218-09-2026 00:29:34 [38;5;015m[INFO]: [0mThis is a info message from thread 1018-09-2026 00:29:34 [38;5;117m[DEBUG]: [0mThis is a debug message from thread 2618-09-2026 00:29:34 [38;5;015m[INFO]: [0mThis is a info message from thread 1918-09-2026 00:29:34 [38;5;009m[ERROR]: [0mThis is a error message from thread 818-09-2026 00:29:34 [38;5;015m[INFO]: [0mThis is a info message from thread 018-09-2026 00:29:34 [38;5;009m[ERROR]: [0mThis is a error message from thread 618-09-2026 00:29:34 [38;5;015m[INFO]: [0mThis is a info message from thread 2618-09-2026 00:29:34 [38;5;015m[INFO]: [0mThis is a info message from thread 1218-09-2026 00:29:34 [38;5;009m[ERROR]: [0mThis is a error message from thread 018-09-2026 00:29:34 [38;5;117m[DEBUG]: [0mThis is a debug message from thread 2218-09-2026 00:29:34 [38;5;117m[DEBUG]: [0mThis is a debug message from thread 618-09-2026 00:29:34 [38;5;009m[ERROR]: [0mThis is a error message from thread 1018-09-2026 00:29:34 [38;5;009m[ERROR]: [0mThis is a error message from thread 318-09-2026 00:29:34 [38;5;009m[ERROR]: [0mThis is a error message from thread 2618-09-2026 00:29:34 [38;5;117m[DEBUG]: [0mThis is a debug message from thread 818-09-2026 00:29:34 [38;5;015m[INFO]: [0mThis is a info message from thread 2518-09-2026 00:29:34 [38;5;117m[DEBUG]: [0mThis is a debug message from thread 718-09-2026 00:29:34 [38;5;009m[ERROR]: [0mThis is a error message from thread 518-09-2026 00:29:34 [38;5;117m[DEBUG]: [0mThis is a debug message from thread 2618-09-2026 00:29:34 [38;5;015m[INFO]: [0mThis is a info message from thread 718-09-2026 00:29:34 [38;5;117m[DEBUG]: [0mThis is a debug message from thread 1418-09-2026 00:29:34 [38;5;015m[INFO]: [0mThis is a info message from thread 1818-09-2026 00:29:34 [38;5;009m[ERROR]: [0mThis is a error message from thread 1518-09-2026 00:29:34 [38;5;117m[DEBUG]: [0mThis is a debug message from thread 418-09-2026 00:29:34 [38;5;009m[ERROR]: [0mThis is a error message from thread 2918-09-2026 00:29:34 [38;5;009m[ERROR]: [0mThis is a error message from thread 1618-09-2026 00:29:34 [38;5;009m[ERROR]: [0mThis is a error message from thread 2518-09-2026 00:29:34 [38;5;015m[INFO]: [0mThis is a info message from thread 818-09-2026 00:29:34 [38;5;009m[ERROR]: [0mThis is a error message from thread 718-09-2026 00:29:34 [38;5;117m[DEBUG]: [0mThis is a debug message from thread 2518-09-2026 00:29:34 [38;5;117m[DEBUG]: [0mThis is a debug message from thread 1018-09-2026 00:29:34 [38;5;009m[ERROR]: [0mThis is a error message from thread 1318-09-2026 00:29:34 [38;5;009m[ERROR]: [0mThis is a error message from thread 818-09-2026 00:29:34 [38;5;015m[INFO]: [0mThis is a info message from thread 2518-09-2026 00:29:34 [38;5;117m[DEBUG]: [0mThis is a debug message from thread 1318-09-2026 00:29:34 [38;5;117m[DEBUG]: [0mThis is a debug message from thread 1518-09-2026 00:29:34 [38;5;117m[DEBUG]: [0mThis is a debug message from thread 818-09-2026 00:29:34 [38;5;015m[INFO]: [0mThis is a info message from thread 2418-09-2026 00:29:34 [38;5;015m[INFO]: [0mThis is a info message from thread 2618-09-2026 00:29:34 [38;5;117m[DEBUG]: [0mThis is a debug message from thread 1118-09-2026 00:29:34 [38;5;009m[ERROR]: [0mThis is a error message from thread 2418-09-2026 00:29:34 [38;5;117m[DEBUG]: [0mThis is a debug message from thread 1618-09-2026 00:29:34 [38;5;117m[DEBUG]: [0mThis is a debug message from thread 118-09-2026 00:29:34 [38;5;009m[ERROR]: [0mThis is a error message from thread 2518-09-2026 00:29:34 [38;5;015m[INFO]: [0mThis is a info message from thread 818-09-2026 00:29:34 [38;5;015m[INFO]: [0mThis is a info message from thread 1318-09-2026 00:29:34 [38;5;015m[INFO]: [0mThis is a info message from thread 118-09-2026 00:29:34 [38;5;009m[ERROR]: [0mThis is a error message from thread 118-09-2026 00:29:34 [38;5;009m[ERROR]: [0mThis is a error message from thread 1318-09-2026 00:29:34 [38;5;009m[ERROR]: [0mThis is a error message from thread 2618-09-2026 00:29:34 [38;5;117m[DEBUG]: [0mThis is a debug message from thread 1318-09-2026 00:29:34 [38;5;015m[INFO]: [0mThis is a info message from thread 1018-09-2026 00:29:34 [38;5;117m[DEBUG]: [0mThis is a debug message from thread 2418-09-2026 00:29:34 [38;5;015m[INFO]: [0mThis is a info message from thread 1318-09-2026 00:29:34 [38;5;117m[DEBUG]: [0mThis is a debug message from thread 2518-09-2026 00:29:34 [38;5;015m[INFO]: [0mThis is a info message from thread 2018-09-2026 00:29:34 [38;5;117m[DEBUG]: [0mThis is a debug message from thread 2618-09-2026 00:29:34 [38;5;015m[INFO]: [0mThis is a info message from thread 1118-09-2026 00:29:34 [38;5;117m[DEBUG]: [0mThis is a debug message from thread 118-09-2026 00:29:34 [38;5;009m[ERROR]: [0mThis is a error message from thread 1318-09-2026 00:29:34 [38;5;015m[INFO]: [0mThis is a info message from thread 2218-09-2026 00:29:34 [38;5;009m[ERROR]: [0mThis is a error message from thread 1018-09-2026 00:29:34 [38;5;015m[INFO]: [0mThis is a info message from thread 2618-09-2026 00:29:34 [38;5;117m[DEBUG]: [0mThis is a debug message from thread 018-09-2026 00:29:34 [38;5;117m[DEBUG]: [0mThis is a debug message from thread 518-09-2026 00:29:34 [38;5;015m[INFO]: [0mThis is a info message from thread 118-09-2026 00:29:34 [38;5;015m[INFO]: [0mThis is a info message from thread 1618-09-2026 00:29:34 [38;5;015m[INFO]: [0mThis is a info message from thread 2718-09-2026 00:29:34 [38;5;015m[INFO]: [0mThis is a info message from thread 618-09-2026 00:29:34 [38;5;009m[ERROR]: [0mThis is a error message from thread 2118-09-2026 00:29:34 [38;5;015m[INFO]: [0mThis is a info message from thread 418-09-2026 00:29:34 [38;5;009m[ERROR]: [0mThis is a error message from thread 2618-09-2026 00:29:34 [38;5;009m[ERROR]: [0mThis is a error message from thread 418-09-2026 00:29:34 [38;5;117m[DEBUG]: [0mThis is a debug message from thread 318-09-2026 00:29:34 [38;5;009m[ERROR]: [0mThis is a error message from thread 2718-09-2026 00:29:34 [38;5;117m[DEBUG]: [0mThis is a debug message from thread 2118-09-2026 00:29:34 [38;5;009m[ERROR]: [0mThis is a error message from thread 1618-09-2026 00:29:34 [38;5;015m[INFO]: [0mThis is a info message from thread 318-09-2026 00:29:34 [38;5;117m[DEBUG]: [0mThis is a debug message from thread 418-09-2026 00:29:34 [38;5;009m[ERROR]: [0mThis is a error message from thread 318-09-2026 00:29:34 [38;5;015m[INFO]: [0mThis is a info message from thread 2118-09-2026 00:29:34 [38;5;117m[DEBUG]: [0mThis is a debug message from thread 1018-09-2026 00:29:34 [38;5;009m[ERROR]: [0mThis is a error message from thread 1718-09-2026 00:29:34 [38;5;117m[DEBUG]: [0mThis is a debug message from thread 2718-09-2026 00:29:34 [38;5;015m[INFO]: [0mThis is a info message from thread 1418-09-2026 00:29:34 [38;5;015m[INFO]: [0mThis is a info message from thread 418-09-2026 00:29:34 [38;5;015m[INFO]: [0mThis is a info message from thread 2418-09-2026 00:29:34 [38;5;009m[ERROR]: [0mThis is a error message from thread 918-09-2026 00:29:34 [38;5;117m[DEBUG]: [0mThis is a debug message from thread 2618-09-2026 00:29:34 [38;5;009m[ERROR]: [0mThis is a error message from thread 2018-09-2026 00:29:34 [38;5;015m[INFO]: [0mThis is a info message from thread 518-09-2026 00:29:34 [38;5;015m[INFO]: [0mThis is a info message from thread 2718-09-2026 00:29:34 [38;5;015m[INFO]: [0mThis is a info message from thread 1018-09-2026 00:29:34 [38;5;009m[ERROR]: [0mThis is a error message from thread 1118-09-2026 00:29:34 [38;5;117m[DEBUG]: [0mThis is a debug message from thread 2318-09-2026 00:29:34 [38;5;015m[INFO]: [0mThis is a info message from thread 2518-09-2026 00:29:34 [38;5;009m[ERROR]: [0mThis is a error message from thread 818-09-2026 00:29:34 [38;5;117m[DEBUG]: [0mThis is a debug message from thread 1318-09-2026 00:29:34 [38;5;009m[ERROR]: [0mThis is a error message from thread 418-09-2026 00:29:34 [38;5;009m[ERROR]: [0mThis is a error message from thread 2418-09-2026 00:29:34 [38;5;009m[ERROR]: [0mThis is a error message from thread 1418-09-2026 00:29:34 [38;5;009m[ERROR]: [0mThis is a error message from thread 2518-09-2026 00:29:34 [38;5;117m[DEBUG]: [0mThis is a debug message from thread 2818-09-2026 00:29:34 [38;5;015m[INFO]: [0mThis is a info message from thread 1318-09-2026 00:29:34 [38;5;015m[INFO]: [0mThis is a info message from thread 2618-09-2026 00:29:34 [38;5;015m[INFO]: [0mThis is a info message from thread 2318-09-2026 00:29:34 [38;5;009m[ERROR]: [0mThis is a error message from thread 2218-09-2026 00:29:34 [38;5;117m[DEBUG]: [0mThis is a debug message from thread 418-09-2026 00:29:34 [38;5;117m[DEBUG]: [0mThis is a debug message from thread 2418-09-2026 00:29:34 [38;5;117m[DEBUG]: [0mThis is a debug message from thread 1618-09-2026 00:29:34 [38;5;117m[DEBUG]: [0mThis is a debug message from thread 2218-09-2026 00:29:34 [38;5;015m[INFO]: [0mThis is a info message from thread 1618-09-2026 00:29:34 [38;5;015m[INFO]: [0mThis is a info message from thread 2418-09-2026 00:29:34 [38;5;009m[ERROR]: [0mThis is a error message from thread 2118-09-2026 00:29:34 [38;5;009m[ERROR]: [0mThis is a error message from thread 518-09-2026 00:29:34 [38;5;009m[ERROR]: [0mThis is a error message from thread 2318-09-2026 00:29:34 [38;5;015m[INFO]: [0mThis is a info message from thread 2818-09-2026 00:29:34 [38;5;117m[DEBUG]: [0mThis is a debug message from thread 818-09-2026 00:29:34 [38;5;117m[DEBUG]: [0mThis is a debug message from thread 2918-09-2026 00:29:34 [38;5;009m[ERROR]: [0mThis is a error message from thread 2618-09-2026 00:29:34 [38;5;117m[DEBUG]: [0mThis is a debug message from thread 1718-09-2026 00:29:34 [38;5;009m[ERROR]: [0mThis is a error message from thread 2418-09-2026 00:29:34 [38;5;009m[ERROR]: [0mThis is a error message from thread 1618-09-2026 00:29:34 [38;5;009m[ERROR]: [0mThis is a error message from thread 1218-09-2026 00:29:34 [38;5;015m[INFO]: [0mThis is a info message from thread 2218-09-2026 00:29:34 [38;5;009m[ERROR]: [0mThis is a error message from thread 1918-09-2026 00:29:34 [38;5;009m[ERROR]: [0mThis is a error message from thread 1818-09-2026 00:29:34 [38;5;117m[DEBUG]: [0mThis is a debug message from thread 2018-09-2026 00:29:34 [38;5;117m[DEBUG]: [0mThis is a debug message from thread 1918-09-2026 00:29:34 [38;5;015m[INFO]: [0mThis is a info message from thread 1918-09-2026 00:29:34 [38;5;117m[DEBUG]: [0mThis is a debug message from thread 1618-09-2026 00:29:34 [38;5;117m[DEBUG]: [0mThis is a debug message from thread 1218-09-2026 00:29:34 [38;5;009m[ERROR]: [0mThis is a error message from thread 1318-09-2026 00:29:34 [38;5;117m[DEBUG]: [0mThis is a debug message from thread 518-09-2026 00:29:34 [38;5;117m[DEBUG]: [0mThis is a debug message from thread 1318-09-2026 00:29:34 [38;5;117m[DEBUG]: [0mThis is a debug message from thread 1818-09-2026 00:29:34 [38;5;015m[INFO]: [0mThis is a info message from thread 1618-09-2026 00:29:34 [38;5;009m[ERROR]: [0mThis is a error message from thread 118-09-2026 00:29:34 [38;5;117m[DEBUG]: [0mThis is a debug message from thread 118-09-2026 00:29:34 [38;5;015m[INFO]: [0mThis is a info message from thread 1718-09-2026 00:29:34 [38;5;009m[ERROR]: [0mThis is a error message from thread 1618-09-2026 00:29:34 [38;5;009m[ERROR]: [0mThis is a error message from thread 618-09-2026 00:29:34 [38;5;015m[INFO]: [0mThis is a info message from thread 2918-09-2026 00:29:34 [38;5;009m[ERROR]: [0mThis is a error message from thread 2218-09-2026 00:29:34 [38;5;117m[DEBUG]: [0mThis is a debug message from thread 618-09-2026 00:29:34 [38;5;117m[DEBUG]: [0mThis is a debug message from thread 2418-09-2026 00:29:34 [38;5;015m[INFO]: [0mThis is a info message from thread 118-09-2026 00:29:34 [38;5;015m[INFO]: [0mThis is a info message from thread 418-09-2026 00:29:34 [38;5;015m[INFO]: [0mThis is a info message from thread 818-09-2026 00:29:34 [38;5;009m[ERROR]: [0mThis is a error message from thread 118-09-2026 00:29:34 [38;5;015m[INFO]: [0mThis is a info message from thread 2418-09-2026 00:29:34 [38;5;117m[DEBUG]: [0mThis is a debug message from thread 1618-09-2026 00:29:34 [38;5;009m[ERROR]: [0mThis is a error message from thread 818-09-2026 00:29:34 [38;5;015m[INFO]: [0mThis is a info message from thread 1318-09-2026 00:29:34 [38;5;009m[ERROR]: [0mThis is a error message from thread 1718-09-2026 00:29:34 [38;5;117m[DEBUG]: [0mThis is a debug message from thread 2218-09-2026 00:29:34 [38;5;117m[DEBUG]: [0mThis is a debug message from thread 1418-09-2026 00:29:34 [38;5;117m[DEBUG]: [0mThis is a debug message from thread 118-09-2026 00:29:34 [38;5;009m[ERROR]: [0mThis is a error message from thread 2818-09-2026 00:29:34 [38;5;009m[ERROR]: [0mThis is a error message from thread 2418-09-2026 00:29:34 [38;5;117m[DEBUG]: [0mThis is a debug message from thread 1718-09-2026 00:29:34 [38;5;117m[DEBUG]: [0mThis is a debug message from thread 2418-09-2026 00:29:34 [38;5;015m[INFO]: [0mThis is a info message from thread 1618-09-2026 00:29:34 [38;5;015m[INFO]: [0mThis is a info message from thread 1718-09-2026 00:29:34 [38;5;117m[DEBUG]: [0mThis is a debug message from thread 918-09-2026 00:29:34 [38;5;117m[DEBUG]: [0mThis is a debug message from thread 2118-09-2026 00:29:34 [38;5;117m[DEBUG]: [0mThis is a debug message from thread 218-09-2026 00:29:34 [38;5;015m[INFO]: [0mThis is a info message from thread 2118-09-2026 00:29:34 [38;5;117m[DEBUG]: [0mThis is a debug message from thread 2818-09-2026 00:29:34 [38;5;117m[DEBUG]: [0mThis is a debug message from thread 2518-09-2026 00:29:34 [38;5;009m[ERROR]: [0mThis is a error message from thread 2918-09-2026 00:29:34 [38;5;015m[INFO]: [0mThis is a info message from thread 918-09-2026 00:29:34 [38;5;117m[DEBUG]: [0mThis is a debug message from thread 318-09-2026 00:29:34 [38;5;015m[INFO]: [0mThis is a info message from thread 2818-09-2026 00:29:34 [38;5;015m[INFO]: [0mThis is a info message from thread 018-09-2026 00:29:34 [38;5;009m[ERROR]: [0mThis is a error message from thread 1618-09-2026 00:29:34 [38;5;015m[INFO]: [0mThis is a info message from thread 2418-09-2026 00:29:34 [38;5;117m[DEBUG]: [0mThis is a debug message from thread 2618-09-2026 00:29:34 [38;5;015m[INFO]: [0mThis is a info message from thread 1818-09-2026 00:29:34 [38;5;015m[INFO]: [0mThis is a info message from thread 518-09-2026 00:29:34 [38;5;015m[INFO]: [0mThis is a info message from thread 2518-09-2026 00:29:34 [38;5;015m[INFO]: [0mThis is a info message from thread 2618-09-2026 00:29:34 [38;5;009m[ERROR]: [0mThis is a error message from thread 1818-09-2026 00:29:34 [38;5;009m[ERROR]: [0mThis is a error message from thread 918-09-2026 00:29:34 [38;5;117m[DEBUG]: [0mThis is a debug message from thread 818-09-2026 00:29:34 [38;5;009m[ERROR]: [0mThis is a error message from thread 2818-09-2026 00:29:34 [38;5;009m[ERROR]: [0mThis is a error message from thread 1718-09-2026 00:29:34 [38;5;117m[DEBUG]: [0mThis is a debug message from thread 2918-09-2026 00:29:34 [38;5;117m[DEBUG]: [0mThis is a debug message from thread 1118-09-2026 00:29:34 [38;5;015m[INFO]: [0mThis is a info message from thread 318-09-2026 00:29:34 [38;5;117m[DEBUG]: [0mThis is a debug message from thread 1818-09-2026 00:29:34 [38;5;015m[INFO]: [0mThis is a info message from thread 218-09-2026 00:29:34 [38;5;015m[INFO]: [0mThis is a info message from thread 818-09-2026 00:29:34 [38;5;015m[INFO]: [0mThis is a info message from thread 1218-09-2026 00:29:34 [38;5;009m[ERROR]: [0mThis is a error message from thread 2418-09-2026 00:29:34 [38;5;009m[ERROR]: [0mThis is a error message from thread 2618-09-2026 00:29:34 [38;5;009m[ERROR]: [0mThis is a error message from thread 518-09-2026 00:29:34 [38;5;009m[ERROR]: [0mThis is a error message from thread 1918-09-2026 00:29:34 [38;5;009m[ERROR]: [0mThis is a error message from thread 1318-09-2026 00:29:34 [38;5;015m[INFO]: [0mThis is a info message from thread 1118-09-2026 00:29:34 [38;5;015m[INFO]: [0mThis is a info message from thread 2918-09-2026 00:29:34 [38;5;015m[INFO]: [0mThis is a info message from thread 118-09-2026 00:29:34 [38;5;009m[ERROR]: [0mThis is a error message from thread 218-09-2026 00:29:34 [38;5;009m[ERROR]: [0mThis is a error message from thread 418-09-2026 00:29:34 [38;5;009m[ERROR]: [0mThis is a error message from thread 318-09-2026 00:29:34 [38;5;015m[INFO]: [0mThis is a info message from thread 1818-09-2026 00:29:34 [38;5;117m[DEBUG]: [0mThis is a debug message from thread 1718-09-2026 00:29:34 [38;5;009m[ERROR]: [0mThis is a error message from thread 1818-09-2026 00:29:34 [38;5;015m[INFO]: [0mThis is a info message from thread 1418-09-2026 00:29:34 [38;5;117m[DEBUG]: [0mThis is a debug message from thread 518-09-2026 00:29:34 [38;5;117m[DEBUG]: [0mThis is a debug message from thread 2318-09-2026 00:29:34 [38;5;009m[ERROR]: [0mThis is a error message from thread 118-09-2026 00:29:34 [38;5;117m[DEBUG]: [0mThis is a debug message from thread 1818-09-2026 00:29:34 [38;5;009m[ERROR]: [0mThis is a error message from thread 2718-09-2026 00:29:34 [38;5;117m[DEBUG]: [0mThis is a debug message from thread 2818-09-2026 00:29:34 [38;5;015m[INFO]: [0mThis is a info message from thread 1818-09-2026 00:29:34 [38;5;009m[ERROR]: [0mThis is a error message from thread 018-09-2026 00:29:34 [38;5;015m[INFO]: [0mThis is a info message from thread 1518-09-2026 00:29:34 [38;5;117m[DEBUG]: [0mThis is a debug message from thread 2718-09-2026 00:29:34 [38;5;009m[ERROR]: [0mThis is a error message from thread 2118-09-2026 00:29:34 [38;5;117m[DEBUG]: [0mThis is a debug message from thread 718-09-2026 00:29:34 [38;5;009m[ERROR]: [0mThis is a error message from thread 2918-09-2026 00:29:34 [38;5;117m[DEBUG]: [0mThis is a debug message from thread 318-09-2026 00:29:34 [38;5;117m[DEBUG]: [0mThis is a debug message from thread 2118-09-2026 00:29:34 [38;5;117m[DEBUG]: [0mThis is a debug message from thread 118-09-2026 00:29:34 [38;5;009m[ERROR]: [0mThis is a error message from thread 1418-09-2026 00:29:34 [38;5;009m[ERROR]: [0mThis is a error message from thread 1218-09-2026 00:29:34 [38;5;009m[ERROR]: [0mThis is a error message from thread 1518-09-2026 00:29:34 [38;5;015m[INFO]: [0mThis is a info message from thread 2118-09-2026 00:29:34 [38;5;015m[INFO]: [0mThis is a info message from thread 2818-09-2026 00:29:34 [38;5;117m[DEBUG]: [0mThis is a debug message from thread 918-09-2026 00:29:34 [38;5;015m[INFO]: [0mThis is a info message from thread 718-09-2026 00:29:34 [38;5;009m[ERROR]: [0mThis is a error message from thread 2518-09-2026 00:29:34 [38;5;117m[DEBUG]: [0mThis is a debug message from thread 418-09-2026 00:29:34 [38;5;117m[DEBUG]: [0mThis is a debug message from thread 1218-09-2026 00:29:34 [38;5;009m[ERROR]: [0mThis is a error message from thread 2818-09-2026 00:29:34 [38;5;117m[DEBUG]: [0mThis is a debug message from thread 218-09-2026 00:29:34 [38;5;015m[INFO]: [0mThis is a info message from thread 2718-09-2026 00:29:34 [38;5;117m[DEBUG]: [0mThis is a debug message from thread 1418-09-2026 00:29:34 [38;5;009m[ERROR]: [0mThis is a error message from thread 2118-09-2026 00:29:34 [38;5;015m[INFO]: [0mThis is a info message from thread 918-09-2026 00:29:34 [38;5;009m[ERROR]: [0mThis is a error message from thread 818-09-2026 00:29:34 [38;5;015m[INFO]: [0mThis is a info message from thread 2018-09-2026 00:29:34 [38;5;117m[DEBUG]: [0mThis is a debug message from thread 2118-09-2026 00:29:34 [38;5;117m[DEBUG]: [0mThis is a debug message from thread 1918-09-2026 00:29:34 [38;5;015m[INFO]: [0mThis is a info message from thread 418-09-2026 00:29:34 [38;5;015m[INFO]: [0mThis is a info message from thread 318-09-2026 00:29:34 [38;5;015m[INFO]: [0mThis is a info message from thread 2218-09-2026 00:29:34 [38;5;117m[DEBUG]: [0mThis is a debug message from thread 2818-09-2026 00:29:34 [38;5;117m[DEBUG]: [0mThis is a debug message from thread 2618-09-2026 00:29:34 [38;5;117m[DEBUG]: [0mThis is a debug message from thread 2418-09-2026 00:29:34 [38;5;015m[INFO]: [0mThis is a info message from thread 1918-09-2026 00:29:34 [38;5;015m[INFO]: [0mThis is a info message from thread 2318-09-2026 00:29:34 [38;5;009m[ERROR]: [0mThis is a error message from thread 2018-09-2026 00:29:34 [38;5;015m[INFO]: [0mThis is a info message from thread 2418-09-2026 00:29:34 [38;5;015m[INFO]: [0mThis is a info message from thread 2118-09-2026 00:29:34 [38;5;117m[DEBUG]: [0mThis is a debug message from thread 018-09-2026 00:29:34 [38;5;117m[DEBUG]: [0mThis is a debug message from thread 1318-09-2026 00:29:34 [38;5;015m[INFO]: [0mThis is a info message from thread 1218-09-2026 00:29:34 [38;5;009m[ERROR]: [0mThis is a error message from thread 1818-09-2026 00:29:34 [38;5;015m[INFO]: [0mThis is a info message from thread 218-09-2026 00:29:34 [38;5;015m[INFO]: [0mThis is a info message from thread 018-09-2026 00:29:34 [38;5;009m[ERROR]: [0mThis is a error message from thread 2218-09-2026 00:29:34 [38;5;015m[INFO]: [0mThis is a info message from thread 1718-09-2026 00:29:34 [38;5;015m[INFO]: [0mThis is a info message from thread 2818-09-2026 00:29:34 [38;5;009m[ERROR]: [0mThis is a error message from thread 2718-09-2026 00:29:34 [38;5;009m[ERROR]: [0mThis is a error message from thread 218-09-2026 00:29:34 [38;5;117m[DEBUG]: [0mThis is a debug message from thread 218-09-2026 00:29:34 [38;5;015m[INFO]: [0mThis is a info message from thread 1318-09-2026 00:29:34 [38;5;009m[ERROR]: [0mThis is a error message from thread 018-09-2026 00:29:34 [38;5;009m[ERROR]: [0mThis is a error message from thread 1718-09-2026 00:29:34 [38;5;117m[DEBUG]: [0mThis is a debug message from thread 2018-09-2026 00:29:34 [38;5;117m[DEBUG]: [0mThis is a debug message from thread 2518-09-2026 00:29:34 [38;5;015m[INFO]: [0mThis is a info message from thread 2018-09-2026 00:29:34 [38;5;117m[DEBUG]: [0mThis is a debug message from thread 1518-09-2026 00:29:34 [38;5;015m[INFO]: [0mThis is a info message from thread 218-09-2026 00:29:34 [38;5;009m[ERROR]: [0mThis is a error message from thread 2018-09-2026 00:29:34 [38;5;009m[ERROR]: [0mThis is a error message from thread 2118-09-2026 00:29:34 [38;5;117m[DEBUG]: [0mThis is a debug message from thread 1718-09-2026 00:29:34 [38;5;009m[ERROR]: [0mThis is a error message from thread 1318-09-2026 00:29:34 [38;5;117m[DEBUG]: [0mThis is a debug message from thread 018-09-2026 00:29:34 [38;5;009m[ERROR]: [0mThis is a error message from thread 718-09-2026 00:29:34 [38;5;117m[DEBUG]: [0mThis is a debug message from thread 1318-09-2026 00:29:34 [38;5;117m[DEBUG]: [0mThis is a debug message from thread 2118-09-2026 00:29:34 [38;5;009m[ERROR]: [0mThis is a error message from thread 2818-09-2026 00:29:34 [38;5;117m[DEBUG]: [0mThis is a debug message from thread 2718-09-2026 00:29:34 [38;5;015m[INFO]: [0mThis is a info message from thread 2718-09-2026 00:29:34 [38;5;015m[INFO]: [0mThis is a info message from thread 1318-09-2026 00:29:34 [38;5;015m[INFO]: [0mThis is a info message from thread 1718-09-2026 00:29:34 [38;5;117m[DEBUG]: [0mThis is a debug message from thread 718-09-2026 00:29:34 [38;5;009m[ERROR]: [0mThis is a error message from thread 1118-09-2026 00:29:34 [38;5;009m[ERROR]: [0mThis is a error message from thread 2718-09-2026 00:29:34 [38;5;117m[DEBUG]: [0mThis is a debug message from thread 1618-09-2026 00:29:34 [38;5;009m[ERROR]: [0mThis is a error message from thread 2418-09-2026 00:29:34 [38;5;117m[DEBUG]: [0mThis is a debug message from thread 2718-09-2026 00:29:34 [38;5;015m[INFO]: [0mThis is a info message from thread 1618-09-2026 00:29:34 [38;5;009m[ERROR]: [0mThis is a error message from thread 1318-09-2026 00:29:34 [38;5;015m[INFO]: [0mThis is a info message from thread 2518-09-2026 00:29:34 [38;5;117m[DEBUG]: [0mThis is a debug message from thread 2818-09-2026 00:29:34 [38;5;009m[ERROR]: [0mThis is a error message from thread 918-09-2026 00:29:34 [38;5;009m[ERROR]: [0mThis is a error message from thread 1618-09-2026 00:29:34 [38;5;117m[DEBUG]: [0mThis is a debug message from thread 1118-09-2026 00:29:34 [38;5;015m[INFO]: [0mThis is a info message from thread 518-09-2026 00:29:34 [38;5;015m[INFO]: [0mThis is a info message from thread 2118-09-2026 00:29:34 [38;5;009m[ERROR]: [0mThis is a error message from thread 2118-09-2026 00:29:34 [38;5;009m[ERROR]: [0mThis is a error message from thread 2518-09-2026 00:29:34 [38;5;117m[DEBUG]: [0mThis is a debug message from thread 2418-09-2026 00:29:34 [38;5;117m[DEBUG]: [0mThis is a debug message from thread 2518-09-2026 00:29:34 [38;5;117m[DEBUG]: [0mThis is a debug message from thread 2118-09-2026 00:29:34 [38;5;015m[INFO]: [0mThis is a info message from thread 1418-09-2026 00:29:34 [38;5;015m[INFO]: [0mThis is a info message from thread 2718-09-2026 00:29:34 [38;5;009m[ERROR]: [0mThis is a error message from thread 1418-09-2026 00:29:34 [38;5;009m[ERROR]: [0mThis is a error message from thread 218-09-2026 00:29:34 [38;5;117m[DEBUG]: [0mThis is a debug message from thread 918-09-2026 00:29:34 [38;5;015m[INFO]: [0mThis is a info message from thread 2118-09-2026 00:29:34 [38;5;117m[DEBUG]: [0mThis is a debug message from thread 218-09-2026 00:29:34 [38;5;015m[INFO]: [0mThis is a info message from thread 618-09-2026 00:29:34 [38;5;117m[DEBUG]: [0mThis is a debug message from thread 1318-09-2026 00:29:34 [38;5;009m[ERROR]: [0mThis is a error message from thread 518-09-2026 00:29:34 [38;5;009m[ERROR]: [0mThis is a error message from thread 1918-09-2026 00:29:34 [38;5;117m[DEBUG]: [0mThis is a debug message from thread 1418-09-2026 00:29:34 [38;5;015m[INFO]: [0mThis is a info message from thread 2418-09-2026 00:29:34 [38;5;015m[INFO]: [0mThis is a info message from thread 918-09-2026 00:29:34 [38;5;009m[ERROR]: [0mThis is a error message from thread 418-09-2026 00:29:34 [38;5;009m[ERROR]: [0mThis is a error message from thread 318-09-2026 00:29:34 [38;5;009m[ERROR]: [0mThis is a error message from thread 2118-09-2026 00:29:34 [38;5;015m[INFO]: [0mThis is a info message from thread 218-09-2026 00:29:34 [38;5;117m[DEBUG]: [0mThis is a debug message from thread 418-09-2026 00:29:34 [38;5;117m[DEBUG]: [0mThis is a debug message from thread 2118-09-2026 00:29:34 [38;5;117m[DEBUG]: [0mThis is a debug message from thread 2218-09-2026 00:29:34 [38;5;117m[DEBUG]: [0mThis is a debug message from thread 2018-09-2026 00:29:34 [38;5;117m[DEBUG]: [0mThis is a debug message from thread 518-09-2026 00:29:34 [38;5;009m[ERROR]: [0mThis is a error message from thread 2318-09-2026 00:29:34 [38;5;117m[DEBUG]: [0mThis is a debug message from thread 1918-09-2026 00:29:34 [38;5;117m[DEBUG]: [0mThis is a debug message from thread 318-09-2026 00:29:34 [38;5;015m[INFO]: [0mThis is a info message from thread 1918-09-2026 00:29:34 [38;5;015m[INFO]: [0mThis is a info message from thread 2618-09-2026 00:29:34 [38;5;015m[INFO]: [0mThis is a info message from thread 2118-09-2026 00:29:34 [38;5;015m[INFO]: [0mThis is a info message from thread 118-09-2026 00:29:34 [38;5;015m[INFO]: [0mThis is a info message from thread 718-09-2026 00:29:34 [38;5;009m[ERROR]: [0mThis is a error message from thread 1718-09-2026 00:29:34 [38;5;117m[DEBUG]: [0mThis is a debug message from thread 1718-09-2026 00:29:34 [38;5;009m[ERROR]: [0mThis is a error message from thread 218-09-2026 00:29:34 [38;5;015m[INFO]: [0mThis is a info message from thread 518-09-2026 00:29:34 [38;5;009m[ERROR]: [0mThis is a error message from thread 518-09-2026 00:29:34 [38;5;009m[ERROR]: [0mThis is a error message from thread 718-09-2026 00:29:34 [38;5;009m[ERROR]: [0mThis is a error message from thread 2618-09-2026 00:29:34 [38;5;117m[DEBUG]: [0mThis is a debug message from thread 2318-09-2026 00:29:34 [38;5;117m[DEBUG]: [0mThis is a debug message from thread 718-09-2026 00:29:34 [38;5;117m[DEBUG]: [0mThis is a debug message from thread 518-09-2026 00:29:34 [38;5;009m[ERROR]: [0mThis is a error message from thread 1918-09-2026 00:29:34 [38;5;015m[INFO]: [0mThis is a info message from thread 2818-09-2026 00:29:34 [38;5;015m[INFO]: [0mThis is a info message from thread 2018-09-2026 00:29:34 [38;5;015m[INFO]: [0mThis is a info message from thread 1318-09-2026 00:29:34 [38;5;015m[INFO]: [0mThis is a info message from thread 718-09-2026 00:29:34 [38;5;009m[ERROR]: [0mThis is a error message from thread 2818-09-2026 00:29:34 [38;5;117m[DEBUG]: [0mThis is a debug message from thread 1618-09-2026 00:29:34 [38;5;117m[DEBUG]: [0mThis is a debug message from thread 218-09-2026 00:29:34 [38;5;015m[INFO]: [0mThis is a info message from thread 1718-09-2026 00:29:34 [38;5;117m[DEBUG]: [0mThis is a debug message from thread 818-09-2026 00:29:34 [38;5;009m[ERROR]: [0mThis is a error message from thread 118-09-2026 00:29:34 [38;5;015m[INFO]: [0mThis is a info message from thread 1618-09-2026 00:29:34 [38;5;009m[ERROR]: [0mThis is a error message from thread 2718-09-2026 00:29:34 [38;5;009m[ERROR]: [0mThis is a error message from thread 1618-09-2026 00:29:34 [38;5;117m[DEBUG]: [0mThis is a debug message from thread 2818-09-2026 00:29:34 [38;5;015m[INFO]: [0mThis is a info message from thread 218-09-2026 00:29:34 [38;5;009m[ERROR]: [0mThis is a error message from thread 1718-09-2026 00:29:34 [38;5;015m[INFO]: [0mThis is a info message from thread 418-09-2026 00:29:34 [38;5;015m[INFO]: [0mThis is a info message from thread 2518-09-2026 00:29:34 [38;5;117m[DEBUG]: [0mThis is a debug message from thread 2618-09-2026 00:29:34 [38;5;009m[ERROR]: [0mThis is a error message from thread 1318-09-2026 00:29:34 [38;5;015m[INFO]: [0mThis is a info message from thread 2818-09-2026 00:29:34 [38;5;015m[INFO]: [0mThis is a info message from thread 818-09-2026 00:29:34 [38;5;015m[INFO]: [0mThis is a info message from thread 518-09-2026 00:29:34 [38;5;015m[INFO]: [0mThis is a info message from thread 1118-09-2026 00:29:34 [38;5;009m[ERROR]: [0mThis is a error message from thread 1218-09-2026 00:29:34 [38;5;009m[ERROR]: [0mThis is a error message from thread 818-09-2026 00:29:34 [38;5;009m[ERROR]: [0mThis is a error message from thread 2518-09-2026 00:29:34 [38;5;117m[DEBUG]: [0mThis is a debug message from thread 1718-09-2026 00:29:34 [38;5;117m[DEBUG]: [0mThis is a debug message from thread 2518-09-2026 00:29:34 [38;5;009m[ERROR]: [0mThis is a error message from thread 1118-09-2026 00:29:34 [38;5;117m[DEBUG]: [0mThis is a debug message from thread 1118-09-2026 00:29:34 [38;5;117m[DEBUG]: [0mThis is a debug message from thread 1318-09-2026 00:29:34 [38;5;015m[INFO]: [0mThis is a info message from thread 2518-09-2026 00:29:34 [38;5;015m[INFO]: [0mThis is a info message from thread 1718-09-2026 00:29:34 [38;5;009m[ERROR]: [0mThis is a error message from thread 518-09-2026 00:29:34 [38;5;009m[ERROR]: [0mThis is a error message from thread 1718-09-2026 00:29:34 [38;5;015m[INFO]: [0mThis is a info message from thread 1118-09-2026 00:29:34 [38;5;117m[DEBUG]: [0mThis is a debug message from thread 1218-09-2026 00:29:34 [38;5;009m[ERROR]: [0mThis is a error message from thread 1118-09-2026 00:29:34 [38;5;009m[ERROR]: [0mThis is a error message from thread 2518-09-2026 00:29:34 [38;5;009m[ERROR]: [0mThis is a error message from thread 2818-09-2026 00:29:34 [38;5;117m[DEBUG]: [0mThis is a debug message from thread 1118-09-2026 00:29:34 [38;5;015m[INFO]: [0mThis is a info message from thread 1118-09-2026 00:29:34 [38;5;117m[DEBUG]: [0mThis is a debug message from thread 518-09-2026 00:29:34 [38;5;015m[INFO]: [0mThis is a info message from thread 1318-09-2026 00:29:34 [38;5;015m[INFO]: [0mThis is a info message from thread 318-09-2026 00:29:34 [38;5;117m[DEBUG]: [0mThis is a debug message from thread 1718-09-2026 00:29:34 [38;5;117m[DEBUG]: [0mThis is a debug message from thread 2518-09-2026 00:29:34 [38;5;117m[DEBUG]: [0mThis is a debug message from thread 2818-09-2026 00:29:34 [38;5;015m[INFO]: [0mThis is a info message from thread 1218-09-2026 00:29:34 [38;5;117m[DEBUG]: [0mThis is a debug message from thread 2718-09-2026 00:29:34 [38;5;009m[ERROR]: [0mThis is a error message from thread 1318-09-2026 00:29:34 [38;5;015m[INFO]: [0mThis is a info message from thread 2518-09-2026 00:29:34 [38;5;009m[ERROR]: [0mThis is a error message from thread 1218-09-2026 00:29:34 [38;5;117m[DEBUG]: [0mThis is a debug message from thread 1218-09-2026 00:29:34 [38;5;117m[DEBUG]: [0mThis is a debug message from thread 818-09-2026 00:29:34 [38;5;015m[INFO]: [0mThis is a info message from thread 1518-09-2026 00:29:34 [38;5;015m[INFO]: [0mThis is a info message from thread 518-09-2026 00:29:34 [38;5;015m[INFO]: [0mThis is a info message from thread 2318-09-2026 00:29:34 [38;5;009m[ERROR]: [0mThis is a error message from thread 2418-09-2026 00:29:34 [38;5;009m[ERROR]: [0mThis is a error message from thread 418-09-2026 00:29:34 [38;5;015m[INFO]: [0mThis is a info message from thread 1718-09-2026 00:29:34 [38;5;009m[ERROR]: [0mThis is a error message from thread 1518-09-2026 00:29:34 [38;5;015m[INFO]: [0mThis is a info message from thread 1218-09-2026 00:29:34 [38;5;015m[INFO]: [0mThis is a info message from thread 2718-09-2026 00:29:34 [38;5;015m[INFO]: [0mThis is a info message from thread 2818-09-2026 00:29:34 [38;5;009m[ERROR]: [0mThis is a error message from thread 218-09-2026 00:29:34 [38;5;117m[DEBUG]: [0mThis is a debug message from thread 118-09-2026 00:29:34 [38;5;009m[ERROR]: [0mThis is a error message from thread 318-09-2026 00:29:34 [38;5;117m[DEBUG]: [0mThis is a debug message from thread 1818-09-2026 00:29:34 [38;5;015m[INFO]: [0mThis is a info message from thread 018-09-2026 00:29:34 [38;5;117m[DEBUG]: [0mThis is a debug message from thread 2918-09-2026 00:29:34 [38;5;015m[INFO]: [0mThis is a info message from thread 2218-09-2026 00:29:34 [38;5;117m[DEBUG]: [0mThis is a debug message from thread 1318-09-2026 00:29:34 [38;5;009m[ERROR]: [0mThis is a error message from thread 1718-09-2026 00:29:34 [38;5;015m[INFO]: [0mThis is a info message from thread 2918-09-2026 00:29:34 [38;5;117m[DEBUG]: [0mThis is a debug message from thread 1718-09-2026 00:29:34 [38;5;015m[INFO]: [0mThis is a info message from thread 1818-09-2026 00:29:34 [38;5;009m[ERROR]: [0mThis is a error message from thread 018-09-2026 00:29:34 [38;5;015m[INFO]: [0mThis is a info message from thread 118-09-2026 00:29:34 [38;5;117m[DEBUG]: [0mThis is a debug message from thread 018-09-2026 00:29:34 [38;5;009m[ERROR]: [0mThis is a error message from thread 1018-09-2026 00:29:34 [38;5;009m[ERROR]: [0mThis is a error message from thread 518-09-2026 00:29:34 [38;5;117m[DEBUG]: [0mThis is a debug message from thread 218-09-2026 00:29:34 [38;5;009m[ERROR]: [0mThis is a error message from thread 718-09-2026 00:29:34 [38;5;015m[INFO]: [0mThis is a info message from thread 018-09-2026 00:29:34 [38;5;009m[ERROR]: [0mThis is a error message from thread 1818-09-2026 00:29:34 [38;5;117m[DEBUG]: [0mThis is a debug message from thread 718-09-2026 00:29:34 [38;5;009m[ERROR]: [0mThis is a error message from thread 2018-09-2026 00:29:34 [38;5;015m[INFO]: [0mThis is a info message from thread 218-09-2026 00:29:34 [38;5;117m[DEBUG]: [0mThis is a debug message from thread 2018-09-2026 00:29:34 [38;5;015m[INFO]: [0mThis is a info message from thread 1718-09-2026 00:29:34 [38;5;009m[ERROR]: [0mThis is a error message from thread 118-09-2026 00:29:34 [38;5;015m[INFO]: [0mThis is a info message from thread 718-09-2026 00:29:34 [38;5;015m[INFO]: [0mThis is a info message from thread 2018-09-2026 00:29:34 [38;5;009m[ERROR]: [0mThis is a error message from thread 1718-09-2026 00:29:34 [38;5;117m[DEBUG]: [0mThis is a debug message from thread 1818-09-2026 00:29:34 [38;5;117m[DEBUG]: [0mThis is a debug message from thread 518-09-2026 00:29:34 [38;5;009m[ERROR]: [0mThis is a error message from thread 2718-09-2026 00:29:34 [38;5;009m[ERROR]: [0mThis is a error message from thread 2318-09-2026 00:29:34 [38;5;009m[ERROR]: [0mThis is a error message from thread 918-09-2026 00:29:34 [38;5;015m[INFO]: [0mThis is a info message from thread 1418-09-2026 00:29:34 [38;5;009m[ERROR]: [0mThis is a error message from thread 218-09-2026 00:29:34 [38;5;009m[ERROR]: [0mThis is a error message from thread 2018-09-2026 00:29:34 [38;5;009m[ERROR]: [0mThis is a error message from thread 718-09-2026 00:29:34 [38;5;015m[INFO]: [0mThis is a info message from thread 1818-09-2026 00:29:34 [38;5;009m[ERROR]: [0mThis is a error message from thread 1418-09-2026 00:29:34 [38;5;117m[DEBUG]: [0mThis is a debug message from thread 118-09-2026 00:29:34 [38;5;117m[DEBUG]: [0mThis is a debug message from thread 1718-09-2026 00:29:34 [38;5;015m[INFO]: [0mThis is a info message from thread 1318-09-2026 00:29:34 [38;5;117m[DEBUG]: [0mThis is a debug message from thread 1418-09-2026 00:29:34 [38;5;009m[ERROR]: [0mThis is a error message from thread 2518-09-2026 00:29:34 [38;5;015m[INFO]: [0mThis is a info message from thread 518-09-2026 00:29:34 [38;5;117m[DEBUG]: [0mThis is a debug message from thread 318-09-2026 00:29:34 [38;5;015m[INFO]: [0mThis is a info message from thread 1718-09-2026 00:29:34 [38;5;117m[DEBUG]: [0mThis is a debug message from thread 718-09-2026 00:29:34 [38;5;015m[INFO]: [0mThis is a info message from thread 1418-09-2026 00:29:34 [38;5;015m[INFO]: [0mThis is a info message from thread 118-09-2026 00:29:34 [38;5;117m[DEBUG]: [0mThis is a debug message from thread 2718-09-2026 00:29:34 [38;5;117m[DEBUG]: [0mThis is a debug message from thread 2318-09-2026 00:29:34 [38;5;009m[ERROR]: [0mThis is a error message from thread 2818-09-2026 00:29:34 [38;5;117m[DEBUG]: [0mThis is a debug message from thread 2018-09-2026 00:29:34 [38;5;015m[INFO]: [0mThis is a info message from thread 718-09-2026 00:29:34 [38;5;117m[DEBUG]: [0mThis is a debug message from thread 1618-09-2026 00:29:34 [38;5;009m[ERROR]: [0mThis is a error message from thread 1118-09-2026 00:29:34 [38;5;117m[DEBUG]: [0mThis is a debug message from thread 2518-09-2026 00:29:34 [38;5;009m[ERROR]: [0mThis is a error message from thread 1418-09-2026 00:29:34 [38;5;009m[ERROR]: [0mThis is a error message from thread 1818-09-2026 00:29:34 [38;5;015m[INFO]: [0mThis is a info message from thread 2018-09-2026 00:29:34 [38;5;117m[DEBUG]: [0mThis is a debug message from thread 218-09-2026 00:29:34 [38;5;015m[INFO]: [0mThis is a info message from thread 218-09-2026 00:29:34 [38;5;009m[ERROR]: [0mThis is a error message from thread 218-09-2026 00:29:34 [38;5;117m[DEBUG]: [0mThis is a debug message from thread 2818-09-2026 00:29:34 [38;5;117m[DEBUG]: [0mThis is a debug message from thread 218-09-2026 00:29:34 [38;5;015m[INFO]: [0mThis is a info message from thread 2518-09-2026 00:29:34 [38;5;015m[INFO]: [0mThis is a info message from thread 2718-09-2026 00:29:34 [38;5;117m[DEBUG]: [0mThis is a debug message from thread 1818-09-2026 00:29:34 [38;5;015m[INFO]: [0mThis is a info message from thread 218-09-2026 00:29:34 [38;5;009m[ERROR]: [0mThis is a error message from thread 118-09-2026 00:29:34 [38;5;015m[INFO]: [0mThis is a info message from thread 2818-09-2026 00:29:34 [38;5;009m[ERROR]: [0mThis is a error message from thread 2718-09-2026 00:29:34 [38;5;117m[DEBUG]: [0mThis is a debug message from thread 1418-09-2026 00:29:34 [38;5;015m[INFO]: [0mThis is a info message from thread 1818-09-2026 00:29:34 [38;5;009m[ERROR]: [0mThis is a error message from thread 2018-09-2026 00:29:34 [38;5;015m[INFO]: [0mThis is a info message from thread 1618-09-2026 00:29:34 [38;5;009m[ERROR]: [0mThis is a error message from thread 2818-09-2026 00:29:34 [38;5;009m[ERROR]: [0mThis is a error message from thread 218-09-2026 00:29:34 [38;5;009m[ERROR]: [0mThis is a error message from thread 618-09-2026 00:29:34 [38;5;117m[DEBUG]: [0mThis is a debug message from thread 218-09-2026 00:29:34 [38;5;009m[ERROR]: [0mThis is a error message from thread 1818-09-2026 00:29:34 [38;5;117m[DEBUG]: [0mThis is a debug message from thread 2818-09-2026 00:29:34 [38;5;015m[INFO]: [0mThis is a info message from thread 2818-09-2026 00:29:34 [38;5;015m[INFO]: [0mThis is a info message from thread 218-09-2026 00:29:34 [38;5;015m[INFO]: [0mThis is a info message from thread 1418-09-2026 00:29:34 [38;5;117m[DEBUG]: [0mThis is a debug message from thread 1118-09-2026 00:29:34 [38;5;009m[ERROR]: [0mThis is a error message from thread 2818-09-2026 00:29:34 [38;5;009m[ERROR]: [0mThis is a error message from thread 2518-09-2026 00:29:34 [38;5;117m[DEBUG]: [0mThis is a debug message from thread 2718-09-2026 00:29:34 [38;5;015m[INFO]: [0mThis is a info message from thread 2718-09-2026 00:29:34 [38;5;117m[DEBUG]: [0mThis is a debug message from thread 118-09-2026 00:29:34 [38;5;009m[ERROR]: [0mThis is a error message from thread 2718-09-2026 00:29:34 [38;5;117m[DEBUG]: [0mThis is a debug message from thread 2018-09-2026 00:29:34 [38;5;117m[DEBUG]: [0mThis is a debug message from thread 2518-09-2026 00:29:34 [38;5;117m[DEBUG]: [0mThis is a debug message from thread 1818-09-2026 00:29:34 [38;5;009m[ERROR]: [0mThis is a error message from thread 218-09-2026 00:29:34 [38;5;015m[INFO]: [0mThis is a info message from thread 2018-09-2026 00:29:34 [38;5;009m[ERROR]: [0mThis is a error message from thread 1618-09-2026 00:29:34 [38;5;015m[INFO]: [0mThis is a info message from thread 118-09-2026 00:29:34 [38;5;117m[DEBUG]: [0mThis is a debug message from thread 2418-09-2026 00:29:34 [38;5;117m[DEBUG]: [0mThis is a debug message from thread 1518-09-2026 00:29:34 [38;5;009m[ERROR]: [0mThis is a error message from thread 1318-09-2026 00:29:34 [38;5;117m[DEBUG]: [0mThis is a debug message from thread 1618-09-2026 00:29:34 [38;5;009m[ERROR]: [0mThis is a error message from thread 2918-09-2026 00:29:34 [38;5;009m[ERROR]: [0mThis is a error message from thread 2018-09-2026 00:29:34 [38;5;015m[INFO]: [0mThis is a info message from thread 2418-09-2026 00:29:34 [38;5;015m[INFO]: [0mThis is a info message from thread 2518-09-2026 00:29:34 [38;5;015m[INFO]: [0mThis is a info message from thread 1618-09-2026 00:29:34 [38;5;009m[ERROR]: [0mThis is a error message from thread 118-09-2026 00:29:34 [38;5;015m[INFO]: [0mThis is a info message from thread 1818-09-2026 00:29:34 [38;5;117m[DEBUG]: [0mThis is a debug message from thread 218-09-2026 00:29:34 [38;5;117m[DEBUG]: [0mThis is a debug message from thread 2018-09-2026 00:29:34 [38;5;117m[DEBUG]: [0mThis is a debug message from thread 2718-09-2026 00:29:34 [38;5;015m[INFO]: [0mThis is a info message from thread 1518-09-2026 00:29:34 [38;5;015m[INFO]: [0mThis is a info message from thread 2718-09-2026 00:29:34 [38;5;117m[DEBUG]: [0mThis is a debug message from thread 618-09-2026 00:29:34 [38;5;009m[ERROR]: [0mThis is a error message from thread 2518-09-2026 00:29:34 [38;5;009m[ERROR]: [0mThis is a error message from thread 1818-09-2026 00:29:34 [38;5;009m[ERROR]: [0mThis is a error message from thread 2418-09-2026 00:29:34 [38;5;015m[INFO]: [0mThis is a info message from thread 2018-09-2026 00:29:34 [38;5;009m[ERROR]: [0mThis is a error message from thread 1618-09-2026 00:29:34 [38;5;117m[DEBUG]: [0mThis is a debug message from thread 2918-09-2026 00:29:34 [38;5;015m[INFO]: [0mThis is a info message from thread 318-09-2026 00:29:34 [38;5;009m[ERROR]: [0mThis is a error message from thread 1418-09-2026 00:29:34 [38;5;117m[DEBUG]: [0mThis is a debug message from thread 2418-09-2026 00:29:34 [38;5;117m[DEBUG]: [0mThis is a debug message from thread 1418-09-2026 00:29:34 [38;5;009m[ERROR]: [0mThis is a error message from thread 2718-09-2026 00:29:34 [38;5;015m[INFO]: [0mThis is a info message from thread 618-09-2026 00:29:34 [38;5;009m[ERROR]: [0mThis is a error message from thread 618-09-2026 00:29:34 [38;5;117m[DEBUG]: [0mThis is a debug message from thread 1818-09-2026 00:29:34 [38;5;117m[DEBUG]: [0mThis is a debug message from thread 618-09-2026 00:29:34 [38;5;015m[INFO]: [0mThis is a info message from thread 1818-09-2026 00:29:34 [38;5;117m[DEBUG]: [0mThis is a debug message from thread 2518-09-2026 00:29:34 [38;5;117m[DEBUG]: [0mThis is a debug message from thread 2718-09-2026 00:29:34 [38;5;117m[DEBUG]: [0mThis is a debug message from thread 1618-09-2026 00:29:34 [38;5;117m[DEBUG]: [0mThis is a debug message from thread 118-09-2026 00:29:34 [38;5;015m[INFO]: [0mThis is a info message from thread 1418-09-2026 00:29:34 [38;5;009m[ERROR]: [0mThis is a error message from thread 518-09-2026 00:29:34 [38;5;015m[INFO]: [0mThis is a info message from thread 2918-09-2026 00:29:34 [38;5;009m[ERROR]: [0mThis is a error message from thread 018-09-2026 00:29:34 [38;5;015m[INFO]: [0mThis is a info message from thread 2618-09-2026 00:29:34 [38;5;015m[INFO]: [0mThis is a info message from thread 2518-09-2026 00:29:34 [38;5;009m[ERROR]: [0mThis is a error message from thread 1818-09-2026 00:29:34 [38;5;015m[INFO]: [0mThis is a info message from thread 118-09-2026 00:29:34 [38;5;009m[ERROR]: [0mThis is a error message from thread 318-09-2026 00:29:34 [38;5;117m[DEBUG]: [0mThis is a debug message from thread 1318-09-2026 00:29:34 [38;5;009m[ERROR]: [0mThis is a error message from thread 1418-09-2026 00:29:34 [38;5;009m[ERROR]: [0mThis is a error message from thread 2618-09-2026 00:29:34 [38;5;117m[DEBUG]: [0mThis is a debug message from thread 2818-09-2026 00:29:34 [38;5;117m[DEBUG]: [0mThis is a debug message from thread 518-09-2026 00:29:34 [38;5;015m[INFO]: [0mThis is a info message from thread 1118-09-2026 00:29:34 [38;5;117m[DEBUG]: [0mThis is a debug message from thread 318-09-2026 00:29:34 [38;5;009m[ERROR]: [0mThis is a error message from thread 1218-09-2026 00:29:34 [38;5;015m[INFO]: [0mThis is a info message from thread 2318-09-2026 00:29:34 [38;5;009m[ERROR]: [0mThis is a error message from thread 118-09-2026 00:29:34 [38;5;117m[DEBUG]: [0mThis is a debug message from thread 1418-09-2026 00:29:34 [38;5;009m[ERROR]: [0mThis is a error message from thread 718-09-2026 00:29:34 [38;5;117m[DEBUG]: [0mThis is a debug message from thread 1818-09-2026 00:29:34 [38;5;117m[DEBUG]: [0mThis is a debug message from thread 718-09-2026 00:29:34 [38;5;009m[ERROR]: [0mThis is a error message from thread 1518-09-2026 00:29:34 [38;5;015m[INFO]: [0mThis is a info message from thread 2418-09-2026 00:29:34 [38;5;015m[INFO]: [0mThis is a info message from thread 818-09-2026 00:29:34 [38;5;015m[INFO]: [0mThis is a info message from thread 1418-09-2026 00:29:34 [38;5;015m[INFO]: [0mThis is a info message from thread 2718-09-2026 00:29:34 [38;5;015m[INFO]: [0mThis is a info message from thread 1818-09-2026 00:29:34 [38;5;015m[INFO]: [0mThis is a info message from thread 1618-09-2026 00:29:34 [38;5;117m[DEBUG]: [0mThis is a debug message from thread 1018-09-2026 00:29:34 [38;5;009m[ERROR]: [0mThis is a error message from thread 1718-09-2026 00:29:34 [38;5;009m[ERROR]: [0mThis is a error message from thread 2218-09-2026 00:29:34 [38;5;015m[INFO]: [0mThis is a info message from thread 618-09-2026 00:29:34 [38;5;117m[DEBUG]: [0mThis is a debug message from thread 2218-09-2026 00:29:34 [38;5;117m[DEBUG]: [0mThis is a debug message from thread 1518-09-2026 00:29:34 [38;5;009m[ERROR]: [0mThis is a error message from thread 2718-09-2026 00:29:34 [38;5;009m[ERROR]: [0mThis is a error message from thread 818-09-2026 00:29:34 [38;5;117m[DEBUG]: [0mThis is a debug message from thread 418-09-2026 00:29:34 [38;5;009m[ERROR]: [0mThis is a error message from thread 2918-09-2026 00:29:34 [38;5;117m[DEBUG]: [0mThis is a debug message from thread 2618-09-2026 00:29:34 [38;5;117m[DEBUG]: [0mThis is a debug message from thread 818-09-2026 00:29:34 [38;5;015m[INFO]: [0mThis is a info message from thread 2618-09-2026 00:29:34 [38;5;015m[INFO]: [0mThis is a info message from thread 518-09-2026 00:29:34 [38;5;117m[DEBUG]: [0mThis is a debug message from thread 1918-09-2026 00:29:34 [38;5;117m[DEBUG]: [0mThis is a debug message from thread 118-09-2026 00:29:34 [38;5;015m[INFO]: [0mThis is a info message from thread 2218-09-2026 00:29:34 [38;5;117m[DEBUG]: [0mThis is a debug message from thread 918-09-2026 00:29:34 [38;5;015m[INFO]: [0mThis is a info message from thread 118-09-2026 00:29:34 [38;5;009m[ERROR]: [0mThis is a error message from thread 2218-09-2026 00:29:34 [38;5;009m[ERROR]: [0mThis is a error message from thread 2118-09-2026 00:29:34 [38;5;009m[ERROR]: [0mThis is a error message from thread 118-09-2026 00:29:34 [38;5;009m[ERROR]: [0mThis is a error message from thread 518-09-2026 00:29:34 [38;5;009m[ERROR]: [0mThis is a error message from thread 618-09-2026 00:29:34 [38;5;009m[ERROR]: [0mThis is a error message from thread 2618-09-2026 00:29:34 [38;5;117m[DEBUG]: [0mThis is a debug message from thread 1718-09-2026 00:29:34 [38;5;117m[DEBUG]: [0mThis is a debug message from thread 618-09-2026 00:29:34 [38;5;117m[DEBUG]: [0mThis is a debug message from thread 2618-09-2026 00:29:34 [38;5;015m[INFO]: [0mThis is a info message from thread 1718-09-2026 00:29:34 [38;5;117m[DEBUG]: [0mThis is a debug message from thread 118-09-2026 00:29:34 [38;5;015m[INFO]: [0mThis is a info message from thread 2618-09-2026 00:29:34 [38;5;015m[INFO]: [0mThis is a info message from thread 1018-09-2026 00:29:34 [38;5;015m[INFO]: [0mThis is a info message from thread 118-09-2026 00:29:34 [38;5;009m[ERROR]: [0mThis is a error message from thread 1018-09-2026 00:29:34 [38;5;015m[INFO]: [0mThis is a info message from thread 718-09-2026 00:29:34 [38;5;015m[INFO]: [0mThis is a info message from thread 1518-09-2026 00:29:34 [38;5;009m[ERROR]: [0mThis is a error message from thread 2418-09-2026 00:29:34 [38;5;009m[ERROR]: [0mThis is a error message from thread 118-09-2026 00:29:34 [38;5;015m[INFO]: [0mThis is a info message from thread 418-09-2026 00:29:34 [38;5;015m[INFO]: [0mThis is a info message from thread 2818-09-2026 00:29:34 [38;5;009m[ERROR]: [0mThis is a error message from thread 1518-09-2026 00:29:34 [38;5;009m[ERROR]: [0mThis is a error message from thread 1418-09-2026 00:29:34 [38;5;117m[DEBUG]: [0mThis is a debug message from thread 2718-09-2026 00:29:34 [38;5;009m[ERROR]: [0mThis is a error message from thread 1118-09-2026 00:29:34 [38;5;009m[ERROR]: [0mThis is a error message from thread 2618-09-2026 00:29:34 [38;5;117m[DEBUG]: [0mThis is a debug message from thread 2218-09-2026 00:29:34 [38;5;015m[INFO]: [0mThis is a info message from thread 1918-09-2026 00:29:34 [38;5;009m[ERROR]: [0mThis is a error message from thread 2318-09-2026 00:29:34 [38;5;015m[INFO]: [0mThis is a info message from thread 1318-09-2026 00:29:34 [38;5;009m[ERROR]: [0mThis is a error message from thread 1818-09-2026 00:29:34 [38;5;015m[INFO]: [0mThis is a info message from thread 2718-09-2026 00:29:34 [38;5;015m[INFO]: [0mThis is a info message from thread 818-09-2026 00:29:34 [38;5;117m[DEBUG]: [0mThis is a debug message from thread 2618-09-2026 00:29:34 [38;5;117m[DEBUG]: [0mThis is a debug message from thread 1118-09-2026 00:29:34 [38;5;117m[DEBUG]: [0mThis is a debug message from thread 2118-09-2026 00:29:34 [38;5;117m[DEBUG]: [0mThis is a debug message from thread 1218-09-2026 00:29:34 [38;5;117m[DEBUG]: [0mThis is a debug message from thread 1818-09-2026 00:29:34 [38;5;117m[DEBUG]: [0mThis is a debug message from thread 2318-09-2026 00:29:34 [38;5;015m[INFO]: [0mThis is a info message from thread 2118-09-2026 00:29:34 [38;5;015m[INFO]: [0mThis is a info message from thread 1818-09-2026 00:29:34 [38;5;117m[DEBUG]: [0mThis is a debug message from thread 1418-09-2026 00:29:34 [38;5;009m[ERROR]: [0mThis is a error message from thread 1718-09-2026 00:29:34 [38;5;015m[INFO]: [0mThis is a info message from thread 918-09-2026 00:29:34 [38;5;015m[INFO]: [0mThis is a info message from thread 1218-09-2026 00:29:34 [38;5;015m[INFO]: [0mThis is a info message from thread 1418-09-2026 00:29:34 [38;5;009m[ERROR]: [0mThis is a error message from thread 2718-09-2026 00:29:34 [38;5;117m[DEBUG]: [0mThis is a debug message from thread 1718-09-2026 00:29:34 [38;5;009m[ERROR]: [0mThis is a error message from thread 2518-09-2026 00:29:34 [38;5;015m[INFO]: [0mThis is a info message from thread 1118-09-2026 00:29:34 [38;5;009m[ERROR]: [0mThis is a error message from thread 1218-09-2026 00:29:34 [38;5;009m[ERROR]: [0mThis is a error message from thread 1818-09-2026 00:29:34 [38;5;117m[DEBUG]: [0mThis is a debug message from thread 2518-09-2026 00:29:34 [38;5;015m[INFO]: [0mThis is a info message from thread 2318-09-2026 00:29:34 [38;5;117m[DEBUG]: [0mThis is a debug message from thread 2718-09-2026 00:29:34 [38;5;015m[INFO]: [0mThis is a info message from thread 2518-09-2026 00:29:34 [38;5;117m[DEBUG]: [0mThis is a debug message from thread 1218-09-2026 00:29:34 [38;5;009m[ERROR]: [0mThis is a error message from thread 1418-09-2026 00:29:34 [38;5;009m[ERROR]: [0mThis is a error message from thread 2118-09-2026 00:29:34 [38;5;009m[ERROR]: [0mThis is a error message from thread 1118-09-2026 00:29:34 [38;5;015m[INFO]: [0mThis is a info message from thread 2718-09-2026 00:29:34 [38;5;117m[DEBUG]: [0mThis is a debug message from thread 1818-09-2026 00:29:34 [38;5;009m[ERROR]: [0mThis is a error message from thread 2318-09-2026 00:29:34 [38;5;015m[INFO]: [0mThis is a info message from thread 1818-09-2026 00:29:34 [38;5;015m[INFO]: [0mThis is a info message from thread 1218-09-2026 00:29:34 [38;5;117m[DEBUG]: [0mThis is a debug message from thread 118-09-2026 00:29:34 [38;5;009m[ERROR]: [0mThis is a error message from thread 2718-09-2026 00:29:34 [38;5;117m[DEBUG]: [0mThis is a debug message from thread 2418-09-2026 00:29:34 [38;5;117m[DEBUG]: [0mThis is a debug message from thread 1418-09-2026 00:29:34 [38;5;009m[ERROR]: [0mThis is a error message from thread 2018-09-2026 00:29:34 [38;5;009m[ERROR]: [0mThis is a error message from thread 1818-09-2026 00:29:34 [38;5;015m[INFO]: [0mThis is a info message from thread 2418-09-2026 00:29:34 [38;5;009m[ERROR]: [0mThis is a error message from thread 1318-09-2026 00:29:34 [38;5;117m[DEBUG]: [0mThis is a debug message from thread 2118-09-2026 00:29:34 [38;5;009m[ERROR]: [0mThis is a error message from thread 418-09-2026 00:29:34 [38;5;009m[ERROR]: [0mThis is a error message from thread 2418-09-2026 00:29:34 [38;5;015m[INFO]: [0mThis is a info message from thread 2618-09-2026 00:29:34 [38;5;117m[DEBUG]: [0mThis is a debug message from thread 1818-09-2026 00:29:34 [38;5;009m[ERROR]: [0mThis is a error message from thread 1218-09-2026 00:29:34 [38;5;117m[DEBUG]: [0mThis is a debug message from thread 1318-09-2026 00:29:34 [38;5;015m[INFO]: [0mThis is a info message from thread 1418-09-2026 00:29:34 [38;5;117m[DEBUG]: [0mThis is a debug message from thread 2418-09-2026 00:29:34 [38;5;117m[DEBUG]: [0mThis is a debug message from thread 2018-09-2026 00:29:34 [38;5;117m[DEBUG]: [0mThis is a debug message from thread 1118-09-2026 00:29:34 [38;5;117m[DEBUG]: [0mThis is a debug message from thread 518-09-2026 00:29:34 [38;5;117m[DEBUG]: [0mThis is a debug message from thread 418-09-2026 00:29:34 [38;5;015m[INFO]: [0mThis is a info message from thread 2118-09-2026 00:29:34 [38;5;009m[ERROR]: [0mThis is a error message from thread 918-09-2026 00:29:34 [38;5;015m[INFO]: [0mThis is a info message from thread 1718-09-2026 00:29:34 [38;5;117m[DEBUG]: [0mThis is a debug message from thread 2918-09-2026 00:29:34 [38;5;117m[DEBUG]: [0mThis is a debug message from thread 1218-09-2026 00:29:34 [38;5;009m[ERROR]: [0mThis is a error message from thread 1918-09-2026 00:29:34 [38;5;015m[INFO]: [0mThis is a info message from thread 2018-09-2026 00:29:34 [38;5;117m[DEBUG]: [0mThis is a debug message from thread 918-09-2026 00:29:34 [38;5;009m[ERROR]: [0mThis is a error message from thread 2118-09-2026 00:29:34 [38;5;015m[INFO]: [0mThis is a info message from thread 518-09-2026 00:29:34 [38;5;009m[ERROR]: [0mThis is a error message from thread 2518-09-2026 00:29:34 [38;5;015m[INFO]: [0mThis is a info message from thread 418-09-2026 00:29:34 [38;5;117m[DEBUG]: [0mThis is a debug message from thread 2118-09-2026 00:29:34 [38;5;015m[INFO]: [0mThis is a info message from thread 918-09-2026 00:29:34 [38;5;009m[ERROR]: [0mThis is a error message from thread 818-09-2026 00:29:34 [38;5;015m[INFO]: [0mThis is a info message from thread 2918-09-2026 00:29:34 [38;5;009m[ERROR]: [0mThis is a error message from thread 418-09-2026 00:29:34 [38;5;117m[DEBUG]: [0mThis is a debug message from thread 2518-09-2026 00:29:34 [38;5;009m[ERROR]: [0mThis is a error message from thread 518-09-2026 00:29:34 [38;5;009m[ERROR]: [0mThis is a error message from thread 718-09-2026 00:29:34 [38;5;015m[INFO]: [0mThis is a info message from thread 2118-09-2026 00:29:34 [38;5;015m[INFO]: [0mThis is a info message from thread 1218-09-2026 00:29:34 [38;5;009m[ERROR]: [0mThis is a error message from thread 2918-09-2026 00:29:34 [38;5;117m[DEBUG]: [0mThis is a debug message from thread 518-09-2026 00:29:34 [38;5;009m[ERROR]: [0mThis is a error message from thread 918-09-2026 00:29:34 [38;5;015m[INFO]: [0mThis is a info message from thread 2518-09-2026 00:29:34 [38;5;009m[ERROR]: [0mThis is a error message from thread 2118-09-2026 00:29:34 [38;5;117m[DEBUG]: [0mThis is a debug message from thread 018-09-2026 00:29:34 [38;5;009m[ERROR]: [0mThis is a error message from thread 2018-09-2026 00:29:34 [38;5;015m[INFO]: [0mThis is a info message from thread 118-09-2026 00:29:34 [38;5;117m[DEBUG]: [0mThis is a debug message from thread 918-09-2026 00:29:34 [38;5;117m[DEBUG]: [0mThis is a debug message from thread 2718-09-2026 00:29:34 [38;5;117m[DEBUG]: [0mThis is a debug message from thread 2118-09-2026 00:29:34 [38;5;015m[INFO]: [0mThis is a info message from thread 318-09-2026 00:29:34 [38;5;009m[ERROR]: [0mThis is a error message from thread 2818-09-2026 00:29:34 [38;5;015m[INFO]: [0mThis is a info message from thread 2218-09-2026 00:29:34 [38;5;009m[ERROR]: [0mThis is a error message from thread 118-09-2026 00:29:34 [38;5;015m[INFO]: [0mThis is a info message from thread 2718-09-2026 00:29:34 [38;5;117m[DEBUG]: [0mThis is a debug message from thread 2818-09-2026 00:29:34 [38;5;009m[ERROR]: [0mThis is a error message from thread 2218-09-2026 00:29:34 [38;5;009m[ERROR]: [0mThis is a error message from thread 1618-09-2026 00:29:34 [38;5;009m[ERROR]: [0mThis is a error message from thread 318-09-2026 00:29:34 [38;5;015m[INFO]: [0mThis is a info message from thread 618-09-2026 00:29:34 [38;5;015m[INFO]: [0mThis is a info message from thread 2818-09-2026 00:29:34 [38;5;015m[INFO]: [0mThis is a info message from thread 2118-09-2026 00:29:34 [38;5;015m[INFO]: [0mThis is a info message from thread 1318-09-2026 00:29:34 [38;5;015m[INFO]: [0mThis is a info message from thread 2418-09-2026 00:29:34 [38;5;117m[DEBUG]: [0mThis is a debug message from thread 2218-09-2026 00:29:34 [38;5;009m[ERROR]: [0mThis is a error message from thread 618-09-2026 00:29:34 [38;5;117m[DEBUG]: [0mThis is a debug message from thread 2318-09-2026 00:29:34 [38;5;117m[DEBUG]: [0mThis is a debug message from thread 818-09-2026 00:29:34 [38;5;009m[ERROR]: [0mThis is a error message from thread 1318-09-2026 00:29:34 [38;5;009m[ERROR]: [0mThis is a error message from thread 1418-09-2026 00:29:34 [38;5;009m[ERROR]: [0mThis is a error message from thread 2118-09-2026 00:29:34 [38;5;015m[INFO]: [0mThis is a info message from thread 818-09-2026 00:29:34 [38;5;117m[DEBUG]: [0mThis is a debug message from thread 1618-09-2026 00:29:34 [38;5;009m[ERROR]: [0mThis is a error message from thread 818-09-2026 00:29:34 [38;5;009m[ERROR]: [0mThis is a error message from thread 1218-09-2026 00:29:34 [38;5;117m[DEBUG]: [0mThis is a debug message from thread 2018-09-2026 00:29:34 [38;5;009m[ERROR]: [0mThis is a error message from thread 2418-09-2026 00:29:34 [38;5;015m[INFO]: [0mThis is a info message from thread 2318-09-2026 00:29:34 [38;5;117m[DEBUG]: [0mThis is a debug message from thread 618-09-2026 00:29:34 [38;5;117m[DEBUG]: [0mThis is a debug message from thread 2118-09-2026 00:29:34 [38;5;015m[INFO]: [0mThis is a info message from thread 2118-09-2026 00:29:34 [38;5;015m[INFO]: [0mThis is a info message from thread 2218-09-2026 00:29:34 [38;5;009m[ERROR]: [0mThis is a error message from thread 2818-09-2026 00:29:34 [38;5;117m[DEBUG]: [0mThis is a debug message from thread 1018-09-2026 00:29:34 [38;5;015m[INFO]: [0mThis is a info message from thread 1618-09-2026 00:29:34 [38;5;009m[ERROR]: [0mThis is a error message from thread 2318-09-2026 00:29:34 [38;5;009m[ERROR]: [0mThis is a error message from thread 2118-09-2026 00:29:34 [38;5;117m[DEBUG]: [0mThis is a debug message from thread 318-09-2026 00:29:34 [38;5;117m[DEBUG]: [0mThis is a debug message from thread 2118-09-2026 00:29:34 [38;5;117m[DEBUG]: [0mThis is a debug message from thread 818-09-2026 00:29:34 [38;5;117m[DEBUG]: [0mThis is a debug message from thread 1318-09-2026 00:29:34 [38;5;117m[DEBUG]: [0mThis is a debug message from thread 1918-09-2026 00:29:34 [38;5;117m[DEBUG]: [0mThis is a debug message from thread 2818-09-2026 00:29:34 [38;5;015m[INFO]: [0mThis is a info message from thread 1318-09-2026 00:29:34 [38;5;015m[INFO]: [0mThis is a info message from thread 1018-09-2026 00:29:34 [38;5;009m[ERROR]: [0mThis is a error message from thread 1318-09-2026 00:29:34 [38;5;009m[ERROR]: [0mThis is a error message from thread 1718-09-2026 00:29:34 [38;5;117m[DEBUG]: [0mThis is a debug message from thread 2918-09-2026 00:29:34 [38;5;015m[INFO]: [0mThis is a info message from thread 2818-09-2026 00:29:34 [38;5;009m[ERROR]: [0mThis is a error message from thread 2218-09-2026 00:29:34 [38;5;117m[DEBUG]: [0mThis is a debug message from thread 2418-09-2026 00:29:34 [38;5;015m[INFO]: [0mThis is a info message from thread 518-09-2026 00:29:34 [38;5;015m[INFO]: [0mThis is a info message from thread 618-09-2026 00:29:34 [38;5;117m[DEBUG]: [0mThis is a debug message from thread 718-09-2026 00:29:34 [38;5;009m[ERROR]: [0mThis is a error message from thread 1618-09-2026 00:29:34 [38;5;015m[INFO]: [0mThis is a info message from thread 218-09-2026 00:29:34 [38;5;015m[INFO]: [0mThis is a info message from thread 2918-09-2026 00:29:34 [38;5;117m[DEBUG]: [0mThis is a debug message from thread 1718-09-2026 00:29:34 [38;5;117m[DEBUG]: [0mThis is a debug message from thread 2218-09-2026 00:29:34 [38;5;117m[DEBUG]: [0mThis is a debug message from thread 2318-09-2026 00:29:34 [38;5;117m[DEBUG]: [0mThis is a debug message from thread 1618-09-2026 00:29:34 [38;5;015m[INFO]: [0mThis is a info message from thread 718-09-2026 00:29:34 [38;5;117m[DEBUG]: [0mThis is a debug message from thread 1518-09-2026 00:29:34 [38;5;009m[ERROR]: [0mThis is a error message from thread 218-09-2026 00:29:34 [38;5;009m[ERROR]: [0mThis is a error message from thread 2918-09-2026 00:29:34 [38;5;117m[DEBUG]: [0mThis is a debug message from thread 218-09-2026 00:29:34 [38;5;009m[ERROR]: [0mThis is a error message from thread 2518-09-2026 00:29:34 [38;5;015m[INFO]: [0mThis is a info message from thread 1718-09-2026 00:29:34 [38;5;015m[INFO]: [0mThis is a info message from thread 1518-09-2026 00:29:34 [38;5;009m[ERROR]: [0mThis is a error message from thread 1718-09-2026 00:29:34 [38;5;015m[INFO]: [0mThis is a info message from thread 018-09-2026 00:29:34 [38;5;009m[ERROR]: [0mThis is a error message from thread 1518-09-2026 00:29:34 [38;5;015m[INFO]: [0mThis is a info message from thread 2318-09-2026 00:29:34 [38;5;117m[DEBUG]: [0mThis is a debug message from thread 2918-09-2026 00:29:34 [38;5;015m[INFO]: [0mThis is a info message from thread 918-09-2026 00:29:34 [38;5;117m[DEBUG]: [0mThis is a debug message from thread 2518-09-2026 00:29:34 [38;5;009m[ERROR]: [0mThis is a error message from thread 918-09-2026 00:29:34 [38;5;117m[DEBUG]: [0mThis is a debug message from thread 1518-09-2026 00:29:34 [38;5;015m[INFO]: [0mThis is a info message from thread 2918-09-2026 00:29:34 [38;5;015m[INFO]: [0mThis is a info message from thread 2218-09-2026 00:29:34 [38;5;015m[INFO]: [0mThis is a info message from thread 2518-09-2026 00:29:34 [38;5;009m[ERROR]: [0mThis is a error message from thread 2218-09-2026 00:29:34 [38;5;009m[ERROR]: [0mThis is a error message from thread 2318-09-2026 00:29:34 [38;5;015m[INFO]: [0mThis is a info message from thread 1618-09-2026 00:29:34 [38;5;015m[INFO]: [0mThis is a info message from thread 2418-09-2026 00:29:34 [38;5;015m[INFO]: [0mThis is a info message from thread 2018-09-2026 00:29:34 [38;5;015m[INFO]: [0mThis is a info message from thread 1518-09-2026 00:29:34 [38;5;009m[ERROR]: [0mThis is a error message from thread 2718-09-2026 00:29:34 [38;5;117m[DEBUG]: [0mThis is a debug message from thread 2218-09-2026 00:29:34 [38;5;009m[ERROR]: [0mThis is a error message from thread 2418-09-2026 00:29:34 [38;5;117m[DEBUG]: [0mThis is a debug message from thread 2318-09-2026 00:29:34 [38;5;015m[INFO]: [0mThis is a info message from thread 2318-09-2026 00:29:34 [38;5;117m[DEBUG]: [0mThis is a debug message from thread 2418-09-2026 00:29:34 [38;5;117m[DEBUG]: [0mThis is a debug message from thread 2718-09-2026 00:29:34 [38;5;117m[DEBUG]: [0mThis is a debug message from thread 118-09-2026 00:29:34 [38;5;015m[INFO]: [0mThis is a info message from thread 1118-09-2026 00:29:34 [38;5;009m[ERROR]: [0mThis is a error message from thread 1618-09-2026 00:29:34 [38;5;015m[INFO]: [0mThis is a info message from thread 2418-09-2026 00:29:34 [38;5;015m[INFO]: [0mThis is a info message from thread 818-09-2026 00:29:34 [38;5;015m[INFO]: [0mThis is a info message from thread 2218-09-2026 00:29:34 [38;5;009m[ERROR]: [0mThis is a error message from thread 1118-09-2026 00:29:34 [38;5;009m[ERROR]: [0mThis is a error message from thread 2418-09-2026 00:29:34 [38;5;009m[ERROR]: [0mThis is a error message from thread 1518-09-2026 00:29:34 [38;5;117m[DEBUG]: [0mThis is a debug message from thread 1418-09-2026 00:29:34 [38;5;015m[INFO]: [0mThis is a info message from thread 1418-09-2026 00:29:34 [38;5;015m[INFO]: [0mThis is a info message from thread 2718-09-2026 00:29:34 [38;5;117m[DEBUG]: [0mThis is a debug message from thread 1618-09-2026 00:29:34 [38;5;117m[DEBUG]: [0mThis is a debug message from thread 1518-09-2026 00:29:34 [38;5;009m[ERROR]: [0mThis is a error message from thread 1418-09-2026 00:29:34 [38;5;117m[DEBUG]: [0mThis is a debug message from thread 1118-09-2026 00:29:34 [38;5;009m[ERROR]: [0mThis is a error message from thread 2518-09-2026 00:29:34 [38;5;015m[INFO]: [0mThis is a info message from thread 1518-09-2026 00:29:34 [38;5;117m[DEBUG]: [0mThis is a debug message from thread 2418-09-2026 00:29:34 [38;5;117m[DEBUG]: [0mThis is a debug message from thread 1418-09-2026 00:29:34 [38;5;009m[ERROR]: [0mThis is a error message from thread 2718-09-2026 00:29:34 [38;5;009m[ERROR]: [0mThis is a error message from thread 1518-09-2026 00:29:34 [38;5;009m[ERROR]: [0mThis is a error message from thread 818-09-2026 00:29:34 [38;5;117m[DEBUG]: [0mThis is a debug message from thread 1518-09-2026 00:29:34 [38;5;015m[INFO]: [0mThis is a info message from thread 2118-09-2026 00:29:34 [38;5;009m[ERROR]: [0mThis is a error message from thread 2318-09-2026 00:29:34 [38;5;009m[ERROR]: [0mThis is a error message from thread 618-09-2026 00:29:34 [38;5;015m[INFO]: [0mThis is a info message from thread 1618-09-2026 00:29:34 [38;5;015m[INFO]: [0mThis is a info message from thread 318-09-2026 00:29:34 [38;5;117m[DEBUG]: [0mThis is a debug message from thread 2718-09-2026 00:29:34 [38;5;117m[DEBUG]: [0mThis is a debug message from thread 2518-09-2026 00:29:34 [38;5;015m[INFO]: [0mThis is a info message from thread 1118-09-2026 00:29:34 [38;5;009m[ERROR]: [0mThis is a error message from thread 2118-09-2026 00:29:34 [38;5;015m[INFO]: [0mThis is a info message from thread 2418-09-2026 00:29:34 [38;5;009m[ERROR]: [0mThis is a error message from thread 718-09-2026 00:29:34 [38;5;009m[ERROR]: [0mThis is a error message from thread 1018-09-2026 00:29:34 [38;5;117m[DEBUG]: [0mThis is a debug message from thread 2118-09-2026 00:29:34 [38;5;009m[ERROR]: [0mThis is a error message from thread 2018-09-2026 00:29:34 [38;5;015m[INFO]: [0mThis is a info message from thread 1918-09-2026 00:29:34 [38;5;015m[INFO]: [0mThis is a info message from thread 2718-09-2026 00:29:34 [38;5;117m[DEBUG]: [0mThis is a debug message from thread 1018-09-2026 00:29:34 [38;5;009m[ERROR]: [0mThis is a error message from thread 2718-09-2026 00:29:34 [38;5;009m[ERROR]: [0mThis is a error message from thread 318-09-2026 00:29:34 [38;5;009m[ERROR]: [0mThis is a error message from thread 2418-09-2026 00:29:34 [38;5;117m[DEBUG]: [0mThis is a debug message from thread 418-09-2026 00:29:34 [38;5;009m[ERROR]: [0mThis is a error message from thread 2818-09-2026 00:29:34 [38;5;015m[INFO]: [0mThis is a info message from thread 1018-09-2026 00:29:34 [38;5;117m[DEBUG]: [0mThis is a debug message from thread 718-09-2026 00:29:34 [38;5;009m[ERROR]: [0mThis is a error message from thread 1018-09-2026 00:29:34 [38;5;009m[ERROR]: [0mThis is a error message from thread 1618-09-2026 00:29:34 [38;5;117m[DEBUG]: [0mThis is a debug message from thread 318-09-2026 00:29:34 [38;5;009m[ERROR]: [0mThis is a error message from thread 018-09-2026 00:29:34 [38;5;009m[ERROR]: [0mThis is a error message from thread 1118-09-2026 00:29:34 [38;5;117m[DEBUG]: [0mThis is a debug message from thread 2418-09-2026 00:29:34 [38;5;117m[DEBUG]: [0mThis is a debug message from thread 2718-09-2026 00:29:34 [38;5;009m[ERROR]: [0mThis is a error message from thread 2218-09-2026 00:29:34 [38;5;015m[INFO]: [0mThis is a info message from thread 1418-09-2026 00:29:34 [38;5;117m[DEBUG]: [0mThis is a debug message from thread 018-09-2026 00:29:34 [38;5;015m[INFO]: [0mThis is a info message from thread 2518-09-2026 00:29:34 [38;5;009m[ERROR]: [0mThis is a error message from thread 2918-09-2026 00:29:34 [38;5;117m[DEBUG]: [0mThis is a debug message from thread 1218-09-2026 00:29:34 [38;5;015m[INFO]: [0mThis is a info message from thread 2718-09-2026 00:29:34 [38;5;117m[DEBUG]: [0mThis is a debug message from thread 2218-09-2026 00:29:34 [38;5;015m[INFO]: [0mThis is a info message from thread 1218-09-2026 00:29:34 [38;5;117m[DEBUG]: [0mThis is a debug message from thread 1118-09-2026 00:29:34 [38;5;015m[INFO]: [0mThis is a info message from thread 018-09-2026 00:29:34 [38;5;015m[INFO]: [0mThis is a info message from thread 2218-09-2026 00:29:34 [38;5;009m[ERROR]: [0mThis is a error message from thread 1218-09-2026 00:29:34 [38;5;117m[DEBUG]: [0mThis is a debug message from thread 2318-09-2026 00:29:34 [38;5;009m[ERROR]: [0mThis is a error message from thread 2718-09-2026 00:29:34 [38;5;009m[ERROR]: [0mThis is a error message from thread 018-09-2026 00:29:34 [38;5;009m[ERROR]: [0mThis is a error message from thread 1918-09-2026 00:29:34 [38;5;009m[ERROR]: [0mThis is a error message from thread 2518-09-2026 00:29:34 [38;5;015m[INFO]: [0mThis is a info message from thread 2418-09-2026 00:29:34 [38;5;009m[ERROR]: [0mThis is a error message from thread 2218-09-2026 00:29:34 [38;5;015m[INFO]: [0mThis is a info message from thread 1118-09-2026 00:29:34 [38;5;117m[DEBUG]: [0mThis is a debug message from thread 1918-09-2026 00:29:34 [38;5;117m[DEBUG]: [0mThis is a debug message from thread 2518-09-2026 00:29:34 [38;5;009m[ERROR]: [0mThis is a error message from thread 2418-09-2026 00:29:34 [38;5;015m[INFO]: [0mThis is a info message from thread 2518-09-2026 00:29:34 [38;5;117m[DEBUG]: [0mThis is a debug message from thread 1618-09-2026 00:29:34 [38;5;117m[DEBUG]: [0mThis is a debug message from thread 618-09-2026 00:29:34 [38;5;117m[DEBUG]: [0mThis is a debug message from thread 2418-09-2026 00:29:34 [38;5;117m[DEBUG]: [0mThis is a debug message from thread 818-09-2026 00:29:34 [38;5;117m[DEBUG]: [0mThis is a debug message from thread 018-09-2026 00:29:34 [38;5;117m[DEBUG]: [0mThis is a debug message from thread 1318-09-2026 00:29:34 [38;5;117m[DEBUG]: [0mThis is a debug message from thread 2218-09-2026 00:29:34 [38;5;015m[INFO]: [0mThis is a info message from thread 1318-09-2026 00:29:34 [38;5;015m[INFO]: [0mThis is a info message from thread 2118-09-2026 00:29:34 [38;5;009m[ERROR]: [0mThis is a error message from thread 518-09-2026 00:29:34 [38;5;117m[DEBUG]: [0mThis is a debug message from thread 2918-09-2026 00:29:34 [38;5;117m[DEBUG]: [0mThis is a debug message from thread 518-09-2026 00:29:34 [38;5;015m[INFO]: [0mThis is a info message from thread 2318-09-2026 00:29:34 [38;5;009m[ERROR]: [0mThis is a error message from thread 1118-09-2026 00:29:34 [38;5;117m[DEBUG]: [0mThis is a debug message from thread 2818-09-2026 00:29:34 [38;5;015m[INFO]: [0mThis is a info message from thread 2918-09-2026 00:29:34 [38;5;015m[INFO]: [0mThis is a info message from thread 2418-09-2026 00:29:34 [38;5;009m[ERROR]: [0mThis is a error message from thread 2918-09-2026 00:29:34 [38;5;117m[DEBUG]: [0mThis is a debug message from thread 1018-09-2026 00:29:34 [38;5;009m[ERROR]: [0mThis is a error message from thread 2318-09-2026 00:29:34 [38;5;117m[DEBUG]: [0mThis is a debug message from thread 2918-09-2026 00:29:34 [38;5;009m[ERROR]: [0mThis is a error message from thread 2518-09-2026 00:29:34 [38;5;117m[DEBUG]: [0mThis is a debug message from thread 2518-09-2026 00:29:34 [38;5;015m[INFO]: [0mThis is a info message from thread 2818-09-2026 00:29:34 [38;5;015m[INFO]: [0mThis is a info message from thread 618-09-2026 00:29:34 [38;5;015m[INFO]: [0mThis is a info message from thread 2218-09-2026 00:29:34 [38;5;117m[DEBUG]: [0mThis is a debug message from thread 2318-09-2026 00:29:34 [38;5;015m[INFO]: [0mThis is a info message from thread 1018-09-2026 00:29:34 [38;5;015m[INFO]: [0mThis is a info message from thread 2918-09-2026 00:29:34 [38;5;015m[INFO]: [0mThis is a info message from thread 518-09-2026 00:29:34 [38;5;009m[ERROR]: [0mThis is a error message from thread 1318-09-2026 00:29:34 [38;5;009m[ERROR]: [0mThis is a error message from thread 2918-09-2026 00:29:34 [38;5;009m[ERROR]: [0mThis is a error message from thread 2418-09-2026 00:29:34 [38;5;015m[INFO]: [0mThis is a info message from thread 2518-09-2026 00:29:34 [38;5;009m[ERROR]: [0mThis is a error message from thread 518-09-2026 00:29:34 [38;5;009m[ERROR]: [0mThis is a error message from thread 2818-09-2026 00:29:34 [38;5;015m[INFO]: [0mThis is a info message from thread 418-09-2026 00:29:34 [38;5;009m[ERROR]: [0mThis is a error message from thread 2218-09-2026 00:29:34 [38;5;117m[DEBUG]: [0mThis is a debug message from thread 1318-09-2026 00:29:34 [38;5;009m[ERROR]: [0mThis is a error message from thread 2518-09-2026 00:29:34 [38;5;117m[DEBUG]: [0mThis is a debug message from thread 518-09-2026 00:29:34 [38;5;117m[DEBUG]: [0mThis is a debug message from thread 2918-09-2026 00:29:34 [38;5;009m[ERROR]: [0mThis is a error message from thread 1018-09-2026 00:29:34 [38;5;015m[INFO]: [0mThis is a info message from thread 218-09-2026 00:29:34 [38;5;117m[DEBUG]: [0mThis is a debug message from thread 2818-09-2026 00:29:34 [38;5;009m[ERROR]: [0mThis is a error message from thread 418-09-2026 00:29:34 [38;5;117m[DEBUG]: [0mThis is a debug message from thread 918-09-2026 00:29:34 [38;5;015m[INFO]: [0mThis is a info message from thread 1818-09-2026 00:29:34 [38;5;015m[INFO]: [0mThis is a info message from thread 918-09-2026 00:29:34 [38;5;009m[ERROR]: [0mThis is a error message from thread 918-09-2026 00:29:34 [38;5;117m[DEBUG]: [0mThis is a debug message from thread 2218-09-2026 00:29:34 [38;5;009m[ERROR]: [0mThis is a error message from thread 218-09-2026 00:29:34 [38;5;015m[INFO]: [0mThis is a info message from thread 2218-09-2026 00:29:34 [38;5;015m[INFO]: [0mThis is a info message from thread 2318-09-2026 00:29:34 [38;5;117m[DEBUG]: [0mThis is a debug message from thread 918-09-2026 00:29:34 [38;5;117m[DEBUG]: [0mThis is a debug message from thread 1718-09-2026 00:29:34 [38;5;009m[ERROR]: [0mThis is a error message from thread 2318-09-2026 00:29:34 [38;5;015m[INFO]: [0mThis is a info message from thread 818-09-2026 00:29:34 [38;5;117m[DEBUG]: [0mThis is a debug message from thread 218-09-2026 00:29:34 [38;5;009m[ERROR]: [0mThis is a error message from thread 2618-09-2026 00:29:34 [38;5;015m[INFO]: [0mThis is a info message from thread 2918-09-2026 00:29:34 [38;5;117m[DEBUG]: [0mThis is a debug message from thread 2018-09-2026 00:29:34 [38;5;009m[ERROR]: [0mThis is a error message from thread 1818-09-2026 00:29:34 [38;5;015m[INFO]: [0mThis is a info message from thread 718-09-2026 00:29:34 [38;5;117m[DEBUG]: [0mThis is a debug message from thread 1818-09-2026 00:29:34 [38;5;015m[INFO]: [0mThis is a info message from thread 218-09-2026 00:29:34 [38;5;015m[INFO]: [0mThis is a info message from thread 1718-09-2026 00:29:34 [38;5;015m[INFO]: [0mThis is a info message from thread 118-09-2026 00:29:34 [38;5;009m[ERROR]: [0mThis is a error message from thread 2918-09-2026 00:29:34 [38;5;015m[INFO]: [0mThis is a info message from thread 1518-09-2026 00:29:34 [38;5;009m[ERROR]: [0mThis is a error message from thread 118-09-2026 00:29:34 [38;5;117m[DEBUG]: [0mThis is a debug message from thread 2318-09-2026 00:29:34 [38;5;009m[ERROR]: [0mThis is a error message from thread 1718-09-2026 00:29:34 [38;5;117m[DEBUG]: [0mThis is a debug message from thread 118-09-2026 00:29:34 [38;5;015m[INFO]: [0mThis is a info message from thread 1818-09-2026 00:29:34 [38;5;117m[DEBUG]: [0mThis is a debug message from thread 1018-09-2026 00:29:34 [38;5;015m[INFO]: [0mThis is a info message from thread 918-09-2026 00:29:34 [38;5;015m[INFO]: [0mThis is a info message from thread 1318-09-2026 00:29:34 [38;5;015m[INFO]: [0mThis is a info message from thread 2318-09-2026 00:29:34 [38;5;009m[ERROR]: [0mThis is a error message from thread 218-09-2026 00:29:34 [38;5;117m[DEBUG]: [0mThis is a debug message from thread 2918-09-2026 00:29:34 [38;5;117m[DEBUG]: [0mThis is a debug message from thread 1218-09-2026 00:29:34 [38;5;117m[DEBUG]: [0mThis is a debug message from thread 1718-09-2026 00:29:34 [38;5;117m[DEBUG]: [0mThis is a debug message from thread 218-09-2026 00:29:34 [38;5;117m[DEBUG]: [0mThis is a debug message from thread 2518-09-2026 00:29:34 [38;5;015m[INFO]: [0mThis is a info message from thread 1618-09-2026 00:29:34 [38;5;009m[ERROR]: [0mThis is a error message from thread 618-09-2026 00:29:34 [38;5;009m[ERROR]: [0mThis is a error message from thread 2218-09-2026 00:29:34 [38;5;015m[INFO]: [0mThis is a info message from thread 2018-09-2026 00:29:34 [38;5;009m[ERROR]: [0mThis is a error message from thread 1518-09-2026 00:29:34 [38;5;009m[ERROR]: [0mThis is a error message from thread 2018-09-2026 00:29:34 [38;5;009m[ERROR]: [0mThis is a error message from thread 1318-09-2026 00:29:34 [38;5;015m[INFO]: [0mThis is a info message from thread 1718-09-2026 00:29:34 [38;5;009m[ERROR]: [0mThis is a error message from thread 1718-09-2026 00:29:34 [38;5;015m[INFO]: [0mThis is a info message from thread 018-09-2026 00:29:34 [38;5;117m[DEBUG]: [0mThis is a debug message from thread 2018-09-2026 00:29:34 [38;5;009m[ERROR]: [0mThis is a error message from thread 1418-09-2026 00:29:34 [38;5;009m[ERROR]: [0mThis is a error message from thread 2318-09-2026 00:29:34 [38;5;015m[INFO]: [0mThis is a info message from thread 2018-09-2026 00:29:34 [38;5;117m[DEBUG]: [0mThis is a debug message from thread 1518-09-2026 00:29:34 [38;5;009m[ERROR]: [0mThis is a error message from thread 1818-09-2026 00:29:34 [38;5;015m[INFO]: [0mThis is a info message from thread 1918-09-2026 00:29:34 [38;5;009m[ERROR]: [0mThis is a error message from thread 2118-09-2026 00:29:34 [38;5;009m[ERROR]: [0mThis is a error message from thread 818-09-2026 00:29:34 [38;5;015m[INFO]: [0mThis is a info message from thread 318-09-2026 00:29:34 [38;5;117m[DEBUG]: [0mThis is a debug message from thread 2718-09-2026 00:29:34 [38;5;117m[DEBUG]: [0mThis is a debug message from thread 418-09-2026 00:29:34 [38;5;015m[INFO]: [0mThis is a info message from thread 2918-09-2026 00:29:34 [38;5;009m[ERROR]: [0mThis is a error message from thread 718-09-2026 00:29:34 [38;5;117m[DEBUG]: [0mThis is a debug message from thread 618-09-2026 00:29:34 [38;5;015m[INFO]: [0mThis is a info message from thread 2518-09-2026 00:29:34 [38;5;015m[INFO]: [0mThis is a info message from thread 2818-09-2026 00:29:34 [38;5;015m[INFO]: [0mThis is a info message from thread 518-09-2026 00:29:34 [38;5;117m[DEBUG]: [0mThis is a debug message from thread 2218-09-2026 00:29:34 [38;5;009m[ERROR]: [0mThis is a error message from thread 2018-09-2026 00:29:34 [38;5;015m[INFO]: [0mThis is a info message from thread 2218-09-2026 00:29:34 [38;5;117m[DEBUG]: [0mThis is a debug message from thread 718-09-2026 00:29:34 [38;5;009m[ERROR]: [0mThis is a error message from thread 2218-09-2026 00:29:34 [38;5;015m[INFO]: [0mThis is a info message from thread 418-09-2026 00:29:34 [38;5;117m[DEBUG]: [0mThis is a debug message from thread 2018-09-2026 00:29:34 [38;5;117m[DEBUG]: [0mThis is a debug message from thread 2418-09-2026 00:29:34 [38;5;015m[INFO]: [0mThis is a info message from thread 1018-09-2026 00:29:34 [38;5;117m[DEBUG]: [0mThis is a debug message from thread 2218-09-2026 00:29:34 [38;5;015m[INFO]: [0mThis is a info message from thread 2018-09-2026 00:29:34 [38;5;009m[ERROR]: [0mThis is a error message from thread 2818-09-2026 00:29:34 [38;5;015m[INFO]: [0mThis is a info message from thread 1218-09-2026 00:29:34 [38;5;117m[DEBUG]: [0mThis is a debug message from thread 818-09-2026 00:29:34 [38;5;015m[INFO]: [0mThis is a info message from thread 2418-09-2026 00:29:34 [38;5;009m[ERROR]: [0mThis is a error message from thread 418-09-2026 00:29:34 [38;5;009m[ERROR]: [0mThis is a error message from thread 2018-09-2026 00:29:34 [38;5;009m[ERROR]: [0mThis is a error message from thread 1618-09-2026 00:29:34 [38;5;117m[DEBUG]: [0mThis is a debug message from thread 2818-09-2026 00:29:34 [38;5;015m[INFO]: [0mThis is a info message from thread 2218-09-2026 00:29:34 [38;5;117m[DEBUG]: [0mThis is a debug message from thread 2018-09-2026 00:29:34 [38;5;009m[ERROR]: [0mThis is a error message from thread 1218-09-2026 00:29:34 [38;5;015m[INFO]: [0mThis is a info message from thread 2818-09-2026 00:29:34 [38;5;009m[ERROR]: [0mThis is a error message from thread 2418-09-2026 00:29:34 [38;5;009m[ERROR]: [0mThis is a error message from thread 1018-09-2026 00:29:34 [38;5;117m[DEBUG]: [0mThis is a debug message from thread 418-09-2026 00:29:34 [38;5;117m[DEBUG]: [0mThis is a debug message from thread 2418-09-2026 00:29:34 [38;5;117m[DEBUG]: [0mThis is a debug message from thread 1218-09-2026 00:29:34 [38;5;009m[ERROR]: [0mThis is a error message from thread 2218-09-2026 00:29:34 [38;5;015m[INFO]: [0mThis is a info message from thread 2018-09-2026 00:29:34 [38;5;015m[INFO]: [0mThis is a info message from thread 2418-09-2026 00:29:34 [38;5;009m[ERROR]: [0mThis is a error message from thread 2818-09-2026 00:29:34 [38;5;015m[INFO]: [0mThis is a info message from thread 2718-09-2026 00:29:34 [38;5;015m[INFO]: [0mThis is a info message from thread 618-09-2026 00:29:34 [38;5;015m[INFO]: [0mThis is a info message from thread 418-09-2026 00:29:34 [38;5;117m[DEBUG]: [0mThis is a debug message from thread 1718-09-2026 00:29:34 [38;5;009m[ERROR]: [0mThis is a error message from thread 418-09-2026 00:29:34 [38;5;117m[DEBUG]: [0mThis is a debug message from thread 2218-09-2026 00:29:34 [38;5;009m[ERROR]: [0mThis is a error message from thread 2018-09-2026 00:29:34 [38;5;009m[ERROR]: [0mThis is a error message from thread 2418-09-2026 00:29:34 [38;5;015m[INFO]: [0mThis is a info message from thread 2218-09-2026 00:29:34 [38;5;015m[INFO]: [0mThis is a info message from thread 1718-09-2026 00:29:34 [38;5;117m[DEBUG]: [0mThis is a debug message from thread 1118-09-2026 00:29:34 [38;5;009m[ERROR]: [0mThis is a error message from thread 1718-09-2026 00:29:34 [38;5;117m[DEBUG]: [0mThis is a debug message from thread 2018-09-2026 00:29:34 [38;5;009m[ERROR]: [0mThis is a error message from thread 518-09-2026 00:29:34 [38;5;117m[DEBUG]: [0mThis is a debug message from thread 2818-09-2026 00:29:34 [38;5;117m[DEBUG]: [0mThis is a debug message from thread 2418-09-2026 00:29:34 [38;5;117m[DEBUG]: [0mThis is a debug message from thread 418-09-2026 00:29:34 [38;5;009m[ERROR]: [0mThis is a error message from thread 2218-09-2026 00:29:34 [38;5;117m[DEBUG]: [0mThis is a debug message from thread 2218-09-2026 00:29:34 [38;5;117m[DEBUG]: [0mThis is a debug message from thread 1718-09-2026 00:29:34 [38;5;015m[INFO]: [0mThis is a info message from thread 2818-09-2026 00:29:34 [38;5;015m[INFO]: [0mThis is a info message from thread 2218-09-2026 00:29:34 [38;5;009m[ERROR]: [0mThis is a error message from thread 2818-09-2026 00:29:34 [38;5;015m[INFO]: [0mThis is a info message from thread 2418-09-2026 00:29:34 [38;5;015m[INFO]: [0mThis is a info message from thread 418-09-2026 00:29:34 [38;5;015m[INFO]: [0mThis is a info message from thread 1718-09-2026 00:29:34 [38;5;009m[ERROR]: [0mThis is a error message from thread 2218-09-2026 00:29:34 [38;5;009m[ERROR]: [0mThis is a error message from thread 418-09-2026 00:29:34 [38;5;015m[INFO]: [0mThis is a info message from thread 2018-09-2026 00:29:34 [38;5;009m[ERROR]: [0mThis is a error message from thread 1718-09-2026 00:29:34 [38;5;117m[DEBUG]: [0mThis is a debug message from thread 418-09-2026 00:29:34 [38;5;015m[INFO]: [0mThis is a info message from thread 818-09-2026 00:29:34 [38;5;117m[DEBUG]: [0mThis is a debug message from thread 518-09-2026 00:29:34 [38;5;015m[INFO]: [0mThis is a info message from thread 418-09-2026 00:29:34 [38;5;117m[DEBUG]: [0mThis is a debug message from thread 2818-09-2026 00:29:34 [38;5;117m[DEBUG]: [0mThis is a debug message from thread 1418-09-2026 00:29:34 [38;5;009m[ERROR]: [0mThis is a error message from thread 618-09-2026 00:29:34 [38;5;015m[INFO]: [0mThis is a info message from thread 518-09-2026 00:29:34 [38;5;009m[ERROR]: [0mThis is a error message from thread 2018-09-2026 00:29:34 [38;5;009m[ERROR]: [0mThis is a error message from thread 2918-09-2026 00:29:34 [38;5;009m[ERROR]: [0mThis is a error message from thread 518-09-2026 00:29:34 [38;5;117m[DEBUG]: [0mThis is a debug message from thread 1618-09-2026 00:29:34 [38;5;015m[INFO]: [0mThis is a info message from thread 218-09-2026 00:29:34 [38;5;015m[INFO]: [0mThis is a info message from thread 1118-09-2026 00:29:34 [38;5;117m[DEBUG]: [0mThis is a debug message from thread 1018-09-2026 00:29:34 [38;5;015m[INFO]: [0mThis is a info message from thread 1418-09-2026 00:29:34 [38;5;117m[DEBUG]: [0mThis is a debug message from thread 1718-09-2026 00:29:34 [38;5;117m[DEBUG]: [0mThis is a debug message from thread 518-09-2026 00:29:34 [38;5;009m[ERROR]: [0mThis is a error message from thread 318-09-2026 00:29:34 [38;5;015m[INFO]: [0mThis is a info message from thread 2818-09-2026 00:29:34 [38;5;009m[ERROR]: [0mThis is a error message from thread 918-09-2026 00:29:34 [38;5;015m[INFO]: [0mThis is a info message from thread 1718-09-2026 00:29:34 [38;5;117m[DEBUG]: [0mThis is a debug message from thread 918-09-2026 00:29:34 [38;5;015m[INFO]: [0mThis is a info message from thread 518-09-2026 00:29:34 [38;5;009m[ERROR]: [0mThis is a error message from thread 1418-09-2026 00:29:34 [38;5;009m[ERROR]: [0mThis is a error message from thread 018-09-2026 00:29:34 [38;5;009m[ERROR]: [0mThis is a error message from thread 2718-09-2026 00:29:34 [38;5;117m[DEBUG]: [0mThis is a debug message from thread 2618-09-2026 00:29:34 [38;5;015m[INFO]: [0mThis is a info message from thread 1618-09-2026 00:29:34 [38;5;009m[ERROR]: [0mThis is a error message from thread 518-09-2026 00:29:34 [38;5;015m[INFO]: [0mThis is a info message from thread 918-09-2026 00:29:34 [38;5;009m[ERROR]: [0mThis is a error message from thread 1718-09-2026 00:29:34 [38;5;117m[DEBUG]: [0mThis is a debug message from thread 1418-09-2026 00:29:34 [38;5;117m[DEBUG]: [0mThis is a debug message from thread 1318-09-2026 00:29:34 [38;5;117m[DEBUG]: [0mThis is a debug message from thread 518-09-2026 00:29:34 [38;5;117m[DEBUG]: [0mThis is a debug message from thread 318-09-2026 00:29:34 [38;5;009m[ERROR]: [0mThis is a error message from thread 818-09-2026 00:29:34 [38;5;117m[DEBUG]: [0mThis is a debug message from thread 1718-09-2026 00:29:34 [38;5;015m[INFO]: [0mThis is a info message from thread 2618-09-2026 00:29:34 [38;5;015m[INFO]: [0mThis is a info message from thread 1418-09-2026 00:29:34 [38;5;009m[ERROR]: [0mThis is a error message from thread 918-09-2026 00:29:34 [38;5;015m[INFO]: [0mThis is a info message from thread 1318-09-2026 00:29:34 [38;5;117m[DEBUG]: [0mThis is a debug message from thread 918-09-2026 00:29:34 [38;5;009m[ERROR]: [0mThis is a error message from thread 2618-09-2026 00:29:34 [38;5;009m[ERROR]: [0mThis is a error message from thread 1418-09-2026 00:29:34 [38;5;117m[DEBUG]: [0mThis is a debug message from thread 018-09-2026 00:29:34 [38;5;009m[ERROR]: [0mThis is a error message from thread 1318-09-2026 00:29:34 [38;5;009m[ERROR]: [0mThis is a error message from thread 2518-09-2026 00:29:34 [38;5;015m[INFO]: [0mThis is a info message from thread 1218-09-2026 00:29:34 [38;5;009m[ERROR]: [0mThis is a error message from thread 218-09-2026 00:29:34 [38;5;117m[DEBUG]: [0mThis is a debug message from thread 2218-09-2026 00:29:34 [38;5;117m[DEBUG]: [0mThis is a debug message from thread 218-09-2026 00:29:34 [38;5;117m[DEBUG]: [0mThis is a debug message from thread 2018-09-2026 00:29:34 [38;5;009m[ERROR]: [0mThis is a error message from thread 2818-09-2026 00:29:34 [38;5;009m[ERROR]: [0mThis is a error message from thread 2418-09-2026 00:29:34 [38;5;117m[DEBUG]: [0mThis is a debug message from thread 2118-09-2026 00:29:34 [38;5;009m[ERROR]: [0mThis is a error message from thread 1618-09-2026 00:29:34 [38;5;009m[ERROR]: [0mThis is a error message from thread 418-09-2026 00:29:34 [38;5;015m[INFO]: [0mThis is a info message from thread 318-09-2026 00:29:34 [38;5;015m[INFO]: [0mThis is a info message from thread 2118-09-2026 00:29:34 [38;5;117m[DEBUG]: [0mThis is a debug message from thread 618-09-2026 00:29:34 [38;5;015m[INFO]: [0mThis is a info message from thread 1018-09-2026 00:29:34 [38;5;117m[DEBUG]: [0mThis is a debug message from thread 2418-09-2026 00:29:34 [38;5;009m[ERROR]: [0mThis is a error message from thread 1118-09-2026 00:29:34 [38;5;009m[ERROR]: [0mThis is a error message from thread 1918-09-2026 00:29:34 [38;5;117m[DEBUG]: [0mThis is a debug message from thread 1618-09-2026 00:29:34 [38;5;015m[INFO]: [0mThis is a info message from thread 1518-09-2026 00:29:34 [38;5;117m[DEBUG]: [0mThis is a debug message from thread 818-09-2026 00:29:34 [38;5;009m[ERROR]: [0mThis is a error message from thread 318-09-2026 00:29:34 [38;5;015m[INFO]: [0mThis is a info message from thread 218-09-2026 00:29:34 [38;5;117m[DEBUG]: [0mThis is a debug message from thread 1118-09-2026 00:29:34 [38;5;015m[INFO]: [0mThis is a info message from thread 2418-09-2026 00:29:34 [38;5;009m[ERROR]: [0mThis is a error message from thread 218-09-2026 00:29:34 [38;5;009m[ERROR]: [0mThis is a error message from thread 1518-09-2026 00:29:34 [38;5;015m[INFO]: [0mThis is a info message from thread 1618-09-2026 00:29:34 [38;5;117m[DEBUG]: [0mThis is a debug message from thread 218-09-2026 00:29:34 [38;5;009m[ERROR]: [0mThis is a error message from thread 2418-09-2026 00:29:34 [38;5;009m[ERROR]: [0mThis is a error message from thread 2118-09-2026 00:29:34 [38;5;015m[INFO]: [0mThis is a info message from thread 218-09-2026 00:29:34 [38;5;117m[DEBUG]: [0mThis is a debug message from thread 2918-09-2026 00:29:34 [38;5;117m[DEBUG]: [0mThis is a debug message from thread 418-09-2026 00:29:34 [38;5;117m[DEBUG]: [0mThis is a debug message from thread 1518-09-2026 00:29:34 [38;5;009m[ERROR]: [0mThis is a error message from thread 1618-09-2026 00:29:34 [38;5;117m[DEBUG]: [0mThis is a debug message from thread 1818-09-2026 00:29:34 [38;5;117m[DEBUG]: [0mThis is a debug message from thread 2818-09-2026 00:29:34 [38;5;117m[DEBUG]: [0mThis is a debug message from thread 2118-09-2026 00:29:34 [38;5;015m[INFO]: [0mThis is a info message from thread 418-09-2026 00:29:34 [38;5;015m[INFO]: [0mThis is a info message from thread 2118-09-2026 00:29:34 [38;5;015m[INFO]: [0mThis is a info message from thread 718-09-2026 00:29:34 [38;5;009m[ERROR]: [0mThis is a error message from thread 218-09-2026 00:29:34 [38;5;117m[DEBUG]: [0mThis is a debug message from thread 1418-09-2026 00:29:34 [38;5;015m[INFO]: [0mThis is a info message from thread 2918-09-2026 00:29:34 [38;5;117m[DEBUG]: [0mThis is a debug message from thread 1618-09-2026 00:29:34 [38;5;117m[DEBUG]: [0mThis is a debug message from thread 318-09-2026 00:29:34 [38;5;117m[DEBUG]: [0mThis is a debug message from thread 2418-09-2026 00:29:34 [38;5;117m[DEBUG]: [0mThis is a debug message from thread 218-09-2026 00:29:34 [38;5;009m[ERROR]: [0mThis is a error message from thread 2918-09-2026 00:29:34 [38;5;015m[INFO]: [0mThis is a info message from thread 218-09-2026 00:29:34 [38;5;117m[DEBUG]: [0mThis is a debug message from thread 2518-09-2026 00:29:34 [38;5;015m[INFO]: [0mThis is a info message from thread 2418-09-2026 00:29:34 [38;5;015m[INFO]: [0mThis is a info message from thread 518-09-2026 00:29:34 [38;5;015m[INFO]: [0mThis is a info message from thread 1418-09-2026 00:29:34 [38;5;015m[INFO]: [0mThis is a info message from thread 2818-09-2026 00:29:34 [38;5;009m[ERROR]: [0mThis is a error message from thread 218-09-2026 00:29:34 [38;5;117m[DEBUG]: [0mThis is a debug message from thread 1918-09-2026 00:29:34 [38;5;015m[INFO]: [0mThis is a info message from thread 2518-09-2026 00:29:34 [38;5;009m[ERROR]: [0mThis is a error message from thread 2418-09-2026 00:29:34 [38;5;015m[INFO]: [0mThis is a info message from thread 918-09-2026 00:29:34 [38;5;117m[DEBUG]: [0mThis is a debug message from thread 2718-09-2026 00:29:34 [38;5;009m[ERROR]: [0mThis is a error message from thread 2118-09-2026 00:29:34 [38;5;015m[INFO]: [0mThis is a info message from thread 2018-09-2026 00:29:34 [38;5;009m[ERROR]: [0mThis is a error message from thread 518-09-2026 00:29:34 [38;5;117m[DEBUG]: [0mThis is a debug message from thread 2418-09-2026 00:29:34 [38;5;009m[ERROR]: [0mThis is a error message from thread 1218-09-2026 00:29:34 [38;5;009m[ERROR]: [0mThis is a error message from thread 2818-09-2026 00:29:34 [38;5;117m[DEBUG]: [0mThis is a debug message from thread 2118-09-2026 00:29:34 [38;5;015m[INFO]: [0mThis is a info message from thread 2718-09-2026 00:29:34 [38;5;015m[INFO]: [0mThis is a info message from thread 2118-09-2026 00:29:34 [38;5;009m[ERROR]: [0mThis is a error message from thread 1418-09-2026 00:29:34 [38;5;117m[DEBUG]: [0mThis is a debug message from thread 1218-09-2026 00:29:34 [38;5;117m[DEBUG]: [0mThis is a debug message from thread 218-09-2026 00:29:34 [38;5;117m[DEBUG]: [0mThis is a debug message from thread 518-09-2026 00:29:34 [38;5;117m[DEBUG]: [0mThis is a debug message from thread 2818-09-2026 00:29:34 [38;5;009m[ERROR]: [0mThis is a error message from thread 2118-09-2026 00:29:34 [38;5;009m[ERROR]: [0mThis is a error message from thread 2718-09-2026 00:29:34 [38;5;117m[DEBUG]: [0mThis is a debug message from thread 1318-09-2026 00:29:34 [38;5;117m[DEBUG]: [0mThis is a debug message from thread 2918-09-2026 00:29:34 [38;5;015m[INFO]: [0mThis is a info message from thread 2218-09-2026 00:29:34 [38;5;015m[INFO]: [0mThis is a info message from thread 2818-09-2026 00:29:34 [38;5;009m[ERROR]: [0mThis is a error message from thread 2218-09-2026 00:29:34 [38;5;015m[INFO]: [0mThis is a info message from thread 1118-09-2026 00:29:34 [38;5;015m[INFO]: [0mThis is a info message from thread 218-09-2026 00:29:34 [38;5;015m[INFO]: [0mThis is a info message from thread 1818-09-2026 00:29:34 [38;5;015m[INFO]: [0mThis is a info message from thread 018-09-2026 00:29:34 [38;5;009m[ERROR]: [0mThis is a error message from thread 218-09-2026 00:29:34 [38;5;117m[DEBUG]: [0mThis is a debug message from thread 2218-09-2026 00:29:34 [38;5;117m[DEBUG]: [0mThis is a debug message from thread 218-09-2026 00:29:34 [38;5;117m[DEBUG]: [0mThis is a debug message from thread 2618-09-2026 00:29:34 [38;5;009m[ERROR]: [0mThis is a error message from thread 1818-09-2026 00:29:34 [38;5;015m[INFO]: [0mThis is a info message from thread 2218-09-2026 00:29:34 [38;5;015m[INFO]: [0mThis is a info message from thread 2618-09-2026 00:29:34 [38;5;117m[DEBUG]: [0mThis is a debug message from thread 1418-09-2026 00:29:34 [38;5;015m[INFO]: [0mThis is a info message from thread 518-09-2026 00:29:34 [38;5;015m[INFO]: [0mThis is a info message from thread 818-09-2026 00:29:34 [38;5;015m[INFO]: [0mThis is a info message from thread 1618-09-2026 00:29:34 [38;5;015m[INFO]: [0mThis is a info message from thread 118-09-2026 00:29:34 [38;5;015m[INFO]: [0mThis is a info message from thread 1918-09-2026 00:29:34 [38;5;009m[ERROR]: [0mThis is a error message from thread 118-09-2026 00:29:34 [38;5;117m[DEBUG]: [0mThis is a debug message from thread 1818-09-2026 00:29:34 [38;5;117m[DEBUG]: [0mThis is a debug message from thread 118-09-2026 00:29:34 [38;5;015m[INFO]: [0mThis is a info message from thread 1818-09-2026 00:29:34 [38;5;009m[ERROR]: [0mThis is a error message from thread 418-09-2026 00:29:34 [38;5;015m[INFO]: [0mThis is a info message from thread 1418-09-2026 00:29:34 [38;5;009m[ERROR]: [0mThis is a error message from thread 1618-09-2026 00:29:34 [38;5;009m[ERROR]: [0mThis is a error message from thread 1818-09-2026 00:29:34 [38;5;015m[INFO]: [0mThis is a info message from thread 218-09-2026 00:29:34 [38;5;009m[ERROR]: [0mThis is a error message from thread 1918-09-2026 00:29:34 [38;5;117m[DEBUG]: [0mThis is a debug message from thread 2318-09-2026 00:29:34 [38;5;009m[ERROR]: [0mThis is a error message from thread 1018-09-2026 00:29:34 [38;5;015m[INFO]: [0mThis is a info message from thread 118-09-2026 00:29:34 [38;5;009m[ERROR]: [0mThis is a error message from thread 218-09-2026 00:29:34 [38;5;015m[INFO]: [0mThis is a info message from thread 1318-09-2026 00:29:34 [38;5;117m[DEBUG]: [0mThis is a debug message from thread 418-09-2026 00:29:34 [38;5;009m[ERROR]: [0mThis is a error message from thread 818-09-2026 00:29:34 [38;5;117m[DEBUG]: [0mThis is a debug message from thread 1618-09-2026 00:29:34 [38;5;009m[ERROR]: [0mThis is a error message from thread 118-09-2026 00:29:34 [38;5;117m[DEBUG]: [0mThis is a debug message from thread 1818-09-2026 00:29:34 [38;5;015m[INFO]: [0mThis is a info message from thread 2418-09-2026 00:29:34 [38;5;117m[DEBUG]: [0mThis is a debug message from thread 818-09-2026 00:29:34 [38;5;117m[DEBUG]: [0mThis is a debug message from thread 1918-09-2026 00:29:34 [38;5;015m[INFO]: [0mThis is a info message from thread 1618-09-2026 00:29:34 [38;5;009m[ERROR]: [0mThis is a error message from thread 018-09-2026 00:29:34 [38;5;009m[ERROR]: [0mThis is a error message from thread 2018-09-2026 00:29:34 [38;5;117m[DEBUG]: [0mThis is a debug message from thread 2118-09-2026 00:29:34 [38;5;009m[ERROR]: [0mThis is a error message from thread 718-09-2026 00:29:34 [38;5;117m[DEBUG]: [0mThis is a debug message from thread 218-09-2026 00:29:34 [38;5;015m[INFO]: [0mThis is a info message from thread 1818-09-2026 00:29:34 [38;5;117m[DEBUG]: [0mThis is a debug message from thread 2718-09-2026 00:29:34 [38;5;015m[INFO]: [0mThis is a info message from thread 2118-09-2026 00:29:34 [38;5;015m[INFO]: [0mThis is a info message from thread 2718-09-2026 00:29:34 [38;5;117m[DEBUG]: [0mThis is a debug message from thread 118-09-2026 00:29:34 [38;5;117m[DEBUG]: [0mThis is a debug message from thread 718-09-2026 00:29:34 [38;5;015m[INFO]: [0mThis is a info message from thread 1918-09-2026 00:29:34 [38;5;015m[INFO]: [0mThis is a info message from thread 118-09-2026 00:29:34 [38;5;015m[INFO]: [0mThis is a info message from thread 818-09-2026 00:29:34 [38;5;117m[DEBUG]: [0mThis is a debug message from thread 2018-09-2026 00:29:34 [38;5;009m[ERROR]: [0mThis is a error message from thread 518-09-2026 00:29:34 [38;5;015m[INFO]: [0mThis is a info message from thread 2018-09-2026 00:29:34 [38;5;009m[ERROR]: [0mThis is a error message from thread 2718-09-2026 00:29:34 [38;5;015m[INFO]: [0mThis is a info message from thread 718-09-2026 00:29:34 [38;5;015m[INFO]: [0mThis is a info message from thread 218-09-2026 00:29:34 [38;5;009m[ERROR]: [0mThis is a error message from thread 1918-09-2026 00:29:34 [38;5;009m[ERROR]: [0mThis is a error message from thread 2418-09-2026 00:29:34 [38;5;117m[DEBUG]: [0mThis is a debug message from thread 518-09-2026 00:29:34 [38;5;117m[DEBUG]: [0mThis is a debug message from thread 2718-09-2026 00:29:34 [38;5;015m[INFO]: [0mThis is a info message from thread 2918-09-2026 00:29:34 [38;5;009m[ERROR]: [0mThis is a error message from thread 1118-09-2026 00:29:34 [38;5;009m[ERROR]: [0mThis is a error message from thread 2918-09-2026 00:29:34 [38;5;015m[INFO]: [0mThis is a info message from thread 2718-09-2026 00:29:34 [38;5;117m[DEBUG]: [0mThis is a debug message from thread 1918-09-2026 00:29:34 [38;5;015m[INFO]: [0mThis is a info message from thread 1918-09-2026 00:29:34 [38;5;009m[ERROR]: [0mThis is a error message from thread 2718-09-2026 00:29:34 [38;5;009m[ERROR]: [0mThis is a error message from thread 1918-09-2026 00:29:34 [38;5;015m[INFO]: [0mThis is a info message from thread 518-09-2026 00:29:34 [38;5;009m[ERROR]: [0mThis is a error message from thread 1818-09-2026 00:29:34 [38;5;009m[ERROR]: [0mThis is a error message from thread 718-09-2026 00:29:34 [38;5;009m[ERROR]: [0mThis is a error message from thread 2118-09-2026 00:29:34 [38;5;117m[DEBUG]: [0mThis is a debug message from thread 2418-09-2026 00:29:34 [38;5;015m[INFO]: [0mThis is a info message from thread 2418-09-2026 00:29:34 [38;5;015m[INFO]: [0mThis is a info message from thread 2318-09-2026 00:29:34 [38;5;117m[DEBUG]: [0mThis is a debug message from thread 2718-09-2026 00:29:34 [38;5;009m[ERROR]: [0mThis is a error message from thread 2518-09-2026 00:29:34 [38;5;117m[DEBUG]: [0mThis is a debug message from thread 718-09-2026 00:29:34 [38;5;015m[INFO]: [0mThis is a info message from thread 1218-09-2026 00:29:34 [38;5;015m[INFO]: [0mThis is a info message from thread 718-09-2026 00:29:34 [38;5;009m[ERROR]: [0mThis is a error message from thread 2818-09-2026 00:29:34 [38;5;009m[ERROR]: [0mThis is a error message from thread 2018-09-2026 00:29:34 [38;5;117m[DEBUG]: [0mThis is a debug message from thread 2018-09-2026 00:29:34 [38;5;117m[DEBUG]: [0mThis is a debug message from thread 1818-09-2026 00:29:34 [38;5;015m[INFO]: [0mThis is a info message from thread 1818-09-2026 00:29:34 [38;5;009m[ERROR]: [0mThis is a error message from thread 1818-09-2026 00:29:34 [38;5;009m[ERROR]: [0mThis is a error message from thread 518-09-2026 00:29:34 [38;5;015m[INFO]: [0mThis is a info message from thread 2718-09-2026 00:29:34 [38;5;117m[DEBUG]: [0mThis is a debug message from thread 1918-09-2026 00:29:34 [38;5;117m[DEBUG]: [0mThis is a debug message from thread 518-09-2026 00:29:34 [38;5;015m[INFO]: [0mThis is a info message from thread 518-09-2026 00:29:34 [38;5;009m[ERROR]: [0mThis is a error message from thread 818-09-2026 00:29:34 [38;5;009m[ERROR]: [0mThis is a error message from thread 118-09-2026 00:29:34 [38;5;015m[INFO]: [0mThis is a info message from thread 1918-09-2026 00:29:34 [38;5;009m[ERROR]: [0mThis is a error message from thread 718-09-2026 00:29:34 [38;5;009m[ERROR]: [0mThis is a error message from thread 2318-09-2026 00:29:34 [38;5;117m[DEBUG]: [0mThis is a debug message from thread 118-09-2026 00:29:34 [38;5;015m[INFO]: [0mThis is a info message from thread 2018-09-2026 00:29:34 [38;5;117m[DEBUG]: [0mThis is a debug message from thread 2118-09-2026 00:29:34 [38;5;009m[ERROR]: [0mThis is a error message from thread 1418-09-2026 00:29:34 [38;5;117m[DEBUG]: [0mThis is a debug message from thread 2318-09-2026 00:29:34 [38;5;009m[ERROR]: [0mThis is a error message from thread 2018-09-2026 00:29:34 [38;5;009m[ERROR]: [0mThis is a error message from thread 2718-09-2026 00:29:34 [38;5;117m[DEBUG]: [0mThis is a debug message from thread 2818-09-2026 00:29:34 [38;5;117m[DEBUG]: [0mThis is a debug message from thread 718-09-2026 00:29:34 [38;5;117m[DEBUG]: [0mThis is a debug message from thread 2018-09-2026 00:29:34 [38;5;015m[INFO]: [0mThis is a info message from thread 2118-09-2026 00:29:34 [38;5;009m[ERROR]: [0mThis is a error message from thread 518-09-2026 00:29:34 [38;5;009m[ERROR]: [0mThis is a error message from thread 1218-09-2026 00:29:34 [38;5;117m[DEBUG]: [0mThis is a debug message from thread 818-09-2026 00:29:34 [38;5;117m[DEBUG]: [0mThis is a debug message from thread 2718-09-2026 00:29:34 [38;5;009m[ERROR]: [0mThis is a error message from thread 2218-09-2026 00:29:34 [38;5;009m[ERROR]: [0mThis is a error message from thread 918-09-2026 00:29:34 [38;5;009m[ERROR]: [0mThis is a error message from thread 218-09-2026 00:29:34 [38;5;117m[DEBUG]: [0mThis is a debug message from thread 2518-09-2026 00:29:34 [38;5;117m[DEBUG]: [0mThis is a debug message from thread 2218-09-2026 00:29:34 [38;5;015m[INFO]: [0mThis is a info message from thread 818-09-2026 00:29:34 [38;5;009m[ERROR]: [0mThis is a error message from thread 1318-09-2026 00:29:34 [38;5;015m[INFO]: [0mThis is a info message from thread 2318-09-2026 00:29:34 [38;5;009m[ERROR]: [0mThis is a error message from thread 1918-09-2026 00:29:34 [38;5;117m[DEBUG]: [0mThis is a debug message from thread 1118-09-2026 00:29:34 [38;5;117m[DEBUG]: [0mThis is a debug message from thread 1018-09-2026 00:29:34 [38;5;117m[DEBUG]: [0mThis is a debug message from thread 218-09-2026 00:29:34 [38;5;009m[ERROR]: [0mThis is a error message from thread 2418-09-2026 00:29:34 [38;5;009m[ERROR]: [0mThis is a error message from thread 818-09-2026 00:29:34 [38;5;015m[INFO]: [0mThis is a info message from thread 418-09-2026 00:29:34 [38;5;015m[INFO]: [0mThis is a info message from thread 218-09-2026 00:29:34 [38;5;117m[DEBUG]: [0mThis is a debug message from thread 1318-09-2026 00:29:34 [38;5;009m[ERROR]: [0mThis is a error message from thread 2118-09-2026 00:29:34 [38;5;015m[INFO]: [0mThis is a info message from thread 718-09-2026 00:29:34 [38;5;015m[INFO]: [0mThis is a info message from thread 1518-09-2026 00:29:34 [38;5;117m[DEBUG]: [0mThis is a debug message from thread 518-09-2026 00:29:34 [38;5;015m[INFO]: [0mThis is a info message from thread 1118-09-2026 00:29:34 [38;5;015m[INFO]: [0mThis is a info message from thread 2818-09-2026 00:29:34 [38;5;117m[DEBUG]: [0mThis is a debug message from thread 2118-09-2026 00:29:34 [38;5;015m[INFO]: [0mThis is a info message from thread 2218-09-2026 00:29:34 [38;5;015m[INFO]: [0mThis is a info message from thread 1318-09-2026 00:29:34 [38;5;015m[INFO]: [0mThis is a info message from thread 518-09-2026 00:29:34 [38;5;117m[DEBUG]: [0mThis is a debug message from thread 918-09-2026 00:29:34 [38;5;009m[ERROR]: [0mThis is a error message from thread 2318-09-2026 00:29:34 [38;5;015m[INFO]: [0mThis is a info message from thread 918-09-2026 00:29:34 [38;5;009m[ERROR]: [0mThis is a error message from thread 1518-09-2026 00:29:34 [38;5;015m[INFO]: [0mThis is a info message from thread 2118-09-2026 00:29:34 [38;5;015m[INFO]: [0mThis is a info message from thread 2718-09-2026 00:29:34 [38;5;009m[ERROR]: [0mThis is a error message from thread 2818-09-2026 00:29:34 [38;5;117m[DEBUG]: [0mThis is a debug message from thread 2418-09-2026 00:29:34 [38;5;117m[DEBUG]: [0mThis is a debug message from thread 1518-09-2026 00:29:34 [38;5;009m[ERROR]: [0mThis is a error message from thread 918-09-2026 00:29:34 [38;5;117m[DEBUG]: [0mThis is a debug message from thread 1818-09-2026 00:29:34 [38;5;009m[ERROR]: [0mThis is a error message from thread 2718-09-2026 00:29:34 [38;5;009m[ERROR]: [0mThis is a error message from thread 2218-09-2026 00:29:34 [38;5;117m[DEBUG]: [0mThis is a debug message from thread 918-09-2026 00:29:34 [38;5;009m[ERROR]: [0mThis is a error message from thread 1318-09-2026 00:29:34 [38;5;015m[INFO]: [0mThis is a info message from thread 918-09-2026 00:29:34 [38;5;009m[ERROR]: [0mThis is a error message from thread 218-09-2026 00:29:34 [38;5;117m[DEBUG]: [0mThis is a debug message from thread 2218-09-2026 00:29:34 [38;5;117m[DEBUG]: [0mThis is a debug message from thread 2818-09-2026 00:29:34 [38;5;015m[INFO]: [0mThis is a info message from thread 1818-09-2026 00:29:34 [38;5;015m[INFO]: [0mThis is a info message from thread 618-09-2026 00:29:34 [38;5;015m[INFO]: [0mThis is a info message from thread 118-09-2026 00:29:34 [38;5;117m[DEBUG]: [0mThis is a debug message from thread 218-09-2026 00:29:34 [38;5;009m[ERROR]: [0mThis is a error message from thread 118-09-2026 00:29:34 [38;5;009m[ERROR]: [0mThis is a error message from thread 618-09-2026 00:29:34 [38;5;015m[INFO]: [0mThis is a info message from thread 218-09-2026 00:29:34 [38;5;009m[ERROR]: [0mThis is a error message from thread 2618-09-2026 00:29:34 [38;5;117m[DEBUG]: [0mThis is a debug message from thread 118-09-2026 00:29:34 [38;5;117m[DEBUG]: [0mThis is a debug message from thread 1318-09-2026 00:29:34 [38;5;117m[DEBUG]: [0mThis is a debug message from thread 2918-09-2026 00:29:34 [38;5;117m[DEBUG]: [0mThis is a debug message from thread 2618-09-2026 00:29:34 [38;5;015m[INFO]: [0mThis is a info message from thread 2918-09-2026 00:29:34 [38;5;015m[INFO]: [0mThis is a info message from thread 2018-09-2026 00:29:34 [38;5;117m[DEBUG]: [0mThis is a debug message from thread 1918-09-2026 00:29:34 [38;5;009m[ERROR]: [0mThis is a error message from thread 2918-09-2026 00:29:34 [38;5;117m[DEBUG]: [0mThis is a debug message from thread 2318-09-2026 00:29:34 [38;5;015m[INFO]: [0mThis is a info message from thread 2618-09-2026 00:29:34 [38;5;009m[ERROR]: [0mThis is a error message from thread 2118-09-2026 00:29:34 [38;5;015m[INFO]: [0mThis is a info message from thread 118-09-2026 00:29:34 [38;5;117m[DEBUG]: [0mThis is a debug message from thread 2918-09-2026 00:29:34 [38;5;009m[ERROR]: [0mThis is a error message from thread 518-09-2026 00:29:34 [38;5;009m[ERROR]: [0mThis is a error message from thread 118-09-2026 00:29:34 [38;5;117m[DEBUG]: [0mThis is a debug message from thread 2118-09-2026 00:29:34 [38;5;009m[ERROR]: [0mThis is a error message from thread 2018-09-2026 00:29:34 [38;5;015m[INFO]: [0mThis is a info message from thread 1018-09-2026 00:29:34 [38;5;009m[ERROR]: [0mThis is a error message from thread 2618-09-2026 00:29:34 [38;5;117m[DEBUG]: [0mThis is a debug message from thread 018-09-2026 00:29:34 [38;5;015m[INFO]: [0mThis is a info message from thread 318-09-2026 00:29:34 [38;5;117m[DEBUG]: [0mThis is a debug message from thread 118-09-2026 00:29:34 [38;5;015m[INFO]: [0mThis is a info message from thread 2118-09-2026 00:29:34 [38;5;117m[DEBUG]: [0mThis is a debug message from thread 618-09-2026 00:29:34 [38;5;117m[DEBUG]: [0mThis is a debug message from thread 2018-09-2026 00:29:34 [38;5;009m[ERROR]: [0mThis is a error message from thread 1018-09-2026 00:29:34 [38;5;015m[INFO]: [0mThis is a info message from thread 2018-09-2026 00:29:34 [38;5;117m[DEBUG]: [0mThis is a debug message from thread 2618-09-2026 00:29:34 [38;5;015m[INFO]: [0mThis is a info message from thread 018-09-2026 00:29:34 [38;5;015m[INFO]: [0mThis is a info message from thread 118-09-2026 00:29:34 [38;5;009m[ERROR]: [0mThis is a error message from thread 318-09-2026 00:29:34 [38;5;117m[DEBUG]: [0mThis is a debug message from thread 1018-09-2026 00:29:34 [38;5;009m[ERROR]: [0mThis is a error message from thread 018-09-2026 00:29:34 [38;5;117m[DEBUG]: [0mThis is a debug message from thread 2718-09-2026 00:29:34 [38;5;015m[INFO]: [0mThis is a info message from thread 618-09-2026 00:29:34 [38;5;009m[ERROR]: [0mThis is a error message from thread 2018-09-2026 00:29:34 [38;5;009m[ERROR]: [0mThis is a error message from thread 2118-09-2026 00:29:34 [38;5;009m[ERROR]: [0mThis is a error message from thread 218-09-2026 00:29:34 [38;5;015m[INFO]: [0mThis is a info message from thread 1318-09-2026 00:29:34 [38;5;117m[DEBUG]: [0mThis is a debug message from thread 018-09-2026 00:29:34 [38;5;015m[INFO]: [0mThis is a info message from thread 2718-09-2026 00:29:34 [38;5;015m[INFO]: [0mThis is a info message from thread 1018-09-2026 00:29:34 [38;5;117m[DEBUG]: [0mThis is a debug message from thread 218-09-2026 00:29:34 [38;5;009m[ERROR]: [0mThis is a error message from thread 2718-09-2026 00:29:34 [38;5;117m[DEBUG]: [0mThis is a debug message from thread 318-09-2026 00:29:34 [38;5;117m[DEBUG]: [0mThis is a debug message from thread 518-09-2026 00:29:34 [38;5;015m[INFO]: [0mThis is a info message from thread 018-09-2026 00:29:34 [38;5;009m[ERROR]: [0mThis is a error message from thread 718-09-2026 00:29:34 [38;5;015m[INFO]: [0mThis is a info message from thread 2218-09-2026 00:29:34 [38;5;117m[DEBUG]: [0mThis is a debug message from thread 2018-09-2026 00:29:34 [38;5;009m[ERROR]: [0mThis is a error message from thread 018-09-2026 00:29:34 [38;5;009m[ERROR]: [0mThis is a error message from thread 1618-09-2026 00:29:34 [38;5;015m[INFO]: [0mThis is a info message from thread 2318-09-2026 00:29:34 [38;5;015m[INFO]: [0mThis is a info message from thread 218-09-2026 00:29:34 [38;5;009m[ERROR]: [0mThis is a error message from thread 2318-09-2026 00:29:34 [38;5;015m[INFO]: [0mThis is a info message from thread 2418-09-2026 00:29:34 [38;5;117m[DEBUG]: [0mThis is a debug message from thread 2118-09-2026 00:29:34 [38;5;117m[DEBUG]: [0mThis is a debug message from thread 818-09-2026 00:29:34 [38;5;015m[INFO]: [0mThis is a info message from thread 1918-09-2026 00:29:34 [38;5;117m[DEBUG]: [0mThis is a debug message from thread 1618-09-2026 00:29:34 [38;5;015m[INFO]: [0mThis is a info message from thread 2018-09-2026 00:29:34 [38;5;009m[ERROR]: [0mThis is a error message from thread 2418-09-2026 00:29:34 [38;5;117m[DEBUG]: [0mThis is a debug message from thread 2718-09-2026 00:29:34 [38;5;009m[ERROR]: [0mThis is a error message from thread 218-09-2026 00:29:34 [38;5;009m[ERROR]: [0mThis is a error message from thread 1318-09-2026 00:29:34 [38;5;009m[ERROR]: [0mThis is a error message from thread 1018-09-2026 00:29:34 [38;5;015m[INFO]: [0mThis is a info message from thread 518-09-2026 00:29:34 [38;5;117m[DEBUG]: [0mThis is a debug message from thread 218-09-2026 00:29:34 [38;5;117m[DEBUG]: [0mThis is a debug message from thread 2318-09-2026 00:29:34 [38;5;009m[ERROR]: [0mThis is a error message from thread 2018-09-2026 00:29:34 [38;5;009m[ERROR]: [0mThis is a error message from thread 618-09-2026 00:29:34 [38;5;117m[DEBUG]: [0mThis is a debug message from thread 1318-09-2026 00:29:34 [38;5;015m[INFO]: [0mThis is a info message from thread 1718-09-2026 00:29:34 [38;5;117m[DEBUG]: [0mThis is a debug message from thread 2418-09-2026 00:29:34 [38;5;117m[DEBUG]: [0mThis is a debug message from thread 618-09-2026 00:29:34 [38;5;009m[ERROR]: [0mThis is a error message from thread 1918-09-2026 00:29:34 [38;5;015m[INFO]: [0mThis is a info message from thread 2418-09-2026 00:29:34 [38;5;015m[INFO]: [0mThis is a info message from thread 618-09-2026 00:29:34 [38;5;015m[INFO]: [0mThis is a info message from thread 2318-09-2026 00:29:34 [38;5;009m[ERROR]: [0mThis is a error message from thread 1718-09-2026 00:29:34 [38;5;015m[INFO]: [0mThis is a info message from thread 2918-09-2026 00:29:34 [38;5;117m[DEBUG]: [0mThis is a debug message from thread 718-09-2026 00:29:34 [38;5;015m[INFO]: [0mThis is a info message from thread 318-09-2026 00:29:34 [38;5;117m[DEBUG]: [0mThis is a debug message from thread 2018-09-2026 00:29:34 [38;5;015m[INFO]: [0mThis is a info message from thread 2618-09-2026 00:29:34 [38;5;009m[ERROR]: [0mThis is a error message from thread 2418-09-2026 00:29:34 [38;5;009m[ERROR]: [0mThis is a error message from thread 2918-09-2026 00:29:34 [38;5;015m[INFO]: [0mThis is a info message from thread 218-09-2026 00:29:34 [38;5;009m[ERROR]: [0mThis is a error message from thread 2618-09-2026 00:29:34 [38;5;117m[DEBUG]: [0mThis is a debug message from thread 1918-09-2026 00:29:34 [38;5;009m[ERROR]: [0mThis is a error message from thread 318-09-2026 00:29:34 [38;5;015m[INFO]: [0mThis is a info message from thread 2118-09-2026 00:29:34 [38;5;009m[ERROR]: [0mThis is a error message from thread 918-09-2026 00:29:34 [38;5;117m[DEBUG]: [0mThis is a debug message from thread 2418-09-2026 00:29:34 [38;5;009m[ERROR]: [0mThis is a error message from thread 2318-09-2026 00:29:34 [38;5;009m[ERROR]: [0mThis is a error message from thread 218-09-2026 00:29:34 [38;5;015m[INFO]: [0mThis is a info message from thread 2418-09-2026 00:29:34 [38;5;009m[ERROR]: [0mThis is a error message from thread 2418-09-2026 00:29:34 [38;5;009m[ERROR]: [0mThis is a error message from thread 1818-09-2026 00:29:34 [38;5;117m[DEBUG]: [0mThis is a debug message from thread 2618-09-2026 00:29:34 [38;5;015m[INFO]: [0mThis is a info message from thread 718-09-2026 00:29:34 [38;5;015m[INFO]: [0mThis is a info message from thread 1918-09-2026 00:29:34 [38;5;117m[DEBUG]: [0mThis is a debug message from thread 1818-09-2026 00:29:34 [38;5;009m[ERROR]: [0mThis is a error message from thread 2118-09-2026 00:29:34 [38;5;117m[DEBUG]: [0mThis is a debug message from thread 318-09-2026 00:29:34 [38;5;009m[ERROR]: [0mThis is a error message from thread 2218-09-2026 00:29:34 [38;5;009m[ERROR]: [0mThis is a error message from thread 1918-09-2026 00:29:34 [38;5;117m[DEBUG]: [0mThis is a debug message from thread 2118-09-2026 00:29:34 [38;5;009m[ERROR]: [0mThis is a error message from thread 718-09-2026 00:29:34 [38;5;117m[DEBUG]: [0mThis is a debug message from thread 218-09-2026 00:29:34 [38;5;117m[DEBUG]: [0mThis is a debug message from thread 1418-09-2026 00:29:34 [38;5;117m[DEBUG]: [0mThis is a debug message from thread 2318-09-2026 00:29:34 [38;5;015m[INFO]: [0mThis is a info message from thread 1518-09-2026 00:29:34 [38;5;015m[INFO]: [0mThis is a info message from thread 1818-09-2026 00:29:34 [38;5;117m[DEBUG]: [0mThis is a debug message from thread 1918-09-2026 00:29:34 [38;5;015m[INFO]: [0mThis is a info message from thread 2818-09-2026 00:29:34 [38;5;117m[DEBUG]: [0mThis is a debug message from thread 918-09-2026 00:29:34 [38;5;015m[INFO]: [0mThis is a info message from thread 218-09-2026 00:29:34 [38;5;009m[ERROR]: [0mThis is a error message from thread 1818-09-2026 00:29:34 [38;5;009m[ERROR]: [0mThis is a error message from thread 1518-09-2026 00:29:34 [38;5;009m[ERROR]: [0mThis is a error message from thread 2818-09-2026 00:29:34 [38;5;009m[ERROR]: [0mThis is a error message from thread 518-09-2026 00:29:34 [38;5;015m[INFO]: [0mThis is a info message from thread 2118-09-2026 00:29:34 [38;5;117m[DEBUG]: [0mThis is a debug message from thread 1518-09-2026 00:29:34 [38;5;117m[DEBUG]: [0mThis is a debug message from thread 2218-09-2026 00:29:34 [38;5;015m[INFO]: [0mThis is a info message from thread 2718-09-2026 00:29:34 [38;5;117m[DEBUG]: [0mThis is a debug message from thread 1818-09-2026 00:29:34 [38;5;015m[INFO]: [0mThis is a info message from thread 2618-09-2026 00:29:34 [38;5;015m[INFO]: [0mThis is a info message from thread 1518-09-2026 00:29:34 [38;5;009m[ERROR]: [0mThis is a error message from thread 618-09-2026 00:29:34 [38;5;015m[INFO]: [0mThis is a info message from thread 1318-09-2026 00:29:34 [38;5;009m[ERROR]: [0mThis is a error message from thread 1518-09-2026 00:29:34 [38;5;015m[INFO]: [0mThis is a info message from thread 1818-09-2026 00:29:34 [38;5;117m[DEBUG]: [0mThis is a debug message from thread 1518-09-2026 00:29:34 [38;5;015m[INFO]: [0mThis is a info message from thread 2318-09-2026 00:29:34 [38;5;009m[ERROR]: [0mThis is a error message from thread 1318-09-2026 00:29:34 [38;5;009m[ERROR]: [0mThis is a error message from thread 2718-09-2026 00:29:34 [38;5;015m[INFO]: [0mThis is a info message from thread 1518-09-2026 00:29:34 [38;5;009m[ERROR]: [0mThis is a error message from thread 1818-09-2026 00:29:34 [38;5;117m[DEBUG]: [0mThis is a debug message from thread 1318-09-2026 00:29:34 [38;5;009m[ERROR]: [0mThis is a error message from thread 1518-09-2026 00:29:34 [38;5;117m[DEBUG]: [0mThis is a debug message from thread 618-09-2026 00:29:34 [38;5;015m[INFO]: [0mThis is a info message from thread 618-09-2026 00:29:34 [38;5;009m[ERROR]: [0mThis is a error message from thread 2618-09-2026 00:29:34 [38;5;117m[DEBUG]: [0mThis is a debug message from thread 2718-09-2026 00:29:34 [38;5;117m[DEBUG]: [0mThis is a debug message from thread 018-09-2026 00:29:34 [38;5;015m[INFO]: [0mThis is a info message from thread 2518-09-2026 00:29:34 [38;5;015m[INFO]: [0mThis is a info message from thread 2718-09-2026 00:29:34 [38;5;117m[DEBUG]: [0mThis is a debug message from thread 2618-09-2026 00:29:34 [38;5;117m[DEBUG]: [0mThis is a debug message from thread 518-09-2026 00:29:34 [38;5;015m[INFO]: [0mThis is a info message from thread 1918-09-2026 00:29:34 [38;5;009m[ERROR]: [0mThis is a error message from thread 2518-09-2026 00:29:34 [38;5;015m[INFO]: [0mThis is a info message from thread 2018-09-2026 00:29:34 [38;5;015m[INFO]: [0mThis is a info message from thread 818-09-2026 00:29:34 [38;5;117m[DEBUG]: [0mThis is a debug message from thread 2418-09-2026 00:29:34 [38;5;009m[ERROR]: [0mThis is a error message from thread 2118-09-2026 00:29:34 [38;5;117m[DEBUG]: [0mThis is a debug message from thread 2918-09-2026 00:29:34 [38;5;015m[INFO]: [0mThis is a info message from thread 318-09-2026 00:29:34 [38;5;009m[ERROR]: [0mThis is a error message from thread 2318-09-2026 00:29:34 [38;5;015m[INFO]: [0mThis is a info message from thread 1418-09-2026 00:29:34 [38;5;009m[ERROR]: [0mThis is a error message from thread 118-09-2026 00:29:34 [38;5;009m[ERROR]: [0mThis is a error message from thread 2018-09-2026 00:29:34 [38;5;015m[INFO]: [0mThis is a info message from thread 2618-09-2026 00:29:34 [38;5;015m[INFO]: [0mThis is a info message from thread 2418-09-2026 00:29:34 [38;5;015m[INFO]: [0mThis is a info message from thread 918-09-2026 00:29:34 [38;5;015m[INFO]: [0mThis is a info message from thread 1618-09-2026 00:29:34 [38;5;009m[ERROR]: [0mThis is a error message from thread 2418-09-2026 00:29:34 [38;5;009m[ERROR]: [0mThis is a error message from thread 918-09-2026 00:29:34 [38;5;117m[DEBUG]: [0mThis is a debug message from thread 118-09-2026 00:29:34 [38;5;009m[ERROR]: [0mThis is a error message from thread 1618-09-2026 00:29:34 [38;5;009m[ERROR]: [0mThis is a error message from thread 318-09-2026 00:29:34 [38;5;117m[DEBUG]: [0mThis is a debug message from thread 2118-09-2026 00:29:34 [38;5;015m[INFO]: [0mThis is a info message from thread 518-09-2026 00:29:34 [38;5;117m[DEBUG]: [0mThis is a debug message from thread 1618-09-2026 00:29:34 [38;5;117m[DEBUG]: [0mThis is a debug message from thread 918-09-2026 00:29:34 [38;5;117m[DEBUG]: [0mThis is a debug message from thread 2818-09-2026 00:29:34 [38;5;117m[DEBUG]: [0mThis is a debug message from thread 1818-09-2026 00:29:34 [38;5;117m[DEBUG]: [0mThis is a debug message from thread 2318-09-2026 00:29:34 [38;5;015m[INFO]: [0mThis is a info message from thread 1618-09-2026 00:29:34 [38;5;117m[DEBUG]: [0mThis is a debug message from thread 1518-09-2026 00:29:34 [38;5;117m[DEBUG]: [0mThis is a debug message from thread 2018-09-2026 00:29:34 [38;5;009m[ERROR]: [0mThis is a error message from thread 2618-09-2026 00:29:34 [38;5;117m[DEBUG]: [0mThis is a debug message from thread 1218-09-2026 00:29:34 [38;5;015m[INFO]: [0mThis is a info message from thread 018-09-2026 00:29:34 [38;5;015m[INFO]: [0mThis is a info message from thread 1518-09-2026 00:29:34 [38;5;015m[INFO]: [0mThis is a info message from thread 918-09-2026 00:29:34 [38;5;015m[INFO]: [0mThis is a info message from thread 1218-09-2026 00:29:34 [38;5;009m[ERROR]: [0mThis is a error message from thread 1618-09-2026 00:29:34 [38;5;015m[INFO]: [0mThis is a info message from thread 2818-09-2026 00:29:34 [38;5;009m[ERROR]: [0mThis is a error message from thread 018-09-2026 00:29:34 [38;5;117m[DEBUG]: [0mThis is a debug message from thread 2618-09-2026 00:29:34 [38;5;009m[ERROR]: [0mThis is a error message from thread 918-09-2026 00:29:34 [38;5;117m[DEBUG]: [0mThis is a debug message from thread 918-09-2026 00:29:34 [38;5;009m[ERROR]: [0mThis is a error message from thread 418-09-2026 00:29:34 [38;5;015m[INFO]: [0mThis is a info message from thread 2318-09-2026 00:29:34 [38;5;015m[INFO]: [0mThis is a info message from thread 2218-09-2026 00:29:34 [38;5;117m[DEBUG]: [0mThis is a debug message from thread 1018-09-2026 00:29:34 [38;5;117m[DEBUG]: [0mThis is a debug message from thread 1718-09-2026 00:29:34 [38;5;015m[INFO]: [0mThis is a info message from thread 1318-09-2026 00:29:34 [38;5;009m[ERROR]: [0mThis is a error message from thread 1518-09-2026 00:29:34 [38;5;015m[INFO]: [0mThis is a info message from thread 2118-09-2026 00:29:34 [38;5;009m[ERROR]: [0mThis is a error message from thread 2118-09-2026 00:29:34 [38;5;117m[DEBUG]: [0mThis is a debug message from thread 418-09-2026 00:29:34 [38;5;009m[ERROR]: [0mThis is a error message from thread 2218-09-2026 00:29:34 [38;5;015m[INFO]: [0mThis is a info message from thread 1018-09-2026 00:29:34 [38;5;117m[DEBUG]: [0mThis is a debug message from thread 2218-09-2026 00:29:34 [38;5;015m[INFO]: [0mThis is a info message from thread 418-09-2026 00:29:34 [38;5;009m[ERROR]: [0mThis is a error message from thread 1018-09-2026 00:29:34 [38;5;009m[ERROR]: [0mThis is a error message from thread 618-09-2026 00:29:34 [38;5;009m[ERROR]: [0mThis is a error message from thread 1318-09-2026 00:29:34 [38;5;117m[DEBUG]: [0mThis is a debug message from thread 2118-09-2026 00:29:34 [38;5;009m[ERROR]: [0mThis is a error message from thread 1118-09-2026 00:29:34 [38;5;015m[INFO]: [0mThis is a info message from thread 2118-09-2026 00:29:34 [38;5;117m[DEBUG]: [0mThis is a debug message from thread 018-09-2026 00:29:34 [38;5;117m[DEBUG]: [0mThis is a debug message from thread 2518-09-2026 00:29:34 [38;5;015m[INFO]: [0mThis is a info message from thread 018-09-2026 00:29:34 [38;5;015m[INFO]: [0mThis is a info message from thread 2218-09-2026 00:29:34 [38;5;117m[DEBUG]: [0mThis is a debug message from thread 1118-09-2026 00:29:34 [38;5;009m[ERROR]: [0mThis is a error message from thread 018-09-2026 00:29:34 [38;5;117m[DEBUG]: [0mThis is a debug message from thread 618-09-2026 00:29:34 [38;5;009m[ERROR]: [0mThis is a error message from thread 1418-09-2026 00:29:34 [38;5;015m[INFO]: [0mThis is a info message from thread 2518-09-2026 00:29:34 [38;5;117m[DEBUG]: [0mThis is a debug message from thread 1518-09-2026 00:29:34 [38;5;015m[INFO]: [0mThis is a info message from thread 618-09-2026 00:29:34 [38;5;009m[ERROR]: [0mThis is a error message from thread 2318-09-2026 00:29:34 [38;5;015m[INFO]: [0mThis is a info message from thread 1118-09-2026 00:29:34 [38;5;117m[DEBUG]: [0mThis is a debug message from thread 018-09-2026 00:29:34 [38;5;009m[ERROR]: [0mThis is a error message from thread 2118-09-2026 00:29:34 [38;5;009m[ERROR]: [0mThis is a error message from thread 2218-09-2026 00:29:34 [38;5;015m[INFO]: [0mThis is a info message from thread 918-09-2026 00:29:34 [38;5;009m[ERROR]: [0mThis is a error message from thread 218-09-2026 00:29:34 [38;5;117m[DEBUG]: [0mThis is a debug message from thread 1318-09-2026 00:29:34 [38;5;015m[INFO]: [0mThis is a info message from thread 1718-09-2026 00:29:34 [38;5;015m[INFO]: [0mThis is a info message from thread 2618-09-2026 00:29:34 [38;5;015m[INFO]: [0mThis is a info message from thread 2018-09-2026 00:29:34 [38;5;015m[INFO]: [0mThis is a info message from thread 018-09-2026 00:29:34 [38;5;117m[DEBUG]: [0mThis is a debug message from thread 218-09-2026 00:29:34 [38;5;009m[ERROR]: [0mThis is a error message from thread 2518-09-2026 00:29:34 [38;5;009m[ERROR]: [0mThis is a error message from thread 618-09-2026 00:29:34 [38;5;009m[ERROR]: [0mThis is a error message from thread 2618-09-2026 00:29:34 [38;5;015m[INFO]: [0mThis is a info message from thread 1518-09-2026 00:29:34 [38;5;009m[ERROR]: [0mThis is a error message from thread 1118-09-2026 00:29:34 [38;5;009m[ERROR]: [0mThis is a error message from thread 2018-09-2026 00:29:34 [38;5;015m[INFO]: [0mThis is a info message from thread 1318-09-2026 00:29:34 [38;5;009m[ERROR]: [0mThis is a error message from thread 1918-09-2026 00:29:34 [38;5;009m[ERROR]: [0mThis is a error message from thread 1318-09-2026 00:29:34 [38;5;117m[DEBUG]: [0mThis is a debug message from thread 2518-09-2026 00:29:34 [38;5;015m[INFO]: [0mThis is a info message from thread 2918-09-2026 00:29:34 [38;5;117m[DEBUG]: [0mThis is a debug message from thread 2018-09-2026 00:29:34 [38;5;117m[DEBUG]: [0mThis is a debug message from thread 1318-09-2026 00:29:34 [38;5;009m[ERROR]: [0mThis is a error message from thread 2918-09-2026 00:29:34 [38;5;015m[INFO]: [0mThis is a info message from thread 1318-09-2026 00:29:34 [38;5;009m[ERROR]: [0mThis is a error message from thread 818-09-2026 00:29:34 [38;5;117m[DEBUG]: [0mThis is a debug message from thread 1118-09-2026 00:29:34 [38;5;009m[ERROR]: [0mThis is a error message from thread 1318-09-2026 00:29:34 [38;5;117m[DEBUG]: [0mThis is a debug message from thread 2618-09-2026 00:29:34 [38;5;117m[DEBUG]: [0mThis is a debug message from thread 2218-09-2026 00:29:34 [38;5;009m[ERROR]: [0mThis is a error message from thread 1718-09-2026 00:29:34 [38;5;117m[DEBUG]: [0mThis is a debug message from thread 718-09-2026 00:29:34 [38;5;015m[INFO]: [0mThis is a info message from thread 2618-09-2026 00:29:34 [38;5;117m[DEBUG]: [0mThis is a debug message from thread 2918-09-2026 00:29:34 [38;5;009m[ERROR]: [0mThis is a error message from thread 1218-09-2026 00:29:34 [38;5;009m[ERROR]: [0mThis is a error message from thread 518-09-2026 00:29:34 [38;5;015m[INFO]: [0mThis is a info message from thread 2218-09-2026 00:29:34 [38;5;117m[DEBUG]: [0mThis is a debug message from thread 1918-09-2026 00:29:34 [38;5;117m[DEBUG]: [0mThis is a debug message from thread 1218-09-2026 00:29:34 [38;5;117m[DEBUG]: [0mThis is a debug message from thread 818-09-2026 00:29:34 [38;5;009m[ERROR]: [0mThis is a error message from thread 2618-09-2026 00:29:34 [38;5;117m[DEBUG]: [0mThis is a debug message from thread 318-09-2026 00:29:34 [38;5;015m[INFO]: [0mThis is a info message from thread 218-09-2026 00:29:34 [38;5;009m[ERROR]: [0mThis is a error message from thread 2218-09-2026 00:29:34 [38;5;015m[INFO]: [0mThis is a info message from thread 1918-09-2026 00:29:34 [38;5;015m[INFO]: [0mThis is a info message from thread 2918-09-2026 00:29:34 [38;5;015m[INFO]: [0mThis is a info message from thread 1218-09-2026 00:29:34 [38;5;009m[ERROR]: [0mThis is a error message from thread 2918-09-2026 00:29:34 [38;5;117m[DEBUG]: [0mThis is a debug message from thread 2618-09-2026 00:29:34 [38;5;015m[INFO]: [0mThis is a info message from thread 818-09-2026 00:29:34 [38;5;015m[INFO]: [0mThis is a info message from thread 318-09-2026 00:29:34 [38;5;015m[INFO]: [0mThis is a info message from thread 2618-09-2026 00:29:34 [38;5;117m[DEBUG]: [0mThis is a debug message from thread 2918-09-2026 00:29:34 [38;5;009m[ERROR]: [0mThis is a error message from thread 1218-09-2026 00:29:34 [38;5;117m[DEBUG]: [0mThis is a debug message from thread 2418-09-2026 00:29:34 [38;5;117m[DEBUG]: [0mThis is a debug message from thread 518-09-2026 00:29:34 [38;5;009m[ERROR]: [0mThis is a error message from thread 018-09-2026 00:29:34 [38;5;015m[INFO]: [0mThis is a info message from thread 2918-09-2026 00:29:34 [38;5;009m[ERROR]: [0mThis is a error message from thread 218-09-2026 00:29:34 [38;5;009m[ERROR]: [0mThis is a error message from thread 318-09-2026 00:29:34 [38;5;117m[DEBUG]: [0mThis is a debug message from thread 1218-09-2026 00:29:34 [38;5;015m[INFO]: [0mThis is a info message from thread 118-09-2026 00:29:34 [38;5;117m[DEBUG]: [0mThis is a debug message from thread 2318-09-2026 00:29:34 [38;5;009m[ERROR]: [0mThis is a error message from thread 2718-09-2026 00:29:34 [38;5;015m[INFO]: [0mThis is a info message from thread 2418-09-2026 00:29:34 [38;5;009m[ERROR]: [0mThis is a error message from thread 1918-09-2026 00:29:34 [38;5;117m[DEBUG]: [0mThis is a debug message from thread 018-09-2026 00:29:34 [38;5;117m[DEBUG]: [0mThis is a debug message from thread 218-09-2026 00:29:34 [38;5;015m[INFO]: [0mThis is a info message from thread 218-09-2026 00:29:34 [38;5;117m[DEBUG]: [0mThis is a debug message from thread 318-09-2026 00:29:34 [38;5;015m[INFO]: [0mThis is a info message from thread 1218-09-2026 00:29:34 [38;5;009m[ERROR]: [0mThis is a error message from thread 2418-09-2026 00:29:34 [38;5;015m[INFO]: [0mThis is a info message from thread 2518-09-2026 00:29:34 [38;5;015m[INFO]: [0mThis is a info message from thread 518-09-2026 00:29:34 [38;5;009m[ERROR]: [0mThis is a error message from thread 918-09-2026 00:29:34 [38;5;009m[ERROR]: [0mThis is a error message from thread 418-09-2026 00:29:34 [38;5;117m[DEBUG]: [0mThis is a debug message from thread 1418-09-2026 00:29:34 [38;5;009m[ERROR]: [0mThis is a error message from thread 2818-09-2026 00:29:34 [38;5;015m[INFO]: [0mThis is a info message from thread 1818-09-2026 00:29:34 [38;5;117m[DEBUG]: [0mThis is a debug message from thread 2118-09-2026 00:29:34 [38;5;009m[ERROR]: [0mThis is a error message from thread 118-09-2026 00:29:34 [38;5;117m[DEBUG]: [0mThis is a debug message from thread 2218-09-2026 00:29:34 [38;5;015m[INFO]: [0mThis is a info message from thread 2018-09-2026 00:29:34 [38;5;117m[DEBUG]: [0mThis is a debug message from thread 618-09-2026 00:29:34 [38;5;009m[ERROR]: [0mThis is a error message from thread 2618-09-2026 00:29:34 [38;5;009m[ERROR]: [0mThis is a error message from thread 1818-09-2026 00:29:34 [38;5;117m[DEBUG]: [0mThis is a debug message from thread 918-09-2026 00:29:34 [38;5;117m[DEBUG]: [0mThis is a debug message from thread 2418-09-2026 00:29:34 [38;5;009m[ERROR]: [0mThis is a error message from thread 2918-09-2026 00:29:34 [38;5;117m[DEBUG]: [0mThis is a debug message from thread 2918-09-2026 00:29:34 [38;5;015m[INFO]: [0mThis is a info message from thread 618-09-2026 00:29:34 [38;5;015m[INFO]: [0mThis is a info message from thread 2118-09-2026 00:29:34 [38;5;117m[DEBUG]: [0mThis is a debug message from thread 2618-09-2026 00:29:34 [38;5;117m[DEBUG]: [0mThis is a debug message from thread 118-09-2026 00:29:34 [38;5;015m[INFO]: [0mThis is a info message from thread 2418-09-2026 00:29:34 [38;5;009m[ERROR]: [0mThis is a error message from thread 1518-09-2026 00:29:34 [38;5;015m[INFO]: [0mThis is a info message from thread 918-09-2026 00:29:34 [38;5;117m[DEBUG]: [0mThis is a debug message from thread 1018-09-2026 00:29:34 [38;5;117m[DEBUG]: [0mThis is a debug message from thread 1818-09-2026 00:29:34 [38;5;117m[DEBUG]: [0mThis is a debug message from thread 1918-09-2026 00:29:34 [38;5;009m[ERROR]: [0mThis is a error message from thread 2418-09-2026 00:29:34 [38;5;015m[INFO]: [0mThis is a info message from thread 2618-09-2026 00:29:34 [38;5;015m[INFO]: [0mThis is a info message from thread 1918-09-2026 00:29:34 [38;5;015m[INFO]: [0mThis is a info message from thread 018-09-2026 00:29:34 [38;5;117m[DEBUG]: [0mThis is a debug message from thread 2818-09-2026 00:29:34 [38;5;015m[INFO]: [0mThis is a info message from thread 2218-09-2026 00:29:34 [38;5;009m[ERROR]: [0mThis is a error message from thread 018-09-2026 00:29:34 [38;5;009m[ERROR]: [0mThis is a error message from thread 218-09-2026 00:29:34 [38;5;015m[INFO]: [0mThis is a info message from thread 1818-09-2026 00:29:34 [38;5;117m[DEBUG]: [0mThis is a debug message from thread 218-09-2026 00:29:34 [38;5;009m[ERROR]: [0mThis is a error message from thread 1818-09-2026 00:29:34 [38;5;009m[ERROR]: [0mThis is a error message from thread 1918-09-2026 00:29:34 [38;5;009m[ERROR]: [0mThis is a error message from thread 918-09-2026 00:29:34 [38;5;117m[DEBUG]: [0mThis is a debug message from thread 018-09-2026 00:29:34 [38;5;015m[INFO]: [0mThis is a info message from thread 218-09-2026 00:29:34 [38;5;009m[ERROR]: [0mThis is a error message from thread 618-09-2026 00:29:34 [38;5;015m[INFO]: [0mThis is a info message from thread 1018-09-2026 00:29:34 [38;5;117m[DEBUG]: [0mThis is a debug message from thread 1918-09-2026 00:29:34 [38;5;117m[DEBUG]: [0mThis is a debug message from thread 918-09-2026 00:29:34 [38;5;009m[ERROR]: [0mThis is a error message from thread 218-09-2026 00:29:34 [38;5;009m[ERROR]: [0mThis is a error message from thread 1018-09-2026 00:29:34 [38;5;117m[DEBUG]: [0mThis is a debug message from thread 1018-09-2026 00:29:34 [38;5;015m[INFO]: [0mThis is a info message from thread 1918-09-2026 00:29:34 [38;5;015m[INFO]: [0mThis is a info message from thread 118-09-2026 00:29:34 [38;5;117m[DEBUG]: [0mThis is a debug message from thread 2418-09-2026 00:29:34 [38;5;117m[DEBUG]: [0mThis is a debug message from thread 218-09-2026 00:29:34 [38;5;015m[INFO]: [0mThis is a info message from thread 018-09-2026 00:29:34 [38;5;009m[ERROR]: [0mThis is a error message from thread 2518-09-2026 00:29:34 [38;5;117m[DEBUG]: [0mThis is a debug message from thread 1818-09-2026 00:29:34 [38;5;015m[INFO]: [0mThis is a info message from thread 1818-09-2026 00:29:34 [38;5;009m[ERROR]: [0mThis is a error message from thread 1818-09-2026 00:29:34 [38;5;015m[INFO]: [0mThis is a info message from thread 1418-09-2026 00:29:34 [38;5;117m[DEBUG]: [0mThis is a debug message from thread 2518-09-2026 00:29:34 [38;5;009m[ERROR]: [0mThis is a error message from thread 1218-09-2026 00:29:34 [38;5;009m[ERROR]: [0mThis is a error message from thread 118-09-2026 00:29:34 [38;5;009m[ERROR]: [0mThis is a error message from thread 2018-09-2026 00:29:34 [38;5;117m[DEBUG]: [0mThis is a debug message from thread 1718-09-2026 00:29:34 [38;5;009m[ERROR]: [0mThis is a error message from thread 018-09-2026 00:29:34 [38;5;015m[INFO]: [0mThis is a info message from thread 2518-09-2026 00:29:34 [38;5;015m[INFO]: [0mThis is a info message from thread 718-09-2026 00:29:34 [38;5;117m[DEBUG]: [0mThis is a debug message from thread 1818-09-2026 00:29:34 [38;5;009m[ERROR]: [0mThis is a error message from thread 1918-09-2026 00:29:34 [38;5;009m[ERROR]: [0mThis is a error message from thread 1418-09-2026 00:29:34 [38;5;117m[DEBUG]: [0mThis is a debug message from thread 1318-09-2026 00:29:34 [38;5;117m[DEBUG]: [0mThis is a debug message from thread 2718-09-2026 00:29:34 [38;5;015m[INFO]: [0mThis is a info message from thread 218-09-2026 00:29:34 [38;5;009m[ERROR]: [0mThis is a error message from thread 518-09-2026 00:29:34 [38;5;117m[DEBUG]: [0mThis is a debug message from thread 1218-09-2026 00:29:34 [38;5;009m[ERROR]: [0mThis is a error message from thread 2518-09-2026 00:29:34 [38;5;117m[DEBUG]: [0mThis is a debug message from thread 118-09-2026 00:29:34 [38;5;117m[DEBUG]: [0mThis is a debug message from thread 1618-09-2026 00:29:34 [38;5;117m[DEBUG]: [0mThis is a debug message from thread 418-09-2026 00:29:34 [38;5;015m[INFO]: [0mThis is a info message from thread 1618-09-2026 00:29:34 [38;5;009m[ERROR]: [0mThis is a error message from thread 718-09-2026 00:29:34 [38;5;015m[INFO]: [0mThis is a info message from thread 1118-09-2026 00:29:34 [38;5;015m[INFO]: [0mThis is a info message from thread 418-09-2026 00:29:34 [38;5;117m[DEBUG]: [0mThis is a debug message from thread 718-09-2026 00:29:34 [38;5;009m[ERROR]: [0mThis is a error message from thread 1118-09-2026 00:29:34 [38;5;009m[ERROR]: [0mThis is a error message from thread 1618-09-2026 00:29:34 [38;5;015m[INFO]: [0mThis is a info message from thread 718-09-2026 00:29:34 [38;5;009m[ERROR]: [0mThis is a error message from thread 2118-09-2026 00:29:34 [38;5;009m[ERROR]: [0mThis is a error message from thread 718-09-2026 00:29:34 [38;5;117m[DEBUG]: [0mThis is a debug message from thread 518-09-2026 00:29:34 [38;5;117m[DEBUG]: [0mThis is a debug message from thread 1618-09-2026 00:29:34 [38;5;015m[INFO]: [0mThis is a info message from thread 318-09-2026 00:29:34 [38;5;117m[DEBUG]: [0mThis is a debug message from thread 1918-09-2026 00:29:34 [38;5;015m[INFO]: [0mThis is a info message from thread 2918-09-2026 00:29:34 [38;5;015m[INFO]: [0mThis is a info message from thread 2318-09-2026 00:29:34 [38;5;117m[DEBUG]: [0mThis is a debug message from thread 1418-09-2026 00:29:34 [38;5;009m[ERROR]: [0mThis is a error message from thread 818-09-2026 00:29:34 [38;5;015m[INFO]: [0mThis is a info message from thread 118-09-2026 00:29:34 [38;5;015m[INFO]: [0mThis is a info message from thread 1218-09-2026 00:29:34 [38;5;009m[ERROR]: [0mThis is a error message from thread 318-09-2026 00:29:34 [38;5;015m[INFO]: [0mThis is a info message from thread 1618-09-2026 00:29:34 [38;5;009m[ERROR]: [0mThis is a error message from thread 2918-09-2026 00:29:34 [38;5;009m[ERROR]: [0mThis is a error message from thread 1618-09-2026 00:29:34 [38;5;015m[INFO]: [0mThis is a info message from thread 1418-09-2026 00:29:34 [38;5;117m[DEBUG]: [0mThis is a debug message from thread 818-09-2026 00:29:34 [38;5;117m[DEBUG]: [0mThis is a debug message from thread 1618-09-2026 00:29:34 [38;5;009m[ERROR]: [0mThis is a error message from thread 418-09-2026 00:29:34 [38;5;117m[DEBUG]: [0mThis is a debug message from thread 2018-09-2026 00:29:34 [38;5;015m[INFO]: [0mThis is a info message from thread 1618-09-2026 00:29:34 [38;5;015m[INFO]: [0mThis is a info message from thread 918-09-2026 00:29:34 [38;5;117m[DEBUG]: [0mThis is a debug message from thread 2918-09-2026 00:29:34 [38;5;015m[INFO]: [0mThis is a info message from thread 1918-09-2026 00:29:34 [38;5;009m[ERROR]: [0mThis is a error message from thread 1618-09-2026 00:29:34 [38;5;015m[INFO]: [0mThis is a info message from thread 1818-09-2026 00:29:34 [38;5;009m[ERROR]: [0mThis is a error message from thread 2618-09-2026 00:29:34 [38;5;015m[INFO]: [0mThis is a info message from thread 2418-09-2026 00:29:34 [38;5;009m[ERROR]: [0mThis is a error message from thread 1418-09-2026 00:29:34 [38;5;117m[DEBUG]: [0mThis is a debug message from thread 2618-09-2026 00:29:34 [38;5;117m[DEBUG]: [0mThis is a debug message from thread 1618-09-2026 00:29:34 [38;5;009m[ERROR]: [0mThis is a error message from thread 1818-09-2026 00:29:34 [38;5;117m[DEBUG]: [0mThis is a debug message from thread 1818-09-2026 00:29:34 [38;5;015m[INFO]: [0mThis is a info message from thread 1618-09-2026 00:29:34 [38;5;009m[ERROR]: [0mThis is a error message from thread 918-09-2026 00:29:34 [38;5;015m[INFO]: [0mThis is a info message from thread 2618-09-2026 00:29:34 [38;5;015m[INFO]: [0mThis is a info message from thread 818-09-2026 00:29:34 [38;5;015m[INFO]: [0mThis is a info message from thread 1818-09-2026 00:29:34 [38;5;009m[ERROR]: [0mThis is a error message from thread 2618-09-2026 00:29:34 [38;5;015m[INFO]: [0mThis is a info message from thread 2018-09-2026 00:29:34 [38;5;117m[DEBUG]: [0mThis is a debug message from thread 618-09-2026 00:29:34 [38;5;117m[DEBUG]: [0mThis is a debug message from thread 718-09-2026 00:29:34 [38;5;009m[ERROR]: [0mThis is a error message from thread 1918-09-2026 00:29:34 [38;5;117m[DEBUG]: [0mThis is a debug message from thread 1418-09-2026 00:29:34 [38;5;015m[INFO]: [0mThis is a info message from thread 518-09-2026 00:29:34 [38;5;015m[INFO]: [0mThis is a info message from thread 2818-09-2026 00:29:34 [38;5;009m[ERROR]: [0mThis is a error message from thread 818-09-2026 00:29:34 [38;5;117m[DEBUG]: [0mThis is a debug message from thread 418-09-2026 00:29:34 [38;5;117m[DEBUG]: [0mThis is a debug message from thread 318-09-2026 00:29:34 [38;5;117m[DEBUG]: [0mThis is a debug message from thread 918-09-2026 00:29:34 [38;5;015m[INFO]: [0mThis is a info message from thread 318-09-2026 00:29:34 [38;5;117m[DEBUG]: [0mThis is a debug message from thread 818-09-2026 00:29:34 [38;5;009m[ERROR]: [0mThis is a error message from thread 2418-09-2026 00:29:34 [38;5;009m[ERROR]: [0mThis is a error message from thread 118-09-2026 00:29:34 [38;5;009m[ERROR]: [0mThis is a error message from thread 1218-09-2026 00:29:34 [38;5;009m[ERROR]: [0mThis is a error message from thread 518-09-2026 00:29:34 [38;5;009m[ERROR]: [0mThis is a error message from thread 2218-09-2026 00:29:34 [38;5;117m[DEBUG]: [0mThis is a debug message from thread 018-09-2026 00:29:34 [38;5;015m[INFO]: [0mThis is a info message from thread 018-09-2026 00:29:34 [38;5;015m[INFO]: [0mThis is a info message from thread 918-09-2026 00:29:34 [38;5;015m[INFO]: [0mThis is a info message from thread 418-09-2026 00:29:34 [38;5;117m[DEBUG]: [0mThis is a debug message from thread 118-09-2026 00:29:34 [38;5;117m[DEBUG]: [0mThis is a debug message from thread 1518-09-2026 00:29:34 [38;5;015m[INFO]: [0mThis is a info message from thread 118-09-2026 00:29:34 [38;5;015m[INFO]: [0mThis is a info message from thread 1518-09-2026 00:29:34 [38;5;117m[DEBUG]: [0mThis is a debug message from thread 518-09-2026 00:29:34 [38;5;009m[ERROR]: [0mThis is a error message from thread 1518-09-2026 00:29:34 [38;5;009m[ERROR]: [0mThis is a error message from thread 2018-09-2026 00:29:34 [38;5;009m[ERROR]: [0mThis is a error message from thread 018-09-2026 00:29:34 [38;5;009m[ERROR]: [0mThis is a error message from thread 918-09-2026 00:29:34 [38;5;015m[INFO]: [0mThis is a info message from thread 518-09-2026 00:29:34 [38;5;117m[DEBUG]: [0mThis is a debug message from thread 2018-09-2026 00:29:34 [38;5;009m[ERROR]: [0mThis is a error message from thread 1618-09-2026 00:29:34 [38;5;117m[DEBUG]: [0mThis is a debug message from thread 1918-09-2026 00:29:34 [38;5;015m[INFO]: [0mThis is a info message from thread 1018-09-2026 00:29:34 [38;5;117m[DEBUG]: [0mThis is a debug message from thread 918-09-2026 00:29:34 [38;5;009m[ERROR]: [0mThis is a error message from thread 318-09-2026 00:29:34 [38;5;009m[ERROR]: [0mThis is a error message from thread 518-09-2026 00:29:34 [38;5;009m[ERROR]: [0mThis is a error message from thread 118-09-2026 00:29:34 [38;5;117m[DEBUG]: [0mThis is a debug message from thread 1518-09-2026 00:29:34 [38;5;009m[ERROR]: [0mThis is a error message from thread 418-09-2026 00:29:34 [38;5;009m[ERROR]: [0mThis is a error message from thread 1818-09-2026 00:29:34 [38;5;117m[DEBUG]: [0mThis is a debug message from thread 2618-09-2026 00:29:34 [38;5;015m[INFO]: [0mThis is a info message from thread 1518-09-2026 00:29:34 [38;5;009m[ERROR]: [0mThis is a error message from thread 2818-09-2026 00:29:34 [38;5;117m[DEBUG]: [0mThis is a debug message from thread 318-09-2026 00:29:34 [38;5;117m[DEBUG]: [0mThis is a debug message from thread 518-09-2026 00:29:34 [38;5;015m[INFO]: [0mThis is a info message from thread 2018-09-2026 00:29:34 [38;5;015m[INFO]: [0mThis is a info message from thread 818-09-2026 00:29:34 [38;5;117m[DEBUG]: [0mThis is a debug message from thread 418-09-2026 00:29:34 [38;5;009m[ERROR]: [0mThis is a error message from thread 1018-09-2026 00:29:34 [38;5;009m[ERROR]: [0mThis is a error message from thread 2018-09-2026 00:29:34 [38;5;117m[DEBUG]: [0mThis is a debug message from thread 1218-09-2026 00:29:34 [38;5;009m[ERROR]: [0mThis is a error message from thread 818-09-2026 00:29:34 [38;5;015m[INFO]: [0mThis is a info message from thread 618-09-2026 00:29:34 [38;5;117m[DEBUG]: [0mThis is a debug message from thread 2218-09-2026 00:29:34 [38;5;015m[INFO]: [0mThis is a info message from thread 318-09-2026 00:29:34 [38;5;117m[DEBUG]: [0mThis is a debug message from thread 2018-09-2026 00:29:34 [38;5;015m[INFO]: [0mThis is a info message from thread 1418-09-2026 00:29:34 [38;5;015m[INFO]: [0mThis is a info message from thread 1918-09-2026 00:29:34 [38;5;015m[INFO]: [0mThis is a info message from thread 2218-09-2026 00:29:34 [38;5;117m[DEBUG]: [0mThis is a debug message from thread 818-09-2026 00:29:34 [38;5;117m[DEBUG]: [0mThis is a debug message from thread 1818-09-2026 00:29:34 [38;5;015m[INFO]: [0mThis is a info message from thread 818-09-2026 00:29:34 [38;5;009m[ERROR]: [0mThis is a error message from thread 318-09-2026 00:29:34 [38;5;015m[INFO]: [0mThis is a info message from thread 2018-09-2026 00:29:34 [38;5;009m[ERROR]: [0mThis is a error message from thread 2218-09-2026 00:29:34 [38;5;015m[INFO]: [0mThis is a info message from thread 1818-09-2026 00:29:34 [38;5;117m[DEBUG]: [0mThis is a debug message from thread 118-09-2026 00:29:34 [38;5;015m[INFO]: [0mThis is a info message from thread 118-09-2026 00:29:34 [38;5;009m[ERROR]: [0mThis is a error message from thread 1918-09-2026 00:29:34 [38;5;009m[ERROR]: [0mThis is a error message from thread 1418-09-2026 00:29:34 [38;5;009m[ERROR]: [0mThis is a error message from thread 1818-09-2026 00:29:34 [38;5;015m[INFO]: [0mThis is a info message from thread 1218-09-2026 00:29:34 [38;5;117m[DEBUG]: [0mThis is a debug message from thread 1018-09-2026 00:29:34 [38;5;015m[INFO]: [0mThis is a info message from thread 918-09-2026 00:29:34 [38;5;009m[ERROR]: [0mThis is a error message from thread 1218-09-2026 00:29:34 [38;5;117m[DEBUG]: [0mThis is a debug message from thread 1918-09-2026 00:29:34 [38;5;117m[DEBUG]: [0mThis is a debug message from thread 1418-09-2026 00:29:34 [38;5;009m[ERROR]: [0mThis is a error message from thread 918-09-2026 00:29:34 [38;5;015m[INFO]: [0mThis is a info message from thread 718-09-2026 00:29:34 [38;5;009m[ERROR]: [0mThis is a error message from thread 118-09-2026 00:29:34 [38;5;009m[ERROR]: [0mThis is a error message from thread 218-09-2026 00:29:34 [38;5;009m[ERROR]: [0mThis is a error message from thread 718-09-2026 00:29:34 [38;5;009m[ERROR]: [0mThis is a error message from thread 818-09-2026 00:29:34 [38;5;117m[DEBUG]: [0mThis is a debug message from thread 218-09-2026 00:29:34 [38;5;117m[DEBUG]: [0mThis is a debug message from thread 1218-09-2026 00:29:34 [38;5;015m[INFO]: [0mThis is a info message from thread 1418-09-2026 00:29:34 [38;5;117m[DEBUG]: [0mThis is a debug message from thread 2418-09-2026 00:29:34 [38;5;009m[ERROR]: [0mThis is a error message from thread 1418-09-2026 00:29:34 [38;5;117m[DEBUG]: [0mThis is a debug message from thread 118-09-2026 00:29:34 [38;5;015m[INFO]: [0mThis is a info message from thread 518-09-2026 00:29:34 [38;5;015m[INFO]: [0mThis is a info message from thread 2418-09-2026 00:29:34 [38;5;117m[DEBUG]: [0mThis is a debug message from thread 1418-09-2026 00:29:34 [38;5;015m[INFO]: [0mThis is a info message from thread 2918-09-2026 00:29:34 [38;5;117m[DEBUG]: [0mThis is a debug message from thread 2218-09-2026 00:29:34 [38;5;015m[INFO]: [0mThis is a info message from thread 1018-09-2026 00:29:34 [38;5;117m[DEBUG]: [0mThis is a debug message from thread 818-09-2026 00:29:34 [38;5;117m[DEBUG]: [0mThis is a debug message from thread 318-09-2026 00:29:34 [38;5;015m[INFO]: [0mThis is a info message from thread 118-09-2026 00:29:34 [38;5;009m[ERROR]: [0mThis is a error message from thread 1018-09-2026 00:29:34 [38;5;015m[INFO]: [0mThis is a info message from thread 2218-09-2026 00:29:34 [38;5;117m[DEBUG]: [0mThis is a debug message from thread 2118-09-2026 00:29:34 [38;5;009m[ERROR]: [0mThis is a error message from thread 2418-09-2026 00:29:34 [38;5;015m[INFO]: [0mThis is a info message from thread 1418-09-2026 00:29:34 [38;5;009m[ERROR]: [0mThis is a error message from thread 518-09-2026 00:29:34 [38;5;015m[INFO]: [0mThis is a info message from thread 1218-09-2026 00:29:34 [38;5;117m[DEBUG]: [0mThis is a debug message from thread 2418-09-2026 00:29:34 [38;5;117m[DEBUG]: [0mThis is a debug message from thread 1018-09-2026 00:29:34 [38;5;015m[INFO]: [0mThis is a info message from thread 218-09-2026 00:29:34 [38;5;009m[ERROR]: [0mThis is a error message from thread 2918-09-2026 00:29:34 [38;5;117m[DEBUG]: [0mThis is a debug message from thread 1118-09-2026 00:29:34 [38;5;015m[INFO]: [0mThis is a info message from thread 1018-09-2026 00:29:34 [38;5;009m[ERROR]: [0mThis is a error message from thread 118-09-2026 00:29:34 [38;5;015m[INFO]: [0mThis is a info message from thread 2118-09-2026 00:29:34 [38;5;015m[INFO]: [0mThis is a info message from thread 818-09-2026 00:29:34 [38;5;015m[INFO]: [0mThis is a info message from thread 2418-09-2026 00:29:34 [38;5;117m[DEBUG]: [0mThis is a debug message from thread 518-09-2026 00:29:34 [38;5;015m[INFO]: [0mThis is a info message from thread 1118-09-2026 00:29:34 [38;5;009m[ERROR]: [0mThis is a error message from thread 1118-09-2026 00:29:34 [38;5;009m[ERROR]: [0mThis is a error message from thread 2418-09-2026 00:29:34 [38;5;009m[ERROR]: [0mThis is a error message from thread 2118-09-2026 00:29:34 [38;5;117m[DEBUG]: [0mThis is a debug message from thread 2918-09-2026 00:29:34 [38;5;117m[DEBUG]: [0mThis is a debug message from thread 1118-09-2026 00:29:34 [38;5;015m[INFO]: [0mThis is a info message from thread 518-09-2026 00:29:34 [38;5;015m[INFO]: [0mThis is a info message from thread 2718-09-2026 00:29:34 [38;5;117m[DEBUG]: [0mThis is a debug message from thread 118-09-2026 00:29:34 [38;5;009m[ERROR]: [0mThis is a error message from thread 2318-09-2026 00:29:34 [38;5;015m[INFO]: [0mThis is a info message from thread 1318-09-2026 00:29:34 [38;5;117m[DEBUG]: [0mThis is a debug message from thread 2118-09-2026 00:29:34 [38;5;009m[ERROR]: [0mThis is a error message from thread 218-09-2026 00:29:34 [38;5;015m[INFO]: [0mThis is a info message from thread 318-09-2026 00:29:34 [38;5;117m[DEBUG]: [0mThis is a debug message from thread 2418-09-2026 00:29:34 [38;5;009m[ERROR]: [0mThis is a error message from thread 1318-09-2026 00:29:34 [38;5;015m[INFO]: [0mThis is a info message from thread 2918-09-2026 00:29:34 [38;5;117m[DEBUG]: [0mThis is a debug message from thread 1618-09-2026 00:29:34 [38;5;015m[INFO]: [0mThis is a info message from thread 1718-09-2026 00:29:34 [38;5;117m[DEBUG]: [0mThis is a debug message from thread 1318-09-2026 00:29:34 [38;5;015m[INFO]: [0mThis is a info message from thread 1118-09-2026 00:29:34 [38;5;009m[ERROR]: [0mThis is a error message from thread 2718-09-2026 00:29:34 [38;5;117m[DEBUG]: [0mThis is a debug message from thread 918-09-2026 00:29:34 [38;5;009m[ERROR]: [0mThis is a error message from thread 1518-09-2026 00:29:34 [38;5;117m[DEBUG]: [0mThis is a debug message from thread 2818-09-2026 00:29:34 [38;5;015m[INFO]: [0mThis is a info message from thread 118-09-2026 00:29:34 [38;5;015m[INFO]: [0mThis is a info message from thread 1318-09-2026 00:29:34 [38;5;015m[INFO]: [0mThis is a info message from thread 1618-09-2026 00:29:34 [38;5;009m[ERROR]: [0mThis is a error message from thread 318-09-2026 00:29:34 [38;5;009m[ERROR]: [0mThis is a error message from thread 1718-09-2026 00:29:34 [38;5;015m[INFO]: [0mThis is a info message from thread 918-09-2026 00:29:34 [38;5;009m[ERROR]: [0mThis is a error message from thread 1618-09-2026 00:29:34 [38;5;009m[ERROR]: [0mThis is a error message from thread 818-09-2026 00:29:34 [38;5;117m[DEBUG]: [0mThis is a debug message from thread 1518-09-2026 00:29:34 [38;5;117m[DEBUG]: [0mThis is a debug message from thread 1618-09-2026 00:29:34 [38;5;009m[ERROR]: [0mThis is a error message from thread 618-09-2026 00:29:34 [38;5;015m[INFO]: [0mThis is a info message from thread 418-09-2026 00:29:34 [38;5;015m[INFO]: [0mThis is a info message from thread 2818-09-2026 00:29:34 [38;5;015m[INFO]: [0mThis is a info message from thread 1518-09-2026 00:29:34 [38;5;009m[ERROR]: [0mThis is a error message from thread 918-09-2026 00:29:34 [38;5;117m[DEBUG]: [0mThis is a debug message from thread 1818-09-2026 00:29:34 [38;5;117m[DEBUG]: [0mThis is a debug message from thread 318-09-2026 00:29:34 [38;5;009m[ERROR]: [0mThis is a error message from thread 1518-09-2026 00:29:34 [38;5;117m[DEBUG]: [0mThis is a debug message from thread 718-09-2026 00:29:34 [38;5;009m[ERROR]: [0mThis is a error message from thread 118-09-2026 00:29:34 [38;5;009m[ERROR]: [0mThis is a error message from thread 418-09-2026 00:29:34 [38;5;015m[INFO]: [0mThis is a info message from thread 1918-09-2026 00:29:34 [38;5;009m[ERROR]: [0mThis is a error message from thread 1118-09-2026 00:29:34 [38;5;009m[ERROR]: [0mThis is a error message from thread 1218-09-2026 00:29:34 [38;5;117m[DEBUG]: [0mThis is a debug message from thread 118-09-2026 00:29:34 [38;5;009m[ERROR]: [0mThis is a error message from thread 1418-09-2026 00:29:34 [38;5;117m[DEBUG]: [0mThis is a debug message from thread 1218-09-2026 00:29:34 [38;5;117m[DEBUG]: [0mThis is a debug message from thread 218-09-2026 00:29:34 [38;5;015m[INFO]: [0mThis is a info message from thread 218-09-2026 00:29:34 [38;5;009m[ERROR]: [0mThis is a error message from thread 218-09-2026 00:29:34 [38;5;009m[ERROR]: [0mThis is a error message from thread 1918-09-2026 00:29:34 [38;5;015m[INFO]: [0mThis is a info message from thread 1618-09-2026 00:29:34 [38;5;015m[INFO]: [0mThis is a info message from thread 318-09-2026 00:29:34 [38;5;015m[INFO]: [0mThis is a info message from thread 1218-09-2026 00:29:34 [38;5;009m[ERROR]: [0mThis is a error message from thread 318-09-2026 00:29:34 [38;5;117m[DEBUG]: [0mThis is a debug message from thread 1118-09-2026 00:29:34 [38;5;117m[DEBUG]: [0mThis is a debug message from thread 318-09-2026 00:29:34 [38;5;117m[DEBUG]: [0mThis is a debug message from thread 218-09-2026 00:29:34 [38;5;015m[INFO]: [0mThis is a info message from thread 318-09-2026 00:29:34 [38;5;015m[INFO]: [0mThis is a info message from thread 118-09-2026 00:29:34 [38;5;009m[ERROR]: [0mThis is a error message from thread 1618-09-2026 00:29:34 [38;5;009m[ERROR]: [0mThis is a error message from thread 318-09-2026 00:29:34 [38;5;009m[ERROR]: [0mThis is a error message from thread 1218-09-2026 00:29:34 [38;5;117m[DEBUG]: [0mThis is a debug message from thread 018-09-2026 00:29:34 [38;5;117m[DEBUG]: [0mThis is a debug message from thread 1918-09-2026 00:29:34 [38;5;015m[INFO]: [0mThis is a info message from thread 1918-09-2026 00:29:34 [38;5;117m[DEBUG]: [0mThis is a debug message from thread 2718-09-2026 00:29:34 [38;5;015m[INFO]: [0mThis is a info message from thread 718-09-2026 00:29:34 [38;5;117m[DEBUG]: [0mThis is a debug message from thread 1418-09-2026 00:29:34 [38;5;009m[ERROR]: [0mThis is a error message from thread 118-09-2026 00:29:34 [38;5;117m[DEBUG]: [0mThis is a debug message from thread 1618-09-2026 00:29:34 [38;5;009m[ERROR]: [0mThis is a error message from thread 1918-09-2026 00:29:34 [38;5;015m[INFO]: [0mThis is a info message from thread 2118-09-2026 00:29:34 [38;5;015m[INFO]: [0mThis is a info message from thread 1618-09-2026 00:29:34 [38;5;015m[INFO]: [0mThis is a info message from thread 1818-09-2026 00:29:34 [38;5;117m[DEBUG]: [0mThis is a debug message from thread 1218-09-2026 00:29:34 [38;5;009m[ERROR]: [0mThis is a error message from thread 2918-09-2026 00:29:34 [38;5;009m[ERROR]: [0mThis is a error message from thread 1618-09-2026 00:29:34 [38;5;015m[INFO]: [0mThis is a info message from thread 1118-09-2026 00:29:34 [38;5;009m[ERROR]: [0mThis is a error message from thread 1818-09-2026 00:29:34 [38;5;009m[ERROR]: [0mThis is a error message from thread 518-09-2026 00:29:34 [38;5;015m[INFO]: [0mThis is a info message from thread 2618-09-2026 00:29:34 [38;5;015m[INFO]: [0mThis is a info message from thread 1218-09-2026 00:29:34 [38;5;117m[DEBUG]: [0mThis is a debug message from thread 2518-09-2026 00:29:34 [38;5;117m[DEBUG]: [0mThis is a debug message from thread 1818-09-2026 00:29:34 [38;5;015m[INFO]: [0mThis is a info message from thread 2518-09-2026 00:29:34 [38;5;009m[ERROR]: [0mThis is a error message from thread 1218-09-2026 00:29:34 [38;5;009m[ERROR]: [0mThis is a error message from thread 718-09-2026 00:29:34 [38;5;117m[DEBUG]: [0mThis is a debug message from thread 1918-09-2026 00:29:34 [38;5;009m[ERROR]: [0mThis is a error message from thread 1118-09-2026 00:29:34 [38;5;009m[ERROR]: [0mThis is a error message from thread 2518-09-2026 00:29:34 [38;5;015m[INFO]: [0mThis is a info message from thread 1418-09-2026 00:29:34 [38;5;117m[DEBUG]: [0mThis is a debug message from thread 1118-09-2026 00:29:34 [38;5;009m[ERROR]: [0mThis is a error message from thread 2618-09-2026 00:29:34 [38;5;117m[DEBUG]: [0mThis is a debug message from thread 2918-09-2026 00:29:34 [38;5;015m[INFO]: [0mThis is a info message from thread 018-09-2026 00:29:34 [38;5;117m[DEBUG]: [0mThis is a debug message from thread 718-09-2026 00:29:34 [38;5;015m[INFO]: [0mThis is a info message from thread 1818-09-2026 00:29:34 [38;5;117m[DEBUG]: [0mThis is a debug message from thread 1218-09-2026 00:29:34 [38;5;015m[INFO]: [0mThis is a info message from thread 1218-09-2026 00:29:34 [38;5;015m[INFO]: [0mThis is a info message from thread 1918-09-2026 00:29:34 [38;5;117m[DEBUG]: [0mThis is a debug message from thread 2518-09-2026 00:29:34 [38;5;009m[ERROR]: [0mThis is a error message from thread 1218-09-2026 00:29:34 [38;5;009m[ERROR]: [0mThis is a error message from thread 1018-09-2026 00:29:34 [38;5;117m[DEBUG]: [0mThis is a debug message from thread 318-09-2026 00:29:34 [38;5;009m[ERROR]: [0mThis is a error message from thread 1418-09-2026 00:29:34 [38;5;009m[ERROR]: [0mThis is a error message from thread 1818-09-2026 00:29:34 [38;5;117m[DEBUG]: [0mThis is a debug message from thread 2318-09-2026 00:29:34 [38;5;117m[DEBUG]: [0mThis is a debug message from thread 1718-09-2026 00:29:34 [38;5;117m[DEBUG]: [0mThis is a debug message from thread 618-09-2026 00:29:34 [38;5;009m[ERROR]: [0mThis is a error message from thread 2118-09-2026 00:29:34 [38;5;117m[DEBUG]: [0mThis is a debug message from thread 2618-09-2026 00:29:34 [38;5;009m[ERROR]: [0mThis is a error message from thread 1318-09-2026 00:29:34 [38;5;117m[DEBUG]: [0mThis is a debug message from thread 2118-09-2026 00:29:34 [38;5;015m[INFO]: [0mThis is a info message from thread 618-09-2026 00:29:34 [38;5;015m[INFO]: [0mThis is a info message from thread 218-09-2026 00:29:34 [38;5;117m[DEBUG]: [0mThis is a debug message from thread 1818-09-2026 00:29:34 [38;5;117m[DEBUG]: [0mThis is a debug message from thread 418-09-2026 00:29:34 [38;5;117m[DEBUG]: [0mThis is a debug message from thread 918-09-2026 00:29:34 [38;5;015m[INFO]: [0mThis is a info message from thread 2118-09-2026 00:29:34 [38;5;117m[DEBUG]: [0mThis is a debug message from thread 818-09-2026 00:29:34 [38;5;117m[DEBUG]: [0mThis is a debug message from thread 1418-09-2026 00:29:34 [38;5;009m[ERROR]: [0mThis is a error message from thread 618-09-2026 00:29:34 [38;5;015m[INFO]: [0mThis is a info message from thread 1718-09-2026 00:29:34 [38;5;009m[ERROR]: [0mThis is a error message from thread 2218-09-2026 00:29:34 [38;5;015m[INFO]: [0mThis is a info message from thread 1818-09-2026 00:29:34 [38;5;117m[DEBUG]: [0mThis is a debug message from thread 1518-09-2026 00:29:34 [38;5;117m[DEBUG]: [0mThis is a debug message from thread 1218-09-2026 00:29:34 [38;5;015m[INFO]: [0mThis is a info message from thread 2918-09-2026 00:29:34 [38;5;015m[INFO]: [0mThis is a info message from thread 418-09-2026 00:29:34 [38;5;009m[ERROR]: [0mThis is a error message from thread 1818-09-2026 00:29:34 [38;5;117m[DEBUG]: [0mThis is a debug message from thread 1618-09-2026 00:29:34 [38;5;009m[ERROR]: [0mThis is a error message from thread 1718-09-2026 00:29:34 [38;5;015m[INFO]: [0mThis is a info message from thread 1518-09-2026 00:29:34 [38;5;015m[INFO]: [0mThis is a info message from thread 1618-09-2026 00:29:34 [38;5;015m[INFO]: [0mThis is a info message from thread 918-09-2026 00:29:34 [38;5;015m[INFO]: [0mThis is a info message from thread 2418-09-2026 00:29:34 [38;5;015m[INFO]: [0mThis is a info message from thread 1218-09-2026 00:29:34 [38;5;009m[ERROR]: [0mThis is a error message from thread 2118-09-2026 00:29:34 [38;5;009m[ERROR]: [0mThis is a error message from thread 918-09-2026 00:29:34 [38;5;009m[ERROR]: [0mThis is a error message from thread 2418-09-2026 00:29:34 [38;5;117m[DEBUG]: [0mThis is a debug message from thread 1718-09-2026 00:29:34 [38;5;015m[INFO]: [0mThis is a info message from thread 2518-09-2026 00:29:34 [38;5;117m[DEBUG]: [0mThis is a debug message from thread 518-09-2026 00:29:34 [38;5;117m[DEBUG]: [0mThis is a debug message from thread 618-09-2026 00:29:34 [38;5;015m[INFO]: [0mThis is a info message from thread 718-09-2026 00:29:34 [38;5;117m[DEBUG]: [0mThis is a debug message from thread 1018-09-2026 00:29:34 [38;5;009m[ERROR]: [0mThis is a error message from thread 718-09-2026 00:29:34 [38;5;015m[INFO]: [0mThis is a info message from thread 1718-09-2026 00:29:34 [38;5;117m[DEBUG]: [0mThis is a debug message from thread 118-09-2026 00:29:34 [38;5;015m[INFO]: [0mThis is a info message from thread 118-09-2026 00:29:34 [38;5;009m[ERROR]: [0mThis is a error message from thread 1718-09-2026 00:29:34 [38;5;009m[ERROR]: [0mThis is a error message from thread 118-09-2026 00:29:34 [38;5;117m[DEBUG]: [0mThis is a debug message from thread 1718-09-2026 00:29:34 [38;5;117m[DEBUG]: [0mThis is a debug message from thread 718-09-2026 00:29:34 [38;5;015m[INFO]: [0mThis is a info message from thread 718-09-2026 00:29:34 [38;5;117m[DEBUG]: [0mThis is a debug message from thread 118-09-2026 00:29:34 [38;5;009m[ERROR]: [0mThis is a error message from thread 2018-09-2026 00:29:34 [38;5;009m[ERROR]: [0mThis is a error message from thread 2818-09-2026 00:29:34 [38;5;009m[ERROR]: [0mThis is a error message from thread 2918-09-2026 00:29:34 [38;5;015m[INFO]: [0mThis is a info message from thread 118-09-2026 00:29:34 [38;5;015m[INFO]: [0mThis is a info message from thread 1118-09-2026 00:29:34 [38;5;009m[ERROR]: [0mThis is a error message from thread 218-09-2026 00:29:34 [38;5;015m[INFO]: [0mThis is a info message from thread 818-09-2026 00:29:34 [38;5;015m[INFO]: [0mThis is a info message from thread 318-09-2026 00:29:34 [38;5;117m[DEBUG]: [0mThis is a debug message from thread 918-09-2026 00:29:34 [38;5;015m[INFO]: [0mThis is a info message from thread 1018-09-2026 00:29:34 [38;5;117m[DEBUG]: [0mThis is a debug message from thread 2018-09-2026 00:29:34 [38;5;009m[ERROR]: [0mThis is a error message from thread 018-09-2026 00:29:34 [38;5;015m[INFO]: [0mThis is a info message from thread 2318-09-2026 00:29:34 [38;5;015m[INFO]: [0mThis is a info message from thread 1418-09-2026 00:29:34 [38;5;117m[DEBUG]: [0mThis is a debug message from thread 218-09-2026 00:29:34 [38;5;117m[DEBUG]: [0mThis is a debug message from thread 2818-09-2026 00:29:34 [38;5;015m[INFO]: [0mThis is a info message from thread 218-09-2026 00:29:34 [38;5;009m[ERROR]: [0mThis is a error message from thread 118-09-2026 00:29:34 [38;5;009m[ERROR]: [0mThis is a error message from thread 418-09-2026 00:29:34 [38;5;117m[DEBUG]: [0mThis is a debug message from thread 118-09-2026 00:29:34 [38;5;117m[DEBUG]: [0mThis is a debug message from thread 418-09-2026 00:29:34 [38;5;015m[INFO]: [0mThis is a info message from thread 418-09-2026 00:29:34 [38;5;009m[ERROR]: [0mThis is a error message from thread 218-09-2026 00:29:34 [38;5;015m[INFO]: [0mThis is a info message from thread 2018-09-2026 00:29:34 [38;5;009m[ERROR]: [0mThis is a error message from thread 818-09-2026 00:29:34 [38;5;009m[ERROR]: [0mThis is a error message from thread 1118-09-2026 00:29:34 [38;5;009m[ERROR]: [0mThis is a error message from thread 318-09-2026 00:29:34 [38;5;117m[DEBUG]: [0mThis is a debug message from thread 1818-09-2026 00:29:34 [38;5;009m[ERROR]: [0mThis is a error message from thread 2018-09-2026 00:29:34 [38;5;009m[ERROR]: [0mThis is a error message from thread 418-09-2026 00:29:34 [38;5;117m[DEBUG]: [0mThis is a debug message from thread 818-09-2026 00:29:34 [38;5;117m[DEBUG]: [0mThis is a debug message from thread 2018-09-2026 00:29:34 [38;5;009m[ERROR]: [0mThis is a error message from thread 1218-09-2026 00:29:34 [38;5;009m[ERROR]: [0mThis is a error message from thread 2318-09-2026 00:29:34 [38;5;117m[DEBUG]: [0mThis is a debug message from thread 2418-09-2026 00:29:34 [38;5;015m[INFO]: [0mThis is a info message from thread 2018-09-2026 00:29:34 [38;5;117m[DEBUG]: [0mThis is a debug message from thread 418-09-2026 00:29:34 [38;5;009m[ERROR]: [0mThis is a error message from thread 2018-09-2026 00:29:34 [38;5;117m[DEBUG]: [0mThis is a debug message from thread 2018-09-2026 00:29:34 [38;5;015m[INFO]: [0mThis is a info message from thread 518-09-2026 00:29:34 [38;5;015m[INFO]: [0mThis is a info message from thread 2418-09-2026 00:29:34 [38;5;009m[ERROR]: [0mThis is a error message from thread 518-09-2026 00:29:34 [38;5;015m[INFO]: [0mThis is a info message from thread 2018-09-2026 00:29:34 [38;5;117m[DEBUG]: [0mThis is a debug message from thread 518-09-2026 00:29:34 [38;5;117m[DEBUG]: [0mThis is a debug message from thread 018-09-2026 00:29:34 [38;5;117m[DEBUG]: [0mThis is a debug message from thread 1218-09-2026 00:29:34 [38;5;015m[INFO]: [0mThis is a info message from thread 1218-09-2026 00:29:34 [38;5;009m[ERROR]: [0mThis is a error message from thread 2418-09-2026 00:29:34 [38;5;009m[ERROR]: [0mThis is a error message from thread 1218-09-2026 00:29:34 [38;5;117m[DEBUG]: [0mThis is a debug message from thread 2418-09-2026 00:29:34 [38;5;015m[INFO]: [0mThis is a info message from thread 818-09-2026 00:29:34 [38;5;009m[ERROR]: [0mThis is a error message from thread 2518-09-2026 00:29:34 [38;5;015m[INFO]: [0mThis is a info message from thread 2618-09-2026 00:29:34 [38;5;117m[DEBUG]: [0mThis is a debug message from thread 318-09-2026 00:29:34 [38;5;117m[DEBUG]: [0mThis is a debug message from thread 2118-09-2026 00:29:34 [38;5;117m[DEBUG]: [0mThis is a debug message from thread 1118-09-2026 00:29:34 [38;5;015m[INFO]: [0mThis is a info message from thread 618-09-2026 00:29:34 [38;5;015m[INFO]: [0mThis is a info message from thread 018-09-2026 00:29:34 [38;5;015m[INFO]: [0mThis is a info message from thread 2818-09-2026 00:29:34 [38;5;117m[DEBUG]: [0mThis is a debug message from thread 218-09-2026 00:29:34 [38;5;117m[DEBUG]: [0mThis is a debug message from thread 1218-09-2026 00:29:34 [38;5;117m[DEBUG]: [0mThis is a debug message from thread 2318-09-2026 00:29:34 [38;5;015m[INFO]: [0mThis is a info message from thread 118-09-2026 00:29:34 [38;5;009m[ERROR]: [0mThis is a error message from thread 018-09-2026 00:29:34 [38;5;009m[ERROR]: [0mThis is a error message from thread 618-09-2026 00:29:34 [38;5;009m[ERROR]: [0mThis is a error message from thread 1518-09-2026 00:29:34 [38;5;015m[INFO]: [0mThis is a info message from thread 318-09-2026 00:29:34 [38;5;117m[DEBUG]: [0mThis is a debug message from thread 618-09-2026 00:29:34 [38;5;015m[INFO]: [0mThis is a info message from thread 2418-09-2026 00:29:34 [38;5;009m[ERROR]: [0mThis is a error message from thread 118-09-2026 00:29:34 [38;5;117m[DEBUG]: [0mThis is a debug message from thread 1518-09-2026 00:29:34 [38;5;015m[INFO]: [0mThis is a info message from thread 618-09-2026 00:29:34 [38;5;009m[ERROR]: [0mThis is a error message from thread 2418-09-2026 00:29:34 [38;5;015m[INFO]: [0mThis is a info message from thread 218-09-2026 00:29:34 [38;5;015m[INFO]: [0mThis is a info message from thread 1218-09-2026 00:29:34 [38;5;009m[ERROR]: [0mThis is a error message from thread 618-09-2026 00:29:34 [38;5;015m[INFO]: [0mThis is a info message from thread 418-09-2026 00:29:34 [38;5;117m[DEBUG]: [0mThis is a debug message from thread 018-09-2026 00:29:34 [38;5;009m[ERROR]: [0mThis is a error message from thread 818-09-2026 00:29:34 [38;5;117m[DEBUG]: [0mThis is a debug message from thread 2418-09-2026 00:29:34 [38;5;015m[INFO]: [0mThis is a info message from thread 2718-09-2026 00:29:34 [38;5;015m[INFO]: [0mThis is a info message from thread 2318-09-2026 00:29:34 [38;5;015m[INFO]: [0mThis is a info message from thread 1118-09-2026 00:29:34 [38;5;009m[ERROR]: [0mThis is a error message from thread 1218-09-2026 00:29:34 [38;5;009m[ERROR]: [0mThis is a error message from thread 418-09-2026 00:29:34 [38;5;117m[DEBUG]: [0mThis is a debug message from thread 818-09-2026 00:29:34 [38;5;117m[DEBUG]: [0mThis is a debug message from thread 418-09-2026 00:29:34 [38;5;009m[ERROR]: [0mThis is a error message from thread 2718-09-2026 00:29:34 [38;5;015m[INFO]: [0mThis is a info message from thread 818-09-2026 00:29:34 [38;5;015m[INFO]: [0mThis is a info message from thread 918-09-2026 00:29:34 [38;5;117m[DEBUG]: [0mThis is a debug message from thread 618-09-2026 00:29:34 [38;5;009m[ERROR]: [0mThis is a error message from thread 1918-09-2026 00:29:34 [38;5;009m[ERROR]: [0mThis is a error message from thread 218-09-2026 00:29:34 [38;5;009m[ERROR]: [0mThis is a error message from thread 818-09-2026 00:29:34 [38;5;117m[DEBUG]: [0mThis is a debug message from thread 1918-09-2026 00:29:34 [38;5;117m[DEBUG]: [0mThis is a debug message from thread 1218-09-2026 00:29:34 [38;5;117m[DEBUG]: [0mThis is a debug message from thread 218-09-2026 00:29:34 [38;5;117m[DEBUG]: [0mThis is a debug message from thread 2718-09-2026 00:29:34 [38;5;015m[INFO]: [0mThis is a info message from thread 1218-09-2026 00:29:34 [38;5;009m[ERROR]: [0mThis is a error message from thread 2318-09-2026 00:29:34 [38;5;015m[INFO]: [0mThis is a info message from thread 518-09-2026 00:29:34 [38;5;015m[INFO]: [0mThis is a info message from thread 618-09-2026 00:29:34 [38;5;117m[DEBUG]: [0mThis is a debug message from thread 2518-09-2026 00:29:34 [38;5;015m[INFO]: [0mThis is a info message from thread 018-09-2026 00:29:34 [38;5;009m[ERROR]: [0mThis is a error message from thread 2618-09-2026 00:29:34 [38;5;009m[ERROR]: [0mThis is a error message from thread 618-09-2026 00:29:34 [38;5;009m[ERROR]: [0mThis is a error message from thread 2018-09-2026 00:29:34 [38;5;009m[ERROR]: [0mThis is a error message from thread 1418-09-2026 00:29:34 [38;5;015m[INFO]: [0mThis is a info message from thread 2518-09-2026 00:29:34 [38;5;117m[DEBUG]: [0mThis is a debug message from thread 2618-09-2026 00:29:34 [38;5;009m[ERROR]: [0mThis is a error message from thread 1618-09-2026 00:29:34 [38;5;009m[ERROR]: [0mThis is a error message from thread 1018-09-2026 00:29:34 [38;5;117m[DEBUG]: [0mThis is a debug message from thread 2018-09-2026 00:29:34 [38;5;117m[DEBUG]: [0mThis is a debug message from thread 118-09-2026 00:29:34 [38;5;009m[ERROR]: [0mThis is a error message from thread 2818-09-2026 00:29:34 [38;5;009m[ERROR]: [0mThis is a error message from thread 018-09-2026 00:29:34 [38;5;117m[DEBUG]: [0mThis is a debug message from thread 2318-09-2026 00:29:34 [38;5;009m[ERROR]: [0mThis is a error message from thread 1218-09-2026 00:29:34 [38;5;117m[DEBUG]: [0mThis is a debug message from thread 1618-09-2026 00:29:34 [38;5;015m[INFO]: [0mThis is a info message from thread 2618-09-2026 00:29:34 [38;5;117m[DEBUG]: [0mThis is a debug message from thread 2818-09-2026 00:29:34 [38;5;015m[INFO]: [0mThis is a info message from thread 2418-09-2026 00:29:34 [38;5;009m[ERROR]: [0mThis is a error message from thread 718-09-2026 00:29:34 [38;5;117m[DEBUG]: [0mThis is a debug message from thread 018-09-2026 00:29:34 [38;5;015m[INFO]: [0mThis is a info message from thread 1618-09-2026 00:29:34 [38;5;015m[INFO]: [0mThis is a info message from thread 418-09-2026 00:29:34 [38;5;117m[DEBUG]: [0mThis is a debug message from thread 1318-09-2026 00:29:34 [38;5;009m[ERROR]: [0mThis is a error message from thread 518-09-2026 00:29:34 [38;5;015m[INFO]: [0mThis is a info message from thread 1518-09-2026 00:29:34 [38;5;015m[INFO]: [0mThis is a info message from thread 1318-09-2026 00:29:34 [38;5;009m[ERROR]: [0mThis is a error message from thread 2618-09-2026 00:29:34 [38;5;117m[DEBUG]: [0mThis is a debug message from thread 2618-09-2026 00:29:34 [38;5;009m[ERROR]: [0mThis is a error message from thread 418-09-2026 00:29:34 [38;5;009m[ERROR]: [0mThis is a error message from thread 2418-09-2026 00:29:34 [38;5;009m[ERROR]: [0mThis is a error message from thread 1318-09-2026 00:29:34 [38;5;015m[INFO]: [0mThis is a info message from thread 2618-09-2026 00:29:34 [38;5;117m[DEBUG]: [0mThis is a debug message from thread 2418-09-2026 00:29:34 [38;5;117m[DEBUG]: [0mThis is a debug message from thread 418-09-2026 00:29:34 [38;5;015m[INFO]: [0mThis is a info message from thread 2818-09-2026 00:29:34 [38;5;009m[ERROR]: [0mThis is a error message from thread 1618-09-2026 00:29:34 [38;5;117m[DEBUG]: [0mThis is a debug message from thread 1218-09-2026 00:29:34 [38;5;015m[INFO]: [0mThis is a info message from thread 118-09-2026 00:29:34 [38;5;015m[INFO]: [0mThis is a info message from thread 2718-09-2026 00:29:34 [38;5;015m[INFO]: [0mThis is a info message from thread 018-09-2026 00:29:34 [38;5;117m[DEBUG]: [0mThis is a debug message from thread 2218-09-2026 00:29:34 [38;5;015m[INFO]: [0mThis is a info message from thread 218-09-2026 00:29:34 [38;5;015m[INFO]: [0mThis is a info message from thread 1918-09-2026 00:29:34 [38;5;009m[ERROR]: [0mThis is a error message from thread 1518-09-2026 00:29:34 [38;5;009m[ERROR]: [0mThis is a error message from thread 1918-09-2026 00:29:34 [38;5;117m[DEBUG]: [0mThis is a debug message from thread 518-09-2026 00:29:34 [38;5;015m[INFO]: [0mThis is a info message from thread 2118-09-2026 00:29:34 [38;5;009m[ERROR]: [0mThis is a error message from thread 2718-09-2026 00:29:34 [38;5;009m[ERROR]: [0mThis is a error message from thread 218-09-2026 00:29:34 [38;5;009m[ERROR]: [0mThis is a error message from thread 118-09-2026 00:29:34 [38;5;009m[ERROR]: [0mThis is a error message from thread 2818-09-2026 00:29:34 [38;5;015m[INFO]: [0mThis is a info message from thread 2218-09-2026 00:29:34 [38;5;117m[DEBUG]: [0mThis is a debug message from thread 1518-09-2026 00:29:34 [38;5;117m[DEBUG]: [0mThis is a debug message from thread 1918-09-2026 00:29:34 [38;5;117m[DEBUG]: [0mThis is a debug message from thread 218-09-2026 00:29:34 [38;5;009m[ERROR]: [0mThis is a error message from thread 318-09-2026 00:29:34 [38;5;015m[INFO]: [0mThis is a info message from thread 518-09-2026 00:29:34 [38;5;117m[DEBUG]: [0mThis is a debug message from thread 2918-09-2026 00:29:34 [38;5;015m[INFO]: [0mThis is a info message from thread 1918-09-2026 00:29:34 [38;5;117m[DEBUG]: [0mThis is a debug message from thread 1318-09-2026 00:29:34 [38;5;009m[ERROR]: [0mThis is a error message from thread 2218-09-2026 00:29:34 [38;5;009m[ERROR]: [0mThis is a error message from thread 1918-09-2026 00:29:34 [38;5;117m[DEBUG]: [0mThis is a debug message from thread 1618-09-2026 00:29:34 [38;5;117m[DEBUG]: [0mThis is a debug message from thread 718-09-2026 00:29:34 [38;5;015m[INFO]: [0mThis is a info message from thread 2918-09-2026 00:29:34 [38;5;015m[INFO]: [0mThis is a info message from thread 718-09-2026 00:29:34 [38;5;117m[DEBUG]: [0mThis is a debug message from thread 2218-09-2026 00:29:34 [38;5;117m[DEBUG]: [0mThis is a debug message from thread 1918-09-2026 00:29:34 [38;5;009m[ERROR]: [0mThis is a error message from thread 018-09-2026 00:29:34 [38;5;009m[ERROR]: [0mThis is a error message from thread 2618-09-2026 00:29:34 [38;5;009m[ERROR]: [0mThis is a error message from thread 2918-09-2026 00:29:34 [38;5;015m[INFO]: [0mThis is a info message from thread 1518-09-2026 00:29:34 [38;5;015m[INFO]: [0mThis is a info message from thread 1218-09-2026 00:29:34 [38;5;009m[ERROR]: [0mThis is a error message from thread 1118-09-2026 00:29:34 [38;5;117m[DEBUG]: [0mThis is a debug message from thread 018-09-2026 00:29:34 [38;5;015m[INFO]: [0mThis is a info message from thread 1618-09-2026 00:29:34 [38;5;117m[DEBUG]: [0mThis is a debug message from thread 818-09-2026 00:29:34 [38;5;009m[ERROR]: [0mThis is a error message from thread 1218-09-2026 00:29:34 [38;5;117m[DEBUG]: [0mThis is a debug message from thread 1018-09-2026 00:29:34 [38;5;117m[DEBUG]: [0mThis is a debug message from thread 2618-09-2026 00:29:34 [38;5;015m[INFO]: [0mThis is a info message from thread 818-09-2026 00:29:34 [38;5;015m[INFO]: [0mThis is a info message from thread 1918-09-2026 00:29:34 [38;5;015m[INFO]: [0mThis is a info message from thread 2618-09-2026 00:29:34 [38;5;009m[ERROR]: [0mThis is a error message from thread 1918-09-2026 00:29:34 [38;5;015m[INFO]: [0mThis is a info message from thread 2218-09-2026 00:29:34 [38;5;009m[ERROR]: [0mThis is a error message from thread 818-09-2026 00:29:34 [38;5;009m[ERROR]: [0mThis is a error message from thread 2618-09-2026 00:29:34 [38;5;117m[DEBUG]: [0mThis is a debug message from thread 1218-09-2026 00:29:34 [38;5;117m[DEBUG]: [0mThis is a debug message from thread 618-09-2026 00:29:34 [38;5;117m[DEBUG]: [0mThis is a debug message from thread 818-09-2026 00:29:34 [38;5;009m[ERROR]: [0mThis is a error message from thread 2118-09-2026 00:29:34 [38;5;117m[DEBUG]: [0mThis is a debug message from thread 2118-09-2026 00:29:34 [38;5;015m[INFO]: [0mThis is a info message from thread 2118-09-2026 00:29:34 [38;5;015m[INFO]: [0mThis is a info message from thread 1218-09-2026 00:29:34 [38;5;015m[INFO]: [0mThis is a info message from thread 618-09-2026 00:29:34 [38;5;015m[INFO]: [0mThis is a info message from thread 818-09-2026 00:29:34 [38;5;009m[ERROR]: [0mThis is a error message from thread 1518-09-2026 00:29:34 [38;5;015m[INFO]: [0mThis is a info message from thread 018-09-2026 00:29:34 [38;5;117m[DEBUG]: [0mThis is a debug message from thread 2718-09-2026 00:29:34 [38;5;009m[ERROR]: [0mThis is a error message from thread 518-09-2026 00:29:34 [38;5;015m[INFO]: [0mThis is a info message from thread 2018-09-2026 00:29:34 [38;5;009m[ERROR]: [0mThis is a error message from thread 2118-09-2026 00:29:34 [38;5;117m[DEBUG]: [0mThis is a debug message from thread 1518-09-2026 00:29:34 [38;5;015m[INFO]: [0mThis is a info message from thread 2718-09-2026 00:29:34 [38;5;015m[INFO]: [0mThis is a info message from thread 418-09-2026 00:29:34 [38;5;015m[INFO]: [0mThis is a info message from thread 1318-09-2026 00:29:34 [38;5;015m[INFO]: [0mThis is a info message from thread 1818-09-2026 00:29:34 [38;5;015m[INFO]: [0mThis is a info message from thread 2418-09-2026 00:29:34 [38;5;117m[DEBUG]: [0mThis is a debug message from thread 2118-09-2026 00:29:34 [38;5;009m[ERROR]: [0mThis is a error message from thread 1818-09-2026 00:29:34 [38;5;009m[ERROR]: [0mThis is a error message from thread 918-09-2026 00:29:34 [38;5;009m[ERROR]: [0mThis is a error message from thread 018-09-2026 00:29:34 [38;5;117m[DEBUG]: [0mThis is a debug message from thread 2918-09-2026 00:29:34 [38;5;117m[DEBUG]: [0mThis is a debug message from thread 1118-09-2026 00:29:34 [38;5;015m[INFO]: [0mThis is a info message from thread 2118-09-2026 00:29:34 [38;5;117m[DEBUG]: [0mThis is a debug message from thread 518-09-2026 00:29:34 [38;5;009m[ERROR]: [0mThis is a error message from thread 2418-09-2026 00:29:34 [38;5;117m[DEBUG]: [0mThis is a debug message from thread 1918-09-2026 00:29:34 [38;5;117m[DEBUG]: [0mThis is a debug message from thread 118-09-2026 00:29:34 [38;5;015m[INFO]: [0mThis is a info message from thread 2318-09-2026 00:29:34 [38;5;015m[INFO]: [0mThis is a info message from thread 1518-09-2026 00:29:34 [38;5;009m[ERROR]: [0mThis is a error message from thread 2318-09-2026 00:29:34 [38;5;009m[ERROR]: [0mThis is a error message from thread 2118-09-2026 00:29:34 [38;5;117m[DEBUG]: [0mThis is a debug message from thread 2118-09-2026 00:29:34 [38;5;015m[INFO]: [0mThis is a info message from thread 1918-09-2026 00:29:34 [38;5;009m[ERROR]: [0mThis is a error message from thread 1518-09-2026 00:29:34 [38;5;015m[INFO]: [0mThis is a info message from thread 518-09-2026 00:29:34 [38;5;009m[ERROR]: [0mThis is a error message from thread 1618-09-2026 00:29:34 [38;5;009m[ERROR]: [0mThis is a error message from thread 618-09-2026 00:29:34 [38;5;009m[ERROR]: [0mThis is a error message from thread 418-09-2026 00:29:34 [38;5;009m[ERROR]: [0mThis is a error message from thread 518-09-2026 00:29:34 [38;5;009m[ERROR]: [0mThis is a error message from thread 1918-09-2026 00:29:34 [38;5;015m[INFO]: [0mThis is a info message from thread 118-09-2026 00:29:34 [38;5;117m[DEBUG]: [0mThis is a debug message from thread 1918-09-2026 00:29:34 [38;5;117m[DEBUG]: [0mThis is a debug message from thread 2818-09-2026 00:29:34 [38;5;009m[ERROR]: [0mThis is a error message from thread 2518-09-2026 00:29:34 [38;5;117m[DEBUG]: [0mThis is a debug message from thread 1418-09-2026 00:29:34 [38;5;009m[ERROR]: [0mThis is a error message from thread 818-09-2026 00:29:34 [38;5;117m[DEBUG]: [0mThis is a debug message from thread 1518-09-2026 00:29:34 [38;5;015m[INFO]: [0mThis is a info message from thread 2818-09-2026 00:29:34 [38;5;117m[DEBUG]: [0mThis is a debug message from thread 2318-09-2026 00:29:34 [38;5;117m[DEBUG]: [0mThis is a debug message from thread 1618-09-2026 00:29:34 [38;5;117m[DEBUG]: [0mThis is a debug message from thread 418-09-2026 00:29:34 [38;5;015m[INFO]: [0mThis is a info message from thread 418-09-2026 00:29:34 [38;5;009m[ERROR]: [0mThis is a error message from thread 418-09-2026 00:29:34 [38;5;117m[DEBUG]: [0mThis is a debug message from thread 418-09-2026 00:29:34 [38;5;009m[ERROR]: [0mThis is a error message from thread 2818-09-2026 00:29:34 [38;5;117m[DEBUG]: [0mThis is a debug message from thread 818-09-2026 00:29:34 [38;5;117m[DEBUG]: [0mThis is a debug message from thread 2418-09-2026 00:29:34 [38;5;117m[DEBUG]: [0mThis is a debug message from thread 2518-09-2026 00:29:34 [38;5;015m[INFO]: [0mThis is a info message from thread 1918-09-2026 00:29:34 [38;5;009m[ERROR]: [0mThis is a error message from thread 1218-09-2026 00:29:34 [38;5;015m[INFO]: [0mThis is a info message from thread 1618-09-2026 00:29:34 [38;5;009m[ERROR]: [0mThis is a error message from thread 118-09-2026 00:29:34 [38;5;117m[DEBUG]: [0mThis is a debug message from thread 918-09-2026 00:29:34 [38;5;009m[ERROR]: [0mThis is a error message from thread 718-09-2026 00:29:34 [38;5;117m[DEBUG]: [0mThis is a debug message from thread 318-09-2026 00:29:34 [38;5;117m[DEBUG]: [0mThis is a debug message from thread 618-09-2026 00:29:34 [38;5;015m[INFO]: [0mThis is a info message from thread 1518-09-2026 00:29:34 [38;5;117m[DEBUG]: [0mThis is a debug message from thread 118-09-2026 00:29:34 [38;5;117m[DEBUG]: [0mThis is a debug message from thread 518-09-2026 00:29:34 [38;5;015m[INFO]: [0mThis is a info message from thread 2118-09-2026 00:29:34 [38;5;015m[INFO]: [0mThis is a info message from thread 2318-09-2026 00:29:34 [38;5;009m[ERROR]: [0mThis is a error message from thread 1618-09-2026 00:29:34 [38;5;015m[INFO]: [0mThis is a info message from thread 518-09-2026 00:29:34 [38;5;015m[INFO]: [0mThis is a info message from thread 418-09-2026 00:29:34 [38;5;009m[ERROR]: [0mThis is a error message from thread 2018-09-2026 00:29:34 [38;5;117m[DEBUG]: [0mThis is a debug message from thread 2018-09-2026 00:29:34 [38;5;015m[INFO]: [0mThis is a info message from thread 118-09-2026 00:29:34 [38;5;009m[ERROR]: [0mThis is a error message from thread 1518-09-2026 00:29:34 [38;5;117m[DEBUG]: [0mThis is a debug message from thread 1218-09-2026 00:29:34 [38;5;009m[ERROR]: [0mThis is a error message from thread 2118-09-2026 00:29:34 [38;5;009m[ERROR]: [0mThis is a error message from thread 2318-09-2026 00:29:34 [38;5;015m[INFO]: [0mThis is a info message from thread 2018-09-2026 00:29:34 [38;5;117m[DEBUG]: [0mThis is a debug message from thread 2618-09-2026 00:29:34 [38;5;015m[INFO]: [0mThis is a info message from thread 618-09-2026 00:29:34 [38;5;009m[ERROR]: [0mThis is a error message from thread 418-09-2026 00:29:34 [38;5;117m[DEBUG]: [0mThis is a debug message from thread 418-09-2026 00:29:34 [38;5;009m[ERROR]: [0mThis is a error message from thread 518-09-2026 00:29:34 [38;5;117m[DEBUG]: [0mThis is a debug message from thread 2318-09-2026 00:29:34 [38;5;117m[DEBUG]: [0mThis is a debug message from thread 2118-09-2026 00:29:34 [38;5;015m[INFO]: [0mThis is a info message from thread 2118-09-2026 00:29:34 [38;5;117m[DEBUG]: [0mThis is a debug message from thread 1618-09-2026 00:29:34 [38;5;015m[INFO]: [0mThis is a info message from thread 2318-09-2026 00:29:34 [38;5;009m[ERROR]: [0mThis is a error message from thread 2018-09-2026 00:29:34 [38;5;009m[ERROR]: [0mThis is a error message from thread 2118-09-2026 00:29:34 [38;5;015m[INFO]: [0mThis is a info message from thread 2418-09-2026 00:29:34 [38;5;117m[DEBUG]: [0mThis is a debug message from thread 2118-09-2026 00:29:34 [38;5;015m[INFO]: [0mThis is a info message from thread 1618-09-2026 00:29:34 [38;5;009m[ERROR]: [0mThis is a error message from thread 2218-09-2026 00:29:34 [38;5;015m[INFO]: [0mThis is a info message from thread 918-09-2026 00:29:34 [38;5;009m[ERROR]: [0mThis is a error message from thread 1918-09-2026 00:29:34 [38;5;009m[ERROR]: [0mThis is a error message from thread 118-09-2026 00:29:34 [38;5;015m[INFO]: [0mThis is a info message from thread 2918-09-2026 00:29:34 [38;5;015m[INFO]: [0mThis is a info message from thread 2618-09-2026 00:29:34 [38;5;009m[ERROR]: [0mThis is a error message from thread 618-09-2026 00:29:34 [38;5;015m[INFO]: [0mThis is a info message from thread 818-09-2026 00:29:34 [38;5;117m[DEBUG]: [0mThis is a debug message from thread 1918-09-2026 00:29:34 [38;5;009m[ERROR]: [0mThis is a error message from thread 1618-09-2026 00:29:34 [38;5;117m[DEBUG]: [0mThis is a debug message from thread 118-09-2026 00:29:34 [38;5;117m[DEBUG]: [0mThis is a debug message from thread 2218-09-2026 00:29:34 [38;5;009m[ERROR]: [0mThis is a error message from thread 818-09-2026 00:29:34 [38;5;015m[INFO]: [0mThis is a info message from thread 118-09-2026 00:29:34 [38;5;015m[INFO]: [0mThis is a info message from thread 218-09-2026 00:29:34 [38;5;117m[DEBUG]: [0mThis is a debug message from thread 2818-09-2026 00:29:34 [38;5;117m[DEBUG]: [0mThis is a debug message from thread 518-09-2026 00:29:34 [38;5;117m[DEBUG]: [0mThis is a debug message from thread 618-09-2026 00:29:34 [38;5;015m[INFO]: [0mThis is a info message from thread 418-09-2026 00:29:34 [38;5;117m[DEBUG]: [0mThis is a debug message from thread 1618-09-2026 00:29:34 [38;5;015m[INFO]: [0mThis is a info message from thread 1918-09-2026 00:29:34 [38;5;015m[INFO]: [0mThis is a info message from thread 2818-09-2026 00:29:34 [38;5;117m[DEBUG]: [0mThis is a debug message from thread 818-09-2026 00:29:34 [38;5;009m[ERROR]: [0mThis is a error message from thread 918-09-2026 00:29:34 [38;5;117m[DEBUG]: [0mThis is a debug message from thread 718-09-2026 00:29:34 [38;5;015m[INFO]: [0mThis is a info message from thread 2218-09-2026 00:29:34 [38;5;015m[INFO]: [0mThis is a info message from thread 818-09-2026 00:29:34 [38;5;015m[INFO]: [0mThis is a info message from thread 318-09-2026 00:29:34 [38;5;117m[DEBUG]: [0mThis is a debug message from thread 1818-09-2026 00:29:34 [38;5;117m[DEBUG]: [0mThis is a debug message from thread 1518-09-2026 00:29:34 [38;5;015m[INFO]: [0mThis is a info message from thread 1518-09-2026 00:29:34 [38;5;009m[ERROR]: [0mThis is a error message from thread 818-09-2026 00:29:34 [38;5;015m[INFO]: [0mThis is a info message from thread 1218-09-2026 00:29:34 [38;5;009m[ERROR]: [0mThis is a error message from thread 418-09-2026 00:29:34 [38;5;009m[ERROR]: [0mThis is a error message from thread 1218-09-2026 00:29:34 [38;5;117m[DEBUG]: [0mThis is a debug message from thread 818-09-2026 00:29:34 [38;5;015m[INFO]: [0mThis is a info message from thread 1718-09-2026 00:29:34 [38;5;015m[INFO]: [0mThis is a info message from thread 2518-09-2026 00:29:34 [38;5;009m[ERROR]: [0mThis is a error message from thread 1318-09-2026 00:29:34 [38;5;117m[DEBUG]: [0mThis is a debug message from thread 018-09-2026 00:29:34 [38;5;117m[DEBUG]: [0mThis is a debug message from thread 918-09-2026 00:29:34 [38;5;009m[ERROR]: [0mThis is a error message from thread 2518-09-2026 00:29:34 [38;5;117m[DEBUG]: [0mThis is a debug message from thread 2018-09-2026 00:29:34 [38;5;015m[INFO]: [0mThis is a info message from thread 1118-09-2026 00:29:34 [38;5;009m[ERROR]: [0mThis is a error message from thread 2318-09-2026 00:29:34 [38;5;009m[ERROR]: [0mThis is a error message from thread 1718-09-2026 00:29:34 [38;5;015m[INFO]: [0mThis is a info message from thread 2018-09-2026 00:29:34 [38;5;015m[INFO]: [0mThis is a info message from thread 2118-09-2026 00:29:34 [38;5;009m[ERROR]: [0mThis is a error message from thread 2018-09-2026 00:29:34 [38;5;015m[INFO]: [0mThis is a info message from thread 818-09-2026 00:29:34 [38;5;009m[ERROR]: [0mThis is a error message from thread 2118-09-2026 00:29:34 [38;5;009m[ERROR]: [0mThis is a error message from thread 2918-09-2026 00:29:34 [38;5;009m[ERROR]: [0mThis is a error message from thread 818-09-2026 00:29:34 [38;5;117m[DEBUG]: [0mThis is a debug message from thread 2118-09-2026 00:29:34 [38;5;117m[DEBUG]: [0mThis is a debug message from thread 2918-09-2026 00:29:34 [38;5;117m[DEBUG]: [0mThis is a debug message from thread 818-09-2026 00:29:34 [38;5;015m[INFO]: [0mThis is a info message from thread 2118-09-2026 00:29:34 [38;5;009m[ERROR]: [0mThis is a error message from thread 2718-09-2026 00:29:34 [38;5;015m[INFO]: [0mThis is a info message from thread 818-09-2026 00:29:34 [38;5;009m[ERROR]: [0mThis is a error message from thread 2118-09-2026 00:29:34 [38;5;117m[DEBUG]: [0mThis is a debug message from thread 1718-09-2026 00:29:34 [38;5;009m[ERROR]: [0mThis is a error message from thread 818-09-2026 00:29:34 [38;5;117m[DEBUG]: [0mThis is a debug message from thread 2318-09-2026 00:29:34 [38;5;117m[DEBUG]: [0mThis is a debug message from thread 2118-09-2026 00:29:34 [38;5;117m[DEBUG]: [0mThis is a debug message from thread 2718-09-2026 00:29:34 [38;5;009m[ERROR]: [0mThis is a error message from thread 118-09-2026 00:29:34 [38;5;117m[DEBUG]: [0mThis is a debug message from thread 1318-09-2026 00:29:34 [38;5;015m[INFO]: [0mThis is a info message from thread 718-09-2026 00:29:34 [38;5;015m[INFO]: [0mThis is a info message from thread 018-09-2026 00:29:34 [38;5;015m[INFO]: [0mThis is a info message from thread 918-09-2026 00:29:34 [38;5;015m[INFO]: [0mThis is a info message from thread 2118-09-2026 00:29:34 [38;5;015m[INFO]: [0mThis is a info message from thread 1318-09-2026 00:29:34 [38;5;015m[INFO]: [0mThis is a info message from thread 2918-09-2026 00:29:34 [38;5;009m[ERROR]: [0mThis is a error message from thread 918-09-2026 00:29:34 [38;5;009m[ERROR]: [0mThis is a error message from thread 2218-09-2026 00:29:34 [38;5;009m[ERROR]: [0mThis is a error message from thread 1318-09-2026 00:29:34 [38;5;117m[DEBUG]: [0mThis is a debug message from thread 818-09-2026 00:29:34 [38;5;009m[ERROR]: [0mThis is a error message from thread 2918-09-2026 00:29:34 [38;5;015m[INFO]: [0mThis is a info message from thread 1718-09-2026 00:29:34 [38;5;009m[ERROR]: [0mThis is a error message from thread 318-09-2026 00:29:34 [38;5;117m[DEBUG]: [0mThis is a debug message from thread 1318-09-2026 00:29:34 [38;5;015m[INFO]: [0mThis is a info message from thread 818-09-2026 00:29:34 [38;5;015m[INFO]: [0mThis is a info message from thread 1418-09-2026 00:29:34 [38;5;117m[DEBUG]: [0mThis is a debug message from thread 2918-09-2026 00:29:34 [38;5;117m[DEBUG]: [0mThis is a debug message from thread 318-09-2026 00:29:34 [38;5;009m[ERROR]: [0mThis is a error message from thread 1418-09-2026 00:29:34 [38;5;015m[INFO]: [0mThis is a info message from thread 2318-09-2026 00:29:34 [38;5;117m[DEBUG]: [0mThis is a debug message from thread 2018-09-2026 00:29:34 [38;5;009m[ERROR]: [0mThis is a error message from thread 2318-09-2026 00:29:34 [38;5;009m[ERROR]: [0mThis is a error message from thread 2118-09-2026 00:29:34 [38;5;015m[INFO]: [0mThis is a info message from thread 318-09-2026 00:29:34 [38;5;015m[INFO]: [0mThis is a info message from thread 518-09-2026 00:29:34 [38;5;117m[DEBUG]: [0mThis is a debug message from thread 2118-09-2026 00:29:34 [38;5;117m[DEBUG]: [0mThis is a debug message from thread 2318-09-2026 00:29:34 [38;5;015m[INFO]: [0mThis is a info message from thread 2918-09-2026 00:29:34 [38;5;117m[DEBUG]: [0mThis is a debug message from thread 1218-09-2026 00:29:34 [38;5;015m[INFO]: [0mThis is a info message from thread 2718-09-2026 00:29:34 [38;5;015m[INFO]: [0mThis is a info message from thread 2018-09-2026 00:29:34 [38;5;117m[DEBUG]: [0mThis is a debug message from thread 418-09-2026 00:29:34 [38;5;009m[ERROR]: [0mThis is a error message from thread 718-09-2026 00:29:34 [38;5;015m[INFO]: [0mThis is a info message from thread 618-09-2026 00:29:34 [38;5;009m[ERROR]: [0mThis is a error message from thread 2618-09-2026 00:29:34 [38;5;015m[INFO]: [0mThis is a info message from thread 2318-09-2026 00:29:34 [38;5;117m[DEBUG]: [0mThis is a debug message from thread 2518-09-2026 00:29:34 [38;5;009m[ERROR]: [0mThis is a error message from thread 2018-09-2026 00:29:34 [38;5;015m[INFO]: [0mThis is a info message from thread 1218-09-2026 00:29:34 [38;5;015m[INFO]: [0mThis is a info message from thread 1818-09-2026 00:29:34 [38;5;117m[DEBUG]: [0mThis is a debug message from thread 2618-09-2026 00:29:34 [38;5;015m[INFO]: [0mThis is a info message from thread 1018-09-2026 00:29:34 [38;5;015m[INFO]: [0mThis is a info message from thread 1318-09-2026 00:29:34 [38;5;009m[ERROR]: [0mThis is a error message from thread 618-09-2026 00:29:34 [38;5;009m[ERROR]: [0mThis is a error message from thread 2418-09-2026 00:29:34 [38;5;015m[INFO]: [0mThis is a info message from thread 2118-09-2026 00:29:34 [38;5;009m[ERROR]: [0mThis is a error message from thread 518-09-2026 00:29:34 [38;5;009m[ERROR]: [0mThis is a error message from thread 2918-09-2026 00:29:34 [38;5;117m[DEBUG]: [0mThis is a debug message from thread 718-09-2026 00:29:34 [38;5;009m[ERROR]: [0mThis is a error message from thread 818-09-2026 00:29:34 [38;5;015m[INFO]: [0mThis is a info message from thread 2618-09-2026 00:29:34 [38;5;009m[ERROR]: [0mThis is a error message from thread 1018-09-2026 00:29:34 [38;5;117m[DEBUG]: [0mThis is a debug message from thread 918-09-2026 00:29:34 [38;5;009m[ERROR]: [0mThis is a error message from thread 1118-09-2026 00:29:34 [38;5;009m[ERROR]: [0mThis is a error message from thread 2618-09-2026 00:29:34 [38;5;009m[ERROR]: [0mThis is a error message from thread 2718-09-2026 00:29:34 [38;5;117m[DEBUG]: [0mThis is a debug message from thread 618-09-2026 00:29:34 [38;5;015m[INFO]: [0mThis is a info message from thread 718-09-2026 00:29:34 [38;5;117m[DEBUG]: [0mThis is a debug message from thread 1118-09-2026 00:29:34 [38;5;117m[DEBUG]: [0mThis is a debug message from thread 1018-09-2026 00:29:34 [38;5;015m[INFO]: [0mThis is a info message from thread 2518-09-2026 00:29:34 [38;5;117m[DEBUG]: [0mThis is a debug message from thread 2618-09-2026 00:29:34 [38;5;009m[ERROR]: [0mThis is a error message from thread 1918-09-2026 00:29:34 [38;5;009m[ERROR]: [0mThis is a error message from thread 2818-09-2026 00:29:34 [38;5;009m[ERROR]: [0mThis is a error message from thread 1218-09-2026 00:29:34 [38;5;117m[DEBUG]: [0mThis is a debug message from thread 1418-09-2026 00:29:34 [38;5;117m[DEBUG]: [0mThis is a debug message from thread 2718-09-2026 00:29:34 [38;5;117m[DEBUG]: [0mThis is a debug message from thread 2818-09-2026 00:29:34 [38;5;009m[ERROR]: [0mThis is a error message from thread 2518-09-2026 00:29:34 [38;5;117m[DEBUG]: [0mThis is a debug message from thread 1218-09-2026 00:29:34 [38;5;015m[INFO]: [0mThis is a info message from thread 1118-09-2026 00:29:34 [38;5;015m[INFO]: [0mThis is a info message from thread 2618-09-2026 00:29:34 [38;5;015m[INFO]: [0mThis is a info message from thread 1618-09-2026 00:29:34 [38;5;009m[ERROR]: [0mThis is a error message from thread 1618-09-2026 00:29:34 [38;5;009m[ERROR]: [0mThis is a error message from thread 2318-09-2026 00:29:34 [38;5;009m[ERROR]: [0mThis is a error message from thread 218-09-2026 00:29:34 [38;5;015m[INFO]: [0mThis is a info message from thread 2818-09-2026 00:29:34 [38;5;015m[INFO]: [0mThis is a info message from thread 2718-09-2026 00:29:34 [38;5;015m[INFO]: [0mThis is a info message from thread 1018-09-2026 00:29:34 [38;5;015m[INFO]: [0mThis is a info message from thread 1418-09-2026 00:29:34 [38;5;009m[ERROR]: [0mThis is a error message from thread 2618-09-2026 00:29:34 [38;5;009m[ERROR]: [0mThis is a error message from thread 2818-09-2026 00:29:34 [38;5;009m[ERROR]: [0mThis is a error message from thread 2718-09-2026 00:29:34 [38;5;009m[ERROR]: [0mThis is a error message from thread 2118-09-2026 00:29:34 [38;5;009m[ERROR]: [0mThis is a error message from thread 1118-09-2026 00:29:34 [38;5;009m[ERROR]: [0mThis is a error message from thread 1018-09-2026 00:29:34 [38;5;117m[DEBUG]: [0mThis is a debug message from thread 2718-09-2026 00:29:34 [38;5;117m[DEBUG]: [0mThis is a debug message from thread 1018-09-2026 00:29:34 [38;5;117m[DEBUG]: [0mThis is a debug message from thread 2818-09-2026 00:29:34 [38;5;117m[DEBUG]: [0mThis is a debug message from thread 2618-09-2026 00:29:34 [38;5;015m[INFO]: [0mThis is a info message from thread 2718-09-2026 00:29:34 [38;5;009m[ERROR]: [0mThis is a error message from thread 1418-09-2026 00:29:34 [38;5;015m[INFO]: [0mThis is a info message from thread 1018-09-2026 00:29:34 [38;5;117m[DEBUG]: [0mThis is a debug message from thread 218-09-2026 00:29:34 [38;5;009m[ERROR]: [0mThis is a error message from thread 2718-09-2026 00:29:34 [38;5;117m[DEBUG]: [0mThis is a debug message from thread 2118-09-2026 00:29:34 [38;5;117m[DEBUG]: [0mThis is a debug message from thread 2718-09-2026 00:29:34 [38;5;009m[ERROR]: [0mThis is a error message from thread 318-09-2026 00:29:34 [38;5;117m[DEBUG]: [0mThis is a debug message from thread 1618-09-2026 00:29:34 [38;5;015m[INFO]: [0mThis is a info message from thread 218-09-2026 00:29:34 [38;5;117m[DEBUG]: [0mThis is a debug message from thread 2418-09-2026 00:29:34 [38;5;117m[DEBUG]: [0mThis is a debug message from thread 1118-09-2026 00:29:34 [38;5;015m[INFO]: [0mThis is a info message from thread 2618-09-2026 00:29:34 [38;5;015m[INFO]: [0mThis is a info message from thread 1218-09-2026 00:29:34 [38;5;117m[DEBUG]: [0mThis is a debug message from thread 2918-09-2026 00:29:34 [38;5;009m[ERROR]: [0mThis is a error message from thread 1018-09-2026 00:29:34 [38;5;015m[INFO]: [0mThis is a info message from thread 2418-09-2026 00:29:34 [38;5;015m[INFO]: [0mThis is a info message from thread 2918-09-2026 00:29:34 [38;5;009m[ERROR]: [0mThis is a error message from thread 2418-09-2026 00:29:34 [38;5;015m[INFO]: [0mThis is a info message from thread 1618-09-2026 00:29:34 [38;5;117m[DEBUG]: [0mThis is a debug message from thread 2418-09-2026 00:29:34 [38;5;117m[DEBUG]: [0mThis is a debug message from thread 318-09-2026 00:29:34 [38;5;009m[ERROR]: [0mThis is a error message from thread 1718-09-2026 00:29:34 [38;5;117m[DEBUG]: [0mThis is a debug message from thread 1418-09-2026 00:29:34 [38;5;009m[ERROR]: [0mThis is a error message from thread 2618-09-2026 00:29:34 [38;5;009m[ERROR]: [0mThis is a error message from thread 1618-09-2026 00:29:34 [38;5;009m[ERROR]: [0mThis is a error message from thread 2918-09-2026 00:29:34 [38;5;117m[DEBUG]: [0mThis is a debug message from thread 1718-09-2026 00:29:34 [38;5;117m[DEBUG]: [0mThis is a debug message from thread 2018-09-2026 00:29:34 [38;5;117m[DEBUG]: [0mThis is a debug message from thread 1018-09-2026 00:29:34 [38;5;117m[DEBUG]: [0mThis is a debug message from thread 2218-09-2026 00:29:34 [38;5;117m[DEBUG]: [0mThis is a debug message from thread 118-09-2026 00:29:34 [38;5;009m[ERROR]: [0mThis is a error message from thread 1818-09-2026 00:29:34 [38;5;015m[INFO]: [0mThis is a info message from thread 2018-09-2026 00:29:34 [38;5;009m[ERROR]: [0mThis is a error message from thread 1218-09-2026 00:29:34 [38;5;015m[INFO]: [0mThis is a info message from thread 1118-09-2026 00:29:34 [38;5;015m[INFO]: [0mThis is a info message from thread 618-09-2026 00:29:34 [38;5;015m[INFO]: [0mThis is a info message from thread 2218-09-2026 00:29:34 [38;5;009m[ERROR]: [0mThis is a error message from thread 2218-09-2026 00:29:34 [38;5;015m[INFO]: [0mThis is a info message from thread 118-09-2026 00:29:34 [38;5;015m[INFO]: [0mThis is a info message from thread 1418-09-2026 00:29:34 [38;5;009m[ERROR]: [0mThis is a error message from thread 2018-09-2026 00:29:34 [38;5;009m[ERROR]: [0mThis is a error message from thread 1518-09-2026 00:29:34 [38;5;015m[INFO]: [0mThis is a info message from thread 1718-09-2026 00:29:34 [38;5;009m[ERROR]: [0mThis is a error message from thread 1418-09-2026 00:29:34 [38;5;117m[DEBUG]: [0mThis is a debug message from thread 2018-09-2026 00:29:34 [38;5;009m[ERROR]: [0mThis is a error message from thread 1318-09-2026 00:29:34 [38;5;009m[ERROR]: [0mThis is a error message from thread 1118-09-2026 00:29:34 [38;5;117m[DEBUG]: [0mThis is a debug message from thread 2618-09-2026 00:29:34 [38;5;015m[INFO]: [0mThis is a info message from thread 1018-09-2026 00:29:34 [38;5;015m[INFO]: [0mThis is a info message from thread 918-09-2026 00:29:34 [38;5;015m[INFO]: [0mThis is a info message from thread 2818-09-2026 00:29:34 [38;5;117m[DEBUG]: [0mThis is a debug message from thread 1118-09-2026 00:29:34 [38;5;015m[INFO]: [0mThis is a info message from thread 2018-09-2026 00:29:34 [38;5;117m[DEBUG]: [0mThis is a debug message from thread 518-09-2026 00:29:34 [38;5;009m[ERROR]: [0mThis is a error message from thread 1018-09-2026 00:29:34 [38;5;117m[DEBUG]: [0mThis is a debug message from thread 2518-09-2026 00:29:34 [38;5;009m[ERROR]: [0mThis is a error message from thread 1718-09-2026 00:29:34 [38;5;009m[ERROR]: [0mThis is a error message from thread 2818-09-2026 00:29:34 [38;5;015m[INFO]: [0mThis is a info message from thread 518-09-2026 00:29:34 [38;5;009m[ERROR]: [0mThis is a error message from thread 718-09-2026 00:29:34 [38;5;015m[INFO]: [0mThis is a info message from thread 1118-09-2026 00:29:34 [38;5;117m[DEBUG]: [0mThis is a debug message from thread 1018-09-2026 00:29:34 [38;5;015m[INFO]: [0mThis is a info message from thread 2518-09-2026 00:29:34 [38;5;009m[ERROR]: [0mThis is a error message from thread 918-09-2026 00:29:34 [38;5;015m[INFO]: [0mThis is a info message from thread 2618-09-2026 00:29:34 [38;5;015m[INFO]: [0mThis is a info message from thread 418-09-2026 00:29:34 [38;5;117m[DEBUG]: [0mThis is a debug message from thread 718-09-2026 00:29:34 [38;5;117m[DEBUG]: [0mThis is a debug message from thread 2918-09-2026 00:29:34 [38;5;009m[ERROR]: [0mThis is a error message from thread 2018-09-2026 00:29:34 [38;5;009m[ERROR]: [0mThis is a error message from thread 518-09-2026 00:29:34 [38;5;009m[ERROR]: [0mThis is a error message from thread 2518-09-2026 00:29:34 [38;5;117m[DEBUG]: [0mThis is a debug message from thread 518-09-2026 00:29:34 [38;5;009m[ERROR]: [0mThis is a error message from thread 418-09-2026 00:29:34 [38;5;009m[ERROR]: [0mThis is a error message from thread 018-09-2026 00:29:34 [38;5;117m[DEBUG]: [0mThis is a debug message from thread 2518-09-2026 00:29:34 [38;5;117m[DEBUG]: [0mThis is a debug message from thread 2018-09-2026 00:29:34 [38;5;117m[DEBUG]: [0mThis is a debug message from thread 918-09-2026 00:29:34 [38;5;117m[DEBUG]: [0mThis is a debug message from thread 018-09-2026 00:29:34 [38;5;015m[INFO]: [0mThis is a info message from thread 918-09-2026 00:29:34 [38;5;015m[INFO]: [0mThis is a info message from thread 718-09-2026 00:29:34 [38;5;117m[DEBUG]: [0mThis is a debug message from thread 1618-09-2026 00:29:34 [38;5;015m[INFO]: [0mThis is a info message from thread 2518-09-2026 00:29:34 [38;5;009m[ERROR]: [0mThis is a error message from thread 2618-09-2026 00:29:34 [38;5;009m[ERROR]: [0mThis is a error message from thread 1118-09-2026 00:29:34 [38;5;009m[ERROR]: [0mThis is a error message from thread 718-09-2026 00:29:34 [38;5;009m[ERROR]: [0mThis is a error message from thread 918-09-2026 00:29:34 [38;5;015m[INFO]: [0mThis is a info message from thread 2018-09-2026 00:29:34 [38;5;117m[DEBUG]: [0mThis is a debug message from thread 1718-09-2026 00:29:34 [38;5;117m[DEBUG]: [0mThis is a debug message from thread 418-09-2026 00:29:34 [38;5;117m[DEBUG]: [0mThis is a debug message from thread 2318-09-2026 00:29:34 [38;5;015m[INFO]: [0mThis is a info message from thread 1618-09-2026 00:29:34 [38;5;117m[DEBUG]: [0mThis is a debug message from thread 2218-09-2026 00:29:34 [38;5;009m[ERROR]: [0mThis is a error message from thread 2518-09-2026 00:29:34 [38;5;117m[DEBUG]: [0mThis is a debug message from thread 1218-09-2026 00:29:34 [38;5;009m[ERROR]: [0mThis is a error message from thread 618-09-2026 00:29:34 [38;5;015m[INFO]: [0mThis is a info message from thread 2918-09-2026 00:29:34 [38;5;015m[INFO]: [0mThis is a info message from thread 1718-09-2026 00:29:34 [38;5;015m[INFO]: [0mThis is a info message from thread 2218-09-2026 00:29:34 [38;5;117m[DEBUG]: [0mThis is a debug message from thread 1818-09-2026 00:29:34 [38;5;117m[DEBUG]: [0mThis is a debug message from thread 2518-09-2026 00:29:34 [38;5;117m[DEBUG]: [0mThis is a debug message from thread 1118-09-2026 00:29:34 [38;5;009m[ERROR]: [0mThis is a error message from thread 2918-09-2026 00:29:34 [38;5;117m[DEBUG]: [0mThis is a debug message from thread 1518-09-2026 00:29:34 [38;5;015m[INFO]: [0mThis is a info message from thread 1818-09-2026 00:29:34 [38;5;009m[ERROR]: [0mThis is a error message from thread 1618-09-2026 00:29:34 [38;5;009m[ERROR]: [0mThis is a error message from thread 1718-09-2026 00:29:34 [38;5;117m[DEBUG]: [0mThis is a debug message from thread 718-09-2026 00:29:34 [38;5;015m[INFO]: [0mThis is a info message from thread 2518-09-2026 00:29:34 [38;5;117m[DEBUG]: [0mThis is a debug message from thread 1618-09-2026 00:29:34 [38;5;117m[DEBUG]: [0mThis is a debug message from thread 1918-09-2026 00:29:34 [38;5;117m[DEBUG]: [0mThis is a debug message from thread 818-09-2026 00:29:34 [38;5;009m[ERROR]: [0mThis is a error message from thread 2518-09-2026 00:29:34 [38;5;015m[INFO]: [0mThis is a info message from thread 2718-09-2026 00:29:34 [38;5;009m[ERROR]: [0mThis is a error message from thread 2018-09-2026 00:29:34 [38;5;015m[INFO]: [0mThis is a info message from thread 1518-09-2026 00:29:34 [38;5;015m[INFO]: [0mThis is a info message from thread 818-09-2026 00:29:34 [38;5;117m[DEBUG]: [0mThis is a debug message from thread 2018-09-2026 00:29:34 [38;5;009m[ERROR]: [0mThis is a error message from thread 1518-09-2026 00:29:34 [38;5;015m[INFO]: [0mThis is a info message from thread 1618-09-2026 00:29:34 [38;5;009m[ERROR]: [0mThis is a error message from thread 2718-09-2026 00:29:34 [38;5;009m[ERROR]: [0mThis is a error message from thread 818-09-2026 00:29:34 [38;5;117m[DEBUG]: [0mThis is a debug message from thread 2518-09-2026 00:29:34 [38;5;117m[DEBUG]: [0mThis is a debug message from thread 2718-09-2026 00:29:34 [38;5;009m[ERROR]: [0mThis is a error message from thread 2218-09-2026 00:29:34 [38;5;015m[INFO]: [0mThis is a info message from thread 1118-09-2026 00:29:34 [38;5;015m[INFO]: [0mThis is a info message from thread 718-09-2026 00:29:34 [38;5;015m[INFO]: [0mThis is a info message from thread 318-09-2026 00:29:34 [38;5;015m[INFO]: [0mThis is a info message from thread 2418-09-2026 00:29:34 [38;5;009m[ERROR]: [0mThis is a error message from thread 2418-09-2026 00:29:34 [38;5;009m[ERROR]: [0mThis is a error message from thread 718-09-2026 00:29:34 [38;5;015m[INFO]: [0mThis is a info message from thread 2718-09-2026 00:29:34 [38;5;117m[DEBUG]: [0mThis is a debug message from thread 818-09-2026 00:29:34 [38;5;015m[INFO]: [0mThis is a info message from thread 518-09-2026 00:29:34 [38;5;015m[INFO]: [0mThis is a info message from thread 418-09-2026 00:29:34 [38;5;015m[INFO]: [0mThis is a info message from thread 2518-09-2026 00:29:34 [38;5;009m[ERROR]: [0mThis is a error message from thread 418-09-2026 00:29:34 [38;5;117m[DEBUG]: [0mThis is a debug message from thread 918-09-2026 00:29:34 [38;5;009m[ERROR]: [0mThis is a error message from thread 1618-09-2026 00:29:34 [38;5;015m[INFO]: [0mThis is a info message from thread 1918-09-2026 00:29:34 [38;5;015m[INFO]: [0mThis is a info message from thread 818-09-2026 00:29:34 [38;5;117m[DEBUG]: [0mThis is a debug message from thread 2218-09-2026 00:29:34 [38;5;009m[ERROR]: [0mThis is a error message from thread 1118-09-2026 00:29:34 [38;5;117m[DEBUG]: [0mThis is a debug message from thread 2618-09-2026 00:29:34 [38;5;015m[INFO]: [0mThis is a info message from thread 1218-09-2026 00:29:34 [38;5;117m[DEBUG]: [0mThis is a debug message from thread 418-09-2026 00:29:34 [38;5;117m[DEBUG]: [0mThis is a debug message from thread 1618-09-2026 00:29:34 [38;5;009m[ERROR]: [0mThis is a error message from thread 2718-09-2026 00:29:34 [38;5;009m[ERROR]: [0mThis is a error message from thread 818-09-2026 00:29:34 [38;5;015m[INFO]: [0mThis is a info message from thread 2218-09-2026 00:29:34 [38;5;015m[INFO]: [0mThis is a info message from thread 418-09-2026 00:29:34 [38;5;117m[DEBUG]: [0mThis is a debug message from thread 818-09-2026 00:29:34 [38;5;015m[INFO]: [0mThis is a info message from thread 2618-09-2026 00:29:34 [38;5;009m[ERROR]: [0mThis is a error message from thread 2618-09-2026 00:29:34 [38;5;009m[ERROR]: [0mThis is a error message from thread 418-09-2026 00:29:34 [38;5;009m[ERROR]: [0mThis is a error message from thread 1218-09-2026 00:29:34 [38;5;015m[INFO]: [0mThis is a info message from thread 818-09-2026 00:29:34 [38;5;117m[DEBUG]: [0mThis is a debug message from thread 1118-09-2026 00:29:34 [38;5;117m[DEBUG]: [0mThis is a debug message from thread 418-09-2026 00:29:34 [38;5;015m[INFO]: [0mThis is a info message from thread 418-09-2026 00:29:34 [38;5;117m[DEBUG]: [0mThis is a debug message from thread 2618-09-2026 00:29:34 [38;5;009m[ERROR]: [0mThis is a error message from thread 818-09-2026 00:29:34 [38;5;009m[ERROR]: [0mThis is a error message from thread 1918-09-2026 00:29:34 [38;5;117m[DEBUG]: [0mThis is a debug message from thread 2718-09-2026 00:29:34 [38;5;117m[DEBUG]: [0mThis is a debug message from thread 618-09-2026 00:29:34 [38;5;117m[DEBUG]: [0mThis is a debug message from thread 1318-09-2026 00:29:34 [38;5;117m[DEBUG]: [0mThis is a debug message from thread 1218-09-2026 00:29:34 [38;5;015m[INFO]: [0mThis is a info message from thread 2118-09-2026 00:29:34 [38;5;015m[INFO]: [0mThis is a info message from thread 1618-09-2026 00:29:34 [38;5;009m[ERROR]: [0mThis is a error message from thread 2218-09-2026 00:29:34 [38;5;015m[INFO]: [0mThis is a info message from thread 2618-09-2026 00:29:34 [38;5;015m[INFO]: [0mThis is a info message from thread 1318-09-2026 00:29:34 [38;5;117m[DEBUG]: [0mThis is a debug message from thread 2918-09-2026 00:29:34 [38;5;009m[ERROR]: [0mThis is a error message from thread 1618-09-2026 00:29:34 [38;5;117m[DEBUG]: [0mThis is a debug message from thread 1918-09-2026 00:29:34 [38;5;015m[INFO]: [0mThis is a info message from thread 1218-09-2026 00:29:34 [38;5;009m[ERROR]: [0mThis is a error message from thread 1318-09-2026 00:29:34 [38;5;009m[ERROR]: [0mThis is a error message from thread 1818-09-2026 00:29:34 [38;5;009m[ERROR]: [0mThis is a error message from thread 2618-09-2026 00:29:34 [38;5;117m[DEBUG]: [0mThis is a debug message from thread 2218-09-2026 00:29:34 [38;5;015m[INFO]: [0mThis is a info message from thread 2718-09-2026 00:29:34 [38;5;117m[DEBUG]: [0mThis is a debug message from thread 1818-09-2026 00:29:34 [38;5;117m[DEBUG]: [0mThis is a debug message from thread 2618-09-2026 00:29:34 [38;5;009m[ERROR]: [0mThis is a error message from thread 1218-09-2026 00:29:34 [38;5;015m[INFO]: [0mThis is a info message from thread 1818-09-2026 00:29:34 [38;5;015m[INFO]: [0mThis is a info message from thread 1918-09-2026 00:29:34 [38;5;117m[DEBUG]: [0mThis is a debug message from thread 1318-09-2026 00:29:34 [38;5;009m[ERROR]: [0mThis is a error message from thread 1818-09-2026 00:29:34 [38;5;015m[INFO]: [0mThis is a info message from thread 2618-09-2026 00:29:34 [38;5;009m[ERROR]: [0mThis is a error message from thread 2118-09-2026 00:29:34 [38;5;009m[ERROR]: [0mThis is a error message from thread 1918-09-2026 00:29:34 [38;5;009m[ERROR]: [0mThis is a error message from thread 418-09-2026 00:29:34 [38;5;015m[INFO]: [0mThis is a info message from thread 1318-09-2026 00:29:34 [38;5;015m[INFO]: [0mThis is a info message from thread 2218-09-2026 00:29:34 [38;5;117m[DEBUG]: [0mThis is a debug message from thread 1218-09-2026 00:29:34 [38;5;009m[ERROR]: [0mThis is a error message from thread 2218-09-2026 00:29:34 [38;5;009m[ERROR]: [0mThis is a error message from thread 1318-09-2026 00:29:34 [38;5;117m[DEBUG]: [0mThis is a debug message from thread 2818-09-2026 00:29:34 [38;5;117m[DEBUG]: [0mThis is a debug message from thread 1718-09-2026 00:29:34 [38;5;015m[INFO]: [0mThis is a info message from thread 1118-09-2026 00:29:34 [38;5;015m[INFO]: [0mThis is a info message from thread 2818-09-2026 00:29:34 [38;5;117m[DEBUG]: [0mThis is a debug message from thread 1418-09-2026 00:29:34 [38;5;009m[ERROR]: [0mThis is a error message from thread 2718-09-2026 00:29:34 [38;5;009m[ERROR]: [0mThis is a error message from thread 218-09-2026 00:29:34 [38;5;015m[INFO]: [0mThis is a info message from thread 2018-09-2026 00:29:34 [38;5;117m[DEBUG]: [0mThis is a debug message from thread 2118-09-2026 00:29:34 [38;5;015m[INFO]: [0mThis is a info message from thread 2318-09-2026 00:29:34 [38;5;117m[DEBUG]: [0mThis is a debug message from thread 1618-09-2026 00:29:34 [38;5;009m[ERROR]: [0mThis is a error message from thread 318-09-2026 00:29:34 [38;5;009m[ERROR]: [0mThis is a error message from thread 1118-09-2026 00:29:34 [38;5;117m[DEBUG]: [0mThis is a debug message from thread 2418-09-2026 00:29:34 [38;5;117m[DEBUG]: [0mThis is a debug message from thread 1918-09-2026 00:29:34 [38;5;015m[INFO]: [0mThis is a info message from thread 618-09-2026 00:29:34 [38;5;117m[DEBUG]: [0mThis is a debug message from thread 2718-09-2026 00:29:34 [38;5;117m[DEBUG]: [0mThis is a debug message from thread 218-09-2026 00:29:34 [38;5;117m[DEBUG]: [0mThis is a debug message from thread 2218-09-2026 00:29:34 [38;5;015m[INFO]: [0mThis is a info message from thread 1618-09-2026 00:29:34 [38;5;015m[INFO]: [0mThis is a info message from thread 918-09-2026 00:29:34 [38;5;015m[INFO]: [0mThis is a info message from thread 1218-09-2026 00:29:34 [38;5;009m[ERROR]: [0mThis is a error message from thread 2518-09-2026 00:29:34 [38;5;117m[DEBUG]: [0mThis is a debug message from thread 818-09-2026 00:29:34 [38;5;015m[INFO]: [0mThis is a info message from thread 1418-09-2026 00:29:34 [38;5;009m[ERROR]: [0mThis is a error message from thread 1218-09-2026 00:29:34 [38;5;015m[INFO]: [0mThis is a info message from thread 2218-09-2026 00:29:34 [38;5;009m[ERROR]: [0mThis is a error message from thread 1418-09-2026 00:29:34 [38;5;009m[ERROR]: [0mThis is a error message from thread 1618-09-2026 00:29:34 [38;5;009m[ERROR]: [0mThis is a error message from thread 2218-09-2026 00:29:34 [38;5;015m[INFO]: [0mThis is a info message from thread 2718-09-2026 00:29:34 [38;5;015m[INFO]: [0mThis is a info message from thread 2418-09-2026 00:29:34 [38;5;015m[INFO]: [0mThis is a info message from thread 218-09-2026 00:29:34 [38;5;015m[INFO]: [0mThis is a info message from thread 818-09-2026 00:29:34 [38;5;009m[ERROR]: [0mThis is a error message from thread 2418-09-2026 00:29:34 [38;5;117m[DEBUG]: [0mThis is a debug message from thread 2518-09-2026 00:29:34 [38;5;117m[DEBUG]: [0mThis is a debug message from thread 2218-09-2026 00:29:34 [38;5;009m[ERROR]: [0mThis is a error message from thread 2718-09-2026 00:29:34 [38;5;015m[INFO]: [0mThis is a info message from thread 2118-09-2026 00:29:34 [38;5;117m[DEBUG]: [0mThis is a debug message from thread 2718-09-2026 00:29:34 [38;5;015m[INFO]: [0mThis is a info message from thread 2518-09-2026 00:29:34 [38;5;009m[ERROR]: [0mThis is a error message from thread 818-09-2026 00:29:34 [38;5;009m[ERROR]: [0mThis is a error message from thread 218-09-2026 00:29:34 [38;5;015m[INFO]: [0mThis is a info message from thread 2218-09-2026 00:29:34 [38;5;117m[DEBUG]: [0mThis is a debug message from thread 2418-09-2026 00:29:34 [38;5;015m[INFO]: [0mThis is a info message from thread 2718-09-2026 00:29:34 [38;5;117m[DEBUG]: [0mThis is a debug message from thread 1218-09-2026 00:29:34 [38;5;015m[INFO]: [0mThis is a info message from thread 2918-09-2026 00:29:34 [38;5;117m[DEBUG]: [0mThis is a debug message from thread 1618-09-2026 00:29:34 [38;5;117m[DEBUG]: [0mThis is a debug message from thread 818-09-2026 00:29:34 [38;5;015m[INFO]: [0mThis is a info message from thread 1618-09-2026 00:29:34 [38;5;015m[INFO]: [0mThis is a info message from thread 1218-09-2026 00:29:34 [38;5;117m[DEBUG]: [0mThis is a debug message from thread 1418-09-2026 00:29:34 [38;5;009m[ERROR]: [0mThis is a error message from thread 2218-09-2026 00:29:34 [38;5;009m[ERROR]: [0mThis is a error message from thread 2718-09-2026 00:29:34 [38;5;015m[INFO]: [0mThis is a info message from thread 1718-09-2026 00:29:34 [38;5;009m[ERROR]: [0mThis is a error message from thread 1618-09-2026 00:29:34 [38;5;015m[INFO]: [0mThis is a info message from thread 1418-09-2026 00:29:34 [38;5;117m[DEBUG]: [0mThis is a debug message from thread 1518-09-2026 00:29:34 [38;5;009m[ERROR]: [0mThis is a error message from thread 1718-09-2026 00:29:34 [38;5;009m[ERROR]: [0mThis is a error message from thread 2918-09-2026 00:29:34 [38;5;117m[DEBUG]: [0mThis is a debug message from thread 2218-09-2026 00:29:34 [38;5;009m[ERROR]: [0mThis is a error message from thread 1218-09-2026 00:29:34 [38;5;015m[INFO]: [0mThis is a info message from thread 1018-09-2026 00:29:34 [38;5;009m[ERROR]: [0mThis is a error message from thread 2818-09-2026 00:29:34 [38;5;009m[ERROR]: [0mThis is a error message from thread 518-09-2026 00:29:34 [38;5;009m[ERROR]: [0mThis is a error message from thread 2118-09-2026 00:29:34 [38;5;009m[ERROR]: [0mThis is a error message from thread 1418-09-2026 00:29:34 [38;5;015m[INFO]: [0mThis is a info message from thread 2218-09-2026 00:29:34 [38;5;117m[DEBUG]: [0mThis is a debug message from thread 1118-09-2026 00:29:34 [38;5;117m[DEBUG]: [0mThis is a debug message from thread 1618-09-2026 00:29:34 [38;5;117m[DEBUG]: [0mThis is a debug message from thread 1418-09-2026 00:29:34 [38;5;117m[DEBUG]: [0mThis is a debug message from thread 2118-09-2026 00:29:34 [38;5;117m[DEBUG]: [0mThis is a debug message from thread 2818-09-2026 00:29:34 [38;5;117m[DEBUG]: [0mThis is a debug message from thread 318-09-2026 00:29:34 [38;5;009m[ERROR]: [0mThis is a error message from thread 618-09-2026 00:29:34 [38;5;009m[ERROR]: [0mThis is a error message from thread 2218-09-2026 00:29:34 [38;5;015m[INFO]: [0mThis is a info message from thread 818-09-2026 00:29:34 [38;5;015m[INFO]: [0mThis is a info message from thread 1418-09-2026 00:29:34 [38;5;009m[ERROR]: [0mThis is a error message from thread 2318-09-2026 00:29:34 [38;5;117m[DEBUG]: [0mThis is a debug message from thread 2718-09-2026 00:29:34 [38;5;009m[ERROR]: [0mThis is a error message from thread 2618-09-2026 00:29:34 [38;5;015m[INFO]: [0mThis is a info message from thread 1918-09-2026 00:29:34 [38;5;117m[DEBUG]: [0mThis is a debug message from thread 418-09-2026 00:29:34 [38;5;015m[INFO]: [0mThis is a info message from thread 1518-09-2026 00:29:34 [38;5;015m[INFO]: [0mThis is a info message from thread 2818-09-2026 00:29:34 [38;5;015m[INFO]: [0mThis is a info message from thread 318-09-2026 00:29:34 [38;5;009m[ERROR]: [0mThis is a error message from thread 2818-09-2026 00:29:34 [38;5;015m[INFO]: [0mThis is a info message from thread 418-09-2026 00:29:34 [38;5;015m[INFO]: [0mThis is a info message from thread 2118-09-2026 00:29:34 [38;5;117m[DEBUG]: [0mThis is a debug message from thread 1718-09-2026 00:29:34 [38;5;009m[ERROR]: [0mThis is a error message from thread 318-09-2026 00:29:34 [38;5;117m[DEBUG]: [0mThis is a debug message from thread 318-09-2026 00:29:34 [38;5;009m[ERROR]: [0mThis is a error message from thread 418-09-2026 00:29:34 [38;5;015m[INFO]: [0mThis is a info message from thread 318-09-2026 00:29:34 [38;5;009m[ERROR]: [0mThis is a error message from thread 2118-09-2026 00:29:34 [38;5;009m[ERROR]: [0mThis is a error message from thread 1518-09-2026 00:29:34 [38;5;009m[ERROR]: [0mThis is a error message from thread 2018-09-2026 00:29:34 [38;5;009m[ERROR]: [0mThis is a error message from thread 1918-09-2026 00:29:34 [38;5;015m[INFO]: [0mThis is a info message from thread 1718-09-2026 00:29:34 [38;5;009m[ERROR]: [0mThis is a error message from thread 818-09-2026 00:29:34 [38;5;117m[DEBUG]: [0mThis is a debug message from thread 618-09-2026 00:29:34 [38;5;009m[ERROR]: [0mThis is a error message from thread 318-09-2026 00:29:34 [38;5;015m[INFO]: [0mThis is a info message from thread 2718-09-2026 00:29:34 [38;5;117m[DEBUG]: [0mThis is a debug message from thread 1918-09-2026 00:29:34 [38;5;117m[DEBUG]: [0mThis is a debug message from thread 818-09-2026 00:29:34 [38;5;117m[DEBUG]: [0mThis is a debug message from thread 2818-09-2026 00:29:34 [38;5;117m[DEBUG]: [0mThis is a debug message from thread 2318-09-2026 00:29:34 [38;5;117m[DEBUG]: [0mThis is a debug message from thread 1518-09-2026 00:29:34 [38;5;009m[ERROR]: [0mThis is a error message from thread 1718-09-2026 00:29:34 [38;5;015m[INFO]: [0mThis is a info message from thread 818-09-2026 00:29:34 [38;5;117m[DEBUG]: [0mThis is a debug message from thread 1718-09-2026 00:29:34 [38;5;015m[INFO]: [0mThis is a info message from thread 1518-09-2026 00:29:34 [38;5;009m[ERROR]: [0mThis is a error message from thread 2718-09-2026 00:29:34 [38;5;117m[DEBUG]: [0mThis is a debug message from thread 418-09-2026 00:29:34 [38;5;015m[INFO]: [0mThis is a info message from thread 2818-09-2026 00:29:34 [38;5;009m[ERROR]: [0mThis is a error message from thread 818-09-2026 00:29:34 [38;5;015m[INFO]: [0mThis is a info message from thread 1918-09-2026 00:29:34 [38;5;117m[DEBUG]: [0mThis is a debug message from thread 2118-09-2026 00:29:34 [38;5;015m[INFO]: [0mThis is a info message from thread 1118-09-2026 00:29:34 [38;5;009m[ERROR]: [0mThis is a error message from thread 118-09-2026 00:29:34 [38;5;015m[INFO]: [0mThis is a info message from thread 1618-09-2026 00:29:34 [38;5;009m[ERROR]: [0mThis is a error message from thread 1618-09-2026 00:29:34 [38;5;117m[DEBUG]: [0mThis is a debug message from thread 118-09-2026 00:29:34 [38;5;117m[DEBUG]: [0mThis is a debug message from thread 818-09-2026 00:29:34 [38;5;015m[INFO]: [0mThis is a info message from thread 118-09-2026 00:29:34 [38;5;009m[ERROR]: [0mThis is a error message from thread 1118-09-2026 00:29:34 [38;5;009m[ERROR]: [0mThis is a error message from thread 1918-09-2026 00:29:34 [38;5;009m[ERROR]: [0mThis is a error message from thread 1518-09-2026 00:29:34 [38;5;117m[DEBUG]: [0mThis is a debug message from thread 218-09-2026 00:29:34 [38;5;009m[ERROR]: [0mThis is a error message from thread 2818-09-2026 00:29:34 [38;5;009m[ERROR]: [0mThis is a error message from thread 118-09-2026 00:29:34 [38;5;117m[DEBUG]: [0mThis is a debug message from thread 718-09-2026 00:29:34 [38;5;015m[INFO]: [0mThis is a info message from thread 2118-09-2026 00:29:34 [38;5;117m[DEBUG]: [0mThis is a debug message from thread 118-09-2026 00:29:34 [38;5;117m[DEBUG]: [0mThis is a debug message from thread 1618-09-2026 00:29:34 [38;5;117m[DEBUG]: [0mThis is a debug message from thread 1318-09-2026 00:29:34 [38;5;117m[DEBUG]: [0mThis is a debug message from thread 2218-09-2026 00:29:34 [38;5;009m[ERROR]: [0mThis is a error message from thread 2118-09-2026 00:29:34 [38;5;015m[INFO]: [0mThis is a info message from thread 618-09-2026 00:29:34 [38;5;015m[INFO]: [0mThis is a info message from thread 118-09-2026 00:29:34 [38;5;117m[DEBUG]: [0mThis is a debug message from thread 2618-09-2026 00:29:34 [38;5;015m[INFO]: [0mThis is a info message from thread 718-09-2026 00:29:34 [38;5;009m[ERROR]: [0mThis is a error message from thread 2518-09-2026 00:29:34 [38;5;015m[INFO]: [0mThis is a info message from thread 018-09-2026 00:29:34 [38;5;015m[INFO]: [0mThis is a info message from thread 2318-09-2026 00:29:34 [38;5;117m[DEBUG]: [0mThis is a debug message from thread 2118-09-2026 00:29:34 [38;5;117m[DEBUG]: [0mThis is a debug message from thread 518-09-2026 00:29:34 [38;5;015m[INFO]: [0mThis is a info message from thread 2218-09-2026 00:29:34 [38;5;009m[ERROR]: [0mThis is a error message from thread 018-09-2026 00:29:34 [38;5;009m[ERROR]: [0mThis is a error message from thread 1018-09-2026 00:29:34 [38;5;009m[ERROR]: [0mThis is a error message from thread 718-09-2026 00:29:34 [38;5;117m[DEBUG]: [0mThis is a debug message from thread 2718-09-2026 00:29:34 [38;5;015m[INFO]: [0mThis is a info message from thread 2718-09-2026 00:29:34 [38;5;117m[DEBUG]: [0mThis is a debug message from thread 2918-09-2026 00:29:34 [38;5;117m[DEBUG]: [0mThis is a debug message from thread 1918-09-2026 00:29:34 [38;5;015m[INFO]: [0mThis is a info message from thread 2118-09-2026 00:29:34 [38;5;009m[ERROR]: [0mThis is a error message from thread 2218-09-2026 00:29:34 [38;5;015m[INFO]: [0mThis is a info message from thread 1718-09-2026 00:29:34 [38;5;009m[ERROR]: [0mThis is a error message from thread 918-09-2026 00:29:34 [38;5;015m[INFO]: [0mThis is a info message from thread 418-09-2026 00:29:34 [38;5;117m[DEBUG]: [0mThis is a debug message from thread 1118-09-2026 00:29:34 [38;5;009m[ERROR]: [0mThis is a error message from thread 1718-09-2026 00:29:34 [38;5;015m[INFO]: [0mThis is a info message from thread 1118-09-2026 00:29:34 [38;5;117m[DEBUG]: [0mThis is a debug message from thread 2218-09-2026 00:29:34 [38;5;009m[ERROR]: [0mThis is a error message from thread 1118-09-2026 00:29:34 [38;5;117m[DEBUG]: [0mThis is a debug message from thread 718-09-2026 00:29:34 [38;5;009m[ERROR]: [0mThis is a error message from thread 418-09-2026 00:29:34 [38;5;117m[DEBUG]: [0mThis is a debug message from thread 2518-09-2026 00:29:34 [38;5;009m[ERROR]: [0mThis is a error message from thread 2318-09-2026 00:29:34 [38;5;117m[DEBUG]: [0mThis is a debug message from thread 1118-09-2026 00:29:34 [38;5;117m[DEBUG]: [0mThis is a debug message from thread 918-09-2026 00:29:34 [38;5;009m[ERROR]: [0mThis is a error message from thread 2118-09-2026 00:29:34 [38;5;117m[DEBUG]: [0mThis is a debug message from thread 418-09-2026 00:29:34 [38;5;015m[INFO]: [0mThis is a info message from thread 2218-09-2026 00:29:34 [38;5;117m[DEBUG]: [0mThis is a debug message from thread 1518-09-2026 00:29:34 [38;5;117m[DEBUG]: [0mThis is a debug message from thread 018-09-2026 00:29:34 [38;5;009m[ERROR]: [0mThis is a error message from thread 2218-09-2026 00:29:34 [38;5;015m[INFO]: [0mThis is a info message from thread 718-09-2026 00:29:34 [38;5;015m[INFO]: [0mThis is a info message from thread 1518-09-2026 00:29:34 [38;5;009m[ERROR]: [0mThis is a error message from thread 1518-09-2026 00:29:34 [38;5;117m[DEBUG]: [0mThis is a debug message from thread 2218-09-2026 00:29:34 [38;5;015m[INFO]: [0mThis is a info message from thread 018-09-2026 00:29:34 [38;5;015m[INFO]: [0mThis is a info message from thread 418-09-2026 00:29:34 [38;5;117m[DEBUG]: [0mThis is a debug message from thread 1818-09-2026 00:29:34 [38;5;015m[INFO]: [0mThis is a info message from thread 918-09-2026 00:29:34 [38;5;117m[DEBUG]: [0mThis is a debug message from thread 1518-09-2026 00:29:34 [38;5;015m[INFO]: [0mThis is a info message from thread 2518-09-2026 00:29:34 [38;5;009m[ERROR]: [0mThis is a error message from thread 418-09-2026 00:29:34 [38;5;015m[INFO]: [0mThis is a info message from thread 1518-09-2026 00:29:34 [38;5;009m[ERROR]: [0mThis is a error message from thread 1518-09-2026 00:29:34 [38;5;015m[INFO]: [0mThis is a info message from thread 1818-09-2026 00:29:34 [38;5;117m[DEBUG]: [0mThis is a debug message from thread 418-09-2026 00:29:34 [38;5;015m[INFO]: [0mThis is a info message from thread 2218-09-2026 00:29:34 [38;5;009m[ERROR]: [0mThis is a error message from thread 618-09-2026 00:29:34 [38;5;015m[INFO]: [0mThis is a info message from thread 818-09-2026 00:29:34 [38;5;117m[DEBUG]: [0mThis is a debug message from thread 2118-09-2026 00:29:34 [38;5;015m[INFO]: [0mThis is a info message from thread 1918-09-2026 00:29:34 [38;5;009m[ERROR]: [0mThis is a error message from thread 018-09-2026 00:29:34 [38;5;009m[ERROR]: [0mThis is a error message from thread 2518-09-2026 00:29:34 [38;5;015m[INFO]: [0mThis is a info message from thread 2418-09-2026 00:29:34 [38;5;117m[DEBUG]: [0mThis is a debug message from thread 018-09-2026 00:29:34 [38;5;117m[DEBUG]: [0mThis is a debug message from thread 2818-09-2026 00:29:34 [38;5;117m[DEBUG]: [0mThis is a debug message from thread 318-09-2026 00:29:34 [38;5;009m[ERROR]: [0mThis is a error message from thread 1418-09-2026 00:29:34 [38;5;009m[ERROR]: [0mThis is a error message from thread 1918-09-2026 00:29:34 [38;5;009m[ERROR]: [0mThis is a error message from thread 1818-09-2026 00:29:34 [38;5;015m[INFO]: [0mThis is a info message from thread 2118-09-2026 00:29:34 [38;5;009m[ERROR]: [0mThis is a error message from thread 2418-09-2026 00:29:34 [38;5;015m[INFO]: [0mThis is a info message from thread 2818-09-2026 00:29:34 [38;5;117m[DEBUG]: [0mThis is a debug message from thread 1418-09-2026 00:29:34 [38;5;015m[INFO]: [0mThis is a info message from thread 318-09-2026 00:29:34 [38;5;009m[ERROR]: [0mThis is a error message from thread 2118-09-2026 00:29:34 [38;5;015m[INFO]: [0mThis is a info message from thread 018-09-2026 00:29:34 [38;5;015m[INFO]: [0mThis is a info message from thread 218-09-2026 00:29:34 [38;5;009m[ERROR]: [0mThis is a error message from thread 818-09-2026 00:29:34 [38;5;117m[DEBUG]: [0mThis is a debug message from thread 2018-09-2026 00:29:34 [38;5;009m[ERROR]: [0mThis is a error message from thread 218-09-2026 00:29:34 [38;5;117m[DEBUG]: [0mThis is a debug message from thread 1018-09-2026 00:29:34 [38;5;015m[INFO]: [0mThis is a info message from thread 1418-09-2026 00:29:34 [38;5;009m[ERROR]: [0mThis is a error message from thread 318-09-2026 00:29:34 [38;5;117m[DEBUG]: [0mThis is a debug message from thread 618-09-2026 00:29:34 [38;5;009m[ERROR]: [0mThis is a error message from thread 018-09-2026 00:29:34 [38;5;117m[DEBUG]: [0mThis is a debug message from thread 1718-09-2026 00:29:34 [38;5;117m[DEBUG]: [0mThis is a debug message from thread 818-09-2026 00:29:34 [38;5;117m[DEBUG]: [0mThis is a debug message from thread 218-09-2026 00:29:34 [38;5;015m[INFO]: [0mThis is a info message from thread 418-09-2026 00:29:34 [38;5;015m[INFO]: [0mThis is a info message from thread 2018-09-2026 00:29:34 [38;5;117m[DEBUG]: [0mThis is a debug message from thread 2318-09-2026 00:29:34 [38;5;015m[INFO]: [0mThis is a info message from thread 1118-09-2026 00:29:34 [38;5;015m[INFO]: [0mThis is a info message from thread 218-09-2026 00:29:34 [38;5;117m[DEBUG]: [0mThis is a debug message from thread 318-09-2026 00:29:34 [38;5;009m[ERROR]: [0mThis is a error message from thread 918-09-2026 00:29:34 [38;5;009m[ERROR]: [0mThis is a error message from thread 2018-09-2026 00:29:34 [38;5;015m[INFO]: [0mThis is a info message from thread 1718-09-2026 00:29:34 [38;5;009m[ERROR]: [0mThis is a error message from thread 2218-09-2026 00:29:34 [38;5;015m[INFO]: [0mThis is a info message from thread 1018-09-2026 00:29:34 [38;5;009m[ERROR]: [0mThis is a error message from thread 218-09-2026 00:29:34 [38;5;015m[INFO]: [0mThis is a info message from thread 318-09-2026 00:29:34 [38;5;015m[INFO]: [0mThis is a info message from thread 2318-09-2026 00:29:34 [38;5;117m[DEBUG]: [0mThis is a debug message from thread 2218-09-2026 00:29:34 [38;5;117m[DEBUG]: [0mThis is a debug message from thread 218-09-2026 00:29:34 [38;5;009m[ERROR]: [0mThis is a error message from thread 1418-09-2026 00:29:34 [38;5;009m[ERROR]: [0mThis is a error message from thread 418-09-2026 00:29:34 [38;5;015m[INFO]: [0mThis is a info message from thread 2218-09-2026 00:29:34 [38;5;117m[DEBUG]: [0mThis is a debug message from thread 918-09-2026 00:29:34 [38;5;009m[ERROR]: [0mThis is a error message from thread 1018-09-2026 00:29:34 [38;5;015m[INFO]: [0mThis is a info message from thread 918-09-2026 00:29:34 [38;5;015m[INFO]: [0mThis is a info message from thread 1318-09-2026 00:29:34 [38;5;009m[ERROR]: [0mThis is a error message from thread 1718-09-2026 00:29:34 [38;5;009m[ERROR]: [0mThis is a error message from thread 318-09-2026 00:29:34 [38;5;117m[DEBUG]: [0mThis is a debug message from thread 1718-09-2026 00:29:34 [38;5;117m[DEBUG]: [0mThis is a debug message from thread 2018-09-2026 00:29:34 [38;5;009m[ERROR]: [0mThis is a error message from thread 2318-09-2026 00:29:34 [38;5;117m[DEBUG]: [0mThis is a debug message from thread 318-09-2026 00:29:34 [38;5;009m[ERROR]: [0mThis is a error message from thread 2218-09-2026 00:29:34 [38;5;015m[INFO]: [0mThis is a info message from thread 2018-09-2026 00:29:34 [38;5;117m[DEBUG]: [0mThis is a debug message from thread 2318-09-2026 00:29:34 [38;5;117m[DEBUG]: [0mThis is a debug message from thread 1018-09-2026 00:29:34 [38;5;009m[ERROR]: [0mThis is a error message from thread 118-09-2026 00:29:34 [38;5;117m[DEBUG]: [0mThis is a debug message from thread 1518-09-2026 00:29:34 [38;5;117m[DEBUG]: [0mThis is a debug message from thread 1918-09-2026 00:29:34 [38;5;015m[INFO]: [0mThis is a info message from thread 2318-09-2026 00:29:34 [38;5;009m[ERROR]: [0mThis is a error message from thread 2018-09-2026 00:29:34 [38;5;009m[ERROR]: [0mThis is a error message from thread 1318-09-2026 00:29:34 [38;5;009m[ERROR]: [0mThis is a error message from thread 918-09-2026 00:29:34 [38;5;117m[DEBUG]: [0mThis is a debug message from thread 2018-09-2026 00:29:34 [38;5;117m[DEBUG]: [0mThis is a debug message from thread 2418-09-2026 00:29:34 [38;5;117m[DEBUG]: [0mThis is a debug message from thread 418-09-2026 00:29:34 [38;5;117m[DEBUG]: [0mThis is a debug message from thread 2118-09-2026 00:29:34 [38;5;009m[ERROR]: [0mThis is a error message from thread 2818-09-2026 00:29:34 [38;5;117m[DEBUG]: [0mThis is a debug message from thread 1418-09-2026 00:29:34 [38;5;117m[DEBUG]: [0mThis is a debug message from thread 1318-09-2026 00:29:34 [38;5;009m[ERROR]: [0mThis is a error message from thread 718-09-2026 00:29:34 [38;5;117m[DEBUG]: [0mThis is a debug message from thread 918-09-2026 00:29:34 [38;5;015m[INFO]: [0mThis is a info message from thread 418-09-2026 00:29:34 [38;5;117m[DEBUG]: [0mThis is a debug message from thread 118-09-2026 00:29:34 [38;5;015m[INFO]: [0mThis is a info message from thread 1018-09-2026 00:29:34 [38;5;015m[INFO]: [0mThis is a info message from thread 2118-09-2026 00:29:34 [38;5;015m[INFO]: [0mThis is a info message from thread 1318-09-2026 00:29:34 [38;5;015m[INFO]: [0mThis is a info message from thread 918-09-2026 00:29:34 [38;5;015m[INFO]: [0mThis is a info message from thread 118-09-2026 00:29:34 [38;5;009m[ERROR]: [0mThis is a error message from thread 2318-09-2026 00:29:34 [38;5;015m[INFO]: [0mThis is a info message from thread 2418-09-2026 00:29:34 [38;5;009m[ERROR]: [0mThis is a error message from thread 2418-09-2026 00:29:34 [38;5;009m[ERROR]: [0mThis is a error message from thread 2118-09-2026 00:29:34 [38;5;117m[DEBUG]: [0mThis is a debug message from thread 2418-09-2026 00:29:34 [38;5;117m[DEBUG]: [0mThis is a debug message from thread 2118-09-2026 00:29:34 [38;5;117m[DEBUG]: [0mThis is a debug message from thread 718-09-2026 00:29:34 [38;5;009m[ERROR]: [0mThis is a error message from thread 1318-09-2026 00:29:34 [38;5;117m[DEBUG]: [0mThis is a debug message from thread 1818-09-2026 00:29:34 [38;5;015m[INFO]: [0mThis is a info message from thread 718-09-2026 00:29:34 [38;5;009m[ERROR]: [0mThis is a error message from thread 118-09-2026 00:29:34 [38;5;117m[DEBUG]: [0mThis is a debug message from thread 1318-09-2026 00:29:34 [38;5;009m[ERROR]: [0mThis is a error message from thread 418-09-2026 00:29:34 [38;5;015m[INFO]: [0mThis is a info message from thread 1318-09-2026 00:29:34 [38;5;009m[ERROR]: [0mThis is a error message from thread 918-09-2026 00:29:34 [38;5;009m[ERROR]: [0mThis is a error message from thread 1118-09-2026 00:29:34 [38;5;009m[ERROR]: [0mThis is a error message from thread 1318-09-2026 00:29:34 [38;5;015m[INFO]: [0mThis is a info message from thread 2118-09-2026 00:29:34 [38;5;015m[INFO]: [0mThis is a info message from thread 1918-09-2026 00:29:34 [38;5;009m[ERROR]: [0mThis is a error message from thread 718-09-2026 00:29:34 [38;5;015m[INFO]: [0mThis is a info message from thread 2918-09-2026 00:29:34 [38;5;117m[DEBUG]: [0mThis is a debug message from thread 2818-09-2026 00:29:34 [38;5;009m[ERROR]: [0mThis is a error message from thread 2718-09-2026 00:29:34 [38;5;015m[INFO]: [0mThis is a info message from thread 2018-09-2026 00:29:34 [38;5;117m[DEBUG]: [0mThis is a debug message from thread 418-09-2026 00:29:34 [38;5;009m[ERROR]: [0mThis is a error message from thread 1918-09-2026 00:29:34 [38;5;009m[ERROR]: [0mThis is a error message from thread 2118-09-2026 00:29:34 [38;5;117m[DEBUG]: [0mThis is a debug message from thread 2718-09-2026 00:29:34 [38;5;117m[DEBUG]: [0mThis is a debug message from thread 2118-09-2026 00:29:34 [38;5;015m[INFO]: [0mThis is a info message from thread 2818-09-2026 00:29:34 [38;5;015m[INFO]: [0mThis is a info message from thread 2118-09-2026 00:29:34 [38;5;009m[ERROR]: [0mThis is a error message from thread 2918-09-2026 00:29:34 [38;5;015m[INFO]: [0mThis is a info message from thread 2718-09-2026 00:29:34 [38;5;009m[ERROR]: [0mThis is a error message from thread 1018-09-2026 00:29:34 [38;5;015m[INFO]: [0mThis is a info message from thread 418-09-2026 00:29:34 [38;5;117m[DEBUG]: [0mThis is a debug message from thread 718-09-2026 00:29:34 [38;5;009m[ERROR]: [0mThis is a error message from thread 2018-09-2026 00:29:34 [38;5;015m[INFO]: [0mThis is a info message from thread 1418-09-2026 00:29:34 [38;5;117m[DEBUG]: [0mThis is a debug message from thread 918-09-2026 00:29:34 [38;5;117m[DEBUG]: [0mThis is a debug message from thread 1018-09-2026 00:29:34 [38;5;015m[INFO]: [0mThis is a info message from thread 518-09-2026 00:29:34 [38;5;015m[INFO]: [0mThis is a info message from thread 818-09-2026 00:29:34 [38;5;117m[DEBUG]: [0mThis is a debug message from thread 018-09-2026 00:29:34 [38;5;015m[INFO]: [0mThis is a info message from thread 1618-09-2026 00:29:34 [38;5;117m[DEBUG]: [0mThis is a debug message from thread 2518-09-2026 00:29:34 [38;5;117m[DEBUG]: [0mThis is a debug message from thread 2318-09-2026 00:29:34 [38;5;117m[DEBUG]: [0mThis is a debug message from thread 1318-09-2026 00:29:34 [38;5;015m[INFO]: [0mThis is a info message from thread 1718-09-2026 00:29:34 [38;5;117m[DEBUG]: [0mThis is a debug message from thread 2918-09-2026 00:29:34 [38;5;009m[ERROR]: [0mThis is a error message from thread 2118-09-2026 00:29:34 [38;5;009m[ERROR]: [0mThis is a error message from thread 818-09-2026 00:29:34 [38;5;015m[INFO]: [0mThis is a info message from thread 618-09-2026 00:29:34 [38;5;015m[INFO]: [0mThis is a info message from thread 018-09-2026 00:29:34 [38;5;015m[INFO]: [0mThis is a info message from thread 2318-09-2026 00:29:34 [38;5;117m[DEBUG]: [0mThis is a debug message from thread 818-09-2026 00:29:34 [38;5;015m[INFO]: [0mThis is a info message from thread 218-09-2026 00:29:34 [38;5;015m[INFO]: [0mThis is a info message from thread 2918-09-2026 00:29:34 [38;5;009m[ERROR]: [0mThis is a error message from thread 2818-09-2026 00:29:34 [38;5;009m[ERROR]: [0mThis is a error message from thread 2318-09-2026 00:29:34 [38;5;015m[INFO]: [0mThis is a info message from thread 1018-09-2026 00:29:34 [38;5;009m[ERROR]: [0mThis is a error message from thread 1718-09-2026 00:29:34 [38;5;015m[INFO]: [0mThis is a info message from thread 2618-09-2026 00:29:34 [38;5;009m[ERROR]: [0mThis is a error message from thread 218-09-2026 00:29:34 [38;5;009m[ERROR]: [0mThis is a error message from thread 2618-09-2026 00:29:34 [38;5;117m[DEBUG]: [0mThis is a debug message from thread 2818-09-2026 00:29:34 [38;5;015m[INFO]: [0mThis is a info message from thread 2518-09-2026 00:29:34 [38;5;015m[INFO]: [0mThis is a info message from thread 818-09-2026 00:29:34 [38;5;117m[DEBUG]: [0mThis is a debug message from thread 2118-09-2026 00:29:34 [38;5;117m[DEBUG]: [0mThis is a debug message from thread 2318-09-2026 00:29:34 [38;5;117m[DEBUG]: [0mThis is a debug message from thread 218-09-2026 00:29:34 [38;5;117m[DEBUG]: [0mThis is a debug message from thread 2618-09-2026 00:29:34 [38;5;009m[ERROR]: [0mThis is a error message from thread 2718-09-2026 00:29:34 [38;5;009m[ERROR]: [0mThis is a error message from thread 618-09-2026 00:29:34 [38;5;009m[ERROR]: [0mThis is a error message from thread 2518-09-2026 00:29:34 [38;5;015m[INFO]: [0mThis is a info message from thread 2618-09-2026 00:29:34 [38;5;009m[ERROR]: [0mThis is a error message from thread 818-09-2026 00:29:34 [38;5;015m[INFO]: [0mThis is a info message from thread 2818-09-2026 00:29:34 [38;5;015m[INFO]: [0mThis is a info message from thread 2118-09-2026 00:29:34 [38;5;117m[DEBUG]: [0mThis is a debug message from thread 1218-09-2026 00:29:34 [38;5;009m[ERROR]: [0mThis is a error message from thread 018-09-2026 00:29:34 [38;5;009m[ERROR]: [0mThis is a error message from thread 2118-09-2026 00:29:34 [38;5;117m[DEBUG]: [0mThis is a debug message from thread 1918-09-2026 00:29:34 [38;5;009m[ERROR]: [0mThis is a error message from thread 2618-09-2026 00:29:34 [38;5;117m[DEBUG]: [0mThis is a debug message from thread 2518-09-2026 00:29:34 [38;5;009m[ERROR]: [0mThis is a error message from thread 1418-09-2026 00:29:34 [38;5;015m[INFO]: [0mThis is a info message from thread 1918-09-2026 00:29:34 [38;5;117m[DEBUG]: [0mThis is a debug message from thread 118-09-2026 00:29:34 [38;5;117m[DEBUG]: [0mThis is a debug message from thread 2118-09-2026 00:29:34 [38;5;117m[DEBUG]: [0mThis is a debug message from thread 2618-09-2026 00:29:34 [38;5;117m[DEBUG]: [0mThis is a debug message from thread 618-09-2026 00:29:34 [38;5;015m[INFO]: [0mThis is a info message from thread 2318-09-2026 00:29:34 [38;5;015m[INFO]: [0mThis is a info message from thread 1218-09-2026 00:29:34 [38;5;009m[ERROR]: [0mThis is a error message from thread 1918-09-2026 00:29:34 [38;5;117m[DEBUG]: [0mThis is a debug message from thread 818-09-2026 00:29:34 [38;5;015m[INFO]: [0mThis is a info message from thread 618-09-2026 00:29:34 [38;5;015m[INFO]: [0mThis is a info message from thread 2618-09-2026 00:29:34 [38;5;015m[INFO]: [0mThis is a info message from thread 2118-09-2026 00:29:34 [38;5;117m[DEBUG]: [0mThis is a debug message from thread 1918-09-2026 00:29:34 [38;5;015m[INFO]: [0mThis is a info message from thread 218-09-2026 00:29:34 [38;5;117m[DEBUG]: [0mThis is a debug message from thread 1118-09-2026 00:29:34 [38;5;015m[INFO]: [0mThis is a info message from thread 1818-09-2026 00:29:34 [38;5;009m[ERROR]: [0mThis is a error message from thread 618-09-2026 00:29:34 [38;5;015m[INFO]: [0mThis is a info message from thread 818-09-2026 00:29:34 [38;5;009m[ERROR]: [0mThis is a error message from thread 518-09-2026 00:29:34 [38;5;117m[DEBUG]: [0mThis is a debug message from thread 518-09-2026 00:29:34 [38;5;117m[DEBUG]: [0mThis is a debug message from thread 018-09-2026 00:29:34 [38;5;015m[INFO]: [0mThis is a info message from thread 518-09-2026 00:29:34 [38;5;009m[ERROR]: [0mThis is a error message from thread 218-09-2026 00:29:34 [38;5;117m[DEBUG]: [0mThis is a debug message from thread 1418-09-2026 00:29:34 [38;5;015m[INFO]: [0mThis is a info message from thread 918-09-2026 00:29:34 [38;5;009m[ERROR]: [0mThis is a error message from thread 1618-09-2026 00:29:34 [38;5;009m[ERROR]: [0mThis is a error message from thread 1818-09-2026 00:29:34 [38;5;015m[INFO]: [0mThis is a info message from thread 1118-09-2026 00:29:34 [38;5;117m[DEBUG]: [0mThis is a debug message from thread 218-09-2026 00:29:34 [38;5;009m[ERROR]: [0mThis is a error message from thread 818-09-2026 00:29:34 [38;5;015m[INFO]: [0mThis is a info message from thread 1318-09-2026 00:29:34 [38;5;015m[INFO]: [0mThis is a info message from thread 2418-09-2026 00:29:34 [38;5;009m[ERROR]: [0mThis is a error message from thread 2318-09-2026 00:29:34 [38;5;015m[INFO]: [0mThis is a info message from thread 218-09-2026 00:29:34 [38;5;009m[ERROR]: [0mThis is a error message from thread 918-09-2026 00:29:34 [38;5;009m[ERROR]: [0mThis is a error message from thread 1118-09-2026 00:29:34 [38;5;117m[DEBUG]: [0mThis is a debug message from thread 2318-09-2026 00:29:34 [38;5;009m[ERROR]: [0mThis is a error message from thread 1318-09-2026 00:29:34 [38;5;117m[DEBUG]: [0mThis is a debug message from thread 2218-09-2026 00:29:34 [38;5;009m[ERROR]: [0mThis is a error message from thread 2918-09-2026 00:29:34 [38;5;117m[DEBUG]: [0mThis is a debug message from thread 1718-09-2026 00:29:34 [38;5;117m[DEBUG]: [0mThis is a debug message from thread 618-09-2026 00:29:34 [38;5;015m[INFO]: [0mThis is a info message from thread 2318-09-2026 00:29:34 [38;5;117m[DEBUG]: [0mThis is a debug message from thread 1818-09-2026 00:29:34 [38;5;015m[INFO]: [0mThis is a info message from thread 2218-09-2026 00:29:34 [38;5;015m[INFO]: [0mThis is a info message from thread 1718-09-2026 00:29:34 [38;5;009m[ERROR]: [0mThis is a error message from thread 418-09-2026 00:29:34 [38;5;009m[ERROR]: [0mThis is a error message from thread 2818-09-2026 00:29:34 [38;5;117m[DEBUG]: [0mThis is a debug message from thread 2718-09-2026 00:29:34 [38;5;117m[DEBUG]: [0mThis is a debug message from thread 1118-09-2026 00:29:34 [38;5;009m[ERROR]: [0mThis is a error message from thread 218-09-2026 00:29:34 [38;5;009m[ERROR]: [0mThis is a error message from thread 1718-09-2026 00:29:34 [38;5;009m[ERROR]: [0mThis is a error message from thread 2318-09-2026 00:29:34 [38;5;015m[INFO]: [0mThis is a info message from thread 618-09-2026 00:29:34 [38;5;015m[INFO]: [0mThis is a info message from thread 1518-09-2026 00:29:34 [38;5;009m[ERROR]: [0mThis is a error message from thread 2218-09-2026 00:29:34 [38;5;117m[DEBUG]: [0mThis is a debug message from thread 218-09-2026 00:29:34 [38;5;015m[INFO]: [0mThis is a info message from thread 2718-09-2026 00:29:34 [38;5;015m[INFO]: [0mThis is a info message from thread 1918-09-2026 00:29:34 [38;5;117m[DEBUG]: [0mThis is a debug message from thread 2918-09-2026 00:29:34 [38;5;009m[ERROR]: [0mThis is a error message from thread 518-09-2026 00:29:34 [38;5;015m[INFO]: [0mThis is a info message from thread 118-09-2026 00:29:34 [38;5;015m[INFO]: [0mThis is a info message from thread 1418-09-2026 00:29:34 [38;5;117m[DEBUG]: [0mThis is a debug message from thread 518-09-2026 00:29:34 [38;5;009m[ERROR]: [0mThis is a error message from thread 2418-09-2026 00:29:34 [38;5;009m[ERROR]: [0mThis is a error message from thread 1518-09-2026 00:29:34 [38;5;009m[ERROR]: [0mThis is a error message from thread 1918-09-2026 00:29:34 [38;5;117m[DEBUG]: [0mThis is a debug message from thread 2018-09-2026 00:29:34 [38;5;117m[DEBUG]: [0mThis is a debug message from thread 1318-09-2026 00:29:34 [38;5;015m[INFO]: [0mThis is a info message from thread 318-09-2026 00:29:34 [38;5;117m[DEBUG]: [0mThis is a debug message from thread 1918-09-2026 00:29:34 [38;5;015m[INFO]: [0mThis is a info message from thread 1118-09-2026 00:29:34 [38;5;015m[INFO]: [0mThis is a info message from thread 218-09-2026 00:29:34 [38;5;009m[ERROR]: [0mThis is a error message from thread 118-09-2026 00:29:34 [38;5;117m[DEBUG]: [0mThis is a debug message from thread 1518-09-2026 00:29:34 [38;5;015m[INFO]: [0mThis is a info message from thread 518-09-2026 00:29:34 [38;5;009m[ERROR]: [0mThis is a error message from thread 1118-09-2026 00:29:34 [38;5;009m[ERROR]: [0mThis is a error message from thread 218-09-2026 00:29:34 [38;5;015m[INFO]: [0mThis is a info message from thread 2018-09-2026 00:29:34 [38;5;009m[ERROR]: [0mThis is a error message from thread 518-09-2026 00:29:34 [38;5;117m[DEBUG]: [0mThis is a debug message from thread 918-09-2026 00:29:34 [38;5;117m[DEBUG]: [0mThis is a debug message from thread 2418-09-2026 00:29:34 [38;5;117m[DEBUG]: [0mThis is a debug message from thread 118-09-2026 00:29:34 [38;5;015m[INFO]: [0mThis is a info message from thread 1918-09-2026 00:29:34 [38;5;015m[INFO]: [0mThis is a info message from thread 2518-09-2026 00:29:34 [38;5;117m[DEBUG]: [0mThis is a debug message from thread 1118-09-2026 00:29:34 [38;5;015m[INFO]: [0mThis is a info message from thread 918-09-2026 00:29:34 [38;5;009m[ERROR]: [0mThis is a error message from thread 2018-09-2026 00:29:34 [38;5;015m[INFO]: [0mThis is a info message from thread 1118-09-2026 00:29:34 [38;5;117m[DEBUG]: [0mThis is a debug message from thread 518-09-2026 00:29:34 [38;5;009m[ERROR]: [0mThis is a error message from thread 1018-09-2026 00:29:34 [38;5;009m[ERROR]: [0mThis is a error message from thread 2518-09-2026 00:29:34 [38;5;009m[ERROR]: [0mThis is a error message from thread 918-09-2026 00:29:34 [38;5;015m[INFO]: [0mThis is a info message from thread 118-09-2026 00:29:34 [38;5;015m[INFO]: [0mThis is a info message from thread 518-09-2026 00:29:34 [38;5;117m[DEBUG]: [0mThis is a debug message from thread 1018-09-2026 00:29:34 [38;5;009m[ERROR]: [0mThis is a error message from thread 1118-09-2026 00:29:34 [38;5;117m[DEBUG]: [0mThis is a debug message from thread 2518-09-2026 00:29:34 [38;5;117m[DEBUG]: [0mThis is a debug message from thread 218-09-2026 00:29:34 [38;5;117m[DEBUG]: [0mThis is a debug message from thread 2018-09-2026 00:29:34 [38;5;015m[INFO]: [0mThis is a info message from thread 2418-09-2026 00:29:34 [38;5;117m[DEBUG]: [0mThis is a debug message from thread 418-09-2026 00:29:34 [38;5;117m[DEBUG]: [0mThis is a debug message from thread 2218-09-2026 00:29:34 [38;5;015m[INFO]: [0mThis is a info message from thread 1518-09-2026 00:29:34 [38;5;117m[DEBUG]: [0mThis is a debug message from thread 918-09-2026 00:29:34 [38;5;015m[INFO]: [0mThis is a info message from thread 718-09-2026 00:29:34 [38;5;009m[ERROR]: [0mThis is a error message from thread 118-09-2026 00:29:34 [38;5;009m[ERROR]: [0mThis is a error message from thread 318-09-2026 00:29:34 [38;5;015m[INFO]: [0mThis is a info message from thread 218-09-2026 00:29:34 [38;5;117m[DEBUG]: [0mThis is a debug message from thread 1618-09-2026 00:29:34 [38;5;009m[ERROR]: [0mThis is a error message from thread 2118-09-2026 00:29:34 [38;5;015m[INFO]: [0mThis is a info message from thread 018-09-2026 00:29:34 [38;5;009m[ERROR]: [0mThis is a error message from thread 718-09-2026 00:29:34 [38;5;009m[ERROR]: [0mThis is a error message from thread 618-09-2026 00:29:34 [38;5;009m[ERROR]: [0mThis is a error message from thread 2718-09-2026 00:29:34 [38;5;009m[ERROR]: [0mThis is a error message from thread 1218-09-2026 00:29:34 [38;5;117m[DEBUG]: [0mThis is a debug message from thread 118-09-2026 00:29:34 [38;5;117m[DEBUG]: [0mThis is a debug message from thread 2118-09-2026 00:29:34 [38;5;009m[ERROR]: [0mThis is a error message from thread 1918-09-2026 00:29:34 [38;5;009m[ERROR]: [0mThis is a error message from thread 218-09-2026 00:29:34 [38;5;009m[ERROR]: [0mThis is a error message from thread 2418-09-2026 00:29:34 [38;5;117m[DEBUG]: [0mThis is a debug message from thread 1218-09-2026 00:29:34 [38;5;117m[DEBUG]: [0mThis is a debug message from thread 618-09-2026 00:29:34 [38;5;015m[INFO]: [0mThis is a info message from thread 618-09-2026 00:29:34 [38;5;117m[DEBUG]: [0mThis is a debug message from thread 2418-09-2026 00:29:34 [38;5;117m[DEBUG]: [0mThis is a debug message from thread 2718-09-2026 00:29:34 [38;5;015m[INFO]: [0mThis is a info message from thread 118-09-2026 00:29:34 [38;5;009m[ERROR]: [0mThis is a error message from thread 2618-09-2026 00:29:34 [38;5;009m[ERROR]: [0mThis is a error message from thread 118-09-2026 00:29:34 [38;5;015m[INFO]: [0mThis is a info message from thread 2718-09-2026 00:29:34 [38;5;117m[DEBUG]: [0mThis is a debug message from thread 1918-09-2026 00:29:34 [38;5;009m[ERROR]: [0mThis is a error message from thread 618-09-2026 00:29:34 [38;5;009m[ERROR]: [0mThis is a error message from thread 1518-09-2026 00:29:34 [38;5;015m[INFO]: [0mThis is a info message from thread 2118-09-2026 00:29:34 [38;5;015m[INFO]: [0mThis is a info message from thread 2418-09-2026 00:29:34 [38;5;009m[ERROR]: [0mThis is a error message from thread 2118-09-2026 00:29:34 [38;5;009m[ERROR]: [0mThis is a error message from thread 2418-09-2026 00:29:34 [38;5;117m[DEBUG]: [0mThis is a debug message from thread 118-09-2026 00:29:34 [38;5;117m[DEBUG]: [0mThis is a debug message from thread 2418-09-2026 00:29:34 [38;5;015m[INFO]: [0mThis is a info message from thread 418-09-2026 00:29:34 [38;5;117m[DEBUG]: [0mThis is a debug message from thread 2818-09-2026 00:29:34 [38;5;117m[DEBUG]: [0mThis is a debug message from thread 1518-09-2026 00:29:34 [38;5;015m[INFO]: [0mThis is a info message from thread 2418-09-2026 00:29:34 [38;5;009m[ERROR]: [0mThis is a error message from thread 418-09-2026 00:29:34 [38;5;117m[DEBUG]: [0mThis is a debug message from thread 1718-09-2026 00:29:34 [38;5;009m[ERROR]: [0mThis is a error message from thread 2418-09-2026 00:29:34 [38;5;015m[INFO]: [0mThis is a info message from thread 118-09-2026 00:29:34 [38;5;015m[INFO]: [0mThis is a info message from thread 2818-09-2026 00:29:34 [38;5;015m[INFO]: [0mThis is a info message from thread 1718-09-2026 00:29:34 [38;5;117m[DEBUG]: [0mThis is a debug message from thread 218-09-2026 00:29:34 [38;5;015m[INFO]: [0mThis is a info message from thread 1018-09-2026 00:29:34 [38;5;015m[INFO]: [0mThis is a info message from thread 2218-09-2026 00:29:34 [38;5;117m[DEBUG]: [0mThis is a debug message from thread 2318-09-2026 00:29:34 [38;5;009m[ERROR]: [0mThis is a error message from thread 1018-09-2026 00:29:34 [38;5;117m[DEBUG]: [0mThis is a debug message from thread 318-09-2026 00:29:34 [38;5;009m[ERROR]: [0mThis is a error message from thread 2818-09-2026 00:29:34 [38;5;015m[INFO]: [0mThis is a info message from thread 1818-09-2026 00:29:34 [38;5;117m[DEBUG]: [0mThis is a debug message from thread 618-09-2026 00:29:34 [38;5;015m[INFO]: [0mThis is a info message from thread 2318-09-2026 00:29:34 [38;5;015m[INFO]: [0mThis is a info message from thread 1318-09-2026 00:29:34 [38;5;009m[ERROR]: [0mThis is a error message from thread 2218-09-2026 00:29:34 [38;5;015m[INFO]: [0mThis is a info message from thread 2918-09-2026 00:29:34 [38;5;117m[DEBUG]: [0mThis is a debug message from thread 2618-09-2026 00:29:34 [38;5;009m[ERROR]: [0mThis is a error message from thread 1418-09-2026 00:29:34 [38;5;117m[DEBUG]: [0mThis is a debug message from thread 1118-09-2026 00:29:34 [38;5;009m[ERROR]: [0mThis is a error message from thread 1318-09-2026 00:29:34 [38;5;015m[INFO]: [0mThis is a info message from thread 918-09-2026 00:29:34 [38;5;009m[ERROR]: [0mThis is a error message from thread 118-09-2026 00:29:34 [38;5;117m[DEBUG]: [0mThis is a debug message from thread 2418-09-2026 00:29:34 [38;5;117m[DEBUG]: [0mThis is a debug message from thread 1418-09-2026 00:29:34 [38;5;015m[INFO]: [0mThis is a info message from thread 2518-09-2026 00:29:34 [38;5;015m[INFO]: [0mThis is a info message from thread 1518-09-2026 00:29:34 [38;5;015m[INFO]: [0mThis is a info message from thread 1218-09-2026 00:29:34 [38;5;117m[DEBUG]: [0mThis is a debug message from thread 818-09-2026 00:29:34 [38;5;117m[DEBUG]: [0mThis is a debug message from thread 718-09-2026 00:29:34 [38;5;117m[DEBUG]: [0mThis is a debug message from thread 1318-09-2026 00:29:34 [38;5;015m[INFO]: [0mThis is a info message from thread 1418-09-2026 00:29:34 [38;5;009m[ERROR]: [0mThis is a error message from thread 1518-09-2026 00:29:34 [38;5;015m[INFO]: [0mThis is a info message from thread 718-09-2026 00:29:34 [38;5;009m[ERROR]: [0mThis is a error message from thread 1218-09-2026 00:29:34 [38;5;117m[DEBUG]: [0mThis is a debug message from thread 1518-09-2026 00:29:34 [38;5;015m[INFO]: [0mThis is a info message from thread 1318-09-2026 00:29:34 [38;5;009m[ERROR]: [0mThis is a error message from thread 2518-09-2026 00:29:34 [38;5;015m[INFO]: [0mThis is a info message from thread 1618-09-2026 00:29:34 [38;5;015m[INFO]: [0mThis is a info message from thread 1118-09-2026 00:29:34 [38;5;009m[ERROR]: [0mThis is a error message from thread 918-09-2026 00:29:34 [38;5;009m[ERROR]: [0mThis is a error message from thread 1418-09-2026 00:29:34 [38;5;117m[DEBUG]: [0mThis is a debug message from thread 2518-09-2026 00:29:34 [38;5;009m[ERROR]: [0mThis is a error message from thread 1318-09-2026 00:29:34 [38;5;009m[ERROR]: [0mThis is a error message from thread 718-09-2026 00:29:34 [38;5;117m[DEBUG]: [0mThis is a debug message from thread 718-09-2026 00:29:34 [38;5;117m[DEBUG]: [0mThis is a debug message from thread 1418-09-2026 00:29:34 [38;5;015m[INFO]: [0mThis is a info message from thread 818-09-2026 00:29:34 [38;5;117m[DEBUG]: [0mThis is a debug message from thread 418-09-2026 00:29:34 [38;5;117m[DEBUG]: [0mThis is a debug message from thread 2218-09-2026 00:29:34 [38;5;015m[INFO]: [0mThis is a info message from thread 2518-09-2026 00:29:34 [38;5;117m[DEBUG]: [0mThis is a debug message from thread 1318-09-2026 00:29:34 [38;5;015m[INFO]: [0mThis is a info message from thread 1518-09-2026 00:29:34 [38;5;015m[INFO]: [0mThis is a info message from thread 718-09-2026 00:29:34 [38;5;009m[ERROR]: [0mThis is a error message from thread 1518-09-2026 00:29:34 [38;5;009m[ERROR]: [0mThis is a error message from thread 718-09-2026 00:29:34 [38;5;015m[INFO]: [0mThis is a info message from thread 1418-09-2026 00:29:34 [38;5;009m[ERROR]: [0mThis is a error message from thread 818-09-2026 00:29:34 [38;5;117m[DEBUG]: [0mThis is a debug message from thread 918-09-2026 00:29:34 [38;5;009m[ERROR]: [0mThis is a error message from thread 018-09-2026 00:29:34 [38;5;009m[ERROR]: [0mThis is a error message from thread 1118-09-2026 00:29:34 [38;5;009m[ERROR]: [0mThis is a error message from thread 1718-09-2026 00:29:34 [38;5;015m[INFO]: [0mThis is a info message from thread 1918-09-2026 00:29:34 [38;5;015m[INFO]: [0mThis is a info message from thread 618-09-2026 00:29:34 [38;5;009m[ERROR]: [0mThis is a error message from thread 1418-09-2026 00:29:34 [38;5;117m[DEBUG]: [0mThis is a debug message from thread 1718-09-2026 00:29:34 [38;5;117m[DEBUG]: [0mThis is a debug message from thread 818-09-2026 00:29:34 [38;5;117m[DEBUG]: [0mThis is a debug message from thread 1418-09-2026 00:29:34 [38;5;117m[DEBUG]: [0mThis is a debug message from thread 1518-09-2026 00:29:34 [38;5;117m[DEBUG]: [0mThis is a debug message from thread 018-09-2026 00:29:34 [38;5;015m[INFO]: [0mThis is a info message from thread 1718-09-2026 00:29:34 [38;5;015m[INFO]: [0mThis is a info message from thread 1518-09-2026 00:29:34 [38;5;117m[DEBUG]: [0mThis is a debug message from thread 718-09-2026 00:29:34 [38;5;015m[INFO]: [0mThis is a info message from thread 718-09-2026 00:29:34 [38;5;117m[DEBUG]: [0mThis is a debug message from thread 1118-09-2026 00:29:34 [38;5;009m[ERROR]: [0mThis is a error message from thread 1718-09-2026 00:29:34 [38;5;015m[INFO]: [0mThis is a info message from thread 1418-09-2026 00:29:34 [38;5;009m[ERROR]: [0mThis is a error message from thread 718-09-2026 00:29:34 [38;5;009m[ERROR]: [0mThis is a error message from thread 618-09-2026 00:29:34 [38;5;015m[INFO]: [0mThis is a info message from thread 218-09-2026 00:29:34 [38;5;009m[ERROR]: [0mThis is a error message from thread 1418-09-2026 00:29:34 [38;5;015m[INFO]: [0mThis is a info message from thread 2018-09-2026 00:29:34 [38;5;117m[DEBUG]: [0mThis is a debug message from thread 1718-09-2026 00:29:34 [38;5;015m[INFO]: [0mThis is a info message from thread 018-09-2026 00:29:34 [38;5;009m[ERROR]: [0mThis is a error message from thread 2018-09-2026 00:29:34 [38;5;009m[ERROR]: [0mThis is a error message from thread 218-09-2026 00:29:34 [38;5;117m[DEBUG]: [0mThis is a debug message from thread 718-09-2026 00:29:34 [38;5;015m[INFO]: [0mThis is a info message from thread 1718-09-2026 00:29:34 [38;5;117m[DEBUG]: [0mThis is a debug message from thread 2018-09-2026 00:29:34 [38;5;117m[DEBUG]: [0mThis is a debug message from thread 1018-09-2026 00:29:34 [38;5;117m[DEBUG]: [0mThis is a debug message from thread 1418-09-2026 00:29:34 [38;5;015m[INFO]: [0mThis is a info message from thread 1018-09-2026 00:29:34 [38;5;015m[INFO]: [0mThis is a info message from thread 1118-09-2026 00:29:34 [38;5;117m[DEBUG]: [0mThis is a debug message from thread 118-09-2026 00:29:34 [38;5;015m[INFO]: [0mThis is a info message from thread 318-09-2026 00:29:34 [38;5;009m[ERROR]: [0mThis is a error message from thread 2918-09-2026 00:29:34 [38;5;015m[INFO]: [0mThis is a info message from thread 418-09-2026 00:29:34 [38;5;015m[INFO]: [0mThis is a info message from thread 2218-09-2026 00:29:34 [38;5;009m[ERROR]: [0mThis is a error message from thread 1718-09-2026 00:29:34 [38;5;015m[INFO]: [0mThis is a info message from thread 918-09-2026 00:29:34 [38;5;009m[ERROR]: [0mThis is a error message from thread 2718-09-2026 00:29:34 [38;5;009m[ERROR]: [0mThis is a error message from thread 1118-09-2026 00:29:34 [38;5;015m[INFO]: [0mThis is a info message from thread 1418-09-2026 00:29:34 [38;5;009m[ERROR]: [0mThis is a error message from thread 418-09-2026 00:29:34 [38;5;117m[DEBUG]: [0mThis is a debug message from thread 618-09-2026 00:29:34 [38;5;009m[ERROR]: [0mThis is a error message from thread 918-09-2026 00:29:34 [38;5;009m[ERROR]: [0mThis is a error message from thread 1618-09-2026 00:29:34 [38;5;117m[DEBUG]: [0mThis is a debug message from thread 2918-09-2026 00:29:34 [38;5;117m[DEBUG]: [0mThis is a debug message from thread 1218-09-2026 00:29:34 [38;5;117m[DEBUG]: [0mThis is a debug message from thread 1118-09-2026 00:29:34 [38;5;117m[DEBUG]: [0mThis is a debug message from thread 418-09-2026 00:29:34 [38;5;117m[DEBUG]: [0mThis is a debug message from thread 218-09-2026 00:29:34 [38;5;009m[ERROR]: [0mThis is a error message from thread 018-09-2026 00:29:34 [38;5;117m[DEBUG]: [0mThis is a debug message from thread 918-09-2026 00:29:34 [38;5;117m[DEBUG]: [0mThis is a debug message from thread 1618-09-2026 00:29:34 [38;5;015m[INFO]: [0mThis is a info message from thread 618-09-2026 00:29:34 [38;5;117m[DEBUG]: [0mThis is a debug message from thread 2718-09-2026 00:29:34 [38;5;015m[INFO]: [0mThis is a info message from thread 2918-09-2026 00:29:34 [38;5;015m[INFO]: [0mThis is a info message from thread 2018-09-2026 00:29:34 [38;5;015m[INFO]: [0mThis is a info message from thread 118-09-2026 00:29:34 [38;5;015m[INFO]: [0mThis is a info message from thread 918-09-2026 00:29:34 [38;5;009m[ERROR]: [0mThis is a error message from thread 2018-09-2026 00:29:34 [38;5;009m[ERROR]: [0mThis is a error message from thread 2218-09-2026 00:29:34 [38;5;015m[INFO]: [0mThis is a info message from thread 1118-09-2026 00:29:34 [38;5;009m[ERROR]: [0mThis is a error message from thread 318-09-2026 00:29:34 [38;5;015m[INFO]: [0mThis is a info message from thread 2618-09-2026 00:29:34 [38;5;015m[INFO]: [0mThis is a info message from thread 1218-09-2026 00:29:34 [38;5;117m[DEBUG]: [0mThis is a debug message from thread 1718-09-2026 00:29:34 [38;5;009m[ERROR]: [0mThis is a error message from thread 2518-09-2026 00:29:34 [38;5;009m[ERROR]: [0mThis is a error message from thread 618-09-2026 00:29:34 [38;5;015m[INFO]: [0mThis is a info message from thread 2718-09-2026 00:29:34 [38;5;117m[DEBUG]: [0mThis is a debug message from thread 2818-09-2026 00:29:34 [38;5;015m[INFO]: [0mThis is a info message from thread 818-09-2026 00:29:34 [38;5;009m[ERROR]: [0mThis is a error message from thread 1518-09-2026 00:29:34 [38;5;009m[ERROR]: [0mThis is a error message from thread 1218-09-2026 00:29:34 [38;5;117m[DEBUG]: [0mThis is a debug message from thread 318-09-2026 00:29:34 [38;5;009m[ERROR]: [0mThis is a error message from thread 1118-09-2026 00:29:34 [38;5;015m[INFO]: [0mThis is a info message from thread 2818-09-2026 00:29:34 [38;5;117m[DEBUG]: [0mThis is a debug message from thread 2518-09-2026 00:29:34 [38;5;009m[ERROR]: [0mThis is a error message from thread 2618-09-2026 00:29:34 [38;5;117m[DEBUG]: [0mThis is a debug message from thread 2118-09-2026 00:29:34 [38;5;009m[ERROR]: [0mThis is a error message from thread 518-09-2026 00:29:34 [38;5;009m[ERROR]: [0mThis is a error message from thread 2718-09-2026 00:29:34 [38;5;009m[ERROR]: [0mThis is a error message from thread 818-09-2026 00:29:34 [38;5;009m[ERROR]: [0mThis is a error message from thread 2818-09-2026 00:29:34 [38;5;015m[INFO]: [0mThis is a info message from thread 2118-09-2026 00:29:34 [38;5;015m[INFO]: [0mThis is a info message from thread 718-09-2026 00:29:34 [38;5;009m[ERROR]: [0mThis is a error message from thread 1018-09-2026 00:29:34 [38;5;117m[DEBUG]: [0mThis is a debug message from thread 1218-09-2026 00:29:34 [38;5;117m[DEBUG]: [0mThis is a debug message from thread 2718-09-2026 00:29:34 [38;5;117m[DEBUG]: [0mThis is a debug message from thread 818-09-2026 00:29:34 [38;5;009m[ERROR]: [0mThis is a error message from thread 1418-09-2026 00:29:34 [38;5;015m[INFO]: [0mThis is a info message from thread 2518-09-2026 00:29:34 [38;5;117m[DEBUG]: [0mThis is a debug message from thread 018-09-2026 00:29:34 [38;5;009m[ERROR]: [0mThis is a error message from thread 2318-09-2026 00:29:34 [38;5;117m[DEBUG]: [0mThis is a debug message from thread 1418-09-2026 00:29:34 [38;5;009m[ERROR]: [0mThis is a error message from thread 918-09-2026 00:29:34 [38;5;117m[DEBUG]: [0mThis is a debug message from thread 2218-09-2026 00:29:34 [38;5;117m[DEBUG]: [0mThis is a debug message from thread 1118-09-2026 00:29:34 [38;5;117m[DEBUG]: [0mThis is a debug message from thread 1018-09-2026 00:29:34 [38;5;015m[INFO]: [0mThis is a info message from thread 2218-09-2026 00:29:34 [38;5;009m[ERROR]: [0mThis is a error message from thread 1818-09-2026 00:29:34 [38;5;015m[INFO]: [0mThis is a info message from thread 2418-09-2026 00:29:34 [38;5;009m[ERROR]: [0mThis is a error message from thread 2918-09-2026 00:29:34 [38;5;009m[ERROR]: [0mThis is a error message from thread 718-09-2026 00:29:34 [38;5;015m[INFO]: [0mThis is a info message from thread 218-09-2026 00:29:34 [38;5;117m[DEBUG]: [0mThis is a debug message from thread 918-09-2026 00:29:34 [38;5;015m[INFO]: [0mThis is a info message from thread 1418-09-2026 00:29:34 [38;5;015m[INFO]: [0mThis is a info message from thread 818-09-2026 00:29:34 [38;5;015m[INFO]: [0mThis is a info message from thread 1018-09-2026 00:29:34 [38;5;015m[INFO]: [0mThis is a info message from thread 918-09-2026 00:29:34 [38;5;009m[ERROR]: [0mThis is a error message from thread 2518-09-2026 00:29:34 [38;5;009m[ERROR]: [0mThis is a error message from thread 818-09-2026 00:29:34 [38;5;117m[DEBUG]: [0mThis is a debug message from thread 1818-09-2026 00:29:34 [38;5;009m[ERROR]: [0mThis is a error message from thread 1418-09-2026 00:29:34 [38;5;009m[ERROR]: [0mThis is a error message from thread 218-09-2026 00:29:34 [38;5;015m[INFO]: [0mThis is a info message from thread 1318-09-2026 00:29:34 [38;5;117m[DEBUG]: [0mThis is a debug message from thread 1418-09-2026 00:29:34 [38;5;009m[ERROR]: [0mThis is a error message from thread 1918-09-2026 00:29:34 [38;5;015m[INFO]: [0mThis is a info message from thread 1818-09-2026 00:29:34 [38;5;117m[DEBUG]: [0mThis is a debug message from thread 2018-09-2026 00:29:34 [38;5;117m[DEBUG]: [0mThis is a debug message from thread 1918-09-2026 00:29:34 [38;5;009m[ERROR]: [0mThis is a error message from thread 1818-09-2026 00:29:34 [38;5;009m[ERROR]: [0mThis is a error message from thread 2218-09-2026 00:29:34 [38;5;015m[INFO]: [0mThis is a info message from thread 1418-09-2026 00:29:34 [38;5;009m[ERROR]: [0mThis is a error message from thread 1418-09-2026 00:29:34 [38;5;117m[DEBUG]: [0mThis is a debug message from thread 1418-09-2026 00:29:34 [38;5;009m[ERROR]: [0mThis is a error message from thread 1318-09-2026 00:29:34 [38;5;015m[INFO]: [0mThis is a info message from thread 2018-09-2026 00:29:34 [38;5;117m[DEBUG]: [0mThis is a debug message from thread 1818-09-2026 00:29:34 [38;5;117m[DEBUG]: [0mThis is a debug message from thread 2218-09-2026 00:29:34 [38;5;015m[INFO]: [0mThis is a info message from thread 1418-09-2026 00:29:34 [38;5;117m[DEBUG]: [0mThis is a debug message from thread 1318-09-2026 00:29:34 [38;5;117m[DEBUG]: [0mThis is a debug message from thread 2918-09-2026 00:29:34 [38;5;009m[ERROR]: [0mThis is a error message from thread 1418-09-2026 00:29:34 [38;5;015m[INFO]: [0mThis is a info message from thread 1318-09-2026 00:29:34 [38;5;117m[DEBUG]: [0mThis is a debug message from thread 1518-09-2026 00:29:34 [38;5;015m[INFO]: [0mThis is a info message from thread 1918-09-2026 00:29:34 [38;5;117m[DEBUG]: [0mThis is a debug message from thread 218-09-2026 00:29:34 [38;5;009m[ERROR]: [0mThis is a error message from thread 2018-09-2026 00:29:34 [38;5;015m[INFO]: [0mThis is a info message from thread 218-09-2026 00:29:34 [38;5;009m[ERROR]: [0mThis is a error message from thread 1318-09-2026 00:29:34 [38;5;117m[DEBUG]: [0mThis is a debug message from thread 2818-09-2026 00:29:34 [38;5;117m[DEBUG]: [0mThis is a debug message from thread 1418-09-2026 00:29:34 [38;5;015m[INFO]: [0mThis is a info message from thread 2818-09-2026 00:29:34 [38;5;117m[DEBUG]: [0mThis is a debug message from thread 2018-09-2026 00:29:34 [38;5;015m[INFO]: [0mThis is a info message from thread 2918-09-2026 00:29:34 [38;5;117m[DEBUG]: [0mThis is a debug message from thread 818-09-2026 00:29:34 [38;5;015m[INFO]: [0mThis is a info message from thread 1518-09-2026 00:29:34 [38;5;009m[ERROR]: [0mThis is a error message from thread 218-09-2026 00:29:34 [38;5;015m[INFO]: [0mThis is a info message from thread 818-09-2026 00:29:34 [38;5;015m[INFO]: [0mThis is a info message from thread 2018-09-2026 00:29:34 [38;5;117m[DEBUG]: [0mThis is a debug message from thread 218-09-2026 00:29:34 [38;5;015m[INFO]: [0mThis is a info message from thread 1618-09-2026 00:29:34 [38;5;009m[ERROR]: [0mThis is a error message from thread 1518-09-2026 00:29:34 [38;5;009m[ERROR]: [0mThis is a error message from thread 2018-09-2026 00:29:34 [38;5;015m[INFO]: [0mThis is a info message from thread 1218-09-2026 00:29:34 [38;5;015m[INFO]: [0mThis is a info message from thread 018-09-2026 00:29:34 [38;5;009m[ERROR]: [0mThis is a error message from thread 1618-09-2026 00:29:34 [38;5;015m[INFO]: [0mThis is a info message from thread 218-09-2026 00:29:34 [38;5;117m[DEBUG]: [0mThis is a debug message from thread 2618-09-2026 00:29:34 [38;5;117m[DEBUG]: [0mThis is a debug message from thread 718-09-2026 00:29:34 [38;5;009m[ERROR]: [0mThis is a error message from thread 918-09-2026 00:29:34 [38;5;009m[ERROR]: [0mThis is a error message from thread 818-09-2026 00:29:34 [38;5;117m[DEBUG]: [0mThis is a debug message from thread 2318-09-2026 00:29:34 [38;5;117m[DEBUG]: [0mThis is a debug message from thread 2018-09-2026 00:29:34 [38;5;009m[ERROR]: [0mThis is a error message from thread 1018-09-2026 00:29:34 [38;5;117m[DEBUG]: [0mThis is a debug message from thread 1618-09-2026 00:29:34 [38;5;009m[ERROR]: [0mThis is a error message from thread 018-09-2026 00:29:34 [38;5;117m[DEBUG]: [0mThis is a debug message from thread 2518-09-2026 00:29:34 [38;5;015m[INFO]: [0mThis is a info message from thread 1618-09-2026 00:29:34 [38;5;015m[INFO]: [0mThis is a info message from thread 718-09-2026 00:29:34 [38;5;009m[ERROR]: [0mThis is a error message from thread 1618-09-2026 00:29:34 [38;5;015m[INFO]: [0mThis is a info message from thread 1818-09-2026 00:29:34 [38;5;009m[ERROR]: [0mThis is a error message from thread 218-09-2026 00:29:34 [38;5;015m[INFO]: [0mThis is a info message from thread 2518-09-2026 00:29:34 [38;5;015m[INFO]: [0mThis is a info message from thread 2318-09-2026 00:29:34 [38;5;009m[ERROR]: [0mThis is a error message from thread 2518-09-2026 00:29:34 [38;5;117m[DEBUG]: [0mThis is a debug message from thread 818-09-2026 00:29:34 [38;5;117m[DEBUG]: [0mThis is a debug message from thread 018-09-2026 00:29:34 [38;5;015m[INFO]: [0mThis is a info message from thread 818-09-2026 00:29:34 [38;5;009m[ERROR]: [0mThis is a error message from thread 1818-09-2026 00:29:34 [38;5;009m[ERROR]: [0mThis is a error message from thread 2318-09-2026 00:29:34 [38;5;117m[DEBUG]: [0mThis is a debug message from thread 1818-09-2026 00:29:34 [38;5;015m[INFO]: [0mThis is a info message from thread 2018-09-2026 00:29:34 [38;5;117m[DEBUG]: [0mThis is a debug message from thread 2318-09-2026 00:29:34 [38;5;015m[INFO]: [0mThis is a info message from thread 2618-09-2026 00:29:34 [38;5;117m[DEBUG]: [0mThis is a debug message from thread 1618-09-2026 00:29:34 [38;5;015m[INFO]: [0mThis is a info message from thread 1618-09-2026 00:29:34 [38;5;117m[DEBUG]: [0mThis is a debug message from thread 2518-09-2026 00:29:34 [38;5;015m[INFO]: [0mThis is a info message from thread 018-09-2026 00:29:34 [38;5;015m[INFO]: [0mThis is a info message from thread 1718-09-2026 00:29:34 [38;5;009m[ERROR]: [0mThis is a error message from thread 2018-09-2026 00:29:34 [38;5;009m[ERROR]: [0mThis is a error message from thread 818-09-2026 00:29:34 [38;5;009m[ERROR]: [0mThis is a error message from thread 2618-09-2026 00:29:34 [38;5;117m[DEBUG]: [0mThis is a debug message from thread 218-09-2026 00:29:34 [38;5;009m[ERROR]: [0mThis is a error message from thread 1718-09-2026 00:29:34 [38;5;117m[DEBUG]: [0mThis is a debug message from thread 1718-09-2026 00:29:34 [38;5;015m[INFO]: [0mThis is a info message from thread 1718-09-2026 00:29:34 [38;5;015m[INFO]: [0mThis is a info message from thread 2518-09-2026 00:29:34 [38;5;009m[ERROR]: [0mThis is a error message from thread 2518-09-2026 00:29:34 [38;5;009m[ERROR]: [0mThis is a error message from thread 1618-09-2026 00:29:34 [38;5;009m[ERROR]: [0mThis is a error message from thread 018-09-2026 00:29:34 [38;5;015m[INFO]: [0mThis is a info message from thread 218-09-2026 00:29:34 [38;5;009m[ERROR]: [0mThis is a error message from thread 1918-09-2026 00:29:34 [38;5;009m[ERROR]: [0mThis is a error message from thread 2118-09-2026 00:29:34 [38;5;015m[INFO]: [0mThis is a info message from thread 418-09-2026 00:29:34 [38;5;009m[ERROR]: [0mThis is a error message from thread 718-09-2026 00:29:34 [38;5;117m[DEBUG]: [0mThis is a debug message from thread 1918-09-2026 00:29:34 [38;5;009m[ERROR]: [0mThis is a error message from thread 2918-09-2026 00:29:34 [38;5;009m[ERROR]: [0mThis is a error message from thread 2418-09-2026 00:29:34 [38;5;117m[DEBUG]: [0mThis is a debug message from thread 2118-09-2026 00:29:34 [38;5;009m[ERROR]: [0mThis is a error message from thread 418-09-2026 00:29:34 [38;5;015m[INFO]: [0mThis is a info message from thread 2718-09-2026 00:29:34 [38;5;117m[DEBUG]: [0mThis is a debug message from thread 2518-09-2026 00:29:34 [38;5;117m[DEBUG]: [0mThis is a debug message from thread 018-09-2026 00:29:34 [38;5;117m[DEBUG]: [0mThis is a debug message from thread 418-09-2026 00:29:34 [38;5;015m[INFO]: [0mThis is a info message from thread 1918-09-2026 00:29:34 [38;5;117m[DEBUG]: [0mThis is a debug message from thread 1618-09-2026 00:29:34 [38;5;015m[INFO]: [0mThis is a info message from thread 1618-09-2026 00:29:34 [38;5;009m[ERROR]: [0mThis is a error message from thread 2718-09-2026 00:29:34 [38;5;015m[INFO]: [0mThis is a info message from thread 2118-09-2026 00:29:34 [38;5;015m[INFO]: [0mThis is a info message from thread 2518-09-2026 00:29:34 [38;5;117m[DEBUG]: [0mThis is a debug message from thread 2418-09-2026 00:29:34 [38;5;015m[INFO]: [0mThis is a info message from thread 1418-09-2026 00:29:34 [38;5;009m[ERROR]: [0mThis is a error message from thread 1618-09-2026 00:29:34 [38;5;015m[INFO]: [0mThis is a info message from thread 2418-09-2026 00:29:34 [38;5;009m[ERROR]: [0mThis is a error message from thread 2118-09-2026 00:29:34 [38;5;009m[ERROR]: [0mThis is a error message from thread 1918-09-2026 00:29:34 [38;5;117m[DEBUG]: [0mThis is a debug message from thread 2718-09-2026 00:29:34 [38;5;009m[ERROR]: [0mThis is a error message from thread 118-09-2026 00:29:34 [38;5;117m[DEBUG]: [0mThis is a debug message from thread 1618-09-2026 00:29:34 [38;5;009m[ERROR]: [0mThis is a error message from thread 2518-09-2026 00:29:34 [38;5;015m[INFO]: [0mThis is a info message from thread 2218-09-2026 00:29:34 [38;5;015m[INFO]: [0mThis is a info message from thread 1118-09-2026 00:29:34 [38;5;117m[DEBUG]: [0mThis is a debug message from thread 2118-09-2026 00:29:34 [38;5;009m[ERROR]: [0mThis is a error message from thread 1118-09-2026 00:29:34 [38;5;117m[DEBUG]: [0mThis is a debug message from thread 1518-09-2026 00:29:34 [38;5;015m[INFO]: [0mThis is a info message from thread 1618-09-2026 00:29:34 [38;5;015m[INFO]: [0mThis is a info message from thread 1518-09-2026 00:29:34 [38;5;015m[INFO]: [0mThis is a info message from thread 2118-09-2026 00:29:34 [38;5;009m[ERROR]: [0mThis is a error message from thread 1518-09-2026 00:29:34 [38;5;009m[ERROR]: [0mThis is a error message from thread 218-09-2026 00:29:34 [38;5;117m[DEBUG]: [0mThis is a debug message from thread 1018-09-2026 00:29:34 [38;5;015m[INFO]: [0mThis is a info message from thread 2318-09-2026 00:29:34 [38;5;117m[DEBUG]: [0mThis is a debug message from thread 1518-09-2026 00:29:34 [38;5;117m[DEBUG]: [0mThis is a debug message from thread 118-09-2026 00:29:34 [38;5;015m[INFO]: [0mThis is a info message from thread 318-09-2026 00:29:34 [38;5;009m[ERROR]: [0mThis is a error message from thread 1618-09-2026 00:29:34 [38;5;117m[DEBUG]: [0mThis is a debug message from thread 218-09-2026 00:29:34 [38;5;009m[ERROR]: [0mThis is a error message from thread 1418-09-2026 00:29:34 [38;5;009m[ERROR]: [0mThis is a error message from thread 2418-09-2026 00:29:34 [38;5;117m[DEBUG]: [0mThis is a debug message from thread 2618-09-2026 00:29:34 [38;5;015m[INFO]: [0mThis is a info message from thread 1818-09-2026 00:29:34 [38;5;117m[DEBUG]: [0mThis is a debug message from thread 718-09-2026 00:29:34 [38;5;117m[DEBUG]: [0mThis is a debug message from thread 2018-09-2026 00:29:34 [38;5;015m[INFO]: [0mThis is a info message from thread 1518-09-2026 00:29:34 [38;5;009m[ERROR]: [0mThis is a error message from thread 2318-09-2026 00:29:34 [38;5;009m[ERROR]: [0mThis is a error message from thread 2818-09-2026 00:29:34 [38;5;117m[DEBUG]: [0mThis is a debug message from thread 2418-09-2026 00:29:34 [38;5;009m[ERROR]: [0mThis is a error message from thread 2118-09-2026 00:29:34 [38;5;009m[ERROR]: [0mThis is a error message from thread 1818-09-2026 00:29:34 [38;5;015m[INFO]: [0mThis is a info message from thread 2018-09-2026 00:29:34 [38;5;015m[INFO]: [0mThis is a info message from thread 2418-09-2026 00:29:34 [38;5;117m[DEBUG]: [0mThis is a debug message from thread 1418-09-2026 00:29:34 [38;5;015m[INFO]: [0mThis is a info message from thread 2618-09-2026 00:29:34 [38;5;009m[ERROR]: [0mThis is a error message from thread 1518-09-2026 00:29:34 [38;5;117m[DEBUG]: [0mThis is a debug message from thread 818-09-2026 00:29:34 [38;5;009m[ERROR]: [0mThis is a error message from thread 2618-09-2026 00:29:34 [38;5;009m[ERROR]: [0mThis is a error message from thread 2418-09-2026 00:29:34 [38;5;015m[INFO]: [0mThis is a info message from thread 818-09-2026 00:29:34 [38;5;009m[ERROR]: [0mThis is a error message from thread 2018-09-2026 00:29:34 [38;5;117m[DEBUG]: [0mThis is a debug message from thread 518-09-2026 00:29:34 [38;5;015m[INFO]: [0mThis is a info message from thread 1418-09-2026 00:29:34 [38;5;117m[DEBUG]: [0mThis is a debug message from thread 2118-09-2026 00:29:34 [38;5;117m[DEBUG]: [0mThis is a debug message from thread 1518-09-2026 00:29:34 [38;5;009m[ERROR]: [0mThis is a error message from thread 1718-09-2026 00:29:34 [38;5;015m[INFO]: [0mThis is a info message from thread 2718-09-2026 00:29:34 [38;5;015m[INFO]: [0mThis is a info message from thread 418-09-2026 00:29:34 [38;5;117m[DEBUG]: [0mThis is a debug message from thread 1318-09-2026 00:29:34 [38;5;117m[DEBUG]: [0mThis is a debug message from thread 1618-09-2026 00:29:34 [38;5;015m[INFO]: [0mThis is a info message from thread 518-09-2026 00:29:34 [38;5;117m[DEBUG]: [0mThis is a debug message from thread 2518-09-2026 00:29:34 [38;5;009m[ERROR]: [0mThis is a error message from thread 1418-09-2026 00:29:34 [38;5;009m[ERROR]: [0mThis is a error message from thread 518-09-2026 00:29:34 [38;5;015m[INFO]: [0mThis is a info message from thread 2118-09-2026 00:29:34 [38;5;117m[DEBUG]: [0mThis is a debug message from thread 2418-09-2026 00:29:34 [38;5;009m[ERROR]: [0mThis is a error message from thread 1218-09-2026 00:29:34 [38;5;117m[DEBUG]: [0mThis is a debug message from thread 618-09-2026 00:29:34 [38;5;015m[INFO]: [0mThis is a info message from thread 1518-09-2026 00:29:34 [38;5;009m[ERROR]: [0mThis is a error message from thread 2118-09-2026 00:29:34 [38;5;015m[INFO]: [0mThis is a info message from thread 1318-09-2026 00:29:34 [38;5;117m[DEBUG]: [0mThis is a debug message from thread 1218-09-2026 00:29:34 [38;5;117m[DEBUG]: [0mThis is a debug message from thread 1918-09-2026 00:29:34 [38;5;009m[ERROR]: [0mThis is a error message from thread 418-09-2026 00:29:34 [38;5;009m[ERROR]: [0mThis is a error message from thread 1318-09-2026 00:29:34 [38;5;015m[INFO]: [0mThis is a info message from thread 118-09-2026 00:29:34 [38;5;015m[INFO]: [0mThis is a info message from thread 2418-09-2026 00:29:34 [38;5;117m[DEBUG]: [0mThis is a debug message from thread 2118-09-2026 00:29:34 [38;5;015m[INFO]: [0mThis is a info message from thread 618-09-2026 00:29:34 [38;5;117m[DEBUG]: [0mThis is a debug message from thread 2818-09-2026 00:29:34 [38;5;015m[INFO]: [0mThis is a info message from thread 2118-09-2026 00:29:34 [38;5;015m[INFO]: [0mThis is a info message from thread 218-09-2026 00:29:34 [38;5;117m[DEBUG]: [0mThis is a debug message from thread 1318-09-2026 00:29:34 [38;5;009m[ERROR]: [0mThis is a error message from thread 2418-09-2026 00:29:34 [38;5;009m[ERROR]: [0mThis is a error message from thread 318-09-2026 00:29:34 [38;5;015m[INFO]: [0mThis is a info message from thread 718-09-2026 00:29:34 [38;5;015m[INFO]: [0mThis is a info message from thread 2818-09-2026 00:29:34 [38;5;117m[DEBUG]: [0mThis is a debug message from thread 2618-09-2026 00:29:34 [38;5;015m[INFO]: [0mThis is a info message from thread 2618-09-2026 00:29:34 [38;5;117m[DEBUG]: [0mThis is a debug message from thread 1418-09-2026 00:29:34 [38;5;009m[ERROR]: [0mThis is a error message from thread 1518-09-2026 00:29:34 [38;5;009m[ERROR]: [0mThis is a error message from thread 218-09-2026 00:29:34 [38;5;117m[DEBUG]: [0mThis is a debug message from thread 218-09-2026 00:29:34 [38;5;117m[DEBUG]: [0mThis is a debug message from thread 318-09-2026 00:29:34 [38;5;015m[INFO]: [0mThis is a info message from thread 1318-09-2026 00:29:34 [38;5;117m[DEBUG]: [0mThis is a debug message from thread 418-09-2026 00:29:34 [38;5;015m[INFO]: [0mThis is a info message from thread 218-09-2026 00:29:34 [38;5;009m[ERROR]: [0mThis is a error message from thread 2118-09-2026 00:29:34 [38;5;015m[INFO]: [0mThis is a info message from thread 318-09-2026 00:29:34 [38;5;009m[ERROR]: [0mThis is a error message from thread 318-09-2026 00:29:34 [38;5;009m[ERROR]: [0mThis is a error message from thread 2618-09-2026 00:29:34 [38;5;117m[DEBUG]: [0mThis is a debug message from thread 2618-09-2026 00:29:34 [38;5;117m[DEBUG]: [0mThis is a debug message from thread 2118-09-2026 00:29:34 [38;5;009m[ERROR]: [0mThis is a error message from thread 1318-09-2026 00:29:34 [38;5;117m[DEBUG]: [0mThis is a debug message from thread 1518-09-2026 00:29:34 [38;5;009m[ERROR]: [0mThis is a error message from thread 218-09-2026 00:29:34 [38;5;015m[INFO]: [0mThis is a info message from thread 418-09-2026 00:29:34 [38;5;015m[INFO]: [0mThis is a info message from thread 2618-09-2026 00:29:34 [38;5;117m[DEBUG]: [0mThis is a debug message from thread 318-09-2026 00:29:34 [38;5;009m[ERROR]: [0mThis is a error message from thread 2818-09-2026 00:29:34 [38;5;015m[INFO]: [0mThis is a info message from thread 1518-09-2026 00:29:34 [38;5;009m[ERROR]: [0mThis is a error message from thread 2618-09-2026 00:29:34 [38;5;117m[DEBUG]: [0mThis is a debug message from thread 1318-09-2026 00:29:34 [38;5;117m[DEBUG]: [0mThis is a debug message from thread 2818-09-2026 00:29:34 [38;5;015m[INFO]: [0mThis is a info message from thread 1618-09-2026 00:29:34 [38;5;117m[DEBUG]: [0mThis is a debug message from thread 2618-09-2026 00:29:34 [38;5;117m[DEBUG]: [0mThis is a debug message from thread 918-09-2026 00:29:34 [38;5;015m[INFO]: [0mThis is a info message from thread 1418-09-2026 00:29:34 [38;5;009m[ERROR]: [0mThis is a error message from thread 1518-09-2026 00:29:34 [38;5;117m[DEBUG]: [0mThis is a debug message from thread 2418-09-2026 00:29:34 [38;5;117m[DEBUG]: [0mThis is a debug message from thread 218-09-2026 00:29:34 [38;5;117m[DEBUG]: [0mThis is a debug message from thread 1818-09-2026 00:29:34 [38;5;015m[INFO]: [0mThis is a info message from thread 2618-09-2026 00:29:34 [38;5;015m[INFO]: [0mThis is a info message from thread 1818-09-2026 00:29:34 [38;5;009m[ERROR]: [0mThis is a error message from thread 1418-09-2026 00:29:34 [38;5;009m[ERROR]: [0mThis is a error message from thread 2218-09-2026 00:29:34 [38;5;009m[ERROR]: [0mThis is a error message from thread 418-09-2026 00:29:34 [38;5;117m[DEBUG]: [0mThis is a debug message from thread 2918-09-2026 00:29:34 [38;5;117m[DEBUG]: [0mThis is a debug message from thread 418-09-2026 00:29:34 [38;5;015m[INFO]: [0mThis is a info message from thread 418-09-2026 00:29:34 [38;5;015m[INFO]: [0mThis is a info message from thread 2418-09-2026 00:29:34 [38;5;015m[INFO]: [0mThis is a info message from thread 218-09-2026 00:29:34 [38;5;015m[INFO]: [0mThis is a info message from thread 1318-09-2026 00:29:34 [38;5;117m[DEBUG]: [0mThis is a debug message from thread 2318-09-2026 00:29:34 [38;5;015m[INFO]: [0mThis is a info message from thread 2118-09-2026 00:29:34 [38;5;009m[ERROR]: [0mThis is a error message from thread 1818-09-2026 00:29:34 [38;5;117m[DEBUG]: [0mThis is a debug message from thread 1518-09-2026 00:29:34 [38;5;015m[INFO]: [0mThis is a info message from thread 918-09-2026 00:29:34 [38;5;015m[INFO]: [0mThis is a info message from thread 2918-09-2026 00:29:34 [38;5;009m[ERROR]: [0mThis is a error message from thread 1318-09-2026 00:29:34 [38;5;009m[ERROR]: [0mThis is a error message from thread 418-09-2026 00:29:34 [38;5;009m[ERROR]: [0mThis is a error message from thread 2418-09-2026 00:29:34 [38;5;009m[ERROR]: [0mThis is a error message from thread 2118-09-2026 00:29:34 [38;5;117m[DEBUG]: [0mThis is a debug message from thread 2018-09-2026 00:29:34 [38;5;117m[DEBUG]: [0mThis is a debug message from thread 1318-09-2026 00:29:34 [38;5;009m[ERROR]: [0mThis is a error message from thread 2918-09-2026 00:29:34 [38;5;117m[DEBUG]: [0mThis is a debug message from thread 2418-09-2026 00:29:34 [38;5;015m[INFO]: [0mThis is a info message from thread 1518-09-2026 00:29:34 [38;5;009m[ERROR]: [0mThis is a error message from thread 818-09-2026 00:29:34 [38;5;117m[DEBUG]: [0mThis is a debug message from thread 2918-09-2026 00:29:34 [38;5;117m[DEBUG]: [0mThis is a debug message from thread 418-09-2026 00:29:34 [38;5;015m[INFO]: [0mThis is a info message from thread 2318-09-2026 00:29:34 [38;5;015m[INFO]: [0mThis is a info message from thread 2918-09-2026 00:29:34 [38;5;117m[DEBUG]: [0mThis is a debug message from thread 1718-09-2026 00:29:34 [38;5;009m[ERROR]: [0mThis is a error message from thread 918-09-2026 00:29:34 [38;5;009m[ERROR]: [0mThis is a error message from thread 2318-09-2026 00:29:34 [38;5;015m[INFO]: [0mThis is a info message from thread 2018-09-2026 00:29:34 [38;5;117m[DEBUG]: [0mThis is a debug message from thread 818-09-2026 00:29:34 [38;5;009m[ERROR]: [0mThis is a error message from thread 1518-09-2026 00:29:34 [38;5;015m[INFO]: [0mThis is a info message from thread 818-09-2026 00:29:34 [38;5;015m[INFO]: [0mThis is a info message from thread 2418-09-2026 00:29:34 [38;5;009m[ERROR]: [0mThis is a error message from thread 718-09-2026 00:29:34 [38;5;015m[INFO]: [0mThis is a info message from thread 1718-09-2026 00:29:34 [38;5;009m[ERROR]: [0mThis is a error message from thread 218-09-2026 00:29:34 [38;5;117m[DEBUG]: [0mThis is a debug message from thread 2318-09-2026 00:29:34 [38;5;015m[INFO]: [0mThis is a info message from thread 2518-09-2026 00:29:34 [38;5;009m[ERROR]: [0mThis is a error message from thread 2918-09-2026 00:29:34 [38;5;009m[ERROR]: [0mThis is a error message from thread 1618-09-2026 00:29:34 [38;5;015m[INFO]: [0mThis is a info message from thread 2318-09-2026 00:29:34 [38;5;117m[DEBUG]: [0mThis is a debug message from thread 1518-09-2026 00:29:34 [38;5;015m[INFO]: [0mThis is a info message from thread 1018-09-2026 00:29:34 [38;5;009m[ERROR]: [0mThis is a error message from thread 1718-09-2026 00:29:34 [38;5;009m[ERROR]: [0mThis is a error message from thread 2318-09-2026 00:29:34 [38;5;117m[DEBUG]: [0mThis is a debug message from thread 2918-09-2026 00:29:34 [38;5;117m[DEBUG]: [0mThis is a debug message from thread 518-09-2026 00:29:34 [38;5;117m[DEBUG]: [0mThis is a debug message from thread 918-09-2026 00:29:34 [38;5;015m[INFO]: [0mThis is a info message from thread 918-09-2026 00:29:34 [38;5;015m[INFO]: [0mThis is a info message from thread 2918-09-2026 00:29:34 [38;5;009m[ERROR]: [0mThis is a error message from thread 2918-09-2026 00:29:34 [38;5;009m[ERROR]: [0mThis is a error message from thread 2018-09-2026 00:29:34 [38;5;009m[ERROR]: [0mThis is a error message from thread 1018-09-2026 00:29:34 [38;5;117m[DEBUG]: [0mThis is a debug message from thread 2318-09-2026 00:29:34 [38;5;015m[INFO]: [0mThis is a info message from thread 1918-09-2026 00:29:34 [38;5;117m[DEBUG]: [0mThis is a debug message from thread 2018-09-2026 00:29:34 [38;5;117m[DEBUG]: [0mThis is a debug message from thread 1018-09-2026 00:29:34 [38;5;009m[ERROR]: [0mThis is a error message from thread 2418-09-2026 00:29:34 [38;5;117m[DEBUG]: [0mThis is a debug message from thread 1718-09-2026 00:29:34 [38;5;009m[ERROR]: [0mThis is a error message from thread 918-09-2026 00:29:34 [38;5;015m[INFO]: [0mThis is a info message from thread 318-09-2026 00:29:34 [38;5;009m[ERROR]: [0mThis is a error message from thread 818-09-2026 00:29:34 [38;5;015m[INFO]: [0mThis is a info message from thread 018-09-2026 00:29:34 [38;5;117m[DEBUG]: [0mThis is a debug message from thread 2118-09-2026 00:29:34 [38;5;009m[ERROR]: [0mThis is a error message from thread 618-09-2026 00:29:34 [38;5;009m[ERROR]: [0mThis is a error message from thread 1918-09-2026 00:29:34 [38;5;117m[DEBUG]: [0mThis is a debug message from thread 2918-09-2026 00:29:34 [38;5;009m[ERROR]: [0mThis is a error message from thread 318-09-2026 00:29:34 [38;5;015m[INFO]: [0mThis is a info message from thread 2318-09-2026 00:29:34 [38;5;015m[INFO]: [0mThis is a info message from thread 1018-09-2026 00:29:34 [38;5;015m[INFO]: [0mThis is a info message from thread 2918-09-2026 00:29:34 [38;5;009m[ERROR]: [0mThis is a error message from thread 1018-09-2026 00:29:34 [38;5;117m[DEBUG]: [0mThis is a debug message from thread 2218-09-2026 00:29:34 [38;5;117m[DEBUG]: [0mThis is a debug message from thread 318-09-2026 00:29:34 [38;5;117m[DEBUG]: [0mThis is a debug message from thread 1918-09-2026 00:29:34 [38;5;009m[ERROR]: [0mThis is a error message from thread 2718-09-2026 00:29:34 [38;5;009m[ERROR]: [0mThis is a error message from thread 018-09-2026 00:29:34 [38;5;117m[DEBUG]: [0mThis is a debug message from thread 1018-09-2026 00:29:34 [38;5;117m[DEBUG]: [0mThis is a debug message from thread 018-09-2026 00:29:34 [38;5;117m[DEBUG]: [0mThis is a debug message from thread 618-09-2026 00:29:34 [38;5;015m[INFO]: [0mThis is a info message from thread 318-09-2026 00:29:34 [38;5;015m[INFO]: [0mThis is a info message from thread 1018-09-2026 00:29:34 [38;5;015m[INFO]: [0mThis is a info message from thread 1918-09-2026 00:29:34 [38;5;117m[DEBUG]: [0mThis is a debug message from thread 2718-09-2026 00:29:34 [38;5;009m[ERROR]: [0mThis is a error message from thread 1018-09-2026 00:29:34 [38;5;015m[INFO]: [0mThis is a info message from thread 618-09-2026 00:29:34 [38;5;117m[DEBUG]: [0mThis is a debug message from thread 2418-09-2026 00:29:34 [38;5;117m[DEBUG]: [0mThis is a debug message from thread 818-09-2026 00:29:34 [38;5;015m[INFO]: [0mThis is a info message from thread 2218-09-2026 00:29:34 [38;5;009m[ERROR]: [0mThis is a error message from thread 318-09-2026 00:29:34 [38;5;015m[INFO]: [0mThis is a info message from thread 2718-09-2026 00:29:34 [38;5;015m[INFO]: [0mThis is a info message from thread 018-09-2026 00:29:34 [38;5;015m[INFO]: [0mThis is a info message from thread 2118-09-2026 00:29:34 [38;5;117m[DEBUG]: [0mThis is a debug message from thread 718-09-2026 00:29:34 [38;5;117m[DEBUG]: [0mThis is a debug message from thread 318-09-2026 00:29:34 [38;5;117m[DEBUG]: [0mThis is a debug message from thread 1118-09-2026 00:29:34 [38;5;117m[DEBUG]: [0mThis is a debug message from thread 1418-09-2026 00:29:34 [38;5;015m[INFO]: [0mThis is a info message from thread 818-09-2026 00:29:34 [38;5;009m[ERROR]: [0mThis is a error message from thread 2618-09-2026 00:29:34 [38;5;015m[INFO]: [0mThis is a info message from thread 1218-09-2026 00:29:34 [38;5;117m[DEBUG]: [0mThis is a debug message from thread 1018-09-2026 00:29:34 [38;5;009m[ERROR]: [0mThis is a error message from thread 618-09-2026 00:29:34 [38;5;009m[ERROR]: [0mThis is a error message from thread 018-09-2026 00:29:34 [38;5;009m[ERROR]: [0mThis is a error message from thread 1218-09-2026 00:29:34 [38;5;015m[INFO]: [0mThis is a info message from thread 318-09-2026 00:29:34 [38;5;015m[INFO]: [0mThis is a info message from thread 2818-09-2026 00:29:34 [38;5;117m[DEBUG]: [0mThis is a debug message from thread 218-09-2026 00:29:34 [38;5;117m[DEBUG]: [0mThis is a debug message from thread 2618-09-2026 00:29:34 [38;5;009m[ERROR]: [0mThis is a error message from thread 2718-09-2026 00:29:34 [38;5;015m[INFO]: [0mThis is a info message from thread 718-09-2026 00:29:34 [38;5;015m[INFO]: [0mThis is a info message from thread 1418-09-2026 00:29:34 [38;5;117m[DEBUG]: [0mThis is a debug message from thread 1218-09-2026 00:29:34 [38;5;009m[ERROR]: [0mThis is a error message from thread 318-09-2026 00:29:34 [38;5;009m[ERROR]: [0mThis is a error message from thread 2818-09-2026 00:29:34 [38;5;015m[INFO]: [0mThis is a info message from thread 1318-09-2026 00:29:34 [38;5;009m[ERROR]: [0mThis is a error message from thread 2318-09-2026 00:29:34 [38;5;015m[INFO]: [0mThis is a info message from thread 1018-09-2026 00:29:34 [38;5;117m[DEBUG]: [0mThis is a debug message from thread 918-09-2026 00:29:34 [38;5;009m[ERROR]: [0mThis is a error message from thread 1918-09-2026 00:29:34 [38;5;009m[ERROR]: [0mThis is a error message from thread 818-09-2026 00:29:34 [38;5;117m[DEBUG]: [0mThis is a debug message from thread 2318-09-2026 00:29:34 [38;5;009m[ERROR]: [0mThis is a error message from thread 1018-09-2026 00:29:34 [38;5;117m[DEBUG]: [0mThis is a debug message from thread 1918-09-2026 00:29:34 [38;5;117m[DEBUG]: [0mThis is a debug message from thread 2718-09-2026 00:29:34 [38;5;117m[DEBUG]: [0mThis is a debug message from thread 2818-09-2026 00:29:34 [38;5;015m[INFO]: [0mThis is a info message from thread 2618-09-2026 00:29:34 [38;5;015m[INFO]: [0mThis is a info message from thread 2318-09-2026 00:29:34 [38;5;015m[INFO]: [0mThis is a info message from thread 1218-09-2026 00:29:34 [38;5;009m[ERROR]: [0mThis is a error message from thread 1418-09-2026 00:29:34 [38;5;117m[DEBUG]: [0mThis is a debug message from thread 1018-09-2026 00:29:34 [38;5;009m[ERROR]: [0mThis is a error message from thread 1318-09-2026 00:29:34 [38;5;015m[INFO]: [0mThis is a info message from thread 2718-09-2026 00:29:34 [38;5;117m[DEBUG]: [0mThis is a debug message from thread 818-09-2026 00:29:34 [38;5;009m[ERROR]: [0mThis is a error message from thread 2318-09-2026 00:29:34 [38;5;015m[INFO]: [0mThis is a info message from thread 1918-09-2026 00:29:34 [38;5;117m[DEBUG]: [0mThis is a debug message from thread 318-09-2026 00:29:34 [38;5;009m[ERROR]: [0mThis is a error message from thread 1218-09-2026 00:29:34 [38;5;009m[ERROR]: [0mThis is a error message from thread 2718-09-2026 00:29:34 [38;5;015m[INFO]: [0mThis is a info message from thread 1018-09-2026 00:29:34 [38;5;009m[ERROR]: [0mThis is a error message from thread 1918-09-2026 00:29:34 [38;5;117m[DEBUG]: [0mThis is a debug message from thread 1418-09-2026 00:29:34 [38;5;015m[INFO]: [0mThis is a info message from thread 2818-09-2026 00:29:34 [38;5;009m[ERROR]: [0mThis is a error message from thread 2918-09-2026 00:29:34 [38;5;117m[DEBUG]: [0mThis is a debug message from thread 1318-09-2026 00:29:34 [38;5;117m[DEBUG]: [0mThis is a debug message from thread 2318-09-2026 00:29:34 [38;5;117m[DEBUG]: [0mThis is a debug message from thread 2718-09-2026 00:29:34 [38;5;009m[ERROR]: [0mThis is a error message from thread 1018-09-2026 00:29:34 [38;5;117m[DEBUG]: [0mThis is a debug message from thread 1818-09-2026 00:29:34 [38;5;015m[INFO]: [0mThis is a info message from thread 318-09-2026 00:29:34 [38;5;015m[INFO]: [0mThis is a info message from thread 2318-09-2026 00:29:34 [38;5;015m[INFO]: [0mThis is a info message from thread 1418-09-2026 00:29:34 [38;5;009m[ERROR]: [0mThis is a error message from thread 2318-09-2026 00:29:34 [38;5;117m[DEBUG]: [0mThis is a debug message from thread 1018-09-2026 00:29:34 [38;5;117m[DEBUG]: [0mThis is a debug message from thread 1218-09-2026 00:29:34 [38;5;009m[ERROR]: [0mThis is a error message from thread 2118-09-2026 00:29:34 [38;5;015m[INFO]: [0mThis is a info message from thread 1018-09-2026 00:29:34 [38;5;015m[INFO]: [0mThis is a info message from thread 418-09-2026 00:29:34 [38;5;117m[DEBUG]: [0mThis is a debug message from thread 2118-09-2026 00:29:34 [38;5;117m[DEBUG]: [0mThis is a debug message from thread 018-09-2026 00:29:34 [38;5;015m[INFO]: [0mThis is a info message from thread 1118-09-2026 00:29:34 [38;5;009m[ERROR]: [0mThis is a error message from thread 2518-09-2026 00:29:34 [38;5;015m[INFO]: [0mThis is a info message from thread 1718-09-2026 00:29:34 [38;5;009m[ERROR]: [0mThis is a error message from thread 718-09-2026 00:29:34 [38;5;015m[INFO]: [0mThis is a info message from thread 918-09-2026 00:29:34 [38;5;009m[ERROR]: [0mThis is a error message from thread 2618-09-2026 00:29:34 [38;5;117m[DEBUG]: [0mThis is a debug message from thread 2518-09-2026 00:29:34 [38;5;015m[INFO]: [0mThis is a info message from thread 2118-09-2026 00:29:34 [38;5;015m[INFO]: [0mThis is a info message from thread 1318-09-2026 00:29:34 [38;5;015m[INFO]: [0mThis is a info message from thread 1218-09-2026 00:29:34 [38;5;015m[INFO]: [0mThis is a info message from thread 018-09-2026 00:29:34 [38;5;009m[ERROR]: [0mThis is a error message from thread 1218-09-2026 00:29:34 [38;5;015m[INFO]: [0mThis is a info message from thread 2518-09-2026 00:29:34 [38;5;009m[ERROR]: [0mThis is a error message from thread 2118-09-2026 00:29:34 [38;5;009m[ERROR]: [0mThis is a error message from thread 2518-09-2026 00:29:34 [38;5;009m[ERROR]: [0mThis is a error message from thread 2218-09-2026 00:29:34 [38;5;009m[ERROR]: [0mThis is a error message from thread 1118-09-2026 00:29:34 [38;5;009m[ERROR]: [0mThis is a error message from thread 318-09-2026 00:29:34 [38;5;009m[ERROR]: [0mThis is a error message from thread 418-09-2026 00:29:34 [38;5;117m[DEBUG]: [0mThis is a debug message from thread 2618-09-2026 00:29:34 [38;5;117m[DEBUG]: [0mThis is a debug message from thread 1618-09-2026 00:29:34 [38;5;009m[ERROR]: [0mThis is a error message from thread 018-09-2026 00:29:34 [38;5;117m[DEBUG]: [0mThis is a debug message from thread 1218-09-2026 00:29:34 [38;5;015m[INFO]: [0mThis is a info message from thread 1518-09-2026 00:29:34 [38;5;015m[INFO]: [0mThis is a info message from thread 1618-09-2026 00:29:34 [38;5;117m[DEBUG]: [0mThis is a debug message from thread 2118-09-2026 00:29:34 [38;5;009m[ERROR]: [0mThis is a error message from thread 118-09-2026 00:29:34 [38;5;117m[DEBUG]: [0mThis is a debug message from thread 2218-09-2026 00:29:34 [38;5;009m[ERROR]: [0mThis is a error message from thread 1618-09-2026 00:29:34 [38;5;117m[DEBUG]: [0mThis is a debug message from thread 618-09-2026 00:29:34 [38;5;117m[DEBUG]: [0mThis is a debug message from thread 418-09-2026 00:29:34 [38;5;015m[INFO]: [0mThis is a info message from thread 2618-09-2026 00:29:34 [38;5;015m[INFO]: [0mThis is a info message from thread 2118-09-2026 00:29:34 [38;5;117m[DEBUG]: [0mThis is a debug message from thread 118-09-2026 00:29:34 [38;5;009m[ERROR]: [0mThis is a error message from thread 1318-09-2026 00:29:34 [38;5;015m[INFO]: [0mThis is a info message from thread 2018-09-2026 00:29:34 [38;5;015m[INFO]: [0mThis is a info message from thread 618-09-2026 00:29:34 [38;5;015m[INFO]: [0mThis is a info message from thread 218-09-2026 00:29:34 [38;5;009m[ERROR]: [0mThis is a error message from thread 2118-09-2026 00:29:34 [38;5;015m[INFO]: [0mThis is a info message from thread 418-09-2026 00:29:34 [38;5;117m[DEBUG]: [0mThis is a debug message from thread 1318-09-2026 00:29:34 [38;5;117m[DEBUG]: [0mThis is a debug message from thread 1918-09-2026 00:29:34 [38;5;117m[DEBUG]: [0mThis is a debug message from thread 318-09-2026 00:29:34 [38;5;117m[DEBUG]: [0mThis is a debug message from thread 2118-09-2026 00:29:34 [38;5;015m[INFO]: [0mThis is a info message from thread 2218-09-2026 00:29:34 [38;5;009m[ERROR]: [0mThis is a error message from thread 2618-09-2026 00:29:34 [38;5;009m[ERROR]: [0mThis is a error message from thread 1718-09-2026 00:29:34 [38;5;009m[ERROR]: [0mThis is a error message from thread 918-09-2026 00:29:34 [38;5;009m[ERROR]: [0mThis is a error message from thread 1018-09-2026 00:29:34 [38;5;009m[ERROR]: [0mThis is a error message from thread 2218-09-2026 00:29:34 [38;5;117m[DEBUG]: [0mThis is a debug message from thread 1118-09-2026 00:29:34 [38;5;015m[INFO]: [0mThis is a info message from thread 2118-09-2026 00:29:34 [38;5;117m[DEBUG]: [0mThis is a debug message from thread 2618-09-2026 00:29:34 [38;5;015m[INFO]: [0mThis is a info message from thread 118-09-2026 00:29:34 [38;5;015m[INFO]: [0mThis is a info message from thread 1218-09-2026 00:29:34 [38;5;117m[DEBUG]: [0mThis is a debug message from thread 1618-09-2026 00:29:34 [38;5;015m[INFO]: [0mThis is a info message from thread 518-09-2026 00:29:34 [38;5;009m[ERROR]: [0mThis is a error message from thread 1518-09-2026 00:29:34 [38;5;117m[DEBUG]: [0mThis is a debug message from thread 2918-09-2026 00:29:34 [38;5;009m[ERROR]: [0mThis is a error message from thread 1218-09-2026 00:29:34 [38;5;015m[INFO]: [0mThis is a info message from thread 318-09-2026 00:29:34 [38;5;117m[DEBUG]: [0mThis is a debug message from thread 2218-09-2026 00:29:34 [38;5;015m[INFO]: [0mThis is a info message from thread 818-09-2026 00:29:34 [38;5;015m[INFO]: [0mThis is a info message from thread 1318-09-2026 00:29:34 [38;5;015m[INFO]: [0mThis is a info message from thread 1918-09-2026 00:29:34 [38;5;009m[ERROR]: [0mThis is a error message from thread 2018-09-2026 00:29:34 [38;5;009m[ERROR]: [0mThis is a error message from thread 118-09-2026 00:29:34 [38;5;009m[ERROR]: [0mThis is a error message from thread 1318-09-2026 00:29:34 [38;5;009m[ERROR]: [0mThis is a error message from thread 2118-09-2026 00:29:34 [38;5;117m[DEBUG]: [0mThis is a debug message from thread 1218-09-2026 00:29:34 [38;5;009m[ERROR]: [0mThis is a error message from thread 318-09-2026 00:29:34 [38;5;015m[INFO]: [0mThis is a info message from thread 1118-09-2026 00:29:34 [38;5;009m[ERROR]: [0mThis is a error message from thread 1918-09-2026 00:29:34 [38;5;015m[INFO]: [0mThis is a info message from thread 1818-09-2026 00:29:34 [38;5;015m[INFO]: [0mThis is a info message from thread 2718-09-2026 00:29:34 [38;5;009m[ERROR]: [0mThis is a error message from thread 2818-09-2026 00:29:34 [38;5;117m[DEBUG]: [0mThis is a debug message from thread 1318-09-2026 00:29:34 [38;5;117m[DEBUG]: [0mThis is a debug message from thread 718-09-2026 00:29:34 [38;5;117m[DEBUG]: [0mThis is a debug message from thread 2318-09-2026 00:29:34 [38;5;015m[INFO]: [0mThis is a info message from thread 1218-09-2026 00:29:34 [38;5;009m[ERROR]: [0mThis is a error message from thread 1418-09-2026 00:29:34 [38;5;015m[INFO]: [0mThis is a info message from thread 2218-09-2026 00:29:34 [38;5;009m[ERROR]: [0mThis is a error message from thread 418-09-2026 00:29:34 [38;5;117m[DEBUG]: [0mThis is a debug message from thread 1518-09-2026 00:29:34 [38;5;015m[INFO]: [0mThis is a info message from thread 718-09-2026 00:29:34 [38;5;117m[DEBUG]: [0mThis is a debug message from thread 418-09-2026 00:29:34 [38;5;009m[ERROR]: [0mThis is a error message from thread 1818-09-2026 00:29:34 [38;5;117m[DEBUG]: [0mThis is a debug message from thread 2018-09-2026 00:29:34 [38;5;015m[INFO]: [0mThis is a info message from thread 1318-09-2026 00:29:34 [38;5;009m[ERROR]: [0mThis is a error message from thread 818-09-2026 00:29:34 [38;5;117m[DEBUG]: [0mThis is a debug message from thread 1818-09-2026 00:29:34 [38;5;117m[DEBUG]: [0mThis is a debug message from thread 1418-09-2026 00:29:34 [38;5;009m[ERROR]: [0mThis is a error message from thread 2218-09-2026 00:29:34 [38;5;009m[ERROR]: [0mThis is a error message from thread 1218-09-2026 00:29:34 [38;5;009m[ERROR]: [0mThis is a error message from thread 1318-09-2026 00:29:34 [38;5;009m[ERROR]: [0mThis is a error message from thread 718-09-2026 00:29:34 [38;5;015m[INFO]: [0mThis is a info message from thread 2018-09-2026 00:29:34 [38;5;117m[DEBUG]: [0mThis is a debug message from thread 718-09-2026 00:29:34 [38;5;117m[DEBUG]: [0mThis is a debug message from thread 818-09-2026 00:29:34 [38;5;015m[INFO]: [0mThis is a info message from thread 1418-09-2026 00:29:34 [38;5;015m[INFO]: [0mThis is a info message from thread 2318-09-2026 00:29:34 [38;5;015m[INFO]: [0mThis is a info message from thread 418-09-2026 00:29:34 [38;5;009m[ERROR]: [0mThis is a error message from thread 618-09-2026 00:29:34 [38;5;015m[INFO]: [0mThis is a info message from thread 818-09-2026 00:29:34 [38;5;117m[DEBUG]: [0mThis is a debug message from thread 618-09-2026 00:29:34 [38;5;015m[INFO]: [0mThis is a info message from thread 718-09-2026 00:29:34 [38;5;015m[INFO]: [0mThis is a info message from thread 1818-09-2026 00:29:34 [38;5;117m[DEBUG]: [0mThis is a debug message from thread 1318-09-2026 00:29:34 [38;5;009m[ERROR]: [0mThis is a error message from thread 418-09-2026 00:29:34 [38;5;009m[ERROR]: [0mThis is a error message from thread 218-09-2026 00:29:34 [38;5;009m[ERROR]: [0mThis is a error message from thread 1818-09-2026 00:29:34 [38;5;117m[DEBUG]: [0mThis is a debug message from thread 1818-09-2026 00:29:34 [38;5;009m[ERROR]: [0mThis is a error message from thread 718-09-2026 00:29:34 [38;5;015m[INFO]: [0mThis is a info message from thread 1318-09-2026 00:29:34 [38;5;117m[DEBUG]: [0mThis is a debug message from thread 718-09-2026 00:29:34 [38;5;117m[DEBUG]: [0mThis is a debug message from thread 418-09-2026 00:29:34 [38;5;009m[ERROR]: [0mThis is a error message from thread 1418-09-2026 00:29:34 [38;5;117m[DEBUG]: [0mThis is a debug message from thread 2218-09-2026 00:29:34 [38;5;015m[INFO]: [0mThis is a info message from thread 418-09-2026 00:29:34 [38;5;009m[ERROR]: [0mThis is a error message from thread 2318-09-2026 00:29:34 [38;5;015m[INFO]: [0mThis is a info message from thread 718-09-2026 00:29:34 [38;5;015m[INFO]: [0mThis is a info message from thread 1818-09-2026 00:29:34 [38;5;015m[INFO]: [0mThis is a info message from thread 2418-09-2026 00:29:34 [38;5;009m[ERROR]: [0mThis is a error message from thread 518-09-2026 00:29:34 [38;5;117m[DEBUG]: [0mThis is a debug message from thread 218-09-2026 00:29:34 [38;5;009m[ERROR]: [0mThis is a error message from thread 718-09-2026 00:29:34 [38;5;015m[INFO]: [0mThis is a info message from thread 218-09-2026 00:29:34 [38;5;009m[ERROR]: [0mThis is a error message from thread 2418-09-2026 00:29:34 [38;5;009m[ERROR]: [0mThis is a error message from thread 1818-09-2026 00:29:34 [38;5;117m[DEBUG]: [0mThis is a debug message from thread 1418-09-2026 00:29:34 [38;5;117m[DEBUG]: [0mThis is a debug message from thread 2518-09-2026 00:29:34 [38;5;015m[INFO]: [0mThis is a info message from thread 2518-09-2026 00:29:34 [38;5;009m[ERROR]: [0mThis is a error message from thread 1318-09-2026 00:29:34 [38;5;015m[INFO]: [0mThis is a info message from thread 1418-09-2026 00:29:34 [38;5;117m[DEBUG]: [0mThis is a debug message from thread 1318-09-2026 00:29:34 [38;5;117m[DEBUG]: [0mThis is a debug message from thread 518-09-2026 00:29:34 [38;5;117m[DEBUG]: [0mThis is a debug message from thread 2318-09-2026 00:29:34 [38;5;009m[ERROR]: [0mThis is a error message from thread 1418-09-2026 00:29:34 [38;5;117m[DEBUG]: [0mThis is a debug message from thread 2418-09-2026 00:29:34 [38;5;015m[INFO]: [0mThis is a info message from thread 2418-09-2026 00:29:34 [38;5;117m[DEBUG]: [0mThis is a debug message from thread 718-09-2026 00:29:34 [38;5;015m[INFO]: [0mThis is a info message from thread 2318-09-2026 00:29:34 [38;5;015m[INFO]: [0mThis is a info message from thread 1318-09-2026 00:29:34 [38;5;117m[DEBUG]: [0mThis is a debug message from thread 1818-09-2026 00:29:34 [38;5;009m[ERROR]: [0mThis is a error message from thread 2318-09-2026 00:29:34 [38;5;117m[DEBUG]: [0mThis is a debug message from thread 918-09-2026 00:29:34 [38;5;117m[DEBUG]: [0mThis is a debug message from thread 1018-09-2026 00:29:34 [38;5;015m[INFO]: [0mThis is a info message from thread 2618-09-2026 00:29:34 [38;5;009m[ERROR]: [0mThis is a error message from thread 1118-09-2026 00:29:34 [38;5;015m[INFO]: [0mThis is a info message from thread 518-09-2026 00:29:34 [38;5;015m[INFO]: [0mThis is a info message from thread 1818-09-2026 00:29:34 [38;5;015m[INFO]: [0mThis is a info message from thread 2918-09-2026 00:29:34 [38;5;009m[ERROR]: [0mThis is a error message from thread 2718-09-2026 00:29:34 [38;5;009m[ERROR]: [0mThis is a error message from thread 518-09-2026 00:29:34 [38;5;015m[INFO]: [0mThis is a info message from thread 2218-09-2026 00:29:34 [38;5;009m[ERROR]: [0mThis is a error message from thread 218-09-2026 00:29:34 [38;5;117m[DEBUG]: [0mThis is a debug message from thread 1918-09-2026 00:29:34 [38;5;117m[DEBUG]: [0mThis is a debug message from thread 1218-09-2026 00:29:34 [38;5;015m[INFO]: [0mThis is a info message from thread 1618-09-2026 00:29:34 [38;5;015m[INFO]: [0mThis is a info message from thread 918-09-2026 00:29:34 [38;5;009m[ERROR]: [0mThis is a error message from thread 2618-09-2026 00:29:34 [38;5;009m[ERROR]: [0mThis is a error message from thread 2018-09-2026 00:29:34 [38;5;009m[ERROR]: [0mThis is a error message from thread 2218-09-2026 00:29:34 [38;5;009m[ERROR]: [0mThis is a error message from thread 418-09-2026 00:29:34 [38;5;009m[ERROR]: [0mThis is a error message from thread 1818-09-2026 00:29:34 [38;5;117m[DEBUG]: [0mThis is a debug message from thread 418-09-2026 00:29:34 [38;5;015m[INFO]: [0mThis is a info message from thread 618-09-2026 00:29:34 [38;5;117m[DEBUG]: [0mThis is a debug message from thread 1118-09-2026 00:29:34 [38;5;117m[DEBUG]: [0mThis is a debug message from thread 1718-09-2026 00:29:34 [38;5;015m[INFO]: [0mThis is a info message from thread 1918-09-2026 00:29:34 [38;5;117m[DEBUG]: [0mThis is a debug message from thread 218-09-2026 00:29:34 [38;5;117m[DEBUG]: [0mThis is a debug message from thread 2618-09-2026 00:29:34 [38;5;015m[INFO]: [0mThis is a info message from thread 418-09-2026 00:29:34 [38;5;015m[INFO]: [0mThis is a info message from thread 1118-09-2026 00:29:34 [38;5;009m[ERROR]: [0mThis is a error message from thread 418-09-2026 00:29:34 [38;5;117m[DEBUG]: [0mThis is a debug message from thread 2218-09-2026 00:29:34 [38;5;009m[ERROR]: [0mThis is a error message from thread 2518-09-2026 00:29:34 [38;5;117m[DEBUG]: [0mThis is a debug message from thread 1418-09-2026 00:29:34 [38;5;009m[ERROR]: [0mThis is a error message from thread 1618-09-2026 00:29:34 [38;5;009m[ERROR]: [0mThis is a error message from thread 1318-09-2026 00:29:34 [38;5;015m[INFO]: [0mThis is a info message from thread 218-09-2026 00:29:34 [38;5;015m[INFO]: [0mThis is a info message from thread 1718-09-2026 00:29:34 [38;5;015m[INFO]: [0mThis is a info message from thread 1418-09-2026 00:29:34 [38;5;117m[DEBUG]: [0mThis is a debug message from thread 418-09-2026 00:29:34 [38;5;117m[DEBUG]: [0mThis is a debug message from thread 2518-09-2026 00:29:34 [38;5;009m[ERROR]: [0mThis is a error message from thread 1418-09-2026 00:29:34 [38;5;009m[ERROR]: [0mThis is a error message from thread 218-09-2026 00:29:34 [38;5;009m[ERROR]: [0mThis is a error message from thread 1918-09-2026 00:29:34 [38;5;009m[ERROR]: [0mThis is a error message from thread 2418-09-2026 00:29:34 [38;5;117m[DEBUG]: [0mThis is a debug message from thread 1818-09-2026 00:29:34 [38;5;015m[INFO]: [0mThis is a info message from thread 418-09-2026 00:29:34 [38;5;015m[INFO]: [0mThis is a info message from thread 2518-09-2026 00:29:34 [38;5;117m[DEBUG]: [0mThis is a debug message from thread 2418-09-2026 00:29:34 [38;5;117m[DEBUG]: [0mThis is a debug message from thread 1418-09-2026 00:29:34 [38;5;117m[DEBUG]: [0mThis is a debug message from thread 1918-09-2026 00:29:34 [38;5;117m[DEBUG]: [0mThis is a debug message from thread 118-09-2026 00:29:34 [38;5;117m[DEBUG]: [0mThis is a debug message from thread 218-09-2026 00:29:34 [38;5;015m[INFO]: [0mThis is a info message from thread 2418-09-2026 00:29:34 [38;5;015m[INFO]: [0mThis is a info message from thread 1818-09-2026 00:29:34 [38;5;009m[ERROR]: [0mThis is a error message from thread 1718-09-2026 00:29:34 [38;5;015m[INFO]: [0mThis is a info message from thread 2218-09-2026 00:29:34 [38;5;015m[INFO]: [0mThis is a info message from thread 1518-09-2026 00:29:34 [38;5;015m[INFO]: [0mThis is a info message from thread 1918-09-2026 00:29:34 [38;5;015m[INFO]: [0mThis is a info message from thread 218-09-2026 00:29:34 [38;5;009m[ERROR]: [0mThis is a error message from thread 918-09-2026 00:29:34 [38;5;009m[ERROR]: [0mThis is a error message from thread 818-09-2026 00:29:34 [38;5;009m[ERROR]: [0mThis is a error message from thread 1818-09-2026 00:29:34 [38;5;009m[ERROR]: [0mThis is a error message from thread 2918-09-2026 00:29:34 [38;5;009m[ERROR]: [0mThis is a error message from thread 618-09-2026 00:29:34 [38;5;009m[ERROR]: [0mThis is a error message from thread 2418-09-2026 00:29:34 [38;5;117m[DEBUG]: [0mThis is a debug message from thread 1718-09-2026 00:29:34 [38;5;015m[INFO]: [0mThis is a info message from thread 118-09-2026 00:29:34 [38;5;009m[ERROR]: [0mThis is a error message from thread 1918-09-2026 00:29:34 [38;5;009m[ERROR]: [0mThis is a error message from thread 218-09-2026 00:29:34 [38;5;117m[DEBUG]: [0mThis is a debug message from thread 2418-09-2026 00:29:34 [38;5;117m[DEBUG]: [0mThis is a debug message from thread 518-09-2026 00:29:34 [38;5;015m[INFO]: [0mThis is a info message from thread 718-09-2026 00:29:34 [38;5;117m[DEBUG]: [0mThis is a debug message from thread 2018-09-2026 00:29:34 [38;5;015m[INFO]: [0mThis is a info message from thread 2618-09-2026 00:29:34 [38;5;015m[INFO]: [0mThis is a info message from thread 1718-09-2026 00:29:34 [38;5;015m[INFO]: [0mThis is a info message from thread 2018-09-2026 00:29:34 [38;5;117m[DEBUG]: [0mThis is a debug message from thread 2118-09-2026 00:29:34 [38;5;117m[DEBUG]: [0mThis is a debug message from thread 018-09-2026 00:29:34 [38;5;009m[ERROR]: [0mThis is a error message from thread 1518-09-2026 00:29:34 [38;5;009m[ERROR]: [0mThis is a error message from thread 2618-09-2026 00:29:34 [38;5;117m[DEBUG]: [0mThis is a debug message from thread 218-09-2026 00:29:34 [38;5;009m[ERROR]: [0mThis is a error message from thread 718-09-2026 00:29:34 [38;5;015m[INFO]: [0mThis is a info message from thread 018-09-2026 00:29:34 [38;5;015m[INFO]: [0mThis is a info message from thread 2118-09-2026 00:29:34 [38;5;009m[ERROR]: [0mThis is a error message from thread 2018-09-2026 00:29:34 [38;5;117m[DEBUG]: [0mThis is a debug message from thread 1518-09-2026 00:29:34 [38;5;009m[ERROR]: [0mThis is a error message from thread 1718-09-2026 00:29:34 [38;5;009m[ERROR]: [0mThis is a error message from thread 1118-09-2026 00:29:34 [38;5;009m[ERROR]: [0mThis is a error message from thread 118-09-2026 00:29:34 [38;5;015m[INFO]: [0mThis is a info message from thread 1418-09-2026 00:29:34 [38;5;117m[DEBUG]: [0mThis is a debug message from thread 2918-09-2026 00:29:34 [38;5;117m[DEBUG]: [0mThis is a debug message from thread 718-09-2026 00:29:34 [38;5;015m[INFO]: [0mThis is a info message from thread 218-09-2026 00:29:34 [38;5;117m[DEBUG]: [0mThis is a debug message from thread 2818-09-2026 00:29:34 [38;5;015m[INFO]: [0mThis is a info message from thread 2818-09-2026 00:29:34 [38;5;009m[ERROR]: [0mThis is a error message from thread 1418-09-2026 00:29:34 [38;5;117m[DEBUG]: [0mThis is a debug message from thread 1718-09-2026 00:29:34 [38;5;117m[DEBUG]: [0mThis is a debug message from thread 1418-09-2026 00:29:34 [38;5;015m[INFO]: [0mThis is a info message from thread 1018-09-2026 00:29:34 [38;5;015m[INFO]: [0mThis is a info message from thread 1518-09-2026 00:29:34 [38;5;009m[ERROR]: [0mThis is a error message from thread 2818-09-2026 00:29:34 [38;5;117m[DEBUG]: [0mThis is a debug message from thread 118-09-2026 00:29:34 [38;5;015m[INFO]: [0mThis is a info message from thread 1418-09-2026 00:29:34 [38;5;117m[DEBUG]: [0mThis is a debug message from thread 1118-09-2026 00:29:34 [38;5;015m[INFO]: [0mThis is a info message from thread 1718-09-2026 00:29:34 [38;5;009m[ERROR]: [0mThis is a error message from thread 1018-09-2026 00:29:34 [38;5;009m[ERROR]: [0mThis is a error message from thread 1518-09-2026 00:29:34 [38;5;009m[ERROR]: [0mThis is a error message from thread 1418-09-2026 00:29:34 [38;5;117m[DEBUG]: [0mThis is a debug message from thread 1618-09-2026 00:29:34 [38;5;117m[DEBUG]: [0mThis is a debug message from thread 318-09-2026 00:29:34 [38;5;015m[INFO]: [0mThis is a info message from thread 718-09-2026 00:29:34 [38;5;117m[DEBUG]: [0mThis is a debug message from thread 2718-09-2026 00:29:34 [38;5;009m[ERROR]: [0mThis is a error message from thread 2218-09-2026 00:29:34 [38;5;117m[DEBUG]: [0mThis is a debug message from thread 918-09-2026 00:29:34 [38;5;015m[INFO]: [0mThis is a info message from thread 1118-09-2026 00:29:34 [38;5;117m[DEBUG]: [0mThis is a debug message from thread 618-09-2026 00:29:34 [38;5;015m[INFO]: [0mThis is a info message from thread 1218-09-2026 00:29:34 [38;5;117m[DEBUG]: [0mThis is a debug message from thread 1418-09-2026 00:29:34 [38;5;015m[INFO]: [0mThis is a info message from thread 318-09-2026 00:29:34 [38;5;009m[ERROR]: [0mThis is a error message from thread 1218-09-2026 00:29:34 [38;5;015m[INFO]: [0mThis is a info message from thread 618-09-2026 00:29:34 [38;5;117m[DEBUG]: [0mThis is a debug message from thread 1018-09-2026 00:29:34 [38;5;009m[ERROR]: [0mThis is a error message from thread 718-09-2026 00:29:34 [38;5;117m[DEBUG]: [0mThis is a debug message from thread 1218-09-2026 00:29:34 [38;5;009m[ERROR]: [0mThis is a error message from thread 318-09-2026 00:29:34 [38;5;015m[INFO]: [0mThis is a info message from thread 2418-09-2026 00:29:34 [38;5;015m[INFO]: [0mThis is a info message from thread 1218-09-2026 00:29:34 [38;5;009m[ERROR]: [0mThis is a error message from thread 1718-09-2026 00:29:34 [38;5;015m[INFO]: [0mThis is a info message from thread 2718-09-2026 00:29:34 [38;5;015m[INFO]: [0mThis is a info message from thread 1418-09-2026 00:29:34 [38;5;015m[INFO]: [0mThis is a info message from thread 2918-09-2026 00:29:34 [38;5;009m[ERROR]: [0mThis is a error message from thread 1218-09-2026 00:29:34 [38;5;009m[ERROR]: [0mThis is a error message from thread 018-09-2026 00:29:34 [38;5;009m[ERROR]: [0mThis is a error message from thread 1118-09-2026 00:29:34 [38;5;117m[DEBUG]: [0mThis is a debug message from thread 1218-09-2026 00:29:34 [38;5;015m[INFO]: [0mThis is a info message from thread 1018-09-2026 00:29:34 [38;5;015m[INFO]: [0mThis is a info message from thread 1218-09-2026 00:29:34 [38;5;117m[DEBUG]: [0mThis is a debug message from thread 318-09-2026 00:29:34 [38;5;117m[DEBUG]: [0mThis is a debug message from thread 1718-09-2026 00:29:34 [38;5;009m[ERROR]: [0mThis is a error message from thread 1218-09-2026 00:29:34 [38;5;009m[ERROR]: [0mThis is a error message from thread 2918-09-2026 00:29:34 [38;5;117m[DEBUG]: [0mThis is a debug message from thread 1318-09-2026 00:29:34 [38;5;117m[DEBUG]: [0mThis is a debug message from thread 718-09-2026 00:29:34 [38;5;009m[ERROR]: [0mThis is a error message from thread 2518-09-2026 00:29:34 [38;5;117m[DEBUG]: [0mThis is a debug message from thread 018-09-2026 00:29:34 [38;5;117m[DEBUG]: [0mThis is a debug message from thread 1218-09-2026 00:29:34 [38;5;009m[ERROR]: [0mThis is a error message from thread 2718-09-2026 00:29:34 [38;5;117m[DEBUG]: [0mThis is a debug message from thread 2518-09-2026 00:29:34 [38;5;015m[INFO]: [0mThis is a info message from thread 1318-09-2026 00:29:34 [38;5;015m[INFO]: [0mThis is a info message from thread 2518-09-2026 00:29:34 [38;5;015m[INFO]: [0mThis is a info message from thread 1218-09-2026 00:29:34 [38;5;009m[ERROR]: [0mThis is a error message from thread 1418-09-2026 00:29:34 [38;5;015m[INFO]: [0mThis is a info message from thread 718-09-2026 00:29:34 [38;5;117m[DEBUG]: [0mThis is a debug message from thread 2918-09-2026 00:29:34 [38;5;117m[DEBUG]: [0mThis is a debug message from thread 2018-09-2026 00:29:34 [38;5;009m[ERROR]: [0mThis is a error message from thread 2518-09-2026 00:29:34 [38;5;117m[DEBUG]: [0mThis is a debug message from thread 2818-09-2026 00:29:34 [38;5;009m[ERROR]: [0mThis is a error message from thread 718-09-2026 00:29:34 [38;5;009m[ERROR]: [0mThis is a error message from thread 2118-09-2026 00:29:34 [38;5;117m[DEBUG]: [0mThis is a debug message from thread 1418-09-2026 00:29:34 [38;5;009m[ERROR]: [0mThis is a error message from thread 418-09-2026 00:29:34 [38;5;117m[DEBUG]: [0mThis is a debug message from thread 1918-09-2026 00:29:34 [38;5;015m[INFO]: [0mThis is a info message from thread 1718-09-2026 00:29:34 [38;5;015m[INFO]: [0mThis is a info message from thread 1918-09-2026 00:29:34 [38;5;009m[ERROR]: [0mThis is a error message from thread 1318-09-2026 00:29:34 [38;5;117m[DEBUG]: [0mThis is a debug message from thread 818-09-2026 00:29:34 [38;5;015m[INFO]: [0mThis is a info message from thread 1618-09-2026 00:29:34 [38;5;015m[INFO]: [0mThis is a info message from thread 1418-09-2026 00:29:34 [38;5;117m[DEBUG]: [0mThis is a debug message from thread 2518-09-2026 00:29:34 [38;5;117m[DEBUG]: [0mThis is a debug message from thread 2718-09-2026 00:29:34 [38;5;015m[INFO]: [0mThis is a info message from thread 818-09-2026 00:29:34 [38;5;117m[DEBUG]: [0mThis is a debug message from thread 1818-09-2026 00:29:34 [38;5;009m[ERROR]: [0mThis is a error message from thread 618-09-2026 00:29:34 [38;5;015m[INFO]: [0mThis is a info message from thread 2918-09-2026 00:29:34 [38;5;009m[ERROR]: [0mThis is a error message from thread 818-09-2026 00:29:34 [38;5;009m[ERROR]: [0mThis is a error message from thread 1918-09-2026 00:29:34 [38;5;015m[INFO]: [0mThis is a info message from thread 2718-09-2026 00:29:34 [38;5;117m[DEBUG]: [0mThis is a debug message from thread 1318-09-2026 00:29:34 [38;5;117m[DEBUG]: [0mThis is a debug message from thread 618-09-2026 00:29:34 [38;5;015m[INFO]: [0mThis is a info message from thread 618-09-2026 00:29:34 [38;5;015m[INFO]: [0mThis is a info message from thread 2518-09-2026 00:29:34 [38;5;009m[ERROR]: [0mThis is a error message from thread 1418-09-2026 00:29:34 [38;5;015m[INFO]: [0mThis is a info message from thread 1318-09-2026 00:29:34 [38;5;009m[ERROR]: [0mThis is a error message from thread 2918-09-2026 00:29:34 [38;5;117m[DEBUG]: [0mThis is a debug message from thread 818-09-2026 00:29:34 [38;5;009m[ERROR]: [0mThis is a error message from thread 618-09-2026 00:29:34 [38;5;009m[ERROR]: [0mThis is a error message from thread 2518-09-2026 00:29:34 [38;5;117m[DEBUG]: [0mThis is a debug message from thread 1418-09-2026 00:29:34 [38;5;015m[INFO]: [0mThis is a info message from thread 1818-09-2026 00:29:34 [38;5;009m[ERROR]: [0mThis is a error message from thread 2718-09-2026 00:29:34 [38;5;117m[DEBUG]: [0mThis is a debug message from thread 2918-09-2026 00:29:34 [38;5;015m[INFO]: [0mThis is a info message from thread 318-09-2026 00:29:34 [38;5;009m[ERROR]: [0mThis is a error message from thread 1018-09-2026 00:29:34 [38;5;009m[ERROR]: [0mThis is a error message from thread 1318-09-2026 00:29:34 [38;5;117m[DEBUG]: [0mThis is a debug message from thread 1918-09-2026 00:29:34 [38;5;015m[INFO]: [0mThis is a info message from thread 2918-09-2026 00:29:34 [38;5;015m[INFO]: [0mThis is a info message from thread 2818-09-2026 00:29:34 [38;5;009m[ERROR]: [0mThis is a error message from thread 1718-09-2026 00:29:34 [38;5;117m[DEBUG]: [0mThis is a debug message from thread 2718-09-2026 00:29:34 [38;5;117m[DEBUG]: [0mThis is a debug message from thread 2218-09-2026 00:29:34 [38;5;015m[INFO]: [0mThis is a info message from thread 918-09-2026 00:29:34 [38;5;117m[DEBUG]: [0mThis is a debug message from thread 718-09-2026 00:29:34 [38;5;117m[DEBUG]: [0mThis is a debug message from thread 1018-09-2026 00:29:34 [38;5;117m[DEBUG]: [0mThis is a debug message from thread 1318-09-2026 00:29:34 [38;5;117m[DEBUG]: [0mThis is a debug message from thread 1118-09-2026 00:29:34 [38;5;015m[INFO]: [0mThis is a info message from thread 518-09-2026 00:29:34 [38;5;117m[DEBUG]: [0mThis is a debug message from thread 1518-09-2026 00:29:34 [38;5;015m[INFO]: [0mThis is a info message from thread 2018-09-2026 00:29:34 [38;5;015m[INFO]: [0mThis is a info message from thread 2718-09-2026 00:29:34 [38;5;009m[ERROR]: [0mThis is a error message from thread 1618-09-2026 00:29:34 [38;5;009m[ERROR]: [0mThis is a error message from thread 2418-09-2026 00:29:34 [38;5;117m[DEBUG]: [0mThis is a debug message from thread 2118-09-2026 00:29:34 [38;5;015m[INFO]: [0mThis is a info message from thread 818-09-2026 00:29:34 [38;5;009m[ERROR]: [0mThis is a error message from thread 318-09-2026 00:29:34 [38;5;117m[DEBUG]: [0mThis is a debug message from thread 2318-09-2026 00:29:34 [38;5;015m[INFO]: [0mThis is a info message from thread 1518-09-2026 00:29:34 [38;5;009m[ERROR]: [0mThis is a error message from thread 218-09-2026 00:29:34 [38;5;015m[INFO]: [0mThis is a info message from thread 1418-09-2026 00:29:34 [38;5;117m[DEBUG]: [0mThis is a debug message from thread 1618-09-2026 00:29:34 [38;5;117m[DEBUG]: [0mThis is a debug message from thread 618-09-2026 00:29:34 [38;5;117m[DEBUG]: [0mThis is a debug message from thread 218-09-2026 00:29:34 [38;5;015m[INFO]: [0mThis is a info message from thread 118-09-2026 00:29:34 [38;5;117m[DEBUG]: [0mThis is a debug message from thread 418-09-2026 00:29:34 [38;5;009m[ERROR]: [0mThis is a error message from thread 818-09-2026 00:29:34 [38;5;009m[ERROR]: [0mThis is a error message from thread 2918-09-2026 00:29:34 [38;5;009m[ERROR]: [0mThis is a error message from thread 2818-09-2026 00:29:34 [38;5;015m[INFO]: [0mThis is a info message from thread 2318-09-2026 00:29:34 [38;5;117m[DEBUG]: [0mThis is a debug message from thread 2918-09-2026 00:29:34 [38;5;015m[INFO]: [0mThis is a info message from thread 2918-09-2026 00:29:34 [38;5;015m[INFO]: [0mThis is a info message from thread 418-09-2026 00:29:34 [38;5;009m[ERROR]: [0mThis is a error message from thread 2318-09-2026 00:29:34 [38;5;015m[INFO]: [0mThis is a info message from thread 1618-09-2026 00:29:34 [38;5;117m[DEBUG]: [0mThis is a debug message from thread 318-09-2026 00:29:34 [38;5;117m[DEBUG]: [0mThis is a debug message from thread 2418-09-2026 00:29:34 [38;5;117m[DEBUG]: [0mThis is a debug message from thread 2318-09-2026 00:29:34 [38;5;009m[ERROR]: [0mThis is a error message from thread 418-09-2026 00:29:34 [38;5;117m[DEBUG]: [0mThis is a debug message from thread 2818-09-2026 00:29:34 [38;5;009m[ERROR]: [0mThis is a error message from thread 2918-09-2026 00:29:34 [38;5;015m[INFO]: [0mThis is a info message from thread 2318-09-2026 00:29:34 [38;5;015m[INFO]: [0mThis is a info message from thread 2418-09-2026 00:29:34 [38;5;117m[DEBUG]: [0mThis is a debug message from thread 818-09-2026 00:29:34 [38;5;009m[ERROR]: [0mThis is a error message from thread 2318-09-2026 00:29:34 [38;5;009m[ERROR]: [0mThis is a error message from thread 118-09-2026 00:29:34 [38;5;117m[DEBUG]: [0mThis is a debug message from thread 118-09-2026 00:29:34 [38;5;117m[DEBUG]: [0mThis is a debug message from thread 418-09-2026 00:29:34 [38;5;015m[INFO]: [0mThis is a info message from thread 718-09-2026 00:29:34 [38;5;015m[INFO]: [0mThis is a info message from thread 2818-09-2026 00:29:34 [38;5;015m[INFO]: [0mThis is a info message from thread 318-09-2026 00:29:34 [38;5;009m[ERROR]: [0mThis is a error message from thread 518-09-2026 00:29:34 [38;5;015m[INFO]: [0mThis is a info message from thread 2118-09-2026 00:29:34 [38;5;117m[DEBUG]: [0mThis is a debug message from thread 1718-09-2026 00:29:34 [38;5;009m[ERROR]: [0mThis is a error message from thread 2118-09-2026 00:29:34 [38;5;009m[ERROR]: [0mThis is a error message from thread 1618-09-2026 00:29:34 [38;5;009m[ERROR]: [0mThis is a error message from thread 2818-09-2026 00:29:34 [38;5;117m[DEBUG]: [0mThis is a debug message from thread 2118-09-2026 00:29:34 [38;5;009m[ERROR]: [0mThis is a error message from thread 2418-09-2026 00:29:34 [38;5;009m[ERROR]: [0mThis is a error message from thread 1418-09-2026 00:29:34 [38;5;117m[DEBUG]: [0mThis is a debug message from thread 2518-09-2026 00:29:34 [38;5;015m[INFO]: [0mThis is a info message from thread 118-09-2026 00:29:34 [38;5;117m[DEBUG]: [0mThis is a debug message from thread 2618-09-2026 00:29:34 [38;5;117m[DEBUG]: [0mThis is a debug message from thread 1618-09-2026 00:29:34 [38;5;009m[ERROR]: [0mThis is a error message from thread 318-09-2026 00:29:34 [38;5;015m[INFO]: [0mThis is a info message from thread 418-09-2026 00:29:34 [38;5;015m[INFO]: [0mThis is a info message from thread 1618-09-2026 00:29:34 [38;5;117m[DEBUG]: [0mThis is a debug message from thread 518-09-2026 00:29:34 [38;5;015m[INFO]: [0mThis is a info message from thread 1718-09-2026 00:29:34 [38;5;117m[DEBUG]: [0mThis is a debug message from thread 2818-09-2026 00:29:34 [38;5;015m[INFO]: [0mThis is a info message from thread 2118-09-2026 00:29:34 [38;5;117m[DEBUG]: [0mThis is a debug message from thread 1418-09-2026 00:29:34 [38;5;009m[ERROR]: [0mThis is a error message from thread 1218-09-2026 00:29:34 [38;5;015m[INFO]: [0mThis is a info message from thread 2218-09-2026 00:29:34 [38;5;009m[ERROR]: [0mThis is a error message from thread 2118-09-2026 00:29:34 [38;5;015m[INFO]: [0mThis is a info message from thread 2518-09-2026 00:29:34 [38;5;009m[ERROR]: [0mThis is a error message from thread 1618-09-2026 00:29:34 [38;5;117m[DEBUG]: [0mThis is a debug message from thread 318-09-2026 00:29:34 [38;5;009m[ERROR]: [0mThis is a error message from thread 1718-09-2026 00:29:34 [38;5;015m[INFO]: [0mThis is a info message from thread 1418-09-2026 00:29:34 [38;5;117m[DEBUG]: [0mThis is a debug message from thread 1718-09-2026 00:29:34 [38;5;009m[ERROR]: [0mThis is a error message from thread 2518-09-2026 00:29:34 [38;5;015m[INFO]: [0mThis is a info message from thread 018-09-2026 00:29:34 [38;5;009m[ERROR]: [0mThis is a error message from thread 018-09-2026 00:29:34 [38;5;009m[ERROR]: [0mThis is a error message from thread 118-09-2026 00:29:34 [38;5;009m[ERROR]: [0mThis is a error message from thread 1418-09-2026 00:29:34 [38;5;117m[DEBUG]: [0mThis is a debug message from thread 1218-09-2026 00:29:34 [38;5;015m[INFO]: [0mThis is a info message from thread 2818-09-2026 00:29:34 [38;5;009m[ERROR]: [0mThis is a error message from thread 1518-09-2026 00:29:34 [38;5;015m[INFO]: [0mThis is a info message from thread 218-09-2026 00:29:34 [38;5;117m[DEBUG]: [0mThis is a debug message from thread 1418-09-2026 00:29:34 [38;5;015m[INFO]: [0mThis is a info message from thread 1418-09-2026 00:29:34 [38;5;015m[INFO]: [0mThis is a info message from thread 1718-09-2026 00:29:34 [38;5;117m[DEBUG]: [0mThis is a debug message from thread 1618-09-2026 00:29:34 [38;5;015m[INFO]: [0mThis is a info message from thread 1218-09-2026 00:29:34 [38;5;009m[ERROR]: [0mThis is a error message from thread 218-09-2026 00:29:34 [38;5;117m[DEBUG]: [0mThis is a debug message from thread 2518-09-2026 00:29:34 [38;5;009m[ERROR]: [0mThis is a error message from thread 2818-09-2026 00:29:34 [38;5;015m[INFO]: [0mThis is a info message from thread 1618-09-2026 00:29:34 [38;5;117m[DEBUG]: [0mThis is a debug message from thread 1518-09-2026 00:29:34 [38;5;009m[ERROR]: [0mThis is a error message from thread 1618-09-2026 00:29:34 [38;5;015m[INFO]: [0mThis is a info message from thread 2518-09-2026 00:29:34 [38;5;009m[ERROR]: [0mThis is a error message from thread 1418-09-2026 00:29:34 [38;5;009m[ERROR]: [0mThis is a error message from thread 1718-09-2026 00:29:34 [38;5;015m[INFO]: [0mThis is a info message from thread 618-09-2026 00:29:34 [38;5;117m[DEBUG]: [0mThis is a debug message from thread 1418-09-2026 00:29:34 [38;5;117m[DEBUG]: [0mThis is a debug message from thread 1618-09-2026 00:29:34 [38;5;117m[DEBUG]: [0mThis is a debug message from thread 018-09-2026 00:29:34 [38;5;117m[DEBUG]: [0mThis is a debug message from thread 218-09-2026 00:29:34 [38;5;015m[INFO]: [0mThis is a info message from thread 018-09-2026 00:29:34 [38;5;015m[INFO]: [0mThis is a info message from thread 1518-09-2026 00:29:34 [38;5;009m[ERROR]: [0mThis is a error message from thread 2518-09-2026 00:29:34 [38;5;015m[INFO]: [0mThis is a info message from thread 1918-09-2026 00:29:34 [38;5;015m[INFO]: [0mThis is a info message from thread 518-09-2026 00:29:34 [38;5;117m[DEBUG]: [0mThis is a debug message from thread 2118-09-2026 00:29:34 [38;5;009m[ERROR]: [0mThis is a error message from thread 618-09-2026 00:29:34 [38;5;117m[DEBUG]: [0mThis is a debug message from thread 2918-09-2026 00:29:34 [38;5;009m[ERROR]: [0mThis is a error message from thread 1518-09-2026 00:29:34 [38;5;015m[INFO]: [0mThis is a info message from thread 2918-09-2026 00:29:34 [38;5;117m[DEBUG]: [0mThis is a debug message from thread 2518-09-2026 00:29:34 [38;5;015m[INFO]: [0mThis is a info message from thread 1618-09-2026 00:29:34 [38;5;015m[INFO]: [0mThis is a info message from thread 2118-09-2026 00:29:34 [38;5;009m[ERROR]: [0mThis is a error message from thread 1818-09-2026 00:29:34 [38;5;015m[INFO]: [0mThis is a info message from thread 218-09-2026 00:29:34 [38;5;117m[DEBUG]: [0mThis is a debug message from thread 1518-09-2026 00:29:34 [38;5;009m[ERROR]: [0mThis is a error message from thread 518-09-2026 00:29:34 [38;5;015m[INFO]: [0mThis is a info message from thread 2618-09-2026 00:29:34 [38;5;009m[ERROR]: [0mThis is a error message from thread 2118-09-2026 00:29:34 [38;5;009m[ERROR]: [0mThis is a error message from thread 1918-09-2026 00:29:34 [38;5;009m[ERROR]: [0mThis is a error message from thread 218-09-2026 00:29:34 [38;5;117m[DEBUG]: [0mThis is a debug message from thread 1818-09-2026 00:29:34 [38;5;015m[INFO]: [0mThis is a info message from thread 1418-09-2026 00:29:34 [38;5;009m[ERROR]: [0mThis is a error message from thread 018-09-2026 00:29:34 [38;5;015m[INFO]: [0mThis is a info message from thread 1518-09-2026 00:29:34 [38;5;009m[ERROR]: [0mThis is a error message from thread 1418-09-2026 00:29:34 [38;5;117m[DEBUG]: [0mThis is a debug message from thread 1918-09-2026 00:29:34 [38;5;117m[DEBUG]: [0mThis is a debug message from thread 2118-09-2026 00:29:34 [38;5;117m[DEBUG]: [0mThis is a debug message from thread 018-09-2026 00:29:34 [38;5;015m[INFO]: [0mThis is a info message from thread 1818-09-2026 00:29:34 [38;5;117m[DEBUG]: [0mThis is a debug message from thread 1418-09-2026 00:29:34 [38;5;009m[ERROR]: [0mThis is a error message from thread 1518-09-2026 00:29:34 [38;5;117m[DEBUG]: [0mThis is a debug message from thread 2318-09-2026 00:29:34 [38;5;015m[INFO]: [0mThis is a info message from thread 1418-09-2026 00:29:34 [38;5;015m[INFO]: [0mThis is a info message from thread 1918-09-2026 00:29:34 [38;5;117m[DEBUG]: [0mThis is a debug message from thread 1518-09-2026 00:29:34 [38;5;009m[ERROR]: [0mThis is a error message from thread 1818-09-2026 00:29:34 [38;5;015m[INFO]: [0mThis is a info message from thread 018-09-2026 00:29:34 [38;5;009m[ERROR]: [0mThis is a error message from thread 1918-09-2026 00:29:34 [38;5;117m[DEBUG]: [0mThis is a debug message from thread 1918-09-2026 00:29:34 [38;5;015m[INFO]: [0mThis is a info message from thread 2118-09-2026 00:29:34 [38;5;009m[ERROR]: [0mThis is a error message from thread 2618-09-2026 00:29:34 [38;5;015m[INFO]: [0mThis is a info message from thread 1918-09-2026 00:29:34 [38;5;117m[DEBUG]: [0mThis is a debug message from thread 518-09-2026 00:29:34 [38;5;009m[ERROR]: [0mThis is a error message from thread 1418-09-2026 00:29:34 [38;5;009m[ERROR]: [0mThis is a error message from thread 1918-09-2026 00:29:34 [38;5;117m[DEBUG]: [0mThis is a debug message from thread 1918-09-2026 00:29:34 [38;5;009m[ERROR]: [0mThis is a error message from thread 2118-09-2026 00:29:34 [38;5;015m[INFO]: [0mThis is a info message from thread 1918-09-2026 00:29:34 [38;5;117m[DEBUG]: [0mThis is a debug message from thread 1418-09-2026 00:29:34 [38;5;009m[ERROR]: [0mThis is a error message from thread 1218-09-2026 00:29:34 [38;5;117m[DEBUG]: [0mThis is a debug message from thread 2818-09-2026 00:29:34 [38;5;117m[DEBUG]: [0mThis is a debug message from thread 618-09-2026 00:29:34 [38;5;117m[DEBUG]: [0mThis is a debug message from thread 218-09-2026 00:29:34 [38;5;117m[DEBUG]: [0mThis is a debug message from thread 2118-09-2026 00:29:34 [38;5;117m[DEBUG]: [0mThis is a debug message from thread 2618-09-2026 00:29:34 [38;5;015m[INFO]: [0mThis is a info message from thread 1418-09-2026 00:29:34 [38;5;015m[INFO]: [0mThis is a info message from thread 1518-09-2026 00:29:34 [38;5;015m[INFO]: [0mThis is a info message from thread 218-09-2026 00:29:34 [38;5;015m[INFO]: [0mThis is a info message from thread 2618-09-2026 00:29:34 [38;5;117m[DEBUG]: [0mThis is a debug message from thread 2418-09-2026 00:29:34 [38;5;009m[ERROR]: [0mThis is a error message from thread 418-09-2026 00:29:34 [38;5;009m[ERROR]: [0mThis is a error message from thread 1418-09-2026 00:29:34 [38;5;009m[ERROR]: [0mThis is a error message from thread 2918-09-2026 00:29:34 [38;5;015m[INFO]: [0mThis is a info message from thread 2318-09-2026 00:29:34 [38;5;015m[INFO]: [0mThis is a info message from thread 618-09-2026 00:29:34 [38;5;009m[ERROR]: [0mThis is a error message from thread 1618-09-2026 00:29:34 [38;5;117m[DEBUG]: [0mThis is a debug message from thread 1418-09-2026 00:29:34 [38;5;015m[INFO]: [0mThis is a info message from thread 2518-09-2026 00:29:34 [38;5;009m[ERROR]: [0mThis is a error message from thread 718-09-2026 00:29:34 [38;5;009m[ERROR]: [0mThis is a error message from thread 2618-09-2026 00:29:34 [38;5;009m[ERROR]: [0mThis is a error message from thread 2518-09-2026 00:29:34 [38;5;117m[DEBUG]: [0mThis is a debug message from thread 1618-09-2026 00:29:34 [38;5;009m[ERROR]: [0mThis is a error message from thread 1918-09-2026 00:29:34 [38;5;015m[INFO]: [0mThis is a info message from thread 2418-09-2026 00:29:34 [38;5;009m[ERROR]: [0mThis is a error message from thread 2418-09-2026 00:29:34 [38;5;015m[INFO]: [0mThis is a info message from thread 2118-09-2026 00:29:34 [38;5;117m[DEBUG]: [0mThis is a debug message from thread 2918-09-2026 00:29:34 [38;5;117m[DEBUG]: [0mThis is a debug message from thread 2418-09-2026 00:29:34 [38;5;117m[DEBUG]: [0mThis is a debug message from thread 2518-09-2026 00:29:34 [38;5;009m[ERROR]: [0mThis is a error message from thread 1518-09-2026 00:29:34 [38;5;015m[INFO]: [0mThis is a info message from thread 1618-09-2026 00:29:34 [38;5;117m[DEBUG]: [0mThis is a debug message from thread 1918-09-2026 00:29:34 [38;5;015m[INFO]: [0mThis is a info message from thread 1418-09-2026 00:29:34 [38;5;009m[ERROR]: [0mThis is a error message from thread 2218-09-2026 00:29:34 [38;5;009m[ERROR]: [0mThis is a error message from thread 2118-09-2026 00:29:34 [38;5;009m[ERROR]: [0mThis is a error message from thread 1618-09-2026 00:29:34 [38;5;009m[ERROR]: [0mThis is a error message from thread 018-09-2026 00:29:34 [38;5;117m[DEBUG]: [0mThis is a debug message from thread 1718-09-2026 00:29:34 [38;5;117m[DEBUG]: [0mThis is a debug message from thread 718-09-2026 00:29:34 [38;5;015m[INFO]: [0mThis is a info message from thread 2518-09-2026 00:29:34 [38;5;117m[DEBUG]: [0mThis is a debug message from thread 2118-09-2026 00:29:34 [38;5;015m[INFO]: [0mThis is a info message from thread 1918-09-2026 00:29:34 [38;5;009m[ERROR]: [0mThis is a error message from thread 2718-09-2026 00:29:34 [38;5;117m[DEBUG]: [0mThis is a debug message from thread 1518-09-2026 00:29:34 [38;5;009m[ERROR]: [0mThis is a error message from thread 1918-09-2026 00:29:34 [38;5;117m[DEBUG]: [0mThis is a debug message from thread 1818-09-2026 00:29:34 [38;5;015m[INFO]: [0mThis is a info message from thread 1718-09-2026 00:29:34 [38;5;015m[INFO]: [0mThis is a info message from thread 1818-09-2026 00:29:34 [38;5;009m[ERROR]: [0mThis is a error message from thread 1818-09-2026 00:29:34 [38;5;117m[DEBUG]: [0mThis is a debug message from thread 1818-09-2026 00:29:34 [38;5;009m[ERROR]: [0mThis is a error message from thread 1718-09-2026 00:29:34 [38;5;015m[INFO]: [0mThis is a info message from thread 318-09-2026 00:29:34 [38;5;015m[INFO]: [0mThis is a info message from thread 2818-09-2026 00:29:34 [38;5;015m[INFO]: [0mThis is a info message from thread 1518-09-2026 00:29:34 [38;5;009m[ERROR]: [0mThis is a error message from thread 218-09-2026 00:29:34 [38;5;015m[INFO]: [0mThis is a info message from thread 718-09-2026 00:29:34 [38;5;015m[INFO]: [0mThis is a info message from thread 2418-09-2026 00:29:34 [38;5;117m[DEBUG]: [0mThis is a debug message from thread 218-09-2026 00:29:34 [38;5;117m[DEBUG]: [0mThis is a debug message from thread 418-09-2026 00:29:34 [38;5;117m[DEBUG]: [0mThis is a debug message from thread 1718-09-2026 00:29:34 [38;5;117m[DEBUG]: [0mThis is a debug message from thread 1218-09-2026 00:29:34 [38;5;015m[INFO]: [0mThis is a info message from thread 1818-09-2026 00:29:34 [38;5;009m[ERROR]: [0mThis is a error message from thread 2518-09-2026 00:29:34 [38;5;009m[ERROR]: [0mThis is a error message from thread 1518-09-2026 00:29:34 [38;5;009m[ERROR]: [0mThis is a error message from thread 2818-09-2026 00:29:34 [38;5;117m[DEBUG]: [0mThis is a debug message from thread 018-09-2026 00:29:34 [38;5;015m[INFO]: [0mThis is a info message from thread 1218-09-2026 00:29:34 [38;5;009m[ERROR]: [0mThis is a error message from thread 318-09-2026 00:29:34 [38;5;009m[ERROR]: [0mThis is a error message from thread 1818-09-2026 00:29:34 [38;5;117m[DEBUG]: [0mThis is a debug message from thread 1518-09-2026 00:29:34 [38;5;117m[DEBUG]: [0mThis is a debug message from thread 1818-09-2026 00:29:34 [38;5;015m[INFO]: [0mThis is a info message from thread 1718-09-2026 00:29:34 [38;5;117m[DEBUG]: [0mThis is a debug message from thread 318-09-2026 00:29:34 [38;5;015m[INFO]: [0mThis is a info message from thread 218-09-2026 00:29:34 [38;5;015m[INFO]: [0mThis is a info message from thread 1318-09-2026 00:29:34 [38;5;015m[INFO]: [0mThis is a info message from thread 1518-09-2026 00:29:34 [38;5;117m[DEBUG]: [0mThis is a debug message from thread 2818-09-2026 00:29:34 [38;5;117m[DEBUG]: [0mThis is a debug message from thread 2518-09-2026 00:29:34 [38;5;015m[INFO]: [0mThis is a info message from thread 2118-09-2026 00:29:34 [38;5;015m[INFO]: [0mThis is a info message from thread 1818-09-2026 00:29:34 [38;5;015m[INFO]: [0mThis is a info message from thread 2818-09-2026 00:29:34 [38;5;015m[INFO]: [0mThis is a info message from thread 318-09-2026 00:29:34 [38;5;009m[ERROR]: [0mThis is a error message from thread 218-09-2026 00:29:34 [38;5;015m[INFO]: [0mThis is a info message from thread 2518-09-2026 00:29:34 [38;5;009m[ERROR]: [0mThis is a error message from thread 1518-09-2026 00:29:34 [38;5;009m[ERROR]: [0mThis is a error message from thread 1218-09-2026 00:29:34 [38;5;117m[DEBUG]: [0mThis is a debug message from thread 218-09-2026 00:29:34 [38;5;015m[INFO]: [0mThis is a info message from thread 418-09-2026 00:29:34 [38;5;015m[INFO]: [0mThis is a info message from thread 518-09-2026 00:29:34 [38;5;009m[ERROR]: [0mThis is a error message from thread 1818-09-2026 00:29:34 [38;5;009m[ERROR]: [0mThis is a error message from thread 2418-09-2026 00:29:34 [38;5;009m[ERROR]: [0mThis is a error message from thread 1318-09-2026 00:29:34 [38;5;009m[ERROR]: [0mThis is a error message from thread 618-09-2026 00:29:34 [38;5;009m[ERROR]: [0mThis is a error message from thread 1418-09-2026 00:29:34 [38;5;117m[DEBUG]: [0mThis is a debug message from thread 1618-09-2026 00:29:34 [38;5;117m[DEBUG]: [0mThis is a debug message from thread 1818-09-2026 00:29:34 [38;5;117m[DEBUG]: [0mThis is a debug message from thread 2418-09-2026 00:29:34 [38;5;117m[DEBUG]: [0mThis is a debug message from thread 1318-09-2026 00:29:34 [38;5;015m[INFO]: [0mThis is a info message from thread 218-09-2026 00:29:34 [38;5;009m[ERROR]: [0mThis is a error message from thread 218-09-2026 00:29:34 [38;5;117m[DEBUG]: [0mThis is a debug message from thread 2218-09-2026 00:29:34 [38;5;009m[ERROR]: [0mThis is a error message from thread 2518-09-2026 00:29:34 [38;5;117m[DEBUG]: [0mThis is a debug message from thread 618-09-2026 00:29:34 [38;5;117m[DEBUG]: [0mThis is a debug message from thread 1418-09-2026 00:29:34 [38;5;117m[DEBUG]: [0mThis is a debug message from thread 2718-09-2026 00:29:34 [38;5;015m[INFO]: [0mThis is a info message from thread 2418-09-2026 00:29:34 [38;5;117m[DEBUG]: [0mThis is a debug message from thread 1518-09-2026 00:29:34 [38;5;015m[INFO]: [0mThis is a info message from thread 1618-09-2026 00:29:34 [38;5;015m[INFO]: [0mThis is a info message from thread 1518-09-2026 00:29:34 [38;5;117m[DEBUG]: [0mThis is a debug message from thread 2518-09-2026 00:29:34 [38;5;015m[INFO]: [0mThis is a info message from thread 2218-09-2026 00:29:34 [38;5;009m[ERROR]: [0mThis is a error message from thread 518-09-2026 00:29:34 [38;5;009m[ERROR]: [0mThis is a error message from thread 418-09-2026 00:29:34 [38;5;015m[INFO]: [0mThis is a info message from thread 1818-09-2026 00:29:34 [38;5;009m[ERROR]: [0mThis is a error message from thread 2218-09-2026 00:29:34 [38;5;117m[DEBUG]: [0mThis is a debug message from thread 118-09-2026 00:29:34 [38;5;015m[INFO]: [0mThis is a info message from thread 2918-09-2026 00:29:34 [38;5;009m[ERROR]: [0mThis is a error message from thread 2818-09-2026 00:29:34 [38;5;015m[INFO]: [0mThis is a info message from thread 1418-09-2026 00:29:34 [38;5;009m[ERROR]: [0mThis is a error message from thread 2918-09-2026 00:29:34 [38;5;009m[ERROR]: [0mThis is a error message from thread 1518-09-2026 00:29:34 [38;5;015m[INFO]: [0mThis is a info message from thread 2518-09-2026 00:29:34 [38;5;015m[INFO]: [0mThis is a info message from thread 118-09-2026 00:29:34 [38;5;117m[DEBUG]: [0mThis is a debug message from thread 518-09-2026 00:29:34 [38;5;117m[DEBUG]: [0mThis is a debug message from thread 2818-09-2026 00:29:34 [38;5;117m[DEBUG]: [0mThis is a debug message from thread 2918-09-2026 00:29:34 [38;5;009m[ERROR]: [0mThis is a error message from thread 1818-09-2026 00:29:34 [38;5;015m[INFO]: [0mThis is a info message from thread 2818-09-2026 00:29:34 [38;5;009m[ERROR]: [0mThis is a error message from thread 1418-09-2026 00:29:34 [38;5;117m[DEBUG]: [0mThis is a debug message from thread 1818-09-2026 00:29:34 [38;5;117m[DEBUG]: [0mThis is a debug message from thread 1418-09-2026 00:29:34 [38;5;117m[DEBUG]: [0mThis is a debug message from thread 2218-09-2026 00:29:34 [38;5;009m[ERROR]: [0mThis is a error message from thread 2818-09-2026 00:29:34 [38;5;015m[INFO]: [0mThis is a info message from thread 018-09-2026 00:29:34 [38;5;015m[INFO]: [0mThis is a info message from thread 1818-09-2026 00:29:34 [38;5;009m[ERROR]: [0mThis is a error message from thread 1618-09-2026 00:29:34 [38;5;009m[ERROR]: [0mThis is a error message from thread 918-09-2026 00:29:34 [38;5;015m[INFO]: [0mThis is a info message from thread 818-09-2026 00:29:34 [38;5;009m[ERROR]: [0mThis is a error message from thread 818-09-2026 00:29:34 [38;5;117m[DEBUG]: [0mThis is a debug message from thread 818-09-2026 00:29:34 [38;5;009m[ERROR]: [0mThis is a error message from thread 018-09-2026 00:29:34 [38;5;117m[DEBUG]: [0mThis is a debug message from thread 018-09-2026 00:29:34 [38;5;009m[ERROR]: [0mThis is a error message from thread 1818-09-2026 00:29:34 [38;5;015m[INFO]: [0mThis is a info message from thread 818-09-2026 00:29:34 [38;5;015m[INFO]: [0mThis is a info message from thread 2918-09-2026 00:29:34 [38;5;015m[INFO]: [0mThis is a info message from thread 518-09-2026 00:29:34 [38;5;009m[ERROR]: [0mThis is a error message from thread 518-09-2026 00:29:34 [38;5;117m[DEBUG]: [0mThis is a debug message from thread 1818-09-2026 00:29:34 [38;5;015m[INFO]: [0mThis is a info message from thread 1418-09-2026 00:29:34 [38;5;009m[ERROR]: [0mThis is a error message from thread 1418-09-2026 00:29:34 [38;5;015m[INFO]: [0mThis is a info message from thread 018-09-2026 00:29:34 [38;5;117m[DEBUG]: [0mThis is a debug message from thread 418-09-2026 00:29:34 [38;5;015m[INFO]: [0mThis is a info message from thread 2218-09-2026 00:29:34 [38;5;117m[DEBUG]: [0mThis is a debug message from thread 918-09-2026 00:29:34 [38;5;009m[ERROR]: [0mThis is a error message from thread 818-09-2026 00:29:34 [38;5;009m[ERROR]: [0mThis is a error message from thread 018-09-2026 00:29:34 [38;5;117m[DEBUG]: [0mThis is a debug message from thread 1218-09-2026 00:29:34 [38;5;117m[DEBUG]: [0mThis is a debug message from thread 1618-09-2026 00:29:34 [38;5;117m[DEBUG]: [0mThis is a debug message from thread 218-09-2026 00:29:34 [38;5;009m[ERROR]: [0mThis is a error message from thread 2918-09-2026 00:29:34 [38;5;015m[INFO]: [0mThis is a info message from thread 618-09-2026 00:29:34 [38;5;015m[INFO]: [0mThis is a info message from thread 1218-09-2026 00:29:34 [38;5;009m[ERROR]: [0mThis is a error message from thread 2218-09-2026 00:29:34 [38;5;015m[INFO]: [0mThis is a info message from thread 2718-09-2026 00:29:34 [38;5;009m[ERROR]: [0mThis is a error message from thread 2118-09-2026 00:29:34 [38;5;009m[ERROR]: [0mThis is a error message from thread 2318-09-2026 00:29:34 [38;5;117m[DEBUG]: [0mThis is a debug message from thread 2918-09-2026 00:29:34 [38;5;009m[ERROR]: [0mThis is a error message from thread 618-09-2026 00:29:34 [38;5;117m[DEBUG]: [0mThis is a debug message from thread 818-09-2026 00:29:34 [38;5;117m[DEBUG]: [0mThis is a debug message from thread 2218-09-2026 00:29:34 [38;5;117m[DEBUG]: [0mThis is a debug message from thread 1518-09-2026 00:29:34 [38;5;015m[INFO]: [0mThis is a info message from thread 418-09-2026 00:29:34 [38;5;009m[ERROR]: [0mThis is a error message from thread 118-09-2026 00:29:34 [38;5;009m[ERROR]: [0mThis is a error message from thread 318-09-2026 00:29:34 [38;5;015m[INFO]: [0mThis is a info message from thread 1518-09-2026 00:29:34 [38;5;117m[DEBUG]: [0mThis is a debug message from thread 618-09-2026 00:29:34 [38;5;117m[DEBUG]: [0mThis is a debug message from thread 2118-09-2026 00:29:34 [38;5;015m[INFO]: [0mThis is a info message from thread 918-09-2026 00:29:34 [38;5;009m[ERROR]: [0mThis is a error message from thread 1218-09-2026 00:29:34 [38;5;117m[DEBUG]: [0mThis is a debug message from thread 518-09-2026 00:29:34 [38;5;015m[INFO]: [0mThis is a info message from thread 618-09-2026 00:29:34 [38;5;015m[INFO]: [0mThis is a info message from thread 818-09-2026 00:29:34 [38;5;009m[ERROR]: [0mThis is a error message from thread 1518-09-2026 00:29:34 [38;5;009m[ERROR]: [0mThis is a error message from thread 818-09-2026 00:29:34 [38;5;015m[INFO]: [0mThis is a info message from thread 2118-09-2026 00:29:34 [38;5;117m[DEBUG]: [0mThis is a debug message from thread 1218-09-2026 00:29:34 [38;5;009m[ERROR]: [0mThis is a error message from thread 618-09-2026 00:29:34 [38;5;015m[INFO]: [0mThis is a info message from thread 518-09-2026 00:29:34 [38;5;015m[INFO]: [0mThis is a info message from thread 1018-09-2026 00:29:34 [38;5;117m[DEBUG]: [0mThis is a debug message from thread 618-09-2026 00:29:34 [38;5;009m[ERROR]: [0mThis is a error message from thread 2718-09-2026 00:29:34 [38;5;117m[DEBUG]: [0mThis is a debug message from thread 1518-09-2026 00:29:34 [38;5;117m[DEBUG]: [0mThis is a debug message from thread 818-09-2026 00:29:34 [38;5;015m[INFO]: [0mThis is a info message from thread 1218-09-2026 00:29:34 [38;5;117m[DEBUG]: [0mThis is a debug message from thread 2718-09-2026 00:29:34 [38;5;009m[ERROR]: [0mThis is a error message from thread 518-09-2026 00:29:34 [38;5;015m[INFO]: [0mThis is a info message from thread 1318-09-2026 00:29:34 [38;5;117m[DEBUG]: [0mThis is a debug message from thread 318-09-2026 00:29:34 [38;5;015m[INFO]: [0mThis is a info message from thread 618-09-2026 00:29:34 [38;5;009m[ERROR]: [0mThis is a error message from thread 1018-09-2026 00:29:34 [38;5;009m[ERROR]: [0mThis is a error message from thread 418-09-2026 00:29:34 [38;5;117m[DEBUG]: [0mThis is a debug message from thread 518-09-2026 00:29:34 [38;5;117m[DEBUG]: [0mThis is a debug message from thread 2818-09-2026 00:29:34 [38;5;117m[DEBUG]: [0mThis is a debug message from thread 2318-09-2026 00:29:34 [38;5;117m[DEBUG]: [0mThis is a debug message from thread 2618-09-2026 00:29:34 [38;5;009m[ERROR]: [0mThis is a error message from thread 1318-09-2026 00:29:34 [38;5;009m[ERROR]: [0mThis is a error message from thread 1218-09-2026 00:29:34 [38;5;009m[ERROR]: [0mThis is a error message from thread 1718-09-2026 00:29:34 [38;5;009m[ERROR]: [0mThis is a error message from thread 2018-09-2026 00:29:34 [38;5;015m[INFO]: [0mThis is a info message from thread 1618-09-2026 00:29:34 [38;5;015m[INFO]: [0mThis is a info message from thread 2918-09-2026 00:29:34 [38;5;015m[INFO]: [0mThis is a info message from thread 318-09-2026 00:29:34 [38;5;117m[DEBUG]: [0mThis is a debug message from thread 1918-09-2026 00:29:34 [38;5;015m[INFO]: [0mThis is a info message from thread 1918-09-2026 00:29:34 [38;5;117m[DEBUG]: [0mThis is a debug message from thread 1318-09-2026 00:29:34 [38;5;009m[ERROR]: [0mThis is a error message from thread 1618-09-2026 00:29:34 [38;5;015m[INFO]: [0mThis is a info message from thread 2618-09-2026 00:29:34 [38;5;015m[INFO]: [0mThis is a info message from thread 518-09-2026 00:29:34 [38;5;009m[ERROR]: [0mThis is a error message from thread 2518-09-2026 00:29:34 [38;5;117m[DEBUG]: [0mThis is a debug message from thread 1218-09-2026 00:29:34 [38;5;117m[DEBUG]: [0mThis is a debug message from thread 1618-09-2026 00:29:34 [38;5;117m[DEBUG]: [0mThis is a debug message from thread 1718-09-2026 00:29:34 [38;5;015m[INFO]: [0mThis is a info message from thread 1318-09-2026 00:29:34 [38;5;009m[ERROR]: [0mThis is a error message from thread 1918-09-2026 00:29:34 [38;5;009m[ERROR]: [0mThis is a error message from thread 618-09-2026 00:29:34 [38;5;009m[ERROR]: [0mThis is a error message from thread 2918-09-2026 00:29:34 [38;5;117m[DEBUG]: [0mThis is a debug message from thread 618-09-2026 00:29:34 [38;5;009m[ERROR]: [0mThis is a error message from thread 518-09-2026 00:29:34 [38;5;009m[ERROR]: [0mThis is a error message from thread 2418-09-2026 00:29:34 [38;5;009m[ERROR]: [0mThis is a error message from thread 1318-09-2026 00:29:34 [38;5;009m[ERROR]: [0mThis is a error message from thread 2618-09-2026 00:29:34 [38;5;009m[ERROR]: [0mThis is a error message from thread 718-09-2026 00:29:34 [38;5;015m[INFO]: [0mThis is a info message from thread 2318-09-2026 00:29:34 [38;5;015m[INFO]: [0mThis is a info message from thread 2218-09-2026 00:29:34 [38;5;117m[DEBUG]: [0mThis is a debug message from thread 2518-09-2026 00:29:34 [38;5;117m[DEBUG]: [0mThis is a debug message from thread 2618-09-2026 00:29:34 [38;5;117m[DEBUG]: [0mThis is a debug message from thread 2418-09-2026 00:29:34 [38;5;117m[DEBUG]: [0mThis is a debug message from thread 518-09-2026 00:29:34 [38;5;009m[ERROR]: [0mThis is a error message from thread 2118-09-2026 00:29:34 [38;5;009m[ERROR]: [0mThis is a error message from thread 2218-09-2026 00:29:34 [38;5;117m[DEBUG]: [0mThis is a debug message from thread 2918-09-2026 00:29:34 [38;5;015m[INFO]: [0mThis is a info message from thread 518-09-2026 00:29:34 [38;5;117m[DEBUG]: [0mThis is a debug message from thread 1318-09-2026 00:29:34 [38;5;117m[DEBUG]: [0mThis is a debug message from thread 1418-09-2026 00:29:34 [38;5;015m[INFO]: [0mThis is a info message from thread 1618-09-2026 00:29:34 [38;5;009m[ERROR]: [0mThis is a error message from thread 518-09-2026 00:29:34 [38;5;015m[INFO]: [0mThis is a info message from thread 1318-09-2026 00:29:34 [38;5;009m[ERROR]: [0mThis is a error message from thread 1618-09-2026 00:29:34 [38;5;015m[INFO]: [0mThis is a info message from thread 2618-09-2026 00:29:34 [38;5;117m[DEBUG]: [0mThis is a debug message from thread 518-09-2026 00:29:34 [38;5;015m[INFO]: [0mThis is a info message from thread 2918-09-2026 00:29:34 [38;5;015m[INFO]: [0mThis is a info message from thread 2418-09-2026 00:29:34 [38;5;117m[DEBUG]: [0mThis is a debug message from thread 2118-09-2026 00:29:34 [38;5;009m[ERROR]: [0mThis is a error message from thread 1318-09-2026 00:29:34 [38;5;117m[DEBUG]: [0mThis is a debug message from thread 718-09-2026 00:29:34 [38;5;015m[INFO]: [0mThis is a info message from thread 518-09-2026 00:29:34 [38;5;009m[ERROR]: [0mThis is a error message from thread 2618-09-2026 00:29:34 [38;5;009m[ERROR]: [0mThis is a error message from thread 2418-09-2026 00:29:34 [38;5;015m[INFO]: [0mThis is a info message from thread 818-09-2026 00:29:34 [38;5;117m[DEBUG]: [0mThis is a debug message from thread 2218-09-2026 00:29:34 [38;5;015m[INFO]: [0mThis is a info message from thread 718-09-2026 00:29:34 [38;5;117m[DEBUG]: [0mThis is a debug message from thread 1618-09-2026 00:29:34 [38;5;009m[ERROR]: [0mThis is a error message from thread 518-09-2026 00:29:34 [38;5;117m[DEBUG]: [0mThis is a debug message from thread 1018-09-2026 00:29:34 [38;5;117m[DEBUG]: [0mThis is a debug message from thread 2418-09-2026 00:29:34 [38;5;117m[DEBUG]: [0mThis is a debug message from thread 518-09-2026 00:29:34 [38;5;015m[INFO]: [0mThis is a info message from thread 2418-09-2026 00:29:34 [38;5;009m[ERROR]: [0mThis is a error message from thread 2918-09-2026 00:29:34 [38;5;117m[DEBUG]: [0mThis is a debug message from thread 418-09-2026 00:29:34 [38;5;009m[ERROR]: [0mThis is a error message from thread 818-09-2026 00:29:34 [38;5;015m[INFO]: [0mThis is a info message from thread 1018-09-2026 00:29:34 [38;5;015m[INFO]: [0mThis is a info message from thread 518-09-2026 00:29:34 [38;5;009m[ERROR]: [0mThis is a error message from thread 2418-09-2026 00:29:34 [38;5;009m[ERROR]: [0mThis is a error message from thread 718-09-2026 00:29:34 [38;5;117m[DEBUG]: [0mThis is a debug message from thread 818-09-2026 00:29:34 [38;5;015m[INFO]: [0mThis is a info message from thread 2818-09-2026 00:29:34 [38;5;117m[DEBUG]: [0mThis is a debug message from thread 2918-09-2026 00:29:34 [38;5;117m[DEBUG]: [0mThis is a debug message from thread 2418-09-2026 00:29:34 [38;5;117m[DEBUG]: [0mThis is a debug message from thread 2618-09-2026 00:29:34 [38;5;009m[ERROR]: [0mThis is a error message from thread 518-09-2026 00:29:34 [38;5;015m[INFO]: [0mThis is a info message from thread 818-09-2026 00:29:34 [38;5;009m[ERROR]: [0mThis is a error message from thread 2818-09-2026 00:29:34 [38;5;015m[INFO]: [0mThis is a info message from thread 2618-09-2026 00:29:34 [38;5;117m[DEBUG]: [0mThis is a debug message from thread 718-09-2026 00:29:34 [38;5;015m[INFO]: [0mThis is a info message from thread 418-09-2026 00:29:34 [38;5;117m[DEBUG]: [0mThis is a debug message from thread 2818-09-2026 00:29:34 [38;5;117m[DEBUG]: [0mThis is a debug message from thread 2018-09-2026 00:29:34 [38;5;009m[ERROR]: [0mThis is a error message from thread 1018-09-2026 00:29:34 [38;5;015m[INFO]: [0mThis is a info message from thread 2018-09-2026 00:29:34 [38;5;015m[INFO]: [0mThis is a info message from thread 2818-09-2026 00:29:34 [38;5;015m[INFO]: [0mThis is a info message from thread 2918-09-2026 00:29:34 [38;5;009m[ERROR]: [0mThis is a error message from thread 418-09-2026 00:29:34 [38;5;015m[INFO]: [0mThis is a info message from thread 718-09-2026 00:29:34 [38;5;117m[DEBUG]: [0mThis is a debug message from thread 1318-09-2026 00:29:34 [38;5;117m[DEBUG]: [0mThis is a debug message from thread 1018-09-2026 00:29:34 [38;5;015m[INFO]: [0mThis is a info message from thread 2418-09-2026 00:29:34 [38;5;009m[ERROR]: [0mThis is a error message from thread 2018-09-2026 00:29:34 [38;5;117m[DEBUG]: [0mThis is a debug message from thread 418-09-2026 00:29:34 [38;5;009m[ERROR]: [0mThis is a error message from thread 818-09-2026 00:29:34 [38;5;117m[DEBUG]: [0mThis is a debug message from thread 2018-09-2026 00:29:34 [38;5;009m[ERROR]: [0mThis is a error message from thread 718-09-2026 00:29:34 [38;5;117m[DEBUG]: [0mThis is a debug message from thread 818-09-2026 00:29:34 [38;5;009m[ERROR]: [0mThis is a error message from thread 318-09-2026 00:29:34 [38;5;015m[INFO]: [0mThis is a info message from thread 418-09-2026 00:29:34 [38;5;009m[ERROR]: [0mThis is a error message from thread 2618-09-2026 00:29:34 [38;5;009m[ERROR]: [0mThis is a error message from thread 2418-09-2026 00:29:34 [38;5;015m[INFO]: [0mThis is a info message from thread 1318-09-2026 00:29:34 [38;5;015m[INFO]: [0mThis is a info message from thread 2518-09-2026 00:29:34 [38;5;015m[INFO]: [0mThis is a info message from thread 1418-09-2026 00:29:34 [38;5;015m[INFO]: [0mThis is a info message from thread 218-09-2026 00:29:34 [38;5;015m[INFO]: [0mThis is a info message from thread 2118-09-2026 00:29:34 [38;5;015m[INFO]: [0mThis is a info message from thread 1518-09-2026 00:29:34 [38;5;009m[ERROR]: [0mThis is a error message from thread 418-09-2026 00:29:34 [38;5;117m[DEBUG]: [0mThis is a debug message from thread 2418-09-2026 00:29:34 [38;5;015m[INFO]: [0mThis is a info message from thread 1618-09-2026 00:29:34 [38;5;009m[ERROR]: [0mThis is a error message from thread 918-09-2026 00:29:34 [38;5;117m[DEBUG]: [0mThis is a debug message from thread 418-09-2026 00:29:34 [38;5;117m[DEBUG]: [0mThis is a debug message from thread 318-09-2026 00:29:34 [38;5;009m[ERROR]: [0mThis is a error message from thread 1618-09-2026 00:29:34 [38;5;009m[ERROR]: [0mThis is a error message from thread 218-09-2026 00:29:34 [38;5;015m[INFO]: [0mThis is a info message from thread 2418-09-2026 00:29:34 [38;5;117m[DEBUG]: [0mThis is a debug message from thread 518-09-2026 00:29:34 [38;5;117m[DEBUG]: [0mThis is a debug message from thread 918-09-2026 00:29:34 [38;5;009m[ERROR]: [0mThis is a error message from thread 2118-09-2026 00:29:34 [38;5;117m[DEBUG]: [0mThis is a debug message from thread 1618-09-2026 00:29:34 [38;5;117m[DEBUG]: [0mThis is a debug message from thread 218-09-2026 00:29:34 [38;5;009m[ERROR]: [0mThis is a error message from thread 2518-09-2026 00:29:34 [38;5;015m[INFO]: [0mThis is a info message from thread 1618-09-2026 00:29:34 [38;5;015m[INFO]: [0mThis is a info message from thread 418-09-2026 00:29:34 [38;5;009m[ERROR]: [0mThis is a error message from thread 1618-09-2026 00:29:34 [38;5;117m[DEBUG]: [0mThis is a debug message from thread 2118-09-2026 00:29:34 [38;5;117m[DEBUG]: [0mThis is a debug message from thread 1618-09-2026 00:29:34 [38;5;015m[INFO]: [0mThis is a info message from thread 2118-09-2026 00:29:34 [38;5;009m[ERROR]: [0mThis is a error message from thread 418-09-2026 00:29:34 [38;5;015m[INFO]: [0mThis is a info message from thread 518-09-2026 00:29:34 [38;5;009m[ERROR]: [0mThis is a error message from thread 2818-09-2026 00:29:34 [38;5;117m[DEBUG]: [0mThis is a debug message from thread 2618-09-2026 00:29:34 [38;5;009m[ERROR]: [0mThis is a error message from thread 2118-09-2026 00:29:34 [38;5;009m[ERROR]: [0mThis is a error message from thread 518-09-2026 00:29:34 [38;5;117m[DEBUG]: [0mThis is a debug message from thread 2518-09-2026 00:29:34 [38;5;117m[DEBUG]: [0mThis is a debug message from thread 418-09-2026 00:29:34 [38;5;015m[INFO]: [0mThis is a info message from thread 1118-09-2026 00:29:34 [38;5;015m[INFO]: [0mThis is a info message from thread 918-09-2026 00:29:34 [38;5;015m[INFO]: [0mThis is a info message from thread 418-09-2026 00:29:34 [38;5;117m[DEBUG]: [0mThis is a debug message from thread 2118-09-2026 00:29:34 [38;5;015m[INFO]: [0mThis is a info message from thread 1618-09-2026 00:29:34 [38;5;117m[DEBUG]: [0mThis is a debug message from thread 718-09-2026 00:29:34 [38;5;015m[INFO]: [0mThis is a info message from thread 2018-09-2026 00:29:34 [38;5;009m[ERROR]: [0mThis is a error message from thread 1618-09-2026 00:29:34 [38;5;117m[DEBUG]: [0mThis is a debug message from thread 2818-09-2026 00:29:34 [38;5;009m[ERROR]: [0mThis is a error message from thread 2018-09-2026 00:29:34 [38;5;015m[INFO]: [0mThis is a info message from thread 2118-09-2026 00:29:34 [38;5;015m[INFO]: [0mThis is a info message from thread 2618-09-2026 00:29:34 [38;5;015m[INFO]: [0mThis is a info message from thread 1218-09-2026 00:29:34 [38;5;117m[DEBUG]: [0mThis is a debug message from thread 1918-09-2026 00:29:34 [38;5;117m[DEBUG]: [0mThis is a debug message from thread 018-09-2026 00:29:34 [38;5;009m[ERROR]: [0mThis is a error message from thread 2118-09-2026 00:29:34 [38;5;009m[ERROR]: [0mThis is a error message from thread 918-09-2026 00:29:34 [38;5;009m[ERROR]: [0mThis is a error message from thread 1218-09-2026 00:29:34 [38;5;015m[INFO]: [0mThis is a info message from thread 1818-09-2026 00:29:34 [38;5;117m[DEBUG]: [0mThis is a debug message from thread 118-09-2026 00:29:34 [38;5;015m[INFO]: [0mThis is a info message from thread 1918-09-2026 00:29:34 [38;5;009m[ERROR]: [0mThis is a error message from thread 418-09-2026 00:29:34 [38;5;009m[ERROR]: [0mThis is a error message from thread 1318-09-2026 00:29:34 [38;5;009m[ERROR]: [0mThis is a error message from thread 2418-09-2026 00:29:34 [38;5;117m[DEBUG]: [0mThis is a debug message from thread 2018-09-2026 00:29:34 [38;5;117m[DEBUG]: [0mThis is a debug message from thread 1218-09-2026 00:29:34 [38;5;009m[ERROR]: [0mThis is a error message from thread 1418-09-2026 00:29:34 [38;5;009m[ERROR]: [0mThis is a error message from thread 1918-09-2026 00:29:34 [38;5;117m[DEBUG]: [0mThis is a debug message from thread 2118-09-2026 00:29:34 [38;5;117m[DEBUG]: [0mThis is a debug message from thread 2418-09-2026 00:29:34 [38;5;015m[INFO]: [0mThis is a info message from thread 818-09-2026 00:29:34 [38;5;009m[ERROR]: [0mThis is a error message from thread 1118-09-2026 00:29:34 [38;5;117m[DEBUG]: [0mThis is a debug message from thread 918-09-2026 00:29:34 [38;5;015m[INFO]: [0mThis is a info message from thread 118-09-2026 00:29:34 [38;5;015m[INFO]: [0mThis is a info message from thread 2518-09-2026 00:29:34 [38;5;009m[ERROR]: [0mThis is a error message from thread 2918-09-2026 00:29:34 [38;5;015m[INFO]: [0mThis is a info message from thread 2418-09-2026 00:29:34 [38;5;015m[INFO]: [0mThis is a info message from thread 918-09-2026 00:29:34 [38;5;009m[ERROR]: [0mThis is a error message from thread 2318-09-2026 00:29:34 [38;5;117m[DEBUG]: [0mThis is a debug message from thread 2918-09-2026 00:29:34 [38;5;117m[DEBUG]: [0mThis is a debug message from thread 1118-09-2026 00:29:34 [38;5;015m[INFO]: [0mThis is a info message from thread 2718-09-2026 00:29:34 [38;5;009m[ERROR]: [0mThis is a error message from thread 2718-09-2026 00:29:34 [38;5;009m[ERROR]: [0mThis is a error message from thread 2418-09-2026 00:29:34 [38;5;015m[INFO]: [0mThis is a info message from thread 1118-09-2026 00:29:34 [38;5;009m[ERROR]: [0mThis is a error message from thread 918-09-2026 00:29:34 [38;5;015m[INFO]: [0mThis is a info message from thread 2918-09-2026 00:29:34 [38;5;015m[INFO]: [0mThis is a info message from thread 318-09-2026 00:29:34 [38;5;009m[ERROR]: [0mThis is a error message from thread 318-09-2026 00:29:34 [38;5;009m[ERROR]: [0mThis is a error message from thread 2918-09-2026 00:29:34 [38;5;117m[DEBUG]: [0mThis is a debug message from thread 2418-09-2026 00:29:34 [38;5;015m[INFO]: [0mThis is a info message from thread 2218-09-2026 00:29:34 [38;5;117m[DEBUG]: [0mThis is a debug message from thread 2318-09-2026 00:29:34 [38;5;015m[INFO]: [0mThis is a info message from thread 618-09-2026 00:29:34 [38;5;117m[DEBUG]: [0mThis is a debug message from thread 918-09-2026 00:29:34 [38;5;009m[ERROR]: [0mThis is a error message from thread 618-09-2026 00:29:34 [38;5;117m[DEBUG]: [0mThis is a debug message from thread 2918-09-2026 00:29:34 [38;5;009m[ERROR]: [0mThis is a error message from thread 118-09-2026 00:29:34 [38;5;015m[INFO]: [0mThis is a info message from thread 2318-09-2026 00:29:34 [38;5;015m[INFO]: [0mThis is a info message from thread 718-09-2026 00:29:34 [38;5;015m[INFO]: [0mThis is a info message from thread 2818-09-2026 00:29:34 [38;5;009m[ERROR]: [0mThis is a error message from thread 2218-09-2026 00:29:34 [38;5;009m[ERROR]: [0mThis is a error message from thread 2318-09-2026 00:29:34 [38;5;117m[DEBUG]: [0mThis is a debug message from thread 1618-09-2026 00:29:34 [38;5;009m[ERROR]: [0mThis is a error message from thread 2518-09-2026 00:29:34 [38;5;015m[INFO]: [0mThis is a info message from thread 018-09-2026 00:29:34 [38;5;009m[ERROR]: [0mThis is a error message from thread 1518-09-2026 00:29:34 [38;5;117m[DEBUG]: [0mThis is a debug message from thread 1518-09-2026 00:29:34 [38;5;117m[DEBUG]: [0mThis is a debug message from thread 2518-09-2026 00:29:34 [38;5;117m[DEBUG]: [0mThis is a debug message from thread 2218-09-2026 00:29:34 [38;5;015m[INFO]: [0mThis is a info message from thread 2518-09-2026 00:29:34 [38;5;015m[INFO]: [0mThis is a info message from thread 1018-09-2026 00:29:34 [38;5;117m[DEBUG]: [0mThis is a debug message from thread 318-09-2026 00:29:34 [38;5;015m[INFO]: [0mThis is a info message from thread 2018-09-2026 00:29:34 [38;5;015m[INFO]: [0mThis is a info message from thread 1518-09-2026 00:29:34 [38;5;015m[INFO]: [0mThis is a info message from thread 2918-09-2026 00:29:34 [38;5;117m[DEBUG]: [0mThis is a debug message from thread 2318-09-2026 00:29:34 [38;5;009m[ERROR]: [0mThis is a error message from thread 1518-09-2026 00:29:34 [38;5;009m[ERROR]: [0mThis is a error message from thread 1818-09-2026 00:29:34 [38;5;117m[DEBUG]: [0mThis is a debug message from thread 118-09-2026 00:29:34 [38;5;015m[INFO]: [0mThis is a info message from thread 918-09-2026 00:29:34 [38;5;015m[INFO]: [0mThis is a info message from thread 318-09-2026 00:29:34 [38;5;009m[ERROR]: [0mThis is a error message from thread 2518-09-2026 00:29:34 [38;5;009m[ERROR]: [0mThis is a error message from thread 2918-09-2026 00:29:34 [38;5;015m[INFO]: [0mThis is a info message from thread 1218-09-2026 00:29:34 [38;5;117m[DEBUG]: [0mThis is a debug message from thread 518-09-2026 00:29:34 [38;5;015m[INFO]: [0mThis is a info message from thread 1618-09-2026 00:29:34 [38;5;009m[ERROR]: [0mThis is a error message from thread 2018-09-2026 00:29:34 [38;5;015m[INFO]: [0mThis is a info message from thread 2318-09-2026 00:29:34 [38;5;117m[DEBUG]: [0mThis is a debug message from thread 1818-09-2026 00:29:34 [38;5;117m[DEBUG]: [0mThis is a debug message from thread 1918-09-2026 00:29:34 [38;5;117m[DEBUG]: [0mThis is a debug message from thread 1418-09-2026 00:29:34 [38;5;117m[DEBUG]: [0mThis is a debug message from thread 1518-09-2026 00:29:34 [38;5;015m[INFO]: [0mThis is a info message from thread 218-09-2026 00:29:34 [38;5;015m[INFO]: [0mThis is a info message from thread 1818-09-2026 00:29:34 [38;5;009m[ERROR]: [0mThis is a error message from thread 1618-09-2026 00:29:34 [38;5;009m[ERROR]: [0mThis is a error message from thread 1218-09-2026 00:29:34 [38;5;117m[DEBUG]: [0mThis is a debug message from thread 2518-09-2026 00:29:34 [38;5;015m[INFO]: [0mThis is a info message from thread 118-09-2026 00:29:34 [38;5;015m[INFO]: [0mThis is a info message from thread 1718-09-2026 00:29:34 [38;5;015m[INFO]: [0mThis is a info message from thread 1918-09-2026 00:29:34 [38;5;009m[ERROR]: [0mThis is a error message from thread 1818-09-2026 00:29:34 [38;5;117m[DEBUG]: [0mThis is a debug message from thread 1618-09-2026 00:29:34 [38;5;117m[DEBUG]: [0mThis is a debug message from thread 1818-09-2026 00:29:34 [38;5;009m[ERROR]: [0mThis is a error message from thread 1718-09-2026 00:29:34 [38;5;015m[INFO]: [0mThis is a info message from thread 1518-09-2026 00:29:34 [38;5;009m[ERROR]: [0mThis is a error message from thread 218-09-2026 00:29:34 [38;5;009m[ERROR]: [0mThis is a error message from thread 118-09-2026 00:29:34 [38;5;009m[ERROR]: [0mThis is a error message from thread 2818-09-2026 00:29:34 [38;5;117m[DEBUG]: [0mThis is a debug message from thread 2918-09-2026 00:29:34 [38;5;009m[ERROR]: [0mThis is a error message from thread 1518-09-2026 00:29:34 [38;5;015m[INFO]: [0mThis is a info message from thread 1618-09-2026 00:29:34 [38;5;117m[DEBUG]: [0mThis is a debug message from thread 1718-09-2026 00:29:34 [38;5;009m[ERROR]: [0mThis is a error message from thread 1118-09-2026 00:29:34 [38;5;117m[DEBUG]: [0mThis is a debug message from thread 2818-09-2026 00:29:34 [38;5;117m[DEBUG]: [0mThis is a debug message from thread 118-09-2026 00:29:34 [38;5;009m[ERROR]: [0mThis is a error message from thread 1618-09-2026 00:29:34 [38;5;117m[DEBUG]: [0mThis is a debug message from thread 2718-09-2026 00:29:34 [38;5;117m[DEBUG]: [0mThis is a debug message from thread 1518-09-2026 00:29:34 [38;5;117m[DEBUG]: [0mThis is a debug message from thread 418-09-2026 00:29:34 [38;5;117m[DEBUG]: [0mThis is a debug message from thread 218-09-2026 00:29:34 [38;5;015m[INFO]: [0mThis is a info message from thread 2418-09-2026 00:29:34 [38;5;009m[ERROR]: [0mThis is a error message from thread 2618-09-2026 00:29:34 [38;5;015m[INFO]: [0mThis is a info message from thread 2718-09-2026 00:29:34 [38;5;015m[INFO]: [0mThis is a info message from thread 2918-09-2026 00:29:34 [38;5;015m[INFO]: [0mThis is a info message from thread 1518-09-2026 00:29:34 [38;5;015m[INFO]: [0mThis is a info message from thread 218-09-2026 00:29:34 [38;5;117m[DEBUG]: [0mThis is a debug message from thread 1118-09-2026 00:29:34 [38;5;009m[ERROR]: [0mThis is a error message from thread 918-09-2026 00:29:34 [38;5;009m[ERROR]: [0mThis is a error message from thread 2918-09-2026 00:29:34 [38;5;009m[ERROR]: [0mThis is a error message from thread 1518-09-2026 00:29:34 [38;5;117m[DEBUG]: [0mThis is a debug message from thread 2918-09-2026 00:29:34 [38;5;009m[ERROR]: [0mThis is a error message from thread 2718-09-2026 00:29:34 [38;5;009m[ERROR]: [0mThis is a error message from thread 018-09-2026 00:29:34 [38;5;117m[DEBUG]: [0mThis is a debug message from thread 1518-09-2026 00:29:34 [38;5;009m[ERROR]: [0mThis is a error message from thread 718-09-2026 00:29:34 [38;5;117m[DEBUG]: [0mThis is a debug message from thread 1618-09-2026 00:29:34 [38;5;009m[ERROR]: [0mThis is a error message from thread 2318-09-2026 00:29:34 [38;5;009m[ERROR]: [0mThis is a error message from thread 1018-09-2026 00:29:34 [38;5;015m[INFO]: [0mThis is a info message from thread 2218-09-2026 00:29:34 [38;5;009m[ERROR]: [0mThis is a error message from thread 2218-09-2026 00:29:34 [38;5;117m[DEBUG]: [0mThis is a debug message from thread 018-09-2026 00:29:34 [38;5;015m[INFO]: [0mThis is a info message from thread 518-09-2026 00:29:34 [38;5;015m[INFO]: [0mThis is a info message from thread 018-09-2026 00:29:34 [38;5;117m[DEBUG]: [0mThis is a debug message from thread 2318-09-2026 00:29:34 [38;5;015m[INFO]: [0mThis is a info message from thread 2318-09-2026 00:29:34 [38;5;009m[ERROR]: [0mThis is a error message from thread 018-09-2026 00:29:34 [38;5;117m[DEBUG]: [0mThis is a debug message from thread 1218-09-2026 00:29:34 [38;5;009m[ERROR]: [0mThis is a error message from thread 2418-09-2026 00:29:34 [38;5;015m[INFO]: [0mThis is a info message from thread 118-09-2026 00:29:34 [38;5;015m[INFO]: [0mThis is a info message from thread 418-09-2026 00:29:34 [38;5;015m[INFO]: [0mThis is a info message from thread 2818-09-2026 00:29:34 [38;5;015m[INFO]: [0mThis is a info message from thread 1618-09-2026 00:29:34 [38;5;015m[INFO]: [0mThis is a info message from thread 1418-09-2026 00:29:34 [38;5;117m[DEBUG]: [0mThis is a debug message from thread 2618-09-2026 00:29:34 [38;5;009m[ERROR]: [0mThis is a error message from thread 118-09-2026 00:29:34 [38;5;009m[ERROR]: [0mThis is a error message from thread 2818-09-2026 00:29:34 [38;5;015m[INFO]: [0mThis is a info message from thread 2918-09-2026 00:29:34 [38;5;015m[INFO]: [0mThis is a info message from thread 2518-09-2026 00:29:34 [38;5;009m[ERROR]: [0mThis is a error message from thread 518-09-2026 00:29:34 [38;5;009m[ERROR]: [0mThis is a error message from thread 2318-09-2026 00:29:34 [38;5;117m[DEBUG]: [0mThis is a debug message from thread 018-09-2026 00:29:34 [38;5;015m[INFO]: [0mThis is a info message from thread 018-09-2026 00:29:34 [38;5;117m[DEBUG]: [0mThis is a debug message from thread 118-09-2026 00:29:34 [38;5;009m[ERROR]: [0mThis is a error message from thread 418-09-2026 00:29:34 [38;5;015m[INFO]: [0mThis is a info message from thread 1718-09-2026 00:29:34 [38;5;117m[DEBUG]: [0mThis is a debug message from thread 618-09-2026 00:29:34 [38;5;009m[ERROR]: [0mThis is a error message from thread 818-09-2026 00:29:34 [38;5;117m[DEBUG]: [0mThis is a debug message from thread 1318-09-2026 00:29:34 [38;5;117m[DEBUG]: [0mThis is a debug message from thread 518-09-2026 00:29:34 [38;5;117m[DEBUG]: [0mThis is a debug message from thread 818-09-2026 00:29:34 [38;5;009m[ERROR]: [0mThis is a error message from thread 1718-09-2026 00:29:34 [38;5;009m[ERROR]: [0mThis is a error message from thread 318-09-2026 00:29:34 [38;5;117m[DEBUG]: [0mThis is a debug message from thread 418-09-2026 00:29:34 [38;5;015m[INFO]: [0mThis is a info message from thread 118-09-2026 00:29:34 [38;5;015m[INFO]: [0mThis is a info message from thread 618-09-2026 00:29:34 [38;5;015m[INFO]: [0mThis is a info message from thread 818-09-2026 00:29:34 [38;5;117m[DEBUG]: [0mThis is a debug message from thread 2018-09-2026 00:29:34 [38;5;117m[DEBUG]: [0mThis is a debug message from thread 2318-09-2026 00:29:34 [38;5;117m[DEBUG]: [0mThis is a debug message from thread 1718-09-2026 00:29:34 [38;5;009m[ERROR]: [0mThis is a error message from thread 818-09-2026 00:29:34 [38;5;009m[ERROR]: [0mThis is a error message from thread 218-09-2026 00:29:34 [38;5;009m[ERROR]: [0mThis is a error message from thread 2518-09-2026 00:29:34 [38;5;009m[ERROR]: [0mThis is a error message from thread 1918-09-2026 00:29:34 [38;5;015m[INFO]: [0mThis is a info message from thread 518-09-2026 00:29:34 [38;5;117m[DEBUG]: [0mThis is a debug message from thread 2818-09-2026 00:29:34 [38;5;015m[INFO]: [0mThis is a info message from thread 1518-09-2026 00:29:34 [38;5;015m[INFO]: [0mThis is a info message from thread 1818-09-2026 00:29:34 [38;5;015m[INFO]: [0mThis is a info message from thread 2618-09-2026 00:29:34 [38;5;009m[ERROR]: [0mThis is a error message from thread 1418-09-2026 00:29:34 [38;5;009m[ERROR]: [0mThis is a error message from thread 1818-09-2026 00:29:34 [38;5;015m[INFO]: [0mThis is a info message from thread 1718-09-2026 00:29:34 [38;5;015m[INFO]: [0mThis is a info message from thread 2818-09-2026 00:29:34 [38;5;117m[DEBUG]: [0mThis is a debug message from thread 1818-09-2026 00:29:34 [38;5;009m[ERROR]: [0mThis is a error message from thread 1518-09-2026 00:29:34 [38;5;009m[ERROR]: [0mThis is a error message from thread 2818-09-2026 00:29:34 [38;5;117m[DEBUG]: [0mThis is a debug message from thread 1418-09-2026 00:29:34 [38;5;015m[INFO]: [0mThis is a info message from thread 1818-09-2026 00:29:34 [38;5;117m[DEBUG]: [0mThis is a debug message from thread 2818-09-2026 00:29:34 [38;5;009m[ERROR]: [0mThis is a error message from thread 2618-09-2026 00:29:34 [38;5;117m[DEBUG]: [0mThis is a debug message from thread 2518-09-2026 00:29:34 [38;5;117m[DEBUG]: [0mThis is a debug message from thread 1518-09-2026 00:29:34 [38;5;117m[DEBUG]: [0mThis is a debug message from thread 718-09-2026 00:29:34 [38;5;009m[ERROR]: [0mThis is a error message from thread 2918-09-2026 00:29:34 [38;5;015m[INFO]: [0mThis is a info message from thread 1418-09-2026 00:29:34 [38;5;117m[DEBUG]: [0mThis is a debug message from thread 2718-09-2026 00:29:34 [38;5;015m[INFO]: [0mThis is a info message from thread 2118-09-2026 00:29:34 [38;5;009m[ERROR]: [0mThis is a error message from thread 1718-09-2026 00:29:34 [38;5;117m[DEBUG]: [0mThis is a debug message from thread 1918-09-2026 00:29:34 [38;5;117m[DEBUG]: [0mThis is a debug message from thread 2618-09-2026 00:29:34 [38;5;015m[INFO]: [0mThis is a info message from thread 2018-09-2026 00:29:34 [38;5;009m[ERROR]: [0mThis is a error message from thread 1818-09-2026 00:29:34 [38;5;015m[INFO]: [0mThis is a info message from thread 1518-09-2026 00:29:34 [38;5;117m[DEBUG]: [0mThis is a debug message from thread 318-09-2026 00:29:34 [38;5;015m[INFO]: [0mThis is a info message from thread 418-09-2026 00:29:34 [38;5;009m[ERROR]: [0mThis is a error message from thread 1418-09-2026 00:29:34 [38;5;009m[ERROR]: [0mThis is a error message from thread 2018-09-2026 00:29:34 [38;5;009m[ERROR]: [0mThis is a error message from thread 118-09-2026 00:29:34 [38;5;015m[INFO]: [0mThis is a info message from thread 2618-09-2026 00:29:34 [38;5;117m[DEBUG]: [0mThis is a debug message from thread 2918-09-2026 00:29:34 [38;5;117m[DEBUG]: [0mThis is a debug message from thread 1018-09-2026 00:29:34 [38;5;015m[INFO]: [0mThis is a info message from thread 1918-09-2026 00:29:34 [38;5;117m[DEBUG]: [0mThis is a debug message from thread 818-09-2026 00:29:34 [38;5;009m[ERROR]: [0mThis is a error message from thread 2118-09-2026 00:29:34 [38;5;015m[INFO]: [0mThis is a info message from thread 818-09-2026 00:29:34 [38;5;117m[DEBUG]: [0mThis is a debug message from thread 118-09-2026 00:29:34 [38;5;117m[DEBUG]: [0mThis is a debug message from thread 2218-09-2026 00:29:34 [38;5;117m[DEBUG]: [0mThis is a debug message from thread 2018-09-2026 00:29:34 [38;5;015m[INFO]: [0mThis is a info message from thread 118-09-2026 00:29:34 [38;5;015m[INFO]: [0mThis is a info message from thread 1118-09-2026 00:29:34 [38;5;117m[DEBUG]: [0mThis is a debug message from thread 2118-09-2026 00:29:34 [38;5;015m[INFO]: [0mThis is a info message from thread 2918-09-2026 00:29:34 [38;5;015m[INFO]: [0mThis is a info message from thread 1018-09-2026 00:29:34 [38;5;009m[ERROR]: [0mThis is a error message from thread 118-09-2026 00:29:34 [38;5;009m[ERROR]: [0mThis is a error message from thread 2618-09-2026 00:29:34 [38;5;009m[ERROR]: [0mThis is a error message from thread 1918-09-2026 00:29:34 [38;5;009m[ERROR]: [0mThis is a error message from thread 818-09-2026 00:29:34 [38;5;015m[INFO]: [0mThis is a info message from thread 2318-09-2026 00:29:34 [38;5;015m[INFO]: [0mThis is a info message from thread 2018-09-2026 00:29:34 [38;5;117m[DEBUG]: [0mThis is a debug message from thread 2618-09-2026 00:29:34 [38;5;009m[ERROR]: [0mThis is a error message from thread 2918-09-2026 00:29:34 [38;5;009m[ERROR]: [0mThis is a error message from thread 2018-09-2026 00:29:34 [38;5;117m[DEBUG]: [0mThis is a debug message from thread 2918-09-2026 00:29:34 [38;5;117m[DEBUG]: [0mThis is a debug message from thread 2418-09-2026 00:29:34 [38;5;009m[ERROR]: [0mThis is a error message from thread 2318-09-2026 00:29:34 [38;5;015m[INFO]: [0mThis is a info message from thread 2618-09-2026 00:29:34 [38;5;015m[INFO]: [0mThis is a info message from thread 2418-09-2026 00:29:34 [38;5;015m[INFO]: [0mThis is a info message from thread 2918-09-2026 00:29:34 [38;5;117m[DEBUG]: [0mThis is a debug message from thread 1718-09-2026 00:29:34 [38;5;117m[DEBUG]: [0mThis is a debug message from thread 818-09-2026 00:29:34 [38;5;009m[ERROR]: [0mThis is a error message from thread 518-09-2026 00:29:34 [38;5;117m[DEBUG]: [0mThis is a debug message from thread 1918-09-2026 00:29:34 [38;5;117m[DEBUG]: [0mThis is a debug message from thread 2018-09-2026 00:29:34 [38;5;015m[INFO]: [0mThis is a info message from thread 818-09-2026 00:29:34 [38;5;117m[DEBUG]: [0mThis is a debug message from thread 218-09-2026 00:29:34 [38;5;015m[INFO]: [0mThis is a info message from thread 2818-09-2026 00:29:34 [38;5;009m[ERROR]: [0mThis is a error message from thread 2418-09-2026 00:29:34 [38;5;015m[INFO]: [0mThis is a info message from thread 218-09-2026 00:29:34 [38;5;009m[ERROR]: [0mThis is a error message from thread 2918-09-2026 00:29:34 [38;5;015m[INFO]: [0mThis is a info message from thread 1718-09-2026 00:29:34 [38;5;009m[ERROR]: [0mThis is a error message from thread 2818-09-2026 00:29:34 [38;5;117m[DEBUG]: [0mThis is a debug message from thread 2418-09-2026 00:29:34 [38;5;009m[ERROR]: [0mThis is a error message from thread 1618-09-2026 00:29:34 [38;5;015m[INFO]: [0mThis is a info message from thread 2018-09-2026 00:29:34 [38;5;015m[INFO]: [0mThis is a info message from thread 2518-09-2026 00:29:34 [38;5;009m[ERROR]: [0mThis is a error message from thread 618-09-2026 00:29:34 [38;5;015m[INFO]: [0mThis is a info message from thread 718-09-2026 00:29:34 [38;5;117m[DEBUG]: [0mThis is a debug message from thread 518-09-2026 00:29:34 [38;5;015m[INFO]: [0mThis is a info message from thread 1918-09-2026 00:29:34 [38;5;015m[INFO]: [0mThis is a info message from thread 318-09-2026 00:29:34 [38;5;117m[DEBUG]: [0mThis is a debug message from thread 1618-09-2026 00:29:34 [38;5;117m[DEBUG]: [0mThis is a debug message from thread 2818-09-2026 00:29:34 [38;5;009m[ERROR]: [0mThis is a error message from thread 1718-09-2026 00:29:34 [38;5;015m[INFO]: [0mThis is a info message from thread 2718-09-2026 00:29:34 [38;5;015m[INFO]: [0mThis is a info message from thread 1318-09-2026 00:29:34 [38;5;009m[ERROR]: [0mThis is a error message from thread 318-09-2026 00:29:34 [38;5;015m[INFO]: [0mThis is a info message from thread 518-09-2026 00:29:34 [38;5;009m[ERROR]: [0mThis is a error message from thread 1918-09-2026 00:29:34 [38;5;117m[DEBUG]: [0mThis is a debug message from thread 1418-09-2026 00:29:34 [38;5;009m[ERROR]: [0mThis is a error message from thread 418-09-2026 00:29:34 [38;5;117m[DEBUG]: [0mThis is a debug message from thread 2318-09-2026 00:29:34 [38;5;117m[DEBUG]: [0mThis is a debug message from thread 118-09-2026 00:29:34 [38;5;015m[INFO]: [0mThis is a info message from thread 2118-09-2026 00:29:34 [38;5;015m[INFO]: [0mThis is a info message from thread 2818-09-2026 00:29:34 [38;5;117m[DEBUG]: [0mThis is a debug message from thread 318-09-2026 00:29:34 [38;5;009m[ERROR]: [0mThis is a error message from thread 2018-09-2026 00:29:34 [38;5;009m[ERROR]: [0mThis is a error message from thread 1018-09-2026 00:29:34 [38;5;009m[ERROR]: [0mThis is a error message from thread 818-09-2026 00:29:34 [38;5;015m[INFO]: [0mThis is a info message from thread 118-09-2026 00:29:34 [38;5;117m[DEBUG]: [0mThis is a debug message from thread 1018-09-2026 00:29:34 [38;5;117m[DEBUG]: [0mThis is a debug message from thread 818-09-2026 00:29:34 [38;5;009m[ERROR]: [0mThis is a error message from thread 118-09-2026 00:29:34 [38;5;015m[INFO]: [0mThis is a info message from thread 1218-09-2026 00:29:34 [38;5;009m[ERROR]: [0mThis is a error message from thread 718-09-2026 00:29:34 [38;5;015m[INFO]: [0mThis is a info message from thread 818-09-2026 00:29:34 [38;5;009m[ERROR]: [0mThis is a error message from thread 2718-09-2026 00:29:34 [38;5;009m[ERROR]: [0mThis is a error message from thread 018-09-2026 00:29:34 [38;5;117m[DEBUG]: [0mThis is a debug message from thread 618-09-2026 00:29:34 [38;5;117m[DEBUG]: [0mThis is a debug message from thread 718-09-2026 00:29:34 [38;5;009m[ERROR]: [0mThis is a error message from thread 2618-09-2026 00:29:34 [38;5;015m[INFO]: [0mThis is a info message from thread 618-09-2026 00:29:34 [38;5;015m[INFO]: [0mThis is a info message from thread 718-09-2026 00:29:34 [38;5;117m[DEBUG]: [0mThis is a debug message from thread 1918-09-2026 00:29:34 [38;5;117m[DEBUG]: [0mThis is a debug message from thread 018-09-2026 00:29:34 [38;5;009m[ERROR]: [0mThis is a error message from thread 618-09-2026 00:29:34 [38;5;117m[DEBUG]: [0mThis is a debug message from thread 2618-09-2026 00:29:34 [38;5;009m[ERROR]: [0mThis is a error message from thread 718-09-2026 00:29:34 [38;5;117m[DEBUG]: [0mThis is a debug message from thread 2718-09-2026 00:29:34 [38;5;015m[INFO]: [0mThis is a info message from thread 018-09-2026 00:29:34 [38;5;117m[DEBUG]: [0mThis is a debug message from thread 918-09-2026 00:29:34 [38;5;117m[DEBUG]: [0mThis is a debug message from thread 618-09-2026 00:29:34 [38;5;117m[DEBUG]: [0mThis is a debug message from thread 1818-09-2026 00:29:34 [38;5;009m[ERROR]: [0mThis is a error message from thread 1318-09-2026 00:29:34 [38;5;015m[INFO]: [0mThis is a info message from thread 1818-09-2026 00:29:34 [38;5;015m[INFO]: [0mThis is a info message from thread 1618-09-2026 00:29:34 [38;5;117m[DEBUG]: [0mThis is a debug message from thread 1318-09-2026 00:29:34 [38;5;009m[ERROR]: [0mThis is a error message from thread 1118-09-2026 00:29:34 [38;5;117m[DEBUG]: [0mThis is a debug message from thread 118-09-2026 00:29:34 [38;5;015m[INFO]: [0mThis is a info message from thread 2418-09-2026 00:29:34 [38;5;015m[INFO]: [0mThis is a info message from thread 1318-09-2026 00:29:34 [38;5;009m[ERROR]: [0mThis is a error message from thread 1518-09-2026 00:29:34 [38;5;015m[INFO]: [0mThis is a info message from thread 2318-09-2026 00:29:34 [38;5;015m[INFO]: [0mThis is a info message from thread 118-09-2026 00:29:34 [38;5;117m[DEBUG]: [0mThis is a debug message from thread 418-09-2026 00:29:34 [38;5;009m[ERROR]: [0mThis is a error message from thread 118-09-2026 00:29:34 [38;5;117m[DEBUG]: [0mThis is a debug message from thread 2918-09-2026 00:29:34 [38;5;015m[INFO]: [0mThis is a info message from thread 2618-09-2026 00:29:34 [38;5;009m[ERROR]: [0mThis is a error message from thread 1218-09-2026 00:29:34 [38;5;009m[ERROR]: [0mThis is a error message from thread 2818-09-2026 00:29:34 [38;5;117m[DEBUG]: [0mThis is a debug message from thread 718-09-2026 00:29:34 [38;5;009m[ERROR]: [0mThis is a error message from thread 1618-09-2026 00:29:34 [38;5;117m[DEBUG]: [0mThis is a debug message from thread 118-09-2026 00:29:34 [38;5;009m[ERROR]: [0mThis is a error message from thread 018-09-2026 00:29:34 [38;5;117m[DEBUG]: [0mThis is a debug message from thread 1518-09-2026 00:29:34 [38;5;117m[DEBUG]: [0mThis is a debug message from thread 1218-09-2026 00:29:34 [38;5;015m[INFO]: [0mThis is a info message from thread 1918-09-2026 00:29:34 [38;5;009m[ERROR]: [0mThis is a error message from thread 2618-09-2026 00:29:34 [38;5;117m[DEBUG]: [0mThis is a debug message from thread 018-09-2026 00:29:34 [38;5;117m[DEBUG]: [0mThis is a debug message from thread 2818-09-2026 00:29:34 [38;5;015m[INFO]: [0mThis is a info message from thread 1218-09-2026 00:29:34 [38;5;009m[ERROR]: [0mThis is a error message from thread 1918-09-2026 00:29:34 [38;5;015m[INFO]: [0mThis is a info message from thread 418-09-2026 00:29:34 [38;5;015m[INFO]: [0mThis is a info message from thread 1418-09-2026 00:29:34 [38;5;009m[ERROR]: [0mThis is a error message from thread 1218-09-2026 00:29:34 [38;5;009m[ERROR]: [0mThis is a error message from thread 2318-09-2026 00:29:34 [38;5;117m[DEBUG]: [0mThis is a debug message from thread 1218-09-2026 00:29:34 [38;5;009m[ERROR]: [0mThis is a error message from thread 218-09-2026 00:29:34 [38;5;015m[INFO]: [0mThis is a info message from thread 1018-09-2026 00:29:34 [38;5;015m[INFO]: [0mThis is a info message from thread 018-09-2026 00:29:34 [38;5;009m[ERROR]: [0mThis is a error message from thread 1418-09-2026 00:29:34 [38;5;015m[INFO]: [0mThis is a info message from thread 2818-09-2026 00:29:34 [38;5;009m[ERROR]: [0mThis is a error message from thread 018-09-2026 00:29:34 [38;5;117m[DEBUG]: [0mThis is a debug message from thread 2618-09-2026 00:29:34 [38;5;015m[INFO]: [0mThis is a info message from thread 118-09-2026 00:29:34 [38;5;009m[ERROR]: [0mThis is a error message from thread 118-09-2026 00:29:34 [38;5;009m[ERROR]: [0mThis is a error message from thread 2818-09-2026 00:29:34 [38;5;117m[DEBUG]: [0mThis is a debug message from thread 2318-09-2026 00:29:34 [38;5;015m[INFO]: [0mThis is a info message from thread 2618-09-2026 00:29:34 [38;5;015m[INFO]: [0mThis is a info message from thread 1518-09-2026 00:29:34 [38;5;117m[DEBUG]: [0mThis is a debug message from thread 2818-09-2026 00:29:34 [38;5;009m[ERROR]: [0mThis is a error message from thread 1518-09-2026 00:29:34 [38;5;009m[ERROR]: [0mThis is a error message from thread 2618-09-2026 00:29:34 [38;5;117m[DEBUG]: [0mThis is a debug message from thread 118-09-2026 00:29:34 [38;5;015m[INFO]: [0mThis is a info message from thread 1218-09-2026 00:29:34 [38;5;117m[DEBUG]: [0mThis is a debug message from thread 018-09-2026 00:29:34 [38;5;117m[DEBUG]: [0mThis is a debug message from thread 1518-09-2026 00:29:34 [38;5;015m[INFO]: [0mThis is a info message from thread 2918-09-2026 00:29:34 [38;5;117m[DEBUG]: [0mThis is a debug message from thread 1418-09-2026 00:29:34 [38;5;015m[INFO]: [0mThis is a info message from thread 918-09-2026 00:29:34 [38;5;015m[INFO]: [0mThis is a info message from thread 618-09-2026 00:29:34 [38;5;015m[INFO]: [0mThis is a info message from thread 1518-09-2026 00:29:34 [38;5;009m[ERROR]: [0mThis is a error message from thread 918-09-2026 00:29:34 [38;5;009m[ERROR]: [0mThis is a error message from thread 618-09-2026 00:29:34 [38;5;009m[ERROR]: [0mThis is a error message from thread 1318-09-2026 00:29:34 [38;5;117m[DEBUG]: [0mThis is a debug message from thread 918-09-2026 00:29:34 [38;5;009m[ERROR]: [0mThis is a error message from thread 1818-09-2026 00:29:34 [38;5;015m[INFO]: [0mThis is a info message from thread 2318-09-2026 00:29:34 [38;5;015m[INFO]: [0mThis is a info message from thread 918-09-2026 00:29:34 [38;5;015m[INFO]: [0mThis is a info message from thread 1418-09-2026 00:29:34 [38;5;015m[INFO]: [0mThis is a info message from thread 318-09-2026 00:29:34 [38;5;117m[DEBUG]: [0mThis is a debug message from thread 2618-09-2026 00:29:34 [38;5;009m[ERROR]: [0mThis is a error message from thread 818-09-2026 00:29:34 [38;5;117m[DEBUG]: [0mThis is a debug message from thread 1318-09-2026 00:29:34 [38;5;117m[DEBUG]: [0mThis is a debug message from thread 618-09-2026 00:29:34 [38;5;009m[ERROR]: [0mThis is a error message from thread 2318-09-2026 00:29:34 [38;5;117m[DEBUG]: [0mThis is a debug message from thread 818-09-2026 00:29:34 [38;5;117m[DEBUG]: [0mThis is a debug message from thread 1618-09-2026 00:29:34 [38;5;009m[ERROR]: [0mThis is a error message from thread 318-09-2026 00:29:34 [38;5;015m[INFO]: [0mThis is a info message from thread 2718-09-2026 00:29:34 [38;5;009m[ERROR]: [0mThis is a error message from thread 2518-09-2026 00:29:34 [38;5;015m[INFO]: [0mThis is a info message from thread 1318-09-2026 00:29:34 [38;5;015m[INFO]: [0mThis is a info message from thread 618-09-2026 00:29:34 [38;5;117m[DEBUG]: [0mThis is a debug message from thread 218-09-2026 00:29:34 [38;5;009m[ERROR]: [0mThis is a error message from thread 1518-09-2026 00:29:34 [38;5;009m[ERROR]: [0mThis is a error message from thread 2418-09-2026 00:29:34 [38;5;015m[INFO]: [0mThis is a info message from thread 718-09-2026 00:29:34 [38;5;015m[INFO]: [0mThis is a info message from thread 818-09-2026 00:29:34 [38;5;009m[ERROR]: [0mThis is a error message from thread 2718-09-2026 00:29:34 [38;5;009m[ERROR]: [0mThis is a error message from thread 718-09-2026 00:29:34 [38;5;015m[INFO]: [0mThis is a info message from thread 1618-09-2026 00:29:34 [38;5;117m[DEBUG]: [0mThis is a debug message from thread 2518-09-2026 00:29:34 [38;5;117m[DEBUG]: [0mThis is a debug message from thread 1918-09-2026 00:29:34 [38;5;117m[DEBUG]: [0mThis is a debug message from thread 318-09-2026 00:29:34 [38;5;009m[ERROR]: [0mThis is a error message from thread 1318-09-2026 00:29:34 [38;5;015m[INFO]: [0mThis is a info message from thread 318-09-2026 00:29:34 [38;5;015m[INFO]: [0mThis is a info message from thread 1918-09-2026 00:29:34 [38;5;009m[ERROR]: [0mThis is a error message from thread 418-09-2026 00:29:34 [38;5;117m[DEBUG]: [0mThis is a debug message from thread 2418-09-2026 00:29:34 [38;5;009m[ERROR]: [0mThis is a error message from thread 2118-09-2026 00:29:34 [38;5;009m[ERROR]: [0mThis is a error message from thread 818-09-2026 00:29:34 [38;5;015m[INFO]: [0mThis is a info message from thread 2618-09-2026 00:29:34 [38;5;117m[DEBUG]: [0mThis is a debug message from thread 2718-09-2026 00:29:34 [38;5;009m[ERROR]: [0mThis is a error message from thread 318-09-2026 00:29:34 [38;5;117m[DEBUG]: [0mThis is a debug message from thread 1518-09-2026 00:29:34 [38;5;009m[ERROR]: [0mThis is a error message from thread 1018-09-2026 00:29:34 [38;5;117m[DEBUG]: [0mThis is a debug message from thread 418-09-2026 00:29:34 [38;5;015m[INFO]: [0mThis is a info message from thread 1518-09-2026 00:29:34 [38;5;009m[ERROR]: [0mThis is a error message from thread 1418-09-2026 00:29:34 [38;5;015m[INFO]: [0mThis is a info message from thread 2718-09-2026 00:29:34 [38;5;117m[DEBUG]: [0mThis is a debug message from thread 2118-09-2026 00:29:34 [38;5;117m[DEBUG]: [0mThis is a debug message from thread 318-09-2026 00:29:34 [38;5;117m[DEBUG]: [0mThis is a debug message from thread 818-09-2026 00:29:34 [38;5;117m[DEBUG]: [0mThis is a debug message from thread 2018-09-2026 00:29:34 [38;5;117m[DEBUG]: [0mThis is a debug message from thread 1118-09-2026 00:29:34 [38;5;117m[DEBUG]: [0mThis is a debug message from thread 1818-09-2026 00:29:34 [38;5;015m[INFO]: [0mThis is a info message from thread 1818-09-2026 00:29:34 [38;5;009m[ERROR]: [0mThis is a error message from thread 1818-09-2026 00:29:34 [38;5;015m[INFO]: [0mThis is a info message from thread 2418-09-2026 00:29:34 [38;5;009m[ERROR]: [0mThis is a error message from thread 1518-09-2026 00:29:34 [38;5;117m[DEBUG]: [0mThis is a debug message from thread 1418-09-2026 00:29:34 [38;5;009m[ERROR]: [0mThis is a error message from thread 2718-09-2026 00:29:34 [38;5;117m[DEBUG]: [0mThis is a debug message from thread 1718-09-2026 00:29:34 [38;5;015m[INFO]: [0mThis is a info message from thread 1418-09-2026 00:29:34 [38;5;015m[INFO]: [0mThis is a info message from thread 1118-09-2026 00:29:34 [38;5;117m[DEBUG]: [0mThis is a debug message from thread 1818-09-2026 00:29:34 [38;5;009m[ERROR]: [0mThis is a error message from thread 1418-09-2026 00:29:34 [38;5;015m[INFO]: [0mThis is a info message from thread 1718-09-2026 00:29:34 [38;5;117m[DEBUG]: [0mThis is a debug message from thread 1518-09-2026 00:29:34 [38;5;009m[ERROR]: [0mThis is a error message from thread 2418-09-2026 00:29:34 [38;5;009m[ERROR]: [0mThis is a error message from thread 1118-09-2026 00:29:34 [38;5;015m[INFO]: [0mThis is a info message from thread 318-09-2026 00:29:34 [38;5;015m[INFO]: [0mThis is a info message from thread 818-09-2026 00:29:34 [38;5;117m[DEBUG]: [0mThis is a debug message from thread 1118-09-2026 00:29:34 [38;5;009m[ERROR]: [0mThis is a error message from thread 918-09-2026 00:29:34 [38;5;015m[INFO]: [0mThis is a info message from thread 1518-09-2026 00:29:34 [38;5;015m[INFO]: [0mThis is a info message from thread 1818-09-2026 00:29:34 [38;5;015m[INFO]: [0mThis is a info message from thread 218-09-2026 00:29:34 [38;5;117m[DEBUG]: [0mThis is a debug message from thread 918-09-2026 00:29:34 [38;5;009m[ERROR]: [0mThis is a error message from thread 618-09-2026 00:29:34 [38;5;117m[DEBUG]: [0mThis is a debug message from thread 2718-09-2026 00:29:34 [38;5;009m[ERROR]: [0mThis is a error message from thread 1718-09-2026 00:29:34 [38;5;117m[DEBUG]: [0mThis is a debug message from thread 1418-09-2026 00:29:34 [38;5;009m[ERROR]: [0mThis is a error message from thread 1818-09-2026 00:29:34 [38;5;117m[DEBUG]: [0mThis is a debug message from thread 1318-09-2026 00:29:34 [38;5;009m[ERROR]: [0mThis is a error message from thread 1518-09-2026 00:29:34 [38;5;117m[DEBUG]: [0mThis is a debug message from thread 2318-09-2026 00:29:34 [38;5;009m[ERROR]: [0mThis is a error message from thread 2618-09-2026 00:29:34 [38;5;009m[ERROR]: [0mThis is a error message from thread 1918-09-2026 00:29:34 [38;5;117m[DEBUG]: [0mThis is a debug message from thread 1818-09-2026 00:29:34 [38;5;015m[INFO]: [0mThis is a info message from thread 1318-09-2026 00:29:34 [38;5;117m[DEBUG]: [0mThis is a debug message from thread 618-09-2026 00:29:34 [38;5;009m[ERROR]: [0mThis is a error message from thread 1618-09-2026 00:29:34 [38;5;009m[ERROR]: [0mThis is a error message from thread 1218-09-2026 00:29:34 [38;5;015m[INFO]: [0mThis is a info message from thread 418-09-2026 00:29:34 [38;5;015m[INFO]: [0mThis is a info message from thread 2718-09-2026 00:29:34 [38;5;117m[DEBUG]: [0mThis is a debug message from thread 1718-09-2026 00:29:34 [38;5;015m[INFO]: [0mThis is a info message from thread 2518-09-2026 00:29:34 [38;5;009m[ERROR]: [0mThis is a error message from thread 2918-09-2026 00:29:34 [38;5;009m[ERROR]: [0mThis is a error message from thread 2718-09-2026 00:29:34 [38;5;117m[DEBUG]: [0mThis is a debug message from thread 1018-09-2026 00:29:34 [38;5;015m[INFO]: [0mThis is a info message from thread 2118-09-2026 00:29:34 [38;5;015m[INFO]: [0mThis is a info message from thread 1718-09-2026 00:29:34 [38;5;015m[INFO]: [0mThis is a info message from thread 2318-09-2026 00:29:34 [38;5;009m[ERROR]: [0mThis is a error message from thread 818-09-2026 00:29:34 [38;5;117m[DEBUG]: [0mThis is a debug message from thread 1218-09-2026 00:29:34 [38;5;117m[DEBUG]: [0mThis is a debug message from thread 718-09-2026 00:29:34 [38;5;009m[ERROR]: [0mThis is a error message from thread 418-09-2026 00:29:34 [38;5;015m[INFO]: [0mThis is a info message from thread 1118-09-2026 00:29:34 [38;5;117m[DEBUG]: [0mThis is a debug message from thread 2918-09-2026 00:29:34 [38;5;117m[DEBUG]: [0mThis is a debug message from thread 2718-09-2026 00:29:34 [38;5;015m[INFO]: [0mThis is a info message from thread 918-09-2026 00:29:34 [38;5;117m[DEBUG]: [0mThis is a debug message from thread 818-09-2026 00:29:34 [38;5;009m[ERROR]: [0mThis is a error message from thread 1718-09-2026 00:29:34 [38;5;015m[INFO]: [0mThis is a info message from thread 1018-09-2026 00:29:34 [38;5;009m[ERROR]: [0mThis is a error message from thread 1118-09-2026 00:29:34 [38;5;015m[INFO]: [0mThis is a info message from thread 1218-09-2026 00:29:34 [38;5;009m[ERROR]: [0mThis is a error message from thread 1018-09-2026 00:29:34 [38;5;009m[ERROR]: [0mThis is a error message from thread 318-09-2026 00:29:34 [38;5;117m[DEBUG]: [0mThis is a debug message from thread 1518-09-2026 00:29:34 [38;5;015m[INFO]: [0mThis is a info message from thread 1818-09-2026 00:29:34 [38;5;015m[INFO]: [0mThis is a info message from thread 2718-09-2026 00:29:34 [38;5;015m[INFO]: [0mThis is a info message from thread 818-09-2026 00:29:34 [38;5;009m[ERROR]: [0mThis is a error message from thread 2718-09-2026 00:29:34 [38;5;117m[DEBUG]: [0mThis is a debug message from thread 1718-09-2026 00:29:34 [38;5;009m[ERROR]: [0mThis is a error message from thread 918-09-2026 00:29:34 [38;5;117m[DEBUG]: [0mThis is a debug message from thread 2718-09-2026 00:29:34 [38;5;009m[ERROR]: [0mThis is a error message from thread 2118-09-2026 00:29:34 [38;5;117m[DEBUG]: [0mThis is a debug message from thread 418-09-2026 00:29:34 [38;5;015m[INFO]: [0mThis is a info message from thread 2718-09-2026 00:29:34 [38;5;009m[ERROR]: [0mThis is a error message from thread 818-09-2026 00:29:34 [38;5;015m[INFO]: [0mThis is a info message from thread 418-09-2026 00:29:34 [38;5;117m[DEBUG]: [0mThis is a debug message from thread 318-09-2026 00:29:34 [38;5;009m[ERROR]: [0mThis is a error message from thread 1218-09-2026 00:29:34 [38;5;117m[DEBUG]: [0mThis is a debug message from thread 918-09-2026 00:29:34 [38;5;015m[INFO]: [0mThis is a info message from thread 1518-09-2026 00:29:34 [38;5;117m[DEBUG]: [0mThis is a debug message from thread 2118-09-2026 00:29:34 [38;5;009m[ERROR]: [0mThis is a error message from thread 1518-09-2026 00:29:34 [38;5;117m[DEBUG]: [0mThis is a debug message from thread 1118-09-2026 00:29:34 [38;5;015m[INFO]: [0mThis is a info message from thread 1418-09-2026 00:29:34 [38;5;009m[ERROR]: [0mThis is a error message from thread 418-09-2026 00:29:34 [38;5;009m[ERROR]: [0mThis is a error message from thread 2718-09-2026 00:29:34 [38;5;015m[INFO]: [0mThis is a info message from thread 318-09-2026 00:29:34 [38;5;009m[ERROR]: [0mThis is a error message from thread 1418-09-2026 00:29:34 [38;5;117m[DEBUG]: [0mThis is a debug message from thread 418-09-2026 00:29:34 [38;5;117m[DEBUG]: [0mThis is a debug message from thread 2718-09-2026 00:29:34 [38;5;117m[DEBUG]: [0mThis is a debug message from thread 1518-09-2026 00:29:34 [38;5;009m[ERROR]: [0mThis is a error message from thread 318-09-2026 00:29:34 [38;5;015m[INFO]: [0mThis is a info message from thread 918-09-2026 00:29:34 [38;5;117m[DEBUG]: [0mThis is a debug message from thread 2418-09-2026 00:29:34 [38;5;117m[DEBUG]: [0mThis is a debug message from thread 1618-09-2026 00:29:34 [38;5;117m[DEBUG]: [0mThis is a debug message from thread 2618-09-2026 00:29:34 [38;5;015m[INFO]: [0mThis is a info message from thread 2218-09-2026 00:29:34 [38;5;015m[INFO]: [0mThis is a info message from thread 418-09-2026 00:29:34 [38;5;015m[INFO]: [0mThis is a info message from thread 118-09-2026 00:29:34 [38;5;009m[ERROR]: [0mThis is a error message from thread 518-09-2026 00:29:34 [38;5;015m[INFO]: [0mThis is a info message from thread 1718-09-2026 00:29:34 [38;5;117m[DEBUG]: [0mThis is a debug message from thread 1018-09-2026 00:29:34 [38;5;117m[DEBUG]: [0mThis is a debug message from thread 1218-09-2026 00:29:34 [38;5;015m[INFO]: [0mThis is a info message from thread 1118-09-2026 00:29:34 [38;5;009m[ERROR]: [0mThis is a error message from thread 918-09-2026 00:29:34 [38;5;117m[DEBUG]: [0mThis is a debug message from thread 518-09-2026 00:29:34 [38;5;009m[ERROR]: [0mThis is a error message from thread 118-09-2026 00:29:34 [38;5;015m[INFO]: [0mThis is a info message from thread 518-09-2026 00:29:34 [38;5;117m[DEBUG]: [0mThis is a debug message from thread 118-09-2026 00:29:34 [38;5;015m[INFO]: [0mThis is a info message from thread 1018-09-2026 00:29:34 [38;5;015m[INFO]: [0mThis is a info message from thread 1618-09-2026 00:29:34 [38;5;015m[INFO]: [0mThis is a info message from thread 2718-09-2026 00:29:34 [38;5;015m[INFO]: [0mThis is a info message from thread 1218-09-2026 00:29:34 [38;5;009m[ERROR]: [0mThis is a error message from thread 518-09-2026 00:29:34 [38;5;009m[ERROR]: [0mThis is a error message from thread 2218-09-2026 00:29:34 [38;5;009m[ERROR]: [0mThis is a error message from thread 1618-09-2026 00:29:34 [38;5;117m[DEBUG]: [0mThis is a debug message from thread 318-09-2026 00:29:34 [38;5;015m[INFO]: [0mThis is a info message from thread 118-09-2026 00:29:34 [38;5;117m[DEBUG]: [0mThis is a debug message from thread 918-09-2026 00:29:34 [38;5;009m[ERROR]: [0mThis is a error message from thread 1218-09-2026 00:29:34 [38;5;117m[DEBUG]: [0mThis is a debug message from thread 1618-09-2026 00:29:34 [38;5;015m[INFO]: [0mThis is a info message from thread 2818-09-2026 00:29:34 [38;5;009m[ERROR]: [0mThis is a error message from thread 1718-09-2026 00:29:34 [38;5;015m[INFO]: [0mThis is a info message from thread 018-09-2026 00:29:34 [38;5;009m[ERROR]: [0mThis is a error message from thread 218-09-2026 00:29:34 [38;5;015m[INFO]: [0mThis is a info message from thread 618-09-2026 00:29:34 [38;5;015m[INFO]: [0mThis is a info message from thread 2618-09-2026 00:29:34 [38;5;117m[DEBUG]: [0mThis is a debug message from thread 1218-09-2026 00:29:34 [38;5;009m[ERROR]: [0mThis is a error message from thread 2318-09-2026 00:29:34 [38;5;009m[ERROR]: [0mThis is a error message from thread 2818-09-2026 00:29:34 [38;5;009m[ERROR]: [0mThis is a error message from thread 118-09-2026 00:29:34 [38;5;009m[ERROR]: [0mThis is a error message from thread 418-09-2026 00:29:34 [38;5;015m[INFO]: [0mThis is a info message from thread 2418-09-2026 00:29:34 [38;5;015m[INFO]: [0mThis is a info message from thread 918-09-2026 00:29:34 [38;5;015m[INFO]: [0mThis is a info message from thread 1218-09-2026 00:29:34 [38;5;117m[DEBUG]: [0mThis is a debug message from thread 2818-09-2026 00:29:34 [38;5;015m[INFO]: [0mThis is a info message from thread 1618-09-2026 00:29:34 [38;5;009m[ERROR]: [0mThis is a error message from thread 018-09-2026 00:29:34 [38;5;009m[ERROR]: [0mThis is a error message from thread 2518-09-2026 00:29:34 [38;5;015m[INFO]: [0mThis is a info message from thread 2818-09-2026 00:29:34 [38;5;009m[ERROR]: [0mThis is a error message from thread 918-09-2026 00:29:34 [38;5;015m[INFO]: [0mThis is a info message from thread 718-09-2026 00:29:34 [38;5;117m[DEBUG]: [0mThis is a debug message from thread 218-09-2026 00:29:34 [38;5;117m[DEBUG]: [0mThis is a debug message from thread 418-09-2026 00:29:34 [38;5;009m[ERROR]: [0mThis is a error message from thread 718-09-2026 00:29:34 [38;5;117m[DEBUG]: [0mThis is a debug message from thread 1418-09-2026 00:29:34 [38;5;117m[DEBUG]: [0mThis is a debug message from thread 818-09-2026 00:29:34 [38;5;009m[ERROR]: [0mThis is a error message from thread 2818-09-2026 00:29:34 [38;5;009m[ERROR]: [0mThis is a error message from thread 2618-09-2026 00:29:34 [38;5;015m[INFO]: [0mThis is a info message from thread 1518-09-2026 00:29:34 [38;5;009m[ERROR]: [0mThis is a error message from thread 2418-09-2026 00:29:34 [38;5;015m[INFO]: [0mThis is a info message from thread 418-09-2026 00:29:34 [38;5;117m[DEBUG]: [0mThis is a debug message from thread 918-09-2026 00:29:34 [38;5;009m[ERROR]: [0mThis is a error message from thread 1618-09-2026 00:29:34 [38;5;117m[DEBUG]: [0mThis is a debug message from thread 2318-09-2026 00:29:34 [38;5;117m[DEBUG]: [0mThis is a debug message from thread 2818-09-2026 00:29:34 [38;5;015m[INFO]: [0mThis is a info message from thread 1418-09-2026 00:29:34 [38;5;015m[INFO]: [0mThis is a info message from thread 918-09-2026 00:29:34 [38;5;009m[ERROR]: [0mThis is a error message from thread 1218-09-2026 00:29:34 [38;5;009m[ERROR]: [0mThis is a error message from thread 1018-09-2026 00:29:34 [38;5;009m[ERROR]: [0mThis is a error message from thread 418-09-2026 00:29:34 [38;5;015m[INFO]: [0mThis is a info message from thread 2318-09-2026 00:29:34 [38;5;117m[DEBUG]: [0mThis is a debug message from thread 1618-09-2026 00:29:34 [38;5;117m[DEBUG]: [0mThis is a debug message from thread 118-09-2026 00:29:34 [38;5;009m[ERROR]: [0mThis is a error message from thread 1518-09-2026 00:29:34 [38;5;117m[DEBUG]: [0mThis is a debug message from thread 1518-09-2026 00:29:34 [38;5;117m[DEBUG]: [0mThis is a debug message from thread 1218-09-2026 00:29:34 [38;5;117m[DEBUG]: [0mThis is a debug message from thread 718-09-2026 00:29:34 [38;5;009m[ERROR]: [0mThis is a error message from thread 1418-09-2026 00:29:34 [38;5;015m[INFO]: [0mThis is a info message from thread 818-09-2026 00:29:34 [38;5;015m[INFO]: [0mThis is a info message from thread 1618-09-2026 00:29:34 [38;5;117m[DEBUG]: [0mThis is a debug message from thread 1418-09-2026 00:29:34 [38;5;117m[DEBUG]: [0mThis is a debug message from thread 2418-09-2026 00:29:34 [38;5;015m[INFO]: [0mThis is a info message from thread 2818-09-2026 00:29:34 [38;5;009m[ERROR]: [0mThis is a error message from thread 918-09-2026 00:29:34 [38;5;015m[INFO]: [0mThis is a info message from thread 1218-09-2026 00:29:34 [38;5;015m[INFO]: [0mThis is a info message from thread 1518-09-2026 00:29:34 [38;5;015m[INFO]: [0mThis is a info message from thread 1418-09-2026 00:29:34 [38;5;117m[DEBUG]: [0mThis is a debug message from thread 2618-09-2026 00:29:34 [38;5;015m[INFO]: [0mThis is a info message from thread 118-09-2026 00:29:34 [38;5;015m[INFO]: [0mThis is a info message from thread 718-09-2026 00:29:34 [38;5;009m[ERROR]: [0mThis is a error message from thread 1518-09-2026 00:29:34 [38;5;009m[ERROR]: [0mThis is a error message from thread 1118-09-2026 00:29:34 [38;5;015m[INFO]: [0mThis is a info message from thread 218-09-2026 00:29:34 [38;5;009m[ERROR]: [0mThis is a error message from thread 2818-09-2026 00:29:34 [38;5;015m[INFO]: [0mThis is a info message from thread 2418-09-2026 00:29:34 [38;5;009m[ERROR]: [0mThis is a error message from thread 218-09-2026 00:29:34 [38;5;009m[ERROR]: [0mThis is a error message from thread 118-09-2026 00:29:34 [38;5;117m[DEBUG]: [0mThis is a debug message from thread 218-09-2026 00:29:34 [38;5;009m[ERROR]: [0mThis is a error message from thread 1418-09-2026 00:29:34 [38;5;117m[DEBUG]: [0mThis is a debug message from thread 118-09-2026 00:29:34 [38;5;117m[DEBUG]: [0mThis is a debug message from thread 1118-09-2026 00:29:34 [38;5;015m[INFO]: [0mThis is a info message from thread 118-09-2026 00:29:34 [38;5;117m[DEBUG]: [0mThis is a debug message from thread 1518-09-2026 00:29:34 [38;5;009m[ERROR]: [0mThis is a error message from thread 1318-09-2026 00:29:34 [38;5;009m[ERROR]: [0mThis is a error message from thread 2418-09-2026 00:29:34 [38;5;117m[DEBUG]: [0mThis is a debug message from thread 1018-09-2026 00:29:34 [38;5;015m[INFO]: [0mThis is a info message from thread 2918-09-2026 00:29:34 [38;5;009m[ERROR]: [0mThis is a error message from thread 118-09-2026 00:29:34 [38;5;015m[INFO]: [0mThis is a info message from thread 2118-09-2026 00:29:34 [38;5;117m[DEBUG]: [0mThis is a debug message from thread 918-09-2026 00:29:34 [38;5;015m[INFO]: [0mThis is a info message from thread 918-09-2026 00:29:34 [38;5;117m[DEBUG]: [0mThis is a debug message from thread 118-09-2026 00:29:34 [38;5;117m[DEBUG]: [0mThis is a debug message from thread 2418-09-2026 00:29:34 [38;5;117m[DEBUG]: [0mThis is a debug message from thread 018-09-2026 00:29:34 [38;5;009m[ERROR]: [0mThis is a error message from thread 918-09-2026 00:29:34 [38;5;015m[INFO]: [0mThis is a info message from thread 2418-09-2026 00:29:34 [38;5;009m[ERROR]: [0mThis is a error message from thread 818-09-2026 00:29:34 [38;5;015m[INFO]: [0mThis is a info message from thread 018-09-2026 00:29:34 [38;5;117m[DEBUG]: [0mThis is a debug message from thread 918-09-2026 00:29:34 [38;5;015m[INFO]: [0mThis is a info message from thread 2018-09-2026 00:29:34 [38;5;015m[INFO]: [0mThis is a info message from thread 2618-09-2026 00:29:34 [38;5;009m[ERROR]: [0mThis is a error message from thread 618-09-2026 00:29:34 [38;5;117m[DEBUG]: [0mThis is a debug message from thread 518-09-2026 00:29:34 [38;5;009m[ERROR]: [0mThis is a error message from thread 2718-09-2026 00:29:34 [38;5;117m[DEBUG]: [0mThis is a debug message from thread 1918-09-2026 00:29:34 [38;5;009m[ERROR]: [0mThis is a error message from thread 2018-09-2026 00:29:34 [38;5;009m[ERROR]: [0mThis is a error message from thread 018-09-2026 00:29:34 [38;5;015m[INFO]: [0mThis is a info message from thread 1518-09-2026 00:29:34 [38;5;117m[DEBUG]: [0mThis is a debug message from thread 2518-09-2026 00:29:34 [38;5;009m[ERROR]: [0mThis is a error message from thread 2318-09-2026 00:29:34 [38;5;009m[ERROR]: [0mThis is a error message from thread 1518-09-2026 00:29:34 [38;5;015m[INFO]: [0mThis is a info message from thread 918-09-2026 00:29:34 [38;5;117m[DEBUG]: [0mThis is a debug message from thread 618-09-2026 00:29:34 [38;5;015m[INFO]: [0mThis is a info message from thread 1918-09-2026 00:29:34 [38;5;117m[DEBUG]: [0mThis is a debug message from thread 1518-09-2026 00:29:34 [38;5;117m[DEBUG]: [0mThis is a debug message from thread 018-09-2026 00:29:34 [38;5;015m[INFO]: [0mThis is a info message from thread 218-09-2026 00:29:34 [38;5;117m[DEBUG]: [0mThis is a debug message from thread 2718-09-2026 00:29:34 [38;5;015m[INFO]: [0mThis is a info message from thread 2718-09-2026 00:29:34 [38;5;009m[ERROR]: [0mThis is a error message from thread 218-09-2026 00:29:34 [38;5;117m[DEBUG]: [0mThis is a debug message from thread 2818-09-2026 00:29:34 [38;5;015m[INFO]: [0mThis is a info message from thread 1518-09-2026 00:29:34 [38;5;009m[ERROR]: [0mThis is a error message from thread 2118-09-2026 00:29:34 [38;5;009m[ERROR]: [0mThis is a error message from thread 1918-09-2026 00:29:34 [38;5;009m[ERROR]: [0mThis is a error message from thread 1518-09-2026 00:29:34 [38;5;117m[DEBUG]: [0mThis is a debug message from thread 1918-09-2026 00:29:34 [38;5;015m[INFO]: [0mThis is a info message from thread 2518-09-2026 00:29:34 [38;5;009m[ERROR]: [0mThis is a error message from thread 1818-09-2026 00:29:34 [38;5;117m[DEBUG]: [0mThis is a debug message from thread 1718-09-2026 00:29:34 [38;5;015m[INFO]: [0mThis is a info message from thread 1018-09-2026 00:29:34 [38;5;117m[DEBUG]: [0mThis is a debug message from thread 2118-09-2026 00:29:34 [38;5;015m[INFO]: [0mThis is a info message from thread 018-09-2026 00:29:34 [38;5;117m[DEBUG]: [0mThis is a debug message from thread 1418-09-2026 00:29:34 [38;5;009m[ERROR]: [0mThis is a error message from thread 2618-09-2026 00:29:34 [38;5;009m[ERROR]: [0mThis is a error message from thread 918-09-2026 00:29:34 [38;5;009m[ERROR]: [0mThis is a error message from thread 2718-09-2026 00:29:34 [38;5;009m[ERROR]: [0mThis is a error message from thread 718-09-2026 00:29:34 [38;5;015m[INFO]: [0mThis is a info message from thread 1718-09-2026 00:29:34 [38;5;015m[INFO]: [0mThis is a info message from thread 2818-09-2026 00:29:34 [38;5;015m[INFO]: [0mThis is a info message from thread 318-09-2026 00:29:34 [38;5;009m[ERROR]: [0mThis is a error message from thread 2918-09-2026 00:29:34 [38;5;015m[INFO]: [0mThis is a info message from thread 1918-09-2026 00:29:34 [38;5;117m[DEBUG]: [0mThis is a debug message from thread 2318-09-2026 00:29:34 [38;5;117m[DEBUG]: [0mThis is a debug message from thread 918-09-2026 00:29:34 [38;5;117m[DEBUG]: [0mThis is a debug message from thread 718-09-2026 00:29:34 [38;5;009m[ERROR]: [0mThis is a error message from thread 1718-09-2026 00:29:34 [38;5;117m[DEBUG]: [0mThis is a debug message from thread 418-09-2026 00:29:34 [38;5;117m[DEBUG]: [0mThis is a debug message from thread 818-09-2026 00:29:34 [38;5;015m[INFO]: [0mThis is a info message from thread 118-09-2026 00:29:34 [38;5;117m[DEBUG]: [0mThis is a debug message from thread 1818-09-2026 00:29:34 [38;5;009m[ERROR]: [0mThis is a error message from thread 2818-09-2026 00:29:34 [38;5;009m[ERROR]: [0mThis is a error message from thread 1618-09-2026 00:29:34 [38;5;015m[INFO]: [0mThis is a info message from thread 1818-09-2026 00:29:34 [38;5;117m[DEBUG]: [0mThis is a debug message from thread 2918-09-2026 00:29:34 [38;5;015m[INFO]: [0mThis is a info message from thread 718-09-2026 00:29:34 [38;5;015m[INFO]: [0mThis is a info message from thread 418-09-2026 00:29:34 [38;5;015m[INFO]: [0mThis is a info message from thread 818-09-2026 00:29:34 [38;5;009m[ERROR]: [0mThis is a error message from thread 318-09-2026 00:29:34 [38;5;009m[ERROR]: [0mThis is a error message from thread 1918-09-2026 00:29:34 [38;5;009m[ERROR]: [0mThis is a error message from thread 1818-09-2026 00:29:34 [38;5;117m[DEBUG]: [0mThis is a debug message from thread 1618-09-2026 00:29:34 [38;5;009m[ERROR]: [0mThis is a error message from thread 718-09-2026 00:29:34 [38;5;009m[ERROR]: [0mThis is a error message from thread 418-09-2026 00:29:34 [38;5;117m[DEBUG]: [0mThis is a debug message from thread 318-09-2026 00:29:34 [38;5;117m[DEBUG]: [0mThis is a debug message from thread 1718-09-2026 00:29:34 [38;5;117m[DEBUG]: [0mThis is a debug message from thread 1818-09-2026 00:29:34 [38;5;015m[INFO]: [0mThis is a info message from thread 2918-09-2026 00:29:34 [38;5;117m[DEBUG]: [0mThis is a debug message from thread 418-09-2026 00:29:34 [38;5;015m[INFO]: [0mThis is a info message from thread 1718-09-2026 00:29:34 [38;5;015m[INFO]: [0mThis is a info message from thread 1818-09-2026 00:29:34 [38;5;015m[INFO]: [0mThis is a info message from thread 318-09-2026 00:29:34 [38;5;015m[INFO]: [0mThis is a info message from thread 418-09-2026 00:29:34 [38;5;117m[DEBUG]: [0mThis is a debug message from thread 2818-09-2026 00:29:34 [38;5;009m[ERROR]: [0mThis is a error message from thread 018-09-2026 00:29:34 [38;5;117m[DEBUG]: [0mThis is a debug message from thread 718-09-2026 00:29:34 [38;5;117m[DEBUG]: [0mThis is a debug message from thread 1918-09-2026 00:29:34 [38;5;009m[ERROR]: [0mThis is a error message from thread 418-09-2026 00:29:34 [38;5;009m[ERROR]: [0mThis is a error message from thread 1818-09-2026 00:29:34 [38;5;015m[INFO]: [0mThis is a info message from thread 1418-09-2026 00:29:34 [38;5;117m[DEBUG]: [0mThis is a debug message from thread 1518-09-2026 00:29:34 [38;5;015m[INFO]: [0mThis is a info message from thread 718-09-2026 00:29:34 [38;5;009m[ERROR]: [0mThis is a error message from thread 2918-09-2026 00:29:34 [38;5;009m[ERROR]: [0mThis is a error message from thread 318-09-2026 00:29:34 [38;5;015m[INFO]: [0mThis is a info message from thread 1918-09-2026 00:29:34 [38;5;117m[DEBUG]: [0mThis is a debug message from thread 2218-09-2026 00:29:34 [38;5;015m[INFO]: [0mThis is a info message from thread 618-09-2026 00:29:34 [38;5;117m[DEBUG]: [0mThis is a debug message from thread 2718-09-2026 00:29:34 [38;5;009m[ERROR]: [0mThis is a error message from thread 1418-09-2026 00:29:34 [38;5;117m[DEBUG]: [0mThis is a debug message from thread 1818-09-2026 00:29:34 [38;5;015m[INFO]: [0mThis is a info message from thread 2118-09-2026 00:29:34 [38;5;117m[DEBUG]: [0mThis is a debug message from thread 2918-09-2026 00:29:34 [38;5;009m[ERROR]: [0mThis is a error message from thread 718-09-2026 00:29:34 [38;5;015m[INFO]: [0mThis is a info message from thread 1818-09-2026 00:29:34 [38;5;117m[DEBUG]: [0mThis is a debug message from thread 318-09-2026 00:29:34 [38;5;015m[INFO]: [0mThis is a info message from thread 2718-09-2026 00:29:34 [38;5;015m[INFO]: [0mThis is a info message from thread 2818-09-2026 00:29:34 [38;5;009m[ERROR]: [0mThis is a error message from thread 1918-09-2026 00:29:34 [38;5;015m[INFO]: [0mThis is a info message from thread 2218-09-2026 00:29:34 [38;5;009m[ERROR]: [0mThis is a error message from thread 1818-09-2026 00:29:34 [38;5;009m[ERROR]: [0mThis is a error message from thread 2718-09-2026 00:29:34 [38;5;117m[DEBUG]: [0mThis is a debug message from thread 718-09-2026 00:29:34 [38;5;117m[DEBUG]: [0mThis is a debug message from thread 1418-09-2026 00:29:34 [38;5;117m[DEBUG]: [0mThis is a debug message from thread 1918-09-2026 00:29:34 [38;5;009m[ERROR]: [0mThis is a error message from thread 2818-09-2026 00:29:34 [38;5;117m[DEBUG]: [0mThis is a debug message from thread 1318-09-2026 00:29:34 [38;5;117m[DEBUG]: [0mThis is a debug message from thread 218-09-2026 00:29:34 [38;5;009m[ERROR]: [0mThis is a error message from thread 2218-09-2026 00:29:34 [38;5;015m[INFO]: [0mThis is a info message from thread 718-09-2026 00:29:34 [38;5;015m[INFO]: [0mThis is a info message from thread 1418-09-2026 00:29:34 [38;5;009m[ERROR]: [0mThis is a error message from thread 2518-09-2026 00:29:34 [38;5;117m[DEBUG]: [0mThis is a debug message from thread 2718-09-2026 00:29:34 [38;5;117m[DEBUG]: [0mThis is a debug message from thread 2518-09-2026 00:29:34 [38;5;015m[INFO]: [0mThis is a info message from thread 2718-09-2026 00:29:34 [38;5;015m[INFO]: [0mThis is a info message from thread 1318-09-2026 00:29:34 [38;5;015m[INFO]: [0mThis is a info message from thread 318-09-2026 00:29:34 [38;5;009m[ERROR]: [0mThis is a error message from thread 818-09-2026 00:29:34 [38;5;015m[INFO]: [0mThis is a info message from thread 218-09-2026 00:29:34 [38;5;015m[INFO]: [0mThis is a info message from thread 2518-09-2026 00:29:34 [38;5;009m[ERROR]: [0mThis is a error message from thread 2718-09-2026 00:29:34 [38;5;009m[ERROR]: [0mThis is a error message from thread 1418-09-2026 00:29:34 [38;5;009m[ERROR]: [0mThis is a error message from thread 2518-09-2026 00:29:34 [38;5;117m[DEBUG]: [0mThis is a debug message from thread 818-09-2026 00:29:34 [38;5;015m[INFO]: [0mThis is a info message from thread 1918-09-2026 00:29:34 [38;5;117m[DEBUG]: [0mThis is a debug message from thread 2518-09-2026 00:29:34 [38;5;015m[INFO]: [0mThis is a info message from thread 1518-09-2026 00:29:34 [38;5;009m[ERROR]: [0mThis is a error message from thread 218-09-2026 00:29:34 [38;5;009m[ERROR]: [0mThis is a error message from thread 1318-09-2026 00:29:34 [38;5;009m[ERROR]: [0mThis is a error message from thread 318-09-2026 00:29:34 [38;5;117m[DEBUG]: [0mThis is a debug message from thread 2018-09-2026 00:29:34 [38;5;117m[DEBUG]: [0mThis is a debug message from thread 2718-09-2026 00:29:34 [38;5;015m[INFO]: [0mThis is a info message from thread 818-09-2026 00:29:34 [38;5;009m[ERROR]: [0mThis is a error message from thread 1518-09-2026 00:29:34 [38;5;117m[DEBUG]: [0mThis is a debug message from thread 218-09-2026 00:29:34 [38;5;015m[INFO]: [0mThis is a info message from thread 2518-09-2026 00:29:34 [38;5;015m[INFO]: [0mThis is a info message from thread 2718-09-2026 00:29:34 [38;5;015m[INFO]: [0mThis is a info message from thread 2918-09-2026 00:29:34 [38;5;015m[INFO]: [0mThis is a info message from thread 518-09-2026 00:29:34 [38;5;015m[INFO]: [0mThis is a info message from thread 918-09-2026 00:29:34 [38;5;009m[ERROR]: [0mThis is a error message from thread 618-09-2026 00:29:34 [38;5;117m[DEBUG]: [0mThis is a debug message from thread 1818-09-2026 00:29:34 [38;5;015m[INFO]: [0mThis is a info message from thread 1118-09-2026 00:29:34 [38;5;009m[ERROR]: [0mThis is a error message from thread 718-09-2026 00:29:34 [38;5;009m[ERROR]: [0mThis is a error message from thread 118-09-2026 00:29:34 [38;5;009m[ERROR]: [0mThis is a error message from thread 2918-09-2026 00:29:34 [38;5;117m[DEBUG]: [0mThis is a debug message from thread 318-09-2026 00:29:34 [38;5;117m[DEBUG]: [0mThis is a debug message from thread 1518-09-2026 00:29:34 [38;5;117m[DEBUG]: [0mThis is a debug message from thread 618-09-2026 00:29:34 [38;5;015m[INFO]: [0mThis is a info message from thread 1818-09-2026 00:29:34 [38;5;015m[INFO]: [0mThis is a info message from thread 2318-09-2026 00:29:34 [38;5;117m[DEBUG]: [0mThis is a debug message from thread 2218-09-2026 00:29:34 [38;5;117m[DEBUG]: [0mThis is a debug message from thread 1418-09-2026 00:29:34 [38;5;117m[DEBUG]: [0mThis is a debug message from thread 2918-09-2026 00:29:34 [38;5;015m[INFO]: [0mThis is a info message from thread 1618-09-2026 00:29:34 [38;5;117m[DEBUG]: [0mThis is a debug message from thread 018-09-2026 00:29:34 [38;5;015m[INFO]: [0mThis is a info message from thread 1418-09-2026 00:29:34 [38;5;117m[DEBUG]: [0mThis is a debug message from thread 2818-09-2026 00:29:34 [38;5;009m[ERROR]: [0mThis is a error message from thread 518-09-2026 00:29:34 [38;5;009m[ERROR]: [0mThis is a error message from thread 818-09-2026 00:29:34 [38;5;009m[ERROR]: [0mThis is a error message from thread 2418-09-2026 00:29:34 [38;5;009m[ERROR]: [0mThis is a error message from thread 2518-09-2026 00:29:34 [38;5;009m[ERROR]: [0mThis is a error message from thread 1818-09-2026 00:29:34 [38;5;009m[ERROR]: [0mThis is a error message from thread 1118-09-2026 00:29:34 [38;5;009m[ERROR]: [0mThis is a error message from thread 1218-09-2026 00:29:34 [38;5;009m[ERROR]: [0mThis is a error message from thread 2118-09-2026 00:29:34 [38;5;009m[ERROR]: [0mThis is a error message from thread 2318-09-2026 00:29:34 [38;5;009m[ERROR]: [0mThis is a error message from thread 1918-09-2026 00:29:34 [38;5;117m[DEBUG]: [0mThis is a debug message from thread 1318-09-2026 00:29:34 [38;5;015m[INFO]: [0mThis is a info message from thread 218-09-2026 00:29:34 [38;5;015m[INFO]: [0mThis is a info message from thread 2918-09-2026 00:29:34 [38;5;117m[DEBUG]: [0mThis is a debug message from thread 2418-09-2026 00:29:34 [38;5;015m[INFO]: [0mThis is a info message from thread 1318-09-2026 00:29:34 [38;5;117m[DEBUG]: [0mThis is a debug message from thread 1218-09-2026 00:29:34 [38;5;015m[INFO]: [0mThis is a info message from thread 2418-09-2026 00:29:34 [38;5;117m[DEBUG]: [0mThis is a debug message from thread 1918-09-2026 00:29:34 [38;5;009m[ERROR]: [0mThis is a error message from thread 2418-09-2026 00:29:34 [38;5;015m[INFO]: [0mThis is a info message from thread 1218-09-2026 00:29:34 [38;5;009m[ERROR]: [0mThis is a error message from thread 218-09-2026 00:29:34 [38;5;009m[ERROR]: [0mThis is a error message from thread 2918-09-2026 00:29:34 [38;5;117m[DEBUG]: [0mThis is a debug message from thread 2118-09-2026 00:29:34 [38;5;015m[INFO]: [0mThis is a info message from thread 1918-09-2026 00:29:34 [38;5;015m[INFO]: [0mThis is a info message from thread 2018-09-2026 00:29:34 [38;5;009m[ERROR]: [0mThis is a error message from thread 1018-09-2026 00:29:34 [38;5;009m[ERROR]: [0mThis is a error message from thread 1318-09-2026 00:29:34 [38;5;117m[DEBUG]: [0mThis is a debug message from thread 2418-09-2026 00:29:34 [38;5;009m[ERROR]: [0mThis is a error message from thread 2018-09-2026 00:29:34 [38;5;117m[DEBUG]: [0mThis is a debug message from thread 118-09-2026 00:29:34 [38;5;009m[ERROR]: [0mThis is a error message from thread 1418-09-2026 00:29:34 [38;5;009m[ERROR]: [0mThis is a error message from thread 1218-09-2026 00:29:34 [38;5;015m[INFO]: [0mThis is a info message from thread 618-09-2026 00:29:34 [38;5;015m[INFO]: [0mThis is a info message from thread 2118-09-2026 00:29:34 [38;5;117m[DEBUG]: [0mThis is a debug message from thread 718-09-2026 00:29:34 [38;5;117m[DEBUG]: [0mThis is a debug message from thread 2018-09-2026 00:29:34 [38;5;015m[INFO]: [0mThis is a info message from thread 718-09-2026 00:29:34 [38;5;117m[DEBUG]: [0mThis is a debug message from thread 218-09-2026 00:29:34 [38;5;117m[DEBUG]: [0mThis is a debug message from thread 1218-09-2026 00:29:34 [38;5;015m[INFO]: [0mThis is a info message from thread 2418-09-2026 00:29:34 [38;5;009m[ERROR]: [0mThis is a error message from thread 618-09-2026 00:29:34 [38;5;117m[DEBUG]: [0mThis is a debug message from thread 2618-09-2026 00:29:34 [38;5;009m[ERROR]: [0mThis is a error message from thread 1618-09-2026 00:29:34 [38;5;117m[DEBUG]: [0mThis is a debug message from thread 2318-09-2026 00:29:34 [38;5;117m[DEBUG]: [0mThis is a debug message from thread 518-09-2026 00:29:34 [38;5;117m[DEBUG]: [0mThis is a debug message from thread 1318-09-2026 00:29:34 [38;5;015m[INFO]: [0mThis is a info message from thread 1218-09-2026 00:29:34 [38;5;015m[INFO]: [0mThis is a info message from thread 218-09-2026 00:29:34 [38;5;009m[ERROR]: [0mThis is a error message from thread 218-09-2026 00:29:34 [38;5;015m[INFO]: [0mThis is a info message from thread 318-09-2026 00:29:34 [38;5;009m[ERROR]: [0mThis is a error message from thread 2118-09-2026 00:29:34 [38;5;009m[ERROR]: [0mThis is a error message from thread 2418-09-2026 00:29:34 [38;5;009m[ERROR]: [0mThis is a error message from thread 1218-09-2026 00:29:34 [38;5;015m[INFO]: [0mThis is a info message from thread 1318-09-2026 00:29:34 [38;5;009m[ERROR]: [0mThis is a error message from thread 318-09-2026 00:29:34 [38;5;015m[INFO]: [0mThis is a info message from thread 2618-09-2026 00:29:34 [38;5;117m[DEBUG]: [0mThis is a debug message from thread 318-09-2026 00:29:34 [38;5;117m[DEBUG]: [0mThis is a debug message from thread 1818-09-2026 00:29:34 [38;5;117m[DEBUG]: [0mThis is a debug message from thread 218-09-2026 00:29:34 [38;5;015m[INFO]: [0mThis is a info message from thread 1818-09-2026 00:29:34 [38;5;015m[INFO]: [0mThis is a info message from thread 318-09-2026 00:29:34 [38;5;117m[DEBUG]: [0mThis is a debug message from thread 2418-09-2026 00:29:34 [38;5;009m[ERROR]: [0mThis is a error message from thread 2618-09-2026 00:29:34 [38;5;117m[DEBUG]: [0mThis is a debug message from thread 2118-09-2026 00:29:34 [38;5;117m[DEBUG]: [0mThis is a debug message from thread 1118-09-2026 00:29:34 [38;5;015m[INFO]: [0mThis is a info message from thread 518-09-2026 00:29:34 [38;5;009m[ERROR]: [0mThis is a error message from thread 1318-09-2026 00:29:34 [38;5;117m[DEBUG]: [0mThis is a debug message from thread 1018-09-2026 00:29:34 [38;5;015m[INFO]: [0mThis is a info message from thread 2418-09-2026 00:29:34 [38;5;117m[DEBUG]: [0mThis is a debug message from thread 418-09-2026 00:29:34 [38;5;117m[DEBUG]: [0mThis is a debug message from thread 1418-09-2026 00:29:34 [38;5;015m[INFO]: [0mThis is a info message from thread 018-09-2026 00:29:34 [38;5;117m[DEBUG]: [0mThis is a debug message from thread 2518-09-2026 00:29:34 [38;5;117m[DEBUG]: [0mThis is a debug message from thread 2618-09-2026 00:29:34 [38;5;009m[ERROR]: [0mThis is a error message from thread 2418-09-2026 00:29:34 [38;5;015m[INFO]: [0mThis is a info message from thread 418-09-2026 00:29:34 [38;5;015m[INFO]: [0mThis is a info message from thread 2818-09-2026 00:29:34 [38;5;009m[ERROR]: [0mThis is a error message from thread 018-09-2026 00:29:34 [38;5;009m[ERROR]: [0mThis is a error message from thread 518-09-2026 00:29:34 [38;5;015m[INFO]: [0mThis is a info message from thread 2118-09-2026 00:29:34 [38;5;009m[ERROR]: [0mThis is a error message from thread 2818-09-2026 00:29:34 [38;5;117m[DEBUG]: [0mThis is a debug message from thread 018-09-2026 00:29:34 [38;5;015m[INFO]: [0mThis is a info message from thread 1418-09-2026 00:29:34 [38;5;009m[ERROR]: [0mThis is a error message from thread 1918-09-2026 00:29:34 [38;5;009m[ERROR]: [0mThis is a error message from thread 418-09-2026 00:29:34 [38;5;015m[INFO]: [0mThis is a info message from thread 2518-09-2026 00:29:34 [38;5;117m[DEBUG]: [0mThis is a debug message from thread 2818-09-2026 00:29:34 [38;5;015m[INFO]: [0mThis is a info message from thread 2618-09-2026 00:29:34 [38;5;117m[DEBUG]: [0mThis is a debug message from thread 2418-09-2026 00:29:34 [38;5;015m[INFO]: [0mThis is a info message from thread 1018-09-2026 00:29:34 [38;5;117m[DEBUG]: [0mThis is a debug message from thread 418-09-2026 00:29:34 [38;5;117m[DEBUG]: [0mThis is a debug message from thread 518-09-2026 00:29:34 [38;5;009m[ERROR]: [0mThis is a error message from thread 2718-09-2026 00:29:34 [38;5;015m[INFO]: [0mThis is a info message from thread 2318-09-2026 00:29:34 [38;5;009m[ERROR]: [0mThis is a error message from thread 1418-09-2026 00:29:34 [38;5;009m[ERROR]: [0mThis is a error message from thread 2518-09-2026 00:29:34 [38;5;117m[DEBUG]: [0mThis is a debug message from thread 1918-09-2026 00:29:34 [38;5;015m[INFO]: [0mThis is a info message from thread 2218-09-2026 00:29:34 [38;5;009m[ERROR]: [0mThis is a error message from thread 718-09-2026 00:29:34 [38;5;009m[ERROR]: [0mThis is a error message from thread 2218-09-2026 00:29:34 [38;5;015m[INFO]: [0mThis is a info message from thread 018-09-2026 00:29:34 [38;5;117m[DEBUG]: [0mThis is a debug message from thread 1418-09-2026 00:29:34 [38;5;015m[INFO]: [0mThis is a info message from thread 1118-09-2026 00:29:34 [38;5;117m[DEBUG]: [0mThis is a debug message from thread 2218-09-2026 00:29:34 [38;5;015m[INFO]: [0mThis is a info message from thread 118-09-2026 00:29:34 [38;5;015m[INFO]: [0mThis is a info message from thread 1918-09-2026 00:29:34 [38;5;117m[DEBUG]: [0mThis is a debug message from thread 1318-09-2026 00:29:34 [38;5;117m[DEBUG]: [0mThis is a debug message from thread 1618-09-2026 00:29:34 [38;5;015m[INFO]: [0mThis is a info message from thread 1518-09-2026 00:29:34 [38;5;009m[ERROR]: [0mThis is a error message from thread 018-09-2026 00:29:34 [38;5;117m[DEBUG]: [0mThis is a debug message from thread 818-09-2026 00:29:34 [38;5;009m[ERROR]: [0mThis is a error message from thread 1018-09-2026 00:29:34 [38;5;015m[INFO]: [0mThis is a info message from thread 2218-09-2026 00:29:34 [38;5;015m[INFO]: [0mThis is a info message from thread 518-09-2026 00:29:34 [38;5;015m[INFO]: [0mThis is a info message from thread 818-09-2026 00:29:34 [38;5;117m[DEBUG]: [0mThis is a debug message from thread 2918-09-2026 00:29:34 [38;5;009m[ERROR]: [0mThis is a error message from thread 918-09-2026 00:29:34 [38;5;009m[ERROR]: [0mThis is a error message from thread 1918-09-2026 00:29:34 [38;5;009m[ERROR]: [0mThis is a error message from thread 818-09-2026 00:29:34 [38;5;015m[INFO]: [0mThis is a info message from thread 218-09-2026 00:29:34 [38;5;009m[ERROR]: [0mThis is a error message from thread 1118-09-2026 00:29:34 [38;5;015m[INFO]: [0mThis is a info message from thread 1618-09-2026 00:29:34 [38;5;117m[DEBUG]: [0mThis is a debug message from thread 1218-09-2026 00:29:34 [38;5;015m[INFO]: [0mThis is a info message from thread 2818-09-2026 00:29:34 [38;5;117m[DEBUG]: [0mThis is a debug message from thread 818-09-2026 00:29:34 [38;5;015m[INFO]: [0mThis is a info message from thread 1318-09-2026 00:29:34 [38;5;117m[DEBUG]: [0mThis is a debug message from thread 918-09-2026 00:29:34 [38;5;009m[ERROR]: [0mThis is a error message from thread 2118-09-2026 00:29:34 [38;5;015m[INFO]: [0mThis is a info message from thread 918-09-2026 00:29:34 [38;5;009m[ERROR]: [0mThis is a error message from thread 1618-09-2026 00:29:34 [38;5;015m[INFO]: [0mThis is a info message from thread 418-09-2026 00:29:34 [38;5;009m[ERROR]: [0mThis is a error message from thread 918-09-2026 00:29:34 [38;5;009m[ERROR]: [0mThis is a error message from thread 2818-09-2026 00:29:34 [38;5;117m[DEBUG]: [0mThis is a debug message from thread 2118-09-2026 00:29:34 [38;5;117m[DEBUG]: [0mThis is a debug message from thread 1118-09-2026 00:29:34 [38;5;015m[INFO]: [0mThis is a info message from thread 1218-09-2026 00:29:34 [38;5;009m[ERROR]: [0mThis is a error message from thread 1318-09-2026 00:29:34 [38;5;015m[INFO]: [0mThis is a info message from thread 2118-09-2026 00:29:34 [38;5;117m[DEBUG]: [0mThis is a debug message from thread 2818-09-2026 00:29:34 [38;5;009m[ERROR]: [0mThis is a error message from thread 2118-09-2026 00:29:34 [38;5;009m[ERROR]: [0mThis is a error message from thread 1718-09-2026 00:29:34 [38;5;009m[ERROR]: [0mThis is a error message from thread 1218-09-2026 00:29:34 [38;5;009m[ERROR]: [0mThis is a error message from thread 518-09-2026 00:29:34 [38;5;117m[DEBUG]: [0mThis is a debug message from thread 1618-09-2026 00:29:34 [38;5;117m[DEBUG]: [0mThis is a debug message from thread 918-09-2026 00:29:34 [38;5;015m[INFO]: [0mThis is a info message from thread 1118-09-2026 00:29:34 [38;5;117m[DEBUG]: [0mThis is a debug message from thread 2118-09-2026 00:29:34 [38;5;117m[DEBUG]: [0mThis is a debug message from thread 2718-09-2026 00:29:34 [38;5;015m[INFO]: [0mThis is a info message from thread 2018-09-2026 00:29:34 [38;5;009m[ERROR]: [0mThis is a error message from thread 2018-09-2026 00:29:34 [38;5;117m[DEBUG]: [0mThis is a debug message from thread 1318-09-2026 00:29:34 [38;5;117m[DEBUG]: [0mThis is a debug message from thread 1218-09-2026 00:29:34 [38;5;009m[ERROR]: [0mThis is a error message from thread 1118-09-2026 00:29:34 [38;5;015m[INFO]: [0mThis is a info message from thread 2118-09-2026 00:29:34 [38;5;015m[INFO]: [0mThis is a info message from thread 1218-09-2026 00:29:34 [38;5;009m[ERROR]: [0mThis is a error message from thread 2118-09-2026 00:29:34 [38;5;117m[DEBUG]: [0mThis is a debug message from thread 718-09-2026 00:29:34 [38;5;015m[INFO]: [0mThis is a info message from thread 2918-09-2026 00:29:34 [38;5;015m[INFO]: [0mThis is a info message from thread 1318-09-2026 00:29:34 [38;5;009m[ERROR]: [0mThis is a error message from thread 1218-09-2026 00:29:34 [38;5;009m[ERROR]: [0mThis is a error message from thread 2618-09-2026 00:29:34 [38;5;117m[DEBUG]: [0mThis is a debug message from thread 1218-09-2026 00:29:34 [38;5;015m[INFO]: [0mThis is a info message from thread 1418-09-2026 00:29:34 [38;5;117m[DEBUG]: [0mThis is a debug message from thread 618-09-2026 00:29:34 [38;5;009m[ERROR]: [0mThis is a error message from thread 1318-09-2026 00:29:34 [38;5;009m[ERROR]: [0mThis is a error message from thread 1418-09-2026 00:29:34 [38;5;117m[DEBUG]: [0mThis is a debug message from thread 1118-09-2026 00:29:34 [38;5;009m[ERROR]: [0mThis is a error message from thread 2218-09-2026 00:29:34 [38;5;117m[DEBUG]: [0mThis is a debug message from thread 1018-09-2026 00:29:34 [38;5;117m[DEBUG]: [0mThis is a debug message from thread 018-09-2026 00:29:34 [38;5;117m[DEBUG]: [0mThis is a debug message from thread 1418-09-2026 00:29:34 [38;5;117m[DEBUG]: [0mThis is a debug message from thread 1918-09-2026 00:29:34 [38;5;015m[INFO]: [0mThis is a info message from thread 2418-09-2026 00:29:34 [38;5;009m[ERROR]: [0mThis is a error message from thread 418-09-2026 00:29:34 [38;5;117m[DEBUG]: [0mThis is a debug message from thread 1318-09-2026 00:29:34 [38;5;009m[ERROR]: [0mThis is a error message from thread 2318-09-2026 00:29:34 [38;5;015m[INFO]: [0mThis is a info message from thread 1418-09-2026 00:29:34 [38;5;117m[DEBUG]: [0mThis is a debug message from thread 1718-09-2026 00:29:34 [38;5;015m[INFO]: [0mThis is a info message from thread 1218-09-2026 00:29:34 [38;5;015m[INFO]: [0mThis is a info message from thread 1118-09-2026 00:29:34 [38;5;117m[DEBUG]: [0mThis is a debug message from thread 2218-09-2026 00:29:34 [38;5;117m[DEBUG]: [0mThis is a debug message from thread 2618-09-2026 00:29:34 [38;5;015m[INFO]: [0mThis is a info message from thread 2718-09-2026 00:29:34 [38;5;009m[ERROR]: [0mThis is a error message from thread 1818-09-2026 00:29:34 [38;5;015m[INFO]: [0mThis is a info message from thread 918-09-2026 00:29:34 [38;5;009m[ERROR]: [0mThis is a error message from thread 1218-09-2026 00:29:34 [38;5;117m[DEBUG]: [0mThis is a debug message from thread 2118-09-2026 00:29:34 [38;5;015m[INFO]: [0mThis is a info message from thread 2818-09-2026 00:29:34 [38;5;015m[INFO]: [0mThis is a info message from thread 1918-09-2026 00:29:34 [38;5;015m[INFO]: [0mThis is a info message from thread 2118-09-2026 00:29:34 [38;5;117m[DEBUG]: [0mThis is a debug message from thread 1818-09-2026 00:29:34 [38;5;117m[DEBUG]: [0mThis is a debug message from thread 1218-09-2026 00:29:34 [38;5;015m[INFO]: [0mThis is a info message from thread 1618-09-2026 00:29:34 [38;5;117m[DEBUG]: [0mThis is a debug message from thread 2318-09-2026 00:29:34 [38;5;009m[ERROR]: [0mThis is a error message from thread 2118-09-2026 00:29:34 [38;5;009m[ERROR]: [0mThis is a error message from thread 2818-09-2026 00:29:34 [38;5;009m[ERROR]: [0mThis is a error message from thread 918-09-2026 00:29:34 [38;5;015m[INFO]: [0mThis is a info message from thread 2318-09-2026 00:29:34 [38;5;009m[ERROR]: [0mThis is a error message from thread 318-09-2026 00:29:34 [38;5;009m[ERROR]: [0mThis is a error message from thread 2418-09-2026 00:29:34 [38;5;015m[INFO]: [0mThis is a info message from thread 1218-09-2026 00:29:34 [38;5;015m[INFO]: [0mThis is a info message from thread 618-09-2026 00:29:34 [38;5;117m[DEBUG]: [0mThis is a debug message from thread 2018-09-2026 00:29:34 [38;5;015m[INFO]: [0mThis is a info message from thread 2218-09-2026 00:29:34 [38;5;117m[DEBUG]: [0mThis is a debug message from thread 518-09-2026 00:29:34 [38;5;009m[ERROR]: [0mThis is a error message from thread 2318-09-2026 00:29:34 [38;5;009m[ERROR]: [0mThis is a error message from thread 618-09-2026 00:29:34 [38;5;009m[ERROR]: [0mThis is a error message from thread 118-09-2026 00:29:34 [38;5;117m[DEBUG]: [0mThis is a debug message from thread 918-09-2026 00:29:34 [38;5;117m[DEBUG]: [0mThis is a debug message from thread 618-09-2026 00:29:34 [38;5;009m[ERROR]: [0mThis is a error message from thread 1218-09-2026 00:29:34 [38;5;117m[DEBUG]: [0mThis is a debug message from thread 2818-09-2026 00:29:34 [38;5;117m[DEBUG]: [0mThis is a debug message from thread 2318-09-2026 00:29:34 [38;5;117m[DEBUG]: [0mThis is a debug message from thread 318-09-2026 00:29:34 [38;5;015m[INFO]: [0mThis is a info message from thread 2618-09-2026 00:29:34 [38;5;117m[DEBUG]: [0mThis is a debug message from thread 118-09-2026 00:29:34 [38;5;117m[DEBUG]: [0mThis is a debug message from thread 2418-09-2026 00:29:34 [38;5;015m[INFO]: [0mThis is a info message from thread 2018-09-2026 00:29:34 [38;5;009m[ERROR]: [0mThis is a error message from thread 1618-09-2026 00:29:34 [38;5;009m[ERROR]: [0mThis is a error message from thread 2218-09-2026 00:29:34 [38;5;015m[INFO]: [0mThis is a info message from thread 2318-09-2026 00:29:34 [38;5;015m[INFO]: [0mThis is a info message from thread 918-09-2026 00:29:34 [38;5;015m[INFO]: [0mThis is a info message from thread 2818-09-2026 00:29:34 [38;5;009m[ERROR]: [0mThis is a error message from thread 2318-09-2026 00:29:34 [38;5;015m[INFO]: [0mThis is a info message from thread 118-09-2026 00:29:34 [38;5;009m[ERROR]: [0mThis is a error message from thread 2618-09-2026 00:29:34 [38;5;015m[INFO]: [0mThis is a info message from thread 618-09-2026 00:29:34 [38;5;009m[ERROR]: [0mThis is a error message from thread 2018-09-2026 00:29:34 [38;5;015m[INFO]: [0mThis is a info message from thread 318-09-2026 00:29:34 [38;5;117m[DEBUG]: [0mThis is a debug message from thread 2218-09-2026 00:29:34 [38;5;015m[INFO]: [0mThis is a info message from thread 2418-09-2026 00:29:34 [38;5;009m[ERROR]: [0mThis is a error message from thread 2818-09-2026 00:29:34 [38;5;015m[INFO]: [0mThis is a info message from thread 718-09-2026 00:29:34 [38;5;015m[INFO]: [0mThis is a info message from thread 2218-09-2026 00:29:34 [38;5;015m[INFO]: [0mThis is a info message from thread 818-09-2026 00:29:34 [38;5;015m[INFO]: [0mThis is a info message from thread 1018-09-2026 00:29:34 [38;5;117m[DEBUG]: [0mThis is a debug message from thread 2618-09-2026 00:29:34 [38;5;117m[DEBUG]: [0mThis is a debug message from thread 418-09-2026 00:29:34 [38;5;117m[DEBUG]: [0mThis is a debug message from thread 2018-09-2026 00:29:34 [38;5;117m[DEBUG]: [0mThis is a debug message from thread 2518-09-2026 00:29:34 [38;5;009m[ERROR]: [0mThis is a error message from thread 1118-09-2026 00:29:34 [38;5;009m[ERROR]: [0mThis is a error message from thread 718-09-2026 00:29:34 [38;5;015m[INFO]: [0mThis is a info message from thread 2518-09-2026 00:29:34 [38;5;117m[DEBUG]: [0mThis is a debug message from thread 1118-09-2026 00:29:34 [38;5;009m[ERROR]: [0mThis is a error message from thread 118-09-2026 00:29:34 [38;5;117m[DEBUG]: [0mThis is a debug message from thread 2818-09-2026 00:29:34 [38;5;009m[ERROR]: [0mThis is a error message from thread 818-09-2026 00:29:34 [38;5;117m[DEBUG]: [0mThis is a debug message from thread 718-09-2026 00:29:34 [38;5;117m[DEBUG]: [0mThis is a debug message from thread 118-09-2026 00:29:34 [38;5;009m[ERROR]: [0mThis is a error message from thread 2518-09-2026 00:29:34 [38;5;015m[INFO]: [0mThis is a info message from thread 1118-09-2026 00:29:34 [38;5;009m[ERROR]: [0mThis is a error message from thread 218-09-2026 00:29:34 [38;5;117m[DEBUG]: [0mThis is a debug message from thread 2318-09-2026 00:29:34 [38;5;015m[INFO]: [0mThis is a info message from thread 2818-09-2026 00:29:34 [38;5;015m[INFO]: [0mThis is a info message from thread 1318-09-2026 00:29:34 [38;5;015m[INFO]: [0mThis is a info message from thread 718-09-2026 00:29:34 [38;5;009m[ERROR]: [0mThis is a error message from thread 2718-09-2026 00:29:34 [38;5;009m[ERROR]: [0mThis is a error message from thread 2218-09-2026 00:29:34 [38;5;009m[ERROR]: [0mThis is a error message from thread 1018-09-2026 00:29:34 [38;5;009m[ERROR]: [0mThis is a error message from thread 1918-09-2026 00:29:34 [38;5;015m[INFO]: [0mThis is a info message from thread 2018-09-2026 00:29:34 [38;5;117m[DEBUG]: [0mThis is a debug message from thread 218-09-2026 00:29:34 [38;5;117m[DEBUG]: [0mThis is a debug message from thread 2118-09-2026 00:29:34 [38;5;009m[ERROR]: [0mThis is a error message from thread 1518-09-2026 00:29:34 [38;5;117m[DEBUG]: [0mThis is a debug message from thread 1518-09-2026 00:29:34 [38;5;015m[INFO]: [0mThis is a info message from thread 518-09-2026 00:29:34 [38;5;117m[DEBUG]: [0mThis is a debug message from thread 2218-09-2026 00:29:34 [38;5;015m[INFO]: [0mThis is a info message from thread 118-09-2026 00:29:34 [38;5;009m[ERROR]: [0mThis is a error message from thread 2018-09-2026 00:29:34 [38;5;009m[ERROR]: [0mThis is a error message from thread 118-09-2026 00:29:34 [38;5;015m[INFO]: [0mThis is a info message from thread 218-09-2026 00:29:34 [38;5;117m[DEBUG]: [0mThis is a debug message from thread 1218-09-2026 00:29:34 [38;5;009m[ERROR]: [0mThis is a error message from thread 718-09-2026 00:29:34 [38;5;015m[INFO]: [0mThis is a info message from thread 1518-09-2026 00:29:34 [38;5;015m[INFO]: [0mThis is a info message from thread 2118-09-2026 00:29:34 [38;5;015m[INFO]: [0mThis is a info message from thread 418-09-2026 00:29:34 [38;5;117m[DEBUG]: [0mThis is a debug message from thread 1618-09-2026 00:29:34 [38;5;015m[INFO]: [0mThis is a info message from thread 1618-09-2026 00:29:34 [38;5;009m[ERROR]: [0mThis is a error message from thread 2118-09-2026 00:29:34 [38;5;117m[DEBUG]: [0mThis is a debug message from thread 718-09-2026 00:29:34 [38;5;117m[DEBUG]: [0mThis is a debug message from thread 2118-09-2026 00:29:34 [38;5;009m[ERROR]: [0mThis is a error message from thread 618-09-2026 00:29:34 [38;5;009m[ERROR]: [0mThis is a error message from thread 318-09-2026 00:29:34 [38;5;015m[INFO]: [0mThis is a info message from thread 2118-09-2026 00:29:34 [38;5;009m[ERROR]: [0mThis is a error message from thread 1518-09-2026 00:29:34 [38;5;009m[ERROR]: [0mThis is a error message from thread 918-09-2026 00:29:34 [38;5;117m[DEBUG]: [0mThis is a debug message from thread 1018-09-2026 00:29:34 [38;5;015m[INFO]: [0mThis is a info message from thread 2218-09-2026 00:29:34 [38;5;015m[INFO]: [0mThis is a info message from thread 718-09-2026 00:29:34 [38;5;009m[ERROR]: [0mThis is a error message from thread 1418-09-2026 00:29:34 [38;5;117m[DEBUG]: [0mThis is a debug message from thread 1518-09-2026 00:29:34 [38;5;117m[DEBUG]: [0mThis is a debug message from thread 818-09-2026 00:29:34 [38;5;117m[DEBUG]: [0mThis is a debug message from thread 618-09-2026 00:29:34 [38;5;009m[ERROR]: [0mThis is a error message from thread 2118-09-2026 00:29:34 [38;5;117m[DEBUG]: [0mThis is a debug message from thread 1418-09-2026 00:29:34 [38;5;015m[INFO]: [0mThis is a info message from thread 1518-09-2026 00:29:34 [38;5;015m[INFO]: [0mThis is a info message from thread 1418-09-2026 00:29:34 [38;5;015m[INFO]: [0mThis is a info message from thread 818-09-2026 00:29:34 [38;5;117m[DEBUG]: [0mThis is a debug message from thread 2118-09-2026 00:29:34 [38;5;117m[DEBUG]: [0mThis is a debug message from thread 2018-09-2026 00:29:34 [38;5;117m[DEBUG]: [0mThis is a debug message from thread 2518-09-2026 00:29:34 [38;5;009m[ERROR]: [0mThis is a error message from thread 1418-09-2026 00:29:34 [38;5;009m[ERROR]: [0mThis is a error message from thread 2218-09-2026 00:29:34 [38;5;009m[ERROR]: [0mThis is a error message from thread 1518-09-2026 00:29:34 [38;5;009m[ERROR]: [0mThis is a error message from thread 818-09-2026 00:29:34 [38;5;117m[DEBUG]: [0mThis is a debug message from thread 918-09-2026 00:29:34 [38;5;015m[INFO]: [0mThis is a info message from thread 2518-09-2026 00:29:34 [38;5;009m[ERROR]: [0mThis is a error message from thread 718-09-2026 00:29:34 [38;5;015m[INFO]: [0mThis is a info message from thread 2618-09-2026 00:29:34 [38;5;015m[INFO]: [0mThis is a info message from thread 918-09-2026 00:29:34 [38;5;015m[INFO]: [0mThis is a info message from thread 2318-09-2026 00:29:34 [38;5;117m[DEBUG]: [0mThis is a debug message from thread 2218-09-2026 00:29:34 [38;5;015m[INFO]: [0mThis is a info message from thread 1818-09-2026 00:29:34 [38;5;009m[ERROR]: [0mThis is a error message from thread 418-09-2026 00:29:34 [38;5;117m[DEBUG]: [0mThis is a debug message from thread 1518-09-2026 00:29:34 [38;5;009m[ERROR]: [0mThis is a error message from thread 2818-09-2026 00:29:34 [38;5;015m[INFO]: [0mThis is a info message from thread 1018-09-2026 00:29:34 [38;5;117m[DEBUG]: [0mThis is a debug message from thread 1918-09-2026 00:29:34 [38;5;117m[DEBUG]: [0mThis is a debug message from thread 818-09-2026 00:29:34 [38;5;009m[ERROR]: [0mThis is a error message from thread 218-09-2026 00:29:34 [38;5;117m[DEBUG]: [0mThis is a debug message from thread 718-09-2026 00:29:34 [38;5;015m[INFO]: [0mThis is a info message from thread 1918-09-2026 00:29:34 [38;5;009m[ERROR]: [0mThis is a error message from thread 1818-09-2026 00:29:34 [38;5;015m[INFO]: [0mThis is a info message from thread 2218-09-2026 00:29:34 [38;5;009m[ERROR]: [0mThis is a error message from thread 518-09-2026 00:29:34 [38;5;117m[DEBUG]: [0mThis is a debug message from thread 218-09-2026 00:29:34 [38;5;117m[DEBUG]: [0mThis is a debug message from thread 2818-09-2026 00:29:34 [38;5;015m[INFO]: [0mThis is a info message from thread 1218-09-2026 00:29:34 [38;5;117m[DEBUG]: [0mThis is a debug message from thread 1818-09-2026 00:29:34 [38;5;015m[INFO]: [0mThis is a info message from thread 2818-09-2026 00:29:34 [38;5;009m[ERROR]: [0mThis is a error message from thread 918-09-2026 00:29:34 [38;5;015m[INFO]: [0mThis is a info message from thread 818-09-2026 00:29:34 [38;5;117m[DEBUG]: [0mThis is a debug message from thread 118-09-2026 00:29:34 [38;5;015m[INFO]: [0mThis is a info message from thread 218-09-2026 00:29:34 [38;5;009m[ERROR]: [0mThis is a error message from thread 2218-09-2026 00:29:34 [38;5;015m[INFO]: [0mThis is a info message from thread 1818-09-2026 00:29:34 [38;5;015m[INFO]: [0mThis is a info message from thread 018-09-2026 00:29:34 [38;5;009m[ERROR]: [0mThis is a error message from thread 2818-09-2026 00:29:34 [38;5;009m[ERROR]: [0mThis is a error message from thread 1818-09-2026 00:29:34 [38;5;009m[ERROR]: [0mThis is a error message from thread 818-09-2026 00:29:34 [38;5;015m[INFO]: [0mThis is a info message from thread 118-09-2026 00:29:34 [38;5;117m[DEBUG]: [0mThis is a debug message from thread 818-09-2026 00:29:34 [38;5;009m[ERROR]: [0mThis is a error message from thread 118-09-2026 00:29:34 [38;5;117m[DEBUG]: [0mThis is a debug message from thread 2818-09-2026 00:29:34 [38;5;015m[INFO]: [0mThis is a info message from thread 818-09-2026 00:29:34 [38;5;117m[DEBUG]: [0mThis is a debug message from thread 2218-09-2026 00:29:34 [38;5;009m[ERROR]: [0mThis is a error message from thread 018-09-2026 00:29:34 [38;5;015m[INFO]: [0mThis is a info message from thread 718-09-2026 00:29:34 [38;5;015m[INFO]: [0mThis is a info message from thread 1518-09-2026 00:29:34 [38;5;009m[ERROR]: [0mThis is a error message from thread 818-09-2026 00:29:34 [38;5;015m[INFO]: [0mThis is a info message from thread 618-09-2026 00:29:34 [38;5;117m[DEBUG]: [0mThis is a debug message from thread 318-09-2026 00:29:34 [38;5;117m[DEBUG]: [0mThis is a debug message from thread 118-09-2026 00:29:34 [38;5;009m[ERROR]: [0mThis is a error message from thread 2918-09-2026 00:29:34 [38;5;015m[INFO]: [0mThis is a info message from thread 2118-09-2026 00:29:34 [38;5;015m[INFO]: [0mThis is a info message from thread 118-09-2026 00:29:34 [38;5;015m[INFO]: [0mThis is a info message from thread 318-09-2026 00:29:34 [38;5;009m[ERROR]: [0mThis is a error message from thread 1218-09-2026 00:29:34 [38;5;009m[ERROR]: [0mThis is a error message from thread 1618-09-2026 00:29:34 [38;5;009m[ERROR]: [0mThis is a error message from thread 2418-09-2026 00:29:34 [38;5;015m[INFO]: [0mThis is a info message from thread 2818-09-2026 00:29:34 [38;5;009m[ERROR]: [0mThis is a error message from thread 2118-09-2026 00:29:34 [38;5;117m[DEBUG]: [0mThis is a debug message from thread 1618-09-2026 00:29:34 [38;5;009m[ERROR]: [0mThis is a error message from thread 2818-09-2026 00:29:34 [38;5;117m[DEBUG]: [0mThis is a debug message from thread 2118-09-2026 00:29:34 [38;5;117m[DEBUG]: [0mThis is a debug message from thread 1418-09-2026 00:29:34 [38;5;117m[DEBUG]: [0mThis is a debug message from thread 2818-09-2026 00:29:34 [38;5;009m[ERROR]: [0mThis is a error message from thread 618-09-2026 00:29:34 [38;5;015m[INFO]: [0mThis is a info message from thread 2818-09-2026 00:29:34 [38;5;015m[INFO]: [0mThis is a info message from thread 2218-09-2026 00:29:34 [38;5;015m[INFO]: [0mThis is a info message from thread 1418-09-2026 00:29:34 [38;5;009m[ERROR]: [0mThis is a error message from thread 2818-09-2026 00:29:34 [38;5;009m[ERROR]: [0mThis is a error message from thread 2218-09-2026 00:29:34 [38;5;009m[ERROR]: [0mThis is a error message from thread 1418-09-2026 00:29:34 [38;5;117m[DEBUG]: [0mThis is a debug message from thread 2818-09-2026 00:29:34 [38;5;117m[DEBUG]: [0mThis is a debug message from thread 2218-09-2026 00:29:34 [38;5;009m[ERROR]: [0mThis is a error message from thread 1118-09-2026 00:29:34 [38;5;117m[DEBUG]: [0mThis is a debug message from thread 1418-09-2026 00:29:34 [38;5;015m[INFO]: [0mThis is a info message from thread 2218-09-2026 00:29:34 [38;5;015m[INFO]: [0mThis is a info message from thread 2818-09-2026 00:29:34 [38;5;117m[DEBUG]: [0mThis is a debug message from thread 1118-09-2026 00:29:34 [38;5;009m[ERROR]: [0mThis is a error message from thread 2218-09-2026 00:29:34 [38;5;015m[INFO]: [0mThis is a info message from thread 1418-09-2026 00:29:34 [38;5;117m[DEBUG]: [0mThis is a debug message from thread 1818-09-2026 00:29:34 [38;5;009m[ERROR]: [0mThis is a error message from thread 2818-09-2026 00:29:34 [38;5;009m[ERROR]: [0mThis is a error message from thread 1018-09-2026 00:29:34 [38;5;009m[ERROR]: [0mThis is a error message from thread 1418-09-2026 00:29:34 [38;5;015m[INFO]: [0mThis is a info message from thread 2018-09-2026 00:29:34 [38;5;009m[ERROR]: [0mThis is a error message from thread 1918-09-2026 00:29:34 [38;5;117m[DEBUG]: [0mThis is a debug message from thread 1018-09-2026 00:29:34 [38;5;117m[DEBUG]: [0mThis is a debug message from thread 2218-09-2026 00:29:34 [38;5;117m[DEBUG]: [0mThis is a debug message from thread 518-09-2026 00:29:34 [38;5;009m[ERROR]: [0mThis is a error message from thread 2018-09-2026 00:29:34 [38;5;015m[INFO]: [0mThis is a info message from thread 1018-09-2026 00:29:34 [38;5;117m[DEBUG]: [0mThis is a debug message from thread 1418-09-2026 00:29:34 [38;5;015m[INFO]: [0mThis is a info message from thread 1818-09-2026 00:29:34 [38;5;117m[DEBUG]: [0mThis is a debug message from thread 1918-09-2026 00:29:34 [38;5;117m[DEBUG]: [0mThis is a debug message from thread 418-09-2026 00:29:34 [38;5;117m[DEBUG]: [0mThis is a debug message from thread 2718-09-2026 00:29:34 [38;5;117m[DEBUG]: [0mThis is a debug message from thread 2918-09-2026 00:29:34 [38;5;015m[INFO]: [0mThis is a info message from thread 1718-09-2026 00:29:34 [38;5;117m[DEBUG]: [0mThis is a debug message from thread 2018-09-2026 00:29:34 [38;5;009m[ERROR]: [0mThis is a error message from thread 1018-09-2026 00:29:34 [38;5;009m[ERROR]: [0mThis is a error message from thread 718-09-2026 00:29:34 [38;5;015m[INFO]: [0mThis is a info message from thread 1418-09-2026 00:29:34 [38;5;015m[INFO]: [0mThis is a info message from thread 418-09-2026 00:29:34 [38;5;015m[INFO]: [0mThis is a info message from thread 2218-09-2026 00:29:34 [38;5;009m[ERROR]: [0mThis is a error message from thread 1418-09-2026 00:29:34 [38;5;015m[INFO]: [0mThis is a info message from thread 1118-09-2026 00:29:34 [38;5;117m[DEBUG]: [0mThis is a debug message from thread 1218-09-2026 00:29:34 [38;5;117m[DEBUG]: [0mThis is a debug message from thread 618-09-2026 00:29:34 [38;5;015m[INFO]: [0mThis is a info message from thread 2118-09-2026 00:29:34 [38;5;015m[INFO]: [0mThis is a info message from thread 2718-09-2026 00:29:34 [38;5;009m[ERROR]: [0mThis is a error message from thread 2318-09-2026 00:29:34 [38;5;009m[ERROR]: [0mThis is a error message from thread 1318-09-2026 00:29:34 [38;5;009m[ERROR]: [0mThis is a error message from thread 1818-09-2026 00:29:34 [38;5;009m[ERROR]: [0mThis is a error message from thread 1118-09-2026 00:29:34 [38;5;009m[ERROR]: [0mThis is a error message from thread 1718-09-2026 00:29:34 [38;5;009m[ERROR]: [0mThis is a error message from thread 2118-09-2026 00:29:34 [38;5;015m[INFO]: [0mThis is a info message from thread 1918-09-2026 00:29:34 [38;5;009m[ERROR]: [0mThis is a error message from thread 418-09-2026 00:29:34 [38;5;117m[DEBUG]: [0mThis is a debug message from thread 1718-09-2026 00:29:34 [38;5;015m[INFO]: [0mThis is a info message from thread 1218-09-2026 00:29:34 [38;5;117m[DEBUG]: [0mThis is a debug message from thread 2118-09-2026 00:29:34 [38;5;117m[DEBUG]: [0mThis is a debug message from thread 1318-09-2026 00:29:34 [38;5;117m[DEBUG]: [0mThis is a debug message from thread 2318-09-2026 00:29:34 [38;5;009m[ERROR]: [0mThis is a error message from thread 2718-09-2026 00:29:34 [38;5;009m[ERROR]: [0mThis is a error message from thread 118-09-2026 00:29:34 [38;5;015m[INFO]: [0mThis is a info message from thread 1618-09-2026 00:29:34 [38;5;009m[ERROR]: [0mThis is a error message from thread 2218-09-2026 00:29:34 [38;5;015m[INFO]: [0mThis is a info message from thread 1718-09-2026 00:29:34 [38;5;009m[ERROR]: [0mThis is a error message from thread 318-09-2026 00:29:34 [38;5;015m[INFO]: [0mThis is a info message from thread 2318-09-2026 00:29:34 [38;5;117m[DEBUG]: [0mThis is a debug message from thread 318-09-2026 00:29:34 [38;5;117m[DEBUG]: [0mThis is a debug message from thread 2218-09-2026 00:29:34 [38;5;015m[INFO]: [0mThis is a info message from thread 2018-09-2026 00:29:34 [38;5;015m[INFO]: [0mThis is a info message from thread 618-09-2026 00:29:34 [38;5;117m[DEBUG]: [0mThis is a debug message from thread 118-09-2026 00:29:34 [38;5;009m[ERROR]: [0mThis is a error message from thread 218-09-2026 00:29:34 [38;5;009m[ERROR]: [0mThis is a error message from thread 1518-09-2026 00:29:34 [38;5;015m[INFO]: [0mThis is a info message from thread 2218-09-2026 00:29:34 [38;5;009m[ERROR]: [0mThis is a error message from thread 1918-09-2026 00:29:34 [38;5;009m[ERROR]: [0mThis is a error message from thread 1218-09-2026 00:29:34 [38;5;117m[DEBUG]: [0mThis is a debug message from thread 1418-09-2026 00:29:34 [38;5;117m[DEBUG]: [0mThis is a debug message from thread 418-09-2026 00:29:34 [38;5;015m[INFO]: [0mThis is a info message from thread 318-09-2026 00:29:34 [38;5;009m[ERROR]: [0mThis is a error message from thread 2218-09-2026 00:29:34 [38;5;117m[DEBUG]: [0mThis is a debug message from thread 1518-09-2026 00:29:34 [38;5;117m[DEBUG]: [0mThis is a debug message from thread 918-09-2026 00:29:34 [38;5;009m[ERROR]: [0mThis is a error message from thread 2518-09-2026 00:29:34 [38;5;117m[DEBUG]: [0mThis is a debug message from thread 1918-09-2026 00:29:34 [38;5;117m[DEBUG]: [0mThis is a debug message from thread 1018-09-2026 00:29:34 [38;5;117m[DEBUG]: [0mThis is a debug message from thread 2218-09-2026 00:29:34 [38;5;009m[ERROR]: [0mThis is a error message from thread 318-09-2026 00:29:34 [38;5;015m[INFO]: [0mThis is a info message from thread 1418-09-2026 00:29:34 [38;5;015m[INFO]: [0mThis is a info message from thread 1518-09-2026 00:29:34 [38;5;015m[INFO]: [0mThis is a info message from thread 2918-09-2026 00:29:34 [38;5;015m[INFO]: [0mThis is a info message from thread 2218-09-2026 00:29:34 [38;5;015m[INFO]: [0mThis is a info message from thread 118-09-2026 00:29:34 [38;5;117m[DEBUG]: [0mThis is a debug message from thread 218-09-2026 00:29:34 [38;5;009m[ERROR]: [0mThis is a error message from thread 1518-09-2026 00:29:34 [38;5;117m[DEBUG]: [0mThis is a debug message from thread 2518-09-2026 00:29:34 [38;5;117m[DEBUG]: [0mThis is a debug message from thread 1218-09-2026 00:29:34 [38;5;009m[ERROR]: [0mThis is a error message from thread 2218-09-2026 00:29:34 [38;5;117m[DEBUG]: [0mThis is a debug message from thread 1518-09-2026 00:29:34 [38;5;015m[INFO]: [0mThis is a info message from thread 2118-09-2026 00:29:34 [38;5;117m[DEBUG]: [0mThis is a debug message from thread 318-09-2026 00:29:34 [38;5;009m[ERROR]: [0mThis is a error message from thread 2118-09-2026 00:29:34 [38;5;117m[DEBUG]: [0mThis is a debug message from thread 2418-09-2026 00:29:34 [38;5;117m[DEBUG]: [0mThis is a debug message from thread 2118-09-2026 00:29:34 [38;5;117m[DEBUG]: [0mThis is a debug message from thread 2218-09-2026 00:29:34 [38;5;009m[ERROR]: [0mThis is a error message from thread 1418-09-2026 00:29:34 [38;5;015m[INFO]: [0mThis is a info message from thread 1218-09-2026 00:29:34 [38;5;015m[INFO]: [0mThis is a info message from thread 1918-09-2026 00:29:34 [38;5;015m[INFO]: [0mThis is a info message from thread 2218-09-2026 00:29:34 [38;5;117m[DEBUG]: [0mThis is a debug message from thread 1418-09-2026 00:29:34 [38;5;117m[DEBUG]: [0mThis is a debug message from thread 2718-09-2026 00:29:34 [38;5;015m[INFO]: [0mThis is a info message from thread 1418-09-2026 00:29:34 [38;5;009m[ERROR]: [0mThis is a error message from thread 1618-09-2026 00:29:34 [38;5;117m[DEBUG]: [0mThis is a debug message from thread 018-09-2026 00:29:34 [38;5;015m[INFO]: [0mThis is a info message from thread 2118-09-2026 00:29:34 [38;5;009m[ERROR]: [0mThis is a error message from thread 1918-09-2026 00:29:34 [38;5;009m[ERROR]: [0mThis is a error message from thread 118-09-2026 00:29:34 [38;5;009m[ERROR]: [0mThis is a error message from thread 1718-09-2026 00:29:34 [38;5;009m[ERROR]: [0mThis is a error message from thread 2218-09-2026 00:29:34 [38;5;117m[DEBUG]: [0mThis is a debug message from thread 2818-09-2026 00:29:34 [38;5;015m[INFO]: [0mThis is a info message from thread 018-09-2026 00:29:34 [38;5;009m[ERROR]: [0mThis is a error message from thread 2618-09-2026 00:29:34 [38;5;015m[INFO]: [0mThis is a info message from thread 1318-09-2026 00:29:34 [38;5;015m[INFO]: [0mThis is a info message from thread 1518-09-2026 00:29:34 [38;5;009m[ERROR]: [0mThis is a error message from thread 618-09-2026 00:29:34 [38;5;015m[INFO]: [0mThis is a info message from thread 418-09-2026 00:29:34 [38;5;117m[DEBUG]: [0mThis is a debug message from thread 1818-09-2026 00:29:34 [38;5;015m[INFO]: [0mThis is a info message from thread 218-09-2026 00:29:34 [38;5;015m[INFO]: [0mThis is a info message from thread 918-09-2026 00:29:34 [38;5;015m[INFO]: [0mThis is a info message from thread 2718-09-2026 00:29:34 [38;5;117m[DEBUG]: [0mThis is a debug message from thread 1918-09-2026 00:29:34 [38;5;117m[DEBUG]: [0mThis is a debug message from thread 1118-09-2026 00:29:34 [38;5;009m[ERROR]: [0mThis is a error message from thread 2718-09-2026 00:29:34 [38;5;015m[INFO]: [0mThis is a info message from thread 1918-09-2026 00:29:34 [38;5;009m[ERROR]: [0mThis is a error message from thread 2918-09-2026 00:29:34 [38;5;117m[DEBUG]: [0mThis is a debug message from thread 1618-09-2026 00:29:34 [38;5;009m[ERROR]: [0mThis is a error message from thread 2018-09-2026 00:29:34 [38;5;009m[ERROR]: [0mThis is a error message from thread 218-09-2026 00:29:34 [38;5;015m[INFO]: [0mThis is a info message from thread 1018-09-2026 00:29:34 [38;5;117m[DEBUG]: [0mThis is a debug message from thread 2718-09-2026 00:29:34 [38;5;015m[INFO]: [0mThis is a info message from thread 1118-09-2026 00:29:34 [38;5;015m[INFO]: [0mThis is a info message from thread 2518-09-2026 00:29:34 [38;5;015m[INFO]: [0mThis is a info message from thread 2718-09-2026 00:29:34 [38;5;015m[INFO]: [0mThis is a info message from thread 318-09-2026 00:29:34 [38;5;009m[ERROR]: [0mThis is a error message from thread 1118-09-2026 00:29:34 [38;5;009m[ERROR]: [0mThis is a error message from thread 1018-09-2026 00:29:34 [38;5;009m[ERROR]: [0mThis is a error message from thread 418-09-2026 00:29:34 [38;5;015m[INFO]: [0mThis is a info message from thread 2818-09-2026 00:29:34 [38;5;015m[INFO]: [0mThis is a info message from thread 1618-09-2026 00:29:34 [38;5;117m[DEBUG]: [0mThis is a debug message from thread 118-09-2026 00:29:34 [38;5;117m[DEBUG]: [0mThis is a debug message from thread 1118-09-2026 00:29:34 [38;5;009m[ERROR]: [0mThis is a error message from thread 1318-09-2026 00:29:34 [38;5;009m[ERROR]: [0mThis is a error message from thread 2118-09-2026 00:29:34 [38;5;009m[ERROR]: [0mThis is a error message from thread 2818-09-2026 00:29:34 [38;5;117m[DEBUG]: [0mThis is a debug message from thread 418-09-2026 00:29:34 [38;5;009m[ERROR]: [0mThis is a error message from thread 1218-09-2026 00:29:34 [38;5;117m[DEBUG]: [0mThis is a debug message from thread 1018-09-2026 00:29:34 [38;5;015m[INFO]: [0mThis is a info message from thread 1018-09-2026 00:29:34 [38;5;117m[DEBUG]: [0mThis is a debug message from thread 2218-09-2026 00:29:34 [38;5;009m[ERROR]: [0mThis is a error message from thread 2518-09-2026 00:29:34 [38;5;015m[INFO]: [0mThis is a info message from thread 1118-09-2026 00:29:34 [38;5;117m[DEBUG]: [0mThis is a debug message from thread 1318-09-2026 00:29:34 [38;5;015m[INFO]: [0mThis is a info message from thread 2218-09-2026 00:29:34 [38;5;009m[ERROR]: [0mThis is a error message from thread 2318-09-2026 00:29:34 [38;5;009m[ERROR]: [0mThis is a error message from thread 2218-09-2026 00:29:34 [38;5;009m[ERROR]: [0mThis is a error message from thread 1118-09-2026 00:29:34 [38;5;117m[DEBUG]: [0mThis is a debug message from thread 2518-09-2026 00:29:34 [38;5;009m[ERROR]: [0mThis is a error message from thread 1018-09-2026 00:29:34 [38;5;015m[INFO]: [0mThis is a info message from thread 2518-09-2026 00:29:34 [38;5;015m[INFO]: [0mThis is a info message from thread 118-09-2026 00:29:34 [38;5;015m[INFO]: [0mThis is a info message from thread 1318-09-2026 00:29:34 [38;5;117m[DEBUG]: [0mThis is a debug message from thread 2118-09-2026 00:29:34 [38;5;117m[DEBUG]: [0mThis is a debug message from thread 2818-09-2026 00:29:34 [38;5;117m[DEBUG]: [0mThis is a debug message from thread 2318-09-2026 00:29:34 [38;5;117m[DEBUG]: [0mThis is a debug message from thread 618-09-2026 00:29:34 [38;5;015m[INFO]: [0mThis is a info message from thread 2818-09-2026 00:29:34 [38;5;117m[DEBUG]: [0mThis is a debug message from thread 818-09-2026 00:29:34 [38;5;015m[INFO]: [0mThis is a info message from thread 2318-09-2026 00:29:34 [38;5;015m[INFO]: [0mThis is a info message from thread 1818-09-2026 00:29:34 [38;5;015m[INFO]: [0mThis is a info message from thread 618-09-2026 00:29:34 [38;5;009m[ERROR]: [0mThis is a error message from thread 318-09-2026 00:29:34 [38;5;117m[DEBUG]: [0mThis is a debug message from thread 2618-09-2026 00:29:34 [38;5;117m[DEBUG]: [0mThis is a debug message from thread 2018-09-2026 00:29:34 [38;5;009m[ERROR]: [0mThis is a error message from thread 1818-09-2026 00:29:34 [38;5;009m[ERROR]: [0mThis is a error message from thread 1518-09-2026 00:29:34 [38;5;009m[ERROR]: [0mThis is a error message from thread 2818-09-2026 00:29:34 [38;5;015m[INFO]: [0mThis is a info message from thread 818-09-2026 00:29:34 [38;5;117m[DEBUG]: [0mThis is a debug message from thread 1118-09-2026 00:29:34 [38;5;117m[DEBUG]: [0mThis is a debug message from thread 1518-09-2026 00:29:34 [38;5;009m[ERROR]: [0mThis is a error message from thread 2718-09-2026 00:29:34 [38;5;117m[DEBUG]: [0mThis is a debug message from thread 1818-09-2026 00:29:34 [38;5;009m[ERROR]: [0mThis is a error message from thread 918-09-2026 00:29:34 [38;5;009m[ERROR]: [0mThis is a error message from thread 118-09-2026 00:29:34 [38;5;009m[ERROR]: [0mThis is a error message from thread 1918-09-2026 00:29:34 [38;5;015m[INFO]: [0mThis is a info message from thread 2618-09-2026 00:29:34 [38;5;015m[INFO]: [0mThis is a info message from thread 418-09-2026 00:29:34 [38;5;015m[INFO]: [0mThis is a info message from thread 1118-09-2026 00:29:34 [38;5;117m[DEBUG]: [0mThis is a debug message from thread 1918-09-2026 00:29:34 [38;5;117m[DEBUG]: [0mThis is a debug message from thread 918-09-2026 00:29:34 [38;5;117m[DEBUG]: [0mThis is a debug message from thread 218-09-2026 00:29:34 [38;5;117m[DEBUG]: [0mThis is a debug message from thread 1718-09-2026 00:29:34 [38;5;015m[INFO]: [0mThis is a info message from thread 1918-09-2026 00:29:34 [38;5;009m[ERROR]: [0mThis is a error message from thread 818-09-2026 00:29:34 [38;5;009m[ERROR]: [0mThis is a error message from thread 1618-09-2026 00:29:34 [38;5;117m[DEBUG]: [0mThis is a debug message from thread 118-09-2026 00:29:34 [38;5;015m[INFO]: [0mThis is a info message from thread 1718-09-2026 00:29:34 [38;5;015m[INFO]: [0mThis is a info message from thread 218-09-2026 00:29:34 [38;5;117m[DEBUG]: [0mThis is a debug message from thread 2718-09-2026 00:29:34 [38;5;009m[ERROR]: [0mThis is a error message from thread 1318-09-2026 00:29:34 [38;5;009m[ERROR]: [0mThis is a error message from thread 1118-09-2026 00:29:34 [38;5;015m[INFO]: [0mThis is a info message from thread 118-09-2026 00:29:34 [38;5;009m[ERROR]: [0mThis is a error message from thread 2618-09-2026 00:29:34 [38;5;015m[INFO]: [0mThis is a info message from thread 518-09-2026 00:29:34 [38;5;015m[INFO]: [0mThis is a info message from thread 1818-09-2026 00:29:34 [38;5;117m[DEBUG]: [0mThis is a debug message from thread 1018-09-2026 00:29:34 [38;5;015m[INFO]: [0mThis is a info message from thread 2418-09-2026 00:29:34 [38;5;009m[ERROR]: [0mThis is a error message from thread 1918-09-2026 00:29:34 [38;5;117m[DEBUG]: [0mThis is a debug message from thread 718-09-2026 00:29:34 [38;5;009m[ERROR]: [0mThis is a error message from thread 1818-09-2026 00:29:34 [38;5;015m[INFO]: [0mThis is a info message from thread 718-09-2026 00:29:34 [38;5;015m[INFO]: [0mThis is a info message from thread 1018-09-2026 00:29:34 [38;5;009m[ERROR]: [0mThis is a error message from thread 118-09-2026 00:29:34 [38;5;009m[ERROR]: [0mThis is a error message from thread 2318-09-2026 00:29:34 [38;5;117m[DEBUG]: [0mThis is a debug message from thread 1918-09-2026 00:29:34 [38;5;009m[ERROR]: [0mThis is a error message from thread 518-09-2026 00:29:34 [38;5;117m[DEBUG]: [0mThis is a debug message from thread 2918-09-2026 00:29:34 [38;5;009m[ERROR]: [0mThis is a error message from thread 1018-09-2026 00:29:34 [38;5;117m[DEBUG]: [0mThis is a debug message from thread 118-09-2026 00:29:34 [38;5;009m[ERROR]: [0mThis is a error message from thread 718-09-2026 00:29:34 [38;5;117m[DEBUG]: [0mThis is a debug message from thread 318-09-2026 00:29:34 [38;5;117m[DEBUG]: [0mThis is a debug message from thread 2818-09-2026 00:29:34 [38;5;009m[ERROR]: [0mThis is a error message from thread 018-09-2026 00:29:34 [38;5;015m[INFO]: [0mThis is a info message from thread 1518-09-2026 00:29:34 [38;5;009m[ERROR]: [0mThis is a error message from thread 2418-09-2026 00:29:34 [38;5;015m[INFO]: [0mThis is a info message from thread 118-09-2026 00:29:34 [38;5;009m[ERROR]: [0mThis is a error message from thread 1518-09-2026 00:29:34 [38;5;015m[INFO]: [0mThis is a info message from thread 2818-09-2026 00:29:34 [38;5;117m[DEBUG]: [0mThis is a debug message from thread 1318-09-2026 00:29:34 [38;5;117m[DEBUG]: [0mThis is a debug message from thread 2418-09-2026 00:29:34 [38;5;015m[INFO]: [0mThis is a info message from thread 1918-09-2026 00:29:34 [38;5;117m[DEBUG]: [0mThis is a debug message from thread 2318-09-2026 00:29:34 [38;5;009m[ERROR]: [0mThis is a error message from thread 1418-09-2026 00:29:34 [38;5;015m[INFO]: [0mThis is a info message from thread 2118-09-2026 00:29:34 [38;5;015m[INFO]: [0mThis is a info message from thread 2418-09-2026 00:29:34 [38;5;015m[INFO]: [0mThis is a info message from thread 918-09-2026 00:29:34 [38;5;117m[DEBUG]: [0mThis is a debug message from thread 1518-09-2026 00:29:34 [38;5;009m[ERROR]: [0mThis is a error message from thread 118-09-2026 00:29:34 [38;5;009m[ERROR]: [0mThis is a error message from thread 1718-09-2026 00:29:34 [38;5;117m[DEBUG]: [0mThis is a debug message from thread 518-09-2026 00:29:34 [38;5;009m[ERROR]: [0mThis is a error message from thread 2418-09-2026 00:29:34 [38;5;117m[DEBUG]: [0mThis is a debug message from thread 1618-09-2026 00:29:34 [38;5;117m[DEBUG]: [0mThis is a debug message from thread 1818-09-2026 00:29:34 [38;5;015m[INFO]: [0mThis is a info message from thread 2318-09-2026 00:29:34 [38;5;009m[ERROR]: [0mThis is a error message from thread 918-09-2026 00:29:34 [38;5;015m[INFO]: [0mThis is a info message from thread 1318-09-2026 00:29:34 [38;5;009m[ERROR]: [0mThis is a error message from thread 1918-09-2026 00:29:34 [38;5;015m[INFO]: [0mThis is a info message from thread 518-09-2026 00:29:34 [38;5;117m[DEBUG]: [0mThis is a debug message from thread 018-09-2026 00:29:34 [38;5;117m[DEBUG]: [0mThis is a debug message from thread 2218-09-2026 00:29:34 [38;5;117m[DEBUG]: [0mThis is a debug message from thread 1718-09-2026 00:29:34 [38;5;009m[ERROR]: [0mThis is a error message from thread 418-09-2026 00:29:34 [38;5;015m[INFO]: [0mThis is a info message from thread 1818-09-2026 00:29:34 [38;5;009m[ERROR]: [0mThis is a error message from thread 2118-09-2026 00:29:34 [38;5;117m[DEBUG]: [0mThis is a debug message from thread 1018-09-2026 00:29:34 [38;5;015m[INFO]: [0mThis is a info message from thread 018-09-2026 00:29:34 [38;5;117m[DEBUG]: [0mThis is a debug message from thread 818-09-2026 00:29:34 [38;5;015m[INFO]: [0mThis is a info message from thread 2218-09-2026 00:29:34 [38;5;009m[ERROR]: [0mThis is a error message from thread 1318-09-2026 00:29:34 [38;5;015m[INFO]: [0mThis is a info message from thread 1718-09-2026 00:29:34 [38;5;009m[ERROR]: [0mThis is a error message from thread 1818-09-2026 00:29:34 [38;5;015m[INFO]: [0mThis is a info message from thread 1518-09-2026 00:29:34 [38;5;117m[DEBUG]: [0mThis is a debug message from thread 118-09-2026 00:29:34 [38;5;009m[ERROR]: [0mThis is a error message from thread 2318-09-2026 00:29:34 [38;5;015m[INFO]: [0mThis is a info message from thread 818-09-2026 00:29:34 [38;5;117m[DEBUG]: [0mThis is a debug message from thread 1918-09-2026 00:29:34 [38;5;117m[DEBUG]: [0mThis is a debug message from thread 418-09-2026 00:29:34 [38;5;117m[DEBUG]: [0mThis is a debug message from thread 2118-09-2026 00:29:34 [38;5;009m[ERROR]: [0mThis is a error message from thread 218-09-2026 00:29:34 [38;5;009m[ERROR]: [0mThis is a error message from thread 1518-09-2026 00:29:34 [38;5;015m[INFO]: [0mThis is a info message from thread 2718-09-2026 00:29:34 [38;5;009m[ERROR]: [0mThis is a error message from thread 2818-09-2026 00:29:34 [38;5;117m[DEBUG]: [0mThis is a debug message from thread 1818-09-2026 00:29:34 [38;5;015m[INFO]: [0mThis is a info message from thread 1918-09-2026 00:29:34 [38;5;015m[INFO]: [0mThis is a info message from thread 118-09-2026 00:29:34 [38;5;015m[INFO]: [0mThis is a info message from thread 1818-09-2026 00:29:34 [38;5;117m[DEBUG]: [0mThis is a debug message from thread 2318-09-2026 00:29:34 [38;5;009m[ERROR]: [0mThis is a error message from thread 1918-09-2026 00:29:34 [38;5;117m[DEBUG]: [0mThis is a debug message from thread 2818-09-2026 00:29:34 [38;5;117m[DEBUG]: [0mThis is a debug message from thread 1218-09-2026 00:29:34 [38;5;015m[INFO]: [0mThis is a info message from thread 2018-09-2026 00:29:34 [38;5;117m[DEBUG]: [0mThis is a debug message from thread 1118-09-2026 00:29:34 [38;5;117m[DEBUG]: [0mThis is a debug message from thread 1518-09-2026 00:29:34 [38;5;117m[DEBUG]: [0mThis is a debug message from thread 918-09-2026 00:29:34 [38;5;117m[DEBUG]: [0mThis is a debug message from thread 2418-09-2026 00:29:34 [38;5;015m[INFO]: [0mThis is a info message from thread 2818-09-2026 00:29:34 [38;5;117m[DEBUG]: [0mThis is a debug message from thread 1318-09-2026 00:29:34 [38;5;009m[ERROR]: [0mThis is a error message from thread 2718-09-2026 00:29:34 [38;5;015m[INFO]: [0mThis is a info message from thread 2318-09-2026 00:29:34 [38;5;117m[DEBUG]: [0mThis is a debug message from thread 1918-09-2026 00:29:34 [38;5;015m[INFO]: [0mThis is a info message from thread 1518-09-2026 00:29:34 [38;5;015m[INFO]: [0mThis is a info message from thread 1118-09-2026 00:29:34 [38;5;015m[INFO]: [0mThis is a info message from thread 418-09-2026 00:29:34 [38;5;015m[INFO]: [0mThis is a info message from thread 2418-09-2026 00:29:34 [38;5;009m[ERROR]: [0mThis is a error message from thread 2018-09-2026 00:29:34 [38;5;009m[ERROR]: [0mThis is a error message from thread 1118-09-2026 00:29:34 [38;5;117m[DEBUG]: [0mThis is a debug message from thread 2718-09-2026 00:29:34 [38;5;009m[ERROR]: [0mThis is a error message from thread 2818-09-2026 00:29:34 [38;5;015m[INFO]: [0mThis is a info message from thread 2718-09-2026 00:29:34 [38;5;015m[INFO]: [0mThis is a info message from thread 2918-09-2026 00:29:34 [38;5;015m[INFO]: [0mThis is a info message from thread 1918-09-2026 00:29:34 [38;5;009m[ERROR]: [0mThis is a error message from thread 1918-09-2026 00:29:34 [38;5;015m[INFO]: [0mThis is a info message from thread 2118-09-2026 00:29:34 [38;5;015m[INFO]: [0mThis is a info message from thread 918-09-2026 00:29:34 [38;5;117m[DEBUG]: [0mThis is a debug message from thread 218-09-2026 00:29:34 [38;5;117m[DEBUG]: [0mThis is a debug message from thread 2818-09-2026 00:29:34 [38;5;009m[ERROR]: [0mThis is a error message from thread 2718-09-2026 00:29:34 [38;5;117m[DEBUG]: [0mThis is a debug message from thread 1418-09-2026 00:29:34 [38;5;009m[ERROR]: [0mThis is a error message from thread 018-09-2026 00:29:34 [38;5;015m[INFO]: [0mThis is a info message from thread 1018-09-2026 00:29:34 [38;5;009m[ERROR]: [0mThis is a error message from thread 918-09-2026 00:29:34 [38;5;009m[ERROR]: [0mThis is a error message from thread 418-09-2026 00:29:34 [38;5;117m[DEBUG]: [0mThis is a debug message from thread 018-09-2026 00:29:34 [38;5;117m[DEBUG]: [0mThis is a debug message from thread 918-09-2026 00:29:34 [38;5;117m[DEBUG]: [0mThis is a debug message from thread 2618-09-2026 00:29:34 [38;5;009m[ERROR]: [0mThis is a error message from thread 1018-09-2026 00:29:34 [38;5;009m[ERROR]: [0mThis is a error message from thread 2418-09-2026 00:29:34 [38;5;117m[DEBUG]: [0mThis is a debug message from thread 1918-09-2026 00:29:34 [38;5;015m[INFO]: [0mThis is a info message from thread 2618-09-2026 00:29:34 [38;5;015m[INFO]: [0mThis is a info message from thread 2818-09-2026 00:29:34 [38;5;009m[ERROR]: [0mThis is a error message from thread 2818-09-2026 00:29:34 [38;5;117m[DEBUG]: [0mThis is a debug message from thread 1018-09-2026 00:29:34 [38;5;015m[INFO]: [0mThis is a info message from thread 1018-09-2026 00:29:34 [38;5;117m[DEBUG]: [0mThis is a debug message from thread 2718-09-2026 00:29:34 [38;5;117m[DEBUG]: [0mThis is a debug message from thread 2418-09-2026 00:29:34 [38;5;009m[ERROR]: [0mThis is a error message from thread 1018-09-2026 00:29:34 [38;5;015m[INFO]: [0mThis is a info message from thread 018-09-2026 00:29:34 [38;5;009m[ERROR]: [0mThis is a error message from thread 518-09-2026 00:29:34 [38;5;117m[DEBUG]: [0mThis is a debug message from thread 1018-09-2026 00:29:34 [38;5;015m[INFO]: [0mThis is a info message from thread 2718-09-2026 00:29:34 [38;5;015m[INFO]: [0mThis is a info message from thread 918-09-2026 00:29:34 [38;5;117m[DEBUG]: [0mThis is a debug message from thread 718-09-2026 00:29:34 [38;5;117m[DEBUG]: [0mThis is a debug message from thread 2818-09-2026 00:29:34 [38;5;009m[ERROR]: [0mThis is a error message from thread 2318-09-2026 00:29:34 [38;5;009m[ERROR]: [0mThis is a error message from thread 1818-09-2026 00:29:34 [38;5;015m[INFO]: [0mThis is a info message from thread 318-09-2026 00:29:34 [38;5;015m[INFO]: [0mThis is a info message from thread 2418-09-2026 00:29:34 [38;5;009m[ERROR]: [0mThis is a error message from thread 818-09-2026 00:29:34 [38;5;015m[INFO]: [0mThis is a info message from thread 218-09-2026 00:29:34 [38;5;117m[DEBUG]: [0mThis is a debug message from thread 1118-09-2026 00:29:34 [38;5;009m[ERROR]: [0mThis is a error message from thread 2418-09-2026 00:29:34 [38;5;009m[ERROR]: [0mThis is a error message from thread 2518-09-2026 00:29:34 [38;5;009m[ERROR]: [0mThis is a error message from thread 918-09-2026 00:29:34 [38;5;009m[ERROR]: [0mThis is a error message from thread 1518-09-2026 00:29:34 [38;5;015m[INFO]: [0mThis is a info message from thread 1918-09-2026 00:29:34 [38;5;009m[ERROR]: [0mThis is a error message from thread 2618-09-2026 00:29:34 [38;5;015m[INFO]: [0mThis is a info message from thread 1118-09-2026 00:29:34 [38;5;015m[INFO]: [0mThis is a info message from thread 1018-09-2026 00:29:34 [38;5;015m[INFO]: [0mThis is a info message from thread 1418-09-2026 00:29:34 [38;5;117m[DEBUG]: [0mThis is a debug message from thread 1818-09-2026 00:29:34 [38;5;117m[DEBUG]: [0mThis is a debug message from thread 2418-09-2026 00:29:34 [38;5;015m[INFO]: [0mThis is a info message from thread 1318-09-2026 00:29:34 [38;5;117m[DEBUG]: [0mThis is a debug message from thread 1518-09-2026 00:29:34 [38;5;117m[DEBUG]: [0mThis is a debug message from thread 2318-09-2026 00:29:34 [38;5;009m[ERROR]: [0mThis is a error message from thread 618-09-2026 00:29:34 [38;5;009m[ERROR]: [0mThis is a error message from thread 2218-09-2026 00:29:34 [38;5;015m[INFO]: [0mThis is a info message from thread 1218-09-2026 00:29:34 [38;5;117m[DEBUG]: [0mThis is a debug message from thread 2518-09-2026 00:29:34 [38;5;015m[INFO]: [0mThis is a info message from thread 2318-09-2026 00:29:34 [38;5;009m[ERROR]: [0mThis is a error message from thread 1318-09-2026 00:29:34 [38;5;009m[ERROR]: [0mThis is a error message from thread 1018-09-2026 00:29:34 [38;5;009m[ERROR]: [0mThis is a error message from thread 1418-09-2026 00:29:34 [38;5;015m[INFO]: [0mThis is a info message from thread 2818-09-2026 00:29:34 [38;5;015m[INFO]: [0mThis is a info message from thread 1618-09-2026 00:29:34 [38;5;009m[ERROR]: [0mThis is a error message from thread 2718-09-2026 00:29:34 [38;5;117m[DEBUG]: [0mThis is a debug message from thread 618-09-2026 00:29:34 [38;5;009m[ERROR]: [0mThis is a error message from thread 1718-09-2026 00:29:34 [38;5;015m[INFO]: [0mThis is a info message from thread 2518-09-2026 00:29:34 [38;5;015m[INFO]: [0mThis is a info message from thread 2418-09-2026 00:29:34 [38;5;009m[ERROR]: [0mThis is a error message from thread 2318-09-2026 00:29:34 [38;5;117m[DEBUG]: [0mThis is a debug message from thread 518-09-2026 00:29:34 [38;5;015m[INFO]: [0mThis is a info message from thread 618-09-2026 00:29:34 [38;5;015m[INFO]: [0mThis is a info message from thread 1518-09-2026 00:29:34 [38;5;117m[DEBUG]: [0mThis is a debug message from thread 2318-09-2026 00:29:34 [38;5;009m[ERROR]: [0mThis is a error message from thread 618-09-2026 00:29:34 [38;5;015m[INFO]: [0mThis is a info message from thread 718-09-2026 00:29:34 [38;5;015m[INFO]: [0mThis is a info message from thread 518-09-2026 00:29:34 [38;5;117m[DEBUG]: [0mThis is a debug message from thread 1718-09-2026 00:29:34 [38;5;009m[ERROR]: [0mThis is a error message from thread 018-09-2026 00:29:34 [38;5;117m[DEBUG]: [0mThis is a debug message from thread 618-09-2026 00:29:34 [38;5;015m[INFO]: [0mThis is a info message from thread 2318-09-2026 00:29:34 [38;5;009m[ERROR]: [0mThis is a error message from thread 2818-09-2026 00:29:34 [38;5;117m[DEBUG]: [0mThis is a debug message from thread 1318-09-2026 00:29:34 [38;5;117m[DEBUG]: [0mThis is a debug message from thread 418-09-2026 00:29:34 [38;5;117m[DEBUG]: [0mThis is a debug message from thread 018-09-2026 00:29:34 [38;5;117m[DEBUG]: [0mThis is a debug message from thread 2818-09-2026 00:29:34 [38;5;009m[ERROR]: [0mThis is a error message from thread 1218-09-2026 00:29:34 [38;5;009m[ERROR]: [0mThis is a error message from thread 318-09-2026 00:29:34 [38;5;117m[DEBUG]: [0mThis is a debug message from thread 818-09-2026 00:29:34 [38;5;117m[DEBUG]: [0mThis is a debug message from thread 1418-09-2026 00:29:34 [38;5;117m[DEBUG]: [0mThis is a debug message from thread 2618-09-2026 00:29:34 [38;5;015m[INFO]: [0mThis is a info message from thread 818-09-2026 00:29:34 [38;5;015m[INFO]: [0mThis is a info message from thread 2818-09-2026 00:29:34 [38;5;117m[DEBUG]: [0mThis is a debug message from thread 1218-09-2026 00:29:34 [38;5;117m[DEBUG]: [0mThis is a debug message from thread 2018-09-2026 00:29:34 [38;5;009m[ERROR]: [0mThis is a error message from thread 218-09-2026 00:29:34 [38;5;117m[DEBUG]: [0mThis is a debug message from thread 318-09-2026 00:29:34 [38;5;117m[DEBUG]: [0mThis is a debug message from thread 1018-09-2026 00:29:34 [38;5;015m[INFO]: [0mThis is a info message from thread 1018-09-2026 00:29:34 [38;5;015m[INFO]: [0mThis is a info message from thread 618-09-2026 00:29:34 [38;5;009m[ERROR]: [0mThis is a error message from thread 2918-09-2026 00:29:34 [38;5;009m[ERROR]: [0mThis is a error message from thread 1018-09-2026 00:29:34 [38;5;009m[ERROR]: [0mThis is a error message from thread 2818-09-2026 00:29:34 [38;5;015m[INFO]: [0mThis is a info message from thread 018-09-2026 00:29:34 [38;5;015m[INFO]: [0mThis is a info message from thread 1218-09-2026 00:29:34 [38;5;009m[ERROR]: [0mThis is a error message from thread 818-09-2026 00:29:34 [38;5;117m[DEBUG]: [0mThis is a debug message from thread 2918-09-2026 00:29:34 [38;5;117m[DEBUG]: [0mThis is a debug message from thread 218-09-2026 00:29:34 [38;5;009m[ERROR]: [0mThis is a error message from thread 1218-09-2026 00:29:34 [38;5;117m[DEBUG]: [0mThis is a debug message from thread 2818-09-2026 00:29:34 [38;5;117m[DEBUG]: [0mThis is a debug message from thread 1218-09-2026 00:29:34 [38;5;015m[INFO]: [0mThis is a info message from thread 2018-09-2026 00:29:34 [38;5;015m[INFO]: [0mThis is a info message from thread 218-09-2026 00:29:34 [38;5;117m[DEBUG]: [0mThis is a debug message from thread 818-09-2026 00:29:34 [38;5;015m[INFO]: [0mThis is a info message from thread 318-09-2026 00:29:34 [38;5;009m[ERROR]: [0mThis is a error message from thread 618-09-2026 00:29:34 [38;5;117m[DEBUG]: [0mThis is a debug message from thread 2718-09-2026 00:29:34 [38;5;009m[ERROR]: [0mThis is a error message from thread 2018-09-2026 00:29:34 [38;5;015m[INFO]: [0mThis is a info message from thread 2818-09-2026 00:29:34 [38;5;009m[ERROR]: [0mThis is a error message from thread 2118-09-2026 00:29:34 [38;5;009m[ERROR]: [0mThis is a error message from thread 2318-09-2026 00:29:34 [38;5;009m[ERROR]: [0mThis is a error message from thread 1118-09-2026 00:29:34 [38;5;117m[DEBUG]: [0mThis is a debug message from thread 1018-09-2026 00:29:34 [38;5;009m[ERROR]: [0mThis is a error message from thread 518-09-2026 00:29:34 [38;5;009m[ERROR]: [0mThis is a error message from thread 718-09-2026 00:29:34 [38;5;009m[ERROR]: [0mThis is a error message from thread 218-09-2026 00:29:34 [38;5;009m[ERROR]: [0mThis is a error message from thread 2818-09-2026 00:29:34 [38;5;015m[INFO]: [0mThis is a info message from thread 818-09-2026 00:29:34 [38;5;015m[INFO]: [0mThis is a info message from thread 2618-09-2026 00:29:34 [38;5;015m[INFO]: [0mThis is a info message from thread 2718-09-2026 00:29:34 [38;5;015m[INFO]: [0mThis is a info message from thread 1018-09-2026 00:29:34 [38;5;117m[DEBUG]: [0mThis is a debug message from thread 218-09-2026 00:29:34 [38;5;015m[INFO]: [0mThis is a info message from thread 218-09-2026 00:29:34 [38;5;009m[ERROR]: [0mThis is a error message from thread 2718-09-2026 00:29:34 [38;5;117m[DEBUG]: [0mThis is a debug message from thread 618-09-2026 00:29:34 [38;5;009m[ERROR]: [0mThis is a error message from thread 1018-09-2026 00:29:34 [38;5;117m[DEBUG]: [0mThis is a debug message from thread 518-09-2026 00:29:34 [38;5;117m[DEBUG]: [0mThis is a debug message from thread 1018-09-2026 00:29:34 [38;5;117m[DEBUG]: [0mThis is a debug message from thread 2018-09-2026 00:29:34 [38;5;117m[DEBUG]: [0mThis is a debug message from thread 2118-09-2026 00:29:34 [38;5;009m[ERROR]: [0mThis is a error message from thread 818-09-2026 00:29:34 [38;5;117m[DEBUG]: [0mThis is a debug message from thread 2818-09-2026 00:29:34 [38;5;015m[INFO]: [0mThis is a info message from thread 1818-09-2026 00:29:34 [38;5;117m[DEBUG]: [0mThis is a debug message from thread 2718-09-2026 00:29:34 [38;5;015m[INFO]: [0mThis is a info message from thread 1018-09-2026 00:29:34 [38;5;117m[DEBUG]: [0mThis is a debug message from thread 718-09-2026 00:29:34 [38;5;117m[DEBUG]: [0mThis is a debug message from thread 818-09-2026 00:29:34 [38;5;015m[INFO]: [0mThis is a info message from thread 518-09-2026 00:29:34 [38;5;015m[INFO]: [0mThis is a info message from thread 818-09-2026 00:29:34 [38;5;009m[ERROR]: [0mThis is a error message from thread 1818-09-2026 00:29:34 [38;5;015m[INFO]: [0mThis is a info message from thread 2818-09-2026 00:29:34 [38;5;015m[INFO]: [0mThis is a info message from thread 2718-09-2026 00:29:34 [38;5;117m[DEBUG]: [0mThis is a debug message from thread 1118-09-2026 00:29:34 [38;5;117m[DEBUG]: [0mThis is a debug message from thread 2318-09-2026 00:29:34 [38;5;009m[ERROR]: [0mThis is a error message from thread 518-09-2026 00:29:34 [38;5;015m[INFO]: [0mThis is a info message from thread 718-09-2026 00:29:34 [38;5;009m[ERROR]: [0mThis is a error message from thread 2818-09-2026 00:29:34 [38;5;009m[ERROR]: [0mThis is a error message from thread 2618-09-2026 00:29:34 [38;5;015m[INFO]: [0mThis is a info message from thread 418-09-2026 00:29:34 [38;5;117m[DEBUG]: [0mThis is a debug message from thread 2818-09-2026 00:29:34 [38;5;009m[ERROR]: [0mThis is a error message from thread 2418-09-2026 00:29:34 [38;5;009m[ERROR]: [0mThis is a error message from thread 218-09-2026 00:29:34 [38;5;015m[INFO]: [0mThis is a info message from thread 2318-09-2026 00:29:34 [38;5;117m[DEBUG]: [0mThis is a debug message from thread 2618-09-2026 00:29:34 [38;5;015m[INFO]: [0mThis is a info message from thread 2818-09-2026 00:29:34 [38;5;015m[INFO]: [0mThis is a info message from thread 1118-09-2026 00:29:34 [38;5;009m[ERROR]: [0mThis is a error message from thread 2518-09-2026 00:29:34 [38;5;015m[INFO]: [0mThis is a info message from thread 1718-09-2026 00:29:34 [38;5;009m[ERROR]: [0mThis is a error message from thread 2718-09-2026 00:29:34 [38;5;009m[ERROR]: [0mThis is a error message from thread 818-09-2026 00:29:34 [38;5;117m[DEBUG]: [0mThis is a debug message from thread 518-09-2026 00:29:34 [38;5;117m[DEBUG]: [0mThis is a debug message from thread 918-09-2026 00:29:34 [38;5;009m[ERROR]: [0mThis is a error message from thread 318-09-2026 00:29:34 [38;5;009m[ERROR]: [0mThis is a error message from thread 2318-09-2026 00:29:34 [38;5;015m[INFO]: [0mThis is a info message from thread 618-09-2026 00:29:34 [38;5;117m[DEBUG]: [0mThis is a debug message from thread 2518-09-2026 00:29:34 [38;5;015m[INFO]: [0mThis is a info message from thread 2618-09-2026 00:29:34 [38;5;015m[INFO]: [0mThis is a info message from thread 918-09-2026 00:29:34 [38;5;009m[ERROR]: [0mThis is a error message from thread 1618-09-2026 00:29:34 [38;5;009m[ERROR]: [0mThis is a error message from thread 918-09-2026 00:29:34 [38;5;015m[INFO]: [0mThis is a info message from thread 518-09-2026 00:29:34 [38;5;009m[ERROR]: [0mThis is a error message from thread 1718-09-2026 00:29:34 [38;5;009m[ERROR]: [0mThis is a error message from thread 1518-09-2026 00:29:34 [38;5;015m[INFO]: [0mThis is a info message from thread 1418-09-2026 00:29:34 [38;5;009m[ERROR]: [0mThis is a error message from thread 2818-09-2026 00:29:34 [38;5;117m[DEBUG]: [0mThis is a debug message from thread 818-09-2026 00:29:34 [38;5;117m[DEBUG]: [0mThis is a debug message from thread 918-09-2026 00:29:34 [38;5;009m[ERROR]: [0mThis is a error message from thread 518-09-2026 00:29:34 [38;5;117m[DEBUG]: [0mThis is a debug message from thread 1618-09-2026 00:29:34 [38;5;009m[ERROR]: [0mThis is a error message from thread 618-09-2026 00:29:34 [38;5;015m[INFO]: [0mThis is a info message from thread 918-09-2026 00:29:34 [38;5;117m[DEBUG]: [0mThis is a debug message from thread 618-09-2026 00:29:34 [38;5;117m[DEBUG]: [0mThis is a debug message from thread 2818-09-2026 00:29:34 [38;5;015m[INFO]: [0mThis is a info message from thread 818-09-2026 00:29:34 [38;5;015m[INFO]: [0mThis is a info message from thread 1618-09-2026 00:29:34 [38;5;009m[ERROR]: [0mThis is a error message from thread 818-09-2026 00:29:34 [38;5;015m[INFO]: [0mThis is a info message from thread 1218-09-2026 00:29:34 [38;5;117m[DEBUG]: [0mThis is a debug message from thread 1718-09-2026 00:29:34 [38;5;015m[INFO]: [0mThis is a info message from thread 1718-09-2026 00:29:34 [38;5;015m[INFO]: [0mThis is a info message from thread 2818-09-2026 00:29:34 [38;5;117m[DEBUG]: [0mThis is a debug message from thread 818-09-2026 00:29:34 [38;5;009m[ERROR]: [0mThis is a error message from thread 718-09-2026 00:29:34 [38;5;009m[ERROR]: [0mThis is a error message from thread 2818-09-2026 00:29:34 [38;5;009m[ERROR]: [0mThis is a error message from thread 1418-09-2026 00:29:34 [38;5;009m[ERROR]: [0mThis is a error message from thread 1218-09-2026 00:29:34 [38;5;009m[ERROR]: [0mThis is a error message from thread 018-09-2026 00:29:34 [38;5;009m[ERROR]: [0mThis is a error message from thread 1118-09-2026 00:29:34 [38;5;117m[DEBUG]: [0mThis is a debug message from thread 718-09-2026 00:29:34 [38;5;015m[INFO]: [0mThis is a info message from thread 2018-09-2026 00:29:34 [38;5;015m[INFO]: [0mThis is a info message from thread 718-09-2026 00:29:34 [38;5;117m[DEBUG]: [0mThis is a debug message from thread 2418-09-2026 00:29:34 [38;5;117m[DEBUG]: [0mThis is a debug message from thread 1518-09-2026 00:29:34 [38;5;009m[ERROR]: [0mThis is a error message from thread 918-09-2026 00:29:34 [38;5;015m[INFO]: [0mThis is a info message from thread 2918-09-2026 00:29:34 [38;5;117m[DEBUG]: [0mThis is a debug message from thread 918-09-2026 00:29:34 [38;5;015m[INFO]: [0mThis is a info message from thread 2118-09-2026 00:29:34 [38;5;009m[ERROR]: [0mThis is a error message from thread 118-09-2026 00:29:34 [38;5;117m[DEBUG]: [0mThis is a debug message from thread 018-09-2026 00:29:34 [38;5;009m[ERROR]: [0mThis is a error message from thread 2918-09-2026 00:29:34 [38;5;015m[INFO]: [0mThis is a info message from thread 1518-09-2026 00:29:34 [38;5;009m[ERROR]: [0mThis is a error message from thread 1718-09-2026 00:29:34 [38;5;015m[INFO]: [0mThis is a info message from thread 018-09-2026 00:29:34 [38;5;009m[ERROR]: [0mThis is a error message from thread 2118-09-2026 00:29:34 [38;5;117m[DEBUG]: [0mThis is a debug message from thread 1818-09-2026 00:29:34 [38;5;015m[INFO]: [0mThis is a info message from thread 918-09-2026 00:29:34 [38;5;117m[DEBUG]: [0mThis is a debug message from thread 2818-09-2026 00:29:34 [38;5;009m[ERROR]: [0mThis is a error message from thread 1018-09-2026 00:29:34 [38;5;009m[ERROR]: [0mThis is a error message from thread 718-09-2026 00:29:34 [38;5;117m[DEBUG]: [0mThis is a debug message from thread 2118-09-2026 00:29:34 [38;5;117m[DEBUG]: [0mThis is a debug message from thread 1718-09-2026 00:29:34 [38;5;009m[ERROR]: [0mThis is a error message from thread 1618-09-2026 00:29:34 [38;5;015m[INFO]: [0mThis is a info message from thread 2118-09-2026 00:29:34 [38;5;117m[DEBUG]: [0mThis is a debug message from thread 1118-09-2026 00:29:34 [38;5;117m[DEBUG]: [0mThis is a debug message from thread 718-09-2026 00:29:34 [38;5;009m[ERROR]: [0mThis is a error message from thread 2118-09-2026 00:29:34 [38;5;117m[DEBUG]: [0mThis is a debug message from thread 218-09-2026 00:29:34 [38;5;117m[DEBUG]: [0mThis is a debug message from thread 2718-09-2026 00:29:34 [38;5;015m[INFO]: [0mThis is a info message from thread 218-09-2026 00:29:34 [38;5;117m[DEBUG]: [0mThis is a debug message from thread 2118-09-2026 00:29:34 [38;5;009m[ERROR]: [0mThis is a error message from thread 218-09-2026 00:29:34 [38;5;015m[INFO]: [0mThis is a info message from thread 1118-09-2026 00:29:34 [38;5;009m[ERROR]: [0mThis is a error message from thread 1118-09-2026 00:29:34 [38;5;015m[INFO]: [0mThis is a info message from thread 2118-09-2026 00:29:34 [38;5;009m[ERROR]: [0mThis is a error message from thread 418-09-2026 00:29:34 [38;5;015m[INFO]: [0mThis is a info message from thread 2518-09-2026 00:29:34 [38;5;015m[INFO]: [0mThis is a info message from thread 2818-09-2026 00:29:34 [38;5;009m[ERROR]: [0mThis is a error message from thread 2118-09-2026 00:29:34 [38;5;117m[DEBUG]: [0mThis is a debug message from thread 2918-09-2026 00:29:34 [38;5;015m[INFO]: [0mThis is a info message from thread 618-09-2026 00:29:34 [38;5;015m[INFO]: [0mThis is a info message from thread 1718-09-2026 00:29:34 [38;5;117m[DEBUG]: [0mThis is a debug message from thread 318-09-2026 00:29:34 [38;5;015m[INFO]: [0mThis is a info message from thread 718-09-2026 00:29:34 [38;5;117m[DEBUG]: [0mThis is a debug message from thread 418-09-2026 00:29:34 [38;5;009m[ERROR]: [0mThis is a error message from thread 618-09-2026 00:29:34 [38;5;009m[ERROR]: [0mThis is a error message from thread 1718-09-2026 00:29:34 [38;5;117m[DEBUG]: [0mThis is a debug message from thread 1118-09-2026 00:29:34 [38;5;117m[DEBUG]: [0mThis is a debug message from thread 1718-09-2026 00:29:34 [38;5;117m[DEBUG]: [0mThis is a debug message from thread 2118-09-2026 00:29:34 [38;5;009m[ERROR]: [0mThis is a error message from thread 718-09-2026 00:29:34 [38;5;117m[DEBUG]: [0mThis is a debug message from thread 518-09-2026 00:29:34 [38;5;015m[INFO]: [0mThis is a info message from thread 818-09-2026 00:29:34 [38;5;117m[DEBUG]: [0mThis is a debug message from thread 1618-09-2026 00:29:34 [38;5;117m[DEBUG]: [0mThis is a debug message from thread 118-09-2026 00:29:34 [38;5;015m[INFO]: [0mThis is a info message from thread 2118-09-2026 00:29:34 [38;5;015m[INFO]: [0mThis is a info message from thread 418-09-2026 00:29:34 [38;5;009m[ERROR]: [0mThis is a error message from thread 1918-09-2026 00:29:34 [38;5;009m[ERROR]: [0mThis is a error message from thread 1518-09-2026 00:29:34 [38;5;117m[DEBUG]: [0mThis is a debug message from thread 1218-09-2026 00:29:34 [38;5;015m[INFO]: [0mThis is a info message from thread 518-09-2026 00:29:34 [38;5;009m[ERROR]: [0mThis is a error message from thread 2018-09-2026 00:29:34 [38;5;117m[DEBUG]: [0mThis is a debug message from thread 1918-09-2026 00:29:34 [38;5;015m[INFO]: [0mThis is a info message from thread 1118-09-2026 00:29:34 [38;5;009m[ERROR]: [0mThis is a error message from thread 2118-09-2026 00:29:34 [38;5;009m[ERROR]: [0mThis is a error message from thread 518-09-2026 00:29:34 [38;5;015m[INFO]: [0mThis is a info message from thread 1918-09-2026 00:29:34 [38;5;015m[INFO]: [0mThis is a info message from thread 1618-09-2026 00:29:34 [38;5;015m[INFO]: [0mThis is a info message from thread 118-09-2026 00:29:34 [38;5;117m[DEBUG]: [0mThis is a debug message from thread 518-09-2026 00:29:34 [38;5;015m[INFO]: [0mThis is a info message from thread 1318-09-2026 00:29:34 [38;5;015m[INFO]: [0mThis is a info message from thread 2418-09-2026 00:29:34 [38;5;009m[ERROR]: [0mThis is a error message from thread 1318-09-2026 00:29:34 [38;5;117m[DEBUG]: [0mThis is a debug message from thread 2118-09-2026 00:29:34 [38;5;009m[ERROR]: [0mThis is a error message from thread 1118-09-2026 00:29:34 [38;5;117m[DEBUG]: [0mThis is a debug message from thread 1518-09-2026 00:29:34 [38;5;009m[ERROR]: [0mThis is a error message from thread 2418-09-2026 00:29:34 [38;5;015m[INFO]: [0mThis is a info message from thread 1518-09-2026 00:29:34 [38;5;009m[ERROR]: [0mThis is a error message from thread 118-09-2026 00:29:34 [38;5;117m[DEBUG]: [0mThis is a debug message from thread 2218-09-2026 00:29:34 [38;5;117m[DEBUG]: [0mThis is a debug message from thread 718-09-2026 00:29:34 [38;5;015m[INFO]: [0mThis is a info message from thread 518-09-2026 00:29:34 [38;5;117m[DEBUG]: [0mThis is a debug message from thread 1018-09-2026 00:29:34 [38;5;117m[DEBUG]: [0mThis is a debug message from thread 1318-09-2026 00:29:34 [38;5;015m[INFO]: [0mThis is a info message from thread 1818-09-2026 00:29:34 [38;5;009m[ERROR]: [0mThis is a error message from thread 1618-09-2026 00:29:34 [38;5;009m[ERROR]: [0mThis is a error message from thread 2618-09-2026 00:29:34 [38;5;015m[INFO]: [0mThis is a info message from thread 1318-09-2026 00:29:34 [38;5;009m[ERROR]: [0mThis is a error message from thread 1318-09-2026 00:29:34 [38;5;015m[INFO]: [0mThis is a info message from thread 1018-09-2026 00:29:34 [38;5;015m[INFO]: [0mThis is a info message from thread 2118-09-2026 00:29:34 [38;5;009m[ERROR]: [0mThis is a error message from thread 518-09-2026 00:29:34 [38;5;015m[INFO]: [0mThis is a info message from thread 718-09-2026 00:29:34 [38;5;117m[DEBUG]: [0mThis is a debug message from thread 1618-09-2026 00:29:34 [38;5;117m[DEBUG]: [0mThis is a debug message from thread 118-09-2026 00:29:34 [38;5;009m[ERROR]: [0mThis is a error message from thread 1818-09-2026 00:29:34 [38;5;117m[DEBUG]: [0mThis is a debug message from thread 2318-09-2026 00:29:34 [38;5;117m[DEBUG]: [0mThis is a debug message from thread 2018-09-2026 00:29:34 [38;5;015m[INFO]: [0mThis is a info message from thread 2718-09-2026 00:29:34 [38;5;009m[ERROR]: [0mThis is a error message from thread 1518-09-2026 00:29:34 [38;5;015m[INFO]: [0mThis is a info message from thread 1618-09-2026 00:29:34 [38;5;009m[ERROR]: [0mThis is a error message from thread 718-09-2026 00:29:34 [38;5;015m[INFO]: [0mThis is a info message from thread 2018-09-2026 00:29:34 [38;5;117m[DEBUG]: [0mThis is a debug message from thread 518-09-2026 00:29:34 [38;5;009m[ERROR]: [0mThis is a error message from thread 1618-09-2026 00:29:34 [38;5;015m[INFO]: [0mThis is a info message from thread 518-09-2026 00:29:34 [38;5;117m[DEBUG]: [0mThis is a debug message from thread 1818-09-2026 00:29:34 [38;5;117m[DEBUG]: [0mThis is a debug message from thread 718-09-2026 00:29:34 [38;5;117m[DEBUG]: [0mThis is a debug message from thread 1318-09-2026 00:29:34 [38;5;009m[ERROR]: [0mThis is a error message from thread 518-09-2026 00:29:34 [38;5;117m[DEBUG]: [0mThis is a debug message from thread 618-09-2026 00:29:34 [38;5;015m[INFO]: [0mThis is a info message from thread 718-09-2026 00:29:34 [38;5;117m[DEBUG]: [0mThis is a debug message from thread 1618-09-2026 00:29:34 [38;5;015m[INFO]: [0mThis is a info message from thread 118-09-2026 00:29:34 [38;5;009m[ERROR]: [0mThis is a error message from thread 718-09-2026 00:29:34 [38;5;015m[INFO]: [0mThis is a info message from thread 1318-09-2026 00:29:34 [38;5;015m[INFO]: [0mThis is a info message from thread 1618-09-2026 00:29:34 [38;5;117m[DEBUG]: [0mThis is a debug message from thread 518-09-2026 00:29:34 [38;5;009m[ERROR]: [0mThis is a error message from thread 1618-09-2026 00:29:34 [38;5;009m[ERROR]: [0mThis is a error message from thread 1318-09-2026 00:29:34 [38;5;117m[DEBUG]: [0mThis is a debug message from thread 718-09-2026 00:29:34 [38;5;009m[ERROR]: [0mThis is a error message from thread 918-09-2026 00:29:34 [38;5;015m[INFO]: [0mThis is a info message from thread 518-09-2026 00:29:34 [38;5;009m[ERROR]: [0mThis is a error message from thread 2118-09-2026 00:29:34 [38;5;117m[DEBUG]: [0mThis is a debug message from thread 1618-09-2026 00:29:34 [38;5;009m[ERROR]: [0mThis is a error message from thread 518-09-2026 00:29:34 [38;5;015m[INFO]: [0mThis is a info message from thread 318-09-2026 00:29:34 [38;5;117m[DEBUG]: [0mThis is a debug message from thread 218-09-2026 00:29:34 [38;5;015m[INFO]: [0mThis is a info message from thread 1618-09-2026 00:29:34 [38;5;009m[ERROR]: [0mThis is a error message from thread 2518-09-2026 00:29:34 [38;5;117m[DEBUG]: [0mThis is a debug message from thread 1518-09-2026 00:29:34 [38;5;117m[DEBUG]: [0mThis is a debug message from thread 1318-09-2026 00:29:34 [38;5;009m[ERROR]: [0mThis is a error message from thread 118-09-2026 00:29:34 [38;5;015m[INFO]: [0mThis is a info message from thread 718-09-2026 00:29:34 [38;5;009m[ERROR]: [0mThis is a error message from thread 1018-09-2026 00:29:34 [38;5;117m[DEBUG]: [0mThis is a debug message from thread 118-09-2026 00:29:34 [38;5;009m[ERROR]: [0mThis is a error message from thread 318-09-2026 00:29:34 [38;5;009m[ERROR]: [0mThis is a error message from thread 718-09-2026 00:29:34 [38;5;015m[INFO]: [0mThis is a info message from thread 618-09-2026 00:29:34 [38;5;117m[DEBUG]: [0mThis is a debug message from thread 318-09-2026 00:29:34 [38;5;117m[DEBUG]: [0mThis is a debug message from thread 918-09-2026 00:29:34 [38;5;009m[ERROR]: [0mThis is a error message from thread 2018-09-2026 00:29:34 [38;5;117m[DEBUG]: [0mThis is a debug message from thread 1418-09-2026 00:29:34 [38;5;015m[INFO]: [0mThis is a info message from thread 918-09-2026 00:29:34 [38;5;009m[ERROR]: [0mThis is a error message from thread 1618-09-2026 00:29:34 [38;5;009m[ERROR]: [0mThis is a error message from thread 2818-09-2026 00:29:34 [38;5;009m[ERROR]: [0mThis is a error message from thread 918-09-2026 00:29:34 [38;5;015m[INFO]: [0mThis is a info message from thread 2918-09-2026 00:29:34 [38;5;015m[INFO]: [0mThis is a info message from thread 1718-09-2026 00:29:34 [38;5;009m[ERROR]: [0mThis is a error message from thread 618-09-2026 00:29:34 [38;5;117m[DEBUG]: [0mThis is a debug message from thread 2618-09-2026 00:29:34 [38;5;015m[INFO]: [0mThis is a info message from thread 1818-09-2026 00:29:34 [38;5;117m[DEBUG]: [0mThis is a debug message from thread 618-09-2026 00:29:34 [38;5;015m[INFO]: [0mThis is a info message from thread 218-09-2026 00:29:34 [38;5;009m[ERROR]: [0mThis is a error message from thread 1718-09-2026 00:29:34 [38;5;009m[ERROR]: [0mThis is a error message from thread 818-09-2026 00:29:34 [38;5;015m[INFO]: [0mThis is a info message from thread 1418-09-2026 00:29:34 [38;5;117m[DEBUG]: [0mThis is a debug message from thread 1018-09-2026 00:29:34 [38;5;015m[INFO]: [0mThis is a info message from thread 618-09-2026 00:29:34 [38;5;117m[DEBUG]: [0mThis is a debug message from thread 718-09-2026 00:29:34 [38;5;117m[DEBUG]: [0mThis is a debug message from thread 2418-09-2026 00:29:34 [38;5;009m[ERROR]: [0mThis is a error message from thread 2918-09-2026 00:29:34 [38;5;015m[INFO]: [0mThis is a info message from thread 118-09-2026 00:29:34 [38;5;117m[DEBUG]: [0mThis is a debug message from thread 1118-09-2026 00:29:34 [38;5;015m[INFO]: [0mThis is a info message from thread 2218-09-2026 00:29:34 [38;5;009m[ERROR]: [0mThis is a error message from thread 018-09-2026 00:29:34 [38;5;015m[INFO]: [0mThis is a info message from thread 1518-09-2026 00:29:34 [38;5;117m[DEBUG]: [0mThis is a debug message from thread 1618-09-2026 00:29:34 [38;5;015m[INFO]: [0mThis is a info message from thread 718-09-2026 00:29:34 [38;5;015m[INFO]: [0mThis is a info message from thread 318-09-2026 00:29:34 [38;5;009m[ERROR]: [0mThis is a error message from thread 2218-09-2026 00:29:34 [38;5;015m[INFO]: [0mThis is a info message from thread 1118-09-2026 00:29:34 [38;5;117m[DEBUG]: [0mThis is a debug message from thread 918-09-2026 00:29:34 [38;5;009m[ERROR]: [0mThis is a error message from thread 1518-09-2026 00:29:34 [38;5;117m[DEBUG]: [0mThis is a debug message from thread 2218-09-2026 00:29:34 [38;5;009m[ERROR]: [0mThis is a error message from thread 218-09-2026 00:29:34 [38;5;015m[INFO]: [0mThis is a info message from thread 2418-09-2026 00:29:34 [38;5;117m[DEBUG]: [0mThis is a debug message from thread 2018-09-2026 00:29:34 [38;5;117m[DEBUG]: [0mThis is a debug message from thread 018-09-2026 00:29:34 [38;5;015m[INFO]: [0mThis is a info message from thread 1218-09-2026 00:29:34 [38;5;117m[DEBUG]: [0mThis is a debug message from thread 2118-09-2026 00:29:34 [38;5;015m[INFO]: [0mThis is a info message from thread 2318-09-2026 00:29:34 [38;5;015m[INFO]: [0mThis is a info message from thread 2018-09-2026 00:29:34 [38;5;009m[ERROR]: [0mThis is a error message from thread 1218-09-2026 00:29:34 [38;5;015m[INFO]: [0mThis is a info message from thread 2118-09-2026 00:29:34 [38;5;117m[DEBUG]: [0mThis is a debug message from thread 218-09-2026 00:29:34 [38;5;117m[DEBUG]: [0mThis is a debug message from thread 1518-09-2026 00:29:34 [38;5;009m[ERROR]: [0mThis is a error message from thread 718-09-2026 00:29:34 [38;5;015m[INFO]: [0mThis is a info message from thread 1518-09-2026 00:29:34 [38;5;015m[INFO]: [0mThis is a info message from thread 2618-09-2026 00:29:34 [38;5;015m[INFO]: [0mThis is a info message from thread 018-09-2026 00:29:34 [38;5;117m[DEBUG]: [0mThis is a debug message from thread 518-09-2026 00:29:34 [38;5;117m[DEBUG]: [0mThis is a debug message from thread 1718-09-2026 00:29:34 [38;5;117m[DEBUG]: [0mThis is a debug message from thread 718-09-2026 00:29:34 [38;5;117m[DEBUG]: [0mThis is a debug message from thread 2518-09-2026 00:29:34 [38;5;117m[DEBUG]: [0mThis is a debug message from thread 1218-09-2026 00:29:34 [38;5;117m[DEBUG]: [0mThis is a debug message from thread 818-09-2026 00:29:34 [38;5;009m[ERROR]: [0mThis is a error message from thread 1918-09-2026 00:29:34 [38;5;015m[INFO]: [0mThis is a info message from thread 818-09-2026 00:29:34 [38;5;015m[INFO]: [0mThis is a info message from thread 1718-09-2026 00:29:34 [38;5;015m[INFO]: [0mThis is a info message from thread 518-09-2026 00:29:34 [38;5;009m[ERROR]: [0mThis is a error message from thread 2118-09-2026 00:29:34 [38;5;009m[ERROR]: [0mThis is a error message from thread 2718-09-2026 00:29:34 [38;5;009m[ERROR]: [0mThis is a error message from thread 2418-09-2026 00:29:34 [38;5;117m[DEBUG]: [0mThis is a debug message from thread 1918-09-2026 00:29:34 [38;5;015m[INFO]: [0mThis is a info message from thread 1618-09-2026 00:29:34 [38;5;015m[INFO]: [0mThis is a info message from thread 918-09-2026 00:29:34 [38;5;117m[DEBUG]: [0mThis is a debug message from thread 2918-09-2026 00:29:34 [38;5;009m[ERROR]: [0mThis is a error message from thread 2618-09-2026 00:29:34 [38;5;009m[ERROR]: [0mThis is a error message from thread 1518-09-2026 00:29:34 [38;5;015m[INFO]: [0mThis is a info message from thread 1918-09-2026 00:29:34 [38;5;009m[ERROR]: [0mThis is a error message from thread 1618-09-2026 00:29:34 [38;5;117m[DEBUG]: [0mThis is a debug message from thread 2418-09-2026 00:29:34 [38;5;117m[DEBUG]: [0mThis is a debug message from thread 2118-09-2026 00:29:34 [38;5;009m[ERROR]: [0mThis is a error message from thread 2018-09-2026 00:29:34 [38;5;117m[DEBUG]: [0mThis is a debug message from thread 1518-09-2026 00:29:34 [38;5;015m[INFO]: [0mThis is a info message from thread 2218-09-2026 00:29:34 [38;5;009m[ERROR]: [0mThis is a error message from thread 1418-09-2026 00:29:34 [38;5;015m[INFO]: [0mThis is a info message from thread 2118-09-2026 00:29:34 [38;5;117m[DEBUG]: [0mThis is a debug message from thread 2018-09-2026 00:29:34 [38;5;015m[INFO]: [0mThis is a info message from thread 2918-09-2026 00:29:34 [38;5;009m[ERROR]: [0mThis is a error message from thread 518-09-2026 00:29:34 [38;5;117m[DEBUG]: [0mThis is a debug message from thread 1618-09-2026 00:29:34 [38;5;015m[INFO]: [0mThis is a info message from thread 2418-09-2026 00:29:34 [38;5;009m[ERROR]: [0mThis is a error message from thread 2918-09-2026 00:29:34 [38;5;009m[ERROR]: [0mThis is a error message from thread 2218-09-2026 00:29:34 [38;5;009m[ERROR]: [0mThis is a error message from thread 1918-09-2026 00:29:34 [38;5;009m[ERROR]: [0mThis is a error message from thread 1718-09-2026 00:29:34 [38;5;015m[INFO]: [0mThis is a info message from thread 2018-09-2026 00:29:34 [38;5;117m[DEBUG]: [0mThis is a debug message from thread 2818-09-2026 00:29:34 [38;5;015m[INFO]: [0mThis is a info message from thread 1518-09-2026 00:29:34 [38;5;009m[ERROR]: [0mThis is a error message from thread 2018-09-2026 00:29:34 [38;5;117m[DEBUG]: [0mThis is a debug message from thread 2718-09-2026 00:29:34 [38;5;117m[DEBUG]: [0mThis is a debug message from thread 1718-09-2026 00:29:34 [38;5;117m[DEBUG]: [0mThis is a debug message from thread 2018-09-2026 00:29:34 [38;5;015m[INFO]: [0mThis is a info message from thread 2818-09-2026 00:29:34 [38;5;009m[ERROR]: [0mThis is a error message from thread 2418-09-2026 00:29:34 [38;5;117m[DEBUG]: [0mThis is a debug message from thread 2418-09-2026 00:29:34 [38;5;015m[INFO]: [0mThis is a info message from thread 1618-09-2026 00:29:34 [38;5;009m[ERROR]: [0mThis is a error message from thread 1518-09-2026 00:29:34 [38;5;117m[DEBUG]: [0mThis is a debug message from thread 518-09-2026 00:29:34 [38;5;015m[INFO]: [0mThis is a info message from thread 2418-09-2026 00:29:34 [38;5;009m[ERROR]: [0mThis is a error message from thread 2418-09-2026 00:29:34 [38;5;009m[ERROR]: [0mThis is a error message from thread 2818-09-2026 00:29:34 [38;5;117m[DEBUG]: [0mThis is a debug message from thread 2918-09-2026 00:29:34 [38;5;015m[INFO]: [0mThis is a info message from thread 518-09-2026 00:29:34 [38;5;009m[ERROR]: [0mThis is a error message from thread 618-09-2026 00:29:34 [38;5;015m[INFO]: [0mThis is a info message from thread 1718-09-2026 00:29:34 [38;5;009m[ERROR]: [0mThis is a error message from thread 1818-09-2026 00:29:34 [38;5;009m[ERROR]: [0mThis is a error message from thread 918-09-2026 00:29:34 [38;5;015m[INFO]: [0mThis is a info message from thread 1318-09-2026 00:29:34 [38;5;117m[DEBUG]: [0mThis is a debug message from thread 1518-09-2026 00:29:34 [38;5;009m[ERROR]: [0mThis is a error message from thread 318-09-2026 00:29:34 [38;5;009m[ERROR]: [0mThis is a error message from thread 418-09-2026 00:29:34 [38;5;117m[DEBUG]: [0mThis is a debug message from thread 318-09-2026 00:29:34 [38;5;117m[DEBUG]: [0mThis is a debug message from thread 2418-09-2026 00:29:34 [38;5;015m[INFO]: [0mThis is a info message from thread 1018-09-2026 00:29:34 [38;5;117m[DEBUG]: [0mThis is a debug message from thread 2618-09-2026 00:29:34 [38;5;009m[ERROR]: [0mThis is a error message from thread 118-09-2026 00:29:34 [38;5;015m[INFO]: [0mThis is a info message from thread 1218-09-2026 00:29:34 [38;5;009m[ERROR]: [0mThis is a error message from thread 2118-09-2026 00:29:34 [38;5;015m[INFO]: [0mThis is a info message from thread 718-09-2026 00:29:34 [38;5;009m[ERROR]: [0mThis is a error message from thread 1018-09-2026 00:29:34 [38;5;015m[INFO]: [0mThis is a info message from thread 2518-09-2026 00:29:34 [38;5;117m[DEBUG]: [0mThis is a debug message from thread 1918-09-2026 00:29:34 [38;5;117m[DEBUG]: [0mThis is a debug message from thread 2118-09-2026 00:29:34 [38;5;117m[DEBUG]: [0mThis is a debug message from thread 1418-09-2026 00:29:34 [38;5;117m[DEBUG]: [0mThis is a debug message from thread 2218-09-2026 00:29:34 [38;5;009m[ERROR]: [0mThis is a error message from thread 818-09-2026 00:29:34 [38;5;009m[ERROR]: [0mThis is a error message from thread 018-09-2026 00:29:34 [38;5;015m[INFO]: [0mThis is a info message from thread 318-09-2026 00:29:34 [38;5;117m[DEBUG]: [0mThis is a debug message from thread 1018-09-2026 00:29:34 [38;5;009m[ERROR]: [0mThis is a error message from thread 318-09-2026 00:29:34 [38;5;117m[DEBUG]: [0mThis is a debug message from thread 018-09-2026 00:29:34 [38;5;015m[INFO]: [0mThis is a info message from thread 1918-09-2026 00:29:34 [38;5;117m[DEBUG]: [0mThis is a debug message from thread 318-09-2026 00:29:34 [38;5;015m[INFO]: [0mThis is a info message from thread 2218-09-2026 00:29:34 [38;5;009m[ERROR]: [0mThis is a error message from thread 1918-09-2026 00:29:34 [38;5;117m[DEBUG]: [0mThis is a debug message from thread 2818-09-2026 00:29:34 [38;5;117m[DEBUG]: [0mThis is a debug message from thread 1918-09-2026 00:29:34 [38;5;009m[ERROR]: [0mThis is a error message from thread 2218-09-2026 00:29:34 [38;5;015m[INFO]: [0mThis is a info message from thread 318-09-2026 00:29:34 [38;5;009m[ERROR]: [0mThis is a error message from thread 318-09-2026 00:29:34 [38;5;015m[INFO]: [0mThis is a info message from thread 1918-09-2026 00:29:34 [38;5;117m[DEBUG]: [0mThis is a debug message from thread 118-09-2026 00:29:34 [38;5;117m[DEBUG]: [0mThis is a debug message from thread 818-09-2026 00:29:34 [38;5;015m[INFO]: [0mThis is a info message from thread 118-09-2026 00:29:34 [38;5;009m[ERROR]: [0mThis is a error message from thread 2518-09-2026 00:29:34 [38;5;009m[ERROR]: [0mThis is a error message from thread 1118-09-2026 00:29:34 [38;5;015m[INFO]: [0mThis is a info message from thread 1018-09-2026 00:29:34 [38;5;015m[INFO]: [0mThis is a info message from thread 818-09-2026 00:29:34 [38;5;009m[ERROR]: [0mThis is a error message from thread 1918-09-2026 00:29:34 [38;5;117m[DEBUG]: [0mThis is a debug message from thread 2218-09-2026 00:29:34 [38;5;117m[DEBUG]: [0mThis is a debug message from thread 318-09-2026 00:29:34 [38;5;117m[DEBUG]: [0mThis is a debug message from thread 1918-09-2026 00:29:34 [38;5;009m[ERROR]: [0mThis is a error message from thread 1018-09-2026 00:29:34 [38;5;015m[INFO]: [0mThis is a info message from thread 2418-09-2026 00:29:34 [38;5;009m[ERROR]: [0mThis is a error message from thread 2418-09-2026 00:29:34 [38;5;015m[INFO]: [0mThis is a info message from thread 2818-09-2026 00:29:34 [38;5;117m[DEBUG]: [0mThis is a debug message from thread 1018-09-2026 00:29:34 [38;5;015m[INFO]: [0mThis is a info message from thread 1018-09-2026 00:29:34 [38;5;015m[INFO]: [0mThis is a info message from thread 1918-09-2026 00:29:34 [38;5;009m[ERROR]: [0mThis is a error message from thread 118-09-2026 00:29:34 [38;5;117m[DEBUG]: [0mThis is a debug message from thread 1118-09-2026 00:29:34 [38;5;009m[ERROR]: [0mThis is a error message from thread 718-09-2026 00:29:34 [38;5;009m[ERROR]: [0mThis is a error message from thread 2818-09-2026 00:29:34 [38;5;015m[INFO]: [0mThis is a info message from thread 218-09-2026 00:29:34 [38;5;009m[ERROR]: [0mThis is a error message from thread 818-09-2026 00:29:34 [38;5;015m[INFO]: [0mThis is a info message from thread 2218-09-2026 00:29:34 [38;5;015m[INFO]: [0mThis is a info message from thread 318-09-2026 00:29:34 [38;5;009m[ERROR]: [0mThis is a error message from thread 1918-09-2026 00:29:34 [38;5;009m[ERROR]: [0mThis is a error message from thread 218-09-2026 00:29:34 [38;5;009m[ERROR]: [0mThis is a error message from thread 2218-09-2026 00:29:34 [38;5;015m[INFO]: [0mThis is a info message from thread 2118-09-2026 00:29:34 [38;5;117m[DEBUG]: [0mThis is a debug message from thread 718-09-2026 00:29:34 [38;5;117m[DEBUG]: [0mThis is a debug message from thread 1918-09-2026 00:29:34 [38;5;117m[DEBUG]: [0mThis is a debug message from thread 218-09-2026 00:29:34 [38;5;117m[DEBUG]: [0mThis is a debug message from thread 2218-09-2026 00:29:34 [38;5;009m[ERROR]: [0mThis is a error message from thread 2118-09-2026 00:29:34 [38;5;009m[ERROR]: [0mThis is a error message from thread 1018-09-2026 00:29:34 [38;5;117m[DEBUG]: [0mThis is a debug message from thread 818-09-2026 00:29:34 [38;5;015m[INFO]: [0mThis is a info message from thread 2618-09-2026 00:29:34 [38;5;117m[DEBUG]: [0mThis is a debug message from thread 2518-09-2026 00:29:34 [38;5;117m[DEBUG]: [0mThis is a debug message from thread 118-09-2026 00:29:34 [38;5;015m[INFO]: [0mThis is a info message from thread 1918-09-2026 00:29:34 [38;5;117m[DEBUG]: [0mThis is a debug message from thread 2118-09-2026 00:29:34 [38;5;015m[INFO]: [0mThis is a info message from thread 2218-09-2026 00:29:34 [38;5;117m[DEBUG]: [0mThis is a debug message from thread 2818-09-2026 00:29:34 [38;5;015m[INFO]: [0mThis is a info message from thread 2818-09-2026 00:29:34 [38;5;015m[INFO]: [0mThis is a info message from thread 2118-09-2026 00:29:34 [38;5;009m[ERROR]: [0mThis is a error message from thread 1218-09-2026 00:29:34 [38;5;117m[DEBUG]: [0mThis is a debug message from thread 1018-09-2026 00:29:34 [38;5;009m[ERROR]: [0mThis is a error message from thread 1918-09-2026 00:29:34 [38;5;009m[ERROR]: [0mThis is a error message from thread 2218-09-2026 00:29:34 [38;5;009m[ERROR]: [0mThis is a error message from thread 1618-09-2026 00:29:34 [38;5;015m[INFO]: [0mThis is a info message from thread 718-09-2026 00:29:34 [38;5;117m[DEBUG]: [0mThis is a debug message from thread 418-09-2026 00:29:34 [38;5;015m[INFO]: [0mThis is a info message from thread 018-09-2026 00:29:34 [38;5;009m[ERROR]: [0mThis is a error message from thread 318-09-2026 00:29:34 [38;5;015m[INFO]: [0mThis is a info message from thread 118-09-2026 00:29:34 [38;5;117m[DEBUG]: [0mThis is a debug message from thread 1218-09-2026 00:29:34 [38;5;015m[INFO]: [0mThis is a info message from thread 818-09-2026 00:29:34 [38;5;015m[INFO]: [0mThis is a info message from thread 2518-09-2026 00:29:34 [38;5;117m[DEBUG]: [0mThis is a debug message from thread 318-09-2026 00:29:34 [38;5;009m[ERROR]: [0mThis is a error message from thread 718-09-2026 00:29:34 [38;5;015m[INFO]: [0mThis is a info message from thread 1218-09-2026 00:29:34 [38;5;015m[INFO]: [0mThis is a info message from thread 1018-09-2026 00:29:34 [38;5;009m[ERROR]: [0mThis is a error message from thread 2818-09-2026 00:29:34 [38;5;015m[INFO]: [0mThis is a info message from thread 418-09-2026 00:29:34 [38;5;009m[ERROR]: [0mThis is a error message from thread 2518-09-2026 00:29:34 [38;5;015m[INFO]: [0mThis is a info message from thread 1118-09-2026 00:29:34 [38;5;117m[DEBUG]: [0mThis is a debug message from thread 1618-09-2026 00:29:34 [38;5;009m[ERROR]: [0mThis is a error message from thread 1218-09-2026 00:29:34 [38;5;009m[ERROR]: [0mThis is a error message from thread 118-09-2026 00:29:34 [38;5;009m[ERROR]: [0mThis is a error message from thread 2318-09-2026 00:29:34 [38;5;015m[INFO]: [0mThis is a info message from thread 318-09-2026 00:29:34 [38;5;009m[ERROR]: [0mThis is a error message from thread 818-09-2026 00:29:34 [38;5;009m[ERROR]: [0mThis is a error message from thread 1118-09-2026 00:29:34 [38;5;117m[DEBUG]: [0mThis is a debug message from thread 118-09-2026 00:29:34 [38;5;009m[ERROR]: [0mThis is a error message from thread 2118-09-2026 00:29:34 [38;5;117m[DEBUG]: [0mThis is a debug message from thread 2418-09-2026 00:29:34 [38;5;015m[INFO]: [0mThis is a info message from thread 1618-09-2026 00:29:34 [38;5;117m[DEBUG]: [0mThis is a debug message from thread 718-09-2026 00:29:34 [38;5;015m[INFO]: [0mThis is a info message from thread 1418-09-2026 00:29:34 [38;5;009m[ERROR]: [0mThis is a error message from thread 1018-09-2026 00:29:34 [38;5;117m[DEBUG]: [0mThis is a debug message from thread 1218-09-2026 00:29:34 [38;5;117m[DEBUG]: [0mThis is a debug message from thread 1918-09-2026 00:29:34 [38;5;117m[DEBUG]: [0mThis is a debug message from thread 1018-09-2026 00:29:34 [38;5;015m[INFO]: [0mThis is a info message from thread 1218-09-2026 00:29:34 [38;5;015m[INFO]: [0mThis is a info message from thread 1918-09-2026 00:29:34 [38;5;009m[ERROR]: [0mThis is a error message from thread 1618-09-2026 00:29:34 [38;5;117m[DEBUG]: [0mThis is a debug message from thread 2318-09-2026 00:29:34 [38;5;009m[ERROR]: [0mThis is a error message from thread 1218-09-2026 00:29:34 [38;5;009m[ERROR]: [0mThis is a error message from thread 318-09-2026 00:29:34 [38;5;009m[ERROR]: [0mThis is a error message from thread 1718-09-2026 00:29:34 [38;5;015m[INFO]: [0mThis is a info message from thread 1018-09-2026 00:29:34 [38;5;015m[INFO]: [0mThis is a info message from thread 2918-09-2026 00:29:34 [38;5;009m[ERROR]: [0mThis is a error message from thread 1918-09-2026 00:29:34 [38;5;117m[DEBUG]: [0mThis is a debug message from thread 1118-09-2026 00:29:34 [38;5;117m[DEBUG]: [0mThis is a debug message from thread 2818-09-2026 00:29:34 [38;5;009m[ERROR]: [0mThis is a error message from thread 418-09-2026 00:29:34 [38;5;117m[DEBUG]: [0mThis is a debug message from thread 818-09-2026 00:29:34 [38;5;015m[INFO]: [0mThis is a info message from thread 818-09-2026 00:29:34 [38;5;015m[INFO]: [0mThis is a info message from thread 2418-09-2026 00:29:34 [38;5;015m[INFO]: [0mThis is a info message from thread 2318-09-2026 00:29:34 [38;5;117m[DEBUG]: [0mThis is a debug message from thread 1718-09-2026 00:29:34 [38;5;015m[INFO]: [0mThis is a info message from thread 2818-09-2026 00:29:34 [38;5;009m[ERROR]: [0mThis is a error message from thread 518-09-2026 00:29:34 [38;5;015m[INFO]: [0mThis is a info message from thread 218-09-2026 00:29:34 [38;5;117m[DEBUG]: [0mThis is a debug message from thread 518-09-2026 00:29:34 [38;5;015m[INFO]: [0mThis is a info message from thread 1118-09-2026 00:29:34 [38;5;117m[DEBUG]: [0mThis is a debug message from thread 1918-09-2026 00:29:34 [38;5;015m[INFO]: [0mThis is a info message from thread 518-09-2026 00:29:34 [38;5;009m[ERROR]: [0mThis is a error message from thread 1118-09-2026 00:29:34 [38;5;009m[ERROR]: [0mThis is a error message from thread 2818-09-2026 00:29:34 [38;5;015m[INFO]: [0mThis is a info message from thread 1918-09-2026 00:29:34 [38;5;009m[ERROR]: [0mThis is a error message from thread 018-09-2026 00:29:34 [38;5;009m[ERROR]: [0mThis is a error message from thread 518-09-2026 00:29:34 [38;5;015m[INFO]: [0mThis is a info message from thread 2718-09-2026 00:29:34 [38;5;009m[ERROR]: [0mThis is a error message from thread 2418-09-2026 00:29:34 [38;5;009m[ERROR]: [0mThis is a error message from thread 1918-09-2026 00:29:34 [38;5;117m[DEBUG]: [0mThis is a debug message from thread 2218-09-2026 00:29:34 [38;5;117m[DEBUG]: [0mThis is a debug message from thread 518-09-2026 00:29:34 [38;5;015m[INFO]: [0mThis is a info message from thread 2218-09-2026 00:29:34 [38;5;009m[ERROR]: [0mThis is a error message from thread 2318-09-2026 00:29:34 [38;5;117m[DEBUG]: [0mThis is a debug message from thread 2318-09-2026 00:29:34 [38;5;117m[DEBUG]: [0mThis is a debug message from thread 1118-09-2026 00:29:34 [38;5;117m[DEBUG]: [0mThis is a debug message from thread 418-09-2026 00:29:34 [38;5;117m[DEBUG]: [0mThis is a debug message from thread 1918-09-2026 00:29:34 [38;5;009m[ERROR]: [0mThis is a error message from thread 2218-09-2026 00:29:34 [38;5;117m[DEBUG]: [0mThis is a debug message from thread 2118-09-2026 00:29:34 [38;5;009m[ERROR]: [0mThis is a error message from thread 818-09-2026 00:29:34 [38;5;117m[DEBUG]: [0mThis is a debug message from thread 2218-09-2026 00:29:34 [38;5;015m[INFO]: [0mThis is a info message from thread 1118-09-2026 00:29:34 [38;5;015m[INFO]: [0mThis is a info message from thread 418-09-2026 00:29:34 [38;5;015m[INFO]: [0mThis is a info message from thread 2218-09-2026 00:29:34 [38;5;117m[DEBUG]: [0mThis is a debug message from thread 1618-09-2026 00:29:34 [38;5;015m[INFO]: [0mThis is a info message from thread 718-09-2026 00:29:34 [38;5;009m[ERROR]: [0mThis is a error message from thread 1418-09-2026 00:29:34 [38;5;009m[ERROR]: [0mThis is a error message from thread 2918-09-2026 00:29:34 [38;5;117m[DEBUG]: [0mThis is a debug message from thread 2418-09-2026 00:29:34 [38;5;015m[INFO]: [0mThis is a info message from thread 118-09-2026 00:29:34 [38;5;009m[ERROR]: [0mThis is a error message from thread 1118-09-2026 00:29:34 [38;5;015m[INFO]: [0mThis is a info message from thread 1618-09-2026 00:29:34 [38;5;015m[INFO]: [0mThis is a info message from thread 1918-09-2026 00:29:34 [38;5;009m[ERROR]: [0mThis is a error message from thread 1918-09-2026 00:29:34 [38;5;009m[ERROR]: [0mThis is a error message from thread 2218-09-2026 00:29:34 [38;5;117m[DEBUG]: [0mThis is a debug message from thread 1918-09-2026 00:29:34 [38;5;009m[ERROR]: [0mThis is a error message from thread 1618-09-2026 00:29:34 [38;5;117m[DEBUG]: [0mThis is a debug message from thread 1618-09-2026 00:29:34 [38;5;015m[INFO]: [0mThis is a info message from thread 1518-09-2026 00:29:34 [38;5;117m[DEBUG]: [0mThis is a debug message from thread 1118-09-2026 00:29:34 [38;5;009m[ERROR]: [0mThis is a error message from thread 718-09-2026 00:29:34 [38;5;009m[ERROR]: [0mThis is a error message from thread 1518-09-2026 00:29:34 [38;5;015m[INFO]: [0mThis is a info message from thread 1618-09-2026 00:29:34 [38;5;015m[INFO]: [0mThis is a info message from thread 1118-09-2026 00:29:34 [38;5;117m[DEBUG]: [0mThis is a debug message from thread 2218-09-2026 00:29:34 [38;5;117m[DEBUG]: [0mThis is a debug message from thread 818-09-2026 00:29:34 [38;5;117m[DEBUG]: [0mThis is a debug message from thread 318-09-2026 00:29:34 [38;5;015m[INFO]: [0mThis is a info message from thread 318-09-2026 00:29:34 [38;5;117m[DEBUG]: [0mThis is a debug message from thread 2818-09-2026 00:29:34 [38;5;009m[ERROR]: [0mThis is a error message from thread 118-09-2026 00:29:34 [38;5;015m[INFO]: [0mThis is a info message from thread 2818-09-2026 00:29:34 [38;5;015m[INFO]: [0mThis is a info message from thread 518-09-2026 00:29:34 [38;5;117m[DEBUG]: [0mThis is a debug message from thread 2518-09-2026 00:29:34 [38;5;009m[ERROR]: [0mThis is a error message from thread 318-09-2026 00:29:34 [38;5;009m[ERROR]: [0mThis is a error message from thread 2818-09-2026 00:29:34 [38;5;015m[INFO]: [0mThis is a info message from thread 2118-09-2026 00:29:34 [38;5;009m[ERROR]: [0mThis is a error message from thread 418-09-2026 00:29:34 [38;5;117m[DEBUG]: [0mThis is a debug message from thread 1218-09-2026 00:29:34 [38;5;117m[DEBUG]: [0mThis is a debug message from thread 718-09-2026 00:29:34 [38;5;009m[ERROR]: [0mThis is a error message from thread 1018-09-2026 00:29:34 [38;5;117m[DEBUG]: [0mThis is a debug message from thread 118-09-2026 00:29:34 [38;5;015m[INFO]: [0mThis is a info message from thread 818-09-2026 00:29:34 [38;5;009m[ERROR]: [0mThis is a error message from thread 518-09-2026 00:29:34 [38;5;009m[ERROR]: [0mThis is a error message from thread 218-09-2026 00:29:34 [38;5;117m[DEBUG]: [0mThis is a debug message from thread 1018-09-2026 00:29:34 [38;5;117m[DEBUG]: [0mThis is a debug message from thread 018-09-2026 00:29:34 [38;5;117m[DEBUG]: [0mThis is a debug message from thread 518-09-2026 00:29:34 [38;5;117m[DEBUG]: [0mThis is a debug message from thread 418-09-2026 00:29:34 [38;5;015m[INFO]: [0mThis is a info message from thread 718-09-2026 00:29:34 [38;5;009m[ERROR]: [0mThis is a error message from thread 1118-09-2026 00:29:34 [38;5;009m[ERROR]: [0mThis is a error message from thread 2718-09-2026 00:29:34 [38;5;015m[INFO]: [0mThis is a info message from thread 2418-09-2026 00:29:34 [38;5;015m[INFO]: [0mThis is a info message from thread 518-09-2026 00:29:34 [38;5;009m[ERROR]: [0mThis is a error message from thread 718-09-2026 00:29:34 [38;5;015m[INFO]: [0mThis is a info message from thread 418-09-2026 00:29:34 [38;5;015m[INFO]: [0mThis is a info message from thread 1018-09-2026 00:29:34 [38;5;015m[INFO]: [0mThis is a info message from thread 2318-09-2026 00:29:34 [38;5;009m[ERROR]: [0mThis is a error message from thread 818-09-2026 00:29:34 [38;5;015m[INFO]: [0mThis is a info message from thread 018-09-2026 00:29:34 [38;5;009m[ERROR]: [0mThis is a error message from thread 518-09-2026 00:29:34 [38;5;117m[DEBUG]: [0mThis is a debug message from thread 2718-09-2026 00:29:34 [38;5;117m[DEBUG]: [0mThis is a debug message from thread 1118-09-2026 00:29:34 [38;5;015m[INFO]: [0mThis is a info message from thread 1118-09-2026 00:29:34 [38;5;015m[INFO]: [0mThis is a info message from thread 2718-09-2026 00:29:34 [38;5;117m[DEBUG]: [0mThis is a debug message from thread 518-09-2026 00:29:34 [38;5;009m[ERROR]: [0mThis is a error message from thread 1118-09-2026 00:29:34 [38;5;117m[DEBUG]: [0mThis is a debug message from thread 318-09-2026 00:29:34 [38;5;117m[DEBUG]: [0mThis is a debug message from thread 718-09-2026 00:29:34 [38;5;015m[INFO]: [0mThis is a info message from thread 318-09-2026 00:29:34 [38;5;117m[DEBUG]: [0mThis is a debug message from thread 2818-09-2026 00:29:34 [38;5;009m[ERROR]: [0mThis is a error message from thread 2418-09-2026 00:29:34 [38;5;009m[ERROR]: [0mThis is a error message from thread 318-09-2026 00:29:34 [38;5;009m[ERROR]: [0mThis is a error message from thread 2718-09-2026 00:29:34 [38;5;009m[ERROR]: [0mThis is a error message from thread 2318-09-2026 00:29:34 [38;5;117m[DEBUG]: [0mThis is a debug message from thread 218-09-2026 00:29:34 [38;5;117m[DEBUG]: [0mThis is a debug message from thread 2718-09-2026 00:29:34 [38;5;015m[INFO]: [0mThis is a info message from thread 2818-09-2026 00:29:34 [38;5;009m[ERROR]: [0mThis is a error message from thread 2818-09-2026 00:29:34 [38;5;117m[DEBUG]: [0mThis is a debug message from thread 318-09-2026 00:29:34 [38;5;117m[DEBUG]: [0mThis is a debug message from thread 618-09-2026 00:29:34 [38;5;117m[DEBUG]: [0mThis is a debug message from thread 918-09-2026 00:29:34 [38;5;015m[INFO]: [0mThis is a info message from thread 618-09-2026 00:29:34 [38;5;015m[INFO]: [0mThis is a info message from thread 918-09-2026 00:29:34 [38;5;009m[ERROR]: [0mThis is a error message from thread 418-09-2026 00:29:34 [38;5;015m[INFO]: [0mThis is a info message from thread 2218-09-2026 00:29:34 [38;5;117m[DEBUG]: [0mThis is a debug message from thread 2318-09-2026 00:29:34 [38;5;117m[DEBUG]: [0mThis is a debug message from thread 2818-09-2026 00:29:34 [38;5;009m[ERROR]: [0mThis is a error message from thread 918-09-2026 00:29:34 [38;5;015m[INFO]: [0mThis is a info message from thread 718-09-2026 00:29:34 [38;5;117m[DEBUG]: [0mThis is a debug message from thread 2418-09-2026 00:29:34 [38;5;009m[ERROR]: [0mThis is a error message from thread 618-09-2026 00:29:34 [38;5;015m[INFO]: [0mThis is a info message from thread 2818-09-2026 00:29:34 [38;5;117m[DEBUG]: [0mThis is a debug message from thread 618-09-2026 00:29:34 [38;5;009m[ERROR]: [0mThis is a error message from thread 718-09-2026 00:29:34 [38;5;015m[INFO]: [0mThis is a info message from thread 2318-09-2026 00:29:34 [38;5;009m[ERROR]: [0mThis is a error message from thread 2818-09-2026 00:29:34 [38;5;015m[INFO]: [0mThis is a info message from thread 618-09-2026 00:29:34 [38;5;015m[INFO]: [0mThis is a info message from thread 1718-09-2026 00:29:34 [38;5;015m[INFO]: [0mThis is a info message from thread 1918-09-2026 00:29:34 [38;5;015m[INFO]: [0mThis is a info message from thread 318-09-2026 00:29:34 [38;5;015m[INFO]: [0mThis is a info message from thread 118-09-2026 00:29:34 [38;5;015m[INFO]: [0mThis is a info message from thread 2418-09-2026 00:29:34 [38;5;117m[DEBUG]: [0mThis is a debug message from thread 1418-09-2026 00:29:34 [38;5;015m[INFO]: [0mThis is a info message from thread 2518-09-2026 00:29:34 [38;5;009m[ERROR]: [0mThis is a error message from thread 1918-09-2026 00:29:34 [38;5;009m[ERROR]: [0mThis is a error message from thread 2318-09-2026 00:29:34 [38;5;117m[DEBUG]: [0mThis is a debug message from thread 818-09-2026 00:29:34 [38;5;009m[ERROR]: [0mThis is a error message from thread 2618-09-2026 00:29:34 [38;5;015m[INFO]: [0mThis is a info message from thread 2718-09-2026 00:29:34 [38;5;117m[DEBUG]: [0mThis is a debug message from thread 2918-09-2026 00:29:34 [38;5;009m[ERROR]: [0mThis is a error message from thread 618-09-2026 00:29:34 [38;5;117m[DEBUG]: [0mThis is a debug message from thread 1818-09-2026 00:29:34 [38;5;009m[ERROR]: [0mThis is a error message from thread 2418-09-2026 00:29:34 [38;5;009m[ERROR]: [0mThis is a error message from thread 2518-09-2026 00:29:34 [38;5;015m[INFO]: [0mThis is a info message from thread 218-09-2026 00:29:34 [38;5;015m[INFO]: [0mThis is a info message from thread 1818-09-2026 00:29:34 [38;5;009m[ERROR]: [0mThis is a error message from thread 2118-09-2026 00:29:34 [38;5;117m[DEBUG]: [0mThis is a debug message from thread 2618-09-2026 00:29:34 [38;5;015m[INFO]: [0mThis is a info message from thread 818-09-2026 00:29:34 [38;5;117m[DEBUG]: [0mThis is a debug message from thread 1918-09-2026 00:29:34 [38;5;009m[ERROR]: [0mThis is a error message from thread 218-09-2026 00:29:34 [38;5;009m[ERROR]: [0mThis is a error message from thread 318-09-2026 00:29:34 [38;5;009m[ERROR]: [0mThis is a error message from thread 2718-09-2026 00:29:34 [38;5;117m[DEBUG]: [0mThis is a debug message from thread 2118-09-2026 00:29:34 [38;5;117m[DEBUG]: [0mThis is a debug message from thread 2518-09-2026 00:29:34 [38;5;015m[INFO]: [0mThis is a info message from thread 2618-09-2026 00:29:34 [38;5;117m[DEBUG]: [0mThis is a debug message from thread 2318-09-2026 00:29:34 [38;5;117m[DEBUG]: [0mThis is a debug message from thread 2418-09-2026 00:29:34 [38;5;009m[ERROR]: [0mThis is a error message from thread 2618-09-2026 00:29:34 [38;5;015m[INFO]: [0mThis is a info message from thread 1418-09-2026 00:29:34 [38;5;117m[DEBUG]: [0mThis is a debug message from thread 918-09-2026 00:29:34 [38;5;015m[INFO]: [0mThis is a info message from thread 2118-09-2026 00:29:34 [38;5;117m[DEBUG]: [0mThis is a debug message from thread 218-09-2026 00:29:34 [38;5;009m[ERROR]: [0mThis is a error message from thread 1718-09-2026 00:29:34 [38;5;009m[ERROR]: [0mThis is a error message from thread 818-09-2026 00:29:34 [38;5;015m[INFO]: [0mThis is a info message from thread 2418-09-2026 00:29:34 [38;5;009m[ERROR]: [0mThis is a error message from thread 1818-09-2026 00:29:34 [38;5;015m[INFO]: [0mThis is a info message from thread 218-09-2026 00:29:34 [38;5;117m[DEBUG]: [0mThis is a debug message from thread 2618-09-2026 00:29:34 [38;5;009m[ERROR]: [0mThis is a error message from thread 1618-09-2026 00:29:34 [38;5;117m[DEBUG]: [0mThis is a debug message from thread 2718-09-2026 00:29:34 [38;5;015m[INFO]: [0mThis is a info message from thread 2618-09-2026 00:29:34 [38;5;117m[DEBUG]: [0mThis is a debug message from thread 1618-09-2026 00:29:34 [38;5;015m[INFO]: [0mThis is a info message from thread 2718-09-2026 00:29:34 [38;5;009m[ERROR]: [0mThis is a error message from thread 2718-09-2026 00:29:34 [38;5;009m[ERROR]: [0mThis is a error message from thread 218-09-2026 00:29:34 [38;5;117m[DEBUG]: [0mThis is a debug message from thread 818-09-2026 00:29:34 [38;5;117m[DEBUG]: [0mThis is a debug message from thread 318-09-2026 00:29:34 [38;5;015m[INFO]: [0mThis is a info message from thread 2318-09-2026 00:29:34 [38;5;117m[DEBUG]: [0mThis is a debug message from thread 718-09-2026 00:29:34 [38;5;009m[ERROR]: [0mThis is a error message from thread 2118-09-2026 00:29:34 [38;5;009m[ERROR]: [0mThis is a error message from thread 2318-09-2026 00:29:34 [38;5;015m[INFO]: [0mThis is a info message from thread 1218-09-2026 00:29:34 [38;5;009m[ERROR]: [0mThis is a error message from thread 2218-09-2026 00:29:34 [38;5;015m[INFO]: [0mThis is a info message from thread 918-09-2026 00:29:34 [38;5;009m[ERROR]: [0mThis is a error message from thread 2418-09-2026 00:29:34 [38;5;117m[DEBUG]: [0mThis is a debug message from thread 2218-09-2026 00:29:34 [38;5;009m[ERROR]: [0mThis is a error message from thread 1318-09-2026 00:29:34 [38;5;009m[ERROR]: [0mThis is a error message from thread 918-09-2026 00:29:34 [38;5;015m[INFO]: [0mThis is a info message from thread 318-09-2026 00:29:34 [38;5;015m[INFO]: [0mThis is a info message from thread 2218-09-2026 00:29:34 [38;5;117m[DEBUG]: [0mThis is a debug message from thread 918-09-2026 00:29:34 [38;5;117m[DEBUG]: [0mThis is a debug message from thread 2118-09-2026 00:29:34 [38;5;117m[DEBUG]: [0mThis is a debug message from thread 2718-09-2026 00:29:34 [38;5;009m[ERROR]: [0mThis is a error message from thread 2218-09-2026 00:29:34 [38;5;015m[INFO]: [0mThis is a info message from thread 818-09-2026 00:29:34 [38;5;015m[INFO]: [0mThis is a info message from thread 918-09-2026 00:29:34 [38;5;117m[DEBUG]: [0mThis is a debug message from thread 1318-09-2026 00:29:34 [38;5;117m[DEBUG]: [0mThis is a debug message from thread 2218-09-2026 00:29:34 [38;5;009m[ERROR]: [0mThis is a error message from thread 1218-09-2026 00:29:34 [38;5;117m[DEBUG]: [0mThis is a debug message from thread 1818-09-2026 00:29:34 [38;5;015m[INFO]: [0mThis is a info message from thread 2218-09-2026 00:29:34 [38;5;015m[INFO]: [0mThis is a info message from thread 1318-09-2026 00:29:34 [38;5;009m[ERROR]: [0mThis is a error message from thread 1318-09-2026 00:29:34 [38;5;009m[ERROR]: [0mThis is a error message from thread 918-09-2026 00:29:34 [38;5;009m[ERROR]: [0mThis is a error message from thread 318-09-2026 00:29:34 [38;5;117m[DEBUG]: [0mThis is a debug message from thread 2418-09-2026 00:29:34 [38;5;009m[ERROR]: [0mThis is a error message from thread 2218-09-2026 00:29:34 [38;5;117m[DEBUG]: [0mThis is a debug message from thread 918-09-2026 00:29:34 [38;5;117m[DEBUG]: [0mThis is a debug message from thread 1318-09-2026 00:29:34 [38;5;117m[DEBUG]: [0mThis is a debug message from thread 318-09-2026 00:29:34 [38;5;015m[INFO]: [0mThis is a info message from thread 2918-09-2026 00:29:34 [38;5;015m[INFO]: [0mThis is a info message from thread 2718-09-2026 00:29:34 [38;5;009m[ERROR]: [0mThis is a error message from thread 818-09-2026 00:29:34 [38;5;117m[DEBUG]: [0mThis is a debug message from thread 1718-09-2026 00:29:34 [38;5;015m[INFO]: [0mThis is a info message from thread 2418-09-2026 00:29:34 [38;5;015m[INFO]: [0mThis is a info message from thread 1318-09-2026 00:29:34 [38;5;015m[INFO]: [0mThis is a info message from thread 518-09-2026 00:29:34 [38;5;015m[INFO]: [0mThis is a info message from thread 318-09-2026 00:29:34 [38;5;015m[INFO]: [0mThis is a info message from thread 2118-09-2026 00:29:34 [38;5;117m[DEBUG]: [0mThis is a debug message from thread 818-09-2026 00:29:34 [38;5;117m[DEBUG]: [0mThis is a debug message from thread 1218-09-2026 00:29:34 [38;5;117m[DEBUG]: [0mThis is a debug message from thread 1518-09-2026 00:29:34 [38;5;117m[DEBUG]: [0mThis is a debug message from thread 2218-09-2026 00:29:34 [38;5;015m[INFO]: [0mThis is a info message from thread 1218-09-2026 00:29:34 [38;5;009m[ERROR]: [0mThis is a error message from thread 2118-09-2026 00:29:34 [38;5;015m[INFO]: [0mThis is a info message from thread 818-09-2026 00:29:34 [38;5;009m[ERROR]: [0mThis is a error message from thread 2418-09-2026 00:29:34 [38;5;015m[INFO]: [0mThis is a info message from thread 2218-09-2026 00:29:34 [38;5;009m[ERROR]: [0mThis is a error message from thread 2618-09-2026 00:29:34 [38;5;009m[ERROR]: [0mThis is a error message from thread 2718-09-2026 00:29:34 [38;5;117m[DEBUG]: [0mThis is a debug message from thread 1118-09-2026 00:29:34 [38;5;117m[DEBUG]: [0mThis is a debug message from thread 418-09-2026 00:29:34 [38;5;015m[INFO]: [0mThis is a info message from thread 2018-09-2026 00:29:34 [38;5;117m[DEBUG]: [0mThis is a debug message from thread 618-09-2026 00:29:34 [38;5;009m[ERROR]: [0mThis is a error message from thread 818-09-2026 00:29:34 [38;5;117m[DEBUG]: [0mThis is a debug message from thread 2618-09-2026 00:29:34 [38;5;015m[INFO]: [0mThis is a info message from thread 718-09-2026 00:29:34 [38;5;117m[DEBUG]: [0mThis is a debug message from thread 2118-09-2026 00:29:34 [38;5;117m[DEBUG]: [0mThis is a debug message from thread 2418-09-2026 00:29:34 [38;5;009m[ERROR]: [0mThis is a error message from thread 1418-09-2026 00:29:34 [38;5;117m[DEBUG]: [0mThis is a debug message from thread 2818-09-2026 00:29:34 [38;5;015m[INFO]: [0mThis is a info message from thread 1818-09-2026 00:29:34 [38;5;015m[INFO]: [0mThis is a info message from thread 1518-09-2026 00:29:34 [38;5;015m[INFO]: [0mThis is a info message from thread 2518-09-2026 00:29:34 [38;5;009m[ERROR]: [0mThis is a error message from thread 1318-09-2026 00:29:34 [38;5;009m[ERROR]: [0mThis is a error message from thread 1218-09-2026 00:29:34 [38;5;009m[ERROR]: [0mThis is a error message from thread 2918-09-2026 00:29:34 [38;5;117m[DEBUG]: [0mThis is a debug message from thread 218-09-2026 00:29:34 [38;5;015m[INFO]: [0mThis is a info message from thread 2118-09-2026 00:29:34 [38;5;009m[ERROR]: [0mThis is a error message from thread 118-09-2026 00:29:34 [38;5;015m[INFO]: [0mThis is a info message from thread 1718-09-2026 00:29:34 [38;5;015m[INFO]: [0mThis is a info message from thread 418-09-2026 00:29:34 [38;5;015m[INFO]: [0mThis is a info message from thread 918-09-2026 00:29:34 [38;5;009m[ERROR]: [0mThis is a error message from thread 2118-09-2026 00:29:34 [38;5;117m[DEBUG]: [0mThis is a debug message from thread 1318-09-2026 00:29:34 [38;5;009m[ERROR]: [0mThis is a error message from thread 1018-09-2026 00:29:34 [38;5;009m[ERROR]: [0mThis is a error message from thread 2518-09-2026 00:29:34 [38;5;009m[ERROR]: [0mThis is a error message from thread 1818-09-2026 00:29:34 [38;5;009m[ERROR]: [0mThis is a error message from thread 1718-09-2026 00:29:34 [38;5;117m[DEBUG]: [0mThis is a debug message from thread 1218-09-2026 00:29:34 [38;5;117m[DEBUG]: [0mThis is a debug message from thread 2718-09-2026 00:29:34 [38;5;015m[INFO]: [0mThis is a info message from thread 1918-09-2026 00:29:34 [38;5;015m[INFO]: [0mThis is a info message from thread 1318-09-2026 00:29:34 [38;5;117m[DEBUG]: [0mThis is a debug message from thread 1018-09-2026 00:29:34 [38;5;117m[DEBUG]: [0mThis is a debug message from thread 2318-09-2026 00:29:34 [38;5;015m[INFO]: [0mThis is a info message from thread 2318-09-2026 00:29:34 [38;5;009m[ERROR]: [0mThis is a error message from thread 2318-09-2026 00:29:34 [38;5;009m[ERROR]: [0mThis is a error message from thread 418-09-2026 00:29:34 [38;5;009m[ERROR]: [0mThis is a error message from thread 918-09-2026 00:29:34 [38;5;009m[ERROR]: [0mThis is a error message from thread 1318-09-2026 00:29:34 [38;5;015m[INFO]: [0mThis is a info message from thread 2418-09-2026 00:29:34 [38;5;117m[DEBUG]: [0mThis is a debug message from thread 418-09-2026 00:29:34 [38;5;015m[INFO]: [0mThis is a info message from thread 418-09-2026 00:29:34 [38;5;009m[ERROR]: [0mThis is a error message from thread 1918-09-2026 00:29:34 [38;5;117m[DEBUG]: [0mThis is a debug message from thread 1718-09-2026 00:29:34 [38;5;117m[DEBUG]: [0mThis is a debug message from thread 1818-09-2026 00:29:34 [38;5;009m[ERROR]: [0mThis is a error message from thread 2018-09-2026 00:29:34 [38;5;009m[ERROR]: [0mThis is a error message from thread 2418-09-2026 00:29:34 [38;5;117m[DEBUG]: [0mThis is a debug message from thread 2018-09-2026 00:29:34 [38;5;015m[INFO]: [0mThis is a info message from thread 2018-09-2026 00:29:34 [38;5;009m[ERROR]: [0mThis is a error message from thread 418-09-2026 00:29:34 [38;5;009m[ERROR]: [0mThis is a error message from thread 1518-09-2026 00:29:34 [38;5;015m[INFO]: [0mThis is a info message from thread 2718-09-2026 00:29:34 [38;5;009m[ERROR]: [0mThis is a error message from thread 718-09-2026 00:29:34 [38;5;009m[ERROR]: [0mThis is a error message from thread 318-09-2026 00:29:34 [38;5;015m[INFO]: [0mThis is a info message from thread 1618-09-2026 00:29:34 [38;5;015m[INFO]: [0mThis is a info message from thread 1118-09-2026 00:29:34 [38;5;009m[ERROR]: [0mThis is a error message from thread 2018-09-2026 00:29:34 [38;5;015m[INFO]: [0mThis is a info message from thread 618-09-2026 00:29:34 [38;5;009m[ERROR]: [0mThis is a error message from thread 1618-09-2026 00:29:34 [38;5;117m[DEBUG]: [0mThis is a debug message from thread 718-09-2026 00:29:34 [38;5;117m[DEBUG]: [0mThis is a debug message from thread 318-09-2026 00:29:34 [38;5;117m[DEBUG]: [0mThis is a debug message from thread 418-09-2026 00:29:34 [38;5;015m[INFO]: [0mThis is a info message from thread 418-09-2026 00:29:34 [38;5;117m[DEBUG]: [0mThis is a debug message from thread 2018-09-2026 00:29:34 [38;5;015m[INFO]: [0mThis is a info message from thread 718-09-2026 00:29:34 [38;5;009m[ERROR]: [0mThis is a error message from thread 2218-09-2026 00:29:34 [38;5;009m[ERROR]: [0mThis is a error message from thread 2718-09-2026 00:29:34 [38;5;009m[ERROR]: [0mThis is a error message from thread 618-09-2026 00:29:34 [38;5;117m[DEBUG]: [0mThis is a debug message from thread 2118-09-2026 00:29:34 [38;5;015m[INFO]: [0mThis is a info message from thread 2018-09-2026 00:29:34 [38;5;117m[DEBUG]: [0mThis is a debug message from thread 918-09-2026 00:29:34 [38;5;015m[INFO]: [0mThis is a info message from thread 2118-09-2026 00:29:34 [38;5;117m[DEBUG]: [0mThis is a debug message from thread 618-09-2026 00:29:34 [38;5;009m[ERROR]: [0mThis is a error message from thread 2118-09-2026 00:29:34 [38;5;015m[INFO]: [0mThis is a info message from thread 918-09-2026 00:29:34 [38;5;009m[ERROR]: [0mThis is a error message from thread 2018-09-2026 00:29:34 [38;5;009m[ERROR]: [0mThis is a error message from thread 1118-09-2026 00:29:34 [38;5;009m[ERROR]: [0mThis is a error message from thread 918-09-2026 00:29:34 [38;5;015m[INFO]: [0mThis is a info message from thread 2618-09-2026 00:29:34 [38;5;117m[DEBUG]: [0mThis is a debug message from thread 2718-09-2026 00:29:34 [38;5;009m[ERROR]: [0mThis is a error message from thread 418-09-2026 00:29:34 [38;5;015m[INFO]: [0mThis is a info message from thread 2718-09-2026 00:29:34 [38;5;117m[DEBUG]: [0mThis is a debug message from thread 918-09-2026 00:29:34 [38;5;117m[DEBUG]: [0mThis is a debug message from thread 418-09-2026 00:29:34 [38;5;015m[INFO]: [0mThis is a info message from thread 1218-09-2026 00:29:34 [38;5;117m[DEBUG]: [0mThis is a debug message from thread 2318-09-2026 00:29:34 [38;5;015m[INFO]: [0mThis is a info message from thread 2318-09-2026 00:29:34 [38;5;009m[ERROR]: [0mThis is a error message from thread 2318-09-2026 00:29:34 [38;5;117m[DEBUG]: [0mThis is a debug message from thread 2118-09-2026 00:29:34 [38;5;015m[INFO]: [0mThis is a info message from thread 918-09-2026 00:29:34 [38;5;015m[INFO]: [0mThis is a info message from thread 618-09-2026 00:29:34 [38;5;117m[DEBUG]: [0mThis is a debug message from thread 1618-09-2026 00:29:34 [38;5;117m[DEBUG]: [0mThis is a debug message from thread 1118-09-2026 00:29:34 [38;5;009m[ERROR]: [0mThis is a error message from thread 1218-09-2026 00:29:34 [38;5;117m[DEBUG]: [0mThis is a debug message from thread 2418-09-2026 00:29:34 [38;5;015m[INFO]: [0mThis is a info message from thread 2418-09-2026 00:29:34 [38;5;117m[DEBUG]: [0mThis is a debug message from thread 2318-09-2026 00:29:34 [38;5;009m[ERROR]: [0mThis is a error message from thread 2718-09-2026 00:29:34 [38;5;015m[INFO]: [0mThis is a info message from thread 418-09-2026 00:29:34 [38;5;015m[INFO]: [0mThis is a info message from thread 2318-09-2026 00:29:34 [38;5;117m[DEBUG]: [0mThis is a debug message from thread 1418-09-2026 00:29:34 [38;5;015m[INFO]: [0mThis is a info message from thread 2118-09-2026 00:29:34 [38;5;009m[ERROR]: [0mThis is a error message from thread 618-09-2026 00:29:34 [38;5;015m[INFO]: [0mThis is a info message from thread 218-09-2026 00:29:34 [38;5;009m[ERROR]: [0mThis is a error message from thread 2318-09-2026 00:29:34 [38;5;117m[DEBUG]: [0mThis is a debug message from thread 1218-09-2026 00:29:34 [38;5;117m[DEBUG]: [0mThis is a debug message from thread 2318-09-2026 00:29:34 [38;5;009m[ERROR]: [0mThis is a error message from thread 418-09-2026 00:29:34 [38;5;015m[INFO]: [0mThis is a info message from thread 1118-09-2026 00:29:34 [38;5;015m[INFO]: [0mThis is a info message from thread 2318-09-2026 00:29:34 [38;5;117m[DEBUG]: [0mThis is a debug message from thread 418-09-2026 00:29:34 [38;5;009m[ERROR]: [0mThis is a error message from thread 2318-09-2026 00:29:34 [38;5;015m[INFO]: [0mThis is a info message from thread 1218-09-2026 00:29:34 [38;5;009m[ERROR]: [0mThis is a error message from thread 2418-09-2026 00:29:34 [38;5;015m[INFO]: [0mThis is a info message from thread 418-09-2026 00:29:34 [38;5;009m[ERROR]: [0mThis is a error message from thread 1118-09-2026 00:29:34 [38;5;009m[ERROR]: [0mThis is a error message from thread 1218-09-2026 00:29:34 [38;5;117m[DEBUG]: [0mThis is a debug message from thread 2318-09-2026 00:29:34 [38;5;117m[DEBUG]: [0mThis is a debug message from thread 1118-09-2026 00:29:34 [38;5;117m[DEBUG]: [0mThis is a debug message from thread 2418-09-2026 00:29:34 [38;5;015m[INFO]: [0mThis is a info message from thread 1618-09-2026 00:29:34 [38;5;015m[INFO]: [0mThis is a info message from thread 2418-09-2026 00:29:34 [38;5;009m[ERROR]: [0mThis is a error message from thread 1618-09-2026 00:29:34 [38;5;117m[DEBUG]: [0mThis is a debug message from thread 1218-09-2026 00:29:34 [38;5;015m[INFO]: [0mThis is a info message from thread 2318-09-2026 00:29:34 [38;5;009m[ERROR]: [0mThis is a error message from thread 2418-09-2026 00:29:34 [38;5;009m[ERROR]: [0mThis is a error message from thread 418-09-2026 00:29:34 [38;5;009m[ERROR]: [0mThis is a error message from thread 918-09-2026 00:29:34 [38;5;009m[ERROR]: [0mThis is a error message from thread 2118-09-2026 00:29:34 [38;5;117m[DEBUG]: [0mThis is a debug message from thread 618-09-2026 00:29:34 [38;5;117m[DEBUG]: [0mThis is a debug message from thread 2718-09-2026 00:29:34 [38;5;117m[DEBUG]: [0mThis is a debug message from thread 1918-09-2026 00:29:34 [38;5;015m[INFO]: [0mThis is a info message from thread 1218-09-2026 00:29:34 [38;5;117m[DEBUG]: [0mThis is a debug message from thread 1618-09-2026 00:29:34 [38;5;009m[ERROR]: [0mThis is a error message from thread 2318-09-2026 00:29:34 [38;5;117m[DEBUG]: [0mThis is a debug message from thread 418-09-2026 00:29:34 [38;5;117m[DEBUG]: [0mThis is a debug message from thread 2318-09-2026 00:29:34 [38;5;015m[INFO]: [0mThis is a info message from thread 2318-09-2026 00:29:34 [38;5;009m[ERROR]: [0mThis is a error message from thread 2318-09-2026 00:29:34 [38;5;015m[INFO]: [0mThis is a info message from thread 2718-09-2026 00:29:34 [38;5;117m[DEBUG]: [0mThis is a debug message from thread 2318-09-2026 00:29:34 [38;5;009m[ERROR]: [0mThis is a error message from thread 1218-09-2026 00:29:34 [38;5;015m[INFO]: [0mThis is a info message from thread 1818-09-2026 00:29:34 [38;5;015m[INFO]: [0mThis is a info message from thread 1918-09-2026 00:29:34 [38;5;117m[DEBUG]: [0mThis is a debug message from thread 2418-09-2026 00:29:34 [38;5;009m[ERROR]: [0mThis is a error message from thread 518-09-2026 00:29:34 [38;5;117m[DEBUG]: [0mThis is a debug message from thread 1518-09-2026 00:29:34 [38;5;009m[ERROR]: [0mThis is a error message from thread 1918-09-2026 00:29:34 [38;5;015m[INFO]: [0mThis is a info message from thread 1718-09-2026 00:29:34 [38;5;009m[ERROR]: [0mThis is a error message from thread 2718-09-2026 00:29:34 [38;5;015m[INFO]: [0mThis is a info message from thread 1518-09-2026 00:29:34 [38;5;009m[ERROR]: [0mThis is a error message from thread 1818-09-2026 00:29:34 [38;5;015m[INFO]: [0mThis is a info message from thread 418-09-2026 00:29:34 [38;5;117m[DEBUG]: [0mThis is a debug message from thread 1218-09-2026 00:29:34 [38;5;015m[INFO]: [0mThis is a info message from thread 1218-09-2026 00:29:34 [38;5;117m[DEBUG]: [0mThis is a debug message from thread 1918-09-2026 00:29:34 [38;5;015m[INFO]: [0mThis is a info message from thread 2818-09-2026 00:29:34 [38;5;015m[INFO]: [0mThis is a info message from thread 1918-09-2026 00:29:34 [38;5;009m[ERROR]: [0mThis is a error message from thread 2818-09-2026 00:29:34 [38;5;009m[ERROR]: [0mThis is a error message from thread 1918-09-2026 00:29:34 [38;5;117m[DEBUG]: [0mThis is a debug message from thread 2818-09-2026 00:29:34 [38;5;117m[DEBUG]: [0mThis is a debug message from thread 2218-09-2026 00:29:34 [38;5;117m[DEBUG]: [0mThis is a debug message from thread 1918-09-2026 00:29:34 [38;5;015m[INFO]: [0mThis is a info message from thread 2818-09-2026 00:29:34 [38;5;015m[INFO]: [0mThis is a info message from thread 318-09-2026 00:29:34 [38;5;015m[INFO]: [0mThis is a info message from thread 1918-09-2026 00:29:34 [38;5;117m[DEBUG]: [0mThis is a debug message from thread 818-09-2026 00:29:34 [38;5;009m[ERROR]: [0mThis is a error message from thread 318-09-2026 00:29:34 [38;5;009m[ERROR]: [0mThis is a error message from thread 2818-09-2026 00:29:34 [38;5;015m[INFO]: [0mThis is a info message from thread 818-09-2026 00:29:34 [38;5;117m[DEBUG]: [0mThis is a debug message from thread 318-09-2026 00:29:34 [38;5;117m[DEBUG]: [0mThis is a debug message from thread 2818-09-2026 00:29:34 [38;5;117m[DEBUG]: [0mThis is a debug message from thread 1318-09-2026 00:29:34 [38;5;015m[INFO]: [0mThis is a info message from thread 2318-09-2026 00:29:34 [38;5;015m[INFO]: [0mThis is a info message from thread 1318-09-2026 00:29:34 [38;5;009m[ERROR]: [0mThis is a error message from thread 2318-09-2026 00:29:34 [38;5;117m[DEBUG]: [0mThis is a debug message from thread 918-09-2026 00:29:34 [38;5;015m[INFO]: [0mThis is a info message from thread 618-09-2026 00:29:34 [38;5;009m[ERROR]: [0mThis is a error message from thread 1718-09-2026 00:29:34 [38;5;015m[INFO]: [0mThis is a info message from thread 918-09-2026 00:29:34 [38;5;117m[DEBUG]: [0mThis is a debug message from thread 2118-09-2026 00:29:34 [38;5;117m[DEBUG]: [0mThis is a debug message from thread 2718-09-2026 00:29:34 [38;5;009m[ERROR]: [0mThis is a error message from thread 918-09-2026 00:29:34 [38;5;015m[INFO]: [0mThis is a info message from thread 2718-09-2026 00:29:34 [38;5;117m[DEBUG]: [0mThis is a debug message from thread 1818-09-2026 00:29:34 [38;5;117m[DEBUG]: [0mThis is a debug message from thread 918-09-2026 00:29:34 [38;5;015m[INFO]: [0mThis is a info message from thread 1818-09-2026 00:29:34 [38;5;009m[ERROR]: [0mThis is a error message from thread 2718-09-2026 00:29:34 [38;5;009m[ERROR]: [0mThis is a error message from thread 218-09-2026 00:29:34 [38;5;015m[INFO]: [0mThis is a info message from thread 918-09-2026 00:29:34 [38;5;117m[DEBUG]: [0mThis is a debug message from thread 518-09-2026 00:29:34 [38;5;015m[INFO]: [0mThis is a info message from thread 1118-09-2026 00:29:34 [38;5;009m[ERROR]: [0mThis is a error message from thread 1818-09-2026 00:29:34 [38;5;009m[ERROR]: [0mThis is a error message from thread 718-09-2026 00:29:34 [38;5;009m[ERROR]: [0mThis is a error message from thread 1518-09-2026 00:29:34 [38;5;015m[INFO]: [0mThis is a info message from thread 2418-09-2026 00:29:34 [38;5;009m[ERROR]: [0mThis is a error message from thread 2418-09-2026 00:29:34 [38;5;009m[ERROR]: [0mThis is a error message from thread 1918-09-2026 00:29:34 [38;5;117m[DEBUG]: [0mThis is a debug message from thread 2518-09-2026 00:29:34 [38;5;009m[ERROR]: [0mThis is a error message from thread 818-09-2026 00:29:34 [38;5;117m[DEBUG]: [0mThis is a debug message from thread 2418-09-2026 00:29:34 [38;5;015m[INFO]: [0mThis is a info message from thread 318-09-2026 00:29:34 [38;5;015m[INFO]: [0mThis is a info message from thread 2518-09-2026 00:29:34 [38;5;117m[DEBUG]: [0mThis is a debug message from thread 818-09-2026 00:29:34 [38;5;015m[INFO]: [0mThis is a info message from thread 518-09-2026 00:29:34 [38;5;117m[DEBUG]: [0mThis is a debug message from thread 2018-09-2026 00:29:34 [38;5;009m[ERROR]: [0mThis is a error message from thread 618-09-2026 00:29:34 [38;5;015m[INFO]: [0mThis is a info message from thread 2418-09-2026 00:29:34 [38;5;009m[ERROR]: [0mThis is a error message from thread 2518-09-2026 00:29:34 [38;5;117m[DEBUG]: [0mThis is a debug message from thread 2318-09-2026 00:29:34 [38;5;117m[DEBUG]: [0mThis is a debug message from thread 1718-09-2026 00:29:34 [38;5;009m[ERROR]: [0mThis is a error message from thread 418-09-2026 00:29:34 [38;5;117m[DEBUG]: [0mThis is a debug message from thread 2518-09-2026 00:29:34 [38;5;009m[ERROR]: [0mThis is a error message from thread 518-09-2026 00:29:34 [38;5;015m[INFO]: [0mThis is a info message from thread 2018-09-2026 00:29:34 [38;5;015m[INFO]: [0mThis is a info message from thread 2118-09-2026 00:29:34 [38;5;009m[ERROR]: [0mThis is a error message from thread 1218-09-2026 00:29:34 [38;5;015m[INFO]: [0mThis is a info message from thread 1718-09-2026 00:29:34 [38;5;117m[DEBUG]: [0mThis is a debug message from thread 1818-09-2026 00:29:34 [38;5;015m[INFO]: [0mThis is a info message from thread 818-09-2026 00:29:34 [38;5;009m[ERROR]: [0mThis is a error message from thread 2418-09-2026 00:29:34 [38;5;009m[ERROR]: [0mThis is a error message from thread 1118-09-2026 00:29:34 [38;5;117m[DEBUG]: [0mThis is a debug message from thread 2718-09-2026 00:29:34 [38;5;009m[ERROR]: [0mThis is a error message from thread 2118-09-2026 00:29:34 [38;5;015m[INFO]: [0mThis is a info message from thread 1618-09-2026 00:29:34 [38;5;117m[DEBUG]: [0mThis is a debug message from thread 2418-09-2026 00:29:34 [38;5;015m[INFO]: [0mThis is a info message from thread 1818-09-2026 00:29:34 [38;5;015m[INFO]: [0mThis is a info message from thread 1418-09-2026 00:29:34 [38;5;009m[ERROR]: [0mThis is a error message from thread 318-09-2026 00:29:34 [38;5;117m[DEBUG]: [0mThis is a debug message from thread 2918-09-2026 00:29:34 [38;5;015m[INFO]: [0mThis is a info message from thread 2418-09-2026 00:29:34 [38;5;117m[DEBUG]: [0mThis is a debug message from thread 718-09-2026 00:29:34 [38;5;117m[DEBUG]: [0mThis is a debug message from thread 2118-09-2026 00:29:34 [38;5;117m[DEBUG]: [0mThis is a debug message from thread 618-09-2026 00:29:34 [38;5;117m[DEBUG]: [0mThis is a debug message from thread 318-09-2026 00:29:34 [38;5;015m[INFO]: [0mThis is a info message from thread 2918-09-2026 00:29:34 [38;5;117m[DEBUG]: [0mThis is a debug message from thread 418-09-2026 00:29:34 [38;5;015m[INFO]: [0mThis is a info message from thread 318-09-2026 00:29:34 [38;5;117m[DEBUG]: [0mThis is a debug message from thread 1918-09-2026 00:29:34 [38;5;015m[INFO]: [0mThis is a info message from thread 418-09-2026 00:29:34 [38;5;009m[ERROR]: [0mThis is a error message from thread 2918-09-2026 00:29:34 [38;5;009m[ERROR]: [0mThis is a error message from thread 1418-09-2026 00:29:34 [38;5;009m[ERROR]: [0mThis is a error message from thread 2418-09-2026 00:29:34 [38;5;015m[INFO]: [0mThis is a info message from thread 1918-09-2026 00:29:34 [38;5;009m[ERROR]: [0mThis is a error message from thread 1818-09-2026 00:29:34 [38;5;009m[ERROR]: [0mThis is a error message from thread 818-09-2026 00:29:34 [38;5;009m[ERROR]: [0mThis is a error message from thread 318-09-2026 00:29:34 [38;5;117m[DEBUG]: [0mThis is a debug message from thread 2418-09-2026 00:29:34 [38;5;117m[DEBUG]: [0mThis is a debug message from thread 318-09-2026 00:29:34 [38;5;117m[DEBUG]: [0mThis is a debug message from thread 1818-09-2026 00:29:34 [38;5;117m[DEBUG]: [0mThis is a debug message from thread 1218-09-2026 00:29:34 [38;5;009m[ERROR]: [0mThis is a error message from thread 1918-09-2026 00:29:34 [38;5;009m[ERROR]: [0mThis is a error message from thread 2018-09-2026 00:29:34 [38;5;015m[INFO]: [0mThis is a info message from thread 2718-09-2026 00:29:34 [38;5;015m[INFO]: [0mThis is a info message from thread 718-09-2026 00:29:34 [38;5;015m[INFO]: [0mThis is a info message from thread 1818-09-2026 00:29:34 [38;5;117m[DEBUG]: [0mThis is a debug message from thread 1518-09-2026 00:29:34 [38;5;009m[ERROR]: [0mThis is a error message from thread 2618-09-2026 00:29:34 [38;5;015m[INFO]: [0mThis is a info message from thread 2118-09-2026 00:29:34 [38;5;009m[ERROR]: [0mThis is a error message from thread 2718-09-2026 00:29:34 [38;5;009m[ERROR]: [0mThis is a error message from thread 918-09-2026 00:29:34 [38;5;015m[INFO]: [0mThis is a info message from thread 1518-09-2026 00:29:34 [38;5;117m[DEBUG]: [0mThis is a debug message from thread 2618-09-2026 00:29:34 [38;5;117m[DEBUG]: [0mThis is a debug message from thread 2718-09-2026 00:29:34 [38;5;117m[DEBUG]: [0mThis is a debug message from thread 818-09-2026 00:29:34 [38;5;009m[ERROR]: [0mThis is a error message from thread 1818-09-2026 00:29:34 [38;5;009m[ERROR]: [0mThis is a error message from thread 2118-09-2026 00:29:34 [38;5;015m[INFO]: [0mThis is a info message from thread 2718-09-2026 00:29:34 [38;5;009m[ERROR]: [0mThis is a error message from thread 018-09-2026 00:29:34 [38;5;015m[INFO]: [0mThis is a info message from thread 2618-09-2026 00:29:34 [38;5;009m[ERROR]: [0mThis is a error message from thread 1318-09-2026 00:29:34 [38;5;009m[ERROR]: [0mThis is a error message from thread 1518-09-2026 00:29:34 [38;5;117m[DEBUG]: [0mThis is a debug message from thread 518-09-2026 00:29:34 [38;5;009m[ERROR]: [0mThis is a error message from thread 1718-09-2026 00:29:34 [38;5;015m[INFO]: [0mThis is a info message from thread 818-09-2026 00:29:34 [38;5;117m[DEBUG]: [0mThis is a debug message from thread 218-09-2026 00:29:34 [38;5;117m[DEBUG]: [0mThis is a debug message from thread 1318-09-2026 00:29:34 [38;5;117m[DEBUG]: [0mThis is a debug message from thread 1118-09-2026 00:29:34 [38;5;117m[DEBUG]: [0mThis is a debug message from thread 1918-09-2026 00:29:34 [38;5;009m[ERROR]: [0mThis is a error message from thread 2618-09-2026 00:29:34 [38;5;117m[DEBUG]: [0mThis is a debug message from thread 018-09-2026 00:29:34 [38;5;117m[DEBUG]: [0mThis is a debug message from thread 2118-09-2026 00:29:34 [38;5;015m[INFO]: [0mThis is a info message from thread 2118-09-2026 00:29:34 [38;5;015m[INFO]: [0mThis is a info message from thread 218-09-2026 00:29:34 [38;5;015m[INFO]: [0mThis is a info message from thread 018-09-2026 00:29:34 [38;5;015m[INFO]: [0mThis is a info message from thread 518-09-2026 00:29:34 [38;5;117m[DEBUG]: [0mThis is a debug message from thread 1518-09-2026 00:29:34 [38;5;009m[ERROR]: [0mThis is a error message from thread 518-09-2026 00:29:34 [38;5;009m[ERROR]: [0mThis is a error message from thread 218-09-2026 00:29:34 [38;5;117m[DEBUG]: [0mThis is a debug message from thread 2618-09-2026 00:29:34 [38;5;015m[INFO]: [0mThis is a info message from thread 2618-09-2026 00:29:34 [38;5;015m[INFO]: [0mThis is a info message from thread 1518-09-2026 00:29:34 [38;5;117m[DEBUG]: [0mThis is a debug message from thread 518-09-2026 00:29:34 [38;5;009m[ERROR]: [0mThis is a error message from thread 018-09-2026 00:29:34 [38;5;015m[INFO]: [0mThis is a info message from thread 1918-09-2026 00:29:34 [38;5;117m[DEBUG]: [0mThis is a debug message from thread 218-09-2026 00:29:34 [38;5;117m[DEBUG]: [0mThis is a debug message from thread 1818-09-2026 00:29:34 [38;5;015m[INFO]: [0mThis is a info message from thread 1118-09-2026 00:29:34 [38;5;009m[ERROR]: [0mThis is a error message from thread 2618-09-2026 00:29:34 [38;5;015m[INFO]: [0mThis is a info message from thread 1318-09-2026 00:29:34 [38;5;015m[INFO]: [0mThis is a info message from thread 518-09-2026 00:29:34 [38;5;015m[INFO]: [0mThis is a info message from thread 1818-09-2026 00:29:34 [38;5;117m[DEBUG]: [0mThis is a debug message from thread 118-09-2026 00:29:34 [38;5;015m[INFO]: [0mThis is a info message from thread 1218-09-2026 00:29:34 [38;5;009m[ERROR]: [0mThis is a error message from thread 1918-09-2026 00:29:34 [38;5;015m[INFO]: [0mThis is a info message from thread 2818-09-2026 00:29:34 [38;5;015m[INFO]: [0mThis is a info message from thread 218-09-2026 00:29:34 [38;5;117m[DEBUG]: [0mThis is a debug message from thread 2618-09-2026 00:29:34 [38;5;015m[INFO]: [0mThis is a info message from thread 2418-09-2026 00:29:34 [38;5;009m[ERROR]: [0mThis is a error message from thread 1518-09-2026 00:29:34 [38;5;009m[ERROR]: [0mThis is a error message from thread 2818-09-2026 00:29:34 [38;5;117m[DEBUG]: [0mThis is a debug message from thread 2918-09-2026 00:29:34 [38;5;009m[ERROR]: [0mThis is a error message from thread 418-09-2026 00:29:34 [38;5;015m[INFO]: [0mThis is a info message from thread 318-09-2026 00:29:34 [38;5;117m[DEBUG]: [0mThis is a debug message from thread 1418-09-2026 00:29:34 [38;5;015m[INFO]: [0mThis is a info message from thread 618-09-2026 00:29:34 [38;5;117m[DEBUG]: [0mThis is a debug message from thread 2818-09-2026 00:29:34 [38;5;117m[DEBUG]: [0mThis is a debug message from thread 1518-09-2026 00:29:34 [38;5;009m[ERROR]: [0mThis is a error message from thread 218-09-2026 00:29:34 [38;5;015m[INFO]: [0mThis is a info message from thread 1518-09-2026 00:29:34 [38;5;009m[ERROR]: [0mThis is a error message from thread 2418-09-2026 00:29:34 [38;5;117m[DEBUG]: [0mThis is a debug message from thread 2018-09-2026 00:29:34 [38;5;009m[ERROR]: [0mThis is a error message from thread 318-09-2026 00:29:34 [38;5;009m[ERROR]: [0mThis is a error message from thread 1818-09-2026 00:29:34 [38;5;009m[ERROR]: [0mThis is a error message from thread 1318-09-2026 00:29:34 [38;5;015m[INFO]: [0mThis is a info message from thread 2218-09-2026 00:29:34 [38;5;015m[INFO]: [0mThis is a info message from thread 2318-09-2026 00:29:34 [38;5;117m[DEBUG]: [0mThis is a debug message from thread 318-09-2026 00:29:34 [38;5;015m[INFO]: [0mThis is a info message from thread 1018-09-2026 00:29:34 [38;5;009m[ERROR]: [0mThis is a error message from thread 818-09-2026 00:29:34 [38;5;015m[INFO]: [0mThis is a info message from thread 118-09-2026 00:29:34 [38;5;009m[ERROR]: [0mThis is a error message from thread 518-09-2026 00:29:34 [38;5;015m[INFO]: [0mThis is a info message from thread 2518-09-2026 00:29:34 [38;5;009m[ERROR]: [0mThis is a error message from thread 1118-09-2026 00:29:34 [38;5;117m[DEBUG]: [0mThis is a debug message from thread 1918-09-2026 00:29:34 [38;5;117m[DEBUG]: [0mThis is a debug message from thread 818-09-2026 00:29:34 [38;5;015m[INFO]: [0mThis is a info message from thread 318-09-2026 00:29:34 [38;5;117m[DEBUG]: [0mThis is a debug message from thread 1318-09-2026 00:29:34 [38;5;009m[ERROR]: [0mThis is a error message from thread 118-09-2026 00:29:34 [38;5;015m[INFO]: [0mThis is a info message from thread 818-09-2026 00:29:34 [38;5;015m[INFO]: [0mThis is a info message from thread 2918-09-2026 00:29:34 [38;5;117m[DEBUG]: [0mThis is a debug message from thread 218-09-2026 00:29:34 [38;5;117m[DEBUG]: [0mThis is a debug message from thread 1718-09-2026 00:29:34 [38;5;015m[INFO]: [0mThis is a info message from thread 1418-09-2026 00:29:34 [38;5;117m[DEBUG]: [0mThis is a debug message from thread 018-09-2026 00:29:34 [38;5;015m[INFO]: [0mThis is a info message from thread 1718-09-2026 00:29:34 [38;5;117m[DEBUG]: [0mThis is a debug message from thread 1118-09-2026 00:29:34 [38;5;009m[ERROR]: [0mThis is a error message from thread 818-09-2026 00:29:34 [38;5;009m[ERROR]: [0mThis is a error message from thread 1618-09-2026 00:29:34 [38;5;009m[ERROR]: [0mThis is a error message from thread 2718-09-2026 00:29:34 [38;5;009m[ERROR]: [0mThis is a error message from thread 2218-09-2026 00:29:34 [38;5;117m[DEBUG]: [0mThis is a debug message from thread 1618-09-2026 00:29:34 [38;5;117m[DEBUG]: [0mThis is a debug message from thread 2718-09-2026 00:29:34 [38;5;015m[INFO]: [0mThis is a info message from thread 1618-09-2026 00:29:34 [38;5;015m[INFO]: [0mThis is a info message from thread 218-09-2026 00:29:34 [38;5;015m[INFO]: [0mThis is a info message from thread 2618-09-2026 00:29:34 [38;5;117m[DEBUG]: [0mThis is a debug message from thread 918-09-2026 00:29:34 [38;5;117m[DEBUG]: [0mThis is a debug message from thread 2418-09-2026 00:29:34 [38;5;009m[ERROR]: [0mThis is a error message from thread 318-09-2026 00:29:34 [38;5;009m[ERROR]: [0mThis is a error message from thread 1018-09-2026 00:29:34 [38;5;015m[INFO]: [0mThis is a info message from thread 2418-09-2026 00:29:34 [38;5;117m[DEBUG]: [0mThis is a debug message from thread 118-09-2026 00:29:34 [38;5;117m[DEBUG]: [0mThis is a debug message from thread 318-09-2026 00:29:34 [38;5;015m[INFO]: [0mThis is a info message from thread 1318-09-2026 00:29:34 [38;5;117m[DEBUG]: [0mThis is a debug message from thread 418-09-2026 00:29:34 [38;5;015m[INFO]: [0mThis is a info message from thread 2018-09-2026 00:29:34 [38;5;117m[DEBUG]: [0mThis is a debug message from thread 518-09-2026 00:29:34 [38;5;009m[ERROR]: [0mThis is a error message from thread 1518-09-2026 00:29:34 [38;5;015m[INFO]: [0mThis is a info message from thread 118-09-2026 00:29:34 [38;5;015m[INFO]: [0mThis is a info message from thread 018-09-2026 00:29:34 [38;5;009m[ERROR]: [0mThis is a error message from thread 2618-09-2026 00:29:34 [38;5;009m[ERROR]: [0mThis is a error message from thread 2518-09-2026 00:29:34 [38;5;117m[DEBUG]: [0mThis is a debug message from thread 1518-09-2026 00:29:34 [38;5;009m[ERROR]: [0mThis is a error message from thread 2018-09-2026 00:29:34 [38;5;009m[ERROR]: [0mThis is a error message from thread 218-09-2026 00:29:34 [38;5;117m[DEBUG]: [0mThis is a debug message from thread 1818-09-2026 00:29:34 [38;5;117m[DEBUG]: [0mThis is a debug message from thread 2218-09-2026 00:29:34 [38;5;117m[DEBUG]: [0mThis is a debug message from thread 2518-09-2026 00:29:34 [38;5;015m[INFO]: [0mThis is a info message from thread 1818-09-2026 00:29:34 [38;5;015m[INFO]: [0mThis is a info message from thread 1518-09-2026 00:29:34 [38;5;009m[ERROR]: [0mThis is a error message from thread 118-09-2026 00:29:34 [38;5;009m[ERROR]: [0mThis is a error message from thread 2318-09-2026 00:29:34 [38;5;117m[DEBUG]: [0mThis is a debug message from thread 2618-09-2026 00:29:34 [38;5;015m[INFO]: [0mThis is a info message from thread 518-09-2026 00:29:34 [38;5;117m[DEBUG]: [0mThis is a debug message from thread 1018-09-2026 00:29:34 [38;5;015m[INFO]: [0mThis is a info message from thread 2818-09-2026 00:29:34 [38;5;117m[DEBUG]: [0mThis is a debug message from thread 218-09-2026 00:29:34 [38;5;009m[ERROR]: [0mThis is a error message from thread 1818-09-2026 00:29:34 [38;5;117m[DEBUG]: [0mThis is a debug message from thread 2318-09-2026 00:29:34 [38;5;015m[INFO]: [0mThis is a info message from thread 2718-09-2026 00:29:34 [38;5;009m[ERROR]: [0mThis is a error message from thread 618-09-2026 00:29:34 [38;5;015m[INFO]: [0mThis is a info message from thread 2618-09-2026 00:29:34 [38;5;009m[ERROR]: [0mThis is a error message from thread 1618-09-2026 00:29:34 [38;5;015m[INFO]: [0mThis is a info message from thread 218-09-2026 00:29:34 [38;5;015m[INFO]: [0mThis is a info message from thread 1018-09-2026 00:29:34 [38;5;015m[INFO]: [0mThis is a info message from thread 418-09-2026 00:29:34 [38;5;117m[DEBUG]: [0mThis is a debug message from thread 1818-09-2026 00:29:34 [38;5;009m[ERROR]: [0mThis is a error message from thread 518-09-2026 00:29:34 [38;5;015m[INFO]: [0mThis is a info message from thread 1818-09-2026 00:29:34 [38;5;015m[INFO]: [0mThis is a info message from thread 2318-09-2026 00:29:34 [38;5;009m[ERROR]: [0mThis is a error message from thread 2718-09-2026 00:29:34 [38;5;015m[INFO]: [0mThis is a info message from thread 918-09-2026 00:29:34 [38;5;015m[INFO]: [0mThis is a info message from thread 2518-09-2026 00:29:34 [38;5;009m[ERROR]: [0mThis is a error message from thread 1818-09-2026 00:29:34 [38;5;009m[ERROR]: [0mThis is a error message from thread 1518-09-2026 00:29:34 [38;5;117m[DEBUG]: [0mThis is a debug message from thread 818-09-2026 00:29:34 [38;5;015m[INFO]: [0mThis is a info message from thread 2218-09-2026 00:29:34 [38;5;009m[ERROR]: [0mThis is a error message from thread 2418-09-2026 00:29:34 [38;5;117m[DEBUG]: [0mThis is a debug message from thread 618-09-2026 00:29:34 [38;5;117m[DEBUG]: [0mThis is a debug message from thread 518-09-2026 00:29:34 [38;5;009m[ERROR]: [0mThis is a error message from thread 418-09-2026 00:29:34 [38;5;009m[ERROR]: [0mThis is a error message from thread 1418-09-2026 00:29:34 [38;5;117m[DEBUG]: [0mThis is a debug message from thread 1818-09-2026 00:29:34 [38;5;009m[ERROR]: [0mThis is a error message from thread 2518-09-2026 00:29:34 [38;5;117m[DEBUG]: [0mThis is a debug message from thread 2718-09-2026 00:29:34 [38;5;015m[INFO]: [0mThis is a info message from thread 2718-09-2026 00:29:34 [38;5;117m[DEBUG]: [0mThis is a debug message from thread 1418-09-2026 00:29:34 [38;5;015m[INFO]: [0mThis is a info message from thread 818-09-2026 00:29:34 [38;5;009m[ERROR]: [0mThis is a error message from thread 2918-09-2026 00:29:34 [38;5;117m[DEBUG]: [0mThis is a debug message from thread 2518-09-2026 00:29:34 [38;5;117m[DEBUG]: [0mThis is a debug message from thread 118-09-2026 00:29:34 [38;5;009m[ERROR]: [0mThis is a error message from thread 818-09-2026 00:29:34 [38;5;009m[ERROR]: [0mThis is a error message from thread 2318-09-2026 00:29:34 [38;5;117m[DEBUG]: [0mThis is a debug message from thread 1618-09-2026 00:29:34 [38;5;009m[ERROR]: [0mThis is a error message from thread 718-09-2026 00:29:34 [38;5;015m[INFO]: [0mThis is a info message from thread 618-09-2026 00:29:34 [38;5;009m[ERROR]: [0mThis is a error message from thread 2218-09-2026 00:29:34 [38;5;009m[ERROR]: [0mThis is a error message from thread 2818-09-2026 00:29:34 [38;5;117m[DEBUG]: [0mThis is a debug message from thread 2418-09-2026 00:29:34 [38;5;015m[INFO]: [0mThis is a info message from thread 118-09-2026 00:29:34 [38;5;117m[DEBUG]: [0mThis is a debug message from thread 718-09-2026 00:29:34 [38;5;009m[ERROR]: [0mThis is a error message from thread 118-09-2026 00:29:34 [38;5;117m[DEBUG]: [0mThis is a debug message from thread 2018-09-2026 00:29:34 [38;5;117m[DEBUG]: [0mThis is a debug message from thread 418-09-2026 00:29:34 [38;5;015m[INFO]: [0mThis is a info message from thread 2518-09-2026 00:29:34 [38;5;009m[ERROR]: [0mThis is a error message from thread 218-09-2026 00:29:34 [38;5;117m[DEBUG]: [0mThis is a debug message from thread 818-09-2026 00:29:34 [38;5;117m[DEBUG]: [0mThis is a debug message from thread 2218-09-2026 00:29:34 [38;5;015m[INFO]: [0mThis is a info message from thread 2218-09-2026 00:29:34 [38;5;015m[INFO]: [0mThis is a info message from thread 818-09-2026 00:29:34 [38;5;117m[DEBUG]: [0mThis is a debug message from thread 2818-09-2026 00:29:34 [38;5;117m[DEBUG]: [0mThis is a debug message from thread 118-09-2026 00:29:34 [38;5;009m[ERROR]: [0mThis is a error message from thread 2118-09-2026 00:29:34 [38;5;117m[DEBUG]: [0mThis is a debug message from thread 1518-09-2026 00:29:34 [38;5;117m[DEBUG]: [0mThis is a debug message from thread 218-09-2026 00:29:34 [38;5;009m[ERROR]: [0mThis is a error message from thread 1318-09-2026 00:29:34 [38;5;009m[ERROR]: [0mThis is a error message from thread 618-09-2026 00:29:34 [38;5;009m[ERROR]: [0mThis is a error message from thread 2518-09-2026 00:29:34 [38;5;015m[INFO]: [0mThis is a info message from thread 218-09-2026 00:29:34 [38;5;015m[INFO]: [0mThis is a info message from thread 1118-09-2026 00:29:34 [38;5;117m[DEBUG]: [0mThis is a debug message from thread 1318-09-2026 00:29:34 [38;5;015m[INFO]: [0mThis is a info message from thread 2818-09-2026 00:29:34 [38;5;015m[INFO]: [0mThis is a info message from thread 1318-09-2026 00:29:34 [38;5;009m[ERROR]: [0mThis is a error message from thread 218-09-2026 00:29:34 [38;5;015m[INFO]: [0mThis is a info message from thread 2418-09-2026 00:29:34 [38;5;015m[INFO]: [0mThis is a info message from thread 418-09-2026 00:29:34 [38;5;009m[ERROR]: [0mThis is a error message from thread 818-09-2026 00:29:34 [38;5;009m[ERROR]: [0mThis is a error message from thread 2418-09-2026 00:29:34 [38;5;117m[DEBUG]: [0mThis is a debug message from thread 618-09-2026 00:29:34 [38;5;015m[INFO]: [0mThis is a info message from thread 518-09-2026 00:29:34 [38;5;009m[ERROR]: [0mThis is a error message from thread 418-09-2026 00:29:34 [38;5;009m[ERROR]: [0mThis is a error message from thread 2818-09-2026 00:29:34 [38;5;009m[ERROR]: [0mThis is a error message from thread 1318-09-2026 00:29:34 [38;5;117m[DEBUG]: [0mThis is a debug message from thread 1318-09-2026 00:29:34 [38;5;117m[DEBUG]: [0mThis is a debug message from thread 218-09-2026 00:29:34 [38;5;009m[ERROR]: [0mThis is a error message from thread 1118-09-2026 00:29:34 [38;5;117m[DEBUG]: [0mThis is a debug message from thread 2818-09-2026 00:29:34 [38;5;015m[INFO]: [0mThis is a info message from thread 1918-09-2026 00:29:34 [38;5;117m[DEBUG]: [0mThis is a debug message from thread 2418-09-2026 00:29:34 [38;5;117m[DEBUG]: [0mThis is a debug message from thread 818-09-2026 00:29:34 [38;5;015m[INFO]: [0mThis is a info message from thread 618-09-2026 00:29:34 [38;5;009m[ERROR]: [0mThis is a error message from thread 2218-09-2026 00:29:34 [38;5;015m[INFO]: [0mThis is a info message from thread 1318-09-2026 00:29:34 [38;5;009m[ERROR]: [0mThis is a error message from thread 1318-09-2026 00:29:34 [38;5;117m[DEBUG]: [0mThis is a debug message from thread 1118-09-2026 00:29:34 [38;5;015m[INFO]: [0mThis is a info message from thread 2818-09-2026 00:29:34 [38;5;009m[ERROR]: [0mThis is a error message from thread 618-09-2026 00:29:34 [38;5;009m[ERROR]: [0mThis is a error message from thread 2818-09-2026 00:29:34 [38;5;015m[INFO]: [0mThis is a info message from thread 218-09-2026 00:29:34 [38;5;015m[INFO]: [0mThis is a info message from thread 1118-09-2026 00:29:34 [38;5;015m[INFO]: [0mThis is a info message from thread 2418-09-2026 00:29:34 [38;5;117m[DEBUG]: [0mThis is a debug message from thread 618-09-2026 00:29:34 [38;5;117m[DEBUG]: [0mThis is a debug message from thread 1318-09-2026 00:29:34 [38;5;009m[ERROR]: [0mThis is a error message from thread 1918-09-2026 00:29:34 [38;5;015m[INFO]: [0mThis is a info message from thread 818-09-2026 00:29:34 [38;5;117m[DEBUG]: [0mThis is a debug message from thread 418-09-2026 00:29:34 [38;5;015m[INFO]: [0mThis is a info message from thread 1618-09-2026 00:29:34 [38;5;015m[INFO]: [0mThis is a info message from thread 618-09-2026 00:29:34 [38;5;015m[INFO]: [0mThis is a info message from thread 1818-09-2026 00:29:34 [38;5;015m[INFO]: [0mThis is a info message from thread 1518-09-2026 00:29:34 [38;5;009m[ERROR]: [0mThis is a error message from thread 518-09-2026 00:29:34 [38;5;015m[INFO]: [0mThis is a info message from thread 1318-09-2026 00:29:34 [38;5;009m[ERROR]: [0mThis is a error message from thread 1118-09-2026 00:29:34 [38;5;117m[DEBUG]: [0mThis is a debug message from thread 2318-09-2026 00:29:34 [38;5;117m[DEBUG]: [0mThis is a debug message from thread 2918-09-2026 00:29:34 [38;5;117m[DEBUG]: [0mThis is a debug message from thread 2218-09-2026 00:29:34 [38;5;015m[INFO]: [0mThis is a info message from thread 418-09-2026 00:29:34 [38;5;009m[ERROR]: [0mThis is a error message from thread 1518-09-2026 00:29:34 [38;5;009m[ERROR]: [0mThis is a error message from thread 618-09-2026 00:29:34 [38;5;009m[ERROR]: [0mThis is a error message from thread 1818-09-2026 00:29:34 [38;5;015m[INFO]: [0mThis is a info message from thread 2318-09-2026 00:29:34 [38;5;009m[ERROR]: [0mThis is a error message from thread 1218-09-2026 00:29:34 [38;5;009m[ERROR]: [0mThis is a error message from thread 2418-09-2026 00:29:34 [38;5;015m[INFO]: [0mThis is a info message from thread 718-09-2026 00:29:34 [38;5;009m[ERROR]: [0mThis is a error message from thread 418-09-2026 00:29:34 [38;5;009m[ERROR]: [0mThis is a error message from thread 1018-09-2026 00:29:34 [38;5;009m[ERROR]: [0mThis is a error message from thread 1618-09-2026 00:29:34 [38;5;117m[DEBUG]: [0mThis is a debug message from thread 1818-09-2026 00:29:34 [38;5;009m[ERROR]: [0mThis is a error message from thread 918-09-2026 00:29:34 [38;5;015m[INFO]: [0mThis is a info message from thread 318-09-2026 00:29:34 [38;5;117m[DEBUG]: [0mThis is a debug message from thread 2118-09-2026 00:29:34 [38;5;117m[DEBUG]: [0mThis is a debug message from thread 418-09-2026 00:29:34 [38;5;117m[DEBUG]: [0mThis is a debug message from thread 1518-09-2026 00:29:34 [38;5;009m[ERROR]: [0mThis is a error message from thread 2618-09-2026 00:29:34 [38;5;015m[INFO]: [0mThis is a info message from thread 1818-09-2026 00:29:34 [38;5;009m[ERROR]: [0mThis is a error message from thread 1718-09-2026 00:29:34 [38;5;009m[ERROR]: [0mThis is a error message from thread 2718-09-2026 00:29:34 [38;5;009m[ERROR]: [0mThis is a error message from thread 818-09-2026 00:29:34 [38;5;015m[INFO]: [0mThis is a info message from thread 418-09-2026 00:29:34 [38;5;009m[ERROR]: [0mThis is a error message from thread 318-09-2026 00:29:34 [38;5;117m[DEBUG]: [0mThis is a debug message from thread 1718-09-2026 00:29:34 [38;5;009m[ERROR]: [0mThis is a error message from thread 1318-09-2026 00:29:34 [38;5;117m[DEBUG]: [0mThis is a debug message from thread 1618-09-2026 00:29:34 [38;5;117m[DEBUG]: [0mThis is a debug message from thread 818-09-2026 00:29:34 [38;5;015m[INFO]: [0mThis is a info message from thread 2918-09-2026 00:29:34 [38;5;009m[ERROR]: [0mThis is a error message from thread 418-09-2026 00:29:34 [38;5;015m[INFO]: [0mThis is a info message from thread 2018-09-2026 00:29:34 [38;5;009m[ERROR]: [0mThis is a error message from thread 2918-09-2026 00:29:34 [38;5;117m[DEBUG]: [0mThis is a debug message from thread 2418-09-2026 00:29:34 [38;5;009m[ERROR]: [0mThis is a error message from thread 2018-09-2026 00:29:34 [38;5;015m[INFO]: [0mThis is a info message from thread 118-09-2026 00:29:34 [38;5;117m[DEBUG]: [0mThis is a debug message from thread 2018-09-2026 00:29:34 [38;5;015m[INFO]: [0mThis is a info message from thread 818-09-2026 00:29:34 [38;5;015m[INFO]: [0mThis is a info message from thread 2018-09-2026 00:29:34 [38;5;117m[DEBUG]: [0mThis is a debug message from thread 1218-09-2026 00:29:34 [38;5;117m[DEBUG]: [0mThis is a debug message from thread 1318-09-2026 00:29:34 [38;5;117m[DEBUG]: [0mThis is a debug message from thread 1018-09-2026 00:29:34 [38;5;117m[DEBUG]: [0mThis is a debug message from thread 418-09-2026 00:29:34 [38;5;015m[INFO]: [0mThis is a info message from thread 2118-09-2026 00:29:34 [38;5;009m[ERROR]: [0mThis is a error message from thread 2018-09-2026 00:29:34 [38;5;009m[ERROR]: [0mThis is a error message from thread 218-09-2026 00:29:34 [38;5;009m[ERROR]: [0mThis is a error message from thread 018-09-2026 00:29:34 [38;5;117m[DEBUG]: [0mThis is a debug message from thread 518-09-2026 00:29:34 [38;5;009m[ERROR]: [0mThis is a error message from thread 2118-09-2026 00:29:34 [38;5;117m[DEBUG]: [0mThis is a debug message from thread 018-09-2026 00:29:34 [38;5;015m[INFO]: [0mThis is a info message from thread 018-09-2026 00:29:34 [38;5;117m[DEBUG]: [0mThis is a debug message from thread 218-09-2026 00:29:34 [38;5;015m[INFO]: [0mThis is a info message from thread 1318-09-2026 00:29:34 [38;5;015m[INFO]: [0mThis is a info message from thread 2218-09-2026 00:29:34 [38;5;015m[INFO]: [0mThis is a info message from thread 1018-09-2026 00:29:34 [38;5;117m[DEBUG]: [0mThis is a debug message from thread 618-09-2026 00:29:34 [38;5;015m[INFO]: [0mThis is a info message from thread 618-09-2026 00:29:34 [38;5;015m[INFO]: [0mThis is a info message from thread 218-09-2026 00:29:34 [38;5;009m[ERROR]: [0mThis is a error message from thread 2318-09-2026 00:29:34 [38;5;015m[INFO]: [0mThis is a info message from thread 1218-09-2026 00:29:34 [38;5;015m[INFO]: [0mThis is a info message from thread 1518-09-2026 00:29:34 [38;5;117m[DEBUG]: [0mThis is a debug message from thread 318-09-2026 00:29:34 [38;5;009m[ERROR]: [0mThis is a error message from thread 2218-09-2026 00:29:34 [38;5;009m[ERROR]: [0mThis is a error message from thread 718-09-2026 00:29:34 [38;5;117m[DEBUG]: [0mThis is a debug message from thread 918-09-2026 00:29:34 [38;5;117m[DEBUG]: [0mThis is a debug message from thread 2118-09-2026 00:29:34 [38;5;117m[DEBUG]: [0mThis is a debug message from thread 2618-09-2026 00:29:34 [38;5;015m[INFO]: [0mThis is a info message from thread 518-09-2026 00:29:34 [38;5;015m[INFO]: [0mThis is a info message from thread 1718-09-2026 00:29:34 [38;5;009m[ERROR]: [0mThis is a error message from thread 1218-09-2026 00:29:34 [38;5;009m[ERROR]: [0mThis is a error message from thread 618-09-2026 00:29:34 [38;5;015m[INFO]: [0mThis is a info message from thread 918-09-2026 00:29:34 [38;5;015m[INFO]: [0mThis is a info message from thread 2418-09-2026 00:29:34 [38;5;015m[INFO]: [0mThis is a info message from thread 2618-09-2026 00:29:34 [38;5;009m[ERROR]: [0mThis is a error message from thread 118-09-2026 00:29:34 [38;5;009m[ERROR]: [0mThis is a error message from thread 1018-09-2026 00:29:34 [38;5;015m[INFO]: [0mThis is a info message from thread 2118-09-2026 00:29:34 [38;5;015m[INFO]: [0mThis is a info message from thread 1418-09-2026 00:29:34 [38;5;009m[ERROR]: [0mThis is a error message from thread 2618-09-2026 00:29:34 [38;5;009m[ERROR]: [0mThis is a error message from thread 818-09-2026 00:29:34 [38;5;009m[ERROR]: [0mThis is a error message from thread 018-09-2026 00:29:34 [38;5;009m[ERROR]: [0mThis is a error message from thread 1418-09-2026 00:29:34 [38;5;009m[ERROR]: [0mThis is a error message from thread 1718-09-2026 00:29:34 [38;5;009m[ERROR]: [0mThis is a error message from thread 2418-09-2026 00:29:34 [38;5;117m[DEBUG]: [0mThis is a debug message from thread 2018-09-2026 00:29:34 [38;5;117m[DEBUG]: [0mThis is a debug message from thread 1418-09-2026 00:29:34 [38;5;117m[DEBUG]: [0mThis is a debug message from thread 2618-09-2026 00:29:34 [38;5;015m[INFO]: [0mThis is a info message from thread 1618-09-2026 00:29:34 [38;5;009m[ERROR]: [0mThis is a error message from thread 1518-09-2026 00:29:34 [38;5;009m[ERROR]: [0mThis is a error message from thread 2118-09-2026 00:29:34 [38;5;117m[DEBUG]: [0mThis is a debug message from thread 2418-09-2026 00:29:34 [38;5;117m[DEBUG]: [0mThis is a debug message from thread 618-09-2026 00:29:34 [38;5;009m[ERROR]: [0mThis is a error message from thread 1618-09-2026 00:29:34 [38;5;117m[DEBUG]: [0mThis is a debug message from thread 2818-09-2026 00:29:34 [38;5;015m[INFO]: [0mThis is a info message from thread 2618-09-2026 00:29:34 [38;5;117m[DEBUG]: [0mThis is a debug message from thread 2118-09-2026 00:29:34 [38;5;117m[DEBUG]: [0mThis is a debug message from thread 018-09-2026 00:29:34 [38;5;015m[INFO]: [0mThis is a info message from thread 318-09-2026 00:29:34 [38;5;009m[ERROR]: [0mThis is a error message from thread 1818-09-2026 00:29:34 [38;5;117m[DEBUG]: [0mThis is a debug message from thread 818-09-2026 00:29:34 [38;5;009m[ERROR]: [0mThis is a error message from thread 518-09-2026 00:29:34 [38;5;015m[INFO]: [0mThis is a info message from thread 2818-09-2026 00:29:34 [38;5;117m[DEBUG]: [0mThis is a debug message from thread 1218-09-2026 00:29:34 [38;5;117m[DEBUG]: [0mThis is a debug message from thread 2518-09-2026 00:29:34 [38;5;015m[INFO]: [0mThis is a info message from thread 018-09-2026 00:29:34 [38;5;015m[INFO]: [0mThis is a info message from thread 1218-09-2026 00:29:34 [38;5;015m[INFO]: [0mThis is a info message from thread 2518-09-2026 00:29:34 [38;5;015m[INFO]: [0mThis is a info message from thread 2018-09-2026 00:29:34 [38;5;009m[ERROR]: [0mThis is a error message from thread 318-09-2026 00:29:34 [38;5;117m[DEBUG]: [0mThis is a debug message from thread 1018-09-2026 00:29:34 [38;5;117m[DEBUG]: [0mThis is a debug message from thread 1818-09-2026 00:29:34 [38;5;117m[DEBUG]: [0mThis is a debug message from thread 1718-09-2026 00:29:34 [38;5;015m[INFO]: [0mThis is a info message from thread 618-09-2026 00:29:34 [38;5;009m[ERROR]: [0mThis is a error message from thread 1318-09-2026 00:29:34 [38;5;117m[DEBUG]: [0mThis is a debug message from thread 1918-09-2026 00:29:34 [38;5;117m[DEBUG]: [0mThis is a debug message from thread 518-09-2026 00:29:34 [38;5;117m[DEBUG]: [0mThis is a debug message from thread 2218-09-2026 00:29:34 [38;5;015m[INFO]: [0mThis is a info message from thread 1718-09-2026 00:29:34 [38;5;009m[ERROR]: [0mThis is a error message from thread 2018-09-2026 00:29:34 [38;5;015m[INFO]: [0mThis is a info message from thread 418-09-2026 00:29:34 [38;5;117m[DEBUG]: [0mThis is a debug message from thread 2318-09-2026 00:29:34 [38;5;009m[ERROR]: [0mThis is a error message from thread 1718-09-2026 00:29:34 [38;5;117m[DEBUG]: [0mThis is a debug message from thread 718-09-2026 00:29:34 [38;5;009m[ERROR]: [0mThis is a error message from thread 918-09-2026 00:29:34 [38;5;015m[INFO]: [0mThis is a info message from thread 1918-09-2026 00:29:34 [38;5;015m[INFO]: [0mThis is a info message from thread 2118-09-2026 00:29:34 [38;5;117m[DEBUG]: [0mThis is a debug message from thread 1718-09-2026 00:29:34 [38;5;117m[DEBUG]: [0mThis is a debug message from thread 318-09-2026 00:29:34 [38;5;009m[ERROR]: [0mThis is a error message from thread 2618-09-2026 00:29:34 [38;5;009m[ERROR]: [0mThis is a error message from thread 018-09-2026 00:29:34 [38;5;009m[ERROR]: [0mThis is a error message from thread 1218-09-2026 00:29:34 [38;5;117m[DEBUG]: [0mThis is a debug message from thread 1318-09-2026 00:29:34 [38;5;009m[ERROR]: [0mThis is a error message from thread 1918-09-2026 00:29:34 [38;5;117m[DEBUG]: [0mThis is a debug message from thread 1118-09-2026 00:29:34 [38;5;009m[ERROR]: [0mThis is a error message from thread 2818-09-2026 00:29:34 [38;5;117m[DEBUG]: [0mThis is a debug message from thread 118-09-2026 00:29:34 [38;5;117m[DEBUG]: [0mThis is a debug message from thread 2018-09-2026 00:29:34 [38;5;117m[DEBUG]: [0mThis is a debug message from thread 2618-09-2026 00:29:34 [38;5;117m[DEBUG]: [0mThis is a debug message from thread 2718-09-2026 00:29:34 [38;5;015m[INFO]: [0mThis is a info message from thread 518-09-2026 00:29:34 [38;5;015m[INFO]: [0mThis is a info message from thread 318-09-2026 00:29:34 [38;5;009m[ERROR]: [0mThis is a error message from thread 518-09-2026 00:29:34 [38;5;009m[ERROR]: [0mThis is a error message from thread 418-09-2026 00:29:34 [38;5;015m[INFO]: [0mThis is a info message from thread 1118-09-2026 00:29:34 [38;5;015m[INFO]: [0mThis is a info message from thread 1018-09-2026 00:29:34 [38;5;009m[ERROR]: [0mThis is a error message from thread 318-09-2026 00:29:34 [38;5;015m[INFO]: [0mThis is a info message from thread 1718-09-2026 00:29:34 [38;5;117m[DEBUG]: [0mThis is a debug message from thread 918-09-2026 00:29:34 [38;5;009m[ERROR]: [0mThis is a error message from thread 2518-09-2026 00:29:34 [38;5;117m[DEBUG]: [0mThis is a debug message from thread 318-09-2026 00:29:34 [38;5;117m[DEBUG]: [0mThis is a debug message from thread 518-09-2026 00:29:34 [38;5;117m[DEBUG]: [0mThis is a debug message from thread 1218-09-2026 00:29:34 [38;5;015m[INFO]: [0mThis is a info message from thread 2218-09-2026 00:29:34 [38;5;009m[ERROR]: [0mThis is a error message from thread 618-09-2026 00:29:34 [38;5;015m[INFO]: [0mThis is a info message from thread 118-09-2026 00:29:34 [38;5;117m[DEBUG]: [0mThis is a debug message from thread 018-09-2026 00:29:34 [38;5;015m[INFO]: [0mThis is a info message from thread 818-09-2026 00:29:34 [38;5;015m[INFO]: [0mThis is a info message from thread 1218-09-2026 00:29:34 [38;5;015m[INFO]: [0mThis is a info message from thread 518-09-2026 00:29:34 [38;5;009m[ERROR]: [0mThis is a error message from thread 2218-09-2026 00:29:34 [38;5;009m[ERROR]: [0mThis is a error message from thread 518-09-2026 00:29:34 [38;5;117m[DEBUG]: [0mThis is a debug message from thread 2518-09-2026 00:29:34 [38;5;015m[INFO]: [0mThis is a info message from thread 918-09-2026 00:29:34 [38;5;015m[INFO]: [0mThis is a info message from thread 2018-09-2026 00:29:34 [38;5;117m[DEBUG]: [0mThis is a debug message from thread 418-09-2026 00:29:34 [38;5;015m[INFO]: [0mThis is a info message from thread 2618-09-2026 00:29:34 [38;5;117m[DEBUG]: [0mThis is a debug message from thread 518-09-2026 00:29:34 [38;5;015m[INFO]: [0mThis is a info message from thread 418-09-2026 00:29:34 [38;5;015m[INFO]: [0mThis is a info message from thread 2518-09-2026 00:29:34 [38;5;015m[INFO]: [0mThis is a info message from thread 2318-09-2026 00:29:34 [38;5;117m[DEBUG]: [0mThis is a debug message from thread 1918-09-2026 00:29:34 [38;5;117m[DEBUG]: [0mThis is a debug message from thread 618-09-2026 00:29:34 [38;5;009m[ERROR]: [0mThis is a error message from thread 118-09-2026 00:29:34 [38;5;015m[INFO]: [0mThis is a info message from thread 518-09-2026 00:29:34 [38;5;009m[ERROR]: [0mThis is a error message from thread 1718-09-2026 00:29:34 [38;5;009m[ERROR]: [0mThis is a error message from thread 818-09-2026 00:29:34 [38;5;009m[ERROR]: [0mThis is a error message from thread 418-09-2026 00:29:34 [38;5;015m[INFO]: [0mThis is a info message from thread 1818-09-2026 00:29:34 [38;5;009m[ERROR]: [0mThis is a error message from thread 2518-09-2026 00:29:34 [38;5;015m[INFO]: [0mThis is a info message from thread 2418-09-2026 00:29:34 [38;5;117m[DEBUG]: [0mThis is a debug message from thread 418-09-2026 00:29:34 [38;5;117m[DEBUG]: [0mThis is a debug message from thread 818-09-2026 00:29:34 [38;5;009m[ERROR]: [0mThis is a error message from thread 2318-09-2026 00:29:34 [38;5;009m[ERROR]: [0mThis is a error message from thread 2618-09-2026 00:29:34 [38;5;117m[DEBUG]: [0mThis is a debug message from thread 2518-09-2026 00:29:34 [38;5;015m[INFO]: [0mThis is a info message from thread 818-09-2026 00:29:34 [38;5;015m[INFO]: [0mThis is a info message from thread 318-09-2026 00:29:34 [38;5;117m[DEBUG]: [0mThis is a debug message from thread 1618-09-2026 00:29:34 [38;5;009m[ERROR]: [0mThis is a error message from thread 1818-09-2026 00:29:34 [38;5;117m[DEBUG]: [0mThis is a debug message from thread 118-09-2026 00:29:34 [38;5;015m[INFO]: [0mThis is a info message from thread 1418-09-2026 00:29:34 [38;5;009m[ERROR]: [0mThis is a error message from thread 518-09-2026 00:29:34 [38;5;009m[ERROR]: [0mThis is a error message from thread 818-09-2026 00:29:34 [38;5;009m[ERROR]: [0mThis is a error message from thread 318-09-2026 00:29:34 [38;5;009m[ERROR]: [0mThis is a error message from thread 1118-09-2026 00:29:34 [38;5;117m[DEBUG]: [0mThis is a debug message from thread 518-09-2026 00:29:34 [38;5;015m[INFO]: [0mThis is a info message from thread 618-09-2026 00:29:34 [38;5;009m[ERROR]: [0mThis is a error message from thread 218-09-2026 00:29:34 [38;5;117m[DEBUG]: [0mThis is a debug message from thread 818-09-2026 00:29:34 [38;5;117m[DEBUG]: [0mThis is a debug message from thread 1118-09-2026 00:29:34 [38;5;117m[DEBUG]: [0mThis is a debug message from thread 318-09-2026 00:29:34 [38;5;009m[ERROR]: [0mThis is a error message from thread 618-09-2026 00:29:34 [38;5;015m[INFO]: [0mThis is a info message from thread 1618-09-2026 00:29:34 [38;5;117m[DEBUG]: [0mThis is a debug message from thread 2618-09-2026 00:29:34 [38;5;015m[INFO]: [0mThis is a info message from thread 1118-09-2026 00:29:34 [38;5;015m[INFO]: [0mThis is a info message from thread 118-09-2026 00:29:34 [38;5;117m[DEBUG]: [0mThis is a debug message from thread 1818-09-2026 00:29:34 [38;5;015m[INFO]: [0mThis is a info message from thread 818-09-2026 00:29:34 [38;5;015m[INFO]: [0mThis is a info message from thread 318-09-2026 00:29:34 [38;5;117m[DEBUG]: [0mThis is a debug message from thread 618-09-2026 00:29:34 [38;5;015m[INFO]: [0mThis is a info message from thread 518-09-2026 00:29:34 [38;5;009m[ERROR]: [0mThis is a error message from thread 818-09-2026 00:29:34 [38;5;117m[DEBUG]: [0mThis is a debug message from thread 2818-09-2026 00:29:34 [38;5;009m[ERROR]: [0mThis is a error message from thread 1618-09-2026 00:29:34 [38;5;117m[DEBUG]: [0mThis is a debug message from thread 2918-09-2026 00:29:34 [38;5;009m[ERROR]: [0mThis is a error message from thread 1118-09-2026 00:29:34 [38;5;009m[ERROR]: [0mThis is a error message from thread 318-09-2026 00:29:34 [38;5;015m[INFO]: [0mThis is a info message from thread 618-09-2026 00:29:34 [38;5;009m[ERROR]: [0mThis is a error message from thread 518-09-2026 00:29:34 [38;5;015m[INFO]: [0mThis is a info message from thread 2618-09-2026 00:29:34 [38;5;009m[ERROR]: [0mThis is a error message from thread 2118-09-2026 00:29:34 [38;5;015m[INFO]: [0mThis is a info message from thread 2818-09-2026 00:29:34 [38;5;117m[DEBUG]: [0mThis is a debug message from thread 318-09-2026 00:29:34 [38;5;015m[INFO]: [0mThis is a info message from thread 018-09-2026 00:29:34 [38;5;015m[INFO]: [0mThis is a info message from thread 2518-09-2026 00:29:34 [38;5;117m[DEBUG]: [0mThis is a debug message from thread 2118-09-2026 00:29:34 [38;5;009m[ERROR]: [0mThis is a error message from thread 618-09-2026 00:29:34 [38;5;015m[INFO]: [0mThis is a info message from thread 318-09-2026 00:29:34 [38;5;117m[DEBUG]: [0mThis is a debug message from thread 1618-09-2026 00:29:34 [38;5;015m[INFO]: [0mThis is a info message from thread 1318-09-2026 00:29:34 [38;5;015m[INFO]: [0mThis is a info message from thread 1818-09-2026 00:29:34 [38;5;015m[INFO]: [0mThis is a info message from thread 2118-09-2026 00:29:34 [38;5;117m[DEBUG]: [0mThis is a debug message from thread 518-09-2026 00:29:34 [38;5;009m[ERROR]: [0mThis is a error message from thread 2818-09-2026 00:29:34 [38;5;009m[ERROR]: [0mThis is a error message from thread 318-09-2026 00:29:34 [38;5;015m[INFO]: [0mThis is a info message from thread 518-09-2026 00:29:34 [38;5;015m[INFO]: [0mThis is a info message from thread 1618-09-2026 00:29:34 [38;5;117m[DEBUG]: [0mThis is a debug message from thread 318-09-2026 00:29:34 [38;5;009m[ERROR]: [0mThis is a error message from thread 2118-09-2026 00:29:34 [38;5;015m[INFO]: [0mThis is a info message from thread 1918-09-2026 00:29:34 [38;5;117m[DEBUG]: [0mThis is a debug message from thread 2318-09-2026 00:29:34 [38;5;009m[ERROR]: [0mThis is a error message from thread 1918-09-2026 00:29:34 [38;5;015m[INFO]: [0mThis is a info message from thread 2318-09-2026 00:29:34 [38;5;015m[INFO]: [0mThis is a info message from thread 318-09-2026 00:29:34 [38;5;117m[DEBUG]: [0mThis is a debug message from thread 2118-09-2026 00:29:34 [38;5;009m[ERROR]: [0mThis is a error message from thread 2318-09-2026 00:29:34 [38;5;117m[DEBUG]: [0mThis is a debug message from thread 618-09-2026 00:29:34 [38;5;009m[ERROR]: [0mThis is a error message from thread 318-09-2026 00:29:34 [38;5;117m[DEBUG]: [0mThis is a debug message from thread 2318-09-2026 00:29:34 [38;5;015m[INFO]: [0mThis is a info message from thread 2118-09-2026 00:29:34 [38;5;009m[ERROR]: [0mThis is a error message from thread 2618-09-2026 00:29:34 [38;5;117m[DEBUG]: [0mThis is a debug message from thread 318-09-2026 00:29:34 [38;5;015m[INFO]: [0mThis is a info message from thread 618-09-2026 00:29:34 [38;5;009m[ERROR]: [0mThis is a error message from thread 1618-09-2026 00:29:34 [38;5;117m[DEBUG]: [0mThis is a debug message from thread 2818-09-2026 00:29:34 [38;5;009m[ERROR]: [0mThis is a error message from thread 918-09-2026 00:29:34 [38;5;009m[ERROR]: [0mThis is a error message from thread 2418-09-2026 00:29:34 [38;5;015m[INFO]: [0mThis is a info message from thread 418-09-2026 00:29:34 [38;5;009m[ERROR]: [0mThis is a error message from thread 1018-09-2026 00:29:34 [38;5;117m[DEBUG]: [0mThis is a debug message from thread 1718-09-2026 00:29:34 [38;5;015m[INFO]: [0mThis is a info message from thread 2318-09-2026 00:29:34 [38;5;009m[ERROR]: [0mThis is a error message from thread 1418-09-2026 00:29:34 [38;5;117m[DEBUG]: [0mThis is a debug message from thread 1918-09-2026 00:29:34 [38;5;117m[DEBUG]: [0mThis is a debug message from thread 218-09-2026 00:29:34 [38;5;015m[INFO]: [0mThis is a info message from thread 2718-09-2026 00:29:34 [38;5;009m[ERROR]: [0mThis is a error message from thread 2518-09-2026 00:29:34 [38;5;117m[DEBUG]: [0mThis is a debug message from thread 1618-09-2026 00:29:34 [38;5;009m[ERROR]: [0mThis is a error message from thread 418-09-2026 00:29:34 [38;5;117m[DEBUG]: [0mThis is a debug message from thread 2218-09-2026 00:29:34 [38;5;009m[ERROR]: [0mThis is a error message from thread 1218-09-2026 00:29:34 [38;5;009m[ERROR]: [0mThis is a error message from thread 018-09-2026 00:29:34 [38;5;015m[INFO]: [0mThis is a info message from thread 218-09-2026 00:29:34 [38;5;117m[DEBUG]: [0mThis is a debug message from thread 1218-09-2026 00:29:34 [38;5;009m[ERROR]: [0mThis is a error message from thread 1818-09-2026 00:29:34 [38;5;117m[DEBUG]: [0mThis is a debug message from thread 818-09-2026 00:29:34 [38;5;009m[ERROR]: [0mThis is a error message from thread 2118-09-2026 00:29:34 [38;5;015m[INFO]: [0mThis is a info message from thread 2918-09-2026 00:29:34 [38;5;117m[DEBUG]: [0mThis is a debug message from thread 418-09-2026 00:29:34 [38;5;009m[ERROR]: [0mThis is a error message from thread 2718-09-2026 00:29:34 [38;5;009m[ERROR]: [0mThis is a error message from thread 2018-09-2026 00:29:34 [38;5;117m[DEBUG]: [0mThis is a debug message from thread 2518-09-2026 00:29:34 [38;5;015m[INFO]: [0mThis is a info message from thread 1618-09-2026 00:29:34 [38;5;009m[ERROR]: [0mThis is a error message from thread 218-09-2026 00:29:34 [38;5;117m[DEBUG]: [0mThis is a debug message from thread 1818-09-2026 00:29:34 [38;5;009m[ERROR]: [0mThis is a error message from thread 618-09-2026 00:29:34 [38;5;117m[DEBUG]: [0mThis is a debug message from thread 918-09-2026 00:29:34 [38;5;009m[ERROR]: [0mThis is a error message from thread 2918-09-2026 00:29:34 [38;5;117m[DEBUG]: [0mThis is a debug message from thread 618-09-2026 00:29:34 [38;5;117m[DEBUG]: [0mThis is a debug message from thread 2418-09-2026 00:29:34 [38;5;015m[INFO]: [0mThis is a info message from thread 718-09-2026 00:29:34 [38;5;117m[DEBUG]: [0mThis is a debug message from thread 2118-09-2026 00:29:34 [38;5;015m[INFO]: [0mThis is a info message from thread 318-09-2026 00:29:34 [38;5;015m[INFO]: [0mThis is a info message from thread 2418-09-2026 00:29:34 [38;5;015m[INFO]: [0mThis is a info message from thread 1718-09-2026 00:29:34 [38;5;117m[DEBUG]: [0mThis is a debug message from thread 2918-09-2026 00:29:34 [38;5;117m[DEBUG]: [0mThis is a debug message from thread 218-09-2026 00:29:34 [38;5;015m[INFO]: [0mThis is a info message from thread 818-09-2026 00:29:34 [38;5;009m[ERROR]: [0mThis is a error message from thread 518-09-2026 00:29:34 [38;5;009m[ERROR]: [0mThis is a error message from thread 1318-09-2026 00:29:34 [38;5;015m[INFO]: [0mThis is a info message from thread 218-09-2026 00:29:34 [38;5;009m[ERROR]: [0mThis is a error message from thread 818-09-2026 00:29:34 [38;5;009m[ERROR]: [0mThis is a error message from thread 218-09-2026 00:29:34 [38;5;015m[INFO]: [0mThis is a info message from thread 618-09-2026 00:29:34 [38;5;117m[DEBUG]: [0mThis is a debug message from thread 1318-09-2026 00:29:34 [38;5;009m[ERROR]: [0mThis is a error message from thread 2418-09-2026 00:29:34 [38;5;015m[INFO]: [0mThis is a info message from thread 1218-09-2026 00:29:34 [38;5;015m[INFO]: [0mThis is a info message from thread 2818-09-2026 00:29:34 [38;5;015m[INFO]: [0mThis is a info message from thread 2918-09-2026 00:29:34 [38;5;015m[INFO]: [0mThis is a info message from thread 1318-09-2026 00:29:34 [38;5;009m[ERROR]: [0mThis is a error message from thread 618-09-2026 00:29:34 [38;5;009m[ERROR]: [0mThis is a error message from thread 2918-09-2026 00:29:34 [38;5;009m[ERROR]: [0mThis is a error message from thread 118-09-2026 00:29:34 [38;5;117m[DEBUG]: [0mThis is a debug message from thread 2418-09-2026 00:29:34 [38;5;117m[DEBUG]: [0mThis is a debug message from thread 618-09-2026 00:29:34 [38;5;117m[DEBUG]: [0mThis is a debug message from thread 818-09-2026 00:29:34 [38;5;009m[ERROR]: [0mThis is a error message from thread 2818-09-2026 00:29:34 [38;5;117m[DEBUG]: [0mThis is a debug message from thread 1118-09-2026 00:29:34 [38;5;015m[INFO]: [0mThis is a info message from thread 2218-09-2026 00:29:34 [38;5;015m[INFO]: [0mThis is a info message from thread 2418-09-2026 00:29:34 [38;5;117m[DEBUG]: [0mThis is a debug message from thread 2018-09-2026 00:29:34 [38;5;009m[ERROR]: [0mThis is a error message from thread 1618-09-2026 00:29:34 [38;5;009m[ERROR]: [0mThis is a error message from thread 318-09-2026 00:29:34 [38;5;117m[DEBUG]: [0mThis is a debug message from thread 2918-09-2026 00:29:34 [38;5;015m[INFO]: [0mThis is a info message from thread 818-09-2026 00:29:34 [38;5;015m[INFO]: [0mThis is a info message from thread 2018-09-2026 00:29:34 [38;5;117m[DEBUG]: [0mThis is a debug message from thread 1618-09-2026 00:29:34 [38;5;009m[ERROR]: [0mThis is a error message from thread 2018-09-2026 00:29:34 [38;5;117m[DEBUG]: [0mThis is a debug message from thread 2818-09-2026 00:29:34 [38;5;009m[ERROR]: [0mThis is a error message from thread 818-09-2026 00:29:34 [38;5;117m[DEBUG]: [0mThis is a debug message from thread 2018-09-2026 00:29:34 [38;5;015m[INFO]: [0mThis is a info message from thread 2918-09-2026 00:29:34 [38;5;015m[INFO]: [0mThis is a info message from thread 2818-09-2026 00:29:34 [38;5;015m[INFO]: [0mThis is a info message from thread 1118-09-2026 00:29:34 [38;5;117m[DEBUG]: [0mThis is a debug message from thread 518-09-2026 00:29:34 [38;5;009m[ERROR]: [0mThis is a error message from thread 2418-09-2026 00:29:34 [38;5;117m[DEBUG]: [0mThis is a debug message from thread 318-09-2026 00:29:34 [38;5;117m[DEBUG]: [0mThis is a debug message from thread 2418-09-2026 00:29:34 [38;5;009m[ERROR]: [0mThis is a error message from thread 2818-09-2026 00:29:34 [38;5;117m[DEBUG]: [0mThis is a debug message from thread 818-09-2026 00:29:34 [38;5;015m[INFO]: [0mThis is a info message from thread 918-09-2026 00:29:34 [38;5;015m[INFO]: [0mThis is a info message from thread 1618-09-2026 00:29:34 [38;5;015m[INFO]: [0mThis is a info message from thread 318-09-2026 00:29:34 [38;5;009m[ERROR]: [0mThis is a error message from thread 2218-09-2026 00:29:34 [38;5;009m[ERROR]: [0mThis is a error message from thread 2918-09-2026 00:29:34 [38;5;015m[INFO]: [0mThis is a info message from thread 818-09-2026 00:29:34 [38;5;009m[ERROR]: [0mThis is a error message from thread 2318-09-2026 00:29:34 [38;5;009m[ERROR]: [0mThis is a error message from thread 818-09-2026 00:29:34 [38;5;117m[DEBUG]: [0mThis is a debug message from thread 2918-09-2026 00:29:34 [38;5;015m[INFO]: [0mThis is a info message from thread 2518-09-2026 00:29:34 [38;5;117m[DEBUG]: [0mThis is a debug message from thread 2218-09-2026 00:29:34 [38;5;117m[DEBUG]: [0mThis is a debug message from thread 818-09-2026 00:29:34 [38;5;015m[INFO]: [0mThis is a info message from thread 2018-09-2026 00:29:34 [38;5;015m[INFO]: [0mThis is a info message from thread 818-09-2026 00:29:34 [38;5;117m[DEBUG]: [0mThis is a debug message from thread 2818-09-2026 00:29:34 [38;5;009m[ERROR]: [0mThis is a error message from thread 1118-09-2026 00:29:34 [38;5;015m[INFO]: [0mThis is a info message from thread 2818-09-2026 00:29:34 [38;5;117m[DEBUG]: [0mThis is a debug message from thread 2318-09-2026 00:29:34 [38;5;009m[ERROR]: [0mThis is a error message from thread 2818-09-2026 00:29:34 [38;5;009m[ERROR]: [0mThis is a error message from thread 2518-09-2026 00:29:34 [38;5;015m[INFO]: [0mThis is a info message from thread 2918-09-2026 00:29:34 [38;5;117m[DEBUG]: [0mThis is a debug message from thread 1118-09-2026 00:29:34 [38;5;015m[INFO]: [0mThis is a info message from thread 1818-09-2026 00:29:34 [38;5;015m[INFO]: [0mThis is a info message from thread 2418-09-2026 00:29:34 [38;5;015m[INFO]: [0mThis is a info message from thread 2318-09-2026 00:29:34 [38;5;015m[INFO]: [0mThis is a info message from thread 1118-09-2026 00:29:34 [38;5;009m[ERROR]: [0mThis is a error message from thread 1618-09-2026 00:29:34 [38;5;117m[DEBUG]: [0mThis is a debug message from thread 2618-09-2026 00:29:34 [38;5;015m[INFO]: [0mThis is a info message from thread 618-09-2026 00:29:34 [38;5;117m[DEBUG]: [0mThis is a debug message from thread 018-09-2026 00:29:34 [38;5;117m[DEBUG]: [0mThis is a debug message from thread 2718-09-2026 00:29:34 [38;5;117m[DEBUG]: [0mThis is a debug message from thread 2818-09-2026 00:29:34 [38;5;009m[ERROR]: [0mThis is a error message from thread 2318-09-2026 00:29:34 [38;5;009m[ERROR]: [0mThis is a error message from thread 1818-09-2026 00:29:34 [38;5;117m[DEBUG]: [0mThis is a debug message from thread 1618-09-2026 00:29:34 [38;5;015m[INFO]: [0mThis is a info message from thread 2618-09-2026 00:29:34 [38;5;009m[ERROR]: [0mThis is a error message from thread 618-09-2026 00:29:34 [38;5;015m[INFO]: [0mThis is a info message from thread 2818-09-2026 00:29:34 [38;5;117m[DEBUG]: [0mThis is a debug message from thread 1818-09-2026 00:29:34 [38;5;117m[DEBUG]: [0mThis is a debug message from thread 2318-09-2026 00:29:34 [38;5;009m[ERROR]: [0mThis is a error message from thread 1118-09-2026 00:29:34 [38;5;009m[ERROR]: [0mThis is a error message from thread 2018-09-2026 00:29:34 [38;5;117m[DEBUG]: [0mThis is a debug message from thread 2518-09-2026 00:29:34 [38;5;015m[INFO]: [0mThis is a info message from thread 1818-09-2026 00:29:34 [38;5;015m[INFO]: [0mThis is a info message from thread 418-09-2026 00:29:34 [38;5;015m[INFO]: [0mThis is a info message from thread 2318-09-2026 00:29:34 [38;5;009m[ERROR]: [0mThis is a error message from thread 2618-09-2026 00:29:34 [38;5;117m[DEBUG]: [0mThis is a debug message from thread 2018-09-2026 00:29:34 [38;5;009m[ERROR]: [0mThis is a error message from thread 718-09-2026 00:29:34 [38;5;117m[DEBUG]: [0mThis is a debug message from thread 2618-09-2026 00:29:34 [38;5;009m[ERROR]: [0mThis is a error message from thread 2318-09-2026 00:29:34 [38;5;117m[DEBUG]: [0mThis is a debug message from thread 718-09-2026 00:29:34 [38;5;117m[DEBUG]: [0mThis is a debug message from thread 2318-09-2026 00:29:34 [38;5;015m[INFO]: [0mThis is a info message from thread 2318-09-2026 00:29:34 [38;5;015m[INFO]: [0mThis is a info message from thread 2618-09-2026 00:29:34 [38;5;009m[ERROR]: [0mThis is a error message from thread 2318-09-2026 00:29:34 [38;5;015m[INFO]: [0mThis is a info message from thread 718-09-2026 00:29:34 [38;5;009m[ERROR]: [0mThis is a error message from thread 2818-09-2026 00:29:34 [38;5;009m[ERROR]: [0mThis is a error message from thread 2618-09-2026 00:29:34 [38;5;009m[ERROR]: [0mThis is a error message from thread 2418-09-2026 00:29:34 [38;5;015m[INFO]: [0mThis is a info message from thread 2718-09-2026 00:29:34 [38;5;117m[DEBUG]: [0mThis is a debug message from thread 2618-09-2026 00:29:34 [38;5;015m[INFO]: [0mThis is a info message from thread 2018-09-2026 00:29:34 [38;5;117m[DEBUG]: [0mThis is a debug message from thread 2418-09-2026 00:29:34 [38;5;117m[DEBUG]: [0mThis is a debug message from thread 118-09-2026 00:29:34 [38;5;009m[ERROR]: [0mThis is a error message from thread 2718-09-2026 00:29:34 [38;5;009m[ERROR]: [0mThis is a error message from thread 2018-09-2026 00:29:34 [38;5;117m[DEBUG]: [0mThis is a debug message from thread 2718-09-2026 00:29:34 [38;5;009m[ERROR]: [0mThis is a error message from thread 1818-09-2026 00:29:34 [38;5;009m[ERROR]: [0mThis is a error message from thread 418-09-2026 00:29:34 [38;5;117m[DEBUG]: [0mThis is a debug message from thread 418-09-2026 00:29:34 [38;5;015m[INFO]: [0mThis is a info message from thread 118-09-2026 00:29:34 [38;5;117m[DEBUG]: [0mThis is a debug message from thread 218-09-2026 00:29:34 [38;5;117m[DEBUG]: [0mThis is a debug message from thread 1818-09-2026 00:29:34 [38;5;117m[DEBUG]: [0mThis is a debug message from thread 2018-09-2026 00:29:34 [38;5;015m[INFO]: [0mThis is a info message from thread 1818-09-2026 00:29:34 [38;5;009m[ERROR]: [0mThis is a error message from thread 1318-09-2026 00:29:34 [38;5;117m[DEBUG]: [0mThis is a debug message from thread 1418-09-2026 00:29:34 [38;5;015m[INFO]: [0mThis is a info message from thread 018-09-2026 00:29:34 [38;5;009m[ERROR]: [0mThis is a error message from thread 718-09-2026 00:29:34 [38;5;117m[DEBUG]: [0mThis is a debug message from thread 2818-09-2026 00:29:34 [38;5;009m[ERROR]: [0mThis is a error message from thread 1718-09-2026 00:29:34 [38;5;015m[INFO]: [0mThis is a info message from thread 218-09-2026 00:29:34 [38;5;009m[ERROR]: [0mThis is a error message from thread 318-09-2026 00:29:34 [38;5;009m[ERROR]: [0mThis is a error message from thread 118-09-2026 00:29:34 [38;5;009m[ERROR]: [0mThis is a error message from thread 2918-09-2026 00:29:34 [38;5;009m[ERROR]: [0mThis is a error message from thread 1818-09-2026 00:29:34 [38;5;015m[INFO]: [0mThis is a info message from thread 2218-09-2026 00:29:34 [38;5;117m[DEBUG]: [0mThis is a debug message from thread 1818-09-2026 00:29:34 [38;5;015m[INFO]: [0mThis is a info message from thread 1618-09-2026 00:29:34 [38;5;117m[DEBUG]: [0mThis is a debug message from thread 2918-09-2026 00:29:34 [38;5;009m[ERROR]: [0mThis is a error message from thread 918-09-2026 00:29:34 [38;5;117m[DEBUG]: [0mThis is a debug message from thread 1318-09-2026 00:29:34 [38;5;015m[INFO]: [0mThis is a info message from thread 2618-09-2026 00:29:34 [38;5;015m[INFO]: [0mThis is a info message from thread 2118-09-2026 00:29:34 [38;5;117m[DEBUG]: [0mThis is a debug message from thread 118-09-2026 00:29:34 [38;5;015m[INFO]: [0mThis is a info message from thread 2918-09-2026 00:29:34 [38;5;015m[INFO]: [0mThis is a info message from thread 418-09-2026 00:29:34 [38;5;009m[ERROR]: [0mThis is a error message from thread 2218-09-2026 00:29:34 [38;5;015m[INFO]: [0mThis is a info message from thread 2018-09-2026 00:29:34 [38;5;117m[DEBUG]: [0mThis is a debug message from thread 1718-09-2026 00:29:34 [38;5;015m[INFO]: [0mThis is a info message from thread 1818-09-2026 00:29:34 [38;5;117m[DEBUG]: [0mThis is a debug message from thread 318-09-2026 00:29:34 [38;5;117m[DEBUG]: [0mThis is a debug message from thread 1118-09-2026 00:29:34 [38;5;009m[ERROR]: [0mThis is a error message from thread 418-09-2026 00:29:34 [38;5;009m[ERROR]: [0mThis is a error message from thread 2118-09-2026 00:29:34 [38;5;009m[ERROR]: [0mThis is a error message from thread 2918-09-2026 00:29:34 [38;5;117m[DEBUG]: [0mThis is a debug message from thread 1018-09-2026 00:29:34 [38;5;117m[DEBUG]: [0mThis is a debug message from thread 2918-09-2026 00:29:34 [38;5;009m[ERROR]: [0mThis is a error message from thread 1618-09-2026 00:29:34 [38;5;009m[ERROR]: [0mThis is a error message from thread 1818-09-2026 00:29:34 [38;5;015m[INFO]: [0mThis is a info message from thread 318-09-2026 00:29:34 [38;5;015m[INFO]: [0mThis is a info message from thread 1018-09-2026 00:29:34 [38;5;117m[DEBUG]: [0mThis is a debug message from thread 418-09-2026 00:29:34 [38;5;015m[INFO]: [0mThis is a info message from thread 118-09-2026 00:29:34 [38;5;015m[INFO]: [0mThis is a info message from thread 2918-09-2026 00:29:34 [38;5;117m[DEBUG]: [0mThis is a debug message from thread 2118-09-2026 00:29:34 [38;5;117m[DEBUG]: [0mThis is a debug message from thread 1618-09-2026 00:29:34 [38;5;009m[ERROR]: [0mThis is a error message from thread 2918-09-2026 00:29:34 [38;5;117m[DEBUG]: [0mThis is a debug message from thread 2918-09-2026 00:29:34 [38;5;009m[ERROR]: [0mThis is a error message from thread 018-09-2026 00:29:34 [38;5;117m[DEBUG]: [0mThis is a debug message from thread 618-09-2026 00:29:34 [38;5;117m[DEBUG]: [0mThis is a debug message from thread 018-09-2026 00:29:34 [38;5;015m[INFO]: [0mThis is a info message from thread 618-09-2026 00:29:34 [38;5;015m[INFO]: [0mThis is a info message from thread 418-09-2026 00:29:34 [38;5;009m[ERROR]: [0mThis is a error message from thread 618-09-2026 00:29:34 [38;5;009m[ERROR]: [0mThis is a error message from thread 1018-09-2026 00:29:34 [38;5;015m[INFO]: [0mThis is a info message from thread 1418-09-2026 00:29:34 [38;5;009m[ERROR]: [0mThis is a error message from thread 218-09-2026 00:29:34 [38;5;009m[ERROR]: [0mThis is a error message from thread 418-09-2026 00:29:34 [38;5;015m[INFO]: [0mThis is a info message from thread 2118-09-2026 00:29:34 [38;5;009m[ERROR]: [0mThis is a error message from thread 1418-09-2026 00:29:34 [38;5;009m[ERROR]: [0mThis is a error message from thread 318-09-2026 00:29:34 [38;5;117m[DEBUG]: [0mThis is a debug message from thread 1418-09-2026 00:29:34 [38;5;117m[DEBUG]: [0mThis is a debug message from thread 1018-09-2026 00:29:34 [38;5;015m[INFO]: [0mThis is a info message from thread 2418-09-2026 00:29:34 [38;5;117m[DEBUG]: [0mThis is a debug message from thread 318-09-2026 00:29:34 [38;5;117m[DEBUG]: [0mThis is a debug message from thread 218-09-2026 00:29:34 [38;5;117m[DEBUG]: [0mThis is a debug message from thread 418-09-2026 00:29:34 [38;5;015m[INFO]: [0mThis is a info message from thread 1018-09-2026 00:29:34 [38;5;015m[INFO]: [0mThis is a info message from thread 2518-09-2026 00:29:34 [38;5;009m[ERROR]: [0mThis is a error message from thread 2018-09-2026 00:29:34 [38;5;117m[DEBUG]: [0mThis is a debug message from thread 2018-09-2026 00:29:34 [38;5;117m[DEBUG]: [0mThis is a debug message from thread 2218-09-2026 00:29:34 [38;5;015m[INFO]: [0mThis is a info message from thread 518-09-2026 00:29:34 [38;5;015m[INFO]: [0mThis is a info message from thread 2218-09-2026 00:29:34 [38;5;009m[ERROR]: [0mThis is a error message from thread 518-09-2026 00:29:34 [38;5;009m[ERROR]: [0mThis is a error message from thread 2218-09-2026 00:29:34 [38;5;015m[INFO]: [0mThis is a info message from thread 2818-09-2026 00:29:34 [38;5;117m[DEBUG]: [0mThis is a debug message from thread 518-09-2026 00:29:34 [38;5;117m[DEBUG]: [0mThis is a debug message from thread 2218-09-2026 00:29:34 [38;5;009m[ERROR]: [0mThis is a error message from thread 2818-09-2026 00:29:34 [38;5;015m[INFO]: [0mThis is a info message from thread 518-09-2026 00:29:34 [38;5;015m[INFO]: [0mThis is a info message from thread 2218-09-2026 00:29:34 [38;5;117m[DEBUG]: [0mThis is a debug message from thread 2818-09-2026 00:29:34 [38;5;009m[ERROR]: [0mThis is a error message from thread 518-09-2026 00:29:34 [38;5;009m[ERROR]: [0mThis is a error message from thread 2218-09-2026 00:29:34 [38;5;015m[INFO]: [0mThis is a info message from thread 2818-09-2026 00:29:34 [38;5;009m[ERROR]: [0mThis is a error message from thread 2618-09-2026 00:29:34 [38;5;015m[INFO]: [0mThis is a info message from thread 2918-09-2026 00:29:34 [38;5;117m[DEBUG]: [0mThis is a debug message from thread 2618-09-2026 00:29:34 [38;5;015m[INFO]: [0mThis is a info message from thread 1118-09-2026 00:29:34 [38;5;009m[ERROR]: [0mThis is a error message from thread 2918-09-2026 00:29:34 [38;5;117m[DEBUG]: [0mThis is a debug message from thread 618-09-2026 00:29:34 [38;5;117m[DEBUG]: [0mThis is a debug message from thread 2918-09-2026 00:29:34 [38;5;015m[INFO]: [0mThis is a info message from thread 2618-09-2026 00:29:34 [38;5;015m[INFO]: [0mThis is a info message from thread 2918-09-2026 00:29:34 [38;5;015m[INFO]: [0mThis is a info message from thread 1418-09-2026 00:29:34 [38;5;009m[ERROR]: [0mThis is a error message from thread 2618-09-2026 00:29:34 [38;5;015m[INFO]: [0mThis is a info message from thread 1318-09-2026 00:29:34 [38;5;009m[ERROR]: [0mThis is a error message from thread 1418-09-2026 00:29:34 [38;5;015m[INFO]: [0mThis is a info message from thread 618-09-2026 00:29:34 [38;5;117m[DEBUG]: [0mThis is a debug message from thread 2618-09-2026 00:29:34 [38;5;009m[ERROR]: [0mThis is a error message from thread 2418-09-2026 00:29:34 [38;5;015m[INFO]: [0mThis is a info message from thread 218-09-2026 00:29:34 [38;5;117m[DEBUG]: [0mThis is a debug message from thread 2418-09-2026 00:29:34 [38;5;009m[ERROR]: [0mThis is a error message from thread 818-09-2026 00:29:34 [38;5;015m[INFO]: [0mThis is a info message from thread 318-09-2026 00:29:34 [38;5;015m[INFO]: [0mThis is a info message from thread 418-09-2026 00:29:34 [38;5;015m[INFO]: [0mThis is a info message from thread 1618-09-2026 00:29:34 [38;5;009m[ERROR]: [0mThis is a error message from thread 2818-09-2026 00:29:34 [38;5;009m[ERROR]: [0mThis is a error message from thread 1318-09-2026 00:29:34 [38;5;117m[DEBUG]: [0mThis is a debug message from thread 1818-09-2026 00:29:34 [38;5;009m[ERROR]: [0mThis is a error message from thread 118-09-2026 00:29:34 [38;5;009m[ERROR]: [0mThis is a error message from thread 618-09-2026 00:29:34 [38;5;117m[DEBUG]: [0mThis is a debug message from thread 2818-09-2026 00:29:34 [38;5;015m[INFO]: [0mThis is a info message from thread 2018-09-2026 00:29:34 [38;5;015m[INFO]: [0mThis is a info message from thread 2618-09-2026 00:29:34 [38;5;009m[ERROR]: [0mThis is a error message from thread 2518-09-2026 00:29:34 [38;5;009m[ERROR]: [0mThis is a error message from thread 418-09-2026 00:29:34 [38;5;117m[DEBUG]: [0mThis is a debug message from thread 918-09-2026 00:29:34 [38;5;117m[DEBUG]: [0mThis is a debug message from thread 1418-09-2026 00:29:34 [38;5;117m[DEBUG]: [0mThis is a debug message from thread 618-09-2026 00:29:34 [38;5;117m[DEBUG]: [0mThis is a debug message from thread 718-09-2026 00:29:34 [38;5;009m[ERROR]: [0mThis is a error message from thread 2018-09-2026 00:29:34 [38;5;009m[ERROR]: [0mThis is a error message from thread 2618-09-2026 00:29:34 [38;5;015m[INFO]: [0mThis is a info message from thread 2818-09-2026 00:29:34 [38;5;015m[INFO]: [0mThis is a info message from thread 618-09-2026 00:29:34 [38;5;117m[DEBUG]: [0mThis is a debug message from thread 118-09-2026 00:29:34 [38;5;009m[ERROR]: [0mThis is a error message from thread 2818-09-2026 00:29:34 [38;5;015m[INFO]: [0mThis is a info message from thread 1418-09-2026 00:29:34 [38;5;009m[ERROR]: [0mThis is a error message from thread 1418-09-2026 00:29:34 [38;5;117m[DEBUG]: [0mThis is a debug message from thread 2618-09-2026 00:29:34 [38;5;117m[DEBUG]: [0mThis is a debug message from thread 2818-09-2026 00:29:34 [38;5;009m[ERROR]: [0mThis is a error message from thread 618-09-2026 00:29:34 [38;5;015m[INFO]: [0mThis is a info message from thread 2818-09-2026 00:29:34 [38;5;117m[DEBUG]: [0mThis is a debug message from thread 2018-09-2026 00:29:34 [38;5;015m[INFO]: [0mThis is a info message from thread 918-09-2026 00:29:34 [38;5;015m[INFO]: [0mThis is a info message from thread 118-09-2026 00:29:34 [38;5;117m[DEBUG]: [0mThis is a debug message from thread 618-09-2026 00:29:34 [38;5;015m[INFO]: [0mThis is a info message from thread 618-09-2026 00:29:34 [38;5;009m[ERROR]: [0mThis is a error message from thread 2818-09-2026 00:29:34 [38;5;009m[ERROR]: [0mThis is a error message from thread 618-09-2026 00:29:34 [38;5;009m[ERROR]: [0mThis is a error message from thread 118-09-2026 00:29:34 [38;5;015m[INFO]: [0mThis is a info message from thread 2018-09-2026 00:29:34 [38;5;009m[ERROR]: [0mThis is a error message from thread 918-09-2026 00:29:34 [38;5;117m[DEBUG]: [0mThis is a debug message from thread 2518-09-2026 00:29:34 [38;5;015m[INFO]: [0mThis is a info message from thread 718-09-2026 00:29:34 [38;5;117m[DEBUG]: [0mThis is a debug message from thread 2818-09-2026 00:29:34 [38;5;117m[DEBUG]: [0mThis is a debug message from thread 618-09-2026 00:29:34 [38;5;015m[INFO]: [0mThis is a info message from thread 2618-09-2026 00:29:34 [38;5;009m[ERROR]: [0mThis is a error message from thread 318-09-2026 00:29:34 [38;5;015m[INFO]: [0mThis is a info message from thread 618-09-2026 00:29:34 [38;5;009m[ERROR]: [0mThis is a error message from thread 2018-09-2026 00:29:34 [38;5;117m[DEBUG]: [0mThis is a debug message from thread 318-09-2026 00:29:34 [38;5;009m[ERROR]: [0mThis is a error message from thread 618-09-2026 00:29:34 [38;5;015m[INFO]: [0mThis is a info message from thread 2418-09-2026 00:29:34 [38;5;117m[DEBUG]: [0mThis is a debug message from thread 1418-09-2026 00:29:34 [38;5;117m[DEBUG]: [0mThis is a debug message from thread 618-09-2026 00:29:34 [38;5;117m[DEBUG]: [0mThis is a debug message from thread 418-09-2026 00:29:34 [38;5;009m[ERROR]: [0mThis is a error message from thread 1118-09-2026 00:29:34 [38;5;009m[ERROR]: [0mThis is a error message from thread 718-09-2026 00:29:34 [38;5;015m[INFO]: [0mThis is a info message from thread 018-09-2026 00:29:34 [38;5;009m[ERROR]: [0mThis is a error message from thread 2118-09-2026 00:29:34 [38;5;009m[ERROR]: [0mThis is a error message from thread 018-09-2026 00:29:34 [38;5;015m[INFO]: [0mThis is a info message from thread 2818-09-2026 00:29:34 [38;5;117m[DEBUG]: [0mThis is a debug message from thread 018-09-2026 00:29:34 [38;5;009m[ERROR]: [0mThis is a error message from thread 218-09-2026 00:29:34 [38;5;015m[INFO]: [0mThis is a info message from thread 2518-09-2026 00:29:34 [38;5;117m[DEBUG]: [0mThis is a debug message from thread 2318-09-2026 00:29:34 [38;5;009m[ERROR]: [0mThis is a error message from thread 2518-09-2026 00:29:34 [38;5;117m[DEBUG]: [0mThis is a debug message from thread 2018-09-2026 00:29:34 [38;5;117m[DEBUG]: [0mThis is a debug message from thread 118-09-2026 00:29:34 [38;5;015m[INFO]: [0mThis is a info message from thread 618-09-2026 00:29:34 [38;5;015m[INFO]: [0mThis is a info message from thread 018-09-2026 00:29:34 [38;5;015m[INFO]: [0mThis is a info message from thread 318-09-2026 00:29:34 [38;5;009m[ERROR]: [0mThis is a error message from thread 1218-09-2026 00:29:34 [38;5;009m[ERROR]: [0mThis is a error message from thread 2818-09-2026 00:29:34 [38;5;117m[DEBUG]: [0mThis is a debug message from thread 1318-09-2026 00:29:34 [38;5;015m[INFO]: [0mThis is a info message from thread 1418-09-2026 00:29:34 [38;5;009m[ERROR]: [0mThis is a error message from thread 1018-09-2026 00:29:34 [38;5;009m[ERROR]: [0mThis is a error message from thread 2918-09-2026 00:29:34 [38;5;015m[INFO]: [0mThis is a info message from thread 2318-09-2026 00:29:34 [38;5;117m[DEBUG]: [0mThis is a debug message from thread 2918-09-2026 00:29:34 [38;5;117m[DEBUG]: [0mThis is a debug message from thread 2118-09-2026 00:29:34 [38;5;117m[DEBUG]: [0mThis is a debug message from thread 818-09-2026 00:29:34 [38;5;117m[DEBUG]: [0mThis is a debug message from thread 218-09-2026 00:29:34 [38;5;015m[INFO]: [0mThis is a info message from thread 118-09-2026 00:29:34 [38;5;015m[INFO]: [0mThis is a info message from thread 1818-09-2026 00:29:34 [38;5;015m[INFO]: [0mThis is a info message from thread 218-09-2026 00:29:34 [38;5;009m[ERROR]: [0mThis is a error message from thread 2618-09-2026 00:29:34 [38;5;015m[INFO]: [0mThis is a info message from thread 418-09-2026 00:29:34 [38;5;015m[INFO]: [0mThis is a info message from thread 2118-09-2026 00:29:34 [38;5;015m[INFO]: [0mThis is a info message from thread 818-09-2026 00:29:34 [38;5;015m[INFO]: [0mThis is a info message from thread 1918-09-2026 00:29:34 [38;5;015m[INFO]: [0mThis is a info message from thread 2018-09-2026 00:29:34 [38;5;117m[DEBUG]: [0mThis is a debug message from thread 2618-09-2026 00:29:34 [38;5;117m[DEBUG]: [0mThis is a debug message from thread 2218-09-2026 00:29:34 [38;5;015m[INFO]: [0mThis is a info message from thread 1318-09-2026 00:29:34 [38;5;015m[INFO]: [0mThis is a info message from thread 2218-09-2026 00:29:34 [38;5;009m[ERROR]: [0mThis is a error message from thread 2418-09-2026 00:29:34 [38;5;117m[DEBUG]: [0mThis is a debug message from thread 2518-09-2026 00:29:34 [38;5;117m[DEBUG]: [0mThis is a debug message from thread 1118-09-2026 00:29:34 [38;5;009m[ERROR]: [0mThis is a error message from thread 1918-09-2026 00:29:34 [38;5;015m[INFO]: [0mThis is a info message from thread 2918-09-2026 00:29:34 [38;5;117m[DEBUG]: [0mThis is a debug message from thread 2418-09-2026 00:29:34 [38;5;117m[DEBUG]: [0mThis is a debug message from thread 518-09-2026 00:29:34 [38;5;009m[ERROR]: [0mThis is a error message from thread 2318-09-2026 00:29:34 [38;5;117m[DEBUG]: [0mThis is a debug message from thread 1018-09-2026 00:29:34 [38;5;009m[ERROR]: [0mThis is a error message from thread 2018-09-2026 00:29:34 [38;5;015m[INFO]: [0mThis is a info message from thread 1118-09-2026 00:29:34 [38;5;117m[DEBUG]: [0mThis is a debug message from thread 1218-09-2026 00:29:34 [38;5;015m[INFO]: [0mThis is a info message from thread 2518-09-2026 00:29:34 [38;5;009m[ERROR]: [0mThis is a error message from thread 1818-09-2026 00:29:34 [38;5;009m[ERROR]: [0mThis is a error message from thread 418-09-2026 00:29:34 [38;5;009m[ERROR]: [0mThis is a error message from thread 318-09-2026 00:29:34 [38;5;015m[INFO]: [0mThis is a info message from thread 518-09-2026 00:29:34 [38;5;009m[ERROR]: [0mThis is a error message from thread 1118-09-2026 00:29:34 [38;5;015m[INFO]: [0mThis is a info message from thread 1218-09-2026 00:29:34 [38;5;015m[INFO]: [0mThis is a info message from thread 2718-09-2026 00:29:34 [38;5;009m[ERROR]: [0mThis is a error message from thread 618-09-2026 00:29:34 [38;5;015m[INFO]: [0mThis is a info message from thread 2418-09-2026 00:29:34 [38;5;015m[INFO]: [0mThis is a info message from thread 2618-09-2026 00:29:34 [38;5;117m[DEBUG]: [0mThis is a debug message from thread 418-09-2026 00:29:34 [38;5;009m[ERROR]: [0mThis is a error message from thread 2518-09-2026 00:29:34 [38;5;009m[ERROR]: [0mThis is a error message from thread 1218-09-2026 00:29:34 [38;5;117m[DEBUG]: [0mThis is a debug message from thread 2018-09-2026 00:29:34 [38;5;009m[ERROR]: [0mThis is a error message from thread 518-09-2026 00:29:34 [38;5;009m[ERROR]: [0mThis is a error message from thread 2718-09-2026 00:29:34 [38;5;015m[INFO]: [0mThis is a info message from thread 418-09-2026 00:29:34 [38;5;117m[DEBUG]: [0mThis is a debug message from thread 2318-09-2026 00:29:34 [38;5;009m[ERROR]: [0mThis is a error message from thread 2418-09-2026 00:29:34 [38;5;117m[DEBUG]: [0mThis is a debug message from thread 2518-09-2026 00:29:34 [38;5;009m[ERROR]: [0mThis is a error message from thread 1618-09-2026 00:29:34 [38;5;015m[INFO]: [0mThis is a info message from thread 1718-09-2026 00:29:34 [38;5;015m[INFO]: [0mThis is a info message from thread 2518-09-2026 00:29:34 [38;5;117m[DEBUG]: [0mThis is a debug message from thread 2718-09-2026 00:29:34 [38;5;009m[ERROR]: [0mThis is a error message from thread 418-09-2026 00:29:34 [38;5;015m[INFO]: [0mThis is a info message from thread 2718-09-2026 00:29:34 [38;5;117m[DEBUG]: [0mThis is a debug message from thread 2818-09-2026 00:29:34 [38;5;009m[ERROR]: [0mThis is a error message from thread 018-09-2026 00:29:34 [38;5;117m[DEBUG]: [0mThis is a debug message from thread 2418-09-2026 00:29:34 [38;5;009m[ERROR]: [0mThis is a error message from thread 2718-09-2026 00:29:34 [38;5;009m[ERROR]: [0mThis is a error message from thread 1418-09-2026 00:29:34 [38;5;009m[ERROR]: [0mThis is a error message from thread 2918-09-2026 00:29:34 [38;5;009m[ERROR]: [0mThis is a error message from thread 818-09-2026 00:29:34 [38;5;009m[ERROR]: [0mThis is a error message from thread 2118-09-2026 00:29:34 [38;5;009m[ERROR]: [0mThis is a error message from thread 118-09-2026 00:29:34 [38;5;009m[ERROR]: [0mThis is a error message from thread 2518-09-2026 00:29:34 [38;5;117m[DEBUG]: [0mThis is a debug message from thread 2518-09-2026 00:29:34 [38;5;015m[INFO]: [0mThis is a info message from thread 2518-09-2026 00:29:34 [38;5;009m[ERROR]: [0mThis is a error message from thread 2218-09-2026 00:29:34 [38;5;117m[DEBUG]: [0mThis is a debug message from thread 518-09-2026 00:29:34 [38;5;117m[DEBUG]: [0mThis is a debug message from thread 2718-09-2026 00:29:34 [38;5;117m[DEBUG]: [0mThis is a debug message from thread 2218-09-2026 00:29:34 [38;5;015m[INFO]: [0mThis is a info message from thread 518-09-2026 00:29:34 [38;5;015m[INFO]: [0mThis is a info message from thread 2718-09-2026 00:29:34 [38;5;117m[DEBUG]: [0mThis is a debug message from thread 318-09-2026 00:29:34 [38;5;009m[ERROR]: [0mThis is a error message from thread 2618-09-2026 00:29:34 [38;5;009m[ERROR]: [0mThis is a error message from thread 1318-09-2026 00:29:34 [38;5;015m[INFO]: [0mThis is a info message from thread 2818-09-2026 00:29:34 [38;5;015m[INFO]: [0mThis is a info message from thread 318-09-2026 00:29:34 [38;5;117m[DEBUG]: [0mThis is a debug message from thread 2618-09-2026 00:29:34 [38;5;117m[DEBUG]: [0mThis is a debug message from thread 1318-09-2026 00:29:34 [38;5;009m[ERROR]: [0mThis is a error message from thread 318-09-2026 00:29:34 [38;5;015m[INFO]: [0mThis is a info message from thread 2618-09-2026 00:29:34 [38;5;015m[INFO]: [0mThis is a info message from thread 1318-09-2026 00:29:34 [38;5;117m[DEBUG]: [0mThis is a debug message from thread 318-09-2026 00:29:34 [38;5;009m[ERROR]: [0mThis is a error message from thread 2618-09-2026 00:29:34 [38;5;009m[ERROR]: [0mThis is a error message from thread 1318-09-2026 00:29:34 [38;5;015m[INFO]: [0mThis is a info message from thread 318-09-2026 00:29:34 [38;5;117m[DEBUG]: [0mThis is a debug message from thread 2618-09-2026 00:29:34 [38;5;117m[DEBUG]: [0mThis is a debug message from thread 1318-09-2026 00:29:34 [38;5;009m[ERROR]: [0mThis is a error message from thread 318-09-2026 00:29:34 [38;5;015m[INFO]: [0mThis is a info message from thread 2618-09-2026 00:29:34 [38;5;015m[INFO]: [0mThis is a info message from thread 1318-09-2026 00:29:34 [38;5;117m[DEBUG]: [0mThis is a debug message from thread 318-09-2026 00:29:34 [38;5;009m[ERROR]: [0mThis is a error message from thread 2618-09-2026 00:29:34 [38;5;009m[ERROR]: [0mThis is a error message from thread 218-09-2026 00:29:34 [38;5;015m[INFO]: [0mThis is a info message from thread 2418-09-2026 00:29:34 [38;5;015m[INFO]: [0mThis is a info message from thread 1018-09-2026 00:29:34 [38;5;009m[ERROR]: [0mThis is a error message from thread 1318-09-2026 00:29:34 [38;5;009m[ERROR]: [0mThis is a error message from thread 2418-09-2026 00:29:34 [38;5;015m[INFO]: [0mThis is a info message from thread 2018-09-2026 00:29:34 [38;5;117m[DEBUG]: [0mThis is a debug message from thread 1318-09-2026 00:29:34 [38;5;117m[DEBUG]: [0mThis is a debug message from thread 418-09-2026 00:29:34 [38;5;117m[DEBUG]: [0mThis is a debug message from thread 1218-09-2026 00:29:34 [38;5;009m[ERROR]: [0mThis is a error message from thread 2018-09-2026 00:29:34 [38;5;015m[INFO]: [0mThis is a info message from thread 318-09-2026 00:29:34 [38;5;009m[ERROR]: [0mThis is a error message from thread 518-09-2026 00:29:34 [38;5;009m[ERROR]: [0mThis is a error message from thread 1718-09-2026 00:29:34 [38;5;117m[DEBUG]: [0mThis is a debug message from thread 518-09-2026 00:29:34 [38;5;015m[INFO]: [0mThis is a info message from thread 1218-09-2026 00:29:34 [38;5;009m[ERROR]: [0mThis is a error message from thread 318-09-2026 00:29:34 [38;5;009m[ERROR]: [0mThis is a error message from thread 2718-09-2026 00:29:34 [38;5;015m[INFO]: [0mThis is a info message from thread 518-09-2026 00:29:34 [38;5;117m[DEBUG]: [0mThis is a debug message from thread 1618-09-2026 00:29:34 [38;5;117m[DEBUG]: [0mThis is a debug message from thread 1718-09-2026 00:29:34 [38;5;009m[ERROR]: [0mThis is a error message from thread 1218-09-2026 00:29:34 [38;5;117m[DEBUG]: [0mThis is a debug message from thread 318-09-2026 00:29:34 [38;5;009m[ERROR]: [0mThis is a error message from thread 2518-09-2026 00:29:34 [38;5;117m[DEBUG]: [0mThis is a debug message from thread 2918-09-2026 00:29:34 [38;5;117m[DEBUG]: [0mThis is a debug message from thread 618-09-2026 00:29:34 [38;5;015m[INFO]: [0mThis is a info message from thread 1618-09-2026 00:29:34 [38;5;117m[DEBUG]: [0mThis is a debug message from thread 118-09-2026 00:29:34 [38;5;117m[DEBUG]: [0mThis is a debug message from thread 2118-09-2026 00:29:34 [38;5;117m[DEBUG]: [0mThis is a debug message from thread 1418-09-2026 00:29:34 [38;5;117m[DEBUG]: [0mThis is a debug message from thread 018-09-2026 00:29:34 [38;5;009m[ERROR]: [0mThis is a error message from thread 518-09-2026 00:29:34 [38;5;015m[INFO]: [0mThis is a info message from thread 2318-09-2026 00:29:34 [38;5;009m[ERROR]: [0mThis is a error message from thread 1618-09-2026 00:29:34 [38;5;117m[DEBUG]: [0mThis is a debug message from thread 2618-09-2026 00:29:34 [38;5;015m[INFO]: [0mThis is a info message from thread 418-09-2026 00:29:34 [38;5;009m[ERROR]: [0mThis is a error message from thread 418-09-2026 00:29:34 [38;5;015m[INFO]: [0mThis is a info message from thread 118-09-2026 00:29:34 [38;5;015m[INFO]: [0mThis is a info message from thread 618-09-2026 00:29:34 [38;5;015m[INFO]: [0mThis is a info message from thread 1418-09-2026 00:29:34 [38;5;009m[ERROR]: [0mThis is a error message from thread 1018-09-2026 00:29:34 [38;5;015m[INFO]: [0mThis is a info message from thread 2118-09-2026 00:29:34 [38;5;117m[DEBUG]: [0mThis is a debug message from thread 1018-09-2026 00:29:34 [38;5;117m[DEBUG]: [0mThis is a debug message from thread 418-09-2026 00:29:34 [38;5;009m[ERROR]: [0mThis is a error message from thread 2318-09-2026 00:29:34 [38;5;009m[ERROR]: [0mThis is a error message from thread 618-09-2026 00:29:34 [38;5;117m[DEBUG]: [0mThis is a debug message from thread 2318-09-2026 00:29:34 [38;5;117m[DEBUG]: [0mThis is a debug message from thread 2018-09-2026 00:29:34 [38;5;009m[ERROR]: [0mThis is a error message from thread 2118-09-2026 00:29:34 [38;5;015m[INFO]: [0mThis is a info message from thread 2318-09-2026 00:29:34 [38;5;015m[INFO]: [0mThis is a info message from thread 2618-09-2026 00:29:34 [38;5;117m[DEBUG]: [0mThis is a debug message from thread 2418-09-2026 00:29:34 [38;5;015m[INFO]: [0mThis is a info message from thread 2018-09-2026 00:29:34 [38;5;015m[INFO]: [0mThis is a info message from thread 2418-09-2026 00:29:34 [38;5;015m[INFO]: [0mThis is a info message from thread 318-09-2026 00:29:34 [38;5;015m[INFO]: [0mThis is a info message from thread 418-09-2026 00:29:34 [38;5;117m[DEBUG]: [0mThis is a debug message from thread 618-09-2026 00:29:34 [38;5;117m[DEBUG]: [0mThis is a debug message from thread 2118-09-2026 00:29:34 [38;5;117m[DEBUG]: [0mThis is a debug message from thread 2518-09-2026 00:29:34 [38;5;009m[ERROR]: [0mThis is a error message from thread 2618-09-2026 00:29:34 [38;5;009m[ERROR]: [0mThis is a error message from thread 2318-09-2026 00:29:34 [38;5;117m[DEBUG]: [0mThis is a debug message from thread 1818-09-2026 00:29:34 [38;5;009m[ERROR]: [0mThis is a error message from thread 2418-09-2026 00:29:34 [38;5;117m[DEBUG]: [0mThis is a debug message from thread 518-09-2026 00:29:34 [38;5;015m[INFO]: [0mThis is a info message from thread 2918-09-2026 00:29:34 [38;5;009m[ERROR]: [0mThis is a error message from thread 2018-09-2026 00:29:34 [38;5;015m[INFO]: [0mThis is a info message from thread 2118-09-2026 00:29:34 [38;5;015m[INFO]: [0mThis is a info message from thread 618-09-2026 00:29:34 [38;5;015m[INFO]: [0mThis is a info message from thread 1318-09-2026 00:29:34 [38;5;117m[DEBUG]: [0mThis is a debug message from thread 2718-09-2026 00:29:34 [38;5;009m[ERROR]: [0mThis is a error message from thread 2818-09-2026 00:29:34 [38;5;117m[DEBUG]: [0mThis is a debug message from thread 1118-09-2026 00:29:34 [38;5;117m[DEBUG]: [0mThis is a debug message from thread 2318-09-2026 00:29:34 [38;5;009m[ERROR]: [0mThis is a error message from thread 618-09-2026 00:29:34 [38;5;015m[INFO]: [0mThis is a info message from thread 2718-09-2026 00:29:34 [38;5;009m[ERROR]: [0mThis is a error message from thread 1318-09-2026 00:29:34 [38;5;015m[INFO]: [0mThis is a info message from thread 1118-09-2026 00:29:34 [38;5;015m[INFO]: [0mThis is a info message from thread 1818-09-2026 00:29:34 [38;5;015m[INFO]: [0mThis is a info message from thread 1718-09-2026 00:29:34 [38;5;015m[INFO]: [0mThis is a info message from thread 018-09-2026 00:29:34 [38;5;009m[ERROR]: [0mThis is a error message from thread 2718-09-2026 00:29:34 [38;5;117m[DEBUG]: [0mThis is a debug message from thread 618-09-2026 00:29:34 [38;5;015m[INFO]: [0mThis is a info message from thread 2218-09-2026 00:29:34 [38;5;117m[DEBUG]: [0mThis is a debug message from thread 218-09-2026 00:29:34 [38;5;009m[ERROR]: [0mThis is a error message from thread 418-09-2026 00:29:34 [38;5;015m[INFO]: [0mThis is a info message from thread 1018-09-2026 00:29:34 [38;5;117m[DEBUG]: [0mThis is a debug message from thread 1318-09-2026 00:29:34 [38;5;009m[ERROR]: [0mThis is a error message from thread 1718-09-2026 00:29:34 [38;5;009m[ERROR]: [0mThis is a error message from thread 1818-09-2026 00:29:34 [38;5;015m[INFO]: [0mThis is a info message from thread 218-09-2026 00:29:34 [38;5;009m[ERROR]: [0mThis is a error message from thread 118-09-2026 00:29:34 [38;5;009m[ERROR]: [0mThis is a error message from thread 1118-09-2026 00:29:34 [38;5;015m[INFO]: [0mThis is a info message from thread 1318-09-2026 00:29:34 [38;5;015m[INFO]: [0mThis is a info message from thread 518-09-2026 00:29:34 [38;5;009m[ERROR]: [0mThis is a error message from thread 218-09-2026 00:29:34 [38;5;117m[DEBUG]: [0mThis is a debug message from thread 1718-09-2026 00:29:34 [38;5;117m[DEBUG]: [0mThis is a debug message from thread 1118-09-2026 00:29:34 [38;5;009m[ERROR]: [0mThis is a error message from thread 2218-09-2026 00:29:34 [38;5;117m[DEBUG]: [0mThis is a debug message from thread 218-09-2026 00:29:34 [38;5;009m[ERROR]: [0mThis is a error message from thread 1018-09-2026 00:29:34 [38;5;117m[DEBUG]: [0mThis is a debug message from thread 418-09-2026 00:29:34 [38;5;015m[INFO]: [0mThis is a info message from thread 1718-09-2026 00:29:34 [38;5;015m[INFO]: [0mThis is a info message from thread 218-09-2026 00:29:34 [38;5;117m[DEBUG]: [0mThis is a debug message from thread 2218-09-2026 00:29:34 [38;5;009m[ERROR]: [0mThis is a error message from thread 318-09-2026 00:29:34 [38;5;009m[ERROR]: [0mThis is a error message from thread 1718-09-2026 00:29:34 [38;5;117m[DEBUG]: [0mThis is a debug message from thread 1818-09-2026 00:29:34 [38;5;009m[ERROR]: [0mThis is a error message from thread 518-09-2026 00:29:34 [38;5;009m[ERROR]: [0mThis is a error message from thread 1318-09-2026 00:29:34 [38;5;117m[DEBUG]: [0mThis is a debug message from thread 318-09-2026 00:29:34 [38;5;015m[INFO]: [0mThis is a info message from thread 418-09-2026 00:29:34 [38;5;117m[DEBUG]: [0mThis is a debug message from thread 1918-09-2026 00:29:34 [38;5;117m[DEBUG]: [0mThis is a debug message from thread 1218-09-2026 00:29:34 [38;5;117m[DEBUG]: [0mThis is a debug message from thread 2818-09-2026 00:29:34 [38;5;009m[ERROR]: [0mThis is a error message from thread 218-09-2026 00:29:34 [38;5;117m[DEBUG]: [0mThis is a debug message from thread 518-09-2026 00:29:34 [38;5;117m[DEBUG]: [0mThis is a debug message from thread 2018-09-2026 00:29:34 [38;5;117m[DEBUG]: [0mThis is a debug message from thread 118-09-2026 00:29:34 [38;5;015m[INFO]: [0mThis is a info message from thread 318-09-2026 00:29:34 [38;5;015m[INFO]: [0mThis is a info message from thread 2318-09-2026 00:29:34 [38;5;009m[ERROR]: [0mThis is a error message from thread 418-09-2026 00:29:34 [38;5;015m[INFO]: [0mThis is a info message from thread 1818-09-2026 00:29:34 [38;5;009m[ERROR]: [0mThis is a error message from thread 318-09-2026 00:29:34 [38;5;015m[INFO]: [0mThis is a info message from thread 518-09-2026 00:29:34 [38;5;015m[INFO]: [0mThis is a info message from thread 1218-09-2026 00:29:34 [38;5;015m[INFO]: [0mThis is a info message from thread 2018-09-2026 00:29:34 [38;5;117m[DEBUG]: [0mThis is a debug message from thread 218-09-2026 00:29:34 [38;5;117m[DEBUG]: [0mThis is a debug message from thread 1618-09-2026 00:29:34 [38;5;117m[DEBUG]: [0mThis is a debug message from thread 318-09-2026 00:29:34 [38;5;117m[DEBUG]: [0mThis is a debug message from thread 2718-09-2026 00:29:34 [38;5;015m[INFO]: [0mThis is a info message from thread 2718-09-2026 00:29:34 [38;5;009m[ERROR]: [0mThis is a error message from thread 2018-09-2026 00:29:34 [38;5;009m[ERROR]: [0mThis is a error message from thread 1418-09-2026 00:29:34 [38;5;009m[ERROR]: [0mThis is a error message from thread 518-09-2026 00:29:34 [38;5;009m[ERROR]: [0mThis is a error message from thread 2918-09-2026 00:29:34 [38;5;009m[ERROR]: [0mThis is a error message from thread 2118-09-2026 00:29:34 [38;5;015m[INFO]: [0mThis is a info message from thread 2518-09-2026 00:29:34 [38;5;117m[DEBUG]: [0mThis is a debug message from thread 418-09-2026 00:29:34 [38;5;117m[DEBUG]: [0mThis is a debug message from thread 2018-09-2026 00:29:34 [38;5;117m[DEBUG]: [0mThis is a debug message from thread 1018-09-2026 00:29:34 [38;5;117m[DEBUG]: [0mThis is a debug message from thread 2418-09-2026 00:29:34 [38;5;117m[DEBUG]: [0mThis is a debug message from thread 1718-09-2026 00:29:34 [38;5;015m[INFO]: [0mThis is a info message from thread 418-09-2026 00:29:34 [38;5;015m[INFO]: [0mThis is a info message from thread 218-09-2026 00:29:34 [38;5;015m[INFO]: [0mThis is a info message from thread 1718-09-2026 00:29:34 [38;5;117m[DEBUG]: [0mThis is a debug message from thread 2118-09-2026 00:29:34 [38;5;117m[DEBUG]: [0mThis is a debug message from thread 518-09-2026 00:29:34 [38;5;009m[ERROR]: [0mThis is a error message from thread 018-09-2026 00:29:34 [38;5;117m[DEBUG]: [0mThis is a debug message from thread 2918-09-2026 00:29:34 [38;5;015m[INFO]: [0mThis is a info message from thread 518-09-2026 00:29:34 [38;5;015m[INFO]: [0mThis is a info message from thread 2918-09-2026 00:29:34 [38;5;009m[ERROR]: [0mThis is a error message from thread 1718-09-2026 00:29:34 [38;5;117m[DEBUG]: [0mThis is a debug message from thread 818-09-2026 00:29:34 [38;5;009m[ERROR]: [0mThis is a error message from thread 418-09-2026 00:29:34 [38;5;117m[DEBUG]: [0mThis is a debug message from thread 1718-09-2026 00:29:34 [38;5;009m[ERROR]: [0mThis is a error message from thread 518-09-2026 00:29:34 [38;5;117m[DEBUG]: [0mThis is a debug message from thread 2618-09-2026 00:29:34 [38;5;009m[ERROR]: [0mThis is a error message from thread 2318-09-2026 00:29:34 [38;5;117m[DEBUG]: [0mThis is a debug message from thread 018-09-2026 00:29:34 [38;5;015m[INFO]: [0mThis is a info message from thread 1918-09-2026 00:29:34 [38;5;015m[INFO]: [0mThis is a info message from thread 2018-09-2026 00:29:34 [38;5;015m[INFO]: [0mThis is a info message from thread 1718-09-2026 00:29:34 [38;5;015m[INFO]: [0mThis is a info message from thread 2618-09-2026 00:29:34 [38;5;009m[ERROR]: [0mThis is a error message from thread 1918-09-2026 00:29:34 [38;5;117m[DEBUG]: [0mThis is a debug message from thread 518-09-2026 00:29:34 [38;5;009m[ERROR]: [0mThis is a error message from thread 218-09-2026 00:29:34 [38;5;117m[DEBUG]: [0mThis is a debug message from thread 2318-09-2026 00:29:34 [38;5;009m[ERROR]: [0mThis is a error message from thread 1718-09-2026 00:29:34 [38;5;009m[ERROR]: [0mThis is a error message from thread 2618-09-2026 00:29:34 [38;5;117m[DEBUG]: [0mThis is a debug message from thread 1918-09-2026 00:29:34 [38;5;009m[ERROR]: [0mThis is a error message from thread 1218-09-2026 00:29:34 [38;5;015m[INFO]: [0mThis is a info message from thread 2318-09-2026 00:29:34 [38;5;015m[INFO]: [0mThis is a info message from thread 1618-09-2026 00:29:34 [38;5;015m[INFO]: [0mThis is a info message from thread 1918-09-2026 00:29:34 [38;5;015m[INFO]: [0mThis is a info message from thread 618-09-2026 00:29:34 [38;5;015m[INFO]: [0mThis is a info message from thread 018-09-2026 00:29:34 [38;5;009m[ERROR]: [0mThis is a error message from thread 1618-09-2026 00:29:34 [38;5;117m[DEBUG]: [0mThis is a debug message from thread 2618-09-2026 00:29:34 [38;5;117m[DEBUG]: [0mThis is a debug message from thread 1218-09-2026 00:29:34 [38;5;009m[ERROR]: [0mThis is a error message from thread 2018-09-2026 00:29:34 [38;5;009m[ERROR]: [0mThis is a error message from thread 2318-09-2026 00:29:34 [38;5;117m[DEBUG]: [0mThis is a debug message from thread 1618-09-2026 00:29:34 [38;5;015m[INFO]: [0mThis is a info message from thread 2618-09-2026 00:29:34 [38;5;009m[ERROR]: [0mThis is a error message from thread 618-09-2026 00:29:34 [38;5;009m[ERROR]: [0mThis is a error message from thread 1918-09-2026 00:29:34 [38;5;117m[DEBUG]: [0mThis is a debug message from thread 918-09-2026 00:29:34 [38;5;009m[ERROR]: [0mThis is a error message from thread 2518-09-2026 00:29:34 [38;5;009m[ERROR]: [0mThis is a error message from thread 018-09-2026 00:29:34 [38;5;015m[INFO]: [0mThis is a info message from thread 518-09-2026 00:29:34 [38;5;015m[INFO]: [0mThis is a info message from thread 118-09-2026 00:29:34 [38;5;009m[ERROR]: [0mThis is a error message from thread 2718-09-2026 00:29:34 [38;5;117m[DEBUG]: [0mThis is a debug message from thread 2518-09-2026 00:29:34 [38;5;117m[DEBUG]: [0mThis is a debug message from thread 218-09-2026 00:29:34 [38;5;117m[DEBUG]: [0mThis is a debug message from thread 618-09-2026 00:29:34 [38;5;117m[DEBUG]: [0mThis is a debug message from thread 018-09-2026 00:29:34 [38;5;117m[DEBUG]: [0mThis is a debug message from thread 2018-09-2026 00:29:34 [38;5;117m[DEBUG]: [0mThis is a debug message from thread 1918-09-2026 00:29:34 [38;5;015m[INFO]: [0mThis is a info message from thread 1218-09-2026 00:29:34 [38;5;015m[INFO]: [0mThis is a info message from thread 2418-09-2026 00:29:34 [38;5;015m[INFO]: [0mThis is a info message from thread 918-09-2026 00:29:34 [38;5;015m[INFO]: [0mThis is a info message from thread 2518-09-2026 00:29:34 [38;5;009m[ERROR]: [0mThis is a error message from thread 918-09-2026 00:29:34 [38;5;009m[ERROR]: [0mThis is a error message from thread 2518-09-2026 00:29:34 [38;5;117m[DEBUG]: [0mThis is a debug message from thread 2518-09-2026 00:29:34 [38;5;015m[INFO]: [0mThis is a info message from thread 1918-09-2026 00:29:34 [38;5;015m[INFO]: [0mThis is a info message from thread 018-09-2026 00:29:34 [38;5;117m[DEBUG]: [0mThis is a debug message from thread 918-09-2026 00:29:34 [38;5;015m[INFO]: [0mThis is a info message from thread 2018-09-2026 00:29:34 [38;5;015m[INFO]: [0mThis is a info message from thread 2818-09-2026 00:29:34 [38;5;009m[ERROR]: [0mThis is a error message from thread 1818-09-2026 00:29:34 [38;5;009m[ERROR]: [0mThis is a error message from thread 1218-09-2026 00:29:34 [38;5;009m[ERROR]: [0mThis is a error message from thread 018-09-2026 00:29:34 [38;5;015m[INFO]: [0mThis is a info message from thread 218-09-2026 00:29:34 [38;5;117m[DEBUG]: [0mThis is a debug message from thread 418-09-2026 00:29:34 [38;5;009m[ERROR]: [0mThis is a error message from thread 2918-09-2026 00:29:34 [38;5;117m[DEBUG]: [0mThis is a debug message from thread 1818-09-2026 00:29:34 [38;5;015m[INFO]: [0mThis is a info message from thread 318-09-2026 00:29:34 [38;5;015m[INFO]: [0mThis is a info message from thread 418-09-2026 00:29:34 [38;5;117m[DEBUG]: [0mThis is a debug message from thread 1218-09-2026 00:29:34 [38;5;009m[ERROR]: [0mThis is a error message from thread 318-09-2026 00:29:34 [38;5;009m[ERROR]: [0mThis is a error message from thread 518-09-2026 00:29:34 [38;5;015m[INFO]: [0mThis is a info message from thread 618-09-2026 00:29:34 [38;5;009m[ERROR]: [0mThis is a error message from thread 2018-09-2026 00:29:34 [38;5;009m[ERROR]: [0mThis is a error message from thread 418-09-2026 00:29:34 [38;5;117m[DEBUG]: [0mThis is a debug message from thread 018-09-2026 00:29:34 [38;5;117m[DEBUG]: [0mThis is a debug message from thread 2018-09-2026 00:29:34 [38;5;117m[DEBUG]: [0mThis is a debug message from thread 1718-09-2026 00:29:34 [38;5;015m[INFO]: [0mThis is a info message from thread 018-09-2026 00:29:34 [38;5;015m[INFO]: [0mThis is a info message from thread 1818-09-2026 00:29:34 [38;5;015m[INFO]: [0mThis is a info message from thread 2018-09-2026 00:29:34 [38;5;015m[INFO]: [0mThis is a info message from thread 1218-09-2026 00:29:34 [38;5;009m[ERROR]: [0mThis is a error message from thread 1918-09-2026 00:29:34 [38;5;117m[DEBUG]: [0mThis is a debug message from thread 2918-09-2026 00:29:34 [38;5;009m[ERROR]: [0mThis is a error message from thread 1818-09-2026 00:29:34 [38;5;015m[INFO]: [0mThis is a info message from thread 1118-09-2026 00:29:34 [38;5;015m[INFO]: [0mThis is a info message from thread 1618-09-2026 00:29:34 [38;5;015m[INFO]: [0mThis is a info message from thread 1018-09-2026 00:29:34 [38;5;015m[INFO]: [0mThis is a info message from thread 2918-09-2026 00:29:34 [38;5;009m[ERROR]: [0mThis is a error message from thread 1218-09-2026 00:29:34 [38;5;117m[DEBUG]: [0mThis is a debug message from thread 1418-09-2026 00:29:34 [38;5;117m[DEBUG]: [0mThis is a debug message from thread 1818-09-2026 00:29:34 [38;5;015m[INFO]: [0mThis is a info message from thread 2118-09-2026 00:29:34 [38;5;009m[ERROR]: [0mThis is a error message from thread 1618-09-2026 00:29:34 [38;5;009m[ERROR]: [0mThis is a error message from thread 2618-09-2026 00:29:34 [38;5;009m[ERROR]: [0mThis is a error message from thread 2118-09-2026 00:29:34 [38;5;009m[ERROR]: [0mThis is a error message from thread 218-09-2026 00:29:34 [38;5;117m[DEBUG]: [0mThis is a debug message from thread 1218-09-2026 00:29:34 [38;5;117m[DEBUG]: [0mThis is a debug message from thread 2718-09-2026 00:29:34 [38;5;015m[INFO]: [0mThis is a info message from thread 2218-09-2026 00:29:34 [38;5;015m[INFO]: [0mThis is a info message from thread 918-09-2026 00:29:34 [38;5;117m[DEBUG]: [0mThis is a debug message from thread 2118-09-2026 00:29:34 [38;5;015m[INFO]: [0mThis is a info message from thread 1218-09-2026 00:29:34 [38;5;009m[ERROR]: [0mThis is a error message from thread 2818-09-2026 00:29:34 [38;5;015m[INFO]: [0mThis is a info message from thread 1418-09-2026 00:29:34 [38;5;117m[DEBUG]: [0mThis is a debug message from thread 1918-09-2026 00:29:34 [38;5;009m[ERROR]: [0mThis is a error message from thread 618-09-2026 00:29:34 [38;5;015m[INFO]: [0mThis is a info message from thread 2118-09-2026 00:29:34 [38;5;009m[ERROR]: [0mThis is a error message from thread 918-09-2026 00:29:34 [38;5;009m[ERROR]: [0mThis is a error message from thread 1218-09-2026 00:29:34 [38;5;117m[DEBUG]: [0mThis is a debug message from thread 518-09-2026 00:29:34 [38;5;015m[INFO]: [0mThis is a info message from thread 1818-09-2026 00:29:34 [38;5;009m[ERROR]: [0mThis is a error message from thread 118-09-2026 00:29:34 [38;5;117m[DEBUG]: [0mThis is a debug message from thread 918-09-2026 00:29:34 [38;5;117m[DEBUG]: [0mThis is a debug message from thread 2818-09-2026 00:29:34 [38;5;015m[INFO]: [0mThis is a info message from thread 1718-09-2026 00:29:34 [38;5;009m[ERROR]: [0mThis is a error message from thread 1418-09-2026 00:29:34 [38;5;015m[INFO]: [0mThis is a info message from thread 2818-09-2026 00:29:34 [38;5;009m[ERROR]: [0mThis is a error message from thread 1718-09-2026 00:29:34 [38;5;009m[ERROR]: [0mThis is a error message from thread 1818-09-2026 00:29:34 [38;5;015m[INFO]: [0mThis is a info message from thread 918-09-2026 00:29:34 [38;5;015m[INFO]: [0mThis is a info message from thread 818-09-2026 00:29:34 [38;5;009m[ERROR]: [0mThis is a error message from thread 2418-09-2026 00:29:34 [38;5;009m[ERROR]: [0mThis is a error message from thread 2218-09-2026 00:29:34 [38;5;015m[INFO]: [0mThis is a info message from thread 2518-09-2026 00:29:34 [38;5;117m[DEBUG]: [0mThis is a debug message from thread 1218-09-2026 00:29:34 [38;5;117m[DEBUG]: [0mThis is a debug message from thread 1418-09-2026 00:29:34 [38;5;117m[DEBUG]: [0mThis is a debug message from thread 1818-09-2026 00:29:34 [38;5;117m[DEBUG]: [0mThis is a debug message from thread 2418-09-2026 00:29:34 [38;5;009m[ERROR]: [0mThis is a error message from thread 918-09-2026 00:29:34 [38;5;015m[INFO]: [0mThis is a info message from thread 2418-09-2026 00:29:34 [38;5;009m[ERROR]: [0mThis is a error message from thread 1118-09-2026 00:29:34 [38;5;015m[INFO]: [0mThis is a info message from thread 1818-09-2026 00:29:34 [38;5;009m[ERROR]: [0mThis is a error message from thread 2518-09-2026 00:29:34 [38;5;117m[DEBUG]: [0mThis is a debug message from thread 2518-09-2026 00:29:34 [38;5;015m[INFO]: [0mThis is a info message from thread 1218-09-2026 00:29:34 [38;5;009m[ERROR]: [0mThis is a error message from thread 2418-09-2026 00:29:34 [38;5;117m[DEBUG]: [0mThis is a debug message from thread 1118-09-2026 00:29:34 [38;5;009m[ERROR]: [0mThis is a error message from thread 2018-09-2026 00:29:34 [38;5;117m[DEBUG]: [0mThis is a debug message from thread 918-09-2026 00:29:34 [38;5;009m[ERROR]: [0mThis is a error message from thread 1818-09-2026 00:29:34 [38;5;009m[ERROR]: [0mThis is a error message from thread 1218-09-2026 00:29:34 [38;5;117m[DEBUG]: [0mThis is a debug message from thread 2418-09-2026 00:29:34 [38;5;015m[INFO]: [0mThis is a info message from thread 1118-09-2026 00:29:34 [38;5;009m[ERROR]: [0mThis is a error message from thread 1018-09-2026 00:29:34 [38;5;117m[DEBUG]: [0mThis is a debug message from thread 2018-09-2026 00:29:34 [38;5;009m[ERROR]: [0mThis is a error message from thread 2118-09-2026 00:29:34 [38;5;015m[INFO]: [0mThis is a info message from thread 2018-09-2026 00:29:34 [38;5;117m[DEBUG]: [0mThis is a debug message from thread 1018-09-2026 00:29:34 [38;5;117m[DEBUG]: [0mThis is a debug message from thread 1218-09-2026 00:29:34 [38;5;009m[ERROR]: [0mThis is a error message from thread 1118-09-2026 00:29:34 [38;5;117m[DEBUG]: [0mThis is a debug message from thread 1318-09-2026 00:29:34 [38;5;015m[INFO]: [0mThis is a info message from thread 1018-09-2026 00:29:34 [38;5;117m[DEBUG]: [0mThis is a debug message from thread 1818-09-2026 00:29:34 [38;5;117m[DEBUG]: [0mThis is a debug message from thread 618-09-2026 00:29:34 [38;5;117m[DEBUG]: [0mThis is a debug message from thread 1118-09-2026 00:29:34 [38;5;009m[ERROR]: [0mThis is a error message from thread 1018-09-2026 00:29:34 [38;5;015m[INFO]: [0mThis is a info message from thread 2418-09-2026 00:29:34 [38;5;117m[DEBUG]: [0mThis is a debug message from thread 2118-09-2026 00:29:34 [38;5;009m[ERROR]: [0mThis is a error message from thread 2918-09-2026 00:29:34 [38;5;009m[ERROR]: [0mThis is a error message from thread 018-09-2026 00:29:34 [38;5;009m[ERROR]: [0mThis is a error message from thread 2018-09-2026 00:29:34 [38;5;015m[INFO]: [0mThis is a info message from thread 1218-09-2026 00:29:34 [38;5;117m[DEBUG]: [0mThis is a debug message from thread 1718-09-2026 00:29:34 [38;5;015m[INFO]: [0mThis is a info message from thread 1118-09-2026 00:29:34 [38;5;015m[INFO]: [0mThis is a info message from thread 1818-09-2026 00:29:34 [38;5;117m[DEBUG]: [0mThis is a debug message from thread 018-09-2026 00:29:34 [38;5;015m[INFO]: [0mThis is a info message from thread 1718-09-2026 00:29:34 [38;5;117m[DEBUG]: [0mThis is a debug message from thread 2918-09-2026 00:29:34 [38;5;117m[DEBUG]: [0mThis is a debug message from thread 318-09-2026 00:29:34 [38;5;009m[ERROR]: [0mThis is a error message from thread 2818-09-2026 00:29:34 [38;5;009m[ERROR]: [0mThis is a error message from thread 818-09-2026 00:29:34 [38;5;015m[INFO]: [0mThis is a info message from thread 1318-09-2026 00:29:34 [38;5;015m[INFO]: [0mThis is a info message from thread 2118-09-2026 00:29:34 [38;5;009m[ERROR]: [0mThis is a error message from thread 1718-09-2026 00:29:34 [38;5;117m[DEBUG]: [0mThis is a debug message from thread 1618-09-2026 00:29:34 [38;5;117m[DEBUG]: [0mThis is a debug message from thread 2018-09-2026 00:29:34 [38;5;117m[DEBUG]: [0mThis is a debug message from thread 2818-09-2026 00:29:34 [38;5;117m[DEBUG]: [0mThis is a debug message from thread 1718-09-2026 00:29:34 [38;5;015m[INFO]: [0mThis is a info message from thread 1618-09-2026 00:29:34 [38;5;117m[DEBUG]: [0mThis is a debug message from thread 818-09-2026 00:29:34 [38;5;015m[INFO]: [0mThis is a info message from thread 1718-09-2026 00:29:34 [38;5;015m[INFO]: [0mThis is a info message from thread 2818-09-2026 00:29:34 [38;5;015m[INFO]: [0mThis is a info message from thread 2018-09-2026 00:29:34 [38;5;009m[ERROR]: [0mThis is a error message from thread 1718-09-2026 00:29:34 [38;5;015m[INFO]: [0mThis is a info message from thread 818-09-2026 00:29:34 [38;5;015m[INFO]: [0mThis is a info message from thread 2918-09-2026 00:29:34 [38;5;015m[INFO]: [0mThis is a info message from thread 918-09-2026 00:29:34 [38;5;015m[INFO]: [0mThis is a info message from thread 1418-09-2026 00:29:34 [38;5;117m[DEBUG]: [0mThis is a debug message from thread 418-09-2026 00:29:34 [38;5;009m[ERROR]: [0mThis is a error message from thread 818-09-2026 00:29:34 [38;5;009m[ERROR]: [0mThis is a error message from thread 2018-09-2026 00:29:34 [38;5;009m[ERROR]: [0mThis is a error message from thread 918-09-2026 00:29:34 [38;5;117m[DEBUG]: [0mThis is a debug message from thread 818-09-2026 00:29:34 [38;5;009m[ERROR]: [0mThis is a error message from thread 1418-09-2026 00:29:34 [38;5;009m[ERROR]: [0mThis is a error message from thread 1618-09-2026 00:29:34 [38;5;117m[DEBUG]: [0mThis is a debug message from thread 118-09-2026 00:29:34 [38;5;015m[INFO]: [0mThis is a info message from thread 418-09-2026 00:29:34 [38;5;009m[ERROR]: [0mThis is a error message from thread 1118-09-2026 00:29:34 [38;5;117m[DEBUG]: [0mThis is a debug message from thread 2218-09-2026 00:29:34 [38;5;009m[ERROR]: [0mThis is a error message from thread 1318-09-2026 00:29:34 [38;5;117m[DEBUG]: [0mThis is a debug message from thread 2018-09-2026 00:29:34 [38;5;117m[DEBUG]: [0mThis is a debug message from thread 1418-09-2026 00:29:34 [38;5;117m[DEBUG]: [0mThis is a debug message from thread 1118-09-2026 00:29:34 [38;5;015m[INFO]: [0mThis is a info message from thread 2218-09-2026 00:29:34 [38;5;117m[DEBUG]: [0mThis is a debug message from thread 1318-09-2026 00:29:34 [38;5;015m[INFO]: [0mThis is a info message from thread 1418-09-2026 00:29:34 [38;5;015m[INFO]: [0mThis is a info message from thread 2718-09-2026 00:29:34 [38;5;015m[INFO]: [0mThis is a info message from thread 1318-09-2026 00:29:34 [38;5;009m[ERROR]: [0mThis is a error message from thread 1318-09-2026 00:29:34 [38;5;015m[INFO]: [0mThis is a info message from thread 2018-09-2026 00:29:34 [38;5;015m[INFO]: [0mThis is a info message from thread 1118-09-2026 00:29:34 [38;5;117m[DEBUG]: [0mThis is a debug message from thread 1718-09-2026 00:29:34 [38;5;009m[ERROR]: [0mThis is a error message from thread 2918-09-2026 00:29:34 [38;5;009m[ERROR]: [0mThis is a error message from thread 1218-09-2026 00:29:34 [38;5;009m[ERROR]: [0mThis is a error message from thread 1418-09-2026 00:29:34 [38;5;117m[DEBUG]: [0mThis is a debug message from thread 1318-09-2026 00:29:34 [38;5;009m[ERROR]: [0mThis is a error message from thread 1118-09-2026 00:29:34 [38;5;015m[INFO]: [0mThis is a info message from thread 1718-09-2026 00:29:34 [38;5;015m[INFO]: [0mThis is a info message from thread 618-09-2026 00:29:34 [38;5;009m[ERROR]: [0mThis is a error message from thread 2718-09-2026 00:29:34 [38;5;009m[ERROR]: [0mThis is a error message from thread 2018-09-2026 00:29:34 [38;5;015m[INFO]: [0mThis is a info message from thread 1318-09-2026 00:29:34 [38;5;117m[DEBUG]: [0mThis is a debug message from thread 1218-09-2026 00:29:34 [38;5;015m[INFO]: [0mThis is a info message from thread 318-09-2026 00:29:34 [38;5;009m[ERROR]: [0mThis is a error message from thread 2118-09-2026 00:29:34 [38;5;009m[ERROR]: [0mThis is a error message from thread 1318-09-2026 00:29:34 [38;5;009m[ERROR]: [0mThis is a error message from thread 1718-09-2026 00:29:34 [38;5;117m[DEBUG]: [0mThis is a debug message from thread 1718-09-2026 00:29:34 [38;5;117m[DEBUG]: [0mThis is a debug message from thread 2018-09-2026 00:29:34 [38;5;117m[DEBUG]: [0mThis is a debug message from thread 1118-09-2026 00:29:34 [38;5;117m[DEBUG]: [0mThis is a debug message from thread 1318-09-2026 00:29:34 [38;5;009m[ERROR]: [0mThis is a error message from thread 1818-09-2026 00:29:34 [38;5;015m[INFO]: [0mThis is a info message from thread 1118-09-2026 00:29:34 [38;5;117m[DEBUG]: [0mThis is a debug message from thread 2718-09-2026 00:29:34 [38;5;015m[INFO]: [0mThis is a info message from thread 1318-09-2026 00:29:34 [38;5;117m[DEBUG]: [0mThis is a debug message from thread 1018-09-2026 00:29:34 [38;5;117m[DEBUG]: [0mThis is a debug message from thread 2918-09-2026 00:29:34 [38;5;009m[ERROR]: [0mThis is a error message from thread 618-09-2026 00:29:34 [38;5;117m[DEBUG]: [0mThis is a debug message from thread 918-09-2026 00:29:34 [38;5;015m[INFO]: [0mThis is a info message from thread 2718-09-2026 00:29:34 [38;5;015m[INFO]: [0mThis is a info message from thread 2518-09-2026 00:29:34 [38;5;009m[ERROR]: [0mThis is a error message from thread 1118-09-2026 00:29:34 [38;5;009m[ERROR]: [0mThis is a error message from thread 1318-09-2026 00:29:34 [38;5;117m[DEBUG]: [0mThis is a debug message from thread 1118-09-2026 00:29:34 [38;5;009m[ERROR]: [0mThis is a error message from thread 2718-09-2026 00:29:34 [38;5;117m[DEBUG]: [0mThis is a debug message from thread 2118-09-2026 00:29:34 [38;5;015m[INFO]: [0mThis is a info message from thread 1018-09-2026 00:29:34 [38;5;117m[DEBUG]: [0mThis is a debug message from thread 1318-09-2026 00:29:34 [38;5;015m[INFO]: [0mThis is a info message from thread 1318-09-2026 00:29:34 [38;5;015m[INFO]: [0mThis is a info message from thread 918-09-2026 00:29:34 [38;5;009m[ERROR]: [0mThis is a error message from thread 1018-09-2026 00:29:34 [38;5;009m[ERROR]: [0mThis is a error message from thread 1318-09-2026 00:29:34 [38;5;015m[INFO]: [0mThis is a info message from thread 1218-09-2026 00:29:34 [38;5;009m[ERROR]: [0mThis is a error message from thread 918-09-2026 00:29:34 [38;5;117m[DEBUG]: [0mThis is a debug message from thread 1018-09-2026 00:29:34 [38;5;009m[ERROR]: [0mThis is a error message from thread 1218-09-2026 00:29:34 [38;5;015m[INFO]: [0mThis is a info message from thread 1018-09-2026 00:29:34 [38;5;015m[INFO]: [0mThis is a info message from thread 2118-09-2026 00:29:34 [38;5;009m[ERROR]: [0mThis is a error message from thread 2218-09-2026 00:29:34 [38;5;117m[DEBUG]: [0mThis is a debug message from thread 2718-09-2026 00:29:34 [38;5;117m[DEBUG]: [0mThis is a debug message from thread 1618-09-2026 00:29:34 [38;5;015m[INFO]: [0mThis is a info message from thread 1918-09-2026 00:29:34 [38;5;117m[DEBUG]: [0mThis is a debug message from thread 218-09-2026 00:29:34 [38;5;015m[INFO]: [0mThis is a info message from thread 518-09-2026 00:29:34 [38;5;009m[ERROR]: [0mThis is a error message from thread 1018-09-2026 00:29:34 [38;5;015m[INFO]: [0mThis is a info message from thread 1618-09-2026 00:29:34 [38;5;117m[DEBUG]: [0mThis is a debug message from thread 2218-09-2026 00:29:34 [38;5;009m[ERROR]: [0mThis is a error message from thread 1918-09-2026 00:29:34 [38;5;015m[INFO]: [0mThis is a info message from thread 2018-09-2026 00:29:34 [38;5;117m[DEBUG]: [0mThis is a debug message from thread 1418-09-2026 00:29:34 [38;5;009m[ERROR]: [0mThis is a error message from thread 2118-09-2026 00:29:34 [38;5;015m[INFO]: [0mThis is a info message from thread 2918-09-2026 00:29:34 [38;5;015m[INFO]: [0mThis is a info message from thread 2218-09-2026 00:29:34 [38;5;015m[INFO]: [0mThis is a info message from thread 1718-09-2026 00:29:34 [38;5;015m[INFO]: [0mThis is a info message from thread 1418-09-2026 00:29:34 [38;5;015m[INFO]: [0mThis is a info message from thread 018-09-2026 00:29:34 [38;5;117m[DEBUG]: [0mThis is a debug message from thread 1818-09-2026 00:29:34 [38;5;117m[DEBUG]: [0mThis is a debug message from thread 2618-09-2026 00:29:34 [38;5;009m[ERROR]: [0mThis is a error message from thread 1418-09-2026 00:29:34 [38;5;009m[ERROR]: [0mThis is a error message from thread 1718-09-2026 00:29:34 [38;5;009m[ERROR]: [0mThis is a error message from thread 2918-09-2026 00:29:34 [38;5;009m[ERROR]: [0mThis is a error message from thread 2218-09-2026 00:29:34 [38;5;117m[DEBUG]: [0mThis is a debug message from thread 1418-09-2026 00:29:34 [38;5;117m[DEBUG]: [0mThis is a debug message from thread 2218-09-2026 00:29:34 [38;5;015m[INFO]: [0mThis is a info message from thread 118-09-2026 00:29:34 [38;5;015m[INFO]: [0mThis is a info message from thread 1818-09-2026 00:29:34 [38;5;015m[INFO]: [0mThis is a info message from thread 2618-09-2026 00:29:34 [38;5;009m[ERROR]: [0mThis is a error message from thread 518-09-2026 00:29:34 [38;5;117m[DEBUG]: [0mThis is a debug message from thread 1718-09-2026 00:29:34 [38;5;117m[DEBUG]: [0mThis is a debug message from thread 918-09-2026 00:29:34 [38;5;117m[DEBUG]: [0mThis is a debug message from thread 2918-09-2026 00:29:34 [38;5;009m[ERROR]: [0mThis is a error message from thread 2418-09-2026 00:29:34 [38;5;009m[ERROR]: [0mThis is a error message from thread 1618-09-2026 00:29:34 [38;5;117m[DEBUG]: [0mThis is a debug message from thread 1018-09-2026 00:29:34 [38;5;009m[ERROR]: [0mThis is a error message from thread 418-09-2026 00:29:34 [38;5;117m[DEBUG]: [0mThis is a debug message from thread 1618-09-2026 00:29:34 [38;5;015m[INFO]: [0mThis is a info message from thread 2918-09-2026 00:29:34 [38;5;009m[ERROR]: [0mThis is a error message from thread 318-09-2026 00:29:34 [38;5;009m[ERROR]: [0mThis is a error message from thread 118-09-2026 00:29:34 [38;5;015m[INFO]: [0mThis is a info message from thread 1418-09-2026 00:29:34 [38;5;117m[DEBUG]: [0mThis is a debug message from thread 518-09-2026 00:29:34 [38;5;015m[INFO]: [0mThis is a info message from thread 1718-09-2026 00:29:34 [38;5;009m[ERROR]: [0mThis is a error message from thread 2918-09-2026 00:29:34 [38;5;117m[DEBUG]: [0mThis is a debug message from thread 2418-09-2026 00:29:34 [38;5;015m[INFO]: [0mThis is a info message from thread 1618-09-2026 00:29:34 [38;5;117m[DEBUG]: [0mThis is a debug message from thread 318-09-2026 00:29:34 [38;5;009m[ERROR]: [0mThis is a error message from thread 2618-09-2026 00:29:34 [38;5;015m[INFO]: [0mThis is a info message from thread 518-09-2026 00:29:34 [38;5;009m[ERROR]: [0mThis is a error message from thread 2018-09-2026 00:29:34 [38;5;015m[INFO]: [0mThis is a info message from thread 318-09-2026 00:29:34 [38;5;009m[ERROR]: [0mThis is a error message from thread 1618-09-2026 00:29:34 [38;5;117m[DEBUG]: [0mThis is a debug message from thread 1618-09-2026 00:29:34 [38;5;009m[ERROR]: [0mThis is a error message from thread 1818-09-2026 00:29:34 [38;5;117m[DEBUG]: [0mThis is a debug message from thread 2918-09-2026 00:29:34 [38;5;117m[DEBUG]: [0mThis is a debug message from thread 2018-09-2026 00:29:34 [38;5;015m[INFO]: [0mThis is a info message from thread 1618-09-2026 00:29:34 [38;5;015m[INFO]: [0mThis is a info message from thread 918-09-2026 00:29:34 [38;5;015m[INFO]: [0mThis is a info message from thread 218-09-2026 00:29:34 [38;5;117m[DEBUG]: [0mThis is a debug message from thread 418-09-2026 00:29:34 [38;5;015m[INFO]: [0mThis is a info message from thread 2418-09-2026 00:29:34 [38;5;009m[ERROR]: [0mThis is a error message from thread 1618-09-2026 00:29:34 [38;5;117m[DEBUG]: [0mThis is a debug message from thread 1818-09-2026 00:29:34 [38;5;009m[ERROR]: [0mThis is a error message from thread 318-09-2026 00:29:34 [38;5;117m[DEBUG]: [0mThis is a debug message from thread 1218-09-2026 00:29:34 [38;5;117m[DEBUG]: [0mThis is a debug message from thread 318-09-2026 00:29:34 [38;5;015m[INFO]: [0mThis is a info message from thread 2918-09-2026 00:29:34 [38;5;015m[INFO]: [0mThis is a info message from thread 2018-09-2026 00:29:34 [38;5;015m[INFO]: [0mThis is a info message from thread 2218-09-2026 00:29:34 [38;5;009m[ERROR]: [0mThis is a error message from thread 1418-09-2026 00:29:34 [38;5;009m[ERROR]: [0mThis is a error message from thread 518-09-2026 00:29:34 [38;5;009m[ERROR]: [0mThis is a error message from thread 1718-09-2026 00:29:34 [38;5;009m[ERROR]: [0mThis is a error message from thread 2918-09-2026 00:29:34 [38;5;117m[DEBUG]: [0mThis is a debug message from thread 2118-09-2026 00:29:34 [38;5;117m[DEBUG]: [0mThis is a debug message from thread 1618-09-2026 00:29:34 [38;5;117m[DEBUG]: [0mThis is a debug message from thread 118-09-2026 00:29:34 [38;5;117m[DEBUG]: [0mThis is a debug message from thread 1318-09-2026 00:29:34 [38;5;009m[ERROR]: [0mThis is a error message from thread 2518-09-2026 00:29:34 [38;5;015m[INFO]: [0mThis is a info message from thread 818-09-2026 00:29:34 [38;5;015m[INFO]: [0mThis is a info message from thread 1118-09-2026 00:29:34 [38;5;117m[DEBUG]: [0mThis is a debug message from thread 2918-09-2026 00:29:34 [38;5;117m[DEBUG]: [0mThis is a debug message from thread 618-09-2026 00:29:34 [38;5;009m[ERROR]: [0mThis is a error message from thread 1118-09-2026 00:29:34 [38;5;015m[INFO]: [0mThis is a info message from thread 2118-09-2026 00:29:34 [38;5;117m[DEBUG]: [0mThis is a debug message from thread 518-09-2026 00:29:34 [38;5;015m[INFO]: [0mThis is a info message from thread 1018-09-2026 00:29:34 [38;5;015m[INFO]: [0mThis is a info message from thread 618-09-2026 00:29:34 [38;5;015m[INFO]: [0mThis is a info message from thread 2918-09-2026 00:29:34 [38;5;009m[ERROR]: [0mThis is a error message from thread 018-09-2026 00:29:34 [38;5;117m[DEBUG]: [0mThis is a debug message from thread 1918-09-2026 00:29:34 [38;5;009m[ERROR]: [0mThis is a error message from thread 818-09-2026 00:29:34 [38;5;015m[INFO]: [0mThis is a info message from thread 118-09-2026 00:29:34 [38;5;117m[DEBUG]: [0mThis is a debug message from thread 018-09-2026 00:29:34 [38;5;015m[INFO]: [0mThis is a info message from thread 1218-09-2026 00:29:34 [38;5;015m[INFO]: [0mThis is a info message from thread 518-09-2026 00:29:34 [38;5;117m[DEBUG]: [0mThis is a debug message from thread 1118-09-2026 00:29:34 [38;5;117m[DEBUG]: [0mThis is a debug message from thread 1718-09-2026 00:29:34 [38;5;015m[INFO]: [0mThis is a info message from thread 418-09-2026 00:29:34 [38;5;009m[ERROR]: [0mThis is a error message from thread 1018-09-2026 00:29:34 [38;5;117m[DEBUG]: [0mThis is a debug message from thread 818-09-2026 00:29:34 [38;5;015m[INFO]: [0mThis is a info message from thread 318-09-2026 00:29:34 [38;5;015m[INFO]: [0mThis is a info message from thread 1818-09-2026 00:29:34 [38;5;009m[ERROR]: [0mThis is a error message from thread 1218-09-2026 00:29:34 [38;5;009m[ERROR]: [0mThis is a error message from thread 518-09-2026 00:29:34 [38;5;009m[ERROR]: [0mThis is a error message from thread 2418-09-2026 00:29:34 [38;5;015m[INFO]: [0mThis is a info message from thread 018-09-2026 00:29:34 [38;5;009m[ERROR]: [0mThis is a error message from thread 2218-09-2026 00:29:34 [38;5;015m[INFO]: [0mThis is a info message from thread 1118-09-2026 00:29:34 [38;5;009m[ERROR]: [0mThis is a error message from thread 318-09-2026 00:29:34 [38;5;015m[INFO]: [0mThis is a info message from thread 1718-09-2026 00:29:34 [38;5;009m[ERROR]: [0mThis is a error message from thread 1818-09-2026 00:29:34 [38;5;015m[INFO]: [0mThis is a info message from thread 1318-09-2026 00:29:34 [38;5;117m[DEBUG]: [0mThis is a debug message from thread 318-09-2026 00:29:34 [38;5;117m[DEBUG]: [0mThis is a debug message from thread 518-09-2026 00:29:34 [38;5;015m[INFO]: [0mThis is a info message from thread 318-09-2026 00:29:34 [38;5;117m[DEBUG]: [0mThis is a debug message from thread 1418-09-2026 00:29:34 [38;5;009m[ERROR]: [0mThis is a error message from thread 2818-09-2026 00:29:34 [38;5;015m[INFO]: [0mThis is a info message from thread 818-09-2026 00:29:34 [38;5;009m[ERROR]: [0mThis is a error message from thread 218-09-2026 00:29:34 [38;5;009m[ERROR]: [0mThis is a error message from thread 318-09-2026 00:29:34 [38;5;117m[DEBUG]: [0mThis is a debug message from thread 2818-09-2026 00:29:34 [38;5;009m[ERROR]: [0mThis is a error message from thread 1318-09-2026 00:29:34 [38;5;015m[INFO]: [0mThis is a info message from thread 1418-09-2026 00:29:34 [38;5;117m[DEBUG]: [0mThis is a debug message from thread 1818-09-2026 00:29:34 [38;5;117m[DEBUG]: [0mThis is a debug message from thread 318-09-2026 00:29:34 [38;5;117m[DEBUG]: [0mThis is a debug message from thread 1318-09-2026 00:29:34 [38;5;009m[ERROR]: [0mThis is a error message from thread 1418-09-2026 00:29:34 [38;5;015m[INFO]: [0mThis is a info message from thread 318-09-2026 00:29:34 [38;5;009m[ERROR]: [0mThis is a error message from thread 818-09-2026 00:29:34 [38;5;015m[INFO]: [0mThis is a info message from thread 2818-09-2026 00:29:34 [38;5;015m[INFO]: [0mThis is a info message from thread 1818-09-2026 00:29:34 [38;5;009m[ERROR]: [0mThis is a error message from thread 1718-09-2026 00:29:34 [38;5;117m[DEBUG]: [0mThis is a debug message from thread 2618-09-2026 00:29:34 [38;5;015m[INFO]: [0mThis is a info message from thread 1918-09-2026 00:29:34 [38;5;009m[ERROR]: [0mThis is a error message from thread 618-09-2026 00:29:34 [38;5;015m[INFO]: [0mThis is a info message from thread 1318-09-2026 00:29:34 [38;5;009m[ERROR]: [0mThis is a error message from thread 1918-09-2026 00:29:34 [38;5;117m[DEBUG]: [0mThis is a debug message from thread 218-09-2026 00:29:34 [38;5;009m[ERROR]: [0mThis is a error message from thread 2818-09-2026 00:29:34 [38;5;009m[ERROR]: [0mThis is a error message from thread 2918-09-2026 00:29:34 [38;5;009m[ERROR]: [0mThis is a error message from thread 918-09-2026 00:29:34 [38;5;117m[DEBUG]: [0mThis is a debug message from thread 1018-09-2026 00:29:34 [38;5;117m[DEBUG]: [0mThis is a debug message from thread 2518-09-2026 00:29:34 [38;5;015m[INFO]: [0mThis is a info message from thread 2718-09-2026 00:29:34 [38;5;015m[INFO]: [0mThis is a info message from thread 1618-09-2026 00:29:34 [38;5;117m[DEBUG]: [0mThis is a debug message from thread 818-09-2026 00:29:34 [38;5;009m[ERROR]: [0mThis is a error message from thread 018-09-2026 00:29:34 [38;5;117m[DEBUG]: [0mThis is a debug message from thread 2418-09-2026 00:29:34 [38;5;117m[DEBUG]: [0mThis is a debug message from thread 2818-09-2026 00:29:34 [38;5;117m[DEBUG]: [0mThis is a debug message from thread 2218-09-2026 00:29:34 [38;5;015m[INFO]: [0mThis is a info message from thread 2418-09-2026 00:29:34 [38;5;009m[ERROR]: [0mThis is a error message from thread 2418-09-2026 00:29:34 [38;5;015m[INFO]: [0mThis is a info message from thread 2218-09-2026 00:29:34 [38;5;009m[ERROR]: [0mThis is a error message from thread 1618-09-2026 00:29:34 [38;5;117m[DEBUG]: [0mThis is a debug message from thread 1718-09-2026 00:29:34 [38;5;015m[INFO]: [0mThis is a info message from thread 2818-09-2026 00:29:34 [38;5;117m[DEBUG]: [0mThis is a debug message from thread 1418-09-2026 00:29:34 [38;5;015m[INFO]: [0mThis is a info message from thread 818-09-2026 00:29:34 [38;5;015m[INFO]: [0mThis is a info message from thread 518-09-2026 00:29:34 [38;5;009m[ERROR]: [0mThis is a error message from thread 2818-09-2026 00:29:34 [38;5;009m[ERROR]: [0mThis is a error message from thread 1118-09-2026 00:29:34 [38;5;117m[DEBUG]: [0mThis is a debug message from thread 2918-09-2026 00:29:34 [38;5;009m[ERROR]: [0mThis is a error message from thread 2718-09-2026 00:29:34 [38;5;015m[INFO]: [0mThis is a info message from thread 2918-09-2026 00:29:34 [38;5;015m[INFO]: [0mThis is a info message from thread 2518-09-2026 00:29:34 [38;5;009m[ERROR]: [0mThis is a error message from thread 2218-09-2026 00:29:34 [38;5;015m[INFO]: [0mThis is a info message from thread 1718-09-2026 00:29:34 [38;5;117m[DEBUG]: [0mThis is a debug message from thread 2718-09-2026 00:29:34 [38;5;117m[DEBUG]: [0mThis is a debug message from thread 618-09-2026 00:29:34 [38;5;015m[INFO]: [0mThis is a info message from thread 618-09-2026 00:29:34 [38;5;117m[DEBUG]: [0mThis is a debug message from thread 2218-09-2026 00:29:34 [38;5;015m[INFO]: [0mThis is a info message from thread 1418-09-2026 00:29:34 [38;5;117m[DEBUG]: [0mThis is a debug message from thread 1618-09-2026 00:29:34 [38;5;009m[ERROR]: [0mThis is a error message from thread 518-09-2026 00:29:34 [38;5;009m[ERROR]: [0mThis is a error message from thread 2918-09-2026 00:29:34 [38;5;015m[INFO]: [0mThis is a info message from thread 2218-09-2026 00:29:34 [38;5;117m[DEBUG]: [0mThis is a debug message from thread 518-09-2026 00:29:34 [38;5;009m[ERROR]: [0mThis is a error message from thread 2518-09-2026 00:29:34 [38;5;009m[ERROR]: [0mThis is a error message from thread 1718-09-2026 00:29:34 [38;5;009m[ERROR]: [0mThis is a error message from thread 118-09-2026 00:29:34 [38;5;009m[ERROR]: [0mThis is a error message from thread 818-09-2026 00:29:34 [38;5;117m[DEBUG]: [0mThis is a debug message from thread 1118-09-2026 00:29:34 [38;5;009m[ERROR]: [0mThis is a error message from thread 1418-09-2026 00:29:34 [38;5;009m[ERROR]: [0mThis is a error message from thread 1318-09-2026 00:29:34 [38;5;117m[DEBUG]: [0mThis is a debug message from thread 2518-09-2026 00:29:34 [38;5;009m[ERROR]: [0mThis is a error message from thread 2018-09-2026 00:29:34 [38;5;117m[DEBUG]: [0mThis is a debug message from thread 818-09-2026 00:29:34 [38;5;009m[ERROR]: [0mThis is a error message from thread 318-09-2026 00:29:34 [38;5;015m[INFO]: [0mThis is a info message from thread 1018-09-2026 00:29:34 [38;5;015m[INFO]: [0mThis is a info message from thread 218-09-2026 00:29:34 [38;5;117m[DEBUG]: [0mThis is a debug message from thread 918-09-2026 00:29:34 [38;5;015m[INFO]: [0mThis is a info message from thread 1118-09-2026 00:29:34 [38;5;117m[DEBUG]: [0mThis is a debug message from thread 118-09-2026 00:29:34 [38;5;015m[INFO]: [0mThis is a info message from thread 518-09-2026 00:29:34 [38;5;117m[DEBUG]: [0mThis is a debug message from thread 1418-09-2026 00:29:34 [38;5;117m[DEBUG]: [0mThis is a debug message from thread 2918-09-2026 00:29:34 [38;5;117m[DEBUG]: [0mThis is a debug message from thread 1318-09-2026 00:29:34 [38;5;015m[INFO]: [0mThis is a info message from thread 2718-09-2026 00:29:34 [38;5;009m[ERROR]: [0mThis is a error message from thread 418-09-2026 00:29:34 [38;5;015m[INFO]: [0mThis is a info message from thread 818-09-2026 00:29:34 [38;5;015m[INFO]: [0mThis is a info message from thread 2618-09-2026 00:29:34 [38;5;117m[DEBUG]: [0mThis is a debug message from thread 318-09-2026 00:29:34 [38;5;015m[INFO]: [0mThis is a info message from thread 2518-09-2026 00:29:34 [38;5;009m[ERROR]: [0mThis is a error message from thread 2718-09-2026 00:29:34 [38;5;009m[ERROR]: [0mThis is a error message from thread 218-09-2026 00:29:34 [38;5;117m[DEBUG]: [0mThis is a debug message from thread 2418-09-2026 00:29:34 [38;5;009m[ERROR]: [0mThis is a error message from thread 518-09-2026 00:29:34 [38;5;015m[INFO]: [0mThis is a info message from thread 2918-09-2026 00:29:34 [38;5;009m[ERROR]: [0mThis is a error message from thread 2518-09-2026 00:29:34 [38;5;117m[DEBUG]: [0mThis is a debug message from thread 418-09-2026 00:29:34 [38;5;117m[DEBUG]: [0mThis is a debug message from thread 2518-09-2026 00:29:34 [38;5;117m[DEBUG]: [0mThis is a debug message from thread 2018-09-2026 00:29:34 [38;5;015m[INFO]: [0mThis is a info message from thread 418-09-2026 00:29:34 [38;5;009m[ERROR]: [0mThis is a error message from thread 618-09-2026 00:29:34 [38;5;009m[ERROR]: [0mThis is a error message from thread 2218-09-2026 00:29:34 [38;5;117m[DEBUG]: [0mThis is a debug message from thread 1918-09-2026 00:29:34 [38;5;015m[INFO]: [0mThis is a info message from thread 318-09-2026 00:29:34 [38;5;117m[DEBUG]: [0mThis is a debug message from thread 218-09-2026 00:29:34 [38;5;117m[DEBUG]: [0mThis is a debug message from thread 2718-09-2026 00:29:34 [38;5;009m[ERROR]: [0mThis is a error message from thread 1818-09-2026 00:29:34 [38;5;015m[INFO]: [0mThis is a info message from thread 2418-09-2026 00:29:34 [38;5;015m[INFO]: [0mThis is a info message from thread 218-09-2026 00:29:34 [38;5;009m[ERROR]: [0mThis is a error message from thread 418-09-2026 00:29:34 [38;5;015m[INFO]: [0mThis is a info message from thread 2018-09-2026 00:29:34 [38;5;117m[DEBUG]: [0mThis is a debug message from thread 2218-09-2026 00:29:34 [38;5;015m[INFO]: [0mThis is a info message from thread 2218-09-2026 00:29:34 [38;5;015m[INFO]: [0mThis is a info message from thread 2718-09-2026 00:29:34 [38;5;009m[ERROR]: [0mThis is a error message from thread 2418-09-2026 00:29:34 [38;5;009m[ERROR]: [0mThis is a error message from thread 2018-09-2026 00:29:34 [38;5;117m[DEBUG]: [0mThis is a debug message from thread 1218-09-2026 00:29:34 [38;5;117m[DEBUG]: [0mThis is a debug message from thread 1718-09-2026 00:29:34 [38;5;009m[ERROR]: [0mThis is a error message from thread 2118-09-2026 00:29:34 [38;5;009m[ERROR]: [0mThis is a error message from thread 318-09-2026 00:29:34 [38;5;015m[INFO]: [0mThis is a info message from thread 118-09-2026 00:29:34 [38;5;117m[DEBUG]: [0mThis is a debug message from thread 1818-09-2026 00:29:34 [38;5;015m[INFO]: [0mThis is a info message from thread 918-09-2026 00:29:34 [38;5;117m[DEBUG]: [0mThis is a debug message from thread 318-09-2026 00:29:34 [38;5;015m[INFO]: [0mThis is a info message from thread 1218-09-2026 00:29:34 [38;5;015m[INFO]: [0mThis is a info message from thread 1618-09-2026 00:29:34 [38;5;117m[DEBUG]: [0mThis is a debug message from thread 2118-09-2026 00:29:34 [38;5;015m[INFO]: [0mThis is a info message from thread 318-09-2026 00:29:34 [38;5;009m[ERROR]: [0mThis is a error message from thread 918-09-2026 00:29:34 [38;5;015m[INFO]: [0mThis is a info message from thread 1818-09-2026 00:29:34 [38;5;009m[ERROR]: [0mThis is a error message from thread 2218-09-2026 00:29:34 [38;5;117m[DEBUG]: [0mThis is a debug message from thread 018-09-2026 00:29:34 [38;5;117m[DEBUG]: [0mThis is a debug message from thread 418-09-2026 00:29:34 [38;5;009m[ERROR]: [0mThis is a error message from thread 1218-09-2026 00:29:34 [38;5;015m[INFO]: [0mThis is a info message from thread 018-09-2026 00:29:34 [38;5;009m[ERROR]: [0mThis is a error message from thread 318-09-2026 00:29:34 [38;5;015m[INFO]: [0mThis is a info message from thread 2118-09-2026 00:29:34 [38;5;117m[DEBUG]: [0mThis is a debug message from thread 618-09-2026 00:29:34 [38;5;009m[ERROR]: [0mThis is a error message from thread 1818-09-2026 00:29:34 [38;5;009m[ERROR]: [0mThis is a error message from thread 818-09-2026 00:29:34 [38;5;015m[INFO]: [0mThis is a info message from thread 418-09-2026 00:29:34 [38;5;015m[INFO]: [0mThis is a info message from thread 1918-09-2026 00:29:34 [38;5;009m[ERROR]: [0mThis is a error message from thread 018-09-2026 00:29:34 [38;5;015m[INFO]: [0mThis is a info message from thread 618-09-2026 00:29:34 [38;5;117m[DEBUG]: [0mThis is a debug message from thread 1218-09-2026 00:29:34 [38;5;117m[DEBUG]: [0mThis is a debug message from thread 1818-09-2026 00:29:34 [38;5;117m[DEBUG]: [0mThis is a debug message from thread 2218-09-2026 00:29:34 [38;5;009m[ERROR]: [0mThis is a error message from thread 618-09-2026 00:29:34 [38;5;015m[INFO]: [0mThis is a info message from thread 1818-09-2026 00:29:34 [38;5;009m[ERROR]: [0mThis is a error message from thread 2118-09-2026 00:29:34 [38;5;117m[DEBUG]: [0mThis is a debug message from thread 818-09-2026 00:29:34 [38;5;015m[INFO]: [0mThis is a info message from thread 1218-09-2026 00:29:34 [38;5;009m[ERROR]: [0mThis is a error message from thread 418-09-2026 00:29:34 [38;5;117m[DEBUG]: [0mThis is a debug message from thread 018-09-2026 00:29:34 [38;5;009m[ERROR]: [0mThis is a error message from thread 1018-09-2026 00:29:34 [38;5;009m[ERROR]: [0mThis is a error message from thread 1218-09-2026 00:29:34 [38;5;009m[ERROR]: [0mThis is a error message from thread 1918-09-2026 00:29:34 [38;5;117m[DEBUG]: [0mThis is a debug message from thread 2018-09-2026 00:29:34 [38;5;009m[ERROR]: [0mThis is a error message from thread 1818-09-2026 00:29:34 [38;5;015m[INFO]: [0mThis is a info message from thread 018-09-2026 00:29:34 [38;5;117m[DEBUG]: [0mThis is a debug message from thread 1018-09-2026 00:29:34 [38;5;117m[DEBUG]: [0mThis is a debug message from thread 1918-09-2026 00:29:34 [38;5;117m[DEBUG]: [0mThis is a debug message from thread 2118-09-2026 00:29:34 [38;5;117m[DEBUG]: [0mThis is a debug message from thread 1218-09-2026 00:29:34 [38;5;117m[DEBUG]: [0mThis is a debug message from thread 618-09-2026 00:29:34 [38;5;015m[INFO]: [0mThis is a info message from thread 1918-09-2026 00:29:34 [38;5;117m[DEBUG]: [0mThis is a debug message from thread 918-09-2026 00:29:34 [38;5;117m[DEBUG]: [0mThis is a debug message from thread 2818-09-2026 00:29:34 [38;5;015m[INFO]: [0mThis is a info message from thread 1218-09-2026 00:29:34 [38;5;015m[INFO]: [0mThis is a info message from thread 2218-09-2026 00:29:34 [38;5;117m[DEBUG]: [0mThis is a debug message from thread 1818-09-2026 00:29:34 [38;5;015m[INFO]: [0mThis is a info message from thread 2018-09-2026 00:29:34 [38;5;015m[INFO]: [0mThis is a info message from thread 1018-09-2026 00:29:34 [38;5;015m[INFO]: [0mThis is a info message from thread 618-09-2026 00:29:34 [38;5;009m[ERROR]: [0mThis is a error message from thread 2018-09-2026 00:29:34 [38;5;009m[ERROR]: [0mThis is a error message from thread 1018-09-2026 00:29:34 [38;5;015m[INFO]: [0mThis is a info message from thread 2818-09-2026 00:29:34 [38;5;015m[INFO]: [0mThis is a info message from thread 2118-09-2026 00:29:34 [38;5;009m[ERROR]: [0mThis is a error message from thread 2918-09-2026 00:29:34 [38;5;117m[DEBUG]: [0mThis is a debug message from thread 418-09-2026 00:29:34 [38;5;009m[ERROR]: [0mThis is a error message from thread 1218-09-2026 00:29:34 [38;5;117m[DEBUG]: [0mThis is a debug message from thread 1018-09-2026 00:29:34 [38;5;117m[DEBUG]: [0mThis is a debug message from thread 1218-09-2026 00:29:34 [38;5;117m[DEBUG]: [0mThis is a debug message from thread 2018-09-2026 00:29:34 [38;5;009m[ERROR]: [0mThis is a error message from thread 1918-09-2026 00:29:34 [38;5;009m[ERROR]: [0mThis is a error message from thread 018-09-2026 00:29:34 [38;5;015m[INFO]: [0mThis is a info message from thread 1818-09-2026 00:29:34 [38;5;015m[INFO]: [0mThis is a info message from thread 918-09-2026 00:29:34 [38;5;015m[INFO]: [0mThis is a info message from thread 1018-09-2026 00:29:34 [38;5;009m[ERROR]: [0mThis is a error message from thread 618-09-2026 00:29:34 [38;5;117m[DEBUG]: [0mThis is a debug message from thread 518-09-2026 00:29:34 [38;5;015m[INFO]: [0mThis is a info message from thread 2018-09-2026 00:29:34 [38;5;117m[DEBUG]: [0mThis is a debug message from thread 2918-09-2026 00:29:34 [38;5;015m[INFO]: [0mThis is a info message from thread 818-09-2026 00:29:34 [38;5;009m[ERROR]: [0mThis is a error message from thread 1018-09-2026 00:29:34 [38;5;009m[ERROR]: [0mThis is a error message from thread 1618-09-2026 00:29:34 [38;5;009m[ERROR]: [0mThis is a error message from thread 2118-09-2026 00:29:34 [38;5;009m[ERROR]: [0mThis is a error message from thread 2818-09-2026 00:29:34 [38;5;015m[INFO]: [0mThis is a info message from thread 518-09-2026 00:29:34 [38;5;117m[DEBUG]: [0mThis is a debug message from thread 2118-09-2026 00:29:34 [38;5;117m[DEBUG]: [0mThis is a debug message from thread 1018-09-2026 00:29:34 [38;5;015m[INFO]: [0mThis is a info message from thread 1218-09-2026 00:29:34 [38;5;117m[DEBUG]: [0mThis is a debug message from thread 2818-09-2026 00:29:34 [38;5;015m[INFO]: [0mThis is a info message from thread 2118-09-2026 00:29:34 [38;5;009m[ERROR]: [0mThis is a error message from thread 1218-09-2026 00:29:34 [38;5;009m[ERROR]: [0mThis is a error message from thread 1818-09-2026 00:29:34 [38;5;117m[DEBUG]: [0mThis is a debug message from thread 018-09-2026 00:29:34 [38;5;009m[ERROR]: [0mThis is a error message from thread 1118-09-2026 00:29:34 [38;5;009m[ERROR]: [0mThis is a error message from thread 2018-09-2026 00:29:34 [38;5;009m[ERROR]: [0mThis is a error message from thread 518-09-2026 00:29:34 [38;5;009m[ERROR]: [0mThis is a error message from thread 2118-09-2026 00:29:34 [38;5;117m[DEBUG]: [0mThis is a debug message from thread 2118-09-2026 00:29:34 [38;5;117m[DEBUG]: [0mThis is a debug message from thread 1918-09-2026 00:29:34 [38;5;015m[INFO]: [0mThis is a info message from thread 1018-09-2026 00:29:34 [38;5;117m[DEBUG]: [0mThis is a debug message from thread 618-09-2026 00:29:34 [38;5;117m[DEBUG]: [0mThis is a debug message from thread 1218-09-2026 00:29:34 [38;5;015m[INFO]: [0mThis is a info message from thread 618-09-2026 00:29:34 [38;5;117m[DEBUG]: [0mThis is a debug message from thread 2418-09-2026 00:29:34 [38;5;009m[ERROR]: [0mThis is a error message from thread 818-09-2026 00:29:34 [38;5;015m[INFO]: [0mThis is a info message from thread 1318-09-2026 00:29:34 [38;5;015m[INFO]: [0mThis is a info message from thread 2518-09-2026 00:29:34 [38;5;015m[INFO]: [0mThis is a info message from thread 1418-09-2026 00:29:34 [38;5;117m[DEBUG]: [0mThis is a debug message from thread 1618-09-2026 00:29:34 [38;5;009m[ERROR]: [0mThis is a error message from thread 2618-09-2026 00:29:34 [38;5;015m[INFO]: [0mThis is a info message from thread 2818-09-2026 00:29:34 [38;5;117m[DEBUG]: [0mThis is a debug message from thread 818-09-2026 00:29:34 [38;5;117m[DEBUG]: [0mThis is a debug message from thread 2618-09-2026 00:29:34 [38;5;009m[ERROR]: [0mThis is a error message from thread 2718-09-2026 00:29:34 [38;5;009m[ERROR]: [0mThis is a error message from thread 2518-09-2026 00:29:34 [38;5;009m[ERROR]: [0mThis is a error message from thread 1018-09-2026 00:29:34 [38;5;015m[INFO]: [0mThis is a info message from thread 1918-09-2026 00:29:34 [38;5;009m[ERROR]: [0mThis is a error message from thread 1318-09-2026 00:29:34 [38;5;117m[DEBUG]: [0mThis is a debug message from thread 2518-09-2026 00:29:34 [38;5;009m[ERROR]: [0mThis is a error message from thread 918-09-2026 00:29:34 [38;5;015m[INFO]: [0mThis is a info message from thread 418-09-2026 00:29:34 [38;5;015m[INFO]: [0mThis is a info message from thread 018-09-2026 00:29:34 [38;5;009m[ERROR]: [0mThis is a error message from thread 2818-09-2026 00:29:34 [38;5;117m[DEBUG]: [0mThis is a debug message from thread 1018-09-2026 00:29:34 [38;5;117m[DEBUG]: [0mThis is a debug message from thread 1118-09-2026 00:29:34 [38;5;015m[INFO]: [0mThis is a info message from thread 2618-09-2026 00:29:34 [38;5;117m[DEBUG]: [0mThis is a debug message from thread 518-09-2026 00:29:34 [38;5;117m[DEBUG]: [0mThis is a debug message from thread 2018-09-2026 00:29:34 [38;5;009m[ERROR]: [0mThis is a error message from thread 2618-09-2026 00:29:34 [38;5;015m[INFO]: [0mThis is a info message from thread 1018-09-2026 00:29:34 [38;5;117m[DEBUG]: [0mThis is a debug message from thread 918-09-2026 00:29:34 [38;5;009m[ERROR]: [0mThis is a error message from thread 618-09-2026 00:29:34 [38;5;015m[INFO]: [0mThis is a info message from thread 2018-09-2026 00:29:34 [38;5;009m[ERROR]: [0mThis is a error message from thread 1018-09-2026 00:29:34 [38;5;015m[INFO]: [0mThis is a info message from thread 2518-09-2026 00:29:34 [38;5;117m[DEBUG]: [0mThis is a debug message from thread 1318-09-2026 00:29:34 [38;5;117m[DEBUG]: [0mThis is a debug message from thread 2618-09-2026 00:29:34 [38;5;009m[ERROR]: [0mThis is a error message from thread 218-09-2026 00:29:34 [38;5;117m[DEBUG]: [0mThis is a debug message from thread 2718-09-2026 00:29:34 [38;5;015m[INFO]: [0mThis is a info message from thread 2618-09-2026 00:29:34 [38;5;009m[ERROR]: [0mThis is a error message from thread 2018-09-2026 00:29:34 [38;5;009m[ERROR]: [0mThis is a error message from thread 2518-09-2026 00:29:34 [38;5;015m[INFO]: [0mThis is a info message from thread 1318-09-2026 00:29:34 [38;5;117m[DEBUG]: [0mThis is a debug message from thread 618-09-2026 00:29:34 [38;5;009m[ERROR]: [0mThis is a error message from thread 418-09-2026 00:29:34 [38;5;015m[INFO]: [0mThis is a info message from thread 518-09-2026 00:29:34 [38;5;015m[INFO]: [0mThis is a info message from thread 818-09-2026 00:29:34 [38;5;009m[ERROR]: [0mThis is a error message from thread 2218-09-2026 00:29:34 [38;5;015m[INFO]: [0mThis is a info message from thread 918-09-2026 00:29:34 [38;5;009m[ERROR]: [0mThis is a error message from thread 518-09-2026 00:29:34 [38;5;009m[ERROR]: [0mThis is a error message from thread 1318-09-2026 00:29:34 [38;5;009m[ERROR]: [0mThis is a error message from thread 018-09-2026 00:29:34 [38;5;117m[DEBUG]: [0mThis is a debug message from thread 2218-09-2026 00:29:34 [38;5;009m[ERROR]: [0mThis is a error message from thread 818-09-2026 00:29:34 [38;5;117m[DEBUG]: [0mThis is a debug message from thread 1018-09-2026 00:29:34 [38;5;015m[INFO]: [0mThis is a info message from thread 2418-09-2026 00:29:34 [38;5;015m[INFO]: [0mThis is a info message from thread 1718-09-2026 00:29:34 [38;5;117m[DEBUG]: [0mThis is a debug message from thread 1318-09-2026 00:29:34 [38;5;117m[DEBUG]: [0mThis is a debug message from thread 418-09-2026 00:29:34 [38;5;117m[DEBUG]: [0mThis is a debug message from thread 518-09-2026 00:29:34 [38;5;015m[INFO]: [0mThis is a info message from thread 2218-09-2026 00:29:34 [38;5;015m[INFO]: [0mThis is a info message from thread 2118-09-2026 00:29:34 [38;5;015m[INFO]: [0mThis is a info message from thread 1618-09-2026 00:29:34 [38;5;009m[ERROR]: [0mThis is a error message from thread 1718-09-2026 00:29:34 [38;5;117m[DEBUG]: [0mThis is a debug message from thread 2518-09-2026 00:29:34 [38;5;009m[ERROR]: [0mThis is a error message from thread 2118-09-2026 00:29:34 [38;5;117m[DEBUG]: [0mThis is a debug message from thread 1718-09-2026 00:29:34 [38;5;015m[INFO]: [0mThis is a info message from thread 1018-09-2026 00:29:34 [38;5;117m[DEBUG]: [0mThis is a debug message from thread 2818-09-2026 00:29:34 [38;5;015m[INFO]: [0mThis is a info message from thread 1218-09-2026 00:29:34 [38;5;117m[DEBUG]: [0mThis is a debug message from thread 2118-09-2026 00:29:34 [38;5;015m[INFO]: [0mThis is a info message from thread 518-09-2026 00:29:34 [38;5;015m[INFO]: [0mThis is a info message from thread 1718-09-2026 00:29:34 [38;5;015m[INFO]: [0mThis is a info message from thread 2518-09-2026 00:29:34 [38;5;009m[ERROR]: [0mThis is a error message from thread 1018-09-2026 00:29:34 [38;5;015m[INFO]: [0mThis is a info message from thread 618-09-2026 00:29:34 [38;5;009m[ERROR]: [0mThis is a error message from thread 518-09-2026 00:29:34 [38;5;009m[ERROR]: [0mThis is a error message from thread 1918-09-2026 00:29:34 [38;5;009m[ERROR]: [0mThis is a error message from thread 1218-09-2026 00:29:34 [38;5;009m[ERROR]: [0mThis is a error message from thread 2618-09-2026 00:29:34 [38;5;009m[ERROR]: [0mThis is a error message from thread 2218-09-2026 00:29:34 [38;5;117m[DEBUG]: [0mThis is a debug message from thread 1818-09-2026 00:29:34 [38;5;117m[DEBUG]: [0mThis is a debug message from thread 2018-09-2026 00:29:34 [38;5;117m[DEBUG]: [0mThis is a debug message from thread 518-09-2026 00:29:34 [38;5;015m[INFO]: [0mThis is a info message from thread 518-09-2026 00:29:34 [38;5;117m[DEBUG]: [0mThis is a debug message from thread 218-09-2026 00:29:34 [38;5;015m[INFO]: [0mThis is a info message from thread 1818-09-2026 00:29:34 [38;5;009m[ERROR]: [0mThis is a error message from thread 518-09-2026 00:29:34 [38;5;015m[INFO]: [0mThis is a info message from thread 2018-09-2026 00:29:34 [38;5;015m[INFO]: [0mThis is a info message from thread 218-09-2026 00:29:34 [38;5;009m[ERROR]: [0mThis is a error message from thread 1418-09-2026 00:29:34 [38;5;117m[DEBUG]: [0mThis is a debug message from thread 2618-09-2026 00:29:34 [38;5;015m[INFO]: [0mThis is a info message from thread 2718-09-2026 00:29:34 [38;5;117m[DEBUG]: [0mThis is a debug message from thread 018-09-2026 00:29:34 [38;5;117m[DEBUG]: [0mThis is a debug message from thread 818-09-2026 00:29:34 [38;5;117m[DEBUG]: [0mThis is a debug message from thread 1418-09-2026 00:29:34 [38;5;015m[INFO]: [0mThis is a info message from thread 1318-09-2026 00:29:34 [38;5;009m[ERROR]: [0mThis is a error message from thread 918-09-2026 00:29:34 [38;5;009m[ERROR]: [0mThis is a error message from thread 618-09-2026 00:29:34 [38;5;117m[DEBUG]: [0mThis is a debug message from thread 1018-09-2026 00:29:34 [38;5;015m[INFO]: [0mThis is a info message from thread 1418-09-2026 00:29:34 [38;5;009m[ERROR]: [0mThis is a error message from thread 1418-09-2026 00:29:34 [38;5;015m[INFO]: [0mThis is a info message from thread 818-09-2026 00:29:34 [38;5;015m[INFO]: [0mThis is a info message from thread 2618-09-2026 00:29:34 [38;5;015m[INFO]: [0mThis is a info message from thread 1018-09-2026 00:29:34 [38;5;009m[ERROR]: [0mThis is a error message from thread 818-09-2026 00:29:34 [38;5;117m[DEBUG]: [0mThis is a debug message from thread 1418-09-2026 00:29:34 [38;5;009m[ERROR]: [0mThis is a error message from thread 118-09-2026 00:29:34 [38;5;009m[ERROR]: [0mThis is a error message from thread 2618-09-2026 00:29:34 [38;5;015m[INFO]: [0mThis is a info message from thread 2918-09-2026 00:29:34 [38;5;117m[DEBUG]: [0mThis is a debug message from thread 618-09-2026 00:29:34 [38;5;009m[ERROR]: [0mThis is a error message from thread 1818-09-2026 00:29:34 [38;5;117m[DEBUG]: [0mThis is a debug message from thread 1218-09-2026 00:29:34 [38;5;117m[DEBUG]: [0mThis is a debug message from thread 918-09-2026 00:29:34 [38;5;015m[INFO]: [0mThis is a info message from thread 618-09-2026 00:29:34 [38;5;015m[INFO]: [0mThis is a info message from thread 918-09-2026 00:29:34 [38;5;117m[DEBUG]: [0mThis is a debug message from thread 118-09-2026 00:29:34 [38;5;117m[DEBUG]: [0mThis is a debug message from thread 2618-09-2026 00:29:34 [38;5;015m[INFO]: [0mThis is a info message from thread 1218-09-2026 00:29:34 [38;5;009m[ERROR]: [0mThis is a error message from thread 2418-09-2026 00:29:34 [38;5;015m[INFO]: [0mThis is a info message from thread 1418-09-2026 00:29:34 [38;5;009m[ERROR]: [0mThis is a error message from thread 1218-09-2026 00:29:34 [38;5;009m[ERROR]: [0mThis is a error message from thread 1418-09-2026 00:29:34 [38;5;009m[ERROR]: [0mThis is a error message from thread 1018-09-2026 00:29:34 [38;5;117m[DEBUG]: [0mThis is a debug message from thread 1818-09-2026 00:29:34 [38;5;015m[INFO]: [0mThis is a info message from thread 118-09-2026 00:29:34 [38;5;117m[DEBUG]: [0mThis is a debug message from thread 1418-09-2026 00:29:34 [38;5;117m[DEBUG]: [0mThis is a debug message from thread 1218-09-2026 00:29:34 [38;5;015m[INFO]: [0mThis is a info message from thread 1218-09-2026 00:29:34 [38;5;009m[ERROR]: [0mThis is a error message from thread 118-09-2026 00:29:34 [38;5;117m[DEBUG]: [0mThis is a debug message from thread 2418-09-2026 00:29:34 [38;5;117m[DEBUG]: [0mThis is a debug message from thread 118-09-2026 00:29:34 [38;5;015m[INFO]: [0mThis is a info message from thread 1818-09-2026 00:29:34 [38;5;009m[ERROR]: [0mThis is a error message from thread 1818-09-2026 00:29:34 [38;5;015m[INFO]: [0mThis is a info message from thread 1418-09-2026 00:29:34 [38;5;009m[ERROR]: [0mThis is a error message from thread 618-09-2026 00:29:34 [38;5;009m[ERROR]: [0mThis is a error message from thread 1618-09-2026 00:29:34 [38;5;117m[DEBUG]: [0mThis is a debug message from thread 1818-09-2026 00:29:34 [38;5;015m[INFO]: [0mThis is a info message from thread 118-09-2026 00:29:34 [38;5;117m[DEBUG]: [0mThis is a debug message from thread 1618-09-2026 00:29:34 [38;5;009m[ERROR]: [0mThis is a error message from thread 918-09-2026 00:29:34 [38;5;009m[ERROR]: [0mThis is a error message from thread 2918-09-2026 00:29:34 [38;5;015m[INFO]: [0mThis is a info message from thread 2418-09-2026 00:29:34 [38;5;015m[INFO]: [0mThis is a info message from thread 1818-09-2026 00:29:34 [38;5;015m[INFO]: [0mThis is a info message from thread 2618-09-2026 00:29:34 [38;5;009m[ERROR]: [0mThis is a error message from thread 118-09-2026 00:29:34 [38;5;009m[ERROR]: [0mThis is a error message from thread 1218-09-2026 00:29:34 [38;5;117m[DEBUG]: [0mThis is a debug message from thread 618-09-2026 00:29:34 [38;5;009m[ERROR]: [0mThis is a error message from thread 2518-09-2026 00:29:34 [38;5;009m[ERROR]: [0mThis is a error message from thread 1318-09-2026 00:29:34 [38;5;015m[INFO]: [0mThis is a info message from thread 418-09-2026 00:29:34 [38;5;117m[DEBUG]: [0mThis is a debug message from thread 2518-09-2026 00:29:34 [38;5;015m[INFO]: [0mThis is a info message from thread 1618-09-2026 00:29:34 [38;5;117m[DEBUG]: [0mThis is a debug message from thread 1318-09-2026 00:29:34 [38;5;117m[DEBUG]: [0mThis is a debug message from thread 1218-09-2026 00:29:34 [38;5;117m[DEBUG]: [0mThis is a debug message from thread 1018-09-2026 00:29:34 [38;5;117m[DEBUG]: [0mThis is a debug message from thread 1918-09-2026 00:29:34 [38;5;009m[ERROR]: [0mThis is a error message from thread 2018-09-2026 00:29:34 [38;5;015m[INFO]: [0mThis is a info message from thread 2818-09-2026 00:29:34 [38;5;009m[ERROR]: [0mThis is a error message from thread 418-09-2026 00:29:34 [38;5;009m[ERROR]: [0mThis is a error message from thread 1418-09-2026 00:29:34 [38;5;009m[ERROR]: [0mThis is a error message from thread 218-09-2026 00:29:34 [38;5;015m[INFO]: [0mThis is a info message from thread 1218-09-2026 00:29:34 [38;5;117m[DEBUG]: [0mThis is a debug message from thread 918-09-2026 00:29:34 [38;5;009m[ERROR]: [0mThis is a error message from thread 1618-09-2026 00:29:34 [38;5;117m[DEBUG]: [0mThis is a debug message from thread 118-09-2026 00:29:34 [38;5;117m[DEBUG]: [0mThis is a debug message from thread 2918-09-2026 00:29:34 [38;5;117m[DEBUG]: [0mThis is a debug message from thread 1418-09-2026 00:29:34 [38;5;015m[INFO]: [0mThis is a info message from thread 1118-09-2026 00:29:34 [38;5;015m[INFO]: [0mThis is a info message from thread 618-09-2026 00:29:34 [38;5;015m[INFO]: [0mThis is a info message from thread 1318-09-2026 00:29:34 [38;5;015m[INFO]: [0mThis is a info message from thread 2518-09-2026 00:29:34 [38;5;015m[INFO]: [0mThis is a info message from thread 2918-09-2026 00:29:34 [38;5;009m[ERROR]: [0mThis is a error message from thread 2518-09-2026 00:29:34 [38;5;015m[INFO]: [0mThis is a info message from thread 918-09-2026 00:29:34 [38;5;015m[INFO]: [0mThis is a info message from thread 1018-09-2026 00:29:34 [38;5;009m[ERROR]: [0mThis is a error message from thread 1018-09-2026 00:29:34 [38;5;009m[ERROR]: [0mThis is a error message from thread 918-09-2026 00:29:34 [38;5;009m[ERROR]: [0mThis is a error message from thread 618-09-2026 00:29:34 [38;5;117m[DEBUG]: [0mThis is a debug message from thread 218-09-2026 00:29:34 [38;5;117m[DEBUG]: [0mThis is a debug message from thread 518-09-2026 00:29:34 [38;5;117m[DEBUG]: [0mThis is a debug message from thread 818-09-2026 00:29:34 [38;5;117m[DEBUG]: [0mThis is a debug message from thread 618-09-2026 00:29:34 [38;5;015m[INFO]: [0mThis is a info message from thread 618-09-2026 00:29:34 [38;5;117m[DEBUG]: [0mThis is a debug message from thread 918-09-2026 00:29:34 [38;5;117m[DEBUG]: [0mThis is a debug message from thread 1018-09-2026 00:29:34 [38;5;015m[INFO]: [0mThis is a info message from thread 1018-09-2026 00:29:34 [38;5;015m[INFO]: [0mThis is a info message from thread 518-09-2026 00:29:34 [38;5;117m[DEBUG]: [0mThis is a debug message from thread 1618-09-2026 00:29:34 [38;5;015m[INFO]: [0mThis is a info message from thread 018-09-2026 00:29:34 [38;5;009m[ERROR]: [0mThis is a error message from thread 1318-09-2026 00:29:34 [38;5;009m[ERROR]: [0mThis is a error message from thread 1018-09-2026 00:29:34 [38;5;009m[ERROR]: [0mThis is a error message from thread 1818-09-2026 00:29:34 [38;5;009m[ERROR]: [0mThis is a error message from thread 1118-09-2026 00:29:34 [38;5;015m[INFO]: [0mThis is a info message from thread 218-09-2026 00:29:34 [38;5;015m[INFO]: [0mThis is a info message from thread 2118-09-2026 00:29:34 [38;5;117m[DEBUG]: [0mThis is a debug message from thread 1118-09-2026 00:29:34 [38;5;117m[DEBUG]: [0mThis is a debug message from thread 1018-09-2026 00:29:34 [38;5;009m[ERROR]: [0mThis is a error message from thread 2118-09-2026 00:29:34 [38;5;015m[INFO]: [0mThis is a info message from thread 1118-09-2026 00:29:34 [38;5;009m[ERROR]: [0mThis is a error message from thread 218-09-2026 00:29:34 [38;5;015m[INFO]: [0mThis is a info message from thread 1418-09-2026 00:29:34 [38;5;015m[INFO]: [0mThis is a info message from thread 1618-09-2026 00:29:34 [38;5;009m[ERROR]: [0mThis is a error message from thread 1118-09-2026 00:29:34 [38;5;015m[INFO]: [0mThis is a info message from thread 818-09-2026 00:29:34 [38;5;009m[ERROR]: [0mThis is a error message from thread 2418-09-2026 00:29:34 [38;5;009m[ERROR]: [0mThis is a error message from thread 018-09-2026 00:29:34 [38;5;117m[DEBUG]: [0mThis is a debug message from thread 418-09-2026 00:29:34 [38;5;015m[INFO]: [0mThis is a info message from thread 1918-09-2026 00:29:34 [38;5;009m[ERROR]: [0mThis is a error message from thread 1418-09-2026 00:29:34 [38;5;117m[DEBUG]: [0mThis is a debug message from thread 2218-09-2026 00:29:34 [38;5;009m[ERROR]: [0mThis is a error message from thread 1618-09-2026 00:29:34 [38;5;117m[DEBUG]: [0mThis is a debug message from thread 1418-09-2026 00:29:34 [38;5;117m[DEBUG]: [0mThis is a debug message from thread 1318-09-2026 00:29:34 [38;5;009m[ERROR]: [0mThis is a error message from thread 818-09-2026 00:29:34 [38;5;117m[DEBUG]: [0mThis is a debug message from thread 1818-09-2026 00:29:34 [38;5;015m[INFO]: [0mThis is a info message from thread 918-09-2026 00:29:34 [38;5;117m[DEBUG]: [0mThis is a debug message from thread 2518-09-2026 00:29:34 [38;5;015m[INFO]: [0mThis is a info message from thread 1018-09-2026 00:29:34 [38;5;015m[INFO]: [0mThis is a info message from thread 1818-09-2026 00:29:34 [38;5;009m[ERROR]: [0mThis is a error message from thread 618-09-2026 00:29:34 [38;5;009m[ERROR]: [0mThis is a error message from thread 918-09-2026 00:29:34 [38;5;117m[DEBUG]: [0mThis is a debug message from thread 818-09-2026 00:29:34 [38;5;117m[DEBUG]: [0mThis is a debug message from thread 2118-09-2026 00:29:34 [38;5;015m[INFO]: [0mThis is a info message from thread 818-09-2026 00:29:34 [38;5;009m[ERROR]: [0mThis is a error message from thread 818-09-2026 00:29:34 [38;5;015m[INFO]: [0mThis is a info message from thread 1418-09-2026 00:29:34 [38;5;117m[DEBUG]: [0mThis is a debug message from thread 918-09-2026 00:29:34 [38;5;117m[DEBUG]: [0mThis is a debug message from thread 818-09-2026 00:29:34 [38;5;015m[INFO]: [0mThis is a info message from thread 918-09-2026 00:29:34 [38;5;015m[INFO]: [0mThis is a info message from thread 2118-09-2026 00:29:34 [38;5;015m[INFO]: [0mThis is a info message from thread 2518-09-2026 00:29:34 [38;5;009m[ERROR]: [0mThis is a error message from thread 918-09-2026 00:29:34 [38;5;015m[INFO]: [0mThis is a info message from thread 818-09-2026 00:29:34 [38;5;009m[ERROR]: [0mThis is a error message from thread 2518-09-2026 00:29:34 [38;5;009m[ERROR]: [0mThis is a error message from thread 818-09-2026 00:29:34 [38;5;117m[DEBUG]: [0mThis is a debug message from thread 1118-09-2026 00:29:34 [38;5;117m[DEBUG]: [0mThis is a debug message from thread 918-09-2026 00:29:34 [38;5;009m[ERROR]: [0mThis is a error message from thread 1818-09-2026 00:29:34 [38;5;009m[ERROR]: [0mThis is a error message from thread 518-09-2026 00:29:34 [38;5;015m[INFO]: [0mThis is a info message from thread 1118-09-2026 00:29:34 [38;5;117m[DEBUG]: [0mThis is a debug message from thread 518-09-2026 00:29:34 [38;5;009m[ERROR]: [0mThis is a error message from thread 1018-09-2026 00:29:34 [38;5;117m[DEBUG]: [0mThis is a debug message from thread 818-09-2026 00:29:34 [38;5;117m[DEBUG]: [0mThis is a debug message from thread 218-09-2026 00:29:34 [38;5;117m[DEBUG]: [0mThis is a debug message from thread 1818-09-2026 00:29:34 [38;5;117m[DEBUG]: [0mThis is a debug message from thread 1618-09-2026 00:29:34 [38;5;009m[ERROR]: [0mThis is a error message from thread 1418-09-2026 00:29:34 [38;5;117m[DEBUG]: [0mThis is a debug message from thread 2518-09-2026 00:29:34 [38;5;015m[INFO]: [0mThis is a info message from thread 2518-09-2026 00:29:34 [38;5;009m[ERROR]: [0mThis is a error message from thread 2818-09-2026 00:29:34 [38;5;009m[ERROR]: [0mThis is a error message from thread 1118-09-2026 00:29:34 [38;5;015m[INFO]: [0mThis is a info message from thread 918-09-2026 00:29:34 [38;5;009m[ERROR]: [0mThis is a error message from thread 2518-09-2026 00:29:34 [38;5;009m[ERROR]: [0mThis is a error message from thread 1718-09-2026 00:29:34 [38;5;117m[DEBUG]: [0mThis is a debug message from thread 1418-09-2026 00:29:34 [38;5;117m[DEBUG]: [0mThis is a debug message from thread 1118-09-2026 00:29:34 [38;5;015m[INFO]: [0mThis is a info message from thread 518-09-2026 00:29:34 [38;5;015m[INFO]: [0mThis is a info message from thread 1618-09-2026 00:29:34 [38;5;117m[DEBUG]: [0mThis is a debug message from thread 1018-09-2026 00:29:34 [38;5;117m[DEBUG]: [0mThis is a debug message from thread 2818-09-2026 00:29:34 [38;5;117m[DEBUG]: [0mThis is a debug message from thread 1718-09-2026 00:29:34 [38;5;117m[DEBUG]: [0mThis is a debug message from thread 2418-09-2026 00:29:34 [38;5;015m[INFO]: [0mThis is a info message from thread 1118-09-2026 00:29:34 [38;5;015m[INFO]: [0mThis is a info message from thread 1718-09-2026 00:29:34 [38;5;009m[ERROR]: [0mThis is a error message from thread 1118-09-2026 00:29:34 [38;5;015m[INFO]: [0mThis is a info message from thread 2418-09-2026 00:29:34 [38;5;015m[INFO]: [0mThis is a info message from thread 118-09-2026 00:29:34 [38;5;015m[INFO]: [0mThis is a info message from thread 1818-09-2026 00:29:34 [38;5;015m[INFO]: [0mThis is a info message from thread 1418-09-2026 00:29:34 [38;5;117m[DEBUG]: [0mThis is a debug message from thread 1118-09-2026 00:29:34 [38;5;009m[ERROR]: [0mThis is a error message from thread 1418-09-2026 00:29:34 [38;5;117m[DEBUG]: [0mThis is a debug message from thread 1418-09-2026 00:29:34 [38;5;009m[ERROR]: [0mThis is a error message from thread 918-09-2026 00:29:34 [38;5;009m[ERROR]: [0mThis is a error message from thread 118-09-2026 00:29:34 [38;5;009m[ERROR]: [0mThis is a error message from thread 2718-09-2026 00:29:34 [38;5;015m[INFO]: [0mThis is a info message from thread 218-09-2026 00:29:34 [38;5;009m[ERROR]: [0mThis is a error message from thread 1918-09-2026 00:29:34 [38;5;015m[INFO]: [0mThis is a info message from thread 1018-09-2026 00:29:34 [38;5;009m[ERROR]: [0mThis is a error message from thread 2418-09-2026 00:29:34 [38;5;009m[ERROR]: [0mThis is a error message from thread 1618-09-2026 00:29:34 [38;5;009m[ERROR]: [0mThis is a error message from thread 1218-09-2026 00:29:34 [38;5;117m[DEBUG]: [0mThis is a debug message from thread 2718-09-2026 00:29:34 [38;5;015m[INFO]: [0mThis is a info message from thread 418-09-2026 00:29:34 [38;5;009m[ERROR]: [0mThis is a error message from thread 1018-09-2026 00:29:34 [38;5;117m[DEBUG]: [0mThis is a debug message from thread 2418-09-2026 00:29:34 [38;5;117m[DEBUG]: [0mThis is a debug message from thread 1918-09-2026 00:29:34 [38;5;015m[INFO]: [0mThis is a info message from thread 2218-09-2026 00:29:34 [38;5;015m[INFO]: [0mThis is a info message from thread 2418-09-2026 00:29:34 [38;5;015m[INFO]: [0mThis is a info message from thread 1918-09-2026 00:29:34 [38;5;117m[DEBUG]: [0mThis is a debug message from thread 118-09-2026 00:29:34 [38;5;117m[DEBUG]: [0mThis is a debug message from thread 1618-09-2026 00:29:34 [38;5;117m[DEBUG]: [0mThis is a debug message from thread 1218-09-2026 00:29:34 [38;5;015m[INFO]: [0mThis is a info message from thread 1218-09-2026 00:29:34 [38;5;009m[ERROR]: [0mThis is a error message from thread 2218-09-2026 00:29:34 [38;5;009m[ERROR]: [0mThis is a error message from thread 2118-09-2026 00:29:34 [38;5;015m[INFO]: [0mThis is a info message from thread 118-09-2026 00:29:34 [38;5;009m[ERROR]: [0mThis is a error message from thread 218-09-2026 00:29:34 [38;5;009m[ERROR]: [0mThis is a error message from thread 1218-09-2026 00:29:34 [38;5;117m[DEBUG]: [0mThis is a debug message from thread 2118-09-2026 00:29:34 [38;5;009m[ERROR]: [0mThis is a error message from thread 2418-09-2026 00:29:34 [38;5;117m[DEBUG]: [0mThis is a debug message from thread 2418-09-2026 00:29:34 [38;5;117m[DEBUG]: [0mThis is a debug message from thread 618-09-2026 00:29:34 [38;5;117m[DEBUG]: [0mThis is a debug message from thread 1218-09-2026 00:29:34 [38;5;009m[ERROR]: [0mThis is a error message from thread 2618-09-2026 00:29:34 [38;5;117m[DEBUG]: [0mThis is a debug message from thread 1018-09-2026 00:29:34 [38;5;015m[INFO]: [0mThis is a info message from thread 2718-09-2026 00:29:34 [38;5;117m[DEBUG]: [0mThis is a debug message from thread 018-09-2026 00:29:34 [38;5;015m[INFO]: [0mThis is a info message from thread 618-09-2026 00:29:34 [38;5;015m[INFO]: [0mThis is a info message from thread 2418-09-2026 00:29:34 [38;5;009m[ERROR]: [0mThis is a error message from thread 118-09-2026 00:29:34 [38;5;009m[ERROR]: [0mThis is a error message from thread 2918-09-2026 00:29:34 [38;5;009m[ERROR]: [0mThis is a error message from thread 1718-09-2026 00:29:34 [38;5;117m[DEBUG]: [0mThis is a debug message from thread 918-09-2026 00:29:34 [38;5;015m[INFO]: [0mThis is a info message from thread 2818-09-2026 00:29:34 [38;5;009m[ERROR]: [0mThis is a error message from thread 1918-09-2026 00:29:34 [38;5;009m[ERROR]: [0mThis is a error message from thread 1818-09-2026 00:29:34 [38;5;015m[INFO]: [0mThis is a info message from thread 018-09-2026 00:29:34 [38;5;015m[INFO]: [0mThis is a info message from thread 1218-09-2026 00:29:34 [38;5;009m[ERROR]: [0mThis is a error message from thread 618-09-2026 00:29:34 [38;5;117m[DEBUG]: [0mThis is a debug message from thread 2618-09-2026 00:29:34 [38;5;117m[DEBUG]: [0mThis is a debug message from thread 118-09-2026 00:29:34 [38;5;015m[INFO]: [0mThis is a info message from thread 918-09-2026 00:29:34 [38;5;117m[DEBUG]: [0mThis is a debug message from thread 2918-09-2026 00:29:34 [38;5;009m[ERROR]: [0mThis is a error message from thread 2418-09-2026 00:29:34 [38;5;117m[DEBUG]: [0mThis is a debug message from thread 618-09-2026 00:29:34 [38;5;117m[DEBUG]: [0mThis is a debug message from thread 218-09-2026 00:29:34 [38;5;117m[DEBUG]: [0mThis is a debug message from thread 2418-09-2026 00:29:34 [38;5;015m[INFO]: [0mThis is a info message from thread 618-09-2026 00:29:34 [38;5;009m[ERROR]: [0mThis is a error message from thread 618-09-2026 00:29:34 [38;5;015m[INFO]: [0mThis is a info message from thread 2418-09-2026 00:29:34 [38;5;015m[INFO]: [0mThis is a info message from thread 2618-09-2026 00:29:34 [38;5;117m[DEBUG]: [0mThis is a debug message from thread 618-09-2026 00:29:34 [38;5;009m[ERROR]: [0mThis is a error message from thread 2418-09-2026 00:29:34 [38;5;009m[ERROR]: [0mThis is a error message from thread 918-09-2026 00:29:34 [38;5;015m[INFO]: [0mThis is a info message from thread 218-09-2026 00:29:34 [38;5;015m[INFO]: [0mThis is a info message from thread 618-09-2026 00:29:34 [38;5;015m[INFO]: [0mThis is a info message from thread 1118-09-2026 00:29:34 [38;5;015m[INFO]: [0mThis is a info message from thread 118-09-2026 00:29:34 [38;5;009m[ERROR]: [0mThis is a error message from thread 1118-09-2026 00:29:34 [38;5;015m[INFO]: [0mThis is a info message from thread 1018-09-2026 00:29:34 [38;5;015m[INFO]: [0mThis is a info message from thread 818-09-2026 00:29:34 [38;5;117m[DEBUG]: [0mThis is a debug message from thread 2218-09-2026 00:29:34 [38;5;117m[DEBUG]: [0mThis is a debug message from thread 1818-09-2026 00:29:34 [38;5;015m[INFO]: [0mThis is a info message from thread 2218-09-2026 00:29:34 [38;5;015m[INFO]: [0mThis is a info message from thread 2918-09-2026 00:29:34 [38;5;009m[ERROR]: [0mThis is a error message from thread 418-09-2026 00:29:34 [38;5;009m[ERROR]: [0mThis is a error message from thread 1218-09-2026 00:29:34 [38;5;117m[DEBUG]: [0mThis is a debug message from thread 2518-09-2026 00:29:34 [38;5;015m[INFO]: [0mThis is a info message from thread 1418-09-2026 00:29:34 [38;5;015m[INFO]: [0mThis is a info message from thread 1618-09-2026 00:29:34 [38;5;117m[DEBUG]: [0mThis is a debug message from thread 1718-09-2026 00:29:34 [38;5;009m[ERROR]: [0mThis is a error message from thread 2618-09-2026 00:29:34 [38;5;009m[ERROR]: [0mThis is a error message from thread 218-09-2026 00:29:34 [38;5;117m[DEBUG]: [0mThis is a debug message from thread 1118-09-2026 00:29:34 [38;5;009m[ERROR]: [0mThis is a error message from thread 518-09-2026 00:29:34 [38;5;009m[ERROR]: [0mThis is a error message from thread 2918-09-2026 00:29:34 [38;5;009m[ERROR]: [0mThis is a error message from thread 1618-09-2026 00:29:34 [38;5;009m[ERROR]: [0mThis is a error message from thread 1418-09-2026 00:29:34 [38;5;117m[DEBUG]: [0mThis is a debug message from thread 918-09-2026 00:29:34 [38;5;015m[INFO]: [0mThis is a info message from thread 2118-09-2026 00:29:34 [38;5;117m[DEBUG]: [0mThis is a debug message from thread 518-09-2026 00:29:34 [38;5;015m[INFO]: [0mThis is a info message from thread 1118-09-2026 00:29:34 [38;5;015m[INFO]: [0mThis is a info message from thread 1318-09-2026 00:29:34 [38;5;117m[DEBUG]: [0mThis is a debug message from thread 1418-09-2026 00:29:34 [38;5;015m[INFO]: [0mThis is a info message from thread 2518-09-2026 00:29:34 [38;5;009m[ERROR]: [0mThis is a error message from thread 018-09-2026 00:29:34 [38;5;015m[INFO]: [0mThis is a info message from thread 918-09-2026 00:29:34 [38;5;117m[DEBUG]: [0mThis is a debug message from thread 1618-09-2026 00:29:34 [38;5;009m[ERROR]: [0mThis is a error message from thread 1118-09-2026 00:29:34 [38;5;009m[ERROR]: [0mThis is a error message from thread 2518-09-2026 00:29:34 [38;5;015m[INFO]: [0mThis is a info message from thread 1418-09-2026 00:29:34 [38;5;117m[DEBUG]: [0mThis is a debug message from thread 1918-09-2026 00:29:34 [38;5;117m[DEBUG]: [0mThis is a debug message from thread 2918-09-2026 00:29:34 [38;5;015m[INFO]: [0mThis is a info message from thread 1718-09-2026 00:29:34 [38;5;117m[DEBUG]: [0mThis is a debug message from thread 018-09-2026 00:29:34 [38;5;117m[DEBUG]: [0mThis is a debug message from thread 2418-09-2026 00:29:34 [38;5;009m[ERROR]: [0mThis is a error message from thread 1418-09-2026 00:29:34 [38;5;015m[INFO]: [0mThis is a info message from thread 1618-09-2026 00:29:34 [38;5;015m[INFO]: [0mThis is a info message from thread 1918-09-2026 00:29:34 [38;5;015m[INFO]: [0mThis is a info message from thread 2918-09-2026 00:29:34 [38;5;015m[INFO]: [0mThis is a info message from thread 018-09-2026 00:29:34 [38;5;009m[ERROR]: [0mThis is a error message from thread 2118-09-2026 00:29:34 [38;5;117m[DEBUG]: [0mThis is a debug message from thread 2518-09-2026 00:29:34 [38;5;009m[ERROR]: [0mThis is a error message from thread 2918-09-2026 00:29:34 [38;5;009m[ERROR]: [0mThis is a error message from thread 018-09-2026 00:29:34 [38;5;009m[ERROR]: [0mThis is a error message from thread 1918-09-2026 00:29:34 [38;5;015m[INFO]: [0mThis is a info message from thread 2518-09-2026 00:29:34 [38;5;117m[DEBUG]: [0mThis is a debug message from thread 1918-09-2026 00:29:34 [38;5;117m[DEBUG]: [0mThis is a debug message from thread 1118-09-2026 00:29:34 [38;5;015m[INFO]: [0mThis is a info message from thread 1918-09-2026 00:29:34 [38;5;117m[DEBUG]: [0mThis is a debug message from thread 2618-09-2026 00:29:34 [38;5;009m[ERROR]: [0mThis is a error message from thread 918-09-2026 00:29:34 [38;5;009m[ERROR]: [0mThis is a error message from thread 1318-09-2026 00:29:34 [38;5;015m[INFO]: [0mThis is a info message from thread 1118-09-2026 00:29:34 [38;5;009m[ERROR]: [0mThis is a error message from thread 1918-09-2026 00:29:34 [38;5;009m[ERROR]: [0mThis is a error message from thread 1718-09-2026 00:29:34 [38;5;009m[ERROR]: [0mThis is a error message from thread 2518-09-2026 00:29:34 [38;5;117m[DEBUG]: [0mThis is a debug message from thread 2918-09-2026 00:29:34 [38;5;009m[ERROR]: [0mThis is a error message from thread 618-09-2026 00:29:34 [38;5;117m[DEBUG]: [0mThis is a debug message from thread 1418-09-2026 00:29:34 [38;5;117m[DEBUG]: [0mThis is a debug message from thread 1918-09-2026 00:29:34 [38;5;015m[INFO]: [0mThis is a info message from thread 1418-09-2026 00:29:34 [38;5;117m[DEBUG]: [0mThis is a debug message from thread 618-09-2026 00:29:34 [38;5;009m[ERROR]: [0mThis is a error message from thread 1418-09-2026 00:29:34 [38;5;015m[INFO]: [0mThis is a info message from thread 2918-09-2026 00:29:34 [38;5;117m[DEBUG]: [0mThis is a debug message from thread 2518-09-2026 00:29:34 [38;5;117m[DEBUG]: [0mThis is a debug message from thread 918-09-2026 00:29:34 [38;5;117m[DEBUG]: [0mThis is a debug message from thread 1318-09-2026 00:29:34 [38;5;009m[ERROR]: [0mThis is a error message from thread 1618-09-2026 00:29:34 [38;5;015m[INFO]: [0mThis is a info message from thread 1918-09-2026 00:29:34 [38;5;009m[ERROR]: [0mThis is a error message from thread 1118-09-2026 00:29:34 [38;5;015m[INFO]: [0mThis is a info message from thread 618-09-2026 00:29:34 [38;5;117m[DEBUG]: [0mThis is a debug message from thread 1418-09-2026 00:29:34 [38;5;117m[DEBUG]: [0mThis is a debug message from thread 018-09-2026 00:29:34 [38;5;009m[ERROR]: [0mThis is a error message from thread 618-09-2026 00:29:34 [38;5;009m[ERROR]: [0mThis is a error message from thread 1918-09-2026 00:29:34 [38;5;117m[DEBUG]: [0mThis is a debug message from thread 218-09-2026 00:29:34 [38;5;117m[DEBUG]: [0mThis is a debug message from thread 1718-09-2026 00:29:34 [38;5;015m[INFO]: [0mThis is a info message from thread 2418-09-2026 00:29:34 [38;5;015m[INFO]: [0mThis is a info message from thread 1418-09-2026 00:29:34 [38;5;009m[ERROR]: [0mThis is a error message from thread 2918-09-2026 00:29:34 [38;5;117m[DEBUG]: [0mThis is a debug message from thread 1118-09-2026 00:29:34 [38;5;015m[INFO]: [0mThis is a info message from thread 2518-09-2026 00:29:34 [38;5;015m[INFO]: [0mThis is a info message from thread 1318-09-2026 00:29:34 [38;5;117m[DEBUG]: [0mThis is a debug message from thread 1618-09-2026 00:29:34 [38;5;015m[INFO]: [0mThis is a info message from thread 518-09-2026 00:29:34 [38;5;009m[ERROR]: [0mThis is a error message from thread 2518-09-2026 00:29:34 [38;5;015m[INFO]: [0mThis is a info message from thread 018-09-2026 00:29:34 [38;5;015m[INFO]: [0mThis is a info message from thread 1718-09-2026 00:29:34 [38;5;009m[ERROR]: [0mThis is a error message from thread 1418-09-2026 00:29:34 [38;5;015m[INFO]: [0mThis is a info message from thread 218-09-2026 00:29:34 [38;5;117m[DEBUG]: [0mThis is a debug message from thread 2518-09-2026 00:29:34 [38;5;015m[INFO]: [0mThis is a info message from thread 1618-09-2026 00:29:34 [38;5;009m[ERROR]: [0mThis is a error message from thread 1318-09-2026 00:29:34 [38;5;117m[DEBUG]: [0mThis is a debug message from thread 1318-09-2026 00:29:34 [38;5;117m[DEBUG]: [0mThis is a debug message from thread 1918-09-2026 00:29:34 [38;5;015m[INFO]: [0mThis is a info message from thread 1118-09-2026 00:29:34 [38;5;015m[INFO]: [0mThis is a info message from thread 1918-09-2026 00:29:34 [38;5;009m[ERROR]: [0mThis is a error message from thread 1118-09-2026 00:29:34 [38;5;009m[ERROR]: [0mThis is a error message from thread 1918-09-2026 00:29:34 [38;5;009m[ERROR]: [0mThis is a error message from thread 2418-09-2026 00:29:34 [38;5;117m[DEBUG]: [0mThis is a debug message from thread 1918-09-2026 00:29:34 [38;5;009m[ERROR]: [0mThis is a error message from thread 1718-09-2026 00:29:34 [38;5;015m[INFO]: [0mThis is a info message from thread 1918-09-2026 00:29:34 [38;5;117m[DEBUG]: [0mThis is a debug message from thread 1418-09-2026 00:29:34 [38;5;117m[DEBUG]: [0mThis is a debug message from thread 1718-09-2026 00:29:34 [38;5;009m[ERROR]: [0mThis is a error message from thread 1918-09-2026 00:29:34 [38;5;015m[INFO]: [0mThis is a info message from thread 1418-09-2026 00:29:34 [38;5;117m[DEBUG]: [0mThis is a debug message from thread 2918-09-2026 00:29:34 [38;5;117m[DEBUG]: [0mThis is a debug message from thread 2118-09-2026 00:29:34 [38;5;009m[ERROR]: [0mThis is a error message from thread 1418-09-2026 00:29:34 [38;5;009m[ERROR]: [0mThis is a error message from thread 118-09-2026 00:29:34 [38;5;015m[INFO]: [0mThis is a info message from thread 2118-09-2026 00:29:34 [38;5;117m[DEBUG]: [0mThis is a debug message from thread 1418-09-2026 00:29:34 [38;5;009m[ERROR]: [0mThis is a error message from thread 218-09-2026 00:29:34 [38;5;117m[DEBUG]: [0mThis is a debug message from thread 118-09-2026 00:29:34 [38;5;009m[ERROR]: [0mThis is a error message from thread 518-09-2026 00:29:34 [38;5;117m[DEBUG]: [0mThis is a debug message from thread 218-09-2026 00:29:34 [38;5;009m[ERROR]: [0mThis is a error message from thread 818-09-2026 00:29:34 [38;5;015m[INFO]: [0mThis is a info message from thread 1418-09-2026 00:29:34 [38;5;015m[INFO]: [0mThis is a info message from thread 1818-09-2026 00:29:34 [38;5;117m[DEBUG]: [0mThis is a debug message from thread 418-09-2026 00:29:34 [38;5;117m[DEBUG]: [0mThis is a debug message from thread 518-09-2026 00:29:34 [38;5;015m[INFO]: [0mThis is a info message from thread 2618-09-2026 00:29:34 [38;5;009m[ERROR]: [0mThis is a error message from thread 2818-09-2026 00:29:34 [38;5;015m[INFO]: [0mThis is a info message from thread 218-09-2026 00:29:34 [38;5;009m[ERROR]: [0mThis is a error message from thread 018-09-2026 00:29:34 [38;5;015m[INFO]: [0mThis is a info message from thread 1718-09-2026 00:29:34 [38;5;015m[INFO]: [0mThis is a info message from thread 518-09-2026 00:29:34 [38;5;117m[DEBUG]: [0mThis is a debug message from thread 2818-09-2026 00:29:34 [38;5;009m[ERROR]: [0mThis is a error message from thread 1018-09-2026 00:29:34 [38;5;117m[DEBUG]: [0mThis is a debug message from thread 618-09-2026 00:29:34 [38;5;009m[ERROR]: [0mThis is a error message from thread 1618-09-2026 00:29:34 [38;5;009m[ERROR]: [0mThis is a error message from thread 2618-09-2026 00:29:34 [38;5;009m[ERROR]: [0mThis is a error message from thread 218-09-2026 00:29:34 [38;5;117m[DEBUG]: [0mThis is a debug message from thread 018-09-2026 00:29:34 [38;5;009m[ERROR]: [0mThis is a error message from thread 518-09-2026 00:29:34 [38;5;009m[ERROR]: [0mThis is a error message from thread 1718-09-2026 00:29:34 [38;5;117m[DEBUG]: [0mThis is a debug message from thread 1118-09-2026 00:29:34 [38;5;015m[INFO]: [0mThis is a info message from thread 1318-09-2026 00:29:34 [38;5;015m[INFO]: [0mThis is a info message from thread 2518-09-2026 00:29:34 [38;5;015m[INFO]: [0mThis is a info message from thread 618-09-2026 00:29:34 [38;5;117m[DEBUG]: [0mThis is a debug message from thread 518-09-2026 00:29:34 [38;5;009m[ERROR]: [0mThis is a error message from thread 2518-09-2026 00:29:34 [38;5;015m[INFO]: [0mThis is a info message from thread 2918-09-2026 00:29:34 [38;5;117m[DEBUG]: [0mThis is a debug message from thread 218-09-2026 00:29:34 [38;5;015m[INFO]: [0mThis is a info message from thread 518-09-2026 00:29:34 [38;5;117m[DEBUG]: [0mThis is a debug message from thread 1218-09-2026 00:29:34 [38;5;009m[ERROR]: [0mThis is a error message from thread 1818-09-2026 00:29:34 [38;5;117m[DEBUG]: [0mThis is a debug message from thread 818-09-2026 00:29:34 [38;5;117m[DEBUG]: [0mThis is a debug message from thread 2418-09-2026 00:29:34 [38;5;009m[ERROR]: [0mThis is a error message from thread 1418-09-2026 00:29:34 [38;5;117m[DEBUG]: [0mThis is a debug message from thread 1018-09-2026 00:29:34 [38;5;015m[INFO]: [0mThis is a info message from thread 818-09-2026 00:29:34 [38;5;009m[ERROR]: [0mThis is a error message from thread 518-09-2026 00:29:34 [38;5;015m[INFO]: [0mThis is a info message from thread 2418-09-2026 00:29:34 [38;5;009m[ERROR]: [0mThis is a error message from thread 818-09-2026 00:29:34 [38;5;117m[DEBUG]: [0mThis is a debug message from thread 1418-09-2026 00:29:34 [38;5;015m[INFO]: [0mThis is a info message from thread 1018-09-2026 00:29:34 [38;5;117m[DEBUG]: [0mThis is a debug message from thread 818-09-2026 00:29:34 [38;5;009m[ERROR]: [0mThis is a error message from thread 2418-09-2026 00:29:34 [38;5;015m[INFO]: [0mThis is a info message from thread 818-09-2026 00:29:34 [38;5;015m[INFO]: [0mThis is a info message from thread 1418-09-2026 00:29:34 [38;5;117m[DEBUG]: [0mThis is a debug message from thread 2418-09-2026 00:29:34 [38;5;009m[ERROR]: [0mThis is a error message from thread 1018-09-2026 00:29:34 [38;5;117m[DEBUG]: [0mThis is a debug message from thread 518-09-2026 00:29:34 [38;5;015m[INFO]: [0mThis is a info message from thread 2818-09-2026 00:29:34 [38;5;009m[ERROR]: [0mThis is a error message from thread 818-09-2026 00:29:34 [38;5;009m[ERROR]: [0mThis is a error message from thread 1418-09-2026 00:29:34 [38;5;015m[INFO]: [0mThis is a info message from thread 518-09-2026 00:29:34 [38;5;117m[DEBUG]: [0mThis is a debug message from thread 1918-09-2026 00:29:34 [38;5;117m[DEBUG]: [0mThis is a debug message from thread 1818-09-2026 00:29:34 [38;5;009m[ERROR]: [0mThis is a error message from thread 2118-09-2026 00:29:34 [38;5;009m[ERROR]: [0mThis is a error message from thread 2218-09-2026 00:29:34 [38;5;117m[DEBUG]: [0mThis is a debug message from thread 2618-09-2026 00:29:34 [38;5;117m[DEBUG]: [0mThis is a debug message from thread 818-09-2026 00:29:34 [38;5;009m[ERROR]: [0mThis is a error message from thread 1318-09-2026 00:29:34 [38;5;117m[DEBUG]: [0mThis is a debug message from thread 1418-09-2026 00:29:34 [38;5;009m[ERROR]: [0mThis is a error message from thread 618-09-2026 00:29:34 [38;5;015m[INFO]: [0mThis is a info message from thread 218-09-2026 00:29:34 [38;5;117m[DEBUG]: [0mThis is a debug message from thread 618-09-2026 00:29:34 [38;5;117m[DEBUG]: [0mThis is a debug message from thread 1618-09-2026 00:29:34 [38;5;015m[INFO]: [0mThis is a info message from thread 818-09-2026 00:29:34 [38;5;009m[ERROR]: [0mThis is a error message from thread 518-09-2026 00:29:34 [38;5;117m[DEBUG]: [0mThis is a debug message from thread 518-09-2026 00:29:34 [38;5;015m[INFO]: [0mThis is a info message from thread 618-09-2026 00:29:34 [38;5;009m[ERROR]: [0mThis is a error message from thread 218-09-2026 00:29:34 [38;5;015m[INFO]: [0mThis is a info message from thread 918-09-2026 00:29:34 [38;5;015m[INFO]: [0mThis is a info message from thread 1418-09-2026 00:29:34 [38;5;117m[DEBUG]: [0mThis is a debug message from thread 2118-09-2026 00:29:34 [38;5;009m[ERROR]: [0mThis is a error message from thread 918-09-2026 00:29:34 [38;5;009m[ERROR]: [0mThis is a error message from thread 1418-09-2026 00:29:34 [38;5;015m[INFO]: [0mThis is a info message from thread 518-09-2026 00:29:34 [38;5;117m[DEBUG]: [0mThis is a debug message from thread 1418-09-2026 00:29:34 [38;5;015m[INFO]: [0mThis is a info message from thread 1618-09-2026 00:29:34 [38;5;015m[INFO]: [0mThis is a info message from thread 1818-09-2026 00:29:34 [38;5;117m[DEBUG]: [0mThis is a debug message from thread 918-09-2026 00:29:34 [38;5;015m[INFO]: [0mThis is a info message from thread 2118-09-2026 00:29:34 [38;5;009m[ERROR]: [0mThis is a error message from thread 518-09-2026 00:29:34 [38;5;009m[ERROR]: [0mThis is a error message from thread 1618-09-2026 00:29:34 [38;5;117m[DEBUG]: [0mThis is a debug message from thread 518-09-2026 00:29:34 [38;5;117m[DEBUG]: [0mThis is a debug message from thread 218-09-2026 00:29:34 [38;5;009m[ERROR]: [0mThis is a error message from thread 2118-09-2026 00:29:34 [38;5;015m[INFO]: [0mThis is a info message from thread 1418-09-2026 00:29:34 [38;5;015m[INFO]: [0mThis is a info message from thread 918-09-2026 00:29:34 [38;5;015m[INFO]: [0mThis is a info message from thread 218-09-2026 00:29:34 [38;5;009m[ERROR]: [0mThis is a error message from thread 2918-09-2026 00:29:34 [38;5;117m[DEBUG]: [0mThis is a debug message from thread 1618-09-2026 00:29:34 [38;5;015m[INFO]: [0mThis is a info message from thread 518-09-2026 00:29:34 [38;5;117m[DEBUG]: [0mThis is a debug message from thread 1718-09-2026 00:29:34 [38;5;009m[ERROR]: [0mThis is a error message from thread 518-09-2026 00:29:34 [38;5;009m[ERROR]: [0mThis is a error message from thread 218-09-2026 00:29:34 [38;5;015m[INFO]: [0mThis is a info message from thread 1718-09-2026 00:29:34 [38;5;015m[INFO]: [0mThis is a info message from thread 1618-09-2026 00:29:34 [38;5;117m[DEBUG]: [0mThis is a debug message from thread 2918-09-2026 00:29:34 [38;5;117m[DEBUG]: [0mThis is a debug message from thread 2118-09-2026 00:29:34 [38;5;009m[ERROR]: [0mThis is a error message from thread 1818-09-2026 00:29:34 [38;5;009m[ERROR]: [0mThis is a error message from thread 918-09-2026 00:29:34 [38;5;009m[ERROR]: [0mThis is a error message from thread 1618-09-2026 00:29:34 [38;5;117m[DEBUG]: [0mThis is a debug message from thread 2218-09-2026 00:29:34 [38;5;009m[ERROR]: [0mThis is a error message from thread 2718-09-2026 00:29:34 [38;5;117m[DEBUG]: [0mThis is a debug message from thread 918-09-2026 00:29:34 [38;5;015m[INFO]: [0mThis is a info message from thread 2418-09-2026 00:29:34 [38;5;015m[INFO]: [0mThis is a info message from thread 118-09-2026 00:29:34 [38;5;015m[INFO]: [0mThis is a info message from thread 1218-09-2026 00:29:34 [38;5;117m[DEBUG]: [0mThis is a debug message from thread 2718-09-2026 00:29:34 [38;5;117m[DEBUG]: [0mThis is a debug message from thread 218-09-2026 00:29:34 [38;5;117m[DEBUG]: [0mThis is a debug message from thread 1618-09-2026 00:29:34 [38;5;015m[INFO]: [0mThis is a info message from thread 018-09-2026 00:29:34 [38;5;015m[INFO]: [0mThis is a info message from thread 2618-09-2026 00:29:34 [38;5;009m[ERROR]: [0mThis is a error message from thread 1418-09-2026 00:29:34 [38;5;117m[DEBUG]: [0mThis is a debug message from thread 1418-09-2026 00:29:34 [38;5;015m[INFO]: [0mThis is a info message from thread 918-09-2026 00:29:34 [38;5;015m[INFO]: [0mThis is a info message from thread 218-09-2026 00:29:34 [38;5;015m[INFO]: [0mThis is a info message from thread 1418-09-2026 00:29:34 [38;5;015m[INFO]: [0mThis is a info message from thread 2218-09-2026 00:29:34 [38;5;015m[INFO]: [0mThis is a info message from thread 2718-09-2026 00:29:34 [38;5;009m[ERROR]: [0mThis is a error message from thread 218-09-2026 00:29:34 [38;5;009m[ERROR]: [0mThis is a error message from thread 2818-09-2026 00:29:34 [38;5;009m[ERROR]: [0mThis is a error message from thread 1418-09-2026 00:29:34 [38;5;009m[ERROR]: [0mThis is a error message from thread 1218-09-2026 00:29:34 [38;5;117m[DEBUG]: [0mThis is a debug message from thread 218-09-2026 00:29:34 [38;5;009m[ERROR]: [0mThis is a error message from thread 2218-09-2026 00:29:34 [38;5;117m[DEBUG]: [0mThis is a debug message from thread 1418-09-2026 00:29:34 [38;5;009m[ERROR]: [0mThis is a error message from thread 918-09-2026 00:29:34 [38;5;117m[DEBUG]: [0mThis is a debug message from thread 2218-09-2026 00:29:34 [38;5;117m[DEBUG]: [0mThis is a debug message from thread 2818-09-2026 00:29:34 [38;5;009m[ERROR]: [0mThis is a error message from thread 018-09-2026 00:29:34 [38;5;015m[INFO]: [0mThis is a info message from thread 2818-09-2026 00:29:34 [38;5;117m[DEBUG]: [0mThis is a debug message from thread 018-09-2026 00:29:34 [38;5;009m[ERROR]: [0mThis is a error message from thread 2718-09-2026 00:29:34 [38;5;117m[DEBUG]: [0mThis is a debug message from thread 1018-09-2026 00:29:34 [38;5;015m[INFO]: [0mThis is a info message from thread 218-09-2026 00:29:34 [38;5;015m[INFO]: [0mThis is a info message from thread 1618-09-2026 00:29:34 [38;5;117m[DEBUG]: [0mThis is a debug message from thread 1218-09-2026 00:29:34 [38;5;117m[DEBUG]: [0mThis is a debug message from thread 918-09-2026 00:29:34 [38;5;015m[INFO]: [0mThis is a info message from thread 018-09-2026 00:29:34 [38;5;117m[DEBUG]: [0mThis is a debug message from thread 2718-09-2026 00:29:34 [38;5;015m[INFO]: [0mThis is a info message from thread 2718-09-2026 00:29:34 [38;5;117m[DEBUG]: [0mThis is a debug message from thread 1818-09-2026 00:29:34 [38;5;015m[INFO]: [0mThis is a info message from thread 918-09-2026 00:29:34 [38;5;009m[ERROR]: [0mThis is a error message from thread 618-09-2026 00:29:34 [38;5;015m[INFO]: [0mThis is a info message from thread 1418-09-2026 00:29:34 [38;5;009m[ERROR]: [0mThis is a error message from thread 2818-09-2026 00:29:34 [38;5;015m[INFO]: [0mThis is a info message from thread 418-09-2026 00:29:34 [38;5;009m[ERROR]: [0mThis is a error message from thread 118-09-2026 00:29:34 [38;5;117m[DEBUG]: [0mThis is a debug message from thread 618-09-2026 00:29:34 [38;5;009m[ERROR]: [0mThis is a error message from thread 218-09-2026 00:29:34 [38;5;009m[ERROR]: [0mThis is a error message from thread 1418-09-2026 00:29:34 [38;5;009m[ERROR]: [0mThis is a error message from thread 1718-09-2026 00:29:34 [38;5;117m[DEBUG]: [0mThis is a debug message from thread 1318-09-2026 00:29:34 [38;5;117m[DEBUG]: [0mThis is a debug message from thread 518-09-2026 00:29:34 [38;5;015m[INFO]: [0mThis is a info message from thread 1118-09-2026 00:29:34 [38;5;015m[INFO]: [0mThis is a info message from thread 2118-09-2026 00:29:34 [38;5;015m[INFO]: [0mThis is a info message from thread 1918-09-2026 00:29:34 [38;5;009m[ERROR]: [0mThis is a error message from thread 918-09-2026 00:29:34 [38;5;015m[INFO]: [0mThis is a info message from thread 2918-09-2026 00:29:34 [38;5;015m[INFO]: [0mThis is a info message from thread 618-09-2026 00:29:34 [38;5;117m[DEBUG]: [0mThis is a debug message from thread 118-09-2026 00:29:34 [38;5;117m[DEBUG]: [0mThis is a debug message from thread 218-09-2026 00:29:34 [38;5;009m[ERROR]: [0mThis is a error message from thread 618-09-2026 00:29:34 [38;5;015m[INFO]: [0mThis is a info message from thread 518-09-2026 00:29:34 [38;5;009m[ERROR]: [0mThis is a error message from thread 1118-09-2026 00:29:34 [38;5;117m[DEBUG]: [0mThis is a debug message from thread 2818-09-2026 00:29:34 [38;5;117m[DEBUG]: [0mThis is a debug message from thread 918-09-2026 00:29:34 [38;5;117m[DEBUG]: [0mThis is a debug message from thread 2518-09-2026 00:29:34 [38;5;015m[INFO]: [0mThis is a info message from thread 218-09-2026 00:29:34 [38;5;117m[DEBUG]: [0mThis is a debug message from thread 1418-09-2026 00:29:34 [38;5;009m[ERROR]: [0mThis is a error message from thread 2118-09-2026 00:29:34 [38;5;015m[INFO]: [0mThis is a info message from thread 1218-09-2026 00:29:34 [38;5;117m[DEBUG]: [0mThis is a debug message from thread 1718-09-2026 00:29:34 [38;5;009m[ERROR]: [0mThis is a error message from thread 2718-09-2026 00:29:34 [38;5;009m[ERROR]: [0mThis is a error message from thread 018-09-2026 00:29:34 [38;5;009m[ERROR]: [0mThis is a error message from thread 518-09-2026 00:29:34 [38;5;009m[ERROR]: [0mThis is a error message from thread 2418-09-2026 00:29:34 [38;5;009m[ERROR]: [0mThis is a error message from thread 218-09-2026 00:29:34 [38;5;117m[DEBUG]: [0mThis is a debug message from thread 1118-09-2026 00:29:34 [38;5;015m[INFO]: [0mThis is a info message from thread 1818-09-2026 00:29:34 [38;5;015m[INFO]: [0mThis is a info message from thread 1718-09-2026 00:29:34 [38;5;117m[DEBUG]: [0mThis is a debug message from thread 2718-09-2026 00:29:34 [38;5;009m[ERROR]: [0mThis is a error message from thread 1218-09-2026 00:29:34 [38;5;117m[DEBUG]: [0mThis is a debug message from thread 2118-09-2026 00:29:34 [38;5;117m[DEBUG]: [0mThis is a debug message from thread 618-09-2026 00:29:34 [38;5;009m[ERROR]: [0mThis is a error message from thread 1718-09-2026 00:29:34 [38;5;117m[DEBUG]: [0mThis is a debug message from thread 218-09-2026 00:29:34 [38;5;015m[INFO]: [0mThis is a info message from thread 2218-09-2026 00:29:34 [38;5;009m[ERROR]: [0mThis is a error message from thread 1918-09-2026 00:29:34 [38;5;009m[ERROR]: [0mThis is a error message from thread 818-09-2026 00:29:34 [38;5;009m[ERROR]: [0mThis is a error message from thread 418-09-2026 00:29:34 [38;5;015m[INFO]: [0mThis is a info message from thread 2518-09-2026 00:29:34 [38;5;117m[DEBUG]: [0mThis is a debug message from thread 1718-09-2026 00:29:34 [38;5;117m[DEBUG]: [0mThis is a debug message from thread 818-09-2026 00:29:34 [38;5;015m[INFO]: [0mThis is a info message from thread 1318-09-2026 00:29:34 [38;5;015m[INFO]: [0mThis is a info message from thread 2118-09-2026 00:29:34 [38;5;015m[INFO]: [0mThis is a info message from thread 1418-09-2026 00:29:34 [38;5;015m[INFO]: [0mThis is a info message from thread 818-09-2026 00:29:34 [38;5;117m[DEBUG]: [0mThis is a debug message from thread 2418-09-2026 00:29:34 [38;5;117m[DEBUG]: [0mThis is a debug message from thread 418-09-2026 00:29:34 [38;5;117m[DEBUG]: [0mThis is a debug message from thread 1918-09-2026 00:29:34 [38;5;009m[ERROR]: [0mThis is a error message from thread 1418-09-2026 00:29:34 [38;5;009m[ERROR]: [0mThis is a error message from thread 1818-09-2026 00:29:34 [38;5;009m[ERROR]: [0mThis is a error message from thread 2218-09-2026 00:29:34 [38;5;117m[DEBUG]: [0mThis is a debug message from thread 518-09-2026 00:29:34 [38;5;015m[INFO]: [0mThis is a info message from thread 1918-09-2026 00:29:34 [38;5;009m[ERROR]: [0mThis is a error message from thread 2118-09-2026 00:29:34 [38;5;009m[ERROR]: [0mThis is a error message from thread 818-09-2026 00:29:34 [38;5;015m[INFO]: [0mThis is a info message from thread 118-09-2026 00:29:34 [38;5;117m[DEBUG]: [0mThis is a debug message from thread 018-09-2026 00:29:34 [38;5;117m[DEBUG]: [0mThis is a debug message from thread 1218-09-2026 00:29:34 [38;5;015m[INFO]: [0mThis is a info message from thread 518-09-2026 00:29:34 [38;5;009m[ERROR]: [0mThis is a error message from thread 2618-09-2026 00:29:34 [38;5;117m[DEBUG]: [0mThis is a debug message from thread 2618-09-2026 00:29:34 [38;5;015m[INFO]: [0mThis is a info message from thread 418-09-2026 00:29:34 [38;5;015m[INFO]: [0mThis is a info message from thread 2418-09-2026 00:29:34 [38;5;015m[INFO]: [0mThis is a info message from thread 1718-09-2026 00:29:34 [38;5;009m[ERROR]: [0mThis is a error message from thread 2418-09-2026 00:29:34 [38;5;117m[DEBUG]: [0mThis is a debug message from thread 1418-09-2026 00:29:34 [38;5;009m[ERROR]: [0mThis is a error message from thread 518-09-2026 00:29:34 [38;5;015m[INFO]: [0mThis is a info message from thread 1218-09-2026 00:29:34 [38;5;015m[INFO]: [0mThis is a info message from thread 2718-09-2026 00:29:34 [38;5;015m[INFO]: [0mThis is a info message from thread 2818-09-2026 00:29:34 [38;5;009m[ERROR]: [0mThis is a error message from thread 118-09-2026 00:29:34 [38;5;009m[ERROR]: [0mThis is a error message from thread 2818-09-2026 00:29:34 [38;5;009m[ERROR]: [0mThis is a error message from thread 2918-09-2026 00:29:34 [38;5;015m[INFO]: [0mThis is a info message from thread 918-09-2026 00:29:34 [38;5;117m[DEBUG]: [0mThis is a debug message from thread 2218-09-2026 00:29:34 [38;5;015m[INFO]: [0mThis is a info message from thread 018-09-2026 00:29:34 [38;5;009m[ERROR]: [0mThis is a error message from thread 2518-09-2026 00:29:34 [38;5;015m[INFO]: [0mThis is a info message from thread 1018-09-2026 00:29:34 [38;5;009m[ERROR]: [0mThis is a error message from thread 1918-09-2026 00:29:34 [38;5;015m[INFO]: [0mThis is a info message from thread 218-09-2026 00:29:34 [38;5;009m[ERROR]: [0mThis is a error message from thread 918-09-2026 00:29:34 [38;5;117m[DEBUG]: [0mThis is a debug message from thread 918-09-2026 00:29:34 [38;5;009m[ERROR]: [0mThis is a error message from thread 218-09-2026 00:29:34 [38;5;117m[DEBUG]: [0mThis is a debug message from thread 2918-09-2026 00:29:34 [38;5;009m[ERROR]: [0mThis is a error message from thread 018-09-2026 00:29:34 [38;5;015m[INFO]: [0mThis is a info message from thread 2218-09-2026 00:29:34 [38;5;117m[DEBUG]: [0mThis is a debug message from thread 518-09-2026 00:29:34 [38;5;117m[DEBUG]: [0mThis is a debug message from thread 1918-09-2026 00:29:34 [38;5;015m[INFO]: [0mThis is a info message from thread 1118-09-2026 00:29:34 [38;5;015m[INFO]: [0mThis is a info message from thread 518-09-2026 00:29:34 [38;5;117m[DEBUG]: [0mThis is a debug message from thread 018-09-2026 00:29:34 [38;5;015m[INFO]: [0mThis is a info message from thread 1918-09-2026 00:29:34 [38;5;117m[DEBUG]: [0mThis is a debug message from thread 118-09-2026 00:29:34 [38;5;009m[ERROR]: [0mThis is a error message from thread 1118-09-2026 00:29:34 [38;5;117m[DEBUG]: [0mThis is a debug message from thread 818-09-2026 00:29:34 [38;5;015m[INFO]: [0mThis is a info message from thread 2618-09-2026 00:29:34 [38;5;009m[ERROR]: [0mThis is a error message from thread 2218-09-2026 00:29:34 [38;5;009m[ERROR]: [0mThis is a error message from thread 1618-09-2026 00:29:34 [38;5;009m[ERROR]: [0mThis is a error message from thread 1018-09-2026 00:29:34 [38;5;117m[DEBUG]: [0mThis is a debug message from thread 1118-09-2026 00:29:34 [38;5;015m[INFO]: [0mThis is a info message from thread 118-09-2026 00:29:34 [38;5;009m[ERROR]: [0mThis is a error message from thread 418-09-2026 00:29:34 [38;5;009m[ERROR]: [0mThis is a error message from thread 1918-09-2026 00:29:34 [38;5;009m[ERROR]: [0mThis is a error message from thread 2618-09-2026 00:29:34 [38;5;015m[INFO]: [0mThis is a info message from thread 1418-09-2026 00:29:34 [38;5;117m[DEBUG]: [0mThis is a debug message from thread 1018-09-2026 00:29:34 [38;5;009m[ERROR]: [0mThis is a error message from thread 518-09-2026 00:29:34 [38;5;117m[DEBUG]: [0mThis is a debug message from thread 2218-09-2026 00:29:34 [38;5;117m[DEBUG]: [0mThis is a debug message from thread 1918-09-2026 00:29:34 [38;5;015m[INFO]: [0mThis is a info message from thread 818-09-2026 00:29:34 [38;5;015m[INFO]: [0mThis is a info message from thread 018-09-2026 00:29:34 [38;5;117m[DEBUG]: [0mThis is a debug message from thread 2118-09-2026 00:29:34 [38;5;015m[INFO]: [0mThis is a info message from thread 1918-09-2026 00:29:34 [38;5;117m[DEBUG]: [0mThis is a debug message from thread 2618-09-2026 00:29:34 [38;5;009m[ERROR]: [0mThis is a error message from thread 818-09-2026 00:29:34 [38;5;117m[DEBUG]: [0mThis is a debug message from thread 518-09-2026 00:29:34 [38;5;009m[ERROR]: [0mThis is a error message from thread 1718-09-2026 00:29:34 [38;5;117m[DEBUG]: [0mThis is a debug message from thread 1818-09-2026 00:29:34 [38;5;117m[DEBUG]: [0mThis is a debug message from thread 418-09-2026 00:29:34 [38;5;015m[INFO]: [0mThis is a info message from thread 518-09-2026 00:29:34 [38;5;015m[INFO]: [0mThis is a info message from thread 418-09-2026 00:29:34 [38;5;009m[ERROR]: [0mThis is a error message from thread 118-09-2026 00:29:34 [38;5;009m[ERROR]: [0mThis is a error message from thread 518-09-2026 00:29:34 [38;5;015m[INFO]: [0mThis is a info message from thread 1818-09-2026 00:29:34 [38;5;009m[ERROR]: [0mThis is a error message from thread 418-09-2026 00:29:34 [38;5;117m[DEBUG]: [0mThis is a debug message from thread 818-09-2026 00:29:34 [38;5;015m[INFO]: [0mThis is a info message from thread 2218-09-2026 00:29:34 [38;5;117m[DEBUG]: [0mThis is a debug message from thread 418-09-2026 00:29:34 [38;5;117m[DEBUG]: [0mThis is a debug message from thread 2818-09-2026 00:29:34 [38;5;117m[DEBUG]: [0mThis is a debug message from thread 518-09-2026 00:29:34 [38;5;117m[DEBUG]: [0mThis is a debug message from thread 2518-09-2026 00:29:34 [38;5;015m[INFO]: [0mThis is a info message from thread 2918-09-2026 00:29:34 [38;5;117m[DEBUG]: [0mThis is a debug message from thread 218-09-2026 00:29:34 [38;5;009m[ERROR]: [0mThis is a error message from thread 1218-09-2026 00:29:34 [38;5;009m[ERROR]: [0mThis is a error message from thread 1918-09-2026 00:29:34 [38;5;009m[ERROR]: [0mThis is a error message from thread 018-09-2026 00:29:34 [38;5;117m[DEBUG]: [0mThis is a debug message from thread 1618-09-2026 00:29:34 [38;5;009m[ERROR]: [0mThis is a error message from thread 1318-09-2026 00:29:34 [38;5;015m[INFO]: [0mThis is a info message from thread 1018-09-2026 00:29:34 [38;5;117m[DEBUG]: [0mThis is a debug message from thread 2418-09-2026 00:29:34 [38;5;015m[INFO]: [0mThis is a info message from thread 618-09-2026 00:29:34 [38;5;117m[DEBUG]: [0mThis is a debug message from thread 1918-09-2026 00:29:34 [38;5;117m[DEBUG]: [0mThis is a debug message from thread 1218-09-2026 00:29:34 [38;5;015m[INFO]: [0mThis is a info message from thread 1918-09-2026 00:29:34 [38;5;015m[INFO]: [0mThis is a info message from thread 1118-09-2026 00:29:34 [38;5;009m[ERROR]: [0mThis is a error message from thread 1918-09-2026 00:29:34 [38;5;009m[ERROR]: [0mThis is a error message from thread 618-09-2026 00:29:34 [38;5;009m[ERROR]: [0mThis is a error message from thread 2218-09-2026 00:29:34 [38;5;015m[INFO]: [0mThis is a info message from thread 2418-09-2026 00:29:34 [38;5;009m[ERROR]: [0mThis is a error message from thread 1418-09-2026 00:29:34 [38;5;009m[ERROR]: [0mThis is a error message from thread 1018-09-2026 00:29:34 [38;5;015m[INFO]: [0mThis is a info message from thread 918-09-2026 00:29:34 [38;5;117m[DEBUG]: [0mThis is a debug message from thread 1918-09-2026 00:29:34 [38;5;015m[INFO]: [0mThis is a info message from thread 218-09-2026 00:29:34 [38;5;015m[INFO]: [0mThis is a info message from thread 1618-09-2026 00:29:34 [38;5;117m[DEBUG]: [0mThis is a debug message from thread 1418-09-2026 00:29:34 [38;5;015m[INFO]: [0mThis is a info message from thread 1918-09-2026 00:29:34 [38;5;009m[ERROR]: [0mThis is a error message from thread 2418-09-2026 00:29:34 [38;5;009m[ERROR]: [0mThis is a error message from thread 1918-09-2026 00:29:34 [38;5;009m[ERROR]: [0mThis is a error message from thread 1618-09-2026 00:29:34 [38;5;015m[INFO]: [0mThis is a info message from thread 1418-09-2026 00:29:34 [38;5;117m[DEBUG]: [0mThis is a debug message from thread 2418-09-2026 00:29:34 [38;5;009m[ERROR]: [0mThis is a error message from thread 918-09-2026 00:29:34 [38;5;117m[DEBUG]: [0mThis is a debug message from thread 1618-09-2026 00:29:34 [38;5;117m[DEBUG]: [0mThis is a debug message from thread 1018-09-2026 00:29:34 [38;5;015m[INFO]: [0mThis is a info message from thread 2818-09-2026 00:29:34 [38;5;117m[DEBUG]: [0mThis is a debug message from thread 918-09-2026 00:29:34 [38;5;117m[DEBUG]: [0mThis is a debug message from thread 1918-09-2026 00:29:34 [38;5;009m[ERROR]: [0mThis is a error message from thread 1418-09-2026 00:29:34 [38;5;015m[INFO]: [0mThis is a info message from thread 918-09-2026 00:29:34 [38;5;117m[DEBUG]: [0mThis is a debug message from thread 1418-09-2026 00:29:34 [38;5;009m[ERROR]: [0mThis is a error message from thread 2718-09-2026 00:29:34 [38;5;117m[DEBUG]: [0mThis is a debug message from thread 1718-09-2026 00:29:34 [38;5;117m[DEBUG]: [0mThis is a debug message from thread 618-09-2026 00:29:34 [38;5;009m[ERROR]: [0mThis is a error message from thread 2818-09-2026 00:29:34 [38;5;015m[INFO]: [0mThis is a info message from thread 2418-09-2026 00:29:34 [38;5;015m[INFO]: [0mThis is a info message from thread 618-09-2026 00:29:34 [38;5;015m[INFO]: [0mThis is a info message from thread 418-09-2026 00:29:34 [38;5;015m[INFO]: [0mThis is a info message from thread 1218-09-2026 00:29:34 [38;5;015m[INFO]: [0mThis is a info message from thread 1618-09-2026 00:29:34 [38;5;015m[INFO]: [0mThis is a info message from thread 1418-09-2026 00:29:34 [38;5;009m[ERROR]: [0mThis is a error message from thread 418-09-2026 00:29:34 [38;5;015m[INFO]: [0mThis is a info message from thread 1718-09-2026 00:29:34 [38;5;117m[DEBUG]: [0mThis is a debug message from thread 2818-09-2026 00:29:34 [38;5;117m[DEBUG]: [0mThis is a debug message from thread 1318-09-2026 00:29:34 [38;5;015m[INFO]: [0mThis is a info message from thread 2818-09-2026 00:29:34 [38;5;009m[ERROR]: [0mThis is a error message from thread 2418-09-2026 00:29:34 [38;5;009m[ERROR]: [0mThis is a error message from thread 618-09-2026 00:29:34 [38;5;009m[ERROR]: [0mThis is a error message from thread 2818-09-2026 00:29:34 [38;5;117m[DEBUG]: [0mThis is a debug message from thread 418-09-2026 00:29:34 [38;5;117m[DEBUG]: [0mThis is a debug message from thread 2718-09-2026 00:29:34 [38;5;015m[INFO]: [0mThis is a info message from thread 1318-09-2026 00:29:34 [38;5;009m[ERROR]: [0mThis is a error message from thread 1318-09-2026 00:29:34 [38;5;009m[ERROR]: [0mThis is a error message from thread 1718-09-2026 00:29:34 [38;5;117m[DEBUG]: [0mThis is a debug message from thread 2818-09-2026 00:29:34 [38;5;015m[INFO]: [0mThis is a info message from thread 1018-09-2026 00:29:34 [38;5;015m[INFO]: [0mThis is a info message from thread 2818-09-2026 00:29:34 [38;5;015m[INFO]: [0mThis is a info message from thread 418-09-2026 00:29:34 [38;5;117m[DEBUG]: [0mThis is a debug message from thread 2218-09-2026 00:29:34 [38;5;117m[DEBUG]: [0mThis is a debug message from thread 1718-09-2026 00:29:34 [38;5;015m[INFO]: [0mThis is a info message from thread 1718-09-2026 00:29:34 [38;5;009m[ERROR]: [0mThis is a error message from thread 2818-09-2026 00:29:34 [38;5;015m[INFO]: [0mThis is a info message from thread 2518-09-2026 00:29:34 [38;5;009m[ERROR]: [0mThis is a error message from thread 218-09-2026 00:29:34 [38;5;009m[ERROR]: [0mThis is a error message from thread 918-09-2026 00:29:34 [38;5;117m[DEBUG]: [0mThis is a debug message from thread 618-09-2026 00:29:34 [38;5;009m[ERROR]: [0mThis is a error message from thread 418-09-2026 00:29:34 [38;5;015m[INFO]: [0mThis is a info message from thread 1918-09-2026 00:29:34 [38;5;009m[ERROR]: [0mThis is a error message from thread 1218-09-2026 00:29:34 [38;5;117m[DEBUG]: [0mThis is a debug message from thread 2418-09-2026 00:29:34 [38;5;117m[DEBUG]: [0mThis is a debug message from thread 418-09-2026 00:29:34 [38;5;009m[ERROR]: [0mThis is a error message from thread 1918-09-2026 00:29:34 [38;5;009m[ERROR]: [0mThis is a error message from thread 1718-09-2026 00:29:34 [38;5;117m[DEBUG]: [0mThis is a debug message from thread 1718-09-2026 00:29:34 [38;5;117m[DEBUG]: [0mThis is a debug message from thread 2818-09-2026 00:29:34 [38;5;009m[ERROR]: [0mThis is a error message from thread 2918-09-2026 00:29:34 [38;5;117m[DEBUG]: [0mThis is a debug message from thread 1218-09-2026 00:29:34 [38;5;117m[DEBUG]: [0mThis is a debug message from thread 918-09-2026 00:29:34 [38;5;117m[DEBUG]: [0mThis is a debug message from thread 2918-09-2026 00:29:34 [38;5;015m[INFO]: [0mThis is a info message from thread 1718-09-2026 00:29:34 [38;5;009m[ERROR]: [0mThis is a error message from thread 1018-09-2026 00:29:34 [38;5;009m[ERROR]: [0mThis is a error message from thread 2518-09-2026 00:29:34 [38;5;117m[DEBUG]: [0mThis is a debug message from thread 2518-09-2026 00:29:34 [38;5;015m[INFO]: [0mThis is a info message from thread 818-09-2026 00:29:34 [38;5;015m[INFO]: [0mThis is a info message from thread 418-09-2026 00:29:34 [38;5;009m[ERROR]: [0mThis is a error message from thread 818-09-2026 00:29:34 [38;5;009m[ERROR]: [0mThis is a error message from thread 418-09-2026 00:29:34 [38;5;117m[DEBUG]: [0mThis is a debug message from thread 818-09-2026 00:29:34 [38;5;117m[DEBUG]: [0mThis is a debug message from thread 418-09-2026 00:29:34 [38;5;015m[INFO]: [0mThis is a info message from thread 2818-09-2026 00:29:34 [38;5;015m[INFO]: [0mThis is a info message from thread 418-09-2026 00:29:34 [38;5;015m[INFO]: [0mThis is a info message from thread 2718-09-2026 00:29:34 [38;5;009m[ERROR]: [0mThis is a error message from thread 1618-09-2026 00:29:34 [38;5;009m[ERROR]: [0mThis is a error message from thread 2718-09-2026 00:29:34 [38;5;117m[DEBUG]: [0mThis is a debug message from thread 1918-09-2026 00:29:34 [38;5;015m[INFO]: [0mThis is a info message from thread 618-09-2026 00:29:34 [38;5;009m[ERROR]: [0mThis is a error message from thread 1718-09-2026 00:29:34 [38;5;015m[INFO]: [0mThis is a info message from thread 1918-09-2026 00:29:34 [38;5;009m[ERROR]: [0mThis is a error message from thread 618-09-2026 00:29:34 [38;5;117m[DEBUG]: [0mThis is a debug message from thread 1718-09-2026 00:29:34 [38;5;009m[ERROR]: [0mThis is a error message from thread 1918-09-2026 00:29:34 [38;5;009m[ERROR]: [0mThis is a error message from thread 1818-09-2026 00:29:34 [38;5;015m[INFO]: [0mThis is a info message from thread 1718-09-2026 00:29:34 [38;5;117m[DEBUG]: [0mThis is a debug message from thread 618-09-2026 00:29:34 [38;5;117m[DEBUG]: [0mThis is a debug message from thread 1918-09-2026 00:29:34 [38;5;009m[ERROR]: [0mThis is a error message from thread 1718-09-2026 00:29:34 [38;5;117m[DEBUG]: [0mThis is a debug message from thread 1818-09-2026 00:29:34 [38;5;015m[INFO]: [0mThis is a info message from thread 1918-09-2026 00:29:34 [38;5;015m[INFO]: [0mThis is a info message from thread 618-09-2026 00:29:34 [38;5;015m[INFO]: [0mThis is a info message from thread 1818-09-2026 00:29:34 [38;5;117m[DEBUG]: [0mThis is a debug message from thread 1718-09-2026 00:29:34 [38;5;009m[ERROR]: [0mThis is a error message from thread 418-09-2026 00:29:34 [38;5;117m[DEBUG]: [0mThis is a debug message from thread 218-09-2026 00:29:34 [38;5;015m[INFO]: [0mThis is a info message from thread 918-09-2026 00:29:34 [38;5;117m[DEBUG]: [0mThis is a debug message from thread 418-09-2026 00:29:34 [38;5;117m[DEBUG]: [0mThis is a debug message from thread 1318-09-2026 00:29:34 [38;5;015m[INFO]: [0mThis is a info message from thread 418-09-2026 00:29:34 [38;5;015m[INFO]: [0mThis is a info message from thread 218-09-2026 00:29:34 [38;5;015m[INFO]: [0mThis is a info message from thread 1718-09-2026 00:29:34 [38;5;009m[ERROR]: [0mThis is a error message from thread 918-09-2026 00:29:34 [38;5;015m[INFO]: [0mThis is a info message from thread 2618-09-2026 00:29:34 [38;5;117m[DEBUG]: [0mThis is a debug message from thread 1618-09-2026 00:29:34 [38;5;015m[INFO]: [0mThis is a info message from thread 1318-09-2026 00:29:34 [38;5;009m[ERROR]: [0mThis is a error message from thread 1818-09-2026 00:29:34 [38;5;009m[ERROR]: [0mThis is a error message from thread 2618-09-2026 00:29:34 [38;5;009m[ERROR]: [0mThis is a error message from thread 1918-09-2026 00:29:34 [38;5;015m[INFO]: [0mThis is a info message from thread 518-09-2026 00:29:34 [38;5;015m[INFO]: [0mThis is a info message from thread 2418-09-2026 00:29:34 [38;5;015m[INFO]: [0mThis is a info message from thread 1618-09-2026 00:29:34 [38;5;117m[DEBUG]: [0mThis is a debug message from thread 2618-09-2026 00:29:34 [38;5;015m[INFO]: [0mThis is a info message from thread 1218-09-2026 00:29:34 [38;5;015m[INFO]: [0mThis is a info message from thread 2118-09-2026 00:29:34 [38;5;009m[ERROR]: [0mThis is a error message from thread 1318-09-2026 00:29:34 [38;5;009m[ERROR]: [0mThis is a error message from thread 1118-09-2026 00:29:34 [38;5;009m[ERROR]: [0mThis is a error message from thread 1218-09-2026 00:29:34 [38;5;009m[ERROR]: [0mThis is a error message from thread 2118-09-2026 00:29:34 [38;5;117m[DEBUG]: [0mThis is a debug message from thread 1318-09-2026 00:29:34 [38;5;015m[INFO]: [0mThis is a info message from thread 2518-09-2026 00:29:34 [38;5;015m[INFO]: [0mThis is a info message from thread 818-09-2026 00:29:34 [38;5;117m[DEBUG]: [0mThis is a debug message from thread 1218-09-2026 00:29:34 [38;5;117m[DEBUG]: [0mThis is a debug message from thread 1018-09-2026 00:29:34 [38;5;009m[ERROR]: [0mThis is a error message from thread 2518-09-2026 00:29:34 [38;5;009m[ERROR]: [0mThis is a error message from thread 218-09-2026 00:29:34 [38;5;015m[INFO]: [0mThis is a info message from thread 1018-09-2026 00:29:34 [38;5;117m[DEBUG]: [0mThis is a debug message from thread 2518-09-2026 00:29:34 [38;5;117m[DEBUG]: [0mThis is a debug message from thread 1918-09-2026 00:29:34 [38;5;117m[DEBUG]: [0mThis is a debug message from thread 218-09-2026 00:29:34 [38;5;009m[ERROR]: [0mThis is a error message from thread 618-09-2026 00:29:34 [38;5;015m[INFO]: [0mThis is a info message from thread 2518-09-2026 00:29:34 [38;5;117m[DEBUG]: [0mThis is a debug message from thread 2718-09-2026 00:29:34 [38;5;009m[ERROR]: [0mThis is a error message from thread 418-09-2026 00:29:34 [38;5;009m[ERROR]: [0mThis is a error message from thread 518-09-2026 00:29:34 [38;5;015m[INFO]: [0mThis is a info message from thread 1918-09-2026 00:29:34 [38;5;009m[ERROR]: [0mThis is a error message from thread 2418-09-2026 00:29:34 [38;5;117m[DEBUG]: [0mThis is a debug message from thread 1118-09-2026 00:29:34 [38;5;117m[DEBUG]: [0mThis is a debug message from thread 1818-09-2026 00:29:34 [38;5;117m[DEBUG]: [0mThis is a debug message from thread 918-09-2026 00:29:34 [38;5;009m[ERROR]: [0mThis is a error message from thread 1718-09-2026 00:29:34 [38;5;117m[DEBUG]: [0mThis is a debug message from thread 518-09-2026 00:29:34 [38;5;015m[INFO]: [0mThis is a info message from thread 1818-09-2026 00:29:34 [38;5;117m[DEBUG]: [0mThis is a debug message from thread 018-09-2026 00:29:34 [38;5;009m[ERROR]: [0mThis is a error message from thread 1418-09-2026 00:29:34 [38;5;117m[DEBUG]: [0mThis is a debug message from thread 418-09-2026 00:29:34 [38;5;009m[ERROR]: [0mThis is a error message from thread 818-09-2026 00:29:34 [38;5;009m[ERROR]: [0mThis is a error message from thread 2818-09-2026 00:29:34 [38;5;015m[INFO]: [0mThis is a info message from thread 1118-09-2026 00:29:34 [38;5;117m[DEBUG]: [0mThis is a debug message from thread 1418-09-2026 00:29:34 [38;5;015m[INFO]: [0mThis is a info message from thread 418-09-2026 00:29:34 [38;5;009m[ERROR]: [0mThis is a error message from thread 2518-09-2026 00:29:34 [38;5;015m[INFO]: [0mThis is a info message from thread 1418-09-2026 00:29:34 [38;5;009m[ERROR]: [0mThis is a error message from thread 418-09-2026 00:29:34 [38;5;117m[DEBUG]: [0mThis is a debug message from thread 2518-09-2026 00:29:34 [38;5;009m[ERROR]: [0mThis is a error message from thread 1418-09-2026 00:29:34 [38;5;117m[DEBUG]: [0mThis is a debug message from thread 818-09-2026 00:29:34 [38;5;117m[DEBUG]: [0mThis is a debug message from thread 618-09-2026 00:29:34 [38;5;117m[DEBUG]: [0mThis is a debug message from thread 418-09-2026 00:29:34 [38;5;015m[INFO]: [0mThis is a info message from thread 818-09-2026 00:29:34 [38;5;015m[INFO]: [0mThis is a info message from thread 618-09-2026 00:29:34 [38;5;015m[INFO]: [0mThis is a info message from thread 418-09-2026 00:29:34 [38;5;015m[INFO]: [0mThis is a info message from thread 2918-09-2026 00:29:34 [38;5;009m[ERROR]: [0mThis is a error message from thread 1918-09-2026 00:29:34 [38;5;117m[DEBUG]: [0mThis is a debug message from thread 2418-09-2026 00:29:34 [38;5;015m[INFO]: [0mThis is a info message from thread 1318-09-2026 00:29:34 [38;5;015m[INFO]: [0mThis is a info message from thread 218-09-2026 00:29:34 [38;5;009m[ERROR]: [0mThis is a error message from thread 1318-09-2026 00:29:34 [38;5;015m[INFO]: [0mThis is a info message from thread 1218-09-2026 00:29:34 [38;5;009m[ERROR]: [0mThis is a error message from thread 218-09-2026 00:29:34 [38;5;009m[ERROR]: [0mThis is a error message from thread 1218-09-2026 00:29:34 [38;5;015m[INFO]: [0mThis is a info message from thread 2218-09-2026 00:29:34 [38;5;117m[DEBUG]: [0mThis is a debug message from thread 1318-09-2026 00:29:34 [38;5;009m[ERROR]: [0mThis is a error message from thread 1018-09-2026 00:29:34 [38;5;117m[DEBUG]: [0mThis is a debug message from thread 1718-09-2026 00:29:34 [38;5;117m[DEBUG]: [0mThis is a debug message from thread 1218-09-2026 00:29:34 [38;5;117m[DEBUG]: [0mThis is a debug message from thread 1418-09-2026 00:29:34 [38;5;009m[ERROR]: [0mThis is a error message from thread 418-09-2026 00:29:34 [38;5;117m[DEBUG]: [0mThis is a debug message from thread 218-09-2026 00:29:34 [38;5;009m[ERROR]: [0mThis is a error message from thread 1618-09-2026 00:29:34 [38;5;009m[ERROR]: [0mThis is a error message from thread 1818-09-2026 00:29:34 [38;5;015m[INFO]: [0mThis is a info message from thread 2718-09-2026 00:29:34 [38;5;117m[DEBUG]: [0mThis is a debug message from thread 2118-09-2026 00:29:34 [38;5;015m[INFO]: [0mThis is a info message from thread 1318-09-2026 00:29:34 [38;5;015m[INFO]: [0mThis is a info message from thread 018-09-2026 00:29:34 [38;5;015m[INFO]: [0mThis is a info message from thread 1718-09-2026 00:29:34 [38;5;117m[DEBUG]: [0mThis is a debug message from thread 1618-09-2026 00:29:34 [38;5;117m[DEBUG]: [0mThis is a debug message from thread 1018-09-2026 00:29:34 [38;5;009m[ERROR]: [0mThis is a error message from thread 2718-09-2026 00:29:34 [38;5;117m[DEBUG]: [0mThis is a debug message from thread 418-09-2026 00:29:34 [38;5;015m[INFO]: [0mThis is a info message from thread 518-09-2026 00:29:34 [38;5;015m[INFO]: [0mThis is a info message from thread 418-09-2026 00:29:34 [38;5;015m[INFO]: [0mThis is a info message from thread 918-09-2026 00:29:34 [38;5;117m[DEBUG]: [0mThis is a debug message from thread 2818-09-2026 00:29:34 [38;5;015m[INFO]: [0mThis is a info message from thread 1018-09-2026 00:29:34 [38;5;009m[ERROR]: [0mThis is a error message from thread 1718-09-2026 00:29:34 [38;5;009m[ERROR]: [0mThis is a error message from thread 1118-09-2026 00:29:34 [38;5;009m[ERROR]: [0mThis is a error message from thread 2918-09-2026 00:29:34 [38;5;015m[INFO]: [0mThis is a info message from thread 1418-09-2026 00:29:34 [38;5;015m[INFO]: [0mThis is a info message from thread 2618-09-2026 00:29:34 [38;5;015m[INFO]: [0mThis is a info message from thread 218-09-2026 00:29:34 [38;5;117m[DEBUG]: [0mThis is a debug message from thread 1818-09-2026 00:29:34 [38;5;117m[DEBUG]: [0mThis is a debug message from thread 2718-09-2026 00:29:34 [38;5;009m[ERROR]: [0mThis is a error message from thread 1018-09-2026 00:29:34 [38;5;009m[ERROR]: [0mThis is a error message from thread 2618-09-2026 00:29:34 [38;5;117m[DEBUG]: [0mThis is a debug message from thread 1718-09-2026 00:29:34 [38;5;009m[ERROR]: [0mThis is a error message from thread 918-09-2026 00:29:34 [38;5;009m[ERROR]: [0mThis is a error message from thread 1318-09-2026 00:29:34 [38;5;117m[DEBUG]: [0mThis is a debug message from thread 918-09-2026 00:29:34 [38;5;117m[DEBUG]: [0mThis is a debug message from thread 1318-09-2026 00:29:34 [38;5;015m[INFO]: [0mThis is a info message from thread 1718-09-2026 00:29:34 [38;5;117m[DEBUG]: [0mThis is a debug message from thread 1018-09-2026 00:29:34 [38;5;117m[DEBUG]: [0mThis is a debug message from thread 2918-09-2026 00:29:34 [38;5;015m[INFO]: [0mThis is a info message from thread 918-09-2026 00:29:34 [38;5;009m[ERROR]: [0mThis is a error message from thread 018-09-2026 00:29:34 [38;5;009m[ERROR]: [0mThis is a error message from thread 218-09-2026 00:29:34 [38;5;009m[ERROR]: [0mThis is a error message from thread 918-09-2026 00:29:34 [38;5;009m[ERROR]: [0mThis is a error message from thread 1418-09-2026 00:29:34 [38;5;009m[ERROR]: [0mThis is a error message from thread 418-09-2026 00:29:34 [38;5;009m[ERROR]: [0mThis is a error message from thread 618-09-2026 00:29:34 [38;5;117m[DEBUG]: [0mThis is a debug message from thread 1118-09-2026 00:29:34 [38;5;009m[ERROR]: [0mThis is a error message from thread 1718-09-2026 00:29:34 [38;5;117m[DEBUG]: [0mThis is a debug message from thread 1418-09-2026 00:29:34 [38;5;015m[INFO]: [0mThis is a info message from thread 2418-09-2026 00:29:34 [38;5;015m[INFO]: [0mThis is a info message from thread 2118-09-2026 00:29:34 [38;5;009m[ERROR]: [0mThis is a error message from thread 2218-09-2026 00:29:34 [38;5;117m[DEBUG]: [0mThis is a debug message from thread 418-09-2026 00:29:34 [38;5;117m[DEBUG]: [0mThis is a debug message from thread 018-09-2026 00:29:34 [38;5;015m[INFO]: [0mThis is a info message from thread 2718-09-2026 00:29:34 [38;5;015m[INFO]: [0mThis is a info message from thread 1018-09-2026 00:29:34 [38;5;015m[INFO]: [0mThis is a info message from thread 2818-09-2026 00:29:34 [38;5;015m[INFO]: [0mThis is a info message from thread 1118-09-2026 00:29:34 [38;5;009m[ERROR]: [0mThis is a error message from thread 2718-09-2026 00:29:34 [38;5;117m[DEBUG]: [0mThis is a debug message from thread 2218-09-2026 00:29:34 [38;5;117m[DEBUG]: [0mThis is a debug message from thread 1718-09-2026 00:29:34 [38;5;015m[INFO]: [0mThis is a info message from thread 2918-09-2026 00:29:34 [38;5;015m[INFO]: [0mThis is a info message from thread 018-09-2026 00:29:34 [38;5;015m[INFO]: [0mThis is a info message from thread 1818-09-2026 00:29:34 [38;5;117m[DEBUG]: [0mThis is a debug message from thread 218-09-2026 00:29:34 [38;5;015m[INFO]: [0mThis is a info message from thread 418-09-2026 00:29:34 [38;5;009m[ERROR]: [0mThis is a error message from thread 1118-09-2026 00:29:34 [38;5;117m[DEBUG]: [0mThis is a debug message from thread 618-09-2026 00:29:34 [38;5;015m[INFO]: [0mThis is a info message from thread 1218-09-2026 00:29:34 [38;5;015m[INFO]: [0mThis is a info message from thread 1318-09-2026 00:29:34 [38;5;117m[DEBUG]: [0mThis is a debug message from thread 918-09-2026 00:29:34 [38;5;015m[INFO]: [0mThis is a info message from thread 218-09-2026 00:29:34 [38;5;009m[ERROR]: [0mThis is a error message from thread 1018-09-2026 00:29:34 [38;5;009m[ERROR]: [0mThis is a error message from thread 2818-09-2026 00:29:34 [38;5;117m[DEBUG]: [0mThis is a debug message from thread 2618-09-2026 00:29:34 [38;5;117m[DEBUG]: [0mThis is a debug message from thread 1118-09-2026 00:29:34 [38;5;009m[ERROR]: [0mThis is a error message from thread 2418-09-2026 00:29:34 [38;5;009m[ERROR]: [0mThis is a error message from thread 218-09-2026 00:29:34 [38;5;015m[INFO]: [0mThis is a info message from thread 918-09-2026 00:29:34 [38;5;117m[DEBUG]: [0mThis is a debug message from thread 2718-09-2026 00:29:34 [38;5;117m[DEBUG]: [0mThis is a debug message from thread 218-09-2026 00:29:34 [38;5;009m[ERROR]: [0mThis is a error message from thread 518-09-2026 00:29:34 [38;5;009m[ERROR]: [0mThis is a error message from thread 418-09-2026 00:29:34 [38;5;117m[DEBUG]: [0mThis is a debug message from thread 1018-09-2026 00:29:34 [38;5;015m[INFO]: [0mThis is a info message from thread 1618-09-2026 00:29:34 [38;5;015m[INFO]: [0mThis is a info message from thread 2618-09-2026 00:29:34 [38;5;117m[DEBUG]: [0mThis is a debug message from thread 2418-09-2026 00:29:34 [38;5;009m[ERROR]: [0mThis is a error message from thread 1618-09-2026 00:29:34 [38;5;015m[INFO]: [0mThis is a info message from thread 2418-09-2026 00:29:34 [38;5;015m[INFO]: [0mThis is a info message from thread 1018-09-2026 00:29:34 [38;5;015m[INFO]: [0mThis is a info message from thread 1118-09-2026 00:29:34 [38;5;117m[DEBUG]: [0mThis is a debug message from thread 518-09-2026 00:29:34 [38;5;009m[ERROR]: [0mThis is a error message from thread 1818-09-2026 00:29:34 [38;5;009m[ERROR]: [0mThis is a error message from thread 918-09-2026 00:29:34 [38;5;009m[ERROR]: [0mThis is a error message from thread 1018-09-2026 00:29:34 [38;5;117m[DEBUG]: [0mThis is a debug message from thread 1918-09-2026 00:29:34 [38;5;009m[ERROR]: [0mThis is a error message from thread 2918-09-2026 00:29:34 [38;5;015m[INFO]: [0mThis is a info message from thread 1918-09-2026 00:29:34 [38;5;117m[DEBUG]: [0mThis is a debug message from thread 418-09-2026 00:29:34 [38;5;009m[ERROR]: [0mThis is a error message from thread 818-09-2026 00:29:34 [38;5;009m[ERROR]: [0mThis is a error message from thread 1218-09-2026 00:29:34 [38;5;009m[ERROR]: [0mThis is a error message from thread 1318-09-2026 00:29:34 [38;5;117m[DEBUG]: [0mThis is a debug message from thread 2818-09-2026 00:29:34 [38;5;009m[ERROR]: [0mThis is a error message from thread 1918-09-2026 00:29:34 [38;5;009m[ERROR]: [0mThis is a error message from thread 018-09-2026 00:29:34 [38;5;015m[INFO]: [0mThis is a info message from thread 2518-09-2026 00:29:34 [38;5;117m[DEBUG]: [0mThis is a debug message from thread 1218-09-2026 00:29:34 [38;5;015m[INFO]: [0mThis is a info message from thread 518-09-2026 00:29:34 [38;5;117m[DEBUG]: [0mThis is a debug message from thread 1918-09-2026 00:29:34 [38;5;009m[ERROR]: [0mThis is a error message from thread 518-09-2026 00:29:34 [38;5;015m[INFO]: [0mThis is a info message from thread 2718-09-2026 00:29:34 [38;5;015m[INFO]: [0mThis is a info message from thread 2818-09-2026 00:29:34 [38;5;009m[ERROR]: [0mThis is a error message from thread 1118-09-2026 00:29:34 [38;5;009m[ERROR]: [0mThis is a error message from thread 2818-09-2026 00:29:34 [38;5;117m[DEBUG]: [0mThis is a debug message from thread 1118-09-2026 00:29:34 [38;5;009m[ERROR]: [0mThis is a error message from thread 2718-09-2026 00:29:34 [38;5;117m[DEBUG]: [0mThis is a debug message from thread 2718-09-2026 00:29:34 [38;5;117m[DEBUG]: [0mThis is a debug message from thread 2818-09-2026 00:29:34 [38;5;117m[DEBUG]: [0mThis is a debug message from thread 518-09-2026 00:29:34 [38;5;015m[INFO]: [0mThis is a info message from thread 1418-09-2026 00:29:34 [38;5;009m[ERROR]: [0mThis is a error message from thread 2518-09-2026 00:29:34 [38;5;009m[ERROR]: [0mThis is a error message from thread 1418-09-2026 00:29:34 [38;5;117m[DEBUG]: [0mThis is a debug message from thread 2518-09-2026 00:29:34 [38;5;015m[INFO]: [0mThis is a info message from thread 1218-09-2026 00:29:34 [38;5;009m[ERROR]: [0mThis is a error message from thread 2418-09-2026 00:29:34 [38;5;015m[INFO]: [0mThis is a info message from thread 2218-09-2026 00:29:34 [38;5;015m[INFO]: [0mThis is a info message from thread 1118-09-2026 00:29:34 [38;5;015m[INFO]: [0mThis is a info message from thread 618-09-2026 00:29:34 [38;5;117m[DEBUG]: [0mThis is a debug message from thread 1818-09-2026 00:29:34 [38;5;015m[INFO]: [0mThis is a info message from thread 418-09-2026 00:29:34 [38;5;117m[DEBUG]: [0mThis is a debug message from thread 1318-09-2026 00:29:34 [38;5;009m[ERROR]: [0mThis is a error message from thread 1118-09-2026 00:29:34 [38;5;015m[INFO]: [0mThis is a info message from thread 2818-09-2026 00:29:34 [38;5;117m[DEBUG]: [0mThis is a debug message from thread 1118-09-2026 00:29:34 [38;5;015m[INFO]: [0mThis is a info message from thread 1118-09-2026 00:29:34 [38;5;009m[ERROR]: [0mThis is a error message from thread 2218-09-2026 00:29:34 [38;5;009m[ERROR]: [0mThis is a error message from thread 1118-09-2026 00:29:34 [38;5;117m[DEBUG]: [0mThis is a debug message from thread 1018-09-2026 00:29:34 [38;5;015m[INFO]: [0mThis is a info message from thread 2518-09-2026 00:29:34 [38;5;117m[DEBUG]: [0mThis is a debug message from thread 818-09-2026 00:29:34 [38;5;015m[INFO]: [0mThis is a info message from thread 818-09-2026 00:29:34 [38;5;009m[ERROR]: [0mThis is a error message from thread 2818-09-2026 00:29:34 [38;5;015m[INFO]: [0mThis is a info message from thread 1018-09-2026 00:29:34 [38;5;009m[ERROR]: [0mThis is a error message from thread 818-09-2026 00:29:34 [38;5;015m[INFO]: [0mThis is a info message from thread 1718-09-2026 00:29:34 [38;5;117m[DEBUG]: [0mThis is a debug message from thread 918-09-2026 00:29:34 [38;5;015m[INFO]: [0mThis is a info message from thread 518-09-2026 00:29:34 [38;5;009m[ERROR]: [0mThis is a error message from thread 1718-09-2026 00:29:34 [38;5;117m[DEBUG]: [0mThis is a debug message from thread 1718-09-2026 00:29:34 [38;5;117m[DEBUG]: [0mThis is a debug message from thread 2418-09-2026 00:29:34 [38;5;117m[DEBUG]: [0mThis is a debug message from thread 1618-09-2026 00:29:34 [38;5;009m[ERROR]: [0mThis is a error message from thread 1018-09-2026 00:29:34 [38;5;117m[DEBUG]: [0mThis is a debug message from thread 1018-09-2026 00:29:34 [38;5;009m[ERROR]: [0mThis is a error message from thread 2618-09-2026 00:29:34 [38;5;117m[DEBUG]: [0mThis is a debug message from thread 1418-09-2026 00:29:34 [38;5;117m[DEBUG]: [0mThis is a debug message from thread 1118-09-2026 00:29:34 [38;5;117m[DEBUG]: [0mThis is a debug message from thread 018-09-2026 00:29:34 [38;5;009m[ERROR]: [0mThis is a error message from thread 518-09-2026 00:29:34 [38;5;117m[DEBUG]: [0mThis is a debug message from thread 2618-09-2026 00:29:34 [38;5;015m[INFO]: [0mThis is a info message from thread 1118-09-2026 00:29:34 [38;5;015m[INFO]: [0mThis is a info message from thread 2418-09-2026 00:29:34 [38;5;015m[INFO]: [0mThis is a info message from thread 1918-09-2026 00:29:34 [38;5;015m[INFO]: [0mThis is a info message from thread 1318-09-2026 00:29:34 [38;5;015m[INFO]: [0mThis is a info message from thread 2618-09-2026 00:29:34 [38;5;015m[INFO]: [0mThis is a info message from thread 218-09-2026 00:29:34 [38;5;015m[INFO]: [0mThis is a info message from thread 2718-09-2026 00:29:34 [38;5;117m[DEBUG]: [0mThis is a debug message from thread 2218-09-2026 00:29:34 [38;5;015m[INFO]: [0mThis is a info message from thread 2218-09-2026 00:29:34 [38;5;015m[INFO]: [0mThis is a info message from thread 1018-09-2026 00:29:34 [38;5;009m[ERROR]: [0mThis is a error message from thread 218-09-2026 00:29:34 [38;5;009m[ERROR]: [0mThis is a error message from thread 2118-09-2026 00:29:34 [38;5;015m[INFO]: [0mThis is a info message from thread 1718-09-2026 00:29:34 [38;5;117m[DEBUG]: [0mThis is a debug message from thread 218-09-2026 00:29:34 [38;5;009m[ERROR]: [0mThis is a error message from thread 1118-09-2026 00:29:34 [38;5;117m[DEBUG]: [0mThis is a debug message from thread 2818-09-2026 00:29:34 [38;5;009m[ERROR]: [0mThis is a error message from thread 2518-09-2026 00:29:34 [38;5;117m[DEBUG]: [0mThis is a debug message from thread 518-09-2026 00:29:34 [38;5;117m[DEBUG]: [0mThis is a debug message from thread 2518-09-2026 00:29:34 [38;5;009m[ERROR]: [0mThis is a error message from thread 1318-09-2026 00:29:34 [38;5;009m[ERROR]: [0mThis is a error message from thread 2618-09-2026 00:29:34 [38;5;015m[INFO]: [0mThis is a info message from thread 918-09-2026 00:29:34 [38;5;009m[ERROR]: [0mThis is a error message from thread 1718-09-2026 00:29:34 [38;5;015m[INFO]: [0mThis is a info message from thread 1618-09-2026 00:29:34 [38;5;009m[ERROR]: [0mThis is a error message from thread 1618-09-2026 00:29:34 [38;5;015m[INFO]: [0mThis is a info message from thread 218-09-2026 00:29:34 [38;5;015m[INFO]: [0mThis is a info message from thread 1418-09-2026 00:29:34 [38;5;015m[INFO]: [0mThis is a info message from thread 018-09-2026 00:29:34 [38;5;009m[ERROR]: [0mThis is a error message from thread 218-09-2026 00:29:34 [38;5;015m[INFO]: [0mThis is a info message from thread 2818-09-2026 00:29:34 [38;5;117m[DEBUG]: [0mThis is a debug message from thread 2618-09-2026 00:29:34 [38;5;009m[ERROR]: [0mThis is a error message from thread 1918-09-2026 00:29:34 [38;5;117m[DEBUG]: [0mThis is a debug message from thread 2118-09-2026 00:29:34 [38;5;117m[DEBUG]: [0mThis is a debug message from thread 2918-09-2026 00:29:34 [38;5;117m[DEBUG]: [0mThis is a debug message from thread 1318-09-2026 00:29:34 [38;5;117m[DEBUG]: [0mThis is a debug message from thread 1918-09-2026 00:29:34 [38;5;015m[INFO]: [0mThis is a info message from thread 2118-09-2026 00:29:34 [38;5;009m[ERROR]: [0mThis is a error message from thread 918-09-2026 00:29:34 [38;5;015m[INFO]: [0mThis is a info message from thread 2618-09-2026 00:29:34 [38;5;117m[DEBUG]: [0mThis is a debug message from thread 1118-09-2026 00:29:34 [38;5;009m[ERROR]: [0mThis is a error message from thread 418-09-2026 00:29:34 [38;5;009m[ERROR]: [0mThis is a error message from thread 1218-09-2026 00:29:34 [38;5;009m[ERROR]: [0mThis is a error message from thread 2618-09-2026 00:29:34 [38;5;117m[DEBUG]: [0mThis is a debug message from thread 818-09-2026 00:29:34 [38;5;015m[INFO]: [0mThis is a info message from thread 2518-09-2026 00:29:34 [38;5;009m[ERROR]: [0mThis is a error message from thread 2818-09-2026 00:29:34 [38;5;117m[DEBUG]: [0mThis is a debug message from thread 2618-09-2026 00:29:34 [38;5;009m[ERROR]: [0mThis is a error message from thread 2418-09-2026 00:29:34 [38;5;015m[INFO]: [0mThis is a info message from thread 2918-09-2026 00:29:34 [38;5;117m[DEBUG]: [0mThis is a debug message from thread 1218-09-2026 00:29:34 [38;5;117m[DEBUG]: [0mThis is a debug message from thread 418-09-2026 00:29:34 [38;5;015m[INFO]: [0mThis is a info message from thread 2618-09-2026 00:29:34 [38;5;009m[ERROR]: [0mThis is a error message from thread 2118-09-2026 00:29:34 [38;5;009m[ERROR]: [0mThis is a error message from thread 2618-09-2026 00:29:34 [38;5;015m[INFO]: [0mThis is a info message from thread 818-09-2026 00:29:34 [38;5;009m[ERROR]: [0mThis is a error message from thread 818-09-2026 00:29:34 [38;5;015m[INFO]: [0mThis is a info message from thread 418-09-2026 00:29:34 [38;5;117m[DEBUG]: [0mThis is a debug message from thread 2618-09-2026 00:29:34 [38;5;117m[DEBUG]: [0mThis is a debug message from thread 2118-09-2026 00:29:34 [38;5;015m[INFO]: [0mThis is a info message from thread 1218-09-2026 00:29:34 [38;5;015m[INFO]: [0mThis is a info message from thread 2118-09-2026 00:29:34 [38;5;117m[DEBUG]: [0mThis is a debug message from thread 818-09-2026 00:29:34 [38;5;117m[DEBUG]: [0mThis is a debug message from thread 1718-09-2026 00:29:34 [38;5;009m[ERROR]: [0mThis is a error message from thread 2218-09-2026 00:29:34 [38;5;117m[DEBUG]: [0mThis is a debug message from thread 2418-09-2026 00:29:34 [38;5;009m[ERROR]: [0mThis is a error message from thread 418-09-2026 00:29:34 [38;5;117m[DEBUG]: [0mThis is a debug message from thread 1618-09-2026 00:29:34 [38;5;015m[INFO]: [0mThis is a info message from thread 2618-09-2026 00:29:34 [38;5;009m[ERROR]: [0mThis is a error message from thread 2518-09-2026 00:29:34 [38;5;009m[ERROR]: [0mThis is a error message from thread 2118-09-2026 00:29:34 [38;5;015m[INFO]: [0mThis is a info message from thread 518-09-2026 00:29:34 [38;5;015m[INFO]: [0mThis is a info message from thread 1818-09-2026 00:29:34 [38;5;015m[INFO]: [0mThis is a info message from thread 1618-09-2026 00:29:34 [38;5;117m[DEBUG]: [0mThis is a debug message from thread 2218-09-2026 00:29:34 [38;5;117m[DEBUG]: [0mThis is a debug message from thread 2518-09-2026 00:29:34 [38;5;009m[ERROR]: [0mThis is a error message from thread 2918-09-2026 00:29:34 [38;5;117m[DEBUG]: [0mThis is a debug message from thread 2118-09-2026 00:29:34 [38;5;117m[DEBUG]: [0mThis is a debug message from thread 2818-09-2026 00:29:34 [38;5;009m[ERROR]: [0mThis is a error message from thread 1218-09-2026 00:29:34 [38;5;015m[INFO]: [0mThis is a info message from thread 1918-09-2026 00:29:34 [38;5;015m[INFO]: [0mThis is a info message from thread 2418-09-2026 00:29:34 [38;5;015m[INFO]: [0mThis is a info message from thread 2118-09-2026 00:29:34 [38;5;015m[INFO]: [0mThis is a info message from thread 2218-09-2026 00:29:34 [38;5;009m[ERROR]: [0mThis is a error message from thread 518-09-2026 00:29:34 [38;5;009m[ERROR]: [0mThis is a error message from thread 1618-09-2026 00:29:34 [38;5;015m[INFO]: [0mThis is a info message from thread 2818-09-2026 00:29:34 [38;5;117m[DEBUG]: [0mThis is a debug message from thread 2918-09-2026 00:29:34 [38;5;009m[ERROR]: [0mThis is a error message from thread 2818-09-2026 00:29:34 [38;5;117m[DEBUG]: [0mThis is a debug message from thread 2818-09-2026 00:29:34 [38;5;009m[ERROR]: [0mThis is a error message from thread 2118-09-2026 00:29:34 [38;5;117m[DEBUG]: [0mThis is a debug message from thread 518-09-2026 00:29:34 [38;5;117m[DEBUG]: [0mThis is a debug message from thread 1218-09-2026 00:29:34 [38;5;015m[INFO]: [0mThis is a info message from thread 2918-09-2026 00:29:34 [38;5;009m[ERROR]: [0mThis is a error message from thread 1418-09-2026 00:29:34 [38;5;009m[ERROR]: [0mThis is a error message from thread 2718-09-2026 00:29:34 [38;5;015m[INFO]: [0mThis is a info message from thread 2818-09-2026 00:29:34 [38;5;117m[DEBUG]: [0mThis is a debug message from thread 1618-09-2026 00:29:34 [38;5;015m[INFO]: [0mThis is a info message from thread 2518-09-2026 00:29:34 [38;5;117m[DEBUG]: [0mThis is a debug message from thread 918-09-2026 00:29:34 [38;5;009m[ERROR]: [0mThis is a error message from thread 1818-09-2026 00:29:34 [38;5;009m[ERROR]: [0mThis is a error message from thread 2818-09-2026 00:29:34 [38;5;009m[ERROR]: [0mThis is a error message from thread 1018-09-2026 00:29:34 [38;5;015m[INFO]: [0mThis is a info message from thread 818-09-2026 00:29:34 [38;5;015m[INFO]: [0mThis is a info message from thread 1118-09-2026 00:29:34 [38;5;015m[INFO]: [0mThis is a info message from thread 1618-09-2026 00:29:34 [38;5;117m[DEBUG]: [0mThis is a debug message from thread 2718-09-2026 00:29:34 [38;5;117m[DEBUG]: [0mThis is a debug message from thread 2818-09-2026 00:29:34 [38;5;117m[DEBUG]: [0mThis is a debug message from thread 1018-09-2026 00:29:34 [38;5;015m[INFO]: [0mThis is a info message from thread 518-09-2026 00:29:34 [38;5;009m[ERROR]: [0mThis is a error message from thread 1118-09-2026 00:29:34 [38;5;009m[ERROR]: [0mThis is a error message from thread 2918-09-2026 00:29:34 [38;5;009m[ERROR]: [0mThis is a error message from thread 2618-09-2026 00:29:34 [38;5;009m[ERROR]: [0mThis is a error message from thread 518-09-2026 00:29:34 [38;5;117m[DEBUG]: [0mThis is a debug message from thread 2918-09-2026 00:29:34 [38;5;015m[INFO]: [0mThis is a info message from thread 1018-09-2026 00:29:34 [38;5;015m[INFO]: [0mThis is a info message from thread 1218-09-2026 00:29:34 [38;5;015m[INFO]: [0mThis is a info message from thread 2818-09-2026 00:29:34 [38;5;117m[DEBUG]: [0mThis is a debug message from thread 418-09-2026 00:29:34 [38;5;117m[DEBUG]: [0mThis is a debug message from thread 218-09-2026 00:29:34 [38;5;117m[DEBUG]: [0mThis is a debug message from thread 2618-09-2026 00:29:34 [38;5;009m[ERROR]: [0mThis is a error message from thread 2218-09-2026 00:29:34 [38;5;015m[INFO]: [0mThis is a info message from thread 2718-09-2026 00:29:34 [38;5;117m[DEBUG]: [0mThis is a debug message from thread 2118-09-2026 00:29:34 [38;5;009m[ERROR]: [0mThis is a error message from thread 1218-09-2026 00:29:34 [38;5;009m[ERROR]: [0mThis is a error message from thread 2818-09-2026 00:29:34 [38;5;015m[INFO]: [0mThis is a info message from thread 418-09-2026 00:29:34 [38;5;009m[ERROR]: [0mThis is a error message from thread 1018-09-2026 00:29:34 [38;5;015m[INFO]: [0mThis is a info message from thread 1318-09-2026 00:29:34 [38;5;009m[ERROR]: [0mThis is a error message from thread 018-09-2026 00:29:34 [38;5;015m[INFO]: [0mThis is a info message from thread 918-09-2026 00:29:34 [38;5;009m[ERROR]: [0mThis is a error message from thread 818-09-2026 00:29:34 [38;5;009m[ERROR]: [0mThis is a error message from thread 418-09-2026 00:29:34 [38;5;117m[DEBUG]: [0mThis is a debug message from thread 418-09-2026 00:29:34 [38;5;009m[ERROR]: [0mThis is a error message from thread 2518-09-2026 00:29:34 [38;5;117m[DEBUG]: [0mThis is a debug message from thread 1018-09-2026 00:29:34 [38;5;117m[DEBUG]: [0mThis is a debug message from thread 2518-09-2026 00:29:34 [38;5;015m[INFO]: [0mThis is a info message from thread 1018-09-2026 00:29:34 [38;5;015m[INFO]: [0mThis is a info message from thread 2518-09-2026 00:29:34 [38;5;009m[ERROR]: [0mThis is a error message from thread 1018-09-2026 00:29:34 [38;5;009m[ERROR]: [0mThis is a error message from thread 2518-09-2026 00:29:34 [38;5;117m[DEBUG]: [0mThis is a debug message from thread 1018-09-2026 00:29:34 [38;5;015m[INFO]: [0mThis is a info message from thread 1718-09-2026 00:29:34 [38;5;015m[INFO]: [0mThis is a info message from thread 2118-09-2026 00:29:34 [38;5;009m[ERROR]: [0mThis is a error message from thread 1718-09-2026 00:29:34 [38;5;117m[DEBUG]: [0mThis is a debug message from thread 1418-09-2026 00:29:34 [38;5;009m[ERROR]: [0mThis is a error message from thread 2118-09-2026 00:29:34 [38;5;117m[DEBUG]: [0mThis is a debug message from thread 1718-09-2026 00:29:34 [38;5;009m[ERROR]: [0mThis is a error message from thread 1918-09-2026 00:29:34 [38;5;117m[DEBUG]: [0mThis is a debug message from thread 2118-09-2026 00:29:34 [38;5;117m[DEBUG]: [0mThis is a debug message from thread 1918-09-2026 00:29:34 [38;5;117m[DEBUG]: [0mThis is a debug message from thread 018-09-2026 00:29:34 [38;5;117m[DEBUG]: [0mThis is a debug message from thread 1818-09-2026 00:29:34 [38;5;015m[INFO]: [0mThis is a info message from thread 2118-09-2026 00:29:34 [38;5;015m[INFO]: [0mThis is a info message from thread 1818-09-2026 00:29:34 [38;5;015m[INFO]: [0mThis is a info message from thread 1918-09-2026 00:29:34 [38;5;009m[ERROR]: [0mThis is a error message from thread 2718-09-2026 00:29:34 [38;5;009m[ERROR]: [0mThis is a error message from thread 1918-09-2026 00:29:34 [38;5;015m[INFO]: [0mThis is a info message from thread 418-09-2026 00:29:34 [38;5;009m[ERROR]: [0mThis is a error message from thread 918-09-2026 00:29:34 [38;5;117m[DEBUG]: [0mThis is a debug message from thread 2218-09-2026 00:29:34 [38;5;009m[ERROR]: [0mThis is a error message from thread 418-09-2026 00:29:34 [38;5;015m[INFO]: [0mThis is a info message from thread 2618-09-2026 00:29:34 [38;5;117m[DEBUG]: [0mThis is a debug message from thread 1918-09-2026 00:29:34 [38;5;117m[DEBUG]: [0mThis is a debug message from thread 918-09-2026 00:29:34 [38;5;009m[ERROR]: [0mThis is a error message from thread 2418-09-2026 00:29:34 [38;5;015m[INFO]: [0mThis is a info message from thread 1018-09-2026 00:29:34 [38;5;015m[INFO]: [0mThis is a info message from thread 2918-09-2026 00:29:34 [38;5;009m[ERROR]: [0mThis is a error message from thread 618-09-2026 00:29:34 [38;5;117m[DEBUG]: [0mThis is a debug message from thread 2418-09-2026 00:29:34 [38;5;015m[INFO]: [0mThis is a info message from thread 1718-09-2026 00:29:34 [38;5;015m[INFO]: [0mThis is a info message from thread 218-09-2026 00:29:34 [38;5;117m[DEBUG]: [0mThis is a debug message from thread 418-09-2026 00:29:34 [38;5;015m[INFO]: [0mThis is a info message from thread 2418-09-2026 00:29:34 [38;5;015m[INFO]: [0mThis is a info message from thread 1918-09-2026 00:29:34 [38;5;009m[ERROR]: [0mThis is a error message from thread 1318-09-2026 00:29:34 [38;5;009m[ERROR]: [0mThis is a error message from thread 218-09-2026 00:29:34 [38;5;009m[ERROR]: [0mThis is a error message from thread 1818-09-2026 00:29:34 [38;5;009m[ERROR]: [0mThis is a error message from thread 2618-09-2026 00:29:34 [38;5;015m[INFO]: [0mThis is a info message from thread 018-09-2026 00:29:34 [38;5;117m[DEBUG]: [0mThis is a debug message from thread 1118-09-2026 00:29:34 [38;5;015m[INFO]: [0mThis is a info message from thread 1418-09-2026 00:29:34 [38;5;009m[ERROR]: [0mThis is a error message from thread 1618-09-2026 00:29:34 [38;5;117m[DEBUG]: [0mThis is a debug message from thread 2618-09-2026 00:29:34 [38;5;009m[ERROR]: [0mThis is a error message from thread 2418-09-2026 00:29:34 [38;5;015m[INFO]: [0mThis is a info message from thread 918-09-2026 00:29:34 [38;5;009m[ERROR]: [0mThis is a error message from thread 2918-09-2026 00:29:34 [38;5;015m[INFO]: [0mThis is a info message from thread 2618-09-2026 00:29:34 [38;5;117m[DEBUG]: [0mThis is a debug message from thread 2818-09-2026 00:29:34 [38;5;009m[ERROR]: [0mThis is a error message from thread 018-09-2026 00:29:34 [38;5;117m[DEBUG]: [0mThis is a debug message from thread 2918-09-2026 00:29:34 [38;5;117m[DEBUG]: [0mThis is a debug message from thread 618-09-2026 00:29:34 [38;5;009m[ERROR]: [0mThis is a error message from thread 1018-09-2026 00:29:34 [38;5;117m[DEBUG]: [0mThis is a debug message from thread 518-09-2026 00:29:34 [38;5;117m[DEBUG]: [0mThis is a debug message from thread 1018-09-2026 00:29:34 [38;5;009m[ERROR]: [0mThis is a error message from thread 1718-09-2026 00:29:34 [38;5;015m[INFO]: [0mThis is a info message from thread 2818-09-2026 00:29:34 [38;5;117m[DEBUG]: [0mThis is a debug message from thread 218-09-2026 00:29:34 [38;5;117m[DEBUG]: [0mThis is a debug message from thread 1718-09-2026 00:29:34 [38;5;015m[INFO]: [0mThis is a info message from thread 518-09-2026 00:29:34 [38;5;117m[DEBUG]: [0mThis is a debug message from thread 2718-09-2026 00:29:34 [38;5;009m[ERROR]: [0mThis is a error message from thread 1918-09-2026 00:29:34 [38;5;009m[ERROR]: [0mThis is a error message from thread 1418-09-2026 00:29:34 [38;5;015m[INFO]: [0mThis is a info message from thread 218-09-2026 00:29:34 [38;5;015m[INFO]: [0mThis is a info message from thread 1718-09-2026 00:29:34 [38;5;015m[INFO]: [0mThis is a info message from thread 2718-09-2026 00:29:34 [38;5;117m[DEBUG]: [0mThis is a debug message from thread 1918-09-2026 00:29:34 [38;5;009m[ERROR]: [0mThis is a error message from thread 2618-09-2026 00:29:34 [38;5;015m[INFO]: [0mThis is a info message from thread 2218-09-2026 00:29:34 [38;5;015m[INFO]: [0mThis is a info message from thread 618-09-2026 00:29:34 [38;5;009m[ERROR]: [0mThis is a error message from thread 2218-09-2026 00:29:34 [38;5;117m[DEBUG]: [0mThis is a debug message from thread 2618-09-2026 00:29:34 [38;5;117m[DEBUG]: [0mThis is a debug message from thread 2418-09-2026 00:29:34 [38;5;009m[ERROR]: [0mThis is a error message from thread 518-09-2026 00:29:34 [38;5;117m[DEBUG]: [0mThis is a debug message from thread 1418-09-2026 00:29:34 [38;5;009m[ERROR]: [0mThis is a error message from thread 2718-09-2026 00:29:34 [38;5;117m[DEBUG]: [0mThis is a debug message from thread 1818-09-2026 00:29:34 [38;5;117m[DEBUG]: [0mThis is a debug message from thread 818-09-2026 00:29:34 [38;5;009m[ERROR]: [0mThis is a error message from thread 2818-09-2026 00:29:34 [38;5;117m[DEBUG]: [0mThis is a debug message from thread 2718-09-2026 00:29:34 [38;5;015m[INFO]: [0mThis is a info message from thread 2918-09-2026 00:29:34 [38;5;015m[INFO]: [0mThis is a info message from thread 2418-09-2026 00:29:34 [38;5;117m[DEBUG]: [0mThis is a debug message from thread 2818-09-2026 00:29:34 [38;5;015m[INFO]: [0mThis is a info message from thread 2718-09-2026 00:29:34 [38;5;015m[INFO]: [0mThis is a info message from thread 818-09-2026 00:29:34 [38;5;015m[INFO]: [0mThis is a info message from thread 1818-09-2026 00:29:34 [38;5;015m[INFO]: [0mThis is a info message from thread 1018-09-2026 00:29:34 [38;5;009m[ERROR]: [0mThis is a error message from thread 918-09-2026 00:29:34 [38;5;009m[ERROR]: [0mThis is a error message from thread 1718-09-2026 00:29:34 [38;5;009m[ERROR]: [0mThis is a error message from thread 818-09-2026 00:29:34 [38;5;009m[ERROR]: [0mThis is a error message from thread 2718-09-2026 00:29:34 [38;5;117m[DEBUG]: [0mThis is a debug message from thread 2218-09-2026 00:29:34 [38;5;015m[INFO]: [0mThis is a info message from thread 1118-09-2026 00:29:34 [38;5;009m[ERROR]: [0mThis is a error message from thread 1818-09-2026 00:29:34 [38;5;009m[ERROR]: [0mThis is a error message from thread 2118-09-2026 00:29:34 [38;5;015m[INFO]: [0mThis is a info message from thread 1418-09-2026 00:29:34 [38;5;117m[DEBUG]: [0mThis is a debug message from thread 1618-09-2026 00:29:34 [38;5;009m[ERROR]: [0mThis is a error message from thread 1118-09-2026 00:29:34 [38;5;117m[DEBUG]: [0mThis is a debug message from thread 2718-09-2026 00:29:34 [38;5;009m[ERROR]: [0mThis is a error message from thread 1018-09-2026 00:29:34 [38;5;117m[DEBUG]: [0mThis is a debug message from thread 918-09-2026 00:29:34 [38;5;117m[DEBUG]: [0mThis is a debug message from thread 1818-09-2026 00:29:34 [38;5;015m[INFO]: [0mThis is a info message from thread 2718-09-2026 00:29:34 [38;5;009m[ERROR]: [0mThis is a error message from thread 1418-09-2026 00:29:34 [38;5;117m[DEBUG]: [0mThis is a debug message from thread 1418-09-2026 00:29:34 [38;5;117m[DEBUG]: [0mThis is a debug message from thread 2118-09-2026 00:29:34 [38;5;015m[INFO]: [0mThis is a info message from thread 1418-09-2026 00:29:34 [38;5;117m[DEBUG]: [0mThis is a debug message from thread 018-09-2026 00:29:34 [38;5;015m[INFO]: [0mThis is a info message from thread 2218-09-2026 00:29:34 [38;5;015m[INFO]: [0mThis is a info message from thread 1818-09-2026 00:29:34 [38;5;015m[INFO]: [0mThis is a info message from thread 2118-09-2026 00:29:34 [38;5;117m[DEBUG]: [0mThis is a debug message from thread 1318-09-2026 00:29:34 [38;5;117m[DEBUG]: [0mThis is a debug message from thread 818-09-2026 00:29:34 [38;5;009m[ERROR]: [0mThis is a error message from thread 2218-09-2026 00:29:34 [38;5;009m[ERROR]: [0mThis is a error message from thread 1418-09-2026 00:29:34 [38;5;015m[INFO]: [0mThis is a info message from thread 1318-09-2026 00:29:34 [38;5;009m[ERROR]: [0mThis is a error message from thread 618-09-2026 00:29:34 [38;5;117m[DEBUG]: [0mThis is a debug message from thread 1018-09-2026 00:29:34 [38;5;015m[INFO]: [0mThis is a info message from thread 418-09-2026 00:29:34 [38;5;015m[INFO]: [0mThis is a info message from thread 1618-09-2026 00:29:34 [38;5;117m[DEBUG]: [0mThis is a debug message from thread 1418-09-2026 00:29:34 [38;5;117m[DEBUG]: [0mThis is a debug message from thread 618-09-2026 00:29:34 [38;5;009m[ERROR]: [0mThis is a error message from thread 2118-09-2026 00:29:34 [38;5;015m[INFO]: [0mThis is a info message from thread 918-09-2026 00:29:34 [38;5;009m[ERROR]: [0mThis is a error message from thread 418-09-2026 00:29:34 [38;5;015m[INFO]: [0mThis is a info message from thread 018-09-2026 00:29:34 [38;5;015m[INFO]: [0mThis is a info message from thread 1918-09-2026 00:29:34 [38;5;015m[INFO]: [0mThis is a info message from thread 618-09-2026 00:29:34 [38;5;009m[ERROR]: [0mThis is a error message from thread 918-09-2026 00:29:34 [38;5;015m[INFO]: [0mThis is a info message from thread 2618-09-2026 00:29:34 [38;5;015m[INFO]: [0mThis is a info message from thread 1418-09-2026 00:29:34 [38;5;009m[ERROR]: [0mThis is a error message from thread 018-09-2026 00:29:34 [38;5;015m[INFO]: [0mThis is a info message from thread 818-09-2026 00:29:34 [38;5;009m[ERROR]: [0mThis is a error message from thread 1818-09-2026 00:29:34 [38;5;009m[ERROR]: [0mThis is a error message from thread 218-09-2026 00:29:34 [38;5;117m[DEBUG]: [0mThis is a debug message from thread 2118-09-2026 00:29:34 [38;5;009m[ERROR]: [0mThis is a error message from thread 1618-09-2026 00:29:34 [38;5;117m[DEBUG]: [0mThis is a debug message from thread 518-09-2026 00:29:34 [38;5;117m[DEBUG]: [0mThis is a debug message from thread 2218-09-2026 00:29:34 [38;5;015m[INFO]: [0mThis is a info message from thread 1018-09-2026 00:29:34 [38;5;015m[INFO]: [0mThis is a info message from thread 518-09-2026 00:29:34 [38;5;117m[DEBUG]: [0mThis is a debug message from thread 218-09-2026 00:29:34 [38;5;009m[ERROR]: [0mThis is a error message from thread 518-09-2026 00:29:34 [38;5;015m[INFO]: [0mThis is a info message from thread 218-09-2026 00:29:34 [38;5;015m[INFO]: [0mThis is a info message from thread 2118-09-2026 00:29:34 [38;5;009m[ERROR]: [0mThis is a error message from thread 2118-09-2026 00:29:34 [38;5;009m[ERROR]: [0mThis is a error message from thread 218-09-2026 00:29:34 [38;5;117m[DEBUG]: [0mThis is a debug message from thread 018-09-2026 00:29:34 [38;5;009m[ERROR]: [0mThis is a error message from thread 818-09-2026 00:29:34 [38;5;117m[DEBUG]: [0mThis is a debug message from thread 518-09-2026 00:29:34 [38;5;009m[ERROR]: [0mThis is a error message from thread 1018-09-2026 00:29:34 [38;5;117m[DEBUG]: [0mThis is a debug message from thread 818-09-2026 00:29:34 [38;5;117m[DEBUG]: [0mThis is a debug message from thread 218-09-2026 00:29:34 [38;5;117m[DEBUG]: [0mThis is a debug message from thread 1718-09-2026 00:29:34 [38;5;009m[ERROR]: [0mThis is a error message from thread 2418-09-2026 00:29:34 [38;5;015m[INFO]: [0mThis is a info message from thread 2818-09-2026 00:29:34 [38;5;117m[DEBUG]: [0mThis is a debug message from thread 1018-09-2026 00:29:34 [38;5;117m[DEBUG]: [0mThis is a debug message from thread 2118-09-2026 00:29:34 [38;5;009m[ERROR]: [0mThis is a error message from thread 2818-09-2026 00:29:34 [38;5;009m[ERROR]: [0mThis is a error message from thread 1418-09-2026 00:29:34 [38;5;015m[INFO]: [0mThis is a info message from thread 518-09-2026 00:29:34 [38;5;009m[ERROR]: [0mThis is a error message from thread 2618-09-2026 00:29:34 [38;5;117m[DEBUG]: [0mThis is a debug message from thread 2618-09-2026 00:29:34 [38;5;015m[INFO]: [0mThis is a info message from thread 218-09-2026 00:29:34 [38;5;015m[INFO]: [0mThis is a info message from thread 018-09-2026 00:29:34 [38;5;015m[INFO]: [0mThis is a info message from thread 1018-09-2026 00:29:34 [38;5;117m[DEBUG]: [0mThis is a debug message from thread 2418-09-2026 00:29:34 [38;5;009m[ERROR]: [0mThis is a error message from thread 1018-09-2026 00:29:34 [38;5;117m[DEBUG]: [0mThis is a debug message from thread 2818-09-2026 00:29:34 [38;5;015m[INFO]: [0mThis is a info message from thread 818-09-2026 00:29:34 [38;5;009m[ERROR]: [0mThis is a error message from thread 018-09-2026 00:29:34 [38;5;009m[ERROR]: [0mThis is a error message from thread 218-09-2026 00:29:34 [38;5;117m[DEBUG]: [0mThis is a debug message from thread 1018-09-2026 00:29:34 [38;5;117m[DEBUG]: [0mThis is a debug message from thread 1418-09-2026 00:29:34 [38;5;009m[ERROR]: [0mThis is a error message from thread 818-09-2026 00:29:34 [38;5;015m[INFO]: [0mThis is a info message from thread 1018-09-2026 00:29:34 [38;5;009m[ERROR]: [0mThis is a error message from thread 518-09-2026 00:29:34 [38;5;009m[ERROR]: [0mThis is a error message from thread 1918-09-2026 00:29:34 [38;5;117m[DEBUG]: [0mThis is a debug message from thread 1618-09-2026 00:29:34 [38;5;015m[INFO]: [0mThis is a info message from thread 2118-09-2026 00:29:34 [38;5;015m[INFO]: [0mThis is a info message from thread 2418-09-2026 00:29:34 [38;5;117m[DEBUG]: [0mThis is a debug message from thread 918-09-2026 00:29:34 [38;5;009m[ERROR]: [0mThis is a error message from thread 2918-09-2026 00:29:34 [38;5;015m[INFO]: [0mThis is a info message from thread 1418-09-2026 00:29:34 [38;5;117m[DEBUG]: [0mThis is a debug message from thread 1118-09-2026 00:29:34 [38;5;117m[DEBUG]: [0mThis is a debug message from thread 818-09-2026 00:29:34 [38;5;117m[DEBUG]: [0mThis is a debug message from thread 1918-09-2026 00:29:34 [38;5;009m[ERROR]: [0mThis is a error message from thread 2118-09-2026 00:29:34 [38;5;009m[ERROR]: [0mThis is a error message from thread 1018-09-2026 00:29:34 [38;5;015m[INFO]: [0mThis is a info message from thread 818-09-2026 00:29:34 [38;5;117m[DEBUG]: [0mThis is a debug message from thread 2918-09-2026 00:29:34 [38;5;117m[DEBUG]: [0mThis is a debug message from thread 018-09-2026 00:29:34 [38;5;009m[ERROR]: [0mThis is a error message from thread 2418-09-2026 00:29:34 [38;5;015m[INFO]: [0mThis is a info message from thread 918-09-2026 00:29:34 [38;5;015m[INFO]: [0mThis is a info message from thread 1918-09-2026 00:29:34 [38;5;015m[INFO]: [0mThis is a info message from thread 1118-09-2026 00:29:34 [38;5;015m[INFO]: [0mThis is a info message from thread 2818-09-2026 00:29:34 [38;5;015m[INFO]: [0mThis is a info message from thread 2918-09-2026 00:29:34 [38;5;009m[ERROR]: [0mThis is a error message from thread 618-09-2026 00:29:34 [38;5;117m[DEBUG]: [0mThis is a debug message from thread 2118-09-2026 00:29:34 [38;5;117m[DEBUG]: [0mThis is a debug message from thread 2418-09-2026 00:29:34 [38;5;117m[DEBUG]: [0mThis is a debug message from thread 618-09-2026 00:29:34 [38;5;009m[ERROR]: [0mThis is a error message from thread 2918-09-2026 00:29:34 [38;5;009m[ERROR]: [0mThis is a error message from thread 1118-09-2026 00:29:34 [38;5;009m[ERROR]: [0mThis is a error message from thread 1418-09-2026 00:29:34 [38;5;009m[ERROR]: [0mThis is a error message from thread 818-09-2026 00:29:34 [38;5;015m[INFO]: [0mThis is a info message from thread 618-09-2026 00:29:34 [38;5;117m[DEBUG]: [0mThis is a debug message from thread 2918-09-2026 00:29:34 [38;5;015m[INFO]: [0mThis is a info message from thread 2118-09-2026 00:29:34 [38;5;009m[ERROR]: [0mThis is a error message from thread 918-09-2026 00:29:34 [38;5;015m[INFO]: [0mThis is a info message from thread 2918-09-2026 00:29:34 [38;5;117m[DEBUG]: [0mThis is a debug message from thread 1818-09-2026 00:29:34 [38;5;015m[INFO]: [0mThis is a info message from thread 1818-09-2026 00:29:34 [38;5;117m[DEBUG]: [0mThis is a debug message from thread 1118-09-2026 00:29:34 [38;5;015m[INFO]: [0mThis is a info message from thread 2418-09-2026 00:29:34 [38;5;117m[DEBUG]: [0mThis is a debug message from thread 1418-09-2026 00:29:34 [38;5;015m[INFO]: [0mThis is a info message from thread 018-09-2026 00:29:34 [38;5;117m[DEBUG]: [0mThis is a debug message from thread 918-09-2026 00:29:34 [38;5;009m[ERROR]: [0mThis is a error message from thread 2418-09-2026 00:29:34 [38;5;117m[DEBUG]: [0mThis is a debug message from thread 218-09-2026 00:29:34 [38;5;015m[INFO]: [0mThis is a info message from thread 1618-09-2026 00:29:34 [38;5;117m[DEBUG]: [0mThis is a debug message from thread 518-09-2026 00:29:34 [38;5;009m[ERROR]: [0mThis is a error message from thread 2918-09-2026 00:29:34 [38;5;015m[INFO]: [0mThis is a info message from thread 918-09-2026 00:29:34 [38;5;015m[INFO]: [0mThis is a info message from thread 1418-09-2026 00:29:34 [38;5;015m[INFO]: [0mThis is a info message from thread 518-09-2026 00:29:34 [38;5;117m[DEBUG]: [0mThis is a debug message from thread 2918-09-2026 00:29:34 [38;5;009m[ERROR]: [0mThis is a error message from thread 2118-09-2026 00:29:34 [38;5;015m[INFO]: [0mThis is a info message from thread 2618-09-2026 00:29:34 [38;5;009m[ERROR]: [0mThis is a error message from thread 1318-09-2026 00:29:34 [38;5;117m[DEBUG]: [0mThis is a debug message from thread 2118-09-2026 00:29:34 [38;5;009m[ERROR]: [0mThis is a error message from thread 1418-09-2026 00:29:34 [38;5;015m[INFO]: [0mThis is a info message from thread 2918-09-2026 00:29:34 [38;5;009m[ERROR]: [0mThis is a error message from thread 018-09-2026 00:29:34 [38;5;009m[ERROR]: [0mThis is a error message from thread 2618-09-2026 00:29:34 [38;5;117m[DEBUG]: [0mThis is a debug message from thread 1418-09-2026 00:29:34 [38;5;009m[ERROR]: [0mThis is a error message from thread 618-09-2026 00:29:34 [38;5;117m[DEBUG]: [0mThis is a debug message from thread 1018-09-2026 00:29:34 [38;5;009m[ERROR]: [0mThis is a error message from thread 1618-09-2026 00:29:34 [38;5;009m[ERROR]: [0mThis is a error message from thread 918-09-2026 00:29:34 [38;5;015m[INFO]: [0mThis is a info message from thread 1418-09-2026 00:29:34 [38;5;117m[DEBUG]: [0mThis is a debug message from thread 918-09-2026 00:29:34 [38;5;015m[INFO]: [0mThis is a info message from thread 2118-09-2026 00:29:34 [38;5;117m[DEBUG]: [0mThis is a debug message from thread 2618-09-2026 00:29:34 [38;5;015m[INFO]: [0mThis is a info message from thread 1718-09-2026 00:29:34 [38;5;009m[ERROR]: [0mThis is a error message from thread 2918-09-2026 00:29:34 [38;5;117m[DEBUG]: [0mThis is a debug message from thread 618-09-2026 00:29:34 [38;5;117m[DEBUG]: [0mThis is a debug message from thread 2918-09-2026 00:29:34 [38;5;015m[INFO]: [0mThis is a info message from thread 618-09-2026 00:29:34 [38;5;015m[INFO]: [0mThis is a info message from thread 2618-09-2026 00:29:34 [38;5;117m[DEBUG]: [0mThis is a debug message from thread 2418-09-2026 00:29:34 [38;5;015m[INFO]: [0mThis is a info message from thread 2918-09-2026 00:29:34 [38;5;117m[DEBUG]: [0mThis is a debug message from thread 018-09-2026 00:29:34 [38;5;009m[ERROR]: [0mThis is a error message from thread 1718-09-2026 00:29:34 [38;5;009m[ERROR]: [0mThis is a error message from thread 2918-09-2026 00:29:34 [38;5;117m[DEBUG]: [0mThis is a debug message from thread 1318-09-2026 00:29:34 [38;5;009m[ERROR]: [0mThis is a error message from thread 1418-09-2026 00:29:34 [38;5;009m[ERROR]: [0mThis is a error message from thread 1918-09-2026 00:29:34 [38;5;015m[INFO]: [0mThis is a info message from thread 1318-09-2026 00:29:34 [38;5;015m[INFO]: [0mThis is a info message from thread 018-09-2026 00:29:34 [38;5;009m[ERROR]: [0mThis is a error message from thread 2618-09-2026 00:29:34 [38;5;117m[DEBUG]: [0mThis is a debug message from thread 1918-09-2026 00:29:34 [38;5;009m[ERROR]: [0mThis is a error message from thread 2118-09-2026 00:29:34 [38;5;009m[ERROR]: [0mThis is a error message from thread 618-09-2026 00:29:34 [38;5;015m[INFO]: [0mThis is a info message from thread 1918-09-2026 00:29:34 [38;5;009m[ERROR]: [0mThis is a error message from thread 1318-09-2026 00:29:34 [38;5;015m[INFO]: [0mThis is a info message from thread 1118-09-2026 00:29:34 [38;5;009m[ERROR]: [0mThis is a error message from thread 1118-09-2026 00:29:34 [38;5;117m[DEBUG]: [0mThis is a debug message from thread 618-09-2026 00:29:34 [38;5;117m[DEBUG]: [0mThis is a debug message from thread 1418-09-2026 00:29:34 [38;5;117m[DEBUG]: [0mThis is a debug message from thread 1318-09-2026 00:29:34 [38;5;117m[DEBUG]: [0mThis is a debug message from thread 1118-09-2026 00:29:34 [38;5;009m[ERROR]: [0mThis is a error message from thread 518-09-2026 00:29:34 [38;5;015m[INFO]: [0mThis is a info message from thread 218-09-2026 00:29:34 [38;5;009m[ERROR]: [0mThis is a error message from thread 1818-09-2026 00:29:34 [38;5;117m[DEBUG]: [0mThis is a debug message from thread 518-09-2026 00:29:34 [38;5;015m[INFO]: [0mThis is a info message from thread 618-09-2026 00:29:34 [38;5;117m[DEBUG]: [0mThis is a debug message from thread 1818-09-2026 00:29:34 [38;5;015m[INFO]: [0mThis is a info message from thread 518-09-2026 00:29:34 [38;5;009m[ERROR]: [0mThis is a error message from thread 2818-09-2026 00:29:34 [38;5;015m[INFO]: [0mThis is a info message from thread 1118-09-2026 00:29:34 [38;5;015m[INFO]: [0mThis is a info message from thread 1318-09-2026 00:29:34 [38;5;015m[INFO]: [0mThis is a info message from thread 2218-09-2026 00:29:34 [38;5;009m[ERROR]: [0mThis is a error message from thread 2718-09-2026 00:29:34 [38;5;009m[ERROR]: [0mThis is a error message from thread 618-09-2026 00:29:34 [38;5;009m[ERROR]: [0mThis is a error message from thread 218-09-2026 00:29:34 [38;5;117m[DEBUG]: [0mThis is a debug message from thread 1618-09-2026 00:29:34 [38;5;117m[DEBUG]: [0mThis is a debug message from thread 818-09-2026 00:29:34 [38;5;009m[ERROR]: [0mThis is a error message from thread 018-09-2026 00:29:34 [38;5;117m[DEBUG]: [0mThis is a debug message from thread 618-09-2026 00:29:34 [38;5;015m[INFO]: [0mThis is a info message from thread 918-09-2026 00:29:34 [38;5;015m[INFO]: [0mThis is a info message from thread 818-09-2026 00:29:34 [38;5;117m[DEBUG]: [0mThis is a debug message from thread 2718-09-2026 00:29:34 [38;5;009m[ERROR]: [0mThis is a error message from thread 1118-09-2026 00:29:34 [38;5;015m[INFO]: [0mThis is a info message from thread 1818-09-2026 00:29:34 [38;5;009m[ERROR]: [0mThis is a error message from thread 2218-09-2026 00:29:34 [38;5;009m[ERROR]: [0mThis is a error message from thread 918-09-2026 00:29:34 [38;5;015m[INFO]: [0mThis is a info message from thread 2718-09-2026 00:29:34 [38;5;117m[DEBUG]: [0mThis is a debug message from thread 2618-09-2026 00:29:34 [38;5;117m[DEBUG]: [0mThis is a debug message from thread 2118-09-2026 00:29:34 [38;5;009m[ERROR]: [0mThis is a error message from thread 518-09-2026 00:29:34 [38;5;009m[ERROR]: [0mThis is a error message from thread 818-09-2026 00:29:34 [38;5;117m[DEBUG]: [0mThis is a debug message from thread 1118-09-2026 00:29:34 [38;5;117m[DEBUG]: [0mThis is a debug message from thread 1718-09-2026 00:29:34 [38;5;009m[ERROR]: [0mThis is a error message from thread 1318-09-2026 00:29:34 [38;5;117m[DEBUG]: [0mThis is a debug message from thread 2218-09-2026 00:29:34 [38;5;117m[DEBUG]: [0mThis is a debug message from thread 1318-09-2026 00:29:34 [38;5;015m[INFO]: [0mThis is a info message from thread 1118-09-2026 00:29:34 [38;5;015m[INFO]: [0mThis is a info message from thread 1718-09-2026 00:29:34 [38;5;009m[ERROR]: [0mThis is a error message from thread 1118-09-2026 00:29:34 [38;5;117m[DEBUG]: [0mThis is a debug message from thread 818-09-2026 00:29:34 [38;5;015m[INFO]: [0mThis is a info message from thread 1018-09-2026 00:29:34 [38;5;117m[DEBUG]: [0mThis is a debug message from thread 918-09-2026 00:29:34 [38;5;009m[ERROR]: [0mThis is a error message from thread 1718-09-2026 00:29:34 [38;5;117m[DEBUG]: [0mThis is a debug message from thread 1118-09-2026 00:29:34 [38;5;015m[INFO]: [0mThis is a info message from thread 1418-09-2026 00:29:34 [38;5;015m[INFO]: [0mThis is a info message from thread 2218-09-2026 00:29:34 [38;5;117m[DEBUG]: [0mThis is a debug message from thread 018-09-2026 00:29:34 [38;5;015m[INFO]: [0mThis is a info message from thread 1318-09-2026 00:29:34 [38;5;015m[INFO]: [0mThis is a info message from thread 1118-09-2026 00:29:34 [38;5;009m[ERROR]: [0mThis is a error message from thread 1418-09-2026 00:29:34 [38;5;009m[ERROR]: [0mThis is a error message from thread 2218-09-2026 00:29:34 [38;5;117m[DEBUG]: [0mThis is a debug message from thread 518-09-2026 00:29:34 [38;5;009m[ERROR]: [0mThis is a error message from thread 1018-09-2026 00:29:34 [38;5;009m[ERROR]: [0mThis is a error message from thread 1318-09-2026 00:29:34 [38;5;117m[DEBUG]: [0mThis is a debug message from thread 1418-09-2026 00:29:34 [38;5;009m[ERROR]: [0mThis is a error message from thread 1118-09-2026 00:29:34 [38;5;015m[INFO]: [0mThis is a info message from thread 018-09-2026 00:29:34 [38;5;015m[INFO]: [0mThis is a info message from thread 818-09-2026 00:29:34 [38;5;117m[DEBUG]: [0mThis is a debug message from thread 2218-09-2026 00:29:34 [38;5;015m[INFO]: [0mThis is a info message from thread 1418-09-2026 00:29:34 [38;5;117m[DEBUG]: [0mThis is a debug message from thread 1018-09-2026 00:29:34 [38;5;117m[DEBUG]: [0mThis is a debug message from thread 218-09-2026 00:29:34 [38;5;015m[INFO]: [0mThis is a info message from thread 2118-09-2026 00:29:34 [38;5;015m[INFO]: [0mThis is a info message from thread 1618-09-2026 00:29:34 [38;5;009m[ERROR]: [0mThis is a error message from thread 1418-09-2026 00:29:34 [38;5;117m[DEBUG]: [0mThis is a debug message from thread 1118-09-2026 00:29:34 [38;5;015m[INFO]: [0mThis is a info message from thread 618-09-2026 00:29:34 [38;5;117m[DEBUG]: [0mThis is a debug message from thread 1318-09-2026 00:29:34 [38;5;015m[INFO]: [0mThis is a info message from thread 218-09-2026 00:29:34 [38;5;015m[INFO]: [0mThis is a info message from thread 918-09-2026 00:29:34 [38;5;117m[DEBUG]: [0mThis is a debug message from thread 2918-09-2026 00:29:34 [38;5;015m[INFO]: [0mThis is a info message from thread 1018-09-2026 00:29:34 [38;5;009m[ERROR]: [0mThis is a error message from thread 018-09-2026 00:29:34 [38;5;117m[DEBUG]: [0mThis is a debug message from thread 1418-09-2026 00:29:34 [38;5;015m[INFO]: [0mThis is a info message from thread 2218-09-2026 00:29:34 [38;5;009m[ERROR]: [0mThis is a error message from thread 918-09-2026 00:29:34 [38;5;009m[ERROR]: [0mThis is a error message from thread 1018-09-2026 00:29:34 [38;5;009m[ERROR]: [0mThis is a error message from thread 2218-09-2026 00:29:34 [38;5;015m[INFO]: [0mThis is a info message from thread 1418-09-2026 00:29:34 [38;5;015m[INFO]: [0mThis is a info message from thread 2418-09-2026 00:29:34 [38;5;009m[ERROR]: [0mThis is a error message from thread 1618-09-2026 00:29:34 [38;5;015m[INFO]: [0mThis is a info message from thread 1118-09-2026 00:29:34 [38;5;009m[ERROR]: [0mThis is a error message from thread 2718-09-2026 00:29:34 [38;5;009m[ERROR]: [0mThis is a error message from thread 2418-09-2026 00:29:34 [38;5;117m[DEBUG]: [0mThis is a debug message from thread 018-09-2026 00:29:34 [38;5;117m[DEBUG]: [0mThis is a debug message from thread 1618-09-2026 00:29:34 [38;5;009m[ERROR]: [0mThis is a error message from thread 1118-09-2026 00:29:34 [38;5;015m[INFO]: [0mThis is a info message from thread 2918-09-2026 00:29:34 [38;5;015m[INFO]: [0mThis is a info message from thread 518-09-2026 00:29:34 [38;5;009m[ERROR]: [0mThis is a error message from thread 1418-09-2026 00:29:34 [38;5;117m[DEBUG]: [0mThis is a debug message from thread 918-09-2026 00:29:34 [38;5;117m[DEBUG]: [0mThis is a debug message from thread 2818-09-2026 00:29:34 [38;5;009m[ERROR]: [0mThis is a error message from thread 2918-09-2026 00:29:34 [38;5;117m[DEBUG]: [0mThis is a debug message from thread 1718-09-2026 00:29:34 [38;5;117m[DEBUG]: [0mThis is a debug message from thread 2718-09-2026 00:29:34 [38;5;117m[DEBUG]: [0mThis is a debug message from thread 1118-09-2026 00:29:34 [38;5;009m[ERROR]: [0mThis is a error message from thread 1818-09-2026 00:29:34 [38;5;009m[ERROR]: [0mThis is a error message from thread 1918-09-2026 00:29:34 [38;5;009m[ERROR]: [0mThis is a error message from thread 618-09-2026 00:29:34 [38;5;009m[ERROR]: [0mThis is a error message from thread 218-09-2026 00:29:34 [38;5;015m[INFO]: [0mThis is a info message from thread 2718-09-2026 00:29:34 [38;5;117m[DEBUG]: [0mThis is a debug message from thread 218-09-2026 00:29:34 [38;5;009m[ERROR]: [0mThis is a error message from thread 518-09-2026 00:29:34 [38;5;117m[DEBUG]: [0mThis is a debug message from thread 1818-09-2026 00:29:34 [38;5;117m[DEBUG]: [0mThis is a debug message from thread 1018-09-2026 00:29:34 [38;5;117m[DEBUG]: [0mThis is a debug message from thread 2218-09-2026 00:29:34 [38;5;117m[DEBUG]: [0mThis is a debug message from thread 2918-09-2026 00:29:34 [38;5;009m[ERROR]: [0mThis is a error message from thread 2718-09-2026 00:29:34 [38;5;015m[INFO]: [0mThis is a info message from thread 1818-09-2026 00:29:34 [38;5;117m[DEBUG]: [0mThis is a debug message from thread 2718-09-2026 00:29:34 [38;5;015m[INFO]: [0mThis is a info message from thread 018-09-2026 00:29:34 [38;5;117m[DEBUG]: [0mThis is a debug message from thread 618-09-2026 00:29:34 [38;5;009m[ERROR]: [0mThis is a error message from thread 818-09-2026 00:29:34 [38;5;009m[ERROR]: [0mThis is a error message from thread 2118-09-2026 00:29:34 [38;5;015m[INFO]: [0mThis is a info message from thread 2218-09-2026 00:29:34 [38;5;015m[INFO]: [0mThis is a info message from thread 1018-09-2026 00:29:34 [38;5;009m[ERROR]: [0mThis is a error message from thread 018-09-2026 00:29:34 [38;5;117m[DEBUG]: [0mThis is a debug message from thread 818-09-2026 00:29:34 [38;5;009m[ERROR]: [0mThis is a error message from thread 1818-09-2026 00:29:34 [38;5;117m[DEBUG]: [0mThis is a debug message from thread 018-09-2026 00:29:34 [38;5;117m[DEBUG]: [0mThis is a debug message from thread 518-09-2026 00:29:34 [38;5;015m[INFO]: [0mThis is a info message from thread 518-09-2026 00:29:34 [38;5;015m[INFO]: [0mThis is a info message from thread 2718-09-2026 00:29:34 [38;5;117m[DEBUG]: [0mThis is a debug message from thread 1818-09-2026 00:29:34 [38;5;015m[INFO]: [0mThis is a info message from thread 918-09-2026 00:29:34 [38;5;015m[INFO]: [0mThis is a info message from thread 2818-09-2026 00:29:34 [38;5;009m[ERROR]: [0mThis is a error message from thread 1018-09-2026 00:29:34 [38;5;015m[INFO]: [0mThis is a info message from thread 1818-09-2026 00:29:34 [38;5;117m[DEBUG]: [0mThis is a debug message from thread 1418-09-2026 00:29:34 [38;5;009m[ERROR]: [0mThis is a error message from thread 2218-09-2026 00:29:34 [38;5;009m[ERROR]: [0mThis is a error message from thread 2718-09-2026 00:29:34 [38;5;117m[DEBUG]: [0mThis is a debug message from thread 1018-09-2026 00:29:34 [38;5;015m[INFO]: [0mThis is a info message from thread 2918-09-2026 00:29:34 [38;5;009m[ERROR]: [0mThis is a error message from thread 2818-09-2026 00:29:34 [38;5;015m[INFO]: [0mThis is a info message from thread 1018-09-2026 00:29:34 [38;5;015m[INFO]: [0mThis is a info message from thread 1718-09-2026 00:29:34 [38;5;117m[DEBUG]: [0mThis is a debug message from thread 2718-09-2026 00:29:34 [38;5;015m[INFO]: [0mThis is a info message from thread 018-09-2026 00:29:34 [38;5;009m[ERROR]: [0mThis is a error message from thread 018-09-2026 00:29:34 [38;5;015m[INFO]: [0mThis is a info message from thread 1418-09-2026 00:29:34 [38;5;117m[DEBUG]: [0mThis is a debug message from thread 2818-09-2026 00:29:34 [38;5;015m[INFO]: [0mThis is a info message from thread 2818-09-2026 00:29:34 [38;5;009m[ERROR]: [0mThis is a error message from thread 2818-09-2026 00:29:34 [38;5;015m[INFO]: [0mThis is a info message from thread 2718-09-2026 00:29:34 [38;5;015m[INFO]: [0mThis is a info message from thread 818-09-2026 00:29:34 [38;5;117m[DEBUG]: [0mThis is a debug message from thread 1918-09-2026 00:29:34 [38;5;009m[ERROR]: [0mThis is a error message from thread 1018-09-2026 00:29:34 [38;5;009m[ERROR]: [0mThis is a error message from thread 2918-09-2026 00:29:34 [38;5;117m[DEBUG]: [0mThis is a debug message from thread 2918-09-2026 00:29:34 [38;5;117m[DEBUG]: [0mThis is a debug message from thread 018-09-2026 00:29:34 [38;5;009m[ERROR]: [0mThis is a error message from thread 2718-09-2026 00:29:34 [38;5;117m[DEBUG]: [0mThis is a debug message from thread 2218-09-2026 00:29:34 [38;5;009m[ERROR]: [0mThis is a error message from thread 818-09-2026 00:29:34 [38;5;015m[INFO]: [0mThis is a info message from thread 1918-09-2026 00:29:34 [38;5;009m[ERROR]: [0mThis is a error message from thread 1418-09-2026 00:29:34 [38;5;015m[INFO]: [0mThis is a info message from thread 2618-09-2026 00:29:34 [38;5;117m[DEBUG]: [0mThis is a debug message from thread 1018-09-2026 00:29:34 [38;5;015m[INFO]: [0mThis is a info message from thread 618-09-2026 00:29:34 [38;5;009m[ERROR]: [0mThis is a error message from thread 1918-09-2026 00:29:34 [38;5;015m[INFO]: [0mThis is a info message from thread 018-09-2026 00:29:34 [38;5;015m[INFO]: [0mThis is a info message from thread 2218-09-2026 00:29:34 [38;5;009m[ERROR]: [0mThis is a error message from thread 1818-09-2026 00:29:34 [38;5;117m[DEBUG]: [0mThis is a debug message from thread 2118-09-2026 00:29:34 [38;5;015m[INFO]: [0mThis is a info message from thread 1318-09-2026 00:29:34 [38;5;117m[DEBUG]: [0mThis is a debug message from thread 818-09-2026 00:29:34 [38;5;015m[INFO]: [0mThis is a info message from thread 1118-09-2026 00:29:34 [38;5;015m[INFO]: [0mThis is a info message from thread 1618-09-2026 00:29:34 [38;5;009m[ERROR]: [0mThis is a error message from thread 2218-09-2026 00:29:34 [38;5;015m[INFO]: [0mThis is a info message from thread 218-09-2026 00:29:34 [38;5;117m[DEBUG]: [0mThis is a debug message from thread 1818-09-2026 00:29:34 [38;5;117m[DEBUG]: [0mThis is a debug message from thread 1418-09-2026 00:29:34 [38;5;117m[DEBUG]: [0mThis is a debug message from thread 2718-09-2026 00:29:34 [38;5;015m[INFO]: [0mThis is a info message from thread 1018-09-2026 00:29:34 [38;5;009m[ERROR]: [0mThis is a error message from thread 018-09-2026 00:29:34 [38;5;117m[DEBUG]: [0mThis is a debug message from thread 018-09-2026 00:29:34 [38;5;015m[INFO]: [0mThis is a info message from thread 2118-09-2026 00:29:34 [38;5;015m[INFO]: [0mThis is a info message from thread 818-09-2026 00:29:34 [38;5;015m[INFO]: [0mThis is a info message from thread 1818-09-2026 00:29:34 [38;5;009m[ERROR]: [0mThis is a error message from thread 2618-09-2026 00:29:34 [38;5;015m[INFO]: [0mThis is a info message from thread 018-09-2026 00:29:34 [38;5;009m[ERROR]: [0mThis is a error message from thread 1818-09-2026 00:29:34 [38;5;009m[ERROR]: [0mThis is a error message from thread 2118-09-2026 00:29:34 [38;5;009m[ERROR]: [0mThis is a error message from thread 218-09-2026 00:29:34 [38;5;117m[DEBUG]: [0mThis is a debug message from thread 2618-09-2026 00:29:34 [38;5;015m[INFO]: [0mThis is a info message from thread 2718-09-2026 00:29:34 [38;5;009m[ERROR]: [0mThis is a error message from thread 1018-09-2026 00:29:34 [38;5;009m[ERROR]: [0mThis is a error message from thread 1618-09-2026 00:29:34 [38;5;117m[DEBUG]: [0mThis is a debug message from thread 1018-09-2026 00:29:34 [38;5;117m[DEBUG]: [0mThis is a debug message from thread 2218-09-2026 00:29:34 [38;5;117m[DEBUG]: [0mThis is a debug message from thread 2818-09-2026 00:29:34 [38;5;009m[ERROR]: [0mThis is a error message from thread 618-09-2026 00:29:34 [38;5;009m[ERROR]: [0mThis is a error message from thread 2718-09-2026 00:29:34 [38;5;117m[DEBUG]: [0mThis is a debug message from thread 2118-09-2026 00:29:34 [38;5;015m[INFO]: [0mThis is a info message from thread 2818-09-2026 00:29:34 [38;5;117m[DEBUG]: [0mThis is a debug message from thread 218-09-2026 00:29:34 [38;5;009m[ERROR]: [0mThis is a error message from thread 918-09-2026 00:29:34 [38;5;015m[INFO]: [0mThis is a info message from thread 2618-09-2026 00:29:34 [38;5;015m[INFO]: [0mThis is a info message from thread 2118-09-2026 00:29:34 [38;5;015m[INFO]: [0mThis is a info message from thread 2918-09-2026 00:29:34 [38;5;117m[DEBUG]: [0mThis is a debug message from thread 618-09-2026 00:29:34 [38;5;009m[ERROR]: [0mThis is a error message from thread 018-09-2026 00:29:34 [38;5;009m[ERROR]: [0mThis is a error message from thread 2818-09-2026 00:29:34 [38;5;009m[ERROR]: [0mThis is a error message from thread 2918-09-2026 00:29:34 [38;5;015m[INFO]: [0mThis is a info message from thread 2218-09-2026 00:29:34 [38;5;009m[ERROR]: [0mThis is a error message from thread 818-09-2026 00:29:34 [38;5;117m[DEBUG]: [0mThis is a debug message from thread 1818-09-2026 00:29:34 [38;5;009m[ERROR]: [0mThis is a error message from thread 2618-09-2026 00:29:34 [38;5;117m[DEBUG]: [0mThis is a debug message from thread 918-09-2026 00:29:34 [38;5;015m[INFO]: [0mThis is a info message from thread 1418-09-2026 00:29:34 [38;5;117m[DEBUG]: [0mThis is a debug message from thread 018-09-2026 00:29:34 [38;5;009m[ERROR]: [0mThis is a error message from thread 2218-09-2026 00:29:34 [38;5;009m[ERROR]: [0mThis is a error message from thread 1718-09-2026 00:29:34 [38;5;117m[DEBUG]: [0mThis is a debug message from thread 1918-09-2026 00:29:34 [38;5;117m[DEBUG]: [0mThis is a debug message from thread 2718-09-2026 00:29:34 [38;5;015m[INFO]: [0mThis is a info message from thread 1018-09-2026 00:29:34 [38;5;117m[DEBUG]: [0mThis is a debug message from thread 2618-09-2026 00:29:34 [38;5;117m[DEBUG]: [0mThis is a debug message from thread 2818-09-2026 00:29:34 [38;5;117m[DEBUG]: [0mThis is a debug message from thread 1718-09-2026 00:29:34 [38;5;009m[ERROR]: [0mThis is a error message from thread 1018-09-2026 00:29:34 [38;5;009m[ERROR]: [0mThis is a error message from thread 1418-09-2026 00:29:34 [38;5;015m[INFO]: [0mThis is a info message from thread 2818-09-2026 00:29:34 [38;5;117m[DEBUG]: [0mThis is a debug message from thread 2218-09-2026 00:29:34 [38;5;117m[DEBUG]: [0mThis is a debug message from thread 1018-09-2026 00:29:34 [38;5;117m[DEBUG]: [0mThis is a debug message from thread 1418-09-2026 00:29:34 [38;5;015m[INFO]: [0mThis is a info message from thread 1918-09-2026 00:29:34 [38;5;117m[DEBUG]: [0mThis is a debug message from thread 1618-09-2026 00:29:34 [38;5;015m[INFO]: [0mThis is a info message from thread 2218-09-2026 00:29:34 [38;5;015m[INFO]: [0mThis is a info message from thread 018-09-2026 00:29:34 [38;5;009m[ERROR]: [0mThis is a error message from thread 2118-09-2026 00:29:34 [38;5;009m[ERROR]: [0mThis is a error message from thread 518-09-2026 00:29:34 [38;5;009m[ERROR]: [0mThis is a error message from thread 1318-09-2026 00:29:34 [38;5;009m[ERROR]: [0mThis is a error message from thread 1918-09-2026 00:29:34 [38;5;117m[DEBUG]: [0mThis is a debug message from thread 818-09-2026 00:29:34 [38;5;009m[ERROR]: [0mThis is a error message from thread 2818-09-2026 00:29:34 [38;5;015m[INFO]: [0mThis is a info message from thread 218-09-2026 00:29:34 [38;5;015m[INFO]: [0mThis is a info message from thread 1718-09-2026 00:29:34 [38;5;009m[ERROR]: [0mThis is a error message from thread 218-09-2026 00:29:34 [38;5;117m[DEBUG]: [0mThis is a debug message from thread 218-09-2026 00:29:34 [38;5;015m[INFO]: [0mThis is a info message from thread 1018-09-2026 00:29:34 [38;5;117m[DEBUG]: [0mThis is a debug message from thread 2818-09-2026 00:29:34 [38;5;015m[INFO]: [0mThis is a info message from thread 818-09-2026 00:29:34 [38;5;015m[INFO]: [0mThis is a info message from thread 218-09-2026 00:29:34 [38;5;015m[INFO]: [0mThis is a info message from thread 2718-09-2026 00:29:34 [38;5;015m[INFO]: [0mThis is a info message from thread 2618-09-2026 00:29:34 [38;5;015m[INFO]: [0mThis is a info message from thread 2818-09-2026 00:29:34 [38;5;117m[DEBUG]: [0mThis is a debug message from thread 1918-09-2026 00:29:34 [38;5;117m[DEBUG]: [0mThis is a debug message from thread 518-09-2026 00:29:34 [38;5;009m[ERROR]: [0mThis is a error message from thread 2818-09-2026 00:29:34 [38;5;009m[ERROR]: [0mThis is a error message from thread 1718-09-2026 00:29:34 [38;5;015m[INFO]: [0mThis is a info message from thread 618-09-2026 00:29:34 [38;5;117m[DEBUG]: [0mThis is a debug message from thread 2918-09-2026 00:29:34 [38;5;015m[INFO]: [0mThis is a info message from thread 518-09-2026 00:29:34 [38;5;009m[ERROR]: [0mThis is a error message from thread 818-09-2026 00:29:34 [38;5;009m[ERROR]: [0mThis is a error message from thread 2218-09-2026 00:29:34 [38;5;015m[INFO]: [0mThis is a info message from thread 1918-09-2026 00:29:34 [38;5;009m[ERROR]: [0mThis is a error message from thread 018-09-2026 00:29:34 [38;5;015m[INFO]: [0mThis is a info message from thread 1618-09-2026 00:29:34 [38;5;009m[ERROR]: [0mThis is a error message from thread 1018-09-2026 00:29:34 [38;5;009m[ERROR]: [0mThis is a error message from thread 2718-09-2026 00:29:34 [38;5;117m[DEBUG]: [0mThis is a debug message from thread 1718-09-2026 00:29:34 [38;5;015m[INFO]: [0mThis is a info message from thread 1418-09-2026 00:29:34 [38;5;009m[ERROR]: [0mThis is a error message from thread 218-09-2026 00:29:34 [38;5;117m[DEBUG]: [0mThis is a debug message from thread 818-09-2026 00:29:34 [38;5;015m[INFO]: [0mThis is a info message from thread 2918-09-2026 00:29:34 [38;5;117m[DEBUG]: [0mThis is a debug message from thread 2218-09-2026 00:29:34 [38;5;117m[DEBUG]: [0mThis is a debug message from thread 1318-09-2026 00:29:34 [38;5;009m[ERROR]: [0mThis is a error message from thread 518-09-2026 00:29:34 [38;5;117m[DEBUG]: [0mThis is a debug message from thread 1018-09-2026 00:29:34 [38;5;009m[ERROR]: [0mThis is a error message from thread 1918-09-2026 00:29:34 [38;5;009m[ERROR]: [0mThis is a error message from thread 2618-09-2026 00:29:34 [38;5;015m[INFO]: [0mThis is a info message from thread 818-09-2026 00:29:34 [38;5;009m[ERROR]: [0mThis is a error message from thread 1418-09-2026 00:29:34 [38;5;015m[INFO]: [0mThis is a info message from thread 1818-09-2026 00:29:34 [38;5;117m[DEBUG]: [0mThis is a debug message from thread 2118-09-2026 00:29:34 [38;5;015m[INFO]: [0mThis is a info message from thread 2218-09-2026 00:29:34 [38;5;117m[DEBUG]: [0mThis is a debug message from thread 2718-09-2026 00:29:34 [38;5;015m[INFO]: [0mThis is a info message from thread 1018-09-2026 00:29:34 [38;5;009m[ERROR]: [0mThis is a error message from thread 2218-09-2026 00:29:34 [38;5;117m[DEBUG]: [0mThis is a debug message from thread 018-09-2026 00:29:34 [38;5;117m[DEBUG]: [0mThis is a debug message from thread 1918-09-2026 00:29:34 [38;5;117m[DEBUG]: [0mThis is a debug message from thread 2218-09-2026 00:29:34 [38;5;009m[ERROR]: [0mThis is a error message from thread 818-09-2026 00:29:34 [38;5;015m[INFO]: [0mThis is a info message from thread 2118-09-2026 00:29:34 [38;5;009m[ERROR]: [0mThis is a error message from thread 618-09-2026 00:29:34 [38;5;117m[DEBUG]: [0mThis is a debug message from thread 1418-09-2026 00:29:34 [38;5;015m[INFO]: [0mThis is a info message from thread 1918-09-2026 00:29:34 [38;5;015m[INFO]: [0mThis is a info message from thread 018-09-2026 00:29:34 [38;5;015m[INFO]: [0mThis is a info message from thread 2218-09-2026 00:29:34 [38;5;009m[ERROR]: [0mThis is a error message from thread 1918-09-2026 00:29:34 [38;5;009m[ERROR]: [0mThis is a error message from thread 1818-09-2026 00:29:34 [38;5;009m[ERROR]: [0mThis is a error message from thread 2918-09-2026 00:29:34 [38;5;009m[ERROR]: [0mThis is a error message from thread 2118-09-2026 00:29:34 [38;5;117m[DEBUG]: [0mThis is a debug message from thread 818-09-2026 00:29:34 [38;5;009m[ERROR]: [0mThis is a error message from thread 1118-09-2026 00:29:34 [38;5;015m[INFO]: [0mThis is a info message from thread 1718-09-2026 00:29:34 [38;5;117m[DEBUG]: [0mThis is a debug message from thread 618-09-2026 00:29:34 [38;5;117m[DEBUG]: [0mThis is a debug message from thread 518-09-2026 00:29:34 [38;5;009m[ERROR]: [0mThis is a error message from thread 1718-09-2026 00:29:34 [38;5;009m[ERROR]: [0mThis is a error message from thread 2218-09-2026 00:29:34 [38;5;117m[DEBUG]: [0mThis is a debug message from thread 1118-09-2026 00:29:34 [38;5;117m[DEBUG]: [0mThis is a debug message from thread 2218-09-2026 00:29:34 [38;5;015m[INFO]: [0mThis is a info message from thread 1418-09-2026 00:29:34 [38;5;015m[INFO]: [0mThis is a info message from thread 818-09-2026 00:29:34 [38;5;009m[ERROR]: [0mThis is a error message from thread 1618-09-2026 00:29:34 [38;5;117m[DEBUG]: [0mThis is a debug message from thread 1718-09-2026 00:29:34 [38;5;009m[ERROR]: [0mThis is a error message from thread 1018-09-2026 00:29:34 [38;5;015m[INFO]: [0mThis is a info message from thread 918-09-2026 00:29:34 [38;5;009m[ERROR]: [0mThis is a error message from thread 018-09-2026 00:29:34 [38;5;009m[ERROR]: [0mThis is a error message from thread 818-09-2026 00:29:34 [38;5;117m[DEBUG]: [0mThis is a debug message from thread 2918-09-2026 00:29:34 [38;5;117m[DEBUG]: [0mThis is a debug message from thread 2118-09-2026 00:29:34 [38;5;015m[INFO]: [0mThis is a info message from thread 618-09-2026 00:29:34 [38;5;117m[DEBUG]: [0mThis is a debug message from thread 018-09-2026 00:29:34 [38;5;117m[DEBUG]: [0mThis is a debug message from thread 818-09-2026 00:29:34 [38;5;015m[INFO]: [0mThis is a info message from thread 1118-09-2026 00:29:34 [38;5;009m[ERROR]: [0mThis is a error message from thread 918-09-2026 00:29:34 [38;5;015m[INFO]: [0mThis is a info message from thread 2918-09-2026 00:29:34 [38;5;009m[ERROR]: [0mThis is a error message from thread 618-09-2026 00:29:34 [38;5;015m[INFO]: [0mThis is a info message from thread 1718-09-2026 00:29:34 [38;5;117m[DEBUG]: [0mThis is a debug message from thread 918-09-2026 00:29:34 [38;5;009m[ERROR]: [0mThis is a error message from thread 2918-09-2026 00:29:34 [38;5;117m[DEBUG]: [0mThis is a debug message from thread 618-09-2026 00:29:34 [38;5;009m[ERROR]: [0mThis is a error message from thread 1418-09-2026 00:29:34 [38;5;009m[ERROR]: [0mThis is a error message from thread 1718-09-2026 00:29:34 [38;5;015m[INFO]: [0mThis is a info message from thread 2218-09-2026 00:29:34 [38;5;117m[DEBUG]: [0mThis is a debug message from thread 1418-09-2026 00:29:34 [38;5;117m[DEBUG]: [0mThis is a debug message from thread 1818-09-2026 00:29:34 [38;5;117m[DEBUG]: [0mThis is a debug message from thread 2918-09-2026 00:29:34 [38;5;015m[INFO]: [0mThis is a info message from thread 818-09-2026 00:29:34 [38;5;009m[ERROR]: [0mThis is a error message from thread 2218-09-2026 00:29:34 [38;5;015m[INFO]: [0mThis is a info message from thread 1418-09-2026 00:29:34 [38;5;117m[DEBUG]: [0mThis is a debug message from thread 1018-09-2026 00:29:34 [38;5;015m[INFO]: [0mThis is a info message from thread 1818-09-2026 00:29:34 [38;5;015m[INFO]: [0mThis is a info message from thread 2918-09-2026 00:29:34 [38;5;117m[DEBUG]: [0mThis is a debug message from thread 2218-09-2026 00:29:34 [38;5;015m[INFO]: [0mThis is a info message from thread 2118-09-2026 00:29:34 [38;5;015m[INFO]: [0mThis is a info message from thread 2718-09-2026 00:29:34 [38;5;009m[ERROR]: [0mThis is a error message from thread 1818-09-2026 00:29:34 [38;5;009m[ERROR]: [0mThis is a error message from thread 2918-09-2026 00:29:34 [38;5;117m[DEBUG]: [0mThis is a debug message from thread 2618-09-2026 00:29:34 [38;5;015m[INFO]: [0mThis is a info message from thread 018-09-2026 00:29:34 [38;5;117m[DEBUG]: [0mThis is a debug message from thread 1718-09-2026 00:29:34 [38;5;015m[INFO]: [0mThis is a info message from thread 518-09-2026 00:29:34 [38;5;009m[ERROR]: [0mThis is a error message from thread 818-09-2026 00:29:34 [38;5;015m[INFO]: [0mThis is a info message from thread 1718-09-2026 00:29:34 [38;5;117m[DEBUG]: [0mThis is a debug message from thread 1818-09-2026 00:29:34 [38;5;015m[INFO]: [0mThis is a info message from thread 1818-09-2026 00:29:34 [38;5;117m[DEBUG]: [0mThis is a debug message from thread 2918-09-2026 00:29:34 [38;5;015m[INFO]: [0mThis is a info message from thread 618-09-2026 00:29:34 [38;5;015m[INFO]: [0mThis is a info message from thread 1018-09-2026 00:29:34 [38;5;117m[DEBUG]: [0mThis is a debug message from thread 1618-09-2026 00:29:34 [38;5;009m[ERROR]: [0mThis is a error message from thread 2718-09-2026 00:29:34 [38;5;015m[INFO]: [0mThis is a info message from thread 1318-09-2026 00:29:34 [38;5;009m[ERROR]: [0mThis is a error message from thread 018-09-2026 00:29:34 [38;5;009m[ERROR]: [0mThis is a error message from thread 518-09-2026 00:29:34 [38;5;009m[ERROR]: [0mThis is a error message from thread 2118-09-2026 00:29:34 [38;5;009m[ERROR]: [0mThis is a error message from thread 1418-09-2026 00:29:34 [38;5;117m[DEBUG]: [0mThis is a debug message from thread 818-09-2026 00:29:34 [38;5;117m[DEBUG]: [0mThis is a debug message from thread 1418-09-2026 00:29:34 [38;5;015m[INFO]: [0mThis is a info message from thread 2218-09-2026 00:29:34 [38;5;015m[INFO]: [0mThis is a info message from thread 918-09-2026 00:29:34 [38;5;015m[INFO]: [0mThis is a info message from thread 2618-09-2026 00:29:34 [38;5;009m[ERROR]: [0mThis is a error message from thread 2618-09-2026 00:29:34 [38;5;015m[INFO]: [0mThis is a info message from thread 1618-09-2026 00:29:34 [38;5;117m[DEBUG]: [0mThis is a debug message from thread 2618-09-2026 00:29:34 [38;5;009m[ERROR]: [0mThis is a error message from thread 1718-09-2026 00:29:34 [38;5;009m[ERROR]: [0mThis is a error message from thread 618-09-2026 00:29:34 [38;5;117m[DEBUG]: [0mThis is a debug message from thread 018-09-2026 00:29:34 [38;5;009m[ERROR]: [0mThis is a error message from thread 2218-09-2026 00:29:34 [38;5;117m[DEBUG]: [0mThis is a debug message from thread 618-09-2026 00:29:34 [38;5;015m[INFO]: [0mThis is a info message from thread 2618-09-2026 00:29:34 [38;5;117m[DEBUG]: [0mThis is a debug message from thread 2218-09-2026 00:29:34 [38;5;015m[INFO]: [0mThis is a info message from thread 618-09-2026 00:29:34 [38;5;009m[ERROR]: [0mThis is a error message from thread 2618-09-2026 00:29:34 [38;5;015m[INFO]: [0mThis is a info message from thread 2218-09-2026 00:29:34 [38;5;009m[ERROR]: [0mThis is a error message from thread 1818-09-2026 00:29:34 [38;5;009m[ERROR]: [0mThis is a error message from thread 618-09-2026 00:29:34 [38;5;117m[DEBUG]: [0mThis is a debug message from thread 2618-09-2026 00:29:34 [38;5;009m[ERROR]: [0mThis is a error message from thread 2218-09-2026 00:29:34 [38;5;117m[DEBUG]: [0mThis is a debug message from thread 618-09-2026 00:29:34 [38;5;117m[DEBUG]: [0mThis is a debug message from thread 2718-09-2026 00:29:34 [38;5;009m[ERROR]: [0mThis is a error message from thread 1318-09-2026 00:29:34 [38;5;015m[INFO]: [0mThis is a info message from thread 2618-09-2026 00:29:34 [38;5;009m[ERROR]: [0mThis is a error message from thread 1118-09-2026 00:29:34 [38;5;015m[INFO]: [0mThis is a info message from thread 618-09-2026 00:29:34 [38;5;015m[INFO]: [0mThis is a info message from thread 2918-09-2026 00:29:34 [38;5;015m[INFO]: [0mThis is a info message from thread 1418-09-2026 00:29:34 [38;5;015m[INFO]: [0mThis is a info message from thread 018-09-2026 00:29:34 [38;5;009m[ERROR]: [0mThis is a error message from thread 1618-09-2026 00:29:34 [38;5;117m[DEBUG]: [0mThis is a debug message from thread 518-09-2026 00:29:34 [38;5;117m[DEBUG]: [0mThis is a debug message from thread 1718-09-2026 00:29:34 [38;5;117m[DEBUG]: [0mThis is a debug message from thread 1318-09-2026 00:29:34 [38;5;009m[ERROR]: [0mThis is a error message from thread 1018-09-2026 00:29:34 [38;5;009m[ERROR]: [0mThis is a error message from thread 2918-09-2026 00:29:34 [38;5;117m[DEBUG]: [0mThis is a debug message from thread 1018-09-2026 00:29:34 [38;5;009m[ERROR]: [0mThis is a error message from thread 018-09-2026 00:29:34 [38;5;117m[DEBUG]: [0mThis is a debug message from thread 1818-09-2026 00:29:34 [38;5;009m[ERROR]: [0mThis is a error message from thread 918-09-2026 00:29:34 [38;5;117m[DEBUG]: [0mThis is a debug message from thread 1618-09-2026 00:29:34 [38;5;015m[INFO]: [0mThis is a info message from thread 1718-09-2026 00:29:34 [38;5;015m[INFO]: [0mThis is a info message from thread 818-09-2026 00:29:34 [38;5;009m[ERROR]: [0mThis is a error message from thread 818-09-2026 00:29:34 [38;5;009m[ERROR]: [0mThis is a error message from thread 1718-09-2026 00:29:34 [38;5;015m[INFO]: [0mThis is a info message from thread 1818-09-2026 00:29:34 [38;5;015m[INFO]: [0mThis is a info message from thread 1618-09-2026 00:29:34 [38;5;009m[ERROR]: [0mThis is a error message from thread 1618-09-2026 00:29:34 [38;5;117m[DEBUG]: [0mThis is a debug message from thread 1718-09-2026 00:29:34 [38;5;015m[INFO]: [0mThis is a info message from thread 1018-09-2026 00:29:34 [38;5;015m[INFO]: [0mThis is a info message from thread 518-09-2026 00:29:34 [38;5;015m[INFO]: [0mThis is a info message from thread 2718-09-2026 00:29:34 [38;5;009m[ERROR]: [0mThis is a error message from thread 2618-09-2026 00:29:34 [38;5;009m[ERROR]: [0mThis is a error message from thread 2718-09-2026 00:29:34 [38;5;117m[DEBUG]: [0mThis is a debug message from thread 1618-09-2026 00:29:34 [38;5;117m[DEBUG]: [0mThis is a debug message from thread 2718-09-2026 00:29:34 [38;5;117m[DEBUG]: [0mThis is a debug message from thread 818-09-2026 00:29:34 [38;5;015m[INFO]: [0mThis is a info message from thread 1318-09-2026 00:29:34 [38;5;117m[DEBUG]: [0mThis is a debug message from thread 2618-09-2026 00:29:34 [38;5;117m[DEBUG]: [0mThis is a debug message from thread 2918-09-2026 00:29:34 [38;5;117m[DEBUG]: [0mThis is a debug message from thread 018-09-2026 00:29:34 [38;5;117m[DEBUG]: [0mThis is a debug message from thread 918-09-2026 00:29:34 [38;5;117m[DEBUG]: [0mThis is a debug message from thread 1118-09-2026 00:29:34 [38;5;015m[INFO]: [0mThis is a info message from thread 1718-09-2026 00:29:34 [38;5;015m[INFO]: [0mThis is a info message from thread 1618-09-2026 00:29:34 [38;5;015m[INFO]: [0mThis is a info message from thread 2718-09-2026 00:29:34 [38;5;009m[ERROR]: [0mThis is a error message from thread 1018-09-2026 00:29:34 [38;5;015m[INFO]: [0mThis is a info message from thread 018-09-2026 00:29:34 [38;5;009m[ERROR]: [0mThis is a error message from thread 2718-09-2026 00:29:34 [38;5;009m[ERROR]: [0mThis is a error message from thread 518-09-2026 00:29:34 [38;5;009m[ERROR]: [0mThis is a error message from thread 1418-09-2026 00:29:34 [38;5;015m[INFO]: [0mThis is a info message from thread 2618-09-2026 00:29:34 [38;5;009m[ERROR]: [0mThis is a error message from thread 1618-09-2026 00:29:34 [38;5;009m[ERROR]: [0mThis is a error message from thread 1818-09-2026 00:29:34 [38;5;015m[INFO]: [0mThis is a info message from thread 818-09-2026 00:29:34 [38;5;009m[ERROR]: [0mThis is a error message from thread 618-09-2026 00:29:34 [38;5;015m[INFO]: [0mThis is a info message from thread 918-09-2026 00:29:34 [38;5;117m[DEBUG]: [0mThis is a debug message from thread 1618-09-2026 00:29:34 [38;5;009m[ERROR]: [0mThis is a error message from thread 2618-09-2026 00:29:34 [38;5;015m[INFO]: [0mThis is a info message from thread 2918-09-2026 00:29:34 [38;5;117m[DEBUG]: [0mThis is a debug message from thread 2718-09-2026 00:29:34 [38;5;015m[INFO]: [0mThis is a info message from thread 1618-09-2026 00:29:34 [38;5;117m[DEBUG]: [0mThis is a debug message from thread 1818-09-2026 00:29:34 [38;5;009m[ERROR]: [0mThis is a error message from thread 2918-09-2026 00:29:34 [38;5;117m[DEBUG]: [0mThis is a debug message from thread 618-09-2026 00:29:34 [38;5;117m[DEBUG]: [0mThis is a debug message from thread 2618-09-2026 00:29:34 [38;5;009m[ERROR]: [0mThis is a error message from thread 1618-09-2026 00:29:34 [38;5;009m[ERROR]: [0mThis is a error message from thread 818-09-2026 00:29:34 [38;5;009m[ERROR]: [0mThis is a error message from thread 1718-09-2026 00:29:34 [38;5;117m[DEBUG]: [0mThis is a debug message from thread 2918-09-2026 00:29:34 [38;5;117m[DEBUG]: [0mThis is a debug message from thread 1418-09-2026 00:29:34 [38;5;015m[INFO]: [0mThis is a info message from thread 2618-09-2026 00:29:34 [38;5;117m[DEBUG]: [0mThis is a debug message from thread 1618-09-2026 00:29:34 [38;5;015m[INFO]: [0mThis is a info message from thread 2718-09-2026 00:29:34 [38;5;009m[ERROR]: [0mThis is a error message from thread 2618-09-2026 00:29:34 [38;5;009m[ERROR]: [0mThis is a error message from thread 918-09-2026 00:29:34 [38;5;117m[DEBUG]: [0mThis is a debug message from thread 1718-09-2026 00:29:34 [38;5;015m[INFO]: [0mThis is a info message from thread 2918-09-2026 00:29:34 [38;5;117m[DEBUG]: [0mThis is a debug message from thread 818-09-2026 00:29:34 [38;5;015m[INFO]: [0mThis is a info message from thread 1418-09-2026 00:29:34 [38;5;015m[INFO]: [0mThis is a info message from thread 1818-09-2026 00:29:34 [38;5;015m[INFO]: [0mThis is a info message from thread 1118-09-2026 00:29:34 [38;5;015m[INFO]: [0mThis is a info message from thread 1718-09-2026 00:29:34 [38;5;009m[ERROR]: [0mThis is a error message from thread 1718-09-2026 00:29:34 [38;5;009m[ERROR]: [0mThis is a error message from thread 1118-09-2026 00:29:34 [38;5;009m[ERROR]: [0mThis is a error message from thread 018-09-2026 00:29:34 [38;5;117m[DEBUG]: [0mThis is a debug message from thread 1718-09-2026 00:29:34 [38;5;009m[ERROR]: [0mThis is a error message from thread 1818-09-2026 00:29:34 [38;5;117m[DEBUG]: [0mThis is a debug message from thread 2618-09-2026 00:29:34 [38;5;117m[DEBUG]: [0mThis is a debug message from thread 1118-09-2026 00:29:34 [38;5;009m[ERROR]: [0mThis is a error message from thread 2718-09-2026 00:29:34 [38;5;117m[DEBUG]: [0mThis is a debug message from thread 918-09-2026 00:29:34 [38;5;015m[INFO]: [0mThis is a info message from thread 1718-09-2026 00:29:34 [38;5;009m[ERROR]: [0mThis is a error message from thread 1418-09-2026 00:29:34 [38;5;015m[INFO]: [0mThis is a info message from thread 1618-09-2026 00:29:34 [38;5;009m[ERROR]: [0mThis is a error message from thread 2918-09-2026 00:29:34 [38;5;015m[INFO]: [0mThis is a info message from thread 618-09-2026 00:29:34 [38;5;015m[INFO]: [0mThis is a info message from thread 1118-09-2026 00:29:34 [38;5;009m[ERROR]: [0mThis is a error message from thread 1718-09-2026 00:29:34 [38;5;117m[DEBUG]: [0mThis is a debug message from thread 018-09-2026 00:29:34 [38;5;009m[ERROR]: [0mThis is a error message from thread 618-09-2026 00:29:34 [38;5;117m[DEBUG]: [0mThis is a debug message from thread 2918-09-2026 00:29:34 [38;5;009m[ERROR]: [0mThis is a error message from thread 1118-09-2026 00:29:34 [38;5;015m[INFO]: [0mThis is a info message from thread 818-09-2026 00:29:34 [38;5;117m[DEBUG]: [0mThis is a debug message from thread 518-09-2026 00:29:34 [38;5;117m[DEBUG]: [0mThis is a debug message from thread 1818-09-2026 00:29:34 [38;5;015m[INFO]: [0mThis is a info message from thread 918-09-2026 00:29:34 [38;5;117m[DEBUG]: [0mThis is a debug message from thread 1118-09-2026 00:29:34 [38;5;117m[DEBUG]: [0mThis is a debug message from thread 1718-09-2026 00:29:34 [38;5;015m[INFO]: [0mThis is a info message from thread 2918-09-2026 00:29:34 [38;5;009m[ERROR]: [0mThis is a error message from thread 818-09-2026 00:29:34 [38;5;117m[DEBUG]: [0mThis is a debug message from thread 2718-09-2026 00:29:34 [38;5;117m[DEBUG]: [0mThis is a debug message from thread 618-09-2026 00:29:34 [38;5;015m[INFO]: [0mThis is a info message from thread 618-09-2026 00:29:34 [38;5;015m[INFO]: [0mThis is a info message from thread 018-09-2026 00:29:34 [38;5;009m[ERROR]: [0mThis is a error message from thread 2918-09-2026 00:29:34 [38;5;015m[INFO]: [0mThis is a info message from thread 2618-09-2026 00:29:34 [38;5;117m[DEBUG]: [0mThis is a debug message from thread 818-09-2026 00:29:34 [38;5;009m[ERROR]: [0mThis is a error message from thread 618-09-2026 00:29:34 [38;5;009m[ERROR]: [0mThis is a error message from thread 1618-09-2026 00:29:34 [38;5;015m[INFO]: [0mThis is a info message from thread 1718-09-2026 00:29:34 [38;5;009m[ERROR]: [0mThis is a error message from thread 918-09-2026 00:29:34 [38;5;015m[INFO]: [0mThis is a info message from thread 2718-09-2026 00:29:34 [38;5;117m[DEBUG]: [0mThis is a debug message from thread 1418-09-2026 00:29:34 [38;5;009m[ERROR]: [0mThis is a error message from thread 2618-09-2026 00:29:34 [38;5;009m[ERROR]: [0mThis is a error message from thread 2718-09-2026 00:29:34 [38;5;117m[DEBUG]: [0mThis is a debug message from thread 2918-09-2026 00:29:34 [38;5;117m[DEBUG]: [0mThis is a debug message from thread 1618-09-2026 00:29:34 [38;5;117m[DEBUG]: [0mThis is a debug message from thread 2618-09-2026 00:29:34 [38;5;117m[DEBUG]: [0mThis is a debug message from thread 618-09-2026 00:29:34 [38;5;015m[INFO]: [0mThis is a info message from thread 818-09-2026 00:29:34 [38;5;015m[INFO]: [0mThis is a info message from thread 2918-09-2026 00:29:34 [38;5;009m[ERROR]: [0mThis is a error message from thread 818-09-2026 00:29:34 [38;5;009m[ERROR]: [0mThis is a error message from thread 018-09-2026 00:29:34 [38;5;015m[INFO]: [0mThis is a info message from thread 1418-09-2026 00:29:34 [38;5;009m[ERROR]: [0mThis is a error message from thread 2918-09-2026 00:29:34 [38;5;117m[DEBUG]: [0mThis is a debug message from thread 818-09-2026 00:29:34 [38;5;015m[INFO]: [0mThis is a info message from thread 618-09-2026 00:29:34 [38;5;015m[INFO]: [0mThis is a info message from thread 1118-09-2026 00:29:34 [38;5;015m[INFO]: [0mThis is a info message from thread 1618-09-2026 00:29:34 [38;5;117m[DEBUG]: [0mThis is a debug message from thread 918-09-2026 00:29:34 [38;5;009m[ERROR]: [0mThis is a error message from thread 1418-09-2026 00:29:34 [38;5;117m[DEBUG]: [0mThis is a debug message from thread 018-09-2026 00:29:34 [38;5;015m[INFO]: [0mThis is a info message from thread 1818-09-2026 00:29:34 [38;5;117m[DEBUG]: [0mThis is a debug message from thread 2718-09-2026 00:29:34 [38;5;009m[ERROR]: [0mThis is a error message from thread 1318-09-2026 00:29:34 [38;5;117m[DEBUG]: [0mThis is a debug message from thread 1418-09-2026 00:29:34 [38;5;015m[INFO]: [0mThis is a info message from thread 918-09-2026 00:29:34 [38;5;015m[INFO]: [0mThis is a info message from thread 018-09-2026 00:29:34 [38;5;117m[DEBUG]: [0mThis is a debug message from thread 2918-09-2026 00:29:34 [38;5;009m[ERROR]: [0mThis is a error message from thread 1118-09-2026 00:29:34 [38;5;009m[ERROR]: [0mThis is a error message from thread 618-09-2026 00:29:34 [38;5;009m[ERROR]: [0mThis is a error message from thread 918-09-2026 00:29:34 [38;5;015m[INFO]: [0mThis is a info message from thread 2618-09-2026 00:29:34 [38;5;117m[DEBUG]: [0mThis is a debug message from thread 618-09-2026 00:29:34 [38;5;009m[ERROR]: [0mThis is a error message from thread 1818-09-2026 00:29:34 [38;5;009m[ERROR]: [0mThis is a error message from thread 018-09-2026 00:29:34 [38;5;009m[ERROR]: [0mThis is a error message from thread 1718-09-2026 00:29:34 [38;5;015m[INFO]: [0mThis is a info message from thread 2718-09-2026 00:29:34 [38;5;015m[INFO]: [0mThis is a info message from thread 1418-09-2026 00:29:34 [38;5;117m[DEBUG]: [0mThis is a debug message from thread 1118-09-2026 00:29:34 [38;5;015m[INFO]: [0mThis is a info message from thread 518-09-2026 00:29:34 [38;5;015m[INFO]: [0mThis is a info message from thread 618-09-2026 00:29:34 [38;5;009m[ERROR]: [0mThis is a error message from thread 1418-09-2026 00:29:34 [38;5;015m[INFO]: [0mThis is a info message from thread 1118-09-2026 00:29:34 [38;5;015m[INFO]: [0mThis is a info message from thread 2918-09-2026 00:29:34 [38;5;117m[DEBUG]: [0mThis is a debug message from thread 1318-09-2026 00:29:34 [38;5;117m[DEBUG]: [0mThis is a debug message from thread 1418-09-2026 00:29:34 [38;5;009m[ERROR]: [0mThis is a error message from thread 1118-09-2026 00:29:34 [38;5;015m[INFO]: [0mThis is a info message from thread 818-09-2026 00:29:34 [38;5;015m[INFO]: [0mThis is a info message from thread 1318-09-2026 00:29:34 [38;5;015m[INFO]: [0mThis is a info message from thread 1418-09-2026 00:29:34 [38;5;117m[DEBUG]: [0mThis is a debug message from thread 918-09-2026 00:29:34 [38;5;117m[DEBUG]: [0mThis is a debug message from thread 1718-09-2026 00:29:34 [38;5;015m[INFO]: [0mThis is a info message from thread 918-09-2026 00:29:34 [38;5;015m[INFO]: [0mThis is a info message from thread 1718-09-2026 00:29:34 [38;5;009m[ERROR]: [0mThis is a error message from thread 618-09-2026 00:29:34 [38;5;009m[ERROR]: [0mThis is a error message from thread 918-09-2026 00:29:34 [38;5;009m[ERROR]: [0mThis is a error message from thread 2918-09-2026 00:29:34 [38;5;117m[DEBUG]: [0mThis is a debug message from thread 1118-09-2026 00:29:34 [38;5;117m[DEBUG]: [0mThis is a debug message from thread 2918-09-2026 00:29:34 [38;5;009m[ERROR]: [0mThis is a error message from thread 818-09-2026 00:29:34 [38;5;015m[INFO]: [0mThis is a info message from thread 2918-09-2026 00:29:34 [38;5;009m[ERROR]: [0mThis is a error message from thread 2718-09-2026 00:29:34 [38;5;117m[DEBUG]: [0mThis is a debug message from thread 818-09-2026 00:29:34 [38;5;009m[ERROR]: [0mThis is a error message from thread 2918-09-2026 00:29:34 [38;5;117m[DEBUG]: [0mThis is a debug message from thread 618-09-2026 00:29:34 [38;5;009m[ERROR]: [0mThis is a error message from thread 1318-09-2026 00:29:34 [38;5;117m[DEBUG]: [0mThis is a debug message from thread 1818-09-2026 00:29:34 [38;5;117m[DEBUG]: [0mThis is a debug message from thread 2918-09-2026 00:29:34 [38;5;009m[ERROR]: [0mThis is a error message from thread 1418-09-2026 00:29:34 [38;5;117m[DEBUG]: [0mThis is a debug message from thread 018-09-2026 00:29:34 [38;5;009m[ERROR]: [0mThis is a error message from thread 2618-09-2026 00:29:34 [38;5;009m[ERROR]: [0mThis is a error message from thread 1618-09-2026 00:29:34 [38;5;009m[ERROR]: [0mThis is a error message from thread 518-09-2026 00:29:34 [38;5;015m[INFO]: [0mThis is a info message from thread 618-09-2026 00:29:34 [38;5;015m[INFO]: [0mThis is a info message from thread 1818-09-2026 00:29:34 [38;5;009m[ERROR]: [0mThis is a error message from thread 1718-09-2026 00:29:34 [38;5;117m[DEBUG]: [0mThis is a debug message from thread 2618-09-2026 00:29:34 [38;5;009m[ERROR]: [0mThis is a error message from thread 618-09-2026 00:29:34 [38;5;117m[DEBUG]: [0mThis is a debug message from thread 518-09-2026 00:29:34 [38;5;117m[DEBUG]: [0mThis is a debug message from thread 1418-09-2026 00:29:34 [38;5;009m[ERROR]: [0mThis is a error message from thread 1818-09-2026 00:29:34 [38;5;015m[INFO]: [0mThis is a info message from thread 2918-09-2026 00:29:34 [38;5;015m[INFO]: [0mThis is a info message from thread 2618-09-2026 00:29:34 [38;5;117m[DEBUG]: [0mThis is a debug message from thread 1618-09-2026 00:29:34 [38;5;009m[ERROR]: [0mThis is a error message from thread 2918-09-2026 00:29:34 [38;5;117m[DEBUG]: [0mThis is a debug message from thread 2718-09-2026 00:29:34 [38;5;117m[DEBUG]: [0mThis is a debug message from thread 918-09-2026 00:29:34 [38;5;117m[DEBUG]: [0mThis is a debug message from thread 1818-09-2026 00:29:34 [38;5;015m[INFO]: [0mThis is a info message from thread 1418-09-2026 00:29:34 [38;5;009m[ERROR]: [0mThis is a error message from thread 2618-09-2026 00:29:34 [38;5;117m[DEBUG]: [0mThis is a debug message from thread 2918-09-2026 00:29:34 [38;5;015m[INFO]: [0mThis is a info message from thread 918-09-2026 00:29:34 [38;5;015m[INFO]: [0mThis is a info message from thread 1118-09-2026 00:29:34 [38;5;009m[ERROR]: [0mThis is a error message from thread 1418-09-2026 00:29:34 [38;5;015m[INFO]: [0mThis is a info message from thread 818-09-2026 00:29:34 [38;5;117m[DEBUG]: [0mThis is a debug message from thread 1718-09-2026 00:29:34 [38;5;015m[INFO]: [0mThis is a info message from thread 018-09-2026 00:29:34 [38;5;009m[ERROR]: [0mThis is a error message from thread 918-09-2026 00:29:34 [38;5;015m[INFO]: [0mThis is a info message from thread 2918-09-2026 00:29:34 [38;5;009m[ERROR]: [0mThis is a error message from thread 818-09-2026 00:29:34 [38;5;117m[DEBUG]: [0mThis is a debug message from thread 2618-09-2026 00:29:34 [38;5;015m[INFO]: [0mThis is a info message from thread 1618-09-2026 00:29:34 [38;5;015m[INFO]: [0mThis is a info message from thread 2618-09-2026 00:29:34 [38;5;015m[INFO]: [0mThis is a info message from thread 1718-09-2026 00:29:34 [38;5;015m[INFO]: [0mThis is a info message from thread 518-09-2026 00:29:34 [38;5;015m[INFO]: [0mThis is a info message from thread 2718-09-2026 00:29:34 [38;5;009m[ERROR]: [0mThis is a error message from thread 1118-09-2026 00:29:34 [38;5;117m[DEBUG]: [0mThis is a debug message from thread 818-09-2026 00:29:34 [38;5;015m[INFO]: [0mThis is a info message from thread 1818-09-2026 00:29:34 [38;5;117m[DEBUG]: [0mThis is a debug message from thread 1418-09-2026 00:29:34 [38;5;009m[ERROR]: [0mThis is a error message from thread 2618-09-2026 00:29:34 [38;5;009m[ERROR]: [0mThis is a error message from thread 1718-09-2026 00:29:34 [38;5;117m[DEBUG]: [0mThis is a debug message from thread 618-09-2026 00:29:34 [38;5;015m[INFO]: [0mThis is a info message from thread 818-09-2026 00:29:34 [38;5;117m[DEBUG]: [0mThis is a debug message from thread 1118-09-2026 00:29:34 [38;5;009m[ERROR]: [0mThis is a error message from thread 1618-09-2026 00:29:34 [38;5;009m[ERROR]: [0mThis is a error message from thread 818-09-2026 00:29:34 [38;5;015m[INFO]: [0mThis is a info message from thread 1418-09-2026 00:29:34 [38;5;117m[DEBUG]: [0mThis is a debug message from thread 2618-09-2026 00:29:34 [38;5;009m[ERROR]: [0mThis is a error message from thread 518-09-2026 00:29:34 [38;5;009m[ERROR]: [0mThis is a error message from thread 018-09-2026 00:29:34 [38;5;009m[ERROR]: [0mThis is a error message from thread 2918-09-2026 00:29:34 [38;5;117m[DEBUG]: [0mThis is a debug message from thread 1618-09-2026 00:29:34 [38;5;117m[DEBUG]: [0mThis is a debug message from thread 018-09-2026 00:29:34 [38;5;117m[DEBUG]: [0mThis is a debug message from thread 818-09-2026 00:29:34 [38;5;117m[DEBUG]: [0mThis is a debug message from thread 2918-09-2026 00:29:34 [38;5;117m[DEBUG]: [0mThis is a debug message from thread 1318-09-2026 00:29:34 [38;5;117m[DEBUG]: [0mThis is a debug message from thread 1718-09-2026 00:29:34 [38;5;015m[INFO]: [0mThis is a info message from thread 2918-09-2026 00:29:34 [38;5;117m[DEBUG]: [0mThis is a debug message from thread 518-09-2026 00:29:34 [38;5;015m[INFO]: [0mThis is a info message from thread 018-09-2026 00:29:34 [38;5;015m[INFO]: [0mThis is a info message from thread 2618-09-2026 00:29:34 [38;5;015m[INFO]: [0mThis is a info message from thread 818-09-2026 00:29:34 [38;5;015m[INFO]: [0mThis is a info message from thread 618-09-2026 00:29:34 [38;5;015m[INFO]: [0mThis is a info message from thread 518-09-2026 00:29:34 [38;5;009m[ERROR]: [0mThis is a error message from thread 2918-09-2026 00:29:34 [38;5;009m[ERROR]: [0mThis is a error message from thread 1418-09-2026 00:29:34 [38;5;117m[DEBUG]: [0mThis is a debug message from thread 2918-09-2026 00:29:34 [38;5;015m[INFO]: [0mThis is a info message from thread 1118-09-2026 00:29:34 [38;5;015m[INFO]: [0mThis is a info message from thread 1618-09-2026 00:29:34 [38;5;015m[INFO]: [0mThis is a info message from thread 1318-09-2026 00:29:34 [38;5;117m[DEBUG]: [0mThis is a debug message from thread 918-09-2026 00:29:34 [38;5;009m[ERROR]: [0mThis is a error message from thread 818-09-2026 00:29:34 [38;5;009m[ERROR]: [0mThis is a error message from thread 1818-09-2026 00:29:34 [38;5;009m[ERROR]: [0mThis is a error message from thread 518-09-2026 00:29:34 [38;5;117m[DEBUG]: [0mThis is a debug message from thread 1818-09-2026 00:29:34 [38;5;009m[ERROR]: [0mThis is a error message from thread 1118-09-2026 00:29:34 [38;5;009m[ERROR]: [0mThis is a error message from thread 018-09-2026 00:29:34 [38;5;015m[INFO]: [0mThis is a info message from thread 1818-09-2026 00:29:34 [38;5;117m[DEBUG]: [0mThis is a debug message from thread 1118-09-2026 00:29:34 [38;5;009m[ERROR]: [0mThis is a error message from thread 1318-09-2026 00:29:34 [38;5;117m[DEBUG]: [0mThis is a debug message from thread 1318-09-2026 00:29:34 [38;5;015m[INFO]: [0mThis is a info message from thread 918-09-2026 00:29:34 [38;5;117m[DEBUG]: [0mThis is a debug message from thread 1418-09-2026 00:29:34 [38;5;009m[ERROR]: [0mThis is a error message from thread 1818-09-2026 00:29:34 [38;5;117m[DEBUG]: [0mThis is a debug message from thread 518-09-2026 00:29:34 [38;5;009m[ERROR]: [0mThis is a error message from thread 918-09-2026 00:29:34 [38;5;117m[DEBUG]: [0mThis is a debug message from thread 818-09-2026 00:29:34 [38;5;009m[ERROR]: [0mThis is a error message from thread 618-09-2026 00:29:34 [38;5;015m[INFO]: [0mThis is a info message from thread 1318-09-2026 00:29:34 [38;5;117m[DEBUG]: [0mThis is a debug message from thread 1818-09-2026 00:29:34 [38;5;117m[DEBUG]: [0mThis is a debug message from thread 018-09-2026 00:29:34 [38;5;015m[INFO]: [0mThis is a info message from thread 2918-09-2026 00:29:34 [38;5;009m[ERROR]: [0mThis is a error message from thread 1618-09-2026 00:29:34 [38;5;009m[ERROR]: [0mThis is a error message from thread 2918-09-2026 00:29:34 [38;5;009m[ERROR]: [0mThis is a error message from thread 2618-09-2026 00:29:34 [38;5;015m[INFO]: [0mThis is a info message from thread 1718-09-2026 00:29:34 [38;5;015m[INFO]: [0mThis is a info message from thread 1418-09-2026 00:29:34 [38;5;015m[INFO]: [0mThis is a info message from thread 518-09-2026 00:29:34 [38;5;117m[DEBUG]: [0mThis is a debug message from thread 1618-09-2026 00:29:34 [38;5;117m[DEBUG]: [0mThis is a debug message from thread 918-09-2026 00:29:34 [38;5;009m[ERROR]: [0mThis is a error message from thread 1318-09-2026 00:29:34 [38;5;015m[INFO]: [0mThis is a info message from thread 018-09-2026 00:29:34 [38;5;117m[DEBUG]: [0mThis is a debug message from thread 2918-09-2026 00:29:34 [38;5;009m[ERROR]: [0mThis is a error message from thread 018-09-2026 00:29:34 [38;5;117m[DEBUG]: [0mThis is a debug message from thread 1318-09-2026 00:29:34 [38;5;009m[ERROR]: [0mThis is a error message from thread 1718-09-2026 00:29:34 [38;5;015m[INFO]: [0mThis is a info message from thread 2918-09-2026 00:29:34 [38;5;015m[INFO]: [0mThis is a info message from thread 1118-09-2026 00:29:34 [38;5;015m[INFO]: [0mThis is a info message from thread 1818-09-2026 00:29:34 [38;5;009m[ERROR]: [0mThis is a error message from thread 518-09-2026 00:29:34 [38;5;015m[INFO]: [0mThis is a info message from thread 818-09-2026 00:29:34 [38;5;015m[INFO]: [0mThis is a info message from thread 918-09-2026 00:29:34 [38;5;009m[ERROR]: [0mThis is a error message from thread 918-09-2026 00:29:34 [38;5;117m[DEBUG]: [0mThis is a debug message from thread 618-09-2026 00:29:34 [38;5;117m[DEBUG]: [0mThis is a debug message from thread 018-09-2026 00:29:34 [38;5;009m[ERROR]: [0mThis is a error message from thread 2918-09-2026 00:29:34 [38;5;015m[INFO]: [0mThis is a info message from thread 1618-09-2026 00:29:34 [38;5;015m[INFO]: [0mThis is a info message from thread 618-09-2026 00:29:34 [38;5;117m[DEBUG]: [0mThis is a debug message from thread 2618-09-2026 00:29:34 [38;5;117m[DEBUG]: [0mThis is a debug message from thread 918-09-2026 00:29:34 [38;5;015m[INFO]: [0mThis is a info message from thread 1318-09-2026 00:29:34 [38;5;015m[INFO]: [0mThis is a info message from thread 018-09-2026 00:29:34 [38;5;009m[ERROR]: [0mThis is a error message from thread 618-09-2026 00:29:34 [38;5;009m[ERROR]: [0mThis is a error message from thread 2718-09-2026 00:29:34 [38;5;009m[ERROR]: [0mThis is a error message from thread 1818-09-2026 00:29:34 [38;5;117m[DEBUG]: [0mThis is a debug message from thread 1818-09-2026 00:29:34 [38;5;009m[ERROR]: [0mThis is a error message from thread 1618-09-2026 00:29:34 [38;5;009m[ERROR]: [0mThis is a error message from thread 1318-09-2026 00:29:34 [38;5;015m[INFO]: [0mThis is a info message from thread 918-09-2026 00:29:34 [38;5;117m[DEBUG]: [0mThis is a debug message from thread 1718-09-2026 00:29:34 [38;5;015m[INFO]: [0mThis is a info message from thread 1818-09-2026 00:29:34 [38;5;009m[ERROR]: [0mThis is a error message from thread 918-09-2026 00:29:34 [38;5;009m[ERROR]: [0mThis is a error message from thread 818-09-2026 00:29:34 [38;5;117m[DEBUG]: [0mThis is a debug message from thread 2918-09-2026 00:29:34 [38;5;117m[DEBUG]: [0mThis is a debug message from thread 1318-09-2026 00:29:34 [38;5;015m[INFO]: [0mThis is a info message from thread 2918-09-2026 00:29:34 [38;5;117m[DEBUG]: [0mThis is a debug message from thread 818-09-2026 00:29:34 [38;5;117m[DEBUG]: [0mThis is a debug message from thread 618-09-2026 00:29:34 [38;5;009m[ERROR]: [0mThis is a error message from thread 1418-09-2026 00:29:34 [38;5;009m[ERROR]: [0mThis is a error message from thread 018-09-2026 00:29:34 [38;5;015m[INFO]: [0mThis is a info message from thread 2618-09-2026 00:29:34 [38;5;009m[ERROR]: [0mThis is a error message from thread 2918-09-2026 00:29:34 [38;5;015m[INFO]: [0mThis is a info message from thread 618-09-2026 00:29:34 [38;5;117m[DEBUG]: [0mThis is a debug message from thread 2718-09-2026 00:29:34 [38;5;117m[DEBUG]: [0mThis is a debug message from thread 518-09-2026 00:29:34 [38;5;009m[ERROR]: [0mThis is a error message from thread 1818-09-2026 00:29:34 [38;5;015m[INFO]: [0mThis is a info message from thread 818-09-2026 00:29:34 [38;5;117m[DEBUG]: [0mThis is a debug message from thread 918-09-2026 00:29:34 [38;5;015m[INFO]: [0mThis is a info message from thread 1718-09-2026 00:29:34 [38;5;015m[INFO]: [0mThis is a info message from thread 1318-09-2026 00:29:34 [38;5;009m[ERROR]: [0mThis is a error message from thread 818-09-2026 00:29:34 [38;5;117m[DEBUG]: [0mThis is a debug message from thread 018-09-2026 00:29:34 [38;5;015m[INFO]: [0mThis is a info message from thread 2718-09-2026 00:29:34 [38;5;117m[DEBUG]: [0mThis is a debug message from thread 1418-09-2026 00:29:34 [38;5;009m[ERROR]: [0mThis is a error message from thread 618-09-2026 00:29:34 [38;5;009m[ERROR]: [0mThis is a error message from thread 1718-09-2026 00:29:34 [38;5;009m[ERROR]: [0mThis is a error message from thread 2718-09-2026 00:29:34 [38;5;117m[DEBUG]: [0mThis is a debug message from thread 1818-09-2026 00:29:34 [38;5;117m[DEBUG]: [0mThis is a debug message from thread 818-09-2026 00:29:34 [38;5;015m[INFO]: [0mThis is a info message from thread 518-09-2026 00:29:34 [38;5;015m[INFO]: [0mThis is a info message from thread 918-09-2026 00:29:34 [38;5;117m[DEBUG]: [0mThis is a debug message from thread 2918-09-2026 00:29:34 [38;5;009m[ERROR]: [0mThis is a error message from thread 1118-09-2026 00:29:34 [38;5;117m[DEBUG]: [0mThis is a debug message from thread 2718-09-2026 00:29:34 [38;5;015m[INFO]: [0mThis is a info message from thread 2718-09-2026 00:29:34 [38;5;117m[DEBUG]: [0mThis is a debug message from thread 1718-09-2026 00:29:34 [38;5;009m[ERROR]: [0mThis is a error message from thread 1318-09-2026 00:29:34 [38;5;015m[INFO]: [0mThis is a info message from thread 1818-09-2026 00:29:34 [38;5;015m[INFO]: [0mThis is a info message from thread 818-09-2026 00:29:34 [38;5;009m[ERROR]: [0mThis is a error message from thread 1818-09-2026 00:29:34 [38;5;009m[ERROR]: [0mThis is a error message from thread 518-09-2026 00:29:34 [38;5;009m[ERROR]: [0mThis is a error message from thread 2718-09-2026 00:29:34 [38;5;009m[ERROR]: [0mThis is a error message from thread 918-09-2026 00:29:34 [38;5;117m[DEBUG]: [0mThis is a debug message from thread 518-09-2026 00:29:34 [38;5;117m[DEBUG]: [0mThis is a debug message from thread 618-09-2026 00:29:34 [38;5;117m[DEBUG]: [0mThis is a debug message from thread 1818-09-2026 00:29:34 [38;5;015m[INFO]: [0mThis is a info message from thread 018-09-2026 00:29:34 [38;5;009m[ERROR]: [0mThis is a error message from thread 818-09-2026 00:29:34 [38;5;015m[INFO]: [0mThis is a info message from thread 1718-09-2026 00:29:34 [38;5;015m[INFO]: [0mThis is a info message from thread 518-09-2026 00:29:34 [38;5;117m[DEBUG]: [0mThis is a debug message from thread 918-09-2026 00:29:34 [38;5;015m[INFO]: [0mThis is a info message from thread 1818-09-2026 00:29:34 [38;5;015m[INFO]: [0mThis is a info message from thread 618-09-2026 00:29:34 [38;5;015m[INFO]: [0mThis is a info message from thread 2918-09-2026 00:29:34 [38;5;009m[ERROR]: [0mThis is a error message from thread 2618-09-2026 00:29:34 [38;5;117m[DEBUG]: [0mThis is a debug message from thread 2718-09-2026 00:29:34 [38;5;015m[INFO]: [0mThis is a info message from thread 918-09-2026 00:29:34 [38;5;117m[DEBUG]: [0mThis is a debug message from thread 818-09-2026 00:29:34 [38;5;009m[ERROR]: [0mThis is a error message from thread 2918-09-2026 00:29:34 [38;5;015m[INFO]: [0mThis is a info message from thread 818-09-2026 00:29:34 [38;5;009m[ERROR]: [0mThis is a error message from thread 1818-09-2026 00:29:34 [38;5;009m[ERROR]: [0mThis is a error message from thread 518-09-2026 00:29:34 [38;5;015m[INFO]: [0mThis is a info message from thread 2718-09-2026 00:29:34 [38;5;009m[ERROR]: [0mThis is a error message from thread 1718-09-2026 00:29:34 [38;5;015m[INFO]: [0mThis is a info message from thread 1418-09-2026 00:29:34 [38;5;117m[DEBUG]: [0mThis is a debug message from thread 518-09-2026 00:29:34 [38;5;117m[DEBUG]: [0mThis is a debug message from thread 2618-09-2026 00:29:34 [38;5;117m[DEBUG]: [0mThis is a debug message from thread 2918-09-2026 00:29:34 [38;5;117m[DEBUG]: [0mThis is a debug message from thread 1718-09-2026 00:29:34 [38;5;009m[ERROR]: [0mThis is a error message from thread 618-09-2026 00:29:34 [38;5;117m[DEBUG]: [0mThis is a debug message from thread 1318-09-2026 00:29:34 [38;5;009m[ERROR]: [0mThis is a error message from thread 2718-09-2026 00:29:34 [38;5;009m[ERROR]: [0mThis is a error message from thread 1418-09-2026 00:29:34 [38;5;117m[DEBUG]: [0mThis is a debug message from thread 1818-09-2026 00:29:34 [38;5;015m[INFO]: [0mThis is a info message from thread 2618-09-2026 00:29:34 [38;5;009m[ERROR]: [0mThis is a error message from thread 818-09-2026 00:29:34 [38;5;009m[ERROR]: [0mThis is a error message from thread 918-09-2026 00:29:34 [38;5;117m[DEBUG]: [0mThis is a debug message from thread 618-09-2026 00:29:34 [38;5;015m[INFO]: [0mThis is a info message from thread 2918-09-2026 00:29:34 [38;5;015m[INFO]: [0mThis is a info message from thread 1318-09-2026 00:29:34 [38;5;015m[INFO]: [0mThis is a info message from thread 1818-09-2026 00:29:34 [38;5;015m[INFO]: [0mThis is a info message from thread 518-09-2026 00:29:34 [38;5;117m[DEBUG]: [0mThis is a debug message from thread 1118-09-2026 00:29:34 [38;5;117m[DEBUG]: [0mThis is a debug message from thread 2718-09-2026 00:29:34 [38;5;009m[ERROR]: [0mThis is a error message from thread 2618-09-2026 00:29:34 [38;5;015m[INFO]: [0mThis is a info message from thread 618-09-2026 00:29:34 [38;5;009m[ERROR]: [0mThis is a error message from thread 1818-09-2026 00:29:34 [38;5;009m[ERROR]: [0mThis is a error message from thread 518-09-2026 00:29:34 [38;5;117m[DEBUG]: [0mThis is a debug message from thread 1418-09-2026 00:29:34 [38;5;117m[DEBUG]: [0mThis is a debug message from thread 2618-09-2026 00:29:34 [38;5;009m[ERROR]: [0mThis is a error message from thread 1318-09-2026 00:29:34 [38;5;015m[INFO]: [0mThis is a info message from thread 2618-09-2026 00:29:34 [38;5;117m[DEBUG]: [0mThis is a debug message from thread 1318-09-2026 00:29:34 [38;5;009m[ERROR]: [0mThis is a error message from thread 2618-09-2026 00:29:34 [38;5;015m[INFO]: [0mThis is a info message from thread 1718-09-2026 00:29:34 [38;5;117m[DEBUG]: [0mThis is a debug message from thread 518-09-2026 00:29:34 [38;5;009m[ERROR]: [0mThis is a error message from thread 2918-09-2026 00:29:34 [38;5;117m[DEBUG]: [0mThis is a debug message from thread 1818-09-2026 00:29:34 [38;5;015m[INFO]: [0mThis is a info message from thread 1418-09-2026 00:29:34 [38;5;117m[DEBUG]: [0mThis is a debug message from thread 818-09-2026 00:29:34 [38;5;009m[ERROR]: [0mThis is a error message from thread 018-09-2026 00:29:34 [38;5;015m[INFO]: [0mThis is a info message from thread 1318-09-2026 00:29:34 [38;5;009m[ERROR]: [0mThis is a error message from thread 1718-09-2026 00:29:34 [38;5;015m[INFO]: [0mThis is a info message from thread 518-09-2026 00:29:34 [38;5;009m[ERROR]: [0mThis is a error message from thread 518-09-2026 00:29:34 [38;5;117m[DEBUG]: [0mThis is a debug message from thread 018-09-2026 00:29:34 [38;5;117m[DEBUG]: [0mThis is a debug message from thread 1718-09-2026 00:29:34 [38;5;015m[INFO]: [0mThis is a info message from thread 2718-09-2026 00:29:34 [38;5;009m[ERROR]: [0mThis is a error message from thread 2718-09-2026 00:29:34 [38;5;015m[INFO]: [0mThis is a info message from thread 1818-09-2026 00:29:34 [38;5;009m[ERROR]: [0mThis is a error message from thread 1318-09-2026 00:29:34 [38;5;117m[DEBUG]: [0mThis is a debug message from thread 2618-09-2026 00:29:34 [38;5;117m[DEBUG]: [0mThis is a debug message from thread 2918-09-2026 00:29:34 [38;5;117m[DEBUG]: [0mThis is a debug message from thread 1318-09-2026 00:29:34 [38;5;015m[INFO]: [0mThis is a info message from thread 818-09-2026 00:29:34 [38;5;009m[ERROR]: [0mThis is a error message from thread 1418-09-2026 00:29:34 [38;5;015m[INFO]: [0mThis is a info message from thread 1318-09-2026 00:29:34 [38;5;015m[INFO]: [0mThis is a info message from thread 1718-09-2026 00:29:34 [38;5;015m[INFO]: [0mThis is a info message from thread 2618-09-2026 00:29:34 [38;5;015m[INFO]: [0mThis is a info message from thread 018-09-2026 00:29:34 [38;5;009m[ERROR]: [0mThis is a error message from thread 1718-09-2026 00:29:34 [38;5;009m[ERROR]: [0mThis is a error message from thread 1818-09-2026 00:29:34 [38;5;015m[INFO]: [0mThis is a info message from thread 2918-09-2026 00:29:34 [38;5;009m[ERROR]: [0mThis is a error message from thread 618-09-2026 00:29:34 [38;5;117m[DEBUG]: [0mThis is a debug message from thread 918-09-2026 00:29:34 [38;5;117m[DEBUG]: [0mThis is a debug message from thread 2718-09-2026 00:29:34 [38;5;009m[ERROR]: [0mThis is a error message from thread 1318-09-2026 00:29:34 [38;5;009m[ERROR]: [0mThis is a error message from thread 2618-09-2026 00:29:34 [38;5;117m[DEBUG]: [0mThis is a debug message from thread 618-09-2026 00:29:34 [38;5;009m[ERROR]: [0mThis is a error message from thread 2918-09-2026 00:29:34 [38;5;009m[ERROR]: [0mThis is a error message from thread 018-09-2026 00:29:34 [38;5;015m[INFO]: [0mThis is a info message from thread 918-09-2026 00:29:34 [38;5;117m[DEBUG]: [0mThis is a debug message from thread 1418-09-2026 00:29:34 [38;5;117m[DEBUG]: [0mThis is a debug message from thread 1818-09-2026 00:29:34 [38;5;117m[DEBUG]: [0mThis is a debug message from thread 1718-09-2026 00:29:34 [38;5;015m[INFO]: [0mThis is a info message from thread 1818-09-2026 00:29:34 [38;5;015m[INFO]: [0mThis is a info message from thread 618-09-2026 00:29:34 [38;5;117m[DEBUG]: [0mThis is a debug message from thread 2918-09-2026 00:29:34 [38;5;117m[DEBUG]: [0mThis is a debug message from thread 1318-09-2026 00:29:34 [38;5;009m[ERROR]: [0mThis is a error message from thread 1818-09-2026 00:29:34 [38;5;117m[DEBUG]: [0mThis is a debug message from thread 518-09-2026 00:29:34 [38;5;015m[INFO]: [0mThis is a info message from thread 1718-09-2026 00:29:34 [38;5;117m[DEBUG]: [0mThis is a debug message from thread 018-09-2026 00:29:34 [38;5;015m[INFO]: [0mThis is a info message from thread 2918-09-2026 00:29:34 [38;5;009m[ERROR]: [0mThis is a error message from thread 618-09-2026 00:29:34 [38;5;009m[ERROR]: [0mThis is a error message from thread 818-09-2026 00:29:34 [38;5;009m[ERROR]: [0mThis is a error message from thread 1718-09-2026 00:29:34 [38;5;015m[INFO]: [0mThis is a info message from thread 518-09-2026 00:29:34 [38;5;015m[INFO]: [0mThis is a info message from thread 1318-09-2026 00:29:34 [38;5;009m[ERROR]: [0mThis is a error message from thread 918-09-2026 00:29:34 [38;5;009m[ERROR]: [0mThis is a error message from thread 518-09-2026 00:29:34 [38;5;015m[INFO]: [0mThis is a info message from thread 018-09-2026 00:29:34 [38;5;117m[DEBUG]: [0mThis is a debug message from thread 518-09-2026 00:29:34 [38;5;015m[INFO]: [0mThis is a info message from thread 1418-09-2026 00:29:34 [38;5;117m[DEBUG]: [0mThis is a debug message from thread 818-09-2026 00:29:34 [38;5;009m[ERROR]: [0mThis is a error message from thread 2918-09-2026 00:29:34 [38;5;117m[DEBUG]: [0mThis is a debug message from thread 1718-09-2026 00:29:34 [38;5;117m[DEBUG]: [0mThis is a debug message from thread 1818-09-2026 00:29:34 [38;5;117m[DEBUG]: [0mThis is a debug message from thread 618-09-2026 00:29:34 [38;5;015m[INFO]: [0mThis is a info message from thread 518-09-2026 00:29:34 [38;5;015m[INFO]: [0mThis is a info message from thread 2718-09-2026 00:29:34 [38;5;009m[ERROR]: [0mThis is a error message from thread 1418-09-2026 00:29:34 [38;5;117m[DEBUG]: [0mThis is a debug message from thread 2918-09-2026 00:29:34 [38;5;015m[INFO]: [0mThis is a info message from thread 818-09-2026 00:29:34 [38;5;117m[DEBUG]: [0mThis is a debug message from thread 918-09-2026 00:29:34 [38;5;009m[ERROR]: [0mThis is a error message from thread 1318-09-2026 00:29:34 [38;5;015m[INFO]: [0mThis is a info message from thread 1818-09-2026 00:29:34 [38;5;117m[DEBUG]: [0mThis is a debug message from thread 1318-09-2026 00:29:34 [38;5;009m[ERROR]: [0mThis is a error message from thread 018-09-2026 00:29:34 [38;5;015m[INFO]: [0mThis is a info message from thread 918-09-2026 00:29:34 [38;5;015m[INFO]: [0mThis is a info message from thread 618-09-2026 00:29:34 [38;5;015m[INFO]: [0mThis is a info message from thread 1318-09-2026 00:29:34 [38;5;117m[DEBUG]: [0mThis is a debug message from thread 1418-09-2026 00:29:34 [38;5;015m[INFO]: [0mThis is a info message from thread 1718-09-2026 00:29:34 [38;5;015m[INFO]: [0mThis is a info message from thread 2918-09-2026 00:29:34 [38;5;009m[ERROR]: [0mThis is a error message from thread 2718-09-2026 00:29:34 [38;5;117m[DEBUG]: [0mThis is a debug message from thread 018-09-2026 00:29:34 [38;5;009m[ERROR]: [0mThis is a error message from thread 1818-09-2026 00:29:34 [38;5;009m[ERROR]: [0mThis is a error message from thread 918-09-2026 00:29:34 [38;5;009m[ERROR]: [0mThis is a error message from thread 1318-09-2026 00:29:34 [38;5;009m[ERROR]: [0mThis is a error message from thread 618-09-2026 00:29:34 [38;5;015m[INFO]: [0mThis is a info message from thread 1118-09-2026 00:29:34 [38;5;015m[INFO]: [0mThis is a info message from thread 1418-09-2026 00:29:34 [38;5;117m[DEBUG]: [0mThis is a debug message from thread 1818-09-2026 00:29:34 [38;5;009m[ERROR]: [0mThis is a error message from thread 1718-09-2026 00:29:34 [38;5;117m[DEBUG]: [0mThis is a debug message from thread 918-09-2026 00:29:34 [38;5;117m[DEBUG]: [0mThis is a debug message from thread 1318-09-2026 00:29:34 [38;5;009m[ERROR]: [0mThis is a error message from thread 1418-09-2026 00:29:34 [38;5;015m[INFO]: [0mThis is a info message from thread 018-09-2026 00:29:34 [38;5;117m[DEBUG]: [0mThis is a debug message from thread 1718-09-2026 00:29:34 [38;5;009m[ERROR]: [0mThis is a error message from thread 518-09-2026 00:29:34 [38;5;015m[INFO]: [0mThis is a info message from thread 1318-09-2026 00:29:34 [38;5;009m[ERROR]: [0mThis is a error message from thread 1118-09-2026 00:29:34 [38;5;009m[ERROR]: [0mThis is a error message from thread 2918-09-2026 00:29:34 [38;5;117m[DEBUG]: [0mThis is a debug message from thread 1418-09-2026 00:29:34 [38;5;015m[INFO]: [0mThis is a info message from thread 1818-09-2026 00:29:34 [38;5;117m[DEBUG]: [0mThis is a debug message from thread 2718-09-2026 00:29:34 [38;5;009m[ERROR]: [0mThis is a error message from thread 018-09-2026 00:29:34 [38;5;015m[INFO]: [0mThis is a info message from thread 918-09-2026 00:29:34 [38;5;117m[DEBUG]: [0mThis is a debug message from thread 618-09-2026 00:29:34 [38;5;009m[ERROR]: [0mThis is a error message from thread 1818-09-2026 00:29:34 [38;5;117m[DEBUG]: [0mThis is a debug message from thread 1118-09-2026 00:29:34 [38;5;009m[ERROR]: [0mThis is a error message from thread 818-09-2026 00:29:34 [38;5;015m[INFO]: [0mThis is a info message from thread 1718-09-2026 00:29:34 [38;5;015m[INFO]: [0mThis is a info message from thread 2718-09-2026 00:29:34 [38;5;117m[DEBUG]: [0mThis is a debug message from thread 818-09-2026 00:29:34 [38;5;009m[ERROR]: [0mThis is a error message from thread 2718-09-2026 00:29:34 [38;5;015m[INFO]: [0mThis is a info message from thread 1418-09-2026 00:29:34 [38;5;015m[INFO]: [0mThis is a info message from thread 818-09-2026 00:29:34 [38;5;009m[ERROR]: [0mThis is a error message from thread 918-09-2026 00:29:34 [38;5;009m[ERROR]: [0mThis is a error message from thread 1718-09-2026 00:29:34 [38;5;015m[INFO]: [0mThis is a info message from thread 1118-09-2026 00:29:34 [38;5;009m[ERROR]: [0mThis is a error message from thread 818-09-2026 00:29:34 [38;5;009m[ERROR]: [0mThis is a error message from thread 1318-09-2026 00:29:34 [38;5;117m[DEBUG]: [0mThis is a debug message from thread 2718-09-2026 00:29:34 [38;5;117m[DEBUG]: [0mThis is a debug message from thread 918-09-2026 00:29:34 [38;5;009m[ERROR]: [0mThis is a error message from thread 1118-09-2026 00:29:34 [38;5;117m[DEBUG]: [0mThis is a debug message from thread 818-09-2026 00:29:34 [38;5;015m[INFO]: [0mThis is a info message from thread 2718-09-2026 00:29:34 [38;5;117m[DEBUG]: [0mThis is a debug message from thread 1718-09-2026 00:29:34 [38;5;117m[DEBUG]: [0mThis is a debug message from thread 518-09-2026 00:29:34 [38;5;117m[DEBUG]: [0mThis is a debug message from thread 1318-09-2026 00:29:34 [38;5;015m[INFO]: [0mThis is a info message from thread 918-09-2026 00:29:34 [38;5;009m[ERROR]: [0mThis is a error message from thread 2718-09-2026 00:29:34 [38;5;117m[DEBUG]: [0mThis is a debug message from thread 1118-09-2026 00:29:34 [38;5;117m[DEBUG]: [0mThis is a debug message from thread 018-09-2026 00:29:34 [38;5;009m[ERROR]: [0mThis is a error message from thread 1418-09-2026 00:29:34 [38;5;015m[INFO]: [0mThis is a info message from thread 818-09-2026 00:29:34 [38;5;015m[INFO]: [0mThis is a info message from thread 1118-09-2026 00:29:34 [38;5;015m[INFO]: [0mThis is a info message from thread 618-09-2026 00:29:34 [38;5;117m[DEBUG]: [0mThis is a debug message from thread 1818-09-2026 00:29:34 [38;5;009m[ERROR]: [0mThis is a error message from thread 818-09-2026 00:29:34 [38;5;009m[ERROR]: [0mThis is a error message from thread 1118-09-2026 00:29:34 [38;5;015m[INFO]: [0mThis is a info message from thread 1318-09-2026 00:29:34 [38;5;015m[INFO]: [0mThis is a info message from thread 018-09-2026 00:29:34 [38;5;117m[DEBUG]: [0mThis is a debug message from thread 2718-09-2026 00:29:34 [38;5;117m[DEBUG]: [0mThis is a debug message from thread 1418-09-2026 00:29:34 [38;5;015m[INFO]: [0mThis is a info message from thread 1718-09-2026 00:29:34 [38;5;009m[ERROR]: [0mThis is a error message from thread 618-09-2026 00:29:34 [38;5;009m[ERROR]: [0mThis is a error message from thread 918-09-2026 00:29:34 [38;5;117m[DEBUG]: [0mThis is a debug message from thread 818-09-2026 00:29:34 [38;5;015m[INFO]: [0mThis is a info message from thread 1818-09-2026 00:29:34 [38;5;009m[ERROR]: [0mThis is a error message from thread 018-09-2026 00:29:34 [38;5;009m[ERROR]: [0mThis is a error message from thread 1718-09-2026 00:29:34 [38;5;015m[INFO]: [0mThis is a info message from thread 818-09-2026 00:29:34 [38;5;009m[ERROR]: [0mThis is a error message from thread 818-09-2026 00:29:34 [38;5;009m[ERROR]: [0mThis is a error message from thread 1818-09-2026 00:29:34 [38;5;009m[ERROR]: [0mThis is a error message from thread 1318-09-2026 00:29:34 [38;5;117m[DEBUG]: [0mThis is a debug message from thread 018-09-2026 00:29:34 [38;5;015m[INFO]: [0mThis is a info message from thread 518-09-2026 00:29:34 [38;5;015m[INFO]: [0mThis is a info message from thread 2718-09-2026 00:29:34 [38;5;117m[DEBUG]: [0mThis is a debug message from thread 1718-09-2026 00:29:34 [38;5;117m[DEBUG]: [0mThis is a debug message from thread 818-09-2026 00:29:34 [38;5;015m[INFO]: [0mThis is a info message from thread 1418-09-2026 00:29:34 [38;5;015m[INFO]: [0mThis is a info message from thread 018-09-2026 00:29:34 [38;5;117m[DEBUG]: [0mThis is a debug message from thread 1818-09-2026 00:29:34 [38;5;009m[ERROR]: [0mThis is a error message from thread 518-09-2026 00:29:34 [38;5;015m[INFO]: [0mThis is a info message from thread 818-09-2026 00:29:34 [38;5;117m[DEBUG]: [0mThis is a debug message from thread 618-09-2026 00:29:34 [38;5;009m[ERROR]: [0mThis is a error message from thread 2718-09-2026 00:29:34 [38;5;009m[ERROR]: [0mThis is a error message from thread 1418-09-2026 00:29:34 [38;5;009m[ERROR]: [0mThis is a error message from thread 818-09-2026 00:29:34 [38;5;015m[INFO]: [0mThis is a info message from thread 1718-09-2026 00:29:34 [38;5;117m[DEBUG]: [0mThis is a debug message from thread 518-09-2026 00:29:34 [38;5;015m[INFO]: [0mThis is a info message from thread 1818-09-2026 00:29:34 [38;5;117m[DEBUG]: [0mThis is a debug message from thread 918-09-2026 00:29:34 [38;5;009m[ERROR]: [0mThis is a error message from thread 018-09-2026 00:29:34 [38;5;015m[INFO]: [0mThis is a info message from thread 618-09-2026 00:29:34 [38;5;009m[ERROR]: [0mThis is a error message from thread 1718-09-2026 00:29:34 [38;5;117m[DEBUG]: [0mThis is a debug message from thread 1318-09-2026 00:29:34 [38;5;117m[DEBUG]: [0mThis is a debug message from thread 1418-09-2026 00:29:34 [38;5;015m[INFO]: [0mThis is a info message from thread 518-09-2026 00:29:34 [38;5;015m[INFO]: [0mThis is a info message from thread 918-09-2026 00:29:34 [38;5;117m[DEBUG]: [0mThis is a debug message from thread 2718-09-2026 00:29:34 [38;5;015m[INFO]: [0mThis is a info message from thread 1318-09-2026 00:29:34 [38;5;117m[DEBUG]: [0mThis is a debug message from thread 818-09-2026 00:29:34 [38;5;009m[ERROR]: [0mThis is a error message from thread 618-09-2026 00:29:34 [38;5;015m[INFO]: [0mThis is a info message from thread 1418-09-2026 00:29:34 [38;5;117m[DEBUG]: [0mThis is a debug message from thread 1718-09-2026 00:29:34 [38;5;009m[ERROR]: [0mThis is a error message from thread 918-09-2026 00:29:34 [38;5;009m[ERROR]: [0mThis is a error message from thread 1818-09-2026 00:29:34 [38;5;117m[DEBUG]: [0mThis is a debug message from thread 618-09-2026 00:29:34 [38;5;015m[INFO]: [0mThis is a info message from thread 1718-09-2026 00:29:34 [38;5;015m[INFO]: [0mThis is a info message from thread 818-09-2026 00:29:34 [38;5;009m[ERROR]: [0mThis is a error message from thread 518-09-2026 00:29:34 [38;5;117m[DEBUG]: [0mThis is a debug message from thread 018-09-2026 00:29:34 [38;5;009m[ERROR]: [0mThis is a error message from thread 1418-09-2026 00:29:34 [38;5;009m[ERROR]: [0mThis is a error message from thread 1318-09-2026 00:29:34 [38;5;117m[DEBUG]: [0mThis is a debug message from thread 1418-09-2026 00:29:34 [38;5;117m[DEBUG]: [0mThis is a debug message from thread 1818-09-2026 00:29:34 [38;5;015m[INFO]: [0mThis is a info message from thread 2718-09-2026 00:29:34 [38;5;009m[ERROR]: [0mThis is a error message from thread 818-09-2026 00:29:34 [38;5;009m[ERROR]: [0mThis is a error message from thread 2718-09-2026 00:29:34 [38;5;015m[INFO]: [0mThis is a info message from thread 1818-09-2026 00:29:34 [38;5;015m[INFO]: [0mThis is a info message from thread 1418-09-2026 00:29:34 [38;5;009m[ERROR]: [0mThis is a error message from thread 1718-09-2026 00:29:34 [38;5;117m[DEBUG]: [0mThis is a debug message from thread 1318-09-2026 00:29:34 [38;5;015m[INFO]: [0mThis is a info message from thread 018-09-2026 00:29:34 [38;5;009m[ERROR]: [0mThis is a error message from thread 1418-09-2026 00:29:34 [38;5;117m[DEBUG]: [0mThis is a debug message from thread 918-09-2026 00:29:34 [38;5;117m[DEBUG]: [0mThis is a debug message from thread 818-09-2026 00:29:34 [38;5;117m[DEBUG]: [0mThis is a debug message from thread 518-09-2026 00:29:34 [38;5;015m[INFO]: [0mThis is a info message from thread 1318-09-2026 00:29:34 [38;5;117m[DEBUG]: [0mThis is a debug message from thread 1718-09-2026 00:29:34 [38;5;009m[ERROR]: [0mThis is a error message from thread 1818-09-2026 00:29:34 [38;5;009m[ERROR]: [0mThis is a error message from thread 018-09-2026 00:29:34 [38;5;009m[ERROR]: [0mThis is a error message from thread 1318-09-2026 00:29:34 [38;5;117m[DEBUG]: [0mThis is a debug message from thread 2718-09-2026 00:29:34 [38;5;015m[INFO]: [0mThis is a info message from thread 618-09-2026 00:29:34 [38;5;117m[DEBUG]: [0mThis is a debug message from thread 1818-09-2026 00:29:34 [38;5;015m[INFO]: [0mThis is a info message from thread 518-09-2026 00:29:34 [38;5;015m[INFO]: [0mThis is a info message from thread 918-09-2026 00:29:34 [38;5;015m[INFO]: [0mThis is a info message from thread 818-09-2026 00:29:34 [38;5;015m[INFO]: [0mThis is a info message from thread 2718-09-2026 00:29:34 [38;5;117m[DEBUG]: [0mThis is a debug message from thread 018-09-2026 00:29:34 [38;5;009m[ERROR]: [0mThis is a error message from thread 518-09-2026 00:29:34 [38;5;009m[ERROR]: [0mThis is a error message from thread 2718-09-2026 00:29:34 [38;5;009m[ERROR]: [0mThis is a error message from thread 818-09-2026 00:29:34 [38;5;009m[ERROR]: [0mThis is a error message from thread 918-09-2026 00:29:34 [38;5;117m[DEBUG]: [0mThis is a debug message from thread 2718-09-2026 00:29:34 [38;5;117m[DEBUG]: [0mThis is a debug message from thread 518-09-2026 00:29:34 [38;5;117m[DEBUG]: [0mThis is a debug message from thread 1318-09-2026 00:29:34 [38;5;009m[ERROR]: [0mThis is a error message from thread 618-09-2026 00:29:34 [38;5;015m[INFO]: [0mThis is a info message from thread 1718-09-2026 00:29:34 [38;5;015m[INFO]: [0mThis is a info message from thread 018-09-2026 00:29:34 [38;5;015m[INFO]: [0mThis is a info message from thread 1818-09-2026 00:29:34 [38;5;015m[INFO]: [0mThis is a info message from thread 518-09-2026 00:29:34 [38;5;009m[ERROR]: [0mThis is a error message from thread 1718-09-2026 00:29:34 [38;5;015m[INFO]: [0mThis is a info message from thread 2718-09-2026 00:29:34 [38;5;117m[DEBUG]: [0mThis is a debug message from thread 918-09-2026 00:29:34 [38;5;009m[ERROR]: [0mThis is a error message from thread 018-09-2026 00:29:34 [38;5;117m[DEBUG]: [0mThis is a debug message from thread 1718-09-2026 00:29:34 [38;5;009m[ERROR]: [0mThis is a error message from thread 518-09-2026 00:29:34 [38;5;117m[DEBUG]: [0mThis is a debug message from thread 818-09-2026 00:29:34 [38;5;117m[DEBUG]: [0mThis is a debug message from thread 618-09-2026 00:29:34 [38;5;009m[ERROR]: [0mThis is a error message from thread 2718-09-2026 00:29:34 [38;5;015m[INFO]: [0mThis is a info message from thread 918-09-2026 00:29:34 [38;5;117m[DEBUG]: [0mThis is a debug message from thread 018-09-2026 00:29:34 [38;5;117m[DEBUG]: [0mThis is a debug message from thread 518-09-2026 00:29:34 [38;5;117m[DEBUG]: [0mThis is a debug message from thread 2718-09-2026 00:29:34 [38;5;015m[INFO]: [0mThis is a info message from thread 618-09-2026 00:29:34 [38;5;015m[INFO]: [0mThis is a info message from thread 1718-09-2026 00:29:34 [38;5;015m[INFO]: [0mThis is a info message from thread 818-09-2026 00:29:34 [38;5;015m[INFO]: [0mThis is a info message from thread 1318-09-2026 00:29:34 [38;5;009m[ERROR]: [0mThis is a error message from thread 1818-09-2026 00:29:34 [38;5;015m[INFO]: [0mThis is a info message from thread 018-09-2026 00:29:34 [38;5;015m[INFO]: [0mThis is a info message from thread 2718-09-2026 00:29:34 [38;5;015m[INFO]: [0mThis is a info message from thread 518-09-2026 00:29:34 [38;5;009m[ERROR]: [0mThis is a error message from thread 1718-09-2026 00:29:34 [38;5;009m[ERROR]: [0mThis is a error message from thread 1318-09-2026 00:29:34 [38;5;009m[ERROR]: [0mThis is a error message from thread 918-09-2026 00:29:34 [38;5;009m[ERROR]: [0mThis is a error message from thread 518-09-2026 00:29:34 [38;5;009m[ERROR]: [0mThis is a error message from thread 018-09-2026 00:29:34 [38;5;009m[ERROR]: [0mThis is a error message from thread 818-09-2026 00:29:34 [38;5;117m[DEBUG]: [0mThis is a debug message from thread 1318-09-2026 00:29:34 [38;5;009m[ERROR]: [0mThis is a error message from thread 618-09-2026 00:29:34 [38;5;117m[DEBUG]: [0mThis is a debug message from thread 018-09-2026 00:29:34 [38;5;117m[DEBUG]: [0mThis is a debug message from thread 918-09-2026 00:29:34 [38;5;117m[DEBUG]: [0mThis is a debug message from thread 518-09-2026 00:29:34 [38;5;117m[DEBUG]: [0mThis is a debug message from thread 618-09-2026 00:29:34 [38;5;015m[INFO]: [0mThis is a info message from thread 018-09-2026 00:29:34 [38;5;117m[DEBUG]: [0mThis is a debug message from thread 1718-09-2026 00:29:34 [38;5;009m[ERROR]: [0mThis is a error message from thread 2718-09-2026 00:29:34 [38;5;117m[DEBUG]: [0mThis is a debug message from thread 818-09-2026 00:29:34 [38;5;015m[INFO]: [0mThis is a info message from thread 918-09-2026 00:29:34 [38;5;117m[DEBUG]: [0mThis is a debug message from thread 2718-09-2026 00:29:34 [38;5;015m[INFO]: [0mThis is a info message from thread 1318-09-2026 00:29:34 [38;5;015m[INFO]: [0mThis is a info message from thread 518-09-2026 00:29:34 [38;5;015m[INFO]: [0mThis is a info message from thread 618-09-2026 00:29:34 [38;5;015m[INFO]: [0mThis is a info message from thread 2718-09-2026 00:29:34 [38;5;009m[ERROR]: [0mThis is a error message from thread 918-09-2026 00:29:34 [38;5;009m[ERROR]: [0mThis is a error message from thread 018-09-2026 00:29:34 [38;5;009m[ERROR]: [0mThis is a error message from thread 2718-09-2026 00:29:34 [38;5;015m[INFO]: [0mThis is a info message from thread 1718-09-2026 00:29:34 [38;5;009m[ERROR]: [0mThis is a error message from thread 618-09-2026 00:29:34 [38;5;009m[ERROR]: [0mThis is a error message from thread 518-09-2026 00:29:34 [38;5;117m[DEBUG]: [0mThis is a debug message from thread 2718-09-2026 00:29:34 [38;5;015m[INFO]: [0mThis is a info message from thread 818-09-2026 00:29:34 [38;5;117m[DEBUG]: [0mThis is a debug message from thread 918-09-2026 00:29:34 [38;5;117m[DEBUG]: [0mThis is a debug message from thread 518-09-2026 00:29:34 [38;5;117m[DEBUG]: [0mThis is a debug message from thread 618-09-2026 00:29:34 [38;5;009m[ERROR]: [0mThis is a error message from thread 1318-09-2026 00:29:34 [38;5;117m[DEBUG]: [0mThis is a debug message from thread 018-09-2026 00:29:34 [38;5;009m[ERROR]: [0mThis is a error message from thread 1718-09-2026 00:29:34 [38;5;015m[INFO]: [0mThis is a info message from thread 2718-09-2026 00:29:34 [38;5;015m[INFO]: [0mThis is a info message from thread 518-09-2026 00:29:34 [38;5;015m[INFO]: [0mThis is a info message from thread 618-09-2026 00:29:34 [38;5;015m[INFO]: [0mThis is a info message from thread 018-09-2026 00:29:34 [38;5;009m[ERROR]: [0mThis is a error message from thread 818-09-2026 00:29:34 [38;5;009m[ERROR]: [0mThis is a error message from thread 2718-09-2026 00:29:34 [38;5;009m[ERROR]: [0mThis is a error message from thread 618-09-2026 00:29:34 [38;5;009m[ERROR]: [0mThis is a error message from thread 518-09-2026 00:29:34 [38;5;009m[ERROR]: [0mThis is a error message from thread 018-09-2026 00:29:34 [38;5;015m[INFO]: [0mThis is a info message from thread 918-09-2026 00:29:34 [38;5;117m[DEBUG]: [0mThis is a debug message from thread 818-09-2026 00:29:34 [38;5;117m[DEBUG]: [0mThis is a debug message from thread 1718-09-2026 00:29:34 [38;5;117m[DEBUG]: [0mThis is a debug message from thread 018-09-2026 00:29:34 [38;5;117m[DEBUG]: [0mThis is a debug message from thread 618-09-2026 00:29:34 [38;5;015m[INFO]: [0mThis is a info message from thread 818-09-2026 00:29:34 [38;5;117m[DEBUG]: [0mThis is a debug message from thread 1318-09-2026 00:29:34 [38;5;015m[INFO]: [0mThis is a info message from thread 618-09-2026 00:29:34 [38;5;009m[ERROR]: [0mThis is a error message from thread 818-09-2026 00:29:34 [38;5;117m[DEBUG]: [0mThis is a debug message from thread 518-09-2026 00:29:34 [38;5;015m[INFO]: [0mThis is a info message from thread 018-09-2026 00:29:34 [38;5;117m[DEBUG]: [0mThis is a debug message from thread 2718-09-2026 00:29:34 [38;5;015m[INFO]: [0mThis is a info message from thread 1718-09-2026 00:29:34 [38;5;015m[INFO]: [0mThis is a info message from thread 1318-09-2026 00:29:34 [38;5;117m[DEBUG]: [0mThis is a debug message from thread 818-09-2026 00:29:34 [38;5;015m[INFO]: [0mThis is a info message from thread 818-09-2026 00:29:34 [38;5;009m[ERROR]: [0mThis is a error message from thread 618-09-2026 00:29:34 [38;5;009m[ERROR]: [0mThis is a error message from thread 1718-09-2026 00:29:34 [38;5;015m[INFO]: [0mThis is a info message from thread 2718-09-2026 00:29:34 [38;5;009m[ERROR]: [0mThis is a error message from thread 1318-09-2026 00:29:34 [38;5;009m[ERROR]: [0mThis is a error message from thread 018-09-2026 00:29:34 [38;5;009m[ERROR]: [0mThis is a error message from thread 818-09-2026 00:29:34 [38;5;117m[DEBUG]: [0mThis is a debug message from thread 618-09-2026 00:29:34 [38;5;015m[INFO]: [0mThis is a info message from thread 518-09-2026 00:29:34 [38;5;117m[DEBUG]: [0mThis is a debug message from thread 1318-09-2026 00:29:34 [38;5;009m[ERROR]: [0mThis is a error message from thread 518-09-2026 00:29:34 [38;5;117m[DEBUG]: [0mThis is a debug message from thread 1718-09-2026 00:29:34 [38;5;009m[ERROR]: [0mThis is a error message from thread 918-09-2026 00:29:34 [38;5;117m[DEBUG]: [0mThis is a debug message from thread 818-09-2026 00:29:34 [38;5;117m[DEBUG]: [0mThis is a debug message from thread 918-09-2026 00:29:34 [38;5;117m[DEBUG]: [0mThis is a debug message from thread 018-09-2026 00:29:34 [38;5;009m[ERROR]: [0mThis is a error message from thread 2718-09-2026 00:29:34 [38;5;015m[INFO]: [0mThis is a info message from thread 618-09-2026 00:29:34 [38;5;015m[INFO]: [0mThis is a info message from thread 1318-09-2026 00:29:34 [38;5;015m[INFO]: [0mThis is a info message from thread 818-09-2026 00:29:34 [38;5;015m[INFO]: [0mThis is a info message from thread 918-09-2026 00:29:34 [38;5;117m[DEBUG]: [0mThis is a debug message from thread 2718-09-2026 00:29:34 [38;5;015m[INFO]: [0mThis is a info message from thread 018-09-2026 00:29:34 [38;5;117m[DEBUG]: [0mThis is a debug message from thread 518-09-2026 00:29:34 [38;5;009m[ERROR]: [0mThis is a error message from thread 018-09-2026 00:29:34 [38;5;009m[ERROR]: [0mThis is a error message from thread 1318-09-2026 00:29:34 [38;5;009m[ERROR]: [0mThis is a error message from thread 818-09-2026 00:29:34 [38;5;009m[ERROR]: [0mThis is a error message from thread 618-09-2026 00:29:34 [38;5;015m[INFO]: [0mThis is a info message from thread 1718-09-2026 00:29:34 [38;5;009m[ERROR]: [0mThis is a error message from thread 918-09-2026 00:29:34 [38;5;015m[INFO]: [0mThis is a info message from thread 2718-09-2026 00:29:34 [38;5;117m[DEBUG]: [0mThis is a debug message from thread 1318-09-2026 00:29:34 [38;5;117m[DEBUG]: [0mThis is a debug message from thread 018-09-2026 00:29:34 [38;5;117m[DEBUG]: [0mThis is a debug message from thread 918-09-2026 00:29:34 [38;5;117m[DEBUG]: [0mThis is a debug message from thread 818-09-2026 00:29:34 [38;5;009m[ERROR]: [0mThis is a error message from thread 2718-09-2026 00:29:34 [38;5;015m[INFO]: [0mThis is a info message from thread 818-09-2026 00:29:34 [38;5;015m[INFO]: [0mThis is a info message from thread 518-09-2026 00:29:34 [38;5;117m[DEBUG]: [0mThis is a debug message from thread 618-09-2026 00:29:34 [38;5;015m[INFO]: [0mThis is a info message from thread 918-09-2026 00:29:34 [38;5;009m[ERROR]: [0mThis is a error message from thread 818-09-2026 00:29:34 [38;5;009m[ERROR]: [0mThis is a error message from thread 1718-09-2026 00:29:34 [38;5;015m[INFO]: [0mThis is a info message from thread 018-09-2026 00:29:34 [38;5;009m[ERROR]: [0mThis is a error message from thread 918-09-2026 00:29:34 [38;5;009m[ERROR]: [0mThis is a error message from thread 518-09-2026 00:29:34 [38;5;015m[INFO]: [0mThis is a info message from thread 1318-09-2026 00:29:34 [38;5;117m[DEBUG]: [0mThis is a debug message from thread 518-09-2026 00:29:34 [38;5;009m[ERROR]: [0mThis is a error message from thread 018-09-2026 00:29:34 [38;5;117m[DEBUG]: [0mThis is a debug message from thread 818-09-2026 00:29:34 [38;5;015m[INFO]: [0mThis is a info message from thread 518-09-2026 00:29:34 [38;5;015m[INFO]: [0mThis is a info message from thread 818-09-2026 00:29:34 [38;5;009m[ERROR]: [0mThis is a error message from thread 518-09-2026 00:29:34 [38;5;009m[ERROR]: [0mThis is a error message from thread 818-09-2026 00:29:34 [38;5;117m[DEBUG]: [0mThis is a debug message from thread 918-09-2026 00:29:34 [38;5;117m[DEBUG]: [0mThis is a debug message from thread 518-09-2026 00:29:34 [38;5;117m[DEBUG]: [0mThis is a debug message from thread 818-09-2026 00:29:34 [38;5;015m[INFO]: [0mThis is a info message from thread 618-09-2026 00:29:34 [38;5;015m[INFO]: [0mThis is a info message from thread 518-09-2026 00:29:34 [38;5;009m[ERROR]: [0mThis is a error message from thread 1318-09-2026 00:29:34 [38;5;009m[ERROR]: [0mThis is a error message from thread 518-09-2026 00:29:34 [38;5;117m[DEBUG]: [0mThis is a debug message from thread 018-09-2026 00:29:34 [38;5;117m[DEBUG]: [0mThis is a debug message from thread 1718-09-2026 00:29:34 [38;5;117m[DEBUG]: [0mThis is a debug message from thread 1318-09-2026 00:29:34 [38;5;015m[INFO]: [0mThis is a info message from thread 018-09-2026 00:29:34 [38;5;117m[DEBUG]: [0mThis is a debug message from thread 518-09-2026 00:29:34 [38;5;015m[INFO]: [0mThis is a info message from thread 1318-09-2026 00:29:34 [38;5;009m[ERROR]: [0mThis is a error message from thread 018-09-2026 00:29:34 [38;5;015m[INFO]: [0mThis is a info message from thread 918-09-2026 00:29:34 [38;5;009m[ERROR]: [0mThis is a error message from thread 618-09-2026 00:29:34 [38;5;015m[INFO]: [0mThis is a info message from thread 818-09-2026 00:29:34 [38;5;015m[INFO]: [0mThis is a info message from thread 1718-09-2026 00:29:34 [38;5;015m[INFO]: [0mThis is a info message from thread 518-09-2026 00:29:34 [38;5;009m[ERROR]: [0mThis is a error message from thread 1318-09-2026 00:29:34 [38;5;009m[ERROR]: [0mThis is a error message from thread 1718-09-2026 00:29:34 [38;5;117m[DEBUG]: [0mThis is a debug message from thread 018-09-2026 00:29:34 [38;5;009m[ERROR]: [0mThis is a error message from thread 818-09-2026 00:29:34 [38;5;117m[DEBUG]: [0mThis is a debug message from thread 1318-09-2026 00:29:34 [38;5;009m[ERROR]: [0mThis is a error message from thread 518-09-2026 00:29:34 [38;5;009m[ERROR]: [0mThis is a error message from thread 918-09-2026 00:29:34 [38;5;117m[DEBUG]: [0mThis is a debug message from thread 518-09-2026 00:29:34 [38;5;117m[DEBUG]: [0mThis is a debug message from thread 918-09-2026 00:29:34 [38;5;117m[DEBUG]: [0mThis is a debug message from thread 1718-09-2026 00:29:34 [38;5;015m[INFO]: [0mThis is a info message from thread 018-09-2026 00:29:34 [38;5;015m[INFO]: [0mThis is a info message from thread 1318-09-2026 00:29:34 [38;5;009m[ERROR]: [0mThis is a error message from thread 018-09-2026 00:29:34 [38;5;117m[DEBUG]: [0mThis is a debug message from thread 618-09-2026 00:29:34 [38;5;009m[ERROR]: [0mThis is a error message from thread 1318-09-2026 00:29:34 [38;5;117m[DEBUG]: [0mThis is a debug message from thread 818-09-2026 00:29:34 [38;5;015m[INFO]: [0mThis is a info message from thread 1718-09-2026 00:29:34 [38;5;009m[ERROR]: [0mThis is a error message from thread 1718-09-2026 00:29:34 [38;5;015m[INFO]: [0mThis is a info message from thread 518-09-2026 00:29:34 [38;5;015m[INFO]: [0mThis is a info message from thread 618-09-2026 00:29:34 [38;5;015m[INFO]: [0mThis is a info message from thread 918-09-2026 00:29:34 [38;5;117m[DEBUG]: [0mThis is a debug message from thread 1318-09-2026 00:29:34 [38;5;117m[DEBUG]: [0mThis is a debug message from thread 1718-09-2026 00:29:34 [38;5;117m[DEBUG]: [0mThis is a debug message from thread 018-09-2026 00:29:34 [38;5;009m[ERROR]: [0mThis is a error message from thread 518-09-2026 00:29:34 [38;5;009m[ERROR]: [0mThis is a error message from thread 918-09-2026 00:29:34 [38;5;009m[ERROR]: [0mThis is a error message from thread 618-09-2026 00:29:34 [38;5;117m[DEBUG]: [0mThis is a debug message from thread 918-09-2026 00:29:34 [38;5;015m[INFO]: [0mThis is a info message from thread 1718-09-2026 00:29:34 [38;5;117m[DEBUG]: [0mThis is a debug message from thread 618-09-2026 00:29:34 [38;5;015m[INFO]: [0mThis is a info message from thread 018-09-2026 00:29:34 [38;5;015m[INFO]: [0mThis is a info message from thread 818-09-2026 00:29:34 [38;5;015m[INFO]: [0mThis is a info message from thread 1318-09-2026 00:29:34 [38;5;015m[INFO]: [0mThis is a info message from thread 918-09-2026 00:29:34 [38;5;009m[ERROR]: [0mThis is a error message from thread 818-09-2026 00:29:34 [38;5;009m[ERROR]: [0mThis is a error message from thread 1318-09-2026 00:29:34 [38;5;009m[ERROR]: [0mThis is a error message from thread 018-09-2026 00:29:34 [38;5;009m[ERROR]: [0mThis is a error message from thread 1718-09-2026 00:29:34 [38;5;117m[DEBUG]: [0mThis is a debug message from thread 518-09-2026 00:29:34 [38;5;009m[ERROR]: [0mThis is a error message from thread 918-09-2026 00:29:34 [38;5;117m[DEBUG]: [0mThis is a debug message from thread 1318-09-2026 00:29:34 [38;5;015m[INFO]: [0mThis is a info message from thread 618-09-2026 00:29:34 [38;5;117m[DEBUG]: [0mThis is a debug message from thread 1718-09-2026 00:29:34 [38;5;009m[ERROR]: [0mThis is a error message from thread 618-09-2026 00:29:34 [38;5;015m[INFO]: [0mThis is a info message from thread 518-09-2026 00:29:34 [38;5;015m[INFO]: [0mThis is a info message from thread 1718-09-2026 00:29:34 [38;5;117m[DEBUG]: [0mThis is a debug message from thread 018-09-2026 00:29:34 [38;5;009m[ERROR]: [0mThis is a error message from thread 1718-09-2026 00:29:34 [38;5;117m[DEBUG]: [0mThis is a debug message from thread 818-09-2026 00:29:34 [38;5;117m[DEBUG]: [0mThis is a debug message from thread 618-09-2026 00:29:34 [38;5;009m[ERROR]: [0mThis is a error message from thread 518-09-2026 00:29:34 [38;5;117m[DEBUG]: [0mThis is a debug message from thread 1718-09-2026 00:29:34 [38;5;117m[DEBUG]: [0mThis is a debug message from thread 918-09-2026 00:29:34 [38;5;015m[INFO]: [0mThis is a info message from thread 1318-09-2026 00:29:34 [38;5;015m[INFO]: [0mThis is a info message from thread 018-09-2026 00:29:34 [38;5;015m[INFO]: [0mThis is a info message from thread 1718-09-2026 00:29:34 [38;5;009m[ERROR]: [0mThis is a error message from thread 1318-09-2026 00:29:34 [38;5;009m[ERROR]: [0mThis is a error message from thread 018-09-2026 00:29:34 [38;5;015m[INFO]: [0mThis is a info message from thread 618-09-2026 00:29:34 [38;5;117m[DEBUG]: [0mThis is a debug message from thread 1318-09-2026 00:29:34 [38;5;009m[ERROR]: [0mThis is a error message from thread 1718-09-2026 00:29:34 [38;5;015m[INFO]: [0mThis is a info message from thread 818-09-2026 00:29:34 [38;5;117m[DEBUG]: [0mThis is a debug message from thread 518-09-2026 00:29:34 [38;5;009m[ERROR]: [0mThis is a error message from thread 618-09-2026 00:29:34 [38;5;117m[DEBUG]: [0mThis is a debug message from thread 018-09-2026 00:29:34 [38;5;015m[INFO]: [0mThis is a info message from thread 518-09-2026 00:29:34 [38;5;117m[DEBUG]: [0mThis is a debug message from thread 1718-09-2026 00:29:34 [38;5;015m[INFO]: [0mThis is a info message from thread 1318-09-2026 00:29:34 [38;5;009m[ERROR]: [0mThis is a error message from thread 818-09-2026 00:29:34 [38;5;015m[INFO]: [0mThis is a info message from thread 1718-09-2026 00:29:34 [38;5;117m[DEBUG]: [0mThis is a debug message from thread 618-09-2026 00:29:34 [38;5;015m[INFO]: [0mThis is a info message from thread 018-09-2026 00:29:34 [38;5;015m[INFO]: [0mThis is a info message from thread 918-09-2026 00:29:34 [38;5;117m[DEBUG]: [0mThis is a debug message from thread 818-09-2026 00:29:34 [38;5;015m[INFO]: [0mThis is a info message from thread 618-09-2026 00:29:34 [38;5;009m[ERROR]: [0mThis is a error message from thread 1718-09-2026 00:29:34 [38;5;009m[ERROR]: [0mThis is a error message from thread 918-09-2026 00:29:34 [38;5;009m[ERROR]: [0mThis is a error message from thread 1318-09-2026 00:29:34 [38;5;009m[ERROR]: [0mThis is a error message from thread 518-09-2026 00:29:34 [38;5;117m[DEBUG]: [0mThis is a debug message from thread 1718-09-2026 00:29:34 [38;5;009m[ERROR]: [0mThis is a error message from thread 618-09-2026 00:29:34 [38;5;015m[INFO]: [0mThis is a info message from thread 818-09-2026 00:29:34 [38;5;117m[DEBUG]: [0mThis is a debug message from thread 518-09-2026 00:29:34 [38;5;015m[INFO]: [0mThis is a info message from thread 1718-09-2026 00:29:34 [38;5;117m[DEBUG]: [0mThis is a debug message from thread 918-09-2026 00:29:34 [38;5;009m[ERROR]: [0mThis is a error message from thread 018-09-2026 00:29:34 [38;5;117m[DEBUG]: [0mThis is a debug message from thread 618-09-2026 00:29:34 [38;5;117m[DEBUG]: [0mThis is a debug message from thread 1318-09-2026 00:29:34 [38;5;117m[DEBUG]: [0mThis is a debug message from thread 018-09-2026 00:29:34 [38;5;015m[INFO]: [0mThis is a info message from thread 918-09-2026 00:29:34 [38;5;015m[INFO]: [0mThis is a info message from thread 618-09-2026 00:29:34 [38;5;009m[ERROR]: [0mThis is a error message from thread 818-09-2026 00:29:34 [38;5;015m[INFO]: [0mThis is a info message from thread 1318-09-2026 00:29:34 [38;5;015m[INFO]: [0mThis is a info message from thread 518-09-2026 00:29:34 [38;5;009m[ERROR]: [0mThis is a error message from thread 1318-09-2026 00:29:34 [38;5;015m[INFO]: [0mThis is a info message from thread 018-09-2026 00:29:34 [38;5;117m[DEBUG]: [0mThis is a debug message from thread 1318-09-2026 00:29:34 [38;5;009m[ERROR]: [0mThis is a error message from thread 518-09-2026 00:29:34 [38;5;009m[ERROR]: [0mThis is a error message from thread 618-09-2026 00:29:34 [38;5;009m[ERROR]: [0mThis is a error message from thread 018-09-2026 00:29:34 [38;5;009m[ERROR]: [0mThis is a error message from thread 918-09-2026 00:29:34 [38;5;015m[INFO]: [0mThis is a info message from thread 1318-09-2026 00:29:34 [38;5;117m[DEBUG]: [0mThis is a debug message from thread 018-09-2026 00:29:34 [38;5;009m[ERROR]: [0mThis is a error message from thread 1718-09-2026 00:29:34 [38;5;117m[DEBUG]: [0mThis is a debug message from thread 618-09-2026 00:29:34 [38;5;117m[DEBUG]: [0mThis is a debug message from thread 918-09-2026 00:29:34 [38;5;117m[DEBUG]: [0mThis is a debug message from thread 1718-09-2026 00:29:34 [38;5;117m[DEBUG]: [0mThis is a debug message from thread 518-09-2026 00:29:34 [38;5;009m[ERROR]: [0mThis is a error message from thread 1318-09-2026 00:29:34 [38;5;015m[INFO]: [0mThis is a info message from thread 018-09-2026 00:29:34 [38;5;015m[INFO]: [0mThis is a info message from thread 618-09-2026 00:29:34 [38;5;015m[INFO]: [0mThis is a info message from thread 918-09-2026 00:29:34 [38;5;117m[DEBUG]: [0mThis is a debug message from thread 1318-09-2026 00:29:34 [38;5;015m[INFO]: [0mThis is a info message from thread 1718-09-2026 00:29:34 [38;5;009m[ERROR]: [0mThis is a error message from thread 618-09-2026 00:29:34 [38;5;009m[ERROR]: [0mThis is a error message from thread 018-09-2026 00:29:34 [38;5;015m[INFO]: [0mThis is a info message from thread 1318-09-2026 00:29:34 [38;5;117m[DEBUG]: [0mThis is a debug message from thread 618-09-2026 00:29:34 [38;5;009m[ERROR]: [0mThis is a error message from thread 1718-09-2026 00:29:34 [38;5;009m[ERROR]: [0mThis is a error message from thread 1318-09-2026 00:29:34 [38;5;015m[INFO]: [0mThis is a info message from thread 618-09-2026 00:29:34 [38;5;009m[ERROR]: [0mThis is a error message from thread 918-09-2026 00:29:34 [38;5;009m[ERROR]: [0mThis is a error message from thread 618-09-2026 00:29:34 [38;5;015m[INFO]: [0mThis is a info message from thread 518-09-2026 00:29:34 [38;5;117m[DEBUG]: [0mThis is a debug message from thread 1318-09-2026 00:29:34 [38;5;117m[DEBUG]: [0mThis is a debug message from thread 1718-09-2026 00:29:34 [38;5;117m[DEBUG]: [0mThis is a debug message from thread 018-09-2026 00:29:34 [38;5;009m[ERROR]: [0mThis is a error message from thread 518-09-2026 00:29:34 [38;5;117m[DEBUG]: [0mThis is a debug message from thread 618-09-2026 00:29:34 [38;5;117m[DEBUG]: [0mThis is a debug message from thread 918-09-2026 00:29:34 [38;5;015m[INFO]: [0mThis is a info message from thread 1718-09-2026 00:29:34 [38;5;117m[DEBUG]: [0mThis is a debug message from thread 518-09-2026 00:29:34 [38;5;015m[INFO]: [0mThis is a info message from thread 1318-09-2026 00:29:34 [38;5;015m[INFO]: [0mThis is a info message from thread 918-09-2026 00:29:34 [38;5;009m[ERROR]: [0mThis is a error message from thread 1718-09-2026 00:29:34 [38;5;015m[INFO]: [0mThis is a info message from thread 618-09-2026 00:29:34 [38;5;009m[ERROR]: [0mThis is a error message from thread 918-09-2026 00:29:34 [38;5;015m[INFO]: [0mThis is a info message from thread 018-09-2026 00:29:34 [38;5;009m[ERROR]: [0mThis is a error message from thread 018-09-2026 00:29:34 [38;5;009m[ERROR]: [0mThis is a error message from thread 1318-09-2026 00:29:34 [38;5;117m[DEBUG]: [0mThis is a debug message from thread 1718-09-2026 00:29:34 [38;5;117m[DEBUG]: [0mThis is a debug message from thread 1318-09-2026 00:29:34 [38;5;015m[INFO]: [0mThis is a info message from thread 1718-09-2026 00:29:34 [38;5;117m[DEBUG]: [0mThis is a debug message from thread 918-09-2026 00:29:34 [38;5;015m[INFO]: [0mThis is a info message from thread 518-09-2026 00:29:34 [38;5;009m[ERROR]: [0mThis is a error message from thread 1718-09-2026 00:29:34 [38;5;015m[INFO]: [0mThis is a info message from thread 1318-09-2026 00:29:34 [38;5;015m[INFO]: [0mThis is a info message from thread 918-09-2026 00:29:34 [38;5;117m[DEBUG]: [0mThis is a debug message from thread 1718-09-2026 00:29:34 [38;5;117m[DEBUG]: [0mThis is a debug message from thread 018-09-2026 00:29:34 [38;5;009m[ERROR]: [0mThis is a error message from thread 518-09-2026 00:29:34 [38;5;015m[INFO]: [0mThis is a info message from thread 1718-09-2026 00:29:34 [38;5;009m[ERROR]: [0mThis is a error message from thread 1318-09-2026 00:29:34 [38;5;009m[ERROR]: [0mThis is a error message from thread 618-09-2026 00:29:34 [38;5;117m[DEBUG]: [0mThis is a debug message from thread 518-09-2026 00:29:34 [38;5;117m[DEBUG]: [0mThis is a debug message from thread 618-09-2026 00:29:34 [38;5;009m[ERROR]: [0mThis is a error message from thread 918-09-2026 00:29:34 [38;5;117m[DEBUG]: [0mThis is a debug message from thread 1318-09-2026 00:29:34 [38;5;015m[INFO]: [0mThis is a info message from thread 518-09-2026 00:29:34 [38;5;117m[DEBUG]: [0mThis is a debug message from thread 918-09-2026 00:29:34 [38;5;015m[INFO]: [0mThis is a info message from thread 018-09-2026 00:29:34 [38;5;015m[INFO]: [0mThis is a info message from thread 618-09-2026 00:29:34 [38;5;015m[INFO]: [0mThis is a info message from thread 1318-09-2026 00:29:34 [38;5;009m[ERROR]: [0mThis is a error message from thread 518-09-2026 00:29:34 [38;5;009m[ERROR]: [0mThis is a error message from thread 1718-09-2026 00:29:34 [38;5;009m[ERROR]: [0mThis is a error message from thread 618-09-2026 00:29:34 [38;5;009m[ERROR]: [0mThis is a error message from thread 1318-09-2026 00:29:34 [38;5;009m[ERROR]: [0mThis is a error message from thread 018-09-2026 00:29:34 [38;5;117m[DEBUG]: [0mThis is a debug message from thread 518-09-2026 00:29:34 [38;5;117m[DEBUG]: [0mThis is a debug message from thread 618-09-2026 00:29:34 [38;5;117m[DEBUG]: [0mThis is a debug message from thread 1718-09-2026 00:29:34 [38;5;117m[DEBUG]: [0mThis is a debug message from thread 1318-09-2026 00:29:34 [38;5;015m[INFO]: [0mThis is a info message from thread 918-09-2026 00:29:34 [38;5;117m[DEBUG]: [0mThis is a debug message from thread 018-09-2026 00:29:34 [38;5;009m[ERROR]: [0mThis is a error message from thread 918-09-2026 00:29:34 [38;5;015m[INFO]: [0mThis is a info message from thread 518-09-2026 00:29:34 [38;5;015m[INFO]: [0mThis is a info message from thread 618-09-2026 00:29:34 [38;5;015m[INFO]: [0mThis is a info message from thread 1718-09-2026 00:29:34 [38;5;009m[ERROR]: [0mThis is a error message from thread 618-09-2026 00:29:34 [38;5;009m[ERROR]: [0mThis is a error message from thread 1718-09-2026 00:29:34 [38;5;015m[INFO]: [0mThis is a info message from thread 1318-09-2026 00:29:34 [38;5;009m[ERROR]: [0mThis is a error message from thread 518-09-2026 00:29:34 [38;5;117m[DEBUG]: [0mThis is a debug message from thread 1718-09-2026 00:29:34 [38;5;015m[INFO]: [0mThis is a info message from thread 018-09-2026 00:29:34 [38;5;117m[DEBUG]: [0mThis is a debug message from thread 618-09-2026 00:29:34 [38;5;117m[DEBUG]: [0mThis is a debug message from thread 518-09-2026 00:29:34 [38;5;015m[INFO]: [0mThis is a info message from thread 1718-09-2026 00:29:34 [38;5;009m[ERROR]: [0mThis is a error message from thread 1318-09-2026 00:29:34 [38;5;009m[ERROR]: [0mThis is a error message from thread 1718-09-2026 00:29:34 [38;5;117m[DEBUG]: [0mThis is a debug message from thread 918-09-2026 00:29:34 [38;5;015m[INFO]: [0mThis is a info message from thread 918-09-2026 00:29:34 [38;5;009m[ERROR]: [0mThis is a error message from thread 018-09-2026 00:29:34 [38;5;117m[DEBUG]: [0mThis is a debug message from thread 1718-09-2026 00:29:34 [38;5;015m[INFO]: [0mThis is a info message from thread 618-09-2026 00:29:34 [38;5;015m[INFO]: [0mThis is a info message from thread 518-09-2026 00:29:34 [38;5;117m[DEBUG]: [0mThis is a debug message from thread 018-09-2026 00:29:34 [38;5;009m[ERROR]: [0mThis is a error message from thread 518-09-2026 00:29:34 [38;5;009m[ERROR]: [0mThis is a error message from thread 618-09-2026 00:29:34 [38;5;015m[INFO]: [0mThis is a info message from thread 1718-09-2026 00:29:34 [38;5;009m[ERROR]: [0mThis is a error message from thread 918-09-2026 00:29:34 [38;5;117m[DEBUG]: [0mThis is a debug message from thread 618-09-2026 00:29:34 [38;5;117m[DEBUG]: [0mThis is a debug message from thread 1318-09-2026 00:29:34 [38;5;009m[ERROR]: [0mThis is a error message from thread 1718-09-2026 00:29:34 [38;5;117m[DEBUG]: [0mThis is a debug message from thread 918-09-2026 00:29:34 [38;5;015m[INFO]: [0mThis is a info message from thread 618-09-2026 00:29:34 [38;5;015m[INFO]: [0mThis is a info message from thread 018-09-2026 00:29:34 [38;5;117m[DEBUG]: [0mThis is a debug message from thread 1718-09-2026 00:29:34 [38;5;015m[INFO]: [0mThis is a info message from thread 918-09-2026 00:29:34 [38;5;015m[INFO]: [0mThis is a info message from thread 1718-09-2026 00:29:34 [38;5;015m[INFO]: [0mThis is a info message from thread 1318-09-2026 00:29:34 [38;5;009m[ERROR]: [0mThis is a error message from thread 018-09-2026 00:29:34 [38;5;009m[ERROR]: [0mThis is a error message from thread 1718-09-2026 00:29:34 [38;5;009m[ERROR]: [0mThis is a error message from thread 1318-09-2026 00:29:34 [38;5;009m[ERROR]: [0mThis is a error message from thread 618-09-2026 00:29:34 [38;5;117m[DEBUG]: [0mThis is a debug message from thread 018-09-2026 00:29:34 [38;5;009m[ERROR]: [0mThis is a error message from thread 918-09-2026 00:29:34 [38;5;117m[DEBUG]: [0mThis is a debug message from thread 1718-09-2026 00:29:34 [38;5;117m[DEBUG]: [0mThis is a debug message from thread 1318-09-2026 00:29:34 [38;5;015m[INFO]: [0mThis is a info message from thread 1718-09-2026 00:29:34 [38;5;117m[DEBUG]: [0mThis is a debug message from thread 618-09-2026 00:29:34 [38;5;015m[INFO]: [0mThis is a info message from thread 018-09-2026 00:29:34 [38;5;009m[ERROR]: [0mThis is a error message from thread 1718-09-2026 00:29:34 [38;5;015m[INFO]: [0mThis is a info message from thread 1318-09-2026 00:29:34 [38;5;015m[INFO]: [0mThis is a info message from thread 618-09-2026 00:29:34 [38;5;117m[DEBUG]: [0mThis is a debug message from thread 918-09-2026 00:29:34 [38;5;009m[ERROR]: [0mThis is a error message from thread 1318-09-2026 00:29:34 [38;5;015m[INFO]: [0mThis is a info message from thread 918-09-2026 00:29:34 [38;5;117m[DEBUG]: [0mThis is a debug message from thread 1318-09-2026 00:29:34 [38;5;009m[ERROR]: [0mThis is a error message from thread 618-09-2026 00:29:34 [38;5;015m[INFO]: [0mThis is a info message from thread 1318-09-2026 00:29:34 [38;5;117m[DEBUG]: [0mThis is a debug message from thread 618-09-2026 00:29:34 [38;5;009m[ERROR]: [0mThis is a error message from thread 1318-09-2026 00:29:34 [38;5;015m[INFO]: [0mThis is a info message from thread 618-09-2026 00:29:34 [38;5;009m[ERROR]: [0mThis is a error message from thread 018-09-2026 00:29:34 [38;5;009m[ERROR]: [0mThis is a error message from thread 918-09-2026 00:29:34 [38;5;117m[DEBUG]: [0mThis is a debug message from thread 018-09-2026 00:29:34 [38;5;117m[DEBUG]: [0mThis is a debug message from thread 1318-09-2026 00:29:34 [38;5;117m[DEBUG]: [0mThis is a debug message from thread 1718-09-2026 00:29:34 [38;5;015m[INFO]: [0mThis is a info message from thread 1718-09-2026 00:29:34 [38;5;009m[ERROR]: [0mThis is a error message from thread 1718-09-2026 00:29:34 [38;5;015m[INFO]: [0mThis is a info message from thread 018-09-2026 00:29:34 [38;5;009m[ERROR]: [0mThis is a error message from thread 018-09-2026 00:29:34 [38;5;117m[DEBUG]: [0mThis is a debug message from thread 1718-09-2026 00:29:34 [38;5;015m[INFO]: [0mThis is a info message from thread 1718-09-2026 00:29:34 [38;5;015m[INFO]: [0mThis is a info message from thread 1318-09-2026 00:29:34 [38;5;009m[ERROR]: [0mThis is a error message from thread 1318-09-2026 00:29:34 [38;5;009m[ERROR]: [0mThis is a error message from thread 618-09-2026 00:29:34 [38;5;117m[DEBUG]: [0mThis is a debug message from thread 1318-09-2026 00:29:34 [38;5;117m[DEBUG]: [0mThis is a debug message from thread 018-09-2026 00:29:34 [38;5;009m[ERROR]: [0mThis is a error message from thread 1718-09-2026 00:29:34 [38;5;117m[DEBUG]: [0mThis is a debug message from thread 618-09-2026 00:29:34 [38;5;015m[INFO]: [0mThis is a info message from thread 018-09-2026 00:29:34 [38;5;015m[INFO]: [0mThis is a info message from thread 618-09-2026 00:29:34 [38;5;009m[ERROR]: [0mThis is a error message from thread 018-09-2026 00:29:34 [38;5;015m[INFO]: [0mThis is a info message from thread 1318-09-2026 00:29:34 [38;5;117m[DEBUG]: [0mThis is a debug message from thread 018-09-2026 00:29:34 [38;5;009m[ERROR]: [0mThis is a error message from thread 618-09-2026 00:29:34 [38;5;015m[INFO]: [0mThis is a info message from thread 018-09-2026 00:29:34 [38;5;009m[ERROR]: [0mThis is a error message from thread 1318-09-2026 00:29:34 [38;5;117m[DEBUG]: [0mThis is a debug message from thread 1318-09-2026 00:29:34 [38;5;117m[DEBUG]: [0mThis is a debug message from thread 618-09-2026 00:29:34 [38;5;015m[INFO]: [0mThis is a info message from thread 1318-09-2026 00:29:34 [38;5;015m[INFO]: [0mThis is a info message from thread 618-09-2026 00:29:34 [38;5;009m[ERROR]: [0mThis is a error message from thread 1318-09-2026 00:29:34 [38;5;009m[ERROR]: [0mThis is a error message from thread 618-09-2026 00:29:34 [38;5;117m[DEBUG]: [0mThis is a debug message from thread 1318-09-2026 00:29:34 [38;5;009m[ERROR]: [0mThis is a error message from thread 018-09-2026 00:29:34 [38;5;117m[DEBUG]: [0mThis is a debug message from thread 618-09-2026 00:29:34 [38;5;015m[INFO]: [0mThis is a info message from thread 1318-09-2026 00:29:34 [38;5;117m[DEBUG]: [0mThis is a debug message from thread 018-09-2026 00:29:34 [38;5;015m[INFO]: [0mThis is a info message from thread 618-09-2026 00:29:34 [38;5;015m[INFO]: [0mThis is a info message from thread 018-09-2026 00:29:34 [38;5;009m[ERROR]: [0mThis is a error message from thread 618-09-2026 00:29:34 [38;5;117m[DEBUG]: [0mThis is a debug message from thread 618-09-2026 00:29:34 [38;5;009m[ERROR]: [0mThis is a error message from thread 018-09-2026 00:29:34 [38;5;009m[ERROR]: [0mThis is a error message from thread 1318-09-2026 00:29:34 [38;5;117m[DEBUG]: [0mThis is a debug message from thread 018-09-2026 00:29:34 [38;5;117m[DEBUG]: [0mThis is a debug message from thread 1318-09-2026 00:29:34 [38;5;015m[INFO]: [0mThis is a info message from thread 1318-09-2026 00:29:34 [38;5;015m[INFO]: [0mThis is a info message from thread 618-09-2026 00:29:34 [38;5;015m[INFO]: [0mThis is a info message from thread 018-09-2026 00:29:34 [38;5;009m[ERROR]: [0mThis is a error message from thread 618-09-2026 00:29:34 [38;5;009m[ERROR]: [0mThis is a error message from thread 018-09-2026 00:29:34 [38;5;009m[ERROR]: [0mThis is a error message from thread 1318-09-2026 00:29:34 [38;5;117m[DEBUG]: [0mThis is a debug message from thread 618-09-2026 00:29:34 [38;5;117m[DEBUG]: [0mThis is a debug message from thread 1318-09-2026 00:29:34 [38;5;015m[INFO]: [0mThis is a info message from thread 618-09-2026 00:29:34 [38;5;015m[INFO]: [0mThis is a info message from thread 1318-09-2026 00:29:34 [38;5;009m[ERROR]: [0mThis is a error message from thread 618-09-2026 00:29:34 [38;5;117m[DEBUG]: [0mThis is a debug message from thread 018-09-2026 00:29:34 [38;5;117m[DEBUG]: [0mThis is a debug message from thread 618-09-2026 00:29:34 [38;5;009m[ERROR]: [0mThis is a error message from thread 1318-09-2026 00:29:34 [38;5;117m[DEBUG]: [0mThis is a debug message from thread 1318-09-2026 00:29:34 [38;5;015m[INFO]: [0mThis is a info message from thread 018-09-2026 00:29:34 [38;5;015m[INFO]: [0mThis is a info message from thread 1318-09-2026 00:29:34 [38;5;009m[ERROR]: [0mThis is a error message from thread 018-09-2026 00:29:34 [38;5;117m[DEBUG]: [0mThis is a debug message from thread 018-09-2026 00:29:34 [38;5;015m[INFO]: [0mThis is a info message from thread 018-09-2026 00:29:34 [38;5;009m[ERROR]: [0mThis is a error message from thread 1318-09-2026 00:29:34 [38;5;009m[ERROR]: [0mThis is a error message from thread 018-09-2026 00:29:34 [38;5;015m[INFO]: [0mThis is a info message from thread 618-09-2026 00:29:34 [38;5;117m[DEBUG]: [0mThis is a debug message from thread 1318-09-2026 00:29:34 [38;5;009m[ERROR]: [0mThis is a error message from thread 618-09-2026 00:29:34 [38;5;015m[INFO]: [0mThis is a info message from thread 1318-09-2026 00:29:34 [38;5;117m[DEBUG]: [0mThis is a debug message from thread 018-09-2026 00:29:34 [38;5;117m[DEBUG]: [0mThis is a debug message from thread 618-09-2026 00:29:34 [38;5;009m[ERROR]: [0mThis is a error message from thread 1318-09-2026 00:29:34 [38;5;015m[INFO]: [0mThis is a info message from thread 018-09-2026 00:29:34 [38;5;015m[INFO]: [0mThis is a info message from thread 618-09-2026 00:29:34 [38;5;009m[ERROR]: [0mThis is a error message from thread 018-09-2026 00:29:34 [38;5;009m[ERROR]: [0mThis is a error message from thread 618-09-2026 00:29:34 [38;5;117m[DEBUG]: [0mThis is a debug message from thread 618-09-2026 00:29:34 [38;5;117m[DEBUG]: [0mThis is a debug message from thread 1318-09-2026 00:29:34 [38;5;015m[INFO]: [0mThis is a info message from thread 618-09-2026 00:29:34 [38;5;015m[INFO]: [0mThis is a info message from thread 1318-09-2026 00:29:34 [38;5;009m[ERROR]: [0mThis is a error message from thread 618-09-2026 00:29:34 [38;5;009m[ERROR]: [0mThis is a error message from thread 1318-09-2026 00:29:34 [38;5;117m[DEBUG]: [0mThis is a debug message from thread 618-09-2026 00:29:34 [38;5;015m[INFO]: [0mThis is a info message from thread 618-09-2026 00:29:34 [38;5;009m[ERROR]: [0mThis is a error message from thread 618-09-2026 00:29:34 [38;5;117m[DEBUG]: [0mThis is a debug message from thread 618-09-2026 00:29:34 [38;5;015m[INFO]: [0mThis is a info message from thread 618-09-2026 00:29:34 [38;5;009m[ERROR]: [0mThis is a error message from thread 618-09-2026 00:29:34 [38;5;117m[DEBUG]: [0mThis is a debug message from thread 618-09-2026 00:29:34 [38;5;015m[INFO]: [0mThis is a info message from thread 618-09-2026 00:29:34 [38;5;009m[ERROR]: [0mThis is a error message from thread 618-09-2026 00:29:34 [38;5;117m[DEBUG]: [0mThis is a debug message from thread 618-09-2026 00:29:34 [38;5;015m[INFO]: [0mThis is a info message from thread 618-09-2026 00:29:34 [38;5;009m[ERROR]: [0mThis is a error message from thread 618-09-2026 00:29:34 [38;5;117m[DEBUG]: [0mThis is a debug message from thread 618-09-2026 00:29:34 [38;5;015m[INFO]: [0mThis is a info message from thread 618-09-2026 00:29:34 [38;5;009m[ERROR]: [0mThis is a error message from thread 618-09-2026 00:29:34 [38;5;117m[DEBUG]: [0mThis is a debug message from thread 618-09-2026 00:29:34 [38;5;015m[INFO]: [0mThis is a info message from thread 618-09-2026 00:29:34 [38;5;009m[ERROR]: [0mThis is a error message from thread 618-09-2026 00:29:34 [38;5;015m[INFO]: [0mEND18-09-2026 00:29:34 [38;5;117m[DEBUG]: [0m is debug flush: 0 | Thread: 018-09-2026 00:29:34 [38;5;117m[DEBUG]: [0m is debug flush: 1 | Thread: 218-09-2026 00:29:34 [38;5;117m[DEBUG]: [0m is debug flush: 0 | Thread: 118-09-2026 00:29:34 [38;5;117m[DEBUG]: [0m is debug flush: 1 | Thread: 318-09-2026 00:29:34 [38;5;117m[DEBUG]: [0m is debug flush: 1 | Thread: 418-09-2026 00:29:34 [38;5;015m[INFO]: [0m is info flush: 1 | Thread: 318-09-2026 00:29:34 [38;5;015m[INFO]: [0m is info flush: 0 | Thread: 218-09-2026 00:29:34 [38;5;015m[INFO]: [0m is info flush: 0 | Thread: 018-09-2026 00:29:34 [38;5;117m[DEBUG]: [0m is debug flush: 1 | Thread: 618-09-2026 00:29:34 [38;5;015m[INFO]: [0m is info flush: 0 | Thread: 118-09-2026 00:29:34 [38;5;009m[ERROR]: [0mThis is a error message from thread 0 | 218-09-2026 00:29:34 [38;5;009m[ERROR]: [0mThis is a error message from thread 1 | 318-09-2026 00:29:34 [38;5;117m[DEBUG]: [0m is debug flush: 1 | Thread: 518-09-2026 00:29:34 [38;5;009m[ERROR]: [0mThis is a error message from thread 1 | 018-09-2026 00:29:34 [38;5;117m[DEBUG]: [0m is debug flush: 0 | Thread: 1018-09-2026 00:29:34 [38;5;117m[DEBUG]: [0m is debug flush: 1 | Thread: 818-09-2026 00:29:34 [38;5;009m[ERROR]: [0mThis is a error message from thread 1 | 118-09-2026 00:29:34 [38;5;117m[DEBUG]: [0m is debug flush: 1 | Thread: 1318-09-2026 00:29:34 [38;5;117m[DEBUG]: [0m is debug flush: 0 | Thread: 118-09-2026 00:29:34 [38;5;117m[DEBUG]: [0m is debug flush: 1 | Thread: 1418-09-2026 00:29:34 [38;5;117m[DEBUG]: [0m is debug flush: 0 | Thread: 1218-09-2026 00:29:34 [38;5;015m[INFO]: [0m is info flush: 0 | Thread: 1318-09-2026 00:29:34 [38;5;015m[INFO]: [0m is info flush: 0 | Thread: 418-09-2026 00:29:34 [38;5;117m[DEBUG]: [0m is debug flush: 0 | Thread: 918-09-2026 00:29:34 [38;5;015m[INFO]: [0m is info flush: 0 | Thread: 1018-09-2026 00:29:34 [38;5;015m[INFO]: [0m is info flush: 1 | Thread: 118-09-2026 00:29:34 [38;5;015m[INFO]: [0m is info flush: 1 | Thread: 1218-09-2026 00:29:34 [38;5;117m[DEBUG]: [0m is debug flush: 0 | Thread: 318-09-2026 00:29:34 [38;5;015m[INFO]: [0m is info flush: 0 | Thread: 318-09-2026 00:29:34 [38;5;009m[ERROR]: [0mThis is a error message from thread 1 | 1218-09-2026 00:29:34 [38;5;117m[DEBUG]: [0m is debug flush: 1 | Thread: 018-09-2026 00:29:34 [38;5;117m[DEBUG]: [0m is debug flush: 0 | Thread: 218-09-2026 00:29:34 [38;5;117m[DEBUG]: [0m is debug flush: 0 | Thread: 1518-09-2026 00:29:34 [38;5;117m[DEBUG]: [0m is debug flush: 0 | Thread: 1218-09-2026 00:29:34 [38;5;117m[DEBUG]: [0m is debug flush: 0 | Thread: 1718-09-2026 00:29:34 [38;5;015m[INFO]: [0m is info flush: 0 | Thread: 1218-09-2026 00:29:34 [38;5;009m[ERROR]: [0mThis is a error message from thread 0 | 318-09-2026 00:29:34 [38;5;117m[DEBUG]: [0m is debug flush: 0 | Thread: 318-09-2026 00:29:34 [38;5;009m[ERROR]: [0mThis is a error message from thread 1 | 118-09-2026 00:29:34 [38;5;009m[ERROR]: [0mThis is a error message from thread 0 | 1218-09-2026 00:29:34 [38;5;015m[INFO]: [0m is info flush: 0 | Thread: 318-09-2026 00:29:34 [38;5;117m[DEBUG]: [0m is debug flush: 1 | Thread: 1618-09-2026 00:29:34 [38;5;009m[ERROR]: [0mThis is a error message from thread 0 | 1018-09-2026 00:29:34 [38;5;015m[INFO]: [0m is info flush: 1 | Thread: 1518-09-2026 00:29:34 [38;5;015m[INFO]: [0m is info flush: 0 | Thread: 018-09-2026 00:29:34 [38;5;117m[DEBUG]: [0m is debug flush: 0 | Thread: 2818-09-2026 00:29:34 [38;5;009m[ERROR]: [0mThis is a error message from thread 1 | 1518-09-2026 00:29:34 [38;5;015m[INFO]: [0m is info flush: 1 | Thread: 2818-09-2026 00:29:34 [38;5;117m[DEBUG]: [0m is debug flush: 0 | Thread: 118-09-2026 00:29:34 [38;5;009m[ERROR]: [0mThis is a error message from thread 0 | 2818-09-2026 00:29:34 [38;5;117m[DEBUG]: [0m is debug flush: 1 | Thread: 1218-09-2026 00:29:34 [38;5;009m[ERROR]: [0mThis is a error message from thread 0 | 018-09-2026 00:29:34 [38;5;117m[DEBUG]: [0m is debug flush: 1 | Thread: 1518-09-2026 00:29:34 [38;5;117m[DEBUG]: [0m is debug flush: 0 | Thread: 2818-09-2026 00:29:34 [38;5;015m[INFO]: [0m is info flush: 0 | Thread: 618-09-2026 00:29:34 [38;5;117m[DEBUG]: [0m is debug flush: 1 | Thread: 1818-09-2026 00:29:34 [38;5;117m[DEBUG]: [0m is debug flush: 1 | Thread: 018-09-2026 00:29:34 [38;5;015m[INFO]: [0m is info flush: 1 | Thread: 1218-09-2026 00:29:34 [38;5;117m[DEBUG]: [0m is debug flush: 1 | Thread: 2218-09-2026 00:29:34 [38;5;015m[INFO]: [0m is info flush: 0 | Thread: 1818-09-2026 00:29:34 [38;5;117m[DEBUG]: [0m is debug flush: 0 | Thread: 2318-09-2026 00:29:34 [38;5;117m[DEBUG]: [0m is debug flush: 0 | Thread: 1918-09-2026 00:29:34 [38;5;009m[ERROR]: [0mThis is a error message from thread 0 | 1218-09-2026 00:29:34 [38;5;015m[INFO]: [0m is info flush: 0 | Thread: 018-09-2026 00:29:34 [38;5;015m[INFO]: [0m is info flush: 0 | Thread: 2818-09-2026 00:29:34 [38;5;015m[INFO]: [0m is info flush: 1 | Thread: 2318-09-2026 00:29:34 [38;5;009m[ERROR]: [0mThis is a error message from thread 0 | 018-09-2026 00:29:34 [38;5;009m[ERROR]: [0mThis is a error message from thread 0 | 318-09-2026 00:29:34 [38;5;117m[DEBUG]: [0m is debug flush: 1 | Thread: 2118-09-2026 00:29:34 [38;5;117m[DEBUG]: [0m is debug flush: 1 | Thread: 2018-09-2026 00:29:34 [38;5;009m[ERROR]: [0mThis is a error message from thread 1 | 2818-09-2026 00:29:34 [38;5;015m[INFO]: [0m is info flush: 0 | Thread: 1418-09-2026 00:29:34 [38;5;009m[ERROR]: [0mThis is a error message from thread 1 | 1818-09-2026 00:29:34 [38;5;009m[ERROR]: [0mThis is a error message from thread 1 | 618-09-2026 00:29:34 [38;5;015m[INFO]: [0m is info flush: 0 | Thread: 2118-09-2026 00:29:34 [38;5;117m[DEBUG]: [0m is debug flush: 0 | Thread: 1818-09-2026 00:29:34 [38;5;117m[DEBUG]: [0m is debug flush: 1 | Thread: 2818-09-2026 00:29:34 [38;5;009m[ERROR]: [0mThis is a error message from thread 0 | 2118-09-2026 00:29:34 [38;5;117m[DEBUG]: [0m is debug flush: 0 | Thread: 2618-09-2026 00:29:34 [38;5;015m[INFO]: [0m is info flush: 1 | Thread: 1918-09-2026 00:29:34 [38;5;015m[INFO]: [0m is info flush: 0 | Thread: 2018-09-2026 00:29:34 [38;5;009m[ERROR]: [0mThis is a error message from thread 1 | 1418-09-2026 00:29:34 [38;5;117m[DEBUG]: [0m is debug flush: 1 | Thread: 018-09-2026 00:29:34 [38;5;009m[ERROR]: [0mThis is a error message from thread 0 | 2018-09-2026 00:29:34 [38;5;015m[INFO]: [0m is info flush: 1 | Thread: 2818-09-2026 00:29:34 [38;5;015m[INFO]: [0m is info flush: 1 | Thread: 018-09-2026 00:29:34 [38;5;117m[DEBUG]: [0m is debug flush: 1 | Thread: 318-09-2026 00:29:34 [38;5;015m[INFO]: [0m is info flush: 0 | Thread: 1818-09-2026 00:29:34 [38;5;009m[ERROR]: [0mThis is a error message from thread 1 | 018-09-2026 00:29:34 [38;5;117m[DEBUG]: [0m is debug flush: 1 | Thread: 2018-09-2026 00:29:34 [38;5;009m[ERROR]: [0mThis is a error message from thread 0 | 2818-09-2026 00:29:34 [38;5;015m[INFO]: [0m is info flush: 0 | Thread: 318-09-2026 00:29:34 [38;5;117m[DEBUG]: [0m is debug flush: 0 | Thread: 2518-09-2026 00:29:34 [38;5;015m[INFO]: [0m is info flush: 0 | Thread: 2518-09-2026 00:29:34 [38;5;117m[DEBUG]: [0m is debug flush: 1 | Thread: 618-09-2026 00:29:34 [38;5;117m[DEBUG]: [0m is debug flush: 1 | Thread: 2118-09-2026 00:29:34 [38;5;117m[DEBUG]: [0m is debug flush: 1 | Thread: 2818-09-2026 00:29:34 [38;5;015m[INFO]: [0m is info flush: 0 | Thread: 618-09-2026 00:29:34 [38;5;009m[ERROR]: [0mThis is a error message from thread 0 | 1918-09-2026 00:29:34 [38;5;015m[INFO]: [0m is info flush: 0 | Thread: 2618-09-2026 00:29:34 [38;5;009m[ERROR]: [0mThis is a error message from thread 1 | 1318-09-2026 00:29:34 [38;5;009m[ERROR]: [0mThis is a error message from thread 0 | 2618-09-2026 00:29:34 [38;5;009m[ERROR]: [0mThis is a error message from thread 0 | 418-09-2026 00:29:34 [38;5;015m[INFO]: [0m is info flush: 1 | Thread: 918-09-2026 00:29:34 [38;5;015m[INFO]: [0m is info flush: 0 | Thread: 2818-09-2026 00:29:34 [38;5;009m[ERROR]: [0mThis is a error message from thread 0 | 318-09-2026 00:29:34 [38;5;117m[DEBUG]: [0m is debug flush: 1 | Thread: 1118-09-2026 00:29:34 [38;5;117m[DEBUG]: [0m is debug flush: 0 | Thread: 1418-09-2026 00:29:34 [38;5;015m[INFO]: [0m is info flush: 1 | Thread: 518-09-2026 00:29:34 [38;5;015m[INFO]: [0m is info flush: 0 | Thread: 2218-09-2026 00:29:34 [38;5;015m[INFO]: [0m is info flush: 1 | Thread: 1118-09-2026 00:29:34 [38;5;009m[ERROR]: [0mThis is a error message from thread 0 | 618-09-2026 00:29:34 [38;5;117m[DEBUG]: [0m is debug flush: 0 | Thread: 018-09-2026 00:29:34 [38;5;015m[INFO]: [0m is info flush: 1 | Thread: 1418-09-2026 00:29:34 [38;5;009m[ERROR]: [0mThis is a error message from thread 1 | 518-09-2026 00:29:34 [38;5;009m[ERROR]: [0mThis is a error message from thread 1 | 1118-09-2026 00:29:34 [38;5;117m[DEBUG]: [0m is debug flush: 1 | Thread: 2618-09-2026 00:29:34 [38;5;015m[INFO]: [0m is info flush: 0 | Thread: 818-09-2026 00:29:34 [38;5;117m[DEBUG]: [0m is debug flush: 1 | Thread: 518-09-2026 00:29:34 [38;5;117m[DEBUG]: [0m is debug flush: 1 | Thread: 1118-09-2026 00:29:34 [38;5;009m[ERROR]: [0mThis is a error message from thread 1 | 2218-09-2026 00:29:34 [38;5;015m[INFO]: [0m is info flush: 1 | Thread: 118-09-2026 00:29:34 [38;5;117m[DEBUG]: [0m is debug flush: 1 | Thread: 618-09-2026 00:29:34 [38;5;015m[INFO]: [0m is info flush: 1 | Thread: 218-09-2026 00:29:34 [38;5;009m[ERROR]: [0mThis is a error message from thread 1 | 2818-09-2026 00:29:34 [38;5;015m[INFO]: [0m is info flush: 0 | Thread: 018-09-2026 00:29:34 [38;5;117m[DEBUG]: [0m is debug flush: 1 | Thread: 718-09-2026 00:29:34 [38;5;009m[ERROR]: [0mThis is a error message from thread 0 | 118-09-2026 00:29:34 [38;5;117m[DEBUG]: [0m is debug flush: 0 | Thread: 2218-09-2026 00:29:34 [38;5;117m[DEBUG]: [0m is debug flush: 1 | Thread: 1218-09-2026 00:29:34 [38;5;009m[ERROR]: [0mThis is a error message from thread 0 | 218-09-2026 00:29:34 [38;5;009m[ERROR]: [0mThis is a error message from thread 0 | 018-09-2026 00:29:34 [38;5;015m[INFO]: [0m is info flush: 0 | Thread: 1218-09-2026 00:29:34 [38;5;015m[INFO]: [0m is info flush: 0 | Thread: 1718-09-2026 00:29:34 [38;5;015m[INFO]: [0m is info flush: 0 | Thread: 718-09-2026 00:29:34 [38;5;015m[INFO]: [0m is info flush: 1 | Thread: 1618-09-2026 00:29:34 [38;5;117m[DEBUG]: [0m is debug flush: 0 | Thread: 018-09-2026 00:29:34 [38;5;117m[DEBUG]: [0m is debug flush: 0 | Thread: 418-09-2026 00:29:34 [38;5;117m[DEBUG]: [0m is debug flush: 1 | Thread: 118-09-2026 00:29:34 [38;5;009m[ERROR]: [0mThis is a error message from thread 0 | 1218-09-2026 00:29:34 [38;5;117m[DEBUG]: [0m is debug flush: 1 | Thread: 1018-09-2026 00:29:34 [38;5;117m[DEBUG]: [0m is debug flush: 1 | Thread: 218-09-2026 00:29:34 [38;5;117m[DEBUG]: [0m is debug flush: 0 | Thread: 318-09-2026 00:29:34 [38;5;015m[INFO]: [0m is info flush: 1 | Thread: 518-09-2026 00:29:34 [38;5;015m[INFO]: [0m is info flush: 0 | Thread: 1018-09-2026 00:29:34 [38;5;015m[INFO]: [0m is info flush: 0 | Thread: 218-09-2026 00:29:34 [38;5;015m[INFO]: [0m is info flush: 0 | Thread: 1118-09-2026 00:29:34 [38;5;015m[INFO]: [0m is info flush: 1 | Thread: 318-09-2026 00:29:34 [38;5;009m[ERROR]: [0mThis is a error message from thread 1 | 518-09-2026 00:29:34 [38;5;009m[ERROR]: [0mThis is a error message from thread 0 | 1018-09-2026 00:29:34 [38;5;009m[ERROR]: [0mThis is a error message from thread 0 | 1618-09-2026 00:29:34 [38;5;015m[INFO]: [0m is info flush: 0 | Thread: 1518-09-2026 00:29:34 [38;5;117m[DEBUG]: [0m is debug flush: 1 | Thread: 2918-09-2026 00:29:34 [38;5;117m[DEBUG]: [0m is debug flush: 0 | Thread: 1218-09-2026 00:29:34 [38;5;009m[ERROR]: [0mThis is a error message from thread 0 | 1418-09-2026 00:29:34 [38;5;009m[ERROR]: [0mThis is a error message from thread 0 | 318-09-2026 00:29:34 [38;5;015m[INFO]: [0m is info flush: 0 | Thread: 2218-09-2026 00:29:34 [38;5;015m[INFO]: [0m is info flush: 0 | Thread: 018-09-2026 00:29:34 [38;5;015m[INFO]: [0m is info flush: 1 | Thread: 2918-09-2026 00:29:34 [38;5;117m[DEBUG]: [0m is debug flush: 1 | Thread: 518-09-2026 00:29:34 [38;5;117m[DEBUG]: [0m is debug flush: 0 | Thread: 1618-09-2026 00:29:34 [38;5;009m[ERROR]: [0mThis is a error message from thread 0 | 2218-09-2026 00:29:34 [38;5;009m[ERROR]: [0mThis is a error message from thread 0 | 1518-09-2026 00:29:34 [38;5;009m[ERROR]: [0mThis is a error message from thread 0 | 018-09-2026 00:29:34 [38;5;009m[ERROR]: [0mThis is a error message from thread 0 | 818-09-2026 00:29:34 [38;5;015m[INFO]: [0m is info flush: 0 | Thread: 1218-09-2026 00:29:34 [38;5;015m[INFO]: [0m is info flush: 1 | Thread: 518-09-2026 00:29:34 [38;5;117m[DEBUG]: [0m is debug flush: 1 | Thread: 2418-09-2026 00:29:34 [38;5;009m[ERROR]: [0mThis is a error message from thread 1 | 2518-09-2026 00:29:34 [38;5;117m[DEBUG]: [0m is debug flush: 0 | Thread: 1918-09-2026 00:29:34 [38;5;009m[ERROR]: [0mThis is a error message from thread 0 | 2918-09-2026 00:29:34 [38;5;117m[DEBUG]: [0m is debug flush: 0 | Thread: 1418-09-2026 00:29:34 [38;5;009m[ERROR]: [0mThis is a error message from thread 1 | 1818-09-2026 00:29:34 [38;5;015m[INFO]: [0m is info flush: 0 | Thread: 1618-09-2026 00:29:34 [38;5;009m[ERROR]: [0mThis is a error message from thread 0 | 1618-09-2026 00:29:34 [38;5;117m[DEBUG]: [0m is debug flush: 0 | Thread: 2918-09-2026 00:29:34 [38;5;117m[DEBUG]: [0m is debug flush: 0 | Thread: 818-09-2026 00:29:34 [38;5;015m[INFO]: [0m is info flush: 0 | Thread: 2418-09-2026 00:29:34 [38;5;009m[ERROR]: [0mThis is a error message from thread 0 | 518-09-2026 00:29:34 [38;5;015m[INFO]: [0m is info flush: 1 | Thread: 818-09-2026 00:29:34 [38;5;009m[ERROR]: [0mThis is a error message from thread 1 | 2418-09-2026 00:29:34 [38;5;117m[DEBUG]: [0m is debug flush: 1 | Thread: 1618-09-2026 00:29:34 [38;5;015m[INFO]: [0m is info flush: 1 | Thread: 2918-09-2026 00:29:34 [38;5;117m[DEBUG]: [0m is debug flush: 1 | Thread: 018-09-2026 00:29:34 [38;5;009m[ERROR]: [0mThis is a error message from thread 0 | 2918-09-2026 00:29:34 [38;5;117m[DEBUG]: [0m is debug flush: 1 | Thread: 518-09-2026 00:29:34 [38;5;015m[INFO]: [0m is info flush: 0 | Thread: 018-09-2026 00:29:34 [38;5;015m[INFO]: [0m is info flush: 1 | Thread: 1918-09-2026 00:29:34 [38;5;015m[INFO]: [0m is info flush: 1 | Thread: 1418-09-2026 00:29:34 [38;5;015m[INFO]: [0m is info flush: 1 | Thread: 1618-09-2026 00:29:34 [38;5;117m[DEBUG]: [0m is debug flush: 1 | Thread: 2918-09-2026 00:29:34 [38;5;117m[DEBUG]: [0m is debug flush: 1 | Thread: 1818-09-2026 00:29:34 [38;5;117m[DEBUG]: [0m is debug flush: 0 | Thread: 2418-09-2026 00:29:34 [38;5;015m[INFO]: [0m is info flush: 1 | Thread: 418-09-2026 00:29:34 [38;5;009m[ERROR]: [0mThis is a error message from thread 1 | 418-09-2026 00:29:34 [38;5;015m[INFO]: [0m is info flush: 1 | Thread: 2918-09-2026 00:29:34 [38;5;015m[INFO]: [0m is info flush: 1 | Thread: 2418-09-2026 00:29:34 [38;5;009m[ERROR]: [0mThis is a error message from thread 1 | 1618-09-2026 00:29:34 [38;5;117m[DEBUG]: [0m is debug flush: 1 | Thread: 1618-09-2026 00:29:34 [38;5;009m[ERROR]: [0mThis is a error message from thread 1 | 2418-09-2026 00:29:34 [38;5;009m[ERROR]: [0mThis is a error message from thread 1 | 818-09-2026 00:29:34 [38;5;009m[ERROR]: [0mThis is a error message from thread 0 | 2918-09-2026 00:29:34 [38;5;117m[DEBUG]: [0m is debug flush: 1 | Thread: 2418-09-2026 00:29:34 [38;5;117m[DEBUG]: [0m is debug flush: 0 | Thread: 2518-09-2026 00:29:34 [38;5;009m[ERROR]: [0mThis is a error message from thread 0 | 018-09-2026 00:29:34 [38;5;015m[INFO]: [0m is info flush: 1 | Thread: 518-09-2026 00:29:34 [38;5;015m[INFO]: [0m is info flush: 0 | Thread: 2018-09-2026 00:29:34 [38;5;015m[INFO]: [0m is info flush: 0 | Thread: 2418-09-2026 00:29:34 [38;5;015m[INFO]: [0m is info flush: 0 | Thread: 1618-09-2026 00:29:34 [38;5;009m[ERROR]: [0mThis is a error message from thread 1 | 1918-09-2026 00:29:34 [38;5;015m[INFO]: [0m is info flush: 0 | Thread: 1818-09-2026 00:29:34 [38;5;009m[ERROR]: [0mThis is a error message from thread 0 | 2318-09-2026 00:29:34 [38;5;009m[ERROR]: [0mThis is a error message from thread 0 | 1818-09-2026 00:29:34 [38;5;117m[DEBUG]: [0m is debug flush: 1 | Thread: 2818-09-2026 00:29:34 [38;5;117m[DEBUG]: [0m is debug flush: 1 | Thread: 2218-09-2026 00:29:34 [38;5;117m[DEBUG]: [0m is debug flush: 1 | Thread: 2718-09-2026 00:29:34 [38;5;117m[DEBUG]: [0m is debug flush: 0 | Thread: 2918-09-2026 00:29:34 [38;5;009m[ERROR]: [0mThis is a error message from thread 1 | 2418-09-2026 00:29:34 [38;5;015m[INFO]: [0m is info flush: 0 | Thread: 2718-09-2026 00:29:34 [38;5;009m[ERROR]: [0mThis is a error message from thread 0 | 1218-09-2026 00:29:34 [38;5;009m[ERROR]: [0mThis is a error message from thread 0 | 2718-09-2026 00:29:34 [38;5;117m[DEBUG]: [0m is debug flush: 1 | Thread: 1518-09-2026 00:29:34 [38;5;009m[ERROR]: [0mThis is a error message from thread 1 | 718-09-2026 00:29:34 [38;5;015m[INFO]: [0m is info flush: 1 | Thread: 618-09-2026 00:29:34 [38;5;009m[ERROR]: [0mThis is a error message from thread 1 | 518-09-2026 00:29:34 [38;5;117m[DEBUG]: [0m is debug flush: 0 | Thread: 2418-09-2026 00:29:34 [38;5;117m[DEBUG]: [0m is debug flush: 0 | Thread: 2718-09-2026 00:29:34 [38;5;015m[INFO]: [0m is info flush: 1 | Thread: 1518-09-2026 00:29:34 [38;5;117m[DEBUG]: [0m is debug flush: 0 | Thread: 2318-09-2026 00:29:34 [38;5;015m[INFO]: [0m is info flush: 0 | Thread: 2418-09-2026 00:29:34 [38;5;117m[DEBUG]: [0m is debug flush: 0 | Thread: 1318-09-2026 00:29:34 [38;5;117m[DEBUG]: [0m is debug flush: 1 | Thread: 418-09-2026 00:29:34 [38;5;117m[DEBUG]: [0m is debug flush: 1 | Thread: 518-09-2026 00:29:34 [38;5;009m[ERROR]: [0mThis is a error message from thread 1 | 218-09-2026 00:29:34 [38;5;117m[DEBUG]: [0m is debug flush: 0 | Thread: 318-09-2026 00:29:34 [38;5;117m[DEBUG]: [0m is debug flush: 0 | Thread: 1818-09-2026 00:29:34 [38;5;015m[INFO]: [0m is info flush: 1 | Thread: 118-09-2026 00:29:34 [38;5;117m[DEBUG]: [0m is debug flush: 0 | Thread: 1018-09-2026 00:29:34 [38;5;117m[DEBUG]: [0m is debug flush: 0 | Thread: 018-09-2026 00:29:34 [38;5;015m[INFO]: [0m is info flush: 0 | Thread: 518-09-2026 00:29:34 [38;5;009m[ERROR]: [0mThis is a error message from thread 0 | 618-09-2026 00:29:34 [38;5;015m[INFO]: [0m is info flush: 0 | Thread: 318-09-2026 00:29:34 [38;5;117m[DEBUG]: [0m is debug flush: 1 | Thread: 218-09-2026 00:29:34 [38;5;009m[ERROR]: [0mThis is a error message from thread 0 | 1418-09-2026 00:29:34 [38;5;015m[INFO]: [0m is info flush: 1 | Thread: 2518-09-2026 00:29:34 [38;5;009m[ERROR]: [0mThis is a error message from thread 0 | 918-09-2026 00:29:34 [38;5;015m[INFO]: [0m is info flush: 0 | Thread: 018-09-2026 00:29:34 [38;5;117m[DEBUG]: [0m is debug flush: 1 | Thread: 918-09-2026 00:29:34 [38;5;009m[ERROR]: [0mThis is a error message from thread 1 | 318-09-2026 00:29:34 [38;5;117m[DEBUG]: [0m is debug flush: 1 | Thread: 618-09-2026 00:29:34 [38;5;117m[DEBUG]: [0m is debug flush: 1 | Thread: 1418-09-2026 00:29:34 [38;5;015m[INFO]: [0m is info flush: 1 | Thread: 618-09-2026 00:29:34 [38;5;117m[DEBUG]: [0m is debug flush: 1 | Thread: 318-09-2026 00:29:34 [38;5;009m[ERROR]: [0mThis is a error message from thread 0 | 018-09-2026 00:29:34 [38;5;009m[ERROR]: [0mThis is a error message from thread 0 | 518-09-2026 00:29:34 [38;5;009m[ERROR]: [0mThis is a error message from thread 0 | 2418-09-2026 00:29:34 [38;5;009m[ERROR]: [0mThis is a error message from thread 0 | 618-09-2026 00:29:34 [38;5;117m[DEBUG]: [0m is debug flush: 0 | Thread: 2418-09-2026 00:29:34 [38;5;117m[DEBUG]: [0m is debug flush: 1 | Thread: 518-09-2026 00:29:34 [38;5;015m[INFO]: [0m is info flush: 0 | Thread: 318-09-2026 00:29:34 [38;5;009m[ERROR]: [0mThis is a error message from thread 0 | 118-09-2026 00:29:34 [38;5;009m[ERROR]: [0mThis is a error message from thread 1 | 318-09-2026 00:29:34 [38;5;015m[INFO]: [0m is info flush: 1 | Thread: 218-09-2026 00:29:34 [38;5;117m[DEBUG]: [0m is debug flush: 0 | Thread: 618-09-2026 00:29:34 [38;5;015m[INFO]: [0m is info flush: 1 | Thread: 518-09-2026 00:29:34 [38;5;015m[INFO]: [0m is info flush: 1 | Thread: 918-09-2026 00:29:34 [38;5;117m[DEBUG]: [0m is debug flush: 1 | Thread: 018-09-2026 00:29:34 [38;5;015m[INFO]: [0m is info flush: 1 | Thread: 2418-09-2026 00:29:34 [38;5;009m[ERROR]: [0mThis is a error message from thread 0 | 1618-09-2026 00:29:34 [38;5;117m[DEBUG]: [0m is debug flush: 1 | Thread: 318-09-2026 00:29:34 [38;5;015m[INFO]: [0m is info flush: 0 | Thread: 618-09-2026 00:29:34 [38;5;015m[INFO]: [0m is info flush: 1 | Thread: 2918-09-2026 00:29:34 [38;5;117m[DEBUG]: [0m is debug flush: 0 | Thread: 718-09-2026 00:29:34 [38;5;015m[INFO]: [0m is info flush: 1 | Thread: 718-09-2026 00:29:34 [38;5;015m[INFO]: [0m is info flush: 0 | Thread: 318-09-2026 00:29:34 [38;5;009m[ERROR]: [0mThis is a error message from thread 1 | 218-09-2026 00:29:34 [38;5;009m[ERROR]: [0mThis is a error message from thread 1 | 1518-09-2026 00:29:34 [38;5;015m[INFO]: [0m is info flush: 0 | Thread: 1318-09-2026 00:29:34 [38;5;009m[ERROR]: [0mThis is a error message from thread 1 | 618-09-2026 00:29:34 [38;5;009m[ERROR]: [0mThis is a error message from thread 1 | 1318-09-2026 00:29:34 [38;5;117m[DEBUG]: [0m is debug flush: 0 | Thread: 618-09-2026 00:29:34 [38;5;117m[DEBUG]: [0m is debug flush: 1 | Thread: 1518-09-2026 00:29:34 [38;5;009m[ERROR]: [0mThis is a error message from thread 0 | 318-09-2026 00:29:34 [38;5;009m[ERROR]: [0mThis is a error message from thread 0 | 518-09-2026 00:29:34 [38;5;015m[INFO]: [0m is info flush: 1 | Thread: 618-09-2026 00:29:34 [38;5;015m[INFO]: [0m is info flush: 0 | Thread: 1518-09-2026 00:29:34 [38;5;117m[DEBUG]: [0m is debug flush: 0 | Thread: 518-09-2026 00:29:34 [38;5;015m[INFO]: [0m is info flush: 1 | Thread: 2318-09-2026 00:29:34 [38;5;117m[DEBUG]: [0m is debug flush: 0 | Thread: 1618-09-2026 00:29:34 [38;5;009m[ERROR]: [0mThis is a error message from thread 0 | 1718-09-2026 00:29:34 [38;5;117m[DEBUG]: [0m is debug flush: 0 | Thread: 218-09-2026 00:29:34 [38;5;009m[ERROR]: [0mThis is a error message from thread 0 | 2418-09-2026 00:29:34 [38;5;009m[ERROR]: [0mThis is a error message from thread 1 | 718-09-2026 00:29:34 [38;5;015m[INFO]: [0m is info flush: 1 | Thread: 018-09-2026 00:29:34 [38;5;009m[ERROR]: [0mThis is a error message from thread 0 | 2918-09-2026 00:29:34 [38;5;117m[DEBUG]: [0m is debug flush: 1 | Thread: 1318-09-2026 00:29:34 [38;5;117m[DEBUG]: [0m is debug flush: 0 | Thread: 2418-09-2026 00:29:34 [38;5;015m[INFO]: [0m is info flush: 0 | Thread: 1318-09-2026 00:29:34 [38;5;117m[DEBUG]: [0m is debug flush: 1 | Thread: 1218-09-2026 00:29:34 [38;5;009m[ERROR]: [0mThis is a error message from thread 1 | 1518-09-2026 00:29:34 [38;5;015m[INFO]: [0m is info flush: 1 | Thread: 2418-09-2026 00:29:34 [38;5;015m[INFO]: [0m is info flush: 0 | Thread: 1618-09-2026 00:29:34 [38;5;117m[DEBUG]: [0m is debug flush: 1 | Thread: 1718-09-2026 00:29:34 [38;5;015m[INFO]: [0m is info flush: 1 | Thread: 218-09-2026 00:29:34 [38;5;015m[INFO]: [0m is info flush: 0 | Thread: 1718-09-2026 00:29:34 [38;5;009m[ERROR]: [0mThis is a error message from thread 1 | 1318-09-2026 00:29:34 [38;5;009m[ERROR]: [0mThis is a error message from thread 1 | 218-09-2026 00:29:34 [38;5;015m[INFO]: [0m is info flush: 0 | Thread: 518-09-2026 00:29:34 [38;5;009m[ERROR]: [0mThis is a error message from thread 1 | 1718-09-2026 00:29:34 [38;5;117m[DEBUG]: [0m is debug flush: 0 | Thread: 1518-09-2026 00:29:34 [38;5;009m[ERROR]: [0mThis is a error message from thread 1 | 2418-09-2026 00:29:34 [38;5;117m[DEBUG]: [0m is debug flush: 0 | Thread: 818-09-2026 00:29:34 [38;5;117m[DEBUG]: [0m is debug flush: 0 | Thread: 1718-09-2026 00:29:34 [38;5;015m[INFO]: [0m is info flush: 1 | Thread: 1818-09-2026 00:29:34 [38;5;015m[INFO]: [0m is info flush: 1 | Thread: 1718-09-2026 00:29:34 [38;5;009m[ERROR]: [0mThis is a error message from thread 1 | 1618-09-2026 00:29:34 [38;5;117m[DEBUG]: [0m is debug flush: 1 | Thread: 218-09-2026 00:29:34 [38;5;009m[ERROR]: [0mThis is a error message from thread 1 | 018-09-2026 00:29:34 [38;5;015m[INFO]: [0m is info flush: 0 | Thread: 218-09-2026 00:29:34 [38;5;117m[DEBUG]: [0m is debug flush: 0 | Thread: 2918-09-2026 00:29:34 [38;5;117m[DEBUG]: [0m is debug flush: 1 | Thread: 1618-09-2026 00:29:34 [38;5;015m[INFO]: [0m is info flush: 1 | Thread: 418-09-2026 00:29:34 [38;5;015m[INFO]: [0m is info flush: 0 | Thread: 1018-09-2026 00:29:34 [38;5;009m[ERROR]: [0mThis is a error message from thread 1 | 2518-09-2026 00:29:34 [38;5;117m[DEBUG]: [0m is debug flush: 1 | Thread: 118-09-2026 00:29:34 [38;5;117m[DEBUG]: [0m is debug flush: 1 | Thread: 018-09-2026 00:29:34 [38;5;015m[INFO]: [0m is info flush: 1 | Thread: 1418-09-2026 00:29:34 [38;5;015m[INFO]: [0m is info flush: 0 | Thread: 1618-09-2026 00:29:34 [38;5;117m[DEBUG]: [0m is debug flush: 0 | Thread: 718-09-2026 00:29:34 [38;5;015m[INFO]: [0m is info flush: 0 | Thread: 2118-09-2026 00:29:34 [38;5;009m[ERROR]: [0mThis is a error message from thread 1 | 1418-09-2026 00:29:34 [38;5;009m[ERROR]: [0mThis is a error message from thread 0 | 518-09-2026 00:29:34 [38;5;015m[INFO]: [0m is info flush: 1 | Thread: 018-09-2026 00:29:34 [38;5;015m[INFO]: [0m is info flush: 0 | Thread: 718-09-2026 00:29:34 [38;5;009m[ERROR]: [0mThis is a error message from thread 1 | 718-09-2026 00:29:34 [38;5;009m[ERROR]: [0mThis is a error message from thread 0 | 1618-09-2026 00:29:34 [38;5;009m[ERROR]: [0mThis is a error message from thread 0 | 1718-09-2026 00:29:34 [38;5;009m[ERROR]: [0mThis is a error message from thread 1 | 218-09-2026 00:29:34 [38;5;117m[DEBUG]: [0m is debug flush: 1 | Thread: 1418-09-2026 00:29:34 [38;5;117m[DEBUG]: [0m is debug flush: 0 | Thread: 1918-09-2026 00:29:34 [38;5;117m[DEBUG]: [0m is debug flush: 1 | Thread: 218-09-2026 00:29:34 [38;5;015m[INFO]: [0m is info flush: 1 | Thread: 2818-09-2026 00:29:34 [38;5;009m[ERROR]: [0mThis is a error message from thread 1 | 2118-09-2026 00:29:34 [38;5;009m[ERROR]: [0mThis is a error message from thread 1 | 1018-09-2026 00:29:34 [38;5;009m[ERROR]: [0mThis is a error message from thread 0 | 018-09-2026 00:29:34 [38;5;009m[ERROR]: [0mThis is a error message from thread 1 | 1118-09-2026 00:29:34 [38;5;117m[DEBUG]: [0m is debug flush: 1 | Thread: 1718-09-2026 00:29:34 [38;5;015m[INFO]: [0m is info flush: 0 | Thread: 218-09-2026 00:29:34 [38;5;117m[DEBUG]: [0m is debug flush: 1 | Thread: 518-09-2026 00:29:34 [38;5;009m[ERROR]: [0mThis is a error message from thread 0 | 418-09-2026 00:29:34 [38;5;015m[INFO]: [0m is info flush: 1 | Thread: 2918-09-2026 00:29:34 [38;5;117m[DEBUG]: [0m is debug flush: 0 | Thread: 1018-09-2026 00:29:34 [38;5;009m[ERROR]: [0mThis is a error message from thread 0 | 618-09-2026 00:29:34 [38;5;117m[DEBUG]: [0m is debug flush: 0 | Thread: 2118-09-2026 00:29:34 [38;5;015m[INFO]: [0m is info flush: 0 | Thread: 1718-09-2026 00:29:34 [38;5;015m[INFO]: [0m is info flush: 1 | Thread: 1218-09-2026 00:29:34 [38;5;015m[INFO]: [0m is info flush: 0 | Thread: 1918-09-2026 00:29:34 [38;5;009m[ERROR]: [0mThis is a error message from thread 0 | 918-09-2026 00:29:34 [38;5;009m[ERROR]: [0mThis is a error message from thread 0 | 2018-09-2026 00:29:34 [38;5;015m[INFO]: [0m is info flush: 1 | Thread: 518-09-2026 00:29:34 [38;5;117m[DEBUG]: [0m is debug flush: 0 | Thread: 1118-09-2026 00:29:34 [38;5;117m[DEBUG]: [0m is debug flush: 1 | Thread: 718-09-2026 00:29:34 [38;5;117m[DEBUG]: [0m is debug flush: 0 | Thread: 1318-09-2026 00:29:34 [38;5;015m[INFO]: [0m is info flush: 1 | Thread: 2118-09-2026 00:29:34 [38;5;015m[INFO]: [0m is info flush: 0 | Thread: 1518-09-2026 00:29:34 [38;5;009m[ERROR]: [0mThis is a error message from thread 0 | 2818-09-2026 00:29:34 [38;5;117m[DEBUG]: [0m is debug flush: 1 | Thread: 2018-09-2026 00:29:34 [38;5;117m[DEBUG]: [0m is debug flush: 1 | Thread: 1618-09-2026 00:29:34 [38;5;117m[DEBUG]: [0m is debug flush: 0 | Thread: 2518-09-2026 00:29:34 [38;5;117m[DEBUG]: [0m is debug flush: 0 | Thread: 918-09-2026 00:29:34 [38;5;117m[DEBUG]: [0m is debug flush: 0 | Thread: 418-09-2026 00:29:34 [38;5;015m[INFO]: [0m is info flush: 0 | Thread: 2718-09-2026 00:29:34 [38;5;015m[INFO]: [0m is info flush: 1 | Thread: 1118-09-2026 00:29:34 [38;5;015m[INFO]: [0m is info flush: 1 | Thread: 918-09-2026 00:29:34 [38;5;015m[INFO]: [0m is info flush: 0 | Thread: 818-09-2026 00:29:34 [38;5;009m[ERROR]: [0mThis is a error message from thread 0 | 918-09-2026 00:29:34 [38;5;009m[ERROR]: [0mThis is a error message from thread 0 | 1718-09-2026 00:29:34 [38;5;009m[ERROR]: [0mThis is a error message from thread 1 | 2118-09-2026 00:29:34 [38;5;117m[DEBUG]: [0m is debug flush: 1 | Thread: 918-09-2026 00:29:34 [38;5;015m[INFO]: [0m is info flush: 1 | Thread: 418-09-2026 00:29:34 [38;5;117m[DEBUG]: [0m is debug flush: 1 | Thread: 1718-09-2026 00:29:34 [38;5;015m[INFO]: [0m is info flush: 1 | Thread: 2218-09-2026 00:29:34 [38;5;015m[INFO]: [0m is info flush: 0 | Thread: 1718-09-2026 00:29:34 [38;5;009m[ERROR]: [0mThis is a error message from thread 1 | 418-09-2026 00:29:34 [38;5;009m[ERROR]: [0mThis is a error message from thread 0 | 518-09-2026 00:29:34 [38;5;009m[ERROR]: [0mThis is a error message from thread 1 | 1518-09-2026 00:29:34 [38;5;015m[INFO]: [0m is info flush: 0 | Thread: 918-09-2026 00:29:34 [38;5;009m[ERROR]: [0mThis is a error message from thread 1 | 818-09-2026 00:29:34 [38;5;117m[DEBUG]: [0m is debug flush: 0 | Thread: 2118-09-2026 00:29:34 [38;5;009m[ERROR]: [0mThis is a error message from thread 0 | 2318-09-2026 00:29:34 [38;5;009m[ERROR]: [0mThis is a error message from thread 1 | 218-09-2026 00:29:34 [38;5;009m[ERROR]: [0mThis is a error message from thread 0 | 1918-09-2026 00:29:34 [38;5;009m[ERROR]: [0mThis is a error message from thread 1 | 2718-09-2026 00:29:34 [38;5;015m[INFO]: [0m is info flush: 0 | Thread: 1618-09-2026 00:29:34 [38;5;015m[INFO]: [0m is info flush: 1 | Thread: 2018-09-2026 00:29:34 [38;5;117m[DEBUG]: [0m is debug flush: 1 | Thread: 418-09-2026 00:29:34 [38;5;117m[DEBUG]: [0m is debug flush: 1 | Thread: 518-09-2026 00:29:34 [38;5;015m[INFO]: [0m is info flush: 1 | Thread: 1318-09-2026 00:29:34 [38;5;015m[INFO]: [0m is info flush: 0 | Thread: 1418-09-2026 00:29:34 [38;5;117m[DEBUG]: [0m is debug flush: 1 | Thread: 2418-09-2026 00:29:34 [38;5;117m[DEBUG]: [0m is debug flush: 0 | Thread: 2318-09-2026 00:29:34 [38;5;015m[INFO]: [0m is info flush: 0 | Thread: 718-09-2026 00:29:34 [38;5;009m[ERROR]: [0mThis is a error message from thread 1 | 1718-09-2026 00:29:34 [38;5;117m[DEBUG]: [0m is debug flush: 1 | Thread: 2718-09-2026 00:29:34 [38;5;015m[INFO]: [0m is info flush: 1 | Thread: 518-09-2026 00:29:34 [38;5;009m[ERROR]: [0mThis is a error message from thread 1 | 2018-09-2026 00:29:34 [38;5;009m[ERROR]: [0mThis is a error message from thread 1 | 1218-09-2026 00:29:34 [38;5;117m[DEBUG]: [0m is debug flush: 1 | Thread: 1918-09-2026 00:29:34 [38;5;117m[DEBUG]: [0m is debug flush: 0 | Thread: 2018-09-2026 00:29:34 [38;5;015m[INFO]: [0m is info flush: 1 | Thread: 118-09-2026 00:29:34 [38;5;009m[ERROR]: [0mThis is a error message from thread 0 | 718-09-2026 00:29:34 [38;5;009m[ERROR]: [0mThis is a error message from thread 1 | 1118-09-2026 00:29:34 [38;5;009m[ERROR]: [0mThis is a error message from thread 0 | 1318-09-2026 00:29:34 [38;5;117m[DEBUG]: [0m is debug flush: 1 | Thread: 718-09-2026 00:29:34 [38;5;009m[ERROR]: [0mThis is a error message from thread 1 | 1418-09-2026 00:29:34 [38;5;015m[INFO]: [0m is info flush: 0 | Thread: 2118-09-2026 00:29:34 [38;5;009m[ERROR]: [0mThis is a error message from thread 0 | 518-09-2026 00:29:34 [38;5;117m[DEBUG]: [0m is debug flush: 0 | Thread: 318-09-2026 00:29:34 [38;5;009m[ERROR]: [0mThis is a error message from thread 1 | 118-09-2026 00:29:34 [38;5;117m[DEBUG]: [0m is debug flush: 1 | Thread: 1318-09-2026 00:29:34 [38;5;015m[INFO]: [0m is info flush: 0 | Thread: 718-09-2026 00:29:34 [38;5;117m[DEBUG]: [0m is debug flush: 1 | Thread: 118-09-2026 00:29:34 [38;5;015m[INFO]: [0m is info flush: 0 | Thread: 1318-09-2026 00:29:34 [38;5;117m[DEBUG]: [0m is debug flush: 0 | Thread: 1718-09-2026 00:29:34 [38;5;117m[DEBUG]: [0m is debug flush: 1 | Thread: 2818-09-2026 00:29:34 [38;5;117m[DEBUG]: [0m is debug flush: 0 | Thread: 1118-09-2026 00:29:34 [38;5;009m[ERROR]: [0mThis is a error message from thread 1 | 918-09-2026 00:29:34 [38;5;015m[INFO]: [0m is info flush: 1 | Thread: 2818-09-2026 00:29:34 [38;5;117m[DEBUG]: [0m is debug flush: 1 | Thread: 218-09-2026 00:29:34 [38;5;009m[ERROR]: [0mThis is a error message from thread 1 | 2218-09-2026 00:29:34 [38;5;009m[ERROR]: [0mThis is a error message from thread 1 | 1618-09-2026 00:29:34 [38;5;015m[INFO]: [0m is info flush: 1 | Thread: 2018-09-2026 00:29:34 [38;5;117m[DEBUG]: [0m is debug flush: 1 | Thread: 1418-09-2026 00:29:34 [38;5;015m[INFO]: [0m is info flush: 1 | Thread: 118-09-2026 00:29:34 [38;5;015m[INFO]: [0m is info flush: 1 | Thread: 1718-09-2026 00:29:34 [38;5;009m[ERROR]: [0mThis is a error message from thread 0 | 2918-09-2026 00:29:34 [38;5;117m[DEBUG]: [0m is debug flush: 1 | Thread: 2218-09-2026 00:29:34 [38;5;015m[INFO]: [0m is info flush: 0 | Thread: 1918-09-2026 00:29:34 [38;5;117m[DEBUG]: [0m is debug flush: 0 | Thread: 918-09-2026 00:29:34 [38;5;117m[DEBUG]: [0m is debug flush: 1 | Thread: 518-09-2026 00:29:34 [38;5;009m[ERROR]: [0mThis is a error message from thread 1 | 2818-09-2026 00:29:34 [38;5;117m[DEBUG]: [0m is debug flush: 1 | Thread: 1618-09-2026 00:29:34 [38;5;117m[DEBUG]: [0m is debug flush: 1 | Thread: 2918-09-2026 00:29:34 [38;5;015m[INFO]: [0m is info flush: 1 | Thread: 918-09-2026 00:29:34 [38;5;015m[INFO]: [0m is info flush: 1 | Thread: 1618-09-2026 00:29:34 [38;5;117m[DEBUG]: [0m is debug flush: 0 | Thread: 2818-09-2026 00:29:34 [38;5;015m[INFO]: [0m is info flush: 0 | Thread: 2918-09-2026 00:29:34 [38;5;015m[INFO]: [0m is info flush: 0 | Thread: 2218-09-2026 00:29:34 [38;5;009m[ERROR]: [0mThis is a error message from thread 1 | 1718-09-2026 00:29:34 [38;5;015m[INFO]: [0m is info flush: 1 | Thread: 218-09-2026 00:29:34 [38;5;009m[ERROR]: [0mThis is a error message from thread 0 | 918-09-2026 00:29:34 [38;5;009m[ERROR]: [0mThis is a error message from thread 0 | 1918-09-2026 00:29:34 [38;5;009m[ERROR]: [0mThis is a error message from thread 1 | 1318-09-2026 00:29:34 [38;5;015m[INFO]: [0m is info flush: 1 | Thread: 1418-09-2026 00:29:34 [38;5;009m[ERROR]: [0mThis is a error message from thread 0 | 1618-09-2026 00:29:34 [38;5;009m[ERROR]: [0mThis is a error message from thread 0 | 2918-09-2026 00:29:34 [38;5;117m[DEBUG]: [0m is debug flush: 1 | Thread: 1918-09-2026 00:29:34 [38;5;117m[DEBUG]: [0m is debug flush: 0 | Thread: 1318-09-2026 00:29:34 [38;5;015m[INFO]: [0m is info flush: 0 | Thread: 1118-09-2026 00:29:34 [38;5;117m[DEBUG]: [0m is debug flush: 0 | Thread: 918-09-2026 00:29:34 [38;5;009m[ERROR]: [0mThis is a error message from thread 0 | 1418-09-2026 00:29:34 [38;5;117m[DEBUG]: [0m is debug flush: 1 | Thread: 1718-09-2026 00:29:34 [38;5;015m[INFO]: [0m is info flush: 0 | Thread: 2818-09-2026 00:29:34 [38;5;015m[INFO]: [0m is info flush: 1 | Thread: 518-09-2026 00:29:34 [38;5;117m[DEBUG]: [0m is debug flush: 1 | Thread: 2918-09-2026 00:29:34 [38;5;117m[DEBUG]: [0m is debug flush: 0 | Thread: 1618-09-2026 00:29:34 [38;5;015m[INFO]: [0m is info flush: 1 | Thread: 918-09-2026 00:29:34 [38;5;117m[DEBUG]: [0m is debug flush: 0 | Thread: 1418-09-2026 00:29:34 [38;5;015m[INFO]: [0m is info flush: 0 | Thread: 1318-09-2026 00:29:34 [38;5;015m[INFO]: [0m is info flush: 1 | Thread: 2618-09-2026 00:29:34 [38;5;015m[INFO]: [0m is info flush: 1 | Thread: 1618-09-2026 00:29:34 [38;5;009m[ERROR]: [0mThis is a error message from thread 1 | 1318-09-2026 00:29:34 [38;5;117m[DEBUG]: [0m is debug flush: 1 | Thread: 618-09-2026 00:29:34 [38;5;009m[ERROR]: [0mThis is a error message from thread 1 | 2618-09-2026 00:29:34 [38;5;117m[DEBUG]: [0m is debug flush: 1 | Thread: 1218-09-2026 00:29:34 [38;5;015m[INFO]: [0m is info flush: 0 | Thread: 2918-09-2026 00:29:34 [38;5;015m[INFO]: [0m is info flush: 1 | Thread: 1418-09-2026 00:29:34 [38;5;015m[INFO]: [0m is info flush: 1 | Thread: 2318-09-2026 00:29:34 [38;5;015m[INFO]: [0m is info flush: 1 | Thread: 1018-09-2026 00:29:34 [38;5;009m[ERROR]: [0mThis is a error message from thread 0 | 2218-09-2026 00:29:34 [38;5;009m[ERROR]: [0mThis is a error message from thread 1 | 1418-09-2026 00:29:34 [38;5;009m[ERROR]: [0mThis is a error message from thread 1 | 1018-09-2026 00:29:34 [38;5;015m[INFO]: [0m is info flush: 0 | Thread: 1718-09-2026 00:29:34 [38;5;009m[ERROR]: [0mThis is a error message from thread 0 | 2818-09-2026 00:29:34 [38;5;117m[DEBUG]: [0m is debug flush: 0 | Thread: 2218-09-2026 00:29:34 [38;5;009m[ERROR]: [0mThis is a error message from thread 0 | 518-09-2026 00:29:34 [38;5;009m[ERROR]: [0mThis is a error message from thread 0 | 2318-09-2026 00:29:34 [38;5;009m[ERROR]: [0mThis is a error message from thread 0 | 1118-09-2026 00:29:34 [38;5;117m[DEBUG]: [0m is debug flush: 1 | Thread: 1018-09-2026 00:29:34 [38;5;117m[DEBUG]: [0m is debug flush: 1 | Thread: 2318-09-2026 00:29:34 [38;5;117m[DEBUG]: [0m is debug flush: 1 | Thread: 1118-09-2026 00:29:34 [38;5;009m[ERROR]: [0mThis is a error message from thread 1 | 1718-09-2026 00:29:34 [38;5;015m[INFO]: [0m is info flush: 1 | Thread: 418-09-2026 00:29:34 [38;5;015m[INFO]: [0m is info flush: 0 | Thread: 618-09-2026 00:29:34 [38;5;015m[INFO]: [0m is info flush: 0 | Thread: 1118-09-2026 00:29:34 [38;5;015m[INFO]: [0m is info flush: 0 | Thread: 1018-09-2026 00:29:34 [38;5;009m[ERROR]: [0mThis is a error message from thread 0 | 118-09-2026 00:29:34 [38;5;009m[ERROR]: [0mThis is a error message from thread 0 | 218-09-2026 00:29:34 [38;5;015m[INFO]: [0m is info flush: 1 | Thread: 1918-09-2026 00:29:34 [38;5;117m[DEBUG]: [0m is debug flush: 0 | Thread: 1418-09-2026 00:29:34 [38;5;015m[INFO]: [0m is info flush: 1 | Thread: 2218-09-2026 00:29:34 [38;5;009m[ERROR]: [0mThis is a error message from thread 0 | 1018-09-2026 00:29:34 [38;5;009m[ERROR]: [0mThis is a error message from thread 1 | 1918-09-2026 00:29:34 [38;5;009m[ERROR]: [0mThis is a error message from thread 1 | 1118-09-2026 00:29:34 [38;5;009m[ERROR]: [0mThis is a error message from thread 0 | 1618-09-2026 00:29:34 [38;5;009m[ERROR]: [0mThis is a error message from thread 1 | 618-09-2026 00:29:34 [38;5;117m[DEBUG]: [0m is debug flush: 0 | Thread: 1318-09-2026 00:29:34 [38;5;117m[DEBUG]: [0m is debug flush: 0 | Thread: 1918-09-2026 00:29:34 [38;5;015m[INFO]: [0m is info flush: 1 | Thread: 1418-09-2026 00:29:34 [38;5;015m[INFO]: [0m is info flush: 1 | Thread: 2418-09-2026 00:29:34 [38;5;015m[INFO]: [0m is info flush: 0 | Thread: 2318-09-2026 00:29:34 [38;5;009m[ERROR]: [0mThis is a error message from thread 0 | 718-09-2026 00:29:34 [38;5;117m[DEBUG]: [0m is debug flush: 1 | Thread: 2618-09-2026 00:29:34 [38;5;117m[DEBUG]: [0m is debug flush: 1 | Thread: 218-09-2026 00:29:34 [38;5;117m[DEBUG]: [0m is debug flush: 1 | Thread: 618-09-2026 00:29:34 [38;5;009m[ERROR]: [0mThis is a error message from thread 0 | 2218-09-2026 00:29:34 [38;5;015m[INFO]: [0m is info flush: 0 | Thread: 1918-09-2026 00:29:34 [38;5;117m[DEBUG]: [0m is debug flush: 1 | Thread: 1018-09-2026 00:29:34 [38;5;009m[ERROR]: [0mThis is a error message from thread 1 | 1818-09-2026 00:29:34 [38;5;117m[DEBUG]: [0m is debug flush: 1 | Thread: 818-09-2026 00:29:34 [38;5;117m[DEBUG]: [0m is debug flush: 0 | Thread: 118-09-2026 00:29:34 [38;5;009m[ERROR]: [0mThis is a error message from thread 0 | 2118-09-2026 00:29:34 [38;5;015m[INFO]: [0m is info flush: 1 | Thread: 1218-09-2026 00:29:34 [38;5;015m[INFO]: [0m is info flush: 1 | Thread: 2618-09-2026 00:29:34 [38;5;117m[DEBUG]: [0m is debug flush: 1 | Thread: 1618-09-2026 00:29:34 [38;5;015m[INFO]: [0m is info flush: 0 | Thread: 1018-09-2026 00:29:34 [38;5;117m[DEBUG]: [0m is debug flush: 0 | Thread: 1518-09-2026 00:29:34 [38;5;015m[INFO]: [0m is info flush: 1 | Thread: 1618-09-2026 00:29:34 [38;5;117m[DEBUG]: [0m is debug flush: 1 | Thread: 2118-09-2026 00:29:34 [38;5;009m[ERROR]: [0mThis is a error message from thread 0 | 1418-09-2026 00:29:34 [38;5;117m[DEBUG]: [0m is debug flush: 0 | Thread: 1818-09-2026 00:29:34 [38;5;117m[DEBUG]: [0m is debug flush: 1 | Thread: 1718-09-2026 00:29:34 [38;5;117m[DEBUG]: [0m is debug flush: 0 | Thread: 1118-09-2026 00:29:34 [38;5;117m[DEBUG]: [0m is debug flush: 1 | Thread: 718-09-2026 00:29:34 [38;5;009m[ERROR]: [0mThis is a error message from thread 0 | 2018-09-2026 00:29:34 [38;5;015m[INFO]: [0m is info flush: 1 | Thread: 618-09-2026 00:29:34 [38;5;009m[ERROR]: [0mThis is a error message from thread 1 | 1618-09-2026 00:29:34 [38;5;117m[DEBUG]: [0m is debug flush: 1 | Thread: 2018-09-2026 00:29:34 [38;5;117m[DEBUG]: [0m is debug flush: 0 | Thread: 2218-09-2026 00:29:34 [38;5;015m[INFO]: [0m is info flush: 1 | Thread: 1718-09-2026 00:29:34 [38;5;015m[INFO]: [0m is info flush: 0 | Thread: 1818-09-2026 00:29:34 [38;5;015m[INFO]: [0m is info flush: 0 | Thread: 1318-09-2026 00:29:34 [38;5;015m[INFO]: [0m is info flush: 1 | Thread: 818-09-2026 00:29:34 [38;5;009m[ERROR]: [0mThis is a error message from thread 0 | 1718-09-2026 00:29:34 [38;5;009m[ERROR]: [0mThis is a error message from thread 1 | 2318-09-2026 00:29:34 [38;5;015m[INFO]: [0m is info flush: 0 | Thread: 1118-09-2026 00:29:34 [38;5;117m[DEBUG]: [0m is debug flush: 1 | Thread: 2318-09-2026 00:29:34 [38;5;015m[INFO]: [0m is info flush: 1 | Thread: 2218-09-2026 00:29:34 [38;5;009m[ERROR]: [0mThis is a error message from thread 1 | 1118-09-2026 00:29:34 [38;5;009m[ERROR]: [0mThis is a error message from thread 1 | 1318-09-2026 00:29:34 [38;5;015m[INFO]: [0m is info flush: 0 | Thread: 2018-09-2026 00:29:34 [38;5;009m[ERROR]: [0mThis is a error message from thread 0 | 918-09-2026 00:29:34 [38;5;009m[ERROR]: [0mThis is a error message from thread 0 | 1218-09-2026 00:29:34 [38;5;015m[INFO]: [0m is info flush: 1 | Thread: 1518-09-2026 00:29:34 [38;5;009m[ERROR]: [0mThis is a error message from thread 0 | 618-09-2026 00:29:34 [38;5;117m[DEBUG]: [0m is debug flush: 1 | Thread: 1118-09-2026 00:29:34 [38;5;015m[INFO]: [0m is info flush: 0 | Thread: 2318-09-2026 00:29:34 [38;5;117m[DEBUG]: [0m is debug flush: 0 | Thread: 1718-09-2026 00:29:34 [38;5;009m[ERROR]: [0mThis is a error message from thread 0 | 2218-09-2026 00:29:34 [38;5;009m[ERROR]: [0mThis is a error message from thread 1 | 1818-09-2026 00:29:34 [38;5;015m[INFO]: [0m is info flush: 0 | Thread: 2718-09-2026 00:29:34 [38;5;117m[DEBUG]: [0m is debug flush: 0 | Thread: 1218-09-2026 00:29:34 [38;5;009m[ERROR]: [0mThis is a error message from thread 0 | 1518-09-2026 00:29:34 [38;5;009m[ERROR]: [0mThis is a error message from thread 1 | 2918-09-2026 00:29:34 [38;5;117m[DEBUG]: [0m is debug flush: 1 | Thread: 2918-09-2026 00:29:34 [38;5;009m[ERROR]: [0mThis is a error message from thread 0 | 2018-09-2026 00:29:34 [38;5;117m[DEBUG]: [0m is debug flush: 1 | Thread: 1318-09-2026 00:29:34 [38;5;009m[ERROR]: [0mThis is a error message from thread 1 | 2718-09-2026 00:29:34 [38;5;009m[ERROR]: [0mThis is a error message from thread 0 | 2318-09-2026 00:29:34 [38;5;117m[DEBUG]: [0m is debug flush: 1 | Thread: 1818-09-2026 00:29:34 [38;5;117m[DEBUG]: [0m is debug flush: 0 | Thread: 2318-09-2026 00:29:34 [38;5;117m[DEBUG]: [0m is debug flush: 1 | Thread: 2018-09-2026 00:29:34 [38;5;015m[INFO]: [0m is info flush: 1 | Thread: 1318-09-2026 00:29:34 [38;5;015m[INFO]: [0m is info flush: 1 | Thread: 1718-09-2026 00:29:34 [38;5;117m[DEBUG]: [0m is debug flush: 1 | Thread: 618-09-2026 00:29:34 [38;5;015m[INFO]: [0m is info flush: 0 | Thread: 2318-09-2026 00:29:34 [38;5;117m[DEBUG]: [0m is debug flush: 1 | Thread: 1518-09-2026 00:29:34 [38;5;015m[INFO]: [0m is info flush: 1 | Thread: 218-09-2026 00:29:34 [38;5;117m[DEBUG]: [0m is debug flush: 0 | Thread: 2718-09-2026 00:29:34 [38;5;015m[INFO]: [0m is info flush: 1 | Thread: 618-09-2026 00:29:34 [38;5;117m[DEBUG]: [0m is debug flush: 1 | Thread: 2818-09-2026 00:29:34 [38;5;009m[ERROR]: [0mThis is a error message from thread 0 | 2618-09-2026 00:29:34 [38;5;009m[ERROR]: [0mThis is a error message from thread 1 | 2418-09-2026 00:29:34 [38;5;117m[DEBUG]: [0m is debug flush: 1 | Thread: 1418-09-2026 00:29:34 [38;5;009m[ERROR]: [0mThis is a error message from thread 1 | 418-09-2026 00:29:34 [38;5;009m[ERROR]: [0mThis is a error message from thread 1 | 218-09-2026 00:29:34 [38;5;015m[INFO]: [0m is info flush: 0 | Thread: 718-09-2026 00:29:34 [38;5;015m[INFO]: [0m is info flush: 1 | Thread: 118-09-2026 00:29:34 [38;5;009m[ERROR]: [0mThis is a error message from thread 0 | 618-09-2026 00:29:34 [38;5;015m[INFO]: [0m is info flush: 0 | Thread: 1518-09-2026 00:29:34 [38;5;015m[INFO]: [0m is info flush: 1 | Thread: 2518-09-2026 00:29:34 [38;5;015m[INFO]: [0m is info flush: 1 | Thread: 1418-09-2026 00:29:34 [38;5;009m[ERROR]: [0mThis is a error message from thread 0 | 1318-09-2026 00:29:34 [38;5;015m[INFO]: [0m is info flush: 1 | Thread: 2018-09-2026 00:29:34 [38;5;009m[ERROR]: [0mThis is a error message from thread 1 | 1918-09-2026 00:29:34 [38;5;015m[INFO]: [0m is info flush: 0 | Thread: 1218-09-2026 00:29:34 [38;5;117m[DEBUG]: [0m is debug flush: 1 | Thread: 2618-09-2026 00:29:34 [38;5;015m[INFO]: [0m is info flush: 1 | Thread: 1818-09-2026 00:29:34 [38;5;117m[DEBUG]: [0m is debug flush: 0 | Thread: 1318-09-2026 00:29:34 [38;5;117m[DEBUG]: [0m is debug flush: 1 | Thread: 618-09-2026 00:29:34 [38;5;009m[ERROR]: [0mThis is a error message from thread 0 | 1518-09-2026 00:29:34 [38;5;117m[DEBUG]: [0m is debug flush: 0 | Thread: 218-09-2026 00:29:34 [38;5;009m[ERROR]: [0mThis is a error message from thread 1 | 1018-09-2026 00:29:34 [38;5;015m[INFO]: [0m is info flush: 1 | Thread: 2618-09-2026 00:29:34 [38;5;015m[INFO]: [0m is info flush: 1 | Thread: 618-09-2026 00:29:34 [38;5;009m[ERROR]: [0mThis is a error message from thread 0 | 1418-09-2026 00:29:34 [38;5;009m[ERROR]: [0mThis is a error message from thread 0 | 1218-09-2026 00:29:34 [38;5;009m[ERROR]: [0mThis is a error message from thread 1 | 2018-09-2026 00:29:34 [38;5;015m[INFO]: [0m is info flush: 0 | Thread: 1118-09-2026 00:29:34 [38;5;015m[INFO]: [0m is info flush: 1 | Thread: 2918-09-2026 00:29:34 [38;5;015m[INFO]: [0m is info flush: 1 | Thread: 218-09-2026 00:29:34 [38;5;009m[ERROR]: [0mThis is a error message from thread 0 | 1818-09-2026 00:29:34 [38;5;117m[DEBUG]: [0m is debug flush: 0 | Thread: 1418-09-2026 00:29:34 [38;5;009m[ERROR]: [0mThis is a error message from thread 1 | 218-09-2026 00:29:34 [38;5;117m[DEBUG]: [0m is debug flush: 0 | Thread: 1218-09-2026 00:29:34 [38;5;009m[ERROR]: [0mThis is a error message from thread 0 | 618-09-2026 00:29:34 [38;5;009m[ERROR]: [0mThis is a error message from thread 1 | 2618-09-2026 00:29:34 [38;5;009m[ERROR]: [0mThis is a error message from thread 1 | 2318-09-2026 00:29:34 [38;5;015m[INFO]: [0m is info flush: 0 | Thread: 1318-09-2026 00:29:34 [38;5;015m[INFO]: [0m is info flush: 0 | Thread: 318-09-2026 00:29:34 [38;5;009m[ERROR]: [0mThis is a error message from thread 1 | 2918-09-2026 00:29:34 [38;5;015m[INFO]: [0m is info flush: 0 | Thread: 2118-09-2026 00:29:34 [38;5;015m[INFO]: [0m is info flush: 1 | Thread: 1418-09-2026 00:29:34 [38;5;117m[DEBUG]: [0m is debug flush: 0 | Thread: 2018-09-2026 00:29:34 [38;5;009m[ERROR]: [0mThis is a error message from thread 1 | 1718-09-2026 00:29:34 [38;5;117m[DEBUG]: [0m is debug flush: 1 | Thread: 2918-09-2026 00:29:34 [38;5;015m[INFO]: [0m is info flush: 0 | Thread: 1218-09-2026 00:29:34 [38;5;117m[DEBUG]: [0m is debug flush: 0 | Thread: 2318-09-2026 00:29:34 [38;5;009m[ERROR]: [0mThis is a error message from thread 1 | 718-09-2026 00:29:34 [38;5;009m[ERROR]: [0mThis is a error message from thread 0 | 1418-09-2026 00:29:34 [38;5;009m[ERROR]: [0mThis is a error message from thread 0 | 318-09-2026 00:29:34 [38;5;009m[ERROR]: [0mThis is a error message from thread 0 | 2118-09-2026 00:29:34 [38;5;117m[DEBUG]: [0m is debug flush: 1 | Thread: 1018-09-2026 00:29:34 [38;5;117m[DEBUG]: [0m is debug flush: 1 | Thread: 718-09-2026 00:29:34 [38;5;117m[DEBUG]: [0m is debug flush: 1 | Thread: 1518-09-2026 00:29:34 [38;5;009m[ERROR]: [0mThis is a error message from thread 1 | 818-09-2026 00:29:34 [38;5;117m[DEBUG]: [0m is debug flush: 1 | Thread: 1718-09-2026 00:29:34 [38;5;117m[DEBUG]: [0m is debug flush: 0 | Thread: 2118-09-2026 00:29:34 [38;5;009m[ERROR]: [0mThis is a error message from thread 0 | 1318-09-2026 00:29:34 [38;5;117m[DEBUG]: [0m is debug flush: 1 | Thread: 1818-09-2026 00:29:34 [38;5;009m[ERROR]: [0mThis is a error message from thread 0 | 118-09-2026 00:29:34 [38;5;015m[INFO]: [0m is info flush: 1 | Thread: 2818-09-2026 00:29:34 [38;5;015m[INFO]: [0m is info flush: 1 | Thread: 2318-09-2026 00:29:34 [38;5;015m[INFO]: [0m is info flush: 1 | Thread: 2918-09-2026 00:29:34 [38;5;015m[INFO]: [0m is info flush: 1 | Thread: 1718-09-2026 00:29:34 [38;5;117m[DEBUG]: [0m is debug flush: 1 | Thread: 2418-09-2026 00:29:34 [38;5;015m[INFO]: [0m is info flush: 0 | Thread: 2118-09-2026 00:29:34 [38;5;009m[ERROR]: [0mThis is a error message from thread 0 | 2318-09-2026 00:29:34 [38;5;117m[DEBUG]: [0m is debug flush: 1 | Thread: 818-09-2026 00:29:34 [38;5;009m[ERROR]: [0mThis is a error message from thread 1 | 2818-09-2026 00:29:34 [38;5;009m[ERROR]: [0mThis is a error message from thread 1 | 1218-09-2026 00:29:34 [38;5;015m[INFO]: [0m is info flush: 0 | Thread: 2718-09-2026 00:29:34 [38;5;117m[DEBUG]: [0m is debug flush: 0 | Thread: 2818-09-2026 00:29:34 [38;5;015m[INFO]: [0m is info flush: 0 | Thread: 818-09-2026 00:29:34 [38;5;009m[ERROR]: [0mThis is a error message from thread 1 | 2118-09-2026 00:29:34 [38;5;117m[DEBUG]: [0m is debug flush: 1 | Thread: 1918-09-2026 00:29:34 [38;5;117m[DEBUG]: [0m is debug flush: 1 | Thread: 2318-09-2026 00:29:34 [38;5;015m[INFO]: [0m is info flush: 0 | Thread: 2418-09-2026 00:29:34 [38;5;009m[ERROR]: [0mThis is a error message from thread 0 | 818-09-2026 00:29:34 [38;5;015m[INFO]: [0m is info flush: 1 | Thread: 2318-09-2026 00:29:34 [38;5;009m[ERROR]: [0mThis is a error message from thread 0 | 2918-09-2026 00:29:34 [38;5;117m[DEBUG]: [0m is debug flush: 0 | Thread: 418-09-2026 00:29:34 [38;5;015m[INFO]: [0m is info flush: 0 | Thread: 2818-09-2026 00:29:34 [38;5;117m[DEBUG]: [0m is debug flush: 1 | Thread: 2618-09-2026 00:29:34 [38;5;015m[INFO]: [0m is info flush: 0 | Thread: 2018-09-2026 00:29:34 [38;5;015m[INFO]: [0m is info flush: 1 | Thread: 718-09-2026 00:29:34 [38;5;009m[ERROR]: [0mThis is a error message from thread 0 | 2418-09-2026 00:29:34 [38;5;117m[DEBUG]: [0m is debug flush: 0 | Thread: 918-09-2026 00:29:34 [38;5;009m[ERROR]: [0mThis is a error message from thread 0 | 2718-09-2026 00:29:34 [38;5;015m[INFO]: [0m is info flush: 0 | Thread: 418-09-2026 00:29:34 [38;5;117m[DEBUG]: [0m is debug flush: 0 | Thread: 1318-09-2026 00:29:34 [38;5;117m[DEBUG]: [0m is debug flush: 1 | Thread: 2218-09-2026 00:29:34 [38;5;117m[DEBUG]: [0m is debug flush: 0 | Thread: 318-09-2026 00:29:34 [38;5;009m[ERROR]: [0mThis is a error message from thread 0 | 2818-09-2026 00:29:34 [38;5;009m[ERROR]: [0mThis is a error message from thread 1 | 2318-09-2026 00:29:34 [38;5;015m[INFO]: [0m is info flush: 1 | Thread: 918-09-2026 00:29:34 [38;5;015m[INFO]: [0m is info flush: 0 | Thread: 2218-09-2026 00:29:34 [38;5;117m[DEBUG]: [0m is debug flush: 1 | Thread: 2318-09-2026 00:29:34 [38;5;009m[ERROR]: [0mThis is a error message from thread 0 | 2018-09-2026 00:29:34 [38;5;117m[DEBUG]: [0m is debug flush: 1 | Thread: 2418-09-2026 00:29:34 [38;5;009m[ERROR]: [0mThis is a error message from thread 0 | 918-09-2026 00:29:34 [38;5;117m[DEBUG]: [0m is debug flush: 0 | Thread: 1218-09-2026 00:29:34 [38;5;015m[INFO]: [0m is info flush: 0 | Thread: 1818-09-2026 00:29:34 [38;5;015m[INFO]: [0m is info flush: 1 | Thread: 1318-09-2026 00:29:34 [38;5;009m[ERROR]: [0mThis is a error message from thread 1 | 718-09-2026 00:29:34 [38;5;117m[DEBUG]: [0m is debug flush: 0 | Thread: 918-09-2026 00:29:34 [38;5;015m[INFO]: [0m is info flush: 1 | Thread: 318-09-2026 00:29:34 [38;5;015m[INFO]: [0m is info flush: 1 | Thread: 1018-09-2026 00:29:34 [38;5;015m[INFO]: [0m is info flush: 0 | Thread: 2618-09-2026 00:29:34 [38;5;015m[INFO]: [0m is info flush: 0 | Thread: 1918-09-2026 00:29:34 [38;5;015m[INFO]: [0m is info flush: 1 | Thread: 1218-09-2026 00:29:34 [38;5;009m[ERROR]: [0mThis is a error message from thread 1 | 1118-09-2026 00:29:34 [38;5;009m[ERROR]: [0mThis is a error message from thread 1 | 2518-09-2026 00:29:34 [38;5;117m[DEBUG]: [0m is debug flush: 1 | Thread: 2918-09-2026 00:29:34 [38;5;009m[ERROR]: [0mThis is a error message from thread 1 | 418-09-2026 00:29:34 [38;5;009m[ERROR]: [0mThis is a error message from thread 0 | 1218-09-2026 00:29:34 [38;5;009m[ERROR]: [0mThis is a error message from thread 0 | 1918-09-2026 00:29:34 [38;5;015m[INFO]: [0m is info flush: 1 | Thread: 1518-09-2026 00:29:34 [38;5;015m[INFO]: [0m is info flush: 0 | Thread: 2918-09-2026 00:29:34 [38;5;009m[ERROR]: [0mThis is a error message from thread 0 | 1318-09-2026 00:29:34 [38;5;117m[DEBUG]: [0m is debug flush: 0 | Thread: 118-09-2026 00:29:34 [38;5;117m[DEBUG]: [0m is debug flush: 0 | Thread: 2718-09-2026 00:29:34 [38;5;117m[DEBUG]: [0m is debug flush: 0 | Thread: 2118-09-2026 00:29:34 [38;5;117m[DEBUG]: [0m is debug flush: 0 | Thread: 818-09-2026 00:29:34 [38;5;009m[ERROR]: [0mThis is a error message from thread 0 | 1018-09-2026 00:29:34 [38;5;117m[DEBUG]: [0m is debug flush: 0 | Thread: 2818-09-2026 00:29:34 [38;5;117m[DEBUG]: [0m is debug flush: 1 | Thread: 718-09-2026 00:29:34 [38;5;015m[INFO]: [0m is info flush: 1 | Thread: 2318-09-2026 00:29:34 [38;5;117m[DEBUG]: [0m is debug flush: 1 | Thread: 1118-09-2026 00:29:34 [38;5;015m[INFO]: [0m is info flush: 1 | Thread: 118-09-2026 00:29:34 [38;5;009m[ERROR]: [0mThis is a error message from thread 1 | 1518-09-2026 00:29:34 [38;5;117m[DEBUG]: [0m is debug flush: 0 | Thread: 2518-09-2026 00:29:34 [38;5;117m[DEBUG]: [0m is debug flush: 0 | Thread: 418-09-2026 00:29:34 [38;5;015m[INFO]: [0m is info flush: 1 | Thread: 1118-09-2026 00:29:34 [38;5;009m[ERROR]: [0mThis is a error message from thread 0 | 2318-09-2026 00:29:34 [38;5;009m[ERROR]: [0mThis is a error message from thread 1 | 2218-09-2026 00:29:34 [38;5;009m[ERROR]: [0mThis is a error message from thread 1 | 1718-09-2026 00:29:34 [38;5;015m[INFO]: [0m is info flush: 1 | Thread: 718-09-2026 00:29:34 [38;5;117m[DEBUG]: [0m is debug flush: 0 | Thread: 2318-09-2026 00:29:34 [38;5;015m[INFO]: [0m is info flush: 0 | Thread: 818-09-2026 00:29:34 [38;5;015m[INFO]: [0m is info flush: 0 | Thread: 2118-09-2026 00:29:34 [38;5;009m[ERROR]: [0mThis is a error message from thread 1 | 818-09-2026 00:29:34 [38;5;009m[ERROR]: [0mThis is a error message from thread 0 | 718-09-2026 00:29:34 [38;5;117m[DEBUG]: [0m is debug flush: 1 | Thread: 718-09-2026 00:29:34 [38;5;009m[ERROR]: [0mThis is a error message from thread 1 | 2918-09-2026 00:29:34 [38;5;009m[ERROR]: [0mThis is a error message from thread 1 | 2118-09-2026 00:29:34 [38;5;015m[INFO]: [0m is info flush: 0 | Thread: 718-09-2026 00:29:34 [38;5;009m[ERROR]: [0mThis is a error message from thread 1 | 1118-09-2026 00:29:34 [38;5;015m[INFO]: [0m is info flush: 1 | Thread: 2318-09-2026 00:29:34 [38;5;117m[DEBUG]: [0m is debug flush: 0 | Thread: 818-09-2026 00:29:34 [38;5;117m[DEBUG]: [0m is debug flush: 1 | Thread: 1918-09-2026 00:29:34 [38;5;117m[DEBUG]: [0m is debug flush: 1 | Thread: 2218-09-2026 00:29:34 [38;5;015m[INFO]: [0m is info flush: 1 | Thread: 2818-09-2026 00:29:34 [38;5;015m[INFO]: [0m is info flush: 0 | Thread: 818-09-2026 00:29:34 [38;5;117m[DEBUG]: [0m is debug flush: 0 | Thread: 2118-09-2026 00:29:34 [38;5;009m[ERROR]: [0mThis is a error message from thread 0 | 818-09-2026 00:29:34 [38;5;015m[INFO]: [0m is info flush: 1 | Thread: 1918-09-2026 00:29:34 [38;5;009m[ERROR]: [0mThis is a error message from thread 0 | 718-09-2026 00:29:34 [38;5;009m[ERROR]: [0mThis is a error message from thread 1 | 2318-09-2026 00:29:34 [38;5;117m[DEBUG]: [0m is debug flush: 1 | Thread: 718-09-2026 00:29:34 [38;5;117m[DEBUG]: [0m is debug flush: 0 | Thread: 1018-09-2026 00:29:34 [38;5;117m[DEBUG]: [0m is debug flush: 1 | Thread: 2018-09-2026 00:29:34 [38;5;015m[INFO]: [0m is info flush: 0 | Thread: 2718-09-2026 00:29:34 [38;5;015m[INFO]: [0m is info flush: 1 | Thread: 418-09-2026 00:29:34 [38;5;009m[ERROR]: [0mThis is a error message from thread 1 | 1818-09-2026 00:29:34 [38;5;117m[DEBUG]: [0m is debug flush: 0 | Thread: 818-09-2026 00:29:34 [38;5;015m[INFO]: [0m is info flush: 0 | Thread: 2518-09-2026 00:29:34 [38;5;009m[ERROR]: [0mThis is a error message from thread 1 | 118-09-2026 00:29:34 [38;5;009m[ERROR]: [0mThis is a error message from thread 1 | 1918-09-2026 00:29:34 [38;5;117m[DEBUG]: [0m is debug flush: 0 | Thread: 1518-09-2026 00:29:34 [38;5;015m[INFO]: [0m is info flush: 0 | Thread: 718-09-2026 00:29:34 [38;5;009m[ERROR]: [0mThis is a error message from thread 0 | 2618-09-2026 00:29:34 [38;5;117m[DEBUG]: [0m is debug flush: 0 | Thread: 1818-09-2026 00:29:34 [38;5;015m[INFO]: [0m is info flush: 0 | Thread: 818-09-2026 00:29:34 [38;5;015m[INFO]: [0m is info flush: 1 | Thread: 2118-09-2026 00:29:34 [38;5;009m[ERROR]: [0mThis is a error message from thread 1 | 2818-09-2026 00:29:34 [38;5;015m[INFO]: [0m is info flush: 0 | Thread: 1818-09-2026 00:29:34 [38;5;009m[ERROR]: [0mThis is a error message from thread 1 | 818-09-2026 00:29:34 [38;5;117m[DEBUG]: [0m is debug flush: 1 | Thread: 1918-09-2026 00:29:34 [38;5;009m[ERROR]: [0mThis is a error message from thread 1 | 318-09-2026 00:29:34 [38;5;015m[INFO]: [0m is info flush: 0 | Thread: 1018-09-2026 00:29:34 [38;5;117m[DEBUG]: [0m is debug flush: 1 | Thread: 1118-09-2026 00:29:34 [38;5;009m[ERROR]: [0mThis is a error message from thread 1 | 2518-09-2026 00:29:34 [38;5;015m[INFO]: [0m is info flush: 1 | Thread: 2418-09-2026 00:29:34 [38;5;015m[INFO]: [0m is info flush: 1 | Thread: 1518-09-2026 00:29:34 [38;5;015m[INFO]: [0m is info flush: 1 | Thread: 918-09-2026 00:29:34 [38;5;015m[INFO]: [0m is info flush: 1 | Thread: 2218-09-2026 00:29:34 [38;5;009m[ERROR]: [0mThis is a error message from thread 0 | 2718-09-2026 00:29:34 [38;5;117m[DEBUG]: [0m is debug flush: 1 | Thread: 2518-09-2026 00:29:34 [38;5;009m[ERROR]: [0mThis is a error message from thread 1 | 1818-09-2026 00:29:34 [38;5;009m[ERROR]: [0mThis is a error message from thread 0 | 2118-09-2026 00:29:34 [38;5;009m[ERROR]: [0mThis is a error message from thread 1 | 1018-09-2026 00:29:34 [38;5;015m[INFO]: [0m is info flush: 0 | Thread: 1918-09-2026 00:29:34 [38;5;009m[ERROR]: [0mThis is a error message from thread 0 | 918-09-2026 00:29:34 [38;5;009m[ERROR]: [0mThis is a error message from thread 0 | 418-09-2026 00:29:34 [38;5;015m[INFO]: [0m is info flush: 1 | Thread: 2518-09-2026 00:29:34 [38;5;117m[DEBUG]: [0m is debug flush: 0 | Thread: 2118-09-2026 00:29:34 [38;5;117m[DEBUG]: [0m is debug flush: 0 | Thread: 818-09-2026 00:29:34 [38;5;015m[INFO]: [0m is info flush: 1 | Thread: 818-09-2026 00:29:34 [38;5;015m[INFO]: [0m is info flush: 1 | Thread: 2118-09-2026 00:29:34 [38;5;009m[ERROR]: [0mThis is a error message from thread 1 | 818-09-2026 00:29:34 [38;5;117m[DEBUG]: [0m is debug flush: 1 | Thread: 2718-09-2026 00:29:34 [38;5;009m[ERROR]: [0mThis is a error message from thread 0 | 2118-09-2026 00:29:34 [38;5;009m[ERROR]: [0mThis is a error message from thread 0 | 2218-09-2026 00:29:34 [38;5;015m[INFO]: [0m is info flush: 0 | Thread: 2718-09-2026 00:29:34 [38;5;117m[DEBUG]: [0m is debug flush: 0 | Thread: 118-09-2026 00:29:34 [38;5;015m[INFO]: [0m is info flush: 1 | Thread: 1118-09-2026 00:29:34 [38;5;009m[ERROR]: [0mThis is a error message from thread 0 | 2718-09-2026 00:29:34 [38;5;015m[INFO]: [0m is info flush: 0 | Thread: 2018-09-2026 00:29:34 [38;5;009m[ERROR]: [0mThis is a error message from thread 0 | 2518-09-2026 00:29:34 [38;5;117m[DEBUG]: [0m is debug flush: 1 | Thread: 2218-09-2026 00:29:34 [38;5;117m[DEBUG]: [0m is debug flush: 1 | Thread: 2118-09-2026 00:29:34 [38;5;117m[DEBUG]: [0m is debug flush: 1 | Thread: 1018-09-2026 00:29:34 [38;5;117m[DEBUG]: [0m is debug flush: 1 | Thread: 418-09-2026 00:29:34 [38;5;015m[INFO]: [0m is info flush: 0 | Thread: 2118-09-2026 00:29:34 [38;5;117m[DEBUG]: [0m is debug flush: 0 | Thread: 2718-09-2026 00:29:34 [38;5;015m[INFO]: [0m is info flush: 0 | Thread: 1018-09-2026 00:29:34 [38;5;117m[DEBUG]: [0m is debug flush: 1 | Thread: 918-09-2026 00:29:34 [38;5;015m[INFO]: [0m is info flush: 0 | Thread: 118-09-2026 00:29:34 [38;5;009m[ERROR]: [0mThis is a error message from thread 1 | 2418-09-2026 00:29:34 [38;5;015m[INFO]: [0m is info flush: 1 | Thread: 418-09-2026 00:29:34 [38;5;117m[DEBUG]: [0m is debug flush: 1 | Thread: 2618-09-2026 00:29:34 [38;5;117m[DEBUG]: [0m is debug flush: 1 | Thread: 1818-09-2026 00:29:34 [38;5;015m[INFO]: [0m is info flush: 0 | Thread: 918-09-2026 00:29:34 [38;5;117m[DEBUG]: [0m is debug flush: 0 | Thread: 2418-09-2026 00:29:34 [38;5;009m[ERROR]: [0mThis is a error message from thread 1 | 718-09-2026 00:29:34 [38;5;117m[DEBUG]: [0m is debug flush: 1 | Thread: 2518-09-2026 00:29:34 [38;5;009m[ERROR]: [0mThis is a error message from thread 1 | 918-09-2026 00:29:34 [38;5;009m[ERROR]: [0mThis is a error message from thread 1 | 2118-09-2026 00:29:34 [38;5;015m[INFO]: [0m is info flush: 0 | Thread: 2618-09-2026 00:29:34 [38;5;117m[DEBUG]: [0m is debug flush: 0 | Thread: 918-09-2026 00:29:34 [38;5;117m[DEBUG]: [0m is debug flush: 0 | Thread: 818-09-2026 00:29:34 [38;5;009m[ERROR]: [0mThis is a error message from thread 1 | 2618-09-2026 00:29:34 [38;5;015m[INFO]: [0m is info flush: 1 | Thread: 818-09-2026 00:29:34 [38;5;015m[INFO]: [0m is info flush: 1 | Thread: 2518-09-2026 00:29:34 [38;5;009m[ERROR]: [0mThis is a error message from thread 0 | 118-09-2026 00:29:34 [38;5;117m[DEBUG]: [0m is debug flush: 0 | Thread: 2618-09-2026 00:29:34 [38;5;009m[ERROR]: [0mThis is a error message from thread 1 | 818-09-2026 00:29:34 [38;5;015m[INFO]: [0m is info flush: 1 | Thread: 2218-09-2026 00:29:34 [38;5;009m[ERROR]: [0mThis is a error message from thread 1 | 2518-09-2026 00:29:34 [38;5;117m[DEBUG]: [0m is debug flush: 0 | Thread: 118-09-2026 00:29:34 [38;5;009m[ERROR]: [0mThis is a error message from thread 1 | 1518-09-2026 00:29:34 [38;5;117m[DEBUG]: [0m is debug flush: 1 | Thread: 2518-09-2026 00:29:34 [38;5;015m[INFO]: [0m is info flush: 0 | Thread: 1818-09-2026 00:29:34 [38;5;009m[ERROR]: [0mThis is a error message from thread 0 | 418-09-2026 00:29:34 [38;5;015m[INFO]: [0m is info flush: 0 | Thread: 2518-09-2026 00:29:34 [38;5;009m[ERROR]: [0mThis is a error message from thread 1 | 1118-09-2026 00:29:34 [38;5;009m[ERROR]: [0mThis is a error message from thread 0 | 2518-09-2026 00:29:34 [38;5;009m[ERROR]: [0mThis is a error message from thread 0 | 1018-09-2026 00:29:34 [38;5;009m[ERROR]: [0mThis is a error message from thread 1 | 2018-09-2026 00:29:34 [38;5;117m[DEBUG]: [0m is debug flush: 1 | Thread: 1118-09-2026 00:29:34 [38;5;117m[DEBUG]: [0m is debug flush: 1 | Thread: 2518-09-2026 00:29:34 [38;5;117m[DEBUG]: [0m is debug flush: 0 | Thread: 1018-09-2026 00:29:34 [38;5;117m[DEBUG]: [0m is debug flush: 0 | Thread: 2018-09-2026 00:29:34 [38;5;015m[INFO]: [0m is info flush: 0 | Thread: 1118-09-2026 00:29:34 [38;5;015m[INFO]: [0m is info flush: 1 | Thread: 118-09-2026 00:29:34 [38;5;015m[INFO]: [0m is info flush: 0 | Thread: 1018-09-2026 00:29:34 [38;5;009m[ERROR]: [0mThis is a error message from thread 1 | 1818-09-2026 00:29:34 [38;5;009m[ERROR]: [0mThis is a error message from thread 0 | 1118-09-2026 00:29:34 [38;5;009m[ERROR]: [0mThis is a error message from thread 1 | 118-09-2026 00:29:34 [38;5;117m[DEBUG]: [0m is debug flush: 1 | Thread: 1818-09-2026 00:29:34 [38;5;015m[INFO]: [0m is info flush: 0 | Thread: 2618-09-2026 00:29:34 [38;5;015m[INFO]: [0m is info flush: 0 | Thread: 1818-09-2026 00:29:34 [38;5;015m[INFO]: [0m is info flush: 0 | Thread: 2418-09-2026 00:29:34 [38;5;015m[INFO]: [0m is info flush: 0 | Thread: 2018-09-2026 00:29:34 [38;5;009m[ERROR]: [0mThis is a error message from thread 1 | 2218-09-2026 00:29:34 [38;5;117m[DEBUG]: [0m is debug flush: 0 | Thread: 418-09-2026 00:29:34 [38;5;015m[INFO]: [0m is info flush: 0 | Thread: 2518-09-2026 00:29:34 [38;5;009m[ERROR]: [0mThis is a error message from thread 1 | 1818-09-2026 00:29:34 [38;5;015m[INFO]: [0m is info flush: 0 | Thread: 2718-09-2026 00:29:34 [38;5;009m[ERROR]: [0mThis is a error message from thread 0 | 2618-09-2026 00:29:34 [38;5;015m[INFO]: [0m is info flush: 0 | Thread: 418-09-2026 00:29:34 [38;5;009m[ERROR]: [0mThis is a error message from thread 0 | 2018-09-2026 00:29:34 [38;5;009m[ERROR]: [0mThis is a error message from thread 1 | 2518-09-2026 00:29:34 [38;5;117m[DEBUG]: [0m is debug flush: 0 | Thread: 2218-09-2026 00:29:34 [38;5;009m[ERROR]: [0mThis is a error message from thread 1 | 2718-09-2026 00:29:34 [38;5;009m[ERROR]: [0mThis is a error message from thread 0 | 2418-09-2026 00:29:34 [38;5;015m[INFO]: [0m is info flush: 1 | Thread: 918-09-2026 00:29:34 [38;5;009m[ERROR]: [0mThis is a error message from thread 1 | 1918-09-2026 00:29:34 [38;5;117m[DEBUG]: [0m is debug flush: 0 | Thread: 2618-09-2026 00:29:34 [38;5;117m[DEBUG]: [0m is debug flush: 0 | Thread: 1918-09-2026 00:29:34 [38;5;015m[INFO]: [0m is info flush: 0 | Thread: 2218-09-2026 00:29:34 [38;5;009m[ERROR]: [0mThis is a error message from thread 0 | 418-09-2026 00:29:34 [38;5;009m[ERROR]: [0mThis is a error message from thread 0 | 1018-09-2026 00:29:34 [38;5;015m[INFO]: [0m is info flush: 0 | Thread: 1918-09-2026 00:29:34 [38;5;009m[ERROR]: [0mThis is a error message from thread 0 | 918-09-2026 00:29:34 [38;5;015m[INFO]: [0m is info flush: 1 | Thread: 2618-09-2026 00:29:34 [38;5;117m[DEBUG]: [0m is debug flush: 1 | Thread: 2718-09-2026 00:29:34 [38;5;009m[ERROR]: [0mThis is a error message from thread 1 | 2218-09-2026 00:29:34 [38;5;015m[INFO]: [0m is info flush: 0 | Thread: 2718-09-2026 00:29:34 [38;5;009m[ERROR]: [0mThis is a error message from thread 1 | 2618-09-2026 00:29:34 [38;5;117m[DEBUG]: [0m is debug flush: 1 | Thread: 1518-09-2026 00:29:34 [38;5;009m[ERROR]: [0mThis is a error message from thread 1 | 1918-09-2026 00:29:34 [38;5;117m[DEBUG]: [0m is debug flush: 1 | Thread: 2518-09-2026 00:29:34 [38;5;117m[DEBUG]: [0m is debug flush: 0 | Thread: 2018-09-2026 00:29:34 [38;5;117m[DEBUG]: [0m is debug flush: 1 | Thread: 418-09-2026 00:29:34 [38;5;015m[INFO]: [0m is info flush: 1 | Thread: 2018-09-2026 00:29:34 [38;5;009m[ERROR]: [0mThis is a error message from thread 0 | 2718-09-2026 00:29:34 [38;5;015m[INFO]: [0m is info flush: 0 | Thread: 1518-09-2026 00:29:34 [38;5;015m[INFO]: [0m is info flush: 0 | Thread: 2518-09-2026 00:29:34 [38;5;117m[DEBUG]: [0m is debug flush: 1 | Thread: 2618-09-2026 00:29:34 [38;5;009m[ERROR]: [0mThis is a error message from thread 1 | 1518-09-2026 00:29:34 [38;5;015m[INFO]: [0m is info flush: 1 | Thread: 418-09-2026 00:29:34 [38;5;009m[ERROR]: [0mThis is a error message from thread 0 | 2518-09-2026 00:29:34 [38;5;015m[INFO]: [0m is info flush: 0 | Thread: 2618-09-2026 00:29:34 [38;5;009m[ERROR]: [0mThis is a error message from thread 0 | 418-09-2026 00:29:34 [38;5;117m[DEBUG]: [0m is debug flush: 0 | Thread: 2518-09-2026 00:29:34 [38;5;009m[ERROR]: [0mThis is a error message from thread 1 | 2018-09-2026 00:29:34 [38;5;015m[INFO]: [0m is info flush: 1 | Thread: 2518-09-2026 00:29:34 [38;5;117m[DEBUG]: [0m is debug flush: 0 | Thread: 2718-09-2026 00:29:34 [38;5;009m[ERROR]: [0mThis is a error message from thread 0 | 2518-09-2026 00:29:34 [38;5;009m[ERROR]: [0mThis is a error message from thread 1 | 2618-09-2026 00:29:34 [38;5;015m[INFO]: [0m is info flush: 0 | Thread: 2718-09-2026 00:29:34 [38;5;009m[ERROR]: [0mThis is a error message from thread 1 | 2718-09-2026 00:29:34 [38;5;117m[DEBUG]: [0m is debug flush: 1 | Thread: 2618-09-2026 00:29:34 [38;5;117m[DEBUG]: [0m is debug flush: 0 | Thread: 2718-09-2026 00:29:34 [38;5;015m[INFO]: [0m is info flush: 1 | Thread: 2618-09-2026 00:29:34 [38;5;015m[INFO]: [0m is info flush: 0 | Thread: 2718-09-2026 00:29:34 [38;5;009m[ERROR]: [0mThis is a error message from thread 1 | 2618-09-2026 00:29:34 [38;5;009m[ERROR]: [0mThis is a error message from thread 0 | 2718-09-2026 00:29:34 [38;5;015m[INFO]: [0mEND